

Container: container_1603959726485_0020_01_000001 on ip-10-0-40-135.ec2.internal_8041
=======================================================================================
LogType:stderr
Log Upload Time:gio ott 29 14:49:07 +0000 2020
LogLength:12188
Log Contents:
SLF4J: Class path contains multiple SLF4J bindings.
SLF4J: Found binding in [jar:file:/mnt/yarn/usercache/hadoop/filecache/63/__spark_libs__3777461792723832680.zip/slf4j-log4j12-1.7.16.jar!/org/slf4j/impl/StaticLoggerBinder.class]
SLF4J: Found binding in [jar:file:/usr/lib/hadoop/lib/slf4j-log4j12-1.7.10.jar!/org/slf4j/impl/StaticLoggerBinder.class]
SLF4J: See http://www.slf4j.org/codes.html#multiple_bindings for an explanation.
SLF4J: Actual binding is of type [org.slf4j.impl.Log4jLoggerFactory]
20/10/29 14:46:53 INFO SignalUtils: Registered signal handler for TERM
20/10/29 14:46:53 INFO SignalUtils: Registered signal handler for HUP
20/10/29 14:46:53 INFO SignalUtils: Registered signal handler for INT
20/10/29 14:46:53 INFO SecurityManager: Changing view acls to: yarn,hadoop
20/10/29 14:46:53 INFO SecurityManager: Changing modify acls to: yarn,hadoop
20/10/29 14:46:53 INFO SecurityManager: Changing view acls groups to: 
20/10/29 14:46:53 INFO SecurityManager: Changing modify acls groups to: 
20/10/29 14:46:53 INFO SecurityManager: SecurityManager: authentication disabled; ui acls disabled; users  with view permissions: Set(yarn, hadoop); groups with view permissions: Set(); users  with modify permissions: Set(yarn, hadoop); groups with modify permissions: Set()
20/10/29 14:46:55 INFO ApplicationMaster: Preparing Local resources
20/10/29 14:46:56 INFO ApplicationMaster: ApplicationAttemptId: appattempt_1603959726485_0020_000001
20/10/29 14:46:56 INFO ApplicationMaster: Starting the user application in a separate Thread
20/10/29 14:46:56 INFO ApplicationMaster: Waiting for spark context initialization...
20/10/29 14:46:56 INFO SparkContext: Running Spark version 2.4.0
20/10/29 14:46:56 INFO SparkContext: Submitted application: SpectralRegressionSpark.py
20/10/29 14:46:56 INFO SecurityManager: Changing view acls to: yarn,hadoop
20/10/29 14:46:56 INFO SecurityManager: Changing modify acls to: yarn,hadoop
20/10/29 14:46:56 INFO SecurityManager: Changing view acls groups to: 
20/10/29 14:46:56 INFO SecurityManager: Changing modify acls groups to: 
20/10/29 14:46:56 INFO SecurityManager: SecurityManager: authentication disabled; ui acls disabled; users  with view permissions: Set(yarn, hadoop); groups with view permissions: Set(); users  with modify permissions: Set(yarn, hadoop); groups with modify permissions: Set()
20/10/29 14:46:57 INFO Utils: Successfully started service 'sparkDriver' on port 37503.
20/10/29 14:46:57 INFO SparkEnv: Registering MapOutputTracker
20/10/29 14:46:57 INFO SparkEnv: Registering BlockManagerMaster
20/10/29 14:46:57 INFO BlockManagerMasterEndpoint: Using org.apache.spark.storage.DefaultTopologyMapper for getting topology information
20/10/29 14:46:57 INFO BlockManagerMasterEndpoint: BlockManagerMasterEndpoint up
20/10/29 14:46:57 INFO DiskBlockManager: Created local directory at /mnt/yarn/usercache/hadoop/appcache/application_1603959726485_0020/blockmgr-b20c72f0-9779-475d-b872-47c0649499ca
20/10/29 14:46:57 INFO MemoryStore: MemoryStore started with capacity 424.4 MB
20/10/29 14:46:57 INFO SparkEnv: Registering OutputCommitCoordinator
20/10/29 14:46:57 INFO JettyUtils: Adding filter org.apache.hadoop.yarn.server.webproxy.amfilter.AmIpFilter to /jobs, /jobs/json, /jobs/job, /jobs/job/json, /stages, /stages/json, /stages/stage, /stages/stage/json, /stages/pool, /stages/pool/json, /storage, /storage/json, /storage/rdd, /storage/rdd/json, /environment, /environment/json, /executors, /executors/json, /executors/threadDump, /executors/threadDump/json, /static, /, /api, /jobs/job/kill, /stages/stage/kill.
20/10/29 14:46:57 INFO Utils: Successfully started service 'SparkUI' on port 40511.
20/10/29 14:46:58 INFO SparkUI: Bound SparkUI to 0.0.0.0, and started at http://ip-10-0-40-135.ec2.internal:40511
20/10/29 14:46:58 INFO YarnClusterScheduler: Created YarnClusterScheduler
20/10/29 14:46:58 INFO SchedulerExtensionServices: Starting Yarn extension services with app application_1603959726485_0020 and attemptId Some(appattempt_1603959726485_0020_000001)
20/10/29 14:46:58 INFO Utils: Using initial executors = 0, max of spark.dynamicAllocation.initialExecutors, spark.dynamicAllocation.minExecutors and spark.executor.instances
20/10/29 14:46:58 INFO Utils: Successfully started service 'org.apache.spark.network.netty.NettyBlockTransferService' on port 36057.
20/10/29 14:46:58 INFO NettyBlockTransferService: Server created on ip-10-0-40-135.ec2.internal:36057
20/10/29 14:46:58 INFO BlockManager: Using org.apache.spark.storage.RandomBlockReplicationPolicy for block replication policy
20/10/29 14:46:58 INFO BlockManagerMaster: Registering BlockManager BlockManagerId(driver, ip-10-0-40-135.ec2.internal, 36057, None)
20/10/29 14:46:58 INFO BlockManagerMasterEndpoint: Registering block manager ip-10-0-40-135.ec2.internal:36057 with 424.4 MB RAM, BlockManagerId(driver, ip-10-0-40-135.ec2.internal, 36057, None)
20/10/29 14:46:58 INFO BlockManagerMaster: Registered BlockManager BlockManagerId(driver, ip-10-0-40-135.ec2.internal, 36057, None)
20/10/29 14:46:58 INFO BlockManager: external shuffle service port = 7337
20/10/29 14:46:58 INFO BlockManager: Initialized BlockManager: BlockManagerId(driver, ip-10-0-40-135.ec2.internal, 36057, None)
20/10/29 14:46:58 INFO JettyUtils: Adding filter org.apache.hadoop.yarn.server.webproxy.amfilter.AmIpFilter to /metrics/json.
20/10/29 14:46:59 INFO EventLoggingListener: Logging events to hdfs:/var/log/spark/apps/application_1603959726485_0020_1
20/10/29 14:46:59 INFO Utils: Using initial executors = 0, max of spark.dynamicAllocation.initialExecutors, spark.dynamicAllocation.minExecutors and spark.executor.instances
20/10/29 14:46:59 WARN YarnSchedulerBackend$YarnSchedulerEndpoint: Attempted to request executors before the AM has registered!
20/10/29 14:46:59 INFO RMProxy: Connecting to ResourceManager at ip-10-0-51-133.ec2.internal/10.0.51.133:8030
20/10/29 14:46:59 INFO YarnRMClient: Registering the ApplicationMaster
20/10/29 14:46:59 INFO ApplicationMaster: 
===============================================================================
YARN executor launch context:
  env:
    CLASSPATH -> /usr/lib/hadoop-lzo/lib/*:/usr/lib/hadoop/hadoop-aws.jar:/usr/share/aws/aws-java-sdk/*:/usr/share/aws/emr/emrfs/conf:/usr/share/aws/emr/emrfs/lib/*:/usr/share/aws/emr/emrfs/auxlib/*:/usr/share/aws/emr/goodies/lib/emr-spark-goodies.jar:/usr/share/aws/emr/security/conf:/usr/share/aws/emr/security/lib/*:/usr/share/aws/hmclient/lib/aws-glue-datacatalog-spark-client.jar:/usr/share/java/Hive-JSON-Serde/hive-openx-serde.jar:/usr/share/aws/sagemaker-spark-sdk/lib/sagemaker-spark-sdk.jar:/usr/share/aws/emr/s3select/lib/emr-s3-select-spark-connector.jar<CPS>{{PWD}}<CPS>{{PWD}}/__spark_conf__<CPS>{{PWD}}/__spark_libs__/*<CPS>$HADOOP_CONF_DIR<CPS>$HADOOP_COMMON_HOME/*<CPS>$HADOOP_COMMON_HOME/lib/*<CPS>$HADOOP_HDFS_HOME/*<CPS>$HADOOP_HDFS_HOME/lib/*<CPS>$HADOOP_MAPRED_HOME/*<CPS>$HADOOP_MAPRED_HOME/lib/*<CPS>$HADOOP_YARN_HOME/*<CPS>$HADOOP_YARN_HOME/lib/*<CPS>/usr/lib/hadoop-lzo/lib/*<CPS>/usr/share/aws/emr/emrfs/conf<CPS>/usr/share/aws/emr/emrfs/lib/*<CPS>/usr/share/aws/emr/emrfs/auxlib/*<CPS>/usr/share/aws/emr/lib/*<CPS>/usr/share/aws/emr/ddb/lib/emr-ddb-hadoop.jar<CPS>/usr/share/aws/emr/goodies/lib/emr-hadoop-goodies.jar<CPS>/usr/share/aws/emr/cloudwatch-sink/lib/*<CPS>/usr/share/aws/aws-java-sdk/*<CPS>$HADOOP_MAPRED_HOME/share/hadoop/mapreduce/*<CPS>$HADOOP_MAPRED_HOME/share/hadoop/mapreduce/lib/*<CPS>/usr/lib/hadoop-lzo/lib/*<CPS>/usr/share/aws/emr/emrfs/conf<CPS>/usr/share/aws/emr/emrfs/lib/*<CPS>/usr/share/aws/emr/emrfs/auxlib/*<CPS>/usr/share/aws/emr/lib/*<CPS>/usr/share/aws/emr/ddb/lib/emr-ddb-hadoop.jar<CPS>/usr/share/aws/emr/goodies/lib/emr-hadoop-goodies.jar<CPS>/usr/share/aws/emr/cloudwatch-sink/lib/*<CPS>/usr/share/aws/aws-java-sdk/*<CPS>{{PWD}}/__spark_conf__/__hadoop_conf__
    SPARK_YARN_STAGING_DIR -> hdfs://ip-10-0-51-133.ec2.internal:8020/user/hadoop/.sparkStaging/application_1603959726485_0020
    SPARK_USER -> hadoop
    PYTHONPATH -> {{PWD}}/pyspark.zip<CPS>{{PWD}}/py4j-0.10.7-src.zip
    SPARK_PUBLIC_DNS -> ip-10-0-40-135.ec2.internal

  command:
    LD_LIBRARY_PATH=\"/usr/lib/hadoop/lib/native:/usr/lib/hadoop-lzo/lib/native:$LD_LIBRARY_PATH\" \ 
      {{JAVA_HOME}}/bin/java \ 
      -server \ 
      -Xmx1024m \ 
      '-verbose:gc' \ 
      '-XX:+PrintGCDetails' \ 
      '-XX:+PrintGCDateStamps' \ 
      '-XX:+UseConcMarkSweepGC' \ 
      '-XX:CMSInitiatingOccupancyFraction=70' \ 
      '-XX:MaxHeapFreeRatio=70' \ 
      '-XX:+CMSClassUnloadingEnabled' \ 
      '-XX:OnOutOfMemoryError=kill -9 %p' \ 
      -Djava.io.tmpdir={{PWD}}/tmp \ 
      '-Dspark.history.ui.port=18080' \ 
      '-Dspark.driver.port=37503' \ 
      '-Dspark.ui.port=0' \ 
      -Dspark.yarn.app.container.log.dir=<LOG_DIR> \ 
      org.apache.spark.executor.CoarseGrainedExecutorBackend \ 
      --driver-url \ 
      spark://CoarseGrainedScheduler@ip-10-0-40-135.ec2.internal:37503 \ 
      --executor-id \ 
      <executorId> \ 
      --hostname \ 
      <hostname> \ 
      --cores \ 
      2 \ 
      --app-id \ 
      application_1603959726485_0020 \ 
      --user-class-path \ 
      file:$PWD/__app__.jar \ 
      1><LOG_DIR>/stdout \ 
      2><LOG_DIR>/stderr

  resources:
    pyspark.zip -> resource { scheme: "hdfs" host: "ip-10-0-51-133.ec2.internal" port: 8020 file: "/user/hadoop/.sparkStaging/application_1603959726485_0020/pyspark.zip" } size: 589684 timestamp: 1603982808120 type: FILE visibility: PRIVATE
    py4j-0.10.7-src.zip -> resource { scheme: "hdfs" host: "ip-10-0-51-133.ec2.internal" port: 8020 file: "/user/hadoop/.sparkStaging/application_1603959726485_0020/py4j-0.10.7-src.zip" } size: 42437 timestamp: 1603982808141 type: FILE visibility: PRIVATE
    __spark_libs__ -> resource { scheme: "hdfs" host: "ip-10-0-51-133.ec2.internal" port: 8020 file: "/user/hadoop/.sparkStaging/application_1603959726485_0020/__spark_libs__3777461792723832680.zip" } size: 229091301 timestamp: 1603982807934 type: ARCHIVE visibility: PRIVATE
    __spark_conf__ -> resource { scheme: "hdfs" host: "ip-10-0-51-133.ec2.internal" port: 8020 file: "/user/hadoop/.sparkStaging/application_1603959726485_0020/__spark_conf__.zip" } size: 210445 timestamp: 1603982808323 type: ARCHIVE visibility: PRIVATE

===============================================================================
20/10/29 14:46:59 INFO Utils: Using initial executors = 0, max of spark.dynamicAllocation.initialExecutors, spark.dynamicAllocation.minExecutors and spark.executor.instances
20/10/29 14:46:59 INFO YarnSchedulerBackend$YarnSchedulerEndpoint: ApplicationMaster registered as NettyRpcEndpointRef(spark://YarnAM@ip-10-0-40-135.ec2.internal:37503)
20/10/29 14:46:59 INFO ApplicationMaster: Started progress reporter thread with (heartbeat : 3000, initial allocation : 200) intervals
20/10/29 14:46:59 INFO YarnClusterSchedulerBackend: SchedulerBackend is ready for scheduling beginning after reached minRegisteredResourcesRatio: 0.8
20/10/29 14:46:59 INFO YarnClusterScheduler: YarnClusterScheduler.postStartHook done
20/10/29 14:47:00 INFO SharedState: loading hive config file: file:/mnt/yarn/usercache/hadoop/filecache/64/__spark_conf__.zip/__hadoop_conf__/hive-site.xml
20/10/29 14:47:00 INFO SharedState: Setting hive.metastore.warehouse.dir ('null') to the value of spark.sql.warehouse.dir ('hdfs:///user/spark/warehouse').
20/10/29 14:47:00 INFO SharedState: Warehouse path is 'hdfs:///user/spark/warehouse'.
20/10/29 14:47:00 INFO JettyUtils: Adding filter org.apache.hadoop.yarn.server.webproxy.amfilter.AmIpFilter to /SQL.
20/10/29 14:47:00 INFO JettyUtils: Adding filter org.apache.hadoop.yarn.server.webproxy.amfilter.AmIpFilter to /SQL/json.
20/10/29 14:47:00 INFO JettyUtils: Adding filter org.apache.hadoop.yarn.server.webproxy.amfilter.AmIpFilter to /SQL/execution.
20/10/29 14:47:00 INFO JettyUtils: Adding filter org.apache.hadoop.yarn.server.webproxy.amfilter.AmIpFilter to /SQL/execution/json.
20/10/29 14:47:00 INFO JettyUtils: Adding filter org.apache.hadoop.yarn.server.webproxy.amfilter.AmIpFilter to /static/sql.
20/10/29 14:47:00 INFO StateStoreCoordinatorRef: Registered StateStoreCoordinator endpoint
End of LogType:stderr

LogType:stdout
Log Upload Time:gio ott 29 14:49:07 +0000 2020
LogLength:1505
Log Contents:



 *******



 BEGIN



 *******



s3://spectral-regression-spark-bucket/spectral_data_class.csv
Loading DataFrame from file...

Schema of original DataFrame:
root
 |-- spectroFlux_u: double (nullable = true)
 |-- spectroFlux_g: double (nullable = true)
 |-- spectroFlux_r: double (nullable = true)
 |-- spectroFlux_i: double (nullable = true)
 |-- spectroFlux_z: double (nullable = true)
 |-- source_class: string (nullable = true)
 |-- redshift: double (nullable = true)


Schema of DataFrame with differences between spectral classes:
root
 |-- source_class: string (nullable = true)
 |-- redshift: double (nullable = true)
 |-- u_g: double (nullable = true)
 |-- g_r: double (nullable = true)
 |-- r_i: double (nullable = true)
 |-- i_z: double (nullable = true)


Schema of DataFrame without old columns:
root
 |-- source_class: string (nullable = true)
 |-- redshift: double (nullable = true)
 |-- features: vector (nullable = true)


Schema of DataFrame ready for regression models:
root
 |-- redshift: double (nullable = true)
 |-- features: vector (nullable = true)


Training Linear Regressor on training data...
...done.


Evaluating model on test data...


Evaluating model on STAR test data...


Evaluating model on QSO test data...


Root Mean Squared Error (RMSE) on test data = 1.1973710686

Root Mean Squared Error (RMSE) on STAR test data = 0.913455973588
Root Mean Squared Error (RMSE) on QSO test data = 1.41409748621


Time elapsed: 91.7856771946



 *******



 END



 *******



End of LogType:stdout



Container: container_1603959726485_0020_01_000002 on ip-10-0-45-238.ec2.internal_8041
=======================================================================================
LogType:stderr
Log Upload Time:gio ott 29 14:49:06 +0000 2020
LogLength:20232
Log Contents:
SLF4J: Class path contains multiple SLF4J bindings.
SLF4J: Found binding in [jar:file:/mnt/yarn/usercache/hadoop/filecache/80/__spark_libs__3777461792723832680.zip/slf4j-log4j12-1.7.16.jar!/org/slf4j/impl/StaticLoggerBinder.class]
SLF4J: Found binding in [jar:file:/usr/lib/hadoop/lib/slf4j-log4j12-1.7.10.jar!/org/slf4j/impl/StaticLoggerBinder.class]
SLF4J: See http://www.slf4j.org/codes.html#multiple_bindings for an explanation.
SLF4J: Actual binding is of type [org.slf4j.impl.Log4jLoggerFactory]
20/10/29 14:47:15 INFO CoarseGrainedExecutorBackend: Started daemon with process name: 20286@ip-10-0-45-238
20/10/29 14:47:15 INFO SignalUtils: Registered signal handler for TERM
20/10/29 14:47:15 INFO SignalUtils: Registered signal handler for HUP
20/10/29 14:47:15 INFO SignalUtils: Registered signal handler for INT
20/10/29 14:47:16 INFO SecurityManager: Changing view acls to: yarn,hadoop
20/10/29 14:47:16 INFO SecurityManager: Changing modify acls to: yarn,hadoop
20/10/29 14:47:16 INFO SecurityManager: Changing view acls groups to: 
20/10/29 14:47:16 INFO SecurityManager: Changing modify acls groups to: 
20/10/29 14:47:16 INFO SecurityManager: SecurityManager: authentication disabled; ui acls disabled; users  with view permissions: Set(yarn, hadoop); groups with view permissions: Set(); users  with modify permissions: Set(yarn, hadoop); groups with modify permissions: Set()
20/10/29 14:47:17 INFO TransportClientFactory: Successfully created connection to ip-10-0-40-135.ec2.internal/10.0.40.135:37503 after 106 ms (0 ms spent in bootstraps)
20/10/29 14:47:17 INFO SecurityManager: Changing view acls to: yarn,hadoop
20/10/29 14:47:17 INFO SecurityManager: Changing modify acls to: yarn,hadoop
20/10/29 14:47:17 INFO SecurityManager: Changing view acls groups to: 
20/10/29 14:47:17 INFO SecurityManager: Changing modify acls groups to: 
20/10/29 14:47:17 INFO SecurityManager: SecurityManager: authentication disabled; ui acls disabled; users  with view permissions: Set(yarn, hadoop); groups with view permissions: Set(); users  with modify permissions: Set(yarn, hadoop); groups with modify permissions: Set()
20/10/29 14:47:17 INFO TransportClientFactory: Successfully created connection to ip-10-0-40-135.ec2.internal/10.0.40.135:37503 after 8 ms (0 ms spent in bootstraps)
20/10/29 14:47:17 INFO DiskBlockManager: Created local directory at /mnt/yarn/usercache/hadoop/appcache/application_1603959726485_0020/blockmgr-5abd7cd4-25da-41a9-8edb-2bd5ebcacfb2
20/10/29 14:47:17 INFO MemoryStore: MemoryStore started with capacity 424.4 MB
20/10/29 14:47:18 INFO CoarseGrainedExecutorBackend: Connecting to driver: spark://CoarseGrainedScheduler@ip-10-0-40-135.ec2.internal:37503
20/10/29 14:47:18 INFO CoarseGrainedExecutorBackend: Successfully registered with driver
20/10/29 14:47:18 INFO Executor: Starting executor ID 1 on host ip-10-0-45-238.ec2.internal
20/10/29 14:47:18 INFO Utils: Successfully started service 'org.apache.spark.network.netty.NettyBlockTransferService' on port 43367.
20/10/29 14:47:18 INFO NettyBlockTransferService: Server created on ip-10-0-45-238.ec2.internal:43367
20/10/29 14:47:18 INFO BlockManager: Using org.apache.spark.storage.RandomBlockReplicationPolicy for block replication policy
20/10/29 14:47:18 INFO BlockManagerMaster: Registering BlockManager BlockManagerId(1, ip-10-0-45-238.ec2.internal, 43367, None)
20/10/29 14:47:18 INFO BlockManagerMaster: Registered BlockManager BlockManagerId(1, ip-10-0-45-238.ec2.internal, 43367, None)
20/10/29 14:47:18 INFO BlockManager: external shuffle service port = 7337
20/10/29 14:47:18 INFO BlockManager: Registering executor with local external shuffle service.
20/10/29 14:47:18 INFO TransportClientFactory: Successfully created connection to ip-10-0-45-238.ec2.internal/10.0.45.238:7337 after 2 ms (0 ms spent in bootstraps)
20/10/29 14:47:18 INFO BlockManager: Initialized BlockManager: BlockManagerId(1, ip-10-0-45-238.ec2.internal, 43367, None)
20/10/29 14:47:18 INFO CoarseGrainedExecutorBackend: Got assigned task 0
20/10/29 14:47:18 INFO Executor: Running task 0.0 in stage 0.0 (TID 0)
20/10/29 14:47:18 INFO TorrentBroadcast: Started reading broadcast variable 1
20/10/29 14:47:18 INFO TransportClientFactory: Successfully created connection to ip-10-0-40-135.ec2.internal/10.0.40.135:36057 after 30 ms (0 ms spent in bootstraps)
20/10/29 14:47:18 INFO MemoryStore: Block broadcast_1_piece0 stored as bytes in memory (estimated size 15.8 KB, free 424.4 MB)
20/10/29 14:47:18 INFO TorrentBroadcast: Reading broadcast variable 1 took 239 ms
20/10/29 14:47:18 INFO MemoryStore: Block broadcast_1 stored as values in memory (estimated size 40.3 KB, free 424.4 MB)
20/10/29 14:47:19 INFO CodeGenerator: Code generated in 405.078888 ms
20/10/29 14:47:20 INFO CodeGenerator: Code generated in 84.50692 ms
20/10/29 14:47:20 INFO CodeGenerator: Code generated in 39.30375 ms
20/10/29 14:47:20 INFO FileScanRDD: Reading File path: s3://spectral-regression-spark-bucket/spectral_data_class.csv, range: 0-134217728, partition values: [empty row]
20/10/29 14:47:20 INFO CodeGenerator: Code generated in 16.99869 ms
20/10/29 14:47:20 INFO TorrentBroadcast: Started reading broadcast variable 0
20/10/29 14:47:20 INFO MemoryStore: Block broadcast_0_piece0 stored as bytes in memory (estimated size 36.7 KB, free 424.3 MB)
20/10/29 14:47:20 INFO TorrentBroadcast: Reading broadcast variable 0 took 11 ms
20/10/29 14:47:20 INFO MemoryStore: Block broadcast_0 stored as values in memory (estimated size 576.5 KB, free 423.7 MB)
20/10/29 14:47:23 INFO S3NativeFileSystem: Opening 's3://spectral-regression-spark-bucket/spectral_data_class.csv' for reading
20/10/29 14:47:23 INFO GPLNativeCodeLoader: Loaded native gpl library
20/10/29 14:47:23 INFO LzoCodec: Successfully loaded & initialized native-lzo library [hadoop-lzo rev 1546b8dc0ca6f1ffd26a812d52bd7b80915e0a25]
20/10/29 14:47:33 INFO Executor: Finished task 0.0 in stage 0.0 (TID 0). 1984 bytes result sent to driver
20/10/29 14:47:34 INFO CoarseGrainedExecutorBackend: Got assigned task 1
20/10/29 14:47:34 INFO CoarseGrainedExecutorBackend: Got assigned task 2
20/10/29 14:47:34 INFO Executor: Running task 0.0 in stage 1.0 (TID 1)
20/10/29 14:47:34 INFO Executor: Running task 1.0 in stage 1.0 (TID 2)
20/10/29 14:47:34 INFO TorrentBroadcast: Started reading broadcast variable 4
20/10/29 14:47:34 INFO MemoryStore: Block broadcast_4_piece0 stored as bytes in memory (estimated size 17.1 KB, free 423.8 MB)
20/10/29 14:47:34 INFO TorrentBroadcast: Reading broadcast variable 4 took 12 ms
20/10/29 14:47:34 INFO MemoryStore: Block broadcast_4 stored as values in memory (estimated size 43.4 KB, free 423.7 MB)
20/10/29 14:47:34 INFO CodeGenerator: Code generated in 134.224731 ms
20/10/29 14:47:36 INFO CodeGenerator: Code generated in 27.804887 ms
20/10/29 14:47:36 INFO FileScanRDD: Reading File path: s3://spectral-regression-spark-bucket/spectral_data_class.csv, range: 0-134217728, partition values: [empty row]
20/10/29 14:47:36 INFO FileScanRDD: Reading File path: s3://spectral-regression-spark-bucket/spectral_data_class.csv, range: 134217728-268435456, partition values: [empty row]
20/10/29 14:47:36 INFO TorrentBroadcast: Started reading broadcast variable 2
20/10/29 14:47:36 INFO MemoryStore: Block broadcast_2_piece0 stored as bytes in memory (estimated size 36.7 KB, free 423.6 MB)
20/10/29 14:47:36 INFO TorrentBroadcast: Reading broadcast variable 2 took 14 ms
20/10/29 14:47:36 INFO MemoryStore: Block broadcast_2 stored as values in memory (estimated size 576.5 KB, free 423.0 MB)
20/10/29 14:47:36 INFO S3NativeFileSystem: Opening 's3://spectral-regression-spark-bucket/spectral_data_class.csv' for reading
20/10/29 14:47:36 INFO S3NativeFileSystem: Opening 's3://spectral-regression-spark-bucket/spectral_data_class.csv' for reading
20/10/29 14:47:52 INFO JniLoader: successfully loaded /mnt/yarn/usercache/hadoop/appcache/application_1603959726485_0020/container_1603959726485_0020_01_000002/tmp/jniloader4331346609164873431netlib-native_system-linux-x86_64.so
20/10/29 14:47:54 INFO Executor: Finished task 0.0 in stage 1.0 (TID 1). 2418 bytes result sent to driver
20/10/29 14:47:54 INFO Executor: Finished task 1.0 in stage 1.0 (TID 2). 2375 bytes result sent to driver
20/10/29 14:47:56 INFO CoarseGrainedExecutorBackend: Got assigned task 5
20/10/29 14:47:56 INFO Executor: Running task 1.0 in stage 2.0 (TID 5)
20/10/29 14:47:56 INFO CoarseGrainedExecutorBackend: Got assigned task 7
20/10/29 14:47:56 INFO Executor: Running task 3.0 in stage 2.0 (TID 7)
20/10/29 14:47:56 INFO TorrentBroadcast: Started reading broadcast variable 6
20/10/29 14:47:56 INFO MemoryStore: Block broadcast_6_piece0 stored as bytes in memory (estimated size 18.7 KB, free 423.2 MB)
20/10/29 14:47:56 INFO TorrentBroadcast: Reading broadcast variable 6 took 12 ms
20/10/29 14:47:56 INFO MemoryStore: Block broadcast_6 stored as values in memory (estimated size 44.9 KB, free 423.1 MB)
20/10/29 14:47:56 INFO CodeGenerator: Code generated in 64.322216 ms
20/10/29 14:47:56 INFO CodeGenerator: Code generated in 22.967556 ms
20/10/29 14:47:56 INFO FileScanRDD: Reading File path: s3://spectral-regression-spark-bucket/spectral_data_class.csv, range: 242403489-319010350, partition values: [empty row]
20/10/29 14:47:56 INFO TorrentBroadcast: Started reading broadcast variable 5
20/10/29 14:47:56 INFO FileScanRDD: Reading File path: s3://spectral-regression-spark-bucket/spectral_data_class.csv, range: 80801163-161602326, partition values: [empty row]
20/10/29 14:47:56 INFO MemoryStore: Block broadcast_5_piece0 stored as bytes in memory (estimated size 36.7 KB, free 422.9 MB)
20/10/29 14:47:56 INFO TorrentBroadcast: Reading broadcast variable 5 took 12 ms
20/10/29 14:47:56 INFO MemoryStore: Block broadcast_5 stored as values in memory (estimated size 576.5 KB, free 422.4 MB)
20/10/29 14:47:56 INFO S3NativeFileSystem: Opening 's3://spectral-regression-spark-bucket/spectral_data_class.csv' for reading
20/10/29 14:47:56 INFO S3NativeFileSystem: Opening 's3://spectral-regression-spark-bucket/spectral_data_class.csv' for reading
20/10/29 14:48:06 INFO Executor: Finished task 1.0 in stage 2.0 (TID 5). 2405 bytes result sent to driver
20/10/29 14:48:06 INFO Executor: Finished task 3.0 in stage 2.0 (TID 7). 2448 bytes result sent to driver
20/10/29 14:48:07 INFO CoarseGrainedExecutorBackend: Got assigned task 8
20/10/29 14:48:07 INFO CoarseGrainedExecutorBackend: Got assigned task 10
20/10/29 14:48:07 INFO Executor: Running task 0.0 in stage 3.0 (TID 8)
20/10/29 14:48:07 INFO Executor: Running task 2.0 in stage 3.0 (TID 10)
20/10/29 14:48:07 INFO TorrentBroadcast: Started reading broadcast variable 7
20/10/29 14:48:07 INFO MemoryStore: Block broadcast_7_piece0 stored as bytes in memory (estimated size 18.5 KB, free 422.5 MB)
20/10/29 14:48:07 INFO TorrentBroadcast: Reading broadcast variable 7 took 12 ms
20/10/29 14:48:07 INFO MemoryStore: Block broadcast_7 stored as values in memory (estimated size 44.1 KB, free 422.5 MB)
20/10/29 14:48:07 INFO FileScanRDD: Reading File path: s3://spectral-regression-spark-bucket/spectral_data_class.csv, range: 0-80801163, partition values: [empty row]
20/10/29 14:48:07 INFO FileScanRDD: Reading File path: s3://spectral-regression-spark-bucket/spectral_data_class.csv, range: 161602326-242403489, partition values: [empty row]
20/10/29 14:48:07 INFO S3NativeFileSystem: Opening 's3://spectral-regression-spark-bucket/spectral_data_class.csv' for reading
20/10/29 14:48:07 INFO S3NativeFileSystem: Opening 's3://spectral-regression-spark-bucket/spectral_data_class.csv' for reading
20/10/29 14:48:17 INFO Executor: Finished task 2.0 in stage 3.0 (TID 10). 1922 bytes result sent to driver
20/10/29 14:48:17 INFO Executor: Finished task 0.0 in stage 3.0 (TID 8). 1922 bytes result sent to driver
20/10/29 14:48:18 INFO CoarseGrainedExecutorBackend: Got assigned task 12
20/10/29 14:48:18 INFO Executor: Running task 0.0 in stage 4.0 (TID 12)
20/10/29 14:48:18 INFO TorrentBroadcast: Started reading broadcast variable 9
20/10/29 14:48:18 INFO CoarseGrainedExecutorBackend: Got assigned task 14
20/10/29 14:48:18 INFO Executor: Running task 2.0 in stage 4.0 (TID 14)
20/10/29 14:48:18 INFO MemoryStore: Block broadcast_9_piece0 stored as bytes in memory (estimated size 17.1 KB, free 423.2 MB)
20/10/29 14:48:18 INFO TorrentBroadcast: Reading broadcast variable 9 took 13 ms
20/10/29 14:48:18 INFO MemoryStore: Block broadcast_9 stored as values in memory (estimated size 40.0 KB, free 423.2 MB)
20/10/29 14:48:18 INFO CodeGenerator: Code generated in 56.941042 ms
20/10/29 14:48:18 INFO FileScanRDD: Reading File path: s3://spectral-regression-spark-bucket/spectral_data_class.csv, range: 0-80801163, partition values: [empty row]
20/10/29 14:48:18 INFO FileScanRDD: Reading File path: s3://spectral-regression-spark-bucket/spectral_data_class.csv, range: 161602326-242403489, partition values: [empty row]
20/10/29 14:48:18 INFO TorrentBroadcast: Started reading broadcast variable 8
20/10/29 14:48:18 INFO MemoryStore: Block broadcast_8_piece0 stored as bytes in memory (estimated size 36.7 KB, free 423.0 MB)
20/10/29 14:48:18 INFO TorrentBroadcast: Reading broadcast variable 8 took 13 ms
20/10/29 14:48:18 INFO MemoryStore: Block broadcast_8 stored as values in memory (estimated size 576.5 KB, free 422.4 MB)
20/10/29 14:48:18 INFO S3NativeFileSystem: Opening 's3://spectral-regression-spark-bucket/spectral_data_class.csv' for reading
20/10/29 14:48:18 INFO S3NativeFileSystem: Opening 's3://spectral-regression-spark-bucket/spectral_data_class.csv' for reading
20/10/29 14:48:27 INFO Executor: Finished task 2.0 in stage 4.0 (TID 14). 2651 bytes result sent to driver
20/10/29 14:48:28 INFO Executor: Finished task 0.0 in stage 4.0 (TID 12). 2608 bytes result sent to driver
20/10/29 14:48:28 INFO CoarseGrainedExecutorBackend: Got assigned task 17
20/10/29 14:48:28 INFO CoarseGrainedExecutorBackend: Got assigned task 19
20/10/29 14:48:28 INFO Executor: Running task 0.0 in stage 6.0 (TID 17)
20/10/29 14:48:28 INFO Executor: Running task 2.0 in stage 6.0 (TID 19)
20/10/29 14:48:28 INFO MapOutputTrackerWorker: Updating epoch to 1 and clearing cache
20/10/29 14:48:28 INFO TorrentBroadcast: Started reading broadcast variable 12
20/10/29 14:48:28 INFO MemoryStore: Block broadcast_12_piece0 stored as bytes in memory (estimated size 19.1 KB, free 422.6 MB)
20/10/29 14:48:28 INFO TorrentBroadcast: Reading broadcast variable 12 took 8 ms
20/10/29 14:48:28 INFO MemoryStore: Block broadcast_12 stored as values in memory (estimated size 45.6 KB, free 422.6 MB)
20/10/29 14:48:28 INFO CodeGenerator: Code generated in 92.609463 ms
20/10/29 14:48:28 INFO FileScanRDD: Reading File path: s3://spectral-regression-spark-bucket/spectral_data_class.csv, range: 0-80801163, partition values: [empty row]
20/10/29 14:48:28 INFO FileScanRDD: Reading File path: s3://spectral-regression-spark-bucket/spectral_data_class.csv, range: 161602326-242403489, partition values: [empty row]
20/10/29 14:48:28 INFO TorrentBroadcast: Started reading broadcast variable 11
20/10/29 14:48:28 INFO MemoryStore: Block broadcast_11_piece0 stored as bytes in memory (estimated size 36.7 KB, free 422.4 MB)
20/10/29 14:48:28 INFO TorrentBroadcast: Reading broadcast variable 11 took 12 ms
20/10/29 14:48:28 INFO MemoryStore: Block broadcast_11 stored as values in memory (estimated size 576.5 KB, free 421.8 MB)
20/10/29 14:48:29 INFO S3NativeFileSystem: Opening 's3://spectral-regression-spark-bucket/spectral_data_class.csv' for reading
20/10/29 14:48:29 INFO S3NativeFileSystem: Opening 's3://spectral-regression-spark-bucket/spectral_data_class.csv' for reading
20/10/29 14:48:38 INFO Executor: Finished task 0.0 in stage 6.0 (TID 17). 2405 bytes result sent to driver
20/10/29 14:48:38 INFO Executor: Finished task 2.0 in stage 6.0 (TID 19). 2448 bytes result sent to driver
20/10/29 14:48:39 INFO CoarseGrainedExecutorBackend: Got assigned task 22
20/10/29 14:48:39 INFO Executor: Running task 1.0 in stage 7.0 (TID 22)
20/10/29 14:48:39 INFO CoarseGrainedExecutorBackend: Got assigned task 24
20/10/29 14:48:39 INFO TorrentBroadcast: Started reading broadcast variable 14
20/10/29 14:48:39 INFO Executor: Running task 3.0 in stage 7.0 (TID 24)
20/10/29 14:48:39 INFO MemoryStore: Block broadcast_14_piece0 stored as bytes in memory (estimated size 19.9 KB, free 422.6 MB)
20/10/29 14:48:39 INFO TorrentBroadcast: Reading broadcast variable 14 took 12 ms
20/10/29 14:48:39 INFO MemoryStore: Block broadcast_14 stored as values in memory (estimated size 49.1 KB, free 422.6 MB)
20/10/29 14:48:39 INFO CodeGenerator: Code generated in 73.756591 ms
20/10/29 14:48:39 INFO FileScanRDD: Reading File path: s3://spectral-regression-spark-bucket/spectral_data_class.csv, range: 80801163-161602326, partition values: [empty row]
20/10/29 14:48:39 INFO FileScanRDD: Reading File path: s3://spectral-regression-spark-bucket/spectral_data_class.csv, range: 242403489-319010350, partition values: [empty row]
20/10/29 14:48:39 INFO TorrentBroadcast: Started reading broadcast variable 13
20/10/29 14:48:39 INFO TransportClientFactory: Successfully created connection to ip-10-0-47-24.ec2.internal/10.0.47.24:36617 after 1 ms (0 ms spent in bootstraps)
20/10/29 14:48:39 INFO MemoryStore: Block broadcast_13_piece0 stored as bytes in memory (estimated size 36.7 KB, free 422.4 MB)
20/10/29 14:48:39 INFO TorrentBroadcast: Reading broadcast variable 13 took 84 ms
20/10/29 14:48:39 INFO MemoryStore: Block broadcast_13 stored as values in memory (estimated size 576.5 KB, free 421.8 MB)
20/10/29 14:48:39 INFO S3NativeFileSystem: Opening 's3://spectral-regression-spark-bucket/spectral_data_class.csv' for reading
20/10/29 14:48:39 INFO S3NativeFileSystem: Opening 's3://spectral-regression-spark-bucket/spectral_data_class.csv' for reading
20/10/29 14:48:49 INFO Executor: Finished task 3.0 in stage 7.0 (TID 24). 2467 bytes result sent to driver
20/10/29 14:48:49 INFO Executor: Finished task 1.0 in stage 7.0 (TID 22). 2510 bytes result sent to driver
20/10/29 14:48:50 INFO CoarseGrainedExecutorBackend: Got assigned task 25
20/10/29 14:48:50 INFO CoarseGrainedExecutorBackend: Got assigned task 27
20/10/29 14:48:50 INFO Executor: Running task 0.0 in stage 8.0 (TID 25)
20/10/29 14:48:50 INFO Executor: Running task 2.0 in stage 8.0 (TID 27)
20/10/29 14:48:50 INFO TorrentBroadcast: Started reading broadcast variable 16
20/10/29 14:48:50 INFO MemoryStore: Block broadcast_16_piece0 stored as bytes in memory (estimated size 19.9 KB, free 421.9 MB)
20/10/29 14:48:50 INFO TorrentBroadcast: Reading broadcast variable 16 took 8 ms
20/10/29 14:48:50 INFO MemoryStore: Block broadcast_16 stored as values in memory (estimated size 49.1 KB, free 421.9 MB)
20/10/29 14:48:50 INFO FileScanRDD: Reading File path: s3://spectral-regression-spark-bucket/spectral_data_class.csv, range: 0-80801163, partition values: [empty row]
20/10/29 14:48:50 INFO TorrentBroadcast: Started reading broadcast variable 15
20/10/29 14:48:50 INFO FileScanRDD: Reading File path: s3://spectral-regression-spark-bucket/spectral_data_class.csv, range: 161602326-242403489, partition values: [empty row]
20/10/29 14:48:50 INFO MemoryStore: Block broadcast_15_piece0 stored as bytes in memory (estimated size 36.7 KB, free 421.7 MB)
20/10/29 14:48:50 INFO TorrentBroadcast: Reading broadcast variable 15 took 21 ms
20/10/29 14:48:50 INFO MemoryStore: Block broadcast_15 stored as values in memory (estimated size 576.5 KB, free 421.2 MB)
20/10/29 14:48:50 INFO S3NativeFileSystem: Opening 's3://spectral-regression-spark-bucket/spectral_data_class.csv' for reading
20/10/29 14:48:50 INFO S3NativeFileSystem: Opening 's3://spectral-regression-spark-bucket/spectral_data_class.csv' for reading
20/10/29 14:48:59 INFO Executor: Finished task 2.0 in stage 8.0 (TID 27). 2467 bytes result sent to driver
20/10/29 14:48:59 INFO Executor: Finished task 0.0 in stage 8.0 (TID 25). 2467 bytes result sent to driver
20/10/29 14:49:05 INFO CoarseGrainedExecutorBackend: Driver commanded a shutdown
20/10/29 14:49:05 INFO MemoryStore: MemoryStore cleared
20/10/29 14:49:05 INFO BlockManager: BlockManager stopped
20/10/29 14:49:05 INFO ShutdownHookManager: Shutdown hook called
End of LogType:stderr

LogType:stdout
Log Upload Time:gio ott 29 14:49:06 +0000 2020
LogLength:926798
Log Contents:
2020-10-29T14:47:14.863+0000: [GC (Allocation Failure) 2020-10-29T14:47:14.863+0000: [ParNew: 16384K->2048K(18432K), 0.0049577 secs] 16384K->2383K(59392K), 0.0050496 secs] [Times: user=0.01 sys=0.00, real=0.01 secs] 
2020-10-29T14:47:14.991+0000: [GC (Allocation Failure) 2020-10-29T14:47:14.991+0000: [ParNew: 18432K->1942K(18432K), 0.0072945 secs] 18767K->3630K(59392K), 0.0073477 secs] [Times: user=0.01 sys=0.00, real=0.01 secs] 
2020-10-29T14:47:15.136+0000: [GC (Allocation Failure) 2020-10-29T14:47:15.136+0000: [ParNew: 18326K->1457K(18432K), 0.0016232 secs] 20014K->3146K(59392K), 0.0016755 secs] [Times: user=0.00 sys=0.00, real=0.00 secs] 
2020-10-29T14:47:15.318+0000: [GC (Allocation Failure) 2020-10-29T14:47:15.318+0000: [ParNew: 17841K->1959K(18432K), 0.0054120 secs] 19530K->4028K(59392K), 0.0054714 secs] [Times: user=0.01 sys=0.00, real=0.00 secs] 
2020-10-29T14:47:15.465+0000: [GC (Allocation Failure) 2020-10-29T14:47:15.465+0000: [ParNew: 18343K->1189K(18432K), 0.0046481 secs] 20412K->3801K(59392K), 0.0047069 secs] [Times: user=0.01 sys=0.00, real=0.01 secs] 
2020-10-29T14:47:15.605+0000: [GC (Allocation Failure) 2020-10-29T14:47:15.605+0000: [ParNew: 17573K->1743K(18432K), 0.0022019 secs] 20185K->4354K(59392K), 0.0022605 secs] [Times: user=0.01 sys=0.00, real=0.01 secs] 
2020-10-29T14:47:15.695+0000: [GC (Allocation Failure) 2020-10-29T14:47:15.695+0000: [ParNew: 18127K->1208K(18432K), 0.0033076 secs] 20738K->4363K(59392K), 0.0033642 secs] [Times: user=0.01 sys=0.00, real=0.00 secs] 
2020-10-29T14:47:15.764+0000: [GC (Allocation Failure) 2020-10-29T14:47:15.764+0000: [ParNew: 17592K->956K(18432K), 0.0017863 secs] 20747K->4111K(59392K), 0.0018638 secs] [Times: user=0.01 sys=0.00, real=0.00 secs] 
2020-10-29T14:47:15.849+0000: [GC (Allocation Failure) 2020-10-29T14:47:15.849+0000: [ParNew: 17340K->819K(18432K), 0.0015093 secs] 20495K->3974K(59392K), 0.0015654 secs] [Times: user=0.00 sys=0.00, real=0.00 secs] 
2020-10-29T14:47:15.948+0000: [GC (Allocation Failure) 2020-10-29T14:47:15.948+0000: [ParNew: 17189K->1503K(18432K), 0.0027787 secs] 20344K->4657K(59392K), 0.0028352 secs] [Times: user=0.00 sys=0.00, real=0.00 secs] 
2020-10-29T14:47:16.046+0000: [GC (Allocation Failure) 2020-10-29T14:47:16.046+0000: [ParNew: 17887K->1311K(18432K), 0.0029402 secs] 21041K->4776K(59392K), 0.0029962 secs] [Times: user=0.00 sys=0.00, real=0.01 secs] 
2020-10-29T14:47:16.217+0000: [GC (Allocation Failure) 2020-10-29T14:47:16.217+0000: [ParNew: 17695K->1224K(18432K), 0.0028327 secs] 21160K->4690K(59392K), 0.0028943 secs] [Times: user=0.01 sys=0.00, real=0.00 secs] 
2020-10-29T14:47:16.351+0000: [GC (Allocation Failure) 2020-10-29T14:47:16.351+0000: [ParNew: 17608K->1526K(18432K), 0.0071267 secs] 21074K->5067K(59392K), 0.0071904 secs] [Times: user=0.01 sys=0.00, real=0.01 secs] 
2020-10-29T14:47:16.471+0000: [GC (Allocation Failure) 2020-10-29T14:47:16.471+0000: [ParNew: 17910K->1114K(18432K), 0.0044093 secs] 21451K->5228K(59392K), 0.0044792 secs] [Times: user=0.01 sys=0.00, real=0.01 secs] 
2020-10-29T14:47:16.588+0000: [GC (Allocation Failure) 2020-10-29T14:47:16.588+0000: [ParNew: 17498K->1146K(18432K), 0.0024794 secs] 21612K->5260K(59392K), 0.0025589 secs] [Times: user=0.01 sys=0.00, real=0.00 secs] 
2020-10-29T14:47:16.678+0000: [GC (Allocation Failure) 2020-10-29T14:47:16.678+0000: [ParNew: 17530K->1073K(18432K), 0.0021988 secs] 21644K->5188K(59392K), 0.0022763 secs] [Times: user=0.00 sys=0.00, real=0.00 secs] 
2020-10-29T14:47:16.744+0000: [GC (Allocation Failure) 2020-10-29T14:47:16.744+0000: [ParNew: 17457K->1872K(18432K), 0.0026369 secs] 21572K->5986K(59392K), 0.0026933 secs] [Times: user=0.01 sys=0.00, real=0.01 secs] 
2020-10-29T14:47:16.812+0000: [GC (Allocation Failure) 2020-10-29T14:47:16.812+0000: [ParNew: 18256K->1012K(18432K), 0.0034198 secs] 22370K->5502K(59392K), 0.0034791 secs] [Times: user=0.01 sys=0.00, real=0.01 secs] 
2020-10-29T14:47:16.877+0000: [GC (Allocation Failure) 2020-10-29T14:47:16.877+0000: [ParNew: 17373K->1280K(18432K), 0.0022522 secs] 21862K->5770K(59392K), 0.0023116 secs] [Times: user=0.00 sys=0.00, real=0.00 secs] 
2020-10-29T14:47:16.979+0000: [GC (Allocation Failure) 2020-10-29T14:47:16.979+0000: [ParNew: 17664K->2041K(18432K), 0.0032618 secs] 22154K->6660K(59392K), 0.0033222 secs] [Times: user=0.01 sys=0.00, real=0.00 secs] 
2020-10-29T14:47:17.055+0000: [GC (Allocation Failure) 2020-10-29T14:47:17.055+0000: [ParNew: 18425K->1131K(18432K), 0.0038497 secs] 23044K->6299K(59392K), 0.0039092 secs] [Times: user=0.01 sys=0.00, real=0.00 secs] 
2020-10-29T14:47:17.307+0000: [GC (Allocation Failure) 2020-10-29T14:47:17.307+0000: [ParNew: 17515K->990K(18432K), 0.0024774 secs] 39067K->22543K(59392K), 0.0025250 secs] [Times: user=0.01 sys=0.00, real=0.00 secs] 
2020-10-29T14:47:17.310+0000: [GC (CMS Initial Mark) [1 CMS-initial-mark: 21552K(40960K)] 22605K(59392K), 0.0008781 secs] [Times: user=0.00 sys=0.00, real=0.00 secs] 
2020-10-29T14:47:17.311+0000: [CMS-concurrent-mark-start]
2020-10-29T14:47:17.342+0000: [CMS-concurrent-mark: 0.031/0.031 secs] [Times: user=0.05 sys=0.00, real=0.03 secs] 
2020-10-29T14:47:17.347+0000: [CMS-concurrent-preclean-start]
2020-10-29T14:47:17.348+0000: [CMS-concurrent-preclean: 0.001/0.001 secs] [Times: user=0.00 sys=0.00, real=0.00 secs] 
2020-10-29T14:47:17.348+0000: [CMS-concurrent-abortable-preclean-start]
2020-10-29T14:47:17.403+0000: [GC (Allocation Failure) 2020-10-29T14:47:17.403+0000: [ParNew: 17374K->1443K(18432K), 0.0028391 secs] 38927K->22996K(59392K), 0.0028975 secs] [Times: user=0.00 sys=0.00, real=0.00 secs] 
2020-10-29T14:47:17.501+0000: [CMS-concurrent-abortable-preclean: 0.043/0.153 secs] [Times: user=0.29 sys=0.01, real=0.15 secs] 
2020-10-29T14:47:17.501+0000: [GC (CMS Final Remark) [YG occupancy: 11995 K (18432 K)]2020-10-29T14:47:17.501+0000: [Rescan (parallel) , 0.0040346 secs]2020-10-29T14:47:17.505+0000: [weak refs processing, 0.0000638 secs]2020-10-29T14:47:17.505+0000: [class unloading, 0.0044744 secs]2020-10-29T14:47:17.510+0000: [scrub symbol table, 0.0044974 secs]2020-10-29T14:47:17.514+0000: [scrub string table, 0.0004913 secs][1 CMS-remark: 21552K(40960K)] 33548K(59392K), 0.0137788 secs] [Times: user=0.03 sys=0.00, real=0.02 secs] 
2020-10-29T14:47:17.519+0000: [CMS-concurrent-sweep-start]
2020-10-29T14:47:17.521+0000: [CMS-concurrent-sweep: 0.003/0.003 secs] [Times: user=0.00 sys=0.00, real=0.00 secs] 
2020-10-29T14:47:17.521+0000: [CMS-concurrent-reset-start]
2020-10-29T14:47:17.555+0000: [CMS-concurrent-reset: 0.033/0.033 secs] [Times: user=0.03 sys=0.03, real=0.04 secs] 
2020-10-29T14:47:17.606+0000: [GC (Allocation Failure) 2020-10-29T14:47:17.606+0000: [ParNew: 17827K->1541K(18432K), 0.0031886 secs] 55353K->39272K(59392K), 0.0032484 secs] [Times: user=0.00 sys=0.00, real=0.01 secs] 
2020-10-29T14:47:17.613+0000: [GC (CMS Initial Mark) [1 CMS-initial-mark: 37731K(40960K)] 39533K(59392K), 0.0009697 secs] [Times: user=0.00 sys=0.00, real=0.00 secs] 
2020-10-29T14:47:17.614+0000: [CMS-concurrent-mark-start]
2020-10-29T14:47:17.636+0000: [CMS-concurrent-mark: 0.022/0.022 secs] [Times: user=0.04 sys=0.00, real=0.03 secs] 
2020-10-29T14:47:17.636+0000: [CMS-concurrent-preclean-start]
2020-10-29T14:47:17.637+0000: [CMS-concurrent-preclean: 0.001/0.001 secs] [Times: user=0.00 sys=0.00, real=0.00 secs] 
2020-10-29T14:47:17.637+0000: [CMS-concurrent-abortable-preclean-start]
2020-10-29T14:47:17.701+0000: [GC (Allocation Failure) 2020-10-29T14:47:17.701+0000: [ParNew: 17925K->1554K(18432K), 0.0038072 secs] 55656K->39552K(59392K), 0.0038690 secs] [Times: user=0.01 sys=0.00, real=0.00 secs] 
2020-10-29T14:47:17.779+0000: [GC (Allocation Failure) 2020-10-29T14:47:17.779+0000: [ParNew: 17938K->865K(18432K), 0.0026335 secs] 55936K->39047K(59392K), 0.0027138 secs] [Times: user=0.01 sys=0.00, real=0.00 secs] 
2020-10-29T14:47:17.781+0000: [CMS-concurrent-abortable-preclean: 0.037/0.144 secs] [Times: user=0.24 sys=0.01, real=0.14 secs] 
2020-10-29T14:47:17.785+0000: [GC (CMS Final Remark) [YG occupancy: 1160 K (18432 K)]2020-10-29T14:47:17.785+0000: [Rescan (parallel) , 0.0014437 secs]2020-10-29T14:47:17.787+0000: [weak refs processing, 0.0000370 secs]2020-10-29T14:47:17.787+0000: [class unloading, 0.0048013 secs]2020-10-29T14:47:17.792+0000: [scrub symbol table, 0.0048992 secs]2020-10-29T14:47:17.797+0000: [scrub string table, 0.0004953 secs][1 CMS-remark: 38182K(40960K)] 39343K(59392K), 0.0118983 secs] [Times: user=0.02 sys=0.00, real=0.02 secs] 
2020-10-29T14:47:17.808+0000: [CMS-concurrent-sweep-start]
2020-10-29T14:47:17.811+0000: [CMS-concurrent-sweep: 0.003/0.003 secs] [Times: user=0.01 sys=0.00, real=0.00 secs] 
2020-10-29T14:47:17.811+0000: [CMS-concurrent-reset-start]
2020-10-29T14:47:17.814+0000: [CMS-concurrent-reset: 0.002/0.002 secs] [Times: user=0.00 sys=0.00, real=0.00 secs] 
2020-10-29T14:47:17.876+0000: [GC (Allocation Failure) 2020-10-29T14:47:17.876+0000: [ParNew: 17249K->1233K(18432K), 0.0023595 secs] 55380K->39364K(81984K), 0.0024249 secs] [Times: user=0.00 sys=0.00, real=0.00 secs] 
2020-10-29T14:47:17.947+0000: [GC (Allocation Failure) 2020-10-29T14:47:17.947+0000: [ParNew: 17617K->1402K(18432K), 0.0027489 secs] 55748K->39798K(81984K), 0.0028096 secs] [Times: user=0.00 sys=0.00, real=0.00 secs] 
2020-10-29T14:47:17.995+0000: [GC (Allocation Failure) 2020-10-29T14:47:17.995+0000: [ParNew: 17786K->1273K(18432K), 0.0020449 secs] 56182K->39669K(81984K), 0.0021136 secs] [Times: user=0.00 sys=0.00, real=0.00 secs] 
2020-10-29T14:47:18.074+0000: [GC (Allocation Failure) 2020-10-29T14:47:18.074+0000: [ParNew: 17657K->1069K(18432K), 0.0030797 secs] 56053K->39612K(81984K), 0.0031586 secs] [Times: user=0.01 sys=0.00, real=0.01 secs] 
2020-10-29T14:47:18.306+0000: [GC (Allocation Failure) 2020-10-29T14:47:18.306+0000: [ParNew: 17453K->1889K(18432K), 0.0055719 secs] 55996K->40432K(81984K), 0.0056278 secs] [Times: user=0.01 sys=0.00, real=0.01 secs] 
2020-10-29T14:47:18.439+0000: [GC (Allocation Failure) 2020-10-29T14:47:18.439+0000: [ParNew: 18233K->1460K(18432K), 0.0086154 secs] 73160K->57640K(81984K), 0.0086943 secs] [Times: user=0.01 sys=0.00, real=0.01 secs] 
2020-10-29T14:47:18.448+0000: [GC (CMS Initial Mark) [1 CMS-initial-mark: 56180K(63552K)] 57846K(81984K), 0.0015630 secs] [Times: user=0.01 sys=0.00, real=0.00 secs] 
2020-10-29T14:47:18.450+0000: [CMS-concurrent-mark-start]
2020-10-29T14:47:18.480+0000: [CMS-concurrent-mark: 0.030/0.030 secs] [Times: user=0.05 sys=0.00, real=0.03 secs] 
2020-10-29T14:47:18.480+0000: [CMS-concurrent-preclean-start]
2020-10-29T14:47:18.481+0000: [CMS-concurrent-preclean: 0.001/0.001 secs] [Times: user=0.00 sys=0.00, real=0.00 secs] 
2020-10-29T14:47:18.481+0000: [CMS-concurrent-abortable-preclean-start]
2020-10-29T14:47:18.595+0000: [GC (Allocation Failure) 2020-10-29T14:47:18.596+0000: [ParNew: 17844K->1280K(18432K), 0.0027472 secs] 74024K->57460K(81984K), 0.0028322 secs] [Times: user=0.01 sys=0.00, real=0.00 secs] 
2020-10-29T14:47:18.694+0000: [CMS-concurrent-abortable-preclean: 0.041/0.212 secs] [Times: user=0.41 sys=0.01, real=0.21 secs] 
2020-10-29T14:47:18.694+0000: [GC (CMS Final Remark) [YG occupancy: 12906 K (18432 K)]2020-10-29T14:47:18.694+0000: [Rescan (parallel) , 0.0033328 secs]2020-10-29T14:47:18.697+0000: [weak refs processing, 0.0000465 secs]2020-10-29T14:47:18.697+0000: [class unloading, 0.0053442 secs]2020-10-29T14:47:18.702+0000: [scrub symbol table, 0.0059507 secs]2020-10-29T14:47:18.708+0000: [scrub string table, 0.0005588 secs][1 CMS-remark: 56180K(63552K)] 69087K(81984K), 0.0153869 secs] [Times: user=0.03 sys=0.00, real=0.02 secs] 
2020-10-29T14:47:18.709+0000: [CMS-concurrent-sweep-start]
2020-10-29T14:47:18.713+0000: [CMS-concurrent-sweep: 0.004/0.004 secs] [Times: user=0.00 sys=0.00, real=0.00 secs] 
2020-10-29T14:47:18.713+0000: [CMS-concurrent-reset-start]
2020-10-29T14:47:18.715+0000: [CMS-concurrent-reset: 0.002/0.002 secs] [Times: user=0.01 sys=0.00, real=0.01 secs] 
2020-10-29T14:47:18.787+0000: [GC (Allocation Failure) 2020-10-29T14:47:18.787+0000: [ParNew: 17664K->1245K(18432K), 0.0032760 secs] 90131K->73949K(111904K), 0.0033740 secs] [Times: user=0.01 sys=0.00, real=0.01 secs] 
2020-10-29T14:47:18.790+0000: [GC (CMS Initial Mark) [1 CMS-initial-mark: 72704K(93472K)] 73949K(111904K), 0.0018825 secs] [Times: user=0.00 sys=0.00, real=0.00 secs] 
2020-10-29T14:47:18.792+0000: [CMS-concurrent-mark-start]
2020-10-29T14:47:18.820+0000: [CMS-concurrent-mark: 0.028/0.028 secs] [Times: user=0.06 sys=0.00, real=0.03 secs] 
2020-10-29T14:47:18.820+0000: [CMS-concurrent-preclean-start]
2020-10-29T14:47:18.821+0000: [CMS-concurrent-preclean: 0.001/0.001 secs] [Times: user=0.00 sys=0.00, real=0.00 secs] 
2020-10-29T14:47:18.821+0000: [CMS-concurrent-abortable-preclean-start]
2020-10-29T14:47:18.923+0000: [GC (Allocation Failure) 2020-10-29T14:47:18.923+0000: [ParNew: 17629K->1207K(18432K), 0.0026883 secs] 90333K->73911K(111904K), 0.0027479 secs] [Times: user=0.00 sys=0.00, real=0.00 secs] 
2020-10-29T14:47:19.051+0000: [GC (Allocation Failure) 2020-10-29T14:47:19.051+0000: [ParNew: 17591K->1641K(18432K), 0.0040321 secs] 90295K->74715K(111904K), 0.0040948 secs] [Times: user=0.01 sys=0.00, real=0.01 secs] 
2020-10-29T14:47:19.079+0000: [CMS-concurrent-abortable-preclean: 0.050/0.258 secs] [Times: user=0.43 sys=0.01, real=0.26 secs] 
2020-10-29T14:47:19.079+0000: [GC (CMS Final Remark) [YG occupancy: 7339 K (18432 K)]2020-10-29T14:47:19.079+0000: [Rescan (parallel) , 0.0046463 secs]2020-10-29T14:47:19.084+0000: [weak refs processing, 0.0000306 secs]2020-10-29T14:47:19.084+0000: [class unloading, 0.0040238 secs]2020-10-29T14:47:19.088+0000: [scrub symbol table, 0.0048381 secs]2020-10-29T14:47:19.093+0000: [scrub string table, 0.0004055 secs][1 CMS-remark: 73073K(93472K)] 80413K(111904K), 0.0140645 secs] [Times: user=0.02 sys=0.00, real=0.01 secs] 
2020-10-29T14:47:19.094+0000: [CMS-concurrent-sweep-start]
2020-10-29T14:47:19.097+0000: [CMS-concurrent-sweep: 0.004/0.004 secs] [Times: user=0.00 sys=0.00, real=0.01 secs] 
2020-10-29T14:47:19.098+0000: [CMS-concurrent-reset-start]
2020-10-29T14:47:19.100+0000: [CMS-concurrent-reset: 0.002/0.002 secs] [Times: user=0.01 sys=0.00, real=0.00 secs] 
2020-10-29T14:47:19.144+0000: [GC (Allocation Failure) 2020-10-29T14:47:19.144+0000: [ParNew: 18025K->1179K(18432K), 0.0042443 secs] 91082K->74904K(140196K), 0.0043062 secs] [Times: user=0.01 sys=0.00, real=0.01 secs] 
2020-10-29T14:47:19.215+0000: [GC (Allocation Failure) 2020-10-29T14:47:19.215+0000: [ParNew: 17563K->1261K(18432K), 0.0023651 secs] 91288K->74985K(140196K), 0.0024399 secs] [Times: user=0.00 sys=0.00, real=0.00 secs] 
2020-10-29T14:47:19.326+0000: [GC (Allocation Failure) 2020-10-29T14:47:19.326+0000: [ParNew: 17645K->1853K(18432K), 0.0041444 secs] 91369K->75898K(140196K), 0.0042075 secs] [Times: user=0.01 sys=0.00, real=0.01 secs] 
2020-10-29T14:47:19.484+0000: [GC (Allocation Failure) 2020-10-29T14:47:19.484+0000: [ParNew: 18237K->1415K(18432K), 0.0060495 secs] 92282K->76294K(140196K), 0.0061152 secs] [Times: user=0.01 sys=0.00, real=0.01 secs] 
2020-10-29T14:47:19.577+0000: [GC (Allocation Failure) 2020-10-29T14:47:19.577+0000: [ParNew: 17799K->1178K(18432K), 0.0026927 secs] 92678K->76057K(140196K), 0.0027722 secs] [Times: user=0.01 sys=0.00, real=0.00 secs] 
2020-10-29T14:47:19.724+0000: [GC (Allocation Failure) 2020-10-29T14:47:19.724+0000: [ParNew: 17562K->1623K(18432K), 0.0038665 secs] 92441K->76502K(140196K), 0.0039286 secs] [Times: user=0.01 sys=0.00, real=0.01 secs] 
2020-10-29T14:47:19.874+0000: [GC (Allocation Failure) 2020-10-29T14:47:19.874+0000: [ParNew: 18007K->1585K(18432K), 0.0044634 secs] 92886K->76936K(140196K), 0.0045193 secs] [Times: user=0.01 sys=0.00, real=0.01 secs] 
2020-10-29T14:47:19.927+0000: [GC (Allocation Failure) 2020-10-29T14:47:19.927+0000: [ParNew: 17969K->1190K(18432K), 0.0028368 secs] 93320K->76540K(140196K), 0.0028989 secs] [Times: user=0.01 sys=0.00, real=0.00 secs] 
2020-10-29T14:47:20.000+0000: [GC (Allocation Failure) 2020-10-29T14:47:20.000+0000: [ParNew: 17574K->1098K(18432K), 0.0029030 secs] 92924K->76449K(140196K), 0.0029643 secs] [Times: user=0.01 sys=0.00, real=0.00 secs] 
2020-10-29T14:47:20.143+0000: [GC (Allocation Failure) 2020-10-29T14:47:20.143+0000: [ParNew: 17482K->1139K(18432K), 0.0061989 secs] 92833K->76490K(140196K), 0.0062663 secs] [Times: user=0.01 sys=0.00, real=0.01 secs] 
2020-10-29T14:47:20.271+0000: [GC (Allocation Failure) 2020-10-29T14:47:20.271+0000: [ParNew: 17523K->1630K(18432K), 0.0073274 secs] 92874K->76981K(140196K), 0.0073998 secs] [Times: user=0.02 sys=0.00, real=0.01 secs] 
2020-10-29T14:47:20.469+0000: [GC (Allocation Failure) 2020-10-29T14:47:20.469+0000: [ParNew: 18014K->1848K(18432K), 0.0070872 secs] 93365K->77738K(140196K), 0.0071420 secs] [Times: user=0.01 sys=0.00, real=0.01 secs] 
2020-10-29T14:47:20.605+0000: [GC (Allocation Failure) 2020-10-29T14:47:20.605+0000: [ParNew: 18232K->2047K(18432K), 0.0047684 secs] 94122K->78556K(140196K), 0.0048246 secs] [Times: user=0.01 sys=0.00, real=0.01 secs] 
2020-10-29T14:47:20.675+0000: [GC (Allocation Failure) 2020-10-29T14:47:20.675+0000: [ParNew: 18431K->1849K(18432K), 0.0052417 secs] 94940K->79349K(140196K), 0.0052975 secs] [Times: user=0.01 sys=0.00, real=0.00 secs] 
2020-10-29T14:47:20.740+0000: [GC (Allocation Failure) 2020-10-29T14:47:20.740+0000: [ParNew: 18233K->620K(18432K), 0.0035399 secs] 95733K->78120K(140196K), 0.0035998 secs] [Times: user=0.01 sys=0.00, real=0.00 secs] 
2020-10-29T14:47:20.799+0000: [GC (Allocation Failure) 2020-10-29T14:47:20.799+0000: [ParNew: 17004K->771K(18432K), 0.0021166 secs] 94504K->78271K(140196K), 0.0021754 secs] [Times: user=0.01 sys=0.00, real=0.00 secs] 
2020-10-29T14:47:20.861+0000: [GC (Allocation Failure) 2020-10-29T14:47:20.861+0000: [ParNew: 17155K->719K(18432K), 0.0028229 secs] 94655K->78220K(140196K), 0.0028868 secs] [Times: user=0.00 sys=0.00, real=0.00 secs] 
2020-10-29T14:47:20.944+0000: [GC (Allocation Failure) 2020-10-29T14:47:20.944+0000: [ParNew: 17103K->1488K(18432K), 0.0030414 secs] 94604K->78988K(140196K), 0.0031057 secs] [Times: user=0.00 sys=0.00, real=0.01 secs] 
2020-10-29T14:47:21.013+0000: [GC (Allocation Failure) 2020-10-29T14:47:21.013+0000: [ParNew: 17872K->1171K(18432K), 0.0041344 secs] 95372K->79171K(140196K), 0.0041934 secs] [Times: user=0.01 sys=0.00, real=0.01 secs] 
2020-10-29T14:47:21.104+0000: [GC (Allocation Failure) 2020-10-29T14:47:21.104+0000: [ParNew: 17555K->1255K(18432K), 0.0028453 secs] 95555K->79256K(140196K), 0.0029067 secs] [Times: user=0.01 sys=0.00, real=0.01 secs] 
2020-10-29T14:47:21.199+0000: [GC (Allocation Failure) 2020-10-29T14:47:21.199+0000: [ParNew: 17639K->1362K(18432K), 0.0043542 secs] 95640K->79546K(140196K), 0.0044165 secs] [Times: user=0.01 sys=0.00, real=0.00 secs] 
2020-10-29T14:47:21.316+0000: [GC (Allocation Failure) 2020-10-29T14:47:21.316+0000: [ParNew: 17746K->1513K(18432K), 0.0042839 secs] 95930K->79778K(140196K), 0.0043433 secs] [Times: user=0.01 sys=0.00, real=0.00 secs] 
2020-10-29T14:47:21.384+0000: [GC (Allocation Failure) 2020-10-29T14:47:21.384+0000: [ParNew: 17897K->1586K(18432K), 0.0040265 secs] 96162K->80064K(140196K), 0.0040861 secs] [Times: user=0.01 sys=0.00, real=0.01 secs] 
2020-10-29T14:47:21.437+0000: [GC (Allocation Failure) 2020-10-29T14:47:21.437+0000: [ParNew: 17970K->1310K(18432K), 0.0038015 secs] 96448K->80149K(140196K), 0.0038691 secs] [Times: user=0.00 sys=0.00, real=0.00 secs] 
2020-10-29T14:47:21.521+0000: [GC (Allocation Failure) 2020-10-29T14:47:21.521+0000: [ParNew: 17694K->1117K(18432K), 0.0050775 secs] 96533K->79956K(140196K), 0.0051363 secs] [Times: user=0.01 sys=0.00, real=0.00 secs] 
2020-10-29T14:47:21.720+0000: [GC (Allocation Failure) 2020-10-29T14:47:21.720+0000: [ParNew: 17501K->1824K(18432K), 0.0127416 secs] 96340K->80720K(140196K), 0.0128004 secs] [Times: user=0.02 sys=0.00, real=0.01 secs] 
2020-10-29T14:47:21.986+0000: [GC (Allocation Failure) 2020-10-29T14:47:21.986+0000: [ParNew: 18208K->2048K(18432K), 0.0153251 secs] 97104K->82773K(140196K), 0.0153928 secs] [Times: user=0.02 sys=0.00, real=0.02 secs] 
2020-10-29T14:47:22.075+0000: [GC (Allocation Failure) 2020-10-29T14:47:22.075+0000: [ParNew: 18432K->2006K(18432K), 0.0130916 secs] 99157K->84478K(140196K), 0.0131582 secs] [Times: user=0.03 sys=0.00, real=0.01 secs] 
2020-10-29T14:47:22.179+0000: [GC (Allocation Failure) 2020-10-29T14:47:22.179+0000: [ParNew: 18390K->974K(18432K), 0.0055181 secs] 100862K->83446K(140196K), 0.0055818 secs] [Times: user=0.01 sys=0.00, real=0.00 secs] 
2020-10-29T14:47:22.282+0000: [GC (Allocation Failure) 2020-10-29T14:47:22.282+0000: [ParNew: 17358K->1015K(18432K), 0.0029103 secs] 99830K->83488K(140196K), 0.0029743 secs] [Times: user=0.01 sys=0.00, real=0.00 secs] 
2020-10-29T14:47:22.365+0000: [GC (Allocation Failure) 2020-10-29T14:47:22.365+0000: [ParNew: 17399K->940K(18432K), 0.0033427 secs] 99872K->83412K(140196K), 0.0034213 secs] [Times: user=0.01 sys=0.00, real=0.01 secs] 
2020-10-29T14:47:22.491+0000: [GC (Allocation Failure) 2020-10-29T14:47:22.491+0000: [ParNew: 17324K->876K(18432K), 0.0030847 secs] 99796K->83348K(140196K), 0.0031618 secs] [Times: user=0.00 sys=0.00, real=0.00 secs] 
2020-10-29T14:47:22.573+0000: [GC (Allocation Failure) 2020-10-29T14:47:22.573+0000: [ParNew: 17260K->1240K(18432K), 0.0035823 secs] 99732K->83713K(140196K), 0.0036653 secs] [Times: user=0.01 sys=0.00, real=0.01 secs] 
2020-10-29T14:47:22.647+0000: [GC (Allocation Failure) 2020-10-29T14:47:22.647+0000: [ParNew: 17624K->1251K(18432K), 0.0040658 secs] 100097K->83892K(140196K), 0.0041492 secs] [Times: user=0.01 sys=0.00, real=0.00 secs] 
2020-10-29T14:47:22.743+0000: [GC (Allocation Failure) 2020-10-29T14:47:22.743+0000: [ParNew: 17635K->1402K(18432K), 0.0036049 secs] 100276K->84043K(140196K), 0.0036901 secs] [Times: user=0.01 sys=0.00, real=0.00 secs] 
2020-10-29T14:47:22.746+0000: [GC (CMS Initial Mark) [1 CMS-initial-mark: 82641K(121764K)] 84044K(140196K), 0.0017666 secs] [Times: user=0.00 sys=0.00, real=0.01 secs] 
2020-10-29T14:47:22.748+0000: [CMS-concurrent-mark-start]
2020-10-29T14:47:22.812+0000: [CMS-concurrent-mark: 0.063/0.063 secs] [Times: user=0.12 sys=0.00, real=0.06 secs] 
2020-10-29T14:47:22.812+0000: [CMS-concurrent-preclean-start]
2020-10-29T14:47:22.814+0000: [CMS-concurrent-preclean: 0.002/0.002 secs] [Times: user=0.01 sys=0.00, real=0.00 secs] 
2020-10-29T14:47:22.814+0000: [CMS-concurrent-abortable-preclean-start]
2020-10-29T14:47:23.009+0000: [GC (Allocation Failure) 2020-10-29T14:47:23.009+0000: [ParNew: 17786K->1979K(18432K), 0.0068635 secs] 100427K->84890K(140196K), 0.0069446 secs] [Times: user=0.02 sys=0.00, real=0.01 secs] 
2020-10-29T14:47:23.269+0000: [CMS-concurrent-abortable-preclean: 0.106/0.455 secs] [Times: user=0.72 sys=0.01, real=0.46 secs] 
2020-10-29T14:47:23.269+0000: [GC (CMS Final Remark) [YG occupancy: 10282 K (18432 K)]2020-10-29T14:47:23.269+0000: [Rescan (parallel) , 0.0030310 secs]2020-10-29T14:47:23.272+0000: [weak refs processing, 0.0000842 secs]2020-10-29T14:47:23.272+0000: [class unloading, 0.0073638 secs]2020-10-29T14:47:23.280+0000: [scrub symbol table, 0.0089059 secs]2020-10-29T14:47:23.289+0000: [scrub string table, 0.0006552 secs][1 CMS-remark: 82911K(121764K)] 93194K(140196K), 0.0202191 secs] [Times: user=0.02 sys=0.00, real=0.02 secs] 
2020-10-29T14:47:23.289+0000: [CMS-concurrent-sweep-start]
2020-10-29T14:47:23.308+0000: [CMS-concurrent-sweep: 0.018/0.018 secs] [Times: user=0.04 sys=0.00, real=0.02 secs] 
2020-10-29T14:47:23.308+0000: [CMS-concurrent-reset-start]
2020-10-29T14:47:23.310+0000: [CMS-concurrent-reset: 0.002/0.002 secs] [Times: user=0.00 sys=0.00, real=0.00 secs] 
2020-10-29T14:47:23.356+0000: [GC (Allocation Failure) 2020-10-29T14:47:23.356+0000: [ParNew: 18363K->1590K(18432K), 0.0129716 secs] 100294K->84561K(154988K), 0.0130556 secs] [Times: user=0.03 sys=0.00, real=0.01 secs] 
2020-10-29T14:47:23.574+0000: [GC (Allocation Failure) 2020-10-29T14:47:23.574+0000: [ParNew: 17974K->1646K(18432K), 0.0049810 secs] 100945K->84616K(154988K), 0.0050428 secs] [Times: user=0.00 sys=0.00, real=0.01 secs] 
2020-10-29T14:47:23.653+0000: [GC (Allocation Failure) 2020-10-29T14:47:23.653+0000: [ParNew: 18030K->797K(18432K), 0.0107772 secs] 101000K->92416K(154988K), 0.0108524 secs] [Times: user=0.02 sys=0.00, real=0.01 secs] 
2020-10-29T14:47:23.983+0000: [GC (Allocation Failure) 2020-10-29T14:47:23.984+0000: [ParNew: 17181K->466K(18432K), 0.0036407 secs] 108800K->92085K(154988K), 0.0037046 secs] [Times: user=0.00 sys=0.00, real=0.01 secs] 
2020-10-29T14:47:24.140+0000: [GC (Allocation Failure) 2020-10-29T14:47:24.140+0000: [ParNew: 16850K->650K(18432K), 0.0031520 secs] 108469K->92269K(154988K), 0.0032347 secs] [Times: user=0.01 sys=0.00, real=0.00 secs] 
2020-10-29T14:47:24.261+0000: [GC (Allocation Failure) 2020-10-29T14:47:24.261+0000: [ParNew: 17034K->585K(18432K), 0.0025266 secs] 108653K->92205K(154988K), 0.0025924 secs] [Times: user=0.00 sys=0.00, real=0.00 secs] 
2020-10-29T14:47:24.370+0000: [GC (Allocation Failure) 2020-10-29T14:47:24.370+0000: [ParNew: 16969K->609K(18432K), 0.0024881 secs] 108589K->92228K(154988K), 0.0025690 secs] [Times: user=0.01 sys=0.00, real=0.00 secs] 
2020-10-29T14:47:24.462+0000: [GC (Allocation Failure) 2020-10-29T14:47:24.462+0000: [ParNew: 16993K->496K(18432K), 0.0062987 secs] 108612K->92449K(154988K), 0.0063650 secs] [Times: user=0.01 sys=0.00, real=0.01 secs] 
2020-10-29T14:47:24.552+0000: [GC (Allocation Failure) 2020-10-29T14:47:24.552+0000: [ParNew: 16880K->323K(18432K), 0.0020927 secs] 108833K->92304K(154988K), 0.0021762 secs] [Times: user=0.00 sys=0.00, real=0.00 secs] 
2020-10-29T14:47:24.640+0000: [GC (Allocation Failure) 2020-10-29T14:47:24.641+0000: [ParNew: 16707K->286K(18432K), 0.0018892 secs] 108688K->92272K(154988K), 0.0019746 secs] [Times: user=0.01 sys=0.00, real=0.00 secs] 
2020-10-29T14:47:24.703+0000: [GC (Allocation Failure) 2020-10-29T14:47:24.703+0000: [ParNew: 16670K->270K(18432K), 0.0018034 secs] 108656K->92259K(154988K), 0.0018896 secs] [Times: user=0.00 sys=0.00, real=0.00 secs] 
2020-10-29T14:47:24.755+0000: [GC (Allocation Failure) 2020-10-29T14:47:24.755+0000: [ParNew: 16654K->270K(18432K), 0.0018374 secs] 108643K->92262K(154988K), 0.0019134 secs] [Times: user=0.01 sys=0.00, real=0.00 secs] 
2020-10-29T14:47:24.817+0000: [GC (Allocation Failure) 2020-10-29T14:47:24.817+0000: [ParNew: 16654K->524K(18432K), 0.0018667 secs] 108646K->92517K(154988K), 0.0019325 secs] [Times: user=0.01 sys=0.00, real=0.00 secs] 
2020-10-29T14:47:24.863+0000: [GC (Allocation Failure) 2020-10-29T14:47:24.863+0000: [ParNew: 16908K->523K(18432K), 0.0030327 secs] 108901K->92516K(154988K), 0.0030988 secs] [Times: user=0.00 sys=0.00, real=0.00 secs] 
2020-10-29T14:47:24.899+0000: [GC (Allocation Failure) 2020-10-29T14:47:24.899+0000: [ParNew: 16907K->525K(18432K), 0.0018699 secs] 108900K->92519K(154988K), 0.0019340 secs] [Times: user=0.00 sys=0.00, real=0.00 secs] 
2020-10-29T14:47:24.927+0000: [GC (Allocation Failure) 2020-10-29T14:47:24.927+0000: [ParNew: 16909K->520K(18432K), 0.0018379 secs] 108903K->92518K(154988K), 0.0019176 secs] [Times: user=0.00 sys=0.00, real=0.01 secs] 
2020-10-29T14:47:24.953+0000: [GC (Allocation Failure) 2020-10-29T14:47:24.953+0000: [ParNew: 16904K->522K(18432K), 0.0018065 secs] 108902K->92519K(154988K), 0.0018727 secs] [Times: user=0.01 sys=0.00, real=0.00 secs] 
2020-10-29T14:47:24.984+0000: [GC (Allocation Failure) 2020-10-29T14:47:24.984+0000: [ParNew: 16906K->524K(18432K), 0.0018151 secs] 108903K->92521K(154988K), 0.0018878 secs] [Times: user=0.01 sys=0.00, real=0.00 secs] 
2020-10-29T14:47:25.017+0000: [GC (Allocation Failure) 2020-10-29T14:47:25.017+0000: [ParNew: 16908K->1034K(18432K), 0.0019080 secs] 108905K->93034K(154988K), 0.0019696 secs] [Times: user=0.01 sys=0.00, real=0.00 secs] 
2020-10-29T14:47:25.049+0000: [GC (Allocation Failure) 2020-10-29T14:47:25.049+0000: [ParNew: 17418K->4K(18432K), 0.0023049 secs] 109418K->93032K(154988K), 0.0023693 secs] [Times: user=0.00 sys=0.00, real=0.00 secs] 
2020-10-29T14:47:25.080+0000: [GC (Allocation Failure) 2020-10-29T14:47:25.080+0000: [ParNew: 16388K->4K(18432K), 0.0017382 secs] 109416K->93032K(154988K), 0.0018036 secs] [Times: user=0.00 sys=0.00, real=0.00 secs] 
2020-10-29T14:47:25.113+0000: [GC (Allocation Failure) 2020-10-29T14:47:25.113+0000: [ParNew: 16388K->4K(18432K), 0.0017572 secs] 109416K->93032K(154988K), 0.0018512 secs] [Times: user=0.01 sys=0.00, real=0.00 secs] 
2020-10-29T14:47:25.151+0000: [GC (Allocation Failure) 2020-10-29T14:47:25.152+0000: [ParNew: 16388K->4K(18432K), 0.0018183 secs] 109416K->93032K(154988K), 0.0019074 secs] [Times: user=0.00 sys=0.00, real=0.00 secs] 
2020-10-29T14:47:25.187+0000: [GC (Allocation Failure) 2020-10-29T14:47:25.187+0000: [ParNew: 16388K->4K(18432K), 0.0017614 secs] 109416K->93032K(154988K), 0.0018423 secs] [Times: user=0.00 sys=0.00, real=0.01 secs] 
2020-10-29T14:47:25.208+0000: [GC (Allocation Failure) 2020-10-29T14:47:25.209+0000: [ParNew: 16388K->4K(18432K), 0.0017785 secs] 109416K->93032K(154988K), 0.0018475 secs] [Times: user=0.00 sys=0.00, real=0.00 secs] 
2020-10-29T14:47:25.229+0000: [GC (Allocation Failure) 2020-10-29T14:47:25.229+0000: [ParNew: 16388K->4K(18432K), 0.0029552 secs] 109416K->95080K(154988K), 0.0030201 secs] [Times: user=0.00 sys=0.01, real=0.00 secs] 
2020-10-29T14:47:25.250+0000: [GC (Allocation Failure) 2020-10-29T14:47:25.250+0000: [ParNew: 16388K->4K(18432K), 0.0017882 secs] 111464K->95080K(154988K), 0.0018524 secs] [Times: user=0.01 sys=0.00, real=0.00 secs] 
2020-10-29T14:47:25.270+0000: [GC (Allocation Failure) 2020-10-29T14:47:25.270+0000: [ParNew: 16388K->4K(18432K), 0.0017072 secs] 111464K->95080K(154988K), 0.0017837 secs] [Times: user=0.00 sys=0.00, real=0.00 secs] 
2020-10-29T14:47:25.293+0000: [GC (Allocation Failure) 2020-10-29T14:47:25.293+0000: [ParNew: 16388K->4K(18432K), 0.0015327 secs] 111464K->95080K(154988K), 0.0015898 secs] [Times: user=0.00 sys=0.00, real=0.00 secs] 
2020-10-29T14:47:25.313+0000: [GC (Allocation Failure) 2020-10-29T14:47:25.313+0000: [ParNew: 16388K->4K(18432K), 0.0013988 secs] 111464K->95080K(154988K), 0.0014474 secs] [Times: user=0.00 sys=0.00, real=0.00 secs] 
2020-10-29T14:47:25.334+0000: [GC (Allocation Failure) 2020-10-29T14:47:25.334+0000: [ParNew: 16388K->4K(18432K), 0.0015631 secs] 111464K->95080K(154988K), 0.0016286 secs] [Times: user=0.00 sys=0.00, real=0.01 secs] 
2020-10-29T14:47:25.355+0000: [GC (Allocation Failure) 2020-10-29T14:47:25.355+0000: [ParNew: 16388K->4K(18432K), 0.0014627 secs] 111464K->95080K(154988K), 0.0015152 secs] [Times: user=0.00 sys=0.00, real=0.00 secs] 
2020-10-29T14:47:25.375+0000: [GC (Allocation Failure) 2020-10-29T14:47:25.375+0000: [ParNew: 16388K->4K(18432K), 0.0017482 secs] 111464K->95080K(154988K), 0.0018269 secs] [Times: user=0.00 sys=0.00, real=0.01 secs] 
2020-10-29T14:47:25.400+0000: [GC (Allocation Failure) 2020-10-29T14:47:25.400+0000: [ParNew: 16388K->2K(18432K), 0.0017489 secs] 111464K->95078K(154988K), 0.0018354 secs] [Times: user=0.00 sys=0.00, real=0.00 secs] 
2020-10-29T14:47:25.425+0000: [GC (Allocation Failure) 2020-10-29T14:47:25.425+0000: [ParNew: 16386K->4K(18432K), 0.0017844 secs] 111462K->95080K(154988K), 0.0018503 secs] [Times: user=0.00 sys=0.00, real=0.01 secs] 
2020-10-29T14:47:25.446+0000: [GC (Allocation Failure) 2020-10-29T14:47:25.446+0000: [ParNew: 16388K->4K(18432K), 0.0017264 secs] 111464K->95080K(154988K), 0.0017877 secs] [Times: user=0.01 sys=0.00, real=0.01 secs] 
2020-10-29T14:47:25.468+0000: [GC (Allocation Failure) 2020-10-29T14:47:25.468+0000: [ParNew: 16388K->4K(18432K), 0.0017566 secs] 111464K->95080K(154988K), 0.0018206 secs] [Times: user=0.00 sys=0.00, real=0.00 secs] 
2020-10-29T14:47:25.488+0000: [GC (Allocation Failure) 2020-10-29T14:47:25.488+0000: [ParNew: 16388K->4K(18432K), 0.0017051 secs] 111464K->95081K(154988K), 0.0017690 secs] [Times: user=0.01 sys=0.00, real=0.00 secs] 
2020-10-29T14:47:25.508+0000: [GC (Allocation Failure) 2020-10-29T14:47:25.508+0000: [ParNew: 16388K->6K(18432K), 0.0016209 secs] 111465K->95083K(154988K), 0.0016816 secs] [Times: user=0.01 sys=0.00, real=0.00 secs] 
2020-10-29T14:47:25.528+0000: [GC (Allocation Failure) 2020-10-29T14:47:25.528+0000: [ParNew: 16390K->4K(18432K), 0.0017452 secs] 111467K->95081K(154988K), 0.0018096 secs] [Times: user=0.00 sys=0.00, real=0.00 secs] 
2020-10-29T14:47:25.547+0000: [GC (Allocation Failure) 2020-10-29T14:47:25.547+0000: [ParNew: 16388K->4K(18432K), 0.0016123 secs] 111465K->95081K(154988K), 0.0016713 secs] [Times: user=0.01 sys=0.00, real=0.00 secs] 
2020-10-29T14:47:25.567+0000: [GC (Allocation Failure) 2020-10-29T14:47:25.567+0000: [ParNew: 16388K->4K(18432K), 0.0016329 secs] 111465K->95081K(154988K), 0.0017026 secs] [Times: user=0.01 sys=0.00, real=0.00 secs] 
2020-10-29T14:47:25.587+0000: [GC (Allocation Failure) 2020-10-29T14:47:25.587+0000: [ParNew: 16388K->4K(18432K), 0.0015739 secs] 111465K->95082K(154988K), 0.0016317 secs] [Times: user=0.00 sys=0.00, real=0.00 secs] 
2020-10-29T14:47:25.601+0000: [GC (Allocation Failure) 2020-10-29T14:47:25.602+0000: [ParNew: 10832K->4K(18432K), 0.0012699 secs] 105911K->95082K(154988K), 0.0013189 secs] [Times: user=0.01 sys=0.00, real=0.00 secs] 
2020-10-29T14:47:25.614+0000: [GC (Allocation Failure) 2020-10-29T14:47:25.614+0000: [ParNew: 16388K->4K(18432K), 0.0077238 secs] 111466K->103274K(154988K), 0.0077764 secs] [Times: user=0.01 sys=0.00, real=0.01 secs] 
2020-10-29T14:47:25.623+0000: [GC (CMS Initial Mark) [1 CMS-initial-mark: 103270K(136556K)] 103600K(154988K), 0.0013664 secs] [Times: user=0.00 sys=0.00, real=0.00 secs] 
2020-10-29T14:47:25.624+0000: [CMS-concurrent-mark-start]
2020-10-29T14:47:25.651+0000: [GC (Allocation Failure) 2020-10-29T14:47:25.651+0000: [ParNew: 16388K->4K(18432K), 0.0013850 secs] 119658K->103274K(154988K), 0.0014386 secs] [Times: user=0.00 sys=0.00, real=0.00 secs] 
2020-10-29T14:47:25.668+0000: [CMS-concurrent-mark: 0.042/0.044 secs] [Times: user=0.08 sys=0.00, real=0.05 secs] 
2020-10-29T14:47:25.668+0000: [CMS-concurrent-preclean-start]
2020-10-29T14:47:25.670+0000: [CMS-concurrent-preclean: 0.001/0.001 secs] [Times: user=0.01 sys=0.00, real=0.00 secs] 
2020-10-29T14:47:25.670+0000: [CMS-concurrent-abortable-preclean-start]
2020-10-29T14:47:25.677+0000: [GC (Allocation Failure) 2020-10-29T14:47:25.677+0000: [ParNew: 16388K->4K(18432K), 0.0011058 secs] 119658K->103274K(154988K), 0.0011462 secs] [Times: user=0.00 sys=0.00, real=0.00 secs] 
2020-10-29T14:47:25.698+0000: [GC (Allocation Failure) 2020-10-29T14:47:25.698+0000: [ParNew: 16388K->8K(18432K), 0.0011893 secs] 119658K->103278K(154988K), 0.0012589 secs] [Times: user=0.01 sys=0.00, real=0.00 secs] 
2020-10-29T14:47:25.722+0000: [GC (Allocation Failure) 2020-10-29T14:47:25.722+0000: [ParNew: 16392K->8K(18432K), 0.0014764 secs] 119662K->103278K(154988K), 0.0015549 secs] [Times: user=0.00 sys=0.00, real=0.00 secs] 
2020-10-29T14:47:25.751+0000: [GC (Allocation Failure) 2020-10-29T14:47:25.751+0000: [ParNew: 16392K->9K(18432K), 0.0017708 secs] 119662K->103279K(154988K), 0.0018354 secs] [Times: user=0.00 sys=0.00, real=0.00 secs] 
2020-10-29T14:47:25.771+0000: [GC (Allocation Failure) 2020-10-29T14:47:25.771+0000: [ParNew: 16393K->8K(18432K), 0.0015408 secs] 119663K->103278K(154988K), 0.0016112 secs] [Times: user=0.01 sys=0.00, real=0.00 secs] 
2020-10-29T14:47:25.791+0000: [GC (Allocation Failure) 2020-10-29T14:47:25.791+0000: [ParNew: 16392K->8K(18432K), 0.0016048 secs] 119662K->103278K(154988K), 0.0016894 secs] [Times: user=0.01 sys=0.00, real=0.00 secs] 
2020-10-29T14:47:25.811+0000: [GC (Allocation Failure) 2020-10-29T14:47:25.811+0000: [ParNew: 16392K->8K(18432K), 0.0016119 secs] 119662K->103279K(154988K), 0.0016724 secs] [Times: user=0.00 sys=0.00, real=0.00 secs] 
2020-10-29T14:47:25.832+0000: [GC (Allocation Failure) 2020-10-29T14:47:25.832+0000: [ParNew: 16392K->5K(18432K), 0.0013845 secs] 119663K->103280K(154988K), 0.0014427 secs] [Times: user=0.00 sys=0.00, real=0.00 secs] 
2020-10-29T14:47:25.859+0000: [GC (Allocation Failure) 2020-10-29T14:47:25.859+0000: [ParNew: 15731K->4K(18432K), 0.0014972 secs] 119005K->103278K(154988K), 0.0015574 secs] [Times: user=0.00 sys=0.00, real=0.00 secs] 
2020-10-29T14:47:25.875+0000: [GC (Allocation Failure) 2020-10-29T14:47:25.875+0000: [ParNew: 16388K->4K(18432K), 0.0039785 secs] 119662K->107375K(154988K), 0.0040352 secs] [Times: user=0.00 sys=0.00, real=0.00 secs] 
2020-10-29T14:47:25.897+0000: [GC (Allocation Failure) 2020-10-29T14:47:25.897+0000: [ParNew: 16388K->4K(18432K), 0.0017093 secs] 123759K->107375K(154988K), 0.0017701 secs] [Times: user=0.00 sys=0.00, real=0.00 secs] 
2020-10-29T14:47:25.922+0000: [GC (Allocation Failure) 2020-10-29T14:47:25.922+0000: [ParNew: 16388K->4K(18432K), 0.0017495 secs] 123759K->107375K(154988K), 0.0018205 secs] [Times: user=0.00 sys=0.00, real=0.00 secs] 
2020-10-29T14:47:25.942+0000: [GC (Allocation Failure) 2020-10-29T14:47:25.942+0000: [ParNew: 16388K->4K(18432K), 0.0018349 secs] 123759K->107375K(154988K), 0.0018997 secs] [Times: user=0.00 sys=0.00, real=0.00 secs] 
2020-10-29T14:47:25.962+0000: [GC (Allocation Failure) 2020-10-29T14:47:25.962+0000: [ParNew: 16388K->4K(18432K), 0.0014121 secs] 123759K->107375K(154988K), 0.0014727 secs] [Times: user=0.01 sys=0.00, real=0.00 secs] 
2020-10-29T14:47:25.981+0000: [GC (Allocation Failure) 2020-10-29T14:47:25.981+0000: [ParNew: 16388K->4K(18432K), 0.0012445 secs] 123759K->107375K(154988K), 0.0012963 secs] [Times: user=0.01 sys=0.00, real=0.00 secs] 
2020-10-29T14:47:26.001+0000: [GC (Allocation Failure) 2020-10-29T14:47:26.001+0000: [ParNew: 16388K->4K(18432K), 0.0014037 secs] 123759K->107375K(154988K), 0.0014611 secs] [Times: user=0.00 sys=0.00, real=0.00 secs] 
2020-10-29T14:47:26.022+0000: [GC (Allocation Failure) 2020-10-29T14:47:26.022+0000: [ParNew: 16388K->4K(18432K), 0.0013910 secs] 123759K->107375K(154988K), 0.0014472 secs] [Times: user=0.01 sys=0.00, real=0.00 secs] 
2020-10-29T14:47:26.043+0000: [GC (Allocation Failure) 2020-10-29T14:47:26.043+0000: [ParNew: 16388K->4K(18432K), 0.0017914 secs] 123759K->107375K(154988K), 0.0018643 secs] [Times: user=0.00 sys=0.00, real=0.00 secs] 
2020-10-29T14:47:26.064+0000: [GC (Allocation Failure) 2020-10-29T14:47:26.064+0000: [ParNew: 16388K->4K(18432K), 0.0017718 secs] 123759K->107375K(154988K), 0.0018357 secs] [Times: user=0.01 sys=0.00, real=0.00 secs] 
2020-10-29T14:47:26.085+0000: [GC (Allocation Failure) 2020-10-29T14:47:26.085+0000: [ParNew: 16388K->4K(18432K), 0.0020996 secs] 123759K->107375K(154988K), 0.0021760 secs] [Times: user=0.00 sys=0.00, real=0.01 secs] 
2020-10-29T14:47:26.106+0000: [GC (Allocation Failure) 2020-10-29T14:47:26.106+0000: [ParNew: 16388K->4K(18432K), 0.0017542 secs] 123759K->107375K(154988K), 0.0018182 secs] [Times: user=0.01 sys=0.00, real=0.01 secs] 
2020-10-29T14:47:26.126+0000: [GC (Allocation Failure) 2020-10-29T14:47:26.126+0000: [ParNew: 16388K->4K(18432K), 0.0017410 secs] 123759K->107375K(154988K), 0.0018048 secs] [Times: user=0.01 sys=0.00, real=0.01 secs] 
2020-10-29T14:47:26.146+0000: [GC (Allocation Failure) 2020-10-29T14:47:26.146+0000: [ParNew: 16387K->4K(18432K), 0.0017003 secs] 123758K->107375K(154988K), 0.0017599 secs] [Times: user=0.00 sys=0.00, real=0.01 secs] 
2020-10-29T14:47:26.170+0000: [GC (Allocation Failure) 2020-10-29T14:47:26.170+0000: [ParNew: 16388K->6K(18432K), 0.0017976 secs] 123759K->107377K(154988K), 0.0018619 secs] [Times: user=0.00 sys=0.00, real=0.00 secs] 
2020-10-29T14:47:26.200+0000: [GC (Allocation Failure) 2020-10-29T14:47:26.200+0000: [ParNew: 16390K->8K(18432K), 0.0017574 secs] 123761K->107380K(154988K), 0.0018212 secs] [Times: user=0.00 sys=0.00, real=0.00 secs] 
2020-10-29T14:47:26.221+0000: [GC (Allocation Failure) 2020-10-29T14:47:26.221+0000: [ParNew: 16392K->11K(18432K), 0.0013885 secs] 123764K->107383K(154988K), 0.0014415 secs] [Times: user=0.00 sys=0.00, real=0.00 secs] 
2020-10-29T14:47:26.240+0000: [GC (Allocation Failure) 2020-10-29T14:47:26.240+0000: [ParNew: 16395K->10K(18432K), 0.0011093 secs] 123767K->107382K(154988K), 0.0011545 secs] [Times: user=0.00 sys=0.00, real=0.00 secs] 
2020-10-29T14:47:26.259+0000: [GC (Allocation Failure) 2020-10-29T14:47:26.259+0000: [ParNew: 16394K->10K(18432K), 0.0010208 secs] 123766K->107382K(154988K), 0.0010657 secs] [Times: user=0.00 sys=0.00, real=0.00 secs] 
2020-10-29T14:47:26.278+0000: [GC (Allocation Failure) 2020-10-29T14:47:26.278+0000: [ParNew: 16394K->10K(18432K), 0.0015199 secs] 123766K->107382K(154988K), 0.0015828 secs] [Times: user=0.00 sys=0.00, real=0.00 secs] 
2020-10-29T14:47:26.298+0000: [GC (Allocation Failure) 2020-10-29T14:47:26.298+0000: [ParNew: 16394K->10K(18432K), 0.0013181 secs] 123766K->107384K(154988K), 0.0013638 secs] [Times: user=0.00 sys=0.00, real=0.00 secs] 
2020-10-29T14:47:26.318+0000: [GC (Allocation Failure) 2020-10-29T14:47:26.318+0000: [ParNew: 16394K->4K(18432K), 0.0015518 secs] 123768K->107382K(154988K), 0.0016111 secs] [Times: user=0.01 sys=0.00, real=0.00 secs] 
2020-10-29T14:47:26.338+0000: [GC (Allocation Failure) 2020-10-29T14:47:26.338+0000: [ParNew: 16388K->4K(18432K), 0.0016886 secs] 123766K->107382K(154988K), 0.0017533 secs] [Times: user=0.00 sys=0.00, real=0.00 secs] 
2020-10-29T14:47:26.358+0000: [GC (Allocation Failure) 2020-10-29T14:47:26.358+0000: [ParNew: 16388K->2K(18432K), 0.0060561 secs] 123766K->107380K(154988K), 0.0061360 secs] [Times: user=0.00 sys=0.00, real=0.00 secs] 
2020-10-29T14:47:26.383+0000: [GC (Allocation Failure) 2020-10-29T14:47:26.383+0000: [ParNew: 16386K->4K(18432K), 0.0018557 secs] 123764K->107382K(154988K), 0.0019200 secs] [Times: user=0.01 sys=0.00, real=0.00 secs] 
2020-10-29T14:47:26.403+0000: [GC (Allocation Failure) 2020-10-29T14:47:26.403+0000: [ParNew: 16388K->2K(18432K), 0.0015019 secs] 123766K->107380K(154988K), 0.0015572 secs] [Times: user=0.00 sys=0.00, real=0.00 secs] 
2020-10-29T14:47:26.423+0000: [GC (Allocation Failure) 2020-10-29T14:47:26.423+0000: [ParNew: 16386K->4K(18432K), 0.0016000 secs] 123764K->107382K(154988K), 0.0016603 secs] [Times: user=0.00 sys=0.00, real=0.00 secs] 
2020-10-29T14:47:26.447+0000: [GC (Allocation Failure) 2020-10-29T14:47:26.447+0000: [ParNew: 16388K->4K(18432K), 0.0016930 secs] 123766K->107382K(154988K), 0.0017557 secs] [Times: user=0.00 sys=0.00, real=0.00 secs] 
2020-10-29T14:47:26.467+0000: [GC (Allocation Failure) 2020-10-29T14:47:26.467+0000: [ParNew: 16388K->4K(18432K), 0.0015812 secs] 123766K->107382K(154988K), 0.0016455 secs] [Times: user=0.00 sys=0.00, real=0.00 secs] 
2020-10-29T14:47:26.486+0000: [GC (Allocation Failure) 2020-10-29T14:47:26.486+0000: [ParNew: 16388K->4K(18432K), 0.0010587 secs] 123766K->107382K(154988K), 0.0011059 secs] [Times: user=0.00 sys=0.00, real=0.01 secs] 
2020-10-29T14:47:26.505+0000: [GC (Allocation Failure) 2020-10-29T14:47:26.505+0000: [ParNew: 16388K->4K(18432K), 0.0010276 secs] 123766K->107382K(154988K), 0.0010754 secs] [Times: user=0.00 sys=0.00, real=0.00 secs] 
2020-10-29T14:47:26.524+0000: [GC (Allocation Failure) 2020-10-29T14:47:26.524+0000: [ParNew: 16388K->4K(18432K), 0.0010305 secs] 123766K->107382K(154988K), 0.0010759 secs] [Times: user=0.00 sys=0.00, real=0.00 secs] 
2020-10-29T14:47:26.543+0000: [GC (Allocation Failure) 2020-10-29T14:47:26.543+0000: [ParNew: 16388K->4K(18432K), 0.0009933 secs] 123766K->107382K(154988K), 0.0010327 secs] [Times: user=0.00 sys=0.00, real=0.00 secs] 
2020-10-29T14:47:26.562+0000: [GC (Allocation Failure) 2020-10-29T14:47:26.562+0000: [ParNew: 16388K->4K(18432K), 0.0013694 secs] 123766K->107382K(154988K), 0.0014256 secs] [Times: user=0.00 sys=0.00, real=0.00 secs] 
2020-10-29T14:47:26.581+0000: [GC (Allocation Failure) 2020-10-29T14:47:26.581+0000: [ParNew: 16388K->4K(18432K), 0.0011422 secs] 123766K->107382K(154988K), 0.0011911 secs] [Times: user=0.01 sys=0.00, real=0.00 secs] 
2020-10-29T14:47:26.600+0000: [GC (Allocation Failure) 2020-10-29T14:47:26.600+0000: [ParNew: 16388K->4K(18432K), 0.0010072 secs] 123766K->107382K(154988K), 0.0010517 secs] [Times: user=0.00 sys=0.00, real=0.00 secs] 
2020-10-29T14:47:26.622+0000: [GC (Allocation Failure) 2020-10-29T14:47:26.622+0000: [ParNew: 16388K->4K(18432K), 0.0011318 secs] 123766K->107382K(154988K), 0.0011815 secs] [Times: user=0.01 sys=0.00, real=0.00 secs] 
2020-10-29T14:47:26.637+0000: [GC (Allocation Failure) 2020-10-29T14:47:26.637+0000: [ParNew: 8850K->4K(18432K), 0.0008880 secs] 116228K->107382K(154988K), 0.0009312 secs] [Times: user=0.00 sys=0.00, real=0.00 secs] 
2020-10-29T14:47:26.648+0000: [GC (Allocation Failure) 2020-10-29T14:47:26.648+0000: [ParNew: 16388K->4K(18432K), 0.0071464 secs] 123766K->115574K(154988K), 0.0071906 secs] [Times: user=0.01 sys=0.00, real=0.01 secs] 
2020-10-29T14:47:26.655+0000: [CMS-concurrent-abortable-preclean: 0.030/0.985 secs] [Times: user=1.17 sys=0.03, real=0.99 secs] 
2020-10-29T14:47:26.657+0000: [GC (CMS Final Remark) [YG occupancy: 328 K (18432 K)]2020-10-29T14:47:26.657+0000: [Rescan (parallel) , 0.0009580 secs]2020-10-29T14:47:26.658+0000: [weak refs processing, 0.0000674 secs]2020-10-29T14:47:26.658+0000: [class unloading, 0.0084338 secs]2020-10-29T14:47:26.667+0000: [scrub symbol table, 0.0092181 secs]2020-10-29T14:47:26.676+0000: [scrub string table, 0.0006749 secs][1 CMS-remark: 115570K(136556K)] 115899K(154988K), 0.0194599 secs] [Times: user=0.03 sys=0.00, real=0.02 secs] 
2020-10-29T14:47:26.677+0000: [CMS-concurrent-sweep-start]
2020-10-29T14:47:26.691+0000: [CMS-concurrent-sweep: 0.010/0.015 secs] [Times: user=0.02 sys=0.01, real=0.01 secs] 
2020-10-29T14:47:26.692+0000: [CMS-concurrent-reset-start]
2020-10-29T14:47:26.694+0000: [CMS-concurrent-reset: 0.002/0.002 secs] [Times: user=0.00 sys=0.00, real=0.00 secs] 
2020-10-29T14:47:26.705+0000: [GC (Allocation Failure) 2020-10-29T14:47:26.705+0000: [ParNew: 16388K->4K(18432K), 0.0019044 secs] 130739K->114355K(209020K), 0.0019481 secs] [Times: user=0.00 sys=0.00, real=0.01 secs] 
2020-10-29T14:47:26.724+0000: [GC (Allocation Failure) 2020-10-29T14:47:26.724+0000: [ParNew: 16388K->4K(18432K), 0.0017269 secs] 130739K->114355K(209020K), 0.0017822 secs] [Times: user=0.00 sys=0.00, real=0.00 secs] 
2020-10-29T14:47:26.744+0000: [GC (Allocation Failure) 2020-10-29T14:47:26.744+0000: [ParNew: 16388K->4K(18432K), 0.0018438 secs] 130739K->114355K(209020K), 0.0019055 secs] [Times: user=0.01 sys=0.00, real=0.00 secs] 
2020-10-29T14:47:26.763+0000: [GC (Allocation Failure) 2020-10-29T14:47:26.764+0000: [ParNew: 16388K->4K(18432K), 0.0018178 secs] 130739K->114355K(209020K), 0.0018746 secs] [Times: user=0.01 sys=0.00, real=0.00 secs] 
2020-10-29T14:47:26.783+0000: [GC (Allocation Failure) 2020-10-29T14:47:26.783+0000: [ParNew: 16388K->4K(18432K), 0.0014133 secs] 130739K->114355K(209020K), 0.0014579 secs] [Times: user=0.01 sys=0.00, real=0.00 secs] 
2020-10-29T14:47:26.802+0000: [GC (Allocation Failure) 2020-10-29T14:47:26.802+0000: [ParNew: 16388K->4K(18432K), 0.0017663 secs] 130739K->114355K(209020K), 0.0018319 secs] [Times: user=0.00 sys=0.00, real=0.00 secs] 
2020-10-29T14:47:26.822+0000: [GC (Allocation Failure) 2020-10-29T14:47:26.822+0000: [ParNew: 16388K->4K(18432K), 0.0016163 secs] 130739K->114355K(209020K), 0.0016677 secs] [Times: user=0.01 sys=0.00, real=0.00 secs] 
2020-10-29T14:47:26.841+0000: [GC (Allocation Failure) 2020-10-29T14:47:26.841+0000: [ParNew: 16388K->4K(18432K), 0.0018733 secs] 130739K->114355K(209020K), 0.0019498 secs] [Times: user=0.01 sys=0.00, real=0.00 secs] 
2020-10-29T14:47:26.861+0000: [GC (Allocation Failure) 2020-10-29T14:47:26.861+0000: [ParNew: 16388K->4K(18432K), 0.0018341 secs] 130739K->114355K(209020K), 0.0018970 secs] [Times: user=0.01 sys=0.00, real=0.00 secs] 
2020-10-29T14:47:26.880+0000: [GC (Allocation Failure) 2020-10-29T14:47:26.880+0000: [ParNew: 16388K->4K(18432K), 0.0021692 secs] 130739K->114355K(209020K), 0.0022259 secs] [Times: user=0.00 sys=0.00, real=0.00 secs] 
2020-10-29T14:47:26.900+0000: [GC (Allocation Failure) 2020-10-29T14:47:26.900+0000: [ParNew: 16388K->2K(18432K), 0.0017692 secs] 130739K->114353K(209020K), 0.0018255 secs] [Times: user=0.00 sys=0.00, real=0.00 secs] 
2020-10-29T14:47:26.922+0000: [GC (Allocation Failure) 2020-10-29T14:47:26.922+0000: [ParNew: 16386K->4K(18432K), 0.0019074 secs] 130737K->114355K(209020K), 0.0019698 secs] [Times: user=0.01 sys=0.00, real=0.00 secs] 
2020-10-29T14:47:26.942+0000: [GC (Allocation Failure) 2020-10-29T14:47:26.942+0000: [ParNew: 16388K->4K(18432K), 0.0019415 secs] 130739K->114355K(209020K), 0.0020055 secs] [Times: user=0.00 sys=0.00, real=0.00 secs] 
2020-10-29T14:47:26.961+0000: [GC (Allocation Failure) 2020-10-29T14:47:26.961+0000: [ParNew: 16388K->4K(18432K), 0.0019073 secs] 130739K->114355K(209020K), 0.0019708 secs] [Times: user=0.00 sys=0.01, real=0.00 secs] 
2020-10-29T14:47:26.981+0000: [GC (Allocation Failure) 2020-10-29T14:47:26.981+0000: [ParNew: 16388K->4K(18432K), 0.0015808 secs] 130739K->114355K(209020K), 0.0016321 secs] [Times: user=0.00 sys=0.00, real=0.00 secs] 
2020-10-29T14:47:27.002+0000: [GC (Allocation Failure) 2020-10-29T14:47:27.002+0000: [ParNew: 16388K->4K(18432K), 0.0016451 secs] 130739K->114355K(209020K), 0.0016974 secs] [Times: user=0.00 sys=0.00, real=0.00 secs] 
2020-10-29T14:47:27.015+0000: [GC (Allocation Failure) 2020-10-29T14:47:27.015+0000: [ParNew: 16388K->4K(18432K), 0.0080901 secs] 130739K->122547K(209020K), 0.0081755 secs] [Times: user=0.01 sys=0.00, real=0.00 secs] 
2020-10-29T14:47:27.024+0000: [GC (CMS Initial Mark) [1 CMS-initial-mark: 122543K(190588K)] 122875K(209020K), 0.0021713 secs] [Times: user=0.01 sys=0.00, real=0.01 secs] 
2020-10-29T14:47:27.027+0000: [CMS-concurrent-mark-start]
2020-10-29T14:47:27.054+0000: [GC (Allocation Failure) 2020-10-29T14:47:27.054+0000: [ParNew: 16388K->4K(18432K), 0.0016332 secs] 138931K->122547K(209020K), 0.0016924 secs] [Times: user=0.00 sys=0.00, real=0.01 secs] 
2020-10-29T14:47:27.069+0000: [CMS-concurrent-mark: 0.040/0.042 secs] [Times: user=0.08 sys=0.00, real=0.04 secs] 
2020-10-29T14:47:27.069+0000: [CMS-concurrent-preclean-start]
2020-10-29T14:47:27.071+0000: [CMS-concurrent-preclean: 0.002/0.002 secs] [Times: user=0.00 sys=0.00, real=0.00 secs] 
2020-10-29T14:47:27.071+0000: [CMS-concurrent-abortable-preclean-start]
2020-10-29T14:47:27.080+0000: [GC (Allocation Failure) 2020-10-29T14:47:27.080+0000: [ParNew: 16388K->4K(18432K), 0.0012694 secs] 138931K->122547K(209020K), 0.0013108 secs] [Times: user=0.01 sys=0.00, real=0.00 secs] 
2020-10-29T14:47:27.100+0000: [GC (Allocation Failure) 2020-10-29T14:47:27.100+0000: [ParNew: 16388K->4K(18432K), 0.0017362 secs] 138931K->122547K(209020K), 0.0017989 secs] [Times: user=0.01 sys=0.00, real=0.00 secs] 
2020-10-29T14:47:27.121+0000: [GC (Allocation Failure) 2020-10-29T14:47:27.121+0000: [ParNew: 16388K->4K(18432K), 0.0019124 secs] 138931K->122547K(209020K), 0.0019757 secs] [Times: user=0.00 sys=0.00, real=0.00 secs] 
2020-10-29T14:47:27.141+0000: [GC (Allocation Failure) 2020-10-29T14:47:27.142+0000: [ParNew: 16388K->4K(18432K), 0.0018669 secs] 138931K->122547K(209020K), 0.0019307 secs] [Times: user=0.01 sys=0.00, real=0.00 secs] 
2020-10-29T14:47:27.162+0000: [GC (Allocation Failure) 2020-10-29T14:47:27.162+0000: [ParNew: 16388K->4K(18432K), 0.0017767 secs] 138931K->122547K(209020K), 0.0018483 secs] [Times: user=0.01 sys=0.00, real=0.00 secs] 
2020-10-29T14:47:27.182+0000: [GC (Allocation Failure) 2020-10-29T14:47:27.182+0000: [ParNew: 16388K->4K(18432K), 0.0018605 secs] 138931K->122547K(209020K), 0.0019244 secs] [Times: user=0.00 sys=0.00, real=0.00 secs] 
2020-10-29T14:47:27.203+0000: [GC (Allocation Failure) 2020-10-29T14:47:27.203+0000: [ParNew: 16388K->4K(18432K), 0.0015452 secs] 138931K->122547K(209020K), 0.0016055 secs] [Times: user=0.00 sys=0.00, real=0.00 secs] 
2020-10-29T14:47:27.223+0000: [GC (Allocation Failure) 2020-10-29T14:47:27.223+0000: [ParNew: 16388K->4K(18432K), 0.0013714 secs] 138931K->122547K(209020K), 0.0014217 secs] [Times: user=0.00 sys=0.00, real=0.00 secs] 
2020-10-29T14:47:27.242+0000: [GC (Allocation Failure) 2020-10-29T14:47:27.242+0000: [ParNew: 16388K->4K(18432K), 0.0013051 secs] 138931K->122547K(209020K), 0.0013565 secs] [Times: user=0.00 sys=0.00, real=0.00 secs] 
2020-10-29T14:47:27.262+0000: [GC (Allocation Failure) 2020-10-29T14:47:27.262+0000: [ParNew: 16388K->4K(18432K), 0.0011951 secs] 138931K->122547K(209020K), 0.0012412 secs] [Times: user=0.00 sys=0.00, real=0.00 secs] 
2020-10-29T14:47:27.281+0000: [GC (Allocation Failure) 2020-10-29T14:47:27.281+0000: [ParNew: 16388K->4K(18432K), 0.0011253 secs] 138931K->122547K(209020K), 0.0011708 secs] [Times: user=0.00 sys=0.00, real=0.00 secs] 
2020-10-29T14:47:27.300+0000: [GC (Allocation Failure) 2020-10-29T14:47:27.300+0000: [ParNew: 16388K->4K(18432K), 0.0012740 secs] 138931K->122547K(209020K), 0.0013235 secs] [Times: user=0.00 sys=0.00, real=0.00 secs] 
2020-10-29T14:47:27.320+0000: [GC (Allocation Failure) 2020-10-29T14:47:27.320+0000: [ParNew: 16388K->4K(18432K), 0.0014088 secs] 138931K->122547K(209020K), 0.0014636 secs] [Times: user=0.00 sys=0.00, real=0.00 secs] 
2020-10-29T14:47:27.339+0000: [GC (Allocation Failure) 2020-10-29T14:47:27.339+0000: [ParNew: 16388K->4K(18432K), 0.0016467 secs] 138931K->122547K(209020K), 0.0017161 secs] [Times: user=0.01 sys=0.00, real=0.00 secs] 
2020-10-29T14:47:27.352+0000: [GC (Allocation Failure) 2020-10-29T14:47:27.352+0000: [ParNew: 16388K->4K(18432K), 0.0077214 secs] 138931K->130739K(209020K), 0.0077827 secs] [Times: user=0.01 sys=0.01, real=0.01 secs] 
2020-10-29T14:47:27.378+0000: [GC (Allocation Failure) 2020-10-29T14:47:27.378+0000: [ParNew: 16388K->4K(18432K), 0.0016309 secs] 147123K->130739K(209020K), 0.0016882 secs] [Times: user=0.01 sys=0.00, real=0.00 secs] 
2020-10-29T14:47:27.398+0000: [GC (Allocation Failure) 2020-10-29T14:47:27.398+0000: [ParNew: 16388K->4K(18432K), 0.0012579 secs] 147123K->130739K(209020K), 0.0013045 secs] [Times: user=0.00 sys=0.00, real=0.00 secs] 
2020-10-29T14:47:27.417+0000: [GC (Allocation Failure) 2020-10-29T14:47:27.417+0000: [ParNew: 16388K->4K(18432K), 0.0012440 secs] 147123K->130739K(209020K), 0.0012907 secs] [Times: user=0.00 sys=0.00, real=0.00 secs] 
2020-10-29T14:47:27.436+0000: [GC (Allocation Failure) 2020-10-29T14:47:27.437+0000: [ParNew: 16388K->4K(18432K), 0.0012218 secs] 147123K->130739K(209020K), 0.0012705 secs] [Times: user=0.00 sys=0.00, real=0.00 secs] 
2020-10-29T14:47:27.456+0000: [GC (Allocation Failure) 2020-10-29T14:47:27.456+0000: [ParNew: 16388K->4K(18432K), 0.0013174 secs] 147123K->130739K(209020K), 0.0013676 secs] [Times: user=0.00 sys=0.00, real=0.00 secs] 
2020-10-29T14:47:27.475+0000: [GC (Allocation Failure) 2020-10-29T14:47:27.475+0000: [ParNew: 16388K->4K(18432K), 0.0012175 secs] 147123K->130739K(209020K), 0.0012644 secs] [Times: user=0.00 sys=0.00, real=0.00 secs] 
2020-10-29T14:47:27.494+0000: [GC (Allocation Failure) 2020-10-29T14:47:27.494+0000: [ParNew: 16388K->4K(18432K), 0.0011324 secs] 147123K->130739K(209020K), 0.0011788 secs] [Times: user=0.00 sys=0.00, real=0.01 secs] 
2020-10-29T14:47:27.513+0000: [GC (Allocation Failure) 2020-10-29T14:47:27.513+0000: [ParNew: 16388K->4K(18432K), 0.0011492 secs] 147123K->130739K(209020K), 0.0011959 secs] [Times: user=0.00 sys=0.00, real=0.00 secs] 
2020-10-29T14:47:27.533+0000: [GC (Allocation Failure) 2020-10-29T14:47:27.533+0000: [ParNew: 16388K->4K(18432K), 0.0011248 secs] 147123K->130739K(209020K), 0.0011707 secs] [Times: user=0.00 sys=0.00, real=0.00 secs] 
2020-10-29T14:47:27.552+0000: [GC (Allocation Failure) 2020-10-29T14:47:27.552+0000: [ParNew: 16388K->4K(18432K), 0.0010762 secs] 147123K->130739K(209020K), 0.0011200 secs] [Times: user=0.00 sys=0.00, real=0.00 secs] 
2020-10-29T14:47:27.573+0000: [GC (Allocation Failure) 2020-10-29T14:47:27.573+0000: [ParNew: 16388K->4K(18432K), 0.0011733 secs] 147123K->130739K(209020K), 0.0012229 secs] [Times: user=0.00 sys=0.00, real=0.00 secs] 
2020-10-29T14:47:27.592+0000: [GC (Allocation Failure) 2020-10-29T14:47:27.592+0000: [ParNew: 16388K->4K(18432K), 0.0014363 secs] 147123K->130739K(209020K), 0.0014921 secs] [Times: user=0.01 sys=0.00, real=0.00 secs] 
2020-10-29T14:47:27.612+0000: [GC (Allocation Failure) 2020-10-29T14:47:27.612+0000: [ParNew: 16388K->4K(18432K), 0.0014390 secs] 147123K->130739K(209020K), 0.0014949 secs] [Times: user=0.01 sys=0.00, real=0.00 secs] 
2020-10-29T14:47:27.635+0000: [GC (Allocation Failure) 2020-10-29T14:47:27.635+0000: [ParNew: 16388K->4K(18432K), 0.0016499 secs] 147123K->130739K(209020K), 0.0017085 secs] [Times: user=0.01 sys=0.00, real=0.00 secs] 
2020-10-29T14:47:27.654+0000: [GC (Allocation Failure) 2020-10-29T14:47:27.654+0000: [ParNew: 16388K->4K(18432K), 0.0015664 secs] 147123K->130739K(209020K), 0.0016250 secs] [Times: user=0.00 sys=0.00, real=0.01 secs] 
2020-10-29T14:47:27.674+0000: [GC (Allocation Failure) 2020-10-29T14:47:27.674+0000: [ParNew: 16388K->4K(18432K), 0.0017713 secs] 147123K->130739K(209020K), 0.0018338 secs] [Times: user=0.00 sys=0.00, real=0.01 secs] 
2020-10-29T14:47:27.694+0000: [GC (Allocation Failure) 2020-10-29T14:47:27.694+0000: [ParNew: 16388K->4K(18432K), 0.0015184 secs] 147123K->130740K(209020K), 0.0015768 secs] [Times: user=0.00 sys=0.00, real=0.01 secs] 
2020-10-29T14:47:27.714+0000: [GC (Allocation Failure) 2020-10-29T14:47:27.714+0000: [ParNew: 16388K->4K(18432K), 0.0014355 secs] 147124K->130740K(209020K), 0.0014885 secs] [Times: user=0.00 sys=0.00, real=0.01 secs] 
2020-10-29T14:47:27.733+0000: [GC (Allocation Failure) 2020-10-29T14:47:27.733+0000: [ParNew: 16388K->4K(18432K), 0.0014229 secs] 147124K->130740K(209020K), 0.0014772 secs] [Times: user=0.01 sys=0.00, real=0.01 secs] 
2020-10-29T14:47:27.753+0000: [GC (Allocation Failure) 2020-10-29T14:47:27.753+0000: [ParNew: 16388K->4K(18432K), 0.0018087 secs] 147124K->130740K(209020K), 0.0019101 secs] [Times: user=0.01 sys=0.00, real=0.01 secs] 
2020-10-29T14:47:27.773+0000: [GC (Allocation Failure) 2020-10-29T14:47:27.773+0000: [ParNew: 16388K->4K(18432K), 0.0017865 secs] 147124K->130740K(209020K), 0.0018471 secs] [Times: user=0.01 sys=0.00, real=0.01 secs] 
2020-10-29T14:47:27.793+0000: [GC (Allocation Failure) 2020-10-29T14:47:27.793+0000: [ParNew: 16388K->4K(18432K), 0.0018186 secs] 147124K->130740K(209020K), 0.0018803 secs] [Times: user=0.00 sys=0.00, real=0.00 secs] 
2020-10-29T14:47:27.813+0000: [GC (Allocation Failure) 2020-10-29T14:47:27.813+0000: [ParNew: 16388K->4K(18432K), 0.0011479 secs] 147124K->130740K(209020K), 0.0011962 secs] [Times: user=0.00 sys=0.00, real=0.00 secs] 
2020-10-29T14:47:27.832+0000: [GC (Allocation Failure) 2020-10-29T14:47:27.832+0000: [ParNew: 16388K->4K(18432K), 0.0014283 secs] 147124K->130740K(209020K), 0.0014838 secs] [Times: user=0.00 sys=0.00, real=0.00 secs] 
2020-10-29T14:47:27.851+0000: [GC (Allocation Failure) 2020-10-29T14:47:27.851+0000: [ParNew: 16388K->4K(18432K), 0.0011550 secs] 147124K->130740K(209020K), 0.0012102 secs] [Times: user=0.00 sys=0.00, real=0.00 secs] 
2020-10-29T14:47:27.871+0000: [GC (Allocation Failure) 2020-10-29T14:47:27.871+0000: [ParNew: 16388K->4K(18432K), 0.0011013 secs] 147124K->130740K(209020K), 0.0011530 secs] [Times: user=0.00 sys=0.00, real=0.00 secs] 
2020-10-29T14:47:27.900+0000: [GC (Allocation Failure) 2020-10-29T14:47:27.900+0000: [ParNew: 16388K->4K(18432K), 0.0030108 secs] 147124K->130740K(209020K), 0.0030675 secs] [Times: user=0.01 sys=0.00, real=0.00 secs] 
2020-10-29T14:47:27.931+0000: [GC (Allocation Failure) 2020-10-29T14:47:27.931+0000: [ParNew: 16388K->4K(18432K), 0.0018622 secs] 147124K->130740K(209020K), 0.0019274 secs] [Times: user=0.00 sys=0.00, real=0.00 secs] 
2020-10-29T14:47:27.951+0000: [GC (Allocation Failure) 2020-10-29T14:47:27.951+0000: [ParNew: 16388K->4K(18432K), 0.0017243 secs] 147124K->130740K(209020K), 0.0017850 secs] [Times: user=0.00 sys=0.00, real=0.00 secs] 
2020-10-29T14:47:27.970+0000: [GC (Allocation Failure) 2020-10-29T14:47:27.970+0000: [ParNew: 16388K->4K(18432K), 0.0014715 secs] 147124K->130740K(209020K), 0.0015686 secs] [Times: user=0.00 sys=0.00, real=0.00 secs] 
2020-10-29T14:47:27.990+0000: [GC (Allocation Failure) 2020-10-29T14:47:27.990+0000: [ParNew: 16388K->4K(18432K), 0.0019448 secs] 147124K->130740K(209020K), 0.0020188 secs] [Times: user=0.01 sys=0.00, real=0.00 secs] 
2020-10-29T14:47:28.011+0000: [GC (Allocation Failure) 2020-10-29T14:47:28.011+0000: [ParNew: 16388K->4K(18432K), 0.0018471 secs] 147124K->130740K(209020K), 0.0019103 secs] [Times: user=0.01 sys=0.00, real=0.00 secs] 
2020-10-29T14:47:28.031+0000: [GC (Allocation Failure) 2020-10-29T14:47:28.031+0000: [ParNew: 16388K->4K(18432K), 0.0017877 secs] 147124K->130741K(209020K), 0.0018505 secs] [Times: user=0.01 sys=0.00, real=0.00 secs] 
2020-10-29T14:47:28.051+0000: [GC (Allocation Failure) 2020-10-29T14:47:28.051+0000: [ParNew: 16388K->4K(18432K), 0.0015309 secs] 147125K->130741K(209020K), 0.0015868 secs] [Times: user=0.00 sys=0.00, real=0.00 secs] 
2020-10-29T14:47:28.070+0000: [GC (Allocation Failure) 2020-10-29T14:47:28.070+0000: [ParNew: 16388K->4K(18432K), 0.0015820 secs] 147125K->130741K(209020K), 0.0016392 secs] [Times: user=0.01 sys=0.00, real=0.00 secs] 
2020-10-29T14:47:28.097+0000: [GC (Allocation Failure) 2020-10-29T14:47:28.097+0000: [ParNew: 16388K->4K(18432K), 0.0016155 secs] 147125K->130741K(209020K), 0.0016741 secs] [Times: user=0.01 sys=0.00, real=0.00 secs] 
2020-10-29T14:47:28.116+0000: [GC (Allocation Failure) 2020-10-29T14:47:28.116+0000: [ParNew: 16388K->4K(18432K), 0.0013561 secs] 147125K->130741K(209020K), 0.0014199 secs] [Times: user=0.00 sys=0.00, real=0.00 secs] 
2020-10-29T14:47:28.136+0000: [GC (Allocation Failure) 2020-10-29T14:47:28.136+0000: [ParNew: 16388K->4K(18432K), 0.0016140 secs] 147125K->130741K(209020K), 0.0016723 secs] [Times: user=0.00 sys=0.00, real=0.00 secs] 
2020-10-29T14:47:28.156+0000: [GC (Allocation Failure) 2020-10-29T14:47:28.156+0000: [ParNew: 16388K->4K(18432K), 0.0016649 secs] 147125K->130741K(209020K), 0.0017247 secs] [Times: user=0.00 sys=0.00, real=0.00 secs] 
2020-10-29T14:47:28.176+0000: [GC (Allocation Failure) 2020-10-29T14:47:28.176+0000: [ParNew: 16388K->4K(18432K), 0.0011200 secs] 147125K->130741K(209020K), 0.0011654 secs] [Times: user=0.01 sys=0.00, real=0.00 secs] 
2020-10-29T14:47:28.195+0000: [GC (Allocation Failure) 2020-10-29T14:47:28.195+0000: [ParNew: 16388K->4K(18432K), 0.0013423 secs] 147125K->130741K(209020K), 0.0013998 secs] [Times: user=0.01 sys=0.00, real=0.01 secs] 
2020-10-29T14:47:28.214+0000: [GC (Allocation Failure) 2020-10-29T14:47:28.215+0000: [ParNew: 16388K->4K(18432K), 0.0015980 secs] 147125K->130741K(209020K), 0.0016677 secs] [Times: user=0.00 sys=0.00, real=0.01 secs] 
2020-10-29T14:47:28.227+0000: [GC (Allocation Failure) 2020-10-29T14:47:28.227+0000: [ParNew: 16388K->4K(18432K), 0.0076605 secs] 147125K->138933K(209020K), 0.0077153 secs] [Times: user=0.01 sys=0.01, real=0.00 secs] 
2020-10-29T14:47:28.253+0000: [GC (Allocation Failure) 2020-10-29T14:47:28.253+0000: [ParNew: 16388K->4K(18432K), 0.0016702 secs] 155317K->138933K(209020K), 0.0017268 secs] [Times: user=0.00 sys=0.00, real=0.00 secs] 
2020-10-29T14:47:28.272+0000: [GC (Allocation Failure) 2020-10-29T14:47:28.272+0000: [ParNew: 16388K->4K(18432K), 0.0016919 secs] 155317K->138933K(209020K), 0.0017501 secs] [Times: user=0.01 sys=0.00, real=0.00 secs] 
2020-10-29T14:47:28.292+0000: [GC (Allocation Failure) 2020-10-29T14:47:28.292+0000: [ParNew: 16388K->4K(18432K), 0.0013411 secs] 155317K->138933K(209020K), 0.0013852 secs] [Times: user=0.00 sys=0.00, real=0.00 secs] 
2020-10-29T14:47:28.311+0000: [GC (Allocation Failure) 2020-10-29T14:47:28.311+0000: [ParNew: 16388K->4K(18432K), 0.0011848 secs] 155317K->138933K(209020K), 0.0012302 secs] [Times: user=0.00 sys=0.00, real=0.00 secs] 
2020-10-29T14:47:28.331+0000: [GC (Allocation Failure) 2020-10-29T14:47:28.331+0000: [ParNew: 16388K->4K(18432K), 0.0014466 secs] 155317K->138933K(209020K), 0.0015014 secs] [Times: user=0.00 sys=0.00, real=0.00 secs] 
2020-10-29T14:47:28.351+0000: [GC (Allocation Failure) 2020-10-29T14:47:28.351+0000: [ParNew: 16388K->4K(18432K), 0.0020883 secs] 155317K->138933K(209020K), 0.0021561 secs] [Times: user=0.00 sys=0.00, real=0.00 secs] 
2020-10-29T14:47:28.372+0000: [GC (Allocation Failure) 2020-10-29T14:47:28.372+0000: [ParNew: 16388K->4K(18432K), 0.0019782 secs] 155317K->138933K(209020K), 0.0020501 secs] [Times: user=0.01 sys=0.00, real=0.00 secs] 
2020-10-29T14:47:28.392+0000: [GC (Allocation Failure) 2020-10-29T14:47:28.392+0000: [ParNew: 16388K->4K(18432K), 0.0018867 secs] 155317K->138933K(209020K), 0.0019573 secs] [Times: user=0.00 sys=0.00, real=0.00 secs] 
2020-10-29T14:47:28.412+0000: [GC (Allocation Failure) 2020-10-29T14:47:28.412+0000: [ParNew: 16388K->4K(18432K), 0.0016349 secs] 155317K->138933K(209020K), 0.0016921 secs] [Times: user=0.00 sys=0.00, real=0.00 secs] 
2020-10-29T14:47:28.434+0000: [GC (Allocation Failure) 2020-10-29T14:47:28.434+0000: [ParNew: 16388K->4K(18432K), 0.0017014 secs] 155317K->138933K(209020K), 0.0017604 secs] [Times: user=0.01 sys=0.00, real=0.01 secs] 
2020-10-29T14:47:28.454+0000: [GC (Allocation Failure) 2020-10-29T14:47:28.454+0000: [ParNew: 16388K->4K(18432K), 0.0018775 secs] 155317K->138933K(209020K), 0.0019531 secs] [Times: user=0.00 sys=0.00, real=0.01 secs] 
2020-10-29T14:47:28.486+0000: [GC (Allocation Failure) 2020-10-29T14:47:28.486+0000: [ParNew: 16388K->8K(18432K), 0.0018883 secs] 155317K->138937K(209020K), 0.0019735 secs] [Times: user=0.01 sys=0.00, real=0.01 secs] 
2020-10-29T14:47:28.515+0000: [GC (Allocation Failure) 2020-10-29T14:47:28.516+0000: [ParNew: 16392K->8K(18432K), 0.0018496 secs] 155321K->138937K(209020K), 0.0019141 secs] [Times: user=0.00 sys=0.00, real=0.00 secs] 
2020-10-29T14:47:28.534+0000: [GC (Allocation Failure) 2020-10-29T14:47:28.534+0000: [ParNew: 16392K->6K(18432K), 0.0018926 secs] 155321K->138936K(209020K), 0.0019550 secs] [Times: user=0.00 sys=0.00, real=0.01 secs] 
2020-10-29T14:47:28.553+0000: [GC (Allocation Failure) 2020-10-29T14:47:28.553+0000: [ParNew: 16390K->7K(18432K), 0.0016891 secs] 155320K->138936K(209020K), 0.0017444 secs] [Times: user=0.01 sys=0.00, real=0.01 secs] 
2020-10-29T14:47:28.572+0000: [GC (Allocation Failure) 2020-10-29T14:47:28.572+0000: [ParNew: 16391K->7K(18432K), 0.0015785 secs] 155320K->138936K(209020K), 0.0016360 secs] [Times: user=0.01 sys=0.00, real=0.00 secs] 
2020-10-29T14:47:28.591+0000: [GC (Allocation Failure) 2020-10-29T14:47:28.591+0000: [ParNew: 16391K->7K(18432K), 0.0015769 secs] 155320K->138936K(209020K), 0.0016354 secs] [Times: user=0.00 sys=0.00, real=0.00 secs] 
2020-10-29T14:47:28.611+0000: [GC (Allocation Failure) 2020-10-29T14:47:28.611+0000: [ParNew: 16391K->4K(18432K), 0.0016919 secs] 155320K->138937K(209020K), 0.0017672 secs] [Times: user=0.01 sys=0.00, real=0.00 secs] 
2020-10-29T14:47:28.629+0000: [GC (Allocation Failure) 2020-10-29T14:47:28.630+0000: [ParNew: 16388K->4K(18432K), 0.0017559 secs] 155321K->138937K(209020K), 0.0018135 secs] [Times: user=0.01 sys=0.00, real=0.00 secs] 
2020-10-29T14:47:28.648+0000: [GC (Allocation Failure) 2020-10-29T14:47:28.648+0000: [ParNew: 16388K->4K(18432K), 0.0014852 secs] 155321K->138937K(209020K), 0.0015420 secs] [Times: user=0.01 sys=0.00, real=0.00 secs] 
2020-10-29T14:47:28.667+0000: [GC (Allocation Failure) 2020-10-29T14:47:28.667+0000: [ParNew: 16388K->4K(18432K), 0.0016373 secs] 155321K->138937K(209020K), 0.0016961 secs] [Times: user=0.00 sys=0.00, real=0.00 secs] 
2020-10-29T14:47:28.686+0000: [GC (Allocation Failure) 2020-10-29T14:47:28.686+0000: [ParNew: 16388K->4K(18432K), 0.0016560 secs] 155321K->138937K(209020K), 0.0017150 secs] [Times: user=0.00 sys=0.00, real=0.01 secs] 
2020-10-29T14:47:28.705+0000: [GC (Allocation Failure) 2020-10-29T14:47:28.705+0000: [ParNew: 16388K->4K(18432K), 0.0017933 secs] 155321K->138937K(209020K), 0.0018533 secs] [Times: user=0.00 sys=0.00, real=0.00 secs] 
2020-10-29T14:47:28.724+0000: [GC (Allocation Failure) 2020-10-29T14:47:28.724+0000: [ParNew: 16388K->4K(18432K), 0.0015810 secs] 155321K->138937K(209020K), 0.0016346 secs] [Times: user=0.00 sys=0.00, real=0.00 secs] 
2020-10-29T14:47:28.743+0000: [GC (Allocation Failure) 2020-10-29T14:47:28.743+0000: [ParNew: 16388K->4K(18432K), 0.0015819 secs] 155321K->138937K(209020K), 0.0016530 secs] [Times: user=0.00 sys=0.00, real=0.00 secs] 
2020-10-29T14:47:28.761+0000: [GC (Allocation Failure) 2020-10-29T14:47:28.761+0000: [ParNew: 16388K->4K(18432K), 0.0014064 secs] 155321K->138937K(209020K), 0.0014560 secs] [Times: user=0.00 sys=0.00, real=0.00 secs] 
2020-10-29T14:47:28.791+0000: [GC (Allocation Failure) 2020-10-29T14:47:28.791+0000: [ParNew: 16388K->4K(18432K), 0.0018570 secs] 171705K->155321K(209020K), 0.0019211 secs] [Times: user=0.01 sys=0.00, real=0.00 secs] 
2020-10-29T14:47:28.810+0000: [GC (Allocation Failure) 2020-10-29T14:47:28.810+0000: [ParNew: 16388K->4K(18432K), 0.0016280 secs] 171705K->155321K(209020K), 0.0016830 secs] [Times: user=0.01 sys=0.00, real=0.00 secs] 
2020-10-29T14:47:28.829+0000: [GC (Allocation Failure) 2020-10-29T14:47:28.829+0000: [ParNew: 16388K->4K(18432K), 0.0016347 secs] 171705K->155321K(209020K), 0.0016987 secs] [Times: user=0.01 sys=0.00, real=0.00 secs] 
2020-10-29T14:47:28.848+0000: [GC (Allocation Failure) 2020-10-29T14:47:28.848+0000: [ParNew: 16388K->4K(18432K), 0.0017320 secs] 171705K->155321K(209020K), 0.0017918 secs] [Times: user=0.01 sys=0.00, real=0.00 secs] 
2020-10-29T14:47:28.867+0000: [GC (Allocation Failure) 2020-10-29T14:47:28.867+0000: [ParNew: 16388K->4K(18432K), 0.0016501 secs] 171705K->155321K(209020K), 0.0017159 secs] [Times: user=0.00 sys=0.00, real=0.00 secs] 
2020-10-29T14:47:28.886+0000: [GC (Allocation Failure) 2020-10-29T14:47:28.886+0000: [ParNew: 16388K->4K(18432K), 0.0013586 secs] 171705K->155321K(209020K), 0.0014189 secs] [Times: user=0.00 sys=0.00, real=0.01 secs] 
2020-10-29T14:47:28.905+0000: [GC (Allocation Failure) 2020-10-29T14:47:28.905+0000: [ParNew: 16388K->4K(18432K), 0.0017681 secs] 171705K->155321K(209020K), 0.0018294 secs] [Times: user=0.00 sys=0.00, real=0.01 secs] 
2020-10-29T14:47:28.925+0000: [GC (Allocation Failure) 2020-10-29T14:47:28.925+0000: [ParNew: 16388K->4K(18432K), 0.0012409 secs] 171705K->155321K(209020K), 0.0012902 secs] [Times: user=0.00 sys=0.00, real=0.00 secs] 
2020-10-29T14:47:28.943+0000: [GC (Allocation Failure) 2020-10-29T14:47:28.943+0000: [ParNew: 16388K->4K(18432K), 0.0010600 secs] 171705K->155321K(209020K), 0.0011057 secs] [Times: user=0.00 sys=0.00, real=0.00 secs] 
2020-10-29T14:47:28.961+0000: [GC (Allocation Failure) 2020-10-29T14:47:28.961+0000: [ParNew: 16388K->4K(18432K), 0.0012821 secs] 171705K->155321K(209020K), 0.0013323 secs] [Times: user=0.00 sys=0.00, real=0.00 secs] 
2020-10-29T14:47:28.993+0000: [GC (Allocation Failure) 2020-10-29T14:47:28.993+0000: [ParNew: 16388K->4K(18432K), 0.0014821 secs] 171705K->155321K(209020K), 0.0015537 secs] [Times: user=0.00 sys=0.00, real=0.00 secs] 
2020-10-29T14:47:29.014+0000: [GC (Allocation Failure) 2020-10-29T14:47:29.014+0000: [ParNew: 16388K->4K(18432K), 0.0013888 secs] 171705K->155321K(209020K), 0.0014455 secs] [Times: user=0.00 sys=0.00, real=0.01 secs] 
2020-10-29T14:47:29.032+0000: [GC (Allocation Failure) 2020-10-29T14:47:29.032+0000: [ParNew: 16388K->4K(18432K), 0.0017733 secs] 171705K->155321K(209020K), 0.0018366 secs] [Times: user=0.00 sys=0.00, real=0.00 secs] 
2020-10-29T14:47:29.051+0000: [GC (Allocation Failure) 2020-10-29T14:47:29.051+0000: [ParNew: 16388K->4K(18432K), 0.0016641 secs] 171705K->155321K(209020K), 0.0017244 secs] [Times: user=0.00 sys=0.00, real=0.00 secs] 
2020-10-29T14:47:29.070+0000: [GC (Allocation Failure) 2020-10-29T14:47:29.070+0000: [ParNew: 16388K->4K(18432K), 0.0018897 secs] 171705K->155321K(209020K), 0.0019559 secs] [Times: user=0.01 sys=0.00, real=0.00 secs] 
2020-10-29T14:47:29.089+0000: [GC (Allocation Failure) 2020-10-29T14:47:29.089+0000: [ParNew: 16388K->4K(18432K), 0.0018554 secs] 171705K->155321K(209020K), 0.0019191 secs] [Times: user=0.00 sys=0.00, real=0.00 secs] 
2020-10-29T14:47:29.108+0000: [GC (Allocation Failure) 2020-10-29T14:47:29.109+0000: [ParNew: 16388K->4K(18432K), 0.0019145 secs] 171705K->155321K(209020K), 0.0019790 secs] [Times: user=0.00 sys=0.00, real=0.00 secs] 
2020-10-29T14:47:29.128+0000: [GC (Allocation Failure) 2020-10-29T14:47:29.128+0000: [ParNew: 16388K->4K(18432K), 0.0017671 secs] 171705K->155321K(209020K), 0.0018290 secs] [Times: user=0.00 sys=0.00, real=0.00 secs] 
2020-10-29T14:47:29.147+0000: [GC (Allocation Failure) 2020-10-29T14:47:29.147+0000: [ParNew: 16388K->4K(18432K), 0.0018202 secs] 171705K->155321K(209020K), 0.0018814 secs] [Times: user=0.00 sys=0.00, real=0.00 secs] 
2020-10-29T14:47:29.166+0000: [GC (Allocation Failure) 2020-10-29T14:47:29.166+0000: [ParNew: 16388K->4K(18432K), 0.0015866 secs] 171705K->155321K(209020K), 0.0016452 secs] [Times: user=0.01 sys=0.00, real=0.01 secs] 
2020-10-29T14:47:29.185+0000: [GC (Allocation Failure) 2020-10-29T14:47:29.185+0000: [ParNew: 16388K->4K(18432K), 0.0015627 secs] 171705K->155321K(209020K), 0.0016194 secs] [Times: user=0.01 sys=0.00, real=0.01 secs] 
2020-10-29T14:47:29.204+0000: [GC (Allocation Failure) 2020-10-29T14:47:29.204+0000: [ParNew: 16388K->4K(18432K), 0.0013691 secs] 171705K->155321K(209020K), 0.0014210 secs] [Times: user=0.00 sys=0.00, real=0.00 secs] 
2020-10-29T14:47:29.223+0000: [GC (Allocation Failure) 2020-10-29T14:47:29.223+0000: [ParNew: 16388K->4K(18432K), 0.0015865 secs] 171705K->155321K(209020K), 0.0016448 secs] [Times: user=0.00 sys=0.00, real=0.00 secs] 
2020-10-29T14:47:29.242+0000: [GC (Allocation Failure) 2020-10-29T14:47:29.242+0000: [ParNew: 16388K->4K(18432K), 0.0016247 secs] 171705K->155321K(209020K), 0.0016837 secs] [Times: user=0.00 sys=0.00, real=0.00 secs] 
2020-10-29T14:47:29.261+0000: [GC (Allocation Failure) 2020-10-29T14:47:29.261+0000: [ParNew: 16388K->4K(18432K), 0.0015729 secs] 171705K->155321K(209020K), 0.0016283 secs] [Times: user=0.00 sys=0.00, real=0.00 secs] 
2020-10-29T14:47:29.280+0000: [GC (Allocation Failure) 2020-10-29T14:47:29.280+0000: [ParNew: 16388K->4K(18432K), 0.0014918 secs] 171705K->155321K(209020K), 0.0015478 secs] [Times: user=0.00 sys=0.00, real=0.00 secs] 
2020-10-29T14:47:29.299+0000: [GC (Allocation Failure) 2020-10-29T14:47:29.299+0000: [ParNew: 16388K->4K(18432K), 0.0013906 secs] 171705K->155321K(209020K), 0.0014454 secs] [Times: user=0.00 sys=0.00, real=0.00 secs] 
2020-10-29T14:47:29.316+0000: [GC (Allocation Failure) 2020-10-29T14:47:29.316+0000: [ParNew: 14748K->4K(18432K), 0.0010976 secs] 170066K->155321K(209020K), 0.0011459 secs] [Times: user=0.00 sys=0.00, real=0.00 secs] 
2020-10-29T14:47:29.327+0000: [GC (Allocation Failure) 2020-10-29T14:47:29.327+0000: [ParNew: 16388K->4K(18432K), 0.0070391 secs] 171705K->163513K(209020K), 0.0070849 secs] [Times: user=0.02 sys=0.00, real=0.00 secs] 
2020-10-29T14:47:29.334+0000: [CMS-concurrent-abortable-preclean: 0.091/2.263 secs] [Times: user=2.60 sys=0.10, real=2.26 secs] 
2020-10-29T14:47:29.335+0000: [GC (CMS Final Remark) [YG occupancy: 330 K (18432 K)]2020-10-29T14:47:29.335+0000: [Rescan (parallel) , 0.0008932 secs]2020-10-29T14:47:29.336+0000: [weak refs processing, 0.0000333 secs]2020-10-29T14:47:29.336+0000: [class unloading, 0.0081283 secs]2020-10-29T14:47:29.344+0000: [scrub symbol table, 0.0092004 secs]2020-10-29T14:47:29.353+0000: [scrub string table, 0.0006483 secs][1 CMS-remark: 163509K(190588K)] 163839K(209020K), 0.0189951 secs] [Times: user=0.02 sys=0.00, real=0.01 secs] 
2020-10-29T14:47:29.354+0000: [CMS-concurrent-sweep-start]
2020-10-29T14:47:29.365+0000: [CMS-concurrent-sweep: 0.010/0.011 secs] [Times: user=0.01 sys=0.00, real=0.01 secs] 
2020-10-29T14:47:29.366+0000: [CMS-concurrent-reset-start]
2020-10-29T14:47:29.368+0000: [CMS-concurrent-reset: 0.002/0.002 secs] [Times: user=0.01 sys=0.00, real=0.01 secs] 
2020-10-29T14:47:29.381+0000: [GC (Allocation Failure) 2020-10-29T14:47:29.381+0000: [ParNew: 16388K->4K(18432K), 0.0020855 secs] 177768K->161384K(287400K), 0.0021360 secs] [Times: user=0.00 sys=0.01, real=0.00 secs] 
2020-10-29T14:47:29.385+0000: [GC (CMS Initial Mark) [1 CMS-initial-mark: 161380K(268968K)] 161711K(287400K), 0.0012924 secs] [Times: user=0.00 sys=0.00, real=0.00 secs] 
2020-10-29T14:47:29.386+0000: [CMS-concurrent-mark-start]
2020-10-29T14:47:29.413+0000: [GC (Allocation Failure) 2020-10-29T14:47:29.413+0000: [ParNew: 16388K->4K(18432K), 0.0016863 secs] 177768K->161384K(287400K), 0.0017419 secs] [Times: user=0.00 sys=0.00, real=0.01 secs] 
2020-10-29T14:47:29.428+0000: [CMS-concurrent-mark: 0.040/0.042 secs] [Times: user=0.09 sys=0.00, real=0.05 secs] 
2020-10-29T14:47:29.428+0000: [CMS-concurrent-preclean-start]
2020-10-29T14:47:29.430+0000: [CMS-concurrent-preclean: 0.002/0.002 secs] [Times: user=0.00 sys=0.00, real=0.00 secs] 
2020-10-29T14:47:29.430+0000: [CMS-concurrent-abortable-preclean-start]
2020-10-29T14:47:29.438+0000: [GC (Allocation Failure) 2020-10-29T14:47:29.438+0000: [ParNew: 16388K->4K(18432K), 0.0014666 secs] 177768K->161384K(287400K), 0.0015085 secs] [Times: user=0.00 sys=0.00, real=0.00 secs] 
2020-10-29T14:47:29.456+0000: [GC (Allocation Failure) 2020-10-29T14:47:29.456+0000: [ParNew: 16388K->4K(18432K), 0.0015349 secs] 177768K->161384K(287400K), 0.0015885 secs] [Times: user=0.00 sys=0.00, real=0.00 secs] 
2020-10-29T14:47:29.475+0000: [GC (Allocation Failure) 2020-10-29T14:47:29.475+0000: [ParNew: 16388K->4K(18432K), 0.0016682 secs] 177768K->161384K(287400K), 0.0017245 secs] [Times: user=0.00 sys=0.00, real=0.00 secs] 
2020-10-29T14:47:29.494+0000: [GC (Allocation Failure) 2020-10-29T14:47:29.494+0000: [ParNew: 16388K->4K(18432K), 0.0015169 secs] 177768K->161384K(287400K), 0.0015679 secs] [Times: user=0.01 sys=0.00, real=0.01 secs] 
2020-10-29T14:47:29.520+0000: [GC (Allocation Failure) 2020-10-29T14:47:29.520+0000: [ParNew: 16388K->4K(18432K), 0.0014639 secs] 177768K->161384K(287400K), 0.0015253 secs] [Times: user=0.01 sys=0.00, real=0.00 secs] 
2020-10-29T14:47:29.551+0000: [GC (Allocation Failure) 2020-10-29T14:47:29.551+0000: [ParNew: 16388K->4K(18432K), 0.0015633 secs] 177768K->161384K(287400K), 0.0016329 secs] [Times: user=0.00 sys=0.00, real=0.00 secs] 
2020-10-29T14:47:29.575+0000: [GC (Allocation Failure) 2020-10-29T14:47:29.575+0000: [ParNew: 16388K->4K(18432K), 0.0015232 secs] 177768K->161384K(287400K), 0.0015788 secs] [Times: user=0.01 sys=0.00, real=0.00 secs] 
2020-10-29T14:47:29.594+0000: [GC (Allocation Failure) 2020-10-29T14:47:29.594+0000: [ParNew: 16388K->4K(18432K), 0.0015392 secs] 177768K->161384K(287400K), 0.0015909 secs] [Times: user=0.00 sys=0.00, real=0.01 secs] 
2020-10-29T14:47:29.613+0000: [GC (Allocation Failure) 2020-10-29T14:47:29.613+0000: [ParNew: 16388K->4K(18432K), 0.0017361 secs] 177768K->161384K(287400K), 0.0017924 secs] [Times: user=0.00 sys=0.00, real=0.01 secs] 
2020-10-29T14:47:29.632+0000: [GC (Allocation Failure) 2020-10-29T14:47:29.632+0000: [ParNew: 16388K->4K(18432K), 0.0017538 secs] 177768K->161384K(287400K), 0.0018117 secs] [Times: user=0.00 sys=0.00, real=0.00 secs] 
2020-10-29T14:47:29.651+0000: [GC (Allocation Failure) 2020-10-29T14:47:29.651+0000: [ParNew: 16388K->4K(18432K), 0.0017673 secs] 177768K->161384K(287400K), 0.0018258 secs] [Times: user=0.00 sys=0.00, real=0.00 secs] 
2020-10-29T14:47:29.670+0000: [GC (Allocation Failure) 2020-10-29T14:47:29.670+0000: [ParNew: 16388K->4K(18432K), 0.0013497 secs] 177768K->161384K(287400K), 0.0013967 secs] [Times: user=0.00 sys=0.00, real=0.00 secs] 
2020-10-29T14:47:29.688+0000: [GC (Allocation Failure) 2020-10-29T14:47:29.688+0000: [ParNew: 16388K->4K(18432K), 0.0012795 secs] 177768K->161384K(287400K), 0.0013254 secs] [Times: user=0.00 sys=0.00, real=0.00 secs] 
2020-10-29T14:47:29.707+0000: [GC (Allocation Failure) 2020-10-29T14:47:29.707+0000: [ParNew: 16388K->4K(18432K), 0.0012794 secs] 177768K->161384K(287400K), 0.0013237 secs] [Times: user=0.00 sys=0.00, real=0.00 secs] 
2020-10-29T14:47:29.725+0000: [GC (Allocation Failure) 2020-10-29T14:47:29.725+0000: [ParNew: 16388K->4K(18432K), 0.0012519 secs] 177768K->161384K(287400K), 0.0012965 secs] [Times: user=0.00 sys=0.00, real=0.00 secs] 
2020-10-29T14:47:29.744+0000: [GC (Allocation Failure) 2020-10-29T14:47:29.744+0000: [ParNew: 16388K->4K(18432K), 0.0012504 secs] 177768K->161384K(287400K), 0.0013112 secs] [Times: user=0.00 sys=0.00, real=0.00 secs] 
2020-10-29T14:47:29.762+0000: [GC (Allocation Failure) 2020-10-29T14:47:29.762+0000: [ParNew: 16388K->4K(18432K), 0.0014476 secs] 177768K->161384K(287400K), 0.0015018 secs] [Times: user=0.00 sys=0.00, real=0.00 secs] 
2020-10-29T14:47:29.781+0000: [GC (Allocation Failure) 2020-10-29T14:47:29.781+0000: [ParNew: 16388K->4K(18432K), 0.0016555 secs] 177768K->161384K(287400K), 0.0017131 secs] [Times: user=0.00 sys=0.00, real=0.00 secs] 
2020-10-29T14:47:29.800+0000: [GC (Allocation Failure) 2020-10-29T14:47:29.800+0000: [ParNew: 16388K->4K(18432K), 0.0019085 secs] 177768K->161384K(287400K), 0.0019726 secs] [Times: user=0.00 sys=0.00, real=0.00 secs] 
2020-10-29T14:47:29.819+0000: [GC (Allocation Failure) 2020-10-29T14:47:29.819+0000: [ParNew: 16388K->4K(18432K), 0.0018751 secs] 177768K->161384K(287400K), 0.0019344 secs] [Times: user=0.00 sys=0.00, real=0.00 secs] 
2020-10-29T14:47:29.839+0000: [GC (Allocation Failure) 2020-10-29T14:47:29.839+0000: [ParNew: 16388K->4K(18432K), 0.0014545 secs] 177768K->161384K(287400K), 0.0015009 secs] [Times: user=0.01 sys=0.00, real=0.00 secs] 
2020-10-29T14:47:29.855+0000: [GC (Allocation Failure) 2020-10-29T14:47:29.855+0000: [ParNew: 12798K->4K(18432K), 0.0012547 secs] 174179K->161384K(287400K), 0.0013011 secs] [Times: user=0.00 sys=0.00, real=0.00 secs] 
2020-10-29T14:47:29.867+0000: [GC (Allocation Failure) 2020-10-29T14:47:29.867+0000: [ParNew: 16388K->4K(18432K), 0.0073591 secs] 177768K->169576K(287400K), 0.0074126 secs] [Times: user=0.02 sys=0.00, real=0.01 secs] 
2020-10-29T14:47:29.874+0000: [CMS-concurrent-abortable-preclean: 0.019/0.444 secs] [Times: user=0.55 sys=0.01, real=0.44 secs] 
2020-10-29T14:47:29.875+0000: [GC (CMS Final Remark) [YG occupancy: 329 K (18432 K)]2020-10-29T14:47:29.875+0000: [Rescan (parallel) , 0.0011195 secs]2020-10-29T14:47:29.876+0000: [weak refs processing, 0.0000277 secs]2020-10-29T14:47:29.876+0000: [class unloading, 0.0083563 secs]2020-10-29T14:47:29.884+0000: [scrub symbol table, 0.0091871 secs]2020-10-29T14:47:29.893+0000: [scrub string table, 0.0006705 secs][1 CMS-remark: 169572K(268968K)] 169902K(287400K), 0.0194598 secs] [Times: user=0.02 sys=0.00, real=0.01 secs] 
2020-10-29T14:47:29.894+0000: [CMS-concurrent-sweep-start]
2020-10-29T14:47:29.904+0000: [CMS-concurrent-sweep: 0.010/0.010 secs] [Times: user=0.02 sys=0.00, real=0.01 secs] 
2020-10-29T14:47:29.904+0000: [CMS-concurrent-reset-start]
2020-10-29T14:47:29.906+0000: [CMS-concurrent-reset: 0.002/0.002 secs] [Times: user=0.00 sys=0.00, real=0.00 secs] 
2020-10-29T14:47:29.917+0000: [GC (Allocation Failure) 2020-10-29T14:47:29.917+0000: [ParNew: 16388K->4K(18432K), 0.0020675 secs] 181864K->165480K(294228K), 0.0021114 secs] [Times: user=0.00 sys=0.00, real=0.00 secs] 
2020-10-29T14:47:29.936+0000: [GC (Allocation Failure) 2020-10-29T14:47:29.936+0000: [ParNew: 16388K->4K(18432K), 0.0018736 secs] 181864K->165480K(294228K), 0.0019264 secs] [Times: user=0.00 sys=0.00, real=0.00 secs] 
2020-10-29T14:47:29.955+0000: [GC (Allocation Failure) 2020-10-29T14:47:29.955+0000: [ParNew: 16388K->4K(18432K), 0.0019558 secs] 181864K->165480K(294228K), 0.0020199 secs] [Times: user=0.00 sys=0.00, real=0.00 secs] 
2020-10-29T14:47:29.975+0000: [GC (Allocation Failure) 2020-10-29T14:47:29.975+0000: [ParNew: 16388K->4K(18432K), 0.0019042 secs] 181864K->165480K(294228K), 0.0019579 secs] [Times: user=0.00 sys=0.00, real=0.00 secs] 
2020-10-29T14:47:29.995+0000: [GC (Allocation Failure) 2020-10-29T14:47:29.995+0000: [ParNew: 16388K->4K(18432K), 0.0016717 secs] 181864K->165480K(294228K), 0.0017168 secs] [Times: user=0.00 sys=0.00, real=0.00 secs] 
2020-10-29T14:47:30.014+0000: [GC (Allocation Failure) 2020-10-29T14:47:30.014+0000: [ParNew: 16388K->4K(18432K), 0.0016732 secs] 181864K->165480K(294228K), 0.0017208 secs] [Times: user=0.01 sys=0.00, real=0.01 secs] 
2020-10-29T14:47:30.033+0000: [GC (Allocation Failure) 2020-10-29T14:47:30.033+0000: [ParNew: 16388K->4K(18432K), 0.0015806 secs] 181864K->165480K(294228K), 0.0016252 secs] [Times: user=0.01 sys=0.00, real=0.00 secs] 
2020-10-29T14:47:30.059+0000: [GC (Allocation Failure) 2020-10-29T14:47:30.059+0000: [ParNew: 16388K->4K(18432K), 0.0019011 secs] 181864K->165480K(294228K), 0.0019713 secs] [Times: user=0.00 sys=0.00, real=0.00 secs] 
2020-10-29T14:47:30.087+0000: [GC (Allocation Failure) 2020-10-29T14:47:30.087+0000: [ParNew: 16388K->4K(18432K), 0.0020027 secs] 181864K->165480K(294228K), 0.0020649 secs] [Times: user=0.01 sys=0.00, real=0.00 secs] 
2020-10-29T14:47:30.106+0000: [GC (Allocation Failure) 2020-10-29T14:47:30.106+0000: [ParNew: 16388K->4K(18432K), 0.0015759 secs] 181864K->165480K(294228K), 0.0016219 secs] [Times: user=0.01 sys=0.00, real=0.01 secs] 
2020-10-29T14:47:30.125+0000: [GC (Allocation Failure) 2020-10-29T14:47:30.125+0000: [ParNew: 16388K->4K(18432K), 0.0018934 secs] 181864K->165480K(294228K), 0.0019474 secs] [Times: user=0.01 sys=0.00, real=0.01 secs] 
2020-10-29T14:47:30.144+0000: [GC (Allocation Failure) 2020-10-29T14:47:30.144+0000: [ParNew: 16388K->4K(18432K), 0.0018748 secs] 181864K->165480K(294228K), 0.0019280 secs] [Times: user=0.01 sys=0.00, real=0.00 secs] 
2020-10-29T14:47:30.163+0000: [GC (Allocation Failure) 2020-10-29T14:47:30.163+0000: [ParNew: 16388K->4K(18432K), 0.0019027 secs] 181864K->165480K(294228K), 0.0019556 secs] [Times: user=0.00 sys=0.00, real=0.00 secs] 
2020-10-29T14:47:30.183+0000: [GC (Allocation Failure) 2020-10-29T14:47:30.183+0000: [ParNew: 16388K->4K(18432K), 0.0021247 secs] 181864K->165480K(294228K), 0.0021970 secs] [Times: user=0.00 sys=0.00, real=0.00 secs] 
2020-10-29T14:47:30.202+0000: [GC (Allocation Failure) 2020-10-29T14:47:30.202+0000: [ParNew: 15047K->4K(18432K), 0.0020224 secs] 180524K->165480K(294228K), 0.0020848 secs] [Times: user=0.00 sys=0.00, real=0.00 secs] 
2020-10-29T14:47:30.214+0000: [GC (Allocation Failure) 2020-10-29T14:47:30.214+0000: [ParNew: 16388K->4K(18432K), 0.0084220 secs] 181864K->173672K(294228K), 0.0084810 secs] [Times: user=0.02 sys=0.00, real=0.01 secs] 
2020-10-29T14:47:30.224+0000: [GC (CMS Initial Mark) [1 CMS-initial-mark: 173668K(275796K)] 173998K(294228K), 0.0014767 secs] [Times: user=0.00 sys=0.00, real=0.00 secs] 
2020-10-29T14:47:30.225+0000: [CMS-concurrent-mark-start]
2020-10-29T14:47:30.252+0000: [GC (Allocation Failure) 2020-10-29T14:47:30.252+0000: [ParNew: 16388K->4K(18432K), 0.0018639 secs] 190056K->173672K(294228K), 0.0019267 secs] [Times: user=0.00 sys=0.00, real=0.00 secs] 
2020-10-29T14:47:30.269+0000: [CMS-concurrent-mark: 0.041/0.043 secs] [Times: user=0.09 sys=0.00, real=0.05 secs] 
2020-10-29T14:47:30.269+0000: [CMS-concurrent-preclean-start]
2020-10-29T14:47:30.271+0000: [CMS-concurrent-preclean: 0.002/0.002 secs] [Times: user=0.00 sys=0.00, real=0.00 secs] 
2020-10-29T14:47:30.271+0000: [CMS-concurrent-abortable-preclean-start]
2020-10-29T14:47:30.277+0000: [GC (Allocation Failure) 2020-10-29T14:47:30.277+0000: [ParNew: 16388K->4K(18432K), 0.0016369 secs] 190056K->173672K(294228K), 0.0016854 secs] [Times: user=0.00 sys=0.00, real=0.00 secs] 
2020-10-29T14:47:30.297+0000: [GC (Allocation Failure) 2020-10-29T14:47:30.297+0000: [ParNew: 16388K->4K(18432K), 0.0016197 secs] 190056K->173672K(294228K), 0.0016668 secs] [Times: user=0.01 sys=0.00, real=0.00 secs] 
2020-10-29T14:47:30.316+0000: [GC (Allocation Failure) 2020-10-29T14:47:30.316+0000: [ParNew: 16388K->4K(18432K), 0.0016971 secs] 190056K->173672K(294228K), 0.0017526 secs] [Times: user=0.01 sys=0.00, real=0.00 secs] 
2020-10-29T14:47:30.336+0000: [GC (Allocation Failure) 2020-10-29T14:47:30.336+0000: [ParNew: 16388K->4K(18432K), 0.0016762 secs] 190056K->173672K(294228K), 0.0017315 secs] [Times: user=0.00 sys=0.00, real=0.00 secs] 
2020-10-29T14:47:30.355+0000: [GC (Allocation Failure) 2020-10-29T14:47:30.355+0000: [ParNew: 16388K->4K(18432K), 0.0019291 secs] 190056K->173672K(294228K), 0.0019911 secs] [Times: user=0.01 sys=0.00, real=0.00 secs] 
2020-10-29T14:47:30.375+0000: [GC (Allocation Failure) 2020-10-29T14:47:30.375+0000: [ParNew: 16388K->4K(18432K), 0.0020314 secs] 190056K->173672K(294228K), 0.0020952 secs] [Times: user=0.00 sys=0.00, real=0.01 secs] 
2020-10-29T14:47:30.394+0000: [GC (Allocation Failure) 2020-10-29T14:47:30.394+0000: [ParNew: 16388K->4K(18432K), 0.0020896 secs] 190056K->173672K(294228K), 0.0021561 secs] [Times: user=0.00 sys=0.00, real=0.01 secs] 
2020-10-29T14:47:30.414+0000: [GC (Allocation Failure) 2020-10-29T14:47:30.414+0000: [ParNew: 16388K->4K(18432K), 0.0021435 secs] 190056K->173672K(294228K), 0.0022081 secs] [Times: user=0.00 sys=0.00, real=0.01 secs] 
2020-10-29T14:47:30.434+0000: [GC (Allocation Failure) 2020-10-29T14:47:30.434+0000: [ParNew: 16388K->4K(18432K), 0.0022269 secs] 190056K->173672K(294228K), 0.0022917 secs] [Times: user=0.00 sys=0.00, real=0.01 secs] 
2020-10-29T14:47:30.454+0000: [GC (Allocation Failure) 2020-10-29T14:47:30.454+0000: [ParNew: 16388K->4K(18432K), 0.0020979 secs] 190056K->173672K(294228K), 0.0021643 secs] [Times: user=0.00 sys=0.00, real=0.01 secs] 
2020-10-29T14:47:30.474+0000: [GC (Allocation Failure) 2020-10-29T14:47:30.474+0000: [ParNew: 16388K->4K(18432K), 0.0021481 secs] 190056K->173672K(294228K), 0.0022171 secs] [Times: user=0.01 sys=0.00, real=0.01 secs] 
2020-10-29T14:47:30.492+0000: [GC (Allocation Failure) 2020-10-29T14:47:30.492+0000: [ParNew: 14094K->4K(18432K), 0.0019015 secs] 187762K->173672K(294228K), 0.0019625 secs] [Times: user=0.00 sys=0.00, real=0.00 secs] 
2020-10-29T14:47:30.505+0000: [GC (Allocation Failure) 2020-10-29T14:47:30.505+0000: [ParNew: 16388K->4K(18432K), 0.0079540 secs] 190056K->181864K(294228K), 0.0080135 secs] [Times: user=0.01 sys=0.00, real=0.01 secs] 
2020-10-29T14:47:30.513+0000: [CMS-concurrent-abortable-preclean: 0.011/0.242 secs] [Times: user=0.27 sys=0.02, real=0.24 secs] 
2020-10-29T14:47:30.515+0000: [GC (CMS Final Remark) [YG occupancy: 330 K (18432 K)]2020-10-29T14:47:30.515+0000: [Rescan (parallel) , 0.0014966 secs]2020-10-29T14:47:30.516+0000: [weak refs processing, 0.0000268 secs]2020-10-29T14:47:30.516+0000: [class unloading, 0.0081311 secs]2020-10-29T14:47:30.524+0000: [scrub symbol table, 0.0092687 secs]2020-10-29T14:47:30.534+0000: [scrub string table, 0.0006792 secs][1 CMS-remark: 181860K(275796K)] 182190K(294228K), 0.0197168 secs] [Times: user=0.02 sys=0.00, real=0.01 secs] 
2020-10-29T14:47:30.534+0000: [CMS-concurrent-sweep-start]
2020-10-29T14:47:30.544+0000: [CMS-concurrent-sweep: 0.010/0.010 secs] [Times: user=0.01 sys=0.00, real=0.01 secs] 
2020-10-29T14:47:30.544+0000: [CMS-concurrent-reset-start]
2020-10-29T14:47:30.547+0000: [CMS-concurrent-reset: 0.002/0.002 secs] [Times: user=0.01 sys=0.00, real=0.01 secs] 
2020-10-29T14:47:30.558+0000: [GC (Allocation Failure) 2020-10-29T14:47:30.558+0000: [ParNew: 16388K->4K(18432K), 0.0022126 secs] 198248K->181864K(321536K), 0.0022697 secs] [Times: user=0.00 sys=0.00, real=0.00 secs] 
2020-10-29T14:47:30.577+0000: [GC (Allocation Failure) 2020-10-29T14:47:30.577+0000: [ParNew: 16388K->4K(18432K), 0.0020722 secs] 198248K->181864K(321536K), 0.0021332 secs] [Times: user=0.00 sys=0.00, real=0.00 secs] 
2020-10-29T14:47:30.596+0000: [GC (Allocation Failure) 2020-10-29T14:47:30.597+0000: [ParNew: 16388K->4K(18432K), 0.0020452 secs] 198248K->181864K(321536K), 0.0021001 secs] [Times: user=0.01 sys=0.00, real=0.00 secs] 
2020-10-29T14:47:30.619+0000: [GC (Allocation Failure) 2020-10-29T14:47:30.619+0000: [ParNew: 16388K->4K(18432K), 0.0020989 secs] 198248K->181864K(321536K), 0.0021555 secs] [Times: user=0.00 sys=0.00, real=0.00 secs] 
2020-10-29T14:47:30.638+0000: [GC (Allocation Failure) 2020-10-29T14:47:30.638+0000: [ParNew: 16388K->4K(18432K), 0.0020765 secs] 198248K->181864K(321536K), 0.0021332 secs] [Times: user=0.00 sys=0.00, real=0.00 secs] 
2020-10-29T14:47:30.657+0000: [GC (Allocation Failure) 2020-10-29T14:47:30.657+0000: [ParNew: 16388K->4K(18432K), 0.0019292 secs] 198248K->181864K(321536K), 0.0019798 secs] [Times: user=0.00 sys=0.00, real=0.00 secs] 
2020-10-29T14:47:30.677+0000: [GC (Allocation Failure) 2020-10-29T14:47:30.677+0000: [ParNew: 16388K->4K(18432K), 0.0020693 secs] 198248K->181864K(321536K), 0.0021258 secs] [Times: user=0.01 sys=0.00, real=0.00 secs] 
2020-10-29T14:47:30.696+0000: [GC (Allocation Failure) 2020-10-29T14:47:30.696+0000: [ParNew: 16388K->4K(18432K), 0.0019970 secs] 198248K->181864K(321536K), 0.0020548 secs] [Times: user=0.01 sys=0.00, real=0.00 secs] 
2020-10-29T14:47:30.715+0000: [GC (Allocation Failure) 2020-10-29T14:47:30.715+0000: [ParNew: 16388K->4K(18432K), 0.0016401 secs] 198248K->181864K(321536K), 0.0016867 secs] [Times: user=0.01 sys=0.00, real=0.00 secs] 
2020-10-29T14:47:30.734+0000: [GC (Allocation Failure) 2020-10-29T14:47:30.734+0000: [ParNew: 16388K->4K(18432K), 0.0018255 secs] 198248K->181865K(321536K), 0.0018782 secs] [Times: user=0.01 sys=0.00, real=0.01 secs] 
2020-10-29T14:47:30.753+0000: [GC (Allocation Failure) 2020-10-29T14:47:30.753+0000: [ParNew: 16388K->4K(18432K), 0.0015998 secs] 198249K->181865K(321536K), 0.0016458 secs] [Times: user=0.01 sys=0.00, real=0.00 secs] 
2020-10-29T14:47:30.792+0000: [GC (Allocation Failure) 2020-10-29T14:47:30.792+0000: [ParNew: 16388K->4K(18432K), 0.0020397 secs] 231017K->214633K(321536K), 0.0021031 secs] [Times: user=0.00 sys=0.00, real=0.00 secs] 
2020-10-29T14:47:30.797+0000: [GC (CMS Initial Mark) [1 CMS-initial-mark: 214629K(303104K)] 214960K(321536K), 0.0012560 secs] [Times: user=0.01 sys=0.00, real=0.00 secs] 
2020-10-29T14:47:30.798+0000: [CMS-concurrent-mark-start]
2020-10-29T14:47:30.824+0000: [GC (Allocation Failure) 2020-10-29T14:47:30.824+0000: [ParNew: 16388K->4K(18432K), 0.0017188 secs] 231017K->214633K(321536K), 0.0017778 secs] [Times: user=0.00 sys=0.00, real=0.00 secs] 
2020-10-29T14:47:30.841+0000: [CMS-concurrent-mark: 0.041/0.043 secs] [Times: user=0.08 sys=0.01, real=0.04 secs] 
2020-10-29T14:47:30.841+0000: [CMS-concurrent-preclean-start]
2020-10-29T14:47:30.843+0000: [CMS-concurrent-preclean: 0.002/0.002 secs] [Times: user=0.00 sys=0.00, real=0.00 secs] 
2020-10-29T14:47:30.843+0000: [CMS-concurrent-abortable-preclean-start]
2020-10-29T14:47:30.849+0000: [GC (Allocation Failure) 2020-10-29T14:47:30.849+0000: [ParNew: 16388K->4K(18432K), 0.0015154 secs] 231017K->214633K(321536K), 0.0015558 secs] [Times: user=0.00 sys=0.00, real=0.00 secs] 
2020-10-29T14:47:30.868+0000: [GC (Allocation Failure) 2020-10-29T14:47:30.868+0000: [ParNew: 16388K->4K(18432K), 0.0016136 secs] 231017K->214633K(321536K), 0.0016669 secs] [Times: user=0.00 sys=0.00, real=0.00 secs] 
2020-10-29T14:47:30.887+0000: [GC (Allocation Failure) 2020-10-29T14:47:30.887+0000: [ParNew: 16388K->4K(18432K), 0.0019271 secs] 231017K->214633K(321536K), 0.0019993 secs] [Times: user=0.01 sys=0.00, real=0.00 secs] 
2020-10-29T14:47:30.906+0000: [GC (Allocation Failure) 2020-10-29T14:47:30.906+0000: [ParNew: 16388K->4K(18432K), 0.0014208 secs] 231017K->214633K(321536K), 0.0014702 secs] [Times: user=0.01 sys=0.00, real=0.01 secs] 
2020-10-29T14:47:30.925+0000: [GC (Allocation Failure) 2020-10-29T14:47:30.925+0000: [ParNew: 16388K->4K(18432K), 0.0013376 secs] 231017K->214633K(321536K), 0.0013830 secs] [Times: user=0.01 sys=0.00, real=0.00 secs] 
2020-10-29T14:47:30.944+0000: [GC (Allocation Failure) 2020-10-29T14:47:30.944+0000: [ParNew: 16388K->4K(18432K), 0.0019702 secs] 231017K->214633K(321536K), 0.0020324 secs] [Times: user=0.00 sys=0.00, real=0.00 secs] 
2020-10-29T14:47:30.963+0000: [GC (Allocation Failure) 2020-10-29T14:47:30.963+0000: [ParNew: 16388K->4K(18432K), 0.0019526 secs] 231017K->214633K(321536K), 0.0020133 secs] [Times: user=0.00 sys=0.00, real=0.00 secs] 
2020-10-29T14:47:30.983+0000: [GC (Allocation Failure) 2020-10-29T14:47:30.983+0000: [ParNew: 16388K->4K(18432K), 0.0021225 secs] 231017K->214633K(321536K), 0.0022081 secs] [Times: user=0.00 sys=0.00, real=0.00 secs] 
2020-10-29T14:47:30.998+0000: [GC (Allocation Failure) 2020-10-29T14:47:30.998+0000: [ParNew: 16388K->4K(18432K), 0.0127391 secs] 231017K->222825K(321536K), 0.0128050 secs] [Times: user=0.02 sys=0.00, real=0.01 secs] 
2020-10-29T14:47:31.029+0000: [GC (Allocation Failure) 2020-10-29T14:47:31.029+0000: [ParNew: 16388K->4K(18432K), 0.0019235 secs] 239209K->222825K(321536K), 0.0019822 secs] [Times: user=0.00 sys=0.00, real=0.00 secs] 
2020-10-29T14:47:31.048+0000: [GC (Allocation Failure) 2020-10-29T14:47:31.048+0000: [ParNew: 16388K->4K(18432K), 0.0014889 secs] 239209K->222825K(321536K), 0.0015378 secs] [Times: user=0.00 sys=0.00, real=0.00 secs] 
2020-10-29T14:47:31.067+0000: [GC (Allocation Failure) 2020-10-29T14:47:31.067+0000: [ParNew: 16388K->4K(18432K), 0.0017694 secs] 239209K->222825K(321536K), 0.0018259 secs] [Times: user=0.00 sys=0.00, real=0.00 secs] 
2020-10-29T14:47:31.086+0000: [GC (Allocation Failure) 2020-10-29T14:47:31.086+0000: [ParNew: 16388K->4K(18432K), 0.0020010 secs] 239209K->222825K(321536K), 0.0020676 secs] [Times: user=0.01 sys=0.00, real=0.01 secs] 
2020-10-29T14:47:31.105+0000: [GC (Allocation Failure) 2020-10-29T14:47:31.105+0000: [ParNew: 16388K->4K(18432K), 0.0015153 secs] 239209K->222825K(321536K), 0.0015668 secs] [Times: user=0.01 sys=0.00, real=0.01 secs] 
2020-10-29T14:47:31.124+0000: [GC (Allocation Failure) 2020-10-29T14:47:31.124+0000: [ParNew: 16388K->4K(18432K), 0.0015250 secs] 239209K->222825K(321536K), 0.0015824 secs] [Times: user=0.01 sys=0.00, real=0.00 secs] 
2020-10-29T14:47:31.143+0000: [GC (Allocation Failure) 2020-10-29T14:47:31.143+0000: [ParNew: 16388K->4K(18432K), 0.0015746 secs] 239209K->222825K(321536K), 0.0016270 secs] [Times: user=0.00 sys=0.00, real=0.00 secs] 
2020-10-29T14:47:31.162+0000: [GC (Allocation Failure) 2020-10-29T14:47:31.162+0000: [ParNew: 16388K->4K(18432K), 0.0014803 secs] 239209K->222825K(321536K), 0.0015299 secs] [Times: user=0.00 sys=0.00, real=0.00 secs] 
2020-10-29T14:47:31.180+0000: [GC (Allocation Failure) 2020-10-29T14:47:31.180+0000: [ParNew: 16388K->4K(18432K), 0.0017813 secs] 239209K->222825K(321536K), 0.0018466 secs] [Times: user=0.00 sys=0.00, real=0.00 secs] 
2020-10-29T14:47:31.200+0000: [GC (Allocation Failure) 2020-10-29T14:47:31.200+0000: [ParNew: 16388K->4K(18432K), 0.0020084 secs] 239209K->222825K(321536K), 0.0020695 secs] [Times: user=0.00 sys=0.00, real=0.00 secs] 
2020-10-29T14:47:31.219+0000: [GC (Allocation Failure) 2020-10-29T14:47:31.219+0000: [ParNew: 16388K->4K(18432K), 0.0020633 secs] 239209K->222825K(321536K), 0.0021268 secs] [Times: user=0.01 sys=0.00, real=0.00 secs] 
2020-10-29T14:47:31.239+0000: [GC (Allocation Failure) 2020-10-29T14:47:31.239+0000: [ParNew: 16388K->4K(18432K), 0.0020363 secs] 239209K->222825K(321536K), 0.0021154 secs] [Times: user=0.01 sys=0.00, real=0.00 secs] 
2020-10-29T14:47:31.258+0000: [GC (Allocation Failure) 2020-10-29T14:47:31.258+0000: [ParNew: 16388K->4K(18432K), 0.0018220 secs] 239209K->222825K(321536K), 0.0018798 secs] [Times: user=0.00 sys=0.00, real=0.00 secs] 
2020-10-29T14:47:31.277+0000: [GC (Allocation Failure) 2020-10-29T14:47:31.277+0000: [ParNew: 16388K->4K(18432K), 0.0019154 secs] 239209K->222825K(321536K), 0.0019745 secs] [Times: user=0.00 sys=0.00, real=0.00 secs] 
2020-10-29T14:47:31.296+0000: [GC (Allocation Failure) 2020-10-29T14:47:31.296+0000: [ParNew: 16388K->4K(18432K), 0.0017690 secs] 239209K->222825K(321536K), 0.0018298 secs] [Times: user=0.00 sys=0.00, real=0.00 secs] 
2020-10-29T14:47:31.315+0000: [GC (Allocation Failure) 2020-10-29T14:47:31.315+0000: [ParNew: 16388K->4K(18432K), 0.0015909 secs] 239209K->222825K(321536K), 0.0016425 secs] [Times: user=0.00 sys=0.00, real=0.00 secs] 
2020-10-29T14:47:31.335+0000: [GC (Allocation Failure) 2020-10-29T14:47:31.336+0000: [ParNew: 16388K->4K(18432K), 0.0019212 secs] 239209K->222825K(321536K), 0.0019879 secs] [Times: user=0.00 sys=0.00, real=0.00 secs] 
2020-10-29T14:47:31.355+0000: [GC (Allocation Failure) 2020-10-29T14:47:31.355+0000: [ParNew: 16388K->4K(18432K), 0.0020271 secs] 239209K->222825K(321536K), 0.0020902 secs] [Times: user=0.00 sys=0.00, real=0.00 secs] 
2020-10-29T14:47:31.374+0000: [GC (Allocation Failure) 2020-10-29T14:47:31.374+0000: [ParNew: 16388K->4K(18432K), 0.0020011 secs] 239209K->222825K(321536K), 0.0020609 secs] [Times: user=0.00 sys=0.00, real=0.01 secs] 
2020-10-29T14:47:31.394+0000: [GC (Allocation Failure) 2020-10-29T14:47:31.394+0000: [ParNew: 16388K->4K(18432K), 0.0015872 secs] 239209K->222825K(321536K), 0.0016418 secs] [Times: user=0.00 sys=0.00, real=0.01 secs] 
2020-10-29T14:47:31.413+0000: [GC (Allocation Failure) 2020-10-29T14:47:31.413+0000: [ParNew: 16388K->4K(18432K), 0.0016417 secs] 239209K->222825K(321536K), 0.0017109 secs] [Times: user=0.00 sys=0.00, real=0.01 secs] 
2020-10-29T14:47:31.432+0000: [GC (Allocation Failure) 2020-10-29T14:47:31.432+0000: [ParNew: 16388K->4K(18432K), 0.0015055 secs] 239209K->222825K(321536K), 0.0015565 secs] [Times: user=0.00 sys=0.00, real=0.00 secs] 
2020-10-29T14:47:31.450+0000: [GC (Allocation Failure) 2020-10-29T14:47:31.451+0000: [ParNew: 16388K->4K(18432K), 0.0019103 secs] 239209K->222825K(321536K), 0.0019924 secs] [Times: user=0.01 sys=0.00, real=0.00 secs] 
2020-10-29T14:47:31.469+0000: [GC (Allocation Failure) 2020-10-29T14:47:31.470+0000: [ParNew: 16388K->4K(18432K), 0.0018019 secs] 239209K->222825K(321536K), 0.0018591 secs] [Times: user=0.01 sys=0.00, real=0.00 secs] 
2020-10-29T14:47:31.489+0000: [GC (Allocation Failure) 2020-10-29T14:47:31.489+0000: [ParNew: 16388K->4K(18432K), 0.0020746 secs] 239209K->222825K(321536K), 0.0021383 secs] [Times: user=0.00 sys=0.00, real=0.00 secs] 
2020-10-29T14:47:31.508+0000: [GC (Allocation Failure) 2020-10-29T14:47:31.508+0000: [ParNew: 16388K->4K(18432K), 0.0019836 secs] 239209K->222825K(321536K), 0.0020464 secs] [Times: user=0.00 sys=0.00, real=0.00 secs] 
2020-10-29T14:47:31.528+0000: [GC (Allocation Failure) 2020-10-29T14:47:31.528+0000: [ParNew: 16388K->4K(18432K), 0.0018116 secs] 239209K->222825K(321536K), 0.0018697 secs] [Times: user=0.00 sys=0.00, real=0.00 secs] 
2020-10-29T14:47:31.547+0000: [GC (Allocation Failure) 2020-10-29T14:47:31.547+0000: [ParNew: 16388K->4K(18432K), 0.0020633 secs] 239209K->222825K(321536K), 0.0021357 secs] [Times: user=0.00 sys=0.01, real=0.00 secs] 
2020-10-29T14:47:31.566+0000: [GC (Allocation Failure) 2020-10-29T14:47:31.566+0000: [ParNew: 16388K->4K(18432K), 0.0020207 secs] 239209K->222825K(321536K), 0.0020815 secs] [Times: user=0.00 sys=0.00, real=0.01 secs] 
2020-10-29T14:47:31.585+0000: [GC (Allocation Failure) 2020-10-29T14:47:31.586+0000: [ParNew: 16388K->4K(18432K), 0.0020177 secs] 239209K->222825K(321536K), 0.0020794 secs] [Times: user=0.00 sys=0.00, real=0.01 secs] 
2020-10-29T14:47:31.605+0000: [GC (Allocation Failure) 2020-10-29T14:47:31.605+0000: [ParNew: 16388K->4K(18432K), 0.0020859 secs] 239209K->222825K(321536K), 0.0021493 secs] [Times: user=0.01 sys=0.00, real=0.01 secs] 
2020-10-29T14:47:31.625+0000: [GC (Allocation Failure) 2020-10-29T14:47:31.625+0000: [ParNew: 16388K->4K(18432K), 0.0018469 secs] 239209K->222825K(321536K), 0.0019033 secs] [Times: user=0.00 sys=0.00, real=0.01 secs] 
2020-10-29T14:47:31.644+0000: [GC (Allocation Failure) 2020-10-29T14:47:31.644+0000: [ParNew: 16123K->4K(18432K), 0.0020798 secs] 238944K->222825K(321536K), 0.0021437 secs] [Times: user=0.00 sys=0.00, real=0.00 secs] 
2020-10-29T14:47:31.657+0000: [GC (Allocation Failure) 2020-10-29T14:47:31.657+0000: [ParNew: 16388K->4K(18432K), 0.0087628 secs] 239209K->231017K(321536K), 0.0088306 secs] [Times: user=0.02 sys=0.00, real=0.00 secs] 
2020-10-29T14:47:31.665+0000: [CMS-concurrent-abortable-preclean: 0.039/0.822 secs] [Times: user=0.94 sys=0.02, real=0.82 secs] 
2020-10-29T14:47:31.667+0000: [GC (CMS Final Remark) [YG occupancy: 330 K (18432 K)]2020-10-29T14:47:31.667+0000: [Rescan (parallel) , 0.0014392 secs]2020-10-29T14:47:31.668+0000: [weak refs processing, 0.0000279 secs]2020-10-29T14:47:31.668+0000: [class unloading, 0.0081605 secs]2020-10-29T14:47:31.676+0000: [scrub symbol table, 0.0092992 secs]2020-10-29T14:47:31.686+0000: [scrub string table, 0.0006776 secs][1 CMS-remark: 231013K(303104K)] 231343K(321536K), 0.0197203 secs] [Times: user=0.02 sys=0.00, real=0.01 secs] 
2020-10-29T14:47:31.687+0000: [CMS-concurrent-sweep-start]
2020-10-29T14:47:31.700+0000: [CMS-concurrent-sweep: 0.010/0.013 secs] [Times: user=0.02 sys=0.00, real=0.02 secs] 
2020-10-29T14:47:31.700+0000: [CMS-concurrent-reset-start]
2020-10-29T14:47:31.702+0000: [CMS-concurrent-reset: 0.002/0.002 secs] [Times: user=0.00 sys=0.00, real=0.00 secs] 
2020-10-29T14:47:31.709+0000: [GC (Allocation Failure) 2020-10-29T14:47:31.709+0000: [ParNew: 16388K->4K(18432K), 0.0023128 secs] 247401K->231017K(403456K), 0.0023538 secs] [Times: user=0.01 sys=0.00, real=0.00 secs] 
2020-10-29T14:47:31.729+0000: [GC (Allocation Failure) 2020-10-29T14:47:31.729+0000: [ParNew: 16388K->4K(18432K), 0.0020584 secs] 247401K->231017K(403456K), 0.0021066 secs] [Times: user=0.01 sys=0.00, real=0.00 secs] 
2020-10-29T14:47:31.748+0000: [GC (Allocation Failure) 2020-10-29T14:47:31.748+0000: [ParNew: 16388K->4K(18432K), 0.0022520 secs] 247401K->231017K(403456K), 0.0023213 secs] [Times: user=0.00 sys=0.00, real=0.00 secs] 
2020-10-29T14:47:31.768+0000: [GC (Allocation Failure) 2020-10-29T14:47:31.768+0000: [ParNew: 16388K->4K(18432K), 0.0022739 secs] 247401K->231017K(403456K), 0.0023319 secs] [Times: user=0.00 sys=0.00, real=0.00 secs] 
2020-10-29T14:47:31.787+0000: [GC (Allocation Failure) 2020-10-29T14:47:31.787+0000: [ParNew: 16388K->4K(18432K), 0.0022472 secs] 247401K->231017K(403456K), 0.0023063 secs] [Times: user=0.01 sys=0.00, real=0.00 secs] 
2020-10-29T14:47:31.806+0000: [GC (Allocation Failure) 2020-10-29T14:47:31.806+0000: [ParNew: 16388K->4K(18432K), 0.0020984 secs] 247401K->231017K(403456K), 0.0021472 secs] [Times: user=0.01 sys=0.00, real=0.01 secs] 
2020-10-29T14:47:31.825+0000: [GC (Allocation Failure) 2020-10-29T14:47:31.826+0000: [ParNew: 16388K->4K(18432K), 0.0021766 secs] 247401K->231017K(403456K), 0.0022317 secs] [Times: user=0.00 sys=0.00, real=0.01 secs] 
2020-10-29T14:47:31.845+0000: [GC (Allocation Failure) 2020-10-29T14:47:31.845+0000: [ParNew: 16388K->4K(18432K), 0.0022282 secs] 247401K->231017K(403456K), 0.0022987 secs] [Times: user=0.00 sys=0.00, real=0.01 secs] 
2020-10-29T14:47:31.864+0000: [GC (Allocation Failure) 2020-10-29T14:47:31.864+0000: [ParNew: 16388K->4K(18432K), 0.0022684 secs] 247401K->231017K(403456K), 0.0023254 secs] [Times: user=0.00 sys=0.00, real=0.00 secs] 
2020-10-29T14:47:31.885+0000: [GC (Allocation Failure) 2020-10-29T14:47:31.885+0000: [ParNew: 16388K->4K(18432K), 0.0022337 secs] 247401K->231017K(403456K), 0.0022929 secs] [Times: user=0.00 sys=0.00, real=0.01 secs] 
2020-10-29T14:47:31.906+0000: [GC (Allocation Failure) 2020-10-29T14:47:31.906+0000: [ParNew: 16388K->4K(18432K), 0.0022066 secs] 247401K->231017K(403456K), 0.0022644 secs] [Times: user=0.00 sys=0.00, real=0.01 secs] 
2020-10-29T14:47:31.931+0000: [GC (Allocation Failure) 2020-10-29T14:47:31.931+0000: [ParNew: 16383K->4K(18432K), 0.0021781 secs] 247396K->231017K(403456K), 0.0022366 secs] [Times: user=0.01 sys=0.00, real=0.00 secs] 
2020-10-29T14:47:31.952+0000: [GC (Allocation Failure) 2020-10-29T14:47:31.952+0000: [ParNew: 16388K->4K(18432K), 0.0022423 secs] 247401K->231017K(403456K), 0.0023146 secs] [Times: user=0.00 sys=0.00, real=0.00 secs] 
2020-10-29T14:47:31.972+0000: [GC (Allocation Failure) 2020-10-29T14:47:31.973+0000: [ParNew: 16388K->4K(18432K), 0.0022674 secs] 247401K->231017K(403456K), 0.0023296 secs] [Times: user=0.00 sys=0.00, real=0.01 secs] 
2020-10-29T14:47:31.994+0000: [GC (Allocation Failure) 2020-10-29T14:47:31.994+0000: [ParNew: 16388K->4K(18432K), 0.0021532 secs] 247401K->231017K(403456K), 0.0022063 secs] [Times: user=0.01 sys=0.00, real=0.01 secs] 
2020-10-29T14:47:32.015+0000: [GC (Allocation Failure) 2020-10-29T14:47:32.015+0000: [ParNew: 16388K->4K(18432K), 0.0020117 secs] 247401K->231017K(403456K), 0.0020575 secs] [Times: user=0.00 sys=0.01, real=0.01 secs] 
2020-10-29T14:47:32.035+0000: [GC (Allocation Failure) 2020-10-29T14:47:32.035+0000: [ParNew: 16388K->4K(18432K), 0.0019339 secs] 247401K->231017K(403456K), 0.0019809 secs] [Times: user=0.01 sys=0.00, real=0.00 secs] 
2020-10-29T14:47:32.055+0000: [GC (Allocation Failure) 2020-10-29T14:47:32.055+0000: [ParNew: 16388K->4K(18432K), 0.0018686 secs] 247401K->231017K(403456K), 0.0019105 secs] [Times: user=0.00 sys=0.00, real=0.00 secs] 
2020-10-29T14:47:32.075+0000: [GC (Allocation Failure) 2020-10-29T14:47:32.075+0000: [ParNew: 16388K->4K(18432K), 0.0020597 secs] 247401K->231017K(403456K), 0.0021141 secs] [Times: user=0.00 sys=0.00, real=0.00 secs] 
2020-10-29T14:47:32.105+0000: [GC (Allocation Failure) 2020-10-29T14:47:32.105+0000: [ParNew: 16388K->4K(18432K), 0.0022415 secs] 247401K->231017K(403456K), 0.0023025 secs] [Times: user=0.00 sys=0.00, real=0.01 secs] 
2020-10-29T14:47:32.140+0000: [GC (Allocation Failure) 2020-10-29T14:47:32.140+0000: [ParNew: 16388K->4K(18432K), 0.0022664 secs] 247401K->231017K(403456K), 0.0023511 secs] [Times: user=0.01 sys=0.00, real=0.00 secs] 
2020-10-29T14:47:32.175+0000: [GC (Allocation Failure) 2020-10-29T14:47:32.175+0000: [ParNew: 16388K->4K(18432K), 0.0022772 secs] 247401K->231017K(403456K), 0.0023592 secs] [Times: user=0.01 sys=0.00, real=0.00 secs] 
2020-10-29T14:47:32.210+0000: [GC (Allocation Failure) 2020-10-29T14:47:32.210+0000: [ParNew: 16388K->4K(18432K), 0.0023674 secs] 247401K->231017K(403456K), 0.0024524 secs] [Times: user=0.01 sys=0.00, real=0.00 secs] 
2020-10-29T14:47:32.244+0000: [GC (Allocation Failure) 2020-10-29T14:47:32.244+0000: [ParNew: 16388K->4K(18432K), 0.0023184 secs] 247401K->231017K(403456K), 0.0023947 secs] [Times: user=0.00 sys=0.00, real=0.01 secs] 
2020-10-29T14:47:32.278+0000: [GC (Allocation Failure) 2020-10-29T14:47:32.278+0000: [ParNew: 16388K->2K(18432K), 0.0045910 secs] 247401K->231015K(403456K), 0.0046560 secs] [Times: user=0.01 sys=0.00, real=0.00 secs] 
2020-10-29T14:47:32.314+0000: [GC (Allocation Failure) 2020-10-29T14:47:32.314+0000: [ParNew: 16386K->4K(18432K), 0.0066559 secs] 247399K->231017K(403456K), 0.0067099 secs] [Times: user=0.01 sys=0.00, real=0.01 secs] 
2020-10-29T14:47:32.352+0000: [GC (Allocation Failure) 2020-10-29T14:47:32.352+0000: [ParNew: 16388K->2K(18432K), 0.0047979 secs] 247401K->231015K(403456K), 0.0048651 secs] [Times: user=0.01 sys=0.00, real=0.01 secs] 
2020-10-29T14:47:32.388+0000: [GC (Allocation Failure) 2020-10-29T14:47:32.388+0000: [ParNew: 16386K->4K(18432K), 0.0022511 secs] 247399K->231017K(403456K), 0.0023145 secs] [Times: user=0.00 sys=0.00, real=0.00 secs] 
2020-10-29T14:47:32.411+0000: [GC (Allocation Failure) 2020-10-29T14:47:32.411+0000: [ParNew: 16388K->4K(18432K), 0.0022805 secs] 247401K->231017K(403456K), 0.0023445 secs] [Times: user=0.00 sys=0.00, real=0.00 secs] 
2020-10-29T14:47:32.430+0000: [GC (Allocation Failure) 2020-10-29T14:47:32.430+0000: [ParNew: 16388K->4K(18432K), 0.0021209 secs] 247401K->231017K(403456K), 0.0021813 secs] [Times: user=0.00 sys=0.00, real=0.00 secs] 
2020-10-29T14:47:32.449+0000: [GC (Allocation Failure) 2020-10-29T14:47:32.449+0000: [ParNew: 16388K->4K(18432K), 0.0022560 secs] 247401K->231017K(403456K), 0.0023158 secs] [Times: user=0.00 sys=0.00, real=0.00 secs] 
2020-10-29T14:47:32.468+0000: [GC (Allocation Failure) 2020-10-29T14:47:32.468+0000: [ParNew: 16388K->4K(18432K), 0.0021047 secs] 247401K->231017K(403456K), 0.0021734 secs] [Times: user=0.00 sys=0.00, real=0.00 secs] 
2020-10-29T14:47:32.488+0000: [GC (Allocation Failure) 2020-10-29T14:47:32.488+0000: [ParNew: 16388K->4K(18432K), 0.0022125 secs] 247401K->231017K(403456K), 0.0022726 secs] [Times: user=0.01 sys=0.00, real=0.00 secs] 
2020-10-29T14:47:32.507+0000: [GC (Allocation Failure) 2020-10-29T14:47:32.507+0000: [ParNew: 16388K->4K(18432K), 0.0018794 secs] 247401K->231017K(403456K), 0.0019296 secs] [Times: user=0.01 sys=0.00, real=0.00 secs] 
2020-10-29T14:47:32.525+0000: [GC (Allocation Failure) 2020-10-29T14:47:32.525+0000: [ParNew: 16388K->4K(18432K), 0.0017870 secs] 247401K->231017K(403456K), 0.0018282 secs] [Times: user=0.00 sys=0.00, real=0.01 secs] 
2020-10-29T14:47:32.544+0000: [GC (Allocation Failure) 2020-10-29T14:47:32.544+0000: [ParNew: 16388K->4K(18432K), 0.0017533 secs] 247401K->231017K(403456K), 0.0017978 secs] [Times: user=0.00 sys=0.00, real=0.00 secs] 
2020-10-29T14:47:32.563+0000: [GC (Allocation Failure) 2020-10-29T14:47:32.563+0000: [ParNew: 16388K->4K(18432K), 0.0017359 secs] 247401K->231017K(403456K), 0.0017780 secs] [Times: user=0.00 sys=0.00, real=0.00 secs] 
2020-10-29T14:47:32.581+0000: [GC (Allocation Failure) 2020-10-29T14:47:32.581+0000: [ParNew: 16388K->4K(18432K), 0.0017206 secs] 247401K->231017K(403456K), 0.0017771 secs] [Times: user=0.00 sys=0.00, real=0.00 secs] 
2020-10-29T14:47:32.600+0000: [GC (Allocation Failure) 2020-10-29T14:47:32.600+0000: [ParNew: 16388K->4K(18432K), 0.0016812 secs] 247401K->231017K(403456K), 0.0017233 secs] [Times: user=0.00 sys=0.00, real=0.00 secs] 
2020-10-29T14:47:32.618+0000: [GC (Allocation Failure) 2020-10-29T14:47:32.618+0000: [ParNew: 16388K->4K(18432K), 0.0021836 secs] 247401K->231017K(403456K), 0.0022419 secs] [Times: user=0.00 sys=0.01, real=0.00 secs] 
2020-10-29T14:47:32.638+0000: [GC (Allocation Failure) 2020-10-29T14:47:32.638+0000: [ParNew: 16388K->4K(18432K), 0.0022909 secs] 247401K->231017K(403456K), 0.0023486 secs] [Times: user=0.00 sys=0.00, real=0.00 secs] 
2020-10-29T14:47:32.657+0000: [GC (Allocation Failure) 2020-10-29T14:47:32.657+0000: [ParNew: 16388K->4K(18432K), 0.0019205 secs] 247401K->231017K(403456K), 0.0019704 secs] [Times: user=0.00 sys=0.00, real=0.00 secs] 
2020-10-29T14:47:32.672+0000: [GC (Allocation Failure) 2020-10-29T14:47:32.672+0000: [ParNew: 11815K->4K(18432K), 0.0016845 secs] 242828K->231017K(403456K), 0.0017231 secs] [Times: user=0.00 sys=0.00, real=0.00 secs] 
2020-10-29T14:47:32.683+0000: [GC (Allocation Failure) 2020-10-29T14:47:32.683+0000: [ParNew: 16388K->4K(18432K), 0.0077842 secs] 247401K->239209K(403456K), 0.0078257 secs] [Times: user=0.01 sys=0.00, real=0.01 secs] 
2020-10-29T14:47:32.692+0000: [GC (CMS Initial Mark) [1 CMS-initial-mark: 239205K(385024K)] 239535K(403456K), 0.0013324 secs] [Times: user=0.00 sys=0.00, real=0.00 secs] 
2020-10-29T14:47:32.693+0000: [CMS-concurrent-mark-start]
2020-10-29T14:47:32.721+0000: [GC (Allocation Failure) 2020-10-29T14:47:32.721+0000: [ParNew: 16388K->4K(18432K), 0.0021640 secs] 255593K->239209K(403456K), 0.0022289 secs] [Times: user=0.01 sys=0.00, real=0.00 secs] 
2020-10-29T14:47:32.735+0000: [CMS-concurrent-mark: 0.039/0.041 secs] [Times: user=0.08 sys=0.00, real=0.05 secs] 
2020-10-29T14:47:32.735+0000: [CMS-concurrent-preclean-start]
2020-10-29T14:47:32.737+0000: [CMS-concurrent-preclean: 0.002/0.002 secs] [Times: user=0.00 sys=0.00, real=0.00 secs] 
2020-10-29T14:47:32.737+0000: [CMS-concurrent-abortable-preclean-start]
2020-10-29T14:47:32.746+0000: [GC (Allocation Failure) 2020-10-29T14:47:32.746+0000: [ParNew: 16388K->4K(18432K), 0.0017852 secs] 255593K->239209K(403456K), 0.0018296 secs] [Times: user=0.01 sys=0.00, real=0.01 secs] 
2020-10-29T14:47:32.765+0000: [GC (Allocation Failure) 2020-10-29T14:47:32.765+0000: [ParNew: 16388K->4K(18432K), 0.0017561 secs] 255593K->239209K(403456K), 0.0018071 secs] [Times: user=0.00 sys=0.00, real=0.01 secs] 
2020-10-29T14:47:32.784+0000: [GC (Allocation Failure) 2020-10-29T14:47:32.784+0000: [ParNew: 16388K->4K(18432K), 0.0017471 secs] 255593K->239209K(403456K), 0.0018142 secs] [Times: user=0.00 sys=0.00, real=0.00 secs] 
2020-10-29T14:47:32.809+0000: [GC (Allocation Failure) 2020-10-29T14:47:32.809+0000: [ParNew: 16388K->4K(18432K), 0.0019016 secs] 255593K->239209K(403456K), 0.0019545 secs] [Times: user=0.01 sys=0.00, real=0.00 secs] 
2020-10-29T14:47:32.831+0000: [CMS-concurrent-abortable-preclean: 0.009/0.094 secs] [Times: user=0.12 sys=0.01, real=0.09 secs] 
2020-10-29T14:47:32.833+0000: [GC (CMS Final Remark) [YG occupancy: 11268 K (18432 K)]2020-10-29T14:47:32.833+0000: [Rescan (parallel) , 0.0068498 secs]2020-10-29T14:47:32.839+0000: [weak refs processing, 0.0000369 secs]2020-10-29T14:47:32.839+0000: [class unloading, 0.0079708 secs]2020-10-29T14:47:32.847+0000: [scrub symbol table, 0.0091277 secs]2020-10-29T14:47:32.857+0000: [scrub string table, 0.0006708 secs][1 CMS-remark: 239205K(385024K)] 250474K(403456K), 0.0247635 secs] [Times: user=0.04 sys=0.00, real=0.03 secs] 
2020-10-29T14:47:32.865+0000: [CMS-concurrent-sweep-start]
2020-10-29T14:47:32.880+0000: [CMS-concurrent-sweep: 0.009/0.015 secs] [Times: user=0.03 sys=0.00, real=0.02 secs] 
2020-10-29T14:47:32.880+0000: [CMS-concurrent-reset-start]
2020-10-29T14:47:32.882+0000: [CMS-concurrent-reset: 0.002/0.002 secs] [Times: user=0.00 sys=0.00, real=0.00 secs] 
2020-10-29T14:47:33.139+0000: [GC (Allocation Failure) 2020-10-29T14:47:33.139+0000: [ParNew: 16388K->224K(18432K), 0.0026762 secs] 239175K->223012K(403456K), 0.0027629 secs] [Times: user=0.01 sys=0.00, real=0.00 secs] 
2020-10-29T14:47:34.536+0000: [GC (Allocation Failure) 2020-10-29T14:47:34.537+0000: [ParNew: 16608K->429K(18432K), 0.0032240 secs] 239396K->223217K(403456K), 0.0032882 secs] [Times: user=0.01 sys=0.00, real=0.00 secs] 
2020-10-29T14:47:34.657+0000: [GC (Allocation Failure) 2020-10-29T14:47:34.657+0000: [ParNew: 16813K->985K(18432K), 0.0039144 secs] 239601K->223773K(403456K), 0.0039959 secs] [Times: user=0.01 sys=0.00, real=0.00 secs] 
2020-10-29T14:47:34.847+0000: [GC (Allocation Failure) 2020-10-29T14:47:34.847+0000: [ParNew: 17369K->1442K(18432K), 0.0039722 secs] 240157K->224230K(403456K), 0.0040522 secs] [Times: user=0.01 sys=0.00, real=0.00 secs] 
2020-10-29T14:47:34.938+0000: [GC (Allocation Failure) 2020-10-29T14:47:34.938+0000: [ParNew: 17826K->2025K(18432K), 0.0041252 secs] 240614K->224813K(403456K), 0.0042074 secs] [Times: user=0.01 sys=0.00, real=0.00 secs] 
2020-10-29T14:47:35.006+0000: [GC (Allocation Failure) 2020-10-29T14:47:35.006+0000: [ParNew: 18409K->1212K(18432K), 0.0062486 secs] 241197K->224855K(403456K), 0.0063328 secs] [Times: user=0.02 sys=0.00, real=0.01 secs] 
2020-10-29T14:47:35.085+0000: [GC (Allocation Failure) 2020-10-29T14:47:35.086+0000: [ParNew: 17596K->708K(18432K), 0.0083862 secs] 241239K->224351K(403456K), 0.0084704 secs] [Times: user=0.02 sys=0.00, real=0.01 secs] 
2020-10-29T14:47:35.163+0000: [GC (Allocation Failure) 2020-10-29T14:47:35.163+0000: [ParNew: 17092K->1069K(18432K), 0.0077022 secs] 240735K->224712K(403456K), 0.0078619 secs] [Times: user=0.01 sys=0.00, real=0.01 secs] 
2020-10-29T14:47:35.249+0000: [GC (Allocation Failure) 2020-10-29T14:47:35.249+0000: [ParNew: 17453K->1237K(18432K), 0.0042706 secs] 241096K->224880K(403456K), 0.0043524 secs] [Times: user=0.01 sys=0.00, real=0.00 secs] 
2020-10-29T14:47:35.328+0000: [GC (Allocation Failure) 2020-10-29T14:47:35.328+0000: [ParNew: 17621K->605K(18432K), 0.0040429 secs] 241264K->224911K(403456K), 0.0041055 secs] [Times: user=0.00 sys=0.00, real=0.00 secs] 
2020-10-29T14:47:35.398+0000: [GC (Allocation Failure) 2020-10-29T14:47:35.398+0000: [ParNew: 16989K->664K(18432K), 0.0031223 secs] 241295K->224970K(403456K), 0.0032019 secs] [Times: user=0.01 sys=0.00, real=0.00 secs] 
2020-10-29T14:47:35.503+0000: [GC (Allocation Failure) 2020-10-29T14:47:35.503+0000: [ParNew: 17048K->668K(18432K), 0.0034073 secs] 241354K->224973K(403456K), 0.0034895 secs] [Times: user=0.01 sys=0.00, real=0.01 secs] 
2020-10-29T14:47:35.583+0000: [GC (Allocation Failure) 2020-10-29T14:47:35.583+0000: [ParNew: 17052K->702K(18432K), 0.0036577 secs] 241357K->225007K(403456K), 0.0037169 secs] [Times: user=0.01 sys=0.00, real=0.00 secs] 
2020-10-29T14:47:35.665+0000: [GC (Allocation Failure) 2020-10-29T14:47:35.665+0000: [ParNew: 17086K->855K(18432K), 0.0035876 secs] 241391K->225160K(403456K), 0.0036526 secs] [Times: user=0.01 sys=0.00, real=0.01 secs] 
2020-10-29T14:47:35.738+0000: [GC (Allocation Failure) 2020-10-29T14:47:35.738+0000: [ParNew: 17239K->778K(18432K), 0.0055751 secs] 241544K->225123K(403456K), 0.0056364 secs] [Times: user=0.01 sys=0.00, real=0.00 secs] 
2020-10-29T14:47:35.917+0000: [GC (Allocation Failure) 2020-10-29T14:47:35.917+0000: [ParNew: 17162K->1194K(18432K), 0.0051209 secs] 241507K->225632K(403456K), 0.0051830 secs] [Times: user=0.01 sys=0.00, real=0.00 secs] 
2020-10-29T14:47:35.981+0000: [GC (Allocation Failure) 2020-10-29T14:47:35.981+0000: [ParNew: 17578K->1691K(18432K), 0.0047687 secs] 242016K->226161K(403456K), 0.0048316 secs] [Times: user=0.01 sys=0.00, real=0.00 secs] 
2020-10-29T14:47:36.097+0000: [GC (Allocation Failure) 2020-10-29T14:47:36.098+0000: [ParNew: 18075K->1589K(18432K), 0.0083498 secs] 242545K->226297K(403456K), 0.0084163 secs] [Times: user=0.02 sys=0.00, real=0.00 secs] 
2020-10-29T14:47:36.188+0000: [GC (Allocation Failure) 2020-10-29T14:47:36.188+0000: [ParNew: 17973K->863K(18432K), 0.0053742 secs] 242681K->226075K(403456K), 0.0054372 secs] [Times: user=0.01 sys=0.00, real=0.00 secs] 
2020-10-29T14:47:36.376+0000: [GC (Allocation Failure) 2020-10-29T14:47:36.376+0000: [ParNew: 17247K->2048K(18432K), 0.0074686 secs] 242459K->227996K(403456K), 0.0075359 secs] [Times: user=0.01 sys=0.00, real=0.00 secs] 
2020-10-29T14:47:36.491+0000: [GC (Allocation Failure) 2020-10-29T14:47:36.491+0000: [ParNew: 18432K->1815K(18432K), 0.0126837 secs] 244380K->229822K(403456K), 0.0127478 secs] [Times: user=0.02 sys=0.00, real=0.01 secs] 
2020-10-29T14:47:36.737+0000: [GC (Allocation Failure) 2020-10-29T14:47:36.738+0000: [ParNew: 18199K->2047K(18432K), 0.0061369 secs] 246206K->230076K(403456K), 0.0062040 secs] [Times: user=0.01 sys=0.00, real=0.00 secs] 
2020-10-29T14:47:36.807+0000: [GC (Allocation Failure) 2020-10-29T14:47:36.807+0000: [ParNew: 18431K->1368K(18432K), 0.0078899 secs] 246460K->231077K(403456K), 0.0079785 secs] [Times: user=0.01 sys=0.00, real=0.01 secs] 
2020-10-29T14:47:36.856+0000: [GC (Allocation Failure) 2020-10-29T14:47:36.856+0000: [ParNew: 17752K->345K(18432K), 0.0024907 secs] 247461K->230054K(403456K), 0.0025555 secs] [Times: user=0.00 sys=0.00, real=0.00 secs] 
2020-10-29T14:47:36.910+0000: [GC (Allocation Failure) 2020-10-29T14:47:36.910+0000: [ParNew: 16729K->345K(18432K), 0.0026601 secs] 246438K->230054K(403456K), 0.0027458 secs] [Times: user=0.01 sys=0.00, real=0.00 secs] 
2020-10-29T14:47:36.963+0000: [GC (Allocation Failure) 2020-10-29T14:47:36.963+0000: [ParNew: 16729K->296K(18432K), 0.0026500 secs] 246438K->230005K(403456K), 0.0027464 secs] [Times: user=0.01 sys=0.00, real=0.00 secs] 
2020-10-29T14:47:37.003+0000: [GC (Allocation Failure) 2020-10-29T14:47:37.003+0000: [ParNew: 16680K->284K(18432K), 0.0025241 secs] 246389K->229993K(403456K), 0.0026109 secs] [Times: user=0.01 sys=0.00, real=0.00 secs] 
2020-10-29T14:47:37.043+0000: [GC (Allocation Failure) 2020-10-29T14:47:37.044+0000: [ParNew: 16668K->279K(18432K), 0.0040032 secs] 246377K->229988K(403456K), 0.0040712 secs] [Times: user=0.01 sys=0.00, real=0.01 secs] 
2020-10-29T14:47:37.102+0000: [GC (Allocation Failure) 2020-10-29T14:47:37.102+0000: [ParNew: 16663K->394K(18432K), 0.0025479 secs] 246372K->230120K(403456K), 0.0026129 secs] [Times: user=0.01 sys=0.00, real=0.00 secs] 
2020-10-29T14:47:37.136+0000: [GC (Allocation Failure) 2020-10-29T14:47:37.136+0000: [ParNew: 16778K->390K(18432K), 0.0024946 secs] 246504K->230115K(403456K), 0.0025715 secs] [Times: user=0.01 sys=0.00, real=0.00 secs] 
2020-10-29T14:47:37.168+0000: [GC (Allocation Failure) 2020-10-29T14:47:37.168+0000: [ParNew: 16774K->518K(18432K), 0.0024591 secs] 246499K->230243K(403456K), 0.0025235 secs] [Times: user=0.01 sys=0.00, real=0.00 secs] 
2020-10-29T14:47:37.199+0000: [GC (Allocation Failure) 2020-10-29T14:47:37.199+0000: [ParNew: 16902K->1028K(18432K), 0.0026658 secs] 246627K->230753K(403456K), 0.0027308 secs] [Times: user=0.00 sys=0.00, real=0.00 secs] 
2020-10-29T14:47:37.238+0000: [GC (Allocation Failure) 2020-10-29T14:47:37.238+0000: [ParNew: 17412K->260K(18432K), 0.0025048 secs] 247137K->230242K(403456K), 0.0025692 secs] [Times: user=0.01 sys=0.00, real=0.00 secs] 
2020-10-29T14:47:37.263+0000: [GC (Allocation Failure) 2020-10-29T14:47:37.263+0000: [ParNew: 16644K->260K(18432K), 0.0024945 secs] 246626K->230242K(403456K), 0.0025568 secs] [Times: user=0.00 sys=0.00, real=0.00 secs] 
2020-10-29T14:47:37.291+0000: [GC (Allocation Failure) 2020-10-29T14:47:37.291+0000: [ParNew: 16644K->260K(18432K), 0.0024699 secs] 246626K->230242K(403456K), 0.0025340 secs] [Times: user=0.01 sys=0.00, real=0.00 secs] 
2020-10-29T14:47:37.316+0000: [GC (Allocation Failure) 2020-10-29T14:47:37.316+0000: [ParNew: 16644K->772K(18432K), 0.0024849 secs] 246626K->230754K(403456K), 0.0025657 secs] [Times: user=0.01 sys=0.00, real=0.00 secs] 
2020-10-29T14:47:37.342+0000: [GC (Allocation Failure) 2020-10-29T14:47:37.342+0000: [ParNew: 17156K->516K(18432K), 0.0023013 secs] 247138K->230754K(403456K), 0.0023681 secs] [Times: user=0.01 sys=0.00, real=0.00 secs] 
2020-10-29T14:47:37.370+0000: [GC (Allocation Failure) 2020-10-29T14:47:37.370+0000: [ParNew: 16900K->1028K(18432K), 0.0028046 secs] 247138K->231266K(403456K), 0.0028776 secs] [Times: user=0.00 sys=0.00, real=0.00 secs] 
2020-10-29T14:47:37.409+0000: [GC (Allocation Failure) 2020-10-29T14:47:37.409+0000: [ParNew: 17412K->1028K(18432K), 0.0026418 secs] 247650K->231778K(403456K), 0.0027223 secs] [Times: user=0.01 sys=0.00, real=0.00 secs] 
2020-10-29T14:47:37.443+0000: [GC (Allocation Failure) 2020-10-29T14:47:37.444+0000: [ParNew: 17412K->4K(18432K), 0.0024359 secs] 248162K->231267K(403456K), 0.0024941 secs] [Times: user=0.01 sys=0.00, real=0.00 secs] 
2020-10-29T14:47:37.469+0000: [GC (Allocation Failure) 2020-10-29T14:47:37.469+0000: [ParNew: 16388K->4K(18432K), 0.0024440 secs] 247651K->231267K(403456K), 0.0025079 secs] [Times: user=0.01 sys=0.00, real=0.00 secs] 
2020-10-29T14:47:37.494+0000: [GC (Allocation Failure) 2020-10-29T14:47:37.494+0000: [ParNew: 16388K->4K(18432K), 0.0024617 secs] 247651K->231267K(403456K), 0.0025319 secs] [Times: user=0.01 sys=0.00, real=0.01 secs] 
2020-10-29T14:47:37.529+0000: [GC (Allocation Failure) 2020-10-29T14:47:37.529+0000: [ParNew: 16388K->4K(18432K), 0.0030024 secs] 247651K->231267K(403456K), 0.0030692 secs] [Times: user=0.01 sys=0.00, real=0.00 secs] 
2020-10-29T14:47:37.559+0000: [GC (Allocation Failure) 2020-10-29T14:47:37.559+0000: [ParNew: 16388K->4K(18432K), 0.0024236 secs] 247651K->231267K(403456K), 0.0024881 secs] [Times: user=0.01 sys=0.00, real=0.00 secs] 
2020-10-29T14:47:37.583+0000: [GC (Allocation Failure) 2020-10-29T14:47:37.583+0000: [ParNew: 16388K->4K(18432K), 0.0023621 secs] 247651K->231267K(403456K), 0.0024376 secs] [Times: user=0.01 sys=0.00, real=0.00 secs] 
2020-10-29T14:47:37.618+0000: [GC (Allocation Failure) 2020-10-29T14:47:37.618+0000: [ParNew: 16388K->4K(18432K), 0.0023829 secs] 247651K->231267K(403456K), 0.0024538 secs] [Times: user=0.01 sys=0.00, real=0.00 secs] 
2020-10-29T14:47:37.643+0000: [GC (Allocation Failure) 2020-10-29T14:47:37.643+0000: [ParNew: 16388K->1028K(18432K), 0.0042570 secs] 247651K->233315K(403456K), 0.0043153 secs] [Times: user=0.01 sys=0.00, real=0.01 secs] 
2020-10-29T14:47:37.673+0000: [GC (Allocation Failure) 2020-10-29T14:47:37.673+0000: [ParNew: 17412K->4K(18432K), 0.0029830 secs] 249699K->232291K(403456K), 0.0030605 secs] [Times: user=0.00 sys=0.00, real=0.01 secs] 
2020-10-29T14:47:37.716+0000: [GC (Allocation Failure) 2020-10-29T14:47:37.716+0000: [ParNew: 16388K->4K(18432K), 0.0049818 secs] 248675K->232291K(403456K), 0.0050362 secs] [Times: user=0.01 sys=0.00, real=0.00 secs] 
2020-10-29T14:47:37.751+0000: [GC (Allocation Failure) 2020-10-29T14:47:37.751+0000: [ParNew: 16388K->4K(18432K), 0.0056404 secs] 248675K->232291K(403456K), 0.0057334 secs] [Times: user=0.01 sys=0.00, real=0.01 secs] 
2020-10-29T14:47:37.779+0000: [GC (Allocation Failure) 2020-10-29T14:47:37.779+0000: [ParNew: 16388K->2K(18432K), 0.0047840 secs] 248675K->232289K(403456K), 0.0048637 secs] [Times: user=0.01 sys=0.00, real=0.00 secs] 
2020-10-29T14:47:37.814+0000: [GC (Allocation Failure) 2020-10-29T14:47:37.814+0000: [ParNew: 16386K->4K(18432K), 0.0071809 secs] 248673K->232291K(403456K), 0.0072645 secs] [Times: user=0.01 sys=0.00, real=0.01 secs] 
2020-10-29T14:47:37.840+0000: [GC (Allocation Failure) 2020-10-29T14:47:37.840+0000: [ParNew: 16388K->1026K(18432K), 0.0049393 secs] 248675K->233313K(403456K), 0.0050237 secs] [Times: user=0.01 sys=0.00, real=0.00 secs] 
2020-10-29T14:47:37.871+0000: [GC (Allocation Failure) 2020-10-29T14:47:37.871+0000: [ParNew: 17410K->2K(18432K), 0.0051575 secs] 249697K->233313K(403456K), 0.0052433 secs] [Times: user=0.01 sys=0.00, real=0.01 secs] 
2020-10-29T14:47:37.909+0000: [GC (Allocation Failure) 2020-10-29T14:47:37.909+0000: [ParNew: 16386K->2K(18432K), 0.0048761 secs] 249697K->233313K(403456K), 0.0049583 secs] [Times: user=0.01 sys=0.00, real=0.00 secs] 
2020-10-29T14:47:37.947+0000: [GC (Allocation Failure) 2020-10-29T14:47:37.947+0000: [ParNew: 16386K->4K(18432K), 0.0024545 secs] 249697K->233315K(403456K), 0.0025209 secs] [Times: user=0.01 sys=0.00, real=0.00 secs] 
2020-10-29T14:47:37.972+0000: [GC (Allocation Failure) 2020-10-29T14:47:37.972+0000: [ParNew: 16388K->4K(18432K), 0.0024208 secs] 249699K->233315K(403456K), 0.0024830 secs] [Times: user=0.01 sys=0.00, real=0.01 secs] 
2020-10-29T14:47:37.994+0000: [GC (Allocation Failure) 2020-10-29T14:47:37.994+0000: [ParNew: 16388K->4K(18432K), 0.0024769 secs] 249699K->233315K(403456K), 0.0025376 secs] [Times: user=0.00 sys=0.00, real=0.01 secs] 
2020-10-29T14:47:38.013+0000: [GC (Allocation Failure) 2020-10-29T14:47:38.013+0000: [ParNew: 16388K->4K(18432K), 0.0024509 secs] 249699K->233315K(403456K), 0.0025119 secs] [Times: user=0.00 sys=0.00, real=0.01 secs] 
2020-10-29T14:47:38.040+0000: [GC (Allocation Failure) 2020-10-29T14:47:38.040+0000: [ParNew: 16388K->4K(18432K), 0.0024273 secs] 249699K->233315K(403456K), 0.0024922 secs] [Times: user=0.01 sys=0.00, real=0.00 secs] 
2020-10-29T14:47:38.063+0000: [GC (Allocation Failure) 2020-10-29T14:47:38.063+0000: [ParNew: 16388K->4K(18432K), 0.0024297 secs] 249699K->233315K(403456K), 0.0024889 secs] [Times: user=0.01 sys=0.00, real=0.00 secs] 
2020-10-29T14:47:38.080+0000: [GC (Allocation Failure) 2020-10-29T14:47:38.080+0000: [ParNew: 16388K->4K(18432K), 0.0027510 secs] 249699K->235363K(403456K), 0.0028122 secs] [Times: user=0.00 sys=0.00, real=0.00 secs] 
2020-10-29T14:47:38.099+0000: [GC (Allocation Failure) 2020-10-29T14:47:38.099+0000: [ParNew: 16388K->4K(18432K), 0.0020959 secs] 251747K->235363K(403456K), 0.0021417 secs] [Times: user=0.01 sys=0.00, real=0.00 secs] 
2020-10-29T14:47:38.116+0000: [GC (Allocation Failure) 2020-10-29T14:47:38.116+0000: [ParNew: 16388K->4K(18432K), 0.0022861 secs] 251747K->235363K(403456K), 0.0023528 secs] [Times: user=0.01 sys=0.00, real=0.00 secs] 
2020-10-29T14:47:38.134+0000: [GC (Allocation Failure) 2020-10-29T14:47:38.134+0000: [ParNew: 16388K->4K(18432K), 0.0024691 secs] 251747K->235363K(403456K), 0.0025315 secs] [Times: user=0.00 sys=0.00, real=0.01 secs] 
2020-10-29T14:47:38.152+0000: [GC (Allocation Failure) 2020-10-29T14:47:38.152+0000: [ParNew: 16388K->4K(18432K), 0.0022540 secs] 251747K->235363K(403456K), 0.0023066 secs] [Times: user=0.00 sys=0.01, real=0.00 secs] 
2020-10-29T14:47:38.171+0000: [GC (Allocation Failure) 2020-10-29T14:47:38.171+0000: [ParNew: 16388K->4K(18432K), 0.0025195 secs] 251747K->235363K(403456K), 0.0025939 secs] [Times: user=0.01 sys=0.00, real=0.00 secs] 
2020-10-29T14:47:38.191+0000: [GC (Allocation Failure) 2020-10-29T14:47:38.191+0000: [ParNew: 16388K->4K(18432K), 0.0023822 secs] 251747K->235363K(403456K), 0.0024381 secs] [Times: user=0.00 sys=0.00, real=0.00 secs] 
2020-10-29T14:47:38.208+0000: [GC (Allocation Failure) 2020-10-29T14:47:38.208+0000: [ParNew: 16388K->4K(18432K), 0.0022652 secs] 251747K->235363K(403456K), 0.0023203 secs] [Times: user=0.00 sys=0.00, real=0.00 secs] 
2020-10-29T14:47:38.227+0000: [GC (Allocation Failure) 2020-10-29T14:47:38.227+0000: [ParNew: 16388K->4K(18432K), 0.0019678 secs] 251747K->235363K(403456K), 0.0020138 secs] [Times: user=0.01 sys=0.00, real=0.00 secs] 
2020-10-29T14:47:38.247+0000: [GC (Allocation Failure) 2020-10-29T14:47:38.247+0000: [ParNew: 16388K->4K(18432K), 0.0021767 secs] 251747K->235363K(403456K), 0.0022279 secs] [Times: user=0.01 sys=0.00, real=0.00 secs] 
2020-10-29T14:47:38.267+0000: [GC (Allocation Failure) 2020-10-29T14:47:38.267+0000: [ParNew: 16388K->4K(18432K), 0.0024799 secs] 251747K->235363K(403456K), 0.0025423 secs] [Times: user=0.01 sys=0.00, real=0.00 secs] 
2020-10-29T14:47:38.288+0000: [GC (Allocation Failure) 2020-10-29T14:47:38.288+0000: [ParNew: 16388K->4K(18432K), 0.0023910 secs] 251747K->235363K(403456K), 0.0024518 secs] [Times: user=0.01 sys=0.00, real=0.00 secs] 
2020-10-29T14:47:38.311+0000: [GC (Allocation Failure) 2020-10-29T14:47:38.311+0000: [ParNew: 16388K->4K(18432K), 0.0023965 secs] 251747K->235363K(403456K), 0.0024478 secs] [Times: user=0.00 sys=0.00, real=0.00 secs] 
2020-10-29T14:47:38.338+0000: [GC (Allocation Failure) 2020-10-29T14:47:38.338+0000: [ParNew: 16388K->4K(18432K), 0.0025117 secs] 251747K->235363K(403456K), 0.0025753 secs] [Times: user=0.00 sys=0.00, real=0.00 secs] 
2020-10-29T14:47:38.359+0000: [GC (Allocation Failure) 2020-10-29T14:47:38.359+0000: [ParNew: 16388K->4K(18432K), 0.0024240 secs] 251747K->235363K(403456K), 0.0024865 secs] [Times: user=0.00 sys=0.00, real=0.00 secs] 
2020-10-29T14:47:38.379+0000: [GC (Allocation Failure) 2020-10-29T14:47:38.379+0000: [ParNew: 16388K->4K(18432K), 0.0020595 secs] 251747K->235363K(403456K), 0.0021077 secs] [Times: user=0.00 sys=0.00, real=0.00 secs] 
2020-10-29T14:47:38.399+0000: [GC (Allocation Failure) 2020-10-29T14:47:38.399+0000: [ParNew: 16388K->2K(18432K), 0.0079346 secs] 251747K->235361K(403456K), 0.0080068 secs] [Times: user=0.00 sys=0.00, real=0.01 secs] 
2020-10-29T14:47:38.423+0000: [GC (Allocation Failure) 2020-10-29T14:47:38.423+0000: [ParNew: 16386K->4K(18432K), 0.0024462 secs] 251745K->235363K(403456K), 0.0025048 secs] [Times: user=0.01 sys=0.00, real=0.00 secs] 
2020-10-29T14:47:38.443+0000: [GC (Allocation Failure) 2020-10-29T14:47:38.443+0000: [ParNew: 16388K->4K(18432K), 0.0026888 secs] 251747K->237411K(403456K), 0.0027428 secs] [Times: user=0.01 sys=0.00, real=0.00 secs] 
2020-10-29T14:47:38.461+0000: [GC (Allocation Failure) 2020-10-29T14:47:38.461+0000: [ParNew: 16388K->6K(18432K), 0.0024503 secs] 253795K->237413K(403456K), 0.0025061 secs] [Times: user=0.00 sys=0.00, real=0.00 secs] 
2020-10-29T14:47:38.482+0000: [GC (Allocation Failure) 2020-10-29T14:47:38.482+0000: [ParNew: 16390K->4K(18432K), 0.0023460 secs] 253797K->237411K(403456K), 0.0023996 secs] [Times: user=0.00 sys=0.00, real=0.00 secs] 
2020-10-29T14:47:38.503+0000: [GC (Allocation Failure) 2020-10-29T14:47:38.503+0000: [ParNew: 16388K->6K(18432K), 0.0023761 secs] 253795K->237413K(403456K), 0.0024325 secs] [Times: user=0.00 sys=0.00, real=0.00 secs] 
2020-10-29T14:47:38.522+0000: [GC (Allocation Failure) 2020-10-29T14:47:38.522+0000: [ParNew: 16390K->4K(18432K), 0.0023593 secs] 253797K->237411K(403456K), 0.0024180 secs] [Times: user=0.01 sys=0.00, real=0.00 secs] 
2020-10-29T14:47:38.543+0000: [GC (Allocation Failure) 2020-10-29T14:47:38.543+0000: [ParNew: 16388K->4K(18432K), 0.0022392 secs] 253795K->237411K(403456K), 0.0022905 secs] [Times: user=0.00 sys=0.00, real=0.00 secs] 
2020-10-29T14:47:38.563+0000: [GC (Allocation Failure) 2020-10-29T14:47:38.563+0000: [ParNew: 16388K->4K(18432K), 0.0022185 secs] 253795K->237412K(403456K), 0.0022720 secs] [Times: user=0.01 sys=0.00, real=0.00 secs] 
2020-10-29T14:47:38.581+0000: [GC (Allocation Failure) 2020-10-29T14:47:38.581+0000: [ParNew: 16388K->4K(18432K), 0.0020496 secs] 253796K->237412K(403456K), 0.0020956 secs] [Times: user=0.00 sys=0.00, real=0.00 secs] 
2020-10-29T14:47:38.599+0000: [GC (Allocation Failure) 2020-10-29T14:47:38.599+0000: [ParNew: 16388K->4K(18432K), 0.0022329 secs] 253796K->237412K(403456K), 0.0022842 secs] [Times: user=0.01 sys=0.00, real=0.00 secs] 
2020-10-29T14:47:38.616+0000: [GC (Allocation Failure) 2020-10-29T14:47:38.616+0000: [ParNew: 16388K->4K(18432K), 0.0018895 secs] 253796K->237412K(403456K), 0.0019336 secs] [Times: user=0.00 sys=0.00, real=0.00 secs] 
2020-10-29T14:47:38.635+0000: [GC (Allocation Failure) 2020-10-29T14:47:38.635+0000: [ParNew: 16388K->4K(18432K), 0.0020130 secs] 253796K->237412K(403456K), 0.0020587 secs] [Times: user=0.00 sys=0.00, real=0.00 secs] 
2020-10-29T14:47:38.659+0000: [GC (Allocation Failure) 2020-10-29T14:47:38.659+0000: [ParNew: 16388K->4K(18432K), 0.0023322 secs] 253796K->237412K(403456K), 0.0023916 secs] [Times: user=0.01 sys=0.00, real=0.00 secs] 
2020-10-29T14:47:38.681+0000: [GC (Allocation Failure) 2020-10-29T14:47:38.681+0000: [ParNew: 16388K->4K(18432K), 0.0024263 secs] 253796K->237412K(403456K), 0.0024851 secs] [Times: user=0.00 sys=0.00, real=0.00 secs] 
2020-10-29T14:47:38.703+0000: [GC (Allocation Failure) 2020-10-29T14:47:38.703+0000: [ParNew: 16388K->4K(18432K), 0.0024161 secs] 253796K->237412K(403456K), 0.0024753 secs] [Times: user=0.00 sys=0.00, real=0.00 secs] 
2020-10-29T14:47:38.730+0000: [GC (Allocation Failure) 2020-10-29T14:47:38.730+0000: [ParNew: 16388K->4K(18432K), 0.0024242 secs] 253796K->237412K(403456K), 0.0024863 secs] [Times: user=0.01 sys=0.00, real=0.00 secs] 
2020-10-29T14:47:38.754+0000: [GC (Allocation Failure) 2020-10-29T14:47:38.754+0000: [ParNew: 16388K->4K(18432K), 0.0023683 secs] 253796K->237412K(403456K), 0.0024251 secs] [Times: user=0.00 sys=0.00, real=0.01 secs] 
2020-10-29T14:47:38.787+0000: [GC (Allocation Failure) 2020-10-29T14:47:38.787+0000: [ParNew: 16388K->4K(18432K), 0.0030423 secs] 253796K->237412K(403456K), 0.0031065 secs] [Times: user=0.01 sys=0.00, real=0.00 secs] 
2020-10-29T14:47:38.820+0000: [GC (Allocation Failure) 2020-10-29T14:47:38.820+0000: [ParNew: 16388K->4K(18432K), 0.0024271 secs] 253796K->237412K(403456K), 0.0025064 secs] [Times: user=0.01 sys=0.00, real=0.00 secs] 
2020-10-29T14:47:38.862+0000: [GC (Allocation Failure) 2020-10-29T14:47:38.862+0000: [ParNew: 16388K->4K(18432K), 0.0024252 secs] 253796K->237412K(403456K), 0.0024865 secs] [Times: user=0.00 sys=0.00, real=0.00 secs] 
2020-10-29T14:47:38.892+0000: [GC (Allocation Failure) 2020-10-29T14:47:38.892+0000: [ParNew: 16388K->4K(18432K), 0.0024902 secs] 253796K->237412K(403456K), 0.0025741 secs] [Times: user=0.01 sys=0.00, real=0.00 secs] 
2020-10-29T14:47:38.918+0000: [GC (Allocation Failure) 2020-10-29T14:47:38.918+0000: [ParNew: 16388K->4K(18432K), 0.0025161 secs] 253796K->237412K(403456K), 0.0025892 secs] [Times: user=0.01 sys=0.00, real=0.00 secs] 
2020-10-29T14:47:38.942+0000: [GC (Allocation Failure) 2020-10-29T14:47:38.942+0000: [ParNew: 16388K->4K(18432K), 0.0024848 secs] 253796K->237412K(403456K), 0.0025600 secs] [Times: user=0.01 sys=0.00, real=0.00 secs] 
2020-10-29T14:47:38.965+0000: [GC (Allocation Failure) 2020-10-29T14:47:38.966+0000: [ParNew: 16388K->4K(18432K), 0.0024966 secs] 253796K->237412K(403456K), 0.0025616 secs] [Times: user=0.00 sys=0.00, real=0.01 secs] 
2020-10-29T14:47:38.989+0000: [GC (Allocation Failure) 2020-10-29T14:47:38.989+0000: [ParNew: 16388K->4K(18432K), 0.0059308 secs] 253796K->237412K(403456K), 0.0059960 secs] [Times: user=0.01 sys=0.00, real=0.01 secs] 
2020-10-29T14:47:39.030+0000: [GC (Allocation Failure) 2020-10-29T14:47:39.030+0000: [ParNew: 16388K->4K(18432K), 0.0024468 secs] 253796K->237412K(403456K), 0.0025308 secs] [Times: user=0.01 sys=0.00, real=0.00 secs] 
2020-10-29T14:47:39.063+0000: [GC (Allocation Failure) 2020-10-29T14:47:39.063+0000: [ParNew: 16388K->4K(18432K), 0.0024126 secs] 253796K->237412K(403456K), 0.0025105 secs] [Times: user=0.01 sys=0.00, real=0.00 secs] 
2020-10-29T14:47:39.095+0000: [GC (Allocation Failure) 2020-10-29T14:47:39.095+0000: [ParNew: 16388K->4K(18432K), 0.0024847 secs] 253796K->237412K(403456K), 0.0025683 secs] [Times: user=0.01 sys=0.00, real=0.00 secs] 
2020-10-29T14:47:39.139+0000: [GC (Allocation Failure) 2020-10-29T14:47:39.139+0000: [ParNew: 16388K->2K(18432K), 0.0048120 secs] 253796K->237410K(403456K), 0.0048923 secs] [Times: user=0.01 sys=0.00, real=0.00 secs] 
2020-10-29T14:47:39.166+0000: [GC (Allocation Failure) 2020-10-29T14:47:39.166+0000: [ParNew: 16386K->2K(18432K), 0.0047300 secs] 253794K->237410K(403456K), 0.0048057 secs] [Times: user=0.01 sys=0.00, real=0.01 secs] 
2020-10-29T14:47:39.189+0000: [GC (Allocation Failure) 2020-10-29T14:47:39.189+0000: [ParNew: 16386K->2K(18432K), 0.0044295 secs] 253794K->237410K(403456K), 0.0045003 secs] [Times: user=0.01 sys=0.00, real=0.00 secs] 
2020-10-29T14:47:39.223+0000: [GC (Allocation Failure) 2020-10-29T14:47:39.223+0000: [ParNew: 16386K->2K(18432K), 0.0039907 secs] 253794K->237410K(403456K), 0.0040655 secs] [Times: user=0.01 sys=0.00, real=0.01 secs] 
2020-10-29T14:47:39.245+0000: [GC (Allocation Failure) 2020-10-29T14:47:39.245+0000: [ParNew: 16386K->4K(18432K), 0.0023761 secs] 253794K->237412K(403456K), 0.0024332 secs] [Times: user=0.01 sys=0.00, real=0.01 secs] 
2020-10-29T14:47:39.268+0000: [GC (Allocation Failure) 2020-10-29T14:47:39.268+0000: [ParNew: 16388K->4K(18432K), 0.0027580 secs] 253796K->237412K(403456K), 0.0028285 secs] [Times: user=0.00 sys=0.00, real=0.00 secs] 
2020-10-29T14:47:39.286+0000: [GC (Allocation Failure) 2020-10-29T14:47:39.286+0000: [ParNew: 16388K->4K(18432K), 0.0024569 secs] 253796K->237412K(403456K), 0.0025197 secs] [Times: user=0.00 sys=0.00, real=0.01 secs] 
2020-10-29T14:47:39.303+0000: [GC (Allocation Failure) 2020-10-29T14:47:39.303+0000: [ParNew: 14059K->4K(18432K), 0.0023898 secs] 251467K->237412K(403456K), 0.0024456 secs] [Times: user=0.00 sys=0.00, real=0.00 secs] 
2020-10-29T14:47:39.318+0000: [GC (Allocation Failure) 2020-10-29T14:47:39.318+0000: [ParNew: 16388K->4K(18432K), 0.0031166 secs] 253796K->241508K(403456K), 0.0031679 secs] [Times: user=0.01 sys=0.00, real=0.00 secs] 
2020-10-29T14:47:39.339+0000: [GC (Allocation Failure) 2020-10-29T14:47:39.339+0000: [ParNew: 16388K->4K(18432K), 0.0022908 secs] 257892K->241508K(403456K), 0.0023649 secs] [Times: user=0.00 sys=0.01, real=0.00 secs] 
2020-10-29T14:47:39.359+0000: [GC (Allocation Failure) 2020-10-29T14:47:39.359+0000: [ParNew: 16388K->6K(18432K), 0.0022190 secs] 257892K->241510K(403456K), 0.0022879 secs] [Times: user=0.01 sys=0.00, real=0.00 secs] 
2020-10-29T14:47:39.383+0000: [GC (Allocation Failure) 2020-10-29T14:47:39.383+0000: [ParNew: 16390K->4K(18432K), 0.0024036 secs] 257894K->241508K(403456K), 0.0024644 secs] [Times: user=0.01 sys=0.00, real=0.00 secs] 
2020-10-29T14:47:39.403+0000: [GC (Allocation Failure) 2020-10-29T14:47:39.403+0000: [ParNew: 16388K->4K(18432K), 0.0021727 secs] 257892K->241508K(403456K), 0.0022257 secs] [Times: user=0.00 sys=0.00, real=0.00 secs] 
2020-10-29T14:47:39.423+0000: [GC (Allocation Failure) 2020-10-29T14:47:39.423+0000: [ParNew: 16388K->4K(18432K), 0.0019697 secs] 257892K->241508K(403456K), 0.0020173 secs] [Times: user=0.00 sys=0.00, real=0.00 secs] 
2020-10-29T14:47:39.443+0000: [GC (Allocation Failure) 2020-10-29T14:47:39.443+0000: [ParNew: 16388K->4K(18432K), 0.0018964 secs] 257892K->241508K(403456K), 0.0019450 secs] [Times: user=0.00 sys=0.00, real=0.00 secs] 
2020-10-29T14:47:39.463+0000: [GC (Allocation Failure) 2020-10-29T14:47:39.463+0000: [ParNew: 16388K->4K(18432K), 0.0018126 secs] 257892K->241508K(403456K), 0.0018597 secs] [Times: user=0.01 sys=0.00, real=0.00 secs] 
2020-10-29T14:47:39.479+0000: [GC (Allocation Failure) 2020-10-29T14:47:39.479+0000: [ParNew: 16388K->4K(18432K), 0.0018504 secs] 257892K->241508K(403456K), 0.0018974 secs] [Times: user=0.01 sys=0.00, real=0.00 secs] 
2020-10-29T14:47:39.496+0000: [GC (Allocation Failure) 2020-10-29T14:47:39.496+0000: [ParNew: 16388K->4K(18432K), 0.0020714 secs] 257892K->241508K(403456K), 0.0021241 secs] [Times: user=0.00 sys=0.00, real=0.00 secs] 
2020-10-29T14:47:39.512+0000: [GC (Allocation Failure) 2020-10-29T14:47:39.512+0000: [ParNew: 16388K->4K(18432K), 0.0021700 secs] 257892K->241508K(403456K), 0.0022235 secs] [Times: user=0.00 sys=0.00, real=0.00 secs] 
2020-10-29T14:47:39.529+0000: [GC (Allocation Failure) 2020-10-29T14:47:39.529+0000: [ParNew: 16388K->4K(18432K), 0.0023043 secs] 257892K->241508K(403456K), 0.0023818 secs] [Times: user=0.00 sys=0.00, real=0.00 secs] 
2020-10-29T14:47:39.547+0000: [GC (Allocation Failure) 2020-10-29T14:47:39.547+0000: [ParNew: 16388K->4K(18432K), 0.0022873 secs] 257892K->241508K(403456K), 0.0023406 secs] [Times: user=0.01 sys=0.00, real=0.00 secs] 
2020-10-29T14:47:39.567+0000: [GC (Allocation Failure) 2020-10-29T14:47:39.567+0000: [ParNew: 16388K->2K(18432K), 0.0035582 secs] 257892K->241506K(403456K), 0.0036100 secs] [Times: user=0.01 sys=0.00, real=0.00 secs] 
2020-10-29T14:47:39.587+0000: [GC (Allocation Failure) 2020-10-29T14:47:39.587+0000: [ParNew: 16386K->4K(18432K), 0.0022064 secs] 257890K->241508K(403456K), 0.0022588 secs] [Times: user=0.00 sys=0.00, real=0.00 secs] 
2020-10-29T14:47:39.603+0000: [GC (Allocation Failure) 2020-10-29T14:47:39.603+0000: [ParNew: 16388K->4K(18432K), 0.0022540 secs] 257892K->241508K(403456K), 0.0023082 secs] [Times: user=0.00 sys=0.00, real=0.00 secs] 
2020-10-29T14:47:39.620+0000: [GC (Allocation Failure) 2020-10-29T14:47:39.620+0000: [ParNew: 16388K->4K(18432K), 0.0020908 secs] 257892K->241508K(403456K), 0.0021415 secs] [Times: user=0.00 sys=0.00, real=0.00 secs] 
2020-10-29T14:47:39.639+0000: [GC (Allocation Failure) 2020-10-29T14:47:39.639+0000: [ParNew: 14243K->4K(18432K), 0.0017034 secs] 255748K->241508K(403456K), 0.0017492 secs] [Times: user=0.01 sys=0.00, real=0.00 secs] 
2020-10-29T14:47:39.655+0000: [GC (Allocation Failure) 2020-10-29T14:47:39.655+0000: [ParNew: 16388K->4K(18432K), 0.0030929 secs] 257892K->245604K(403456K), 0.0031671 secs] [Times: user=0.00 sys=0.00, real=0.00 secs] 
2020-10-29T14:47:39.675+0000: [GC (Allocation Failure) 2020-10-29T14:47:39.675+0000: [ParNew: 16388K->4K(18432K), 0.0022372 secs] 261988K->245604K(403456K), 0.0022860 secs] [Times: user=0.01 sys=0.00, real=0.00 secs] 
2020-10-29T14:47:39.695+0000: [GC (Allocation Failure) 2020-10-29T14:47:39.695+0000: [ParNew: 16388K->4K(18432K), 0.0055836 secs] 261988K->245604K(403456K), 0.0056836 secs] [Times: user=0.01 sys=0.00, real=0.01 secs] 
2020-10-29T14:47:39.719+0000: [GC (Allocation Failure) 2020-10-29T14:47:39.719+0000: [ParNew: 16388K->4K(18432K), 0.0022914 secs] 261988K->245604K(403456K), 0.0023442 secs] [Times: user=0.00 sys=0.00, real=0.00 secs] 
2020-10-29T14:47:39.739+0000: [GC (Allocation Failure) 2020-10-29T14:47:39.739+0000: [ParNew: 16388K->4K(18432K), 0.0020073 secs] 261988K->245604K(403456K), 0.0020553 secs] [Times: user=0.01 sys=0.00, real=0.00 secs] 
2020-10-29T14:47:39.758+0000: [GC (Allocation Failure) 2020-10-29T14:47:39.758+0000: [ParNew: 16388K->4K(18432K), 0.0023128 secs] 261988K->245604K(403456K), 0.0023693 secs] [Times: user=0.00 sys=0.00, real=0.00 secs] 
2020-10-29T14:47:39.775+0000: [GC (Allocation Failure) 2020-10-29T14:47:39.776+0000: [ParNew: 16388K->4K(18432K), 0.0023506 secs] 261988K->245604K(403456K), 0.0024226 secs] [Times: user=0.01 sys=0.00, real=0.00 secs] 
2020-10-29T14:47:39.792+0000: [GC (Allocation Failure) 2020-10-29T14:47:39.792+0000: [ParNew: 16388K->4K(18432K), 0.0020994 secs] 261988K->245604K(403456K), 0.0021456 secs] [Times: user=0.00 sys=0.00, real=0.00 secs] 
2020-10-29T14:47:39.811+0000: [GC (Allocation Failure) 2020-10-29T14:47:39.811+0000: [ParNew: 16388K->4K(18432K), 0.0022967 secs] 261988K->245604K(403456K), 0.0023531 secs] [Times: user=0.01 sys=0.00, real=0.00 secs] 
2020-10-29T14:47:39.830+0000: [GC (Allocation Failure) 2020-10-29T14:47:39.830+0000: [ParNew: 16388K->4K(18432K), 0.0023929 secs] 261988K->245604K(403456K), 0.0024552 secs] [Times: user=0.01 sys=0.00, real=0.00 secs] 
2020-10-29T14:47:39.849+0000: [GC (Allocation Failure) 2020-10-29T14:47:39.849+0000: [ParNew: 16388K->4K(18432K), 0.0024612 secs] 261988K->245604K(403456K), 0.0025153 secs] [Times: user=0.00 sys=0.00, real=0.00 secs] 
2020-10-29T14:47:39.870+0000: [GC (Allocation Failure) 2020-10-29T14:47:39.870+0000: [ParNew: 16388K->4K(18432K), 0.0020085 secs] 261988K->245604K(403456K), 0.0020588 secs] [Times: user=0.00 sys=0.00, real=0.00 secs] 
2020-10-29T14:47:39.887+0000: [GC (Allocation Failure) 2020-10-29T14:47:39.887+0000: [ParNew: 16388K->4K(18432K), 0.0019474 secs] 261988K->245604K(403456K), 0.0019965 secs] [Times: user=0.00 sys=0.00, real=0.00 secs] 
2020-10-29T14:47:39.905+0000: [GC (Allocation Failure) 2020-10-29T14:47:39.905+0000: [ParNew: 16388K->4K(18432K), 0.0020735 secs] 261988K->245604K(403456K), 0.0021285 secs] [Times: user=0.01 sys=0.00, real=0.01 secs] 
2020-10-29T14:47:39.922+0000: [GC (Allocation Failure) 2020-10-29T14:47:39.922+0000: [ParNew: 16388K->4K(18432K), 0.0023211 secs] 261988K->245604K(403456K), 0.0023750 secs] [Times: user=0.00 sys=0.00, real=0.00 secs] 
2020-10-29T14:47:39.947+0000: [GC (Allocation Failure) 2020-10-29T14:47:39.948+0000: [ParNew: 16388K->4K(18432K), 0.0024245 secs] 261988K->245604K(403456K), 0.0025030 secs] [Times: user=0.00 sys=0.00, real=0.00 secs] 
2020-10-29T14:47:39.970+0000: [GC (Allocation Failure) 2020-10-29T14:47:39.970+0000: [ParNew: 16388K->4K(18432K), 0.0023466 secs] 261988K->245604K(403456K), 0.0024042 secs] [Times: user=0.00 sys=0.00, real=0.00 secs] 
2020-10-29T14:47:39.991+0000: [GC (Allocation Failure) 2020-10-29T14:47:39.991+0000: [ParNew: 16388K->4K(18432K), 0.0024211 secs] 261988K->245604K(403456K), 0.0024827 secs] [Times: user=0.00 sys=0.00, real=0.00 secs] 
2020-10-29T14:47:40.008+0000: [GC (Allocation Failure) 2020-10-29T14:47:40.008+0000: [ParNew: 16388K->4K(18432K), 0.0022061 secs] 261988K->245604K(403456K), 0.0022592 secs] [Times: user=0.01 sys=0.00, real=0.00 secs] 
2020-10-29T14:47:40.025+0000: [GC (Allocation Failure) 2020-10-29T14:47:40.025+0000: [ParNew: 16388K->4K(18432K), 0.0022969 secs] 261988K->245604K(403456K), 0.0023513 secs] [Times: user=0.01 sys=0.00, real=0.01 secs] 
2020-10-29T14:47:40.042+0000: [GC (Allocation Failure) 2020-10-29T14:47:40.042+0000: [ParNew: 16388K->4K(18432K), 0.0022799 secs] 261988K->245604K(403456K), 0.0023341 secs] [Times: user=0.00 sys=0.00, real=0.00 secs] 
2020-10-29T14:47:40.063+0000: [GC (Allocation Failure) 2020-10-29T14:47:40.063+0000: [ParNew: 16388K->4K(18432K), 0.0024432 secs] 261988K->245605K(403456K), 0.0025036 secs] [Times: user=0.00 sys=0.01, real=0.00 secs] 
2020-10-29T14:47:40.080+0000: [GC (Allocation Failure) 2020-10-29T14:47:40.080+0000: [ParNew: 16388K->4K(18432K), 0.0024573 secs] 261989K->245605K(403456K), 0.0025297 secs] [Times: user=0.00 sys=0.00, real=0.00 secs] 
2020-10-29T14:47:40.097+0000: [GC (Allocation Failure) 2020-10-29T14:47:40.097+0000: [ParNew: 16388K->4K(18432K), 0.0025679 secs] 261989K->245605K(403456K), 0.0026331 secs] [Times: user=0.00 sys=0.00, real=0.00 secs] 
2020-10-29T14:47:40.114+0000: [GC (Allocation Failure) 2020-10-29T14:47:40.114+0000: [ParNew: 16388K->4K(18432K), 0.0024240 secs] 261989K->245605K(403456K), 0.0024962 secs] [Times: user=0.00 sys=0.00, real=0.01 secs] 
2020-10-29T14:47:40.135+0000: [GC (Allocation Failure) 2020-10-29T14:47:40.135+0000: [ParNew: 16388K->4K(18432K), 0.0024252 secs] 261989K->245605K(403456K), 0.0024953 secs] [Times: user=0.01 sys=0.00, real=0.00 secs] 
2020-10-29T14:47:40.155+0000: [GC (Allocation Failure) 2020-10-29T14:47:40.155+0000: [ParNew: 16388K->4K(18432K), 0.0024158 secs] 261989K->245605K(403456K), 0.0024741 secs] [Times: user=0.00 sys=0.00, real=0.00 secs] 
2020-10-29T14:47:40.172+0000: [GC (Allocation Failure) 2020-10-29T14:47:40.172+0000: [ParNew: 16377K->4K(18432K), 0.0022880 secs] 261978K->245605K(403456K), 0.0023376 secs] [Times: user=0.00 sys=0.00, real=0.00 secs] 
2020-10-29T14:47:40.189+0000: [GC (Allocation Failure) 2020-10-29T14:47:40.189+0000: [ParNew: 16388K->4K(18432K), 0.0024322 secs] 261989K->245605K(403456K), 0.0024887 secs] [Times: user=0.01 sys=0.00, real=0.00 secs] 
2020-10-29T14:47:40.206+0000: [GC (Allocation Failure) 2020-10-29T14:47:40.206+0000: [ParNew: 16388K->4K(18432K), 0.0021718 secs] 261989K->245605K(403456K), 0.0022197 secs] [Times: user=0.00 sys=0.00, real=0.01 secs] 
2020-10-29T14:47:40.227+0000: [GC (Allocation Failure) 2020-10-29T14:47:40.227+0000: [ParNew: 16388K->4K(18432K), 0.0023880 secs] 261989K->245605K(403456K), 0.0024478 secs] [Times: user=0.00 sys=0.00, real=0.00 secs] 
2020-10-29T14:47:40.244+0000: [GC (Allocation Failure) 2020-10-29T14:47:40.244+0000: [ParNew: 16388K->4K(18432K), 0.0021440 secs] 261989K->245605K(403456K), 0.0022115 secs] [Times: user=0.01 sys=0.00, real=0.00 secs] 
2020-10-29T14:47:40.263+0000: [GC (Allocation Failure) 2020-10-29T14:47:40.263+0000: [ParNew: 16388K->4K(18432K), 0.0020096 secs] 261989K->245605K(403456K), 0.0020524 secs] [Times: user=0.01 sys=0.00, real=0.00 secs] 
2020-10-29T14:47:40.283+0000: [GC (Allocation Failure) 2020-10-29T14:47:40.283+0000: [ParNew: 16388K->4K(18432K), 0.0021957 secs] 261989K->245605K(403456K), 0.0022490 secs] [Times: user=0.01 sys=0.00, real=0.00 secs] 
2020-10-29T14:47:40.303+0000: [GC (Allocation Failure) 2020-10-29T14:47:40.303+0000: [ParNew: 16388K->4K(18432K), 0.0021700 secs] 261989K->245605K(403456K), 0.0022170 secs] [Times: user=0.00 sys=0.00, real=0.00 secs] 
2020-10-29T14:47:40.323+0000: [GC (Allocation Failure) 2020-10-29T14:47:40.323+0000: [ParNew: 16388K->4K(18432K), 0.0022355 secs] 261989K->245605K(403456K), 0.0022886 secs] [Times: user=0.01 sys=0.00, real=0.00 secs] 
2020-10-29T14:47:40.343+0000: [GC (Allocation Failure) 2020-10-29T14:47:40.343+0000: [ParNew: 16388K->4K(18432K), 0.0024197 secs] 261989K->245605K(403456K), 0.0024820 secs] [Times: user=0.00 sys=0.00, real=0.00 secs] 
2020-10-29T14:47:40.360+0000: [GC (Allocation Failure) 2020-10-29T14:47:40.360+0000: [ParNew: 16388K->4K(18432K), 0.0023576 secs] 261989K->245605K(403456K), 0.0024165 secs] [Times: user=0.00 sys=0.00, real=0.00 secs] 
2020-10-29T14:47:40.379+0000: [GC (Allocation Failure) 2020-10-29T14:47:40.379+0000: [ParNew: 16388K->4K(18432K), 0.0025089 secs] 261989K->245605K(403456K), 0.0025710 secs] [Times: user=0.01 sys=0.00, real=0.00 secs] 
2020-10-29T14:47:40.396+0000: [GC (Allocation Failure) 2020-10-29T14:47:40.396+0000: [ParNew: 16388K->4K(18432K), 0.0025541 secs] 261989K->245605K(403456K), 0.0026182 secs] [Times: user=0.00 sys=0.00, real=0.00 secs] 
2020-10-29T14:47:40.413+0000: [GC (Allocation Failure) 2020-10-29T14:47:40.413+0000: [ParNew: 16388K->4K(18432K), 0.0025639 secs] 261989K->245605K(403456K), 0.0026264 secs] [Times: user=0.00 sys=0.00, real=0.01 secs] 
2020-10-29T14:47:40.431+0000: [GC (Allocation Failure) 2020-10-29T14:47:40.431+0000: [ParNew: 16388K->4K(18432K), 0.0025030 secs] 261989K->245605K(403456K), 0.0025660 secs] [Times: user=0.00 sys=0.00, real=0.00 secs] 
2020-10-29T14:47:40.451+0000: [GC (Allocation Failure) 2020-10-29T14:47:40.451+0000: [ParNew: 16388K->4K(18432K), 0.0024384 secs] 261989K->245605K(403456K), 0.0024985 secs] [Times: user=0.00 sys=0.00, real=0.00 secs] 
2020-10-29T14:47:40.471+0000: [GC (Allocation Failure) 2020-10-29T14:47:40.471+0000: [ParNew: 16388K->4K(18432K), 0.0023400 secs] 261989K->245605K(403456K), 0.0023950 secs] [Times: user=0.01 sys=0.00, real=0.00 secs] 
2020-10-29T14:47:40.491+0000: [GC (Allocation Failure) 2020-10-29T14:47:40.491+0000: [ParNew: 16388K->4K(18432K), 0.0023071 secs] 261989K->245605K(403456K), 0.0023606 secs] [Times: user=0.00 sys=0.00, real=0.00 secs] 
2020-10-29T14:47:40.508+0000: [GC (Allocation Failure) 2020-10-29T14:47:40.508+0000: [ParNew: 16388K->4K(18432K), 0.0023475 secs] 261989K->245605K(403456K), 0.0024011 secs] [Times: user=0.00 sys=0.00, real=0.00 secs] 
2020-10-29T14:47:40.524+0000: [GC (Allocation Failure) 2020-10-29T14:47:40.524+0000: [ParNew: 16388K->4K(18432K), 0.0022979 secs] 261989K->245605K(403456K), 0.0023524 secs] [Times: user=0.00 sys=0.00, real=0.01 secs] 
2020-10-29T14:47:40.543+0000: [GC (Allocation Failure) 2020-10-29T14:47:40.543+0000: [ParNew: 16388K->4K(18432K), 0.0024194 secs] 261989K->245605K(403456K), 0.0024819 secs] [Times: user=0.00 sys=0.00, real=0.00 secs] 
2020-10-29T14:47:40.560+0000: [GC (Allocation Failure) 2020-10-29T14:47:40.560+0000: [ParNew: 16388K->4K(18432K), 0.0024159 secs] 261989K->245605K(403456K), 0.0024736 secs] [Times: user=0.01 sys=0.00, real=0.00 secs] 
2020-10-29T14:47:40.579+0000: [GC (Allocation Failure) 2020-10-29T14:47:40.579+0000: [ParNew: 16388K->4K(18432K), 0.0022874 secs] 261989K->245605K(403456K), 0.0023461 secs] [Times: user=0.00 sys=0.00, real=0.00 secs] 
2020-10-29T14:47:40.599+0000: [GC (Allocation Failure) 2020-10-29T14:47:40.599+0000: [ParNew: 16388K->4K(18432K), 0.0024693 secs] 261989K->245605K(403456K), 0.0025268 secs] [Times: user=0.00 sys=0.00, real=0.00 secs] 
2020-10-29T14:47:40.617+0000: [GC (Allocation Failure) 2020-10-29T14:47:40.617+0000: [ParNew: 16388K->4K(18432K), 0.0022630 secs] 261989K->245605K(403456K), 0.0023149 secs] [Times: user=0.00 sys=0.00, real=0.00 secs] 
2020-10-29T14:47:40.635+0000: [GC (Allocation Failure) 2020-10-29T14:47:40.635+0000: [ParNew: 16388K->4K(18432K), 0.0019771 secs] 261989K->245605K(403456K), 0.0020224 secs] [Times: user=0.00 sys=0.00, real=0.00 secs] 
2020-10-29T14:47:40.655+0000: [GC (Allocation Failure) 2020-10-29T14:47:40.655+0000: [ParNew: 16388K->4K(18432K), 0.0022016 secs] 261989K->245605K(403456K), 0.0022542 secs] [Times: user=0.01 sys=0.00, real=0.00 secs] 
2020-10-29T14:47:40.672+0000: [GC (Allocation Failure) 2020-10-29T14:47:40.672+0000: [ParNew: 16388K->4K(18432K), 0.0023509 secs] 261989K->245605K(403456K), 0.0024076 secs] [Times: user=0.01 sys=0.00, real=0.00 secs] 
2020-10-29T14:47:40.689+0000: [GC (Allocation Failure) 2020-10-29T14:47:40.689+0000: [ParNew: 16388K->4K(18432K), 0.0024117 secs] 261989K->245605K(403456K), 0.0024715 secs] [Times: user=0.00 sys=0.00, real=0.00 secs] 
2020-10-29T14:47:40.707+0000: [GC (Allocation Failure) 2020-10-29T14:47:40.707+0000: [ParNew: 16388K->4K(18432K), 0.0024854 secs] 261989K->245605K(403456K), 0.0025410 secs] [Times: user=0.00 sys=0.00, real=0.00 secs] 
2020-10-29T14:47:40.727+0000: [GC (Allocation Failure) 2020-10-29T14:47:40.727+0000: [ParNew: 16388K->6K(18432K), 0.0024216 secs] 261989K->245607K(403456K), 0.0024834 secs] [Times: user=0.01 sys=0.00, real=0.00 secs] 
2020-10-29T14:47:40.744+0000: [GC (Allocation Failure) 2020-10-29T14:47:40.744+0000: [ParNew: 16390K->4K(18432K), 0.0022807 secs] 261991K->245605K(403456K), 0.0023366 secs] [Times: user=0.00 sys=0.00, real=0.01 secs] 
2020-10-29T14:47:40.763+0000: [GC (Allocation Failure) 2020-10-29T14:47:40.763+0000: [ParNew: 16388K->4K(18432K), 0.0024379 secs] 261989K->245605K(403456K), 0.0024980 secs] [Times: user=0.00 sys=0.00, real=0.00 secs] 
2020-10-29T14:47:40.783+0000: [GC (Allocation Failure) 2020-10-29T14:47:40.783+0000: [ParNew: 16388K->4K(18432K), 0.0024094 secs] 261989K->245605K(403456K), 0.0024702 secs] [Times: user=0.01 sys=0.00, real=0.00 secs] 
2020-10-29T14:47:40.803+0000: [GC (Allocation Failure) 2020-10-29T14:47:40.803+0000: [ParNew: 16388K->4K(18432K), 0.0022331 secs] 261989K->245605K(403456K), 0.0022877 secs] [Times: user=0.01 sys=0.00, real=0.00 secs] 
2020-10-29T14:47:40.823+0000: [GC (Allocation Failure) 2020-10-29T14:47:40.823+0000: [ParNew: 16388K->4K(18432K), 0.0023161 secs] 261989K->245605K(403456K), 0.0023869 secs] [Times: user=0.01 sys=0.00, real=0.00 secs] 
2020-10-29T14:47:40.841+0000: [GC (Allocation Failure) 2020-10-29T14:47:40.841+0000: [ParNew: 16388K->4K(18432K), 0.0024846 secs] 261989K->245605K(403456K), 0.0025650 secs] [Times: user=0.01 sys=0.00, real=0.00 secs] 
2020-10-29T14:47:40.865+0000: [GC (Allocation Failure) 2020-10-29T14:47:40.865+0000: [ParNew: 16388K->4K(18432K), 0.0024844 secs] 261989K->245605K(403456K), 0.0025853 secs] [Times: user=0.00 sys=0.00, real=0.01 secs] 
2020-10-29T14:47:40.890+0000: [GC (Allocation Failure) 2020-10-29T14:47:40.890+0000: [ParNew: 16388K->4K(18432K), 0.0025074 secs] 261989K->245605K(403456K), 0.0025908 secs] [Times: user=0.01 sys=0.00, real=0.00 secs] 
2020-10-29T14:47:40.914+0000: [GC (Allocation Failure) 2020-10-29T14:47:40.914+0000: [ParNew: 16388K->4K(18432K), 0.0024840 secs] 261989K->245605K(403456K), 0.0025664 secs] [Times: user=0.01 sys=0.00, real=0.01 secs] 
2020-10-29T14:47:40.936+0000: [GC (Allocation Failure) 2020-10-29T14:47:40.936+0000: [ParNew: 16388K->4K(18432K), 0.0022974 secs] 261989K->245605K(403456K), 0.0023689 secs] [Times: user=0.00 sys=0.00, real=0.00 secs] 
2020-10-29T14:47:40.959+0000: [GC (Allocation Failure) 2020-10-29T14:47:40.959+0000: [ParNew: 16388K->4K(18432K), 0.0021472 secs] 261989K->245605K(403456K), 0.0021982 secs] [Times: user=0.00 sys=0.00, real=0.00 secs] 
2020-10-29T14:47:40.982+0000: [GC (Allocation Failure) 2020-10-29T14:47:40.982+0000: [ParNew: 16388K->4K(18432K), 0.0024134 secs] 261989K->245605K(403456K), 0.0024766 secs] [Times: user=0.00 sys=0.00, real=0.00 secs] 
2020-10-29T14:47:41.000+0000: [GC (Allocation Failure) 2020-10-29T14:47:41.000+0000: [ParNew: 16388K->4K(18432K), 0.0023042 secs] 261989K->245605K(403456K), 0.0023568 secs] [Times: user=0.01 sys=0.00, real=0.00 secs] 
2020-10-29T14:47:41.019+0000: [GC (Allocation Failure) 2020-10-29T14:47:41.019+0000: [ParNew: 16388K->4K(18432K), 0.0022273 secs] 261989K->245605K(403456K), 0.0022794 secs] [Times: user=0.01 sys=0.00, real=0.00 secs] 
2020-10-29T14:47:41.039+0000: [GC (Allocation Failure) 2020-10-29T14:47:41.039+0000: [ParNew: 16388K->4K(18432K), 0.0024939 secs] 261989K->245605K(403456K), 0.0025561 secs] [Times: user=0.00 sys=0.00, real=0.00 secs] 
2020-10-29T14:47:41.056+0000: [GC (Allocation Failure) 2020-10-29T14:47:41.056+0000: [ParNew: 16388K->4K(18432K), 0.0024589 secs] 261989K->245605K(403456K), 0.0025191 secs] [Times: user=0.01 sys=0.00, real=0.00 secs] 
2020-10-29T14:47:41.073+0000: [GC (Allocation Failure) 2020-10-29T14:47:41.073+0000: [ParNew: 16388K->4K(18432K), 0.0025157 secs] 261989K->245605K(403456K), 0.0025909 secs] [Times: user=0.01 sys=0.00, real=0.01 secs] 
2020-10-29T14:47:41.091+0000: [GC (Allocation Failure) 2020-10-29T14:47:41.091+0000: [ParNew: 16388K->4K(18432K), 0.0025044 secs] 261989K->245605K(403456K), 0.0025688 secs] [Times: user=0.00 sys=0.00, real=0.00 secs] 
2020-10-29T14:47:41.108+0000: [GC (Allocation Failure) 2020-10-29T14:47:41.108+0000: [ParNew: 16388K->4K(18432K), 0.0024591 secs] 261989K->245605K(403456K), 0.0025250 secs] [Times: user=0.00 sys=0.00, real=0.00 secs] 
2020-10-29T14:47:41.125+0000: [GC (Allocation Failure) 2020-10-29T14:47:41.125+0000: [ParNew: 16388K->4K(18432K), 0.0024514 secs] 261989K->245605K(403456K), 0.0025134 secs] [Times: user=0.01 sys=0.00, real=0.01 secs] 
2020-10-29T14:47:41.142+0000: [GC (Allocation Failure) 2020-10-29T14:47:41.142+0000: [ParNew: 16388K->4K(18432K), 0.0025109 secs] 261989K->245605K(403456K), 0.0025733 secs] [Times: user=0.00 sys=0.00, real=0.00 secs] 
2020-10-29T14:47:41.159+0000: [GC (Allocation Failure) 2020-10-29T14:47:41.159+0000: [ParNew: 16388K->4K(18432K), 0.0024856 secs] 261989K->245605K(403456K), 0.0025479 secs] [Times: user=0.00 sys=0.00, real=0.00 secs] 
2020-10-29T14:47:41.177+0000: [GC (Allocation Failure) 2020-10-29T14:47:41.177+0000: [ParNew: 16388K->4K(18432K), 0.0024284 secs] 261989K->245605K(403456K), 0.0024878 secs] [Times: user=0.00 sys=0.00, real=0.00 secs] 
2020-10-29T14:47:41.194+0000: [GC (Allocation Failure) 2020-10-29T14:47:41.194+0000: [ParNew: 16388K->4K(18432K), 0.0023369 secs] 261989K->245605K(403456K), 0.0023924 secs] [Times: user=0.00 sys=0.00, real=0.01 secs] 
2020-10-29T14:47:41.211+0000: [GC (Allocation Failure) 2020-10-29T14:47:41.211+0000: [ParNew: 16388K->4K(18432K), 0.0023356 secs] 261989K->245605K(403456K), 0.0023948 secs] [Times: user=0.01 sys=0.00, real=0.00 secs] 
2020-10-29T14:47:41.231+0000: [GC (Allocation Failure) 2020-10-29T14:47:41.231+0000: [ParNew: 16388K->4K(18432K), 0.0022064 secs] 261989K->245605K(403456K), 0.0022583 secs] [Times: user=0.01 sys=0.00, real=0.00 secs] 
2020-10-29T14:47:41.251+0000: [GC (Allocation Failure) 2020-10-29T14:47:41.251+0000: [ParNew: 16388K->4K(18432K), 0.0020455 secs] 261989K->245605K(403456K), 0.0020924 secs] [Times: user=0.00 sys=0.00, real=0.00 secs] 
2020-10-29T14:47:41.271+0000: [GC (Allocation Failure) 2020-10-29T14:47:41.271+0000: [ParNew: 16388K->4K(18432K), 0.0018688 secs] 261989K->245605K(403456K), 0.0019128 secs] [Times: user=0.00 sys=0.00, real=0.00 secs] 
2020-10-29T14:47:41.291+0000: [GC (Allocation Failure) 2020-10-29T14:47:41.291+0000: [ParNew: 16388K->4K(18432K), 0.0024586 secs] 261989K->245605K(403456K), 0.0025217 secs] [Times: user=0.01 sys=0.00, real=0.00 secs] 
2020-10-29T14:47:41.308+0000: [GC (Allocation Failure) 2020-10-29T14:47:41.308+0000: [ParNew: 16388K->4K(18432K), 0.0025613 secs] 261989K->245605K(403456K), 0.0026141 secs] [Times: user=0.01 sys=0.00, real=0.00 secs] 
2020-10-29T14:47:41.330+0000: [GC (Allocation Failure) 2020-10-29T14:47:41.330+0000: [ParNew: 16388K->4K(18432K), 0.0024471 secs] 261989K->245605K(403456K), 0.0025095 secs] [Times: user=0.00 sys=0.00, real=0.00 secs] 
2020-10-29T14:47:41.349+0000: [GC (Allocation Failure) 2020-10-29T14:47:41.349+0000: [ParNew: 16388K->4K(18432K), 0.0024769 secs] 261989K->245605K(403456K), 0.0025379 secs] [Times: user=0.01 sys=0.00, real=0.00 secs] 
2020-10-29T14:47:41.375+0000: [GC (Allocation Failure) 2020-10-29T14:47:41.375+0000: [ParNew: 16388K->6K(18432K), 0.0024822 secs] 261989K->245607K(403456K), 0.0025647 secs] [Times: user=0.00 sys=0.00, real=0.00 secs] 
2020-10-29T14:47:41.397+0000: [GC (Allocation Failure) 2020-10-29T14:47:41.397+0000: [ParNew: 16390K->4K(18432K), 0.0025136 secs] 261991K->245605K(403456K), 0.0025974 secs] [Times: user=0.01 sys=0.00, real=0.00 secs] 
2020-10-29T14:47:41.427+0000: [GC (Allocation Failure) 2020-10-29T14:47:41.427+0000: [ParNew: 16388K->4K(18432K), 0.0024244 secs] 261989K->245605K(403456K), 0.0024885 secs] [Times: user=0.01 sys=0.00, real=0.00 secs] 
2020-10-29T14:47:41.447+0000: [GC (Allocation Failure) 2020-10-29T14:47:41.447+0000: [ParNew: 16388K->4K(18432K), 0.0022459 secs] 261989K->245605K(403456K), 0.0023010 secs] [Times: user=0.00 sys=0.00, real=0.00 secs] 
2020-10-29T14:47:41.464+0000: [GC (Allocation Failure) 2020-10-29T14:47:41.464+0000: [ParNew: 16388K->4K(18432K), 0.0023772 secs] 261989K->245605K(403456K), 0.0024364 secs] [Times: user=0.01 sys=0.00, real=0.00 secs] 
2020-10-29T14:47:41.483+0000: [GC (Allocation Failure) 2020-10-29T14:47:41.483+0000: [ParNew: 16388K->4K(18432K), 0.0024495 secs] 261989K->245605K(403456K), 0.0025115 secs] [Times: user=0.00 sys=0.00, real=0.00 secs] 
2020-10-29T14:47:41.503+0000: [GC (Allocation Failure) 2020-10-29T14:47:41.503+0000: [ParNew: 16388K->4K(18432K), 0.0024372 secs] 261989K->245605K(403456K), 0.0024979 secs] [Times: user=0.00 sys=0.00, real=0.00 secs] 
2020-10-29T14:47:41.521+0000: [GC (Allocation Failure) 2020-10-29T14:47:41.521+0000: [ParNew: 16388K->4K(18432K), 0.0024574 secs] 261989K->245605K(403456K), 0.0025123 secs] [Times: user=0.01 sys=0.00, real=0.00 secs] 
2020-10-29T14:47:41.538+0000: [GC (Allocation Failure) 2020-10-29T14:47:41.538+0000: [ParNew: 16388K->4K(18432K), 0.0021366 secs] 261989K->245605K(403456K), 0.0021860 secs] [Times: user=0.01 sys=0.00, real=0.00 secs] 
2020-10-29T14:47:41.559+0000: [GC (Allocation Failure) 2020-10-29T14:47:41.559+0000: [ParNew: 16388K->4K(18432K), 0.0022909 secs] 261989K->245605K(403456K), 0.0023440 secs] [Times: user=0.01 sys=0.00, real=0.00 secs] 
2020-10-29T14:47:41.577+0000: [GC (Allocation Failure) 2020-10-29T14:47:41.578+0000: [ParNew: 16388K->4K(18432K), 0.0025088 secs] 261989K->245605K(403456K), 0.0025787 secs] [Times: user=0.00 sys=0.00, real=0.00 secs] 
2020-10-29T14:47:41.596+0000: [GC (Allocation Failure) 2020-10-29T14:47:41.596+0000: [ParNew: 16388K->4K(18432K), 0.0024724 secs] 261989K->245605K(403456K), 0.0025317 secs] [Times: user=0.00 sys=0.00, real=0.00 secs] 
2020-10-29T14:47:41.613+0000: [GC (Allocation Failure) 2020-10-29T14:47:41.613+0000: [ParNew: 16388K->4K(18432K), 0.0024930 secs] 261989K->245605K(403456K), 0.0025543 secs] [Times: user=0.00 sys=0.00, real=0.01 secs] 
2020-10-29T14:47:41.631+0000: [GC (Allocation Failure) 2020-10-29T14:47:41.631+0000: [ParNew: 16388K->4K(18432K), 0.0023763 secs] 261989K->245605K(403456K), 0.0024355 secs] [Times: user=0.01 sys=0.00, real=0.00 secs] 
2020-10-29T14:47:41.648+0000: [GC (Allocation Failure) 2020-10-29T14:47:41.648+0000: [ParNew: 16388K->4K(18432K), 0.0023627 secs] 261989K->245605K(403456K), 0.0024213 secs] [Times: user=0.00 sys=0.00, real=0.00 secs] 
2020-10-29T14:47:41.667+0000: [GC (Allocation Failure) 2020-10-29T14:47:41.667+0000: [ParNew: 16388K->4K(18432K), 0.0019642 secs] 261989K->245605K(403456K), 0.0020090 secs] [Times: user=0.01 sys=0.00, real=0.00 secs] 
2020-10-29T14:47:41.683+0000: [GC (Allocation Failure) 2020-10-29T14:47:41.683+0000: [ParNew: 16388K->4K(18432K), 0.0019638 secs] 261989K->245605K(403456K), 0.0020090 secs] [Times: user=0.01 sys=0.00, real=0.00 secs] 
2020-10-29T14:47:41.703+0000: [GC (Allocation Failure) 2020-10-29T14:47:41.703+0000: [ParNew: 16388K->4K(18432K), 0.0023048 secs] 261989K->245605K(403456K), 0.0023620 secs] [Times: user=0.00 sys=0.00, real=0.00 secs] 
2020-10-29T14:47:41.723+0000: [GC (Allocation Failure) 2020-10-29T14:47:41.723+0000: [ParNew: 16388K->4K(18432K), 0.0022874 secs] 261989K->245605K(403456K), 0.0023422 secs] [Times: user=0.00 sys=0.00, real=0.00 secs] 
2020-10-29T14:47:41.741+0000: [GC (Allocation Failure) 2020-10-29T14:47:41.741+0000: [ParNew: 16388K->4K(18432K), 0.0023691 secs] 261989K->245605K(403456K), 0.0024269 secs] [Times: user=0.01 sys=0.00, real=0.00 secs] 
2020-10-29T14:47:41.758+0000: [GC (Allocation Failure) 2020-10-29T14:47:41.759+0000: [ParNew: 16388K->4K(18432K), 0.0024385 secs] 261989K->245605K(403456K), 0.0024985 secs] [Times: user=0.01 sys=0.00, real=0.00 secs] 
2020-10-29T14:47:41.775+0000: [GC (Allocation Failure) 2020-10-29T14:47:41.776+0000: [ParNew: 16388K->4K(18432K), 0.0022516 secs] 261989K->245605K(403456K), 0.0023073 secs] [Times: user=0.00 sys=0.00, real=0.00 secs] 
2020-10-29T14:47:41.792+0000: [GC (Allocation Failure) 2020-10-29T14:47:41.792+0000: [ParNew: 16388K->4K(18432K), 0.0025242 secs] 261989K->245605K(403456K), 0.0025906 secs] [Times: user=0.00 sys=0.00, real=0.01 secs] 
2020-10-29T14:47:41.810+0000: [GC (Allocation Failure) 2020-10-29T14:47:41.810+0000: [ParNew: 16388K->4K(18432K), 0.0022654 secs] 261989K->245605K(403456K), 0.0023191 secs] [Times: user=0.01 sys=0.00, real=0.00 secs] 
2020-10-29T14:47:41.830+0000: [GC (Allocation Failure) 2020-10-29T14:47:41.830+0000: [ParNew: 16388K->4K(18432K), 0.0023896 secs] 261989K->245605K(403456K), 0.0024445 secs] [Times: user=0.00 sys=0.00, real=0.00 secs] 
2020-10-29T14:47:41.858+0000: [GC (Allocation Failure) 2020-10-29T14:47:41.858+0000: [ParNew: 16388K->4K(18432K), 0.0024484 secs] 261989K->245605K(403456K), 0.0025121 secs] [Times: user=0.00 sys=0.00, real=0.00 secs] 
2020-10-29T14:47:41.888+0000: [GC (Allocation Failure) 2020-10-29T14:47:41.888+0000: [ParNew: 16388K->377K(18432K), 0.0031881 secs] 261989K->245979K(403456K), 0.0032500 secs] [Times: user=0.00 sys=0.00, real=0.00 secs] 
2020-10-29T14:47:41.910+0000: [GC (Allocation Failure) 2020-10-29T14:47:41.911+0000: [ParNew: 16761K->294K(18432K), 0.0028031 secs] 262363K->245896K(403456K), 0.0028727 secs] [Times: user=0.00 sys=0.00, real=0.00 secs] 
2020-10-29T14:47:41.933+0000: [GC (Allocation Failure) 2020-10-29T14:47:41.933+0000: [ParNew: 16678K->405K(18432K), 0.0029225 secs] 262280K->246007K(403456K), 0.0029867 secs] [Times: user=0.00 sys=0.00, real=0.01 secs] 
2020-10-29T14:47:41.961+0000: [GC (Allocation Failure) 2020-10-29T14:47:41.961+0000: [ParNew: 16789K->418K(18432K), 0.0030463 secs] 278775K->262404K(403456K), 0.0031120 secs] [Times: user=0.01 sys=0.00, real=0.00 secs] 
2020-10-29T14:47:41.964+0000: [GC (CMS Initial Mark) [1 CMS-initial-mark: 261985K(385024K)] 262715K(403456K), 0.0015890 secs] [Times: user=0.00 sys=0.00, real=0.00 secs] 
2020-10-29T14:47:41.966+0000: [CMS-concurrent-mark-start]
2020-10-29T14:47:42.003+0000: [GC (Allocation Failure) 2020-10-29T14:47:42.003+0000: [ParNew: 16802K->389K(18432K), 0.0029085 secs] 278788K->262375K(403456K), 0.0029722 secs] [Times: user=0.01 sys=0.00, real=0.00 secs] 
2020-10-29T14:47:42.027+0000: [GC (Allocation Failure) 2020-10-29T14:47:42.027+0000: [ParNew: 16773K->500K(18432K), 0.0027535 secs] 278759K->262486K(403456K), 0.0028168 secs] [Times: user=0.00 sys=0.00, real=0.00 secs] 
2020-10-29T14:47:42.042+0000: [CMS-concurrent-mark: 0.068/0.076 secs] [Times: user=0.14 sys=0.00, real=0.08 secs] 
2020-10-29T14:47:42.042+0000: [CMS-concurrent-preclean-start]
2020-10-29T14:47:42.045+0000: [CMS-concurrent-preclean: 0.003/0.003 secs] [Times: user=0.01 sys=0.00, real=0.00 secs] 
2020-10-29T14:47:42.045+0000: [CMS-concurrent-abortable-preclean-start]
2020-10-29T14:47:42.050+0000: [GC (Allocation Failure) 2020-10-29T14:47:42.050+0000: [ParNew: 16884K->169K(18432K), 0.0023422 secs] 278870K->262379K(403456K), 0.0023876 secs] [Times: user=0.01 sys=0.00, real=0.00 secs] 
2020-10-29T14:47:42.067+0000: [CMS-concurrent-abortable-preclean: 0.019/0.022 secs] [Times: user=0.05 sys=0.00, real=0.03 secs] 
2020-10-29T14:47:42.071+0000: [GC (CMS Final Remark) [YG occupancy: 15347 K (18432 K)]2020-10-29T14:47:42.071+0000: [Rescan (parallel) , 0.0112686 secs]2020-10-29T14:47:42.082+0000: [weak refs processing, 0.0000780 secs]2020-10-29T14:47:42.082+0000: [class unloading, 0.0100629 secs]2020-10-29T14:47:42.092+0000: [scrub symbol table, 0.0105527 secs]2020-10-29T14:47:42.103+0000: [scrub string table, 0.0007213 secs][1 CMS-remark: 262209K(385024K)] 277557K(403456K), 0.0328436 secs] [Times: user=0.04 sys=0.00, real=0.03 secs] 
2020-10-29T14:47:42.105+0000: [CMS-concurrent-sweep-start]
2020-10-29T14:47:42.105+0000: [GC (Allocation Failure) 2020-10-29T14:47:42.105+0000: [ParNew: 16553K->87K(18432K), 0.0025001 secs] 278763K->262300K(403456K), 0.0025426 secs] [Times: user=0.01 sys=0.00, real=0.01 secs] 
2020-10-29T14:47:42.122+0000: [CMS-concurrent-sweep: 0.014/0.016 secs] [Times: user=0.03 sys=0.00, real=0.02 secs] 
2020-10-29T14:47:42.122+0000: [CMS-concurrent-reset-start]
2020-10-29T14:47:42.124+0000: [CMS-concurrent-reset: 0.002/0.002 secs] [Times: user=0.01 sys=0.00, real=0.00 secs] 
2020-10-29T14:47:42.134+0000: [GC (Allocation Failure) 2020-10-29T14:47:42.134+0000: [ParNew: 16471K->95K(18432K), 0.0027565 secs] 187569K->171199K(403456K), 0.0028059 secs] [Times: user=0.01 sys=0.00, real=0.01 secs] 
2020-10-29T14:47:42.152+0000: [GC (Allocation Failure) 2020-10-29T14:47:42.152+0000: [ParNew: 16479K->59K(18432K), 0.0026567 secs] 187583K->171165K(403456K), 0.0027213 secs] [Times: user=0.00 sys=0.00, real=0.00 secs] 
2020-10-29T14:47:42.169+0000: [GC (Allocation Failure) 2020-10-29T14:47:42.169+0000: [ParNew: 16443K->38K(18432K), 0.0027715 secs] 187549K->171191K(403456K), 0.0028430 secs] [Times: user=0.01 sys=0.00, real=0.00 secs] 
2020-10-29T14:47:42.187+0000: [GC (Allocation Failure) 2020-10-29T14:47:42.187+0000: [ParNew: 12626K->10K(18432K), 0.0025150 secs] 183780K->171166K(403456K), 0.0025790 secs] [Times: user=0.01 sys=0.00, real=0.00 secs] 
2020-10-29T14:47:42.198+0000: [GC (Allocation Failure) 2020-10-29T14:47:42.198+0000: [ParNew: 16394K->4K(18432K), 0.0039952 secs] 187550K->179352K(403456K), 0.0040539 secs] [Times: user=0.01 sys=0.00, real=0.00 secs] 
2020-10-29T14:47:42.213+0000: [GC (Allocation Failure) 2020-10-29T14:47:42.213+0000: [ParNew: 16388K->4K(18432K), 0.0042647 secs] 195736K->187544K(403456K), 0.0043327 secs] [Times: user=0.01 sys=0.00, real=0.01 secs] 
2020-10-29T14:47:42.235+0000: [GC (Allocation Failure) 2020-10-29T14:47:42.235+0000: [ParNew: 16388K->4K(18432K), 0.0024524 secs] 203928K->187544K(403456K), 0.0025140 secs] [Times: user=0.01 sys=0.00, real=0.00 secs] 
2020-10-29T14:47:42.255+0000: [GC (Allocation Failure) 2020-10-29T14:47:42.255+0000: [ParNew: 16388K->4K(18432K), 0.0022417 secs] 203928K->187544K(403456K), 0.0022975 secs] [Times: user=0.01 sys=0.00, real=0.00 secs] 
2020-10-29T14:47:42.271+0000: [GC (Allocation Failure) 2020-10-29T14:47:42.271+0000: [ParNew: 16388K->4K(18432K), 0.0023859 secs] 203928K->187544K(403456K), 0.0024404 secs] [Times: user=0.00 sys=0.00, real=0.00 secs] 
2020-10-29T14:47:42.288+0000: [GC (Allocation Failure) 2020-10-29T14:47:42.288+0000: [ParNew: 16388K->4K(18432K), 0.0024408 secs] 203928K->187544K(403456K), 0.0024947 secs] [Times: user=0.01 sys=0.00, real=0.00 secs] 
2020-10-29T14:47:42.306+0000: [GC (Allocation Failure) 2020-10-29T14:47:42.306+0000: [ParNew: 16388K->4K(18432K), 0.0024310 secs] 203928K->187544K(403456K), 0.0024976 secs] [Times: user=0.01 sys=0.00, real=0.01 secs] 
2020-10-29T14:47:42.323+0000: [GC (Allocation Failure) 2020-10-29T14:47:42.323+0000: [ParNew: 16388K->4K(18432K), 0.0019469 secs] 203928K->187544K(403456K), 0.0019910 secs] [Times: user=0.00 sys=0.00, real=0.00 secs] 
2020-10-29T14:47:42.339+0000: [GC (Allocation Failure) 2020-10-29T14:47:42.339+0000: [ParNew: 16388K->4K(18432K), 0.0025394 secs] 203928K->187544K(403456K), 0.0026050 secs] [Times: user=0.01 sys=0.00, real=0.00 secs] 
2020-10-29T14:47:42.356+0000: [GC (Allocation Failure) 2020-10-29T14:47:42.356+0000: [ParNew: 16388K->4K(18432K), 0.0025955 secs] 203928K->187544K(403456K), 0.0026595 secs] [Times: user=0.01 sys=0.00, real=0.00 secs] 
2020-10-29T14:47:42.375+0000: [GC (Allocation Failure) 2020-10-29T14:47:42.375+0000: [ParNew: 16388K->4K(18432K), 0.0026642 secs] 203928K->187544K(403456K), 0.0027313 secs] [Times: user=0.01 sys=0.00, real=0.00 secs] 
2020-10-29T14:47:42.395+0000: [GC (Allocation Failure) 2020-10-29T14:47:42.395+0000: [ParNew: 16388K->4K(18432K), 0.0024688 secs] 203928K->187544K(403456K), 0.0025339 secs] [Times: user=0.00 sys=0.00, real=0.00 secs] 
2020-10-29T14:47:42.415+0000: [GC (Allocation Failure) 2020-10-29T14:47:42.415+0000: [ParNew: 16388K->4K(18432K), 0.0024079 secs] 203928K->187544K(403456K), 0.0024682 secs] [Times: user=0.00 sys=0.00, real=0.00 secs] 
2020-10-29T14:47:42.435+0000: [GC (Allocation Failure) 2020-10-29T14:47:42.435+0000: [ParNew: 16388K->4K(18432K), 0.0023984 secs] 203928K->187544K(403456K), 0.0024580 secs] [Times: user=0.01 sys=0.00, real=0.00 secs] 
2020-10-29T14:47:42.452+0000: [GC (Allocation Failure) 2020-10-29T14:47:42.452+0000: [ParNew: 16388K->4K(18432K), 0.0022290 secs] 203928K->187544K(403456K), 0.0022828 secs] [Times: user=0.00 sys=0.00, real=0.00 secs] 
2020-10-29T14:47:42.471+0000: [GC (Allocation Failure) 2020-10-29T14:47:42.471+0000: [ParNew: 16388K->4K(18432K), 0.0024437 secs] 203928K->187544K(403456K), 0.0025070 secs] [Times: user=0.00 sys=0.00, real=0.00 secs] 
2020-10-29T14:47:42.491+0000: [GC (Allocation Failure) 2020-10-29T14:47:42.491+0000: [ParNew: 16388K->4K(18432K), 0.0024344 secs] 203928K->187544K(403456K), 0.0024964 secs] [Times: user=0.01 sys=0.00, real=0.00 secs] 
2020-10-29T14:47:42.508+0000: [GC (Allocation Failure) 2020-10-29T14:47:42.508+0000: [ParNew: 16388K->4K(18432K), 0.0033041 secs] 203928K->187544K(403456K), 0.0033740 secs] [Times: user=0.00 sys=0.00, real=0.00 secs] 
2020-10-29T14:47:42.525+0000: [GC (Allocation Failure) 2020-10-29T14:47:42.526+0000: [ParNew: 16388K->4K(18432K), 0.0023458 secs] 203928K->187544K(403456K), 0.0023987 secs] [Times: user=0.00 sys=0.00, real=0.01 secs] 
2020-10-29T14:47:42.542+0000: [GC (Allocation Failure) 2020-10-29T14:47:42.542+0000: [ParNew: 16388K->4K(18432K), 0.0024618 secs] 203928K->187544K(403456K), 0.0025218 secs] [Times: user=0.01 sys=0.00, real=0.00 secs] 
2020-10-29T14:47:42.559+0000: [GC (Allocation Failure) 2020-10-29T14:47:42.559+0000: [ParNew: 16388K->4K(18432K), 0.0024896 secs] 203928K->187544K(403456K), 0.0025499 secs] [Times: user=0.00 sys=0.00, real=0.00 secs] 
2020-10-29T14:47:42.579+0000: [GC (Allocation Failure) 2020-10-29T14:47:42.579+0000: [ParNew: 16388K->4K(18432K), 0.0024085 secs] 203928K->187544K(403456K), 0.0024752 secs] [Times: user=0.01 sys=0.00, real=0.00 secs] 
2020-10-29T14:47:42.596+0000: [GC (Allocation Failure) 2020-10-29T14:47:42.596+0000: [ParNew: 16388K->4K(18432K), 0.0022036 secs] 203928K->187544K(403456K), 0.0022543 secs] [Times: user=0.01 sys=0.00, real=0.00 secs] 
2020-10-29T14:47:42.613+0000: [GC (Allocation Failure) 2020-10-29T14:47:42.613+0000: [ParNew: 16388K->4K(18432K), 0.0024589 secs] 203928K->187544K(403456K), 0.0025217 secs] [Times: user=0.00 sys=0.00, real=0.01 secs] 
2020-10-29T14:47:42.630+0000: [GC (Allocation Failure) 2020-10-29T14:47:42.630+0000: [ParNew: 16388K->4K(18432K), 0.0024735 secs] 203928K->187544K(403456K), 0.0025343 secs] [Times: user=0.01 sys=0.00, real=0.00 secs] 
2020-10-29T14:47:42.647+0000: [GC (Allocation Failure) 2020-10-29T14:47:42.647+0000: [ParNew: 16388K->4K(18432K), 0.0022891 secs] 203928K->187544K(403456K), 0.0023457 secs] [Times: user=0.01 sys=0.00, real=0.00 secs] 
2020-10-29T14:47:42.663+0000: [GC (Allocation Failure) 2020-10-29T14:47:42.663+0000: [ParNew: 16388K->4K(18432K), 0.0020659 secs] 203928K->187544K(403456K), 0.0021161 secs] [Times: user=0.01 sys=0.00, real=0.00 secs] 
2020-10-29T14:47:42.680+0000: [GC (Allocation Failure) 2020-10-29T14:47:42.680+0000: [ParNew: 16388K->4K(18432K), 0.0024629 secs] 203928K->187544K(403456K), 0.0025220 secs] [Times: user=0.00 sys=0.00, real=0.00 secs] 
2020-10-29T14:47:42.697+0000: [GC (Allocation Failure) 2020-10-29T14:47:42.697+0000: [ParNew: 16388K->4K(18432K), 0.0024439 secs] 203928K->187544K(403456K), 0.0025085 secs] [Times: user=0.00 sys=0.00, real=0.00 secs] 
2020-10-29T14:47:42.719+0000: [GC (Allocation Failure) 2020-10-29T14:47:42.719+0000: [ParNew: 16388K->6K(18432K), 0.0024394 secs] 203928K->187546K(403456K), 0.0025015 secs] [Times: user=0.00 sys=0.00, real=0.00 secs] 
2020-10-29T14:47:42.736+0000: [GC (Allocation Failure) 2020-10-29T14:47:42.736+0000: [ParNew: 16390K->6K(18432K), 0.0024738 secs] 203930K->187546K(403456K), 0.0025325 secs] [Times: user=0.00 sys=0.01, real=0.00 secs] 
2020-10-29T14:47:42.753+0000: [GC (Allocation Failure) 2020-10-29T14:47:42.753+0000: [ParNew: 16390K->6K(18432K), 0.0024484 secs] 203930K->187546K(403456K), 0.0025076 secs] [Times: user=0.00 sys=0.00, real=0.01 secs] 
2020-10-29T14:47:42.770+0000: [GC (Allocation Failure) 2020-10-29T14:47:42.770+0000: [ParNew: 16390K->6K(18432K), 0.0022713 secs] 203930K->187546K(403456K), 0.0023268 secs] [Times: user=0.01 sys=0.00, real=0.00 secs] 
2020-10-29T14:47:42.788+0000: [GC (Allocation Failure) 2020-10-29T14:47:42.788+0000: [ParNew: 16390K->6K(18432K), 0.0021952 secs] 203930K->187546K(403456K), 0.0022476 secs] [Times: user=0.00 sys=0.00, real=0.00 secs] 
2020-10-29T14:47:42.804+0000: [GC (Allocation Failure) 2020-10-29T14:47:42.805+0000: [ParNew: 16390K->6K(18432K), 0.0028451 secs] 203930K->187546K(403456K), 0.0029108 secs] [Times: user=0.01 sys=0.00, real=0.01 secs] 
2020-10-29T14:47:42.839+0000: [GC (Allocation Failure) 2020-10-29T14:47:42.839+0000: [ParNew: 16390K->15K(18432K), 0.0025630 secs] 203930K->187556K(403456K), 0.0026280 secs] [Times: user=0.01 sys=0.00, real=0.00 secs] 
2020-10-29T14:47:42.857+0000: [GC (Allocation Failure) 2020-10-29T14:47:42.857+0000: [ParNew: 16399K->8K(18432K), 0.0024852 secs] 203940K->187549K(403456K), 0.0025458 secs] [Times: user=0.00 sys=0.00, real=0.00 secs] 
2020-10-29T14:47:42.875+0000: [GC (Allocation Failure) 2020-10-29T14:47:42.875+0000: [ParNew: 16392K->8K(18432K), 0.0020316 secs] 203933K->187549K(403456K), 0.0020802 secs] [Times: user=0.00 sys=0.00, real=0.00 secs] 
2020-10-29T14:47:42.895+0000: [GC (Allocation Failure) 2020-10-29T14:47:42.895+0000: [ParNew: 16392K->8K(18432K), 0.0022768 secs] 203933K->187549K(403456K), 0.0023336 secs] [Times: user=0.01 sys=0.00, real=0.00 secs] 
2020-10-29T14:47:42.912+0000: [GC (Allocation Failure) 2020-10-29T14:47:42.912+0000: [ParNew: 16392K->8K(18432K), 0.0024949 secs] 203933K->187549K(403456K), 0.0025541 secs] [Times: user=0.01 sys=0.00, real=0.00 secs] 
2020-10-29T14:47:42.930+0000: [GC (Allocation Failure) 2020-10-29T14:47:42.930+0000: [ParNew: 16392K->8K(18432K), 0.0024642 secs] 203933K->187549K(403456K), 0.0025262 secs] [Times: user=0.00 sys=0.00, real=0.00 secs] 
2020-10-29T14:47:42.951+0000: [GC (Allocation Failure) 2020-10-29T14:47:42.951+0000: [ParNew: 16392K->4K(18432K), 0.0024364 secs] 203933K->187548K(403456K), 0.0024986 secs] [Times: user=0.01 sys=0.00, real=0.00 secs] 
2020-10-29T14:47:42.971+0000: [GC (Allocation Failure) 2020-10-29T14:47:42.971+0000: [ParNew: 16388K->4K(18432K), 0.0024333 secs] 203932K->187548K(403456K), 0.0024943 secs] [Times: user=0.00 sys=0.00, real=0.00 secs] 
2020-10-29T14:47:42.988+0000: [GC (Allocation Failure) 2020-10-29T14:47:42.988+0000: [ParNew: 16388K->4K(18432K), 0.0027703 secs] 203932K->187548K(403456K), 0.0028381 secs] [Times: user=0.01 sys=0.00, real=0.00 secs] 
2020-10-29T14:47:43.006+0000: [GC (Allocation Failure) 2020-10-29T14:47:43.006+0000: [ParNew: 16388K->4K(18432K), 0.0029372 secs] 203932K->187548K(403456K), 0.0030027 secs] [Times: user=0.01 sys=0.00, real=0.01 secs] 
2020-10-29T14:47:43.023+0000: [GC (Allocation Failure) 2020-10-29T14:47:43.023+0000: [ParNew: 16388K->4K(18432K), 0.0024853 secs] 203932K->187548K(403456K), 0.0025500 secs] [Times: user=0.00 sys=0.00, real=0.00 secs] 
2020-10-29T14:47:43.040+0000: [GC (Allocation Failure) 2020-10-29T14:47:43.040+0000: [ParNew: 16388K->4K(18432K), 0.0024882 secs] 203932K->187548K(403456K), 0.0025533 secs] [Times: user=0.00 sys=0.00, real=0.00 secs] 
2020-10-29T14:47:43.059+0000: [GC (Allocation Failure) 2020-10-29T14:47:43.059+0000: [ParNew: 16388K->4K(18432K), 0.0024382 secs] 203932K->187548K(403456K), 0.0025009 secs] [Times: user=0.01 sys=0.00, real=0.00 secs] 
2020-10-29T14:47:43.076+0000: [GC (Allocation Failure) 2020-10-29T14:47:43.076+0000: [ParNew: 16388K->4K(18432K), 0.0025582 secs] 203932K->187548K(403456K), 0.0026197 secs] [Times: user=0.01 sys=0.00, real=0.00 secs] 
2020-10-29T14:47:43.093+0000: [GC (Allocation Failure) 2020-10-29T14:47:43.093+0000: [ParNew: 16388K->4K(18432K), 0.0024607 secs] 203932K->187548K(403456K), 0.0025198 secs] [Times: user=0.00 sys=0.00, real=0.01 secs] 
2020-10-29T14:47:43.110+0000: [GC (Allocation Failure) 2020-10-29T14:47:43.110+0000: [ParNew: 16388K->4K(18432K), 0.0020787 secs] 203932K->187548K(403456K), 0.0021266 secs] [Times: user=0.00 sys=0.00, real=0.00 secs] 
2020-10-29T14:47:43.126+0000: [GC (Allocation Failure) 2020-10-29T14:47:43.126+0000: [ParNew: 16388K->4K(18432K), 0.0020665 secs] 203932K->187548K(403456K), 0.0021162 secs] [Times: user=0.01 sys=0.00, real=0.01 secs] 
2020-10-29T14:47:43.143+0000: [GC (Allocation Failure) 2020-10-29T14:47:43.143+0000: [ParNew: 16388K->4K(18432K), 0.0022457 secs] 203932K->187548K(403456K), 0.0022999 secs] [Times: user=0.00 sys=0.00, real=0.00 secs] 
2020-10-29T14:47:43.160+0000: [GC (Allocation Failure) 2020-10-29T14:47:43.160+0000: [ParNew: 16388K->4K(18432K), 0.0023633 secs] 203932K->187548K(403456K), 0.0024217 secs] [Times: user=0.00 sys=0.00, real=0.00 secs] 
2020-10-29T14:47:43.176+0000: [GC (Allocation Failure) 2020-10-29T14:47:43.176+0000: [ParNew: 16388K->4K(18432K), 0.0023713 secs] 203932K->187548K(403456K), 0.0024290 secs] [Times: user=0.00 sys=0.00, real=0.00 secs] 
2020-10-29T14:47:43.193+0000: [GC (Allocation Failure) 2020-10-29T14:47:43.193+0000: [ParNew: 16388K->4K(18432K), 0.0023118 secs] 203932K->187548K(403456K), 0.0023677 secs] [Times: user=0.01 sys=0.00, real=0.01 secs] 
2020-10-29T14:47:43.210+0000: [GC (Allocation Failure) 2020-10-29T14:47:43.210+0000: [ParNew: 16388K->4K(18432K), 0.0023361 secs] 203932K->187548K(403456K), 0.0023922 secs] [Times: user=0.01 sys=0.00, real=0.00 secs] 
2020-10-29T14:47:43.231+0000: [GC (Allocation Failure) 2020-10-29T14:47:43.231+0000: [ParNew: 16388K->4K(18432K), 0.0024142 secs] 203932K->187548K(403456K), 0.0024783 secs] [Times: user=0.00 sys=0.00, real=0.00 secs] 
2020-10-29T14:47:43.251+0000: [GC (Allocation Failure) 2020-10-29T14:47:43.251+0000: [ParNew: 16388K->4K(18432K), 0.0019447 secs] 203932K->187548K(403456K), 0.0019982 secs] [Times: user=0.00 sys=0.00, real=0.00 secs] 
2020-10-29T14:47:43.267+0000: [GC (Allocation Failure) 2020-10-29T14:47:43.267+0000: [ParNew: 16348K->4K(18432K), 0.0018294 secs] 203892K->187548K(403456K), 0.0018724 secs] [Times: user=0.00 sys=0.00, real=0.00 secs] 
2020-10-29T14:47:43.284+0000: [GC (Allocation Failure) 2020-10-29T14:47:43.284+0000: [ParNew: 16388K->4K(18432K), 0.0022294 secs] 203932K->187548K(403456K), 0.0022870 secs] [Times: user=0.00 sys=0.00, real=0.00 secs] 
2020-10-29T14:47:43.303+0000: [GC (Allocation Failure) 2020-10-29T14:47:43.303+0000: [ParNew: 16388K->4K(18432K), 0.0023771 secs] 203932K->187548K(403456K), 0.0024378 secs] [Times: user=0.01 sys=0.00, real=0.00 secs] 
2020-10-29T14:47:43.323+0000: [GC (Allocation Failure) 2020-10-29T14:47:43.323+0000: [ParNew: 16388K->4K(18432K), 0.0019832 secs] 203932K->187548K(403456K), 0.0020305 secs] [Times: user=0.01 sys=0.00, real=0.00 secs] 
2020-10-29T14:47:43.339+0000: [GC (Allocation Failure) 2020-10-29T14:47:43.339+0000: [ParNew: 16388K->4K(18432K), 0.0018958 secs] 203932K->187548K(403456K), 0.0019423 secs] [Times: user=0.01 sys=0.00, real=0.00 secs] 
2020-10-29T14:47:43.359+0000: [GC (Allocation Failure) 2020-10-29T14:47:43.359+0000: [ParNew: 16388K->4K(18432K), 0.0020726 secs] 203932K->187548K(403456K), 0.0021238 secs] [Times: user=0.01 sys=0.00, real=0.00 secs] 
2020-10-29T14:47:43.376+0000: [GC (Allocation Failure) 2020-10-29T14:47:43.376+0000: [ParNew: 16388K->4K(18432K), 0.0022533 secs] 203932K->187548K(403456K), 0.0023096 secs] [Times: user=0.00 sys=0.00, real=0.00 secs] 
2020-10-29T14:47:43.392+0000: [GC (Allocation Failure) 2020-10-29T14:47:43.392+0000: [ParNew: 16388K->4K(18432K), 0.0020887 secs] 203932K->187548K(403456K), 0.0021516 secs] [Times: user=0.00 sys=0.00, real=0.00 secs] 
2020-10-29T14:47:43.409+0000: [GC (Allocation Failure) 2020-10-29T14:47:43.409+0000: [ParNew: 16388K->4K(18432K), 0.0020311 secs] 203932K->187548K(403456K), 0.0020787 secs] [Times: user=0.01 sys=0.00, real=0.00 secs] 
2020-10-29T14:47:43.427+0000: [GC (Allocation Failure) 2020-10-29T14:47:43.427+0000: [ParNew: 16388K->4K(18432K), 0.0018579 secs] 203932K->187548K(403456K), 0.0019011 secs] [Times: user=0.00 sys=0.00, real=0.00 secs] 
2020-10-29T14:47:43.444+0000: [GC (Allocation Failure) 2020-10-29T14:47:43.444+0000: [ParNew: 16388K->4K(18432K), 0.0019852 secs] 203932K->187548K(403456K), 0.0020335 secs] [Times: user=0.00 sys=0.00, real=0.00 secs] 
2020-10-29T14:47:43.460+0000: [GC (Allocation Failure) 2020-10-29T14:47:43.460+0000: [ParNew: 16388K->4K(18432K), 0.0021361 secs] 203932K->187548K(403456K), 0.0021870 secs] [Times: user=0.00 sys=0.00, real=0.00 secs] 
2020-10-29T14:47:43.477+0000: [GC (Allocation Failure) 2020-10-29T14:47:43.477+0000: [ParNew: 16388K->4K(18432K), 0.0024108 secs] 203932K->187548K(403456K), 0.0024728 secs] [Times: user=0.00 sys=0.00, real=0.00 secs] 
2020-10-29T14:47:43.499+0000: [GC (Allocation Failure) 2020-10-29T14:47:43.499+0000: [ParNew: 16388K->4K(18432K), 0.0042886 secs] 203932K->187548K(403456K), 0.0043496 secs] [Times: user=0.00 sys=0.00, real=0.00 secs] 
2020-10-29T14:47:43.519+0000: [GC (Allocation Failure) 2020-10-29T14:47:43.519+0000: [ParNew: 16388K->4K(18432K), 0.0024113 secs] 203932K->187548K(403456K), 0.0024877 secs] [Times: user=0.00 sys=0.00, real=0.00 secs] 
2020-10-29T14:47:43.539+0000: [GC (Allocation Failure) 2020-10-29T14:47:43.539+0000: [ParNew: 16388K->4K(18432K), 0.0022901 secs] 203932K->187548K(403456K), 0.0023461 secs] [Times: user=0.00 sys=0.00, real=0.00 secs] 
2020-10-29T14:47:43.553+0000: [GC (Allocation Failure) 2020-10-29T14:47:43.554+0000: [ParNew: 9487K->4K(18432K), 0.0017698 secs] 197031K->187548K(403456K), 0.0018112 secs] [Times: user=0.00 sys=0.00, real=0.01 secs] 
2020-10-29T14:47:43.566+0000: [GC (Allocation Failure) 2020-10-29T14:47:43.566+0000: [ParNew: 16388K->4K(18432K), 0.0031694 secs] 203932K->195740K(403456K), 0.0032163 secs] [Times: user=0.01 sys=0.00, real=0.01 secs] 
2020-10-29T14:47:43.583+0000: [GC (Allocation Failure) 2020-10-29T14:47:43.583+0000: [ParNew: 16388K->4K(18432K), 0.0022925 secs] 212124K->195740K(403456K), 0.0023434 secs] [Times: user=0.00 sys=0.00, real=0.00 secs] 
2020-10-29T14:47:43.600+0000: [GC (Allocation Failure) 2020-10-29T14:47:43.600+0000: [ParNew: 16388K->4K(18432K), 0.0024258 secs] 212124K->195740K(403456K), 0.0024859 secs] [Times: user=0.00 sys=0.00, real=0.00 secs] 
2020-10-29T14:47:43.619+0000: [GC (Allocation Failure) 2020-10-29T14:47:43.619+0000: [ParNew: 16388K->4K(18432K), 0.0023957 secs] 212124K->195740K(403456K), 0.0024556 secs] [Times: user=0.00 sys=0.00, real=0.00 secs] 
2020-10-29T14:47:43.639+0000: [GC (Allocation Failure) 2020-10-29T14:47:43.639+0000: [ParNew: 16388K->4K(18432K), 0.0024131 secs] 212124K->195740K(403456K), 0.0024725 secs] [Times: user=0.01 sys=0.00, real=0.00 secs] 
2020-10-29T14:47:43.656+0000: [GC (Allocation Failure) 2020-10-29T14:47:43.656+0000: [ParNew: 16388K->4K(18432K), 0.0022767 secs] 212124K->195740K(403456K), 0.0023319 secs] [Times: user=0.00 sys=0.00, real=0.00 secs] 
2020-10-29T14:47:43.675+0000: [GC (Allocation Failure) 2020-10-29T14:47:43.675+0000: [ParNew: 16388K->4K(18432K), 0.0021973 secs] 212124K->195740K(403456K), 0.0022496 secs] [Times: user=0.00 sys=0.00, real=0.00 secs] 
2020-10-29T14:47:43.696+0000: [GC (Allocation Failure) 2020-10-29T14:47:43.696+0000: [ParNew: 16388K->4K(18432K), 0.0034204 secs] 212124K->195740K(403456K), 0.0035011 secs] [Times: user=0.01 sys=0.00, real=0.00 secs] 
2020-10-29T14:47:43.715+0000: [GC (Allocation Failure) 2020-10-29T14:47:43.715+0000: [ParNew: 16388K->4K(18432K), 0.0068673 secs] 212124K->195740K(403456K), 0.0069356 secs] [Times: user=0.00 sys=0.00, real=0.00 secs] 
2020-10-29T14:47:43.738+0000: [GC (Allocation Failure) 2020-10-29T14:47:43.738+0000: [ParNew: 16388K->4K(18432K), 0.0024139 secs] 212124K->195740K(403456K), 0.0024871 secs] [Times: user=0.00 sys=0.00, real=0.00 secs] 
2020-10-29T14:47:43.759+0000: [GC (Allocation Failure) 2020-10-29T14:47:43.759+0000: [ParNew: 16388K->4K(18432K), 0.0022869 secs] 212124K->195740K(403456K), 0.0023393 secs] [Times: user=0.01 sys=0.00, real=0.00 secs] 
2020-10-29T14:47:43.775+0000: [GC (Allocation Failure) 2020-10-29T14:47:43.775+0000: [ParNew: 16388K->4K(18432K), 0.0023879 secs] 212124K->195740K(403456K), 0.0024465 secs] [Times: user=0.00 sys=0.00, real=0.00 secs] 
2020-10-29T14:47:43.795+0000: [GC (Allocation Failure) 2020-10-29T14:47:43.795+0000: [ParNew: 16388K->4K(18432K), 0.0074429 secs] 212124K->195740K(403456K), 0.0075251 secs] [Times: user=0.00 sys=0.00, real=0.00 secs] 
2020-10-29T14:47:43.818+0000: [GC (Allocation Failure) 2020-10-29T14:47:43.818+0000: [ParNew: 16388K->4K(18432K), 0.0038828 secs] 212124K->203932K(403456K), 0.0039477 secs] [Times: user=0.01 sys=0.00, real=0.00 secs] 
2020-10-29T14:47:43.839+0000: [GC (Allocation Failure) 2020-10-29T14:47:43.839+0000: [ParNew: 16388K->4K(18432K), 0.0024245 secs] 220316K->203932K(403456K), 0.0024850 secs] [Times: user=0.01 sys=0.00, real=0.00 secs] 
2020-10-29T14:47:43.856+0000: [GC (Allocation Failure) 2020-10-29T14:47:43.856+0000: [ParNew: 16388K->4K(18432K), 0.0024782 secs] 220316K->203932K(403456K), 0.0025424 secs] [Times: user=0.00 sys=0.00, real=0.00 secs] 
2020-10-29T14:47:43.875+0000: [GC (Allocation Failure) 2020-10-29T14:47:43.875+0000: [ParNew: 16388K->4K(18432K), 0.0024681 secs] 220316K->203932K(403456K), 0.0025310 secs] [Times: user=0.00 sys=0.00, real=0.00 secs] 
2020-10-29T14:47:43.892+0000: [GC (Allocation Failure) 2020-10-29T14:47:43.892+0000: [ParNew: 16388K->4K(18432K), 0.0024398 secs] 220316K->203932K(403456K), 0.0025008 secs] [Times: user=0.00 sys=0.00, real=0.00 secs] 
2020-10-29T14:47:43.909+0000: [GC (Allocation Failure) 2020-10-29T14:47:43.909+0000: [ParNew: 16388K->4K(18432K), 0.0024566 secs] 220316K->203932K(403456K), 0.0025193 secs] [Times: user=0.01 sys=0.00, real=0.00 secs] 
2020-10-29T14:47:43.926+0000: [GC (Allocation Failure) 2020-10-29T14:47:43.926+0000: [ParNew: 16388K->4K(18432K), 0.0024681 secs] 220316K->203932K(403456K), 0.0025422 secs] [Times: user=0.01 sys=0.00, real=0.01 secs] 
2020-10-29T14:47:43.943+0000: [GC (Allocation Failure) 2020-10-29T14:47:43.943+0000: [ParNew: 16388K->4K(18432K), 0.0024968 secs] 220316K->203932K(403456K), 0.0025683 secs] [Times: user=0.00 sys=0.00, real=0.00 secs] 
2020-10-29T14:47:43.960+0000: [GC (Allocation Failure) 2020-10-29T14:47:43.960+0000: [ParNew: 16388K->4K(18432K), 0.0023683 secs] 220316K->203932K(403456K), 0.0024287 secs] [Times: user=0.01 sys=0.00, real=0.00 secs] 
2020-10-29T14:47:43.977+0000: [GC (Allocation Failure) 2020-10-29T14:47:43.977+0000: [ParNew: 16388K->4K(18432K), 0.0024012 secs] 220316K->203932K(403456K), 0.0024567 secs] [Times: user=0.01 sys=0.00, real=0.00 secs] 
2020-10-29T14:47:43.994+0000: [GC (Allocation Failure) 2020-10-29T14:47:43.994+0000: [ParNew: 16388K->4K(18432K), 0.0024271 secs] 220316K->203932K(403456K), 0.0024944 secs] [Times: user=0.00 sys=0.00, real=0.01 secs] 
2020-10-29T14:47:44.015+0000: [GC (Allocation Failure) 2020-10-29T14:47:44.015+0000: [ParNew: 16388K->4K(18432K), 0.0021833 secs] 220316K->203932K(403456K), 0.0022349 secs] [Times: user=0.00 sys=0.00, real=0.00 secs] 
2020-10-29T14:47:44.032+0000: [GC (Allocation Failure) 2020-10-29T14:47:44.032+0000: [ParNew: 16388K->4K(18432K), 0.0020557 secs] 220316K->203932K(403456K), 0.0021068 secs] [Times: user=0.01 sys=0.00, real=0.00 secs] 
2020-10-29T14:47:44.048+0000: [GC (Allocation Failure) 2020-10-29T14:47:44.048+0000: [ParNew: 16388K->4K(18432K), 0.0023405 secs] 220316K->203932K(403456K), 0.0024044 secs] [Times: user=0.01 sys=0.00, real=0.00 secs] 
2020-10-29T14:47:44.067+0000: [GC (Allocation Failure) 2020-10-29T14:47:44.067+0000: [ParNew: 16388K->4K(18432K), 0.0025120 secs] 220316K->203932K(403456K), 0.0025760 secs] [Times: user=0.01 sys=0.00, real=0.00 secs] 
2020-10-29T14:47:44.084+0000: [GC (Allocation Failure) 2020-10-29T14:47:44.084+0000: [ParNew: 16388K->4K(18432K), 0.0024513 secs] 220316K->203932K(403456K), 0.0025151 secs] [Times: user=0.01 sys=0.00, real=0.01 secs] 
2020-10-29T14:47:44.103+0000: [GC (Allocation Failure) 2020-10-29T14:47:44.103+0000: [ParNew: 16388K->4K(18432K), 0.0024439 secs] 220316K->203932K(403456K), 0.0025057 secs] [Times: user=0.01 sys=0.00, real=0.00 secs] 
2020-10-29T14:47:44.123+0000: [GC (Allocation Failure) 2020-10-29T14:47:44.123+0000: [ParNew: 16388K->4K(18432K), 0.0024697 secs] 220316K->203932K(403456K), 0.0025287 secs] [Times: user=0.00 sys=0.00, real=0.00 secs] 
2020-10-29T14:47:44.143+0000: [GC (Allocation Failure) 2020-10-29T14:47:44.143+0000: [ParNew: 16388K->4K(18432K), 0.0024275 secs] 220316K->203932K(403456K), 0.0024891 secs] [Times: user=0.00 sys=0.00, real=0.00 secs] 
2020-10-29T14:47:44.162+0000: [GC (Allocation Failure) 2020-10-29T14:47:44.162+0000: [ParNew: 16388K->4K(18432K), 0.0024481 secs] 220316K->203932K(403456K), 0.0025110 secs] [Times: user=0.01 sys=0.00, real=0.00 secs] 
2020-10-29T14:47:44.180+0000: [GC (Allocation Failure) 2020-10-29T14:47:44.180+0000: [ParNew: 16388K->4K(18432K), 0.0024163 secs] 220316K->203932K(403456K), 0.0024766 secs] [Times: user=0.00 sys=0.00, real=0.00 secs] 
2020-10-29T14:47:44.197+0000: [GC (Allocation Failure) 2020-10-29T14:47:44.197+0000: [ParNew: 16388K->4K(18432K), 0.0025015 secs] 220316K->203932K(403456K), 0.0025627 secs] [Times: user=0.01 sys=0.00, real=0.00 secs] 
2020-10-29T14:47:44.219+0000: [GC (Allocation Failure) 2020-10-29T14:47:44.219+0000: [ParNew: 16388K->4K(18432K), 0.0024348 secs] 220316K->203932K(403456K), 0.0024995 secs] [Times: user=0.01 sys=0.00, real=0.00 secs] 
2020-10-29T14:47:44.238+0000: [GC (Allocation Failure) 2020-10-29T14:47:44.238+0000: [ParNew: 16388K->4K(18432K), 0.0022753 secs] 220316K->203932K(403456K), 0.0023289 secs] [Times: user=0.00 sys=0.00, real=0.00 secs] 
2020-10-29T14:47:44.255+0000: [GC (Allocation Failure) 2020-10-29T14:47:44.255+0000: [ParNew: 16388K->4K(18432K), 0.0019528 secs] 220316K->203932K(403456K), 0.0020089 secs] [Times: user=0.00 sys=0.00, real=0.00 secs] 
2020-10-29T14:47:44.272+0000: [GC (Allocation Failure) 2020-10-29T14:47:44.272+0000: [ParNew: 16388K->4K(18432K), 0.0018767 secs] 220316K->203932K(403456K), 0.0019202 secs] [Times: user=0.01 sys=0.00, real=0.00 secs] 
2020-10-29T14:47:44.291+0000: [GC (Allocation Failure) 2020-10-29T14:47:44.291+0000: [ParNew: 16388K->4K(18432K), 0.0021425 secs] 220316K->203932K(403456K), 0.0022005 secs] [Times: user=0.01 sys=0.00, real=0.00 secs] 
2020-10-29T14:47:44.308+0000: [GC (Allocation Failure) 2020-10-29T14:47:44.308+0000: [ParNew: 16388K->4K(18432K), 0.0024315 secs] 220316K->203932K(403456K), 0.0025117 secs] [Times: user=0.01 sys=0.00, real=0.00 secs] 
2020-10-29T14:47:44.327+0000: [GC (Allocation Failure) 2020-10-29T14:47:44.327+0000: [ParNew: 16388K->4K(18432K), 0.0023937 secs] 220316K->203932K(403456K), 0.0024516 secs] [Times: user=0.01 sys=0.00, real=0.00 secs] 
2020-10-29T14:47:44.344+0000: [GC (Allocation Failure) 2020-10-29T14:47:44.344+0000: [ParNew: 16388K->4K(18432K), 0.0024757 secs] 220316K->203932K(403456K), 0.0025377 secs] [Times: user=0.01 sys=0.00, real=0.00 secs] 
2020-10-29T14:47:44.363+0000: [GC (Allocation Failure) 2020-10-29T14:47:44.363+0000: [ParNew: 16388K->4K(18432K), 0.0020043 secs] 220316K->203932K(403456K), 0.0020567 secs] [Times: user=0.00 sys=0.00, real=0.00 secs] 
2020-10-29T14:47:44.383+0000: [GC (Allocation Failure) 2020-10-29T14:47:44.383+0000: [ParNew: 16388K->4K(18432K), 0.0018839 secs] 220316K->203932K(403456K), 0.0019315 secs] [Times: user=0.00 sys=0.00, real=0.00 secs] 
2020-10-29T14:47:44.399+0000: [GC (Allocation Failure) 2020-10-29T14:47:44.399+0000: [ParNew: 16388K->4K(18432K), 0.0021263 secs] 220316K->203932K(403456K), 0.0021772 secs] [Times: user=0.00 sys=0.00, real=0.00 secs] 
2020-10-29T14:47:44.416+0000: [GC (Allocation Failure) 2020-10-29T14:47:44.416+0000: [ParNew: 16388K->4K(18432K), 0.0057685 secs] 220316K->203932K(403456K), 0.0058302 secs] [Times: user=0.00 sys=0.01, real=0.00 secs] 
2020-10-29T14:47:44.438+0000: [GC (Allocation Failure) 2020-10-29T14:47:44.438+0000: [ParNew: 16388K->4K(18432K), 0.0024676 secs] 220316K->203932K(403456K), 0.0025275 secs] [Times: user=0.00 sys=0.00, real=0.00 secs] 
2020-10-29T14:47:44.455+0000: [GC (Allocation Failure) 2020-10-29T14:47:44.455+0000: [ParNew: 16388K->4K(18432K), 0.0018524 secs] 220316K->203932K(403456K), 0.0018978 secs] [Times: user=0.01 sys=0.00, real=0.00 secs] 
2020-10-29T14:47:44.471+0000: [GC (Allocation Failure) 2020-10-29T14:47:44.471+0000: [ParNew: 16388K->4K(18432K), 0.0019031 secs] 220316K->203932K(403456K), 0.0019493 secs] [Times: user=0.00 sys=0.00, real=0.00 secs] 
2020-10-29T14:47:44.493+0000: [GC (Allocation Failure) 2020-10-29T14:47:44.493+0000: [ParNew: 16388K->4K(18432K), 0.0027389 secs] 220316K->203932K(403456K), 0.0027944 secs] [Times: user=0.00 sys=0.00, real=0.01 secs] 
2020-10-29T14:47:44.511+0000: [GC (Allocation Failure) 2020-10-29T14:47:44.511+0000: [ParNew: 16388K->4K(18432K), 0.0021545 secs] 220316K->203932K(403456K), 0.0022095 secs] [Times: user=0.00 sys=0.00, real=0.00 secs] 
2020-10-29T14:47:44.527+0000: [GC (Allocation Failure) 2020-10-29T14:47:44.527+0000: [ParNew: 16388K->4K(18432K), 0.0022614 secs] 220316K->203932K(403456K), 0.0023141 secs] [Times: user=0.00 sys=0.00, real=0.00 secs] 
2020-10-29T14:47:44.544+0000: [GC (Allocation Failure) 2020-10-29T14:47:44.544+0000: [ParNew: 16388K->4K(18432K), 0.0024272 secs] 220316K->203932K(403456K), 0.0024901 secs] [Times: user=0.01 sys=0.00, real=0.00 secs] 
2020-10-29T14:47:44.561+0000: [GC (Allocation Failure) 2020-10-29T14:47:44.561+0000: [ParNew: 16388K->4K(18432K), 0.0024539 secs] 220316K->203932K(403456K), 0.0025150 secs] [Times: user=0.01 sys=0.00, real=0.00 secs] 
2020-10-29T14:47:44.578+0000: [GC (Allocation Failure) 2020-10-29T14:47:44.578+0000: [ParNew: 16388K->4K(18432K), 0.0021978 secs] 220316K->203932K(403456K), 0.0022500 secs] [Times: user=0.01 sys=0.00, real=0.00 secs] 
2020-10-29T14:47:44.599+0000: [GC (Allocation Failure) 2020-10-29T14:47:44.599+0000: [ParNew: 16388K->4K(18432K), 0.0020971 secs] 220316K->203932K(403456K), 0.0021493 secs] [Times: user=0.01 sys=0.00, real=0.00 secs] 
2020-10-29T14:47:44.615+0000: [GC (Allocation Failure) 2020-10-29T14:47:44.615+0000: [ParNew: 16388K->4K(18432K), 0.0020682 secs] 220316K->203932K(403456K), 0.0021187 secs] [Times: user=0.00 sys=0.00, real=0.00 secs] 
2020-10-29T14:47:44.633+0000: [GC (Allocation Failure) 2020-10-29T14:47:44.633+0000: [ParNew: 16388K->4K(18432K), 0.0019094 secs] 220316K->203932K(403456K), 0.0019607 secs] [Times: user=0.01 sys=0.00, real=0.01 secs] 
2020-10-29T14:47:44.651+0000: [GC (Allocation Failure) 2020-10-29T14:47:44.651+0000: [ParNew: 16388K->4K(18432K), 0.0024352 secs] 220316K->203932K(403456K), 0.0024947 secs] [Times: user=0.01 sys=0.00, real=0.00 secs] 
2020-10-29T14:47:44.668+0000: [GC (Allocation Failure) 2020-10-29T14:47:44.668+0000: [ParNew: 16388K->4K(18432K), 0.0026841 secs] 220316K->203932K(403456K), 0.0027700 secs] [Times: user=0.01 sys=0.00, real=0.00 secs] 
2020-10-29T14:47:44.686+0000: [GC (Allocation Failure) 2020-10-29T14:47:44.686+0000: [ParNew: 16388K->4K(18432K), 0.0024852 secs] 220316K->203932K(403456K), 0.0025494 secs] [Times: user=0.01 sys=0.00, real=0.01 secs] 
2020-10-29T14:47:44.703+0000: [GC (Allocation Failure) 2020-10-29T14:47:44.703+0000: [ParNew: 16388K->4K(18432K), 0.0024569 secs] 220316K->203932K(403456K), 0.0025177 secs] [Times: user=0.01 sys=0.00, real=0.00 secs] 
2020-10-29T14:47:44.723+0000: [GC (Allocation Failure) 2020-10-29T14:47:44.723+0000: [ParNew: 16388K->4K(18432K), 0.0024466 secs] 220316K->203932K(403456K), 0.0025094 secs] [Times: user=0.00 sys=0.00, real=0.00 secs] 
2020-10-29T14:47:44.740+0000: [GC (Allocation Failure) 2020-10-29T14:47:44.740+0000: [ParNew: 16388K->4K(18432K), 0.0024488 secs] 220316K->203932K(403456K), 0.0025113 secs] [Times: user=0.01 sys=0.00, real=0.00 secs] 
2020-10-29T14:47:44.757+0000: [GC (Allocation Failure) 2020-10-29T14:47:44.757+0000: [ParNew: 16388K->4K(18432K), 0.0023075 secs] 220316K->203932K(403456K), 0.0023641 secs] [Times: user=0.01 sys=0.00, real=0.00 secs] 
2020-10-29T14:47:44.775+0000: [GC (Allocation Failure) 2020-10-29T14:47:44.775+0000: [ParNew: 16388K->4K(18432K), 0.0023114 secs] 220316K->203932K(403456K), 0.0023650 secs] [Times: user=0.01 sys=0.00, real=0.00 secs] 
2020-10-29T14:47:44.800+0000: [GC (Allocation Failure) 2020-10-29T14:47:44.800+0000: [ParNew: 16388K->6K(18432K), 0.0026685 secs] 253084K->236702K(403456K), 0.0027388 secs] [Times: user=0.00 sys=0.00, real=0.00 secs] 
2020-10-29T14:47:44.805+0000: [GC (CMS Initial Mark) [1 CMS-initial-mark: 236696K(385024K)] 237805K(403456K), 0.0021795 secs] [Times: user=0.01 sys=0.00, real=0.01 secs] 
2020-10-29T14:47:44.807+0000: [CMS-concurrent-mark-start]
2020-10-29T14:47:44.831+0000: [GC (Allocation Failure) 2020-10-29T14:47:44.831+0000: [ParNew: 16390K->4K(18432K), 0.0023245 secs] 253086K->236700K(403456K), 0.0023925 secs] [Times: user=0.00 sys=0.00, real=0.00 secs] 
2020-10-29T14:47:44.858+0000: [GC (Allocation Failure) 2020-10-29T14:47:44.858+0000: [ParNew: 16388K->4K(18432K), 0.0023248 secs] 253084K->236700K(403456K), 0.0023898 secs] [Times: user=0.00 sys=0.00, real=0.00 secs] 
2020-10-29T14:47:44.867+0000: [CMS-concurrent-mark: 0.055/0.060 secs] [Times: user=0.11 sys=0.00, real=0.06 secs] 
2020-10-29T14:47:44.867+0000: [CMS-concurrent-preclean-start]
2020-10-29T14:47:44.870+0000: [CMS-concurrent-preclean: 0.003/0.003 secs] [Times: user=0.01 sys=0.00, real=0.00 secs] 
2020-10-29T14:47:44.870+0000: [CMS-concurrent-abortable-preclean-start]
2020-10-29T14:47:44.880+0000: [GC (Allocation Failure) 2020-10-29T14:47:44.880+0000: [ParNew: 16388K->4K(18432K), 0.0018592 secs] 253084K->236700K(403456K), 0.0019065 secs] [Times: user=0.00 sys=0.00, real=0.00 secs] 
2020-10-29T14:47:44.897+0000: [GC (Allocation Failure) 2020-10-29T14:47:44.897+0000: [ParNew: 16388K->4K(18432K), 0.0021262 secs] 253084K->236700K(403456K), 0.0022041 secs] [Times: user=0.00 sys=0.00, real=0.00 secs] 
2020-10-29T14:47:44.915+0000: [GC (Allocation Failure) 2020-10-29T14:47:44.915+0000: [ParNew: 16388K->4K(18432K), 0.0021977 secs] 253084K->236700K(403456K), 0.0022561 secs] [Times: user=0.01 sys=0.00, real=0.00 secs] 
2020-10-29T14:47:44.935+0000: [GC (Allocation Failure) 2020-10-29T14:47:44.935+0000: [ParNew: 16388K->4K(18432K), 0.0023255 secs] 253084K->236700K(403456K), 0.0023858 secs] [Times: user=0.01 sys=0.00, real=0.00 secs] 
2020-10-29T14:47:44.952+0000: [GC (Allocation Failure) 2020-10-29T14:47:44.952+0000: [ParNew: 16388K->4K(18432K), 0.0020559 secs] 253084K->236700K(403456K), 0.0021108 secs] [Times: user=0.00 sys=0.00, real=0.00 secs] 
2020-10-29T14:47:44.969+0000: [GC (Allocation Failure) 2020-10-29T14:47:44.969+0000: [ParNew: 16388K->4K(18432K), 0.0021679 secs] 253084K->236700K(403456K), 0.0022266 secs] [Times: user=0.01 sys=0.00, real=0.00 secs] 
2020-10-29T14:47:44.991+0000: [GC (Allocation Failure) 2020-10-29T14:47:44.991+0000: [ParNew: 16388K->4K(18432K), 0.0023956 secs] 253084K->236700K(403456K), 0.0025353 secs] [Times: user=0.01 sys=0.00, real=0.00 secs] 
2020-10-29T14:47:45.009+0000: [GC (Allocation Failure) 2020-10-29T14:47:45.009+0000: [ParNew: 16388K->4K(18432K), 0.0019905 secs] 253084K->236700K(403456K), 0.0020475 secs] [Times: user=0.00 sys=0.00, real=0.00 secs] 
2020-10-29T14:47:45.026+0000: [GC (Allocation Failure) 2020-10-29T14:47:45.026+0000: [ParNew: 16388K->4K(18432K), 0.0022180 secs] 253084K->236700K(403456K), 0.0022772 secs] [Times: user=0.00 sys=0.00, real=0.01 secs] 
2020-10-29T14:47:45.044+0000: [GC (Allocation Failure) 2020-10-29T14:47:45.044+0000: [ParNew: 16388K->4K(18432K), 0.0020838 secs] 253084K->236700K(403456K), 0.0021390 secs] [Times: user=0.01 sys=0.00, real=0.00 secs] 
2020-10-29T14:47:45.062+0000: [GC (Allocation Failure) 2020-10-29T14:47:45.062+0000: [ParNew: 16388K->4K(18432K), 0.0023609 secs] 253084K->236700K(403456K), 0.0024235 secs] [Times: user=0.01 sys=0.00, real=0.00 secs] 
2020-10-29T14:47:45.080+0000: [GC (Allocation Failure) 2020-10-29T14:47:45.080+0000: [ParNew: 16388K->4K(18432K), 0.0024383 secs] 253084K->236700K(403456K), 0.0025036 secs] [Times: user=0.00 sys=0.00, real=0.00 secs] 
2020-10-29T14:47:45.098+0000: [GC (Allocation Failure) 2020-10-29T14:47:45.098+0000: [ParNew: 16388K->4K(18432K), 0.0024831 secs] 253084K->236701K(403456K), 0.0025496 secs] [Times: user=0.00 sys=0.00, real=0.00 secs] 
2020-10-29T14:47:45.116+0000: [GC (Allocation Failure) 2020-10-29T14:47:45.116+0000: [ParNew: 16388K->4K(18432K), 0.0025502 secs] 253085K->236701K(403456K), 0.0026156 secs] [Times: user=0.01 sys=0.00, real=0.00 secs] 
2020-10-29T14:47:45.134+0000: [GC (Allocation Failure) 2020-10-29T14:47:45.134+0000: [ParNew: 16388K->4K(18432K), 0.0024875 secs] 253085K->236701K(403456K), 0.0025518 secs] [Times: user=0.00 sys=0.00, real=0.01 secs] 
2020-10-29T14:47:45.152+0000: [GC (Allocation Failure) 2020-10-29T14:47:45.152+0000: [ParNew: 16388K->4K(18432K), 0.0023544 secs] 253085K->236701K(403456K), 0.0024184 secs] [Times: user=0.00 sys=0.00, real=0.00 secs] 
2020-10-29T14:47:45.170+0000: [GC (Allocation Failure) 2020-10-29T14:47:45.170+0000: [ParNew: 16388K->4K(18432K), 0.0023954 secs] 253085K->236701K(403456K), 0.0024592 secs] [Times: user=0.00 sys=0.00, real=0.00 secs] 
2020-10-29T14:47:45.191+0000: [GC (Allocation Failure) 2020-10-29T14:47:45.191+0000: [ParNew: 16388K->4K(18432K), 0.0024256 secs] 253085K->236701K(403456K), 0.0024911 secs] [Times: user=0.01 sys=0.00, real=0.00 secs] 
2020-10-29T14:47:45.208+0000: [GC (Allocation Failure) 2020-10-29T14:47:45.208+0000: [ParNew: 16388K->4K(18432K), 0.0023282 secs] 253085K->236701K(403456K), 0.0023876 secs] [Times: user=0.01 sys=0.00, real=0.00 secs] 
2020-10-29T14:47:45.227+0000: [GC (Allocation Failure) 2020-10-29T14:47:45.227+0000: [ParNew: 16388K->4K(18432K), 0.0023304 secs] 253085K->236701K(403456K), 0.0023903 secs] [Times: user=0.01 sys=0.00, real=0.00 secs] 
2020-10-29T14:47:45.247+0000: [GC (Allocation Failure) 2020-10-29T14:47:45.247+0000: [ParNew: 16388K->4K(18432K), 0.0022350 secs] 253085K->236701K(403456K), 0.0022968 secs] [Times: user=0.01 sys=0.00, real=0.00 secs] 
2020-10-29T14:47:45.264+0000: [GC (Allocation Failure) 2020-10-29T14:47:45.264+0000: [ParNew: 16388K->4K(18432K), 0.0019524 secs] 253085K->236701K(403456K), 0.0020057 secs] [Times: user=0.00 sys=0.00, real=0.00 secs] 
2020-10-29T14:47:45.281+0000: [GC (Allocation Failure) 2020-10-29T14:47:45.281+0000: [ParNew: 16388K->4K(18432K), 0.0022418 secs] 253085K->236701K(403456K), 0.0023112 secs] [Times: user=0.00 sys=0.00, real=0.00 secs] 
2020-10-29T14:47:45.302+0000: [GC (Allocation Failure) 2020-10-29T14:47:45.302+0000: [ParNew: 16388K->4K(18432K), 0.0023982 secs] 253085K->236701K(403456K), 0.0024615 secs] [Times: user=0.01 sys=0.00, real=0.00 secs] 
2020-10-29T14:47:45.320+0000: [GC (Allocation Failure) 2020-10-29T14:47:45.320+0000: [ParNew: 16388K->4K(18432K), 0.0023917 secs] 253085K->236701K(403456K), 0.0024528 secs] [Times: user=0.00 sys=0.00, real=0.00 secs] 
2020-10-29T14:47:45.338+0000: [GC (Allocation Failure) 2020-10-29T14:47:45.338+0000: [ParNew: 16388K->4K(18432K), 0.0021861 secs] 253085K->236701K(403456K), 0.0022476 secs] [Times: user=0.01 sys=0.00, real=0.00 secs] 
2020-10-29T14:47:45.356+0000: [GC (Allocation Failure) 2020-10-29T14:47:45.356+0000: [ParNew: 16388K->4K(18432K), 0.0019118 secs] 253085K->236701K(403456K), 0.0019707 secs] [Times: user=0.00 sys=0.00, real=0.00 secs] 
2020-10-29T14:47:45.375+0000: [GC (Allocation Failure) 2020-10-29T14:47:45.375+0000: [ParNew: 16388K->4K(18432K), 0.0022633 secs] 253085K->236701K(403456K), 0.0023254 secs] [Times: user=0.01 sys=0.00, real=0.00 secs] 
2020-10-29T14:47:45.392+0000: [GC (Allocation Failure) 2020-10-29T14:47:45.392+0000: [ParNew: 16388K->4K(18432K), 0.0020401 secs] 253085K->236701K(403456K), 0.0021041 secs] [Times: user=0.01 sys=0.00, real=0.00 secs] 
2020-10-29T14:47:45.409+0000: [GC (Allocation Failure) 2020-10-29T14:47:45.409+0000: [ParNew: 16388K->4K(18432K), 0.0020914 secs] 253085K->236701K(403456K), 0.0021484 secs] [Times: user=0.00 sys=0.00, real=0.00 secs] 
2020-10-29T14:47:45.426+0000: [GC (Allocation Failure) 2020-10-29T14:47:45.426+0000: [ParNew: 16388K->4K(18432K), 0.0023837 secs] 253085K->236701K(403456K), 0.0024512 secs] [Times: user=0.01 sys=0.00, real=0.01 secs] 
2020-10-29T14:47:45.444+0000: [GC (Allocation Failure) 2020-10-29T14:47:45.444+0000: [ParNew: 16388K->4K(18432K), 0.0024224 secs] 253085K->236701K(403456K), 0.0024920 secs] [Times: user=0.00 sys=0.00, real=0.00 secs] 
2020-10-29T14:47:45.464+0000: [GC (Allocation Failure) 2020-10-29T14:47:45.464+0000: [ParNew: 16388K->4K(18432K), 0.0024959 secs] 253085K->236701K(403456K), 0.0025617 secs] [Times: user=0.01 sys=0.00, real=0.00 secs] 
2020-10-29T14:47:45.481+0000: [GC (Allocation Failure) 2020-10-29T14:47:45.481+0000: [ParNew: 16388K->4K(18432K), 0.0024588 secs] 253085K->236701K(403456K), 0.0025218 secs] [Times: user=0.00 sys=0.00, real=0.00 secs] 
2020-10-29T14:47:45.499+0000: [GC (Allocation Failure) 2020-10-29T14:47:45.499+0000: [ParNew: 16388K->4K(18432K), 0.0032544 secs] 253085K->236701K(403456K), 0.0033178 secs] [Times: user=0.00 sys=0.00, real=0.00 secs] 
2020-10-29T14:47:45.518+0000: [GC (Allocation Failure) 2020-10-29T14:47:45.518+0000: [ParNew: 16388K->4K(18432K), 0.0020444 secs] 253085K->236701K(403456K), 0.0021001 secs] [Times: user=0.01 sys=0.00, real=0.00 secs] 
2020-10-29T14:47:45.538+0000: [GC (Allocation Failure) 2020-10-29T14:47:45.538+0000: [ParNew: 16388K->4K(18432K), 0.0019921 secs] 253085K->236701K(403456K), 0.0020461 secs] [Times: user=0.00 sys=0.00, real=0.00 secs] 
2020-10-29T14:47:45.555+0000: [GC (Allocation Failure) 2020-10-29T14:47:45.555+0000: [ParNew: 16388K->4K(18432K), 0.0020111 secs] 253085K->236701K(403456K), 0.0020649 secs] [Times: user=0.00 sys=0.00, real=0.00 secs] 
2020-10-29T14:47:45.573+0000: [GC (Allocation Failure) 2020-10-29T14:47:45.573+0000: [ParNew: 16388K->4K(18432K), 0.0020056 secs] 253085K->236701K(403456K), 0.0020688 secs] [Times: user=0.01 sys=0.00, real=0.01 secs] 
2020-10-29T14:47:45.590+0000: [GC (Allocation Failure) 2020-10-29T14:47:45.590+0000: [ParNew: 16388K->4K(18432K), 0.0020947 secs] 253085K->236701K(403456K), 0.0021528 secs] [Times: user=0.01 sys=0.00, real=0.00 secs] 
2020-10-29T14:47:45.611+0000: [GC (Allocation Failure) 2020-10-29T14:47:45.611+0000: [ParNew: 16388K->4K(18432K), 0.0026670 secs] 253085K->236701K(403456K), 0.0027497 secs] [Times: user=0.00 sys=0.00, real=0.00 secs] 
2020-10-29T14:47:45.630+0000: [GC (Allocation Failure) 2020-10-29T14:47:45.630+0000: [ParNew: 16388K->4K(18432K), 0.0024736 secs] 253085K->236701K(403456K), 0.0025403 secs] [Times: user=0.01 sys=0.00, real=0.00 secs] 
2020-10-29T14:47:45.652+0000: [GC (Allocation Failure) 2020-10-29T14:47:45.652+0000: [ParNew: 16388K->4K(18432K), 0.0024377 secs] 253085K->236701K(403456K), 0.0025031 secs] [Times: user=0.00 sys=0.00, real=0.00 secs] 
2020-10-29T14:47:45.675+0000: [GC (Allocation Failure) 2020-10-29T14:47:45.675+0000: [ParNew: 16388K->6K(18432K), 0.0024168 secs] 253085K->236703K(403456K), 0.0024816 secs] [Times: user=0.01 sys=0.00, real=0.00 secs] 
2020-10-29T14:47:45.693+0000: [GC (Allocation Failure) 2020-10-29T14:47:45.693+0000: [ParNew: 16390K->4K(18432K), 0.0025038 secs] 253087K->236701K(403456K), 0.0025825 secs] [Times: user=0.00 sys=0.00, real=0.01 secs] 
2020-10-29T14:47:45.711+0000: [GC (Allocation Failure) 2020-10-29T14:47:45.711+0000: [ParNew: 16388K->4K(18432K), 0.0024689 secs] 253085K->236701K(403456K), 0.0025318 secs] [Times: user=0.01 sys=0.00, real=0.00 secs] 
2020-10-29T14:47:45.729+0000: [GC (Allocation Failure) 2020-10-29T14:47:45.729+0000: [ParNew: 16388K->4K(18432K), 0.0020152 secs] 253085K->236701K(403456K), 0.0020741 secs] [Times: user=0.00 sys=0.00, real=0.00 secs] 
2020-10-29T14:47:45.746+0000: [GC (Allocation Failure) 2020-10-29T14:47:45.746+0000: [ParNew: 16388K->4K(18432K), 0.0019712 secs] 253085K->236701K(403456K), 0.0020320 secs] [Times: user=0.00 sys=0.00, real=0.01 secs] 
2020-10-29T14:47:45.767+0000: [GC (Allocation Failure) 2020-10-29T14:47:45.767+0000: [ParNew: 16388K->4K(18432K), 0.0016105 secs] 253085K->236701K(403456K), 0.0016601 secs] [Times: user=0.01 sys=0.00, real=0.00 secs] 
2020-10-29T14:47:45.787+0000: [GC (Allocation Failure) 2020-10-29T14:47:45.787+0000: [ParNew: 16388K->4K(18432K), 0.0018726 secs] 253085K->236701K(403456K), 0.0019288 secs] [Times: user=0.00 sys=0.00, real=0.00 secs] 
2020-10-29T14:47:45.807+0000: [GC (Allocation Failure) 2020-10-29T14:47:45.807+0000: [ParNew: 16388K->4K(18432K), 0.0020051 secs] 253085K->236701K(403456K), 0.0020615 secs] [Times: user=0.01 sys=0.00, real=0.00 secs] 
2020-10-29T14:47:45.824+0000: [GC (Allocation Failure) 2020-10-29T14:47:45.824+0000: [ParNew: 16388K->4K(18432K), 0.0018972 secs] 253085K->236701K(403456K), 0.0019533 secs] [Times: user=0.01 sys=0.00, real=0.00 secs] 
2020-10-29T14:47:45.843+0000: [GC (Allocation Failure) 2020-10-29T14:47:45.843+0000: [ParNew: 16388K->4K(18432K), 0.0018932 secs] 253085K->236701K(403456K), 0.0019451 secs] [Times: user=0.00 sys=0.00, real=0.00 secs] 
2020-10-29T14:47:45.863+0000: [GC (Allocation Failure) 2020-10-29T14:47:45.863+0000: [ParNew: 16388K->4K(18432K), 0.0021328 secs] 253085K->236701K(403456K), 0.0021924 secs] [Times: user=0.00 sys=0.00, real=0.00 secs] 
2020-10-29T14:47:45.874+0000: [GC (Allocation Failure) 2020-10-29T14:47:45.874+0000: [ParNew: 16388K->4K(18432K), 0.0038243 secs] 253085K->244893K(403456K), 0.0038894 secs] [Times: user=0.01 sys=0.00, real=0.01 secs] 
2020-10-29T14:47:45.895+0000: [GC (Allocation Failure) 2020-10-29T14:47:45.895+0000: [ParNew: 16388K->4K(18432K), 0.0023613 secs] 261277K->244893K(403456K), 0.0024255 secs] [Times: user=0.00 sys=0.00, real=0.00 secs] 
2020-10-29T14:47:45.915+0000: [GC (Allocation Failure) 2020-10-29T14:47:45.915+0000: [ParNew: 16388K->4K(18432K), 0.0021919 secs] 261277K->244893K(403456K), 0.0022516 secs] [Times: user=0.01 sys=0.01, real=0.00 secs] 
2020-10-29T14:47:45.932+0000: [GC (Allocation Failure) 2020-10-29T14:47:45.932+0000: [ParNew: 16388K->4K(18432K), 0.0024738 secs] 261277K->244893K(403456K), 0.0025556 secs] [Times: user=0.00 sys=0.00, real=0.01 secs] 
2020-10-29T14:47:45.951+0000: [GC (Allocation Failure) 2020-10-29T14:47:45.951+0000: [ParNew: 16388K->4K(18432K), 0.0020954 secs] 261277K->244893K(403456K), 0.0021536 secs] [Times: user=0.01 sys=0.00, real=0.00 secs] 
2020-10-29T14:47:45.971+0000: [GC (Allocation Failure) 2020-10-29T14:47:45.971+0000: [ParNew: 16388K->4K(18432K), 0.0023987 secs] 261277K->244893K(403456K), 0.0024623 secs] [Times: user=0.00 sys=0.00, real=0.00 secs] 
2020-10-29T14:47:45.991+0000: [GC (Allocation Failure) 2020-10-29T14:47:45.991+0000: [ParNew: 16388K->4K(18432K), 0.0024068 secs] 261277K->244893K(403456K), 0.0025845 secs] [Times: user=0.01 sys=0.00, real=0.00 secs] 
2020-10-29T14:47:46.011+0000: [GC (Allocation Failure) 2020-10-29T14:47:46.011+0000: [ParNew: 16388K->4K(18432K), 0.0024321 secs] 261277K->244893K(403456K), 0.0024963 secs] [Times: user=0.00 sys=0.00, real=0.00 secs] 
2020-10-29T14:47:46.028+0000: [GC (Allocation Failure) 2020-10-29T14:47:46.028+0000: [ParNew: 16388K->4K(18432K), 0.0022185 secs] 261277K->244893K(403456K), 0.0022947 secs] [Times: user=0.01 sys=0.00, real=0.00 secs] 
2020-10-29T14:47:46.047+0000: [GC (Allocation Failure) 2020-10-29T14:47:46.047+0000: [ParNew: 16388K->4K(18432K), 0.0017799 secs] 261277K->244893K(403456K), 0.0018328 secs] [Times: user=0.00 sys=0.00, real=0.00 secs] 
2020-10-29T14:47:46.067+0000: [GC (Allocation Failure) 2020-10-29T14:47:46.067+0000: [ParNew: 16388K->4K(18432K), 0.0018620 secs] 261277K->244893K(403456K), 0.0019153 secs] [Times: user=0.00 sys=0.00, real=0.00 secs] 
2020-10-29T14:47:46.084+0000: [GC (Allocation Failure) 2020-10-29T14:47:46.084+0000: [ParNew: 16388K->4K(18432K), 0.0022152 secs] 261277K->244893K(403456K), 0.0022737 secs] [Times: user=0.00 sys=0.00, real=0.00 secs] 
2020-10-29T14:47:46.101+0000: [GC (Allocation Failure) 2020-10-29T14:47:46.101+0000: [ParNew: 16388K->4K(18432K), 0.0023638 secs] 261277K->244893K(403456K), 0.0024267 secs] [Times: user=0.01 sys=0.00, real=0.00 secs] 
2020-10-29T14:47:46.119+0000: [GC (Allocation Failure) 2020-10-29T14:47:46.119+0000: [ParNew: 16388K->4K(18432K), 0.0024094 secs] 261277K->244893K(403456K), 0.0024761 secs] [Times: user=0.00 sys=0.00, real=0.00 secs] 
2020-10-29T14:47:46.136+0000: [GC (Allocation Failure) 2020-10-29T14:47:46.136+0000: [ParNew: 16388K->4K(18432K), 0.0021902 secs] 261277K->244893K(403456K), 0.0022489 secs] [Times: user=0.00 sys=0.00, real=0.00 secs] 
2020-10-29T14:47:46.155+0000: [GC (Allocation Failure) 2020-10-29T14:47:46.155+0000: [ParNew: 16388K->4K(18432K), 0.0015429 secs] 261277K->244893K(403456K), 0.0015896 secs] [Times: user=0.00 sys=0.00, real=0.00 secs] 
2020-10-29T14:47:46.171+0000: [GC (Allocation Failure) 2020-10-29T14:47:46.171+0000: [ParNew: 16388K->4K(18432K), 0.0016034 secs] 261277K->244893K(403456K), 0.0016517 secs] [Times: user=0.00 sys=0.00, real=0.00 secs] 
2020-10-29T14:47:46.191+0000: [GC (Allocation Failure) 2020-10-29T14:47:46.191+0000: [ParNew: 16388K->4K(18432K), 0.0016928 secs] 261277K->244893K(403456K), 0.0017444 secs] [Times: user=0.01 sys=0.00, real=0.00 secs] 
2020-10-29T14:47:46.207+0000: [GC (Allocation Failure) 2020-10-29T14:47:46.207+0000: [ParNew: 16388K->4K(18432K), 0.0017112 secs] 261277K->244893K(403456K), 0.0017616 secs] [Times: user=0.00 sys=0.00, real=0.00 secs] 
2020-10-29T14:47:46.227+0000: [GC (Allocation Failure) 2020-10-29T14:47:46.227+0000: [ParNew: 16388K->4K(18432K), 0.0016395 secs] 261277K->244893K(403456K), 0.0016885 secs] [Times: user=0.00 sys=0.00, real=0.00 secs] 
2020-10-29T14:47:46.251+0000: [GC (Allocation Failure) 2020-10-29T14:47:46.251+0000: [ParNew: 16388K->4K(18432K), 0.0018897 secs] 261277K->244893K(403456K), 0.0019419 secs] [Times: user=0.00 sys=0.00, real=0.00 secs] 
2020-10-29T14:47:46.271+0000: [GC (Allocation Failure) 2020-10-29T14:47:46.271+0000: [ParNew: 16388K->4K(18432K), 0.0015887 secs] 261277K->244893K(403456K), 0.0016377 secs] [Times: user=0.00 sys=0.00, real=0.00 secs] 
2020-10-29T14:47:46.288+0000: [GC (Allocation Failure) 2020-10-29T14:47:46.288+0000: [ParNew: 16388K->4K(18432K), 0.0021199 secs] 261277K->244893K(403456K), 0.0021794 secs] [Times: user=0.00 sys=0.00, real=0.00 secs] 
2020-10-29T14:47:46.307+0000: [GC (Allocation Failure) 2020-10-29T14:47:46.307+0000: [ParNew: 16388K->4K(18432K), 0.0018675 secs] 261277K->244893K(403456K), 0.0019151 secs] [Times: user=0.00 sys=0.00, real=0.00 secs] 
2020-10-29T14:47:46.327+0000: [GC (Allocation Failure) 2020-10-29T14:47:46.327+0000: [ParNew: 16388K->4K(18432K), 0.0017187 secs] 261277K->244893K(403456K), 0.0017678 secs] [Times: user=0.00 sys=0.01, real=0.00 secs] 
2020-10-29T14:47:46.344+0000: [GC (Allocation Failure) 2020-10-29T14:47:46.344+0000: [ParNew: 16388K->4K(18432K), 0.0015938 secs] 261277K->244893K(403456K), 0.0016494 secs] [Times: user=0.00 sys=0.00, real=0.00 secs] 
2020-10-29T14:47:46.360+0000: [GC (Allocation Failure) 2020-10-29T14:47:46.361+0000: [ParNew: 16388K->4K(18432K), 0.0017751 secs] 261277K->244893K(403456K), 0.0018292 secs] [Times: user=0.01 sys=0.00, real=0.00 secs] 
2020-10-29T14:47:46.378+0000: [GC (Allocation Failure) 2020-10-29T14:47:46.378+0000: [ParNew: 16388K->4K(18432K), 0.0018892 secs] 261277K->244893K(403456K), 0.0019438 secs] [Times: user=0.01 sys=0.00, real=0.00 secs] 
2020-10-29T14:47:46.399+0000: [GC (Allocation Failure) 2020-10-29T14:47:46.399+0000: [ParNew: 16388K->4K(18432K), 0.0020784 secs] 261277K->244893K(403456K), 0.0021354 secs] [Times: user=0.00 sys=0.00, real=0.00 secs] 
2020-10-29T14:47:46.416+0000: [GC (Allocation Failure) 2020-10-29T14:47:46.416+0000: [ParNew: 16388K->4K(18432K), 0.0020744 secs] 261277K->244893K(403456K), 0.0021318 secs] [Times: user=0.00 sys=0.00, real=0.00 secs] 
2020-10-29T14:47:46.433+0000: [GC (Allocation Failure) 2020-10-29T14:47:46.433+0000: [ParNew: 16388K->4K(18432K), 0.0020490 secs] 261277K->244893K(403456K), 0.0021056 secs] [Times: user=0.00 sys=0.00, real=0.01 secs] 
2020-10-29T14:47:46.451+0000: [GC (Allocation Failure) 2020-10-29T14:47:46.451+0000: [ParNew: 16388K->4K(18432K), 0.0022464 secs] 261277K->244893K(403456K), 0.0023120 secs] [Times: user=0.01 sys=0.00, real=0.00 secs] 
2020-10-29T14:47:46.468+0000: [GC (Allocation Failure) 2020-10-29T14:47:46.468+0000: [ParNew: 16388K->4K(18432K), 0.0018900 secs] 261277K->244893K(403456K), 0.0019448 secs] [Times: user=0.00 sys=0.00, real=0.00 secs] 
2020-10-29T14:47:46.482+0000: [GC (Allocation Failure) 2020-10-29T14:47:46.482+0000: [ParNew: 11857K->4K(18432K), 0.0018981 secs] 256746K->244893K(403456K), 0.0019533 secs] [Times: user=0.00 sys=0.00, real=0.00 secs] 
2020-10-29T14:47:46.493+0000: [GC (Allocation Failure) 2020-10-29T14:47:46.493+0000: [ParNew: 16388K->4K(18432K), 0.0084331 secs] 261277K->253085K(403456K), 0.0084909 secs] [Times: user=0.02 sys=0.00, real=0.01 secs] 
2020-10-29T14:47:46.501+0000: [CMS-concurrent-abortable-preclean: 0.090/1.631 secs] [Times: user=2.88 sys=0.16, real=1.63 secs] 
2020-10-29T14:47:46.507+0000: [GC (CMS Final Remark) [YG occupancy: 4937 K (18432 K)]2020-10-29T14:47:46.507+0000: [Rescan (parallel) , 0.0049317 secs]2020-10-29T14:47:46.512+0000: [weak refs processing, 0.0000299 secs]2020-10-29T14:47:46.512+0000: [class unloading, 0.0099774 secs]2020-10-29T14:47:46.522+0000: [scrub symbol table, 0.0104787 secs]2020-10-29T14:47:46.532+0000: [scrub string table, 0.0007221 secs][1 CMS-remark: 253081K(385024K)] 258019K(403456K), 0.0262488 secs] [Times: user=0.03 sys=0.00, real=0.02 secs] 
2020-10-29T14:47:46.539+0000: [CMS-concurrent-sweep-start]
2020-10-29T14:47:46.551+0000: [GC (Allocation Failure) 2020-10-29T14:47:46.551+0000: [ParNew: 16388K->4K(18432K), 0.0023970 secs] 269468K->253084K(403456K), 0.0024427 secs] [Times: user=0.01 sys=0.00, real=0.00 secs] 
2020-10-29T14:47:46.560+0000: [CMS-concurrent-sweep: 0.013/0.021 secs] [Times: user=0.04 sys=0.00, real=0.02 secs] 
2020-10-29T14:47:46.560+0000: [CMS-concurrent-reset-start]
2020-10-29T14:47:46.572+0000: [GC (Allocation Failure) 2020-10-29T14:47:46.572+0000: [ParNew: 16388K->4K(18432K), 0.0025790 secs] 269374K->252990K(440080K), 0.0026374 secs] [Times: user=0.00 sys=0.00, real=0.00 secs] 
2020-10-29T14:47:46.575+0000: [CMS-concurrent-reset: 0.012/0.015 secs] [Times: user=0.02 sys=0.01, real=0.02 secs] 
2020-10-29T14:47:46.591+0000: [GC (Allocation Failure) 2020-10-29T14:47:46.591+0000: [ParNew: 16388K->4K(18432K), 0.0023447 secs] 269374K->252990K(440080K), 0.0023897 secs] [Times: user=0.00 sys=0.00, real=0.00 secs] 
2020-10-29T14:47:46.608+0000: [GC (Allocation Failure) 2020-10-29T14:47:46.608+0000: [ParNew: 16388K->4K(18432K), 0.0022774 secs] 269374K->252990K(440080K), 0.0023266 secs] [Times: user=0.01 sys=0.00, real=0.00 secs] 
2020-10-29T14:47:46.624+0000: [GC (Allocation Failure) 2020-10-29T14:47:46.624+0000: [ParNew: 16388K->4K(18432K), 0.0024013 secs] 269374K->252990K(440080K), 0.0024637 secs] [Times: user=0.00 sys=0.00, real=0.01 secs] 
2020-10-29T14:47:46.643+0000: [GC (Allocation Failure) 2020-10-29T14:47:46.643+0000: [ParNew: 16388K->4K(18432K), 0.0021918 secs] 269374K->252990K(440080K), 0.0022397 secs] [Times: user=0.01 sys=0.00, real=0.00 secs] 
2020-10-29T14:47:46.663+0000: [GC (Allocation Failure) 2020-10-29T14:47:46.663+0000: [ParNew: 16388K->4K(18432K), 0.0022052 secs] 269374K->252990K(440080K), 0.0022544 secs] [Times: user=0.00 sys=0.00, real=0.00 secs] 
2020-10-29T14:47:46.683+0000: [GC (Allocation Failure) 2020-10-29T14:47:46.683+0000: [ParNew: 16388K->4K(18432K), 0.0023051 secs] 269374K->252990K(440080K), 0.0023573 secs] [Times: user=0.01 sys=0.00, real=0.00 secs] 
2020-10-29T14:47:46.700+0000: [GC (Allocation Failure) 2020-10-29T14:47:46.700+0000: [ParNew: 16388K->4K(18432K), 0.0024822 secs] 269374K->252990K(440080K), 0.0025383 secs] [Times: user=0.01 sys=0.00, real=0.00 secs] 
2020-10-29T14:47:46.719+0000: [GC (Allocation Failure) 2020-10-29T14:47:46.719+0000: [ParNew: 16388K->4K(18432K), 0.0025022 secs] 269374K->252990K(440080K), 0.0025644 secs] [Times: user=0.00 sys=0.00, real=0.00 secs] 
2020-10-29T14:47:46.739+0000: [GC (Allocation Failure) 2020-10-29T14:47:46.739+0000: [ParNew: 16388K->4K(18432K), 0.0025449 secs] 269374K->252990K(440080K), 0.0026074 secs] [Times: user=0.00 sys=0.00, real=0.00 secs] 
2020-10-29T14:47:46.759+0000: [GC (Allocation Failure) 2020-10-29T14:47:46.759+0000: [ParNew: 16388K->4K(18432K), 0.0024621 secs] 269374K->252990K(440080K), 0.0025210 secs] [Times: user=0.00 sys=0.00, real=0.00 secs] 
2020-10-29T14:47:46.776+0000: [GC (Allocation Failure) 2020-10-29T14:47:46.776+0000: [ParNew: 16388K->4K(18432K), 0.0022992 secs] 269374K->252990K(440080K), 0.0023516 secs] [Times: user=0.00 sys=0.00, real=0.00 secs] 
2020-10-29T14:47:46.795+0000: [GC (Allocation Failure) 2020-10-29T14:47:46.795+0000: [ParNew: 16388K->4K(18432K), 0.0025210 secs] 269374K->252990K(440080K), 0.0025742 secs] [Times: user=0.00 sys=0.00, real=0.00 secs] 
2020-10-29T14:47:46.815+0000: [GC (Allocation Failure) 2020-10-29T14:47:46.815+0000: [ParNew: 16388K->4K(18432K), 0.0025808 secs] 269374K->252990K(440080K), 0.0026427 secs] [Times: user=0.01 sys=0.00, real=0.00 secs] 
2020-10-29T14:47:46.826+0000: [GC (Allocation Failure) 2020-10-29T14:47:46.826+0000: [ParNew: 16388K->4K(18432K), 0.0089117 secs] 269374K->261182K(440080K), 0.0089727 secs] [Times: user=0.02 sys=0.00, real=0.02 secs] 
2020-10-29T14:47:46.835+0000: [GC (CMS Initial Mark) [1 CMS-initial-mark: 261178K(421648K)] 261509K(440080K), 0.0016610 secs] [Times: user=0.00 sys=0.00, real=0.00 secs] 
2020-10-29T14:47:46.837+0000: [CMS-concurrent-mark-start]
2020-10-29T14:47:46.865+0000: [GC (Allocation Failure) 2020-10-29T14:47:46.865+0000: [ParNew: 16388K->4K(18432K), 0.0023883 secs] 277566K->261182K(440080K), 0.0024532 secs] [Times: user=0.00 sys=0.00, real=0.01 secs] 
2020-10-29T14:47:46.890+0000: [CMS-concurrent-mark: 0.051/0.053 secs] [Times: user=0.11 sys=0.00, real=0.05 secs] 
2020-10-29T14:47:46.890+0000: [CMS-concurrent-preclean-start]
2020-10-29T14:47:46.894+0000: [GC (Allocation Failure) 2020-10-29T14:47:46.894+0000: [ParNew: 16388K->4K(18432K), 0.0019327 secs] 277566K->261182K(440080K), 0.0019816 secs] [Times: user=0.01 sys=0.00, real=0.01 secs] 
2020-10-29T14:47:46.905+0000: [CMS-concurrent-preclean: 0.004/0.015 secs] [Times: user=0.02 sys=0.01, real=0.01 secs] 
2020-10-29T14:47:46.905+0000: [CMS-concurrent-abortable-preclean-start]
2020-10-29T14:47:46.915+0000: [GC (Allocation Failure) 2020-10-29T14:47:46.915+0000: [ParNew: 16388K->4K(18432K), 0.0022750 secs] 277566K->261182K(440080K), 0.0023334 secs] [Times: user=0.00 sys=0.00, real=0.00 secs] 
2020-10-29T14:47:46.917+0000: [CMS-concurrent-abortable-preclean: 0.002/0.012 secs] [Times: user=0.02 sys=0.00, real=0.02 secs] 
2020-10-29T14:47:46.919+0000: [GC (CMS Final Remark) [YG occupancy: 1558 K (18432 K)]2020-10-29T14:47:46.919+0000: [Rescan (parallel) , 0.0027013 secs]2020-10-29T14:47:46.921+0000: [weak refs processing, 0.0000289 secs]2020-10-29T14:47:46.921+0000: [class unloading, 0.0101097 secs]2020-10-29T14:47:46.932+0000: [scrub symbol table, 0.0107596 secs]2020-10-29T14:47:46.942+0000: [scrub string table, 0.0007428 secs][1 CMS-remark: 261178K(421648K)] 262737K(440080K), 0.0244961 secs] [Times: user=0.03 sys=0.00, real=0.02 secs] 
2020-10-29T14:47:46.943+0000: [CMS-concurrent-sweep-start]
2020-10-29T14:47:46.961+0000: [GC (Allocation Failure) 2020-10-29T14:47:46.961+0000: [ParNew: 16388K->4K(18432K), 0.0026048 secs] 277566K->261182K(440080K), 0.0026685 secs] [Times: user=0.00 sys=0.00, real=0.00 secs] 
2020-10-29T14:47:46.971+0000: [CMS-concurrent-sweep: 0.021/0.028 secs] [Times: user=0.05 sys=0.01, real=0.03 secs] 
2020-10-29T14:47:46.972+0000: [CMS-concurrent-reset-start]
2020-10-29T14:47:46.974+0000: [CMS-concurrent-reset: 0.002/0.002 secs] [Times: user=0.00 sys=0.00, real=0.00 secs] 
2020-10-29T14:47:46.981+0000: [GC (Allocation Failure) 2020-10-29T14:47:46.981+0000: [ParNew: 16388K->4K(18432K), 0.0026625 secs] 277566K->261182K(453732K), 0.0027053 secs] [Times: user=0.00 sys=0.00, real=0.00 secs] 
2020-10-29T14:47:47.003+0000: [GC (Allocation Failure) 2020-10-29T14:47:47.003+0000: [ParNew: 16388K->4K(18432K), 0.0023844 secs] 277566K->261182K(453732K), 0.0024357 secs] [Times: user=0.01 sys=0.00, real=0.00 secs] 
2020-10-29T14:47:47.020+0000: [GC (Allocation Failure) 2020-10-29T14:47:47.020+0000: [ParNew: 16388K->4K(18432K), 0.0024838 secs] 277566K->261182K(453732K), 0.0025407 secs] [Times: user=0.00 sys=0.00, real=0.00 secs] 
2020-10-29T14:47:47.037+0000: [GC (Allocation Failure) 2020-10-29T14:47:47.037+0000: [ParNew: 16388K->4K(18432K), 0.0025649 secs] 277566K->261182K(453732K), 0.0026271 secs] [Times: user=0.00 sys=0.00, real=0.00 secs] 
2020-10-29T14:47:47.059+0000: [GC (Allocation Failure) 2020-10-29T14:47:47.059+0000: [ParNew: 16388K->4K(18432K), 0.0026322 secs] 277566K->261182K(453732K), 0.0026965 secs] [Times: user=0.00 sys=0.00, real=0.00 secs] 
2020-10-29T14:47:47.076+0000: [GC (Allocation Failure) 2020-10-29T14:47:47.076+0000: [ParNew: 16388K->4K(18432K), 0.0027050 secs] 277566K->261182K(453732K), 0.0027722 secs] [Times: user=0.01 sys=0.00, real=0.00 secs] 
2020-10-29T14:47:47.094+0000: [GC (Allocation Failure) 2020-10-29T14:47:47.094+0000: [ParNew: 16388K->4K(18432K), 0.0026514 secs] 277566K->261182K(453732K), 0.0027209 secs] [Times: user=0.01 sys=0.00, real=0.01 secs] 
2020-10-29T14:47:47.115+0000: [GC (Allocation Failure) 2020-10-29T14:47:47.115+0000: [ParNew: 16388K->4K(18432K), 0.0025480 secs] 277566K->261182K(453732K), 0.0026129 secs] [Times: user=0.01 sys=0.00, real=0.00 secs] 
2020-10-29T14:47:47.132+0000: [GC (Allocation Failure) 2020-10-29T14:47:47.132+0000: [ParNew: 16388K->4K(18432K), 0.0025901 secs] 277566K->261182K(453732K), 0.0026543 secs] [Times: user=0.00 sys=0.00, real=0.01 secs] 
2020-10-29T14:47:47.149+0000: [GC (Allocation Failure) 2020-10-29T14:47:47.149+0000: [ParNew: 16388K->4K(18432K), 0.0026545 secs] 277566K->261182K(453732K), 0.0027195 secs] [Times: user=0.01 sys=0.00, real=0.00 secs] 
2020-10-29T14:47:47.171+0000: [GC (Allocation Failure) 2020-10-29T14:47:47.171+0000: [ParNew: 16388K->4K(18432K), 0.0026158 secs] 277566K->261182K(453732K), 0.0026874 secs] [Times: user=0.01 sys=0.00, real=0.00 secs] 
2020-10-29T14:47:47.191+0000: [GC (Allocation Failure) 2020-10-29T14:47:47.191+0000: [ParNew: 16388K->4K(18432K), 0.0025992 secs] 277566K->261182K(453732K), 0.0026663 secs] [Times: user=0.00 sys=0.00, real=0.00 secs] 
2020-10-29T14:47:47.211+0000: [GC (Allocation Failure) 2020-10-29T14:47:47.211+0000: [ParNew: 16388K->6K(18432K), 0.0025939 secs] 277566K->261184K(453732K), 0.0026574 secs] [Times: user=0.01 sys=0.00, real=0.00 secs] 
2020-10-29T14:47:47.228+0000: [GC (Allocation Failure) 2020-10-29T14:47:47.228+0000: [ParNew: 16390K->4K(18432K), 0.0025519 secs] 277568K->261182K(453732K), 0.0026137 secs] [Times: user=0.01 sys=0.00, real=0.00 secs] 
2020-10-29T14:47:47.246+0000: [GC (Allocation Failure) 2020-10-29T14:47:47.246+0000: [ParNew: 16388K->4K(18432K), 0.0025086 secs] 277566K->261182K(453732K), 0.0025705 secs] [Times: user=0.01 sys=0.00, real=0.01 secs] 
2020-10-29T14:47:47.263+0000: [GC (Allocation Failure) 2020-10-29T14:47:47.263+0000: [ParNew: 16388K->4K(18432K), 0.0024229 secs] 277566K->261182K(453732K), 0.0024770 secs] [Times: user=0.01 sys=0.00, real=0.00 secs] 
2020-10-29T14:47:47.280+0000: [GC (Allocation Failure) 2020-10-29T14:47:47.280+0000: [ParNew: 16388K->4K(18432K), 0.0025934 secs] 277566K->261182K(453732K), 0.0026578 secs] [Times: user=0.01 sys=0.00, real=0.00 secs] 
2020-10-29T14:47:47.299+0000: [GC (Allocation Failure) 2020-10-29T14:47:47.299+0000: [ParNew: 16388K->4K(18432K), 0.0026183 secs] 277566K->261182K(453732K), 0.0026820 secs] [Times: user=0.00 sys=0.00, real=0.00 secs] 
2020-10-29T14:47:47.319+0000: [GC (Allocation Failure) 2020-10-29T14:47:47.319+0000: [ParNew: 16388K->4K(18432K), 0.0025644 secs] 277566K->261182K(453732K), 0.0026270 secs] [Times: user=0.00 sys=0.00, real=0.00 secs] 
2020-10-29T14:47:47.339+0000: [GC (Allocation Failure) 2020-10-29T14:47:47.339+0000: [ParNew: 16388K->4K(18432K), 0.0026226 secs] 277566K->261182K(453732K), 0.0026871 secs] [Times: user=0.00 sys=0.00, real=0.00 secs] 
2020-10-29T14:47:47.356+0000: [GC (Allocation Failure) 2020-10-29T14:47:47.356+0000: [ParNew: 16388K->4K(18432K), 0.0026832 secs] 277566K->261182K(453732K), 0.0027467 secs] [Times: user=0.00 sys=0.00, real=0.00 secs] 
2020-10-29T14:47:47.375+0000: [GC (Allocation Failure) 2020-10-29T14:47:47.375+0000: [ParNew: 16388K->4K(18432K), 0.0026036 secs] 277566K->261182K(453732K), 0.0026677 secs] [Times: user=0.00 sys=0.00, real=0.00 secs] 
2020-10-29T14:47:47.392+0000: [GC (Allocation Failure) 2020-10-29T14:47:47.392+0000: [ParNew: 16388K->4K(18432K), 0.0027113 secs] 277566K->261182K(453732K), 0.0027746 secs] [Times: user=0.01 sys=0.00, real=0.01 secs] 
2020-10-29T14:47:47.411+0000: [GC (Allocation Failure) 2020-10-29T14:47:47.411+0000: [ParNew: 16388K->4K(18432K), 0.0025080 secs] 277566K->261182K(453732K), 0.0025704 secs] [Times: user=0.01 sys=0.00, real=0.00 secs] 
2020-10-29T14:47:47.436+0000: [GC (Allocation Failure) 2020-10-29T14:47:47.436+0000: [ParNew: 16388K->4K(18432K), 0.0026044 secs] 277566K->261182K(453732K), 0.0026646 secs] [Times: user=0.00 sys=0.00, real=0.00 secs] 
2020-10-29T14:47:47.455+0000: [GC (Allocation Failure) 2020-10-29T14:47:47.455+0000: [ParNew: 16388K->4K(18432K), 0.0025471 secs] 277566K->261182K(453732K), 0.0026085 secs] [Times: user=0.01 sys=0.00, real=0.00 secs] 
2020-10-29T14:47:47.475+0000: [GC (Allocation Failure) 2020-10-29T14:47:47.475+0000: [ParNew: 16388K->4K(18432K), 0.0024511 secs] 277566K->261182K(453732K), 0.0025079 secs] [Times: user=0.00 sys=0.00, real=0.00 secs] 
2020-10-29T14:47:47.495+0000: [GC (Allocation Failure) 2020-10-29T14:47:47.495+0000: [ParNew: 16388K->4K(18432K), 0.0024879 secs] 277566K->261182K(453732K), 0.0025431 secs] [Times: user=0.00 sys=0.00, real=0.00 secs] 
2020-10-29T14:47:47.506+0000: [GC (Allocation Failure) 2020-10-29T14:47:47.506+0000: [ParNew: 16388K->4K(18432K), 0.0152833 secs] 277566K->269374K(453732K), 0.0153645 secs] [Times: user=0.02 sys=0.00, real=0.02 secs] 
2020-10-29T14:47:47.522+0000: [GC (CMS Initial Mark) [1 CMS-initial-mark: 269370K(435300K)] 269552K(453732K), 0.0020283 secs] [Times: user=0.00 sys=0.00, real=0.00 secs] 
2020-10-29T14:47:47.524+0000: [CMS-concurrent-mark-start]
2020-10-29T14:47:47.541+0000: [GC (Allocation Failure) 2020-10-29T14:47:47.542+0000: [ParNew: 16388K->4K(18432K), 0.0025569 secs] 285758K->269374K(453732K), 0.0026150 secs] [Times: user=0.00 sys=0.00, real=0.00 secs] 
2020-10-29T14:47:47.569+0000: [GC (Allocation Failure) 2020-10-29T14:47:47.569+0000: [ParNew: 16388K->4K(18432K), 0.0025469 secs] 285758K->269374K(453732K), 0.0026106 secs] [Times: user=0.00 sys=0.00, real=0.00 secs] 
2020-10-29T14:47:47.596+0000: [CMS-concurrent-mark: 0.066/0.072 secs] [Times: user=0.14 sys=0.00, real=0.08 secs] 
2020-10-29T14:47:47.596+0000: [CMS-concurrent-preclean-start]
2020-10-29T14:47:47.598+0000: [CMS-concurrent-preclean: 0.002/0.002 secs] [Times: user=0.00 sys=0.00, real=0.00 secs] 
2020-10-29T14:47:47.598+0000: [CMS-concurrent-abortable-preclean-start]
2020-10-29T14:47:47.601+0000: [GC (Allocation Failure) 2020-10-29T14:47:47.601+0000: [ParNew: 16388K->4K(18432K), 0.0019481 secs] 285758K->269374K(453732K), 0.0019903 secs] [Times: user=0.00 sys=0.00, real=0.00 secs] 
2020-10-29T14:47:47.618+0000: [GC (Allocation Failure) 2020-10-29T14:47:47.618+0000: [ParNew: 16388K->4K(18432K), 0.0024451 secs] 285758K->269374K(453732K), 0.0025069 secs] [Times: user=0.01 sys=0.00, real=0.00 secs] 
2020-10-29T14:47:47.639+0000: [GC (Allocation Failure) 2020-10-29T14:47:47.639+0000: [ParNew: 16388K->4K(18432K), 0.0023693 secs] 285758K->269374K(453732K), 0.0024300 secs] [Times: user=0.00 sys=0.00, real=0.00 secs] 
2020-10-29T14:47:47.660+0000: [GC (Allocation Failure) 2020-10-29T14:47:47.660+0000: [ParNew: 16388K->4K(18432K), 0.0023461 secs] 285758K->269374K(453732K), 0.0024061 secs] [Times: user=0.00 sys=0.00, real=0.00 secs] 
2020-10-29T14:47:47.682+0000: [GC (Allocation Failure) 2020-10-29T14:47:47.682+0000: [ParNew: 16388K->4K(18432K), 0.0024783 secs] 285758K->269374K(453732K), 0.0025410 secs] [Times: user=0.01 sys=0.00, real=0.00 secs] 
2020-10-29T14:47:47.703+0000: [GC (Allocation Failure) 2020-10-29T14:47:47.703+0000: [ParNew: 16388K->4K(18432K), 0.0024107 secs] 285758K->269374K(453732K), 0.0024707 secs] [Times: user=0.01 sys=0.00, real=0.00 secs] 
2020-10-29T14:47:47.720+0000: [GC (Allocation Failure) 2020-10-29T14:47:47.720+0000: [ParNew: 16388K->4K(18432K), 0.0024577 secs] 285758K->269374K(453732K), 0.0025188 secs] [Times: user=0.01 sys=0.00, real=0.00 secs] 
2020-10-29T14:47:47.738+0000: [GC (Allocation Failure) 2020-10-29T14:47:47.738+0000: [ParNew: 16388K->4K(18432K), 0.0020008 secs] 285758K->269374K(453732K), 0.0020555 secs] [Times: user=0.01 sys=0.00, real=0.00 secs] 
2020-10-29T14:47:47.756+0000: [GC (Allocation Failure) 2020-10-29T14:47:47.756+0000: [ParNew: 16388K->4K(18432K), 0.0020024 secs] 285758K->269374K(453732K), 0.0020581 secs] [Times: user=0.00 sys=0.00, real=0.00 secs] 
2020-10-29T14:47:47.773+0000: [GC (Allocation Failure) 2020-10-29T14:47:47.773+0000: [ParNew: 16388K->4K(18432K), 0.0024082 secs] 285758K->269374K(453732K), 0.0024667 secs] [Times: user=0.01 sys=0.00, real=0.01 secs] 
2020-10-29T14:47:47.791+0000: [GC (Allocation Failure) 2020-10-29T14:47:47.791+0000: [ParNew: 16388K->4K(18432K), 0.0024562 secs] 285758K->269374K(453732K), 0.0025167 secs] [Times: user=0.01 sys=0.00, real=0.00 secs] 
2020-10-29T14:47:47.809+0000: [GC (Allocation Failure) 2020-10-29T14:47:47.809+0000: [ParNew: 16388K->4K(18432K), 0.0021698 secs] 285758K->269374K(453732K), 0.0022260 secs] [Times: user=0.01 sys=0.00, real=0.00 secs] 
2020-10-29T14:47:47.830+0000: [GC (Allocation Failure) 2020-10-29T14:47:47.830+0000: [ParNew: 16388K->4K(18432K), 0.0020820 secs] 285758K->269374K(453732K), 0.0021369 secs] [Times: user=0.01 sys=0.00, real=0.00 secs] 
2020-10-29T14:47:47.848+0000: [GC (Allocation Failure) 2020-10-29T14:47:47.848+0000: [ParNew: 16388K->4K(18432K), 0.0021237 secs] 285758K->269374K(453732K), 0.0021808 secs] [Times: user=0.00 sys=0.00, real=0.00 secs] 
2020-10-29T14:47:47.867+0000: [GC (Allocation Failure) 2020-10-29T14:47:47.867+0000: [ParNew: 16388K->4K(18432K), 0.0020402 secs] 285758K->269374K(453732K), 0.0020952 secs] [Times: user=0.00 sys=0.00, real=0.00 secs] 
2020-10-29T14:47:47.885+0000: [GC (Allocation Failure) 2020-10-29T14:47:47.886+0000: [ParNew: 16388K->4K(18432K), 0.0023058 secs] 285758K->269374K(453732K), 0.0023649 secs] [Times: user=0.01 sys=0.00, real=0.01 secs] 
2020-10-29T14:47:47.906+0000: [GC (Allocation Failure) 2020-10-29T14:47:47.906+0000: [ParNew: 16388K->4K(18432K), 0.0025632 secs] 285758K->269374K(453732K), 0.0026250 secs] [Times: user=0.00 sys=0.00, real=0.01 secs] 
2020-10-29T14:47:47.924+0000: [GC (Allocation Failure) 2020-10-29T14:47:47.924+0000: [ParNew: 16388K->4K(18432K), 0.0026005 secs] 285758K->269374K(453732K), 0.0026638 secs] [Times: user=0.01 sys=0.00, real=0.00 secs] 
2020-10-29T14:47:47.942+0000: [GC (Allocation Failure) 2020-10-29T14:47:47.942+0000: [ParNew: 16388K->4K(18432K), 0.0025630 secs] 285758K->269374K(453732K), 0.0026256 secs] [Times: user=0.01 sys=0.00, real=0.00 secs] 
2020-10-29T14:47:47.963+0000: [GC (Allocation Failure) 2020-10-29T14:47:47.963+0000: [ParNew: 16388K->4K(18432K), 0.0024594 secs] 285758K->269374K(453732K), 0.0025208 secs] [Times: user=0.01 sys=0.00, real=0.00 secs] 
2020-10-29T14:47:47.983+0000: [GC (Allocation Failure) 2020-10-29T14:47:47.983+0000: [ParNew: 14910K->4K(18432K), 0.0024833 secs] 284281K->269374K(453732K), 0.0025467 secs] [Times: user=0.01 sys=0.00, real=0.00 secs] 
2020-10-29T14:47:47.995+0000: [GC (Allocation Failure) 2020-10-29T14:47:47.995+0000: [ParNew: 16388K->4K(18432K), 0.0093743 secs] 285758K->277566K(453732K), 0.0094424 secs] [Times: user=0.01 sys=0.00, real=0.00 secs] 
2020-10-29T14:47:48.004+0000: [CMS-concurrent-abortable-preclean: 0.023/0.406 secs] [Times: user=0.72 sys=0.03, real=0.40 secs] 
2020-10-29T14:47:48.007+0000: [GC (CMS Final Remark) [YG occupancy: 2108 K (18432 K)]2020-10-29T14:47:48.007+0000: [Rescan (parallel) , 0.0035965 secs]2020-10-29T14:47:48.010+0000: [weak refs processing, 0.0000282 secs]2020-10-29T14:47:48.010+0000: [class unloading, 0.0100875 secs]2020-10-29T14:47:48.021+0000: [scrub symbol table, 0.0106675 secs]2020-10-29T14:47:48.031+0000: [scrub string table, 0.0007317 secs][1 CMS-remark: 277562K(435300K)] 279670K(453732K), 0.0252543 secs] [Times: user=0.03 sys=0.00, real=0.02 secs] 
2020-10-29T14:47:48.035+0000: [CMS-concurrent-sweep-start]
2020-10-29T14:47:48.048+0000: [GC (Allocation Failure) 2020-10-29T14:47:48.048+0000: [ParNew: 16388K->4K(18432K), 0.0025599 secs] 293950K->277566K(453732K), 0.0026412 secs] [Times: user=0.01 sys=0.00, real=0.00 secs] 
2020-10-29T14:47:48.057+0000: [CMS-concurrent-sweep: 0.019/0.022 secs] [Times: user=0.04 sys=0.00, real=0.02 secs] 
2020-10-29T14:47:48.067+0000: [CMS-concurrent-reset-start]
2020-10-29T14:47:48.069+0000: [CMS-concurrent-reset: 0.002/0.002 secs] [Times: user=0.00 sys=0.00, real=0.00 secs] 
2020-10-29T14:47:48.070+0000: [GC (Allocation Failure) 2020-10-29T14:47:48.070+0000: [ParNew: 16388K->4K(18432K), 0.0027108 secs] 293950K->277566K(481040K), 0.0027522 secs] [Times: user=0.00 sys=0.00, real=0.00 secs] 
2020-10-29T14:47:48.087+0000: [GC (Allocation Failure) 2020-10-29T14:47:48.087+0000: [ParNew: 16388K->4K(18432K), 0.0025642 secs] 293950K->277566K(481040K), 0.0026262 secs] [Times: user=0.01 sys=0.00, real=0.00 secs] 
2020-10-29T14:47:48.102+0000: [GC (Allocation Failure) 2020-10-29T14:47:48.102+0000: [ParNew: 16388K->4K(18432K), 0.0087398 secs] 293950K->285758K(481040K), 0.0088001 secs] [Times: user=0.01 sys=0.01, real=0.01 secs] 
2020-10-29T14:47:48.126+0000: [GC (Allocation Failure) 2020-10-29T14:47:48.126+0000: [ParNew: 16388K->4K(18432K), 0.0026001 secs] 302142K->285758K(481040K), 0.0026587 secs] [Times: user=0.00 sys=0.00, real=0.01 secs] 
2020-10-29T14:47:48.144+0000: [GC (Allocation Failure) 2020-10-29T14:47:48.144+0000: [ParNew: 16388K->4K(18432K), 0.0025294 secs] 302142K->285758K(481040K), 0.0025867 secs] [Times: user=0.01 sys=0.00, real=0.00 secs] 
2020-10-29T14:47:48.161+0000: [GC (Allocation Failure) 2020-10-29T14:47:48.161+0000: [ParNew: 16388K->4K(18432K), 0.0025634 secs] 302142K->285758K(481040K), 0.0026216 secs] [Times: user=0.00 sys=0.00, real=0.00 secs] 
2020-10-29T14:47:48.178+0000: [GC (Allocation Failure) 2020-10-29T14:47:48.178+0000: [ParNew: 16388K->4K(18432K), 0.0024552 secs] 302142K->285758K(481040K), 0.0025112 secs] [Times: user=0.01 sys=0.00, real=0.00 secs] 
2020-10-29T14:47:48.195+0000: [GC (Allocation Failure) 2020-10-29T14:47:48.195+0000: [ParNew: 16388K->4K(18432K), 0.0024687 secs] 302142K->285758K(481040K), 0.0025274 secs] [Times: user=0.01 sys=0.00, real=0.00 secs] 
2020-10-29T14:47:48.215+0000: [GC (Allocation Failure) 2020-10-29T14:47:48.215+0000: [ParNew: 16388K->4K(18432K), 0.0024675 secs] 302142K->285758K(481040K), 0.0025230 secs] [Times: user=0.01 sys=0.00, real=0.00 secs] 
2020-10-29T14:47:48.235+0000: [GC (Allocation Failure) 2020-10-29T14:47:48.235+0000: [ParNew: 16388K->4K(18432K), 0.0023823 secs] 302142K->285758K(481040K), 0.0024344 secs] [Times: user=0.01 sys=0.00, real=0.00 secs] 
2020-10-29T14:47:48.255+0000: [GC (Allocation Failure) 2020-10-29T14:47:48.255+0000: [ParNew: 16388K->4K(18432K), 0.0023372 secs] 302142K->285758K(481040K), 0.0023892 secs] [Times: user=0.00 sys=0.00, real=0.00 secs] 
2020-10-29T14:47:48.274+0000: [GC (Allocation Failure) 2020-10-29T14:47:48.274+0000: [ParNew: 16388K->4K(18432K), 0.0025574 secs] 302142K->285758K(481040K), 0.0026171 secs] [Times: user=0.01 sys=0.00, real=0.01 secs] 
2020-10-29T14:47:48.295+0000: [GC (Allocation Failure) 2020-10-29T14:47:48.295+0000: [ParNew: 16388K->4K(18432K), 0.0024358 secs] 302142K->285758K(481040K), 0.0024905 secs] [Times: user=0.00 sys=0.00, real=0.00 secs] 
2020-10-29T14:47:48.313+0000: [GC (Allocation Failure) 2020-10-29T14:47:48.313+0000: [ParNew: 16388K->4K(18432K), 0.0025749 secs] 302142K->285758K(481040K), 0.0026303 secs] [Times: user=0.01 sys=0.00, real=0.01 secs] 
2020-10-29T14:47:48.331+0000: [GC (Allocation Failure) 2020-10-29T14:47:48.331+0000: [ParNew: 16388K->4K(18432K), 0.0026214 secs] 302142K->285758K(481040K), 0.0026833 secs] [Times: user=0.00 sys=0.00, real=0.00 secs] 
2020-10-29T14:47:48.351+0000: [GC (Allocation Failure) 2020-10-29T14:47:48.351+0000: [ParNew: 16388K->4K(18432K), 0.0026032 secs] 302142K->285758K(481040K), 0.0026633 secs] [Times: user=0.01 sys=0.00, real=0.00 secs] 
2020-10-29T14:47:48.370+0000: [GC (Allocation Failure) 2020-10-29T14:47:48.370+0000: [ParNew: 16388K->4K(18432K), 0.0026066 secs] 302142K->285758K(481040K), 0.0026687 secs] [Times: user=0.00 sys=0.00, real=0.00 secs] 
2020-10-29T14:47:48.391+0000: [GC (Allocation Failure) 2020-10-29T14:47:48.391+0000: [ParNew: 16388K->4K(18432K), 0.0026260 secs] 302142K->285758K(481040K), 0.0026884 secs] [Times: user=0.00 sys=0.00, real=0.00 secs] 
2020-10-29T14:47:48.408+0000: [GC (Allocation Failure) 2020-10-29T14:47:48.408+0000: [ParNew: 16388K->4K(18432K), 0.0026643 secs] 302142K->285758K(481040K), 0.0027271 secs] [Times: user=0.00 sys=0.00, real=0.00 secs] 
2020-10-29T14:47:48.426+0000: [GC (Allocation Failure) 2020-10-29T14:47:48.426+0000: [ParNew: 16388K->4K(18432K), 0.0026022 secs] 302142K->285758K(481040K), 0.0026652 secs] [Times: user=0.01 sys=0.00, real=0.01 secs] 
2020-10-29T14:47:48.447+0000: [GC (Allocation Failure) 2020-10-29T14:47:48.447+0000: [ParNew: 16388K->4K(18432K), 0.0025752 secs] 302142K->285758K(481040K), 0.0026390 secs] [Times: user=0.01 sys=0.00, real=0.00 secs] 
2020-10-29T14:47:48.464+0000: [GC (Allocation Failure) 2020-10-29T14:47:48.464+0000: [ParNew: 16388K->4K(18432K), 0.0025414 secs] 302142K->285758K(481040K), 0.0025990 secs] [Times: user=0.00 sys=0.00, real=0.01 secs] 
2020-10-29T14:47:48.482+0000: [GC (Allocation Failure) 2020-10-29T14:47:48.482+0000: [ParNew: 16388K->4K(18432K), 0.0024974 secs] 302142K->285758K(481040K), 0.0025513 secs] [Times: user=0.00 sys=0.00, real=0.00 secs] 
2020-10-29T14:47:48.501+0000: [GC (Allocation Failure) 2020-10-29T14:47:48.501+0000: [ParNew: 16388K->4K(18432K), 0.0026636 secs] 302142K->285758K(481040K), 0.0027275 secs] [Times: user=0.00 sys=0.00, real=0.00 secs] 
2020-10-29T14:47:48.519+0000: [GC (Allocation Failure) 2020-10-29T14:47:48.519+0000: [ParNew: 16388K->4K(18432K), 0.0024911 secs] 302142K->285758K(481040K), 0.0025717 secs] [Times: user=0.00 sys=0.01, real=0.00 secs] 
2020-10-29T14:47:48.539+0000: [GC (Allocation Failure) 2020-10-29T14:47:48.539+0000: [ParNew: 16388K->4K(18432K), 0.0024467 secs] 302142K->285758K(481040K), 0.0025269 secs] [Times: user=0.00 sys=0.00, real=0.00 secs] 
2020-10-29T14:47:48.556+0000: [GC (Allocation Failure) 2020-10-29T14:47:48.556+0000: [ParNew: 16388K->4K(18432K), 0.0026401 secs] 302142K->285758K(481040K), 0.0027041 secs] [Times: user=0.00 sys=0.00, real=0.00 secs] 
2020-10-29T14:47:48.589+0000: [GC (Allocation Failure) 2020-10-29T14:47:48.589+0000: [ParNew: 16388K->4K(18432K), 0.0027382 secs] 334910K->318526K(481040K), 0.0028053 secs] [Times: user=0.01 sys=0.00, real=0.00 secs] 
2020-10-29T14:47:48.592+0000: [GC (CMS Initial Mark) [1 CMS-initial-mark: 318522K(462608K)] 318526K(481040K), 0.0015673 secs] [Times: user=0.00 sys=0.00, real=0.00 secs] 
2020-10-29T14:47:48.594+0000: [CMS-concurrent-mark-start]
2020-10-29T14:47:48.623+0000: [GC (Allocation Failure) 2020-10-29T14:47:48.623+0000: [ParNew: 16388K->4K(18432K), 0.0024943 secs] 334910K->318526K(481040K), 0.0025584 secs] [Times: user=0.01 sys=0.00, real=0.00 secs] 
2020-10-29T14:47:48.650+0000: [CMS-concurrent-mark: 0.053/0.056 secs] [Times: user=0.11 sys=0.00, real=0.06 secs] 
2020-10-29T14:47:48.650+0000: [CMS-concurrent-preclean-start]
2020-10-29T14:47:48.652+0000: [GC (Allocation Failure) 2020-10-29T14:47:48.652+0000: [ParNew: 16388K->4K(18432K), 0.0020161 secs] 334910K->318526K(481040K), 0.0020593 secs] [Times: user=0.01 sys=0.00, real=0.00 secs] 
2020-10-29T14:47:48.655+0000: [CMS-concurrent-preclean: 0.003/0.005 secs] [Times: user=0.01 sys=0.01, real=0.01 secs] 
2020-10-29T14:47:48.659+0000: [GC (CMS Final Remark) [YG occupancy: 4068 K (18432 K)]2020-10-29T14:47:48.659+0000: [Rescan (parallel) , 0.0040991 secs]2020-10-29T14:47:48.663+0000: [weak refs processing, 0.0000303 secs]2020-10-29T14:47:48.663+0000: [class unloading, 0.0105211 secs]2020-10-29T14:47:48.674+0000: [scrub symbol table, 0.0118194 secs]2020-10-29T14:47:48.685+0000: [scrub string table, 0.0007552 secs][1 CMS-remark: 318522K(462608K)] 322591K(481040K), 0.0273692 secs] [Times: user=0.04 sys=0.00, real=0.02 secs] 
2020-10-29T14:47:48.687+0000: [CMS-concurrent-sweep-start]
2020-10-29T14:47:48.701+0000: [GC (Allocation Failure) 2020-10-29T14:47:48.701+0000: [ParNew: 16388K->4K(18432K), 0.0026860 secs] 334910K->318526K(481040K), 0.0027480 secs] [Times: user=0.00 sys=0.00, real=0.00 secs] 
2020-10-29T14:47:48.713+0000: [CMS-concurrent-sweep: 0.021/0.026 secs] [Times: user=0.05 sys=0.00, real=0.02 secs] 
2020-10-29T14:47:48.713+0000: [CMS-concurrent-reset-start]
2020-10-29T14:47:48.715+0000: [CMS-concurrent-reset: 0.002/0.002 secs] [Times: user=0.00 sys=0.00, real=0.01 secs] 
2020-10-29T14:47:48.722+0000: [GC (Allocation Failure) 2020-10-29T14:47:48.722+0000: [ParNew: 16388K->4K(18432K), 0.0028433 secs] 334910K->318526K(549304K), 0.0028851 secs] [Times: user=0.00 sys=0.00, real=0.00 secs] 
2020-10-29T14:47:48.740+0000: [GC (Allocation Failure) 2020-10-29T14:47:48.740+0000: [ParNew: 16388K->4K(18432K), 0.0025389 secs] 334910K->318526K(549304K), 0.0025929 secs] [Times: user=0.00 sys=0.00, real=0.00 secs] 
2020-10-29T14:47:48.759+0000: [GC (Allocation Failure) 2020-10-29T14:47:48.759+0000: [ParNew: 16388K->4K(18432K), 0.0027441 secs] 334910K->318526K(549304K), 0.0028062 secs] [Times: user=0.00 sys=0.00, real=0.00 secs] 
2020-10-29T14:47:48.776+0000: [GC (Allocation Failure) 2020-10-29T14:47:48.776+0000: [ParNew: 16388K->4K(18432K), 0.0028641 secs] 334910K->318526K(549304K), 0.0029279 secs] [Times: user=0.01 sys=0.00, real=0.00 secs] 
2020-10-29T14:47:48.795+0000: [GC (Allocation Failure) 2020-10-29T14:47:48.795+0000: [ParNew: 16388K->4K(18432K), 0.0024933 secs] 334910K->318526K(549304K), 0.0025454 secs] [Times: user=0.00 sys=0.00, real=0.00 secs] 
2020-10-29T14:47:48.812+0000: [GC (Allocation Failure) 2020-10-29T14:47:48.812+0000: [ParNew: 16388K->4K(18432K), 0.0026208 secs] 334910K->318526K(549304K), 0.0026785 secs] [Times: user=0.00 sys=0.00, real=0.01 secs] 
2020-10-29T14:47:48.830+0000: [GC (Allocation Failure) 2020-10-29T14:47:48.830+0000: [ParNew: 16388K->4K(18432K), 0.0022286 secs] 334910K->318526K(549304K), 0.0022753 secs] [Times: user=0.00 sys=0.00, real=0.00 secs] 
2020-10-29T14:47:48.846+0000: [GC (Allocation Failure) 2020-10-29T14:47:48.846+0000: [ParNew: 16388K->4K(18432K), 0.0027012 secs] 334910K->318526K(549304K), 0.0027614 secs] [Times: user=0.01 sys=0.00, real=0.01 secs] 
2020-10-29T14:47:48.864+0000: [GC (Allocation Failure) 2020-10-29T14:47:48.864+0000: [ParNew: 16388K->4K(18432K), 0.0027293 secs] 334910K->318526K(549304K), 0.0027909 secs] [Times: user=0.01 sys=0.00, real=0.01 secs] 
2020-10-29T14:47:48.883+0000: [GC (Allocation Failure) 2020-10-29T14:47:48.883+0000: [ParNew: 16388K->4K(18432K), 0.0027399 secs] 334910K->318526K(549304K), 0.0028140 secs] [Times: user=0.00 sys=0.00, real=0.00 secs] 
2020-10-29T14:47:48.900+0000: [GC (Allocation Failure) 2020-10-29T14:47:48.900+0000: [ParNew: 16388K->4K(18432K), 0.0026746 secs] 334910K->318526K(549304K), 0.0027335 secs] [Times: user=0.01 sys=0.00, real=0.00 secs] 
2020-10-29T14:47:48.921+0000: [GC (Allocation Failure) 2020-10-29T14:47:48.921+0000: [ParNew: 16388K->4K(18432K), 0.0026300 secs] 334910K->318526K(549304K), 0.0026853 secs] [Times: user=0.00 sys=0.00, real=0.00 secs] 
2020-10-29T14:47:48.938+0000: [GC (Allocation Failure) 2020-10-29T14:47:48.938+0000: [ParNew: 16388K->4K(18432K), 0.0022739 secs] 334910K->318526K(549304K), 0.0023207 secs] [Times: user=0.01 sys=0.00, real=0.00 secs] 
2020-10-29T14:47:48.955+0000: [GC (Allocation Failure) 2020-10-29T14:47:48.955+0000: [ParNew: 13424K->4K(18432K), 0.0022665 secs] 331947K->318526K(549304K), 0.0023129 secs] [Times: user=0.00 sys=0.00, real=0.00 secs] 
2020-10-29T14:47:48.967+0000: [GC (Allocation Failure) 2020-10-29T14:47:48.967+0000: [ParNew: 16388K->4K(18432K), 0.0089432 secs] 334910K->326718K(549304K), 0.0089958 secs] [Times: user=0.02 sys=0.00, real=0.01 secs] 
2020-10-29T14:47:48.994+0000: [GC (Allocation Failure) 2020-10-29T14:47:48.994+0000: [ParNew: 16388K->4K(18432K), 0.0024325 secs] 343102K->326718K(549304K), 0.0024799 secs] [Times: user=0.00 sys=0.00, real=0.01 secs] 
2020-10-29T14:47:49.015+0000: [GC (Allocation Failure) 2020-10-29T14:47:49.015+0000: [ParNew: 16388K->4K(18432K), 0.0027757 secs] 343102K->326718K(549304K), 0.0028369 secs] [Times: user=0.01 sys=0.00, real=0.00 secs] 
2020-10-29T14:47:49.035+0000: [GC (Allocation Failure) 2020-10-29T14:47:49.035+0000: [ParNew: 15296K->4K(18432K), 0.0028154 secs] 342011K->326718K(549304K), 0.0028789 secs] [Times: user=0.00 sys=0.00, real=0.00 secs] 
2020-10-29T14:47:49.047+0000: [GC (Allocation Failure) 2020-10-29T14:47:49.047+0000: [ParNew: 16388K->4K(18432K), 0.0090626 secs] 343102K->334910K(549304K), 0.0091269 secs] [Times: user=0.02 sys=0.01, real=0.01 secs] 
2020-10-29T14:47:49.071+0000: [GC (Allocation Failure) 2020-10-29T14:47:49.071+0000: [ParNew: 16388K->4K(18432K), 0.0028654 secs] 351294K->334910K(549304K), 0.0029379 secs] [Times: user=0.00 sys=0.00, real=0.00 secs] 
2020-10-29T14:47:49.088+0000: [GC (Allocation Failure) 2020-10-29T14:47:49.088+0000: [ParNew: 16388K->4K(18432K), 0.0028026 secs] 351294K->334910K(549304K), 0.0028741 secs] [Times: user=0.00 sys=0.00, real=0.00 secs] 
2020-10-29T14:47:49.107+0000: [GC (Allocation Failure) 2020-10-29T14:47:49.107+0000: [ParNew: 16388K->4K(18432K), 0.0025030 secs] 351294K->334910K(549304K), 0.0025543 secs] [Times: user=0.00 sys=0.00, real=0.00 secs] 
2020-10-29T14:47:49.124+0000: [GC (Allocation Failure) 2020-10-29T14:47:49.124+0000: [ParNew: 16388K->4K(18432K), 0.0026827 secs] 351294K->334910K(549304K), 0.0027400 secs] [Times: user=0.01 sys=0.00, real=0.01 secs] 
2020-10-29T14:47:49.142+0000: [GC (Allocation Failure) 2020-10-29T14:47:49.142+0000: [ParNew: 16388K->4K(18432K), 0.0026949 secs] 351294K->334910K(549304K), 0.0027539 secs] [Times: user=0.00 sys=0.00, real=0.00 secs] 
2020-10-29T14:47:49.159+0000: [GC (Allocation Failure) 2020-10-29T14:47:49.159+0000: [ParNew: 16388K->4K(18432K), 0.0027238 secs] 351294K->334910K(549304K), 0.0027836 secs] [Times: user=0.01 sys=0.00, real=0.00 secs] 
2020-10-29T14:47:49.176+0000: [GC (Allocation Failure) 2020-10-29T14:47:49.176+0000: [ParNew: 16388K->4K(18432K), 0.0026177 secs] 351294K->334910K(549304K), 0.0026757 secs] [Times: user=0.00 sys=0.00, real=0.00 secs] 
2020-10-29T14:47:49.195+0000: [GC (Allocation Failure) 2020-10-29T14:47:49.195+0000: [ParNew: 16388K->4K(18432K), 0.0024625 secs] 351294K->334910K(549304K), 0.0025161 secs] [Times: user=0.00 sys=0.00, real=0.00 secs] 
2020-10-29T14:47:49.212+0000: [GC (Allocation Failure) 2020-10-29T14:47:49.212+0000: [ParNew: 16388K->4K(18432K), 0.0024435 secs] 351294K->334910K(549304K), 0.0024960 secs] [Times: user=0.00 sys=0.00, real=0.00 secs] 
2020-10-29T14:47:49.231+0000: [GC (Allocation Failure) 2020-10-29T14:47:49.231+0000: [ParNew: 16388K->4K(18432K), 0.0022633 secs] 351294K->334910K(549304K), 0.0023068 secs] [Times: user=0.01 sys=0.00, real=0.00 secs] 
2020-10-29T14:47:49.248+0000: [GC (Allocation Failure) 2020-10-29T14:47:49.248+0000: [ParNew: 16388K->4K(18432K), 0.0027281 secs] 351294K->334910K(549304K), 0.0027914 secs] [Times: user=0.01 sys=0.00, real=0.00 secs] 
2020-10-29T14:47:49.267+0000: [GC (Allocation Failure) 2020-10-29T14:47:49.267+0000: [ParNew: 16388K->4K(18432K), 0.0025884 secs] 351294K->334910K(549304K), 0.0026465 secs] [Times: user=0.01 sys=0.00, real=0.00 secs] 
2020-10-29T14:47:49.287+0000: [GC (Allocation Failure) 2020-10-29T14:47:49.287+0000: [ParNew: 16388K->4K(18432K), 0.0022280 secs] 351294K->334910K(549304K), 0.0022776 secs] [Times: user=0.00 sys=0.00, real=0.00 secs] 
2020-10-29T14:47:49.307+0000: [GC (Allocation Failure) 2020-10-29T14:47:49.307+0000: [ParNew: 16388K->4K(18432K), 0.0023141 secs] 351294K->334910K(549304K), 0.0023648 secs] [Times: user=0.00 sys=0.00, real=0.00 secs] 
2020-10-29T14:47:49.326+0000: [GC (Allocation Failure) 2020-10-29T14:47:49.326+0000: [ParNew: 16388K->4K(18432K), 0.0021952 secs] 351294K->334910K(549304K), 0.0022437 secs] [Times: user=0.00 sys=0.00, real=0.01 secs] 
2020-10-29T14:47:49.347+0000: [GC (Allocation Failure) 2020-10-29T14:47:49.347+0000: [ParNew: 16388K->4K(18432K), 0.0021478 secs] 351294K->334910K(549304K), 0.0021952 secs] [Times: user=0.01 sys=0.00, real=0.00 secs] 
2020-10-29T14:47:49.366+0000: [GC (Allocation Failure) 2020-10-29T14:47:49.366+0000: [ParNew: 16388K->4K(18432K), 0.0026011 secs] 351294K->334910K(549304K), 0.0026581 secs] [Times: user=0.00 sys=0.00, real=0.01 secs] 
2020-10-29T14:47:49.383+0000: [GC (Allocation Failure) 2020-10-29T14:47:49.383+0000: [ParNew: 16388K->4K(18432K), 0.0023360 secs] 351294K->334910K(549304K), 0.0023893 secs] [Times: user=0.01 sys=0.00, real=0.00 secs] 
2020-10-29T14:47:49.400+0000: [GC (Allocation Failure) 2020-10-29T14:47:49.400+0000: [ParNew: 16388K->4K(18432K), 0.0028663 secs] 351294K->334910K(549304K), 0.0029314 secs] [Times: user=0.00 sys=0.00, real=0.00 secs] 
2020-10-29T14:47:49.418+0000: [GC (Allocation Failure) 2020-10-29T14:47:49.418+0000: [ParNew: 16388K->4K(18432K), 0.0030726 secs] 351294K->334910K(549304K), 0.0031372 secs] [Times: user=0.01 sys=0.00, real=0.00 secs] 
2020-10-29T14:47:49.435+0000: [GC (Allocation Failure) 2020-10-29T14:47:49.436+0000: [ParNew: 16388K->4K(18432K), 0.0026419 secs] 351294K->334910K(549304K), 0.0027010 secs] [Times: user=0.00 sys=0.00, real=0.00 secs] 
2020-10-29T14:47:49.453+0000: [GC (Allocation Failure) 2020-10-29T14:47:49.453+0000: [ParNew: 16388K->4K(18432K), 0.0022540 secs] 351294K->334910K(549304K), 0.0023070 secs] [Times: user=0.00 sys=0.00, real=0.01 secs] 
2020-10-29T14:47:49.470+0000: [GC (Allocation Failure) 2020-10-29T14:47:49.470+0000: [ParNew: 16388K->4K(18432K), 0.0027051 secs] 351294K->334910K(549304K), 0.0027653 secs] [Times: user=0.01 sys=0.00, real=0.00 secs] 
2020-10-29T14:47:49.487+0000: [GC (Allocation Failure) 2020-10-29T14:47:49.487+0000: [ParNew: 16388K->4K(18432K), 0.0026693 secs] 351294K->334910K(549304K), 0.0027284 secs] [Times: user=0.01 sys=0.00, real=0.00 secs] 
2020-10-29T14:47:49.505+0000: [GC (Allocation Failure) 2020-10-29T14:47:49.505+0000: [ParNew: 16388K->4K(18432K), 0.0027947 secs] 351294K->334910K(549304K), 0.0028585 secs] [Times: user=0.00 sys=0.00, real=0.01 secs] 
2020-10-29T14:47:49.522+0000: [GC (Allocation Failure) 2020-10-29T14:47:49.522+0000: [ParNew: 16388K->4K(18432K), 0.0027332 secs] 351294K->334910K(549304K), 0.0027916 secs] [Times: user=0.01 sys=0.00, real=0.00 secs] 
2020-10-29T14:47:49.540+0000: [GC (Allocation Failure) 2020-10-29T14:47:49.540+0000: [ParNew: 16388K->4K(18432K), 0.0026652 secs] 351294K->334910K(549304K), 0.0027210 secs] [Times: user=0.00 sys=0.00, real=0.00 secs] 
2020-10-29T14:47:49.557+0000: [GC (Allocation Failure) 2020-10-29T14:47:49.557+0000: [ParNew: 16388K->4K(18432K), 0.0025923 secs] 351294K->334910K(549304K), 0.0026422 secs] [Times: user=0.01 sys=0.00, real=0.00 secs] 
2020-10-29T14:47:49.574+0000: [GC (Allocation Failure) 2020-10-29T14:47:49.574+0000: [ParNew: 16388K->4K(18432K), 0.0028089 secs] 351294K->334910K(549304K), 0.0028800 secs] [Times: user=0.00 sys=0.00, real=0.01 secs] 
2020-10-29T14:47:49.592+0000: [GC (Allocation Failure) 2020-10-29T14:47:49.592+0000: [ParNew: 16388K->4K(18432K), 0.0026833 secs] 351294K->334910K(549304K), 0.0027396 secs] [Times: user=0.01 sys=0.00, real=0.00 secs] 
2020-10-29T14:47:49.609+0000: [GC (Allocation Failure) 2020-10-29T14:47:49.609+0000: [ParNew: 16388K->4K(18432K), 0.0026081 secs] 351294K->334910K(549304K), 0.0026647 secs] [Times: user=0.01 sys=0.00, real=0.00 secs] 
2020-10-29T14:47:49.627+0000: [GC (Allocation Failure) 2020-10-29T14:47:49.627+0000: [ParNew: 16388K->4K(18432K), 0.0023081 secs] 351294K->334910K(549304K), 0.0023587 secs] [Times: user=0.00 sys=0.00, real=0.00 secs] 
2020-10-29T14:47:49.647+0000: [GC (Allocation Failure) 2020-10-29T14:47:49.647+0000: [ParNew: 16388K->4K(18432K), 0.0025155 secs] 351294K->334910K(549304K), 0.0025712 secs] [Times: user=0.01 sys=0.00, real=0.00 secs] 
2020-10-29T14:47:49.664+0000: [GC (Allocation Failure) 2020-10-29T14:47:49.664+0000: [ParNew: 16388K->4K(18432K), 0.0027572 secs] 351294K->334910K(549304K), 0.0028169 secs] [Times: user=0.01 sys=0.00, real=0.01 secs] 
2020-10-29T14:47:49.682+0000: [GC (Allocation Failure) 2020-10-29T14:47:49.682+0000: [ParNew: 13096K->4K(18432K), 0.0022460 secs] 348003K->334910K(549304K), 0.0022964 secs] [Times: user=0.00 sys=0.00, real=0.00 secs] 
2020-10-29T14:47:49.695+0000: [GC (Allocation Failure) 2020-10-29T14:47:49.695+0000: [ParNew: 16388K->2K(18432K), 0.0098975 secs] 351294K->343100K(549304K), 0.0099511 secs] [Times: user=0.00 sys=0.01, real=0.01 secs] 
2020-10-29T14:47:49.719+0000: [GC (Allocation Failure) 2020-10-29T14:47:49.719+0000: [ParNew: 16386K->4K(18432K), 0.0028241 secs] 359484K->343102K(549304K), 0.0028912 secs] [Times: user=0.01 sys=0.00, real=0.00 secs] 
2020-10-29T14:47:49.737+0000: [GC (Allocation Failure) 2020-10-29T14:47:49.737+0000: [ParNew: 16388K->4K(18432K), 0.0028360 secs] 359486K->343102K(549304K), 0.0029316 secs] [Times: user=0.01 sys=0.00, real=0.00 secs] 
2020-10-29T14:47:49.758+0000: [GC (Allocation Failure) 2020-10-29T14:47:49.758+0000: [ParNew: 16388K->4K(18432K), 0.0026177 secs] 359486K->343102K(549304K), 0.0026712 secs] [Times: user=0.01 sys=0.00, real=0.00 secs] 
2020-10-29T14:47:49.779+0000: [GC (Allocation Failure) 2020-10-29T14:47:49.779+0000: [ParNew: 16388K->4K(18432K), 0.0024003 secs] 359486K->343102K(549304K), 0.0024478 secs] [Times: user=0.00 sys=0.00, real=0.00 secs] 
2020-10-29T14:47:49.796+0000: [GC (Allocation Failure) 2020-10-29T14:47:49.796+0000: [ParNew: 16388K->4K(18432K), 0.0024917 secs] 359486K->343102K(549304K), 0.0025417 secs] [Times: user=0.01 sys=0.00, real=0.00 secs] 
2020-10-29T14:47:49.815+0000: [GC (Allocation Failure) 2020-10-29T14:47:49.815+0000: [ParNew: 16388K->4K(18432K), 0.0027823 secs] 359486K->343102K(549304K), 0.0028452 secs] [Times: user=0.01 sys=0.00, real=0.00 secs] 
2020-10-29T14:47:49.832+0000: [GC (Allocation Failure) 2020-10-29T14:47:49.832+0000: [ParNew: 16388K->4K(18432K), 0.0025905 secs] 359486K->343102K(549304K), 0.0026454 secs] [Times: user=0.00 sys=0.00, real=0.01 secs] 
2020-10-29T14:47:49.850+0000: [GC (Allocation Failure) 2020-10-29T14:47:49.850+0000: [ParNew: 16388K->4K(18432K), 0.0026132 secs] 359486K->343102K(549304K), 0.0026703 secs] [Times: user=0.01 sys=0.00, real=0.00 secs] 
2020-10-29T14:47:49.868+0000: [GC (Allocation Failure) 2020-10-29T14:47:49.868+0000: [ParNew: 16388K->4K(18432K), 0.0025745 secs] 359486K->343102K(549304K), 0.0026326 secs] [Times: user=0.01 sys=0.00, real=0.00 secs] 
2020-10-29T14:47:49.887+0000: [GC (Allocation Failure) 2020-10-29T14:47:49.887+0000: [ParNew: 16388K->6K(18432K), 0.0027566 secs] 359486K->343104K(549304K), 0.0028187 secs] [Times: user=0.01 sys=0.00, real=0.00 secs] 
2020-10-29T14:47:49.904+0000: [GC (Allocation Failure) 2020-10-29T14:47:49.904+0000: [ParNew: 16390K->4K(18432K), 0.0026930 secs] 359488K->343102K(549304K), 0.0027509 secs] [Times: user=0.00 sys=0.00, real=0.01 secs] 
2020-10-29T14:47:49.922+0000: [GC (Allocation Failure) 2020-10-29T14:47:49.922+0000: [ParNew: 16388K->4K(18432K), 0.0022117 secs] 359486K->343102K(549304K), 0.0022592 secs] [Times: user=0.00 sys=0.00, real=0.00 secs] 
2020-10-29T14:47:49.938+0000: [GC (Allocation Failure) 2020-10-29T14:47:49.938+0000: [ParNew: 16388K->4K(18432K), 0.0021461 secs] 359486K->343102K(549304K), 0.0021924 secs] [Times: user=0.00 sys=0.00, real=0.00 secs] 
2020-10-29T14:47:49.959+0000: [GC (Allocation Failure) 2020-10-29T14:47:49.959+0000: [ParNew: 16388K->4K(18432K), 0.0021670 secs] 359486K->343102K(549304K), 0.0022131 secs] [Times: user=0.00 sys=0.00, real=0.00 secs] 
2020-10-29T14:47:49.979+0000: [GC (Allocation Failure) 2020-10-29T14:47:49.979+0000: [ParNew: 16388K->4K(18432K), 0.0024367 secs] 359486K->343102K(549304K), 0.0024921 secs] [Times: user=0.00 sys=0.00, real=0.00 secs] 
2020-10-29T14:47:49.996+0000: [GC (Allocation Failure) 2020-10-29T14:47:49.996+0000: [ParNew: 16388K->4K(18432K), 0.0029708 secs] 359486K->343102K(549304K), 0.0030373 secs] [Times: user=0.01 sys=0.00, real=0.00 secs] 
2020-10-29T14:47:50.014+0000: [GC (Allocation Failure) 2020-10-29T14:47:50.014+0000: [ParNew: 16388K->4K(18432K), 0.0026034 secs] 359486K->343102K(549304K), 0.0026551 secs] [Times: user=0.01 sys=0.00, real=0.01 secs] 
2020-10-29T14:47:50.031+0000: [GC (Allocation Failure) 2020-10-29T14:47:50.031+0000: [ParNew: 16388K->4K(18432K), 0.0024794 secs] 359486K->343102K(549304K), 0.0025324 secs] [Times: user=0.00 sys=0.00, real=0.00 secs] 
2020-10-29T14:47:50.051+0000: [GC (Allocation Failure) 2020-10-29T14:47:50.051+0000: [ParNew: 16388K->4K(18432K), 0.0025761 secs] 359486K->343102K(549304K), 0.0026348 secs] [Times: user=0.01 sys=0.00, real=0.00 secs] 
2020-10-29T14:47:50.068+0000: [GC (Allocation Failure) 2020-10-29T14:47:50.068+0000: [ParNew: 16388K->4K(18432K), 0.0030185 secs] 359486K->343102K(549304K), 0.0030872 secs] [Times: user=0.00 sys=0.00, real=0.00 secs] 
2020-10-29T14:47:50.086+0000: [GC (Allocation Failure) 2020-10-29T14:47:50.086+0000: [ParNew: 16388K->4K(18432K), 0.0027755 secs] 359486K->343102K(549304K), 0.0028405 secs] [Times: user=0.00 sys=0.00, real=0.01 secs] 
2020-10-29T14:47:50.103+0000: [GC (Allocation Failure) 2020-10-29T14:47:50.103+0000: [ParNew: 16388K->4K(18432K), 0.0027745 secs] 359486K->343102K(549304K), 0.0028393 secs] [Times: user=0.00 sys=0.00, real=0.00 secs] 
2020-10-29T14:47:50.121+0000: [GC (Allocation Failure) 2020-10-29T14:47:50.121+0000: [ParNew: 16388K->4K(18432K), 0.0027481 secs] 359486K->343102K(549304K), 0.0028110 secs] [Times: user=0.01 sys=0.00, real=0.00 secs] 
2020-10-29T14:47:50.138+0000: [GC (Allocation Failure) 2020-10-29T14:47:50.138+0000: [ParNew: 16388K->4K(18432K), 0.0027410 secs] 359486K->343102K(549304K), 0.0028135 secs] [Times: user=0.01 sys=0.00, real=0.00 secs] 
2020-10-29T14:47:50.155+0000: [GC (Allocation Failure) 2020-10-29T14:47:50.156+0000: [ParNew: 16343K->4K(18432K), 0.0026864 secs] 359442K->343102K(549304K), 0.0027497 secs] [Times: user=0.00 sys=0.00, real=0.00 secs] 
2020-10-29T14:47:50.194+0000: [GC (Allocation Failure) 2020-10-29T14:47:50.194+0000: [ParNew: 16388K->4K(18432K), 0.0028399 secs] 392254K->375870K(549304K), 0.0029098 secs] [Times: user=0.01 sys=0.00, real=0.01 secs] 
2020-10-29T14:47:50.199+0000: [GC (CMS Initial Mark) [1 CMS-initial-mark: 375866K(530872K)] 376057K(549304K), 0.0015390 secs] [Times: user=0.00 sys=0.00, real=0.00 secs] 
2020-10-29T14:47:50.200+0000: [CMS-concurrent-mark-start]
2020-10-29T14:47:50.223+0000: [GC (Allocation Failure) 2020-10-29T14:47:50.223+0000: [ParNew: 16388K->4K(18432K), 0.0025928 secs] 392254K->375870K(549304K), 0.0026577 secs] [Times: user=0.00 sys=0.00, real=0.00 secs] 
2020-10-29T14:47:50.247+0000: [GC (Allocation Failure) 2020-10-29T14:47:50.247+0000: [ParNew: 16388K->4K(18432K), 0.0023683 secs] 392254K->375870K(549304K), 0.0024238 secs] [Times: user=0.01 sys=0.00, real=0.00 secs] 
2020-10-29T14:47:50.271+0000: [GC (Allocation Failure) 2020-10-29T14:47:50.271+0000: [ParNew: 16388K->4K(18432K), 0.0024103 secs] 392254K->375870K(549304K), 0.0024676 secs] [Times: user=0.01 sys=0.00, real=0.00 secs] 
2020-10-29T14:47:50.289+0000: [CMS-concurrent-mark: 0.070/0.089 secs] [Times: user=0.16 sys=0.00, real=0.09 secs] 
2020-10-29T14:47:50.289+0000: [CMS-concurrent-preclean-start]
2020-10-29T14:47:50.292+0000: [CMS-concurrent-preclean: 0.003/0.003 secs] [Times: user=0.01 sys=0.00, real=0.00 secs] 
2020-10-29T14:47:50.292+0000: [CMS-concurrent-abortable-preclean-start]
2020-10-29T14:47:50.298+0000: [GC (Allocation Failure) 2020-10-29T14:47:50.298+0000: [ParNew: 16388K->4K(18432K), 0.0021395 secs] 392254K->375870K(549304K), 0.0021849 secs] [Times: user=0.01 sys=0.00, real=0.00 secs] 
2020-10-29T14:47:50.319+0000: [GC (Allocation Failure) 2020-10-29T14:47:50.319+0000: [ParNew: 16388K->4K(18432K), 0.0027214 secs] 392254K->375870K(549304K), 0.0027792 secs] [Times: user=0.00 sys=0.00, real=0.00 secs] 
2020-10-29T14:47:50.339+0000: [GC (Allocation Failure) 2020-10-29T14:47:50.339+0000: [ParNew: 16388K->4K(18432K), 0.0022900 secs] 392254K->375870K(549304K), 0.0023479 secs] [Times: user=0.00 sys=0.00, real=0.00 secs] 
2020-10-29T14:47:50.350+0000: [GC (Allocation Failure) 2020-10-29T14:47:50.350+0000: [ParNew: 16388K->4K(18432K), 0.0082946 secs] 392254K->384063K(549304K), 0.0083451 secs] [Times: user=0.01 sys=0.00, real=0.01 secs] 
2020-10-29T14:47:50.359+0000: [CMS-concurrent-abortable-preclean: 0.004/0.066 secs] [Times: user=0.12 sys=0.00, real=0.07 secs] 
2020-10-29T14:47:50.359+0000: [GC (CMS Final Remark) [YG occupancy: 186 K (18432 K)]2020-10-29T14:47:50.359+0000: [Rescan (parallel) , 0.0014935 secs]2020-10-29T14:47:50.360+0000: [weak refs processing, 0.0000276 secs]2020-10-29T14:47:50.360+0000: [class unloading, 0.0099681 secs]2020-10-29T14:47:50.370+0000: [scrub symbol table, 0.0105269 secs]2020-10-29T14:47:50.381+0000: [scrub string table, 0.0007211 secs][1 CMS-remark: 384059K(530872K)] 384245K(549304K), 0.0228476 secs] [Times: user=0.02 sys=0.00, real=0.02 secs] 
2020-10-29T14:47:50.388+0000: [CMS-concurrent-sweep-start]
2020-10-29T14:47:50.401+0000: [GC (Allocation Failure) 2020-10-29T14:47:50.401+0000: [ParNew: 16388K->4K(18432K), 0.0026907 secs] 400446K->384062K(549304K), 0.0027434 secs] [Times: user=0.00 sys=0.00, real=0.00 secs] 
2020-10-29T14:47:50.410+0000: [CMS-concurrent-sweep: 0.018/0.022 secs] [Times: user=0.05 sys=0.00, real=0.02 secs] 
2020-10-29T14:47:50.418+0000: [CMS-concurrent-reset-start]
2020-10-29T14:47:50.420+0000: [CMS-concurrent-reset: 0.002/0.002 secs] [Times: user=0.01 sys=0.00, real=0.00 secs] 
2020-10-29T14:47:50.423+0000: [GC (Allocation Failure) 2020-10-29T14:47:50.423+0000: [ParNew: 16388K->4K(18432K), 0.0030229 secs] 384062K->367678K(631224K), 0.0030653 secs] [Times: user=0.00 sys=0.00, real=0.00 secs] 
2020-10-29T14:47:50.445+0000: [GC (Allocation Failure) 2020-10-29T14:47:50.445+0000: [ParNew: 16388K->4K(18432K), 0.0030082 secs] 384062K->367678K(631224K), 0.0030655 secs] [Times: user=0.01 sys=0.00, real=0.01 secs] 
2020-10-29T14:47:50.462+0000: [GC (Allocation Failure) 2020-10-29T14:47:50.462+0000: [ParNew: 16388K->4K(18432K), 0.0029055 secs] 384062K->367678K(631224K), 0.0029640 secs] [Times: user=0.00 sys=0.00, real=0.00 secs] 
2020-10-29T14:47:50.479+0000: [GC (Allocation Failure) 2020-10-29T14:47:50.479+0000: [ParNew: 14213K->4K(18432K), 0.0028280 secs] 381888K->367678K(631224K), 0.0028887 secs] [Times: user=0.01 sys=0.00, real=0.00 secs] 
2020-10-29T14:47:50.490+0000: [GC (Allocation Failure) 2020-10-29T14:47:50.490+0000: [ParNew: 16388K->4K(18432K), 0.0040946 secs] 384062K->375871K(631224K), 0.0041479 secs] [Times: user=0.01 sys=0.00, real=0.00 secs] 
2020-10-29T14:47:50.509+0000: [GC (Allocation Failure) 2020-10-29T14:47:50.509+0000: [ParNew: 16388K->4K(18432K), 0.0025985 secs] 392255K->375871K(631224K), 0.0026472 secs] [Times: user=0.00 sys=0.00, real=0.00 secs] 
2020-10-29T14:47:50.526+0000: [GC (Allocation Failure) 2020-10-29T14:47:50.526+0000: [ParNew: 16388K->4K(18432K), 0.0025921 secs] 392255K->375871K(631224K), 0.0026406 secs] [Times: user=0.01 sys=0.00, real=0.01 secs] 
2020-10-29T14:47:50.543+0000: [GC (Allocation Failure) 2020-10-29T14:47:50.544+0000: [ParNew: 16388K->4K(18432K), 0.0027366 secs] 392255K->375871K(631224K), 0.0028011 secs] [Times: user=0.00 sys=0.00, real=0.00 secs] 
2020-10-29T14:47:50.561+0000: [GC (Allocation Failure) 2020-10-29T14:47:50.561+0000: [ParNew: 16388K->4K(18432K), 0.0027306 secs] 392255K->375871K(631224K), 0.0027875 secs] [Times: user=0.01 sys=0.00, real=0.00 secs] 
2020-10-29T14:47:50.579+0000: [GC (Allocation Failure) 2020-10-29T14:47:50.579+0000: [ParNew: 16388K->4K(18432K), 0.0027804 secs] 392255K->375871K(631224K), 0.0028468 secs] [Times: user=0.01 sys=0.00, real=0.00 secs] 
2020-10-29T14:47:50.599+0000: [GC (Allocation Failure) 2020-10-29T14:47:50.599+0000: [ParNew: 16388K->4K(18432K), 0.0027141 secs] 392255K->375871K(631224K), 0.0027687 secs] [Times: user=0.00 sys=0.00, real=0.00 secs] 
2020-10-29T14:47:50.617+0000: [GC (Allocation Failure) 2020-10-29T14:47:50.617+0000: [ParNew: 16388K->4K(18432K), 0.0027372 secs] 392255K->375871K(631224K), 0.0028055 secs] [Times: user=0.01 sys=0.00, real=0.00 secs] 
2020-10-29T14:47:50.634+0000: [GC (Allocation Failure) 2020-10-29T14:47:50.635+0000: [ParNew: 16388K->4K(18432K), 0.0025038 secs] 392255K->375871K(631224K), 0.0025507 secs] [Times: user=0.00 sys=0.00, real=0.01 secs] 
2020-10-29T14:47:50.652+0000: [GC (Allocation Failure) 2020-10-29T14:47:50.652+0000: [ParNew: 16388K->4K(18432K), 0.0025218 secs] 392255K->375871K(631224K), 0.0025718 secs] [Times: user=0.00 sys=0.00, real=0.00 secs] 
2020-10-29T14:47:50.671+0000: [GC (Allocation Failure) 2020-10-29T14:47:50.671+0000: [ParNew: 16388K->4K(18432K), 0.0029514 secs] 392255K->375871K(631224K), 0.0030142 secs] [Times: user=0.01 sys=0.00, real=0.00 secs] 
2020-10-29T14:47:50.691+0000: [GC (Allocation Failure) 2020-10-29T14:47:50.691+0000: [ParNew: 16388K->4K(18432K), 0.0028517 secs] 392255K->375871K(631224K), 0.0029111 secs] [Times: user=0.00 sys=0.00, real=0.00 secs] 
2020-10-29T14:47:50.708+0000: [GC (Allocation Failure) 2020-10-29T14:47:50.708+0000: [ParNew: 16388K->4K(18432K), 0.0029781 secs] 392255K->375871K(631224K), 0.0030441 secs] [Times: user=0.01 sys=0.00, real=0.00 secs] 
2020-10-29T14:47:50.726+0000: [GC (Allocation Failure) 2020-10-29T14:47:50.726+0000: [ParNew: 16388K->4K(18432K), 0.0029475 secs] 392255K->375871K(631224K), 0.0030165 secs] [Times: user=0.00 sys=0.00, real=0.01 secs] 
2020-10-29T14:47:50.747+0000: [GC (Allocation Failure) 2020-10-29T14:47:50.747+0000: [ParNew: 16388K->4K(18432K), 0.0029249 secs] 392255K->375871K(631224K), 0.0029852 secs] [Times: user=0.01 sys=0.00, real=0.00 secs] 
2020-10-29T14:47:50.764+0000: [GC (Allocation Failure) 2020-10-29T14:47:50.764+0000: [ParNew: 16388K->4K(18432K), 0.0027352 secs] 392255K->375871K(631224K), 0.0027888 secs] [Times: user=0.00 sys=0.00, real=0.01 secs] 
2020-10-29T14:47:50.782+0000: [GC (Allocation Failure) 2020-10-29T14:47:50.782+0000: [ParNew: 16388K->4K(18432K), 0.0026372 secs] 392255K->375871K(631224K), 0.0026893 secs] [Times: user=0.01 sys=0.00, real=0.00 secs] 
2020-10-29T14:47:50.803+0000: [GC (Allocation Failure) 2020-10-29T14:47:50.803+0000: [ParNew: 16388K->4K(18432K), 0.0026583 secs] 392255K->375871K(631224K), 0.0027121 secs] [Times: user=0.00 sys=0.00, real=0.00 secs] 
2020-10-29T14:47:50.820+0000: [GC (Allocation Failure) 2020-10-29T14:47:50.820+0000: [ParNew: 16388K->4K(18432K), 0.0027384 secs] 392255K->375871K(631224K), 0.0027927 secs] [Times: user=0.01 sys=0.00, real=0.00 secs] 
2020-10-29T14:47:50.843+0000: [GC (Allocation Failure) 2020-10-29T14:47:50.843+0000: [ParNew: 16388K->4K(18432K), 0.0026612 secs] 392255K->375871K(631224K), 0.0027161 secs] [Times: user=0.01 sys=0.00, real=0.00 secs] 
2020-10-29T14:47:50.862+0000: [GC (Allocation Failure) 2020-10-29T14:47:50.862+0000: [ParNew: 16388K->4K(18432K), 0.0028067 secs] 392255K->375871K(631224K), 0.0028656 secs] [Times: user=0.01 sys=0.00, real=0.00 secs] 
2020-10-29T14:47:50.879+0000: [GC (Allocation Failure) 2020-10-29T14:47:50.880+0000: [ParNew: 16388K->4K(18432K), 0.0026285 secs] 392255K->375871K(631224K), 0.0026817 secs] [Times: user=0.00 sys=0.00, real=0.00 secs] 
2020-10-29T14:47:50.899+0000: [GC (Allocation Failure) 2020-10-29T14:47:50.899+0000: [ParNew: 16388K->4K(18432K), 0.0026359 secs] 392255K->375871K(631224K), 0.0026850 secs] [Times: user=0.01 sys=0.00, real=0.00 secs] 
2020-10-29T14:47:50.916+0000: [GC (Allocation Failure) 2020-10-29T14:47:50.916+0000: [ParNew: 16388K->4K(18432K), 0.0027934 secs] 392255K->375871K(631224K), 0.0028464 secs] [Times: user=0.01 sys=0.00, real=0.00 secs] 
2020-10-29T14:47:50.933+0000: [GC (Allocation Failure) 2020-10-29T14:47:50.934+0000: [ParNew: 16388K->4K(18432K), 0.0027341 secs] 392255K->375871K(631224K), 0.0027937 secs] [Times: user=0.00 sys=0.00, real=0.01 secs] 
2020-10-29T14:47:50.955+0000: [GC (Allocation Failure) 2020-10-29T14:47:50.955+0000: [ParNew: 16388K->4K(18432K), 0.0028568 secs] 392255K->375871K(631224K), 0.0029176 secs] [Times: user=0.01 sys=0.00, real=0.00 secs] 
2020-10-29T14:47:50.972+0000: [GC (Allocation Failure) 2020-10-29T14:47:50.972+0000: [ParNew: 16388K->4K(18432K), 0.0028137 secs] 392255K->375871K(631224K), 0.0028677 secs] [Times: user=0.00 sys=0.00, real=0.01 secs] 
2020-10-29T14:47:50.990+0000: [GC (Allocation Failure) 2020-10-29T14:47:50.990+0000: [ParNew: 16388K->4K(18432K), 0.0029371 secs] 392255K->375871K(631224K), 0.0030062 secs] [Times: user=0.01 sys=0.00, real=0.00 secs] 
2020-10-29T14:47:51.008+0000: [GC (Allocation Failure) 2020-10-29T14:47:51.008+0000: [ParNew: 16388K->4K(18432K), 0.0030175 secs] 392255K->375871K(631224K), 0.0030805 secs] [Times: user=0.00 sys=0.00, real=0.00 secs] 
2020-10-29T14:47:51.025+0000: [GC (Allocation Failure) 2020-10-29T14:47:51.025+0000: [ParNew: 16388K->4K(18432K), 0.0028786 secs] 392255K->375871K(631224K), 0.0029380 secs] [Times: user=0.01 sys=0.00, real=0.01 secs] 
2020-10-29T14:47:51.043+0000: [GC (Allocation Failure) 2020-10-29T14:47:51.043+0000: [ParNew: 16388K->4K(18432K), 0.0028016 secs] 392255K->375871K(631224K), 0.0028588 secs] [Times: user=0.00 sys=0.00, real=0.00 secs] 
2020-10-29T14:47:51.063+0000: [GC (Allocation Failure) 2020-10-29T14:47:51.063+0000: [ParNew: 16388K->4K(18432K), 0.0028711 secs] 392255K->375871K(631224K), 0.0029324 secs] [Times: user=0.00 sys=0.00, real=0.00 secs] 
2020-10-29T14:47:51.080+0000: [GC (Allocation Failure) 2020-10-29T14:47:51.080+0000: [ParNew: 16388K->4K(18432K), 0.0028271 secs] 392255K->375871K(631224K), 0.0028855 secs] [Times: user=0.01 sys=0.00, real=0.00 secs] 
2020-10-29T14:47:51.098+0000: [GC (Allocation Failure) 2020-10-29T14:47:51.098+0000: [ParNew: 16388K->4K(18432K), 0.0029011 secs] 392255K->375871K(631224K), 0.0029611 secs] [Times: user=0.00 sys=0.00, real=0.00 secs] 
2020-10-29T14:47:51.119+0000: [GC (Allocation Failure) 2020-10-29T14:47:51.119+0000: [ParNew: 16388K->4K(18432K), 0.0029339 secs] 392255K->375871K(631224K), 0.0029952 secs] [Times: user=0.01 sys=0.00, real=0.00 secs] 
2020-10-29T14:47:51.136+0000: [GC (Allocation Failure) 2020-10-29T14:47:51.137+0000: [ParNew: 16388K->4K(18432K), 0.0029522 secs] 392255K->375871K(631224K), 0.0030163 secs] [Times: user=0.00 sys=0.00, real=0.00 secs] 
2020-10-29T14:47:51.154+0000: [GC (Allocation Failure) 2020-10-29T14:47:51.154+0000: [ParNew: 16388K->4K(18432K), 0.0029050 secs] 392255K->375871K(631224K), 0.0029616 secs] [Times: user=0.01 sys=0.00, real=0.01 secs] 
2020-10-29T14:47:51.171+0000: [GC (Allocation Failure) 2020-10-29T14:47:51.171+0000: [ParNew: 16388K->4K(18432K), 0.0024951 secs] 392255K->375871K(631224K), 0.0025425 secs] [Times: user=0.00 sys=0.00, real=0.00 secs] 
2020-10-29T14:47:51.189+0000: [GC (Allocation Failure) 2020-10-29T14:47:51.189+0000: [ParNew: 15824K->4K(18432K), 0.0027691 secs] 391691K->375871K(631224K), 0.0028264 secs] [Times: user=0.01 sys=0.00, real=0.00 secs] 
2020-10-29T14:47:51.203+0000: [GC (Allocation Failure) 2020-10-29T14:47:51.203+0000: [ParNew: 16388K->4K(18432K), 0.0095259 secs] 392255K->384063K(631224K), 0.0095903 secs] [Times: user=0.01 sys=0.00, real=0.01 secs] 
2020-10-29T14:47:51.231+0000: [GC (Allocation Failure) 2020-10-29T14:47:51.231+0000: [ParNew: 16388K->4K(18432K), 0.0029499 secs] 400447K->384063K(631224K), 0.0030067 secs] [Times: user=0.01 sys=0.00, real=0.00 secs] 
2020-10-29T14:47:51.251+0000: [GC (Allocation Failure) 2020-10-29T14:47:51.251+0000: [ParNew: 16388K->4K(18432K), 0.0023819 secs] 400447K->384063K(631224K), 0.0024276 secs] [Times: user=0.00 sys=0.00, real=0.00 secs] 
2020-10-29T14:47:51.268+0000: [GC (Allocation Failure) 2020-10-29T14:47:51.268+0000: [ParNew: 16388K->4K(18432K), 0.0025749 secs] 400447K->384063K(631224K), 0.0026256 secs] [Times: user=0.00 sys=0.00, real=0.00 secs] 
2020-10-29T14:47:51.285+0000: [GC (Allocation Failure) 2020-10-29T14:47:51.285+0000: [ParNew: 16388K->4K(18432K), 0.0027350 secs] 400447K->384063K(631224K), 0.0027921 secs] [Times: user=0.00 sys=0.00, real=0.01 secs] 
2020-10-29T14:47:51.302+0000: [GC (Allocation Failure) 2020-10-29T14:47:51.302+0000: [ParNew: 16388K->4K(18432K), 0.0025344 secs] 400447K->384063K(631224K), 0.0025847 secs] [Times: user=0.01 sys=0.00, real=0.00 secs] 
2020-10-29T14:47:51.323+0000: [GC (Allocation Failure) 2020-10-29T14:47:51.323+0000: [ParNew: 16388K->4K(18432K), 0.0024383 secs] 400447K->384063K(631224K), 0.0024854 secs] [Times: user=0.00 sys=0.00, real=0.00 secs] 
2020-10-29T14:47:51.343+0000: [GC (Allocation Failure) 2020-10-29T14:47:51.343+0000: [ParNew: 16388K->4K(18432K), 0.0024007 secs] 400447K->384063K(631224K), 0.0024489 secs] [Times: user=0.00 sys=0.00, real=0.00 secs] 
2020-10-29T14:47:51.360+0000: [GC (Allocation Failure) 2020-10-29T14:47:51.360+0000: [ParNew: 16388K->4K(18432K), 0.0023465 secs] 400447K->384063K(631224K), 0.0023940 secs] [Times: user=0.01 sys=0.00, real=0.00 secs] 
2020-10-29T14:47:51.379+0000: [GC (Allocation Failure) 2020-10-29T14:47:51.379+0000: [ParNew: 16388K->4K(18432K), 0.0025336 secs] 400447K->384063K(631224K), 0.0025841 secs] [Times: user=0.00 sys=0.00, real=0.00 secs] 
2020-10-29T14:47:51.396+0000: [GC (Allocation Failure) 2020-10-29T14:47:51.396+0000: [ParNew: 16388K->4K(18432K), 0.0027993 secs] 400447K->384063K(631224K), 0.0028587 secs] [Times: user=0.01 sys=0.00, real=0.00 secs] 
2020-10-29T14:47:51.413+0000: [GC (Allocation Failure) 2020-10-29T14:47:51.413+0000: [ParNew: 16388K->4K(18432K), 0.0027450 secs] 400447K->384063K(631224K), 0.0027982 secs] [Times: user=0.00 sys=0.00, real=0.01 secs] 
2020-10-29T14:47:51.435+0000: [GC (Allocation Failure) 2020-10-29T14:47:51.435+0000: [ParNew: 16388K->4K(18432K), 0.0025919 secs] 400447K->384063K(631224K), 0.0026429 secs] [Times: user=0.01 sys=0.00, real=0.01 secs] 
2020-10-29T14:47:51.452+0000: [GC (Allocation Failure) 2020-10-29T14:47:51.452+0000: [ParNew: 16388K->4K(18432K), 0.0025414 secs] 400447K->384063K(631224K), 0.0025911 secs] [Times: user=0.00 sys=0.00, real=0.00 secs] 
2020-10-29T14:47:51.469+0000: [GC (Allocation Failure) 2020-10-29T14:47:51.469+0000: [ParNew: 16388K->4K(18432K), 0.0025313 secs] 400447K->384063K(631224K), 0.0025791 secs] [Times: user=0.00 sys=0.00, real=0.00 secs] 
2020-10-29T14:47:51.487+0000: [GC (Allocation Failure) 2020-10-29T14:47:51.487+0000: [ParNew: 16388K->4K(18432K), 0.0023891 secs] 400447K->384063K(631224K), 0.0024349 secs] [Times: user=0.00 sys=0.00, real=0.00 secs] 
2020-10-29T14:47:51.507+0000: [GC (Allocation Failure) 2020-10-29T14:47:51.507+0000: [ParNew: 16388K->4K(18432K), 0.0023801 secs] 400447K->384063K(631224K), 0.0024270 secs] [Times: user=0.01 sys=0.00, real=0.00 secs] 
2020-10-29T14:47:51.526+0000: [GC (Allocation Failure) 2020-10-29T14:47:51.526+0000: [ParNew: 16388K->4K(18432K), 0.0026007 secs] 400447K->384063K(631224K), 0.0026526 secs] [Times: user=0.01 sys=0.00, real=0.01 secs] 
2020-10-29T14:47:51.543+0000: [GC (Allocation Failure) 2020-10-29T14:47:51.543+0000: [ParNew: 16388K->4K(18432K), 0.0026649 secs] 400447K->384063K(631224K), 0.0027359 secs] [Times: user=0.01 sys=0.00, real=0.00 secs] 
2020-10-29T14:47:51.560+0000: [GC (Allocation Failure) 2020-10-29T14:47:51.560+0000: [ParNew: 16388K->4K(18432K), 0.0026175 secs] 400447K->384063K(631224K), 0.0026680 secs] [Times: user=0.00 sys=0.00, real=0.00 secs] 
2020-10-29T14:47:51.581+0000: [GC (Allocation Failure) 2020-10-29T14:47:51.581+0000: [ParNew: 16388K->4K(18432K), 0.0028397 secs] 400447K->384063K(631224K), 0.0029089 secs] [Times: user=0.01 sys=0.00, real=0.00 secs] 
2020-10-29T14:47:51.599+0000: [GC (Allocation Failure) 2020-10-29T14:47:51.599+0000: [ParNew: 16388K->4K(18432K), 0.0028384 secs] 400447K->384063K(631224K), 0.0028971 secs] [Times: user=0.01 sys=0.00, real=0.00 secs] 
2020-10-29T14:47:51.616+0000: [GC (Allocation Failure) 2020-10-29T14:47:51.616+0000: [ParNew: 16388K->4K(18432K), 0.0025682 secs] 400447K->384063K(631224K), 0.0026197 secs] [Times: user=0.01 sys=0.00, real=0.00 secs] 
2020-10-29T14:47:51.635+0000: [GC (Allocation Failure) 2020-10-29T14:47:51.635+0000: [ParNew: 16388K->4K(18432K), 0.0028206 secs] 400447K->384063K(631224K), 0.0028807 secs] [Times: user=0.00 sys=0.00, real=0.00 secs] 
2020-10-29T14:47:51.655+0000: [GC (Allocation Failure) 2020-10-29T14:47:51.655+0000: [ParNew: 16388K->4K(18432K), 0.0028151 secs] 400447K->384063K(631224K), 0.0028736 secs] [Times: user=0.01 sys=0.00, real=0.00 secs] 
2020-10-29T14:47:51.672+0000: [GC (Allocation Failure) 2020-10-29T14:47:51.672+0000: [ParNew: 16388K->4K(18432K), 0.0028267 secs] 400447K->384063K(631224K), 0.0028843 secs] [Times: user=0.00 sys=0.00, real=0.01 secs] 
2020-10-29T14:47:51.690+0000: [GC (Allocation Failure) 2020-10-29T14:47:51.690+0000: [ParNew: 16388K->4K(18432K), 0.0029182 secs] 400447K->384063K(631224K), 0.0029812 secs] [Times: user=0.00 sys=0.00, real=0.00 secs] 
2020-10-29T14:47:51.711+0000: [GC (Allocation Failure) 2020-10-29T14:47:51.711+0000: [ParNew: 16388K->4K(18432K), 0.0029454 secs] 400447K->384063K(631224K), 0.0030094 secs] [Times: user=0.00 sys=0.00, real=0.00 secs] 
2020-10-29T14:47:51.731+0000: [GC (Allocation Failure) 2020-10-29T14:47:51.731+0000: [ParNew: 16388K->4K(18432K), 0.0029651 secs] 400447K->384063K(631224K), 0.0030274 secs] [Times: user=0.01 sys=0.00, real=0.00 secs] 
2020-10-29T14:47:51.748+0000: [GC (Allocation Failure) 2020-10-29T14:47:51.748+0000: [ParNew: 16388K->4K(18432K), 0.0027194 secs] 400447K->384063K(631224K), 0.0027958 secs] [Times: user=0.01 sys=0.00, real=0.00 secs] 
2020-10-29T14:47:51.767+0000: [GC (Allocation Failure) 2020-10-29T14:47:51.767+0000: [ParNew: 16388K->4K(18432K), 0.0023536 secs] 400447K->384063K(631224K), 0.0024005 secs] [Times: user=0.00 sys=0.00, real=0.00 secs] 
2020-10-29T14:47:51.784+0000: [GC (Allocation Failure) 2020-10-29T14:47:51.784+0000: [ParNew: 16388K->4K(18432K), 0.0028669 secs] 400447K->384063K(631224K), 0.0029252 secs] [Times: user=0.01 sys=0.00, real=0.01 secs] 
2020-10-29T14:47:51.802+0000: [GC (Allocation Failure) 2020-10-29T14:47:51.802+0000: [ParNew: 16388K->4K(18432K), 0.0030267 secs] 400447K->384063K(631224K), 0.0030871 secs] [Times: user=0.00 sys=0.00, real=0.00 secs] 
2020-10-29T14:47:51.823+0000: [GC (Allocation Failure) 2020-10-29T14:47:51.823+0000: [ParNew: 16388K->4K(18432K), 0.0029377 secs] 400447K->384063K(631224K), 0.0030012 secs] [Times: user=0.00 sys=0.00, real=0.00 secs] 
2020-10-29T14:47:51.840+0000: [GC (Allocation Failure) 2020-10-29T14:47:51.840+0000: [ParNew: 16388K->4K(18432K), 0.0029868 secs] 400447K->384063K(631224K), 0.0030518 secs] [Times: user=0.01 sys=0.00, real=0.00 secs] 
2020-10-29T14:47:51.858+0000: [GC (Allocation Failure) 2020-10-29T14:47:51.858+0000: [ParNew: 16388K->4K(18432K), 0.0028513 secs] 400447K->384063K(631224K), 0.0029078 secs] [Times: user=0.01 sys=0.00, real=0.00 secs] 
2020-10-29T14:47:51.875+0000: [GC (Allocation Failure) 2020-10-29T14:47:51.875+0000: [ParNew: 16388K->4K(18432K), 0.0024614 secs] 400447K->384063K(631224K), 0.0025081 secs] [Times: user=0.00 sys=0.00, real=0.00 secs] 
2020-10-29T14:47:51.892+0000: [GC (Allocation Failure) 2020-10-29T14:47:51.893+0000: [ParNew: 16388K->4K(18432K), 0.0026238 secs] 400447K->384063K(631224K), 0.0026741 secs] [Times: user=0.00 sys=0.00, real=0.01 secs] 
2020-10-29T14:47:51.910+0000: [GC (Allocation Failure) 2020-10-29T14:47:51.910+0000: [ParNew: 16388K->4K(18432K), 0.0028572 secs] 400447K->384063K(631224K), 0.0029188 secs] [Times: user=0.01 sys=0.00, real=0.00 secs] 
2020-10-29T14:47:51.921+0000: [GC (Allocation Failure) 2020-10-29T14:47:51.921+0000: [ParNew: 16388K->4K(18432K), 0.0095130 secs] 400447K->392255K(631224K), 0.0095680 secs] [Times: user=0.02 sys=0.00, real=0.01 secs] 
2020-10-29T14:47:51.945+0000: [GC (Allocation Failure) 2020-10-29T14:47:51.945+0000: [ParNew: 16388K->4K(18432K), 0.0027616 secs] 408639K->392255K(631224K), 0.0028116 secs] [Times: user=0.01 sys=0.00, real=0.01 secs] 
2020-10-29T14:47:51.963+0000: [GC (Allocation Failure) 2020-10-29T14:47:51.963+0000: [ParNew: 16388K->4K(18432K), 0.0027488 secs] 408639K->392255K(631224K), 0.0028007 secs] [Times: user=0.01 sys=0.00, real=0.00 secs] 
2020-10-29T14:47:51.980+0000: [GC (Allocation Failure) 2020-10-29T14:47:51.980+0000: [ParNew: 16388K->4K(18432K), 0.0028548 secs] 408639K->392255K(631224K), 0.0029125 secs] [Times: user=0.00 sys=0.00, real=0.00 secs] 
2020-10-29T14:47:51.998+0000: [GC (Allocation Failure) 2020-10-29T14:47:51.998+0000: [ParNew: 16388K->4K(18432K), 0.0030426 secs] 408639K->392255K(631224K), 0.0031012 secs] [Times: user=0.01 sys=0.00, real=0.00 secs] 
2020-10-29T14:47:52.019+0000: [GC (Allocation Failure) 2020-10-29T14:47:52.019+0000: [ParNew: 16388K->4K(18432K), 0.0026815 secs] 408639K->392255K(631224K), 0.0027362 secs] [Times: user=0.00 sys=0.00, real=0.00 secs] 
2020-10-29T14:47:52.031+0000: [GC (Allocation Failure) 2020-10-29T14:47:52.031+0000: [ParNew: 16388K->4K(18432K), 0.0094948 secs] 408639K->400447K(631224K), 0.0095590 secs] [Times: user=0.01 sys=0.01, real=0.01 secs] 
2020-10-29T14:47:52.079+0000: [GC (Allocation Failure) 2020-10-29T14:47:52.079+0000: [ParNew: 16388K->4K(18432K), 0.0030059 secs] 416831K->400447K(631224K), 0.0030725 secs] [Times: user=0.00 sys=0.00, real=0.00 secs] 
2020-10-29T14:47:52.109+0000: [GC (Allocation Failure) 2020-10-29T14:47:52.109+0000: [ParNew: 16388K->4K(18432K), 0.0029607 secs] 416831K->400447K(631224K), 0.0030271 secs] [Times: user=0.00 sys=0.00, real=0.00 secs] 
2020-10-29T14:47:52.166+0000: [GC (Allocation Failure) 2020-10-29T14:47:52.166+0000: [ParNew: 16388K->4K(18432K), 0.0029340 secs] 416831K->400447K(631224K), 0.0029993 secs] [Times: user=0.00 sys=0.00, real=0.01 secs] 
2020-10-29T14:47:52.198+0000: [GC (Allocation Failure) 2020-10-29T14:47:52.198+0000: [ParNew: 16388K->4K(18432K), 0.0029555 secs] 416831K->400447K(631224K), 0.0030177 secs] [Times: user=0.01 sys=0.00, real=0.00 secs] 
2020-10-29T14:47:52.229+0000: [GC (Allocation Failure) 2020-10-29T14:47:52.229+0000: [ParNew: 16388K->6K(18432K), 0.0029707 secs] 416831K->400449K(631224K), 0.0030352 secs] [Times: user=0.01 sys=0.00, real=0.00 secs] 
2020-10-29T14:47:52.262+0000: [GC (Allocation Failure) 2020-10-29T14:47:52.262+0000: [ParNew: 16390K->4K(18432K), 0.0029167 secs] 416833K->400447K(631224K), 0.0029787 secs] [Times: user=0.01 sys=0.00, real=0.00 secs] 
2020-10-29T14:47:52.795+0000: [GC (Allocation Failure) 2020-10-29T14:47:52.795+0000: [ParNew: 16388K->68K(18432K), 0.0030172 secs] 416831K->400512K(631224K), 0.0030810 secs] [Times: user=0.00 sys=0.01, real=0.00 secs] 
2020-10-29T14:47:53.006+0000: [GC (Allocation Failure) 2020-10-29T14:47:53.006+0000: [ParNew: 16452K->124K(18432K), 0.0031660 secs] 416896K->400568K(631224K), 0.0032428 secs] [Times: user=0.01 sys=0.00, real=0.01 secs] 
2020-10-29T14:47:53.075+0000: [GC (Allocation Failure) 2020-10-29T14:47:53.075+0000: [ParNew: 16508K->49K(18432K), 0.0048787 secs] 416952K->400493K(631224K), 0.0049489 secs] [Times: user=0.01 sys=0.00, real=0.00 secs] 
2020-10-29T14:47:53.161+0000: [GC (Allocation Failure) 2020-10-29T14:47:53.161+0000: [ParNew: 16433K->35K(18432K), 0.0030974 secs] 416877K->400479K(631224K), 0.0031678 secs] [Times: user=0.01 sys=0.00, real=0.00 secs] 
2020-10-29T14:47:53.212+0000: [GC (Allocation Failure) 2020-10-29T14:47:53.212+0000: [ParNew: 16419K->49K(18432K), 0.0030914 secs] 416863K->400493K(631224K), 0.0031594 secs] [Times: user=0.00 sys=0.00, real=0.01 secs] 
2020-10-29T14:47:53.251+0000: [GC (Allocation Failure) 2020-10-29T14:47:53.251+0000: [ParNew: 16433K->45K(18432K), 0.0046996 secs] 416877K->400489K(631224K), 0.0047646 secs] [Times: user=0.01 sys=0.00, real=0.01 secs] 
2020-10-29T14:47:53.295+0000: [GC (Allocation Failure) 2020-10-29T14:47:53.295+0000: [ParNew: 16429K->49K(18432K), 0.0031598 secs] 416873K->400500K(631224K), 0.0032535 secs] [Times: user=0.01 sys=0.00, real=0.00 secs] 
2020-10-29T14:47:53.329+0000: [GC (Allocation Failure) 2020-10-29T14:47:53.329+0000: [ParNew: 16433K->18K(18432K), 0.0031989 secs] 416884K->400496K(631224K), 0.0032670 secs] [Times: user=0.01 sys=0.00, real=0.00 secs] 
2020-10-29T14:47:53.367+0000: [GC (Allocation Failure) 2020-10-29T14:47:53.368+0000: [ParNew: 16402K->4K(18432K), 0.0029628 secs] 416880K->400482K(631224K), 0.0030530 secs] [Times: user=0.01 sys=0.00, real=0.00 secs] 
2020-10-29T14:47:53.409+0000: [GC (Allocation Failure) 2020-10-29T14:47:53.409+0000: [ParNew: 16388K->4K(18432K), 0.0030520 secs] 416866K->400482K(631224K), 0.0031187 secs] [Times: user=0.00 sys=0.00, real=0.00 secs] 
2020-10-29T14:47:53.442+0000: [GC (Allocation Failure) 2020-10-29T14:47:53.442+0000: [ParNew: 16388K->4K(18432K), 0.0097085 secs] 416866K->400482K(631224K), 0.0097971 secs] [Times: user=0.01 sys=0.00, real=0.01 secs] 
2020-10-29T14:47:53.479+0000: [GC (GCLocker Initiated GC) 2020-10-29T14:47:53.479+0000: [ParNew: 16388K->4K(18432K), 0.0028779 secs] 416866K->400482K(631224K), 0.0029594 secs] [Times: user=0.01 sys=0.01, real=0.00 secs] 
2020-10-29T14:47:53.516+0000: [GC (Allocation Failure) 2020-10-29T14:47:53.516+0000: [ParNew: 16388K->4K(18432K), 0.0029060 secs] 416866K->400482K(631224K), 0.0029659 secs] [Times: user=0.01 sys=0.00, real=0.00 secs] 
2020-10-29T14:47:53.539+0000: [GC (Allocation Failure) 2020-10-29T14:47:53.539+0000: [ParNew: 16388K->4K(18432K), 0.0028012 secs] 416866K->400482K(631224K), 0.0028642 secs] [Times: user=0.01 sys=0.00, real=0.00 secs] 
2020-10-29T14:47:53.560+0000: [GC (GCLocker Initiated GC) 2020-10-29T14:47:53.560+0000: [ParNew: 16388K->4K(18432K), 0.0026817 secs] 416866K->400482K(631224K), 0.0027373 secs] [Times: user=0.00 sys=0.00, real=0.00 secs] 
2020-10-29T14:47:53.580+0000: [GC (Allocation Failure) 2020-10-29T14:47:53.580+0000: [ParNew: 16388K->4K(18432K), 0.0027622 secs] 416866K->400482K(631224K), 0.0028182 secs] [Times: user=0.00 sys=0.00, real=0.00 secs] 
2020-10-29T14:47:53.613+0000: [GC (Allocation Failure) 2020-10-29T14:47:53.613+0000: [ParNew: 16388K->4K(18432K), 0.0029362 secs] 416866K->400482K(631224K), 0.0030050 secs] [Times: user=0.01 sys=0.00, real=0.01 secs] 
2020-10-29T14:47:53.634+0000: [GC (Allocation Failure) 2020-10-29T14:47:53.634+0000: [ParNew: 16388K->4K(18432K), 0.0029815 secs] 416866K->400482K(631224K), 0.0030514 secs] [Times: user=0.01 sys=0.00, real=0.01 secs] 
2020-10-29T14:47:53.655+0000: [GC (Allocation Failure) 2020-10-29T14:47:53.655+0000: [ParNew: 16388K->4K(18432K), 0.0029750 secs] 416866K->400482K(631224K), 0.0030411 secs] [Times: user=0.01 sys=0.00, real=0.00 secs] 
2020-10-29T14:47:53.676+0000: [GC (Allocation Failure) 2020-10-29T14:47:53.676+0000: [ParNew: 16388K->4K(18432K), 0.0028919 secs] 416866K->400482K(631224K), 0.0029568 secs] [Times: user=0.00 sys=0.00, real=0.00 secs] 
2020-10-29T14:47:53.697+0000: [GC (Allocation Failure) 2020-10-29T14:47:53.697+0000: [ParNew: 16388K->4K(18432K), 0.0028698 secs] 416866K->400482K(631224K), 0.0029311 secs] [Times: user=0.00 sys=0.00, real=0.00 secs] 
2020-10-29T14:47:53.718+0000: [GC (Allocation Failure) 2020-10-29T14:47:53.718+0000: [ParNew: 16388K->4K(18432K), 0.0029503 secs] 416866K->400482K(631224K), 0.0030163 secs] [Times: user=0.01 sys=0.00, real=0.00 secs] 
2020-10-29T14:47:53.739+0000: [GC (Allocation Failure) 2020-10-29T14:47:53.739+0000: [ParNew: 16388K->4K(18432K), 0.0029419 secs] 416866K->400482K(631224K), 0.0030070 secs] [Times: user=0.01 sys=0.00, real=0.00 secs] 
2020-10-29T14:47:53.763+0000: [GC (Allocation Failure) 2020-10-29T14:47:53.763+0000: [ParNew: 16388K->4K(18432K), 0.0027840 secs] 416866K->400482K(631224K), 0.0028420 secs] [Times: user=0.00 sys=0.00, real=0.00 secs] 
2020-10-29T14:47:53.784+0000: [GC (Allocation Failure) 2020-10-29T14:47:53.784+0000: [ParNew: 16388K->4K(18432K), 0.0027926 secs] 416866K->400482K(631224K), 0.0028519 secs] [Times: user=0.00 sys=0.00, real=0.00 secs] 
2020-10-29T14:47:53.804+0000: [GC (Allocation Failure) 2020-10-29T14:47:53.805+0000: [ParNew: 16388K->4K(18432K), 0.0027771 secs] 416866K->400482K(631224K), 0.0028350 secs] [Times: user=0.00 sys=0.00, real=0.01 secs] 
2020-10-29T14:47:53.825+0000: [GC (Allocation Failure) 2020-10-29T14:47:53.825+0000: [ParNew: 16388K->4K(18432K), 0.0027079 secs] 416866K->400482K(631224K), 0.0027636 secs] [Times: user=0.00 sys=0.00, real=0.01 secs] 
2020-10-29T14:47:53.846+0000: [GC (Allocation Failure) 2020-10-29T14:47:53.846+0000: [ParNew: 16388K->4K(18432K), 0.0028329 secs] 416866K->400482K(631224K), 0.0028950 secs] [Times: user=0.00 sys=0.00, real=0.01 secs] 
2020-10-29T14:47:53.871+0000: [GC (Allocation Failure) 2020-10-29T14:47:53.871+0000: [ParNew: 16388K->4K(18432K), 0.0028397 secs] 416866K->400482K(631224K), 0.0029014 secs] [Times: user=0.00 sys=0.00, real=0.00 secs] 
2020-10-29T14:47:53.892+0000: [GC (Allocation Failure) 2020-10-29T14:47:53.892+0000: [ParNew: 16388K->4K(18432K), 0.0033054 secs] 416866K->400482K(631224K), 0.0033666 secs] [Times: user=0.00 sys=0.00, real=0.01 secs] 
2020-10-29T14:47:53.915+0000: [GC (Allocation Failure) 2020-10-29T14:47:53.915+0000: [ParNew: 16388K->4K(18432K), 0.0029338 secs] 416866K->400482K(631224K), 0.0029998 secs] [Times: user=0.01 sys=0.00, real=0.00 secs] 
2020-10-29T14:47:53.939+0000: [GC (Allocation Failure) 2020-10-29T14:47:53.939+0000: [ParNew: 16388K->4K(18432K), 0.0028935 secs] 416866K->400482K(631224K), 0.0029575 secs] [Times: user=0.01 sys=0.00, real=0.00 secs] 
2020-10-29T14:47:53.960+0000: [GC (Allocation Failure) 2020-10-29T14:47:53.960+0000: [ParNew: 16388K->4K(18432K), 0.0028175 secs] 416866K->400482K(631224K), 0.0028764 secs] [Times: user=0.01 sys=0.00, real=0.00 secs] 
2020-10-29T14:47:53.980+0000: [GC (Allocation Failure) 2020-10-29T14:47:53.980+0000: [ParNew: 16388K->4K(18432K), 0.0027210 secs] 416866K->400482K(631224K), 0.0027764 secs] [Times: user=0.01 sys=0.00, real=0.00 secs] 
2020-10-29T14:47:54.001+0000: [GC (Allocation Failure) 2020-10-29T14:47:54.001+0000: [ParNew: 16388K->4K(18432K), 0.0027786 secs] 416866K->400482K(631224K), 0.0028349 secs] [Times: user=0.01 sys=0.00, real=0.00 secs] 
2020-10-29T14:47:54.022+0000: [GC (Allocation Failure) 2020-10-29T14:47:54.022+0000: [ParNew: 16388K->4K(18432K), 0.0026908 secs] 416866K->400482K(631224K), 0.0027474 secs] [Times: user=0.00 sys=0.00, real=0.00 secs] 
2020-10-29T14:47:54.043+0000: [GC (Allocation Failure) 2020-10-29T14:47:54.043+0000: [ParNew: 16388K->4K(18432K), 0.0028508 secs] 416866K->400482K(631224K), 0.0029118 secs] [Times: user=0.00 sys=0.00, real=0.00 secs] 
2020-10-29T14:47:54.064+0000: [GC (Allocation Failure) 2020-10-29T14:47:54.064+0000: [ParNew: 16388K->4K(18432K), 0.0029924 secs] 416866K->400482K(631224K), 0.0030588 secs] [Times: user=0.00 sys=0.00, real=0.01 secs] 
2020-10-29T14:47:54.085+0000: [GC (Allocation Failure) 2020-10-29T14:47:54.085+0000: [ParNew: 16388K->4K(18432K), 0.0030014 secs] 416866K->400482K(631224K), 0.0030698 secs] [Times: user=0.01 sys=0.00, real=0.01 secs] 
2020-10-29T14:47:54.107+0000: [GC (Allocation Failure) 2020-10-29T14:47:54.107+0000: [ParNew: 16388K->4K(18432K), 0.0029534 secs] 416866K->400482K(631224K), 0.0030193 secs] [Times: user=0.00 sys=0.00, real=0.00 secs] 
2020-10-29T14:47:54.128+0000: [GC (Allocation Failure) 2020-10-29T14:47:54.128+0000: [ParNew: 16388K->4K(18432K), 0.0029883 secs] 416866K->400482K(631224K), 0.0030519 secs] [Times: user=0.01 sys=0.00, real=0.00 secs] 
2020-10-29T14:47:54.149+0000: [GC (Allocation Failure) 2020-10-29T14:47:54.149+0000: [ParNew: 16388K->4K(18432K), 0.0029410 secs] 416866K->400482K(631224K), 0.0030069 secs] [Times: user=0.01 sys=0.00, real=0.00 secs] 
2020-10-29T14:47:54.170+0000: [GC (Allocation Failure) 2020-10-29T14:47:54.170+0000: [ParNew: 16388K->4K(18432K), 0.0028667 secs] 416866K->400482K(631224K), 0.0029270 secs] [Times: user=0.01 sys=0.00, real=0.00 secs] 
2020-10-29T14:47:54.191+0000: [GC (Allocation Failure) 2020-10-29T14:47:54.191+0000: [ParNew: 16388K->4K(18432K), 0.0027810 secs] 416866K->400482K(631224K), 0.0028502 secs] [Times: user=0.01 sys=0.00, real=0.00 secs] 
2020-10-29T14:47:54.212+0000: [GC (Allocation Failure) 2020-10-29T14:47:54.212+0000: [ParNew: 16388K->4K(18432K), 0.0027586 secs] 416866K->400482K(631224K), 0.0028145 secs] [Times: user=0.00 sys=0.00, real=0.01 secs] 
2020-10-29T14:47:54.233+0000: [GC (Allocation Failure) 2020-10-29T14:47:54.233+0000: [ParNew: 16388K->4K(18432K), 0.0029300 secs] 416866K->400482K(631224K), 0.0029937 secs] [Times: user=0.01 sys=0.00, real=0.01 secs] 
2020-10-29T14:47:54.254+0000: [GC (Allocation Failure) 2020-10-29T14:47:54.254+0000: [ParNew: 16388K->4K(18432K), 0.0029350 secs] 416866K->400482K(631224K), 0.0029983 secs] [Times: user=0.01 sys=0.00, real=0.01 secs] 
2020-10-29T14:47:54.275+0000: [GC (Allocation Failure) 2020-10-29T14:47:54.275+0000: [ParNew: 16388K->4K(18432K), 0.0028712 secs] 416866K->400482K(631224K), 0.0029325 secs] [Times: user=0.00 sys=0.00, real=0.01 secs] 
2020-10-29T14:47:54.299+0000: [GC (Allocation Failure) 2020-10-29T14:47:54.299+0000: [ParNew: 16388K->4K(18432K), 0.0028095 secs] 416866K->400482K(631224K), 0.0028688 secs] [Times: user=0.00 sys=0.00, real=0.00 secs] 
2020-10-29T14:47:54.320+0000: [GC (GCLocker Initiated GC) 2020-10-29T14:47:54.320+0000: [ParNew: 16388K->4K(18432K), 0.0028452 secs] 416866K->400482K(631224K), 0.0029026 secs] [Times: user=0.00 sys=0.00, real=0.00 secs] 
2020-10-29T14:47:54.341+0000: [GC (Allocation Failure) 2020-10-29T14:47:54.341+0000: [ParNew: 16388K->4K(18432K), 0.0027875 secs] 416866K->400482K(631224K), 0.0028466 secs] [Times: user=0.00 sys=0.00, real=0.00 secs] 
2020-10-29T14:47:54.363+0000: [GC (Allocation Failure) 2020-10-29T14:47:54.363+0000: [ParNew: 16388K->4K(18432K), 0.0029234 secs] 416866K->400482K(631224K), 0.0029867 secs] [Times: user=0.01 sys=0.00, real=0.00 secs] 
2020-10-29T14:47:54.387+0000: [GC (Allocation Failure) 2020-10-29T14:47:54.387+0000: [ParNew: 16388K->4K(18432K), 0.0029934 secs] 416866K->400482K(631224K), 0.0030572 secs] [Times: user=0.01 sys=0.00, real=0.00 secs] 
2020-10-29T14:47:54.408+0000: [GC (GCLocker Initiated GC) 2020-10-29T14:47:54.408+0000: [ParNew: 16388K->4K(18432K), 0.0029370 secs] 416866K->400482K(631224K), 0.0030032 secs] [Times: user=0.00 sys=0.00, real=0.00 secs] 
2020-10-29T14:47:54.429+0000: [GC (Allocation Failure) 2020-10-29T14:47:54.429+0000: [ParNew: 16388K->4K(18432K), 0.0028703 secs] 416866K->400482K(631224K), 0.0029328 secs] [Times: user=0.00 sys=0.00, real=0.00 secs] 
2020-10-29T14:47:54.450+0000: [GC (Allocation Failure) 2020-10-29T14:47:54.450+0000: [ParNew: 16388K->4K(18432K), 0.0028707 secs] 416866K->400482K(631224K), 0.0029321 secs] [Times: user=0.00 sys=0.00, real=0.00 secs] 
2020-10-29T14:47:54.475+0000: [GC (Allocation Failure) 2020-10-29T14:47:54.475+0000: [ParNew: 16388K->4K(18432K), 0.0025949 secs] 416866K->400482K(631224K), 0.0026474 secs] [Times: user=0.00 sys=0.00, real=0.00 secs] 
2020-10-29T14:47:54.496+0000: [GC (Allocation Failure) 2020-10-29T14:47:54.496+0000: [ParNew: 16388K->4K(18432K), 0.0059333 secs] 416866K->400482K(631224K), 0.0059981 secs] [Times: user=0.00 sys=0.00, real=0.00 secs] 
2020-10-29T14:47:54.520+0000: [GC (Allocation Failure) 2020-10-29T14:47:54.520+0000: [ParNew: 16388K->4K(18432K), 0.0028511 secs] 416866K->400482K(631224K), 0.0029139 secs] [Times: user=0.01 sys=0.00, real=0.00 secs] 
2020-10-29T14:47:54.543+0000: [GC (Allocation Failure) 2020-10-29T14:47:54.543+0000: [ParNew: 16388K->4K(18432K), 0.0026144 secs] 416866K->400482K(631224K), 0.0026670 secs] [Times: user=0.01 sys=0.00, real=0.00 secs] 
2020-10-29T14:47:54.563+0000: [GC (Allocation Failure) 2020-10-29T14:47:54.563+0000: [ParNew: 16388K->4K(18432K), 0.0026360 secs] 416866K->400482K(631224K), 0.0026888 secs] [Times: user=0.01 sys=0.00, real=0.00 secs] 
2020-10-29T14:47:54.584+0000: [GC (Allocation Failure) 2020-10-29T14:47:54.584+0000: [ParNew: 16388K->4K(18432K), 0.0028875 secs] 416866K->400482K(631224K), 0.0029478 secs] [Times: user=0.01 sys=0.00, real=0.01 secs] 
2020-10-29T14:47:54.607+0000: [GC (Allocation Failure) 2020-10-29T14:47:54.607+0000: [ParNew: 16388K->4K(18432K), 0.0028536 secs] 416866K->400482K(631224K), 0.0029157 secs] [Times: user=0.00 sys=0.00, real=0.00 secs] 
2020-10-29T14:47:54.628+0000: [GC (Allocation Failure) 2020-10-29T14:47:54.628+0000: [ParNew: 16388K->4K(18432K), 0.0026698 secs] 416866K->400482K(631224K), 0.0027260 secs] [Times: user=0.00 sys=0.00, real=0.00 secs] 
2020-10-29T14:47:54.649+0000: [GC (Allocation Failure) 2020-10-29T14:47:54.649+0000: [ParNew: 16388K->4K(18432K), 0.0028262 secs] 416866K->400482K(631224K), 0.0028869 secs] [Times: user=0.01 sys=0.00, real=0.00 secs] 
2020-10-29T14:47:54.670+0000: [GC (Allocation Failure) 2020-10-29T14:47:54.670+0000: [ParNew: 16388K->4K(18432K), 0.0029109 secs] 416866K->400482K(631224K), 0.0029743 secs] [Times: user=0.00 sys=0.00, real=0.00 secs] 
2020-10-29T14:47:54.695+0000: [GC (Allocation Failure) 2020-10-29T14:47:54.695+0000: [ParNew: 16388K->4K(18432K), 0.0029242 secs] 416866K->400482K(631224K), 0.0029888 secs] [Times: user=0.01 sys=0.00, real=0.00 secs] 
2020-10-29T14:47:54.716+0000: [GC (Allocation Failure) 2020-10-29T14:47:54.716+0000: [ParNew: 16388K->4K(18432K), 0.0029345 secs] 416866K->400482K(631224K), 0.0029984 secs] [Times: user=0.01 sys=0.00, real=0.00 secs] 
2020-10-29T14:47:54.739+0000: [GC (Allocation Failure) 2020-10-29T14:47:54.739+0000: [ParNew: 16388K->4K(18432K), 0.0029148 secs] 416866K->400482K(631224K), 0.0029791 secs] [Times: user=0.00 sys=0.00, real=0.00 secs] 
2020-10-29T14:47:54.763+0000: [GC (Allocation Failure) 2020-10-29T14:47:54.763+0000: [ParNew: 16388K->4K(18432K), 0.0029338 secs] 416866K->400482K(631224K), 0.0030004 secs] [Times: user=0.00 sys=0.00, real=0.00 secs] 
2020-10-29T14:47:54.787+0000: [GC (Allocation Failure) 2020-10-29T14:47:54.787+0000: [ParNew: 16388K->4K(18432K), 0.0029409 secs] 416866K->400482K(631224K), 0.0030079 secs] [Times: user=0.01 sys=0.00, real=0.00 secs] 
2020-10-29T14:47:54.808+0000: [GC (Allocation Failure) 2020-10-29T14:47:54.808+0000: [ParNew: 16388K->4K(18432K), 0.0029626 secs] 416866K->400482K(631224K), 0.0030268 secs] [Times: user=0.01 sys=0.00, real=0.00 secs] 
2020-10-29T14:47:54.829+0000: [GC (Allocation Failure) 2020-10-29T14:47:54.829+0000: [ParNew: 16388K->4K(18432K), 0.0028723 secs] 416866K->400482K(631224K), 0.0029334 secs] [Times: user=0.01 sys=0.00, real=0.00 secs] 
2020-10-29T14:47:54.855+0000: [GC (Allocation Failure) 2020-10-29T14:47:54.855+0000: [ParNew: 16388K->4K(18432K), 0.0029628 secs] 416866K->400482K(631224K), 0.0030261 secs] [Times: user=0.01 sys=0.00, real=0.00 secs] 
2020-10-29T14:47:54.879+0000: [GC (Allocation Failure) 2020-10-29T14:47:54.879+0000: [ParNew: 16388K->4K(18432K), 0.0036716 secs] 416866K->400482K(631224K), 0.0037348 secs] [Times: user=0.01 sys=0.00, real=0.00 secs] 
2020-10-29T14:47:54.903+0000: [GC (Allocation Failure) 2020-10-29T14:47:54.903+0000: [ParNew: 16388K->4K(18432K), 0.0029465 secs] 416866K->400482K(631224K), 0.0030144 secs] [Times: user=0.01 sys=0.00, real=0.00 secs] 
2020-10-29T14:47:54.939+0000: [GC (Allocation Failure) 2020-10-29T14:47:54.939+0000: [ParNew: 16388K->4K(18432K), 0.0030829 secs] 416866K->400482K(631224K), 0.0031705 secs] [Times: user=0.00 sys=0.00, real=0.00 secs] 
2020-10-29T14:47:56.095+0000: [GC (Allocation Failure) 2020-10-29T14:47:56.095+0000: [ParNew: 16388K->254K(18432K), 0.0035094 secs] 416866K->400732K(631224K), 0.0035644 secs] [Times: user=0.01 sys=0.00, real=0.00 secs] 
2020-10-29T14:47:56.225+0000: [GC (Allocation Failure) 2020-10-29T14:47:56.225+0000: [ParNew: 16638K->1316K(18432K), 0.0101906 secs] 417116K->401794K(631224K), 0.0102852 secs] [Times: user=0.01 sys=0.00, real=0.02 secs] 
2020-10-29T14:47:56.476+0000: [GC (Allocation Failure) 2020-10-29T14:47:56.476+0000: [ParNew: 17700K->2048K(18432K), 0.0084128 secs] 418178K->403220K(631224K), 0.0084919 secs] [Times: user=0.01 sys=0.00, real=0.00 secs] 
2020-10-29T14:47:56.547+0000: [GC (Allocation Failure) 2020-10-29T14:47:56.547+0000: [ParNew: 18432K->1436K(18432K), 0.0067755 secs] 419604K->404317K(631224K), 0.0068352 secs] [Times: user=0.02 sys=0.00, real=0.00 secs] 
2020-10-29T14:47:56.588+0000: [GC (Allocation Failure) 2020-10-29T14:47:56.588+0000: [ParNew: 17820K->642K(18432K), 0.0031499 secs] 420701K->403524K(631224K), 0.0032259 secs] [Times: user=0.01 sys=0.00, real=0.00 secs] 
2020-10-29T14:47:56.617+0000: [GC (Allocation Failure) 2020-10-29T14:47:56.617+0000: [ParNew: 17026K->359K(18432K), 0.0030571 secs] 419908K->403240K(631224K), 0.0031483 secs] [Times: user=0.00 sys=0.00, real=0.00 secs] 
2020-10-29T14:47:56.641+0000: [GC (Allocation Failure) 2020-10-29T14:47:56.641+0000: [ParNew: 16743K->300K(18432K), 0.0030254 secs] 419624K->403182K(631224K), 0.0030870 secs] [Times: user=0.01 sys=0.00, real=0.00 secs] 
2020-10-29T14:47:56.675+0000: [GC (Allocation Failure) 2020-10-29T14:47:56.675+0000: [ParNew: 16684K->689K(18432K), 0.0046740 secs] 419566K->403570K(631224K), 0.0047506 secs] [Times: user=0.00 sys=0.00, real=0.00 secs] 
2020-10-29T14:47:56.703+0000: [GC (Allocation Failure) 2020-10-29T14:47:56.703+0000: [ParNew: 17073K->1078K(18432K), 0.0032325 secs] 419954K->403960K(631224K), 0.0033008 secs] [Times: user=0.00 sys=0.00, real=0.00 secs] 
2020-10-29T14:47:56.727+0000: [GC (Allocation Failure) 2020-10-29T14:47:56.727+0000: [ParNew: 17462K->545K(18432K), 0.0031531 secs] 420344K->403973K(631224K), 0.0032119 secs] [Times: user=0.01 sys=0.00, real=0.00 secs] 
2020-10-29T14:47:56.751+0000: [GC (Allocation Failure) 2020-10-29T14:47:56.751+0000: [ParNew: 16929K->264K(18432K), 0.0028427 secs] 420357K->403691K(631224K), 0.0028979 secs] [Times: user=0.00 sys=0.00, real=0.00 secs] 
2020-10-29T14:47:56.775+0000: [GC (Allocation Failure) 2020-10-29T14:47:56.775+0000: [ParNew: 16648K->260K(18432K), 0.0028010 secs] 420075K->403687K(631224K), 0.0028561 secs] [Times: user=0.00 sys=0.00, real=0.00 secs] 
2020-10-29T14:47:56.807+0000: [GC (Allocation Failure) 2020-10-29T14:47:56.807+0000: [ParNew: 16644K->1028K(18432K), 0.0031980 secs] 420071K->404455K(631224K), 0.0032718 secs] [Times: user=0.01 sys=0.01, real=0.00 secs] 
2020-10-29T14:47:56.833+0000: [GC (Allocation Failure) 2020-10-29T14:47:56.833+0000: [ParNew: 17412K->1028K(18432K), 0.0034820 secs] 420839K->405991K(631224K), 0.0035480 secs] [Times: user=0.01 sys=0.00, real=0.01 secs] 
2020-10-29T14:47:56.863+0000: [GC (Allocation Failure) 2020-10-29T14:47:56.863+0000: [ParNew: 17412K->4K(18432K), 0.0029919 secs] 422375K->404967K(631224K), 0.0030581 secs] [Times: user=0.01 sys=0.00, real=0.00 secs] 
2020-10-29T14:47:56.885+0000: [GC (Allocation Failure) 2020-10-29T14:47:56.885+0000: [ParNew: 16388K->4K(18432K), 0.0028344 secs] 421351K->404967K(631224K), 0.0029034 secs] [Times: user=0.01 sys=0.00, real=0.01 secs] 
2020-10-29T14:47:56.907+0000: [GC (Allocation Failure) 2020-10-29T14:47:56.907+0000: [ParNew: 16388K->4K(18432K), 0.0031567 secs] 421351K->404967K(631224K), 0.0032264 secs] [Times: user=0.01 sys=0.00, real=0.00 secs] 
2020-10-29T14:47:56.927+0000: [GC (Allocation Failure) 2020-10-29T14:47:56.927+0000: [ParNew: 16217K->4K(18432K), 0.0030274 secs] 421180K->404967K(631224K), 0.0030948 secs] [Times: user=0.00 sys=0.00, real=0.00 secs] 
2020-10-29T14:47:56.947+0000: [GC (Allocation Failure) 2020-10-29T14:47:56.947+0000: [ParNew: 16388K->4K(18432K), 0.0030541 secs] 421351K->404967K(631224K), 0.0031229 secs] [Times: user=0.00 sys=0.00, real=0.01 secs] 
2020-10-29T14:47:56.970+0000: [GC (Allocation Failure) 2020-10-29T14:47:56.970+0000: [ParNew: 16388K->4K(18432K), 0.0029905 secs] 421351K->404967K(631224K), 0.0030545 secs] [Times: user=0.00 sys=0.00, real=0.00 secs] 
2020-10-29T14:47:56.990+0000: [GC (Allocation Failure) 2020-10-29T14:47:56.990+0000: [ParNew: 16388K->4K(18432K), 0.0028990 secs] 421351K->404967K(631224K), 0.0029651 secs] [Times: user=0.01 sys=0.00, real=0.00 secs] 
2020-10-29T14:47:57.016+0000: [GC (Allocation Failure) 2020-10-29T14:47:57.016+0000: [ParNew: 16388K->1028K(18432K), 0.0033253 secs] 421351K->407015K(631224K), 0.0033917 secs] [Times: user=0.01 sys=0.00, real=0.00 secs] 
2020-10-29T14:47:57.040+0000: [GC (Allocation Failure) 2020-10-29T14:47:57.040+0000: [ParNew: 17412K->4K(18432K), 0.0030026 secs] 423399K->405991K(631224K), 0.0030711 secs] [Times: user=0.01 sys=0.00, real=0.00 secs] 
2020-10-29T14:47:57.066+0000: [GC (Allocation Failure) 2020-10-29T14:47:57.066+0000: [ParNew: 16323K->4K(18432K), 0.0030742 secs] 422311K->405991K(631224K), 0.0031446 secs] [Times: user=0.01 sys=0.00, real=0.01 secs] 
2020-10-29T14:47:57.098+0000: [GC (Allocation Failure) 2020-10-29T14:47:57.098+0000: [ParNew: 16388K->4K(18432K), 0.0036748 secs] 422375K->408039K(631224K), 0.0037720 secs] [Times: user=0.01 sys=0.00, real=0.00 secs] 
2020-10-29T14:47:57.123+0000: [GC (Allocation Failure) 2020-10-29T14:47:57.123+0000: [ParNew: 16388K->4K(18432K), 0.0030311 secs] 424423K->408039K(631224K), 0.0031144 secs] [Times: user=0.00 sys=0.00, real=0.00 secs] 
2020-10-29T14:47:57.149+0000: [GC (Allocation Failure) 2020-10-29T14:47:57.149+0000: [ParNew: 16388K->4K(18432K), 0.0030141 secs] 424423K->408039K(631224K), 0.0030813 secs] [Times: user=0.00 sys=0.00, real=0.00 secs] 
2020-10-29T14:47:57.185+0000: [GC (Allocation Failure) 2020-10-29T14:47:57.185+0000: [ParNew: 16388K->4K(18432K), 0.0067449 secs] 424423K->408039K(631224K), 0.0068181 secs] [Times: user=0.01 sys=0.00, real=0.01 secs] 
2020-10-29T14:47:57.224+0000: [GC (Allocation Failure) 2020-10-29T14:47:57.224+0000: [ParNew: 16388K->4K(18432K), 0.0103965 secs] 424423K->408039K(631224K), 0.0104831 secs] [Times: user=0.02 sys=0.00, real=0.02 secs] 
2020-10-29T14:47:57.268+0000: [GC (Allocation Failure) 2020-10-29T14:47:57.268+0000: [ParNew: 16388K->4K(18432K), 0.0064432 secs] 424423K->408039K(631224K), 0.0065142 secs] [Times: user=0.01 sys=0.00, real=0.00 secs] 
2020-10-29T14:47:57.314+0000: [GC (Allocation Failure) 2020-10-29T14:47:57.314+0000: [ParNew: 16388K->4K(18432K), 0.0030476 secs] 424423K->408040K(631224K), 0.0031279 secs] [Times: user=0.01 sys=0.00, real=0.01 secs] 
2020-10-29T14:47:57.339+0000: [GC (Allocation Failure) 2020-10-29T14:47:57.339+0000: [ParNew: 16388K->2K(18432K), 0.0060350 secs] 424424K->408038K(631224K), 0.0061292 secs] [Times: user=0.01 sys=0.00, real=0.00 secs] 
2020-10-29T14:47:57.383+0000: [GC (Allocation Failure) 2020-10-29T14:47:57.383+0000: [ParNew: 16386K->2K(18432K), 0.0061533 secs] 424422K->408038K(631224K), 0.0062410 secs] [Times: user=0.01 sys=0.00, real=0.01 secs] 
2020-10-29T14:47:57.426+0000: [GC (Allocation Failure) 2020-10-29T14:47:57.426+0000: [ParNew: 16386K->4K(18432K), 0.0081380 secs] 424422K->408040K(631224K), 0.0082311 secs] [Times: user=0.01 sys=0.00, real=0.01 secs] 
2020-10-29T14:47:57.471+0000: [GC (Allocation Failure) 2020-10-29T14:47:57.471+0000: [ParNew: 16388K->2K(18432K), 0.0060799 secs] 424424K->408038K(631224K), 0.0061693 secs] [Times: user=0.01 sys=0.00, real=0.01 secs] 
2020-10-29T14:47:57.511+0000: [GC (Allocation Failure) 2020-10-29T14:47:57.511+0000: [ParNew: 15171K->4K(18432K), 0.0061419 secs] 423207K->408040K(631224K), 0.0062258 secs] [Times: user=0.02 sys=0.00, real=0.01 secs] 
2020-10-29T14:47:57.545+0000: [GC (Allocation Failure) 2020-10-29T14:47:57.545+0000: [ParNew: 16388K->4K(18432K), 0.0040080 secs] 424424K->410088K(631224K), 0.0040913 secs] [Times: user=0.01 sys=0.00, real=0.01 secs] 
2020-10-29T14:47:57.570+0000: [GC (Allocation Failure) 2020-10-29T14:47:57.570+0000: [ParNew: 16388K->4K(18432K), 0.0030345 secs] 426472K->410088K(631224K), 0.0031418 secs] [Times: user=0.01 sys=0.00, real=0.00 secs] 
2020-10-29T14:47:57.594+0000: [GC (Allocation Failure) 2020-10-29T14:47:57.594+0000: [ParNew: 16388K->4K(18432K), 0.0029748 secs] 426472K->410088K(631224K), 0.0030450 secs] [Times: user=0.01 sys=0.00, real=0.01 secs] 
2020-10-29T14:47:57.616+0000: [GC (Allocation Failure) 2020-10-29T14:47:57.616+0000: [ParNew: 16388K->4K(18432K), 0.0030126 secs] 426472K->410088K(631224K), 0.0030828 secs] [Times: user=0.00 sys=0.00, real=0.00 secs] 
2020-10-29T14:47:57.639+0000: [GC (Allocation Failure) 2020-10-29T14:47:57.639+0000: [ParNew: 16388K->4K(18432K), 0.0029712 secs] 426472K->410088K(631224K), 0.0030390 secs] [Times: user=0.01 sys=0.00, real=0.00 secs] 
2020-10-29T14:47:57.659+0000: [GC (Allocation Failure) 2020-10-29T14:47:57.659+0000: [ParNew: 16388K->4K(18432K), 0.0028796 secs] 426472K->410088K(631224K), 0.0029554 secs] [Times: user=0.00 sys=0.00, real=0.00 secs] 
2020-10-29T14:47:57.676+0000: [GC (Allocation Failure) 2020-10-29T14:47:57.676+0000: [ParNew: 16388K->4K(18432K), 0.0029462 secs] 426472K->410088K(631224K), 0.0030055 secs] [Times: user=0.01 sys=0.00, real=0.00 secs] 
2020-10-29T14:47:57.695+0000: [GC (Allocation Failure) 2020-10-29T14:47:57.695+0000: [ParNew: 16388K->4K(18432K), 0.0029702 secs] 426472K->410088K(631224K), 0.0030354 secs] [Times: user=0.01 sys=0.00, real=0.00 secs] 
2020-10-29T14:47:57.712+0000: [GC (Allocation Failure) 2020-10-29T14:47:57.712+0000: [ParNew: 16388K->4K(18432K), 0.0028586 secs] 426472K->410088K(631224K), 0.0029161 secs] [Times: user=0.00 sys=0.00, real=0.01 secs] 
2020-10-29T14:47:57.730+0000: [GC (Allocation Failure) 2020-10-29T14:47:57.730+0000: [ParNew: 16388K->4K(18432K), 0.0027590 secs] 426472K->410088K(631224K), 0.0028169 secs] [Times: user=0.00 sys=0.00, real=0.00 secs] 
2020-10-29T14:47:57.751+0000: [GC (Allocation Failure) 2020-10-29T14:47:57.751+0000: [ParNew: 16388K->4K(18432K), 0.0028784 secs] 426472K->410088K(631224K), 0.0029410 secs] [Times: user=0.01 sys=0.01, real=0.00 secs] 
2020-10-29T14:47:57.771+0000: [GC (Allocation Failure) 2020-10-29T14:47:57.771+0000: [ParNew: 16388K->4K(18432K), 0.0030246 secs] 426472K->410088K(631224K), 0.0030910 secs] [Times: user=0.01 sys=0.00, real=0.00 secs] 
2020-10-29T14:47:57.789+0000: [GC (Allocation Failure) 2020-10-29T14:47:57.789+0000: [ParNew: 16388K->4K(18432K), 0.0029620 secs] 426472K->410088K(631224K), 0.0030282 secs] [Times: user=0.01 sys=0.00, real=0.00 secs] 
2020-10-29T14:47:57.811+0000: [GC (Allocation Failure) 2020-10-29T14:47:57.811+0000: [ParNew: 16388K->4K(18432K), 0.0040158 secs] 426472K->414184K(631224K), 0.0040848 secs] [Times: user=0.00 sys=0.00, real=0.01 secs] 
2020-10-29T14:47:57.831+0000: [GC (Allocation Failure) 2020-10-29T14:47:57.831+0000: [ParNew: 16388K->4K(18432K), 0.0029342 secs] 430568K->414184K(631224K), 0.0029928 secs] [Times: user=0.00 sys=0.00, real=0.00 secs] 
2020-10-29T14:47:57.848+0000: [GC (Allocation Failure) 2020-10-29T14:47:57.848+0000: [ParNew: 16388K->4K(18432K), 0.0028871 secs] 430568K->414184K(631224K), 0.0029494 secs] [Times: user=0.00 sys=0.00, real=0.00 secs] 
2020-10-29T14:47:57.867+0000: [GC (Allocation Failure) 2020-10-29T14:47:57.867+0000: [ParNew: 16388K->4K(18432K), 0.0024775 secs] 430568K->414184K(631224K), 0.0025286 secs] [Times: user=0.00 sys=0.00, real=0.00 secs] 
2020-10-29T14:47:57.887+0000: [GC (Allocation Failure) 2020-10-29T14:47:57.887+0000: [ParNew: 16388K->4K(18432K), 0.0029418 secs] 430568K->414184K(631224K), 0.0030035 secs] [Times: user=0.01 sys=0.00, real=0.00 secs] 
2020-10-29T14:47:57.904+0000: [GC (Allocation Failure) 2020-10-29T14:47:57.905+0000: [ParNew: 16388K->4K(18432K), 0.0027805 secs] 430568K->414184K(631224K), 0.0028400 secs] [Times: user=0.00 sys=0.00, real=0.01 secs] 
2020-10-29T14:47:57.922+0000: [GC (Allocation Failure) 2020-10-29T14:47:57.922+0000: [ParNew: 16388K->4K(18432K), 0.0039483 secs] 430568K->418280K(631224K), 0.0040148 secs] [Times: user=0.01 sys=0.00, real=0.00 secs] 
2020-10-29T14:47:57.943+0000: [GC (Allocation Failure) 2020-10-29T14:47:57.943+0000: [ParNew: 16388K->4K(18432K), 0.0029850 secs] 434664K->418280K(631224K), 0.0030514 secs] [Times: user=0.01 sys=0.00, real=0.00 secs] 
2020-10-29T14:47:57.960+0000: [GC (Allocation Failure) 2020-10-29T14:47:57.960+0000: [ParNew: 16388K->4K(18432K), 0.0028948 secs] 434664K->418280K(631224K), 0.0029571 secs] [Times: user=0.01 sys=0.00, real=0.00 secs] 
2020-10-29T14:47:57.978+0000: [GC (Allocation Failure) 2020-10-29T14:47:57.978+0000: [ParNew: 16388K->4K(18432K), 0.0027020 secs] 434664K->418280K(631224K), 0.0027568 secs] [Times: user=0.00 sys=0.00, real=0.00 secs] 
2020-10-29T14:47:57.996+0000: [GC (Allocation Failure) 2020-10-29T14:47:57.996+0000: [ParNew: 16388K->4K(18432K), 0.0029644 secs] 434664K->418280K(631224K), 0.0030244 secs] [Times: user=0.01 sys=0.00, real=0.00 secs] 
2020-10-29T14:47:58.014+0000: [GC (Allocation Failure) 2020-10-29T14:47:58.014+0000: [ParNew: 16388K->4K(18432K), 0.0030070 secs] 434664K->418280K(631224K), 0.0030738 secs] [Times: user=0.01 sys=0.00, real=0.01 secs] 
2020-10-29T14:47:58.031+0000: [GC (Allocation Failure) 2020-10-29T14:47:58.031+0000: [ParNew: 16388K->4K(18432K), 0.0029315 secs] 434664K->418280K(631224K), 0.0029941 secs] [Times: user=0.00 sys=0.00, real=0.00 secs] 
2020-10-29T14:47:58.049+0000: [GC (Allocation Failure) 2020-10-29T14:47:58.049+0000: [ParNew: 16388K->4K(18432K), 0.0029845 secs] 434664K->418280K(631224K), 0.0030522 secs] [Times: user=0.01 sys=0.00, real=0.00 secs] 
2020-10-29T14:47:58.066+0000: [GC (Allocation Failure) 2020-10-29T14:47:58.066+0000: [ParNew: 16388K->4K(18432K), 0.0029634 secs] 434664K->418280K(631224K), 0.0030311 secs] [Times: user=0.01 sys=0.00, real=0.01 secs] 
2020-10-29T14:47:58.084+0000: [GC (Allocation Failure) 2020-10-29T14:47:58.084+0000: [ParNew: 16388K->4K(18432K), 0.0028230 secs] 434664K->418280K(631224K), 0.0028838 secs] [Times: user=0.00 sys=0.00, real=0.01 secs] 
2020-10-29T14:47:58.105+0000: [GC (Allocation Failure) 2020-10-29T14:47:58.105+0000: [ParNew: 16388K->4K(18432K), 0.0029481 secs] 434664K->418280K(631224K), 0.0030115 secs] [Times: user=0.01 sys=0.00, real=0.01 secs] 
2020-10-29T14:47:58.123+0000: [GC (Allocation Failure) 2020-10-29T14:47:58.123+0000: [ParNew: 16388K->4K(18432K), 0.0028650 secs] 434664K->418280K(631224K), 0.0029233 secs] [Times: user=0.00 sys=0.00, real=0.00 secs] 
2020-10-29T14:47:58.141+0000: [GC (Allocation Failure) 2020-10-29T14:47:58.141+0000: [ParNew: 16388K->4K(18432K), 0.0029690 secs] 434664K->418280K(631224K), 0.0030336 secs] [Times: user=0.01 sys=0.00, real=0.00 secs] 
2020-10-29T14:47:58.159+0000: [GC (Allocation Failure) 2020-10-29T14:47:58.159+0000: [ParNew: 16388K->4K(18432K), 0.0027663 secs] 434664K->418280K(631224K), 0.0028249 secs] [Times: user=0.01 sys=0.00, real=0.00 secs] 
2020-10-29T14:47:58.176+0000: [GC (Allocation Failure) 2020-10-29T14:47:58.176+0000: [ParNew: 16388K->4K(18432K), 0.0028158 secs] 434664K->418280K(631224K), 0.0028704 secs] [Times: user=0.00 sys=0.00, real=0.00 secs] 
2020-10-29T14:47:58.194+0000: [GC (Allocation Failure) 2020-10-29T14:47:58.194+0000: [ParNew: 16388K->4K(18432K), 0.0027356 secs] 434664K->418280K(631224K), 0.0027933 secs] [Times: user=0.00 sys=0.00, real=0.01 secs] 
2020-10-29T14:47:58.211+0000: [GC (Allocation Failure) 2020-10-29T14:47:58.211+0000: [ParNew: 16388K->4K(18432K), 0.0029136 secs] 434664K->418280K(631224K), 0.0029773 secs] [Times: user=0.01 sys=0.00, real=0.00 secs] 
2020-10-29T14:47:58.229+0000: [GC (Allocation Failure) 2020-10-29T14:47:58.229+0000: [ParNew: 16388K->4K(18432K), 0.0029324 secs] 434664K->418280K(631224K), 0.0029930 secs] [Times: user=0.00 sys=0.00, real=0.00 secs] 
2020-10-29T14:47:58.247+0000: [GC (Allocation Failure) 2020-10-29T14:47:58.247+0000: [ParNew: 16388K->4K(18432K), 0.0027649 secs] 434664K->418280K(631224K), 0.0028205 secs] [Times: user=0.00 sys=0.00, real=0.00 secs] 
2020-10-29T14:47:58.267+0000: [GC (Allocation Failure) 2020-10-29T14:47:58.267+0000: [ParNew: 16388K->4K(18432K), 0.0028183 secs] 434664K->418280K(631224K), 0.0028780 secs] [Times: user=0.01 sys=0.00, real=0.00 secs] 
2020-10-29T14:47:58.287+0000: [GC (Allocation Failure) 2020-10-29T14:47:58.287+0000: [ParNew: 16388K->4K(18432K), 0.0027956 secs] 434664K->418280K(631224K), 0.0028809 secs] [Times: user=0.01 sys=0.00, real=0.00 secs] 
2020-10-29T14:47:58.304+0000: [GC (Allocation Failure) 2020-10-29T14:47:58.304+0000: [ParNew: 16388K->4K(18432K), 0.0026460 secs] 434664K->418280K(631224K), 0.0026990 secs] [Times: user=0.01 sys=0.00, real=0.01 secs] 
2020-10-29T14:47:58.322+0000: [GC (Allocation Failure) 2020-10-29T14:47:58.322+0000: [ParNew: 16388K->4K(18432K), 0.0029654 secs] 434664K->418280K(631224K), 0.0030256 secs] [Times: user=0.00 sys=0.00, real=0.00 secs] 
2020-10-29T14:47:58.340+0000: [GC (Allocation Failure) 2020-10-29T14:47:58.340+0000: [ParNew: 16388K->4K(18432K), 0.0028354 secs] 434664K->418280K(631224K), 0.0028960 secs] [Times: user=0.01 sys=0.00, real=0.00 secs] 
2020-10-29T14:47:58.357+0000: [GC (Allocation Failure) 2020-10-29T14:47:58.357+0000: [ParNew: 16388K->4K(18432K), 0.0029202 secs] 434664K->418280K(631224K), 0.0029918 secs] [Times: user=0.01 sys=0.00, real=0.00 secs] 
2020-10-29T14:47:58.375+0000: [GC (Allocation Failure) 2020-10-29T14:47:58.375+0000: [ParNew: 16388K->4K(18432K), 0.0028574 secs] 434664K->418280K(631224K), 0.0029172 secs] [Times: user=0.00 sys=0.00, real=0.00 secs] 
2020-10-29T14:47:58.395+0000: [GC (Allocation Failure) 2020-10-29T14:47:58.395+0000: [ParNew: 16388K->4K(18432K), 0.0027929 secs] 434664K->418280K(631224K), 0.0028502 secs] [Times: user=0.00 sys=0.00, real=0.00 secs] 
2020-10-29T14:47:58.412+0000: [GC (Allocation Failure) 2020-10-29T14:47:58.412+0000: [ParNew: 16388K->4K(18432K), 0.0030468 secs] 434664K->418280K(631224K), 0.0031092 secs] [Times: user=0.01 sys=0.00, real=0.01 secs] 
2020-10-29T14:47:58.430+0000: [GC (Allocation Failure) 2020-10-29T14:47:58.430+0000: [ParNew: 16388K->4K(18432K), 0.0027897 secs] 434664K->418280K(631224K), 0.0028464 secs] [Times: user=0.01 sys=0.00, real=0.00 secs] 
2020-10-29T14:47:58.447+0000: [GC (Allocation Failure) 2020-10-29T14:47:58.447+0000: [ParNew: 16388K->4K(18432K), 0.0026744 secs] 434664K->418280K(631224K), 0.0027294 secs] [Times: user=0.00 sys=0.00, real=0.00 secs] 
2020-10-29T14:47:58.465+0000: [GC (Allocation Failure) 2020-10-29T14:47:58.465+0000: [ParNew: 16388K->4K(18432K), 0.0027417 secs] 434664K->418280K(631224K), 0.0027981 secs] [Times: user=0.01 sys=0.00, real=0.01 secs] 
2020-10-29T14:47:58.482+0000: [GC (Allocation Failure) 2020-10-29T14:47:58.482+0000: [ParNew: 16388K->4K(18432K), 0.0027845 secs] 434664K->418280K(631224K), 0.0028415 secs] [Times: user=0.00 sys=0.00, real=0.00 secs] 
2020-10-29T14:47:58.499+0000: [GC (Allocation Failure) 2020-10-29T14:47:58.499+0000: [ParNew: 16388K->4K(18432K), 0.0029497 secs] 434664K->418280K(631224K), 0.0030099 secs] [Times: user=0.01 sys=0.00, real=0.00 secs] 
2020-10-29T14:47:58.519+0000: [GC (Allocation Failure) 2020-10-29T14:47:58.519+0000: [ParNew: 16388K->4K(18432K), 0.0026331 secs] 434664K->418280K(631224K), 0.0026849 secs] [Times: user=0.01 sys=0.00, real=0.00 secs] 
2020-10-29T14:47:58.538+0000: [GC (Allocation Failure) 2020-10-29T14:47:58.538+0000: [ParNew: 16388K->4K(18432K), 0.0027445 secs] 434664K->418280K(631224K), 0.0028029 secs] [Times: user=0.01 sys=0.00, real=0.00 secs] 
2020-10-29T14:47:58.555+0000: [GC (Allocation Failure) 2020-10-29T14:47:58.555+0000: [ParNew: 16388K->4K(18432K), 0.0027467 secs] 434664K->418281K(631224K), 0.0028051 secs] [Times: user=0.01 sys=0.00, real=0.00 secs] 
2020-10-29T14:47:58.572+0000: [GC (Allocation Failure) 2020-10-29T14:47:58.572+0000: [ParNew: 16388K->4K(18432K), 0.0027693 secs] 434665K->418281K(631224K), 0.0028281 secs] [Times: user=0.01 sys=0.00, real=0.01 secs] 
2020-10-29T14:47:58.591+0000: [GC (Allocation Failure) 2020-10-29T14:47:58.591+0000: [ParNew: 16388K->4K(18432K), 0.0025695 secs] 434665K->418281K(631224K), 0.0026204 secs] [Times: user=0.00 sys=0.00, real=0.00 secs] 
2020-10-29T14:47:58.608+0000: [GC (Allocation Failure) 2020-10-29T14:47:58.608+0000: [ParNew: 16388K->4K(18432K), 0.0030197 secs] 434665K->418281K(631224K), 0.0030851 secs] [Times: user=0.01 sys=0.00, real=0.00 secs] 
2020-10-29T14:47:58.626+0000: [GC (Allocation Failure) 2020-10-29T14:47:58.626+0000: [ParNew: 16388K->4K(18432K), 0.0029168 secs] 434665K->418281K(631224K), 0.0029799 secs] [Times: user=0.00 sys=0.00, real=0.01 secs] 
2020-10-29T14:47:58.647+0000: [GC (Allocation Failure) 2020-10-29T14:47:58.647+0000: [ParNew: 16388K->4K(18432K), 0.0029967 secs] 434665K->418281K(631224K), 0.0030649 secs] [Times: user=0.01 sys=0.00, real=0.00 secs] 
2020-10-29T14:47:58.665+0000: [GC (Allocation Failure) 2020-10-29T14:47:58.665+0000: [ParNew: 16388K->4K(18432K), 0.0030869 secs] 434665K->418281K(631224K), 0.0031562 secs] [Times: user=0.00 sys=0.00, real=0.01 secs] 
2020-10-29T14:47:58.683+0000: [GC (Allocation Failure) 2020-10-29T14:47:58.683+0000: [ParNew: 16388K->4K(18432K), 0.0030665 secs] 434665K->418281K(631224K), 0.0031337 secs] [Times: user=0.01 sys=0.00, real=0.00 secs] 
2020-10-29T14:47:58.703+0000: [GC (Allocation Failure) 2020-10-29T14:47:58.703+0000: [ParNew: 16388K->4K(18432K), 0.0030698 secs] 434665K->418281K(631224K), 0.0031355 secs] [Times: user=0.00 sys=0.00, real=0.00 secs] 
2020-10-29T14:47:58.721+0000: [GC (Allocation Failure) 2020-10-29T14:47:58.721+0000: [ParNew: 16388K->4K(18432K), 0.0030714 secs] 434665K->418281K(631224K), 0.0031354 secs] [Times: user=0.01 sys=0.00, real=0.00 secs] 
2020-10-29T14:47:58.739+0000: [GC (Allocation Failure) 2020-10-29T14:47:58.739+0000: [ParNew: 16388K->4K(18432K), 0.0029731 secs] 434665K->418281K(631224K), 0.0030386 secs] [Times: user=0.01 sys=0.00, real=0.00 secs] 
2020-10-29T14:47:58.756+0000: [GC (Allocation Failure) 2020-10-29T14:47:58.756+0000: [ParNew: 16388K->4K(18432K), 0.0030758 secs] 434665K->418281K(631224K), 0.0031455 secs] [Times: user=0.00 sys=0.00, real=0.00 secs] 
2020-10-29T14:47:58.775+0000: [GC (Allocation Failure) 2020-10-29T14:47:58.775+0000: [ParNew: 16388K->4K(18432K), 0.0030234 secs] 434665K->418281K(631224K), 0.0030916 secs] [Times: user=0.01 sys=0.00, real=0.00 secs] 
2020-10-29T14:47:58.793+0000: [GC (Allocation Failure) 2020-10-29T14:47:58.793+0000: [ParNew: 16388K->4K(18432K), 0.0030681 secs] 434665K->418281K(631224K), 0.0031371 secs] [Times: user=0.00 sys=0.00, real=0.01 secs] 
2020-10-29T14:47:58.811+0000: [GC (Allocation Failure) 2020-10-29T14:47:58.811+0000: [ParNew: 16388K->4K(18432K), 0.0029838 secs] 434665K->418281K(631224K), 0.0030497 secs] [Times: user=0.01 sys=0.00, real=0.00 secs] 
2020-10-29T14:47:58.831+0000: [GC (Allocation Failure) 2020-10-29T14:47:58.831+0000: [ParNew: 16388K->4K(18432K), 0.0029470 secs] 434665K->418281K(631224K), 0.0030076 secs] [Times: user=0.00 sys=0.00, real=0.00 secs] 
2020-10-29T14:47:58.848+0000: [GC (Allocation Failure) 2020-10-29T14:47:58.848+0000: [ParNew: 16388K->4K(18432K), 0.0029597 secs] 434665K->418281K(631224K), 0.0030464 secs] [Times: user=0.00 sys=0.00, real=0.00 secs] 
2020-10-29T14:47:58.871+0000: [GC (Allocation Failure) 2020-10-29T14:47:58.871+0000: [ParNew: 16388K->4K(18432K), 0.0029785 secs] 434665K->418281K(631224K), 0.0030460 secs] [Times: user=0.00 sys=0.00, real=0.00 secs] 
2020-10-29T14:47:58.888+0000: [GC (Allocation Failure) 2020-10-29T14:47:58.888+0000: [ParNew: 16388K->4K(18432K), 0.0029067 secs] 434665K->418281K(631224K), 0.0029680 secs] [Times: user=0.01 sys=0.00, real=0.00 secs] 
2020-10-29T14:47:58.907+0000: [GC (Allocation Failure) 2020-10-29T14:47:58.907+0000: [ParNew: 16388K->4K(18432K), 0.0031053 secs] 434665K->418281K(631224K), 0.0031732 secs] [Times: user=0.00 sys=0.00, real=0.00 secs] 
2020-10-29T14:47:58.925+0000: [GC (Allocation Failure) 2020-10-29T14:47:58.925+0000: [ParNew: 16388K->4K(18432K), 0.0029953 secs] 434665K->418281K(631224K), 0.0030642 secs] [Times: user=0.01 sys=0.00, real=0.01 secs] 
2020-10-29T14:47:58.942+0000: [GC (Allocation Failure) 2020-10-29T14:47:58.942+0000: [ParNew: 16388K->4K(18432K), 0.0030517 secs] 434665K->418281K(631224K), 0.0031231 secs] [Times: user=0.00 sys=0.00, real=0.00 secs] 
2020-10-29T14:47:58.960+0000: [GC (Allocation Failure) 2020-10-29T14:47:58.960+0000: [ParNew: 16388K->4K(18432K), 0.0030322 secs] 434665K->418281K(631224K), 0.0031003 secs] [Times: user=0.01 sys=0.00, real=0.00 secs] 
2020-10-29T14:47:58.979+0000: [GC (Allocation Failure) 2020-10-29T14:47:58.979+0000: [ParNew: 16388K->4K(18432K), 0.0029553 secs] 434665K->418281K(631224K), 0.0030187 secs] [Times: user=0.01 sys=0.00, real=0.00 secs] 
2020-10-29T14:47:58.997+0000: [GC (Allocation Failure) 2020-10-29T14:47:58.997+0000: [ParNew: 16388K->4K(18432K), 0.0030498 secs] 434665K->418281K(631224K), 0.0031123 secs] [Times: user=0.00 sys=0.00, real=0.00 secs] 
2020-10-29T14:47:59.019+0000: [GC (Allocation Failure) 2020-10-29T14:47:59.019+0000: [ParNew: 16388K->4K(18432K), 0.0030007 secs] 434665K->418281K(631224K), 0.0030842 secs] [Times: user=0.01 sys=0.00, real=0.00 secs] 
2020-10-29T14:47:59.036+0000: [GC (Allocation Failure) 2020-10-29T14:47:59.036+0000: [ParNew: 16388K->4K(18432K), 0.0029796 secs] 434665K->418281K(631224K), 0.0030453 secs] [Times: user=0.00 sys=0.00, real=0.00 secs] 
2020-10-29T14:47:59.054+0000: [GC (Allocation Failure) 2020-10-29T14:47:59.054+0000: [ParNew: 16388K->4K(18432K), 0.0027758 secs] 434665K->418281K(631224K), 0.0028333 secs] [Times: user=0.01 sys=0.00, real=0.01 secs] 
2020-10-29T14:47:59.071+0000: [GC (Allocation Failure) 2020-10-29T14:47:59.071+0000: [ParNew: 16388K->4K(18432K), 0.0024209 secs] 434665K->418281K(631224K), 0.0024692 secs] [Times: user=0.01 sys=0.00, real=0.00 secs] 
2020-10-29T14:47:59.088+0000: [GC (Allocation Failure) 2020-10-29T14:47:59.088+0000: [ParNew: 16388K->4K(18432K), 0.0028082 secs] 434665K->418281K(631224K), 0.0028668 secs] [Times: user=0.00 sys=0.00, real=0.00 secs] 
2020-10-29T14:47:59.107+0000: [GC (Allocation Failure) 2020-10-29T14:47:59.107+0000: [ParNew: 16388K->4K(18432K), 0.0027749 secs] 434665K->418281K(631224K), 0.0028336 secs] [Times: user=0.00 sys=0.00, real=0.00 secs] 
2020-10-29T14:47:59.124+0000: [GC (Allocation Failure) 2020-10-29T14:47:59.124+0000: [ParNew: 16388K->4K(18432K), 0.0025964 secs] 434665K->418281K(631224K), 0.0026485 secs] [Times: user=0.01 sys=0.00, real=0.01 secs] 
2020-10-29T14:47:59.143+0000: [GC (Allocation Failure) 2020-10-29T14:47:59.143+0000: [ParNew: 16388K->4K(18432K), 0.0031211 secs] 434665K->418281K(631224K), 0.0031892 secs] [Times: user=0.00 sys=0.00, real=0.00 secs] 
2020-10-29T14:47:59.160+0000: [GC (Allocation Failure) 2020-10-29T14:47:59.160+0000: [ParNew: 16388K->4K(18432K), 0.0030122 secs] 434665K->418281K(631224K), 0.0030952 secs] [Times: user=0.01 sys=0.00, real=0.00 secs] 
2020-10-29T14:47:59.182+0000: [GC (Allocation Failure) 2020-10-29T14:47:59.182+0000: [ParNew: 16388K->4K(18432K), 0.0029942 secs] 434665K->418281K(631224K), 0.0030594 secs] [Times: user=0.00 sys=0.00, real=0.00 secs] 
2020-10-29T14:47:59.203+0000: [GC (Allocation Failure) 2020-10-29T14:47:59.203+0000: [ParNew: 16388K->4K(18432K), 0.0030021 secs] 434665K->418281K(631224K), 0.0030688 secs] [Times: user=0.01 sys=0.00, real=0.00 secs] 
2020-10-29T14:47:59.220+0000: [GC (Allocation Failure) 2020-10-29T14:47:59.220+0000: [ParNew: 16388K->4K(18432K), 0.0029188 secs] 434665K->418281K(631224K), 0.0029833 secs] [Times: user=0.00 sys=0.00, real=0.00 secs] 
2020-10-29T14:47:59.238+0000: [GC (Allocation Failure) 2020-10-29T14:47:59.238+0000: [ParNew: 16388K->4K(18432K), 0.0029464 secs] 434665K->418281K(631224K), 0.0030087 secs] [Times: user=0.01 sys=0.00, real=0.00 secs] 
2020-10-29T14:47:59.255+0000: [GC (Allocation Failure) 2020-10-29T14:47:59.255+0000: [ParNew: 16388K->4K(18432K), 0.0029372 secs] 434665K->418281K(631224K), 0.0030018 secs] [Times: user=0.01 sys=0.00, real=0.00 secs] 
2020-10-29T14:47:59.273+0000: [GC (Allocation Failure) 2020-10-29T14:47:59.273+0000: [ParNew: 16388K->4K(18432K), 0.0030077 secs] 434665K->418281K(631224K), 0.0030716 secs] [Times: user=0.00 sys=0.00, real=0.01 secs] 
2020-10-29T14:47:59.290+0000: [GC (Allocation Failure) 2020-10-29T14:47:59.290+0000: [ParNew: 16388K->4K(18432K), 0.0030217 secs] 434665K->418281K(631224K), 0.0030878 secs] [Times: user=0.01 sys=0.00, real=0.00 secs] 
2020-10-29T14:47:59.311+0000: [GC (Allocation Failure) 2020-10-29T14:47:59.311+0000: [ParNew: 16388K->4K(18432K), 0.0029641 secs] 434665K->418281K(631224K), 0.0030541 secs] [Times: user=0.01 sys=0.00, real=0.00 secs] 
2020-10-29T14:47:59.331+0000: [GC (Allocation Failure) 2020-10-29T14:47:59.331+0000: [ParNew: 16388K->4K(18432K), 0.0029604 secs] 434665K->418281K(631224K), 0.0030218 secs] [Times: user=0.01 sys=0.00, real=0.00 secs] 
2020-10-29T14:47:59.348+0000: [GC (Allocation Failure) 2020-10-29T14:47:59.348+0000: [ParNew: 16388K->4K(18432K), 0.0030134 secs] 434665K->418281K(631224K), 0.0030806 secs] [Times: user=0.01 sys=0.00, real=0.00 secs] 
2020-10-29T14:47:59.367+0000: [GC (Allocation Failure) 2020-10-29T14:47:59.367+0000: [ParNew: 16388K->4K(18432K), 0.0029970 secs] 434665K->418281K(631224K), 0.0030637 secs] [Times: user=0.00 sys=0.00, real=0.00 secs] 
2020-10-29T14:47:59.384+0000: [GC (Allocation Failure) 2020-10-29T14:47:59.384+0000: [ParNew: 16388K->4K(18432K), 0.0030398 secs] 434665K->418281K(631224K), 0.0031210 secs] [Times: user=0.01 sys=0.00, real=0.01 secs] 
2020-10-29T14:47:59.403+0000: [GC (Allocation Failure) 2020-10-29T14:47:59.403+0000: [ParNew: 16388K->4K(18432K), 0.0029773 secs] 434665K->418281K(631224K), 0.0030432 secs] [Times: user=0.01 sys=0.00, real=0.00 secs] 
2020-10-29T14:47:59.420+0000: [GC (Allocation Failure) 2020-10-29T14:47:59.421+0000: [ParNew: 16388K->4K(18432K), 0.0030289 secs] 434665K->418281K(631224K), 0.0031152 secs] [Times: user=0.00 sys=0.00, real=0.00 secs] 
2020-10-29T14:47:59.438+0000: [GC (Allocation Failure) 2020-10-29T14:47:59.438+0000: [ParNew: 16388K->4K(18432K), 0.0030346 secs] 434665K->418281K(631224K), 0.0031024 secs] [Times: user=0.01 sys=0.00, real=0.00 secs] 
2020-10-29T14:47:59.455+0000: [GC (Allocation Failure) 2020-10-29T14:47:59.456+0000: [ParNew: 16388K->4K(18432K), 0.0029925 secs] 434665K->418281K(631224K), 0.0030597 secs] [Times: user=0.01 sys=0.00, real=0.00 secs] 
2020-10-29T14:47:59.478+0000: [GC (Allocation Failure) 2020-10-29T14:47:59.478+0000: [ParNew: 16388K->4K(18432K), 0.0030400 secs] 434665K->418281K(631224K), 0.0031088 secs] [Times: user=0.01 sys=0.00, real=0.00 secs] 
2020-10-29T14:47:59.496+0000: [GC (Allocation Failure) 2020-10-29T14:47:59.496+0000: [ParNew: 16388K->4K(18432K), 0.0029898 secs] 434665K->418281K(631224K), 0.0030540 secs] [Times: user=0.01 sys=0.00, real=0.00 secs] 
2020-10-29T14:47:59.515+0000: [GC (Allocation Failure) 2020-10-29T14:47:59.515+0000: [ParNew: 16388K->4K(18432K), 0.0030299 secs] 434665K->418281K(631224K), 0.0030969 secs] [Times: user=0.01 sys=0.00, real=0.00 secs] 
2020-10-29T14:47:59.532+0000: [GC (Allocation Failure) 2020-10-29T14:47:59.532+0000: [ParNew: 16388K->4K(18432K), 0.0030066 secs] 434665K->418281K(631224K), 0.0030801 secs] [Times: user=0.01 sys=0.00, real=0.01 secs] 
2020-10-29T14:47:59.551+0000: [GC (Allocation Failure) 2020-10-29T14:47:59.551+0000: [ParNew: 16388K->4K(18432K), 0.0029901 secs] 434665K->418281K(631224K), 0.0030565 secs] [Times: user=0.00 sys=0.00, real=0.00 secs] 
2020-10-29T14:47:59.571+0000: [GC (Allocation Failure) 2020-10-29T14:47:59.571+0000: [ParNew: 16388K->4K(18432K), 0.0029794 secs] 434665K->418281K(631224K), 0.0030460 secs] [Times: user=0.00 sys=0.00, real=0.00 secs] 
2020-10-29T14:47:59.591+0000: [GC (Allocation Failure) 2020-10-29T14:47:59.591+0000: [ParNew: 16388K->4K(18432K), 0.0029608 secs] 434665K->418281K(631224K), 0.0030264 secs] [Times: user=0.01 sys=0.00, real=0.00 secs] 
2020-10-29T14:47:59.611+0000: [GC (Allocation Failure) 2020-10-29T14:47:59.611+0000: [ParNew: 16388K->4K(18432K), 0.0030087 secs] 434665K->418281K(631224K), 0.0030786 secs] [Times: user=0.01 sys=0.00, real=0.00 secs] 
2020-10-29T14:47:59.628+0000: [GC (Allocation Failure) 2020-10-29T14:47:59.628+0000: [ParNew: 16388K->4K(18432K), 0.0029927 secs] 434665K->418281K(631224K), 0.0030579 secs] [Times: user=0.00 sys=0.00, real=0.00 secs] 
2020-10-29T14:47:59.646+0000: [GC (Allocation Failure) 2020-10-29T14:47:59.646+0000: [ParNew: 16388K->4K(18432K), 0.0030170 secs] 434665K->418281K(631224K), 0.0030975 secs] [Times: user=0.01 sys=0.00, real=0.01 secs] 
2020-10-29T14:47:59.663+0000: [GC (Allocation Failure) 2020-10-29T14:47:59.663+0000: [ParNew: 16388K->4K(18432K), 0.0029704 secs] 434665K->418281K(631224K), 0.0030353 secs] [Times: user=0.01 sys=0.00, real=0.00 secs] 
2020-10-29T14:47:59.681+0000: [GC (Allocation Failure) 2020-10-29T14:47:59.681+0000: [ParNew: 16388K->4K(18432K), 0.0028809 secs] 434665K->418281K(631224K), 0.0029410 secs] [Times: user=0.00 sys=0.00, real=0.00 secs] 
2020-10-29T14:47:59.702+0000: [GC (Allocation Failure) 2020-10-29T14:47:59.702+0000: [ParNew: 16388K->4K(18432K), 0.0030325 secs] 434665K->418281K(631224K), 0.0030976 secs] [Times: user=0.00 sys=0.00, real=0.00 secs] 
2020-10-29T14:47:59.723+0000: [GC (Allocation Failure) 2020-10-29T14:47:59.723+0000: [ParNew: 16388K->4K(18432K), 0.0028107 secs] 434665K->418281K(631224K), 0.0028679 secs] [Times: user=0.01 sys=0.00, real=0.00 secs] 
2020-10-29T14:47:59.740+0000: [GC (Allocation Failure) 2020-10-29T14:47:59.740+0000: [ParNew: 16388K->4K(18432K), 0.0027433 secs] 434665K->418281K(631224K), 0.0028144 secs] [Times: user=0.00 sys=0.00, real=0.00 secs] 
2020-10-29T14:47:59.759+0000: [GC (Allocation Failure) 2020-10-29T14:47:59.759+0000: [ParNew: 16388K->4K(18432K), 0.0030060 secs] 434665K->418281K(631224K), 0.0030720 secs] [Times: user=0.00 sys=0.00, real=0.00 secs] 
2020-10-29T14:47:59.779+0000: [GC (Allocation Failure) 2020-10-29T14:47:59.779+0000: [ParNew: 16388K->4K(18432K), 0.0029650 secs] 434665K->418281K(631224K), 0.0030425 secs] [Times: user=0.01 sys=0.01, real=0.00 secs] 
2020-10-29T14:47:59.796+0000: [GC (Allocation Failure) 2020-10-29T14:47:59.796+0000: [ParNew: 16388K->4K(18432K), 0.0029580 secs] 434665K->418281K(631224K), 0.0030241 secs] [Times: user=0.01 sys=0.00, real=0.00 secs] 
2020-10-29T14:47:59.815+0000: [GC (Allocation Failure) 2020-10-29T14:47:59.815+0000: [ParNew: 16388K->4K(18432K), 0.0029347 secs] 434665K->418281K(631224K), 0.0029993 secs] [Times: user=0.00 sys=0.00, real=0.00 secs] 
2020-10-29T14:47:59.835+0000: [GC (Allocation Failure) 2020-10-29T14:47:59.835+0000: [ParNew: 16388K->4K(18432K), 0.0032881 secs] 434665K->418281K(631224K), 0.0033535 secs] [Times: user=0.01 sys=0.00, real=0.00 secs] 
2020-10-29T14:47:59.855+0000: [GC (Allocation Failure) 2020-10-29T14:47:59.855+0000: [ParNew: 16388K->4K(18432K), 0.0031232 secs] 434665K->418281K(631224K), 0.0031909 secs] [Times: user=0.00 sys=0.00, real=0.00 secs] 
2020-10-29T14:47:59.879+0000: [GC (Allocation Failure) 2020-10-29T14:47:59.879+0000: [ParNew: 16388K->4K(18432K), 0.0029174 secs] 434665K->418281K(631224K), 0.0029871 secs] [Times: user=0.00 sys=0.00, real=0.00 secs] 
2020-10-29T14:47:59.899+0000: [GC (Allocation Failure) 2020-10-29T14:47:59.899+0000: [ParNew: 16388K->4K(18432K), 0.0029053 secs] 434665K->418281K(631224K), 0.0029667 secs] [Times: user=0.00 sys=0.00, real=0.00 secs] 
2020-10-29T14:47:59.916+0000: [GC (Allocation Failure) 2020-10-29T14:47:59.916+0000: [ParNew: 16388K->4K(18432K), 0.0026287 secs] 434665K->418281K(631224K), 0.0026780 secs] [Times: user=0.01 sys=0.00, real=0.00 secs] 
2020-10-29T14:47:59.933+0000: [GC (Allocation Failure) 2020-10-29T14:47:59.933+0000: [ParNew: 16388K->4K(18432K), 0.0029050 secs] 434665K->418281K(631224K), 0.0029669 secs] [Times: user=0.00 sys=0.00, real=0.01 secs] 
2020-10-29T14:47:59.951+0000: [GC (Allocation Failure) 2020-10-29T14:47:59.951+0000: [ParNew: 16388K->4K(18432K), 0.0030743 secs] 434665K->418281K(631224K), 0.0031420 secs] [Times: user=0.01 sys=0.00, real=0.00 secs] 
2020-10-29T14:47:59.971+0000: [GC (Allocation Failure) 2020-10-29T14:47:59.971+0000: [ParNew: 16388K->4K(18432K), 0.0029592 secs] 434665K->418281K(631224K), 0.0030224 secs] [Times: user=0.00 sys=0.00, real=0.00 secs] 
2020-10-29T14:47:59.988+0000: [GC (Allocation Failure) 2020-10-29T14:47:59.988+0000: [ParNew: 16388K->4K(18432K), 0.0029628 secs] 434665K->418281K(631224K), 0.0030373 secs] [Times: user=0.00 sys=0.00, real=0.00 secs] 
2020-10-29T14:48:00.006+0000: [GC (Allocation Failure) 2020-10-29T14:48:00.006+0000: [ParNew: 16388K->4K(18432K), 0.0030305 secs] 434665K->418281K(631224K), 0.0030967 secs] [Times: user=0.00 sys=0.00, real=0.01 secs] 
2020-10-29T14:48:00.024+0000: [GC (Allocation Failure) 2020-10-29T14:48:00.024+0000: [ParNew: 16388K->4K(18432K), 0.0029465 secs] 434665K->418281K(631224K), 0.0030126 secs] [Times: user=0.00 sys=0.00, real=0.01 secs] 
2020-10-29T14:48:00.041+0000: [GC (Allocation Failure) 2020-10-29T14:48:00.041+0000: [ParNew: 16388K->4K(18432K), 0.0029870 secs] 434665K->418281K(631224K), 0.0030529 secs] [Times: user=0.01 sys=0.00, real=0.00 secs] 
2020-10-29T14:48:00.058+0000: [GC (Allocation Failure) 2020-10-29T14:48:00.058+0000: [ParNew: 16388K->4K(18432K), 0.0030424 secs] 434665K->418281K(631224K), 0.0031088 secs] [Times: user=0.00 sys=0.00, real=0.00 secs] 
2020-10-29T14:48:00.076+0000: [GC (Allocation Failure) 2020-10-29T14:48:00.076+0000: [ParNew: 16388K->4K(18432K), 0.0030401 secs] 434665K->418281K(631224K), 0.0031107 secs] [Times: user=0.00 sys=0.00, real=0.00 secs] 
2020-10-29T14:48:00.095+0000: [GC (Allocation Failure) 2020-10-29T14:48:00.095+0000: [ParNew: 16388K->4K(18432K), 0.0030512 secs] 434665K->418281K(631224K), 0.0031330 secs] [Times: user=0.01 sys=0.00, real=0.00 secs] 
2020-10-29T14:48:00.115+0000: [GC (Allocation Failure) 2020-10-29T14:48:00.115+0000: [ParNew: 16388K->4K(18432K), 0.0030002 secs] 434665K->418281K(631224K), 0.0030670 secs] [Times: user=0.01 sys=0.00, real=0.00 secs] 
2020-10-29T14:48:00.135+0000: [GC (Allocation Failure) 2020-10-29T14:48:00.135+0000: [ParNew: 16388K->4K(18432K), 0.0030330 secs] 434665K->418282K(631224K), 0.0030981 secs] [Times: user=0.01 sys=0.00, real=0.00 secs] 
2020-10-29T14:48:00.152+0000: [GC (Allocation Failure) 2020-10-29T14:48:00.152+0000: [ParNew: 16388K->4K(18432K), 0.0030099 secs] 434666K->418282K(631224K), 0.0030848 secs] [Times: user=0.01 sys=0.00, real=0.01 secs] 
2020-10-29T14:48:00.174+0000: [GC (Allocation Failure) 2020-10-29T14:48:00.174+0000: [ParNew: 16388K->4K(18432K), 0.0030121 secs] 434666K->418282K(631224K), 0.0030779 secs] [Times: user=0.00 sys=0.00, real=0.01 secs] 
2020-10-29T14:48:00.191+0000: [GC (Allocation Failure) 2020-10-29T14:48:00.191+0000: [ParNew: 16388K->4K(18432K), 0.0030101 secs] 434666K->418282K(631224K), 0.0030794 secs] [Times: user=0.01 sys=0.00, real=0.00 secs] 
2020-10-29T14:48:00.211+0000: [GC (Allocation Failure) 2020-10-29T14:48:00.211+0000: [ParNew: 16388K->4K(18432K), 0.0030691 secs] 434666K->418282K(631224K), 0.0031375 secs] [Times: user=0.00 sys=0.00, real=0.00 secs] 
2020-10-29T14:48:00.231+0000: [GC (Allocation Failure) 2020-10-29T14:48:00.231+0000: [ParNew: 16388K->4K(18432K), 0.0031234 secs] 434666K->418282K(631224K), 0.0031903 secs] [Times: user=0.01 sys=0.00, real=0.00 secs] 
2020-10-29T14:48:00.248+0000: [GC (Allocation Failure) 2020-10-29T14:48:00.249+0000: [ParNew: 16388K->4K(18432K), 0.0030500 secs] 434666K->418282K(631224K), 0.0031163 secs] [Times: user=0.01 sys=0.00, real=0.00 secs] 
2020-10-29T14:48:00.266+0000: [GC (Allocation Failure) 2020-10-29T14:48:00.266+0000: [ParNew: 16388K->4K(18432K), 0.0030732 secs] 434666K->418282K(631224K), 0.0031623 secs] [Times: user=0.00 sys=0.00, real=0.01 secs] 
2020-10-29T14:48:00.287+0000: [GC (Allocation Failure) 2020-10-29T14:48:00.287+0000: [ParNew: 16388K->4K(18432K), 0.0029577 secs] 434666K->418282K(631224K), 0.0030213 secs] [Times: user=0.00 sys=0.00, real=0.00 secs] 
2020-10-29T14:48:00.305+0000: [GC (Allocation Failure) 2020-10-29T14:48:00.305+0000: [ParNew: 16388K->4K(18432K), 0.0029887 secs] 434666K->418282K(631224K), 0.0030517 secs] [Times: user=0.00 sys=0.00, real=0.01 secs] 
2020-10-29T14:48:00.322+0000: [GC (Allocation Failure) 2020-10-29T14:48:00.322+0000: [ParNew: 16388K->4K(18432K), 0.0029967 secs] 434666K->418282K(631224K), 0.0030575 secs] [Times: user=0.00 sys=0.00, real=0.00 secs] 
2020-10-29T14:48:00.340+0000: [GC (Allocation Failure) 2020-10-29T14:48:00.340+0000: [ParNew: 16388K->4K(18432K), 0.0029042 secs] 434666K->418282K(631224K), 0.0029643 secs] [Times: user=0.01 sys=0.00, real=0.00 secs] 
2020-10-29T14:48:00.357+0000: [GC (Allocation Failure) 2020-10-29T14:48:00.357+0000: [ParNew: 16388K->4K(18432K), 0.0029978 secs] 434666K->418282K(631224K), 0.0030613 secs] [Times: user=0.01 sys=0.00, real=0.00 secs] 
2020-10-29T14:48:00.374+0000: [GC (Allocation Failure) 2020-10-29T14:48:00.374+0000: [ParNew: 16388K->4K(18432K), 0.0030180 secs] 434666K->418282K(631224K), 0.0030837 secs] [Times: user=0.00 sys=0.00, real=0.01 secs] 
2020-10-29T14:48:00.392+0000: [GC (Allocation Failure) 2020-10-29T14:48:00.392+0000: [ParNew: 16388K->4K(18432K), 0.0030680 secs] 434666K->418282K(631224K), 0.0031361 secs] [Times: user=0.01 sys=0.00, real=0.01 secs] 
2020-10-29T14:48:00.411+0000: [GC (Allocation Failure) 2020-10-29T14:48:00.411+0000: [ParNew: 16388K->4K(18432K), 0.0030668 secs] 434666K->418282K(631224K), 0.0031357 secs] [Times: user=0.01 sys=0.00, real=0.00 secs] 
2020-10-29T14:48:00.428+0000: [GC (Allocation Failure) 2020-10-29T14:48:00.428+0000: [ParNew: 16388K->4K(18432K), 0.0031159 secs] 434666K->418282K(631224K), 0.0031853 secs] [Times: user=0.01 sys=0.00, real=0.00 secs] 
2020-10-29T14:48:00.446+0000: [GC (Allocation Failure) 2020-10-29T14:48:00.446+0000: [ParNew: 16388K->4K(18432K), 0.0030504 secs] 434666K->418282K(631224K), 0.0031138 secs] [Times: user=0.00 sys=0.00, real=0.01 secs] 
2020-10-29T14:48:00.464+0000: [GC (Allocation Failure) 2020-10-29T14:48:00.464+0000: [ParNew: 16388K->4K(18432K), 0.0029974 secs] 434666K->418282K(631224K), 0.0030648 secs] [Times: user=0.01 sys=0.00, real=0.01 secs] 
2020-10-29T14:48:00.483+0000: [GC (Allocation Failure) 2020-10-29T14:48:00.483+0000: [ParNew: 16388K->4K(18432K), 0.0030539 secs] 434666K->418282K(631224K), 0.0031206 secs] [Times: user=0.01 sys=0.00, real=0.00 secs] 
2020-10-29T14:48:00.500+0000: [GC (Allocation Failure) 2020-10-29T14:48:00.500+0000: [ParNew: 16388K->4K(18432K), 0.0032565 secs] 434666K->418282K(631224K), 0.0033264 secs] [Times: user=0.01 sys=0.00, real=0.00 secs] 
2020-10-29T14:48:00.522+0000: [GC (Allocation Failure) 2020-10-29T14:48:00.522+0000: [ParNew: 16388K->4K(18432K), 0.0030045 secs] 434666K->418282K(631224K), 0.0030693 secs] [Times: user=0.01 sys=0.00, real=0.00 secs] 
2020-10-29T14:48:00.540+0000: [GC (Allocation Failure) 2020-10-29T14:48:00.540+0000: [ParNew: 16388K->4K(18432K), 0.0030584 secs] 434666K->418282K(631224K), 0.0031256 secs] [Times: user=0.00 sys=0.00, real=0.00 secs] 
2020-10-29T14:48:00.557+0000: [GC (Allocation Failure) 2020-10-29T14:48:00.557+0000: [ParNew: 16388K->4K(18432K), 0.0029637 secs] 434666K->418282K(631224K), 0.0030269 secs] [Times: user=0.01 sys=0.00, real=0.00 secs] 
2020-10-29T14:48:00.574+0000: [GC (Allocation Failure) 2020-10-29T14:48:00.575+0000: [ParNew: 16388K->4K(18432K), 0.0028999 secs] 434666K->418282K(631224K), 0.0029622 secs] [Times: user=0.01 sys=0.00, real=0.01 secs] 
2020-10-29T14:48:00.595+0000: [GC (Allocation Failure) 2020-10-29T14:48:00.595+0000: [ParNew: 16388K->4K(18432K), 0.0029589 secs] 434666K->418282K(631224K), 0.0030218 secs] [Times: user=0.00 sys=0.00, real=0.00 secs] 
2020-10-29T14:48:00.615+0000: [GC (Allocation Failure) 2020-10-29T14:48:00.615+0000: [ParNew: 16388K->4K(18432K), 0.0029407 secs] 434666K->418282K(631224K), 0.0030046 secs] [Times: user=0.00 sys=0.00, real=0.00 secs] 
2020-10-29T14:48:00.632+0000: [GC (Allocation Failure) 2020-10-29T14:48:00.632+0000: [ParNew: 16388K->4K(18432K), 0.0030021 secs] 434666K->418282K(631224K), 0.0030685 secs] [Times: user=0.01 sys=0.00, real=0.01 secs] 
2020-10-29T14:48:00.652+0000: [GC (Allocation Failure) 2020-10-29T14:48:00.652+0000: [ParNew: 16388K->4K(18432K), 0.0030332 secs] 434666K->418282K(631224K), 0.0031026 secs] [Times: user=0.00 sys=0.00, real=0.01 secs] 
2020-10-29T14:48:00.671+0000: [GC (Allocation Failure) 2020-10-29T14:48:00.671+0000: [ParNew: 16388K->4K(18432K), 0.0030221 secs] 434666K->418282K(631224K), 0.0030901 secs] [Times: user=0.01 sys=0.00, real=0.00 secs] 
2020-10-29T14:48:00.690+0000: [GC (Allocation Failure) 2020-10-29T14:48:00.690+0000: [ParNew: 16388K->4K(18432K), 0.0029987 secs] 434666K->418282K(631224K), 0.0030641 secs] [Times: user=0.01 sys=0.00, real=0.00 secs] 
2020-10-29T14:48:00.708+0000: [GC (Allocation Failure) 2020-10-29T14:48:00.708+0000: [ParNew: 16388K->4K(18432K), 0.0030647 secs] 434666K->418282K(631224K), 0.0031316 secs] [Times: user=0.01 sys=0.00, real=0.00 secs] 
2020-10-29T14:48:00.725+0000: [GC (Allocation Failure) 2020-10-29T14:48:00.725+0000: [ParNew: 16388K->4K(18432K), 0.0030030 secs] 434666K->418282K(631224K), 0.0030789 secs] [Times: user=0.01 sys=0.00, real=0.01 secs] 
2020-10-29T14:48:00.742+0000: [GC (Allocation Failure) 2020-10-29T14:48:00.742+0000: [ParNew: 16388K->4K(18432K), 0.0030824 secs] 434666K->418282K(631224K), 0.0031531 secs] [Times: user=0.01 sys=0.00, real=0.00 secs] 
2020-10-29T14:48:00.760+0000: [GC (Allocation Failure) 2020-10-29T14:48:00.760+0000: [ParNew: 16388K->4K(18432K), 0.0029568 secs] 434666K->418282K(631224K), 0.0030219 secs] [Times: user=0.01 sys=0.00, real=0.00 secs] 
2020-10-29T14:48:00.779+0000: [GC (Allocation Failure) 2020-10-29T14:48:00.779+0000: [ParNew: 16388K->4K(18432K), 0.0029702 secs] 434666K->418282K(631224K), 0.0030325 secs] [Times: user=0.01 sys=0.00, real=0.00 secs] 
2020-10-29T14:48:00.796+0000: [GC (Allocation Failure) 2020-10-29T14:48:00.796+0000: [ParNew: 16388K->4K(18432K), 0.0030116 secs] 434666K->418282K(631224K), 0.0030793 secs] [Times: user=0.01 sys=0.00, real=0.00 secs] 
2020-10-29T14:48:00.815+0000: [GC (Allocation Failure) 2020-10-29T14:48:00.815+0000: [ParNew: 16388K->4K(18432K), 0.0030951 secs] 434666K->418282K(631224K), 0.0031634 secs] [Times: user=0.01 sys=0.00, real=0.00 secs] 
2020-10-29T14:48:00.833+0000: [GC (Allocation Failure) 2020-10-29T14:48:00.833+0000: [ParNew: 16388K->4K(18432K), 0.0030742 secs] 434666K->418282K(631224K), 0.0031429 secs] [Times: user=0.01 sys=0.00, real=0.01 secs] 
2020-10-29T14:48:00.851+0000: [GC (Allocation Failure) 2020-10-29T14:48:00.851+0000: [ParNew: 16388K->4K(18432K), 0.0030071 secs] 434666K->418282K(631224K), 0.0030724 secs] [Times: user=0.01 sys=0.00, real=0.00 secs] 
2020-10-29T14:48:00.868+0000: [GC (Allocation Failure) 2020-10-29T14:48:00.868+0000: [ParNew: 16388K->4K(18432K), 0.0032357 secs] 434666K->418282K(631224K), 0.0033236 secs] [Times: user=0.01 sys=0.00, real=0.00 secs] 
2020-10-29T14:48:00.887+0000: [GC (Allocation Failure) 2020-10-29T14:48:00.887+0000: [ParNew: 16388K->4K(18432K), 0.0031165 secs] 434666K->418282K(631224K), 0.0032108 secs] [Times: user=0.00 sys=0.00, real=0.00 secs] 
2020-10-29T14:48:00.907+0000: [GC (Allocation Failure) 2020-10-29T14:48:00.907+0000: [ParNew: 16388K->4K(18432K), 0.0030596 secs] 434666K->418282K(631224K), 0.0031287 secs] [Times: user=0.00 sys=0.00, real=0.00 secs] 
2020-10-29T14:48:00.924+0000: [GC (Allocation Failure) 2020-10-29T14:48:00.924+0000: [ParNew: 16388K->4K(18432K), 0.0031528 secs] 434666K->418282K(631224K), 0.0032205 secs] [Times: user=0.00 sys=0.00, real=0.01 secs] 
2020-10-29T14:48:00.943+0000: [GC (Allocation Failure) 2020-10-29T14:48:00.943+0000: [ParNew: 16388K->4K(18432K), 0.0030311 secs] 434666K->418282K(631224K), 0.0030973 secs] [Times: user=0.01 sys=0.00, real=0.00 secs] 
2020-10-29T14:48:00.960+0000: [GC (Allocation Failure) 2020-10-29T14:48:00.960+0000: [ParNew: 16388K->4K(18432K), 0.0031213 secs] 434666K->418282K(631224K), 0.0031929 secs] [Times: user=0.00 sys=0.00, real=0.00 secs] 
2020-10-29T14:48:00.985+0000: [GC (Allocation Failure) 2020-10-29T14:48:00.985+0000: [ParNew: 16388K->4K(18432K), 0.0031328 secs] 451050K->434666K(631224K), 0.0032019 secs] [Times: user=0.00 sys=0.00, real=0.01 secs] 
2020-10-29T14:48:00.991+0000: [GC (CMS Initial Mark) [1 CMS-initial-mark: 434662K(612792K)] 435066K(631224K), 0.0016405 secs] [Times: user=0.01 sys=0.00, real=0.00 secs] 
2020-10-29T14:48:00.992+0000: [CMS-concurrent-mark-start]
2020-10-29T14:48:01.018+0000: [GC (Allocation Failure) 2020-10-29T14:48:01.018+0000: [ParNew: 16388K->4K(18432K), 0.0029546 secs] 451050K->434666K(631224K), 0.0030237 secs] [Times: user=0.00 sys=0.00, real=0.00 secs] 
2020-10-29T14:48:01.045+0000: [GC (Allocation Failure) 2020-10-29T14:48:01.046+0000: [ParNew: 16388K->4K(18432K), 0.0028381 secs] 451050K->434666K(631224K), 0.0029042 secs] [Times: user=0.01 sys=0.00, real=0.01 secs] 
2020-10-29T14:48:01.056+0000: [CMS-concurrent-mark: 0.057/0.063 secs] [Times: user=0.12 sys=0.00, real=0.07 secs] 
2020-10-29T14:48:01.056+0000: [CMS-concurrent-preclean-start]
2020-10-29T14:48:01.059+0000: [CMS-concurrent-preclean: 0.003/0.003 secs] [Times: user=0.01 sys=0.00, real=0.00 secs] 
2020-10-29T14:48:01.059+0000: [CMS-concurrent-abortable-preclean-start]
2020-10-29T14:48:01.071+0000: [GC (Allocation Failure) 2020-10-29T14:48:01.071+0000: [ParNew: 16388K->4K(18432K), 0.0024572 secs] 451050K->434666K(631224K), 0.0025086 secs] [Times: user=0.01 sys=0.00, real=0.00 secs] 
2020-10-29T14:48:01.091+0000: [GC (Allocation Failure) 2020-10-29T14:48:01.091+0000: [ParNew: 16388K->4K(18432K), 0.0030018 secs] 451050K->434666K(631224K), 0.0030685 secs] [Times: user=0.01 sys=0.00, real=0.00 secs] 
2020-10-29T14:48:01.111+0000: [GC (Allocation Failure) 2020-10-29T14:48:01.111+0000: [ParNew: 16388K->4K(18432K), 0.0030723 secs] 451050K->434666K(631224K), 0.0031396 secs] [Times: user=0.00 sys=0.00, real=0.00 secs] 
2020-10-29T14:48:01.131+0000: [GC (Allocation Failure) 2020-10-29T14:48:01.131+0000: [ParNew: 16388K->4K(18432K), 0.0029757 secs] 451050K->434666K(631224K), 0.0030411 secs] [Times: user=0.00 sys=0.00, real=0.00 secs] 
2020-10-29T14:48:01.149+0000: [GC (Allocation Failure) 2020-10-29T14:48:01.149+0000: [ParNew: 16388K->4K(18432K), 0.0030213 secs] 451050K->434666K(631224K), 0.0030872 secs] [Times: user=0.01 sys=0.00, real=0.00 secs] 
2020-10-29T14:48:01.167+0000: [GC (Allocation Failure) 2020-10-29T14:48:01.167+0000: [ParNew: 16388K->4K(18432K), 0.0029218 secs] 451050K->434666K(631224K), 0.0029868 secs] [Times: user=0.01 sys=0.00, real=0.00 secs] 
2020-10-29T14:48:01.185+0000: [GC (Allocation Failure) 2020-10-29T14:48:01.185+0000: [ParNew: 16388K->4K(18432K), 0.0026187 secs] 451050K->434666K(631224K), 0.0026752 secs] [Times: user=0.01 sys=0.00, real=0.01 secs] 
2020-10-29T14:48:01.207+0000: [GC (Allocation Failure) 2020-10-29T14:48:01.207+0000: [ParNew: 16388K->4K(18432K), 0.0029193 secs] 451050K->434666K(631224K), 0.0029833 secs] [Times: user=0.01 sys=0.00, real=0.00 secs] 
2020-10-29T14:48:01.225+0000: [GC (Allocation Failure) 2020-10-29T14:48:01.225+0000: [ParNew: 16388K->4K(18432K), 0.0028884 secs] 451050K->434666K(631224K), 0.0029515 secs] [Times: user=0.00 sys=0.00, real=0.01 secs] 
2020-10-29T14:48:01.243+0000: [GC (Allocation Failure) 2020-10-29T14:48:01.243+0000: [ParNew: 16388K->4K(18432K), 0.0029688 secs] 451050K->434666K(631224K), 0.0030327 secs] [Times: user=0.01 sys=0.00, real=0.00 secs] 
2020-10-29T14:48:01.261+0000: [GC (Allocation Failure) 2020-10-29T14:48:01.262+0000: [ParNew: 16388K->4K(18432K), 0.0029853 secs] 451050K->434666K(631224K), 0.0030511 secs] [Times: user=0.00 sys=0.00, real=0.00 secs] 
2020-10-29T14:48:01.283+0000: [GC (Allocation Failure) 2020-10-29T14:48:01.283+0000: [ParNew: 16388K->4K(18432K), 0.0030361 secs] 451050K->434666K(631224K), 0.0031019 secs] [Times: user=0.01 sys=0.00, real=0.00 secs] 
2020-10-29T14:48:01.301+0000: [GC (Allocation Failure) 2020-10-29T14:48:01.301+0000: [ParNew: 16388K->4K(18432K), 0.0030264 secs] 451050K->434666K(631224K), 0.0030941 secs] [Times: user=0.01 sys=0.00, real=0.00 secs] 
2020-10-29T14:48:01.319+0000: [GC (Allocation Failure) 2020-10-29T14:48:01.319+0000: [ParNew: 16388K->4K(18432K), 0.0029843 secs] 451050K->434666K(631224K), 0.0030510 secs] [Times: user=0.00 sys=0.00, real=0.00 secs] 
2020-10-29T14:48:01.339+0000: [GC (Allocation Failure) 2020-10-29T14:48:01.339+0000: [ParNew: 16388K->4K(18432K), 0.0030013 secs] 451050K->434666K(631224K), 0.0030702 secs] [Times: user=0.01 sys=0.00, real=0.00 secs] 
2020-10-29T14:48:01.357+0000: [GC (Allocation Failure) 2020-10-29T14:48:01.357+0000: [ParNew: 16388K->4K(18432K), 0.0030213 secs] 451050K->434666K(631224K), 0.0030870 secs] [Times: user=0.01 sys=0.00, real=0.00 secs] 
2020-10-29T14:48:01.379+0000: [GC (Allocation Failure) 2020-10-29T14:48:01.379+0000: [ParNew: 16388K->4K(18432K), 0.0030469 secs] 451050K->434666K(631224K), 0.0031152 secs] [Times: user=0.01 sys=0.00, real=0.00 secs] 
2020-10-29T14:48:01.397+0000: [GC (Allocation Failure) 2020-10-29T14:48:01.397+0000: [ParNew: 16388K->4K(18432K), 0.0030884 secs] 451050K->434666K(631224K), 0.0031596 secs] [Times: user=0.01 sys=0.00, real=0.00 secs] 
2020-10-29T14:48:01.416+0000: [GC (Allocation Failure) 2020-10-29T14:48:01.416+0000: [ParNew: 16388K->4K(18432K), 0.0030243 secs] 451050K->434666K(631224K), 0.0030920 secs] [Times: user=0.01 sys=0.00, real=0.00 secs] 
2020-10-29T14:48:01.434+0000: [GC (Allocation Failure) 2020-10-29T14:48:01.434+0000: [ParNew: 16388K->4K(18432K), 0.0030137 secs] 451050K->434666K(631224K), 0.0030937 secs] [Times: user=0.01 sys=0.00, real=0.01 secs] 
2020-10-29T14:48:01.452+0000: [GC (Allocation Failure) 2020-10-29T14:48:01.452+0000: [ParNew: 16388K->4K(18432K), 0.0030286 secs] 451050K->434666K(631224K), 0.0030968 secs] [Times: user=0.00 sys=0.00, real=0.01 secs] 
2020-10-29T14:48:01.474+0000: [GC (Allocation Failure) 2020-10-29T14:48:01.474+0000: [ParNew: 16388K->4K(18432K), 0.0029602 secs] 451050K->434666K(631224K), 0.0030367 secs] [Times: user=0.01 sys=0.00, real=0.01 secs] 
2020-10-29T14:48:01.495+0000: [GC (Allocation Failure) 2020-10-29T14:48:01.495+0000: [ParNew: 16388K->4K(18432K), 0.0030340 secs] 451050K->434666K(631224K), 0.0031020 secs] [Times: user=0.01 sys=0.00, real=0.00 secs] 
2020-10-29T14:48:01.513+0000: [GC (Allocation Failure) 2020-10-29T14:48:01.513+0000: [ParNew: 16388K->4K(18432K), 0.0031448 secs] 451050K->434666K(631224K), 0.0032136 secs] [Times: user=0.00 sys=0.00, real=0.01 secs] 
2020-10-29T14:48:01.531+0000: [GC (Allocation Failure) 2020-10-29T14:48:01.531+0000: [ParNew: 16388K->4K(18432K), 0.0030290 secs] 451050K->434666K(631224K), 0.0030966 secs] [Times: user=0.01 sys=0.00, real=0.00 secs] 
2020-10-29T14:48:01.550+0000: [GC (Allocation Failure) 2020-10-29T14:48:01.550+0000: [ParNew: 16388K->4K(18432K), 0.0030178 secs] 451050K->434666K(631224K), 0.0030826 secs] [Times: user=0.00 sys=0.00, real=0.00 secs] 
2020-10-29T14:48:01.568+0000: [GC (Allocation Failure) 2020-10-29T14:48:01.568+0000: [ParNew: 16388K->4K(18432K), 0.0030519 secs] 451050K->434666K(631224K), 0.0031202 secs] [Times: user=0.00 sys=0.00, real=0.00 secs] 
2020-10-29T14:48:01.586+0000: [GC (Allocation Failure) 2020-10-29T14:48:01.586+0000: [ParNew: 16388K->4K(18432K), 0.0031193 secs] 451050K->434666K(631224K), 0.0031862 secs] [Times: user=0.01 sys=0.00, real=0.01 secs] 
2020-10-29T14:48:01.604+0000: [GC (Allocation Failure) 2020-10-29T14:48:01.604+0000: [ParNew: 16388K->4K(18432K), 0.0030730 secs] 451050K->434666K(631224K), 0.0031399 secs] [Times: user=0.00 sys=0.00, real=0.01 secs] 
2020-10-29T14:48:01.622+0000: [GC (Allocation Failure) 2020-10-29T14:48:01.622+0000: [ParNew: 16388K->4K(18432K), 0.0030354 secs] 451050K->434666K(631224K), 0.0031005 secs] [Times: user=0.01 sys=0.00, real=0.00 secs] 
2020-10-29T14:48:01.640+0000: [GC (Allocation Failure) 2020-10-29T14:48:01.640+0000: [ParNew: 16388K->4K(18432K), 0.0030688 secs] 451050K->434666K(631224K), 0.0031353 secs] [Times: user=0.01 sys=0.00, real=0.00 secs] 
2020-10-29T14:48:01.659+0000: [GC (Allocation Failure) 2020-10-29T14:48:01.659+0000: [ParNew: 16388K->4K(18432K), 0.0029622 secs] 451050K->434666K(631224K), 0.0030292 secs] [Times: user=0.00 sys=0.00, real=0.00 secs] 
2020-10-29T14:48:01.679+0000: [GC (Allocation Failure) 2020-10-29T14:48:01.679+0000: [ParNew: 16388K->4K(18432K), 0.0029994 secs] 451050K->434666K(631224K), 0.0030635 secs] [Times: user=0.01 sys=0.00, real=0.00 secs] 
2020-10-29T14:48:01.697+0000: [GC (Allocation Failure) 2020-10-29T14:48:01.697+0000: [ParNew: 16388K->4K(18432K), 0.0030782 secs] 451050K->434666K(631224K), 0.0031460 secs] [Times: user=0.00 sys=0.00, real=0.00 secs] 
2020-10-29T14:48:01.719+0000: [GC (Allocation Failure) 2020-10-29T14:48:01.719+0000: [ParNew: 16388K->4K(18432K), 0.0030315 secs] 451050K->434666K(631224K), 0.0030981 secs] [Times: user=0.00 sys=0.00, real=0.00 secs] 
2020-10-29T14:48:01.737+0000: [GC (Allocation Failure) 2020-10-29T14:48:01.737+0000: [ParNew: 16388K->4K(18432K), 0.0031107 secs] 451050K->434666K(631224K), 0.0031786 secs] [Times: user=0.01 sys=0.00, real=0.00 secs] 
2020-10-29T14:48:01.755+0000: [GC (Allocation Failure) 2020-10-29T14:48:01.755+0000: [ParNew: 16388K->4K(18432K), 0.0030641 secs] 451050K->434666K(631224K), 0.0031336 secs] [Times: user=0.01 sys=0.00, real=0.00 secs] 
2020-10-29T14:48:01.774+0000: [GC (Allocation Failure) 2020-10-29T14:48:01.774+0000: [ParNew: 16388K->4K(18432K), 0.0030558 secs] 451050K->434666K(631224K), 0.0031250 secs] [Times: user=0.00 sys=0.00, real=0.01 secs] 
2020-10-29T14:48:01.793+0000: [GC (Allocation Failure) 2020-10-29T14:48:01.793+0000: [ParNew: 16388K->4K(18432K), 0.0030291 secs] 451050K->434666K(631224K), 0.0031026 secs] [Times: user=0.01 sys=0.00, real=0.01 secs] 
2020-10-29T14:48:01.811+0000: [GC (Allocation Failure) 2020-10-29T14:48:01.811+0000: [ParNew: 16388K->4K(18432K), 0.0029830 secs] 451050K->434666K(631224K), 0.0030531 secs] [Times: user=0.00 sys=0.00, real=0.00 secs] 
2020-10-29T14:48:01.830+0000: [GC (Allocation Failure) 2020-10-29T14:48:01.830+0000: [ParNew: 16388K->4K(18432K), 0.0030321 secs] 451050K->434666K(631224K), 0.0031204 secs] [Times: user=0.01 sys=0.00, real=0.00 secs] 
2020-10-29T14:48:01.851+0000: [GC (Allocation Failure) 2020-10-29T14:48:01.851+0000: [ParNew: 16388K->4K(18432K), 0.0030231 secs] 451050K->434666K(631224K), 0.0030928 secs] [Times: user=0.01 sys=0.01, real=0.00 secs] 
2020-10-29T14:48:01.871+0000: [GC (Allocation Failure) 2020-10-29T14:48:01.871+0000: [ParNew: 16388K->4K(18432K), 0.0029885 secs] 451050K->434666K(631224K), 0.0030550 secs] [Times: user=0.00 sys=0.00, real=0.00 secs] 
2020-10-29T14:48:01.889+0000: [GC (Allocation Failure) 2020-10-29T14:48:01.889+0000: [ParNew: 16388K->4K(18432K), 0.0031436 secs] 451050K->434666K(631224K), 0.0032140 secs] [Times: user=0.01 sys=0.00, real=0.00 secs] 
2020-10-29T14:48:01.914+0000: [GC (Allocation Failure) 2020-10-29T14:48:01.914+0000: [ParNew: 16388K->4K(18432K), 0.0030245 secs] 451050K->434666K(631224K), 0.0030943 secs] [Times: user=0.01 sys=0.00, real=0.01 secs] 
2020-10-29T14:48:01.932+0000: [GC (Allocation Failure) 2020-10-29T14:48:01.932+0000: [ParNew: 16388K->4K(18432K), 0.0030002 secs] 451050K->434666K(631224K), 0.0030683 secs] [Times: user=0.00 sys=0.00, real=0.01 secs] 
2020-10-29T14:48:01.950+0000: [GC (Allocation Failure) 2020-10-29T14:48:01.950+0000: [ParNew: 16388K->4K(18432K), 0.0031142 secs] 451050K->434666K(631224K), 0.0031846 secs] [Times: user=0.01 sys=0.00, real=0.00 secs] 
2020-10-29T14:48:01.969+0000: [GC (Allocation Failure) 2020-10-29T14:48:01.969+0000: [ParNew: 16388K->4K(18432K), 0.0030597 secs] 451050K->434666K(631224K), 0.0031380 secs] [Times: user=0.01 sys=0.00, real=0.00 secs] 
2020-10-29T14:48:01.991+0000: [GC (Allocation Failure) 2020-10-29T14:48:01.991+0000: [ParNew: 16388K->4K(18432K), 0.0030600 secs] 451050K->434666K(631224K), 0.0031282 secs] [Times: user=0.00 sys=0.00, real=0.00 secs] 
2020-10-29T14:48:02.011+0000: [GC (Allocation Failure) 2020-10-29T14:48:02.011+0000: [ParNew: 16388K->4K(18432K), 0.0030591 secs] 451050K->434666K(631224K), 0.0031272 secs] [Times: user=0.01 sys=0.00, real=0.00 secs] 
2020-10-29T14:48:02.029+0000: [GC (Allocation Failure) 2020-10-29T14:48:02.029+0000: [ParNew: 16388K->4K(18432K), 0.0030758 secs] 451050K->434666K(631224K), 0.0031460 secs] [Times: user=0.01 sys=0.00, real=0.00 secs] 
2020-10-29T14:48:02.051+0000: [GC (Allocation Failure) 2020-10-29T14:48:02.051+0000: [ParNew: 16388K->4K(18432K), 0.0030288 secs] 451050K->434666K(631224K), 0.0030961 secs] [Times: user=0.00 sys=0.00, real=0.00 secs] 
2020-10-29T14:48:02.071+0000: [GC (Allocation Failure) 2020-10-29T14:48:02.071+0000: [ParNew: 16388K->4K(18432K), 0.0030357 secs] 451050K->434666K(631224K), 0.0031071 secs] [Times: user=0.01 sys=0.00, real=0.00 secs] 
2020-10-29T14:48:02.089+0000: [GC (Allocation Failure) 2020-10-29T14:48:02.089+0000: [ParNew: 16388K->4K(18432K), 0.0031273 secs] 451050K->434666K(631224K), 0.0031978 secs] [Times: user=0.00 sys=0.00, real=0.00 secs] 
2020-10-29T14:48:02.111+0000: [GC (Allocation Failure) 2020-10-29T14:48:02.111+0000: [ParNew: 16388K->4K(18432K), 0.0030381 secs] 451050K->434666K(631224K), 0.0031068 secs] [Times: user=0.00 sys=0.00, real=0.00 secs] 
2020-10-29T14:48:02.129+0000: [GC (Allocation Failure) 2020-10-29T14:48:02.129+0000: [ParNew: 16388K->4K(18432K), 0.0031362 secs] 451050K->434666K(631224K), 0.0032057 secs] [Times: user=0.01 sys=0.00, real=0.00 secs] 
2020-10-29T14:48:02.151+0000: [GC (Allocation Failure) 2020-10-29T14:48:02.151+0000: [ParNew: 16388K->4K(18432K), 0.0030696 secs] 451050K->434666K(631224K), 0.0031370 secs] [Times: user=0.01 sys=0.00, real=0.00 secs] 
2020-10-29T14:48:02.171+0000: [GC (Allocation Failure) 2020-10-29T14:48:02.171+0000: [ParNew: 16388K->4K(18432K), 0.0030749 secs] 451050K->434666K(631224K), 0.0031513 secs] [Times: user=0.01 sys=0.00, real=0.00 secs] 
2020-10-29T14:48:02.190+0000: [GC (Allocation Failure) 2020-10-29T14:48:02.190+0000: [ParNew: 16388K->4K(18432K), 0.0031998 secs] 451050K->434666K(631224K), 0.0032731 secs] [Times: user=0.01 sys=0.00, real=0.00 secs] 
2020-10-29T14:48:02.209+0000: [GC (Allocation Failure) 2020-10-29T14:48:02.209+0000: [ParNew: 16388K->4K(18432K), 0.0030645 secs] 451050K->434666K(631224K), 0.0031443 secs] [Times: user=0.00 sys=0.00, real=0.00 secs] 
2020-10-29T14:48:02.228+0000: [GC (Allocation Failure) 2020-10-29T14:48:02.228+0000: [ParNew: 16388K->4K(18432K), 0.0030532 secs] 451050K->434666K(631224K), 0.0031220 secs] [Times: user=0.01 sys=0.00, real=0.00 secs] 
2020-10-29T14:48:02.247+0000: [GC (Allocation Failure) 2020-10-29T14:48:02.247+0000: [ParNew: 16388K->4K(18432K), 0.0030993 secs] 451050K->434666K(631224K), 0.0031696 secs] [Times: user=0.00 sys=0.00, real=0.00 secs] 
2020-10-29T14:48:02.267+0000: [GC (Allocation Failure) 2020-10-29T14:48:02.267+0000: [ParNew: 16388K->4K(18432K), 0.0030414 secs] 451050K->434666K(631224K), 0.0031085 secs] [Times: user=0.00 sys=0.00, real=0.00 secs] 
2020-10-29T14:48:02.287+0000: [GC (Allocation Failure) 2020-10-29T14:48:02.287+0000: [ParNew: 16388K->4K(18432K), 0.0030122 secs] 451050K->434666K(631224K), 0.0030804 secs] [Times: user=0.00 sys=0.00, real=0.00 secs] 
2020-10-29T14:48:02.307+0000: [GC (Allocation Failure) 2020-10-29T14:48:02.307+0000: [ParNew: 16388K->4K(18432K), 0.0039249 secs] 451050K->434666K(631224K), 0.0039967 secs] [Times: user=0.00 sys=0.00, real=0.00 secs] 
2020-10-29T14:48:02.326+0000: [GC (Allocation Failure) 2020-10-29T14:48:02.326+0000: [ParNew: 16388K->4K(18432K), 0.0030689 secs] 451050K->434666K(631224K), 0.0031378 secs] [Times: user=0.01 sys=0.00, real=0.01 secs] 
2020-10-29T14:48:02.344+0000: [GC (Allocation Failure) 2020-10-29T14:48:02.344+0000: [ParNew: 16388K->4K(18432K), 0.0031135 secs] 451050K->434666K(631224K), 0.0031831 secs] [Times: user=0.00 sys=0.00, real=0.01 secs] 
2020-10-29T14:48:02.364+0000: [GC (Allocation Failure) 2020-10-29T14:48:02.364+0000: [ParNew: 16388K->4K(18432K), 0.0030553 secs] 451050K->434666K(631224K), 0.0031233 secs] [Times: user=0.01 sys=0.00, real=0.01 secs] 
2020-10-29T14:48:02.382+0000: [GC (Allocation Failure) 2020-10-29T14:48:02.382+0000: [ParNew: 16388K->4K(18432K), 0.0031599 secs] 451050K->434666K(631224K), 0.0032317 secs] [Times: user=0.01 sys=0.00, real=0.00 secs] 
2020-10-29T14:48:02.401+0000: [GC (Allocation Failure) 2020-10-29T14:48:02.401+0000: [ParNew: 16388K->4K(18432K), 0.0030191 secs] 451050K->434666K(631224K), 0.0030862 secs] [Times: user=0.00 sys=0.00, real=0.00 secs] 
2020-10-29T14:48:02.420+0000: [GC (Allocation Failure) 2020-10-29T14:48:02.420+0000: [ParNew: 16388K->4K(18432K), 0.0030592 secs] 451050K->434666K(631224K), 0.0031331 secs] [Times: user=0.00 sys=0.00, real=0.00 secs] 
2020-10-29T14:48:02.439+0000: [GC (Allocation Failure) 2020-10-29T14:48:02.439+0000: [ParNew: 16388K->4K(18432K), 0.0030226 secs] 451050K->434666K(631224K), 0.0030979 secs] [Times: user=0.01 sys=0.00, real=0.00 secs] 
2020-10-29T14:48:02.459+0000: [GC (Allocation Failure) 2020-10-29T14:48:02.459+0000: [ParNew: 16388K->4K(18432K), 0.0030406 secs] 451050K->434666K(631224K), 0.0031077 secs] [Times: user=0.01 sys=0.00, real=0.00 secs] 
2020-10-29T14:48:02.483+0000: [GC (Allocation Failure) 2020-10-29T14:48:02.483+0000: [ParNew: 16388K->4K(18432K), 0.0030094 secs] 451050K->434666K(631224K), 0.0030767 secs] [Times: user=0.00 sys=0.00, real=0.00 secs] 
2020-10-29T14:48:02.501+0000: [GC (Allocation Failure) 2020-10-29T14:48:02.501+0000: [ParNew: 16388K->4K(18432K), 0.0030757 secs] 451050K->434666K(631224K), 0.0031582 secs] [Times: user=0.00 sys=0.00, real=0.00 secs] 
2020-10-29T14:48:02.523+0000: [GC (Allocation Failure) 2020-10-29T14:48:02.523+0000: [ParNew: 16388K->4K(18432K), 0.0029746 secs] 451050K->434666K(631224K), 0.0030432 secs] [Times: user=0.01 sys=0.00, real=0.00 secs] 
2020-10-29T14:48:02.541+0000: [GC (Allocation Failure) 2020-10-29T14:48:02.541+0000: [ParNew: 16388K->4K(18432K), 0.0029770 secs] 451050K->434666K(631224K), 0.0030426 secs] [Times: user=0.01 sys=0.00, real=0.00 secs] 
2020-10-29T14:48:02.562+0000: [GC (Allocation Failure) 2020-10-29T14:48:02.562+0000: [ParNew: 16388K->4K(18432K), 0.0027789 secs] 451050K->434666K(631224K), 0.0028414 secs] [Times: user=0.01 sys=0.00, real=0.00 secs] 
2020-10-29T14:48:02.580+0000: [GC (Allocation Failure) 2020-10-29T14:48:02.580+0000: [ParNew: 16388K->4K(18432K), 0.0029989 secs] 451050K->434666K(631224K), 0.0030662 secs] [Times: user=0.01 sys=0.00, real=0.00 secs] 
2020-10-29T14:48:02.599+0000: [GC (Allocation Failure) 2020-10-29T14:48:02.599+0000: [ParNew: 16388K->4K(18432K), 0.0030051 secs] 451050K->434666K(631224K), 0.0030701 secs] [Times: user=0.01 sys=0.00, real=0.00 secs] 
2020-10-29T14:48:02.617+0000: [GC (Allocation Failure) 2020-10-29T14:48:02.617+0000: [ParNew: 16388K->4K(18432K), 0.0029943 secs] 451050K->434666K(631224K), 0.0030604 secs] [Times: user=0.00 sys=0.00, real=0.00 secs] 
2020-10-29T14:48:02.635+0000: [GC (Allocation Failure) 2020-10-29T14:48:02.635+0000: [ParNew: 16388K->4K(18432K), 0.0030157 secs] 451050K->434666K(631224K), 0.0030877 secs] [Times: user=0.01 sys=0.00, real=0.00 secs] 
2020-10-29T14:48:02.654+0000: [GC (Allocation Failure) 2020-10-29T14:48:02.654+0000: [ParNew: 16388K->4K(18432K), 0.0030608 secs] 451050K->434666K(631224K), 0.0031307 secs] [Times: user=0.01 sys=0.00, real=0.01 secs] 
2020-10-29T14:48:02.673+0000: [GC (Allocation Failure) 2020-10-29T14:48:02.673+0000: [ParNew: 16388K->4K(18432K), 0.0030046 secs] 451050K->434666K(631224K), 0.0030722 secs] [Times: user=0.01 sys=0.00, real=0.01 secs] 
2020-10-29T14:48:02.695+0000: [GC (Allocation Failure) 2020-10-29T14:48:02.695+0000: [ParNew: 16388K->4K(18432K), 0.0029903 secs] 451050K->434666K(631224K), 0.0030574 secs] [Times: user=0.00 sys=0.00, real=0.00 secs] 
2020-10-29T14:48:02.713+0000: [GC (Allocation Failure) 2020-10-29T14:48:02.713+0000: [ParNew: 16388K->4K(18432K), 0.0029458 secs] 451050K->434666K(631224K), 0.0030195 secs] [Times: user=0.00 sys=0.00, real=0.01 secs] 
2020-10-29T14:48:02.731+0000: [GC (Allocation Failure) 2020-10-29T14:48:02.731+0000: [ParNew: 16388K->4K(18432K), 0.0029014 secs] 451050K->434666K(631224K), 0.0029800 secs] [Times: user=0.01 sys=0.00, real=0.00 secs] 
2020-10-29T14:48:02.749+0000: [GC (Allocation Failure) 2020-10-29T14:48:02.749+0000: [ParNew: 16388K->4K(18432K), 0.0030124 secs] 451050K->434666K(631224K), 0.0030794 secs] [Times: user=0.00 sys=0.00, real=0.00 secs] 
2020-10-29T14:48:02.771+0000: [GC (Allocation Failure) 2020-10-29T14:48:02.771+0000: [ParNew: 16388K->4K(18432K), 0.0026904 secs] 451050K->434666K(631224K), 0.0027504 secs] [Times: user=0.01 sys=0.00, real=0.00 secs] 
2020-10-29T14:48:02.789+0000: [GC (Allocation Failure) 2020-10-29T14:48:02.789+0000: [ParNew: 16388K->4K(18432K), 0.0022957 secs] 451050K->434666K(631224K), 0.0023507 secs] [Times: user=0.00 sys=0.00, real=0.00 secs] 
2020-10-29T14:48:02.806+0000: [GC (Allocation Failure) 2020-10-29T14:48:02.806+0000: [ParNew: 16388K->4K(18432K), 0.0027057 secs] 451050K->434666K(631224K), 0.0027665 secs] [Times: user=0.01 sys=0.00, real=0.01 secs] 
2020-10-29T14:48:02.840+0000: [GC (Allocation Failure) 2020-10-29T14:48:02.841+0000: [ParNew: 16388K->8K(18432K), 0.0030223 secs] 451050K->434670K(631224K), 0.0030997 secs] [Times: user=0.00 sys=0.00, real=0.00 secs] 
2020-10-29T14:48:02.844+0000: [CMS-concurrent-abortable-preclean: 0.144/1.785 secs] [Times: user=3.21 sys=0.11, real=1.78 secs] 
2020-10-29T14:48:02.847+0000: [GC (CMS Final Remark) [YG occupancy: 334 K (18432 K)]2020-10-29T14:48:02.847+0000: [Rescan (parallel) , 0.0016068 secs]2020-10-29T14:48:02.848+0000: [weak refs processing, 0.0000870 secs]2020-10-29T14:48:02.848+0000: [class unloading, 0.0127374 secs]2020-10-29T14:48:02.861+0000: [scrub symbol table, 0.0108004 secs]2020-10-29T14:48:02.872+0000: [scrub string table, 0.0007558 secs][1 CMS-remark: 434662K(612792K)] 434996K(631224K), 0.0261312 secs] [Times: user=0.02 sys=0.00, real=0.02 secs] 
2020-10-29T14:48:02.877+0000: [CMS-concurrent-sweep-start]
2020-10-29T14:48:02.891+0000: [GC (Allocation Failure) 2020-10-29T14:48:02.891+0000: [ParNew: 16392K->6K(18432K), 0.0030984 secs] 450920K->434534K(631224K), 0.0031664 secs] [Times: user=0.01 sys=0.00, real=0.00 secs] 
2020-10-29T14:48:02.907+0000: [CMS-concurrent-sweep: 0.027/0.030 secs] [Times: user=0.06 sys=0.00, real=0.03 secs] 
2020-10-29T14:48:02.907+0000: [CMS-concurrent-reset-start]
2020-10-29T14:48:02.909+0000: [CMS-concurrent-reset: 0.002/0.002 secs] [Times: user=0.01 sys=0.00, real=0.00 secs] 
2020-10-29T14:48:02.914+0000: [GC (Allocation Failure) 2020-10-29T14:48:02.915+0000: [ParNew: 16390K->6K(18432K), 0.0031265 secs] 270369K->253986K(631224K), 0.0031887 secs] [Times: user=0.00 sys=0.00, real=0.01 secs] 
2020-10-29T14:48:02.932+0000: [GC (Allocation Failure) 2020-10-29T14:48:02.932+0000: [ParNew: 16390K->7K(18432K), 0.0030245 secs] 270370K->253986K(631224K), 0.0030901 secs] [Times: user=0.01 sys=0.00, real=0.01 secs] 
2020-10-29T14:48:02.951+0000: [GC (Allocation Failure) 2020-10-29T14:48:02.951+0000: [ParNew: 16391K->7K(18432K), 0.0030713 secs] 270370K->253986K(631224K), 0.0031409 secs] [Times: user=0.00 sys=0.00, real=0.00 secs] 
2020-10-29T14:48:02.969+0000: [GC (Allocation Failure) 2020-10-29T14:48:02.969+0000: [ParNew: 16391K->7K(18432K), 0.0030489 secs] 270370K->253986K(631224K), 0.0031183 secs] [Times: user=0.01 sys=0.00, real=0.00 secs] 
2020-10-29T14:48:02.986+0000: [GC (Allocation Failure) 2020-10-29T14:48:02.986+0000: [ParNew: 16391K->4K(18432K), 0.0031646 secs] 270370K->253987K(631224K), 0.0032351 secs] [Times: user=0.00 sys=0.00, real=0.01 secs] 
2020-10-29T14:48:03.007+0000: [GC (Allocation Failure) 2020-10-29T14:48:03.007+0000: [ParNew: 16388K->4K(18432K), 0.0030678 secs] 270371K->253986K(631224K), 0.0031376 secs] [Times: user=0.01 sys=0.00, real=0.00 secs] 
2020-10-29T14:48:03.027+0000: [GC (Allocation Failure) 2020-10-29T14:48:03.027+0000: [ParNew: 16388K->4K(18432K), 0.0030596 secs] 270370K->253986K(631224K), 0.0031266 secs] [Times: user=0.00 sys=0.00, real=0.00 secs] 
2020-10-29T14:48:03.047+0000: [GC (Allocation Failure) 2020-10-29T14:48:03.047+0000: [ParNew: 16388K->4K(18432K), 0.0030970 secs] 270370K->253986K(631224K), 0.0031639 secs] [Times: user=0.00 sys=0.00, real=0.00 secs] 
2020-10-29T14:48:03.067+0000: [GC (Allocation Failure) 2020-10-29T14:48:03.067+0000: [ParNew: 16388K->4K(18432K), 0.0030366 secs] 270370K->253986K(631224K), 0.0031037 secs] [Times: user=0.01 sys=0.00, real=0.00 secs] 
2020-10-29T14:48:03.087+0000: [GC (Allocation Failure) 2020-10-29T14:48:03.087+0000: [ParNew: 16388K->4K(18432K), 0.0030316 secs] 270370K->253986K(631224K), 0.0030992 secs] [Times: user=0.00 sys=0.00, real=0.00 secs] 
2020-10-29T14:48:03.107+0000: [GC (Allocation Failure) 2020-10-29T14:48:03.107+0000: [ParNew: 16388K->4K(18432K), 0.0030579 secs] 270370K->253986K(631224K), 0.0031267 secs] [Times: user=0.01 sys=0.00, real=0.00 secs] 
2020-10-29T14:48:03.127+0000: [GC (Allocation Failure) 2020-10-29T14:48:03.127+0000: [ParNew: 16388K->4K(18432K), 0.0030115 secs] 270370K->253986K(631224K), 0.0030786 secs] [Times: user=0.00 sys=0.00, real=0.00 secs] 
2020-10-29T14:48:03.139+0000: [GC (Allocation Failure) 2020-10-29T14:48:03.139+0000: [ParNew: 16388K->4K(18432K), 0.0048149 secs] 270370K->262178K(631224K), 0.0048803 secs] [Times: user=0.01 sys=0.00, real=0.00 secs] 
2020-10-29T14:48:03.159+0000: [GC (Allocation Failure) 2020-10-29T14:48:03.159+0000: [ParNew: 16388K->4K(18432K), 0.0030138 secs] 278562K->262178K(631224K), 0.0030818 secs] [Times: user=0.00 sys=0.00, real=0.00 secs] 
2020-10-29T14:48:03.176+0000: [GC (Allocation Failure) 2020-10-29T14:48:03.176+0000: [ParNew: 16388K->4K(18432K), 0.0030838 secs] 278562K->262178K(631224K), 0.0031493 secs] [Times: user=0.01 sys=0.00, real=0.00 secs] 
2020-10-29T14:48:03.195+0000: [GC (Allocation Failure) 2020-10-29T14:48:03.195+0000: [ParNew: 16388K->4K(18432K), 0.0030315 secs] 278562K->262178K(631224K), 0.0030992 secs] [Times: user=0.01 sys=0.00, real=0.00 secs] 
2020-10-29T14:48:03.214+0000: [GC (Allocation Failure) 2020-10-29T14:48:03.214+0000: [ParNew: 16388K->4K(18432K), 0.0030897 secs] 278562K->262178K(631224K), 0.0031579 secs] [Times: user=0.00 sys=0.00, real=0.01 secs] 
2020-10-29T14:48:03.232+0000: [GC (Allocation Failure) 2020-10-29T14:48:03.232+0000: [ParNew: 16388K->4K(18432K), 0.0030719 secs] 278562K->262178K(631224K), 0.0031568 secs] [Times: user=0.00 sys=0.00, real=0.01 secs] 
2020-10-29T14:48:03.251+0000: [GC (Allocation Failure) 2020-10-29T14:48:03.251+0000: [ParNew: 16388K->4K(18432K), 0.0029832 secs] 278562K->262178K(631224K), 0.0030508 secs] [Times: user=0.01 sys=0.00, real=0.00 secs] 
2020-10-29T14:48:03.268+0000: [GC (Allocation Failure) 2020-10-29T14:48:03.268+0000: [ParNew: 16388K->4K(18432K), 0.0031111 secs] 278562K->262178K(631224K), 0.0031849 secs] [Times: user=0.00 sys=0.00, real=0.00 secs] 
2020-10-29T14:48:03.287+0000: [GC (Allocation Failure) 2020-10-29T14:48:03.287+0000: [ParNew: 16388K->4K(18432K), 0.0030605 secs] 278562K->262178K(631224K), 0.0031292 secs] [Times: user=0.01 sys=0.00, real=0.00 secs] 
2020-10-29T14:48:03.307+0000: [GC (Allocation Failure) 2020-10-29T14:48:03.307+0000: [ParNew: 16388K->4K(18432K), 0.0029870 secs] 278562K->262178K(631224K), 0.0030541 secs] [Times: user=0.00 sys=0.00, real=0.00 secs] 
2020-10-29T14:48:03.327+0000: [GC (Allocation Failure) 2020-10-29T14:48:03.327+0000: [ParNew: 16388K->4K(18432K), 0.0030839 secs] 278562K->262178K(631224K), 0.0031523 secs] [Times: user=0.00 sys=0.00, real=0.00 secs] 
2020-10-29T14:48:03.344+0000: [GC (Allocation Failure) 2020-10-29T14:48:03.344+0000: [ParNew: 16388K->4K(18432K), 0.0030063 secs] 278562K->262178K(631224K), 0.0030730 secs] [Times: user=0.01 sys=0.00, real=0.01 secs] 
2020-10-29T14:48:03.363+0000: [GC (Allocation Failure) 2020-10-29T14:48:03.363+0000: [ParNew: 16388K->4K(18432K), 0.0030121 secs] 278562K->262178K(631224K), 0.0030788 secs] [Times: user=0.00 sys=0.00, real=0.00 secs] 
2020-10-29T14:48:03.383+0000: [GC (Allocation Failure) 2020-10-29T14:48:03.383+0000: [ParNew: 16388K->4K(18432K), 0.0030405 secs] 278562K->262178K(631224K), 0.0031086 secs] [Times: user=0.00 sys=0.00, real=0.00 secs] 
2020-10-29T14:48:03.400+0000: [GC (Allocation Failure) 2020-10-29T14:48:03.400+0000: [ParNew: 16388K->4K(18432K), 0.0030042 secs] 278562K->262178K(631224K), 0.0030980 secs] [Times: user=0.01 sys=0.00, real=0.00 secs] 
2020-10-29T14:48:03.419+0000: [GC (Allocation Failure) 2020-10-29T14:48:03.419+0000: [ParNew: 16388K->4K(18432K), 0.0032422 secs] 278562K->262178K(631224K), 0.0033368 secs] [Times: user=0.01 sys=0.00, real=0.00 secs] 
2020-10-29T14:48:03.437+0000: [GC (Allocation Failure) 2020-10-29T14:48:03.437+0000: [ParNew: 16388K->4K(18432K), 0.0030502 secs] 278562K->262178K(631224K), 0.0031162 secs] [Times: user=0.00 sys=0.00, real=0.00 secs] 
2020-10-29T14:48:03.454+0000: [GC (Allocation Failure) 2020-10-29T14:48:03.454+0000: [ParNew: 16388K->4K(18432K), 0.0030130 secs] 278562K->262178K(631224K), 0.0030780 secs] [Times: user=0.00 sys=0.00, real=0.01 secs] 
2020-10-29T14:48:03.473+0000: [GC (Allocation Failure) 2020-10-29T14:48:03.473+0000: [ParNew: 16388K->4K(18432K), 0.0031000 secs] 278562K->262178K(631224K), 0.0031712 secs] [Times: user=0.00 sys=0.00, real=0.01 secs] 
2020-10-29T14:48:03.491+0000: [GC (Allocation Failure) 2020-10-29T14:48:03.491+0000: [ParNew: 16388K->4K(18432K), 0.0030618 secs] 278562K->262178K(631224K), 0.0031333 secs] [Times: user=0.00 sys=0.00, real=0.00 secs] 
2020-10-29T14:48:03.508+0000: [GC (Allocation Failure) 2020-10-29T14:48:03.508+0000: [ParNew: 16388K->4K(18432K), 0.0036081 secs] 278562K->262178K(631224K), 0.0036769 secs] [Times: user=0.01 sys=0.00, real=0.00 secs] 
2020-10-29T14:48:03.527+0000: [GC (Allocation Failure) 2020-10-29T14:48:03.528+0000: [ParNew: 16388K->4K(18432K), 0.0052311 secs] 278562K->262178K(631224K), 0.0052947 secs] [Times: user=0.01 sys=0.00, real=0.00 secs] 
2020-10-29T14:48:03.547+0000: [GC (Allocation Failure) 2020-10-29T14:48:03.547+0000: [ParNew: 16388K->4K(18432K), 0.0031087 secs] 278562K->262178K(631224K), 0.0031817 secs] [Times: user=0.00 sys=0.00, real=0.00 secs] 
2020-10-29T14:48:03.565+0000: [GC (Allocation Failure) 2020-10-29T14:48:03.565+0000: [ParNew: 16388K->4K(18432K), 0.0030864 secs] 278562K->262178K(631224K), 0.0031539 secs] [Times: user=0.01 sys=0.00, real=0.01 secs] 
2020-10-29T14:48:03.583+0000: [GC (Allocation Failure) 2020-10-29T14:48:03.583+0000: [ParNew: 16388K->4K(18432K), 0.0030339 secs] 278562K->262178K(631224K), 0.0031159 secs] [Times: user=0.00 sys=0.00, real=0.00 secs] 
2020-10-29T14:48:03.603+0000: [GC (Allocation Failure) 2020-10-29T14:48:03.603+0000: [ParNew: 16388K->4K(18432K), 0.0030641 secs] 278562K->262178K(631224K), 0.0031312 secs] [Times: user=0.01 sys=0.00, real=0.00 secs] 
2020-10-29T14:48:03.623+0000: [GC (Allocation Failure) 2020-10-29T14:48:03.623+0000: [ParNew: 16388K->4K(18432K), 0.0030478 secs] 278562K->262178K(631224K), 0.0031144 secs] [Times: user=0.00 sys=0.00, real=0.00 secs] 
2020-10-29T14:48:03.640+0000: [GC (Allocation Failure) 2020-10-29T14:48:03.640+0000: [ParNew: 16388K->4K(18432K), 0.0031031 secs] 278562K->262178K(631224K), 0.0031929 secs] [Times: user=0.00 sys=0.00, real=0.00 secs] 
2020-10-29T14:48:03.658+0000: [GC (Allocation Failure) 2020-10-29T14:48:03.658+0000: [ParNew: 16388K->4K(18432K), 0.0030790 secs] 278562K->262178K(631224K), 0.0031460 secs] [Times: user=0.01 sys=0.00, real=0.00 secs] 
2020-10-29T14:48:03.679+0000: [GC (Allocation Failure) 2020-10-29T14:48:03.679+0000: [ParNew: 16388K->4K(18432K), 0.0029822 secs] 278562K->262178K(631224K), 0.0030493 secs] [Times: user=0.00 sys=0.00, real=0.00 secs] 
2020-10-29T14:48:03.696+0000: [GC (Allocation Failure) 2020-10-29T14:48:03.696+0000: [ParNew: 16388K->4K(18432K), 0.0029230 secs] 278562K->262178K(631224K), 0.0029858 secs] [Times: user=0.01 sys=0.00, real=0.00 secs] 
2020-10-29T14:48:03.714+0000: [GC (Allocation Failure) 2020-10-29T14:48:03.714+0000: [ParNew: 16388K->4K(18432K), 0.0029443 secs] 278562K->262178K(631224K), 0.0030091 secs] [Times: user=0.00 sys=0.00, real=0.01 secs] 
2020-10-29T14:48:03.731+0000: [GC (Allocation Failure) 2020-10-29T14:48:03.731+0000: [ParNew: 16388K->4K(18432K), 0.0030932 secs] 278562K->262178K(631224K), 0.0031606 secs] [Times: user=0.01 sys=0.00, real=0.00 secs] 
2020-10-29T14:48:03.749+0000: [GC (Allocation Failure) 2020-10-29T14:48:03.749+0000: [ParNew: 16388K->4K(18432K), 0.0030282 secs] 278562K->262178K(631224K), 0.0030968 secs] [Times: user=0.01 sys=0.00, real=0.00 secs] 
2020-10-29T14:48:03.766+0000: [GC (Allocation Failure) 2020-10-29T14:48:03.766+0000: [ParNew: 16388K->4K(18432K), 0.0030378 secs] 278562K->262178K(631224K), 0.0031032 secs] [Times: user=0.01 sys=0.00, real=0.01 secs] 
2020-10-29T14:48:03.784+0000: [GC (Allocation Failure) 2020-10-29T14:48:03.784+0000: [ParNew: 16388K->4K(18432K), 0.0031724 secs] 278562K->262178K(631224K), 0.0032475 secs] [Times: user=0.01 sys=0.00, real=0.01 secs] 
2020-10-29T14:48:03.801+0000: [GC (Allocation Failure) 2020-10-29T14:48:03.801+0000: [ParNew: 16388K->4K(18432K), 0.0030590 secs] 278562K->262178K(631224K), 0.0031249 secs] [Times: user=0.01 sys=0.00, real=0.00 secs] 
2020-10-29T14:48:03.822+0000: [GC (Allocation Failure) 2020-10-29T14:48:03.823+0000: [ParNew: 16388K->4K(18432K), 0.0029658 secs] 278562K->262178K(631224K), 0.0030308 secs] [Times: user=0.00 sys=0.00, real=0.00 secs] 
2020-10-29T14:48:03.840+0000: [GC (Allocation Failure) 2020-10-29T14:48:03.840+0000: [ParNew: 16388K->4K(18432K), 0.0030139 secs] 278562K->262178K(631224K), 0.0030785 secs] [Times: user=0.01 sys=0.00, real=0.00 secs] 
2020-10-29T14:48:03.857+0000: [GC (Allocation Failure) 2020-10-29T14:48:03.857+0000: [ParNew: 16388K->4K(18432K), 0.0034055 secs] 278562K->262178K(631224K), 0.0034683 secs] [Times: user=0.00 sys=0.00, real=0.00 secs] 
2020-10-29T14:48:03.875+0000: [GC (Allocation Failure) 2020-10-29T14:48:03.875+0000: [ParNew: 16388K->4K(18432K), 0.0029919 secs] 278562K->262178K(631224K), 0.0030573 secs] [Times: user=0.00 sys=0.00, real=0.00 secs] 
2020-10-29T14:48:03.895+0000: [GC (Allocation Failure) 2020-10-29T14:48:03.895+0000: [ParNew: 16388K->4K(18432K), 0.0029970 secs] 278562K->262178K(631224K), 0.0030616 secs] [Times: user=0.00 sys=0.00, real=0.00 secs] 
2020-10-29T14:48:03.919+0000: [GC (Allocation Failure) 2020-10-29T14:48:03.919+0000: [ParNew: 16388K->4K(18432K), 0.0030504 secs] 278562K->262178K(631224K), 0.0031205 secs] [Times: user=0.01 sys=0.00, real=0.00 secs] 
2020-10-29T14:48:03.936+0000: [GC (Allocation Failure) 2020-10-29T14:48:03.936+0000: [ParNew: 16388K->4K(18432K), 0.0028500 secs] 278562K->262178K(631224K), 0.0029116 secs] [Times: user=0.01 sys=0.00, real=0.00 secs] 
2020-10-29T14:48:03.953+0000: [GC (Allocation Failure) 2020-10-29T14:48:03.954+0000: [ParNew: 16388K->6K(18432K), 0.0029127 secs] 278562K->262180K(631224K), 0.0029765 secs] [Times: user=0.00 sys=0.00, real=0.01 secs] 
2020-10-29T14:48:03.971+0000: [GC (Allocation Failure) 2020-10-29T14:48:03.971+0000: [ParNew: 16390K->4K(18432K), 0.0029756 secs] 278564K->262178K(631224K), 0.0030431 secs] [Times: user=0.01 sys=0.00, real=0.00 secs] 
2020-10-29T14:48:03.988+0000: [GC (Allocation Failure) 2020-10-29T14:48:03.988+0000: [ParNew: 16388K->4K(18432K), 0.0028816 secs] 278562K->262178K(631224K), 0.0029400 secs] [Times: user=0.01 sys=0.00, real=0.00 secs] 
2020-10-29T14:48:04.006+0000: [GC (Allocation Failure) 2020-10-29T14:48:04.006+0000: [ParNew: 16388K->4K(18432K), 0.0032987 secs] 278562K->262178K(631224K), 0.0033805 secs] [Times: user=0.00 sys=0.00, real=0.01 secs] 
2020-10-29T14:48:04.024+0000: [GC (Allocation Failure) 2020-10-29T14:48:04.024+0000: [ParNew: 16388K->4K(18432K), 0.0029737 secs] 278562K->262179K(631224K), 0.0030405 secs] [Times: user=0.01 sys=0.00, real=0.01 secs] 
2020-10-29T14:48:04.041+0000: [GC (Allocation Failure) 2020-10-29T14:48:04.041+0000: [ParNew: 16388K->4K(18432K), 0.0030696 secs] 278563K->262179K(631224K), 0.0031376 secs] [Times: user=0.01 sys=0.00, real=0.00 secs] 
2020-10-29T14:48:04.055+0000: [GC (Allocation Failure) 2020-10-29T14:48:04.055+0000: [ParNew: 16388K->4K(18432K), 0.0048863 secs] 278563K->270371K(631224K), 0.0049576 secs] [Times: user=0.01 sys=0.00, real=0.00 secs] 
2020-10-29T14:48:04.074+0000: [GC (Allocation Failure) 2020-10-29T14:48:04.074+0000: [ParNew: 16388K->4K(18432K), 0.0031034 secs] 286755K->270371K(631224K), 0.0031722 secs] [Times: user=0.01 sys=0.00, real=0.01 secs] 
2020-10-29T14:48:04.092+0000: [GC (Allocation Failure) 2020-10-29T14:48:04.092+0000: [ParNew: 16388K->4K(18432K), 0.0031836 secs] 286755K->270371K(631224K), 0.0032541 secs] [Times: user=0.00 sys=0.00, real=0.01 secs] 
2020-10-29T14:48:04.111+0000: [GC (Allocation Failure) 2020-10-29T14:48:04.111+0000: [ParNew: 16388K->4K(18432K), 0.0030424 secs] 286755K->270371K(631224K), 0.0031074 secs] [Times: user=0.01 sys=0.00, real=0.00 secs] 
2020-10-29T14:48:04.128+0000: [GC (Allocation Failure) 2020-10-29T14:48:04.128+0000: [ParNew: 16388K->4K(18432K), 0.0030267 secs] 286755K->270371K(631224K), 0.0030913 secs] [Times: user=0.01 sys=0.00, real=0.00 secs] 
2020-10-29T14:48:04.146+0000: [GC (Allocation Failure) 2020-10-29T14:48:04.146+0000: [ParNew: 16388K->4K(18432K), 0.0030729 secs] 286755K->270371K(631224K), 0.0031502 secs] [Times: user=0.00 sys=0.00, real=0.01 secs] 
2020-10-29T14:48:04.163+0000: [GC (Allocation Failure) 2020-10-29T14:48:04.163+0000: [ParNew: 16388K->4K(18432K), 0.0030704 secs] 286755K->270371K(631224K), 0.0031383 secs] [Times: user=0.00 sys=0.00, real=0.00 secs] 
2020-10-29T14:48:04.181+0000: [GC (Allocation Failure) 2020-10-29T14:48:04.181+0000: [ParNew: 16388K->4K(18432K), 0.0029551 secs] 286755K->270371K(631224K), 0.0030215 secs] [Times: user=0.01 sys=0.00, real=0.00 secs] 
2020-10-29T14:48:04.198+0000: [GC (Allocation Failure) 2020-10-29T14:48:04.198+0000: [ParNew: 16388K->4K(18432K), 0.0028978 secs] 286755K->270371K(631224K), 0.0029610 secs] [Times: user=0.01 sys=0.00, real=0.00 secs] 
2020-10-29T14:48:04.215+0000: [GC (Allocation Failure) 2020-10-29T14:48:04.216+0000: [ParNew: 16388K->4K(18432K), 0.0027464 secs] 286755K->270371K(631224K), 0.0028020 secs] [Times: user=0.00 sys=0.00, real=0.00 secs] 
2020-10-29T14:48:04.233+0000: [GC (Allocation Failure) 2020-10-29T14:48:04.233+0000: [ParNew: 16388K->4K(18432K), 0.0033294 secs] 286755K->270371K(631224K), 0.0033816 secs] [Times: user=0.01 sys=0.00, real=0.01 secs] 
2020-10-29T14:48:04.250+0000: [GC (Allocation Failure) 2020-10-29T14:48:04.250+0000: [ParNew: 16388K->4K(18432K), 0.0026539 secs] 286755K->270371K(631224K), 0.0027057 secs] [Times: user=0.00 sys=0.00, real=0.00 secs] 
2020-10-29T14:48:04.271+0000: [GC (Allocation Failure) 2020-10-29T14:48:04.271+0000: [ParNew: 16388K->4K(18432K), 0.0026510 secs] 286755K->270371K(631224K), 0.0027039 secs] [Times: user=0.01 sys=0.00, real=0.00 secs] 
2020-10-29T14:48:04.288+0000: [GC (Allocation Failure) 2020-10-29T14:48:04.288+0000: [ParNew: 16388K->4K(18432K), 0.0029401 secs] 286755K->270371K(631224K), 0.0029990 secs] [Times: user=0.00 sys=0.00, real=0.00 secs] 
2020-10-29T14:48:04.305+0000: [GC (Allocation Failure) 2020-10-29T14:48:04.305+0000: [ParNew: 16388K->4K(18432K), 0.0027565 secs] 286755K->270371K(631224K), 0.0028116 secs] [Times: user=0.00 sys=0.00, real=0.01 secs] 
2020-10-29T14:48:04.327+0000: [GC (Allocation Failure) 2020-10-29T14:48:04.327+0000: [ParNew: 16388K->4K(18432K), 0.0026094 secs] 286755K->270371K(631224K), 0.0026542 secs] [Times: user=0.01 sys=0.00, real=0.00 secs] 
2020-10-29T14:48:04.347+0000: [GC (Allocation Failure) 2020-10-29T14:48:04.347+0000: [ParNew: 16388K->4K(18432K), 0.0025265 secs] 286755K->270371K(631224K), 0.0025722 secs] [Times: user=0.00 sys=0.00, real=0.00 secs] 
2020-10-29T14:48:04.364+0000: [GC (Allocation Failure) 2020-10-29T14:48:04.364+0000: [ParNew: 16388K->4K(18432K), 0.0026612 secs] 286755K->270371K(631224K), 0.0027141 secs] [Times: user=0.01 sys=0.00, real=0.00 secs] 
2020-10-29T14:48:04.383+0000: [GC (Allocation Failure) 2020-10-29T14:48:04.383+0000: [ParNew: 16388K->4K(18432K), 0.0028264 secs] 286755K->270371K(631224K), 0.0028883 secs] [Times: user=0.00 sys=0.00, real=0.00 secs] 
2020-10-29T14:48:04.403+0000: [GC (Allocation Failure) 2020-10-29T14:48:04.403+0000: [ParNew: 16388K->4K(18432K), 0.0028354 secs] 286755K->270371K(631224K), 0.0028975 secs] [Times: user=0.01 sys=0.00, real=0.00 secs] 
2020-10-29T14:48:04.423+0000: [GC (Allocation Failure) 2020-10-29T14:48:04.423+0000: [ParNew: 16388K->4K(18432K), 0.0026606 secs] 286755K->270371K(631224K), 0.0027099 secs] [Times: user=0.00 sys=0.00, real=0.00 secs] 
2020-10-29T14:48:04.440+0000: [GC (Allocation Failure) 2020-10-29T14:48:04.440+0000: [ParNew: 16388K->4K(18432K), 0.0029342 secs] 286755K->270371K(631224K), 0.0029955 secs] [Times: user=0.00 sys=0.00, real=0.00 secs] 
2020-10-29T14:48:04.457+0000: [GC (Allocation Failure) 2020-10-29T14:48:04.458+0000: [ParNew: 16388K->4K(18432K), 0.0029051 secs] 286755K->270371K(631224K), 0.0029792 secs] [Times: user=0.01 sys=0.00, real=0.00 secs] 
2020-10-29T14:48:04.476+0000: [GC (Allocation Failure) 2020-10-29T14:48:04.476+0000: [ParNew: 16388K->4K(18432K), 0.0025167 secs] 286755K->270371K(631224K), 0.0025697 secs] [Times: user=0.00 sys=0.00, real=0.00 secs] 
2020-10-29T14:48:04.487+0000: [GC (Allocation Failure) 2020-10-29T14:48:04.487+0000: [ParNew: 16388K->4K(18432K), 0.0040743 secs] 286755K->278563K(631224K), 0.0041278 secs] [Times: user=0.01 sys=0.00, real=0.00 secs] 
2020-10-29T14:48:04.495+0000: [GC (CMS Initial Mark) [1 CMS-initial-mark: 278559K(612792K)] 278698K(631224K), 0.0016733 secs] [Times: user=0.00 sys=0.00, real=0.00 secs] 
2020-10-29T14:48:04.496+0000: [CMS-concurrent-mark-start]
2020-10-29T14:48:04.526+0000: [GC (Allocation Failure) 2020-10-29T14:48:04.526+0000: [ParNew: 16388K->4K(18432K), 0.0027779 secs] 294947K->278563K(631224K), 0.0028590 secs] [Times: user=0.01 sys=0.00, real=0.01 secs] 
2020-10-29T14:48:04.554+0000: [GC (Allocation Failure) 2020-10-29T14:48:04.554+0000: [ParNew: 16388K->4K(18432K), 0.0028917 secs] 294947K->278563K(631224K), 0.0029593 secs] [Times: user=0.00 sys=0.00, real=0.01 secs] 
2020-10-29T14:48:04.572+0000: [CMS-concurrent-mark: 0.060/0.076 secs] [Times: user=0.14 sys=0.00, real=0.07 secs] 
2020-10-29T14:48:04.573+0000: [CMS-concurrent-preclean-start]
2020-10-29T14:48:04.575+0000: [GC (Allocation Failure) 2020-10-29T14:48:04.575+0000: [ParNew: 16388K->4K(18432K), 0.0023038 secs] 294947K->278563K(631224K), 0.0023493 secs] [Times: user=0.00 sys=0.00, real=0.00 secs] 
2020-10-29T14:48:04.588+0000: [CMS-concurrent-preclean: 0.003/0.015 secs] [Times: user=0.03 sys=0.00, real=0.02 secs] 
2020-10-29T14:48:04.588+0000: [CMS-concurrent-abortable-preclean-start]
2020-10-29T14:48:04.593+0000: [GC (Allocation Failure) 2020-10-29T14:48:04.593+0000: [ParNew: 16388K->4K(18432K), 0.0023174 secs] 294947K->278563K(631224K), 0.0023631 secs] [Times: user=0.01 sys=0.00, real=0.01 secs] 
2020-10-29T14:48:04.595+0000: [CMS-concurrent-abortable-preclean: 0.003/0.008 secs] [Times: user=0.02 sys=0.00, real=0.01 secs] 
2020-10-29T14:48:04.599+0000: [GC (CMS Final Remark) [YG occupancy: 330 K (18432 K)]2020-10-29T14:48:04.599+0000: [Rescan (parallel) , 0.0015806 secs]2020-10-29T14:48:04.600+0000: [weak refs processing, 0.0000336 secs]2020-10-29T14:48:04.600+0000: [class unloading, 0.0106968 secs]2020-10-29T14:48:04.611+0000: [scrub symbol table, 0.0107197 secs]2020-10-29T14:48:04.622+0000: [scrub string table, 0.0007496 secs][1 CMS-remark: 278559K(612792K)] 278889K(631224K), 0.0239166 secs] [Times: user=0.03 sys=0.00, real=0.02 secs] 
2020-10-29T14:48:04.631+0000: [CMS-concurrent-sweep-start]
2020-10-29T14:48:04.643+0000: [GC (Allocation Failure) 2020-10-29T14:48:04.643+0000: [ParNew: 16388K->4K(18432K), 0.0029255 secs] 294926K->278542K(631224K), 0.0029844 secs] [Times: user=0.01 sys=0.00, real=0.00 secs] 
2020-10-29T14:48:04.648+0000: [CMS-concurrent-sweep: 0.014/0.018 secs] [Times: user=0.03 sys=0.00, real=0.02 secs] 
2020-10-29T14:48:04.648+0000: [CMS-concurrent-reset-start]
2020-10-29T14:48:04.651+0000: [CMS-concurrent-reset: 0.002/0.002 secs] [Times: user=0.01 sys=0.00, real=0.00 secs] 
2020-10-29T14:48:04.667+0000: [GC (Allocation Failure) 2020-10-29T14:48:04.667+0000: [ParNew: 16388K->4K(18432K), 0.0030026 secs] 294764K->278380K(631224K), 0.0030641 secs] [Times: user=0.01 sys=0.00, real=0.00 secs] 
2020-10-29T14:48:04.684+0000: [GC (Allocation Failure) 2020-10-29T14:48:04.684+0000: [ParNew: 16388K->4K(18432K), 0.0028516 secs] 294764K->278380K(631224K), 0.0029085 secs] [Times: user=0.00 sys=0.00, real=0.01 secs] 
2020-10-29T14:48:04.702+0000: [GC (Allocation Failure) 2020-10-29T14:48:04.702+0000: [ParNew: 16388K->4K(18432K), 0.0027457 secs] 294764K->278380K(631224K), 0.0028045 secs] [Times: user=0.00 sys=0.00, real=0.00 secs] 
2020-10-29T14:48:04.719+0000: [GC (Allocation Failure) 2020-10-29T14:48:04.719+0000: [ParNew: 16388K->4K(18432K), 0.0027775 secs] 294764K->278380K(631224K), 0.0028315 secs] [Times: user=0.01 sys=0.00, real=0.00 secs] 
2020-10-29T14:48:04.736+0000: [GC (Allocation Failure) 2020-10-29T14:48:04.736+0000: [ParNew: 16388K->4K(18432K), 0.0028384 secs] 294764K->278380K(631224K), 0.0028999 secs] [Times: user=0.00 sys=0.00, real=0.00 secs] 
2020-10-29T14:48:04.755+0000: [GC (Allocation Failure) 2020-10-29T14:48:04.755+0000: [ParNew: 16388K->4K(18432K), 0.0029093 secs] 294764K->278380K(631224K), 0.0029693 secs] [Times: user=0.01 sys=0.00, real=0.00 secs] 
2020-10-29T14:48:04.772+0000: [GC (Allocation Failure) 2020-10-29T14:48:04.772+0000: [ParNew: 16388K->4K(18432K), 0.0027206 secs] 294764K->278380K(631224K), 0.0027764 secs] [Times: user=0.00 sys=0.00, real=0.01 secs] 
2020-10-29T14:48:04.789+0000: [GC (Allocation Failure) 2020-10-29T14:48:04.789+0000: [ParNew: 16388K->4K(18432K), 0.0024266 secs] 294764K->278380K(631224K), 0.0024750 secs] [Times: user=0.01 sys=0.00, real=0.00 secs] 
2020-10-29T14:48:04.806+0000: [GC (Allocation Failure) 2020-10-29T14:48:04.806+0000: [ParNew: 16388K->4K(18432K), 0.0025840 secs] 294764K->278380K(631224K), 0.0026376 secs] [Times: user=0.00 sys=0.00, real=0.01 secs] 
2020-10-29T14:48:04.823+0000: [GC (Allocation Failure) 2020-10-29T14:48:04.823+0000: [ParNew: 16388K->4K(18432K), 0.0024702 secs] 294764K->278380K(631224K), 0.0025205 secs] [Times: user=0.00 sys=0.00, real=0.00 secs] 
2020-10-29T14:48:04.843+0000: [GC (Allocation Failure) 2020-10-29T14:48:04.843+0000: [ParNew: 16388K->4K(18432K), 0.0026391 secs] 294764K->278380K(631224K), 0.0026875 secs] [Times: user=0.01 sys=0.00, real=0.00 secs] 
2020-10-29T14:48:04.860+0000: [GC (Allocation Failure) 2020-10-29T14:48:04.860+0000: [ParNew: 16388K->4K(18432K), 0.0029336 secs] 294764K->278380K(631224K), 0.0029943 secs] [Times: user=0.00 sys=0.00, real=0.00 secs] 
2020-10-29T14:48:04.879+0000: [GC (Allocation Failure) 2020-10-29T14:48:04.879+0000: [ParNew: 16388K->4K(18432K), 0.0028307 secs] 294764K->278380K(631224K), 0.0028903 secs] [Times: user=0.00 sys=0.00, real=0.00 secs] 
2020-10-29T14:48:04.896+0000: [GC (Allocation Failure) 2020-10-29T14:48:04.896+0000: [ParNew: 16388K->4K(18432K), 0.0028131 secs] 294764K->278380K(631224K), 0.0028717 secs] [Times: user=0.01 sys=0.00, real=0.00 secs] 
2020-10-29T14:48:04.913+0000: [GC (Allocation Failure) 2020-10-29T14:48:04.913+0000: [ParNew: 16388K->4K(18432K), 0.0026198 secs] 294764K->278380K(631224K), 0.0026719 secs] [Times: user=0.01 sys=0.00, real=0.01 secs] 
2020-10-29T14:48:04.930+0000: [GC (Allocation Failure) 2020-10-29T14:48:04.930+0000: [ParNew: 16388K->4K(18432K), 0.0026987 secs] 294764K->278380K(631224K), 0.0027529 secs] [Times: user=0.00 sys=0.00, real=0.00 secs] 
2020-10-29T14:48:04.951+0000: [GC (Allocation Failure) 2020-10-29T14:48:04.951+0000: [ParNew: 16388K->4K(18432K), 0.0026498 secs] 294764K->278380K(631224K), 0.0027049 secs] [Times: user=0.01 sys=0.00, real=0.00 secs] 
2020-10-29T14:48:04.971+0000: [GC (Allocation Failure) 2020-10-29T14:48:04.971+0000: [ParNew: 16388K->4K(18432K), 0.0028412 secs] 294764K->278380K(631224K), 0.0028992 secs] [Times: user=0.01 sys=0.00, real=0.00 secs] 
2020-10-29T14:48:04.991+0000: [GC (Allocation Failure) 2020-10-29T14:48:04.991+0000: [ParNew: 16388K->4K(18432K), 0.0029728 secs] 294764K->278380K(631224K), 0.0030368 secs] [Times: user=0.00 sys=0.00, real=0.00 secs] 
2020-10-29T14:48:05.009+0000: [GC (Allocation Failure) 2020-10-29T14:48:05.009+0000: [ParNew: 16388K->4K(18432K), 0.0030471 secs] 294764K->278380K(631224K), 0.0031136 secs] [Times: user=0.01 sys=0.00, real=0.00 secs] 
2020-10-29T14:48:05.026+0000: [GC (Allocation Failure) 2020-10-29T14:48:05.026+0000: [ParNew: 16388K->4K(18432K), 0.0029813 secs] 294764K->278380K(631224K), 0.0030619 secs] [Times: user=0.00 sys=0.00, real=0.01 secs] 
2020-10-29T14:48:05.038+0000: [GC (Allocation Failure) 2020-10-29T14:48:05.038+0000: [ParNew: 16388K->4K(18432K), 0.0047791 secs] 294764K->286572K(631224K), 0.0048683 secs] [Times: user=0.01 sys=0.00, real=0.00 secs] 
2020-10-29T14:48:05.057+0000: [GC (Allocation Failure) 2020-10-29T14:48:05.057+0000: [ParNew: 16388K->4K(18432K), 0.0030068 secs] 302956K->286572K(631224K), 0.0030744 secs] [Times: user=0.00 sys=0.00, real=0.00 secs] 
2020-10-29T14:48:05.075+0000: [GC (Allocation Failure) 2020-10-29T14:48:05.075+0000: [ParNew: 16388K->4K(18432K), 0.0029564 secs] 302956K->286572K(631224K), 0.0030215 secs] [Times: user=0.01 sys=0.00, real=0.00 secs] 
2020-10-29T14:48:05.092+0000: [GC (Allocation Failure) 2020-10-29T14:48:05.092+0000: [ParNew: 16388K->4K(18432K), 0.0031942 secs] 302956K->286572K(631224K), 0.0032698 secs] [Times: user=0.01 sys=0.00, real=0.01 secs] 
2020-10-29T14:48:05.149+0000: [GC (Allocation Failure) 2020-10-29T14:48:05.149+0000: [ParNew: 16388K->4K(18432K), 0.0030642 secs] 302956K->286572K(631224K), 0.0031612 secs] [Times: user=0.01 sys=0.00, real=0.00 secs] 
2020-10-29T14:48:05.209+0000: [GC (Allocation Failure) 2020-10-29T14:48:05.209+0000: [ParNew: 16388K->4K(18432K), 0.0030935 secs] 302956K->286572K(631224K), 0.0031863 secs] [Times: user=0.01 sys=0.00, real=0.00 secs] 
2020-10-29T14:48:05.278+0000: [GC (Allocation Failure) 2020-10-29T14:48:05.279+0000: [ParNew: 16388K->4K(18432K), 0.0030550 secs] 302956K->286572K(631224K), 0.0031439 secs] [Times: user=0.01 sys=0.00, real=0.00 secs] 
2020-10-29T14:48:05.347+0000: [GC (Allocation Failure) 2020-10-29T14:48:05.347+0000: [ParNew: 16388K->4K(18432K), 0.0029382 secs] 302956K->286572K(631224K), 0.0030046 secs] [Times: user=0.01 sys=0.00, real=0.00 secs] 
2020-10-29T14:48:05.380+0000: [GC (Allocation Failure) 2020-10-29T14:48:05.380+0000: [ParNew: 16388K->4K(18432K), 0.0029869 secs] 302956K->286572K(631224K), 0.0030555 secs] [Times: user=0.00 sys=0.00, real=0.00 secs] 
2020-10-29T14:48:05.411+0000: [GC (Allocation Failure) 2020-10-29T14:48:05.411+0000: [ParNew: 16388K->4K(18432K), 0.0029964 secs] 302956K->286572K(631224K), 0.0030640 secs] [Times: user=0.00 sys=0.00, real=0.00 secs] 
2020-10-29T14:48:05.443+0000: [GC (Allocation Failure) 2020-10-29T14:48:05.443+0000: [ParNew: 16388K->4K(18432K), 0.0031356 secs] 302956K->286573K(631224K), 0.0032102 secs] [Times: user=0.01 sys=0.00, real=0.00 secs] 
2020-10-29T14:48:05.475+0000: [GC (Allocation Failure) 2020-10-29T14:48:05.475+0000: [ParNew: 16388K->4K(18432K), 0.0030665 secs] 302957K->286573K(631224K), 0.0031328 secs] [Times: user=0.01 sys=0.00, real=0.00 secs] 
2020-10-29T14:48:05.506+0000: [GC (Allocation Failure) 2020-10-29T14:48:05.506+0000: [ParNew: 16388K->4K(18432K), 0.0030631 secs] 302957K->286573K(631224K), 0.0031324 secs] [Times: user=0.00 sys=0.00, real=0.01 secs] 
2020-10-29T14:48:05.537+0000: [GC (Allocation Failure) 2020-10-29T14:48:05.537+0000: [ParNew: 16388K->4K(18432K), 0.0030377 secs] 302957K->286573K(631224K), 0.0031072 secs] [Times: user=0.00 sys=0.00, real=0.00 secs] 
2020-10-29T14:48:05.569+0000: [GC (Allocation Failure) 2020-10-29T14:48:05.569+0000: [ParNew: 16388K->4K(18432K), 0.0030700 secs] 302957K->286573K(631224K), 0.0031489 secs] [Times: user=0.01 sys=0.00, real=0.00 secs] 
2020-10-29T14:48:05.598+0000: [GC (Allocation Failure) 2020-10-29T14:48:05.598+0000: [ParNew: 16388K->4K(18432K), 0.0029855 secs] 302957K->286573K(631224K), 0.0030533 secs] [Times: user=0.00 sys=0.00, real=0.00 secs] 
2020-10-29T14:48:05.675+0000: [GC (Allocation Failure) 2020-10-29T14:48:05.675+0000: [ParNew: 16388K->142K(18432K), 0.0030796 secs] 302957K->286711K(631224K), 0.0031446 secs] [Times: user=0.01 sys=0.00, real=0.00 secs] 
2020-10-29T14:48:05.870+0000: [GC (Allocation Failure) 2020-10-29T14:48:05.870+0000: [ParNew: 16526K->21K(18432K), 0.0030233 secs] 303095K->286591K(631224K), 0.0031137 secs] [Times: user=0.01 sys=0.00, real=0.00 secs] 
2020-10-29T14:48:05.949+0000: [GC (Allocation Failure) 2020-10-29T14:48:05.949+0000: [ParNew: 16405K->20K(18432K), 0.0030721 secs] 302975K->286590K(631224K), 0.0031436 secs] [Times: user=0.00 sys=0.00, real=0.00 secs] 
2020-10-29T14:48:06.044+0000: [GC (Allocation Failure) 2020-10-29T14:48:06.045+0000: [ParNew: 16404K->21K(18432K), 0.0030493 secs] 302974K->286590K(631224K), 0.0031450 secs] [Times: user=0.00 sys=0.00, real=0.01 secs] 
2020-10-29T14:48:06.090+0000: [GC (Allocation Failure) 2020-10-29T14:48:06.091+0000: [ParNew: 16405K->21K(18432K), 0.0030517 secs] 302974K->286590K(631224K), 0.0031220 secs] [Times: user=0.01 sys=0.00, real=0.00 secs] 
2020-10-29T14:48:06.159+0000: [GC (Allocation Failure) 2020-10-29T14:48:06.159+0000: [ParNew: 16405K->21K(18432K), 0.0029983 secs] 302974K->286590K(631224K), 0.0030902 secs] [Times: user=0.01 sys=0.00, real=0.00 secs] 
2020-10-29T14:48:06.201+0000: [GC (Allocation Failure) 2020-10-29T14:48:06.201+0000: [ParNew: 16405K->14K(18432K), 0.0030847 secs] 302974K->286596K(631224K), 0.0031540 secs] [Times: user=0.01 sys=0.00, real=0.00 secs] 
2020-10-29T14:48:06.238+0000: [GC (Allocation Failure) 2020-10-29T14:48:06.238+0000: [ParNew: 16398K->4K(18432K), 0.0029532 secs] 302980K->286587K(631224K), 0.0030411 secs] [Times: user=0.00 sys=0.00, real=0.00 secs] 
2020-10-29T14:48:06.268+0000: [GC (Allocation Failure) 2020-10-29T14:48:06.268+0000: [ParNew: 16388K->4K(18432K), 0.0029901 secs] 302971K->286587K(631224K), 0.0030583 secs] [Times: user=0.00 sys=0.00, real=0.00 secs] 
2020-10-29T14:48:06.296+0000: [GC (Allocation Failure) 2020-10-29T14:48:06.296+0000: [ParNew: 16388K->4K(18432K), 0.0039018 secs] 302971K->286588K(631224K), 0.0039724 secs] [Times: user=0.01 sys=0.00, real=0.00 secs] 
2020-10-29T14:48:06.322+0000: [GC (Allocation Failure) 2020-10-29T14:48:06.322+0000: [ParNew: 16388K->4K(18432K), 0.0029001 secs] 302972K->286588K(631224K), 0.0029551 secs] [Times: user=0.01 sys=0.00, real=0.00 secs] 
2020-10-29T14:48:06.354+0000: [GC (Allocation Failure) 2020-10-29T14:48:06.354+0000: [ParNew: 16388K->2K(18432K), 0.0028345 secs] 302972K->286586K(631224K), 0.0028975 secs] [Times: user=0.01 sys=0.00, real=0.01 secs] 
2020-10-29T14:48:06.373+0000: [GC (Allocation Failure) 2020-10-29T14:48:06.373+0000: [ParNew: 16386K->2K(18432K), 0.0028353 secs] 302970K->286586K(631224K), 0.0028948 secs] [Times: user=0.00 sys=0.00, real=0.01 secs] 
2020-10-29T14:48:06.395+0000: [GC (Allocation Failure) 2020-10-29T14:48:06.395+0000: [ParNew: 16386K->4K(18432K), 0.0029128 secs] 302970K->286588K(631224K), 0.0029898 secs] [Times: user=0.01 sys=0.00, real=0.00 secs] 
2020-10-29T14:48:06.415+0000: [GC (Allocation Failure) 2020-10-29T14:48:06.415+0000: [ParNew: 16388K->2K(18432K), 0.0028320 secs] 302972K->286586K(631224K), 0.0028940 secs] [Times: user=0.01 sys=0.00, real=0.00 secs] 
2020-10-29T14:48:06.434+0000: [GC (Allocation Failure) 2020-10-29T14:48:06.434+0000: [ParNew: 16386K->2K(18432K), 0.0029019 secs] 302970K->286586K(631224K), 0.0029635 secs] [Times: user=0.00 sys=0.00, real=0.01 secs] 
2020-10-29T14:48:06.455+0000: [GC (Allocation Failure) 2020-10-29T14:48:06.455+0000: [ParNew: 16386K->4K(18432K), 0.0028728 secs] 302970K->286588K(631224K), 0.0029371 secs] [Times: user=0.00 sys=0.00, real=0.00 secs] 
2020-10-29T14:48:06.474+0000: [GC (Allocation Failure) 2020-10-29T14:48:06.474+0000: [ParNew: 16388K->4K(18432K), 0.0029090 secs] 302972K->286588K(631224K), 0.0029714 secs] [Times: user=0.01 sys=0.00, real=0.01 secs] 
2020-10-29T14:48:06.495+0000: [GC (Allocation Failure) 2020-10-29T14:48:06.495+0000: [ParNew: 16388K->2K(18432K), 0.0027393 secs] 302972K->286586K(631224K), 0.0027928 secs] [Times: user=0.00 sys=0.00, real=0.00 secs] 
2020-10-29T14:48:06.515+0000: [GC (Allocation Failure) 2020-10-29T14:48:06.515+0000: [ParNew: 16386K->2K(18432K), 0.0028325 secs] 302970K->286586K(631224K), 0.0028948 secs] [Times: user=0.00 sys=0.00, real=0.00 secs] 
2020-10-29T14:48:06.535+0000: [GC (Allocation Failure) 2020-10-29T14:48:06.535+0000: [ParNew: 16386K->4K(18432K), 0.0028809 secs] 302970K->286588K(631224K), 0.0029441 secs] [Times: user=0.00 sys=0.00, real=0.00 secs] 
2020-10-29T14:48:06.555+0000: [GC (Allocation Failure) 2020-10-29T14:48:06.555+0000: [ParNew: 16388K->4K(18432K), 0.0029538 secs] 302972K->286588K(631224K), 0.0030187 secs] [Times: user=0.00 sys=0.00, real=0.00 secs] 
2020-10-29T14:48:06.574+0000: [GC (Allocation Failure) 2020-10-29T14:48:06.574+0000: [ParNew: 16388K->4K(18432K), 0.0029529 secs] 302972K->286588K(631224K), 0.0030182 secs] [Times: user=0.01 sys=0.00, real=0.01 secs] 
2020-10-29T14:48:06.595+0000: [GC (Allocation Failure) 2020-10-29T14:48:06.595+0000: [ParNew: 16388K->4K(18432K), 0.0028755 secs] 302972K->286588K(631224K), 0.0029395 secs] [Times: user=0.01 sys=0.00, real=0.00 secs] 
2020-10-29T14:48:06.615+0000: [GC (Allocation Failure) 2020-10-29T14:48:06.615+0000: [ParNew: 16388K->4K(18432K), 0.0029558 secs] 302972K->286588K(631224K), 0.0030252 secs] [Times: user=0.01 sys=0.00, real=0.00 secs] 
2020-10-29T14:48:06.635+0000: [GC (Allocation Failure) 2020-10-29T14:48:06.635+0000: [ParNew: 16388K->2K(18432K), 0.0027684 secs] 302972K->286586K(631224K), 0.0028288 secs] [Times: user=0.00 sys=0.00, real=0.00 secs] 
2020-10-29T14:48:06.655+0000: [GC (Allocation Failure) 2020-10-29T14:48:06.655+0000: [ParNew: 16386K->2K(18432K), 0.0027290 secs] 302970K->286586K(631224K), 0.0027855 secs] [Times: user=0.01 sys=0.00, real=0.00 secs] 
2020-10-29T14:48:06.675+0000: [GC (Allocation Failure) 2020-10-29T14:48:06.675+0000: [ParNew: 16386K->4K(18432K), 0.0029176 secs] 302970K->286588K(631224K), 0.0029843 secs] [Times: user=0.01 sys=0.00, real=0.00 secs] 
2020-10-29T14:48:06.693+0000: [GC (Allocation Failure) 2020-10-29T14:48:06.693+0000: [ParNew: 16388K->4K(18432K), 0.0029094 secs] 302972K->286588K(631224K), 0.0029737 secs] [Times: user=0.01 sys=0.00, real=0.01 secs] 
2020-10-29T14:48:06.715+0000: [GC (Allocation Failure) 2020-10-29T14:48:06.715+0000: [ParNew: 16388K->2K(18432K), 0.0027782 secs] 302972K->286586K(631224K), 0.0028389 secs] [Times: user=0.00 sys=0.00, real=0.00 secs] 
2020-10-29T14:48:06.733+0000: [GC (Allocation Failure) 2020-10-29T14:48:06.733+0000: [ParNew: 16386K->2K(18432K), 0.0029427 secs] 302970K->286586K(631224K), 0.0030072 secs] [Times: user=0.01 sys=0.00, real=0.01 secs] 
2020-10-29T14:48:06.752+0000: [GC (Allocation Failure) 2020-10-29T14:48:06.752+0000: [ParNew: 16386K->4K(18432K), 0.0029723 secs] 302970K->286588K(631224K), 0.0030380 secs] [Times: user=0.01 sys=0.00, real=0.01 secs] 
2020-10-29T14:48:06.771+0000: [GC (Allocation Failure) 2020-10-29T14:48:06.771+0000: [ParNew: 16388K->4K(18432K), 0.0028979 secs] 302972K->286588K(631224K), 0.0029587 secs] [Times: user=0.00 sys=0.00, real=0.00 secs] 
2020-10-29T14:48:06.790+0000: [GC (Allocation Failure) 2020-10-29T14:48:06.790+0000: [ParNew: 16388K->4K(18432K), 0.0029553 secs] 302972K->286588K(631224K), 0.0030201 secs] [Times: user=0.00 sys=0.00, real=0.00 secs] 
2020-10-29T14:48:06.809+0000: [GC (Allocation Failure) 2020-10-29T14:48:06.809+0000: [ParNew: 16388K->4K(18432K), 0.0029302 secs] 302972K->286588K(631224K), 0.0029960 secs] [Times: user=0.01 sys=0.00, real=0.00 secs] 
2020-10-29T14:48:06.827+0000: [GC (Allocation Failure) 2020-10-29T14:48:06.827+0000: [ParNew: 16388K->4K(18432K), 0.0043337 secs] 302972K->286588K(631224K), 0.0043959 secs] [Times: user=0.01 sys=0.00, real=0.00 secs] 
2020-10-29T14:48:06.847+0000: [GC (Allocation Failure) 2020-10-29T14:48:06.847+0000: [ParNew: 16388K->4K(18432K), 0.0030188 secs] 302972K->286588K(631224K), 0.0030883 secs] [Times: user=0.00 sys=0.00, real=0.00 secs] 
2020-10-29T14:48:06.870+0000: [GC (Allocation Failure) 2020-10-29T14:48:06.870+0000: [ParNew: 16388K->4K(18432K), 0.0029737 secs] 302972K->286588K(631224K), 0.0030395 secs] [Times: user=0.01 sys=0.00, real=0.00 secs] 
2020-10-29T14:48:06.891+0000: [GC (Allocation Failure) 2020-10-29T14:48:06.891+0000: [ParNew: 16388K->4K(18432K), 0.0029941 secs] 302972K->286588K(631224K), 0.0030592 secs] [Times: user=0.01 sys=0.00, real=0.00 secs] 
2020-10-29T14:48:07.707+0000: [GC (Allocation Failure) 2020-10-29T14:48:07.707+0000: [ParNew: 16388K->1282K(18432K), 0.0057683 secs] 302972K->287866K(631224K), 0.0058367 secs] [Times: user=0.01 sys=0.00, real=0.00 secs] 
2020-10-29T14:48:07.798+0000: [GC (Allocation Failure) 2020-10-29T14:48:07.798+0000: [ParNew: 17666K->498K(18432K), 0.0060547 secs] 304250K->288281K(631224K), 0.0061273 secs] [Times: user=0.01 sys=0.00, real=0.00 secs] 
2020-10-29T14:48:07.837+0000: [GC (Allocation Failure) 2020-10-29T14:48:07.837+0000: [ParNew: 16882K->533K(18432K), 0.0044222 secs] 304665K->288316K(631224K), 0.0044910 secs] [Times: user=0.01 sys=0.00, real=0.00 secs] 
2020-10-29T14:48:07.871+0000: [GC (Allocation Failure) 2020-10-29T14:48:07.871+0000: [ParNew: 16917K->571K(18432K), 0.0047655 secs] 304700K->288355K(631224K), 0.0048455 secs] [Times: user=0.00 sys=0.00, real=0.01 secs] 
2020-10-29T14:48:07.914+0000: [GC (Allocation Failure) 2020-10-29T14:48:07.914+0000: [ParNew: 16955K->645K(18432K), 0.0032484 secs] 304739K->288429K(631224K), 0.0033195 secs] [Times: user=0.01 sys=0.00, real=0.01 secs] 
2020-10-29T14:48:07.950+0000: [GC (Allocation Failure) 2020-10-29T14:48:07.950+0000: [ParNew: 17029K->646K(18432K), 0.0031726 secs] 304813K->288430K(631224K), 0.0032420 secs] [Times: user=0.01 sys=0.00, real=0.00 secs] 
2020-10-29T14:48:07.976+0000: [GC (Allocation Failure) 2020-10-29T14:48:07.976+0000: [ParNew: 17030K->657K(18432K), 0.0032171 secs] 304814K->288440K(631224K), 0.0033072 secs] [Times: user=0.01 sys=0.00, real=0.00 secs] 
2020-10-29T14:48:08.000+0000: [GC (Allocation Failure) 2020-10-29T14:48:08.000+0000: [ParNew: 17041K->416K(18432K), 0.0037529 secs] 304824K->288549K(631224K), 0.0038232 secs] [Times: user=0.01 sys=0.00, real=0.00 secs] 
2020-10-29T14:48:08.025+0000: [GC (Allocation Failure) 2020-10-29T14:48:08.025+0000: [ParNew: 16800K->661K(18432K), 0.0031896 secs] 304933K->288793K(631224K), 0.0032607 secs] [Times: user=0.00 sys=0.00, real=0.01 secs] 
2020-10-29T14:48:08.050+0000: [GC (Allocation Failure) 2020-10-29T14:48:08.050+0000: [ParNew: 17045K->645K(18432K), 0.0031766 secs] 305177K->288789K(631224K), 0.0032658 secs] [Times: user=0.00 sys=0.00, real=0.00 secs] 
2020-10-29T14:48:08.071+0000: [GC (Allocation Failure) 2020-10-29T14:48:08.071+0000: [ParNew: 17029K->772K(18432K), 0.0029606 secs] 305173K->288915K(631224K), 0.0030204 secs] [Times: user=0.00 sys=0.00, real=0.00 secs] 
2020-10-29T14:48:08.115+0000: [GC (Allocation Failure) 2020-10-29T14:48:08.115+0000: [ParNew: 17156K->1028K(18432K), 0.0031634 secs] 305299K->289171K(631224K), 0.0032599 secs] [Times: user=0.01 sys=0.01, real=0.01 secs] 
2020-10-29T14:48:08.140+0000: [GC (Allocation Failure) 2020-10-29T14:48:08.140+0000: [ParNew: 17412K->516K(18432K), 0.0031324 secs] 305555K->288916K(631224K), 0.0032005 secs] [Times: user=0.01 sys=0.00, real=0.00 secs] 
2020-10-29T14:48:08.167+0000: [GC (Allocation Failure) 2020-10-29T14:48:08.167+0000: [ParNew: 16900K->516K(18432K), 0.0030945 secs] 305300K->288916K(631224K), 0.0031874 secs] [Times: user=0.01 sys=0.00, real=0.01 secs] 
2020-10-29T14:48:08.196+0000: [GC (Allocation Failure) 2020-10-29T14:48:08.196+0000: [ParNew: 16900K->1540K(18432K), 0.0032671 secs] 305300K->289940K(631224K), 0.0033621 secs] [Times: user=0.00 sys=0.00, real=0.00 secs] 
2020-10-29T14:48:08.220+0000: [GC (Allocation Failure) 2020-10-29T14:48:08.220+0000: [ParNew: 17924K->4K(18432K), 0.0032497 secs] 306324K->289172K(631224K), 0.0033367 secs] [Times: user=0.00 sys=0.00, real=0.00 secs] 
2020-10-29T14:48:08.246+0000: [GC (Allocation Failure) 2020-10-29T14:48:08.246+0000: [ParNew: 16388K->1028K(18432K), 0.0031310 secs] 305556K->290196K(631224K), 0.0031957 secs] [Times: user=0.01 sys=0.00, real=0.01 secs] 
2020-10-29T14:48:08.274+0000: [GC (Allocation Failure) 2020-10-29T14:48:08.274+0000: [ParNew: 17412K->4K(18432K), 0.0031207 secs] 306580K->289684K(631224K), 0.0032102 secs] [Times: user=0.01 sys=0.00, real=0.01 secs] 
2020-10-29T14:48:08.309+0000: [GC (Allocation Failure) 2020-10-29T14:48:08.309+0000: [ParNew: 16388K->4K(18432K), 0.0029985 secs] 306068K->289684K(631224K), 0.0030674 secs] [Times: user=0.01 sys=0.00, real=0.00 secs] 
2020-10-29T14:48:08.335+0000: [GC (Allocation Failure) 2020-10-29T14:48:08.335+0000: [ParNew: 16388K->4K(18432K), 0.0030091 secs] 306068K->289684K(631224K), 0.0030915 secs] [Times: user=0.01 sys=0.00, real=0.00 secs] 
2020-10-29T14:48:08.370+0000: [GC (Allocation Failure) 2020-10-29T14:48:08.370+0000: [ParNew: 16388K->4K(18432K), 0.0030236 secs] 306068K->289684K(631224K), 0.0031153 secs] [Times: user=0.01 sys=0.00, real=0.00 secs] 
2020-10-29T14:48:08.406+0000: [GC (Allocation Failure) 2020-10-29T14:48:08.406+0000: [ParNew: 16388K->4K(18432K), 0.0029932 secs] 306068K->289684K(631224K), 0.0030841 secs] [Times: user=0.01 sys=0.00, real=0.01 secs] 
2020-10-29T14:48:08.449+0000: [GC (Allocation Failure) 2020-10-29T14:48:08.449+0000: [ParNew: 16388K->4K(18432K), 0.0030050 secs] 306068K->289684K(631224K), 0.0030942 secs] [Times: user=0.00 sys=0.00, real=0.00 secs] 
2020-10-29T14:48:08.483+0000: [GC (Allocation Failure) 2020-10-29T14:48:08.484+0000: [ParNew: 16388K->4K(18432K), 0.0029813 secs] 306068K->289684K(631224K), 0.0030715 secs] [Times: user=0.01 sys=0.00, real=0.00 secs] 
2020-10-29T14:48:08.510+0000: [GC (Allocation Failure) 2020-10-29T14:48:08.511+0000: [ParNew: 16388K->4K(18432K), 0.0030804 secs] 306068K->289684K(631224K), 0.0031883 secs] [Times: user=0.01 sys=0.00, real=0.00 secs] 
2020-10-29T14:48:08.558+0000: [GC (Allocation Failure) 2020-10-29T14:48:08.558+0000: [ParNew: 16388K->4K(18432K), 0.0030164 secs] 306068K->289684K(631224K), 0.0031061 secs] [Times: user=0.01 sys=0.00, real=0.00 secs] 
2020-10-29T14:48:08.593+0000: [GC (Allocation Failure) 2020-10-29T14:48:08.593+0000: [ParNew: 16388K->4K(18432K), 0.0030088 secs] 306068K->289684K(631224K), 0.0030923 secs] [Times: user=0.01 sys=0.00, real=0.01 secs] 
2020-10-29T14:48:08.635+0000: [GC (Allocation Failure) 2020-10-29T14:48:08.635+0000: [ParNew: 16388K->1028K(18432K), 0.0036275 secs] 306068K->292756K(631224K), 0.0037337 secs] [Times: user=0.01 sys=0.01, real=0.00 secs] 
2020-10-29T14:48:08.671+0000: [GC (Allocation Failure) 2020-10-29T14:48:08.671+0000: [ParNew: 17412K->2K(18432K), 0.0061313 secs] 309140K->291730K(631224K), 0.0062309 secs] [Times: user=0.01 sys=0.00, real=0.01 secs] 
2020-10-29T14:48:08.697+0000: [GC (Allocation Failure) 2020-10-29T14:48:08.697+0000: [ParNew: 16386K->4K(18432K), 0.0099957 secs] 308114K->291732K(631224K), 0.0100940 secs] [Times: user=0.02 sys=0.00, real=0.01 secs] 
2020-10-29T14:48:08.727+0000: [GC (Allocation Failure) 2020-10-29T14:48:08.727+0000: [ParNew: 16388K->2K(18432K), 0.0061251 secs] 308116K->291730K(631224K), 0.0062321 secs] [Times: user=0.01 sys=0.00, real=0.00 secs] 
2020-10-29T14:48:08.756+0000: [GC (Allocation Failure) 2020-10-29T14:48:08.756+0000: [ParNew: 16386K->2K(18432K), 0.0062714 secs] 308114K->291730K(631224K), 0.0063788 secs] [Times: user=0.01 sys=0.00, real=0.00 secs] 
2020-10-29T14:48:08.781+0000: [GC (Allocation Failure) 2020-10-29T14:48:08.781+0000: [ParNew: 16386K->2K(18432K), 0.0056579 secs] 308114K->291730K(631224K), 0.0057338 secs] [Times: user=0.01 sys=0.00, real=0.01 secs] 
2020-10-29T14:48:08.809+0000: [GC (Allocation Failure) 2020-10-29T14:48:08.809+0000: [ParNew: 16386K->4K(18432K), 0.0031055 secs] 308114K->291732K(631224K), 0.0031741 secs] [Times: user=0.01 sys=0.00, real=0.00 secs] 
2020-10-29T14:48:08.834+0000: [GC (Allocation Failure) 2020-10-29T14:48:08.834+0000: [ParNew: 16388K->4K(18432K), 0.0029630 secs] 308116K->291732K(631224K), 0.0030287 secs] [Times: user=0.01 sys=0.00, real=0.01 secs] 
2020-10-29T14:48:08.858+0000: [GC (Allocation Failure) 2020-10-29T14:48:08.858+0000: [ParNew: 16388K->4K(18432K), 0.0029358 secs] 308116K->291732K(631224K), 0.0030006 secs] [Times: user=0.01 sys=0.00, real=0.00 secs] 
2020-10-29T14:48:08.881+0000: [GC (Allocation Failure) 2020-10-29T14:48:08.881+0000: [ParNew: 16388K->4K(18432K), 0.0029584 secs] 308116K->291732K(631224K), 0.0030233 secs] [Times: user=0.01 sys=0.00, real=0.00 secs] 
2020-10-29T14:48:08.914+0000: [GC (Allocation Failure) 2020-10-29T14:48:08.914+0000: [ParNew: 16388K->4K(18432K), 0.0076333 secs] 308116K->291732K(631224K), 0.0076932 secs] [Times: user=0.01 sys=0.00, real=0.01 secs] 
2020-10-29T14:48:08.951+0000: [GC (Allocation Failure) 2020-10-29T14:48:08.951+0000: [ParNew: 16388K->4K(18432K), 0.0029967 secs] 308116K->291732K(631224K), 0.0030880 secs] [Times: user=0.01 sys=0.00, real=0.00 secs] 
2020-10-29T14:48:08.987+0000: [GC (Allocation Failure) 2020-10-29T14:48:08.987+0000: [ParNew: 16388K->4K(18432K), 0.0029326 secs] 308116K->291732K(631224K), 0.0029991 secs] [Times: user=0.01 sys=0.00, real=0.00 secs] 
2020-10-29T14:48:09.017+0000: [GC (Allocation Failure) 2020-10-29T14:48:09.017+0000: [ParNew: 16388K->4K(18432K), 0.0030849 secs] 308116K->291732K(631224K), 0.0031528 secs] [Times: user=0.00 sys=0.00, real=0.00 secs] 
2020-10-29T14:48:09.048+0000: [GC (Allocation Failure) 2020-10-29T14:48:09.048+0000: [ParNew: 16388K->2K(18432K), 0.0063482 secs] 308116K->291730K(631224K), 0.0064176 secs] [Times: user=0.01 sys=0.00, real=0.00 secs] 
2020-10-29T14:48:09.081+0000: [GC (Allocation Failure) 2020-10-29T14:48:09.081+0000: [ParNew: 16386K->4K(18432K), 0.0062763 secs] 308114K->291732K(631224K), 0.0063514 secs] [Times: user=0.02 sys=0.00, real=0.01 secs] 
2020-10-29T14:48:09.114+0000: [GC (Allocation Failure) 2020-10-29T14:48:09.114+0000: [ParNew: 16388K->4K(18432K), 0.0069469 secs] 308116K->291732K(631224K), 0.0070471 secs] [Times: user=0.01 sys=0.00, real=0.01 secs] 
2020-10-29T14:48:09.150+0000: [GC (Allocation Failure) 2020-10-29T14:48:09.150+0000: [ParNew: 16388K->4K(18432K), 0.0080719 secs] 308116K->291732K(631224K), 0.0081632 secs] [Times: user=0.02 sys=0.00, real=0.01 secs] 
2020-10-29T14:48:09.183+0000: [GC (Allocation Failure) 2020-10-29T14:48:09.183+0000: [ParNew: 16388K->4K(18432K), 0.0067448 secs] 308116K->293780K(631224K), 0.0068365 secs] [Times: user=0.01 sys=0.00, real=0.01 secs] 
2020-10-29T14:48:09.214+0000: [GC (Allocation Failure) 2020-10-29T14:48:09.214+0000: [ParNew: 16388K->4K(18432K), 0.0067906 secs] 310164K->295828K(631224K), 0.0068828 secs] [Times: user=0.02 sys=0.00, real=0.01 secs] 
2020-10-29T14:48:09.249+0000: [GC (Allocation Failure) 2020-10-29T14:48:09.249+0000: [ParNew: 16388K->4K(18432K), 0.0061076 secs] 312212K->295828K(631224K), 0.0061973 secs] [Times: user=0.02 sys=0.00, real=0.01 secs] 
2020-10-29T14:48:09.276+0000: [GC (Allocation Failure) 2020-10-29T14:48:09.276+0000: [ParNew: 16388K->4K(18432K), 0.0030296 secs] 312212K->295828K(631224K), 0.0030970 secs] [Times: user=0.01 sys=0.00, real=0.00 secs] 
2020-10-29T14:48:09.294+0000: [GC (Allocation Failure) 2020-10-29T14:48:09.294+0000: [ParNew: 16388K->4K(18432K), 0.0030013 secs] 312212K->295828K(631224K), 0.0030754 secs] [Times: user=0.00 sys=0.00, real=0.01 secs] 
2020-10-29T14:48:09.311+0000: [GC (Allocation Failure) 2020-10-29T14:48:09.311+0000: [ParNew: 16388K->4K(18432K), 0.0030160 secs] 312212K->295828K(631224K), 0.0030826 secs] [Times: user=0.01 sys=0.00, real=0.00 secs] 
2020-10-29T14:48:09.331+0000: [GC (Allocation Failure) 2020-10-29T14:48:09.331+0000: [ParNew: 16388K->4K(18432K), 0.0030897 secs] 312212K->295829K(631224K), 0.0031570 secs] [Times: user=0.01 sys=0.00, real=0.00 secs] 
2020-10-29T14:48:09.351+0000: [GC (Allocation Failure) 2020-10-29T14:48:09.351+0000: [ParNew: 16388K->4K(18432K), 0.0029562 secs] 312213K->295829K(631224K), 0.0030207 secs] [Times: user=0.01 sys=0.00, real=0.00 secs] 
2020-10-29T14:48:09.368+0000: [GC (Allocation Failure) 2020-10-29T14:48:09.369+0000: [ParNew: 16388K->4K(18432K), 0.0029366 secs] 312213K->295829K(631224K), 0.0030018 secs] [Times: user=0.00 sys=0.00, real=0.00 secs] 
2020-10-29T14:48:09.387+0000: [GC (Allocation Failure) 2020-10-29T14:48:09.387+0000: [ParNew: 16388K->4K(18432K), 0.0027734 secs] 312213K->295829K(631224K), 0.0028313 secs] [Times: user=0.01 sys=0.00, real=0.00 secs] 
2020-10-29T14:48:09.407+0000: [GC (Allocation Failure) 2020-10-29T14:48:09.407+0000: [ParNew: 16388K->4K(18432K), 0.0028881 secs] 312213K->295829K(631224K), 0.0029537 secs] [Times: user=0.00 sys=0.00, real=0.00 secs] 
2020-10-29T14:48:09.427+0000: [GC (Allocation Failure) 2020-10-29T14:48:09.427+0000: [ParNew: 16388K->4K(18432K), 0.0028982 secs] 312213K->295829K(631224K), 0.0029619 secs] [Times: user=0.01 sys=0.00, real=0.00 secs] 
2020-10-29T14:48:09.444+0000: [GC (Allocation Failure) 2020-10-29T14:48:09.444+0000: [ParNew: 16388K->4K(18432K), 0.0029210 secs] 312213K->295829K(631224K), 0.0029833 secs] [Times: user=0.00 sys=0.00, real=0.01 secs] 
2020-10-29T14:48:09.463+0000: [GC (Allocation Failure) 2020-10-29T14:48:09.463+0000: [ParNew: 16388K->4K(18432K), 0.0028858 secs] 312213K->295829K(631224K), 0.0029476 secs] [Times: user=0.01 sys=0.00, real=0.00 secs] 
2020-10-29T14:48:09.480+0000: [GC (Allocation Failure) 2020-10-29T14:48:09.480+0000: [ParNew: 16388K->4K(18432K), 0.0029091 secs] 312213K->295829K(631224K), 0.0029753 secs] [Times: user=0.01 sys=0.00, real=0.00 secs] 
2020-10-29T14:48:09.499+0000: [GC (Allocation Failure) 2020-10-29T14:48:09.499+0000: [ParNew: 16388K->4K(18432K), 0.0028646 secs] 312213K->295829K(631224K), 0.0029262 secs] [Times: user=0.00 sys=0.00, real=0.00 secs] 
2020-10-29T14:48:09.519+0000: [GC (Allocation Failure) 2020-10-29T14:48:09.519+0000: [ParNew: 16388K->4K(18432K), 0.0031004 secs] 312213K->295829K(631224K), 0.0031574 secs] [Times: user=0.00 sys=0.00, real=0.00 secs] 
2020-10-29T14:48:09.540+0000: [GC (Allocation Failure) 2020-10-29T14:48:09.540+0000: [ParNew: 16388K->4K(18432K), 0.0026287 secs] 312213K->295829K(631224K), 0.0027402 secs] [Times: user=0.01 sys=0.00, real=0.00 secs] 
2020-10-29T14:48:09.559+0000: [GC (Allocation Failure) 2020-10-29T14:48:09.559+0000: [ParNew: 16388K->4K(18432K), 0.0025166 secs] 312213K->295829K(631224K), 0.0025695 secs] [Times: user=0.00 sys=0.00, real=0.00 secs] 
2020-10-29T14:48:09.576+0000: [GC (Allocation Failure) 2020-10-29T14:48:09.576+0000: [ParNew: 16388K->4K(18432K), 0.0027541 secs] 312213K->295829K(631224K), 0.0028098 secs] [Times: user=0.01 sys=0.00, real=0.00 secs] 
2020-10-29T14:48:09.593+0000: [GC (Allocation Failure) 2020-10-29T14:48:09.593+0000: [ParNew: 16388K->4K(18432K), 0.0027710 secs] 312213K->295829K(631224K), 0.0028292 secs] [Times: user=0.01 sys=0.00, real=0.01 secs] 
2020-10-29T14:48:09.610+0000: [GC (Allocation Failure) 2020-10-29T14:48:09.610+0000: [ParNew: 16388K->4K(18432K), 0.0027761 secs] 312213K->295829K(631224K), 0.0028343 secs] [Times: user=0.00 sys=0.00, real=0.00 secs] 
2020-10-29T14:48:09.628+0000: [GC (Allocation Failure) 2020-10-29T14:48:09.628+0000: [ParNew: 16388K->4K(18432K), 0.0027408 secs] 312213K->295829K(631224K), 0.0027968 secs] [Times: user=0.00 sys=0.00, real=0.00 secs] 
2020-10-29T14:48:09.645+0000: [GC (Allocation Failure) 2020-10-29T14:48:09.645+0000: [ParNew: 16388K->4K(18432K), 0.0030139 secs] 312213K->295829K(631224K), 0.0030835 secs] [Times: user=0.01 sys=0.00, real=0.01 secs] 
2020-10-29T14:48:09.666+0000: [GC (Allocation Failure) 2020-10-29T14:48:09.666+0000: [ParNew: 16388K->4K(18432K), 0.0029524 secs] 312213K->295829K(631224K), 0.0030189 secs] [Times: user=0.01 sys=0.00, real=0.01 secs] 
2020-10-29T14:48:09.684+0000: [GC (Allocation Failure) 2020-10-29T14:48:09.684+0000: [ParNew: 16388K->4K(18432K), 0.0029075 secs] 312213K->295829K(631224K), 0.0029729 secs] [Times: user=0.00 sys=0.00, real=0.01 secs] 
2020-10-29T14:48:09.701+0000: [GC (Allocation Failure) 2020-10-29T14:48:09.701+0000: [ParNew: 16388K->4K(18432K), 0.0028521 secs] 312213K->295829K(631224K), 0.0029124 secs] [Times: user=0.01 sys=0.00, real=0.00 secs] 
2020-10-29T14:48:09.719+0000: [GC (Allocation Failure) 2020-10-29T14:48:09.719+0000: [ParNew: 16388K->4K(18432K), 0.0029026 secs] 312213K->295829K(631224K), 0.0029674 secs] [Times: user=0.01 sys=0.00, real=0.00 secs] 
2020-10-29T14:48:09.739+0000: [GC (Allocation Failure) 2020-10-29T14:48:09.739+0000: [ParNew: 16388K->4K(18432K), 0.0029995 secs] 312213K->295829K(631224K), 0.0030665 secs] [Times: user=0.01 sys=0.00, real=0.00 secs] 
2020-10-29T14:48:09.757+0000: [GC (Allocation Failure) 2020-10-29T14:48:09.757+0000: [ParNew: 16388K->4K(18432K), 0.0029866 secs] 312213K->295829K(631224K), 0.0030539 secs] [Times: user=0.00 sys=0.00, real=0.00 secs] 
2020-10-29T14:48:09.775+0000: [GC (Allocation Failure) 2020-10-29T14:48:09.775+0000: [ParNew: 16388K->4K(18432K), 0.0029813 secs] 312213K->295829K(631224K), 0.0030458 secs] [Times: user=0.01 sys=0.00, real=0.00 secs] 
2020-10-29T14:48:09.792+0000: [GC (Allocation Failure) 2020-10-29T14:48:09.792+0000: [ParNew: 16388K->4K(18432K), 0.0028928 secs] 312213K->295829K(631224K), 0.0029559 secs] [Times: user=0.00 sys=0.00, real=0.01 secs] 
2020-10-29T14:48:09.810+0000: [GC (Allocation Failure) 2020-10-29T14:48:09.810+0000: [ParNew: 16388K->4K(18432K), 0.0029264 secs] 312213K->295829K(631224K), 0.0029904 secs] [Times: user=0.01 sys=0.00, real=0.00 secs] 
2020-10-29T14:48:09.827+0000: [GC (Allocation Failure) 2020-10-29T14:48:09.827+0000: [ParNew: 16388K->4K(18432K), 0.0026271 secs] 312213K->295829K(631224K), 0.0026812 secs] [Times: user=0.00 sys=0.00, real=0.00 secs] 
2020-10-29T14:48:09.846+0000: [GC (Allocation Failure) 2020-10-29T14:48:09.846+0000: [ParNew: 16388K->4K(18432K), 0.0027929 secs] 312213K->295829K(631224K), 0.0028454 secs] [Times: user=0.01 sys=0.00, real=0.01 secs] 
2020-10-29T14:48:09.863+0000: [GC (Allocation Failure) 2020-10-29T14:48:09.863+0000: [ParNew: 16388K->4K(18432K), 0.0027805 secs] 312213K->295829K(631224K), 0.0028377 secs] [Times: user=0.01 sys=0.00, real=0.00 secs] 
2020-10-29T14:48:09.880+0000: [GC (Allocation Failure) 2020-10-29T14:48:09.880+0000: [ParNew: 16388K->4K(18432K), 0.0028396 secs] 312213K->295829K(631224K), 0.0029021 secs] [Times: user=0.01 sys=0.00, real=0.00 secs] 
2020-10-29T14:48:09.898+0000: [GC (Allocation Failure) 2020-10-29T14:48:09.898+0000: [ParNew: 16388K->4K(18432K), 0.0027079 secs] 312213K->295829K(631224K), 0.0027624 secs] [Times: user=0.00 sys=0.00, real=0.00 secs] 
2020-10-29T14:48:09.915+0000: [GC (Allocation Failure) 2020-10-29T14:48:09.915+0000: [ParNew: 16388K->4K(18432K), 0.0028420 secs] 312213K->295829K(631224K), 0.0029061 secs] [Times: user=0.00 sys=0.00, real=0.00 secs] 
2020-10-29T14:48:09.932+0000: [GC (Allocation Failure) 2020-10-29T14:48:09.932+0000: [ParNew: 16388K->4K(18432K), 0.0029705 secs] 312213K->295829K(631224K), 0.0030371 secs] [Times: user=0.01 sys=0.00, real=0.01 secs] 
2020-10-29T14:48:09.950+0000: [GC (Allocation Failure) 2020-10-29T14:48:09.950+0000: [ParNew: 16388K->4K(18432K), 0.0028012 secs] 312213K->295829K(631224K), 0.0028591 secs] [Times: user=0.01 sys=0.00, real=0.00 secs] 
2020-10-29T14:48:09.967+0000: [GC (Allocation Failure) 2020-10-29T14:48:09.967+0000: [ParNew: 16388K->4K(18432K), 0.0029505 secs] 312213K->295829K(631224K), 0.0030299 secs] [Times: user=0.00 sys=0.00, real=0.00 secs] 
2020-10-29T14:48:09.985+0000: [GC (Allocation Failure) 2020-10-29T14:48:09.985+0000: [ParNew: 16388K->4K(18432K), 0.0029460 secs] 312213K->295829K(631224K), 0.0030269 secs] [Times: user=0.01 sys=0.00, real=0.01 secs] 
2020-10-29T14:48:10.003+0000: [GC (Allocation Failure) 2020-10-29T14:48:10.003+0000: [ParNew: 16388K->4K(18432K), 0.0034054 secs] 312213K->295829K(631224K), 0.0035151 secs] [Times: user=0.00 sys=0.01, real=0.00 secs] 
2020-10-29T14:48:10.019+0000: [GC (Allocation Failure) 2020-10-29T14:48:10.019+0000: [ParNew: 16388K->4K(18432K), 0.0040291 secs] 312213K->299925K(631224K), 0.0040981 secs] [Times: user=0.01 sys=0.00, real=0.00 secs] 
2020-10-29T14:48:10.038+0000: [GC (Allocation Failure) 2020-10-29T14:48:10.038+0000: [ParNew: 16388K->4K(18432K), 0.0030132 secs] 316309K->299925K(631224K), 0.0030772 secs] [Times: user=0.00 sys=0.00, real=0.00 secs] 
2020-10-29T14:48:10.056+0000: [GC (Allocation Failure) 2020-10-29T14:48:10.056+0000: [ParNew: 16366K->4K(18432K), 0.0029737 secs] 316287K->299925K(631224K), 0.0030389 secs] [Times: user=0.01 sys=0.00, real=0.00 secs] 
2020-10-29T14:48:10.074+0000: [GC (Allocation Failure) 2020-10-29T14:48:10.074+0000: [ParNew: 16388K->4K(18432K), 0.0028689 secs] 316309K->299925K(631224K), 0.0029311 secs] [Times: user=0.01 sys=0.00, real=0.01 secs] 
2020-10-29T14:48:10.095+0000: [GC (Allocation Failure) 2020-10-29T14:48:10.095+0000: [ParNew: 16388K->4K(18432K), 0.0030213 secs] 316309K->299925K(631224K), 0.0030844 secs] [Times: user=0.01 sys=0.00, real=0.00 secs] 
2020-10-29T14:48:10.113+0000: [GC (Allocation Failure) 2020-10-29T14:48:10.113+0000: [ParNew: 16388K->4K(18432K), 0.0030824 secs] 316309K->299925K(631224K), 0.0031491 secs] [Times: user=0.00 sys=0.00, real=0.01 secs] 
2020-10-29T14:48:10.130+0000: [GC (Allocation Failure) 2020-10-29T14:48:10.131+0000: [ParNew: 16388K->4K(18432K), 0.0029116 secs] 316309K->299925K(631224K), 0.0029747 secs] [Times: user=0.00 sys=0.00, real=0.00 secs] 
2020-10-29T14:48:10.151+0000: [GC (Allocation Failure) 2020-10-29T14:48:10.151+0000: [ParNew: 16388K->4K(18432K), 0.0028136 secs] 316309K->299925K(631224K), 0.0028723 secs] [Times: user=0.01 sys=0.00, real=0.00 secs] 
2020-10-29T14:48:10.168+0000: [GC (Allocation Failure) 2020-10-29T14:48:10.168+0000: [ParNew: 16388K->4K(18432K), 0.0028744 secs] 316309K->299925K(631224K), 0.0029354 secs] [Times: user=0.00 sys=0.00, real=0.00 secs] 
2020-10-29T14:48:10.187+0000: [GC (Allocation Failure) 2020-10-29T14:48:10.187+0000: [ParNew: 16388K->4K(18432K), 0.0029140 secs] 316309K->299925K(631224K), 0.0029784 secs] [Times: user=0.01 sys=0.00, real=0.00 secs] 
2020-10-29T14:48:10.204+0000: [GC (Allocation Failure) 2020-10-29T14:48:10.204+0000: [ParNew: 16388K->4K(18432K), 0.0030706 secs] 316309K->299925K(631224K), 0.0031371 secs] [Times: user=0.00 sys=0.00, real=0.01 secs] 
2020-10-29T14:48:10.222+0000: [GC (Allocation Failure) 2020-10-29T14:48:10.222+0000: [ParNew: 16388K->4K(18432K), 0.0028300 secs] 316309K->299925K(631224K), 0.0028895 secs] [Times: user=0.00 sys=0.00, real=0.00 secs] 
2020-10-29T14:48:10.239+0000: [GC (Allocation Failure) 2020-10-29T14:48:10.239+0000: [ParNew: 16388K->4K(18432K), 0.0028011 secs] 316309K->299925K(631224K), 0.0028691 secs] [Times: user=0.01 sys=0.00, real=0.00 secs] 
2020-10-29T14:48:10.257+0000: [GC (Allocation Failure) 2020-10-29T14:48:10.257+0000: [ParNew: 16388K->4K(18432K), 0.0026901 secs] 316309K->299925K(631224K), 0.0027449 secs] [Times: user=0.00 sys=0.00, real=0.00 secs] 
2020-10-29T14:48:10.279+0000: [GC (Allocation Failure) 2020-10-29T14:48:10.279+0000: [ParNew: 16388K->4K(18432K), 0.0037507 secs] 316309K->304021K(631224K), 0.0038122 secs] [Times: user=0.01 sys=0.00, real=0.00 secs] 
2020-10-29T14:48:10.297+0000: [GC (Allocation Failure) 2020-10-29T14:48:10.298+0000: [ParNew: 16388K->4K(18432K), 0.0029290 secs] 320405K->304021K(631224K), 0.0029808 secs] [Times: user=0.01 sys=0.00, real=0.00 secs] 
2020-10-29T14:48:10.317+0000: [GC (Allocation Failure) 2020-10-29T14:48:10.317+0000: [ParNew: 16388K->4K(18432K), 0.0028072 secs] 320405K->304021K(631224K), 0.0028581 secs] [Times: user=0.01 sys=0.00, real=0.00 secs] 
2020-10-29T14:48:10.339+0000: [GC (Allocation Failure) 2020-10-29T14:48:10.339+0000: [ParNew: 16388K->4K(18432K), 0.0027768 secs] 320405K->304021K(631224K), 0.0028377 secs] [Times: user=0.00 sys=0.00, real=0.00 secs] 
2020-10-29T14:48:10.356+0000: [GC (Allocation Failure) 2020-10-29T14:48:10.356+0000: [ParNew: 16388K->4K(18432K), 0.0024741 secs] 320405K->304021K(631224K), 0.0025222 secs] [Times: user=0.00 sys=0.00, real=0.00 secs] 
2020-10-29T14:48:10.375+0000: [GC (Allocation Failure) 2020-10-29T14:48:10.375+0000: [ParNew: 16388K->4K(18432K), 0.0027643 secs] 320405K->304021K(631224K), 0.0028206 secs] [Times: user=0.00 sys=0.00, real=0.00 secs] 
2020-10-29T14:48:10.395+0000: [GC (Allocation Failure) 2020-10-29T14:48:10.395+0000: [ParNew: 16388K->4K(18432K), 0.0030085 secs] 320405K->304021K(631224K), 0.0030737 secs] [Times: user=0.00 sys=0.01, real=0.00 secs] 
2020-10-29T14:48:10.415+0000: [GC (Allocation Failure) 2020-10-29T14:48:10.415+0000: [ParNew: 16388K->4K(18432K), 0.0030088 secs] 320405K->304021K(631224K), 0.0030753 secs] [Times: user=0.00 sys=0.00, real=0.00 secs] 
2020-10-29T14:48:10.432+0000: [GC (Allocation Failure) 2020-10-29T14:48:10.432+0000: [ParNew: 16388K->4K(18432K), 0.0030057 secs] 320405K->304021K(631224K), 0.0030737 secs] [Times: user=0.01 sys=0.00, real=0.01 secs] 
2020-10-29T14:48:10.450+0000: [GC (Allocation Failure) 2020-10-29T14:48:10.450+0000: [ParNew: 16388K->4K(18432K), 0.0030567 secs] 320405K->304021K(631224K), 0.0031243 secs] [Times: user=0.00 sys=0.00, real=0.00 secs] 
2020-10-29T14:48:10.470+0000: [GC (Allocation Failure) 2020-10-29T14:48:10.470+0000: [ParNew: 16388K->4K(18432K), 0.0030274 secs] 320405K->304021K(631224K), 0.0030941 secs] [Times: user=0.01 sys=0.00, real=0.00 secs] 
2020-10-29T14:48:10.491+0000: [GC (Allocation Failure) 2020-10-29T14:48:10.491+0000: [ParNew: 16388K->4K(18432K), 0.0029683 secs] 320405K->304021K(631224K), 0.0030333 secs] [Times: user=0.01 sys=0.00, real=0.00 secs] 
2020-10-29T14:48:10.511+0000: [GC (Allocation Failure) 2020-10-29T14:48:10.511+0000: [ParNew: 16388K->4K(18432K), 0.0028729 secs] 320405K->304021K(631224K), 0.0029352 secs] [Times: user=0.00 sys=0.00, real=0.00 secs] 
2020-10-29T14:48:10.531+0000: [GC (Allocation Failure) 2020-10-29T14:48:10.531+0000: [ParNew: 16388K->4K(18432K), 0.0029922 secs] 320405K->304021K(631224K), 0.0030601 secs] [Times: user=0.01 sys=0.00, real=0.00 secs] 
2020-10-29T14:48:10.551+0000: [GC (Allocation Failure) 2020-10-29T14:48:10.551+0000: [ParNew: 16388K->4K(18432K), 0.0029564 secs] 320405K->304021K(631224K), 0.0030222 secs] [Times: user=0.01 sys=0.00, real=0.00 secs] 
2020-10-29T14:48:10.569+0000: [GC (Allocation Failure) 2020-10-29T14:48:10.569+0000: [ParNew: 16388K->4K(18432K), 0.0030259 secs] 320405K->304021K(631224K), 0.0030928 secs] [Times: user=0.01 sys=0.00, real=0.00 secs] 
2020-10-29T14:48:10.587+0000: [GC (Allocation Failure) 2020-10-29T14:48:10.587+0000: [ParNew: 16388K->4K(18432K), 0.0030177 secs] 320405K->304021K(631224K), 0.0030863 secs] [Times: user=0.00 sys=0.00, real=0.00 secs] 
2020-10-29T14:48:10.607+0000: [GC (Allocation Failure) 2020-10-29T14:48:10.607+0000: [ParNew: 16388K->4K(18432K), 0.0029724 secs] 320405K->304021K(631224K), 0.0030370 secs] [Times: user=0.00 sys=0.00, real=0.00 secs] 
2020-10-29T14:48:10.626+0000: [GC (Allocation Failure) 2020-10-29T14:48:10.626+0000: [ParNew: 16388K->4K(18432K), 0.0030652 secs] 320405K->304021K(631224K), 0.0031330 secs] [Times: user=0.01 sys=0.00, real=0.01 secs] 
2020-10-29T14:48:10.647+0000: [GC (Allocation Failure) 2020-10-29T14:48:10.647+0000: [ParNew: 16388K->4K(18432K), 0.0030233 secs] 320405K->304021K(631224K), 0.0030918 secs] [Times: user=0.01 sys=0.00, real=0.00 secs] 
2020-10-29T14:48:10.667+0000: [GC (Allocation Failure) 2020-10-29T14:48:10.667+0000: [ParNew: 16388K->4K(18432K), 0.0030011 secs] 320405K->304021K(631224K), 0.0030676 secs] [Times: user=0.00 sys=0.00, real=0.00 secs] 
2020-10-29T14:48:10.684+0000: [GC (Allocation Failure) 2020-10-29T14:48:10.685+0000: [ParNew: 16388K->4K(18432K), 0.0031316 secs] 320405K->304021K(631224K), 0.0032179 secs] [Times: user=0.00 sys=0.00, real=0.01 secs] 
2020-10-29T14:48:10.702+0000: [GC (Allocation Failure) 2020-10-29T14:48:10.702+0000: [ParNew: 16388K->4K(18432K), 0.0030564 secs] 320405K->304021K(631224K), 0.0031231 secs] [Times: user=0.00 sys=0.00, real=0.00 secs] 
2020-10-29T14:48:10.723+0000: [GC (Allocation Failure) 2020-10-29T14:48:10.723+0000: [ParNew: 16388K->4K(18432K), 0.0030189 secs] 320405K->304021K(631224K), 0.0030865 secs] [Times: user=0.01 sys=0.00, real=0.00 secs] 
2020-10-29T14:48:10.743+0000: [GC (Allocation Failure) 2020-10-29T14:48:10.743+0000: [ParNew: 16388K->4K(18432K), 0.0030593 secs] 320405K->304021K(631224K), 0.0031318 secs] [Times: user=0.00 sys=0.00, real=0.00 secs] 
2020-10-29T14:48:10.761+0000: [GC (Allocation Failure) 2020-10-29T14:48:10.761+0000: [ParNew: 16388K->4K(18432K), 0.0029463 secs] 320405K->304021K(631224K), 0.0030097 secs] [Times: user=0.01 sys=0.00, real=0.00 secs] 
2020-10-29T14:48:10.779+0000: [GC (Allocation Failure) 2020-10-29T14:48:10.779+0000: [ParNew: 16388K->4K(18432K), 0.0028846 secs] 320405K->304021K(631224K), 0.0029475 secs] [Times: user=0.01 sys=0.00, real=0.00 secs] 
2020-10-29T14:48:10.799+0000: [GC (Allocation Failure) 2020-10-29T14:48:10.799+0000: [ParNew: 16388K->4K(18432K), 0.0029665 secs] 320405K->304021K(631224K), 0.0030313 secs] [Times: user=0.00 sys=0.00, real=0.00 secs] 
2020-10-29T14:48:10.816+0000: [GC (Allocation Failure) 2020-10-29T14:48:10.816+0000: [ParNew: 16388K->4K(18432K), 0.0030871 secs] 320405K->304021K(631224K), 0.0031569 secs] [Times: user=0.01 sys=0.00, real=0.00 secs] 
2020-10-29T14:48:10.835+0000: [GC (Allocation Failure) 2020-10-29T14:48:10.835+0000: [ParNew: 16388K->4K(18432K), 0.0030369 secs] 320405K->304021K(631224K), 0.0031059 secs] [Times: user=0.00 sys=0.00, real=0.00 secs] 
2020-10-29T14:48:10.855+0000: [GC (Allocation Failure) 2020-10-29T14:48:10.855+0000: [ParNew: 16388K->4K(18432K), 0.0030215 secs] 320405K->304021K(631224K), 0.0030875 secs] [Times: user=0.01 sys=0.00, real=0.00 secs] 
2020-10-29T14:48:10.872+0000: [GC (Allocation Failure) 2020-10-29T14:48:10.872+0000: [ParNew: 16388K->4K(18432K), 0.0029854 secs] 320405K->304021K(631224K), 0.0030529 secs] [Times: user=0.01 sys=0.00, real=0.01 secs] 
2020-10-29T14:48:10.890+0000: [GC (Allocation Failure) 2020-10-29T14:48:10.890+0000: [ParNew: 16388K->4K(18432K), 0.0029731 secs] 320405K->304021K(631224K), 0.0030411 secs] [Times: user=0.01 sys=0.00, real=0.00 secs] 
2020-10-29T14:48:10.908+0000: [GC (Allocation Failure) 2020-10-29T14:48:10.908+0000: [ParNew: 16388K->4K(18432K), 0.0029182 secs] 320405K->304021K(631224K), 0.0029829 secs] [Times: user=0.01 sys=0.00, real=0.00 secs] 
2020-10-29T14:48:10.927+0000: [GC (Allocation Failure) 2020-10-29T14:48:10.927+0000: [ParNew: 16388K->4K(18432K), 0.0028296 secs] 320405K->304021K(631224K), 0.0028896 secs] [Times: user=0.00 sys=0.00, real=0.00 secs] 
2020-10-29T14:48:10.944+0000: [GC (Allocation Failure) 2020-10-29T14:48:10.944+0000: [ParNew: 16388K->4K(18432K), 0.0029492 secs] 320405K->304021K(631224K), 0.0030178 secs] [Times: user=0.01 sys=0.00, real=0.01 secs] 
2020-10-29T14:48:10.963+0000: [GC (Allocation Failure) 2020-10-29T14:48:10.963+0000: [ParNew: 16388K->4K(18432K), 0.0028283 secs] 320405K->304021K(631224K), 0.0028890 secs] [Times: user=0.00 sys=0.00, real=0.00 secs] 
2020-10-29T14:48:10.980+0000: [GC (Allocation Failure) 2020-10-29T14:48:10.980+0000: [ParNew: 16388K->4K(18432K), 0.0029994 secs] 320405K->304021K(631224K), 0.0030652 secs] [Times: user=0.00 sys=0.00, real=0.00 secs] 
2020-10-29T14:48:10.998+0000: [GC (Allocation Failure) 2020-10-29T14:48:10.998+0000: [ParNew: 16388K->4K(18432K), 0.0029564 secs] 320405K->304021K(631224K), 0.0030199 secs] [Times: user=0.01 sys=0.00, real=0.00 secs] 
2020-10-29T14:48:11.019+0000: [GC (Allocation Failure) 2020-10-29T14:48:11.019+0000: [ParNew: 16388K->4K(18432K), 0.0030567 secs] 320405K->304021K(631224K), 0.0031275 secs] [Times: user=0.01 sys=0.00, real=0.00 secs] 
2020-10-29T14:48:11.039+0000: [GC (Allocation Failure) 2020-10-29T14:48:11.039+0000: [ParNew: 16388K->4K(18432K), 0.0030091 secs] 320405K->304021K(631224K), 0.0030762 secs] [Times: user=0.00 sys=0.00, real=0.00 secs] 
2020-10-29T14:48:11.056+0000: [GC (Allocation Failure) 2020-10-29T14:48:11.056+0000: [ParNew: 16388K->4K(18432K), 0.0030248 secs] 320405K->304021K(631224K), 0.0030944 secs] [Times: user=0.01 sys=0.00, real=0.00 secs] 
2020-10-29T14:48:11.074+0000: [GC (Allocation Failure) 2020-10-29T14:48:11.074+0000: [ParNew: 16388K->4K(18432K), 0.0030962 secs] 320405K->304021K(631224K), 0.0031687 secs] [Times: user=0.00 sys=0.00, real=0.01 secs] 
2020-10-29T14:48:11.092+0000: [GC (Allocation Failure) 2020-10-29T14:48:11.092+0000: [ParNew: 16388K->4K(18432K), 0.0030481 secs] 320405K->304021K(631224K), 0.0031185 secs] [Times: user=0.01 sys=0.00, real=0.01 secs] 
2020-10-29T14:48:11.110+0000: [GC (Allocation Failure) 2020-10-29T14:48:11.110+0000: [ParNew: 16388K->4K(18432K), 0.0031474 secs] 320405K->304021K(631224K), 0.0032190 secs] [Times: user=0.01 sys=0.00, real=0.00 secs] 
2020-10-29T14:48:11.131+0000: [GC (Allocation Failure) 2020-10-29T14:48:11.131+0000: [ParNew: 16388K->4K(18432K), 0.0029718 secs] 320405K->304021K(631224K), 0.0030384 secs] [Times: user=0.00 sys=0.00, real=0.00 secs] 
2020-10-29T14:48:11.148+0000: [GC (Allocation Failure) 2020-10-29T14:48:11.148+0000: [ParNew: 16388K->4K(18432K), 0.0029426 secs] 320405K->304021K(631224K), 0.0030163 secs] [Times: user=0.01 sys=0.00, real=0.00 secs] 
2020-10-29T14:48:11.166+0000: [GC (Allocation Failure) 2020-10-29T14:48:11.166+0000: [ParNew: 16388K->4K(18432K), 0.0029331 secs] 320405K->304021K(631224K), 0.0029992 secs] [Times: user=0.00 sys=0.00, real=0.01 secs] 
2020-10-29T14:48:11.184+0000: [GC (Allocation Failure) 2020-10-29T14:48:11.184+0000: [ParNew: 16388K->4K(18432K), 0.0028536 secs] 320405K->304021K(631224K), 0.0029196 secs] [Times: user=0.01 sys=0.00, real=0.01 secs] 
2020-10-29T14:48:11.201+0000: [GC (Allocation Failure) 2020-10-29T14:48:11.201+0000: [ParNew: 16388K->4K(18432K), 0.0026346 secs] 320405K->304021K(631224K), 0.0026834 secs] [Times: user=0.01 sys=0.00, real=0.00 secs] 
2020-10-29T14:48:11.218+0000: [GC (Allocation Failure) 2020-10-29T14:48:11.218+0000: [ParNew: 16388K->4K(18432K), 0.0025548 secs] 320405K->304021K(631224K), 0.0026055 secs] [Times: user=0.00 sys=0.00, real=0.00 secs] 
2020-10-29T14:48:11.239+0000: [GC (Allocation Failure) 2020-10-29T14:48:11.239+0000: [ParNew: 16388K->4K(18432K), 0.0028780 secs] 320405K->304021K(631224K), 0.0029423 secs] [Times: user=0.00 sys=0.00, real=0.00 secs] 
2020-10-29T14:48:11.259+0000: [GC (Allocation Failure) 2020-10-29T14:48:11.259+0000: [ParNew: 16388K->4K(18432K), 0.0028489 secs] 320405K->304021K(631224K), 0.0029114 secs] [Times: user=0.01 sys=0.00, real=0.00 secs] 
2020-10-29T14:48:11.279+0000: [GC (Allocation Failure) 2020-10-29T14:48:11.279+0000: [ParNew: 16388K->4K(18432K), 0.0027257 secs] 320405K->304021K(631224K), 0.0027809 secs] [Times: user=0.01 sys=0.00, real=0.00 secs] 
2020-10-29T14:48:11.296+0000: [GC (Allocation Failure) 2020-10-29T14:48:11.296+0000: [ParNew: 16388K->4K(18432K), 0.0027533 secs] 320405K->304021K(631224K), 0.0028050 secs] [Times: user=0.00 sys=0.00, real=0.00 secs] 
2020-10-29T14:48:11.315+0000: [GC (Allocation Failure) 2020-10-29T14:48:11.315+0000: [ParNew: 16388K->4K(18432K), 0.0027473 secs] 320405K->304021K(631224K), 0.0028060 secs] [Times: user=0.00 sys=0.00, real=0.00 secs] 
2020-10-29T14:48:11.335+0000: [GC (Allocation Failure) 2020-10-29T14:48:11.335+0000: [ParNew: 16388K->4K(18432K), 0.0029339 secs] 320405K->304021K(631224K), 0.0029991 secs] [Times: user=0.01 sys=0.00, real=0.00 secs] 
2020-10-29T14:48:11.355+0000: [GC (Allocation Failure) 2020-10-29T14:48:11.355+0000: [ParNew: 16388K->4K(18432K), 0.0031298 secs] 320405K->304021K(631224K), 0.0031935 secs] [Times: user=0.00 sys=0.00, real=0.00 secs] 
2020-10-29T14:48:11.373+0000: [GC (Allocation Failure) 2020-10-29T14:48:11.373+0000: [ParNew: 16388K->4K(18432K), 0.0030192 secs] 320405K->304021K(631224K), 0.0030869 secs] [Times: user=0.01 sys=0.00, real=0.01 secs] 
2020-10-29T14:48:11.391+0000: [GC (Allocation Failure) 2020-10-29T14:48:11.391+0000: [ParNew: 16388K->4K(18432K), 0.0029797 secs] 320405K->304021K(631224K), 0.0030463 secs] [Times: user=0.00 sys=0.00, real=0.00 secs] 
2020-10-29T14:48:11.408+0000: [GC (Allocation Failure) 2020-10-29T14:48:11.408+0000: [ParNew: 16388K->4K(18432K), 0.0030116 secs] 320405K->304021K(631224K), 0.0030787 secs] [Times: user=0.01 sys=0.00, real=0.00 secs] 
2020-10-29T14:48:11.426+0000: [GC (Allocation Failure) 2020-10-29T14:48:11.426+0000: [ParNew: 16388K->4K(18432K), 0.0029846 secs] 320405K->304021K(631224K), 0.0030535 secs] [Times: user=0.00 sys=0.00, real=0.01 secs] 
2020-10-29T14:48:11.447+0000: [GC (Allocation Failure) 2020-10-29T14:48:11.447+0000: [ParNew: 16388K->4K(18432K), 0.0030092 secs] 320405K->304021K(631224K), 0.0030767 secs] [Times: user=0.01 sys=0.00, real=0.00 secs] 
2020-10-29T14:48:11.466+0000: [GC (Allocation Failure) 2020-10-29T14:48:11.466+0000: [ParNew: 16388K->4K(18432K), 0.0028715 secs] 320405K->304021K(631224K), 0.0029354 secs] [Times: user=0.01 sys=0.00, real=0.01 secs] 
2020-10-29T14:48:11.483+0000: [GC (Allocation Failure) 2020-10-29T14:48:11.483+0000: [ParNew: 16388K->4K(18432K), 0.0028754 secs] 320405K->304021K(631224K), 0.0029449 secs] [Times: user=0.01 sys=0.00, real=0.00 secs] 
2020-10-29T14:48:11.505+0000: [GC (Allocation Failure) 2020-10-29T14:48:11.505+0000: [ParNew: 16388K->4K(18432K), 0.0030340 secs] 320405K->304021K(631224K), 0.0031284 secs] [Times: user=0.01 sys=0.00, real=0.01 secs] 
2020-10-29T14:48:11.527+0000: [GC (Allocation Failure) 2020-10-29T14:48:11.527+0000: [ParNew: 16388K->4K(18432K), 0.0030030 secs] 320405K->304021K(631224K), 0.0030667 secs] [Times: user=0.00 sys=0.00, real=0.00 secs] 
2020-10-29T14:48:11.547+0000: [GC (Allocation Failure) 2020-10-29T14:48:11.547+0000: [ParNew: 16388K->4K(18432K), 0.0029009 secs] 320405K->304021K(631224K), 0.0029651 secs] [Times: user=0.00 sys=0.00, real=0.00 secs] 
2020-10-29T14:48:11.567+0000: [GC (Allocation Failure) 2020-10-29T14:48:11.567+0000: [ParNew: 16388K->4K(18432K), 0.0028950 secs] 320405K->304021K(631224K), 0.0029574 secs] [Times: user=0.00 sys=0.00, real=0.00 secs] 
2020-10-29T14:48:11.587+0000: [GC (Allocation Failure) 2020-10-29T14:48:11.587+0000: [ParNew: 16388K->4K(18432K), 0.0028100 secs] 320405K->304021K(631224K), 0.0028710 secs] [Times: user=0.01 sys=0.00, real=0.00 secs] 
2020-10-29T14:48:11.607+0000: [GC (Allocation Failure) 2020-10-29T14:48:11.607+0000: [ParNew: 16388K->4K(18432K), 0.0028281 secs] 320405K->304021K(631224K), 0.0028899 secs] [Times: user=0.00 sys=0.00, real=0.00 secs] 
2020-10-29T14:48:11.627+0000: [GC (Allocation Failure) 2020-10-29T14:48:11.627+0000: [ParNew: 16388K->4K(18432K), 0.0044346 secs] 320405K->304021K(631224K), 0.0044947 secs] [Times: user=0.00 sys=0.00, real=0.00 secs] 
2020-10-29T14:48:11.646+0000: [GC (Allocation Failure) 2020-10-29T14:48:11.646+0000: [ParNew: 16388K->4K(18432K), 0.0029453 secs] 320405K->304021K(631224K), 0.0030091 secs] [Times: user=0.01 sys=0.00, real=0.01 secs] 
2020-10-29T14:48:11.667+0000: [GC (Allocation Failure) 2020-10-29T14:48:11.667+0000: [ParNew: 16388K->4K(18432K), 0.0031808 secs] 320405K->304021K(631224K), 0.0032551 secs] [Times: user=0.01 sys=0.00, real=0.00 secs] 
2020-10-29T14:48:11.685+0000: [GC (Allocation Failure) 2020-10-29T14:48:11.685+0000: [ParNew: 16388K->4K(18432K), 0.0031073 secs] 320405K->304021K(631224K), 0.0031778 secs] [Times: user=0.00 sys=0.00, real=0.01 secs] 
2020-10-29T14:48:11.703+0000: [GC (Allocation Failure) 2020-10-29T14:48:11.703+0000: [ParNew: 16388K->4K(18432K), 0.0029732 secs] 320405K->304021K(631224K), 0.0030393 secs] [Times: user=0.01 sys=0.00, real=0.00 secs] 
2020-10-29T14:48:11.723+0000: [GC (Allocation Failure) 2020-10-29T14:48:11.723+0000: [ParNew: 16388K->4K(18432K), 0.0029409 secs] 320405K->304021K(631224K), 0.0030062 secs] [Times: user=0.00 sys=0.00, real=0.00 secs] 
2020-10-29T14:48:11.743+0000: [GC (Allocation Failure) 2020-10-29T14:48:11.743+0000: [ParNew: 16388K->4K(18432K), 0.0028813 secs] 320405K->304021K(631224K), 0.0029576 secs] [Times: user=0.01 sys=0.00, real=0.00 secs] 
2020-10-29T14:48:11.763+0000: [GC (Allocation Failure) 2020-10-29T14:48:11.763+0000: [ParNew: 16388K->4K(18432K), 0.0028597 secs] 320405K->304021K(631224K), 0.0029221 secs] [Times: user=0.01 sys=0.00, real=0.00 secs] 
2020-10-29T14:48:11.783+0000: [GC (Allocation Failure) 2020-10-29T14:48:11.783+0000: [ParNew: 16388K->4K(18432K), 0.0028174 secs] 320405K->304021K(631224K), 0.0028768 secs] [Times: user=0.01 sys=0.00, real=0.00 secs] 
2020-10-29T14:48:11.803+0000: [GC (Allocation Failure) 2020-10-29T14:48:11.803+0000: [ParNew: 16388K->4K(18432K), 0.0027805 secs] 320405K->304021K(631224K), 0.0028361 secs] [Times: user=0.00 sys=0.00, real=0.00 secs] 
2020-10-29T14:48:11.823+0000: [GC (Allocation Failure) 2020-10-29T14:48:11.823+0000: [ParNew: 16388K->4K(18432K), 0.0028463 secs] 320405K->304021K(631224K), 0.0029069 secs] [Times: user=0.00 sys=0.00, real=0.00 secs] 
2020-10-29T14:48:11.840+0000: [GC (Allocation Failure) 2020-10-29T14:48:11.840+0000: [ParNew: 16388K->4K(18432K), 0.0029435 secs] 320405K->304021K(631224K), 0.0030097 secs] [Times: user=0.00 sys=0.00, real=0.00 secs] 
2020-10-29T14:48:11.859+0000: [GC (Allocation Failure) 2020-10-29T14:48:11.859+0000: [ParNew: 16388K->4K(18432K), 0.0029153 secs] 320405K->304021K(631224K), 0.0029778 secs] [Times: user=0.01 sys=0.00, real=0.00 secs] 
2020-10-29T14:48:11.879+0000: [GC (Allocation Failure) 2020-10-29T14:48:11.879+0000: [ParNew: 16388K->4K(18432K), 0.0028662 secs] 320405K->304021K(631224K), 0.0029289 secs] [Times: user=0.01 sys=0.00, real=0.00 secs] 
2020-10-29T14:48:11.896+0000: [GC (Allocation Failure) 2020-10-29T14:48:11.896+0000: [ParNew: 16388K->4K(18432K), 0.0035503 secs] 320405K->304022K(631224K), 0.0036207 secs] [Times: user=0.01 sys=0.00, real=0.00 secs] 
2020-10-29T14:48:11.914+0000: [GC (Allocation Failure) 2020-10-29T14:48:11.914+0000: [ParNew: 16388K->4K(18432K), 0.0029537 secs] 320406K->304022K(631224K), 0.0030183 secs] [Times: user=0.00 sys=0.00, real=0.01 secs] 
2020-10-29T14:48:11.935+0000: [GC (Allocation Failure) 2020-10-29T14:48:11.935+0000: [ParNew: 16388K->4K(18432K), 0.0029839 secs] 320406K->304022K(631224K), 0.0030496 secs] [Times: user=0.01 sys=0.00, real=0.00 secs] 
2020-10-29T14:48:11.955+0000: [GC (Allocation Failure) 2020-10-29T14:48:11.955+0000: [ParNew: 16388K->4K(18432K), 0.0029631 secs] 320406K->304022K(631224K), 0.0030280 secs] [Times: user=0.00 sys=0.00, real=0.00 secs] 
2020-10-29T14:48:11.975+0000: [GC (Allocation Failure) 2020-10-29T14:48:11.975+0000: [ParNew: 16388K->4K(18432K), 0.0029204 secs] 320406K->304022K(631224K), 0.0029857 secs] [Times: user=0.01 sys=0.00, real=0.00 secs] 
2020-10-29T14:48:11.995+0000: [GC (Allocation Failure) 2020-10-29T14:48:11.995+0000: [ParNew: 16388K->4K(18432K), 0.0029431 secs] 320406K->304022K(631224K), 0.0030019 secs] [Times: user=0.01 sys=0.00, real=0.00 secs] 
2020-10-29T14:48:12.014+0000: [GC (Allocation Failure) 2020-10-29T14:48:12.014+0000: [ParNew: 16388K->4K(18432K), 0.0029186 secs] 320406K->304022K(631224K), 0.0029833 secs] [Times: user=0.00 sys=0.00, real=0.01 secs] 
2020-10-29T14:48:12.035+0000: [GC (Allocation Failure) 2020-10-29T14:48:12.035+0000: [ParNew: 16388K->4K(18432K), 0.0029206 secs] 320406K->304022K(631224K), 0.0029849 secs] [Times: user=0.00 sys=0.00, real=0.00 secs] 
2020-10-29T14:48:12.052+0000: [GC (Allocation Failure) 2020-10-29T14:48:12.052+0000: [ParNew: 16388K->4K(18432K), 0.0027437 secs] 320406K->304022K(631224K), 0.0027984 secs] [Times: user=0.01 sys=0.00, real=0.01 secs] 
2020-10-29T14:48:12.071+0000: [GC (Allocation Failure) 2020-10-29T14:48:12.071+0000: [ParNew: 16388K->4K(18432K), 0.0028468 secs] 320406K->304022K(631224K), 0.0029000 secs] [Times: user=0.01 sys=0.00, real=0.00 secs] 
2020-10-29T14:48:12.091+0000: [GC (Allocation Failure) 2020-10-29T14:48:12.091+0000: [ParNew: 16388K->4K(18432K), 0.0029561 secs] 320406K->304022K(631224K), 0.0030207 secs] [Times: user=0.00 sys=0.00, real=0.00 secs] 
2020-10-29T14:48:12.108+0000: [GC (Allocation Failure) 2020-10-29T14:48:12.108+0000: [ParNew: 16388K->4K(18432K), 0.0030478 secs] 320406K->304022K(631224K), 0.0031173 secs] [Times: user=0.01 sys=0.00, real=0.00 secs] 
2020-10-29T14:48:12.127+0000: [GC (Allocation Failure) 2020-10-29T14:48:12.127+0000: [ParNew: 16388K->4K(18432K), 0.0029522 secs] 320406K->304022K(631224K), 0.0030189 secs] [Times: user=0.01 sys=0.00, real=0.00 secs] 
2020-10-29T14:48:12.147+0000: [GC (Allocation Failure) 2020-10-29T14:48:12.147+0000: [ParNew: 16388K->4K(18432K), 0.0029785 secs] 320406K->304022K(631224K), 0.0030445 secs] [Times: user=0.01 sys=0.00, real=0.00 secs] 
2020-10-29T14:48:12.167+0000: [GC (Allocation Failure) 2020-10-29T14:48:12.167+0000: [ParNew: 16388K->4K(18432K), 0.0029952 secs] 320406K->304022K(631224K), 0.0030583 secs] [Times: user=0.00 sys=0.00, real=0.00 secs] 
2020-10-29T14:48:12.185+0000: [GC (Allocation Failure) 2020-10-29T14:48:12.185+0000: [ParNew: 16388K->4K(18432K), 0.0029789 secs] 320406K->304022K(631224K), 0.0030442 secs] [Times: user=0.00 sys=0.00, real=0.01 secs] 
2020-10-29T14:48:12.207+0000: [GC (Allocation Failure) 2020-10-29T14:48:12.207+0000: [ParNew: 16388K->4K(18432K), 0.0028967 secs] 320406K->304022K(631224K), 0.0029701 secs] [Times: user=0.01 sys=0.01, real=0.01 secs] 
2020-10-29T14:48:12.226+0000: [GC (Allocation Failure) 2020-10-29T14:48:12.226+0000: [ParNew: 16388K->4K(18432K), 0.0027264 secs] 320406K->304022K(631224K), 0.0027772 secs] [Times: user=0.00 sys=0.00, real=0.01 secs] 
2020-10-29T14:48:12.243+0000: [GC (Allocation Failure) 2020-10-29T14:48:12.243+0000: [ParNew: 16388K->4K(18432K), 0.0028448 secs] 320406K->304022K(631224K), 0.0029026 secs] [Times: user=0.01 sys=0.00, real=0.00 secs] 
2020-10-29T14:48:12.260+0000: [GC (Allocation Failure) 2020-10-29T14:48:12.260+0000: [ParNew: 16388K->4K(18432K), 0.0026322 secs] 320406K->304022K(631224K), 0.0026875 secs] [Times: user=0.00 sys=0.00, real=0.00 secs] 
2020-10-29T14:48:12.278+0000: [GC (Allocation Failure) 2020-10-29T14:48:12.278+0000: [ParNew: 16388K->4K(18432K), 0.0026367 secs] 320406K->304022K(631224K), 0.0026921 secs] [Times: user=0.01 sys=0.00, real=0.00 secs] 
2020-10-29T14:48:12.295+0000: [GC (Allocation Failure) 2020-10-29T14:48:12.295+0000: [ParNew: 16388K->4K(18432K), 0.0029233 secs] 320406K->304022K(631224K), 0.0029897 secs] [Times: user=0.00 sys=0.00, real=0.00 secs] 
2020-10-29T14:48:12.313+0000: [GC (Allocation Failure) 2020-10-29T14:48:12.313+0000: [ParNew: 16388K->4K(18432K), 0.0029341 secs] 320406K->304022K(631224K), 0.0030026 secs] [Times: user=0.01 sys=0.00, real=0.01 secs] 
2020-10-29T14:48:12.331+0000: [GC (Allocation Failure) 2020-10-29T14:48:12.331+0000: [ParNew: 16388K->4K(18432K), 0.0030133 secs] 320406K->304022K(631224K), 0.0030834 secs] [Times: user=0.00 sys=0.00, real=0.00 secs] 
2020-10-29T14:48:12.351+0000: [GC (Allocation Failure) 2020-10-29T14:48:12.351+0000: [ParNew: 16388K->4K(18432K), 0.0030283 secs] 320406K->304022K(631224K), 0.0030970 secs] [Times: user=0.01 sys=0.00, real=0.00 secs] 
2020-10-29T14:48:12.374+0000: [GC (Allocation Failure) 2020-10-29T14:48:12.374+0000: [ParNew: 16388K->4K(18432K), 0.0031039 secs] 320406K->304022K(631224K), 0.0031722 secs] [Times: user=0.01 sys=0.00, real=0.01 secs] 
2020-10-29T14:48:12.395+0000: [GC (Allocation Failure) 2020-10-29T14:48:12.395+0000: [ParNew: 16388K->4K(18432K), 0.0029675 secs] 320406K->304022K(631224K), 0.0030349 secs] [Times: user=0.00 sys=0.00, real=0.00 secs] 
2020-10-29T14:48:12.413+0000: [GC (Allocation Failure) 2020-10-29T14:48:12.413+0000: [ParNew: 16388K->4K(18432K), 0.0029758 secs] 320406K->304022K(631224K), 0.0030375 secs] [Times: user=0.01 sys=0.00, real=0.01 secs] 
2020-10-29T14:48:12.430+0000: [GC (Allocation Failure) 2020-10-29T14:48:12.430+0000: [ParNew: 16388K->4K(18432K), 0.0029299 secs] 320406K->304022K(631224K), 0.0029842 secs] [Times: user=0.00 sys=0.00, real=0.00 secs] 
2020-10-29T14:48:12.448+0000: [GC (Allocation Failure) 2020-10-29T14:48:12.448+0000: [ParNew: 16388K->4K(18432K), 0.0029807 secs] 320406K->304022K(631224K), 0.0030485 secs] [Times: user=0.01 sys=0.00, real=0.00 secs] 
2020-10-29T14:48:12.466+0000: [GC (Allocation Failure) 2020-10-29T14:48:12.466+0000: [ParNew: 16388K->4K(18432K), 0.0029690 secs] 320406K->304022K(631224K), 0.0030464 secs] [Times: user=0.01 sys=0.00, real=0.01 secs] 
2020-10-29T14:48:12.487+0000: [GC (Allocation Failure) 2020-10-29T14:48:12.487+0000: [ParNew: 16388K->4K(18432K), 0.0028818 secs] 320406K->304022K(631224K), 0.0029460 secs] [Times: user=0.01 sys=0.00, real=0.00 secs] 
2020-10-29T14:48:12.507+0000: [GC (Allocation Failure) 2020-10-29T14:48:12.507+0000: [ParNew: 16388K->4K(18432K), 0.0029196 secs] 320406K->304022K(631224K), 0.0029841 secs] [Times: user=0.01 sys=0.00, real=0.00 secs] 
2020-10-29T14:48:12.527+0000: [GC (Allocation Failure) 2020-10-29T14:48:12.527+0000: [ParNew: 16388K->4K(18432K), 0.0029002 secs] 320406K->304022K(631224K), 0.0029652 secs] [Times: user=0.00 sys=0.00, real=0.00 secs] 
2020-10-29T14:48:12.544+0000: [GC (Allocation Failure) 2020-10-29T14:48:12.544+0000: [ParNew: 16388K->4K(18432K), 0.0028601 secs] 320406K->304022K(631224K), 0.0029169 secs] [Times: user=0.00 sys=0.00, real=0.01 secs] 
2020-10-29T14:48:12.563+0000: [GC (Allocation Failure) 2020-10-29T14:48:12.563+0000: [ParNew: 16388K->4K(18432K), 0.0025521 secs] 320406K->304022K(631224K), 0.0026060 secs] [Times: user=0.01 sys=0.00, real=0.00 secs] 
2020-10-29T14:48:12.583+0000: [GC (Allocation Failure) 2020-10-29T14:48:12.583+0000: [ParNew: 16388K->4K(18432K), 0.0028163 secs] 320406K->304022K(631224K), 0.0028788 secs] [Times: user=0.00 sys=0.00, real=0.00 secs] 
2020-10-29T14:48:12.603+0000: [GC (Allocation Failure) 2020-10-29T14:48:12.603+0000: [ParNew: 16388K->4K(18432K), 0.0025737 secs] 320406K->304022K(631224K), 0.0026269 secs] [Times: user=0.01 sys=0.00, real=0.00 secs] 
2020-10-29T14:48:12.620+0000: [GC (Allocation Failure) 2020-10-29T14:48:12.620+0000: [ParNew: 16388K->4K(18432K), 0.0027382 secs] 320406K->304022K(631224K), 0.0027987 secs] [Times: user=0.01 sys=0.00, real=0.00 secs] 
2020-10-29T14:48:12.639+0000: [GC (Allocation Failure) 2020-10-29T14:48:12.639+0000: [ParNew: 16388K->4K(18432K), 0.0028070 secs] 320406K->304022K(631224K), 0.0028697 secs] [Times: user=0.01 sys=0.00, real=0.00 secs] 
2020-10-29T14:48:12.659+0000: [GC (Allocation Failure) 2020-10-29T14:48:12.659+0000: [ParNew: 16388K->4K(18432K), 0.0028092 secs] 320406K->304022K(631224K), 0.0028684 secs] [Times: user=0.00 sys=0.00, real=0.00 secs] 
2020-10-29T14:48:12.679+0000: [GC (Allocation Failure) 2020-10-29T14:48:12.679+0000: [ParNew: 16388K->4K(18432K), 0.0024618 secs] 320406K->304022K(631224K), 0.0025116 secs] [Times: user=0.01 sys=0.00, real=0.00 secs] 
2020-10-29T14:48:12.697+0000: [GC (Allocation Failure) 2020-10-29T14:48:12.697+0000: [ParNew: 16388K->4K(18432K), 0.0029533 secs] 320406K->304022K(631224K), 0.0030171 secs] [Times: user=0.01 sys=0.00, real=0.00 secs] 
2020-10-29T14:48:12.714+0000: [GC (Allocation Failure) 2020-10-29T14:48:12.714+0000: [ParNew: 16388K->4K(18432K), 0.0028368 secs] 320406K->304022K(631224K), 0.0028961 secs] [Times: user=0.00 sys=0.00, real=0.01 secs] 
2020-10-29T14:48:12.732+0000: [GC (Allocation Failure) 2020-10-29T14:48:12.732+0000: [ParNew: 16388K->4K(18432K), 0.0029701 secs] 320406K->304022K(631224K), 0.0030530 secs] [Times: user=0.01 sys=0.00, real=0.01 secs] 
2020-10-29T14:48:12.751+0000: [GC (Allocation Failure) 2020-10-29T14:48:12.751+0000: [ParNew: 16388K->4K(18432K), 0.0029322 secs] 320406K->304022K(631224K), 0.0029973 secs] [Times: user=0.01 sys=0.00, real=0.00 secs] 
2020-10-29T14:48:12.771+0000: [GC (Allocation Failure) 2020-10-29T14:48:12.771+0000: [ParNew: 16388K->4K(18432K), 0.0029370 secs] 320406K->304022K(631224K), 0.0029991 secs] [Times: user=0.01 sys=0.00, real=0.00 secs] 
2020-10-29T14:48:12.791+0000: [GC (Allocation Failure) 2020-10-29T14:48:12.791+0000: [ParNew: 16388K->4K(18432K), 0.0028832 secs] 320406K->304022K(631224K), 0.0029444 secs] [Times: user=0.01 sys=0.00, real=0.00 secs] 
2020-10-29T14:48:12.808+0000: [GC (Allocation Failure) 2020-10-29T14:48:12.808+0000: [ParNew: 16388K->4K(18432K), 0.0030088 secs] 320406K->304022K(631224K), 0.0030721 secs] [Times: user=0.00 sys=0.00, real=0.00 secs] 
2020-10-29T14:48:12.835+0000: [GC (Allocation Failure) 2020-10-29T14:48:12.835+0000: [ParNew: 16388K->8K(18432K), 0.0030811 secs] 320406K->304026K(631224K), 0.0031494 secs] [Times: user=0.01 sys=0.00, real=0.00 secs] 
2020-10-29T14:48:12.852+0000: [GC (Allocation Failure) 2020-10-29T14:48:12.853+0000: [ParNew: 16392K->8K(18432K), 0.0028749 secs] 320410K->304026K(631224K), 0.0029335 secs] [Times: user=0.00 sys=0.00, real=0.01 secs] 
2020-10-29T14:48:12.877+0000: [GC (Allocation Failure) 2020-10-29T14:48:12.877+0000: [ParNew: 16392K->9K(18432K), 0.0028738 secs] 320410K->304027K(631224K), 0.0029352 secs] [Times: user=0.01 sys=0.00, real=0.00 secs] 
2020-10-29T14:48:12.895+0000: [GC (Allocation Failure) 2020-10-29T14:48:12.895+0000: [ParNew: 16393K->8K(18432K), 0.0029293 secs] 320411K->304026K(631224K), 0.0030006 secs] [Times: user=0.01 sys=0.00, real=0.00 secs] 
2020-10-29T14:48:12.913+0000: [GC (Allocation Failure) 2020-10-29T14:48:12.913+0000: [ParNew: 16392K->6K(18432K), 0.0028611 secs] 320410K->304025K(631224K), 0.0029224 secs] [Times: user=0.00 sys=0.00, real=0.01 secs] 
2020-10-29T14:48:12.930+0000: [GC (Allocation Failure) 2020-10-29T14:48:12.930+0000: [ParNew: 16390K->7K(18432K), 0.0029007 secs] 320409K->304025K(631224K), 0.0029635 secs] [Times: user=0.01 sys=0.00, real=0.00 secs] 
2020-10-29T14:48:12.951+0000: [GC (Allocation Failure) 2020-10-29T14:48:12.951+0000: [ParNew: 16391K->4K(18432K), 0.0029799 secs] 320409K->304026K(631224K), 0.0030466 secs] [Times: user=0.00 sys=0.00, real=0.00 secs] 
2020-10-29T14:48:12.971+0000: [GC (Allocation Failure) 2020-10-29T14:48:12.971+0000: [ParNew: 16388K->4K(18432K), 0.0029115 secs] 320410K->304025K(631224K), 0.0029747 secs] [Times: user=0.01 sys=0.00, real=0.00 secs] 
2020-10-29T14:48:12.991+0000: [GC (Allocation Failure) 2020-10-29T14:48:12.991+0000: [ParNew: 16388K->4K(18432K), 0.0027670 secs] 320409K->304025K(631224K), 0.0028285 secs] [Times: user=0.00 sys=0.00, real=0.00 secs] 
2020-10-29T14:48:13.010+0000: [GC (Allocation Failure) 2020-10-29T14:48:13.010+0000: [ParNew: 16388K->4K(18432K), 0.0025748 secs] 320409K->304025K(631224K), 0.0026295 secs] [Times: user=0.01 sys=0.00, real=0.00 secs] 
2020-10-29T14:48:13.027+0000: [GC (Allocation Failure) 2020-10-29T14:48:13.027+0000: [ParNew: 16388K->4K(18432K), 0.0029092 secs] 320409K->304025K(631224K), 0.0029741 secs] [Times: user=0.00 sys=0.00, real=0.00 secs] 
2020-10-29T14:48:13.044+0000: [GC (Allocation Failure) 2020-10-29T14:48:13.044+0000: [ParNew: 16388K->4K(18432K), 0.0030060 secs] 320409K->304025K(631224K), 0.0030705 secs] [Times: user=0.00 sys=0.00, real=0.01 secs] 
2020-10-29T14:48:13.063+0000: [GC (Allocation Failure) 2020-10-29T14:48:13.063+0000: [ParNew: 16388K->4K(18432K), 0.0030295 secs] 320409K->304025K(631224K), 0.0030952 secs] [Times: user=0.01 sys=0.00, real=0.00 secs] 
2020-10-29T14:48:13.080+0000: [GC (Allocation Failure) 2020-10-29T14:48:13.080+0000: [ParNew: 16388K->4K(18432K), 0.0029123 secs] 320409K->304025K(631224K), 0.0029756 secs] [Times: user=0.00 sys=0.00, real=0.00 secs] 
2020-10-29T14:48:13.099+0000: [GC (Allocation Failure) 2020-10-29T14:48:13.099+0000: [ParNew: 16388K->4K(18432K), 0.0027993 secs] 320409K->304025K(631224K), 0.0028567 secs] [Times: user=0.01 sys=0.00, real=0.00 secs] 
2020-10-29T14:48:13.116+0000: [GC (Allocation Failure) 2020-10-29T14:48:13.116+0000: [ParNew: 16388K->4K(18432K), 0.0027908 secs] 320409K->304025K(631224K), 0.0028473 secs] [Times: user=0.00 sys=0.00, real=0.00 secs] 
2020-10-29T14:48:13.133+0000: [GC (Allocation Failure) 2020-10-29T14:48:13.133+0000: [ParNew: 16388K->4K(18432K), 0.0027504 secs] 320409K->304025K(631224K), 0.0028162 secs] [Times: user=0.01 sys=0.00, real=0.01 secs] 
2020-10-29T14:48:13.154+0000: [GC (Allocation Failure) 2020-10-29T14:48:13.154+0000: [ParNew: 16388K->4K(18432K), 0.0029077 secs] 320409K->304025K(631224K), 0.0029669 secs] [Times: user=0.00 sys=0.00, real=0.01 secs] 
2020-10-29T14:48:13.172+0000: [GC (Allocation Failure) 2020-10-29T14:48:13.172+0000: [ParNew: 16388K->4K(18432K), 0.0028791 secs] 320409K->304025K(631224K), 0.0029530 secs] [Times: user=0.01 sys=0.00, real=0.01 secs] 
2020-10-29T14:48:13.191+0000: [GC (Allocation Failure) 2020-10-29T14:48:13.191+0000: [ParNew: 16388K->4K(18432K), 0.0027682 secs] 320409K->304025K(631224K), 0.0028285 secs] [Times: user=0.01 sys=0.00, real=0.00 secs] 
2020-10-29T14:48:13.208+0000: [GC (Allocation Failure) 2020-10-29T14:48:13.208+0000: [ParNew: 16388K->4K(18432K), 0.0024779 secs] 320409K->304025K(631224K), 0.0025279 secs] [Times: user=0.00 sys=0.00, real=0.00 secs] 
2020-10-29T14:48:13.227+0000: [GC (Allocation Failure) 2020-10-29T14:48:13.227+0000: [ParNew: 16388K->4K(18432K), 0.0026658 secs] 320409K->304025K(631224K), 0.0027246 secs] [Times: user=0.01 sys=0.00, real=0.00 secs] 
2020-10-29T14:48:13.247+0000: [GC (Allocation Failure) 2020-10-29T14:48:13.247+0000: [ParNew: 16388K->4K(18432K), 0.0024286 secs] 320409K->304025K(631224K), 0.0024793 secs] [Times: user=0.01 sys=0.00, real=0.00 secs] 
2020-10-29T14:48:13.264+0000: [GC (Allocation Failure) 2020-10-29T14:48:13.264+0000: [ParNew: 16388K->4K(18432K), 0.0025533 secs] 320409K->304025K(631224K), 0.0026058 secs] [Times: user=0.00 sys=0.01, real=0.00 secs] 
2020-10-29T14:48:13.283+0000: [GC (Allocation Failure) 2020-10-29T14:48:13.283+0000: [ParNew: 16388K->4K(18432K), 0.0025800 secs] 320409K->304025K(631224K), 0.0026327 secs] [Times: user=0.01 sys=0.00, real=0.00 secs] 
2020-10-29T14:48:13.300+0000: [GC (Allocation Failure) 2020-10-29T14:48:13.300+0000: [ParNew: 16388K->4K(18432K), 0.0025857 secs] 320409K->304025K(631224K), 0.0026386 secs] [Times: user=0.01 sys=0.00, real=0.00 secs] 
2020-10-29T14:48:13.319+0000: [GC (Allocation Failure) 2020-10-29T14:48:13.319+0000: [ParNew: 16388K->4K(18432K), 0.0026511 secs] 320409K->304025K(631224K), 0.0027043 secs] [Times: user=0.00 sys=0.00, real=0.00 secs] 
2020-10-29T14:48:13.339+0000: [GC (Allocation Failure) 2020-10-29T14:48:13.339+0000: [ParNew: 16388K->4K(18432K), 0.0028696 secs] 320409K->304025K(631224K), 0.0029312 secs] [Times: user=0.01 sys=0.00, real=0.00 secs] 
2020-10-29T14:48:13.359+0000: [GC (Allocation Failure) 2020-10-29T14:48:13.359+0000: [ParNew: 16388K->4K(18432K), 0.0029223 secs] 320409K->304025K(631224K), 0.0029852 secs] [Times: user=0.00 sys=0.00, real=0.00 secs] 
2020-10-29T14:48:13.379+0000: [GC (Allocation Failure) 2020-10-29T14:48:13.379+0000: [ParNew: 16388K->4K(18432K), 0.0028486 secs] 320409K->304025K(631224K), 0.0029097 secs] [Times: user=0.01 sys=0.00, real=0.00 secs] 
2020-10-29T14:48:13.399+0000: [GC (Allocation Failure) 2020-10-29T14:48:13.399+0000: [ParNew: 16388K->4K(18432K), 0.0027463 secs] 320409K->304025K(631224K), 0.0028046 secs] [Times: user=0.00 sys=0.00, real=0.00 secs] 
2020-10-29T14:48:13.419+0000: [GC (Allocation Failure) 2020-10-29T14:48:13.419+0000: [ParNew: 16388K->4K(18432K), 0.0023778 secs] 320409K->304025K(631224K), 0.0024256 secs] [Times: user=0.00 sys=0.00, real=0.00 secs] 
2020-10-29T14:48:13.439+0000: [GC (Allocation Failure) 2020-10-29T14:48:13.439+0000: [ParNew: 16388K->4K(18432K), 0.0026169 secs] 320409K->304025K(631224K), 0.0026713 secs] [Times: user=0.01 sys=0.00, real=0.00 secs] 
2020-10-29T14:48:13.459+0000: [GC (Allocation Failure) 2020-10-29T14:48:13.459+0000: [ParNew: 16388K->4K(18432K), 0.0029612 secs] 320409K->304025K(631224K), 0.0030271 secs] [Times: user=0.01 sys=0.00, real=0.00 secs] 
2020-10-29T14:48:13.476+0000: [GC (Allocation Failure) 2020-10-29T14:48:13.476+0000: [ParNew: 16388K->4K(18432K), 0.0028704 secs] 320409K->304025K(631224K), 0.0029327 secs] [Times: user=0.00 sys=0.00, real=0.00 secs] 
2020-10-29T14:48:13.495+0000: [GC (Allocation Failure) 2020-10-29T14:48:13.495+0000: [ParNew: 16388K->4K(18432K), 0.0027883 secs] 320409K->304025K(631224K), 0.0028481 secs] [Times: user=0.01 sys=0.00, real=0.00 secs] 
2020-10-29T14:48:13.512+0000: [GC (Allocation Failure) 2020-10-29T14:48:13.512+0000: [ParNew: 16388K->4K(18432K), 0.0029654 secs] 320409K->304025K(631224K), 0.0030464 secs] [Times: user=0.00 sys=0.00, real=0.01 secs] 
2020-10-29T14:48:13.535+0000: [GC (Allocation Failure) 2020-10-29T14:48:13.535+0000: [ParNew: 16388K->4K(18432K), 0.0030235 secs] 320409K->304025K(631224K), 0.0031172 secs] [Times: user=0.01 sys=0.00, real=0.00 secs] 
2020-10-29T14:48:13.553+0000: [GC (Allocation Failure) 2020-10-29T14:48:13.553+0000: [ParNew: 16388K->4K(18432K), 0.0030165 secs] 320409K->304025K(631224K), 0.0031052 secs] [Times: user=0.00 sys=0.00, real=0.01 secs] 
2020-10-29T14:48:13.574+0000: [GC (Allocation Failure) 2020-10-29T14:48:13.574+0000: [ParNew: 16388K->4K(18432K), 0.0029896 secs] 320409K->304025K(631224K), 0.0030586 secs] [Times: user=0.01 sys=0.00, real=0.01 secs] 
2020-10-29T14:48:13.595+0000: [GC (Allocation Failure) 2020-10-29T14:48:13.595+0000: [ParNew: 16388K->4K(18432K), 0.0030130 secs] 320409K->304025K(631224K), 0.0030801 secs] [Times: user=0.00 sys=0.00, real=0.00 secs] 
2020-10-29T14:48:13.615+0000: [GC (Allocation Failure) 2020-10-29T14:48:13.615+0000: [ParNew: 16388K->4K(18432K), 0.0029497 secs] 320409K->304025K(631224K), 0.0030142 secs] [Times: user=0.00 sys=0.01, real=0.00 secs] 
2020-10-29T14:48:13.635+0000: [GC (Allocation Failure) 2020-10-29T14:48:13.635+0000: [ParNew: 16388K->4K(18432K), 0.0028031 secs] 320409K->304025K(631224K), 0.0028640 secs] [Times: user=0.01 sys=0.00, real=0.00 secs] 
2020-10-29T14:48:13.655+0000: [GC (Allocation Failure) 2020-10-29T14:48:13.655+0000: [ParNew: 16388K->4K(18432K), 0.0028544 secs] 320409K->304025K(631224K), 0.0029166 secs] [Times: user=0.00 sys=0.00, real=0.00 secs] 
2020-10-29T14:48:13.672+0000: [GC (Allocation Failure) 2020-10-29T14:48:13.672+0000: [ParNew: 16388K->4K(18432K), 0.0028412 secs] 320409K->304025K(631224K), 0.0029018 secs] [Times: user=0.01 sys=0.00, real=0.01 secs] 
2020-10-29T14:48:13.691+0000: [GC (Allocation Failure) 2020-10-29T14:48:13.691+0000: [ParNew: 16388K->4K(18432K), 0.0028287 secs] 320409K->304025K(631224K), 0.0028912 secs] [Times: user=0.01 sys=0.00, real=0.00 secs] 
2020-10-29T14:48:13.711+0000: [GC (Allocation Failure) 2020-10-29T14:48:13.711+0000: [ParNew: 16388K->4K(18432K), 0.0028777 secs] 320409K->304025K(631224K), 0.0029333 secs] [Times: user=0.01 sys=0.00, real=0.00 secs] 
2020-10-29T14:48:13.729+0000: [GC (Allocation Failure) 2020-10-29T14:48:13.729+0000: [ParNew: 16388K->4K(18432K), 0.0027631 secs] 320409K->304025K(631224K), 0.0028281 secs] [Times: user=0.01 sys=0.00, real=0.00 secs] 
2020-10-29T14:48:13.747+0000: [GC (Allocation Failure) 2020-10-29T14:48:13.747+0000: [ParNew: 16388K->4K(18432K), 0.0028427 secs] 320409K->304025K(631224K), 0.0029025 secs] [Times: user=0.01 sys=0.00, real=0.00 secs] 
2020-10-29T14:48:13.764+0000: [GC (Allocation Failure) 2020-10-29T14:48:13.764+0000: [ParNew: 16388K->4K(18432K), 0.0026248 secs] 320409K->304025K(631224K), 0.0026819 secs] [Times: user=0.01 sys=0.00, real=0.01 secs] 
2020-10-29T14:48:13.781+0000: [GC (Allocation Failure) 2020-10-29T14:48:13.782+0000: [ParNew: 16388K->4K(18432K), 0.0028871 secs] 320409K->304025K(631224K), 0.0029623 secs] [Times: user=0.00 sys=0.00, real=0.00 secs] 
2020-10-29T14:48:13.803+0000: [GC (Allocation Failure) 2020-10-29T14:48:13.803+0000: [ParNew: 16388K->4K(18432K), 0.0029350 secs] 320409K->304025K(631224K), 0.0029995 secs] [Times: user=0.00 sys=0.00, real=0.00 secs] 
2020-10-29T14:48:13.822+0000: [GC (Allocation Failure) 2020-10-29T14:48:13.822+0000: [ParNew: 16388K->4K(18432K), 0.0029881 secs] 320409K->304025K(631224K), 0.0030538 secs] [Times: user=0.00 sys=0.00, real=0.00 secs] 
2020-10-29T14:48:13.843+0000: [GC (Allocation Failure) 2020-10-29T14:48:13.843+0000: [ParNew: 16388K->4K(18432K), 0.0029127 secs] 320409K->304025K(631224K), 0.0029776 secs] [Times: user=0.01 sys=0.00, real=0.00 secs] 
2020-10-29T14:48:13.863+0000: [GC (Allocation Failure) 2020-10-29T14:48:13.863+0000: [ParNew: 16388K->4K(18432K), 0.0029533 secs] 320409K->304025K(631224K), 0.0030156 secs] [Times: user=0.00 sys=0.00, real=0.00 secs] 
2020-10-29T14:48:13.880+0000: [GC (Allocation Failure) 2020-10-29T14:48:13.880+0000: [ParNew: 16388K->4K(18432K), 0.0030130 secs] 320409K->304025K(631224K), 0.0030785 secs] [Times: user=0.01 sys=0.00, real=0.00 secs] 
2020-10-29T14:48:13.898+0000: [GC (Allocation Failure) 2020-10-29T14:48:13.898+0000: [ParNew: 16388K->4K(18432K), 0.0030058 secs] 320409K->304025K(631224K), 0.0030701 secs] [Times: user=0.00 sys=0.00, real=0.00 secs] 
2020-10-29T14:48:13.919+0000: [GC (Allocation Failure) 2020-10-29T14:48:13.919+0000: [ParNew: 16388K->4K(18432K), 0.0028607 secs] 320409K->304025K(631224K), 0.0029231 secs] [Times: user=0.01 sys=0.00, real=0.00 secs] 
2020-10-29T14:48:13.936+0000: [GC (Allocation Failure) 2020-10-29T14:48:13.936+0000: [ParNew: 16388K->4K(18432K), 0.0028797 secs] 320409K->304025K(631224K), 0.0029464 secs] [Times: user=0.01 sys=0.00, real=0.00 secs] 
2020-10-29T14:48:13.955+0000: [GC (Allocation Failure) 2020-10-29T14:48:13.955+0000: [ParNew: 16388K->4K(18432K), 0.0025875 secs] 320409K->304025K(631224K), 0.0026403 secs] [Times: user=0.00 sys=0.00, real=0.00 secs] 
2020-10-29T14:48:13.972+0000: [GC (Allocation Failure) 2020-10-29T14:48:13.972+0000: [ParNew: 16388K->4K(18432K), 0.0023237 secs] 320409K->304025K(631224K), 0.0023725 secs] [Times: user=0.00 sys=0.00, real=0.00 secs] 
2020-10-29T14:48:13.989+0000: [GC (Allocation Failure) 2020-10-29T14:48:13.989+0000: [ParNew: 16388K->4K(18432K), 0.0023496 secs] 320409K->304025K(631224K), 0.0023967 secs] [Times: user=0.00 sys=0.00, real=0.00 secs] 
2020-10-29T14:48:14.006+0000: [GC (Allocation Failure) 2020-10-29T14:48:14.006+0000: [ParNew: 16388K->4K(18432K), 0.0027469 secs] 320409K->304025K(631224K), 0.0028095 secs] [Times: user=0.00 sys=0.00, real=0.01 secs] 
2020-10-29T14:48:14.027+0000: [GC (Allocation Failure) 2020-10-29T14:48:14.027+0000: [ParNew: 16388K->4K(18432K), 0.0023683 secs] 320409K->304025K(631224K), 0.0024157 secs] [Times: user=0.01 sys=0.00, real=0.00 secs] 
2020-10-29T14:48:14.047+0000: [GC (Allocation Failure) 2020-10-29T14:48:14.047+0000: [ParNew: 16388K->4K(18432K), 0.0026014 secs] 320409K->304025K(631224K), 0.0026574 secs] [Times: user=0.00 sys=0.00, real=0.00 secs] 
2020-10-29T14:48:14.064+0000: [GC (Allocation Failure) 2020-10-29T14:48:14.064+0000: [ParNew: 16388K->4K(18432K), 0.0027502 secs] 320409K->304025K(631224K), 0.0028062 secs] [Times: user=0.00 sys=0.00, real=0.01 secs] 
2020-10-29T14:48:14.083+0000: [GC (Allocation Failure) 2020-10-29T14:48:14.083+0000: [ParNew: 16388K->4K(18432K), 0.0029558 secs] 320409K->304025K(631224K), 0.0030198 secs] [Times: user=0.01 sys=0.00, real=0.00 secs] 
2020-10-29T14:48:14.100+0000: [GC (Allocation Failure) 2020-10-29T14:48:14.100+0000: [ParNew: 16388K->4K(18432K), 0.0030887 secs] 320409K->304025K(631224K), 0.0031567 secs] [Times: user=0.00 sys=0.00, real=0.00 secs] 
2020-10-29T14:48:14.118+0000: [GC (Allocation Failure) 2020-10-29T14:48:14.118+0000: [ParNew: 16388K->4K(18432K), 0.0029627 secs] 320409K->304025K(631224K), 0.0030278 secs] [Times: user=0.01 sys=0.00, real=0.00 secs] 
2020-10-29T14:48:14.136+0000: [GC (Allocation Failure) 2020-10-29T14:48:14.136+0000: [ParNew: 16388K->4K(18432K), 0.0029774 secs] 320409K->304025K(631224K), 0.0030564 secs] [Times: user=0.01 sys=0.00, real=0.00 secs] 
2020-10-29T14:48:14.153+0000: [GC (Allocation Failure) 2020-10-29T14:48:14.153+0000: [ParNew: 16388K->4K(18432K), 0.0029817 secs] 320409K->304025K(631224K), 0.0030472 secs] [Times: user=0.01 sys=0.00, real=0.01 secs] 
2020-10-29T14:48:14.171+0000: [GC (Allocation Failure) 2020-10-29T14:48:14.171+0000: [ParNew: 16388K->4K(18432K), 0.0029688 secs] 320409K->304025K(631224K), 0.0030317 secs] [Times: user=0.01 sys=0.00, real=0.00 secs] 
2020-10-29T14:48:14.189+0000: [GC (Allocation Failure) 2020-10-29T14:48:14.189+0000: [ParNew: 16388K->4K(18432K), 0.0029728 secs] 320409K->304025K(631224K), 0.0030367 secs] [Times: user=0.00 sys=0.00, real=0.00 secs] 
2020-10-29T14:48:14.207+0000: [GC (Allocation Failure) 2020-10-29T14:48:14.207+0000: [ParNew: 16388K->4K(18432K), 0.0030622 secs] 320409K->304025K(631224K), 0.0031283 secs] [Times: user=0.01 sys=0.00, real=0.00 secs] 
2020-10-29T14:48:14.224+0000: [GC (Allocation Failure) 2020-10-29T14:48:14.224+0000: [ParNew: 16388K->4K(18432K), 0.0030083 secs] 320409K->304025K(631224K), 0.0030729 secs] [Times: user=0.00 sys=0.00, real=0.01 secs] 
2020-10-29T14:48:14.242+0000: [GC (Allocation Failure) 2020-10-29T14:48:14.242+0000: [ParNew: 16388K->4K(18432K), 0.0029849 secs] 320409K->304025K(631224K), 0.0030653 secs] [Times: user=0.01 sys=0.00, real=0.00 secs] 
2020-10-29T14:48:14.260+0000: [GC (Allocation Failure) 2020-10-29T14:48:14.260+0000: [ParNew: 16388K->4K(18432K), 0.0029836 secs] 320409K->304025K(631224K), 0.0030730 secs] [Times: user=0.01 sys=0.00, real=0.00 secs] 
2020-10-29T14:48:14.277+0000: [GC (Allocation Failure) 2020-10-29T14:48:14.277+0000: [ParNew: 16388K->4K(18432K), 0.0030717 secs] 320409K->304025K(631224K), 0.0031389 secs] [Times: user=0.01 sys=0.00, real=0.00 secs] 
2020-10-29T14:48:14.295+0000: [GC (Allocation Failure) 2020-10-29T14:48:14.295+0000: [ParNew: 16388K->4K(18432K), 0.0029522 secs] 320409K->304025K(631224K), 0.0030183 secs] [Times: user=0.01 sys=0.00, real=0.00 secs] 
2020-10-29T14:48:14.313+0000: [GC (Allocation Failure) 2020-10-29T14:48:14.313+0000: [ParNew: 16388K->4K(18432K), 0.0027387 secs] 320409K->304025K(631224K), 0.0027959 secs] [Times: user=0.00 sys=0.00, real=0.01 secs] 
2020-10-29T14:48:14.334+0000: [GC (Allocation Failure) 2020-10-29T14:48:14.334+0000: [ParNew: 16388K->4K(18432K), 0.0028596 secs] 320409K->304025K(631224K), 0.0029143 secs] [Times: user=0.00 sys=0.00, real=0.01 secs] 
2020-10-29T14:48:14.352+0000: [GC (Allocation Failure) 2020-10-29T14:48:14.352+0000: [ParNew: 16388K->4K(18432K), 0.0027835 secs] 320409K->304025K(631224K), 0.0028436 secs] [Times: user=0.01 sys=0.00, real=0.00 secs] 
2020-10-29T14:48:14.369+0000: [GC (Allocation Failure) 2020-10-29T14:48:14.369+0000: [ParNew: 16388K->4K(18432K), 0.0027445 secs] 320409K->304025K(631224K), 0.0028019 secs] [Times: user=0.00 sys=0.00, real=0.00 secs] 
2020-10-29T14:48:14.390+0000: [GC (Allocation Failure) 2020-10-29T14:48:14.390+0000: [ParNew: 16388K->4K(18432K), 0.0029515 secs] 320409K->304025K(631224K), 0.0030176 secs] [Times: user=0.01 sys=0.00, real=0.00 secs] 
2020-10-29T14:48:14.408+0000: [GC (Allocation Failure) 2020-10-29T14:48:14.408+0000: [ParNew: 16388K->4K(18432K), 0.0029873 secs] 320409K->304025K(631224K), 0.0030496 secs] [Times: user=0.00 sys=0.00, real=0.00 secs] 
2020-10-29T14:48:14.425+0000: [GC (Allocation Failure) 2020-10-29T14:48:14.425+0000: [ParNew: 16388K->4K(18432K), 0.0028007 secs] 320409K->304025K(631224K), 0.0028607 secs] [Times: user=0.01 sys=0.00, real=0.01 secs] 
2020-10-29T14:48:14.443+0000: [GC (Allocation Failure) 2020-10-29T14:48:14.443+0000: [ParNew: 16388K->4K(18432K), 0.0026149 secs] 320409K->304025K(631224K), 0.0026681 secs] [Times: user=0.01 sys=0.00, real=0.00 secs] 
2020-10-29T14:48:14.460+0000: [GC (Allocation Failure) 2020-10-29T14:48:14.460+0000: [ParNew: 16388K->4K(18432K), 0.0026551 secs] 320409K->304025K(631224K), 0.0027080 secs] [Times: user=0.00 sys=0.00, real=0.00 secs] 
2020-10-29T14:48:14.479+0000: [GC (Allocation Failure) 2020-10-29T14:48:14.479+0000: [ParNew: 16388K->4K(18432K), 0.0028578 secs] 320409K->304025K(631224K), 0.0029194 secs] [Times: user=0.01 sys=0.00, real=0.00 secs] 
2020-10-29T14:48:14.496+0000: [GC (Allocation Failure) 2020-10-29T14:48:14.496+0000: [ParNew: 16388K->4K(18432K), 0.0030509 secs] 320409K->304025K(631224K), 0.0031137 secs] [Times: user=0.00 sys=0.00, real=0.00 secs] 
2020-10-29T14:48:14.522+0000: [GC (Allocation Failure) 2020-10-29T14:48:14.522+0000: [ParNew: 16388K->4K(18432K), 0.0030961 secs] 320409K->304025K(631224K), 0.0031726 secs] [Times: user=0.01 sys=0.00, real=0.00 secs] 
2020-10-29T14:48:14.547+0000: [GC (Allocation Failure) 2020-10-29T14:48:14.547+0000: [ParNew: 16388K->4K(18432K), 0.0030188 secs] 320409K->304025K(631224K), 0.0030857 secs] [Times: user=0.01 sys=0.00, real=0.00 secs] 
2020-10-29T14:48:14.565+0000: [GC (Allocation Failure) 2020-10-29T14:48:14.565+0000: [ParNew: 16388K->4K(18432K), 0.0029727 secs] 320409K->304025K(631224K), 0.0030343 secs] [Times: user=0.00 sys=0.00, real=0.01 secs] 
2020-10-29T14:48:14.583+0000: [GC (Allocation Failure) 2020-10-29T14:48:14.583+0000: [ParNew: 16388K->4K(18432K), 0.0029535 secs] 320409K->304025K(631224K), 0.0030204 secs] [Times: user=0.01 sys=0.00, real=0.00 secs] 
2020-10-29T14:48:14.603+0000: [GC (Allocation Failure) 2020-10-29T14:48:14.603+0000: [ParNew: 16388K->4K(18432K), 0.0029333 secs] 320409K->304025K(631224K), 0.0029967 secs] [Times: user=0.01 sys=0.00, real=0.00 secs] 
2020-10-29T14:48:14.623+0000: [GC (Allocation Failure) 2020-10-29T14:48:14.623+0000: [ParNew: 16388K->4K(18432K), 0.0029252 secs] 320409K->304025K(631224K), 0.0029891 secs] [Times: user=0.00 sys=0.00, real=0.00 secs] 
2020-10-29T14:48:14.643+0000: [GC (Allocation Failure) 2020-10-29T14:48:14.643+0000: [ParNew: 16388K->4K(18432K), 0.0029594 secs] 320409K->304025K(631224K), 0.0030254 secs] [Times: user=0.01 sys=0.00, real=0.00 secs] 
2020-10-29T14:48:14.664+0000: [GC (Allocation Failure) 2020-10-29T14:48:14.664+0000: [ParNew: 16388K->4K(18432K), 0.0030064 secs] 320409K->304025K(631224K), 0.0030726 secs] [Times: user=0.01 sys=0.00, real=0.01 secs] 
2020-10-29T14:48:14.682+0000: [GC (Allocation Failure) 2020-10-29T14:48:14.682+0000: [ParNew: 16388K->4K(18432K), 0.0029569 secs] 320409K->304025K(631224K), 0.0030221 secs] [Times: user=0.01 sys=0.00, real=0.00 secs] 
2020-10-29T14:48:14.700+0000: [GC (Allocation Failure) 2020-10-29T14:48:14.700+0000: [ParNew: 16388K->4K(18432K), 0.0029043 secs] 320409K->304025K(631224K), 0.0029755 secs] [Times: user=0.00 sys=0.00, real=0.00 secs] 
2020-10-29T14:48:14.719+0000: [GC (Allocation Failure) 2020-10-29T14:48:14.719+0000: [ParNew: 16388K->4K(18432K), 0.0029580 secs] 320409K->304025K(631224K), 0.0030230 secs] [Times: user=0.00 sys=0.00, real=0.00 secs] 
2020-10-29T14:48:14.739+0000: [GC (Allocation Failure) 2020-10-29T14:48:14.739+0000: [ParNew: 16388K->4K(18432K), 0.0029345 secs] 320409K->304025K(631224K), 0.0029981 secs] [Times: user=0.01 sys=0.00, real=0.00 secs] 
2020-10-29T14:48:14.759+0000: [GC (Allocation Failure) 2020-10-29T14:48:14.759+0000: [ParNew: 16388K->4K(18432K), 0.0028517 secs] 320409K->304025K(631224K), 0.0029122 secs] [Times: user=0.00 sys=0.00, real=0.00 secs] 
2020-10-29T14:48:14.776+0000: [GC (Allocation Failure) 2020-10-29T14:48:14.776+0000: [ParNew: 16388K->4K(18432K), 0.0028922 secs] 320409K->304025K(631224K), 0.0029522 secs] [Times: user=0.01 sys=0.00, real=0.00 secs] 
2020-10-29T14:48:14.794+0000: [GC (Allocation Failure) 2020-10-29T14:48:14.794+0000: [ParNew: 16388K->4K(18432K), 0.0028784 secs] 320409K->304025K(631224K), 0.0029408 secs] [Times: user=0.01 sys=0.00, real=0.01 secs] 
2020-10-29T14:48:14.815+0000: [GC (Allocation Failure) 2020-10-29T14:48:14.815+0000: [ParNew: 16388K->4K(18432K), 0.0029643 secs] 320409K->304025K(631224K), 0.0030311 secs] [Times: user=0.01 sys=0.00, real=0.00 secs] 
2020-10-29T14:48:14.835+0000: [GC (Allocation Failure) 2020-10-29T14:48:14.835+0000: [ParNew: 16388K->4K(18432K), 0.0029835 secs] 320409K->304025K(631224K), 0.0030576 secs] [Times: user=0.00 sys=0.00, real=0.00 secs] 
2020-10-29T14:48:14.853+0000: [GC (Allocation Failure) 2020-10-29T14:48:14.854+0000: [ParNew: 16388K->4K(18432K), 0.0029818 secs] 320409K->304025K(631224K), 0.0030657 secs] [Times: user=0.01 sys=0.00, real=0.01 secs] 
2020-10-29T14:48:14.875+0000: [GC (Allocation Failure) 2020-10-29T14:48:14.875+0000: [ParNew: 16388K->4K(18432K), 0.0029458 secs] 320409K->304025K(631224K), 0.0030132 secs] [Times: user=0.01 sys=0.00, real=0.00 secs] 
2020-10-29T14:48:14.895+0000: [GC (Allocation Failure) 2020-10-29T14:48:14.895+0000: [ParNew: 16388K->4K(18432K), 0.0029850 secs] 320409K->304025K(631224K), 0.0030513 secs] [Times: user=0.01 sys=0.00, real=0.00 secs] 
2020-10-29T14:48:14.913+0000: [GC (Allocation Failure) 2020-10-29T14:48:14.913+0000: [ParNew: 16388K->4K(18432K), 0.0029881 secs] 320409K->304025K(631224K), 0.0030522 secs] [Times: user=0.00 sys=0.00, real=0.01 secs] 
2020-10-29T14:48:14.931+0000: [GC (Allocation Failure) 2020-10-29T14:48:14.931+0000: [ParNew: 16388K->4K(18432K), 0.0028947 secs] 320409K->304025K(631224K), 0.0029580 secs] [Times: user=0.01 sys=0.00, real=0.00 secs] 
2020-10-29T14:48:14.948+0000: [GC (Allocation Failure) 2020-10-29T14:48:14.949+0000: [ParNew: 16388K->4K(18432K), 0.0028301 secs] 320409K->304025K(631224K), 0.0029086 secs] [Times: user=0.00 sys=0.00, real=0.00 secs] 
2020-10-29T14:48:14.967+0000: [GC (Allocation Failure) 2020-10-29T14:48:14.967+0000: [ParNew: 16388K->4K(18432K), 0.0027854 secs] 320409K->304025K(631224K), 0.0028456 secs] [Times: user=0.01 sys=0.00, real=0.00 secs] 
2020-10-29T14:48:14.987+0000: [GC (Allocation Failure) 2020-10-29T14:48:14.987+0000: [ParNew: 16388K->4K(18432K), 0.0029377 secs] 320409K->304025K(631224K), 0.0030022 secs] [Times: user=0.01 sys=0.00, real=0.00 secs] 
2020-10-29T14:48:15.005+0000: [GC (Allocation Failure) 2020-10-29T14:48:15.005+0000: [ParNew: 16388K->4K(18432K), 0.0029793 secs] 320409K->304025K(631224K), 0.0030523 secs] [Times: user=0.00 sys=0.00, real=0.01 secs] 
2020-10-29T14:48:15.026+0000: [GC (Allocation Failure) 2020-10-29T14:48:15.026+0000: [ParNew: 16388K->4K(18432K), 0.0029901 secs] 320409K->304025K(631224K), 0.0030556 secs] [Times: user=0.00 sys=0.00, real=0.01 secs] 
2020-10-29T14:48:15.046+0000: [GC (Allocation Failure) 2020-10-29T14:48:15.046+0000: [ParNew: 16388K->4K(18432K), 0.0029898 secs] 320409K->304025K(631224K), 0.0030554 secs] [Times: user=0.01 sys=0.00, real=0.01 secs] 
2020-10-29T14:48:15.064+0000: [GC (Allocation Failure) 2020-10-29T14:48:15.064+0000: [ParNew: 16388K->4K(18432K), 0.0030050 secs] 320409K->304025K(631224K), 0.0030715 secs] [Times: user=0.01 sys=0.00, real=0.01 secs] 
2020-10-29T14:48:15.081+0000: [GC (Allocation Failure) 2020-10-29T14:48:15.082+0000: [ParNew: 16388K->4K(18432K), 0.0030441 secs] 320409K->304025K(631224K), 0.0031125 secs] [Times: user=0.00 sys=0.00, real=0.00 secs] 
2020-10-29T14:48:15.103+0000: [GC (Allocation Failure) 2020-10-29T14:48:15.103+0000: [ParNew: 16388K->4K(18432K), 0.0030084 secs] 320409K->304025K(631224K), 0.0030789 secs] [Times: user=0.00 sys=0.00, real=0.00 secs] 
2020-10-29T14:48:15.121+0000: [GC (Allocation Failure) 2020-10-29T14:48:15.121+0000: [ParNew: 16388K->4K(18432K), 0.0030252 secs] 320409K->304025K(631224K), 0.0031087 secs] [Times: user=0.01 sys=0.00, real=0.00 secs] 
2020-10-29T14:48:15.139+0000: [GC (Allocation Failure) 2020-10-29T14:48:15.139+0000: [ParNew: 16388K->4K(18432K), 0.0028258 secs] 320409K->304025K(631224K), 0.0028862 secs] [Times: user=0.01 sys=0.00, real=0.00 secs] 
2020-10-29T14:48:15.156+0000: [GC (Allocation Failure) 2020-10-29T14:48:15.156+0000: [ParNew: 16388K->4K(18432K), 0.0029587 secs] 320409K->304025K(631224K), 0.0030242 secs] [Times: user=0.00 sys=0.00, real=0.00 secs] 
2020-10-29T14:48:15.175+0000: [GC (Allocation Failure) 2020-10-29T14:48:15.175+0000: [ParNew: 16388K->4K(18432K), 0.0029430 secs] 320409K->304025K(631224K), 0.0030099 secs] [Times: user=0.01 sys=0.00, real=0.00 secs] 
2020-10-29T14:48:15.192+0000: [GC (Allocation Failure) 2020-10-29T14:48:15.192+0000: [ParNew: 16338K->4K(18432K), 0.0029739 secs] 320360K->304025K(631224K), 0.0030403 secs] [Times: user=0.01 sys=0.00, real=0.01 secs] 
2020-10-29T14:48:15.211+0000: [GC (Allocation Failure) 2020-10-29T14:48:15.211+0000: [ParNew: 16388K->4K(18432K), 0.0028636 secs] 320409K->304025K(631224K), 0.0029264 secs] [Times: user=0.01 sys=0.00, real=0.00 secs] 
2020-10-29T14:48:15.228+0000: [GC (Allocation Failure) 2020-10-29T14:48:15.228+0000: [ParNew: 16388K->4K(18432K), 0.0029666 secs] 320409K->304025K(631224K), 0.0030317 secs] [Times: user=0.01 sys=0.00, real=0.00 secs] 
2020-10-29T14:48:15.247+0000: [GC (Allocation Failure) 2020-10-29T14:48:15.247+0000: [ParNew: 16388K->4K(18432K), 0.0029030 secs] 320409K->304025K(631224K), 0.0029674 secs] [Times: user=0.00 sys=0.00, real=0.00 secs] 
2020-10-29T14:48:15.264+0000: [GC (Allocation Failure) 2020-10-29T14:48:15.264+0000: [ParNew: 16388K->4K(18432K), 0.0030335 secs] 320409K->304025K(631224K), 0.0031036 secs] [Times: user=0.00 sys=0.00, real=0.01 secs] 
2020-10-29T14:48:15.283+0000: [GC (Allocation Failure) 2020-10-29T14:48:15.283+0000: [ParNew: 16388K->4K(18432K), 0.0029647 secs] 320409K->304025K(631224K), 0.0030304 secs] [Times: user=0.01 sys=0.00, real=0.00 secs] 
2020-10-29T14:48:15.301+0000: [GC (Allocation Failure) 2020-10-29T14:48:15.301+0000: [ParNew: 16388K->4K(18432K), 0.0029856 secs] 320409K->304025K(631224K), 0.0030522 secs] [Times: user=0.00 sys=0.00, real=0.00 secs] 
2020-10-29T14:48:15.318+0000: [GC (Allocation Failure) 2020-10-29T14:48:15.318+0000: [ParNew: 16388K->4K(18432K), 0.0029675 secs] 320409K->304025K(631224K), 0.0030338 secs] [Times: user=0.01 sys=0.00, real=0.00 secs] 
2020-10-29T14:48:15.339+0000: [GC (Allocation Failure) 2020-10-29T14:48:15.339+0000: [ParNew: 16388K->4K(18432K), 0.0029254 secs] 320409K->304025K(631224K), 0.0029905 secs] [Times: user=0.00 sys=0.00, real=0.00 secs] 
2020-10-29T14:48:15.359+0000: [GC (Allocation Failure) 2020-10-29T14:48:15.359+0000: [ParNew: 16388K->4K(18432K), 0.0029982 secs] 320409K->304025K(631224K), 0.0030641 secs] [Times: user=0.01 sys=0.00, real=0.00 secs] 
2020-10-29T14:48:15.378+0000: [GC (Allocation Failure) 2020-10-29T14:48:15.378+0000: [ParNew: 16388K->4K(18432K), 0.0030002 secs] 320409K->304025K(631224K), 0.0030653 secs] [Times: user=0.00 sys=0.00, real=0.00 secs] 
2020-10-29T14:48:15.396+0000: [GC (Allocation Failure) 2020-10-29T14:48:15.396+0000: [ParNew: 16388K->4K(18432K), 0.0029718 secs] 320409K->304026K(631224K), 0.0030377 secs] [Times: user=0.00 sys=0.00, real=0.00 secs] 
2020-10-29T14:48:15.414+0000: [GC (Allocation Failure) 2020-10-29T14:48:15.414+0000: [ParNew: 16388K->4K(18432K), 0.0028839 secs] 320410K->304026K(631224K), 0.0029461 secs] [Times: user=0.01 sys=0.00, real=0.01 secs] 
2020-10-29T14:48:15.431+0000: [GC (Allocation Failure) 2020-10-29T14:48:15.431+0000: [ParNew: 16388K->4K(18432K), 0.0030469 secs] 320410K->304026K(631224K), 0.0031167 secs] [Times: user=0.00 sys=0.00, real=0.00 secs] 
2020-10-29T14:48:15.451+0000: [GC (Allocation Failure) 2020-10-29T14:48:15.451+0000: [ParNew: 16388K->4K(18432K), 0.0030202 secs] 320410K->304026K(631224K), 0.0030875 secs] [Times: user=0.01 sys=0.00, real=0.00 secs] 
2020-10-29T14:48:15.471+0000: [GC (Allocation Failure) 2020-10-29T14:48:15.471+0000: [ParNew: 16388K->4K(18432K), 0.0030369 secs] 320410K->304026K(631224K), 0.0031046 secs] [Times: user=0.01 sys=0.00, real=0.00 secs] 
2020-10-29T14:48:15.489+0000: [GC (Allocation Failure) 2020-10-29T14:48:15.489+0000: [ParNew: 16388K->4K(18432K), 0.0030134 secs] 320410K->304026K(631224K), 0.0031001 secs] [Times: user=0.01 sys=0.00, real=0.00 secs] 
2020-10-29T14:48:15.506+0000: [GC (Allocation Failure) 2020-10-29T14:48:15.506+0000: [ParNew: 16388K->4K(18432K), 0.0029550 secs] 320410K->304026K(631224K), 0.0030219 secs] [Times: user=0.00 sys=0.00, real=0.01 secs] 
2020-10-29T14:48:15.524+0000: [GC (Allocation Failure) 2020-10-29T14:48:15.524+0000: [ParNew: 16388K->2K(18432K), 0.0051406 secs] 320410K->304023K(631224K), 0.0052078 secs] [Times: user=0.00 sys=0.00, real=0.01 secs] 
2020-10-29T14:48:15.546+0000: [GC (Allocation Failure) 2020-10-29T14:48:15.546+0000: [ParNew: 16386K->4K(18432K), 0.0029852 secs] 320407K->304026K(631224K), 0.0030520 secs] [Times: user=0.01 sys=0.00, real=0.01 secs] 
2020-10-29T14:48:15.567+0000: [GC (Allocation Failure) 2020-10-29T14:48:15.567+0000: [ParNew: 16388K->4K(18432K), 0.0029597 secs] 320410K->304026K(631224K), 0.0030234 secs] [Times: user=0.01 sys=0.00, real=0.00 secs] 
2020-10-29T14:48:15.584+0000: [GC (Allocation Failure) 2020-10-29T14:48:15.584+0000: [ParNew: 16388K->4K(18432K), 0.0029870 secs] 320410K->304026K(631224K), 0.0030472 secs] [Times: user=0.01 sys=0.00, real=0.01 secs] 
2020-10-29T14:48:15.602+0000: [GC (Allocation Failure) 2020-10-29T14:48:15.602+0000: [ParNew: 16388K->4K(18432K), 0.0028671 secs] 320410K->304026K(631224K), 0.0029283 secs] [Times: user=0.00 sys=0.00, real=0.00 secs] 
2020-10-29T14:48:15.623+0000: [GC (Allocation Failure) 2020-10-29T14:48:15.623+0000: [ParNew: 16388K->4K(18432K), 0.0030011 secs] 320410K->304026K(631224K), 0.0030615 secs] [Times: user=0.00 sys=0.00, real=0.00 secs] 
2020-10-29T14:48:15.641+0000: [GC (Allocation Failure) 2020-10-29T14:48:15.641+0000: [ParNew: 16388K->4K(18432K), 0.0028953 secs] 320410K->304026K(631224K), 0.0029648 secs] [Times: user=0.01 sys=0.00, real=0.00 secs] 
2020-10-29T14:48:15.658+0000: [GC (Allocation Failure) 2020-10-29T14:48:15.658+0000: [ParNew: 16388K->4K(18432K), 0.0028125 secs] 320410K->304026K(631224K), 0.0028991 secs] [Times: user=0.01 sys=0.00, real=0.00 secs] 
2020-10-29T14:48:15.678+0000: [GC (Allocation Failure) 2020-10-29T14:48:15.678+0000: [ParNew: 16388K->4K(18432K), 0.0029741 secs] 320410K->304026K(631224K), 0.0030403 secs] [Times: user=0.01 sys=0.00, real=0.00 secs] 
2020-10-29T14:48:15.695+0000: [GC (Allocation Failure) 2020-10-29T14:48:15.695+0000: [ParNew: 16388K->4K(18432K), 0.0028870 secs] 320410K->304026K(631224K), 0.0029487 secs] [Times: user=0.00 sys=0.00, real=0.00 secs] 
2020-10-29T14:48:15.713+0000: [GC (Allocation Failure) 2020-10-29T14:48:15.713+0000: [ParNew: 16388K->4K(18432K), 0.0029199 secs] 320410K->304026K(631224K), 0.0029846 secs] [Times: user=0.01 sys=0.00, real=0.01 secs] 
2020-10-29T14:48:15.731+0000: [GC (Allocation Failure) 2020-10-29T14:48:15.731+0000: [ParNew: 16388K->4K(18432K), 0.0028676 secs] 320410K->304026K(631224K), 0.0029477 secs] [Times: user=0.00 sys=0.00, real=0.00 secs] 
2020-10-29T14:48:15.748+0000: [GC (Allocation Failure) 2020-10-29T14:48:15.748+0000: [ParNew: 16388K->4K(18432K), 0.0030133 secs] 320410K->304026K(631224K), 0.0030765 secs] [Times: user=0.01 sys=0.00, real=0.00 secs] 
2020-10-29T14:48:15.767+0000: [GC (Allocation Failure) 2020-10-29T14:48:15.767+0000: [ParNew: 16388K->4K(18432K), 0.0029543 secs] 320410K->304026K(631224K), 0.0030204 secs] [Times: user=0.01 sys=0.00, real=0.00 secs] 
2020-10-29T14:48:15.787+0000: [GC (Allocation Failure) 2020-10-29T14:48:15.787+0000: [ParNew: 16388K->4K(18432K), 0.0030448 secs] 320410K->304026K(631224K), 0.0031095 secs] [Times: user=0.00 sys=0.00, real=0.00 secs] 
2020-10-29T14:48:15.805+0000: [GC (Allocation Failure) 2020-10-29T14:48:15.805+0000: [ParNew: 16388K->4K(18432K), 0.0027721 secs] 320410K->304026K(631224K), 0.0028326 secs] [Times: user=0.00 sys=0.00, real=0.01 secs] 
2020-10-29T14:48:15.824+0000: [GC (Allocation Failure) 2020-10-29T14:48:15.824+0000: [ParNew: 16388K->4K(18432K), 0.0028428 secs] 320410K->304026K(631224K), 0.0029052 secs] [Times: user=0.01 sys=0.00, real=0.01 secs] 
2020-10-29T14:48:15.843+0000: [GC (Allocation Failure) 2020-10-29T14:48:15.843+0000: [ParNew: 16388K->4K(18432K), 0.0028453 secs] 320410K->304026K(631224K), 0.0029095 secs] [Times: user=0.01 sys=0.00, real=0.00 secs] 
2020-10-29T14:48:15.863+0000: [GC (Allocation Failure) 2020-10-29T14:48:15.863+0000: [ParNew: 16388K->4K(18432K), 0.0027927 secs] 320410K->304026K(631224K), 0.0028543 secs] [Times: user=0.01 sys=0.00, real=0.00 secs] 
2020-10-29T14:48:15.880+0000: [GC (Allocation Failure) 2020-10-29T14:48:15.880+0000: [ParNew: 16388K->4K(18432K), 0.0027635 secs] 320410K->304026K(631224K), 0.0028213 secs] [Times: user=0.01 sys=0.00, real=0.00 secs] 
2020-10-29T14:48:15.898+0000: [GC (Allocation Failure) 2020-10-29T14:48:15.898+0000: [ParNew: 16388K->4K(18432K), 0.0027483 secs] 320410K->304026K(631224K), 0.0028061 secs] [Times: user=0.00 sys=0.00, real=0.00 secs] 
2020-10-29T14:48:15.919+0000: [GC (Allocation Failure) 2020-10-29T14:48:15.919+0000: [ParNew: 16388K->4K(18432K), 0.0030260 secs] 320410K->304026K(631224K), 0.0030894 secs] [Times: user=0.01 sys=0.00, real=0.00 secs] 
2020-10-29T14:48:15.937+0000: [GC (Allocation Failure) 2020-10-29T14:48:15.937+0000: [ParNew: 16388K->4K(18432K), 0.0030736 secs] 320410K->304026K(631224K), 0.0031472 secs] [Times: user=0.00 sys=0.00, real=0.00 secs] 
2020-10-29T14:48:15.954+0000: [GC (Allocation Failure) 2020-10-29T14:48:15.954+0000: [ParNew: 16388K->4K(18432K), 0.0027884 secs] 320410K->304026K(631224K), 0.0028466 secs] [Times: user=0.01 sys=0.00, real=0.01 secs] 
2020-10-29T14:48:15.972+0000: [GC (Allocation Failure) 2020-10-29T14:48:15.972+0000: [ParNew: 16388K->4K(18432K), 0.0029663 secs] 320410K->304026K(631224K), 0.0030324 secs] [Times: user=0.00 sys=0.00, real=0.01 secs] 
2020-10-29T14:48:15.990+0000: [GC (Allocation Failure) 2020-10-29T14:48:15.990+0000: [ParNew: 16388K->4K(18432K), 0.0029399 secs] 320410K->304026K(631224K), 0.0030039 secs] [Times: user=0.01 sys=0.00, real=0.00 secs] 
2020-10-29T14:48:16.007+0000: [GC (Allocation Failure) 2020-10-29T14:48:16.007+0000: [ParNew: 16388K->4K(18432K), 0.0032416 secs] 320410K->304026K(631224K), 0.0033165 secs] [Times: user=0.00 sys=0.00, real=0.00 secs] 
2020-10-29T14:48:16.026+0000: [GC (Allocation Failure) 2020-10-29T14:48:16.026+0000: [ParNew: 16388K->4K(18432K), 0.0030487 secs] 320410K->304026K(631224K), 0.0031143 secs] [Times: user=0.01 sys=0.00, real=0.01 secs] 
2020-10-29T14:48:16.047+0000: [GC (Allocation Failure) 2020-10-29T14:48:16.047+0000: [ParNew: 16388K->4K(18432K), 0.0029693 secs] 320410K->304026K(631224K), 0.0030370 secs] [Times: user=0.00 sys=0.00, real=0.00 secs] 
2020-10-29T14:48:16.065+0000: [GC (Allocation Failure) 2020-10-29T14:48:16.065+0000: [ParNew: 16388K->4K(18432K), 0.0030354 secs] 320410K->304026K(631224K), 0.0031048 secs] [Times: user=0.01 sys=0.00, real=0.01 secs] 
2020-10-29T14:48:16.086+0000: [GC (Allocation Failure) 2020-10-29T14:48:16.086+0000: [ParNew: 16388K->4K(18432K), 0.0030457 secs] 320410K->304026K(631224K), 0.0031145 secs] [Times: user=0.01 sys=0.00, real=0.01 secs] 
2020-10-29T14:48:16.107+0000: [GC (Allocation Failure) 2020-10-29T14:48:16.107+0000: [ParNew: 16388K->4K(18432K), 0.0029478 secs] 320410K->304026K(631224K), 0.0030142 secs] [Times: user=0.01 sys=0.00, real=0.00 secs] 
2020-10-29T14:48:16.124+0000: [GC (Allocation Failure) 2020-10-29T14:48:16.125+0000: [ParNew: 16388K->4K(18432K), 0.0029988 secs] 320410K->304026K(631224K), 0.0030642 secs] [Times: user=0.00 sys=0.00, real=0.01 secs] 
2020-10-29T14:48:16.143+0000: [GC (Allocation Failure) 2020-10-29T14:48:16.143+0000: [ParNew: 16388K->4K(18432K), 0.0029531 secs] 320410K->304026K(631224K), 0.0030181 secs] [Times: user=0.01 sys=0.00, real=0.00 secs] 
2020-10-29T14:48:16.163+0000: [GC (Allocation Failure) 2020-10-29T14:48:16.163+0000: [ParNew: 16388K->4K(18432K), 0.0028886 secs] 320410K->304026K(631224K), 0.0029523 secs] [Times: user=0.01 sys=0.00, real=0.00 secs] 
2020-10-29T14:48:16.180+0000: [GC (Allocation Failure) 2020-10-29T14:48:16.180+0000: [ParNew: 16388K->4K(18432K), 0.0030330 secs] 320410K->304026K(631224K), 0.0030987 secs] [Times: user=0.01 sys=0.00, real=0.00 secs] 
2020-10-29T14:48:16.198+0000: [GC (Allocation Failure) 2020-10-29T14:48:16.198+0000: [ParNew: 16388K->4K(18432K), 0.0029851 secs] 320410K->304026K(631224K), 0.0030517 secs] [Times: user=0.01 sys=0.00, real=0.00 secs] 
2020-10-29T14:48:16.218+0000: [GC (Allocation Failure) 2020-10-29T14:48:16.218+0000: [ParNew: 16388K->4K(18432K), 0.0030663 secs] 320410K->304026K(631224K), 0.0031353 secs] [Times: user=0.00 sys=0.00, real=0.00 secs] 
2020-10-29T14:48:16.237+0000: [GC (Allocation Failure) 2020-10-29T14:48:16.237+0000: [ParNew: 16388K->4K(18432K), 0.0029408 secs] 320410K->304026K(631224K), 0.0030056 secs] [Times: user=0.00 sys=0.00, real=0.00 secs] 
2020-10-29T14:48:16.254+0000: [GC (Allocation Failure) 2020-10-29T14:48:16.254+0000: [ParNew: 16388K->4K(18432K), 0.0028661 secs] 320410K->304026K(631224K), 0.0029262 secs] [Times: user=0.01 sys=0.00, real=0.01 secs] 
2020-10-29T14:48:16.272+0000: [GC (Allocation Failure) 2020-10-29T14:48:16.272+0000: [ParNew: 16388K->4K(18432K), 0.0030213 secs] 320410K->304026K(631224K), 0.0030819 secs] [Times: user=0.01 sys=0.00, real=0.01 secs] 
2020-10-29T14:48:16.290+0000: [GC (Allocation Failure) 2020-10-29T14:48:16.290+0000: [ParNew: 16388K->4K(18432K), 0.0029640 secs] 320410K->304026K(631224K), 0.0030298 secs] [Times: user=0.01 sys=0.00, real=0.00 secs] 
2020-10-29T14:48:16.307+0000: [GC (Allocation Failure) 2020-10-29T14:48:16.307+0000: [ParNew: 16388K->4K(18432K), 0.0030038 secs] 320410K->304026K(631224K), 0.0030719 secs] [Times: user=0.01 sys=0.00, real=0.00 secs] 
2020-10-29T14:48:16.326+0000: [GC (Allocation Failure) 2020-10-29T14:48:16.326+0000: [ParNew: 16388K->4K(18432K), 0.0029610 secs] 320410K->304026K(631224K), 0.0030186 secs] [Times: user=0.01 sys=0.00, real=0.01 secs] 
2020-10-29T14:48:16.343+0000: [GC (Allocation Failure) 2020-10-29T14:48:16.344+0000: [ParNew: 16388K->4K(18432K), 0.0030367 secs] 320410K->304026K(631224K), 0.0031042 secs] [Times: user=0.01 sys=0.00, real=0.00 secs] 
2020-10-29T14:48:16.362+0000: [GC (Allocation Failure) 2020-10-29T14:48:16.362+0000: [ParNew: 16388K->4K(18432K), 0.0029710 secs] 320410K->304026K(631224K), 0.0030344 secs] [Times: user=0.01 sys=0.00, real=0.00 secs] 
2020-10-29T14:48:16.379+0000: [GC (Allocation Failure) 2020-10-29T14:48:16.379+0000: [ParNew: 16388K->4K(18432K), 0.0029582 secs] 320410K->304026K(631224K), 0.0030250 secs] [Times: user=0.01 sys=0.00, real=0.00 secs] 
2020-10-29T14:48:16.397+0000: [GC (Allocation Failure) 2020-10-29T14:48:16.397+0000: [ParNew: 16388K->4K(18432K), 0.0029747 secs] 320410K->304026K(631224K), 0.0030397 secs] [Times: user=0.00 sys=0.00, real=0.00 secs] 
2020-10-29T14:48:16.415+0000: [GC (Allocation Failure) 2020-10-29T14:48:16.415+0000: [ParNew: 16388K->4K(18432K), 0.0029664 secs] 320410K->304026K(631224K), 0.0030310 secs] [Times: user=0.01 sys=0.00, real=0.00 secs] 
2020-10-29T14:48:16.433+0000: [GC (Allocation Failure) 2020-10-29T14:48:16.433+0000: [ParNew: 16388K->4K(18432K), 0.0029704 secs] 320410K->304026K(631224K), 0.0030355 secs] [Times: user=0.01 sys=0.00, real=0.01 secs] 
2020-10-29T14:48:16.455+0000: [GC (Allocation Failure) 2020-10-29T14:48:16.455+0000: [ParNew: 16388K->4K(18432K), 0.0029754 secs] 320410K->304026K(631224K), 0.0030397 secs] [Times: user=0.01 sys=0.00, real=0.00 secs] 
2020-10-29T14:48:16.472+0000: [GC (Allocation Failure) 2020-10-29T14:48:16.473+0000: [ParNew: 16388K->4K(18432K), 0.0030168 secs] 320410K->304026K(631224K), 0.0030814 secs] [Times: user=0.00 sys=0.00, real=0.01 secs] 
2020-10-29T14:48:16.490+0000: [GC (Allocation Failure) 2020-10-29T14:48:16.490+0000: [ParNew: 16388K->4K(18432K), 0.0029820 secs] 320410K->304026K(631224K), 0.0030634 secs] [Times: user=0.01 sys=0.00, real=0.00 secs] 
2020-10-29T14:48:16.508+0000: [GC (Allocation Failure) 2020-10-29T14:48:16.508+0000: [ParNew: 16388K->4K(18432K), 0.0028765 secs] 320410K->304026K(631224K), 0.0029402 secs] [Times: user=0.00 sys=0.00, real=0.00 secs] 
2020-10-29T14:48:16.527+0000: [GC (Allocation Failure) 2020-10-29T14:48:16.527+0000: [ParNew: 16388K->4K(18432K), 0.0030436 secs] 320410K->304026K(631224K), 0.0031014 secs] [Times: user=0.01 sys=0.00, real=0.00 secs] 
2020-10-29T14:48:16.545+0000: [GC (Allocation Failure) 2020-10-29T14:48:16.545+0000: [ParNew: 16388K->4K(18432K), 0.0028771 secs] 320410K->304026K(631224K), 0.0029277 secs] [Times: user=0.01 sys=0.00, real=0.01 secs] 
2020-10-29T14:48:16.562+0000: [GC (Allocation Failure) 2020-10-29T14:48:16.562+0000: [ParNew: 16388K->4K(18432K), 0.0030700 secs] 320410K->304026K(631224K), 0.0031382 secs] [Times: user=0.00 sys=0.00, real=0.00 secs] 
2020-10-29T14:48:16.583+0000: [GC (Allocation Failure) 2020-10-29T14:48:16.583+0000: [ParNew: 16388K->4K(18432K), 0.0029436 secs] 320410K->304026K(631224K), 0.0030103 secs] [Times: user=0.01 sys=0.00, real=0.00 secs] 
2020-10-29T14:48:16.603+0000: [GC (Allocation Failure) 2020-10-29T14:48:16.603+0000: [ParNew: 16388K->4K(18432K), 0.0030008 secs] 320410K->304026K(631224K), 0.0030691 secs] [Times: user=0.01 sys=0.00, real=0.00 secs] 
2020-10-29T14:48:16.623+0000: [GC (Allocation Failure) 2020-10-29T14:48:16.623+0000: [ParNew: 16388K->4K(18432K), 0.0029746 secs] 320410K->304026K(631224K), 0.0030444 secs] [Times: user=0.00 sys=0.00, real=0.00 secs] 
2020-10-29T14:48:16.641+0000: [GC (Allocation Failure) 2020-10-29T14:48:16.641+0000: [ParNew: 16388K->4K(18432K), 0.0029709 secs] 320410K->304026K(631224K), 0.0030349 secs] [Times: user=0.01 sys=0.00, real=0.00 secs] 
2020-10-29T14:48:16.662+0000: [GC (Allocation Failure) 2020-10-29T14:48:16.662+0000: [ParNew: 16388K->4K(18432K), 0.0029106 secs] 320410K->304026K(631224K), 0.0029733 secs] [Times: user=0.01 sys=0.00, real=0.00 secs] 
2020-10-29T14:48:16.681+0000: [GC (Allocation Failure) 2020-10-29T14:48:16.681+0000: [ParNew: 16388K->4K(18432K), 0.0028413 secs] 320410K->304026K(631224K), 0.0029026 secs] [Times: user=0.01 sys=0.00, real=0.00 secs] 
2020-10-29T14:48:16.698+0000: [GC (Allocation Failure) 2020-10-29T14:48:16.698+0000: [ParNew: 16388K->4K(18432K), 0.0028488 secs] 320410K->304026K(631224K), 0.0029218 secs] [Times: user=0.00 sys=0.00, real=0.00 secs] 
2020-10-29T14:48:16.717+0000: [GC (Allocation Failure) 2020-10-29T14:48:16.717+0000: [ParNew: 16388K->4K(18432K), 0.0030190 secs] 320410K->304026K(631224K), 0.0030899 secs] [Times: user=0.00 sys=0.00, real=0.00 secs] 
2020-10-29T14:48:16.735+0000: [GC (Allocation Failure) 2020-10-29T14:48:16.735+0000: [ParNew: 16388K->4K(18432K), 0.0029588 secs] 320410K->304026K(631224K), 0.0030244 secs] [Times: user=0.01 sys=0.00, real=0.00 secs] 
2020-10-29T14:48:16.753+0000: [GC (Allocation Failure) 2020-10-29T14:48:16.753+0000: [ParNew: 16388K->4K(18432K), 0.0030324 secs] 320410K->304026K(631224K), 0.0031088 secs] [Times: user=0.00 sys=0.00, real=0.01 secs] 
2020-10-29T14:48:16.775+0000: [GC (Allocation Failure) 2020-10-29T14:48:16.775+0000: [ParNew: 16388K->4K(18432K), 0.0028530 secs] 320410K->304026K(631224K), 0.0029116 secs] [Times: user=0.00 sys=0.01, real=0.01 secs] 
2020-10-29T14:48:16.799+0000: [GC (Allocation Failure) 2020-10-29T14:48:16.799+0000: [ParNew: 16388K->4K(18432K), 0.0028618 secs] 320410K->304026K(631224K), 0.0029212 secs] [Times: user=0.01 sys=0.00, real=0.00 secs] 
2020-10-29T14:48:16.831+0000: [GC (Allocation Failure) 2020-10-29T14:48:16.831+0000: [ParNew: 16388K->4K(18432K), 0.0029305 secs] 320410K->304026K(631224K), 0.0029966 secs] [Times: user=0.01 sys=0.00, real=0.00 secs] 
2020-10-29T14:48:16.863+0000: [GC (Allocation Failure) 2020-10-29T14:48:16.863+0000: [ParNew: 16388K->4K(18432K), 0.0029739 secs] 320410K->304026K(631224K), 0.0030402 secs] [Times: user=0.00 sys=0.00, real=0.00 secs] 
2020-10-29T14:48:16.898+0000: [GC (Allocation Failure) 2020-10-29T14:48:16.898+0000: [ParNew: 16388K->4K(18432K), 0.0030235 secs] 320410K->304026K(631224K), 0.0031083 secs] [Times: user=0.00 sys=0.00, real=0.00 secs] 
2020-10-29T14:48:16.931+0000: [GC (Allocation Failure) 2020-10-29T14:48:16.931+0000: [ParNew: 16388K->4K(18432K), 0.0030376 secs] 320410K->304026K(631224K), 0.0031060 secs] [Times: user=0.01 sys=0.00, real=0.00 secs] 
2020-10-29T14:48:16.961+0000: [GC (Allocation Failure) 2020-10-29T14:48:16.961+0000: [ParNew: 16388K->4K(18432K), 0.0030586 secs] 320410K->304026K(631224K), 0.0031294 secs] [Times: user=0.01 sys=0.00, real=0.00 secs] 
2020-10-29T14:48:16.995+0000: [GC (Allocation Failure) 2020-10-29T14:48:16.995+0000: [ParNew: 16388K->4K(18432K), 0.0032060 secs] 320410K->304027K(631224K), 0.0032737 secs] [Times: user=0.01 sys=0.00, real=0.00 secs] 
2020-10-29T14:48:17.027+0000: [GC (Allocation Failure) 2020-10-29T14:48:17.027+0000: [ParNew: 16388K->4K(18432K), 0.0029957 secs] 320411K->304027K(631224K), 0.0030619 secs] [Times: user=0.00 sys=0.00, real=0.00 secs] 
2020-10-29T14:48:17.177+0000: [GC (Allocation Failure) 2020-10-29T14:48:17.177+0000: [ParNew: 16388K->4K(18432K), 0.0029813 secs] 320411K->304027K(631224K), 0.0030699 secs] [Times: user=0.01 sys=0.00, real=0.00 secs] 
2020-10-29T14:48:17.243+0000: [GC (Allocation Failure) 2020-10-29T14:48:17.243+0000: [ParNew: 16388K->4K(18432K), 0.0029786 secs] 320411K->304027K(631224K), 0.0030506 secs] [Times: user=0.01 sys=0.00, real=0.00 secs] 
2020-10-29T14:48:17.315+0000: [GC (Allocation Failure) 2020-10-29T14:48:17.315+0000: [ParNew: 16388K->4K(18432K), 0.0029674 secs] 320411K->304027K(631224K), 0.0030616 secs] [Times: user=0.01 sys=0.00, real=0.00 secs] 
2020-10-29T14:48:17.372+0000: [GC (Allocation Failure) 2020-10-29T14:48:17.372+0000: [ParNew: 16388K->4K(18432K), 0.0029038 secs] 320411K->304027K(631224K), 0.0029728 secs] [Times: user=0.00 sys=0.00, real=0.01 secs] 
2020-10-29T14:48:17.393+0000: [GC (Allocation Failure) 2020-10-29T14:48:17.393+0000: [ParNew: 16388K->4K(18432K), 0.0029601 secs] 320411K->304027K(631224K), 0.0030266 secs] [Times: user=0.01 sys=0.00, real=0.01 secs] 
2020-10-29T14:48:17.419+0000: [GC (Allocation Failure) 2020-10-29T14:48:17.419+0000: [ParNew: 16388K->4K(18432K), 0.0029171 secs] 320411K->304027K(631224K), 0.0029823 secs] [Times: user=0.01 sys=0.00, real=0.00 secs] 
2020-10-29T14:48:17.443+0000: [GC (Allocation Failure) 2020-10-29T14:48:17.443+0000: [ParNew: 16388K->4K(18432K), 0.0029039 secs] 320411K->304029K(631224K), 0.0029668 secs] [Times: user=0.01 sys=0.00, real=0.00 secs] 
2020-10-29T14:48:17.467+0000: [GC (Allocation Failure) 2020-10-29T14:48:17.467+0000: [ParNew: 16388K->4K(18432K), 0.0028991 secs] 320413K->304029K(631224K), 0.0029631 secs] [Times: user=0.00 sys=0.00, real=0.00 secs] 
2020-10-29T14:48:17.491+0000: [GC (Allocation Failure) 2020-10-29T14:48:17.491+0000: [ParNew: 16388K->4K(18432K), 0.0028508 secs] 320413K->304029K(631224K), 0.0029126 secs] [Times: user=0.01 sys=0.00, real=0.00 secs] 
2020-10-29T14:48:17.515+0000: [GC (Allocation Failure) 2020-10-29T14:48:17.515+0000: [ParNew: 16388K->4K(18432K), 0.0028290 secs] 320413K->304029K(631224K), 0.0028904 secs] [Times: user=0.00 sys=0.00, real=0.00 secs] 
2020-10-29T14:48:17.547+0000: [GC (Allocation Failure) 2020-10-29T14:48:17.547+0000: [ParNew: 16388K->4K(18432K), 0.0030883 secs] 320413K->304029K(631224K), 0.0031552 secs] [Times: user=0.01 sys=0.00, real=0.00 secs] 
2020-10-29T14:48:17.569+0000: [GC (Allocation Failure) 2020-10-29T14:48:17.569+0000: [ParNew: 16388K->2K(18432K), 0.0029693 secs] 320413K->304027K(631224K), 0.0030372 secs] [Times: user=0.01 sys=0.00, real=0.00 secs] 
2020-10-29T14:48:17.592+0000: [GC (Allocation Failure) 2020-10-29T14:48:17.592+0000: [ParNew: 16386K->4K(18432K), 0.0029559 secs] 320411K->304029K(631224K), 0.0030232 secs] [Times: user=0.00 sys=0.00, real=0.01 secs] 
2020-10-29T14:48:17.614+0000: [GC (Allocation Failure) 2020-10-29T14:48:17.614+0000: [ParNew: 16388K->4K(18432K), 0.0029612 secs] 320413K->304029K(631224K), 0.0030297 secs] [Times: user=0.01 sys=0.00, real=0.01 secs] 
2020-10-29T14:48:17.637+0000: [GC (Allocation Failure) 2020-10-29T14:48:17.637+0000: [ParNew: 16388K->4K(18432K), 0.0029341 secs] 320413K->304029K(631224K), 0.0029993 secs] [Times: user=0.00 sys=0.00, real=0.00 secs] 
2020-10-29T14:48:17.663+0000: [GC (Allocation Failure) 2020-10-29T14:48:17.663+0000: [ParNew: 16388K->4K(18432K), 0.0029109 secs] 320413K->304029K(631224K), 0.0029782 secs] [Times: user=0.01 sys=0.00, real=0.00 secs] 
2020-10-29T14:48:17.687+0000: [GC (Allocation Failure) 2020-10-29T14:48:17.687+0000: [ParNew: 16388K->4K(18432K), 0.0029154 secs] 320413K->304029K(631224K), 0.0029809 secs] [Times: user=0.01 sys=0.00, real=0.00 secs] 
2020-10-29T14:48:17.716+0000: [GC (Allocation Failure) 2020-10-29T14:48:17.716+0000: [ParNew: 16388K->4K(18432K), 0.0030090 secs] 320413K->304029K(631224K), 0.0030741 secs] [Times: user=0.00 sys=0.00, real=0.00 secs] 
2020-10-29T14:48:18.447+0000: [GC (Allocation Failure) 2020-10-29T14:48:18.447+0000: [ParNew: 16388K->654K(18432K), 0.0038063 secs] 320413K->304679K(631224K), 0.0038912 secs] [Times: user=0.01 sys=0.00, real=0.00 secs] 
2020-10-29T14:48:18.563+0000: [GC (Allocation Failure) 2020-10-29T14:48:18.563+0000: [ParNew: 17038K->913K(18432K), 0.0038226 secs] 321063K->304938K(631224K), 0.0038893 secs] [Times: user=0.00 sys=0.00, real=0.01 secs] 
2020-10-29T14:48:18.710+0000: [GC (Allocation Failure) 2020-10-29T14:48:18.710+0000: [ParNew: 17297K->2048K(18432K), 0.0083344 secs] 321322K->306671K(631224K), 0.0084074 secs] [Times: user=0.01 sys=0.00, real=0.01 secs] 
2020-10-29T14:48:18.764+0000: [GC (Allocation Failure) 2020-10-29T14:48:18.764+0000: [ParNew: 18432K->1301K(18432K), 0.0141410 secs] 323055K->307892K(631224K), 0.0142349 secs] [Times: user=0.03 sys=0.00, real=0.02 secs] 
2020-10-29T14:48:18.815+0000: [GC (Allocation Failure) 2020-10-29T14:48:18.815+0000: [ParNew: 17685K->328K(18432K), 0.0066560 secs] 324276K->306919K(631224K), 0.0067509 secs] [Times: user=0.01 sys=0.00, real=0.00 secs] 
2020-10-29T14:48:18.852+0000: [GC (Allocation Failure) 2020-10-29T14:48:18.852+0000: [ParNew: 16712K->270K(18432K), 0.0066764 secs] 323303K->306862K(631224K), 0.0067616 secs] [Times: user=0.02 sys=0.00, real=0.01 secs] 
2020-10-29T14:48:18.885+0000: [GC (Allocation Failure) 2020-10-29T14:48:18.885+0000: [ParNew: 16654K->180K(18432K), 0.0087739 secs] 323246K->306771K(631224K), 0.0088712 secs] [Times: user=0.02 sys=0.00, real=0.01 secs] 
2020-10-29T14:48:18.925+0000: [GC (Allocation Failure) 2020-10-29T14:48:18.925+0000: [ParNew: 16564K->305K(18432K), 0.0088933 secs] 323155K->306896K(631224K), 0.0090045 secs] [Times: user=0.02 sys=0.00, real=0.01 secs] 
2020-10-29T14:48:18.960+0000: [GC (Allocation Failure) 2020-10-29T14:48:18.960+0000: [ParNew: 16689K->311K(18432K), 0.0043461 secs] 323280K->306902K(631224K), 0.0044272 secs] [Times: user=0.01 sys=0.00, real=0.00 secs] 
2020-10-29T14:48:18.995+0000: [GC (Allocation Failure) 2020-10-29T14:48:18.995+0000: [ParNew: 16571K->280K(18432K), 0.0066626 secs] 323162K->306889K(631224K), 0.0067713 secs] [Times: user=0.01 sys=0.00, real=0.00 secs] 
2020-10-29T14:48:19.028+0000: [GC (Allocation Failure) 2020-10-29T14:48:19.028+0000: [ParNew: 16664K->775K(18432K), 0.0068612 secs] 323273K->307398K(631224K), 0.0069517 secs] [Times: user=0.02 sys=0.00, real=0.01 secs] 
2020-10-29T14:48:19.061+0000: [GC (Allocation Failure) 2020-10-29T14:48:19.061+0000: [ParNew: 17159K->516K(18432K), 0.0103306 secs] 323782K->307139K(631224K), 0.0104339 secs] [Times: user=0.02 sys=0.00, real=0.01 secs] 
2020-10-29T14:48:19.112+0000: [GC (Allocation Failure) 2020-10-29T14:48:19.112+0000: [ParNew: 16900K->516K(18432K), 0.0062347 secs] 323523K->307139K(631224K), 0.0063435 secs] [Times: user=0.01 sys=0.00, real=0.01 secs] 
2020-10-29T14:48:19.157+0000: [GC (Allocation Failure) 2020-10-29T14:48:19.158+0000: [ParNew: 16900K->772K(18432K), 0.0032180 secs] 323523K->307395K(631224K), 0.0032921 secs] [Times: user=0.01 sys=0.00, real=0.00 secs] 
2020-10-29T14:48:19.187+0000: [GC (Allocation Failure) 2020-10-29T14:48:19.187+0000: [ParNew: 17156K->1028K(18432K), 0.0032988 secs] 323779K->307651K(631224K), 0.0034103 secs] [Times: user=0.00 sys=0.00, real=0.01 secs] 
2020-10-29T14:48:19.211+0000: [GC (Allocation Failure) 2020-10-29T14:48:19.211+0000: [ParNew: 17412K->1028K(18432K), 0.0032499 secs] 324035K->307907K(631224K), 0.0033209 secs] [Times: user=0.01 sys=0.00, real=0.00 secs] 
2020-10-29T14:48:19.233+0000: [GC (Allocation Failure) 2020-10-29T14:48:19.233+0000: [ParNew: 17412K->4K(18432K), 0.0031070 secs] 324291K->307395K(631224K), 0.0031697 secs] [Times: user=0.01 sys=0.00, real=0.01 secs] 
2020-10-29T14:48:19.252+0000: [GC (Allocation Failure) 2020-10-29T14:48:19.252+0000: [ParNew: 16388K->4K(18432K), 0.0028462 secs] 323779K->307395K(631224K), 0.0029027 secs] [Times: user=0.00 sys=0.00, real=0.01 secs] 
2020-10-29T14:48:19.271+0000: [GC (Allocation Failure) 2020-10-29T14:48:19.271+0000: [ParNew: 16388K->4K(18432K), 0.0026459 secs] 323779K->307395K(631224K), 0.0027033 secs] [Times: user=0.01 sys=0.00, real=0.00 secs] 
2020-10-29T14:48:19.289+0000: [GC (Allocation Failure) 2020-10-29T14:48:19.289+0000: [ParNew: 16388K->1028K(18432K), 0.0029643 secs] 323779K->308419K(631224K), 0.0030240 secs] [Times: user=0.01 sys=0.00, real=0.00 secs] 
2020-10-29T14:48:19.311+0000: [GC (Allocation Failure) 2020-10-29T14:48:19.311+0000: [ParNew: 17412K->4K(18432K), 0.0029580 secs] 324803K->307907K(631224K), 0.0030186 secs] [Times: user=0.01 sys=0.00, real=0.00 secs] 
2020-10-29T14:48:19.334+0000: [GC (Allocation Failure) 2020-10-29T14:48:19.334+0000: [ParNew: 16388K->4K(18432K), 0.0029012 secs] 324291K->307907K(631224K), 0.0029675 secs] [Times: user=0.00 sys=0.00, real=0.01 secs] 
2020-10-29T14:48:19.359+0000: [GC (Allocation Failure) 2020-10-29T14:48:19.359+0000: [ParNew: 16388K->4K(18432K), 0.0028111 secs] 324291K->307907K(631224K), 0.0028731 secs] [Times: user=0.00 sys=0.00, real=0.00 secs] 
2020-10-29T14:48:19.388+0000: [GC (Allocation Failure) 2020-10-29T14:48:19.388+0000: [ParNew: 16388K->4K(18432K), 0.0028361 secs] 324291K->307907K(631224K), 0.0028979 secs] [Times: user=0.01 sys=0.00, real=0.00 secs] 
2020-10-29T14:48:19.415+0000: [GC (Allocation Failure) 2020-10-29T14:48:19.415+0000: [ParNew: 16388K->4K(18432K), 0.0027619 secs] 324291K->307907K(631224K), 0.0028448 secs] [Times: user=0.00 sys=0.00, real=0.00 secs] 
2020-10-29T14:48:19.438+0000: [GC (Allocation Failure) 2020-10-29T14:48:19.438+0000: [ParNew: 16388K->4K(18432K), 0.0029398 secs] 324291K->307907K(631224K), 0.0030057 secs] [Times: user=0.00 sys=0.00, real=0.00 secs] 
2020-10-29T14:48:19.468+0000: [GC (Allocation Failure) 2020-10-29T14:48:19.468+0000: [ParNew: 16388K->4K(18432K), 0.0029921 secs] 324291K->307907K(631224K), 0.0030608 secs] [Times: user=0.01 sys=0.00, real=0.00 secs] 
2020-10-29T14:48:19.491+0000: [GC (Allocation Failure) 2020-10-29T14:48:19.492+0000: [ParNew: 16388K->4K(18432K), 0.0027621 secs] 324291K->307907K(631224K), 0.0028465 secs] [Times: user=0.01 sys=0.00, real=0.00 secs] 
2020-10-29T14:48:19.518+0000: [GC (Allocation Failure) 2020-10-29T14:48:19.518+0000: [ParNew: 16388K->4K(18432K), 0.0029562 secs] 324291K->307907K(631224K), 0.0030463 secs] [Times: user=0.01 sys=0.00, real=0.00 secs] 
2020-10-29T14:48:19.543+0000: [GC (Allocation Failure) 2020-10-29T14:48:19.543+0000: [ParNew: 16388K->4K(18432K), 0.0028694 secs] 324291K->307907K(631224K), 0.0029289 secs] [Times: user=0.00 sys=0.00, real=0.00 secs] 
2020-10-29T14:48:19.567+0000: [GC (Allocation Failure) 2020-10-29T14:48:19.567+0000: [ParNew: 16388K->4K(18432K), 0.0039572 secs] 324291K->307907K(631224K), 0.0040258 secs] [Times: user=0.01 sys=0.00, real=0.00 secs] 
2020-10-29T14:48:19.598+0000: [GC (Allocation Failure) 2020-10-29T14:48:19.598+0000: [ParNew: 16388K->4K(18432K), 0.0029915 secs] 324291K->307907K(631224K), 0.0030605 secs] [Times: user=0.01 sys=0.00, real=0.00 secs] 
2020-10-29T14:48:19.633+0000: [GC (Allocation Failure) 2020-10-29T14:48:19.633+0000: [ParNew: 16388K->4K(18432K), 0.0051041 secs] 324291K->307907K(631224K), 0.0051770 secs] [Times: user=0.01 sys=0.00, real=0.01 secs] 
2020-10-29T14:48:19.665+0000: [GC (Allocation Failure) 2020-10-29T14:48:19.665+0000: [ParNew: 16388K->4K(18432K), 0.0030105 secs] 324291K->307907K(631224K), 0.0031038 secs] [Times: user=0.01 sys=0.00, real=0.01 secs] 
2020-10-29T14:48:19.686+0000: [GC (Allocation Failure) 2020-10-29T14:48:19.686+0000: [ParNew: 16388K->4K(18432K), 0.0028864 secs] 324291K->307907K(631224K), 0.0029503 secs] [Times: user=0.01 sys=0.00, real=0.01 secs] 
2020-10-29T14:48:19.715+0000: [GC (Allocation Failure) 2020-10-29T14:48:19.715+0000: [ParNew: 16388K->4K(18432K), 0.0028639 secs] 324291K->307907K(631224K), 0.0029466 secs] [Times: user=0.01 sys=0.00, real=0.00 secs] 
2020-10-29T14:48:19.738+0000: [GC (Allocation Failure) 2020-10-29T14:48:19.738+0000: [ParNew: 16388K->4K(18432K), 0.0029767 secs] 324291K->307907K(631224K), 0.0030453 secs] [Times: user=0.00 sys=0.00, real=0.00 secs] 
2020-10-29T14:48:19.763+0000: [GC (Allocation Failure) 2020-10-29T14:48:19.763+0000: [ParNew: 16388K->4K(18432K), 0.0064132 secs] 324291K->307907K(631224K), 0.0065080 secs] [Times: user=0.01 sys=0.00, real=0.01 secs] 
2020-10-29T14:48:19.793+0000: [GC (Allocation Failure) 2020-10-29T14:48:19.793+0000: [ParNew: 16388K->4K(18432K), 0.0060230 secs] 324291K->307907K(631224K), 0.0061069 secs] [Times: user=0.02 sys=0.00, real=0.01 secs] 
2020-10-29T14:48:19.823+0000: [GC (Allocation Failure) 2020-10-29T14:48:19.823+0000: [ParNew: 16388K->4K(18432K), 0.0059818 secs] 324291K->307907K(631224K), 0.0060709 secs] [Times: user=0.01 sys=0.00, real=0.01 secs] 
2020-10-29T14:48:19.851+0000: [GC (Allocation Failure) 2020-10-29T14:48:19.851+0000: [ParNew: 16388K->2K(18432K), 0.0060132 secs] 324291K->307905K(631224K), 0.0060960 secs] [Times: user=0.01 sys=0.00, real=0.01 secs] 
2020-10-29T14:48:19.888+0000: [GC (Allocation Failure) 2020-10-29T14:48:19.888+0000: [ParNew: 16386K->4K(18432K), 0.0063897 secs] 324289K->307907K(631224K), 0.0065065 secs] [Times: user=0.01 sys=0.00, real=0.00 secs] 
2020-10-29T14:48:19.930+0000: [GC (Allocation Failure) 2020-10-29T14:48:19.930+0000: [ParNew: 16388K->4K(18432K), 0.0071730 secs] 324291K->307907K(631224K), 0.0072704 secs] [Times: user=0.02 sys=0.00, real=0.01 secs] 
2020-10-29T14:48:19.968+0000: [GC (Allocation Failure) 2020-10-29T14:48:19.969+0000: [ParNew: 16388K->2K(18432K), 0.0061406 secs] 324291K->307905K(631224K), 0.0062306 secs] [Times: user=0.01 sys=0.00, real=0.01 secs] 
2020-10-29T14:48:20.009+0000: [GC (Allocation Failure) 2020-10-29T14:48:20.010+0000: [ParNew: 16386K->4K(18432K), 0.0034650 secs] 324289K->307907K(631224K), 0.0035388 secs] [Times: user=0.00 sys=0.00, real=0.00 secs] 
2020-10-29T14:48:20.032+0000: [GC (Allocation Failure) 2020-10-29T14:48:20.032+0000: [ParNew: 16388K->4K(18432K), 0.0029419 secs] 324291K->307907K(631224K), 0.0030087 secs] [Times: user=0.00 sys=0.00, real=0.01 secs] 
2020-10-29T14:48:20.051+0000: [GC (Allocation Failure) 2020-10-29T14:48:20.051+0000: [ParNew: 16388K->4K(18432K), 0.0027486 secs] 324291K->307907K(631224K), 0.0028068 secs] [Times: user=0.00 sys=0.00, real=0.00 secs] 
2020-10-29T14:48:20.070+0000: [GC (Allocation Failure) 2020-10-29T14:48:20.070+0000: [ParNew: 16388K->4K(18432K), 0.0029945 secs] 324291K->307907K(631224K), 0.0030633 secs] [Times: user=0.00 sys=0.00, real=0.00 secs] 
2020-10-29T14:48:20.091+0000: [GC (Allocation Failure) 2020-10-29T14:48:20.091+0000: [ParNew: 16388K->4K(18432K), 0.0045328 secs] 324291K->307907K(631224K), 0.0046009 secs] [Times: user=0.00 sys=0.00, real=0.01 secs] 
2020-10-29T14:48:20.111+0000: [GC (Allocation Failure) 2020-10-29T14:48:20.111+0000: [ParNew: 16388K->4K(18432K), 0.0029755 secs] 324291K->307907K(631224K), 0.0030436 secs] [Times: user=0.00 sys=0.00, real=0.00 secs] 
2020-10-29T14:48:20.128+0000: [GC (Allocation Failure) 2020-10-29T14:48:20.128+0000: [ParNew: 16388K->4K(18432K), 0.0028473 secs] 324291K->307907K(631224K), 0.0029080 secs] [Times: user=0.01 sys=0.00, real=0.00 secs] 
2020-10-29T14:48:20.145+0000: [GC (Allocation Failure) 2020-10-29T14:48:20.146+0000: [ParNew: 16388K->4K(18432K), 0.0026404 secs] 324291K->307907K(631224K), 0.0026942 secs] [Times: user=0.01 sys=0.00, real=0.01 secs] 
2020-10-29T14:48:20.162+0000: [GC (Allocation Failure) 2020-10-29T14:48:20.162+0000: [ParNew: 16388K->4K(18432K), 0.0026396 secs] 324291K->307907K(631224K), 0.0027116 secs] [Times: user=0.00 sys=0.00, real=0.00 secs] 
2020-10-29T14:48:20.183+0000: [GC (Allocation Failure) 2020-10-29T14:48:20.183+0000: [ParNew: 16388K->4K(18432K), 0.0026425 secs] 324291K->307908K(631224K), 0.0026978 secs] [Times: user=0.01 sys=0.00, real=0.00 secs] 
2020-10-29T14:48:20.200+0000: [GC (Allocation Failure) 2020-10-29T14:48:20.200+0000: [ParNew: 16388K->4K(18432K), 0.0025833 secs] 324292K->307908K(631224K), 0.0026379 secs] [Times: user=0.00 sys=0.00, real=0.00 secs] 
2020-10-29T14:48:20.217+0000: [GC (Allocation Failure) 2020-10-29T14:48:20.217+0000: [ParNew: 16388K->4K(18432K), 0.0026855 secs] 324292K->307908K(631224K), 0.0027428 secs] [Times: user=0.00 sys=0.00, real=0.00 secs] 
2020-10-29T14:48:20.235+0000: [GC (Allocation Failure) 2020-10-29T14:48:20.235+0000: [ParNew: 16388K->4K(18432K), 0.0028512 secs] 324292K->307908K(631224K), 0.0029133 secs] [Times: user=0.01 sys=0.00, real=0.00 secs] 
2020-10-29T14:48:20.255+0000: [GC (Allocation Failure) 2020-10-29T14:48:20.255+0000: [ParNew: 16388K->4K(18432K), 0.0026836 secs] 324292K->307908K(631224K), 0.0027395 secs] [Times: user=0.01 sys=0.00, real=0.00 secs] 
2020-10-29T14:48:20.275+0000: [GC (Allocation Failure) 2020-10-29T14:48:20.275+0000: [ParNew: 16388K->4K(18432K), 0.0028650 secs] 324292K->307908K(631224K), 0.0029273 secs] [Times: user=0.00 sys=0.00, real=0.00 secs] 
2020-10-29T14:48:20.295+0000: [GC (Allocation Failure) 2020-10-29T14:48:20.295+0000: [ParNew: 16388K->4K(18432K), 0.0025647 secs] 324292K->307908K(631224K), 0.0026176 secs] [Times: user=0.00 sys=0.00, real=0.00 secs] 
2020-10-29T14:48:20.312+0000: [GC (Allocation Failure) 2020-10-29T14:48:20.312+0000: [ParNew: 16388K->4K(18432K), 0.0025950 secs] 324292K->307908K(631224K), 0.0026487 secs] [Times: user=0.00 sys=0.00, real=0.01 secs] 
2020-10-29T14:48:20.330+0000: [GC (Allocation Failure) 2020-10-29T14:48:20.330+0000: [ParNew: 16388K->4K(18432K), 0.0029086 secs] 324292K->307908K(631224K), 0.0029653 secs] [Times: user=0.01 sys=0.00, real=0.00 secs] 
2020-10-29T14:48:20.347+0000: [GC (Allocation Failure) 2020-10-29T14:48:20.347+0000: [ParNew: 16388K->4K(18432K), 0.0027521 secs] 324292K->307908K(631224K), 0.0028253 secs] [Times: user=0.01 sys=0.00, real=0.00 secs] 
2020-10-29T14:48:20.367+0000: [GC (Allocation Failure) 2020-10-29T14:48:20.367+0000: [ParNew: 16388K->4K(18432K), 0.0029588 secs] 324292K->307908K(631224K), 0.0030262 secs] [Times: user=0.01 sys=0.00, real=0.00 secs] 
2020-10-29T14:48:20.387+0000: [GC (Allocation Failure) 2020-10-29T14:48:20.387+0000: [ParNew: 16388K->4K(18432K), 0.0029883 secs] 324292K->307908K(631224K), 0.0030562 secs] [Times: user=0.01 sys=0.00, real=0.00 secs] 
2020-10-29T14:48:20.404+0000: [GC (Allocation Failure) 2020-10-29T14:48:20.404+0000: [ParNew: 16388K->4K(18432K), 0.0028537 secs] 324292K->307908K(631224K), 0.0029191 secs] [Times: user=0.01 sys=0.00, real=0.01 secs] 
2020-10-29T14:48:20.422+0000: [GC (Allocation Failure) 2020-10-29T14:48:20.422+0000: [ParNew: 16388K->4K(18432K), 0.0029386 secs] 324292K->307908K(631224K), 0.0030015 secs] [Times: user=0.00 sys=0.00, real=0.00 secs] 
2020-10-29T14:48:20.439+0000: [GC (Allocation Failure) 2020-10-29T14:48:20.439+0000: [ParNew: 16388K->4K(18432K), 0.0026411 secs] 324292K->307908K(631224K), 0.0026962 secs] [Times: user=0.01 sys=0.00, real=0.00 secs] 
2020-10-29T14:48:20.456+0000: [GC (Allocation Failure) 2020-10-29T14:48:20.456+0000: [ParNew: 16388K->4K(18432K), 0.0026755 secs] 324292K->307908K(631224K), 0.0027464 secs] [Times: user=0.00 sys=0.00, real=0.00 secs] 
2020-10-29T14:48:20.473+0000: [GC (Allocation Failure) 2020-10-29T14:48:20.473+0000: [ParNew: 16388K->4K(18432K), 0.0024783 secs] 324292K->307908K(631224K), 0.0025304 secs] [Times: user=0.01 sys=0.00, real=0.01 secs] 
2020-10-29T14:48:20.490+0000: [GC (Allocation Failure) 2020-10-29T14:48:20.490+0000: [ParNew: 16388K->4K(18432K), 0.0025248 secs] 324292K->307908K(631224K), 0.0025771 secs] [Times: user=0.00 sys=0.00, real=0.00 secs] 
2020-10-29T14:48:20.511+0000: [GC (Allocation Failure) 2020-10-29T14:48:20.511+0000: [ParNew: 16388K->2K(18432K), 0.0039511 secs] 324292K->307906K(631224K), 0.0039993 secs] [Times: user=0.00 sys=0.00, real=0.00 secs] 
2020-10-29T14:48:20.529+0000: [GC (Allocation Failure) 2020-10-29T14:48:20.529+0000: [ParNew: 16386K->4K(18432K), 0.0027602 secs] 324290K->307908K(631224K), 0.0028207 secs] [Times: user=0.00 sys=0.00, real=0.00 secs] 
2020-10-29T14:48:20.550+0000: [GC (Allocation Failure) 2020-10-29T14:48:20.550+0000: [ParNew: 16388K->4K(18432K), 0.0030642 secs] 324292K->307908K(631224K), 0.0031329 secs] [Times: user=0.01 sys=0.00, real=0.00 secs] 
2020-10-29T14:48:20.568+0000: [GC (Allocation Failure) 2020-10-29T14:48:20.568+0000: [ParNew: 16388K->4K(18432K), 0.0041063 secs] 324292K->307908K(631224K), 0.0041708 secs] [Times: user=0.00 sys=0.00, real=0.00 secs] 
2020-10-29T14:48:20.587+0000: [GC (Allocation Failure) 2020-10-29T14:48:20.587+0000: [ParNew: 16388K->4K(18432K), 0.0026893 secs] 324292K->307908K(631224K), 0.0027452 secs] [Times: user=0.01 sys=0.00, real=0.00 secs] 
2020-10-29T14:48:20.607+0000: [GC (Allocation Failure) 2020-10-29T14:48:20.607+0000: [ParNew: 16388K->4K(18432K), 0.0028715 secs] 324292K->307908K(631224K), 0.0029347 secs] [Times: user=0.00 sys=0.00, real=0.00 secs] 
2020-10-29T14:48:20.625+0000: [GC (Allocation Failure) 2020-10-29T14:48:20.625+0000: [ParNew: 16388K->4K(18432K), 0.0029193 secs] 324292K->307908K(631224K), 0.0029824 secs] [Times: user=0.01 sys=0.00, real=0.01 secs] 
2020-10-29T14:48:20.642+0000: [GC (Allocation Failure) 2020-10-29T14:48:20.642+0000: [ParNew: 16388K->4K(18432K), 0.0025685 secs] 324292K->307908K(631224K), 0.0026238 secs] [Times: user=0.01 sys=0.00, real=0.00 secs] 
2020-10-29T14:48:20.661+0000: [GC (Allocation Failure) 2020-10-29T14:48:20.661+0000: [ParNew: 16388K->4K(18432K), 0.0031714 secs] 324292K->307908K(631224K), 0.0032402 secs] [Times: user=0.00 sys=0.00, real=0.00 secs] 
2020-10-29T14:48:20.683+0000: [GC (Allocation Failure) 2020-10-29T14:48:20.683+0000: [ParNew: 16388K->4K(18432K), 0.0030200 secs] 324292K->307908K(631224K), 0.0030890 secs] [Times: user=0.01 sys=0.00, real=0.00 secs] 
2020-10-29T14:48:20.700+0000: [GC (Allocation Failure) 2020-10-29T14:48:20.700+0000: [ParNew: 16388K->4K(18432K), 0.0030844 secs] 324292K->307908K(631224K), 0.0031515 secs] [Times: user=0.00 sys=0.00, real=0.00 secs] 
2020-10-29T14:48:20.719+0000: [GC (Allocation Failure) 2020-10-29T14:48:20.719+0000: [ParNew: 16388K->4K(18432K), 0.0030664 secs] 324292K->307908K(631224K), 0.0031424 secs] [Times: user=0.01 sys=0.00, real=0.00 secs] 
2020-10-29T14:48:20.736+0000: [GC (Allocation Failure) 2020-10-29T14:48:20.736+0000: [ParNew: 16388K->4K(18432K), 0.0030649 secs] 324292K->307908K(631224K), 0.0031359 secs] [Times: user=0.00 sys=0.00, real=0.00 secs] 
2020-10-29T14:48:20.755+0000: [GC (Allocation Failure) 2020-10-29T14:48:20.755+0000: [ParNew: 16388K->4K(18432K), 0.0029962 secs] 324292K->307908K(631224K), 0.0030646 secs] [Times: user=0.00 sys=0.00, real=0.00 secs] 
2020-10-29T14:48:20.772+0000: [GC (Allocation Failure) 2020-10-29T14:48:20.772+0000: [ParNew: 16388K->4K(18432K), 0.0029666 secs] 324292K->307908K(631224K), 0.0030323 secs] [Times: user=0.00 sys=0.00, real=0.01 secs] 
2020-10-29T14:48:20.790+0000: [GC (Allocation Failure) 2020-10-29T14:48:20.790+0000: [ParNew: 16388K->4K(18432K), 0.0029269 secs] 324292K->307908K(631224K), 0.0029879 secs] [Times: user=0.01 sys=0.00, real=0.00 secs] 
2020-10-29T14:48:20.807+0000: [GC (Allocation Failure) 2020-10-29T14:48:20.807+0000: [ParNew: 16388K->4K(18432K), 0.0030299 secs] 324292K->307908K(631224K), 0.0030970 secs] [Times: user=0.00 sys=0.00, real=0.00 secs] 
2020-10-29T14:48:20.827+0000: [GC (Allocation Failure) 2020-10-29T14:48:20.827+0000: [ParNew: 16388K->4K(18432K), 0.0029873 secs] 324292K->307908K(631224K), 0.0030561 secs] [Times: user=0.01 sys=0.00, real=0.00 secs] 
2020-10-29T14:48:20.847+0000: [GC (Allocation Failure) 2020-10-29T14:48:20.847+0000: [ParNew: 16388K->4K(18432K), 0.0030420 secs] 324292K->307908K(631224K), 0.0031096 secs] [Times: user=0.01 sys=0.00, real=0.00 secs] 
2020-10-29T14:48:20.865+0000: [GC (Allocation Failure) 2020-10-29T14:48:20.865+0000: [ParNew: 16388K->4K(18432K), 0.0030113 secs] 324292K->307908K(631224K), 0.0030765 secs] [Times: user=0.01 sys=0.00, real=0.01 secs] 
2020-10-29T14:48:20.883+0000: [GC (Allocation Failure) 2020-10-29T14:48:20.883+0000: [ParNew: 16388K->4K(18432K), 0.0030030 secs] 324292K->307908K(631224K), 0.0030718 secs] [Times: user=0.01 sys=0.00, real=0.00 secs] 
2020-10-29T14:48:20.900+0000: [GC (Allocation Failure) 2020-10-29T14:48:20.900+0000: [ParNew: 16388K->4K(18432K), 0.0035016 secs] 324292K->307908K(631224K), 0.0035653 secs] [Times: user=0.01 sys=0.00, real=0.00 secs] 
2020-10-29T14:48:20.918+0000: [GC (Allocation Failure) 2020-10-29T14:48:20.918+0000: [ParNew: 16388K->4K(18432K), 0.0029225 secs] 324292K->307908K(631224K), 0.0029875 secs] [Times: user=0.00 sys=0.00, real=0.00 secs] 
2020-10-29T14:48:20.936+0000: [GC (Allocation Failure) 2020-10-29T14:48:20.936+0000: [ParNew: 16388K->4K(18432K), 0.0030192 secs] 324292K->307908K(631224K), 0.0030852 secs] [Times: user=0.01 sys=0.00, real=0.00 secs] 
2020-10-29T14:48:20.953+0000: [GC (Allocation Failure) 2020-10-29T14:48:20.954+0000: [ParNew: 16388K->4K(18432K), 0.0029102 secs] 324292K->307908K(631224K), 0.0029726 secs] [Times: user=0.01 sys=0.00, real=0.01 secs] 
2020-10-29T14:48:20.975+0000: [GC (Allocation Failure) 2020-10-29T14:48:20.975+0000: [ParNew: 16388K->4K(18432K), 0.0028253 secs] 324292K->307908K(631224K), 0.0028884 secs] [Times: user=0.01 sys=0.00, real=0.00 secs] 
2020-10-29T14:48:20.992+0000: [GC (Allocation Failure) 2020-10-29T14:48:20.992+0000: [ParNew: 16388K->4K(18432K), 0.0029108 secs] 324292K->307908K(631224K), 0.0029745 secs] [Times: user=0.01 sys=0.00, real=0.01 secs] 
2020-10-29T14:48:21.009+0000: [GC (Allocation Failure) 2020-10-29T14:48:21.009+0000: [ParNew: 16388K->4K(18432K), 0.0034908 secs] 324292K->307908K(631224K), 0.0035580 secs] [Times: user=0.00 sys=0.00, real=0.00 secs] 
2020-10-29T14:48:21.027+0000: [GC (Allocation Failure) 2020-10-29T14:48:21.027+0000: [ParNew: 16388K->4K(18432K), 0.0029490 secs] 324292K->307908K(631224K), 0.0030137 secs] [Times: user=0.01 sys=0.00, real=0.00 secs] 
2020-10-29T14:48:21.045+0000: [GC (Allocation Failure) 2020-10-29T14:48:21.045+0000: [ParNew: 16388K->4K(18432K), 0.0028007 secs] 324292K->307908K(631224K), 0.0028741 secs] [Times: user=0.00 sys=0.00, real=0.01 secs] 
2020-10-29T14:48:21.062+0000: [GC (Allocation Failure) 2020-10-29T14:48:21.062+0000: [ParNew: 16388K->4K(18432K), 0.0029426 secs] 324292K->307908K(631224K), 0.0030082 secs] [Times: user=0.01 sys=0.00, real=0.00 secs] 
2020-10-29T14:48:21.079+0000: [GC (Allocation Failure) 2020-10-29T14:48:21.079+0000: [ParNew: 16388K->4K(18432K), 0.0029575 secs] 324292K->307908K(631224K), 0.0030226 secs] [Times: user=0.01 sys=0.00, real=0.00 secs] 
2020-10-29T14:48:21.097+0000: [GC (Allocation Failure) 2020-10-29T14:48:21.097+0000: [ParNew: 16388K->4K(18432K), 0.0028323 secs] 324292K->307908K(631224K), 0.0028910 secs] [Times: user=0.01 sys=0.00, real=0.00 secs] 
2020-10-29T14:48:21.115+0000: [GC (Allocation Failure) 2020-10-29T14:48:21.115+0000: [ParNew: 16388K->4K(18432K), 0.0028419 secs] 324292K->307908K(631224K), 0.0029036 secs] [Times: user=0.01 sys=0.00, real=0.00 secs] 
2020-10-29T14:48:21.132+0000: [GC (Allocation Failure) 2020-10-29T14:48:21.132+0000: [ParNew: 16388K->4K(18432K), 0.0024493 secs] 324292K->307908K(631224K), 0.0024995 secs] [Times: user=0.01 sys=0.00, real=0.00 secs] 
2020-10-29T14:48:21.149+0000: [GC (Allocation Failure) 2020-10-29T14:48:21.149+0000: [ParNew: 16388K->4K(18432K), 0.0025889 secs] 324292K->307908K(631224K), 0.0026430 secs] [Times: user=0.00 sys=0.00, real=0.00 secs] 
2020-10-29T14:48:21.166+0000: [GC (Allocation Failure) 2020-10-29T14:48:21.166+0000: [ParNew: 16388K->4K(18432K), 0.0025286 secs] 324292K->307908K(631224K), 0.0025820 secs] [Times: user=0.01 sys=0.00, real=0.01 secs] 
2020-10-29T14:48:21.187+0000: [GC (Allocation Failure) 2020-10-29T14:48:21.187+0000: [ParNew: 16388K->4K(18432K), 0.0027220 secs] 324292K->307908K(631224K), 0.0027744 secs] [Times: user=0.00 sys=0.00, real=0.00 secs] 
2020-10-29T14:48:21.207+0000: [GC (Allocation Failure) 2020-10-29T14:48:21.207+0000: [ParNew: 16388K->4K(18432K), 0.0029833 secs] 324292K->307908K(631224K), 0.0030509 secs] [Times: user=0.01 sys=0.00, real=0.00 secs] 
2020-10-29T14:48:21.224+0000: [GC (Allocation Failure) 2020-10-29T14:48:21.224+0000: [ParNew: 16388K->4K(18432K), 0.0027869 secs] 324292K->307908K(631224K), 0.0028438 secs] [Times: user=0.00 sys=0.00, real=0.01 secs] 
2020-10-29T14:48:21.243+0000: [GC (Allocation Failure) 2020-10-29T14:48:21.243+0000: [ParNew: 16388K->4K(18432K), 0.0027830 secs] 324292K->307908K(631224K), 0.0028453 secs] [Times: user=0.00 sys=0.00, real=0.00 secs] 
2020-10-29T14:48:21.260+0000: [GC (Allocation Failure) 2020-10-29T14:48:21.260+0000: [ParNew: 16388K->4K(18432K), 0.0025154 secs] 324292K->307908K(631224K), 0.0025674 secs] [Times: user=0.01 sys=0.00, real=0.00 secs] 
2020-10-29T14:48:21.279+0000: [GC (Allocation Failure) 2020-10-29T14:48:21.279+0000: [ParNew: 16388K->4K(18432K), 0.0026410 secs] 324292K->307908K(631224K), 0.0026959 secs] [Times: user=0.00 sys=0.00, real=0.00 secs] 
2020-10-29T14:48:21.296+0000: [GC (Allocation Failure) 2020-10-29T14:48:21.296+0000: [ParNew: 16388K->4K(18432K), 0.0029401 secs] 324292K->307908K(631224K), 0.0030056 secs] [Times: user=0.01 sys=0.00, real=0.00 secs] 
2020-10-29T14:48:21.315+0000: [GC (Allocation Failure) 2020-10-29T14:48:21.315+0000: [ParNew: 16388K->4K(18432K), 0.0026832 secs] 324292K->307908K(631224K), 0.0027401 secs] [Times: user=0.01 sys=0.00, real=0.00 secs] 
2020-10-29T14:48:21.332+0000: [GC (Allocation Failure) 2020-10-29T14:48:21.332+0000: [ParNew: 16388K->4K(18432K), 0.0027660 secs] 324292K->307908K(631224K), 0.0028244 secs] [Times: user=0.01 sys=0.00, real=0.00 secs] 
2020-10-29T14:48:21.349+0000: [GC (Allocation Failure) 2020-10-29T14:48:21.349+0000: [ParNew: 16388K->4K(18432K), 0.0024015 secs] 324292K->307908K(631224K), 0.0024590 secs] [Times: user=0.00 sys=0.00, real=0.00 secs] 
2020-10-29T14:48:21.367+0000: [GC (Allocation Failure) 2020-10-29T14:48:21.367+0000: [ParNew: 16388K->4K(18432K), 0.0027595 secs] 324292K->307908K(631224K), 0.0028193 secs] [Times: user=0.01 sys=0.00, real=0.00 secs] 
2020-10-29T14:48:21.384+0000: [GC (Allocation Failure) 2020-10-29T14:48:21.384+0000: [ParNew: 16388K->4K(18432K), 0.0024459 secs] 324292K->307908K(631224K), 0.0024950 secs] [Times: user=0.00 sys=0.00, real=0.00 secs] 
2020-10-29T14:48:21.403+0000: [GC (Allocation Failure) 2020-10-29T14:48:21.403+0000: [ParNew: 16388K->4K(18432K), 0.0027572 secs] 324292K->307908K(631224K), 0.0028178 secs] [Times: user=0.00 sys=0.00, real=0.00 secs] 
2020-10-29T14:48:21.420+0000: [GC (Allocation Failure) 2020-10-29T14:48:21.420+0000: [ParNew: 16388K->4K(18432K), 0.0027669 secs] 324292K->307908K(631224K), 0.0028258 secs] [Times: user=0.01 sys=0.00, real=0.00 secs] 
2020-10-29T14:48:21.439+0000: [GC (Allocation Failure) 2020-10-29T14:48:21.439+0000: [ParNew: 16388K->4K(18432K), 0.0027662 secs] 324292K->307908K(631224K), 0.0028264 secs] [Times: user=0.01 sys=0.00, real=0.00 secs] 
2020-10-29T14:48:21.459+0000: [GC (Allocation Failure) 2020-10-29T14:48:21.459+0000: [ParNew: 16388K->4K(18432K), 0.0029554 secs] 324292K->307908K(631224K), 0.0030210 secs] [Times: user=0.00 sys=0.00, real=0.00 secs] 
2020-10-29T14:48:21.479+0000: [GC (Allocation Failure) 2020-10-29T14:48:21.479+0000: [ParNew: 16388K->4K(18432K), 0.0029783 secs] 324292K->307908K(631224K), 0.0030455 secs] [Times: user=0.01 sys=0.00, real=0.00 secs] 
2020-10-29T14:48:21.499+0000: [GC (Allocation Failure) 2020-10-29T14:48:21.499+0000: [ParNew: 16388K->4K(18432K), 0.0029758 secs] 324292K->307908K(631224K), 0.0030419 secs] [Times: user=0.01 sys=0.00, real=0.00 secs] 
2020-10-29T14:48:21.518+0000: [GC (Allocation Failure) 2020-10-29T14:48:21.518+0000: [ParNew: 16388K->4K(18432K), 0.0030239 secs] 324292K->307908K(631224K), 0.0031030 secs] [Times: user=0.01 sys=0.00, real=0.00 secs] 
2020-10-29T14:48:21.536+0000: [GC (Allocation Failure) 2020-10-29T14:48:21.536+0000: [ParNew: 16388K->4K(18432K), 0.0031552 secs] 324292K->307908K(631224K), 0.0032210 secs] [Times: user=0.01 sys=0.00, real=0.00 secs] 
2020-10-29T14:48:21.555+0000: [GC (Allocation Failure) 2020-10-29T14:48:21.555+0000: [ParNew: 16388K->4K(18432K), 0.0026204 secs] 324292K->307908K(631224K), 0.0026753 secs] [Times: user=0.00 sys=0.00, real=0.00 secs] 
2020-10-29T14:48:21.572+0000: [GC (Allocation Failure) 2020-10-29T14:48:21.572+0000: [ParNew: 16388K->4K(18432K), 0.0029614 secs] 324292K->307908K(631224K), 0.0030238 secs] [Times: user=0.00 sys=0.00, real=0.01 secs] 
2020-10-29T14:48:21.589+0000: [GC (Allocation Failure) 2020-10-29T14:48:21.589+0000: [ParNew: 16388K->4K(18432K), 0.0030723 secs] 324292K->307908K(631224K), 0.0031412 secs] [Times: user=0.00 sys=0.00, real=0.00 secs] 
2020-10-29T14:48:21.607+0000: [GC (Allocation Failure) 2020-10-29T14:48:21.607+0000: [ParNew: 16388K->4K(18432K), 0.0029771 secs] 324292K->307908K(631224K), 0.0030456 secs] [Times: user=0.01 sys=0.00, real=0.00 secs] 
2020-10-29T14:48:21.627+0000: [GC (Allocation Failure) 2020-10-29T14:48:21.627+0000: [ParNew: 16388K->4K(18432K), 0.0030948 secs] 324292K->307908K(631224K), 0.0031631 secs] [Times: user=0.00 sys=0.00, real=0.00 secs] 
2020-10-29T14:48:21.644+0000: [GC (Allocation Failure) 2020-10-29T14:48:21.644+0000: [ParNew: 16388K->4K(18432K), 0.0029481 secs] 324292K->307908K(631224K), 0.0030118 secs] [Times: user=0.00 sys=0.00, real=0.01 secs] 
2020-10-29T14:48:21.662+0000: [GC (Allocation Failure) 2020-10-29T14:48:21.662+0000: [ParNew: 16388K->4K(18432K), 0.0030069 secs] 324292K->307908K(631224K), 0.0030733 secs] [Times: user=0.01 sys=0.00, real=0.00 secs] 
2020-10-29T14:48:21.679+0000: [GC (Allocation Failure) 2020-10-29T14:48:21.679+0000: [ParNew: 16388K->4K(18432K), 0.0028840 secs] 324292K->307908K(631224K), 0.0029466 secs] [Times: user=0.00 sys=0.00, real=0.00 secs] 
2020-10-29T14:48:21.699+0000: [GC (Allocation Failure) 2020-10-29T14:48:21.699+0000: [ParNew: 16388K->4K(18432K), 0.0027045 secs] 324292K->307908K(631224K), 0.0027617 secs] [Times: user=0.01 sys=0.00, real=0.00 secs] 
2020-10-29T14:48:21.716+0000: [GC (Allocation Failure) 2020-10-29T14:48:21.716+0000: [ParNew: 16388K->4K(18432K), 0.0029932 secs] 324292K->307908K(631224K), 0.0030598 secs] [Times: user=0.01 sys=0.00, real=0.00 secs] 
2020-10-29T14:48:21.733+0000: [GC (Allocation Failure) 2020-10-29T14:48:21.733+0000: [ParNew: 16388K->4K(18432K), 0.0029913 secs] 324292K->307908K(631224K), 0.0030597 secs] [Times: user=0.00 sys=0.00, real=0.01 secs] 
2020-10-29T14:48:21.751+0000: [GC (Allocation Failure) 2020-10-29T14:48:21.751+0000: [ParNew: 16388K->4K(18432K), 0.0030057 secs] 324292K->307908K(631224K), 0.0030714 secs] [Times: user=0.01 sys=0.00, real=0.00 secs] 
2020-10-29T14:48:21.768+0000: [GC (Allocation Failure) 2020-10-29T14:48:21.768+0000: [ParNew: 16388K->4K(18432K), 0.0028308 secs] 324292K->307908K(631224K), 0.0028910 secs] [Times: user=0.00 sys=0.00, real=0.00 secs] 
2020-10-29T14:48:21.787+0000: [GC (Allocation Failure) 2020-10-29T14:48:21.787+0000: [ParNew: 16388K->4K(18432K), 0.0026991 secs] 324292K->307908K(631224K), 0.0027564 secs] [Times: user=0.01 sys=0.00, real=0.00 secs] 
2020-10-29T14:48:21.807+0000: [GC (Allocation Failure) 2020-10-29T14:48:21.807+0000: [ParNew: 16388K->4K(18432K), 0.0029814 secs] 324292K->307908K(631224K), 0.0030498 secs] [Times: user=0.01 sys=0.00, real=0.00 secs] 
2020-10-29T14:48:21.827+0000: [GC (Allocation Failure) 2020-10-29T14:48:21.827+0000: [ParNew: 16388K->4K(18432K), 0.0029714 secs] 324292K->307908K(631224K), 0.0030394 secs] [Times: user=0.00 sys=0.00, real=0.00 secs] 
2020-10-29T14:48:21.844+0000: [GC (Allocation Failure) 2020-10-29T14:48:21.844+0000: [ParNew: 16388K->4K(18432K), 0.0029382 secs] 324292K->307908K(631224K), 0.0030026 secs] [Times: user=0.01 sys=0.00, real=0.01 secs] 
2020-10-29T14:48:21.863+0000: [GC (Allocation Failure) 2020-10-29T14:48:21.863+0000: [ParNew: 16388K->4K(18432K), 0.0029834 secs] 324292K->307908K(631224K), 0.0030479 secs] [Times: user=0.00 sys=0.00, real=0.00 secs] 
2020-10-29T14:48:21.880+0000: [GC (Allocation Failure) 2020-10-29T14:48:21.880+0000: [ParNew: 16388K->4K(18432K), 0.0029369 secs] 324292K->307908K(631224K), 0.0030013 secs] [Times: user=0.01 sys=0.00, real=0.00 secs] 
2020-10-29T14:48:21.902+0000: [GC (Allocation Failure) 2020-10-29T14:48:21.902+0000: [ParNew: 16388K->4K(18432K), 0.0028340 secs] 324292K->307908K(631224K), 0.0028947 secs] [Times: user=0.00 sys=0.00, real=0.00 secs] 
2020-10-29T14:48:21.923+0000: [GC (Allocation Failure) 2020-10-29T14:48:21.923+0000: [ParNew: 16388K->4K(18432K), 0.0030159 secs] 324292K->307908K(631224K), 0.0030838 secs] [Times: user=0.01 sys=0.00, real=0.00 secs] 
2020-10-29T14:48:21.940+0000: [GC (Allocation Failure) 2020-10-29T14:48:21.940+0000: [ParNew: 16388K->4K(18432K), 0.0030356 secs] 324292K->307908K(631224K), 0.0031040 secs] [Times: user=0.00 sys=0.00, real=0.00 secs] 
2020-10-29T14:48:21.958+0000: [GC (Allocation Failure) 2020-10-29T14:48:21.958+0000: [ParNew: 16388K->4K(18432K), 0.0029994 secs] 324292K->307908K(631224K), 0.0030691 secs] [Times: user=0.00 sys=0.00, real=0.00 secs] 
2020-10-29T14:48:21.976+0000: [GC (Allocation Failure) 2020-10-29T14:48:21.976+0000: [ParNew: 16388K->4K(18432K), 0.0029763 secs] 324292K->307908K(631224K), 0.0030416 secs] [Times: user=0.01 sys=0.00, real=0.00 secs] 
2020-10-29T14:48:21.995+0000: [GC (Allocation Failure) 2020-10-29T14:48:21.995+0000: [ParNew: 16388K->4K(18432K), 0.0028418 secs] 324292K->307908K(631224K), 0.0029060 secs] [Times: user=0.00 sys=0.00, real=0.00 secs] 
2020-10-29T14:48:22.013+0000: [GC (Allocation Failure) 2020-10-29T14:48:22.013+0000: [ParNew: 16388K->4K(18432K), 0.0028569 secs] 324292K->307908K(631224K), 0.0029239 secs] [Times: user=0.00 sys=0.00, real=0.01 secs] 
2020-10-29T14:48:22.031+0000: [GC (Allocation Failure) 2020-10-29T14:48:22.031+0000: [ParNew: 16388K->4K(18432K), 0.0026866 secs] 324292K->307908K(631224K), 0.0027418 secs] [Times: user=0.01 sys=0.00, real=0.00 secs] 
2020-10-29T14:48:22.048+0000: [GC (Allocation Failure) 2020-10-29T14:48:22.048+0000: [ParNew: 16388K->4K(18432K), 0.0029925 secs] 324292K->307908K(631224K), 0.0030595 secs] [Times: user=0.00 sys=0.00, real=0.00 secs] 
2020-10-29T14:48:22.065+0000: [GC (Allocation Failure) 2020-10-29T14:48:22.065+0000: [ParNew: 16388K->4K(18432K), 0.0027735 secs] 324292K->307908K(631224K), 0.0028403 secs] [Times: user=0.01 sys=0.00, real=0.01 secs] 
2020-10-29T14:48:22.087+0000: [GC (Allocation Failure) 2020-10-29T14:48:22.087+0000: [ParNew: 16388K->4K(18432K), 0.0029253 secs] 324292K->307908K(631224K), 0.0029902 secs] [Times: user=0.00 sys=0.00, real=0.00 secs] 
2020-10-29T14:48:22.107+0000: [GC (Allocation Failure) 2020-10-29T14:48:22.107+0000: [ParNew: 16388K->4K(18432K), 0.0030498 secs] 324292K->307908K(631224K), 0.0031175 secs] [Times: user=0.01 sys=0.00, real=0.00 secs] 
2020-10-29T14:48:22.124+0000: [GC (Allocation Failure) 2020-10-29T14:48:22.124+0000: [ParNew: 16388K->4K(18432K), 0.0030307 secs] 324292K->307908K(631224K), 0.0030996 secs] [Times: user=0.01 sys=0.00, real=0.01 secs] 
2020-10-29T14:48:22.142+0000: [GC (Allocation Failure) 2020-10-29T14:48:22.142+0000: [ParNew: 16388K->4K(18432K), 0.0030794 secs] 324292K->307908K(631224K), 0.0031474 secs] [Times: user=0.00 sys=0.00, real=0.00 secs] 
2020-10-29T14:48:22.159+0000: [GC (Allocation Failure) 2020-10-29T14:48:22.160+0000: [ParNew: 16388K->4K(18432K), 0.0029977 secs] 324292K->307908K(631224K), 0.0030684 secs] [Times: user=0.01 sys=0.00, real=0.00 secs] 
2020-10-29T14:48:22.177+0000: [GC (Allocation Failure) 2020-10-29T14:48:22.177+0000: [ParNew: 16388K->4K(18432K), 0.0029980 secs] 324292K->307908K(631224K), 0.0030645 secs] [Times: user=0.01 sys=0.00, real=0.00 secs] 
2020-10-29T14:48:22.194+0000: [GC (Allocation Failure) 2020-10-29T14:48:22.194+0000: [ParNew: 16388K->4K(18432K), 0.0026540 secs] 324292K->307908K(631224K), 0.0027064 secs] [Times: user=0.00 sys=0.00, real=0.01 secs] 
2020-10-29T14:48:22.215+0000: [GC (Allocation Failure) 2020-10-29T14:48:22.215+0000: [ParNew: 16388K->4K(18432K), 0.0024186 secs] 324292K->307908K(631224K), 0.0024710 secs] [Times: user=0.01 sys=0.00, real=0.00 secs] 
2020-10-29T14:48:22.235+0000: [GC (Allocation Failure) 2020-10-29T14:48:22.235+0000: [ParNew: 16388K->6K(18432K), 0.0025065 secs] 324292K->307910K(631224K), 0.0025584 secs] [Times: user=0.01 sys=0.00, real=0.00 secs] 
2020-10-29T14:48:22.252+0000: [GC (Allocation Failure) 2020-10-29T14:48:22.252+0000: [ParNew: 16390K->4K(18432K), 0.0024855 secs] 324294K->307908K(631224K), 0.0025371 secs] [Times: user=0.01 sys=0.00, real=0.00 secs] 
2020-10-29T14:48:22.268+0000: [GC (Allocation Failure) 2020-10-29T14:48:22.268+0000: [ParNew: 16388K->4K(18432K), 0.0025990 secs] 324292K->307908K(631224K), 0.0026493 secs] [Times: user=0.00 sys=0.00, real=0.00 secs] 
2020-10-29T14:48:22.285+0000: [GC (Allocation Failure) 2020-10-29T14:48:22.285+0000: [ParNew: 16388K->4K(18432K), 0.0024798 secs] 324292K->307908K(631224K), 0.0025295 secs] [Times: user=0.01 sys=0.00, real=0.01 secs] 
2020-10-29T14:48:22.302+0000: [GC (Allocation Failure) 2020-10-29T14:48:22.302+0000: [ParNew: 16388K->4K(18432K), 0.0024291 secs] 324292K->307908K(631224K), 0.0024783 secs] [Times: user=0.01 sys=0.00, real=0.00 secs] 
2020-10-29T14:48:22.323+0000: [GC (Allocation Failure) 2020-10-29T14:48:22.323+0000: [ParNew: 16388K->4K(18432K), 0.0024782 secs] 324292K->307908K(631224K), 0.0025312 secs] [Times: user=0.00 sys=0.00, real=0.00 secs] 
2020-10-29T14:48:22.343+0000: [GC (Allocation Failure) 2020-10-29T14:48:22.343+0000: [ParNew: 16388K->4K(18432K), 0.0026236 secs] 324292K->307908K(631224K), 0.0026816 secs] [Times: user=0.01 sys=0.00, real=0.00 secs] 
2020-10-29T14:48:22.360+0000: [GC (Allocation Failure) 2020-10-29T14:48:22.360+0000: [ParNew: 16388K->4K(18432K), 0.0025748 secs] 324292K->307908K(631224K), 0.0026283 secs] [Times: user=0.01 sys=0.00, real=0.00 secs] 
2020-10-29T14:48:22.377+0000: [GC (Allocation Failure) 2020-10-29T14:48:22.377+0000: [ParNew: 16388K->4K(18432K), 0.0029099 secs] 324292K->307908K(631224K), 0.0029740 secs] [Times: user=0.00 sys=0.00, real=0.00 secs] 
2020-10-29T14:48:22.394+0000: [GC (Allocation Failure) 2020-10-29T14:48:22.394+0000: [ParNew: 16388K->4K(18432K), 0.0030293 secs] 324292K->307908K(631224K), 0.0030954 secs] [Times: user=0.01 sys=0.00, real=0.01 secs] 
2020-10-29T14:48:22.411+0000: [GC (Allocation Failure) 2020-10-29T14:48:22.411+0000: [ParNew: 16388K->4K(18432K), 0.0028867 secs] 324292K->307908K(631224K), 0.0029517 secs] [Times: user=0.00 sys=0.00, real=0.00 secs] 
2020-10-29T14:48:22.429+0000: [GC (Allocation Failure) 2020-10-29T14:48:22.429+0000: [ParNew: 16388K->4K(18432K), 0.0029681 secs] 324292K->307908K(631224K), 0.0030415 secs] [Times: user=0.00 sys=0.00, real=0.00 secs] 
2020-10-29T14:48:22.446+0000: [GC (Allocation Failure) 2020-10-29T14:48:22.446+0000: [ParNew: 16388K->4K(18432K), 0.0029766 secs] 324292K->307908K(631224K), 0.0030411 secs] [Times: user=0.01 sys=0.00, real=0.01 secs] 
2020-10-29T14:48:22.467+0000: [GC (Allocation Failure) 2020-10-29T14:48:22.467+0000: [ParNew: 16388K->4K(18432K), 0.0031578 secs] 324292K->307908K(631224K), 0.0032300 secs] [Times: user=0.01 sys=0.00, real=0.00 secs] 
2020-10-29T14:48:22.485+0000: [GC (Allocation Failure) 2020-10-29T14:48:22.485+0000: [ParNew: 16388K->4K(18432K), 0.0030992 secs] 324292K->307908K(631224K), 0.0031677 secs] [Times: user=0.01 sys=0.00, real=0.01 secs] 
2020-10-29T14:48:22.503+0000: [GC (Allocation Failure) 2020-10-29T14:48:22.503+0000: [ParNew: 16388K->4K(18432K), 0.0029623 secs] 324292K->307908K(631224K), 0.0030289 secs] [Times: user=0.00 sys=0.00, real=0.00 secs] 
2020-10-29T14:48:22.521+0000: [GC (Allocation Failure) 2020-10-29T14:48:22.521+0000: [ParNew: 16388K->4K(18432K), 0.0030826 secs] 324292K->307908K(631224K), 0.0031603 secs] [Times: user=0.01 sys=0.00, real=0.00 secs] 
2020-10-29T14:48:22.538+0000: [GC (Allocation Failure) 2020-10-29T14:48:22.538+0000: [ParNew: 16388K->4K(18432K), 0.0030021 secs] 324292K->307908K(631224K), 0.0030769 secs] [Times: user=0.01 sys=0.00, real=0.00 secs] 
2020-10-29T14:48:22.556+0000: [GC (Allocation Failure) 2020-10-29T14:48:22.556+0000: [ParNew: 16388K->4K(18432K), 0.0029945 secs] 324292K->307908K(631224K), 0.0030601 secs] [Times: user=0.00 sys=0.00, real=0.00 secs] 
2020-10-29T14:48:22.575+0000: [GC (Allocation Failure) 2020-10-29T14:48:22.575+0000: [ParNew: 16388K->6K(18432K), 0.0028782 secs] 324292K->307911K(631224K), 0.0029413 secs] [Times: user=0.01 sys=0.00, real=0.00 secs] 
2020-10-29T14:48:22.592+0000: [GC (Allocation Failure) 2020-10-29T14:48:22.592+0000: [ParNew: 16390K->4K(18432K), 0.0030277 secs] 324295K->307908K(631224K), 0.0030950 secs] [Times: user=0.00 sys=0.00, real=0.01 secs] 
2020-10-29T14:48:22.610+0000: [GC (Allocation Failure) 2020-10-29T14:48:22.610+0000: [ParNew: 16388K->4K(18432K), 0.0029786 secs] 324292K->307908K(631224K), 0.0030466 secs] [Times: user=0.00 sys=0.00, real=0.00 secs] 
2020-10-29T14:48:22.627+0000: [GC (Allocation Failure) 2020-10-29T14:48:22.627+0000: [ParNew: 16388K->6K(18432K), 0.0027922 secs] 324292K->307911K(631224K), 0.0028516 secs] [Times: user=0.00 sys=0.00, real=0.00 secs] 
2020-10-29T14:48:22.647+0000: [GC (Allocation Failure) 2020-10-29T14:48:22.647+0000: [ParNew: 16390K->6K(18432K), 0.0025264 secs] 324295K->307911K(631224K), 0.0025809 secs] [Times: user=0.01 sys=0.00, real=0.00 secs] 
2020-10-29T14:48:22.667+0000: [GC (Allocation Failure) 2020-10-29T14:48:22.667+0000: [ParNew: 16390K->6K(18432K), 0.0027390 secs] 324295K->307911K(631224K), 0.0027962 secs] [Times: user=0.01 sys=0.00, real=0.00 secs] 
2020-10-29T14:48:22.684+0000: [GC (Allocation Failure) 2020-10-29T14:48:22.684+0000: [ParNew: 16390K->4K(18432K), 0.0030047 secs] 324295K->307909K(631224K), 0.0030715 secs] [Times: user=0.01 sys=0.00, real=0.01 secs] 
2020-10-29T14:48:22.703+0000: [GC (Allocation Failure) 2020-10-29T14:48:22.703+0000: [ParNew: 16388K->4K(18432K), 0.0029543 secs] 324293K->307909K(631224K), 0.0030181 secs] [Times: user=0.01 sys=0.00, real=0.00 secs] 
2020-10-29T14:48:22.720+0000: [GC (Allocation Failure) 2020-10-29T14:48:22.720+0000: [ParNew: 16388K->4K(18432K), 0.0029794 secs] 324293K->307909K(631224K), 0.0030636 secs] [Times: user=0.01 sys=0.00, real=0.00 secs] 
2020-10-29T14:48:22.738+0000: [GC (Allocation Failure) 2020-10-29T14:48:22.738+0000: [ParNew: 16388K->4K(18432K), 0.0028879 secs] 324293K->307909K(631224K), 0.0029516 secs] [Times: user=0.01 sys=0.00, real=0.00 secs] 
2020-10-29T14:48:22.755+0000: [GC (Allocation Failure) 2020-10-29T14:48:22.755+0000: [ParNew: 16388K->4K(18432K), 0.0029379 secs] 324293K->307909K(631224K), 0.0030008 secs] [Times: user=0.00 sys=0.00, real=0.00 secs] 
2020-10-29T14:48:22.772+0000: [GC (Allocation Failure) 2020-10-29T14:48:22.772+0000: [ParNew: 16388K->4K(18432K), 0.0029694 secs] 324293K->307909K(631224K), 0.0030337 secs] [Times: user=0.00 sys=0.00, real=0.01 secs] 
2020-10-29T14:48:22.791+0000: [GC (Allocation Failure) 2020-10-29T14:48:22.791+0000: [ParNew: 16388K->4K(18432K), 0.0028276 secs] 324293K->307909K(631224K), 0.0028890 secs] [Times: user=0.01 sys=0.00, real=0.00 secs] 
2020-10-29T14:48:22.808+0000: [GC (Allocation Failure) 2020-10-29T14:48:22.808+0000: [ParNew: 16388K->4K(18432K), 0.0027387 secs] 324293K->307909K(631224K), 0.0027974 secs] [Times: user=0.01 sys=0.00, real=0.00 secs] 
2020-10-29T14:48:22.841+0000: [GC (Allocation Failure) 2020-10-29T14:48:22.841+0000: [ParNew: 16388K->8K(18432K), 0.0028609 secs] 324293K->307913K(631224K), 0.0029236 secs] [Times: user=0.01 sys=0.00, real=0.00 secs] 
2020-10-29T14:48:22.863+0000: [GC (Allocation Failure) 2020-10-29T14:48:22.863+0000: [ParNew: 16392K->8K(18432K), 0.0026922 secs] 324297K->307914K(631224K), 0.0027517 secs] [Times: user=0.01 sys=0.00, real=0.00 secs] 
2020-10-29T14:48:22.880+0000: [GC (Allocation Failure) 2020-10-29T14:48:22.880+0000: [ParNew: 16392K->7K(18432K), 0.0057602 secs] 324298K->307913K(631224K), 0.0058398 secs] [Times: user=0.01 sys=0.00, real=0.00 secs] 
2020-10-29T14:48:22.903+0000: [GC (Allocation Failure) 2020-10-29T14:48:22.903+0000: [ParNew: 16391K->7K(18432K), 0.0029520 secs] 324297K->307913K(631224K), 0.0030172 secs] [Times: user=0.00 sys=0.00, real=0.00 secs] 
2020-10-29T14:48:22.920+0000: [GC (Allocation Failure) 2020-10-29T14:48:22.920+0000: [ParNew: 16391K->7K(18432K), 0.0029725 secs] 324297K->307913K(631224K), 0.0030423 secs] [Times: user=0.01 sys=0.00, real=0.00 secs] 
2020-10-29T14:48:22.938+0000: [GC (Allocation Failure) 2020-10-29T14:48:22.938+0000: [ParNew: 16391K->7K(18432K), 0.0029934 secs] 324297K->307913K(631224K), 0.0030537 secs] [Times: user=0.00 sys=0.00, real=0.00 secs] 
2020-10-29T14:48:22.959+0000: [GC (Allocation Failure) 2020-10-29T14:48:22.959+0000: [ParNew: 16391K->4K(18432K), 0.0026097 secs] 324297K->307913K(631224K), 0.0026627 secs] [Times: user=0.00 sys=0.00, real=0.00 secs] 
2020-10-29T14:48:22.979+0000: [GC (Allocation Failure) 2020-10-29T14:48:22.979+0000: [ParNew: 16388K->4K(18432K), 0.0024632 secs] 324297K->307913K(631224K), 0.0025138 secs] [Times: user=0.00 sys=0.00, real=0.00 secs] 
2020-10-29T14:48:22.999+0000: [GC (Allocation Failure) 2020-10-29T14:48:22.999+0000: [ParNew: 16388K->4K(18432K), 0.0026977 secs] 324297K->307913K(631224K), 0.0027536 secs] [Times: user=0.01 sys=0.00, real=0.00 secs] 
2020-10-29T14:48:23.019+0000: [GC (Allocation Failure) 2020-10-29T14:48:23.019+0000: [ParNew: 16388K->4K(18432K), 0.0028423 secs] 324297K->307913K(631224K), 0.0029025 secs] [Times: user=0.00 sys=0.00, real=0.00 secs] 
2020-10-29T14:48:23.036+0000: [GC (Allocation Failure) 2020-10-29T14:48:23.036+0000: [ParNew: 16388K->4K(18432K), 0.0030746 secs] 324297K->307913K(631224K), 0.0031448 secs] [Times: user=0.00 sys=0.00, real=0.00 secs] 
2020-10-29T14:48:23.055+0000: [GC (Allocation Failure) 2020-10-29T14:48:23.055+0000: [ParNew: 16388K->4K(18432K), 0.0031236 secs] 324297K->307913K(631224K), 0.0031948 secs] [Times: user=0.01 sys=0.00, real=0.00 secs] 
2020-10-29T14:48:23.075+0000: [GC (Allocation Failure) 2020-10-29T14:48:23.075+0000: [ParNew: 16388K->4K(18432K), 0.0030526 secs] 324297K->307913K(631224K), 0.0031237 secs] [Times: user=0.01 sys=0.00, real=0.00 secs] 
2020-10-29T14:48:23.092+0000: [GC (Allocation Failure) 2020-10-29T14:48:23.092+0000: [ParNew: 16388K->4K(18432K), 0.0030233 secs] 324297K->307913K(631224K), 0.0030896 secs] [Times: user=0.00 sys=0.00, real=0.01 secs] 
2020-10-29T14:48:23.111+0000: [GC (Allocation Failure) 2020-10-29T14:48:23.111+0000: [ParNew: 16388K->4K(18432K), 0.0030133 secs] 324297K->307913K(631224K), 0.0030817 secs] [Times: user=0.00 sys=0.00, real=0.00 secs] 
2020-10-29T14:48:23.131+0000: [GC (Allocation Failure) 2020-10-29T14:48:23.131+0000: [ParNew: 16388K->4K(18432K), 0.0028513 secs] 324297K->307913K(631224K), 0.0029232 secs] [Times: user=0.01 sys=0.01, real=0.00 secs] 
2020-10-29T14:48:23.151+0000: [GC (Allocation Failure) 2020-10-29T14:48:23.151+0000: [ParNew: 16388K->4K(18432K), 0.0029736 secs] 324297K->307913K(631224K), 0.0030399 secs] [Times: user=0.00 sys=0.00, real=0.00 secs] 
2020-10-29T14:48:23.169+0000: [GC (Allocation Failure) 2020-10-29T14:48:23.169+0000: [ParNew: 16388K->4K(18432K), 0.0036541 secs] 324297K->307913K(631224K), 0.0037218 secs] [Times: user=0.01 sys=0.00, real=0.00 secs] 
2020-10-29T14:48:23.187+0000: [GC (Allocation Failure) 2020-10-29T14:48:23.187+0000: [ParNew: 16388K->4K(18432K), 0.0028110 secs] 324297K->307913K(631224K), 0.0028717 secs] [Times: user=0.00 sys=0.00, real=0.00 secs] 
2020-10-29T14:48:23.205+0000: [GC (Allocation Failure) 2020-10-29T14:48:23.205+0000: [ParNew: 16388K->4K(18432K), 0.0027259 secs] 324297K->307913K(631224K), 0.0027823 secs] [Times: user=0.01 sys=0.00, real=0.01 secs] 
2020-10-29T14:48:23.223+0000: [GC (Allocation Failure) 2020-10-29T14:48:23.223+0000: [ParNew: 16388K->4K(18432K), 0.0029981 secs] 324297K->307913K(631224K), 0.0030637 secs] [Times: user=0.01 sys=0.00, real=0.00 secs] 
2020-10-29T14:48:23.243+0000: [GC (Allocation Failure) 2020-10-29T14:48:23.243+0000: [ParNew: 16388K->4K(18432K), 0.0029704 secs] 324297K->307913K(631224K), 0.0030373 secs] [Times: user=0.00 sys=0.00, real=0.00 secs] 
2020-10-29T14:48:23.260+0000: [GC (Allocation Failure) 2020-10-29T14:48:23.260+0000: [ParNew: 16388K->4K(18432K), 0.0026659 secs] 324297K->307913K(631224K), 0.0027188 secs] [Times: user=0.01 sys=0.00, real=0.00 secs] 
2020-10-29T14:48:23.277+0000: [GC (Allocation Failure) 2020-10-29T14:48:23.277+0000: [ParNew: 16388K->4K(18432K), 0.0026783 secs] 324297K->307913K(631224K), 0.0027316 secs] [Times: user=0.00 sys=0.00, real=0.00 secs] 
2020-10-29T14:48:23.298+0000: [GC (Allocation Failure) 2020-10-29T14:48:23.298+0000: [ParNew: 16388K->4K(18432K), 0.0027891 secs] 324297K->307913K(631224K), 0.0028495 secs] [Times: user=0.01 sys=0.00, real=0.00 secs] 
2020-10-29T14:48:23.319+0000: [GC (Allocation Failure) 2020-10-29T14:48:23.319+0000: [ParNew: 16388K->4K(18432K), 0.0027927 secs] 324297K->307913K(631224K), 0.0028546 secs] [Times: user=0.00 sys=0.00, real=0.00 secs] 
2020-10-29T14:48:23.337+0000: [GC (Allocation Failure) 2020-10-29T14:48:23.337+0000: [ParNew: 16388K->4K(18432K), 0.0024753 secs] 324297K->307913K(631224K), 0.0025244 secs] [Times: user=0.00 sys=0.00, real=0.00 secs] 
2020-10-29T14:48:23.353+0000: [GC (Allocation Failure) 2020-10-29T14:48:23.353+0000: [ParNew: 16388K->4K(18432K), 0.0028388 secs] 324297K->307913K(631224K), 0.0029057 secs] [Times: user=0.00 sys=0.00, real=0.01 secs] 
2020-10-29T14:48:23.374+0000: [GC (Allocation Failure) 2020-10-29T14:48:23.375+0000: [ParNew: 16388K->4K(18432K), 0.0028727 secs] 324297K->307913K(631224K), 0.0029343 secs] [Times: user=0.00 sys=0.00, real=0.01 secs] 
2020-10-29T14:48:23.395+0000: [GC (Allocation Failure) 2020-10-29T14:48:23.395+0000: [ParNew: 16388K->4K(18432K), 0.0030383 secs] 324297K->307913K(631224K), 0.0031085 secs] [Times: user=0.01 sys=0.00, real=0.00 secs] 
2020-10-29T14:48:23.412+0000: [GC (Allocation Failure) 2020-10-29T14:48:23.412+0000: [ParNew: 16388K->4K(18432K), 0.0030243 secs] 324297K->307913K(631224K), 0.0030907 secs] [Times: user=0.01 sys=0.00, real=0.01 secs] 
2020-10-29T14:48:23.431+0000: [GC (Allocation Failure) 2020-10-29T14:48:23.431+0000: [ParNew: 16388K->4K(18432K), 0.0027930 secs] 324297K->307913K(631224K), 0.0028541 secs] [Times: user=0.00 sys=0.00, real=0.00 secs] 
2020-10-29T14:48:23.448+0000: [GC (Allocation Failure) 2020-10-29T14:48:23.448+0000: [ParNew: 16388K->4K(18432K), 0.0025494 secs] 324297K->307913K(631224K), 0.0026007 secs] [Times: user=0.00 sys=0.00, real=0.00 secs] 
2020-10-29T14:48:23.465+0000: [GC (Allocation Failure) 2020-10-29T14:48:23.465+0000: [ParNew: 16388K->4K(18432K), 0.0028091 secs] 324297K->307913K(631224K), 0.0028715 secs] [Times: user=0.01 sys=0.00, real=0.01 secs] 
2020-10-29T14:48:23.482+0000: [GC (Allocation Failure) 2020-10-29T14:48:23.482+0000: [ParNew: 16388K->4K(18432K), 0.0029703 secs] 324297K->307913K(631224K), 0.0030363 secs] [Times: user=0.00 sys=0.00, real=0.00 secs] 
2020-10-29T14:48:23.500+0000: [GC (Allocation Failure) 2020-10-29T14:48:23.500+0000: [ParNew: 16388K->4K(18432K), 0.0027933 secs] 324297K->307913K(631224K), 0.0028537 secs] [Times: user=0.01 sys=0.00, real=0.00 secs] 
2020-10-29T14:48:23.519+0000: [GC (Allocation Failure) 2020-10-29T14:48:23.519+0000: [ParNew: 16388K->4K(18432K), 0.0028335 secs] 324297K->307913K(631224K), 0.0028969 secs] [Times: user=0.00 sys=0.00, real=0.00 secs] 
2020-10-29T14:48:23.539+0000: [GC (Allocation Failure) 2020-10-29T14:48:23.539+0000: [ParNew: 16388K->4K(18432K), 0.0030077 secs] 324297K->307913K(631224K), 0.0030750 secs] [Times: user=0.00 sys=0.00, real=0.00 secs] 
2020-10-29T14:48:23.562+0000: [GC (Allocation Failure) 2020-10-29T14:48:23.562+0000: [ParNew: 16388K->4K(18432K), 0.0030150 secs] 324297K->307913K(631224K), 0.0031106 secs] [Times: user=0.00 sys=0.00, real=0.00 secs] 
2020-10-29T14:48:23.583+0000: [GC (Allocation Failure) 2020-10-29T14:48:23.583+0000: [ParNew: 16388K->4K(18432K), 0.0027640 secs] 324297K->307913K(631224K), 0.0028214 secs] [Times: user=0.01 sys=0.00, real=0.00 secs] 
2020-10-29T14:48:23.603+0000: [GC (Allocation Failure) 2020-10-29T14:48:23.603+0000: [ParNew: 16388K->4K(18432K), 0.0027779 secs] 324297K->307913K(631224K), 0.0028382 secs] [Times: user=0.00 sys=0.00, real=0.00 secs] 
2020-10-29T14:48:23.620+0000: [GC (Allocation Failure) 2020-10-29T14:48:23.620+0000: [ParNew: 16388K->4K(18432K), 0.0029879 secs] 324297K->307913K(631224K), 0.0030565 secs] [Times: user=0.00 sys=0.00, real=0.00 secs] 
2020-10-29T14:48:23.638+0000: [GC (Allocation Failure) 2020-10-29T14:48:23.638+0000: [ParNew: 16388K->4K(18432K), 0.0029662 secs] 324297K->307913K(631224K), 0.0030334 secs] [Times: user=0.01 sys=0.00, real=0.00 secs] 
2020-10-29T14:48:23.659+0000: [GC (Allocation Failure) 2020-10-29T14:48:23.659+0000: [ParNew: 16388K->4K(18432K), 0.0028983 secs] 324297K->307913K(631224K), 0.0029630 secs] [Times: user=0.00 sys=0.00, real=0.00 secs] 
2020-10-29T14:48:23.676+0000: [GC (Allocation Failure) 2020-10-29T14:48:23.676+0000: [ParNew: 16388K->4K(18432K), 0.0029406 secs] 324297K->307913K(631224K), 0.0030060 secs] [Times: user=0.01 sys=0.00, real=0.00 secs] 
2020-10-29T14:48:23.695+0000: [GC (Allocation Failure) 2020-10-29T14:48:23.695+0000: [ParNew: 16388K->4K(18432K), 0.0025549 secs] 324297K->307913K(631224K), 0.0026061 secs] [Times: user=0.01 sys=0.00, real=0.00 secs] 
2020-10-29T14:48:23.715+0000: [GC (Allocation Failure) 2020-10-29T14:48:23.715+0000: [ParNew: 16388K->4K(18432K), 0.0023428 secs] 324297K->307913K(631224K), 0.0023934 secs] [Times: user=0.00 sys=0.00, real=0.00 secs] 
2020-10-29T14:48:23.731+0000: [GC (Allocation Failure) 2020-10-29T14:48:23.732+0000: [ParNew: 16388K->4K(18432K), 0.0024034 secs] 324297K->307913K(631224K), 0.0024639 secs] [Times: user=0.00 sys=0.00, real=0.00 secs] 
2020-10-29T14:48:23.748+0000: [GC (Allocation Failure) 2020-10-29T14:48:23.748+0000: [ParNew: 16388K->4K(18432K), 0.0027374 secs] 324297K->307913K(631224K), 0.0027987 secs] [Times: user=0.00 sys=0.00, real=0.00 secs] 
2020-10-29T14:48:23.766+0000: [GC (Allocation Failure) 2020-10-29T14:48:23.766+0000: [ParNew: 16388K->4K(18432K), 0.0027532 secs] 324297K->307913K(631224K), 0.0028108 secs] [Times: user=0.00 sys=0.00, real=0.01 secs] 
2020-10-29T14:48:23.787+0000: [GC (Allocation Failure) 2020-10-29T14:48:23.787+0000: [ParNew: 16388K->4K(18432K), 0.0029782 secs] 324297K->307913K(631224K), 0.0030446 secs] [Times: user=0.01 sys=0.00, real=0.00 secs] 
2020-10-29T14:48:23.807+0000: [GC (Allocation Failure) 2020-10-29T14:48:23.807+0000: [ParNew: 16388K->4K(18432K), 0.0030832 secs] 324297K->307913K(631224K), 0.0031588 secs] [Times: user=0.01 sys=0.00, real=0.00 secs] 
2020-10-29T14:48:23.824+0000: [GC (Allocation Failure) 2020-10-29T14:48:23.825+0000: [ParNew: 16388K->4K(18432K), 0.0031268 secs] 324297K->307913K(631224K), 0.0031982 secs] [Times: user=0.01 sys=0.00, real=0.01 secs] 
2020-10-29T14:48:23.842+0000: [GC (Allocation Failure) 2020-10-29T14:48:23.842+0000: [ParNew: 16388K->4K(18432K), 0.0028907 secs] 324297K->307913K(631224K), 0.0029594 secs] [Times: user=0.00 sys=0.00, real=0.00 secs] 
2020-10-29T14:48:23.863+0000: [GC (Allocation Failure) 2020-10-29T14:48:23.863+0000: [ParNew: 16388K->4K(18432K), 0.0027201 secs] 324297K->307913K(631224K), 0.0027774 secs] [Times: user=0.00 sys=0.00, real=0.00 secs] 
2020-10-29T14:48:23.880+0000: [GC (Allocation Failure) 2020-10-29T14:48:23.880+0000: [ParNew: 16388K->4K(18432K), 0.0029131 secs] 324297K->307913K(631224K), 0.0029759 secs] [Times: user=0.01 sys=0.00, real=0.00 secs] 
2020-10-29T14:48:23.897+0000: [GC (Allocation Failure) 2020-10-29T14:48:23.897+0000: [ParNew: 16388K->4K(18432K), 0.0025387 secs] 324297K->307913K(631224K), 0.0025917 secs] [Times: user=0.01 sys=0.00, real=0.00 secs] 
2020-10-29T14:48:23.915+0000: [GC (Allocation Failure) 2020-10-29T14:48:23.915+0000: [ParNew: 16388K->4K(18432K), 0.0030934 secs] 324297K->307913K(631224K), 0.0031635 secs] [Times: user=0.01 sys=0.00, real=0.00 secs] 
2020-10-29T14:48:23.932+0000: [GC (Allocation Failure) 2020-10-29T14:48:23.932+0000: [ParNew: 16388K->4K(18432K), 0.0030960 secs] 324297K->307913K(631224K), 0.0031643 secs] [Times: user=0.00 sys=0.00, real=0.01 secs] 
2020-10-29T14:48:23.950+0000: [GC (Allocation Failure) 2020-10-29T14:48:23.950+0000: [ParNew: 16388K->4K(18432K), 0.0033208 secs] 324297K->307913K(631224K), 0.0033774 secs] [Times: user=0.01 sys=0.00, real=0.00 secs] 
2020-10-29T14:48:23.971+0000: [GC (Allocation Failure) 2020-10-29T14:48:23.971+0000: [ParNew: 16388K->4K(18432K), 0.0029737 secs] 324297K->307913K(631224K), 0.0030329 secs] [Times: user=0.01 sys=0.00, real=0.00 secs] 
2020-10-29T14:48:23.988+0000: [GC (Allocation Failure) 2020-10-29T14:48:23.988+0000: [ParNew: 16388K->4K(18432K), 0.0030051 secs] 324297K->307913K(631224K), 0.0030617 secs] [Times: user=0.01 sys=0.00, real=0.00 secs] 
2020-10-29T14:48:24.006+0000: [GC (Allocation Failure) 2020-10-29T14:48:24.006+0000: [ParNew: 16388K->4K(18432K), 0.0029394 secs] 324297K->307913K(631224K), 0.0030003 secs] [Times: user=0.01 sys=0.00, real=0.01 secs] 
2020-10-29T14:48:24.027+0000: [GC (Allocation Failure) 2020-10-29T14:48:24.027+0000: [ParNew: 16388K->4K(18432K), 0.0029652 secs] 324297K->307913K(631224K), 0.0030350 secs] [Times: user=0.01 sys=0.00, real=0.00 secs] 
2020-10-29T14:48:24.044+0000: [GC (Allocation Failure) 2020-10-29T14:48:24.044+0000: [ParNew: 16388K->4K(18432K), 0.0030418 secs] 324297K->307913K(631224K), 0.0031112 secs] [Times: user=0.00 sys=0.00, real=0.01 secs] 
2020-10-29T14:48:24.062+0000: [GC (Allocation Failure) 2020-10-29T14:48:24.062+0000: [ParNew: 16388K->4K(18432K), 0.0030282 secs] 324297K->307913K(631224K), 0.0030957 secs] [Times: user=0.01 sys=0.00, real=0.00 secs] 
2020-10-29T14:48:24.081+0000: [GC (Allocation Failure) 2020-10-29T14:48:24.081+0000: [ParNew: 16388K->4K(18432K), 0.0030061 secs] 324297K->307913K(631224K), 0.0030753 secs] [Times: user=0.00 sys=0.00, real=0.00 secs] 
2020-10-29T14:48:24.099+0000: [GC (Allocation Failure) 2020-10-29T14:48:24.099+0000: [ParNew: 16388K->4K(18432K), 0.0031176 secs] 324297K->307913K(631224K), 0.0031867 secs] [Times: user=0.00 sys=0.00, real=0.00 secs] 
2020-10-29T14:48:24.116+0000: [GC (Allocation Failure) 2020-10-29T14:48:24.116+0000: [ParNew: 16388K->4K(18432K), 0.0030222 secs] 324297K->307913K(631224K), 0.0030932 secs] [Times: user=0.01 sys=0.00, real=0.00 secs] 
2020-10-29T14:48:24.134+0000: [GC (Allocation Failure) 2020-10-29T14:48:24.134+0000: [ParNew: 16388K->4K(18432K), 0.0030777 secs] 324297K->307913K(631224K), 0.0031469 secs] [Times: user=0.01 sys=0.00, real=0.01 secs] 
2020-10-29T14:48:24.155+0000: [GC (Allocation Failure) 2020-10-29T14:48:24.155+0000: [ParNew: 16388K->4K(18432K), 0.0030439 secs] 324297K->307913K(631224K), 0.0031149 secs] [Times: user=0.00 sys=0.00, real=0.00 secs] 
2020-10-29T14:48:24.175+0000: [GC (Allocation Failure) 2020-10-29T14:48:24.175+0000: [ParNew: 16388K->4K(18432K), 0.0030206 secs] 324297K->307913K(631224K), 0.0030901 secs] [Times: user=0.00 sys=0.00, real=0.00 secs] 
2020-10-29T14:48:24.195+0000: [GC (Allocation Failure) 2020-10-29T14:48:24.195+0000: [ParNew: 16388K->4K(18432K), 0.0030016 secs] 324297K->307913K(631224K), 0.0030784 secs] [Times: user=0.01 sys=0.00, real=0.00 secs] 
2020-10-29T14:48:24.212+0000: [GC (Allocation Failure) 2020-10-29T14:48:24.212+0000: [ParNew: 16388K->4K(18432K), 0.0029053 secs] 324297K->307913K(631224K), 0.0029726 secs] [Times: user=0.00 sys=0.00, real=0.01 secs] 
2020-10-29T14:48:24.230+0000: [GC (Allocation Failure) 2020-10-29T14:48:24.230+0000: [ParNew: 16388K->4K(18432K), 0.0029996 secs] 324297K->307913K(631224K), 0.0030692 secs] [Times: user=0.01 sys=0.00, real=0.00 secs] 
2020-10-29T14:48:24.247+0000: [GC (Allocation Failure) 2020-10-29T14:48:24.247+0000: [ParNew: 16388K->4K(18432K), 0.0030338 secs] 324297K->307913K(631224K), 0.0031041 secs] [Times: user=0.00 sys=0.00, real=0.00 secs] 
2020-10-29T14:48:24.264+0000: [GC (Allocation Failure) 2020-10-29T14:48:24.265+0000: [ParNew: 16388K->4K(18432K), 0.0030406 secs] 324297K->307913K(631224K), 0.0031133 secs] [Times: user=0.01 sys=0.00, real=0.01 secs] 
2020-10-29T14:48:24.282+0000: [GC (Allocation Failure) 2020-10-29T14:48:24.282+0000: [ParNew: 16388K->4K(18432K), 0.0031042 secs] 324297K->307913K(631224K), 0.0031727 secs] [Times: user=0.01 sys=0.00, real=0.00 secs] 
2020-10-29T14:48:24.303+0000: [GC (Allocation Failure) 2020-10-29T14:48:24.303+0000: [ParNew: 16388K->4K(18432K), 0.0029133 secs] 324297K->307913K(631224K), 0.0029779 secs] [Times: user=0.01 sys=0.00, real=0.00 secs] 
2020-10-29T14:48:24.323+0000: [GC (Allocation Failure) 2020-10-29T14:48:24.323+0000: [ParNew: 16388K->4K(18432K), 0.0029265 secs] 324297K->307913K(631224K), 0.0030163 secs] [Times: user=0.01 sys=0.00, real=0.00 secs] 
2020-10-29T14:48:24.340+0000: [GC (Allocation Failure) 2020-10-29T14:48:24.340+0000: [ParNew: 16388K->4K(18432K), 0.0028143 secs] 324297K->307913K(631224K), 0.0028715 secs] [Times: user=0.01 sys=0.00, real=0.00 secs] 
2020-10-29T14:48:24.357+0000: [GC (Allocation Failure) 2020-10-29T14:48:24.357+0000: [ParNew: 16388K->4K(18432K), 0.0024444 secs] 324297K->307913K(631224K), 0.0024947 secs] [Times: user=0.00 sys=0.00, real=0.00 secs] 
2020-10-29T14:48:24.375+0000: [GC (Allocation Failure) 2020-10-29T14:48:24.375+0000: [ParNew: 16388K->4K(18432K), 0.0026308 secs] 324297K->307913K(631224K), 0.0026870 secs] [Times: user=0.00 sys=0.00, real=0.00 secs] 
2020-10-29T14:48:24.392+0000: [GC (Allocation Failure) 2020-10-29T14:48:24.392+0000: [ParNew: 16388K->4K(18432K), 0.0028118 secs] 324297K->307913K(631224K), 0.0028719 secs] [Times: user=0.01 sys=0.00, real=0.01 secs] 
2020-10-29T14:48:24.409+0000: [GC (Allocation Failure) 2020-10-29T14:48:24.409+0000: [ParNew: 16388K->4K(18432K), 0.0028346 secs] 324297K->307913K(631224K), 0.0028949 secs] [Times: user=0.00 sys=0.00, real=0.00 secs] 
2020-10-29T14:48:24.426+0000: [GC (Allocation Failure) 2020-10-29T14:48:24.426+0000: [ParNew: 16388K->4K(18432K), 0.0029135 secs] 324297K->307913K(631224K), 0.0029788 secs] [Times: user=0.00 sys=0.00, real=0.01 secs] 
2020-10-29T14:48:24.444+0000: [GC (Allocation Failure) 2020-10-29T14:48:24.444+0000: [ParNew: 16388K->4K(18432K), 0.0029139 secs] 324297K->307913K(631224K), 0.0029742 secs] [Times: user=0.01 sys=0.00, real=0.00 secs] 
2020-10-29T14:48:24.461+0000: [GC (Allocation Failure) 2020-10-29T14:48:24.461+0000: [ParNew: 16388K->4K(18432K), 0.0027737 secs] 324297K->307913K(631224K), 0.0028326 secs] [Times: user=0.01 sys=0.00, real=0.00 secs] 
2020-10-29T14:48:24.478+0000: [GC (Allocation Failure) 2020-10-29T14:48:24.478+0000: [ParNew: 16388K->4K(18432K), 0.0031273 secs] 324297K->307913K(631224K), 0.0031897 secs] [Times: user=0.00 sys=0.00, real=0.00 secs] 
2020-10-29T14:48:24.499+0000: [GC (Allocation Failure) 2020-10-29T14:48:24.499+0000: [ParNew: 16388K->4K(18432K), 0.0029740 secs] 324297K->307913K(631224K), 0.0030398 secs] [Times: user=0.01 sys=0.00, real=0.00 secs] 
2020-10-29T14:48:24.516+0000: [GC (Allocation Failure) 2020-10-29T14:48:24.516+0000: [ParNew: 16388K->4K(18432K), 0.0028772 secs] 324297K->307913K(631224K), 0.0029358 secs] [Times: user=0.00 sys=0.00, real=0.00 secs] 
2020-10-29T14:48:24.533+0000: [GC (Allocation Failure) 2020-10-29T14:48:24.534+0000: [ParNew: 16388K->4K(18432K), 0.0027023 secs] 324297K->307913K(631224K), 0.0027585 secs] [Times: user=0.01 sys=0.00, real=0.01 secs] 
2020-10-29T14:48:24.551+0000: [GC (Allocation Failure) 2020-10-29T14:48:24.551+0000: [ParNew: 16388K->4K(18432K), 0.0058501 secs] 324297K->307913K(631224K), 0.0059125 secs] [Times: user=0.00 sys=0.00, real=0.01 secs] 
2020-10-29T14:48:24.572+0000: [GC (Allocation Failure) 2020-10-29T14:48:24.572+0000: [ParNew: 16388K->4K(18432K), 0.0029295 secs] 324297K->307913K(631224K), 0.0029949 secs] [Times: user=0.01 sys=0.00, real=0.00 secs] 
2020-10-29T14:48:24.589+0000: [GC (Allocation Failure) 2020-10-29T14:48:24.589+0000: [ParNew: 16388K->4K(18432K), 0.0028647 secs] 324297K->307913K(631224K), 0.0029272 secs] [Times: user=0.01 sys=0.00, real=0.00 secs] 
2020-10-29T14:48:24.606+0000: [GC (Allocation Failure) 2020-10-29T14:48:24.606+0000: [ParNew: 16388K->4K(18432K), 0.0031729 secs] 324297K->307913K(631224K), 0.0032446 secs] [Times: user=0.01 sys=0.00, real=0.01 secs] 
2020-10-29T14:48:24.624+0000: [GC (Allocation Failure) 2020-10-29T14:48:24.624+0000: [ParNew: 16388K->4K(18432K), 0.0030425 secs] 324297K->307913K(631224K), 0.0031100 secs] [Times: user=0.00 sys=0.00, real=0.01 secs] 
2020-10-29T14:48:24.643+0000: [GC (Allocation Failure) 2020-10-29T14:48:24.643+0000: [ParNew: 16388K->4K(18432K), 0.0029707 secs] 324297K->307913K(631224K), 0.0030366 secs] [Times: user=0.01 sys=0.00, real=0.00 secs] 
2020-10-29T14:48:24.660+0000: [GC (Allocation Failure) 2020-10-29T14:48:24.660+0000: [ParNew: 16388K->4K(18432K), 0.0028635 secs] 324297K->307913K(631224K), 0.0029244 secs] [Times: user=0.00 sys=0.00, real=0.00 secs] 
2020-10-29T14:48:24.679+0000: [GC (Allocation Failure) 2020-10-29T14:48:24.679+0000: [ParNew: 16388K->4K(18432K), 0.0028690 secs] 324297K->307913K(631224K), 0.0029317 secs] [Times: user=0.00 sys=0.00, real=0.00 secs] 
2020-10-29T14:48:24.696+0000: [GC (Allocation Failure) 2020-10-29T14:48:24.696+0000: [ParNew: 16388K->4K(18432K), 0.0028923 secs] 324297K->307913K(631224K), 0.0029565 secs] [Times: user=0.01 sys=0.00, real=0.00 secs] 
2020-10-29T14:48:24.715+0000: [GC (Allocation Failure) 2020-10-29T14:48:24.715+0000: [ParNew: 16388K->4K(18432K), 0.0028006 secs] 324297K->307913K(631224K), 0.0028623 secs] [Times: user=0.00 sys=0.00, real=0.00 secs] 
2020-10-29T14:48:24.732+0000: [GC (Allocation Failure) 2020-10-29T14:48:24.732+0000: [ParNew: 16388K->4K(18432K), 0.0027229 secs] 324297K->307913K(631224K), 0.0027814 secs] [Times: user=0.01 sys=0.00, real=0.01 secs] 
2020-10-29T14:48:24.749+0000: [GC (Allocation Failure) 2020-10-29T14:48:24.749+0000: [ParNew: 16388K->4K(18432K), 0.0024444 secs] 324297K->307913K(631224K), 0.0024952 secs] [Times: user=0.01 sys=0.00, real=0.00 secs] 
2020-10-29T14:48:24.766+0000: [GC (Allocation Failure) 2020-10-29T14:48:24.766+0000: [ParNew: 16388K->4K(18432K), 0.0029398 secs] 324297K->307913K(631224K), 0.0030074 secs] [Times: user=0.00 sys=0.00, real=0.01 secs] 
2020-10-29T14:48:24.783+0000: [GC (Allocation Failure) 2020-10-29T14:48:24.783+0000: [ParNew: 16388K->4K(18432K), 0.0029382 secs] 324297K->307913K(631224K), 0.0030022 secs] [Times: user=0.00 sys=0.00, real=0.00 secs] 
2020-10-29T14:48:24.803+0000: [GC (Allocation Failure) 2020-10-29T14:48:24.803+0000: [ParNew: 16388K->4K(18432K), 0.0025086 secs] 324297K->307913K(631224K), 0.0025599 secs] [Times: user=0.01 sys=0.00, real=0.00 secs] 
2020-10-29T14:48:24.820+0000: [GC (Allocation Failure) 2020-10-29T14:48:24.820+0000: [ParNew: 16388K->4K(18432K), 0.0024302 secs] 324297K->307913K(631224K), 0.0024814 secs] [Times: user=0.00 sys=0.00, real=0.00 secs] 
2020-10-29T14:48:24.837+0000: [GC (Allocation Failure) 2020-10-29T14:48:24.837+0000: [ParNew: 16388K->4K(18432K), 0.0039450 secs] 324297K->307913K(631224K), 0.0039946 secs] [Times: user=0.01 sys=0.00, real=0.00 secs] 
2020-10-29T14:48:24.855+0000: [GC (Allocation Failure) 2020-10-29T14:48:24.855+0000: [ParNew: 16388K->4K(18432K), 0.0029654 secs] 324297K->307913K(631224K), 0.0030346 secs] [Times: user=0.01 sys=0.00, real=0.00 secs] 
2020-10-29T14:48:24.875+0000: [GC (Allocation Failure) 2020-10-29T14:48:24.875+0000: [ParNew: 16388K->4K(18432K), 0.0029593 secs] 324297K->307913K(631224K), 0.0030257 secs] [Times: user=0.01 sys=0.00, real=0.00 secs] 
2020-10-29T14:48:24.892+0000: [GC (Allocation Failure) 2020-10-29T14:48:24.892+0000: [ParNew: 16388K->4K(18432K), 0.0028037 secs] 324297K->307913K(631224K), 0.0028836 secs] [Times: user=0.01 sys=0.00, real=0.01 secs] 
2020-10-29T14:48:24.909+0000: [GC (Allocation Failure) 2020-10-29T14:48:24.909+0000: [ParNew: 16388K->4K(18432K), 0.0029564 secs] 324297K->307913K(631224K), 0.0030208 secs] [Times: user=0.00 sys=0.00, real=0.00 secs] 
2020-10-29T14:48:24.927+0000: [GC (Allocation Failure) 2020-10-29T14:48:24.927+0000: [ParNew: 16388K->4K(18432K), 0.0030186 secs] 324297K->307913K(631224K), 0.0030827 secs] [Times: user=0.01 sys=0.00, real=0.00 secs] 
2020-10-29T14:48:24.944+0000: [GC (Allocation Failure) 2020-10-29T14:48:24.944+0000: [ParNew: 16388K->4K(18432K), 0.0029998 secs] 324297K->307913K(631224K), 0.0030649 secs] [Times: user=0.01 sys=0.00, real=0.01 secs] 
2020-10-29T14:48:24.962+0000: [GC (Allocation Failure) 2020-10-29T14:48:24.962+0000: [ParNew: 16388K->4K(18432K), 0.0031072 secs] 324297K->307913K(631224K), 0.0031751 secs] [Times: user=0.00 sys=0.00, real=0.00 secs] 
2020-10-29T14:48:24.979+0000: [GC (Allocation Failure) 2020-10-29T14:48:24.979+0000: [ParNew: 16388K->4K(18432K), 0.0028921 secs] 324297K->307913K(631224K), 0.0029545 secs] [Times: user=0.01 sys=0.00, real=0.00 secs] 
2020-10-29T14:48:24.997+0000: [GC (Allocation Failure) 2020-10-29T14:48:24.997+0000: [ParNew: 16388K->4K(18432K), 0.0028496 secs] 324297K->307913K(631224K), 0.0029103 secs] [Times: user=0.00 sys=0.00, real=0.00 secs] 
2020-10-29T14:48:25.015+0000: [GC (Allocation Failure) 2020-10-29T14:48:25.015+0000: [ParNew: 16388K->4K(18432K), 0.0028729 secs] 324297K->307913K(631224K), 0.0029355 secs] [Times: user=0.01 sys=0.00, real=0.00 secs] 
2020-10-29T14:48:25.032+0000: [GC (Allocation Failure) 2020-10-29T14:48:25.032+0000: [ParNew: 16388K->4K(18432K), 0.0028019 secs] 324297K->307913K(631224K), 0.0028651 secs] [Times: user=0.01 sys=0.00, real=0.01 secs] 
2020-10-29T14:48:25.049+0000: [GC (Allocation Failure) 2020-10-29T14:48:25.049+0000: [ParNew: 16388K->4K(18432K), 0.0027974 secs] 324297K->307913K(631224K), 0.0028579 secs] [Times: user=0.01 sys=0.00, real=0.00 secs] 
2020-10-29T14:48:25.070+0000: [GC (Allocation Failure) 2020-10-29T14:48:25.070+0000: [ParNew: 16388K->4K(18432K), 0.0028345 secs] 324297K->307913K(631224K), 0.0028976 secs] [Times: user=0.01 sys=0.00, real=0.00 secs] 
2020-10-29T14:48:25.088+0000: [GC (Allocation Failure) 2020-10-29T14:48:25.088+0000: [ParNew: 16388K->4K(18432K), 0.0029337 secs] 324297K->307913K(631224K), 0.0029945 secs] [Times: user=0.01 sys=0.00, real=0.00 secs] 
2020-10-29T14:48:25.105+0000: [GC (Allocation Failure) 2020-10-29T14:48:25.105+0000: [ParNew: 16388K->4K(18432K), 0.0031708 secs] 324297K->307913K(631224K), 0.0032459 secs] [Times: user=0.01 sys=0.00, real=0.01 secs] 
2020-10-29T14:48:25.123+0000: [GC (Allocation Failure) 2020-10-29T14:48:25.123+0000: [ParNew: 16388K->4K(18432K), 0.0030472 secs] 324297K->307913K(631224K), 0.0031171 secs] [Times: user=0.00 sys=0.00, real=0.00 secs] 
2020-10-29T14:48:25.140+0000: [GC (Allocation Failure) 2020-10-29T14:48:25.140+0000: [ParNew: 16388K->4K(18432K), 0.0030645 secs] 324297K->307913K(631224K), 0.0031346 secs] [Times: user=0.01 sys=0.00, real=0.00 secs] 
2020-10-29T14:48:25.158+0000: [GC (Allocation Failure) 2020-10-29T14:48:25.158+0000: [ParNew: 16388K->4K(18432K), 0.0031071 secs] 324297K->307913K(631224K), 0.0031794 secs] [Times: user=0.00 sys=0.00, real=0.00 secs] 
2020-10-29T14:48:25.176+0000: [GC (Allocation Failure) 2020-10-29T14:48:25.176+0000: [ParNew: 16388K->4K(18432K), 0.0031091 secs] 324297K->307913K(631224K), 0.0031785 secs] [Times: user=0.01 sys=0.00, real=0.00 secs] 
2020-10-29T14:48:25.193+0000: [GC (Allocation Failure) 2020-10-29T14:48:25.193+0000: [ParNew: 16388K->4K(18432K), 0.0030901 secs] 324297K->307913K(631224K), 0.0031599 secs] [Times: user=0.01 sys=0.00, real=0.01 secs] 
2020-10-29T14:48:25.211+0000: [GC (Allocation Failure) 2020-10-29T14:48:25.211+0000: [ParNew: 16388K->4K(18432K), 0.0029779 secs] 324297K->307913K(631224K), 0.0030474 secs] [Times: user=0.00 sys=0.00, real=0.00 secs] 
2020-10-29T14:48:25.228+0000: [GC (Allocation Failure) 2020-10-29T14:48:25.228+0000: [ParNew: 16388K->4K(18432K), 0.0029853 secs] 324297K->307913K(631224K), 0.0030528 secs] [Times: user=0.01 sys=0.00, real=0.00 secs] 
2020-10-29T14:48:25.246+0000: [GC (Allocation Failure) 2020-10-29T14:48:25.246+0000: [ParNew: 16388K->4K(18432K), 0.0029453 secs] 324297K->307913K(631224K), 0.0030099 secs] [Times: user=0.00 sys=0.00, real=0.01 secs] 
2020-10-29T14:48:25.267+0000: [GC (Allocation Failure) 2020-10-29T14:48:25.267+0000: [ParNew: 16388K->4K(18432K), 0.0029161 secs] 324297K->307913K(631224K), 0.0029845 secs] [Times: user=0.01 sys=0.01, real=0.00 secs] 
2020-10-29T14:48:25.284+0000: [GC (Allocation Failure) 2020-10-29T14:48:25.284+0000: [ParNew: 16388K->4K(18432K), 0.0029333 secs] 324297K->307913K(631224K), 0.0029979 secs] [Times: user=0.01 sys=0.00, real=0.01 secs] 
2020-10-29T14:48:25.301+0000: [GC (Allocation Failure) 2020-10-29T14:48:25.301+0000: [ParNew: 16388K->4K(18432K), 0.0028660 secs] 324297K->307913K(631224K), 0.0029301 secs] [Times: user=0.00 sys=0.00, real=0.00 secs] 
2020-10-29T14:48:25.323+0000: [GC (Allocation Failure) 2020-10-29T14:48:25.323+0000: [ParNew: 16388K->4K(18432K), 0.0029652 secs] 324297K->307913K(631224K), 0.0030327 secs] [Times: user=0.00 sys=0.00, real=0.00 secs] 
2020-10-29T14:48:25.343+0000: [GC (Allocation Failure) 2020-10-29T14:48:25.343+0000: [ParNew: 16388K->4K(18432K), 0.0027531 secs] 324297K->307913K(631224K), 0.0028100 secs] [Times: user=0.01 sys=0.00, real=0.00 secs] 
2020-10-29T14:48:25.360+0000: [GC (Allocation Failure) 2020-10-29T14:48:25.360+0000: [ParNew: 16388K->4K(18432K), 0.0030138 secs] 324297K->307913K(631224K), 0.0030767 secs] [Times: user=0.00 sys=0.00, real=0.00 secs] 
2020-10-29T14:48:25.379+0000: [GC (Allocation Failure) 2020-10-29T14:48:25.379+0000: [ParNew: 16388K->4K(18432K), 0.0029910 secs] 324297K->307913K(631224K), 0.0030602 secs] [Times: user=0.01 sys=0.00, real=0.00 secs] 
2020-10-29T14:48:25.396+0000: [GC (Allocation Failure) 2020-10-29T14:48:25.396+0000: [ParNew: 16388K->4K(18432K), 0.0030122 secs] 324297K->307913K(631224K), 0.0030800 secs] [Times: user=0.01 sys=0.00, real=0.00 secs] 
2020-10-29T14:48:25.413+0000: [GC (Allocation Failure) 2020-10-29T14:48:25.413+0000: [ParNew: 16388K->4K(18432K), 0.0028254 secs] 324297K->307913K(631224K), 0.0028841 secs] [Times: user=0.01 sys=0.00, real=0.01 secs] 
2020-10-29T14:48:25.434+0000: [GC (Allocation Failure) 2020-10-29T14:48:25.434+0000: [ParNew: 16388K->4K(18432K), 0.0030104 secs] 324297K->307913K(631224K), 0.0030821 secs] [Times: user=0.01 sys=0.00, real=0.01 secs] 
2020-10-29T14:48:25.455+0000: [GC (Allocation Failure) 2020-10-29T14:48:25.455+0000: [ParNew: 16388K->4K(18432K), 0.0029582 secs] 324297K->307913K(631224K), 0.0030230 secs] [Times: user=0.00 sys=0.00, real=0.00 secs] 
2020-10-29T14:48:25.475+0000: [GC (Allocation Failure) 2020-10-29T14:48:25.475+0000: [ParNew: 16388K->4K(18432K), 0.0029010 secs] 324297K->307913K(631224K), 0.0029655 secs] [Times: user=0.01 sys=0.00, real=0.00 secs] 
2020-10-29T14:48:25.492+0000: [GC (Allocation Failure) 2020-10-29T14:48:25.492+0000: [ParNew: 16388K->4K(18432K), 0.0027157 secs] 324297K->307913K(631224K), 0.0027729 secs] [Times: user=0.00 sys=0.00, real=0.01 secs] 
2020-10-29T14:48:25.509+0000: [GC (Allocation Failure) 2020-10-29T14:48:25.509+0000: [ParNew: 16388K->4K(18432K), 0.0027066 secs] 324297K->307913K(631224K), 0.0027628 secs] [Times: user=0.00 sys=0.00, real=0.00 secs] 
2020-10-29T14:48:25.526+0000: [GC (Allocation Failure) 2020-10-29T14:48:25.526+0000: [ParNew: 16388K->4K(18432K), 0.0028332 secs] 324297K->307913K(631224K), 0.0028921 secs] [Times: user=0.00 sys=0.00, real=0.01 secs] 
2020-10-29T14:48:25.544+0000: [GC (Allocation Failure) 2020-10-29T14:48:25.544+0000: [ParNew: 16388K->4K(18432K), 0.0029800 secs] 324297K->307913K(631224K), 0.0030656 secs] [Times: user=0.01 sys=0.00, real=0.01 secs] 
2020-10-29T14:48:25.563+0000: [GC (Allocation Failure) 2020-10-29T14:48:25.563+0000: [ParNew: 16388K->4K(18432K), 0.0028253 secs] 324297K->307913K(631224K), 0.0028887 secs] [Times: user=0.00 sys=0.00, real=0.00 secs] 
2020-10-29T14:48:25.580+0000: [GC (Allocation Failure) 2020-10-29T14:48:25.580+0000: [ParNew: 16388K->4K(18432K), 0.0028568 secs] 324297K->307913K(631224K), 0.0029156 secs] [Times: user=0.01 sys=0.00, real=0.00 secs] 
2020-10-29T14:48:25.599+0000: [GC (Allocation Failure) 2020-10-29T14:48:25.599+0000: [ParNew: 16388K->4K(18432K), 0.0028095 secs] 324297K->307913K(631224K), 0.0028720 secs] [Times: user=0.01 sys=0.00, real=0.00 secs] 
2020-10-29T14:48:25.619+0000: [GC (Allocation Failure) 2020-10-29T14:48:25.619+0000: [ParNew: 16388K->4K(18432K), 0.0029425 secs] 324297K->307913K(631224K), 0.0030054 secs] [Times: user=0.00 sys=0.00, real=0.00 secs] 
2020-10-29T14:48:25.639+0000: [GC (Allocation Failure) 2020-10-29T14:48:25.639+0000: [ParNew: 16388K->4K(18432K), 0.0027890 secs] 324297K->307913K(631224K), 0.0028488 secs] [Times: user=0.00 sys=0.00, real=0.00 secs] 
2020-10-29T14:48:25.656+0000: [GC (Allocation Failure) 2020-10-29T14:48:25.656+0000: [ParNew: 16388K->4K(18432K), 0.0028345 secs] 324297K->307913K(631224K), 0.0028937 secs] [Times: user=0.01 sys=0.00, real=0.00 secs] 
2020-10-29T14:48:25.673+0000: [GC (Allocation Failure) 2020-10-29T14:48:25.673+0000: [ParNew: 16388K->4K(18432K), 0.0026298 secs] 324297K->307913K(631224K), 0.0026815 secs] [Times: user=0.01 sys=0.00, real=0.01 secs] 
2020-10-29T14:48:25.694+0000: [GC (Allocation Failure) 2020-10-29T14:48:25.694+0000: [ParNew: 16388K->4K(18432K), 0.0023838 secs] 324297K->307913K(631224K), 0.0024337 secs] [Times: user=0.01 sys=0.00, real=0.01 secs] 
2020-10-29T14:48:25.711+0000: [GC (Allocation Failure) 2020-10-29T14:48:25.711+0000: [ParNew: 16388K->4K(18432K), 0.0024127 secs] 324297K->307913K(631224K), 0.0024609 secs] [Times: user=0.01 sys=0.00, real=0.00 secs] 
2020-10-29T14:48:25.728+0000: [GC (Allocation Failure) 2020-10-29T14:48:25.728+0000: [ParNew: 16388K->4K(18432K), 0.0027484 secs] 324297K->307913K(631224K), 0.0028088 secs] [Times: user=0.00 sys=0.00, real=0.00 secs] 
2020-10-29T14:48:25.745+0000: [GC (Allocation Failure) 2020-10-29T14:48:25.745+0000: [ParNew: 16388K->4K(18432K), 0.0027131 secs] 324297K->307913K(631224K), 0.0027707 secs] [Times: user=0.01 sys=0.00, real=0.01 secs] 
2020-10-29T14:48:25.762+0000: [GC (Allocation Failure) 2020-10-29T14:48:25.762+0000: [ParNew: 16388K->4K(18432K), 0.0028531 secs] 324297K->307913K(631224K), 0.0029141 secs] [Times: user=0.01 sys=0.00, real=0.00 secs] 
2020-10-29T14:48:25.783+0000: [GC (Allocation Failure) 2020-10-29T14:48:25.783+0000: [ParNew: 16388K->4K(18432K), 0.0029840 secs] 324297K->307913K(631224K), 0.0030502 secs] [Times: user=0.01 sys=0.00, real=0.00 secs] 
2020-10-29T14:48:25.803+0000: [GC (Allocation Failure) 2020-10-29T14:48:25.803+0000: [ParNew: 16388K->4K(18432K), 0.0029121 secs] 324297K->307913K(631224K), 0.0029765 secs] [Times: user=0.00 sys=0.00, real=0.00 secs] 
2020-10-29T14:48:25.820+0000: [GC (Allocation Failure) 2020-10-29T14:48:25.820+0000: [ParNew: 16388K->4K(18432K), 0.0029019 secs] 324297K->307913K(631224K), 0.0029619 secs] [Times: user=0.01 sys=0.00, real=0.00 secs] 
2020-10-29T14:48:25.839+0000: [GC (Allocation Failure) 2020-10-29T14:48:25.839+0000: [ParNew: 16388K->4K(18432K), 0.0025933 secs] 324297K->307913K(631224K), 0.0026470 secs] [Times: user=0.01 sys=0.00, real=0.00 secs] 
2020-10-29T14:48:25.856+0000: [GC (Allocation Failure) 2020-10-29T14:48:25.856+0000: [ParNew: 16388K->4K(18432K), 0.0027729 secs] 324297K->307913K(631224K), 0.0028323 secs] [Times: user=0.00 sys=0.00, real=0.00 secs] 
2020-10-29T14:48:25.874+0000: [GC (Allocation Failure) 2020-10-29T14:48:25.874+0000: [ParNew: 16388K->4K(18432K), 0.0028020 secs] 324297K->307913K(631224K), 0.0028648 secs] [Times: user=0.00 sys=0.00, real=0.01 secs] 
2020-10-29T14:48:25.891+0000: [GC (Allocation Failure) 2020-10-29T14:48:25.891+0000: [ParNew: 16388K->4K(18432K), 0.0029306 secs] 324297K->307913K(631224K), 0.0029959 secs] [Times: user=0.00 sys=0.00, real=0.00 secs] 
2020-10-29T14:48:25.909+0000: [GC (Allocation Failure) 2020-10-29T14:48:25.909+0000: [ParNew: 16388K->4K(18432K), 0.0028325 secs] 324297K->307913K(631224K), 0.0028930 secs] [Times: user=0.00 sys=0.00, real=0.00 secs] 
2020-10-29T14:48:25.931+0000: [GC (Allocation Failure) 2020-10-29T14:48:25.931+0000: [ParNew: 16388K->4K(18432K), 0.0029737 secs] 324297K->307913K(631224K), 0.0030422 secs] [Times: user=0.00 sys=0.00, real=0.00 secs] 
2020-10-29T14:48:25.948+0000: [GC (Allocation Failure) 2020-10-29T14:48:25.948+0000: [ParNew: 16388K->4K(18432K), 0.0028376 secs] 324297K->307913K(631224K), 0.0028990 secs] [Times: user=0.01 sys=0.00, real=0.00 secs] 
2020-10-29T14:48:25.966+0000: [GC (Allocation Failure) 2020-10-29T14:48:25.966+0000: [ParNew: 16388K->4K(18432K), 0.0029510 secs] 324297K->307913K(631224K), 0.0030154 secs] [Times: user=0.00 sys=0.00, real=0.01 secs] 
2020-10-29T14:48:25.983+0000: [GC (Allocation Failure) 2020-10-29T14:48:25.983+0000: [ParNew: 16388K->4K(18432K), 0.0029891 secs] 324297K->307913K(631224K), 0.0030572 secs] [Times: user=0.01 sys=0.00, real=0.00 secs] 
2020-10-29T14:48:26.003+0000: [GC (Allocation Failure) 2020-10-29T14:48:26.003+0000: [ParNew: 16388K->4K(18432K), 0.0028991 secs] 324297K->307913K(631224K), 0.0029625 secs] [Times: user=0.01 sys=0.00, real=0.00 secs] 
2020-10-29T14:48:26.020+0000: [GC (Allocation Failure) 2020-10-29T14:48:26.020+0000: [ParNew: 16388K->4K(18432K), 0.0029567 secs] 324297K->307913K(631224K), 0.0030191 secs] [Times: user=0.00 sys=0.00, real=0.00 secs] 
2020-10-29T14:48:26.038+0000: [GC (Allocation Failure) 2020-10-29T14:48:26.038+0000: [ParNew: 16388K->4K(18432K), 0.0029194 secs] 324297K->307913K(631224K), 0.0029915 secs] [Times: user=0.01 sys=0.00, real=0.00 secs] 
2020-10-29T14:48:26.059+0000: [GC (Allocation Failure) 2020-10-29T14:48:26.059+0000: [ParNew: 16388K->4K(18432K), 0.0027968 secs] 324297K->307913K(631224K), 0.0028563 secs] [Times: user=0.00 sys=0.00, real=0.00 secs] 
2020-10-29T14:48:26.079+0000: [GC (Allocation Failure) 2020-10-29T14:48:26.079+0000: [ParNew: 16388K->4K(18432K), 0.0027788 secs] 324297K->307913K(631224K), 0.0028368 secs] [Times: user=0.01 sys=0.00, real=0.00 secs] 
2020-10-29T14:48:26.096+0000: [GC (Allocation Failure) 2020-10-29T14:48:26.096+0000: [ParNew: 16388K->4K(18432K), 0.0028271 secs] 324297K->307913K(631224K), 0.0028856 secs] [Times: user=0.00 sys=0.00, real=0.00 secs] 
2020-10-29T14:48:26.115+0000: [GC (Allocation Failure) 2020-10-29T14:48:26.115+0000: [ParNew: 16388K->4K(18432K), 0.0030340 secs] 324297K->307913K(631224K), 0.0031051 secs] [Times: user=0.01 sys=0.00, real=0.00 secs] 
2020-10-29T14:48:26.132+0000: [GC (Allocation Failure) 2020-10-29T14:48:26.132+0000: [ParNew: 16388K->4K(18432K), 0.0030065 secs] 324297K->307913K(631224K), 0.0030730 secs] [Times: user=0.00 sys=0.00, real=0.01 secs] 
2020-10-29T14:48:26.150+0000: [GC (Allocation Failure) 2020-10-29T14:48:26.150+0000: [ParNew: 16388K->4K(18432K), 0.0029289 secs] 324297K->307913K(631224K), 0.0029943 secs] [Times: user=0.01 sys=0.00, real=0.00 secs] 
2020-10-29T14:48:26.167+0000: [GC (Allocation Failure) 2020-10-29T14:48:26.167+0000: [ParNew: 16388K->4K(18432K), 0.0028306 secs] 324297K->307913K(631224K), 0.0028916 secs] [Times: user=0.00 sys=0.00, real=0.00 secs] 
2020-10-29T14:48:26.187+0000: [GC (Allocation Failure) 2020-10-29T14:48:26.187+0000: [ParNew: 16388K->4K(18432K), 0.0029050 secs] 324297K->307913K(631224K), 0.0029643 secs] [Times: user=0.00 sys=0.00, real=0.00 secs] 
2020-10-29T14:48:26.207+0000: [GC (Allocation Failure) 2020-10-29T14:48:26.207+0000: [ParNew: 16388K->4K(18432K), 0.0029102 secs] 324297K->307913K(631224K), 0.0029748 secs] [Times: user=0.00 sys=0.00, real=0.00 secs] 
2020-10-29T14:48:26.224+0000: [GC (Allocation Failure) 2020-10-29T14:48:26.224+0000: [ParNew: 16388K->4K(18432K), 0.0028384 secs] 324297K->307913K(631224K), 0.0028986 secs] [Times: user=0.01 sys=0.00, real=0.01 secs] 
2020-10-29T14:48:26.241+0000: [GC (Allocation Failure) 2020-10-29T14:48:26.241+0000: [ParNew: 16388K->4K(18432K), 0.0032199 secs] 324297K->307913K(631224K), 0.0032762 secs] [Times: user=0.00 sys=0.00, real=0.00 secs] 
2020-10-29T14:48:26.259+0000: [GC (Allocation Failure) 2020-10-29T14:48:26.259+0000: [ParNew: 16388K->4K(18432K), 0.0026625 secs] 324297K->307913K(631224K), 0.0027159 secs] [Times: user=0.01 sys=0.00, real=0.00 secs] 
2020-10-29T14:48:26.276+0000: [GC (Allocation Failure) 2020-10-29T14:48:26.276+0000: [ParNew: 16388K->4K(18432K), 0.0027772 secs] 324297K->307913K(631224K), 0.0028356 secs] [Times: user=0.01 sys=0.00, real=0.00 secs] 
2020-10-29T14:48:26.294+0000: [GC (Allocation Failure) 2020-10-29T14:48:26.294+0000: [ParNew: 16388K->4K(18432K), 0.0028847 secs] 324297K->307913K(631224K), 0.0029545 secs] [Times: user=0.00 sys=0.00, real=0.01 secs] 
2020-10-29T14:48:26.315+0000: [GC (Allocation Failure) 2020-10-29T14:48:26.315+0000: [ParNew: 16388K->4K(18432K), 0.0029929 secs] 324297K->307913K(631224K), 0.0030610 secs] [Times: user=0.01 sys=0.00, real=0.00 secs] 
2020-10-29T14:48:26.335+0000: [GC (Allocation Failure) 2020-10-29T14:48:26.335+0000: [ParNew: 16388K->4K(18432K), 0.0030569 secs] 324297K->307913K(631224K), 0.0031176 secs] [Times: user=0.01 sys=0.00, real=0.00 secs] 
2020-10-29T14:48:26.355+0000: [GC (Allocation Failure) 2020-10-29T14:48:26.355+0000: [ParNew: 16388K->4K(18432K), 0.0030286 secs] 324297K->307913K(631224K), 0.0030949 secs] [Times: user=0.01 sys=0.00, real=0.00 secs] 
2020-10-29T14:48:26.374+0000: [GC (Allocation Failure) 2020-10-29T14:48:26.374+0000: [ParNew: 16388K->4K(18432K), 0.0030308 secs] 324297K->307913K(631224K), 0.0031043 secs] [Times: user=0.01 sys=0.00, real=0.01 secs] 
2020-10-29T14:48:26.395+0000: [GC (Allocation Failure) 2020-10-29T14:48:26.395+0000: [ParNew: 16388K->4K(18432K), 0.0028256 secs] 324297K->307913K(631224K), 0.0028842 secs] [Times: user=0.00 sys=0.00, real=0.00 secs] 
2020-10-29T14:48:26.412+0000: [GC (Allocation Failure) 2020-10-29T14:48:26.412+0000: [ParNew: 16388K->4K(18432K), 0.0028010 secs] 324297K->307913K(631224K), 0.0028574 secs] [Times: user=0.01 sys=0.00, real=0.01 secs] 
2020-10-29T14:48:26.429+0000: [GC (Allocation Failure) 2020-10-29T14:48:26.429+0000: [ParNew: 16388K->4K(18432K), 0.0029760 secs] 324297K->307913K(631224K), 0.0030576 secs] [Times: user=0.01 sys=0.00, real=0.00 secs] 
2020-10-29T14:48:26.451+0000: [GC (Allocation Failure) 2020-10-29T14:48:26.451+0000: [ParNew: 16388K->4K(18432K), 0.0029866 secs] 324297K->307913K(631224K), 0.0030561 secs] [Times: user=0.01 sys=0.00, real=0.00 secs] 
2020-10-29T14:48:26.471+0000: [GC (Allocation Failure) 2020-10-29T14:48:26.471+0000: [ParNew: 16388K->4K(18432K), 0.0029650 secs] 324297K->307913K(631224K), 0.0030341 secs] [Times: user=0.00 sys=0.01, real=0.00 secs] 
2020-10-29T14:48:26.488+0000: [GC (Allocation Failure) 2020-10-29T14:48:26.488+0000: [ParNew: 16388K->4K(18432K), 0.0029258 secs] 324297K->307913K(631224K), 0.0029911 secs] [Times: user=0.01 sys=0.00, real=0.00 secs] 
2020-10-29T14:48:26.507+0000: [GC (Allocation Failure) 2020-10-29T14:48:26.507+0000: [ParNew: 16388K->4K(18432K), 0.0024496 secs] 324297K->307913K(631224K), 0.0024988 secs] [Times: user=0.01 sys=0.00, real=0.00 secs] 
2020-10-29T14:48:26.527+0000: [GC (Allocation Failure) 2020-10-29T14:48:26.527+0000: [ParNew: 16388K->4K(18432K), 0.0023267 secs] 324297K->307913K(631224K), 0.0023765 secs] [Times: user=0.00 sys=0.00, real=0.00 secs] 
2020-10-29T14:48:26.544+0000: [GC (Allocation Failure) 2020-10-29T14:48:26.544+0000: [ParNew: 16388K->4K(18432K), 0.0023090 secs] 324297K->307913K(631224K), 0.0023539 secs] [Times: user=0.00 sys=0.00, real=0.00 secs] 
2020-10-29T14:48:26.569+0000: [GC (Allocation Failure) 2020-10-29T14:48:26.569+0000: [ParNew: 16388K->4K(18432K), 0.0027622 secs] 324297K->307913K(631224K), 0.0028237 secs] [Times: user=0.00 sys=0.00, real=0.00 secs] 
2020-10-29T14:48:26.591+0000: [GC (Allocation Failure) 2020-10-29T14:48:26.591+0000: [ParNew: 16388K->4K(18432K), 0.0027737 secs] 324297K->307913K(631224K), 0.0028680 secs] [Times: user=0.01 sys=0.00, real=0.00 secs] 
2020-10-29T14:48:26.608+0000: [GC (Allocation Failure) 2020-10-29T14:48:26.608+0000: [ParNew: 16388K->6K(18432K), 0.0025959 secs] 324297K->307915K(631224K), 0.0026495 secs] [Times: user=0.00 sys=0.01, real=0.00 secs] 
2020-10-29T14:48:26.625+0000: [GC (Allocation Failure) 2020-10-29T14:48:26.625+0000: [ParNew: 16390K->4K(18432K), 0.0027785 secs] 324299K->307913K(631224K), 0.0028458 secs] [Times: user=0.00 sys=0.00, real=0.01 secs] 
2020-10-29T14:48:26.642+0000: [GC (Allocation Failure) 2020-10-29T14:48:26.642+0000: [ParNew: 16388K->4K(18432K), 0.0026333 secs] 324297K->307914K(631224K), 0.0026885 secs] [Times: user=0.01 sys=0.00, real=0.00 secs] 
2020-10-29T14:48:26.663+0000: [GC (Allocation Failure) 2020-10-29T14:48:26.663+0000: [ParNew: 16388K->4K(18432K), 0.0027541 secs] 324298K->307914K(631224K), 0.0028145 secs] [Times: user=0.00 sys=0.00, real=0.00 secs] 
2020-10-29T14:48:26.683+0000: [GC (Allocation Failure) 2020-10-29T14:48:26.683+0000: [ParNew: 16388K->4K(18432K), 0.0027479 secs] 324298K->307914K(631224K), 0.0028055 secs] [Times: user=0.00 sys=0.00, real=0.00 secs] 
2020-10-29T14:48:26.703+0000: [GC (Allocation Failure) 2020-10-29T14:48:26.703+0000: [ParNew: 16388K->4K(18432K), 0.0028093 secs] 324298K->307914K(631224K), 0.0028728 secs] [Times: user=0.01 sys=0.00, real=0.00 secs] 
2020-10-29T14:48:26.720+0000: [GC (Allocation Failure) 2020-10-29T14:48:26.720+0000: [ParNew: 16388K->4K(18432K), 0.0028039 secs] 324298K->307914K(631224K), 0.0028641 secs] [Times: user=0.01 sys=0.00, real=0.00 secs] 
2020-10-29T14:48:26.738+0000: [GC (Allocation Failure) 2020-10-29T14:48:26.738+0000: [ParNew: 16388K->4K(18432K), 0.0027622 secs] 324298K->307914K(631224K), 0.0028219 secs] [Times: user=0.00 sys=0.00, real=0.00 secs] 
2020-10-29T14:48:26.759+0000: [GC (Allocation Failure) 2020-10-29T14:48:26.759+0000: [ParNew: 16388K->4K(18432K), 0.0029698 secs] 324298K->307914K(631224K), 0.0030373 secs] [Times: user=0.00 sys=0.00, real=0.00 secs] 
2020-10-29T14:48:26.777+0000: [GC (Allocation Failure) 2020-10-29T14:48:26.777+0000: [ParNew: 16388K->4K(18432K), 0.0029650 secs] 324298K->307914K(631224K), 0.0030396 secs] [Times: user=0.01 sys=0.00, real=0.00 secs] 
2020-10-29T14:48:26.795+0000: [GC (Allocation Failure) 2020-10-29T14:48:26.795+0000: [ParNew: 16388K->4K(18432K), 0.0025972 secs] 324298K->307914K(631224K), 0.0026489 secs] [Times: user=0.00 sys=0.00, real=0.00 secs] 
2020-10-29T14:48:26.815+0000: [GC (Allocation Failure) 2020-10-29T14:48:26.815+0000: [ParNew: 16388K->4K(18432K), 0.0025205 secs] 324298K->307914K(631224K), 0.0025729 secs] [Times: user=0.00 sys=0.00, real=0.00 secs] 
2020-10-29T14:48:26.832+0000: [GC (Allocation Failure) 2020-10-29T14:48:26.832+0000: [ParNew: 16388K->4K(18432K), 0.0029050 secs] 324298K->307914K(631224K), 0.0029899 secs] [Times: user=0.00 sys=0.00, real=0.01 secs] 
2020-10-29T14:48:26.851+0000: [GC (Allocation Failure) 2020-10-29T14:48:26.851+0000: [ParNew: 16388K->4K(18432K), 0.0029478 secs] 324298K->307914K(631224K), 0.0030126 secs] [Times: user=0.01 sys=0.00, real=0.00 secs] 
2020-10-29T14:48:26.871+0000: [GC (Allocation Failure) 2020-10-29T14:48:26.871+0000: [ParNew: 16388K->4K(18432K), 0.0028594 secs] 324298K->307914K(631224K), 0.0029196 secs] [Times: user=0.01 sys=0.00, real=0.00 secs] 
2020-10-29T14:48:26.891+0000: [GC (Allocation Failure) 2020-10-29T14:48:26.891+0000: [ParNew: 16388K->4K(18432K), 0.0029058 secs] 324298K->307914K(631224K), 0.0029720 secs] [Times: user=0.01 sys=0.00, real=0.00 secs] 
2020-10-29T14:48:26.909+0000: [GC (Allocation Failure) 2020-10-29T14:48:26.909+0000: [ParNew: 16388K->4K(18432K), 0.0030211 secs] 324298K->307914K(631224K), 0.0030875 secs] [Times: user=0.01 sys=0.00, real=0.00 secs] 
2020-10-29T14:48:26.927+0000: [GC (Allocation Failure) 2020-10-29T14:48:26.927+0000: [ParNew: 16388K->4K(18432K), 0.0031278 secs] 324298K->307914K(631224K), 0.0032148 secs] [Times: user=0.00 sys=0.00, real=0.01 secs] 
2020-10-29T14:48:26.945+0000: [GC (Allocation Failure) 2020-10-29T14:48:26.945+0000: [ParNew: 16388K->4K(18432K), 0.0030778 secs] 324298K->307914K(631224K), 0.0031474 secs] [Times: user=0.01 sys=0.00, real=0.01 secs] 
2020-10-29T14:48:26.962+0000: [GC (Allocation Failure) 2020-10-29T14:48:26.962+0000: [ParNew: 16388K->4K(18432K), 0.0030090 secs] 324298K->307914K(631224K), 0.0030772 secs] [Times: user=0.01 sys=0.00, real=0.00 secs] 
2020-10-29T14:48:26.980+0000: [GC (Allocation Failure) 2020-10-29T14:48:26.980+0000: [ParNew: 16388K->4K(18432K), 0.0030175 secs] 324298K->307914K(631224K), 0.0030862 secs] [Times: user=0.01 sys=0.00, real=0.00 secs] 
2020-10-29T14:48:26.997+0000: [GC (Allocation Failure) 2020-10-29T14:48:26.997+0000: [ParNew: 16388K->4K(18432K), 0.0030103 secs] 324298K->307914K(631224K), 0.0030794 secs] [Times: user=0.01 sys=0.00, real=0.00 secs] 
2020-10-29T14:48:27.015+0000: [GC (Allocation Failure) 2020-10-29T14:48:27.015+0000: [ParNew: 16388K->4K(18432K), 0.0027746 secs] 324298K->307914K(631224K), 0.0028352 secs] [Times: user=0.00 sys=0.00, real=0.00 secs] 
2020-10-29T14:48:27.033+0000: [GC (Allocation Failure) 2020-10-29T14:48:27.033+0000: [ParNew: 16388K->4K(18432K), 0.0026589 secs] 324298K->307914K(631224K), 0.0027177 secs] [Times: user=0.00 sys=0.00, real=0.01 secs] 
2020-10-29T14:48:27.050+0000: [GC (Allocation Failure) 2020-10-29T14:48:27.050+0000: [ParNew: 16388K->4K(18432K), 0.0026588 secs] 324298K->307914K(631224K), 0.0027155 secs] [Times: user=0.01 sys=0.00, real=0.00 secs] 
2020-10-29T14:48:27.067+0000: [GC (Allocation Failure) 2020-10-29T14:48:27.067+0000: [ParNew: 16388K->4K(18432K), 0.0027893 secs] 324298K->307914K(631224K), 0.0028516 secs] [Times: user=0.00 sys=0.00, real=0.00 secs] 
2020-10-29T14:48:27.084+0000: [GC (Allocation Failure) 2020-10-29T14:48:27.084+0000: [ParNew: 16388K->4K(18432K), 0.0027147 secs] 324298K->307914K(631224K), 0.0027713 secs] [Times: user=0.01 sys=0.00, real=0.01 secs] 
2020-10-29T14:48:27.102+0000: [GC (Allocation Failure) 2020-10-29T14:48:27.102+0000: [ParNew: 16388K->4K(18432K), 0.0026915 secs] 324298K->307914K(631224K), 0.0027471 secs] [Times: user=0.00 sys=0.00, real=0.00 secs] 
2020-10-29T14:48:27.119+0000: [GC (Allocation Failure) 2020-10-29T14:48:27.119+0000: [ParNew: 16388K->4K(18432K), 0.0029712 secs] 324298K->307914K(631224K), 0.0030350 secs] [Times: user=0.00 sys=0.00, real=0.00 secs] 
2020-10-29T14:48:27.137+0000: [GC (Allocation Failure) 2020-10-29T14:48:27.137+0000: [ParNew: 16388K->4K(18432K), 0.0028558 secs] 324298K->307914K(631224K), 0.0029267 secs] [Times: user=0.00 sys=0.00, real=0.00 secs] 
2020-10-29T14:48:27.154+0000: [GC (Allocation Failure) 2020-10-29T14:48:27.154+0000: [ParNew: 16388K->4K(18432K), 0.0025449 secs] 324298K->307914K(631224K), 0.0025998 secs] [Times: user=0.01 sys=0.00, real=0.01 secs] 
2020-10-29T14:48:27.171+0000: [GC (Allocation Failure) 2020-10-29T14:48:27.171+0000: [ParNew: 16388K->4K(18432K), 0.0024565 secs] 324298K->307914K(631224K), 0.0025080 secs] [Times: user=0.01 sys=0.00, real=0.00 secs] 
2020-10-29T14:48:27.191+0000: [GC (Allocation Failure) 2020-10-29T14:48:27.191+0000: [ParNew: 16388K->4K(18432K), 0.0027512 secs] 324298K->307914K(631224K), 0.0028133 secs] [Times: user=0.01 sys=0.00, real=0.00 secs] 
2020-10-29T14:48:27.211+0000: [GC (Allocation Failure) 2020-10-29T14:48:27.211+0000: [ParNew: 16388K->4K(18432K), 0.0025199 secs] 324298K->307914K(631224K), 0.0025731 secs] [Times: user=0.01 sys=0.00, real=0.00 secs] 
2020-10-29T14:48:27.231+0000: [GC (Allocation Failure) 2020-10-29T14:48:27.231+0000: [ParNew: 16388K->4K(18432K), 0.0023708 secs] 324298K->307914K(631224K), 0.0024218 secs] [Times: user=0.00 sys=0.00, real=0.00 secs] 
2020-10-29T14:48:27.251+0000: [GC (Allocation Failure) 2020-10-29T14:48:27.251+0000: [ParNew: 16388K->4K(18432K), 0.0023941 secs] 324298K->307914K(631224K), 0.0024458 secs] [Times: user=0.00 sys=0.00, real=0.00 secs] 
2020-10-29T14:48:27.268+0000: [GC (Allocation Failure) 2020-10-29T14:48:27.268+0000: [ParNew: 16388K->4K(18432K), 0.0025188 secs] 324298K->307914K(631224K), 0.0025745 secs] [Times: user=0.00 sys=0.00, real=0.00 secs] 
2020-10-29T14:48:27.285+0000: [GC (Allocation Failure) 2020-10-29T14:48:27.285+0000: [ParNew: 16253K->4K(18432K), 0.0027973 secs] 324163K->307914K(631224K), 0.0028658 secs] [Times: user=0.01 sys=0.00, real=0.01 secs] 
2020-10-29T14:48:27.302+0000: [GC (Allocation Failure) 2020-10-29T14:48:27.302+0000: [ParNew: 16388K->4K(18432K), 0.0030341 secs] 324298K->307914K(631224K), 0.0031033 secs] [Times: user=0.00 sys=0.00, real=0.00 secs] 
2020-10-29T14:48:27.320+0000: [GC (Allocation Failure) 2020-10-29T14:48:27.320+0000: [ParNew: 16387K->4K(18432K), 0.0029731 secs] 324297K->307914K(631224K), 0.0030554 secs] [Times: user=0.01 sys=0.00, real=0.00 secs] 
2020-10-29T14:48:27.337+0000: [GC (Allocation Failure) 2020-10-29T14:48:27.337+0000: [ParNew: 16388K->4K(18432K), 0.0030697 secs] 324298K->307914K(631224K), 0.0031383 secs] [Times: user=0.00 sys=0.00, real=0.00 secs] 
2020-10-29T14:48:27.359+0000: [GC (Allocation Failure) 2020-10-29T14:48:27.359+0000: [ParNew: 16388K->4K(18432K), 0.0029565 secs] 324298K->307914K(631224K), 0.0030233 secs] [Times: user=0.01 sys=0.00, real=0.00 secs] 
2020-10-29T14:48:27.376+0000: [GC (Allocation Failure) 2020-10-29T14:48:27.376+0000: [ParNew: 16388K->4K(18432K), 0.0038014 secs] 324298K->307914K(631224K), 0.0038670 secs] [Times: user=0.00 sys=0.00, real=0.00 secs] 
2020-10-29T14:48:27.399+0000: [GC (Allocation Failure) 2020-10-29T14:48:27.399+0000: [ParNew: 16388K->4K(18432K), 0.0027526 secs] 324298K->307914K(631224K), 0.0028102 secs] [Times: user=0.00 sys=0.00, real=0.00 secs] 
2020-10-29T14:48:27.419+0000: [GC (Allocation Failure) 2020-10-29T14:48:27.419+0000: [ParNew: 16388K->4K(18432K), 0.0026069 secs] 324298K->307914K(631224K), 0.0026639 secs] [Times: user=0.01 sys=0.00, real=0.00 secs] 
2020-10-29T14:48:27.436+0000: [GC (Allocation Failure) 2020-10-29T14:48:27.436+0000: [ParNew: 16388K->4K(18432K), 0.0024345 secs] 324298K->307914K(631224K), 0.0024847 secs] [Times: user=0.00 sys=0.00, real=0.00 secs] 
2020-10-29T14:48:27.455+0000: [GC (Allocation Failure) 2020-10-29T14:48:27.455+0000: [ParNew: 16388K->4K(18432K), 0.0026711 secs] 324298K->307914K(631224K), 0.0027358 secs] [Times: user=0.00 sys=0.00, real=0.00 secs] 
2020-10-29T14:48:27.487+0000: [GC (Allocation Failure) 2020-10-29T14:48:27.487+0000: [ParNew: 16388K->6K(18432K), 0.0029144 secs] 324298K->307916K(631224K), 0.0029795 secs] [Times: user=0.00 sys=0.00, real=0.00 secs] 
2020-10-29T14:48:27.518+0000: [GC (Allocation Failure) 2020-10-29T14:48:27.518+0000: [ParNew: 16390K->6K(18432K), 0.0030345 secs] 324300K->307916K(631224K), 0.0031054 secs] [Times: user=0.00 sys=0.00, real=0.00 secs] 
2020-10-29T14:48:27.551+0000: [GC (Allocation Failure) 2020-10-29T14:48:27.551+0000: [ParNew: 16390K->6K(18432K), 0.0029975 secs] 324300K->307916K(631224K), 0.0030699 secs] [Times: user=0.01 sys=0.00, real=0.00 secs] 
2020-10-29T14:48:27.583+0000: [GC (Allocation Failure) 2020-10-29T14:48:27.583+0000: [ParNew: 16390K->4K(18432K), 0.0029906 secs] 324300K->307914K(631224K), 0.0030583 secs] [Times: user=0.01 sys=0.00, real=0.00 secs] 
2020-10-29T14:48:27.614+0000: [GC (Allocation Failure) 2020-10-29T14:48:27.614+0000: [ParNew: 16388K->6K(18432K), 0.0030215 secs] 324298K->307916K(631224K), 0.0030920 secs] [Times: user=0.01 sys=0.00, real=0.01 secs] 
2020-10-29T14:48:27.644+0000: [GC (Allocation Failure) 2020-10-29T14:48:27.644+0000: [ParNew: 16390K->4K(18432K), 0.0030189 secs] 324300K->307914K(631224K), 0.0030875 secs] [Times: user=0.01 sys=0.00, real=0.01 secs] 
2020-10-29T14:48:27.674+0000: [GC (Allocation Failure) 2020-10-29T14:48:27.675+0000: [ParNew: 16388K->4K(18432K), 0.0030492 secs] 324298K->307916K(631224K), 0.0031177 secs] [Times: user=0.01 sys=0.00, real=0.01 secs] 
2020-10-29T14:48:27.706+0000: [GC (Allocation Failure) 2020-10-29T14:48:27.706+0000: [ParNew: 16388K->4K(18432K), 0.0030504 secs] 324300K->307916K(631224K), 0.0031167 secs] [Times: user=0.01 sys=0.00, real=0.01 secs] 
2020-10-29T14:48:28.842+0000: [GC (Allocation Failure) 2020-10-29T14:48:28.842+0000: [ParNew: 16388K->827K(18432K), 0.0073585 secs] 324300K->308740K(631224K), 0.0074504 secs] [Times: user=0.01 sys=0.00, real=0.01 secs] 
2020-10-29T14:48:29.070+0000: [GC (Allocation Failure) 2020-10-29T14:48:29.070+0000: [ParNew: 17211K->2048K(18432K), 0.0062020 secs] 325124K->310056K(631224K), 0.0062610 secs] [Times: user=0.01 sys=0.00, real=0.01 secs] 
2020-10-29T14:48:29.118+0000: [GC (Allocation Failure) 2020-10-29T14:48:29.118+0000: [ParNew: 18432K->1143K(18432K), 0.0080869 secs] 326440K->310912K(631224K), 0.0081589 secs] [Times: user=0.02 sys=0.00, real=0.00 secs] 
2020-10-29T14:48:29.150+0000: [GC (Allocation Failure) 2020-10-29T14:48:29.150+0000: [ParNew: 17527K->504K(18432K), 0.0031996 secs] 327296K->310274K(631224K), 0.0032711 secs] [Times: user=0.01 sys=0.00, real=0.00 secs] 
2020-10-29T14:48:29.178+0000: [GC (Allocation Failure) 2020-10-29T14:48:29.178+0000: [ParNew: 16888K->427K(18432K), 0.0031680 secs] 326658K->310196K(631224K), 0.0032339 secs] [Times: user=0.01 sys=0.00, real=0.00 secs] 
2020-10-29T14:48:29.205+0000: [GC (Allocation Failure) 2020-10-29T14:48:29.205+0000: [ParNew: 16811K->368K(18432K), 0.0033928 secs] 326580K->310138K(631224K), 0.0034705 secs] [Times: user=0.01 sys=0.01, real=0.01 secs] 
2020-10-29T14:48:29.237+0000: [GC (Allocation Failure) 2020-10-29T14:48:29.237+0000: [ParNew: 16752K->404K(18432K), 0.0032091 secs] 326522K->310174K(631224K), 0.0032940 secs] [Times: user=0.01 sys=0.00, real=0.00 secs] 
2020-10-29T14:48:29.262+0000: [GC (Allocation Failure) 2020-10-29T14:48:29.263+0000: [ParNew: 16788K->627K(18432K), 0.0031955 secs] 326558K->310396K(631224K), 0.0032816 secs] [Times: user=0.00 sys=0.00, real=0.00 secs] 
2020-10-29T14:48:29.288+0000: [GC (Allocation Failure) 2020-10-29T14:48:29.288+0000: [ParNew: 17011K->431K(18432K), 0.0033523 secs] 326780K->310407K(631224K), 0.0034210 secs] [Times: user=0.01 sys=0.00, real=0.00 secs] 
2020-10-29T14:48:29.313+0000: [GC (Allocation Failure) 2020-10-29T14:48:29.313+0000: [ParNew: 16815K->535K(18432K), 0.0030856 secs] 326791K->310510K(631224K), 0.0031523 secs] [Times: user=0.01 sys=0.00, real=0.01 secs] 
2020-10-29T14:48:29.339+0000: [GC (Allocation Failure) 2020-10-29T14:48:29.339+0000: [ParNew: 16919K->530K(18432K), 0.0032523 secs] 326894K->310506K(631224K), 0.0033204 secs] [Times: user=0.01 sys=0.00, real=0.00 secs] 
2020-10-29T14:48:29.367+0000: [GC (Allocation Failure) 2020-10-29T14:48:29.367+0000: [ParNew: 16914K->516K(18432K), 0.0031039 secs] 326890K->310503K(631224K), 0.0031716 secs] [Times: user=0.01 sys=0.00, real=0.00 secs] 
2020-10-29T14:48:29.395+0000: [GC (Allocation Failure) 2020-10-29T14:48:29.395+0000: [ParNew: 16900K->772K(18432K), 0.0031680 secs] 326887K->310759K(631224K), 0.0032393 secs] [Times: user=0.00 sys=0.00, real=0.00 secs] 
2020-10-29T14:48:29.421+0000: [GC (Allocation Failure) 2020-10-29T14:48:29.421+0000: [ParNew: 17156K->516K(18432K), 0.0032350 secs] 327143K->310759K(631224K), 0.0033067 secs] [Times: user=0.01 sys=0.00, real=0.00 secs] 
2020-10-29T14:48:29.442+0000: [GC (Allocation Failure) 2020-10-29T14:48:29.442+0000: [ParNew: 16900K->516K(18432K), 0.0030850 secs] 327143K->310759K(631224K), 0.0031537 secs] [Times: user=0.00 sys=0.00, real=0.00 secs] 
2020-10-29T14:48:29.461+0000: [GC (Allocation Failure) 2020-10-29T14:48:29.461+0000: [ParNew: 16900K->516K(18432K), 0.0030462 secs] 327143K->310759K(631224K), 0.0031146 secs] [Times: user=0.01 sys=0.00, real=0.00 secs] 
2020-10-29T14:48:29.480+0000: [GC (Allocation Failure) 2020-10-29T14:48:29.480+0000: [ParNew: 16900K->1028K(18432K), 0.0031070 secs] 327143K->311271K(631224K), 0.0031740 secs] [Times: user=0.01 sys=0.00, real=0.00 secs] 
2020-10-29T14:48:29.498+0000: [GC (Allocation Failure) 2020-10-29T14:48:29.499+0000: [ParNew: 17412K->516K(18432K), 0.0031936 secs] 327655K->311271K(631224K), 0.0032605 secs] [Times: user=0.01 sys=0.00, real=0.00 secs] 
2020-10-29T14:48:29.518+0000: [GC (Allocation Failure) 2020-10-29T14:48:29.518+0000: [ParNew: 16900K->516K(18432K), 0.0031619 secs] 327655K->311271K(631224K), 0.0032348 secs] [Times: user=0.00 sys=0.00, real=0.00 secs] 
2020-10-29T14:48:29.537+0000: [GC (Allocation Failure) 2020-10-29T14:48:29.537+0000: [ParNew: 16900K->516K(18432K), 0.0032429 secs] 327655K->311271K(631224K), 0.0033234 secs] [Times: user=0.00 sys=0.00, real=0.00 secs] 
2020-10-29T14:48:29.563+0000: [GC (Allocation Failure) 2020-10-29T14:48:29.563+0000: [ParNew: 16900K->516K(18432K), 0.0031594 secs] 327655K->311271K(631224K), 0.0032279 secs] [Times: user=0.00 sys=0.00, real=0.00 secs] 
2020-10-29T14:48:29.592+0000: [GC (Allocation Failure) 2020-10-29T14:48:29.592+0000: [ParNew: 16900K->516K(18432K), 0.0031198 secs] 327655K->311271K(631224K), 0.0031915 secs] [Times: user=0.01 sys=0.00, real=0.01 secs] 
2020-10-29T14:48:29.619+0000: [GC (Allocation Failure) 2020-10-29T14:48:29.619+0000: [ParNew: 16900K->516K(18432K), 0.0051304 secs] 327655K->311271K(631224K), 0.0051991 secs] [Times: user=0.01 sys=0.00, real=0.00 secs] 
2020-10-29T14:48:29.646+0000: [GC (Allocation Failure) 2020-10-29T14:48:29.646+0000: [ParNew: 16900K->4K(18432K), 0.0030930 secs] 327655K->311271K(631224K), 0.0031627 secs] [Times: user=0.00 sys=0.00, real=0.01 secs] 
2020-10-29T14:48:29.671+0000: [GC (Allocation Failure) 2020-10-29T14:48:29.671+0000: [ParNew: 16388K->4K(18432K), 0.0029369 secs] 327655K->311271K(631224K), 0.0030272 secs] [Times: user=0.00 sys=0.00, real=0.00 secs] 
2020-10-29T14:48:29.699+0000: [GC (Allocation Failure) 2020-10-29T14:48:29.699+0000: [ParNew: 16388K->2K(18432K), 0.0062876 secs] 327655K->311269K(631224K), 0.0063673 secs] [Times: user=0.01 sys=0.00, real=0.00 secs] 
2020-10-29T14:48:29.743+0000: [GC (Allocation Failure) 2020-10-29T14:48:29.743+0000: [ParNew: 16386K->4K(18432K), 0.0030709 secs] 327653K->311271K(631224K), 0.0031392 secs] [Times: user=0.00 sys=0.00, real=0.00 secs] 
2020-10-29T14:48:29.771+0000: [GC (Allocation Failure) 2020-10-29T14:48:29.771+0000: [ParNew: 16388K->4K(18432K), 0.0030062 secs] 327655K->311271K(631224K), 0.0030751 secs] [Times: user=0.01 sys=0.00, real=0.00 secs] 
2020-10-29T14:48:29.796+0000: [GC (Allocation Failure) 2020-10-29T14:48:29.796+0000: [ParNew: 16388K->4K(18432K), 0.0030409 secs] 327655K->311271K(631224K), 0.0031275 secs] [Times: user=0.01 sys=0.00, real=0.00 secs] 
2020-10-29T14:48:29.831+0000: [GC (Allocation Failure) 2020-10-29T14:48:29.831+0000: [ParNew: 16388K->4K(18432K), 0.0040189 secs] 327655K->311271K(631224K), 0.0040907 secs] [Times: user=0.01 sys=0.00, real=0.01 secs] 
2020-10-29T14:48:29.868+0000: [GC (Allocation Failure) 2020-10-29T14:48:29.868+0000: [ParNew: 16388K->4K(18432K), 0.0031157 secs] 327655K->311271K(631224K), 0.0032092 secs] [Times: user=0.01 sys=0.00, real=0.00 secs] 
2020-10-29T14:48:29.903+0000: [GC (Allocation Failure) 2020-10-29T14:48:29.903+0000: [ParNew: 16388K->4K(18432K), 0.0030381 secs] 327655K->311271K(631224K), 0.0031337 secs] [Times: user=0.01 sys=0.00, real=0.00 secs] 
2020-10-29T14:48:29.942+0000: [GC (Allocation Failure) 2020-10-29T14:48:29.942+0000: [ParNew: 16388K->4K(18432K), 0.0075389 secs] 327655K->311271K(631224K), 0.0076354 secs] [Times: user=0.02 sys=0.00, real=0.01 secs] 
2020-10-29T14:48:29.987+0000: [GC (Allocation Failure) 2020-10-29T14:48:29.987+0000: [ParNew: 16388K->4K(18432K), 0.0061187 secs] 327655K->311271K(631224K), 0.0062135 secs] [Times: user=0.01 sys=0.00, real=0.00 secs] 
2020-10-29T14:48:30.024+0000: [GC (Allocation Failure) 2020-10-29T14:48:30.024+0000: [ParNew: 16388K->2K(18432K), 0.0060102 secs] 327655K->311269K(631224K), 0.0060990 secs] [Times: user=0.01 sys=0.00, real=0.01 secs] 
2020-10-29T14:48:30.061+0000: [GC (Allocation Failure) 2020-10-29T14:48:30.061+0000: [ParNew: 16386K->4K(18432K), 0.0100234 secs] 327653K->311271K(631224K), 0.0101211 secs] [Times: user=0.02 sys=0.00, real=0.01 secs] 
2020-10-29T14:48:30.101+0000: [GC (Allocation Failure) 2020-10-29T14:48:30.101+0000: [ParNew: 16388K->4K(18432K), 0.0030330 secs] 327655K->311271K(631224K), 0.0031201 secs] [Times: user=0.01 sys=0.00, real=0.00 secs] 
2020-10-29T14:48:30.135+0000: [GC (Allocation Failure) 2020-10-29T14:48:30.135+0000: [ParNew: 16388K->4K(18432K), 0.0030445 secs] 327655K->311271K(631224K), 0.0031177 secs] [Times: user=0.00 sys=0.00, real=0.00 secs] 
2020-10-29T14:48:30.155+0000: [GC (Allocation Failure) 2020-10-29T14:48:30.155+0000: [ParNew: 16388K->4K(18432K), 0.0030499 secs] 327655K->311271K(631224K), 0.0031203 secs] [Times: user=0.01 sys=0.00, real=0.00 secs] 
2020-10-29T14:48:30.173+0000: [GC (Allocation Failure) 2020-10-29T14:48:30.173+0000: [ParNew: 16388K->4K(18432K), 0.0029888 secs] 327655K->311271K(631224K), 0.0030550 secs] [Times: user=0.01 sys=0.00, real=0.01 secs] 
2020-10-29T14:48:30.192+0000: [GC (Allocation Failure) 2020-10-29T14:48:30.192+0000: [ParNew: 16388K->4K(18432K), 0.0030141 secs] 327655K->311271K(631224K), 0.0030807 secs] [Times: user=0.00 sys=0.00, real=0.01 secs] 
2020-10-29T14:48:30.210+0000: [GC (Allocation Failure) 2020-10-29T14:48:30.210+0000: [ParNew: 16388K->4K(18432K), 0.0028464 secs] 327655K->311272K(631224K), 0.0029100 secs] [Times: user=0.01 sys=0.00, real=0.00 secs] 
2020-10-29T14:48:30.227+0000: [GC (Allocation Failure) 2020-10-29T14:48:30.227+0000: [ParNew: 16388K->4K(18432K), 0.0028508 secs] 327656K->311272K(631224K), 0.0029153 secs] [Times: user=0.00 sys=0.00, real=0.00 secs] 
2020-10-29T14:48:30.247+0000: [GC (Allocation Failure) 2020-10-29T14:48:30.247+0000: [ParNew: 16388K->4K(18432K), 0.0027173 secs] 327656K->311272K(631224K), 0.0027776 secs] [Times: user=0.01 sys=0.00, real=0.00 secs] 
2020-10-29T14:48:30.264+0000: [GC (Allocation Failure) 2020-10-29T14:48:30.264+0000: [ParNew: 16388K->4K(18432K), 0.0026630 secs] 327656K->311272K(631224K), 0.0027193 secs] [Times: user=0.00 sys=0.00, real=0.01 secs] 
2020-10-29T14:48:30.281+0000: [GC (Allocation Failure) 2020-10-29T14:48:30.281+0000: [ParNew: 16388K->4K(18432K), 0.0030229 secs] 327656K->311272K(631224K), 0.0031103 secs] [Times: user=0.01 sys=0.00, real=0.00 secs] 
2020-10-29T14:48:30.299+0000: [GC (Allocation Failure) 2020-10-29T14:48:30.299+0000: [ParNew: 16388K->4K(18432K), 0.0029666 secs] 327656K->311272K(631224K), 0.0030374 secs] [Times: user=0.01 sys=0.00, real=0.00 secs] 
2020-10-29T14:48:30.316+0000: [GC (Allocation Failure) 2020-10-29T14:48:30.316+0000: [ParNew: 16388K->4K(18432K), 0.0029556 secs] 327656K->311272K(631224K), 0.0030206 secs] [Times: user=0.00 sys=0.00, real=0.00 secs] 
2020-10-29T14:48:30.334+0000: [GC (Allocation Failure) 2020-10-29T14:48:30.334+0000: [ParNew: 16388K->4K(18432K), 0.0029459 secs] 327656K->311272K(631224K), 0.0030057 secs] [Times: user=0.01 sys=0.00, real=0.01 secs] 
2020-10-29T14:48:30.355+0000: [GC (Allocation Failure) 2020-10-29T14:48:30.355+0000: [ParNew: 16388K->4K(18432K), 0.0027676 secs] 327656K->311272K(631224K), 0.0028272 secs] [Times: user=0.01 sys=0.00, real=0.00 secs] 
2020-10-29T14:48:30.375+0000: [GC (Allocation Failure) 2020-10-29T14:48:30.375+0000: [ParNew: 16388K->4K(18432K), 0.0029196 secs] 327656K->311272K(631224K), 0.0029834 secs] [Times: user=0.00 sys=0.00, real=0.00 secs] 
2020-10-29T14:48:30.392+0000: [GC (Allocation Failure) 2020-10-29T14:48:30.392+0000: [ParNew: 16388K->4K(18432K), 0.0029487 secs] 327656K->311272K(631224K), 0.0030153 secs] [Times: user=0.01 sys=0.00, real=0.01 secs] 
2020-10-29T14:48:30.411+0000: [GC (Allocation Failure) 2020-10-29T14:48:30.411+0000: [ParNew: 16388K->4K(18432K), 0.0027832 secs] 327656K->311272K(631224K), 0.0028428 secs] [Times: user=0.00 sys=0.00, real=0.00 secs] 
2020-10-29T14:48:30.431+0000: [GC (Allocation Failure) 2020-10-29T14:48:30.431+0000: [ParNew: 16388K->4K(18432K), 0.0030115 secs] 327656K->311272K(631224K), 0.0030812 secs] [Times: user=0.01 sys=0.00, real=0.00 secs] 
2020-10-29T14:48:30.451+0000: [GC (Allocation Failure) 2020-10-29T14:48:30.451+0000: [ParNew: 16388K->4K(18432K), 0.0030605 secs] 327656K->311272K(631224K), 0.0031295 secs] [Times: user=0.01 sys=0.00, real=0.00 secs] 
2020-10-29T14:48:30.471+0000: [GC (Allocation Failure) 2020-10-29T14:48:30.471+0000: [ParNew: 16388K->4K(18432K), 0.0029947 secs] 327656K->311272K(631224K), 0.0030625 secs] [Times: user=0.00 sys=0.01, real=0.00 secs] 
2020-10-29T14:48:30.488+0000: [GC (Allocation Failure) 2020-10-29T14:48:30.488+0000: [ParNew: 16388K->4K(18432K), 0.0029060 secs] 327656K->311272K(631224K), 0.0029712 secs] [Times: user=0.01 sys=0.00, real=0.00 secs] 
2020-10-29T14:48:30.507+0000: [GC (Allocation Failure) 2020-10-29T14:48:30.507+0000: [ParNew: 16388K->4K(18432K), 0.0027553 secs] 327656K->311272K(631224K), 0.0028317 secs] [Times: user=0.01 sys=0.00, real=0.00 secs] 
2020-10-29T14:48:30.524+0000: [GC (Allocation Failure) 2020-10-29T14:48:30.524+0000: [ParNew: 16388K->4K(18432K), 0.0029659 secs] 327656K->311272K(631224K), 0.0030304 secs] [Times: user=0.01 sys=0.00, real=0.01 secs] 
2020-10-29T14:48:30.543+0000: [GC (Allocation Failure) 2020-10-29T14:48:30.543+0000: [ParNew: 16388K->4K(18432K), 0.0030057 secs] 327656K->311272K(631224K), 0.0030759 secs] [Times: user=0.01 sys=0.00, real=0.00 secs] 
2020-10-29T14:48:30.561+0000: [GC (Allocation Failure) 2020-10-29T14:48:30.561+0000: [ParNew: 16388K->4K(18432K), 0.0030053 secs] 327656K->311272K(631224K), 0.0030771 secs] [Times: user=0.01 sys=0.00, real=0.00 secs] 
2020-10-29T14:48:30.579+0000: [GC (Allocation Failure) 2020-10-29T14:48:30.579+0000: [ParNew: 16388K->4K(18432K), 0.0029825 secs] 327656K->311272K(631224K), 0.0030590 secs] [Times: user=0.01 sys=0.00, real=0.00 secs] 
2020-10-29T14:48:30.599+0000: [GC (Allocation Failure) 2020-10-29T14:48:30.599+0000: [ParNew: 16388K->4K(18432K), 0.0029632 secs] 327656K->311272K(631224K), 0.0030292 secs] [Times: user=0.00 sys=0.00, real=0.00 secs] 
2020-10-29T14:48:30.618+0000: [GC (Allocation Failure) 2020-10-29T14:48:30.618+0000: [ParNew: 16388K->4K(18432K), 0.0030592 secs] 327656K->311272K(631224K), 0.0031270 secs] [Times: user=0.01 sys=0.00, real=0.00 secs] 
2020-10-29T14:48:30.639+0000: [GC (Allocation Failure) 2020-10-29T14:48:30.639+0000: [ParNew: 16388K->4K(18432K), 0.0029968 secs] 327656K->311272K(631224K), 0.0030633 secs] [Times: user=0.01 sys=0.00, real=0.00 secs] 
2020-10-29T14:48:30.659+0000: [GC (Allocation Failure) 2020-10-29T14:48:30.659+0000: [ParNew: 16388K->4K(18432K), 0.0029588 secs] 327656K->311272K(631224K), 0.0030252 secs] [Times: user=0.00 sys=0.00, real=0.00 secs] 
2020-10-29T14:48:30.679+0000: [GC (Allocation Failure) 2020-10-29T14:48:30.679+0000: [ParNew: 16388K->4K(18432K), 0.0030067 secs] 327656K->311272K(631224K), 0.0030758 secs] [Times: user=0.01 sys=0.00, real=0.00 secs] 
2020-10-29T14:48:30.696+0000: [GC (Allocation Failure) 2020-10-29T14:48:30.696+0000: [ParNew: 16388K->4K(18432K), 0.0030866 secs] 327656K->311272K(631224K), 0.0031550 secs] [Times: user=0.00 sys=0.00, real=0.00 secs] 
2020-10-29T14:48:30.715+0000: [GC (Allocation Failure) 2020-10-29T14:48:30.715+0000: [ParNew: 16388K->4K(18432K), 0.0030109 secs] 327656K->311272K(631224K), 0.0030809 secs] [Times: user=0.01 sys=0.00, real=0.00 secs] 
2020-10-29T14:48:30.733+0000: [GC (Allocation Failure) 2020-10-29T14:48:30.733+0000: [ParNew: 16388K->4K(18432K), 0.0030632 secs] 327656K->311272K(631224K), 0.0031455 secs] [Times: user=0.01 sys=0.00, real=0.01 secs] 
2020-10-29T14:48:30.751+0000: [GC (Allocation Failure) 2020-10-29T14:48:30.751+0000: [ParNew: 16388K->4K(18432K), 0.0029940 secs] 327656K->311272K(631224K), 0.0030629 secs] [Times: user=0.00 sys=0.00, real=0.00 secs] 
2020-10-29T14:48:30.771+0000: [GC (Allocation Failure) 2020-10-29T14:48:30.771+0000: [ParNew: 16388K->4K(18432K), 0.0030344 secs] 327656K->311272K(631224K), 0.0031017 secs] [Times: user=0.01 sys=0.00, real=0.00 secs] 
2020-10-29T14:48:30.788+0000: [GC (Allocation Failure) 2020-10-29T14:48:30.788+0000: [ParNew: 16388K->4K(18432K), 0.0030269 secs] 327656K->311272K(631224K), 0.0030962 secs] [Times: user=0.00 sys=0.00, real=0.00 secs] 
2020-10-29T14:48:30.807+0000: [GC (Allocation Failure) 2020-10-29T14:48:30.807+0000: [ParNew: 16388K->4K(18432K), 0.0029187 secs] 327656K->311272K(631224K), 0.0029832 secs] [Times: user=0.01 sys=0.00, real=0.00 secs] 
2020-10-29T14:48:30.827+0000: [GC (Allocation Failure) 2020-10-29T14:48:30.827+0000: [ParNew: 16388K->4K(18432K), 0.0030278 secs] 327656K->311272K(631224K), 0.0030955 secs] [Times: user=0.01 sys=0.00, real=0.00 secs] 
2020-10-29T14:48:30.844+0000: [GC (Allocation Failure) 2020-10-29T14:48:30.844+0000: [ParNew: 16388K->4K(18432K), 0.0028802 secs] 327656K->311272K(631224K), 0.0029431 secs] [Times: user=0.01 sys=0.00, real=0.01 secs] 
2020-10-29T14:48:30.863+0000: [GC (Allocation Failure) 2020-10-29T14:48:30.863+0000: [ParNew: 16388K->4K(18432K), 0.0028094 secs] 327656K->311272K(631224K), 0.0028717 secs] [Times: user=0.00 sys=0.00, real=0.00 secs] 
2020-10-29T14:48:30.883+0000: [GC (Allocation Failure) 2020-10-29T14:48:30.883+0000: [ParNew: 16388K->4K(18432K), 0.0029708 secs] 327656K->311272K(631224K), 0.0030393 secs] [Times: user=0.01 sys=0.00, real=0.00 secs] 
2020-10-29T14:48:30.903+0000: [GC (Allocation Failure) 2020-10-29T14:48:30.903+0000: [ParNew: 16388K->4K(18432K), 0.0028411 secs] 327656K->311272K(631224K), 0.0029058 secs] [Times: user=0.00 sys=0.00, real=0.00 secs] 
2020-10-29T14:48:30.923+0000: [GC (Allocation Failure) 2020-10-29T14:48:30.923+0000: [ParNew: 16388K->4K(18432K), 0.0029825 secs] 327656K->311272K(631224K), 0.0030486 secs] [Times: user=0.01 sys=0.00, real=0.00 secs] 
2020-10-29T14:48:30.940+0000: [GC (Allocation Failure) 2020-10-29T14:48:30.940+0000: [ParNew: 16388K->4K(18432K), 0.0028909 secs] 327656K->311272K(631224K), 0.0029511 secs] [Times: user=0.01 sys=0.00, real=0.00 secs] 
2020-10-29T14:48:30.959+0000: [GC (Allocation Failure) 2020-10-29T14:48:30.959+0000: [ParNew: 16388K->4K(18432K), 0.0030151 secs] 327656K->311272K(631224K), 0.0030819 secs] [Times: user=0.01 sys=0.00, real=0.00 secs] 
2020-10-29T14:48:30.976+0000: [GC (Allocation Failure) 2020-10-29T14:48:30.976+0000: [ParNew: 16388K->4K(18432K), 0.0029663 secs] 327656K->311272K(631224K), 0.0030317 secs] [Times: user=0.00 sys=0.00, real=0.00 secs] 
2020-10-29T14:48:30.994+0000: [GC (Allocation Failure) 2020-10-29T14:48:30.994+0000: [ParNew: 16388K->4K(18432K), 0.0029934 secs] 327656K->311272K(631224K), 0.0030601 secs] [Times: user=0.01 sys=0.00, real=0.01 secs] 
2020-10-29T14:48:31.011+0000: [GC (Allocation Failure) 2020-10-29T14:48:31.011+0000: [ParNew: 16388K->4K(18432K), 0.0034035 secs] 327656K->311272K(631224K), 0.0034733 secs] [Times: user=0.00 sys=0.00, real=0.01 secs] 
2020-10-29T14:48:31.030+0000: [GC (Allocation Failure) 2020-10-29T14:48:31.030+0000: [ParNew: 16388K->4K(18432K), 0.0030274 secs] 327656K->311272K(631224K), 0.0030976 secs] [Times: user=0.01 sys=0.00, real=0.00 secs] 
2020-10-29T14:48:31.048+0000: [GC (Allocation Failure) 2020-10-29T14:48:31.048+0000: [ParNew: 16388K->4K(18432K), 0.0031221 secs] 327656K->311272K(631224K), 0.0031973 secs] [Times: user=0.01 sys=0.00, real=0.00 secs] 
2020-10-29T14:48:31.065+0000: [GC (Allocation Failure) 2020-10-29T14:48:31.065+0000: [ParNew: 16388K->4K(18432K), 0.0031014 secs] 327656K->311272K(631224K), 0.0031727 secs] [Times: user=0.00 sys=0.00, real=0.01 secs] 
2020-10-29T14:48:31.083+0000: [GC (Allocation Failure) 2020-10-29T14:48:31.083+0000: [ParNew: 16388K->4K(18432K), 0.0031159 secs] 327656K->311272K(631224K), 0.0031874 secs] [Times: user=0.01 sys=0.01, real=0.00 secs] 
2020-10-29T14:48:31.100+0000: [GC (Allocation Failure) 2020-10-29T14:48:31.100+0000: [ParNew: 16388K->4K(18432K), 0.0031625 secs] 327656K->311272K(631224K), 0.0032351 secs] [Times: user=0.01 sys=0.00, real=0.00 secs] 
2020-10-29T14:48:31.119+0000: [GC (Allocation Failure) 2020-10-29T14:48:31.119+0000: [ParNew: 16388K->4K(18432K), 0.0030701 secs] 327656K->311272K(631224K), 0.0031412 secs] [Times: user=0.01 sys=0.00, real=0.00 secs] 
2020-10-29T14:48:31.139+0000: [GC (Allocation Failure) 2020-10-29T14:48:31.139+0000: [ParNew: 16388K->4K(18432K), 0.0030273 secs] 327656K->311272K(631224K), 0.0030975 secs] [Times: user=0.00 sys=0.00, real=0.00 secs] 
2020-10-29T14:48:31.156+0000: [GC (Allocation Failure) 2020-10-29T14:48:31.156+0000: [ParNew: 16388K->4K(18432K), 0.0030759 secs] 327656K->311272K(631224K), 0.0031465 secs] [Times: user=0.01 sys=0.00, real=0.00 secs] 
2020-10-29T14:48:31.174+0000: [GC (Allocation Failure) 2020-10-29T14:48:31.174+0000: [ParNew: 16388K->4K(18432K), 0.0030791 secs] 327656K->311272K(631224K), 0.0031485 secs] [Times: user=0.01 sys=0.00, real=0.01 secs] 
2020-10-29T14:48:31.191+0000: [GC (Allocation Failure) 2020-10-29T14:48:31.191+0000: [ParNew: 16388K->4K(18432K), 0.0030021 secs] 327656K->311272K(631224K), 0.0030863 secs] [Times: user=0.01 sys=0.00, real=0.00 secs] 
2020-10-29T14:48:31.211+0000: [GC (Allocation Failure) 2020-10-29T14:48:31.211+0000: [ParNew: 16388K->4K(18432K), 0.0028580 secs] 327656K->311272K(631224K), 0.0029214 secs] [Times: user=0.00 sys=0.00, real=0.00 secs] 
2020-10-29T14:48:31.231+0000: [GC (Allocation Failure) 2020-10-29T14:48:31.231+0000: [ParNew: 16388K->4K(18432K), 0.0029468 secs] 327656K->311272K(631224K), 0.0030127 secs] [Times: user=0.00 sys=0.00, real=0.00 secs] 
2020-10-29T14:48:31.248+0000: [GC (Allocation Failure) 2020-10-29T14:48:31.248+0000: [ParNew: 16388K->4K(18432K), 0.0029035 secs] 327656K->311272K(631224K), 0.0029664 secs] [Times: user=0.01 sys=0.00, real=0.00 secs] 
2020-10-29T14:48:31.267+0000: [GC (Allocation Failure) 2020-10-29T14:48:31.267+0000: [ParNew: 16388K->4K(18432K), 0.0030146 secs] 327656K->311272K(631224K), 0.0030820 secs] [Times: user=0.00 sys=0.00, real=0.00 secs] 
2020-10-29T14:48:31.284+0000: [GC (Allocation Failure) 2020-10-29T14:48:31.284+0000: [ParNew: 16388K->4K(18432K), 0.0028841 secs] 327656K->311272K(631224K), 0.0029471 secs] [Times: user=0.01 sys=0.00, real=0.01 secs] 
2020-10-29T14:48:31.302+0000: [GC (Allocation Failure) 2020-10-29T14:48:31.302+0000: [ParNew: 16388K->4K(18432K), 0.0030393 secs] 327656K->311272K(631224K), 0.0031058 secs] [Times: user=0.01 sys=0.00, real=0.00 secs] 
2020-10-29T14:48:31.319+0000: [GC (Allocation Failure) 2020-10-29T14:48:31.319+0000: [ParNew: 16388K->4K(18432K), 0.0028948 secs] 327656K->311272K(631224K), 0.0029584 secs] [Times: user=0.01 sys=0.00, real=0.00 secs] 
2020-10-29T14:48:31.336+0000: [GC (Allocation Failure) 2020-10-29T14:48:31.336+0000: [ParNew: 16388K->4K(18432K), 0.0027694 secs] 327656K->311272K(631224K), 0.0028313 secs] [Times: user=0.00 sys=0.00, real=0.00 secs] 
2020-10-29T14:48:31.358+0000: [GC (Allocation Failure) 2020-10-29T14:48:31.358+0000: [ParNew: 16388K->4K(18432K), 0.0027982 secs] 327656K->311272K(631224K), 0.0028613 secs] [Times: user=0.01 sys=0.00, real=0.00 secs] 
2020-10-29T14:48:31.379+0000: [GC (Allocation Failure) 2020-10-29T14:48:31.379+0000: [ParNew: 16388K->4K(18432K), 0.0028382 secs] 327656K->311272K(631224K), 0.0029020 secs] [Times: user=0.01 sys=0.00, real=0.00 secs] 
2020-10-29T14:48:31.396+0000: [GC (Allocation Failure) 2020-10-29T14:48:31.396+0000: [ParNew: 16388K->4K(18432K), 0.0028021 secs] 327656K->311272K(631224K), 0.0028630 secs] [Times: user=0.01 sys=0.00, real=0.00 secs] 
2020-10-29T14:48:31.413+0000: [GC (Allocation Failure) 2020-10-29T14:48:31.413+0000: [ParNew: 16388K->4K(18432K), 0.0027058 secs] 327656K->311272K(631224K), 0.0027636 secs] [Times: user=0.00 sys=0.00, real=0.01 secs] 
2020-10-29T14:48:31.431+0000: [GC (Allocation Failure) 2020-10-29T14:48:31.431+0000: [ParNew: 16388K->4K(18432K), 0.0029075 secs] 327656K->311272K(631224K), 0.0029743 secs] [Times: user=0.01 sys=0.00, real=0.00 secs] 
2020-10-29T14:48:31.451+0000: [GC (Allocation Failure) 2020-10-29T14:48:31.451+0000: [ParNew: 16388K->4K(18432K), 0.0028608 secs] 327656K->311272K(631224K), 0.0029236 secs] [Times: user=0.00 sys=0.00, real=0.00 secs] 
2020-10-29T14:48:31.468+0000: [GC (Allocation Failure) 2020-10-29T14:48:31.468+0000: [ParNew: 16388K->4K(18432K), 0.0027849 secs] 327656K->311272K(631224K), 0.0028447 secs] [Times: user=0.01 sys=0.00, real=0.00 secs] 
2020-10-29T14:48:31.485+0000: [GC (Allocation Failure) 2020-10-29T14:48:31.485+0000: [ParNew: 16388K->4K(18432K), 0.0027738 secs] 327656K->311272K(631224K), 0.0028339 secs] [Times: user=0.01 sys=0.00, real=0.01 secs] 
2020-10-29T14:48:31.503+0000: [GC (Allocation Failure) 2020-10-29T14:48:31.503+0000: [ParNew: 16388K->4K(18432K), 0.0028468 secs] 327656K->311272K(631224K), 0.0029093 secs] [Times: user=0.01 sys=0.00, real=0.00 secs] 
2020-10-29T14:48:31.523+0000: [GC (Allocation Failure) 2020-10-29T14:48:31.523+0000: [ParNew: 16388K->4K(18432K), 0.0029992 secs] 327656K->311272K(631224K), 0.0030682 secs] [Times: user=0.00 sys=0.00, real=0.00 secs] 
2020-10-29T14:48:31.543+0000: [GC (Allocation Failure) 2020-10-29T14:48:31.543+0000: [ParNew: 16388K->4K(18432K), 0.0029308 secs] 327656K->311272K(631224K), 0.0029948 secs] [Times: user=0.01 sys=0.00, real=0.00 secs] 
2020-10-29T14:48:31.560+0000: [GC (Allocation Failure) 2020-10-29T14:48:31.560+0000: [ParNew: 16388K->4K(18432K), 0.0029566 secs] 327656K->311272K(631224K), 0.0030225 secs] [Times: user=0.00 sys=0.00, real=0.00 secs] 
2020-10-29T14:48:31.578+0000: [GC (Allocation Failure) 2020-10-29T14:48:31.578+0000: [ParNew: 16388K->4K(18432K), 0.0027914 secs] 327656K->311272K(631224K), 0.0028499 secs] [Times: user=0.01 sys=0.00, real=0.00 secs] 
2020-10-29T14:48:31.599+0000: [GC (Allocation Failure) 2020-10-29T14:48:31.599+0000: [ParNew: 16388K->4K(18432K), 0.0027835 secs] 327656K->311272K(631224K), 0.0028558 secs] [Times: user=0.00 sys=0.00, real=0.00 secs] 
2020-10-29T14:48:31.616+0000: [GC (Allocation Failure) 2020-10-29T14:48:31.616+0000: [ParNew: 16388K->4K(18432K), 0.0028129 secs] 327656K->311272K(631224K), 0.0028763 secs] [Times: user=0.01 sys=0.00, real=0.00 secs] 
2020-10-29T14:48:31.633+0000: [GC (Allocation Failure) 2020-10-29T14:48:31.633+0000: [ParNew: 16388K->4K(18432K), 0.0029740 secs] 327656K->311272K(631224K), 0.0030395 secs] [Times: user=0.00 sys=0.00, real=0.01 secs] 
2020-10-29T14:48:31.650+0000: [GC (Allocation Failure) 2020-10-29T14:48:31.650+0000: [ParNew: 16388K->4K(18432K), 0.0028901 secs] 327656K->311272K(631224K), 0.0029531 secs] [Times: user=0.01 sys=0.00, real=0.00 secs] 
2020-10-29T14:48:31.668+0000: [GC (Allocation Failure) 2020-10-29T14:48:31.668+0000: [ParNew: 16388K->4K(18432K), 0.0029357 secs] 327656K->311272K(631224K), 0.0030023 secs] [Times: user=0.01 sys=0.00, real=0.00 secs] 
2020-10-29T14:48:31.686+0000: [GC (Allocation Failure) 2020-10-29T14:48:31.686+0000: [ParNew: 16388K->4K(18432K), 0.0030549 secs] 327656K->311272K(631224K), 0.0031279 secs] [Times: user=0.01 sys=0.00, real=0.01 secs] 
2020-10-29T14:48:31.703+0000: [GC (Allocation Failure) 2020-10-29T14:48:31.703+0000: [ParNew: 16388K->4K(18432K), 0.0030726 secs] 327656K->311272K(631224K), 0.0031419 secs] [Times: user=0.00 sys=0.00, real=0.00 secs] 
2020-10-29T14:48:31.723+0000: [GC (Allocation Failure) 2020-10-29T14:48:31.723+0000: [ParNew: 16388K->4K(18432K), 0.0030459 secs] 327656K->311272K(631224K), 0.0031213 secs] [Times: user=0.01 sys=0.00, real=0.00 secs] 
2020-10-29T14:48:31.740+0000: [GC (Allocation Failure) 2020-10-29T14:48:31.740+0000: [ParNew: 16388K->4K(18432K), 0.0030402 secs] 327656K->311272K(631224K), 0.0031105 secs] [Times: user=0.01 sys=0.00, real=0.00 secs] 
2020-10-29T14:48:31.759+0000: [GC (Allocation Failure) 2020-10-29T14:48:31.759+0000: [ParNew: 16388K->4K(18432K), 0.0030344 secs] 327656K->311272K(631224K), 0.0031042 secs] [Times: user=0.01 sys=0.00, real=0.00 secs] 
2020-10-29T14:48:31.777+0000: [GC (Allocation Failure) 2020-10-29T14:48:31.777+0000: [ParNew: 16388K->4K(18432K), 0.0030596 secs] 327656K->311272K(631224K), 0.0031292 secs] [Times: user=0.01 sys=0.00, real=0.00 secs] 
2020-10-29T14:48:31.795+0000: [GC (Allocation Failure) 2020-10-29T14:48:31.795+0000: [ParNew: 16388K->4K(18432K), 0.0030451 secs] 327656K->311272K(631224K), 0.0031153 secs] [Times: user=0.00 sys=0.00, real=0.00 secs] 
2020-10-29T14:48:31.813+0000: [GC (Allocation Failure) 2020-10-29T14:48:31.813+0000: [ParNew: 16388K->4K(18432K), 0.0030102 secs] 327656K->311272K(631224K), 0.0030784 secs] [Times: user=0.01 sys=0.00, real=0.01 secs] 
2020-10-29T14:48:31.830+0000: [GC (Allocation Failure) 2020-10-29T14:48:31.830+0000: [ParNew: 16388K->4K(18432K), 0.0028996 secs] 327656K->311272K(631224K), 0.0029651 secs] [Times: user=0.01 sys=0.00, real=0.00 secs] 
2020-10-29T14:48:31.851+0000: [GC (Allocation Failure) 2020-10-29T14:48:31.851+0000: [ParNew: 16388K->4K(18432K), 0.0030064 secs] 327656K->311272K(631224K), 0.0030761 secs] [Times: user=0.01 sys=0.00, real=0.00 secs] 
2020-10-29T14:48:31.869+0000: [GC (Allocation Failure) 2020-10-29T14:48:31.869+0000: [ParNew: 16388K->4K(18432K), 0.0030501 secs] 327656K->311272K(631224K), 0.0031330 secs] [Times: user=0.01 sys=0.00, real=0.00 secs] 
2020-10-29T14:48:31.887+0000: [GC (Allocation Failure) 2020-10-29T14:48:31.887+0000: [ParNew: 16388K->4K(18432K), 0.0029715 secs] 327656K->311272K(631224K), 0.0030524 secs] [Times: user=0.00 sys=0.00, real=0.00 secs] 
2020-10-29T14:48:31.907+0000: [GC (Allocation Failure) 2020-10-29T14:48:31.907+0000: [ParNew: 16388K->4K(18432K), 0.0029713 secs] 327656K->311272K(631224K), 0.0030390 secs] [Times: user=0.01 sys=0.00, real=0.00 secs] 
2020-10-29T14:48:31.924+0000: [GC (Allocation Failure) 2020-10-29T14:48:31.924+0000: [ParNew: 16388K->4K(18432K), 0.0030137 secs] 327656K->311272K(631224K), 0.0030811 secs] [Times: user=0.00 sys=0.00, real=0.01 secs] 
2020-10-29T14:48:31.943+0000: [GC (Allocation Failure) 2020-10-29T14:48:31.943+0000: [ParNew: 16388K->4K(18432K), 0.0029999 secs] 327656K->311272K(631224K), 0.0030697 secs] [Times: user=0.00 sys=0.00, real=0.00 secs] 
2020-10-29T14:48:31.960+0000: [GC (Allocation Failure) 2020-10-29T14:48:31.960+0000: [ParNew: 16388K->4K(18432K), 0.0028880 secs] 327656K->311272K(631224K), 0.0029500 secs] [Times: user=0.01 sys=0.00, real=0.00 secs] 
2020-10-29T14:48:31.978+0000: [GC (Allocation Failure) 2020-10-29T14:48:31.978+0000: [ParNew: 16388K->4K(18432K), 0.0030277 secs] 327656K->311272K(631224K), 0.0030909 secs] [Times: user=0.00 sys=0.00, real=0.00 secs] 
2020-10-29T14:48:31.995+0000: [GC (Allocation Failure) 2020-10-29T14:48:31.995+0000: [ParNew: 16388K->4K(18432K), 0.0029197 secs] 327656K->311272K(631224K), 0.0029823 secs] [Times: user=0.01 sys=0.00, real=0.00 secs] 
2020-10-29T14:48:32.013+0000: [GC (Allocation Failure) 2020-10-29T14:48:32.013+0000: [ParNew: 16388K->4K(18432K), 0.0034945 secs] 327656K->311272K(631224K), 0.0035788 secs] [Times: user=0.00 sys=0.00, real=0.01 secs] 
2020-10-29T14:48:32.032+0000: [GC (Allocation Failure) 2020-10-29T14:48:32.032+0000: [ParNew: 16388K->4K(18432K), 0.0032429 secs] 327656K->311272K(631224K), 0.0033117 secs] [Times: user=0.01 sys=0.00, real=0.01 secs] 
2020-10-29T14:48:32.052+0000: [GC (Allocation Failure) 2020-10-29T14:48:32.052+0000: [ParNew: 16388K->4K(18432K), 0.0030522 secs] 327656K->311272K(631224K), 0.0031180 secs] [Times: user=0.01 sys=0.00, real=0.01 secs] 
2020-10-29T14:48:32.071+0000: [GC (Allocation Failure) 2020-10-29T14:48:32.071+0000: [ParNew: 16388K->4K(18432K), 0.0029930 secs] 327656K->311272K(631224K), 0.0030775 secs] [Times: user=0.01 sys=0.00, real=0.00 secs] 
2020-10-29T14:48:32.091+0000: [GC (Allocation Failure) 2020-10-29T14:48:32.091+0000: [ParNew: 16388K->4K(18432K), 0.0029962 secs] 327656K->311272K(631224K), 0.0030640 secs] [Times: user=0.00 sys=0.00, real=0.00 secs] 
2020-10-29T14:48:32.111+0000: [GC (Allocation Failure) 2020-10-29T14:48:32.111+0000: [ParNew: 16388K->4K(18432K), 0.0030332 secs] 327656K->311272K(631224K), 0.0031023 secs] [Times: user=0.01 sys=0.00, real=0.00 secs] 
2020-10-29T14:48:32.131+0000: [GC (Allocation Failure) 2020-10-29T14:48:32.131+0000: [ParNew: 16388K->4K(18432K), 0.0030259 secs] 327656K->311272K(631224K), 0.0030929 secs] [Times: user=0.00 sys=0.00, real=0.00 secs] 
2020-10-29T14:48:32.151+0000: [GC (Allocation Failure) 2020-10-29T14:48:32.151+0000: [ParNew: 16388K->4K(18432K), 0.0030222 secs] 327656K->311272K(631224K), 0.0031026 secs] [Times: user=0.01 sys=0.00, real=0.00 secs] 
2020-10-29T14:48:32.171+0000: [GC (Allocation Failure) 2020-10-29T14:48:32.171+0000: [ParNew: 16388K->4K(18432K), 0.0033002 secs] 327656K->311272K(631224K), 0.0033753 secs] [Times: user=0.01 sys=0.00, real=0.00 secs] 
2020-10-29T14:48:32.189+0000: [GC (Allocation Failure) 2020-10-29T14:48:32.189+0000: [ParNew: 16388K->4K(18432K), 0.0032322 secs] 327656K->311272K(631224K), 0.0033010 secs] [Times: user=0.00 sys=0.00, real=0.00 secs] 
2020-10-29T14:48:32.208+0000: [GC (Allocation Failure) 2020-10-29T14:48:32.208+0000: [ParNew: 16388K->4K(18432K), 0.0030081 secs] 327656K->311272K(631224K), 0.0030761 secs] [Times: user=0.01 sys=0.00, real=0.00 secs] 
2020-10-29T14:48:32.227+0000: [GC (Allocation Failure) 2020-10-29T14:48:32.227+0000: [ParNew: 16388K->4K(18432K), 0.0030584 secs] 327656K->311272K(631224K), 0.0031386 secs] [Times: user=0.00 sys=0.00, real=0.00 secs] 
2020-10-29T14:48:32.247+0000: [GC (Allocation Failure) 2020-10-29T14:48:32.247+0000: [ParNew: 16388K->4K(18432K), 0.0030074 secs] 327656K->311272K(631224K), 0.0030882 secs] [Times: user=0.00 sys=0.00, real=0.00 secs] 
2020-10-29T14:48:32.265+0000: [GC (Allocation Failure) 2020-10-29T14:48:32.265+0000: [ParNew: 16388K->4K(18432K), 0.0030165 secs] 327656K->311272K(631224K), 0.0030854 secs] [Times: user=0.01 sys=0.00, real=0.01 secs] 
2020-10-29T14:48:32.283+0000: [GC (Allocation Failure) 2020-10-29T14:48:32.283+0000: [ParNew: 16388K->4K(18432K), 0.0030968 secs] 327656K->311272K(631224K), 0.0031836 secs] [Times: user=0.01 sys=0.00, real=0.00 secs] 
2020-10-29T14:48:32.303+0000: [GC (Allocation Failure) 2020-10-29T14:48:32.303+0000: [ParNew: 16388K->4K(18432K), 0.0031487 secs] 327656K->311272K(631224K), 0.0032226 secs] [Times: user=0.00 sys=0.00, real=0.00 secs] 
2020-10-29T14:48:32.323+0000: [GC (Allocation Failure) 2020-10-29T14:48:32.323+0000: [ParNew: 16388K->4K(18432K), 0.0035865 secs] 327656K->311272K(631224K), 0.0036526 secs] [Times: user=0.01 sys=0.00, real=0.00 secs] 
2020-10-29T14:48:32.341+0000: [GC (Allocation Failure) 2020-10-29T14:48:32.341+0000: [ParNew: 16388K->4K(18432K), 0.0031188 secs] 327656K->311272K(631224K), 0.0031888 secs] [Times: user=0.00 sys=0.00, real=0.00 secs] 
2020-10-29T14:48:32.363+0000: [GC (Allocation Failure) 2020-10-29T14:48:32.363+0000: [ParNew: 16388K->4K(18432K), 0.0031106 secs] 327656K->311272K(631224K), 0.0031917 secs] [Times: user=0.01 sys=0.00, real=0.00 secs] 
2020-10-29T14:48:32.381+0000: [GC (Allocation Failure) 2020-10-29T14:48:32.381+0000: [ParNew: 16388K->4K(18432K), 0.0031019 secs] 327656K->311272K(631224K), 0.0031707 secs] [Times: user=0.00 sys=0.00, real=0.00 secs] 
2020-10-29T14:48:32.399+0000: [GC (Allocation Failure) 2020-10-29T14:48:32.399+0000: [ParNew: 16388K->4K(18432K), 0.0031092 secs] 327656K->311272K(631224K), 0.0031803 secs] [Times: user=0.01 sys=0.00, real=0.00 secs] 
2020-10-29T14:48:32.417+0000: [GC (Allocation Failure) 2020-10-29T14:48:32.417+0000: [ParNew: 16388K->4K(18432K), 0.0030932 secs] 327656K->311272K(631224K), 0.0031587 secs] [Times: user=0.00 sys=0.00, real=0.00 secs] 
2020-10-29T14:48:32.434+0000: [GC (Allocation Failure) 2020-10-29T14:48:32.434+0000: [ParNew: 16388K->4K(18432K), 0.0030375 secs] 327656K->311272K(631224K), 0.0031075 secs] [Times: user=0.01 sys=0.00, real=0.01 secs] 
2020-10-29T14:48:32.452+0000: [GC (Allocation Failure) 2020-10-29T14:48:32.452+0000: [ParNew: 16388K->4K(18432K), 0.0030051 secs] 327656K->311272K(631224K), 0.0030735 secs] [Times: user=0.00 sys=0.00, real=0.01 secs] 
2020-10-29T14:48:32.471+0000: [GC (Allocation Failure) 2020-10-29T14:48:32.471+0000: [ParNew: 16388K->4K(18432K), 0.0029929 secs] 327656K->311272K(631224K), 0.0030610 secs] [Times: user=0.01 sys=0.00, real=0.00 secs] 
2020-10-29T14:48:32.491+0000: [GC (Allocation Failure) 2020-10-29T14:48:32.491+0000: [ParNew: 16388K->4K(18432K), 0.0029988 secs] 327656K->311272K(631224K), 0.0030685 secs] [Times: user=0.00 sys=0.00, real=0.00 secs] 
2020-10-29T14:48:32.509+0000: [GC (Allocation Failure) 2020-10-29T14:48:32.509+0000: [ParNew: 16388K->4K(18432K), 0.0030470 secs] 327656K->311272K(631224K), 0.0031139 secs] [Times: user=0.01 sys=0.00, real=0.00 secs] 
2020-10-29T14:48:32.531+0000: [GC (Allocation Failure) 2020-10-29T14:48:32.531+0000: [ParNew: 16388K->4K(18432K), 0.0030159 secs] 327656K->311272K(631224K), 0.0031012 secs] [Times: user=0.01 sys=0.00, real=0.00 secs] 
2020-10-29T14:48:32.551+0000: [GC (Allocation Failure) 2020-10-29T14:48:32.551+0000: [ParNew: 16388K->4K(18432K), 0.0031589 secs] 327656K->311272K(631224K), 0.0032352 secs] [Times: user=0.00 sys=0.00, real=0.00 secs] 
2020-10-29T14:48:32.570+0000: [GC (Allocation Failure) 2020-10-29T14:48:32.570+0000: [ParNew: 16388K->4K(18432K), 0.0030440 secs] 327656K->311272K(631224K), 0.0031138 secs] [Times: user=0.00 sys=0.00, real=0.00 secs] 
2020-10-29T14:48:32.595+0000: [GC (Allocation Failure) 2020-10-29T14:48:32.595+0000: [ParNew: 16388K->4K(18432K), 0.0030985 secs] 327656K->311272K(631224K), 0.0031667 secs] [Times: user=0.01 sys=0.00, real=0.00 secs] 
2020-10-29T14:48:32.613+0000: [GC (Allocation Failure) 2020-10-29T14:48:32.613+0000: [ParNew: 16388K->4K(18432K), 0.0031405 secs] 327656K->311272K(631224K), 0.0032018 secs] [Times: user=0.00 sys=0.00, real=0.01 secs] 
2020-10-29T14:48:32.635+0000: [GC (Allocation Failure) 2020-10-29T14:48:32.635+0000: [ParNew: 16388K->4K(18432K), 0.0029402 secs] 327656K->311272K(631224K), 0.0030054 secs] [Times: user=0.00 sys=0.00, real=0.00 secs] 
2020-10-29T14:48:32.652+0000: [GC (Allocation Failure) 2020-10-29T14:48:32.652+0000: [ParNew: 16388K->4K(18432K), 0.0030159 secs] 327656K->311272K(631224K), 0.0030795 secs] [Times: user=0.01 sys=0.00, real=0.01 secs] 
2020-10-29T14:48:32.670+0000: [GC (Allocation Failure) 2020-10-29T14:48:32.670+0000: [ParNew: 16388K->4K(18432K), 0.0031136 secs] 327656K->311272K(631224K), 0.0031820 secs] [Times: user=0.01 sys=0.00, real=0.00 secs] 
2020-10-29T14:48:32.689+0000: [GC (Allocation Failure) 2020-10-29T14:48:32.689+0000: [ParNew: 16388K->4K(18432K), 0.0032223 secs] 327656K->311272K(631224K), 0.0032963 secs] [Times: user=0.01 sys=0.00, real=0.00 secs] 
2020-10-29T14:48:32.711+0000: [GC (Allocation Failure) 2020-10-29T14:48:32.711+0000: [ParNew: 16388K->4K(18432K), 0.0030552 secs] 327656K->311272K(631224K), 0.0031260 secs] [Times: user=0.00 sys=0.00, real=0.00 secs] 
2020-10-29T14:48:32.730+0000: [GC (Allocation Failure) 2020-10-29T14:48:32.730+0000: [ParNew: 16388K->4K(18432K), 0.0030497 secs] 327656K->311272K(631224K), 0.0031200 secs] [Times: user=0.01 sys=0.00, real=0.00 secs] 
2020-10-29T14:48:32.751+0000: [GC (Allocation Failure) 2020-10-29T14:48:32.751+0000: [ParNew: 16388K->4K(18432K), 0.0029655 secs] 327656K->311272K(631224K), 0.0030333 secs] [Times: user=0.00 sys=0.00, real=0.00 secs] 
2020-10-29T14:48:32.768+0000: [GC (Allocation Failure) 2020-10-29T14:48:32.768+0000: [ParNew: 16388K->4K(18432K), 0.0029771 secs] 327656K->311272K(631224K), 0.0030424 secs] [Times: user=0.01 sys=0.00, real=0.00 secs] 
2020-10-29T14:48:32.786+0000: [GC (Allocation Failure) 2020-10-29T14:48:32.786+0000: [ParNew: 16388K->4K(18432K), 0.0029865 secs] 327656K->311272K(631224K), 0.0030512 secs] [Times: user=0.01 sys=0.00, real=0.01 secs] 
2020-10-29T14:48:32.804+0000: [GC (Allocation Failure) 2020-10-29T14:48:32.804+0000: [ParNew: 16388K->4K(18432K), 0.0030127 secs] 327656K->311272K(631224K), 0.0030813 secs] [Times: user=0.01 sys=0.00, real=0.01 secs] 
2020-10-29T14:48:32.831+0000: [GC (Allocation Failure) 2020-10-29T14:48:32.831+0000: [ParNew: 16388K->6K(18432K), 0.0030963 secs] 327656K->311274K(631224K), 0.0031682 secs] [Times: user=0.00 sys=0.00, real=0.00 secs] 
2020-10-29T14:48:32.848+0000: [GC (Allocation Failure) 2020-10-29T14:48:32.848+0000: [ParNew: 16390K->6K(18432K), 0.0030025 secs] 327658K->311275K(631224K), 0.0030691 secs] [Times: user=0.00 sys=0.00, real=0.00 secs] 
2020-10-29T14:48:32.867+0000: [GC (Allocation Failure) 2020-10-29T14:48:32.867+0000: [ParNew: 16390K->7K(18432K), 0.0029721 secs] 327659K->311276K(631224K), 0.0030375 secs] [Times: user=0.00 sys=0.00, real=0.00 secs] 
2020-10-29T14:48:32.885+0000: [GC (Allocation Failure) 2020-10-29T14:48:32.885+0000: [ParNew: 16391K->7K(18432K), 0.0031706 secs] 327660K->311276K(631224K), 0.0032384 secs] [Times: user=0.01 sys=0.00, real=0.01 secs] 
2020-10-29T14:48:32.906+0000: [GC (Allocation Failure) 2020-10-29T14:48:32.906+0000: [ParNew: 16391K->7K(18432K), 0.0039306 secs] 327660K->311276K(631224K), 0.0040075 secs] [Times: user=0.01 sys=0.00, real=0.01 secs] 
2020-10-29T14:48:32.924+0000: [GC (Allocation Failure) 2020-10-29T14:48:32.924+0000: [ParNew: 16391K->7K(18432K), 0.0031178 secs] 327660K->311276K(631224K), 0.0031877 secs] [Times: user=0.01 sys=0.00, real=0.01 secs] 
2020-10-29T14:48:32.943+0000: [GC (Allocation Failure) 2020-10-29T14:48:32.943+0000: [ParNew: 16391K->5K(18432K), 0.0031618 secs] 327660K->311277K(631224K), 0.0032308 secs] [Times: user=0.00 sys=0.00, real=0.00 secs] 
2020-10-29T14:48:32.963+0000: [GC (Allocation Failure) 2020-10-29T14:48:32.963+0000: [ParNew: 16389K->4K(18432K), 0.0030126 secs] 327661K->311276K(631224K), 0.0030967 secs] [Times: user=0.01 sys=0.00, real=0.00 secs] 
2020-10-29T14:48:32.983+0000: [GC (Allocation Failure) 2020-10-29T14:48:32.983+0000: [ParNew: 16388K->4K(18432K), 0.0031178 secs] 327660K->311276K(631224K), 0.0031876 secs] [Times: user=0.01 sys=0.00, real=0.00 secs] 
2020-10-29T14:48:33.001+0000: [GC (Allocation Failure) 2020-10-29T14:48:33.001+0000: [ParNew: 16388K->4K(18432K), 0.0032055 secs] 327660K->311276K(631224K), 0.0032834 secs] [Times: user=0.01 sys=0.00, real=0.00 secs] 
2020-10-29T14:48:33.019+0000: [GC (Allocation Failure) 2020-10-29T14:48:33.019+0000: [ParNew: 16388K->4K(18432K), 0.0029477 secs] 327660K->311276K(631224K), 0.0030188 secs] [Times: user=0.01 sys=0.00, real=0.00 secs] 
2020-10-29T14:48:33.037+0000: [GC (Allocation Failure) 2020-10-29T14:48:33.037+0000: [ParNew: 16388K->4K(18432K), 0.0029999 secs] 327660K->311276K(631224K), 0.0030667 secs] [Times: user=0.01 sys=0.00, real=0.00 secs] 
2020-10-29T14:48:33.054+0000: [GC (Allocation Failure) 2020-10-29T14:48:33.054+0000: [ParNew: 16388K->4K(18432K), 0.0029804 secs] 327660K->311276K(631224K), 0.0030465 secs] [Times: user=0.00 sys=0.00, real=0.01 secs] 
2020-10-29T14:48:33.072+0000: [GC (Allocation Failure) 2020-10-29T14:48:33.072+0000: [ParNew: 16388K->4K(18432K), 0.0030397 secs] 327660K->311276K(631224K), 0.0031277 secs] [Times: user=0.01 sys=0.00, real=0.01 secs] 
2020-10-29T14:48:33.091+0000: [GC (Allocation Failure) 2020-10-29T14:48:33.091+0000: [ParNew: 16388K->4K(18432K), 0.0029647 secs] 327660K->311276K(631224K), 0.0030331 secs] [Times: user=0.00 sys=0.00, real=0.00 secs] 
2020-10-29T14:48:33.109+0000: [GC (Allocation Failure) 2020-10-29T14:48:33.109+0000: [ParNew: 16388K->4K(18432K), 0.0030779 secs] 327660K->311276K(631224K), 0.0031432 secs] [Times: user=0.01 sys=0.00, real=0.00 secs] 
2020-10-29T14:48:33.126+0000: [GC (Allocation Failure) 2020-10-29T14:48:33.126+0000: [ParNew: 16388K->4K(18432K), 0.0030915 secs] 327660K->311276K(631224K), 0.0031736 secs] [Times: user=0.01 sys=0.00, real=0.01 secs] 
2020-10-29T14:48:33.144+0000: [GC (Allocation Failure) 2020-10-29T14:48:33.144+0000: [ParNew: 16388K->4K(18432K), 0.0032394 secs] 327660K->311276K(631224K), 0.0033097 secs] [Times: user=0.01 sys=0.00, real=0.01 secs] 
2020-10-29T14:48:33.162+0000: [GC (Allocation Failure) 2020-10-29T14:48:33.162+0000: [ParNew: 16388K->4K(18432K), 0.0030702 secs] 327660K->311276K(631224K), 0.0031392 secs] [Times: user=0.00 sys=0.00, real=0.00 secs] 
2020-10-29T14:48:33.180+0000: [GC (Allocation Failure) 2020-10-29T14:48:33.180+0000: [ParNew: 16388K->4K(18432K), 0.0031289 secs] 327660K->311276K(631224K), 0.0031974 secs] [Times: user=0.01 sys=0.00, real=0.00 secs] 
2020-10-29T14:48:33.198+0000: [GC (Allocation Failure) 2020-10-29T14:48:33.198+0000: [ParNew: 16388K->4K(18432K), 0.0030898 secs] 327660K->311276K(631224K), 0.0031611 secs] [Times: user=0.01 sys=0.00, real=0.00 secs] 
2020-10-29T14:48:33.216+0000: [GC (Allocation Failure) 2020-10-29T14:48:33.216+0000: [ParNew: 16388K->4K(18432K), 0.0029318 secs] 327660K->311276K(631224K), 0.0029961 secs] [Times: user=0.01 sys=0.00, real=0.00 secs] 
2020-10-29T14:48:33.233+0000: [GC (Allocation Failure) 2020-10-29T14:48:33.233+0000: [ParNew: 16388K->4K(18432K), 0.0029961 secs] 327660K->311276K(631224K), 0.0030642 secs] [Times: user=0.01 sys=0.00, real=0.01 secs] 
2020-10-29T14:48:33.254+0000: [GC (Allocation Failure) 2020-10-29T14:48:33.255+0000: [ParNew: 16388K->4K(18432K), 0.0030696 secs] 327660K->311276K(631224K), 0.0031408 secs] [Times: user=0.01 sys=0.00, real=0.01 secs] 
2020-10-29T14:48:33.275+0000: [GC (Allocation Failure) 2020-10-29T14:48:33.275+0000: [ParNew: 16388K->4K(18432K), 0.0032427 secs] 327660K->311276K(631224K), 0.0033185 secs] [Times: user=0.00 sys=0.00, real=0.00 secs] 
2020-10-29T14:48:33.293+0000: [GC (Allocation Failure) 2020-10-29T14:48:33.293+0000: [ParNew: 16388K->4K(18432K), 0.0031273 secs] 327660K->311276K(631224K), 0.0031985 secs] [Times: user=0.01 sys=0.00, real=0.01 secs] 
2020-10-29T14:48:33.311+0000: [GC (Allocation Failure) 2020-10-29T14:48:33.311+0000: [ParNew: 16388K->4K(18432K), 0.0032401 secs] 327660K->311276K(631224K), 0.0033167 secs] [Times: user=0.00 sys=0.00, real=0.00 secs] 
2020-10-29T14:48:33.329+0000: [GC (Allocation Failure) 2020-10-29T14:48:33.329+0000: [ParNew: 16388K->4K(18432K), 0.0030870 secs] 327660K->311276K(631224K), 0.0031496 secs] [Times: user=0.01 sys=0.00, real=0.00 secs] 
2020-10-29T14:48:33.348+0000: [GC (Allocation Failure) 2020-10-29T14:48:33.348+0000: [ParNew: 16388K->4K(18432K), 0.0028828 secs] 327660K->311276K(631224K), 0.0029591 secs] [Times: user=0.01 sys=0.00, real=0.00 secs] 
2020-10-29T14:48:33.366+0000: [GC (Allocation Failure) 2020-10-29T14:48:33.366+0000: [ParNew: 16388K->4K(18432K), 0.0030002 secs] 327660K->311276K(631224K), 0.0030587 secs] [Times: user=0.01 sys=0.00, real=0.01 secs] 
2020-10-29T14:48:33.387+0000: [GC (Allocation Failure) 2020-10-29T14:48:33.387+0000: [ParNew: 16388K->4K(18432K), 0.0029543 secs] 327660K->311276K(631224K), 0.0030168 secs] [Times: user=0.01 sys=0.00, real=0.00 secs] 
2020-10-29T14:48:33.407+0000: [GC (Allocation Failure) 2020-10-29T14:48:33.407+0000: [ParNew: 16388K->4K(18432K), 0.0028087 secs] 327660K->311276K(631224K), 0.0028728 secs] [Times: user=0.01 sys=0.00, real=0.00 secs] 
2020-10-29T14:48:33.424+0000: [GC (Allocation Failure) 2020-10-29T14:48:33.425+0000: [ParNew: 16388K->4K(18432K), 0.0029806 secs] 327660K->311276K(631224K), 0.0030557 secs] [Times: user=0.01 sys=0.00, real=0.01 secs] 
2020-10-29T14:48:33.443+0000: [GC (Allocation Failure) 2020-10-29T14:48:33.443+0000: [ParNew: 16388K->4K(18432K), 0.0031164 secs] 327660K->311276K(631224K), 0.0031866 secs] [Times: user=0.00 sys=0.00, real=0.00 secs] 
2020-10-29T14:48:33.463+0000: [GC (Allocation Failure) 2020-10-29T14:48:33.463+0000: [ParNew: 16388K->4K(18432K), 0.0032204 secs] 327660K->311276K(631224K), 0.0032887 secs] [Times: user=0.01 sys=0.01, real=0.00 secs] 
2020-10-29T14:48:33.483+0000: [GC (Allocation Failure) 2020-10-29T14:48:33.483+0000: [ParNew: 16388K->4K(18432K), 0.0031321 secs] 327660K->311276K(631224K), 0.0032093 secs] [Times: user=0.01 sys=0.00, real=0.00 secs] 
2020-10-29T14:48:33.501+0000: [GC (Allocation Failure) 2020-10-29T14:48:33.501+0000: [ParNew: 16388K->4K(18432K), 0.0030442 secs] 327660K->311276K(631224K), 0.0031141 secs] [Times: user=0.01 sys=0.00, real=0.00 secs] 
2020-10-29T14:48:33.519+0000: [GC (Allocation Failure) 2020-10-29T14:48:33.519+0000: [ParNew: 16388K->4K(18432K), 0.0032793 secs] 327660K->311276K(631224K), 0.0033471 secs] [Times: user=0.00 sys=0.00, real=0.00 secs] 
2020-10-29T14:48:33.537+0000: [GC (Allocation Failure) 2020-10-29T14:48:33.537+0000: [ParNew: 16388K->4K(18432K), 0.0031769 secs] 327660K->311276K(631224K), 0.0032425 secs] [Times: user=0.01 sys=0.00, real=0.00 secs] 
2020-10-29T14:48:33.555+0000: [GC (Allocation Failure) 2020-10-29T14:48:33.555+0000: [ParNew: 16388K->4K(18432K), 0.0030735 secs] 327660K->311276K(631224K), 0.0031496 secs] [Times: user=0.00 sys=0.00, real=0.00 secs] 
2020-10-29T14:48:33.575+0000: [GC (Allocation Failure) 2020-10-29T14:48:33.575+0000: [ParNew: 16388K->4K(18432K), 0.0030315 secs] 327660K->311276K(631224K), 0.0031050 secs] [Times: user=0.01 sys=0.00, real=0.00 secs] 
2020-10-29T14:48:33.594+0000: [GC (Allocation Failure) 2020-10-29T14:48:33.594+0000: [ParNew: 16388K->4K(18432K), 0.0079153 secs] 327660K->311276K(631224K), 0.0079952 secs] [Times: user=0.01 sys=0.00, real=0.01 secs] 
2020-10-29T14:48:33.619+0000: [GC (Allocation Failure) 2020-10-29T14:48:33.619+0000: [ParNew: 16388K->4K(18432K), 0.0029691 secs] 327660K->311276K(631224K), 0.0030352 secs] [Times: user=0.01 sys=0.00, real=0.00 secs] 
2020-10-29T14:48:33.639+0000: [GC (Allocation Failure) 2020-10-29T14:48:33.639+0000: [ParNew: 16388K->4K(18432K), 0.0030532 secs] 327660K->311276K(631224K), 0.0031233 secs] [Times: user=0.00 sys=0.00, real=0.00 secs] 
2020-10-29T14:48:33.657+0000: [GC (Allocation Failure) 2020-10-29T14:48:33.657+0000: [ParNew: 16388K->4K(18432K), 0.0030383 secs] 327660K->311276K(631224K), 0.0031087 secs] [Times: user=0.01 sys=0.00, real=0.00 secs] 
2020-10-29T14:48:33.675+0000: [GC (Allocation Failure) 2020-10-29T14:48:33.675+0000: [ParNew: 16388K->4K(18432K), 0.0029999 secs] 327660K->311276K(631224K), 0.0030787 secs] [Times: user=0.00 sys=0.00, real=0.00 secs] 
2020-10-29T14:48:33.693+0000: [GC (Allocation Failure) 2020-10-29T14:48:33.693+0000: [ParNew: 16388K->4K(18432K), 0.0030885 secs] 327660K->311276K(631224K), 0.0031599 secs] [Times: user=0.01 sys=0.00, real=0.01 secs] 
2020-10-29T14:48:33.715+0000: [GC (Allocation Failure) 2020-10-29T14:48:33.715+0000: [ParNew: 16388K->4K(18432K), 0.0030351 secs] 327660K->311276K(631224K), 0.0031226 secs] [Times: user=0.00 sys=0.00, real=0.01 secs] 
2020-10-29T14:48:33.733+0000: [GC (Allocation Failure) 2020-10-29T14:48:33.733+0000: [ParNew: 16388K->4K(18432K), 0.0030063 secs] 327660K->311276K(631224K), 0.0030740 secs] [Times: user=0.01 sys=0.00, real=0.01 secs] 
2020-10-29T14:48:33.754+0000: [GC (Allocation Failure) 2020-10-29T14:48:33.754+0000: [ParNew: 16388K->4K(18432K), 0.0030183 secs] 327660K->311276K(631224K), 0.0030875 secs] [Times: user=0.01 sys=0.00, real=0.01 secs] 
2020-10-29T14:48:33.775+0000: [GC (Allocation Failure) 2020-10-29T14:48:33.775+0000: [ParNew: 16388K->4K(18432K), 0.0029675 secs] 327660K->311276K(631224K), 0.0030344 secs] [Times: user=0.01 sys=0.00, real=0.00 secs] 
2020-10-29T14:48:33.793+0000: [GC (Allocation Failure) 2020-10-29T14:48:33.793+0000: [ParNew: 16388K->4K(18432K), 0.0029781 secs] 327660K->311276K(631224K), 0.0030432 secs] [Times: user=0.01 sys=0.00, real=0.01 secs] 
2020-10-29T14:48:33.810+0000: [GC (Allocation Failure) 2020-10-29T14:48:33.810+0000: [ParNew: 16388K->4K(18432K), 0.0030476 secs] 327660K->311276K(631224K), 0.0031156 secs] [Times: user=0.00 sys=0.00, real=0.00 secs] 
2020-10-29T14:48:33.831+0000: [GC (Allocation Failure) 2020-10-29T14:48:33.831+0000: [ParNew: 16388K->4K(18432K), 0.0030414 secs] 327660K->311276K(631224K), 0.0031126 secs] [Times: user=0.00 sys=0.00, real=0.00 secs] 
2020-10-29T14:48:33.849+0000: [GC (Allocation Failure) 2020-10-29T14:48:33.849+0000: [ParNew: 16388K->4K(18432K), 0.0030316 secs] 327660K->311276K(631224K), 0.0031005 secs] [Times: user=0.01 sys=0.00, real=0.00 secs] 
2020-10-29T14:48:33.866+0000: [GC (Allocation Failure) 2020-10-29T14:48:33.866+0000: [ParNew: 16388K->4K(18432K), 0.0031684 secs] 327660K->311276K(631224K), 0.0032363 secs] [Times: user=0.01 sys=0.00, real=0.01 secs] 
2020-10-29T14:48:33.884+0000: [GC (Allocation Failure) 2020-10-29T14:48:33.884+0000: [ParNew: 16388K->4K(18432K), 0.0030070 secs] 327660K->311276K(631224K), 0.0030852 secs] [Times: user=0.00 sys=0.00, real=0.01 secs] 
2020-10-29T14:48:33.903+0000: [GC (Allocation Failure) 2020-10-29T14:48:33.903+0000: [ParNew: 16388K->4K(18432K), 0.0030777 secs] 327660K->311276K(631224K), 0.0031466 secs] [Times: user=0.01 sys=0.00, real=0.00 secs] 
2020-10-29T14:48:33.921+0000: [GC (Allocation Failure) 2020-10-29T14:48:33.921+0000: [ParNew: 16388K->4K(18432K), 0.0031374 secs] 327660K->311276K(631224K), 0.0032216 secs] [Times: user=0.00 sys=0.00, real=0.00 secs] 
2020-10-29T14:48:33.939+0000: [GC (Allocation Failure) 2020-10-29T14:48:33.939+0000: [ParNew: 16388K->4K(18432K), 0.0030601 secs] 327660K->311276K(631224K), 0.0031470 secs] [Times: user=0.01 sys=0.00, real=0.00 secs] 
2020-10-29T14:48:33.959+0000: [GC (Allocation Failure) 2020-10-29T14:48:33.959+0000: [ParNew: 16388K->4K(18432K), 0.0032436 secs] 327660K->311276K(631224K), 0.0033132 secs] [Times: user=0.00 sys=0.00, real=0.00 secs] 
2020-10-29T14:48:33.977+0000: [GC (Allocation Failure) 2020-10-29T14:48:33.977+0000: [ParNew: 16388K->4K(18432K), 0.0031031 secs] 327660K->311276K(631224K), 0.0031788 secs] [Times: user=0.01 sys=0.00, real=0.00 secs] 
2020-10-29T14:48:33.994+0000: [GC (Allocation Failure) 2020-10-29T14:48:33.995+0000: [ParNew: 16388K->4K(18432K), 0.0029738 secs] 327660K->311276K(631224K), 0.0030423 secs] [Times: user=0.00 sys=0.00, real=0.01 secs] 
2020-10-29T14:48:34.012+0000: [GC (Allocation Failure) 2020-10-29T14:48:34.012+0000: [ParNew: 16388K->4K(18432K), 0.0030591 secs] 327660K->311276K(631224K), 0.0031251 secs] [Times: user=0.01 sys=0.00, real=0.01 secs] 
2020-10-29T14:48:34.031+0000: [GC (Allocation Failure) 2020-10-29T14:48:34.031+0000: [ParNew: 16388K->4K(18432K), 0.0030801 secs] 327660K->311276K(631224K), 0.0031478 secs] [Times: user=0.00 sys=0.00, real=0.00 secs] 
2020-10-29T14:48:34.049+0000: [GC (Allocation Failure) 2020-10-29T14:48:34.049+0000: [ParNew: 16388K->4K(18432K), 0.0030165 secs] 327660K->311276K(631224K), 0.0030949 secs] [Times: user=0.01 sys=0.00, real=0.00 secs] 
2020-10-29T14:48:34.067+0000: [GC (Allocation Failure) 2020-10-29T14:48:34.067+0000: [ParNew: 16388K->4K(18432K), 0.0031168 secs] 327660K->311276K(631224K), 0.0031964 secs] [Times: user=0.00 sys=0.00, real=0.00 secs] 
2020-10-29T14:48:34.087+0000: [GC (Allocation Failure) 2020-10-29T14:48:34.087+0000: [ParNew: 16388K->4K(18432K), 0.0031073 secs] 327660K->311276K(631224K), 0.0031799 secs] [Times: user=0.01 sys=0.00, real=0.00 secs] 
2020-10-29T14:48:34.105+0000: [GC (Allocation Failure) 2020-10-29T14:48:34.105+0000: [ParNew: 16388K->4K(18432K), 0.0032416 secs] 327660K->311276K(631224K), 0.0033287 secs] [Times: user=0.01 sys=0.00, real=0.01 secs] 
2020-10-29T14:48:34.126+0000: [GC (Allocation Failure) 2020-10-29T14:48:34.127+0000: [ParNew: 16388K->4K(18432K), 0.0030484 secs] 327660K->311276K(631224K), 0.0031215 secs] [Times: user=0.00 sys=0.00, real=0.01 secs] 
2020-10-29T14:48:34.147+0000: [GC (Allocation Failure) 2020-10-29T14:48:34.147+0000: [ParNew: 16388K->4K(18432K), 0.0030521 secs] 327660K->311276K(631224K), 0.0031230 secs] [Times: user=0.00 sys=0.00, real=0.00 secs] 
2020-10-29T14:48:34.165+0000: [GC (Allocation Failure) 2020-10-29T14:48:34.165+0000: [ParNew: 16388K->4K(18432K), 0.0033536 secs] 327660K->311276K(631224K), 0.0034272 secs] [Times: user=0.01 sys=0.00, real=0.01 secs] 
2020-10-29T14:48:34.187+0000: [GC (Allocation Failure) 2020-10-29T14:48:34.187+0000: [ParNew: 16388K->4K(18432K), 0.0030564 secs] 327660K->311276K(631224K), 0.0031190 secs] [Times: user=0.01 sys=0.00, real=0.00 secs] 
2020-10-29T14:48:34.205+0000: [GC (Allocation Failure) 2020-10-29T14:48:34.205+0000: [ParNew: 16388K->4K(18432K), 0.0030244 secs] 327660K->311276K(631224K), 0.0030935 secs] [Times: user=0.01 sys=0.00, real=0.01 secs] 
2020-10-29T14:48:34.222+0000: [GC (Allocation Failure) 2020-10-29T14:48:34.222+0000: [ParNew: 16388K->4K(18432K), 0.0030871 secs] 327660K->311276K(631224K), 0.0031554 secs] [Times: user=0.00 sys=0.00, real=0.00 secs] 
2020-10-29T14:48:34.240+0000: [GC (Allocation Failure) 2020-10-29T14:48:34.240+0000: [ParNew: 16388K->4K(18432K), 0.0029859 secs] 327660K->311276K(631224K), 0.0030525 secs] [Times: user=0.01 sys=0.00, real=0.00 secs] 
2020-10-29T14:48:34.258+0000: [GC (Allocation Failure) 2020-10-29T14:48:34.258+0000: [ParNew: 16388K->4K(18432K), 0.0030594 secs] 327660K->311276K(631224K), 0.0031285 secs] [Times: user=0.01 sys=0.00, real=0.00 secs] 
2020-10-29T14:48:34.279+0000: [GC (Allocation Failure) 2020-10-29T14:48:34.279+0000: [ParNew: 16388K->4K(18432K), 0.0029703 secs] 327660K->311276K(631224K), 0.0030363 secs] [Times: user=0.01 sys=0.00, real=0.00 secs] 
2020-10-29T14:48:34.296+0000: [GC (Allocation Failure) 2020-10-29T14:48:34.296+0000: [ParNew: 16388K->4K(18432K), 0.0030112 secs] 327660K->311276K(631224K), 0.0030765 secs] [Times: user=0.00 sys=0.00, real=0.00 secs] 
2020-10-29T14:48:34.315+0000: [GC (Allocation Failure) 2020-10-29T14:48:34.315+0000: [ParNew: 16388K->4K(18432K), 0.0030208 secs] 327660K->311276K(631224K), 0.0030874 secs] [Times: user=0.01 sys=0.00, real=0.00 secs] 
2020-10-29T14:48:34.333+0000: [GC (Allocation Failure) 2020-10-29T14:48:34.333+0000: [ParNew: 16388K->4K(18432K), 0.0030224 secs] 327660K->311276K(631224K), 0.0030970 secs] [Times: user=0.00 sys=0.00, real=0.01 secs] 
2020-10-29T14:48:34.351+0000: [GC (Allocation Failure) 2020-10-29T14:48:34.351+0000: [ParNew: 16388K->4K(18432K), 0.0029398 secs] 327660K->311276K(631224K), 0.0030045 secs] [Times: user=0.01 sys=0.00, real=0.00 secs] 
2020-10-29T14:48:34.369+0000: [GC (Allocation Failure) 2020-10-29T14:48:34.369+0000: [ParNew: 16388K->4K(18432K), 0.0033244 secs] 327660K->311276K(631224K), 0.0034046 secs] [Times: user=0.00 sys=0.00, real=0.00 secs] 
2020-10-29T14:48:34.387+0000: [GC (Allocation Failure) 2020-10-29T14:48:34.387+0000: [ParNew: 16388K->4K(18432K), 0.0030903 secs] 327660K->311276K(631224K), 0.0031662 secs] [Times: user=0.00 sys=0.00, real=0.01 secs] 
2020-10-29T14:48:34.404+0000: [GC (Allocation Failure) 2020-10-29T14:48:34.404+0000: [ParNew: 16388K->4K(18432K), 0.0030790 secs] 327660K->311276K(631224K), 0.0031502 secs] [Times: user=0.01 sys=0.00, real=0.01 secs] 
2020-10-29T14:48:34.422+0000: [GC (Allocation Failure) 2020-10-29T14:48:34.422+0000: [ParNew: 16388K->4K(18432K), 0.0031172 secs] 327660K->311276K(631224K), 0.0031823 secs] [Times: user=0.00 sys=0.00, real=0.00 secs] 
2020-10-29T14:48:34.443+0000: [GC (Allocation Failure) 2020-10-29T14:48:34.443+0000: [ParNew: 16388K->4K(18432K), 0.0031204 secs] 327660K->311276K(631224K), 0.0031876 secs] [Times: user=0.01 sys=0.00, real=0.00 secs] 
2020-10-29T14:48:34.461+0000: [GC (Allocation Failure) 2020-10-29T14:48:34.461+0000: [ParNew: 16388K->4K(18432K), 0.0030694 secs] 327660K->311276K(631224K), 0.0031358 secs] [Times: user=0.00 sys=0.00, real=0.00 secs] 
2020-10-29T14:48:34.478+0000: [GC (Allocation Failure) 2020-10-29T14:48:34.478+0000: [ParNew: 16388K->4K(18432K), 0.0029570 secs] 327660K->311276K(631224K), 0.0030252 secs] [Times: user=0.00 sys=0.00, real=0.00 secs] 
2020-10-29T14:48:34.499+0000: [GC (Allocation Failure) 2020-10-29T14:48:34.499+0000: [ParNew: 16388K->4K(18432K), 0.0030415 secs] 327660K->311276K(631224K), 0.0031116 secs] [Times: user=0.01 sys=0.00, real=0.00 secs] 
2020-10-29T14:48:34.519+0000: [GC (Allocation Failure) 2020-10-29T14:48:34.519+0000: [ParNew: 16388K->4K(18432K), 0.0030684 secs] 327660K->311276K(631224K), 0.0031382 secs] [Times: user=0.01 sys=0.00, real=0.00 secs] 
2020-10-29T14:48:34.537+0000: [GC (Allocation Failure) 2020-10-29T14:48:34.537+0000: [ParNew: 16388K->4K(18432K), 0.0031401 secs] 327660K->311276K(631224K), 0.0032138 secs] [Times: user=0.01 sys=0.00, real=0.00 secs] 
2020-10-29T14:48:34.554+0000: [GC (Allocation Failure) 2020-10-29T14:48:34.554+0000: [ParNew: 16388K->4K(18432K), 0.0034943 secs] 327660K->311276K(631224K), 0.0035696 secs] [Times: user=0.00 sys=0.00, real=0.01 secs] 
2020-10-29T14:48:34.576+0000: [GC (Allocation Failure) 2020-10-29T14:48:34.576+0000: [ParNew: 16388K->4K(18432K), 0.0031204 secs] 327660K->311276K(631224K), 0.0032314 secs] [Times: user=0.00 sys=0.00, real=0.00 secs] 
2020-10-29T14:48:34.594+0000: [GC (Allocation Failure) 2020-10-29T14:48:34.594+0000: [ParNew: 16388K->4K(18432K), 0.0030920 secs] 327660K->311276K(631224K), 0.0031880 secs] [Times: user=0.01 sys=0.00, real=0.01 secs] 
2020-10-29T14:48:34.615+0000: [GC (Allocation Failure) 2020-10-29T14:48:34.615+0000: [ParNew: 16388K->4K(18432K), 0.0029966 secs] 327660K->311276K(631224K), 0.0030765 secs] [Times: user=0.01 sys=0.00, real=0.00 secs] 
2020-10-29T14:48:34.632+0000: [GC (Allocation Failure) 2020-10-29T14:48:34.633+0000: [ParNew: 16388K->4K(18432K), 0.0030245 secs] 327660K->311276K(631224K), 0.0030925 secs] [Times: user=0.01 sys=0.00, real=0.01 secs] 
2020-10-29T14:48:34.650+0000: [GC (Allocation Failure) 2020-10-29T14:48:34.650+0000: [ParNew: 16388K->4K(18432K), 0.0031146 secs] 327660K->311276K(631224K), 0.0031830 secs] [Times: user=0.00 sys=0.00, real=0.00 secs] 
2020-10-29T14:48:34.668+0000: [GC (Allocation Failure) 2020-10-29T14:48:34.668+0000: [ParNew: 16388K->4K(18432K), 0.0030600 secs] 327660K->311276K(631224K), 0.0031307 secs] [Times: user=0.01 sys=0.00, real=0.00 secs] 
2020-10-29T14:48:34.685+0000: [GC (Allocation Failure) 2020-10-29T14:48:34.685+0000: [ParNew: 16388K->4K(18432K), 0.0031640 secs] 327660K->311276K(631224K), 0.0032446 secs] [Times: user=0.00 sys=0.00, real=0.01 secs] 
2020-10-29T14:48:34.707+0000: [GC (Allocation Failure) 2020-10-29T14:48:34.707+0000: [ParNew: 16388K->4K(18432K), 0.0031801 secs] 327660K->311276K(631224K), 0.0032494 secs] [Times: user=0.01 sys=0.00, real=0.00 secs] 
2020-10-29T14:48:34.725+0000: [GC (Allocation Failure) 2020-10-29T14:48:34.725+0000: [ParNew: 16388K->4K(18432K), 0.0031279 secs] 327660K->311276K(631224K), 0.0032106 secs] [Times: user=0.00 sys=0.00, real=0.01 secs] 
2020-10-29T14:48:34.743+0000: [GC (Allocation Failure) 2020-10-29T14:48:34.743+0000: [ParNew: 16388K->4K(18432K), 0.0030885 secs] 327660K->311276K(631224K), 0.0031723 secs] [Times: user=0.01 sys=0.00, real=0.00 secs] 
2020-10-29T14:48:34.763+0000: [GC (Allocation Failure) 2020-10-29T14:48:34.763+0000: [ParNew: 16388K->4K(18432K), 0.0031162 secs] 327660K->311276K(631224K), 0.0031862 secs] [Times: user=0.00 sys=0.00, real=0.00 secs] 
2020-10-29T14:48:34.781+0000: [GC (Allocation Failure) 2020-10-29T14:48:34.781+0000: [ParNew: 16388K->4K(18432K), 0.0032377 secs] 327660K->311276K(631224K), 0.0033082 secs] [Times: user=0.01 sys=0.00, real=0.00 secs] 
2020-10-29T14:48:34.803+0000: [GC (Allocation Failure) 2020-10-29T14:48:34.803+0000: [ParNew: 16388K->4K(18432K), 0.0030097 secs] 327660K->311276K(631224K), 0.0030877 secs] [Times: user=0.01 sys=0.00, real=0.00 secs] 
2020-10-29T14:48:34.820+0000: [GC (Allocation Failure) 2020-10-29T14:48:34.821+0000: [ParNew: 16388K->4K(18432K), 0.0031444 secs] 327660K->311276K(631224K), 0.0032150 secs] [Times: user=0.00 sys=0.00, real=0.00 secs] 
2020-10-29T14:48:34.839+0000: [GC (Allocation Failure) 2020-10-29T14:48:34.840+0000: [ParNew: 16388K->4K(18432K), 0.0031088 secs] 327660K->311276K(631224K), 0.0031873 secs] [Times: user=0.01 sys=0.00, real=0.00 secs] 
2020-10-29T14:48:34.859+0000: [GC (Allocation Failure) 2020-10-29T14:48:34.859+0000: [ParNew: 16388K->4K(18432K), 0.0033033 secs] 327660K->311276K(631224K), 0.0033731 secs] [Times: user=0.01 sys=0.01, real=0.00 secs] 
2020-10-29T14:48:34.878+0000: [GC (Allocation Failure) 2020-10-29T14:48:34.878+0000: [ParNew: 16388K->4K(18432K), 0.0032405 secs] 327660K->311276K(631224K), 0.0033175 secs] [Times: user=0.01 sys=0.00, real=0.00 secs] 
2020-10-29T14:48:34.899+0000: [GC (Allocation Failure) 2020-10-29T14:48:34.899+0000: [ParNew: 16388K->4K(18432K), 0.0029787 secs] 327660K->311276K(631224K), 0.0030447 secs] [Times: user=0.01 sys=0.00, real=0.00 secs] 
2020-10-29T14:48:34.917+0000: [GC (Allocation Failure) 2020-10-29T14:48:34.917+0000: [ParNew: 16388K->4K(18432K), 0.0030360 secs] 327660K->311276K(631224K), 0.0031174 secs] [Times: user=0.00 sys=0.00, real=0.00 secs] 
2020-10-29T14:48:34.935+0000: [GC (Allocation Failure) 2020-10-29T14:48:34.935+0000: [ParNew: 16388K->4K(18432K), 0.0031383 secs] 327660K->311276K(631224K), 0.0032124 secs] [Times: user=0.01 sys=0.00, real=0.00 secs] 
2020-10-29T14:48:34.955+0000: [GC (Allocation Failure) 2020-10-29T14:48:34.955+0000: [ParNew: 16388K->4K(18432K), 0.0031510 secs] 327660K->311276K(631224K), 0.0032328 secs] [Times: user=0.00 sys=0.00, real=0.00 secs] 
2020-10-29T14:48:34.975+0000: [GC (Allocation Failure) 2020-10-29T14:48:34.975+0000: [ParNew: 16388K->4K(18432K), 0.0030109 secs] 327660K->311276K(631224K), 0.0030809 secs] [Times: user=0.01 sys=0.00, real=0.00 secs] 
2020-10-29T14:48:34.993+0000: [GC (Allocation Failure) 2020-10-29T14:48:34.993+0000: [ParNew: 16388K->4K(18432K), 0.0039005 secs] 327660K->311276K(631224K), 0.0039760 secs] [Times: user=0.00 sys=0.00, real=0.01 secs] 
2020-10-29T14:48:35.015+0000: [GC (Allocation Failure) 2020-10-29T14:48:35.015+0000: [ParNew: 16388K->4K(18432K), 0.0034943 secs] 327660K->311276K(631224K), 0.0035610 secs] [Times: user=0.01 sys=0.00, real=0.00 secs] 
2020-10-29T14:48:35.035+0000: [GC (Allocation Failure) 2020-10-29T14:48:35.035+0000: [ParNew: 16388K->4K(18432K), 0.0029951 secs] 327660K->311276K(631224K), 0.0030615 secs] [Times: user=0.01 sys=0.00, real=0.00 secs] 
2020-10-29T14:48:35.055+0000: [GC (Allocation Failure) 2020-10-29T14:48:35.055+0000: [ParNew: 16388K->4K(18432K), 0.0031403 secs] 327660K->311276K(631224K), 0.0032158 secs] [Times: user=0.01 sys=0.00, real=0.00 secs] 
2020-10-29T14:48:35.073+0000: [GC (Allocation Failure) 2020-10-29T14:48:35.073+0000: [ParNew: 16388K->4K(18432K), 0.0031117 secs] 327660K->311276K(631224K), 0.0031831 secs] [Times: user=0.01 sys=0.00, real=0.01 secs] 
2020-10-29T14:48:35.091+0000: [GC (Allocation Failure) 2020-10-29T14:48:35.091+0000: [ParNew: 16388K->4K(18432K), 0.0031861 secs] 327660K->311276K(631224K), 0.0032593 secs] [Times: user=0.00 sys=0.00, real=0.00 secs] 
2020-10-29T14:48:35.109+0000: [GC (Allocation Failure) 2020-10-29T14:48:35.109+0000: [ParNew: 16388K->4K(18432K), 0.0031235 secs] 327660K->311276K(631224K), 0.0031969 secs] [Times: user=0.01 sys=0.00, real=0.00 secs] 
2020-10-29T14:48:35.131+0000: [GC (Allocation Failure) 2020-10-29T14:48:35.131+0000: [ParNew: 16388K->4K(18432K), 0.0031492 secs] 327660K->311276K(631224K), 0.0032234 secs] [Times: user=0.01 sys=0.00, real=0.00 secs] 
2020-10-29T14:48:35.149+0000: [GC (Allocation Failure) 2020-10-29T14:48:35.149+0000: [ParNew: 16388K->4K(18432K), 0.0032669 secs] 327660K->311276K(631224K), 0.0033395 secs] [Times: user=0.01 sys=0.00, real=0.00 secs] 
2020-10-29T14:48:35.167+0000: [GC (Allocation Failure) 2020-10-29T14:48:35.167+0000: [ParNew: 16388K->4K(18432K), 0.0031620 secs] 327660K->311276K(631224K), 0.0032404 secs] [Times: user=0.00 sys=0.00, real=0.00 secs] 
2020-10-29T14:48:35.186+0000: [GC (Allocation Failure) 2020-10-29T14:48:35.186+0000: [ParNew: 16388K->4K(18432K), 0.0033921 secs] 327660K->311276K(631224K), 0.0034658 secs] [Times: user=0.01 sys=0.00, real=0.01 secs] 
2020-10-29T14:48:35.204+0000: [GC (Allocation Failure) 2020-10-29T14:48:35.204+0000: [ParNew: 16388K->4K(18432K), 0.0031708 secs] 327660K->311276K(631224K), 0.0032499 secs] [Times: user=0.00 sys=0.00, real=0.01 secs] 
2020-10-29T14:48:35.221+0000: [GC (Allocation Failure) 2020-10-29T14:48:35.221+0000: [ParNew: 16388K->4K(18432K), 0.0032687 secs] 327660K->311276K(631224K), 0.0033384 secs] [Times: user=0.01 sys=0.00, real=0.00 secs] 
2020-10-29T14:48:35.243+0000: [GC (Allocation Failure) 2020-10-29T14:48:35.243+0000: [ParNew: 16388K->4K(18432K), 0.0031191 secs] 327660K->311276K(631224K), 0.0031919 secs] [Times: user=0.00 sys=0.00, real=0.00 secs] 
2020-10-29T14:48:35.260+0000: [GC (Allocation Failure) 2020-10-29T14:48:35.261+0000: [ParNew: 16388K->4K(18432K), 0.0032381 secs] 327660K->311276K(631224K), 0.0033090 secs] [Times: user=0.01 sys=0.00, real=0.00 secs] 
2020-10-29T14:48:35.278+0000: [GC (Allocation Failure) 2020-10-29T14:48:35.278+0000: [ParNew: 16388K->4K(18432K), 0.0030646 secs] 327660K->311276K(631224K), 0.0031446 secs] [Times: user=0.01 sys=0.00, real=0.00 secs] 
2020-10-29T14:48:35.299+0000: [GC (Allocation Failure) 2020-10-29T14:48:35.299+0000: [ParNew: 16388K->4K(18432K), 0.0031661 secs] 327660K->311276K(631224K), 0.0032375 secs] [Times: user=0.00 sys=0.00, real=0.00 secs] 
2020-10-29T14:48:35.319+0000: [GC (Allocation Failure) 2020-10-29T14:48:35.319+0000: [ParNew: 16388K->4K(18432K), 0.0030670 secs] 327660K->311276K(631224K), 0.0031408 secs] [Times: user=0.01 sys=0.00, real=0.00 secs] 
2020-10-29T14:48:35.337+0000: [GC (Allocation Failure) 2020-10-29T14:48:35.337+0000: [ParNew: 16388K->4K(18432K), 0.0031151 secs] 327660K->311276K(631224K), 0.0031931 secs] [Times: user=0.00 sys=0.00, real=0.00 secs] 
2020-10-29T14:48:35.358+0000: [GC (Allocation Failure) 2020-10-29T14:48:35.358+0000: [ParNew: 16388K->4K(18432K), 0.0030822 secs] 327660K->311276K(631224K), 0.0031514 secs] [Times: user=0.00 sys=0.00, real=0.00 secs] 
2020-10-29T14:48:35.376+0000: [GC (Allocation Failure) 2020-10-29T14:48:35.376+0000: [ParNew: 16388K->4K(18432K), 0.0031763 secs] 327660K->311276K(631224K), 0.0032518 secs] [Times: user=0.01 sys=0.00, real=0.00 secs] 
2020-10-29T14:48:35.396+0000: [GC (Allocation Failure) 2020-10-29T14:48:35.396+0000: [ParNew: 16388K->4K(18432K), 0.0032084 secs] 327660K->311276K(631224K), 0.0032809 secs] [Times: user=0.00 sys=0.00, real=0.00 secs] 
2020-10-29T14:48:35.416+0000: [GC (Allocation Failure) 2020-10-29T14:48:35.416+0000: [ParNew: 16388K->4K(18432K), 0.0030740 secs] 327660K->311276K(631224K), 0.0031458 secs] [Times: user=0.00 sys=0.00, real=0.00 secs] 
2020-10-29T14:48:35.439+0000: [GC (Allocation Failure) 2020-10-29T14:48:35.439+0000: [ParNew: 16388K->4K(18432K), 0.0031525 secs] 327660K->311276K(631224K), 0.0032239 secs] [Times: user=0.00 sys=0.00, real=0.00 secs] 
2020-10-29T14:48:35.462+0000: [GC (Allocation Failure) 2020-10-29T14:48:35.463+0000: [ParNew: 16388K->4K(18432K), 0.0030591 secs] 327660K->311276K(631224K), 0.0031510 secs] [Times: user=0.00 sys=0.00, real=0.00 secs] 
2020-10-29T14:48:35.482+0000: [GC (Allocation Failure) 2020-10-29T14:48:35.482+0000: [ParNew: 16388K->4K(18432K), 0.0030491 secs] 327660K->311276K(631224K), 0.0031167 secs] [Times: user=0.01 sys=0.00, real=0.00 secs] 
2020-10-29T14:48:35.502+0000: [GC (Allocation Failure) 2020-10-29T14:48:35.502+0000: [ParNew: 16388K->4K(18432K), 0.0031645 secs] 327660K->311276K(631224K), 0.0032357 secs] [Times: user=0.01 sys=0.00, real=0.00 secs] 
2020-10-29T14:48:35.522+0000: [GC (Allocation Failure) 2020-10-29T14:48:35.522+0000: [ParNew: 16388K->4K(18432K), 0.0031330 secs] 327660K->311276K(631224K), 0.0032137 secs] [Times: user=0.01 sys=0.00, real=0.00 secs] 
2020-10-29T14:48:35.542+0000: [GC (Allocation Failure) 2020-10-29T14:48:35.542+0000: [ParNew: 16388K->4K(18432K), 0.0031906 secs] 327660K->311276K(631224K), 0.0032747 secs] [Times: user=0.00 sys=0.00, real=0.00 secs] 
2020-10-29T14:48:35.562+0000: [GC (Allocation Failure) 2020-10-29T14:48:35.562+0000: [ParNew: 16388K->4K(18432K), 0.0031578 secs] 327660K->311276K(631224K), 0.0032406 secs] [Times: user=0.00 sys=0.00, real=0.00 secs] 
2020-10-29T14:48:35.581+0000: [GC (Allocation Failure) 2020-10-29T14:48:35.581+0000: [ParNew: 16388K->4K(18432K), 0.0030514 secs] 327660K->311276K(631224K), 0.0031226 secs] [Times: user=0.01 sys=0.00, real=0.00 secs] 
2020-10-29T14:48:35.605+0000: [GC (Allocation Failure) 2020-10-29T14:48:35.605+0000: [ParNew: 16388K->4K(18432K), 0.0035290 secs] 327660K->311276K(631224K), 0.0035989 secs] [Times: user=0.00 sys=0.00, real=0.01 secs] 
2020-10-29T14:48:35.626+0000: [GC (Allocation Failure) 2020-10-29T14:48:35.626+0000: [ParNew: 16388K->4K(18432K), 0.0031941 secs] 327660K->311276K(631224K), 0.0032688 secs] [Times: user=0.00 sys=0.00, real=0.01 secs] 
2020-10-29T14:48:35.646+0000: [GC (Allocation Failure) 2020-10-29T14:48:35.646+0000: [ParNew: 16388K->4K(18432K), 0.0033208 secs] 327660K->311276K(631224K), 0.0034102 secs] [Times: user=0.01 sys=0.00, real=0.01 secs] 
2020-10-29T14:48:35.666+0000: [GC (Allocation Failure) 2020-10-29T14:48:35.666+0000: [ParNew: 16388K->4K(18432K), 0.0031857 secs] 327660K->311276K(631224K), 0.0032579 secs] [Times: user=0.01 sys=0.00, real=0.01 secs] 
2020-10-29T14:48:35.686+0000: [GC (Allocation Failure) 2020-10-29T14:48:35.686+0000: [ParNew: 16388K->4K(18432K), 0.0031608 secs] 327660K->311276K(631224K), 0.0032328 secs] [Times: user=0.01 sys=0.00, real=0.01 secs] 
2020-10-29T14:48:35.706+0000: [GC (Allocation Failure) 2020-10-29T14:48:35.706+0000: [ParNew: 16388K->4K(18432K), 0.0030948 secs] 327660K->311276K(631224K), 0.0031723 secs] [Times: user=0.00 sys=0.00, real=0.01 secs] 
2020-10-29T14:48:35.726+0000: [GC (Allocation Failure) 2020-10-29T14:48:35.726+0000: [ParNew: 16388K->4K(18432K), 0.0031703 secs] 327660K->311276K(631224K), 0.0032445 secs] [Times: user=0.01 sys=0.00, real=0.01 secs] 
2020-10-29T14:48:35.745+0000: [GC (Allocation Failure) 2020-10-29T14:48:35.745+0000: [ParNew: 16388K->4K(18432K), 0.0032517 secs] 327660K->311276K(631224K), 0.0033249 secs] [Times: user=0.01 sys=0.00, real=0.01 secs] 
2020-10-29T14:48:35.767+0000: [GC (Allocation Failure) 2020-10-29T14:48:35.767+0000: [ParNew: 16388K->4K(18432K), 0.0031952 secs] 327660K->311276K(631224K), 0.0032677 secs] [Times: user=0.01 sys=0.00, real=0.00 secs] 
2020-10-29T14:48:35.786+0000: [GC (Allocation Failure) 2020-10-29T14:48:35.786+0000: [ParNew: 16388K->4K(18432K), 0.0032146 secs] 327660K->311276K(631224K), 0.0033083 secs] [Times: user=0.00 sys=0.00, real=0.01 secs] 
2020-10-29T14:48:35.806+0000: [GC (Allocation Failure) 2020-10-29T14:48:35.806+0000: [ParNew: 16388K->4K(18432K), 0.0033112 secs] 327660K->311276K(631224K), 0.0033982 secs] [Times: user=0.01 sys=0.00, real=0.01 secs] 
2020-10-29T14:48:35.825+0000: [GC (Allocation Failure) 2020-10-29T14:48:35.825+0000: [ParNew: 16388K->4K(18432K), 0.0031957 secs] 327660K->311276K(631224K), 0.0033074 secs] [Times: user=0.01 sys=0.00, real=0.01 secs] 
2020-10-29T14:48:35.847+0000: [GC (Allocation Failure) 2020-10-29T14:48:35.847+0000: [ParNew: 16388K->4K(18432K), 0.0032818 secs] 327660K->311276K(631224K), 0.0033603 secs] [Times: user=0.00 sys=0.00, real=0.00 secs] 
2020-10-29T14:48:35.866+0000: [GC (Allocation Failure) 2020-10-29T14:48:35.866+0000: [ParNew: 16388K->4K(18432K), 0.0047997 secs] 327660K->311276K(631224K), 0.0048685 secs] [Times: user=0.00 sys=0.00, real=0.01 secs] 
2020-10-29T14:48:35.891+0000: [GC (Allocation Failure) 2020-10-29T14:48:35.891+0000: [ParNew: 16388K->4K(18432K), 0.0032025 secs] 327660K->311276K(631224K), 0.0032733 secs] [Times: user=0.01 sys=0.00, real=0.00 secs] 
2020-10-29T14:48:35.921+0000: [GC (Allocation Failure) 2020-10-29T14:48:35.921+0000: [ParNew: 16388K->4K(18432K), 0.0030840 secs] 327660K->311276K(631224K), 0.0031506 secs] [Times: user=0.00 sys=0.00, real=0.00 secs] 
2020-10-29T14:48:35.943+0000: [GC (Allocation Failure) 2020-10-29T14:48:35.943+0000: [ParNew: 16388K->4K(18432K), 0.0031158 secs] 327660K->311276K(631224K), 0.0031952 secs] [Times: user=0.01 sys=0.00, real=0.00 secs] 
2020-10-29T14:48:35.963+0000: [GC (Allocation Failure) 2020-10-29T14:48:35.963+0000: [ParNew: 16388K->4K(18432K), 0.0032662 secs] 327660K->311276K(631224K), 0.0033389 secs] [Times: user=0.01 sys=0.00, real=0.00 secs] 
2020-10-29T14:48:35.983+0000: [GC (Allocation Failure) 2020-10-29T14:48:35.983+0000: [ParNew: 16388K->4K(18432K), 0.0032180 secs] 327660K->311276K(631224K), 0.0032869 secs] [Times: user=0.01 sys=0.01, real=0.00 secs] 
2020-10-29T14:48:36.003+0000: [GC (Allocation Failure) 2020-10-29T14:48:36.003+0000: [ParNew: 16388K->4K(18432K), 0.0031378 secs] 327660K->311276K(631224K), 0.0032229 secs] [Times: user=0.01 sys=0.00, real=0.00 secs] 
2020-10-29T14:48:36.023+0000: [GC (Allocation Failure) 2020-10-29T14:48:36.023+0000: [ParNew: 16388K->4K(18432K), 0.0031408 secs] 327660K->311276K(631224K), 0.0032161 secs] [Times: user=0.01 sys=0.00, real=0.00 secs] 
2020-10-29T14:48:36.041+0000: [GC (Allocation Failure) 2020-10-29T14:48:36.042+0000: [ParNew: 16388K->4K(18432K), 0.0033283 secs] 327660K->311276K(631224K), 0.0034012 secs] [Times: user=0.00 sys=0.00, real=0.00 secs] 
2020-10-29T14:48:36.060+0000: [GC (Allocation Failure) 2020-10-29T14:48:36.060+0000: [ParNew: 16388K->4K(18432K), 0.0031063 secs] 327660K->311276K(631224K), 0.0031832 secs] [Times: user=0.01 sys=0.00, real=0.00 secs] 
2020-10-29T14:48:36.079+0000: [GC (Allocation Failure) 2020-10-29T14:48:36.079+0000: [ParNew: 16388K->4K(18432K), 0.0030455 secs] 327660K->311276K(631224K), 0.0031153 secs] [Times: user=0.00 sys=0.00, real=0.00 secs] 
2020-10-29T14:48:36.096+0000: [GC (Allocation Failure) 2020-10-29T14:48:36.096+0000: [ParNew: 16388K->4K(18432K), 0.0032527 secs] 327660K->311276K(631224K), 0.0033425 secs] [Times: user=0.01 sys=0.00, real=0.00 secs] 
2020-10-29T14:48:36.115+0000: [GC (Allocation Failure) 2020-10-29T14:48:36.115+0000: [ParNew: 16388K->4K(18432K), 0.0031759 secs] 327660K->311276K(631224K), 0.0032460 secs] [Times: user=0.00 sys=0.00, real=0.01 secs] 
2020-10-29T14:48:36.135+0000: [GC (Allocation Failure) 2020-10-29T14:48:36.135+0000: [ParNew: 16388K->4K(18432K), 0.0029799 secs] 327660K->311276K(631224K), 0.0030470 secs] [Times: user=0.00 sys=0.00, real=0.00 secs] 
2020-10-29T14:48:36.152+0000: [GC (Allocation Failure) 2020-10-29T14:48:36.152+0000: [ParNew: 16388K->4K(18432K), 0.0031136 secs] 327660K->311276K(631224K), 0.0031814 secs] [Times: user=0.01 sys=0.00, real=0.01 secs] 
2020-10-29T14:48:36.171+0000: [GC (Allocation Failure) 2020-10-29T14:48:36.171+0000: [ParNew: 16388K->4K(18432K), 0.0029914 secs] 327660K->311276K(631224K), 0.0030603 secs] [Times: user=0.00 sys=0.00, real=0.00 secs] 
2020-10-29T14:48:36.189+0000: [GC (Allocation Failure) 2020-10-29T14:48:36.189+0000: [ParNew: 16388K->4K(18432K), 0.0030795 secs] 327660K->311276K(631224K), 0.0031555 secs] [Times: user=0.01 sys=0.00, real=0.00 secs] 
2020-10-29T14:48:36.207+0000: [GC (Allocation Failure) 2020-10-29T14:48:36.207+0000: [ParNew: 16388K->4K(18432K), 0.0031551 secs] 327660K->311276K(631224K), 0.0032404 secs] [Times: user=0.00 sys=0.01, real=0.00 secs] 
2020-10-29T14:48:36.227+0000: [GC (Allocation Failure) 2020-10-29T14:48:36.227+0000: [ParNew: 16388K->4K(18432K), 0.0030088 secs] 327660K->311276K(631224K), 0.0030792 secs] [Times: user=0.00 sys=0.00, real=0.00 secs] 
2020-10-29T14:48:36.247+0000: [GC (Allocation Failure) 2020-10-29T14:48:36.247+0000: [ParNew: 16388K->4K(18432K), 0.0029726 secs] 327660K->311276K(631224K), 0.0030410 secs] [Times: user=0.01 sys=0.00, real=0.00 secs] 
2020-10-29T14:48:36.264+0000: [GC (Allocation Failure) 2020-10-29T14:48:36.265+0000: [ParNew: 16388K->4K(18432K), 0.0030303 secs] 327660K->311276K(631224K), 0.0030995 secs] [Times: user=0.00 sys=0.00, real=0.01 secs] 
2020-10-29T14:48:36.282+0000: [GC (Allocation Failure) 2020-10-29T14:48:36.282+0000: [ParNew: 16388K->4K(18432K), 0.0026351 secs] 327660K->311276K(631224K), 0.0026895 secs] [Times: user=0.01 sys=0.00, real=0.00 secs] 
2020-10-29T14:48:36.299+0000: [GC (Allocation Failure) 2020-10-29T14:48:36.299+0000: [ParNew: 16388K->4K(18432K), 0.0027756 secs] 327660K->311276K(631224K), 0.0028422 secs] [Times: user=0.01 sys=0.00, real=0.00 secs] 
2020-10-29T14:48:36.319+0000: [GC (Allocation Failure) 2020-10-29T14:48:36.319+0000: [ParNew: 16388K->4K(18432K), 0.0027982 secs] 327660K->311276K(631224K), 0.0028612 secs] [Times: user=0.01 sys=0.00, real=0.00 secs] 
2020-10-29T14:48:36.339+0000: [GC (Allocation Failure) 2020-10-29T14:48:36.339+0000: [ParNew: 16388K->4K(18432K), 0.0029357 secs] 327660K->311276K(631224K), 0.0029946 secs] [Times: user=0.00 sys=0.00, real=0.00 secs] 
2020-10-29T14:48:36.356+0000: [GC (Allocation Failure) 2020-10-29T14:48:36.357+0000: [ParNew: 16388K->4K(18432K), 0.0031432 secs] 327660K->311276K(631224K), 0.0032157 secs] [Times: user=0.01 sys=0.00, real=0.00 secs] 
2020-10-29T14:48:36.378+0000: [GC (Allocation Failure) 2020-10-29T14:48:36.378+0000: [ParNew: 16388K->4K(18432K), 0.0031119 secs] 327660K->311276K(631224K), 0.0031836 secs] [Times: user=0.01 sys=0.00, real=0.00 secs] 
2020-10-29T14:48:36.399+0000: [GC (Allocation Failure) 2020-10-29T14:48:36.399+0000: [ParNew: 16388K->4K(18432K), 0.0031151 secs] 327660K->311276K(631224K), 0.0031894 secs] [Times: user=0.01 sys=0.00, real=0.00 secs] 
2020-10-29T14:48:36.419+0000: [GC (Allocation Failure) 2020-10-29T14:48:36.419+0000: [ParNew: 16388K->4K(18432K), 0.0031037 secs] 327660K->311276K(631224K), 0.0031713 secs] [Times: user=0.00 sys=0.00, real=0.00 secs] 
2020-10-29T14:48:36.439+0000: [GC (Allocation Failure) 2020-10-29T14:48:36.439+0000: [ParNew: 16388K->4K(18432K), 0.0031895 secs] 327660K->311276K(631224K), 0.0032666 secs] [Times: user=0.00 sys=0.00, real=0.00 secs] 
2020-10-29T14:48:36.457+0000: [GC (Allocation Failure) 2020-10-29T14:48:36.457+0000: [ParNew: 16388K->4K(18432K), 0.0031978 secs] 327660K->311276K(631224K), 0.0032631 secs] [Times: user=0.00 sys=0.00, real=0.00 secs] 
2020-10-29T14:48:36.475+0000: [GC (Allocation Failure) 2020-10-29T14:48:36.475+0000: [ParNew: 16388K->4K(18432K), 0.0029360 secs] 327660K->311276K(631224K), 0.0030242 secs] [Times: user=0.00 sys=0.00, real=0.01 secs] 
2020-10-29T14:48:36.493+0000: [GC (Allocation Failure) 2020-10-29T14:48:36.493+0000: [ParNew: 16388K->4K(18432K), 0.0029379 secs] 327660K->311276K(631224K), 0.0030089 secs] [Times: user=0.01 sys=0.00, real=0.01 secs] 
2020-10-29T14:48:36.510+0000: [GC (Allocation Failure) 2020-10-29T14:48:36.510+0000: [ParNew: 16388K->4K(18432K), 0.0029469 secs] 327660K->311276K(631224K), 0.0030136 secs] [Times: user=0.00 sys=0.00, real=0.00 secs] 
2020-10-29T14:48:36.531+0000: [GC (Allocation Failure) 2020-10-29T14:48:36.531+0000: [ParNew: 16388K->4K(18432K), 0.0029276 secs] 327660K->311276K(631224K), 0.0029885 secs] [Times: user=0.01 sys=0.00, real=0.00 secs] 
2020-10-29T14:48:36.555+0000: [GC (Allocation Failure) 2020-10-29T14:48:36.555+0000: [ParNew: 16388K->4K(18432K), 0.0029796 secs] 327660K->311276K(631224K), 0.0030482 secs] [Times: user=0.01 sys=0.00, real=0.01 secs] 
2020-10-29T14:48:36.575+0000: [GC (Allocation Failure) 2020-10-29T14:48:36.575+0000: [ParNew: 16388K->4K(18432K), 0.0029010 secs] 327660K->311276K(631224K), 0.0029637 secs] [Times: user=0.01 sys=0.00, real=0.00 secs] 
2020-10-29T14:48:36.595+0000: [GC (Allocation Failure) 2020-10-29T14:48:36.595+0000: [ParNew: 16388K->4K(18432K), 0.0029317 secs] 327660K->311276K(631224K), 0.0029979 secs] [Times: user=0.01 sys=0.00, real=0.00 secs] 
2020-10-29T14:48:36.612+0000: [GC (Allocation Failure) 2020-10-29T14:48:36.613+0000: [ParNew: 16388K->4K(18432K), 0.0032011 secs] 327660K->311276K(631224K), 0.0032719 secs] [Times: user=0.00 sys=0.00, real=0.01 secs] 
2020-10-29T14:48:36.632+0000: [GC (Allocation Failure) 2020-10-29T14:48:36.632+0000: [ParNew: 16388K->4K(18432K), 0.0032963 secs] 327660K->311276K(631224K), 0.0033664 secs] [Times: user=0.01 sys=0.00, real=0.01 secs] 
2020-10-29T14:48:36.651+0000: [GC (Allocation Failure) 2020-10-29T14:48:36.651+0000: [ParNew: 16388K->4K(18432K), 0.0030080 secs] 327660K->311276K(631224K), 0.0030733 secs] [Times: user=0.00 sys=0.00, real=0.00 secs] 
2020-10-29T14:48:36.669+0000: [GC (Allocation Failure) 2020-10-29T14:48:36.669+0000: [ParNew: 16388K->4K(18432K), 0.0029231 secs] 327660K->311276K(631224K), 0.0029853 secs] [Times: user=0.00 sys=0.00, real=0.00 secs] 
2020-10-29T14:48:36.686+0000: [GC (Allocation Failure) 2020-10-29T14:48:36.687+0000: [ParNew: 16388K->4K(18432K), 0.0029421 secs] 327660K->311276K(631224K), 0.0030098 secs] [Times: user=0.01 sys=0.00, real=0.01 secs] 
2020-10-29T14:48:36.704+0000: [GC (Allocation Failure) 2020-10-29T14:48:36.704+0000: [ParNew: 16388K->4K(18432K), 0.0029571 secs] 327660K->311276K(631224K), 0.0030240 secs] [Times: user=0.00 sys=0.00, real=0.01 secs] 
2020-10-29T14:48:36.723+0000: [GC (Allocation Failure) 2020-10-29T14:48:36.723+0000: [ParNew: 16388K->4K(18432K), 0.0029600 secs] 327660K->311276K(631224K), 0.0030261 secs] [Times: user=0.01 sys=0.00, real=0.00 secs] 
2020-10-29T14:48:36.741+0000: [GC (Allocation Failure) 2020-10-29T14:48:36.741+0000: [ParNew: 16388K->4K(18432K), 0.0030062 secs] 327660K->311276K(631224K), 0.0030905 secs] [Times: user=0.00 sys=0.00, real=0.00 secs] 
2020-10-29T14:48:36.758+0000: [GC (Allocation Failure) 2020-10-29T14:48:36.758+0000: [ParNew: 16388K->4K(18432K), 0.0028226 secs] 327660K->311276K(631224K), 0.0028856 secs] [Times: user=0.01 sys=0.00, real=0.00 secs] 
2020-10-29T14:48:36.776+0000: [GC (Allocation Failure) 2020-10-29T14:48:36.776+0000: [ParNew: 16388K->4K(18432K), 0.0026191 secs] 327660K->311276K(631224K), 0.0026781 secs] [Times: user=0.00 sys=0.00, real=0.00 secs] 
2020-10-29T14:48:36.795+0000: [GC (Allocation Failure) 2020-10-29T14:48:36.795+0000: [ParNew: 16388K->4K(18432K), 0.0025406 secs] 327660K->311276K(631224K), 0.0025953 secs] [Times: user=0.00 sys=0.00, real=0.00 secs] 
2020-10-29T14:48:36.815+0000: [GC (Allocation Failure) 2020-10-29T14:48:36.815+0000: [ParNew: 16388K->4K(18432K), 0.0028104 secs] 327660K->311277K(631224K), 0.0028730 secs] [Times: user=0.00 sys=0.00, real=0.00 secs] 
2020-10-29T14:48:36.835+0000: [GC (Allocation Failure) 2020-10-29T14:48:36.835+0000: [ParNew: 16388K->4K(18432K), 0.0028066 secs] 327661K->311277K(631224K), 0.0028671 secs] [Times: user=0.00 sys=0.00, real=0.00 secs] 
2020-10-29T14:48:36.855+0000: [GC (Allocation Failure) 2020-10-29T14:48:36.855+0000: [ParNew: 16388K->4K(18432K), 0.0026318 secs] 327661K->311277K(631224K), 0.0026893 secs] [Times: user=0.01 sys=0.00, real=0.00 secs] 
2020-10-29T14:48:36.872+0000: [GC (Allocation Failure) 2020-10-29T14:48:36.872+0000: [ParNew: 16388K->4K(18432K), 0.0028446 secs] 327661K->311277K(631224K), 0.0029024 secs] [Times: user=0.01 sys=0.00, real=0.01 secs] 
2020-10-29T14:48:36.890+0000: [GC (Allocation Failure) 2020-10-29T14:48:36.890+0000: [ParNew: 16388K->4K(18432K), 0.0028345 secs] 327661K->311277K(631224K), 0.0028940 secs] [Times: user=0.01 sys=0.00, real=0.00 secs] 
2020-10-29T14:48:36.908+0000: [GC (Allocation Failure) 2020-10-29T14:48:36.908+0000: [ParNew: 16388K->4K(18432K), 0.0031281 secs] 327661K->311277K(631224K), 0.0031967 secs] [Times: user=0.01 sys=0.00, real=0.00 secs] 
2020-10-29T14:48:36.926+0000: [GC (Allocation Failure) 2020-10-29T14:48:36.926+0000: [ParNew: 16388K->4K(18432K), 0.0030537 secs] 327661K->311277K(631224K), 0.0031205 secs] [Times: user=0.01 sys=0.00, real=0.01 secs] 
2020-10-29T14:48:36.947+0000: [GC (Allocation Failure) 2020-10-29T14:48:36.947+0000: [ParNew: 16388K->4K(18432K), 0.0030771 secs] 327661K->311277K(631224K), 0.0031470 secs] [Times: user=0.01 sys=0.00, real=0.00 secs] 
2020-10-29T14:48:36.967+0000: [GC (Allocation Failure) 2020-10-29T14:48:36.967+0000: [ParNew: 16388K->4K(18432K), 0.0030495 secs] 327661K->311277K(631224K), 0.0031167 secs] [Times: user=0.01 sys=0.00, real=0.00 secs] 
2020-10-29T14:48:36.987+0000: [GC (Allocation Failure) 2020-10-29T14:48:36.987+0000: [ParNew: 16388K->4K(18432K), 0.0030576 secs] 327661K->311277K(631224K), 0.0031244 secs] [Times: user=0.01 sys=0.00, real=0.00 secs] 
2020-10-29T14:48:37.005+0000: [GC (Allocation Failure) 2020-10-29T14:48:37.005+0000: [ParNew: 16388K->4K(18432K), 0.0032216 secs] 327661K->311277K(631224K), 0.0032889 secs] [Times: user=0.01 sys=0.00, real=0.01 secs] 
2020-10-29T14:48:37.027+0000: [GC (Allocation Failure) 2020-10-29T14:48:37.027+0000: [ParNew: 16388K->4K(18432K), 0.0029969 secs] 327661K->311277K(631224K), 0.0030654 secs] [Times: user=0.01 sys=0.00, real=0.00 secs] 
2020-10-29T14:48:37.045+0000: [GC (Allocation Failure) 2020-10-29T14:48:37.045+0000: [ParNew: 16388K->4K(18432K), 0.0029730 secs] 327661K->311277K(631224K), 0.0030395 secs] [Times: user=0.00 sys=0.00, real=0.01 secs] 
2020-10-29T14:48:37.062+0000: [GC (Allocation Failure) 2020-10-29T14:48:37.063+0000: [ParNew: 16388K->4K(18432K), 0.0028194 secs] 327661K->311277K(631224K), 0.0028801 secs] [Times: user=0.01 sys=0.00, real=0.00 secs] 
2020-10-29T14:48:37.083+0000: [GC (Allocation Failure) 2020-10-29T14:48:37.083+0000: [ParNew: 16388K->4K(18432K), 0.0026621 secs] 327661K->311277K(631224K), 0.0027199 secs] [Times: user=0.00 sys=0.00, real=0.00 secs] 
2020-10-29T14:48:37.100+0000: [GC (Allocation Failure) 2020-10-29T14:48:37.100+0000: [ParNew: 16388K->4K(18432K), 0.0026981 secs] 327661K->311277K(631224K), 0.0027525 secs] [Times: user=0.01 sys=0.00, real=0.00 secs] 
2020-10-29T14:48:37.118+0000: [GC (Allocation Failure) 2020-10-29T14:48:37.118+0000: [ParNew: 16388K->4K(18432K), 0.0030361 secs] 327661K->311277K(631224K), 0.0031030 secs] [Times: user=0.00 sys=0.00, real=0.00 secs] 
2020-10-29T14:48:37.139+0000: [GC (Allocation Failure) 2020-10-29T14:48:37.139+0000: [ParNew: 16388K->4K(18432K), 0.0028143 secs] 327661K->311277K(631224K), 0.0028748 secs] [Times: user=0.00 sys=0.00, real=0.00 secs] 
2020-10-29T14:48:37.156+0000: [GC (Allocation Failure) 2020-10-29T14:48:37.156+0000: [ParNew: 16388K->4K(18432K), 0.0027268 secs] 327661K->311277K(631224K), 0.0027826 secs] [Times: user=0.00 sys=0.00, real=0.00 secs] 
2020-10-29T14:48:37.174+0000: [GC (Allocation Failure) 2020-10-29T14:48:37.174+0000: [ParNew: 16388K->4K(18432K), 0.0026132 secs] 327661K->311277K(631224K), 0.0026770 secs] [Times: user=0.01 sys=0.00, real=0.01 secs] 
2020-10-29T14:48:37.191+0000: [GC (Allocation Failure) 2020-10-29T14:48:37.191+0000: [ParNew: 16388K->4K(18432K), 0.0030402 secs] 327661K->311277K(631224K), 0.0031061 secs] [Times: user=0.00 sys=0.00, real=0.00 secs] 
2020-10-29T14:48:37.209+0000: [GC (Allocation Failure) 2020-10-29T14:48:37.209+0000: [ParNew: 16388K->4K(18432K), 0.0030320 secs] 327661K->311277K(631224K), 0.0030947 secs] [Times: user=0.01 sys=0.00, real=0.00 secs] 
2020-10-29T14:48:37.231+0000: [GC (Allocation Failure) 2020-10-29T14:48:37.231+0000: [ParNew: 16388K->4K(18432K), 0.0028731 secs] 327661K->311277K(631224K), 0.0029377 secs] [Times: user=0.01 sys=0.00, real=0.00 secs] 
2020-10-29T14:48:37.248+0000: [GC (Allocation Failure) 2020-10-29T14:48:37.248+0000: [ParNew: 16388K->4K(18432K), 0.0028505 secs] 327661K->311277K(631224K), 0.0029120 secs] [Times: user=0.00 sys=0.00, real=0.00 secs] 
2020-10-29T14:48:37.266+0000: [GC (Allocation Failure) 2020-10-29T14:48:37.266+0000: [ParNew: 16388K->4K(18432K), 0.0027931 secs] 327661K->311277K(631224K), 0.0028519 secs] [Times: user=0.01 sys=0.00, real=0.01 secs] 
2020-10-29T14:48:37.287+0000: [GC (Allocation Failure) 2020-10-29T14:48:37.287+0000: [ParNew: 16388K->4K(18432K), 0.0028447 secs] 327661K->311277K(631224K), 0.0029161 secs] [Times: user=0.01 sys=0.00, real=0.00 secs] 
2020-10-29T14:48:37.305+0000: [GC (Allocation Failure) 2020-10-29T14:48:37.305+0000: [ParNew: 16388K->4K(18432K), 0.0036264 secs] 327661K->311277K(631224K), 0.0036872 secs] [Times: user=0.00 sys=0.00, real=0.01 secs] 
2020-10-29T14:48:37.323+0000: [GC (Allocation Failure) 2020-10-29T14:48:37.323+0000: [ParNew: 16388K->4K(18432K), 0.0025649 secs] 327661K->311277K(631224K), 0.0026160 secs] [Times: user=0.00 sys=0.00, real=0.00 secs] 
2020-10-29T14:48:37.340+0000: [GC (Allocation Failure) 2020-10-29T14:48:37.340+0000: [ParNew: 16388K->4K(18432K), 0.0027601 secs] 327661K->311277K(631224K), 0.0028300 secs] [Times: user=0.00 sys=0.00, real=0.00 secs] 
2020-10-29T14:48:37.359+0000: [GC (Allocation Failure) 2020-10-29T14:48:37.359+0000: [ParNew: 16388K->4K(18432K), 0.0028854 secs] 327661K->311277K(631224K), 0.0029467 secs] [Times: user=0.01 sys=0.00, real=0.00 secs] 
2020-10-29T14:48:37.379+0000: [GC (Allocation Failure) 2020-10-29T14:48:37.379+0000: [ParNew: 16388K->4K(18432K), 0.0029331 secs] 327661K->311277K(631224K), 0.0029940 secs] [Times: user=0.00 sys=0.00, real=0.00 secs] 
2020-10-29T14:48:37.397+0000: [GC (Allocation Failure) 2020-10-29T14:48:37.397+0000: [ParNew: 16388K->4K(18432K), 0.0028907 secs] 327661K->311277K(631224K), 0.0029528 secs] [Times: user=0.00 sys=0.00, real=0.00 secs] 
2020-10-29T14:48:37.417+0000: [GC (Allocation Failure) 2020-10-29T14:48:37.417+0000: [ParNew: 16388K->4K(18432K), 0.0027424 secs] 327661K->311277K(631224K), 0.0028062 secs] [Times: user=0.00 sys=0.00, real=0.00 secs] 
2020-10-29T14:48:37.435+0000: [GC (Allocation Failure) 2020-10-29T14:48:37.435+0000: [ParNew: 16388K->4K(18432K), 0.0031310 secs] 327661K->311277K(631224K), 0.0031980 secs] [Times: user=0.00 sys=0.00, real=0.00 secs] 
2020-10-29T14:48:37.453+0000: [GC (Allocation Failure) 2020-10-29T14:48:37.453+0000: [ParNew: 16388K->4K(18432K), 0.0032365 secs] 327661K->311277K(631224K), 0.0033299 secs] [Times: user=0.01 sys=0.00, real=0.01 secs] 
2020-10-29T14:48:37.472+0000: [GC (Allocation Failure) 2020-10-29T14:48:37.472+0000: [ParNew: 16388K->4K(18432K), 0.0029392 secs] 327661K->311277K(631224K), 0.0029970 secs] [Times: user=0.01 sys=0.00, real=0.01 secs] 
2020-10-29T14:48:37.491+0000: [GC (Allocation Failure) 2020-10-29T14:48:37.491+0000: [ParNew: 16388K->4K(18432K), 0.0031391 secs] 327661K->311277K(631224K), 0.0032198 secs] [Times: user=0.00 sys=0.00, real=0.00 secs] 
2020-10-29T14:48:37.511+0000: [GC (Allocation Failure) 2020-10-29T14:48:37.511+0000: [ParNew: 16388K->4K(18432K), 0.0030245 secs] 327661K->311277K(631224K), 0.0031048 secs] [Times: user=0.00 sys=0.00, real=0.00 secs] 
2020-10-29T14:48:37.531+0000: [GC (Allocation Failure) 2020-10-29T14:48:37.531+0000: [ParNew: 16388K->4K(18432K), 0.0032478 secs] 327661K->311277K(631224K), 0.0033158 secs] [Times: user=0.01 sys=0.00, real=0.00 secs] 
2020-10-29T14:48:37.549+0000: [GC (Allocation Failure) 2020-10-29T14:48:37.549+0000: [ParNew: 16388K->4K(18432K), 0.0030229 secs] 327661K->311277K(631224K), 0.0031074 secs] [Times: user=0.00 sys=0.00, real=0.00 secs] 
2020-10-29T14:48:37.571+0000: [GC (Allocation Failure) 2020-10-29T14:48:37.571+0000: [ParNew: 16388K->4K(18432K), 0.0029437 secs] 327661K->311277K(631224K), 0.0030093 secs] [Times: user=0.01 sys=0.00, real=0.00 secs] 
2020-10-29T14:48:37.591+0000: [GC (Allocation Failure) 2020-10-29T14:48:37.591+0000: [ParNew: 16388K->4K(18432K), 0.0029735 secs] 327661K->311277K(631224K), 0.0030364 secs] [Times: user=0.01 sys=0.00, real=0.00 secs] 
2020-10-29T14:48:37.611+0000: [GC (Allocation Failure) 2020-10-29T14:48:37.611+0000: [ParNew: 16388K->4K(18432K), 0.0028232 secs] 327661K->311277K(631224K), 0.0028811 secs] [Times: user=0.00 sys=0.00, real=0.00 secs] 
2020-10-29T14:48:37.629+0000: [GC (Allocation Failure) 2020-10-29T14:48:37.629+0000: [ParNew: 16388K->4K(18432K), 0.0029043 secs] 327661K->311277K(631224K), 0.0029628 secs] [Times: user=0.01 sys=0.00, real=0.00 secs] 
2020-10-29T14:48:37.647+0000: [GC (Allocation Failure) 2020-10-29T14:48:37.647+0000: [ParNew: 16388K->4K(18432K), 0.0025863 secs] 327661K->311277K(631224K), 0.0026409 secs] [Times: user=0.00 sys=0.00, real=0.00 secs] 
2020-10-29T14:48:37.664+0000: [GC (Allocation Failure) 2020-10-29T14:48:37.664+0000: [ParNew: 16388K->4K(18432K), 0.0028481 secs] 327661K->311277K(631224K), 0.0029010 secs] [Times: user=0.00 sys=0.00, real=0.01 secs] 
2020-10-29T14:48:37.682+0000: [GC (Allocation Failure) 2020-10-29T14:48:37.682+0000: [ParNew: 16388K->4K(18432K), 0.0027424 secs] 327661K->311277K(631224K), 0.0028080 secs] [Times: user=0.00 sys=0.00, real=0.00 secs] 
2020-10-29T14:48:37.702+0000: [GC (Allocation Failure) 2020-10-29T14:48:37.702+0000: [ParNew: 16388K->4K(18432K), 0.0030668 secs] 327661K->311277K(631224K), 0.0031769 secs] [Times: user=0.01 sys=0.00, real=0.00 secs] 
2020-10-29T14:48:37.726+0000: [GC (Allocation Failure) 2020-10-29T14:48:37.726+0000: [ParNew: 16388K->4K(18432K), 0.0031626 secs] 327661K->311277K(631224K), 0.0032231 secs] [Times: user=0.01 sys=0.00, real=0.01 secs] 
2020-10-29T14:48:37.746+0000: [GC (Allocation Failure) 2020-10-29T14:48:37.746+0000: [ParNew: 16388K->4K(18432K), 0.0029006 secs] 327661K->311277K(631224K), 0.0029630 secs] [Times: user=0.01 sys=0.00, real=0.01 secs] 
2020-10-29T14:48:37.764+0000: [GC (Allocation Failure) 2020-10-29T14:48:37.764+0000: [ParNew: 16388K->4K(18432K), 0.0029146 secs] 327661K->311277K(631224K), 0.0029762 secs] [Times: user=0.00 sys=0.00, real=0.01 secs] 
2020-10-29T14:48:37.781+0000: [GC (Allocation Failure) 2020-10-29T14:48:37.781+0000: [ParNew: 16388K->4K(18432K), 0.0028275 secs] 327661K->311277K(631224K), 0.0028877 secs] [Times: user=0.01 sys=0.00, real=0.00 secs] 
2020-10-29T14:48:37.803+0000: [GC (Allocation Failure) 2020-10-29T14:48:37.803+0000: [ParNew: 16388K->4K(18432K), 0.0029817 secs] 327661K->311277K(631224K), 0.0030509 secs] [Times: user=0.01 sys=0.00, real=0.00 secs] 
2020-10-29T14:48:37.823+0000: [GC (Allocation Failure) 2020-10-29T14:48:37.823+0000: [ParNew: 16388K->4K(18432K), 0.0029263 secs] 327661K->311277K(631224K), 0.0029914 secs] [Times: user=0.00 sys=0.00, real=0.00 secs] 
2020-10-29T14:48:37.840+0000: [GC (Allocation Failure) 2020-10-29T14:48:37.841+0000: [ParNew: 16388K->4K(18432K), 0.0028745 secs] 327661K->311277K(631224K), 0.0029296 secs] [Times: user=0.01 sys=0.00, real=0.00 secs] 
2020-10-29T14:48:37.858+0000: [GC (Allocation Failure) 2020-10-29T14:48:37.858+0000: [ParNew: 16388K->4K(18432K), 0.0029578 secs] 327661K->311277K(631224K), 0.0030153 secs] [Times: user=0.00 sys=0.00, real=0.00 secs] 
2020-10-29T14:48:37.876+0000: [GC (Allocation Failure) 2020-10-29T14:48:37.876+0000: [ParNew: 16388K->4K(18432K), 0.0029480 secs] 327661K->311277K(631224K), 0.0030221 secs] [Times: user=0.01 sys=0.00, real=0.00 secs] 
2020-10-29T14:48:37.895+0000: [GC (Allocation Failure) 2020-10-29T14:48:37.895+0000: [ParNew: 16388K->4K(18432K), 0.0026988 secs] 327661K->311277K(631224K), 0.0027623 secs] [Times: user=0.00 sys=0.00, real=0.00 secs] 
2020-10-29T14:48:37.912+0000: [GC (Allocation Failure) 2020-10-29T14:48:37.912+0000: [ParNew: 16388K->4K(18432K), 0.0026656 secs] 327661K->311277K(631224K), 0.0027204 secs] [Times: user=0.00 sys=0.00, real=0.01 secs] 
2020-10-29T14:48:37.931+0000: [GC (Allocation Failure) 2020-10-29T14:48:37.931+0000: [ParNew: 16388K->4K(18432K), 0.0024767 secs] 327661K->311277K(631224K), 0.0025286 secs] [Times: user=0.01 sys=0.00, real=0.00 secs] 
2020-10-29T14:48:37.948+0000: [GC (Allocation Failure) 2020-10-29T14:48:37.948+0000: [ParNew: 16388K->4K(18432K), 0.0029995 secs] 327661K->311277K(631224K), 0.0030633 secs] [Times: user=0.01 sys=0.00, real=0.00 secs] 
2020-10-29T14:48:37.966+0000: [GC (Allocation Failure) 2020-10-29T14:48:37.966+0000: [ParNew: 16379K->4K(18432K), 0.0032002 secs] 327652K->311277K(631224K), 0.0032771 secs] [Times: user=0.01 sys=0.00, real=0.01 secs] 
2020-10-29T14:48:37.993+0000: [GC (Allocation Failure) 2020-10-29T14:48:37.993+0000: [ParNew: 16388K->4K(18432K), 0.0030820 secs] 327661K->311277K(631224K), 0.0031621 secs] [Times: user=0.01 sys=0.00, real=0.01 secs] 
2020-10-29T14:48:38.027+0000: [GC (Allocation Failure) 2020-10-29T14:48:38.027+0000: [ParNew: 16388K->4K(18432K), 0.0029766 secs] 327661K->311277K(631224K), 0.0030449 secs] [Times: user=0.01 sys=0.00, real=0.00 secs] 
2020-10-29T14:48:38.058+0000: [GC (Allocation Failure) 2020-10-29T14:48:38.058+0000: [ParNew: 16388K->4K(18432K), 0.0032114 secs] 327661K->311277K(631224K), 0.0032839 secs] [Times: user=0.01 sys=0.00, real=0.00 secs] 
2020-10-29T14:48:38.091+0000: [GC (Allocation Failure) 2020-10-29T14:48:38.091+0000: [ParNew: 16388K->4K(18432K), 0.0032271 secs] 327661K->311277K(631224K), 0.0032992 secs] [Times: user=0.01 sys=0.00, real=0.00 secs] 
2020-10-29T14:48:38.123+0000: [GC (Allocation Failure) 2020-10-29T14:48:38.123+0000: [ParNew: 16388K->6K(18432K), 0.0033340 secs] 327661K->311279K(631224K), 0.0034096 secs] [Times: user=0.01 sys=0.00, real=0.00 secs] 
2020-10-29T14:48:38.377+0000: [GC (Allocation Failure) 2020-10-29T14:48:38.377+0000: [ParNew: 16390K->4K(18432K), 0.0030359 secs] 327663K->311277K(631224K), 0.0031084 secs] [Times: user=0.01 sys=0.00, real=0.00 secs] 
2020-10-29T14:48:38.452+0000: [GC (Allocation Failure) 2020-10-29T14:48:38.452+0000: [ParNew: 16388K->4K(18432K), 0.0030771 secs] 327661K->311278K(631224K), 0.0031719 secs] [Times: user=0.00 sys=0.00, real=0.01 secs] 
2020-10-29T14:48:38.511+0000: [GC (Allocation Failure) 2020-10-29T14:48:38.511+0000: [ParNew: 16388K->4K(18432K), 0.0030007 secs] 327662K->311278K(631224K), 0.0030935 secs] [Times: user=0.01 sys=0.00, real=0.00 secs] 
2020-10-29T14:48:38.613+0000: [GC (Allocation Failure) 2020-10-29T14:48:38.613+0000: [ParNew: 16388K->4K(18432K), 0.0030658 secs] 327662K->311278K(631224K), 0.0031391 secs] [Times: user=0.00 sys=0.00, real=0.01 secs] 
2020-10-29T14:48:39.625+0000: [GC (Allocation Failure) 2020-10-29T14:48:39.625+0000: [ParNew: 16388K->498K(18432K), 0.0036811 secs] 327662K->311772K(631224K), 0.0037460 secs] [Times: user=0.01 sys=0.00, real=0.01 secs] 
2020-10-29T14:48:40.338+0000: [GC (Allocation Failure) 2020-10-29T14:48:40.338+0000: [ParNew: 16882K->2047K(18432K), 0.0062754 secs] 344540K->329759K(631224K), 0.0063496 secs] [Times: user=0.02 sys=0.00, real=0.00 secs] 
2020-10-29T14:48:40.383+0000: [GC (Allocation Failure) 2020-10-29T14:48:40.383+0000: [ParNew: 18431K->685K(18432K), 0.0081024 secs] 346143K->330124K(631224K), 0.0081775 secs] [Times: user=0.01 sys=0.00, real=0.01 secs] 
2020-10-29T14:48:40.423+0000: [GC (Allocation Failure) 2020-10-29T14:48:40.423+0000: [ParNew: 17069K->737K(18432K), 0.0033934 secs] 346508K->330176K(631224K), 0.0034924 secs] [Times: user=0.01 sys=0.00, real=0.01 secs] 
2020-10-29T14:48:40.451+0000: [GC (Allocation Failure) 2020-10-29T14:48:40.451+0000: [ParNew: 17121K->488K(18432K), 0.0046824 secs] 346560K->329928K(631224K), 0.0047571 secs] [Times: user=0.01 sys=0.00, real=0.01 secs] 
2020-10-29T14:48:40.479+0000: [GC (Allocation Failure) 2020-10-29T14:48:40.479+0000: [ParNew: 16872K->725K(18432K), 0.0032961 secs] 346312K->330164K(631224K), 0.0033723 secs] [Times: user=0.00 sys=0.00, real=0.00 secs] 
2020-10-29T14:48:40.511+0000: [GC (Allocation Failure) 2020-10-29T14:48:40.511+0000: [ParNew: 17109K->1036K(18432K), 0.0033864 secs] 346548K->330475K(631224K), 0.0034595 secs] [Times: user=0.01 sys=0.00, real=0.00 secs] 
2020-10-29T14:48:40.539+0000: [GC (Allocation Failure) 2020-10-29T14:48:40.539+0000: [ParNew: 17420K->1288K(18432K), 0.0034209 secs] 346859K->330727K(631224K), 0.0034944 secs] [Times: user=0.01 sys=0.00, real=0.00 secs] 
2020-10-29T14:48:40.567+0000: [GC (Allocation Failure) 2020-10-29T14:48:40.567+0000: [ParNew: 17672K->597K(18432K), 0.0033258 secs] 347111K->330510K(631224K), 0.0033972 secs] [Times: user=0.01 sys=0.00, real=0.00 secs] 
2020-10-29T14:48:40.595+0000: [GC (Allocation Failure) 2020-10-29T14:48:40.595+0000: [ParNew: 16981K->1557K(18432K), 0.0031960 secs] 346894K->331471K(631224K), 0.0032718 secs] [Times: user=0.01 sys=0.00, real=0.01 secs] 
2020-10-29T14:48:40.623+0000: [GC (Allocation Failure) 2020-10-29T14:48:40.623+0000: [ParNew: 17941K->5K(18432K), 0.0032252 secs] 347855K->330943K(631224K), 0.0032933 secs] [Times: user=0.01 sys=0.00, real=0.00 secs] 
2020-10-29T14:48:40.647+0000: [GC (Allocation Failure) 2020-10-29T14:48:40.647+0000: [ParNew: 16389K->4K(18432K), 0.0029221 secs] 347327K->330941K(631224K), 0.0029858 secs] [Times: user=0.01 sys=0.00, real=0.00 secs] 
2020-10-29T14:48:40.675+0000: [GC (Allocation Failure) 2020-10-29T14:48:40.675+0000: [ParNew: 16388K->4K(18432K), 0.0028171 secs] 347325K->330941K(631224K), 0.0028962 secs] [Times: user=0.00 sys=0.00, real=0.01 secs] 
2020-10-29T14:48:40.703+0000: [GC (Allocation Failure) 2020-10-29T14:48:40.703+0000: [ParNew: 16388K->4K(18432K), 0.0029555 secs] 347325K->330941K(631224K), 0.0030142 secs] [Times: user=0.01 sys=0.00, real=0.00 secs] 
2020-10-29T14:48:40.722+0000: [GC (Allocation Failure) 2020-10-29T14:48:40.722+0000: [ParNew: 16388K->4K(18432K), 0.0028512 secs] 347325K->330941K(631224K), 0.0029098 secs] [Times: user=0.00 sys=0.00, real=0.00 secs] 
2020-10-29T14:48:40.742+0000: [GC (Allocation Failure) 2020-10-29T14:48:40.742+0000: [ParNew: 16388K->4K(18432K), 0.0028440 secs] 347325K->330941K(631224K), 0.0029080 secs] [Times: user=0.01 sys=0.00, real=0.00 secs] 
2020-10-29T14:48:40.761+0000: [GC (Allocation Failure) 2020-10-29T14:48:40.761+0000: [ParNew: 16388K->4K(18432K), 0.0031550 secs] 347325K->330941K(631224K), 0.0032295 secs] [Times: user=0.01 sys=0.00, real=0.00 secs] 
2020-10-29T14:48:40.783+0000: [GC (Allocation Failure) 2020-10-29T14:48:40.783+0000: [ParNew: 16388K->4K(18432K), 0.0031713 secs] 347325K->330941K(631224K), 0.0032478 secs] [Times: user=0.01 sys=0.00, real=0.00 secs] 
2020-10-29T14:48:40.806+0000: [GC (Allocation Failure) 2020-10-29T14:48:40.806+0000: [ParNew: 16388K->4K(18432K), 0.0030374 secs] 347325K->330941K(631224K), 0.0031108 secs] [Times: user=0.01 sys=0.00, real=0.01 secs] 
2020-10-29T14:48:40.829+0000: [GC (Allocation Failure) 2020-10-29T14:48:40.829+0000: [ParNew: 16388K->4K(18432K), 0.0030668 secs] 347325K->330941K(631224K), 0.0031502 secs] [Times: user=0.01 sys=0.00, real=0.00 secs] 
2020-10-29T14:48:40.853+0000: [GC (Allocation Failure) 2020-10-29T14:48:40.853+0000: [ParNew: 16388K->4K(18432K), 0.0030188 secs] 347325K->330941K(631224K), 0.0030884 secs] [Times: user=0.00 sys=0.00, real=0.01 secs] 
2020-10-29T14:48:40.879+0000: [GC (Allocation Failure) 2020-10-29T14:48:40.879+0000: [ParNew: 16388K->4K(18432K), 0.0029584 secs] 347325K->330941K(631224K), 0.0030281 secs] [Times: user=0.00 sys=0.00, real=0.00 secs] 
2020-10-29T14:48:40.906+0000: [GC (Allocation Failure) 2020-10-29T14:48:40.906+0000: [ParNew: 16388K->4K(18432K), 0.0030581 secs] 347325K->330941K(631224K), 0.0031534 secs] [Times: user=0.01 sys=0.00, real=0.01 secs] 
2020-10-29T14:48:40.932+0000: [GC (Allocation Failure) 2020-10-29T14:48:40.932+0000: [ParNew: 16388K->4K(18432K), 0.0030552 secs] 347325K->330941K(631224K), 0.0031556 secs] [Times: user=0.00 sys=0.00, real=0.01 secs] 
2020-10-29T14:48:40.956+0000: [GC (Allocation Failure) 2020-10-29T14:48:40.956+0000: [ParNew: 16388K->4K(18432K), 0.0030639 secs] 347325K->330941K(631224K), 0.0031617 secs] [Times: user=0.01 sys=0.00, real=0.00 secs] 
2020-10-29T14:48:40.983+0000: [GC (Allocation Failure) 2020-10-29T14:48:40.983+0000: [ParNew: 16388K->4K(18432K), 0.0030237 secs] 347325K->330941K(631224K), 0.0031198 secs] [Times: user=0.00 sys=0.00, real=0.00 secs] 
2020-10-29T14:48:41.012+0000: [GC (Allocation Failure) 2020-10-29T14:48:41.012+0000: [ParNew: 16388K->4K(18432K), 0.0031018 secs] 347325K->330941K(631224K), 0.0031980 secs] [Times: user=0.00 sys=0.00, real=0.01 secs] 
2020-10-29T14:48:41.048+0000: [GC (Allocation Failure) 2020-10-29T14:48:41.048+0000: [ParNew: 16388K->4K(18432K), 0.0030671 secs] 347325K->330941K(631224K), 0.0031632 secs] [Times: user=0.01 sys=0.00, real=0.00 secs] 
2020-10-29T14:48:41.084+0000: [GC (Allocation Failure) 2020-10-29T14:48:41.084+0000: [ParNew: 16388K->4K(18432K), 0.0030558 secs] 347325K->330941K(631224K), 0.0031561 secs] [Times: user=0.01 sys=0.00, real=0.01 secs] 
2020-10-29T14:48:41.133+0000: [GC (Allocation Failure) 2020-10-29T14:48:41.133+0000: [ParNew: 16388K->4K(18432K), 0.0030164 secs] 347325K->330941K(631224K), 0.0031200 secs] [Times: user=0.00 sys=0.00, real=0.01 secs] 
2020-10-29T14:48:41.168+0000: [GC (Allocation Failure) 2020-10-29T14:48:41.168+0000: [ParNew: 16388K->4K(18432K), 0.0030504 secs] 347325K->330941K(631224K), 0.0031448 secs] [Times: user=0.01 sys=0.00, real=0.00 secs] 
2020-10-29T14:48:41.209+0000: [GC (Allocation Failure) 2020-10-29T14:48:41.209+0000: [ParNew: 16388K->4K(18432K), 0.0030722 secs] 347325K->330941K(631224K), 0.0031672 secs] [Times: user=0.01 sys=0.00, real=0.00 secs] 
2020-10-29T14:48:41.244+0000: [GC (Allocation Failure) 2020-10-29T14:48:41.244+0000: [ParNew: 16388K->4K(18432K), 0.0030214 secs] 347325K->330942K(631224K), 0.0031171 secs] [Times: user=0.01 sys=0.00, real=0.01 secs] 
2020-10-29T14:48:41.279+0000: [GC (Allocation Failure) 2020-10-29T14:48:41.279+0000: [ParNew: 16388K->4K(18432K), 0.0030335 secs] 347326K->330942K(631224K), 0.0031284 secs] [Times: user=0.01 sys=0.00, real=0.00 secs] 
2020-10-29T14:48:41.314+0000: [GC (Allocation Failure) 2020-10-29T14:48:41.314+0000: [ParNew: 16388K->4K(18432K), 0.0031739 secs] 347326K->330942K(631224K), 0.0032841 secs] [Times: user=0.01 sys=0.00, real=0.01 secs] 
2020-10-29T14:48:41.347+0000: [GC (Allocation Failure) 2020-10-29T14:48:41.347+0000: [ParNew: 16388K->4K(18432K), 0.0029779 secs] 347326K->330942K(631224K), 0.0030480 secs] [Times: user=0.00 sys=0.00, real=0.00 secs] 
2020-10-29T14:48:41.365+0000: [GC (Allocation Failure) 2020-10-29T14:48:41.365+0000: [ParNew: 16388K->4K(18432K), 0.0028382 secs] 347326K->330942K(631224K), 0.0028983 secs] [Times: user=0.01 sys=0.00, real=0.01 secs] 
2020-10-29T14:48:41.384+0000: [GC (Allocation Failure) 2020-10-29T14:48:41.384+0000: [ParNew: 16388K->4K(18432K), 0.0024431 secs] 347326K->330942K(631224K), 0.0024962 secs] [Times: user=0.00 sys=0.00, real=0.00 secs] 
2020-10-29T14:48:41.404+0000: [GC (Allocation Failure) 2020-10-29T14:48:41.404+0000: [ParNew: 16388K->4K(18432K), 0.0028623 secs] 347326K->330942K(631224K), 0.0029456 secs] [Times: user=0.00 sys=0.00, real=0.00 secs] 
2020-10-29T14:48:41.422+0000: [GC (Allocation Failure) 2020-10-29T14:48:41.422+0000: [ParNew: 16388K->4K(18432K), 0.0029144 secs] 347326K->330942K(631224K), 0.0029800 secs] [Times: user=0.00 sys=0.00, real=0.00 secs] 
2020-10-29T14:48:41.439+0000: [GC (Allocation Failure) 2020-10-29T14:48:41.439+0000: [ParNew: 16388K->4K(18432K), 0.0028908 secs] 347326K->330942K(631224K), 0.0029525 secs] [Times: user=0.01 sys=0.00, real=0.00 secs] 
2020-10-29T14:48:41.456+0000: [GC (Allocation Failure) 2020-10-29T14:48:41.456+0000: [ParNew: 16388K->4K(18432K), 0.0030300 secs] 347326K->330942K(631224K), 0.0031036 secs] [Times: user=0.00 sys=0.00, real=0.00 secs] 
2020-10-29T14:48:41.474+0000: [GC (Allocation Failure) 2020-10-29T14:48:41.474+0000: [ParNew: 16388K->4K(18432K), 0.0029893 secs] 347326K->330942K(631224K), 0.0030731 secs] [Times: user=0.01 sys=0.00, real=0.01 secs] 
2020-10-29T14:48:41.495+0000: [GC (Allocation Failure) 2020-10-29T14:48:41.495+0000: [ParNew: 16388K->4K(18432K), 0.0029913 secs] 347326K->330942K(631224K), 0.0030627 secs] [Times: user=0.00 sys=0.00, real=0.00 secs] 
2020-10-29T14:48:41.512+0000: [GC (Allocation Failure) 2020-10-29T14:48:41.513+0000: [ParNew: 16388K->4K(18432K), 0.0030196 secs] 347326K->330942K(631224K), 0.0030888 secs] [Times: user=0.01 sys=0.00, real=0.01 secs] 
2020-10-29T14:48:41.530+0000: [GC (Allocation Failure) 2020-10-29T14:48:41.530+0000: [ParNew: 16388K->4K(18432K), 0.0030888 secs] 347326K->330942K(631224K), 0.0031640 secs] [Times: user=0.01 sys=0.00, real=0.00 secs] 
2020-10-29T14:48:41.551+0000: [GC (Allocation Failure) 2020-10-29T14:48:41.551+0000: [ParNew: 16388K->4K(18432K), 0.0030157 secs] 347326K->330942K(631224K), 0.0030848 secs] [Times: user=0.01 sys=0.00, real=0.00 secs] 
2020-10-29T14:48:41.569+0000: [GC (Allocation Failure) 2020-10-29T14:48:41.569+0000: [ParNew: 16388K->4K(18432K), 0.0030581 secs] 347326K->330942K(631224K), 0.0031564 secs] [Times: user=0.00 sys=0.00, real=0.00 secs] 
2020-10-29T14:48:41.586+0000: [GC (Allocation Failure) 2020-10-29T14:48:41.586+0000: [ParNew: 16388K->4K(18432K), 0.0031141 secs] 347326K->330942K(631224K), 0.0031957 secs] [Times: user=0.01 sys=0.00, real=0.01 secs] 
2020-10-29T14:48:41.610+0000: [GC (Allocation Failure) 2020-10-29T14:48:41.610+0000: [ParNew: 16388K->4K(18432K), 0.0030505 secs] 347326K->330942K(631224K), 0.0031223 secs] [Times: user=0.00 sys=0.00, real=0.00 secs] 
2020-10-29T14:48:41.631+0000: [GC (Allocation Failure) 2020-10-29T14:48:41.631+0000: [ParNew: 16388K->4K(18432K), 0.0030073 secs] 347326K->330942K(631224K), 0.0030772 secs] [Times: user=0.00 sys=0.01, real=0.00 secs] 
2020-10-29T14:48:41.648+0000: [GC (Allocation Failure) 2020-10-29T14:48:41.648+0000: [ParNew: 16388K->4K(18432K), 0.0030620 secs] 347326K->330942K(631224K), 0.0031442 secs] [Times: user=0.01 sys=0.00, real=0.00 secs] 
2020-10-29T14:48:41.666+0000: [GC (Allocation Failure) 2020-10-29T14:48:41.666+0000: [ParNew: 16388K->4K(18432K), 0.0029539 secs] 347326K->330942K(631224K), 0.0030203 secs] [Times: user=0.00 sys=0.00, real=0.01 secs] 
2020-10-29T14:48:41.683+0000: [GC (Allocation Failure) 2020-10-29T14:48:41.683+0000: [ParNew: 16388K->4K(18432K), 0.0028686 secs] 347326K->330942K(631224K), 0.0029309 secs] [Times: user=0.00 sys=0.00, real=0.00 secs] 
2020-10-29T14:48:41.703+0000: [GC (Allocation Failure) 2020-10-29T14:48:41.703+0000: [ParNew: 16388K->4K(18432K), 0.0025759 secs] 347326K->330942K(631224K), 0.0026343 secs] [Times: user=0.01 sys=0.00, real=0.00 secs] 
2020-10-29T14:48:41.723+0000: [GC (Allocation Failure) 2020-10-29T14:48:41.723+0000: [ParNew: 16388K->4K(18432K), 0.0024913 secs] 347326K->330942K(631224K), 0.0025476 secs] [Times: user=0.00 sys=0.00, real=0.00 secs] 
2020-10-29T14:48:41.740+0000: [GC (Allocation Failure) 2020-10-29T14:48:41.740+0000: [ParNew: 16388K->4K(18432K), 0.0025987 secs] 347326K->330942K(631224K), 0.0026553 secs] [Times: user=0.01 sys=0.00, real=0.00 secs] 
2020-10-29T14:48:41.759+0000: [GC (Allocation Failure) 2020-10-29T14:48:41.759+0000: [ParNew: 16388K->4K(18432K), 0.0030169 secs] 347326K->330942K(631224K), 0.0030955 secs] [Times: user=0.01 sys=0.00, real=0.00 secs] 
2020-10-29T14:48:41.779+0000: [GC (Allocation Failure) 2020-10-29T14:48:41.779+0000: [ParNew: 16388K->4K(18432K), 0.0028060 secs] 347326K->330942K(631224K), 0.0028664 secs] [Times: user=0.00 sys=0.00, real=0.00 secs] 
2020-10-29T14:48:41.796+0000: [GC (Allocation Failure) 2020-10-29T14:48:41.796+0000: [ParNew: 16388K->4K(18432K), 0.0028633 secs] 347326K->330942K(631224K), 0.0029258 secs] [Times: user=0.00 sys=0.00, real=0.00 secs] 
2020-10-29T14:48:41.813+0000: [GC (Allocation Failure) 2020-10-29T14:48:41.813+0000: [ParNew: 16388K->4K(18432K), 0.0029969 secs] 347326K->330942K(631224K), 0.0030664 secs] [Times: user=0.01 sys=0.00, real=0.01 secs] 
2020-10-29T14:48:41.831+0000: [GC (Allocation Failure) 2020-10-29T14:48:41.831+0000: [ParNew: 16388K->4K(18432K), 0.0028341 secs] 347326K->330942K(631224K), 0.0028963 secs] [Times: user=0.00 sys=0.00, real=0.00 secs] 
2020-10-29T14:48:41.848+0000: [GC (Allocation Failure) 2020-10-29T14:48:41.848+0000: [ParNew: 16388K->4K(18432K), 0.0030109 secs] 347326K->330942K(631224K), 0.0030792 secs] [Times: user=0.00 sys=0.00, real=0.00 secs] 
2020-10-29T14:48:41.867+0000: [GC (Allocation Failure) 2020-10-29T14:48:41.867+0000: [ParNew: 16388K->4K(18432K), 0.0027919 secs] 347326K->330942K(631224K), 0.0028618 secs] [Times: user=0.00 sys=0.00, real=0.00 secs] 
2020-10-29T14:48:41.884+0000: [GC (Allocation Failure) 2020-10-29T14:48:41.884+0000: [ParNew: 16388K->4K(18432K), 0.0024876 secs] 347326K->330942K(631224K), 0.0025404 secs] [Times: user=0.01 sys=0.00, real=0.00 secs] 
2020-10-29T14:48:41.901+0000: [GC (Allocation Failure) 2020-10-29T14:48:41.901+0000: [ParNew: 16388K->4K(18432K), 0.0025009 secs] 347326K->330942K(631224K), 0.0025561 secs] [Times: user=0.00 sys=0.00, real=0.00 secs] 
2020-10-29T14:48:41.918+0000: [GC (Allocation Failure) 2020-10-29T14:48:41.918+0000: [ParNew: 16388K->4K(18432K), 0.0025913 secs] 347326K->330942K(631224K), 0.0026565 secs] [Times: user=0.00 sys=0.00, real=0.00 secs] 
2020-10-29T14:48:41.935+0000: [GC (Allocation Failure) 2020-10-29T14:48:41.935+0000: [ParNew: 16388K->4K(18432K), 0.0024966 secs] 347326K->330942K(631224K), 0.0025533 secs] [Times: user=0.01 sys=0.00, real=0.00 secs] 
2020-10-29T14:48:41.955+0000: [GC (Allocation Failure) 2020-10-29T14:48:41.955+0000: [ParNew: 16388K->4K(18432K), 0.0028496 secs] 347326K->330942K(631224K), 0.0029120 secs] [Times: user=0.00 sys=0.00, real=0.00 secs] 
2020-10-29T14:48:41.975+0000: [GC (Allocation Failure) 2020-10-29T14:48:41.975+0000: [ParNew: 16388K->4K(18432K), 0.0029247 secs] 347326K->330942K(631224K), 0.0029916 secs] [Times: user=0.01 sys=0.00, real=0.00 secs] 
2020-10-29T14:48:41.995+0000: [GC (Allocation Failure) 2020-10-29T14:48:41.995+0000: [ParNew: 16388K->4K(18432K), 0.0029226 secs] 347326K->330942K(631224K), 0.0029919 secs] [Times: user=0.01 sys=0.00, real=0.00 secs] 
2020-10-29T14:48:42.012+0000: [GC (Allocation Failure) 2020-10-29T14:48:42.012+0000: [ParNew: 16388K->4K(18432K), 0.0036098 secs] 347326K->330942K(631224K), 0.0036953 secs] [Times: user=0.00 sys=0.00, real=0.01 secs] 
2020-10-29T14:48:42.032+0000: [GC (Allocation Failure) 2020-10-29T14:48:42.032+0000: [ParNew: 16388K->4K(18432K), 0.0028226 secs] 347326K->330942K(631224K), 0.0028854 secs] [Times: user=0.01 sys=0.00, real=0.00 secs] 
2020-10-29T14:48:42.051+0000: [GC (Allocation Failure) 2020-10-29T14:48:42.051+0000: [ParNew: 16388K->4K(18432K), 0.0025970 secs] 347326K->330942K(631224K), 0.0026532 secs] [Times: user=0.00 sys=0.00, real=0.00 secs] 
2020-10-29T14:48:42.068+0000: [GC (Allocation Failure) 2020-10-29T14:48:42.068+0000: [ParNew: 16388K->4K(18432K), 0.0028308 secs] 347326K->330942K(631224K), 0.0028945 secs] [Times: user=0.01 sys=0.00, real=0.00 secs] 
2020-10-29T14:48:42.085+0000: [GC (Allocation Failure) 2020-10-29T14:48:42.085+0000: [ParNew: 16388K->4K(18432K), 0.0026385 secs] 347326K->330942K(631224K), 0.0026968 secs] [Times: user=0.01 sys=0.00, real=0.01 secs] 
2020-10-29T14:48:42.107+0000: [GC (Allocation Failure) 2020-10-29T14:48:42.107+0000: [ParNew: 16388K->4K(18432K), 0.0030712 secs] 347326K->330942K(631224K), 0.0031449 secs] [Times: user=0.00 sys=0.01, real=0.00 secs] 
2020-10-29T14:48:42.127+0000: [GC (Allocation Failure) 2020-10-29T14:48:42.127+0000: [ParNew: 16388K->4K(18432K), 0.0030825 secs] 347326K->330942K(631224K), 0.0031532 secs] [Times: user=0.00 sys=0.00, real=0.00 secs] 
2020-10-29T14:48:42.145+0000: [GC (Allocation Failure) 2020-10-29T14:48:42.145+0000: [ParNew: 16388K->4K(18432K), 0.0030169 secs] 347326K->330942K(631224K), 0.0030870 secs] [Times: user=0.01 sys=0.00, real=0.01 secs] 
2020-10-29T14:48:42.163+0000: [GC (Allocation Failure) 2020-10-29T14:48:42.163+0000: [ParNew: 16388K->4K(18432K), 0.0028410 secs] 347326K->330942K(631224K), 0.0029024 secs] [Times: user=0.01 sys=0.00, real=0.00 secs] 
2020-10-29T14:48:42.180+0000: [GC (Allocation Failure) 2020-10-29T14:48:42.180+0000: [ParNew: 16388K->4K(18432K), 0.0027088 secs] 347326K->330942K(631224K), 0.0027699 secs] [Times: user=0.00 sys=0.00, real=0.00 secs] 
2020-10-29T14:48:42.197+0000: [GC (Allocation Failure) 2020-10-29T14:48:42.197+0000: [ParNew: 16388K->4K(18432K), 0.0026222 secs] 347326K->330942K(631224K), 0.0026808 secs] [Times: user=0.01 sys=0.00, real=0.00 secs] 
2020-10-29T14:48:42.214+0000: [GC (Allocation Failure) 2020-10-29T14:48:42.214+0000: [ParNew: 16388K->4K(18432K), 0.0030400 secs] 347326K->330942K(631224K), 0.0031077 secs] [Times: user=0.01 sys=0.00, real=0.01 secs] 
2020-10-29T14:48:42.233+0000: [GC (Allocation Failure) 2020-10-29T14:48:42.233+0000: [ParNew: 16388K->4K(18432K), 0.0030213 secs] 347326K->330942K(631224K), 0.0030941 secs] [Times: user=0.01 sys=0.00, real=0.01 secs] 
2020-10-29T14:48:42.254+0000: [GC (Allocation Failure) 2020-10-29T14:48:42.255+0000: [ParNew: 16388K->4K(18432K), 0.0029723 secs] 347326K->330942K(631224K), 0.0030388 secs] [Times: user=0.01 sys=0.00, real=0.01 secs] 
2020-10-29T14:48:42.272+0000: [GC (Allocation Failure) 2020-10-29T14:48:42.272+0000: [ParNew: 16388K->4K(18432K), 0.0030210 secs] 347326K->330942K(631224K), 0.0030961 secs] [Times: user=0.01 sys=0.00, real=0.01 secs] 
2020-10-29T14:48:42.290+0000: [GC (Allocation Failure) 2020-10-29T14:48:42.290+0000: [ParNew: 16388K->4K(18432K), 0.0028467 secs] 347326K->330942K(631224K), 0.0029120 secs] [Times: user=0.00 sys=0.00, real=0.00 secs] 
2020-10-29T14:48:42.307+0000: [GC (Allocation Failure) 2020-10-29T14:48:42.307+0000: [ParNew: 16388K->4K(18432K), 0.0028859 secs] 347326K->330942K(631224K), 0.0029538 secs] [Times: user=0.00 sys=0.00, real=0.00 secs] 
2020-10-29T14:48:42.327+0000: [GC (Allocation Failure) 2020-10-29T14:48:42.327+0000: [ParNew: 16388K->4K(18432K), 0.0027315 secs] 347326K->330942K(631224K), 0.0027895 secs] [Times: user=0.01 sys=0.00, real=0.00 secs] 
2020-10-29T14:48:42.346+0000: [GC (Allocation Failure) 2020-10-29T14:48:42.346+0000: [ParNew: 16388K->4K(18432K), 0.0024575 secs] 347326K->330943K(631224K), 0.0025078 secs] [Times: user=0.01 sys=0.00, real=0.01 secs] 
2020-10-29T14:48:42.367+0000: [GC (Allocation Failure) 2020-10-29T14:48:42.367+0000: [ParNew: 16388K->4K(18432K), 0.0027014 secs] 347327K->330943K(631224K), 0.0027598 secs] [Times: user=0.00 sys=0.00, real=0.00 secs] 
2020-10-29T14:48:42.384+0000: [GC (Allocation Failure) 2020-10-29T14:48:42.384+0000: [ParNew: 16388K->4K(18432K), 0.0027076 secs] 347327K->330943K(631224K), 0.0027615 secs] [Times: user=0.01 sys=0.00, real=0.00 secs] 
2020-10-29T14:48:42.403+0000: [GC (Allocation Failure) 2020-10-29T14:48:42.403+0000: [ParNew: 16388K->4K(18432K), 0.0027931 secs] 347327K->330943K(631224K), 0.0028535 secs] [Times: user=0.00 sys=0.00, real=0.00 secs] 
2020-10-29T14:48:42.422+0000: [GC (Allocation Failure) 2020-10-29T14:48:42.422+0000: [ParNew: 16388K->4K(18432K), 0.0029433 secs] 347327K->330943K(631224K), 0.0030092 secs] [Times: user=0.01 sys=0.00, real=0.00 secs] 
2020-10-29T14:48:42.440+0000: [GC (Allocation Failure) 2020-10-29T14:48:42.440+0000: [ParNew: 16388K->4K(18432K), 0.0028662 secs] 347327K->330943K(631224K), 0.0029313 secs] [Times: user=0.01 sys=0.00, real=0.00 secs] 
2020-10-29T14:48:42.457+0000: [GC (Allocation Failure) 2020-10-29T14:48:42.457+0000: [ParNew: 16388K->4K(18432K), 0.0029229 secs] 347327K->330943K(631224K), 0.0029888 secs] [Times: user=0.00 sys=0.00, real=0.00 secs] 
2020-10-29T14:48:42.475+0000: [GC (Allocation Failure) 2020-10-29T14:48:42.475+0000: [ParNew: 16388K->4K(18432K), 0.0029452 secs] 347327K->330943K(631224K), 0.0030106 secs] [Times: user=0.01 sys=0.00, real=0.00 secs] 
2020-10-29T14:48:42.495+0000: [GC (Allocation Failure) 2020-10-29T14:48:42.495+0000: [ParNew: 16388K->4K(18432K), 0.0029503 secs] 347327K->330943K(631224K), 0.0030186 secs] [Times: user=0.00 sys=0.00, real=0.00 secs] 
2020-10-29T14:48:42.512+0000: [GC (Allocation Failure) 2020-10-29T14:48:42.512+0000: [ParNew: 16388K->4K(18432K), 0.0029606 secs] 347327K->330943K(631224K), 0.0030257 secs] [Times: user=0.01 sys=0.00, real=0.01 secs] 
2020-10-29T14:48:42.530+0000: [GC (Allocation Failure) 2020-10-29T14:48:42.530+0000: [ParNew: 16388K->4K(18432K), 0.0029974 secs] 347327K->330943K(631224K), 0.0030677 secs] [Times: user=0.00 sys=0.00, real=0.00 secs] 
2020-10-29T14:48:42.548+0000: [GC (Allocation Failure) 2020-10-29T14:48:42.548+0000: [ParNew: 16388K->4K(18432K), 0.0029259 secs] 347327K->330943K(631224K), 0.0030090 secs] [Times: user=0.01 sys=0.00, real=0.00 secs] 
2020-10-29T14:48:42.565+0000: [GC (Allocation Failure) 2020-10-29T14:48:42.565+0000: [ParNew: 16388K->4K(18432K), 0.0032037 secs] 347327K->330943K(631224K), 0.0032683 secs] [Times: user=0.00 sys=0.00, real=0.01 secs] 
2020-10-29T14:48:42.586+0000: [GC (Allocation Failure) 2020-10-29T14:48:42.587+0000: [ParNew: 16388K->4K(18432K), 0.0029136 secs] 347327K->330943K(631224K), 0.0029781 secs] [Times: user=0.01 sys=0.01, real=0.01 secs] 
2020-10-29T14:48:42.604+0000: [GC (Allocation Failure) 2020-10-29T14:48:42.604+0000: [ParNew: 16388K->4K(18432K), 0.0027459 secs] 347327K->330943K(631224K), 0.0028063 secs] [Times: user=0.01 sys=0.00, real=0.00 secs] 
2020-10-29T14:48:42.621+0000: [GC (Allocation Failure) 2020-10-29T14:48:42.621+0000: [ParNew: 16388K->4K(18432K), 0.0029558 secs] 347327K->330943K(631224K), 0.0030292 secs] [Times: user=0.01 sys=0.00, real=0.00 secs] 
2020-10-29T14:48:42.639+0000: [GC (Allocation Failure) 2020-10-29T14:48:42.639+0000: [ParNew: 16388K->4K(18432K), 0.0029501 secs] 347327K->330943K(631224K), 0.0030158 secs] [Times: user=0.00 sys=0.00, real=0.00 secs] 
2020-10-29T14:48:42.656+0000: [GC (Allocation Failure) 2020-10-29T14:48:42.656+0000: [ParNew: 16388K->4K(18432K), 0.0027293 secs] 347327K->330943K(631224K), 0.0027907 secs] [Times: user=0.01 sys=0.00, real=0.00 secs] 
2020-10-29T14:48:42.673+0000: [GC (Allocation Failure) 2020-10-29T14:48:42.673+0000: [ParNew: 16388K->4K(18432K), 0.0029383 secs] 347327K->330943K(631224K), 0.0030021 secs] [Times: user=0.00 sys=0.00, real=0.01 secs] 
2020-10-29T14:48:42.694+0000: [GC (Allocation Failure) 2020-10-29T14:48:42.694+0000: [ParNew: 16388K->4K(18432K), 0.0027385 secs] 347327K->330943K(631224K), 0.0027957 secs] [Times: user=0.01 sys=0.00, real=0.01 secs] 
2020-10-29T14:48:42.711+0000: [GC (Allocation Failure) 2020-10-29T14:48:42.711+0000: [ParNew: 16388K->4K(18432K), 0.0024436 secs] 347327K->330943K(631224K), 0.0024966 secs] [Times: user=0.01 sys=0.00, real=0.00 secs] 
2020-10-29T14:48:42.731+0000: [GC (Allocation Failure) 2020-10-29T14:48:42.731+0000: [ParNew: 16388K->4K(18432K), 0.0025922 secs] 347327K->330943K(631224K), 0.0026482 secs] [Times: user=0.00 sys=0.00, real=0.00 secs] 
2020-10-29T14:48:42.751+0000: [GC (Allocation Failure) 2020-10-29T14:48:42.751+0000: [ParNew: 16388K->4K(18432K), 0.0025004 secs] 347327K->330943K(631224K), 0.0025542 secs] [Times: user=0.01 sys=0.00, real=0.00 secs] 
2020-10-29T14:48:42.768+0000: [GC (Allocation Failure) 2020-10-29T14:48:42.768+0000: [ParNew: 16388K->4K(18432K), 0.0025380 secs] 347327K->330943K(631224K), 0.0025940 secs] [Times: user=0.01 sys=0.00, real=0.00 secs] 
2020-10-29T14:48:42.784+0000: [GC (Allocation Failure) 2020-10-29T14:48:42.784+0000: [ParNew: 16388K->4K(18432K), 0.0027777 secs] 347327K->330943K(631224K), 0.0028384 secs] [Times: user=0.00 sys=0.00, real=0.01 secs] 
2020-10-29T14:48:42.803+0000: [GC (Allocation Failure) 2020-10-29T14:48:42.803+0000: [ParNew: 16388K->4K(18432K), 0.0030362 secs] 347327K->330943K(631224K), 0.0031060 secs] [Times: user=0.01 sys=0.00, real=0.00 secs] 
2020-10-29T14:48:42.837+0000: [GC (Allocation Failure) 2020-10-29T14:48:42.837+0000: [ParNew: 16388K->8K(18432K), 0.0030304 secs] 347327K->330947K(631224K), 0.0031022 secs] [Times: user=0.01 sys=0.00, real=0.00 secs] 
2020-10-29T14:48:42.859+0000: [GC (Allocation Failure) 2020-10-29T14:48:42.859+0000: [ParNew: 16392K->8K(18432K), 0.0030376 secs] 347331K->330947K(631224K), 0.0031107 secs] [Times: user=0.00 sys=0.00, real=0.00 secs] 
2020-10-29T14:48:42.887+0000: [GC (Allocation Failure) 2020-10-29T14:48:42.887+0000: [ParNew: 16392K->8K(18432K), 0.0029959 secs] 347331K->330947K(631224K), 0.0030633 secs] [Times: user=0.01 sys=0.00, real=0.00 secs] 
2020-10-29T14:48:42.905+0000: [GC (Allocation Failure) 2020-10-29T14:48:42.905+0000: [ParNew: 16392K->8K(18432K), 0.0030566 secs] 347331K->330947K(631224K), 0.0031556 secs] [Times: user=0.00 sys=0.00, real=0.01 secs] 
2020-10-29T14:48:42.925+0000: [GC (Allocation Failure) 2020-10-29T14:48:42.925+0000: [ParNew: 16392K->8K(18432K), 0.0031477 secs] 347331K->330947K(631224K), 0.0032169 secs] [Times: user=0.00 sys=0.00, real=0.01 secs] 
2020-10-29T14:48:42.943+0000: [GC (Allocation Failure) 2020-10-29T14:48:42.943+0000: [ParNew: 16392K->8K(18432K), 0.0029901 secs] 347331K->330947K(631224K), 0.0030564 secs] [Times: user=0.01 sys=0.00, real=0.00 secs] 
2020-10-29T14:48:42.963+0000: [GC (Allocation Failure) 2020-10-29T14:48:42.963+0000: [ParNew: 16392K->4K(18432K), 0.0029976 secs] 347331K->330946K(631224K), 0.0030639 secs] [Times: user=0.00 sys=0.00, real=0.00 secs] 
2020-10-29T14:48:42.983+0000: [GC (Allocation Failure) 2020-10-29T14:48:42.983+0000: [ParNew: 16388K->4K(18432K), 0.0027761 secs] 347330K->330946K(631224K), 0.0028321 secs] [Times: user=0.00 sys=0.00, real=0.00 secs] 
2020-10-29T14:48:43.003+0000: [GC (Allocation Failure) 2020-10-29T14:48:43.003+0000: [ParNew: 16388K->4K(18432K), 0.0027799 secs] 347330K->330946K(631224K), 0.0028531 secs] [Times: user=0.01 sys=0.00, real=0.00 secs] 
2020-10-29T14:48:43.020+0000: [GC (Allocation Failure) 2020-10-29T14:48:43.021+0000: [ParNew: 16388K->4K(18432K), 0.0030995 secs] 347330K->330946K(631224K), 0.0031872 secs] [Times: user=0.00 sys=0.00, real=0.00 secs] 
2020-10-29T14:48:43.038+0000: [GC (Allocation Failure) 2020-10-29T14:48:43.038+0000: [ParNew: 16388K->4K(18432K), 0.0030014 secs] 347330K->330946K(631224K), 0.0030696 secs] [Times: user=0.01 sys=0.00, real=0.00 secs] 
2020-10-29T14:48:43.055+0000: [GC (Allocation Failure) 2020-10-29T14:48:43.055+0000: [ParNew: 16388K->4K(18432K), 0.0029735 secs] 347330K->330946K(631224K), 0.0030396 secs] [Times: user=0.00 sys=0.00, real=0.00 secs] 
2020-10-29T14:48:43.073+0000: [GC (Allocation Failure) 2020-10-29T14:48:43.073+0000: [ParNew: 16388K->4K(18432K), 0.0031326 secs] 347330K->330946K(631224K), 0.0032044 secs] [Times: user=0.01 sys=0.00, real=0.01 secs] 
2020-10-29T14:48:43.090+0000: [GC (Allocation Failure) 2020-10-29T14:48:43.090+0000: [ParNew: 16388K->4K(18432K), 0.0030788 secs] 347330K->330946K(631224K), 0.0031507 secs] [Times: user=0.01 sys=0.00, real=0.00 secs] 
2020-10-29T14:48:43.111+0000: [GC (Allocation Failure) 2020-10-29T14:48:43.111+0000: [ParNew: 16388K->4K(18432K), 0.0030215 secs] 347330K->330946K(631224K), 0.0030920 secs] [Times: user=0.00 sys=0.00, real=0.00 secs] 
2020-10-29T14:48:43.131+0000: [GC (Allocation Failure) 2020-10-29T14:48:43.131+0000: [ParNew: 16388K->4K(18432K), 0.0030361 secs] 347330K->330946K(631224K), 0.0031078 secs] [Times: user=0.01 sys=0.00, real=0.00 secs] 
2020-10-29T14:48:43.151+0000: [GC (Allocation Failure) 2020-10-29T14:48:43.151+0000: [ParNew: 16388K->4K(18432K), 0.0030125 secs] 347330K->330946K(631224K), 0.0030823 secs] [Times: user=0.00 sys=0.00, real=0.00 secs] 
2020-10-29T14:48:43.171+0000: [GC (Allocation Failure) 2020-10-29T14:48:43.171+0000: [ParNew: 16388K->4K(18432K), 0.0030874 secs] 347330K->330946K(631224K), 0.0031566 secs] [Times: user=0.01 sys=0.00, real=0.00 secs] 
2020-10-29T14:48:43.191+0000: [GC (Allocation Failure) 2020-10-29T14:48:43.191+0000: [ParNew: 16388K->4K(18432K), 0.0030081 secs] 347330K->330946K(631224K), 0.0030767 secs] [Times: user=0.00 sys=0.00, real=0.00 secs] 
2020-10-29T14:48:43.208+0000: [GC (Allocation Failure) 2020-10-29T14:48:43.208+0000: [ParNew: 16388K->4K(18432K), 0.0029567 secs] 347330K->330946K(631224K), 0.0030237 secs] [Times: user=0.01 sys=0.00, real=0.00 secs] 
2020-10-29T14:48:43.225+0000: [GC (Allocation Failure) 2020-10-29T14:48:43.225+0000: [ParNew: 16388K->4K(18432K), 0.0031028 secs] 347330K->330946K(631224K), 0.0031830 secs] [Times: user=0.00 sys=0.00, real=0.01 secs] 
2020-10-29T14:48:43.247+0000: [GC (Allocation Failure) 2020-10-29T14:48:43.247+0000: [ParNew: 16388K->4K(18432K), 0.0030092 secs] 347330K->330946K(631224K), 0.0030821 secs] [Times: user=0.01 sys=0.00, real=0.00 secs] 
2020-10-29T14:48:43.264+0000: [GC (Allocation Failure) 2020-10-29T14:48:43.264+0000: [ParNew: 16388K->4K(18432K), 0.0031182 secs] 347330K->330946K(631224K), 0.0031879 secs] [Times: user=0.00 sys=0.00, real=0.01 secs] 
2020-10-29T14:48:43.283+0000: [GC (Allocation Failure) 2020-10-29T14:48:43.283+0000: [ParNew: 16388K->4K(18432K), 0.0030444 secs] 347330K->330946K(631224K), 0.0031207 secs] [Times: user=0.00 sys=0.00, real=0.00 secs] 
2020-10-29T14:48:43.300+0000: [GC (Allocation Failure) 2020-10-29T14:48:43.300+0000: [ParNew: 16388K->4K(18432K), 0.0029599 secs] 347330K->330946K(631224K), 0.0030280 secs] [Times: user=0.01 sys=0.00, real=0.00 secs] 
2020-10-29T14:48:43.318+0000: [GC (Allocation Failure) 2020-10-29T14:48:43.318+0000: [ParNew: 16388K->4K(18432K), 0.0030156 secs] 347330K->330946K(631224K), 0.0030922 secs] [Times: user=0.01 sys=0.00, real=0.00 secs] 
2020-10-29T14:48:43.336+0000: [GC (Allocation Failure) 2020-10-29T14:48:43.336+0000: [ParNew: 16388K->4K(18432K), 0.0029892 secs] 347330K->330946K(631224K), 0.0030580 secs] [Times: user=0.00 sys=0.01, real=0.00 secs] 
2020-10-29T14:48:43.353+0000: [GC (Allocation Failure) 2020-10-29T14:48:43.353+0000: [ParNew: 16388K->4K(18432K), 0.0029017 secs] 347330K->330946K(631224K), 0.0029667 secs] [Times: user=0.01 sys=0.00, real=0.01 secs] 
2020-10-29T14:48:43.370+0000: [GC (Allocation Failure) 2020-10-29T14:48:43.370+0000: [ParNew: 16388K->4K(18432K), 0.0030048 secs] 347330K->330946K(631224K), 0.0030715 secs] [Times: user=0.00 sys=0.00, real=0.00 secs] 
2020-10-29T14:48:43.391+0000: [GC (Allocation Failure) 2020-10-29T14:48:43.391+0000: [ParNew: 16388K->4K(18432K), 0.0029720 secs] 347330K->330946K(631224K), 0.0030395 secs] [Times: user=0.00 sys=0.00, real=0.00 secs] 
2020-10-29T14:48:43.408+0000: [GC (Allocation Failure) 2020-10-29T14:48:43.408+0000: [ParNew: 16388K->4K(18432K), 0.0029468 secs] 347330K->330946K(631224K), 0.0030123 secs] [Times: user=0.01 sys=0.00, real=0.00 secs] 
2020-10-29T14:48:43.427+0000: [GC (Allocation Failure) 2020-10-29T14:48:43.427+0000: [ParNew: 16388K->4K(18432K), 0.0029710 secs] 347330K->330946K(631224K), 0.0030337 secs] [Times: user=0.00 sys=0.00, real=0.00 secs] 
2020-10-29T14:48:43.447+0000: [GC (Allocation Failure) 2020-10-29T14:48:43.447+0000: [ParNew: 16388K->4K(18432K), 0.0029648 secs] 347330K->330946K(631224K), 0.0030305 secs] [Times: user=0.01 sys=0.00, real=0.00 secs] 
2020-10-29T14:48:43.467+0000: [GC (Allocation Failure) 2020-10-29T14:48:43.467+0000: [ParNew: 16388K->4K(18432K), 0.0029866 secs] 347330K->330946K(631224K), 0.0030568 secs] [Times: user=0.01 sys=0.00, real=0.00 secs] 
2020-10-29T14:48:43.485+0000: [GC (Allocation Failure) 2020-10-29T14:48:43.485+0000: [ParNew: 16388K->4K(18432K), 0.0029977 secs] 347330K->330946K(631224K), 0.0030653 secs] [Times: user=0.01 sys=0.00, real=0.01 secs] 
2020-10-29T14:48:43.503+0000: [GC (Allocation Failure) 2020-10-29T14:48:43.503+0000: [ParNew: 16388K->4K(18432K), 0.0029866 secs] 347330K->330946K(631224K), 0.0030568 secs] [Times: user=0.00 sys=0.00, real=0.00 secs] 
2020-10-29T14:48:43.523+0000: [GC (Allocation Failure) 2020-10-29T14:48:43.523+0000: [ParNew: 16388K->4K(18432K), 0.0030762 secs] 347330K->330946K(631224K), 0.0031467 secs] [Times: user=0.01 sys=0.00, real=0.00 secs] 
2020-10-29T14:48:43.540+0000: [GC (Allocation Failure) 2020-10-29T14:48:43.540+0000: [ParNew: 16388K->4K(18432K), 0.0030802 secs] 347330K->330946K(631224K), 0.0031502 secs] [Times: user=0.01 sys=0.00, real=0.00 secs] 
2020-10-29T14:48:43.559+0000: [GC (Allocation Failure) 2020-10-29T14:48:43.559+0000: [ParNew: 16388K->4K(18432K), 0.0030155 secs] 347330K->330946K(631224K), 0.0030871 secs] [Times: user=0.00 sys=0.00, real=0.00 secs] 
2020-10-29T14:48:43.576+0000: [GC (Allocation Failure) 2020-10-29T14:48:43.576+0000: [ParNew: 16388K->4K(18432K), 0.0030938 secs] 347330K->330946K(631224K), 0.0031643 secs] [Times: user=0.01 sys=0.00, real=0.00 secs] 
2020-10-29T14:48:43.594+0000: [GC (Allocation Failure) 2020-10-29T14:48:43.594+0000: [ParNew: 16388K->4K(18432K), 0.0030311 secs] 347330K->330946K(631224K), 0.0031013 secs] [Times: user=0.01 sys=0.00, real=0.01 secs] 
2020-10-29T14:48:43.613+0000: [GC (Allocation Failure) 2020-10-29T14:48:43.613+0000: [ParNew: 16388K->4K(18432K), 0.0030080 secs] 347330K->330946K(631224K), 0.0031047 secs] [Times: user=0.00 sys=0.00, real=0.01 secs] 
2020-10-29T14:48:43.631+0000: [GC (Allocation Failure) 2020-10-29T14:48:43.631+0000: [ParNew: 16388K->4K(18432K), 0.0029240 secs] 347330K->330946K(631224K), 0.0029844 secs] [Times: user=0.01 sys=0.00, real=0.00 secs] 
2020-10-29T14:48:43.648+0000: [GC (Allocation Failure) 2020-10-29T14:48:43.648+0000: [ParNew: 16388K->4K(18432K), 0.0030686 secs] 347330K->330946K(631224K), 0.0031375 secs] [Times: user=0.01 sys=0.00, real=0.00 secs] 
2020-10-29T14:48:43.665+0000: [GC (Allocation Failure) 2020-10-29T14:48:43.665+0000: [ParNew: 16388K->4K(18432K), 0.0030848 secs] 347330K->330946K(631224K), 0.0031569 secs] [Times: user=0.00 sys=0.00, real=0.01 secs] 
2020-10-29T14:48:43.687+0000: [GC (Allocation Failure) 2020-10-29T14:48:43.687+0000: [ParNew: 16388K->4K(18432K), 0.0029892 secs] 347330K->330946K(631224K), 0.0030723 secs] [Times: user=0.00 sys=0.00, real=0.00 secs] 
2020-10-29T14:48:43.706+0000: [GC (Allocation Failure) 2020-10-29T14:48:43.707+0000: [ParNew: 16388K->4K(18432K), 0.0070798 secs] 347330K->330946K(631224K), 0.0071880 secs] [Times: user=0.00 sys=0.00, real=0.01 secs] 
2020-10-29T14:48:43.731+0000: [GC (Allocation Failure) 2020-10-29T14:48:43.731+0000: [ParNew: 16388K->4K(18432K), 0.0029982 secs] 347330K->330946K(631224K), 0.0030686 secs] [Times: user=0.01 sys=0.00, real=0.00 secs] 
2020-10-29T14:48:43.751+0000: [GC (Allocation Failure) 2020-10-29T14:48:43.751+0000: [ParNew: 16388K->4K(18432K), 0.0032070 secs] 347330K->330946K(631224K), 0.0032790 secs] [Times: user=0.00 sys=0.00, real=0.00 secs] 
2020-10-29T14:48:43.771+0000: [GC (Allocation Failure) 2020-10-29T14:48:43.771+0000: [ParNew: 16388K->4K(18432K), 0.0029262 secs] 347330K->330946K(631224K), 0.0029911 secs] [Times: user=0.01 sys=0.00, real=0.00 secs] 
2020-10-29T14:48:43.788+0000: [GC (Allocation Failure) 2020-10-29T14:48:43.788+0000: [ParNew: 16388K->4K(18432K), 0.0028837 secs] 347330K->330946K(631224K), 0.0029458 secs] [Times: user=0.00 sys=0.00, real=0.00 secs] 
2020-10-29T14:48:43.809+0000: [GC (Allocation Failure) 2020-10-29T14:48:43.809+0000: [ParNew: 16388K->4K(18432K), 0.0030975 secs] 347330K->330946K(631224K), 0.0032126 secs] [Times: user=0.00 sys=0.00, real=0.00 secs] 
2020-10-29T14:48:43.835+0000: [GC (Allocation Failure) 2020-10-29T14:48:43.835+0000: [ParNew: 16388K->4K(18432K), 0.0028737 secs] 347330K->330946K(631224K), 0.0029405 secs] [Times: user=0.01 sys=0.00, real=0.00 secs] 
2020-10-29T14:48:43.855+0000: [GC (Allocation Failure) 2020-10-29T14:48:43.855+0000: [ParNew: 16388K->4K(18432K), 0.0029009 secs] 347330K->330946K(631224K), 0.0029623 secs] [Times: user=0.01 sys=0.00, real=0.00 secs] 
2020-10-29T14:48:43.872+0000: [GC (Allocation Failure) 2020-10-29T14:48:43.872+0000: [ParNew: 16388K->4K(18432K), 0.0030497 secs] 347330K->330946K(631224K), 0.0031202 secs] [Times: user=0.00 sys=0.00, real=0.01 secs] 
2020-10-29T14:48:43.889+0000: [GC (Allocation Failure) 2020-10-29T14:48:43.889+0000: [ParNew: 16388K->4K(18432K), 0.0029552 secs] 347330K->330946K(631224K), 0.0030220 secs] [Times: user=0.01 sys=0.00, real=0.00 secs] 
2020-10-29T14:48:43.906+0000: [GC (Allocation Failure) 2020-10-29T14:48:43.906+0000: [ParNew: 16388K->4K(18432K), 0.0029610 secs] 347330K->330946K(631224K), 0.0030278 secs] [Times: user=0.01 sys=0.00, real=0.01 secs] 
2020-10-29T14:48:43.924+0000: [GC (Allocation Failure) 2020-10-29T14:48:43.924+0000: [ParNew: 16388K->4K(18432K), 0.0028836 secs] 347330K->330946K(631224K), 0.0029493 secs] [Times: user=0.00 sys=0.00, real=0.01 secs] 
2020-10-29T14:48:43.941+0000: [GC (Allocation Failure) 2020-10-29T14:48:43.941+0000: [ParNew: 16388K->4K(18432K), 0.0028300 secs] 347330K->330946K(631224K), 0.0028870 secs] [Times: user=0.00 sys=0.00, real=0.00 secs] 
2020-10-29T14:48:43.959+0000: [GC (Allocation Failure) 2020-10-29T14:48:43.959+0000: [ParNew: 16388K->4K(18432K), 0.0027817 secs] 347330K->330946K(631224K), 0.0028461 secs] [Times: user=0.01 sys=0.00, real=0.00 secs] 
2020-10-29T14:48:43.976+0000: [GC (Allocation Failure) 2020-10-29T14:48:43.976+0000: [ParNew: 16388K->4K(18432K), 0.0027358 secs] 347330K->330946K(631224K), 0.0027935 secs] [Times: user=0.01 sys=0.00, real=0.00 secs] 
2020-10-29T14:48:43.993+0000: [GC (Allocation Failure) 2020-10-29T14:48:43.993+0000: [ParNew: 16388K->4K(18432K), 0.0029086 secs] 347330K->330946K(631224K), 0.0029717 secs] [Times: user=0.00 sys=0.00, real=0.01 secs] 
2020-10-29T14:48:44.011+0000: [GC (Allocation Failure) 2020-10-29T14:48:44.011+0000: [ParNew: 16388K->4K(18432K), 0.0025990 secs] 347330K->330946K(631224K), 0.0026602 secs] [Times: user=0.01 sys=0.00, real=0.00 secs] 
2020-10-29T14:48:44.028+0000: [GC (Allocation Failure) 2020-10-29T14:48:44.028+0000: [ParNew: 16388K->4K(18432K), 0.0025072 secs] 347330K->330946K(631224K), 0.0025652 secs] [Times: user=0.01 sys=0.00, real=0.00 secs] 
2020-10-29T14:48:44.047+0000: [GC (Allocation Failure) 2020-10-29T14:48:44.047+0000: [ParNew: 16388K->4K(18432K), 0.0028848 secs] 347330K->330946K(631224K), 0.0029486 secs] [Times: user=0.00 sys=0.00, real=0.00 secs] 
2020-10-29T14:48:44.064+0000: [GC (Allocation Failure) 2020-10-29T14:48:44.064+0000: [ParNew: 16388K->4K(18432K), 0.0032822 secs] 347330K->330946K(631224K), 0.0033619 secs] [Times: user=0.01 sys=0.00, real=0.01 secs] 
2020-10-29T14:48:44.086+0000: [GC (Allocation Failure) 2020-10-29T14:48:44.086+0000: [ParNew: 16388K->4K(18432K), 0.0030498 secs] 347330K->330946K(631224K), 0.0031206 secs] [Times: user=0.00 sys=0.00, real=0.01 secs] 
2020-10-29T14:48:44.103+0000: [GC (Allocation Failure) 2020-10-29T14:48:44.103+0000: [ParNew: 16388K->4K(18432K), 0.0030156 secs] 347330K->330946K(631224K), 0.0030862 secs] [Times: user=0.01 sys=0.00, real=0.00 secs] 
2020-10-29T14:48:44.121+0000: [GC (Allocation Failure) 2020-10-29T14:48:44.121+0000: [ParNew: 16388K->4K(18432K), 0.0030367 secs] 347330K->330946K(631224K), 0.0031079 secs] [Times: user=0.01 sys=0.00, real=0.00 secs] 
2020-10-29T14:48:44.139+0000: [GC (Allocation Failure) 2020-10-29T14:48:44.139+0000: [ParNew: 16388K->4K(18432K), 0.0030093 secs] 347330K->330946K(631224K), 0.0030761 secs] [Times: user=0.01 sys=0.00, real=0.00 secs] 
2020-10-29T14:48:44.156+0000: [GC (Allocation Failure) 2020-10-29T14:48:44.156+0000: [ParNew: 16388K->4K(18432K), 0.0029041 secs] 347330K->330946K(631224K), 0.0029681 secs] [Times: user=0.00 sys=0.00, real=0.00 secs] 
2020-10-29T14:48:44.177+0000: [GC (Allocation Failure) 2020-10-29T14:48:44.177+0000: [ParNew: 16388K->4K(18432K), 0.0029602 secs] 347330K->330946K(631224K), 0.0030255 secs] [Times: user=0.00 sys=0.00, real=0.00 secs] 
2020-10-29T14:48:44.195+0000: [GC (Allocation Failure) 2020-10-29T14:48:44.195+0000: [ParNew: 16388K->4K(18432K), 0.0027600 secs] 347330K->330946K(631224K), 0.0028175 secs] [Times: user=0.00 sys=0.00, real=0.00 secs] 
2020-10-29T14:48:44.215+0000: [GC (Allocation Failure) 2020-10-29T14:48:44.215+0000: [ParNew: 16388K->4K(18432K), 0.0029299 secs] 347330K->330946K(631224K), 0.0029948 secs] [Times: user=0.01 sys=0.00, real=0.00 secs] 
2020-10-29T14:48:44.234+0000: [GC (Allocation Failure) 2020-10-29T14:48:44.234+0000: [ParNew: 16388K->4K(18432K), 0.0029980 secs] 347330K->330946K(631224K), 0.0030649 secs] [Times: user=0.00 sys=0.00, real=0.01 secs] 
2020-10-29T14:48:44.251+0000: [GC (Allocation Failure) 2020-10-29T14:48:44.252+0000: [ParNew: 16388K->4K(18432K), 0.0027391 secs] 347330K->330946K(631224K), 0.0028183 secs] [Times: user=0.01 sys=0.00, real=0.00 secs] 
2020-10-29T14:48:44.271+0000: [GC (Allocation Failure) 2020-10-29T14:48:44.271+0000: [ParNew: 16388K->4K(18432K), 0.0028082 secs] 347330K->330946K(631224K), 0.0028689 secs] [Times: user=0.01 sys=0.00, real=0.00 secs] 
2020-10-29T14:48:44.288+0000: [GC (Allocation Failure) 2020-10-29T14:48:44.288+0000: [ParNew: 16388K->4K(18432K), 0.0028855 secs] 347330K->330946K(631224K), 0.0029493 secs] [Times: user=0.01 sys=0.00, real=0.00 secs] 
2020-10-29T14:48:44.305+0000: [GC (Allocation Failure) 2020-10-29T14:48:44.305+0000: [ParNew: 16388K->4K(18432K), 0.0029002 secs] 347330K->330946K(631224K), 0.0029728 secs] [Times: user=0.01 sys=0.00, real=0.01 secs] 
2020-10-29T14:48:44.323+0000: [GC (Allocation Failure) 2020-10-29T14:48:44.323+0000: [ParNew: 16388K->4K(18432K), 0.0026917 secs] 347330K->330946K(631224K), 0.0027524 secs] [Times: user=0.00 sys=0.00, real=0.00 secs] 
2020-10-29T14:48:44.340+0000: [GC (Allocation Failure) 2020-10-29T14:48:44.340+0000: [ParNew: 16388K->4K(18432K), 0.0028615 secs] 347330K->330946K(631224K), 0.0029206 secs] [Times: user=0.00 sys=0.00, real=0.00 secs] 
2020-10-29T14:48:44.359+0000: [GC (Allocation Failure) 2020-10-29T14:48:44.359+0000: [ParNew: 16388K->4K(18432K), 0.0026629 secs] 347330K->330946K(631224K), 0.0027219 secs] [Times: user=0.01 sys=0.00, real=0.00 secs] 
2020-10-29T14:48:44.379+0000: [GC (Allocation Failure) 2020-10-29T14:48:44.379+0000: [ParNew: 16388K->4K(18432K), 0.0027806 secs] 347330K->330946K(631224K), 0.0028412 secs] [Times: user=0.00 sys=0.00, real=0.00 secs] 
2020-10-29T14:48:44.399+0000: [GC (Allocation Failure) 2020-10-29T14:48:44.399+0000: [ParNew: 16388K->4K(18432K), 0.0029431 secs] 347330K->330946K(631224K), 0.0030195 secs] [Times: user=0.00 sys=0.00, real=0.00 secs] 
2020-10-29T14:48:44.419+0000: [GC (Allocation Failure) 2020-10-29T14:48:44.419+0000: [ParNew: 16388K->4K(18432K), 0.0028672 secs] 347330K->330946K(631224K), 0.0029327 secs] [Times: user=0.00 sys=0.00, real=0.00 secs] 
2020-10-29T14:48:44.439+0000: [GC (Allocation Failure) 2020-10-29T14:48:44.439+0000: [ParNew: 16388K->4K(18432K), 0.0027517 secs] 347330K->330946K(631224K), 0.0028050 secs] [Times: user=0.00 sys=0.00, real=0.00 secs] 
2020-10-29T14:48:44.459+0000: [GC (Allocation Failure) 2020-10-29T14:48:44.459+0000: [ParNew: 16388K->4K(18432K), 0.0029805 secs] 347330K->330946K(631224K), 0.0030497 secs] [Times: user=0.01 sys=0.00, real=0.00 secs] 
2020-10-29T14:48:44.476+0000: [GC (Allocation Failure) 2020-10-29T14:48:44.476+0000: [ParNew: 16388K->4K(18432K), 0.0029512 secs] 347330K->330946K(631224K), 0.0030255 secs] [Times: user=0.01 sys=0.00, real=0.00 secs] 
2020-10-29T14:48:44.495+0000: [GC (Allocation Failure) 2020-10-29T14:48:44.495+0000: [ParNew: 16388K->4K(18432K), 0.0029568 secs] 347330K->330946K(631224K), 0.0030252 secs] [Times: user=0.00 sys=0.00, real=0.00 secs] 
2020-10-29T14:48:44.515+0000: [GC (Allocation Failure) 2020-10-29T14:48:44.515+0000: [ParNew: 16388K->4K(18432K), 0.0030158 secs] 347330K->330946K(631224K), 0.0030841 secs] [Times: user=0.00 sys=0.00, real=0.00 secs] 
2020-10-29T14:48:44.535+0000: [GC (Allocation Failure) 2020-10-29T14:48:44.535+0000: [ParNew: 16388K->4K(18432K), 0.0028892 secs] 347330K->330946K(631224K), 0.0029532 secs] [Times: user=0.01 sys=0.00, real=0.00 secs] 
2020-10-29T14:48:44.552+0000: [GC (Allocation Failure) 2020-10-29T14:48:44.552+0000: [ParNew: 16388K->4K(18432K), 0.0029435 secs] 347330K->330946K(631224K), 0.0030107 secs] [Times: user=0.00 sys=0.00, real=0.01 secs] 
2020-10-29T14:48:44.575+0000: [GC (Allocation Failure) 2020-10-29T14:48:44.575+0000: [ParNew: 16388K->4K(18432K), 0.0030436 secs] 347330K->330946K(631224K), 0.0031291 secs] [Times: user=0.00 sys=0.00, real=0.01 secs] 
2020-10-29T14:48:44.592+0000: [GC (Allocation Failure) 2020-10-29T14:48:44.592+0000: [ParNew: 16388K->4K(18432K), 0.0030241 secs] 347330K->330946K(631224K), 0.0030954 secs] [Times: user=0.01 sys=0.00, real=0.01 secs] 
2020-10-29T14:48:44.615+0000: [GC (Allocation Failure) 2020-10-29T14:48:44.615+0000: [ParNew: 16388K->4K(18432K), 0.0030593 secs] 347330K->330946K(631224K), 0.0031638 secs] [Times: user=0.01 sys=0.00, real=0.00 secs] 
2020-10-29T14:48:44.634+0000: [GC (Allocation Failure) 2020-10-29T14:48:44.634+0000: [ParNew: 16388K->4K(18432K), 0.0030037 secs] 347330K->330946K(631224K), 0.0030705 secs] [Times: user=0.01 sys=0.00, real=0.01 secs] 
2020-10-29T14:48:44.651+0000: [GC (Allocation Failure) 2020-10-29T14:48:44.651+0000: [ParNew: 16388K->4K(18432K), 0.0029030 secs] 347330K->330946K(631224K), 0.0029685 secs] [Times: user=0.00 sys=0.00, real=0.00 secs] 
2020-10-29T14:48:44.668+0000: [GC (Allocation Failure) 2020-10-29T14:48:44.668+0000: [ParNew: 16388K->4K(18432K), 0.0028917 secs] 347330K->330946K(631224K), 0.0029547 secs] [Times: user=0.01 sys=0.00, real=0.00 secs] 
2020-10-29T14:48:44.685+0000: [GC (Allocation Failure) 2020-10-29T14:48:44.685+0000: [ParNew: 16388K->4K(18432K), 0.0030052 secs] 347330K->330947K(631224K), 0.0030752 secs] [Times: user=0.01 sys=0.00, real=0.01 secs] 
2020-10-29T14:48:44.702+0000: [GC (Allocation Failure) 2020-10-29T14:48:44.702+0000: [ParNew: 16388K->4K(18432K), 0.0030601 secs] 347331K->330947K(631224K), 0.0031297 secs] [Times: user=0.00 sys=0.00, real=0.00 secs] 
2020-10-29T14:48:44.720+0000: [GC (Allocation Failure) 2020-10-29T14:48:44.720+0000: [ParNew: 16388K->4K(18432K), 0.0030172 secs] 347331K->330947K(631224K), 0.0030869 secs] [Times: user=0.00 sys=0.00, real=0.00 secs] 
2020-10-29T14:48:44.737+0000: [GC (Allocation Failure) 2020-10-29T14:48:44.737+0000: [ParNew: 16388K->4K(18432K), 0.0028472 secs] 347331K->330947K(631224K), 0.0029106 secs] [Times: user=0.00 sys=0.00, real=0.00 secs] 
2020-10-29T14:48:44.759+0000: [GC (Allocation Failure) 2020-10-29T14:48:44.759+0000: [ParNew: 16388K->4K(18432K), 0.0030537 secs] 347331K->330947K(631224K), 0.0031402 secs] [Times: user=0.01 sys=0.00, real=0.00 secs] 
2020-10-29T14:48:44.776+0000: [GC (Allocation Failure) 2020-10-29T14:48:44.776+0000: [ParNew: 16388K->4K(18432K), 0.0028835 secs] 347331K->330947K(631224K), 0.0029478 secs] [Times: user=0.00 sys=0.00, real=0.00 secs] 
2020-10-29T14:48:44.795+0000: [GC (Allocation Failure) 2020-10-29T14:48:44.795+0000: [ParNew: 16388K->4K(18432K), 0.0026278 secs] 347331K->330947K(631224K), 0.0026875 secs] [Times: user=0.01 sys=0.00, real=0.00 secs] 
2020-10-29T14:48:44.812+0000: [GC (Allocation Failure) 2020-10-29T14:48:44.812+0000: [ParNew: 16388K->4K(18432K), 0.0030208 secs] 347331K->330947K(631224K), 0.0030896 secs] [Times: user=0.01 sys=0.00, real=0.01 secs] 
2020-10-29T14:48:44.831+0000: [GC (Allocation Failure) 2020-10-29T14:48:44.831+0000: [ParNew: 16388K->4K(18432K), 0.0031230 secs] 347331K->330947K(631224K), 0.0031933 secs] [Times: user=0.01 sys=0.00, real=0.00 secs] 
2020-10-29T14:48:44.851+0000: [GC (Allocation Failure) 2020-10-29T14:48:44.851+0000: [ParNew: 16388K->4K(18432K), 0.0029128 secs] 347331K->330947K(631224K), 0.0029731 secs] [Times: user=0.01 sys=0.00, real=0.00 secs] 
2020-10-29T14:48:44.868+0000: [GC (Allocation Failure) 2020-10-29T14:48:44.868+0000: [ParNew: 16388K->4K(18432K), 0.0029171 secs] 347331K->330947K(631224K), 0.0029876 secs] [Times: user=0.00 sys=0.00, real=0.00 secs] 
2020-10-29T14:48:44.887+0000: [GC (Allocation Failure) 2020-10-29T14:48:44.887+0000: [ParNew: 16388K->4K(18432K), 0.0028366 secs] 347331K->330947K(631224K), 0.0028978 secs] [Times: user=0.01 sys=0.00, real=0.00 secs] 
2020-10-29T14:48:44.907+0000: [GC (Allocation Failure) 2020-10-29T14:48:44.907+0000: [ParNew: 16388K->4K(18432K), 0.0028271 secs] 347331K->330947K(631224K), 0.0028856 secs] [Times: user=0.00 sys=0.00, real=0.00 secs] 
2020-10-29T14:48:44.927+0000: [GC (Allocation Failure) 2020-10-29T14:48:44.927+0000: [ParNew: 16388K->4K(18432K), 0.0027363 secs] 347331K->330947K(631224K), 0.0027940 secs] [Times: user=0.01 sys=0.00, real=0.00 secs] 
2020-10-29T14:48:44.944+0000: [GC (Allocation Failure) 2020-10-29T14:48:44.944+0000: [ParNew: 16388K->4K(18432K), 0.0025501 secs] 347331K->330947K(631224K), 0.0026021 secs] [Times: user=0.01 sys=0.00, real=0.00 secs] 
2020-10-29T14:48:44.960+0000: [GC (Allocation Failure) 2020-10-29T14:48:44.960+0000: [ParNew: 16388K->4K(18432K), 0.0025698 secs] 347331K->330947K(631224K), 0.0026237 secs] [Times: user=0.00 sys=0.00, real=0.00 secs] 
2020-10-29T14:48:44.979+0000: [GC (Allocation Failure) 2020-10-29T14:48:44.979+0000: [ParNew: 16388K->4K(18432K), 0.0027451 secs] 347331K->330947K(631224K), 0.0028061 secs] [Times: user=0.00 sys=0.00, real=0.00 secs] 
2020-10-29T14:48:44.999+0000: [GC (Allocation Failure) 2020-10-29T14:48:44.999+0000: [ParNew: 16388K->4K(18432K), 0.0029688 secs] 347331K->330947K(631224K), 0.0030369 secs] [Times: user=0.01 sys=0.00, real=0.00 secs] 
2020-10-29T14:48:45.019+0000: [GC (Allocation Failure) 2020-10-29T14:48:45.019+0000: [ParNew: 16388K->4K(18432K), 0.0032437 secs] 347331K->330947K(631224K), 0.0033231 secs] [Times: user=0.01 sys=0.00, real=0.00 secs] 
2020-10-29T14:48:45.039+0000: [GC (Allocation Failure) 2020-10-29T14:48:45.039+0000: [ParNew: 16388K->4K(18432K), 0.0029949 secs] 347331K->330947K(631224K), 0.0030657 secs] [Times: user=0.00 sys=0.00, real=0.00 secs] 
2020-10-29T14:48:45.056+0000: [GC (Allocation Failure) 2020-10-29T14:48:45.056+0000: [ParNew: 16388K->4K(18432K), 0.0028849 secs] 347331K->330947K(631224K), 0.0029439 secs] [Times: user=0.01 sys=0.00, real=0.00 secs] 
2020-10-29T14:48:45.075+0000: [GC (Allocation Failure) 2020-10-29T14:48:45.075+0000: [ParNew: 16388K->4K(18432K), 0.0028907 secs] 347331K->330947K(631224K), 0.0029574 secs] [Times: user=0.01 sys=0.00, real=0.00 secs] 
2020-10-29T14:48:45.092+0000: [GC (Allocation Failure) 2020-10-29T14:48:45.092+0000: [ParNew: 16388K->4K(18432K), 0.0030907 secs] 347331K->330947K(631224K), 0.0031613 secs] [Times: user=0.01 sys=0.00, real=0.01 secs] 
2020-10-29T14:48:45.111+0000: [GC (Allocation Failure) 2020-10-29T14:48:45.111+0000: [ParNew: 16388K->4K(18432K), 0.0031150 secs] 347331K->330947K(631224K), 0.0031858 secs] [Times: user=0.00 sys=0.00, real=0.00 secs] 
2020-10-29T14:48:45.128+0000: [GC (Allocation Failure) 2020-10-29T14:48:45.128+0000: [ParNew: 16372K->4K(18432K), 0.0031188 secs] 347316K->330947K(631224K), 0.0031927 secs] [Times: user=0.01 sys=0.00, real=0.00 secs] 
2020-10-29T14:48:45.147+0000: [GC (Allocation Failure) 2020-10-29T14:48:45.147+0000: [ParNew: 16388K->4K(18432K), 0.0030577 secs] 347331K->330947K(631224K), 0.0031323 secs] [Times: user=0.01 sys=0.00, real=0.00 secs] 
2020-10-29T14:48:45.164+0000: [GC (Allocation Failure) 2020-10-29T14:48:45.164+0000: [ParNew: 16388K->4K(18432K), 0.0031054 secs] 347331K->330947K(631224K), 0.0031787 secs] [Times: user=0.01 sys=0.00, real=0.01 secs] 
2020-10-29T14:48:45.183+0000: [GC (Allocation Failure) 2020-10-29T14:48:45.183+0000: [ParNew: 16388K->4K(18432K), 0.0031272 secs] 347331K->330947K(631224K), 0.0031989 secs] [Times: user=0.00 sys=0.00, real=0.00 secs] 
2020-10-29T14:48:45.203+0000: [GC (Allocation Failure) 2020-10-29T14:48:45.203+0000: [ParNew: 16388K->4K(18432K), 0.0028826 secs] 347331K->330947K(631224K), 0.0029480 secs] [Times: user=0.00 sys=0.00, real=0.00 secs] 
2020-10-29T14:48:45.223+0000: [GC (Allocation Failure) 2020-10-29T14:48:45.223+0000: [ParNew: 16388K->4K(18432K), 0.0026500 secs] 347331K->330947K(631224K), 0.0027110 secs] [Times: user=0.00 sys=0.00, real=0.00 secs] 
2020-10-29T14:48:45.243+0000: [GC (Allocation Failure) 2020-10-29T14:48:45.243+0000: [ParNew: 16388K->4K(18432K), 0.0028501 secs] 347331K->330947K(631224K), 0.0029161 secs] [Times: user=0.01 sys=0.00, real=0.00 secs] 
2020-10-29T14:48:45.260+0000: [GC (Allocation Failure) 2020-10-29T14:48:45.260+0000: [ParNew: 16388K->4K(18432K), 0.0027578 secs] 347331K->330947K(631224K), 0.0028191 secs] [Times: user=0.01 sys=0.00, real=0.00 secs] 
2020-10-29T14:48:45.279+0000: [GC (Allocation Failure) 2020-10-29T14:48:45.279+0000: [ParNew: 16388K->4K(18432K), 0.0029152 secs] 347331K->330947K(631224K), 0.0029799 secs] [Times: user=0.00 sys=0.00, real=0.00 secs] 
2020-10-29T14:48:45.299+0000: [GC (Allocation Failure) 2020-10-29T14:48:45.299+0000: [ParNew: 16388K->4K(18432K), 0.0029890 secs] 347331K->330947K(631224K), 0.0030608 secs] [Times: user=0.01 sys=0.00, real=0.00 secs] 
2020-10-29T14:48:45.316+0000: [GC (Allocation Failure) 2020-10-29T14:48:45.316+0000: [ParNew: 16388K->4K(18432K), 0.0028877 secs] 347331K->330947K(631224K), 0.0029498 secs] [Times: user=0.01 sys=0.00, real=0.00 secs] 
2020-10-29T14:48:45.333+0000: [GC (Allocation Failure) 2020-10-29T14:48:45.333+0000: [ParNew: 16388K->4K(18432K), 0.0029077 secs] 347331K->330947K(631224K), 0.0029755 secs] [Times: user=0.00 sys=0.00, real=0.01 secs] 
2020-10-29T14:48:45.350+0000: [GC (Allocation Failure) 2020-10-29T14:48:45.350+0000: [ParNew: 16388K->4K(18432K), 0.0027353 secs] 347331K->330947K(631224K), 0.0028072 secs] [Times: user=0.01 sys=0.00, real=0.00 secs] 
2020-10-29T14:48:45.370+0000: [GC (Allocation Failure) 2020-10-29T14:48:45.371+0000: [ParNew: 16388K->4K(18432K), 0.0028745 secs] 347331K->330947K(631224K), 0.0029384 secs] [Times: user=0.00 sys=0.00, real=0.00 secs] 
2020-10-29T14:48:45.388+0000: [GC (Allocation Failure) 2020-10-29T14:48:45.388+0000: [ParNew: 16388K->4K(18432K), 0.0029997 secs] 347331K->330947K(631224K), 0.0030704 secs] [Times: user=0.00 sys=0.01, real=0.00 secs] 
2020-10-29T14:48:45.407+0000: [GC (Allocation Failure) 2020-10-29T14:48:45.407+0000: [ParNew: 16388K->4K(18432K), 0.0030483 secs] 347331K->330947K(631224K), 0.0031223 secs] [Times: user=0.01 sys=0.00, real=0.00 secs] 
2020-10-29T14:48:45.424+0000: [GC (Allocation Failure) 2020-10-29T14:48:45.424+0000: [ParNew: 16388K->4K(18432K), 0.0030358 secs] 347331K->330947K(631224K), 0.0031045 secs] [Times: user=0.01 sys=0.00, real=0.01 secs] 
2020-10-29T14:48:45.441+0000: [GC (Allocation Failure) 2020-10-29T14:48:45.441+0000: [ParNew: 16388K->4K(18432K), 0.0029163 secs] 347331K->330947K(631224K), 0.0029905 secs] [Times: user=0.00 sys=0.00, real=0.00 secs] 
2020-10-29T14:48:45.459+0000: [GC (Allocation Failure) 2020-10-29T14:48:45.459+0000: [ParNew: 16388K->4K(18432K), 0.0026143 secs] 347331K->330947K(631224K), 0.0026728 secs] [Times: user=0.01 sys=0.00, real=0.00 secs] 
2020-10-29T14:48:45.479+0000: [GC (Allocation Failure) 2020-10-29T14:48:45.479+0000: [ParNew: 16388K->4K(18432K), 0.0027688 secs] 347331K->330947K(631224K), 0.0028310 secs] [Times: user=0.01 sys=0.00, real=0.00 secs] 
2020-10-29T14:48:45.496+0000: [GC (Allocation Failure) 2020-10-29T14:48:45.496+0000: [ParNew: 16388K->4K(18432K), 0.0027295 secs] 347331K->330947K(631224K), 0.0027888 secs] [Times: user=0.01 sys=0.00, real=0.00 secs] 
2020-10-29T14:48:45.515+0000: [GC (Allocation Failure) 2020-10-29T14:48:45.515+0000: [ParNew: 16388K->4K(18432K), 0.0025224 secs] 347331K->330947K(631224K), 0.0025787 secs] [Times: user=0.01 sys=0.00, real=0.00 secs] 
2020-10-29T14:48:45.531+0000: [GC (Allocation Failure) 2020-10-29T14:48:45.532+0000: [ParNew: 16388K->4K(18432K), 0.0023945 secs] 347331K->330947K(631224K), 0.0024492 secs] [Times: user=0.01 sys=0.00, real=0.00 secs] 
2020-10-29T14:48:45.551+0000: [GC (Allocation Failure) 2020-10-29T14:48:45.551+0000: [ParNew: 16388K->4K(18432K), 0.0026135 secs] 347331K->330947K(631224K), 0.0026699 secs] [Times: user=0.00 sys=0.00, real=0.00 secs] 
2020-10-29T14:48:45.571+0000: [GC (Allocation Failure) 2020-10-29T14:48:45.571+0000: [ParNew: 16388K->4K(18432K), 0.0030237 secs] 347331K->330947K(631224K), 0.0031002 secs] [Times: user=0.01 sys=0.00, real=0.00 secs] 
2020-10-29T14:48:45.591+0000: [GC (Allocation Failure) 2020-10-29T14:48:45.591+0000: [ParNew: 16388K->4K(18432K), 0.0029355 secs] 347331K->330947K(631224K), 0.0030011 secs] [Times: user=0.00 sys=0.00, real=0.00 secs] 
2020-10-29T14:48:45.608+0000: [GC (Allocation Failure) 2020-10-29T14:48:45.608+0000: [ParNew: 16388K->4K(18432K), 0.0051959 secs] 347331K->330947K(631224K), 0.0052587 secs] [Times: user=0.01 sys=0.00, real=0.00 secs] 
2020-10-29T14:48:45.627+0000: [GC (Allocation Failure) 2020-10-29T14:48:45.627+0000: [ParNew: 16388K->4K(18432K), 0.0029966 secs] 347331K->330947K(631224K), 0.0030858 secs] [Times: user=0.00 sys=0.00, real=0.00 secs] 
2020-10-29T14:48:45.644+0000: [GC (Allocation Failure) 2020-10-29T14:48:45.644+0000: [ParNew: 16388K->4K(18432K), 0.0029303 secs] 347331K->330947K(631224K), 0.0030005 secs] [Times: user=0.00 sys=0.00, real=0.01 secs] 
2020-10-29T14:48:45.661+0000: [GC (Allocation Failure) 2020-10-29T14:48:45.661+0000: [ParNew: 16388K->4K(18432K), 0.0027468 secs] 347331K->330947K(631224K), 0.0028206 secs] [Times: user=0.01 sys=0.00, real=0.00 secs] 
2020-10-29T14:48:45.678+0000: [GC (Allocation Failure) 2020-10-29T14:48:45.678+0000: [ParNew: 16388K->4K(18432K), 0.0029584 secs] 347331K->330947K(631224K), 0.0030276 secs] [Times: user=0.01 sys=0.00, real=0.00 secs] 
2020-10-29T14:48:45.699+0000: [GC (Allocation Failure) 2020-10-29T14:48:45.699+0000: [ParNew: 16388K->4K(18432K), 0.0030080 secs] 347331K->330947K(631224K), 0.0030762 secs] [Times: user=0.01 sys=0.00, real=0.00 secs] 
2020-10-29T14:48:45.716+0000: [GC (Allocation Failure) 2020-10-29T14:48:45.716+0000: [ParNew: 16388K->4K(18432K), 0.0029744 secs] 347331K->330947K(631224K), 0.0030425 secs] [Times: user=0.01 sys=0.00, real=0.00 secs] 
2020-10-29T14:48:45.733+0000: [GC (Allocation Failure) 2020-10-29T14:48:45.733+0000: [ParNew: 16388K->4K(18432K), 0.0030215 secs] 347331K->330947K(631224K), 0.0030918 secs] [Times: user=0.00 sys=0.00, real=0.01 secs] 
2020-10-29T14:48:45.750+0000: [GC (Allocation Failure) 2020-10-29T14:48:45.750+0000: [ParNew: 16388K->4K(18432K), 0.0029867 secs] 347331K->330947K(631224K), 0.0030549 secs] [Times: user=0.01 sys=0.00, real=0.00 secs] 
2020-10-29T14:48:45.771+0000: [GC (Allocation Failure) 2020-10-29T14:48:45.771+0000: [ParNew: 16388K->4K(18432K), 0.0030541 secs] 347331K->330947K(631224K), 0.0031272 secs] [Times: user=0.01 sys=0.00, real=0.00 secs] 
2020-10-29T14:48:45.788+0000: [GC (Allocation Failure) 2020-10-29T14:48:45.788+0000: [ParNew: 16388K->4K(18432K), 0.0030291 secs] 347331K->330947K(631224K), 0.0031001 secs] [Times: user=0.00 sys=0.00, real=0.00 secs] 
2020-10-29T14:48:45.805+0000: [GC (Allocation Failure) 2020-10-29T14:48:45.805+0000: [ParNew: 16388K->4K(18432K), 0.0031018 secs] 347331K->330947K(631224K), 0.0031859 secs] [Times: user=0.01 sys=0.00, real=0.01 secs] 
2020-10-29T14:48:45.826+0000: [GC (Allocation Failure) 2020-10-29T14:48:45.827+0000: [ParNew: 16388K->4K(18432K), 0.0030077 secs] 347331K->330947K(631224K), 0.0030785 secs] [Times: user=0.01 sys=0.00, real=0.01 secs] 
2020-10-29T14:48:45.845+0000: [GC (Allocation Failure) 2020-10-29T14:48:45.845+0000: [ParNew: 16388K->4K(18432K), 0.0030041 secs] 347331K->330947K(631224K), 0.0030738 secs] [Times: user=0.01 sys=0.00, real=0.01 secs] 
2020-10-29T14:48:45.862+0000: [GC (Allocation Failure) 2020-10-29T14:48:45.862+0000: [ParNew: 16388K->4K(18432K), 0.0029277 secs] 347331K->330947K(631224K), 0.0029948 secs] [Times: user=0.01 sys=0.00, real=0.00 secs] 
2020-10-29T14:48:45.879+0000: [GC (Allocation Failure) 2020-10-29T14:48:45.879+0000: [ParNew: 16388K->4K(18432K), 0.0029482 secs] 347331K->330947K(631224K), 0.0030150 secs] [Times: user=0.00 sys=0.00, real=0.00 secs] 
2020-10-29T14:48:45.896+0000: [GC (Allocation Failure) 2020-10-29T14:48:45.896+0000: [ParNew: 16388K->4K(18432K), 0.0030303 secs] 347331K->330947K(631224K), 0.0030985 secs] [Times: user=0.01 sys=0.00, real=0.00 secs] 
2020-10-29T14:48:45.915+0000: [GC (Allocation Failure) 2020-10-29T14:48:45.915+0000: [ParNew: 16388K->4K(18432K), 0.0029829 secs] 347331K->330947K(631224K), 0.0030513 secs] [Times: user=0.00 sys=0.00, real=0.00 secs] 
2020-10-29T14:48:45.932+0000: [GC (Allocation Failure) 2020-10-29T14:48:45.932+0000: [ParNew: 16388K->4K(18432K), 0.0029684 secs] 347331K->330947K(631224K), 0.0030381 secs] [Times: user=0.01 sys=0.00, real=0.01 secs] 
2020-10-29T14:48:45.950+0000: [GC (Allocation Failure) 2020-10-29T14:48:45.950+0000: [ParNew: 16388K->4K(18432K), 0.0029083 secs] 347331K->330947K(631224K), 0.0029743 secs] [Times: user=0.00 sys=0.00, real=0.00 secs] 
2020-10-29T14:48:45.967+0000: [GC (Allocation Failure) 2020-10-29T14:48:45.967+0000: [ParNew: 16388K->4K(18432K), 0.0029208 secs] 347331K->330947K(631224K), 0.0029861 secs] [Times: user=0.01 sys=0.00, real=0.00 secs] 
2020-10-29T14:48:45.984+0000: [GC (Allocation Failure) 2020-10-29T14:48:45.984+0000: [ParNew: 16388K->4K(18432K), 0.0029605 secs] 347331K->330947K(631224K), 0.0030295 secs] [Times: user=0.01 sys=0.00, real=0.01 secs] 
2020-10-29T14:48:46.001+0000: [GC (Allocation Failure) 2020-10-29T14:48:46.001+0000: [ParNew: 16388K->4K(18432K), 0.0029772 secs] 347331K->330947K(631224K), 0.0030462 secs] [Times: user=0.00 sys=0.00, real=0.00 secs] 
2020-10-29T14:48:46.023+0000: [GC (Allocation Failure) 2020-10-29T14:48:46.023+0000: [ParNew: 16388K->4K(18432K), 0.0027903 secs] 347331K->330947K(631224K), 0.0028635 secs] [Times: user=0.01 sys=0.00, real=0.00 secs] 
2020-10-29T14:48:46.043+0000: [GC (Allocation Failure) 2020-10-29T14:48:46.043+0000: [ParNew: 16388K->4K(18432K), 0.0029043 secs] 347331K->330947K(631224K), 0.0029683 secs] [Times: user=0.01 sys=0.00, real=0.00 secs] 
2020-10-29T14:48:46.063+0000: [GC (Allocation Failure) 2020-10-29T14:48:46.063+0000: [ParNew: 16388K->4K(18432K), 0.0030186 secs] 347331K->330947K(631224K), 0.0030856 secs] [Times: user=0.00 sys=0.00, real=0.00 secs] 
2020-10-29T14:48:46.080+0000: [GC (Allocation Failure) 2020-10-29T14:48:46.080+0000: [ParNew: 16388K->4K(18432K), 0.0029482 secs] 347331K->330947K(631224K), 0.0030152 secs] [Times: user=0.00 sys=0.00, real=0.00 secs] 
2020-10-29T14:48:46.099+0000: [GC (Allocation Failure) 2020-10-29T14:48:46.099+0000: [ParNew: 16388K->4K(18432K), 0.0029721 secs] 347331K->330947K(631224K), 0.0030414 secs] [Times: user=0.01 sys=0.00, real=0.00 secs] 
2020-10-29T14:48:46.119+0000: [GC (Allocation Failure) 2020-10-29T14:48:46.119+0000: [ParNew: 16388K->4K(18432K), 0.0028267 secs] 347331K->330947K(631224K), 0.0028907 secs] [Times: user=0.01 sys=0.00, real=0.00 secs] 
2020-10-29T14:48:46.137+0000: [GC (Allocation Failure) 2020-10-29T14:48:46.137+0000: [ParNew: 16388K->4K(18432K), 0.0030703 secs] 347331K->330947K(631224K), 0.0031472 secs] [Times: user=0.01 sys=0.00, real=0.00 secs] 
2020-10-29T14:48:46.155+0000: [GC (Allocation Failure) 2020-10-29T14:48:46.155+0000: [ParNew: 16388K->4K(18432K), 0.0029959 secs] 347331K->330947K(631224K), 0.0030645 secs] [Times: user=0.01 sys=0.00, real=0.01 secs] 
2020-10-29T14:48:46.175+0000: [GC (Allocation Failure) 2020-10-29T14:48:46.175+0000: [ParNew: 16388K->4K(18432K), 0.0028886 secs] 347331K->330947K(631224K), 0.0029535 secs] [Times: user=0.01 sys=0.00, real=0.00 secs] 
2020-10-29T14:48:46.195+0000: [GC (Allocation Failure) 2020-10-29T14:48:46.195+0000: [ParNew: 16388K->4K(18432K), 0.0029361 secs] 347331K->330947K(631224K), 0.0030017 secs] [Times: user=0.01 sys=0.00, real=0.00 secs] 
2020-10-29T14:48:46.212+0000: [GC (Allocation Failure) 2020-10-29T14:48:46.212+0000: [ParNew: 16388K->4K(18432K), 0.0030074 secs] 347331K->330947K(631224K), 0.0030767 secs] [Times: user=0.00 sys=0.00, real=0.01 secs] 
2020-10-29T14:48:46.229+0000: [GC (Allocation Failure) 2020-10-29T14:48:46.229+0000: [ParNew: 16388K->4K(18432K), 0.0030654 secs] 347331K->330947K(631224K), 0.0031446 secs] [Times: user=0.00 sys=0.00, real=0.00 secs] 
2020-10-29T14:48:46.255+0000: [GC (Allocation Failure) 2020-10-29T14:48:46.255+0000: [ParNew: 16388K->4K(18432K), 0.0030209 secs] 347331K->330947K(631224K), 0.0031075 secs] [Times: user=0.01 sys=0.00, real=0.00 secs] 
2020-10-29T14:48:46.272+0000: [GC (Allocation Failure) 2020-10-29T14:48:46.273+0000: [ParNew: 16388K->4K(18432K), 0.0030125 secs] 347331K->330947K(631224K), 0.0030834 secs] [Times: user=0.01 sys=0.00, real=0.01 secs] 
2020-10-29T14:48:46.291+0000: [GC (Allocation Failure) 2020-10-29T14:48:46.291+0000: [ParNew: 16388K->4K(18432K), 0.0029245 secs] 347331K->330947K(631224K), 0.0029916 secs] [Times: user=0.01 sys=0.00, real=0.00 secs] 
2020-10-29T14:48:46.308+0000: [GC (Allocation Failure) 2020-10-29T14:48:46.308+0000: [ParNew: 16388K->4K(18432K), 0.0029280 secs] 347331K->330947K(631224K), 0.0030026 secs] [Times: user=0.01 sys=0.00, real=0.00 secs] 
2020-10-29T14:48:46.325+0000: [GC (Allocation Failure) 2020-10-29T14:48:46.325+0000: [ParNew: 16388K->4K(18432K), 0.0027847 secs] 347331K->330947K(631224K), 0.0028489 secs] [Times: user=0.00 sys=0.00, real=0.01 secs] 
2020-10-29T14:48:46.342+0000: [GC (Allocation Failure) 2020-10-29T14:48:46.342+0000: [ParNew: 16388K->4K(18432K), 0.0028214 secs] 347331K->330947K(631224K), 0.0028773 secs] [Times: user=0.00 sys=0.00, real=0.00 secs] 
2020-10-29T14:48:46.359+0000: [GC (Allocation Failure) 2020-10-29T14:48:46.359+0000: [ParNew: 16388K->4K(18432K), 0.0026383 secs] 347331K->330947K(631224K), 0.0026979 secs] [Times: user=0.00 sys=0.00, real=0.00 secs] 
2020-10-29T14:48:46.376+0000: [GC (Allocation Failure) 2020-10-29T14:48:46.376+0000: [ParNew: 16388K->4K(18432K), 0.0025915 secs] 347331K->330947K(631224K), 0.0026506 secs] [Times: user=0.01 sys=0.00, real=0.00 secs] 
2020-10-29T14:48:46.395+0000: [GC (Allocation Failure) 2020-10-29T14:48:46.395+0000: [ParNew: 16388K->4K(18432K), 0.0028009 secs] 347331K->330947K(631224K), 0.0028626 secs] [Times: user=0.00 sys=0.00, real=0.00 secs] 
2020-10-29T14:48:46.415+0000: [GC (Allocation Failure) 2020-10-29T14:48:46.415+0000: [ParNew: 16388K->4K(18432K), 0.0029560 secs] 347331K->330947K(631224K), 0.0030244 secs] [Times: user=0.00 sys=0.00, real=0.00 secs] 
2020-10-29T14:48:46.432+0000: [GC (Allocation Failure) 2020-10-29T14:48:46.432+0000: [ParNew: 16388K->4K(18432K), 0.0029698 secs] 347331K->330947K(631224K), 0.0030382 secs] [Times: user=0.01 sys=0.00, real=0.01 secs] 
2020-10-29T14:48:46.449+0000: [GC (Allocation Failure) 2020-10-29T14:48:46.449+0000: [ParNew: 16388K->4K(18432K), 0.0030195 secs] 347331K->330947K(631224K), 0.0030907 secs] [Times: user=0.01 sys=0.00, real=0.00 secs] 
2020-10-29T14:48:46.466+0000: [GC (Allocation Failure) 2020-10-29T14:48:46.466+0000: [ParNew: 16388K->4K(18432K), 0.0029863 secs] 347331K->330947K(631224K), 0.0030560 secs] [Times: user=0.00 sys=0.00, real=0.01 secs] 
2020-10-29T14:48:46.487+0000: [GC (Allocation Failure) 2020-10-29T14:48:46.487+0000: [ParNew: 16388K->4K(18432K), 0.0029789 secs] 347331K->330947K(631224K), 0.0030475 secs] [Times: user=0.00 sys=0.00, real=0.00 secs] 
2020-10-29T14:48:46.507+0000: [GC (Allocation Failure) 2020-10-29T14:48:46.507+0000: [ParNew: 16388K->4K(18432K), 0.0028507 secs] 347331K->330947K(631224K), 0.0029168 secs] [Times: user=0.00 sys=0.00, real=0.00 secs] 
2020-10-29T14:48:46.524+0000: [GC (Allocation Failure) 2020-10-29T14:48:46.524+0000: [ParNew: 16388K->4K(18432K), 0.0030074 secs] 347331K->330947K(631224K), 0.0030760 secs] [Times: user=0.01 sys=0.00, real=0.01 secs] 
2020-10-29T14:48:46.545+0000: [GC (Allocation Failure) 2020-10-29T14:48:46.545+0000: [ParNew: 16388K->4K(18432K), 0.0029376 secs] 347331K->330947K(631224K), 0.0029963 secs] [Times: user=0.00 sys=0.00, real=0.01 secs] 
2020-10-29T14:48:46.563+0000: [GC (Allocation Failure) 2020-10-29T14:48:46.563+0000: [ParNew: 16388K->4K(18432K), 0.0026109 secs] 347331K->330947K(631224K), 0.0026783 secs] [Times: user=0.01 sys=0.00, real=0.00 secs] 
2020-10-29T14:48:46.583+0000: [GC (Allocation Failure) 2020-10-29T14:48:46.583+0000: [ParNew: 16388K->4K(18432K), 0.0025487 secs] 347331K->330947K(631224K), 0.0026041 secs] [Times: user=0.00 sys=0.00, real=0.00 secs] 
2020-10-29T14:48:46.603+0000: [GC (Allocation Failure) 2020-10-29T14:48:46.603+0000: [ParNew: 16388K->4K(18432K), 0.0027321 secs] 347331K->330947K(631224K), 0.0027928 secs] [Times: user=0.01 sys=0.00, real=0.00 secs] 
2020-10-29T14:48:46.620+0000: [GC (Allocation Failure) 2020-10-29T14:48:46.620+0000: [ParNew: 16388K->4K(18432K), 0.0025751 secs] 347331K->330947K(631224K), 0.0026339 secs] [Times: user=0.01 sys=0.00, real=0.00 secs] 
2020-10-29T14:48:46.636+0000: [GC (Allocation Failure) 2020-10-29T14:48:46.636+0000: [ParNew: 16388K->4K(18432K), 0.0024604 secs] 347331K->330947K(631224K), 0.0025137 secs] [Times: user=0.01 sys=0.00, real=0.00 secs] 
2020-10-29T14:48:46.652+0000: [GC (Allocation Failure) 2020-10-29T14:48:46.652+0000: [ParNew: 16388K->4K(18432K), 0.0027689 secs] 347331K->330947K(631224K), 0.0028344 secs] [Times: user=0.01 sys=0.00, real=0.01 secs] 
2020-10-29T14:48:46.671+0000: [GC (Allocation Failure) 2020-10-29T14:48:46.671+0000: [ParNew: 16388K->4K(18432K), 0.0029359 secs] 347331K->330947K(631224K), 0.0030032 secs] [Times: user=0.00 sys=0.00, real=0.00 secs] 
2020-10-29T14:48:46.688+0000: [GC (Allocation Failure) 2020-10-29T14:48:46.688+0000: [ParNew: 16388K->4K(18432K), 0.0029904 secs] 347331K->330947K(631224K), 0.0030626 secs] [Times: user=0.01 sys=0.00, real=0.00 secs] 
2020-10-29T14:48:46.705+0000: [GC (Allocation Failure) 2020-10-29T14:48:46.705+0000: [ParNew: 16388K->4K(18432K), 0.0027943 secs] 347331K->330947K(631224K), 0.0028559 secs] [Times: user=0.00 sys=0.00, real=0.01 secs] 
2020-10-29T14:48:46.722+0000: [GC (Allocation Failure) 2020-10-29T14:48:46.722+0000: [ParNew: 16388K->4K(18432K), 0.0027310 secs] 347331K->330947K(631224K), 0.0027919 secs] [Times: user=0.00 sys=0.00, real=0.00 secs] 
2020-10-29T14:48:46.743+0000: [GC (Allocation Failure) 2020-10-29T14:48:46.743+0000: [ParNew: 16388K->4K(18432K), 0.0026689 secs] 347331K->330947K(631224K), 0.0027289 secs] [Times: user=0.00 sys=0.00, real=0.00 secs] 
2020-10-29T14:48:46.759+0000: [GC (Allocation Failure) 2020-10-29T14:48:46.759+0000: [ParNew: 16388K->4K(18432K), 0.0026657 secs] 347331K->330947K(631224K), 0.0027267 secs] [Times: user=0.01 sys=0.00, real=0.00 secs] 
2020-10-29T14:48:46.776+0000: [GC (Allocation Failure) 2020-10-29T14:48:46.776+0000: [ParNew: 16388K->4K(18432K), 0.0028319 secs] 347331K->330947K(631224K), 0.0029034 secs] [Times: user=0.01 sys=0.00, real=0.00 secs] 
2020-10-29T14:48:46.793+0000: [GC (Allocation Failure) 2020-10-29T14:48:46.793+0000: [ParNew: 16388K->4K(18432K), 0.0025965 secs] 347331K->330947K(631224K), 0.0026528 secs] [Times: user=0.00 sys=0.00, real=0.01 secs] 
2020-10-29T14:48:46.811+0000: [GC (Allocation Failure) 2020-10-29T14:48:46.811+0000: [ParNew: 16388K->4K(18432K), 0.0028554 secs] 347331K->330947K(631224K), 0.0029205 secs] [Times: user=0.00 sys=0.00, real=0.00 secs] 
2020-10-29T14:48:46.828+0000: [GC (Allocation Failure) 2020-10-29T14:48:46.828+0000: [ParNew: 16388K->4K(18432K), 0.0029660 secs] 347331K->330947K(631224K), 0.0030394 secs] [Times: user=0.01 sys=0.00, real=0.00 secs] 
2020-10-29T14:48:46.845+0000: [GC (Allocation Failure) 2020-10-29T14:48:46.845+0000: [ParNew: 16388K->4K(18432K), 0.0028334 secs] 347331K->330947K(631224K), 0.0028962 secs] [Times: user=0.01 sys=0.00, real=0.01 secs] 
2020-10-29T14:48:46.863+0000: [GC (Allocation Failure) 2020-10-29T14:48:46.863+0000: [ParNew: 16388K->4K(18432K), 0.0028144 secs] 347331K->330947K(631224K), 0.0028763 secs] [Times: user=0.01 sys=0.00, real=0.00 secs] 
2020-10-29T14:48:46.883+0000: [GC (Allocation Failure) 2020-10-29T14:48:46.883+0000: [ParNew: 16388K->4K(18432K), 0.0028617 secs] 347331K->330947K(631224K), 0.0029252 secs] [Times: user=0.00 sys=0.00, real=0.00 secs] 
2020-10-29T14:48:46.900+0000: [GC (Allocation Failure) 2020-10-29T14:48:46.900+0000: [ParNew: 16388K->4K(18432K), 0.0030327 secs] 347331K->330947K(631224K), 0.0030977 secs] [Times: user=0.00 sys=0.00, real=0.00 secs] 
2020-10-29T14:48:46.917+0000: [GC (Allocation Failure) 2020-10-29T14:48:46.917+0000: [ParNew: 16388K->4K(18432K), 0.0030527 secs] 347331K->330947K(631224K), 0.0031251 secs] [Times: user=0.01 sys=0.00, real=0.00 secs] 
2020-10-29T14:48:46.934+0000: [GC (Allocation Failure) 2020-10-29T14:48:46.934+0000: [ParNew: 16388K->4K(18432K), 0.0030830 secs] 347331K->330947K(631224K), 0.0031539 secs] [Times: user=0.00 sys=0.00, real=0.01 secs] 
2020-10-29T14:48:46.952+0000: [GC (Allocation Failure) 2020-10-29T14:48:46.952+0000: [ParNew: 16388K->4K(18432K), 0.0031451 secs] 347331K->330947K(631224K), 0.0032185 secs] [Times: user=0.01 sys=0.00, real=0.01 secs] 
2020-10-29T14:48:46.969+0000: [GC (Allocation Failure) 2020-10-29T14:48:46.969+0000: [ParNew: 16388K->4K(18432K), 0.0031019 secs] 347331K->330947K(631224K), 0.0031745 secs] [Times: user=0.00 sys=0.00, real=0.00 secs] 
2020-10-29T14:48:46.986+0000: [GC (Allocation Failure) 2020-10-29T14:48:46.986+0000: [ParNew: 16388K->4K(18432K), 0.0031373 secs] 347331K->330947K(631224K), 0.0032101 secs] [Times: user=0.01 sys=0.00, real=0.01 secs] 
2020-10-29T14:48:47.007+0000: [GC (Allocation Failure) 2020-10-29T14:48:47.007+0000: [ParNew: 16388K->4K(18432K), 0.0031867 secs] 347331K->330947K(631224K), 0.0032709 secs] [Times: user=0.00 sys=0.00, real=0.00 secs] 
2020-10-29T14:48:47.027+0000: [GC (Allocation Failure) 2020-10-29T14:48:47.027+0000: [ParNew: 16388K->4K(18432K), 0.0030149 secs] 347331K->330947K(631224K), 0.0030842 secs] [Times: user=0.01 sys=0.00, real=0.00 secs] 
2020-10-29T14:48:47.044+0000: [GC (Allocation Failure) 2020-10-29T14:48:47.044+0000: [ParNew: 16388K->4K(18432K), 0.0030277 secs] 347331K->330947K(631224K), 0.0030970 secs] [Times: user=0.01 sys=0.00, real=0.01 secs] 
2020-10-29T14:48:47.063+0000: [GC (Allocation Failure) 2020-10-29T14:48:47.063+0000: [ParNew: 16388K->4K(18432K), 0.0030098 secs] 347331K->330947K(631224K), 0.0030787 secs] [Times: user=0.00 sys=0.00, real=0.00 secs] 
2020-10-29T14:48:47.080+0000: [GC (Allocation Failure) 2020-10-29T14:48:47.080+0000: [ParNew: 16388K->4K(18432K), 0.0030043 secs] 347331K->330947K(631224K), 0.0030733 secs] [Times: user=0.00 sys=0.00, real=0.00 secs] 
2020-10-29T14:48:47.099+0000: [GC (Allocation Failure) 2020-10-29T14:48:47.099+0000: [ParNew: 16388K->4K(18432K), 0.0029860 secs] 347331K->330947K(631224K), 0.0030568 secs] [Times: user=0.00 sys=0.00, real=0.00 secs] 
2020-10-29T14:48:47.119+0000: [GC (Allocation Failure) 2020-10-29T14:48:47.119+0000: [ParNew: 16388K->4K(18432K), 0.0029944 secs] 347331K->330947K(631224K), 0.0030615 secs] [Times: user=0.01 sys=0.00, real=0.00 secs] 
2020-10-29T14:48:47.139+0000: [GC (Allocation Failure) 2020-10-29T14:48:47.139+0000: [ParNew: 16388K->4K(18432K), 0.0029947 secs] 347331K->330947K(631224K), 0.0030652 secs] [Times: user=0.01 sys=0.00, real=0.00 secs] 
2020-10-29T14:48:47.156+0000: [GC (Allocation Failure) 2020-10-29T14:48:47.156+0000: [ParNew: 16388K->4K(18432K), 0.0028541 secs] 347331K->330947K(631224K), 0.0029249 secs] [Times: user=0.00 sys=0.00, real=0.00 secs] 
2020-10-29T14:48:47.177+0000: [GC (Allocation Failure) 2020-10-29T14:48:47.177+0000: [ParNew: 16388K->4K(18432K), 0.0031073 secs] 347331K->330947K(631224K), 0.0031793 secs] [Times: user=0.01 sys=0.00, real=0.00 secs] 
2020-10-29T14:48:47.195+0000: [GC (Allocation Failure) 2020-10-29T14:48:47.195+0000: [ParNew: 16388K->4K(18432K), 0.0029916 secs] 347331K->330947K(631224K), 0.0030627 secs] [Times: user=0.00 sys=0.00, real=0.00 secs] 
2020-10-29T14:48:47.212+0000: [GC (Allocation Failure) 2020-10-29T14:48:47.212+0000: [ParNew: 16388K->4K(18432K), 0.0028929 secs] 347331K->330947K(631224K), 0.0029611 secs] [Times: user=0.01 sys=0.00, real=0.01 secs] 
2020-10-29T14:48:47.229+0000: [GC (Allocation Failure) 2020-10-29T14:48:47.229+0000: [ParNew: 16388K->4K(18432K), 0.0029442 secs] 347331K->330947K(631224K), 0.0030237 secs] [Times: user=0.01 sys=0.00, real=0.00 secs] 
2020-10-29T14:48:47.246+0000: [GC (Allocation Failure) 2020-10-29T14:48:47.246+0000: [ParNew: 16388K->4K(18432K), 0.0030562 secs] 347331K->330947K(631224K), 0.0031258 secs] [Times: user=0.00 sys=0.00, real=0.01 secs] 
2020-10-29T14:48:47.263+0000: [GC (Allocation Failure) 2020-10-29T14:48:47.263+0000: [ParNew: 16388K->4K(18432K), 0.0028279 secs] 347331K->330947K(631224K), 0.0029032 secs] [Times: user=0.01 sys=0.00, real=0.00 secs] 
2020-10-29T14:48:47.283+0000: [GC (Allocation Failure) 2020-10-29T14:48:47.283+0000: [ParNew: 16388K->4K(18432K), 0.0027189 secs] 347331K->330947K(631224K), 0.0027774 secs] [Times: user=0.01 sys=0.00, real=0.00 secs] 
2020-10-29T14:48:47.299+0000: [GC (Allocation Failure) 2020-10-29T14:48:47.300+0000: [ParNew: 16388K->4K(18432K), 0.0029536 secs] 347331K->330947K(631224K), 0.0030208 secs] [Times: user=0.01 sys=0.00, real=0.00 secs] 
2020-10-29T14:48:47.317+0000: [GC (Allocation Failure) 2020-10-29T14:48:47.317+0000: [ParNew: 16388K->4K(18432K), 0.0029821 secs] 347331K->330947K(631224K), 0.0030514 secs] [Times: user=0.01 sys=0.00, real=0.00 secs] 
2020-10-29T14:48:47.334+0000: [GC (Allocation Failure) 2020-10-29T14:48:47.335+0000: [ParNew: 16388K->4K(18432K), 0.0030204 secs] 347331K->330947K(631224K), 0.0030997 secs] [Times: user=0.01 sys=0.00, real=0.01 secs] 
2020-10-29T14:48:47.355+0000: [GC (Allocation Failure) 2020-10-29T14:48:47.355+0000: [ParNew: 16388K->4K(18432K), 0.0029803 secs] 347331K->330947K(631224K), 0.0030500 secs] [Times: user=0.00 sys=0.00, real=0.00 secs] 
2020-10-29T14:48:47.372+0000: [GC (Allocation Failure) 2020-10-29T14:48:47.372+0000: [ParNew: 16388K->4K(18432K), 0.0029519 secs] 347331K->330947K(631224K), 0.0030202 secs] [Times: user=0.00 sys=0.00, real=0.01 secs] 
2020-10-29T14:48:47.390+0000: [GC (Allocation Failure) 2020-10-29T14:48:47.390+0000: [ParNew: 16388K->4K(18432K), 0.0030050 secs] 347331K->330947K(631224K), 0.0030768 secs] [Times: user=0.00 sys=0.00, real=0.00 secs] 
2020-10-29T14:48:47.407+0000: [GC (Allocation Failure) 2020-10-29T14:48:47.407+0000: [ParNew: 16388K->4K(18432K), 0.0029003 secs] 347331K->330947K(631224K), 0.0029649 secs] [Times: user=0.01 sys=0.00, real=0.00 secs] 
2020-10-29T14:48:47.424+0000: [GC (Allocation Failure) 2020-10-29T14:48:47.424+0000: [ParNew: 16388K->4K(18432K), 0.0028954 secs] 347331K->330947K(631224K), 0.0029595 secs] [Times: user=0.01 sys=0.00, real=0.01 secs] 
2020-10-29T14:48:47.441+0000: [GC (Allocation Failure) 2020-10-29T14:48:47.441+0000: [ParNew: 16388K->4K(18432K), 0.0028502 secs] 347331K->330947K(631224K), 0.0029143 secs] [Times: user=0.00 sys=0.00, real=0.00 secs] 
2020-10-29T14:48:47.458+0000: [GC (Allocation Failure) 2020-10-29T14:48:47.458+0000: [ParNew: 16388K->4K(18432K), 0.0025803 secs] 347331K->330947K(631224K), 0.0026361 secs] [Times: user=0.01 sys=0.00, real=0.00 secs] 
2020-10-29T14:48:47.474+0000: [GC (Allocation Failure) 2020-10-29T14:48:47.474+0000: [ParNew: 16388K->4K(18432K), 0.0027539 secs] 347331K->330947K(631224K), 0.0028168 secs] [Times: user=0.01 sys=0.00, real=0.01 secs] 
2020-10-29T14:48:47.491+0000: [GC (Allocation Failure) 2020-10-29T14:48:47.491+0000: [ParNew: 16388K->4K(18432K), 0.0028764 secs] 347331K->330947K(631224K), 0.0029520 secs] [Times: user=0.00 sys=0.00, real=0.00 secs] 
2020-10-29T14:48:47.511+0000: [GC (Allocation Failure) 2020-10-29T14:48:47.511+0000: [ParNew: 16388K->4K(18432K), 0.0028245 secs] 347331K->330947K(631224K), 0.0028858 secs] [Times: user=0.01 sys=0.00, real=0.00 secs] 
2020-10-29T14:48:47.528+0000: [GC (Allocation Failure) 2020-10-29T14:48:47.528+0000: [ParNew: 16388K->4K(18432K), 0.0029351 secs] 347331K->330947K(631224K), 0.0030014 secs] [Times: user=0.01 sys=0.00, real=0.00 secs] 
2020-10-29T14:48:47.547+0000: [GC (Allocation Failure) 2020-10-29T14:48:47.547+0000: [ParNew: 16388K->4K(18432K), 0.0028171 secs] 347331K->330947K(631224K), 0.0028818 secs] [Times: user=0.00 sys=0.00, real=0.00 secs] 
2020-10-29T14:48:47.567+0000: [GC (Allocation Failure) 2020-10-29T14:48:47.567+0000: [ParNew: 16388K->4K(18432K), 0.0028418 secs] 347331K->330947K(631224K), 0.0029038 secs] [Times: user=0.00 sys=0.00, real=0.00 secs] 
2020-10-29T14:48:47.584+0000: [GC (Allocation Failure) 2020-10-29T14:48:47.584+0000: [ParNew: 16388K->4K(18432K), 0.0029570 secs] 347331K->330947K(631224K), 0.0030253 secs] [Times: user=0.01 sys=0.00, real=0.01 secs] 
2020-10-29T14:48:47.601+0000: [GC (Allocation Failure) 2020-10-29T14:48:47.601+0000: [ParNew: 16388K->4K(18432K), 0.0028702 secs] 347331K->330947K(631224K), 0.0029357 secs] [Times: user=0.00 sys=0.00, real=0.00 secs] 
2020-10-29T14:48:47.619+0000: [GC (Allocation Failure) 2020-10-29T14:48:47.619+0000: [ParNew: 16388K->4K(18432K), 0.0079527 secs] 347331K->330947K(631224K), 0.0080298 secs] [Times: user=0.01 sys=0.00, real=0.01 secs] 
2020-10-29T14:48:47.643+0000: [GC (Allocation Failure) 2020-10-29T14:48:47.643+0000: [ParNew: 16388K->4K(18432K), 0.0029664 secs] 347331K->330947K(631224K), 0.0030418 secs] [Times: user=0.00 sys=0.00, real=0.00 secs] 
2020-10-29T14:48:47.663+0000: [GC (Allocation Failure) 2020-10-29T14:48:47.663+0000: [ParNew: 16388K->4K(18432K), 0.0029177 secs] 347331K->330947K(631224K), 0.0029838 secs] [Times: user=0.01 sys=0.00, real=0.00 secs] 
2020-10-29T14:48:47.680+0000: [GC (Allocation Failure) 2020-10-29T14:48:47.680+0000: [ParNew: 16388K->4K(18432K), 0.0028873 secs] 347331K->330947K(631224K), 0.0029623 secs] [Times: user=0.00 sys=0.00, real=0.00 secs] 
2020-10-29T14:48:47.697+0000: [GC (Allocation Failure) 2020-10-29T14:48:47.697+0000: [ParNew: 16388K->4K(18432K), 0.0027223 secs] 347331K->330947K(631224K), 0.0027889 secs] [Times: user=0.00 sys=0.00, real=0.00 secs] 
2020-10-29T14:48:47.714+0000: [GC (Allocation Failure) 2020-10-29T14:48:47.714+0000: [ParNew: 16388K->4K(18432K), 0.0026939 secs] 347331K->330947K(631224K), 0.0027523 secs] [Times: user=0.00 sys=0.00, real=0.01 secs] 
2020-10-29T14:48:47.731+0000: [GC (Allocation Failure) 2020-10-29T14:48:47.731+0000: [ParNew: 16388K->4K(18432K), 0.0028998 secs] 347331K->330947K(631224K), 0.0029654 secs] [Times: user=0.01 sys=0.00, real=0.00 secs] 
2020-10-29T14:48:47.751+0000: [GC (Allocation Failure) 2020-10-29T14:48:47.751+0000: [ParNew: 16388K->4K(18432K), 0.0028956 secs] 347331K->330947K(631224K), 0.0029617 secs] [Times: user=0.00 sys=0.00, real=0.00 secs] 
2020-10-29T14:48:47.768+0000: [GC (Allocation Failure) 2020-10-29T14:48:47.768+0000: [ParNew: 16388K->4K(18432K), 0.0029066 secs] 347331K->330947K(631224K), 0.0029728 secs] [Times: user=0.01 sys=0.00, real=0.00 secs] 
2020-10-29T14:48:47.785+0000: [GC (Allocation Failure) 2020-10-29T14:48:47.785+0000: [ParNew: 16388K->4K(18432K), 0.0029488 secs] 347331K->330947K(631224K), 0.0030151 secs] [Times: user=0.00 sys=0.00, real=0.01 secs] 
2020-10-29T14:48:47.803+0000: [GC (Allocation Failure) 2020-10-29T14:48:47.803+0000: [ParNew: 16388K->4K(18432K), 0.0028756 secs] 347331K->330947K(631224K), 0.0029462 secs] [Times: user=0.01 sys=0.00, real=0.00 secs] 
2020-10-29T14:48:47.820+0000: [GC (Allocation Failure) 2020-10-29T14:48:47.820+0000: [ParNew: 16388K->4K(18432K), 0.0028427 secs] 347331K->330947K(631224K), 0.0029063 secs] [Times: user=0.01 sys=0.00, real=0.00 secs] 
2020-10-29T14:48:47.837+0000: [GC (Allocation Failure) 2020-10-29T14:48:47.837+0000: [ParNew: 16388K->4K(18432K), 0.0030691 secs] 347331K->330947K(631224K), 0.0031477 secs] [Times: user=0.00 sys=0.00, real=0.00 secs] 
2020-10-29T14:48:47.854+0000: [GC (Allocation Failure) 2020-10-29T14:48:47.854+0000: [ParNew: 16388K->4K(18432K), 0.0030284 secs] 347331K->330947K(631224K), 0.0030986 secs] [Times: user=0.01 sys=0.00, real=0.01 secs] 
2020-10-29T14:48:47.871+0000: [GC (Allocation Failure) 2020-10-29T14:48:47.871+0000: [ParNew: 16388K->4K(18432K), 0.0030111 secs] 347331K->330947K(631224K), 0.0030823 secs] [Times: user=0.00 sys=0.00, real=0.00 secs] 
2020-10-29T14:48:47.888+0000: [GC (Allocation Failure) 2020-10-29T14:48:47.888+0000: [ParNew: 16388K->4K(18432K), 0.0029932 secs] 347331K->330947K(631224K), 0.0030619 secs] [Times: user=0.01 sys=0.00, real=0.00 secs] 
2020-10-29T14:48:47.905+0000: [GC (Allocation Failure) 2020-10-29T14:48:47.905+0000: [ParNew: 16388K->4K(18432K), 0.0028984 secs] 347331K->330947K(631224K), 0.0029639 secs] [Times: user=0.01 sys=0.00, real=0.01 secs] 
2020-10-29T14:48:47.926+0000: [GC (Allocation Failure) 2020-10-29T14:48:47.926+0000: [ParNew: 16388K->4K(18432K), 0.0025179 secs] 347331K->330947K(631224K), 0.0025724 secs] [Times: user=0.01 sys=0.00, real=0.01 secs] 
2020-10-29T14:48:47.943+0000: [GC (Allocation Failure) 2020-10-29T14:48:47.943+0000: [ParNew: 16388K->4K(18432K), 0.0029023 secs] 347331K->330947K(631224K), 0.0029685 secs] [Times: user=0.01 sys=0.00, real=0.00 secs] 
2020-10-29T14:48:47.963+0000: [GC (Allocation Failure) 2020-10-29T14:48:47.963+0000: [ParNew: 16388K->4K(18432K), 0.0026913 secs] 347331K->330947K(631224K), 0.0027513 secs] [Times: user=0.00 sys=0.00, real=0.00 secs] 
2020-10-29T14:48:47.983+0000: [GC (Allocation Failure) 2020-10-29T14:48:47.983+0000: [ParNew: 16388K->4K(18432K), 0.0028522 secs] 347331K->330947K(631224K), 0.0029170 secs] [Times: user=0.01 sys=0.00, real=0.00 secs] 
2020-10-29T14:48:48.004+0000: [GC (Allocation Failure) 2020-10-29T14:48:48.004+0000: [ParNew: 16388K->4K(18432K), 0.0029837 secs] 347331K->330947K(631224K), 0.0030530 secs] [Times: user=0.01 sys=0.00, real=0.01 secs] 
2020-10-29T14:48:48.022+0000: [GC (Allocation Failure) 2020-10-29T14:48:48.022+0000: [ParNew: 16388K->4K(18432K), 0.0032034 secs] 347331K->330947K(631224K), 0.0032870 secs] [Times: user=0.01 sys=0.00, real=0.00 secs] 
2020-10-29T14:48:48.043+0000: [GC (Allocation Failure) 2020-10-29T14:48:48.043+0000: [ParNew: 16388K->4K(18432K), 0.0029853 secs] 347331K->330947K(631224K), 0.0030532 secs] [Times: user=0.01 sys=0.00, real=0.00 secs] 
2020-10-29T14:48:48.063+0000: [GC (Allocation Failure) 2020-10-29T14:48:48.063+0000: [ParNew: 16388K->4K(18432K), 0.0029826 secs] 347331K->330947K(631224K), 0.0030516 secs] [Times: user=0.00 sys=0.00, real=0.00 secs] 
2020-10-29T14:48:48.083+0000: [GC (Allocation Failure) 2020-10-29T14:48:48.083+0000: [ParNew: 16388K->4K(18432K), 0.0029285 secs] 347331K->330947K(631224K), 0.0029948 secs] [Times: user=0.01 sys=0.00, real=0.00 secs] 
2020-10-29T14:48:48.103+0000: [GC (Allocation Failure) 2020-10-29T14:48:48.103+0000: [ParNew: 16388K->4K(18432K), 0.0030160 secs] 347331K->330947K(631224K), 0.0030867 secs] [Times: user=0.00 sys=0.00, real=0.00 secs] 
2020-10-29T14:48:48.123+0000: [GC (Allocation Failure) 2020-10-29T14:48:48.123+0000: [ParNew: 16388K->4K(18432K), 0.0030083 secs] 347331K->330947K(631224K), 0.0030776 secs] [Times: user=0.01 sys=0.00, real=0.00 secs] 
2020-10-29T14:48:48.140+0000: [GC (Allocation Failure) 2020-10-29T14:48:48.140+0000: [ParNew: 16388K->4K(18432K), 0.0029920 secs] 347331K->330947K(631224K), 0.0030613 secs] [Times: user=0.00 sys=0.00, real=0.00 secs] 
2020-10-29T14:48:48.159+0000: [GC (Allocation Failure) 2020-10-29T14:48:48.159+0000: [ParNew: 16388K->4K(18432K), 0.0030793 secs] 347331K->330947K(631224K), 0.0031512 secs] [Times: user=0.00 sys=0.00, real=0.00 secs] 
2020-10-29T14:48:48.179+0000: [GC (Allocation Failure) 2020-10-29T14:48:48.179+0000: [ParNew: 16388K->4K(18432K), 0.0031448 secs] 347331K->330947K(631224K), 0.0032189 secs] [Times: user=0.00 sys=0.00, real=0.00 secs] 
2020-10-29T14:48:48.196+0000: [GC (Allocation Failure) 2020-10-29T14:48:48.196+0000: [ParNew: 16388K->4K(18432K), 0.0032015 secs] 347331K->330947K(631224K), 0.0032731 secs] [Times: user=0.01 sys=0.00, real=0.00 secs] 
2020-10-29T14:48:48.207+0000: [GC (Allocation Failure) 2020-10-29T14:48:48.207+0000: [ParNew: 8870K->4K(18432K), 0.0025394 secs] 339814K->330947K(631224K), 0.0025910 secs] [Times: user=0.01 sys=0.00, real=0.00 secs] 
2020-10-29T14:48:48.217+0000: [GC (Allocation Failure) 2020-10-29T14:48:48.217+0000: [ParNew: 16388K->4K(18432K), 0.0039289 secs] 347331K->339139K(631224K), 0.0039853 secs] [Times: user=0.01 sys=0.00, real=0.00 secs] 
2020-10-29T14:48:48.238+0000: [GC (Allocation Failure) 2020-10-29T14:48:48.238+0000: [ParNew: 16388K->4K(18432K), 0.0029413 secs] 355523K->339139K(631224K), 0.0030043 secs] [Times: user=0.01 sys=0.00, real=0.00 secs] 
2020-10-29T14:48:48.259+0000: [GC (Allocation Failure) 2020-10-29T14:48:48.259+0000: [ParNew: 16388K->4K(18432K), 0.0030220 secs] 355523K->339139K(631224K), 0.0030912 secs] [Times: user=0.01 sys=0.00, real=0.00 secs] 
2020-10-29T14:48:48.276+0000: [GC (Allocation Failure) 2020-10-29T14:48:48.276+0000: [ParNew: 16388K->4K(18432K), 0.0029717 secs] 355523K->339139K(631224K), 0.0030484 secs] [Times: user=0.00 sys=0.00, real=0.00 secs] 
2020-10-29T14:48:48.293+0000: [GC (Allocation Failure) 2020-10-29T14:48:48.293+0000: [ParNew: 16388K->4K(18432K), 0.0025556 secs] 355523K->339139K(631224K), 0.0026098 secs] [Times: user=0.01 sys=0.00, real=0.01 secs] 
2020-10-29T14:48:48.310+0000: [GC (Allocation Failure) 2020-10-29T14:48:48.310+0000: [ParNew: 16388K->4K(18432K), 0.0023896 secs] 355523K->339139K(631224K), 0.0024428 secs] [Times: user=0.00 sys=0.00, real=0.00 secs] 
2020-10-29T14:48:48.327+0000: [GC (Allocation Failure) 2020-10-29T14:48:48.327+0000: [ParNew: 16388K->4K(18432K), 0.0024859 secs] 355523K->339139K(631224K), 0.0025409 secs] [Times: user=0.01 sys=0.00, real=0.00 secs] 
2020-10-29T14:48:48.344+0000: [GC (Allocation Failure) 2020-10-29T14:48:48.344+0000: [ParNew: 16388K->4K(18432K), 0.0025555 secs] 355523K->339139K(631224K), 0.0026072 secs] [Times: user=0.01 sys=0.00, real=0.00 secs] 
2020-10-29T14:48:48.360+0000: [GC (Allocation Failure) 2020-10-29T14:48:48.360+0000: [ParNew: 16388K->4K(18432K), 0.0026224 secs] 355523K->339139K(631224K), 0.0026797 secs] [Times: user=0.00 sys=0.00, real=0.00 secs] 
2020-10-29T14:48:48.377+0000: [GC (Allocation Failure) 2020-10-29T14:48:48.377+0000: [ParNew: 16388K->4K(18432K), 0.0024712 secs] 355523K->339139K(631224K), 0.0025364 secs] [Times: user=0.00 sys=0.00, real=0.00 secs] 
2020-10-29T14:48:48.393+0000: [GC (Allocation Failure) 2020-10-29T14:48:48.394+0000: [ParNew: 16388K->4K(18432K), 0.0024977 secs] 355523K->339139K(631224K), 0.0025504 secs] [Times: user=0.01 sys=0.00, real=0.01 secs] 
2020-10-29T14:48:48.410+0000: [GC (Allocation Failure) 2020-10-29T14:48:48.410+0000: [ParNew: 16388K->4K(18432K), 0.0029428 secs] 355523K->339139K(631224K), 0.0030134 secs] [Times: user=0.01 sys=0.00, real=0.00 secs] 
2020-10-29T14:48:48.427+0000: [GC (Allocation Failure) 2020-10-29T14:48:48.427+0000: [ParNew: 16388K->4K(18432K), 0.0027095 secs] 355523K->339139K(631224K), 0.0027689 secs] [Times: user=0.00 sys=0.00, real=0.00 secs] 
2020-10-29T14:48:48.444+0000: [GC (Allocation Failure) 2020-10-29T14:48:48.444+0000: [ParNew: 16388K->4K(18432K), 0.0028606 secs] 355523K->339139K(631224K), 0.0029234 secs] [Times: user=0.01 sys=0.00, real=0.01 secs] 
2020-10-29T14:48:48.465+0000: [GC (Allocation Failure) 2020-10-29T14:48:48.465+0000: [ParNew: 16388K->4K(18432K), 0.0028987 secs] 355523K->339139K(631224K), 0.0029636 secs] [Times: user=0.00 sys=0.00, real=0.01 secs] 
2020-10-29T14:48:48.485+0000: [GC (Allocation Failure) 2020-10-29T14:48:48.485+0000: [ParNew: 16388K->4K(18432K), 0.0029844 secs] 355523K->339139K(631224K), 0.0030525 secs] [Times: user=0.01 sys=0.00, real=0.01 secs] 
2020-10-29T14:48:48.502+0000: [GC (Allocation Failure) 2020-10-29T14:48:48.502+0000: [ParNew: 16388K->4K(18432K), 0.0027553 secs] 355523K->339139K(631224K), 0.0028252 secs] [Times: user=0.00 sys=0.00, real=0.00 secs] 
2020-10-29T14:48:48.513+0000: [GC (Allocation Failure) 2020-10-29T14:48:48.513+0000: [ParNew: 16388K->4K(18432K), 0.0033966 secs] 355523K->347331K(631224K), 0.0034545 secs] [Times: user=0.00 sys=0.00, real=0.01 secs] 
2020-10-29T14:48:48.534+0000: [GC (Allocation Failure) 2020-10-29T14:48:48.534+0000: [ParNew: 16388K->4K(18432K), 0.0024038 secs] 363715K->347331K(631224K), 0.0024553 secs] [Times: user=0.01 sys=0.00, real=0.01 secs] 
2020-10-29T14:48:48.551+0000: [GC (Allocation Failure) 2020-10-29T14:48:48.551+0000: [ParNew: 16388K->4K(18432K), 0.0028404 secs] 363715K->347331K(631224K), 0.0029061 secs] [Times: user=0.01 sys=0.00, real=0.00 secs] 
2020-10-29T14:48:48.568+0000: [GC (Allocation Failure) 2020-10-29T14:48:48.568+0000: [ParNew: 16388K->4K(18432K), 0.0029960 secs] 363715K->347331K(631224K), 0.0030633 secs] [Times: user=0.00 sys=0.00, real=0.00 secs] 
2020-10-29T14:48:48.587+0000: [GC (Allocation Failure) 2020-10-29T14:48:48.587+0000: [ParNew: 16388K->4K(18432K), 0.0029716 secs] 363715K->347331K(631224K), 0.0030373 secs] [Times: user=0.01 sys=0.00, real=0.00 secs] 
2020-10-29T14:48:48.605+0000: [GC (Allocation Failure) 2020-10-29T14:48:48.605+0000: [ParNew: 16388K->4K(18432K), 0.0030270 secs] 363715K->347331K(631224K), 0.0030967 secs] [Times: user=0.00 sys=0.00, real=0.01 secs] 
2020-10-29T14:48:48.622+0000: [GC (Allocation Failure) 2020-10-29T14:48:48.622+0000: [ParNew: 16388K->4K(18432K), 0.0029065 secs] 363715K->347332K(631224K), 0.0029691 secs] [Times: user=0.01 sys=0.00, real=0.00 secs] 
2020-10-29T14:48:48.639+0000: [GC (Allocation Failure) 2020-10-29T14:48:48.639+0000: [ParNew: 16388K->4K(18432K), 0.0030833 secs] 363716K->347332K(631224K), 0.0031670 secs] [Times: user=0.00 sys=0.00, real=0.00 secs] 
2020-10-29T14:48:48.656+0000: [GC (Allocation Failure) 2020-10-29T14:48:48.656+0000: [ParNew: 16388K->4K(18432K), 0.0030896 secs] 363716K->347332K(631224K), 0.0031602 secs] [Times: user=0.01 sys=0.00, real=0.00 secs] 
2020-10-29T14:48:48.673+0000: [GC (Allocation Failure) 2020-10-29T14:48:48.673+0000: [ParNew: 16388K->4K(18432K), 0.0029944 secs] 363716K->347332K(631224K), 0.0030632 secs] [Times: user=0.01 sys=0.00, real=0.01 secs] 
2020-10-29T14:48:48.691+0000: [GC (Allocation Failure) 2020-10-29T14:48:48.691+0000: [ParNew: 16388K->4K(18432K), 0.0030489 secs] 363716K->347332K(631224K), 0.0031178 secs] [Times: user=0.00 sys=0.00, real=0.00 secs] 
2020-10-29T14:48:48.708+0000: [GC (Allocation Failure) 2020-10-29T14:48:48.708+0000: [ParNew: 16388K->4K(18432K), 0.0030707 secs] 363716K->347332K(631224K), 0.0031463 secs] [Times: user=0.01 sys=0.00, real=0.00 secs] 
2020-10-29T14:48:48.725+0000: [GC (Allocation Failure) 2020-10-29T14:48:48.725+0000: [ParNew: 16388K->4K(18432K), 0.0029764 secs] 363716K->347332K(631224K), 0.0030447 secs] [Times: user=0.00 sys=0.00, real=0.01 secs] 
2020-10-29T14:48:48.742+0000: [GC (Allocation Failure) 2020-10-29T14:48:48.742+0000: [ParNew: 16388K->4K(18432K), 0.0030190 secs] 363716K->347332K(631224K), 0.0030967 secs] [Times: user=0.01 sys=0.00, real=0.00 secs] 
2020-10-29T14:48:48.759+0000: [GC (Allocation Failure) 2020-10-29T14:48:48.759+0000: [ParNew: 16388K->4K(18432K), 0.0029342 secs] 363716K->347332K(631224K), 0.0030001 secs] [Times: user=0.01 sys=0.00, real=0.00 secs] 
2020-10-29T14:48:48.783+0000: [GC (Allocation Failure) 2020-10-29T14:48:48.783+0000: [ParNew: 16388K->4K(18432K), 0.0030418 secs] 363716K->347332K(631224K), 0.0031133 secs] [Times: user=0.01 sys=0.00, real=0.00 secs] 
2020-10-29T14:48:48.815+0000: [GC (Allocation Failure) 2020-10-29T14:48:48.815+0000: [ParNew: 16388K->4K(18432K), 0.0030201 secs] 363716K->347332K(631224K), 0.0030923 secs] [Times: user=0.01 sys=0.00, real=0.00 secs] 
2020-10-29T14:48:48.844+0000: [GC (Allocation Failure) 2020-10-29T14:48:48.844+0000: [ParNew: 16388K->4K(18432K), 0.0030320 secs] 363716K->347332K(631224K), 0.0031038 secs] [Times: user=0.01 sys=0.00, real=0.01 secs] 
2020-10-29T14:48:48.875+0000: [GC (Allocation Failure) 2020-10-29T14:48:48.875+0000: [ParNew: 16388K->4K(18432K), 0.0030134 secs] 363716K->347332K(631224K), 0.0030870 secs] [Times: user=0.01 sys=0.00, real=0.00 secs] 
2020-10-29T14:48:48.904+0000: [GC (Allocation Failure) 2020-10-29T14:48:48.904+0000: [ParNew: 16388K->4K(18432K), 0.0030661 secs] 363716K->347332K(631224K), 0.0031378 secs] [Times: user=0.00 sys=0.00, real=0.01 secs] 
2020-10-29T14:48:48.935+0000: [GC (Allocation Failure) 2020-10-29T14:48:48.935+0000: [ParNew: 16388K->4K(18432K), 0.0030137 secs] 363716K->347332K(631224K), 0.0030879 secs] [Times: user=0.01 sys=0.00, real=0.00 secs] 
2020-10-29T14:48:48.965+0000: [GC (Allocation Failure) 2020-10-29T14:48:48.965+0000: [ParNew: 16388K->4K(18432K), 0.0030758 secs] 363716K->347333K(631224K), 0.0031515 secs] [Times: user=0.01 sys=0.00, real=0.01 secs] 
2020-10-29T14:48:48.993+0000: [GC (Allocation Failure) 2020-10-29T14:48:48.993+0000: [ParNew: 16388K->4K(18432K), 0.0030918 secs] 363717K->347333K(631224K), 0.0031655 secs] [Times: user=0.01 sys=0.00, real=0.01 secs] 
2020-10-29T14:48:49.023+0000: [GC (Allocation Failure) 2020-10-29T14:48:49.023+0000: [ParNew: 16388K->4K(18432K), 0.0031871 secs] 363717K->347333K(631224K), 0.0032654 secs] [Times: user=0.00 sys=0.00, real=0.00 secs] 
2020-10-29T14:48:49.054+0000: [GC (Allocation Failure) 2020-10-29T14:48:49.054+0000: [ParNew: 16388K->4K(18432K), 0.0030064 secs] 363717K->347333K(631224K), 0.0030782 secs] [Times: user=0.00 sys=0.00, real=0.01 secs] 
2020-10-29T14:48:49.118+0000: [GC (Allocation Failure) 2020-10-29T14:48:49.118+0000: [ParNew: 16388K->4K(18432K), 0.0030937 secs] 363717K->347333K(631224K), 0.0031710 secs] [Times: user=0.00 sys=0.00, real=0.00 secs] 
2020-10-29T14:48:49.344+0000: [GC (Allocation Failure) 2020-10-29T14:48:49.344+0000: [ParNew: 16388K->4K(18432K), 0.0063039 secs] 363717K->347333K(631224K), 0.0064009 secs] [Times: user=0.01 sys=0.00, real=0.01 secs] 
2020-10-29T14:48:49.511+0000: [GC (Allocation Failure) 2020-10-29T14:48:49.512+0000: [ParNew: 16388K->6K(18432K), 0.0031166 secs] 363717K->347335K(631224K), 0.0031929 secs] [Times: user=0.00 sys=0.00, real=0.01 secs] 
2020-10-29T14:48:50.163+0000: [GC (Allocation Failure) 2020-10-29T14:48:50.164+0000: [ParNew: 16379K->2047K(18432K), 0.0077342 secs] 363708K->349401K(631224K), 0.0078359 secs] [Times: user=0.02 sys=0.00, real=0.01 secs] 
2020-10-29T14:48:50.226+0000: [GC (Allocation Failure) 2020-10-29T14:48:50.226+0000: [ParNew: 18431K->599K(18432K), 0.0181163 secs] 365785K->349796K(631224K), 0.0182178 secs] [Times: user=0.04 sys=0.00, real=0.02 secs] 
2020-10-29T14:48:50.262+0000: [GC (Allocation Failure) 2020-10-29T14:48:50.262+0000: [ParNew: 16983K->294K(18432K), 0.0031811 secs] 366180K->349492K(631224K), 0.0032720 secs] [Times: user=0.00 sys=0.00, real=0.00 secs] 
2020-10-29T14:48:50.287+0000: [GC (Allocation Failure) 2020-10-29T14:48:50.287+0000: [ParNew: 16591K->253K(18432K), 0.0031454 secs] 365788K->349451K(631224K), 0.0032399 secs] [Times: user=0.01 sys=0.00, real=0.00 secs] 
2020-10-29T14:48:50.325+0000: [GC (Allocation Failure) 2020-10-29T14:48:50.325+0000: [ParNew: 16637K->409K(18432K), 0.0100295 secs] 365835K->349606K(631224K), 0.0101331 secs] [Times: user=0.02 sys=0.00, real=0.02 secs] 
2020-10-29T14:48:50.371+0000: [GC (Allocation Failure) 2020-10-29T14:48:50.371+0000: [ParNew: 16793K->462K(18432K), 0.0067635 secs] 365990K->349659K(631224K), 0.0068671 secs] [Times: user=0.01 sys=0.00, real=0.01 secs] 
2020-10-29T14:48:50.413+0000: [GC (Allocation Failure) 2020-10-29T14:48:50.413+0000: [ParNew: 16846K->615K(18432K), 0.0102366 secs] 366043K->349812K(631224K), 0.0103407 secs] [Times: user=0.03 sys=0.00, real=0.01 secs] 
2020-10-29T14:48:50.447+0000: [GC (Allocation Failure) 2020-10-29T14:48:50.447+0000: [ParNew: 16999K->419K(18432K), 0.0032766 secs] 366196K->349801K(631224K), 0.0033622 secs] [Times: user=0.01 sys=0.00, real=0.00 secs] 
2020-10-29T14:48:50.474+0000: [GC (Allocation Failure) 2020-10-29T14:48:50.474+0000: [ParNew: 16803K->393K(18432K), 0.0071498 secs] 366185K->349775K(631224K), 0.0072410 secs] [Times: user=0.02 sys=0.00, real=0.01 secs] 
2020-10-29T14:48:50.505+0000: [GC (Allocation Failure) 2020-10-29T14:48:50.505+0000: [ParNew: 16777K->388K(18432K), 0.0091450 secs] 366159K->349770K(631224K), 0.0092495 secs] [Times: user=0.02 sys=0.00, real=0.01 secs] 
2020-10-29T14:48:50.535+0000: [GC (Allocation Failure) 2020-10-29T14:48:50.535+0000: [ParNew: 16772K->516K(18432K), 0.0063117 secs] 366154K->349898K(631224K), 0.0064016 secs] [Times: user=0.01 sys=0.00, real=0.00 secs] 
2020-10-29T14:48:50.565+0000: [GC (Allocation Failure) 2020-10-29T14:48:50.565+0000: [ParNew: 16900K->1284K(18432K), 0.0033171 secs] 366282K->350666K(631224K), 0.0033972 secs] [Times: user=0.00 sys=0.00, real=0.01 secs] 
2020-10-29T14:48:50.602+0000: [GC (Allocation Failure) 2020-10-29T14:48:50.602+0000: [ParNew: 17668K->4K(18432K), 0.0032323 secs] 367050K->350155K(631224K), 0.0033260 secs] [Times: user=0.01 sys=0.00, real=0.00 secs] 
2020-10-29T14:48:50.627+0000: [GC (Allocation Failure) 2020-10-29T14:48:50.627+0000: [ParNew: 16388K->4K(18432K), 0.0120684 secs] 366539K->350155K(631224K), 0.0121615 secs] [Times: user=0.02 sys=0.00, real=0.01 secs] 
2020-10-29T14:48:50.670+0000: [GC (Allocation Failure) 2020-10-29T14:48:50.671+0000: [ParNew: 16388K->4K(18432K), 0.0067600 secs] 366539K->350155K(631224K), 0.0068913 secs] [Times: user=0.01 sys=0.00, real=0.01 secs] 
2020-10-29T14:48:50.708+0000: [GC (Allocation Failure) 2020-10-29T14:48:50.708+0000: [ParNew: 16388K->4K(18432K), 0.0031216 secs] 366539K->350155K(631224K), 0.0031950 secs] [Times: user=0.00 sys=0.00, real=0.00 secs] 
2020-10-29T14:48:50.728+0000: [GC (Allocation Failure) 2020-10-29T14:48:50.728+0000: [ParNew: 16388K->4K(18432K), 0.0030674 secs] 366539K->350155K(631224K), 0.0031479 secs] [Times: user=0.00 sys=0.00, real=0.00 secs] 
2020-10-29T14:48:50.757+0000: [GC (Allocation Failure) 2020-10-29T14:48:50.757+0000: [ParNew: 16388K->4K(18432K), 0.0031174 secs] 366539K->350155K(631224K), 0.0031922 secs] [Times: user=0.00 sys=0.00, real=0.00 secs] 
2020-10-29T14:48:50.787+0000: [GC (Allocation Failure) 2020-10-29T14:48:50.787+0000: [ParNew: 16388K->1028K(18432K), 0.0032772 secs] 366539K->351179K(631224K), 0.0033504 secs] [Times: user=0.01 sys=0.00, real=0.00 secs] 
2020-10-29T14:48:50.814+0000: [GC (Allocation Failure) 2020-10-29T14:48:50.814+0000: [ParNew: 17412K->4K(18432K), 0.0031953 secs] 367563K->350667K(631224K), 0.0032848 secs] [Times: user=0.01 sys=0.00, real=0.01 secs] 
2020-10-29T14:48:50.838+0000: [GC (Allocation Failure) 2020-10-29T14:48:50.838+0000: [ParNew: 16388K->4K(18432K), 0.0028756 secs] 367051K->350667K(631224K), 0.0029439 secs] [Times: user=0.01 sys=0.00, real=0.00 secs] 
2020-10-29T14:48:50.863+0000: [GC (Allocation Failure) 2020-10-29T14:48:50.863+0000: [ParNew: 16388K->4K(18432K), 0.0057616 secs] 367051K->350667K(631224K), 0.0058308 secs] [Times: user=0.01 sys=0.00, real=0.01 secs] 
2020-10-29T14:48:50.894+0000: [GC (Allocation Failure) 2020-10-29T14:48:50.894+0000: [ParNew: 16388K->4K(18432K), 0.0031150 secs] 367051K->350667K(631224K), 0.0032127 secs] [Times: user=0.01 sys=0.00, real=0.01 secs] 
2020-10-29T14:48:50.919+0000: [GC (Allocation Failure) 2020-10-29T14:48:50.919+0000: [ParNew: 16388K->4K(18432K), 0.0030039 secs] 367051K->350667K(631224K), 0.0030749 secs] [Times: user=0.01 sys=0.00, real=0.00 secs] 
2020-10-29T14:48:50.955+0000: [GC (Allocation Failure) 2020-10-29T14:48:50.955+0000: [ParNew: 16388K->4K(18432K), 0.0053407 secs] 367051K->350667K(631224K), 0.0054164 secs] [Times: user=0.01 sys=0.00, real=0.00 secs] 
2020-10-29T14:48:50.992+0000: [GC (Allocation Failure) 2020-10-29T14:48:50.992+0000: [ParNew: 16388K->4K(18432K), 0.0030517 secs] 367051K->350667K(631224K), 0.0031480 secs] [Times: user=0.00 sys=0.00, real=0.01 secs] 
2020-10-29T14:48:51.028+0000: [GC (Allocation Failure) 2020-10-29T14:48:51.028+0000: [ParNew: 16388K->4K(18432K), 0.0030493 secs] 367051K->350667K(631224K), 0.0031421 secs] [Times: user=0.00 sys=0.00, real=0.00 secs] 
2020-10-29T14:48:51.066+0000: [GC (Allocation Failure) 2020-10-29T14:48:51.066+0000: [ParNew: 16388K->4K(18432K), 0.0031755 secs] 367051K->350667K(631224K), 0.0032673 secs] [Times: user=0.01 sys=0.00, real=0.01 secs] 
2020-10-29T14:48:51.106+0000: [GC (Allocation Failure) 2020-10-29T14:48:51.106+0000: [ParNew: 16388K->4K(18432K), 0.0030491 secs] 367051K->350667K(631224K), 0.0031490 secs] [Times: user=0.01 sys=0.00, real=0.01 secs] 
2020-10-29T14:48:51.146+0000: [GC (Allocation Failure) 2020-10-29T14:48:51.146+0000: [ParNew: 16388K->4K(18432K), 0.0077116 secs] 367051K->350667K(631224K), 0.0078156 secs] [Times: user=0.01 sys=0.00, real=0.01 secs] 
2020-10-29T14:48:51.191+0000: [GC (Allocation Failure) 2020-10-29T14:48:51.191+0000: [ParNew: 16388K->4K(18432K), 0.0063478 secs] 367051K->350667K(631224K), 0.0064477 secs] [Times: user=0.01 sys=0.00, real=0.01 secs] 
2020-10-29T14:48:51.232+0000: [GC (Allocation Failure) 2020-10-29T14:48:51.232+0000: [ParNew: 16388K->4K(18432K), 0.0040436 secs] 367051K->350667K(631224K), 0.0041187 secs] [Times: user=0.00 sys=0.00, real=0.01 secs] 
2020-10-29T14:48:51.266+0000: [GC (Allocation Failure) 2020-10-29T14:48:51.266+0000: [ParNew: 16388K->4K(18432K), 0.0057030 secs] 367051K->350667K(631224K), 0.0057739 secs] [Times: user=0.01 sys=0.00, real=0.01 secs] 
2020-10-29T14:48:51.292+0000: [GC (Allocation Failure) 2020-10-29T14:48:51.292+0000: [ParNew: 16388K->4K(18432K), 0.0029985 secs] 367051K->350667K(631224K), 0.0030684 secs] [Times: user=0.00 sys=0.01, real=0.01 secs] 
2020-10-29T14:48:51.315+0000: [GC (Allocation Failure) 2020-10-29T14:48:51.315+0000: [ParNew: 16388K->4K(18432K), 0.0029662 secs] 367051K->350667K(631224K), 0.0030534 secs] [Times: user=0.00 sys=0.00, real=0.00 secs] 
2020-10-29T14:48:51.347+0000: [GC (Allocation Failure) 2020-10-29T14:48:51.347+0000: [ParNew: 16388K->4K(18432K), 0.0029338 secs] 367051K->350667K(631224K), 0.0029998 secs] [Times: user=0.01 sys=0.00, real=0.00 secs] 
2020-10-29T14:48:51.373+0000: [GC (Allocation Failure) 2020-10-29T14:48:51.373+0000: [ParNew: 16388K->4K(18432K), 0.0030120 secs] 367051K->350667K(631224K), 0.0031060 secs] [Times: user=0.01 sys=0.00, real=0.01 secs] 
2020-10-29T14:48:51.394+0000: [GC (Allocation Failure) 2020-10-29T14:48:51.394+0000: [ParNew: 16388K->4K(18432K), 0.0030260 secs] 367051K->350667K(631224K), 0.0030978 secs] [Times: user=0.00 sys=0.00, real=0.01 secs] 
2020-10-29T14:48:51.420+0000: [GC (Allocation Failure) 2020-10-29T14:48:51.420+0000: [ParNew: 16388K->4K(18432K), 0.0031166 secs] 367051K->350667K(631224K), 0.0032133 secs] [Times: user=0.00 sys=0.00, real=0.00 secs] 
2020-10-29T14:48:51.442+0000: [GC (Allocation Failure) 2020-10-29T14:48:51.442+0000: [ParNew: 16388K->4K(18432K), 0.0030304 secs] 367051K->350667K(631224K), 0.0031272 secs] [Times: user=0.00 sys=0.00, real=0.00 secs] 
2020-10-29T14:48:51.464+0000: [GC (Allocation Failure) 2020-10-29T14:48:51.464+0000: [ParNew: 16388K->4K(18432K), 0.0030665 secs] 367051K->350667K(631224K), 0.0031700 secs] [Times: user=0.01 sys=0.00, real=0.01 secs] 
2020-10-29T14:48:51.495+0000: [GC (Allocation Failure) 2020-10-29T14:48:51.495+0000: [ParNew: 16388K->2K(18432K), 0.0062109 secs] 367051K->350665K(631224K), 0.0063103 secs] [Times: user=0.01 sys=0.00, real=0.00 secs] 
2020-10-29T14:48:51.527+0000: [GC (Allocation Failure) 2020-10-29T14:48:51.527+0000: [ParNew: 16386K->4K(18432K), 0.0060938 secs] 367049K->350667K(631224K), 0.0062349 secs] [Times: user=0.01 sys=0.00, real=0.00 secs] 
2020-10-29T14:48:51.559+0000: [GC (Allocation Failure) 2020-10-29T14:48:51.559+0000: [ParNew: 16388K->4K(18432K), 0.0062964 secs] 367051K->350667K(631224K), 0.0063907 secs] [Times: user=0.01 sys=0.00, real=0.00 secs] 
2020-10-29T14:48:51.587+0000: [GC (Allocation Failure) 2020-10-29T14:48:51.587+0000: [ParNew: 16388K->4K(18432K), 0.0061288 secs] 367051K->350667K(631224K), 0.0062209 secs] [Times: user=0.01 sys=0.00, real=0.00 secs] 
2020-10-29T14:48:51.615+0000: [GC (Allocation Failure) 2020-10-29T14:48:51.615+0000: [ParNew: 16388K->4K(18432K), 0.0063581 secs] 367051K->350667K(631224K), 0.0064493 secs] [Times: user=0.01 sys=0.00, real=0.00 secs] 
2020-10-29T14:48:51.640+0000: [GC (Allocation Failure) 2020-10-29T14:48:51.640+0000: [ParNew: 16388K->2K(18432K), 0.0062922 secs] 367051K->350665K(631224K), 0.0063961 secs] [Times: user=0.01 sys=0.00, real=0.00 secs] 
2020-10-29T14:48:51.668+0000: [GC (Allocation Failure) 2020-10-29T14:48:51.668+0000: [ParNew: 16386K->4K(18432K), 0.0100834 secs] 367049K->350667K(631224K), 0.0101720 secs] [Times: user=0.02 sys=0.00, real=0.01 secs] 
2020-10-29T14:48:51.700+0000: [GC (Allocation Failure) 2020-10-29T14:48:51.700+0000: [ParNew: 16388K->2K(18432K), 0.0061007 secs] 367051K->350665K(631224K), 0.0061904 secs] [Times: user=0.01 sys=0.00, real=0.00 secs] 
2020-10-29T14:48:51.726+0000: [GC (Allocation Failure) 2020-10-29T14:48:51.726+0000: [ParNew: 16386K->4K(18432K), 0.0073889 secs] 367049K->350667K(631224K), 0.0074842 secs] [Times: user=0.02 sys=0.00, real=0.01 secs] 
2020-10-29T14:48:51.754+0000: [GC (Allocation Failure) 2020-10-29T14:48:51.754+0000: [ParNew: 16388K->4K(18432K), 0.0082384 secs] 367051K->350667K(631224K), 0.0083345 secs] [Times: user=0.02 sys=0.00, real=0.01 secs] 
2020-10-29T14:48:51.784+0000: [GC (Allocation Failure) 2020-10-29T14:48:51.785+0000: [ParNew: 16388K->4K(18432K), 0.0061096 secs] 367051K->350667K(631224K), 0.0061973 secs] [Times: user=0.01 sys=0.00, real=0.01 secs] 
2020-10-29T14:48:51.809+0000: [GC (Allocation Failure) 2020-10-29T14:48:51.809+0000: [ParNew: 16388K->4K(18432K), 0.0030619 secs] 367051K->350667K(631224K), 0.0031585 secs] [Times: user=0.01 sys=0.00, real=0.00 secs] 
2020-10-29T14:48:51.828+0000: [GC (Allocation Failure) 2020-10-29T14:48:51.828+0000: [ParNew: 16388K->4K(18432K), 0.0030701 secs] 367051K->350667K(631224K), 0.0031412 secs] [Times: user=0.01 sys=0.00, real=0.00 secs] 
2020-10-29T14:48:51.847+0000: [GC (Allocation Failure) 2020-10-29T14:48:51.847+0000: [ParNew: 16388K->4K(18432K), 0.0029783 secs] 367051K->350667K(631224K), 0.0030451 secs] [Times: user=0.00 sys=0.00, real=0.00 secs] 
2020-10-29T14:48:51.867+0000: [GC (Allocation Failure) 2020-10-29T14:48:51.867+0000: [ParNew: 16388K->4K(18432K), 0.0029704 secs] 367051K->350667K(631224K), 0.0030379 secs] [Times: user=0.01 sys=0.00, real=0.00 secs] 
2020-10-29T14:48:51.887+0000: [GC (Allocation Failure) 2020-10-29T14:48:51.887+0000: [ParNew: 16388K->4K(18432K), 0.0028541 secs] 367051K->350667K(631224K), 0.0029180 secs] [Times: user=0.00 sys=0.00, real=0.00 secs] 
2020-10-29T14:48:51.907+0000: [GC (Allocation Failure) 2020-10-29T14:48:51.907+0000: [ParNew: 16388K->4K(18432K), 0.0030833 secs] 367051K->350667K(631224K), 0.0031539 secs] [Times: user=0.01 sys=0.00, real=0.00 secs] 
2020-10-29T14:48:51.924+0000: [GC (Allocation Failure) 2020-10-29T14:48:51.924+0000: [ParNew: 16388K->4K(18432K), 0.0030891 secs] 367051K->350667K(631224K), 0.0031620 secs] [Times: user=0.01 sys=0.00, real=0.01 secs] 
2020-10-29T14:48:51.942+0000: [GC (Allocation Failure) 2020-10-29T14:48:51.942+0000: [ParNew: 16388K->4K(18432K), 0.0031050 secs] 367051K->350667K(631224K), 0.0031780 secs] [Times: user=0.01 sys=0.00, real=0.00 secs] 
2020-10-29T14:48:51.963+0000: [GC (Allocation Failure) 2020-10-29T14:48:51.963+0000: [ParNew: 16388K->4K(18432K), 0.0031680 secs] 367051K->350667K(631224K), 0.0032414 secs] [Times: user=0.01 sys=0.00, real=0.00 secs] 
2020-10-29T14:48:51.981+0000: [GC (Allocation Failure) 2020-10-29T14:48:51.981+0000: [ParNew: 16388K->4K(18432K), 0.0030672 secs] 367051K->350667K(631224K), 0.0031409 secs] [Times: user=0.01 sys=0.00, real=0.00 secs] 
2020-10-29T14:48:51.999+0000: [GC (Allocation Failure) 2020-10-29T14:48:51.999+0000: [ParNew: 16388K->4K(18432K), 0.0030282 secs] 367051K->350667K(631224K), 0.0030992 secs] [Times: user=0.00 sys=0.00, real=0.00 secs] 
2020-10-29T14:48:52.017+0000: [GC (Allocation Failure) 2020-10-29T14:48:52.017+0000: [ParNew: 16388K->4K(18432K), 0.0033161 secs] 367051K->350667K(631224K), 0.0033896 secs] [Times: user=0.01 sys=0.00, real=0.00 secs] 
2020-10-29T14:48:52.039+0000: [GC (Allocation Failure) 2020-10-29T14:48:52.039+0000: [ParNew: 16388K->4K(18432K), 0.0030306 secs] 367051K->350667K(631224K), 0.0031154 secs] [Times: user=0.00 sys=0.00, real=0.00 secs] 
2020-10-29T14:48:52.059+0000: [GC (Allocation Failure) 2020-10-29T14:48:52.059+0000: [ParNew: 16388K->4K(18432K), 0.0030410 secs] 367051K->350667K(631224K), 0.0031112 secs] [Times: user=0.01 sys=0.00, real=0.00 secs] 
2020-10-29T14:48:52.078+0000: [GC (Allocation Failure) 2020-10-29T14:48:52.078+0000: [ParNew: 16388K->4K(18432K), 0.0030423 secs] 367051K->350667K(631224K), 0.0031114 secs] [Times: user=0.00 sys=0.00, real=0.00 secs] 
2020-10-29T14:48:52.095+0000: [GC (Allocation Failure) 2020-10-29T14:48:52.096+0000: [ParNew: 16388K->4K(18432K), 0.0029467 secs] 367051K->350667K(631224K), 0.0030136 secs] [Times: user=0.01 sys=0.00, real=0.00 secs] 
2020-10-29T14:48:52.115+0000: [GC (Allocation Failure) 2020-10-29T14:48:52.115+0000: [ParNew: 16388K->4K(18432K), 0.0030341 secs] 367051K->350667K(631224K), 0.0031042 secs] [Times: user=0.01 sys=0.00, real=0.00 secs] 
2020-10-29T14:48:52.132+0000: [GC (Allocation Failure) 2020-10-29T14:48:52.132+0000: [ParNew: 16388K->4K(18432K), 0.0030554 secs] 367051K->350667K(631224K), 0.0031247 secs] [Times: user=0.00 sys=0.00, real=0.01 secs] 
2020-10-29T14:48:52.151+0000: [GC (Allocation Failure) 2020-10-29T14:48:52.151+0000: [ParNew: 16388K->4K(18432K), 0.0029595 secs] 367051K->350667K(631224K), 0.0030253 secs] [Times: user=0.00 sys=0.00, real=0.00 secs] 
2020-10-29T14:48:52.168+0000: [GC (Allocation Failure) 2020-10-29T14:48:52.168+0000: [ParNew: 16388K->4K(18432K), 0.0029947 secs] 367051K->350667K(631224K), 0.0030613 secs] [Times: user=0.01 sys=0.00, real=0.00 secs] 
2020-10-29T14:48:52.187+0000: [GC (Allocation Failure) 2020-10-29T14:48:52.187+0000: [ParNew: 16388K->4K(18432K), 0.0028836 secs] 367051K->350667K(631224K), 0.0029476 secs] [Times: user=0.01 sys=0.00, real=0.00 secs] 
2020-10-29T14:48:52.204+0000: [GC (Allocation Failure) 2020-10-29T14:48:52.204+0000: [ParNew: 16388K->4K(18432K), 0.0030532 secs] 367051K->350667K(631224K), 0.0031265 secs] [Times: user=0.00 sys=0.00, real=0.01 secs] 
2020-10-29T14:48:52.223+0000: [GC (Allocation Failure) 2020-10-29T14:48:52.223+0000: [ParNew: 16388K->4K(18432K), 0.0030266 secs] 367051K->350667K(631224K), 0.0030955 secs] [Times: user=0.01 sys=0.00, real=0.00 secs] 
2020-10-29T14:48:52.241+0000: [GC (Allocation Failure) 2020-10-29T14:48:52.241+0000: [ParNew: 16388K->4K(18432K), 0.0030371 secs] 367051K->350667K(631224K), 0.0031119 secs] [Times: user=0.01 sys=0.00, real=0.00 secs] 
2020-10-29T14:48:52.263+0000: [GC (Allocation Failure) 2020-10-29T14:48:52.263+0000: [ParNew: 16388K->4K(18432K), 0.0030567 secs] 367051K->350667K(631224K), 0.0031315 secs] [Times: user=0.01 sys=0.00, real=0.00 secs] 
2020-10-29T14:48:52.283+0000: [GC (Allocation Failure) 2020-10-29T14:48:52.283+0000: [ParNew: 16388K->4K(18432K), 0.0031247 secs] 367051K->350667K(631224K), 0.0031971 secs] [Times: user=0.01 sys=0.00, real=0.00 secs] 
2020-10-29T14:48:52.303+0000: [GC (Allocation Failure) 2020-10-29T14:48:52.303+0000: [ParNew: 16388K->4K(18432K), 0.0030527 secs] 367051K->350667K(631224K), 0.0031246 secs] [Times: user=0.01 sys=0.00, real=0.00 secs] 
2020-10-29T14:48:52.323+0000: [GC (Allocation Failure) 2020-10-29T14:48:52.323+0000: [ParNew: 16388K->4K(18432K), 0.0030213 secs] 367051K->350667K(631224K), 0.0030930 secs] [Times: user=0.00 sys=0.00, real=0.00 secs] 
2020-10-29T14:48:52.341+0000: [GC (Allocation Failure) 2020-10-29T14:48:52.341+0000: [ParNew: 16388K->4K(18432K), 0.0029402 secs] 367051K->350667K(631224K), 0.0029995 secs] [Times: user=0.01 sys=0.00, real=0.00 secs] 
2020-10-29T14:48:52.359+0000: [GC (Allocation Failure) 2020-10-29T14:48:52.359+0000: [ParNew: 16388K->4K(18432K), 0.0028633 secs] 367051K->350668K(631224K), 0.0029265 secs] [Times: user=0.00 sys=0.00, real=0.00 secs] 
2020-10-29T14:48:52.380+0000: [GC (Allocation Failure) 2020-10-29T14:48:52.380+0000: [ParNew: 16388K->4K(18432K), 0.0028631 secs] 367052K->350668K(631224K), 0.0029251 secs] [Times: user=0.01 sys=0.00, real=0.00 secs] 
2020-10-29T14:48:52.402+0000: [GC (Allocation Failure) 2020-10-29T14:48:52.402+0000: [ParNew: 16388K->4K(18432K), 0.0031075 secs] 367052K->350668K(631224K), 0.0031846 secs] [Times: user=0.00 sys=0.00, real=0.00 secs] 
2020-10-29T14:48:52.421+0000: [GC (Allocation Failure) 2020-10-29T14:48:52.421+0000: [ParNew: 16388K->4K(18432K), 0.0030537 secs] 367052K->350668K(631224K), 0.0031260 secs] [Times: user=0.01 sys=0.00, real=0.00 secs] 
2020-10-29T14:48:52.438+0000: [GC (Allocation Failure) 2020-10-29T14:48:52.438+0000: [ParNew: 16374K->4K(18432K), 0.0031125 secs] 367039K->350668K(631224K), 0.0031842 secs] [Times: user=0.01 sys=0.00, real=0.00 secs] 
2020-10-29T14:48:52.456+0000: [GC (Allocation Failure) 2020-10-29T14:48:52.456+0000: [ParNew: 16388K->4K(18432K), 0.0030186 secs] 367052K->350668K(631224K), 0.0030875 secs] [Times: user=0.01 sys=0.00, real=0.00 secs] 
2020-10-29T14:48:52.475+0000: [GC (Allocation Failure) 2020-10-29T14:48:52.475+0000: [ParNew: 16388K->4K(18432K), 0.0030477 secs] 367052K->350668K(631224K), 0.0031176 secs] [Times: user=0.00 sys=0.00, real=0.00 secs] 
2020-10-29T14:48:52.492+0000: [GC (Allocation Failure) 2020-10-29T14:48:52.492+0000: [ParNew: 16388K->4K(18432K), 0.0029576 secs] 367052K->350668K(631224K), 0.0030255 secs] [Times: user=0.01 sys=0.00, real=0.01 secs] 
2020-10-29T14:48:52.511+0000: [GC (Allocation Failure) 2020-10-29T14:48:52.511+0000: [ParNew: 16388K->4K(18432K), 0.0028362 secs] 367052K->350668K(631224K), 0.0028985 secs] [Times: user=0.01 sys=0.00, real=0.00 secs] 
2020-10-29T14:48:52.528+0000: [GC (Allocation Failure) 2020-10-29T14:48:52.528+0000: [ParNew: 16388K->4K(18432K), 0.0030119 secs] 367052K->350668K(631224K), 0.0030832 secs] [Times: user=0.01 sys=0.00, real=0.00 secs] 
2020-10-29T14:48:52.546+0000: [GC (Allocation Failure) 2020-10-29T14:48:52.546+0000: [ParNew: 16388K->4K(18432K), 0.0030438 secs] 367052K->350668K(631224K), 0.0031176 secs] [Times: user=0.01 sys=0.00, real=0.01 secs] 
2020-10-29T14:48:52.567+0000: [GC (Allocation Failure) 2020-10-29T14:48:52.567+0000: [ParNew: 16388K->4K(18432K), 0.0030470 secs] 367052K->350668K(631224K), 0.0031173 secs] [Times: user=0.01 sys=0.00, real=0.00 secs] 
2020-10-29T14:48:52.585+0000: [GC (Allocation Failure) 2020-10-29T14:48:52.585+0000: [ParNew: 16388K->4K(18432K), 0.0030257 secs] 367052K->350668K(631224K), 0.0030958 secs] [Times: user=0.00 sys=0.00, real=0.01 secs] 
2020-10-29T14:48:52.602+0000: [GC (Allocation Failure) 2020-10-29T14:48:52.602+0000: [ParNew: 16388K->4K(18432K), 0.0030160 secs] 367052K->350668K(631224K), 0.0030863 secs] [Times: user=0.00 sys=0.00, real=0.00 secs] 
2020-10-29T14:48:52.623+0000: [GC (Allocation Failure) 2020-10-29T14:48:52.623+0000: [ParNew: 16388K->4K(18432K), 0.0030618 secs] 367052K->350668K(631224K), 0.0031322 secs] [Times: user=0.01 sys=0.00, real=0.00 secs] 
2020-10-29T14:48:52.640+0000: [GC (Allocation Failure) 2020-10-29T14:48:52.640+0000: [ParNew: 16388K->4K(18432K), 0.0030334 secs] 367052K->350668K(631224K), 0.0031032 secs] [Times: user=0.01 sys=0.00, real=0.00 secs] 
2020-10-29T14:48:52.659+0000: [GC (Allocation Failure) 2020-10-29T14:48:52.659+0000: [ParNew: 16388K->4K(18432K), 0.0029617 secs] 367052K->350668K(631224K), 0.0030295 secs] [Times: user=0.00 sys=0.00, real=0.00 secs] 
2020-10-29T14:48:52.679+0000: [GC (Allocation Failure) 2020-10-29T14:48:52.679+0000: [ParNew: 16388K->4K(18432K), 0.0028052 secs] 367052K->350668K(631224K), 0.0028651 secs] [Times: user=0.01 sys=0.00, real=0.00 secs] 
2020-10-29T14:48:52.696+0000: [GC (Allocation Failure) 2020-10-29T14:48:52.696+0000: [ParNew: 16388K->4K(18432K), 0.0028708 secs] 367052K->350668K(631224K), 0.0029337 secs] [Times: user=0.00 sys=0.00, real=0.00 secs] 
2020-10-29T14:48:52.713+0000: [GC (Allocation Failure) 2020-10-29T14:48:52.713+0000: [ParNew: 16388K->4K(18432K), 0.0029247 secs] 367052K->350668K(631224K), 0.0029907 secs] [Times: user=0.00 sys=0.00, real=0.01 secs] 
2020-10-29T14:48:52.731+0000: [GC (Allocation Failure) 2020-10-29T14:48:52.731+0000: [ParNew: 16388K->4K(18432K), 0.0028195 secs] 367052K->350668K(631224K), 0.0028952 secs] [Times: user=0.01 sys=0.00, real=0.00 secs] 
2020-10-29T14:48:52.748+0000: [GC (Allocation Failure) 2020-10-29T14:48:52.748+0000: [ParNew: 16388K->4K(18432K), 0.0026042 secs] 367052K->350668K(631224K), 0.0026617 secs] [Times: user=0.01 sys=0.00, real=0.00 secs] 
2020-10-29T14:48:52.767+0000: [GC (Allocation Failure) 2020-10-29T14:48:52.767+0000: [ParNew: 16388K->4K(18432K), 0.0027944 secs] 367052K->350668K(631224K), 0.0028686 secs] [Times: user=0.00 sys=0.00, real=0.00 secs] 
2020-10-29T14:48:52.784+0000: [GC (Allocation Failure) 2020-10-29T14:48:52.784+0000: [ParNew: 16388K->4K(18432K), 0.0028900 secs] 367052K->350668K(631224K), 0.0029541 secs] [Times: user=0.00 sys=0.00, real=0.01 secs] 
2020-10-29T14:48:52.803+0000: [GC (Allocation Failure) 2020-10-29T14:48:52.803+0000: [ParNew: 16388K->4K(18432K), 0.0028962 secs] 367052K->350668K(631224K), 0.0029610 secs] [Times: user=0.01 sys=0.00, real=0.00 secs] 
2020-10-29T14:48:52.828+0000: [GC (Allocation Failure) 2020-10-29T14:48:52.828+0000: [ParNew: 16388K->10K(18432K), 0.0029280 secs] 367052K->350674K(631224K), 0.0030112 secs] [Times: user=0.00 sys=0.00, real=0.00 secs] 
2020-10-29T14:48:52.847+0000: [GC (Allocation Failure) 2020-10-29T14:48:52.847+0000: [ParNew: 16394K->8K(18432K), 0.0027989 secs] 367058K->350673K(631224K), 0.0028602 secs] [Times: user=0.00 sys=0.00, real=0.00 secs] 
2020-10-29T14:48:52.864+0000: [GC (Allocation Failure) 2020-10-29T14:48:52.864+0000: [ParNew: 16392K->10K(18432K), 0.0028718 secs] 367057K->350674K(631224K), 0.0029353 secs] [Times: user=0.00 sys=0.00, real=0.01 secs] 
2020-10-29T14:48:52.883+0000: [GC (Allocation Failure) 2020-10-29T14:48:52.883+0000: [ParNew: 16394K->11K(18432K), 0.0030919 secs] 367058K->350675K(631224K), 0.0031621 secs] [Times: user=0.01 sys=0.00, real=0.00 secs] 
2020-10-29T14:48:52.900+0000: [GC (Allocation Failure) 2020-10-29T14:48:52.900+0000: [ParNew: 16395K->11K(18432K), 0.0030429 secs] 367059K->350675K(631224K), 0.0031114 secs] [Times: user=0.01 sys=0.00, real=0.00 secs] 
2020-10-29T14:48:52.918+0000: [GC (Allocation Failure) 2020-10-29T14:48:52.918+0000: [ParNew: 16395K->11K(18432K), 0.0030821 secs] 367059K->350675K(631224K), 0.0031737 secs] [Times: user=0.01 sys=0.00, real=0.00 secs] 
2020-10-29T14:48:52.940+0000: [GC (Allocation Failure) 2020-10-29T14:48:52.940+0000: [ParNew: 16395K->7K(18432K), 0.0031599 secs] 367059K->350677K(631224K), 0.0032309 secs] [Times: user=0.00 sys=0.00, real=0.00 secs] 
2020-10-29T14:48:52.959+0000: [GC (Allocation Failure) 2020-10-29T14:48:52.959+0000: [ParNew: 16391K->4K(18432K), 0.0030422 secs] 367061K->350674K(631224K), 0.0031128 secs] [Times: user=0.00 sys=0.00, real=0.00 secs] 
2020-10-29T14:48:52.976+0000: [GC (Allocation Failure) 2020-10-29T14:48:52.976+0000: [ParNew: 16388K->4K(18432K), 0.0030881 secs] 367058K->350674K(631224K), 0.0031585 secs] [Times: user=0.01 sys=0.00, real=0.00 secs] 
2020-10-29T14:48:52.995+0000: [GC (Allocation Failure) 2020-10-29T14:48:52.995+0000: [ParNew: 16388K->4K(18432K), 0.0030143 secs] 367058K->350674K(631224K), 0.0030837 secs] [Times: user=0.00 sys=0.00, real=0.00 secs] 
2020-10-29T14:48:53.012+0000: [GC (Allocation Failure) 2020-10-29T14:48:53.012+0000: [ParNew: 16388K->4K(18432K), 0.0030887 secs] 367058K->350674K(631224K), 0.0031614 secs] [Times: user=0.00 sys=0.00, real=0.01 secs] 
2020-10-29T14:48:53.030+0000: [GC (Allocation Failure) 2020-10-29T14:48:53.030+0000: [ParNew: 16388K->4K(18432K), 0.0030538 secs] 367058K->350674K(631224K), 0.0031240 secs] [Times: user=0.01 sys=0.00, real=0.00 secs] 
2020-10-29T14:48:53.051+0000: [GC (Allocation Failure) 2020-10-29T14:48:53.051+0000: [ParNew: 16388K->4K(18432K), 0.0030254 secs] 367058K->350674K(631224K), 0.0030954 secs] [Times: user=0.01 sys=0.00, real=0.00 secs] 
2020-10-29T14:48:53.068+0000: [GC (Allocation Failure) 2020-10-29T14:48:53.068+0000: [ParNew: 16388K->4K(18432K), 0.0029323 secs] 367058K->350674K(631224K), 0.0029976 secs] [Times: user=0.01 sys=0.00, real=0.00 secs] 
2020-10-29T14:48:53.087+0000: [GC (Allocation Failure) 2020-10-29T14:48:53.087+0000: [ParNew: 16388K->4K(18432K), 0.0028592 secs] 367058K->350674K(631224K), 0.0029232 secs] [Times: user=0.00 sys=0.00, real=0.00 secs] 
2020-10-29T14:48:53.104+0000: [GC (Allocation Failure) 2020-10-29T14:48:53.104+0000: [ParNew: 16388K->4K(18432K), 0.0027947 secs] 367058K->350674K(631224K), 0.0028560 secs] [Times: user=0.01 sys=0.00, real=0.01 secs] 
2020-10-29T14:48:53.121+0000: [GC (Allocation Failure) 2020-10-29T14:48:53.121+0000: [ParNew: 16388K->4K(18432K), 0.0028570 secs] 367058K->350674K(631224K), 0.0029204 secs] [Times: user=0.00 sys=0.00, real=0.00 secs] 
2020-10-29T14:48:53.138+0000: [GC (Allocation Failure) 2020-10-29T14:48:53.138+0000: [ParNew: 16388K->4K(18432K), 0.0029402 secs] 367058K->350674K(631224K), 0.0030092 secs] [Times: user=0.01 sys=0.00, real=0.00 secs] 
2020-10-29T14:48:53.159+0000: [GC (Allocation Failure) 2020-10-29T14:48:53.159+0000: [ParNew: 16388K->4K(18432K), 0.0028635 secs] 367058K->350674K(631224K), 0.0029279 secs] [Times: user=0.00 sys=0.00, real=0.00 secs] 
2020-10-29T14:48:53.179+0000: [GC (Allocation Failure) 2020-10-29T14:48:53.179+0000: [ParNew: 16388K->4K(18432K), 0.0029616 secs] 367058K->350674K(631224K), 0.0030278 secs] [Times: user=0.00 sys=0.00, real=0.00 secs] 
2020-10-29T14:48:53.197+0000: [GC (Allocation Failure) 2020-10-29T14:48:53.197+0000: [ParNew: 16388K->4K(18432K), 0.0029845 secs] 367058K->350674K(631224K), 0.0030521 secs] [Times: user=0.00 sys=0.00, real=0.00 secs] 
2020-10-29T14:48:53.214+0000: [GC (Allocation Failure) 2020-10-29T14:48:53.214+0000: [ParNew: 16388K->4K(18432K), 0.0029826 secs] 367058K->350674K(631224K), 0.0030507 secs] [Times: user=0.01 sys=0.00, real=0.01 secs] 
2020-10-29T14:48:53.231+0000: [GC (Allocation Failure) 2020-10-29T14:48:53.231+0000: [ParNew: 16388K->4K(18432K), 0.0030434 secs] 367058K->350674K(631224K), 0.0031106 secs] [Times: user=0.01 sys=0.00, real=0.00 secs] 
2020-10-29T14:48:53.249+0000: [GC (Allocation Failure) 2020-10-29T14:48:53.249+0000: [ParNew: 16388K->4K(18432K), 0.0027746 secs] 367058K->350674K(631224K), 0.0028350 secs] [Times: user=0.01 sys=0.00, real=0.00 secs] 
2020-10-29T14:48:53.270+0000: [GC (Allocation Failure) 2020-10-29T14:48:53.270+0000: [ParNew: 16388K->4K(18432K), 0.0027776 secs] 367058K->350674K(631224K), 0.0028390 secs] [Times: user=0.00 sys=0.00, real=0.00 secs] 
2020-10-29T14:48:53.288+0000: [GC (Allocation Failure) 2020-10-29T14:48:53.288+0000: [ParNew: 16388K->4K(18432K), 0.0028812 secs] 367058K->350674K(631224K), 0.0029452 secs] [Times: user=0.01 sys=0.00, real=0.00 secs] 
2020-10-29T14:48:53.305+0000: [GC (Allocation Failure) 2020-10-29T14:48:53.305+0000: [ParNew: 16388K->4K(18432K), 0.0029805 secs] 367058K->350674K(631224K), 0.0030485 secs] [Times: user=0.01 sys=0.00, real=0.01 secs] 
2020-10-29T14:48:53.326+0000: [GC (Allocation Failure) 2020-10-29T14:48:53.326+0000: [ParNew: 16388K->4K(18432K), 0.0029977 secs] 367058K->350674K(631224K), 0.0030652 secs] [Times: user=0.00 sys=0.00, real=0.01 secs] 
2020-10-29T14:48:53.347+0000: [GC (Allocation Failure) 2020-10-29T14:48:53.347+0000: [ParNew: 16388K->4K(18432K), 0.0028907 secs] 367058K->350674K(631224K), 0.0029545 secs] [Times: user=0.01 sys=0.00, real=0.00 secs] 
2020-10-29T14:48:53.367+0000: [GC (Allocation Failure) 2020-10-29T14:48:53.367+0000: [ParNew: 16388K->4K(18432K), 0.0029022 secs] 367058K->350674K(631224K), 0.0029687 secs] [Times: user=0.00 sys=0.00, real=0.00 secs] 
2020-10-29T14:48:53.387+0000: [GC (Allocation Failure) 2020-10-29T14:48:53.387+0000: [ParNew: 16388K->4K(18432K), 0.0031138 secs] 367058K->350674K(631224K), 0.0031840 secs] [Times: user=0.01 sys=0.00, real=0.00 secs] 
2020-10-29T14:48:53.404+0000: [GC (Allocation Failure) 2020-10-29T14:48:53.404+0000: [ParNew: 16388K->4K(18432K), 0.0039313 secs] 367058K->350674K(631224K), 0.0040001 secs] [Times: user=0.01 sys=0.00, real=0.01 secs] 
2020-10-29T14:48:53.423+0000: [GC (Allocation Failure) 2020-10-29T14:48:53.423+0000: [ParNew: 16388K->4K(18432K), 0.0028715 secs] 367058K->350674K(631224K), 0.0029454 secs] [Times: user=0.01 sys=0.00, real=0.00 secs] 
2020-10-29T14:48:53.443+0000: [GC (Allocation Failure) 2020-10-29T14:48:53.443+0000: [ParNew: 16388K->4K(18432K), 0.0029310 secs] 367058K->350674K(631224K), 0.0029947 secs] [Times: user=0.00 sys=0.00, real=0.00 secs] 
2020-10-29T14:48:53.460+0000: [GC (Allocation Failure) 2020-10-29T14:48:53.460+0000: [ParNew: 16388K->4K(18432K), 0.0029905 secs] 367058K->350674K(631224K), 0.0030710 secs] [Times: user=0.01 sys=0.00, real=0.00 secs] 
2020-10-29T14:48:53.478+0000: [GC (Allocation Failure) 2020-10-29T14:48:53.478+0000: [ParNew: 16388K->4K(18432K), 0.0030595 secs] 367058K->350674K(631224K), 0.0031313 secs] [Times: user=0.01 sys=0.00, real=0.00 secs] 
2020-10-29T14:48:53.499+0000: [GC (Allocation Failure) 2020-10-29T14:48:53.499+0000: [ParNew: 16388K->4K(18432K), 0.0030279 secs] 367058K->350674K(631224K), 0.0030992 secs] [Times: user=0.01 sys=0.00, real=0.00 secs] 
2020-10-29T14:48:53.519+0000: [GC (Allocation Failure) 2020-10-29T14:48:53.519+0000: [ParNew: 16388K->4K(18432K), 0.0030442 secs] 367058K->350674K(631224K), 0.0031157 secs] [Times: user=0.01 sys=0.00, real=0.00 secs] 
2020-10-29T14:48:53.536+0000: [GC (Allocation Failure) 2020-10-29T14:48:53.536+0000: [ParNew: 16388K->4K(18432K), 0.0030972 secs] 367058K->350674K(631224K), 0.0031677 secs] [Times: user=0.00 sys=0.00, real=0.00 secs] 
2020-10-29T14:48:53.555+0000: [GC (Allocation Failure) 2020-10-29T14:48:53.555+0000: [ParNew: 16388K->4K(18432K), 0.0030269 secs] 367058K->350674K(631224K), 0.0031016 secs] [Times: user=0.01 sys=0.00, real=0.00 secs] 
2020-10-29T14:48:53.572+0000: [GC (Allocation Failure) 2020-10-29T14:48:53.572+0000: [ParNew: 16388K->4K(18432K), 0.0030645 secs] 367058K->350674K(631224K), 0.0031365 secs] [Times: user=0.00 sys=0.00, real=0.01 secs] 
2020-10-29T14:48:53.591+0000: [GC (Allocation Failure) 2020-10-29T14:48:53.591+0000: [ParNew: 16388K->4K(18432K), 0.0030140 secs] 367058K->350674K(631224K), 0.0030828 secs] [Times: user=0.01 sys=0.00, real=0.00 secs] 
2020-10-29T14:48:53.608+0000: [GC (Allocation Failure) 2020-10-29T14:48:53.608+0000: [ParNew: 16388K->4K(18432K), 0.0029474 secs] 367058K->350674K(631224K), 0.0030118 secs] [Times: user=0.00 sys=0.00, real=0.00 secs] 
2020-10-29T14:48:53.626+0000: [GC (Allocation Failure) 2020-10-29T14:48:53.626+0000: [ParNew: 16388K->4K(18432K), 0.0029873 secs] 367058K->350674K(631224K), 0.0030541 secs] [Times: user=0.00 sys=0.00, real=0.01 secs] 
2020-10-29T14:48:53.649+0000: [GC (Allocation Failure) 2020-10-29T14:48:53.649+0000: [ParNew: 16388K->4K(18432K), 0.0038878 secs] 367058K->350674K(631224K), 0.0039724 secs] [Times: user=0.01 sys=0.00, real=0.00 secs] 
2020-10-29T14:48:53.671+0000: [GC (Allocation Failure) 2020-10-29T14:48:53.671+0000: [ParNew: 16388K->4K(18432K), 0.0028801 secs] 367058K->350674K(631224K), 0.0029444 secs] [Times: user=0.01 sys=0.00, real=0.00 secs] 
2020-10-29T14:48:53.689+0000: [GC (Allocation Failure) 2020-10-29T14:48:53.689+0000: [ParNew: 16388K->4K(18432K), 0.0030004 secs] 367058K->350674K(631224K), 0.0030724 secs] [Times: user=0.01 sys=0.00, real=0.00 secs] 
2020-10-29T14:48:53.707+0000: [GC (Allocation Failure) 2020-10-29T14:48:53.707+0000: [ParNew: 16388K->4K(18432K), 0.0029022 secs] 367058K->350674K(631224K), 0.0029684 secs] [Times: user=0.00 sys=0.00, real=0.00 secs] 
2020-10-29T14:48:53.727+0000: [GC (Allocation Failure) 2020-10-29T14:48:53.727+0000: [ParNew: 16388K->4K(18432K), 0.0029468 secs] 367058K->350674K(631224K), 0.0030141 secs] [Times: user=0.00 sys=0.01, real=0.01 secs] 
2020-10-29T14:48:53.747+0000: [GC (Allocation Failure) 2020-10-29T14:48:53.747+0000: [ParNew: 16388K->4K(18432K), 0.0029052 secs] 367058K->350674K(631224K), 0.0029706 secs] [Times: user=0.01 sys=0.00, real=0.00 secs] 
2020-10-29T14:48:53.764+0000: [GC (Allocation Failure) 2020-10-29T14:48:53.764+0000: [ParNew: 16388K->4K(18432K), 0.0030584 secs] 367058K->350674K(631224K), 0.0031279 secs] [Times: user=0.01 sys=0.00, real=0.01 secs] 
2020-10-29T14:48:53.781+0000: [GC (Allocation Failure) 2020-10-29T14:48:53.782+0000: [ParNew: 16388K->4K(18432K), 0.0031044 secs] 367058K->350674K(631224K), 0.0031741 secs] [Times: user=0.01 sys=0.00, real=0.00 secs] 
2020-10-29T14:48:53.800+0000: [GC (Allocation Failure) 2020-10-29T14:48:53.801+0000: [ParNew: 16388K->4K(18432K), 0.0030792 secs] 367058K->350674K(631224K), 0.0031475 secs] [Times: user=0.01 sys=0.00, real=0.00 secs] 
2020-10-29T14:48:53.818+0000: [GC (Allocation Failure) 2020-10-29T14:48:53.819+0000: [ParNew: 16388K->4K(18432K), 0.0030252 secs] 367058K->350674K(631224K), 0.0030931 secs] [Times: user=0.00 sys=0.00, real=0.00 secs] 
2020-10-29T14:48:53.836+0000: [GC (Allocation Failure) 2020-10-29T14:48:53.836+0000: [ParNew: 16388K->4K(18432K), 0.0029002 secs] 367058K->350674K(631224K), 0.0029677 secs] [Times: user=0.00 sys=0.00, real=0.00 secs] 
2020-10-29T14:48:53.853+0000: [GC (Allocation Failure) 2020-10-29T14:48:53.853+0000: [ParNew: 16388K->4K(18432K), 0.0029202 secs] 367058K->350674K(631224K), 0.0029854 secs] [Times: user=0.01 sys=0.00, real=0.01 secs] 
2020-10-29T14:48:53.871+0000: [GC (Allocation Failure) 2020-10-29T14:48:53.871+0000: [ParNew: 16388K->4K(18432K), 0.0029803 secs] 367058K->350674K(631224K), 0.0030747 secs] [Times: user=0.00 sys=0.01, real=0.00 secs] 
2020-10-29T14:48:53.888+0000: [GC (Allocation Failure) 2020-10-29T14:48:53.888+0000: [ParNew: 16388K->4K(18432K), 0.0029955 secs] 367058K->350674K(631224K), 0.0030632 secs] [Times: user=0.00 sys=0.00, real=0.00 secs] 
2020-10-29T14:48:53.907+0000: [GC (Allocation Failure) 2020-10-29T14:48:53.907+0000: [ParNew: 16388K->4K(18432K), 0.0030546 secs] 367058K->350674K(631224K), 0.0031262 secs] [Times: user=0.01 sys=0.00, real=0.00 secs] 
2020-10-29T14:48:53.929+0000: [GC (Allocation Failure) 2020-10-29T14:48:53.929+0000: [ParNew: 16388K->4K(18432K), 0.0030876 secs] 367058K->350674K(631224K), 0.0031574 secs] [Times: user=0.00 sys=0.00, real=0.00 secs] 
2020-10-29T14:48:53.949+0000: [GC (Allocation Failure) 2020-10-29T14:48:53.949+0000: [ParNew: 16388K->4K(18432K), 0.0030734 secs] 367058K->350674K(631224K), 0.0031468 secs] [Times: user=0.01 sys=0.00, real=0.00 secs] 
2020-10-29T14:48:53.969+0000: [GC (Allocation Failure) 2020-10-29T14:48:53.969+0000: [ParNew: 16388K->4K(18432K), 0.0030838 secs] 367058K->350674K(631224K), 0.0031537 secs] [Times: user=0.00 sys=0.00, real=0.00 secs] 
2020-10-29T14:48:53.987+0000: [GC (Allocation Failure) 2020-10-29T14:48:53.987+0000: [ParNew: 16388K->4K(18432K), 0.0030638 secs] 367058K->350674K(631224K), 0.0031336 secs] [Times: user=0.01 sys=0.00, real=0.01 secs] 
2020-10-29T14:48:54.007+0000: [GC (Allocation Failure) 2020-10-29T14:48:54.007+0000: [ParNew: 16388K->4K(18432K), 0.0030833 secs] 367058K->350674K(631224K), 0.0031534 secs] [Times: user=0.00 sys=0.00, real=0.00 secs] 
2020-10-29T14:48:54.025+0000: [GC (Allocation Failure) 2020-10-29T14:48:54.025+0000: [ParNew: 16388K->4K(18432K), 0.0032412 secs] 367058K->350674K(631224K), 0.0033123 secs] [Times: user=0.01 sys=0.00, real=0.01 secs] 
2020-10-29T14:48:54.043+0000: [GC (Allocation Failure) 2020-10-29T14:48:54.043+0000: [ParNew: 16388K->4K(18432K), 0.0031462 secs] 367058K->350674K(631224K), 0.0032164 secs] [Times: user=0.00 sys=0.00, real=0.00 secs] 
2020-10-29T14:48:54.063+0000: [GC (Allocation Failure) 2020-10-29T14:48:54.063+0000: [ParNew: 16388K->4K(18432K), 0.0029990 secs] 367058K->350674K(631224K), 0.0030677 secs] [Times: user=0.01 sys=0.00, real=0.00 secs] 
2020-10-29T14:48:54.080+0000: [GC (Allocation Failure) 2020-10-29T14:48:54.080+0000: [ParNew: 16388K->4K(18432K), 0.0030451 secs] 367058K->350674K(631224K), 0.0031277 secs] [Times: user=0.01 sys=0.00, real=0.00 secs] 
2020-10-29T14:48:54.099+0000: [GC (Allocation Failure) 2020-10-29T14:48:54.099+0000: [ParNew: 16388K->4K(18432K), 0.0029647 secs] 367058K->350674K(631224K), 0.0030312 secs] [Times: user=0.00 sys=0.00, real=0.00 secs] 
2020-10-29T14:48:54.119+0000: [GC (Allocation Failure) 2020-10-29T14:48:54.119+0000: [ParNew: 16388K->4K(18432K), 0.0029811 secs] 367058K->350674K(631224K), 0.0030490 secs] [Times: user=0.01 sys=0.00, real=0.00 secs] 
2020-10-29T14:48:54.136+0000: [GC (Allocation Failure) 2020-10-29T14:48:54.136+0000: [ParNew: 16388K->4K(18432K), 0.0030616 secs] 367058K->350674K(631224K), 0.0031316 secs] [Times: user=0.00 sys=0.00, real=0.00 secs] 
2020-10-29T14:48:54.154+0000: [GC (Allocation Failure) 2020-10-29T14:48:54.154+0000: [ParNew: 16388K->4K(18432K), 0.0029821 secs] 367058K->350674K(631224K), 0.0030724 secs] [Times: user=0.01 sys=0.00, real=0.01 secs] 
2020-10-29T14:48:54.175+0000: [GC (Allocation Failure) 2020-10-29T14:48:54.175+0000: [ParNew: 16388K->4K(18432K), 0.0031174 secs] 367058K->350674K(631224K), 0.0031965 secs] [Times: user=0.01 sys=0.00, real=0.00 secs] 
2020-10-29T14:48:54.192+0000: [GC (Allocation Failure) 2020-10-29T14:48:54.192+0000: [ParNew: 16388K->4K(18432K), 0.0028469 secs] 367058K->350674K(631224K), 0.0029101 secs] [Times: user=0.01 sys=0.00, real=0.01 secs] 
2020-10-29T14:48:54.211+0000: [GC (Allocation Failure) 2020-10-29T14:48:54.211+0000: [ParNew: 16388K->4K(18432K), 0.0027935 secs] 367058K->350674K(631224K), 0.0028559 secs] [Times: user=0.01 sys=0.00, real=0.00 secs] 
2020-10-29T14:48:54.231+0000: [GC (Allocation Failure) 2020-10-29T14:48:54.231+0000: [ParNew: 16388K->4K(18432K), 0.0027090 secs] 367058K->350674K(631224K), 0.0027659 secs] [Times: user=0.00 sys=0.00, real=0.00 secs] 
2020-10-29T14:48:54.249+0000: [GC (Allocation Failure) 2020-10-29T14:48:54.249+0000: [ParNew: 16388K->4K(18432K), 0.0028836 secs] 367058K->350674K(631224K), 0.0029481 secs] [Times: user=0.00 sys=0.00, real=0.00 secs] 
2020-10-29T14:48:54.266+0000: [GC (Allocation Failure) 2020-10-29T14:48:54.266+0000: [ParNew: 16388K->4K(18432K), 0.0029568 secs] 367058K->350674K(631224K), 0.0030243 secs] [Times: user=0.01 sys=0.00, real=0.01 secs] 
2020-10-29T14:48:54.283+0000: [GC (Allocation Failure) 2020-10-29T14:48:54.283+0000: [ParNew: 16388K->4K(18432K), 0.0029238 secs] 367058K->350674K(631224K), 0.0029905 secs] [Times: user=0.00 sys=0.00, real=0.00 secs] 
2020-10-29T14:48:54.301+0000: [GC (Allocation Failure) 2020-10-29T14:48:54.301+0000: [ParNew: 16388K->4K(18432K), 0.0030493 secs] 367058K->350674K(631224K), 0.0031332 secs] [Times: user=0.00 sys=0.00, real=0.00 secs] 
2020-10-29T14:48:54.318+0000: [GC (Allocation Failure) 2020-10-29T14:48:54.318+0000: [ParNew: 16388K->4K(18432K), 0.0030684 secs] 367058K->350674K(631224K), 0.0031376 secs] [Times: user=0.01 sys=0.00, real=0.00 secs] 
2020-10-29T14:48:54.335+0000: [GC (Allocation Failure) 2020-10-29T14:48:54.335+0000: [ParNew: 16388K->4K(18432K), 0.0029700 secs] 367058K->350674K(631224K), 0.0030430 secs] [Times: user=0.01 sys=0.00, real=0.00 secs] 
2020-10-29T14:48:54.355+0000: [GC (Allocation Failure) 2020-10-29T14:48:54.355+0000: [ParNew: 16388K->4K(18432K), 0.0030180 secs] 367058K->350674K(631224K), 0.0030883 secs] [Times: user=0.01 sys=0.00, real=0.00 secs] 
2020-10-29T14:48:54.372+0000: [GC (Allocation Failure) 2020-10-29T14:48:54.372+0000: [ParNew: 16388K->4K(18432K), 0.0029680 secs] 367058K->350674K(631224K), 0.0030371 secs] [Times: user=0.00 sys=0.00, real=0.01 secs] 
2020-10-29T14:48:54.389+0000: [GC (Allocation Failure) 2020-10-29T14:48:54.390+0000: [ParNew: 16388K->4K(18432K), 0.0031359 secs] 367058K->350674K(631224K), 0.0032108 secs] [Times: user=0.00 sys=0.00, real=0.00 secs] 
2020-10-29T14:48:54.411+0000: [GC (Allocation Failure) 2020-10-29T14:48:54.411+0000: [ParNew: 16388K->4K(18432K), 0.0029952 secs] 367058K->350674K(631224K), 0.0030652 secs] [Times: user=0.01 sys=0.00, real=0.00 secs] 
2020-10-29T14:48:54.428+0000: [GC (Allocation Failure) 2020-10-29T14:48:54.428+0000: [ParNew: 16388K->4K(18432K), 0.0030345 secs] 367058K->350674K(631224K), 0.0031037 secs] [Times: user=0.01 sys=0.00, real=0.00 secs] 
2020-10-29T14:48:54.446+0000: [GC (Allocation Failure) 2020-10-29T14:48:54.446+0000: [ParNew: 16388K->4K(18432K), 0.0030301 secs] 367058K->350674K(631224K), 0.0031217 secs] [Times: user=0.00 sys=0.00, real=0.01 secs] 
2020-10-29T14:48:54.467+0000: [GC (Allocation Failure) 2020-10-29T14:48:54.467+0000: [ParNew: 16388K->4K(18432K), 0.0030369 secs] 367058K->350674K(631224K), 0.0031073 secs] [Times: user=0.01 sys=0.00, real=0.00 secs] 
2020-10-29T14:48:54.484+0000: [GC (Allocation Failure) 2020-10-29T14:48:54.484+0000: [ParNew: 16388K->4K(18432K), 0.0029514 secs] 367058K->350674K(631224K), 0.0030183 secs] [Times: user=0.01 sys=0.00, real=0.01 secs] 
2020-10-29T14:48:54.502+0000: [GC (Allocation Failure) 2020-10-29T14:48:54.502+0000: [ParNew: 16388K->4K(18432K), 0.0029665 secs] 367058K->350674K(631224K), 0.0030284 secs] [Times: user=0.00 sys=0.00, real=0.00 secs] 
2020-10-29T14:48:54.519+0000: [GC (Allocation Failure) 2020-10-29T14:48:54.519+0000: [ParNew: 16388K->4K(18432K), 0.0032218 secs] 367058K->350674K(631224K), 0.0033018 secs] [Times: user=0.01 sys=0.00, real=0.00 secs] 
2020-10-29T14:48:54.539+0000: [GC (Allocation Failure) 2020-10-29T14:48:54.539+0000: [ParNew: 16388K->4K(18432K), 0.0030797 secs] 367058K->350674K(631224K), 0.0031510 secs] [Times: user=0.01 sys=0.00, real=0.00 secs] 
2020-10-29T14:48:54.557+0000: [GC (Allocation Failure) 2020-10-29T14:48:54.557+0000: [ParNew: 16388K->4K(18432K), 0.0030716 secs] 367058K->350674K(631224K), 0.0031417 secs] [Times: user=0.01 sys=0.00, real=0.00 secs] 
2020-10-29T14:48:54.575+0000: [GC (Allocation Failure) 2020-10-29T14:48:54.575+0000: [ParNew: 16388K->4K(18432K), 0.0030418 secs] 367058K->350674K(631224K), 0.0031153 secs] [Times: user=0.01 sys=0.00, real=0.00 secs] 
2020-10-29T14:48:54.593+0000: [GC (Allocation Failure) 2020-10-29T14:48:54.593+0000: [ParNew: 16388K->4K(18432K), 0.0031003 secs] 367058K->350674K(631224K), 0.0031700 secs] [Times: user=0.01 sys=0.00, real=0.01 secs] 
2020-10-29T14:48:54.610+0000: [GC (Allocation Failure) 2020-10-29T14:48:54.610+0000: [ParNew: 16388K->4K(18432K), 0.0029679 secs] 367058K->350674K(631224K), 0.0030353 secs] [Times: user=0.01 sys=0.00, real=0.00 secs] 
2020-10-29T14:48:54.627+0000: [GC (Allocation Failure) 2020-10-29T14:48:54.627+0000: [ParNew: 16388K->4K(18432K), 0.0029797 secs] 367058K->350674K(631224K), 0.0030453 secs] [Times: user=0.01 sys=0.00, real=0.00 secs] 
2020-10-29T14:48:54.646+0000: [GC (Allocation Failure) 2020-10-29T14:48:54.646+0000: [ParNew: 16388K->4K(18432K), 0.0030132 secs] 367058K->350674K(631224K), 0.0031045 secs] [Times: user=0.00 sys=0.00, real=0.01 secs] 
2020-10-29T14:48:54.666+0000: [GC (Allocation Failure) 2020-10-29T14:48:54.666+0000: [ParNew: 16388K->4K(18432K), 0.0031278 secs] 367058K->350674K(631224K), 0.0031957 secs] [Times: user=0.01 sys=0.00, real=0.01 secs] 
2020-10-29T14:48:54.683+0000: [GC (Allocation Failure) 2020-10-29T14:48:54.683+0000: [ParNew: 16388K->4K(18432K), 0.0029448 secs] 367058K->350674K(631224K), 0.0030023 secs] [Times: user=0.00 sys=0.00, real=0.00 secs] 
2020-10-29T14:48:54.701+0000: [GC (Allocation Failure) 2020-10-29T14:48:54.701+0000: [ParNew: 16388K->4K(18432K), 0.0030316 secs] 367058K->350674K(631224K), 0.0030936 secs] [Times: user=0.01 sys=0.00, real=0.00 secs] 
2020-10-29T14:48:54.719+0000: [GC (Allocation Failure) 2020-10-29T14:48:54.719+0000: [ParNew: 16388K->4K(18432K), 0.0030285 secs] 367058K->350674K(631224K), 0.0030998 secs] [Times: user=0.00 sys=0.00, real=0.00 secs] 
2020-10-29T14:48:54.736+0000: [GC (Allocation Failure) 2020-10-29T14:48:54.736+0000: [ParNew: 16388K->4K(18432K), 0.0030195 secs] 367058K->350674K(631224K), 0.0030887 secs] [Times: user=0.00 sys=0.00, real=0.00 secs] 
2020-10-29T14:48:54.754+0000: [GC (Allocation Failure) 2020-10-29T14:48:54.754+0000: [ParNew: 16388K->4K(18432K), 0.0031187 secs] 367058K->350674K(631224K), 0.0031923 secs] [Times: user=0.01 sys=0.00, real=0.01 secs] 
2020-10-29T14:48:54.771+0000: [GC (Allocation Failure) 2020-10-29T14:48:54.772+0000: [ParNew: 16388K->4K(18432K), 0.0031687 secs] 367058K->350674K(631224K), 0.0032423 secs] [Times: user=0.01 sys=0.00, real=0.01 secs] 
2020-10-29T14:48:54.791+0000: [GC (Allocation Failure) 2020-10-29T14:48:54.791+0000: [ParNew: 16388K->4K(18432K), 0.0030389 secs] 367058K->350674K(631224K), 0.0031103 secs] [Times: user=0.00 sys=0.00, real=0.00 secs] 
2020-10-29T14:48:54.811+0000: [GC (Allocation Failure) 2020-10-29T14:48:54.811+0000: [ParNew: 16388K->4K(18432K), 0.0030574 secs] 367058K->350674K(631224K), 0.0031280 secs] [Times: user=0.01 sys=0.00, real=0.00 secs] 
2020-10-29T14:48:54.828+0000: [GC (Allocation Failure) 2020-10-29T14:48:54.828+0000: [ParNew: 16388K->4K(18432K), 0.0029828 secs] 367058K->350674K(631224K), 0.0030487 secs] [Times: user=0.00 sys=0.00, real=0.00 secs] 
2020-10-29T14:48:54.847+0000: [GC (Allocation Failure) 2020-10-29T14:48:54.847+0000: [ParNew: 16388K->4K(18432K), 0.0029287 secs] 367058K->350674K(631224K), 0.0029889 secs] [Times: user=0.00 sys=0.00, real=0.00 secs] 
2020-10-29T14:48:54.867+0000: [GC (Allocation Failure) 2020-10-29T14:48:54.867+0000: [ParNew: 16388K->4K(18432K), 0.0033267 secs] 367058K->350674K(631224K), 0.0034076 secs] [Times: user=0.01 sys=0.00, real=0.00 secs] 
2020-10-29T14:48:54.885+0000: [GC (Allocation Failure) 2020-10-29T14:48:54.885+0000: [ParNew: 16388K->4K(18432K), 0.0031250 secs] 367058K->350674K(631224K), 0.0032065 secs] [Times: user=0.01 sys=0.00, real=0.01 secs] 
2020-10-29T14:48:54.903+0000: [GC (Allocation Failure) 2020-10-29T14:48:54.903+0000: [ParNew: 16388K->4K(18432K), 0.0030921 secs] 367058K->350674K(631224K), 0.0031663 secs] [Times: user=0.00 sys=0.00, real=0.00 secs] 
2020-10-29T14:48:54.920+0000: [GC (Allocation Failure) 2020-10-29T14:48:54.921+0000: [ParNew: 16388K->4K(18432K), 0.0031458 secs] 367058K->350674K(631224K), 0.0032188 secs] [Times: user=0.01 sys=0.00, real=0.00 secs] 
2020-10-29T14:48:54.939+0000: [GC (Allocation Failure) 2020-10-29T14:48:54.939+0000: [ParNew: 16388K->4K(18432K), 0.0029543 secs] 367058K->350674K(631224K), 0.0030225 secs] [Times: user=0.01 sys=0.00, real=0.00 secs] 
2020-10-29T14:48:54.956+0000: [GC (Allocation Failure) 2020-10-29T14:48:54.956+0000: [ParNew: 16388K->4K(18432K), 0.0028776 secs] 367058K->350674K(631224K), 0.0029424 secs] [Times: user=0.00 sys=0.00, real=0.00 secs] 
2020-10-29T14:48:54.974+0000: [GC (Allocation Failure) 2020-10-29T14:48:54.974+0000: [ParNew: 16388K->4K(18432K), 0.0029895 secs] 367058K->350674K(631224K), 0.0030602 secs] [Times: user=0.01 sys=0.00, real=0.01 secs] 
2020-10-29T14:48:54.995+0000: [GC (Allocation Failure) 2020-10-29T14:48:54.995+0000: [ParNew: 16388K->4K(18432K), 0.0028304 secs] 367058K->350674K(631224K), 0.0028941 secs] [Times: user=0.01 sys=0.00, real=0.00 secs] 
2020-10-29T14:48:55.013+0000: [GC (Allocation Failure) 2020-10-29T14:48:55.013+0000: [ParNew: 16388K->4K(18432K), 0.0029930 secs] 367058K->350674K(631224K), 0.0030610 secs] [Times: user=0.01 sys=0.00, real=0.01 secs] 
2020-10-29T14:48:55.035+0000: [GC (Allocation Failure) 2020-10-29T14:48:55.035+0000: [ParNew: 16388K->4K(18432K), 0.0029802 secs] 367058K->350674K(631224K), 0.0030464 secs] [Times: user=0.01 sys=0.00, real=0.00 secs] 
2020-10-29T14:48:55.052+0000: [GC (Allocation Failure) 2020-10-29T14:48:55.052+0000: [ParNew: 16388K->4K(18432K), 0.0028838 secs] 367058K->350674K(631224K), 0.0029554 secs] [Times: user=0.01 sys=0.00, real=0.01 secs] 
2020-10-29T14:48:55.070+0000: [GC (Allocation Failure) 2020-10-29T14:48:55.070+0000: [ParNew: 16388K->4K(18432K), 0.0031546 secs] 367058K->350674K(631224K), 0.0032317 secs] [Times: user=0.00 sys=0.00, real=0.00 secs] 
2020-10-29T14:48:55.092+0000: [GC (Allocation Failure) 2020-10-29T14:48:55.092+0000: [ParNew: 16388K->4K(18432K), 0.0032379 secs] 367058K->350674K(631224K), 0.0033106 secs] [Times: user=0.01 sys=0.00, real=0.01 secs] 
2020-10-29T14:48:55.111+0000: [GC (Allocation Failure) 2020-10-29T14:48:55.111+0000: [ParNew: 16388K->4K(18432K), 0.0031510 secs] 367058K->350674K(631224K), 0.0032236 secs] [Times: user=0.01 sys=0.00, real=0.00 secs] 
2020-10-29T14:48:55.129+0000: [GC (Allocation Failure) 2020-10-29T14:48:55.129+0000: [ParNew: 16388K->4K(18432K), 0.0031173 secs] 367058K->350674K(631224K), 0.0031892 secs] [Times: user=0.01 sys=0.00, real=0.00 secs] 
2020-10-29T14:48:55.146+0000: [GC (Allocation Failure) 2020-10-29T14:48:55.147+0000: [ParNew: 16388K->4K(18432K), 0.0031093 secs] 367058K->350674K(631224K), 0.0031805 secs] [Times: user=0.00 sys=0.00, real=0.01 secs] 
2020-10-29T14:48:55.167+0000: [GC (Allocation Failure) 2020-10-29T14:48:55.167+0000: [ParNew: 16388K->4K(18432K), 0.0031120 secs] 367058K->350674K(631224K), 0.0031834 secs] [Times: user=0.00 sys=0.00, real=0.00 secs] 
2020-10-29T14:48:55.187+0000: [GC (Allocation Failure) 2020-10-29T14:48:55.187+0000: [ParNew: 16388K->4K(18432K), 0.0030262 secs] 367058K->350674K(631224K), 0.0030951 secs] [Times: user=0.01 sys=0.00, real=0.00 secs] 
2020-10-29T14:48:55.205+0000: [GC (Allocation Failure) 2020-10-29T14:48:55.205+0000: [ParNew: 16388K->4K(18432K), 0.0028808 secs] 367058K->350674K(631224K), 0.0029524 secs] [Times: user=0.00 sys=0.00, real=0.01 secs] 
2020-10-29T14:48:55.226+0000: [GC (Allocation Failure) 2020-10-29T14:48:55.226+0000: [ParNew: 16388K->4K(18432K), 0.0030578 secs] 367058K->350674K(631224K), 0.0031271 secs] [Times: user=0.01 sys=0.00, real=0.01 secs] 
2020-10-29T14:48:55.243+0000: [GC (Allocation Failure) 2020-10-29T14:48:55.244+0000: [ParNew: 16388K->4K(18432K), 0.0029635 secs] 367058K->350674K(631224K), 0.0030297 secs] [Times: user=0.00 sys=0.00, real=0.00 secs] 
2020-10-29T14:48:55.263+0000: [GC (Allocation Failure) 2020-10-29T14:48:55.263+0000: [ParNew: 16388K->4K(18432K), 0.0029388 secs] 367058K->350675K(631224K), 0.0030046 secs] [Times: user=0.01 sys=0.00, real=0.00 secs] 
2020-10-29T14:48:55.283+0000: [GC (Allocation Failure) 2020-10-29T14:48:55.283+0000: [ParNew: 16388K->4K(18432K), 0.0029979 secs] 367059K->350675K(631224K), 0.0030666 secs] [Times: user=0.00 sys=0.01, real=0.00 secs] 
2020-10-29T14:48:55.302+0000: [GC (Allocation Failure) 2020-10-29T14:48:55.302+0000: [ParNew: 16388K->4K(18432K), 0.0030139 secs] 367059K->350675K(631224K), 0.0030841 secs] [Times: user=0.00 sys=0.00, real=0.00 secs] 
2020-10-29T14:48:55.322+0000: [GC (Allocation Failure) 2020-10-29T14:48:55.322+0000: [ParNew: 16388K->4K(18432K), 0.0029945 secs] 367059K->350675K(631224K), 0.0030611 secs] [Times: user=0.01 sys=0.00, real=0.00 secs] 
2020-10-29T14:48:55.343+0000: [GC (Allocation Failure) 2020-10-29T14:48:55.343+0000: [ParNew: 16388K->4K(18432K), 0.0029240 secs] 367059K->350675K(631224K), 0.0029891 secs] [Times: user=0.00 sys=0.00, real=0.00 secs] 
2020-10-29T14:48:55.363+0000: [GC (Allocation Failure) 2020-10-29T14:48:55.363+0000: [ParNew: 16388K->4K(18432K), 0.0029908 secs] 367059K->350675K(631224K), 0.0030584 secs] [Times: user=0.01 sys=0.00, real=0.00 secs] 
2020-10-29T14:48:55.383+0000: [GC (Allocation Failure) 2020-10-29T14:48:55.383+0000: [ParNew: 16388K->4K(18432K), 0.0030470 secs] 367059K->350675K(631224K), 0.0031150 secs] [Times: user=0.01 sys=0.00, real=0.00 secs] 
2020-10-29T14:48:55.402+0000: [GC (Allocation Failure) 2020-10-29T14:48:55.402+0000: [ParNew: 16388K->4K(18432K), 0.0030611 secs] 367059K->350675K(631224K), 0.0031292 secs] [Times: user=0.00 sys=0.00, real=0.00 secs] 
2020-10-29T14:48:55.420+0000: [GC (Allocation Failure) 2020-10-29T14:48:55.420+0000: [ParNew: 16388K->4K(18432K), 0.0030146 secs] 367059K->350675K(631224K), 0.0030829 secs] [Times: user=0.01 sys=0.00, real=0.00 secs] 
2020-10-29T14:48:55.437+0000: [GC (Allocation Failure) 2020-10-29T14:48:55.437+0000: [ParNew: 16388K->4K(18432K), 0.0029594 secs] 367059K->350675K(631224K), 0.0030265 secs] [Times: user=0.01 sys=0.00, real=0.00 secs] 
2020-10-29T14:48:55.455+0000: [GC (Allocation Failure) 2020-10-29T14:48:55.455+0000: [ParNew: 16388K->4K(18432K), 0.0030668 secs] 367059K->350675K(631224K), 0.0031413 secs] [Times: user=0.01 sys=0.00, real=0.00 secs] 
2020-10-29T14:48:55.472+0000: [GC (Allocation Failure) 2020-10-29T14:48:55.472+0000: [ParNew: 16388K->4K(18432K), 0.0029756 secs] 367059K->350675K(631224K), 0.0030414 secs] [Times: user=0.00 sys=0.00, real=0.01 secs] 
2020-10-29T14:48:55.491+0000: [GC (Allocation Failure) 2020-10-29T14:48:55.491+0000: [ParNew: 16388K->4K(18432K), 0.0028671 secs] 367059K->350675K(631224K), 0.0029305 secs] [Times: user=0.00 sys=0.00, real=0.00 secs] 
2020-10-29T14:48:55.508+0000: [GC (Allocation Failure) 2020-10-29T14:48:55.508+0000: [ParNew: 16388K->4K(18432K), 0.0030018 secs] 367059K->350675K(631224K), 0.0030695 secs] [Times: user=0.00 sys=0.00, real=0.00 secs] 
2020-10-29T14:48:55.526+0000: [GC (Allocation Failure) 2020-10-29T14:48:55.526+0000: [ParNew: 16388K->4K(18432K), 0.0028929 secs] 367059K->350675K(631224K), 0.0029581 secs] [Times: user=0.01 sys=0.00, real=0.01 secs] 
2020-10-29T14:48:55.547+0000: [GC (Allocation Failure) 2020-10-29T14:48:55.547+0000: [ParNew: 16388K->4K(18432K), 0.0027466 secs] 367059K->350675K(631224K), 0.0028054 secs] [Times: user=0.00 sys=0.00, real=0.00 secs] 
2020-10-29T14:48:55.567+0000: [GC (Allocation Failure) 2020-10-29T14:48:55.567+0000: [ParNew: 16388K->4K(18432K), 0.0028844 secs] 367059K->350675K(631224K), 0.0029483 secs] [Times: user=0.00 sys=0.00, real=0.00 secs] 
2020-10-29T14:48:55.587+0000: [GC (Allocation Failure) 2020-10-29T14:48:55.587+0000: [ParNew: 16388K->4K(18432K), 0.0027695 secs] 367059K->350675K(631224K), 0.0028231 secs] [Times: user=0.00 sys=0.00, real=0.00 secs] 
2020-10-29T14:48:55.604+0000: [GC (Allocation Failure) 2020-10-29T14:48:55.604+0000: [ParNew: 16388K->4K(18432K), 0.0027708 secs] 367059K->350675K(631224K), 0.0028326 secs] [Times: user=0.00 sys=0.00, real=0.01 secs] 
2020-10-29T14:48:55.622+0000: [GC (Allocation Failure) 2020-10-29T14:48:55.622+0000: [ParNew: 16388K->4K(18432K), 0.0028156 secs] 367059K->350675K(631224K), 0.0028779 secs] [Times: user=0.00 sys=0.00, real=0.00 secs] 
2020-10-29T14:48:55.640+0000: [GC (Allocation Failure) 2020-10-29T14:48:55.640+0000: [ParNew: 16388K->4K(18432K), 0.0026843 secs] 367059K->350675K(631224K), 0.0027441 secs] [Times: user=0.00 sys=0.00, real=0.00 secs] 
2020-10-29T14:48:55.657+0000: [GC (Allocation Failure) 2020-10-29T14:48:55.657+0000: [ParNew: 16388K->4K(18432K), 0.0028873 secs] 367059K->350675K(631224K), 0.0029520 secs] [Times: user=0.01 sys=0.00, real=0.00 secs] 
2020-10-29T14:48:55.675+0000: [GC (Allocation Failure) 2020-10-29T14:48:55.675+0000: [ParNew: 16388K->4K(18432K), 0.0029758 secs] 367059K->350675K(631224K), 0.0030471 secs] [Times: user=0.00 sys=0.00, real=0.00 secs] 
2020-10-29T14:48:55.695+0000: [GC (Allocation Failure) 2020-10-29T14:48:55.695+0000: [ParNew: 16388K->4K(18432K), 0.0028510 secs] 367059K->350675K(631224K), 0.0029145 secs] [Times: user=0.01 sys=0.00, real=0.00 secs] 
2020-10-29T14:48:55.712+0000: [GC (Allocation Failure) 2020-10-29T14:48:55.712+0000: [ParNew: 16388K->4K(18432K), 0.0028619 secs] 367059K->350675K(631224K), 0.0029252 secs] [Times: user=0.01 sys=0.00, real=0.01 secs] 
2020-10-29T14:48:55.729+0000: [GC (Allocation Failure) 2020-10-29T14:48:55.729+0000: [ParNew: 16388K->4K(18432K), 0.0027302 secs] 367059K->350675K(631224K), 0.0027892 secs] [Times: user=0.00 sys=0.00, real=0.00 secs] 
2020-10-29T14:48:55.746+0000: [GC (Allocation Failure) 2020-10-29T14:48:55.746+0000: [ParNew: 16388K->4K(18432K), 0.0028863 secs] 367059K->350675K(631224K), 0.0029486 secs] [Times: user=0.01 sys=0.00, real=0.01 secs] 
2020-10-29T14:48:55.764+0000: [GC (Allocation Failure) 2020-10-29T14:48:55.764+0000: [ParNew: 16388K->4K(18432K), 0.0029467 secs] 367059K->350675K(631224K), 0.0030132 secs] [Times: user=0.00 sys=0.00, real=0.01 secs] 
2020-10-29T14:48:55.781+0000: [GC (Allocation Failure) 2020-10-29T14:48:55.781+0000: [ParNew: 16388K->4K(18432K), 0.0028252 secs] 367059K->350675K(631224K), 0.0028851 secs] [Times: user=0.00 sys=0.00, real=0.00 secs] 
2020-10-29T14:48:55.798+0000: [GC (Allocation Failure) 2020-10-29T14:48:55.798+0000: [ParNew: 16388K->4K(18432K), 0.0027470 secs] 367059K->350675K(631224K), 0.0028043 secs] [Times: user=0.00 sys=0.00, real=0.00 secs] 
2020-10-29T14:48:55.819+0000: [GC (Allocation Failure) 2020-10-29T14:48:55.819+0000: [ParNew: 16388K->4K(18432K), 0.0029831 secs] 367059K->350675K(631224K), 0.0030494 secs] [Times: user=0.01 sys=0.00, real=0.00 secs] 
2020-10-29T14:48:55.836+0000: [GC (Allocation Failure) 2020-10-29T14:48:55.836+0000: [ParNew: 16388K->4K(18432K), 0.0028117 secs] 367059K->350675K(631224K), 0.0028714 secs] [Times: user=0.00 sys=0.00, real=0.00 secs] 
2020-10-29T14:48:55.855+0000: [GC (Allocation Failure) 2020-10-29T14:48:55.855+0000: [ParNew: 16388K->4K(18432K), 0.0028762 secs] 367059K->350675K(631224K), 0.0029386 secs] [Times: user=0.00 sys=0.00, real=0.00 secs] 
2020-10-29T14:48:55.875+0000: [GC (Allocation Failure) 2020-10-29T14:48:55.875+0000: [ParNew: 16388K->4K(18432K), 0.0030016 secs] 367059K->350675K(631224K), 0.0030733 secs] [Times: user=0.01 sys=0.00, real=0.00 secs] 
2020-10-29T14:48:55.892+0000: [GC (Allocation Failure) 2020-10-29T14:48:55.892+0000: [ParNew: 16388K->4K(18432K), 0.0028004 secs] 367059K->350675K(631224K), 0.0028631 secs] [Times: user=0.01 sys=0.00, real=0.01 secs] 
2020-10-29T14:48:55.909+0000: [GC (Allocation Failure) 2020-10-29T14:48:55.909+0000: [ParNew: 16388K->4K(18432K), 0.0029436 secs] 367059K->350675K(631224K), 0.0030248 secs] [Times: user=0.01 sys=0.00, real=0.00 secs] 
2020-10-29T14:48:55.931+0000: [GC (Allocation Failure) 2020-10-29T14:48:55.931+0000: [ParNew: 16388K->4K(18432K), 0.0029317 secs] 367059K->350675K(631224K), 0.0030158 secs] [Times: user=0.01 sys=0.00, real=0.00 secs] 
2020-10-29T14:48:55.951+0000: [GC (Allocation Failure) 2020-10-29T14:48:55.951+0000: [ParNew: 16388K->4K(18432K), 0.0030346 secs] 367059K->350675K(631224K), 0.0031021 secs] [Times: user=0.00 sys=0.00, real=0.00 secs] 
2020-10-29T14:48:55.971+0000: [GC (Allocation Failure) 2020-10-29T14:48:55.971+0000: [ParNew: 16388K->4K(18432K), 0.0029949 secs] 367059K->350675K(631224K), 0.0030641 secs] [Times: user=0.00 sys=0.00, real=0.00 secs] 
2020-10-29T14:48:55.991+0000: [GC (Allocation Failure) 2020-10-29T14:48:55.991+0000: [ParNew: 16388K->4K(18432K), 0.0029591 secs] 367059K->350675K(631224K), 0.0030238 secs] [Times: user=0.01 sys=0.00, real=0.00 secs] 
2020-10-29T14:48:56.011+0000: [GC (Allocation Failure) 2020-10-29T14:48:56.011+0000: [ParNew: 16388K->4K(18432K), 0.0031886 secs] 367059K->350675K(631224K), 0.0032667 secs] [Times: user=0.00 sys=0.00, real=0.00 secs] 
2020-10-29T14:48:56.029+0000: [GC (Allocation Failure) 2020-10-29T14:48:56.029+0000: [ParNew: 16388K->4K(18432K), 0.0030088 secs] 367059K->350675K(631224K), 0.0030773 secs] [Times: user=0.01 sys=0.00, real=0.00 secs] 
2020-10-29T14:48:56.047+0000: [GC (Allocation Failure) 2020-10-29T14:48:56.047+0000: [ParNew: 16388K->4K(18432K), 0.0030068 secs] 367059K->350675K(631224K), 0.0030740 secs] [Times: user=0.01 sys=0.00, real=0.00 secs] 
2020-10-29T14:48:56.064+0000: [GC (Allocation Failure) 2020-10-29T14:48:56.064+0000: [ParNew: 16388K->4K(18432K), 0.0030192 secs] 367059K->350675K(631224K), 0.0030873 secs] [Times: user=0.01 sys=0.00, real=0.01 secs] 
2020-10-29T14:48:56.083+0000: [GC (Allocation Failure) 2020-10-29T14:48:56.083+0000: [ParNew: 16380K->4K(18432K), 0.0029940 secs] 367051K->350675K(631224K), 0.0030599 secs] [Times: user=0.00 sys=0.00, real=0.00 secs] 
2020-10-29T14:48:56.100+0000: [GC (Allocation Failure) 2020-10-29T14:48:56.100+0000: [ParNew: 16388K->4K(18432K), 0.0029397 secs] 367059K->350675K(631224K), 0.0030056 secs] [Times: user=0.01 sys=0.00, real=0.00 secs] 
2020-10-29T14:48:56.119+0000: [GC (Allocation Failure) 2020-10-29T14:48:56.119+0000: [ParNew: 16388K->4K(18432K), 0.0029582 secs] 367059K->350675K(631224K), 0.0030241 secs] [Times: user=0.01 sys=0.00, real=0.00 secs] 
2020-10-29T14:48:56.139+0000: [GC (Allocation Failure) 2020-10-29T14:48:56.139+0000: [ParNew: 16388K->4K(18432K), 0.0029873 secs] 367059K->350675K(631224K), 0.0030572 secs] [Times: user=0.01 sys=0.00, real=0.00 secs] 
2020-10-29T14:48:56.159+0000: [GC (Allocation Failure) 2020-10-29T14:48:56.159+0000: [ParNew: 16388K->4K(18432K), 0.0028516 secs] 367059K->350675K(631224K), 0.0029148 secs] [Times: user=0.00 sys=0.00, real=0.00 secs] 
2020-10-29T14:48:56.176+0000: [GC (Allocation Failure) 2020-10-29T14:48:56.177+0000: [ParNew: 16388K->4K(18432K), 0.0030119 secs] 367059K->350675K(631224K), 0.0030691 secs] [Times: user=0.01 sys=0.00, real=0.00 secs] 
2020-10-29T14:48:56.195+0000: [GC (Allocation Failure) 2020-10-29T14:48:56.195+0000: [ParNew: 16388K->4K(18432K), 0.0029853 secs] 367059K->350675K(631224K), 0.0030528 secs] [Times: user=0.01 sys=0.00, real=0.00 secs] 
2020-10-29T14:48:56.215+0000: [GC (Allocation Failure) 2020-10-29T14:48:56.215+0000: [ParNew: 16388K->4K(18432K), 0.0030226 secs] 367059K->350675K(631224K), 0.0030945 secs] [Times: user=0.01 sys=0.00, real=0.00 secs] 
2020-10-29T14:48:56.232+0000: [GC (Allocation Failure) 2020-10-29T14:48:56.232+0000: [ParNew: 16388K->4K(18432K), 0.0029912 secs] 367059K->350675K(631224K), 0.0030574 secs] [Times: user=0.00 sys=0.00, real=0.01 secs] 
2020-10-29T14:48:56.250+0000: [GC (Allocation Failure) 2020-10-29T14:48:56.250+0000: [ParNew: 16388K->4K(18432K), 0.0030237 secs] 367059K->350675K(631224K), 0.0031094 secs] [Times: user=0.01 sys=0.00, real=0.00 secs] 
2020-10-29T14:48:56.271+0000: [GC (Allocation Failure) 2020-10-29T14:48:56.271+0000: [ParNew: 16388K->4K(18432K), 0.0030180 secs] 367059K->350675K(631224K), 0.0030896 secs] [Times: user=0.00 sys=0.00, real=0.00 secs] 
2020-10-29T14:48:56.291+0000: [GC (Allocation Failure) 2020-10-29T14:48:56.291+0000: [ParNew: 16388K->4K(18432K), 0.0030227 secs] 367059K->350675K(631224K), 0.0030920 secs] [Times: user=0.01 sys=0.00, real=0.00 secs] 
2020-10-29T14:48:56.311+0000: [GC (Allocation Failure) 2020-10-29T14:48:56.311+0000: [ParNew: 16388K->4K(18432K), 0.0030087 secs] 367059K->350675K(631224K), 0.0030792 secs] [Times: user=0.00 sys=0.00, real=0.00 secs] 
2020-10-29T14:48:56.328+0000: [GC (Allocation Failure) 2020-10-29T14:48:56.328+0000: [ParNew: 16388K->4K(18432K), 0.0029096 secs] 367059K->350675K(631224K), 0.0029738 secs] [Times: user=0.01 sys=0.00, real=0.00 secs] 
2020-10-29T14:48:56.347+0000: [GC (Allocation Failure) 2020-10-29T14:48:56.347+0000: [ParNew: 16388K->4K(18432K), 0.0029906 secs] 367059K->350675K(631224K), 0.0030568 secs] [Times: user=0.01 sys=0.00, real=0.00 secs] 
2020-10-29T14:48:56.364+0000: [GC (Allocation Failure) 2020-10-29T14:48:56.364+0000: [ParNew: 16388K->4K(18432K), 0.0030215 secs] 367059K->350675K(631224K), 0.0030904 secs] [Times: user=0.00 sys=0.00, real=0.01 secs] 
2020-10-29T14:48:56.383+0000: [GC (Allocation Failure) 2020-10-29T14:48:56.383+0000: [ParNew: 16388K->4K(18432K), 0.0030635 secs] 367059K->350675K(631224K), 0.0031343 secs] [Times: user=0.01 sys=0.00, real=0.00 secs] 
2020-10-29T14:48:56.403+0000: [GC (Allocation Failure) 2020-10-29T14:48:56.403+0000: [ParNew: 16388K->4K(18432K), 0.0031155 secs] 367059K->350675K(631224K), 0.0031861 secs] [Times: user=0.01 sys=0.00, real=0.00 secs] 
2020-10-29T14:48:56.423+0000: [GC (Allocation Failure) 2020-10-29T14:48:56.423+0000: [ParNew: 16388K->4K(18432K), 0.0030265 secs] 367059K->350675K(631224K), 0.0030947 secs] [Times: user=0.01 sys=0.00, real=0.00 secs] 
2020-10-29T14:48:56.440+0000: [GC (Allocation Failure) 2020-10-29T14:48:56.440+0000: [ParNew: 16388K->4K(18432K), 0.0029669 secs] 367059K->350675K(631224K), 0.0030313 secs] [Times: user=0.01 sys=0.00, real=0.00 secs] 
2020-10-29T14:48:56.458+0000: [GC (Allocation Failure) 2020-10-29T14:48:56.458+0000: [ParNew: 16388K->4K(18432K), 0.0030371 secs] 367059K->350675K(631224K), 0.0031088 secs] [Times: user=0.01 sys=0.00, real=0.00 secs] 
2020-10-29T14:48:56.475+0000: [GC (Allocation Failure) 2020-10-29T14:48:56.475+0000: [ParNew: 16388K->4K(18432K), 0.0031220 secs] 367059K->350675K(631224K), 0.0031948 secs] [Times: user=0.00 sys=0.00, real=0.00 secs] 
2020-10-29T14:48:56.493+0000: [GC (Allocation Failure) 2020-10-29T14:48:56.493+0000: [ParNew: 16388K->4K(18432K), 0.0030520 secs] 367059K->350675K(631224K), 0.0031219 secs] [Times: user=0.01 sys=0.00, real=0.01 secs] 
2020-10-29T14:48:56.510+0000: [GC (Allocation Failure) 2020-10-29T14:48:56.510+0000: [ParNew: 16388K->4K(18432K), 0.0030006 secs] 367059K->350675K(631224K), 0.0030700 secs] [Times: user=0.00 sys=0.00, real=0.00 secs] 
2020-10-29T14:48:56.528+0000: [GC (Allocation Failure) 2020-10-29T14:48:56.528+0000: [ParNew: 16388K->4K(18432K), 0.0029504 secs] 367059K->350675K(631224K), 0.0030167 secs] [Times: user=0.01 sys=0.00, real=0.00 secs] 
2020-10-29T14:48:56.547+0000: [GC (Allocation Failure) 2020-10-29T14:48:56.547+0000: [ParNew: 16388K->4K(18432K), 0.0028740 secs] 367059K->350675K(631224K), 0.0029302 secs] [Times: user=0.01 sys=0.00, real=0.00 secs] 
2020-10-29T14:48:56.564+0000: [GC (Allocation Failure) 2020-10-29T14:48:56.564+0000: [ParNew: 16388K->4K(18432K), 0.0029348 secs] 367059K->350675K(631224K), 0.0029985 secs] [Times: user=0.00 sys=0.00, real=0.01 secs] 
2020-10-29T14:48:56.581+0000: [GC (Allocation Failure) 2020-10-29T14:48:56.581+0000: [ParNew: 16388K->4K(18432K), 0.0031206 secs] 367059K->350675K(631224K), 0.0031842 secs] [Times: user=0.01 sys=0.00, real=0.00 secs] 
2020-10-29T14:48:56.599+0000: [GC (Allocation Failure) 2020-10-29T14:48:56.599+0000: [ParNew: 16388K->4K(18432K), 0.0029740 secs] 367059K->350675K(631224K), 0.0030442 secs] [Times: user=0.00 sys=0.00, real=0.00 secs] 
2020-10-29T14:48:56.616+0000: [GC (Allocation Failure) 2020-10-29T14:48:56.617+0000: [ParNew: 16388K->4K(18432K), 0.0028649 secs] 367059K->350675K(631224K), 0.0029296 secs] [Times: user=0.01 sys=0.00, real=0.00 secs] 
2020-10-29T14:48:56.635+0000: [GC (Allocation Failure) 2020-10-29T14:48:56.635+0000: [ParNew: 16388K->4K(18432K), 0.0027877 secs] 367059K->350675K(631224K), 0.0028485 secs] [Times: user=0.00 sys=0.00, real=0.00 secs] 
2020-10-29T14:48:56.656+0000: [GC (Allocation Failure) 2020-10-29T14:48:56.656+0000: [ParNew: 16388K->4K(18432K), 0.0041699 secs] 367059K->350675K(631224K), 0.0042621 secs] [Times: user=0.01 sys=0.00, real=0.00 secs] 
2020-10-29T14:48:56.678+0000: [GC (Allocation Failure) 2020-10-29T14:48:56.679+0000: [ParNew: 16388K->4K(18432K), 0.0030389 secs] 367059K->350675K(631224K), 0.0031138 secs] [Times: user=0.01 sys=0.00, real=0.00 secs] 
2020-10-29T14:48:56.699+0000: [GC (Allocation Failure) 2020-10-29T14:48:56.699+0000: [ParNew: 16388K->4K(18432K), 0.0030221 secs] 367059K->350675K(631224K), 0.0030924 secs] [Times: user=0.01 sys=0.00, real=0.00 secs] 
2020-10-29T14:48:56.716+0000: [GC (Allocation Failure) 2020-10-29T14:48:56.716+0000: [ParNew: 16388K->4K(18432K), 0.0028296 secs] 367059K->350675K(631224K), 0.0028927 secs] [Times: user=0.00 sys=0.00, real=0.00 secs] 
2020-10-29T14:48:56.733+0000: [GC (Allocation Failure) 2020-10-29T14:48:56.733+0000: [ParNew: 16388K->4K(18432K), 0.0027350 secs] 367059K->350675K(631224K), 0.0027942 secs] [Times: user=0.00 sys=0.00, real=0.01 secs] 
2020-10-29T14:48:56.755+0000: [GC (Allocation Failure) 2020-10-29T14:48:56.755+0000: [ParNew: 16388K->4K(18432K), 0.0030967 secs] 367059K->350675K(631224K), 0.0031772 secs] [Times: user=0.01 sys=0.00, real=0.01 secs] 
2020-10-29T14:48:56.772+0000: [GC (Allocation Failure) 2020-10-29T14:48:56.772+0000: [ParNew: 16388K->4K(18432K), 0.0030604 secs] 367059K->350675K(631224K), 0.0031298 secs] [Times: user=0.00 sys=0.00, real=0.01 secs] 
2020-10-29T14:48:56.791+0000: [GC (Allocation Failure) 2020-10-29T14:48:56.791+0000: [ParNew: 16388K->4K(18432K), 0.0030042 secs] 367059K->350675K(631224K), 0.0030739 secs] [Times: user=0.01 sys=0.00, real=0.00 secs] 
2020-10-29T14:48:56.811+0000: [GC (Allocation Failure) 2020-10-29T14:48:56.811+0000: [ParNew: 16388K->4K(18432K), 0.0029887 secs] 367059K->350675K(631224K), 0.0030577 secs] [Times: user=0.00 sys=0.00, real=0.00 secs] 
2020-10-29T14:48:56.828+0000: [GC (Allocation Failure) 2020-10-29T14:48:56.828+0000: [ParNew: 16388K->4K(18432K), 0.0028625 secs] 367059K->350675K(631224K), 0.0029259 secs] [Times: user=0.01 sys=0.00, real=0.00 secs] 
2020-10-29T14:48:56.847+0000: [GC (Allocation Failure) 2020-10-29T14:48:56.847+0000: [ParNew: 16388K->4K(18432K), 0.0028243 secs] 367059K->350675K(631224K), 0.0028864 secs] [Times: user=0.00 sys=0.00, real=0.00 secs] 
2020-10-29T14:48:56.864+0000: [GC (Allocation Failure) 2020-10-29T14:48:56.864+0000: [ParNew: 16388K->4K(18432K), 0.0030889 secs] 367059K->350675K(631224K), 0.0031603 secs] [Times: user=0.01 sys=0.00, real=0.01 secs] 
2020-10-29T14:48:56.883+0000: [GC (Allocation Failure) 2020-10-29T14:48:56.883+0000: [ParNew: 16388K->4K(18432K), 0.0030304 secs] 367059K->350675K(631224K), 0.0031018 secs] [Times: user=0.00 sys=0.00, real=0.00 secs] 
2020-10-29T14:48:56.903+0000: [GC (Allocation Failure) 2020-10-29T14:48:56.903+0000: [ParNew: 16388K->4K(18432K), 0.0030905 secs] 367059K->350675K(631224K), 0.0031619 secs] [Times: user=0.00 sys=0.00, real=0.00 secs] 
2020-10-29T14:48:56.921+0000: [GC (Allocation Failure) 2020-10-29T14:48:56.921+0000: [ParNew: 16388K->4K(18432K), 0.0031384 secs] 367059K->350675K(631224K), 0.0032247 secs] [Times: user=0.01 sys=0.00, real=0.00 secs] 
2020-10-29T14:48:56.938+0000: [GC (Allocation Failure) 2020-10-29T14:48:56.938+0000: [ParNew: 16388K->4K(18432K), 0.0031778 secs] 367059K->350675K(631224K), 0.0032487 secs] [Times: user=0.01 sys=0.00, real=0.00 secs] 
2020-10-29T14:48:56.956+0000: [GC (Allocation Failure) 2020-10-29T14:48:56.956+0000: [ParNew: 16388K->4K(18432K), 0.0032240 secs] 367059K->350675K(631224K), 0.0033060 secs] [Times: user=0.00 sys=0.00, real=0.00 secs] 
2020-10-29T14:48:56.974+0000: [GC (Allocation Failure) 2020-10-29T14:48:56.974+0000: [ParNew: 16388K->4K(18432K), 0.0030548 secs] 367059K->350675K(631224K), 0.0031265 secs] [Times: user=0.01 sys=0.00, real=0.01 secs] 
2020-10-29T14:48:56.995+0000: [GC (Allocation Failure) 2020-10-29T14:48:56.995+0000: [ParNew: 16388K->4K(18432K), 0.0030751 secs] 367059K->350675K(631224K), 0.0031450 secs] [Times: user=0.00 sys=0.00, real=0.00 secs] 
2020-10-29T14:48:57.014+0000: [GC (Allocation Failure) 2020-10-29T14:48:57.015+0000: [ParNew: 16388K->4K(18432K), 0.0030227 secs] 367059K->350675K(631224K), 0.0030918 secs] [Times: user=0.00 sys=0.01, real=0.01 secs] 
2020-10-29T14:48:57.032+0000: [GC (Allocation Failure) 2020-10-29T14:48:57.032+0000: [ParNew: 16388K->4K(18432K), 0.0030189 secs] 367059K->350675K(631224K), 0.0030884 secs] [Times: user=0.01 sys=0.00, real=0.01 secs] 
2020-10-29T14:48:57.051+0000: [GC (Allocation Failure) 2020-10-29T14:48:57.051+0000: [ParNew: 16388K->4K(18432K), 0.0029436 secs] 367059K->350675K(631224K), 0.0030084 secs] [Times: user=0.01 sys=0.00, real=0.00 secs] 
2020-10-29T14:48:57.071+0000: [GC (Allocation Failure) 2020-10-29T14:48:57.071+0000: [ParNew: 16388K->4K(18432K), 0.0030028 secs] 367059K->350675K(631224K), 0.0030735 secs] [Times: user=0.00 sys=0.00, real=0.00 secs] 
2020-10-29T14:48:57.088+0000: [GC (Allocation Failure) 2020-10-29T14:48:57.088+0000: [ParNew: 16388K->4K(18432K), 0.0029320 secs] 367059K->350675K(631224K), 0.0029961 secs] [Times: user=0.01 sys=0.00, real=0.00 secs] 
2020-10-29T14:48:57.107+0000: [GC (Allocation Failure) 2020-10-29T14:48:57.107+0000: [ParNew: 16388K->4K(18432K), 0.0031015 secs] 367059K->350675K(631224K), 0.0031713 secs] [Times: user=0.00 sys=0.00, real=0.00 secs] 
2020-10-29T14:48:57.125+0000: [GC (Allocation Failure) 2020-10-29T14:48:57.125+0000: [ParNew: 16388K->4K(18432K), 0.0030419 secs] 367059K->350675K(631224K), 0.0031144 secs] [Times: user=0.01 sys=0.00, real=0.01 secs] 
2020-10-29T14:48:57.142+0000: [GC (Allocation Failure) 2020-10-29T14:48:57.142+0000: [ParNew: 16388K->4K(18432K), 0.0030251 secs] 367059K->350675K(631224K), 0.0030951 secs] [Times: user=0.00 sys=0.00, real=0.00 secs] 
2020-10-29T14:48:57.163+0000: [GC (Allocation Failure) 2020-10-29T14:48:57.163+0000: [ParNew: 16388K->4K(18432K), 0.0030215 secs] 367059K->350675K(631224K), 0.0030916 secs] [Times: user=0.00 sys=0.00, real=0.00 secs] 
2020-10-29T14:48:57.180+0000: [GC (Allocation Failure) 2020-10-29T14:48:57.180+0000: [ParNew: 16388K->4K(18432K), 0.0031126 secs] 367059K->350675K(631224K), 0.0031833 secs] [Times: user=0.01 sys=0.00, real=0.00 secs] 
2020-10-29T14:48:57.198+0000: [GC (Allocation Failure) 2020-10-29T14:48:57.198+0000: [ParNew: 16388K->4K(18432K), 0.0030517 secs] 367059K->350675K(631224K), 0.0031258 secs] [Times: user=0.01 sys=0.00, real=0.00 secs] 
2020-10-29T14:48:57.215+0000: [GC (Allocation Failure) 2020-10-29T14:48:57.215+0000: [ParNew: 16388K->4K(18432K), 0.0029903 secs] 367059K->350675K(631224K), 0.0030601 secs] [Times: user=0.01 sys=0.00, real=0.00 secs] 
2020-10-29T14:48:57.233+0000: [GC (Allocation Failure) 2020-10-29T14:48:57.233+0000: [ParNew: 16388K->4K(18432K), 0.0030880 secs] 367059K->350675K(631224K), 0.0031578 secs] [Times: user=0.01 sys=0.00, real=0.01 secs] 
2020-10-29T14:48:57.250+0000: [GC (Allocation Failure) 2020-10-29T14:48:57.250+0000: [ParNew: 16388K->4K(18432K), 0.0030127 secs] 367059K->350675K(631224K), 0.0030834 secs] [Times: user=0.00 sys=0.00, real=0.00 secs] 
2020-10-29T14:48:57.268+0000: [GC (Allocation Failure) 2020-10-29T14:48:57.268+0000: [ParNew: 16388K->4K(18432K), 0.0030136 secs] 367059K->350675K(631224K), 0.0030832 secs] [Times: user=0.00 sys=0.00, real=0.00 secs] 
2020-10-29T14:48:57.287+0000: [GC (Allocation Failure) 2020-10-29T14:48:57.287+0000: [ParNew: 16388K->4K(18432K), 0.0029860 secs] 367059K->350675K(631224K), 0.0030526 secs] [Times: user=0.01 sys=0.00, real=0.00 secs] 
2020-10-29T14:48:57.304+0000: [GC (Allocation Failure) 2020-10-29T14:48:57.304+0000: [ParNew: 16388K->4K(18432K), 0.0030431 secs] 367059K->350675K(631224K), 0.0031131 secs] [Times: user=0.01 sys=0.00, real=0.01 secs] 
2020-10-29T14:48:57.322+0000: [GC (Allocation Failure) 2020-10-29T14:48:57.322+0000: [ParNew: 16388K->4K(18432K), 0.0033914 secs] 367059K->350675K(631224K), 0.0034617 secs] [Times: user=0.01 sys=0.00, real=0.00 secs] 
2020-10-29T14:48:57.340+0000: [GC (Allocation Failure) 2020-10-29T14:48:57.340+0000: [ParNew: 16388K->4K(18432K), 0.0030216 secs] 367059K->350675K(631224K), 0.0030896 secs] [Times: user=0.00 sys=0.00, real=0.00 secs] 
2020-10-29T14:48:57.359+0000: [GC (Allocation Failure) 2020-10-29T14:48:57.359+0000: [ParNew: 16388K->4K(18432K), 0.0031026 secs] 367059K->350675K(631224K), 0.0031840 secs] [Times: user=0.00 sys=0.00, real=0.00 secs] 
2020-10-29T14:48:57.376+0000: [GC (Allocation Failure) 2020-10-29T14:48:57.376+0000: [ParNew: 16388K->4K(18432K), 0.0030743 secs] 367059K->350675K(631224K), 0.0031478 secs] [Times: user=0.01 sys=0.00, real=0.00 secs] 
2020-10-29T14:48:57.394+0000: [GC (Allocation Failure) 2020-10-29T14:48:57.394+0000: [ParNew: 16388K->4K(18432K), 0.0030199 secs] 367059K->350675K(631224K), 0.0030909 secs] [Times: user=0.00 sys=0.00, real=0.01 secs] 
2020-10-29T14:48:57.412+0000: [GC (Allocation Failure) 2020-10-29T14:48:57.412+0000: [ParNew: 16388K->4K(18432K), 0.0031216 secs] 367059K->350675K(631224K), 0.0031940 secs] [Times: user=0.01 sys=0.00, real=0.01 secs] 
2020-10-29T14:48:57.431+0000: [GC (Allocation Failure) 2020-10-29T14:48:57.431+0000: [ParNew: 16388K->4K(18432K), 0.0030036 secs] 367059K->350675K(631224K), 0.0030738 secs] [Times: user=0.00 sys=0.00, real=0.00 secs] 
2020-10-29T14:48:57.448+0000: [GC (Allocation Failure) 2020-10-29T14:48:57.448+0000: [ParNew: 16388K->4K(18432K), 0.0030305 secs] 367059K->350675K(631224K), 0.0031016 secs] [Times: user=0.01 sys=0.00, real=0.00 secs] 
2020-10-29T14:48:57.467+0000: [GC (Allocation Failure) 2020-10-29T14:48:57.467+0000: [ParNew: 16388K->4K(18432K), 0.0030116 secs] 367059K->350675K(631224K), 0.0030835 secs] [Times: user=0.01 sys=0.00, real=0.00 secs] 
2020-10-29T14:48:57.484+0000: [GC (Allocation Failure) 2020-10-29T14:48:57.485+0000: [ParNew: 16388K->4K(18432K), 0.0030634 secs] 367059K->350675K(631224K), 0.0031339 secs] [Times: user=0.01 sys=0.00, real=0.01 secs] 
2020-10-29T14:48:57.502+0000: [GC (Allocation Failure) 2020-10-29T14:48:57.502+0000: [ParNew: 16388K->4K(18432K), 0.0030159 secs] 367059K->350675K(631224K), 0.0030848 secs] [Times: user=0.01 sys=0.00, real=0.00 secs] 
2020-10-29T14:48:57.520+0000: [GC (Allocation Failure) 2020-10-29T14:48:57.520+0000: [ParNew: 16388K->4K(18432K), 0.0030020 secs] 367059K->350675K(631224K), 0.0030697 secs] [Times: user=0.01 sys=0.00, real=0.00 secs] 
2020-10-29T14:48:57.539+0000: [GC (Allocation Failure) 2020-10-29T14:48:57.539+0000: [ParNew: 16388K->4K(18432K), 0.0029326 secs] 367059K->350675K(631224K), 0.0030000 secs] [Times: user=0.00 sys=0.00, real=0.00 secs] 
2020-10-29T14:48:57.558+0000: [GC (Allocation Failure) 2020-10-29T14:48:57.558+0000: [ParNew: 16388K->4K(18432K), 0.0030726 secs] 367059K->350675K(631224K), 0.0031474 secs] [Times: user=0.01 sys=0.00, real=0.00 secs] 
2020-10-29T14:48:57.579+0000: [GC (Allocation Failure) 2020-10-29T14:48:57.579+0000: [ParNew: 16388K->4K(18432K), 0.0029727 secs] 367059K->350675K(631224K), 0.0030381 secs] [Times: user=0.00 sys=0.00, real=0.00 secs] 
2020-10-29T14:48:57.597+0000: [GC (Allocation Failure) 2020-10-29T14:48:57.597+0000: [ParNew: 16388K->4K(18432K), 0.0029542 secs] 367059K->350675K(631224K), 0.0030186 secs] [Times: user=0.01 sys=0.00, real=0.00 secs] 
2020-10-29T14:48:57.615+0000: [GC (Allocation Failure) 2020-10-29T14:48:57.615+0000: [ParNew: 16388K->4K(18432K), 0.0029499 secs] 367059K->350675K(631224K), 0.0030268 secs] [Times: user=0.00 sys=0.00, real=0.00 secs] 
2020-10-29T14:48:57.632+0000: [GC (Allocation Failure) 2020-10-29T14:48:57.632+0000: [ParNew: 16388K->4K(18432K), 0.0030612 secs] 367059K->350675K(631224K), 0.0031296 secs] [Times: user=0.01 sys=0.00, real=0.01 secs] 
2020-10-29T14:48:57.650+0000: [GC (Allocation Failure) 2020-10-29T14:48:57.650+0000: [ParNew: 16388K->4K(18432K), 0.0030284 secs] 367059K->350675K(631224K), 0.0031108 secs] [Times: user=0.01 sys=0.00, real=0.00 secs] 
2020-10-29T14:48:57.671+0000: [GC (Allocation Failure) 2020-10-29T14:48:57.671+0000: [ParNew: 16388K->4K(18432K), 0.0030116 secs] 367059K->350675K(631224K), 0.0030825 secs] [Times: user=0.01 sys=0.00, real=0.00 secs] 
2020-10-29T14:48:57.691+0000: [GC (Allocation Failure) 2020-10-29T14:48:57.691+0000: [ParNew: 16388K->4K(18432K), 0.0030223 secs] 367059K->350675K(631224K), 0.0030916 secs] [Times: user=0.01 sys=0.00, real=0.00 secs] 
2020-10-29T14:48:57.711+0000: [GC (Allocation Failure) 2020-10-29T14:48:57.711+0000: [ParNew: 16388K->4K(18432K), 0.0030231 secs] 367059K->350675K(631224K), 0.0030920 secs] [Times: user=0.01 sys=0.00, real=0.00 secs] 
2020-10-29T14:48:57.731+0000: [GC (Allocation Failure) 2020-10-29T14:48:57.731+0000: [ParNew: 16388K->4K(18432K), 0.0028987 secs] 367059K->350675K(631224K), 0.0029616 secs] [Times: user=0.01 sys=0.00, real=0.00 secs] 
2020-10-29T14:48:57.748+0000: [GC (Allocation Failure) 2020-10-29T14:48:57.748+0000: [ParNew: 16388K->4K(18432K), 0.0028497 secs] 367059K->350675K(631224K), 0.0029077 secs] [Times: user=0.00 sys=0.00, real=0.00 secs] 
2020-10-29T14:48:57.765+0000: [GC (Allocation Failure) 2020-10-29T14:48:57.765+0000: [ParNew: 16388K->4K(18432K), 0.0029779 secs] 367059K->350675K(631224K), 0.0030511 secs] [Times: user=0.01 sys=0.00, real=0.01 secs] 
2020-10-29T14:48:57.787+0000: [GC (Allocation Failure) 2020-10-29T14:48:57.787+0000: [ParNew: 16388K->4K(18432K), 0.0030017 secs] 367059K->350675K(631224K), 0.0030828 secs] [Times: user=0.01 sys=0.00, real=0.01 secs] 
2020-10-29T14:48:57.804+0000: [GC (Allocation Failure) 2020-10-29T14:48:57.804+0000: [ParNew: 16388K->4K(18432K), 0.0030207 secs] 367059K->350675K(631224K), 0.0030907 secs] [Times: user=0.01 sys=0.00, real=0.01 secs] 
2020-10-29T14:48:57.823+0000: [GC (Allocation Failure) 2020-10-29T14:48:57.823+0000: [ParNew: 16388K->4K(18432K), 0.0029619 secs] 367059K->350675K(631224K), 0.0030284 secs] [Times: user=0.00 sys=0.00, real=0.00 secs] 
2020-10-29T14:48:57.843+0000: [GC (Allocation Failure) 2020-10-29T14:48:57.843+0000: [ParNew: 16388K->4K(18432K), 0.0028911 secs] 367059K->350675K(631224K), 0.0029547 secs] [Times: user=0.01 sys=0.00, real=0.00 secs] 
2020-10-29T14:48:57.860+0000: [GC (Allocation Failure) 2020-10-29T14:48:57.860+0000: [ParNew: 16388K->4K(18432K), 0.0029318 secs] 367059K->350675K(631224K), 0.0029976 secs] [Times: user=0.00 sys=0.00, real=0.00 secs] 
2020-10-29T14:48:57.879+0000: [GC (Allocation Failure) 2020-10-29T14:48:57.879+0000: [ParNew: 16388K->4K(18432K), 0.0028994 secs] 367059K->350675K(631224K), 0.0029649 secs] [Times: user=0.01 sys=0.00, real=0.00 secs] 
2020-10-29T14:48:57.899+0000: [GC (Allocation Failure) 2020-10-29T14:48:57.899+0000: [ParNew: 16388K->4K(18432K), 0.0025608 secs] 367059K->350675K(631224K), 0.0026158 secs] [Times: user=0.00 sys=0.00, real=0.00 secs] 
2020-10-29T14:48:57.916+0000: [GC (Allocation Failure) 2020-10-29T14:48:57.916+0000: [ParNew: 16388K->4K(18432K), 0.0025309 secs] 367059K->350675K(631224K), 0.0025845 secs] [Times: user=0.00 sys=0.00, real=0.00 secs] 
2020-10-29T14:48:57.935+0000: [GC (Allocation Failure) 2020-10-29T14:48:57.935+0000: [ParNew: 16388K->4K(18432K), 0.0026120 secs] 367059K->350675K(631224K), 0.0026706 secs] [Times: user=0.01 sys=0.00, real=0.00 secs] 
2020-10-29T14:48:57.952+0000: [GC (Allocation Failure) 2020-10-29T14:48:57.952+0000: [ParNew: 16388K->4K(18432K), 0.0029844 secs] 367059K->350675K(631224K), 0.0030502 secs] [Times: user=0.00 sys=0.00, real=0.01 secs] 
2020-10-29T14:48:57.969+0000: [GC (Allocation Failure) 2020-10-29T14:48:57.969+0000: [ParNew: 16388K->4K(18432K), 0.0030878 secs] 367059K->350675K(631224K), 0.0031584 secs] [Times: user=0.00 sys=0.00, real=0.00 secs] 
2020-10-29T14:48:57.987+0000: [GC (Allocation Failure) 2020-10-29T14:48:57.987+0000: [ParNew: 16388K->4K(18432K), 0.0029955 secs] 367059K->350675K(631224K), 0.0030655 secs] [Times: user=0.01 sys=0.00, real=0.00 secs] 
2020-10-29T14:48:58.007+0000: [GC (Allocation Failure) 2020-10-29T14:48:58.007+0000: [ParNew: 16388K->4K(18432K), 0.0030396 secs] 367059K->350675K(631224K), 0.0031099 secs] [Times: user=0.01 sys=0.00, real=0.00 secs] 
2020-10-29T14:48:58.025+0000: [GC (Allocation Failure) 2020-10-29T14:48:58.025+0000: [ParNew: 16388K->4K(18432K), 0.0031819 secs] 367059K->350675K(631224K), 0.0032521 secs] [Times: user=0.01 sys=0.00, real=0.01 secs] 
2020-10-29T14:48:58.046+0000: [GC (Allocation Failure) 2020-10-29T14:48:58.046+0000: [ParNew: 16388K->4K(18432K), 0.0030189 secs] 367059K->350675K(631224K), 0.0030869 secs] [Times: user=0.01 sys=0.00, real=0.01 secs] 
2020-10-29T14:48:58.067+0000: [GC (Allocation Failure) 2020-10-29T14:48:58.067+0000: [ParNew: 16388K->4K(18432K), 0.0031025 secs] 367059K->350675K(631224K), 0.0031712 secs] [Times: user=0.01 sys=0.00, real=0.00 secs] 
2020-10-29T14:48:58.085+0000: [GC (Allocation Failure) 2020-10-29T14:48:58.085+0000: [ParNew: 16388K->4K(18432K), 0.0030317 secs] 367059K->350675K(631224K), 0.0031020 secs] [Times: user=0.01 sys=0.00, real=0.01 secs] 
2020-10-29T14:48:58.103+0000: [GC (Allocation Failure) 2020-10-29T14:48:58.103+0000: [ParNew: 16388K->4K(18432K), 0.0028400 secs] 367059K->350675K(631224K), 0.0029018 secs] [Times: user=0.00 sys=0.00, real=0.00 secs] 
2020-10-29T14:48:58.120+0000: [GC (Allocation Failure) 2020-10-29T14:48:58.120+0000: [ParNew: 16388K->4K(18432K), 0.0027902 secs] 367059K->350675K(631224K), 0.0028513 secs] [Times: user=0.00 sys=0.00, real=0.00 secs] 
2020-10-29T14:48:58.139+0000: [GC (Allocation Failure) 2020-10-29T14:48:58.139+0000: [ParNew: 16388K->4K(18432K), 0.0029670 secs] 367059K->350675K(631224K), 0.0030337 secs] [Times: user=0.01 sys=0.00, real=0.00 secs] 
2020-10-29T14:48:58.156+0000: [GC (Allocation Failure) 2020-10-29T14:48:58.156+0000: [ParNew: 16388K->4K(18432K), 0.0027404 secs] 367059K->350675K(631224K), 0.0027985 secs] [Times: user=0.01 sys=0.00, real=0.00 secs] 
2020-10-29T14:48:58.174+0000: [GC (Allocation Failure) 2020-10-29T14:48:58.174+0000: [ParNew: 16388K->4K(18432K), 0.0025937 secs] 367059K->350675K(631224K), 0.0026487 secs] [Times: user=0.00 sys=0.00, real=0.01 secs] 
2020-10-29T14:48:58.195+0000: [GC (Allocation Failure) 2020-10-29T14:48:58.195+0000: [ParNew: 16388K->4K(18432K), 0.0030332 secs] 367059K->350675K(631224K), 0.0031016 secs] [Times: user=0.00 sys=0.00, real=0.01 secs] 
2020-10-29T14:48:58.212+0000: [GC (Allocation Failure) 2020-10-29T14:48:58.212+0000: [ParNew: 16388K->4K(18432K), 0.0030256 secs] 367059K->350675K(631224K), 0.0030918 secs] [Times: user=0.01 sys=0.00, real=0.01 secs] 
2020-10-29T14:48:58.231+0000: [GC (Allocation Failure) 2020-10-29T14:48:58.231+0000: [ParNew: 16388K->4K(18432K), 0.0030219 secs] 367059K->350675K(631224K), 0.0030898 secs] [Times: user=0.01 sys=0.00, real=0.00 secs] 
2020-10-29T14:48:58.251+0000: [GC (Allocation Failure) 2020-10-29T14:48:58.251+0000: [ParNew: 16388K->4K(18432K), 0.0029760 secs] 367059K->350675K(631224K), 0.0030430 secs] [Times: user=0.00 sys=0.00, real=0.00 secs] 
2020-10-29T14:48:58.271+0000: [GC (Allocation Failure) 2020-10-29T14:48:58.271+0000: [ParNew: 16388K->4K(18432K), 0.0029980 secs] 367059K->350675K(631224K), 0.0030683 secs] [Times: user=0.01 sys=0.00, real=0.00 secs] 
2020-10-29T14:48:58.290+0000: [GC (Allocation Failure) 2020-10-29T14:48:58.290+0000: [ParNew: 16388K->4K(18432K), 0.0030603 secs] 367059K->350675K(631224K), 0.0031333 secs] [Times: user=0.01 sys=0.00, real=0.00 secs] 
2020-10-29T14:48:58.311+0000: [GC (Allocation Failure) 2020-10-29T14:48:58.311+0000: [ParNew: 16388K->4K(18432K), 0.0030515 secs] 367059K->350675K(631224K), 0.0031195 secs] [Times: user=0.00 sys=0.00, real=0.00 secs] 
2020-10-29T14:48:58.329+0000: [GC (Allocation Failure) 2020-10-29T14:48:58.329+0000: [ParNew: 16388K->4K(18432K), 0.0030250 secs] 367059K->350675K(631224K), 0.0030940 secs] [Times: user=0.01 sys=0.00, real=0.00 secs] 
2020-10-29T14:48:58.351+0000: [GC (Allocation Failure) 2020-10-29T14:48:58.351+0000: [ParNew: 16388K->4K(18432K), 0.0030341 secs] 367059K->350675K(631224K), 0.0031027 secs] [Times: user=0.01 sys=0.00, real=0.00 secs] 
2020-10-29T14:48:58.370+0000: [GC (Allocation Failure) 2020-10-29T14:48:58.370+0000: [ParNew: 16388K->4K(18432K), 0.0031911 secs] 367059K->350675K(631224K), 0.0032618 secs] [Times: user=0.00 sys=0.00, real=0.00 secs] 
2020-10-29T14:48:58.388+0000: [GC (Allocation Failure) 2020-10-29T14:48:58.388+0000: [ParNew: 16388K->4K(18432K), 0.0029921 secs] 367059K->350675K(631224K), 0.0030595 secs] [Times: user=0.01 sys=0.00, real=0.00 secs] 
2020-10-29T14:48:58.407+0000: [GC (Allocation Failure) 2020-10-29T14:48:58.407+0000: [ParNew: 16388K->4K(18432K), 0.0028593 secs] 367059K->350675K(631224K), 0.0029185 secs] [Times: user=0.00 sys=0.00, real=0.00 secs] 
2020-10-29T14:48:58.424+0000: [GC (Allocation Failure) 2020-10-29T14:48:58.424+0000: [ParNew: 16388K->4K(18432K), 0.0029674 secs] 367059K->350675K(631224K), 0.0030332 secs] [Times: user=0.01 sys=0.00, real=0.01 secs] 
2020-10-29T14:48:58.442+0000: [GC (Allocation Failure) 2020-10-29T14:48:58.442+0000: [ParNew: 16388K->4K(18432K), 0.0029650 secs] 367059K->350675K(631224K), 0.0030321 secs] [Times: user=0.00 sys=0.00, real=0.00 secs] 
2020-10-29T14:48:58.460+0000: [GC (Allocation Failure) 2020-10-29T14:48:58.460+0000: [ParNew: 16388K->4K(18432K), 0.0029614 secs] 367059K->350675K(631224K), 0.0030444 secs] [Times: user=0.00 sys=0.01, real=0.00 secs] 
2020-10-29T14:48:58.477+0000: [GC (Allocation Failure) 2020-10-29T14:48:58.477+0000: [ParNew: 16388K->4K(18432K), 0.0030286 secs] 367059K->350675K(631224K), 0.0030971 secs] [Times: user=0.00 sys=0.00, real=0.00 secs] 
2020-10-29T14:48:58.499+0000: [GC (Allocation Failure) 2020-10-29T14:48:58.499+0000: [ParNew: 16388K->4K(18432K), 0.0029689 secs] 367059K->350675K(631224K), 0.0030368 secs] [Times: user=0.01 sys=0.00, real=0.00 secs] 
2020-10-29T14:48:58.516+0000: [GC (Allocation Failure) 2020-10-29T14:48:58.516+0000: [ParNew: 16388K->4K(18432K), 0.0029094 secs] 367059K->350675K(631224K), 0.0029722 secs] [Times: user=0.00 sys=0.00, real=0.00 secs] 
2020-10-29T14:48:58.535+0000: [GC (Allocation Failure) 2020-10-29T14:48:58.535+0000: [ParNew: 16388K->4K(18432K), 0.0027979 secs] 367059K->350675K(631224K), 0.0028597 secs] [Times: user=0.00 sys=0.00, real=0.00 secs] 
2020-10-29T14:48:58.555+0000: [GC (Allocation Failure) 2020-10-29T14:48:58.555+0000: [ParNew: 16388K->4K(18432K), 0.0028027 secs] 367059K->350675K(631224K), 0.0028656 secs] [Times: user=0.00 sys=0.00, real=0.00 secs] 
2020-10-29T14:48:58.572+0000: [GC (Allocation Failure) 2020-10-29T14:48:58.572+0000: [ParNew: 16388K->4K(18432K), 0.0029521 secs] 367059K->350675K(631224K), 0.0030179 secs] [Times: user=0.00 sys=0.00, real=0.01 secs] 
2020-10-29T14:48:58.591+0000: [GC (Allocation Failure) 2020-10-29T14:48:58.591+0000: [ParNew: 16388K->4K(18432K), 0.0029958 secs] 367059K->350675K(631224K), 0.0030633 secs] [Times: user=0.01 sys=0.00, real=0.00 secs] 
2020-10-29T14:48:58.609+0000: [GC (Allocation Failure) 2020-10-29T14:48:58.609+0000: [ParNew: 16388K->4K(18432K), 0.0029927 secs] 367059K->350675K(631224K), 0.0030595 secs] [Times: user=0.01 sys=0.00, real=0.00 secs] 
2020-10-29T14:48:58.626+0000: [GC (Allocation Failure) 2020-10-29T14:48:58.626+0000: [ParNew: 16388K->4K(18432K), 0.0029071 secs] 367059K->350675K(631224K), 0.0029737 secs] [Times: user=0.00 sys=0.00, real=0.01 secs] 
2020-10-29T14:48:58.644+0000: [GC (Allocation Failure) 2020-10-29T14:48:58.644+0000: [ParNew: 16388K->4K(18432K), 0.0028045 secs] 367059K->350675K(631224K), 0.0028662 secs] [Times: user=0.01 sys=0.00, real=0.00 secs] 
2020-10-29T14:48:58.661+0000: [GC (Allocation Failure) 2020-10-29T14:48:58.661+0000: [ParNew: 16388K->4K(18432K), 0.0028978 secs] 367059K->350675K(631224K), 0.0029631 secs] [Times: user=0.01 sys=0.00, real=0.00 secs] 
2020-10-29T14:48:58.683+0000: [GC (Allocation Failure) 2020-10-29T14:48:58.683+0000: [ParNew: 16388K->4K(18432K), 0.0027211 secs] 367059K->350675K(631224K), 0.0027800 secs] [Times: user=0.00 sys=0.00, real=0.00 secs] 
2020-10-29T14:48:58.703+0000: [GC (Allocation Failure) 2020-10-29T14:48:58.703+0000: [ParNew: 16388K->4K(18432K), 0.0027677 secs] 367059K->350675K(631224K), 0.0028281 secs] [Times: user=0.00 sys=0.00, real=0.00 secs] 
2020-10-29T14:48:58.720+0000: [GC (Allocation Failure) 2020-10-29T14:48:58.720+0000: [ParNew: 16388K->4K(18432K), 0.0028275 secs] 367059K->350675K(631224K), 0.0028891 secs] [Times: user=0.00 sys=0.00, real=0.00 secs] 
2020-10-29T14:48:58.737+0000: [GC (Allocation Failure) 2020-10-29T14:48:58.738+0000: [ParNew: 16388K->4K(18432K), 0.0025521 secs] 367059K->350675K(631224K), 0.0026079 secs] [Times: user=0.01 sys=0.00, real=0.00 secs] 
2020-10-29T14:48:58.755+0000: [GC (Allocation Failure) 2020-10-29T14:48:58.755+0000: [ParNew: 16388K->4K(18432K), 0.0025926 secs] 367059K->350675K(631224K), 0.0026481 secs] [Times: user=0.01 sys=0.00, real=0.00 secs] 
2020-10-29T14:48:58.772+0000: [GC (Allocation Failure) 2020-10-29T14:48:58.772+0000: [ParNew: 16388K->4K(18432K), 0.0030950 secs] 367059K->350675K(631224K), 0.0031618 secs] [Times: user=0.01 sys=0.00, real=0.01 secs] 
2020-10-29T14:48:58.790+0000: [GC (Allocation Failure) 2020-10-29T14:48:58.790+0000: [ParNew: 16388K->4K(18432K), 0.0030277 secs] 367059K->350675K(631224K), 0.0031073 secs] [Times: user=0.01 sys=0.00, real=0.00 secs] 
2020-10-29T14:48:58.808+0000: [GC (Allocation Failure) 2020-10-29T14:48:58.808+0000: [ParNew: 16388K->4K(18432K), 0.0030088 secs] 367059K->350675K(631224K), 0.0030750 secs] [Times: user=0.01 sys=0.00, real=0.00 secs] 
2020-10-29T14:48:58.825+0000: [GC (Allocation Failure) 2020-10-29T14:48:58.825+0000: [ParNew: 16388K->4K(18432K), 0.0029987 secs] 367059K->350675K(631224K), 0.0030661 secs] [Times: user=0.01 sys=0.00, real=0.01 secs] 
2020-10-29T14:48:58.847+0000: [GC (Allocation Failure) 2020-10-29T14:48:58.847+0000: [ParNew: 16388K->6K(18432K), 0.0027280 secs] 367059K->350677K(631224K), 0.0027872 secs] [Times: user=0.00 sys=0.00, real=0.00 secs] 
2020-10-29T14:48:58.867+0000: [GC (Allocation Failure) 2020-10-29T14:48:58.867+0000: [ParNew: 16390K->4K(18432K), 0.0027530 secs] 367061K->350675K(631224K), 0.0028146 secs] [Times: user=0.01 sys=0.00, real=0.00 secs] 
2020-10-29T14:48:58.884+0000: [GC (Allocation Failure) 2020-10-29T14:48:58.884+0000: [ParNew: 16388K->4K(18432K), 0.0027405 secs] 367059K->350675K(631224K), 0.0028009 secs] [Times: user=0.00 sys=0.00, real=0.01 secs] 
2020-10-29T14:48:58.903+0000: [GC (Allocation Failure) 2020-10-29T14:48:58.903+0000: [ParNew: 16388K->4K(18432K), 0.0029323 secs] 367059K->350675K(631224K), 0.0029956 secs] [Times: user=0.00 sys=0.00, real=0.00 secs] 
2020-10-29T14:48:58.920+0000: [GC (Allocation Failure) 2020-10-29T14:48:58.920+0000: [ParNew: 16388K->4K(18432K), 0.0030402 secs] 367059K->350675K(631224K), 0.0031117 secs] [Times: user=0.01 sys=0.00, real=0.00 secs] 
2020-10-29T14:48:58.938+0000: [GC (Allocation Failure) 2020-10-29T14:48:58.938+0000: [ParNew: 16388K->4K(18432K), 0.0030699 secs] 367059K->350675K(631224K), 0.0031396 secs] [Times: user=0.01 sys=0.00, real=0.00 secs] 
2020-10-29T14:48:58.956+0000: [GC (Allocation Failure) 2020-10-29T14:48:58.956+0000: [ParNew: 16388K->4K(18432K), 0.0031029 secs] 367059K->350675K(631224K), 0.0031738 secs] [Times: user=0.00 sys=0.00, real=0.00 secs] 
2020-10-29T14:48:58.973+0000: [GC (Allocation Failure) 2020-10-29T14:48:58.973+0000: [ParNew: 16388K->4K(18432K), 0.0030905 secs] 367059K->350675K(631224K), 0.0031606 secs] [Times: user=0.01 sys=0.00, real=0.01 secs] 
2020-10-29T14:48:58.991+0000: [GC (Allocation Failure) 2020-10-29T14:48:58.991+0000: [ParNew: 16388K->4K(18432K), 0.0027528 secs] 367059K->350675K(631224K), 0.0028113 secs] [Times: user=0.00 sys=0.00, real=0.00 secs] 
2020-10-29T14:48:59.011+0000: [GC (Allocation Failure) 2020-10-29T14:48:59.011+0000: [ParNew: 16388K->4K(18432K), 0.0030126 secs] 367059K->350675K(631224K), 0.0030839 secs] [Times: user=0.01 sys=0.00, real=0.00 secs] 
2020-10-29T14:48:59.029+0000: [GC (Allocation Failure) 2020-10-29T14:48:59.029+0000: [ParNew: 16388K->4K(18432K), 0.0030282 secs] 367059K->350675K(631224K), 0.0030971 secs] [Times: user=0.01 sys=0.00, real=0.00 secs] 
2020-10-29T14:48:59.051+0000: [GC (Allocation Failure) 2020-10-29T14:48:59.051+0000: [ParNew: 16388K->4K(18432K), 0.0030048 secs] 367059K->350675K(631224K), 0.0030848 secs] [Times: user=0.01 sys=0.00, real=0.00 secs] 
2020-10-29T14:48:59.069+0000: [GC (Allocation Failure) 2020-10-29T14:48:59.069+0000: [ParNew: 16388K->4K(18432K), 0.0030678 secs] 367059K->350675K(631224K), 0.0031453 secs] [Times: user=0.01 sys=0.00, real=0.00 secs] 
2020-10-29T14:48:59.095+0000: [GC (Allocation Failure) 2020-10-29T14:48:59.096+0000: [ParNew: 16388K->4K(18432K), 0.0030389 secs] 367059K->350675K(631224K), 0.0031370 secs] [Times: user=0.00 sys=0.00, real=0.00 secs] 
2020-10-29T14:48:59.130+0000: [GC (Allocation Failure) 2020-10-29T14:48:59.131+0000: [ParNew: 16388K->4K(18432K), 0.0031965 secs] 367059K->350675K(631224K), 0.0032714 secs] [Times: user=0.01 sys=0.00, real=0.00 secs] 
2020-10-29T14:48:59.163+0000: [GC (Allocation Failure) 2020-10-29T14:48:59.163+0000: [ParNew: 16388K->4K(18432K), 0.0030218 secs] 367059K->350675K(631224K), 0.0030931 secs] [Times: user=0.01 sys=0.00, real=0.00 secs] 
2020-10-29T14:48:59.194+0000: [GC (Allocation Failure) 2020-10-29T14:48:59.194+0000: [ParNew: 16388K->4K(18432K), 0.0030423 secs] 367059K->350675K(631224K), 0.0031124 secs] [Times: user=0.01 sys=0.00, real=0.01 secs] 
2020-10-29T14:48:59.227+0000: [GC (Allocation Failure) 2020-10-29T14:48:59.227+0000: [ParNew: 16388K->4K(18432K), 0.0030350 secs] 367059K->350675K(631224K), 0.0030975 secs] [Times: user=0.01 sys=0.00, real=0.00 secs] 
2020-10-29T14:48:59.258+0000: [GC (Allocation Failure) 2020-10-29T14:48:59.258+0000: [ParNew: 16388K->4K(18432K), 0.0030543 secs] 367059K->350675K(631224K), 0.0031263 secs] [Times: user=0.01 sys=0.00, real=0.00 secs] 
2020-10-29T14:48:59.290+0000: [GC (Allocation Failure) 2020-10-29T14:48:59.291+0000: [ParNew: 16388K->4K(18432K), 0.0030178 secs] 367059K->350677K(631224K), 0.0030893 secs] [Times: user=0.01 sys=0.00, real=0.00 secs] 
2020-10-29T14:48:59.322+0000: [GC (Allocation Failure) 2020-10-29T14:48:59.322+0000: [ParNew: 16388K->4K(18432K), 0.0031359 secs] 367061K->350677K(631224K), 0.0032103 secs] [Times: user=0.00 sys=0.00, real=0.00 secs] 
2020-10-29T14:48:59.354+0000: [GC (Allocation Failure) 2020-10-29T14:48:59.354+0000: [ParNew: 16388K->4K(18432K), 0.0030541 secs] 367061K->350677K(631224K), 0.0031289 secs] [Times: user=0.00 sys=0.00, real=0.01 secs] 
2020-10-29T14:48:59.387+0000: [GC (Allocation Failure) 2020-10-29T14:48:59.387+0000: [ParNew: 16388K->4K(18432K), 0.0029911 secs] 367061K->350677K(631224K), 0.0030607 secs] [Times: user=0.00 sys=0.00, real=0.00 secs] 
2020-10-29T14:48:59.431+0000: [GC (Allocation Failure) 2020-10-29T14:48:59.431+0000: [ParNew: 16388K->4K(18432K), 0.0049794 secs] 367061K->350677K(631224K), 0.0050541 secs] [Times: user=0.00 sys=0.00, real=0.01 secs] 
2020-10-29T14:48:59.467+0000: [GC (Allocation Failure) 2020-10-29T14:48:59.467+0000: [ParNew: 16388K->4K(18432K), 0.0030633 secs] 367061K->350677K(631224K), 0.0031581 secs] [Times: user=0.01 sys=0.00, real=0.00 secs] 
2020-10-29T14:48:59.494+0000: [GC (Allocation Failure) 2020-10-29T14:48:59.494+0000: [ParNew: 16388K->4K(18432K), 0.0030403 secs] 367061K->350677K(631224K), 0.0031348 secs] [Times: user=0.01 sys=0.00, real=0.01 secs] 
2020-10-29T14:48:59.523+0000: [GC (Allocation Failure) 2020-10-29T14:48:59.523+0000: [ParNew: 16388K->4K(18432K), 0.0030458 secs] 367061K->350677K(631224K), 0.0031359 secs] [Times: user=0.01 sys=0.00, real=0.00 secs] 
2020-10-29T14:48:59.551+0000: [GC (Allocation Failure) 2020-10-29T14:48:59.551+0000: [ParNew: 16388K->4K(18432K), 0.0029986 secs] 367061K->350677K(631224K), 0.0030683 secs] [Times: user=0.01 sys=0.00, real=0.00 secs] 
2020-10-29T14:48:59.596+0000: [GC (Allocation Failure) 2020-10-29T14:48:59.596+0000: [ParNew: 16388K->4K(18432K), 0.0030177 secs] 367061K->350677K(631224K), 0.0031110 secs] [Times: user=0.00 sys=0.00, real=0.00 secs] 
2020-10-29T14:48:59.640+0000: [GC (Allocation Failure) 2020-10-29T14:48:59.640+0000: [ParNew: 16388K->4K(18432K), 0.0030156 secs] 367061K->350677K(631224K), 0.0030874 secs] [Times: user=0.01 sys=0.00, real=0.00 secs] 
2020-10-29T14:48:59.763+0000: [GC (Allocation Failure) 2020-10-29T14:48:59.763+0000: [ParNew: 16388K->4K(18432K), 0.0030925 secs] 367061K->350677K(631224K), 0.0031813 secs] [Times: user=0.01 sys=0.00, real=0.00 secs] 
2020-10-29T14:49:05.429+0000: [GC (Allocation Failure) 2020-10-29T14:49:05.430+0000: [ParNew: 16388K->69K(18432K), 0.0034180 secs] 367061K->350743K(631224K), 0.0034776 secs] [Times: user=0.01 sys=0.00, real=0.00 secs] 
Heap
 par new generation   total 18432K, used 739K [0x00000000c0000000, 0x00000000c1400000, 0x00000000ca660000)
  eden space 16384K,   4% used [0x00000000c0000000, 0x00000000c00a7858, 0x00000000c1000000)
  from space 2048K,   3% used [0x00000000c1000000, 0x00000000c1011760, 0x00000000c1200000)
  to   space 2048K,   0% used [0x00000000c1200000, 0x00000000c1200000, 0x00000000c1400000)
 concurrent mark-sweep generation total 612792K, used 350673K [0x00000000ca660000, 0x00000000efcce000, 0x0000000100000000)
 Metaspace       used 70546K, capacity 71944K, committed 72180K, reserved 1112064K
  class space    used 9451K, capacity 9706K, committed 9748K, reserved 1048576K
End of LogType:stdout



Container: container_1603959726485_0020_01_000004 on ip-10-0-47-24.ec2.internal_8041
======================================================================================
LogType:stderr
Log Upload Time:gio ott 29 14:49:06 +0000 2020
LogLength:21252
Log Contents:
SLF4J: Class path contains multiple SLF4J bindings.
SLF4J: Found binding in [jar:file:/mnt/yarn/usercache/hadoop/filecache/66/__spark_libs__3777461792723832680.zip/slf4j-log4j12-1.7.16.jar!/org/slf4j/impl/StaticLoggerBinder.class]
SLF4J: Found binding in [jar:file:/usr/lib/hadoop/lib/slf4j-log4j12-1.7.10.jar!/org/slf4j/impl/StaticLoggerBinder.class]
SLF4J: See http://www.slf4j.org/codes.html#multiple_bindings for an explanation.
SLF4J: Actual binding is of type [org.slf4j.impl.Log4jLoggerFactory]
20/10/29 14:47:39 INFO CoarseGrainedExecutorBackend: Started daemon with process name: 17190@ip-10-0-47-24
20/10/29 14:47:39 INFO SignalUtils: Registered signal handler for TERM
20/10/29 14:47:39 INFO SignalUtils: Registered signal handler for HUP
20/10/29 14:47:39 INFO SignalUtils: Registered signal handler for INT
20/10/29 14:47:39 INFO SecurityManager: Changing view acls to: yarn,hadoop
20/10/29 14:47:39 INFO SecurityManager: Changing modify acls to: yarn,hadoop
20/10/29 14:47:39 INFO SecurityManager: Changing view acls groups to: 
20/10/29 14:47:39 INFO SecurityManager: Changing modify acls groups to: 
20/10/29 14:47:39 INFO SecurityManager: SecurityManager: authentication disabled; ui acls disabled; users  with view permissions: Set(yarn, hadoop); groups with view permissions: Set(); users  with modify permissions: Set(yarn, hadoop); groups with modify permissions: Set()
20/10/29 14:47:40 INFO TransportClientFactory: Successfully created connection to ip-10-0-40-135.ec2.internal/10.0.40.135:37503 after 93 ms (0 ms spent in bootstraps)
20/10/29 14:47:40 INFO SecurityManager: Changing view acls to: yarn,hadoop
20/10/29 14:47:40 INFO SecurityManager: Changing modify acls to: yarn,hadoop
20/10/29 14:47:40 INFO SecurityManager: Changing view acls groups to: 
20/10/29 14:47:40 INFO SecurityManager: Changing modify acls groups to: 
20/10/29 14:47:40 INFO SecurityManager: SecurityManager: authentication disabled; ui acls disabled; users  with view permissions: Set(yarn, hadoop); groups with view permissions: Set(); users  with modify permissions: Set(yarn, hadoop); groups with modify permissions: Set()
20/10/29 14:47:40 INFO TransportClientFactory: Successfully created connection to ip-10-0-40-135.ec2.internal/10.0.40.135:37503 after 2 ms (0 ms spent in bootstraps)
20/10/29 14:47:40 INFO DiskBlockManager: Created local directory at /mnt/yarn/usercache/hadoop/appcache/application_1603959726485_0020/blockmgr-30ded48a-627c-4f66-92ba-30a3e4961557
20/10/29 14:47:40 INFO MemoryStore: MemoryStore started with capacity 424.4 MB
20/10/29 14:47:41 INFO CoarseGrainedExecutorBackend: Connecting to driver: spark://CoarseGrainedScheduler@ip-10-0-40-135.ec2.internal:37503
20/10/29 14:47:41 INFO CoarseGrainedExecutorBackend: Successfully registered with driver
20/10/29 14:47:41 INFO Executor: Starting executor ID 2 on host ip-10-0-47-24.ec2.internal
20/10/29 14:47:41 INFO Utils: Successfully started service 'org.apache.spark.network.netty.NettyBlockTransferService' on port 36617.
20/10/29 14:47:41 INFO NettyBlockTransferService: Server created on ip-10-0-47-24.ec2.internal:36617
20/10/29 14:47:41 INFO BlockManager: Using org.apache.spark.storage.RandomBlockReplicationPolicy for block replication policy
20/10/29 14:47:41 INFO BlockManagerMaster: Registering BlockManager BlockManagerId(2, ip-10-0-47-24.ec2.internal, 36617, None)
20/10/29 14:47:41 INFO BlockManagerMaster: Registered BlockManager BlockManagerId(2, ip-10-0-47-24.ec2.internal, 36617, None)
20/10/29 14:47:41 INFO BlockManager: external shuffle service port = 7337
20/10/29 14:47:41 INFO BlockManager: Registering executor with local external shuffle service.
20/10/29 14:47:41 INFO TransportClientFactory: Successfully created connection to ip-10-0-47-24.ec2.internal/10.0.47.24:7337 after 2 ms (0 ms spent in bootstraps)
20/10/29 14:47:41 INFO BlockManager: Initialized BlockManager: BlockManagerId(2, ip-10-0-47-24.ec2.internal, 36617, None)
20/10/29 14:47:41 INFO CoarseGrainedExecutorBackend: Got assigned task 3
20/10/29 14:47:41 INFO Executor: Running task 2.0 in stage 1.0 (TID 3)
20/10/29 14:47:41 INFO TorrentBroadcast: Started reading broadcast variable 4
20/10/29 14:47:41 INFO TransportClientFactory: Successfully created connection to ip-10-0-45-238.ec2.internal/10.0.45.238:43367 after 2 ms (0 ms spent in bootstraps)
20/10/29 14:47:42 INFO MemoryStore: Block broadcast_4_piece0 stored as bytes in memory (estimated size 17.1 KB, free 424.4 MB)
20/10/29 14:47:42 INFO TorrentBroadcast: Reading broadcast variable 4 took 252 ms
20/10/29 14:47:42 INFO MemoryStore: Block broadcast_4 stored as values in memory (estimated size 43.4 KB, free 424.4 MB)
20/10/29 14:47:43 INFO CodeGenerator: Code generated in 530.365132 ms
20/10/29 14:47:43 INFO CodeGenerator: Code generated in 43.959387 ms
20/10/29 14:47:43 INFO CodeGenerator: Code generated in 21.594252 ms
20/10/29 14:47:45 INFO CodeGenerator: Code generated in 33.869325 ms
20/10/29 14:47:45 INFO FileScanRDD: Reading File path: s3://spectral-regression-spark-bucket/spectral_data_class.csv, range: 268435456-319010350, partition values: [empty row]
20/10/29 14:47:45 INFO CodeGenerator: Code generated in 40.175005 ms
20/10/29 14:47:45 INFO TorrentBroadcast: Started reading broadcast variable 2
20/10/29 14:47:45 INFO MemoryStore: Block broadcast_2_piece0 stored as bytes in memory (estimated size 36.7 KB, free 424.3 MB)
20/10/29 14:47:45 INFO TorrentBroadcast: Reading broadcast variable 2 took 19 ms
20/10/29 14:47:45 INFO MemoryStore: Block broadcast_2 stored as values in memory (estimated size 576.5 KB, free 423.7 MB)
20/10/29 14:47:48 INFO S3NativeFileSystem: Opening 's3://spectral-regression-spark-bucket/spectral_data_class.csv' for reading
20/10/29 14:47:48 INFO GPLNativeCodeLoader: Loaded native gpl library
20/10/29 14:47:48 INFO LzoCodec: Successfully loaded & initialized native-lzo library [hadoop-lzo rev 1546b8dc0ca6f1ffd26a812d52bd7b80915e0a25]
20/10/29 14:47:53 INFO JniLoader: successfully loaded /mnt/yarn/usercache/hadoop/appcache/application_1603959726485_0020/container_1603959726485_0020_01_000004/tmp/jniloader3085091402662909064netlib-native_system-linux-x86_64.so
20/10/29 14:47:54 INFO Executor: Finished task 2.0 in stage 1.0 (TID 3). 2418 bytes result sent to driver
20/10/29 14:47:56 INFO CoarseGrainedExecutorBackend: Got assigned task 4
20/10/29 14:47:56 INFO Executor: Running task 0.0 in stage 2.0 (TID 4)
20/10/29 14:47:56 INFO CoarseGrainedExecutorBackend: Got assigned task 6
20/10/29 14:47:56 INFO Executor: Running task 2.0 in stage 2.0 (TID 6)
20/10/29 14:47:56 INFO TorrentBroadcast: Started reading broadcast variable 6
20/10/29 14:47:56 INFO MemoryStore: Block broadcast_6_piece0 stored as bytes in memory (estimated size 18.7 KB, free 423.8 MB)
20/10/29 14:47:56 INFO TorrentBroadcast: Reading broadcast variable 6 took 10 ms
20/10/29 14:47:56 INFO MemoryStore: Block broadcast_6 stored as values in memory (estimated size 44.9 KB, free 423.8 MB)
20/10/29 14:47:56 INFO CodeGenerator: Code generated in 106.143126 ms
20/10/29 14:47:56 INFO CodeGenerator: Code generated in 19.736773 ms
20/10/29 14:47:56 INFO FileScanRDD: Reading File path: s3://spectral-regression-spark-bucket/spectral_data_class.csv, range: 0-80801163, partition values: [empty row]
20/10/29 14:47:56 INFO TorrentBroadcast: Started reading broadcast variable 5
20/10/29 14:47:56 INFO FileScanRDD: Reading File path: s3://spectral-regression-spark-bucket/spectral_data_class.csv, range: 161602326-242403489, partition values: [empty row]
20/10/29 14:47:56 INFO MemoryStore: Block broadcast_5_piece0 stored as bytes in memory (estimated size 36.7 KB, free 423.6 MB)
20/10/29 14:47:56 INFO TorrentBroadcast: Reading broadcast variable 5 took 24 ms
20/10/29 14:47:56 INFO MemoryStore: Block broadcast_5 stored as values in memory (estimated size 576.5 KB, free 423.0 MB)
20/10/29 14:47:56 INFO S3NativeFileSystem: Opening 's3://spectral-regression-spark-bucket/spectral_data_class.csv' for reading
20/10/29 14:47:56 INFO S3NativeFileSystem: Opening 's3://spectral-regression-spark-bucket/spectral_data_class.csv' for reading
20/10/29 14:48:07 INFO Executor: Finished task 2.0 in stage 2.0 (TID 6). 2448 bytes result sent to driver
20/10/29 14:48:07 INFO Executor: Finished task 0.0 in stage 2.0 (TID 4). 2448 bytes result sent to driver
20/10/29 14:48:07 INFO CoarseGrainedExecutorBackend: Got assigned task 9
20/10/29 14:48:07 INFO CoarseGrainedExecutorBackend: Got assigned task 11
20/10/29 14:48:07 INFO Executor: Running task 3.0 in stage 3.0 (TID 11)
20/10/29 14:48:07 INFO TorrentBroadcast: Started reading broadcast variable 7
20/10/29 14:48:07 INFO Executor: Running task 1.0 in stage 3.0 (TID 9)
20/10/29 14:48:07 INFO TransportClientFactory: Successfully created connection to ip-10-0-40-135.ec2.internal/10.0.40.135:36057 after 8 ms (0 ms spent in bootstraps)
20/10/29 14:48:07 INFO MemoryStore: Block broadcast_7_piece0 stored as bytes in memory (estimated size 18.5 KB, free 423.2 MB)
20/10/29 14:48:07 INFO TorrentBroadcast: Reading broadcast variable 7 took 38 ms
20/10/29 14:48:07 INFO MemoryStore: Block broadcast_7 stored as values in memory (estimated size 44.1 KB, free 423.2 MB)
20/10/29 14:48:07 INFO FileScanRDD: Reading File path: s3://spectral-regression-spark-bucket/spectral_data_class.csv, range: 242403489-319010350, partition values: [empty row]
20/10/29 14:48:07 INFO FileScanRDD: Reading File path: s3://spectral-regression-spark-bucket/spectral_data_class.csv, range: 80801163-161602326, partition values: [empty row]
20/10/29 14:48:07 INFO S3NativeFileSystem: Opening 's3://spectral-regression-spark-bucket/spectral_data_class.csv' for reading
20/10/29 14:48:07 INFO S3NativeFileSystem: Opening 's3://spectral-regression-spark-bucket/spectral_data_class.csv' for reading
20/10/29 14:48:17 INFO Executor: Finished task 1.0 in stage 3.0 (TID 9). 1922 bytes result sent to driver
20/10/29 14:48:17 INFO Executor: Finished task 3.0 in stage 3.0 (TID 11). 1922 bytes result sent to driver
20/10/29 14:48:18 INFO CoarseGrainedExecutorBackend: Got assigned task 13
20/10/29 14:48:18 INFO CoarseGrainedExecutorBackend: Got assigned task 15
20/10/29 14:48:18 INFO Executor: Running task 3.0 in stage 4.0 (TID 15)
20/10/29 14:48:18 INFO Executor: Running task 1.0 in stage 4.0 (TID 13)
20/10/29 14:48:18 INFO TorrentBroadcast: Started reading broadcast variable 9
20/10/29 14:48:18 INFO MemoryStore: Block broadcast_9_piece0 stored as bytes in memory (estimated size 17.1 KB, free 423.2 MB)
20/10/29 14:48:18 INFO TorrentBroadcast: Reading broadcast variable 9 took 9 ms
20/10/29 14:48:18 INFO MemoryStore: Block broadcast_9 stored as values in memory (estimated size 40.0 KB, free 423.2 MB)
20/10/29 14:48:18 INFO CodeGenerator: Code generated in 61.857241 ms
20/10/29 14:48:18 INFO FileScanRDD: Reading File path: s3://spectral-regression-spark-bucket/spectral_data_class.csv, range: 242403489-319010350, partition values: [empty row]
20/10/29 14:48:18 INFO TorrentBroadcast: Started reading broadcast variable 8
20/10/29 14:48:18 INFO FileScanRDD: Reading File path: s3://spectral-regression-spark-bucket/spectral_data_class.csv, range: 80801163-161602326, partition values: [empty row]
20/10/29 14:48:18 INFO MemoryStore: Block broadcast_8_piece0 stored as bytes in memory (estimated size 36.7 KB, free 423.0 MB)
20/10/29 14:48:18 INFO TorrentBroadcast: Reading broadcast variable 8 took 16 ms
20/10/29 14:48:18 INFO MemoryStore: Block broadcast_8 stored as values in memory (estimated size 576.5 KB, free 422.4 MB)
20/10/29 14:48:18 INFO S3NativeFileSystem: Opening 's3://spectral-regression-spark-bucket/spectral_data_class.csv' for reading
20/10/29 14:48:18 INFO S3NativeFileSystem: Opening 's3://spectral-regression-spark-bucket/spectral_data_class.csv' for reading
20/10/29 14:48:28 INFO Executor: Finished task 3.0 in stage 4.0 (TID 15). 2650 bytes result sent to driver
20/10/29 14:48:28 INFO Executor: Finished task 1.0 in stage 4.0 (TID 13). 2607 bytes result sent to driver
20/10/29 14:48:28 INFO CoarseGrainedExecutorBackend: Got assigned task 16
20/10/29 14:48:28 INFO Executor: Running task 0.0 in stage 5.0 (TID 16)
20/10/29 14:48:28 INFO MapOutputTrackerWorker: Updating epoch to 1 and clearing cache
20/10/29 14:48:28 INFO TorrentBroadcast: Started reading broadcast variable 10
20/10/29 14:48:28 INFO MemoryStore: Block broadcast_10_piece0 stored as bytes in memory (estimated size 3.8 KB, free 422.6 MB)
20/10/29 14:48:28 INFO TorrentBroadcast: Reading broadcast variable 10 took 11 ms
20/10/29 14:48:28 INFO MemoryStore: Block broadcast_10 stored as values in memory (estimated size 7.1 KB, free 422.6 MB)
20/10/29 14:48:28 INFO MapOutputTrackerWorker: Don't have map outputs for shuffle 0, fetching them
20/10/29 14:48:28 INFO MapOutputTrackerWorker: Doing the fetch; tracker endpoint = NettyRpcEndpointRef(spark://MapOutputTracker@ip-10-0-40-135.ec2.internal:37503)
20/10/29 14:48:28 INFO MapOutputTrackerWorker: Got the output locations
20/10/29 14:48:28 INFO ShuffleBlockFetcherIterator: Getting 4 non-empty blocks including 2 local blocks and 2 remote blocks
20/10/29 14:48:28 INFO TransportClientFactory: Successfully created connection to ip-10-0-45-238.ec2.internal/10.0.45.238:7337 after 2 ms (0 ms spent in bootstraps)
20/10/29 14:48:28 INFO ShuffleBlockFetcherIterator: Started 1 remote fetches in 31 ms
20/10/29 14:48:28 INFO CodeGenerator: Code generated in 43.787425 ms
20/10/29 14:48:28 INFO Executor: Finished task 0.0 in stage 5.0 (TID 16). 1825 bytes result sent to driver
20/10/29 14:48:28 INFO CoarseGrainedExecutorBackend: Got assigned task 18
20/10/29 14:48:28 INFO Executor: Running task 1.0 in stage 6.0 (TID 18)
20/10/29 14:48:28 INFO CoarseGrainedExecutorBackend: Got assigned task 20
20/10/29 14:48:28 INFO Executor: Running task 3.0 in stage 6.0 (TID 20)
20/10/29 14:48:28 INFO TorrentBroadcast: Started reading broadcast variable 12
20/10/29 14:48:28 INFO MemoryStore: Block broadcast_12_piece0 stored as bytes in memory (estimated size 19.1 KB, free 422.6 MB)
20/10/29 14:48:28 INFO TorrentBroadcast: Reading broadcast variable 12 took 11 ms
20/10/29 14:48:28 INFO MemoryStore: Block broadcast_12 stored as values in memory (estimated size 45.6 KB, free 422.6 MB)
20/10/29 14:48:28 INFO CodeGenerator: Code generated in 109.257475 ms
20/10/29 14:48:28 INFO FileScanRDD: Reading File path: s3://spectral-regression-spark-bucket/spectral_data_class.csv, range: 242403489-319010350, partition values: [empty row]
20/10/29 14:48:28 INFO TorrentBroadcast: Started reading broadcast variable 11
20/10/29 14:48:28 INFO MemoryStore: Block broadcast_11_piece0 stored as bytes in memory (estimated size 36.7 KB, free 422.4 MB)
20/10/29 14:48:28 INFO TorrentBroadcast: Reading broadcast variable 11 took 13 ms
20/10/29 14:48:28 INFO FileScanRDD: Reading File path: s3://spectral-regression-spark-bucket/spectral_data_class.csv, range: 80801163-161602326, partition values: [empty row]
20/10/29 14:48:28 INFO MemoryStore: Block broadcast_11 stored as values in memory (estimated size 576.5 KB, free 421.8 MB)
20/10/29 14:48:29 INFO S3NativeFileSystem: Opening 's3://spectral-regression-spark-bucket/spectral_data_class.csv' for reading
20/10/29 14:48:29 INFO S3NativeFileSystem: Opening 's3://spectral-regression-spark-bucket/spectral_data_class.csv' for reading
20/10/29 14:48:38 INFO Executor: Finished task 1.0 in stage 6.0 (TID 18). 2448 bytes result sent to driver
20/10/29 14:48:38 INFO Executor: Finished task 3.0 in stage 6.0 (TID 20). 2405 bytes result sent to driver
20/10/29 14:48:39 INFO CoarseGrainedExecutorBackend: Got assigned task 21
20/10/29 14:48:39 INFO Executor: Running task 0.0 in stage 7.0 (TID 21)
20/10/29 14:48:39 INFO CoarseGrainedExecutorBackend: Got assigned task 23
20/10/29 14:48:39 INFO Executor: Running task 2.0 in stage 7.0 (TID 23)
20/10/29 14:48:39 INFO TorrentBroadcast: Started reading broadcast variable 14
20/10/29 14:48:39 INFO MemoryStore: Block broadcast_14_piece0 stored as bytes in memory (estimated size 19.9 KB, free 422.6 MB)
20/10/29 14:48:39 INFO TorrentBroadcast: Reading broadcast variable 14 took 13 ms
20/10/29 14:48:39 INFO MemoryStore: Block broadcast_14 stored as values in memory (estimated size 49.1 KB, free 422.6 MB)
20/10/29 14:48:39 INFO CodeGenerator: Code generated in 65.134049 ms
20/10/29 14:48:39 INFO FileScanRDD: Reading File path: s3://spectral-regression-spark-bucket/spectral_data_class.csv, range: 161602326-242403489, partition values: [empty row]
20/10/29 14:48:39 INFO FileScanRDD: Reading File path: s3://spectral-regression-spark-bucket/spectral_data_class.csv, range: 0-80801163, partition values: [empty row]
20/10/29 14:48:39 INFO TorrentBroadcast: Started reading broadcast variable 13
20/10/29 14:48:39 INFO MemoryStore: Block broadcast_13_piece0 stored as bytes in memory (estimated size 36.7 KB, free 422.4 MB)
20/10/29 14:48:39 INFO TorrentBroadcast: Reading broadcast variable 13 took 8 ms
20/10/29 14:48:39 INFO MemoryStore: Block broadcast_13 stored as values in memory (estimated size 576.5 KB, free 421.8 MB)
20/10/29 14:48:39 INFO S3NativeFileSystem: Opening 's3://spectral-regression-spark-bucket/spectral_data_class.csv' for reading
20/10/29 14:48:39 INFO S3NativeFileSystem: Opening 's3://spectral-regression-spark-bucket/spectral_data_class.csv' for reading
20/10/29 14:48:49 INFO Executor: Finished task 2.0 in stage 7.0 (TID 23). 2467 bytes result sent to driver
20/10/29 14:48:49 INFO Executor: Finished task 0.0 in stage 7.0 (TID 21). 2467 bytes result sent to driver
20/10/29 14:48:50 INFO CoarseGrainedExecutorBackend: Got assigned task 26
20/10/29 14:48:50 INFO Executor: Running task 1.0 in stage 8.0 (TID 26)
20/10/29 14:48:50 INFO TorrentBroadcast: Started reading broadcast variable 16
20/10/29 14:48:50 INFO CoarseGrainedExecutorBackend: Got assigned task 28
20/10/29 14:48:50 INFO Executor: Running task 3.0 in stage 8.0 (TID 28)
20/10/29 14:48:50 INFO MemoryStore: Block broadcast_16_piece0 stored as bytes in memory (estimated size 19.9 KB, free 421.9 MB)
20/10/29 14:48:50 INFO TorrentBroadcast: Reading broadcast variable 16 took 9 ms
20/10/29 14:48:50 INFO MemoryStore: Block broadcast_16 stored as values in memory (estimated size 49.1 KB, free 421.9 MB)
20/10/29 14:48:50 INFO FileScanRDD: Reading File path: s3://spectral-regression-spark-bucket/spectral_data_class.csv, range: 242403489-319010350, partition values: [empty row]
20/10/29 14:48:50 INFO TorrentBroadcast: Started reading broadcast variable 15
20/10/29 14:48:50 INFO MemoryStore: Block broadcast_15_piece0 stored as bytes in memory (estimated size 36.7 KB, free 421.7 MB)
20/10/29 14:48:50 INFO TorrentBroadcast: Reading broadcast variable 15 took 9 ms
20/10/29 14:48:50 INFO FileScanRDD: Reading File path: s3://spectral-regression-spark-bucket/spectral_data_class.csv, range: 80801163-161602326, partition values: [empty row]
20/10/29 14:48:50 INFO MemoryStore: Block broadcast_15 stored as values in memory (estimated size 576.5 KB, free 421.2 MB)
20/10/29 14:48:50 INFO S3NativeFileSystem: Opening 's3://spectral-regression-spark-bucket/spectral_data_class.csv' for reading
20/10/29 14:48:50 INFO S3NativeFileSystem: Opening 's3://spectral-regression-spark-bucket/spectral_data_class.csv' for reading
20/10/29 14:48:59 INFO Executor: Finished task 3.0 in stage 8.0 (TID 28). 2467 bytes result sent to driver
20/10/29 14:49:00 INFO Executor: Finished task 1.0 in stage 8.0 (TID 26). 2467 bytes result sent to driver
20/10/29 14:49:01 INFO CoarseGrainedExecutorBackend: Got assigned task 29
20/10/29 14:49:01 INFO Executor: Running task 0.0 in stage 9.0 (TID 29)
20/10/29 14:49:01 INFO TorrentBroadcast: Started reading broadcast variable 17
20/10/29 14:49:01 INFO MemoryStore: Block broadcast_17_piece0 stored as bytes in memory (estimated size 38.2 KB, free 421.9 MB)
20/10/29 14:49:01 INFO TorrentBroadcast: Reading broadcast variable 17 took 8 ms
20/10/29 14:49:01 INFO MemoryStore: Block broadcast_17 stored as values in memory (estimated size 127.7 KB, free 421.8 MB)
20/10/29 14:49:01 INFO HadoopMapRedCommitProtocol: Using output committer class org.apache.hadoop.mapred.DirectFileOutputCommitter
20/10/29 14:49:02 INFO FileOutputCommitter: File Output Committer Algorithm version is 1
20/10/29 14:49:02 INFO FileOutputCommitter: FileOutputCommitter skip cleanup _temporary folders under output directory:false, ignore cleanup failures: false
20/10/29 14:49:02 INFO DirectFileOutputCommitter: Direct Write: DISABLED
20/10/29 14:49:02 INFO PythonRunner: Times: total = 501, boot = 438, init = 63, finish = 0
20/10/29 14:49:03 INFO FileOutputCommitter: Saved output of task 'attempt_20201029144900_0053_m_000000_0' to s3a://spectral-regression-spark-bucket/results_4xc4large_linear_291020-144900_star-qso/_temporary/0/task_20201029144900_0053_m_000000
20/10/29 14:49:03 INFO SparkHadoopMapRedUtil: attempt_20201029144900_0053_m_000000_0: Committed
20/10/29 14:49:03 INFO Executor: Finished task 0.0 in stage 9.0 (TID 29). 1766 bytes result sent to driver
20/10/29 14:49:05 INFO CoarseGrainedExecutorBackend: Driver commanded a shutdown
20/10/29 14:49:05 INFO MemoryStore: MemoryStore cleared
20/10/29 14:49:05 INFO BlockManager: BlockManager stopped
20/10/29 14:49:05 INFO ShutdownHookManager: Shutdown hook called
End of LogType:stderr

LogType:stdout
Log Upload Time:gio ott 29 14:49:06 +0000 2020
LogLength:730086
Log Contents:
2020-10-29T14:47:38.423+0000: [GC (Allocation Failure) 2020-10-29T14:47:38.423+0000: [ParNew: 16384K->2048K(18432K), 0.0042491 secs] 16384K->2380K(59392K), 0.0043306 secs] [Times: user=0.01 sys=0.00, real=0.01 secs] 
2020-10-29T14:47:38.558+0000: [GC (Allocation Failure) 2020-10-29T14:47:38.558+0000: [ParNew: 18432K->1945K(18432K), 0.0065693 secs] 18764K->3630K(59392K), 0.0066167 secs] [Times: user=0.00 sys=0.01, real=0.01 secs] 
2020-10-29T14:47:38.686+0000: [GC (Allocation Failure) 2020-10-29T14:47:38.686+0000: [ParNew: 18329K->1310K(18432K), 0.0013703 secs] 20014K->2996K(59392K), 0.0014147 secs] [Times: user=0.00 sys=0.00, real=0.00 secs] 
2020-10-29T14:47:38.846+0000: [GC (Allocation Failure) 2020-10-29T14:47:38.846+0000: [ParNew: 17694K->1961K(18432K), 0.0044175 secs] 19380K->4028K(59392K), 0.0044661 secs] [Times: user=0.01 sys=0.00, real=0.00 secs] 
2020-10-29T14:47:38.983+0000: [GC (Allocation Failure) 2020-10-29T14:47:38.983+0000: [ParNew: 18345K->1186K(18432K), 0.0035242 secs] 20412K->3799K(59392K), 0.0035729 secs] [Times: user=0.00 sys=0.00, real=0.01 secs] 
2020-10-29T14:47:39.106+0000: [GC (Allocation Failure) 2020-10-29T14:47:39.106+0000: [ParNew: 17570K->1471K(18432K), 0.0037932 secs] 20183K->4083K(59392K), 0.0038474 secs] [Times: user=0.00 sys=0.01, real=0.00 secs] 
2020-10-29T14:47:39.192+0000: [GC (Allocation Failure) 2020-10-29T14:47:39.192+0000: [ParNew: 17855K->1210K(18432K), 0.0039952 secs] 20467K->4367K(59392K), 0.0040543 secs] [Times: user=0.00 sys=0.00, real=0.00 secs] 
2020-10-29T14:47:39.253+0000: [GC (Allocation Failure) 2020-10-29T14:47:39.253+0000: [ParNew: 17583K->802K(18432K), 0.0016209 secs] 20740K->3959K(59392K), 0.0016689 secs] [Times: user=0.01 sys=0.00, real=0.00 secs] 
2020-10-29T14:47:39.316+0000: [GC (Allocation Failure) 2020-10-29T14:47:39.316+0000: [ParNew: 17186K->871K(18432K), 0.0021777 secs] 20343K->4028K(59392K), 0.0022258 secs] [Times: user=0.00 sys=0.00, real=0.00 secs] 
2020-10-29T14:47:39.441+0000: [GC (Allocation Failure) 2020-10-29T14:47:39.441+0000: [ParNew: 17255K->1520K(18432K), 0.0019299 secs] 20412K->4677K(59392K), 0.0019931 secs] [Times: user=0.00 sys=0.00, real=0.00 secs] 
2020-10-29T14:47:39.537+0000: [GC (Allocation Failure) 2020-10-29T14:47:39.537+0000: [ParNew: 17904K->1304K(18432K), 0.0027390 secs] 21061K->4772K(59392K), 0.0028027 secs] [Times: user=0.01 sys=0.00, real=0.00 secs] 
2020-10-29T14:47:39.680+0000: [GC (Allocation Failure) 2020-10-29T14:47:39.680+0000: [ParNew: 17688K->1231K(18432K), 0.0025482 secs] 21156K->4699K(59392K), 0.0025971 secs] [Times: user=0.00 sys=0.00, real=0.00 secs] 
2020-10-29T14:47:39.821+0000: [GC (Allocation Failure) 2020-10-29T14:47:39.821+0000: [ParNew: 17615K->1533K(18432K), 0.0032604 secs] 21083K->5075K(59392K), 0.0033236 secs] [Times: user=0.01 sys=0.01, real=0.00 secs] 
2020-10-29T14:47:39.925+0000: [GC (Allocation Failure) 2020-10-29T14:47:39.925+0000: [ParNew: 17917K->1115K(18432K), 0.0045936 secs] 21459K->5228K(59392K), 0.0046596 secs] [Times: user=0.01 sys=0.00, real=0.00 secs] 
2020-10-29T14:47:40.054+0000: [GC (Allocation Failure) 2020-10-29T14:47:40.054+0000: [ParNew: 17499K->1358K(18432K), 0.0029175 secs] 21612K->5471K(59392K), 0.0029667 secs] [Times: user=0.01 sys=0.00, real=0.00 secs] 
2020-10-29T14:47:40.145+0000: [GC (Allocation Failure) 2020-10-29T14:47:40.145+0000: [ParNew: 17742K->1378K(18432K), 0.0020048 secs] 21855K->5491K(59392K), 0.0020693 secs] [Times: user=0.01 sys=0.00, real=0.00 secs] 
2020-10-29T14:47:40.219+0000: [GC (Allocation Failure) 2020-10-29T14:47:40.219+0000: [ParNew: 17762K->1584K(18432K), 0.0023723 secs] 21875K->5697K(59392K), 0.0024285 secs] [Times: user=0.00 sys=0.00, real=0.00 secs] 
2020-10-29T14:47:40.288+0000: [GC (Allocation Failure) 2020-10-29T14:47:40.288+0000: [ParNew: 17968K->1013K(18432K), 0.0038914 secs] 22081K->5501K(59392K), 0.0039394 secs] [Times: user=0.00 sys=0.00, real=0.00 secs] 
2020-10-29T14:47:40.349+0000: [GC (Allocation Failure) 2020-10-29T14:47:40.349+0000: [ParNew: 17397K->1395K(18432K), 0.0019516 secs] 21885K->5883K(59392K), 0.0020027 secs] [Times: user=0.00 sys=0.00, real=0.00 secs] 
2020-10-29T14:47:40.482+0000: [GC (Allocation Failure) 2020-10-29T14:47:40.482+0000: [ParNew: 17779K->1965K(18432K), 0.0028696 secs] 22267K->6585K(59392K), 0.0029180 secs] [Times: user=0.01 sys=0.00, real=0.01 secs] 
2020-10-29T14:47:40.549+0000: [GC (Allocation Failure) 2020-10-29T14:47:40.549+0000: [ParNew: 18349K->1121K(18432K), 0.0035741 secs] 22969K->6293K(59392K), 0.0036227 secs] [Times: user=0.00 sys=0.00, real=0.01 secs] 
2020-10-29T14:47:40.631+0000: [GC (Allocation Failure) 2020-10-29T14:47:40.631+0000: [ParNew: 17505K->1078K(18432K), 0.0022601 secs] 39061K->22634K(59392K), 0.0023081 secs] [Times: user=0.01 sys=0.00, real=0.01 secs] 
2020-10-29T14:47:40.634+0000: [GC (CMS Initial Mark) [1 CMS-initial-mark: 21555K(40960K)] 22695K(59392K), 0.0008969 secs] [Times: user=0.00 sys=0.00, real=0.00 secs] 
2020-10-29T14:47:40.635+0000: [CMS-concurrent-mark-start]
2020-10-29T14:47:40.651+0000: [CMS-concurrent-mark: 0.016/0.016 secs] [Times: user=0.03 sys=0.00, real=0.01 secs] 
2020-10-29T14:47:40.651+0000: [CMS-concurrent-preclean-start]
2020-10-29T14:47:40.651+0000: [CMS-concurrent-preclean: 0.000/0.000 secs] [Times: user=0.00 sys=0.00, real=0.00 secs] 
2020-10-29T14:47:40.651+0000: [GC (CMS Final Remark) [YG occupancy: 2729 K (18432 K)]2020-10-29T14:47:40.651+0000: [Rescan (parallel) , 0.0009788 secs]2020-10-29T14:47:40.652+0000: [weak refs processing, 0.0000326 secs]2020-10-29T14:47:40.652+0000: [class unloading, 0.0022608 secs]2020-10-29T14:47:40.655+0000: [scrub symbol table, 0.0023888 secs]2020-10-29T14:47:40.657+0000: [scrub string table, 0.0002345 secs][1 CMS-remark: 21555K(40960K)] 24284K(59392K), 0.0059832 secs] [Times: user=0.01 sys=0.00, real=0.01 secs] 
2020-10-29T14:47:40.657+0000: [CMS-concurrent-sweep-start]
2020-10-29T14:47:40.660+0000: [CMS-concurrent-sweep: 0.003/0.003 secs] [Times: user=0.00 sys=0.00, real=0.00 secs] 
2020-10-29T14:47:40.660+0000: [CMS-concurrent-reset-start]
2020-10-29T14:47:40.690+0000: [CMS-concurrent-reset: 0.030/0.030 secs] [Times: user=0.03 sys=0.03, real=0.03 secs] 
2020-10-29T14:47:40.736+0000: [GC (Allocation Failure) 2020-10-29T14:47:40.736+0000: [ParNew: 17462K->1444K(18432K), 0.0025032 secs] 38610K->22591K(59392K), 0.0025485 secs] [Times: user=0.00 sys=0.00, real=0.00 secs] 
2020-10-29T14:47:40.845+0000: [GC (Allocation Failure) 2020-10-29T14:47:40.845+0000: [ParNew: 17828K->1428K(18432K), 0.0056860 secs] 55359K->39166K(59392K), 0.0057356 secs] [Times: user=0.01 sys=0.00, real=0.00 secs] 
2020-10-29T14:47:40.851+0000: [GC (CMS Initial Mark) [1 CMS-initial-mark: 37737K(40960K)] 39425K(59392K), 0.0015684 secs] [Times: user=0.00 sys=0.00, real=0.00 secs] 
2020-10-29T14:47:40.852+0000: [CMS-concurrent-mark-start]
2020-10-29T14:47:40.876+0000: [CMS-concurrent-mark: 0.024/0.024 secs] [Times: user=0.05 sys=0.00, real=0.03 secs] 
2020-10-29T14:47:40.876+0000: [CMS-concurrent-preclean-start]
2020-10-29T14:47:40.877+0000: [CMS-concurrent-preclean: 0.001/0.001 secs] [Times: user=0.00 sys=0.00, real=0.00 secs] 
2020-10-29T14:47:40.877+0000: [GC (CMS Final Remark) [YG occupancy: 3244 K (18432 K)]2020-10-29T14:47:40.877+0000: [Rescan (parallel) , 0.0014692 secs]2020-10-29T14:47:40.879+0000: [weak refs processing, 0.0000294 secs]2020-10-29T14:47:40.879+0000: [class unloading, 0.0022836 secs]2020-10-29T14:47:40.881+0000: [scrub symbol table, 0.0024955 secs]2020-10-29T14:47:40.883+0000: [scrub string table, 0.0002419 secs][1 CMS-remark: 37737K(40960K)] 40982K(59392K), 0.0066140 secs] [Times: user=0.01 sys=0.00, real=0.00 secs] 
2020-10-29T14:47:40.884+0000: [CMS-concurrent-sweep-start]
2020-10-29T14:47:40.886+0000: [CMS-concurrent-sweep: 0.002/0.002 secs] [Times: user=0.00 sys=0.00, real=0.01 secs] 
2020-10-29T14:47:40.886+0000: [CMS-concurrent-reset-start]
2020-10-29T14:47:40.888+0000: [CMS-concurrent-reset: 0.002/0.002 secs] [Times: user=0.01 sys=0.00, real=0.00 secs] 
2020-10-29T14:47:40.966+0000: [GC (Allocation Failure) 2020-10-29T14:47:40.966+0000: [ParNew: 17812K->1177K(18432K), 0.0030949 secs] 55495K->39127K(81240K), 0.0031586 secs] [Times: user=0.00 sys=0.00, real=0.00 secs] 
2020-10-29T14:47:41.038+0000: [GC (Allocation Failure) 2020-10-29T14:47:41.038+0000: [ParNew: 17561K->843K(18432K), 0.0022942 secs] 55511K->38977K(81240K), 0.0023626 secs] [Times: user=0.01 sys=0.00, real=0.00 secs] 
2020-10-29T14:47:41.110+0000: [GC (Allocation Failure) 2020-10-29T14:47:41.110+0000: [ParNew: 17227K->1444K(18432K), 0.0020776 secs] 55361K->39578K(81240K), 0.0021270 secs] [Times: user=0.00 sys=0.00, real=0.01 secs] 
2020-10-29T14:47:41.177+0000: [GC (Allocation Failure) 2020-10-29T14:47:41.177+0000: [ParNew: 17828K->1193K(18432K), 0.0024532 secs] 55962K->39592K(81240K), 0.0025038 secs] [Times: user=0.01 sys=0.00, real=0.00 secs] 
2020-10-29T14:47:41.223+0000: [GC (Allocation Failure) 2020-10-29T14:47:41.223+0000: [ParNew: 17577K->1219K(18432K), 0.0017263 secs] 55976K->39618K(81240K), 0.0017744 secs] [Times: user=0.01 sys=0.00, real=0.00 secs] 
2020-10-29T14:47:41.283+0000: [GC (Allocation Failure) 2020-10-29T14:47:41.283+0000: [ParNew: 17603K->1105K(18432K), 0.0025341 secs] 56002K->39651K(81240K), 0.0025856 secs] [Times: user=0.00 sys=0.00, real=0.01 secs] 
2020-10-29T14:47:41.472+0000: [GC (Allocation Failure) 2020-10-29T14:47:41.472+0000: [ParNew: 17489K->1653K(18432K), 0.0043634 secs] 56035K->40199K(81240K), 0.0044082 secs] [Times: user=0.01 sys=0.00, real=0.01 secs] 
2020-10-29T14:47:41.597+0000: [GC (Allocation Failure) 2020-10-29T14:47:41.597+0000: [ParNew: 18037K->1448K(18432K), 0.0133716 secs] 72967K->57626K(81240K), 0.0134230 secs] [Times: user=0.02 sys=0.00, real=0.01 secs] 
2020-10-29T14:47:41.611+0000: [GC (CMS Initial Mark) [1 CMS-initial-mark: 56177K(62808K)] 57711K(81240K), 0.0013489 secs] [Times: user=0.01 sys=0.00, real=0.01 secs] 
2020-10-29T14:47:41.612+0000: [CMS-concurrent-mark-start]
2020-10-29T14:47:41.635+0000: [CMS-concurrent-mark: 0.023/0.023 secs] [Times: user=0.04 sys=0.00, real=0.02 secs] 
2020-10-29T14:47:41.635+0000: [CMS-concurrent-preclean-start]
2020-10-29T14:47:41.636+0000: [CMS-concurrent-preclean: 0.001/0.001 secs] [Times: user=0.00 sys=0.00, real=0.00 secs] 
2020-10-29T14:47:41.640+0000: [GC (CMS Final Remark) [YG occupancy: 2303 K (18432 K)]2020-10-29T14:47:41.640+0000: [Rescan (parallel) , 0.0008305 secs]2020-10-29T14:47:41.641+0000: [weak refs processing, 0.0000376 secs]2020-10-29T14:47:41.641+0000: [class unloading, 0.0042144 secs]2020-10-29T14:47:41.646+0000: [scrub symbol table, 0.0046393 secs]2020-10-29T14:47:41.650+0000: [scrub string table, 0.0004299 secs][1 CMS-remark: 56177K(62808K)] 58481K(81240K), 0.0102703 secs] [Times: user=0.02 sys=0.00, real=0.01 secs] 
2020-10-29T14:47:41.655+0000: [CMS-concurrent-sweep-start]
2020-10-29T14:47:41.659+0000: [CMS-concurrent-sweep: 0.003/0.003 secs] [Times: user=0.01 sys=0.00, real=0.00 secs] 
2020-10-29T14:47:41.659+0000: [CMS-concurrent-reset-start]
2020-10-29T14:47:41.661+0000: [CMS-concurrent-reset: 0.002/0.002 secs] [Times: user=0.00 sys=0.00, real=0.00 secs] 
2020-10-29T14:47:41.779+0000: [GC (Allocation Failure) 2020-10-29T14:47:41.779+0000: [ParNew: 17832K->1118K(18432K), 0.0047205 secs] 73912K->57198K(111900K), 0.0047748 secs] [Times: user=0.01 sys=0.00, real=0.00 secs] 
2020-10-29T14:47:42.006+0000: [GC (Allocation Failure) 2020-10-29T14:47:42.006+0000: [ParNew: 17502K->1229K(18432K), 0.0040424 secs] 89966K->73903K(111900K), 0.0040940 secs] [Times: user=0.00 sys=0.00, real=0.00 secs] 
2020-10-29T14:47:42.011+0000: [GC (CMS Initial Mark) [1 CMS-initial-mark: 72674K(93468K)] 73903K(111900K), 0.0008894 secs] [Times: user=0.00 sys=0.00, real=0.00 secs] 
2020-10-29T14:47:42.011+0000: [CMS-concurrent-mark-start]
2020-10-29T14:47:42.028+0000: [CMS-concurrent-mark: 0.016/0.016 secs] [Times: user=0.04 sys=0.00, real=0.02 secs] 
2020-10-29T14:47:42.028+0000: [CMS-concurrent-preclean-start]
2020-10-29T14:47:42.030+0000: [CMS-concurrent-preclean: 0.002/0.002 secs] [Times: user=0.00 sys=0.01, real=0.00 secs] 
2020-10-29T14:47:42.030+0000: [CMS-concurrent-abortable-preclean-start]
2020-10-29T14:47:42.100+0000: [GC (Allocation Failure) 2020-10-29T14:47:42.100+0000: [ParNew: 17613K->1152K(18432K), 0.0024268 secs] 90287K->73826K(111900K), 0.0025081 secs] [Times: user=0.00 sys=0.00, real=0.00 secs] 
2020-10-29T14:47:42.175+0000: [CMS-concurrent-abortable-preclean: 0.019/0.145 secs] [Times: user=0.24 sys=0.00, real=0.15 secs] 
2020-10-29T14:47:42.175+0000: [GC (CMS Final Remark) [YG occupancy: 10581 K (18432 K)]2020-10-29T14:47:42.175+0000: [Rescan (parallel) , 0.0052213 secs]2020-10-29T14:47:42.180+0000: [weak refs processing, 0.0000383 secs]2020-10-29T14:47:42.180+0000: [class unloading, 0.0037542 secs]2020-10-29T14:47:42.184+0000: [scrub symbol table, 0.0038311 secs]2020-10-29T14:47:42.188+0000: [scrub string table, 0.0003244 secs][1 CMS-remark: 72674K(93468K)] 83255K(111900K), 0.0133026 secs] [Times: user=0.02 sys=0.00, real=0.01 secs] 
2020-10-29T14:47:42.188+0000: [CMS-concurrent-sweep-start]
2020-10-29T14:47:42.192+0000: [CMS-concurrent-sweep: 0.003/0.003 secs] [Times: user=0.00 sys=0.00, real=0.00 secs] 
2020-10-29T14:47:42.192+0000: [CMS-concurrent-reset-start]
2020-10-29T14:47:42.194+0000: [CMS-concurrent-reset: 0.002/0.002 secs] [Times: user=0.01 sys=0.00, real=0.01 secs] 
2020-10-29T14:47:42.235+0000: [GC (Allocation Failure) 2020-10-29T14:47:42.235+0000: [ParNew: 17536K->1686K(18432K), 0.0045780 secs] 90195K->74731K(139532K), 0.0046318 secs] [Times: user=0.01 sys=0.00, real=0.00 secs] 
2020-10-29T14:47:42.342+0000: [GC (Allocation Failure) 2020-10-29T14:47:42.342+0000: [ParNew: 18070K->1543K(18432K), 0.0031325 secs] 91115K->74883K(139532K), 0.0032008 secs] [Times: user=0.01 sys=0.00, real=0.01 secs] 
2020-10-29T14:47:42.429+0000: [GC (Allocation Failure) 2020-10-29T14:47:42.429+0000: [ParNew: 17927K->1423K(18432K), 0.0032508 secs] 91267K->75112K(139532K), 0.0033198 secs] [Times: user=0.01 sys=0.00, real=0.00 secs] 
2020-10-29T14:47:42.554+0000: [GC (Allocation Failure) 2020-10-29T14:47:42.554+0000: [ParNew: 17807K->1378K(18432K), 0.0062749 secs] 91496K->75384K(139532K), 0.0063476 secs] [Times: user=0.01 sys=0.00, real=0.00 secs] 
2020-10-29T14:47:42.759+0000: [GC (Allocation Failure) 2020-10-29T14:47:42.759+0000: [ParNew: 17762K->1593K(18432K), 0.0096889 secs] 91768K->75915K(139532K), 0.0097572 secs] [Times: user=0.03 sys=0.00, real=0.01 secs] 
2020-10-29T14:47:42.905+0000: [GC (Allocation Failure) 2020-10-29T14:47:42.905+0000: [ParNew: 17977K->1226K(18432K), 0.0093354 secs] 92299K->76498K(139532K), 0.0093867 secs] [Times: user=0.02 sys=0.00, real=0.01 secs] 
2020-10-29T14:47:43.107+0000: [GC (Allocation Failure) 2020-10-29T14:47:43.107+0000: [ParNew: 17610K->1264K(18432K), 0.0031863 secs] 92882K->76536K(139532K), 0.0032353 secs] [Times: user=0.01 sys=0.00, real=0.00 secs] 
2020-10-29T14:47:43.285+0000: [GC (Allocation Failure) 2020-10-29T14:47:43.285+0000: [ParNew: 17648K->1565K(18432K), 0.0042667 secs] 92920K->77004K(139532K), 0.0043177 secs] [Times: user=0.01 sys=0.00, real=0.00 secs] 
2020-10-29T14:47:43.366+0000: [GC (Allocation Failure) 2020-10-29T14:47:43.366+0000: [ParNew: 17949K->1495K(18432K), 0.0035174 secs] 93388K->77132K(139532K), 0.0035676 secs] [Times: user=0.00 sys=0.00, real=0.00 secs] 
2020-10-29T14:47:43.432+0000: [GC (Allocation Failure) 2020-10-29T14:47:43.432+0000: [ParNew: 17879K->1159K(18432K), 0.0023537 secs] 93516K->76797K(139532K), 0.0024212 secs] [Times: user=0.00 sys=0.00, real=0.01 secs] 
2020-10-29T14:47:43.529+0000: [GC (Allocation Failure) 2020-10-29T14:47:43.529+0000: [ParNew: 17543K->1127K(18432K), 0.0023858 secs] 93181K->76765K(139532K), 0.0024532 secs] [Times: user=0.00 sys=0.00, real=0.00 secs] 
2020-10-29T14:47:43.598+0000: [GC (Allocation Failure) 2020-10-29T14:47:43.598+0000: [ParNew: 17511K->1071K(18432K), 0.0024964 secs] 93149K->76709K(139532K), 0.0025627 secs] [Times: user=0.00 sys=0.00, real=0.00 secs] 
2020-10-29T14:47:43.669+0000: [GC (Allocation Failure) 2020-10-29T14:47:43.669+0000: [ParNew: 17455K->1826K(18432K), 0.0031102 secs] 93093K->77464K(139532K), 0.0031803 secs] [Times: user=0.01 sys=0.00, real=0.00 secs] 
2020-10-29T14:47:43.744+0000: [GC (Allocation Failure) 2020-10-29T14:47:43.744+0000: [ParNew: 18210K->1441K(18432K), 0.0050468 secs] 93848K->77875K(139532K), 0.0051256 secs] [Times: user=0.02 sys=0.00, real=0.01 secs] 
2020-10-29T14:47:43.802+0000: [GC (Allocation Failure) 2020-10-29T14:47:43.802+0000: [ParNew: 17825K->534K(18432K), 0.0014146 secs] 94259K->76968K(139532K), 0.0014651 secs] [Times: user=0.00 sys=0.00, real=0.00 secs] 
2020-10-29T14:47:43.872+0000: [GC (Allocation Failure) 2020-10-29T14:47:43.872+0000: [ParNew: 16918K->628K(18432K), 0.0016547 secs] 93352K->77062K(139532K), 0.0017054 secs] [Times: user=0.00 sys=0.00, real=0.00 secs] 
2020-10-29T14:47:43.935+0000: [GC (Allocation Failure) 2020-10-29T14:47:43.935+0000: [ParNew: 17012K->1261K(18432K), 0.0019307 secs] 93446K->77695K(139532K), 0.0019820 secs] [Times: user=0.00 sys=0.00, real=0.00 secs] 
2020-10-29T14:47:44.032+0000: [GC (Allocation Failure) 2020-10-29T14:47:44.032+0000: [ParNew: 17645K->571K(18432K), 0.0073569 secs] 94079K->77665K(139532K), 0.0074085 secs] [Times: user=0.02 sys=0.00, real=0.01 secs] 
2020-10-29T14:47:44.105+0000: [GC (Allocation Failure) 2020-10-29T14:47:44.105+0000: [ParNew: 16955K->632K(18432K), 0.0033418 secs] 94049K->77726K(139532K), 0.0033928 secs] [Times: user=0.00 sys=0.00, real=0.00 secs] 
2020-10-29T14:47:44.199+0000: [GC (Allocation Failure) 2020-10-29T14:47:44.199+0000: [ParNew: 17016K->573K(18432K), 0.0036823 secs] 94110K->77667K(139532K), 0.0037265 secs] [Times: user=0.01 sys=0.00, real=0.00 secs] 
2020-10-29T14:47:44.282+0000: [GC (Allocation Failure) 2020-10-29T14:47:44.282+0000: [ParNew: 16957K->590K(18432K), 0.0038708 secs] 94051K->77684K(139532K), 0.0039214 secs] [Times: user=0.01 sys=0.00, real=0.01 secs] 
2020-10-29T14:47:44.374+0000: [GC (Allocation Failure) 2020-10-29T14:47:44.374+0000: [ParNew: 16974K->865K(18432K), 0.0049504 secs] 94068K->77960K(139532K), 0.0050010 secs] [Times: user=0.01 sys=0.00, real=0.00 secs] 
2020-10-29T14:47:44.487+0000: [GC (Allocation Failure) 2020-10-29T14:47:44.487+0000: [ParNew: 17249K->582K(18432K), 0.0042261 secs] 94344K->77676K(139532K), 0.0042783 secs] [Times: user=0.01 sys=0.00, real=0.00 secs] 
2020-10-29T14:47:44.630+0000: [GC (Allocation Failure) 2020-10-29T14:47:44.630+0000: [ParNew: 16966K->920K(18432K), 0.0042035 secs] 94060K->78109K(139532K), 0.0042540 secs] [Times: user=0.01 sys=0.00, real=0.01 secs] 
2020-10-29T14:47:44.774+0000: [GC (Allocation Failure) 2020-10-29T14:47:44.774+0000: [ParNew: 17304K->1430K(18432K), 0.0032970 secs] 94493K->78655K(139532K), 0.0033481 secs] [Times: user=0.01 sys=0.00, real=0.00 secs] 
2020-10-29T14:47:44.833+0000: [GC (Allocation Failure) 2020-10-29T14:47:44.833+0000: [ParNew: 17814K->1482K(18432K), 0.0048513 secs] 95039K->78905K(139532K), 0.0049030 secs] [Times: user=0.01 sys=0.00, real=0.00 secs] 
2020-10-29T14:47:44.955+0000: [GC (Allocation Failure) 2020-10-29T14:47:44.955+0000: [ParNew: 17866K->1469K(18432K), 0.0039668 secs] 95289K->79165K(139532K), 0.0040178 secs] [Times: user=0.01 sys=0.00, real=0.00 secs] 
2020-10-29T14:47:45.112+0000: [GC (Allocation Failure) 2020-10-29T14:47:45.112+0000: [ParNew: 17853K->2048K(18432K), 0.0048860 secs] 95549K->79899K(139532K), 0.0049608 secs] [Times: user=0.01 sys=0.00, real=0.00 secs] 
2020-10-29T14:47:45.257+0000: [GC (Allocation Failure) 2020-10-29T14:47:45.257+0000: [ParNew: 18432K->2048K(18432K), 0.0100883 secs] 96283K->82224K(139532K), 0.0101423 secs] [Times: user=0.02 sys=0.00, real=0.01 secs] 
2020-10-29T14:47:45.400+0000: [GC (Allocation Failure) 2020-10-29T14:47:45.400+0000: [ParNew: 18432K->953K(18432K), 0.0040972 secs] 98608K->81942K(139532K), 0.0041642 secs] [Times: user=0.01 sys=0.00, real=0.00 secs] 
2020-10-29T14:47:45.619+0000: [GC (Allocation Failure) 2020-10-29T14:47:45.619+0000: [ParNew: 17337K->1209K(18432K), 0.0032247 secs] 98326K->82198K(139532K), 0.0033030 secs] [Times: user=0.01 sys=0.00, real=0.00 secs] 
2020-10-29T14:47:45.732+0000: [GC (Allocation Failure) 2020-10-29T14:47:45.732+0000: [ParNew: 17593K->1937K(18432K), 0.0036358 secs] 98582K->83048K(139532K), 0.0037035 secs] [Times: user=0.01 sys=0.00, real=0.01 secs] 
2020-10-29T14:47:45.826+0000: [GC (Allocation Failure) 2020-10-29T14:47:45.826+0000: [ParNew: 18321K->1692K(18432K), 0.0047979 secs] 99432K->83768K(139532K), 0.0048502 secs] [Times: user=0.01 sys=0.00, real=0.00 secs] 
2020-10-29T14:47:45.889+0000: [GC (Allocation Failure) 2020-10-29T14:47:45.889+0000: [ParNew: 18076K->798K(18432K), 0.0018264 secs] 100152K->82875K(139532K), 0.0018763 secs] [Times: user=0.01 sys=0.00, real=0.00 secs] 
2020-10-29T14:47:45.943+0000: [GC (Allocation Failure) 2020-10-29T14:47:45.943+0000: [ParNew: 17182K->704K(18432K), 0.0019668 secs] 99259K->82781K(139532K), 0.0020163 secs] [Times: user=0.00 sys=0.00, real=0.01 secs] 
2020-10-29T14:47:46.012+0000: [GC (Allocation Failure) 2020-10-29T14:47:46.012+0000: [ParNew: 17088K->717K(18432K), 0.0036454 secs] 99165K->82794K(139532K), 0.0036961 secs] [Times: user=0.01 sys=0.00, real=0.01 secs] 
2020-10-29T14:47:46.073+0000: [GC (Allocation Failure) 2020-10-29T14:47:46.073+0000: [ParNew: 17101K->1306K(18432K), 0.0027309 secs] 99178K->83382K(139532K), 0.0027828 secs] [Times: user=0.01 sys=0.00, real=0.00 secs] 
2020-10-29T14:47:46.131+0000: [GC (Allocation Failure) 2020-10-29T14:47:46.131+0000: [ParNew: 17690K->1226K(18432K), 0.0037853 secs] 99766K->83824K(139532K), 0.0038383 secs] [Times: user=0.00 sys=0.00, real=0.01 secs] 
2020-10-29T14:47:46.241+0000: [GC (Allocation Failure) 2020-10-29T14:47:46.241+0000: [ParNew: 17610K->1103K(18432K), 0.0047636 secs] 100208K->83700K(139532K), 0.0048166 secs] [Times: user=0.01 sys=0.00, real=0.01 secs] 
2020-10-29T14:47:46.246+0000: [GC (CMS Initial Mark) [1 CMS-initial-mark: 82597K(121100K)] 83700K(139532K), 0.0020511 secs] [Times: user=0.01 sys=0.00, real=0.00 secs] 
2020-10-29T14:47:46.248+0000: [CMS-concurrent-mark-start]
2020-10-29T14:47:46.310+0000: [CMS-concurrent-mark: 0.061/0.061 secs] [Times: user=0.12 sys=0.00, real=0.06 secs] 
2020-10-29T14:47:46.310+0000: [CMS-concurrent-preclean-start]
2020-10-29T14:47:46.311+0000: [CMS-concurrent-preclean: 0.001/0.002 secs] [Times: user=0.00 sys=0.00, real=0.00 secs] 
2020-10-29T14:47:46.311+0000: [CMS-concurrent-abortable-preclean-start]
2020-10-29T14:47:46.370+0000: [GC (Allocation Failure) 2020-10-29T14:47:46.370+0000: [ParNew: 17487K->1160K(18432K), 0.0065523 secs] 100084K->83949K(139532K), 0.0066071 secs] [Times: user=0.01 sys=0.00, real=0.01 secs] 
2020-10-29T14:47:46.511+0000: [GC (Allocation Failure) 2020-10-29T14:47:46.511+0000: [ParNew: 17544K->1055K(18432K), 0.0054812 secs] 100333K->83844K(139532K), 0.0055350 secs] [Times: user=0.02 sys=0.00, real=0.01 secs] 
2020-10-29T14:47:46.517+0000: [CMS-concurrent-abortable-preclean: 0.042/0.206 secs] [Times: user=0.41 sys=0.00, real=0.21 secs] 
2020-10-29T14:47:46.517+0000: [GC (CMS Final Remark) [YG occupancy: 1383 K (18432 K)]2020-10-29T14:47:46.517+0000: [Rescan (parallel) , 0.0018208 secs]2020-10-29T14:47:46.519+0000: [weak refs processing, 0.0000858 secs]2020-10-29T14:47:46.519+0000: [class unloading, 0.0059157 secs]2020-10-29T14:47:46.525+0000: [scrub symbol table, 0.0070611 secs]2020-10-29T14:47:46.532+0000: [scrub string table, 0.0004501 secs][1 CMS-remark: 82788K(121100K)] 84172K(139532K), 0.0154906 secs] [Times: user=0.01 sys=0.00, real=0.02 secs] 
2020-10-29T14:47:46.533+0000: [CMS-concurrent-sweep-start]
2020-10-29T14:47:46.545+0000: [CMS-concurrent-sweep: 0.012/0.012 secs] [Times: user=0.03 sys=0.00, real=0.01 secs] 
2020-10-29T14:47:46.545+0000: [CMS-concurrent-reset-start]
2020-10-29T14:47:46.547+0000: [CMS-concurrent-reset: 0.002/0.002 secs] [Times: user=0.00 sys=0.00, real=0.00 secs] 
2020-10-29T14:47:46.612+0000: [GC (Allocation Failure) 2020-10-29T14:47:46.612+0000: [ParNew: 17439K->1848K(18432K), 0.0030474 secs] 99349K->83758K(154952K), 0.0031168 secs] [Times: user=0.00 sys=0.00, real=0.00 secs] 
2020-10-29T14:47:46.692+0000: [GC (Allocation Failure) 2020-10-29T14:47:46.692+0000: [ParNew: 18222K->1504K(18432K), 0.0061057 secs] 100132K->84025K(154952K), 0.0061869 secs] [Times: user=0.01 sys=0.00, real=0.01 secs] 
2020-10-29T14:47:46.763+0000: [GC (Allocation Failure) 2020-10-29T14:47:46.763+0000: [ParNew: 17888K->942K(18432K), 0.0023429 secs] 100409K->83555K(154952K), 0.0023945 secs] [Times: user=0.00 sys=0.00, real=0.01 secs] 
2020-10-29T14:47:46.917+0000: [GC (Allocation Failure) 2020-10-29T14:47:46.917+0000: [ParNew: 17326K->1161K(18432K), 0.0038475 secs] 99939K->83774K(154952K), 0.0039007 secs] [Times: user=0.00 sys=0.00, real=0.00 secs] 
2020-10-29T14:47:47.142+0000: [GC (Allocation Failure) 2020-10-29T14:47:47.142+0000: [ParNew: 17545K->2048K(18432K), 0.0196327 secs] 100158K->85774K(154952K), 0.0196917 secs] [Times: user=0.04 sys=0.00, real=0.02 secs] 
2020-10-29T14:47:47.239+0000: [GC (Allocation Failure) 2020-10-29T14:47:47.239+0000: [ParNew: 18432K->2047K(18432K), 0.0088882 secs] 102158K->87983K(154952K), 0.0089412 secs] [Times: user=0.01 sys=0.00, real=0.01 secs] 
2020-10-29T14:47:47.313+0000: [GC (Allocation Failure) 2020-10-29T14:47:47.313+0000: [ParNew: 18431K->1032K(18432K), 0.0021365 secs] 104367K->86968K(154952K), 0.0021885 secs] [Times: user=0.00 sys=0.00, real=0.00 secs] 
2020-10-29T14:47:47.390+0000: [GC (Allocation Failure) 2020-10-29T14:47:47.391+0000: [ParNew: 17416K->873K(18432K), 0.0047861 secs] 103352K->86809K(154952K), 0.0048378 secs] [Times: user=0.00 sys=0.00, real=0.01 secs] 
2020-10-29T14:47:47.496+0000: [GC (Allocation Failure) 2020-10-29T14:47:47.496+0000: [ParNew: 17257K->1036K(18432K), 0.0027054 secs] 103193K->86972K(154952K), 0.0027762 secs] [Times: user=0.00 sys=0.00, real=0.00 secs] 
2020-10-29T14:47:47.623+0000: [GC (Allocation Failure) 2020-10-29T14:47:47.623+0000: [ParNew: 17420K->1002K(18432K), 0.0028521 secs] 103356K->86938K(154952K), 0.0029201 secs] [Times: user=0.01 sys=0.00, real=0.01 secs] 
2020-10-29T14:47:47.694+0000: [GC (Allocation Failure) 2020-10-29T14:47:47.694+0000: [ParNew: 17386K->1424K(18432K), 0.0031232 secs] 103322K->87360K(154952K), 0.0031915 secs] [Times: user=0.00 sys=0.00, real=0.00 secs] 
2020-10-29T14:47:47.764+0000: [GC (Allocation Failure) 2020-10-29T14:47:47.764+0000: [ParNew: 17808K->1268K(18432K), 0.0034146 secs] 103744K->87294K(154952K), 0.0034856 secs] [Times: user=0.01 sys=0.00, real=0.01 secs] 
2020-10-29T14:47:47.829+0000: [GC (Allocation Failure) 2020-10-29T14:47:47.829+0000: [ParNew: 17652K->1495K(18432K), 0.0035381 secs] 103678K->87602K(154952K), 0.0035918 secs] [Times: user=0.01 sys=0.00, real=0.01 secs] 
2020-10-29T14:47:47.904+0000: [GC (Allocation Failure) 2020-10-29T14:47:47.904+0000: [ParNew: 17879K->1581K(18432K), 0.0044601 secs] 103986K->87968K(154952K), 0.0045127 secs] [Times: user=0.01 sys=0.00, real=0.01 secs] 
2020-10-29T14:47:48.135+0000: [GC (Allocation Failure) 2020-10-29T14:47:48.135+0000: [ParNew: 17965K->2047K(18432K), 0.0056794 secs] 104352K->88644K(154952K), 0.0057339 secs] [Times: user=0.01 sys=0.00, real=0.00 secs] 
2020-10-29T14:47:48.344+0000: [GC (Allocation Failure) 2020-10-29T14:47:48.344+0000: [ParNew: 18431K->1666K(18432K), 0.0061881 secs] 105028K->89542K(154952K), 0.0062397 secs] [Times: user=0.01 sys=0.00, real=0.01 secs] 
2020-10-29T14:47:48.381+0000: [GC (Allocation Failure) 2020-10-29T14:47:48.381+0000: [ParNew: 9907K->738K(18432K), 0.0022539 secs] 97783K->88615K(154952K), 0.0023024 secs] [Times: user=0.00 sys=0.00, real=0.00 secs] 
2020-10-29T14:47:48.637+0000: [GC (Allocation Failure) 2020-10-29T14:47:48.637+0000: [ParNew: 17122K->553K(18432K), 0.0135566 secs] 104999K->96621K(154952K), 0.0136303 secs] [Times: user=0.03 sys=0.00, real=0.01 secs] 
2020-10-29T14:47:48.653+0000: [GC (CMS Initial Mark) [1 CMS-initial-mark: 96068K(136520K)] 96945K(154952K), 0.0015878 secs] [Times: user=0.00 sys=0.00, real=0.00 secs] 
2020-10-29T14:47:48.655+0000: [CMS-concurrent-mark-start]
2020-10-29T14:47:48.698+0000: [CMS-concurrent-mark: 0.043/0.043 secs] [Times: user=0.08 sys=0.00, real=0.04 secs] 
2020-10-29T14:47:48.698+0000: [CMS-concurrent-preclean-start]
2020-10-29T14:47:48.699+0000: [CMS-concurrent-preclean: 0.001/0.001 secs] [Times: user=0.01 sys=0.00, real=0.00 secs] 
2020-10-29T14:47:48.699+0000: [CMS-concurrent-abortable-preclean-start]
2020-10-29T14:47:48.841+0000: [GC (Allocation Failure) 2020-10-29T14:47:48.841+0000: [ParNew: 16937K->716K(18432K), 0.0022293 secs] 113005K->96785K(154952K), 0.0022831 secs] [Times: user=0.01 sys=0.00, real=0.00 secs] 
2020-10-29T14:47:48.989+0000: [GC (Allocation Failure) 2020-10-29T14:47:48.990+0000: [ParNew: 17100K->766K(18432K), 0.0034049 secs] 113169K->96834K(154952K), 0.0034733 secs] [Times: user=0.01 sys=0.00, real=0.01 secs] 
2020-10-29T14:47:48.993+0000: [CMS-concurrent-abortable-preclean: 0.013/0.294 secs] [Times: user=0.56 sys=0.01, real=0.30 secs] 
2020-10-29T14:47:48.996+0000: [GC (CMS Final Remark) [YG occupancy: 766 K (18432 K)]2020-10-29T14:47:48.996+0000: [Rescan (parallel) , 0.0018199 secs]2020-10-29T14:47:48.998+0000: [weak refs processing, 0.0000492 secs]2020-10-29T14:47:48.998+0000: [class unloading, 0.0072384 secs]2020-10-29T14:47:49.006+0000: [scrub symbol table, 0.0091883 secs]2020-10-29T14:47:49.015+0000: [scrub string table, 0.0005432 secs][1 CMS-remark: 96068K(136520K)] 96834K(154952K), 0.0190000 secs] [Times: user=0.02 sys=0.00, real=0.02 secs] 
2020-10-29T14:47:49.020+0000: [CMS-concurrent-sweep-start]
2020-10-29T14:47:49.042+0000: [CMS-concurrent-sweep: 0.022/0.022 secs] [Times: user=0.04 sys=0.00, real=0.02 secs] 
2020-10-29T14:47:49.042+0000: [CMS-concurrent-reset-start]
2020-10-29T14:47:49.043+0000: [CMS-concurrent-reset: 0.002/0.002 secs] [Times: user=0.00 sys=0.00, real=0.00 secs] 
2020-10-29T14:47:49.131+0000: [GC (Allocation Failure) 2020-10-29T14:47:49.131+0000: [ParNew: 17150K->754K(18432K), 0.0026592 secs] 112662K->96267K(177620K), 0.0027121 secs] [Times: user=0.00 sys=0.00, real=0.01 secs] 
2020-10-29T14:47:49.217+0000: [GC (Allocation Failure) 2020-10-29T14:47:49.217+0000: [ParNew: 17138K->738K(18432K), 0.0025882 secs] 112651K->96596K(177620K), 0.0026439 secs] [Times: user=0.00 sys=0.00, real=0.00 secs] 
2020-10-29T14:47:49.288+0000: [GC (Allocation Failure) 2020-10-29T14:47:49.288+0000: [ParNew: 17122K->580K(18432K), 0.0026943 secs] 112980K->96471K(177620K), 0.0027476 secs] [Times: user=0.01 sys=0.00, real=0.00 secs] 
2020-10-29T14:47:49.354+0000: [GC (Allocation Failure) 2020-10-29T14:47:49.354+0000: [ParNew: 16964K->522K(18432K), 0.0034908 secs] 112855K->96419K(177620K), 0.0035440 secs] [Times: user=0.00 sys=0.00, real=0.00 secs] 
2020-10-29T14:47:49.418+0000: [GC (Allocation Failure) 2020-10-29T14:47:49.418+0000: [ParNew: 16906K->1035K(18432K), 0.0019673 secs] 112803K->96934K(177620K), 0.0020209 secs] [Times: user=0.01 sys=0.00, real=0.00 secs] 
2020-10-29T14:47:49.470+0000: [GC (Allocation Failure) 2020-10-29T14:47:49.470+0000: [ParNew: 17419K->9K(18432K), 0.0020893 secs] 113318K->96940K(177620K), 0.0021610 secs] [Times: user=0.00 sys=0.00, real=0.00 secs] 
2020-10-29T14:47:49.520+0000: [GC (Allocation Failure) 2020-10-29T14:47:49.520+0000: [ParNew: 16393K->4K(18432K), 0.0015156 secs] 113324K->96934K(177620K), 0.0015855 secs] [Times: user=0.00 sys=0.00, real=0.00 secs] 
2020-10-29T14:47:49.568+0000: [GC (Allocation Failure) 2020-10-29T14:47:49.568+0000: [ParNew: 16388K->6K(18432K), 0.0014975 secs] 113318K->96936K(177620K), 0.0015666 secs] [Times: user=0.00 sys=0.00, real=0.00 secs] 
2020-10-29T14:47:49.615+0000: [GC (Allocation Failure) 2020-10-29T14:47:49.615+0000: [ParNew: 16390K->8K(18432K), 0.0015310 secs] 113320K->96938K(177620K), 0.0016021 secs] [Times: user=0.00 sys=0.00, real=0.00 secs] 
2020-10-29T14:47:49.651+0000: [GC (Allocation Failure) 2020-10-29T14:47:49.651+0000: [ParNew: 16392K->9K(18432K), 0.0015240 secs] 113322K->96940K(177620K), 0.0015761 secs] [Times: user=0.00 sys=0.00, real=0.01 secs] 
2020-10-29T14:47:49.682+0000: [GC (Allocation Failure) 2020-10-29T14:47:49.682+0000: [ParNew: 16393K->8K(18432K), 0.0015284 secs] 113324K->96939K(177620K), 0.0015808 secs] [Times: user=0.00 sys=0.00, real=0.00 secs] 
2020-10-29T14:47:49.707+0000: [GC (Allocation Failure) 2020-10-29T14:47:49.707+0000: [ParNew: 16392K->11K(18432K), 0.0015023 secs] 113323K->96942K(177620K), 0.0015543 secs] [Times: user=0.00 sys=0.00, real=0.00 secs] 
2020-10-29T14:47:49.735+0000: [GC (Allocation Failure) 2020-10-29T14:47:49.735+0000: [ParNew: 16395K->8K(18432K), 0.0025981 secs] 113326K->98987K(177620K), 0.0026680 secs] [Times: user=0.00 sys=0.00, real=0.00 secs] 
2020-10-29T14:47:49.770+0000: [GC (Allocation Failure) 2020-10-29T14:47:49.770+0000: [ParNew: 16392K->8K(18432K), 0.0015369 secs] 115371K->98989K(177620K), 0.0015880 secs] [Times: user=0.00 sys=0.00, real=0.00 secs] 
2020-10-29T14:47:49.793+0000: [GC (Allocation Failure) 2020-10-29T14:47:49.793+0000: [ParNew: 16392K->4K(18432K), 0.0015178 secs] 115373K->98987K(177620K), 0.0015677 secs] [Times: user=0.00 sys=0.00, real=0.00 secs] 
2020-10-29T14:47:49.814+0000: [GC (Allocation Failure) 2020-10-29T14:47:49.814+0000: [ParNew: 16388K->4K(18432K), 0.0015047 secs] 115371K->98987K(177620K), 0.0015642 secs] [Times: user=0.00 sys=0.00, real=0.00 secs] 
2020-10-29T14:47:49.839+0000: [GC (Allocation Failure) 2020-10-29T14:47:49.839+0000: [ParNew: 16388K->4K(18432K), 0.0014940 secs] 115371K->98987K(177620K), 0.0015464 secs] [Times: user=0.00 sys=0.00, real=0.00 secs] 
2020-10-29T14:47:49.883+0000: [GC (Allocation Failure) 2020-10-29T14:47:49.883+0000: [ParNew: 16388K->4K(18432K), 0.0015589 secs] 115371K->98988K(177620K), 0.0016223 secs] [Times: user=0.00 sys=0.00, real=0.01 secs] 
2020-10-29T14:47:49.917+0000: [GC (Allocation Failure) 2020-10-29T14:47:49.917+0000: [ParNew: 16388K->4K(18432K), 0.0023282 secs] 115372K->98988K(177620K), 0.0023832 secs] [Times: user=0.01 sys=0.00, real=0.00 secs] 
2020-10-29T14:47:49.941+0000: [GC (Allocation Failure) 2020-10-29T14:47:49.941+0000: [ParNew: 16388K->4K(18432K), 0.0015167 secs] 115372K->98988K(177620K), 0.0015686 secs] [Times: user=0.01 sys=0.00, real=0.00 secs] 
2020-10-29T14:47:49.959+0000: [GC (Allocation Failure) 2020-10-29T14:47:49.959+0000: [ParNew: 16388K->4K(18432K), 0.0014810 secs] 115372K->98988K(177620K), 0.0015357 secs] [Times: user=0.01 sys=0.00, real=0.00 secs] 
2020-10-29T14:47:49.978+0000: [GC (Allocation Failure) 2020-10-29T14:47:49.978+0000: [ParNew: 16388K->4K(18432K), 0.0013999 secs] 115372K->98988K(177620K), 0.0014474 secs] [Times: user=0.00 sys=0.00, real=0.00 secs] 
2020-10-29T14:47:49.996+0000: [GC (Allocation Failure) 2020-10-29T14:47:49.996+0000: [ParNew: 16388K->4K(18432K), 0.0014921 secs] 115372K->98988K(177620K), 0.0015436 secs] [Times: user=0.00 sys=0.00, real=0.00 secs] 
2020-10-29T14:47:50.016+0000: [GC (Allocation Failure) 2020-10-29T14:47:50.016+0000: [ParNew: 16388K->4K(18432K), 0.0014562 secs] 115372K->98988K(177620K), 0.0015052 secs] [Times: user=0.00 sys=0.00, real=0.00 secs] 
2020-10-29T14:47:50.029+0000: [GC (Allocation Failure) 2020-10-29T14:47:50.029+0000: [ParNew: 16388K->4K(18432K), 0.0071979 secs] 115372K->107180K(177620K), 0.0072476 secs] [Times: user=0.01 sys=0.00, real=0.01 secs] 
2020-10-29T14:47:50.036+0000: [GC (CMS Initial Mark) [1 CMS-initial-mark: 107176K(159188K)] 107508K(177620K), 0.0011639 secs] [Times: user=0.00 sys=0.00, real=0.00 secs] 
2020-10-29T14:47:50.038+0000: [CMS-concurrent-mark-start]
2020-10-29T14:47:50.069+0000: [GC (Allocation Failure) 2020-10-29T14:47:50.069+0000: [ParNew: 16388K->4K(18432K), 0.0013757 secs] 123564K->107180K(177620K), 0.0014290 secs] [Times: user=0.00 sys=0.00, real=0.00 secs] 
2020-10-29T14:47:50.083+0000: [CMS-concurrent-mark: 0.044/0.046 secs] [Times: user=0.08 sys=0.00, real=0.04 secs] 
2020-10-29T14:47:50.083+0000: [CMS-concurrent-preclean-start]
2020-10-29T14:47:50.085+0000: [CMS-concurrent-preclean: 0.002/0.002 secs] [Times: user=0.01 sys=0.00, real=0.01 secs] 
2020-10-29T14:47:50.085+0000: [CMS-concurrent-abortable-preclean-start]
2020-10-29T14:47:50.093+0000: [GC (Allocation Failure) 2020-10-29T14:47:50.093+0000: [ParNew: 16388K->4K(18432K), 0.0012065 secs] 123564K->107180K(177620K), 0.0012499 secs] [Times: user=0.00 sys=0.00, real=0.00 secs] 
2020-10-29T14:47:50.120+0000: [GC (Allocation Failure) 2020-10-29T14:47:50.120+0000: [ParNew: 16388K->4K(18432K), 0.0014906 secs] 123564K->107180K(177620K), 0.0015592 secs] [Times: user=0.01 sys=0.00, real=0.00 secs] 
2020-10-29T14:47:50.141+0000: [GC (Allocation Failure) 2020-10-29T14:47:50.141+0000: [ParNew: 16388K->4K(18432K), 0.0012943 secs] 123564K->107180K(177620K), 0.0013616 secs] [Times: user=0.01 sys=0.00, real=0.00 secs] 
2020-10-29T14:47:50.166+0000: [GC (Allocation Failure) 2020-10-29T14:47:50.166+0000: [ParNew: 16388K->4K(18432K), 0.0018029 secs] 123564K->107180K(177620K), 0.0018651 secs] [Times: user=0.00 sys=0.00, real=0.00 secs] 
2020-10-29T14:47:50.185+0000: [GC (Allocation Failure) 2020-10-29T14:47:50.185+0000: [ParNew: 16388K->6K(18432K), 0.0014680 secs] 123564K->107182K(177620K), 0.0015199 secs] [Times: user=0.00 sys=0.00, real=0.00 secs] 
2020-10-29T14:47:50.201+0000: [GC (Allocation Failure) 2020-10-29T14:47:50.201+0000: [ParNew: 16390K->4K(18432K), 0.0040426 secs] 123566K->111276K(177620K), 0.0041135 secs] [Times: user=0.01 sys=0.00, real=0.01 secs] 
2020-10-29T14:47:50.224+0000: [GC (Allocation Failure) 2020-10-29T14:47:50.224+0000: [ParNew: 16388K->10K(18432K), 0.0014957 secs] 127660K->111282K(177620K), 0.0015467 secs] [Times: user=0.00 sys=0.00, real=0.01 secs] 
2020-10-29T14:47:50.250+0000: [GC (Allocation Failure) 2020-10-29T14:47:50.250+0000: [ParNew: 16394K->12K(18432K), 0.0014606 secs] 127666K->111285K(177620K), 0.0015124 secs] [Times: user=0.00 sys=0.00, real=0.00 secs] 
2020-10-29T14:47:50.270+0000: [GC (Allocation Failure) 2020-10-29T14:47:50.270+0000: [ParNew: 16396K->10K(18432K), 0.0014804 secs] 127669K->111283K(177620K), 0.0015321 secs] [Times: user=0.00 sys=0.00, real=0.00 secs] 
2020-10-29T14:47:50.290+0000: [GC (Allocation Failure) 2020-10-29T14:47:50.290+0000: [ParNew: 16394K->9K(18432K), 0.0013444 secs] 127667K->111283K(177620K), 0.0013944 secs] [Times: user=0.00 sys=0.00, real=0.00 secs] 
2020-10-29T14:47:50.310+0000: [GC (Allocation Failure) 2020-10-29T14:47:50.310+0000: [ParNew: 16393K->8K(18432K), 0.0015322 secs] 127667K->111282K(177620K), 0.0015866 secs] [Times: user=0.01 sys=0.00, real=0.00 secs] 
2020-10-29T14:47:50.331+0000: [GC (Allocation Failure) 2020-10-29T14:47:50.331+0000: [ParNew: 16392K->9K(18432K), 0.0014964 secs] 127666K->111284K(177620K), 0.0015489 secs] [Times: user=0.01 sys=0.00, real=0.01 secs] 
2020-10-29T14:47:50.353+0000: [GC (Allocation Failure) 2020-10-29T14:47:50.353+0000: [ParNew: 16393K->4K(18432K), 0.0014710 secs] 127668K->111282K(177620K), 0.0015203 secs] [Times: user=0.00 sys=0.00, real=0.00 secs] 
2020-10-29T14:47:50.374+0000: [GC (Allocation Failure) 2020-10-29T14:47:50.374+0000: [ParNew: 16388K->4K(18432K), 0.0013464 secs] 127666K->111282K(177620K), 0.0013931 secs] [Times: user=0.00 sys=0.00, real=0.00 secs] 
2020-10-29T14:47:50.395+0000: [GC (Allocation Failure) 2020-10-29T14:47:50.395+0000: [ParNew: 16388K->4K(18432K), 0.0015576 secs] 127666K->111282K(177620K), 0.0016116 secs] [Times: user=0.00 sys=0.00, real=0.00 secs] 
2020-10-29T14:47:50.420+0000: [GC (Allocation Failure) 2020-10-29T14:47:50.420+0000: [ParNew: 16388K->4K(18432K), 0.0015265 secs] 127666K->111282K(177620K), 0.0015798 secs] [Times: user=0.00 sys=0.00, real=0.00 secs] 
2020-10-29T14:47:50.453+0000: [GC (Allocation Failure) 2020-10-29T14:47:50.453+0000: [ParNew: 16388K->4K(18432K), 0.0015214 secs] 127666K->111282K(177620K), 0.0015862 secs] [Times: user=0.01 sys=0.00, real=0.00 secs] 
2020-10-29T14:47:50.488+0000: [GC (Allocation Failure) 2020-10-29T14:47:50.488+0000: [ParNew: 16388K->2K(18432K), 0.0029251 secs] 127666K->111280K(177620K), 0.0029774 secs] [Times: user=0.00 sys=0.00, real=0.00 secs] 
2020-10-29T14:47:50.524+0000: [GC (Allocation Failure) 2020-10-29T14:47:50.524+0000: [ParNew: 16386K->4K(18432K), 0.0015098 secs] 127664K->111282K(177620K), 0.0015613 secs] [Times: user=0.00 sys=0.00, real=0.01 secs] 
2020-10-29T14:47:50.545+0000: [GC (Allocation Failure) 2020-10-29T14:47:50.545+0000: [ParNew: 16388K->4K(18432K), 0.0014689 secs] 127666K->111282K(177620K), 0.0015220 secs] [Times: user=0.00 sys=0.00, real=0.00 secs] 
2020-10-29T14:47:50.565+0000: [GC (Allocation Failure) 2020-10-29T14:47:50.565+0000: [ParNew: 16388K->4K(18432K), 0.0015197 secs] 127666K->111282K(177620K), 0.0015720 secs] [Times: user=0.01 sys=0.00, real=0.00 secs] 
2020-10-29T14:47:50.583+0000: [GC (Allocation Failure) 2020-10-29T14:47:50.583+0000: [ParNew: 16388K->4K(18432K), 0.0013836 secs] 127666K->111282K(177620K), 0.0014486 secs] [Times: user=0.00 sys=0.00, real=0.01 secs] 
2020-10-29T14:47:50.601+0000: [GC (Allocation Failure) 2020-10-29T14:47:50.601+0000: [ParNew: 16388K->4K(18432K), 0.0015331 secs] 127666K->111282K(177620K), 0.0015865 secs] [Times: user=0.01 sys=0.00, real=0.00 secs] 
2020-10-29T14:47:50.620+0000: [GC (Allocation Failure) 2020-10-29T14:47:50.620+0000: [ParNew: 16388K->4K(18432K), 0.0015182 secs] 127666K->111282K(177620K), 0.0015707 secs] [Times: user=0.01 sys=0.00, real=0.00 secs] 
2020-10-29T14:47:50.644+0000: [GC (Allocation Failure) 2020-10-29T14:47:50.644+0000: [ParNew: 16388K->4K(18432K), 0.0015062 secs] 127666K->111282K(177620K), 0.0015766 secs] [Times: user=0.01 sys=0.00, real=0.01 secs] 
2020-10-29T14:47:50.669+0000: [GC (Allocation Failure) 2020-10-29T14:47:50.669+0000: [ParNew: 16388K->4K(18432K), 0.0014553 secs] 127666K->111283K(177620K), 0.0015074 secs] [Times: user=0.00 sys=0.00, real=0.00 secs] 
2020-10-29T14:47:50.687+0000: [GC (Allocation Failure) 2020-10-29T14:47:50.687+0000: [ParNew: 16388K->4K(18432K), 0.0015024 secs] 127667K->111283K(177620K), 0.0015552 secs] [Times: user=0.00 sys=0.00, real=0.00 secs] 
2020-10-29T14:47:50.707+0000: [GC (Allocation Failure) 2020-10-29T14:47:50.707+0000: [ParNew: 16388K->4K(18432K), 0.0014733 secs] 127667K->111283K(177620K), 0.0015267 secs] [Times: user=0.00 sys=0.00, real=0.00 secs] 
2020-10-29T14:47:50.727+0000: [GC (Allocation Failure) 2020-10-29T14:47:50.727+0000: [ParNew: 16388K->4K(18432K), 0.0013188 secs] 127667K->111283K(177620K), 0.0013803 secs] [Times: user=0.00 sys=0.00, real=0.00 secs] 
2020-10-29T14:47:50.745+0000: [GC (Allocation Failure) 2020-10-29T14:47:50.745+0000: [ParNew: 16388K->4K(18432K), 0.0011567 secs] 127667K->111283K(177620K), 0.0012011 secs] [Times: user=0.00 sys=0.00, real=0.00 secs] 
2020-10-29T14:47:50.763+0000: [GC (Allocation Failure) 2020-10-29T14:47:50.763+0000: [ParNew: 16388K->4K(18432K), 0.0012475 secs] 127667K->111283K(177620K), 0.0012970 secs] [Times: user=0.00 sys=0.00, real=0.00 secs] 
2020-10-29T14:47:50.774+0000: [GC (Allocation Failure) 2020-10-29T14:47:50.774+0000: [ParNew: 16388K->4K(18432K), 0.0066152 secs] 127667K->119475K(177620K), 0.0066615 secs] [Times: user=0.01 sys=0.00, real=0.00 secs] 
2020-10-29T14:47:50.797+0000: [GC (Allocation Failure) 2020-10-29T14:47:50.797+0000: [ParNew: 16388K->4K(18432K), 0.0014489 secs] 135859K->119475K(177620K), 0.0014997 secs] [Times: user=0.00 sys=0.00, real=0.00 secs] 
2020-10-29T14:47:50.818+0000: [GC (Allocation Failure) 2020-10-29T14:47:50.818+0000: [ParNew: 16388K->4K(18432K), 0.0014579 secs] 135859K->119475K(177620K), 0.0015173 secs] [Times: user=0.00 sys=0.00, real=0.00 secs] 
2020-10-29T14:47:50.837+0000: [GC (Allocation Failure) 2020-10-29T14:47:50.837+0000: [ParNew: 16388K->4K(18432K), 0.0010647 secs] 135859K->119475K(177620K), 0.0011088 secs] [Times: user=0.00 sys=0.00, real=0.00 secs] 
2020-10-29T14:47:50.854+0000: [GC (Allocation Failure) 2020-10-29T14:47:50.854+0000: [ParNew: 16388K->4K(18432K), 0.0014389 secs] 135859K->119475K(177620K), 0.0014910 secs] [Times: user=0.00 sys=0.00, real=0.00 secs] 
2020-10-29T14:47:50.876+0000: [GC (Allocation Failure) 2020-10-29T14:47:50.876+0000: [ParNew: 16388K->4K(18432K), 0.0015145 secs] 135859K->119475K(177620K), 0.0015683 secs] [Times: user=0.01 sys=0.00, real=0.00 secs] 
2020-10-29T14:47:50.895+0000: [GC (Allocation Failure) 2020-10-29T14:47:50.895+0000: [ParNew: 16388K->4K(18432K), 0.0012846 secs] 135859K->119476K(177620K), 0.0013346 secs] [Times: user=0.01 sys=0.00, real=0.00 secs] 
2020-10-29T14:47:50.913+0000: [GC (Allocation Failure) 2020-10-29T14:47:50.913+0000: [ParNew: 16388K->4K(18432K), 0.0013084 secs] 135860K->119476K(177620K), 0.0013549 secs] [Times: user=0.01 sys=0.00, real=0.00 secs] 
2020-10-29T14:47:50.931+0000: [GC (Allocation Failure) 2020-10-29T14:47:50.931+0000: [ParNew: 16388K->4K(18432K), 0.0014011 secs] 135860K->119476K(177620K), 0.0014665 secs] [Times: user=0.01 sys=0.00, real=0.01 secs] 
2020-10-29T14:47:50.953+0000: [GC (Allocation Failure) 2020-10-29T14:47:50.953+0000: [ParNew: 16388K->4K(18432K), 0.0014559 secs] 135860K->119476K(177620K), 0.0015180 secs] [Times: user=0.00 sys=0.00, real=0.00 secs] 
2020-10-29T14:47:50.981+0000: [GC (Allocation Failure) 2020-10-29T14:47:50.981+0000: [ParNew: 16388K->8K(18432K), 0.0021893 secs] 135860K->119480K(177620K), 0.0022417 secs] [Times: user=0.00 sys=0.00, real=0.00 secs] 
2020-10-29T14:47:51.013+0000: [GC (Allocation Failure) 2020-10-29T14:47:51.013+0000: [ParNew: 16392K->8K(18432K), 0.0015062 secs] 135864K->119480K(177620K), 0.0015878 secs] [Times: user=0.00 sys=0.00, real=0.00 secs] 
2020-10-29T14:47:51.028+0000: [GC (Allocation Failure) 2020-10-29T14:47:51.028+0000: [ParNew: 9183K->7K(18432K), 0.0012171 secs] 128655K->119480K(177620K), 0.0012650 secs] [Times: user=0.01 sys=0.00, real=0.00 secs] 
2020-10-29T14:47:51.039+0000: [GC (Allocation Failure) 2020-10-29T14:47:51.039+0000: [ParNew: 16391K->8K(18432K), 0.0069865 secs] 135864K->127672K(177620K), 0.0070529 secs] [Times: user=0.01 sys=0.01, real=0.01 secs] 
2020-10-29T14:47:51.046+0000: [CMS-concurrent-abortable-preclean: 0.031/0.961 secs] [Times: user=1.29 sys=0.03, real=0.96 secs] 
2020-10-29T14:47:51.047+0000: [GC (CMS Final Remark) [YG occupancy: 333 K (18432 K)]2020-10-29T14:47:51.047+0000: [Rescan (parallel) , 0.0011644 secs]2020-10-29T14:47:51.049+0000: [weak refs processing, 0.0000262 secs]2020-10-29T14:47:51.049+0000: [class unloading, 0.0074015 secs]2020-10-29T14:47:51.056+0000: [scrub symbol table, 0.0091536 secs]2020-10-29T14:47:51.065+0000: [scrub string table, 0.0005469 secs][1 CMS-remark: 127664K(159188K)] 127997K(177620K), 0.0184070 secs] [Times: user=0.02 sys=0.00, real=0.02 secs] 
2020-10-29T14:47:51.066+0000: [CMS-concurrent-sweep-start]
2020-10-29T14:47:51.076+0000: [CMS-concurrent-sweep: 0.011/0.011 secs] [Times: user=0.02 sys=0.00, real=0.01 secs] 
2020-10-29T14:47:51.077+0000: [CMS-concurrent-reset-start]
2020-10-29T14:47:51.078+0000: [CMS-concurrent-reset: 0.002/0.002 secs] [Times: user=0.00 sys=0.00, real=0.00 secs] 
2020-10-29T14:47:51.088+0000: [GC (Allocation Failure) 2020-10-29T14:47:51.088+0000: [ParNew: 16392K->8K(18432K), 0.0016432 secs] 142897K->126514K(229276K), 0.0016829 secs] [Times: user=0.00 sys=0.00, real=0.00 secs] 
2020-10-29T14:47:51.106+0000: [GC (Allocation Failure) 2020-10-29T14:47:51.106+0000: [ParNew: 16392K->8K(18432K), 0.0016225 secs] 142898K->126514K(229276K), 0.0016711 secs] [Times: user=0.00 sys=0.00, real=0.00 secs] 
2020-10-29T14:47:51.124+0000: [GC (Allocation Failure) 2020-10-29T14:47:51.124+0000: [ParNew: 16392K->5K(18432K), 0.0016094 secs] 142898K->126515K(229276K), 0.0016604 secs] [Times: user=0.00 sys=0.00, real=0.01 secs] 
2020-10-29T14:47:51.142+0000: [GC (Allocation Failure) 2020-10-29T14:47:51.142+0000: [ParNew: 16389K->4K(18432K), 0.0015010 secs] 142899K->126514K(229276K), 0.0015476 secs] [Times: user=0.00 sys=0.00, real=0.00 secs] 
2020-10-29T14:47:51.160+0000: [GC (Allocation Failure) 2020-10-29T14:47:51.160+0000: [ParNew: 16388K->4K(18432K), 0.0016022 secs] 142898K->126514K(229276K), 0.0016543 secs] [Times: user=0.01 sys=0.00, real=0.00 secs] 
2020-10-29T14:47:51.178+0000: [GC (Allocation Failure) 2020-10-29T14:47:51.178+0000: [ParNew: 16388K->4K(18432K), 0.0016777 secs] 142898K->126514K(229276K), 0.0017276 secs] [Times: user=0.01 sys=0.00, real=0.00 secs] 
2020-10-29T14:47:51.197+0000: [GC (Allocation Failure) 2020-10-29T14:47:51.197+0000: [ParNew: 16388K->4K(18432K), 0.0016160 secs] 142898K->126514K(229276K), 0.0016649 secs] [Times: user=0.01 sys=0.00, real=0.00 secs] 
2020-10-29T14:47:51.215+0000: [GC (Allocation Failure) 2020-10-29T14:47:51.215+0000: [ParNew: 16388K->4K(18432K), 0.0016097 secs] 142898K->126514K(229276K), 0.0016615 secs] [Times: user=0.01 sys=0.00, real=0.00 secs] 
2020-10-29T14:47:51.235+0000: [GC (Allocation Failure) 2020-10-29T14:47:51.235+0000: [ParNew: 16388K->4K(18432K), 0.0016281 secs] 142898K->126514K(229276K), 0.0016809 secs] [Times: user=0.00 sys=0.00, real=0.00 secs] 
2020-10-29T14:47:51.254+0000: [GC (Allocation Failure) 2020-10-29T14:47:51.254+0000: [ParNew: 16388K->4K(18432K), 0.0015963 secs] 142898K->126514K(229276K), 0.0016550 secs] [Times: user=0.00 sys=0.00, real=0.00 secs] 
2020-10-29T14:47:51.275+0000: [GC (Allocation Failure) 2020-10-29T14:47:51.275+0000: [ParNew: 16388K->4K(18432K), 0.0016302 secs] 142898K->126514K(229276K), 0.0016820 secs] [Times: user=0.00 sys=0.00, real=0.00 secs] 
2020-10-29T14:47:51.293+0000: [GC (Allocation Failure) 2020-10-29T14:47:51.293+0000: [ParNew: 16388K->4K(18432K), 0.0013980 secs] 142898K->126514K(229276K), 0.0014432 secs] [Times: user=0.00 sys=0.00, real=0.00 secs] 
2020-10-29T14:47:51.311+0000: [GC (Allocation Failure) 2020-10-29T14:47:51.311+0000: [ParNew: 16388K->4K(18432K), 0.0016655 secs] 142898K->126514K(229276K), 0.0017194 secs] [Times: user=0.00 sys=0.00, real=0.01 secs] 
2020-10-29T14:47:51.330+0000: [GC (Allocation Failure) 2020-10-29T14:47:51.330+0000: [ParNew: 16388K->4K(18432K), 0.0016009 secs] 142898K->126514K(229276K), 0.0016524 secs] [Times: user=0.00 sys=0.00, real=0.00 secs] 
2020-10-29T14:47:51.348+0000: [GC (Allocation Failure) 2020-10-29T14:47:51.348+0000: [ParNew: 16388K->4K(18432K), 0.0016366 secs] 142898K->126514K(229276K), 0.0016900 secs] [Times: user=0.00 sys=0.00, real=0.00 secs] 
2020-10-29T14:47:51.366+0000: [GC (Allocation Failure) 2020-10-29T14:47:51.366+0000: [ParNew: 16388K->4K(18432K), 0.0016041 secs] 142898K->126514K(229276K), 0.0016542 secs] [Times: user=0.00 sys=0.00, real=0.00 secs] 
2020-10-29T14:47:51.377+0000: [GC (Allocation Failure) 2020-10-29T14:47:51.377+0000: [ParNew: 16388K->4K(18432K), 0.0073126 secs] 142898K->134706K(229276K), 0.0073666 secs] [Times: user=0.01 sys=0.00, real=0.01 secs] 
2020-10-29T14:47:51.388+0000: [GC (CMS Initial Mark) [1 CMS-initial-mark: 134702K(210844K)] 138628K(229276K), 0.0034886 secs] [Times: user=0.01 sys=0.00, real=0.00 secs] 
2020-10-29T14:47:51.392+0000: [CMS-concurrent-mark-start]
2020-10-29T14:47:51.412+0000: [GC (Allocation Failure) 2020-10-29T14:47:51.412+0000: [ParNew: 16388K->4K(18432K), 0.0014283 secs] 151090K->134706K(229276K), 0.0014786 secs] [Times: user=0.00 sys=0.00, real=0.01 secs] 
2020-10-29T14:47:51.438+0000: [CMS-concurrent-mark: 0.045/0.046 secs] [Times: user=0.09 sys=0.00, real=0.05 secs] 
2020-10-29T14:47:51.438+0000: [CMS-concurrent-preclean-start]
2020-10-29T14:47:51.439+0000: [GC (Allocation Failure) 2020-10-29T14:47:51.439+0000: [ParNew: 16388K->4K(18432K), 0.0012066 secs] 151090K->134706K(229276K), 0.0012446 secs] [Times: user=0.01 sys=0.00, real=0.00 secs] 
2020-10-29T14:47:51.441+0000: [CMS-concurrent-preclean: 0.002/0.003 secs] [Times: user=0.01 sys=0.00, real=0.00 secs] 
2020-10-29T14:47:51.444+0000: [GC (CMS Final Remark) [YG occupancy: 330 K (18432 K)]2020-10-29T14:47:51.444+0000: [Rescan (parallel) , 0.0010192 secs]2020-10-29T14:47:51.445+0000: [weak refs processing, 0.0000275 secs]2020-10-29T14:47:51.446+0000: [class unloading, 0.0072087 secs]2020-10-29T14:47:51.453+0000: [scrub symbol table, 0.0089657 secs]2020-10-29T14:47:51.462+0000: [scrub string table, 0.0005391 secs][1 CMS-remark: 134702K(210844K)] 135033K(229276K), 0.0178606 secs] [Times: user=0.02 sys=0.00, real=0.01 secs] 
2020-10-29T14:47:51.464+0000: [CMS-concurrent-sweep-start]
2020-10-29T14:47:51.475+0000: [CMS-concurrent-sweep: 0.011/0.011 secs] [Times: user=0.02 sys=0.00, real=0.01 secs] 
2020-10-29T14:47:51.475+0000: [CMS-concurrent-reset-start]
2020-10-29T14:47:51.477+0000: [CMS-concurrent-reset: 0.002/0.002 secs] [Times: user=0.00 sys=0.00, real=0.00 secs] 
2020-10-29T14:47:51.485+0000: [GC (Allocation Failure) 2020-10-29T14:47:51.485+0000: [ParNew: 16388K->4K(18432K), 0.0015969 secs] 144946K->128562K(232696K), 0.0016367 secs] [Times: user=0.00 sys=0.00, real=0.00 secs] 
2020-10-29T14:47:51.507+0000: [GC (Allocation Failure) 2020-10-29T14:47:51.507+0000: [ParNew: 16388K->4K(18432K), 0.0015967 secs] 144946K->128562K(232696K), 0.0016452 secs] [Times: user=0.01 sys=0.00, real=0.00 secs] 
2020-10-29T14:47:51.525+0000: [GC (Allocation Failure) 2020-10-29T14:47:51.525+0000: [ParNew: 16388K->4K(18432K), 0.0016122 secs] 144946K->128562K(232696K), 0.0016644 secs] [Times: user=0.00 sys=0.00, real=0.00 secs] 
2020-10-29T14:47:51.543+0000: [GC (Allocation Failure) 2020-10-29T14:47:51.543+0000: [ParNew: 16388K->4K(18432K), 0.0015667 secs] 144946K->128562K(232696K), 0.0016269 secs] [Times: user=0.00 sys=0.00, real=0.01 secs] 
2020-10-29T14:47:51.561+0000: [GC (Allocation Failure) 2020-10-29T14:47:51.561+0000: [ParNew: 16388K->4K(18432K), 0.0015381 secs] 144946K->128562K(232696K), 0.0015855 secs] [Times: user=0.00 sys=0.00, real=0.00 secs] 
2020-10-29T14:47:51.581+0000: [GC (Allocation Failure) 2020-10-29T14:47:51.581+0000: [ParNew: 16388K->4K(18432K), 0.0016129 secs] 144946K->128562K(232696K), 0.0016650 secs] [Times: user=0.00 sys=0.00, real=0.00 secs] 
2020-10-29T14:47:51.599+0000: [GC (Allocation Failure) 2020-10-29T14:47:51.599+0000: [ParNew: 16388K->4K(18432K), 0.0016040 secs] 144946K->128562K(232696K), 0.0016543 secs] [Times: user=0.00 sys=0.00, real=0.00 secs] 
2020-10-29T14:47:51.618+0000: [GC (Allocation Failure) 2020-10-29T14:47:51.618+0000: [ParNew: 16388K->4K(18432K), 0.0015534 secs] 144946K->128562K(232696K), 0.0016029 secs] [Times: user=0.01 sys=0.00, real=0.00 secs] 
2020-10-29T14:47:51.636+0000: [GC (Allocation Failure) 2020-10-29T14:47:51.636+0000: [ParNew: 16388K->4K(18432K), 0.0015826 secs] 144946K->128562K(232696K), 0.0016321 secs] [Times: user=0.00 sys=0.00, real=0.00 secs] 
2020-10-29T14:47:51.654+0000: [GC (Allocation Failure) 2020-10-29T14:47:51.654+0000: [ParNew: 16388K->4K(18432K), 0.0015861 secs] 144946K->128562K(232696K), 0.0016379 secs] [Times: user=0.00 sys=0.00, real=0.00 secs] 
2020-10-29T14:47:51.672+0000: [GC (Allocation Failure) 2020-10-29T14:47:51.672+0000: [ParNew: 16388K->4K(18432K), 0.0015949 secs] 144946K->128562K(232696K), 0.0016422 secs] [Times: user=0.00 sys=0.00, real=0.01 secs] 
2020-10-29T14:47:51.690+0000: [GC (Allocation Failure) 2020-10-29T14:47:51.690+0000: [ParNew: 16388K->4K(18432K), 0.0016164 secs] 144946K->128562K(232696K), 0.0016720 secs] [Times: user=0.01 sys=0.00, real=0.00 secs] 
2020-10-29T14:47:51.708+0000: [GC (Allocation Failure) 2020-10-29T14:47:51.708+0000: [ParNew: 16388K->4K(18432K), 0.0015942 secs] 144946K->128562K(232696K), 0.0016604 secs] [Times: user=0.00 sys=0.00, real=0.00 secs] 
2020-10-29T14:47:51.726+0000: [GC (Allocation Failure) 2020-10-29T14:47:51.726+0000: [ParNew: 16388K->4K(18432K), 0.0016050 secs] 144946K->128562K(232696K), 0.0016571 secs] [Times: user=0.00 sys=0.00, real=0.00 secs] 
2020-10-29T14:47:51.744+0000: [GC (Allocation Failure) 2020-10-29T14:47:51.744+0000: [ParNew: 16388K->4K(18432K), 0.0014798 secs] 144946K->128562K(232696K), 0.0015248 secs] [Times: user=0.00 sys=0.00, real=0.00 secs] 
2020-10-29T14:47:51.762+0000: [GC (Allocation Failure) 2020-10-29T14:47:51.762+0000: [ParNew: 16388K->4K(18432K), 0.0014848 secs] 144946K->128562K(232696K), 0.0015310 secs] [Times: user=0.00 sys=0.00, real=0.00 secs] 
2020-10-29T14:47:51.780+0000: [GC (Allocation Failure) 2020-10-29T14:47:51.780+0000: [ParNew: 16388K->4K(18432K), 0.0014725 secs] 144946K->128562K(232696K), 0.0015175 secs] [Times: user=0.00 sys=0.00, real=0.00 secs] 
2020-10-29T14:47:51.798+0000: [GC (Allocation Failure) 2020-10-29T14:47:51.798+0000: [ParNew: 16388K->4K(18432K), 0.0014297 secs] 144946K->128562K(232696K), 0.0014800 secs] [Times: user=0.00 sys=0.00, real=0.00 secs] 
2020-10-29T14:47:51.816+0000: [GC (Allocation Failure) 2020-10-29T14:47:51.816+0000: [ParNew: 16388K->4K(18432K), 0.0014437 secs] 144946K->128562K(232696K), 0.0014867 secs] [Times: user=0.00 sys=0.00, real=0.00 secs] 
2020-10-29T14:47:51.834+0000: [GC (Allocation Failure) 2020-10-29T14:47:51.834+0000: [ParNew: 16388K->4K(18432K), 0.0015683 secs] 144946K->128562K(232696K), 0.0016202 secs] [Times: user=0.00 sys=0.00, real=0.00 secs] 
2020-10-29T14:47:51.852+0000: [GC (Allocation Failure) 2020-10-29T14:47:51.852+0000: [ParNew: 16388K->4K(18432K), 0.0015186 secs] 144946K->128562K(232696K), 0.0015649 secs] [Times: user=0.00 sys=0.00, real=0.01 secs] 
2020-10-29T14:47:51.870+0000: [GC (Allocation Failure) 2020-10-29T14:47:51.870+0000: [ParNew: 16388K->4K(18432K), 0.0015224 secs] 144946K->128562K(232696K), 0.0015699 secs] [Times: user=0.00 sys=0.00, real=0.00 secs] 
2020-10-29T14:47:51.888+0000: [GC (Allocation Failure) 2020-10-29T14:47:51.888+0000: [ParNew: 16388K->4K(18432K), 0.0015910 secs] 144946K->128562K(232696K), 0.0016426 secs] [Times: user=0.00 sys=0.00, real=0.00 secs] 
2020-10-29T14:47:51.907+0000: [GC (Allocation Failure) 2020-10-29T14:47:51.907+0000: [ParNew: 16388K->4K(18432K), 0.0016250 secs] 144946K->128562K(232696K), 0.0016757 secs] [Times: user=0.00 sys=0.00, real=0.00 secs] 
2020-10-29T14:47:51.918+0000: [GC (Allocation Failure) 2020-10-29T14:47:51.918+0000: [ParNew: 16388K->4K(18432K), 0.0071743 secs] 144946K->136754K(232696K), 0.0072219 secs] [Times: user=0.01 sys=0.00, real=0.01 secs] 
2020-10-29T14:47:51.928+0000: [GC (CMS Initial Mark) [1 CMS-initial-mark: 136750K(214264K)] 137080K(232696K), 0.0012086 secs] [Times: user=0.00 sys=0.00, real=0.00 secs] 
2020-10-29T14:47:51.930+0000: [CMS-concurrent-mark-start]
2020-10-29T14:47:51.960+0000: [GC (Allocation Failure) 2020-10-29T14:47:51.960+0000: [ParNew: 16388K->4K(18432K), 0.0015018 secs] 153138K->136754K(232696K), 0.0015530 secs] [Times: user=0.00 sys=0.00, real=0.00 secs] 
2020-10-29T14:47:51.972+0000: [CMS-concurrent-mark: 0.040/0.042 secs] [Times: user=0.07 sys=0.00, real=0.04 secs] 
2020-10-29T14:47:51.972+0000: [CMS-concurrent-preclean-start]
2020-10-29T14:47:51.973+0000: [CMS-concurrent-preclean: 0.001/0.001 secs] [Times: user=0.00 sys=0.00, real=0.01 secs] 
2020-10-29T14:47:51.973+0000: [CMS-concurrent-abortable-preclean-start]
2020-10-29T14:47:51.983+0000: [GC (Allocation Failure) 2020-10-29T14:47:51.983+0000: [ParNew: 16388K->4K(18432K), 0.0011692 secs] 153138K->136754K(232696K), 0.0012076 secs] [Times: user=0.00 sys=0.00, real=0.00 secs] 
2020-10-29T14:47:52.005+0000: [GC (Allocation Failure) 2020-10-29T14:47:52.005+0000: [ParNew: 16388K->4K(18432K), 0.0015567 secs] 153138K->136754K(232696K), 0.0016072 secs] [Times: user=0.00 sys=0.00, real=0.00 secs] 
2020-10-29T14:47:52.023+0000: [GC (Allocation Failure) 2020-10-29T14:47:52.023+0000: [ParNew: 16388K->4K(18432K), 0.0015382 secs] 153138K->136754K(232696K), 0.0016088 secs] [Times: user=0.00 sys=0.00, real=0.01 secs] 
2020-10-29T14:47:52.042+0000: [GC (Allocation Failure) 2020-10-29T14:47:52.042+0000: [ParNew: 16388K->4K(18432K), 0.0016216 secs] 153138K->136754K(232696K), 0.0016732 secs] [Times: user=0.00 sys=0.00, real=0.00 secs] 
2020-10-29T14:47:52.060+0000: [GC (Allocation Failure) 2020-10-29T14:47:52.060+0000: [ParNew: 16388K->4K(18432K), 0.0015279 secs] 153138K->136754K(232696K), 0.0015791 secs] [Times: user=0.00 sys=0.00, real=0.00 secs] 
2020-10-29T14:47:52.079+0000: [GC (Allocation Failure) 2020-10-29T14:47:52.079+0000: [ParNew: 16388K->4K(18432K), 0.0015647 secs] 153138K->136754K(232696K), 0.0016241 secs] [Times: user=0.00 sys=0.00, real=0.00 secs] 
2020-10-29T14:47:52.097+0000: [GC (Allocation Failure) 2020-10-29T14:47:52.097+0000: [ParNew: 16388K->4K(18432K), 0.0016388 secs] 153138K->136754K(232696K), 0.0016902 secs] [Times: user=0.00 sys=0.00, real=0.00 secs] 
2020-10-29T14:47:52.115+0000: [GC (Allocation Failure) 2020-10-29T14:47:52.115+0000: [ParNew: 16388K->4K(18432K), 0.0016111 secs] 153138K->136754K(232696K), 0.0016839 secs] [Times: user=0.00 sys=0.00, real=0.00 secs] 
2020-10-29T14:47:52.134+0000: [GC (Allocation Failure) 2020-10-29T14:47:52.134+0000: [ParNew: 16388K->4K(18432K), 0.0015342 secs] 153138K->136754K(232696K), 0.0015835 secs] [Times: user=0.00 sys=0.00, real=0.00 secs] 
2020-10-29T14:47:52.152+0000: [GC (Allocation Failure) 2020-10-29T14:47:52.152+0000: [ParNew: 16388K->4K(18432K), 0.0014576 secs] 153138K->136754K(232696K), 0.0015074 secs] [Times: user=0.00 sys=0.00, real=0.01 secs] 
2020-10-29T14:47:52.171+0000: [GC (Allocation Failure) 2020-10-29T14:47:52.171+0000: [ParNew: 16388K->4K(18432K), 0.0015209 secs] 153138K->136754K(232696K), 0.0015837 secs] [Times: user=0.01 sys=0.00, real=0.01 secs] 
2020-10-29T14:47:52.189+0000: [GC (Allocation Failure) 2020-10-29T14:47:52.189+0000: [ParNew: 16388K->4K(18432K), 0.0013530 secs] 153138K->136754K(232696K), 0.0014007 secs] [Times: user=0.01 sys=0.00, real=0.00 secs] 
2020-10-29T14:47:52.208+0000: [GC (Allocation Failure) 2020-10-29T14:47:52.208+0000: [ParNew: 16388K->4K(18432K), 0.0014575 secs] 153138K->136754K(232696K), 0.0015072 secs] [Times: user=0.01 sys=0.00, real=0.00 secs] 
2020-10-29T14:47:52.230+0000: [GC (Allocation Failure) 2020-10-29T14:47:52.230+0000: [ParNew: 16388K->4K(18432K), 0.0014079 secs] 153138K->136754K(232696K), 0.0014575 secs] [Times: user=0.01 sys=0.00, real=0.00 secs] 
2020-10-29T14:47:52.248+0000: [GC (Allocation Failure) 2020-10-29T14:47:52.248+0000: [ParNew: 16388K->4K(18432K), 0.0013498 secs] 153138K->136754K(232696K), 0.0014114 secs] [Times: user=0.01 sys=0.00, real=0.00 secs] 
2020-10-29T14:47:52.266+0000: [GC (Allocation Failure) 2020-10-29T14:47:52.266+0000: [ParNew: 16388K->4K(18432K), 0.0012707 secs] 153138K->136754K(232696K), 0.0013157 secs] [Times: user=0.01 sys=0.00, real=0.00 secs] 
2020-10-29T14:47:52.284+0000: [GC (Allocation Failure) 2020-10-29T14:47:52.284+0000: [ParNew: 16388K->4K(18432K), 0.0013884 secs] 153138K->136754K(232696K), 0.0014370 secs] [Times: user=0.00 sys=0.01, real=0.01 secs] 
2020-10-29T14:47:52.302+0000: [GC (Allocation Failure) 2020-10-29T14:47:52.302+0000: [ParNew: 16388K->4K(18432K), 0.0013193 secs] 153138K->136754K(232696K), 0.0013676 secs] [Times: user=0.00 sys=0.00, real=0.00 secs] 
2020-10-29T14:47:52.321+0000: [GC (Allocation Failure) 2020-10-29T14:47:52.321+0000: [ParNew: 16388K->4K(18432K), 0.0014765 secs] 153138K->136754K(232696K), 0.0015276 secs] [Times: user=0.00 sys=0.00, real=0.00 secs] 
2020-10-29T14:47:52.348+0000: [GC (Allocation Failure) 2020-10-29T14:47:52.348+0000: [ParNew: 16388K->4K(18432K), 0.0015985 secs] 169522K->153138K(232696K), 0.0016550 secs] [Times: user=0.00 sys=0.00, real=0.00 secs] 
2020-10-29T14:47:52.366+0000: [GC (Allocation Failure) 2020-10-29T14:47:52.366+0000: [ParNew: 16388K->4K(18432K), 0.0013995 secs] 169522K->153138K(232696K), 0.0014458 secs] [Times: user=0.00 sys=0.00, real=0.00 secs] 
2020-10-29T14:47:52.391+0000: [GC (Allocation Failure) 2020-10-29T14:47:52.391+0000: [ParNew: 16388K->4K(18432K), 0.0015703 secs] 169522K->153138K(232696K), 0.0016242 secs] [Times: user=0.00 sys=0.00, real=0.01 secs] 
2020-10-29T14:47:52.418+0000: [GC (Allocation Failure) 2020-10-29T14:47:52.418+0000: [ParNew: 16388K->4K(18432K), 0.0015171 secs] 169522K->153138K(232696K), 0.0015768 secs] [Times: user=0.00 sys=0.00, real=0.00 secs] 
2020-10-29T14:47:52.436+0000: [GC (Allocation Failure) 2020-10-29T14:47:52.436+0000: [ParNew: 16388K->4K(18432K), 0.0015902 secs] 169522K->153138K(232696K), 0.0016434 secs] [Times: user=0.00 sys=0.00, real=0.00 secs] 
2020-10-29T14:47:52.456+0000: [GC (Allocation Failure) 2020-10-29T14:47:52.457+0000: [ParNew: 16388K->4K(18432K), 0.0017914 secs] 169522K->153138K(232696K), 0.0018549 secs] [Times: user=0.00 sys=0.00, real=0.00 secs] 
2020-10-29T14:47:52.476+0000: [GC (Allocation Failure) 2020-10-29T14:47:52.476+0000: [ParNew: 16388K->4K(18432K), 0.0015952 secs] 169522K->153138K(232696K), 0.0016463 secs] [Times: user=0.00 sys=0.00, real=0.00 secs] 
2020-10-29T14:47:52.494+0000: [GC (Allocation Failure) 2020-10-29T14:47:52.494+0000: [ParNew: 16388K->4K(18432K), 0.0013388 secs] 169522K->153138K(232696K), 0.0013835 secs] [Times: user=0.00 sys=0.00, real=0.00 secs] 
2020-10-29T14:47:52.512+0000: [GC (Allocation Failure) 2020-10-29T14:47:52.512+0000: [ParNew: 16388K->4K(18432K), 0.0015003 secs] 169522K->153138K(232696K), 0.0015513 secs] [Times: user=0.00 sys=0.00, real=0.01 secs] 
2020-10-29T14:47:52.542+0000: [GC (Allocation Failure) 2020-10-29T14:47:52.542+0000: [ParNew: 16388K->4K(18432K), 0.0016081 secs] 169522K->153138K(232696K), 0.0016613 secs] [Times: user=0.01 sys=0.00, real=0.00 secs] 
2020-10-29T14:47:52.562+0000: [GC (Allocation Failure) 2020-10-29T14:47:52.562+0000: [ParNew: 16388K->4K(18432K), 0.0016292 secs] 169522K->153138K(232696K), 0.0016866 secs] [Times: user=0.01 sys=0.00, real=0.00 secs] 
2020-10-29T14:47:52.580+0000: [GC (Allocation Failure) 2020-10-29T14:47:52.580+0000: [ParNew: 16388K->4K(18432K), 0.0013264 secs] 169522K->153139K(232696K), 0.0013744 secs] [Times: user=0.00 sys=0.00, real=0.00 secs] 
2020-10-29T14:47:52.598+0000: [GC (Allocation Failure) 2020-10-29T14:47:52.598+0000: [ParNew: 16388K->4K(18432K), 0.0013489 secs] 169523K->153139K(232696K), 0.0013967 secs] [Times: user=0.00 sys=0.00, real=0.00 secs] 
2020-10-29T14:47:52.802+0000: [CMS-concurrent-abortable-preclean: 0.027/0.829 secs] [Times: user=1.13 sys=0.03, real=0.82 secs] 
2020-10-29T14:47:52.802+0000: [GC (CMS Final Remark) [YG occupancy: 14096 K (18432 K)]2020-10-29T14:47:52.802+0000: [Rescan (parallel) , 0.0092679 secs]2020-10-29T14:47:52.812+0000: [weak refs processing, 0.0000350 secs]2020-10-29T14:47:52.812+0000: [class unloading, 0.0075471 secs]2020-10-29T14:47:52.819+0000: [scrub symbol table, 0.0094317 secs]2020-10-29T14:47:52.829+0000: [scrub string table, 0.0005451 secs][1 CMS-remark: 153135K(214264K)] 167231K(232696K), 0.0270333 secs] [Times: user=0.03 sys=0.00, real=0.03 secs] 
2020-10-29T14:47:52.830+0000: [CMS-concurrent-sweep-start]
2020-10-29T14:47:52.848+0000: [CMS-concurrent-sweep: 0.018/0.019 secs] [Times: user=0.04 sys=0.00, real=0.02 secs] 
2020-10-29T14:47:52.848+0000: [CMS-concurrent-reset-start]
2020-10-29T14:47:52.850+0000: [CMS-concurrent-reset: 0.002/0.002 secs] [Times: user=0.00 sys=0.00, real=0.00 secs] 
2020-10-29T14:47:52.989+0000: [GC (Allocation Failure) 2020-10-29T14:47:52.989+0000: [ParNew: 16388K->44K(18432K), 0.0035740 secs] 169490K->153146K(273604K), 0.0036375 secs] [Times: user=0.00 sys=0.00, real=0.01 secs] 
2020-10-29T14:47:53.235+0000: [GC (Allocation Failure) 2020-10-29T14:47:53.235+0000: [ParNew: 16428K->197K(18432K), 0.0019301 secs] 169530K->153299K(273604K), 0.0019940 secs] [Times: user=0.00 sys=0.00, real=0.00 secs] 
2020-10-29T14:47:53.320+0000: [GC (Allocation Failure) 2020-10-29T14:47:53.320+0000: [ParNew: 16581K->67K(18432K), 0.0018647 secs] 169683K->153169K(273604K), 0.0019187 secs] [Times: user=0.00 sys=0.00, real=0.00 secs] 
2020-10-29T14:47:53.372+0000: [GC (Allocation Failure) 2020-10-29T14:47:53.372+0000: [ParNew: 16451K->45K(18432K), 0.0018435 secs] 169553K->153148K(273604K), 0.0019169 secs] [Times: user=0.01 sys=0.00, real=0.00 secs] 
2020-10-29T14:47:53.426+0000: [GC (Allocation Failure) 2020-10-29T14:47:53.426+0000: [ParNew: 16429K->65K(18432K), 0.0018550 secs] 169532K->153168K(273604K), 0.0019297 secs] [Times: user=0.00 sys=0.00, real=0.00 secs] 
2020-10-29T14:47:53.496+0000: [GC (Allocation Failure) 2020-10-29T14:47:53.496+0000: [ParNew: 16449K->65K(18432K), 0.0018629 secs] 169552K->153167K(273604K), 0.0019368 secs] [Times: user=0.01 sys=0.00, real=0.00 secs] 
2020-10-29T14:47:53.567+0000: [GC (Allocation Failure) 2020-10-29T14:47:53.567+0000: [ParNew: 16449K->40K(18432K), 0.0019494 secs] 169551K->153150K(273604K), 0.0020220 secs] [Times: user=0.00 sys=0.00, real=0.00 secs] 
2020-10-29T14:47:53.652+0000: [GC (Allocation Failure) 2020-10-29T14:47:53.652+0000: [ParNew: 16424K->39K(18432K), 0.0019898 secs] 169534K->153186K(273604K), 0.0020658 secs] [Times: user=0.01 sys=0.00, real=0.01 secs] 
2020-10-29T14:47:53.733+0000: [GC (Allocation Failure) 2020-10-29T14:47:53.733+0000: [ParNew: 16423K->9K(18432K), 0.0016706 secs] 169570K->153157K(273604K), 0.0017251 secs] [Times: user=0.00 sys=0.00, real=0.00 secs] 
2020-10-29T14:47:53.783+0000: [GC (Allocation Failure) 2020-10-29T14:47:53.783+0000: [ParNew: 16393K->2K(18432K), 0.0034492 secs] 169541K->153149K(273604K), 0.0035048 secs] [Times: user=0.00 sys=0.00, real=0.01 secs] 
2020-10-29T14:47:53.837+0000: [GC (Allocation Failure) 2020-10-29T14:47:53.837+0000: [ParNew: 16386K->2K(18432K), 0.0033721 secs] 169533K->153149K(273604K), 0.0034469 secs] [Times: user=0.01 sys=0.00, real=0.00 secs] 
2020-10-29T14:47:53.885+0000: [GC (Allocation Failure) 2020-10-29T14:47:53.885+0000: [ParNew: 16386K->2K(18432K), 0.0027486 secs] 169533K->153149K(273604K), 0.0028136 secs] [Times: user=0.01 sys=0.00, real=0.00 secs] 
2020-10-29T14:47:53.922+0000: [GC (Allocation Failure) 2020-10-29T14:47:53.922+0000: [ParNew: 16386K->4K(18432K), 0.0029264 secs] 169533K->153151K(273604K), 0.0029930 secs] [Times: user=0.01 sys=0.00, real=0.01 secs] 
2020-10-29T14:47:53.962+0000: [GC (Allocation Failure) 2020-10-29T14:47:53.962+0000: [ParNew: 16388K->4K(18432K), 0.0016920 secs] 169535K->153151K(273604K), 0.0017485 secs] [Times: user=0.00 sys=0.00, real=0.00 secs] 
2020-10-29T14:47:53.997+0000: [GC (Allocation Failure) 2020-10-29T14:47:53.997+0000: [ParNew: 16388K->2K(18432K), 0.0026778 secs] 169535K->153149K(273604K), 0.0027319 secs] [Times: user=0.00 sys=0.00, real=0.00 secs] 
2020-10-29T14:47:54.032+0000: [GC (Allocation Failure) 2020-10-29T14:47:54.032+0000: [ParNew: 16386K->4K(18432K), 0.0017056 secs] 169533K->153151K(273604K), 0.0017607 secs] [Times: user=0.00 sys=0.00, real=0.01 secs] 
2020-10-29T14:47:54.053+0000: [GC (Allocation Failure) 2020-10-29T14:47:54.053+0000: [ParNew: 16388K->4K(18432K), 0.0016899 secs] 169535K->153151K(273604K), 0.0017436 secs] [Times: user=0.01 sys=0.00, real=0.00 secs] 
2020-10-29T14:47:54.074+0000: [GC (Allocation Failure) 2020-10-29T14:47:54.074+0000: [ParNew: 16388K->4K(18432K), 0.0017089 secs] 169535K->153151K(273604K), 0.0017635 secs] [Times: user=0.00 sys=0.00, real=0.00 secs] 
2020-10-29T14:47:54.104+0000: [GC (Allocation Failure) 2020-10-29T14:47:54.104+0000: [ParNew: 16388K->62K(18432K), 0.0018252 secs] 169535K->153210K(273604K), 0.0018939 secs] [Times: user=0.01 sys=0.00, real=0.01 secs] 
2020-10-29T14:47:56.126+0000: [GC (Allocation Failure) 2020-10-29T14:47:56.126+0000: [ParNew: 16446K->650K(18432K), 0.0027337 secs] 169594K->153797K(273604K), 0.0027857 secs] [Times: user=0.01 sys=0.00, real=0.00 secs] 
2020-10-29T14:47:56.241+0000: [GC (Allocation Failure) 2020-10-29T14:47:56.241+0000: [ParNew: 17034K->1045K(18432K), 0.0030862 secs] 170181K->154193K(273604K), 0.0031572 secs] [Times: user=0.01 sys=0.00, real=0.00 secs] 
2020-10-29T14:47:56.444+0000: [GC (Allocation Failure) 2020-10-29T14:47:56.444+0000: [ParNew: 17429K->1331K(18432K), 0.0035116 secs] 170577K->154479K(273604K), 0.0035746 secs] [Times: user=0.01 sys=0.00, real=0.01 secs] 
2020-10-29T14:47:56.621+0000: [GC (Allocation Failure) 2020-10-29T14:47:56.621+0000: [ParNew: 17715K->2048K(18432K), 0.0077256 secs] 170863K->155698K(273604K), 0.0077802 secs] [Times: user=0.02 sys=0.00, real=0.01 secs] 
2020-10-29T14:47:56.682+0000: [GC (Allocation Failure) 2020-10-29T14:47:56.682+0000: [ParNew: 18432K->1557K(18432K), 0.0057957 secs] 172082K->157205K(273604K), 0.0058682 secs] [Times: user=0.02 sys=0.00, real=0.01 secs] 
2020-10-29T14:47:56.736+0000: [GC (Allocation Failure) 2020-10-29T14:47:56.736+0000: [ParNew: 17941K->391K(18432K), 0.0026428 secs] 173589K->156039K(273604K), 0.0026970 secs] [Times: user=0.01 sys=0.00, real=0.00 secs] 
2020-10-29T14:47:56.791+0000: [GC (Allocation Failure) 2020-10-29T14:47:56.791+0000: [ParNew: 16775K->230K(18432K), 0.0019301 secs] 172423K->155879K(273604K), 0.0020031 secs] [Times: user=0.01 sys=0.00, real=0.01 secs] 
2020-10-29T14:47:56.841+0000: [GC (Allocation Failure) 2020-10-29T14:47:56.841+0000: [ParNew: 16614K->288K(18432K), 0.0017712 secs] 172263K->155936K(273604K), 0.0018461 secs] [Times: user=0.01 sys=0.00, real=0.00 secs] 
2020-10-29T14:47:56.880+0000: [GC (Allocation Failure) 2020-10-29T14:47:56.880+0000: [ParNew: 16672K->292K(18432K), 0.0018459 secs] 172320K->155940K(273604K), 0.0019124 secs] [Times: user=0.00 sys=0.00, real=0.00 secs] 
2020-10-29T14:47:56.926+0000: [GC (Allocation Failure) 2020-10-29T14:47:56.926+0000: [ParNew: 16676K->284K(18432K), 0.0018681 secs] 172324K->155933K(273604K), 0.0019229 secs] [Times: user=0.00 sys=0.00, real=0.00 secs] 
2020-10-29T14:47:56.956+0000: [GC (Allocation Failure) 2020-10-29T14:47:56.957+0000: [ParNew: 16668K->411K(18432K), 0.0018944 secs] 172317K->156069K(273604K), 0.0019673 secs] [Times: user=0.00 sys=0.00, real=0.00 secs] 
2020-10-29T14:47:57.000+0000: [GC (Allocation Failure) 2020-10-29T14:47:57.001+0000: [ParNew: 16795K->392K(18432K), 0.0017889 secs] 172453K->156065K(273604K), 0.0018439 secs] [Times: user=0.00 sys=0.00, real=0.00 secs] 
2020-10-29T14:47:57.035+0000: [GC (Allocation Failure) 2020-10-29T14:47:57.035+0000: [ParNew: 16776K->1028K(18432K), 0.0018556 secs] 172449K->156700K(273604K), 0.0019171 secs] [Times: user=0.00 sys=0.00, real=0.00 secs] 
2020-10-29T14:47:57.068+0000: [GC (Allocation Failure) 2020-10-29T14:47:57.068+0000: [ParNew: 17412K->260K(18432K), 0.0017637 secs] 173084K->156189K(273604K), 0.0018178 secs] [Times: user=0.00 sys=0.00, real=0.00 secs] 
2020-10-29T14:47:57.098+0000: [GC (Allocation Failure) 2020-10-29T14:47:57.098+0000: [ParNew: 16644K->516K(18432K), 0.0017914 secs] 172573K->156445K(273604K), 0.0018459 secs] [Times: user=0.00 sys=0.00, real=0.00 secs] 
2020-10-29T14:47:57.133+0000: [GC (Allocation Failure) 2020-10-29T14:47:57.133+0000: [ParNew: 16900K->260K(18432K), 0.0017340 secs] 172829K->156189K(273604K), 0.0017878 secs] [Times: user=0.01 sys=0.00, real=0.00 secs] 
2020-10-29T14:47:57.156+0000: [GC (Allocation Failure) 2020-10-29T14:47:57.156+0000: [ParNew: 16644K->772K(18432K), 0.0017894 secs] 172573K->156701K(273604K), 0.0018434 secs] [Times: user=0.00 sys=0.00, real=0.00 secs] 
2020-10-29T14:47:57.183+0000: [GC (Allocation Failure) 2020-10-29T14:47:57.183+0000: [ParNew: 17156K->770K(18432K), 0.0033166 secs] 173085K->156699K(273604K), 0.0033705 secs] [Times: user=0.01 sys=0.00, real=0.01 secs] 
2020-10-29T14:47:57.209+0000: [GC (Allocation Failure) 2020-10-29T14:47:57.209+0000: [ParNew: 17154K->516K(18432K), 0.0017251 secs] 173083K->156701K(273604K), 0.0017758 secs] [Times: user=0.00 sys=0.00, real=0.00 secs] 
2020-10-29T14:47:57.232+0000: [GC (Allocation Failure) 2020-10-29T14:47:57.233+0000: [ParNew: 16900K->516K(18432K), 0.0017131 secs] 173085K->156701K(273604K), 0.0018100 secs] [Times: user=0.01 sys=0.00, real=0.00 secs] 
2020-10-29T14:47:57.255+0000: [GC (Allocation Failure) 2020-10-29T14:47:57.255+0000: [ParNew: 16900K->516K(18432K), 0.0017396 secs] 173085K->156701K(273604K), 0.0017928 secs] [Times: user=0.01 sys=0.00, real=0.00 secs] 
2020-10-29T14:47:57.280+0000: [GC (Allocation Failure) 2020-10-29T14:47:57.280+0000: [ParNew: 16900K->1540K(18432K), 0.0020192 secs] 173085K->158237K(273604K), 0.0020736 secs] [Times: user=0.01 sys=0.00, real=0.00 secs] 
2020-10-29T14:47:57.307+0000: [GC (Allocation Failure) 2020-10-29T14:47:57.307+0000: [ParNew: 17924K->4K(18432K), 0.0017807 secs] 174621K->157213K(273604K), 0.0018348 secs] [Times: user=0.01 sys=0.00, real=0.00 secs] 
2020-10-29T14:47:57.329+0000: [GC (Allocation Failure) 2020-10-29T14:47:57.329+0000: [ParNew: 16388K->4K(18432K), 0.0017269 secs] 173597K->157213K(273604K), 0.0018019 secs] [Times: user=0.00 sys=0.00, real=0.00 secs] 
2020-10-29T14:47:57.353+0000: [GC (Allocation Failure) 2020-10-29T14:47:57.353+0000: [ParNew: 16388K->4K(18432K), 0.0017319 secs] 173597K->157213K(273604K), 0.0018027 secs] [Times: user=0.00 sys=0.00, real=0.00 secs] 
2020-10-29T14:47:57.376+0000: [GC (Allocation Failure) 2020-10-29T14:47:57.377+0000: [ParNew: 16388K->4K(18432K), 0.0017688 secs] 173597K->157213K(273604K), 0.0018416 secs] [Times: user=0.01 sys=0.00, real=0.00 secs] 
2020-10-29T14:47:57.411+0000: [GC (Allocation Failure) 2020-10-29T14:47:57.411+0000: [ParNew: 16388K->4K(18432K), 0.0017636 secs] 173597K->157213K(273604K), 0.0018342 secs] [Times: user=0.00 sys=0.00, real=0.01 secs] 
2020-10-29T14:47:57.444+0000: [GC (Allocation Failure) 2020-10-29T14:47:57.444+0000: [ParNew: 16388K->4K(18432K), 0.0017372 secs] 173597K->157213K(273604K), 0.0018078 secs] [Times: user=0.00 sys=0.00, real=0.00 secs] 
2020-10-29T14:47:57.476+0000: [GC (Allocation Failure) 2020-10-29T14:47:57.476+0000: [ParNew: 16388K->1028K(18432K), 0.0020699 secs] 173597K->159261K(273604K), 0.0021408 secs] [Times: user=0.01 sys=0.00, real=0.00 secs] 
2020-10-29T14:47:57.511+0000: [GC (Allocation Failure) 2020-10-29T14:47:57.511+0000: [ParNew: 17412K->4K(18432K), 0.0017390 secs] 175645K->158237K(273604K), 0.0017944 secs] [Times: user=0.01 sys=0.00, real=0.01 secs] 
2020-10-29T14:47:57.546+0000: [GC (Allocation Failure) 2020-10-29T14:47:57.547+0000: [ParNew: 16388K->2K(18432K), 0.0035230 secs] 174621K->158235K(273604K), 0.0035783 secs] [Times: user=0.01 sys=0.00, real=0.00 secs] 
2020-10-29T14:47:57.579+0000: [GC (Allocation Failure) 2020-10-29T14:47:57.579+0000: [ParNew: 16386K->2K(18432K), 0.0036610 secs] 174619K->158235K(273604K), 0.0037361 secs] [Times: user=0.01 sys=0.00, real=0.00 secs] 
2020-10-29T14:47:57.616+0000: [GC (Allocation Failure) 2020-10-29T14:47:57.616+0000: [ParNew: 16386K->4K(18432K), 0.0034140 secs] 174619K->158237K(273604K), 0.0034857 secs] [Times: user=0.01 sys=0.00, real=0.00 secs] 
2020-10-29T14:47:57.650+0000: [GC (Allocation Failure) 2020-10-29T14:47:57.650+0000: [ParNew: 16388K->1028K(18432K), 0.0018281 secs] 174621K->159261K(273604K), 0.0018825 secs] [Times: user=0.01 sys=0.00, real=0.00 secs] 
2020-10-29T14:47:57.672+0000: [GC (Allocation Failure) 2020-10-29T14:47:57.673+0000: [ParNew: 17412K->4K(18432K), 0.0018502 secs] 175645K->159262K(273604K), 0.0019049 secs] [Times: user=0.00 sys=0.00, real=0.00 secs] 
2020-10-29T14:47:57.692+0000: [GC (Allocation Failure) 2020-10-29T14:47:57.692+0000: [ParNew: 16388K->4K(18432K), 0.0017463 secs] 175646K->159262K(273604K), 0.0018004 secs] [Times: user=0.00 sys=0.00, real=0.00 secs] 
2020-10-29T14:47:57.720+0000: [GC (Allocation Failure) 2020-10-29T14:47:57.721+0000: [ParNew: 16388K->2K(18432K), 0.0033738 secs] 175646K->159259K(273604K), 0.0034447 secs] [Times: user=0.00 sys=0.00, real=0.00 secs] 
2020-10-29T14:47:57.743+0000: [GC (Allocation Failure) 2020-10-29T14:47:57.743+0000: [ParNew: 16386K->4K(18432K), 0.0017214 secs] 175643K->159262K(273604K), 0.0017751 secs] [Times: user=0.01 sys=0.00, real=0.01 secs] 
2020-10-29T14:47:57.768+0000: [GC (Allocation Failure) 2020-10-29T14:47:57.769+0000: [ParNew: 16388K->4K(18432K), 0.0017216 secs] 175646K->159262K(273604K), 0.0017932 secs] [Times: user=0.01 sys=0.00, real=0.00 secs] 
2020-10-29T14:47:57.796+0000: [GC (Allocation Failure) 2020-10-29T14:47:57.797+0000: [ParNew: 16388K->2K(18432K), 0.0027954 secs] 175646K->159259K(273604K), 0.0028591 secs] [Times: user=0.00 sys=0.00, real=0.00 secs] 
2020-10-29T14:47:57.820+0000: [GC (Allocation Failure) 2020-10-29T14:47:57.820+0000: [ParNew: 16386K->4K(18432K), 0.0020349 secs] 175643K->159262K(273604K), 0.0021038 secs] [Times: user=0.01 sys=0.00, real=0.00 secs] 
2020-10-29T14:47:57.841+0000: [GC (Allocation Failure) 2020-10-29T14:47:57.841+0000: [ParNew: 16388K->4K(18432K), 0.0016779 secs] 175646K->159262K(273604K), 0.0017538 secs] [Times: user=0.01 sys=0.00, real=0.00 secs] 
2020-10-29T14:47:57.857+0000: [GC (Allocation Failure) 2020-10-29T14:47:57.858+0000: [ParNew: 16388K->4K(18432K), 0.0016574 secs] 175646K->159262K(273604K), 0.0017292 secs] [Times: user=0.00 sys=0.00, real=0.00 secs] 
2020-10-29T14:47:57.875+0000: [GC (Allocation Failure) 2020-10-29T14:47:57.875+0000: [ParNew: 16388K->20K(18432K), 0.0016662 secs] 175646K->159278K(273604K), 0.0017142 secs] [Times: user=0.00 sys=0.00, real=0.00 secs] 
2020-10-29T14:47:57.892+0000: [GC (Allocation Failure) 2020-10-29T14:47:57.892+0000: [ParNew: 16404K->4K(18432K), 0.0016807 secs] 175662K->159262K(273604K), 0.0017323 secs] [Times: user=0.01 sys=0.00, real=0.01 secs] 
2020-10-29T14:47:57.912+0000: [GC (Allocation Failure) 2020-10-29T14:47:57.912+0000: [ParNew: 16388K->4K(18432K), 0.0017048 secs] 175646K->159262K(273604K), 0.0017579 secs] [Times: user=0.00 sys=0.00, real=0.00 secs] 
2020-10-29T14:47:57.932+0000: [GC (Allocation Failure) 2020-10-29T14:47:57.932+0000: [ParNew: 16388K->4K(18432K), 0.0017100 secs] 175646K->159262K(273604K), 0.0017662 secs] [Times: user=0.01 sys=0.00, real=0.00 secs] 
2020-10-29T14:47:57.952+0000: [GC (Allocation Failure) 2020-10-29T14:47:57.952+0000: [ParNew: 16388K->6K(18432K), 0.0016926 secs] 175646K->159264K(273604K), 0.0017447 secs] [Times: user=0.00 sys=0.00, real=0.01 secs] 
2020-10-29T14:47:57.974+0000: [GC (Allocation Failure) 2020-10-29T14:47:57.974+0000: [ParNew: 16390K->4K(18432K), 0.0028665 secs] 175648K->161310K(273604K), 0.0029220 secs] [Times: user=0.00 sys=0.00, real=0.00 secs] 
2020-10-29T14:47:57.995+0000: [GC (Allocation Failure) 2020-10-29T14:47:57.995+0000: [ParNew: 16388K->4K(18432K), 0.0017445 secs] 177694K->161310K(273604K), 0.0018157 secs] [Times: user=0.00 sys=0.00, real=0.00 secs] 
2020-10-29T14:47:58.016+0000: [GC (Allocation Failure) 2020-10-29T14:47:58.016+0000: [ParNew: 16388K->6K(18432K), 0.0017242 secs] 177694K->161312K(273604K), 0.0017879 secs] [Times: user=0.00 sys=0.00, real=0.00 secs] 
2020-10-29T14:47:58.032+0000: [GC (Allocation Failure) 2020-10-29T14:47:58.032+0000: [ParNew: 16390K->6K(18432K), 0.0027792 secs] 177696K->163360K(273604K), 0.0028363 secs] [Times: user=0.01 sys=0.00, real=0.01 secs] 
2020-10-29T14:47:58.052+0000: [GC (Allocation Failure) 2020-10-29T14:47:58.052+0000: [ParNew: 16390K->6K(18432K), 0.0017145 secs] 179744K->163360K(273604K), 0.0017679 secs] [Times: user=0.00 sys=0.00, real=0.00 secs] 
2020-10-29T14:47:58.072+0000: [GC (Allocation Failure) 2020-10-29T14:47:58.073+0000: [ParNew: 16390K->4K(18432K), 0.0016792 secs] 179744K->163359K(273604K), 0.0017308 secs] [Times: user=0.00 sys=0.00, real=0.00 secs] 
2020-10-29T14:47:58.089+0000: [GC (Allocation Failure) 2020-10-29T14:47:58.089+0000: [ParNew: 16388K->4K(18432K), 0.0016848 secs] 179743K->163359K(273604K), 0.0017356 secs] [Times: user=0.01 sys=0.00, real=0.00 secs] 
2020-10-29T14:47:58.108+0000: [GC (Allocation Failure) 2020-10-29T14:47:58.108+0000: [ParNew: 16388K->4K(18432K), 0.0016814 secs] 179743K->163359K(273604K), 0.0017332 secs] [Times: user=0.00 sys=0.00, real=0.00 secs] 
2020-10-29T14:47:58.125+0000: [GC (Allocation Failure) 2020-10-29T14:47:58.125+0000: [ParNew: 16388K->4K(18432K), 0.0017178 secs] 179743K->163359K(273604K), 0.0017726 secs] [Times: user=0.00 sys=0.00, real=0.00 secs] 
2020-10-29T14:47:58.142+0000: [GC (Allocation Failure) 2020-10-29T14:47:58.142+0000: [ParNew: 16388K->4K(18432K), 0.0016804 secs] 179743K->163359K(273604K), 0.0017301 secs] [Times: user=0.01 sys=0.00, real=0.00 secs] 
2020-10-29T14:47:58.160+0000: [GC (Allocation Failure) 2020-10-29T14:47:58.160+0000: [ParNew: 16388K->4K(18432K), 0.0017191 secs] 179743K->163359K(273604K), 0.0017693 secs] [Times: user=0.00 sys=0.00, real=0.00 secs] 
2020-10-29T14:47:58.180+0000: [GC (Allocation Failure) 2020-10-29T14:47:58.180+0000: [ParNew: 16388K->4K(18432K), 0.0016350 secs] 179743K->163359K(273604K), 0.0016851 secs] [Times: user=0.00 sys=0.00, real=0.00 secs] 
2020-10-29T14:47:58.199+0000: [GC (Allocation Failure) 2020-10-29T14:47:58.199+0000: [ParNew: 16388K->4K(18432K), 0.0016761 secs] 179743K->163359K(273604K), 0.0017256 secs] [Times: user=0.01 sys=0.00, real=0.00 secs] 
2020-10-29T14:47:58.220+0000: [GC (Allocation Failure) 2020-10-29T14:47:58.220+0000: [ParNew: 16388K->4K(18432K), 0.0016549 secs] 179743K->163359K(273604K), 0.0017024 secs] [Times: user=0.00 sys=0.00, real=0.00 secs] 
2020-10-29T14:47:58.237+0000: [GC (Allocation Failure) 2020-10-29T14:47:58.237+0000: [ParNew: 16388K->20K(18432K), 0.0016637 secs] 179743K->163375K(273604K), 0.0017121 secs] [Times: user=0.00 sys=0.00, real=0.00 secs] 
2020-10-29T14:47:58.260+0000: [GC (Allocation Failure) 2020-10-29T14:47:58.261+0000: [ParNew: 16404K->24K(18432K), 0.0016840 secs] 179759K->163379K(273604K), 0.0017356 secs] [Times: user=0.00 sys=0.00, real=0.00 secs] 
2020-10-29T14:47:58.288+0000: [GC (Allocation Failure) 2020-10-29T14:47:58.288+0000: [ParNew: 16408K->8K(18432K), 0.0016788 secs] 179763K->163364K(273604K), 0.0017329 secs] [Times: user=0.00 sys=0.00, real=0.00 secs] 
2020-10-29T14:47:58.317+0000: [GC (Allocation Failure) 2020-10-29T14:47:58.317+0000: [ParNew: 16392K->7K(18432K), 0.0034960 secs] 179748K->163363K(273604K), 0.0035500 secs] [Times: user=0.01 sys=0.00, real=0.00 secs] 
2020-10-29T14:47:58.348+0000: [GC (Allocation Failure) 2020-10-29T14:47:58.348+0000: [ParNew: 16391K->8K(18432K), 0.0036258 secs] 179747K->163364K(273604K), 0.0036791 secs] [Times: user=0.01 sys=0.00, real=0.00 secs] 
2020-10-29T14:47:58.379+0000: [GC (Allocation Failure) 2020-10-29T14:47:58.379+0000: [ParNew: 16392K->8K(18432K), 0.0022181 secs] 179748K->163364K(273604K), 0.0022726 secs] [Times: user=0.00 sys=0.00, real=0.00 secs] 
2020-10-29T14:47:58.416+0000: [GC (Allocation Failure) 2020-10-29T14:47:58.417+0000: [ParNew: 16392K->8K(18432K), 0.0035877 secs] 179748K->163364K(273604K), 0.0036594 secs] [Times: user=0.00 sys=0.00, real=0.00 secs] 
2020-10-29T14:47:58.436+0000: [GC (Allocation Failure) 2020-10-29T14:47:58.436+0000: [ParNew: 16392K->2K(18432K), 0.0035293 secs] 179748K->163362K(273604K), 0.0036124 secs] [Times: user=0.00 sys=0.00, real=0.00 secs] 
2020-10-29T14:47:58.472+0000: [GC (Allocation Failure) 2020-10-29T14:47:58.472+0000: [ParNew: 16386K->2K(18432K), 0.0035847 secs] 179746K->163361K(273604K), 0.0036563 secs] [Times: user=0.00 sys=0.00, real=0.01 secs] 
2020-10-29T14:47:58.495+0000: [GC (Allocation Failure) 2020-10-29T14:47:58.495+0000: [ParNew: 16386K->2K(18432K), 0.0034780 secs] 179745K->163361K(273604K), 0.0035501 secs] [Times: user=0.00 sys=0.00, real=0.00 secs] 
2020-10-29T14:47:58.523+0000: [GC (Allocation Failure) 2020-10-29T14:47:58.523+0000: [ParNew: 16386K->2K(18432K), 0.0034796 secs] 179745K->163361K(273604K), 0.0035517 secs] [Times: user=0.00 sys=0.00, real=0.01 secs] 
2020-10-29T14:47:58.560+0000: [GC (Allocation Failure) 2020-10-29T14:47:58.560+0000: [ParNew: 16386K->2K(18432K), 0.0035717 secs] 179745K->163361K(273604K), 0.0036539 secs] [Times: user=0.01 sys=0.00, real=0.00 secs] 
2020-10-29T14:47:58.598+0000: [GC (Allocation Failure) 2020-10-29T14:47:58.598+0000: [ParNew: 16386K->2K(18432K), 0.0034823 secs] 179745K->163361K(273604K), 0.0035559 secs] [Times: user=0.01 sys=0.00, real=0.00 secs] 
2020-10-29T14:47:58.629+0000: [GC (Allocation Failure) 2020-10-29T14:47:58.629+0000: [ParNew: 16386K->4K(18432K), 0.0045567 secs] 179745K->163363K(273604K), 0.0046282 secs] [Times: user=0.01 sys=0.00, real=0.01 secs] 
2020-10-29T14:47:58.664+0000: [GC (Allocation Failure) 2020-10-29T14:47:58.664+0000: [ParNew: 16388K->4K(18432K), 0.0034779 secs] 179747K->163363K(273604K), 0.0035476 secs] [Times: user=0.01 sys=0.00, real=0.01 secs] 
2020-10-29T14:47:58.690+0000: [GC (Allocation Failure) 2020-10-29T14:47:58.690+0000: [ParNew: 16388K->4K(18432K), 0.0038048 secs] 179747K->163363K(273604K), 0.0038758 secs] [Times: user=0.01 sys=0.00, real=0.01 secs] 
2020-10-29T14:47:58.712+0000: [GC (Allocation Failure) 2020-10-29T14:47:58.713+0000: [ParNew: 16388K->2K(18432K), 0.0033067 secs] 179747K->163361K(273604K), 0.0033742 secs] [Times: user=0.01 sys=0.00, real=0.00 secs] 
2020-10-29T14:47:58.739+0000: [GC (Allocation Failure) 2020-10-29T14:47:58.739+0000: [ParNew: 16386K->4K(18432K), 0.0034673 secs] 179745K->163363K(273604K), 0.0035369 secs] [Times: user=0.01 sys=0.00, real=0.00 secs] 
2020-10-29T14:47:58.769+0000: [GC (Allocation Failure) 2020-10-29T14:47:58.769+0000: [ParNew: 16388K->4K(18432K), 0.0046714 secs] 179747K->163363K(273604K), 0.0047478 secs] [Times: user=0.01 sys=0.00, real=0.01 secs] 
2020-10-29T14:47:58.803+0000: [GC (Allocation Failure) 2020-10-29T14:47:58.803+0000: [ParNew: 16388K->2K(18432K), 0.0034489 secs] 179747K->163361K(273604K), 0.0035206 secs] [Times: user=0.00 sys=0.00, real=0.01 secs] 
2020-10-29T14:47:58.827+0000: [GC (Allocation Failure) 2020-10-29T14:47:58.827+0000: [ParNew: 16386K->4K(18432K), 0.0046868 secs] 179745K->163363K(273604K), 0.0047590 secs] [Times: user=0.01 sys=0.00, real=0.00 secs] 
2020-10-29T14:47:58.852+0000: [GC (Allocation Failure) 2020-10-29T14:47:58.853+0000: [ParNew: 16388K->2K(18432K), 0.0035541 secs] 179747K->163361K(273604K), 0.0036303 secs] [Times: user=0.01 sys=0.00, real=0.00 secs] 
2020-10-29T14:47:58.879+0000: [GC (Allocation Failure) 2020-10-29T14:47:58.879+0000: [ParNew: 16386K->2K(18432K), 0.0034636 secs] 179745K->163361K(273604K), 0.0035369 secs] [Times: user=0.01 sys=0.00, real=0.00 secs] 
2020-10-29T14:47:58.904+0000: [GC (Allocation Failure) 2020-10-29T14:47:58.905+0000: [ParNew: 16386K->4K(18432K), 0.0035211 secs] 179745K->163363K(273604K), 0.0035949 secs] [Times: user=0.01 sys=0.00, real=0.00 secs] 
2020-10-29T14:47:58.930+0000: [GC (Allocation Failure) 2020-10-29T14:47:58.930+0000: [ParNew: 16388K->4K(18432K), 0.0039795 secs] 179747K->163363K(273604K), 0.0040512 secs] [Times: user=0.01 sys=0.00, real=0.01 secs] 
2020-10-29T14:47:58.950+0000: [GC (Allocation Failure) 2020-10-29T14:47:58.950+0000: [ParNew: 16388K->2K(18432K), 0.0034258 secs] 179747K->163361K(273604K), 0.0035004 secs] [Times: user=0.01 sys=0.00, real=0.01 secs] 
2020-10-29T14:47:58.978+0000: [GC (Allocation Failure) 2020-10-29T14:47:58.978+0000: [ParNew: 16386K->4K(18432K), 0.0036687 secs] 179745K->163363K(273604K), 0.0037391 secs] [Times: user=0.01 sys=0.00, real=0.00 secs] 
2020-10-29T14:47:59.001+0000: [GC (Allocation Failure) 2020-10-29T14:47:59.001+0000: [ParNew: 16388K->2K(18432K), 0.0039010 secs] 179747K->163361K(273604K), 0.0039798 secs] [Times: user=0.00 sys=0.00, real=0.01 secs] 
2020-10-29T14:47:59.024+0000: [GC (Allocation Failure) 2020-10-29T14:47:59.025+0000: [ParNew: 16386K->2K(18432K), 0.0036892 secs] 179745K->163361K(273604K), 0.0037613 secs] [Times: user=0.01 sys=0.00, real=0.00 secs] 
2020-10-29T14:47:59.044+0000: [GC (Allocation Failure) 2020-10-29T14:47:59.044+0000: [ParNew: 16386K->4K(18432K), 0.0018017 secs] 179745K->163363K(273604K), 0.0018754 secs] [Times: user=0.00 sys=0.00, real=0.00 secs] 
2020-10-29T14:47:59.068+0000: [GC (Allocation Failure) 2020-10-29T14:47:59.069+0000: [ParNew: 16388K->4K(18432K), 0.0017144 secs] 179747K->163363K(273604K), 0.0017847 secs] [Times: user=0.00 sys=0.00, real=0.00 secs] 
2020-10-29T14:47:59.092+0000: [GC (Allocation Failure) 2020-10-29T14:47:59.093+0000: [ParNew: 16388K->4K(18432K), 0.0017591 secs] 179747K->163363K(273604K), 0.0018319 secs] [Times: user=0.01 sys=0.00, real=0.00 secs] 
2020-10-29T14:47:59.116+0000: [GC (Allocation Failure) 2020-10-29T14:47:59.117+0000: [ParNew: 16388K->2K(18432K), 0.0034625 secs] 179747K->163361K(273604K), 0.0035330 secs] [Times: user=0.00 sys=0.00, real=0.00 secs] 
2020-10-29T14:47:59.154+0000: [GC (Allocation Failure) 2020-10-29T14:47:59.154+0000: [ParNew: 16386K->4K(18432K), 0.0035562 secs] 179745K->163363K(273604K), 0.0036330 secs] [Times: user=0.01 sys=0.00, real=0.00 secs] 
2020-10-29T14:47:59.184+0000: [GC (Allocation Failure) 2020-10-29T14:47:59.184+0000: [ParNew: 16388K->2K(18432K), 0.0033702 secs] 179747K->163361K(273604K), 0.0034403 secs] [Times: user=0.00 sys=0.01, real=0.01 secs] 
2020-10-29T14:47:59.215+0000: [GC (Allocation Failure) 2020-10-29T14:47:59.215+0000: [ParNew: 16386K->6K(18432K), 0.0083336 secs] 179745K->167461K(273604K), 0.0084040 secs] [Times: user=0.02 sys=0.00, real=0.00 secs] 
2020-10-29T14:47:59.252+0000: [GC (Allocation Failure) 2020-10-29T14:47:59.252+0000: [ParNew: 16390K->20K(18432K), 0.0017737 secs] 183845K->167475K(273604K), 0.0018272 secs] [Times: user=0.00 sys=0.00, real=0.00 secs] 
2020-10-29T14:47:59.290+0000: [GC (Allocation Failure) 2020-10-29T14:47:59.290+0000: [ParNew: 16404K->137K(18432K), 0.0019626 secs] 183859K->167593K(273604K), 0.0020147 secs] [Times: user=0.00 sys=0.00, real=0.00 secs] 
2020-10-29T14:47:59.326+0000: [GC (Allocation Failure) 2020-10-29T14:47:59.326+0000: [ParNew: 16521K->85K(18432K), 0.0018471 secs] 183977K->167540K(273604K), 0.0019009 secs] [Times: user=0.00 sys=0.00, real=0.00 secs] 
2020-10-29T14:47:59.348+0000: [GC (Allocation Failure) 2020-10-29T14:47:59.349+0000: [ParNew: 16469K->92K(18432K), 0.0018565 secs] 183924K->167547K(273604K), 0.0019112 secs] [Times: user=0.00 sys=0.00, real=0.00 secs] 
2020-10-29T14:47:59.368+0000: [GC (Allocation Failure) 2020-10-29T14:47:59.369+0000: [ParNew: 16476K->90K(18432K), 0.0018584 secs] 183931K->167546K(273604K), 0.0019129 secs] [Times: user=0.00 sys=0.00, real=0.00 secs] 
2020-10-29T14:47:59.388+0000: [GC (Allocation Failure) 2020-10-29T14:47:59.388+0000: [ParNew: 16474K->90K(18432K), 0.0018539 secs] 183930K->167546K(273604K), 0.0019029 secs] [Times: user=0.01 sys=0.00, real=0.00 secs] 
2020-10-29T14:47:59.408+0000: [GC (Allocation Failure) 2020-10-29T14:47:59.408+0000: [ParNew: 16474K->89K(18432K), 0.0018527 secs] 183930K->167548K(273604K), 0.0019011 secs] [Times: user=0.00 sys=0.00, real=0.00 secs] 
2020-10-29T14:47:59.425+0000: [GC (Allocation Failure) 2020-10-29T14:47:59.425+0000: [ParNew: 16473K->58K(18432K), 0.0018167 secs] 183932K->167566K(273604K), 0.0018646 secs] [Times: user=0.00 sys=0.00, real=0.00 secs] 
2020-10-29T14:47:59.444+0000: [GC (Allocation Failure) 2020-10-29T14:47:59.444+0000: [ParNew: 16442K->16K(18432K), 0.0015676 secs] 183950K->167526K(273604K), 0.0016094 secs] [Times: user=0.00 sys=0.00, real=0.00 secs] 
2020-10-29T14:47:59.458+0000: [GC (Allocation Failure) 2020-10-29T14:47:59.458+0000: [ParNew: 16400K->5K(18432K), 0.0038312 secs] 183910K->171616K(273604K), 0.0038787 secs] [Times: user=0.01 sys=0.00, real=0.00 secs] 
2020-10-29T14:47:59.462+0000: [GC (CMS Initial Mark) [1 CMS-initial-mark: 171610K(255172K)] 171632K(273604K), 0.0011989 secs] [Times: user=0.00 sys=0.00, real=0.00 secs] 
2020-10-29T14:47:59.463+0000: [CMS-concurrent-mark-start]
2020-10-29T14:47:59.483+0000: [GC (Allocation Failure) 2020-10-29T14:47:59.483+0000: [ParNew: 16389K->4K(18432K), 0.0016195 secs] 188000K->171615K(273604K), 0.0016708 secs] [Times: user=0.01 sys=0.00, real=0.01 secs] 
2020-10-29T14:47:59.504+0000: [GC (Allocation Failure) 2020-10-29T14:47:59.504+0000: [ParNew: 16388K->4K(18432K), 0.0016776 secs] 187999K->171615K(273604K), 0.0017281 secs] [Times: user=0.00 sys=0.00, real=0.00 secs] 
2020-10-29T14:47:59.528+0000: [GC (Allocation Failure) 2020-10-29T14:47:59.528+0000: [ParNew: 16388K->4K(18432K), 0.0016185 secs] 187999K->171615K(273604K), 0.0016720 secs] [Times: user=0.00 sys=0.00, real=0.00 secs] 
2020-10-29T14:47:59.545+0000: [GC (Allocation Failure) 2020-10-29T14:47:59.545+0000: [ParNew: 16388K->4K(18432K), 0.0016873 secs] 187999K->171615K(273604K), 0.0017386 secs] [Times: user=0.00 sys=0.00, real=0.00 secs] 
2020-10-29T14:47:59.558+0000: [CMS-concurrent-mark: 0.077/0.095 secs] [Times: user=0.18 sys=0.01, real=0.10 secs] 
2020-10-29T14:47:59.558+0000: [CMS-concurrent-preclean-start]
2020-10-29T14:47:59.560+0000: [CMS-concurrent-preclean: 0.002/0.002 secs] [Times: user=0.00 sys=0.00, real=0.00 secs] 
2020-10-29T14:47:59.560+0000: [CMS-concurrent-abortable-preclean-start]
2020-10-29T14:47:59.568+0000: [GC (Allocation Failure) 2020-10-29T14:47:59.568+0000: [ParNew: 16388K->4K(18432K), 0.0013393 secs] 187999K->171615K(273604K), 0.0013816 secs] [Times: user=0.00 sys=0.00, real=0.00 secs] 
2020-10-29T14:47:59.588+0000: [GC (Allocation Failure) 2020-10-29T14:47:59.588+0000: [ParNew: 16388K->4K(18432K), 0.0014294 secs] 187999K->171615K(273604K), 0.0014814 secs] [Times: user=0.00 sys=0.00, real=0.00 secs] 
2020-10-29T14:47:59.590+0000: [CMS-concurrent-abortable-preclean: 0.002/0.030 secs] [Times: user=0.05 sys=0.00, real=0.03 secs] 
2020-10-29T14:47:59.590+0000: [GC (CMS Final Remark) [YG occupancy: 330 K (18432 K)]2020-10-29T14:47:59.590+0000: [Rescan (parallel) , 0.0009270 secs]2020-10-29T14:47:59.591+0000: [weak refs processing, 0.0002317 secs]2020-10-29T14:47:59.591+0000: [class unloading, 0.0077613 secs]2020-10-29T14:47:59.599+0000: [scrub symbol table, 0.0091696 secs]2020-10-29T14:47:59.608+0000: [scrub string table, 0.0005570 secs][1 CMS-remark: 171611K(255172K)] 171941K(273604K), 0.0187954 secs] [Times: user=0.02 sys=0.00, real=0.02 secs] 
2020-10-29T14:47:59.614+0000: [CMS-concurrent-sweep-start]
2020-10-29T14:47:59.635+0000: [GC (Allocation Failure) 2020-10-29T14:47:59.635+0000: [ParNew: 16388K->4K(18432K), 0.0019147 secs] 187526K->171142K(273604K), 0.0019701 secs] [Times: user=0.01 sys=0.00, real=0.00 secs] 
2020-10-29T14:47:59.638+0000: [CMS-concurrent-sweep: 0.019/0.024 secs] [Times: user=0.05 sys=0.00, real=0.02 secs] 
2020-10-29T14:47:59.640+0000: [CMS-concurrent-reset-start]
2020-10-29T14:47:59.641+0000: [CMS-concurrent-reset: 0.002/0.002 secs] [Times: user=0.00 sys=0.00, real=0.00 secs] 
2020-10-29T14:47:59.654+0000: [GC (Allocation Failure) 2020-10-29T14:47:59.654+0000: [ParNew: 16388K->4K(18432K), 0.0017903 secs] 148730K->132346K(273604K), 0.0018546 secs] [Times: user=0.00 sys=0.00, real=0.00 secs] 
2020-10-29T14:47:59.676+0000: [GC (Allocation Failure) 2020-10-29T14:47:59.676+0000: [ParNew: 16388K->4K(18432K), 0.0016911 secs] 148730K->132346K(273604K), 0.0017424 secs] [Times: user=0.00 sys=0.00, real=0.00 secs] 
2020-10-29T14:47:59.695+0000: [GC (Allocation Failure) 2020-10-29T14:47:59.695+0000: [ParNew: 16388K->4K(18432K), 0.0017588 secs] 148730K->132346K(273604K), 0.0018215 secs] [Times: user=0.00 sys=0.00, real=0.00 secs] 
2020-10-29T14:47:59.712+0000: [GC (Allocation Failure) 2020-10-29T14:47:59.712+0000: [ParNew: 16388K->4K(18432K), 0.0016961 secs] 148730K->132346K(273604K), 0.0017816 secs] [Times: user=0.00 sys=0.00, real=0.01 secs] 
2020-10-29T14:47:59.728+0000: [GC (Allocation Failure) 2020-10-29T14:47:59.728+0000: [ParNew: 16388K->4K(18432K), 0.0033124 secs] 148730K->132346K(273604K), 0.0033703 secs] [Times: user=0.00 sys=0.00, real=0.00 secs] 
2020-10-29T14:47:59.747+0000: [GC (Allocation Failure) 2020-10-29T14:47:59.747+0000: [ParNew: 16388K->4K(18432K), 0.0016756 secs] 148730K->132346K(273604K), 0.0017237 secs] [Times: user=0.00 sys=0.00, real=0.00 secs] 
2020-10-29T14:47:59.763+0000: [GC (Allocation Failure) 2020-10-29T14:47:59.763+0000: [ParNew: 16388K->4K(18432K), 0.0017351 secs] 148730K->132346K(273604K), 0.0017873 secs] [Times: user=0.00 sys=0.00, real=0.01 secs] 
2020-10-29T14:47:59.780+0000: [GC (Allocation Failure) 2020-10-29T14:47:59.780+0000: [ParNew: 16388K->4K(18432K), 0.0015900 secs] 148730K->132347K(273604K), 0.0016385 secs] [Times: user=0.00 sys=0.00, real=0.00 secs] 
2020-10-29T14:47:59.800+0000: [GC (Allocation Failure) 2020-10-29T14:47:59.801+0000: [ParNew: 16388K->4K(18432K), 0.0017472 secs] 148731K->132347K(273604K), 0.0018022 secs] [Times: user=0.00 sys=0.00, real=0.00 secs] 
2020-10-29T14:47:59.820+0000: [GC (Allocation Failure) 2020-10-29T14:47:59.820+0000: [ParNew: 16388K->4K(18432K), 0.0017345 secs] 148731K->132347K(273604K), 0.0017880 secs] [Times: user=0.00 sys=0.00, real=0.00 secs] 
2020-10-29T14:47:59.840+0000: [GC (Allocation Failure) 2020-10-29T14:47:59.840+0000: [ParNew: 16388K->4K(18432K), 0.0017611 secs] 148731K->132347K(273604K), 0.0018146 secs] [Times: user=0.01 sys=0.00, real=0.00 secs] 
2020-10-29T14:47:59.864+0000: [GC (Allocation Failure) 2020-10-29T14:47:59.864+0000: [ParNew: 16388K->4K(18432K), 0.0017196 secs] 148731K->132347K(273604K), 0.0017741 secs] [Times: user=0.00 sys=0.00, real=0.00 secs] 
2020-10-29T14:47:59.880+0000: [GC (Allocation Failure) 2020-10-29T14:47:59.880+0000: [ParNew: 16383K->4K(18432K), 0.0016567 secs] 148726K->132347K(273604K), 0.0017029 secs] [Times: user=0.00 sys=0.00, real=0.00 secs] 
2020-10-29T14:47:59.896+0000: [GC (Allocation Failure) 2020-10-29T14:47:59.896+0000: [ParNew: 16388K->4K(18432K), 0.0017602 secs] 148731K->132347K(273604K), 0.0018116 secs] [Times: user=0.00 sys=0.00, real=0.00 secs] 
2020-10-29T14:47:59.912+0000: [GC (Allocation Failure) 2020-10-29T14:47:59.912+0000: [ParNew: 16388K->4K(18432K), 0.0016483 secs] 148731K->132347K(273604K), 0.0016988 secs] [Times: user=0.00 sys=0.00, real=0.01 secs] 
2020-10-29T14:47:59.928+0000: [GC (Allocation Failure) 2020-10-29T14:47:59.929+0000: [ParNew: 16388K->4K(18432K), 0.0016645 secs] 148731K->132347K(273604K), 0.0017125 secs] [Times: user=0.00 sys=0.00, real=0.00 secs] 
2020-10-29T14:47:59.947+0000: [GC (Allocation Failure) 2020-10-29T14:47:59.947+0000: [ParNew: 16388K->4K(18432K), 0.0017599 secs] 148731K->132347K(273604K), 0.0018153 secs] [Times: user=0.01 sys=0.00, real=0.00 secs] 
2020-10-29T14:47:59.964+0000: [GC (Allocation Failure) 2020-10-29T14:47:59.964+0000: [ParNew: 16388K->4K(18432K), 0.0016676 secs] 148731K->132347K(273604K), 0.0017185 secs] [Times: user=0.00 sys=0.00, real=0.00 secs] 
2020-10-29T14:47:59.981+0000: [GC (Allocation Failure) 2020-10-29T14:47:59.981+0000: [ParNew: 16388K->4K(18432K), 0.0016893 secs] 148731K->132347K(273604K), 0.0017403 secs] [Times: user=0.00 sys=0.00, real=0.00 secs] 
2020-10-29T14:47:59.997+0000: [GC (Allocation Failure) 2020-10-29T14:47:59.997+0000: [ParNew: 16388K->4K(18432K), 0.0016459 secs] 148731K->132347K(273604K), 0.0016919 secs] [Times: user=0.01 sys=0.00, real=0.00 secs] 
2020-10-29T14:48:00.012+0000: [GC (Allocation Failure) 2020-10-29T14:48:00.012+0000: [ParNew: 16388K->4K(18432K), 0.0016906 secs] 148731K->132347K(273604K), 0.0017397 secs] [Times: user=0.00 sys=0.00, real=0.00 secs] 
2020-10-29T14:48:00.032+0000: [GC (Allocation Failure) 2020-10-29T14:48:00.032+0000: [ParNew: 16388K->4K(18432K), 0.0016876 secs] 148731K->132347K(273604K), 0.0017427 secs] [Times: user=0.00 sys=0.00, real=0.01 secs] 
2020-10-29T14:48:00.048+0000: [GC (Allocation Failure) 2020-10-29T14:48:00.048+0000: [ParNew: 16388K->4K(18432K), 0.0017084 secs] 148731K->132347K(273604K), 0.0017607 secs] [Times: user=0.00 sys=0.00, real=0.00 secs] 
2020-10-29T14:48:00.065+0000: [GC (Allocation Failure) 2020-10-29T14:48:00.065+0000: [ParNew: 16388K->4K(18432K), 0.0017304 secs] 148731K->132347K(273604K), 0.0017813 secs] [Times: user=0.01 sys=0.00, real=0.00 secs] 
2020-10-29T14:48:00.081+0000: [GC (Allocation Failure) 2020-10-29T14:48:00.081+0000: [ParNew: 16388K->4K(18432K), 0.0017016 secs] 148731K->132347K(273604K), 0.0017548 secs] [Times: user=0.00 sys=0.00, real=0.00 secs] 
2020-10-29T14:48:00.100+0000: [GC (Allocation Failure) 2020-10-29T14:48:00.100+0000: [ParNew: 16388K->4K(18432K), 0.0017125 secs] 148731K->132347K(273604K), 0.0017775 secs] [Times: user=0.00 sys=0.00, real=0.00 secs] 
2020-10-29T14:48:00.116+0000: [GC (Allocation Failure) 2020-10-29T14:48:00.116+0000: [ParNew: 16388K->4K(18432K), 0.0016924 secs] 148731K->132347K(273604K), 0.0017426 secs] [Times: user=0.01 sys=0.00, real=0.00 secs] 
2020-10-29T14:48:00.135+0000: [GC (Allocation Failure) 2020-10-29T14:48:00.135+0000: [ParNew: 16388K->4K(18432K), 0.0017602 secs] 148731K->132347K(273604K), 0.0018307 secs] [Times: user=0.01 sys=0.00, real=0.00 secs] 
2020-10-29T14:48:00.156+0000: [GC (Allocation Failure) 2020-10-29T14:48:00.157+0000: [ParNew: 16388K->4K(18432K), 0.0016959 secs] 148731K->132347K(273604K), 0.0017496 secs] [Times: user=0.01 sys=0.00, real=0.00 secs] 
2020-10-29T14:48:00.176+0000: [GC (Allocation Failure) 2020-10-29T14:48:00.176+0000: [ParNew: 16388K->4K(18432K), 0.0017163 secs] 148731K->132347K(273604K), 0.0017938 secs] [Times: user=0.00 sys=0.00, real=0.00 secs] 
2020-10-29T14:48:00.193+0000: [GC (Allocation Failure) 2020-10-29T14:48:00.193+0000: [ParNew: 16388K->4K(18432K), 0.0017393 secs] 148731K->132347K(273604K), 0.0017916 secs] [Times: user=0.00 sys=0.00, real=0.00 secs] 
2020-10-29T14:48:00.212+0000: [GC (Allocation Failure) 2020-10-29T14:48:00.212+0000: [ParNew: 16388K->4K(18432K), 0.0017182 secs] 148731K->132347K(273604K), 0.0017632 secs] [Times: user=0.00 sys=0.00, real=0.01 secs] 
2020-10-29T14:48:00.228+0000: [GC (Allocation Failure) 2020-10-29T14:48:00.228+0000: [ParNew: 16388K->4K(18432K), 0.0016861 secs] 148731K->132347K(273604K), 0.0017370 secs] [Times: user=0.01 sys=0.00, real=0.00 secs] 
2020-10-29T14:48:00.244+0000: [GC (Allocation Failure) 2020-10-29T14:48:00.244+0000: [ParNew: 16388K->4K(18432K), 0.0017203 secs] 148731K->132347K(273604K), 0.0017733 secs] [Times: user=0.00 sys=0.00, real=0.01 secs] 
2020-10-29T14:48:00.260+0000: [GC (Allocation Failure) 2020-10-29T14:48:00.260+0000: [ParNew: 16388K->4K(18432K), 0.0017754 secs] 148731K->132347K(273604K), 0.0018288 secs] [Times: user=0.00 sys=0.00, real=0.00 secs] 
2020-10-29T14:48:00.276+0000: [GC (Allocation Failure) 2020-10-29T14:48:00.276+0000: [ParNew: 16388K->4K(18432K), 0.0016802 secs] 148731K->132347K(273604K), 0.0017291 secs] [Times: user=0.00 sys=0.00, real=0.00 secs] 
2020-10-29T14:48:00.292+0000: [GC (Allocation Failure) 2020-10-29T14:48:00.292+0000: [ParNew: 16388K->4K(18432K), 0.0016805 secs] 148731K->132347K(273604K), 0.0017300 secs] [Times: user=0.00 sys=0.00, real=0.01 secs] 
2020-10-29T14:48:00.307+0000: [GC (Allocation Failure) 2020-10-29T14:48:00.307+0000: [ParNew: 16388K->4K(18432K), 0.0016734 secs] 148731K->132347K(273604K), 0.0017369 secs] [Times: user=0.00 sys=0.00, real=0.00 secs] 
2020-10-29T14:48:00.324+0000: [GC (Allocation Failure) 2020-10-29T14:48:00.324+0000: [ParNew: 16388K->4K(18432K), 0.0016484 secs] 148731K->132347K(273604K), 0.0016979 secs] [Times: user=0.00 sys=0.00, real=0.00 secs] 
2020-10-29T14:48:00.340+0000: [GC (Allocation Failure) 2020-10-29T14:48:00.340+0000: [ParNew: 16388K->4K(18432K), 0.0016654 secs] 148731K->132347K(273604K), 0.0017136 secs] [Times: user=0.00 sys=0.00, real=0.00 secs] 
2020-10-29T14:48:00.356+0000: [GC (Allocation Failure) 2020-10-29T14:48:00.356+0000: [ParNew: 16388K->4K(18432K), 0.0017113 secs] 148731K->132347K(273604K), 0.0017669 secs] [Times: user=0.00 sys=0.00, real=0.00 secs] 
2020-10-29T14:48:00.372+0000: [GC (Allocation Failure) 2020-10-29T14:48:00.372+0000: [ParNew: 16388K->4K(18432K), 0.0017450 secs] 148731K->132347K(273604K), 0.0018108 secs] [Times: user=0.00 sys=0.00, real=0.01 secs] 
2020-10-29T14:48:00.388+0000: [GC (Allocation Failure) 2020-10-29T14:48:00.388+0000: [ParNew: 16388K->4K(18432K), 0.0017279 secs] 148731K->132347K(273604K), 0.0017763 secs] [Times: user=0.01 sys=0.00, real=0.00 secs] 
2020-10-29T14:48:00.405+0000: [GC (Allocation Failure) 2020-10-29T14:48:00.405+0000: [ParNew: 16388K->4K(18432K), 0.0017450 secs] 148731K->132347K(273604K), 0.0017949 secs] [Times: user=0.01 sys=0.00, real=0.00 secs] 
2020-10-29T14:48:00.414+0000: [GC (Allocation Failure) 2020-10-29T14:48:00.415+0000: [ParNew: 16388K->4K(18432K), 0.0026657 secs] 148731K->140539K(273604K), 0.0027197 secs] [Times: user=0.00 sys=0.00, real=0.00 secs] 
2020-10-29T14:48:00.420+0000: [GC (CMS Initial Mark) [1 CMS-initial-mark: 140535K(255172K)] 140866K(273604K), 0.0013342 secs] [Times: user=0.00 sys=0.00, real=0.00 secs] 
2020-10-29T14:48:00.422+0000: [CMS-concurrent-mark-start]
2020-10-29T14:48:00.440+0000: [GC (Allocation Failure) 2020-10-29T14:48:00.440+0000: [ParNew: 16388K->4K(18432K), 0.0016685 secs] 156923K->140539K(273604K), 0.0017224 secs] [Times: user=0.00 sys=0.00, real=0.00 secs] 
2020-10-29T14:48:00.462+0000: [GC (Allocation Failure) 2020-10-29T14:48:00.462+0000: [ParNew: 16388K->4K(18432K), 0.0016428 secs] 156923K->140539K(273604K), 0.0016964 secs] [Times: user=0.01 sys=0.00, real=0.00 secs] 
2020-10-29T14:48:00.482+0000: [GC (Allocation Failure) 2020-10-29T14:48:00.482+0000: [ParNew: 16388K->4K(18432K), 0.0016786 secs] 156923K->140539K(273604K), 0.0017325 secs] [Times: user=0.01 sys=0.00, real=0.00 secs] 
2020-10-29T14:48:00.502+0000: [GC (Allocation Failure) 2020-10-29T14:48:00.502+0000: [ParNew: 16388K->4K(18432K), 0.0016039 secs] 156923K->140539K(273604K), 0.0016556 secs] [Times: user=0.01 sys=0.00, real=0.00 secs] 
2020-10-29T14:48:00.517+0000: [CMS-concurrent-mark: 0.079/0.096 secs] [Times: user=0.18 sys=0.01, real=0.10 secs] 
2020-10-29T14:48:00.517+0000: [CMS-concurrent-preclean-start]
2020-10-29T14:48:00.519+0000: [CMS-concurrent-preclean: 0.002/0.002 secs] [Times: user=0.01 sys=0.00, real=0.00 secs] 
2020-10-29T14:48:00.519+0000: [CMS-concurrent-abortable-preclean-start]
2020-10-29T14:48:00.524+0000: [GC (Allocation Failure) 2020-10-29T14:48:00.524+0000: [ParNew: 16388K->4K(18432K), 0.0014757 secs] 156923K->140539K(273604K), 0.0015201 secs] [Times: user=0.01 sys=0.00, real=0.00 secs] 
2020-10-29T14:48:00.542+0000: [GC (Allocation Failure) 2020-10-29T14:48:00.542+0000: [ParNew: 16388K->4K(18432K), 0.0016717 secs] 156923K->140539K(273604K), 0.0017259 secs] [Times: user=0.00 sys=0.00, real=0.00 secs] 
2020-10-29T14:48:00.544+0000: [CMS-concurrent-abortable-preclean: 0.002/0.025 secs] [Times: user=0.04 sys=0.00, real=0.02 secs] 
2020-10-29T14:48:00.547+0000: [GC (CMS Final Remark) [YG occupancy: 331 K (18432 K)]2020-10-29T14:48:00.547+0000: [Rescan (parallel) , 0.0011174 secs]2020-10-29T14:48:00.548+0000: [weak refs processing, 0.0000310 secs]2020-10-29T14:48:00.548+0000: [class unloading, 0.0078760 secs]2020-10-29T14:48:00.556+0000: [scrub symbol table, 0.0093605 secs]2020-10-29T14:48:00.565+0000: [scrub string table, 0.0005792 secs][1 CMS-remark: 140535K(255172K)] 140866K(273604K), 0.0190798 secs] [Times: user=0.02 sys=0.00, real=0.02 secs] 
2020-10-29T14:48:00.569+0000: [CMS-concurrent-sweep-start]
2020-10-29T14:48:00.585+0000: [GC (Allocation Failure) 2020-10-29T14:48:00.585+0000: [ParNew: 16388K->4K(18432K), 0.0017008 secs] 156766K->140382K(273604K), 0.0017525 secs] [Times: user=0.00 sys=0.00, real=0.00 secs] 
2020-10-29T14:48:00.599+0000: [CMS-concurrent-sweep: 0.027/0.029 secs] [Times: user=0.06 sys=0.00, real=0.03 secs] 
2020-10-29T14:48:00.599+0000: [CMS-concurrent-reset-start]
2020-10-29T14:48:00.600+0000: [CMS-concurrent-reset: 0.002/0.002 secs] [Times: user=0.00 sys=0.00, real=0.00 secs] 
2020-10-29T14:48:00.603+0000: [GC (Allocation Failure) 2020-10-29T14:48:00.603+0000: [ParNew: 16388K->4K(18432K), 0.0018015 secs] 154584K->138200K(273604K), 0.0018417 secs] [Times: user=0.00 sys=0.00, real=0.01 secs] 
2020-10-29T14:48:00.620+0000: [GC (Allocation Failure) 2020-10-29T14:48:00.620+0000: [ParNew: 16388K->4K(18432K), 0.0016302 secs] 154584K->138200K(273604K), 0.0016756 secs] [Times: user=0.01 sys=0.00, real=0.00 secs] 
2020-10-29T14:48:00.636+0000: [GC (Allocation Failure) 2020-10-29T14:48:00.636+0000: [ParNew: 16388K->4K(18432K), 0.0016759 secs] 154584K->138200K(273604K), 0.0017299 secs] [Times: user=0.00 sys=0.00, real=0.00 secs] 
2020-10-29T14:48:00.653+0000: [GC (Allocation Failure) 2020-10-29T14:48:00.653+0000: [ParNew: 16388K->4K(18432K), 0.0017218 secs] 154584K->138200K(273604K), 0.0017719 secs] [Times: user=0.00 sys=0.00, real=0.00 secs] 
2020-10-29T14:48:00.671+0000: [GC (Allocation Failure) 2020-10-29T14:48:00.671+0000: [ParNew: 16388K->4K(18432K), 0.0016916 secs] 154584K->138200K(273604K), 0.0017428 secs] [Times: user=0.01 sys=0.00, real=0.00 secs] 
2020-10-29T14:48:00.687+0000: [GC (Allocation Failure) 2020-10-29T14:48:00.687+0000: [ParNew: 16388K->4K(18432K), 0.0016660 secs] 154584K->138200K(273604K), 0.0017167 secs] [Times: user=0.01 sys=0.00, real=0.00 secs] 
2020-10-29T14:48:00.704+0000: [GC (Allocation Failure) 2020-10-29T14:48:00.704+0000: [ParNew: 16388K->4K(18432K), 0.0017112 secs] 154584K->138200K(273604K), 0.0017629 secs] [Times: user=0.00 sys=0.00, real=0.00 secs] 
2020-10-29T14:48:00.724+0000: [GC (Allocation Failure) 2020-10-29T14:48:00.724+0000: [ParNew: 16388K->4K(18432K), 0.0016927 secs] 154584K->138200K(273604K), 0.0017412 secs] [Times: user=0.00 sys=0.00, real=0.00 secs] 
2020-10-29T14:48:00.740+0000: [GC (Allocation Failure) 2020-10-29T14:48:00.740+0000: [ParNew: 16388K->4K(18432K), 0.0017410 secs] 154584K->138200K(273604K), 0.0017925 secs] [Times: user=0.00 sys=0.00, real=0.00 secs] 
2020-10-29T14:48:00.760+0000: [GC (Allocation Failure) 2020-10-29T14:48:00.760+0000: [ParNew: 16388K->4K(18432K), 0.0017166 secs] 154584K->138200K(273604K), 0.0017709 secs] [Times: user=0.00 sys=0.00, real=0.00 secs] 
2020-10-29T14:48:00.777+0000: [GC (Allocation Failure) 2020-10-29T14:48:00.777+0000: [ParNew: 16388K->4K(18432K), 0.0017425 secs] 154584K->138200K(273604K), 0.0018025 secs] [Times: user=0.00 sys=0.00, real=0.00 secs] 
2020-10-29T14:48:00.793+0000: [GC (Allocation Failure) 2020-10-29T14:48:00.793+0000: [ParNew: 16388K->4K(18432K), 0.0017400 secs] 154584K->138200K(273604K), 0.0017941 secs] [Times: user=0.00 sys=0.00, real=0.00 secs] 
2020-10-29T14:48:00.812+0000: [GC (Allocation Failure) 2020-10-29T14:48:00.812+0000: [ParNew: 16388K->4K(18432K), 0.0017357 secs] 154584K->138200K(273604K), 0.0017969 secs] [Times: user=0.01 sys=0.00, real=0.00 secs] 
2020-10-29T14:48:00.832+0000: [GC (Allocation Failure) 2020-10-29T14:48:00.833+0000: [ParNew: 16388K->4K(18432K), 0.0017416 secs] 154584K->138200K(273604K), 0.0017957 secs] [Times: user=0.00 sys=0.00, real=0.00 secs] 
2020-10-29T14:48:00.852+0000: [GC (Allocation Failure) 2020-10-29T14:48:00.852+0000: [ParNew: 16388K->4K(18432K), 0.0017452 secs] 154584K->138200K(273604K), 0.0017989 secs] [Times: user=0.00 sys=0.00, real=0.01 secs] 
2020-10-29T14:48:00.868+0000: [GC (Allocation Failure) 2020-10-29T14:48:00.868+0000: [ParNew: 16388K->4K(18432K), 0.0017420 secs] 154584K->138200K(273604K), 0.0017952 secs] [Times: user=0.01 sys=0.00, real=0.00 secs] 
2020-10-29T14:48:00.888+0000: [GC (Allocation Failure) 2020-10-29T14:48:00.888+0000: [ParNew: 16388K->4K(18432K), 0.0016801 secs] 154584K->138200K(273604K), 0.0017273 secs] [Times: user=0.01 sys=0.00, real=0.00 secs] 
2020-10-29T14:48:00.908+0000: [GC (Allocation Failure) 2020-10-29T14:48:00.908+0000: [ParNew: 16388K->4K(18432K), 0.0017098 secs] 154584K->138200K(273604K), 0.0017620 secs] [Times: user=0.00 sys=0.00, real=0.00 secs] 
2020-10-29T14:48:00.924+0000: [GC (Allocation Failure) 2020-10-29T14:48:00.924+0000: [ParNew: 16388K->4K(18432K), 0.0017609 secs] 154584K->138200K(273604K), 0.0018218 secs] [Times: user=0.00 sys=0.00, real=0.01 secs] 
2020-10-29T14:48:00.936+0000: [GC (Allocation Failure) 2020-10-29T14:48:00.936+0000: [ParNew: 11486K->4K(18432K), 0.0016326 secs] 149682K->138200K(273604K), 0.0016785 secs] [Times: user=0.00 sys=0.00, real=0.00 secs] 
2020-10-29T14:48:00.948+0000: [GC (Allocation Failure) 2020-10-29T14:48:00.948+0000: [ParNew: 16388K->4K(18432K), 0.0023920 secs] 154584K->146392K(273604K), 0.0024376 secs] [Times: user=0.00 sys=0.00, real=0.00 secs] 
2020-10-29T14:48:00.951+0000: [GC (CMS Initial Mark) [1 CMS-initial-mark: 146388K(255172K)] 146533K(273604K), 0.0011618 secs] [Times: user=0.00 sys=0.00, real=0.00 secs] 
2020-10-29T14:48:00.952+0000: [CMS-concurrent-mark-start]
2020-10-29T14:48:00.978+0000: [GC (Allocation Failure) 2020-10-29T14:48:00.978+0000: [ParNew: 16388K->4K(18432K), 0.0016292 secs] 162776K->146392K(273604K), 0.0016831 secs] [Times: user=0.00 sys=0.00, real=0.00 secs] 
2020-10-29T14:48:00.999+0000: [CMS-concurrent-mark: 0.045/0.047 secs] [Times: user=0.10 sys=0.00, real=0.05 secs] 
2020-10-29T14:48:00.999+0000: [CMS-concurrent-preclean-start]
2020-10-29T14:48:01.001+0000: [CMS-concurrent-preclean: 0.002/0.002 secs] [Times: user=0.00 sys=0.00, real=0.00 secs] 
2020-10-29T14:48:01.001+0000: [CMS-concurrent-abortable-preclean-start]
2020-10-29T14:48:01.004+0000: [GC (Allocation Failure) 2020-10-29T14:48:01.004+0000: [ParNew: 16388K->4K(18432K), 0.0013006 secs] 162776K->146392K(273604K), 0.0013386 secs] [Times: user=0.00 sys=0.00, real=0.01 secs] 
2020-10-29T14:48:01.024+0000: [GC (Allocation Failure) 2020-10-29T14:48:01.024+0000: [ParNew: 16388K->4K(18432K), 0.0016543 secs] 162776K->146392K(273604K), 0.0017064 secs] [Times: user=0.00 sys=0.00, real=0.01 secs] 
2020-10-29T14:48:01.040+0000: [GC (Allocation Failure) 2020-10-29T14:48:01.041+0000: [ParNew: 16388K->4K(18432K), 0.0016050 secs] 162776K->146392K(273604K), 0.0016574 secs] [Times: user=0.01 sys=0.00, real=0.00 secs] 
2020-10-29T14:48:01.057+0000: [GC (Allocation Failure) 2020-10-29T14:48:01.057+0000: [ParNew: 16388K->4K(18432K), 0.0016447 secs] 162776K->146392K(273604K), 0.0016962 secs] [Times: user=0.01 sys=0.00, real=0.00 secs] 
2020-10-29T14:48:01.076+0000: [GC (Allocation Failure) 2020-10-29T14:48:01.077+0000: [ParNew: 16388K->4K(18432K), 0.0016440 secs] 162776K->146392K(273604K), 0.0016970 secs] [Times: user=0.00 sys=0.00, real=0.00 secs] 
2020-10-29T14:48:01.094+0000: [GC (Allocation Failure) 2020-10-29T14:48:01.094+0000: [ParNew: 16388K->4K(18432K), 0.0026200 secs] 162776K->154584K(273604K), 0.0026781 secs] [Times: user=0.00 sys=0.00, real=0.00 secs] 
2020-10-29T14:48:01.116+0000: [GC (Allocation Failure) 2020-10-29T14:48:01.116+0000: [ParNew: 16388K->4K(18432K), 0.0017165 secs] 170968K->154584K(273604K), 0.0017713 secs] [Times: user=0.00 sys=0.00, real=0.00 secs] 
2020-10-29T14:48:01.132+0000: [GC (Allocation Failure) 2020-10-29T14:48:01.132+0000: [ParNew: 16388K->4K(18432K), 0.0016891 secs] 170968K->154584K(273604K), 0.0017429 secs] [Times: user=0.00 sys=0.00, real=0.00 secs] 
2020-10-29T14:48:01.149+0000: [GC (Allocation Failure) 2020-10-29T14:48:01.149+0000: [ParNew: 16388K->4K(18432K), 0.0016365 secs] 170968K->154584K(273604K), 0.0016870 secs] [Times: user=0.00 sys=0.00, real=0.00 secs] 
2020-10-29T14:48:01.165+0000: [GC (Allocation Failure) 2020-10-29T14:48:01.165+0000: [ParNew: 16388K->4K(18432K), 0.0015860 secs] 170968K->154584K(273604K), 0.0016460 secs] [Times: user=0.00 sys=0.00, real=0.00 secs] 
2020-10-29T14:48:01.184+0000: [GC (Allocation Failure) 2020-10-29T14:48:01.185+0000: [ParNew: 16388K->4K(18432K), 0.0016415 secs] 170968K->154584K(273604K), 0.0016943 secs] [Times: user=0.00 sys=0.00, real=0.00 secs] 
2020-10-29T14:48:01.203+0000: [GC (Allocation Failure) 2020-10-29T14:48:01.203+0000: [ParNew: 16388K->4K(18432K), 0.0016841 secs] 170968K->154585K(273604K), 0.0017347 secs] [Times: user=0.01 sys=0.00, real=0.01 secs] 
2020-10-29T14:48:01.220+0000: [GC (Allocation Failure) 2020-10-29T14:48:01.220+0000: [ParNew: 16388K->4K(18432K), 0.0016413 secs] 170969K->154585K(273604K), 0.0017039 secs] [Times: user=0.00 sys=0.00, real=0.00 secs] 
2020-10-29T14:48:01.238+0000: [GC (Allocation Failure) 2020-10-29T14:48:01.238+0000: [ParNew: 16388K->4K(18432K), 0.0016442 secs] 170969K->154585K(273604K), 0.0017066 secs] [Times: user=0.01 sys=0.00, real=0.00 secs] 
2020-10-29T14:48:01.255+0000: [GC (Allocation Failure) 2020-10-29T14:48:01.255+0000: [ParNew: 16388K->4K(18432K), 0.0016931 secs] 170969K->154585K(273604K), 0.0017528 secs] [Times: user=0.01 sys=0.00, real=0.00 secs] 
2020-10-29T14:48:01.272+0000: [GC (Allocation Failure) 2020-10-29T14:48:01.272+0000: [ParNew: 16388K->4K(18432K), 0.0017038 secs] 170969K->154585K(273604K), 0.0017577 secs] [Times: user=0.01 sys=0.00, real=0.01 secs] 
2020-10-29T14:48:01.288+0000: [GC (Allocation Failure) 2020-10-29T14:48:01.288+0000: [ParNew: 16388K->4K(18432K), 0.0017168 secs] 170969K->154585K(273604K), 0.0017706 secs] [Times: user=0.01 sys=0.00, real=0.00 secs] 
2020-10-29T14:48:01.308+0000: [GC (Allocation Failure) 2020-10-29T14:48:01.309+0000: [ParNew: 16388K->4K(18432K), 0.0017232 secs] 170969K->154585K(273604K), 0.0017785 secs] [Times: user=0.00 sys=0.00, real=0.00 secs] 
2020-10-29T14:48:01.328+0000: [GC (Allocation Failure) 2020-10-29T14:48:01.329+0000: [ParNew: 16388K->4K(18432K), 0.0017327 secs] 170969K->154585K(273604K), 0.0017872 secs] [Times: user=0.00 sys=0.00, real=0.00 secs] 
2020-10-29T14:48:01.345+0000: [GC (Allocation Failure) 2020-10-29T14:48:01.345+0000: [ParNew: 16388K->4K(18432K), 0.0017193 secs] 170969K->154585K(273604K), 0.0017748 secs] [Times: user=0.00 sys=0.00, real=0.00 secs] 
2020-10-29T14:48:01.361+0000: [GC (Allocation Failure) 2020-10-29T14:48:01.361+0000: [ParNew: 16388K->4K(18432K), 0.0017338 secs] 170969K->154585K(273604K), 0.0017889 secs] [Times: user=0.00 sys=0.00, real=0.00 secs] 
2020-10-29T14:48:01.380+0000: [GC (Allocation Failure) 2020-10-29T14:48:01.381+0000: [ParNew: 16388K->4K(18432K), 0.0017192 secs] 170969K->154585K(273604K), 0.0017748 secs] [Times: user=0.00 sys=0.00, real=0.00 secs] 
2020-10-29T14:48:01.397+0000: [GC (Allocation Failure) 2020-10-29T14:48:01.397+0000: [ParNew: 16388K->4K(18432K), 0.0017212 secs] 170969K->154585K(273604K), 0.0017791 secs] [Times: user=0.00 sys=0.00, real=0.00 secs] 
2020-10-29T14:48:01.416+0000: [GC (Allocation Failure) 2020-10-29T14:48:01.416+0000: [ParNew: 16388K->4K(18432K), 0.0016914 secs] 170969K->154585K(273604K), 0.0017459 secs] [Times: user=0.01 sys=0.00, real=0.00 secs] 
2020-10-29T14:48:01.433+0000: [GC (Allocation Failure) 2020-10-29T14:48:01.433+0000: [ParNew: 16388K->4K(18432K), 0.0016950 secs] 170969K->154585K(273604K), 0.0017493 secs] [Times: user=0.00 sys=0.00, real=0.00 secs] 
2020-10-29T14:48:01.449+0000: [GC (Allocation Failure) 2020-10-29T14:48:01.449+0000: [ParNew: 16388K->4K(18432K), 0.0016799 secs] 170969K->154585K(273604K), 0.0017430 secs] [Times: user=0.00 sys=0.00, real=0.00 secs] 
2020-10-29T14:48:01.465+0000: [GC (Allocation Failure) 2020-10-29T14:48:01.465+0000: [ParNew: 16388K->4K(18432K), 0.0016874 secs] 170969K->154585K(273604K), 0.0017399 secs] [Times: user=0.00 sys=0.00, real=0.00 secs] 
2020-10-29T14:48:01.482+0000: [GC (Allocation Failure) 2020-10-29T14:48:01.482+0000: [ParNew: 16388K->4K(18432K), 0.0016718 secs] 170969K->154585K(273604K), 0.0017228 secs] [Times: user=0.00 sys=0.00, real=0.00 secs] 
2020-10-29T14:48:01.498+0000: [GC (Allocation Failure) 2020-10-29T14:48:01.499+0000: [ParNew: 16388K->4K(18432K), 0.0017477 secs] 170969K->154585K(273604K), 0.0018017 secs] [Times: user=0.00 sys=0.00, real=0.00 secs] 
2020-10-29T14:48:01.516+0000: [GC (Allocation Failure) 2020-10-29T14:48:01.516+0000: [ParNew: 16388K->4K(18432K), 0.0017050 secs] 170969K->154585K(273604K), 0.0017593 secs] [Times: user=0.01 sys=0.00, real=0.00 secs] 
2020-10-29T14:48:01.533+0000: [GC (Allocation Failure) 2020-10-29T14:48:01.533+0000: [ParNew: 16388K->4K(18432K), 0.0016830 secs] 170969K->154585K(273604K), 0.0017352 secs] [Times: user=0.01 sys=0.01, real=0.00 secs] 
2020-10-29T14:48:01.550+0000: [GC (Allocation Failure) 2020-10-29T14:48:01.550+0000: [ParNew: 16388K->4K(18432K), 0.0017378 secs] 170969K->154585K(273604K), 0.0017909 secs] [Times: user=0.00 sys=0.00, real=0.00 secs] 
2020-10-29T14:48:01.566+0000: [GC (Allocation Failure) 2020-10-29T14:48:01.566+0000: [ParNew: 16388K->4K(18432K), 0.0016451 secs] 170969K->154585K(273604K), 0.0017035 secs] [Times: user=0.01 sys=0.00, real=0.00 secs] 
2020-10-29T14:48:01.583+0000: [GC (Allocation Failure) 2020-10-29T14:48:01.583+0000: [ParNew: 16388K->4K(18432K), 0.0016997 secs] 170969K->154585K(273604K), 0.0017532 secs] [Times: user=0.00 sys=0.00, real=0.00 secs] 
2020-10-29T14:48:01.593+0000: [GC (Allocation Failure) 2020-10-29T14:48:01.593+0000: [ParNew: 16388K->4K(18432K), 0.0023381 secs] 170969K->162777K(273604K), 0.0023875 secs] [Times: user=0.00 sys=0.00, real=0.00 secs] 
2020-10-29T14:48:01.612+0000: [GC (Allocation Failure) 2020-10-29T14:48:01.612+0000: [ParNew: 16388K->4K(18432K), 0.0016369 secs] 179161K->162777K(273604K), 0.0016884 secs] [Times: user=0.00 sys=0.00, real=0.00 secs] 
2020-10-29T14:48:01.632+0000: [GC (Allocation Failure) 2020-10-29T14:48:01.632+0000: [ParNew: 16388K->4K(18432K), 0.0016778 secs] 179161K->162777K(273604K), 0.0017312 secs] [Times: user=0.00 sys=0.00, real=0.00 secs] 
2020-10-29T14:48:01.649+0000: [GC (Allocation Failure) 2020-10-29T14:48:01.649+0000: [ParNew: 16388K->4K(18432K), 0.0014897 secs] 179161K->162777K(273604K), 0.0015377 secs] [Times: user=0.00 sys=0.00, real=0.00 secs] 
2020-10-29T14:48:01.665+0000: [GC (Allocation Failure) 2020-10-29T14:48:01.665+0000: [ParNew: 16388K->4K(18432K), 0.0016792 secs] 179161K->162777K(273604K), 0.0017327 secs] [Times: user=0.00 sys=0.00, real=0.00 secs] 
2020-10-29T14:48:01.684+0000: [GC (Allocation Failure) 2020-10-29T14:48:01.685+0000: [ParNew: 16388K->4K(18432K), 0.0017083 secs] 179161K->162777K(273604K), 0.0017616 secs] [Times: user=0.00 sys=0.00, real=0.00 secs] 
2020-10-29T14:48:01.704+0000: [GC (Allocation Failure) 2020-10-29T14:48:01.705+0000: [ParNew: 16388K->4K(18432K), 0.0017406 secs] 179161K->162777K(273604K), 0.0018006 secs] [Times: user=0.01 sys=0.00, real=0.00 secs] 
2020-10-29T14:48:01.721+0000: [GC (Allocation Failure) 2020-10-29T14:48:01.721+0000: [ParNew: 16388K->4K(18432K), 0.0016647 secs] 179161K->162777K(273604K), 0.0017174 secs] [Times: user=0.00 sys=0.00, real=0.00 secs] 
2020-10-29T14:48:01.737+0000: [GC (Allocation Failure) 2020-10-29T14:48:01.737+0000: [ParNew: 16388K->4K(18432K), 0.0016817 secs] 179161K->162777K(273604K), 0.0017356 secs] [Times: user=0.01 sys=0.00, real=0.00 secs] 
2020-10-29T14:48:01.754+0000: [GC (Allocation Failure) 2020-10-29T14:48:01.754+0000: [ParNew: 16388K->4K(18432K), 0.0016538 secs] 179161K->162777K(273604K), 0.0017119 secs] [Times: user=0.01 sys=0.00, real=0.00 secs] 
2020-10-29T14:48:01.770+0000: [GC (Allocation Failure) 2020-10-29T14:48:01.770+0000: [ParNew: 16388K->4K(18432K), 0.0016833 secs] 179161K->162777K(273604K), 0.0017514 secs] [Times: user=0.00 sys=0.00, real=0.00 secs] 
2020-10-29T14:48:01.787+0000: [GC (Allocation Failure) 2020-10-29T14:48:01.787+0000: [ParNew: 16388K->4K(18432K), 0.0017225 secs] 179161K->162777K(273604K), 0.0017755 secs] [Times: user=0.00 sys=0.00, real=0.00 secs] 
2020-10-29T14:48:01.804+0000: [GC (Allocation Failure) 2020-10-29T14:48:01.804+0000: [ParNew: 16388K->4K(18432K), 0.0016715 secs] 179161K->162777K(273604K), 0.0017239 secs] [Times: user=0.00 sys=0.00, real=0.01 secs] 
2020-10-29T14:48:01.820+0000: [GC (Allocation Failure) 2020-10-29T14:48:01.820+0000: [ParNew: 16388K->2K(18432K), 0.0028865 secs] 179161K->162775K(273604K), 0.0029395 secs] [Times: user=0.00 sys=0.00, real=0.00 secs] 
2020-10-29T14:48:01.838+0000: [GC (Allocation Failure) 2020-10-29T14:48:01.838+0000: [ParNew: 16386K->4K(18432K), 0.0017179 secs] 179159K->162777K(273604K), 0.0017723 secs] [Times: user=0.00 sys=0.00, real=0.00 secs] 
2020-10-29T14:48:01.855+0000: [GC (Allocation Failure) 2020-10-29T14:48:01.855+0000: [ParNew: 16388K->4K(18432K), 0.0017236 secs] 179161K->162777K(273604K), 0.0017932 secs] [Times: user=0.00 sys=0.00, real=0.00 secs] 
2020-10-29T14:48:01.872+0000: [GC (Allocation Failure) 2020-10-29T14:48:01.872+0000: [ParNew: 16388K->4K(18432K), 0.0016645 secs] 179161K->162777K(273604K), 0.0017165 secs] [Times: user=0.00 sys=0.00, real=0.00 secs] 
2020-10-29T14:48:01.889+0000: [GC (Allocation Failure) 2020-10-29T14:48:01.889+0000: [ParNew: 16388K->4K(18432K), 0.0016911 secs] 179161K->162777K(273604K), 0.0017453 secs] [Times: user=0.00 sys=0.00, real=0.00 secs] 
2020-10-29T14:48:01.905+0000: [GC (Allocation Failure) 2020-10-29T14:48:01.905+0000: [ParNew: 16388K->4K(18432K), 0.0016891 secs] 179161K->162777K(273604K), 0.0017426 secs] [Times: user=0.01 sys=0.00, real=0.00 secs] 
2020-10-29T14:48:01.922+0000: [GC (Allocation Failure) 2020-10-29T14:48:01.922+0000: [ParNew: 16388K->4K(18432K), 0.0015875 secs] 179161K->162777K(273604K), 0.0016400 secs] [Times: user=0.00 sys=0.00, real=0.00 secs] 
2020-10-29T14:48:01.938+0000: [GC (Allocation Failure) 2020-10-29T14:48:01.938+0000: [ParNew: 16388K->4K(18432K), 0.0017138 secs] 179161K->162777K(273604K), 0.0017676 secs] [Times: user=0.00 sys=0.00, real=0.00 secs] 
2020-10-29T14:48:01.956+0000: [GC (Allocation Failure) 2020-10-29T14:48:01.956+0000: [ParNew: 15079K->4K(18432K), 0.0017189 secs] 177852K->162777K(273604K), 0.0017716 secs] [Times: user=0.01 sys=0.00, real=0.00 secs] 
2020-10-29T14:48:01.968+0000: [GC (Allocation Failure) 2020-10-29T14:48:01.968+0000: [ParNew: 16388K->4K(18432K), 0.0070769 secs] 179161K->170969K(273604K), 0.0071285 secs] [Times: user=0.01 sys=0.00, real=0.01 secs] 
2020-10-29T14:48:01.976+0000: [CMS-concurrent-abortable-preclean: 0.046/0.974 secs] [Times: user=1.72 sys=0.09, real=0.98 secs] 
2020-10-29T14:48:01.976+0000: [GC (CMS Final Remark) [YG occupancy: 329 K (18432 K)]2020-10-29T14:48:01.976+0000: [Rescan (parallel) , 0.0011239 secs]2020-10-29T14:48:01.978+0000: [weak refs processing, 0.0000269 secs]2020-10-29T14:48:01.978+0000: [class unloading, 0.0079218 secs]2020-10-29T14:48:01.986+0000: [scrub symbol table, 0.0103160 secs]2020-10-29T14:48:01.996+0000: [scrub string table, 0.0005843 secs][1 CMS-remark: 170965K(255172K)] 171295K(273604K), 0.0200980 secs] [Times: user=0.02 sys=0.00, real=0.02 secs] 
2020-10-29T14:48:01.997+0000: [CMS-concurrent-sweep-start]
2020-10-29T14:48:02.015+0000: [GC (Allocation Failure) 2020-10-29T14:48:02.015+0000: [ParNew: 16388K->4K(18432K), 0.0017127 secs] 187353K->170969K(273604K), 0.0017653 secs] [Times: user=0.00 sys=0.00, real=0.00 secs] 
2020-10-29T14:48:02.020+0000: [CMS-concurrent-sweep: 0.022/0.024 secs] [Times: user=0.05 sys=0.00, real=0.02 secs] 
2020-10-29T14:48:02.021+0000: [CMS-concurrent-reset-start]
2020-10-29T14:48:02.022+0000: [CMS-concurrent-reset: 0.002/0.002 secs] [Times: user=0.00 sys=0.00, real=0.00 secs] 
2020-10-29T14:48:02.034+0000: [GC (Allocation Failure) 2020-10-29T14:48:02.034+0000: [ParNew: 16388K->4K(18432K), 0.0017824 secs] 187353K->170969K(303376K), 0.0018292 secs] [Times: user=0.01 sys=0.00, real=0.00 secs] 
2020-10-29T14:48:02.050+0000: [GC (Allocation Failure) 2020-10-29T14:48:02.050+0000: [ParNew: 16388K->4K(18432K), 0.0017810 secs] 187353K->170969K(303376K), 0.0018338 secs] [Times: user=0.00 sys=0.00, real=0.00 secs] 
2020-10-29T14:48:02.066+0000: [GC (Allocation Failure) 2020-10-29T14:48:02.066+0000: [ParNew: 16388K->4K(18432K), 0.0018061 secs] 187353K->170969K(303376K), 0.0018604 secs] [Times: user=0.00 sys=0.00, real=0.00 secs] 
2020-10-29T14:48:02.082+0000: [GC (Allocation Failure) 2020-10-29T14:48:02.082+0000: [ParNew: 16388K->4K(18432K), 0.0017633 secs] 187353K->170969K(303376K), 0.0018147 secs] [Times: user=0.00 sys=0.00, real=0.00 secs] 
2020-10-29T14:48:02.100+0000: [GC (Allocation Failure) 2020-10-29T14:48:02.100+0000: [ParNew: 16388K->4K(18432K), 0.0017932 secs] 187353K->170969K(303376K), 0.0018456 secs] [Times: user=0.00 sys=0.00, real=0.00 secs] 
2020-10-29T14:48:02.117+0000: [GC (Allocation Failure) 2020-10-29T14:48:02.117+0000: [ParNew: 16388K->4K(18432K), 0.0017813 secs] 187353K->170969K(303376K), 0.0018316 secs] [Times: user=0.00 sys=0.00, real=0.00 secs] 
2020-10-29T14:48:02.132+0000: [GC (Allocation Failure) 2020-10-29T14:48:02.133+0000: [ParNew: 16388K->4K(18432K), 0.0018198 secs] 187353K->170969K(303376K), 0.0018725 secs] [Times: user=0.00 sys=0.00, real=0.00 secs] 
2020-10-29T14:48:02.148+0000: [GC (Allocation Failure) 2020-10-29T14:48:02.149+0000: [ParNew: 16388K->4K(18432K), 0.0017618 secs] 187353K->170969K(303376K), 0.0018145 secs] [Times: user=0.00 sys=0.00, real=0.00 secs] 
2020-10-29T14:48:02.164+0000: [GC (Allocation Failure) 2020-10-29T14:48:02.164+0000: [ParNew: 16388K->4K(18432K), 0.0018182 secs] 187353K->170969K(303376K), 0.0018759 secs] [Times: user=0.00 sys=0.00, real=0.00 secs] 
2020-10-29T14:48:02.184+0000: [GC (Allocation Failure) 2020-10-29T14:48:02.184+0000: [ParNew: 16388K->4K(18432K), 0.0017828 secs] 187353K->170969K(303376K), 0.0018345 secs] [Times: user=0.00 sys=0.01, real=0.01 secs] 
2020-10-29T14:48:02.201+0000: [GC (Allocation Failure) 2020-10-29T14:48:02.201+0000: [ParNew: 16388K->4K(18432K), 0.0017525 secs] 187353K->170969K(303376K), 0.0018025 secs] [Times: user=0.00 sys=0.00, real=0.00 secs] 
2020-10-29T14:48:02.213+0000: [GC (Allocation Failure) 2020-10-29T14:48:02.213+0000: [ParNew: 16388K->4K(18432K), 0.0074936 secs] 187353K->179161K(303376K), 0.0075486 secs] [Times: user=0.02 sys=0.00, real=0.00 secs] 
2020-10-29T14:48:02.220+0000: [GC (CMS Initial Mark) [1 CMS-initial-mark: 179157K(284944K)] 179355K(303376K), 0.0013508 secs] [Times: user=0.00 sys=0.00, real=0.00 secs] 
2020-10-29T14:48:02.222+0000: [CMS-concurrent-mark-start]
2020-10-29T14:48:02.250+0000: [GC (Allocation Failure) 2020-10-29T14:48:02.250+0000: [ParNew: 16388K->4K(18432K), 0.0016815 secs] 195545K->179161K(303376K), 0.0017358 secs] [Times: user=0.01 sys=0.00, real=0.00 secs] 
2020-10-29T14:48:02.267+0000: [CMS-concurrent-mark: 0.044/0.045 secs] [Times: user=0.09 sys=0.00, real=0.05 secs] 
2020-10-29T14:48:02.267+0000: [CMS-concurrent-preclean-start]
2020-10-29T14:48:02.269+0000: [CMS-concurrent-preclean: 0.002/0.002 secs] [Times: user=0.00 sys=0.00, real=0.00 secs] 
2020-10-29T14:48:02.269+0000: [CMS-concurrent-abortable-preclean-start]
2020-10-29T14:48:02.274+0000: [GC (Allocation Failure) 2020-10-29T14:48:02.274+0000: [ParNew: 16388K->4K(18432K), 0.0013597 secs] 195545K->179161K(303376K), 0.0013982 secs] [Times: user=0.00 sys=0.00, real=0.00 secs] 
2020-10-29T14:48:02.290+0000: [GC (Allocation Failure) 2020-10-29T14:48:02.290+0000: [ParNew: 16388K->4K(18432K), 0.0014154 secs] 195545K->179161K(303376K), 0.0014630 secs] [Times: user=0.00 sys=0.00, real=0.00 secs] 
2020-10-29T14:48:02.306+0000: [GC (Allocation Failure) 2020-10-29T14:48:02.306+0000: [ParNew: 16388K->4K(18432K), 0.0016028 secs] 195545K->179161K(303376K), 0.0016520 secs] [Times: user=0.00 sys=0.00, real=0.00 secs] 
2020-10-29T14:48:02.324+0000: [GC (Allocation Failure) 2020-10-29T14:48:02.324+0000: [ParNew: 16388K->4K(18432K), 0.0016757 secs] 195545K->179161K(303376K), 0.0017277 secs] [Times: user=0.00 sys=0.00, real=0.00 secs] 
2020-10-29T14:48:02.344+0000: [GC (Allocation Failure) 2020-10-29T14:48:02.344+0000: [ParNew: 16388K->4K(18432K), 0.0017219 secs] 195545K->179161K(303376K), 0.0017750 secs] [Times: user=0.01 sys=0.00, real=0.01 secs] 
2020-10-29T14:48:02.361+0000: [GC (Allocation Failure) 2020-10-29T14:48:02.361+0000: [ParNew: 16388K->4K(18432K), 0.0014919 secs] 195545K->179161K(303376K), 0.0015418 secs] [Times: user=0.00 sys=0.00, real=0.00 secs] 
2020-10-29T14:48:02.376+0000: [GC (Allocation Failure) 2020-10-29T14:48:02.377+0000: [ParNew: 16388K->4K(18432K), 0.0015452 secs] 195545K->179161K(303376K), 0.0016042 secs] [Times: user=0.00 sys=0.00, real=0.00 secs] 
2020-10-29T14:48:02.393+0000: [GC (Allocation Failure) 2020-10-29T14:48:02.393+0000: [ParNew: 16388K->4K(18432K), 0.0017452 secs] 195545K->179161K(303376K), 0.0017988 secs] [Times: user=0.00 sys=0.00, real=0.00 secs] 
2020-10-29T14:48:02.409+0000: [GC (Allocation Failure) 2020-10-29T14:48:02.409+0000: [ParNew: 16388K->4K(18432K), 0.0017874 secs] 195545K->179161K(303376K), 0.0018616 secs] [Times: user=0.00 sys=0.00, real=0.00 secs] 
2020-10-29T14:48:02.426+0000: [GC (Allocation Failure) 2020-10-29T14:48:02.426+0000: [ParNew: 16388K->4K(18432K), 0.0016686 secs] 195545K->179161K(303376K), 0.0017207 secs] [Times: user=0.01 sys=0.00, real=0.00 secs] 
2020-10-29T14:48:02.444+0000: [GC (Allocation Failure) 2020-10-29T14:48:02.444+0000: [ParNew: 16388K->4K(18432K), 0.0015829 secs] 195545K->179161K(303376K), 0.0016336 secs] [Times: user=0.00 sys=0.00, real=0.00 secs] 
2020-10-29T14:48:02.464+0000: [GC (Allocation Failure) 2020-10-29T14:48:02.465+0000: [ParNew: 16388K->4K(18432K), 0.0016953 secs] 195545K->179161K(303376K), 0.0017499 secs] [Times: user=0.01 sys=0.00, real=0.00 secs] 
2020-10-29T14:48:02.484+0000: [GC (Allocation Failure) 2020-10-29T14:48:02.484+0000: [ParNew: 16388K->4K(18432K), 0.0014193 secs] 195545K->179161K(303376K), 0.0014664 secs] [Times: user=0.01 sys=0.00, real=0.00 secs] 
2020-10-29T14:48:02.500+0000: [GC (Allocation Failure) 2020-10-29T14:48:02.500+0000: [ParNew: 16388K->4K(18432K), 0.0016725 secs] 195545K->179161K(303376K), 0.0017336 secs] [Times: user=0.01 sys=0.00, real=0.00 secs] 
2020-10-29T14:48:02.520+0000: [GC (Allocation Failure) 2020-10-29T14:48:02.521+0000: [ParNew: 16388K->4K(18432K), 0.0017103 secs] 195545K->179161K(303376K), 0.0017626 secs] [Times: user=0.00 sys=0.00, real=0.00 secs] 
2020-10-29T14:48:02.537+0000: [GC (Allocation Failure) 2020-10-29T14:48:02.537+0000: [ParNew: 16388K->4K(18432K), 0.0016031 secs] 195545K->179161K(303376K), 0.0016532 secs] [Times: user=0.00 sys=0.00, real=0.00 secs] 
2020-10-29T14:48:02.553+0000: [GC (Allocation Failure) 2020-10-29T14:48:02.553+0000: [ParNew: 16388K->4K(18432K), 0.0017776 secs] 195545K->179161K(303376K), 0.0018313 secs] [Times: user=0.00 sys=0.00, real=0.00 secs] 
2020-10-29T14:48:02.570+0000: [GC (Allocation Failure) 2020-10-29T14:48:02.570+0000: [ParNew: 16388K->4K(18432K), 0.0017739 secs] 195545K->179161K(303376K), 0.0018442 secs] [Times: user=0.00 sys=0.00, real=0.00 secs] 
2020-10-29T14:48:02.588+0000: [GC (Allocation Failure) 2020-10-29T14:48:02.588+0000: [ParNew: 16388K->4K(18432K), 0.0016778 secs] 195545K->179161K(303376K), 0.0017283 secs] [Times: user=0.00 sys=0.00, real=0.00 secs] 
2020-10-29T14:48:02.605+0000: [GC (Allocation Failure) 2020-10-29T14:48:02.605+0000: [ParNew: 16388K->4K(18432K), 0.0015800 secs] 195545K->179161K(303376K), 0.0016367 secs] [Times: user=0.00 sys=0.00, real=0.00 secs] 
2020-10-29T14:48:02.624+0000: [GC (Allocation Failure) 2020-10-29T14:48:02.624+0000: [ParNew: 16388K->4K(18432K), 0.0015582 secs] 195545K->179161K(303376K), 0.0016092 secs] [Times: user=0.01 sys=0.00, real=0.00 secs] 
2020-10-29T14:48:02.644+0000: [GC (Allocation Failure) 2020-10-29T14:48:02.644+0000: [ParNew: 16388K->4K(18432K), 0.0015648 secs] 195545K->179161K(303376K), 0.0016165 secs] [Times: user=0.00 sys=0.00, real=0.00 secs] 
2020-10-29T14:48:02.675+0000: [GC (Allocation Failure) 2020-10-29T14:48:02.675+0000: [ParNew: 16388K->4K(18432K), 0.0017986 secs] 195545K->179161K(303376K), 0.0018542 secs] [Times: user=0.00 sys=0.00, real=0.00 secs] 
2020-10-29T14:48:02.696+0000: [GC (Allocation Failure) 2020-10-29T14:48:02.696+0000: [ParNew: 16388K->4K(18432K), 0.0017844 secs] 195545K->179161K(303376K), 0.0018384 secs] [Times: user=0.01 sys=0.00, real=0.00 secs] 
2020-10-29T14:48:02.713+0000: [GC (Allocation Failure) 2020-10-29T14:48:02.713+0000: [ParNew: 16388K->4K(18432K), 0.0016870 secs] 195545K->179161K(303376K), 0.0017400 secs] [Times: user=0.01 sys=0.00, real=0.00 secs] 
2020-10-29T14:48:02.729+0000: [GC (Allocation Failure) 2020-10-29T14:48:02.729+0000: [ParNew: 16388K->4K(18432K), 0.0015132 secs] 195545K->179161K(303376K), 0.0015640 secs] [Times: user=0.01 sys=0.00, real=0.00 secs] 
2020-10-29T14:48:02.745+0000: [GC (Allocation Failure) 2020-10-29T14:48:02.745+0000: [ParNew: 16388K->4K(18432K), 0.0016080 secs] 195545K->179161K(303376K), 0.0016591 secs] [Times: user=0.00 sys=0.00, real=0.00 secs] 
2020-10-29T14:48:02.764+0000: [GC (Allocation Failure) 2020-10-29T14:48:02.764+0000: [ParNew: 16388K->4K(18432K), 0.0016667 secs] 195545K->179161K(303376K), 0.0017186 secs] [Times: user=0.00 sys=0.00, real=0.00 secs] 
2020-10-29T14:48:02.784+0000: [GC (Allocation Failure) 2020-10-29T14:48:02.785+0000: [ParNew: 16388K->4K(18432K), 0.0016829 secs] 195545K->179162K(303376K), 0.0017339 secs] [Times: user=0.00 sys=0.00, real=0.00 secs] 
2020-10-29T14:48:02.801+0000: [GC (Allocation Failure) 2020-10-29T14:48:02.801+0000: [ParNew: 16388K->4K(18432K), 0.0015803 secs] 195546K->179162K(303376K), 0.0016281 secs] [Times: user=0.00 sys=0.00, real=0.00 secs] 
2020-10-29T14:48:02.817+0000: [GC (Allocation Failure) 2020-10-29T14:48:02.817+0000: [ParNew: 16388K->4K(18432K), 0.0015010 secs] 195546K->179162K(303376K), 0.0015466 secs] [Times: user=0.00 sys=0.00, real=0.00 secs] 
2020-10-29T14:48:02.834+0000: [GC (Allocation Failure) 2020-10-29T14:48:02.834+0000: [ParNew: 16388K->4K(18432K), 0.0016022 secs] 195546K->179162K(303376K), 0.0016523 secs] [Times: user=0.01 sys=0.00, real=0.00 secs] 
2020-10-29T14:48:02.852+0000: [GC (Allocation Failure) 2020-10-29T14:48:02.853+0000: [ParNew: 16388K->4K(18432K), 0.0016819 secs] 195546K->179162K(303376K), 0.0017338 secs] [Times: user=0.00 sys=0.00, real=0.00 secs] 
2020-10-29T14:48:02.872+0000: [GC (Allocation Failure) 2020-10-29T14:48:02.872+0000: [ParNew: 16388K->4K(18432K), 0.0015751 secs] 195546K->179162K(303376K), 0.0016252 secs] [Times: user=0.00 sys=0.00, real=0.00 secs] 
2020-10-29T14:48:02.889+0000: [GC (Allocation Failure) 2020-10-29T14:48:02.889+0000: [ParNew: 16388K->4K(18432K), 0.0017162 secs] 195546K->179162K(303376K), 0.0017687 secs] [Times: user=0.00 sys=0.00, real=0.00 secs] 
2020-10-29T14:48:02.907+0000: [GC (Allocation Failure) 2020-10-29T14:48:02.907+0000: [ParNew: 16388K->4K(18432K), 0.0017716 secs] 195546K->179162K(303376K), 0.0018243 secs] [Times: user=0.01 sys=0.00, real=0.00 secs] 
2020-10-29T14:48:02.924+0000: [GC (Allocation Failure) 2020-10-29T14:48:02.925+0000: [ParNew: 16388K->4K(18432K), 0.0016160 secs] 195546K->179162K(303376K), 0.0016658 secs] [Times: user=0.01 sys=0.00, real=0.00 secs] 
2020-10-29T14:48:02.941+0000: [GC (Allocation Failure) 2020-10-29T14:48:02.941+0000: [ParNew: 16388K->4K(18432K), 0.0016656 secs] 195546K->179162K(303376K), 0.0017181 secs] [Times: user=0.01 sys=0.00, real=0.00 secs] 
2020-10-29T14:48:02.960+0000: [GC (Allocation Failure) 2020-10-29T14:48:02.960+0000: [ParNew: 16388K->4K(18432K), 0.0014759 secs] 195546K->179162K(303376K), 0.0015228 secs] [Times: user=0.00 sys=0.00, real=0.00 secs] 
2020-10-29T14:48:02.977+0000: [GC (Allocation Failure) 2020-10-29T14:48:02.977+0000: [ParNew: 16388K->4K(18432K), 0.0017576 secs] 195546K->179162K(303376K), 0.0018126 secs] [Times: user=0.00 sys=0.00, real=0.00 secs] 
2020-10-29T14:48:02.996+0000: [GC (Allocation Failure) 2020-10-29T14:48:02.997+0000: [ParNew: 16388K->4K(18432K), 0.0017636 secs] 195546K->179162K(303376K), 0.0018176 secs] [Times: user=0.00 sys=0.00, real=0.00 secs] 
2020-10-29T14:48:03.013+0000: [GC (Allocation Failure) 2020-10-29T14:48:03.013+0000: [ParNew: 16374K->4K(18432K), 0.0017415 secs] 195533K->179162K(303376K), 0.0018022 secs] [Times: user=0.00 sys=0.00, real=0.00 secs] 
2020-10-29T14:48:03.032+0000: [GC (Allocation Failure) 2020-10-29T14:48:03.032+0000: [ParNew: 16388K->4K(18432K), 0.0017706 secs] 195546K->179162K(303376K), 0.0018239 secs] [Times: user=0.01 sys=0.00, real=0.00 secs] 
2020-10-29T14:48:03.050+0000: [GC (Allocation Failure) 2020-10-29T14:48:03.050+0000: [ParNew: 16388K->4K(18432K), 0.0015261 secs] 195546K->179162K(303376K), 0.0015769 secs] [Times: user=0.00 sys=0.00, real=0.00 secs] 
2020-10-29T14:48:03.066+0000: [GC (Allocation Failure) 2020-10-29T14:48:03.066+0000: [ParNew: 16388K->4K(18432K), 0.0016286 secs] 195546K->179162K(303376K), 0.0016785 secs] [Times: user=0.00 sys=0.00, real=0.00 secs] 
2020-10-29T14:48:03.083+0000: [GC (Allocation Failure) 2020-10-29T14:48:03.083+0000: [ParNew: 16388K->4K(18432K), 0.0017413 secs] 195546K->179162K(303376K), 0.0017932 secs] [Times: user=0.00 sys=0.00, real=0.01 secs] 
2020-10-29T14:48:03.100+0000: [GC (Allocation Failure) 2020-10-29T14:48:03.100+0000: [ParNew: 16388K->4K(18432K), 0.0017141 secs] 195546K->179162K(303376K), 0.0017665 secs] [Times: user=0.01 sys=0.00, real=0.00 secs] 
2020-10-29T14:48:03.116+0000: [GC (Allocation Failure) 2020-10-29T14:48:03.116+0000: [ParNew: 16388K->4K(18432K), 0.0016630 secs] 195546K->179162K(303376K), 0.0017232 secs] [Times: user=0.01 sys=0.00, real=0.00 secs] 
2020-10-29T14:48:03.133+0000: [GC (Allocation Failure) 2020-10-29T14:48:03.133+0000: [ParNew: 16388K->4K(18432K), 0.0017387 secs] 195546K->179162K(303376K), 0.0017917 secs] [Times: user=0.01 sys=0.00, real=0.00 secs] 
2020-10-29T14:48:03.152+0000: [GC (Allocation Failure) 2020-10-29T14:48:03.153+0000: [ParNew: 16388K->4K(18432K), 0.0017356 secs] 195546K->179162K(303376K), 0.0017892 secs] [Times: user=0.00 sys=0.00, real=0.00 secs] 
2020-10-29T14:48:03.169+0000: [GC (Allocation Failure) 2020-10-29T14:48:03.170+0000: [ParNew: 16388K->4K(18432K), 0.0017580 secs] 195546K->179162K(303376K), 0.0018108 secs] [Times: user=0.00 sys=0.00, real=0.00 secs] 
2020-10-29T14:48:03.186+0000: [GC (Allocation Failure) 2020-10-29T14:48:03.186+0000: [ParNew: 16388K->4K(18432K), 0.0015077 secs] 195546K->179162K(303376K), 0.0015572 secs] [Times: user=0.01 sys=0.00, real=0.00 secs] 
2020-10-29T14:48:03.202+0000: [GC (Allocation Failure) 2020-10-29T14:48:03.202+0000: [ParNew: 16388K->4K(18432K), 0.0016978 secs] 195546K->179162K(303376K), 0.0017501 secs] [Times: user=0.01 sys=0.00, real=0.00 secs] 
2020-10-29T14:48:03.218+0000: [GC (Allocation Failure) 2020-10-29T14:48:03.218+0000: [ParNew: 16388K->4K(18432K), 0.0017444 secs] 195546K->179162K(303376K), 0.0017981 secs] [Times: user=0.00 sys=0.00, real=0.00 secs] 
2020-10-29T14:48:03.236+0000: [GC (Allocation Failure) 2020-10-29T14:48:03.236+0000: [ParNew: 16388K->4K(18432K), 0.0016862 secs] 195546K->179162K(303376K), 0.0017383 secs] [Times: user=0.00 sys=0.00, real=0.00 secs] 
2020-10-29T14:48:03.256+0000: [GC (Allocation Failure) 2020-10-29T14:48:03.256+0000: [ParNew: 16388K->4K(18432K), 0.0015419 secs] 195546K->179162K(303376K), 0.0015906 secs] [Times: user=0.00 sys=0.00, real=0.00 secs] 
2020-10-29T14:48:03.276+0000: [GC (Allocation Failure) 2020-10-29T14:48:03.277+0000: [ParNew: 16388K->4K(18432K), 0.0017810 secs] 195546K->179162K(303376K), 0.0018359 secs] [Times: user=0.00 sys=0.00, real=0.00 secs] 
2020-10-29T14:48:03.293+0000: [GC (Allocation Failure) 2020-10-29T14:48:03.293+0000: [ParNew: 16388K->4K(18432K), 0.0017227 secs] 195546K->179162K(303376K), 0.0017763 secs] [Times: user=0.00 sys=0.00, real=0.00 secs] 
2020-10-29T14:48:03.310+0000: [GC (Allocation Failure) 2020-10-29T14:48:03.310+0000: [ParNew: 16388K->4K(18432K), 0.0017275 secs] 195546K->179162K(303376K), 0.0017800 secs] [Times: user=0.00 sys=0.00, real=0.00 secs] 
2020-10-29T14:48:03.326+0000: [GC (Allocation Failure) 2020-10-29T14:48:03.326+0000: [ParNew: 16388K->4K(18432K), 0.0015044 secs] 195546K->179162K(303376K), 0.0015539 secs] [Times: user=0.01 sys=0.00, real=0.00 secs] 
2020-10-29T14:48:03.344+0000: [GC (Allocation Failure) 2020-10-29T14:48:03.344+0000: [ParNew: 16388K->4K(18432K), 0.0017147 secs] 195546K->179162K(303376K), 0.0017678 secs] [Times: user=0.00 sys=0.00, real=0.00 secs] 
2020-10-29T14:48:03.361+0000: [GC (Allocation Failure) 2020-10-29T14:48:03.361+0000: [ParNew: 16388K->4K(18432K), 0.0017164 secs] 195546K->179162K(303376K), 0.0017694 secs] [Times: user=0.00 sys=0.00, real=0.00 secs] 
2020-10-29T14:48:03.380+0000: [GC (Allocation Failure) 2020-10-29T14:48:03.380+0000: [ParNew: 16388K->4K(18432K), 0.0016541 secs] 195546K->179162K(303376K), 0.0017048 secs] [Times: user=0.00 sys=0.00, real=0.00 secs] 
2020-10-29T14:48:03.400+0000: [GC (Allocation Failure) 2020-10-29T14:48:03.400+0000: [ParNew: 16388K->4K(18432K), 0.0015372 secs] 195546K->179162K(303376K), 0.0015889 secs] [Times: user=0.00 sys=0.00, real=0.00 secs] 
2020-10-29T14:48:03.413+0000: [GC (Allocation Failure) 2020-10-29T14:48:03.413+0000: [ParNew: 12354K->4K(18432K), 0.0013639 secs] 191512K->179162K(303376K), 0.0014086 secs] [Times: user=0.01 sys=0.00, real=0.00 secs] 
2020-10-29T14:48:03.424+0000: [GC (Allocation Failure) 2020-10-29T14:48:03.424+0000: [ParNew: 16388K->4K(18432K), 0.0071406 secs] 195546K->187354K(303376K), 0.0071896 secs] [Times: user=0.01 sys=0.01, real=0.01 secs] 
2020-10-29T14:48:03.431+0000: [CMS-concurrent-abortable-preclean: 0.052/1.162 secs] [Times: user=2.04 sys=0.10, real=1.16 secs] 
2020-10-29T14:48:03.432+0000: [GC (CMS Final Remark) [YG occupancy: 189 K (18432 K)]2020-10-29T14:48:03.432+0000: [Rescan (parallel) , 0.0014469 secs]2020-10-29T14:48:03.433+0000: [weak refs processing, 0.0000271 secs]2020-10-29T14:48:03.433+0000: [class unloading, 0.0077692 secs]2020-10-29T14:48:03.441+0000: [scrub symbol table, 0.0091249 secs]2020-10-29T14:48:03.450+0000: [scrub string table, 0.0005930 secs][1 CMS-remark: 187350K(284944K)] 187540K(303376K), 0.0190667 secs] [Times: user=0.02 sys=0.00, real=0.02 secs] 
2020-10-29T14:48:03.451+0000: [CMS-concurrent-sweep-start]
2020-10-29T14:48:03.472+0000: [GC (Allocation Failure) 2020-10-29T14:48:03.472+0000: [ParNew: 16388K->4K(18432K), 0.0017370 secs] 203738K->187354K(303376K), 0.0017909 secs] [Times: user=0.01 sys=0.00, real=0.00 secs] 
2020-10-29T14:48:03.475+0000: [CMS-concurrent-sweep: 0.019/0.024 secs] [Times: user=0.04 sys=0.00, real=0.03 secs] 
2020-10-29T14:48:03.484+0000: [CMS-concurrent-reset-start]
2020-10-29T14:48:03.486+0000: [CMS-concurrent-reset: 0.002/0.002 secs] [Times: user=0.01 sys=0.00, real=0.00 secs] 
2020-10-29T14:48:03.491+0000: [GC (Allocation Failure) 2020-10-29T14:48:03.491+0000: [ParNew: 16388K->4K(18432K), 0.0018279 secs] 195545K->179161K(317032K), 0.0018709 secs] [Times: user=0.00 sys=0.00, real=0.01 secs] 
2020-10-29T14:48:03.508+0000: [GC (Allocation Failure) 2020-10-29T14:48:03.508+0000: [ParNew: 16388K->4K(18432K), 0.0017668 secs] 195545K->179161K(317032K), 0.0018162 secs] [Times: user=0.00 sys=0.00, real=0.00 secs] 
2020-10-29T14:48:03.524+0000: [GC (Allocation Failure) 2020-10-29T14:48:03.524+0000: [ParNew: 16388K->4K(18432K), 0.0018015 secs] 195545K->179161K(317032K), 0.0018520 secs] [Times: user=0.00 sys=0.00, real=0.00 secs] 
2020-10-29T14:48:03.544+0000: [GC (Allocation Failure) 2020-10-29T14:48:03.544+0000: [ParNew: 16388K->4K(18432K), 0.0017964 secs] 195545K->179161K(317032K), 0.0018483 secs] [Times: user=0.01 sys=0.00, real=0.01 secs] 
2020-10-29T14:48:03.564+0000: [GC (Allocation Failure) 2020-10-29T14:48:03.564+0000: [ParNew: 16388K->4K(18432K), 0.0017629 secs] 195545K->179161K(317032K), 0.0018105 secs] [Times: user=0.00 sys=0.00, real=0.01 secs] 
2020-10-29T14:48:03.584+0000: [GC (Allocation Failure) 2020-10-29T14:48:03.585+0000: [ParNew: 16388K->4K(18432K), 0.0017701 secs] 195545K->179161K(317032K), 0.0018223 secs] [Times: user=0.01 sys=0.00, real=0.00 secs] 
2020-10-29T14:48:03.600+0000: [GC (Allocation Failure) 2020-10-29T14:48:03.600+0000: [ParNew: 16388K->4K(18432K), 0.0017573 secs] 195545K->179161K(317032K), 0.0018049 secs] [Times: user=0.00 sys=0.00, real=0.00 secs] 
2020-10-29T14:48:03.616+0000: [GC (Allocation Failure) 2020-10-29T14:48:03.616+0000: [ParNew: 16388K->4K(18432K), 0.0017889 secs] 195545K->179161K(317032K), 0.0018422 secs] [Times: user=0.00 sys=0.00, real=0.00 secs] 
2020-10-29T14:48:03.633+0000: [GC (Allocation Failure) 2020-10-29T14:48:03.633+0000: [ParNew: 16388K->4K(18432K), 0.0017750 secs] 195545K->179161K(317032K), 0.0018241 secs] [Times: user=0.00 sys=0.00, real=0.00 secs] 
2020-10-29T14:48:03.652+0000: [GC (Allocation Failure) 2020-10-29T14:48:03.652+0000: [ParNew: 16388K->4K(18432K), 0.0018149 secs] 195545K->179161K(317032K), 0.0018696 secs] [Times: user=0.00 sys=0.00, real=0.01 secs] 
2020-10-29T14:48:03.668+0000: [GC (Allocation Failure) 2020-10-29T14:48:03.669+0000: [ParNew: 16388K->4K(18432K), 0.0017862 secs] 195545K->179161K(317032K), 0.0018375 secs] [Times: user=0.00 sys=0.00, real=0.00 secs] 
2020-10-29T14:48:03.685+0000: [GC (Allocation Failure) 2020-10-29T14:48:03.685+0000: [ParNew: 16388K->4K(18432K), 0.0017500 secs] 195545K->179161K(317032K), 0.0017970 secs] [Times: user=0.00 sys=0.00, real=0.00 secs] 
2020-10-29T14:48:03.704+0000: [GC (Allocation Failure) 2020-10-29T14:48:03.704+0000: [ParNew: 16388K->4K(18432K), 0.0017986 secs] 195545K->179161K(317032K), 0.0018524 secs] [Times: user=0.00 sys=0.00, real=0.01 secs] 
2020-10-29T14:48:03.720+0000: [GC (Allocation Failure) 2020-10-29T14:48:03.721+0000: [ParNew: 16388K->4K(18432K), 0.0017962 secs] 195545K->179161K(317032K), 0.0018561 secs] [Times: user=0.00 sys=0.00, real=0.00 secs] 
2020-10-29T14:48:03.740+0000: [GC (Allocation Failure) 2020-10-29T14:48:03.740+0000: [ParNew: 16388K->4K(18432K), 0.0017954 secs] 195545K->179161K(317032K), 0.0018490 secs] [Times: user=0.00 sys=0.00, real=0.00 secs] 
2020-10-29T14:48:03.756+0000: [GC (Allocation Failure) 2020-10-29T14:48:03.757+0000: [ParNew: 16388K->4K(18432K), 0.0017657 secs] 195545K->179161K(317032K), 0.0018171 secs] [Times: user=0.01 sys=0.00, real=0.00 secs] 
2020-10-29T14:48:03.776+0000: [GC (Allocation Failure) 2020-10-29T14:48:03.776+0000: [ParNew: 16388K->4K(18432K), 0.0018146 secs] 195545K->179161K(317032K), 0.0018697 secs] [Times: user=0.00 sys=0.00, real=0.00 secs] 
2020-10-29T14:48:03.793+0000: [GC (Allocation Failure) 2020-10-29T14:48:03.793+0000: [ParNew: 16388K->4K(18432K), 0.0018370 secs] 195545K->179161K(317032K), 0.0018933 secs] [Times: user=0.01 sys=0.00, real=0.00 secs] 
2020-10-29T14:48:03.811+0000: [GC (Allocation Failure) 2020-10-29T14:48:03.811+0000: [ParNew: 16388K->4K(18432K), 0.0018025 secs] 195545K->179161K(317032K), 0.0018564 secs] [Times: user=0.00 sys=0.00, real=0.01 secs] 
2020-10-29T14:48:03.828+0000: [GC (Allocation Failure) 2020-10-29T14:48:03.828+0000: [ParNew: 16388K->4K(18432K), 0.0017705 secs] 195545K->179161K(317032K), 0.0018218 secs] [Times: user=0.00 sys=0.00, real=0.00 secs] 
2020-10-29T14:48:03.848+0000: [GC (Allocation Failure) 2020-10-29T14:48:03.848+0000: [ParNew: 16388K->4K(18432K), 0.0017714 secs] 195545K->179161K(317032K), 0.0018226 secs] [Times: user=0.01 sys=0.00, real=0.00 secs] 
2020-10-29T14:48:03.873+0000: [GC (Allocation Failure) 2020-10-29T14:48:03.873+0000: [ParNew: 16388K->4K(18432K), 0.0017976 secs] 195545K->179161K(317032K), 0.0018507 secs] [Times: user=0.00 sys=0.00, real=0.00 secs] 
2020-10-29T14:48:03.889+0000: [GC (Allocation Failure) 2020-10-29T14:48:03.889+0000: [ParNew: 16388K->4K(18432K), 0.0017591 secs] 195545K->179161K(317032K), 0.0018064 secs] [Times: user=0.00 sys=0.00, real=0.00 secs] 
2020-10-29T14:48:03.908+0000: [GC (Allocation Failure) 2020-10-29T14:48:03.908+0000: [ParNew: 16388K->4K(18432K), 0.0017327 secs] 195545K->179161K(317032K), 0.0017806 secs] [Times: user=0.00 sys=0.00, real=0.00 secs] 
2020-10-29T14:48:03.919+0000: [GC (Allocation Failure) 2020-10-29T14:48:03.919+0000: [ParNew: 16388K->4K(18432K), 0.0025270 secs] 195545K->187354K(317032K), 0.0025772 secs] [Times: user=0.00 sys=0.00, real=0.00 secs] 
2020-10-29T14:48:03.922+0000: [GC (CMS Initial Mark) [1 CMS-initial-mark: 187349K(298600K)] 187532K(317032K), 0.0012334 secs] [Times: user=0.00 sys=0.00, real=0.00 secs] 
2020-10-29T14:48:03.923+0000: [CMS-concurrent-mark-start]
2020-10-29T14:48:03.949+0000: [GC (Allocation Failure) 2020-10-29T14:48:03.949+0000: [ParNew: 16388K->4K(18432K), 0.0017324 secs] 203738K->187354K(317032K), 0.0017870 secs] [Times: user=0.00 sys=0.00, real=0.00 secs] 
2020-10-29T14:48:03.971+0000: [CMS-concurrent-mark: 0.046/0.048 secs] [Times: user=0.09 sys=0.01, real=0.05 secs] 
2020-10-29T14:48:03.971+0000: [CMS-concurrent-preclean-start]
2020-10-29T14:48:03.972+0000: [CMS-concurrent-preclean: 0.002/0.002 secs] [Times: user=0.01 sys=0.00, real=0.01 secs] 
2020-10-29T14:48:03.972+0000: [CMS-concurrent-abortable-preclean-start]
2020-10-29T14:48:03.975+0000: [GC (Allocation Failure) 2020-10-29T14:48:03.975+0000: [ParNew: 16388K->4K(18432K), 0.0014002 secs] 203738K->187354K(317032K), 0.0014390 secs] [Times: user=0.00 sys=0.00, real=0.00 secs] 
2020-10-29T14:48:03.992+0000: [GC (Allocation Failure) 2020-10-29T14:48:03.992+0000: [ParNew: 16388K->4K(18432K), 0.0017059 secs] 203738K->187354K(317032K), 0.0017582 secs] [Times: user=0.01 sys=0.00, real=0.00 secs] 
2020-10-29T14:48:04.009+0000: [GC (Allocation Failure) 2020-10-29T14:48:04.009+0000: [ParNew: 16388K->4K(18432K), 0.0018004 secs] 203738K->187354K(317032K), 0.0018548 secs] [Times: user=0.00 sys=0.00, real=0.00 secs] 
2020-10-29T14:48:04.029+0000: [GC (Allocation Failure) 2020-10-29T14:48:04.029+0000: [ParNew: 16388K->4K(18432K), 0.0018216 secs] 203738K->187354K(317032K), 0.0018819 secs] [Times: user=0.01 sys=0.00, real=0.00 secs] 
2020-10-29T14:48:04.045+0000: [GC (Allocation Failure) 2020-10-29T14:48:04.045+0000: [ParNew: 16388K->4K(18432K), 0.0018103 secs] 203738K->187354K(317032K), 0.0018623 secs] [Times: user=0.01 sys=0.00, real=0.00 secs] 
2020-10-29T14:48:04.062+0000: [GC (Allocation Failure) 2020-10-29T14:48:04.062+0000: [ParNew: 16388K->4K(18432K), 0.0016652 secs] 203738K->187354K(317032K), 0.0017154 secs] [Times: user=0.00 sys=0.00, real=0.00 secs] 
2020-10-29T14:48:04.080+0000: [GC (Allocation Failure) 2020-10-29T14:48:04.080+0000: [ParNew: 16388K->4K(18432K), 0.0014133 secs] 203738K->187354K(317032K), 0.0014593 secs] [Times: user=0.00 sys=0.00, real=0.00 secs] 
2020-10-29T14:48:04.097+0000: [GC (Allocation Failure) 2020-10-29T14:48:04.097+0000: [ParNew: 16388K->4K(18432K), 0.0017169 secs] 203738K->187354K(317032K), 0.0017700 secs] [Times: user=0.00 sys=0.00, real=0.00 secs] 
2020-10-29T14:48:04.113+0000: [GC (Allocation Failure) 2020-10-29T14:48:04.113+0000: [ParNew: 16388K->4K(18432K), 0.0016222 secs] 203738K->187354K(317032K), 0.0016735 secs] [Times: user=0.00 sys=0.00, real=0.00 secs] 
2020-10-29T14:48:04.132+0000: [GC (Allocation Failure) 2020-10-29T14:48:04.132+0000: [ParNew: 16388K->4K(18432K), 0.0016228 secs] 203738K->187354K(317032K), 0.0016729 secs] [Times: user=0.00 sys=0.00, real=0.00 secs] 
2020-10-29T14:48:04.149+0000: [GC (Allocation Failure) 2020-10-29T14:48:04.149+0000: [ParNew: 16388K->4K(18432K), 0.0017359 secs] 203738K->187354K(317032K), 0.0017893 secs] [Times: user=0.00 sys=0.00, real=0.00 secs] 
2020-10-29T14:48:04.166+0000: [GC (Allocation Failure) 2020-10-29T14:48:04.166+0000: [ParNew: 16388K->4K(18432K), 0.0017228 secs] 203738K->187354K(317032K), 0.0017742 secs] [Times: user=0.01 sys=0.00, real=0.00 secs] 
2020-10-29T14:48:04.182+0000: [GC (Allocation Failure) 2020-10-29T14:48:04.182+0000: [ParNew: 16388K->4K(18432K), 0.0018019 secs] 203738K->187354K(317032K), 0.0018539 secs] [Times: user=0.01 sys=0.00, real=0.00 secs] 
2020-10-29T14:48:04.200+0000: [GC (Allocation Failure) 2020-10-29T14:48:04.200+0000: [ParNew: 16388K->4K(18432K), 0.0017656 secs] 203738K->187354K(317032K), 0.0018194 secs] [Times: user=0.00 sys=0.00, real=0.00 secs] 
2020-10-29T14:48:04.218+0000: [GC (Allocation Failure) 2020-10-29T14:48:04.218+0000: [ParNew: 16388K->4K(18432K), 0.0018043 secs] 203738K->187354K(317032K), 0.0018810 secs] [Times: user=0.00 sys=0.00, real=0.00 secs] 
2020-10-29T14:48:04.236+0000: [GC (Allocation Failure) 2020-10-29T14:48:04.236+0000: [ParNew: 16388K->4K(18432K), 0.0015127 secs] 203738K->187354K(317032K), 0.0015610 secs] [Times: user=0.01 sys=0.00, real=0.00 secs] 
2020-10-29T14:48:04.256+0000: [GC (Allocation Failure) 2020-10-29T14:48:04.256+0000: [ParNew: 16388K->4K(18432K), 0.0014739 secs] 203738K->187354K(317032K), 0.0015209 secs] [Times: user=0.00 sys=0.00, real=0.00 secs] 
2020-10-29T14:48:04.272+0000: [GC (Allocation Failure) 2020-10-29T14:48:04.273+0000: [ParNew: 16388K->4K(18432K), 0.0016547 secs] 203738K->187354K(317032K), 0.0017057 secs] [Times: user=0.00 sys=0.00, real=0.00 secs] 
2020-10-29T14:48:04.292+0000: [GC (Allocation Failure) 2020-10-29T14:48:04.292+0000: [ParNew: 16388K->4K(18432K), 0.0017376 secs] 203738K->187354K(317032K), 0.0017893 secs] [Times: user=0.01 sys=0.00, real=0.00 secs] 
2020-10-29T14:48:04.312+0000: [GC (Allocation Failure) 2020-10-29T14:48:04.312+0000: [ParNew: 16388K->4K(18432K), 0.0017258 secs] 203738K->187354K(317032K), 0.0017781 secs] [Times: user=0.00 sys=0.00, real=0.00 secs] 
2020-10-29T14:48:04.332+0000: [GC (Allocation Failure) 2020-10-29T14:48:04.333+0000: [ParNew: 16388K->4K(18432K), 0.0018169 secs] 203738K->187354K(317032K), 0.0018929 secs] [Times: user=0.00 sys=0.00, real=0.00 secs] 
2020-10-29T14:48:04.349+0000: [GC (Allocation Failure) 2020-10-29T14:48:04.349+0000: [ParNew: 16388K->4K(18432K), 0.0016943 secs] 203738K->187354K(317032K), 0.0017458 secs] [Times: user=0.00 sys=0.00, real=0.00 secs] 
2020-10-29T14:48:04.365+0000: [GC (Allocation Failure) 2020-10-29T14:48:04.365+0000: [ParNew: 16388K->4K(18432K), 0.0015679 secs] 203738K->187354K(317032K), 0.0016177 secs] [Times: user=0.01 sys=0.00, real=0.00 secs] 
2020-10-29T14:48:04.381+0000: [GC (Allocation Failure) 2020-10-29T14:48:04.381+0000: [ParNew: 16388K->4K(18432K), 0.0017286 secs] 203738K->187354K(317032K), 0.0017802 secs] [Times: user=0.00 sys=0.00, real=0.00 secs] 
2020-10-29T14:48:04.398+0000: [GC (Allocation Failure) 2020-10-29T14:48:04.398+0000: [ParNew: 16388K->4K(18432K), 0.0016889 secs] 203738K->187354K(317032K), 0.0017406 secs] [Times: user=0.01 sys=0.00, real=0.00 secs] 
2020-10-29T14:48:04.416+0000: [GC (Allocation Failure) 2020-10-29T14:48:04.416+0000: [ParNew: 16388K->4K(18432K), 0.0018009 secs] 203738K->187354K(317032K), 0.0018528 secs] [Times: user=0.00 sys=0.00, real=0.00 secs] 
2020-10-29T14:48:04.436+0000: [GC (Allocation Failure) 2020-10-29T14:48:04.437+0000: [ParNew: 16388K->4K(18432K), 0.0017904 secs] 203738K->187354K(317032K), 0.0018436 secs] [Times: user=0.00 sys=0.00, real=0.00 secs] 
2020-10-29T14:48:04.456+0000: [GC (Allocation Failure) 2020-10-29T14:48:04.456+0000: [ParNew: 16388K->4K(18432K), 0.0018082 secs] 203738K->187354K(317032K), 0.0018596 secs] [Times: user=0.01 sys=0.00, real=0.00 secs] 
2020-10-29T14:48:04.476+0000: [GC (Allocation Failure) 2020-10-29T14:48:04.477+0000: [ParNew: 16388K->4K(18432K), 0.0017765 secs] 203738K->187354K(317032K), 0.0018283 secs] [Times: user=0.00 sys=0.00, real=0.00 secs] 
2020-10-29T14:48:04.493+0000: [GC (Allocation Failure) 2020-10-29T14:48:04.493+0000: [ParNew: 16388K->4K(18432K), 0.0017945 secs] 203738K->187354K(317032K), 0.0018478 secs] [Times: user=0.00 sys=0.00, real=0.00 secs] 
2020-10-29T14:48:04.512+0000: [GC (Allocation Failure) 2020-10-29T14:48:04.513+0000: [ParNew: 16388K->4K(18432K), 0.0017512 secs] 203738K->187354K(317032K), 0.0018040 secs] [Times: user=0.00 sys=0.00, real=0.00 secs] 
2020-10-29T14:48:04.532+0000: [GC (Allocation Failure) 2020-10-29T14:48:04.532+0000: [ParNew: 16388K->4K(18432K), 0.0016043 secs] 203738K->187354K(317032K), 0.0016512 secs] [Times: user=0.00 sys=0.00, real=0.00 secs] 
2020-10-29T14:48:04.548+0000: [GC (Allocation Failure) 2020-10-29T14:48:04.548+0000: [ParNew: 16388K->4K(18432K), 0.0016821 secs] 203738K->187354K(317032K), 0.0017329 secs] [Times: user=0.00 sys=0.00, real=0.00 secs] 
2020-10-29T14:48:04.566+0000: [GC (Allocation Failure) 2020-10-29T14:48:04.566+0000: [ParNew: 16388K->4K(18432K), 0.0015486 secs] 203738K->187354K(317032K), 0.0015978 secs] [Times: user=0.00 sys=0.00, real=0.00 secs] 
2020-10-29T14:48:04.592+0000: [GC (Allocation Failure) 2020-10-29T14:48:04.593+0000: [ParNew: 16388K->4K(18432K), 0.0017758 secs] 220122K->203738K(317032K), 0.0018302 secs] [Times: user=0.00 sys=0.00, real=0.00 secs] 
2020-10-29T14:48:04.612+0000: [GC (Allocation Failure) 2020-10-29T14:48:04.612+0000: [ParNew: 16388K->4K(18432K), 0.0017134 secs] 220122K->203738K(317032K), 0.0017672 secs] [Times: user=0.00 sys=0.00, real=0.00 secs] 
2020-10-29T14:48:04.629+0000: [GC (Allocation Failure) 2020-10-29T14:48:04.629+0000: [ParNew: 16388K->4K(18432K), 0.0014832 secs] 220122K->203738K(317032K), 0.0015310 secs] [Times: user=0.01 sys=0.00, real=0.00 secs] 
2020-10-29T14:48:04.645+0000: [GC (Allocation Failure) 2020-10-29T14:48:04.645+0000: [ParNew: 16388K->4K(18432K), 0.0017086 secs] 220122K->203738K(317032K), 0.0017614 secs] [Times: user=0.00 sys=0.00, real=0.00 secs] 
2020-10-29T14:48:04.661+0000: [GC (Allocation Failure) 2020-10-29T14:48:04.661+0000: [ParNew: 16388K->4K(18432K), 0.0016413 secs] 220122K->203738K(317032K), 0.0016917 secs] [Times: user=0.00 sys=0.00, real=0.00 secs] 
2020-10-29T14:48:04.680+0000: [GC (Allocation Failure) 2020-10-29T14:48:04.680+0000: [ParNew: 16388K->4K(18432K), 0.0016348 secs] 220122K->203738K(317032K), 0.0016851 secs] [Times: user=0.00 sys=0.00, real=0.00 secs] 
2020-10-29T14:48:04.697+0000: [GC (Allocation Failure) 2020-10-29T14:48:04.697+0000: [ParNew: 16388K->4K(18432K), 0.0017546 secs] 220122K->203738K(317032K), 0.0018156 secs] [Times: user=0.00 sys=0.00, real=0.00 secs] 
2020-10-29T14:48:04.713+0000: [GC (Allocation Failure) 2020-10-29T14:48:04.713+0000: [ParNew: 16388K->4K(18432K), 0.0016939 secs] 220122K->203738K(317032K), 0.0017462 secs] [Times: user=0.00 sys=0.00, real=0.00 secs] 
2020-10-29T14:48:04.730+0000: [GC (Allocation Failure) 2020-10-29T14:48:04.730+0000: [ParNew: 16388K->4K(18432K), 0.0014959 secs] 220122K->203738K(317032K), 0.0015436 secs] [Times: user=0.00 sys=0.00, real=0.00 secs] 
2020-10-29T14:48:04.750+0000: [GC (Allocation Failure) 2020-10-29T14:48:04.750+0000: [ParNew: 16388K->4K(18432K), 0.0018273 secs] 220122K->203738K(317032K), 0.0018815 secs] [Times: user=0.01 sys=0.00, real=0.00 secs] 
2020-10-29T14:48:04.768+0000: [GC (Allocation Failure) 2020-10-29T14:48:04.768+0000: [ParNew: 16388K->4K(18432K), 0.0017933 secs] 220122K->203738K(317032K), 0.0018444 secs] [Times: user=0.00 sys=0.00, real=0.00 secs] 
2020-10-29T14:48:04.788+0000: [GC (Allocation Failure) 2020-10-29T14:48:04.788+0000: [ParNew: 16388K->4K(18432K), 0.0016406 secs] 220122K->203738K(317032K), 0.0016911 secs] [Times: user=0.01 sys=0.00, real=0.00 secs] 
2020-10-29T14:48:04.807+0000: [GC (Allocation Failure) 2020-10-29T14:48:04.807+0000: [ParNew: 16388K->4K(18432K), 0.0017420 secs] 220122K->203738K(317032K), 0.0017942 secs] [Times: user=0.00 sys=0.00, real=0.00 secs] 
2020-10-29T14:48:04.824+0000: [GC (Allocation Failure) 2020-10-29T14:48:04.824+0000: [ParNew: 16388K->4K(18432K), 0.0016915 secs] 220122K->203738K(317032K), 0.0017420 secs] [Times: user=0.00 sys=0.00, real=0.01 secs] 
2020-10-29T14:48:04.843+0000: [GC (Allocation Failure) 2020-10-29T14:48:04.843+0000: [ParNew: 16388K->4K(18432K), 0.0017460 secs] 220122K->203738K(317032K), 0.0017987 secs] [Times: user=0.01 sys=0.00, real=0.01 secs] 
2020-10-29T14:48:04.859+0000: [GC (Allocation Failure) 2020-10-29T14:48:04.859+0000: [ParNew: 16388K->4K(18432K), 0.0017316 secs] 220122K->203738K(317032K), 0.0017847 secs] [Times: user=0.00 sys=0.00, real=0.00 secs] 
2020-10-29T14:48:04.876+0000: [GC (Allocation Failure) 2020-10-29T14:48:04.876+0000: [ParNew: 16388K->4K(18432K), 0.0016669 secs] 220122K->203738K(317032K), 0.0017170 secs] [Times: user=0.00 sys=0.00, real=0.00 secs] 
2020-10-29T14:48:04.893+0000: [GC (Allocation Failure) 2020-10-29T14:48:04.893+0000: [ParNew: 16388K->4K(18432K), 0.0017871 secs] 220122K->203738K(317032K), 0.0018414 secs] [Times: user=0.00 sys=0.00, real=0.00 secs] 
2020-10-29T14:48:04.909+0000: [GC (Allocation Failure) 2020-10-29T14:48:04.909+0000: [ParNew: 16388K->4K(18432K), 0.0016594 secs] 220122K->203738K(317032K), 0.0017104 secs] [Times: user=0.00 sys=0.00, real=0.00 secs] 
2020-10-29T14:48:04.926+0000: [GC (Allocation Failure) 2020-10-29T14:48:04.926+0000: [ParNew: 16388K->4K(18432K), 0.0014973 secs] 220122K->203738K(317032K), 0.0015458 secs] [Times: user=0.00 sys=0.00, real=0.00 secs] 
2020-10-29T14:48:04.949+0000: [GC (Allocation Failure) 2020-10-29T14:48:04.949+0000: [ParNew: 16388K->4K(18432K), 0.0018194 secs] 236506K->220122K(317032K), 0.0018753 secs] [Times: user=0.00 sys=0.00, real=0.00 secs] 
2020-10-29T14:48:04.968+0000: [GC (Allocation Failure) 2020-10-29T14:48:04.968+0000: [ParNew: 16388K->4K(18432K), 0.0016581 secs] 236506K->220122K(317032K), 0.0017090 secs] [Times: user=0.00 sys=0.00, real=0.00 secs] 
2020-10-29T14:48:04.985+0000: [GC (Allocation Failure) 2020-10-29T14:48:04.985+0000: [ParNew: 16388K->4K(18432K), 0.0017544 secs] 236506K->220122K(317032K), 0.0018084 secs] [Times: user=0.00 sys=0.00, real=0.00 secs] 
2020-10-29T14:48:05.001+0000: [GC (Allocation Failure) 2020-10-29T14:48:05.001+0000: [ParNew: 16388K->4K(18432K), 0.0017157 secs] 236506K->220122K(317032K), 0.0017667 secs] [Times: user=0.00 sys=0.00, real=0.00 secs] 
2020-10-29T14:48:05.020+0000: [GC (Allocation Failure) 2020-10-29T14:48:05.020+0000: [ParNew: 16388K->4K(18432K), 0.0017289 secs] 236506K->220122K(317032K), 0.0017808 secs] [Times: user=0.00 sys=0.00, real=0.00 secs] 
2020-10-29T14:48:05.040+0000: [GC (Allocation Failure) 2020-10-29T14:48:05.041+0000: [ParNew: 16388K->4K(18432K), 0.0017916 secs] 236506K->220122K(317032K), 0.0018461 secs] [Times: user=0.01 sys=0.00, real=0.00 secs] 
2020-10-29T14:48:05.060+0000: [GC (Allocation Failure) 2020-10-29T14:48:05.060+0000: [ParNew: 16388K->4K(18432K), 0.0017112 secs] 236506K->220122K(317032K), 0.0017626 secs] [Times: user=0.01 sys=0.00, real=0.00 secs] 
2020-10-29T14:48:05.080+0000: [GC (Allocation Failure) 2020-10-29T14:48:05.081+0000: [ParNew: 16388K->4K(18432K), 0.0017606 secs] 236506K->220122K(317032K), 0.0018127 secs] [Times: user=0.00 sys=0.00, real=0.00 secs] 
2020-10-29T14:48:05.097+0000: [GC (Allocation Failure) 2020-10-29T14:48:05.097+0000: [ParNew: 16388K->4K(18432K), 0.0017431 secs] 236506K->220122K(317032K), 0.0017960 secs] [Times: user=0.00 sys=0.00, real=0.00 secs] 
2020-10-29T14:48:05.114+0000: [GC (Allocation Failure) 2020-10-29T14:48:05.114+0000: [ParNew: 16388K->4K(18432K), 0.0017311 secs] 236506K->220122K(317032K), 0.0017841 secs] [Times: user=0.01 sys=0.00, real=0.00 secs] 
2020-10-29T14:48:05.131+0000: [GC (Allocation Failure) 2020-10-29T14:48:05.131+0000: [ParNew: 16388K->4K(18432K), 0.0017507 secs] 236506K->220122K(317032K), 0.0018050 secs] [Times: user=0.01 sys=0.00, real=0.01 secs] 
2020-10-29T14:48:05.148+0000: [GC (Allocation Failure) 2020-10-29T14:48:05.149+0000: [ParNew: 16388K->4K(18432K), 0.0017746 secs] 236506K->220122K(317032K), 0.0018287 secs] [Times: user=0.00 sys=0.00, real=0.00 secs] 
2020-10-29T14:48:05.165+0000: [GC (Allocation Failure) 2020-10-29T14:48:05.165+0000: [ParNew: 16388K->4K(18432K), 0.0017926 secs] 236506K->220122K(317032K), 0.0018463 secs] [Times: user=0.01 sys=0.00, real=0.00 secs] 
2020-10-29T14:48:05.182+0000: [GC (Allocation Failure) 2020-10-29T14:48:05.182+0000: [ParNew: 16388K->4K(18432K), 0.0018543 secs] 236506K->220122K(317032K), 0.0019104 secs] [Times: user=0.00 sys=0.00, real=0.00 secs] 
2020-10-29T14:48:05.199+0000: [GC (Allocation Failure) 2020-10-29T14:48:05.199+0000: [ParNew: 16388K->4K(18432K), 0.0018675 secs] 236506K->220122K(317032K), 0.0019303 secs] [Times: user=0.00 sys=0.00, real=0.00 secs] 
2020-10-29T14:48:05.216+0000: [GC (Allocation Failure) 2020-10-29T14:48:05.216+0000: [ParNew: 16388K->4K(18432K), 0.0017995 secs] 236506K->220122K(317032K), 0.0018543 secs] [Times: user=0.00 sys=0.00, real=0.00 secs] 
2020-10-29T14:48:05.233+0000: [GC (Allocation Failure) 2020-10-29T14:48:05.233+0000: [ParNew: 16388K->4K(18432K), 0.0017811 secs] 236506K->220122K(317032K), 0.0018351 secs] [Times: user=0.00 sys=0.00, real=0.00 secs] 
2020-10-29T14:48:05.250+0000: [GC (Allocation Failure) 2020-10-29T14:48:05.250+0000: [ParNew: 16388K->4K(18432K), 0.0017639 secs] 236506K->220122K(317032K), 0.0018176 secs] [Times: user=0.00 sys=0.00, real=0.00 secs] 
2020-10-29T14:48:05.270+0000: [GC (Allocation Failure) 2020-10-29T14:48:05.270+0000: [ParNew: 16388K->4K(18432K), 0.0017539 secs] 236506K->220122K(317032K), 0.0018059 secs] [Times: user=0.01 sys=0.00, real=0.00 secs] 
2020-10-29T14:48:05.287+0000: [GC (Allocation Failure) 2020-10-29T14:48:05.287+0000: [ParNew: 16388K->4K(18432K), 0.0017689 secs] 236506K->220122K(317032K), 0.0018212 secs] [Times: user=0.00 sys=0.00, real=0.00 secs] 
2020-10-29T14:48:05.303+0000: [GC (Allocation Failure) 2020-10-29T14:48:05.304+0000: [ParNew: 16388K->4K(18432K), 0.0017800 secs] 236506K->220122K(317032K), 0.0018331 secs] [Times: user=0.00 sys=0.00, real=0.01 secs] 
2020-10-29T14:48:05.320+0000: [GC (Allocation Failure) 2020-10-29T14:48:05.320+0000: [ParNew: 16388K->4K(18432K), 0.0017386 secs] 236506K->220122K(317032K), 0.0017909 secs] [Times: user=0.00 sys=0.00, real=0.00 secs] 
2020-10-29T14:48:05.340+0000: [GC (Allocation Failure) 2020-10-29T14:48:05.340+0000: [ParNew: 16388K->4K(18432K), 0.0016738 secs] 236506K->220122K(317032K), 0.0017261 secs] [Times: user=0.00 sys=0.00, real=0.00 secs] 
2020-10-29T14:48:05.357+0000: [GC (Allocation Failure) 2020-10-29T14:48:05.357+0000: [ParNew: 16388K->4K(18432K), 0.0017865 secs] 236506K->220122K(317032K), 0.0018396 secs] [Times: user=0.01 sys=0.00, real=0.00 secs] 
2020-10-29T14:48:05.374+0000: [GC (Allocation Failure) 2020-10-29T14:48:05.374+0000: [ParNew: 16388K->4K(18432K), 0.0017916 secs] 236506K->220122K(317032K), 0.0018522 secs] [Times: user=0.01 sys=0.00, real=0.00 secs] 
2020-10-29T14:48:05.390+0000: [GC (Allocation Failure) 2020-10-29T14:48:05.391+0000: [ParNew: 16388K->4K(18432K), 0.0016825 secs] 236506K->220122K(317032K), 0.0017337 secs] [Times: user=0.00 sys=0.00, real=0.00 secs] 
2020-10-29T14:48:05.407+0000: [GC (Allocation Failure) 2020-10-29T14:48:05.407+0000: [ParNew: 16388K->4K(18432K), 0.0017633 secs] 236506K->220122K(317032K), 0.0018125 secs] [Times: user=0.00 sys=0.00, real=0.00 secs] 
2020-10-29T14:48:05.424+0000: [GC (Allocation Failure) 2020-10-29T14:48:05.425+0000: [ParNew: 16388K->4K(18432K), 0.0017656 secs] 236506K->220122K(317032K), 0.0018183 secs] [Times: user=0.00 sys=0.00, real=0.00 secs] 
2020-10-29T14:48:05.441+0000: [GC (Allocation Failure) 2020-10-29T14:48:05.441+0000: [ParNew: 16388K->4K(18432K), 0.0017659 secs] 236506K->220122K(317032K), 0.0018230 secs] [Times: user=0.00 sys=0.00, real=0.00 secs] 
2020-10-29T14:48:05.460+0000: [GC (Allocation Failure) 2020-10-29T14:48:05.460+0000: [ParNew: 16388K->4K(18432K), 0.0016694 secs] 236506K->220122K(317032K), 0.0017178 secs] [Times: user=0.00 sys=0.00, real=0.00 secs] 
2020-10-29T14:48:05.480+0000: [GC (Allocation Failure) 2020-10-29T14:48:05.481+0000: [ParNew: 16388K->4K(18432K), 0.0017706 secs] 236506K->220122K(317032K), 0.0018250 secs] [Times: user=0.00 sys=0.00, real=0.00 secs] 
2020-10-29T14:48:05.497+0000: [GC (Allocation Failure) 2020-10-29T14:48:05.497+0000: [ParNew: 16388K->4K(18432K), 0.0018359 secs] 236506K->220122K(317032K), 0.0018912 secs] [Times: user=0.01 sys=0.00, real=0.00 secs] 
2020-10-29T14:48:05.516+0000: [GC (Allocation Failure) 2020-10-29T14:48:05.517+0000: [ParNew: 16388K->4K(18432K), 0.0017773 secs] 236506K->220122K(317032K), 0.0018312 secs] [Times: user=0.01 sys=0.00, real=0.00 secs] 
2020-10-29T14:48:05.536+0000: [GC (Allocation Failure) 2020-10-29T14:48:05.536+0000: [ParNew: 16388K->4K(18432K), 0.0015629 secs] 236506K->220122K(317032K), 0.0016130 secs] [Times: user=0.00 sys=0.00, real=0.00 secs] 
2020-10-29T14:48:05.553+0000: [GC (Allocation Failure) 2020-10-29T14:48:05.553+0000: [ParNew: 16388K->4K(18432K), 0.0014892 secs] 236506K->220122K(317032K), 0.0015382 secs] [Times: user=0.00 sys=0.00, real=0.00 secs] 
2020-10-29T14:48:05.569+0000: [GC (Allocation Failure) 2020-10-29T14:48:05.569+0000: [ParNew: 16388K->4K(18432K), 0.0015729 secs] 236506K->220122K(317032K), 0.0016228 secs] [Times: user=0.00 sys=0.00, real=0.00 secs] 
2020-10-29T14:48:05.585+0000: [GC (Allocation Failure) 2020-10-29T14:48:05.585+0000: [ParNew: 16388K->4K(18432K), 0.0016850 secs] 236506K->220122K(317032K), 0.0017385 secs] [Times: user=0.01 sys=0.00, real=0.00 secs] 
2020-10-29T14:48:05.602+0000: [GC (Allocation Failure) 2020-10-29T14:48:05.602+0000: [ParNew: 16388K->4K(18432K), 0.0017330 secs] 236506K->220122K(317032K), 0.0017858 secs] [Times: user=0.00 sys=0.00, real=0.00 secs] 
2020-10-29T14:48:05.618+0000: [GC (Allocation Failure) 2020-10-29T14:48:05.618+0000: [ParNew: 16388K->4K(18432K), 0.0018457 secs] 236506K->220122K(317032K), 0.0019040 secs] [Times: user=0.00 sys=0.00, real=0.00 secs] 
2020-10-29T14:48:05.634+0000: [GC (Allocation Failure) 2020-10-29T14:48:05.635+0000: [ParNew: 16388K->4K(18432K), 0.0017026 secs] 236506K->220122K(317032K), 0.0017552 secs] [Times: user=0.00 sys=0.00, real=0.00 secs] 
2020-10-29T14:48:05.652+0000: [GC (Allocation Failure) 2020-10-29T14:48:05.652+0000: [ParNew: 16388K->4K(18432K), 0.0015975 secs] 236506K->220122K(317032K), 0.0016481 secs] [Times: user=0.00 sys=0.00, real=0.00 secs] 
2020-10-29T14:48:05.669+0000: [GC (Allocation Failure) 2020-10-29T14:48:05.669+0000: [ParNew: 16388K->4K(18432K), 0.0018015 secs] 236506K->220122K(317032K), 0.0018697 secs] [Times: user=0.00 sys=0.00, real=0.00 secs] 
2020-10-29T14:48:05.687+0000: [GC (Allocation Failure) 2020-10-29T14:48:05.687+0000: [ParNew: 16388K->4K(18432K), 0.0018306 secs] 236506K->220122K(317032K), 0.0018864 secs] [Times: user=0.01 sys=0.00, real=0.00 secs] 
2020-10-29T14:48:05.704+0000: [GC (Allocation Failure) 2020-10-29T14:48:05.704+0000: [ParNew: 16388K->4K(18432K), 0.0018091 secs] 236506K->220122K(317032K), 0.0018707 secs] [Times: user=0.00 sys=0.00, real=0.01 secs] 
2020-10-29T14:48:05.720+0000: [GC (Allocation Failure) 2020-10-29T14:48:05.720+0000: [ParNew: 14261K->4K(18432K), 0.0017556 secs] 234380K->220122K(317032K), 0.0018017 secs] [Times: user=0.00 sys=0.00, real=0.00 secs] 
2020-10-29T14:48:05.731+0000: [GC (Allocation Failure) 2020-10-29T14:48:05.732+0000: [ParNew: 16388K->4K(18432K), 0.0074277 secs] 236506K->228314K(317032K), 0.0074791 secs] [Times: user=0.01 sys=0.01, real=0.01 secs] 
2020-10-29T14:48:05.739+0000: [CMS-concurrent-abortable-preclean: 0.083/1.766 secs] [Times: user=3.15 sys=0.14, real=1.76 secs] 
2020-10-29T14:48:05.740+0000: [GC (CMS Final Remark) [YG occupancy: 1556 K (18432 K)]2020-10-29T14:48:05.741+0000: [Rescan (parallel) , 0.0025149 secs]2020-10-29T14:48:05.743+0000: [weak refs processing, 0.0000274 secs]2020-10-29T14:48:05.743+0000: [class unloading, 0.0078482 secs]2020-10-29T14:48:05.751+0000: [scrub symbol table, 0.0096060 secs]2020-10-29T14:48:05.761+0000: [scrub string table, 0.0005727 secs][1 CMS-remark: 228310K(298600K)] 229866K(317032K), 0.0206796 secs] [Times: user=0.02 sys=0.00, real=0.02 secs] 
2020-10-29T14:48:05.767+0000: [CMS-concurrent-sweep-start]
2020-10-29T14:48:05.778+0000: [GC (Allocation Failure) 2020-10-29T14:48:05.778+0000: [ParNew: 16388K->4K(18432K), 0.0017664 secs] 244698K->228314K(317032K), 0.0018275 secs] [Times: user=0.00 sys=0.00, real=0.00 secs] 
2020-10-29T14:48:05.788+0000: [CMS-concurrent-sweep: 0.015/0.021 secs] [Times: user=0.04 sys=0.00, real=0.02 secs] 
2020-10-29T14:48:05.788+0000: [CMS-concurrent-reset-start]
2020-10-29T14:48:05.790+0000: [CMS-concurrent-reset: 0.002/0.002 secs] [Times: user=0.01 sys=0.00, real=0.00 secs] 
2020-10-29T14:48:05.800+0000: [GC (Allocation Failure) 2020-10-29T14:48:05.801+0000: [ParNew: 16388K->4K(18432K), 0.0019483 secs] 244698K->228314K(398952K), 0.0020007 secs] [Times: user=0.00 sys=0.00, real=0.00 secs] 
2020-10-29T14:48:05.817+0000: [GC (Allocation Failure) 2020-10-29T14:48:05.817+0000: [ParNew: 16388K->4K(18432K), 0.0019709 secs] 244698K->228314K(398952K), 0.0020234 secs] [Times: user=0.01 sys=0.00, real=0.00 secs] 
2020-10-29T14:48:05.836+0000: [GC (Allocation Failure) 2020-10-29T14:48:05.836+0000: [ParNew: 16388K->4K(18432K), 0.0019975 secs] 244698K->228314K(398952K), 0.0020498 secs] [Times: user=0.00 sys=0.00, real=0.00 secs] 
2020-10-29T14:48:05.856+0000: [GC (Allocation Failure) 2020-10-29T14:48:05.857+0000: [ParNew: 16388K->4K(18432K), 0.0019735 secs] 244698K->228314K(398952K), 0.0020264 secs] [Times: user=0.00 sys=0.00, real=0.00 secs] 
2020-10-29T14:48:05.876+0000: [GC (Allocation Failure) 2020-10-29T14:48:05.876+0000: [ParNew: 16388K->4K(18432K), 0.0019768 secs] 244698K->228314K(398952K), 0.0020284 secs] [Times: user=0.00 sys=0.00, real=0.00 secs] 
2020-10-29T14:48:05.896+0000: [GC (Allocation Failure) 2020-10-29T14:48:05.896+0000: [ParNew: 16388K->4K(18432K), 0.0019671 secs] 244698K->228314K(398952K), 0.0020182 secs] [Times: user=0.00 sys=0.00, real=0.00 secs] 
2020-10-29T14:48:05.916+0000: [GC (Allocation Failure) 2020-10-29T14:48:05.917+0000: [ParNew: 16388K->4K(18432K), 0.0019678 secs] 244698K->228314K(398952K), 0.0020220 secs] [Times: user=0.01 sys=0.00, real=0.00 secs] 
2020-10-29T14:48:05.933+0000: [GC (Allocation Failure) 2020-10-29T14:48:05.933+0000: [ParNew: 16388K->4K(18432K), 0.0019495 secs] 244698K->228314K(398952K), 0.0020025 secs] [Times: user=0.01 sys=0.00, real=0.00 secs] 
2020-10-29T14:48:05.952+0000: [GC (Allocation Failure) 2020-10-29T14:48:05.952+0000: [ParNew: 16388K->4K(18432K), 0.0019505 secs] 244698K->228314K(398952K), 0.0019987 secs] [Times: user=0.01 sys=0.00, real=0.00 secs] 
2020-10-29T14:48:05.972+0000: [GC (Allocation Failure) 2020-10-29T14:48:05.973+0000: [ParNew: 16388K->4K(18432K), 0.0019552 secs] 244698K->228314K(398952K), 0.0020071 secs] [Times: user=0.00 sys=0.00, real=0.00 secs] 
2020-10-29T14:48:05.989+0000: [GC (Allocation Failure) 2020-10-29T14:48:05.989+0000: [ParNew: 16388K->4K(18432K), 0.0019921 secs] 244698K->228314K(398952K), 0.0020503 secs] [Times: user=0.00 sys=0.00, real=0.00 secs] 
2020-10-29T14:48:06.008+0000: [GC (Allocation Failure) 2020-10-29T14:48:06.008+0000: [ParNew: 16388K->4K(18432K), 0.0019364 secs] 244698K->228314K(398952K), 0.0019882 secs] [Times: user=0.01 sys=0.00, real=0.00 secs] 
2020-10-29T14:48:06.020+0000: [GC (Allocation Failure) 2020-10-29T14:48:06.020+0000: [ParNew: 16388K->4K(18432K), 0.0075602 secs] 244698K->236506K(398952K), 0.0076095 secs] [Times: user=0.01 sys=0.00, real=0.01 secs] 
2020-10-29T14:48:06.028+0000: [GC (CMS Initial Mark) [1 CMS-initial-mark: 236502K(380520K)] 236645K(398952K), 0.0012858 secs] [Times: user=0.00 sys=0.00, real=0.00 secs] 
2020-10-29T14:48:06.030+0000: [CMS-concurrent-mark-start]
2020-10-29T14:48:06.055+0000: [GC (Allocation Failure) 2020-10-29T14:48:06.055+0000: [ParNew: 16388K->4K(18432K), 0.0018915 secs] 252890K->236506K(398952K), 0.0019441 secs] [Times: user=0.00 sys=0.00, real=0.00 secs] 
2020-10-29T14:48:06.078+0000: [CMS-concurrent-mark: 0.046/0.048 secs] [Times: user=0.09 sys=0.00, real=0.05 secs] 
2020-10-29T14:48:06.078+0000: [CMS-concurrent-preclean-start]
2020-10-29T14:48:06.080+0000: [CMS-concurrent-preclean: 0.002/0.002 secs] [Times: user=0.00 sys=0.00, real=0.00 secs] 
2020-10-29T14:48:06.080+0000: [CMS-concurrent-abortable-preclean-start]
2020-10-29T14:48:06.082+0000: [GC (Allocation Failure) 2020-10-29T14:48:06.082+0000: [ParNew: 16388K->4K(18432K), 0.0015988 secs] 252890K->236506K(398952K), 0.0016372 secs] [Times: user=0.00 sys=0.00, real=0.00 secs] 
2020-10-29T14:48:06.100+0000: [GC (Allocation Failure) 2020-10-29T14:48:06.100+0000: [ParNew: 16388K->4K(18432K), 0.0017774 secs] 252890K->236506K(398952K), 0.0018281 secs] [Times: user=0.01 sys=0.00, real=0.00 secs] 
2020-10-29T14:48:06.120+0000: [GC (Allocation Failure) 2020-10-29T14:48:06.120+0000: [ParNew: 16388K->4K(18432K), 0.0018621 secs] 252890K->236506K(398952K), 0.0019139 secs] [Times: user=0.00 sys=0.00, real=0.00 secs] 
2020-10-29T14:48:06.137+0000: [GC (Allocation Failure) 2020-10-29T14:48:06.137+0000: [ParNew: 16388K->4K(18432K), 0.0019099 secs] 252890K->236506K(398952K), 0.0019694 secs] [Times: user=0.01 sys=0.00, real=0.00 secs] 
2020-10-29T14:48:06.164+0000: [GC (Allocation Failure) 2020-10-29T14:48:06.164+0000: [ParNew: 16388K->4K(18432K), 0.0019623 secs] 252890K->236506K(398952K), 0.0020137 secs] [Times: user=0.01 sys=0.00, real=0.01 secs] 
2020-10-29T14:48:06.213+0000: [GC (Allocation Failure) 2020-10-29T14:48:06.213+0000: [ParNew: 16388K->4K(18432K), 0.0019555 secs] 252890K->236506K(398952K), 0.0020188 secs] [Times: user=0.01 sys=0.00, real=0.00 secs] 
2020-10-29T14:48:06.260+0000: [GC (Allocation Failure) 2020-10-29T14:48:06.260+0000: [ParNew: 16388K->4K(18432K), 0.0019572 secs] 252890K->236506K(398952K), 0.0020111 secs] [Times: user=0.00 sys=0.00, real=0.00 secs] 
2020-10-29T14:48:06.292+0000: [GC (Allocation Failure) 2020-10-29T14:48:06.292+0000: [ParNew: 16388K->4K(18432K), 0.0019565 secs] 252890K->236506K(398952K), 0.0020096 secs] [Times: user=0.00 sys=0.00, real=0.01 secs] 
2020-10-29T14:48:06.321+0000: [GC (Allocation Failure) 2020-10-29T14:48:06.321+0000: [ParNew: 16388K->4K(18432K), 0.0019407 secs] 252890K->236506K(398952K), 0.0019937 secs] [Times: user=0.00 sys=0.00, real=0.00 secs] 
2020-10-29T14:48:06.383+0000: [GC (Allocation Failure) 2020-10-29T14:48:06.383+0000: [ParNew: 16388K->4K(18432K), 0.0019685 secs] 252890K->236506K(398952K), 0.0020402 secs] [Times: user=0.01 sys=0.00, real=0.01 secs] 
2020-10-29T14:48:06.418+0000: [GC (Allocation Failure) 2020-10-29T14:48:06.418+0000: [ParNew: 16388K->4K(18432K), 0.0019605 secs] 252890K->236508K(398952K), 0.0020143 secs] [Times: user=0.01 sys=0.00, real=0.00 secs] 
2020-10-29T14:48:06.504+0000: [GC (Allocation Failure) 2020-10-29T14:48:06.505+0000: [ParNew: 16388K->91K(18432K), 0.0017287 secs] 252892K->236595K(398952K), 0.0017824 secs] [Times: user=0.00 sys=0.00, real=0.00 secs] 
2020-10-29T14:48:06.506+0000: [CMS-concurrent-abortable-preclean: 0.013/0.427 secs] [Times: user=0.81 sys=0.02, real=0.43 secs] 
2020-10-29T14:48:06.507+0000: [GC (CMS Final Remark) [YG occupancy: 145 K (18432 K)]2020-10-29T14:48:06.507+0000: [Rescan (parallel) , 0.0011022 secs]2020-10-29T14:48:06.508+0000: [weak refs processing, 0.0000305 secs]2020-10-29T14:48:06.508+0000: [class unloading, 0.0077555 secs]2020-10-29T14:48:06.515+0000: [scrub symbol table, 0.0092757 secs]2020-10-29T14:48:06.525+0000: [scrub string table, 0.0005642 secs][1 CMS-remark: 236504K(380520K)] 236649K(398952K), 0.0188388 secs] [Times: user=0.02 sys=0.00, real=0.02 secs] 
2020-10-29T14:48:06.530+0000: [CMS-concurrent-sweep-start]
2020-10-29T14:48:06.573+0000: [CMS-concurrent-sweep: 0.043/0.043 secs] [Times: user=0.09 sys=0.00, real=0.05 secs] 
2020-10-29T14:48:06.573+0000: [CMS-concurrent-reset-start]
2020-10-29T14:48:06.575+0000: [CMS-concurrent-reset: 0.002/0.002 secs] [Times: user=0.00 sys=0.00, real=0.00 secs] 
2020-10-29T14:48:06.681+0000: [GC (Allocation Failure) 2020-10-29T14:48:06.681+0000: [ParNew: 16475K->65K(18432K), 0.0021204 secs] 252978K->236569K(412608K), 0.0021753 secs] [Times: user=0.00 sys=0.00, real=0.00 secs] 
2020-10-29T14:48:06.840+0000: [GC (Allocation Failure) 2020-10-29T14:48:06.841+0000: [ParNew: 16449K->20K(18432K), 0.0038858 secs] 252953K->236523K(412608K), 0.0039557 secs] [Times: user=0.01 sys=0.00, real=0.01 secs] 
2020-10-29T14:48:06.955+0000: [GC (Allocation Failure) 2020-10-29T14:48:06.955+0000: [ParNew: 16404K->21K(18432K), 0.0020742 secs] 252907K->236524K(412608K), 0.0021474 secs] [Times: user=0.00 sys=0.00, real=0.00 secs] 
2020-10-29T14:48:07.008+0000: [GC (Allocation Failure) 2020-10-29T14:48:07.008+0000: [ParNew: 16405K->20K(18432K), 0.0020837 secs] 252908K->236524K(412608K), 0.0021388 secs] [Times: user=0.00 sys=0.00, real=0.00 secs] 
2020-10-29T14:48:07.047+0000: [GC (Allocation Failure) 2020-10-29T14:48:07.047+0000: [ParNew: 16404K->21K(18432K), 0.0021280 secs] 252908K->236524K(412608K), 0.0022011 secs] [Times: user=0.01 sys=0.00, real=0.00 secs] 
2020-10-29T14:48:07.090+0000: [GC (Allocation Failure) 2020-10-29T14:48:07.090+0000: [ParNew: 16405K->14K(18432K), 0.0021213 secs] 252908K->236525K(412608K), 0.0021763 secs] [Times: user=0.00 sys=0.00, real=0.00 secs] 
2020-10-29T14:48:07.126+0000: [GC (Allocation Failure) 2020-10-29T14:48:07.126+0000: [ParNew: 16398K->5K(18432K), 0.0020972 secs] 252909K->236523K(412608K), 0.0021726 secs] [Times: user=0.00 sys=0.00, real=0.00 secs] 
2020-10-29T14:48:07.161+0000: [GC (Allocation Failure) 2020-10-29T14:48:07.161+0000: [ParNew: 16389K->4K(18432K), 0.0019634 secs] 252907K->236521K(412608K), 0.0020311 secs] [Times: user=0.01 sys=0.00, real=0.00 secs] 
2020-10-29T14:48:07.200+0000: [GC (Allocation Failure) 2020-10-29T14:48:07.200+0000: [ParNew: 16388K->2K(18432K), 0.0033555 secs] 252905K->236520K(412608K), 0.0034115 secs] [Times: user=0.01 sys=0.00, real=0.00 secs] 
2020-10-29T14:48:07.224+0000: [GC (Allocation Failure) 2020-10-29T14:48:07.224+0000: [ParNew: 16386K->4K(18432K), 0.0019687 secs] 252904K->236522K(412608K), 0.0020249 secs] [Times: user=0.00 sys=0.00, real=0.01 secs] 
2020-10-29T14:48:07.244+0000: [GC (Allocation Failure) 2020-10-29T14:48:07.244+0000: [ParNew: 16388K->4K(18432K), 0.0019534 secs] 252906K->236522K(412608K), 0.0020068 secs] [Times: user=0.00 sys=0.00, real=0.01 secs] 
2020-10-29T14:48:07.265+0000: [GC (Allocation Failure) 2020-10-29T14:48:07.265+0000: [ParNew: 16388K->4K(18432K), 0.0019765 secs] 252906K->236522K(412608K), 0.0020314 secs] [Times: user=0.00 sys=0.00, real=0.00 secs] 
2020-10-29T14:48:07.284+0000: [GC (Allocation Failure) 2020-10-29T14:48:07.284+0000: [ParNew: 16388K->4K(18432K), 0.0019882 secs] 252906K->236522K(412608K), 0.0020437 secs] [Times: user=0.00 sys=0.00, real=0.01 secs] 
2020-10-29T14:48:07.304+0000: [GC (Allocation Failure) 2020-10-29T14:48:07.304+0000: [ParNew: 16388K->4K(18432K), 0.0019649 secs] 252906K->236522K(412608K), 0.0020164 secs] [Times: user=0.00 sys=0.00, real=0.01 secs] 
2020-10-29T14:48:07.321+0000: [GC (Allocation Failure) 2020-10-29T14:48:07.321+0000: [ParNew: 16388K->4K(18432K), 0.0019666 secs] 252906K->236522K(412608K), 0.0020195 secs] [Times: user=0.00 sys=0.00, real=0.00 secs] 
2020-10-29T14:48:07.336+0000: [GC (Allocation Failure) 2020-10-29T14:48:07.336+0000: [ParNew: 16388K->4K(18432K), 0.0019668 secs] 252906K->236522K(412608K), 0.0020167 secs] [Times: user=0.01 sys=0.00, real=0.00 secs] 
2020-10-29T14:48:07.352+0000: [GC (Allocation Failure) 2020-10-29T14:48:07.352+0000: [ParNew: 16388K->4K(18432K), 0.0019313 secs] 252906K->236522K(412608K), 0.0019801 secs] [Times: user=0.00 sys=0.00, real=0.00 secs] 
2020-10-29T14:48:07.368+0000: [GC (Allocation Failure) 2020-10-29T14:48:07.368+0000: [ParNew: 16388K->4K(18432K), 0.0019767 secs] 252906K->236522K(412608K), 0.0020293 secs] [Times: user=0.00 sys=0.00, real=0.00 secs] 
2020-10-29T14:48:07.384+0000: [GC (Allocation Failure) 2020-10-29T14:48:07.384+0000: [ParNew: 16388K->2K(18432K), 0.0019889 secs] 252906K->236520K(412608K), 0.0020430 secs] [Times: user=0.00 sys=0.00, real=0.01 secs] 
2020-10-29T14:48:07.400+0000: [GC (Allocation Failure) 2020-10-29T14:48:07.401+0000: [ParNew: 16386K->4K(18432K), 0.0019484 secs] 252904K->236522K(412608K), 0.0019979 secs] [Times: user=0.01 sys=0.00, real=0.00 secs] 
2020-10-29T14:48:07.416+0000: [GC (Allocation Failure) 2020-10-29T14:48:07.416+0000: [ParNew: 16388K->4K(18432K), 0.0020115 secs] 252906K->236522K(412608K), 0.0020619 secs] [Times: user=0.00 sys=0.00, real=0.00 secs] 
2020-10-29T14:48:07.433+0000: [GC (Allocation Failure) 2020-10-29T14:48:07.433+0000: [ParNew: 16388K->4K(18432K), 0.0019696 secs] 252906K->236522K(412608K), 0.0020242 secs] [Times: user=0.01 sys=0.00, real=0.00 secs] 
2020-10-29T14:48:07.448+0000: [GC (Allocation Failure) 2020-10-29T14:48:07.448+0000: [ParNew: 16388K->4K(18432K), 0.0019916 secs] 252906K->236522K(412608K), 0.0020442 secs] [Times: user=0.00 sys=0.00, real=0.00 secs] 
2020-10-29T14:48:07.463+0000: [GC (Allocation Failure) 2020-10-29T14:48:07.463+0000: [ParNew: 16388K->4K(18432K), 0.0020010 secs] 252906K->236522K(412608K), 0.0020556 secs] [Times: user=0.00 sys=0.00, real=0.01 secs] 
2020-10-29T14:48:07.478+0000: [GC (Allocation Failure) 2020-10-29T14:48:07.478+0000: [ParNew: 16388K->4K(18432K), 0.0019391 secs] 252906K->236522K(412608K), 0.0019878 secs] [Times: user=0.00 sys=0.00, real=0.00 secs] 
2020-10-29T14:48:07.496+0000: [GC (Allocation Failure) 2020-10-29T14:48:07.496+0000: [ParNew: 16388K->2K(18432K), 0.0019839 secs] 252906K->236520K(412608K), 0.0020370 secs] [Times: user=0.01 sys=0.00, real=0.00 secs] 
2020-10-29T14:48:07.512+0000: [GC (Allocation Failure) 2020-10-29T14:48:07.512+0000: [ParNew: 16386K->4K(18432K), 0.0019788 secs] 252904K->236522K(412608K), 0.0020317 secs] [Times: user=0.01 sys=0.00, real=0.01 secs] 
2020-10-29T14:48:07.527+0000: [GC (Allocation Failure) 2020-10-29T14:48:07.527+0000: [ParNew: 16388K->4K(18432K), 0.0020301 secs] 252906K->236522K(412608K), 0.0020825 secs] [Times: user=0.01 sys=0.00, real=0.00 secs] 
2020-10-29T14:48:07.544+0000: [GC (Allocation Failure) 2020-10-29T14:48:07.544+0000: [ParNew: 16388K->4K(18432K), 0.0019245 secs] 252906K->236522K(412608K), 0.0019748 secs] [Times: user=0.01 sys=0.00, real=0.00 secs] 
2020-10-29T14:48:07.560+0000: [GC (Allocation Failure) 2020-10-29T14:48:07.560+0000: [ParNew: 16388K->4K(18432K), 0.0019602 secs] 252906K->236522K(412608K), 0.0020106 secs] [Times: user=0.01 sys=0.00, real=0.00 secs] 
2020-10-29T14:48:07.789+0000: [GC (Allocation Failure) 2020-10-29T14:48:07.789+0000: [ParNew: 16388K->1597K(18432K), 0.0035331 secs] 269290K->254499K(412608K), 0.0036108 secs] [Times: user=0.01 sys=0.00, real=0.01 secs] 
2020-10-29T14:48:07.834+0000: [GC (Allocation Failure) 2020-10-29T14:48:07.835+0000: [ParNew: 17981K->315K(18432K), 0.0041387 secs] 270883K->254640K(412608K), 0.0042142 secs] [Times: user=0.01 sys=0.00, real=0.00 secs] 
2020-10-29T14:48:07.867+0000: [GC (Allocation Failure) 2020-10-29T14:48:07.867+0000: [ParNew: 16699K->303K(18432K), 0.0021157 secs] 271024K->254628K(412608K), 0.0021879 secs] [Times: user=0.00 sys=0.00, real=0.00 secs] 
2020-10-29T14:48:07.893+0000: [GC (Allocation Failure) 2020-10-29T14:48:07.893+0000: [ParNew: 16687K->283K(18432K), 0.0020404 secs] 271012K->254608K(412608K), 0.0021049 secs] [Times: user=0.01 sys=0.00, real=0.00 secs] 
2020-10-29T14:48:07.919+0000: [GC (Allocation Failure) 2020-10-29T14:48:07.919+0000: [ParNew: 16667K->542K(18432K), 0.0020901 secs] 270992K->254867K(412608K), 0.0021649 secs] [Times: user=0.00 sys=0.00, real=0.00 secs] 
2020-10-29T14:48:07.953+0000: [GC (Allocation Failure) 2020-10-29T14:48:07.953+0000: [ParNew: 16926K->1179K(18432K), 0.0021600 secs] 271251K->255504K(412608K), 0.0022151 secs] [Times: user=0.00 sys=0.00, real=0.00 secs] 
2020-10-29T14:48:07.987+0000: [GC (Allocation Failure) 2020-10-29T14:48:07.987+0000: [ParNew: 17563K->138K(18432K), 0.0028736 secs] 271888K->254994K(412608K), 0.0029268 secs] [Times: user=0.00 sys=0.00, real=0.00 secs] 
2020-10-29T14:48:08.020+0000: [GC (Allocation Failure) 2020-10-29T14:48:08.020+0000: [ParNew: 16522K->516K(18432K), 0.0020689 secs] 271378K->255372K(412608K), 0.0021403 secs] [Times: user=0.00 sys=0.00, real=0.00 secs] 
2020-10-29T14:48:08.057+0000: [GC (Allocation Failure) 2020-10-29T14:48:08.057+0000: [ParNew: 16900K->516K(18432K), 0.0021053 secs] 271756K->255372K(412608K), 0.0021789 secs] [Times: user=0.00 sys=0.00, real=0.00 secs] 
2020-10-29T14:48:08.081+0000: [GC (Allocation Failure) 2020-10-29T14:48:08.081+0000: [ParNew: 16900K->260K(18432K), 0.0020670 secs] 271756K->255116K(412608K), 0.0021212 secs] [Times: user=0.00 sys=0.00, real=0.00 secs] 
2020-10-29T14:48:08.103+0000: [GC (Allocation Failure) 2020-10-29T14:48:08.103+0000: [ParNew: 16644K->1028K(18432K), 0.0021580 secs] 271500K->255884K(412608K), 0.0022414 secs] [Times: user=0.01 sys=0.00, real=0.01 secs] 
2020-10-29T14:48:08.126+0000: [GC (Allocation Failure) 2020-10-29T14:48:08.126+0000: [ParNew: 17412K->4K(18432K), 0.0021468 secs] 272268K->255372K(412608K), 0.0022233 secs] [Times: user=0.01 sys=0.00, real=0.00 secs] 
2020-10-29T14:48:08.150+0000: [GC (Allocation Failure) 2020-10-29T14:48:08.150+0000: [ParNew: 16388K->1028K(18432K), 0.0023069 secs] 271756K->257420K(412608K), 0.0023629 secs] [Times: user=0.01 sys=0.00, real=0.01 secs] 
2020-10-29T14:48:08.176+0000: [GC (Allocation Failure) 2020-10-29T14:48:08.177+0000: [ParNew: 17412K->4K(18432K), 0.0020170 secs] 273804K->256396K(412608K), 0.0020736 secs] [Times: user=0.01 sys=0.00, real=0.00 secs] 
2020-10-29T14:48:08.199+0000: [GC (Allocation Failure) 2020-10-29T14:48:08.200+0000: [ParNew: 16388K->4K(18432K), 0.0020245 secs] 272780K->256396K(412608K), 0.0020814 secs] [Times: user=0.00 sys=0.00, real=0.00 secs] 
2020-10-29T14:48:08.228+0000: [GC (Allocation Failure) 2020-10-29T14:48:08.229+0000: [ParNew: 16388K->4K(18432K), 0.0019855 secs] 272780K->256396K(412608K), 0.0020382 secs] [Times: user=0.00 sys=0.00, real=0.00 secs] 
2020-10-29T14:48:08.261+0000: [GC (Allocation Failure) 2020-10-29T14:48:08.261+0000: [ParNew: 16388K->4K(18432K), 0.0032646 secs] 272780K->256396K(412608K), 0.0033214 secs] [Times: user=0.00 sys=0.00, real=0.00 secs] 
2020-10-29T14:48:08.299+0000: [GC (Allocation Failure) 2020-10-29T14:48:08.299+0000: [ParNew: 16388K->1028K(18432K), 0.0023043 secs] 272780K->258444K(412608K), 0.0023599 secs] [Times: user=0.00 sys=0.00, real=0.00 secs] 
2020-10-29T14:48:08.325+0000: [GC (Allocation Failure) 2020-10-29T14:48:08.325+0000: [ParNew: 17412K->2K(18432K), 0.0043498 secs] 274828K->257418K(412608K), 0.0044049 secs] [Times: user=0.00 sys=0.00, real=0.00 secs] 
2020-10-29T14:48:08.348+0000: [GC (Allocation Failure) 2020-10-29T14:48:08.348+0000: [ParNew: 16386K->4K(18432K), 0.0032429 secs] 273802K->257420K(412608K), 0.0033304 secs] [Times: user=0.00 sys=0.00, real=0.00 secs] 
2020-10-29T14:48:08.384+0000: [GC (Allocation Failure) 2020-10-29T14:48:08.384+0000: [ParNew: 16388K->4K(18432K), 0.0020610 secs] 273804K->257420K(412608K), 0.0021326 secs] [Times: user=0.00 sys=0.00, real=0.01 secs] 
2020-10-29T14:48:08.408+0000: [GC (Allocation Failure) 2020-10-29T14:48:08.408+0000: [ParNew: 16388K->4K(18432K), 0.0020212 secs] 273804K->257420K(412608K), 0.0020757 secs] [Times: user=0.00 sys=0.00, real=0.00 secs] 
2020-10-29T14:48:08.432+0000: [GC (Allocation Failure) 2020-10-29T14:48:08.433+0000: [ParNew: 16388K->4K(18432K), 0.0050918 secs] 273804K->257420K(412608K), 0.0051476 secs] [Times: user=0.01 sys=0.00, real=0.00 secs] 
2020-10-29T14:48:08.464+0000: [GC (Allocation Failure) 2020-10-29T14:48:08.465+0000: [ParNew: 16388K->2K(18432K), 0.0039206 secs] 273804K->257418K(412608K), 0.0039871 secs] [Times: user=0.01 sys=0.00, real=0.00 secs] 
2020-10-29T14:48:08.488+0000: [GC (Allocation Failure) 2020-10-29T14:48:08.488+0000: [ParNew: 16386K->4K(18432K), 0.0024008 secs] 273802K->259468K(412608K), 0.0024734 secs] [Times: user=0.01 sys=0.00, real=0.00 secs] 
2020-10-29T14:48:08.514+0000: [GC (Allocation Failure) 2020-10-29T14:48:08.514+0000: [ParNew: 16388K->4K(18432K), 0.0020172 secs] 275852K->259468K(412608K), 0.0020896 secs] [Times: user=0.00 sys=0.00, real=0.00 secs] 
2020-10-29T14:48:08.541+0000: [GC (Allocation Failure) 2020-10-29T14:48:08.541+0000: [ParNew: 16388K->2K(18432K), 0.0041124 secs] 275852K->259466K(412608K), 0.0041795 secs] [Times: user=0.01 sys=0.00, real=0.01 secs] 
2020-10-29T14:48:08.575+0000: [GC (Allocation Failure) 2020-10-29T14:48:08.575+0000: [ParNew: 16386K->2K(18432K), 0.0043418 secs] 275850K->259466K(412608K), 0.0043964 secs] [Times: user=0.01 sys=0.00, real=0.00 secs] 
2020-10-29T14:48:08.610+0000: [GC (Allocation Failure) 2020-10-29T14:48:08.610+0000: [ParNew: 16386K->4K(18432K), 0.0040889 secs] 275850K->259468K(412608K), 0.0041621 secs] [Times: user=0.01 sys=0.00, real=0.01 secs] 
2020-10-29T14:48:08.652+0000: [GC (Allocation Failure) 2020-10-29T14:48:08.652+0000: [ParNew: 16388K->4K(18432K), 0.0042171 secs] 275852K->259468K(412608K), 0.0043079 secs] [Times: user=0.01 sys=0.00, real=0.01 secs] 
2020-10-29T14:48:08.693+0000: [GC (Allocation Failure) 2020-10-29T14:48:08.693+0000: [ParNew: 16388K->4K(18432K), 0.0036588 secs] 275852K->259469K(412608K), 0.0037087 secs] [Times: user=0.01 sys=0.00, real=0.00 secs] 
2020-10-29T14:48:08.720+0000: [GC (Allocation Failure) 2020-10-29T14:48:08.720+0000: [ParNew: 16388K->4K(18432K), 0.0021348 secs] 275853K->259469K(412608K), 0.0021952 secs] [Times: user=0.00 sys=0.00, real=0.00 secs] 
2020-10-29T14:48:08.761+0000: [GC (Allocation Failure) 2020-10-29T14:48:08.761+0000: [ParNew: 16388K->4K(18432K), 0.0054165 secs] 275853K->259469K(412608K), 0.0054694 secs] [Times: user=0.01 sys=0.00, real=0.01 secs] 
2020-10-29T14:48:08.798+0000: [GC (Allocation Failure) 2020-10-29T14:48:08.798+0000: [ParNew: 16388K->4K(18432K), 0.0034809 secs] 275853K->261517K(412608K), 0.0035446 secs] [Times: user=0.00 sys=0.00, real=0.00 secs] 
2020-10-29T14:48:08.826+0000: [GC (Allocation Failure) 2020-10-29T14:48:08.826+0000: [ParNew: 16388K->4K(18432K), 0.0020745 secs] 277901K->261517K(412608K), 0.0021260 secs] [Times: user=0.01 sys=0.00, real=0.00 secs] 
2020-10-29T14:48:08.852+0000: [GC (Allocation Failure) 2020-10-29T14:48:08.852+0000: [ParNew: 16388K->4K(18432K), 0.0025338 secs] 277901K->261517K(412608K), 0.0025865 secs] [Times: user=0.01 sys=0.00, real=0.01 secs] 
2020-10-29T14:48:08.879+0000: [GC (Allocation Failure) 2020-10-29T14:48:08.879+0000: [ParNew: 16388K->4K(18432K), 0.0041432 secs] 277901K->261517K(412608K), 0.0041939 secs] [Times: user=0.00 sys=0.00, real=0.00 secs] 
2020-10-29T14:48:08.912+0000: [GC (Allocation Failure) 2020-10-29T14:48:08.912+0000: [ParNew: 16388K->4K(18432K), 0.0042216 secs] 277901K->261517K(412608K), 0.0042902 secs] [Times: user=0.01 sys=0.00, real=0.01 secs] 
2020-10-29T14:48:08.945+0000: [GC (Allocation Failure) 2020-10-29T14:48:08.945+0000: [ParNew: 16388K->2K(18432K), 0.0036794 secs] 277901K->261515K(412608K), 0.0037698 secs] [Times: user=0.00 sys=0.00, real=0.00 secs] 
2020-10-29T14:48:08.971+0000: [GC (Allocation Failure) 2020-10-29T14:48:08.971+0000: [ParNew: 16386K->4K(18432K), 0.0020486 secs] 277899K->261517K(412608K), 0.0021256 secs] [Times: user=0.01 sys=0.00, real=0.01 secs] 
2020-10-29T14:48:09.005+0000: [GC (Allocation Failure) 2020-10-29T14:48:09.005+0000: [ParNew: 16388K->4K(18432K), 0.0020314 secs] 277901K->261517K(412608K), 0.0020959 secs] [Times: user=0.00 sys=0.00, real=0.00 secs] 
2020-10-29T14:48:09.029+0000: [GC (Allocation Failure) 2020-10-29T14:48:09.029+0000: [ParNew: 16388K->4K(18432K), 0.0020328 secs] 277901K->261517K(412608K), 0.0021038 secs] [Times: user=0.00 sys=0.00, real=0.00 secs] 
2020-10-29T14:48:09.053+0000: [GC (Allocation Failure) 2020-10-29T14:48:09.053+0000: [ParNew: 16388K->4K(18432K), 0.0020339 secs] 277901K->261517K(412608K), 0.0021069 secs] [Times: user=0.00 sys=0.00, real=0.00 secs] 
2020-10-29T14:48:09.078+0000: [GC (Allocation Failure) 2020-10-29T14:48:09.078+0000: [ParNew: 16388K->4K(18432K), 0.0027150 secs] 277901K->261517K(412608K), 0.0028084 secs] [Times: user=0.00 sys=0.00, real=0.00 secs] 
2020-10-29T14:48:09.100+0000: [GC (Allocation Failure) 2020-10-29T14:48:09.101+0000: [ParNew: 16388K->4K(18432K), 0.0020108 secs] 277901K->261517K(412608K), 0.0020802 secs] [Times: user=0.00 sys=0.00, real=0.00 secs] 
2020-10-29T14:48:09.136+0000: [GC (Allocation Failure) 2020-10-29T14:48:09.136+0000: [ParNew: 16388K->4K(18432K), 0.0020711 secs] 277901K->261517K(412608K), 0.0021346 secs] [Times: user=0.01 sys=0.00, real=0.00 secs] 
2020-10-29T14:48:09.175+0000: [GC (Allocation Failure) 2020-10-29T14:48:09.175+0000: [ParNew: 16388K->2K(18432K), 0.0042514 secs] 277901K->261515K(412608K), 0.0043189 secs] [Times: user=0.01 sys=0.00, real=0.00 secs] 
2020-10-29T14:48:09.200+0000: [GC (Allocation Failure) 2020-10-29T14:48:09.200+0000: [ParNew: 16386K->4K(18432K), 0.0042154 secs] 277899K->261517K(412608K), 0.0043081 secs] [Times: user=0.00 sys=0.00, real=0.00 secs] 
2020-10-29T14:48:09.224+0000: [GC (Allocation Failure) 2020-10-29T14:48:09.225+0000: [ParNew: 16388K->4K(18432K), 0.0057961 secs] 277901K->261517K(412608K), 0.0058680 secs] [Times: user=0.01 sys=0.00, real=0.00 secs] 
2020-10-29T14:48:09.245+0000: [GC (Allocation Failure) 2020-10-29T14:48:09.245+0000: [ParNew: 16388K->4K(18432K), 0.0104561 secs] 277901K->265613K(412608K), 0.0105307 secs] [Times: user=0.01 sys=0.00, real=0.01 secs] 
2020-10-29T14:48:09.285+0000: [GC (Allocation Failure) 2020-10-29T14:48:09.285+0000: [ParNew: 16388K->6K(18432K), 0.0042562 secs] 281997K->265615K(412608K), 0.0043384 secs] [Times: user=0.00 sys=0.00, real=0.00 secs] 
2020-10-29T14:48:09.312+0000: [GC (Allocation Failure) 2020-10-29T14:48:09.312+0000: [ParNew: 16390K->6K(18432K), 0.0020638 secs] 281999K->265615K(412608K), 0.0021206 secs] [Times: user=0.00 sys=0.00, real=0.01 secs] 
2020-10-29T14:48:09.345+0000: [GC (Allocation Failure) 2020-10-29T14:48:09.345+0000: [ParNew: 16390K->6K(18432K), 0.0036856 secs] 281999K->265616K(412608K), 0.0037375 secs] [Times: user=0.01 sys=0.00, real=0.00 secs] 
2020-10-29T14:48:09.379+0000: [GC (Allocation Failure) 2020-10-29T14:48:09.379+0000: [ParNew: 16390K->7K(18432K), 0.0020813 secs] 282000K->265616K(412608K), 0.0021357 secs] [Times: user=0.00 sys=0.00, real=0.00 secs] 
2020-10-29T14:48:09.397+0000: [GC (Allocation Failure) 2020-10-29T14:48:09.397+0000: [ParNew: 16391K->7K(18432K), 0.0042726 secs] 282000K->269713K(412608K), 0.0043277 secs] [Times: user=0.00 sys=0.01, real=0.00 secs] 
2020-10-29T14:48:09.418+0000: [GC (Allocation Failure) 2020-10-29T14:48:09.418+0000: [ParNew: 16391K->7K(18432K), 0.0020176 secs] 286097K->269713K(412608K), 0.0020685 secs] [Times: user=0.01 sys=0.00, real=0.00 secs] 
2020-10-29T14:48:09.434+0000: [GC (Allocation Failure) 2020-10-29T14:48:09.435+0000: [ParNew: 16391K->4K(18432K), 0.0019742 secs] 286097K->269713K(412608K), 0.0020239 secs] [Times: user=0.01 sys=0.00, real=0.00 secs] 
2020-10-29T14:48:09.457+0000: [GC (Allocation Failure) 2020-10-29T14:48:09.457+0000: [ParNew: 16388K->4K(18432K), 0.0019662 secs] 286097K->269712K(412608K), 0.0020158 secs] [Times: user=0.00 sys=0.00, real=0.00 secs] 
2020-10-29T14:48:09.480+0000: [GC (Allocation Failure) 2020-10-29T14:48:09.480+0000: [ParNew: 16388K->4K(18432K), 0.0019677 secs] 286096K->269712K(412608K), 0.0020196 secs] [Times: user=0.01 sys=0.00, real=0.00 secs] 
2020-10-29T14:48:09.498+0000: [GC (Allocation Failure) 2020-10-29T14:48:09.498+0000: [ParNew: 16388K->4K(18432K), 0.0019865 secs] 286096K->269712K(412608K), 0.0020410 secs] [Times: user=0.01 sys=0.00, real=0.00 secs] 
2020-10-29T14:48:09.515+0000: [GC (Allocation Failure) 2020-10-29T14:48:09.515+0000: [ParNew: 16388K->4K(18432K), 0.0020560 secs] 286096K->269712K(412608K), 0.0021060 secs] [Times: user=0.01 sys=0.00, real=0.00 secs] 
2020-10-29T14:48:09.532+0000: [GC (Allocation Failure) 2020-10-29T14:48:09.532+0000: [ParNew: 16388K->4K(18432K), 0.0019657 secs] 286096K->269712K(412608K), 0.0020158 secs] [Times: user=0.00 sys=0.00, real=0.01 secs] 
2020-10-29T14:48:09.552+0000: [GC (Allocation Failure) 2020-10-29T14:48:09.552+0000: [ParNew: 16388K->4K(18432K), 0.0020049 secs] 286096K->269712K(412608K), 0.0020566 secs] [Times: user=0.01 sys=0.00, real=0.00 secs] 
2020-10-29T14:48:09.569+0000: [GC (Allocation Failure) 2020-10-29T14:48:09.569+0000: [ParNew: 16388K->4K(18432K), 0.0019816 secs] 286096K->269712K(412608K), 0.0020335 secs] [Times: user=0.01 sys=0.00, real=0.00 secs] 
2020-10-29T14:48:09.588+0000: [GC (Allocation Failure) 2020-10-29T14:48:09.589+0000: [ParNew: 16388K->4K(18432K), 0.0020639 secs] 286096K->269712K(412608K), 0.0021231 secs] [Times: user=0.01 sys=0.00, real=0.00 secs] 
2020-10-29T14:48:09.605+0000: [GC (Allocation Failure) 2020-10-29T14:48:09.605+0000: [ParNew: 16388K->4K(18432K), 0.0020077 secs] 286096K->269712K(412608K), 0.0020617 secs] [Times: user=0.01 sys=0.00, real=0.00 secs] 
2020-10-29T14:48:09.622+0000: [GC (Allocation Failure) 2020-10-29T14:48:09.622+0000: [ParNew: 16388K->4K(18432K), 0.0020003 secs] 286096K->269712K(412608K), 0.0020548 secs] [Times: user=0.00 sys=0.00, real=0.00 secs] 
2020-10-29T14:48:09.639+0000: [GC (Allocation Failure) 2020-10-29T14:48:09.639+0000: [ParNew: 16388K->4K(18432K), 0.0020406 secs] 286096K->269712K(412608K), 0.0021153 secs] [Times: user=0.01 sys=0.00, real=0.00 secs] 
2020-10-29T14:48:09.655+0000: [GC (Allocation Failure) 2020-10-29T14:48:09.656+0000: [ParNew: 16388K->4K(18432K), 0.0019735 secs] 286096K->269712K(412608K), 0.0020235 secs] [Times: user=0.01 sys=0.00, real=0.00 secs] 
2020-10-29T14:48:09.672+0000: [GC (Allocation Failure) 2020-10-29T14:48:09.672+0000: [ParNew: 16388K->4K(18432K), 0.0019443 secs] 286096K->269712K(412608K), 0.0019924 secs] [Times: user=0.01 sys=0.00, real=0.01 secs] 
2020-10-29T14:48:09.689+0000: [GC (Allocation Failure) 2020-10-29T14:48:09.689+0000: [ParNew: 16388K->4K(18432K), 0.0018982 secs] 286096K->269712K(412608K), 0.0019475 secs] [Times: user=0.00 sys=0.00, real=0.00 secs] 
2020-10-29T14:48:09.705+0000: [GC (Allocation Failure) 2020-10-29T14:48:09.705+0000: [ParNew: 16388K->4K(18432K), 0.0019152 secs] 286096K->269712K(412608K), 0.0019764 secs] [Times: user=0.00 sys=0.00, real=0.00 secs] 
2020-10-29T14:48:09.724+0000: [GC (Allocation Failure) 2020-10-29T14:48:09.724+0000: [ParNew: 16388K->4K(18432K), 0.0019123 secs] 286096K->269712K(412608K), 0.0019605 secs] [Times: user=0.01 sys=0.00, real=0.00 secs] 
2020-10-29T14:48:09.743+0000: [GC (Allocation Failure) 2020-10-29T14:48:09.743+0000: [ParNew: 16388K->4K(18432K), 0.0019606 secs] 286096K->269712K(412608K), 0.0020310 secs] [Times: user=0.01 sys=0.00, real=0.01 secs] 
2020-10-29T14:48:09.764+0000: [GC (Allocation Failure) 2020-10-29T14:48:09.765+0000: [ParNew: 16388K->4K(18432K), 0.0020245 secs] 286096K->269712K(412608K), 0.0020753 secs] [Times: user=0.00 sys=0.00, real=0.00 secs] 
2020-10-29T14:48:09.783+0000: [GC (Allocation Failure) 2020-10-29T14:48:09.783+0000: [ParNew: 16388K->4K(18432K), 0.0020150 secs] 286096K->269712K(412608K), 0.0020664 secs] [Times: user=0.01 sys=0.00, real=0.01 secs] 
2020-10-29T14:48:09.800+0000: [GC (Allocation Failure) 2020-10-29T14:48:09.800+0000: [ParNew: 16388K->4K(18432K), 0.0019470 secs] 286096K->269712K(412608K), 0.0019973 secs] [Times: user=0.01 sys=0.00, real=0.00 secs] 
2020-10-29T14:48:09.818+0000: [GC (Allocation Failure) 2020-10-29T14:48:09.818+0000: [ParNew: 16388K->4K(18432K), 0.0020071 secs] 286096K->269712K(412608K), 0.0020632 secs] [Times: user=0.00 sys=0.00, real=0.00 secs] 
2020-10-29T14:48:09.835+0000: [GC (Allocation Failure) 2020-10-29T14:48:09.835+0000: [ParNew: 16388K->4K(18432K), 0.0020239 secs] 286096K->269712K(412608K), 0.0020814 secs] [Times: user=0.00 sys=0.00, real=0.00 secs] 
2020-10-29T14:48:09.852+0000: [GC (Allocation Failure) 2020-10-29T14:48:09.852+0000: [ParNew: 16388K->4K(18432K), 0.0019619 secs] 286096K->269712K(412608K), 0.0020156 secs] [Times: user=0.01 sys=0.00, real=0.00 secs] 
2020-10-29T14:48:09.869+0000: [GC (Allocation Failure) 2020-10-29T14:48:09.869+0000: [ParNew: 16388K->4K(18432K), 0.0019719 secs] 286096K->269712K(412608K), 0.0020238 secs] [Times: user=0.00 sys=0.00, real=0.00 secs] 
2020-10-29T14:48:09.888+0000: [GC (Allocation Failure) 2020-10-29T14:48:09.889+0000: [ParNew: 16388K->4K(18432K), 0.0019660 secs] 286096K->269712K(412608K), 0.0020138 secs] [Times: user=0.00 sys=0.00, real=0.00 secs] 
2020-10-29T14:48:09.908+0000: [GC (Allocation Failure) 2020-10-29T14:48:09.909+0000: [ParNew: 16388K->4K(18432K), 0.0019851 secs] 286096K->269712K(412608K), 0.0020356 secs] [Times: user=0.00 sys=0.00, real=0.00 secs] 
2020-10-29T14:48:09.928+0000: [GC (Allocation Failure) 2020-10-29T14:48:09.929+0000: [ParNew: 16388K->4K(18432K), 0.0020392 secs] 286096K->269713K(412608K), 0.0020927 secs] [Times: user=0.01 sys=0.00, real=0.00 secs] 
2020-10-29T14:48:09.948+0000: [GC (Allocation Failure) 2020-10-29T14:48:09.948+0000: [ParNew: 16388K->4K(18432K), 0.0019430 secs] 286097K->269713K(412608K), 0.0019905 secs] [Times: user=0.00 sys=0.00, real=0.00 secs] 
2020-10-29T14:48:09.965+0000: [GC (Allocation Failure) 2020-10-29T14:48:09.965+0000: [ParNew: 16388K->4K(18432K), 0.0019136 secs] 286097K->269713K(412608K), 0.0019587 secs] [Times: user=0.00 sys=0.00, real=0.00 secs] 
2020-10-29T14:48:09.982+0000: [GC (Allocation Failure) 2020-10-29T14:48:09.982+0000: [ParNew: 16388K->4K(18432K), 0.0019661 secs] 286097K->269713K(412608K), 0.0020117 secs] [Times: user=0.00 sys=0.00, real=0.00 secs] 
2020-10-29T14:48:09.998+0000: [GC (Allocation Failure) 2020-10-29T14:48:09.998+0000: [ParNew: 16388K->4K(18432K), 0.0019458 secs] 286097K->269713K(412608K), 0.0019957 secs] [Times: user=0.01 sys=0.00, real=0.00 secs] 
2020-10-29T14:48:10.021+0000: [GC (Allocation Failure) 2020-10-29T14:48:10.021+0000: [ParNew: 16388K->4K(18432K), 0.0037427 secs] 286097K->269713K(412608K), 0.0037967 secs] [Times: user=0.00 sys=0.00, real=0.01 secs] 
2020-10-29T14:48:10.045+0000: [GC (Allocation Failure) 2020-10-29T14:48:10.045+0000: [ParNew: 16388K->4K(18432K), 0.0019931 secs] 286097K->269713K(412608K), 0.0020440 secs] [Times: user=0.00 sys=0.00, real=0.00 secs] 
2020-10-29T14:48:10.062+0000: [GC (Allocation Failure) 2020-10-29T14:48:10.062+0000: [ParNew: 16388K->4K(18432K), 0.0023906 secs] 286097K->269713K(412608K), 0.0024439 secs] [Times: user=0.00 sys=0.00, real=0.00 secs] 
2020-10-29T14:48:10.080+0000: [GC (Allocation Failure) 2020-10-29T14:48:10.081+0000: [ParNew: 16388K->4K(18432K), 0.0019426 secs] 286097K->269713K(412608K), 0.0019893 secs] [Times: user=0.00 sys=0.00, real=0.00 secs] 
2020-10-29T14:48:10.100+0000: [GC (Allocation Failure) 2020-10-29T14:48:10.101+0000: [ParNew: 16388K->4K(18432K), 0.0019737 secs] 286097K->269713K(412608K), 0.0020206 secs] [Times: user=0.01 sys=0.00, real=0.00 secs] 
2020-10-29T14:48:10.118+0000: [GC (Allocation Failure) 2020-10-29T14:48:10.118+0000: [ParNew: 16388K->4K(18432K), 0.0020023 secs] 286097K->269713K(412608K), 0.0020556 secs] [Times: user=0.00 sys=0.00, real=0.00 secs] 
2020-10-29T14:48:10.134+0000: [GC (Allocation Failure) 2020-10-29T14:48:10.134+0000: [ParNew: 16388K->4K(18432K), 0.0020255 secs] 286097K->269713K(412608K), 0.0020792 secs] [Times: user=0.00 sys=0.00, real=0.00 secs] 
2020-10-29T14:48:10.151+0000: [GC (Allocation Failure) 2020-10-29T14:48:10.151+0000: [ParNew: 16388K->4K(18432K), 0.0020321 secs] 286097K->269713K(412608K), 0.0020796 secs] [Times: user=0.00 sys=0.00, real=0.01 secs] 
2020-10-29T14:48:10.171+0000: [GC (Allocation Failure) 2020-10-29T14:48:10.171+0000: [ParNew: 16388K->4K(18432K), 0.0019947 secs] 286097K->269713K(412608K), 0.0020433 secs] [Times: user=0.01 sys=0.00, real=0.01 secs] 
2020-10-29T14:48:10.188+0000: [GC (Allocation Failure) 2020-10-29T14:48:10.188+0000: [ParNew: 16388K->4K(18432K), 0.0019371 secs] 286097K->269713K(412608K), 0.0020088 secs] [Times: user=0.00 sys=0.00, real=0.00 secs] 
2020-10-29T14:48:10.204+0000: [GC (Allocation Failure) 2020-10-29T14:48:10.204+0000: [ParNew: 16388K->2K(18432K), 0.0032041 secs] 286097K->269711K(412608K), 0.0032548 secs] [Times: user=0.00 sys=0.00, real=0.01 secs] 
2020-10-29T14:48:10.222+0000: [GC (Allocation Failure) 2020-10-29T14:48:10.222+0000: [ParNew: 16386K->4K(18432K), 0.0019293 secs] 286095K->269713K(412608K), 0.0020076 secs] [Times: user=0.00 sys=0.00, real=0.01 secs] 
2020-10-29T14:48:10.240+0000: [GC (Allocation Failure) 2020-10-29T14:48:10.240+0000: [ParNew: 16388K->4K(18432K), 0.0020143 secs] 286097K->269713K(412608K), 0.0020681 secs] [Times: user=0.01 sys=0.00, real=0.00 secs] 
2020-10-29T14:48:10.260+0000: [GC (Allocation Failure) 2020-10-29T14:48:10.261+0000: [ParNew: 16388K->4K(18432K), 0.0019370 secs] 286097K->269713K(412608K), 0.0019850 secs] [Times: user=0.01 sys=0.00, real=0.00 secs] 
2020-10-29T14:48:10.277+0000: [GC (Allocation Failure) 2020-10-29T14:48:10.277+0000: [ParNew: 16388K->4K(18432K), 0.0019706 secs] 286097K->269713K(412608K), 0.0020177 secs] [Times: user=0.00 sys=0.00, real=0.00 secs] 
2020-10-29T14:48:10.296+0000: [GC (Allocation Failure) 2020-10-29T14:48:10.296+0000: [ParNew: 16388K->4K(18432K), 0.0019635 secs] 286097K->269713K(412608K), 0.0020141 secs] [Times: user=0.00 sys=0.00, real=0.00 secs] 
2020-10-29T14:48:10.314+0000: [GC (Allocation Failure) 2020-10-29T14:48:10.314+0000: [ParNew: 16388K->4K(18432K), 0.0019022 secs] 286097K->269713K(412608K), 0.0019473 secs] [Times: user=0.00 sys=0.00, real=0.00 secs] 
2020-10-29T14:48:10.330+0000: [GC (Allocation Failure) 2020-10-29T14:48:10.330+0000: [ParNew: 16388K->4K(18432K), 0.0019514 secs] 286097K->269713K(412608K), 0.0020016 secs] [Times: user=0.00 sys=0.00, real=0.00 secs] 
2020-10-29T14:48:10.347+0000: [GC (Allocation Failure) 2020-10-29T14:48:10.347+0000: [ParNew: 16388K->4K(18432K), 0.0019891 secs] 286097K->269713K(412608K), 0.0020433 secs] [Times: user=0.01 sys=0.00, real=0.00 secs] 
2020-10-29T14:48:10.363+0000: [GC (Allocation Failure) 2020-10-29T14:48:10.363+0000: [ParNew: 16388K->4K(18432K), 0.0019808 secs] 286097K->269713K(412608K), 0.0020370 secs] [Times: user=0.00 sys=0.00, real=0.01 secs] 
2020-10-29T14:48:10.380+0000: [GC (Allocation Failure) 2020-10-29T14:48:10.381+0000: [ParNew: 16388K->4K(18432K), 0.0020140 secs] 286097K->269713K(412608K), 0.0020692 secs] [Times: user=0.00 sys=0.00, real=0.00 secs] 
2020-10-29T14:48:10.397+0000: [GC (Allocation Failure) 2020-10-29T14:48:10.397+0000: [ParNew: 16388K->4K(18432K), 0.0020317 secs] 286097K->269713K(412608K), 0.0020846 secs] [Times: user=0.00 sys=0.00, real=0.00 secs] 
2020-10-29T14:48:10.416+0000: [GC (Allocation Failure) 2020-10-29T14:48:10.417+0000: [ParNew: 16388K->4K(18432K), 0.0019985 secs] 286097K->269713K(412608K), 0.0020541 secs] [Times: user=0.01 sys=0.00, real=0.00 secs] 
2020-10-29T14:48:10.433+0000: [GC (Allocation Failure) 2020-10-29T14:48:10.433+0000: [ParNew: 16388K->4K(18432K), 0.0019826 secs] 286097K->269713K(412608K), 0.0020377 secs] [Times: user=0.01 sys=0.00, real=0.00 secs] 
2020-10-29T14:48:10.450+0000: [GC (Allocation Failure) 2020-10-29T14:48:10.450+0000: [ParNew: 16388K->4K(18432K), 0.0019434 secs] 286097K->269713K(412608K), 0.0019963 secs] [Times: user=0.01 sys=0.00, real=0.00 secs] 
2020-10-29T14:48:10.468+0000: [GC (Allocation Failure) 2020-10-29T14:48:10.468+0000: [ParNew: 16388K->4K(18432K), 0.0019261 secs] 286097K->269714K(412608K), 0.0019770 secs] [Times: user=0.01 sys=0.00, real=0.00 secs] 
2020-10-29T14:48:10.485+0000: [GC (Allocation Failure) 2020-10-29T14:48:10.485+0000: [ParNew: 16388K->4K(18432K), 0.0019363 secs] 286098K->269714K(412608K), 0.0019891 secs] [Times: user=0.01 sys=0.00, real=0.00 secs] 
2020-10-29T14:48:10.504+0000: [GC (Allocation Failure) 2020-10-29T14:48:10.504+0000: [ParNew: 16388K->4K(18432K), 0.0019333 secs] 286098K->269714K(412608K), 0.0019862 secs] [Times: user=0.00 sys=0.00, real=0.00 secs] 
2020-10-29T14:48:10.521+0000: [GC (Allocation Failure) 2020-10-29T14:48:10.521+0000: [ParNew: 16388K->4K(18432K), 0.0020045 secs] 286098K->269714K(412608K), 0.0020773 secs] [Times: user=0.00 sys=0.00, real=0.00 secs] 
2020-10-29T14:48:10.537+0000: [GC (Allocation Failure) 2020-10-29T14:48:10.537+0000: [ParNew: 16388K->4K(18432K), 0.0019697 secs] 286098K->269714K(412608K), 0.0020427 secs] [Times: user=0.00 sys=0.00, real=0.00 secs] 
2020-10-29T14:48:10.554+0000: [GC (Allocation Failure) 2020-10-29T14:48:10.554+0000: [ParNew: 16388K->4K(18432K), 0.0019487 secs] 286098K->269714K(412608K), 0.0020010 secs] [Times: user=0.00 sys=0.00, real=0.00 secs] 
2020-10-29T14:48:10.570+0000: [GC (Allocation Failure) 2020-10-29T14:48:10.570+0000: [ParNew: 16388K->4K(18432K), 0.0020787 secs] 286098K->269714K(412608K), 0.0021298 secs] [Times: user=0.01 sys=0.00, real=0.01 secs] 
2020-10-29T14:48:10.588+0000: [GC (Allocation Failure) 2020-10-29T14:48:10.588+0000: [ParNew: 16388K->4K(18432K), 0.0019520 secs] 286098K->269714K(412608K), 0.0020031 secs] [Times: user=0.00 sys=0.00, real=0.00 secs] 
2020-10-29T14:48:10.605+0000: [GC (Allocation Failure) 2020-10-29T14:48:10.605+0000: [ParNew: 16388K->4K(18432K), 0.0019574 secs] 286098K->269714K(412608K), 0.0020121 secs] [Times: user=0.01 sys=0.00, real=0.00 secs] 
2020-10-29T14:48:10.624+0000: [GC (Allocation Failure) 2020-10-29T14:48:10.625+0000: [ParNew: 16388K->4K(18432K), 0.0019430 secs] 286098K->269714K(412608K), 0.0019937 secs] [Times: user=0.00 sys=0.00, real=0.00 secs] 
2020-10-29T14:48:10.642+0000: [GC (Allocation Failure) 2020-10-29T14:48:10.642+0000: [ParNew: 16388K->4K(18432K), 0.0021474 secs] 286098K->269714K(412608K), 0.0022028 secs] [Times: user=0.00 sys=0.00, real=0.00 secs] 
2020-10-29T14:48:10.658+0000: [GC (Allocation Failure) 2020-10-29T14:48:10.658+0000: [ParNew: 16388K->4K(18432K), 0.0019692 secs] 286098K->269714K(412608K), 0.0020232 secs] [Times: user=0.00 sys=0.00, real=0.00 secs] 
2020-10-29T14:48:10.676+0000: [GC (Allocation Failure) 2020-10-29T14:48:10.676+0000: [ParNew: 16388K->4K(18432K), 0.0019421 secs] 286098K->269714K(412608K), 0.0019921 secs] [Times: user=0.00 sys=0.00, real=0.00 secs] 
2020-10-29T14:48:10.696+0000: [GC (Allocation Failure) 2020-10-29T14:48:10.696+0000: [ParNew: 16388K->4K(18432K), 0.0019391 secs] 286098K->269714K(412608K), 0.0019859 secs] [Times: user=0.01 sys=0.00, real=0.00 secs] 
2020-10-29T14:48:10.716+0000: [GC (Allocation Failure) 2020-10-29T14:48:10.716+0000: [ParNew: 16388K->4K(18432K), 0.0019218 secs] 286098K->269714K(412608K), 0.0019710 secs] [Times: user=0.01 sys=0.00, real=0.00 secs] 
2020-10-29T14:48:10.736+0000: [GC (Allocation Failure) 2020-10-29T14:48:10.737+0000: [ParNew: 16388K->4K(18432K), 0.0019511 secs] 286098K->269714K(412608K), 0.0020051 secs] [Times: user=0.00 sys=0.00, real=0.00 secs] 
2020-10-29T14:48:10.756+0000: [GC (Allocation Failure) 2020-10-29T14:48:10.756+0000: [ParNew: 16388K->4K(18432K), 0.0019295 secs] 286098K->269714K(412608K), 0.0019776 secs] [Times: user=0.01 sys=0.00, real=0.00 secs] 
2020-10-29T14:48:10.774+0000: [GC (Allocation Failure) 2020-10-29T14:48:10.774+0000: [ParNew: 16388K->4K(18432K), 0.0019483 secs] 286098K->269714K(412608K), 0.0020026 secs] [Times: user=0.00 sys=0.00, real=0.00 secs] 
2020-10-29T14:48:10.792+0000: [GC (Allocation Failure) 2020-10-29T14:48:10.792+0000: [ParNew: 16388K->4K(18432K), 0.0019707 secs] 286098K->269714K(412608K), 0.0020201 secs] [Times: user=0.01 sys=0.00, real=0.00 secs] 
2020-10-29T14:48:10.822+0000: [GC (Allocation Failure) 2020-10-29T14:48:10.822+0000: [ParNew: 16388K->2K(18432K), 0.0041349 secs] 286098K->269712K(412608K), 0.0041879 secs] [Times: user=0.01 sys=0.00, real=0.01 secs] 
2020-10-29T14:48:10.855+0000: [GC (Allocation Failure) 2020-10-29T14:48:10.855+0000: [ParNew: 16386K->4K(18432K), 0.0027443 secs] 286096K->269714K(412608K), 0.0027987 secs] [Times: user=0.01 sys=0.00, real=0.00 secs] 
2020-10-29T14:48:10.874+0000: [GC (Allocation Failure) 2020-10-29T14:48:10.874+0000: [ParNew: 16388K->4K(18432K), 0.0019479 secs] 286098K->269714K(412608K), 0.0020103 secs] [Times: user=0.00 sys=0.00, real=0.00 secs] 
2020-10-29T14:48:10.890+0000: [GC (Allocation Failure) 2020-10-29T14:48:10.890+0000: [ParNew: 16388K->4K(18432K), 0.0019038 secs] 286098K->269714K(412608K), 0.0019519 secs] [Times: user=0.00 sys=0.00, real=0.00 secs] 
2020-10-29T14:48:10.910+0000: [GC (Allocation Failure) 2020-10-29T14:48:10.911+0000: [ParNew: 16388K->4K(18432K), 0.0019864 secs] 286098K->269714K(412608K), 0.0020409 secs] [Times: user=0.00 sys=0.00, real=0.01 secs] 
2020-10-29T14:48:10.928+0000: [GC (Allocation Failure) 2020-10-29T14:48:10.928+0000: [ParNew: 16388K->4K(18432K), 0.0019429 secs] 286098K->269714K(412608K), 0.0019952 secs] [Times: user=0.00 sys=0.00, real=0.00 secs] 
2020-10-29T14:48:10.945+0000: [GC (Allocation Failure) 2020-10-29T14:48:10.945+0000: [ParNew: 16388K->4K(18432K), 0.0019941 secs] 286098K->269714K(412608K), 0.0020458 secs] [Times: user=0.00 sys=0.00, real=0.00 secs] 
2020-10-29T14:48:10.961+0000: [GC (Allocation Failure) 2020-10-29T14:48:10.961+0000: [ParNew: 16388K->4K(18432K), 0.0019833 secs] 286098K->269714K(412608K), 0.0020385 secs] [Times: user=0.00 sys=0.00, real=0.00 secs] 
2020-10-29T14:48:10.981+0000: [GC (Allocation Failure) 2020-10-29T14:48:10.981+0000: [ParNew: 16388K->4K(18432K), 0.0019890 secs] 286098K->269714K(412608K), 0.0020444 secs] [Times: user=0.01 sys=0.00, real=0.00 secs] 
2020-10-29T14:48:10.997+0000: [GC (Allocation Failure) 2020-10-29T14:48:10.997+0000: [ParNew: 16388K->4K(18432K), 0.0019617 secs] 286098K->269714K(412608K), 0.0020422 secs] [Times: user=0.01 sys=0.00, real=0.00 secs] 
2020-10-29T14:48:11.016+0000: [GC (Allocation Failure) 2020-10-29T14:48:11.016+0000: [ParNew: 16388K->4K(18432K), 0.0019190 secs] 286098K->269714K(412608K), 0.0019702 secs] [Times: user=0.00 sys=0.00, real=0.00 secs] 
2020-10-29T14:48:11.036+0000: [GC (Allocation Failure) 2020-10-29T14:48:11.036+0000: [ParNew: 16388K->4K(18432K), 0.0018998 secs] 286098K->269714K(412608K), 0.0019495 secs] [Times: user=0.00 sys=0.00, real=0.00 secs] 
2020-10-29T14:48:11.056+0000: [GC (Allocation Failure) 2020-10-29T14:48:11.056+0000: [ParNew: 16388K->4K(18432K), 0.0019673 secs] 286098K->269714K(412608K), 0.0020190 secs] [Times: user=0.01 sys=0.00, real=0.00 secs] 
2020-10-29T14:48:11.073+0000: [GC (Allocation Failure) 2020-10-29T14:48:11.073+0000: [ParNew: 16388K->4K(18432K), 0.0018802 secs] 286098K->269714K(412608K), 0.0019332 secs] [Times: user=0.00 sys=0.00, real=0.00 secs] 
2020-10-29T14:48:11.089+0000: [GC (Allocation Failure) 2020-10-29T14:48:11.089+0000: [ParNew: 16388K->4K(18432K), 0.0018794 secs] 286098K->269714K(412608K), 0.0019298 secs] [Times: user=0.00 sys=0.00, real=0.00 secs] 
2020-10-29T14:48:11.105+0000: [GC (Allocation Failure) 2020-10-29T14:48:11.105+0000: [ParNew: 16388K->4K(18432K), 0.0019162 secs] 286098K->269714K(412608K), 0.0019786 secs] [Times: user=0.00 sys=0.00, real=0.00 secs] 
2020-10-29T14:48:11.121+0000: [GC (Allocation Failure) 2020-10-29T14:48:11.121+0000: [ParNew: 16388K->4K(18432K), 0.0018465 secs] 286098K->269714K(412608K), 0.0018940 secs] [Times: user=0.00 sys=0.00, real=0.00 secs] 
2020-10-29T14:48:11.140+0000: [GC (Allocation Failure) 2020-10-29T14:48:11.140+0000: [ParNew: 16388K->4K(18432K), 0.0019129 secs] 286098K->269714K(412608K), 0.0019639 secs] [Times: user=0.00 sys=0.00, real=0.00 secs] 
2020-10-29T14:48:11.160+0000: [GC (Allocation Failure) 2020-10-29T14:48:11.160+0000: [ParNew: 16388K->4K(18432K), 0.0019100 secs] 286098K->269714K(412608K), 0.0019608 secs] [Times: user=0.01 sys=0.00, real=0.00 secs] 
2020-10-29T14:48:11.177+0000: [GC (Allocation Failure) 2020-10-29T14:48:11.177+0000: [ParNew: 16388K->4K(18432K), 0.0019404 secs] 286098K->269714K(412608K), 0.0019902 secs] [Times: user=0.00 sys=0.00, real=0.00 secs] 
2020-10-29T14:48:11.194+0000: [GC (Allocation Failure) 2020-10-29T14:48:11.194+0000: [ParNew: 16388K->4K(18432K), 0.0019621 secs] 286098K->269714K(412608K), 0.0020146 secs] [Times: user=0.01 sys=0.00, real=0.00 secs] 
2020-10-29T14:48:11.212+0000: [GC (Allocation Failure) 2020-10-29T14:48:11.213+0000: [ParNew: 16388K->4K(18432K), 0.0019637 secs] 286098K->269714K(412608K), 0.0020157 secs] [Times: user=0.00 sys=0.00, real=0.00 secs] 
2020-10-29T14:48:11.229+0000: [GC (Allocation Failure) 2020-10-29T14:48:11.229+0000: [ParNew: 16388K->4K(18432K), 0.0019820 secs] 286098K->269714K(412608K), 0.0020346 secs] [Times: user=0.00 sys=0.00, real=0.00 secs] 
2020-10-29T14:48:11.249+0000: [GC (Allocation Failure) 2020-10-29T14:48:11.249+0000: [ParNew: 16388K->4K(18432K), 0.0019932 secs] 286098K->269714K(412608K), 0.0020681 secs] [Times: user=0.01 sys=0.00, real=0.00 secs] 
2020-10-29T14:48:11.267+0000: [GC (Allocation Failure) 2020-10-29T14:48:11.267+0000: [ParNew: 16388K->4K(18432K), 0.0020627 secs] 286098K->269714K(412608K), 0.0021338 secs] [Times: user=0.00 sys=0.00, real=0.00 secs] 
2020-10-29T14:48:11.284+0000: [GC (Allocation Failure) 2020-10-29T14:48:11.284+0000: [ParNew: 16388K->4K(18432K), 0.0018735 secs] 286098K->269714K(412608K), 0.0019188 secs] [Times: user=0.00 sys=0.00, real=0.01 secs] 
2020-10-29T14:48:11.300+0000: [GC (Allocation Failure) 2020-10-29T14:48:11.300+0000: [ParNew: 16388K->4K(18432K), 0.0019961 secs] 286098K->269714K(412608K), 0.0020505 secs] [Times: user=0.00 sys=0.00, real=0.00 secs] 
2020-10-29T14:48:11.316+0000: [GC (Allocation Failure) 2020-10-29T14:48:11.316+0000: [ParNew: 16388K->4K(18432K), 0.0019853 secs] 286098K->269714K(412608K), 0.0020407 secs] [Times: user=0.00 sys=0.00, real=0.00 secs] 
2020-10-29T14:48:11.333+0000: [GC (Allocation Failure) 2020-10-29T14:48:11.333+0000: [ParNew: 16388K->4K(18432K), 0.0019781 secs] 286098K->269714K(412608K), 0.0020322 secs] [Times: user=0.01 sys=0.00, real=0.00 secs] 
2020-10-29T14:48:11.349+0000: [GC (Allocation Failure) 2020-10-29T14:48:11.349+0000: [ParNew: 16388K->4K(18432K), 0.0019470 secs] 286098K->269714K(412608K), 0.0019948 secs] [Times: user=0.00 sys=0.00, real=0.00 secs] 
2020-10-29T14:48:11.365+0000: [GC (Allocation Failure) 2020-10-29T14:48:11.365+0000: [ParNew: 16388K->4K(18432K), 0.0019190 secs] 286098K->269714K(412608K), 0.0019669 secs] [Times: user=0.01 sys=0.00, real=0.00 secs] 
2020-10-29T14:48:11.382+0000: [GC (Allocation Failure) 2020-10-29T14:48:11.382+0000: [ParNew: 16388K->4K(18432K), 0.0018639 secs] 286098K->269714K(412608K), 0.0019121 secs] [Times: user=0.00 sys=0.00, real=0.00 secs] 
2020-10-29T14:48:11.400+0000: [GC (Allocation Failure) 2020-10-29T14:48:11.400+0000: [ParNew: 16388K->4K(18432K), 0.0018805 secs] 286098K->269714K(412608K), 0.0019297 secs] [Times: user=0.00 sys=0.00, real=0.00 secs] 
2020-10-29T14:48:11.418+0000: [GC (Allocation Failure) 2020-10-29T14:48:11.418+0000: [ParNew: 16388K->4K(18432K), 0.0018798 secs] 286098K->269714K(412608K), 0.0019288 secs] [Times: user=0.01 sys=0.00, real=0.00 secs] 
2020-10-29T14:48:11.436+0000: [GC (Allocation Failure) 2020-10-29T14:48:11.437+0000: [ParNew: 16388K->4K(18432K), 0.0019491 secs] 286098K->269714K(412608K), 0.0020022 secs] [Times: user=0.01 sys=0.00, real=0.00 secs] 
2020-10-29T14:48:11.456+0000: [GC (Allocation Failure) 2020-10-29T14:48:11.456+0000: [ParNew: 16388K->4K(18432K), 0.0019611 secs] 286098K->269714K(412608K), 0.0020108 secs] [Times: user=0.00 sys=0.00, real=0.00 secs] 
2020-10-29T14:48:11.473+0000: [GC (Allocation Failure) 2020-10-29T14:48:11.473+0000: [ParNew: 16388K->4K(18432K), 0.0019521 secs] 286098K->269714K(412608K), 0.0020046 secs] [Times: user=0.00 sys=0.00, real=0.00 secs] 
2020-10-29T14:48:11.489+0000: [GC (Allocation Failure) 2020-10-29T14:48:11.489+0000: [ParNew: 16388K->4K(18432K), 0.0018713 secs] 286098K->269714K(412608K), 0.0019203 secs] [Times: user=0.01 sys=0.00, real=0.00 secs] 
2020-10-29T14:48:11.508+0000: [GC (Allocation Failure) 2020-10-29T14:48:11.508+0000: [ParNew: 16388K->4K(18432K), 0.0018767 secs] 286098K->269714K(412608K), 0.0019253 secs] [Times: user=0.00 sys=0.00, real=0.00 secs] 
2020-10-29T14:48:11.528+0000: [GC (Allocation Failure) 2020-10-29T14:48:11.528+0000: [ParNew: 16388K->4K(18432K), 0.0019670 secs] 286098K->269714K(412608K), 0.0020162 secs] [Times: user=0.01 sys=0.00, real=0.00 secs] 
2020-10-29T14:48:11.548+0000: [GC (Allocation Failure) 2020-10-29T14:48:11.549+0000: [ParNew: 16388K->4K(18432K), 0.0019828 secs] 286098K->269714K(412608K), 0.0020452 secs] [Times: user=0.01 sys=0.00, real=0.00 secs] 
2020-10-29T14:48:11.567+0000: [GC (Allocation Failure) 2020-10-29T14:48:11.567+0000: [ParNew: 16388K->4K(18432K), 0.0019703 secs] 286098K->269714K(412608K), 0.0020205 secs] [Times: user=0.01 sys=0.00, real=0.00 secs] 
2020-10-29T14:48:11.584+0000: [GC (Allocation Failure) 2020-10-29T14:48:11.584+0000: [ParNew: 16388K->4K(18432K), 0.0019945 secs] 286098K->269714K(412608K), 0.0020498 secs] [Times: user=0.01 sys=0.00, real=0.01 secs] 
2020-10-29T14:48:11.600+0000: [GC (Allocation Failure) 2020-10-29T14:48:11.600+0000: [ParNew: 16388K->4K(18432K), 0.0019570 secs] 286098K->269714K(412608K), 0.0020100 secs] [Times: user=0.01 sys=0.00, real=0.00 secs] 
2020-10-29T14:48:11.620+0000: [GC (Allocation Failure) 2020-10-29T14:48:11.620+0000: [ParNew: 16388K->4K(18432K), 0.0019605 secs] 286098K->269714K(412608K), 0.0020102 secs] [Times: user=0.00 sys=0.00, real=0.00 secs] 
2020-10-29T14:48:11.640+0000: [GC (Allocation Failure) 2020-10-29T14:48:11.640+0000: [ParNew: 16388K->4K(18432K), 0.0019669 secs] 286098K->269714K(412608K), 0.0020205 secs] [Times: user=0.01 sys=0.00, real=0.00 secs] 
2020-10-29T14:48:11.657+0000: [GC (Allocation Failure) 2020-10-29T14:48:11.657+0000: [ParNew: 16388K->4K(18432K), 0.0020166 secs] 286098K->269714K(412608K), 0.0020690 secs] [Times: user=0.01 sys=0.00, real=0.00 secs] 
2020-10-29T14:48:11.673+0000: [GC (Allocation Failure) 2020-10-29T14:48:11.673+0000: [ParNew: 16388K->4K(18432K), 0.0019759 secs] 286098K->269714K(412608K), 0.0020304 secs] [Times: user=0.01 sys=0.00, real=0.00 secs] 
2020-10-29T14:48:11.689+0000: [GC (Allocation Failure) 2020-10-29T14:48:11.690+0000: [ParNew: 16388K->4K(18432K), 0.0019732 secs] 286098K->269714K(412608K), 0.0020274 secs] [Times: user=0.01 sys=0.00, real=0.00 secs] 
2020-10-29T14:48:11.708+0000: [GC (Allocation Failure) 2020-10-29T14:48:11.708+0000: [ParNew: 16388K->4K(18432K), 0.0019898 secs] 286098K->269714K(412608K), 0.0020448 secs] [Times: user=0.00 sys=0.00, real=0.00 secs] 
2020-10-29T14:48:11.725+0000: [GC (Allocation Failure) 2020-10-29T14:48:11.725+0000: [ParNew: 16388K->4K(18432K), 0.0020161 secs] 286098K->269714K(412608K), 0.0020723 secs] [Times: user=0.00 sys=0.00, real=0.00 secs] 
2020-10-29T14:48:11.741+0000: [GC (Allocation Failure) 2020-10-29T14:48:11.741+0000: [ParNew: 16388K->4K(18432K), 0.0019282 secs] 286098K->269714K(412608K), 0.0019800 secs] [Times: user=0.01 sys=0.00, real=0.00 secs] 
2020-10-29T14:48:11.757+0000: [GC (Allocation Failure) 2020-10-29T14:48:11.757+0000: [ParNew: 16388K->4K(18432K), 0.0019778 secs] 286098K->269714K(412608K), 0.0020294 secs] [Times: user=0.01 sys=0.00, real=0.00 secs] 
2020-10-29T14:48:11.774+0000: [GC (Allocation Failure) 2020-10-29T14:48:11.774+0000: [ParNew: 16388K->4K(18432K), 0.0020036 secs] 286098K->269714K(412608K), 0.0020590 secs] [Times: user=0.00 sys=0.00, real=0.00 secs] 
2020-10-29T14:48:11.792+0000: [GC (Allocation Failure) 2020-10-29T14:48:11.793+0000: [ParNew: 16388K->4K(18432K), 0.0019713 secs] 286098K->269714K(412608K), 0.0020247 secs] [Times: user=0.00 sys=0.00, real=0.00 secs] 
2020-10-29T14:48:11.809+0000: [GC (Allocation Failure) 2020-10-29T14:48:11.809+0000: [ParNew: 16388K->4K(18432K), 0.0018922 secs] 286098K->269714K(412608K), 0.0019421 secs] [Times: user=0.01 sys=0.00, real=0.00 secs] 
2020-10-29T14:48:11.829+0000: [GC (Allocation Failure) 2020-10-29T14:48:11.829+0000: [ParNew: 16388K->2K(18432K), 0.0032857 secs] 286098K->269712K(412608K), 0.0033398 secs] [Times: user=0.00 sys=0.00, real=0.00 secs] 
2020-10-29T14:48:11.846+0000: [GC (Allocation Failure) 2020-10-29T14:48:11.846+0000: [ParNew: 16386K->4K(18432K), 0.0019925 secs] 286096K->269714K(412608K), 0.0020452 secs] [Times: user=0.00 sys=0.00, real=0.00 secs] 
2020-10-29T14:48:11.864+0000: [GC (Allocation Failure) 2020-10-29T14:48:11.864+0000: [ParNew: 16388K->4K(18432K), 0.0019604 secs] 286098K->269714K(412608K), 0.0020112 secs] [Times: user=0.01 sys=0.00, real=0.00 secs] 
2020-10-29T14:48:11.881+0000: [GC (Allocation Failure) 2020-10-29T14:48:11.881+0000: [ParNew: 16388K->4K(18432K), 0.0019332 secs] 286098K->269714K(412608K), 0.0019871 secs] [Times: user=0.01 sys=0.00, real=0.00 secs] 
2020-10-29T14:48:11.899+0000: [GC (Allocation Failure) 2020-10-29T14:48:11.899+0000: [ParNew: 16388K->4K(18432K), 0.0019963 secs] 286098K->269714K(412608K), 0.0020470 secs] [Times: user=0.00 sys=0.00, real=0.00 secs] 
2020-10-29T14:48:11.916+0000: [GC (Allocation Failure) 2020-10-29T14:48:11.916+0000: [ParNew: 16388K->4K(18432K), 0.0020006 secs] 286098K->269714K(412608K), 0.0020553 secs] [Times: user=0.00 sys=0.00, real=0.00 secs] 
2020-10-29T14:48:11.932+0000: [GC (Allocation Failure) 2020-10-29T14:48:11.932+0000: [ParNew: 16388K->4K(18432K), 0.0019939 secs] 286098K->269714K(412608K), 0.0020468 secs] [Times: user=0.00 sys=0.00, real=0.01 secs] 
2020-10-29T14:48:11.948+0000: [GC (Allocation Failure) 2020-10-29T14:48:11.948+0000: [ParNew: 16388K->2K(18432K), 0.0033016 secs] 286098K->269712K(412608K), 0.0033527 secs] [Times: user=0.01 sys=0.00, real=0.00 secs] 
2020-10-29T14:48:11.966+0000: [GC (Allocation Failure) 2020-10-29T14:48:11.966+0000: [ParNew: 16386K->4K(18432K), 0.0019507 secs] 286096K->269714K(412608K), 0.0020029 secs] [Times: user=0.01 sys=0.00, real=0.00 secs] 
2020-10-29T14:48:11.982+0000: [GC (Allocation Failure) 2020-10-29T14:48:11.982+0000: [ParNew: 16388K->4K(18432K), 0.0018942 secs] 286098K->269714K(412608K), 0.0019451 secs] [Times: user=0.00 sys=0.00, real=0.00 secs] 
2020-10-29T14:48:12.000+0000: [GC (Allocation Failure) 2020-10-29T14:48:12.000+0000: [ParNew: 16388K->4K(18432K), 0.0018568 secs] 286098K->269714K(412608K), 0.0019052 secs] [Times: user=0.00 sys=0.00, real=0.00 secs] 
2020-10-29T14:48:12.017+0000: [GC (Allocation Failure) 2020-10-29T14:48:12.017+0000: [ParNew: 16388K->4K(18432K), 0.0018697 secs] 286098K->269714K(412608K), 0.0019176 secs] [Times: user=0.00 sys=0.00, real=0.00 secs] 
2020-10-29T14:48:12.033+0000: [GC (Allocation Failure) 2020-10-29T14:48:12.033+0000: [ParNew: 16388K->4K(18432K), 0.0018586 secs] 286098K->269714K(412608K), 0.0019065 secs] [Times: user=0.01 sys=0.00, real=0.00 secs] 
2020-10-29T14:48:12.055+0000: [GC (Allocation Failure) 2020-10-29T14:48:12.055+0000: [ParNew: 16388K->4K(18432K), 0.0019605 secs] 286098K->269714K(412608K), 0.0020148 secs] [Times: user=0.00 sys=0.00, real=0.00 secs] 
2020-10-29T14:48:12.078+0000: [GC (Allocation Failure) 2020-10-29T14:48:12.078+0000: [ParNew: 16388K->4K(18432K), 0.0030804 secs] 286098K->269714K(412608K), 0.0031419 secs] [Times: user=0.00 sys=0.00, real=0.00 secs] 
2020-10-29T14:48:12.100+0000: [GC (Allocation Failure) 2020-10-29T14:48:12.100+0000: [ParNew: 16388K->4K(18432K), 0.0019437 secs] 286098K->269714K(412608K), 0.0019953 secs] [Times: user=0.00 sys=0.00, real=0.00 secs] 
2020-10-29T14:48:12.116+0000: [GC (Allocation Failure) 2020-10-29T14:48:12.116+0000: [ParNew: 16388K->4K(18432K), 0.0019673 secs] 286098K->269714K(412608K), 0.0020155 secs] [Times: user=0.00 sys=0.00, real=0.00 secs] 
2020-10-29T14:48:12.136+0000: [GC (Allocation Failure) 2020-10-29T14:48:12.136+0000: [ParNew: 16388K->4K(18432K), 0.0018755 secs] 286098K->269714K(412608K), 0.0019232 secs] [Times: user=0.01 sys=0.00, real=0.00 secs] 
2020-10-29T14:48:12.153+0000: [GC (Allocation Failure) 2020-10-29T14:48:12.153+0000: [ParNew: 16388K->4K(18432K), 0.0019379 secs] 286098K->269714K(412608K), 0.0019853 secs] [Times: user=0.01 sys=0.00, real=0.00 secs] 
2020-10-29T14:48:12.172+0000: [GC (Allocation Failure) 2020-10-29T14:48:12.172+0000: [ParNew: 16388K->4K(18432K), 0.0019490 secs] 286098K->269714K(412608K), 0.0020013 secs] [Times: user=0.01 sys=0.00, real=0.00 secs] 
2020-10-29T14:48:12.192+0000: [GC (Allocation Failure) 2020-10-29T14:48:12.192+0000: [ParNew: 16388K->4K(18432K), 0.0019633 secs] 286098K->269714K(412608K), 0.0020137 secs] [Times: user=0.00 sys=0.00, real=0.00 secs] 
2020-10-29T14:48:12.211+0000: [GC (Allocation Failure) 2020-10-29T14:48:12.211+0000: [ParNew: 16388K->4K(18432K), 0.0019797 secs] 286098K->269714K(412608K), 0.0020246 secs] [Times: user=0.00 sys=0.00, real=0.01 secs] 
2020-10-29T14:48:12.228+0000: [GC (Allocation Failure) 2020-10-29T14:48:12.228+0000: [ParNew: 16388K->4K(18432K), 0.0019332 secs] 286098K->269714K(412608K), 0.0019818 secs] [Times: user=0.00 sys=0.00, real=0.00 secs] 
2020-10-29T14:48:12.248+0000: [GC (Allocation Failure) 2020-10-29T14:48:12.248+0000: [ParNew: 16388K->4K(18432K), 0.0020191 secs] 286098K->269714K(412608K), 0.0020694 secs] [Times: user=0.00 sys=0.01, real=0.00 secs] 
2020-10-29T14:48:12.266+0000: [GC (Allocation Failure) 2020-10-29T14:48:12.266+0000: [ParNew: 16388K->4K(18432K), 0.0019609 secs] 286098K->269714K(412608K), 0.0020144 secs] [Times: user=0.00 sys=0.00, real=0.00 secs] 
2020-10-29T14:48:12.282+0000: [GC (Allocation Failure) 2020-10-29T14:48:12.282+0000: [ParNew: 16388K->4K(18432K), 0.0019322 secs] 286098K->269714K(412608K), 0.0019812 secs] [Times: user=0.00 sys=0.00, real=0.01 secs] 
2020-10-29T14:48:12.298+0000: [GC (Allocation Failure) 2020-10-29T14:48:12.298+0000: [ParNew: 16388K->4K(18432K), 0.0019005 secs] 286098K->269714K(412608K), 0.0019470 secs] [Times: user=0.00 sys=0.00, real=0.00 secs] 
2020-10-29T14:48:12.315+0000: [GC (Allocation Failure) 2020-10-29T14:48:12.315+0000: [ParNew: 16388K->4K(18432K), 0.0018764 secs] 286098K->269714K(412608K), 0.0019216 secs] [Times: user=0.00 sys=0.00, real=0.00 secs] 
2020-10-29T14:48:12.332+0000: [GC (Allocation Failure) 2020-10-29T14:48:12.332+0000: [ParNew: 16388K->4K(18432K), 0.0018309 secs] 286098K->269714K(412608K), 0.0018779 secs] [Times: user=0.00 sys=0.00, real=0.00 secs] 
2020-10-29T14:48:12.348+0000: [GC (Allocation Failure) 2020-10-29T14:48:12.348+0000: [ParNew: 16388K->4K(18432K), 0.0018984 secs] 286098K->269714K(412608K), 0.0019488 secs] [Times: user=0.00 sys=0.00, real=0.00 secs] 
2020-10-29T14:48:12.365+0000: [GC (Allocation Failure) 2020-10-29T14:48:12.365+0000: [ParNew: 16388K->4K(18432K), 0.0018577 secs] 286098K->269714K(412608K), 0.0019032 secs] [Times: user=0.00 sys=0.00, real=0.00 secs] 
2020-10-29T14:48:12.381+0000: [GC (Allocation Failure) 2020-10-29T14:48:12.381+0000: [ParNew: 16388K->4K(18432K), 0.0019214 secs] 286098K->269714K(412608K), 0.0019741 secs] [Times: user=0.01 sys=0.00, real=0.00 secs] 
2020-10-29T14:48:12.400+0000: [GC (Allocation Failure) 2020-10-29T14:48:12.400+0000: [ParNew: 16388K->4K(18432K), 0.0019900 secs] 286098K->269714K(412608K), 0.0020380 secs] [Times: user=0.00 sys=0.00, real=0.00 secs] 
2020-10-29T14:48:12.417+0000: [GC (Allocation Failure) 2020-10-29T14:48:12.417+0000: [ParNew: 16388K->4K(18432K), 0.0019205 secs] 286098K->269714K(412608K), 0.0019695 secs] [Times: user=0.00 sys=0.00, real=0.00 secs] 
2020-10-29T14:48:12.436+0000: [GC (Allocation Failure) 2020-10-29T14:48:12.437+0000: [ParNew: 16388K->4K(18432K), 0.0019960 secs] 286098K->269714K(412608K), 0.0020489 secs] [Times: user=0.01 sys=0.00, real=0.00 secs] 
2020-10-29T14:48:12.456+0000: [GC (Allocation Failure) 2020-10-29T14:48:12.457+0000: [ParNew: 16388K->4K(18432K), 0.0031413 secs] 286098K->269714K(412608K), 0.0031915 secs] [Times: user=0.00 sys=0.00, real=0.00 secs] 
2020-10-29T14:48:12.474+0000: [GC (Allocation Failure) 2020-10-29T14:48:12.474+0000: [ParNew: 16388K->4K(18432K), 0.0019535 secs] 286098K->269714K(412608K), 0.0020070 secs] [Times: user=0.00 sys=0.00, real=0.00 secs] 
2020-10-29T14:48:12.496+0000: [GC (Allocation Failure) 2020-10-29T14:48:12.496+0000: [ParNew: 16388K->4K(18432K), 0.0019824 secs] 286098K->269714K(412608K), 0.0020381 secs] [Times: user=0.01 sys=0.00, real=0.00 secs] 
2020-10-29T14:48:12.516+0000: [GC (Allocation Failure) 2020-10-29T14:48:12.517+0000: [ParNew: 16388K->4K(18432K), 0.0019851 secs] 286098K->269714K(412608K), 0.0020399 secs] [Times: user=0.00 sys=0.00, real=0.00 secs] 
2020-10-29T14:48:12.536+0000: [GC (Allocation Failure) 2020-10-29T14:48:12.537+0000: [ParNew: 16388K->4K(18432K), 0.0019955 secs] 286098K->269714K(412608K), 0.0020507 secs] [Times: user=0.00 sys=0.00, real=0.00 secs] 
2020-10-29T14:48:12.553+0000: [GC (Allocation Failure) 2020-10-29T14:48:12.553+0000: [ParNew: 16388K->2K(18432K), 0.0032683 secs] 286098K->269712K(412608K), 0.0033321 secs] [Times: user=0.00 sys=0.00, real=0.00 secs] 
2020-10-29T14:48:12.571+0000: [GC (Allocation Failure) 2020-10-29T14:48:12.571+0000: [ParNew: 16386K->4K(18432K), 0.0019419 secs] 286096K->269714K(412608K), 0.0019903 secs] [Times: user=0.00 sys=0.00, real=0.01 secs] 
2020-10-29T14:48:12.588+0000: [GC (Allocation Failure) 2020-10-29T14:48:12.589+0000: [ParNew: 16388K->4K(18432K), 0.0019322 secs] 286098K->269714K(412608K), 0.0019845 secs] [Times: user=0.00 sys=0.00, real=0.00 secs] 
2020-10-29T14:48:12.605+0000: [GC (Allocation Failure) 2020-10-29T14:48:12.605+0000: [ParNew: 16388K->4K(18432K), 0.0020121 secs] 286098K->269714K(412608K), 0.0020664 secs] [Times: user=0.00 sys=0.00, real=0.00 secs] 
2020-10-29T14:48:12.621+0000: [GC (Allocation Failure) 2020-10-29T14:48:12.621+0000: [ParNew: 16388K->4K(18432K), 0.0019741 secs] 286098K->269714K(412608K), 0.0020274 secs] [Times: user=0.01 sys=0.00, real=0.00 secs] 
2020-10-29T14:48:12.640+0000: [GC (Allocation Failure) 2020-10-29T14:48:12.641+0000: [ParNew: 16388K->4K(18432K), 0.0019653 secs] 286098K->269714K(412608K), 0.0020197 secs] [Times: user=0.01 sys=0.00, real=0.00 secs] 
2020-10-29T14:48:12.660+0000: [GC (Allocation Failure) 2020-10-29T14:48:12.661+0000: [ParNew: 16388K->4K(18432K), 0.0019862 secs] 286098K->269714K(412608K), 0.0020404 secs] [Times: user=0.01 sys=0.00, real=0.00 secs] 
2020-10-29T14:48:12.677+0000: [GC (Allocation Failure) 2020-10-29T14:48:12.677+0000: [ParNew: 16388K->4K(18432K), 0.0019521 secs] 286098K->269714K(412608K), 0.0020067 secs] [Times: user=0.00 sys=0.00, real=0.00 secs] 
2020-10-29T14:48:12.693+0000: [GC (Allocation Failure) 2020-10-29T14:48:12.693+0000: [ParNew: 16388K->4K(18432K), 0.0019262 secs] 286098K->269714K(412608K), 0.0019940 secs] [Times: user=0.00 sys=0.00, real=0.00 secs] 
2020-10-29T14:48:12.712+0000: [GC (Allocation Failure) 2020-10-29T14:48:12.712+0000: [ParNew: 16388K->4K(18432K), 0.0018588 secs] 286098K->269714K(412608K), 0.0019065 secs] [Times: user=0.01 sys=0.00, real=0.00 secs] 
2020-10-29T14:48:12.733+0000: [GC (Allocation Failure) 2020-10-29T14:48:12.733+0000: [ParNew: 16388K->4K(18432K), 0.0020007 secs] 286098K->269714K(412608K), 0.0020558 secs] [Times: user=0.00 sys=0.00, real=0.00 secs] 
2020-10-29T14:48:12.752+0000: [GC (Allocation Failure) 2020-10-29T14:48:12.752+0000: [ParNew: 16388K->4K(18432K), 0.0020539 secs] 286098K->269714K(412608K), 0.0021089 secs] [Times: user=0.01 sys=0.00, real=0.00 secs] 
2020-10-29T14:48:12.772+0000: [GC (Allocation Failure) 2020-10-29T14:48:12.773+0000: [ParNew: 16388K->4K(18432K), 0.0019473 secs] 286098K->269714K(412608K), 0.0020009 secs] [Times: user=0.00 sys=0.00, real=0.00 secs] 
2020-10-29T14:48:12.792+0000: [GC (Allocation Failure) 2020-10-29T14:48:12.793+0000: [ParNew: 16388K->4K(18432K), 0.0018974 secs] 286098K->269714K(412608K), 0.0019488 secs] [Times: user=0.00 sys=0.00, real=0.00 secs] 
2020-10-29T14:48:12.809+0000: [GC (Allocation Failure) 2020-10-29T14:48:12.809+0000: [ParNew: 16388K->4K(18432K), 0.0018935 secs] 286098K->269714K(412608K), 0.0019422 secs] [Times: user=0.00 sys=0.00, real=0.00 secs] 
2020-10-29T14:48:12.825+0000: [GC (Allocation Failure) 2020-10-29T14:48:12.825+0000: [ParNew: 16388K->4K(18432K), 0.0020189 secs] 286098K->269714K(412608K), 0.0020729 secs] [Times: user=0.00 sys=0.00, real=0.00 secs] 
2020-10-29T14:48:12.844+0000: [GC (Allocation Failure) 2020-10-29T14:48:12.845+0000: [ParNew: 16388K->4K(18432K), 0.0019567 secs] 286098K->269714K(412608K), 0.0020102 secs] [Times: user=0.00 sys=0.00, real=0.00 secs] 
2020-10-29T14:48:12.861+0000: [GC (Allocation Failure) 2020-10-29T14:48:12.861+0000: [ParNew: 16388K->4K(18432K), 0.0018408 secs] 286098K->269715K(412608K), 0.0018903 secs] [Times: user=0.00 sys=0.00, real=0.00 secs] 
2020-10-29T14:48:12.877+0000: [GC (Allocation Failure) 2020-10-29T14:48:12.877+0000: [ParNew: 16388K->4K(18432K), 0.0018811 secs] 286099K->269715K(412608K), 0.0019304 secs] [Times: user=0.01 sys=0.00, real=0.00 secs] 
2020-10-29T14:48:12.893+0000: [GC (Allocation Failure) 2020-10-29T14:48:12.893+0000: [ParNew: 16388K->4K(18432K), 0.0018866 secs] 286099K->269715K(412608K), 0.0019364 secs] [Times: user=0.01 sys=0.00, real=0.00 secs] 
2020-10-29T14:48:12.909+0000: [GC (Allocation Failure) 2020-10-29T14:48:12.909+0000: [ParNew: 16388K->4K(18432K), 0.0019094 secs] 286099K->269715K(412608K), 0.0019582 secs] [Times: user=0.00 sys=0.00, real=0.00 secs] 
2020-10-29T14:48:12.928+0000: [GC (Allocation Failure) 2020-10-29T14:48:12.928+0000: [ParNew: 16388K->4K(18432K), 0.0017659 secs] 286099K->269715K(412608K), 0.0018133 secs] [Times: user=0.00 sys=0.00, real=0.00 secs] 
2020-10-29T14:48:12.945+0000: [GC (Allocation Failure) 2020-10-29T14:48:12.945+0000: [ParNew: 16388K->4K(18432K), 0.0018314 secs] 286099K->269715K(412608K), 0.0018791 secs] [Times: user=0.00 sys=0.00, real=0.00 secs] 
2020-10-29T14:48:12.964+0000: [GC (Allocation Failure) 2020-10-29T14:48:12.964+0000: [ParNew: 16388K->4K(18432K), 0.0018259 secs] 286099K->269715K(412608K), 0.0018722 secs] [Times: user=0.00 sys=0.00, real=0.00 secs] 
2020-10-29T14:48:12.981+0000: [GC (Allocation Failure) 2020-10-29T14:48:12.981+0000: [ParNew: 16388K->4K(18432K), 0.0018430 secs] 286099K->269715K(412608K), 0.0018888 secs] [Times: user=0.00 sys=0.00, real=0.00 secs] 
2020-10-29T14:48:13.000+0000: [GC (Allocation Failure) 2020-10-29T14:48:13.000+0000: [ParNew: 16388K->4K(18432K), 0.0018288 secs] 286099K->269715K(412608K), 0.0018760 secs] [Times: user=0.00 sys=0.00, real=0.00 secs] 
2020-10-29T14:48:13.017+0000: [GC (Allocation Failure) 2020-10-29T14:48:13.017+0000: [ParNew: 16388K->4K(18432K), 0.0018930 secs] 286099K->269715K(412608K), 0.0019440 secs] [Times: user=0.00 sys=0.00, real=0.00 secs] 
2020-10-29T14:48:13.033+0000: [GC (Allocation Failure) 2020-10-29T14:48:13.033+0000: [ParNew: 16388K->4K(18432K), 0.0019249 secs] 286099K->269715K(412608K), 0.0019772 secs] [Times: user=0.00 sys=0.00, real=0.00 secs] 
2020-10-29T14:48:13.053+0000: [GC (Allocation Failure) 2020-10-29T14:48:13.053+0000: [ParNew: 16388K->4K(18432K), 0.0019406 secs] 286099K->269715K(412608K), 0.0019927 secs] [Times: user=0.00 sys=0.00, real=0.00 secs] 
2020-10-29T14:48:13.072+0000: [GC (Allocation Failure) 2020-10-29T14:48:13.073+0000: [ParNew: 16388K->4K(18432K), 0.0019658 secs] 286099K->269715K(412608K), 0.0020199 secs] [Times: user=0.00 sys=0.00, real=0.00 secs] 
2020-10-29T14:48:13.089+0000: [GC (Allocation Failure) 2020-10-29T14:48:13.089+0000: [ParNew: 16388K->4K(18432K), 0.0019353 secs] 286099K->269715K(412608K), 0.0019866 secs] [Times: user=0.01 sys=0.00, real=0.00 secs] 
2020-10-29T14:48:13.105+0000: [GC (Allocation Failure) 2020-10-29T14:48:13.105+0000: [ParNew: 16388K->4K(18432K), 0.0019487 secs] 286099K->269715K(412608K), 0.0019954 secs] [Times: user=0.01 sys=0.00, real=0.00 secs] 
2020-10-29T14:48:13.124+0000: [GC (Allocation Failure) 2020-10-29T14:48:13.125+0000: [ParNew: 16388K->4K(18432K), 0.0019562 secs] 286099K->269715K(412608K), 0.0020097 secs] [Times: user=0.01 sys=0.00, real=0.00 secs] 
2020-10-29T14:48:13.144+0000: [GC (Allocation Failure) 2020-10-29T14:48:13.145+0000: [ParNew: 16388K->4K(18432K), 0.0019896 secs] 286099K->269715K(412608K), 0.0020452 secs] [Times: user=0.00 sys=0.01, real=0.00 secs] 
2020-10-29T14:48:13.161+0000: [GC (Allocation Failure) 2020-10-29T14:48:13.161+0000: [ParNew: 16388K->4K(18432K), 0.0019690 secs] 286099K->269715K(412608K), 0.0020260 secs] [Times: user=0.00 sys=0.00, real=0.00 secs] 
2020-10-29T14:48:13.177+0000: [GC (Allocation Failure) 2020-10-29T14:48:13.177+0000: [ParNew: 16388K->4K(18432K), 0.0019619 secs] 286099K->269715K(412608K), 0.0020147 secs] [Times: user=0.00 sys=0.00, real=0.00 secs] 
2020-10-29T14:48:13.196+0000: [GC (Allocation Failure) 2020-10-29T14:48:13.197+0000: [ParNew: 16388K->4K(18432K), 0.0019546 secs] 286099K->269715K(412608K), 0.0020083 secs] [Times: user=0.00 sys=0.00, real=0.00 secs] 
2020-10-29T14:48:13.213+0000: [GC (Allocation Failure) 2020-10-29T14:48:13.213+0000: [ParNew: 16388K->4K(18432K), 0.0019972 secs] 286099K->269715K(412608K), 0.0020530 secs] [Times: user=0.00 sys=0.00, real=0.00 secs] 
2020-10-29T14:48:13.232+0000: [GC (Allocation Failure) 2020-10-29T14:48:13.233+0000: [ParNew: 16388K->4K(18432K), 0.0020127 secs] 286099K->269715K(412608K), 0.0020753 secs] [Times: user=0.00 sys=0.00, real=0.00 secs] 
2020-10-29T14:48:13.252+0000: [GC (Allocation Failure) 2020-10-29T14:48:13.252+0000: [ParNew: 16388K->4K(18432K), 0.0019715 secs] 286099K->269715K(412608K), 0.0020234 secs] [Times: user=0.00 sys=0.00, real=0.00 secs] 
2020-10-29T14:48:13.269+0000: [GC (Allocation Failure) 2020-10-29T14:48:13.269+0000: [ParNew: 16388K->4K(18432K), 0.0020221 secs] 286099K->269715K(412608K), 0.0020763 secs] [Times: user=0.00 sys=0.00, real=0.00 secs] 
2020-10-29T14:48:13.286+0000: [GC (Allocation Failure) 2020-10-29T14:48:13.286+0000: [ParNew: 16388K->4K(18432K), 0.0019840 secs] 286099K->269715K(412608K), 0.0020384 secs] [Times: user=0.01 sys=0.00, real=0.00 secs] 
2020-10-29T14:48:13.304+0000: [GC (Allocation Failure) 2020-10-29T14:48:13.304+0000: [ParNew: 16388K->4K(18432K), 0.0019842 secs] 286099K->269715K(412608K), 0.0020387 secs] [Times: user=0.00 sys=0.00, real=0.00 secs] 
2020-10-29T14:48:13.324+0000: [GC (Allocation Failure) 2020-10-29T14:48:13.325+0000: [ParNew: 16388K->4K(18432K), 0.0019299 secs] 286099K->269715K(412608K), 0.0019823 secs] [Times: user=0.00 sys=0.00, real=0.00 secs] 
2020-10-29T14:48:13.344+0000: [GC (Allocation Failure) 2020-10-29T14:48:13.344+0000: [ParNew: 16388K->4K(18432K), 0.0018831 secs] 286099K->269715K(412608K), 0.0019325 secs] [Times: user=0.00 sys=0.00, real=0.00 secs] 
2020-10-29T14:48:13.361+0000: [GC (Allocation Failure) 2020-10-29T14:48:13.361+0000: [ParNew: 16388K->4K(18432K), 0.0018852 secs] 286099K->269715K(412608K), 0.0019331 secs] [Times: user=0.01 sys=0.00, real=0.00 secs] 
2020-10-29T14:48:13.377+0000: [GC (Allocation Failure) 2020-10-29T14:48:13.377+0000: [ParNew: 16388K->4K(18432K), 0.0019487 secs] 286099K->269715K(412608K), 0.0020001 secs] [Times: user=0.01 sys=0.00, real=0.00 secs] 
2020-10-29T14:48:13.393+0000: [GC (Allocation Failure) 2020-10-29T14:48:13.393+0000: [ParNew: 16388K->4K(18432K), 0.0018631 secs] 286099K->269715K(412608K), 0.0019087 secs] [Times: user=0.00 sys=0.00, real=0.00 secs] 
2020-10-29T14:48:13.412+0000: [GC (Allocation Failure) 2020-10-29T14:48:13.413+0000: [ParNew: 16388K->4K(18432K), 0.0019389 secs] 286099K->269715K(412608K), 0.0019912 secs] [Times: user=0.01 sys=0.00, real=0.00 secs] 
2020-10-29T14:48:13.432+0000: [GC (Allocation Failure) 2020-10-29T14:48:13.433+0000: [ParNew: 16388K->4K(18432K), 0.0019162 secs] 286099K->269715K(412608K), 0.0019666 secs] [Times: user=0.01 sys=0.00, real=0.00 secs] 
2020-10-29T14:48:13.449+0000: [GC (Allocation Failure) 2020-10-29T14:48:13.449+0000: [ParNew: 16388K->4K(18432K), 0.0019233 secs] 286099K->269715K(412608K), 0.0019736 secs] [Times: user=0.01 sys=0.00, real=0.00 secs] 
2020-10-29T14:48:13.468+0000: [GC (Allocation Failure) 2020-10-29T14:48:13.468+0000: [ParNew: 16388K->4K(18432K), 0.0019569 secs] 286099K->269715K(412608K), 0.0020074 secs] [Times: user=0.00 sys=0.00, real=0.00 secs] 
2020-10-29T14:48:13.484+0000: [GC (Allocation Failure) 2020-10-29T14:48:13.484+0000: [ParNew: 16388K->4K(18432K), 0.0019807 secs] 286099K->269715K(412608K), 0.0020353 secs] [Times: user=0.00 sys=0.00, real=0.01 secs] 
2020-10-29T14:48:13.500+0000: [GC (Allocation Failure) 2020-10-29T14:48:13.500+0000: [ParNew: 16388K->4K(18432K), 0.0020220 secs] 286099K->269715K(412608K), 0.0020752 secs] [Times: user=0.01 sys=0.00, real=0.00 secs] 
2020-10-29T14:48:13.517+0000: [GC (Allocation Failure) 2020-10-29T14:48:13.517+0000: [ParNew: 16388K->4K(18432K), 0.0019671 secs] 286099K->269715K(412608K), 0.0020155 secs] [Times: user=0.00 sys=0.00, real=0.00 secs] 
2020-10-29T14:48:13.533+0000: [GC (Allocation Failure) 2020-10-29T14:48:13.533+0000: [ParNew: 16388K->4K(18432K), 0.0018896 secs] 286099K->269715K(412608K), 0.0019358 secs] [Times: user=0.00 sys=0.00, real=0.00 secs] 
2020-10-29T14:48:13.549+0000: [GC (Allocation Failure) 2020-10-29T14:48:13.549+0000: [ParNew: 16388K->4K(18432K), 0.0019762 secs] 286099K->269715K(412608K), 0.0020300 secs] [Times: user=0.00 sys=0.00, real=0.00 secs] 
2020-10-29T14:48:13.568+0000: [GC (Allocation Failure) 2020-10-29T14:48:13.568+0000: [ParNew: 16388K->2K(18432K), 0.0032579 secs] 286099K->269713K(412608K), 0.0033124 secs] [Times: user=0.00 sys=0.00, real=0.00 secs] 
2020-10-29T14:48:13.586+0000: [GC (Allocation Failure) 2020-10-29T14:48:13.586+0000: [ParNew: 16386K->4K(18432K), 0.0019635 secs] 286097K->269715K(412608K), 0.0020145 secs] [Times: user=0.00 sys=0.00, real=0.00 secs] 
2020-10-29T14:48:13.602+0000: [GC (Allocation Failure) 2020-10-29T14:48:13.602+0000: [ParNew: 16388K->4K(18432K), 0.0019849 secs] 286099K->269715K(412608K), 0.0020400 secs] [Times: user=0.00 sys=0.00, real=0.00 secs] 
2020-10-29T14:48:13.618+0000: [GC (Allocation Failure) 2020-10-29T14:48:13.619+0000: [ParNew: 16388K->4K(18432K), 0.0020063 secs] 286099K->269715K(412608K), 0.0020602 secs] [Times: user=0.01 sys=0.00, real=0.00 secs] 
2020-10-29T14:48:13.636+0000: [GC (Allocation Failure) 2020-10-29T14:48:13.636+0000: [ParNew: 16388K->4K(18432K), 0.0017918 secs] 286099K->269715K(412608K), 0.0018382 secs] [Times: user=0.00 sys=0.00, real=0.00 secs] 
2020-10-29T14:48:13.653+0000: [GC (Allocation Failure) 2020-10-29T14:48:13.653+0000: [ParNew: 16388K->4K(18432K), 0.0018025 secs] 286099K->269715K(412608K), 0.0018495 secs] [Times: user=0.00 sys=0.00, real=0.00 secs] 
2020-10-29T14:48:13.672+0000: [GC (Allocation Failure) 2020-10-29T14:48:13.672+0000: [ParNew: 16388K->4K(18432K), 0.0018891 secs] 286099K->269715K(412608K), 0.0019397 secs] [Times: user=0.01 sys=0.00, real=0.00 secs] 
2020-10-29T14:48:13.689+0000: [GC (Allocation Failure) 2020-10-29T14:48:13.689+0000: [ParNew: 16388K->4K(18432K), 0.0019105 secs] 286099K->269715K(412608K), 0.0019594 secs] [Times: user=0.01 sys=0.00, real=0.00 secs] 
2020-10-29T14:48:13.705+0000: [GC (Allocation Failure) 2020-10-29T14:48:13.705+0000: [ParNew: 16388K->4K(18432K), 0.0019054 secs] 286099K->269715K(412608K), 0.0019584 secs] [Times: user=0.00 sys=0.00, real=0.00 secs] 
2020-10-29T14:48:13.721+0000: [GC (Allocation Failure) 2020-10-29T14:48:13.721+0000: [ParNew: 16388K->4K(18432K), 0.0019399 secs] 286099K->269715K(412608K), 0.0019911 secs] [Times: user=0.01 sys=0.00, real=0.00 secs] 
2020-10-29T14:48:13.737+0000: [GC (Allocation Failure) 2020-10-29T14:48:13.737+0000: [ParNew: 16388K->4K(18432K), 0.0016751 secs] 286099K->269715K(412608K), 0.0017183 secs] [Times: user=0.01 sys=0.00, real=0.00 secs] 
2020-10-29T14:48:13.753+0000: [GC (Allocation Failure) 2020-10-29T14:48:13.753+0000: [ParNew: 16388K->4K(18432K), 0.0017245 secs] 286099K->269715K(412608K), 0.0017693 secs] [Times: user=0.01 sys=0.00, real=0.00 secs] 
2020-10-29T14:48:13.769+0000: [GC (Allocation Failure) 2020-10-29T14:48:13.769+0000: [ParNew: 16388K->4K(18432K), 0.0017308 secs] 286099K->269715K(412608K), 0.0017750 secs] [Times: user=0.01 sys=0.00, real=0.00 secs] 
2020-10-29T14:48:13.785+0000: [GC (Allocation Failure) 2020-10-29T14:48:13.785+0000: [ParNew: 16388K->4K(18432K), 0.0019369 secs] 286099K->269715K(412608K), 0.0019896 secs] [Times: user=0.01 sys=0.00, real=0.00 secs] 
2020-10-29T14:48:13.801+0000: [GC (Allocation Failure) 2020-10-29T14:48:13.801+0000: [ParNew: 16388K->4K(18432K), 0.0019272 secs] 286099K->269715K(412608K), 0.0019788 secs] [Times: user=0.00 sys=0.00, real=0.00 secs] 
2020-10-29T14:48:13.817+0000: [GC (Allocation Failure) 2020-10-29T14:48:13.817+0000: [ParNew: 16388K->4K(18432K), 0.0019415 secs] 286099K->269715K(412608K), 0.0019943 secs] [Times: user=0.00 sys=0.00, real=0.00 secs] 
2020-10-29T14:48:13.834+0000: [GC (Allocation Failure) 2020-10-29T14:48:13.834+0000: [ParNew: 16388K->4K(18432K), 0.0019906 secs] 286099K->269715K(412608K), 0.0020456 secs] [Times: user=0.00 sys=0.00, real=0.00 secs] 
2020-10-29T14:48:13.850+0000: [GC (Allocation Failure) 2020-10-29T14:48:13.850+0000: [ParNew: 16388K->4K(18432K), 0.0020047 secs] 286099K->269715K(412608K), 0.0020599 secs] [Times: user=0.01 sys=0.00, real=0.00 secs] 
2020-10-29T14:48:13.868+0000: [GC (Allocation Failure) 2020-10-29T14:48:13.869+0000: [ParNew: 16388K->4K(18432K), 0.0020012 secs] 286099K->269715K(412608K), 0.0020653 secs] [Times: user=0.00 sys=0.00, real=0.00 secs] 
2020-10-29T14:48:13.888+0000: [GC (Allocation Failure) 2020-10-29T14:48:13.889+0000: [ParNew: 16388K->4K(18432K), 0.0019778 secs] 286099K->269715K(412608K), 0.0020387 secs] [Times: user=0.01 sys=0.00, real=0.00 secs] 
2020-10-29T14:48:13.909+0000: [GC (Allocation Failure) 2020-10-29T14:48:13.909+0000: [ParNew: 16388K->4K(18432K), 0.0020292 secs] 286099K->269715K(412608K), 0.0020837 secs] [Times: user=0.01 sys=0.00, real=0.00 secs] 
2020-10-29T14:48:13.925+0000: [GC (Allocation Failure) 2020-10-29T14:48:13.925+0000: [ParNew: 16388K->4K(18432K), 0.0019714 secs] 286099K->269715K(412608K), 0.0020291 secs] [Times: user=0.00 sys=0.00, real=0.00 secs] 
2020-10-29T14:48:13.941+0000: [GC (Allocation Failure) 2020-10-29T14:48:13.941+0000: [ParNew: 16377K->4K(18432K), 0.0019662 secs] 286088K->269715K(412608K), 0.0020164 secs] [Times: user=0.00 sys=0.00, real=0.00 secs] 
2020-10-29T14:48:13.960+0000: [GC (Allocation Failure) 2020-10-29T14:48:13.961+0000: [ParNew: 16388K->4K(18432K), 0.0020246 secs] 286099K->269715K(412608K), 0.0020778 secs] [Times: user=0.00 sys=0.00, real=0.00 secs] 
2020-10-29T14:48:13.977+0000: [GC (Allocation Failure) 2020-10-29T14:48:13.977+0000: [ParNew: 16388K->4K(18432K), 0.0018887 secs] 286099K->269715K(412608K), 0.0019369 secs] [Times: user=0.00 sys=0.00, real=0.00 secs] 
2020-10-29T14:48:13.996+0000: [GC (Allocation Failure) 2020-10-29T14:48:13.997+0000: [ParNew: 16388K->4K(18432K), 0.0019663 secs] 286099K->269715K(412608K), 0.0020201 secs] [Times: user=0.01 sys=0.00, real=0.00 secs] 
2020-10-29T14:48:14.013+0000: [GC (Allocation Failure) 2020-10-29T14:48:14.013+0000: [ParNew: 16388K->4K(18432K), 0.0019735 secs] 286099K->269715K(412608K), 0.0020278 secs] [Times: user=0.01 sys=0.00, real=0.00 secs] 
2020-10-29T14:48:14.030+0000: [GC (Allocation Failure) 2020-10-29T14:48:14.030+0000: [ParNew: 16388K->4K(18432K), 0.0020077 secs] 286099K->269715K(412608K), 0.0020601 secs] [Times: user=0.01 sys=0.00, real=0.00 secs] 
2020-10-29T14:48:14.048+0000: [GC (Allocation Failure) 2020-10-29T14:48:14.048+0000: [ParNew: 16388K->4K(18432K), 0.0019313 secs] 286099K->269715K(412608K), 0.0019834 secs] [Times: user=0.00 sys=0.00, real=0.00 secs] 
2020-10-29T14:48:14.065+0000: [GC (Allocation Failure) 2020-10-29T14:48:14.065+0000: [ParNew: 16388K->4K(18432K), 0.0020022 secs] 286099K->269715K(412608K), 0.0020581 secs] [Times: user=0.00 sys=0.00, real=0.00 secs] 
2020-10-29T14:48:14.084+0000: [GC (Allocation Failure) 2020-10-29T14:48:14.085+0000: [ParNew: 16388K->4K(18432K), 0.0019708 secs] 286099K->269715K(412608K), 0.0020253 secs] [Times: user=0.00 sys=0.00, real=0.00 secs] 
2020-10-29T14:48:14.101+0000: [GC (Allocation Failure) 2020-10-29T14:48:14.101+0000: [ParNew: 16388K->4K(18432K), 0.0019894 secs] 286099K->269715K(412608K), 0.0020391 secs] [Times: user=0.00 sys=0.00, real=0.00 secs] 
2020-10-29T14:48:14.117+0000: [GC (Allocation Failure) 2020-10-29T14:48:14.117+0000: [ParNew: 16388K->4K(18432K), 0.0019667 secs] 286099K->269715K(412608K), 0.0020207 secs] [Times: user=0.00 sys=0.00, real=0.00 secs] 
2020-10-29T14:48:14.136+0000: [GC (Allocation Failure) 2020-10-29T14:48:14.137+0000: [ParNew: 16388K->4K(18432K), 0.0019782 secs] 286099K->269715K(412608K), 0.0020327 secs] [Times: user=0.01 sys=0.00, real=0.00 secs] 
2020-10-29T14:48:14.156+0000: [GC (Allocation Failure) 2020-10-29T14:48:14.157+0000: [ParNew: 16388K->4K(18432K), 0.0019775 secs] 286099K->269715K(412608K), 0.0020316 secs] [Times: user=0.00 sys=0.00, real=0.00 secs] 
2020-10-29T14:48:14.176+0000: [GC (Allocation Failure) 2020-10-29T14:48:14.177+0000: [ParNew: 16388K->4K(18432K), 0.0020006 secs] 286099K->269715K(412608K), 0.0020559 secs] [Times: user=0.00 sys=0.00, real=0.00 secs] 
2020-10-29T14:48:14.193+0000: [GC (Allocation Failure) 2020-10-29T14:48:14.193+0000: [ParNew: 16388K->4K(18432K), 0.0020185 secs] 286099K->269715K(412608K), 0.0020723 secs] [Times: user=0.00 sys=0.00, real=0.00 secs] 
2020-10-29T14:48:14.212+0000: [GC (Allocation Failure) 2020-10-29T14:48:14.213+0000: [ParNew: 16388K->4K(18432K), 0.0020309 secs] 286099K->269715K(412608K), 0.0020775 secs] [Times: user=0.01 sys=0.00, real=0.00 secs] 
2020-10-29T14:48:14.229+0000: [GC (Allocation Failure) 2020-10-29T14:48:14.229+0000: [ParNew: 16388K->4K(18432K), 0.0019975 secs] 286099K->269715K(412608K), 0.0020602 secs] [Times: user=0.00 sys=0.00, real=0.00 secs] 
2020-10-29T14:48:14.245+0000: [GC (Allocation Failure) 2020-10-29T14:48:14.245+0000: [ParNew: 16388K->4K(18432K), 0.0020122 secs] 286099K->269715K(412608K), 0.0020673 secs] [Times: user=0.01 sys=0.00, real=0.00 secs] 
2020-10-29T14:48:14.261+0000: [GC (Allocation Failure) 2020-10-29T14:48:14.261+0000: [ParNew: 16388K->4K(18432K), 0.0019409 secs] 286099K->269715K(412608K), 0.0019928 secs] [Times: user=0.01 sys=0.00, real=0.00 secs] 
2020-10-29T14:48:14.280+0000: [GC (Allocation Failure) 2020-10-29T14:48:14.281+0000: [ParNew: 16388K->4K(18432K), 0.0019714 secs] 286099K->269715K(412608K), 0.0020263 secs] [Times: user=0.00 sys=0.00, real=0.00 secs] 
2020-10-29T14:48:14.297+0000: [GC (Allocation Failure) 2020-10-29T14:48:14.297+0000: [ParNew: 16388K->4K(18432K), 0.0019850 secs] 286099K->269715K(412608K), 0.0020407 secs] [Times: user=0.00 sys=0.00, real=0.00 secs] 
2020-10-29T14:48:14.313+0000: [GC (Allocation Failure) 2020-10-29T14:48:14.313+0000: [ParNew: 16388K->4K(18432K), 0.0020657 secs] 286099K->269715K(412608K), 0.0021203 secs] [Times: user=0.01 sys=0.00, real=0.00 secs] 
2020-10-29T14:48:14.332+0000: [GC (Allocation Failure) 2020-10-29T14:48:14.333+0000: [ParNew: 16388K->4K(18432K), 0.0019764 secs] 286099K->269715K(412608K), 0.0020323 secs] [Times: user=0.01 sys=0.00, real=0.00 secs] 
2020-10-29T14:48:14.352+0000: [GC (Allocation Failure) 2020-10-29T14:48:14.352+0000: [ParNew: 16388K->4K(18432K), 0.0018854 secs] 286099K->269715K(412608K), 0.0019352 secs] [Times: user=0.01 sys=0.00, real=0.00 secs] 
2020-10-29T14:48:14.369+0000: [GC (Allocation Failure) 2020-10-29T14:48:14.369+0000: [ParNew: 16388K->4K(18432K), 0.0019453 secs] 286099K->269715K(412608K), 0.0019988 secs] [Times: user=0.01 sys=0.00, real=0.00 secs] 
2020-10-29T14:48:14.388+0000: [GC (Allocation Failure) 2020-10-29T14:48:14.388+0000: [ParNew: 16388K->4K(18432K), 0.0019163 secs] 286099K->269715K(412608K), 0.0019668 secs] [Times: user=0.00 sys=0.00, real=0.00 secs] 
2020-10-29T14:48:14.408+0000: [GC (Allocation Failure) 2020-10-29T14:48:14.409+0000: [ParNew: 16388K->4K(18432K), 0.0020158 secs] 286099K->269715K(412608K), 0.0020695 secs] [Times: user=0.00 sys=0.00, real=0.00 secs] 
2020-10-29T14:48:14.425+0000: [GC (Allocation Failure) 2020-10-29T14:48:14.425+0000: [ParNew: 16388K->4K(18432K), 0.0019178 secs] 286099K->269715K(412608K), 0.0019687 secs] [Times: user=0.00 sys=0.00, real=0.00 secs] 
2020-10-29T14:48:14.444+0000: [GC (Allocation Failure) 2020-10-29T14:48:14.445+0000: [ParNew: 16388K->4K(18432K), 0.0019755 secs] 286099K->269715K(412608K), 0.0020294 secs] [Times: user=0.01 sys=0.00, real=0.00 secs] 
2020-10-29T14:48:14.461+0000: [GC (Allocation Failure) 2020-10-29T14:48:14.461+0000: [ParNew: 16388K->4K(18432K), 0.0019911 secs] 286099K->269715K(412608K), 0.0020480 secs] [Times: user=0.01 sys=0.00, real=0.00 secs] 
2020-10-29T14:48:14.477+0000: [GC (Allocation Failure) 2020-10-29T14:48:14.477+0000: [ParNew: 16388K->4K(18432K), 0.0019727 secs] 286099K->269715K(412608K), 0.0020275 secs] [Times: user=0.01 sys=0.00, real=0.00 secs] 
2020-10-29T14:48:14.496+0000: [GC (Allocation Failure) 2020-10-29T14:48:14.496+0000: [ParNew: 16388K->4K(18432K), 0.0019842 secs] 286099K->269715K(412608K), 0.0020359 secs] [Times: user=0.00 sys=0.00, real=0.00 secs] 
2020-10-29T14:48:14.513+0000: [GC (Allocation Failure) 2020-10-29T14:48:14.513+0000: [ParNew: 16388K->4K(18432K), 0.0019959 secs] 286099K->269715K(412608K), 0.0020511 secs] [Times: user=0.01 sys=0.00, real=0.00 secs] 
2020-10-29T14:48:14.532+0000: [GC (Allocation Failure) 2020-10-29T14:48:14.532+0000: [ParNew: 16388K->4K(18432K), 0.0020008 secs] 286099K->269715K(412608K), 0.0020554 secs] [Times: user=0.00 sys=0.00, real=0.01 secs] 
2020-10-29T14:48:14.548+0000: [GC (Allocation Failure) 2020-10-29T14:48:14.548+0000: [ParNew: 11117K->4K(18432K), 0.0019646 secs] 280828K->269715K(412608K), 0.0020176 secs] [Times: user=0.00 sys=0.00, real=0.00 secs] 
2020-10-29T14:48:14.560+0000: [GC (Allocation Failure) 2020-10-29T14:48:14.560+0000: [ParNew: 16388K->4K(18432K), 0.0075361 secs] 286099K->277907K(412608K), 0.0075861 secs] [Times: user=0.01 sys=0.01, real=0.01 secs] 
2020-10-29T14:48:14.568+0000: [GC (CMS Initial Mark) [1 CMS-initial-mark: 277903K(394176K)] 278068K(412608K), 0.0012612 secs] [Times: user=0.00 sys=0.00, real=0.00 secs] 
2020-10-29T14:48:14.570+0000: [CMS-concurrent-mark-start]
2020-10-29T14:48:14.595+0000: [GC (Allocation Failure) 2020-10-29T14:48:14.595+0000: [ParNew: 16388K->4K(18432K), 0.0019627 secs] 294291K->277907K(412608K), 0.0020185 secs] [Times: user=0.00 sys=0.00, real=0.00 secs] 
2020-10-29T14:48:14.618+0000: [CMS-concurrent-mark: 0.046/0.049 secs] [Times: user=0.09 sys=0.00, real=0.05 secs] 
2020-10-29T14:48:14.618+0000: [CMS-concurrent-preclean-start]
2020-10-29T14:48:14.620+0000: [CMS-concurrent-preclean: 0.002/0.002 secs] [Times: user=0.01 sys=0.00, real=0.00 secs] 
2020-10-29T14:48:14.620+0000: [CMS-concurrent-abortable-preclean-start]
2020-10-29T14:48:14.622+0000: [GC (Allocation Failure) 2020-10-29T14:48:14.622+0000: [ParNew: 16388K->4K(18432K), 0.0016210 secs] 294291K->277907K(412608K), 0.0016640 secs] [Times: user=0.01 sys=0.00, real=0.00 secs] 
2020-10-29T14:48:14.640+0000: [GC (Allocation Failure) 2020-10-29T14:48:14.641+0000: [ParNew: 16388K->4K(18432K), 0.0018042 secs] 294291K->277907K(412608K), 0.0018567 secs] [Times: user=0.00 sys=0.00, real=0.00 secs] 
2020-10-29T14:48:14.642+0000: [CMS-concurrent-abortable-preclean: 0.002/0.022 secs] [Times: user=0.04 sys=0.00, real=0.02 secs] 
2020-10-29T14:48:14.643+0000: [GC (CMS Final Remark) [YG occupancy: 163 K (18432 K)]2020-10-29T14:48:14.643+0000: [Rescan (parallel) , 0.0010975 secs]2020-10-29T14:48:14.644+0000: [weak refs processing, 0.0000734 secs]2020-10-29T14:48:14.644+0000: [class unloading, 0.0080105 secs]2020-10-29T14:48:14.652+0000: [scrub symbol table, 0.0097802 secs]2020-10-29T14:48:14.662+0000: [scrub string table, 0.0005709 secs][1 CMS-remark: 277903K(394176K)] 278067K(412608K), 0.0196582 secs] [Times: user=0.02 sys=0.00, real=0.02 secs] 
2020-10-29T14:48:14.662+0000: [CMS-concurrent-sweep-start]
2020-10-29T14:48:14.682+0000: [GC (Allocation Failure) 2020-10-29T14:48:14.682+0000: [ParNew: 16388K->4K(18432K), 0.0019720 secs] 294058K->277674K(412608K), 0.0020265 secs] [Times: user=0.00 sys=0.00, real=0.00 secs] 
2020-10-29T14:48:14.685+0000: [CMS-concurrent-sweep: 0.020/0.022 secs] [Times: user=0.05 sys=0.00, real=0.03 secs] 
2020-10-29T14:48:14.685+0000: [CMS-concurrent-reset-start]
2020-10-29T14:48:14.687+0000: [CMS-concurrent-reset: 0.002/0.002 secs] [Times: user=0.00 sys=0.00, real=0.00 secs] 
2020-10-29T14:48:14.700+0000: [GC (Allocation Failure) 2020-10-29T14:48:14.701+0000: [ParNew: 16388K->4K(18432K), 0.0021077 secs] 277744K->261360K(454028K), 0.0021567 secs] [Times: user=0.01 sys=0.00, real=0.00 secs] 
2020-10-29T14:48:14.719+0000: [GC (Allocation Failure) 2020-10-29T14:48:14.719+0000: [ParNew: 16388K->4K(18432K), 0.0020557 secs] 277744K->261360K(454028K), 0.0021076 secs] [Times: user=0.00 sys=0.00, real=0.00 secs] 
2020-10-29T14:48:14.735+0000: [GC (Allocation Failure) 2020-10-29T14:48:14.735+0000: [ParNew: 16388K->4K(18432K), 0.0020021 secs] 277744K->261360K(454028K), 0.0020516 secs] [Times: user=0.00 sys=0.00, real=0.00 secs] 
2020-10-29T14:48:14.752+0000: [GC (Allocation Failure) 2020-10-29T14:48:14.752+0000: [ParNew: 16388K->4K(18432K), 0.0020792 secs] 277744K->261360K(454028K), 0.0021320 secs] [Times: user=0.01 sys=0.00, real=0.01 secs] 
2020-10-29T14:48:14.772+0000: [GC (Allocation Failure) 2020-10-29T14:48:14.772+0000: [ParNew: 16388K->4K(18432K), 0.0020458 secs] 277744K->261360K(454028K), 0.0020961 secs] [Times: user=0.00 sys=0.00, real=0.01 secs] 
2020-10-29T14:48:14.790+0000: [GC (Allocation Failure) 2020-10-29T14:48:14.790+0000: [ParNew: 16388K->4K(18432K), 0.0020247 secs] 277744K->261360K(454028K), 0.0020751 secs] [Times: user=0.00 sys=0.00, real=0.00 secs] 
2020-10-29T14:48:14.808+0000: [GC (Allocation Failure) 2020-10-29T14:48:14.809+0000: [ParNew: 16388K->4K(18432K), 0.0020501 secs] 277744K->261360K(454028K), 0.0021028 secs] [Times: user=0.00 sys=0.00, real=0.00 secs] 
2020-10-29T14:48:14.825+0000: [GC (Allocation Failure) 2020-10-29T14:48:14.825+0000: [ParNew: 16388K->4K(18432K), 0.0019996 secs] 277744K->261360K(454028K), 0.0020509 secs] [Times: user=0.00 sys=0.00, real=0.00 secs] 
2020-10-29T14:48:14.844+0000: [GC (Allocation Failure) 2020-10-29T14:48:14.844+0000: [ParNew: 16388K->4K(18432K), 0.0020377 secs] 277744K->261360K(454028K), 0.0020903 secs] [Times: user=0.01 sys=0.00, real=0.01 secs] 
2020-10-29T14:48:14.860+0000: [GC (Allocation Failure) 2020-10-29T14:48:14.861+0000: [ParNew: 16388K->4K(18432K), 0.0020131 secs] 277744K->261360K(454028K), 0.0020624 secs] [Times: user=0.01 sys=0.00, real=0.00 secs] 
2020-10-29T14:48:14.880+0000: [GC (Allocation Failure) 2020-10-29T14:48:14.881+0000: [ParNew: 16388K->4K(18432K), 0.0020296 secs] 277744K->261360K(454028K), 0.0020807 secs] [Times: user=0.00 sys=0.00, real=0.00 secs] 
2020-10-29T14:48:14.897+0000: [GC (Allocation Failure) 2020-10-29T14:48:14.897+0000: [ParNew: 16388K->4K(18432K), 0.0020459 secs] 277744K->261360K(454028K), 0.0020983 secs] [Times: user=0.00 sys=0.00, real=0.00 secs] 
2020-10-29T14:48:14.913+0000: [GC (Allocation Failure) 2020-10-29T14:48:14.913+0000: [ParNew: 16388K->4K(18432K), 0.0019853 secs] 277744K->261360K(454028K), 0.0020354 secs] [Times: user=0.01 sys=0.00, real=0.00 secs] 
2020-10-29T14:48:14.932+0000: [GC (Allocation Failure) 2020-10-29T14:48:14.932+0000: [ParNew: 16388K->4K(18432K), 0.0019946 secs] 277744K->261360K(454028K), 0.0020424 secs] [Times: user=0.01 sys=0.00, real=0.00 secs] 
2020-10-29T14:48:14.949+0000: [GC (Allocation Failure) 2020-10-29T14:48:14.949+0000: [ParNew: 16388K->4K(18432K), 0.0020825 secs] 277744K->261360K(454028K), 0.0021385 secs] [Times: user=0.00 sys=0.00, real=0.00 secs] 
2020-10-29T14:48:14.968+0000: [GC (Allocation Failure) 2020-10-29T14:48:14.969+0000: [ParNew: 16388K->4K(18432K), 0.0020593 secs] 277744K->261360K(454028K), 0.0021138 secs] [Times: user=0.01 sys=0.00, real=0.00 secs] 
2020-10-29T14:48:14.985+0000: [GC (Allocation Failure) 2020-10-29T14:48:14.985+0000: [ParNew: 16388K->4K(18432K), 0.0020163 secs] 277744K->261360K(454028K), 0.0020734 secs] [Times: user=0.00 sys=0.00, real=0.00 secs] 
2020-10-29T14:48:15.004+0000: [GC (Allocation Failure) 2020-10-29T14:48:15.004+0000: [ParNew: 16388K->4K(18432K), 0.0019775 secs] 277744K->261360K(454028K), 0.0020276 secs] [Times: user=0.00 sys=0.00, real=0.00 secs] 
2020-10-29T14:48:15.024+0000: [GC (Allocation Failure) 2020-10-29T14:48:15.024+0000: [ParNew: 16388K->4K(18432K), 0.0020321 secs] 277744K->261360K(454028K), 0.0020843 secs] [Times: user=0.01 sys=0.00, real=0.00 secs] 
2020-10-29T14:48:15.041+0000: [GC (Allocation Failure) 2020-10-29T14:48:15.041+0000: [ParNew: 16388K->4K(18432K), 0.0020394 secs] 277744K->261360K(454028K), 0.0020920 secs] [Times: user=0.01 sys=0.00, real=0.00 secs] 
2020-10-29T14:48:15.057+0000: [GC (Allocation Failure) 2020-10-29T14:48:15.057+0000: [ParNew: 16388K->4K(18432K), 0.0020364 secs] 277744K->261360K(454028K), 0.0020893 secs] [Times: user=0.00 sys=0.00, real=0.00 secs] 
2020-10-29T14:48:15.076+0000: [GC (Allocation Failure) 2020-10-29T14:48:15.076+0000: [ParNew: 16388K->4K(18432K), 0.0019941 secs] 277744K->261360K(454028K), 0.0020441 secs] [Times: user=0.00 sys=0.00, real=0.00 secs] 
2020-10-29T14:48:15.093+0000: [GC (Allocation Failure) 2020-10-29T14:48:15.093+0000: [ParNew: 16388K->4K(18432K), 0.0021082 secs] 277744K->261360K(454028K), 0.0021618 secs] [Times: user=0.00 sys=0.00, real=0.00 secs] 
2020-10-29T14:48:15.112+0000: [GC (Allocation Failure) 2020-10-29T14:48:15.113+0000: [ParNew: 16388K->4K(18432K), 0.0021243 secs] 277744K->261360K(454028K), 0.0021803 secs] [Times: user=0.01 sys=0.00, real=0.00 secs] 
2020-10-29T14:48:15.132+0000: [GC (Allocation Failure) 2020-10-29T14:48:15.133+0000: [ParNew: 16388K->4K(18432K), 0.0020378 secs] 277744K->261360K(454028K), 0.0020903 secs] [Times: user=0.01 sys=0.00, real=0.00 secs] 
2020-10-29T14:48:15.149+0000: [GC (Allocation Failure) 2020-10-29T14:48:15.149+0000: [ParNew: 16388K->4K(18432K), 0.0020099 secs] 277744K->261360K(454028K), 0.0020679 secs] [Times: user=0.01 sys=0.00, real=0.00 secs] 
2020-10-29T14:48:15.168+0000: [GC (Allocation Failure) 2020-10-29T14:48:15.168+0000: [ParNew: 16388K->4K(18432K), 0.0020821 secs] 277744K->261360K(454028K), 0.0021384 secs] [Times: user=0.01 sys=0.00, real=0.00 secs] 
2020-10-29T14:48:15.184+0000: [GC (Allocation Failure) 2020-10-29T14:48:15.184+0000: [ParNew: 16388K->4K(18432K), 0.0020346 secs] 277744K->261360K(454028K), 0.0020863 secs] [Times: user=0.00 sys=0.00, real=0.01 secs] 
2020-10-29T14:48:15.200+0000: [GC (Allocation Failure) 2020-10-29T14:48:15.200+0000: [ParNew: 16388K->4K(18432K), 0.0020633 secs] 277744K->261360K(454028K), 0.0021210 secs] [Times: user=0.00 sys=0.00, real=0.00 secs] 
2020-10-29T14:48:15.218+0000: [GC (Allocation Failure) 2020-10-29T14:48:15.218+0000: [ParNew: 16388K->4K(18432K), 0.0021491 secs] 277744K->261360K(454028K), 0.0022075 secs] [Times: user=0.01 sys=0.00, real=0.00 secs] 
2020-10-29T14:48:15.236+0000: [GC (Allocation Failure) 2020-10-29T14:48:15.236+0000: [ParNew: 16388K->4K(18432K), 0.0019318 secs] 277744K->261360K(454028K), 0.0019799 secs] [Times: user=0.01 sys=0.00, real=0.00 secs] 
2020-10-29T14:48:15.255+0000: [GC (Allocation Failure) 2020-10-29T14:48:15.255+0000: [ParNew: 16388K->4K(18432K), 0.0020840 secs] 277744K->261360K(454028K), 0.0021385 secs] [Times: user=0.00 sys=0.00, real=0.00 secs] 
2020-10-29T14:48:15.272+0000: [GC (Allocation Failure) 2020-10-29T14:48:15.273+0000: [ParNew: 16388K->4K(18432K), 0.0020803 secs] 277744K->261360K(454028K), 0.0021360 secs] [Times: user=0.01 sys=0.00, real=0.00 secs] 
2020-10-29T14:48:15.292+0000: [GC (Allocation Failure) 2020-10-29T14:48:15.293+0000: [ParNew: 16388K->4K(18432K), 0.0020664 secs] 277744K->261360K(454028K), 0.0021211 secs] [Times: user=0.01 sys=0.00, real=0.00 secs] 
2020-10-29T14:48:15.312+0000: [GC (Allocation Failure) 2020-10-29T14:48:15.313+0000: [ParNew: 16388K->4K(18432K), 0.0020548 secs] 277744K->261360K(454028K), 0.0021084 secs] [Times: user=0.00 sys=0.00, real=0.00 secs] 
2020-10-29T14:48:15.332+0000: [GC (Allocation Failure) 2020-10-29T14:48:15.332+0000: [ParNew: 16388K->4K(18432K), 0.0020477 secs] 277744K->261360K(454028K), 0.0020972 secs] [Times: user=0.00 sys=0.00, real=0.00 secs] 
2020-10-29T14:48:15.349+0000: [GC (Allocation Failure) 2020-10-29T14:48:15.349+0000: [ParNew: 16388K->4K(18432K), 0.0020088 secs] 277744K->261360K(454028K), 0.0020602 secs] [Times: user=0.01 sys=0.00, real=0.00 secs] 
2020-10-29T14:48:15.368+0000: [GC (Allocation Failure) 2020-10-29T14:48:15.368+0000: [ParNew: 16388K->4K(18432K), 0.0020495 secs] 277744K->261360K(454028K), 0.0021028 secs] [Times: user=0.01 sys=0.00, real=0.00 secs] 
2020-10-29T14:48:15.385+0000: [GC (Allocation Failure) 2020-10-29T14:48:15.385+0000: [ParNew: 16388K->4K(18432K), 0.0019560 secs] 277744K->261360K(454028K), 0.0020045 secs] [Times: user=0.01 sys=0.00, real=0.00 secs] 
2020-10-29T14:48:15.401+0000: [GC (Allocation Failure) 2020-10-29T14:48:15.401+0000: [ParNew: 16388K->4K(18432K), 0.0020557 secs] 277744K->261360K(454028K), 0.0021078 secs] [Times: user=0.00 sys=0.00, real=0.00 secs] 
2020-10-29T14:48:15.420+0000: [GC (Allocation Failure) 2020-10-29T14:48:15.420+0000: [ParNew: 16388K->4K(18432K), 0.0020937 secs] 277744K->261360K(454028K), 0.0021453 secs] [Times: user=0.01 sys=0.00, real=0.00 secs] 
2020-10-29T14:48:15.437+0000: [GC (Allocation Failure) 2020-10-29T14:48:15.437+0000: [ParNew: 16388K->4K(18432K), 0.0020527 secs] 277744K->261360K(454028K), 0.0021039 secs] [Times: user=0.00 sys=0.00, real=0.00 secs] 
2020-10-29T14:48:15.453+0000: [GC (Allocation Failure) 2020-10-29T14:48:15.453+0000: [ParNew: 16388K->4K(18432K), 0.0020534 secs] 277744K->261360K(454028K), 0.0021055 secs] [Times: user=0.01 sys=0.00, real=0.00 secs] 
2020-10-29T14:48:15.472+0000: [GC (Allocation Failure) 2020-10-29T14:48:15.472+0000: [ParNew: 16388K->4K(18432K), 0.0019740 secs] 277744K->261360K(454028K), 0.0020225 secs] [Times: user=0.00 sys=0.00, real=0.00 secs] 
2020-10-29T14:48:15.492+0000: [GC (Allocation Failure) 2020-10-29T14:48:15.493+0000: [ParNew: 16388K->4K(18432K), 0.0020489 secs] 277744K->261360K(454028K), 0.0021021 secs] [Times: user=0.00 sys=0.00, real=0.00 secs] 
2020-10-29T14:48:15.509+0000: [GC (Allocation Failure) 2020-10-29T14:48:15.509+0000: [ParNew: 16388K->4K(18432K), 0.0019867 secs] 277744K->261360K(454028K), 0.0020369 secs] [Times: user=0.01 sys=0.00, real=0.00 secs] 
2020-10-29T14:48:15.528+0000: [GC (Allocation Failure) 2020-10-29T14:48:15.528+0000: [ParNew: 16388K->4K(18432K), 0.0020289 secs] 277744K->261360K(454028K), 0.0020799 secs] [Times: user=0.00 sys=0.00, real=0.00 secs] 
2020-10-29T14:48:15.548+0000: [GC (Allocation Failure) 2020-10-29T14:48:15.548+0000: [ParNew: 16388K->4K(18432K), 0.0020295 secs] 277744K->261360K(454028K), 0.0020812 secs] [Times: user=0.01 sys=0.00, real=0.00 secs] 
2020-10-29T14:48:15.558+0000: [GC (Allocation Failure) 2020-10-29T14:48:15.558+0000: [ParNew: 8963K->4K(18432K), 0.0018337 secs] 270319K->261360K(454028K), 0.0018708 secs] [Times: user=0.01 sys=0.00, real=0.00 secs] 
2020-10-29T14:48:15.568+0000: [GC (Allocation Failure) 2020-10-29T14:48:15.568+0000: [ParNew: 16388K->4K(18432K), 0.0075665 secs] 277744K->269552K(454028K), 0.0076103 secs] [Times: user=0.01 sys=0.01, real=0.01 secs] 
2020-10-29T14:48:15.576+0000: [GC (CMS Initial Mark) [1 CMS-initial-mark: 269548K(435596K)] 269686K(454028K), 0.0012776 secs] [Times: user=0.00 sys=0.00, real=0.00 secs] 
2020-10-29T14:48:15.578+0000: [CMS-concurrent-mark-start]
2020-10-29T14:48:15.602+0000: [GC (Allocation Failure) 2020-10-29T14:48:15.602+0000: [ParNew: 16388K->4K(18432K), 0.0019342 secs] 285936K->269552K(454028K), 0.0019866 secs] [Times: user=0.01 sys=0.00, real=0.00 secs] 
2020-10-29T14:48:15.622+0000: [GC (Allocation Failure) 2020-10-29T14:48:15.622+0000: [ParNew: 16388K->4K(18432K), 0.0019554 secs] 285936K->269552K(454028K), 0.0020086 secs] [Times: user=0.01 sys=0.00, real=0.00 secs] 
2020-10-29T14:48:15.645+0000: [GC (Allocation Failure) 2020-10-29T14:48:15.645+0000: [ParNew: 16388K->4K(18432K), 0.0020519 secs] 285936K->269552K(454028K), 0.0021071 secs] [Times: user=0.01 sys=0.00, real=0.00 secs] 
2020-10-29T14:48:15.650+0000: [CMS-concurrent-mark: 0.065/0.073 secs] [Times: user=0.14 sys=0.00, real=0.07 secs] 
2020-10-29T14:48:15.651+0000: [CMS-concurrent-preclean-start]
2020-10-29T14:48:15.653+0000: [CMS-concurrent-preclean: 0.002/0.002 secs] [Times: user=0.01 sys=0.00, real=0.01 secs] 
2020-10-29T14:48:15.653+0000: [CMS-concurrent-abortable-preclean-start]
2020-10-29T14:48:15.667+0000: [GC (Allocation Failure) 2020-10-29T14:48:15.667+0000: [ParNew: 16388K->4K(18432K), 0.0019348 secs] 285936K->269552K(454028K), 0.0019824 secs] [Times: user=0.00 sys=0.00, real=0.00 secs] 
2020-10-29T14:48:15.684+0000: [GC (Allocation Failure) 2020-10-29T14:48:15.685+0000: [ParNew: 16388K->4K(18432K), 0.0019741 secs] 285936K->269552K(454028K), 0.0020277 secs] [Times: user=0.00 sys=0.00, real=0.00 secs] 
2020-10-29T14:48:15.704+0000: [GC (Allocation Failure) 2020-10-29T14:48:15.705+0000: [ParNew: 16388K->4K(18432K), 0.0020880 secs] 285936K->269552K(454028K), 0.0021429 secs] [Times: user=0.00 sys=0.00, real=0.00 secs] 
2020-10-29T14:48:15.725+0000: [GC (Allocation Failure) 2020-10-29T14:48:15.725+0000: [ParNew: 16388K->4K(18432K), 0.0021153 secs] 285936K->269552K(454028K), 0.0021657 secs] [Times: user=0.01 sys=0.00, real=0.00 secs] 
2020-10-29T14:48:15.742+0000: [GC (Allocation Failure) 2020-10-29T14:48:15.742+0000: [ParNew: 16388K->4K(18432K), 0.0018747 secs] 285936K->269552K(454028K), 0.0019240 secs] [Times: user=0.01 sys=0.00, real=0.00 secs] 
2020-10-29T14:48:15.760+0000: [GC (Allocation Failure) 2020-10-29T14:48:15.761+0000: [ParNew: 16388K->4K(18432K), 0.0019806 secs] 285936K->269552K(454028K), 0.0020344 secs] [Times: user=0.01 sys=0.00, real=0.00 secs] 
2020-10-29T14:48:15.780+0000: [GC (Allocation Failure) 2020-10-29T14:48:15.781+0000: [ParNew: 16388K->4K(18432K), 0.0020717 secs] 285936K->269552K(454028K), 0.0021259 secs] [Times: user=0.00 sys=0.00, real=0.00 secs] 
2020-10-29T14:48:15.797+0000: [GC (Allocation Failure) 2020-10-29T14:48:15.797+0000: [ParNew: 16388K->4K(18432K), 0.0020286 secs] 285936K->269552K(454028K), 0.0020831 secs] [Times: user=0.01 sys=0.00, real=0.00 secs] 
2020-10-29T14:48:15.815+0000: [GC (Allocation Failure) 2020-10-29T14:48:15.815+0000: [ParNew: 16388K->4K(18432K), 0.0022160 secs] 285936K->269552K(454028K), 0.0022714 secs] [Times: user=0.01 sys=0.00, real=0.00 secs] 
2020-10-29T14:48:15.832+0000: [GC (Allocation Failure) 2020-10-29T14:48:15.833+0000: [ParNew: 16388K->4K(18432K), 0.0020984 secs] 285936K->269552K(454028K), 0.0021757 secs] [Times: user=0.00 sys=0.00, real=0.00 secs] 
2020-10-29T14:48:15.849+0000: [GC (Allocation Failure) 2020-10-29T14:48:15.849+0000: [ParNew: 16388K->4K(18432K), 0.0019368 secs] 285936K->269552K(454028K), 0.0019904 secs] [Times: user=0.00 sys=0.00, real=0.00 secs] 
2020-10-29T14:48:15.866+0000: [GC (Allocation Failure) 2020-10-29T14:48:15.866+0000: [ParNew: 16388K->4K(18432K), 0.0018670 secs] 285936K->269552K(454028K), 0.0019189 secs] [Times: user=0.00 sys=0.00, real=0.00 secs] 
2020-10-29T14:48:15.883+0000: [GC (Allocation Failure) 2020-10-29T14:48:15.883+0000: [ParNew: 16388K->4K(18432K), 0.0020125 secs] 285936K->269552K(454028K), 0.0020658 secs] [Times: user=0.00 sys=0.00, real=0.01 secs] 
2020-10-29T14:48:15.901+0000: [GC (Allocation Failure) 2020-10-29T14:48:15.901+0000: [ParNew: 16388K->4K(18432K), 0.0019383 secs] 285936K->269552K(454028K), 0.0019895 secs] [Times: user=0.01 sys=0.00, real=0.00 secs] 
2020-10-29T14:48:15.917+0000: [GC (Allocation Failure) 2020-10-29T14:48:15.918+0000: [ParNew: 16388K->4K(18432K), 0.0019934 secs] 285936K->269552K(454028K), 0.0020471 secs] [Times: user=0.00 sys=0.00, real=0.00 secs] 
2020-10-29T14:48:15.935+0000: [GC (Allocation Failure) 2020-10-29T14:48:15.935+0000: [ParNew: 16388K->4K(18432K), 0.0020310 secs] 285936K->269552K(454028K), 0.0020833 secs] [Times: user=0.00 sys=0.00, real=0.00 secs] 
2020-10-29T14:48:15.952+0000: [GC (Allocation Failure) 2020-10-29T14:48:15.952+0000: [ParNew: 16388K->4K(18432K), 0.0018664 secs] 285936K->269552K(454028K), 0.0019168 secs] [Times: user=0.00 sys=0.00, real=0.00 secs] 
2020-10-29T14:48:15.962+0000: [GC (Allocation Failure) 2020-10-29T14:48:15.962+0000: [ParNew: 8252K->4K(18432K), 0.0017273 secs] 277801K->269552K(454028K), 0.0017757 secs] [Times: user=0.00 sys=0.00, real=0.00 secs] 
2020-10-29T14:48:15.972+0000: [GC (Allocation Failure) 2020-10-29T14:48:15.972+0000: [ParNew: 16388K->4K(18432K), 0.0074323 secs] 285936K->277744K(454028K), 0.0074836 secs] [Times: user=0.02 sys=0.00, real=0.00 secs] 
2020-10-29T14:48:15.980+0000: [CMS-concurrent-abortable-preclean: 0.020/0.327 secs] [Times: user=0.58 sys=0.02, real=0.32 secs] 
2020-10-29T14:48:15.983+0000: [GC (CMS Final Remark) [YG occupancy: 155 K (18432 K)]2020-10-29T14:48:15.983+0000: [Rescan (parallel) , 0.0016446 secs]2020-10-29T14:48:15.984+0000: [weak refs processing, 0.0000271 secs]2020-10-29T14:48:15.984+0000: [class unloading, 0.0080017 secs]2020-10-29T14:48:15.992+0000: [scrub symbol table, 0.0091185 secs]2020-10-29T14:48:16.002+0000: [scrub string table, 0.0005656 secs][1 CMS-remark: 277740K(435596K)] 277896K(454028K), 0.0194607 secs] [Times: user=0.02 sys=0.00, real=0.02 secs] 
2020-10-29T14:48:16.002+0000: [CMS-concurrent-sweep-start]
2020-10-29T14:48:16.022+0000: [GC (Allocation Failure) 2020-10-29T14:48:16.022+0000: [ParNew: 16388K->4K(18432K), 0.0020375 secs] 294068K->277684K(454028K), 0.0020920 secs] [Times: user=0.00 sys=0.00, real=0.00 secs] 
2020-10-29T14:48:16.024+0000: [CMS-concurrent-sweep: 0.020/0.022 secs] [Times: user=0.04 sys=0.00, real=0.02 secs] 
2020-10-29T14:48:16.024+0000: [CMS-concurrent-reset-start]
2020-10-29T14:48:16.026+0000: [CMS-concurrent-reset: 0.002/0.002 secs] [Times: user=0.00 sys=0.00, real=0.00 secs] 
2020-10-29T14:48:16.039+0000: [GC (Allocation Failure) 2020-10-29T14:48:16.040+0000: [ParNew: 16388K->4K(18432K), 0.0022130 secs] 293992K->277608K(481108K), 0.0022816 secs] [Times: user=0.00 sys=0.00, real=0.00 secs] 
2020-10-29T14:48:16.059+0000: [GC (Allocation Failure) 2020-10-29T14:48:16.059+0000: [ParNew: 16388K->4K(18432K), 0.0021916 secs] 293992K->277608K(481108K), 0.0022709 secs] [Times: user=0.01 sys=0.00, real=0.00 secs] 
2020-10-29T14:48:16.076+0000: [GC (Allocation Failure) 2020-10-29T14:48:16.076+0000: [ParNew: 16388K->4K(18432K), 0.0021990 secs] 293992K->277608K(481108K), 0.0022548 secs] [Times: user=0.00 sys=0.00, real=0.00 secs] 
2020-10-29T14:48:16.096+0000: [GC (Allocation Failure) 2020-10-29T14:48:16.096+0000: [ParNew: 16388K->4K(18432K), 0.0021365 secs] 293992K->277608K(481108K), 0.0021907 secs] [Times: user=0.01 sys=0.00, real=0.00 secs] 
2020-10-29T14:48:16.113+0000: [GC (Allocation Failure) 2020-10-29T14:48:16.113+0000: [ParNew: 16388K->4K(18432K), 0.0029217 secs] 293992K->277608K(481108K), 0.0029772 secs] [Times: user=0.01 sys=0.00, real=0.00 secs] 
2020-10-29T14:48:16.132+0000: [GC (Allocation Failure) 2020-10-29T14:48:16.133+0000: [ParNew: 16388K->4K(18432K), 0.0021305 secs] 293992K->277608K(481108K), 0.0021839 secs] [Times: user=0.00 sys=0.00, real=0.00 secs] 
2020-10-29T14:48:16.152+0000: [GC (Allocation Failure) 2020-10-29T14:48:16.153+0000: [ParNew: 16388K->4K(18432K), 0.0021639 secs] 293992K->277608K(481108K), 0.0022183 secs] [Times: user=0.01 sys=0.00, real=0.00 secs] 
2020-10-29T14:48:16.172+0000: [GC (Allocation Failure) 2020-10-29T14:48:16.173+0000: [ParNew: 16388K->4K(18432K), 0.0021414 secs] 293992K->277608K(481108K), 0.0021960 secs] [Times: user=0.01 sys=0.00, real=0.00 secs] 
2020-10-29T14:48:16.192+0000: [GC (Allocation Failure) 2020-10-29T14:48:16.192+0000: [ParNew: 16388K->4K(18432K), 0.0021202 secs] 293992K->277608K(481108K), 0.0021732 secs] [Times: user=0.01 sys=0.00, real=0.00 secs] 
2020-10-29T14:48:16.213+0000: [GC (Allocation Failure) 2020-10-29T14:48:16.213+0000: [ParNew: 16388K->4K(18432K), 0.0021697 secs] 293992K->277608K(481108K), 0.0022152 secs] [Times: user=0.00 sys=0.00, real=0.00 secs] 
2020-10-29T14:48:16.230+0000: [GC (Allocation Failure) 2020-10-29T14:48:16.230+0000: [ParNew: 16388K->4K(18432K), 0.0020829 secs] 293992K->277608K(481108K), 0.0021329 secs] [Times: user=0.01 sys=0.00, real=0.00 secs] 
2020-10-29T14:48:16.246+0000: [GC (Allocation Failure) 2020-10-29T14:48:16.246+0000: [ParNew: 16388K->4K(18432K), 0.0021522 secs] 293992K->277608K(481108K), 0.0022077 secs] [Times: user=0.01 sys=0.00, real=0.00 secs] 
2020-10-29T14:48:16.263+0000: [GC (Allocation Failure) 2020-10-29T14:48:16.263+0000: [ParNew: 16388K->4K(18432K), 0.0022505 secs] 293992K->277608K(481108K), 0.0023046 secs] [Times: user=0.01 sys=0.00, real=0.01 secs] 
2020-10-29T14:48:16.280+0000: [GC (Allocation Failure) 2020-10-29T14:48:16.281+0000: [ParNew: 16388K->4K(18432K), 0.0021058 secs] 293992K->277608K(481108K), 0.0021569 secs] [Times: user=0.00 sys=0.00, real=0.00 secs] 
2020-10-29T14:48:16.297+0000: [GC (Allocation Failure) 2020-10-29T14:48:16.297+0000: [ParNew: 16388K->4K(18432K), 0.0020258 secs] 293992K->277608K(481108K), 0.0020762 secs] [Times: user=0.00 sys=0.00, real=0.00 secs] 
2020-10-29T14:48:16.313+0000: [GC (Allocation Failure) 2020-10-29T14:48:16.313+0000: [ParNew: 16388K->4K(18432K), 0.0020700 secs] 293992K->277608K(481108K), 0.0021207 secs] [Times: user=0.00 sys=0.00, real=0.00 secs] 
2020-10-29T14:48:16.330+0000: [GC (Allocation Failure) 2020-10-29T14:48:16.330+0000: [ParNew: 16388K->4K(18432K), 0.0021726 secs] 293992K->277608K(481108K), 0.0022254 secs] [Times: user=0.01 sys=0.00, real=0.00 secs] 
2020-10-29T14:48:16.348+0000: [GC (Allocation Failure) 2020-10-29T14:48:16.349+0000: [ParNew: 16388K->4K(18432K), 0.0021343 secs] 293992K->277608K(481108K), 0.0021888 secs] [Times: user=0.00 sys=0.00, real=0.00 secs] 
2020-10-29T14:48:16.368+0000: [GC (Allocation Failure) 2020-10-29T14:48:16.369+0000: [ParNew: 16388K->4K(18432K), 0.0021140 secs] 293992K->277608K(481108K), 0.0021672 secs] [Times: user=0.00 sys=0.00, real=0.00 secs] 
2020-10-29T14:48:16.385+0000: [GC (Allocation Failure) 2020-10-29T14:48:16.385+0000: [ParNew: 16388K->4K(18432K), 0.0021542 secs] 293992K->277608K(481108K), 0.0022093 secs] [Times: user=0.00 sys=0.00, real=0.00 secs] 
2020-10-29T14:48:16.401+0000: [GC (Allocation Failure) 2020-10-29T14:48:16.401+0000: [ParNew: 16388K->4K(18432K), 0.0021062 secs] 293992K->277608K(481108K), 0.0021593 secs] [Times: user=0.01 sys=0.00, real=0.00 secs] 
2020-10-29T14:48:16.418+0000: [GC (Allocation Failure) 2020-10-29T14:48:16.418+0000: [ParNew: 16388K->4K(18432K), 0.0021333 secs] 293992K->277608K(481108K), 0.0021892 secs] [Times: user=0.00 sys=0.00, real=0.00 secs] 
2020-10-29T14:48:16.434+0000: [GC (Allocation Failure) 2020-10-29T14:48:16.434+0000: [ParNew: 16388K->4K(18432K), 0.0020572 secs] 293992K->277608K(481108K), 0.0021040 secs] [Times: user=0.00 sys=0.00, real=0.00 secs] 
2020-10-29T14:48:16.450+0000: [GC (Allocation Failure) 2020-10-29T14:48:16.450+0000: [ParNew: 16388K->4K(18432K), 0.0020981 secs] 293992K->277608K(481108K), 0.0021487 secs] [Times: user=0.00 sys=0.00, real=0.01 secs] 
2020-10-29T14:48:16.468+0000: [GC (Allocation Failure) 2020-10-29T14:48:16.468+0000: [ParNew: 16388K->4K(18432K), 0.0020649 secs] 293992K->277608K(481108K), 0.0021134 secs] [Times: user=0.01 sys=0.00, real=0.00 secs] 
2020-10-29T14:48:16.485+0000: [GC (Allocation Failure) 2020-10-29T14:48:16.485+0000: [ParNew: 16388K->4K(18432K), 0.0020988 secs] 293992K->277608K(481108K), 0.0021509 secs] [Times: user=0.00 sys=0.00, real=0.00 secs] 
2020-10-29T14:48:16.504+0000: [GC (Allocation Failure) 2020-10-29T14:48:16.504+0000: [ParNew: 16388K->4K(18432K), 0.0020865 secs] 293992K->277608K(481108K), 0.0021366 secs] [Times: user=0.00 sys=0.00, real=0.00 secs] 
2020-10-29T14:48:16.521+0000: [GC (Allocation Failure) 2020-10-29T14:48:16.521+0000: [ParNew: 16388K->4K(18432K), 0.0021089 secs] 293992K->277608K(481108K), 0.0021641 secs] [Times: user=0.00 sys=0.00, real=0.00 secs] 
2020-10-29T14:48:16.540+0000: [GC (Allocation Failure) 2020-10-29T14:48:16.540+0000: [ParNew: 16388K->4K(18432K), 0.0020866 secs] 293992K->277608K(481108K), 0.0021369 secs] [Times: user=0.01 sys=0.00, real=0.00 secs] 
2020-10-29T14:48:16.552+0000: [GC (Allocation Failure) 2020-10-29T14:48:16.552+0000: [ParNew: 16388K->4K(18432K), 0.0077000 secs] 293992K->285800K(481108K), 0.0077511 secs] [Times: user=0.02 sys=0.00, real=0.01 secs] 
2020-10-29T14:48:16.573+0000: [GC (Allocation Failure) 2020-10-29T14:48:16.574+0000: [ParNew: 16388K->4K(18432K), 0.0021432 secs] 302184K->285800K(481108K), 0.0021981 secs] [Times: user=0.01 sys=0.00, real=0.00 secs] 
2020-10-29T14:48:16.590+0000: [GC (Allocation Failure) 2020-10-29T14:48:16.590+0000: [ParNew: 16388K->4K(18432K), 0.0021320 secs] 302184K->285800K(481108K), 0.0021867 secs] [Times: user=0.01 sys=0.00, real=0.00 secs] 
2020-10-29T14:48:16.608+0000: [GC (Allocation Failure) 2020-10-29T14:48:16.609+0000: [ParNew: 16388K->4K(18432K), 0.0021292 secs] 302184K->285800K(481108K), 0.0021810 secs] [Times: user=0.00 sys=0.00, real=0.00 secs] 
2020-10-29T14:48:16.625+0000: [GC (Allocation Failure) 2020-10-29T14:48:16.625+0000: [ParNew: 16388K->4K(18432K), 0.0020434 secs] 302184K->285800K(481108K), 0.0020944 secs] [Times: user=0.00 sys=0.00, real=0.00 secs] 
2020-10-29T14:48:16.660+0000: [GC (Allocation Failure) 2020-10-29T14:48:16.661+0000: [ParNew: 16388K->4K(18432K), 0.0021217 secs] 302184K->285800K(481108K), 0.0021768 secs] [Times: user=0.00 sys=0.00, real=0.00 secs] 
2020-10-29T14:48:16.692+0000: [GC (Allocation Failure) 2020-10-29T14:48:16.693+0000: [ParNew: 16388K->4K(18432K), 0.0021590 secs] 302184K->285801K(481108K), 0.0022350 secs] [Times: user=0.01 sys=0.00, real=0.00 secs] 
2020-10-29T14:48:16.724+0000: [GC (Allocation Failure) 2020-10-29T14:48:16.725+0000: [ParNew: 16388K->4K(18432K), 0.0021172 secs] 302185K->285801K(481108K), 0.0021708 secs] [Times: user=0.00 sys=0.00, real=0.00 secs] 
2020-10-29T14:48:16.754+0000: [GC (Allocation Failure) 2020-10-29T14:48:16.754+0000: [ParNew: 16388K->4K(18432K), 0.0021311 secs] 302185K->285801K(481108K), 0.0021868 secs] [Times: user=0.01 sys=0.00, real=0.00 secs] 
2020-10-29T14:48:16.784+0000: [GC (Allocation Failure) 2020-10-29T14:48:16.785+0000: [ParNew: 16388K->4K(18432K), 0.0021571 secs] 302185K->285801K(481108K), 0.0022212 secs] [Times: user=0.00 sys=0.00, real=0.00 secs] 
2020-10-29T14:48:16.820+0000: [GC (Allocation Failure) 2020-10-29T14:48:16.821+0000: [ParNew: 16388K->4K(18432K), 0.0021530 secs] 302185K->285801K(481108K), 0.0022132 secs] [Times: user=0.00 sys=0.00, real=0.00 secs] 
2020-10-29T14:48:16.850+0000: [GC (Allocation Failure) 2020-10-29T14:48:16.850+0000: [ParNew: 16388K->4K(18432K), 0.0021740 secs] 302185K->285802K(481108K), 0.0022282 secs] [Times: user=0.00 sys=0.00, real=0.01 secs] 
2020-10-29T14:48:16.880+0000: [GC (Allocation Failure) 2020-10-29T14:48:16.881+0000: [ParNew: 16388K->4K(18432K), 0.0021985 secs] 302186K->285802K(481108K), 0.0022528 secs] [Times: user=0.00 sys=0.00, real=0.00 secs] 
2020-10-29T14:48:16.909+0000: [GC (Allocation Failure) 2020-10-29T14:48:16.910+0000: [ParNew: 16388K->4K(18432K), 0.0021135 secs] 302186K->285802K(481108K), 0.0021675 secs] [Times: user=0.00 sys=0.00, real=0.00 secs] 
2020-10-29T14:48:16.940+0000: [GC (Allocation Failure) 2020-10-29T14:48:16.941+0000: [ParNew: 16388K->4K(18432K), 0.0020781 secs] 302186K->285802K(481108K), 0.0021296 secs] [Times: user=0.00 sys=0.00, real=0.00 secs] 
2020-10-29T14:48:17.173+0000: [GC (Allocation Failure) 2020-10-29T14:48:17.173+0000: [ParNew: 16388K->2K(18432K), 0.0043832 secs] 302186K->285800K(481108K), 0.0044581 secs] [Times: user=0.01 sys=0.00, real=0.00 secs] 
2020-10-29T14:48:17.266+0000: [GC (Allocation Failure) 2020-10-29T14:48:17.266+0000: [ParNew: 16386K->4K(18432K), 0.0021557 secs] 302184K->285802K(481108K), 0.0022130 secs] [Times: user=0.01 sys=0.00, real=0.00 secs] 
2020-10-29T14:48:17.320+0000: [GC (Allocation Failure) 2020-10-29T14:48:17.320+0000: [ParNew: 16388K->4K(18432K), 0.0021653 secs] 302186K->285802K(481108K), 0.0022380 secs] [Times: user=0.00 sys=0.00, real=0.00 secs] 
2020-10-29T14:48:17.353+0000: [GC (Allocation Failure) 2020-10-29T14:48:17.353+0000: [ParNew: 16388K->4K(18432K), 0.0021146 secs] 302186K->285802K(481108K), 0.0021884 secs] [Times: user=0.01 sys=0.00, real=0.00 secs] 
2020-10-29T14:48:17.376+0000: [GC (Allocation Failure) 2020-10-29T14:48:17.376+0000: [ParNew: 16388K->4K(18432K), 0.0021335 secs] 302186K->285802K(481108K), 0.0021889 secs] [Times: user=0.00 sys=0.00, real=0.00 secs] 
2020-10-29T14:48:17.394+0000: [GC (Allocation Failure) 2020-10-29T14:48:17.394+0000: [ParNew: 16388K->4K(18432K), 0.0021063 secs] 302186K->285802K(481108K), 0.0021597 secs] [Times: user=0.01 sys=0.00, real=0.00 secs] 
2020-10-29T14:48:17.412+0000: [GC (Allocation Failure) 2020-10-29T14:48:17.412+0000: [ParNew: 16388K->4K(18432K), 0.0021059 secs] 302186K->285803K(481108K), 0.0021586 secs] [Times: user=0.00 sys=0.00, real=0.00 secs] 
2020-10-29T14:48:17.430+0000: [GC (Allocation Failure) 2020-10-29T14:48:17.430+0000: [ParNew: 16388K->4K(18432K), 0.0021101 secs] 302187K->285803K(481108K), 0.0021644 secs] [Times: user=0.01 sys=0.00, real=0.00 secs] 
2020-10-29T14:48:17.448+0000: [GC (Allocation Failure) 2020-10-29T14:48:17.449+0000: [ParNew: 16388K->4K(18432K), 0.0021175 secs] 302187K->285803K(481108K), 0.0021721 secs] [Times: user=0.00 sys=0.00, real=0.00 secs] 
2020-10-29T14:48:17.468+0000: [GC (Allocation Failure) 2020-10-29T14:48:17.469+0000: [ParNew: 16388K->4K(18432K), 0.0020998 secs] 302187K->285803K(481108K), 0.0021533 secs] [Times: user=0.01 sys=0.00, real=0.00 secs] 
2020-10-29T14:48:17.486+0000: [GC (Allocation Failure) 2020-10-29T14:48:17.486+0000: [ParNew: 16388K->4K(18432K), 0.0021029 secs] 302187K->285803K(481108K), 0.0021564 secs] [Times: user=0.00 sys=0.00, real=0.00 secs] 
2020-10-29T14:48:17.504+0000: [GC (Allocation Failure) 2020-10-29T14:48:17.504+0000: [ParNew: 16388K->4K(18432K), 0.0020867 secs] 302187K->285803K(481108K), 0.0021401 secs] [Times: user=0.01 sys=0.00, real=0.00 secs] 
2020-10-29T14:48:17.522+0000: [GC (Allocation Failure) 2020-10-29T14:48:17.522+0000: [ParNew: 16388K->4K(18432K), 0.0021230 secs] 302187K->285803K(481108K), 0.0021740 secs] [Times: user=0.00 sys=0.00, real=0.00 secs] 
2020-10-29T14:48:17.540+0000: [GC (Allocation Failure) 2020-10-29T14:48:17.540+0000: [ParNew: 16388K->4K(18432K), 0.0020938 secs] 302187K->285803K(481108K), 0.0021458 secs] [Times: user=0.00 sys=0.00, real=0.00 secs] 
2020-10-29T14:48:17.556+0000: [GC (Allocation Failure) 2020-10-29T14:48:17.556+0000: [ParNew: 16388K->4K(18432K), 0.0020926 secs] 302187K->285803K(481108K), 0.0021448 secs] [Times: user=0.00 sys=0.00, real=0.00 secs] 
2020-10-29T14:48:17.573+0000: [GC (Allocation Failure) 2020-10-29T14:48:17.573+0000: [ParNew: 16388K->4K(18432K), 0.0020806 secs] 302187K->285803K(481108K), 0.0021320 secs] [Times: user=0.00 sys=0.00, real=0.00 secs] 
2020-10-29T14:48:17.592+0000: [GC (Allocation Failure) 2020-10-29T14:48:17.592+0000: [ParNew: 16388K->4K(18432K), 0.0020821 secs] 302187K->285803K(481108K), 0.0021359 secs] [Times: user=0.01 sys=0.00, real=0.00 secs] 
2020-10-29T14:48:17.610+0000: [GC (Allocation Failure) 2020-10-29T14:48:17.610+0000: [ParNew: 16388K->4K(18432K), 0.0020970 secs] 302187K->285803K(481108K), 0.0021493 secs] [Times: user=0.01 sys=0.00, real=0.00 secs] 
2020-10-29T14:48:17.628+0000: [GC (Allocation Failure) 2020-10-29T14:48:17.629+0000: [ParNew: 16388K->4K(18432K), 0.0020938 secs] 302187K->285803K(481108K), 0.0021466 secs] [Times: user=0.00 sys=0.00, real=0.00 secs] 
2020-10-29T14:48:17.648+0000: [GC (Allocation Failure) 2020-10-29T14:48:17.649+0000: [ParNew: 16388K->4K(18432K), 0.0020947 secs] 302187K->285803K(481108K), 0.0021467 secs] [Times: user=0.00 sys=0.00, real=0.00 secs] 
2020-10-29T14:48:17.668+0000: [GC (Allocation Failure) 2020-10-29T14:48:17.669+0000: [ParNew: 16388K->4K(18432K), 0.0021060 secs] 302187K->285803K(481108K), 0.0021587 secs] [Times: user=0.01 sys=0.00, real=0.00 secs] 
2020-10-29T14:48:17.686+0000: [GC (Allocation Failure) 2020-10-29T14:48:17.686+0000: [ParNew: 16388K->4K(18432K), 0.0020770 secs] 302187K->285803K(481108K), 0.0021281 secs] [Times: user=0.00 sys=0.00, real=0.00 secs] 
2020-10-29T14:48:17.710+0000: [GC (Allocation Failure) 2020-10-29T14:48:17.710+0000: [ParNew: 16388K->4K(18432K), 0.0021134 secs] 302187K->285803K(481108K), 0.0021601 secs] [Times: user=0.00 sys=0.00, real=0.00 secs] 
2020-10-29T14:48:17.730+0000: [GC (Allocation Failure) 2020-10-29T14:48:17.730+0000: [ParNew: 16388K->4K(18432K), 0.0020789 secs] 302187K->285803K(481108K), 0.0021247 secs] [Times: user=0.00 sys=0.00, real=0.00 secs] 
2020-10-29T14:48:18.469+0000: [GC (Allocation Failure) 2020-10-29T14:48:18.470+0000: [ParNew: 16388K->774K(18432K), 0.0033414 secs] 302187K->286574K(481108K), 0.0034221 secs] [Times: user=0.01 sys=0.00, real=0.01 secs] 
2020-10-29T14:48:18.609+0000: [GC (Allocation Failure) 2020-10-29T14:48:18.609+0000: [ParNew: 17158K->1205K(18432K), 0.0034301 secs] 302958K->287005K(481108K), 0.0034964 secs] [Times: user=0.01 sys=0.00, real=0.01 secs] 
2020-10-29T14:48:18.827+0000: [GC (Allocation Failure) 2020-10-29T14:48:18.827+0000: [ParNew: 17589K->1829K(18432K), 0.0113639 secs] 303389K->288142K(481108K), 0.0114532 secs] [Times: user=0.02 sys=0.00, real=0.01 secs] 
2020-10-29T14:48:18.877+0000: [GC (Allocation Failure) 2020-10-29T14:48:18.878+0000: [ParNew: 18213K->1243K(18432K), 0.0091917 secs] 304526K->289012K(481108K), 0.0092709 secs] [Times: user=0.02 sys=0.00, real=0.01 secs] 
2020-10-29T14:48:18.924+0000: [GC (Allocation Failure) 2020-10-29T14:48:18.924+0000: [ParNew: 17627K->283K(18432K), 0.0065369 secs] 305396K->288052K(481108K), 0.0066166 secs] [Times: user=0.02 sys=0.00, real=0.01 secs] 
2020-10-29T14:48:18.976+0000: [GC (Allocation Failure) 2020-10-29T14:48:18.976+0000: [ParNew: 16667K->423K(18432K), 0.0045920 secs] 304436K->288191K(481108K), 0.0046685 secs] [Times: user=0.02 sys=0.00, real=0.00 secs] 
2020-10-29T14:48:19.027+0000: [GC (Allocation Failure) 2020-10-29T14:48:19.027+0000: [ParNew: 16807K->522K(18432K), 0.0045569 secs] 304575K->288290K(481108K), 0.0046350 secs] [Times: user=0.01 sys=0.00, real=0.00 secs] 
2020-10-29T14:48:19.080+0000: [GC (Allocation Failure) 2020-10-29T14:48:19.080+0000: [ParNew: 16906K->517K(18432K), 0.0023127 secs] 304674K->288286K(481108K), 0.0024002 secs] [Times: user=0.01 sys=0.00, real=0.00 secs] 
2020-10-29T14:48:19.124+0000: [GC (Allocation Failure) 2020-10-29T14:48:19.125+0000: [ParNew: 16901K->772K(18432K), 0.0023472 secs] 304670K->288540K(481108K), 0.0024050 secs] [Times: user=0.00 sys=0.00, real=0.00 secs] 
2020-10-29T14:48:19.151+0000: [GC (Allocation Failure) 2020-10-29T14:48:19.151+0000: [ParNew: 17156K->1284K(18432K), 0.0023617 secs] 304924K->289052K(481108K), 0.0024196 secs] [Times: user=0.00 sys=0.00, real=0.01 secs] 
2020-10-29T14:48:19.174+0000: [GC (Allocation Failure) 2020-10-29T14:48:19.174+0000: [ParNew: 17668K->516K(18432K), 0.0024085 secs] 305436K->288797K(481108K), 0.0024656 secs] [Times: user=0.01 sys=0.00, real=0.00 secs] 
2020-10-29T14:48:19.208+0000: [GC (Allocation Failure) 2020-10-29T14:48:19.208+0000: [ParNew: 16900K->1028K(18432K), 0.0023306 secs] 305181K->289309K(481108K), 0.0023884 secs] [Times: user=0.00 sys=0.00, real=0.00 secs] 
2020-10-29T14:48:19.232+0000: [GC (Allocation Failure) 2020-10-29T14:48:19.233+0000: [ParNew: 17412K->4K(18432K), 0.0022076 secs] 305693K->288797K(481108K), 0.0022620 secs] [Times: user=0.00 sys=0.00, real=0.00 secs] 
2020-10-29T14:48:19.268+0000: [GC (Allocation Failure) 2020-10-29T14:48:19.268+0000: [ParNew: 16388K->15K(18432K), 0.0022316 secs] 305181K->288808K(481108K), 0.0022888 secs] [Times: user=0.00 sys=0.00, real=0.00 secs] 
2020-10-29T14:48:19.291+0000: [GC (Allocation Failure) 2020-10-29T14:48:19.291+0000: [ParNew: 16399K->5K(18432K), 0.0023142 secs] 305192K->288798K(481108K), 0.0023736 secs] [Times: user=0.01 sys=0.00, real=0.01 secs] 
2020-10-29T14:48:19.309+0000: [GC (Allocation Failure) 2020-10-29T14:48:19.309+0000: [ParNew: 16389K->7K(18432K), 0.0021890 secs] 305182K->288800K(481108K), 0.0022467 secs] [Times: user=0.00 sys=0.00, real=0.00 secs] 
2020-10-29T14:48:19.328+0000: [GC (Allocation Failure) 2020-10-29T14:48:19.329+0000: [ParNew: 16391K->1031K(18432K), 0.0024613 secs] 305184K->290848K(481108K), 0.0025165 secs] [Times: user=0.00 sys=0.00, real=0.00 secs] 
2020-10-29T14:48:19.347+0000: [GC (Allocation Failure) 2020-10-29T14:48:19.347+0000: [ParNew: 17415K->5K(18432K), 0.0023003 secs] 307232K->289825K(481108K), 0.0023571 secs] [Times: user=0.01 sys=0.00, real=0.00 secs] 
2020-10-29T14:48:19.365+0000: [GC (Allocation Failure) 2020-10-29T14:48:19.365+0000: [ParNew: 16389K->1028K(18432K), 0.0024286 secs] 306209K->291872K(481108K), 0.0024858 secs] [Times: user=0.00 sys=0.00, real=0.00 secs] 
2020-10-29T14:48:19.384+0000: [GC (Allocation Failure) 2020-10-29T14:48:19.385+0000: [ParNew: 17412K->4K(18432K), 0.0021588 secs] 308256K->290848K(481108K), 0.0022148 secs] [Times: user=0.01 sys=0.00, real=0.00 secs] 
2020-10-29T14:48:19.403+0000: [GC (Allocation Failure) 2020-10-29T14:48:19.403+0000: [ParNew: 16388K->4K(18432K), 0.0021921 secs] 307232K->290848K(481108K), 0.0022495 secs] [Times: user=0.01 sys=0.00, real=0.01 secs] 
2020-10-29T14:48:19.428+0000: [GC (Allocation Failure) 2020-10-29T14:48:19.429+0000: [ParNew: 16388K->4K(18432K), 0.0021267 secs] 307232K->290848K(481108K), 0.0021843 secs] [Times: user=0.01 sys=0.00, real=0.00 secs] 
2020-10-29T14:48:19.456+0000: [GC (Allocation Failure) 2020-10-29T14:48:19.457+0000: [ParNew: 16388K->4K(18432K), 0.0021228 secs] 307232K->290848K(481108K), 0.0021785 secs] [Times: user=0.01 sys=0.00, real=0.00 secs] 
2020-10-29T14:48:19.483+0000: [GC (Allocation Failure) 2020-10-29T14:48:19.483+0000: [ParNew: 16388K->4K(18432K), 0.0021400 secs] 307232K->290848K(481108K), 0.0021976 secs] [Times: user=0.01 sys=0.00, real=0.01 secs] 
2020-10-29T14:48:19.506+0000: [GC (Allocation Failure) 2020-10-29T14:48:19.506+0000: [ParNew: 16388K->4K(18432K), 0.0021538 secs] 307232K->290848K(481108K), 0.0022099 secs] [Times: user=0.00 sys=0.00, real=0.00 secs] 
2020-10-29T14:48:19.529+0000: [GC (Allocation Failure) 2020-10-29T14:48:19.529+0000: [ParNew: 16388K->4K(18432K), 0.0021581 secs] 307232K->290848K(481108K), 0.0022161 secs] [Times: user=0.01 sys=0.00, real=0.00 secs] 
2020-10-29T14:48:19.556+0000: [GC (Allocation Failure) 2020-10-29T14:48:19.557+0000: [ParNew: 16388K->4K(18432K), 0.0021464 secs] 307232K->290848K(481108K), 0.0022236 secs] [Times: user=0.00 sys=0.00, real=0.00 secs] 
2020-10-29T14:48:19.585+0000: [GC (Allocation Failure) 2020-10-29T14:48:19.585+0000: [ParNew: 16388K->4K(18432K), 0.0021787 secs] 307232K->290848K(481108K), 0.0022589 secs] [Times: user=0.01 sys=0.00, real=0.00 secs] 
2020-10-29T14:48:19.609+0000: [GC (Allocation Failure) 2020-10-29T14:48:19.609+0000: [ParNew: 16388K->4K(18432K), 0.0021412 secs] 307232K->290848K(481108K), 0.0022121 secs] [Times: user=0.01 sys=0.00, real=0.00 secs] 
2020-10-29T14:48:19.640+0000: [GC (Allocation Failure) 2020-10-29T14:48:19.640+0000: [ParNew: 14562K->4K(18432K), 0.0048350 secs] 305406K->290848K(481108K), 0.0048914 secs] [Times: user=0.01 sys=0.00, real=0.01 secs] 
2020-10-29T14:48:19.667+0000: [GC (Allocation Failure) 2020-10-29T14:48:19.667+0000: [ParNew: 16388K->4K(18432K), 0.0025792 secs] 307232K->292896K(481108K), 0.0026547 secs] [Times: user=0.01 sys=0.00, real=0.00 secs] 
2020-10-29T14:48:19.693+0000: [GC (Allocation Failure) 2020-10-29T14:48:19.693+0000: [ParNew: 16388K->4K(18432K), 0.0025544 secs] 309280K->294944K(481108K), 0.0026280 secs] [Times: user=0.01 sys=0.00, real=0.00 secs] 
2020-10-29T14:48:19.717+0000: [GC (Allocation Failure) 2020-10-29T14:48:19.717+0000: [ParNew: 16388K->4K(18432K), 0.0021788 secs] 311328K->294944K(481108K), 0.0022351 secs] [Times: user=0.01 sys=0.00, real=0.00 secs] 
2020-10-29T14:48:19.747+0000: [GC (Allocation Failure) 2020-10-29T14:48:19.747+0000: [ParNew: 16388K->4K(18432K), 0.0021648 secs] 311328K->294944K(481108K), 0.0022419 secs] [Times: user=0.00 sys=0.00, real=0.00 secs] 
2020-10-29T14:48:19.779+0000: [GC (Allocation Failure) 2020-10-29T14:48:19.779+0000: [ParNew: 16388K->4K(18432K), 0.0046340 secs] 311328K->294944K(481108K), 0.0047151 secs] [Times: user=0.00 sys=0.00, real=0.00 secs] 
2020-10-29T14:48:19.806+0000: [GC (Allocation Failure) 2020-10-29T14:48:19.806+0000: [ParNew: 16388K->4K(18432K), 0.0043363 secs] 311328K->294944K(481108K), 0.0044069 secs] [Times: user=0.00 sys=0.00, real=0.00 secs] 
2020-10-29T14:48:19.835+0000: [GC (Allocation Failure) 2020-10-29T14:48:19.835+0000: [ParNew: 16388K->4K(18432K), 0.0043369 secs] 311328K->294944K(481108K), 0.0044088 secs] [Times: user=0.01 sys=0.00, real=0.00 secs] 
2020-10-29T14:48:19.864+0000: [GC (Allocation Failure) 2020-10-29T14:48:19.865+0000: [ParNew: 16388K->2K(18432K), 0.0043977 secs] 311328K->294943K(481108K), 0.0044721 secs] [Times: user=0.01 sys=0.00, real=0.00 secs] 
2020-10-29T14:48:19.892+0000: [GC (Allocation Failure) 2020-10-29T14:48:19.893+0000: [ParNew: 16386K->4K(18432K), 0.0045746 secs] 311327K->294945K(481108K), 0.0046508 secs] [Times: user=0.01 sys=0.00, real=0.00 secs] 
2020-10-29T14:48:19.918+0000: [GC (Allocation Failure) 2020-10-29T14:48:19.918+0000: [ParNew: 16388K->2K(18432K), 0.0044859 secs] 311329K->294943K(481108K), 0.0045578 secs] [Times: user=0.00 sys=0.00, real=0.00 secs] 
2020-10-29T14:48:19.944+0000: [GC (Allocation Failure) 2020-10-29T14:48:19.944+0000: [ParNew: 16386K->4K(18432K), 0.0044054 secs] 311327K->294945K(481108K), 0.0044775 secs] [Times: user=0.00 sys=0.00, real=0.01 secs] 
2020-10-29T14:48:19.968+0000: [GC (Allocation Failure) 2020-10-29T14:48:19.968+0000: [ParNew: 16388K->2K(18432K), 0.0044667 secs] 311329K->294943K(481108K), 0.0045387 secs] [Times: user=0.01 sys=0.00, real=0.01 secs] 
2020-10-29T14:48:19.998+0000: [GC (Allocation Failure) 2020-10-29T14:48:19.998+0000: [ParNew: 16386K->4K(18432K), 0.0043532 secs] 311327K->294945K(481108K), 0.0044279 secs] [Times: user=0.01 sys=0.00, real=0.00 secs] 
2020-10-29T14:48:20.027+0000: [GC (Allocation Failure) 2020-10-29T14:48:20.027+0000: [ParNew: 16388K->2K(18432K), 0.0043453 secs] 311329K->294943K(481108K), 0.0044181 secs] [Times: user=0.00 sys=0.00, real=0.00 secs] 
2020-10-29T14:48:20.064+0000: [GC (Allocation Failure) 2020-10-29T14:48:20.065+0000: [ParNew: 16386K->4K(18432K), 0.0021373 secs] 311327K->294945K(481108K), 0.0021937 secs] [Times: user=0.00 sys=0.00, real=0.00 secs] 
2020-10-29T14:48:20.088+0000: [GC (Allocation Failure) 2020-10-29T14:48:20.089+0000: [ParNew: 16388K->4K(18432K), 0.0021258 secs] 311329K->294945K(481108K), 0.0021893 secs] [Times: user=0.00 sys=0.00, real=0.00 secs] 
2020-10-29T14:48:20.114+0000: [GC (Allocation Failure) 2020-10-29T14:48:20.114+0000: [ParNew: 16388K->4K(18432K), 0.0021706 secs] 311329K->294945K(481108K), 0.0022277 secs] [Times: user=0.00 sys=0.00, real=0.00 secs] 
2020-10-29T14:48:20.140+0000: [GC (Allocation Failure) 2020-10-29T14:48:20.140+0000: [ParNew: 16388K->4K(18432K), 0.0021775 secs] 311329K->294945K(481108K), 0.0022531 secs] [Times: user=0.01 sys=0.00, real=0.00 secs] 
2020-10-29T14:48:20.157+0000: [GC (Allocation Failure) 2020-10-29T14:48:20.157+0000: [ParNew: 16388K->4K(18432K), 0.0027527 secs] 311329K->299041K(481108K), 0.0028103 secs] [Times: user=0.00 sys=0.00, real=0.00 secs] 
2020-10-29T14:48:20.176+0000: [GC (Allocation Failure) 2020-10-29T14:48:20.176+0000: [ParNew: 16388K->4K(18432K), 0.0021398 secs] 315425K->299041K(481108K), 0.0021946 secs] [Times: user=0.01 sys=0.00, real=0.00 secs] 
2020-10-29T14:48:20.193+0000: [GC (Allocation Failure) 2020-10-29T14:48:20.193+0000: [ParNew: 16388K->4K(18432K), 0.0021375 secs] 315425K->299041K(481108K), 0.0021942 secs] [Times: user=0.00 sys=0.00, real=0.00 secs] 
2020-10-29T14:48:20.209+0000: [GC (Allocation Failure) 2020-10-29T14:48:20.209+0000: [ParNew: 16388K->4K(18432K), 0.0021592 secs] 315425K->299041K(481108K), 0.0022168 secs] [Times: user=0.00 sys=0.00, real=0.00 secs] 
2020-10-29T14:48:20.228+0000: [GC (Allocation Failure) 2020-10-29T14:48:20.228+0000: [ParNew: 16388K->4K(18432K), 0.0021018 secs] 315425K->299041K(481108K), 0.0021532 secs] [Times: user=0.00 sys=0.00, real=0.00 secs] 
2020-10-29T14:48:20.249+0000: [GC (Allocation Failure) 2020-10-29T14:48:20.249+0000: [ParNew: 16388K->4K(18432K), 0.0021112 secs] 315425K->299041K(481108K), 0.0021654 secs] [Times: user=0.00 sys=0.00, real=0.00 secs] 
2020-10-29T14:48:20.266+0000: [GC (Allocation Failure) 2020-10-29T14:48:20.266+0000: [ParNew: 16388K->4K(18432K), 0.0020868 secs] 315425K->299041K(481108K), 0.0021379 secs] [Times: user=0.01 sys=0.00, real=0.00 secs] 
2020-10-29T14:48:20.284+0000: [GC (Allocation Failure) 2020-10-29T14:48:20.285+0000: [ParNew: 16388K->4K(18432K), 0.0021072 secs] 315425K->299041K(481108K), 0.0021608 secs] [Times: user=0.00 sys=0.00, real=0.00 secs] 
2020-10-29T14:48:20.301+0000: [GC (Allocation Failure) 2020-10-29T14:48:20.301+0000: [ParNew: 16388K->4K(18432K), 0.0020566 secs] 315425K->299041K(481108K), 0.0021094 secs] [Times: user=0.00 sys=0.00, real=0.00 secs] 
2020-10-29T14:48:20.318+0000: [GC (Allocation Failure) 2020-10-29T14:48:20.318+0000: [ParNew: 16388K->4K(18432K), 0.0022036 secs] 315425K->299041K(481108K), 0.0022575 secs] [Times: user=0.01 sys=0.00, real=0.00 secs] 
2020-10-29T14:48:20.332+0000: [GC (Allocation Failure) 2020-10-29T14:48:20.332+0000: [ParNew: 16388K->4K(18432K), 0.0027867 secs] 315425K->303137K(481108K), 0.0028433 secs] [Times: user=0.01 sys=0.00, real=0.01 secs] 
2020-10-29T14:48:20.349+0000: [GC (Allocation Failure) 2020-10-29T14:48:20.349+0000: [ParNew: 16388K->4K(18432K), 0.0021074 secs] 319521K->303137K(481108K), 0.0021581 secs] [Times: user=0.01 sys=0.00, real=0.00 secs] 
2020-10-29T14:48:20.369+0000: [GC (Allocation Failure) 2020-10-29T14:48:20.369+0000: [ParNew: 16388K->4K(18432K), 0.0021635 secs] 319521K->303137K(481108K), 0.0022219 secs] [Times: user=0.00 sys=0.00, real=0.00 secs] 
2020-10-29T14:48:20.385+0000: [GC (Allocation Failure) 2020-10-29T14:48:20.385+0000: [ParNew: 16388K->4K(18432K), 0.0021376 secs] 319521K->303137K(481108K), 0.0021951 secs] [Times: user=0.01 sys=0.00, real=0.00 secs] 
2020-10-29T14:48:20.404+0000: [GC (Allocation Failure) 2020-10-29T14:48:20.405+0000: [ParNew: 16388K->4K(18432K), 0.0021231 secs] 319521K->303137K(481108K), 0.0021723 secs] [Times: user=0.00 sys=0.00, real=0.00 secs] 
2020-10-29T14:48:20.421+0000: [GC (Allocation Failure) 2020-10-29T14:48:20.421+0000: [ParNew: 16388K->4K(18432K), 0.0020789 secs] 319521K->303137K(481108K), 0.0021335 secs] [Times: user=0.00 sys=0.00, real=0.00 secs] 
2020-10-29T14:48:20.440+0000: [GC (Allocation Failure) 2020-10-29T14:48:20.441+0000: [ParNew: 16388K->4K(18432K), 0.0021512 secs] 319521K->303137K(481108K), 0.0022079 secs] [Times: user=0.01 sys=0.00, real=0.00 secs] 
2020-10-29T14:48:20.457+0000: [GC (Allocation Failure) 2020-10-29T14:48:20.457+0000: [ParNew: 16388K->4K(18432K), 0.0021745 secs] 319521K->303137K(481108K), 0.0022306 secs] [Times: user=0.01 sys=0.00, real=0.00 secs] 
2020-10-29T14:48:20.476+0000: [GC (Allocation Failure) 2020-10-29T14:48:20.477+0000: [ParNew: 16388K->4K(18432K), 0.0021449 secs] 319521K->303137K(481108K), 0.0022030 secs] [Times: user=0.01 sys=0.00, real=0.00 secs] 
2020-10-29T14:48:20.493+0000: [GC (Allocation Failure) 2020-10-29T14:48:20.493+0000: [ParNew: 16388K->4K(18432K), 0.0020987 secs] 319521K->303137K(481108K), 0.0021537 secs] [Times: user=0.01 sys=0.00, real=0.00 secs] 
2020-10-29T14:48:20.510+0000: [GC (Allocation Failure) 2020-10-29T14:48:20.510+0000: [ParNew: 16388K->4K(18432K), 0.0019963 secs] 319521K->303137K(481108K), 0.0020466 secs] [Times: user=0.00 sys=0.00, real=0.00 secs] 
2020-10-29T14:48:20.526+0000: [GC (Allocation Failure) 2020-10-29T14:48:20.526+0000: [ParNew: 16388K->4K(18432K), 0.0021558 secs] 319521K->303137K(481108K), 0.0022120 secs] [Times: user=0.01 sys=0.00, real=0.00 secs] 
2020-10-29T14:48:20.542+0000: [GC (Allocation Failure) 2020-10-29T14:48:20.543+0000: [ParNew: 16388K->4K(18432K), 0.0021636 secs] 319521K->303137K(481108K), 0.0022210 secs] [Times: user=0.00 sys=0.00, real=0.01 secs] 
2020-10-29T14:48:20.559+0000: [GC (Allocation Failure) 2020-10-29T14:48:20.559+0000: [ParNew: 16388K->4K(18432K), 0.0020218 secs] 319521K->303137K(481108K), 0.0020735 secs] [Times: user=0.00 sys=0.00, real=0.00 secs] 
2020-10-29T14:48:20.575+0000: [GC (Allocation Failure) 2020-10-29T14:48:20.576+0000: [ParNew: 16388K->4K(18432K), 0.0021198 secs] 319521K->303137K(481108K), 0.0021821 secs] [Times: user=0.01 sys=0.00, real=0.00 secs] 
2020-10-29T14:48:20.596+0000: [GC (Allocation Failure) 2020-10-29T14:48:20.596+0000: [ParNew: 16388K->4K(18432K), 0.0021689 secs] 319521K->303137K(481108K), 0.0022217 secs] [Times: user=0.01 sys=0.00, real=0.00 secs] 
2020-10-29T14:48:20.613+0000: [GC (Allocation Failure) 2020-10-29T14:48:20.613+0000: [ParNew: 16388K->4K(18432K), 0.0020706 secs] 319521K->303137K(481108K), 0.0021225 secs] [Times: user=0.00 sys=0.00, real=0.00 secs] 
2020-10-29T14:48:20.629+0000: [GC (Allocation Failure) 2020-10-29T14:48:20.629+0000: [ParNew: 16388K->4K(18432K), 0.0020463 secs] 319521K->303137K(481108K), 0.0020952 secs] [Times: user=0.00 sys=0.00, real=0.00 secs] 
2020-10-29T14:48:20.650+0000: [GC (Allocation Failure) 2020-10-29T14:48:20.650+0000: [ParNew: 16388K->4K(18432K), 0.0021318 secs] 319521K->303137K(481108K), 0.0021877 secs] [Times: user=0.01 sys=0.00, real=0.00 secs] 
2020-10-29T14:48:20.668+0000: [GC (Allocation Failure) 2020-10-29T14:48:20.669+0000: [ParNew: 16388K->4K(18432K), 0.0021365 secs] 319521K->303137K(481108K), 0.0021985 secs] [Times: user=0.00 sys=0.00, real=0.00 secs] 
2020-10-29T14:48:20.688+0000: [GC (Allocation Failure) 2020-10-29T14:48:20.689+0000: [ParNew: 16388K->4K(18432K), 0.0021650 secs] 319521K->303137K(481108K), 0.0022209 secs] [Times: user=0.01 sys=0.00, real=0.00 secs] 
2020-10-29T14:48:20.708+0000: [GC (Allocation Failure) 2020-10-29T14:48:20.709+0000: [ParNew: 16388K->4K(18432K), 0.0021795 secs] 319521K->303137K(481108K), 0.0022377 secs] [Times: user=0.00 sys=0.00, real=0.00 secs] 
2020-10-29T14:48:20.726+0000: [GC (Allocation Failure) 2020-10-29T14:48:20.726+0000: [ParNew: 16388K->4K(18432K), 0.0021940 secs] 319521K->303137K(481108K), 0.0022612 secs] [Times: user=0.00 sys=0.00, real=0.00 secs] 
2020-10-29T14:48:20.743+0000: [GC (Allocation Failure) 2020-10-29T14:48:20.743+0000: [ParNew: 16388K->4K(18432K), 0.0021587 secs] 319521K->303137K(481108K), 0.0022154 secs] [Times: user=0.01 sys=0.00, real=0.01 secs] 
2020-10-29T14:48:20.759+0000: [GC (Allocation Failure) 2020-10-29T14:48:20.759+0000: [ParNew: 16388K->4K(18432K), 0.0021493 secs] 319521K->303137K(481108K), 0.0022205 secs] [Times: user=0.00 sys=0.00, real=0.00 secs] 
2020-10-29T14:48:20.776+0000: [GC (Allocation Failure) 2020-10-29T14:48:20.776+0000: [ParNew: 16388K->4K(18432K), 0.0021186 secs] 319521K->303137K(481108K), 0.0021710 secs] [Times: user=0.00 sys=0.00, real=0.00 secs] 
2020-10-29T14:48:20.796+0000: [GC (Allocation Failure) 2020-10-29T14:48:20.797+0000: [ParNew: 16388K->4K(18432K), 0.0021155 secs] 319521K->303137K(481108K), 0.0021702 secs] [Times: user=0.01 sys=0.00, real=0.00 secs] 
2020-10-29T14:48:20.813+0000: [GC (Allocation Failure) 2020-10-29T14:48:20.813+0000: [ParNew: 16388K->4K(18432K), 0.0020583 secs] 319521K->303137K(481108K), 0.0021098 secs] [Times: user=0.01 sys=0.00, real=0.00 secs] 
2020-10-29T14:48:20.830+0000: [GC (Allocation Failure) 2020-10-29T14:48:20.830+0000: [ParNew: 16388K->4K(18432K), 0.0020530 secs] 319521K->303137K(481108K), 0.0021070 secs] [Times: user=0.01 sys=0.00, real=0.00 secs] 
2020-10-29T14:48:20.848+0000: [GC (Allocation Failure) 2020-10-29T14:48:20.849+0000: [ParNew: 16388K->4K(18432K), 0.0021825 secs] 319521K->303137K(481108K), 0.0022382 secs] [Times: user=0.00 sys=0.00, real=0.00 secs] 
2020-10-29T14:48:20.865+0000: [GC (Allocation Failure) 2020-10-29T14:48:20.865+0000: [ParNew: 16388K->4K(18432K), 0.0021575 secs] 319521K->303137K(481108K), 0.0022208 secs] [Times: user=0.00 sys=0.00, real=0.00 secs] 
2020-10-29T14:48:20.885+0000: [GC (Allocation Failure) 2020-10-29T14:48:20.885+0000: [ParNew: 16388K->4K(18432K), 0.0021367 secs] 319521K->303137K(481108K), 0.0021944 secs] [Times: user=0.00 sys=0.00, real=0.00 secs] 
2020-10-29T14:48:20.902+0000: [GC (Allocation Failure) 2020-10-29T14:48:20.902+0000: [ParNew: 16388K->4K(18432K), 0.0021754 secs] 319521K->303137K(481108K), 0.0022329 secs] [Times: user=0.00 sys=0.00, real=0.00 secs] 
2020-10-29T14:48:20.922+0000: [GC (Allocation Failure) 2020-10-29T14:48:20.922+0000: [ParNew: 16388K->4K(18432K), 0.0021544 secs] 319521K->303137K(481108K), 0.0022114 secs] [Times: user=0.00 sys=0.00, real=0.01 secs] 
2020-10-29T14:48:20.940+0000: [GC (Allocation Failure) 2020-10-29T14:48:20.941+0000: [ParNew: 16388K->4K(18432K), 0.0021141 secs] 319521K->303137K(481108K), 0.0021681 secs] [Times: user=0.00 sys=0.00, real=0.00 secs] 
2020-10-29T14:48:20.960+0000: [GC (Allocation Failure) 2020-10-29T14:48:20.961+0000: [ParNew: 16388K->4K(18432K), 0.0020383 secs] 319521K->303137K(481108K), 0.0020900 secs] [Times: user=0.00 sys=0.00, real=0.00 secs] 
2020-10-29T14:48:20.980+0000: [GC (Allocation Failure) 2020-10-29T14:48:20.981+0000: [ParNew: 16388K->4K(18432K), 0.0020727 secs] 319521K->303137K(481108K), 0.0021251 secs] [Times: user=0.00 sys=0.00, real=0.00 secs] 
2020-10-29T14:48:20.997+0000: [GC (Allocation Failure) 2020-10-29T14:48:20.997+0000: [ParNew: 16388K->4K(18432K), 0.0021458 secs] 319521K->303137K(481108K), 0.0021994 secs] [Times: user=0.00 sys=0.00, real=0.00 secs] 
2020-10-29T14:48:21.014+0000: [GC (Allocation Failure) 2020-10-29T14:48:21.014+0000: [ParNew: 16388K->4K(18432K), 0.0020728 secs] 319521K->303138K(481108K), 0.0021251 secs] [Times: user=0.01 sys=0.00, real=0.00 secs] 
2020-10-29T14:48:21.030+0000: [GC (Allocation Failure) 2020-10-29T14:48:21.030+0000: [ParNew: 16388K->4K(18432K), 0.0021239 secs] 319522K->303138K(481108K), 0.0021775 secs] [Times: user=0.01 sys=0.00, real=0.01 secs] 
2020-10-29T14:48:21.048+0000: [GC (Allocation Failure) 2020-10-29T14:48:21.049+0000: [ParNew: 16388K->4K(18432K), 0.0021462 secs] 319522K->303138K(481108K), 0.0022003 secs] [Times: user=0.01 sys=0.00, real=0.00 secs] 
2020-10-29T14:48:21.068+0000: [GC (Allocation Failure) 2020-10-29T14:48:21.069+0000: [ParNew: 16388K->4K(18432K), 0.0021407 secs] 319522K->303138K(481108K), 0.0021951 secs] [Times: user=0.01 sys=0.00, real=0.00 secs] 
2020-10-29T14:48:21.085+0000: [GC (Allocation Failure) 2020-10-29T14:48:21.085+0000: [ParNew: 16388K->4K(18432K), 0.0021809 secs] 319522K->303138K(481108K), 0.0022307 secs] [Times: user=0.01 sys=0.00, real=0.00 secs] 
2020-10-29T14:48:21.101+0000: [GC (Allocation Failure) 2020-10-29T14:48:21.101+0000: [ParNew: 16388K->4K(18432K), 0.0033227 secs] 319522K->303138K(481108K), 0.0033717 secs] [Times: user=0.01 sys=0.00, real=0.01 secs] 
2020-10-29T14:48:21.119+0000: [GC (Allocation Failure) 2020-10-29T14:48:21.119+0000: [ParNew: 16388K->4K(18432K), 0.0019990 secs] 319522K->303138K(481108K), 0.0020463 secs] [Times: user=0.01 sys=0.00, real=0.00 secs] 
2020-10-29T14:48:21.136+0000: [GC (Allocation Failure) 2020-10-29T14:48:21.136+0000: [ParNew: 16388K->4K(18432K), 0.0020508 secs] 319522K->303138K(481108K), 0.0021038 secs] [Times: user=0.00 sys=0.00, real=0.00 secs] 
2020-10-29T14:48:21.152+0000: [GC (Allocation Failure) 2020-10-29T14:48:21.152+0000: [ParNew: 16388K->4K(18432K), 0.0021085 secs] 319522K->303138K(481108K), 0.0021612 secs] [Times: user=0.00 sys=0.00, real=0.01 secs] 
2020-10-29T14:48:21.169+0000: [GC (Allocation Failure) 2020-10-29T14:48:21.169+0000: [ParNew: 16388K->4K(18432K), 0.0020958 secs] 319522K->303138K(481108K), 0.0021474 secs] [Times: user=0.00 sys=0.00, real=0.00 secs] 
2020-10-29T14:48:21.185+0000: [GC (Allocation Failure) 2020-10-29T14:48:21.185+0000: [ParNew: 16388K->4K(18432K), 0.0021082 secs] 319522K->303138K(481108K), 0.0021631 secs] [Times: user=0.00 sys=0.00, real=0.00 secs] 
2020-10-29T14:48:21.203+0000: [GC (Allocation Failure) 2020-10-29T14:48:21.203+0000: [ParNew: 16388K->4K(18432K), 0.0026227 secs] 319522K->303138K(481108K), 0.0026809 secs] [Times: user=0.01 sys=0.00, real=0.01 secs] 
2020-10-29T14:48:21.221+0000: [GC (Allocation Failure) 2020-10-29T14:48:21.221+0000: [ParNew: 16388K->4K(18432K), 0.0021363 secs] 319522K->303138K(481108K), 0.0021929 secs] [Times: user=0.01 sys=0.00, real=0.00 secs] 
2020-10-29T14:48:21.237+0000: [GC (Allocation Failure) 2020-10-29T14:48:21.237+0000: [ParNew: 16388K->4K(18432K), 0.0021248 secs] 319522K->303138K(481108K), 0.0021805 secs] [Times: user=0.00 sys=0.00, real=0.00 secs] 
2020-10-29T14:48:21.254+0000: [GC (Allocation Failure) 2020-10-29T14:48:21.254+0000: [ParNew: 16388K->4K(18432K), 0.0020856 secs] 319522K->303138K(481108K), 0.0021380 secs] [Times: user=0.00 sys=0.00, real=0.00 secs] 
2020-10-29T14:48:21.274+0000: [GC (Allocation Failure) 2020-10-29T14:48:21.274+0000: [ParNew: 16388K->4K(18432K), 0.0021745 secs] 319522K->303138K(481108K), 0.0022544 secs] [Times: user=0.01 sys=0.00, real=0.00 secs] 
2020-10-29T14:48:21.292+0000: [GC (Allocation Failure) 2020-10-29T14:48:21.292+0000: [ParNew: 16388K->4K(18432K), 0.0020807 secs] 319522K->303138K(481108K), 0.0021323 secs] [Times: user=0.01 sys=0.00, real=0.00 secs] 
2020-10-29T14:48:21.312+0000: [GC (Allocation Failure) 2020-10-29T14:48:21.313+0000: [ParNew: 16388K->4K(18432K), 0.0020497 secs] 319522K->303138K(481108K), 0.0021014 secs] [Times: user=0.01 sys=0.00, real=0.00 secs] 
2020-10-29T14:48:21.329+0000: [GC (Allocation Failure) 2020-10-29T14:48:21.329+0000: [ParNew: 16388K->4K(18432K), 0.0019852 secs] 319522K->303138K(481108K), 0.0020347 secs] [Times: user=0.00 sys=0.00, real=0.00 secs] 
2020-10-29T14:48:21.345+0000: [GC (Allocation Failure) 2020-10-29T14:48:21.345+0000: [ParNew: 16388K->4K(18432K), 0.0020160 secs] 319522K->303138K(481108K), 0.0020659 secs] [Times: user=0.01 sys=0.00, real=0.00 secs] 
2020-10-29T14:48:21.362+0000: [GC (Allocation Failure) 2020-10-29T14:48:21.362+0000: [ParNew: 16388K->4K(18432K), 0.0020122 secs] 319522K->303138K(481108K), 0.0020609 secs] [Times: user=0.00 sys=0.00, real=0.00 secs] 
2020-10-29T14:48:21.378+0000: [GC (Allocation Failure) 2020-10-29T14:48:21.378+0000: [ParNew: 16388K->4K(18432K), 0.0020408 secs] 319522K->303138K(481108K), 0.0020933 secs] [Times: user=0.00 sys=0.00, real=0.00 secs] 
2020-10-29T14:48:21.394+0000: [GC (Allocation Failure) 2020-10-29T14:48:21.394+0000: [ParNew: 16388K->4K(18432K), 0.0019898 secs] 319522K->303138K(481108K), 0.0020357 secs] [Times: user=0.00 sys=0.00, real=0.00 secs] 
2020-10-29T14:48:21.412+0000: [GC (Allocation Failure) 2020-10-29T14:48:21.412+0000: [ParNew: 16345K->4K(18432K), 0.0020281 secs] 319479K->303138K(481108K), 0.0020807 secs] [Times: user=0.00 sys=0.00, real=0.00 secs] 
2020-10-29T14:48:21.429+0000: [GC (Allocation Failure) 2020-10-29T14:48:21.429+0000: [ParNew: 16388K->4K(18432K), 0.0020065 secs] 319522K->303138K(481108K), 0.0020582 secs] [Times: user=0.00 sys=0.00, real=0.00 secs] 
2020-10-29T14:48:21.445+0000: [GC (Allocation Failure) 2020-10-29T14:48:21.445+0000: [ParNew: 16388K->4K(18432K), 0.0020803 secs] 319522K->303138K(481108K), 0.0021390 secs] [Times: user=0.01 sys=0.00, real=0.00 secs] 
2020-10-29T14:48:21.462+0000: [GC (Allocation Failure) 2020-10-29T14:48:21.462+0000: [ParNew: 16388K->4K(18432K), 0.0019647 secs] 319522K->303138K(481108K), 0.0020148 secs] [Times: user=0.00 sys=0.00, real=0.00 secs] 
2020-10-29T14:48:21.480+0000: [GC (Allocation Failure) 2020-10-29T14:48:21.481+0000: [ParNew: 16388K->4K(18432K), 0.0020816 secs] 319522K->303138K(481108K), 0.0021415 secs] [Times: user=0.01 sys=0.00, real=0.00 secs] 
2020-10-29T14:48:21.497+0000: [GC (Allocation Failure) 2020-10-29T14:48:21.497+0000: [ParNew: 16388K->4K(18432K), 0.0019807 secs] 319522K->303138K(481108K), 0.0020365 secs] [Times: user=0.01 sys=0.00, real=0.00 secs] 
2020-10-29T14:48:21.513+0000: [GC (Allocation Failure) 2020-10-29T14:48:21.513+0000: [ParNew: 16388K->4K(18432K), 0.0020670 secs] 319522K->303138K(481108K), 0.0021201 secs] [Times: user=0.00 sys=0.00, real=0.00 secs] 
2020-10-29T14:48:21.530+0000: [GC (Allocation Failure) 2020-10-29T14:48:21.530+0000: [ParNew: 16388K->4K(18432K), 0.0020153 secs] 319522K->303138K(481108K), 0.0020657 secs] [Times: user=0.01 sys=0.00, real=0.00 secs] 
2020-10-29T14:48:21.546+0000: [GC (Allocation Failure) 2020-10-29T14:48:21.546+0000: [ParNew: 16388K->4K(18432K), 0.0021026 secs] 319522K->303138K(481108K), 0.0021542 secs] [Times: user=0.00 sys=0.00, real=0.00 secs] 
2020-10-29T14:48:21.562+0000: [GC (Allocation Failure) 2020-10-29T14:48:21.562+0000: [ParNew: 16388K->4K(18432K), 0.0020535 secs] 319522K->303138K(481108K), 0.0021053 secs] [Times: user=0.01 sys=0.00, real=0.00 secs] 
2020-10-29T14:48:21.579+0000: [GC (Allocation Failure) 2020-10-29T14:48:21.579+0000: [ParNew: 16388K->4K(18432K), 0.0020697 secs] 319522K->303138K(481108K), 0.0021213 secs] [Times: user=0.00 sys=0.00, real=0.00 secs] 
2020-10-29T14:48:21.595+0000: [GC (Allocation Failure) 2020-10-29T14:48:21.595+0000: [ParNew: 16388K->4K(18432K), 0.0021727 secs] 319522K->303138K(481108K), 0.0022252 secs] [Times: user=0.01 sys=0.00, real=0.00 secs] 
2020-10-29T14:48:21.616+0000: [GC (Allocation Failure) 2020-10-29T14:48:21.617+0000: [ParNew: 16388K->4K(18432K), 0.0021504 secs] 319522K->303138K(481108K), 0.0022071 secs] [Times: user=0.00 sys=0.00, real=0.00 secs] 
2020-10-29T14:48:21.636+0000: [GC (Allocation Failure) 2020-10-29T14:48:21.636+0000: [ParNew: 16388K->4K(18432K), 0.0021403 secs] 319522K->303138K(481108K), 0.0021957 secs] [Times: user=0.01 sys=0.00, real=0.00 secs] 
2020-10-29T14:48:21.656+0000: [GC (Allocation Failure) 2020-10-29T14:48:21.656+0000: [ParNew: 16388K->4K(18432K), 0.0021661 secs] 319522K->303138K(481108K), 0.0022241 secs] [Times: user=0.01 sys=0.00, real=0.00 secs] 
2020-10-29T14:48:21.676+0000: [GC (Allocation Failure) 2020-10-29T14:48:21.677+0000: [ParNew: 16388K->4K(18432K), 0.0021066 secs] 319522K->303138K(481108K), 0.0021618 secs] [Times: user=0.01 sys=0.00, real=0.00 secs] 
2020-10-29T14:48:21.693+0000: [GC (Allocation Failure) 2020-10-29T14:48:21.693+0000: [ParNew: 16388K->4K(18432K), 0.0020053 secs] 319522K->303138K(481108K), 0.0020553 secs] [Times: user=0.00 sys=0.00, real=0.00 secs] 
2020-10-29T14:48:21.709+0000: [GC (Allocation Failure) 2020-10-29T14:48:21.709+0000: [ParNew: 16388K->4K(18432K), 0.0020809 secs] 319522K->303138K(481108K), 0.0021345 secs] [Times: user=0.00 sys=0.00, real=0.00 secs] 
2020-10-29T14:48:21.728+0000: [GC (Allocation Failure) 2020-10-29T14:48:21.728+0000: [ParNew: 16388K->4K(18432K), 0.0020819 secs] 319522K->303138K(481108K), 0.0021351 secs] [Times: user=0.01 sys=0.00, real=0.00 secs] 
2020-10-29T14:48:21.745+0000: [GC (Allocation Failure) 2020-10-29T14:48:21.745+0000: [ParNew: 16388K->2K(18432K), 0.0033484 secs] 319522K->303136K(481108K), 0.0034006 secs] [Times: user=0.01 sys=0.00, real=0.00 secs] 
2020-10-29T14:48:21.762+0000: [GC (Allocation Failure) 2020-10-29T14:48:21.763+0000: [ParNew: 16386K->4K(18432K), 0.0021009 secs] 319520K->303138K(481108K), 0.0021636 secs] [Times: user=0.00 sys=0.00, real=0.01 secs] 
2020-10-29T14:48:21.779+0000: [GC (Allocation Failure) 2020-10-29T14:48:21.779+0000: [ParNew: 16388K->4K(18432K), 0.0021695 secs] 319522K->303138K(481108K), 0.0022266 secs] [Times: user=0.00 sys=0.00, real=0.00 secs] 
2020-10-29T14:48:21.796+0000: [GC (Allocation Failure) 2020-10-29T14:48:21.797+0000: [ParNew: 16388K->4K(18432K), 0.0020377 secs] 319522K->303138K(481108K), 0.0020892 secs] [Times: user=0.01 sys=0.00, real=0.00 secs] 
2020-10-29T14:48:21.813+0000: [GC (Allocation Failure) 2020-10-29T14:48:21.813+0000: [ParNew: 16388K->4K(18432K), 0.0020407 secs] 319522K->303138K(481108K), 0.0020918 secs] [Times: user=0.00 sys=0.00, real=0.00 secs] 
2020-10-29T14:48:21.832+0000: [GC (Allocation Failure) 2020-10-29T14:48:21.833+0000: [ParNew: 16388K->4K(18432K), 0.0021934 secs] 319522K->303138K(481108K), 0.0022598 secs] [Times: user=0.00 sys=0.00, real=0.00 secs] 
2020-10-29T14:48:21.849+0000: [GC (Allocation Failure) 2020-10-29T14:48:21.849+0000: [ParNew: 16388K->4K(18432K), 0.0021577 secs] 319522K->303138K(481108K), 0.0022150 secs] [Times: user=0.00 sys=0.01, real=0.00 secs] 
2020-10-29T14:48:21.866+0000: [GC (Allocation Failure) 2020-10-29T14:48:21.866+0000: [ParNew: 16388K->4K(18432K), 0.0020688 secs] 319522K->303138K(481108K), 0.0021217 secs] [Times: user=0.00 sys=0.00, real=0.00 secs] 
2020-10-29T14:48:21.882+0000: [GC (Allocation Failure) 2020-10-29T14:48:21.882+0000: [ParNew: 16388K->4K(18432K), 0.0021785 secs] 319522K->303138K(481108K), 0.0022377 secs] [Times: user=0.01 sys=0.00, real=0.00 secs] 
2020-10-29T14:48:21.900+0000: [GC (Allocation Failure) 2020-10-29T14:48:21.901+0000: [ParNew: 16388K->4K(18432K), 0.0021200 secs] 319522K->303138K(481108K), 0.0021768 secs] [Times: user=0.00 sys=0.00, real=0.00 secs] 
2020-10-29T14:48:21.917+0000: [GC (Allocation Failure) 2020-10-29T14:48:21.917+0000: [ParNew: 16388K->4K(18432K), 0.0021807 secs] 319522K->303138K(481108K), 0.0022377 secs] [Times: user=0.00 sys=0.00, real=0.00 secs] 
2020-10-29T14:48:21.933+0000: [GC (Allocation Failure) 2020-10-29T14:48:21.933+0000: [ParNew: 16388K->4K(18432K), 0.0021746 secs] 319522K->303138K(481108K), 0.0022369 secs] [Times: user=0.01 sys=0.00, real=0.00 secs] 
2020-10-29T14:48:21.950+0000: [GC (Allocation Failure) 2020-10-29T14:48:21.950+0000: [ParNew: 16388K->4K(18432K), 0.0020970 secs] 319522K->303138K(481108K), 0.0021528 secs] [Times: user=0.00 sys=0.00, real=0.00 secs] 
2020-10-29T14:48:21.966+0000: [GC (Allocation Failure) 2020-10-29T14:48:21.966+0000: [ParNew: 16388K->4K(18432K), 0.0020150 secs] 319522K->303138K(481108K), 0.0020639 secs] [Times: user=0.00 sys=0.00, real=0.00 secs] 
2020-10-29T14:48:21.984+0000: [GC (Allocation Failure) 2020-10-29T14:48:21.984+0000: [ParNew: 16388K->4K(18432K), 0.0019735 secs] 319522K->303138K(481108K), 0.0020229 secs] [Times: user=0.00 sys=0.00, real=0.00 secs] 
2020-10-29T14:48:22.001+0000: [GC (Allocation Failure) 2020-10-29T14:48:22.001+0000: [ParNew: 16388K->4K(18432K), 0.0019976 secs] 319522K->303138K(481108K), 0.0020482 secs] [Times: user=0.00 sys=0.00, real=0.00 secs] 
2020-10-29T14:48:22.021+0000: [GC (Allocation Failure) 2020-10-29T14:48:22.021+0000: [ParNew: 16388K->4K(18432K), 0.0021286 secs] 319522K->303138K(481108K), 0.0021842 secs] [Times: user=0.00 sys=0.00, real=0.00 secs] 
2020-10-29T14:48:22.037+0000: [GC (Allocation Failure) 2020-10-29T14:48:22.037+0000: [ParNew: 16388K->4K(18432K), 0.0021114 secs] 319522K->303138K(481108K), 0.0021653 secs] [Times: user=0.00 sys=0.00, real=0.00 secs] 
2020-10-29T14:48:22.053+0000: [GC (Allocation Failure) 2020-10-29T14:48:22.054+0000: [ParNew: 16388K->4K(18432K), 0.0022082 secs] 319522K->303138K(481108K), 0.0022644 secs] [Times: user=0.00 sys=0.00, real=0.00 secs] 
2020-10-29T14:48:22.072+0000: [GC (Allocation Failure) 2020-10-29T14:48:22.073+0000: [ParNew: 16388K->4K(18432K), 0.0020836 secs] 319522K->303138K(481108K), 0.0021362 secs] [Times: user=0.00 sys=0.00, real=0.00 secs] 
2020-10-29T14:48:22.096+0000: [GC (Allocation Failure) 2020-10-29T14:48:22.097+0000: [ParNew: 16388K->4K(18432K), 0.0021007 secs] 319522K->303138K(481108K), 0.0021554 secs] [Times: user=0.00 sys=0.00, real=0.00 secs] 
2020-10-29T14:48:22.116+0000: [GC (Allocation Failure) 2020-10-29T14:48:22.116+0000: [ParNew: 16388K->4K(18432K), 0.0021905 secs] 319522K->303138K(481108K), 0.0022506 secs] [Times: user=0.00 sys=0.00, real=0.00 secs] 
2020-10-29T14:48:22.135+0000: [GC (Allocation Failure) 2020-10-29T14:48:22.135+0000: [ParNew: 16388K->4K(18432K), 0.0021330 secs] 319522K->303138K(481108K), 0.0021872 secs] [Times: user=0.01 sys=0.00, real=0.00 secs] 
2020-10-29T14:48:22.151+0000: [GC (Allocation Failure) 2020-10-29T14:48:22.152+0000: [ParNew: 16388K->4K(18432K), 0.0021745 secs] 319522K->303138K(481108K), 0.0022310 secs] [Times: user=0.00 sys=0.00, real=0.01 secs] 
2020-10-29T14:48:22.168+0000: [GC (Allocation Failure) 2020-10-29T14:48:22.168+0000: [ParNew: 16388K->4K(18432K), 0.0021956 secs] 319522K->303138K(481108K), 0.0022520 secs] [Times: user=0.00 sys=0.00, real=0.00 secs] 
2020-10-29T14:48:22.188+0000: [GC (Allocation Failure) 2020-10-29T14:48:22.188+0000: [ParNew: 16388K->4K(18432K), 0.0020926 secs] 319522K->303138K(481108K), 0.0021465 secs] [Times: user=0.00 sys=0.00, real=0.00 secs] 
2020-10-29T14:48:22.206+0000: [GC (Allocation Failure) 2020-10-29T14:48:22.206+0000: [ParNew: 16388K->4K(18432K), 0.0021158 secs] 319522K->303138K(481108K), 0.0022031 secs] [Times: user=0.01 sys=0.00, real=0.00 secs] 
2020-10-29T14:48:22.223+0000: [GC (Allocation Failure) 2020-10-29T14:48:22.223+0000: [ParNew: 16388K->4K(18432K), 0.0021608 secs] 319522K->303138K(481108K), 0.0022102 secs] [Times: user=0.00 sys=0.00, real=0.01 secs] 
2020-10-29T14:48:22.240+0000: [GC (Allocation Failure) 2020-10-29T14:48:22.241+0000: [ParNew: 16388K->4K(18432K), 0.0021329 secs] 319522K->303138K(481108K), 0.0021882 secs] [Times: user=0.00 sys=0.00, real=0.00 secs] 
2020-10-29T14:48:22.260+0000: [GC (Allocation Failure) 2020-10-29T14:48:22.260+0000: [ParNew: 16388K->4K(18432K), 0.0020598 secs] 319522K->303138K(481108K), 0.0021080 secs] [Times: user=0.00 sys=0.00, real=0.00 secs] 
2020-10-29T14:48:22.277+0000: [GC (Allocation Failure) 2020-10-29T14:48:22.277+0000: [ParNew: 16388K->4K(18432K), 0.0021569 secs] 319522K->303138K(481108K), 0.0022127 secs] [Times: user=0.01 sys=0.00, real=0.00 secs] 
2020-10-29T14:48:22.293+0000: [GC (Allocation Failure) 2020-10-29T14:48:22.293+0000: [ParNew: 16388K->4K(18432K), 0.0021758 secs] 319522K->303138K(481108K), 0.0022332 secs] [Times: user=0.00 sys=0.00, real=0.00 secs] 
2020-10-29T14:48:22.312+0000: [GC (Allocation Failure) 2020-10-29T14:48:22.313+0000: [ParNew: 16388K->4K(18432K), 0.0021329 secs] 319522K->303138K(481108K), 0.0021869 secs] [Times: user=0.01 sys=0.00, real=0.00 secs] 
2020-10-29T14:48:22.329+0000: [GC (Allocation Failure) 2020-10-29T14:48:22.329+0000: [ParNew: 16388K->4K(18432K), 0.0020698 secs] 319522K->303138K(481108K), 0.0021229 secs] [Times: user=0.01 sys=0.00, real=0.00 secs] 
2020-10-29T14:48:22.345+0000: [GC (Allocation Failure) 2020-10-29T14:48:22.345+0000: [ParNew: 16388K->4K(18432K), 0.0020627 secs] 319522K->303138K(481108K), 0.0021151 secs] [Times: user=0.00 sys=0.00, real=0.00 secs] 
2020-10-29T14:48:22.364+0000: [GC (Allocation Failure) 2020-10-29T14:48:22.364+0000: [ParNew: 16388K->4K(18432K), 0.0020676 secs] 319522K->303138K(481108K), 0.0021176 secs] [Times: user=0.00 sys=0.00, real=0.00 secs] 
2020-10-29T14:48:22.384+0000: [GC (Allocation Failure) 2020-10-29T14:48:22.385+0000: [ParNew: 16388K->4K(18432K), 0.0020925 secs] 319522K->303138K(481108K), 0.0021453 secs] [Times: user=0.01 sys=0.00, real=0.00 secs] 
2020-10-29T14:48:22.401+0000: [GC (Allocation Failure) 2020-10-29T14:48:22.401+0000: [ParNew: 16388K->4K(18432K), 0.0021538 secs] 319522K->303138K(481108K), 0.0022097 secs] [Times: user=0.00 sys=0.00, real=0.00 secs] 
2020-10-29T14:48:22.417+0000: [GC (Allocation Failure) 2020-10-29T14:48:22.417+0000: [ParNew: 16388K->4K(18432K), 0.0021521 secs] 319522K->303138K(481108K), 0.0022155 secs] [Times: user=0.00 sys=0.00, real=0.00 secs] 
2020-10-29T14:48:22.436+0000: [GC (Allocation Failure) 2020-10-29T14:48:22.437+0000: [ParNew: 16388K->4K(18432K), 0.0021522 secs] 319522K->303138K(481108K), 0.0022075 secs] [Times: user=0.01 sys=0.00, real=0.00 secs] 
2020-10-29T14:48:22.453+0000: [GC (Allocation Failure) 2020-10-29T14:48:22.453+0000: [ParNew: 16388K->4K(18432K), 0.0021677 secs] 319522K->303138K(481108K), 0.0022255 secs] [Times: user=0.01 sys=0.00, real=0.00 secs] 
2020-10-29T14:48:22.472+0000: [GC (Allocation Failure) 2020-10-29T14:48:22.473+0000: [ParNew: 16388K->4K(18432K), 0.0021003 secs] 319522K->303138K(481108K), 0.0021538 secs] [Times: user=0.00 sys=0.00, real=0.00 secs] 
2020-10-29T14:48:22.489+0000: [GC (Allocation Failure) 2020-10-29T14:48:22.489+0000: [ParNew: 16388K->4K(18432K), 0.0019687 secs] 319522K->303138K(481108K), 0.0020191 secs] [Times: user=0.00 sys=0.00, real=0.00 secs] 
2020-10-29T14:48:22.508+0000: [GC (Allocation Failure) 2020-10-29T14:48:22.508+0000: [ParNew: 16388K->4K(18432K), 0.0020424 secs] 319522K->303138K(481108K), 0.0020935 secs] [Times: user=0.01 sys=0.00, real=0.00 secs] 
2020-10-29T14:48:22.528+0000: [GC (Allocation Failure) 2020-10-29T14:48:22.529+0000: [ParNew: 16388K->4K(18432K), 0.0021079 secs] 319522K->303138K(481108K), 0.0021625 secs] [Times: user=0.01 sys=0.00, real=0.00 secs] 
2020-10-29T14:48:22.548+0000: [GC (Allocation Failure) 2020-10-29T14:48:22.548+0000: [ParNew: 16388K->4K(18432K), 0.0021291 secs] 319522K->303138K(481108K), 0.0021837 secs] [Times: user=0.01 sys=0.00, real=0.00 secs] 
2020-10-29T14:48:22.568+0000: [GC (Allocation Failure) 2020-10-29T14:48:22.569+0000: [ParNew: 16388K->4K(18432K), 0.0021697 secs] 319522K->303138K(481108K), 0.0022269 secs] [Times: user=0.01 sys=0.00, real=0.00 secs] 
2020-10-29T14:48:22.585+0000: [GC (Allocation Failure) 2020-10-29T14:48:22.585+0000: [ParNew: 16388K->4K(18432K), 0.0021484 secs] 319522K->303138K(481108K), 0.0022185 secs] [Times: user=0.01 sys=0.00, real=0.00 secs] 
2020-10-29T14:48:22.604+0000: [GC (Allocation Failure) 2020-10-29T14:48:22.605+0000: [ParNew: 16388K->4K(18432K), 0.0021355 secs] 319522K->303138K(481108K), 0.0021911 secs] [Times: user=0.00 sys=0.00, real=0.00 secs] 
2020-10-29T14:48:22.621+0000: [GC (Allocation Failure) 2020-10-29T14:48:22.621+0000: [ParNew: 16388K->4K(18432K), 0.0021452 secs] 319522K->303138K(481108K), 0.0022030 secs] [Times: user=0.01 sys=0.00, real=0.00 secs] 
2020-10-29T14:48:22.640+0000: [GC (Allocation Failure) 2020-10-29T14:48:22.641+0000: [ParNew: 16388K->4K(18432K), 0.0020969 secs] 319522K->303138K(481108K), 0.0021505 secs] [Times: user=0.00 sys=0.00, real=0.00 secs] 
2020-10-29T14:48:22.657+0000: [GC (Allocation Failure) 2020-10-29T14:48:22.657+0000: [ParNew: 16388K->4K(18432K), 0.0021245 secs] 319522K->303138K(481108K), 0.0021915 secs] [Times: user=0.00 sys=0.00, real=0.00 secs] 
2020-10-29T14:48:22.676+0000: [GC (Allocation Failure) 2020-10-29T14:48:22.677+0000: [ParNew: 16388K->4K(18432K), 0.0021370 secs] 319522K->303138K(481108K), 0.0021929 secs] [Times: user=0.00 sys=0.00, real=0.00 secs] 
2020-10-29T14:48:22.696+0000: [GC (Allocation Failure) 2020-10-29T14:48:22.697+0000: [ParNew: 16388K->4K(18432K), 0.0021391 secs] 319522K->303138K(481108K), 0.0021951 secs] [Times: user=0.01 sys=0.00, real=0.00 secs] 
2020-10-29T14:48:22.713+0000: [GC (Allocation Failure) 2020-10-29T14:48:22.713+0000: [ParNew: 16388K->4K(18432K), 0.0021510 secs] 319522K->303138K(481108K), 0.0022077 secs] [Times: user=0.01 sys=0.00, real=0.00 secs] 
2020-10-29T14:48:22.732+0000: [GC (Allocation Failure) 2020-10-29T14:48:22.733+0000: [ParNew: 16388K->4K(18432K), 0.0021691 secs] 319522K->303138K(481108K), 0.0022260 secs] [Times: user=0.00 sys=0.00, real=0.00 secs] 
2020-10-29T14:48:22.752+0000: [GC (Allocation Failure) 2020-10-29T14:48:22.753+0000: [ParNew: 16388K->4K(18432K), 0.0021508 secs] 319522K->303138K(481108K), 0.0022077 secs] [Times: user=0.00 sys=0.00, real=0.00 secs] 
2020-10-29T14:48:22.772+0000: [GC (Allocation Failure) 2020-10-29T14:48:22.773+0000: [ParNew: 16388K->4K(18432K), 0.0021574 secs] 319522K->303138K(481108K), 0.0022109 secs] [Times: user=0.00 sys=0.00, real=0.00 secs] 
2020-10-29T14:48:22.789+0000: [GC (Allocation Failure) 2020-10-29T14:48:22.789+0000: [ParNew: 16388K->4K(18432K), 0.0021513 secs] 319522K->303138K(481108K), 0.0022089 secs] [Times: user=0.00 sys=0.00, real=0.00 secs] 
2020-10-29T14:48:22.808+0000: [GC (Allocation Failure) 2020-10-29T14:48:22.808+0000: [ParNew: 16388K->4K(18432K), 0.0021873 secs] 319522K->303138K(481108K), 0.0022698 secs] [Times: user=0.00 sys=0.00, real=0.00 secs] 
2020-10-29T14:48:22.824+0000: [GC (Allocation Failure) 2020-10-29T14:48:22.824+0000: [ParNew: 16388K->4K(18432K), 0.0023265 secs] 319522K->303138K(481108K), 0.0023825 secs] [Times: user=0.00 sys=0.00, real=0.00 secs] 
2020-10-29T14:48:22.841+0000: [GC (Allocation Failure) 2020-10-29T14:48:22.841+0000: [ParNew: 16388K->4K(18432K), 0.0021153 secs] 319522K->303138K(481108K), 0.0021699 secs] [Times: user=0.00 sys=0.00, real=0.00 secs] 
2020-10-29T14:48:22.857+0000: [GC (Allocation Failure) 2020-10-29T14:48:22.857+0000: [ParNew: 16388K->4K(18432K), 0.0021340 secs] 319522K->303138K(481108K), 0.0021860 secs] [Times: user=0.00 sys=0.00, real=0.00 secs] 
2020-10-29T14:48:22.873+0000: [GC (Allocation Failure) 2020-10-29T14:48:22.873+0000: [ParNew: 16348K->4K(18432K), 0.0020235 secs] 319483K->303138K(481108K), 0.0020749 secs] [Times: user=0.00 sys=0.00, real=0.00 secs] 
2020-10-29T14:48:22.892+0000: [GC (Allocation Failure) 2020-10-29T14:48:22.893+0000: [ParNew: 16388K->4K(18432K), 0.0020862 secs] 319522K->303138K(481108K), 0.0021404 secs] [Times: user=0.00 sys=0.00, real=0.00 secs] 
2020-10-29T14:48:22.912+0000: [GC (Allocation Failure) 2020-10-29T14:48:22.912+0000: [ParNew: 16388K->4K(18432K), 0.0021060 secs] 319522K->303138K(481108K), 0.0021585 secs] [Times: user=0.01 sys=0.00, real=0.00 secs] 
2020-10-29T14:48:22.929+0000: [GC (Allocation Failure) 2020-10-29T14:48:22.929+0000: [ParNew: 16388K->4K(18432K), 0.0021631 secs] 319522K->303138K(481108K), 0.0022203 secs] [Times: user=0.00 sys=0.00, real=0.00 secs] 
2020-10-29T14:48:22.948+0000: [GC (Allocation Failure) 2020-10-29T14:48:22.949+0000: [ParNew: 16388K->4K(18432K), 0.0021496 secs] 319522K->303138K(481108K), 0.0022054 secs] [Times: user=0.01 sys=0.00, real=0.00 secs] 
2020-10-29T14:48:22.968+0000: [GC (Allocation Failure) 2020-10-29T14:48:22.969+0000: [ParNew: 16388K->4K(18432K), 0.0021387 secs] 319522K->303138K(481108K), 0.0021940 secs] [Times: user=0.00 sys=0.00, real=0.00 secs] 
2020-10-29T14:48:22.985+0000: [GC (Allocation Failure) 2020-10-29T14:48:22.985+0000: [ParNew: 16388K->4K(18432K), 0.0021876 secs] 319522K->303138K(481108K), 0.0022427 secs] [Times: user=0.00 sys=0.00, real=0.00 secs] 
2020-10-29T14:48:23.001+0000: [GC (Allocation Failure) 2020-10-29T14:48:23.001+0000: [ParNew: 16388K->4K(18432K), 0.0021630 secs] 319522K->303138K(481108K), 0.0022191 secs] [Times: user=0.00 sys=0.00, real=0.00 secs] 
2020-10-29T14:48:23.019+0000: [GC (Allocation Failure) 2020-10-29T14:48:23.019+0000: [ParNew: 16388K->4K(18432K), 0.0022351 secs] 319522K->303138K(481108K), 0.0023221 secs] [Times: user=0.01 sys=0.00, real=0.00 secs] 
2020-10-29T14:48:23.036+0000: [GC (Allocation Failure) 2020-10-29T14:48:23.036+0000: [ParNew: 16388K->4K(18432K), 0.0020608 secs] 319522K->303138K(481108K), 0.0021097 secs] [Times: user=0.01 sys=0.00, real=0.00 secs] 
2020-10-29T14:48:23.056+0000: [GC (Allocation Failure) 2020-10-29T14:48:23.057+0000: [ParNew: 16388K->4K(18432K), 0.0021379 secs] 319522K->303138K(481108K), 0.0021930 secs] [Times: user=0.00 sys=0.00, real=0.00 secs] 
2020-10-29T14:48:23.076+0000: [GC (Allocation Failure) 2020-10-29T14:48:23.077+0000: [ParNew: 16388K->4K(18432K), 0.0021588 secs] 319522K->303138K(481108K), 0.0022156 secs] [Times: user=0.01 sys=0.00, real=0.00 secs] 
2020-10-29T14:48:23.093+0000: [GC (Allocation Failure) 2020-10-29T14:48:23.093+0000: [ParNew: 16388K->4K(18432K), 0.0020911 secs] 319522K->303138K(481108K), 0.0021431 secs] [Times: user=0.01 sys=0.00, real=0.00 secs] 
2020-10-29T14:48:23.109+0000: [GC (Allocation Failure) 2020-10-29T14:48:23.109+0000: [ParNew: 16388K->4K(18432K), 0.0022362 secs] 319522K->303138K(481108K), 0.0023025 secs] [Times: user=0.01 sys=0.00, real=0.00 secs] 
2020-10-29T14:48:23.128+0000: [GC (Allocation Failure) 2020-10-29T14:48:23.129+0000: [ParNew: 16388K->4K(18432K), 0.0021503 secs] 319522K->303138K(481108K), 0.0022076 secs] [Times: user=0.00 sys=0.00, real=0.00 secs] 
2020-10-29T14:48:23.149+0000: [GC (Allocation Failure) 2020-10-29T14:48:23.149+0000: [ParNew: 16388K->4K(18432K), 0.0021526 secs] 319522K->303138K(481108K), 0.0022088 secs] [Times: user=0.01 sys=0.00, real=0.00 secs] 
2020-10-29T14:48:23.168+0000: [GC (Allocation Failure) 2020-10-29T14:48:23.169+0000: [ParNew: 16388K->4K(18432K), 0.0021131 secs] 319522K->303138K(481108K), 0.0021677 secs] [Times: user=0.00 sys=0.00, real=0.00 secs] 
2020-10-29T14:48:23.188+0000: [GC (Allocation Failure) 2020-10-29T14:48:23.189+0000: [ParNew: 16388K->4K(18432K), 0.0021511 secs] 319522K->303138K(481108K), 0.0022075 secs] [Times: user=0.00 sys=0.00, real=0.00 secs] 
2020-10-29T14:48:23.205+0000: [GC (Allocation Failure) 2020-10-29T14:48:23.205+0000: [ParNew: 16388K->4K(18432K), 0.0021365 secs] 319522K->303138K(481108K), 0.0021928 secs] [Times: user=0.00 sys=0.00, real=0.00 secs] 
2020-10-29T14:48:23.231+0000: [GC (Allocation Failure) 2020-10-29T14:48:23.231+0000: [ParNew: 16388K->4K(18432K), 0.0021604 secs] 319522K->303138K(481108K), 0.0022179 secs] [Times: user=0.00 sys=0.00, real=0.01 secs] 
2020-10-29T14:48:23.256+0000: [GC (Allocation Failure) 2020-10-29T14:48:23.256+0000: [ParNew: 16388K->4K(18432K), 0.0021594 secs] 319522K->303138K(481108K), 0.0022173 secs] [Times: user=0.00 sys=0.00, real=0.00 secs] 
2020-10-29T14:48:23.273+0000: [GC (Allocation Failure) 2020-10-29T14:48:23.274+0000: [ParNew: 16388K->4K(18432K), 0.0021032 secs] 319522K->303138K(481108K), 0.0021577 secs] [Times: user=0.01 sys=0.00, real=0.00 secs] 
2020-10-29T14:48:23.290+0000: [GC (Allocation Failure) 2020-10-29T14:48:23.290+0000: [ParNew: 16388K->4K(18432K), 0.0021328 secs] 319522K->303138K(481108K), 0.0021886 secs] [Times: user=0.00 sys=0.00, real=0.00 secs] 
2020-10-29T14:48:23.306+0000: [GC (Allocation Failure) 2020-10-29T14:48:23.306+0000: [ParNew: 16388K->4K(18432K), 0.0021256 secs] 319522K->303138K(481108K), 0.0021842 secs] [Times: user=0.00 sys=0.00, real=0.00 secs] 
2020-10-29T14:48:23.322+0000: [GC (Allocation Failure) 2020-10-29T14:48:23.322+0000: [ParNew: 16388K->6K(18432K), 0.0021267 secs] 319522K->303140K(481108K), 0.0021795 secs] [Times: user=0.00 sys=0.00, real=0.01 secs] 
2020-10-29T14:48:23.338+0000: [GC (Allocation Failure) 2020-10-29T14:48:23.338+0000: [ParNew: 16390K->4K(18432K), 0.0019961 secs] 319524K->303139K(481108K), 0.0020456 secs] [Times: user=0.01 sys=0.00, real=0.00 secs] 
2020-10-29T14:48:23.354+0000: [GC (Allocation Failure) 2020-10-29T14:48:23.354+0000: [ParNew: 16388K->4K(18432K), 0.0021806 secs] 319523K->303139K(481108K), 0.0022378 secs] [Times: user=0.01 sys=0.00, real=0.00 secs] 
2020-10-29T14:48:23.372+0000: [GC (Allocation Failure) 2020-10-29T14:48:23.373+0000: [ParNew: 16388K->4K(18432K), 0.0021357 secs] 319523K->303139K(481108K), 0.0021920 secs] [Times: user=0.00 sys=0.00, real=0.00 secs] 
2020-10-29T14:48:23.389+0000: [GC (Allocation Failure) 2020-10-29T14:48:23.389+0000: [ParNew: 16388K->4K(18432K), 0.0021236 secs] 319523K->303139K(481108K), 0.0021777 secs] [Times: user=0.00 sys=0.00, real=0.00 secs] 
2020-10-29T14:48:23.405+0000: [GC (Allocation Failure) 2020-10-29T14:48:23.405+0000: [ParNew: 16388K->4K(18432K), 0.0021495 secs] 319523K->303139K(481108K), 0.0022063 secs] [Times: user=0.01 sys=0.00, real=0.00 secs] 
2020-10-29T14:48:23.422+0000: [GC (Allocation Failure) 2020-10-29T14:48:23.422+0000: [ParNew: 16388K->4K(18432K), 0.0021571 secs] 319523K->303139K(481108K), 0.0022173 secs] [Times: user=0.01 sys=0.00, real=0.00 secs] 
2020-10-29T14:48:23.440+0000: [GC (Allocation Failure) 2020-10-29T14:48:23.441+0000: [ParNew: 16388K->4K(18432K), 0.0021064 secs] 319523K->303139K(481108K), 0.0021587 secs] [Times: user=0.01 sys=0.00, real=0.00 secs] 
2020-10-29T14:48:23.460+0000: [GC (Allocation Failure) 2020-10-29T14:48:23.461+0000: [ParNew: 16388K->4K(18432K), 0.0021423 secs] 319523K->303139K(481108K), 0.0021990 secs] [Times: user=0.00 sys=0.00, real=0.00 secs] 
2020-10-29T14:48:23.477+0000: [GC (Allocation Failure) 2020-10-29T14:48:23.477+0000: [ParNew: 16388K->4K(18432K), 0.0021451 secs] 319523K->303139K(481108K), 0.0022025 secs] [Times: user=0.01 sys=0.00, real=0.00 secs] 
2020-10-29T14:48:23.496+0000: [GC (Allocation Failure) 2020-10-29T14:48:23.496+0000: [ParNew: 16388K->4K(18432K), 0.0020963 secs] 319523K->303139K(481108K), 0.0021504 secs] [Times: user=0.00 sys=0.00, real=0.00 secs] 
2020-10-29T14:48:23.513+0000: [GC (Allocation Failure) 2020-10-29T14:48:23.513+0000: [ParNew: 16388K->4K(18432K), 0.0021560 secs] 319523K->303139K(481108K), 0.0022206 secs] [Times: user=0.00 sys=0.00, real=0.00 secs] 
2020-10-29T14:48:23.532+0000: [GC (Allocation Failure) 2020-10-29T14:48:23.532+0000: [ParNew: 16388K->4K(18432K), 0.0019860 secs] 319523K->303139K(481108K), 0.0020357 secs] [Times: user=0.01 sys=0.00, real=0.01 secs] 
2020-10-29T14:48:23.548+0000: [GC (Allocation Failure) 2020-10-29T14:48:23.549+0000: [ParNew: 16388K->4K(18432K), 0.0021691 secs] 319523K->303139K(481108K), 0.0022258 secs] [Times: user=0.01 sys=0.00, real=0.00 secs] 
2020-10-29T14:48:23.565+0000: [GC (Allocation Failure) 2020-10-29T14:48:23.565+0000: [ParNew: 16388K->4K(18432K), 0.0021900 secs] 319523K->303139K(481108K), 0.0022465 secs] [Times: user=0.01 sys=0.00, real=0.00 secs] 
2020-10-29T14:48:23.582+0000: [GC (Allocation Failure) 2020-10-29T14:48:23.582+0000: [ParNew: 16388K->4K(18432K), 0.0021132 secs] 319523K->303139K(481108K), 0.0021650 secs] [Times: user=0.01 sys=0.00, real=0.00 secs] 
2020-10-29T14:48:23.598+0000: [GC (Allocation Failure) 2020-10-29T14:48:23.598+0000: [ParNew: 16388K->4K(18432K), 0.0021450 secs] 319523K->303139K(481108K), 0.0021997 secs] [Times: user=0.00 sys=0.01, real=0.00 secs] 
2020-10-29T14:48:23.616+0000: [GC (Allocation Failure) 2020-10-29T14:48:23.616+0000: [ParNew: 16388K->4K(18432K), 0.0020826 secs] 319523K->303139K(481108K), 0.0021365 secs] [Times: user=0.00 sys=0.00, real=0.00 secs] 
2020-10-29T14:48:23.632+0000: [GC (Allocation Failure) 2020-10-29T14:48:23.633+0000: [ParNew: 16388K->4K(18432K), 0.0021098 secs] 319523K->303139K(481108K), 0.0021657 secs] [Times: user=0.01 sys=0.00, real=0.00 secs] 
2020-10-29T14:48:23.652+0000: [GC (Allocation Failure) 2020-10-29T14:48:23.653+0000: [ParNew: 16388K->4K(18432K), 0.0020844 secs] 319523K->303139K(481108K), 0.0021375 secs] [Times: user=0.00 sys=0.00, real=0.00 secs] 
2020-10-29T14:48:23.669+0000: [GC (Allocation Failure) 2020-10-29T14:48:23.669+0000: [ParNew: 16388K->4K(18432K), 0.0020556 secs] 319523K->303139K(481108K), 0.0021087 secs] [Times: user=0.01 sys=0.00, real=0.00 secs] 
2020-10-29T14:48:23.688+0000: [GC (Allocation Failure) 2020-10-29T14:48:23.688+0000: [ParNew: 16388K->4K(18432K), 0.0020537 secs] 319523K->303139K(481108K), 0.0021050 secs] [Times: user=0.00 sys=0.00, real=0.00 secs] 
2020-10-29T14:48:23.709+0000: [GC (Allocation Failure) 2020-10-29T14:48:23.709+0000: [ParNew: 16388K->4K(18432K), 0.0020963 secs] 319523K->303139K(481108K), 0.0021496 secs] [Times: user=0.01 sys=0.00, real=0.00 secs] 
2020-10-29T14:48:23.725+0000: [GC (Allocation Failure) 2020-10-29T14:48:23.725+0000: [ParNew: 16388K->4K(18432K), 0.0021296 secs] 319523K->303139K(481108K), 0.0021825 secs] [Times: user=0.00 sys=0.00, real=0.00 secs] 
2020-10-29T14:48:23.743+0000: [GC (Allocation Failure) 2020-10-29T14:48:23.743+0000: [ParNew: 16388K->4K(18432K), 0.0020419 secs] 319523K->303139K(481108K), 0.0020942 secs] [Times: user=0.00 sys=0.00, real=0.01 secs] 
2020-10-29T14:48:23.760+0000: [GC (Allocation Failure) 2020-10-29T14:48:23.760+0000: [ParNew: 16388K->4K(18432K), 0.0020587 secs] 319523K->303139K(481108K), 0.0021117 secs] [Times: user=0.00 sys=0.00, real=0.00 secs] 
2020-10-29T14:48:23.777+0000: [GC (Allocation Failure) 2020-10-29T14:48:23.777+0000: [ParNew: 16388K->4K(18432K), 0.0020881 secs] 319523K->303139K(481108K), 0.0021417 secs] [Times: user=0.01 sys=0.00, real=0.00 secs] 
2020-10-29T14:48:23.796+0000: [GC (Allocation Failure) 2020-10-29T14:48:23.797+0000: [ParNew: 16388K->4K(18432K), 0.0020787 secs] 319523K->303139K(481108K), 0.0021331 secs] [Times: user=0.00 sys=0.00, real=0.00 secs] 
2020-10-29T14:48:23.816+0000: [GC (Allocation Failure) 2020-10-29T14:48:23.816+0000: [ParNew: 16388K->4K(18432K), 0.0022255 secs] 319523K->303139K(481108K), 0.0022805 secs] [Times: user=0.01 sys=0.00, real=0.00 secs] 
2020-10-29T14:48:23.833+0000: [GC (Allocation Failure) 2020-10-29T14:48:23.833+0000: [ParNew: 16388K->4K(18432K), 0.0021049 secs] 319523K->303139K(481108K), 0.0021591 secs] [Times: user=0.01 sys=0.00, real=0.00 secs] 
2020-10-29T14:48:23.852+0000: [GC (Allocation Failure) 2020-10-29T14:48:23.853+0000: [ParNew: 16388K->4K(18432K), 0.0021236 secs] 319523K->303139K(481108K), 0.0021788 secs] [Times: user=0.00 sys=0.00, real=0.00 secs] 
2020-10-29T14:48:23.872+0000: [GC (Allocation Failure) 2020-10-29T14:48:23.873+0000: [ParNew: 16388K->4K(18432K), 0.0021264 secs] 319523K->303139K(481108K), 0.0021811 secs] [Times: user=0.00 sys=0.00, real=0.00 secs] 
2020-10-29T14:48:23.892+0000: [GC (Allocation Failure) 2020-10-29T14:48:23.893+0000: [ParNew: 16388K->4K(18432K), 0.0021135 secs] 319523K->303139K(481108K), 0.0021684 secs] [Times: user=0.01 sys=0.00, real=0.00 secs] 
2020-10-29T14:48:23.912+0000: [GC (Allocation Failure) 2020-10-29T14:48:23.912+0000: [ParNew: 16388K->4K(18432K), 0.0020914 secs] 319523K->303139K(481108K), 0.0021430 secs] [Times: user=0.00 sys=0.00, real=0.00 secs] 
2020-10-29T14:48:23.929+0000: [GC (Allocation Failure) 2020-10-29T14:48:23.929+0000: [ParNew: 16388K->4K(18432K), 0.0020720 secs] 319523K->303139K(481108K), 0.0021231 secs] [Times: user=0.00 sys=0.00, real=0.00 secs] 
2020-10-29T14:48:23.948+0000: [GC (Allocation Failure) 2020-10-29T14:48:23.949+0000: [ParNew: 16388K->4K(18432K), 0.0020838 secs] 319523K->303139K(481108K), 0.0021369 secs] [Times: user=0.00 sys=0.00, real=0.00 secs] 
2020-10-29T14:48:23.968+0000: [GC (Allocation Failure) 2020-10-29T14:48:23.969+0000: [ParNew: 16388K->4K(18432K), 0.0020839 secs] 319523K->303139K(481108K), 0.0021357 secs] [Times: user=0.00 sys=0.00, real=0.00 secs] 
2020-10-29T14:48:23.985+0000: [GC (Allocation Failure) 2020-10-29T14:48:23.985+0000: [ParNew: 16388K->4K(18432K), 0.0020589 secs] 319523K->303139K(481108K), 0.0021114 secs] [Times: user=0.01 sys=0.00, real=0.00 secs] 
2020-10-29T14:48:24.001+0000: [GC (Allocation Failure) 2020-10-29T14:48:24.001+0000: [ParNew: 16388K->4K(18432K), 0.0021419 secs] 319523K->303139K(481108K), 0.0021941 secs] [Times: user=0.01 sys=0.00, real=0.00 secs] 
2020-10-29T14:48:24.017+0000: [GC (Allocation Failure) 2020-10-29T14:48:24.017+0000: [ParNew: 16388K->4K(18432K), 0.0020510 secs] 319523K->303139K(481108K), 0.0021039 secs] [Times: user=0.01 sys=0.00, real=0.00 secs] 
2020-10-29T14:48:24.036+0000: [GC (Allocation Failure) 2020-10-29T14:48:24.036+0000: [ParNew: 16388K->4K(18432K), 0.0020568 secs] 319523K->303139K(481108K), 0.0021095 secs] [Times: user=0.00 sys=0.00, real=0.00 secs] 
2020-10-29T14:48:24.053+0000: [GC (Allocation Failure) 2020-10-29T14:48:24.053+0000: [ParNew: 16388K->4K(18432K), 0.0020724 secs] 319523K->303139K(481108K), 0.0021259 secs] [Times: user=0.00 sys=0.00, real=0.00 secs] 
2020-10-29T14:48:24.069+0000: [GC (Allocation Failure) 2020-10-29T14:48:24.069+0000: [ParNew: 16388K->4K(18432K), 0.0020948 secs] 319523K->303139K(481108K), 0.0021498 secs] [Times: user=0.00 sys=0.00, real=0.00 secs] 
2020-10-29T14:48:24.085+0000: [GC (Allocation Failure) 2020-10-29T14:48:24.085+0000: [ParNew: 16388K->4K(18432K), 0.0021078 secs] 319523K->303139K(481108K), 0.0021772 secs] [Times: user=0.00 sys=0.00, real=0.00 secs] 
2020-10-29T14:48:24.104+0000: [GC (Allocation Failure) 2020-10-29T14:48:24.105+0000: [ParNew: 16388K->4K(18432K), 0.0020871 secs] 319523K->303139K(481108K), 0.0021412 secs] [Times: user=0.00 sys=0.00, real=0.00 secs] 
2020-10-29T14:48:24.121+0000: [GC (Allocation Failure) 2020-10-29T14:48:24.121+0000: [ParNew: 16388K->4K(18432K), 0.0021317 secs] 319523K->303139K(481108K), 0.0021963 secs] [Times: user=0.00 sys=0.00, real=0.00 secs] 
2020-10-29T14:48:24.137+0000: [GC (Allocation Failure) 2020-10-29T14:48:24.137+0000: [ParNew: 16388K->4K(18432K), 0.0021071 secs] 319523K->303139K(481108K), 0.0021627 secs] [Times: user=0.00 sys=0.00, real=0.00 secs] 
2020-10-29T14:48:24.156+0000: [GC (Allocation Failure) 2020-10-29T14:48:24.157+0000: [ParNew: 16388K->4K(18432K), 0.0020926 secs] 319523K->303139K(481108K), 0.0021459 secs] [Times: user=0.00 sys=0.00, real=0.00 secs] 
2020-10-29T14:48:24.173+0000: [GC (Allocation Failure) 2020-10-29T14:48:24.173+0000: [ParNew: 16388K->4K(18432K), 0.0020619 secs] 319523K->303139K(481108K), 0.0021128 secs] [Times: user=0.00 sys=0.00, real=0.00 secs] 
2020-10-29T14:48:24.189+0000: [GC (Allocation Failure) 2020-10-29T14:48:24.189+0000: [ParNew: 16388K->4K(18432K), 0.0021224 secs] 319523K->303139K(481108K), 0.0021789 secs] [Times: user=0.01 sys=0.00, real=0.00 secs] 
2020-10-29T14:48:24.205+0000: [GC (Allocation Failure) 2020-10-29T14:48:24.205+0000: [ParNew: 16388K->4K(18432K), 0.0024284 secs] 319523K->303139K(481108K), 0.0024809 secs] [Times: user=0.01 sys=0.00, real=0.00 secs] 
2020-10-29T14:48:24.222+0000: [GC (Allocation Failure) 2020-10-29T14:48:24.222+0000: [ParNew: 16388K->4K(18432K), 0.0020737 secs] 319523K->303139K(481108K), 0.0021202 secs] [Times: user=0.00 sys=0.00, real=0.00 secs] 
2020-10-29T14:48:24.240+0000: [GC (Allocation Failure) 2020-10-29T14:48:24.241+0000: [ParNew: 16388K->4K(18432K), 0.0021638 secs] 319523K->303139K(481108K), 0.0022224 secs] [Times: user=0.00 sys=0.00, real=0.00 secs] 
2020-10-29T14:48:24.260+0000: [GC (Allocation Failure) 2020-10-29T14:48:24.261+0000: [ParNew: 16388K->4K(18432K), 0.0021402 secs] 319523K->303139K(481108K), 0.0021975 secs] [Times: user=0.00 sys=0.00, real=0.00 secs] 
2020-10-29T14:48:24.277+0000: [GC (Allocation Failure) 2020-10-29T14:48:24.277+0000: [ParNew: 16388K->4K(18432K), 0.0021022 secs] 319523K->303139K(481108K), 0.0021555 secs] [Times: user=0.00 sys=0.00, real=0.00 secs] 
2020-10-29T14:48:24.293+0000: [GC (Allocation Failure) 2020-10-29T14:48:24.293+0000: [ParNew: 16388K->4K(18432K), 0.0021402 secs] 319523K->303139K(481108K), 0.0021966 secs] [Times: user=0.00 sys=0.00, real=0.00 secs] 
2020-10-29T14:48:24.309+0000: [GC (Allocation Failure) 2020-10-29T14:48:24.309+0000: [ParNew: 16388K->4K(18432K), 0.0020817 secs] 319523K->303139K(481108K), 0.0021323 secs] [Times: user=0.00 sys=0.00, real=0.00 secs] 
2020-10-29T14:48:24.325+0000: [GC (Allocation Failure) 2020-10-29T14:48:24.325+0000: [ParNew: 16388K->4K(18432K), 0.0020436 secs] 319523K->303139K(481108K), 0.0020950 secs] [Times: user=0.01 sys=0.00, real=0.00 secs] 
2020-10-29T14:48:24.342+0000: [GC (Allocation Failure) 2020-10-29T14:48:24.342+0000: [ParNew: 16388K->4K(18432K), 0.0020416 secs] 319523K->303139K(481108K), 0.0020906 secs] [Times: user=0.01 sys=0.00, real=0.00 secs] 
2020-10-29T14:48:24.358+0000: [GC (Allocation Failure) 2020-10-29T14:48:24.358+0000: [ParNew: 16388K->4K(18432K), 0.0020862 secs] 319523K->303139K(481108K), 0.0021381 secs] [Times: user=0.00 sys=0.00, real=0.00 secs] 
2020-10-29T14:48:24.376+0000: [GC (Allocation Failure) 2020-10-29T14:48:24.376+0000: [ParNew: 16388K->4K(18432K), 0.0020637 secs] 319523K->303139K(481108K), 0.0021146 secs] [Times: user=0.00 sys=0.00, real=0.00 secs] 
2020-10-29T14:48:24.397+0000: [GC (Allocation Failure) 2020-10-29T14:48:24.397+0000: [ParNew: 16388K->4K(18432K), 0.0020744 secs] 319523K->303139K(481108K), 0.0021279 secs] [Times: user=0.01 sys=0.00, real=0.00 secs] 
2020-10-29T14:48:24.413+0000: [GC (Allocation Failure) 2020-10-29T14:48:24.413+0000: [ParNew: 16388K->4K(18432K), 0.0020880 secs] 319523K->303139K(481108K), 0.0021374 secs] [Times: user=0.01 sys=0.00, real=0.00 secs] 
2020-10-29T14:48:24.429+0000: [GC (Allocation Failure) 2020-10-29T14:48:24.429+0000: [ParNew: 16388K->4K(18432K), 0.0020759 secs] 319523K->303139K(481108K), 0.0021267 secs] [Times: user=0.01 sys=0.00, real=0.00 secs] 
2020-10-29T14:48:24.445+0000: [GC (Allocation Failure) 2020-10-29T14:48:24.445+0000: [ParNew: 16388K->4K(18432K), 0.0019995 secs] 319523K->303139K(481108K), 0.0020479 secs] [Times: user=0.00 sys=0.00, real=0.00 secs] 
2020-10-29T14:48:24.464+0000: [GC (Allocation Failure) 2020-10-29T14:48:24.464+0000: [ParNew: 16388K->4K(18432K), 0.0020387 secs] 319523K->303139K(481108K), 0.0020878 secs] [Times: user=0.00 sys=0.00, real=0.00 secs] 
2020-10-29T14:48:24.484+0000: [GC (Allocation Failure) 2020-10-29T14:48:24.484+0000: [ParNew: 16388K->4K(18432K), 0.0020835 secs] 319523K->303139K(481108K), 0.0021382 secs] [Times: user=0.00 sys=0.00, real=0.00 secs] 
2020-10-29T14:48:24.504+0000: [GC (Allocation Failure) 2020-10-29T14:48:24.504+0000: [ParNew: 16388K->4K(18432K), 0.0021404 secs] 319523K->303139K(481108K), 0.0021965 secs] [Times: user=0.01 sys=0.00, real=0.01 secs] 
2020-10-29T14:48:24.520+0000: [GC (Allocation Failure) 2020-10-29T14:48:24.520+0000: [ParNew: 16388K->4K(18432K), 0.0021108 secs] 319523K->303139K(481108K), 0.0021749 secs] [Times: user=0.00 sys=0.00, real=0.00 secs] 
2020-10-29T14:48:24.540+0000: [GC (Allocation Failure) 2020-10-29T14:48:24.540+0000: [ParNew: 16388K->4K(18432K), 0.0021498 secs] 319523K->303139K(481108K), 0.0022053 secs] [Times: user=0.00 sys=0.00, real=0.00 secs] 
2020-10-29T14:48:24.560+0000: [GC (Allocation Failure) 2020-10-29T14:48:24.560+0000: [ParNew: 16388K->4K(18432K), 0.0020773 secs] 319523K->303139K(481108K), 0.0021290 secs] [Times: user=0.00 sys=0.00, real=0.00 secs] 
2020-10-29T14:48:24.577+0000: [GC (Allocation Failure) 2020-10-29T14:48:24.577+0000: [ParNew: 16388K->4K(18432K), 0.0020739 secs] 319523K->303139K(481108K), 0.0021264 secs] [Times: user=0.00 sys=0.00, real=0.00 secs] 
2020-10-29T14:48:24.593+0000: [GC (Allocation Failure) 2020-10-29T14:48:24.593+0000: [ParNew: 16388K->4K(18432K), 0.0020376 secs] 319523K->303139K(481108K), 0.0020895 secs] [Times: user=0.00 sys=0.00, real=0.00 secs] 
2020-10-29T14:48:24.609+0000: [GC (Allocation Failure) 2020-10-29T14:48:24.609+0000: [ParNew: 16388K->4K(18432K), 0.0020350 secs] 319523K->303139K(481108K), 0.0020985 secs] [Times: user=0.00 sys=0.00, real=0.00 secs] 
2020-10-29T14:48:24.625+0000: [GC (Allocation Failure) 2020-10-29T14:48:24.625+0000: [ParNew: 16388K->4K(18432K), 0.0021313 secs] 319523K->303139K(481108K), 0.0021856 secs] [Times: user=0.00 sys=0.00, real=0.00 secs] 
2020-10-29T14:48:24.644+0000: [GC (Allocation Failure) 2020-10-29T14:48:24.645+0000: [ParNew: 16388K->4K(18432K), 0.0021747 secs] 319523K->303139K(481108K), 0.0022287 secs] [Times: user=0.01 sys=0.00, real=0.00 secs] 
2020-10-29T14:48:24.664+0000: [GC (Allocation Failure) 2020-10-29T14:48:24.664+0000: [ParNew: 16388K->4K(18432K), 0.0021449 secs] 319523K->303139K(481108K), 0.0021991 secs] [Times: user=0.00 sys=0.00, real=0.00 secs] 
2020-10-29T14:48:24.684+0000: [GC (Allocation Failure) 2020-10-29T14:48:24.685+0000: [ParNew: 16388K->4K(18432K), 0.0022078 secs] 319523K->303139K(481108K), 0.0022670 secs] [Times: user=0.01 sys=0.00, real=0.00 secs] 
2020-10-29T14:48:24.704+0000: [GC (Allocation Failure) 2020-10-29T14:48:24.705+0000: [ParNew: 16388K->4K(18432K), 0.0021404 secs] 319523K->303139K(481108K), 0.0021981 secs] [Times: user=0.01 sys=0.00, real=0.00 secs] 
2020-10-29T14:48:24.724+0000: [GC (Allocation Failure) 2020-10-29T14:48:24.725+0000: [ParNew: 16388K->4K(18432K), 0.0020884 secs] 319523K->303139K(481108K), 0.0021429 secs] [Times: user=0.01 sys=0.00, real=0.00 secs] 
2020-10-29T14:48:24.744+0000: [GC (Allocation Failure) 2020-10-29T14:48:24.745+0000: [ParNew: 16388K->4K(18432K), 0.0020358 secs] 319523K->303139K(481108K), 0.0020894 secs] [Times: user=0.00 sys=0.01, real=0.00 secs] 
2020-10-29T14:48:24.764+0000: [GC (Allocation Failure) 2020-10-29T14:48:24.765+0000: [ParNew: 16388K->4K(18432K), 0.0020511 secs] 319523K->303139K(481108K), 0.0021041 secs] [Times: user=0.00 sys=0.00, real=0.00 secs] 
2020-10-29T14:48:24.781+0000: [GC (Allocation Failure) 2020-10-29T14:48:24.781+0000: [ParNew: 16388K->4K(18432K), 0.0021190 secs] 319523K->303139K(481108K), 0.0021718 secs] [Times: user=0.01 sys=0.00, real=0.00 secs] 
2020-10-29T14:48:24.797+0000: [GC (Allocation Failure) 2020-10-29T14:48:24.797+0000: [ParNew: 16388K->4K(18432K), 0.0020959 secs] 319523K->303139K(481108K), 0.0021585 secs] [Times: user=0.00 sys=0.00, real=0.00 secs] 
2020-10-29T14:48:24.816+0000: [GC (Allocation Failure) 2020-10-29T14:48:24.816+0000: [ParNew: 16388K->4K(18432K), 0.0021740 secs] 319523K->303139K(481108K), 0.0022363 secs] [Times: user=0.01 sys=0.00, real=0.00 secs] 
2020-10-29T14:48:24.835+0000: [GC (Allocation Failure) 2020-10-29T14:48:24.835+0000: [ParNew: 16388K->4K(18432K), 0.0021435 secs] 319523K->303139K(481108K), 0.0022045 secs] [Times: user=0.00 sys=0.00, real=0.00 secs] 
2020-10-29T14:48:24.852+0000: [GC (Allocation Failure) 2020-10-29T14:48:24.853+0000: [ParNew: 16388K->4K(18432K), 0.0020692 secs] 319523K->303139K(481108K), 0.0021216 secs] [Times: user=0.00 sys=0.00, real=0.00 secs] 
2020-10-29T14:48:24.872+0000: [GC (Allocation Failure) 2020-10-29T14:48:24.872+0000: [ParNew: 16388K->4K(18432K), 0.0020869 secs] 319523K->303139K(481108K), 0.0021370 secs] [Times: user=0.01 sys=0.00, real=0.00 secs] 
2020-10-29T14:48:24.889+0000: [GC (Allocation Failure) 2020-10-29T14:48:24.889+0000: [ParNew: 16388K->4K(18432K), 0.0020668 secs] 319523K->303139K(481108K), 0.0021201 secs] [Times: user=0.01 sys=0.00, real=0.00 secs] 
2020-10-29T14:48:24.908+0000: [GC (Allocation Failure) 2020-10-29T14:48:24.908+0000: [ParNew: 16388K->4K(18432K), 0.0020534 secs] 319523K->303139K(481108K), 0.0021041 secs] [Times: user=0.00 sys=0.00, real=0.00 secs] 
2020-10-29T14:48:24.925+0000: [GC (Allocation Failure) 2020-10-29T14:48:24.925+0000: [ParNew: 16388K->4K(18432K), 0.0020495 secs] 319523K->303139K(481108K), 0.0021002 secs] [Times: user=0.01 sys=0.00, real=0.00 secs] 
2020-10-29T14:48:24.944+0000: [GC (Allocation Failure) 2020-10-29T14:48:24.945+0000: [ParNew: 16388K->4K(18432K), 0.0021026 secs] 319523K->303139K(481108K), 0.0021578 secs] [Times: user=0.00 sys=0.00, real=0.00 secs] 
2020-10-29T14:48:24.964+0000: [GC (Allocation Failure) 2020-10-29T14:48:24.965+0000: [ParNew: 16388K->4K(18432K), 0.0020783 secs] 319523K->303139K(481108K), 0.0021315 secs] [Times: user=0.01 sys=0.00, real=0.00 secs] 
2020-10-29T14:48:24.981+0000: [GC (Allocation Failure) 2020-10-29T14:48:24.981+0000: [ParNew: 16388K->4K(18432K), 0.0020878 secs] 319523K->303139K(481108K), 0.0021555 secs] [Times: user=0.00 sys=0.00, real=0.00 secs] 
2020-10-29T14:48:25.001+0000: [GC (Allocation Failure) 2020-10-29T14:48:25.001+0000: [ParNew: 16388K->4K(18432K), 0.0021542 secs] 319523K->303139K(481108K), 0.0022114 secs] [Times: user=0.00 sys=0.00, real=0.00 secs] 
2020-10-29T14:48:25.018+0000: [GC (Allocation Failure) 2020-10-29T14:48:25.018+0000: [ParNew: 16388K->4K(18432K), 0.0021366 secs] 319523K->303139K(481108K), 0.0021993 secs] [Times: user=0.00 sys=0.00, real=0.00 secs] 
2020-10-29T14:48:25.036+0000: [GC (Allocation Failure) 2020-10-29T14:48:25.036+0000: [ParNew: 16388K->4K(18432K), 0.0020857 secs] 319523K->303139K(481108K), 0.0021349 secs] [Times: user=0.01 sys=0.00, real=0.00 secs] 
2020-10-29T14:48:25.053+0000: [GC (Allocation Failure) 2020-10-29T14:48:25.053+0000: [ParNew: 16388K->4K(18432K), 0.0020402 secs] 319523K->303139K(481108K), 0.0020892 secs] [Times: user=0.01 sys=0.00, real=0.00 secs] 
2020-10-29T14:48:25.069+0000: [GC (Allocation Failure) 2020-10-29T14:48:25.069+0000: [ParNew: 16388K->4K(18432K), 0.0021153 secs] 319523K->303139K(481108K), 0.0021791 secs] [Times: user=0.01 sys=0.00, real=0.00 secs] 
2020-10-29T14:48:25.085+0000: [GC (Allocation Failure) 2020-10-29T14:48:25.085+0000: [ParNew: 16388K->4K(18432K), 0.0021228 secs] 319523K->303139K(481108K), 0.0021785 secs] [Times: user=0.01 sys=0.00, real=0.00 secs] 
2020-10-29T14:48:25.105+0000: [GC (Allocation Failure) 2020-10-29T14:48:25.105+0000: [ParNew: 16388K->4K(18432K), 0.0021108 secs] 319523K->303139K(481108K), 0.0021650 secs] [Times: user=0.00 sys=0.00, real=0.00 secs] 
2020-10-29T14:48:25.121+0000: [GC (Allocation Failure) 2020-10-29T14:48:25.122+0000: [ParNew: 16388K->4K(18432K), 0.0021871 secs] 319523K->303139K(481108K), 0.0022439 secs] [Times: user=0.00 sys=0.00, real=0.00 secs] 
2020-10-29T14:48:25.138+0000: [GC (Allocation Failure) 2020-10-29T14:48:25.138+0000: [ParNew: 16388K->4K(18432K), 0.0021893 secs] 319523K->303139K(481108K), 0.0022473 secs] [Times: user=0.01 sys=0.00, real=0.00 secs] 
2020-10-29T14:48:25.156+0000: [GC (Allocation Failure) 2020-10-29T14:48:25.157+0000: [ParNew: 16388K->4K(18432K), 0.0021186 secs] 319523K->303139K(481108K), 0.0021740 secs] [Times: user=0.01 sys=0.00, real=0.00 secs] 
2020-10-29T14:48:25.176+0000: [GC (Allocation Failure) 2020-10-29T14:48:25.176+0000: [ParNew: 16388K->4K(18432K), 0.0020051 secs] 319523K->303139K(481108K), 0.0020554 secs] [Times: user=0.01 sys=0.00, real=0.00 secs] 
2020-10-29T14:48:25.193+0000: [GC (Allocation Failure) 2020-10-29T14:48:25.193+0000: [ParNew: 16388K->4K(18432K), 0.0021138 secs] 319523K->303139K(481108K), 0.0021688 secs] [Times: user=0.01 sys=0.00, real=0.00 secs] 
2020-10-29T14:48:25.209+0000: [GC (Allocation Failure) 2020-10-29T14:48:25.209+0000: [ParNew: 16388K->4K(18432K), 0.0020585 secs] 319523K->303139K(481108K), 0.0021097 secs] [Times: user=0.00 sys=0.00, real=0.00 secs] 
2020-10-29T14:48:25.228+0000: [GC (Allocation Failure) 2020-10-29T14:48:25.229+0000: [ParNew: 16388K->4K(18432K), 0.0021271 secs] 319523K->303139K(481108K), 0.0021831 secs] [Times: user=0.00 sys=0.00, real=0.00 secs] 
2020-10-29T14:48:25.248+0000: [GC (Allocation Failure) 2020-10-29T14:48:25.249+0000: [ParNew: 16388K->4K(18432K), 0.0021217 secs] 319523K->303139K(481108K), 0.0021763 secs] [Times: user=0.00 sys=0.00, real=0.00 secs] 
2020-10-29T14:48:25.265+0000: [GC (Allocation Failure) 2020-10-29T14:48:25.265+0000: [ParNew: 16388K->4K(18432K), 0.0021262 secs] 319523K->303139K(481108K), 0.0021775 secs] [Times: user=0.00 sys=0.00, real=0.00 secs] 
2020-10-29T14:48:25.284+0000: [GC (Allocation Failure) 2020-10-29T14:48:25.284+0000: [ParNew: 16388K->4K(18432K), 0.0020924 secs] 319523K->303139K(481108K), 0.0021449 secs] [Times: user=0.01 sys=0.00, real=0.00 secs] 
2020-10-29T14:48:25.304+0000: [GC (Allocation Failure) 2020-10-29T14:48:25.304+0000: [ParNew: 16388K->4K(18432K), 0.0020721 secs] 319523K->303139K(481108K), 0.0021216 secs] [Times: user=0.00 sys=0.00, real=0.00 secs] 
2020-10-29T14:48:25.321+0000: [GC (Allocation Failure) 2020-10-29T14:48:25.321+0000: [ParNew: 16388K->4K(18432K), 0.0021181 secs] 319523K->303139K(481108K), 0.0021765 secs] [Times: user=0.00 sys=0.00, real=0.00 secs] 
2020-10-29T14:48:25.340+0000: [GC (Allocation Failure) 2020-10-29T14:48:25.341+0000: [ParNew: 16388K->4K(18432K), 0.0020721 secs] 319523K->303139K(481108K), 0.0021306 secs] [Times: user=0.00 sys=0.00, real=0.00 secs] 
2020-10-29T14:48:25.360+0000: [GC (Allocation Failure) 2020-10-29T14:48:25.360+0000: [ParNew: 16388K->4K(18432K), 0.0020834 secs] 319523K->303139K(481108K), 0.0021348 secs] [Times: user=0.01 sys=0.00, real=0.00 secs] 
2020-10-29T14:48:25.380+0000: [GC (Allocation Failure) 2020-10-29T14:48:25.381+0000: [ParNew: 16388K->4K(18432K), 0.0020669 secs] 319523K->303139K(481108K), 0.0021188 secs] [Times: user=0.01 sys=0.00, real=0.00 secs] 
2020-10-29T14:48:25.400+0000: [GC (Allocation Failure) 2020-10-29T14:48:25.401+0000: [ParNew: 16388K->4K(18432K), 0.0020933 secs] 319523K->303139K(481108K), 0.0021465 secs] [Times: user=0.00 sys=0.00, real=0.00 secs] 
2020-10-29T14:48:25.417+0000: [GC (Allocation Failure) 2020-10-29T14:48:25.417+0000: [ParNew: 16388K->4K(18432K), 0.0020759 secs] 319523K->303139K(481108K), 0.0021418 secs] [Times: user=0.01 sys=0.00, real=0.00 secs] 
2020-10-29T14:48:25.433+0000: [GC (Allocation Failure) 2020-10-29T14:48:25.433+0000: [ParNew: 16388K->4K(18432K), 0.0020690 secs] 319523K->303139K(481108K), 0.0021279 secs] [Times: user=0.00 sys=0.00, real=0.00 secs] 
2020-10-29T14:48:25.449+0000: [GC (Allocation Failure) 2020-10-29T14:48:25.449+0000: [ParNew: 16388K->4K(18432K), 0.0021151 secs] 319523K->303139K(481108K), 0.0021666 secs] [Times: user=0.00 sys=0.00, real=0.00 secs] 
2020-10-29T14:48:25.465+0000: [GC (Allocation Failure) 2020-10-29T14:48:25.465+0000: [ParNew: 16388K->4K(18432K), 0.0020852 secs] 319523K->303139K(481108K), 0.0021421 secs] [Times: user=0.00 sys=0.00, real=0.00 secs] 
2020-10-29T14:48:25.481+0000: [GC (Allocation Failure) 2020-10-29T14:48:25.481+0000: [ParNew: 16388K->4K(18432K), 0.0020999 secs] 319523K->303139K(481108K), 0.0021544 secs] [Times: user=0.01 sys=0.00, real=0.00 secs] 
2020-10-29T14:48:25.500+0000: [GC (Allocation Failure) 2020-10-29T14:48:25.501+0000: [ParNew: 16388K->4K(18432K), 0.0021037 secs] 319523K->303139K(481108K), 0.0021586 secs] [Times: user=0.00 sys=0.00, real=0.00 secs] 
2020-10-29T14:48:25.520+0000: [GC (Allocation Failure) 2020-10-29T14:48:25.520+0000: [ParNew: 16388K->4K(18432K), 0.0021072 secs] 319523K->303139K(481108K), 0.0021606 secs] [Times: user=0.01 sys=0.00, real=0.00 secs] 
2020-10-29T14:48:25.540+0000: [GC (Allocation Failure) 2020-10-29T14:48:25.541+0000: [ParNew: 16388K->4K(18432K), 0.0021733 secs] 319523K->303139K(481108K), 0.0022316 secs] [Times: user=0.01 sys=0.00, real=0.00 secs] 
2020-10-29T14:48:25.560+0000: [GC (Allocation Failure) 2020-10-29T14:48:25.561+0000: [ParNew: 16388K->4K(18432K), 0.0021200 secs] 319523K->303139K(481108K), 0.0021760 secs] [Times: user=0.00 sys=0.00, real=0.00 secs] 
2020-10-29T14:48:25.577+0000: [GC (Allocation Failure) 2020-10-29T14:48:25.577+0000: [ParNew: 16388K->4K(18432K), 0.0020259 secs] 319523K->303139K(481108K), 0.0020746 secs] [Times: user=0.00 sys=0.00, real=0.00 secs] 
2020-10-29T14:48:25.593+0000: [GC (Allocation Failure) 2020-10-29T14:48:25.593+0000: [ParNew: 16388K->4K(18432K), 0.0021388 secs] 319523K->303139K(481108K), 0.0021958 secs] [Times: user=0.00 sys=0.00, real=0.00 secs] 
2020-10-29T14:48:25.610+0000: [GC (Allocation Failure) 2020-10-29T14:48:25.610+0000: [ParNew: 16388K->4K(18432K), 0.0021474 secs] 319523K->303139K(481108K), 0.0022038 secs] [Times: user=0.01 sys=0.00, real=0.00 secs] 
2020-10-29T14:48:25.626+0000: [GC (Allocation Failure) 2020-10-29T14:48:25.626+0000: [ParNew: 16388K->4K(18432K), 0.0020966 secs] 319523K->303139K(481108K), 0.0021462 secs] [Times: user=0.01 sys=0.00, real=0.00 secs] 
2020-10-29T14:48:25.642+0000: [GC (Allocation Failure) 2020-10-29T14:48:25.642+0000: [ParNew: 16388K->4K(18432K), 0.0019237 secs] 319523K->303139K(481108K), 0.0019726 secs] [Times: user=0.01 sys=0.00, real=0.00 secs] 
2020-10-29T14:48:25.660+0000: [GC (Allocation Failure) 2020-10-29T14:48:25.660+0000: [ParNew: 16388K->4K(18432K), 0.0019803 secs] 319523K->303139K(481108K), 0.0020301 secs] [Times: user=0.01 sys=0.00, real=0.00 secs] 
2020-10-29T14:48:25.677+0000: [GC (Allocation Failure) 2020-10-29T14:48:25.677+0000: [ParNew: 16388K->4K(18432K), 0.0021064 secs] 319523K->303139K(481108K), 0.0021549 secs] [Times: user=0.01 sys=0.00, real=0.00 secs] 
2020-10-29T14:48:25.696+0000: [GC (Allocation Failure) 2020-10-29T14:48:25.697+0000: [ParNew: 16388K->4K(18432K), 0.0020842 secs] 319523K->303139K(481108K), 0.0021402 secs] [Times: user=0.00 sys=0.00, real=0.00 secs] 
2020-10-29T14:48:25.713+0000: [GC (Allocation Failure) 2020-10-29T14:48:25.713+0000: [ParNew: 16388K->4K(18432K), 0.0019015 secs] 319523K->303139K(481108K), 0.0019500 secs] [Times: user=0.00 sys=0.00, real=0.00 secs] 
2020-10-29T14:48:25.732+0000: [GC (Allocation Failure) 2020-10-29T14:48:25.733+0000: [ParNew: 16388K->4K(18432K), 0.0021114 secs] 319523K->303139K(481108K), 0.0021665 secs] [Times: user=0.00 sys=0.00, real=0.00 secs] 
2020-10-29T14:48:25.752+0000: [GC (Allocation Failure) 2020-10-29T14:48:25.752+0000: [ParNew: 16388K->4K(18432K), 0.0021041 secs] 319523K->303139K(481108K), 0.0021594 secs] [Times: user=0.01 sys=0.00, real=0.00 secs] 
2020-10-29T14:48:25.769+0000: [GC (Allocation Failure) 2020-10-29T14:48:25.769+0000: [ParNew: 16388K->4K(18432K), 0.0020448 secs] 319523K->303139K(481108K), 0.0020964 secs] [Times: user=0.01 sys=0.00, real=0.00 secs] 
2020-10-29T14:48:25.785+0000: [GC (Allocation Failure) 2020-10-29T14:48:25.785+0000: [ParNew: 16388K->4K(18432K), 0.0020707 secs] 319523K->303139K(481108K), 0.0021240 secs] [Times: user=0.01 sys=0.00, real=0.00 secs] 
2020-10-29T14:48:25.804+0000: [GC (Allocation Failure) 2020-10-29T14:48:25.804+0000: [ParNew: 16388K->4K(18432K), 0.0020370 secs] 319523K->303139K(481108K), 0.0020950 secs] [Times: user=0.01 sys=0.00, real=0.00 secs] 
2020-10-29T14:48:25.821+0000: [GC (Allocation Failure) 2020-10-29T14:48:25.821+0000: [ParNew: 16388K->4K(18432K), 0.0020576 secs] 319523K->303139K(481108K), 0.0021100 secs] [Times: user=0.00 sys=0.00, real=0.00 secs] 
2020-10-29T14:48:25.840+0000: [GC (Allocation Failure) 2020-10-29T14:48:25.840+0000: [ParNew: 16388K->4K(18432K), 0.0021067 secs] 319523K->303139K(481108K), 0.0021615 secs] [Times: user=0.00 sys=0.00, real=0.00 secs] 
2020-10-29T14:48:25.860+0000: [GC (Allocation Failure) 2020-10-29T14:48:25.860+0000: [ParNew: 16388K->4K(18432K), 0.0020534 secs] 319523K->303139K(481108K), 0.0021054 secs] [Times: user=0.00 sys=0.00, real=0.00 secs] 
2020-10-29T14:48:25.880+0000: [GC (Allocation Failure) 2020-10-29T14:48:25.881+0000: [ParNew: 16388K->4K(18432K), 0.0021372 secs] 319523K->303139K(481108K), 0.0021952 secs] [Times: user=0.01 sys=0.00, real=0.00 secs] 
2020-10-29T14:48:25.897+0000: [GC (Allocation Failure) 2020-10-29T14:48:25.897+0000: [ParNew: 16388K->4K(18432K), 0.0020790 secs] 319523K->303139K(481108K), 0.0021322 secs] [Times: user=0.01 sys=0.00, real=0.00 secs] 
2020-10-29T14:48:25.916+0000: [GC (Allocation Failure) 2020-10-29T14:48:25.916+0000: [ParNew: 16388K->4K(18432K), 0.0020512 secs] 319523K->303139K(481108K), 0.0021002 secs] [Times: user=0.01 sys=0.00, real=0.00 secs] 
2020-10-29T14:48:25.936+0000: [GC (Allocation Failure) 2020-10-29T14:48:25.937+0000: [ParNew: 16388K->4K(18432K), 0.0020608 secs] 319523K->303139K(481108K), 0.0021145 secs] [Times: user=0.00 sys=0.00, real=0.00 secs] 
2020-10-29T14:48:25.956+0000: [GC (Allocation Failure) 2020-10-29T14:48:25.956+0000: [ParNew: 16388K->4K(18432K), 0.0020425 secs] 319523K->303139K(481108K), 0.0020941 secs] [Times: user=0.01 sys=0.00, real=0.00 secs] 
2020-10-29T14:48:25.973+0000: [GC (Allocation Failure) 2020-10-29T14:48:25.973+0000: [ParNew: 16388K->4K(18432K), 0.0021275 secs] 319523K->303139K(481108K), 0.0021771 secs] [Times: user=0.01 sys=0.00, real=0.00 secs] 
2020-10-29T14:48:25.989+0000: [GC (Allocation Failure) 2020-10-29T14:48:25.989+0000: [ParNew: 16388K->4K(18432K), 0.0020426 secs] 319523K->303139K(481108K), 0.0020953 secs] [Times: user=0.00 sys=0.00, real=0.00 secs] 
2020-10-29T14:48:26.005+0000: [GC (Allocation Failure) 2020-10-29T14:48:26.005+0000: [ParNew: 16388K->4K(18432K), 0.0020205 secs] 319523K->303139K(481108K), 0.0020710 secs] [Times: user=0.01 sys=0.00, real=0.00 secs] 
2020-10-29T14:48:26.021+0000: [GC (Allocation Failure) 2020-10-29T14:48:26.021+0000: [ParNew: 16388K->4K(18432K), 0.0020489 secs] 319523K->303139K(481108K), 0.0021013 secs] [Times: user=0.01 sys=0.00, real=0.00 secs] 
2020-10-29T14:48:26.042+0000: [GC (Allocation Failure) 2020-10-29T14:48:26.042+0000: [ParNew: 16388K->4K(18432K), 0.0020665 secs] 319523K->303139K(481108K), 0.0021195 secs] [Times: user=0.00 sys=0.00, real=0.00 secs] 
2020-10-29T14:48:26.058+0000: [GC (Allocation Failure) 2020-10-29T14:48:26.058+0000: [ParNew: 16388K->4K(18432K), 0.0021213 secs] 319523K->303139K(481108K), 0.0021751 secs] [Times: user=0.01 sys=0.00, real=0.00 secs] 
2020-10-29T14:48:26.074+0000: [GC (Allocation Failure) 2020-10-29T14:48:26.074+0000: [ParNew: 16388K->4K(18432K), 0.0020796 secs] 319523K->303139K(481108K), 0.0021545 secs] [Times: user=0.01 sys=0.00, real=0.00 secs] 
2020-10-29T14:48:26.090+0000: [GC (Allocation Failure) 2020-10-29T14:48:26.090+0000: [ParNew: 16388K->4K(18432K), 0.0020555 secs] 319523K->303139K(481108K), 0.0021071 secs] [Times: user=0.00 sys=0.00, real=0.00 secs] 
2020-10-29T14:48:26.106+0000: [GC (Allocation Failure) 2020-10-29T14:48:26.106+0000: [ParNew: 16388K->4K(18432K), 0.0021203 secs] 319523K->303139K(481108K), 0.0021757 secs] [Times: user=0.00 sys=0.00, real=0.00 secs] 
2020-10-29T14:48:26.122+0000: [GC (Allocation Failure) 2020-10-29T14:48:26.123+0000: [ParNew: 16388K->4K(18432K), 0.0020883 secs] 319523K->303139K(481108K), 0.0021414 secs] [Times: user=0.00 sys=0.00, real=0.01 secs] 
2020-10-29T14:48:26.139+0000: [GC (Allocation Failure) 2020-10-29T14:48:26.139+0000: [ParNew: 16388K->4K(18432K), 0.0020388 secs] 319523K->303139K(481108K), 0.0020883 secs] [Times: user=0.00 sys=0.00, real=0.00 secs] 
2020-10-29T14:48:26.155+0000: [GC (Allocation Failure) 2020-10-29T14:48:26.155+0000: [ParNew: 16388K->4K(18432K), 0.0021198 secs] 319523K->303139K(481108K), 0.0021753 secs] [Times: user=0.00 sys=0.00, real=0.00 secs] 
2020-10-29T14:48:26.171+0000: [GC (Allocation Failure) 2020-10-29T14:48:26.171+0000: [ParNew: 16388K->4K(18432K), 0.0021018 secs] 319523K->303139K(481108K), 0.0021553 secs] [Times: user=0.00 sys=0.00, real=0.01 secs] 
2020-10-29T14:48:26.187+0000: [GC (Allocation Failure) 2020-10-29T14:48:26.187+0000: [ParNew: 16388K->4K(18432K), 0.0020630 secs] 319523K->303139K(481108K), 0.0021158 secs] [Times: user=0.00 sys=0.00, real=0.00 secs] 
2020-10-29T14:48:26.204+0000: [GC (Allocation Failure) 2020-10-29T14:48:26.205+0000: [ParNew: 16388K->4K(18432K), 0.0021632 secs] 319523K->303139K(481108K), 0.0022203 secs] [Times: user=0.00 sys=0.00, real=0.00 secs] 
2020-10-29T14:48:26.221+0000: [GC (Allocation Failure) 2020-10-29T14:48:26.221+0000: [ParNew: 16388K->4K(18432K), 0.0021362 secs] 319523K->303139K(481108K), 0.0021863 secs] [Times: user=0.00 sys=0.00, real=0.00 secs] 
2020-10-29T14:48:26.240+0000: [GC (Allocation Failure) 2020-10-29T14:48:26.241+0000: [ParNew: 16388K->4K(18432K), 0.0021368 secs] 319523K->303139K(481108K), 0.0021929 secs] [Times: user=0.01 sys=0.00, real=0.00 secs] 
2020-10-29T14:48:26.260+0000: [GC (Allocation Failure) 2020-10-29T14:48:26.261+0000: [ParNew: 16388K->4K(18432K), 0.0021388 secs] 319523K->303139K(481108K), 0.0021957 secs] [Times: user=0.00 sys=0.00, real=0.00 secs] 
2020-10-29T14:48:26.280+0000: [GC (Allocation Failure) 2020-10-29T14:48:26.281+0000: [ParNew: 16388K->4K(18432K), 0.0020802 secs] 319523K->303139K(481108K), 0.0021345 secs] [Times: user=0.00 sys=0.00, real=0.00 secs] 
2020-10-29T14:48:26.300+0000: [GC (Allocation Failure) 2020-10-29T14:48:26.301+0000: [ParNew: 16388K->4K(18432K), 0.0020681 secs] 319523K->303139K(481108K), 0.0021209 secs] [Times: user=0.01 sys=0.00, real=0.00 secs] 
2020-10-29T14:48:26.320+0000: [GC (Allocation Failure) 2020-10-29T14:48:26.321+0000: [ParNew: 16388K->4K(18432K), 0.0020639 secs] 319523K->303139K(481108K), 0.0021164 secs] [Times: user=0.01 sys=0.00, real=0.00 secs] 
2020-10-29T14:48:26.337+0000: [GC (Allocation Failure) 2020-10-29T14:48:26.337+0000: [ParNew: 16388K->4K(18432K), 0.0020428 secs] 319523K->303139K(481108K), 0.0020942 secs] [Times: user=0.00 sys=0.00, real=0.00 secs] 
2020-10-29T14:48:26.353+0000: [GC (Allocation Failure) 2020-10-29T14:48:26.353+0000: [ParNew: 16388K->4K(18432K), 0.0020162 secs] 319523K->303139K(481108K), 0.0020674 secs] [Times: user=0.00 sys=0.00, real=0.00 secs] 
2020-10-29T14:48:26.369+0000: [GC (Allocation Failure) 2020-10-29T14:48:26.369+0000: [ParNew: 16388K->4K(18432K), 0.0019785 secs] 319523K->303139K(481108K), 0.0020282 secs] [Times: user=0.00 sys=0.00, real=0.00 secs] 
2020-10-29T14:48:26.388+0000: [GC (Allocation Failure) 2020-10-29T14:48:26.388+0000: [ParNew: 16388K->4K(18432K), 0.0020205 secs] 319523K->303139K(481108K), 0.0020725 secs] [Times: user=0.01 sys=0.00, real=0.00 secs] 
2020-10-29T14:48:26.405+0000: [GC (Allocation Failure) 2020-10-29T14:48:26.405+0000: [ParNew: 16388K->4K(18432K), 0.0020591 secs] 319523K->303139K(481108K), 0.0021117 secs] [Times: user=0.01 sys=0.00, real=0.00 secs] 
2020-10-29T14:48:26.424+0000: [GC (Allocation Failure) 2020-10-29T14:48:26.425+0000: [ParNew: 16388K->4K(18432K), 0.0035860 secs] 319523K->303139K(481108K), 0.0036403 secs] [Times: user=0.00 sys=0.00, real=0.00 secs] 
2020-10-29T14:48:26.442+0000: [GC (Allocation Failure) 2020-10-29T14:48:26.442+0000: [ParNew: 16388K->4K(18432K), 0.0020783 secs] 319523K->303139K(481108K), 0.0021301 secs] [Times: user=0.00 sys=0.00, real=0.01 secs] 
2020-10-29T14:48:26.459+0000: [GC (Allocation Failure) 2020-10-29T14:48:26.459+0000: [ParNew: 16388K->4K(18432K), 0.0021022 secs] 319523K->303139K(481108K), 0.0021544 secs] [Times: user=0.00 sys=0.00, real=0.00 secs] 
2020-10-29T14:48:26.475+0000: [GC (Allocation Failure) 2020-10-29T14:48:26.475+0000: [ParNew: 16388K->4K(18432K), 0.0021141 secs] 319523K->303139K(481108K), 0.0021756 secs] [Times: user=0.01 sys=0.00, real=0.00 secs] 
2020-10-29T14:48:26.492+0000: [GC (Allocation Failure) 2020-10-29T14:48:26.492+0000: [ParNew: 16388K->4K(18432K), 0.0020485 secs] 319523K->303139K(481108K), 0.0020994 secs] [Times: user=0.00 sys=0.00, real=0.00 secs] 
2020-10-29T14:48:26.509+0000: [GC (Allocation Failure) 2020-10-29T14:48:26.509+0000: [ParNew: 16388K->4K(18432K), 0.0021498 secs] 319523K->303139K(481108K), 0.0022049 secs] [Times: user=0.01 sys=0.00, real=0.00 secs] 
2020-10-29T14:48:26.525+0000: [GC (Allocation Failure) 2020-10-29T14:48:26.525+0000: [ParNew: 16388K->4K(18432K), 0.0020692 secs] 319523K->303139K(481108K), 0.0021211 secs] [Times: user=0.00 sys=0.00, real=0.00 secs] 
2020-10-29T14:48:26.541+0000: [GC (Allocation Failure) 2020-10-29T14:48:26.541+0000: [ParNew: 16388K->4K(18432K), 0.0020148 secs] 319523K->303139K(481108K), 0.0020652 secs] [Times: user=0.01 sys=0.00, real=0.00 secs] 
2020-10-29T14:48:26.560+0000: [GC (Allocation Failure) 2020-10-29T14:48:26.561+0000: [ParNew: 16388K->4K(18432K), 0.0020502 secs] 319523K->303139K(481108K), 0.0021038 secs] [Times: user=0.00 sys=0.00, real=0.00 secs] 
2020-10-29T14:48:26.577+0000: [GC (Allocation Failure) 2020-10-29T14:48:26.577+0000: [ParNew: 16388K->4K(18432K), 0.0020640 secs] 319523K->303139K(481108K), 0.0021136 secs] [Times: user=0.00 sys=0.00, real=0.00 secs] 
2020-10-29T14:48:26.593+0000: [GC (Allocation Failure) 2020-10-29T14:48:26.593+0000: [ParNew: 16388K->4K(18432K), 0.0020411 secs] 319523K->303139K(481108K), 0.0020939 secs] [Times: user=0.01 sys=0.00, real=0.00 secs] 
2020-10-29T14:48:26.611+0000: [GC (Allocation Failure) 2020-10-29T14:48:26.611+0000: [ParNew: 16388K->4K(18432K), 0.0020860 secs] 319523K->303139K(481108K), 0.0021389 secs] [Times: user=0.01 sys=0.00, real=0.01 secs] 
2020-10-29T14:48:26.628+0000: [GC (Allocation Failure) 2020-10-29T14:48:26.628+0000: [ParNew: 16388K->4K(18432K), 0.0021803 secs] 319523K->303139K(481108K), 0.0022371 secs] [Times: user=0.00 sys=0.00, real=0.00 secs] 
2020-10-29T14:48:26.644+0000: [GC (Allocation Failure) 2020-10-29T14:48:26.644+0000: [ParNew: 16388K->4K(18432K), 0.0020428 secs] 319523K->303139K(481108K), 0.0020955 secs] [Times: user=0.01 sys=0.00, real=0.01 secs] 
2020-10-29T14:48:26.664+0000: [GC (Allocation Failure) 2020-10-29T14:48:26.664+0000: [ParNew: 16388K->4K(18432K), 0.0021199 secs] 319523K->303139K(481108K), 0.0021756 secs] [Times: user=0.00 sys=0.00, real=0.01 secs] 
2020-10-29T14:48:26.684+0000: [GC (Allocation Failure) 2020-10-29T14:48:26.685+0000: [ParNew: 16388K->4K(18432K), 0.0020776 secs] 319523K->303139K(481108K), 0.0021314 secs] [Times: user=0.01 sys=0.00, real=0.00 secs] 
2020-10-29T14:48:26.701+0000: [GC (Allocation Failure) 2020-10-29T14:48:26.701+0000: [ParNew: 16388K->4K(18432K), 0.0020715 secs] 319523K->303139K(481108K), 0.0021256 secs] [Times: user=0.00 sys=0.00, real=0.00 secs] 
2020-10-29T14:48:26.720+0000: [GC (Allocation Failure) 2020-10-29T14:48:26.720+0000: [ParNew: 16388K->4K(18432K), 0.0020567 secs] 319523K->303139K(481108K), 0.0021082 secs] [Times: user=0.00 sys=0.00, real=0.00 secs] 
2020-10-29T14:48:26.740+0000: [GC (Allocation Failure) 2020-10-29T14:48:26.741+0000: [ParNew: 16388K->4K(18432K), 0.0020976 secs] 319523K->303139K(481108K), 0.0021524 secs] [Times: user=0.01 sys=0.00, real=0.00 secs] 
2020-10-29T14:48:26.757+0000: [GC (Allocation Failure) 2020-10-29T14:48:26.757+0000: [ParNew: 16388K->4K(18432K), 0.0021184 secs] 319523K->303139K(481108K), 0.0021722 secs] [Times: user=0.01 sys=0.00, real=0.00 secs] 
2020-10-29T14:48:26.773+0000: [GC (Allocation Failure) 2020-10-29T14:48:26.773+0000: [ParNew: 16388K->4K(18432K), 0.0020514 secs] 319523K->303139K(481108K), 0.0020999 secs] [Times: user=0.00 sys=0.00, real=0.00 secs] 
2020-10-29T14:48:26.789+0000: [GC (Allocation Failure) 2020-10-29T14:48:26.789+0000: [ParNew: 16388K->4K(18432K), 0.0021971 secs] 319523K->303139K(481108K), 0.0022525 secs] [Times: user=0.01 sys=0.00, real=0.00 secs] 
2020-10-29T14:48:26.808+0000: [GC (Allocation Failure) 2020-10-29T14:48:26.809+0000: [ParNew: 16388K->4K(18432K), 0.0021308 secs] 319523K->303139K(481108K), 0.0021869 secs] [Times: user=0.00 sys=0.00, real=0.00 secs] 
2020-10-29T14:48:26.825+0000: [GC (Allocation Failure) 2020-10-29T14:48:26.825+0000: [ParNew: 16388K->4K(18432K), 0.0021067 secs] 319523K->303139K(481108K), 0.0021623 secs] [Times: user=0.01 sys=0.00, real=0.00 secs] 
2020-10-29T14:48:26.841+0000: [GC (Allocation Failure) 2020-10-29T14:48:26.842+0000: [ParNew: 16388K->4K(18432K), 0.0020888 secs] 319523K->303139K(481108K), 0.0021403 secs] [Times: user=0.00 sys=0.00, real=0.00 secs] 
2020-10-29T14:48:26.860+0000: [GC (Allocation Failure) 2020-10-29T14:48:26.861+0000: [ParNew: 16388K->4K(18432K), 0.0021248 secs] 319523K->303139K(481108K), 0.0021855 secs] [Times: user=0.00 sys=0.00, real=0.00 secs] 
2020-10-29T14:48:26.880+0000: [GC (Allocation Failure) 2020-10-29T14:48:26.881+0000: [ParNew: 16388K->4K(18432K), 0.0021367 secs] 319523K->303139K(481108K), 0.0021895 secs] [Times: user=0.01 sys=0.00, real=0.00 secs] 
2020-10-29T14:48:26.897+0000: [GC (Allocation Failure) 2020-10-29T14:48:26.897+0000: [ParNew: 16388K->4K(18432K), 0.0021589 secs] 319523K->303139K(481108K), 0.0022148 secs] [Times: user=0.00 sys=0.00, real=0.00 secs] 
2020-10-29T14:48:26.913+0000: [GC (Allocation Failure) 2020-10-29T14:48:26.913+0000: [ParNew: 16388K->4K(18432K), 0.0020893 secs] 319523K->303139K(481108K), 0.0021428 secs] [Times: user=0.00 sys=0.00, real=0.00 secs] 
2020-10-29T14:48:26.930+0000: [GC (Allocation Failure) 2020-10-29T14:48:26.930+0000: [ParNew: 16388K->4K(18432K), 0.0020498 secs] 319523K->303139K(481108K), 0.0021028 secs] [Times: user=0.00 sys=0.00, real=0.00 secs] 
2020-10-29T14:48:26.948+0000: [GC (Allocation Failure) 2020-10-29T14:48:26.948+0000: [ParNew: 16388K->4K(18432K), 0.0020017 secs] 319523K->303139K(481108K), 0.0020519 secs] [Times: user=0.01 sys=0.00, real=0.00 secs] 
2020-10-29T14:48:26.968+0000: [GC (Allocation Failure) 2020-10-29T14:48:26.969+0000: [ParNew: 16388K->4K(18432K), 0.0020886 secs] 319523K->303139K(481108K), 0.0021419 secs] [Times: user=0.00 sys=0.00, real=0.00 secs] 
2020-10-29T14:48:26.985+0000: [GC (Allocation Failure) 2020-10-29T14:48:26.985+0000: [ParNew: 16388K->4K(18432K), 0.0020042 secs] 319523K->303139K(481108K), 0.0020552 secs] [Times: user=0.00 sys=0.00, real=0.00 secs] 
2020-10-29T14:48:27.001+0000: [GC (Allocation Failure) 2020-10-29T14:48:27.001+0000: [ParNew: 16388K->4K(18432K), 0.0020738 secs] 319523K->303139K(481108K), 0.0021276 secs] [Times: user=0.01 sys=0.00, real=0.00 secs] 
2020-10-29T14:48:27.017+0000: [GC (Allocation Failure) 2020-10-29T14:48:27.017+0000: [ParNew: 16388K->4K(18432K), 0.0020861 secs] 319523K->303139K(481108K), 0.0021393 secs] [Times: user=0.01 sys=0.00, real=0.00 secs] 
2020-10-29T14:48:27.033+0000: [GC (Allocation Failure) 2020-10-29T14:48:27.033+0000: [ParNew: 16388K->4K(18432K), 0.0020549 secs] 319523K->303139K(481108K), 0.0021070 secs] [Times: user=0.01 sys=0.00, real=0.00 secs] 
2020-10-29T14:48:27.052+0000: [GC (Allocation Failure) 2020-10-29T14:48:27.053+0000: [ParNew: 16388K->4K(18432K), 0.0020898 secs] 319523K->303139K(481108K), 0.0021457 secs] [Times: user=0.00 sys=0.00, real=0.00 secs] 
2020-10-29T14:48:27.069+0000: [GC (Allocation Failure) 2020-10-29T14:48:27.069+0000: [ParNew: 16388K->4K(18432K), 0.0020887 secs] 319523K->303139K(481108K), 0.0021563 secs] [Times: user=0.00 sys=0.00, real=0.00 secs] 
2020-10-29T14:48:27.088+0000: [GC (Allocation Failure) 2020-10-29T14:48:27.089+0000: [ParNew: 16388K->4K(18432K), 0.0021077 secs] 319523K->303139K(481108K), 0.0021589 secs] [Times: user=0.01 sys=0.00, real=0.00 secs] 
2020-10-29T14:48:27.108+0000: [GC (Allocation Failure) 2020-10-29T14:48:27.109+0000: [ParNew: 16388K->4K(18432K), 0.0021283 secs] 319523K->303139K(481108K), 0.0021850 secs] [Times: user=0.01 sys=0.00, real=0.00 secs] 
2020-10-29T14:48:27.125+0000: [GC (Allocation Failure) 2020-10-29T14:48:27.125+0000: [ParNew: 16388K->4K(18432K), 0.0020711 secs] 319523K->303139K(481108K), 0.0021312 secs] [Times: user=0.01 sys=0.00, real=0.00 secs] 
2020-10-29T14:48:27.144+0000: [GC (Allocation Failure) 2020-10-29T14:48:27.145+0000: [ParNew: 16388K->4K(18432K), 0.0021288 secs] 319523K->303139K(481108K), 0.0021845 secs] [Times: user=0.00 sys=0.00, real=0.00 secs] 
2020-10-29T14:48:27.164+0000: [GC (Allocation Failure) 2020-10-29T14:48:27.165+0000: [ParNew: 16388K->4K(18432K), 0.0021423 secs] 319523K->303139K(481108K), 0.0021994 secs] [Times: user=0.00 sys=0.00, real=0.00 secs] 
2020-10-29T14:48:27.181+0000: [GC (Allocation Failure) 2020-10-29T14:48:27.181+0000: [ParNew: 16388K->4K(18432K), 0.0020988 secs] 319523K->303139K(481108K), 0.0021554 secs] [Times: user=0.00 sys=0.00, real=0.00 secs] 
2020-10-29T14:48:27.197+0000: [GC (Allocation Failure) 2020-10-29T14:48:27.197+0000: [ParNew: 16388K->4K(18432K), 0.0021093 secs] 319523K->303139K(481108K), 0.0021675 secs] [Times: user=0.01 sys=0.00, real=0.00 secs] 
2020-10-29T14:48:27.217+0000: [GC (Allocation Failure) 2020-10-29T14:48:27.217+0000: [ParNew: 16388K->4K(18432K), 0.0020963 secs] 319523K->303139K(481108K), 0.0021491 secs] [Times: user=0.00 sys=0.00, real=0.00 secs] 
2020-10-29T14:48:27.236+0000: [GC (Allocation Failure) 2020-10-29T14:48:27.237+0000: [ParNew: 16388K->4K(18432K), 0.0020749 secs] 319523K->303139K(481108K), 0.0021267 secs] [Times: user=0.01 sys=0.00, real=0.00 secs] 
2020-10-29T14:48:27.253+0000: [GC (Allocation Failure) 2020-10-29T14:48:27.253+0000: [ParNew: 16388K->4K(18432K), 0.0020856 secs] 319523K->303139K(481108K), 0.0021355 secs] [Times: user=0.00 sys=0.00, real=0.00 secs] 
2020-10-29T14:48:27.272+0000: [GC (Allocation Failure) 2020-10-29T14:48:27.273+0000: [ParNew: 16388K->4K(18432K), 0.0021107 secs] 319523K->303139K(481108K), 0.0021668 secs] [Times: user=0.00 sys=0.00, real=0.00 secs] 
2020-10-29T14:48:27.289+0000: [GC (Allocation Failure) 2020-10-29T14:48:27.289+0000: [ParNew: 16388K->4K(18432K), 0.0020832 secs] 319523K->303139K(481108K), 0.0021365 secs] [Times: user=0.01 sys=0.00, real=0.00 secs] 
2020-10-29T14:48:27.305+0000: [GC (Allocation Failure) 2020-10-29T14:48:27.305+0000: [ParNew: 16388K->4K(18432K), 0.0020603 secs] 319523K->303139K(481108K), 0.0021112 secs] [Times: user=0.00 sys=0.00, real=0.00 secs] 
2020-10-29T14:48:27.324+0000: [GC (Allocation Failure) 2020-10-29T14:48:27.325+0000: [ParNew: 16388K->4K(18432K), 0.0020728 secs] 319523K->303139K(481108K), 0.0021255 secs] [Times: user=0.00 sys=0.00, real=0.00 secs] 
2020-10-29T14:48:27.341+0000: [GC (Allocation Failure) 2020-10-29T14:48:27.341+0000: [ParNew: 16388K->4K(18432K), 0.0020694 secs] 319523K->303139K(481108K), 0.0021224 secs] [Times: user=0.01 sys=0.00, real=0.00 secs] 
2020-10-29T14:48:27.360+0000: [GC (Allocation Failure) 2020-10-29T14:48:27.361+0000: [ParNew: 16388K->4K(18432K), 0.0020597 secs] 319523K->303139K(481108K), 0.0021116 secs] [Times: user=0.00 sys=0.00, real=0.00 secs] 
2020-10-29T14:48:27.380+0000: [GC (Allocation Failure) 2020-10-29T14:48:27.381+0000: [ParNew: 16388K->4K(18432K), 0.0020924 secs] 319523K->303139K(481108K), 0.0021467 secs] [Times: user=0.00 sys=0.00, real=0.00 secs] 
2020-10-29T14:48:27.400+0000: [GC (Allocation Failure) 2020-10-29T14:48:27.400+0000: [ParNew: 16388K->4K(18432K), 0.0020872 secs] 319523K->303139K(481108K), 0.0021362 secs] [Times: user=0.00 sys=0.00, real=0.00 secs] 
2020-10-29T14:48:27.416+0000: [GC (Allocation Failure) 2020-10-29T14:48:27.417+0000: [ParNew: 16388K->4K(18432K), 0.0020698 secs] 319523K->303139K(481108K), 0.0021197 secs] [Times: user=0.00 sys=0.00, real=0.00 secs] 
2020-10-29T14:48:27.432+0000: [GC (Allocation Failure) 2020-10-29T14:48:27.432+0000: [ParNew: 16388K->4K(18432K), 0.0021035 secs] 319523K->303139K(481108K), 0.0021576 secs] [Times: user=0.01 sys=0.00, real=0.00 secs] 
2020-10-29T14:48:27.452+0000: [GC (Allocation Failure) 2020-10-29T14:48:27.452+0000: [ParNew: 16388K->4K(18432K), 0.0020923 secs] 319523K->303139K(481108K), 0.0021456 secs] [Times: user=0.00 sys=0.00, real=0.01 secs] 
2020-10-29T14:48:27.470+0000: [GC (Allocation Failure) 2020-10-29T14:48:27.470+0000: [ParNew: 16388K->4K(18432K), 0.0020553 secs] 319523K->303139K(481108K), 0.0021070 secs] [Times: user=0.01 sys=0.00, real=0.01 secs] 
2020-10-29T14:48:27.500+0000: [GC (Allocation Failure) 2020-10-29T14:48:27.501+0000: [ParNew: 16388K->4K(18432K), 0.0021622 secs] 319523K->303139K(481108K), 0.0022187 secs] [Times: user=0.00 sys=0.00, real=0.00 secs] 
2020-10-29T14:48:27.532+0000: [GC (Allocation Failure) 2020-10-29T14:48:27.532+0000: [ParNew: 16388K->4K(18432K), 0.0031883 secs] 319523K->303140K(481108K), 0.0032420 secs] [Times: user=0.00 sys=0.00, real=0.01 secs] 
2020-10-29T14:48:27.563+0000: [GC (Allocation Failure) 2020-10-29T14:48:27.563+0000: [ParNew: 16388K->4K(18432K), 0.0021337 secs] 319524K->303140K(481108K), 0.0021891 secs] [Times: user=0.00 sys=0.00, real=0.01 secs] 
2020-10-29T14:48:27.724+0000: [GC (Allocation Failure) 2020-10-29T14:48:27.724+0000: [ParNew: 16388K->6K(18432K), 0.0022676 secs] 319524K->303142K(481108K), 0.0023263 secs] [Times: user=0.00 sys=0.00, real=0.01 secs] 
2020-10-29T14:48:28.142+0000: [GC (Allocation Failure) 2020-10-29T14:48:28.142+0000: [ParNew: 16390K->477K(18432K), 0.0028837 secs] 319526K->303613K(481108K), 0.0029520 secs] [Times: user=0.01 sys=0.00, real=0.01 secs] 
2020-10-29T14:48:28.845+0000: [GC (Allocation Failure) 2020-10-29T14:48:28.845+0000: [ParNew: 16861K->986K(18432K), 0.0036728 secs] 336381K->320507K(481108K), 0.0037546 secs] [Times: user=0.01 sys=0.00, real=0.00 secs] 
2020-10-29T14:48:29.025+0000: [GC (Allocation Failure) 2020-10-29T14:48:29.025+0000: [ParNew: 17370K->2048K(18432K), 0.0060724 secs] 336891K->321753K(481108K), 0.0061265 secs] [Times: user=0.01 sys=0.00, real=0.00 secs] 
2020-10-29T14:48:29.155+0000: [GC (Allocation Failure) 2020-10-29T14:48:29.155+0000: [ParNew: 18432K->1245K(18432K), 0.0082073 secs] 338137K->322748K(481108K), 0.0082678 secs] [Times: user=0.02 sys=0.00, real=0.00 secs] 
2020-10-29T14:48:29.201+0000: [GC (Allocation Failure) 2020-10-29T14:48:29.201+0000: [ParNew: 17629K->682K(18432K), 0.0023874 secs] 339132K->322185K(481108K), 0.0024687 secs] [Times: user=0.00 sys=0.00, real=0.00 secs] 
2020-10-29T14:48:29.233+0000: [GC (Allocation Failure) 2020-10-29T14:48:29.233+0000: [ParNew: 17066K->740K(18432K), 0.0025141 secs] 338569K->322243K(481108K), 0.0025752 secs] [Times: user=0.01 sys=0.00, real=0.00 secs] 
2020-10-29T14:48:29.271+0000: [GC (Allocation Failure) 2020-10-29T14:48:29.271+0000: [ParNew: 17124K->850K(18432K), 0.0024534 secs] 338627K->322353K(481108K), 0.0025134 secs] [Times: user=0.01 sys=0.00, real=0.01 secs] 
2020-10-29T14:48:29.296+0000: [GC (Allocation Failure) 2020-10-29T14:48:29.297+0000: [ParNew: 17234K->1144K(18432K), 0.0025233 secs] 338737K->322647K(481108K), 0.0025840 secs] [Times: user=0.00 sys=0.00, real=0.00 secs] 
2020-10-29T14:48:29.321+0000: [GC (Allocation Failure) 2020-10-29T14:48:29.321+0000: [ParNew: 17528K->976K(18432K), 0.0025343 secs] 339031K->322479K(481108K), 0.0025922 secs] [Times: user=0.00 sys=0.00, real=0.00 secs] 
2020-10-29T14:48:29.346+0000: [GC (Allocation Failure) 2020-10-29T14:48:29.346+0000: [ParNew: 17132K->847K(18432K), 0.0036986 secs] 338635K->322810K(481108K), 0.0037555 secs] [Times: user=0.00 sys=0.00, real=0.00 secs] 
2020-10-29T14:48:29.372+0000: [GC (Allocation Failure) 2020-10-29T14:48:29.372+0000: [ParNew: 17231K->1066K(18432K), 0.0037398 secs] 339194K->323029K(481108K), 0.0037963 secs] [Times: user=0.00 sys=0.00, real=0.01 secs] 
2020-10-29T14:48:29.400+0000: [GC (Allocation Failure) 2020-10-29T14:48:29.400+0000: [ParNew: 17450K->22K(18432K), 0.0028963 secs] 339413K->323012K(481108K), 0.0029552 secs] [Times: user=0.01 sys=0.00, real=0.00 secs] 
2020-10-29T14:48:29.424+0000: [GC (Allocation Failure) 2020-10-29T14:48:29.425+0000: [ParNew: 16406K->5K(18432K), 0.0021506 secs] 339396K->322995K(481108K), 0.0022048 secs] [Times: user=0.01 sys=0.00, real=0.00 secs] 
2020-10-29T14:48:29.451+0000: [GC (Allocation Failure) 2020-10-29T14:48:29.451+0000: [ParNew: 16389K->4K(18432K), 0.0021835 secs] 339379K->322994K(481108K), 0.0022405 secs] [Times: user=0.00 sys=0.00, real=0.01 secs] 
2020-10-29T14:48:29.477+0000: [GC (Allocation Failure) 2020-10-29T14:48:29.477+0000: [ParNew: 16388K->4K(18432K), 0.0021607 secs] 339378K->322994K(481108K), 0.0022291 secs] [Times: user=0.01 sys=0.00, real=0.00 secs] 
2020-10-29T14:48:29.498+0000: [GC (Allocation Failure) 2020-10-29T14:48:29.498+0000: [ParNew: 16388K->4K(18432K), 0.0022020 secs] 339378K->322994K(481108K), 0.0022631 secs] [Times: user=0.00 sys=0.00, real=0.00 secs] 
2020-10-29T14:48:29.516+0000: [GC (Allocation Failure) 2020-10-29T14:48:29.516+0000: [ParNew: 16388K->4K(18432K), 0.0022062 secs] 339378K->322994K(481108K), 0.0022660 secs] [Times: user=0.01 sys=0.00, real=0.00 secs] 
2020-10-29T14:48:29.535+0000: [GC (Allocation Failure) 2020-10-29T14:48:29.535+0000: [ParNew: 16388K->4K(18432K), 0.0022640 secs] 339378K->322994K(481108K), 0.0023240 secs] [Times: user=0.00 sys=0.00, real=0.00 secs] 
2020-10-29T14:48:29.553+0000: [GC (Allocation Failure) 2020-10-29T14:48:29.553+0000: [ParNew: 16388K->4K(18432K), 0.0022299 secs] 339378K->322994K(481108K), 0.0022932 secs] [Times: user=0.00 sys=0.00, real=0.00 secs] 
2020-10-29T14:48:29.572+0000: [GC (Allocation Failure) 2020-10-29T14:48:29.572+0000: [ParNew: 16388K->4K(18432K), 0.0022230 secs] 339378K->322994K(481108K), 0.0022976 secs] [Times: user=0.01 sys=0.00, real=0.01 secs] 
2020-10-29T14:48:29.590+0000: [GC (Allocation Failure) 2020-10-29T14:48:29.590+0000: [ParNew: 16388K->4K(18432K), 0.0022669 secs] 339378K->322994K(481108K), 0.0023274 secs] [Times: user=0.00 sys=0.00, real=0.00 secs] 
2020-10-29T14:48:29.608+0000: [GC (Allocation Failure) 2020-10-29T14:48:29.608+0000: [ParNew: 16388K->4K(18432K), 0.0021908 secs] 339378K->322994K(481108K), 0.0022449 secs] [Times: user=0.01 sys=0.00, real=0.00 secs] 
2020-10-29T14:48:29.631+0000: [GC (Allocation Failure) 2020-10-29T14:48:29.631+0000: [ParNew: 16388K->4K(18432K), 0.0021566 secs] 339378K->322994K(481108K), 0.0022132 secs] [Times: user=0.00 sys=0.00, real=0.01 secs] 
2020-10-29T14:48:29.657+0000: [GC (Allocation Failure) 2020-10-29T14:48:29.657+0000: [ParNew: 16388K->4K(18432K), 0.0021543 secs] 339378K->322994K(481108K), 0.0022102 secs] [Times: user=0.00 sys=0.00, real=0.00 secs] 
2020-10-29T14:48:29.690+0000: [GC (Allocation Failure) 2020-10-29T14:48:29.690+0000: [ParNew: 16388K->4K(18432K), 0.0022549 secs] 339378K->322994K(481108K), 0.0023346 secs] [Times: user=0.01 sys=0.00, real=0.01 secs] 
2020-10-29T14:48:29.724+0000: [GC (Allocation Failure) 2020-10-29T14:48:29.724+0000: [ParNew: 16388K->4K(18432K), 0.0022005 secs] 339378K->322994K(481108K), 0.0022807 secs] [Times: user=0.01 sys=0.00, real=0.01 secs] 
2020-10-29T14:48:29.764+0000: [GC (Allocation Failure) 2020-10-29T14:48:29.764+0000: [ParNew: 16388K->2K(18432K), 0.0046783 secs] 339378K->322992K(481108K), 0.0047585 secs] [Times: user=0.01 sys=0.00, real=0.01 secs] 
2020-10-29T14:48:29.800+0000: [GC (Allocation Failure) 2020-10-29T14:48:29.800+0000: [ParNew: 16386K->4K(18432K), 0.0045317 secs] 339376K->322994K(481108K), 0.0046274 secs] [Times: user=0.00 sys=0.01, real=0.01 secs] 
2020-10-29T14:48:29.847+0000: [GC (Allocation Failure) 2020-10-29T14:48:29.847+0000: [ParNew: 16388K->2K(18432K), 0.0044774 secs] 339378K->322992K(481108K), 0.0045525 secs] [Times: user=0.00 sys=0.00, real=0.00 secs] 
2020-10-29T14:48:29.882+0000: [GC (Allocation Failure) 2020-10-29T14:48:29.882+0000: [ParNew: 16386K->4K(18432K), 0.0045485 secs] 339376K->322994K(481108K), 0.0046283 secs] [Times: user=0.01 sys=0.00, real=0.01 secs] 
2020-10-29T14:48:29.926+0000: [GC (Allocation Failure) 2020-10-29T14:48:29.926+0000: [ParNew: 16388K->2K(18432K), 0.0044649 secs] 339378K->322992K(481108K), 0.0045442 secs] [Times: user=0.01 sys=0.00, real=0.00 secs] 
2020-10-29T14:48:29.965+0000: [GC (Allocation Failure) 2020-10-29T14:48:29.966+0000: [ParNew: 16386K->4K(18432K), 0.0045459 secs] 339376K->322994K(481108K), 0.0046231 secs] [Times: user=0.01 sys=0.00, real=0.00 secs] 
2020-10-29T14:48:29.997+0000: [GC (Allocation Failure) 2020-10-29T14:48:29.997+0000: [ParNew: 16388K->4K(18432K), 0.0022072 secs] 339378K->322994K(481108K), 0.0022652 secs] [Times: user=0.01 sys=0.00, real=0.00 secs] 
2020-10-29T14:48:30.016+0000: [GC (Allocation Failure) 2020-10-29T14:48:30.017+0000: [ParNew: 16388K->4K(18432K), 0.0020720 secs] 339378K->322994K(481108K), 0.0021246 secs] [Times: user=0.01 sys=0.00, real=0.00 secs] 
2020-10-29T14:48:30.037+0000: [GC (Allocation Failure) 2020-10-29T14:48:30.037+0000: [ParNew: 16388K->4K(18432K), 0.0021738 secs] 339378K->322994K(481108K), 0.0022275 secs] [Times: user=0.01 sys=0.00, real=0.00 secs] 
2020-10-29T14:48:30.056+0000: [GC (Allocation Failure) 2020-10-29T14:48:30.057+0000: [ParNew: 16388K->4K(18432K), 0.0021632 secs] 339378K->322994K(481108K), 0.0022120 secs] [Times: user=0.00 sys=0.00, real=0.00 secs] 
2020-10-29T14:48:30.073+0000: [GC (Allocation Failure) 2020-10-29T14:48:30.073+0000: [ParNew: 16388K->4K(18432K), 0.0021596 secs] 339378K->322994K(481108K), 0.0022178 secs] [Times: user=0.00 sys=0.00, real=0.00 secs] 
2020-10-29T14:48:30.092+0000: [GC (Allocation Failure) 2020-10-29T14:48:30.093+0000: [ParNew: 16388K->4K(18432K), 0.0022321 secs] 339378K->322994K(481108K), 0.0022879 secs] [Times: user=0.00 sys=0.00, real=0.00 secs] 
2020-10-29T14:48:30.109+0000: [GC (Allocation Failure) 2020-10-29T14:48:30.109+0000: [ParNew: 16388K->4K(18432K), 0.0021858 secs] 339378K->322994K(481108K), 0.0022424 secs] [Times: user=0.01 sys=0.00, real=0.00 secs] 
2020-10-29T14:48:30.128+0000: [GC (Allocation Failure) 2020-10-29T14:48:30.129+0000: [ParNew: 16388K->4K(18432K), 0.0021698 secs] 339378K->322994K(481108K), 0.0022279 secs] [Times: user=0.00 sys=0.00, real=0.00 secs] 
2020-10-29T14:48:30.145+0000: [GC (Allocation Failure) 2020-10-29T14:48:30.145+0000: [ParNew: 16388K->4K(18432K), 0.0022319 secs] 339378K->322994K(481108K), 0.0022905 secs] [Times: user=0.00 sys=0.00, real=0.00 secs] 
2020-10-29T14:48:30.164+0000: [GC (Allocation Failure) 2020-10-29T14:48:30.165+0000: [ParNew: 16388K->4K(18432K), 0.0021480 secs] 339378K->322994K(481108K), 0.0022050 secs] [Times: user=0.00 sys=0.00, real=0.00 secs] 
2020-10-29T14:48:30.181+0000: [GC (Allocation Failure) 2020-10-29T14:48:30.181+0000: [ParNew: 16388K->4K(18432K), 0.0020900 secs] 339378K->322994K(481108K), 0.0021426 secs] [Times: user=0.00 sys=0.00, real=0.00 secs] 
2020-10-29T14:48:30.198+0000: [GC (Allocation Failure) 2020-10-29T14:48:30.198+0000: [ParNew: 16388K->4K(18432K), 0.0022022 secs] 339378K->322994K(481108K), 0.0022611 secs] [Times: user=0.00 sys=0.00, real=0.00 secs] 
2020-10-29T14:48:30.215+0000: [GC (Allocation Failure) 2020-10-29T14:48:30.215+0000: [ParNew: 16388K->4K(18432K), 0.0021787 secs] 339378K->322994K(481108K), 0.0022358 secs] [Times: user=0.01 sys=0.00, real=0.00 secs] 
2020-10-29T14:48:30.232+0000: [GC (Allocation Failure) 2020-10-29T14:48:30.233+0000: [ParNew: 16388K->4K(18432K), 0.0021191 secs] 339378K->322994K(481108K), 0.0021719 secs] [Times: user=0.01 sys=0.00, real=0.00 secs] 
2020-10-29T14:48:30.252+0000: [GC (Allocation Failure) 2020-10-29T14:48:30.253+0000: [ParNew: 16388K->4K(18432K), 0.0021247 secs] 339378K->322994K(481108K), 0.0021788 secs] [Times: user=0.00 sys=0.00, real=0.00 secs] 
2020-10-29T14:48:30.269+0000: [GC (Allocation Failure) 2020-10-29T14:48:30.269+0000: [ParNew: 16388K->4K(18432K), 0.0021106 secs] 339378K->322994K(481108K), 0.0021645 secs] [Times: user=0.00 sys=0.00, real=0.00 secs] 
2020-10-29T14:48:30.286+0000: [GC (Allocation Failure) 2020-10-29T14:48:30.286+0000: [ParNew: 16388K->4K(18432K), 0.0021250 secs] 339378K->322994K(481108K), 0.0021809 secs] [Times: user=0.00 sys=0.00, real=0.00 secs] 
2020-10-29T14:48:30.302+0000: [GC (Allocation Failure) 2020-10-29T14:48:30.302+0000: [ParNew: 16388K->4K(18432K), 0.0021264 secs] 339378K->322994K(481108K), 0.0021779 secs] [Times: user=0.01 sys=0.00, real=0.00 secs] 
2020-10-29T14:48:30.318+0000: [GC (Allocation Failure) 2020-10-29T14:48:30.318+0000: [ParNew: 16388K->4K(18432K), 0.0022223 secs] 339378K->322994K(481108K), 0.0022753 secs] [Times: user=0.01 sys=0.00, real=0.00 secs] 
2020-10-29T14:48:30.335+0000: [GC (Allocation Failure) 2020-10-29T14:48:30.335+0000: [ParNew: 16388K->4K(18432K), 0.0020621 secs] 339378K->322994K(481108K), 0.0021243 secs] [Times: user=0.00 sys=0.00, real=0.00 secs] 
2020-10-29T14:48:30.353+0000: [GC (Allocation Failure) 2020-10-29T14:48:30.353+0000: [ParNew: 16388K->4K(18432K), 0.0021228 secs] 339378K->322994K(481108K), 0.0021783 secs] [Times: user=0.00 sys=0.00, real=0.00 secs] 
2020-10-29T14:48:30.372+0000: [GC (Allocation Failure) 2020-10-29T14:48:30.373+0000: [ParNew: 16388K->4K(18432K), 0.0021586 secs] 339378K->322994K(481108K), 0.0022146 secs] [Times: user=0.01 sys=0.00, real=0.00 secs] 
2020-10-29T14:48:30.392+0000: [GC (Allocation Failure) 2020-10-29T14:48:30.393+0000: [ParNew: 16388K->4K(18432K), 0.0021409 secs] 339378K->322994K(481108K), 0.0021966 secs] [Times: user=0.00 sys=0.00, real=0.00 secs] 
2020-10-29T14:48:30.409+0000: [GC (Allocation Failure) 2020-10-29T14:48:30.409+0000: [ParNew: 16388K->4K(18432K), 0.0021760 secs] 339378K->322994K(481108K), 0.0022380 secs] [Times: user=0.00 sys=0.00, real=0.00 secs] 
2020-10-29T14:48:30.426+0000: [GC (Allocation Failure) 2020-10-29T14:48:30.426+0000: [ParNew: 16388K->4K(18432K), 0.0021719 secs] 339378K->322994K(481108K), 0.0022264 secs] [Times: user=0.01 sys=0.00, real=0.00 secs] 
2020-10-29T14:48:30.445+0000: [GC (Allocation Failure) 2020-10-29T14:48:30.445+0000: [ParNew: 16388K->4K(18432K), 0.0021995 secs] 339378K->322994K(481108K), 0.0022526 secs] [Times: user=0.00 sys=0.00, real=0.00 secs] 
2020-10-29T14:48:30.463+0000: [GC (Allocation Failure) 2020-10-29T14:48:30.463+0000: [ParNew: 16388K->4K(18432K), 0.0021850 secs] 339378K->322994K(481108K), 0.0022418 secs] [Times: user=0.00 sys=0.00, real=0.01 secs] 
2020-10-29T14:48:30.479+0000: [GC (Allocation Failure) 2020-10-29T14:48:30.479+0000: [ParNew: 16388K->4K(18432K), 0.0021374 secs] 339378K->322994K(481108K), 0.0021912 secs] [Times: user=0.01 sys=0.00, real=0.00 secs] 
2020-10-29T14:48:30.496+0000: [GC (Allocation Failure) 2020-10-29T14:48:30.497+0000: [ParNew: 16388K->4K(18432K), 0.0022048 secs] 339378K->322995K(481108K), 0.0022569 secs] [Times: user=0.01 sys=0.00, real=0.00 secs] 
2020-10-29T14:48:30.513+0000: [GC (Allocation Failure) 2020-10-29T14:48:30.513+0000: [ParNew: 16388K->4K(18432K), 0.0020924 secs] 339379K->322995K(481108K), 0.0021425 secs] [Times: user=0.01 sys=0.00, real=0.00 secs] 
2020-10-29T14:48:30.530+0000: [GC (Allocation Failure) 2020-10-29T14:48:30.530+0000: [ParNew: 16370K->4K(18432K), 0.0020023 secs] 339361K->322995K(481108K), 0.0020535 secs] [Times: user=0.00 sys=0.00, real=0.00 secs] 
2020-10-29T14:48:30.548+0000: [GC (Allocation Failure) 2020-10-29T14:48:30.549+0000: [ParNew: 16388K->4K(18432K), 0.0021219 secs] 339379K->322995K(481108K), 0.0021746 secs] [Times: user=0.00 sys=0.00, real=0.00 secs] 
2020-10-29T14:48:30.565+0000: [GC (Allocation Failure) 2020-10-29T14:48:30.565+0000: [ParNew: 16388K->4K(18432K), 0.0020887 secs] 339379K->322995K(481108K), 0.0021421 secs] [Times: user=0.01 sys=0.00, real=0.00 secs] 
2020-10-29T14:48:30.581+0000: [GC (Allocation Failure) 2020-10-29T14:48:30.582+0000: [ParNew: 16388K->4K(18432K), 0.0022572 secs] 339379K->322995K(481108K), 0.0023139 secs] [Times: user=0.00 sys=0.00, real=0.00 secs] 
2020-10-29T14:48:30.598+0000: [GC (Allocation Failure) 2020-10-29T14:48:30.598+0000: [ParNew: 16388K->4K(18432K), 0.0021553 secs] 339379K->322995K(481108K), 0.0022118 secs] [Times: user=0.00 sys=0.00, real=0.00 secs] 
2020-10-29T14:48:30.615+0000: [GC (Allocation Failure) 2020-10-29T14:48:30.615+0000: [ParNew: 16388K->4K(18432K), 0.0021532 secs] 339379K->322995K(481108K), 0.0022074 secs] [Times: user=0.01 sys=0.00, real=0.00 secs] 
2020-10-29T14:48:30.632+0000: [GC (Allocation Failure) 2020-10-29T14:48:30.633+0000: [ParNew: 16388K->4K(18432K), 0.0021865 secs] 339379K->322995K(481108K), 0.0022454 secs] [Times: user=0.00 sys=0.00, real=0.00 secs] 
2020-10-29T14:48:30.652+0000: [GC (Allocation Failure) 2020-10-29T14:48:30.653+0000: [ParNew: 16388K->4K(18432K), 0.0021809 secs] 339379K->322995K(481108K), 0.0022388 secs] [Times: user=0.00 sys=0.00, real=0.00 secs] 
2020-10-29T14:48:30.672+0000: [GC (Allocation Failure) 2020-10-29T14:48:30.672+0000: [ParNew: 16388K->4K(18432K), 0.0021154 secs] 339379K->322995K(481108K), 0.0021688 secs] [Times: user=0.01 sys=0.00, real=0.01 secs] 
2020-10-29T14:48:30.689+0000: [GC (Allocation Failure) 2020-10-29T14:48:30.689+0000: [ParNew: 16388K->4K(18432K), 0.0021018 secs] 339379K->322995K(481108K), 0.0021545 secs] [Times: user=0.01 sys=0.00, real=0.00 secs] 
2020-10-29T14:48:30.708+0000: [GC (Allocation Failure) 2020-10-29T14:48:30.709+0000: [ParNew: 16388K->4K(18432K), 0.0021428 secs] 339379K->322995K(481108K), 0.0021937 secs] [Times: user=0.01 sys=0.00, real=0.00 secs] 
2020-10-29T14:48:30.726+0000: [GC (Allocation Failure) 2020-10-29T14:48:30.726+0000: [ParNew: 16388K->4K(18432K), 0.0021477 secs] 339379K->322995K(481108K), 0.0021970 secs] [Times: user=0.01 sys=0.00, real=0.00 secs] 
2020-10-29T14:48:30.744+0000: [GC (Allocation Failure) 2020-10-29T14:48:30.745+0000: [ParNew: 16388K->4K(18432K), 0.0021228 secs] 339379K->322995K(481108K), 0.0021764 secs] [Times: user=0.00 sys=0.00, real=0.00 secs] 
2020-10-29T14:48:30.761+0000: [GC (Allocation Failure) 2020-10-29T14:48:30.761+0000: [ParNew: 16388K->4K(18432K), 0.0021970 secs] 339379K->322995K(481108K), 0.0022559 secs] [Times: user=0.00 sys=0.00, real=0.00 secs] 
2020-10-29T14:48:30.778+0000: [GC (Allocation Failure) 2020-10-29T14:48:30.778+0000: [ParNew: 16388K->4K(18432K), 0.0021873 secs] 339379K->322995K(481108K), 0.0022432 secs] [Times: user=0.01 sys=0.00, real=0.00 secs] 
2020-10-29T14:48:30.794+0000: [GC (Allocation Failure) 2020-10-29T14:48:30.794+0000: [ParNew: 16388K->4K(18432K), 0.0021563 secs] 339379K->322995K(481108K), 0.0022086 secs] [Times: user=0.01 sys=0.00, real=0.00 secs] 
2020-10-29T14:48:30.812+0000: [GC (Allocation Failure) 2020-10-29T14:48:30.813+0000: [ParNew: 16388K->4K(18432K), 0.0022340 secs] 339379K->322995K(481108K), 0.0022924 secs] [Times: user=0.00 sys=0.00, real=0.00 secs] 
2020-10-29T14:48:30.830+0000: [GC (Allocation Failure) 2020-10-29T14:48:30.830+0000: [ParNew: 16388K->4K(18432K), 0.0022143 secs] 339379K->322995K(481108K), 0.0022707 secs] [Times: user=0.01 sys=0.00, real=0.00 secs] 
2020-10-29T14:48:30.846+0000: [GC (Allocation Failure) 2020-10-29T14:48:30.846+0000: [ParNew: 16388K->4K(18432K), 0.0022793 secs] 339379K->322995K(481108K), 0.0023375 secs] [Times: user=0.00 sys=0.00, real=0.00 secs] 
2020-10-29T14:48:30.863+0000: [GC (Allocation Failure) 2020-10-29T14:48:30.863+0000: [ParNew: 16388K->4K(18432K), 0.0030280 secs] 339379K->322995K(481108K), 0.0030918 secs] [Times: user=0.00 sys=0.00, real=0.01 secs] 
2020-10-29T14:48:30.883+0000: [GC (Allocation Failure) 2020-10-29T14:48:30.883+0000: [ParNew: 16388K->4K(18432K), 0.0021898 secs] 339379K->322995K(481108K), 0.0022447 secs] [Times: user=0.00 sys=0.00, real=0.01 secs] 
2020-10-29T14:48:30.900+0000: [GC (Allocation Failure) 2020-10-29T14:48:30.901+0000: [ParNew: 16388K->4K(18432K), 0.0021941 secs] 339379K->322995K(481108K), 0.0022480 secs] [Times: user=0.01 sys=0.00, real=0.00 secs] 
2020-10-29T14:48:30.917+0000: [GC (Allocation Failure) 2020-10-29T14:48:30.917+0000: [ParNew: 16388K->4K(18432K), 0.0020924 secs] 339379K->322995K(481108K), 0.0021455 secs] [Times: user=0.01 sys=0.00, real=0.00 secs] 
2020-10-29T14:48:30.934+0000: [GC (Allocation Failure) 2020-10-29T14:48:30.934+0000: [ParNew: 16388K->4K(18432K), 0.0021468 secs] 339379K->322995K(481108K), 0.0022096 secs] [Times: user=0.01 sys=0.00, real=0.00 secs] 
2020-10-29T14:48:30.952+0000: [GC (Allocation Failure) 2020-10-29T14:48:30.953+0000: [ParNew: 16388K->4K(18432K), 0.0021452 secs] 339379K->322995K(481108K), 0.0021992 secs] [Times: user=0.00 sys=0.00, real=0.00 secs] 
2020-10-29T14:48:30.972+0000: [GC (Allocation Failure) 2020-10-29T14:48:30.973+0000: [ParNew: 16388K->4K(18432K), 0.0021555 secs] 339379K->322995K(481108K), 0.0022122 secs] [Times: user=0.01 sys=0.00, real=0.00 secs] 
2020-10-29T14:48:30.989+0000: [GC (Allocation Failure) 2020-10-29T14:48:30.989+0000: [ParNew: 16388K->4K(18432K), 0.0022526 secs] 339379K->322995K(481108K), 0.0023096 secs] [Times: user=0.01 sys=0.00, real=0.00 secs] 
2020-10-29T14:48:31.006+0000: [GC (Allocation Failure) 2020-10-29T14:48:31.006+0000: [ParNew: 16388K->4K(18432K), 0.0021610 secs] 339379K->322995K(481108K), 0.0022161 secs] [Times: user=0.01 sys=0.00, real=0.00 secs] 
2020-10-29T14:48:31.022+0000: [GC (Allocation Failure) 2020-10-29T14:48:31.022+0000: [ParNew: 16388K->4K(18432K), 0.0021259 secs] 339379K->322995K(481108K), 0.0021794 secs] [Times: user=0.00 sys=0.00, real=0.01 secs] 
2020-10-29T14:48:31.040+0000: [GC (Allocation Failure) 2020-10-29T14:48:31.041+0000: [ParNew: 16388K->4K(18432K), 0.0021630 secs] 339379K->322995K(481108K), 0.0022191 secs] [Times: user=0.01 sys=0.00, real=0.00 secs] 
2020-10-29T14:48:31.060+0000: [GC (Allocation Failure) 2020-10-29T14:48:31.061+0000: [ParNew: 16388K->4K(18432K), 0.0022150 secs] 339379K->322995K(481108K), 0.0022734 secs] [Times: user=0.00 sys=0.00, real=0.00 secs] 
2020-10-29T14:48:31.077+0000: [GC (Allocation Failure) 2020-10-29T14:48:31.077+0000: [ParNew: 16388K->4K(18432K), 0.0021503 secs] 339379K->322995K(481108K), 0.0022058 secs] [Times: user=0.00 sys=0.00, real=0.00 secs] 
2020-10-29T14:48:31.094+0000: [GC (Allocation Failure) 2020-10-29T14:48:31.094+0000: [ParNew: 16388K->4K(18432K), 0.0021623 secs] 339379K->322995K(481108K), 0.0022200 secs] [Times: user=0.00 sys=0.00, real=0.00 secs] 
2020-10-29T14:48:31.114+0000: [GC (Allocation Failure) 2020-10-29T14:48:31.114+0000: [ParNew: 16388K->4K(18432K), 0.0021790 secs] 339379K->322995K(481108K), 0.0022355 secs] [Times: user=0.01 sys=0.00, real=0.00 secs] 
2020-10-29T14:48:31.131+0000: [GC (Allocation Failure) 2020-10-29T14:48:31.131+0000: [ParNew: 16388K->4K(18432K), 0.0021315 secs] 339379K->322995K(481108K), 0.0021815 secs] [Times: user=0.01 sys=0.00, real=0.01 secs] 
2020-10-29T14:48:31.148+0000: [GC (Allocation Failure) 2020-10-29T14:48:31.149+0000: [ParNew: 16388K->4K(18432K), 0.0021579 secs] 339379K->322995K(481108K), 0.0022141 secs] [Times: user=0.01 sys=0.00, real=0.00 secs] 
2020-10-29T14:48:31.169+0000: [GC (Allocation Failure) 2020-10-29T14:48:31.169+0000: [ParNew: 16388K->4K(18432K), 0.0021602 secs] 339379K->322995K(481108K), 0.0022169 secs] [Times: user=0.01 sys=0.00, real=0.00 secs] 
2020-10-29T14:48:31.188+0000: [GC (Allocation Failure) 2020-10-29T14:48:31.189+0000: [ParNew: 16388K->4K(18432K), 0.0020584 secs] 339379K->322995K(481108K), 0.0021107 secs] [Times: user=0.00 sys=0.00, real=0.00 secs] 
2020-10-29T14:48:31.205+0000: [GC (Allocation Failure) 2020-10-29T14:48:31.205+0000: [ParNew: 16388K->4K(18432K), 0.0022864 secs] 339379K->322995K(481108K), 0.0023429 secs] [Times: user=0.00 sys=0.00, real=0.00 secs] 
2020-10-29T14:48:31.222+0000: [GC (Allocation Failure) 2020-10-29T14:48:31.222+0000: [ParNew: 16388K->4K(18432K), 0.0021127 secs] 339379K->322995K(481108K), 0.0021663 secs] [Times: user=0.01 sys=0.00, real=0.00 secs] 
2020-10-29T14:48:31.238+0000: [GC (Allocation Failure) 2020-10-29T14:48:31.238+0000: [ParNew: 16388K->4K(18432K), 0.0020272 secs] 339379K->322995K(481108K), 0.0020789 secs] [Times: user=0.01 sys=0.00, real=0.00 secs] 
2020-10-29T14:48:31.254+0000: [GC (Allocation Failure) 2020-10-29T14:48:31.254+0000: [ParNew: 16388K->4K(18432K), 0.0020735 secs] 339379K->322995K(481108K), 0.0021271 secs] [Times: user=0.00 sys=0.00, real=0.00 secs] 
2020-10-29T14:48:31.271+0000: [GC (Allocation Failure) 2020-10-29T14:48:31.271+0000: [ParNew: 16388K->4K(18432K), 0.0021862 secs] 339379K->322995K(481108K), 0.0022424 secs] [Times: user=0.00 sys=0.00, real=0.01 secs] 
2020-10-29T14:48:31.288+0000: [GC (Allocation Failure) 2020-10-29T14:48:31.288+0000: [ParNew: 16388K->4K(18432K), 0.0021902 secs] 339379K->322995K(481108K), 0.0022476 secs] [Times: user=0.00 sys=0.00, real=0.00 secs] 
2020-10-29T14:48:31.309+0000: [GC (Allocation Failure) 2020-10-29T14:48:31.309+0000: [ParNew: 16388K->4K(18432K), 0.0021781 secs] 339379K->322995K(481108K), 0.0022556 secs] [Times: user=0.00 sys=0.00, real=0.00 secs] 
2020-10-29T14:48:31.326+0000: [GC (Allocation Failure) 2020-10-29T14:48:31.326+0000: [ParNew: 16388K->4K(18432K), 0.0022305 secs] 339379K->322995K(481108K), 0.0022905 secs] [Times: user=0.00 sys=0.00, real=0.00 secs] 
2020-10-29T14:48:31.344+0000: [GC (Allocation Failure) 2020-10-29T14:48:31.345+0000: [ParNew: 16388K->4K(18432K), 0.0022003 secs] 339379K->322995K(481108K), 0.0022681 secs] [Times: user=0.01 sys=0.00, real=0.00 secs] 
2020-10-29T14:48:31.364+0000: [GC (Allocation Failure) 2020-10-29T14:48:31.365+0000: [ParNew: 16388K->4K(18432K), 0.0021050 secs] 339379K->322995K(481108K), 0.0021606 secs] [Times: user=0.00 sys=0.00, real=0.00 secs] 
2020-10-29T14:48:31.384+0000: [GC (Allocation Failure) 2020-10-29T14:48:31.385+0000: [ParNew: 16388K->4K(18432K), 0.0021139 secs] 339379K->322995K(481108K), 0.0021682 secs] [Times: user=0.01 sys=0.00, real=0.00 secs] 
2020-10-29T14:48:31.401+0000: [GC (Allocation Failure) 2020-10-29T14:48:31.401+0000: [ParNew: 16388K->4K(18432K), 0.0021454 secs] 339379K->322995K(481108K), 0.0021975 secs] [Times: user=0.00 sys=0.00, real=0.00 secs] 
2020-10-29T14:48:31.417+0000: [GC (Allocation Failure) 2020-10-29T14:48:31.417+0000: [ParNew: 16388K->4K(18432K), 0.0020676 secs] 339379K->322995K(481108K), 0.0021195 secs] [Times: user=0.01 sys=0.00, real=0.00 secs] 
2020-10-29T14:48:31.436+0000: [GC (Allocation Failure) 2020-10-29T14:48:31.437+0000: [ParNew: 16388K->4K(18432K), 0.0020478 secs] 339379K->322995K(481108K), 0.0021007 secs] [Times: user=0.00 sys=0.00, real=0.00 secs] 
2020-10-29T14:48:31.456+0000: [GC (Allocation Failure) 2020-10-29T14:48:31.456+0000: [ParNew: 16388K->4K(18432K), 0.0021336 secs] 339379K->322995K(481108K), 0.0021864 secs] [Times: user=0.00 sys=0.01, real=0.00 secs] 
2020-10-29T14:48:31.476+0000: [GC (Allocation Failure) 2020-10-29T14:48:31.477+0000: [ParNew: 16388K->4K(18432K), 0.0021010 secs] 339379K->322995K(481108K), 0.0021559 secs] [Times: user=0.00 sys=0.00, real=0.00 secs] 
2020-10-29T14:48:31.496+0000: [GC (Allocation Failure) 2020-10-29T14:48:31.497+0000: [ParNew: 16388K->4K(18432K), 0.0020584 secs] 339379K->322995K(481108K), 0.0021106 secs] [Times: user=0.01 sys=0.00, real=0.00 secs] 
2020-10-29T14:48:31.513+0000: [GC (Allocation Failure) 2020-10-29T14:48:31.513+0000: [ParNew: 16388K->4K(18432K), 0.0020579 secs] 339379K->322995K(481108K), 0.0021086 secs] [Times: user=0.01 sys=0.00, real=0.00 secs] 
2020-10-29T14:48:31.529+0000: [GC (Allocation Failure) 2020-10-29T14:48:31.529+0000: [ParNew: 16388K->4K(18432K), 0.0020209 secs] 339379K->322995K(481108K), 0.0020698 secs] [Times: user=0.01 sys=0.00, real=0.00 secs] 
2020-10-29T14:48:31.545+0000: [GC (Allocation Failure) 2020-10-29T14:48:31.545+0000: [ParNew: 16388K->4K(18432K), 0.0021263 secs] 339379K->322995K(481108K), 0.0021836 secs] [Times: user=0.00 sys=0.00, real=0.00 secs] 
2020-10-29T14:48:31.564+0000: [GC (Allocation Failure) 2020-10-29T14:48:31.565+0000: [ParNew: 16388K->4K(18432K), 0.0020573 secs] 339379K->322995K(481108K), 0.0021107 secs] [Times: user=0.01 sys=0.00, real=0.00 secs] 
2020-10-29T14:48:31.581+0000: [GC (Allocation Failure) 2020-10-29T14:48:31.581+0000: [ParNew: 16388K->4K(18432K), 0.0022072 secs] 339379K->322995K(481108K), 0.0022649 secs] [Times: user=0.01 sys=0.00, real=0.00 secs] 
2020-10-29T14:48:31.597+0000: [GC (Allocation Failure) 2020-10-29T14:48:31.597+0000: [ParNew: 16388K->4K(18432K), 0.0019651 secs] 339379K->322995K(481108K), 0.0020166 secs] [Times: user=0.01 sys=0.00, real=0.00 secs] 
2020-10-29T14:48:31.616+0000: [GC (Allocation Failure) 2020-10-29T14:48:31.617+0000: [ParNew: 16388K->4K(18432K), 0.0021992 secs] 339379K->322995K(481108K), 0.0022566 secs] [Times: user=0.00 sys=0.00, real=0.00 secs] 
2020-10-29T14:48:31.636+0000: [GC (Allocation Failure) 2020-10-29T14:48:31.637+0000: [ParNew: 16388K->4K(18432K), 0.0021647 secs] 339379K->322995K(481108K), 0.0022201 secs] [Times: user=0.01 sys=0.00, real=0.00 secs] 
2020-10-29T14:48:31.653+0000: [GC (Allocation Failure) 2020-10-29T14:48:31.653+0000: [ParNew: 16388K->4K(18432K), 0.0022074 secs] 339379K->322995K(481108K), 0.0022654 secs] [Times: user=0.01 sys=0.00, real=0.00 secs] 
2020-10-29T14:48:31.672+0000: [GC (Allocation Failure) 2020-10-29T14:48:31.672+0000: [ParNew: 16388K->4K(18432K), 0.0021887 secs] 339379K->322995K(481108K), 0.0022702 secs] [Times: user=0.00 sys=0.00, real=0.01 secs] 
2020-10-29T14:48:31.689+0000: [GC (Allocation Failure) 2020-10-29T14:48:31.689+0000: [ParNew: 16388K->4K(18432K), 0.0021540 secs] 339379K->322995K(481108K), 0.0022090 secs] [Times: user=0.00 sys=0.00, real=0.00 secs] 
2020-10-29T14:48:31.705+0000: [GC (Allocation Failure) 2020-10-29T14:48:31.705+0000: [ParNew: 16388K->4K(18432K), 0.0020752 secs] 339379K->322995K(481108K), 0.0021284 secs] [Times: user=0.01 sys=0.00, real=0.00 secs] 
2020-10-29T14:48:31.724+0000: [GC (Allocation Failure) 2020-10-29T14:48:31.725+0000: [ParNew: 16388K->4K(18432K), 0.0021264 secs] 339379K->322995K(481108K), 0.0021819 secs] [Times: user=0.00 sys=0.00, real=0.00 secs] 
2020-10-29T14:48:31.741+0000: [GC (Allocation Failure) 2020-10-29T14:48:31.741+0000: [ParNew: 16388K->4K(18432K), 0.0021374 secs] 339379K->322995K(481108K), 0.0021936 secs] [Times: user=0.00 sys=0.00, real=0.00 secs] 
2020-10-29T14:48:31.757+0000: [GC (Allocation Failure) 2020-10-29T14:48:31.757+0000: [ParNew: 16388K->4K(18432K), 0.0020762 secs] 339379K->322995K(481108K), 0.0021322 secs] [Times: user=0.00 sys=0.00, real=0.00 secs] 
2020-10-29T14:48:31.774+0000: [GC (Allocation Failure) 2020-10-29T14:48:31.774+0000: [ParNew: 16388K->4K(18432K), 0.0021010 secs] 339379K->322995K(481108K), 0.0021547 secs] [Times: user=0.01 sys=0.00, real=0.00 secs] 
2020-10-29T14:48:31.790+0000: [GC (Allocation Failure) 2020-10-29T14:48:31.790+0000: [ParNew: 16388K->4K(18432K), 0.0021073 secs] 339379K->322995K(481108K), 0.0021601 secs] [Times: user=0.01 sys=0.00, real=0.00 secs] 
2020-10-29T14:48:31.806+0000: [GC (Allocation Failure) 2020-10-29T14:48:31.806+0000: [ParNew: 16388K->4K(18432K), 0.0020918 secs] 339379K->322995K(481108K), 0.0021450 secs] [Times: user=0.01 sys=0.00, real=0.00 secs] 
2020-10-29T14:48:31.824+0000: [GC (Allocation Failure) 2020-10-29T14:48:31.825+0000: [ParNew: 16388K->4K(18432K), 0.0022025 secs] 339379K->322995K(481108K), 0.0022582 secs] [Times: user=0.00 sys=0.00, real=0.00 secs] 
2020-10-29T14:48:31.844+0000: [GC (Allocation Failure) 2020-10-29T14:48:31.845+0000: [ParNew: 16388K->4K(18432K), 0.0021467 secs] 339379K->322995K(481108K), 0.0022016 secs] [Times: user=0.00 sys=0.00, real=0.00 secs] 
2020-10-29T14:48:31.861+0000: [GC (Allocation Failure) 2020-10-29T14:48:31.861+0000: [ParNew: 16388K->4K(18432K), 0.0021614 secs] 339379K->322995K(481108K), 0.0022167 secs] [Times: user=0.01 sys=0.00, real=0.00 secs] 
2020-10-29T14:48:31.880+0000: [GC (Allocation Failure) 2020-10-29T14:48:31.881+0000: [ParNew: 16388K->4K(18432K), 0.0028043 secs] 339379K->322995K(481108K), 0.0028691 secs] [Times: user=0.00 sys=0.00, real=0.00 secs] 
2020-10-29T14:48:31.901+0000: [GC (Allocation Failure) 2020-10-29T14:48:31.901+0000: [ParNew: 16388K->4K(18432K), 0.0021661 secs] 339379K->322995K(481108K), 0.0022216 secs] [Times: user=0.00 sys=0.00, real=0.00 secs] 
2020-10-29T14:48:31.920+0000: [GC (Allocation Failure) 2020-10-29T14:48:31.920+0000: [ParNew: 16388K->4K(18432K), 0.0021597 secs] 339379K->322995K(481108K), 0.0022148 secs] [Times: user=0.01 sys=0.00, real=0.00 secs] 
2020-10-29T14:48:31.936+0000: [GC (Allocation Failure) 2020-10-29T14:48:31.936+0000: [ParNew: 16388K->4K(18432K), 0.0020747 secs] 339379K->322995K(481108K), 0.0021265 secs] [Times: user=0.00 sys=0.00, real=0.00 secs] 
2020-10-29T14:48:31.952+0000: [GC (Allocation Failure) 2020-10-29T14:48:31.952+0000: [ParNew: 16388K->4K(18432K), 0.0021819 secs] 339379K->322995K(481108K), 0.0022396 secs] [Times: user=0.00 sys=0.00, real=0.01 secs] 
2020-10-29T14:48:31.968+0000: [GC (Allocation Failure) 2020-10-29T14:48:31.968+0000: [ParNew: 16388K->4K(18432K), 0.0021910 secs] 339379K->322995K(481108K), 0.0022458 secs] [Times: user=0.00 sys=0.00, real=0.00 secs] 
2020-10-29T14:48:31.985+0000: [GC (Allocation Failure) 2020-10-29T14:48:31.985+0000: [ParNew: 16388K->4K(18432K), 0.0021223 secs] 339379K->322995K(481108K), 0.0021754 secs] [Times: user=0.01 sys=0.00, real=0.00 secs] 
2020-10-29T14:48:32.001+0000: [GC (Allocation Failure) 2020-10-29T14:48:32.001+0000: [ParNew: 16388K->4K(18432K), 0.0021558 secs] 339379K->322995K(481108K), 0.0022232 secs] [Times: user=0.01 sys=0.00, real=0.00 secs] 
2020-10-29T14:48:32.020+0000: [GC (Allocation Failure) 2020-10-29T14:48:32.020+0000: [ParNew: 16388K->4K(18432K), 0.0021059 secs] 339379K->322995K(481108K), 0.0021655 secs] [Times: user=0.00 sys=0.00, real=0.00 secs] 
2020-10-29T14:48:32.037+0000: [GC (Allocation Failure) 2020-10-29T14:48:32.037+0000: [ParNew: 16388K->4K(18432K), 0.0021658 secs] 339379K->322995K(481108K), 0.0022227 secs] [Times: user=0.01 sys=0.00, real=0.00 secs] 
2020-10-29T14:48:32.056+0000: [GC (Allocation Failure) 2020-10-29T14:48:32.057+0000: [ParNew: 16388K->4K(18432K), 0.0021386 secs] 339379K->322995K(481108K), 0.0021958 secs] [Times: user=0.01 sys=0.00, real=0.00 secs] 
2020-10-29T14:48:32.076+0000: [GC (Allocation Failure) 2020-10-29T14:48:32.077+0000: [ParNew: 16388K->4K(18432K), 0.0020990 secs] 339379K->322995K(481108K), 0.0021509 secs] [Times: user=0.00 sys=0.00, real=0.00 secs] 
2020-10-29T14:48:32.096+0000: [GC (Allocation Failure) 2020-10-29T14:48:32.097+0000: [ParNew: 16388K->4K(18432K), 0.0021575 secs] 339379K->322995K(481108K), 0.0022152 secs] [Times: user=0.00 sys=0.00, real=0.00 secs] 
2020-10-29T14:48:32.116+0000: [GC (Allocation Failure) 2020-10-29T14:48:32.117+0000: [ParNew: 16388K->4K(18432K), 0.0021326 secs] 339379K->322995K(481108K), 0.0021861 secs] [Times: user=0.01 sys=0.00, real=0.00 secs] 
2020-10-29T14:48:32.136+0000: [GC (Allocation Failure) 2020-10-29T14:48:32.137+0000: [ParNew: 16388K->4K(18432K), 0.0021813 secs] 339379K->322995K(481108K), 0.0022396 secs] [Times: user=0.00 sys=0.00, real=0.00 secs] 
2020-10-29T14:48:32.153+0000: [GC (Allocation Failure) 2020-10-29T14:48:32.153+0000: [ParNew: 16388K->4K(18432K), 0.0021426 secs] 339379K->322995K(481108K), 0.0022044 secs] [Times: user=0.00 sys=0.00, real=0.00 secs] 
2020-10-29T14:48:32.169+0000: [GC (Allocation Failure) 2020-10-29T14:48:32.169+0000: [ParNew: 16388K->4K(18432K), 0.0019843 secs] 339379K->322995K(481108K), 0.0020351 secs] [Times: user=0.00 sys=0.00, real=0.00 secs] 
2020-10-29T14:48:32.189+0000: [GC (Allocation Failure) 2020-10-29T14:48:32.189+0000: [ParNew: 16388K->4K(18432K), 0.0021033 secs] 339379K->322995K(481108K), 0.0021557 secs] [Times: user=0.00 sys=0.00, real=0.00 secs] 
2020-10-29T14:48:32.205+0000: [GC (Allocation Failure) 2020-10-29T14:48:32.205+0000: [ParNew: 16388K->4K(18432K), 0.0020181 secs] 339379K->322995K(481108K), 0.0020696 secs] [Times: user=0.00 sys=0.00, real=0.00 secs] 
2020-10-29T14:48:32.222+0000: [GC (Allocation Failure) 2020-10-29T14:48:32.222+0000: [ParNew: 16388K->4K(18432K), 0.0021149 secs] 339379K->322995K(481108K), 0.0021631 secs] [Times: user=0.01 sys=0.00, real=0.00 secs] 
2020-10-29T14:48:32.238+0000: [GC (Allocation Failure) 2020-10-29T14:48:32.238+0000: [ParNew: 16388K->4K(18432K), 0.0021431 secs] 339379K->322995K(481108K), 0.0021983 secs] [Times: user=0.00 sys=0.00, real=0.00 secs] 
2020-10-29T14:48:32.254+0000: [GC (Allocation Failure) 2020-10-29T14:48:32.254+0000: [ParNew: 16388K->4K(18432K), 0.0020196 secs] 339379K->322995K(481108K), 0.0020719 secs] [Times: user=0.00 sys=0.00, real=0.00 secs] 
2020-10-29T14:48:32.270+0000: [GC (Allocation Failure) 2020-10-29T14:48:32.270+0000: [ParNew: 16388K->4K(18432K), 0.0020629 secs] 339379K->322995K(481108K), 0.0021128 secs] [Times: user=0.00 sys=0.00, real=0.00 secs] 
2020-10-29T14:48:32.287+0000: [GC (Allocation Failure) 2020-10-29T14:48:32.287+0000: [ParNew: 16388K->4K(18432K), 0.0021846 secs] 339379K->322995K(481108K), 0.0022547 secs] [Times: user=0.01 sys=0.00, real=0.00 secs] 
2020-10-29T14:48:32.304+0000: [GC (Allocation Failure) 2020-10-29T14:48:32.305+0000: [ParNew: 16388K->4K(18432K), 0.0021475 secs] 339379K->322995K(481108K), 0.0022015 secs] [Times: user=0.00 sys=0.00, real=0.00 secs] 
2020-10-29T14:48:32.321+0000: [GC (Allocation Failure) 2020-10-29T14:48:32.321+0000: [ParNew: 16388K->4K(18432K), 0.0021377 secs] 339379K->322995K(481108K), 0.0021916 secs] [Times: user=0.00 sys=0.00, real=0.00 secs] 
2020-10-29T14:48:32.337+0000: [GC (Allocation Failure) 2020-10-29T14:48:32.337+0000: [ParNew: 16388K->4K(18432K), 0.0020470 secs] 339379K->322995K(481108K), 0.0020967 secs] [Times: user=0.00 sys=0.00, real=0.00 secs] 
2020-10-29T14:48:32.353+0000: [GC (Allocation Failure) 2020-10-29T14:48:32.353+0000: [ParNew: 16388K->4K(18432K), 0.0020929 secs] 339379K->322995K(481108K), 0.0021448 secs] [Times: user=0.00 sys=0.00, real=0.00 secs] 
2020-10-29T14:48:32.370+0000: [GC (Allocation Failure) 2020-10-29T14:48:32.370+0000: [ParNew: 16388K->4K(18432K), 0.0020008 secs] 339379K->322995K(481108K), 0.0020521 secs] [Times: user=0.01 sys=0.00, real=0.00 secs] 
2020-10-29T14:48:32.386+0000: [GC (Allocation Failure) 2020-10-29T14:48:32.386+0000: [ParNew: 16388K->4K(18432K), 0.0020991 secs] 339379K->322995K(481108K), 0.0021528 secs] [Times: user=0.00 sys=0.00, real=0.00 secs] 
2020-10-29T14:48:32.402+0000: [GC (Allocation Failure) 2020-10-29T14:48:32.402+0000: [ParNew: 16388K->4K(18432K), 0.0020424 secs] 339379K->322995K(481108K), 0.0020934 secs] [Times: user=0.01 sys=0.00, real=0.00 secs] 
2020-10-29T14:48:32.418+0000: [GC (Allocation Failure) 2020-10-29T14:48:32.418+0000: [ParNew: 16388K->4K(18432K), 0.0018945 secs] 339379K->322995K(481108K), 0.0019418 secs] [Times: user=0.01 sys=0.00, real=0.00 secs] 
2020-10-29T14:48:32.436+0000: [GC (Allocation Failure) 2020-10-29T14:48:32.437+0000: [ParNew: 16388K->4K(18432K), 0.0020796 secs] 339379K->322995K(481108K), 0.0021335 secs] [Times: user=0.00 sys=0.00, real=0.00 secs] 
2020-10-29T14:48:32.456+0000: [GC (Allocation Failure) 2020-10-29T14:48:32.457+0000: [ParNew: 16388K->4K(18432K), 0.0020890 secs] 339379K->322995K(481108K), 0.0021425 secs] [Times: user=0.00 sys=0.00, real=0.00 secs] 
2020-10-29T14:48:32.474+0000: [GC (Allocation Failure) 2020-10-29T14:48:32.474+0000: [ParNew: 16388K->4K(18432K), 0.0021973 secs] 339379K->322995K(481108K), 0.0022545 secs] [Times: user=0.01 sys=0.00, real=0.00 secs] 
2020-10-29T14:48:32.493+0000: [GC (Allocation Failure) 2020-10-29T14:48:32.493+0000: [ParNew: 16388K->4K(18432K), 0.0021420 secs] 339379K->322995K(481108K), 0.0021974 secs] [Times: user=0.01 sys=0.00, real=0.00 secs] 
2020-10-29T14:48:32.512+0000: [GC (Allocation Failure) 2020-10-29T14:48:32.512+0000: [ParNew: 16388K->4K(18432K), 0.0020597 secs] 339379K->322995K(481108K), 0.0021120 secs] [Times: user=0.00 sys=0.00, real=0.01 secs] 
2020-10-29T14:48:32.528+0000: [GC (Allocation Failure) 2020-10-29T14:48:32.528+0000: [ParNew: 16388K->4K(18432K), 0.0022165 secs] 339379K->322995K(481108K), 0.0022741 secs] [Times: user=0.00 sys=0.00, real=0.00 secs] 
2020-10-29T14:48:32.544+0000: [GC (Allocation Failure) 2020-10-29T14:48:32.544+0000: [ParNew: 16388K->4K(18432K), 0.0021807 secs] 339379K->322996K(481108K), 0.0022388 secs] [Times: user=0.00 sys=0.00, real=0.00 secs] 
2020-10-29T14:48:32.561+0000: [GC (Allocation Failure) 2020-10-29T14:48:32.561+0000: [ParNew: 16388K->4K(18432K), 0.0021830 secs] 339380K->322996K(481108K), 0.0022413 secs] [Times: user=0.00 sys=0.00, real=0.00 secs] 
2020-10-29T14:48:32.577+0000: [GC (Allocation Failure) 2020-10-29T14:48:32.577+0000: [ParNew: 16388K->4K(18432K), 0.0020891 secs] 339380K->322996K(481108K), 0.0021422 secs] [Times: user=0.00 sys=0.00, real=0.00 secs] 
2020-10-29T14:48:32.596+0000: [GC (Allocation Failure) 2020-10-29T14:48:32.597+0000: [ParNew: 16388K->4K(18432K), 0.0021339 secs] 339380K->322996K(481108K), 0.0021882 secs] [Times: user=0.00 sys=0.00, real=0.00 secs] 
2020-10-29T14:48:32.613+0000: [GC (Allocation Failure) 2020-10-29T14:48:32.613+0000: [ParNew: 16388K->4K(18432K), 0.0021704 secs] 339380K->322996K(481108K), 0.0022266 secs] [Times: user=0.01 sys=0.00, real=0.00 secs] 
2020-10-29T14:48:32.632+0000: [GC (Allocation Failure) 2020-10-29T14:48:32.633+0000: [ParNew: 16388K->4K(18432K), 0.0021691 secs] 339380K->322996K(481108K), 0.0022254 secs] [Times: user=0.00 sys=0.00, real=0.00 secs] 
2020-10-29T14:48:32.652+0000: [GC (Allocation Failure) 2020-10-29T14:48:32.653+0000: [ParNew: 16388K->4K(18432K), 0.0021336 secs] 339380K->322996K(481108K), 0.0021903 secs] [Times: user=0.01 sys=0.00, real=0.00 secs] 
2020-10-29T14:48:32.669+0000: [GC (Allocation Failure) 2020-10-29T14:48:32.669+0000: [ParNew: 16388K->4K(18432K), 0.0021572 secs] 339380K->322996K(481108K), 0.0022232 secs] [Times: user=0.00 sys=0.00, real=0.00 secs] 
2020-10-29T14:48:32.685+0000: [GC (Allocation Failure) 2020-10-29T14:48:32.685+0000: [ParNew: 16388K->4K(18432K), 0.0021588 secs] 339380K->322996K(481108K), 0.0022158 secs] [Times: user=0.00 sys=0.00, real=0.00 secs] 
2020-10-29T14:48:32.704+0000: [GC (Allocation Failure) 2020-10-29T14:48:32.705+0000: [ParNew: 16388K->4K(18432K), 0.0022132 secs] 339380K->322996K(481108K), 0.0022682 secs] [Times: user=0.00 sys=0.00, real=0.00 secs] 
2020-10-29T14:48:32.721+0000: [GC (Allocation Failure) 2020-10-29T14:48:32.721+0000: [ParNew: 16388K->4K(18432K), 0.0021329 secs] 339380K->322996K(481108K), 0.0021878 secs] [Times: user=0.00 sys=0.00, real=0.00 secs] 
2020-10-29T14:48:32.740+0000: [GC (Allocation Failure) 2020-10-29T14:48:32.741+0000: [ParNew: 16388K->4K(18432K), 0.0021160 secs] 339380K->322996K(481108K), 0.0021706 secs] [Times: user=0.00 sys=0.00, real=0.00 secs] 
2020-10-29T14:48:32.757+0000: [GC (Allocation Failure) 2020-10-29T14:48:32.757+0000: [ParNew: 16388K->4K(18432K), 0.0020969 secs] 339380K->322996K(481108K), 0.0021487 secs] [Times: user=0.00 sys=0.00, real=0.00 secs] 
2020-10-29T14:48:32.773+0000: [GC (Allocation Failure) 2020-10-29T14:48:32.773+0000: [ParNew: 16388K->4K(18432K), 0.0020411 secs] 339380K->322996K(481108K), 0.0020912 secs] [Times: user=0.00 sys=0.00, real=0.00 secs] 
2020-10-29T14:48:32.789+0000: [GC (Allocation Failure) 2020-10-29T14:48:32.789+0000: [ParNew: 16388K->4K(18432K), 0.0021669 secs] 339380K->322996K(481108K), 0.0022323 secs] [Times: user=0.01 sys=0.00, real=0.00 secs] 
2020-10-29T14:48:32.808+0000: [GC (Allocation Failure) 2020-10-29T14:48:32.808+0000: [ParNew: 16388K->4K(18432K), 0.0020418 secs] 339380K->322996K(481108K), 0.0020936 secs] [Times: user=0.00 sys=0.00, real=0.00 secs] 
2020-10-29T14:48:32.825+0000: [GC (Allocation Failure) 2020-10-29T14:48:32.825+0000: [ParNew: 16388K->4K(18432K), 0.0021809 secs] 339380K->322996K(481108K), 0.0022485 secs] [Times: user=0.01 sys=0.00, real=0.00 secs] 
2020-10-29T14:48:32.841+0000: [GC (Allocation Failure) 2020-10-29T14:48:32.841+0000: [ParNew: 16388K->4K(18432K), 0.0020347 secs] 339380K->322996K(481108K), 0.0020873 secs] [Times: user=0.01 sys=0.00, real=0.00 secs] 
2020-10-29T14:48:32.857+0000: [GC (Allocation Failure) 2020-10-29T14:48:32.857+0000: [ParNew: 16388K->4K(18432K), 0.0020510 secs] 339380K->322996K(481108K), 0.0021030 secs] [Times: user=0.00 sys=0.00, real=0.00 secs] 
2020-10-29T14:48:32.873+0000: [GC (Allocation Failure) 2020-10-29T14:48:32.873+0000: [ParNew: 16388K->4K(18432K), 0.0020140 secs] 339380K->322996K(481108K), 0.0020656 secs] [Times: user=0.00 sys=0.00, real=0.00 secs] 
2020-10-29T14:48:32.890+0000: [GC (Allocation Failure) 2020-10-29T14:48:32.890+0000: [ParNew: 16388K->4K(18432K), 0.0020189 secs] 339380K->322996K(481108K), 0.0020703 secs] [Times: user=0.00 sys=0.00, real=0.00 secs] 
2020-10-29T14:48:32.909+0000: [GC (Allocation Failure) 2020-10-29T14:48:32.909+0000: [ParNew: 16388K->4K(18432K), 0.0021234 secs] 339380K->322996K(481108K), 0.0021834 secs] [Times: user=0.01 sys=0.00, real=0.00 secs] 
2020-10-29T14:48:32.927+0000: [GC (Allocation Failure) 2020-10-29T14:48:32.927+0000: [ParNew: 16388K->4K(18432K), 0.0020908 secs] 339380K->322996K(481108K), 0.0021448 secs] [Times: user=0.00 sys=0.00, real=0.00 secs] 
2020-10-29T14:48:32.945+0000: [GC (Allocation Failure) 2020-10-29T14:48:32.945+0000: [ParNew: 16388K->4K(18432K), 0.0021435 secs] 339380K->322996K(481108K), 0.0021999 secs] [Times: user=0.01 sys=0.00, real=0.00 secs] 
2020-10-29T14:48:32.961+0000: [GC (Allocation Failure) 2020-10-29T14:48:32.961+0000: [ParNew: 16388K->4K(18432K), 0.0021461 secs] 339380K->322996K(481108K), 0.0022015 secs] [Times: user=0.00 sys=0.00, real=0.00 secs] 
2020-10-29T14:48:32.977+0000: [GC (Allocation Failure) 2020-10-29T14:48:32.977+0000: [ParNew: 16388K->4K(18432K), 0.0020772 secs] 339380K->322996K(481108K), 0.0021256 secs] [Times: user=0.00 sys=0.00, real=0.00 secs] 
2020-10-29T14:48:32.997+0000: [GC (Allocation Failure) 2020-10-29T14:48:32.997+0000: [ParNew: 16388K->4K(18432K), 0.0021794 secs] 339380K->322996K(481108K), 0.0022464 secs] [Times: user=0.01 sys=0.00, real=0.00 secs] 
2020-10-29T14:48:33.013+0000: [GC (Allocation Failure) 2020-10-29T14:48:33.013+0000: [ParNew: 16388K->4K(18432K), 0.0021686 secs] 339380K->322996K(481108K), 0.0022265 secs] [Times: user=0.01 sys=0.00, real=0.00 secs] 
2020-10-29T14:48:33.029+0000: [GC (Allocation Failure) 2020-10-29T14:48:33.029+0000: [ParNew: 16388K->4K(18432K), 0.0021505 secs] 339380K->322996K(481108K), 0.0022046 secs] [Times: user=0.00 sys=0.00, real=0.00 secs] 
2020-10-29T14:48:33.048+0000: [GC (Allocation Failure) 2020-10-29T14:48:33.049+0000: [ParNew: 16388K->4K(18432K), 0.0020860 secs] 339380K->322996K(481108K), 0.0021388 secs] [Times: user=0.01 sys=0.00, real=0.00 secs] 
2020-10-29T14:48:33.065+0000: [GC (Allocation Failure) 2020-10-29T14:48:33.065+0000: [ParNew: 16388K->4K(18432K), 0.0021298 secs] 339380K->322996K(481108K), 0.0021847 secs] [Times: user=0.01 sys=0.00, real=0.00 secs] 
2020-10-29T14:48:33.081+0000: [GC (Allocation Failure) 2020-10-29T14:48:33.081+0000: [ParNew: 16388K->4K(18432K), 0.0020996 secs] 339380K->322996K(481108K), 0.0021532 secs] [Times: user=0.01 sys=0.00, real=0.00 secs] 
2020-10-29T14:48:33.100+0000: [GC (Allocation Failure) 2020-10-29T14:48:33.101+0000: [ParNew: 16388K->4K(18432K), 0.0020773 secs] 339380K->322996K(481108K), 0.0021309 secs] [Times: user=0.00 sys=0.00, real=0.00 secs] 
2020-10-29T14:48:33.119+0000: [GC (Allocation Failure) 2020-10-29T14:48:33.119+0000: [ParNew: 16388K->4K(18432K), 0.0020708 secs] 339380K->322996K(481108K), 0.0021198 secs] [Times: user=0.00 sys=0.00, real=0.00 secs] 
2020-10-29T14:48:33.135+0000: [GC (Allocation Failure) 2020-10-29T14:48:33.135+0000: [ParNew: 16388K->4K(18432K), 0.0020205 secs] 339380K->322996K(481108K), 0.0020682 secs] [Times: user=0.00 sys=0.00, real=0.00 secs] 
2020-10-29T14:48:33.151+0000: [GC (Allocation Failure) 2020-10-29T14:48:33.151+0000: [ParNew: 16388K->4K(18432K), 0.0021706 secs] 339380K->322996K(481108K), 0.0022241 secs] [Times: user=0.00 sys=0.00, real=0.01 secs] 
2020-10-29T14:48:33.167+0000: [GC (Allocation Failure) 2020-10-29T14:48:33.167+0000: [ParNew: 16388K->4K(18432K), 0.0021697 secs] 339380K->322996K(481108K), 0.0022214 secs] [Times: user=0.01 sys=0.00, real=0.00 secs] 
2020-10-29T14:48:33.183+0000: [GC (Allocation Failure) 2020-10-29T14:48:33.183+0000: [ParNew: 16388K->4K(18432K), 0.0020624 secs] 339380K->322996K(481108K), 0.0021155 secs] [Times: user=0.01 sys=0.00, real=0.01 secs] 
2020-10-29T14:48:33.199+0000: [GC (Allocation Failure) 2020-10-29T14:48:33.199+0000: [ParNew: 16388K->4K(18432K), 0.0021464 secs] 339380K->322996K(481108K), 0.0022016 secs] [Times: user=0.00 sys=0.00, real=0.00 secs] 
2020-10-29T14:48:33.216+0000: [GC (Allocation Failure) 2020-10-29T14:48:33.216+0000: [ParNew: 16388K->4K(18432K), 0.0020752 secs] 339380K->322996K(481108K), 0.0021288 secs] [Times: user=0.00 sys=0.00, real=0.00 secs] 
2020-10-29T14:48:33.232+0000: [GC (Allocation Failure) 2020-10-29T14:48:33.232+0000: [ParNew: 16388K->4K(18432K), 0.0020546 secs] 339380K->322996K(481108K), 0.0021037 secs] [Times: user=0.00 sys=0.00, real=0.00 secs] 
2020-10-29T14:48:33.250+0000: [GC (Allocation Failure) 2020-10-29T14:48:33.250+0000: [ParNew: 16388K->4K(18432K), 0.0021305 secs] 339380K->322996K(481108K), 0.0021862 secs] [Times: user=0.01 sys=0.00, real=0.00 secs] 
2020-10-29T14:48:33.266+0000: [GC (Allocation Failure) 2020-10-29T14:48:33.266+0000: [ParNew: 16388K->4K(18432K), 0.0020742 secs] 339380K->322996K(481108K), 0.0021285 secs] [Times: user=0.01 sys=0.00, real=0.00 secs] 
2020-10-29T14:48:33.282+0000: [GC (Allocation Failure) 2020-10-29T14:48:33.282+0000: [ParNew: 16388K->4K(18432K), 0.0021369 secs] 339380K->322996K(481108K), 0.0021917 secs] [Times: user=0.00 sys=0.00, real=0.00 secs] 
2020-10-29T14:48:33.300+0000: [GC (Allocation Failure) 2020-10-29T14:48:33.301+0000: [ParNew: 16388K->4K(18432K), 0.0021717 secs] 339380K->322996K(481108K), 0.0022284 secs] [Times: user=0.01 sys=0.00, real=0.00 secs] 
2020-10-29T14:48:33.317+0000: [GC (Allocation Failure) 2020-10-29T14:48:33.317+0000: [ParNew: 16388K->4K(18432K), 0.0021733 secs] 339380K->322996K(481108K), 0.0022280 secs] [Times: user=0.01 sys=0.00, real=0.00 secs] 
2020-10-29T14:48:33.337+0000: [GC (Allocation Failure) 2020-10-29T14:48:33.337+0000: [ParNew: 16388K->4K(18432K), 0.0021427 secs] 339380K->322996K(481108K), 0.0021991 secs] [Times: user=0.00 sys=0.00, real=0.00 secs] 
2020-10-29T14:48:33.353+0000: [GC (Allocation Failure) 2020-10-29T14:48:33.353+0000: [ParNew: 16388K->4K(18432K), 0.0021247 secs] 339380K->322996K(481108K), 0.0021789 secs] [Times: user=0.00 sys=0.00, real=0.00 secs] 
2020-10-29T14:48:33.369+0000: [GC (Allocation Failure) 2020-10-29T14:48:33.369+0000: [ParNew: 16388K->4K(18432K), 0.0021689 secs] 339380K->322996K(481108K), 0.0022217 secs] [Times: user=0.00 sys=0.00, real=0.00 secs] 
2020-10-29T14:48:33.385+0000: [GC (Allocation Failure) 2020-10-29T14:48:33.385+0000: [ParNew: 16388K->4K(18432K), 0.0020973 secs] 339380K->322996K(481108K), 0.0021657 secs] [Times: user=0.00 sys=0.00, real=0.00 secs] 
2020-10-29T14:48:33.404+0000: [GC (Allocation Failure) 2020-10-29T14:48:33.404+0000: [ParNew: 16388K->4K(18432K), 0.0021044 secs] 339380K->322996K(481108K), 0.0021536 secs] [Times: user=0.00 sys=0.00, real=0.00 secs] 
2020-10-29T14:48:33.421+0000: [GC (Allocation Failure) 2020-10-29T14:48:33.421+0000: [ParNew: 16388K->4K(18432K), 0.0021801 secs] 339380K->322996K(481108K), 0.0022337 secs] [Times: user=0.00 sys=0.00, real=0.00 secs] 
2020-10-29T14:48:33.437+0000: [GC (Allocation Failure) 2020-10-29T14:48:33.437+0000: [ParNew: 16388K->4K(18432K), 0.0020849 secs] 339380K->322996K(481108K), 0.0021376 secs] [Times: user=0.00 sys=0.00, real=0.00 secs] 
2020-10-29T14:48:33.456+0000: [GC (Allocation Failure) 2020-10-29T14:48:33.457+0000: [ParNew: 16388K->4K(18432K), 0.0021145 secs] 339380K->322996K(481108K), 0.0021677 secs] [Times: user=0.01 sys=0.00, real=0.00 secs] 
2020-10-29T14:48:33.473+0000: [GC (Allocation Failure) 2020-10-29T14:48:33.473+0000: [ParNew: 16388K->4K(18432K), 0.0022333 secs] 339380K->322996K(481108K), 0.0022916 secs] [Times: user=0.01 sys=0.00, real=0.00 secs] 
2020-10-29T14:48:33.489+0000: [GC (Allocation Failure) 2020-10-29T14:48:33.489+0000: [ParNew: 16388K->4K(18432K), 0.0021020 secs] 339380K->322996K(481108K), 0.0021569 secs] [Times: user=0.00 sys=0.00, real=0.00 secs] 
2020-10-29T14:48:33.505+0000: [GC (Allocation Failure) 2020-10-29T14:48:33.505+0000: [ParNew: 16388K->4K(18432K), 0.0021734 secs] 339380K->322996K(481108K), 0.0022315 secs] [Times: user=0.00 sys=0.00, real=0.00 secs] 
2020-10-29T14:48:33.521+0000: [GC (Allocation Failure) 2020-10-29T14:48:33.521+0000: [ParNew: 16388K->4K(18432K), 0.0021730 secs] 339380K->322996K(481108K), 0.0022313 secs] [Times: user=0.00 sys=0.00, real=0.00 secs] 
2020-10-29T14:48:33.538+0000: [GC (Allocation Failure) 2020-10-29T14:48:33.538+0000: [ParNew: 16388K->4K(18432K), 0.0022334 secs] 339380K->322996K(481108K), 0.0022910 secs] [Times: user=0.00 sys=0.00, real=0.00 secs] 
2020-10-29T14:48:33.554+0000: [GC (Allocation Failure) 2020-10-29T14:48:33.554+0000: [ParNew: 16388K->4K(18432K), 0.0021056 secs] 339380K->322996K(481108K), 0.0021584 secs] [Times: user=0.00 sys=0.00, real=0.00 secs] 
2020-10-29T14:48:33.570+0000: [GC (Allocation Failure) 2020-10-29T14:48:33.570+0000: [ParNew: 16388K->4K(18432K), 0.0020406 secs] 339380K->322996K(481108K), 0.0020917 secs] [Times: user=0.00 sys=0.00, real=0.00 secs] 
2020-10-29T14:48:33.588+0000: [GC (Allocation Failure) 2020-10-29T14:48:33.588+0000: [ParNew: 16388K->4K(18432K), 0.0020529 secs] 339380K->322996K(481108K), 0.0021042 secs] [Times: user=0.00 sys=0.00, real=0.00 secs] 
2020-10-29T14:48:33.605+0000: [GC (Allocation Failure) 2020-10-29T14:48:33.605+0000: [ParNew: 16388K->4K(18432K), 0.0021299 secs] 339380K->322996K(481108K), 0.0022008 secs] [Times: user=0.00 sys=0.00, real=0.00 secs] 
2020-10-29T14:48:33.621+0000: [GC (Allocation Failure) 2020-10-29T14:48:33.621+0000: [ParNew: 16388K->4K(18432K), 0.0020109 secs] 339380K->322996K(481108K), 0.0020710 secs] [Times: user=0.00 sys=0.00, real=0.00 secs] 
2020-10-29T14:48:33.637+0000: [GC (Allocation Failure) 2020-10-29T14:48:33.637+0000: [ParNew: 16388K->4K(18432K), 0.0020134 secs] 339380K->322996K(481108K), 0.0020636 secs] [Times: user=0.00 sys=0.00, real=0.00 secs] 
2020-10-29T14:48:33.656+0000: [GC (Allocation Failure) 2020-10-29T14:48:33.656+0000: [ParNew: 16388K->4K(18432K), 0.0021900 secs] 339380K->322996K(481108K), 0.0022481 secs] [Times: user=0.01 sys=0.00, real=0.00 secs] 
2020-10-29T14:48:33.676+0000: [GC (Allocation Failure) 2020-10-29T14:48:33.676+0000: [ParNew: 16388K->4K(18432K), 0.0021609 secs] 339380K->322996K(481108K), 0.0022152 secs] [Times: user=0.00 sys=0.00, real=0.00 secs] 
2020-10-29T14:48:33.696+0000: [GC (Allocation Failure) 2020-10-29T14:48:33.696+0000: [ParNew: 16388K->4K(18432K), 0.0021247 secs] 339380K->322996K(481108K), 0.0021752 secs] [Times: user=0.01 sys=0.00, real=0.00 secs] 
2020-10-29T14:48:33.713+0000: [GC (Allocation Failure) 2020-10-29T14:48:33.713+0000: [ParNew: 16388K->4K(18432K), 0.0020910 secs] 339380K->322996K(481108K), 0.0021419 secs] [Times: user=0.01 sys=0.00, real=0.00 secs] 
2020-10-29T14:48:33.729+0000: [GC (Allocation Failure) 2020-10-29T14:48:33.729+0000: [ParNew: 16388K->4K(18432K), 0.0020863 secs] 339380K->322996K(481108K), 0.0021395 secs] [Times: user=0.01 sys=0.00, real=0.00 secs] 
2020-10-29T14:48:33.748+0000: [GC (Allocation Failure) 2020-10-29T14:48:33.749+0000: [ParNew: 16388K->4K(18432K), 0.0020750 secs] 339380K->322996K(481108K), 0.0021267 secs] [Times: user=0.00 sys=0.00, real=0.00 secs] 
2020-10-29T14:48:33.768+0000: [GC (Allocation Failure) 2020-10-29T14:48:33.769+0000: [ParNew: 16388K->4K(18432K), 0.0021263 secs] 339380K->322996K(481108K), 0.0021810 secs] [Times: user=0.01 sys=0.00, real=0.00 secs] 
2020-10-29T14:48:33.788+0000: [GC (Allocation Failure) 2020-10-29T14:48:33.789+0000: [ParNew: 16388K->4K(18432K), 0.0021735 secs] 339380K->322996K(481108K), 0.0022330 secs] [Times: user=0.00 sys=0.00, real=0.00 secs] 
2020-10-29T14:48:33.805+0000: [GC (Allocation Failure) 2020-10-29T14:48:33.805+0000: [ParNew: 16388K->4K(18432K), 0.0021686 secs] 339380K->322996K(481108K), 0.0022273 secs] [Times: user=0.00 sys=0.00, real=0.00 secs] 
2020-10-29T14:48:33.821+0000: [GC (Allocation Failure) 2020-10-29T14:48:33.821+0000: [ParNew: 16388K->4K(18432K), 0.0020891 secs] 339380K->322996K(481108K), 0.0021423 secs] [Times: user=0.00 sys=0.00, real=0.00 secs] 
2020-10-29T14:48:33.838+0000: [GC (Allocation Failure) 2020-10-29T14:48:33.838+0000: [ParNew: 16388K->4K(18432K), 0.0021713 secs] 339380K->322996K(481108K), 0.0022268 secs] [Times: user=0.00 sys=0.00, real=0.00 secs] 
2020-10-29T14:48:33.854+0000: [GC (Allocation Failure) 2020-10-29T14:48:33.854+0000: [ParNew: 16388K->4K(18432K), 0.0022014 secs] 339380K->322996K(481108K), 0.0022606 secs] [Times: user=0.00 sys=0.00, real=0.00 secs] 
2020-10-29T14:48:33.870+0000: [GC (Allocation Failure) 2020-10-29T14:48:33.870+0000: [ParNew: 16388K->4K(18432K), 0.0021912 secs] 339380K->322996K(481108K), 0.0022495 secs] [Times: user=0.01 sys=0.00, real=0.01 secs] 
2020-10-29T14:48:33.888+0000: [GC (Allocation Failure) 2020-10-29T14:48:33.889+0000: [ParNew: 16388K->4K(18432K), 0.0021426 secs] 339380K->322996K(481108K), 0.0021974 secs] [Times: user=0.01 sys=0.00, real=0.00 secs] 
2020-10-29T14:48:33.908+0000: [GC (Allocation Failure) 2020-10-29T14:48:33.908+0000: [ParNew: 16388K->4K(18432K), 0.0020894 secs] 339380K->322996K(481108K), 0.0021392 secs] [Times: user=0.01 sys=0.00, real=0.00 secs] 
2020-10-29T14:48:33.925+0000: [GC (Allocation Failure) 2020-10-29T14:48:33.925+0000: [ParNew: 16388K->4K(18432K), 0.0021215 secs] 339380K->322996K(481108K), 0.0021744 secs] [Times: user=0.01 sys=0.00, real=0.00 secs] 
2020-10-29T14:48:33.941+0000: [GC (Allocation Failure) 2020-10-29T14:48:33.941+0000: [ParNew: 16388K->4K(18432K), 0.0021032 secs] 339380K->322996K(481108K), 0.0021571 secs] [Times: user=0.00 sys=0.00, real=0.00 secs] 
2020-10-29T14:48:33.961+0000: [GC (Allocation Failure) 2020-10-29T14:48:33.961+0000: [ParNew: 16388K->4K(18432K), 0.0021056 secs] 339380K->322996K(481108K), 0.0021589 secs] [Times: user=0.01 sys=0.00, real=0.00 secs] 
2020-10-29T14:48:33.980+0000: [GC (Allocation Failure) 2020-10-29T14:48:33.981+0000: [ParNew: 16388K->4K(18432K), 0.0021011 secs] 339380K->322996K(481108K), 0.0021541 secs] [Times: user=0.00 sys=0.00, real=0.00 secs] 
2020-10-29T14:48:33.997+0000: [GC (Allocation Failure) 2020-10-29T14:48:33.997+0000: [ParNew: 16388K->4K(18432K), 0.0021036 secs] 339380K->322996K(481108K), 0.0021593 secs] [Times: user=0.00 sys=0.00, real=0.00 secs] 
2020-10-29T14:48:34.012+0000: [GC (Allocation Failure) 2020-10-29T14:48:34.013+0000: [ParNew: 16388K->4K(18432K), 0.0020333 secs] 339380K->322996K(481108K), 0.0020848 secs] [Times: user=0.00 sys=0.00, real=0.00 secs] 
2020-10-29T14:48:34.032+0000: [GC (Allocation Failure) 2020-10-29T14:48:34.033+0000: [ParNew: 16388K->4K(18432K), 0.0021036 secs] 339380K->322996K(481108K), 0.0021579 secs] [Times: user=0.01 sys=0.00, real=0.00 secs] 
2020-10-29T14:48:34.051+0000: [GC (Allocation Failure) 2020-10-29T14:48:34.051+0000: [ParNew: 16388K->4K(18432K), 0.0020996 secs] 339380K->322996K(481108K), 0.0021486 secs] [Times: user=0.00 sys=0.00, real=0.01 secs] 
2020-10-29T14:48:34.067+0000: [GC (Allocation Failure) 2020-10-29T14:48:34.067+0000: [ParNew: 16388K->4K(18432K), 0.0021567 secs] 339380K->322996K(481108K), 0.0022105 secs] [Times: user=0.00 sys=0.00, real=0.00 secs] 
2020-10-29T14:48:34.084+0000: [GC (Allocation Failure) 2020-10-29T14:48:34.084+0000: [ParNew: 16388K->4K(18432K), 0.0021568 secs] 339380K->322996K(481108K), 0.0022120 secs] [Times: user=0.00 sys=0.00, real=0.01 secs] 
2020-10-29T14:48:34.100+0000: [GC (Allocation Failure) 2020-10-29T14:48:34.100+0000: [ParNew: 16388K->4K(18432K), 0.0021597 secs] 339380K->322996K(481108K), 0.0022198 secs] [Times: user=0.00 sys=0.00, real=0.00 secs] 
2020-10-29T14:48:34.122+0000: [GC (Allocation Failure) 2020-10-29T14:48:34.122+0000: [ParNew: 16388K->4K(18432K), 0.0021715 secs] 339380K->322996K(481108K), 0.0022280 secs] [Times: user=0.01 sys=0.00, real=0.00 secs] 
2020-10-29T14:48:34.140+0000: [GC (Allocation Failure) 2020-10-29T14:48:34.141+0000: [ParNew: 16388K->4K(18432K), 0.0021119 secs] 339380K->322996K(481108K), 0.0021652 secs] [Times: user=0.00 sys=0.00, real=0.00 secs] 
2020-10-29T14:48:34.157+0000: [GC (Allocation Failure) 2020-10-29T14:48:34.157+0000: [ParNew: 16388K->4K(18432K), 0.0021297 secs] 339380K->322996K(481108K), 0.0021844 secs] [Times: user=0.00 sys=0.00, real=0.00 secs] 
2020-10-29T14:48:34.173+0000: [GC (Allocation Failure) 2020-10-29T14:48:34.173+0000: [ParNew: 16388K->4K(18432K), 0.0021244 secs] 339380K->322996K(481108K), 0.0021780 secs] [Times: user=0.00 sys=0.00, real=0.00 secs] 
2020-10-29T14:48:34.189+0000: [GC (Allocation Failure) 2020-10-29T14:48:34.189+0000: [ParNew: 16388K->4K(18432K), 0.0022003 secs] 339380K->322996K(481108K), 0.0022565 secs] [Times: user=0.01 sys=0.00, real=0.00 secs] 
2020-10-29T14:48:34.205+0000: [GC (Allocation Failure) 2020-10-29T14:48:34.206+0000: [ParNew: 16388K->4K(18432K), 0.0021740 secs] 339380K->322996K(481108K), 0.0022311 secs] [Times: user=0.01 sys=0.00, real=0.00 secs] 
2020-10-29T14:48:34.222+0000: [GC (Allocation Failure) 2020-10-29T14:48:34.222+0000: [ParNew: 16388K->4K(18432K), 0.0022126 secs] 339380K->322996K(481108K), 0.0022687 secs] [Times: user=0.01 sys=0.00, real=0.00 secs] 
2020-10-29T14:48:34.242+0000: [GC (Allocation Failure) 2020-10-29T14:48:34.242+0000: [ParNew: 16388K->4K(18432K), 0.0021864 secs] 339380K->322996K(481108K), 0.0022446 secs] [Times: user=0.00 sys=0.00, real=0.01 secs] 
2020-10-29T14:48:34.259+0000: [GC (Allocation Failure) 2020-10-29T14:48:34.259+0000: [ParNew: 16388K->4K(18432K), 0.0022025 secs] 339380K->322996K(481108K), 0.0022596 secs] [Times: user=0.00 sys=0.00, real=0.00 secs] 
2020-10-29T14:48:34.275+0000: [GC (Allocation Failure) 2020-10-29T14:48:34.275+0000: [ParNew: 16388K->4K(18432K), 0.0022215 secs] 339380K->322996K(481108K), 0.0022806 secs] [Times: user=0.00 sys=0.00, real=0.00 secs] 
2020-10-29T14:48:34.291+0000: [GC (Allocation Failure) 2020-10-29T14:48:34.291+0000: [ParNew: 16388K->4K(18432K), 0.0021864 secs] 339380K->322996K(481108K), 0.0022521 secs] [Times: user=0.00 sys=0.00, real=0.01 secs] 
2020-10-29T14:48:34.308+0000: [GC (Allocation Failure) 2020-10-29T14:48:34.308+0000: [ParNew: 16388K->4K(18432K), 0.0022037 secs] 339380K->322996K(481108K), 0.0022611 secs] [Times: user=0.01 sys=0.00, real=0.00 secs] 
2020-10-29T14:48:34.324+0000: [GC (Allocation Failure) 2020-10-29T14:48:34.324+0000: [ParNew: 16388K->4K(18432K), 0.0021975 secs] 339380K->322996K(481108K), 0.0022561 secs] [Times: user=0.01 sys=0.00, real=0.01 secs] 
2020-10-29T14:48:34.340+0000: [GC (Allocation Failure) 2020-10-29T14:48:34.340+0000: [ParNew: 16388K->4K(18432K), 0.0021220 secs] 339380K->322996K(481108K), 0.0021758 secs] [Times: user=0.00 sys=0.00, real=0.00 secs] 
2020-10-29T14:48:34.356+0000: [GC (Allocation Failure) 2020-10-29T14:48:34.356+0000: [ParNew: 16388K->4K(18432K), 0.0021568 secs] 339380K->322996K(481108K), 0.0022130 secs] [Times: user=0.00 sys=0.00, real=0.00 secs] 
2020-10-29T14:48:34.376+0000: [GC (Allocation Failure) 2020-10-29T14:48:34.376+0000: [ParNew: 16388K->4K(18432K), 0.0022174 secs] 339380K->322996K(481108K), 0.0022746 secs] [Times: user=0.01 sys=0.00, real=0.00 secs] 
2020-10-29T14:48:34.393+0000: [GC (Allocation Failure) 2020-10-29T14:48:34.393+0000: [ParNew: 16388K->4K(18432K), 0.0021671 secs] 339380K->322996K(481108K), 0.0022228 secs] [Times: user=0.01 sys=0.00, real=0.00 secs] 
2020-10-29T14:48:34.412+0000: [GC (Allocation Failure) 2020-10-29T14:48:34.413+0000: [ParNew: 16388K->4K(18432K), 0.0021807 secs] 339380K->322996K(481108K), 0.0022395 secs] [Times: user=0.01 sys=0.00, real=0.00 secs] 
2020-10-29T14:48:34.429+0000: [GC (Allocation Failure) 2020-10-29T14:48:34.429+0000: [ParNew: 16388K->4K(18432K), 0.0021745 secs] 339380K->322996K(481108K), 0.0022317 secs] [Times: user=0.01 sys=0.00, real=0.00 secs] 
2020-10-29T14:48:34.445+0000: [GC (Allocation Failure) 2020-10-29T14:48:34.445+0000: [ParNew: 16388K->4K(18432K), 0.0022006 secs] 339380K->322996K(481108K), 0.0022528 secs] [Times: user=0.00 sys=0.00, real=0.00 secs] 
2020-10-29T14:48:34.461+0000: [GC (Allocation Failure) 2020-10-29T14:48:34.461+0000: [ParNew: 16388K->4K(18432K), 0.0020954 secs] 339380K->322996K(481108K), 0.0021468 secs] [Times: user=0.01 sys=0.00, real=0.00 secs] 
2020-10-29T14:48:34.477+0000: [GC (Allocation Failure) 2020-10-29T14:48:34.477+0000: [ParNew: 16388K->4K(18432K), 0.0021436 secs] 339380K->322996K(481108K), 0.0021959 secs] [Times: user=0.01 sys=0.00, real=0.00 secs] 
2020-10-29T14:48:34.493+0000: [GC (Allocation Failure) 2020-10-29T14:48:34.493+0000: [ParNew: 16388K->4K(18432K), 0.0021318 secs] 339380K->322996K(481108K), 0.0021883 secs] [Times: user=0.00 sys=0.00, real=0.00 secs] 
2020-10-29T14:48:34.510+0000: [GC (Allocation Failure) 2020-10-29T14:48:34.510+0000: [ParNew: 16388K->4K(18432K), 0.0032973 secs] 339380K->322996K(481108K), 0.0033538 secs] [Times: user=0.01 sys=0.00, real=0.01 secs] 
2020-10-29T14:48:34.528+0000: [GC (Allocation Failure) 2020-10-29T14:48:34.529+0000: [ParNew: 16388K->4K(18432K), 0.0021495 secs] 339380K->322996K(481108K), 0.0022036 secs] [Times: user=0.00 sys=0.00, real=0.00 secs] 
2020-10-29T14:48:34.545+0000: [GC (Allocation Failure) 2020-10-29T14:48:34.545+0000: [ParNew: 16388K->4K(18432K), 0.0022079 secs] 339380K->322996K(481108K), 0.0022700 secs] [Times: user=0.01 sys=0.00, real=0.00 secs] 
2020-10-29T14:48:34.564+0000: [GC (Allocation Failure) 2020-10-29T14:48:34.565+0000: [ParNew: 16388K->4K(18432K), 0.0021936 secs] 339380K->322996K(481108K), 0.0022550 secs] [Times: user=0.00 sys=0.00, real=0.00 secs] 
2020-10-29T14:48:34.581+0000: [GC (Allocation Failure) 2020-10-29T14:48:34.581+0000: [ParNew: 16388K->4K(18432K), 0.0021044 secs] 339380K->322996K(481108K), 0.0021593 secs] [Times: user=0.01 sys=0.00, real=0.00 secs] 
2020-10-29T14:48:34.597+0000: [GC (Allocation Failure) 2020-10-29T14:48:34.597+0000: [ParNew: 16388K->4K(18432K), 0.0021180 secs] 339380K->322996K(481108K), 0.0021743 secs] [Times: user=0.01 sys=0.00, real=0.00 secs] 
2020-10-29T14:48:34.616+0000: [GC (Allocation Failure) 2020-10-29T14:48:34.617+0000: [ParNew: 16388K->4K(18432K), 0.0021375 secs] 339380K->322996K(481108K), 0.0021936 secs] [Times: user=0.00 sys=0.00, real=0.00 secs] 
2020-10-29T14:48:34.633+0000: [GC (Allocation Failure) 2020-10-29T14:48:34.633+0000: [ParNew: 16388K->4K(18432K), 0.0021228 secs] 339380K->322996K(481108K), 0.0021848 secs] [Times: user=0.00 sys=0.00, real=0.00 secs] 
2020-10-29T14:48:34.652+0000: [GC (Allocation Failure) 2020-10-29T14:48:34.653+0000: [ParNew: 16388K->4K(18432K), 0.0021347 secs] 339380K->322996K(481108K), 0.0021912 secs] [Times: user=0.01 sys=0.00, real=0.00 secs] 
2020-10-29T14:48:34.672+0000: [GC (Allocation Failure) 2020-10-29T14:48:34.673+0000: [ParNew: 16388K->4K(18432K), 0.0021007 secs] 339380K->322996K(481108K), 0.0021653 secs] [Times: user=0.00 sys=0.00, real=0.00 secs] 
2020-10-29T14:48:34.692+0000: [GC (Allocation Failure) 2020-10-29T14:48:34.693+0000: [ParNew: 16388K->4K(18432K), 0.0021041 secs] 339380K->322996K(481108K), 0.0021575 secs] [Times: user=0.00 sys=0.00, real=0.00 secs] 
2020-10-29T14:48:34.712+0000: [GC (Allocation Failure) 2020-10-29T14:48:34.713+0000: [ParNew: 16388K->4K(18432K), 0.0020771 secs] 339380K->322996K(481108K), 0.0021294 secs] [Times: user=0.00 sys=0.00, real=0.00 secs] 
2020-10-29T14:48:34.732+0000: [GC (Allocation Failure) 2020-10-29T14:48:34.733+0000: [ParNew: 16388K->4K(18432K), 0.0020940 secs] 339380K->322996K(481108K), 0.0021469 secs] [Times: user=0.01 sys=0.00, real=0.00 secs] 
2020-10-29T14:48:34.753+0000: [GC (Allocation Failure) 2020-10-29T14:48:34.753+0000: [ParNew: 16388K->4K(18432K), 0.0021898 secs] 339380K->322996K(481108K), 0.0022470 secs] [Times: user=0.01 sys=0.00, real=0.00 secs] 
2020-10-29T14:48:34.769+0000: [GC (Allocation Failure) 2020-10-29T14:48:34.769+0000: [ParNew: 16388K->4K(18432K), 0.0021518 secs] 339380K->322996K(481108K), 0.0022076 secs] [Times: user=0.01 sys=0.00, real=0.00 secs] 
2020-10-29T14:48:34.789+0000: [GC (Allocation Failure) 2020-10-29T14:48:34.789+0000: [ParNew: 16388K->4K(18432K), 0.0021677 secs] 339380K->322996K(481108K), 0.0022338 secs] [Times: user=0.00 sys=0.00, real=0.00 secs] 
2020-10-29T14:48:34.805+0000: [GC (Allocation Failure) 2020-10-29T14:48:34.805+0000: [ParNew: 16388K->4K(18432K), 0.0021822 secs] 339380K->322996K(481108K), 0.0022402 secs] [Times: user=0.00 sys=0.00, real=0.00 secs] 
2020-10-29T14:48:34.824+0000: [GC (Allocation Failure) 2020-10-29T14:48:34.825+0000: [ParNew: 16388K->4K(18432K), 0.0021548 secs] 339380K->322996K(481108K), 0.0022121 secs] [Times: user=0.00 sys=0.00, real=0.00 secs] 
2020-10-29T14:48:34.842+0000: [GC (Allocation Failure) 2020-10-29T14:48:34.842+0000: [ParNew: 16388K->4K(18432K), 0.0021363 secs] 339380K->322996K(481108K), 0.0021931 secs] [Times: user=0.00 sys=0.00, real=0.00 secs] 
2020-10-29T14:48:34.858+0000: [GC (Allocation Failure) 2020-10-29T14:48:34.858+0000: [ParNew: 16388K->4K(18432K), 0.0020595 secs] 339380K->322996K(481108K), 0.0021123 secs] [Times: user=0.00 sys=0.00, real=0.00 secs] 
2020-10-29T14:48:34.874+0000: [GC (Allocation Failure) 2020-10-29T14:48:34.874+0000: [ParNew: 16388K->4K(18432K), 0.0042821 secs] 339380K->322996K(481108K), 0.0043586 secs] [Times: user=0.00 sys=0.00, real=0.00 secs] 
2020-10-29T14:48:34.896+0000: [GC (Allocation Failure) 2020-10-29T14:48:34.897+0000: [ParNew: 16388K->4K(18432K), 0.0059273 secs] 339380K->322996K(481108K), 0.0060054 secs] [Times: user=0.01 sys=0.00, real=0.00 secs] 
2020-10-29T14:48:34.921+0000: [GC (Allocation Failure) 2020-10-29T14:48:34.921+0000: [ParNew: 16388K->4K(18432K), 0.0020888 secs] 339380K->322996K(481108K), 0.0021403 secs] [Times: user=0.00 sys=0.00, real=0.00 secs] 
2020-10-29T14:48:34.939+0000: [GC (Allocation Failure) 2020-10-29T14:48:34.939+0000: [ParNew: 16388K->4K(18432K), 0.0021189 secs] 339380K->322996K(481108K), 0.0021717 secs] [Times: user=0.01 sys=0.00, real=0.00 secs] 
2020-10-29T14:48:34.955+0000: [GC (Allocation Failure) 2020-10-29T14:48:34.955+0000: [ParNew: 16388K->4K(18432K), 0.0021176 secs] 339380K->322996K(481108K), 0.0021707 secs] [Times: user=0.01 sys=0.00, real=0.00 secs] 
2020-10-29T14:48:34.971+0000: [GC (Allocation Failure) 2020-10-29T14:48:34.971+0000: [ParNew: 16388K->4K(18432K), 0.0020940 secs] 339380K->322996K(481108K), 0.0021463 secs] [Times: user=0.01 sys=0.00, real=0.01 secs] 
2020-10-29T14:48:34.994+0000: [GC (Allocation Failure) 2020-10-29T14:48:34.994+0000: [ParNew: 16388K->4K(18432K), 0.0021228 secs] 339380K->322996K(481108K), 0.0022114 secs] [Times: user=0.00 sys=0.00, real=0.00 secs] 
2020-10-29T14:48:35.016+0000: [GC (Allocation Failure) 2020-10-29T14:48:35.017+0000: [ParNew: 16388K->4K(18432K), 0.0020648 secs] 339380K->322996K(481108K), 0.0021167 secs] [Times: user=0.01 sys=0.00, real=0.00 secs] 
2020-10-29T14:48:35.036+0000: [GC (Allocation Failure) 2020-10-29T14:48:35.036+0000: [ParNew: 16388K->4K(18432K), 0.0020832 secs] 339380K->322996K(481108K), 0.0021335 secs] [Times: user=0.01 sys=0.00, real=0.00 secs] 
2020-10-29T14:48:35.053+0000: [GC (Allocation Failure) 2020-10-29T14:48:35.053+0000: [ParNew: 16388K->4K(18432K), 0.0020708 secs] 339380K->322996K(481108K), 0.0021208 secs] [Times: user=0.01 sys=0.00, real=0.00 secs] 
2020-10-29T14:48:35.072+0000: [GC (Allocation Failure) 2020-10-29T14:48:35.073+0000: [ParNew: 16388K->4K(18432K), 0.0021242 secs] 339380K->322996K(481108K), 0.0021811 secs] [Times: user=0.00 sys=0.00, real=0.00 secs] 
2020-10-29T14:48:35.089+0000: [GC (Allocation Failure) 2020-10-29T14:48:35.089+0000: [ParNew: 16388K->4K(18432K), 0.0021508 secs] 339380K->322996K(481108K), 0.0022065 secs] [Times: user=0.00 sys=0.00, real=0.00 secs] 
2020-10-29T14:48:35.105+0000: [GC (Allocation Failure) 2020-10-29T14:48:35.105+0000: [ParNew: 16388K->4K(18432K), 0.0021597 secs] 339380K->322996K(481108K), 0.0022184 secs] [Times: user=0.01 sys=0.00, real=0.00 secs] 
2020-10-29T14:48:35.124+0000: [GC (Allocation Failure) 2020-10-29T14:48:35.125+0000: [ParNew: 16388K->4K(18432K), 0.0021235 secs] 339380K->322996K(481108K), 0.0021789 secs] [Times: user=0.00 sys=0.00, real=0.00 secs] 
2020-10-29T14:48:35.144+0000: [GC (Allocation Failure) 2020-10-29T14:48:35.145+0000: [ParNew: 16388K->4K(18432K), 0.0021450 secs] 339380K->322996K(481108K), 0.0022014 secs] [Times: user=0.00 sys=0.00, real=0.00 secs] 
2020-10-29T14:48:35.164+0000: [GC (Allocation Failure) 2020-10-29T14:48:35.165+0000: [ParNew: 16388K->4K(18432K), 0.0020987 secs] 339380K->322996K(481108K), 0.0021536 secs] [Times: user=0.00 sys=0.00, real=0.00 secs] 
2020-10-29T14:48:35.185+0000: [GC (Allocation Failure) 2020-10-29T14:48:35.185+0000: [ParNew: 16388K->4K(18432K), 0.0021830 secs] 339380K->322996K(481108K), 0.0022424 secs] [Times: user=0.01 sys=0.00, real=0.00 secs] 
2020-10-29T14:48:35.201+0000: [GC (Allocation Failure) 2020-10-29T14:48:35.201+0000: [ParNew: 16388K->4K(18432K), 0.0021889 secs] 339380K->322996K(481108K), 0.0022454 secs] [Times: user=0.01 sys=0.00, real=0.00 secs] 
2020-10-29T14:48:35.217+0000: [GC (Allocation Failure) 2020-10-29T14:48:35.217+0000: [ParNew: 16388K->4K(18432K), 0.0020390 secs] 339380K->322996K(481108K), 0.0020910 secs] [Times: user=0.00 sys=0.00, real=0.00 secs] 
2020-10-29T14:48:35.233+0000: [GC (Allocation Failure) 2020-10-29T14:48:35.233+0000: [ParNew: 16388K->4K(18432K), 0.0020356 secs] 339380K->322996K(481108K), 0.0020883 secs] [Times: user=0.00 sys=0.00, real=0.00 secs] 
2020-10-29T14:48:35.249+0000: [GC (Allocation Failure) 2020-10-29T14:48:35.249+0000: [ParNew: 16388K->4K(18432K), 0.0020226 secs] 339380K->322996K(481108K), 0.0020743 secs] [Times: user=0.00 sys=0.00, real=0.00 secs] 
2020-10-29T14:48:35.265+0000: [GC (Allocation Failure) 2020-10-29T14:48:35.265+0000: [ParNew: 16388K->4K(18432K), 0.0021444 secs] 339380K->322996K(481108K), 0.0022009 secs] [Times: user=0.00 sys=0.00, real=0.00 secs] 
2020-10-29T14:48:35.285+0000: [GC (Allocation Failure) 2020-10-29T14:48:35.285+0000: [ParNew: 16388K->4K(18432K), 0.0021617 secs] 339380K->322996K(481108K), 0.0022191 secs] [Times: user=0.00 sys=0.00, real=0.00 secs] 
2020-10-29T14:48:35.301+0000: [GC (Allocation Failure) 2020-10-29T14:48:35.301+0000: [ParNew: 16388K->4K(18432K), 0.0021313 secs] 339380K->322996K(481108K), 0.0022040 secs] [Times: user=0.00 sys=0.00, real=0.00 secs] 
2020-10-29T14:48:35.321+0000: [GC (Allocation Failure) 2020-10-29T14:48:35.321+0000: [ParNew: 16388K->4K(18432K), 0.0021926 secs] 339380K->322996K(481108K), 0.0022498 secs] [Times: user=0.01 sys=0.00, real=0.00 secs] 
2020-10-29T14:48:35.337+0000: [GC (Allocation Failure) 2020-10-29T14:48:35.337+0000: [ParNew: 16388K->4K(18432K), 0.0021744 secs] 339380K->322996K(481108K), 0.0022333 secs] [Times: user=0.01 sys=0.00, real=0.00 secs] 
2020-10-29T14:48:35.353+0000: [GC (Allocation Failure) 2020-10-29T14:48:35.353+0000: [ParNew: 16388K->4K(18432K), 0.0021335 secs] 339380K->322996K(481108K), 0.0021882 secs] [Times: user=0.01 sys=0.00, real=0.00 secs] 
2020-10-29T14:48:35.369+0000: [GC (Allocation Failure) 2020-10-29T14:48:35.370+0000: [ParNew: 16388K->4K(18432K), 0.0020759 secs] 339380K->322996K(481108K), 0.0021364 secs] [Times: user=0.00 sys=0.00, real=0.00 secs] 
2020-10-29T14:48:35.386+0000: [GC (Allocation Failure) 2020-10-29T14:48:35.386+0000: [ParNew: 16388K->4K(18432K), 0.0020560 secs] 339380K->322996K(481108K), 0.0021081 secs] [Times: user=0.00 sys=0.00, real=0.00 secs] 
2020-10-29T14:48:35.408+0000: [GC (Allocation Failure) 2020-10-29T14:48:35.408+0000: [ParNew: 16388K->4K(18432K), 0.0021682 secs] 339380K->322996K(481108K), 0.0022206 secs] [Times: user=0.01 sys=0.00, real=0.00 secs] 
2020-10-29T14:48:35.429+0000: [GC (Allocation Failure) 2020-10-29T14:48:35.429+0000: [ParNew: 16388K->4K(18432K), 0.0021494 secs] 339380K->322996K(481108K), 0.0022062 secs] [Times: user=0.00 sys=0.00, real=0.00 secs] 
2020-10-29T14:48:35.448+0000: [GC (Allocation Failure) 2020-10-29T14:48:35.449+0000: [ParNew: 16388K->4K(18432K), 0.0021553 secs] 339380K->322996K(481108K), 0.0022126 secs] [Times: user=0.00 sys=0.00, real=0.00 secs] 
2020-10-29T14:48:35.469+0000: [GC (Allocation Failure) 2020-10-29T14:48:35.469+0000: [ParNew: 16388K->4K(18432K), 0.0021625 secs] 339380K->322996K(481108K), 0.0022193 secs] [Times: user=0.00 sys=0.00, real=0.00 secs] 
2020-10-29T14:48:35.485+0000: [GC (Allocation Failure) 2020-10-29T14:48:35.485+0000: [ParNew: 16388K->4K(18432K), 0.0021674 secs] 339380K->322996K(481108K), 0.0022251 secs] [Times: user=0.00 sys=0.00, real=0.00 secs] 
2020-10-29T14:48:35.501+0000: [GC (Allocation Failure) 2020-10-29T14:48:35.501+0000: [ParNew: 16388K->4K(18432K), 0.0021535 secs] 339380K->322996K(481108K), 0.0022230 secs] [Times: user=0.00 sys=0.00, real=0.00 secs] 
2020-10-29T14:48:35.517+0000: [GC (Allocation Failure) 2020-10-29T14:48:35.517+0000: [ParNew: 16388K->4K(18432K), 0.0020751 secs] 339380K->322996K(481108K), 0.0021273 secs] [Times: user=0.00 sys=0.00, real=0.00 secs] 
2020-10-29T14:48:35.536+0000: [GC (Allocation Failure) 2020-10-29T14:48:35.537+0000: [ParNew: 16388K->4K(18432K), 0.0020784 secs] 339380K->322996K(481108K), 0.0021312 secs] [Times: user=0.01 sys=0.00, real=0.00 secs] 
2020-10-29T14:48:35.556+0000: [GC (Allocation Failure) 2020-10-29T14:48:35.557+0000: [ParNew: 16388K->4K(18432K), 0.0021458 secs] 339380K->322996K(481108K), 0.0022024 secs] [Times: user=0.00 sys=0.00, real=0.00 secs] 
2020-10-29T14:48:35.573+0000: [GC (Allocation Failure) 2020-10-29T14:48:35.573+0000: [ParNew: 16388K->4K(18432K), 0.0021428 secs] 339380K->322996K(481108K), 0.0022021 secs] [Times: user=0.00 sys=0.00, real=0.00 secs] 
2020-10-29T14:48:35.589+0000: [GC (Allocation Failure) 2020-10-29T14:48:35.589+0000: [ParNew: 16388K->4K(18432K), 0.0021075 secs] 339380K->322996K(481108K), 0.0021604 secs] [Times: user=0.00 sys=0.00, real=0.00 secs] 
2020-10-29T14:48:35.605+0000: [GC (Allocation Failure) 2020-10-29T14:48:35.605+0000: [ParNew: 16388K->4K(18432K), 0.0020798 secs] 339380K->322996K(481108K), 0.0021333 secs] [Times: user=0.00 sys=0.00, real=0.00 secs] 
2020-10-29T14:48:35.621+0000: [GC (Allocation Failure) 2020-10-29T14:48:35.621+0000: [ParNew: 16388K->4K(18432K), 0.0020525 secs] 339380K->322996K(481108K), 0.0021013 secs] [Times: user=0.01 sys=0.00, real=0.00 secs] 
2020-10-29T14:48:35.640+0000: [GC (Allocation Failure) 2020-10-29T14:48:35.641+0000: [ParNew: 16388K->4K(18432K), 0.0021275 secs] 339380K->322996K(481108K), 0.0021818 secs] [Times: user=0.00 sys=0.00, real=0.00 secs] 
2020-10-29T14:48:35.657+0000: [GC (Allocation Failure) 2020-10-29T14:48:35.657+0000: [ParNew: 16388K->4K(18432K), 0.0020557 secs] 339380K->322996K(481108K), 0.0021065 secs] [Times: user=0.00 sys=0.00, real=0.00 secs] 
2020-10-29T14:48:35.673+0000: [GC (Allocation Failure) 2020-10-29T14:48:35.673+0000: [ParNew: 16388K->4K(18432K), 0.0020816 secs] 339380K->322996K(481108K), 0.0021314 secs] [Times: user=0.00 sys=0.00, real=0.00 secs] 
2020-10-29T14:48:35.692+0000: [GC (Allocation Failure) 2020-10-29T14:48:35.692+0000: [ParNew: 16388K->4K(18432K), 0.0020829 secs] 339380K->322996K(481108K), 0.0021365 secs] [Times: user=0.00 sys=0.00, real=0.00 secs] 
2020-10-29T14:48:35.712+0000: [GC (Allocation Failure) 2020-10-29T14:48:35.713+0000: [ParNew: 16388K->4K(18432K), 0.0020873 secs] 339380K->322996K(481108K), 0.0021398 secs] [Times: user=0.01 sys=0.00, real=0.00 secs] 
2020-10-29T14:48:35.730+0000: [GC (Allocation Failure) 2020-10-29T14:48:35.730+0000: [ParNew: 16388K->4K(18432K), 0.0021965 secs] 339380K->322996K(481108K), 0.0022564 secs] [Times: user=0.00 sys=0.00, real=0.00 secs] 
2020-10-29T14:48:35.746+0000: [GC (Allocation Failure) 2020-10-29T14:48:35.746+0000: [ParNew: 16388K->4K(18432K), 0.0021726 secs] 339380K->322996K(481108K), 0.0022523 secs] [Times: user=0.00 sys=0.00, real=0.00 secs] 
2020-10-29T14:48:35.762+0000: [GC (Allocation Failure) 2020-10-29T14:48:35.762+0000: [ParNew: 16388K->4K(18432K), 0.0021950 secs] 339380K->322996K(481108K), 0.0022529 secs] [Times: user=0.01 sys=0.00, real=0.01 secs] 
2020-10-29T14:48:35.779+0000: [GC (Allocation Failure) 2020-10-29T14:48:35.779+0000: [ParNew: 16388K->4K(18432K), 0.0022054 secs] 339380K->322996K(481108K), 0.0022615 secs] [Times: user=0.01 sys=0.00, real=0.00 secs] 
2020-10-29T14:48:35.795+0000: [GC (Allocation Failure) 2020-10-29T14:48:35.795+0000: [ParNew: 16388K->4K(18432K), 0.0021991 secs] 339380K->322996K(481108K), 0.0022576 secs] [Times: user=0.00 sys=0.00, real=0.00 secs] 
2020-10-29T14:48:35.811+0000: [GC (Allocation Failure) 2020-10-29T14:48:35.811+0000: [ParNew: 16386K->4K(18432K), 0.0021985 secs] 339378K->322996K(481108K), 0.0022573 secs] [Times: user=0.00 sys=0.00, real=0.01 secs] 
2020-10-29T14:48:35.828+0000: [GC (Allocation Failure) 2020-10-29T14:48:35.828+0000: [ParNew: 16388K->4K(18432K), 0.0022433 secs] 339380K->322996K(481108K), 0.0023110 secs] [Times: user=0.00 sys=0.00, real=0.00 secs] 
2020-10-29T14:48:35.844+0000: [GC (Allocation Failure) 2020-10-29T14:48:35.844+0000: [ParNew: 16388K->4K(18432K), 0.0021891 secs] 339380K->322996K(481108K), 0.0022462 secs] [Times: user=0.01 sys=0.00, real=0.01 secs] 
2020-10-29T14:48:35.864+0000: [GC (Allocation Failure) 2020-10-29T14:48:35.864+0000: [ParNew: 16388K->4K(18432K), 0.0022015 secs] 339380K->322996K(481108K), 0.0022583 secs] [Times: user=0.00 sys=0.00, real=0.01 secs] 
2020-10-29T14:48:35.880+0000: [GC (Allocation Failure) 2020-10-29T14:48:35.880+0000: [ParNew: 16388K->4K(18432K), 0.0021478 secs] 339380K->322996K(481108K), 0.0022037 secs] [Times: user=0.00 sys=0.00, real=0.00 secs] 
2020-10-29T14:48:35.897+0000: [GC (Allocation Failure) 2020-10-29T14:48:35.897+0000: [ParNew: 16388K->4K(18432K), 0.0021836 secs] 339380K->322996K(481108K), 0.0022526 secs] [Times: user=0.01 sys=0.00, real=0.00 secs] 
2020-10-29T14:48:35.917+0000: [GC (Allocation Failure) 2020-10-29T14:48:35.917+0000: [ParNew: 16388K->4K(18432K), 0.0021652 secs] 339380K->322996K(481108K), 0.0022219 secs] [Times: user=0.01 sys=0.00, real=0.00 secs] 
2020-10-29T14:48:35.933+0000: [GC (Allocation Failure) 2020-10-29T14:48:35.933+0000: [ParNew: 16388K->4K(18432K), 0.0022665 secs] 339380K->322996K(481108K), 0.0023246 secs] [Times: user=0.01 sys=0.00, real=0.00 secs] 
2020-10-29T14:48:35.949+0000: [GC (Allocation Failure) 2020-10-29T14:48:35.949+0000: [ParNew: 16388K->4K(18432K), 0.0022112 secs] 339380K->322996K(481108K), 0.0022685 secs] [Times: user=0.01 sys=0.00, real=0.00 secs] 
2020-10-29T14:48:35.965+0000: [GC (Allocation Failure) 2020-10-29T14:48:35.965+0000: [ParNew: 16388K->4K(18432K), 0.0021703 secs] 339380K->322996K(481108K), 0.0022348 secs] [Times: user=0.00 sys=0.00, real=0.00 secs] 
2020-10-29T14:48:35.984+0000: [GC (Allocation Failure) 2020-10-29T14:48:35.985+0000: [ParNew: 16388K->4K(18432K), 0.0022377 secs] 339380K->322996K(481108K), 0.0022938 secs] [Times: user=0.00 sys=0.00, real=0.00 secs] 
2020-10-29T14:48:36.001+0000: [GC (Allocation Failure) 2020-10-29T14:48:36.001+0000: [ParNew: 16388K->4K(18432K), 0.0021538 secs] 339380K->322996K(481108K), 0.0022105 secs] [Times: user=0.00 sys=0.00, real=0.00 secs] 
2020-10-29T14:48:36.020+0000: [GC (Allocation Failure) 2020-10-29T14:48:36.021+0000: [ParNew: 16388K->4K(18432K), 0.0020991 secs] 339380K->322996K(481108K), 0.0021511 secs] [Times: user=0.01 sys=0.00, real=0.00 secs] 
2020-10-29T14:48:36.041+0000: [GC (Allocation Failure) 2020-10-29T14:48:36.041+0000: [ParNew: 16388K->4K(18432K), 0.0021818 secs] 339380K->322996K(481108K), 0.0022517 secs] [Times: user=0.00 sys=0.00, real=0.00 secs] 
2020-10-29T14:48:36.057+0000: [GC (Allocation Failure) 2020-10-29T14:48:36.057+0000: [ParNew: 16388K->4K(18432K), 0.0022056 secs] 339380K->322996K(481108K), 0.0022641 secs] [Times: user=0.01 sys=0.00, real=0.00 secs] 
2020-10-29T14:48:36.073+0000: [GC (Allocation Failure) 2020-10-29T14:48:36.073+0000: [ParNew: 16388K->4K(18432K), 0.0021238 secs] 339380K->322996K(481108K), 0.0021764 secs] [Times: user=0.01 sys=0.00, real=0.00 secs] 
2020-10-29T14:48:36.090+0000: [GC (Allocation Failure) 2020-10-29T14:48:36.090+0000: [ParNew: 16388K->4K(18432K), 0.0021718 secs] 339380K->322996K(481108K), 0.0022288 secs] [Times: user=0.00 sys=0.00, real=0.00 secs] 
2020-10-29T14:48:36.106+0000: [GC (Allocation Failure) 2020-10-29T14:48:36.106+0000: [ParNew: 16388K->4K(18432K), 0.0021594 secs] 339380K->322996K(481108K), 0.0022170 secs] [Times: user=0.00 sys=0.00, real=0.00 secs] 
2020-10-29T14:48:36.122+0000: [GC (Allocation Failure) 2020-10-29T14:48:36.122+0000: [ParNew: 16388K->4K(18432K), 0.0021715 secs] 339380K->322996K(481108K), 0.0022303 secs] [Times: user=0.00 sys=0.00, real=0.00 secs] 
2020-10-29T14:48:36.138+0000: [GC (Allocation Failure) 2020-10-29T14:48:36.138+0000: [ParNew: 16388K->4K(18432K), 0.0021602 secs] 339380K->322996K(481108K), 0.0022167 secs] [Times: user=0.00 sys=0.00, real=0.00 secs] 
2020-10-29T14:48:36.154+0000: [GC (Allocation Failure) 2020-10-29T14:48:36.154+0000: [ParNew: 16388K->4K(18432K), 0.0022120 secs] 339380K->322996K(481108K), 0.0022689 secs] [Times: user=0.00 sys=0.00, real=0.00 secs] 
2020-10-29T14:48:36.171+0000: [GC (Allocation Failure) 2020-10-29T14:48:36.171+0000: [ParNew: 16388K->4K(18432K), 0.0021957 secs] 339380K->322996K(481108K), 0.0022535 secs] [Times: user=0.01 sys=0.00, real=0.01 secs] 
2020-10-29T14:48:36.187+0000: [GC (Allocation Failure) 2020-10-29T14:48:36.187+0000: [ParNew: 16388K->4K(18432K), 0.0022176 secs] 339380K->322996K(481108K), 0.0022837 secs] [Times: user=0.01 sys=0.00, real=0.00 secs] 
2020-10-29T14:48:36.204+0000: [GC (Allocation Failure) 2020-10-29T14:48:36.205+0000: [ParNew: 16388K->4K(18432K), 0.0022131 secs] 339380K->322996K(481108K), 0.0022743 secs] [Times: user=0.00 sys=0.00, real=0.00 secs] 
2020-10-29T14:48:36.225+0000: [GC (Allocation Failure) 2020-10-29T14:48:36.225+0000: [ParNew: 16388K->4K(18432K), 0.0021883 secs] 339380K->322996K(481108K), 0.0022380 secs] [Times: user=0.01 sys=0.00, real=0.00 secs] 
2020-10-29T14:48:36.245+0000: [GC (Allocation Failure) 2020-10-29T14:48:36.245+0000: [ParNew: 16388K->4K(18432K), 0.0021480 secs] 339380K->322996K(481108K), 0.0022055 secs] [Times: user=0.00 sys=0.00, real=0.00 secs] 
2020-10-29T14:48:36.261+0000: [GC (Allocation Failure) 2020-10-29T14:48:36.261+0000: [ParNew: 16388K->4K(18432K), 0.0020969 secs] 339380K->322996K(481108K), 0.0021511 secs] [Times: user=0.00 sys=0.00, real=0.00 secs] 
2020-10-29T14:48:36.280+0000: [GC (Allocation Failure) 2020-10-29T14:48:36.280+0000: [ParNew: 16388K->4K(18432K), 0.0020383 secs] 339380K->322996K(481108K), 0.0020902 secs] [Times: user=0.01 sys=0.00, real=0.00 secs] 
2020-10-29T14:48:36.297+0000: [GC (Allocation Failure) 2020-10-29T14:48:36.297+0000: [ParNew: 16388K->4K(18432K), 0.0021744 secs] 339380K->322996K(481108K), 0.0022313 secs] [Times: user=0.00 sys=0.00, real=0.00 secs] 
2020-10-29T14:48:36.316+0000: [GC (Allocation Failure) 2020-10-29T14:48:36.317+0000: [ParNew: 16388K->4K(18432K), 0.0020686 secs] 339380K->322996K(481108K), 0.0021223 secs] [Times: user=0.00 sys=0.00, real=0.00 secs] 
2020-10-29T14:48:36.336+0000: [GC (Allocation Failure) 2020-10-29T14:48:36.337+0000: [ParNew: 16388K->4K(18432K), 0.0021742 secs] 339380K->322996K(481108K), 0.0022300 secs] [Times: user=0.00 sys=0.00, real=0.00 secs] 
2020-10-29T14:48:36.356+0000: [GC (Allocation Failure) 2020-10-29T14:48:36.357+0000: [ParNew: 16388K->4K(18432K), 0.0021553 secs] 339380K->322996K(481108K), 0.0022110 secs] [Times: user=0.00 sys=0.00, real=0.00 secs] 
2020-10-29T14:48:36.373+0000: [GC (Allocation Failure) 2020-10-29T14:48:36.373+0000: [ParNew: 16388K->4K(18432K), 0.0021497 secs] 339380K->322996K(481108K), 0.0022066 secs] [Times: user=0.01 sys=0.00, real=0.00 secs] 
2020-10-29T14:48:36.389+0000: [GC (Allocation Failure) 2020-10-29T14:48:36.389+0000: [ParNew: 16388K->4K(18432K), 0.0021739 secs] 339380K->322996K(481108K), 0.0022275 secs] [Times: user=0.01 sys=0.00, real=0.00 secs] 
2020-10-29T14:48:36.408+0000: [GC (Allocation Failure) 2020-10-29T14:48:36.409+0000: [ParNew: 16388K->4K(18432K), 0.0022184 secs] 339380K->322996K(481108K), 0.0022750 secs] [Times: user=0.00 sys=0.00, real=0.00 secs] 
2020-10-29T14:48:36.425+0000: [GC (Allocation Failure) 2020-10-29T14:48:36.425+0000: [ParNew: 16388K->4K(18432K), 0.0021643 secs] 339380K->322996K(481108K), 0.0022227 secs] [Times: user=0.00 sys=0.00, real=0.00 secs] 
2020-10-29T14:48:36.444+0000: [GC (Allocation Failure) 2020-10-29T14:48:36.445+0000: [ParNew: 16388K->4K(18432K), 0.0021729 secs] 339380K->322996K(481108K), 0.0022300 secs] [Times: user=0.00 sys=0.00, real=0.00 secs] 
2020-10-29T14:48:36.461+0000: [GC (Allocation Failure) 2020-10-29T14:48:36.461+0000: [ParNew: 16388K->4K(18432K), 0.0020991 secs] 339380K->322996K(481108K), 0.0021511 secs] [Times: user=0.00 sys=0.00, real=0.00 secs] 
2020-10-29T14:48:36.477+0000: [GC (Allocation Failure) 2020-10-29T14:48:36.477+0000: [ParNew: 16388K->4K(18432K), 0.0021659 secs] 339380K->322996K(481108K), 0.0022257 secs] [Times: user=0.00 sys=0.00, real=0.00 secs] 
2020-10-29T14:48:36.496+0000: [GC (Allocation Failure) 2020-10-29T14:48:36.497+0000: [ParNew: 16388K->4K(18432K), 0.0021485 secs] 339380K->322996K(481108K), 0.0022057 secs] [Times: user=0.00 sys=0.00, real=0.00 secs] 
2020-10-29T14:48:36.513+0000: [GC (Allocation Failure) 2020-10-29T14:48:36.513+0000: [ParNew: 16388K->4K(18432K), 0.0021584 secs] 339380K->322996K(481108K), 0.0022149 secs] [Times: user=0.01 sys=0.00, real=0.00 secs] 
2020-10-29T14:48:36.529+0000: [GC (Allocation Failure) 2020-10-29T14:48:36.529+0000: [ParNew: 16388K->4K(18432K), 0.0021803 secs] 339380K->322996K(481108K), 0.0022386 secs] [Times: user=0.01 sys=0.00, real=0.00 secs] 
2020-10-29T14:48:36.545+0000: [GC (Allocation Failure) 2020-10-29T14:48:36.546+0000: [ParNew: 16388K->4K(18432K), 0.0021550 secs] 339380K->322997K(481108K), 0.0022131 secs] [Times: user=0.01 sys=0.01, real=0.00 secs] 
2020-10-29T14:48:36.562+0000: [GC (Allocation Failure) 2020-10-29T14:48:36.562+0000: [ParNew: 16388K->4K(18432K), 0.0020505 secs] 339381K->322997K(481108K), 0.0021036 secs] [Times: user=0.01 sys=0.00, real=0.00 secs] 
2020-10-29T14:48:36.578+0000: [GC (Allocation Failure) 2020-10-29T14:48:36.578+0000: [ParNew: 16388K->4K(18432K), 0.0021536 secs] 339381K->322997K(481108K), 0.0022109 secs] [Times: user=0.00 sys=0.00, real=0.00 secs] 
2020-10-29T14:48:36.596+0000: [GC (Allocation Failure) 2020-10-29T14:48:36.597+0000: [ParNew: 16388K->4K(18432K), 0.0021219 secs] 339381K->322997K(481108K), 0.0021734 secs] [Times: user=0.01 sys=0.00, real=0.00 secs] 
2020-10-29T14:48:36.618+0000: [GC (Allocation Failure) 2020-10-29T14:48:36.618+0000: [ParNew: 16388K->4K(18432K), 0.0021660 secs] 339381K->322997K(481108K), 0.0022318 secs] [Times: user=0.00 sys=0.00, real=0.00 secs] 
2020-10-29T14:48:36.635+0000: [GC (Allocation Failure) 2020-10-29T14:48:36.635+0000: [ParNew: 16388K->4K(18432K), 0.0022113 secs] 339381K->322997K(481108K), 0.0022700 secs] [Times: user=0.00 sys=0.00, real=0.00 secs] 
2020-10-29T14:48:36.651+0000: [GC (Allocation Failure) 2020-10-29T14:48:36.651+0000: [ParNew: 16388K->4K(18432K), 0.0021155 secs] 339381K->322997K(481108K), 0.0021721 secs] [Times: user=0.00 sys=0.00, real=0.01 secs] 
2020-10-29T14:48:36.668+0000: [GC (Allocation Failure) 2020-10-29T14:48:36.668+0000: [ParNew: 16388K->4K(18432K), 0.0020596 secs] 339381K->322997K(481108K), 0.0021113 secs] [Times: user=0.00 sys=0.00, real=0.00 secs] 
2020-10-29T14:48:36.685+0000: [GC (Allocation Failure) 2020-10-29T14:48:36.685+0000: [ParNew: 16388K->4K(18432K), 0.0020701 secs] 339381K->322997K(481108K), 0.0021204 secs] [Times: user=0.00 sys=0.00, real=0.00 secs] 
2020-10-29T14:48:36.704+0000: [GC (Allocation Failure) 2020-10-29T14:48:36.705+0000: [ParNew: 16388K->4K(18432K), 0.0021195 secs] 339381K->322997K(481108K), 0.0021749 secs] [Times: user=0.00 sys=0.00, real=0.00 secs] 
2020-10-29T14:48:36.721+0000: [GC (Allocation Failure) 2020-10-29T14:48:36.721+0000: [ParNew: 16388K->4K(18432K), 0.0020812 secs] 339381K->322997K(481108K), 0.0021317 secs] [Times: user=0.00 sys=0.00, real=0.00 secs] 
2020-10-29T14:48:36.740+0000: [GC (Allocation Failure) 2020-10-29T14:48:36.740+0000: [ParNew: 16388K->4K(18432K), 0.0022106 secs] 339381K->322997K(481108K), 0.0022654 secs] [Times: user=0.00 sys=0.00, real=0.00 secs] 
2020-10-29T14:48:36.756+0000: [GC (Allocation Failure) 2020-10-29T14:48:36.756+0000: [ParNew: 16385K->4K(18432K), 0.0021330 secs] 339378K->322997K(481108K), 0.0021890 secs] [Times: user=0.00 sys=0.00, real=0.00 secs] 
2020-10-29T14:48:36.776+0000: [GC (Allocation Failure) 2020-10-29T14:48:36.776+0000: [ParNew: 16388K->4K(18432K), 0.0021145 secs] 339381K->322997K(481108K), 0.0021682 secs] [Times: user=0.01 sys=0.00, real=0.00 secs] 
2020-10-29T14:48:36.793+0000: [GC (Allocation Failure) 2020-10-29T14:48:36.793+0000: [ParNew: 16388K->4K(18432K), 0.0021724 secs] 339381K->322997K(481108K), 0.0022303 secs] [Times: user=0.01 sys=0.00, real=0.00 secs] 
2020-10-29T14:48:36.812+0000: [GC (Allocation Failure) 2020-10-29T14:48:36.813+0000: [ParNew: 16388K->4K(18432K), 0.0021321 secs] 339381K->322997K(481108K), 0.0021866 secs] [Times: user=0.01 sys=0.00, real=0.00 secs] 
2020-10-29T14:48:36.829+0000: [GC (Allocation Failure) 2020-10-29T14:48:36.829+0000: [ParNew: 16388K->4K(18432K), 0.0021617 secs] 339381K->322997K(481108K), 0.0022241 secs] [Times: user=0.00 sys=0.00, real=0.00 secs] 
2020-10-29T14:48:36.846+0000: [GC (Allocation Failure) 2020-10-29T14:48:36.846+0000: [ParNew: 16388K->4K(18432K), 0.0022148 secs] 339381K->322997K(481108K), 0.0022733 secs] [Times: user=0.00 sys=0.00, real=0.00 secs] 
2020-10-29T14:48:36.862+0000: [GC (Allocation Failure) 2020-10-29T14:48:36.862+0000: [ParNew: 16388K->4K(18432K), 0.0022079 secs] 339381K->322997K(481108K), 0.0022658 secs] [Times: user=0.00 sys=0.00, real=0.00 secs] 
2020-10-29T14:48:36.880+0000: [GC (Allocation Failure) 2020-10-29T14:48:36.881+0000: [ParNew: 16388K->4K(18432K), 0.0020900 secs] 339381K->322997K(481108K), 0.0021430 secs] [Times: user=0.01 sys=0.00, real=0.00 secs] 
2020-10-29T14:48:36.897+0000: [GC (Allocation Failure) 2020-10-29T14:48:36.897+0000: [ParNew: 16388K->4K(18432K), 0.0021590 secs] 339381K->322997K(481108K), 0.0022220 secs] [Times: user=0.01 sys=0.00, real=0.00 secs] 
2020-10-29T14:48:36.913+0000: [GC (Allocation Failure) 2020-10-29T14:48:36.913+0000: [ParNew: 16388K->4K(18432K), 0.0020643 secs] 339381K->322997K(481108K), 0.0021178 secs] [Times: user=0.00 sys=0.00, real=0.00 secs] 
2020-10-29T14:48:36.932+0000: [GC (Allocation Failure) 2020-10-29T14:48:36.933+0000: [ParNew: 16388K->4K(18432K), 0.0020419 secs] 339381K->322997K(481108K), 0.0020937 secs] [Times: user=0.01 sys=0.00, real=0.00 secs] 
2020-10-29T14:48:36.951+0000: [GC (Allocation Failure) 2020-10-29T14:48:36.951+0000: [ParNew: 16388K->4K(18432K), 0.0021013 secs] 339381K->322997K(481108K), 0.0021544 secs] [Times: user=0.01 sys=0.00, real=0.01 secs] 
2020-10-29T14:48:36.968+0000: [GC (Allocation Failure) 2020-10-29T14:48:36.969+0000: [ParNew: 16388K->4K(18432K), 0.0020212 secs] 339381K->322997K(481108K), 0.0020727 secs] [Times: user=0.00 sys=0.00, real=0.00 secs] 
2020-10-29T14:48:36.988+0000: [GC (Allocation Failure) 2020-10-29T14:48:36.989+0000: [ParNew: 16388K->4K(18432K), 0.0020619 secs] 339381K->322997K(481108K), 0.0021138 secs] [Times: user=0.00 sys=0.00, real=0.00 secs] 
2020-10-29T14:48:37.005+0000: [GC (Allocation Failure) 2020-10-29T14:48:37.005+0000: [ParNew: 16388K->4K(18432K), 0.0020405 secs] 339381K->322997K(481108K), 0.0020919 secs] [Times: user=0.01 sys=0.00, real=0.00 secs] 
2020-10-29T14:48:37.021+0000: [GC (Allocation Failure) 2020-10-29T14:48:37.021+0000: [ParNew: 16388K->4K(18432K), 0.0021598 secs] 339381K->322997K(481108K), 0.0022159 secs] [Times: user=0.00 sys=0.00, real=0.00 secs] 
2020-10-29T14:48:37.040+0000: [GC (Allocation Failure) 2020-10-29T14:48:37.041+0000: [ParNew: 16388K->4K(18432K), 0.0021906 secs] 339381K->322997K(481108K), 0.0022814 secs] [Times: user=0.01 sys=0.00, real=0.00 secs] 
2020-10-29T14:48:37.061+0000: [GC (Allocation Failure) 2020-10-29T14:48:37.061+0000: [ParNew: 16388K->4K(18432K), 0.0021808 secs] 339381K->322997K(481108K), 0.0022382 secs] [Times: user=0.01 sys=0.00, real=0.00 secs] 
2020-10-29T14:48:37.077+0000: [GC (Allocation Failure) 2020-10-29T14:48:37.077+0000: [ParNew: 16388K->4K(18432K), 0.0021976 secs] 339381K->322997K(481108K), 0.0022591 secs] [Times: user=0.01 sys=0.00, real=0.00 secs] 
2020-10-29T14:48:37.093+0000: [GC (Allocation Failure) 2020-10-29T14:48:37.093+0000: [ParNew: 16388K->4K(18432K), 0.0021961 secs] 339381K->322997K(481108K), 0.0022531 secs] [Times: user=0.00 sys=0.00, real=0.00 secs] 
2020-10-29T14:48:37.112+0000: [GC (Allocation Failure) 2020-10-29T14:48:37.112+0000: [ParNew: 16388K->4K(18432K), 0.0021609 secs] 339381K->322997K(481108K), 0.0022160 secs] [Times: user=0.00 sys=0.00, real=0.01 secs] 
2020-10-29T14:48:37.136+0000: [GC (Allocation Failure) 2020-10-29T14:48:37.136+0000: [ParNew: 16388K->4K(18432K), 0.0021483 secs] 339381K->322997K(481108K), 0.0022048 secs] [Times: user=0.01 sys=0.00, real=0.00 secs] 
2020-10-29T14:48:37.156+0000: [GC (Allocation Failure) 2020-10-29T14:48:37.157+0000: [ParNew: 16388K->4K(18432K), 0.0021130 secs] 339381K->322997K(481108K), 0.0021657 secs] [Times: user=0.00 sys=0.00, real=0.00 secs] 
2020-10-29T14:48:37.176+0000: [GC (Allocation Failure) 2020-10-29T14:48:37.177+0000: [ParNew: 16388K->4K(18432K), 0.0020868 secs] 339381K->322997K(481108K), 0.0021405 secs] [Times: user=0.00 sys=0.00, real=0.00 secs] 
2020-10-29T14:48:37.193+0000: [GC (Allocation Failure) 2020-10-29T14:48:37.193+0000: [ParNew: 16388K->4K(18432K), 0.0021191 secs] 339381K->322997K(481108K), 0.0021705 secs] [Times: user=0.01 sys=0.00, real=0.00 secs] 
2020-10-29T14:48:37.209+0000: [GC (Allocation Failure) 2020-10-29T14:48:37.209+0000: [ParNew: 16388K->4K(18432K), 0.0020834 secs] 339381K->322997K(481108K), 0.0021366 secs] [Times: user=0.01 sys=0.00, real=0.00 secs] 
2020-10-29T14:48:37.225+0000: [GC (Allocation Failure) 2020-10-29T14:48:37.226+0000: [ParNew: 16388K->4K(18432K), 0.0021626 secs] 339381K->322997K(481108K), 0.0022203 secs] [Times: user=0.01 sys=0.00, real=0.00 secs] 
2020-10-29T14:48:37.242+0000: [GC (Allocation Failure) 2020-10-29T14:48:37.242+0000: [ParNew: 16388K->4K(18432K), 0.0021737 secs] 339381K->322997K(481108K), 0.0022312 secs] [Times: user=0.00 sys=0.00, real=0.00 secs] 
2020-10-29T14:48:37.258+0000: [GC (Allocation Failure) 2020-10-29T14:48:37.258+0000: [ParNew: 16388K->4K(18432K), 0.0021065 secs] 339381K->322997K(481108K), 0.0021580 secs] [Times: user=0.00 sys=0.00, real=0.00 secs] 
2020-10-29T14:48:37.274+0000: [GC (Allocation Failure) 2020-10-29T14:48:37.274+0000: [ParNew: 16388K->4K(18432K), 0.0021910 secs] 339381K->322997K(481108K), 0.0022489 secs] [Times: user=0.00 sys=0.00, real=0.00 secs] 
2020-10-29T14:48:37.293+0000: [GC (Allocation Failure) 2020-10-29T14:48:37.293+0000: [ParNew: 16388K->4K(18432K), 0.0021943 secs] 339381K->322997K(481108K), 0.0022532 secs] [Times: user=0.01 sys=0.00, real=0.00 secs] 
2020-10-29T14:48:37.312+0000: [GC (Allocation Failure) 2020-10-29T14:48:37.312+0000: [ParNew: 16388K->4K(18432K), 0.0021825 secs] 339381K->322997K(481108K), 0.0022396 secs] [Times: user=0.00 sys=0.00, real=0.01 secs] 
2020-10-29T14:48:37.332+0000: [GC (Allocation Failure) 2020-10-29T14:48:37.332+0000: [ParNew: 16388K->4K(18432K), 0.0021860 secs] 339381K->322997K(481108K), 0.0022441 secs] [Times: user=0.00 sys=0.00, real=0.01 secs] 
2020-10-29T14:48:37.348+0000: [GC (Allocation Failure) 2020-10-29T14:48:37.349+0000: [ParNew: 16388K->4K(18432K), 0.0021428 secs] 339381K->322997K(481108K), 0.0021957 secs] [Times: user=0.00 sys=0.00, real=0.00 secs] 
2020-10-29T14:48:37.369+0000: [GC (Allocation Failure) 2020-10-29T14:48:37.369+0000: [ParNew: 16388K->4K(18432K), 0.0021681 secs] 339381K->322997K(481108K), 0.0022271 secs] [Times: user=0.00 sys=0.00, real=0.00 secs] 
2020-10-29T14:48:37.385+0000: [GC (Allocation Failure) 2020-10-29T14:48:37.385+0000: [ParNew: 16388K->4K(18432K), 0.0021630 secs] 339381K->322997K(481108K), 0.0022187 secs] [Times: user=0.00 sys=0.00, real=0.00 secs] 
2020-10-29T14:48:37.402+0000: [GC (Allocation Failure) 2020-10-29T14:48:37.402+0000: [ParNew: 16388K->4K(18432K), 0.0021020 secs] 339381K->322997K(481108K), 0.0021566 secs] [Times: user=0.00 sys=0.00, real=0.00 secs] 
2020-10-29T14:48:37.422+0000: [GC (Allocation Failure) 2020-10-29T14:48:37.422+0000: [ParNew: 16388K->4K(18432K), 0.0021486 secs] 339381K->322997K(481108K), 0.0022026 secs] [Times: user=0.00 sys=0.00, real=0.00 secs] 
2020-10-29T14:48:37.438+0000: [GC (Allocation Failure) 2020-10-29T14:48:37.438+0000: [ParNew: 16388K->4K(18432K), 0.0021443 secs] 339381K->322997K(481108K), 0.0022004 secs] [Times: user=0.00 sys=0.00, real=0.00 secs] 
2020-10-29T14:48:37.456+0000: [GC (Allocation Failure) 2020-10-29T14:48:37.457+0000: [ParNew: 16388K->4K(18432K), 0.0020822 secs] 339381K->322997K(481108K), 0.0021355 secs] [Times: user=0.00 sys=0.00, real=0.00 secs] 
2020-10-29T14:48:37.486+0000: [GC (Allocation Failure) 2020-10-29T14:48:37.486+0000: [ParNew: 16388K->4K(18432K), 0.0021907 secs] 339381K->322997K(481108K), 0.0022475 secs] [Times: user=0.00 sys=0.00, real=0.00 secs] 
2020-10-29T14:48:37.516+0000: [GC (Allocation Failure) 2020-10-29T14:48:37.517+0000: [ParNew: 16388K->4K(18432K), 0.0021717 secs] 339381K->322997K(481108K), 0.0022297 secs] [Times: user=0.01 sys=0.00, real=0.00 secs] 
2020-10-29T14:48:37.548+0000: [GC (Allocation Failure) 2020-10-29T14:48:37.548+0000: [ParNew: 16388K->4K(18432K), 0.0021845 secs] 339381K->322997K(481108K), 0.0022415 secs] [Times: user=0.00 sys=0.00, real=0.00 secs] 
2020-10-29T14:48:37.577+0000: [GC (Allocation Failure) 2020-10-29T14:48:37.577+0000: [ParNew: 16388K->4K(18432K), 0.0021614 secs] 339381K->322997K(481108K), 0.0022186 secs] [Times: user=0.00 sys=0.00, real=0.00 secs] 
2020-10-29T14:48:37.608+0000: [GC (Allocation Failure) 2020-10-29T14:48:37.609+0000: [ParNew: 16388K->4K(18432K), 0.0021351 secs] 339381K->322997K(481108K), 0.0021918 secs] [Times: user=0.01 sys=0.00, real=0.00 secs] 
2020-10-29T14:48:37.638+0000: [GC (Allocation Failure) 2020-10-29T14:48:37.638+0000: [ParNew: 16388K->4K(18432K), 0.0021909 secs] 339381K->322997K(481108K), 0.0022573 secs] [Times: user=0.00 sys=0.00, real=0.00 secs] 
2020-10-29T14:48:37.952+0000: [GC (Allocation Failure) 2020-10-29T14:48:37.952+0000: [ParNew: 16388K->4K(18432K), 0.0037112 secs] 339381K->322998K(481108K), 0.0037706 secs] [Times: user=0.00 sys=0.00, real=0.01 secs] 
2020-10-29T14:48:38.017+0000: [GC (Allocation Failure) 2020-10-29T14:48:38.017+0000: [ParNew: 16388K->4K(18432K), 0.0021589 secs] 339382K->322998K(481108K), 0.0022190 secs] [Times: user=0.00 sys=0.00, real=0.00 secs] 
2020-10-29T14:48:38.064+0000: [GC (Allocation Failure) 2020-10-29T14:48:38.065+0000: [ParNew: 16388K->4K(18432K), 0.0021572 secs] 339382K->322998K(481108K), 0.0022172 secs] [Times: user=0.00 sys=0.00, real=0.00 secs] 
2020-10-29T14:48:38.099+0000: [GC (Allocation Failure) 2020-10-29T14:48:38.099+0000: [ParNew: 16388K->4K(18432K), 0.0021764 secs] 339382K->322998K(481108K), 0.0022442 secs] [Times: user=0.01 sys=0.00, real=0.00 secs] 
2020-10-29T14:48:39.523+0000: [GC (Allocation Failure) 2020-10-29T14:48:39.523+0000: [ParNew: 16388K->124K(18432K), 0.0025988 secs] 339382K->323118K(481108K), 0.0026690 secs] [Times: user=0.01 sys=0.00, real=0.01 secs] 
2020-10-29T14:48:39.644+0000: [GC (Allocation Failure) 2020-10-29T14:48:39.644+0000: [ParNew: 16508K->1066K(18432K), 0.0078511 secs] 339502K->324060K(481108K), 0.0079227 secs] [Times: user=0.02 sys=0.00, real=0.01 secs] 
2020-10-29T14:48:39.741+0000: [GC (Allocation Failure) 2020-10-29T14:48:39.741+0000: [ParNew: 17450K->2048K(18432K), 0.0049053 secs] 356828K->341817K(481108K), 0.0049902 secs] [Times: user=0.01 sys=0.00, real=0.01 secs] 
2020-10-29T14:48:39.746+0000: [GC (CMS Initial Mark) [1 CMS-initial-mark: 339769K(462676K)] 341817K(481108K), 0.0022196 secs] [Times: user=0.00 sys=0.00, real=0.00 secs] 
2020-10-29T14:48:39.749+0000: [CMS-concurrent-mark-start]
2020-10-29T14:48:39.819+0000: [CMS-concurrent-mark: 0.071/0.071 secs] [Times: user=0.14 sys=0.01, real=0.07 secs] 
2020-10-29T14:48:39.820+0000: [CMS-concurrent-preclean-start]
2020-10-29T14:48:39.822+0000: [CMS-concurrent-preclean: 0.002/0.002 secs] [Times: user=0.00 sys=0.00, real=0.00 secs] 
2020-10-29T14:48:39.822+0000: [CMS-concurrent-abortable-preclean-start]
2020-10-29T14:48:39.838+0000: [GC (Allocation Failure) 2020-10-29T14:48:39.838+0000: [ParNew: 18432K->1252K(18432K), 0.0086403 secs] 358201K->342879K(481108K), 0.0087009 secs] [Times: user=0.02 sys=0.00, real=0.01 secs] 
2020-10-29T14:48:39.871+0000: [GC (Allocation Failure) 2020-10-29T14:48:39.872+0000: [ParNew: 17636K->354K(18432K), 0.0023466 secs] 359263K->341981K(481108K), 0.0024074 secs] [Times: user=0.01 sys=0.00, real=0.01 secs] 
2020-10-29T14:48:39.895+0000: [GC (Allocation Failure) 2020-10-29T14:48:39.895+0000: [ParNew: 16738K->254K(18432K), 0.0021337 secs] 358365K->341881K(481108K), 0.0021918 secs] [Times: user=0.00 sys=0.00, real=0.00 secs] 
2020-10-29T14:48:39.928+0000: [GC (Allocation Failure) 2020-10-29T14:48:39.928+0000: [ParNew: 16638K->548K(18432K), 0.0023860 secs] 358265K->342176K(481108K), 0.0024458 secs] [Times: user=0.01 sys=0.00, real=0.00 secs] 
2020-10-29T14:48:39.959+0000: [GC (Allocation Failure) 2020-10-29T14:48:39.959+0000: [ParNew: 16932K->744K(18432K), 0.0023088 secs] 358560K->342371K(481108K), 0.0023704 secs] [Times: user=0.01 sys=0.00, real=0.00 secs] 
2020-10-29T14:48:39.984+0000: [GC (Allocation Failure) 2020-10-29T14:48:39.985+0000: [ParNew: 17128K->653K(18432K), 0.0024062 secs] 358755K->342280K(481108K), 0.0024637 secs] [Times: user=0.00 sys=0.00, real=0.00 secs] 
2020-10-29T14:48:40.012+0000: [GC (Allocation Failure) 2020-10-29T14:48:40.012+0000: [ParNew: 17037K->343K(18432K), 0.0025378 secs] 358664K->342189K(481108K), 0.0025974 secs] [Times: user=0.01 sys=0.00, real=0.01 secs] 
2020-10-29T14:48:40.036+0000: [GC (Allocation Failure) 2020-10-29T14:48:40.036+0000: [ParNew: 16727K->534K(18432K), 0.0021854 secs] 358573K->342380K(481108K), 0.0022594 secs] [Times: user=0.00 sys=0.00, real=0.00 secs] 
2020-10-29T14:48:40.061+0000: [GC (Allocation Failure) 2020-10-29T14:48:40.061+0000: [ParNew: 16918K->774K(18432K), 0.0023109 secs] 358764K->342620K(481108K), 0.0023712 secs] [Times: user=0.00 sys=0.00, real=0.00 secs] 
2020-10-29T14:48:40.083+0000: [GC (Allocation Failure) 2020-10-29T14:48:40.084+0000: [ParNew: 17158K->516K(18432K), 0.0022610 secs] 359004K->342362K(481108K), 0.0023213 secs] [Times: user=0.00 sys=0.00, real=0.01 secs] 
2020-10-29T14:48:40.106+0000: [GC (Allocation Failure) 2020-10-29T14:48:40.106+0000: [ParNew: 16900K->516K(18432K), 0.0022840 secs] 358746K->342362K(481108K), 0.0023457 secs] [Times: user=0.01 sys=0.00, real=0.00 secs] 
2020-10-29T14:48:40.138+0000: [GC (Allocation Failure) 2020-10-29T14:48:40.138+0000: [ParNew: 16900K->772K(18432K), 0.0022933 secs] 358746K->342618K(481108K), 0.0023533 secs] [Times: user=0.00 sys=0.00, real=0.00 secs] 
2020-10-29T14:48:40.160+0000: [GC (Allocation Failure) 2020-10-29T14:48:40.161+0000: [ParNew: 17156K->1284K(18432K), 0.0022924 secs] 359002K->343130K(481108K), 0.0023512 secs] [Times: user=0.01 sys=0.00, real=0.00 secs] 
2020-10-29T14:48:40.181+0000: [GC (Allocation Failure) 2020-10-29T14:48:40.181+0000: [ParNew: 17668K->4K(18432K), 0.0025550 secs] 359514K->342618K(481108K), 0.0026151 secs] [Times: user=0.00 sys=0.00, real=0.00 secs] 
2020-10-29T14:48:40.201+0000: [GC (Allocation Failure) 2020-10-29T14:48:40.201+0000: [ParNew: 16388K->4K(18432K), 0.0021295 secs] 359002K->342618K(481108K), 0.0021887 secs] [Times: user=0.00 sys=0.00, real=0.00 secs] 
2020-10-29T14:48:40.219+0000: [GC (Allocation Failure) 2020-10-29T14:48:40.219+0000: [ParNew: 16388K->4K(18432K), 0.0022025 secs] 359002K->342618K(481108K), 0.0022648 secs] [Times: user=0.01 sys=0.00, real=0.00 secs] 
2020-10-29T14:48:40.239+0000: [GC (Allocation Failure) 2020-10-29T14:48:40.239+0000: [ParNew: 16388K->4K(18432K), 0.0022092 secs] 359002K->342618K(481108K), 0.0022839 secs] [Times: user=0.00 sys=0.00, real=0.00 secs] 
2020-10-29T14:48:40.261+0000: [GC (Allocation Failure) 2020-10-29T14:48:40.261+0000: [ParNew: 16388K->1028K(18432K), 0.0022628 secs] 359002K->343642K(481108K), 0.0023217 secs] [Times: user=0.00 sys=0.00, real=0.00 secs] 
2020-10-29T14:48:40.282+0000: [GC (Allocation Failure) 2020-10-29T14:48:40.282+0000: [ParNew: 17412K->4K(18432K), 0.0024372 secs] 360026K->343130K(481108K), 0.0024972 secs] [Times: user=0.00 sys=0.00, real=0.00 secs] 
2020-10-29T14:48:40.307+0000: [GC (Allocation Failure) 2020-10-29T14:48:40.307+0000: [ParNew: 16388K->4K(18432K), 0.0021653 secs] 359514K->343130K(481108K), 0.0022254 secs] [Times: user=0.00 sys=0.00, real=0.00 secs] 
2020-10-29T14:48:40.329+0000: [GC (Allocation Failure) 2020-10-29T14:48:40.329+0000: [ParNew: 16388K->4K(18432K), 0.0021391 secs] 359514K->343130K(481108K), 0.0021990 secs] [Times: user=0.01 sys=0.00, real=0.00 secs] 
2020-10-29T14:48:40.355+0000: [GC (Allocation Failure) 2020-10-29T14:48:40.355+0000: [ParNew: 16388K->4K(18432K), 0.0021765 secs] 359514K->343130K(481108K), 0.0022369 secs] [Times: user=0.01 sys=0.00, real=0.00 secs] 
2020-10-29T14:48:40.382+0000: [GC (Allocation Failure) 2020-10-29T14:48:40.382+0000: [ParNew: 16388K->4K(18432K), 0.0021895 secs] 359514K->343130K(481108K), 0.0022709 secs] [Times: user=0.00 sys=0.00, real=0.01 secs] 
2020-10-29T14:48:40.405+0000: [GC (Allocation Failure) 2020-10-29T14:48:40.406+0000: [ParNew: 16388K->4K(18432K), 0.0021563 secs] 359514K->343130K(481108K), 0.0022297 secs] [Times: user=0.01 sys=0.00, real=0.00 secs] 
2020-10-29T14:48:40.433+0000: [GC (Allocation Failure) 2020-10-29T14:48:40.433+0000: [ParNew: 16388K->4K(18432K), 0.0021534 secs] 359514K->343130K(481108K), 0.0022351 secs] [Times: user=0.00 sys=0.00, real=0.00 secs] 
2020-10-29T14:48:40.467+0000: [GC (Allocation Failure) 2020-10-29T14:48:40.467+0000: [ParNew: 16388K->4K(18432K), 0.0021680 secs] 359514K->343130K(481108K), 0.0022519 secs] [Times: user=0.01 sys=0.00, real=0.00 secs] 
2020-10-29T14:48:40.507+0000: [GC (Allocation Failure) 2020-10-29T14:48:40.507+0000: [ParNew: 16388K->4K(18432K), 0.0022006 secs] 359514K->343130K(481108K), 0.0022832 secs] [Times: user=0.00 sys=0.00, real=0.00 secs] 
2020-10-29T14:48:40.548+0000: [GC (Allocation Failure) 2020-10-29T14:48:40.548+0000: [ParNew: 16388K->4K(18432K), 0.0021973 secs] 359514K->343130K(481108K), 0.0022803 secs] [Times: user=0.00 sys=0.00, real=0.00 secs] 
2020-10-29T14:48:40.591+0000: [GC (Allocation Failure) 2020-10-29T14:48:40.591+0000: [ParNew: 16388K->4K(18432K), 0.0021812 secs] 359514K->343130K(481108K), 0.0022600 secs] [Times: user=0.00 sys=0.00, real=0.01 secs] 
2020-10-29T14:48:40.626+0000: [GC (Allocation Failure) 2020-10-29T14:48:40.626+0000: [ParNew: 16388K->4K(18432K), 0.0022290 secs] 359514K->343130K(481108K), 0.0023117 secs] [Times: user=0.00 sys=0.00, real=0.00 secs] 
2020-10-29T14:48:40.655+0000: [GC (Allocation Failure) 2020-10-29T14:48:40.655+0000: [ParNew: 16388K->4K(18432K), 0.0022213 secs] 359514K->343130K(481108K), 0.0022993 secs] [Times: user=0.00 sys=0.00, real=0.00 secs] 
2020-10-29T14:48:40.681+0000: [GC (Allocation Failure) 2020-10-29T14:48:40.681+0000: [ParNew: 16388K->4K(18432K), 0.0021900 secs] 359514K->343130K(481108K), 0.0022668 secs] [Times: user=0.00 sys=0.00, real=0.00 secs] 
2020-10-29T14:48:40.704+0000: [GC (Allocation Failure) 2020-10-29T14:48:40.704+0000: [ParNew: 16388K->4K(18432K), 0.0021429 secs] 359514K->343130K(481108K), 0.0022240 secs] [Times: user=0.00 sys=0.00, real=0.01 secs] 
2020-10-29T14:48:40.727+0000: [GC (Allocation Failure) 2020-10-29T14:48:40.727+0000: [ParNew: 16388K->4K(18432K), 0.0021785 secs] 359514K->343130K(481108K), 0.0022549 secs] [Times: user=0.00 sys=0.00, real=0.00 secs] 
2020-10-29T14:48:40.752+0000: [GC (Allocation Failure) 2020-10-29T14:48:40.753+0000: [ParNew: 16388K->4K(18432K), 0.0020765 secs] 359514K->343130K(481108K), 0.0021345 secs] [Times: user=0.01 sys=0.00, real=0.00 secs] 
2020-10-29T14:48:40.773+0000: [GC (Allocation Failure) 2020-10-29T14:48:40.773+0000: [ParNew: 16388K->4K(18432K), 0.0021626 secs] 359514K->343130K(481108K), 0.0022232 secs] [Times: user=0.01 sys=0.00, real=0.00 secs] 
2020-10-29T14:48:40.791+0000: [GC (Allocation Failure) 2020-10-29T14:48:40.791+0000: [ParNew: 16388K->4K(18432K), 0.0021860 secs] 359514K->343130K(481108K), 0.0022475 secs] [Times: user=0.01 sys=0.00, real=0.01 secs] 
2020-10-29T14:48:40.813+0000: [GC (Allocation Failure) 2020-10-29T14:48:40.813+0000: [ParNew: 16388K->4K(18432K), 0.0021339 secs] 359514K->343130K(481108K), 0.0021934 secs] [Times: user=0.00 sys=0.00, real=0.00 secs] 
2020-10-29T14:48:40.830+0000: [GC (Allocation Failure) 2020-10-29T14:48:40.830+0000: [ParNew: 16388K->4K(18432K), 0.0022425 secs] 359514K->343130K(481108K), 0.0022982 secs] [Times: user=0.00 sys=0.00, real=0.01 secs] 
2020-10-29T14:48:40.848+0000: [GC (Allocation Failure) 2020-10-29T14:48:40.848+0000: [ParNew: 16388K->4K(18432K), 0.0022143 secs] 359514K->343130K(481108K), 0.0022741 secs] [Times: user=0.01 sys=0.00, real=0.00 secs] 
2020-10-29T14:48:40.868+0000: [GC (Allocation Failure) 2020-10-29T14:48:40.869+0000: [ParNew: 16388K->4K(18432K), 0.0021452 secs] 359514K->343130K(481108K), 0.0022031 secs] [Times: user=0.01 sys=0.00, real=0.00 secs] 
2020-10-29T14:48:40.888+0000: [GC (Allocation Failure) 2020-10-29T14:48:40.889+0000: [ParNew: 16388K->4K(18432K), 0.0020991 secs] 359514K->343130K(481108K), 0.0021566 secs] [Times: user=0.01 sys=0.00, real=0.00 secs] 
2020-10-29T14:48:40.908+0000: [GC (Allocation Failure) 2020-10-29T14:48:40.909+0000: [ParNew: 16388K->4K(18432K), 0.0020081 secs] 359514K->343130K(481108K), 0.0020627 secs] [Times: user=0.00 sys=0.00, real=0.00 secs] 
2020-10-29T14:48:40.929+0000: [GC (Allocation Failure) 2020-10-29T14:48:40.929+0000: [ParNew: 16388K->4K(18432K), 0.0028090 secs] 359514K->343130K(481108K), 0.0028687 secs] [Times: user=0.00 sys=0.00, real=0.00 secs] 
2020-10-29T14:48:40.956+0000: [GC (Allocation Failure) 2020-10-29T14:48:40.956+0000: [ParNew: 16388K->4K(18432K), 0.0020449 secs] 359514K->343130K(481108K), 0.0021072 secs] [Times: user=0.00 sys=0.00, real=0.00 secs] 
2020-10-29T14:48:40.974+0000: [GC (Allocation Failure) 2020-10-29T14:48:40.974+0000: [ParNew: 16388K->4K(18432K), 0.0019532 secs] 359514K->343130K(481108K), 0.0020050 secs] [Times: user=0.01 sys=0.00, real=0.00 secs] 
2020-10-29T14:48:40.992+0000: [GC (Allocation Failure) 2020-10-29T14:48:40.993+0000: [ParNew: 16388K->4K(18432K), 0.0020640 secs] 359514K->343130K(481108K), 0.0021219 secs] [Times: user=0.00 sys=0.00, real=0.00 secs] 
2020-10-29T14:48:41.010+0000: [GC (Allocation Failure) 2020-10-29T14:48:41.010+0000: [ParNew: 16388K->4K(18432K), 0.0021735 secs] 359514K->343130K(481108K), 0.0022309 secs] [Times: user=0.01 sys=0.00, real=0.00 secs] 
2020-10-29T14:48:41.027+0000: [GC (Allocation Failure) 2020-10-29T14:48:41.027+0000: [ParNew: 16388K->4K(18432K), 0.0021340 secs] 359514K->343130K(481108K), 0.0021843 secs] [Times: user=0.00 sys=0.00, real=0.00 secs] 
2020-10-29T14:48:41.044+0000: [GC (Allocation Failure) 2020-10-29T14:48:41.044+0000: [ParNew: 16388K->4K(18432K), 0.0021638 secs] 359514K->343130K(481108K), 0.0022227 secs] [Times: user=0.00 sys=0.00, real=0.01 secs] 
2020-10-29T14:48:41.064+0000: [GC (Allocation Failure) 2020-10-29T14:48:41.065+0000: [ParNew: 16388K->4K(18432K), 0.0020201 secs] 359514K->343130K(481108K), 0.0020749 secs] [Times: user=0.00 sys=0.00, real=0.00 secs] 
2020-10-29T14:48:41.082+0000: [GC (Allocation Failure) 2020-10-29T14:48:41.082+0000: [ParNew: 16388K->4K(18432K), 0.0021042 secs] 359514K->343131K(481108K), 0.0021619 secs] [Times: user=0.00 sys=0.00, real=0.00 secs] 
2020-10-29T14:48:41.099+0000: [GC (Allocation Failure) 2020-10-29T14:48:41.099+0000: [ParNew: 16388K->4K(18432K), 0.0018487 secs] 359515K->343131K(481108K), 0.0018972 secs] [Times: user=0.00 sys=0.00, real=0.00 secs] 
2020-10-29T14:48:41.120+0000: [GC (Allocation Failure) 2020-10-29T14:48:41.120+0000: [ParNew: 16388K->4K(18432K), 0.0021289 secs] 359515K->343131K(481108K), 0.0021863 secs] [Times: user=0.01 sys=0.00, real=0.00 secs] 
2020-10-29T14:48:41.140+0000: [GC (Allocation Failure) 2020-10-29T14:48:41.141+0000: [ParNew: 16388K->4K(18432K), 0.0020223 secs] 359515K->343131K(481108K), 0.0020769 secs] [Times: user=0.00 sys=0.00, real=0.00 secs] 
2020-10-29T14:48:41.158+0000: [GC (Allocation Failure) 2020-10-29T14:48:41.158+0000: [ParNew: 16388K->4K(18432K), 0.0022877 secs] 359515K->343131K(481108K), 0.0023466 secs] [Times: user=0.00 sys=0.00, real=0.00 secs] 
2020-10-29T14:48:41.175+0000: [GC (Allocation Failure) 2020-10-29T14:48:41.175+0000: [ParNew: 16388K->4K(18432K), 0.0021648 secs] 359515K->343131K(481108K), 0.0022235 secs] [Times: user=0.01 sys=0.00, real=0.00 secs] 
2020-10-29T14:48:41.192+0000: [GC (Allocation Failure) 2020-10-29T14:48:41.192+0000: [ParNew: 16388K->4K(18432K), 0.0020421 secs] 359515K->343131K(481108K), 0.0020994 secs] [Times: user=0.01 sys=0.00, real=0.01 secs] 
2020-10-29T14:48:41.210+0000: [GC (Allocation Failure) 2020-10-29T14:48:41.210+0000: [ParNew: 16388K->4K(18432K), 0.0021265 secs] 359515K->343131K(481108K), 0.0021838 secs] [Times: user=0.00 sys=0.00, real=0.01 secs] 
2020-10-29T14:48:41.228+0000: [GC (Allocation Failure) 2020-10-29T14:48:41.228+0000: [ParNew: 16388K->4K(18432K), 0.0019882 secs] 359515K->343131K(481108K), 0.0020414 secs] [Times: user=0.00 sys=0.00, real=0.00 secs] 
2020-10-29T14:48:41.245+0000: [GC (Allocation Failure) 2020-10-29T14:48:41.245+0000: [ParNew: 16388K->4K(18432K), 0.0019115 secs] 359515K->343131K(481108K), 0.0019645 secs] [Times: user=0.00 sys=0.00, real=0.00 secs] 
2020-10-29T14:48:41.264+0000: [GC (Allocation Failure) 2020-10-29T14:48:41.264+0000: [ParNew: 16388K->4K(18432K), 0.0020290 secs] 359515K->343131K(481108K), 0.0020854 secs] [Times: user=0.01 sys=0.00, real=0.01 secs] 
2020-10-29T14:48:41.281+0000: [GC (Allocation Failure) 2020-10-29T14:48:41.281+0000: [ParNew: 16388K->4K(18432K), 0.0020800 secs] 359515K->343131K(481108K), 0.0021370 secs] [Times: user=0.00 sys=0.00, real=0.00 secs] 
2020-10-29T14:48:41.300+0000: [GC (Allocation Failure) 2020-10-29T14:48:41.301+0000: [ParNew: 16388K->4K(18432K), 0.0020536 secs] 359515K->343131K(481108K), 0.0021096 secs] [Times: user=0.01 sys=0.00, real=0.00 secs] 
2020-10-29T14:48:41.318+0000: [GC (Allocation Failure) 2020-10-29T14:48:41.318+0000: [ParNew: 16388K->4K(18432K), 0.0021626 secs] 359515K->343131K(481108K), 0.0022206 secs] [Times: user=0.01 sys=0.00, real=0.00 secs] 
2020-10-29T14:48:41.336+0000: [GC (Allocation Failure) 2020-10-29T14:48:41.336+0000: [ParNew: 16388K->4K(18432K), 0.0021606 secs] 359515K->343131K(481108K), 0.0022371 secs] [Times: user=0.00 sys=0.00, real=0.00 secs] 
2020-10-29T14:48:41.354+0000: [GC (Allocation Failure) 2020-10-29T14:48:41.354+0000: [ParNew: 16388K->4K(18432K), 0.0023299 secs] 359515K->343131K(481108K), 0.0023868 secs] [Times: user=0.00 sys=0.00, real=0.00 secs] 
2020-10-29T14:48:41.377+0000: [GC (Allocation Failure) 2020-10-29T14:48:41.377+0000: [ParNew: 16388K->4K(18432K), 0.0021724 secs] 359515K->343131K(481108K), 0.0022347 secs] [Times: user=0.01 sys=0.00, real=0.00 secs] 
2020-10-29T14:48:41.395+0000: [GC (Allocation Failure) 2020-10-29T14:48:41.395+0000: [ParNew: 16388K->4K(18432K), 0.0023372 secs] 359515K->343131K(481108K), 0.0023986 secs] [Times: user=0.00 sys=0.00, real=0.00 secs] 
2020-10-29T14:48:41.412+0000: [GC (Allocation Failure) 2020-10-29T14:48:41.412+0000: [ParNew: 16388K->4K(18432K), 0.0021676 secs] 359515K->343131K(481108K), 0.0022355 secs] [Times: user=0.01 sys=0.00, real=0.01 secs] 
2020-10-29T14:48:41.432+0000: [GC (Allocation Failure) 2020-10-29T14:48:41.433+0000: [ParNew: 16388K->4K(18432K), 0.0021496 secs] 359515K->343131K(481108K), 0.0022095 secs] [Times: user=0.00 sys=0.00, real=0.00 secs] 
2020-10-29T14:48:41.453+0000: [GC (Allocation Failure) 2020-10-29T14:48:41.453+0000: [ParNew: 16388K->4K(18432K), 0.0021793 secs] 359515K->343131K(481108K), 0.0022386 secs] [Times: user=0.01 sys=0.00, real=0.00 secs] 
2020-10-29T14:48:41.473+0000: [GC (Allocation Failure) 2020-10-29T14:48:41.473+0000: [ParNew: 16388K->4K(18432K), 0.0021443 secs] 359515K->343131K(481108K), 0.0022030 secs] [Times: user=0.00 sys=0.00, real=0.00 secs] 
2020-10-29T14:48:41.490+0000: [GC (Allocation Failure) 2020-10-29T14:48:41.490+0000: [ParNew: 16388K->4K(18432K), 0.0021408 secs] 359515K->343131K(481108K), 0.0022015 secs] [Times: user=0.01 sys=0.00, real=0.00 secs] 
2020-10-29T14:48:41.507+0000: [GC (Allocation Failure) 2020-10-29T14:48:41.507+0000: [ParNew: 16388K->4K(18432K), 0.0021816 secs] 359515K->343131K(481108K), 0.0022414 secs] [Times: user=0.01 sys=0.00, real=0.00 secs] 
2020-10-29T14:48:41.528+0000: [GC (Allocation Failure) 2020-10-29T14:48:41.528+0000: [ParNew: 16388K->4K(18432K), 0.0021750 secs] 359515K->343131K(481108K), 0.0022333 secs] [Times: user=0.00 sys=0.00, real=0.00 secs] 
2020-10-29T14:48:41.545+0000: [GC (Allocation Failure) 2020-10-29T14:48:41.545+0000: [ParNew: 16388K->4K(18432K), 0.0021798 secs] 359515K->343131K(481108K), 0.0022534 secs] [Times: user=0.01 sys=0.00, real=0.00 secs] 
2020-10-29T14:48:41.563+0000: [GC (Allocation Failure) 2020-10-29T14:48:41.563+0000: [ParNew: 16388K->4K(18432K), 0.0022480 secs] 359515K->343131K(481108K), 0.0023097 secs] [Times: user=0.00 sys=0.00, real=0.01 secs] 
2020-10-29T14:48:41.585+0000: [GC (Allocation Failure) 2020-10-29T14:48:41.585+0000: [ParNew: 16388K->4K(18432K), 0.0021383 secs] 359515K->343131K(481108K), 0.0021989 secs] [Times: user=0.01 sys=0.00, real=0.00 secs] 
2020-10-29T14:48:41.606+0000: [GC (Allocation Failure) 2020-10-29T14:48:41.606+0000: [ParNew: 16388K->4K(18432K), 0.0024287 secs] 359515K->343131K(481108K), 0.0025031 secs] [Times: user=0.00 sys=0.00, real=0.00 secs] 
2020-10-29T14:48:41.625+0000: [GC (Allocation Failure) 2020-10-29T14:48:41.625+0000: [ParNew: 16388K->4K(18432K), 0.0020997 secs] 359515K->343131K(481108K), 0.0021583 secs] [Times: user=0.00 sys=0.00, real=0.00 secs] 
2020-10-29T14:48:41.643+0000: [GC (Allocation Failure) 2020-10-29T14:48:41.643+0000: [ParNew: 16388K->4K(18432K), 0.0021622 secs] 359515K->343131K(481108K), 0.0022236 secs] [Times: user=0.01 sys=0.00, real=0.01 secs] 
2020-10-29T14:48:41.664+0000: [GC (Allocation Failure) 2020-10-29T14:48:41.664+0000: [ParNew: 16388K->4K(18432K), 0.0021582 secs] 359515K->343131K(481108K), 0.0022161 secs] [Times: user=0.00 sys=0.00, real=0.01 secs] 
2020-10-29T14:48:41.681+0000: [GC (Allocation Failure) 2020-10-29T14:48:41.681+0000: [ParNew: 16388K->4K(18432K), 0.0021223 secs] 359515K->343131K(481108K), 0.0021814 secs] [Times: user=0.00 sys=0.00, real=0.00 secs] 
2020-10-29T14:48:41.699+0000: [GC (Allocation Failure) 2020-10-29T14:48:41.699+0000: [ParNew: 16388K->4K(18432K), 0.0021594 secs] 359515K->343131K(481108K), 0.0022191 secs] [Times: user=0.01 sys=0.00, real=0.00 secs] 
2020-10-29T14:48:41.720+0000: [GC (Allocation Failure) 2020-10-29T14:48:41.720+0000: [ParNew: 16388K->4K(18432K), 0.0021854 secs] 359515K->343131K(481108K), 0.0022454 secs] [Times: user=0.00 sys=0.00, real=0.00 secs] 
2020-10-29T14:48:41.737+0000: [GC (Allocation Failure) 2020-10-29T14:48:41.737+0000: [ParNew: 16388K->4K(18432K), 0.0022079 secs] 359515K->343131K(481108K), 0.0022687 secs] [Times: user=0.01 sys=0.00, real=0.00 secs] 
2020-10-29T14:48:41.757+0000: [GC (Allocation Failure) 2020-10-29T14:48:41.757+0000: [ParNew: 16388K->4K(18432K), 0.0021968 secs] 359515K->343131K(481108K), 0.0022780 secs] [Times: user=0.00 sys=0.00, real=0.00 secs] 
2020-10-29T14:48:41.776+0000: [GC (Allocation Failure) 2020-10-29T14:48:41.777+0000: [ParNew: 16388K->4K(18432K), 0.0021298 secs] 359515K->343131K(481108K), 0.0021893 secs] [Times: user=0.01 sys=0.00, real=0.00 secs] 
2020-10-29T14:48:41.797+0000: [GC (Allocation Failure) 2020-10-29T14:48:41.797+0000: [ParNew: 16388K->4K(18432K), 0.0020792 secs] 359515K->343131K(481108K), 0.0021367 secs] [Times: user=0.00 sys=0.00, real=0.00 secs] 
2020-10-29T14:48:41.817+0000: [GC (Allocation Failure) 2020-10-29T14:48:41.817+0000: [ParNew: 16388K->4K(18432K), 0.0019320 secs] 359515K->343131K(481108K), 0.0019857 secs] [Times: user=0.01 sys=0.00, real=0.00 secs] 
2020-10-29T14:48:41.833+0000: [GC (Allocation Failure) 2020-10-29T14:48:41.833+0000: [ParNew: 16388K->4K(18432K), 0.0019789 secs] 359515K->343131K(481108K), 0.0020428 secs] [Times: user=0.01 sys=0.00, real=0.00 secs] 
2020-10-29T14:48:41.854+0000: [GC (Allocation Failure) 2020-10-29T14:48:41.854+0000: [ParNew: 16388K->4K(18432K), 0.0022116 secs] 359515K->343131K(481108K), 0.0022723 secs] [Times: user=0.01 sys=0.00, real=0.00 secs] 
2020-10-29T14:48:41.871+0000: [GC (Allocation Failure) 2020-10-29T14:48:41.871+0000: [ParNew: 16388K->4K(18432K), 0.0021241 secs] 359515K->343131K(481108K), 0.0021834 secs] [Times: user=0.00 sys=0.00, real=0.01 secs] 
2020-10-29T14:48:41.889+0000: [GC (Allocation Failure) 2020-10-29T14:48:41.889+0000: [ParNew: 16388K->4K(18432K), 0.0021404 secs] 359515K->343131K(481108K), 0.0021983 secs] [Times: user=0.01 sys=0.00, real=0.00 secs] 
2020-10-29T14:48:41.909+0000: [GC (Allocation Failure) 2020-10-29T14:48:41.909+0000: [ParNew: 16388K->4K(18432K), 0.0021596 secs] 359515K->343131K(481108K), 0.0022196 secs] [Times: user=0.01 sys=0.00, real=0.00 secs] 
2020-10-29T14:48:41.928+0000: [GC (Allocation Failure) 2020-10-29T14:48:41.929+0000: [ParNew: 16388K->4K(18432K), 0.0020666 secs] 359515K->343131K(481108K), 0.0021206 secs] [Times: user=0.01 sys=0.00, real=0.00 secs] 
2020-10-29T14:48:41.945+0000: [GC (Allocation Failure) 2020-10-29T14:48:41.946+0000: [ParNew: 16388K->4K(18432K), 0.0020781 secs] 359515K->343131K(481108K), 0.0021348 secs] [Times: user=0.00 sys=0.00, real=0.00 secs] 
2020-10-29T14:48:41.963+0000: [GC (Allocation Failure) 2020-10-29T14:48:41.963+0000: [ParNew: 16388K->4K(18432K), 0.0020759 secs] 359515K->343131K(481108K), 0.0021324 secs] [Times: user=0.01 sys=0.00, real=0.01 secs] 
2020-10-29T14:48:41.984+0000: [GC (Allocation Failure) 2020-10-29T14:48:41.984+0000: [ParNew: 16388K->4K(18432K), 0.0020543 secs] 359515K->343131K(481108K), 0.0021095 secs] [Times: user=0.00 sys=0.00, real=0.01 secs] 
2020-10-29T14:48:42.002+0000: [GC (Allocation Failure) 2020-10-29T14:48:42.002+0000: [ParNew: 16388K->4K(18432K), 0.0021594 secs] 359515K->343131K(481108K), 0.0022256 secs] [Times: user=0.01 sys=0.00, real=0.00 secs] 
2020-10-29T14:48:42.019+0000: [GC (Allocation Failure) 2020-10-29T14:48:42.019+0000: [ParNew: 16388K->4K(18432K), 0.0020979 secs] 359515K->343131K(481108K), 0.0021543 secs] [Times: user=0.00 sys=0.00, real=0.00 secs] 
2020-10-29T14:48:42.040+0000: [GC (Allocation Failure) 2020-10-29T14:48:42.040+0000: [ParNew: 16388K->4K(18432K), 0.0018914 secs] 359515K->343131K(481108K), 0.0019451 secs] [Times: user=0.01 sys=0.00, real=0.00 secs] 
2020-10-29T14:48:42.060+0000: [GC (Allocation Failure) 2020-10-29T14:48:42.061+0000: [ParNew: 16388K->4K(18432K), 0.0020004 secs] 359515K->343131K(481108K), 0.0020564 secs] [Times: user=0.00 sys=0.00, real=0.00 secs] 
2020-10-29T14:48:42.078+0000: [GC (Allocation Failure) 2020-10-29T14:48:42.078+0000: [ParNew: 16388K->4K(18432K), 0.0020189 secs] 359515K->343131K(481108K), 0.0020761 secs] [Times: user=0.00 sys=0.00, real=0.00 secs] 
2020-10-29T14:48:42.095+0000: [GC (Allocation Failure) 2020-10-29T14:48:42.095+0000: [ParNew: 16388K->4K(18432K), 0.0020575 secs] 359515K->343131K(481108K), 0.0021144 secs] [Times: user=0.00 sys=0.00, real=0.00 secs] 
2020-10-29T14:48:42.112+0000: [GC (Allocation Failure) 2020-10-29T14:48:42.112+0000: [ParNew: 16388K->4K(18432K), 0.0022058 secs] 359515K->343131K(481108K), 0.0022617 secs] [Times: user=0.00 sys=0.00, real=0.01 secs] 
2020-10-29T14:48:42.129+0000: [GC (Allocation Failure) 2020-10-29T14:48:42.129+0000: [ParNew: 16388K->4K(18432K), 0.0020187 secs] 359515K->343131K(481108K), 0.0020758 secs] [Times: user=0.01 sys=0.00, real=0.00 secs] 
2020-10-29T14:48:42.149+0000: [GC (Allocation Failure) 2020-10-29T14:48:42.149+0000: [ParNew: 16388K->4K(18432K), 0.0021077 secs] 359515K->343131K(481108K), 0.0021660 secs] [Times: user=0.00 sys=0.00, real=0.00 secs] 
2020-10-29T14:48:42.168+0000: [GC (Allocation Failure) 2020-10-29T14:48:42.169+0000: [ParNew: 16388K->4K(18432K), 0.0020525 secs] 359515K->343131K(481108K), 0.0021088 secs] [Times: user=0.01 sys=0.00, real=0.00 secs] 
2020-10-29T14:48:42.188+0000: [GC (Allocation Failure) 2020-10-29T14:48:42.189+0000: [ParNew: 16388K->4K(18432K), 0.0021121 secs] 359515K->343131K(481108K), 0.0021706 secs] [Times: user=0.00 sys=0.00, real=0.00 secs] 
2020-10-29T14:48:42.205+0000: [GC (Allocation Failure) 2020-10-29T14:48:42.205+0000: [ParNew: 16388K->4K(18432K), 0.0017693 secs] 359515K->343131K(481108K), 0.0018214 secs] [Times: user=0.01 sys=0.00, real=0.00 secs] 
2020-10-29T14:48:42.222+0000: [GC (Allocation Failure) 2020-10-29T14:48:42.222+0000: [ParNew: 16388K->4K(18432K), 0.0018546 secs] 359515K->343131K(481108K), 0.0019171 secs] [Times: user=0.00 sys=0.00, real=0.01 secs] 
2020-10-29T14:48:42.240+0000: [GC (Allocation Failure) 2020-10-29T14:48:42.240+0000: [ParNew: 16388K->4K(18432K), 0.0019063 secs] 359515K->343131K(481108K), 0.0019586 secs] [Times: user=0.00 sys=0.00, real=0.00 secs] 
2020-10-29T14:48:42.256+0000: [GC (Allocation Failure) 2020-10-29T14:48:42.256+0000: [ParNew: 16388K->4K(18432K), 0.0019578 secs] 359515K->343131K(481108K), 0.0020131 secs] [Times: user=0.01 sys=0.00, real=0.00 secs] 
2020-10-29T14:48:42.276+0000: [GC (Allocation Failure) 2020-10-29T14:48:42.277+0000: [ParNew: 16388K->4K(18432K), 0.0018590 secs] 359515K->343131K(481108K), 0.0019155 secs] [Times: user=0.01 sys=0.00, real=0.00 secs] 
2020-10-29T14:48:42.293+0000: [GC (Allocation Failure) 2020-10-29T14:48:42.293+0000: [ParNew: 16388K->4K(18432K), 0.0020451 secs] 359515K->343131K(481108K), 0.0021019 secs] [Times: user=0.00 sys=0.00, real=0.00 secs] 
2020-10-29T14:48:42.310+0000: [GC (Allocation Failure) 2020-10-29T14:48:42.310+0000: [ParNew: 16388K->4K(18432K), 0.0020014 secs] 359515K->343131K(481108K), 0.0020582 secs] [Times: user=0.00 sys=0.00, real=0.00 secs] 
2020-10-29T14:48:42.328+0000: [GC (Allocation Failure) 2020-10-29T14:48:42.329+0000: [ParNew: 16388K->4K(18432K), 0.0020346 secs] 359515K->343131K(481108K), 0.0020875 secs] [Times: user=0.00 sys=0.00, real=0.00 secs] 
2020-10-29T14:48:42.346+0000: [GC (Allocation Failure) 2020-10-29T14:48:42.346+0000: [ParNew: 16388K->4K(18432K), 0.0018274 secs] 359515K->343131K(481108K), 0.0018777 secs] [Times: user=0.01 sys=0.00, real=0.00 secs] 
2020-10-29T14:48:42.363+0000: [GC (Allocation Failure) 2020-10-29T14:48:42.363+0000: [ParNew: 16388K->4K(18432K), 0.0019274 secs] 359515K->343131K(481108K), 0.0019927 secs] [Times: user=0.01 sys=0.00, real=0.01 secs] 
2020-10-29T14:48:42.380+0000: [GC (Allocation Failure) 2020-10-29T14:48:42.380+0000: [ParNew: 16388K->4K(18432K), 0.0019959 secs] 359515K->343131K(481108K), 0.0020519 secs] [Times: user=0.01 sys=0.00, real=0.00 secs] 
2020-10-29T14:48:42.396+0000: [GC (Allocation Failure) 2020-10-29T14:48:42.396+0000: [ParNew: 16388K->4K(18432K), 0.0019152 secs] 359515K->343131K(481108K), 0.0019738 secs] [Times: user=0.00 sys=0.00, real=0.00 secs] 
2020-10-29T14:48:42.417+0000: [GC (Allocation Failure) 2020-10-29T14:48:42.417+0000: [ParNew: 16388K->4K(18432K), 0.0018615 secs] 359515K->343131K(481108K), 0.0019146 secs] [Times: user=0.00 sys=0.00, real=0.00 secs] 
2020-10-29T14:48:42.436+0000: [GC (Allocation Failure) 2020-10-29T14:48:42.437+0000: [ParNew: 16388K->4K(18432K), 0.0018161 secs] 359515K->343131K(481108K), 0.0018805 secs] [Times: user=0.00 sys=0.00, real=0.00 secs] 
2020-10-29T14:48:42.453+0000: [GC (Allocation Failure) 2020-10-29T14:48:42.453+0000: [ParNew: 16388K->4K(18432K), 0.0018806 secs] 359515K->343131K(481108K), 0.0019349 secs] [Times: user=0.00 sys=0.00, real=0.00 secs] 
2020-10-29T14:48:42.471+0000: [GC (Allocation Failure) 2020-10-29T14:48:42.472+0000: [ParNew: 16388K->4K(18432K), 0.0020318 secs] 359515K->343131K(481108K), 0.0020886 secs] [Times: user=0.00 sys=0.00, real=0.01 secs] 
2020-10-29T14:48:42.489+0000: [GC (Allocation Failure) 2020-10-29T14:48:42.489+0000: [ParNew: 16388K->4K(18432K), 0.0021213 secs] 359515K->343131K(481108K), 0.0021785 secs] [Times: user=0.00 sys=0.00, real=0.00 secs] 
2020-10-29T14:48:42.506+0000: [GC (Allocation Failure) 2020-10-29T14:48:42.506+0000: [ParNew: 16388K->4K(18432K), 0.0018846 secs] 359515K->343131K(481108K), 0.0019378 secs] [Times: user=0.01 sys=0.00, real=0.00 secs] 
2020-10-29T14:48:42.524+0000: [GC (Allocation Failure) 2020-10-29T14:48:42.525+0000: [ParNew: 16388K->4K(18432K), 0.0021334 secs] 359515K->343131K(481108K), 0.0021935 secs] [Times: user=0.00 sys=0.00, real=0.00 secs] 
2020-10-29T14:48:42.545+0000: [GC (Allocation Failure) 2020-10-29T14:48:42.545+0000: [ParNew: 16388K->4K(18432K), 0.0021627 secs] 359515K->343131K(481108K), 0.0022248 secs] [Times: user=0.00 sys=0.00, real=0.00 secs] 
2020-10-29T14:48:42.562+0000: [GC (Allocation Failure) 2020-10-29T14:48:42.562+0000: [ParNew: 16388K->4K(18432K), 0.0021476 secs] 359515K->343131K(481108K), 0.0022055 secs] [Times: user=0.00 sys=0.00, real=0.01 secs] 
2020-10-29T14:48:42.580+0000: [GC (Allocation Failure) 2020-10-29T14:48:42.580+0000: [ParNew: 16388K->4K(18432K), 0.0020658 secs] 359515K->343131K(481108K), 0.0021215 secs] [Times: user=0.01 sys=0.00, real=0.00 secs] 
2020-10-29T14:48:42.597+0000: [GC (Allocation Failure) 2020-10-29T14:48:42.597+0000: [ParNew: 16388K->4K(18432K), 0.0021010 secs] 359515K->343131K(481108K), 0.0021575 secs] [Times: user=0.00 sys=0.00, real=0.00 secs] 
2020-10-29T14:48:42.614+0000: [GC (Allocation Failure) 2020-10-29T14:48:42.614+0000: [ParNew: 16388K->4K(18432K), 0.0020086 secs] 359515K->343131K(481108K), 0.0020607 secs] [Times: user=0.00 sys=0.00, real=0.00 secs] 
2020-10-29T14:48:42.631+0000: [GC (Allocation Failure) 2020-10-29T14:48:42.631+0000: [ParNew: 16388K->4K(18432K), 0.0019615 secs] 359515K->343131K(481108K), 0.0020141 secs] [Times: user=0.00 sys=0.00, real=0.01 secs] 
2020-10-29T14:48:42.648+0000: [GC (Allocation Failure) 2020-10-29T14:48:42.648+0000: [ParNew: 16388K->4K(18432K), 0.0019420 secs] 359515K->343131K(481108K), 0.0019957 secs] [Times: user=0.01 sys=0.00, real=0.00 secs] 
2020-10-29T14:48:42.665+0000: [GC (Allocation Failure) 2020-10-29T14:48:42.665+0000: [ParNew: 16388K->4K(18432K), 0.0019402 secs] 359515K->343131K(481108K), 0.0020020 secs] [Times: user=0.01 sys=0.00, real=0.00 secs] 
2020-10-29T14:48:42.683+0000: [GC (Allocation Failure) 2020-10-29T14:48:42.683+0000: [ParNew: 16388K->4K(18432K), 0.0019240 secs] 359515K->343131K(481108K), 0.0019778 secs] [Times: user=0.01 sys=0.00, real=0.01 secs] 
2020-10-29T14:48:42.699+0000: [GC (Allocation Failure) 2020-10-29T14:48:42.699+0000: [ParNew: 16388K->4K(18432K), 0.0018888 secs] 359515K->343131K(481108K), 0.0019426 secs] [Times: user=0.01 sys=0.00, real=0.00 secs] 
2020-10-29T14:48:42.716+0000: [GC (Allocation Failure) 2020-10-29T14:48:42.716+0000: [ParNew: 16388K->4K(18432K), 0.0020695 secs] 359515K->343131K(481108K), 0.0021377 secs] [Times: user=0.00 sys=0.00, real=0.00 secs] 
2020-10-29T14:48:42.733+0000: [GC (Allocation Failure) 2020-10-29T14:48:42.733+0000: [ParNew: 16388K->4K(18432K), 0.0021124 secs] 359515K->343131K(481108K), 0.0021705 secs] [Times: user=0.00 sys=0.00, real=0.00 secs] 
2020-10-29T14:48:42.752+0000: [GC (Allocation Failure) 2020-10-29T14:48:42.753+0000: [ParNew: 16388K->4K(18432K), 0.0021168 secs] 359515K->343131K(481108K), 0.0021757 secs] [Times: user=0.01 sys=0.00, real=0.00 secs] 
2020-10-29T14:48:42.773+0000: [GC (Allocation Failure) 2020-10-29T14:48:42.773+0000: [ParNew: 16388K->4K(18432K), 0.0021399 secs] 359515K->343131K(481108K), 0.0021997 secs] [Times: user=0.01 sys=0.00, real=0.00 secs] 
2020-10-29T14:48:42.790+0000: [GC (Allocation Failure) 2020-10-29T14:48:42.790+0000: [ParNew: 16388K->4K(18432K), 0.0021489 secs] 359515K->343131K(481108K), 0.0022085 secs] [Times: user=0.01 sys=0.00, real=0.00 secs] 
2020-10-29T14:48:42.806+0000: [GC (Allocation Failure) 2020-10-29T14:48:42.807+0000: [ParNew: 16388K->4K(18432K), 0.0021425 secs] 359515K->343131K(481108K), 0.0022090 secs] [Times: user=0.00 sys=0.00, real=0.00 secs] 
2020-10-29T14:48:42.824+0000: [GC (Allocation Failure) 2020-10-29T14:48:42.824+0000: [ParNew: 16388K->4K(18432K), 0.0019697 secs] 359515K->343131K(481108K), 0.0020246 secs] [Times: user=0.01 sys=0.00, real=0.01 secs] 
2020-10-29T14:48:42.845+0000: [GC (Allocation Failure) 2020-10-29T14:48:42.845+0000: [ParNew: 16388K->4K(18432K), 0.0021466 secs] 359515K->343131K(481108K), 0.0022131 secs] [Times: user=0.00 sys=0.00, real=0.00 secs] 
2020-10-29T14:48:42.865+0000: [GC (Allocation Failure) 2020-10-29T14:48:42.865+0000: [ParNew: 16388K->4K(18432K), 0.0021950 secs] 359515K->343131K(481108K), 0.0022553 secs] [Times: user=0.01 sys=0.00, real=0.00 secs] 
2020-10-29T14:48:42.882+0000: [GC (Allocation Failure) 2020-10-29T14:48:42.882+0000: [ParNew: 16388K->4K(18432K), 0.0020543 secs] 359515K->343131K(481108K), 0.0021122 secs] [Times: user=0.01 sys=0.00, real=0.00 secs] 
2020-10-29T14:48:42.899+0000: [GC (Allocation Failure) 2020-10-29T14:48:42.899+0000: [ParNew: 16388K->4K(18432K), 0.0021482 secs] 359515K->343131K(481108K), 0.0022068 secs] [Times: user=0.00 sys=0.00, real=0.00 secs] 
2020-10-29T14:48:42.916+0000: [GC (Allocation Failure) 2020-10-29T14:48:42.916+0000: [ParNew: 16388K->4K(18432K), 0.0021695 secs] 359515K->343131K(481108K), 0.0022448 secs] [Times: user=0.00 sys=0.01, real=0.00 secs] 
2020-10-29T14:48:42.934+0000: [GC (Allocation Failure) 2020-10-29T14:48:42.934+0000: [ParNew: 16388K->4K(18432K), 0.0021377 secs] 359515K->343131K(481108K), 0.0021953 secs] [Times: user=0.01 sys=0.00, real=0.00 secs] 
2020-10-29T14:48:42.951+0000: [GC (Allocation Failure) 2020-10-29T14:48:42.951+0000: [ParNew: 16388K->4K(18432K), 0.0019554 secs] 359515K->343131K(481108K), 0.0020108 secs] [Times: user=0.00 sys=0.00, real=0.01 secs] 
2020-10-29T14:48:42.968+0000: [GC (Allocation Failure) 2020-10-29T14:48:42.969+0000: [ParNew: 16388K->4K(18432K), 0.0019772 secs] 359515K->343131K(481108K), 0.0020330 secs] [Times: user=0.01 sys=0.00, real=0.00 secs] 
2020-10-29T14:48:42.985+0000: [GC (Allocation Failure) 2020-10-29T14:48:42.985+0000: [ParNew: 16388K->4K(18432K), 0.0019582 secs] 359515K->343131K(481108K), 0.0020119 secs] [Times: user=0.01 sys=0.00, real=0.00 secs] 
2020-10-29T14:48:43.002+0000: [GC (Allocation Failure) 2020-10-29T14:48:43.002+0000: [ParNew: 16388K->4K(18432K), 0.0017735 secs] 359515K->343131K(481108K), 0.0018426 secs] [Times: user=0.01 sys=0.00, real=0.00 secs] 
2020-10-29T14:48:43.020+0000: [GC (Allocation Failure) 2020-10-29T14:48:43.021+0000: [ParNew: 16388K->4K(18432K), 0.0020459 secs] 359515K->343131K(481108K), 0.0021274 secs] [Times: user=0.00 sys=0.00, real=0.00 secs] 
2020-10-29T14:48:43.037+0000: [GC (Allocation Failure) 2020-10-29T14:48:43.037+0000: [ParNew: 16388K->4K(18432K), 0.0019895 secs] 359515K->343131K(481108K), 0.0020624 secs] [Times: user=0.00 sys=0.00, real=0.00 secs] 
2020-10-29T14:48:43.054+0000: [GC (Allocation Failure) 2020-10-29T14:48:43.054+0000: [ParNew: 16388K->4K(18432K), 0.0019598 secs] 359515K->343131K(481108K), 0.0020144 secs] [Times: user=0.01 sys=0.00, real=0.00 secs] 
2020-10-29T14:48:43.072+0000: [GC (Allocation Failure) 2020-10-29T14:48:43.073+0000: [ParNew: 16388K->4K(18432K), 0.0019238 secs] 359515K->343131K(481108K), 0.0019762 secs] [Times: user=0.01 sys=0.00, real=0.00 secs] 
2020-10-29T14:48:43.090+0000: [GC (Allocation Failure) 2020-10-29T14:48:43.090+0000: [ParNew: 16388K->4K(18432K), 0.0020158 secs] 359515K->343131K(481108K), 0.0020722 secs] [Times: user=0.00 sys=0.00, real=0.00 secs] 
2020-10-29T14:48:43.107+0000: [GC (Allocation Failure) 2020-10-29T14:48:43.107+0000: [ParNew: 16388K->4K(18432K), 0.0020494 secs] 359515K->343131K(481108K), 0.0021148 secs] [Times: user=0.00 sys=0.00, real=0.00 secs] 
2020-10-29T14:48:43.124+0000: [GC (Allocation Failure) 2020-10-29T14:48:43.124+0000: [ParNew: 16388K->4K(18432K), 0.0021642 secs] 359515K->343131K(481108K), 0.0022221 secs] [Times: user=0.00 sys=0.00, real=0.01 secs] 
2020-10-29T14:48:43.145+0000: [GC (Allocation Failure) 2020-10-29T14:48:43.145+0000: [ParNew: 16388K->4K(18432K), 0.0021705 secs] 359515K->343131K(481108K), 0.0022524 secs] [Times: user=0.01 sys=0.00, real=0.00 secs] 
2020-10-29T14:48:43.162+0000: [GC (Allocation Failure) 2020-10-29T14:48:43.162+0000: [ParNew: 16388K->4K(18432K), 0.0021684 secs] 359515K->343131K(481108K), 0.0022278 secs] [Times: user=0.00 sys=0.01, real=0.01 secs] 
2020-10-29T14:48:43.180+0000: [GC (Allocation Failure) 2020-10-29T14:48:43.181+0000: [ParNew: 16388K->4K(18432K), 0.0021286 secs] 359515K->343131K(481108K), 0.0021869 secs] [Times: user=0.01 sys=0.00, real=0.00 secs] 
2020-10-29T14:48:43.198+0000: [GC (Allocation Failure) 2020-10-29T14:48:43.198+0000: [ParNew: 16388K->4K(18432K), 0.0021079 secs] 359515K->343131K(481108K), 0.0021653 secs] [Times: user=0.01 sys=0.00, real=0.00 secs] 
2020-10-29T14:48:43.215+0000: [GC (Allocation Failure) 2020-10-29T14:48:43.215+0000: [ParNew: 16388K->4K(18432K), 0.0020261 secs] 359515K->343131K(481108K), 0.0020815 secs] [Times: user=0.01 sys=0.00, real=0.00 secs] 
2020-10-29T14:48:43.232+0000: [GC (Allocation Failure) 2020-10-29T14:48:43.232+0000: [ParNew: 16388K->4K(18432K), 0.0019294 secs] 359515K->343131K(481108K), 0.0019838 secs] [Times: user=0.00 sys=0.00, real=0.01 secs] 
2020-10-29T14:48:43.252+0000: [GC (Allocation Failure) 2020-10-29T14:48:43.253+0000: [ParNew: 16388K->4K(18432K), 0.0021033 secs] 359515K->343131K(481108K), 0.0021615 secs] [Times: user=0.01 sys=0.00, real=0.00 secs] 
2020-10-29T14:48:43.272+0000: [GC (Allocation Failure) 2020-10-29T14:48:43.273+0000: [ParNew: 16388K->4K(18432K), 0.0020555 secs] 359515K->343131K(481108K), 0.0021126 secs] [Times: user=0.00 sys=0.00, real=0.00 secs] 
2020-10-29T14:48:43.289+0000: [GC (Allocation Failure) 2020-10-29T14:48:43.289+0000: [ParNew: 16388K->4K(18432K), 0.0020493 secs] 359515K->343131K(481108K), 0.0021058 secs] [Times: user=0.01 sys=0.00, real=0.00 secs] 
2020-10-29T14:48:43.306+0000: [GC (Allocation Failure) 2020-10-29T14:48:43.306+0000: [ParNew: 16388K->4K(18432K), 0.0020690 secs] 359515K->343131K(481108K), 0.0021232 secs] [Times: user=0.00 sys=0.00, real=0.00 secs] 
2020-10-29T14:48:43.323+0000: [GC (Allocation Failure) 2020-10-29T14:48:43.324+0000: [ParNew: 16388K->4K(18432K), 0.0020525 secs] 359515K->343131K(481108K), 0.0021099 secs] [Times: user=0.00 sys=0.00, real=0.01 secs] 
2020-10-29T14:48:43.341+0000: [GC (Allocation Failure) 2020-10-29T14:48:43.341+0000: [ParNew: 16388K->4K(18432K), 0.0019239 secs] 359515K->343131K(481108K), 0.0019760 secs] [Times: user=0.01 sys=0.00, real=0.00 secs] 
2020-10-29T14:48:43.360+0000: [GC (Allocation Failure) 2020-10-29T14:48:43.361+0000: [ParNew: 16388K->4K(18432K), 0.0019420 secs] 359515K->343131K(481108K), 0.0019955 secs] [Times: user=0.00 sys=0.00, real=0.00 secs] 
2020-10-29T14:48:43.379+0000: [GC (Allocation Failure) 2020-10-29T14:48:43.379+0000: [ParNew: 16388K->4K(18432K), 0.0020276 secs] 359515K->343131K(481108K), 0.0020844 secs] [Times: user=0.00 sys=0.00, real=0.00 secs] 
2020-10-29T14:48:43.396+0000: [GC (Allocation Failure) 2020-10-29T14:48:43.396+0000: [ParNew: 16388K->4K(18432K), 0.0020877 secs] 359515K->343131K(481108K), 0.0021468 secs] [Times: user=0.00 sys=0.00, real=0.00 secs] 
2020-10-29T14:48:43.416+0000: [GC (Allocation Failure) 2020-10-29T14:48:43.417+0000: [ParNew: 16388K->4K(18432K), 0.0020721 secs] 359515K->343131K(481108K), 0.0021277 secs] [Times: user=0.01 sys=0.00, real=0.00 secs] 
2020-10-29T14:48:43.434+0000: [GC (Allocation Failure) 2020-10-29T14:48:43.434+0000: [ParNew: 16388K->4K(18432K), 0.0021061 secs] 359515K->343131K(481108K), 0.0021653 secs] [Times: user=0.01 sys=0.00, real=0.00 secs] 
2020-10-29T14:48:43.451+0000: [GC (Allocation Failure) 2020-10-29T14:48:43.451+0000: [ParNew: 16388K->4K(18432K), 0.0021845 secs] 359515K->343131K(481108K), 0.0022569 secs] [Times: user=0.00 sys=0.00, real=0.01 secs] 
2020-10-29T14:48:43.468+0000: [GC (Allocation Failure) 2020-10-29T14:48:43.469+0000: [ParNew: 16388K->4K(18432K), 0.0021354 secs] 359515K->343131K(481108K), 0.0021946 secs] [Times: user=0.00 sys=0.00, real=0.00 secs] 
2020-10-29T14:48:43.486+0000: [GC (Allocation Failure) 2020-10-29T14:48:43.486+0000: [ParNew: 16388K->4K(18432K), 0.0021591 secs] 359515K->343131K(481108K), 0.0022190 secs] [Times: user=0.00 sys=0.00, real=0.00 secs] 
2020-10-29T14:48:43.503+0000: [GC (Allocation Failure) 2020-10-29T14:48:43.503+0000: [ParNew: 16388K->4K(18432K), 0.0021688 secs] 359515K->343131K(481108K), 0.0022293 secs] [Times: user=0.00 sys=0.00, real=0.01 secs] 
2020-10-29T14:48:43.521+0000: [GC (Allocation Failure) 2020-10-29T14:48:43.521+0000: [ParNew: 16388K->4K(18432K), 0.0022416 secs] 359515K->343131K(481108K), 0.0023007 secs] [Times: user=0.01 sys=0.00, real=0.00 secs] 
2020-10-29T14:48:43.538+0000: [GC (Allocation Failure) 2020-10-29T14:48:43.538+0000: [ParNew: 16388K->4K(18432K), 0.0020012 secs] 359515K->343131K(481108K), 0.0020567 secs] [Times: user=0.00 sys=0.00, real=0.00 secs] 
2020-10-29T14:48:43.557+0000: [GC (Allocation Failure) 2020-10-29T14:48:43.557+0000: [ParNew: 16388K->4K(18432K), 0.0021949 secs] 359515K->343131K(481108K), 0.0022553 secs] [Times: user=0.00 sys=0.00, real=0.00 secs] 
2020-10-29T14:48:43.577+0000: [GC (Allocation Failure) 2020-10-29T14:48:43.577+0000: [ParNew: 16388K->4K(18432K), 0.0021727 secs] 359515K->343131K(481108K), 0.0022305 secs] [Times: user=0.01 sys=0.00, real=0.00 secs] 
2020-10-29T14:48:43.594+0000: [GC (Allocation Failure) 2020-10-29T14:48:43.594+0000: [ParNew: 16388K->4K(18432K), 0.0020094 secs] 359515K->343131K(481108K), 0.0020650 secs] [Times: user=0.00 sys=0.00, real=0.00 secs] 
2020-10-29T14:48:43.611+0000: [GC (Allocation Failure) 2020-10-29T14:48:43.611+0000: [ParNew: 16388K->4K(18432K), 0.0020295 secs] 359515K->343131K(481108K), 0.0020939 secs] [Times: user=0.00 sys=0.00, real=0.01 secs] 
2020-10-29T14:48:43.628+0000: [GC (Allocation Failure) 2020-10-29T14:48:43.628+0000: [ParNew: 16388K->4K(18432K), 0.0020499 secs] 359515K->343131K(481108K), 0.0021054 secs] [Times: user=0.01 sys=0.00, real=0.00 secs] 
2020-10-29T14:48:43.645+0000: [GC (Allocation Failure) 2020-10-29T14:48:43.645+0000: [ParNew: 16388K->4K(18432K), 0.0019193 secs] 359515K->343131K(481108K), 0.0019742 secs] [Times: user=0.00 sys=0.00, real=0.00 secs] 
2020-10-29T14:48:43.664+0000: [GC (Allocation Failure) 2020-10-29T14:48:43.665+0000: [ParNew: 16388K->4K(18432K), 0.0020072 secs] 359515K->343132K(481108K), 0.0020799 secs] [Times: user=0.00 sys=0.00, real=0.00 secs] 
2020-10-29T14:48:43.684+0000: [GC (Allocation Failure) 2020-10-29T14:48:43.685+0000: [ParNew: 16388K->4K(18432K), 0.0020819 secs] 359516K->343132K(481108K), 0.0021377 secs] [Times: user=0.01 sys=0.00, real=0.00 secs] 
2020-10-29T14:48:43.705+0000: [GC (Allocation Failure) 2020-10-29T14:48:43.705+0000: [ParNew: 16388K->4K(18432K), 0.0021364 secs] 359516K->343132K(481108K), 0.0021954 secs] [Times: user=0.01 sys=0.00, real=0.00 secs] 
2020-10-29T14:48:43.725+0000: [GC (Allocation Failure) 2020-10-29T14:48:43.725+0000: [ParNew: 16388K->4K(18432K), 0.0020762 secs] 359516K->343132K(481108K), 0.0021328 secs] [Times: user=0.00 sys=0.00, real=0.00 secs] 
2020-10-29T14:48:43.742+0000: [GC (Allocation Failure) 2020-10-29T14:48:43.742+0000: [ParNew: 16388K->4K(18432K), 0.0022359 secs] 359516K->343132K(481108K), 0.0023079 secs] [Times: user=0.00 sys=0.00, real=0.00 secs] 
2020-10-29T14:48:43.761+0000: [GC (Allocation Failure) 2020-10-29T14:48:43.761+0000: [ParNew: 16388K->4K(18432K), 0.0021811 secs] 359516K->343132K(481108K), 0.0022404 secs] [Times: user=0.01 sys=0.00, real=0.00 secs] 
2020-10-29T14:48:43.778+0000: [GC (Allocation Failure) 2020-10-29T14:48:43.778+0000: [ParNew: 16388K->4K(18432K), 0.0018804 secs] 359516K->343132K(481108K), 0.0019495 secs] [Times: user=0.01 sys=0.00, real=0.00 secs] 
2020-10-29T14:48:43.795+0000: [GC (Allocation Failure) 2020-10-29T14:48:43.795+0000: [ParNew: 16388K->4K(18432K), 0.0018466 secs] 359516K->343132K(481108K), 0.0018993 secs] [Times: user=0.01 sys=0.00, real=0.00 secs] 
2020-10-29T14:48:43.811+0000: [GC (Allocation Failure) 2020-10-29T14:48:43.811+0000: [ParNew: 16388K->4K(18432K), 0.0020261 secs] 359516K->343132K(481108K), 0.0020817 secs] [Times: user=0.00 sys=0.00, real=0.01 secs] 
2020-10-29T14:48:43.829+0000: [GC (Allocation Failure) 2020-10-29T14:48:43.829+0000: [ParNew: 16388K->4K(18432K), 0.0019373 secs] 359516K->343132K(481108K), 0.0020006 secs] [Times: user=0.00 sys=0.00, real=0.00 secs] 
2020-10-29T14:48:43.848+0000: [GC (Allocation Failure) 2020-10-29T14:48:43.849+0000: [ParNew: 16388K->4K(18432K), 0.0021316 secs] 359516K->343132K(481108K), 0.0021901 secs] [Times: user=0.01 sys=0.00, real=0.00 secs] 
2020-10-29T14:48:43.868+0000: [GC (Allocation Failure) 2020-10-29T14:48:43.869+0000: [ParNew: 16388K->4K(18432K), 0.0020167 secs] 359516K->343132K(481108K), 0.0020730 secs] [Times: user=0.01 sys=0.00, real=0.00 secs] 
2020-10-29T14:48:43.885+0000: [GC (Allocation Failure) 2020-10-29T14:48:43.885+0000: [ParNew: 16388K->4K(18432K), 0.0018837 secs] 359516K->343132K(481108K), 0.0019360 secs] [Times: user=0.00 sys=0.00, real=0.00 secs] 
2020-10-29T14:48:43.902+0000: [GC (Allocation Failure) 2020-10-29T14:48:43.902+0000: [ParNew: 16388K->4K(18432K), 0.0020127 secs] 359516K->343132K(481108K), 0.0020701 secs] [Times: user=0.00 sys=0.00, real=0.01 secs] 
2020-10-29T14:48:43.919+0000: [GC (Allocation Failure) 2020-10-29T14:48:43.919+0000: [ParNew: 16388K->4K(18432K), 0.0019215 secs] 359516K->343132K(481108K), 0.0019739 secs] [Times: user=0.00 sys=0.00, real=0.00 secs] 
2020-10-29T14:48:43.937+0000: [GC (Allocation Failure) 2020-10-29T14:48:43.937+0000: [ParNew: 16388K->4K(18432K), 0.0019902 secs] 359516K->343132K(481108K), 0.0020459 secs] [Times: user=0.00 sys=0.00, real=0.00 secs] 
2020-10-29T14:48:43.956+0000: [GC (Allocation Failure) 2020-10-29T14:48:43.957+0000: [ParNew: 16388K->4K(18432K), 0.0019567 secs] 359516K->343132K(481108K), 0.0020097 secs] [Times: user=0.01 sys=0.00, real=0.00 secs] 
2020-10-29T14:48:43.976+0000: [GC (Allocation Failure) 2020-10-29T14:48:43.977+0000: [ParNew: 16388K->4K(18432K), 0.0020518 secs] 359516K->343132K(481108K), 0.0021081 secs] [Times: user=0.00 sys=0.00, real=0.00 secs] 
2020-10-29T14:48:43.993+0000: [GC (Allocation Failure) 2020-10-29T14:48:43.993+0000: [ParNew: 16388K->4K(18432K), 0.0020959 secs] 359516K->343132K(481108K), 0.0021544 secs] [Times: user=0.01 sys=0.00, real=0.00 secs] 
2020-10-29T14:48:44.011+0000: [GC (Allocation Failure) 2020-10-29T14:48:44.011+0000: [ParNew: 16388K->4K(18432K), 0.0020047 secs] 359516K->343132K(481108K), 0.0020601 secs] [Times: user=0.01 sys=0.00, real=0.01 secs] 
2020-10-29T14:48:44.028+0000: [GC (Allocation Failure) 2020-10-29T14:48:44.028+0000: [ParNew: 16388K->4K(18432K), 0.0021023 secs] 359516K->343132K(481108K), 0.0021591 secs] [Times: user=0.01 sys=0.00, real=0.00 secs] 
2020-10-29T14:48:44.049+0000: [GC (Allocation Failure) 2020-10-29T14:48:44.049+0000: [ParNew: 16388K->4K(18432K), 0.0021542 secs] 359516K->343132K(481108K), 0.0022144 secs] [Times: user=0.00 sys=0.00, real=0.00 secs] 
2020-10-29T14:48:44.066+0000: [GC (Allocation Failure) 2020-10-29T14:48:44.066+0000: [ParNew: 16388K->4K(18432K), 0.0020544 secs] 359516K->343132K(481108K), 0.0021169 secs] [Times: user=0.00 sys=0.00, real=0.00 secs] 
2020-10-29T14:48:44.083+0000: [GC (Allocation Failure) 2020-10-29T14:48:44.083+0000: [ParNew: 16388K->4K(18432K), 0.0020249 secs] 359516K->343132K(481108K), 0.0020802 secs] [Times: user=0.01 sys=0.00, real=0.01 secs] 
2020-10-29T14:48:44.104+0000: [GC (Allocation Failure) 2020-10-29T14:48:44.104+0000: [ParNew: 16388K->4K(18432K), 0.0019437 secs] 359516K->343132K(481108K), 0.0019987 secs] [Times: user=0.00 sys=0.00, real=0.01 secs] 
2020-10-29T14:48:44.121+0000: [GC (Allocation Failure) 2020-10-29T14:48:44.121+0000: [ParNew: 16388K->4K(18432K), 0.0019660 secs] 359516K->343132K(481108K), 0.0020304 secs] [Times: user=0.01 sys=0.00, real=0.00 secs] 
2020-10-29T14:48:44.138+0000: [GC (Allocation Failure) 2020-10-29T14:48:44.138+0000: [ParNew: 16388K->4K(18432K), 0.0020549 secs] 359516K->343132K(481108K), 0.0021225 secs] [Times: user=0.00 sys=0.00, real=0.00 secs] 
2020-10-29T14:48:44.157+0000: [GC (Allocation Failure) 2020-10-29T14:48:44.157+0000: [ParNew: 16388K->4K(18432K), 0.0021080 secs] 359516K->343132K(481108K), 0.0021671 secs] [Times: user=0.00 sys=0.00, real=0.00 secs] 
2020-10-29T14:48:44.174+0000: [GC (Allocation Failure) 2020-10-29T14:48:44.174+0000: [ParNew: 16388K->4K(18432K), 0.0020072 secs] 359516K->343132K(481108K), 0.0020642 secs] [Times: user=0.00 sys=0.00, real=0.00 secs] 
2020-10-29T14:48:44.193+0000: [GC (Allocation Failure) 2020-10-29T14:48:44.193+0000: [ParNew: 16388K->4K(18432K), 0.0021423 secs] 359516K->343132K(481108K), 0.0022014 secs] [Times: user=0.01 sys=0.00, real=0.00 secs] 
2020-10-29T14:48:44.211+0000: [GC (Allocation Failure) 2020-10-29T14:48:44.211+0000: [ParNew: 16388K->4K(18432K), 0.0021696 secs] 359516K->343132K(481108K), 0.0022306 secs] [Times: user=0.01 sys=0.00, real=0.01 secs] 
2020-10-29T14:48:44.230+0000: [GC (Allocation Failure) 2020-10-29T14:48:44.231+0000: [ParNew: 16388K->4K(18432K), 0.0021882 secs] 359516K->343132K(481108K), 0.0022397 secs] [Times: user=0.00 sys=0.00, real=0.01 secs] 
2020-10-29T14:48:44.248+0000: [GC (Allocation Failure) 2020-10-29T14:48:44.248+0000: [ParNew: 16388K->4K(18432K), 0.0020951 secs] 359516K->343132K(481108K), 0.0021536 secs] [Times: user=0.00 sys=0.00, real=0.00 secs] 
2020-10-29T14:48:44.265+0000: [GC (Allocation Failure) 2020-10-29T14:48:44.265+0000: [ParNew: 16388K->4K(18432K), 0.0021590 secs] 359516K->343132K(481108K), 0.0022204 secs] [Times: user=0.00 sys=0.00, real=0.00 secs] 
2020-10-29T14:48:44.285+0000: [GC (Allocation Failure) 2020-10-29T14:48:44.285+0000: [ParNew: 16388K->4K(18432K), 0.0021521 secs] 359516K->343132K(481108K), 0.0022124 secs] [Times: user=0.00 sys=0.00, real=0.00 secs] 
2020-10-29T14:48:44.302+0000: [GC (Allocation Failure) 2020-10-29T14:48:44.302+0000: [ParNew: 16388K->4K(18432K), 0.0021086 secs] 359516K->343132K(481108K), 0.0021666 secs] [Times: user=0.00 sys=0.00, real=0.00 secs] 
2020-10-29T14:48:44.319+0000: [GC (Allocation Failure) 2020-10-29T14:48:44.319+0000: [ParNew: 16388K->4K(18432K), 0.0020408 secs] 359516K->343132K(481108K), 0.0021018 secs] [Times: user=0.00 sys=0.00, real=0.00 secs] 
2020-10-29T14:48:44.337+0000: [GC (Allocation Failure) 2020-10-29T14:48:44.337+0000: [ParNew: 16388K->4K(18432K), 0.0021016 secs] 359516K->343132K(481108K), 0.0021589 secs] [Times: user=0.00 sys=0.00, real=0.00 secs] 
2020-10-29T14:48:44.357+0000: [GC (Allocation Failure) 2020-10-29T14:48:44.357+0000: [ParNew: 16388K->4K(18432K), 0.0020480 secs] 359516K->343132K(481108K), 0.0021046 secs] [Times: user=0.01 sys=0.00, real=0.00 secs] 
2020-10-29T14:48:44.374+0000: [GC (Allocation Failure) 2020-10-29T14:48:44.374+0000: [ParNew: 16388K->4K(18432K), 0.0020918 secs] 359516K->343132K(481108K), 0.0021522 secs] [Times: user=0.01 sys=0.00, real=0.00 secs] 
2020-10-29T14:48:44.392+0000: [GC (Allocation Failure) 2020-10-29T14:48:44.393+0000: [ParNew: 16388K->4K(18432K), 0.0021234 secs] 359516K->343132K(481108K), 0.0021828 secs] [Times: user=0.00 sys=0.00, real=0.00 secs] 
2020-10-29T14:48:44.413+0000: [GC (Allocation Failure) 2020-10-29T14:48:44.413+0000: [ParNew: 16388K->4K(18432K), 0.0020646 secs] 359516K->343132K(481108K), 0.0021226 secs] [Times: user=0.00 sys=0.00, real=0.00 secs] 
2020-10-29T14:48:44.430+0000: [GC (Allocation Failure) 2020-10-29T14:48:44.430+0000: [ParNew: 16388K->4K(18432K), 0.0020349 secs] 359516K->343132K(481108K), 0.0020915 secs] [Times: user=0.00 sys=0.00, real=0.00 secs] 
2020-10-29T14:48:44.448+0000: [GC (Allocation Failure) 2020-10-29T14:48:44.449+0000: [ParNew: 16388K->4K(18432K), 0.0020828 secs] 359516K->343132K(481108K), 0.0021419 secs] [Times: user=0.00 sys=0.00, real=0.00 secs] 
2020-10-29T14:48:44.469+0000: [GC (Allocation Failure) 2020-10-29T14:48:44.469+0000: [ParNew: 16388K->4K(18432K), 0.0021046 secs] 359516K->343132K(481108K), 0.0021626 secs] [Times: user=0.00 sys=0.00, real=0.00 secs] 
2020-10-29T14:48:44.488+0000: [GC (Allocation Failure) 2020-10-29T14:48:44.489+0000: [ParNew: 16388K->4K(18432K), 0.0020784 secs] 359516K->343132K(481108K), 0.0021348 secs] [Times: user=0.00 sys=0.00, real=0.00 secs] 
2020-10-29T14:48:44.508+0000: [GC (Allocation Failure) 2020-10-29T14:48:44.509+0000: [ParNew: 16388K->4K(18432K), 0.0021666 secs] 359516K->343132K(481108K), 0.0022278 secs] [Times: user=0.01 sys=0.00, real=0.00 secs] 
2020-10-29T14:48:44.528+0000: [GC (Allocation Failure) 2020-10-29T14:48:44.529+0000: [ParNew: 16388K->4K(18432K), 0.0020986 secs] 359516K->343132K(481108K), 0.0021562 secs] [Times: user=0.00 sys=0.00, real=0.00 secs] 
2020-10-29T14:48:44.548+0000: [GC (Allocation Failure) 2020-10-29T14:48:44.549+0000: [ParNew: 16388K->4K(18432K), 0.0020997 secs] 359516K->343132K(481108K), 0.0021575 secs] [Times: user=0.00 sys=0.00, real=0.00 secs] 
2020-10-29T14:48:44.568+0000: [GC (Allocation Failure) 2020-10-29T14:48:44.569+0000: [ParNew: 16388K->4K(18432K), 0.0020211 secs] 359516K->343132K(481108K), 0.0020769 secs] [Times: user=0.01 sys=0.00, real=0.00 secs] 
2020-10-29T14:48:44.589+0000: [GC (Allocation Failure) 2020-10-29T14:48:44.589+0000: [ParNew: 16388K->4K(18432K), 0.0021370 secs] 359516K->343132K(481108K), 0.0021959 secs] [Times: user=0.00 sys=0.00, real=0.00 secs] 
2020-10-29T14:48:44.606+0000: [GC (Allocation Failure) 2020-10-29T14:48:44.606+0000: [ParNew: 16388K->4K(18432K), 0.0020909 secs] 359516K->343132K(481108K), 0.0021488 secs] [Times: user=0.01 sys=0.00, real=0.00 secs] 
2020-10-29T14:48:44.623+0000: [GC (Allocation Failure) 2020-10-29T14:48:44.623+0000: [ParNew: 16388K->4K(18432K), 0.0021284 secs] 359516K->343132K(481108K), 0.0021872 secs] [Times: user=0.01 sys=0.00, real=0.01 secs] 
2020-10-29T14:48:44.640+0000: [GC (Allocation Failure) 2020-10-29T14:48:44.641+0000: [ParNew: 16388K->4K(18432K), 0.0020293 secs] 359516K->343132K(481108K), 0.0020835 secs] [Times: user=0.00 sys=0.00, real=0.00 secs] 
2020-10-29T14:48:44.658+0000: [GC (Allocation Failure) 2020-10-29T14:48:44.658+0000: [ParNew: 16388K->4K(18432K), 0.0020127 secs] 359516K->343132K(481108K), 0.0020670 secs] [Times: user=0.00 sys=0.00, real=0.00 secs] 
2020-10-29T14:48:44.675+0000: [GC (Allocation Failure) 2020-10-29T14:48:44.675+0000: [ParNew: 16388K->4K(18432K), 0.0019874 secs] 359516K->343132K(481108K), 0.0020415 secs] [Times: user=0.01 sys=0.00, real=0.00 secs] 
2020-10-29T14:48:44.692+0000: [GC (Allocation Failure) 2020-10-29T14:48:44.692+0000: [ParNew: 16388K->4K(18432K), 0.0020912 secs] 359516K->343132K(481108K), 0.0021491 secs] [Times: user=0.00 sys=0.00, real=0.01 secs] 
2020-10-29T14:48:44.712+0000: [GC (Allocation Failure) 2020-10-29T14:48:44.713+0000: [ParNew: 16388K->4K(18432K), 0.0020356 secs] 359516K->343132K(481108K), 0.0020911 secs] [Times: user=0.00 sys=0.00, real=0.00 secs] 
2020-10-29T14:48:44.732+0000: [GC (Allocation Failure) 2020-10-29T14:48:44.733+0000: [ParNew: 16388K->4K(18432K), 0.0020403 secs] 359516K->343132K(481108K), 0.0020962 secs] [Times: user=0.00 sys=0.00, real=0.00 secs] 
2020-10-29T14:48:44.752+0000: [GC (Allocation Failure) 2020-10-29T14:48:44.753+0000: [ParNew: 16388K->4K(18432K), 0.0020341 secs] 359516K->343132K(481108K), 0.0020892 secs] [Times: user=0.01 sys=0.00, real=0.00 secs] 
2020-10-29T14:48:44.772+0000: [GC (Allocation Failure) 2020-10-29T14:48:44.773+0000: [ParNew: 16388K->4K(18432K), 0.0019991 secs] 359516K->343132K(481108K), 0.0020576 secs] [Times: user=0.00 sys=0.00, real=0.00 secs] 
2020-10-29T14:48:44.789+0000: [GC (Allocation Failure) 2020-10-29T14:48:44.789+0000: [ParNew: 16388K->4K(18432K), 0.0019875 secs] 359516K->343132K(481108K), 0.0020414 secs] [Times: user=0.01 sys=0.00, real=0.00 secs] 
2020-10-29T14:48:44.808+0000: [GC (Allocation Failure) 2020-10-29T14:48:44.809+0000: [ParNew: 16388K->4K(18432K), 0.0020475 secs] 359516K->343132K(481108K), 0.0021039 secs] [Times: user=0.00 sys=0.00, real=0.00 secs] 
2020-10-29T14:48:44.826+0000: [GC (Allocation Failure) 2020-10-29T14:48:44.826+0000: [ParNew: 16388K->4K(18432K), 0.0020612 secs] 359516K->343132K(481108K), 0.0021272 secs] [Times: user=0.00 sys=0.00, real=0.00 secs] 
 CMS: abort preclean due to time 2020-10-29T14:48:44.829+0000: [CMS-concurrent-abortable-preclean: 0.316/5.007 secs] [Times: user=9.04 sys=0.35, real=5.01 secs] 
2020-10-29T14:48:44.830+0000: [GC (CMS Final Remark) [YG occupancy: 1152 K (18432 K)]2020-10-29T14:48:44.830+0000: [Rescan (parallel) , 0.0017931 secs]2020-10-29T14:48:44.831+0000: [weak refs processing, 0.0001128 secs]2020-10-29T14:48:44.832+0000: [class unloading, 0.0091511 secs]2020-10-29T14:48:44.841+0000: [scrub symbol table, 0.0095681 secs]2020-10-29T14:48:44.850+0000: [scrub string table, 0.0006311 secs][1 CMS-remark: 343128K(462676K)] 344280K(481108K), 0.0213864 secs] [Times: user=0.03 sys=0.00, real=0.02 secs] 
2020-10-29T14:48:44.851+0000: [CMS-concurrent-sweep-start]
2020-10-29T14:48:44.871+0000: [GC (Allocation Failure) 2020-10-29T14:48:44.871+0000: [ParNew: 16388K->4K(18432K), 0.0022252 secs] 339140K->322756K(481108K), 0.0022846 secs] [Times: user=0.00 sys=0.00, real=0.01 secs] 
2020-10-29T14:48:44.882+0000: [CMS-concurrent-sweep: 0.021/0.031 secs] [Times: user=0.06 sys=0.00, real=0.03 secs] 
2020-10-29T14:48:44.882+0000: [CMS-concurrent-reset-start]
2020-10-29T14:48:44.884+0000: [CMS-concurrent-reset: 0.002/0.002 secs] [Times: user=0.00 sys=0.00, real=0.00 secs] 
2020-10-29T14:48:44.893+0000: [GC (Allocation Failure) 2020-10-29T14:48:44.893+0000: [ParNew: 16388K->4K(18432K), 0.0021724 secs] 255032K->238648K(481108K), 0.0022238 secs] [Times: user=0.00 sys=0.00, real=0.00 secs] 
2020-10-29T14:48:44.909+0000: [GC (Allocation Failure) 2020-10-29T14:48:44.909+0000: [ParNew: 16388K->4K(18432K), 0.0021092 secs] 255032K->238648K(481108K), 0.0021662 secs] [Times: user=0.00 sys=0.00, real=0.00 secs] 
2020-10-29T14:48:44.926+0000: [GC (Allocation Failure) 2020-10-29T14:48:44.926+0000: [ParNew: 16388K->4K(18432K), 0.0021611 secs] 255032K->238648K(481108K), 0.0022193 secs] [Times: user=0.00 sys=0.00, real=0.00 secs] 
2020-10-29T14:48:44.942+0000: [GC (Allocation Failure) 2020-10-29T14:48:44.942+0000: [ParNew: 16388K->4K(18432K), 0.0021547 secs] 255032K->238648K(481108K), 0.0022130 secs] [Times: user=0.00 sys=0.00, real=0.01 secs] 
2020-10-29T14:48:44.959+0000: [GC (Allocation Failure) 2020-10-29T14:48:44.959+0000: [ParNew: 16388K->4K(18432K), 0.0021656 secs] 255032K->238648K(481108K), 0.0022218 secs] [Times: user=0.00 sys=0.00, real=0.00 secs] 
2020-10-29T14:48:44.975+0000: [GC (Allocation Failure) 2020-10-29T14:48:44.975+0000: [ParNew: 16388K->4K(18432K), 0.0021296 secs] 255032K->238648K(481108K), 0.0021860 secs] [Times: user=0.01 sys=0.00, real=0.00 secs] 
2020-10-29T14:48:44.992+0000: [GC (Allocation Failure) 2020-10-29T14:48:44.992+0000: [ParNew: 16388K->4K(18432K), 0.0021414 secs] 255032K->238648K(481108K), 0.0021963 secs] [Times: user=0.00 sys=0.00, real=0.01 secs] 
2020-10-29T14:48:45.012+0000: [GC (Allocation Failure) 2020-10-29T14:48:45.012+0000: [ParNew: 16388K->4K(18432K), 0.0021156 secs] 255032K->238648K(481108K), 0.0021956 secs] [Times: user=0.00 sys=0.00, real=0.01 secs] 
2020-10-29T14:48:45.032+0000: [GC (Allocation Failure) 2020-10-29T14:48:45.033+0000: [ParNew: 16388K->4K(18432K), 0.0020626 secs] 255032K->238648K(481108K), 0.0021159 secs] [Times: user=0.00 sys=0.00, real=0.00 secs] 
2020-10-29T14:48:45.052+0000: [GC (Allocation Failure) 2020-10-29T14:48:45.052+0000: [ParNew: 16388K->4K(18432K), 0.0019990 secs] 255032K->238648K(481108K), 0.0020475 secs] [Times: user=0.01 sys=0.00, real=0.00 secs] 
2020-10-29T14:48:45.072+0000: [GC (Allocation Failure) 2020-10-29T14:48:45.073+0000: [ParNew: 16388K->4K(18432K), 0.0020591 secs] 255032K->238648K(481108K), 0.0021123 secs] [Times: user=0.00 sys=0.00, real=0.00 secs] 
2020-10-29T14:48:45.089+0000: [GC (Allocation Failure) 2020-10-29T14:48:45.089+0000: [ParNew: 16388K->4K(18432K), 0.0020567 secs] 255032K->238648K(481108K), 0.0021114 secs] [Times: user=0.00 sys=0.00, real=0.00 secs] 
2020-10-29T14:48:45.105+0000: [GC (Allocation Failure) 2020-10-29T14:48:45.105+0000: [ParNew: 16388K->4K(18432K), 0.0020613 secs] 255032K->238648K(481108K), 0.0021227 secs] [Times: user=0.00 sys=0.00, real=0.00 secs] 
2020-10-29T14:48:45.121+0000: [GC (Allocation Failure) 2020-10-29T14:48:45.121+0000: [ParNew: 16388K->4K(18432K), 0.0020106 secs] 255032K->238648K(481108K), 0.0020624 secs] [Times: user=0.01 sys=0.00, real=0.00 secs] 
2020-10-29T14:48:45.138+0000: [GC (Allocation Failure) 2020-10-29T14:48:45.138+0000: [ParNew: 16388K->4K(18432K), 0.0020880 secs] 255032K->238648K(481108K), 0.0021456 secs] [Times: user=0.01 sys=0.00, real=0.00 secs] 
2020-10-29T14:48:45.156+0000: [GC (Allocation Failure) 2020-10-29T14:48:45.157+0000: [ParNew: 16388K->4K(18432K), 0.0020912 secs] 255032K->238648K(481108K), 0.0021459 secs] [Times: user=0.00 sys=0.00, real=0.00 secs] 
2020-10-29T14:48:45.173+0000: [GC (Allocation Failure) 2020-10-29T14:48:45.173+0000: [ParNew: 16388K->4K(18432K), 0.0019624 secs] 255032K->238648K(481108K), 0.0020137 secs] [Times: user=0.00 sys=0.00, real=0.00 secs] 
2020-10-29T14:48:45.189+0000: [GC (Allocation Failure) 2020-10-29T14:48:45.189+0000: [ParNew: 16388K->4K(18432K), 0.0020006 secs] 255032K->238648K(481108K), 0.0020546 secs] [Times: user=0.00 sys=0.00, real=0.00 secs] 
2020-10-29T14:48:45.208+0000: [GC (Allocation Failure) 2020-10-29T14:48:45.209+0000: [ParNew: 16388K->4K(18432K), 0.0020460 secs] 255032K->238648K(481108K), 0.0021005 secs] [Times: user=0.01 sys=0.00, real=0.00 secs] 
2020-10-29T14:48:45.228+0000: [GC (Allocation Failure) 2020-10-29T14:48:45.229+0000: [ParNew: 16388K->4K(18432K), 0.0021346 secs] 255032K->238648K(481108K), 0.0021882 secs] [Times: user=0.00 sys=0.00, real=0.00 secs] 
2020-10-29T14:48:45.245+0000: [GC (Allocation Failure) 2020-10-29T14:48:45.245+0000: [ParNew: 16388K->4K(18432K), 0.0019664 secs] 255032K->238648K(481108K), 0.0020175 secs] [Times: user=0.01 sys=0.00, real=0.00 secs] 
2020-10-29T14:48:45.261+0000: [GC (Allocation Failure) 2020-10-29T14:48:45.261+0000: [ParNew: 16388K->4K(18432K), 0.0020532 secs] 255032K->238648K(481108K), 0.0021051 secs] [Times: user=0.01 sys=0.00, real=0.00 secs] 
2020-10-29T14:48:45.271+0000: [GC (Allocation Failure) 2020-10-29T14:48:45.271+0000: [ParNew: 16388K->4K(18432K), 0.0026271 secs] 255032K->246840K(481108K), 0.0026720 secs] [Times: user=0.01 sys=0.00, real=0.01 secs] 
2020-10-29T14:48:45.274+0000: [GC (CMS Initial Mark) [1 CMS-initial-mark: 246836K(462676K)] 247033K(481108K), 0.0013550 secs] [Times: user=0.00 sys=0.00, real=0.00 secs] 
2020-10-29T14:48:45.275+0000: [CMS-concurrent-mark-start]
2020-10-29T14:48:45.295+0000: [GC (Allocation Failure) 2020-10-29T14:48:45.295+0000: [ParNew: 16388K->4K(18432K), 0.0021500 secs] 263224K->246840K(481108K), 0.0022087 secs] [Times: user=0.00 sys=0.00, real=0.00 secs] 
2020-10-29T14:48:45.316+0000: [GC (Allocation Failure) 2020-10-29T14:48:45.317+0000: [ParNew: 16388K->4K(18432K), 0.0021413 secs] 263224K->246840K(481108K), 0.0022007 secs] [Times: user=0.00 sys=0.00, real=0.00 secs] 
2020-10-29T14:48:45.338+0000: [GC (Allocation Failure) 2020-10-29T14:48:45.338+0000: [ParNew: 16388K->4K(18432K), 0.0022142 secs] 263224K->246840K(481108K), 0.0022792 secs] [Times: user=0.01 sys=0.00, real=0.00 secs] 
2020-10-29T14:48:45.359+0000: [GC (Allocation Failure) 2020-10-29T14:48:45.359+0000: [ParNew: 16388K->4K(18432K), 0.0021380 secs] 263224K->246840K(481108K), 0.0022049 secs] [Times: user=0.01 sys=0.00, real=0.00 secs] 
2020-10-29T14:48:45.380+0000: [CMS-concurrent-mark: 0.093/0.104 secs] [Times: user=0.20 sys=0.00, real=0.10 secs] 
2020-10-29T14:48:45.380+0000: [GC (Allocation Failure) 2020-10-29T14:48:45.380+0000: [ParNew: 16388K->4K(18432K), 0.0022004 secs] 263224K->246840K(481108K), 0.0022442 secs] [Times: user=0.01 sys=0.00, real=0.00 secs] 
2020-10-29T14:48:45.384+0000: [CMS-concurrent-preclean-start]
2020-10-29T14:48:45.386+0000: [CMS-concurrent-preclean: 0.001/0.001 secs] [Times: user=0.00 sys=0.00, real=0.01 secs] 
2020-10-29T14:48:45.386+0000: [CMS-concurrent-abortable-preclean-start]
2020-10-29T14:48:45.400+0000: [GC (Allocation Failure) 2020-10-29T14:48:45.401+0000: [ParNew: 16388K->4K(18432K), 0.0021112 secs] 263224K->246840K(481108K), 0.0021688 secs] [Times: user=0.00 sys=0.00, real=0.00 secs] 
2020-10-29T14:48:45.418+0000: [GC (Allocation Failure) 2020-10-29T14:48:45.418+0000: [ParNew: 16388K->4K(18432K), 0.0018411 secs] 263224K->246840K(481108K), 0.0018939 secs] [Times: user=0.01 sys=0.00, real=0.00 secs] 
2020-10-29T14:48:45.435+0000: [GC (Allocation Failure) 2020-10-29T14:48:45.435+0000: [ParNew: 16388K->4K(18432K), 0.0021123 secs] 263224K->246840K(481108K), 0.0021730 secs] [Times: user=0.00 sys=0.00, real=0.00 secs] 
2020-10-29T14:48:45.452+0000: [GC (Allocation Failure) 2020-10-29T14:48:45.453+0000: [ParNew: 16388K->4K(18432K), 0.0019956 secs] 263224K->246840K(481108K), 0.0020505 secs] [Times: user=0.00 sys=0.00, real=0.00 secs] 
2020-10-29T14:48:45.472+0000: [GC (Allocation Failure) 2020-10-29T14:48:45.473+0000: [ParNew: 16388K->4K(18432K), 0.0020057 secs] 263224K->246840K(481108K), 0.0020623 secs] [Times: user=0.00 sys=0.00, real=0.00 secs] 
2020-10-29T14:48:45.492+0000: [GC (Allocation Failure) 2020-10-29T14:48:45.493+0000: [ParNew: 16388K->4K(18432K), 0.0021047 secs] 263224K->246840K(481108K), 0.0021616 secs] [Times: user=0.01 sys=0.00, real=0.00 secs] 
2020-10-29T14:48:45.512+0000: [GC (Allocation Failure) 2020-10-29T14:48:45.513+0000: [ParNew: 16388K->4K(18432K), 0.0021369 secs] 263224K->246840K(481108K), 0.0021963 secs] [Times: user=0.01 sys=0.00, real=0.00 secs] 
2020-10-29T14:48:45.529+0000: [GC (Allocation Failure) 2020-10-29T14:48:45.529+0000: [ParNew: 16388K->4K(18432K), 0.0021159 secs] 263224K->246840K(481108K), 0.0021754 secs] [Times: user=0.01 sys=0.01, real=0.00 secs] 
2020-10-29T14:48:45.547+0000: [GC (Allocation Failure) 2020-10-29T14:48:45.547+0000: [ParNew: 16388K->4K(18432K), 0.0021925 secs] 263224K->246840K(481108K), 0.0022541 secs] [Times: user=0.00 sys=0.00, real=0.00 secs] 
2020-10-29T14:48:45.568+0000: [GC (Allocation Failure) 2020-10-29T14:48:45.568+0000: [ParNew: 16388K->4K(18432K), 0.0021283 secs] 263224K->246840K(481108K), 0.0021874 secs] [Times: user=0.00 sys=0.00, real=0.00 secs] 
2020-10-29T14:48:45.586+0000: [GC (Allocation Failure) 2020-10-29T14:48:45.586+0000: [ParNew: 16388K->4K(18432K), 0.0021145 secs] 263224K->246840K(481108K), 0.0021893 secs] [Times: user=0.00 sys=0.00, real=0.00 secs] 
2020-10-29T14:48:45.603+0000: [GC (Allocation Failure) 2020-10-29T14:48:45.603+0000: [ParNew: 16388K->4K(18432K), 0.0021399 secs] 263224K->246840K(481108K), 0.0021973 secs] [Times: user=0.01 sys=0.00, real=0.01 secs] 
2020-10-29T14:48:45.624+0000: [GC (Allocation Failure) 2020-10-29T14:48:45.624+0000: [ParNew: 16388K->4K(18432K), 0.0020611 secs] 263224K->246840K(481108K), 0.0021178 secs] [Times: user=0.00 sys=0.00, real=0.01 secs] 
2020-10-29T14:48:45.642+0000: [GC (Allocation Failure) 2020-10-29T14:48:45.642+0000: [ParNew: 16388K->4K(18432K), 0.0021505 secs] 263224K->246840K(481108K), 0.0022128 secs] [Times: user=0.00 sys=0.00, real=0.00 secs] 
2020-10-29T14:48:45.661+0000: [GC (Allocation Failure) 2020-10-29T14:48:45.661+0000: [ParNew: 16388K->4K(18432K), 0.0021729 secs] 263224K->246840K(481108K), 0.0022337 secs] [Times: user=0.00 sys=0.00, real=0.00 secs] 
2020-10-29T14:48:45.678+0000: [GC (Allocation Failure) 2020-10-29T14:48:45.678+0000: [ParNew: 16388K->4K(18432K), 0.0020815 secs] 263224K->246840K(481108K), 0.0021391 secs] [Times: user=0.01 sys=0.00, real=0.00 secs] 
2020-10-29T14:48:45.689+0000: [GC (Allocation Failure) 2020-10-29T14:48:45.689+0000: [ParNew: 8665K->4K(18432K), 0.0020957 secs] 255502K->246840K(481108K), 0.0021549 secs] [Times: user=0.00 sys=0.00, real=0.00 secs] 
2020-10-29T14:48:45.699+0000: [GC (Allocation Failure) 2020-10-29T14:48:45.699+0000: [ParNew: 16388K->4K(18432K), 0.0031501 secs] 263224K->255032K(481108K), 0.0032122 secs] [Times: user=0.00 sys=0.00, real=0.00 secs] 
2020-10-29T14:48:45.703+0000: [CMS-concurrent-abortable-preclean: 0.026/0.317 secs] [Times: user=0.56 sys=0.02, real=0.31 secs] 
2020-10-29T14:48:45.704+0000: [GC (CMS Final Remark) [YG occupancy: 191 K (18432 K)]2020-10-29T14:48:45.704+0000: [Rescan (parallel) , 0.0015764 secs]2020-10-29T14:48:45.706+0000: [weak refs processing, 0.0000483 secs]2020-10-29T14:48:45.706+0000: [class unloading, 0.0088690 secs]2020-10-29T14:48:45.715+0000: [scrub symbol table, 0.0098399 secs]2020-10-29T14:48:45.725+0000: [scrub string table, 0.0005973 secs][1 CMS-remark: 255028K(462676K)] 255219K(481108K), 0.0210577 secs] [Times: user=0.03 sys=0.00, real=0.02 secs] 
2020-10-29T14:48:45.726+0000: [CMS-concurrent-sweep-start]
2020-10-29T14:48:45.746+0000: [GC (Allocation Failure) 2020-10-29T14:48:45.746+0000: [ParNew: 16388K->4K(18432K), 0.0021608 secs] 269163K->252779K(481108K), 0.0022213 secs] [Times: user=0.00 sys=0.00, real=0.00 secs] 
2020-10-29T14:48:45.757+0000: [CMS-concurrent-sweep: 0.021/0.032 secs] [Times: user=0.06 sys=0.00, real=0.03 secs] 
2020-10-29T14:48:45.758+0000: [CMS-concurrent-reset-start]
2020-10-29T14:48:45.759+0000: [CMS-concurrent-reset: 0.002/0.002 secs] [Times: user=0.00 sys=0.00, real=0.00 secs] 
2020-10-29T14:48:45.768+0000: [GC (Allocation Failure) 2020-10-29T14:48:45.768+0000: [ParNew: 16388K->4K(18432K), 0.0021721 secs] 254917K->238533K(481108K), 0.0022228 secs] [Times: user=0.00 sys=0.00, real=0.00 secs] 
2020-10-29T14:48:45.785+0000: [GC (Allocation Failure) 2020-10-29T14:48:45.785+0000: [ParNew: 16388K->4K(18432K), 0.0020876 secs] 254917K->238533K(481108K), 0.0021404 secs] [Times: user=0.00 sys=0.00, real=0.00 secs] 
2020-10-29T14:48:45.801+0000: [GC (Allocation Failure) 2020-10-29T14:48:45.801+0000: [ParNew: 16388K->4K(18432K), 0.0021554 secs] 254917K->238533K(481108K), 0.0022131 secs] [Times: user=0.01 sys=0.00, real=0.00 secs] 
2020-10-29T14:48:45.820+0000: [GC (Allocation Failure) 2020-10-29T14:48:45.821+0000: [ParNew: 16388K->4K(18432K), 0.0022334 secs] 254917K->238533K(481108K), 0.0023023 secs] [Times: user=0.01 sys=0.00, real=0.00 secs] 
2020-10-29T14:48:45.840+0000: [GC (Allocation Failure) 2020-10-29T14:48:45.841+0000: [ParNew: 16388K->4K(18432K), 0.0021905 secs] 254917K->238533K(481108K), 0.0022477 secs] [Times: user=0.00 sys=0.00, real=0.00 secs] 
2020-10-29T14:48:45.860+0000: [GC (Allocation Failure) 2020-10-29T14:48:45.861+0000: [ParNew: 16388K->4K(18432K), 0.0021022 secs] 254917K->238533K(481108K), 0.0021567 secs] [Times: user=0.00 sys=0.00, real=0.00 secs] 
2020-10-29T14:48:45.877+0000: [GC (Allocation Failure) 2020-10-29T14:48:45.877+0000: [ParNew: 16388K->4K(18432K), 0.0021815 secs] 254917K->238533K(481108K), 0.0022384 secs] [Times: user=0.00 sys=0.00, real=0.00 secs] 
2020-10-29T14:48:45.896+0000: [GC (Allocation Failure) 2020-10-29T14:48:45.897+0000: [ParNew: 16388K->4K(18432K), 0.0021140 secs] 254917K->238533K(481108K), 0.0021680 secs] [Times: user=0.00 sys=0.00, real=0.00 secs] 
2020-10-29T14:48:45.916+0000: [GC (Allocation Failure) 2020-10-29T14:48:45.917+0000: [ParNew: 16388K->4K(18432K), 0.0021255 secs] 254917K->238533K(481108K), 0.0021825 secs] [Times: user=0.01 sys=0.00, real=0.00 secs] 
2020-10-29T14:48:45.933+0000: [GC (Allocation Failure) 2020-10-29T14:48:45.933+0000: [ParNew: 16388K->4K(18432K), 0.0021652 secs] 254917K->238533K(481108K), 0.0022203 secs] [Times: user=0.00 sys=0.00, real=0.00 secs] 
2020-10-29T14:48:45.950+0000: [GC (Allocation Failure) 2020-10-29T14:48:45.950+0000: [ParNew: 16388K->4K(18432K), 0.0020786 secs] 254917K->238533K(481108K), 0.0021335 secs] [Times: user=0.00 sys=0.00, real=0.00 secs] 
2020-10-29T14:48:45.968+0000: [GC (Allocation Failure) 2020-10-29T14:48:45.969+0000: [ParNew: 16388K->4K(18432K), 0.0020652 secs] 254917K->238533K(481108K), 0.0021186 secs] [Times: user=0.01 sys=0.00, real=0.00 secs] 
2020-10-29T14:48:45.985+0000: [GC (Allocation Failure) 2020-10-29T14:48:45.985+0000: [ParNew: 16388K->4K(18432K), 0.0022179 secs] 254917K->238533K(481108K), 0.0022740 secs] [Times: user=0.01 sys=0.00, real=0.00 secs] 
2020-10-29T14:48:46.001+0000: [GC (Allocation Failure) 2020-10-29T14:48:46.002+0000: [ParNew: 16388K->4K(18432K), 0.0020763 secs] 254917K->238533K(481108K), 0.0021307 secs] [Times: user=0.01 sys=0.00, real=0.00 secs] 
2020-10-29T14:48:46.020+0000: [GC (Allocation Failure) 2020-10-29T14:48:46.021+0000: [ParNew: 16388K->4K(18432K), 0.0020158 secs] 254917K->238533K(481108K), 0.0020801 secs] [Times: user=0.01 sys=0.00, real=0.00 secs] 
2020-10-29T14:48:46.041+0000: [GC (Allocation Failure) 2020-10-29T14:48:46.041+0000: [ParNew: 16388K->4K(18432K), 0.0021356 secs] 254917K->238533K(481108K), 0.0021926 secs] [Times: user=0.00 sys=0.00, real=0.00 secs] 
2020-10-29T14:48:46.060+0000: [GC (Allocation Failure) 2020-10-29T14:48:46.061+0000: [ParNew: 16388K->4K(18432K), 0.0020938 secs] 254917K->238533K(481108K), 0.0021466 secs] [Times: user=0.01 sys=0.00, real=0.00 secs] 
2020-10-29T14:48:46.081+0000: [GC (Allocation Failure) 2020-10-29T14:48:46.081+0000: [ParNew: 16388K->4K(18432K), 0.0021617 secs] 254917K->238533K(481108K), 0.0022215 secs] [Times: user=0.00 sys=0.00, real=0.00 secs] 
2020-10-29T14:48:46.097+0000: [GC (Allocation Failure) 2020-10-29T14:48:46.097+0000: [ParNew: 16388K->4K(18432K), 0.0021782 secs] 254917K->238533K(481108K), 0.0022366 secs] [Times: user=0.01 sys=0.00, real=0.00 secs] 
2020-10-29T14:48:46.114+0000: [GC (Allocation Failure) 2020-10-29T14:48:46.114+0000: [ParNew: 16388K->4K(18432K), 0.0021488 secs] 254917K->238533K(481108K), 0.0022063 secs] [Times: user=0.00 sys=0.00, real=0.00 secs] 
2020-10-29T14:48:46.130+0000: [GC (Allocation Failure) 2020-10-29T14:48:46.130+0000: [ParNew: 16388K->4K(18432K), 0.0022155 secs] 254917K->238533K(481108K), 0.0022708 secs] [Times: user=0.00 sys=0.00, real=0.01 secs] 
2020-10-29T14:48:46.151+0000: [GC (Allocation Failure) 2020-10-29T14:48:46.151+0000: [ParNew: 16388K->4K(18432K), 0.0021832 secs] 254917K->238533K(481108K), 0.0022637 secs] [Times: user=0.00 sys=0.00, real=0.01 secs] 
2020-10-29T14:48:46.172+0000: [GC (Allocation Failure) 2020-10-29T14:48:46.173+0000: [ParNew: 16388K->4K(18432K), 0.0020794 secs] 254917K->238533K(481108K), 0.0021344 secs] [Times: user=0.01 sys=0.00, real=0.00 secs] 
2020-10-29T14:48:46.189+0000: [GC (Allocation Failure) 2020-10-29T14:48:46.189+0000: [ParNew: 16388K->4K(18432K), 0.0020413 secs] 254917K->238533K(481108K), 0.0020936 secs] [Times: user=0.00 sys=0.00, real=0.00 secs] 
2020-10-29T14:48:46.208+0000: [GC (Allocation Failure) 2020-10-29T14:48:46.208+0000: [ParNew: 16388K->4K(18432K), 0.0020725 secs] 254917K->238533K(481108K), 0.0021269 secs] [Times: user=0.01 sys=0.00, real=0.00 secs] 
2020-10-29T14:48:46.228+0000: [GC (Allocation Failure) 2020-10-29T14:48:46.228+0000: [ParNew: 16388K->4K(18432K), 0.0021135 secs] 254917K->238533K(481108K), 0.0021636 secs] [Times: user=0.00 sys=0.00, real=0.00 secs] 
2020-10-29T14:48:46.245+0000: [GC (Allocation Failure) 2020-10-29T14:48:46.245+0000: [ParNew: 16388K->4K(18432K), 0.0020740 secs] 254917K->238533K(481108K), 0.0021274 secs] [Times: user=0.00 sys=0.00, real=0.00 secs] 
2020-10-29T14:48:46.261+0000: [GC (Allocation Failure) 2020-10-29T14:48:46.261+0000: [ParNew: 16388K->4K(18432K), 0.0020570 secs] 254917K->238533K(481108K), 0.0021107 secs] [Times: user=0.01 sys=0.00, real=0.00 secs] 
2020-10-29T14:48:46.278+0000: [GC (Allocation Failure) 2020-10-29T14:48:46.278+0000: [ParNew: 16388K->4K(18432K), 0.0022027 secs] 254917K->238533K(481108K), 0.0022581 secs] [Times: user=0.00 sys=0.00, real=0.00 secs] 
2020-10-29T14:48:46.297+0000: [GC (Allocation Failure) 2020-10-29T14:48:46.297+0000: [ParNew: 16388K->4K(18432K), 0.0020597 secs] 254917K->238533K(481108K), 0.0021148 secs] [Times: user=0.00 sys=0.00, real=0.00 secs] 
2020-10-29T14:48:46.317+0000: [GC (Allocation Failure) 2020-10-29T14:48:46.317+0000: [ParNew: 16388K->4K(18432K), 0.0021224 secs] 254917K->238533K(481108K), 0.0021788 secs] [Times: user=0.00 sys=0.00, real=0.00 secs] 
2020-10-29T14:48:46.336+0000: [GC (Allocation Failure) 2020-10-29T14:48:46.337+0000: [ParNew: 16388K->4K(18432K), 0.0021458 secs] 254917K->238533K(481108K), 0.0021999 secs] [Times: user=0.01 sys=0.00, real=0.00 secs] 
2020-10-29T14:48:46.356+0000: [GC (Allocation Failure) 2020-10-29T14:48:46.357+0000: [ParNew: 16388K->4K(18432K), 0.0020963 secs] 254917K->238533K(481108K), 0.0021521 secs] [Times: user=0.00 sys=0.00, real=0.00 secs] 
2020-10-29T14:48:46.373+0000: [GC (Allocation Failure) 2020-10-29T14:48:46.373+0000: [ParNew: 16388K->4K(18432K), 0.0021413 secs] 254917K->238533K(481108K), 0.0022044 secs] [Times: user=0.00 sys=0.00, real=0.00 secs] 
2020-10-29T14:48:46.389+0000: [GC (Allocation Failure) 2020-10-29T14:48:46.390+0000: [ParNew: 16388K->4K(18432K), 0.0022402 secs] 254917K->238533K(481108K), 0.0022954 secs] [Times: user=0.00 sys=0.00, real=0.00 secs] 
2020-10-29T14:48:46.408+0000: [GC (Allocation Failure) 2020-10-29T14:48:46.409+0000: [ParNew: 16388K->4K(18432K), 0.0021615 secs] 254917K->238533K(481108K), 0.0022200 secs] [Times: user=0.01 sys=0.00, real=0.00 secs] 
2020-10-29T14:48:46.425+0000: [GC (Allocation Failure) 2020-10-29T14:48:46.425+0000: [ParNew: 16388K->4K(18432K), 0.0021050 secs] 254917K->238533K(481108K), 0.0021606 secs] [Times: user=0.00 sys=0.00, real=0.00 secs] 
2020-10-29T14:48:46.444+0000: [GC (Allocation Failure) 2020-10-29T14:48:46.445+0000: [ParNew: 16388K->4K(18432K), 0.0021694 secs] 254917K->238533K(481108K), 0.0022291 secs] [Times: user=0.00 sys=0.00, real=0.00 secs] 
2020-10-29T14:48:46.461+0000: [GC (Allocation Failure) 2020-10-29T14:48:46.461+0000: [ParNew: 16388K->4K(18432K), 0.0022262 secs] 254917K->238533K(481108K), 0.0022880 secs] [Times: user=0.01 sys=0.00, real=0.00 secs] 
2020-10-29T14:48:46.478+0000: [GC (Allocation Failure) 2020-10-29T14:48:46.478+0000: [ParNew: 16388K->4K(18432K), 0.0021508 secs] 254917K->238533K(481108K), 0.0022049 secs] [Times: user=0.01 sys=0.00, real=0.00 secs] 
2020-10-29T14:48:46.494+0000: [GC (Allocation Failure) 2020-10-29T14:48:46.494+0000: [ParNew: 16388K->4K(18432K), 0.0020220 secs] 254917K->238533K(481108K), 0.0020739 secs] [Times: user=0.00 sys=0.00, real=0.00 secs] 
2020-10-29T14:48:46.513+0000: [GC (Allocation Failure) 2020-10-29T14:48:46.513+0000: [ParNew: 16388K->4K(18432K), 0.0021894 secs] 254917K->238533K(481108K), 0.0022485 secs] [Times: user=0.00 sys=0.00, real=0.00 secs] 
2020-10-29T14:48:46.529+0000: [GC (Allocation Failure) 2020-10-29T14:48:46.529+0000: [ParNew: 16388K->4K(18432K), 0.0021800 secs] 254917K->238533K(481108K), 0.0022405 secs] [Times: user=0.01 sys=0.00, real=0.00 secs] 
2020-10-29T14:48:46.546+0000: [GC (Allocation Failure) 2020-10-29T14:48:46.546+0000: [ParNew: 16388K->4K(18432K), 0.0021624 secs] 254917K->238533K(481108K), 0.0022187 secs] [Times: user=0.01 sys=0.00, real=0.00 secs] 
2020-10-29T14:48:46.562+0000: [GC (Allocation Failure) 2020-10-29T14:48:46.562+0000: [ParNew: 16388K->4K(18432K), 0.0021977 secs] 254917K->238533K(481108K), 0.0022555 secs] [Times: user=0.00 sys=0.00, real=0.01 secs] 
2020-10-29T14:48:46.579+0000: [GC (Allocation Failure) 2020-10-29T14:48:46.580+0000: [ParNew: 16388K->4K(18432K), 0.0021976 secs] 254917K->238533K(481108K), 0.0022575 secs] [Times: user=0.00 sys=0.00, real=0.00 secs] 
2020-10-29T14:48:46.596+0000: [GC (Allocation Failure) 2020-10-29T14:48:46.597+0000: [ParNew: 16145K->4K(18432K), 0.0021216 secs] 254674K->238533K(481108K), 0.0021794 secs] [Times: user=0.00 sys=0.00, real=0.00 secs] 
2020-10-29T14:48:46.611+0000: [GC (Allocation Failure) 2020-10-29T14:48:46.612+0000: [ParNew: 16388K->4K(18432K), 0.0031189 secs] 254917K->246725K(481108K), 0.0031820 secs] [Times: user=0.01 sys=0.00, real=0.01 secs] 
2020-10-29T14:48:46.615+0000: [GC (CMS Initial Mark) [1 CMS-initial-mark: 246721K(462676K)] 246923K(481108K), 0.0013561 secs] [Times: user=0.00 sys=0.00, real=0.00 secs] 
2020-10-29T14:48:46.616+0000: [CMS-concurrent-mark-start]
2020-10-29T14:48:46.642+0000: [GC (Allocation Failure) 2020-10-29T14:48:46.642+0000: [ParNew: 16388K->4K(18432K), 0.0022105 secs] 263109K->246725K(481108K), 0.0022802 secs] [Times: user=0.00 sys=0.00, real=0.01 secs] 
2020-10-29T14:48:46.667+0000: [CMS-concurrent-mark: 0.049/0.051 secs] [Times: user=0.10 sys=0.00, real=0.05 secs] 
2020-10-29T14:48:46.667+0000: [CMS-concurrent-preclean-start]
2020-10-29T14:48:46.669+0000: [CMS-concurrent-preclean: 0.002/0.002 secs] [Times: user=0.00 sys=0.00, real=0.00 secs] 
2020-10-29T14:48:46.670+0000: [CMS-concurrent-abortable-preclean-start]
2020-10-29T14:48:46.670+0000: [GC (Allocation Failure) 2020-10-29T14:48:46.670+0000: [ParNew: 16388K->4K(18432K), 0.0017831 secs] 263109K->246725K(481108K), 0.0018392 secs] [Times: user=0.00 sys=0.00, real=0.00 secs] 
2020-10-29T14:48:46.687+0000: [GC (Allocation Failure) 2020-10-29T14:48:46.687+0000: [ParNew: 16388K->4K(18432K), 0.0020469 secs] 263109K->246725K(481108K), 0.0021017 secs] [Times: user=0.01 sys=0.00, real=0.00 secs] 
2020-10-29T14:48:46.704+0000: [GC (Allocation Failure) 2020-10-29T14:48:46.705+0000: [ParNew: 16388K->4K(18432K), 0.0020067 secs] 263109K->246725K(481108K), 0.0020624 secs] [Times: user=0.00 sys=0.00, real=0.00 secs] 
2020-10-29T14:48:46.721+0000: [GC (Allocation Failure) 2020-10-29T14:48:46.722+0000: [ParNew: 16388K->4K(18432K), 0.0019829 secs] 263109K->246725K(481108K), 0.0020374 secs] [Times: user=0.01 sys=0.00, real=0.00 secs] 
2020-10-29T14:48:46.738+0000: [GC (Allocation Failure) 2020-10-29T14:48:46.738+0000: [ParNew: 16388K->4K(18432K), 0.0020868 secs] 263109K->246725K(481108K), 0.0021611 secs] [Times: user=0.01 sys=0.00, real=0.00 secs] 
2020-10-29T14:48:46.756+0000: [GC (Allocation Failure) 2020-10-29T14:48:46.756+0000: [ParNew: 16388K->4K(18432K), 0.0020030 secs] 263109K->246725K(481108K), 0.0020578 secs] [Times: user=0.00 sys=0.00, real=0.00 secs] 
2020-10-29T14:48:46.773+0000: [GC (Allocation Failure) 2020-10-29T14:48:46.773+0000: [ParNew: 16388K->4K(18432K), 0.0019965 secs] 263109K->246725K(481108K), 0.0020540 secs] [Times: user=0.01 sys=0.00, real=0.00 secs] 
2020-10-29T14:48:46.790+0000: [GC (Allocation Failure) 2020-10-29T14:48:46.790+0000: [ParNew: 16388K->4K(18432K), 0.0020496 secs] 263109K->246725K(481108K), 0.0021046 secs] [Times: user=0.00 sys=0.00, real=0.01 secs] 
2020-10-29T14:48:46.808+0000: [GC (Allocation Failure) 2020-10-29T14:48:46.808+0000: [ParNew: 16388K->4K(18432K), 0.0020103 secs] 263109K->246725K(481108K), 0.0020650 secs] [Times: user=0.01 sys=0.00, real=0.00 secs] 
2020-10-29T14:48:46.828+0000: [GC (Allocation Failure) 2020-10-29T14:48:46.829+0000: [ParNew: 16388K->4K(18432K), 0.0019750 secs] 263109K->246725K(481108K), 0.0020280 secs] [Times: user=0.00 sys=0.00, real=0.00 secs] 
2020-10-29T14:48:46.846+0000: [GC (Allocation Failure) 2020-10-29T14:48:46.846+0000: [ParNew: 16388K->4K(18432K), 0.0020519 secs] 263109K->246725K(481108K), 0.0021070 secs] [Times: user=0.01 sys=0.00, real=0.00 secs] 
2020-10-29T14:48:46.863+0000: [GC (Allocation Failure) 2020-10-29T14:48:46.863+0000: [ParNew: 16388K->4K(18432K), 0.0020006 secs] 263109K->246725K(481108K), 0.0020554 secs] [Times: user=0.01 sys=0.00, real=0.01 secs] 
2020-10-29T14:48:46.880+0000: [GC (Allocation Failure) 2020-10-29T14:48:46.881+0000: [ParNew: 16388K->4K(18432K), 0.0020046 secs] 263109K->246725K(481108K), 0.0020616 secs] [Times: user=0.00 sys=0.00, real=0.00 secs] 
2020-10-29T14:48:46.898+0000: [GC (Allocation Failure) 2020-10-29T14:48:46.898+0000: [ParNew: 16388K->4K(18432K), 0.0020643 secs] 263109K->246725K(481108K), 0.0021196 secs] [Times: user=0.00 sys=0.00, real=0.00 secs] 
2020-10-29T14:48:46.915+0000: [GC (Allocation Failure) 2020-10-29T14:48:46.915+0000: [ParNew: 16388K->4K(18432K), 0.0021174 secs] 263109K->246725K(481108K), 0.0021754 secs] [Times: user=0.01 sys=0.00, real=0.00 secs] 
2020-10-29T14:48:46.932+0000: [GC (Allocation Failure) 2020-10-29T14:48:46.932+0000: [ParNew: 16388K->4K(18432K), 0.0019738 secs] 263109K->246725K(481108K), 0.0020292 secs] [Times: user=0.01 sys=0.00, real=0.01 secs] 
2020-10-29T14:48:46.949+0000: [GC (Allocation Failure) 2020-10-29T14:48:46.949+0000: [ParNew: 16388K->4K(18432K), 0.0021282 secs] 263109K->246725K(481108K), 0.0021869 secs] [Times: user=0.00 sys=0.00, real=0.00 secs] 
2020-10-29T14:48:46.964+0000: [GC (Allocation Failure) 2020-10-29T14:48:46.964+0000: [ParNew: 12760K->4K(18432K), 0.0021515 secs] 259481K->246725K(481108K), 0.0022115 secs] [Times: user=0.01 sys=0.00, real=0.01 secs] 
2020-10-29T14:48:46.976+0000: [GC (Allocation Failure) 2020-10-29T14:48:46.977+0000: [ParNew: 16388K->4K(18432K), 0.0030485 secs] 263109K->254917K(481108K), 0.0031077 secs] [Times: user=0.01 sys=0.00, real=0.00 secs] 
2020-10-29T14:48:46.980+0000: [CMS-concurrent-abortable-preclean: 0.019/0.310 secs] [Times: user=0.58 sys=0.01, real=0.31 secs] 
2020-10-29T14:48:46.980+0000: [GC (CMS Final Remark) [YG occupancy: 216 K (18432 K)]2020-10-29T14:48:46.980+0000: [Rescan (parallel) , 0.0018243 secs]2020-10-29T14:48:46.982+0000: [weak refs processing, 0.0000284 secs]2020-10-29T14:48:46.982+0000: [class unloading, 0.0086997 secs]2020-10-29T14:48:46.990+0000: [scrub symbol table, 0.0095172 secs]2020-10-29T14:48:47.000+0000: [scrub string table, 0.0005937 secs][1 CMS-remark: 254913K(462676K)] 255129K(481108K), 0.0207720 secs] [Times: user=0.02 sys=0.00, real=0.02 secs] 
2020-10-29T14:48:47.008+0000: [CMS-concurrent-sweep-start]
2020-10-29T14:48:47.021+0000: [GC (Allocation Failure) 2020-10-29T14:48:47.021+0000: [ParNew: 16388K->4K(18432K), 0.0023280 secs] 271301K->254917K(481108K), 0.0023937 secs] [Times: user=0.01 sys=0.00, real=0.00 secs] 
2020-10-29T14:48:47.026+0000: [CMS-concurrent-sweep: 0.015/0.018 secs] [Times: user=0.03 sys=0.00, real=0.02 secs] 
2020-10-29T14:48:47.026+0000: [CMS-concurrent-reset-start]
2020-10-29T14:48:47.028+0000: [CMS-concurrent-reset: 0.002/0.002 secs] [Times: user=0.00 sys=0.00, real=0.00 secs] 
2020-10-29T14:48:47.040+0000: [GC (Allocation Failure) 2020-10-29T14:48:47.040+0000: [ParNew: 16388K->4K(18432K), 0.0021709 secs] 271255K->254871K(481108K), 0.0022228 secs] [Times: user=0.00 sys=0.00, real=0.00 secs] 
2020-10-29T14:48:47.056+0000: [GC (Allocation Failure) 2020-10-29T14:48:47.056+0000: [ParNew: 16388K->4K(18432K), 0.0021852 secs] 271255K->254871K(481108K), 0.0022500 secs] [Times: user=0.00 sys=0.00, real=0.00 secs] 
2020-10-29T14:48:47.073+0000: [GC (Allocation Failure) 2020-10-29T14:48:47.073+0000: [ParNew: 16388K->4K(18432K), 0.0022177 secs] 271255K->254871K(481108K), 0.0022820 secs] [Times: user=0.00 sys=0.00, real=0.00 secs] 
2020-10-29T14:48:47.089+0000: [GC (Allocation Failure) 2020-10-29T14:48:47.089+0000: [ParNew: 16388K->4K(18432K), 0.0020921 secs] 271255K->254871K(481108K), 0.0021484 secs] [Times: user=0.01 sys=0.00, real=0.00 secs] 
2020-10-29T14:48:47.106+0000: [GC (Allocation Failure) 2020-10-29T14:48:47.106+0000: [ParNew: 16388K->4K(18432K), 0.0020749 secs] 271255K->254872K(481108K), 0.0021297 secs] [Times: user=0.00 sys=0.00, real=0.00 secs] 
2020-10-29T14:48:47.122+0000: [GC (Allocation Failure) 2020-10-29T14:48:47.122+0000: [ParNew: 16388K->4K(18432K), 0.0021318 secs] 271256K->254872K(481108K), 0.0021888 secs] [Times: user=0.01 sys=0.00, real=0.01 secs] 
2020-10-29T14:48:47.139+0000: [GC (Allocation Failure) 2020-10-29T14:48:47.139+0000: [ParNew: 16388K->4K(18432K), 0.0021323 secs] 271256K->254872K(481108K), 0.0021897 secs] [Times: user=0.01 sys=0.00, real=0.00 secs] 
2020-10-29T14:48:47.155+0000: [GC (Allocation Failure) 2020-10-29T14:48:47.155+0000: [ParNew: 16388K->4K(18432K), 0.0021668 secs] 271256K->254872K(481108K), 0.0022218 secs] [Times: user=0.00 sys=0.00, real=0.00 secs] 
2020-10-29T14:48:47.173+0000: [GC (Allocation Failure) 2020-10-29T14:48:47.173+0000: [ParNew: 16388K->4K(18432K), 0.0022050 secs] 271256K->254872K(481108K), 0.0022676 secs] [Times: user=0.01 sys=0.00, real=0.00 secs] 
2020-10-29T14:48:47.189+0000: [GC (Allocation Failure) 2020-10-29T14:48:47.189+0000: [ParNew: 16388K->4K(18432K), 0.0021655 secs] 271256K->254872K(481108K), 0.0022336 secs] [Times: user=0.01 sys=0.00, real=0.00 secs] 
2020-10-29T14:48:47.208+0000: [GC (Allocation Failure) 2020-10-29T14:48:47.209+0000: [ParNew: 16388K->4K(18432K), 0.0020870 secs] 271256K->254872K(481108K), 0.0021406 secs] [Times: user=0.00 sys=0.00, real=0.00 secs] 
2020-10-29T14:48:47.229+0000: [GC (Allocation Failure) 2020-10-29T14:48:47.229+0000: [ParNew: 16388K->4K(18432K), 0.0021655 secs] 271256K->254872K(481108K), 0.0022241 secs] [Times: user=0.01 sys=0.00, real=0.00 secs] 
2020-10-29T14:48:47.247+0000: [GC (Allocation Failure) 2020-10-29T14:48:47.247+0000: [ParNew: 16388K->4K(18432K), 0.0022035 secs] 287640K->271256K(481108K), 0.0022638 secs] [Times: user=0.00 sys=0.00, real=0.00 secs] 
2020-10-29T14:48:47.250+0000: [GC (CMS Initial Mark) [1 CMS-initial-mark: 271252K(462676K)] 271423K(481108K), 0.0012985 secs] [Times: user=0.00 sys=0.00, real=0.00 secs] 
2020-10-29T14:48:47.251+0000: [CMS-concurrent-mark-start]
2020-10-29T14:48:47.272+0000: [GC (Allocation Failure) 2020-10-29T14:48:47.272+0000: [ParNew: 16388K->4K(18432K), 0.0021154 secs] 287640K->271256K(481108K), 0.0021732 secs] [Times: user=0.01 sys=0.00, real=0.01 secs] 
2020-10-29T14:48:47.291+0000: [GC (Allocation Failure) 2020-10-29T14:48:47.291+0000: [ParNew: 16388K->4K(18432K), 0.0021526 secs] 287640K->271256K(481108K), 0.0022118 secs] [Times: user=0.01 sys=0.00, real=0.01 secs] 
2020-10-29T14:48:47.314+0000: [GC (Allocation Failure) 2020-10-29T14:48:47.314+0000: [ParNew: 16388K->4K(18432K), 0.0021492 secs] 287640K->271256K(481108K), 0.0022077 secs] [Times: user=0.01 sys=0.00, real=0.00 secs] 
2020-10-29T14:48:47.334+0000: [GC (Allocation Failure) 2020-10-29T14:48:47.334+0000: [ParNew: 16388K->4K(18432K), 0.0021235 secs] 287640K->271256K(481108K), 0.0021830 secs] [Times: user=0.01 sys=0.00, real=0.00 secs] 
2020-10-29T14:48:47.353+0000: [GC (Allocation Failure) 2020-10-29T14:48:47.353+0000: [ParNew: 16388K->4K(18432K), 0.0021464 secs] 287640K->271256K(481108K), 0.0022054 secs] [Times: user=0.01 sys=0.00, real=0.00 secs] 
2020-10-29T14:48:47.361+0000: [CMS-concurrent-mark: 0.090/0.110 secs] [Times: user=0.22 sys=0.00, real=0.11 secs] 
2020-10-29T14:48:47.361+0000: [CMS-concurrent-preclean-start]
2020-10-29T14:48:47.363+0000: [CMS-concurrent-preclean: 0.002/0.002 secs] [Times: user=0.00 sys=0.00, real=0.00 secs] 
2020-10-29T14:48:47.363+0000: [CMS-concurrent-abortable-preclean-start]
2020-10-29T14:48:47.376+0000: [GC (Allocation Failure) 2020-10-29T14:48:47.377+0000: [ParNew: 16388K->4K(18432K), 0.0020619 secs] 287640K->271256K(481108K), 0.0021170 secs] [Times: user=0.01 sys=0.00, real=0.00 secs] 
2020-10-29T14:48:47.394+0000: [GC (Allocation Failure) 2020-10-29T14:48:47.394+0000: [ParNew: 16388K->4K(18432K), 0.0021339 secs] 287640K->271256K(481108K), 0.0021919 secs] [Times: user=0.01 sys=0.00, real=0.00 secs] 
2020-10-29T14:48:47.411+0000: [GC (Allocation Failure) 2020-10-29T14:48:47.411+0000: [ParNew: 16388K->4K(18432K), 0.0021779 secs] 287640K->271256K(481108K), 0.0022364 secs] [Times: user=0.00 sys=0.00, real=0.01 secs] 
2020-10-29T14:48:47.428+0000: [GC (Allocation Failure) 2020-10-29T14:48:47.428+0000: [ParNew: 16388K->4K(18432K), 0.0019791 secs] 287640K->271256K(481108K), 0.0020325 secs] [Times: user=0.00 sys=0.00, real=0.00 secs] 
2020-10-29T14:48:47.445+0000: [GC (Allocation Failure) 2020-10-29T14:48:47.445+0000: [ParNew: 16388K->4K(18432K), 0.0022431 secs] 287640K->271256K(481108K), 0.0023020 secs] [Times: user=0.00 sys=0.00, real=0.00 secs] 
2020-10-29T14:48:47.464+0000: [GC (Allocation Failure) 2020-10-29T14:48:47.465+0000: [ParNew: 16388K->4K(18432K), 0.0021249 secs] 287640K->271256K(481108K), 0.0021837 secs] [Times: user=0.00 sys=0.00, real=0.00 secs] 
2020-10-29T14:48:47.485+0000: [GC (Allocation Failure) 2020-10-29T14:48:47.485+0000: [ParNew: 16388K->4K(18432K), 0.0021283 secs] 287640K->271256K(481108K), 0.0021871 secs] [Times: user=0.00 sys=0.00, real=0.00 secs] 
2020-10-29T14:48:47.502+0000: [GC (Allocation Failure) 2020-10-29T14:48:47.502+0000: [ParNew: 16388K->4K(18432K), 0.0020631 secs] 287640K->271256K(481108K), 0.0021197 secs] [Times: user=0.01 sys=0.00, real=0.00 secs] 
2020-10-29T14:48:47.518+0000: [GC (Allocation Failure) 2020-10-29T14:48:47.518+0000: [ParNew: 16388K->4K(18432K), 0.0020455 secs] 287640K->271256K(481108K), 0.0021028 secs] [Times: user=0.01 sys=0.00, real=0.00 secs] 
2020-10-29T14:48:47.537+0000: [GC (Allocation Failure) 2020-10-29T14:48:47.537+0000: [ParNew: 16388K->4K(18432K), 0.0021877 secs] 287640K->271256K(481108K), 0.0022502 secs] [Times: user=0.01 sys=0.00, real=0.00 secs] 
2020-10-29T14:48:47.557+0000: [GC (Allocation Failure) 2020-10-29T14:48:47.557+0000: [ParNew: 16388K->4K(18432K), 0.0021817 secs] 287640K->271256K(481108K), 0.0022417 secs] [Times: user=0.00 sys=0.00, real=0.00 secs] 
2020-10-29T14:48:47.574+0000: [GC (Allocation Failure) 2020-10-29T14:48:47.574+0000: [ParNew: 16388K->4K(18432K), 0.0021628 secs] 287640K->271256K(481108K), 0.0022357 secs] [Times: user=0.00 sys=0.00, real=0.00 secs] 
2020-10-29T14:48:47.591+0000: [GC (Allocation Failure) 2020-10-29T14:48:47.591+0000: [ParNew: 16388K->4K(18432K), 0.0020161 secs] 287640K->271256K(481108K), 0.0020897 secs] [Times: user=0.01 sys=0.00, real=0.01 secs] 
2020-10-29T14:48:47.610+0000: [GC (Allocation Failure) 2020-10-29T14:48:47.610+0000: [ParNew: 16388K->4K(18432K), 0.0022343 secs] 304024K->287640K(481108K), 0.0022949 secs] [Times: user=0.00 sys=0.00, real=0.01 secs] 
2020-10-29T14:48:47.628+0000: [GC (Allocation Failure) 2020-10-29T14:48:47.628+0000: [ParNew: 16388K->4K(18432K), 0.0021718 secs] 304024K->287640K(481108K), 0.0022408 secs] [Times: user=0.01 sys=0.00, real=0.00 secs] 
2020-10-29T14:48:47.648+0000: [GC (Allocation Failure) 2020-10-29T14:48:47.648+0000: [ParNew: 16388K->4K(18432K), 0.0020192 secs] 304024K->287640K(481108K), 0.0020756 secs] [Times: user=0.00 sys=0.00, real=0.00 secs] 
2020-10-29T14:48:47.669+0000: [GC (Allocation Failure) 2020-10-29T14:48:47.669+0000: [ParNew: 16388K->4K(18432K), 0.0021894 secs] 304024K->287640K(481108K), 0.0022497 secs] [Times: user=0.01 sys=0.00, real=0.00 secs] 
2020-10-29T14:48:47.686+0000: [GC (Allocation Failure) 2020-10-29T14:48:47.686+0000: [ParNew: 16388K->4K(18432K), 0.0021647 secs] 304024K->287640K(481108K), 0.0022251 secs] [Times: user=0.00 sys=0.00, real=0.00 secs] 
2020-10-29T14:48:47.705+0000: [GC (Allocation Failure) 2020-10-29T14:48:47.705+0000: [ParNew: 16388K->6K(18432K), 0.0020785 secs] 304024K->287642K(481108K), 0.0021349 secs] [Times: user=0.01 sys=0.00, real=0.00 secs] 
2020-10-29T14:48:47.722+0000: [GC (Allocation Failure) 2020-10-29T14:48:47.722+0000: [ParNew: 16390K->4K(18432K), 0.0021286 secs] 304026K->287640K(481108K), 0.0021852 secs] [Times: user=0.01 sys=0.00, real=0.00 secs] 
2020-10-29T14:48:47.739+0000: [GC (Allocation Failure) 2020-10-29T14:48:47.739+0000: [ParNew: 16388K->4K(18432K), 0.0021888 secs] 304024K->287640K(481108K), 0.0022460 secs] [Times: user=0.00 sys=0.00, real=0.00 secs] 
2020-10-29T14:48:47.756+0000: [GC (Allocation Failure) 2020-10-29T14:48:47.756+0000: [ParNew: 16388K->4K(18432K), 0.0019970 secs] 304024K->287640K(481108K), 0.0020543 secs] [Times: user=0.00 sys=0.00, real=0.00 secs] 
2020-10-29T14:48:47.774+0000: [GC (Allocation Failure) 2020-10-29T14:48:47.774+0000: [ParNew: 16388K->4K(18432K), 0.0021510 secs] 304024K->287640K(481108K), 0.0022111 secs] [Times: user=0.01 sys=0.00, real=0.00 secs] 
2020-10-29T14:48:47.793+0000: [GC (Allocation Failure) 2020-10-29T14:48:47.793+0000: [ParNew: 16388K->4K(18432K), 0.0020355 secs] 304024K->287640K(481108K), 0.0020900 secs] [Times: user=0.01 sys=0.00, real=0.00 secs] 
2020-10-29T14:48:47.810+0000: [GC (Allocation Failure) 2020-10-29T14:48:47.810+0000: [ParNew: 16388K->4K(18432K), 0.0021528 secs] 304024K->287641K(481108K), 0.0022111 secs] [Times: user=0.00 sys=0.00, real=0.00 secs] 
2020-10-29T14:48:47.827+0000: [GC (Allocation Failure) 2020-10-29T14:48:47.827+0000: [ParNew: 16388K->4K(18432K), 0.0021227 secs] 304025K->287641K(481108K), 0.0021812 secs] [Times: user=0.01 sys=0.00, real=0.00 secs] 
2020-10-29T14:48:47.845+0000: [GC (Allocation Failure) 2020-10-29T14:48:47.845+0000: [ParNew: 16388K->4K(18432K), 0.0022359 secs] 304025K->287641K(481108K), 0.0023164 secs] [Times: user=0.00 sys=0.00, real=0.00 secs] 
2020-10-29T14:48:47.864+0000: [GC (Allocation Failure) 2020-10-29T14:48:47.865+0000: [ParNew: 16388K->4K(18432K), 0.0020402 secs] 304025K->287641K(481108K), 0.0020967 secs] [Times: user=0.00 sys=0.00, real=0.00 secs] 
2020-10-29T14:48:47.882+0000: [GC (Allocation Failure) 2020-10-29T14:48:47.882+0000: [ParNew: 16388K->4K(18432K), 0.0022087 secs] 304025K->287641K(481108K), 0.0022689 secs] [Times: user=0.00 sys=0.00, real=0.00 secs] 
2020-10-29T14:48:47.901+0000: [GC (Allocation Failure) 2020-10-29T14:48:47.901+0000: [ParNew: 16388K->4K(18432K), 0.0021005 secs] 304025K->287641K(481108K), 0.0021592 secs] [Times: user=0.00 sys=0.00, real=0.00 secs] 
2020-10-29T14:48:47.920+0000: [GC (Allocation Failure) 2020-10-29T14:48:47.921+0000: [ParNew: 16388K->4K(18432K), 0.0020742 secs] 304025K->287641K(481108K), 0.0021319 secs] [Times: user=0.00 sys=0.00, real=0.00 secs] 
2020-10-29T14:48:47.940+0000: [GC (Allocation Failure) 2020-10-29T14:48:47.941+0000: [ParNew: 16388K->4K(18432K), 0.0021139 secs] 304025K->287641K(481108K), 0.0021720 secs] [Times: user=0.01 sys=0.00, real=0.00 secs] 
2020-10-29T14:48:47.961+0000: [GC (Allocation Failure) 2020-10-29T14:48:47.961+0000: [ParNew: 16345K->4K(18432K), 0.0021080 secs] 303982K->287641K(481108K), 0.0021656 secs] [Times: user=0.00 sys=0.00, real=0.00 secs] 
2020-10-29T14:48:47.978+0000: [GC (Allocation Failure) 2020-10-29T14:48:47.979+0000: [ParNew: 16388K->4K(18432K), 0.0021804 secs] 304025K->287641K(481108K), 0.0022414 secs] [Times: user=0.01 sys=0.00, real=0.00 secs] 
2020-10-29T14:48:47.996+0000: [GC (Allocation Failure) 2020-10-29T14:48:47.997+0000: [ParNew: 16388K->4K(18432K), 0.0020942 secs] 304025K->287641K(481108K), 0.0021504 secs] [Times: user=0.00 sys=0.00, real=0.00 secs] 
2020-10-29T14:48:48.014+0000: [GC (Allocation Failure) 2020-10-29T14:48:48.014+0000: [ParNew: 16388K->4K(18432K), 0.0021629 secs] 304025K->287641K(481108K), 0.0022229 secs] [Times: user=0.00 sys=0.00, real=0.00 secs] 
2020-10-29T14:48:48.033+0000: [GC (Allocation Failure) 2020-10-29T14:48:48.033+0000: [ParNew: 16388K->4K(18432K), 0.0021874 secs] 304025K->287641K(481108K), 0.0022470 secs] [Times: user=0.01 sys=0.00, real=0.00 secs] 
2020-10-29T14:48:48.050+0000: [GC (Allocation Failure) 2020-10-29T14:48:48.050+0000: [ParNew: 16388K->4K(18432K), 0.0020212 secs] 304025K->287641K(481108K), 0.0020790 secs] [Times: user=0.01 sys=0.00, real=0.00 secs] 
2020-10-29T14:48:48.069+0000: [GC (Allocation Failure) 2020-10-29T14:48:48.069+0000: [ParNew: 16388K->4K(18432K), 0.0020156 secs] 304025K->287641K(481108K), 0.0020711 secs] [Times: user=0.01 sys=0.00, real=0.00 secs] 
2020-10-29T14:48:48.086+0000: [GC (Allocation Failure) 2020-10-29T14:48:48.086+0000: [ParNew: 16388K->4K(18432K), 0.0019830 secs] 304025K->287641K(481108K), 0.0020428 secs] [Times: user=0.00 sys=0.00, real=0.00 secs] 
2020-10-29T14:48:48.103+0000: [GC (Allocation Failure) 2020-10-29T14:48:48.103+0000: [ParNew: 16388K->4K(18432K), 0.0020698 secs] 304025K->287641K(481108K), 0.0021271 secs] [Times: user=0.00 sys=0.00, real=0.01 secs] 
2020-10-29T14:48:48.124+0000: [GC (Allocation Failure) 2020-10-29T14:48:48.125+0000: [ParNew: 16388K->4K(18432K), 0.0021039 secs] 304025K->287641K(481108K), 0.0021627 secs] [Times: user=0.01 sys=0.00, real=0.00 secs] 
2020-10-29T14:48:48.145+0000: [GC (Allocation Failure) 2020-10-29T14:48:48.145+0000: [ParNew: 16388K->4K(18432K), 0.0021827 secs] 304025K->287641K(481108K), 0.0022410 secs] [Times: user=0.00 sys=0.00, real=0.00 secs] 
2020-10-29T14:48:48.162+0000: [GC (Allocation Failure) 2020-10-29T14:48:48.162+0000: [ParNew: 16388K->4K(18432K), 0.0022151 secs] 304025K->287641K(481108K), 0.0022761 secs] [Times: user=0.00 sys=0.00, real=0.01 secs] 
2020-10-29T14:48:48.181+0000: [GC (Allocation Failure) 2020-10-29T14:48:48.181+0000: [ParNew: 16388K->4K(18432K), 0.0020680 secs] 304025K->287641K(481108K), 0.0021245 secs] [Times: user=0.01 sys=0.00, real=0.00 secs] 
2020-10-29T14:48:48.198+0000: [GC (Allocation Failure) 2020-10-29T14:48:48.198+0000: [ParNew: 16388K->4K(18432K), 0.0020938 secs] 304025K->287641K(481108K), 0.0021582 secs] [Times: user=0.00 sys=0.00, real=0.00 secs] 
2020-10-29T14:48:48.217+0000: [GC (Allocation Failure) 2020-10-29T14:48:48.217+0000: [ParNew: 16388K->4K(18432K), 0.0021499 secs] 304025K->287641K(481108K), 0.0022099 secs] [Times: user=0.00 sys=0.00, real=0.00 secs] 
2020-10-29T14:48:48.237+0000: [GC (Allocation Failure) 2020-10-29T14:48:48.237+0000: [ParNew: 16388K->4K(18432K), 0.0021187 secs] 304025K->287641K(481108K), 0.0021719 secs] [Times: user=0.00 sys=0.00, real=0.00 secs] 
2020-10-29T14:48:48.254+0000: [GC (Allocation Failure) 2020-10-29T14:48:48.254+0000: [ParNew: 16388K->4K(18432K), 0.0021548 secs] 304025K->287641K(481108K), 0.0022251 secs] [Times: user=0.01 sys=0.00, real=0.00 secs] 
2020-10-29T14:48:48.273+0000: [GC (Allocation Failure) 2020-10-29T14:48:48.273+0000: [ParNew: 16388K->4K(18432K), 0.0021725 secs] 304025K->287641K(481108K), 0.0022327 secs] [Times: user=0.01 sys=0.00, real=0.00 secs] 
2020-10-29T14:48:48.290+0000: [GC (Allocation Failure) 2020-10-29T14:48:48.290+0000: [ParNew: 16388K->4K(18432K), 0.0021925 secs] 304025K->287641K(481108K), 0.0022536 secs] [Times: user=0.01 sys=0.00, real=0.01 secs] 
2020-10-29T14:48:48.308+0000: [GC (Allocation Failure) 2020-10-29T14:48:48.308+0000: [ParNew: 16388K->4K(18432K), 0.0021787 secs] 304025K->287641K(481108K), 0.0022390 secs] [Times: user=0.00 sys=0.00, real=0.00 secs] 
2020-10-29T14:48:48.328+0000: [GC (Allocation Failure) 2020-10-29T14:48:48.329+0000: [ParNew: 16388K->4K(18432K), 0.0020055 secs] 304025K->287641K(481108K), 0.0020604 secs] [Times: user=0.01 sys=0.00, real=0.00 secs] 
2020-10-29T14:48:48.348+0000: [GC (Allocation Failure) 2020-10-29T14:48:48.349+0000: [ParNew: 16388K->4K(18432K), 0.0021154 secs] 304025K->287641K(481108K), 0.0021732 secs] [Times: user=0.00 sys=0.00, real=0.00 secs] 
2020-10-29T14:48:48.366+0000: [GC (Allocation Failure) 2020-10-29T14:48:48.366+0000: [ParNew: 16388K->4K(18432K), 0.0019838 secs] 304025K->287641K(481108K), 0.0020380 secs] [Times: user=0.01 sys=0.00, real=0.00 secs] 
2020-10-29T14:48:48.384+0000: [GC (Allocation Failure) 2020-10-29T14:48:48.385+0000: [ParNew: 16388K->4K(18432K), 0.0020517 secs] 304025K->287641K(481108K), 0.0021086 secs] [Times: user=0.00 sys=0.00, real=0.00 secs] 
2020-10-29T14:48:48.406+0000: [GC (Allocation Failure) 2020-10-29T14:48:48.406+0000: [ParNew: 16388K->4K(18432K), 0.0021103 secs] 304025K->287641K(481108K), 0.0021845 secs] [Times: user=0.00 sys=0.00, real=0.00 secs] 
2020-10-29T14:48:48.425+0000: [GC (Allocation Failure) 2020-10-29T14:48:48.425+0000: [ParNew: 16388K->4K(18432K), 0.0037200 secs] 304025K->287641K(481108K), 0.0037770 secs] [Times: user=0.00 sys=0.00, real=0.00 secs] 
2020-10-29T14:48:48.444+0000: [GC (Allocation Failure) 2020-10-29T14:48:48.444+0000: [ParNew: 16388K->4K(18432K), 0.0020576 secs] 304025K->287641K(481108K), 0.0021143 secs] [Times: user=0.01 sys=0.00, real=0.00 secs] 
2020-10-29T14:48:48.462+0000: [GC (Allocation Failure) 2020-10-29T14:48:48.462+0000: [ParNew: 16388K->4K(18432K), 0.0021253 secs] 304025K->287641K(481108K), 0.0021858 secs] [Times: user=0.00 sys=0.00, real=0.00 secs] 
2020-10-29T14:48:48.480+0000: [GC (Allocation Failure) 2020-10-29T14:48:48.480+0000: [ParNew: 16388K->4K(18432K), 0.0021729 secs] 304025K->287641K(481108K), 0.0022327 secs] [Times: user=0.01 sys=0.00, real=0.00 secs] 
2020-10-29T14:48:48.497+0000: [GC (Allocation Failure) 2020-10-29T14:48:48.497+0000: [ParNew: 16388K->4K(18432K), 0.0021887 secs] 304025K->287641K(481108K), 0.0022495 secs] [Times: user=0.01 sys=0.00, real=0.00 secs] 
2020-10-29T14:48:48.515+0000: [GC (Allocation Failure) 2020-10-29T14:48:48.515+0000: [ParNew: 16388K->4K(18432K), 0.0021652 secs] 304025K->287641K(481108K), 0.0022255 secs] [Times: user=0.01 sys=0.00, real=0.00 secs] 
2020-10-29T14:48:48.533+0000: [GC (Allocation Failure) 2020-10-29T14:48:48.533+0000: [ParNew: 16388K->4K(18432K), 0.0020995 secs] 304025K->287641K(481108K), 0.0021573 secs] [Times: user=0.00 sys=0.00, real=0.00 secs] 
2020-10-29T14:48:48.551+0000: [GC (Allocation Failure) 2020-10-29T14:48:48.551+0000: [ParNew: 16388K->4K(18432K), 0.0021388 secs] 304025K->287641K(481108K), 0.0021964 secs] [Times: user=0.00 sys=0.00, real=0.01 secs] 
2020-10-29T14:48:48.568+0000: [GC (Allocation Failure) 2020-10-29T14:48:48.568+0000: [ParNew: 16388K->4K(18432K), 0.0020046 secs] 304025K->287641K(481108K), 0.0020585 secs] [Times: user=0.01 sys=0.00, real=0.00 secs] 
2020-10-29T14:48:48.581+0000: [GC (Allocation Failure) 2020-10-29T14:48:48.581+0000: [ParNew: 8510K->4K(18432K), 0.0020435 secs] 296148K->287641K(481108K), 0.0020993 secs] [Times: user=0.00 sys=0.00, real=0.00 secs] 
2020-10-29T14:48:48.592+0000: [GC (Allocation Failure) 2020-10-29T14:48:48.592+0000: [ParNew: 16388K->4K(18432K), 0.0027882 secs] 304025K->295833K(481108K), 0.0028415 secs] [Times: user=0.01 sys=0.00, real=0.01 secs] 
2020-10-29T14:48:48.594+0000: [CMS-concurrent-abortable-preclean: 0.085/1.231 secs] [Times: user=2.21 sys=0.09, real=1.24 secs] 
2020-10-29T14:48:48.595+0000: [GC (CMS Final Remark) [YG occupancy: 193 K (18432 K)]2020-10-29T14:48:48.595+0000: [Rescan (parallel) , 0.0014390 secs]2020-10-29T14:48:48.596+0000: [weak refs processing, 0.0000273 secs]2020-10-29T14:48:48.596+0000: [class unloading, 0.0088823 secs]2020-10-29T14:48:48.605+0000: [scrub symbol table, 0.0097452 secs]2020-10-29T14:48:48.615+0000: [scrub string table, 0.0005851 secs][1 CMS-remark: 295829K(462676K)] 296023K(481108K), 0.0208034 secs] [Times: user=0.02 sys=0.00, real=0.02 secs] 
2020-10-29T14:48:48.616+0000: [CMS-concurrent-sweep-start]
2020-10-29T14:48:48.629+0000: [CMS-concurrent-sweep: 0.013/0.013 secs] [Times: user=0.03 sys=0.00, real=0.01 secs] 
2020-10-29T14:48:48.629+0000: [CMS-concurrent-reset-start]
2020-10-29T14:48:48.631+0000: [CMS-concurrent-reset: 0.002/0.002 secs] [Times: user=0.00 sys=0.00, real=0.00 secs] 
2020-10-29T14:48:48.641+0000: [GC (Allocation Failure) 2020-10-29T14:48:48.641+0000: [ParNew: 16388K->4K(18432K), 0.0022480 secs] 312217K->295833K(511484K), 0.0023004 secs] [Times: user=0.00 sys=0.00, real=0.00 secs] 
2020-10-29T14:48:48.657+0000: [GC (Allocation Failure) 2020-10-29T14:48:48.657+0000: [ParNew: 16388K->4K(18432K), 0.0021689 secs] 312217K->295833K(511484K), 0.0022228 secs] [Times: user=0.00 sys=0.00, real=0.00 secs] 
2020-10-29T14:48:48.674+0000: [GC (Allocation Failure) 2020-10-29T14:48:48.674+0000: [ParNew: 16388K->4K(18432K), 0.0022911 secs] 312217K->295833K(511484K), 0.0023460 secs] [Times: user=0.01 sys=0.00, real=0.00 secs] 
2020-10-29T14:48:48.691+0000: [GC (Allocation Failure) 2020-10-29T14:48:48.691+0000: [ParNew: 16388K->4K(18432K), 0.0021686 secs] 312217K->295833K(511484K), 0.0022239 secs] [Times: user=0.00 sys=0.00, real=0.01 secs] 
2020-10-29T14:48:48.708+0000: [GC (Allocation Failure) 2020-10-29T14:48:48.709+0000: [ParNew: 16388K->4K(18432K), 0.0021858 secs] 312217K->295833K(511484K), 0.0022407 secs] [Times: user=0.00 sys=0.00, real=0.00 secs] 
2020-10-29T14:48:48.728+0000: [GC (Allocation Failure) 2020-10-29T14:48:48.729+0000: [ParNew: 16388K->4K(18432K), 0.0021435 secs] 312217K->295833K(511484K), 0.0021962 secs] [Times: user=0.00 sys=0.00, real=0.00 secs] 
2020-10-29T14:48:48.745+0000: [GC (Allocation Failure) 2020-10-29T14:48:48.745+0000: [ParNew: 16388K->4K(18432K), 0.0021158 secs] 312217K->295833K(511484K), 0.0021698 secs] [Times: user=0.00 sys=0.00, real=0.00 secs] 
2020-10-29T14:48:48.762+0000: [GC (Allocation Failure) 2020-10-29T14:48:48.762+0000: [ParNew: 16388K->4K(18432K), 0.0021889 secs] 312217K->295833K(511484K), 0.0022458 secs] [Times: user=0.01 sys=0.00, real=0.00 secs] 
2020-10-29T14:48:48.779+0000: [GC (Allocation Failure) 2020-10-29T14:48:48.779+0000: [ParNew: 16388K->4K(18432K), 0.0021645 secs] 312217K->295833K(511484K), 0.0022186 secs] [Times: user=0.01 sys=0.00, real=0.00 secs] 
2020-10-29T14:48:48.796+0000: [GC (Allocation Failure) 2020-10-29T14:48:48.797+0000: [ParNew: 16388K->4K(18432K), 0.0021747 secs] 312217K->295833K(511484K), 0.0022316 secs] [Times: user=0.00 sys=0.00, real=0.00 secs] 
2020-10-29T14:48:48.813+0000: [GC (Allocation Failure) 2020-10-29T14:48:48.813+0000: [ParNew: 16388K->4K(18432K), 0.0021897 secs] 312217K->295833K(511484K), 0.0022464 secs] [Times: user=0.01 sys=0.00, real=0.00 secs] 
2020-10-29T14:48:48.830+0000: [GC (Allocation Failure) 2020-10-29T14:48:48.830+0000: [ParNew: 16388K->4K(18432K), 0.0023083 secs] 312217K->295833K(511484K), 0.0023798 secs] [Times: user=0.01 sys=0.00, real=0.01 secs] 
2020-10-29T14:48:48.841+0000: [GC (Allocation Failure) 2020-10-29T14:48:48.841+0000: [ParNew: 16388K->4K(18432K), 0.0031716 secs] 312217K->304025K(511484K), 0.0032330 secs] [Times: user=0.01 sys=0.00, real=0.01 secs] 
2020-10-29T14:48:48.845+0000: [GC (CMS Initial Mark) [1 CMS-initial-mark: 304021K(493052K)] 304164K(511484K), 0.0013994 secs] [Times: user=0.00 sys=0.00, real=0.00 secs] 
2020-10-29T14:48:48.846+0000: [CMS-concurrent-mark-start]
2020-10-29T14:48:48.880+0000: [GC (Allocation Failure) 2020-10-29T14:48:48.880+0000: [ParNew: 16388K->4K(18432K), 0.0022424 secs] 320409K->304025K(511484K), 0.0023028 secs] [Times: user=0.00 sys=0.00, real=0.00 secs] 
2020-10-29T14:48:48.928+0000: [GC (Allocation Failure) 2020-10-29T14:48:48.928+0000: [ParNew: 16388K->4K(18432K), 0.0021840 secs] 320409K->304025K(511484K), 0.0022440 secs] [Times: user=0.00 sys=0.00, real=0.00 secs] 
2020-10-29T14:48:48.946+0000: [CMS-concurrent-mark: 0.089/0.100 secs] [Times: user=0.19 sys=0.01, real=0.10 secs] 
2020-10-29T14:48:48.947+0000: [CMS-concurrent-preclean-start]
2020-10-29T14:48:48.949+0000: [CMS-concurrent-preclean: 0.002/0.002 secs] [Times: user=0.01 sys=0.00, real=0.00 secs] 
2020-10-29T14:48:48.949+0000: [CMS-concurrent-abortable-preclean-start]
2020-10-29T14:48:48.957+0000: [GC (Allocation Failure) 2020-10-29T14:48:48.957+0000: [ParNew: 16388K->4K(18432K), 0.0018722 secs] 320409K->304025K(511484K), 0.0019172 secs] [Times: user=0.01 sys=0.00, real=0.00 secs] 
2020-10-29T14:48:48.986+0000: [GC (Allocation Failure) 2020-10-29T14:48:48.986+0000: [ParNew: 16388K->4K(18432K), 0.0022398 secs] 320409K->304025K(511484K), 0.0022988 secs] [Times: user=0.01 sys=0.00, real=0.00 secs] 
2020-10-29T14:48:49.016+0000: [GC (Allocation Failure) 2020-10-29T14:48:49.016+0000: [ParNew: 16388K->4K(18432K), 0.0022536 secs] 320409K->304025K(511484K), 0.0023285 secs] [Times: user=0.01 sys=0.00, real=0.00 secs] 
2020-10-29T14:48:49.049+0000: [GC (Allocation Failure) 2020-10-29T14:48:49.049+0000: [ParNew: 16388K->4K(18432K), 0.0022284 secs] 320409K->304025K(511484K), 0.0022890 secs] [Times: user=0.00 sys=0.00, real=0.00 secs] 
2020-10-29T14:48:49.151+0000: [GC (Allocation Failure) 2020-10-29T14:48:49.151+0000: [ParNew: 16388K->4K(18432K), 0.0023207 secs] 320409K->304026K(511484K), 0.0023826 secs] [Times: user=0.01 sys=0.00, real=0.01 secs] 
2020-10-29T14:48:49.154+0000: [CMS-concurrent-abortable-preclean: 0.008/0.205 secs] [Times: user=0.38 sys=0.01, real=0.21 secs] 
2020-10-29T14:48:49.154+0000: [GC (CMS Final Remark) [YG occupancy: 311 K (18432 K)]2020-10-29T14:48:49.154+0000: [Rescan (parallel) , 0.0015011 secs]2020-10-29T14:48:49.156+0000: [weak refs processing, 0.0000451 secs]2020-10-29T14:48:49.156+0000: [class unloading, 0.0112216 secs]2020-10-29T14:48:49.167+0000: [scrub symbol table, 0.0094871 secs]2020-10-29T14:48:49.176+0000: [scrub string table, 0.0005870 secs][1 CMS-remark: 304022K(493052K)] 304333K(511484K), 0.0229633 secs] [Times: user=0.02 sys=0.00, real=0.02 secs] 
2020-10-29T14:48:49.177+0000: [CMS-concurrent-sweep-start]
2020-10-29T14:48:49.220+0000: [CMS-concurrent-sweep: 0.043/0.043 secs] [Times: user=0.09 sys=0.00, real=0.04 secs] 
2020-10-29T14:48:49.221+0000: [CMS-concurrent-reset-start]
2020-10-29T14:48:49.222+0000: [CMS-concurrent-reset: 0.002/0.002 secs] [Times: user=0.00 sys=0.00, real=0.00 secs] 
2020-10-29T14:48:49.374+0000: [GC (Allocation Failure) 2020-10-29T14:48:49.374+0000: [ParNew: 16388K->8K(18432K), 0.0027648 secs] 320249K->303869K(524872K), 0.0028267 secs] [Times: user=0.00 sys=0.00, real=0.00 secs] 
2020-10-29T14:48:49.521+0000: [GC (Allocation Failure) 2020-10-29T14:48:49.521+0000: [ParNew: 16392K->8K(18432K), 0.0023223 secs] 320253K->303869K(524872K), 0.0024103 secs] [Times: user=0.00 sys=0.00, real=0.00 secs] 
2020-10-29T14:48:50.247+0000: [GC (Allocation Failure) 2020-10-29T14:48:50.247+0000: [ParNew: 16392K->2047K(18432K), 0.0058266 secs] 320253K->306046K(524872K), 0.0059246 secs] [Times: user=0.02 sys=0.00, real=0.01 secs] 
2020-10-29T14:48:50.287+0000: [GC (Allocation Failure) 2020-10-29T14:48:50.287+0000: [ParNew: 18431K->545K(18432K), 0.0067534 secs] 322430K->306448K(524872K), 0.0068359 secs] [Times: user=0.02 sys=0.00, real=0.01 secs] 
2020-10-29T14:48:50.328+0000: [GC (Allocation Failure) 2020-10-29T14:48:50.329+0000: [ParNew: 16929K->394K(18432K), 0.0023859 secs] 322832K->306298K(524872K), 0.0024631 secs] [Times: user=0.01 sys=0.00, real=0.00 secs] 
2020-10-29T14:48:50.362+0000: [GC (Allocation Failure) 2020-10-29T14:48:50.362+0000: [ParNew: 16778K->421K(18432K), 0.0023805 secs] 322682K->306324K(524872K), 0.0024712 secs] [Times: user=0.00 sys=0.00, real=0.01 secs] 
2020-10-29T14:48:50.394+0000: [GC (Allocation Failure) 2020-10-29T14:48:50.394+0000: [ParNew: 16805K->532K(18432K), 0.0023994 secs] 322708K->306436K(524872K), 0.0024800 secs] [Times: user=0.01 sys=0.00, real=0.00 secs] 
2020-10-29T14:48:50.427+0000: [GC (Allocation Failure) 2020-10-29T14:48:50.427+0000: [ParNew: 16916K->786K(18432K), 0.0024396 secs] 322820K->306690K(524872K), 0.0025178 secs] [Times: user=0.00 sys=0.00, real=0.00 secs] 
2020-10-29T14:48:50.460+0000: [GC (Allocation Failure) 2020-10-29T14:48:50.460+0000: [ParNew: 17170K->784K(18432K), 0.0024022 secs] 323074K->306687K(524872K), 0.0024802 secs] [Times: user=0.00 sys=0.00, real=0.00 secs] 
2020-10-29T14:48:50.492+0000: [GC (Allocation Failure) 2020-10-29T14:48:50.492+0000: [ParNew: 17168K->1285K(18432K), 0.0026053 secs] 323071K->307200K(524872K), 0.0026853 secs] [Times: user=0.01 sys=0.00, real=0.01 secs] 
2020-10-29T14:48:50.526+0000: [GC (Allocation Failure) 2020-10-29T14:48:50.526+0000: [ParNew: 17669K->516K(18432K), 0.0024635 secs] 323584K->306943K(524872K), 0.0025488 secs] [Times: user=0.00 sys=0.00, real=0.00 secs] 
2020-10-29T14:48:50.561+0000: [GC (Allocation Failure) 2020-10-29T14:48:50.561+0000: [ParNew: 16900K->1028K(18432K), 0.0024200 secs] 323327K->307455K(524872K), 0.0024821 secs] [Times: user=0.00 sys=0.00, real=0.00 secs] 
2020-10-29T14:48:50.600+0000: [GC (Allocation Failure) 2020-10-29T14:48:50.600+0000: [ParNew: 17412K->4K(18432K), 0.0025978 secs] 323839K->306943K(524872K), 0.0026738 secs] [Times: user=0.01 sys=0.00, real=0.00 secs] 
2020-10-29T14:48:50.635+0000: [GC (Allocation Failure) 2020-10-29T14:48:50.635+0000: [ParNew: 16388K->4K(18432K), 0.0022952 secs] 323327K->306943K(524872K), 0.0023776 secs] [Times: user=0.01 sys=0.00, real=0.00 secs] 
2020-10-29T14:48:50.675+0000: [GC (Allocation Failure) 2020-10-29T14:48:50.675+0000: [ParNew: 16388K->4K(18432K), 0.0023714 secs] 323327K->306943K(524872K), 0.0024521 secs] [Times: user=0.01 sys=0.00, real=0.00 secs] 
2020-10-29T14:48:50.712+0000: [GC (Allocation Failure) 2020-10-29T14:48:50.712+0000: [ParNew: 16388K->1028K(18432K), 0.0025852 secs] 323327K->308991K(524872K), 0.0026771 secs] [Times: user=0.01 sys=0.00, real=0.01 secs] 
2020-10-29T14:48:50.753+0000: [GC (Allocation Failure) 2020-10-29T14:48:50.753+0000: [ParNew: 17412K->4K(18432K), 0.0023785 secs] 325375K->307967K(524872K), 0.0024598 secs] [Times: user=0.00 sys=0.00, real=0.00 secs] 
2020-10-29T14:48:50.787+0000: [GC (Allocation Failure) 2020-10-29T14:48:50.787+0000: [ParNew: 16388K->4K(18432K), 0.0022971 secs] 324351K->307967K(524872K), 0.0023753 secs] [Times: user=0.01 sys=0.00, real=0.00 secs] 
2020-10-29T14:48:50.826+0000: [GC (Allocation Failure) 2020-10-29T14:48:50.826+0000: [ParNew: 16388K->4K(18432K), 0.0023025 secs] 324351K->307967K(524872K), 0.0023823 secs] [Times: user=0.01 sys=0.00, real=0.00 secs] 
2020-10-29T14:48:50.853+0000: [GC (Allocation Failure) 2020-10-29T14:48:50.853+0000: [ParNew: 16388K->1028K(18432K), 0.0026429 secs] 324351K->310015K(524872K), 0.0027250 secs] [Times: user=0.00 sys=0.00, real=0.00 secs] 
2020-10-29T14:48:50.886+0000: [GC (Allocation Failure) 2020-10-29T14:48:50.886+0000: [ParNew: 17412K->4K(18432K), 0.0023901 secs] 326399K->308991K(524872K), 0.0024513 secs] [Times: user=0.00 sys=0.00, real=0.00 secs] 
2020-10-29T14:48:50.925+0000: [GC (Allocation Failure) 2020-10-29T14:48:50.925+0000: [ParNew: 16388K->4K(18432K), 0.0022869 secs] 325375K->308991K(524872K), 0.0023463 secs] [Times: user=0.01 sys=0.00, real=0.00 secs] 
2020-10-29T14:48:50.949+0000: [GC (Allocation Failure) 2020-10-29T14:48:50.949+0000: [ParNew: 16388K->2K(18432K), 0.0038261 secs] 325375K->308989K(524872K), 0.0038858 secs] [Times: user=0.00 sys=0.00, real=0.01 secs] 
2020-10-29T14:48:50.985+0000: [GC (Allocation Failure) 2020-10-29T14:48:50.985+0000: [ParNew: 16386K->4K(18432K), 0.0022872 secs] 325373K->308991K(524872K), 0.0023705 secs] [Times: user=0.00 sys=0.00, real=0.00 secs] 
2020-10-29T14:48:51.016+0000: [GC (Allocation Failure) 2020-10-29T14:48:51.016+0000: [ParNew: 16388K->4K(18432K), 0.0022972 secs] 325375K->308991K(524872K), 0.0023575 secs] [Times: user=0.00 sys=0.00, real=0.00 secs] 
2020-10-29T14:48:51.057+0000: [GC (Allocation Failure) 2020-10-29T14:48:51.057+0000: [ParNew: 16388K->4K(18432K), 0.0024030 secs] 325375K->308991K(524872K), 0.0024844 secs] [Times: user=0.00 sys=0.00, real=0.00 secs] 
2020-10-29T14:48:51.093+0000: [GC (Allocation Failure) 2020-10-29T14:48:51.093+0000: [ParNew: 16388K->4K(18432K), 0.0022924 secs] 325375K->308991K(524872K), 0.0023763 secs] [Times: user=0.00 sys=0.00, real=0.00 secs] 
2020-10-29T14:48:51.126+0000: [GC (Allocation Failure) 2020-10-29T14:48:51.126+0000: [ParNew: 16388K->4K(18432K), 0.0023107 secs] 325375K->308991K(524872K), 0.0023880 secs] [Times: user=0.01 sys=0.00, real=0.00 secs] 
2020-10-29T14:48:51.149+0000: [GC (Allocation Failure) 2020-10-29T14:48:51.149+0000: [ParNew: 16388K->4K(18432K), 0.0027094 secs] 325375K->311039K(524872K), 0.0027932 secs] [Times: user=0.00 sys=0.00, real=0.00 secs] 
2020-10-29T14:48:51.169+0000: [GC (Allocation Failure) 2020-10-29T14:48:51.169+0000: [ParNew: 16388K->4K(18432K), 0.0023029 secs] 327423K->311039K(524872K), 0.0023747 secs] [Times: user=0.01 sys=0.00, real=0.00 secs] 
2020-10-29T14:48:51.207+0000: [GC (Allocation Failure) 2020-10-29T14:48:51.207+0000: [ParNew: 16388K->4K(18432K), 0.0023974 secs] 327423K->311039K(524872K), 0.0024771 secs] [Times: user=0.00 sys=0.00, real=0.00 secs] 
2020-10-29T14:48:51.240+0000: [GC (Allocation Failure) 2020-10-29T14:48:51.241+0000: [ParNew: 16388K->4K(18432K), 0.0022891 secs] 327423K->311039K(524872K), 0.0023498 secs] [Times: user=0.00 sys=0.00, real=0.00 secs] 
2020-10-29T14:48:51.260+0000: [GC (Allocation Failure) 2020-10-29T14:48:51.260+0000: [ParNew: 16388K->4K(18432K), 0.0023230 secs] 327423K->311039K(524872K), 0.0023840 secs] [Times: user=0.01 sys=0.00, real=0.00 secs] 
2020-10-29T14:48:51.275+0000: [GC (Allocation Failure) 2020-10-29T14:48:51.275+0000: [ParNew: 16388K->4K(18432K), 0.0025581 secs] 327423K->313087K(524872K), 0.0026146 secs] [Times: user=0.01 sys=0.00, real=0.00 secs] 
2020-10-29T14:48:51.292+0000: [GC (Allocation Failure) 2020-10-29T14:48:51.293+0000: [ParNew: 16388K->4K(18432K), 0.0022331 secs] 329471K->313088K(524872K), 0.0022867 secs] [Times: user=0.01 sys=0.00, real=0.00 secs] 
2020-10-29T14:48:51.309+0000: [GC (Allocation Failure) 2020-10-29T14:48:51.309+0000: [ParNew: 16388K->4K(18432K), 0.0022353 secs] 329472K->313088K(524872K), 0.0022903 secs] [Times: user=0.00 sys=0.00, real=0.00 secs] 
2020-10-29T14:48:51.326+0000: [GC (Allocation Failure) 2020-10-29T14:48:51.326+0000: [ParNew: 16388K->4K(18432K), 0.0022147 secs] 329472K->313088K(524872K), 0.0022703 secs] [Times: user=0.00 sys=0.00, real=0.00 secs] 
2020-10-29T14:48:51.345+0000: [GC (Allocation Failure) 2020-10-29T14:48:51.345+0000: [ParNew: 16388K->4K(18432K), 0.0022707 secs] 329472K->313088K(524872K), 0.0023296 secs] [Times: user=0.00 sys=0.00, real=0.00 secs] 
2020-10-29T14:48:51.362+0000: [GC (Allocation Failure) 2020-10-29T14:48:51.362+0000: [ParNew: 16388K->4K(18432K), 0.0022749 secs] 329472K->313088K(524872K), 0.0023543 secs] [Times: user=0.00 sys=0.00, real=0.00 secs] 
2020-10-29T14:48:51.380+0000: [GC (Allocation Failure) 2020-10-29T14:48:51.381+0000: [ParNew: 16388K->4K(18432K), 0.0023086 secs] 329472K->313088K(524872K), 0.0023701 secs] [Times: user=0.00 sys=0.00, real=0.00 secs] 
2020-10-29T14:48:51.401+0000: [GC (Allocation Failure) 2020-10-29T14:48:51.401+0000: [ParNew: 16388K->4K(18432K), 0.0022893 secs] 329472K->313088K(524872K), 0.0023489 secs] [Times: user=0.01 sys=0.00, real=0.00 secs] 
2020-10-29T14:48:51.421+0000: [GC (Allocation Failure) 2020-10-29T14:48:51.421+0000: [ParNew: 16388K->4K(18432K), 0.0022579 secs] 329472K->313088K(524872K), 0.0023152 secs] [Times: user=0.00 sys=0.00, real=0.00 secs] 
2020-10-29T14:48:51.437+0000: [GC (Allocation Failure) 2020-10-29T14:48:51.437+0000: [ParNew: 16388K->4K(18432K), 0.0022043 secs] 329472K->313088K(524872K), 0.0023011 secs] [Times: user=0.01 sys=0.00, real=0.00 secs] 
2020-10-29T14:48:51.454+0000: [GC (Allocation Failure) 2020-10-29T14:48:51.454+0000: [ParNew: 16388K->4K(18432K), 0.0022703 secs] 329472K->313088K(524872K), 0.0023279 secs] [Times: user=0.00 sys=0.00, real=0.00 secs] 
2020-10-29T14:48:51.471+0000: [GC (Allocation Failure) 2020-10-29T14:48:51.471+0000: [ParNew: 16388K->4K(18432K), 0.0022584 secs] 329472K->313088K(524872K), 0.0023142 secs] [Times: user=0.01 sys=0.00, real=0.01 secs] 
2020-10-29T14:48:51.488+0000: [GC (Allocation Failure) 2020-10-29T14:48:51.489+0000: [ParNew: 16388K->4K(18432K), 0.0021918 secs] 329472K->313088K(524872K), 0.0022458 secs] [Times: user=0.01 sys=0.01, real=0.00 secs] 
2020-10-29T14:48:51.505+0000: [GC (Allocation Failure) 2020-10-29T14:48:51.505+0000: [ParNew: 16388K->4K(18432K), 0.0023066 secs] 329472K->313088K(524872K), 0.0023661 secs] [Times: user=0.01 sys=0.00, real=0.00 secs] 
2020-10-29T14:48:51.525+0000: [GC (Allocation Failure) 2020-10-29T14:48:51.525+0000: [ParNew: 16388K->4K(18432K), 0.0022617 secs] 329472K->313088K(524872K), 0.0023198 secs] [Times: user=0.00 sys=0.00, real=0.00 secs] 
2020-10-29T14:48:51.541+0000: [GC (Allocation Failure) 2020-10-29T14:48:51.541+0000: [ParNew: 16388K->4K(18432K), 0.0021450 secs] 329472K->313088K(524872K), 0.0021989 secs] [Times: user=0.01 sys=0.00, real=0.00 secs] 
2020-10-29T14:48:51.560+0000: [GC (Allocation Failure) 2020-10-29T14:48:51.561+0000: [ParNew: 16388K->4K(18432K), 0.0022817 secs] 329472K->313088K(524872K), 0.0023384 secs] [Times: user=0.00 sys=0.00, real=0.00 secs] 
2020-10-29T14:48:51.577+0000: [GC (Allocation Failure) 2020-10-29T14:48:51.577+0000: [ParNew: 16388K->4K(18432K), 0.0021643 secs] 329472K->313088K(524872K), 0.0022177 secs] [Times: user=0.01 sys=0.00, real=0.00 secs] 
2020-10-29T14:48:51.594+0000: [GC (Allocation Failure) 2020-10-29T14:48:51.594+0000: [ParNew: 16388K->4K(18432K), 0.0022238 secs] 329472K->313088K(524872K), 0.0022798 secs] [Times: user=0.01 sys=0.00, real=0.00 secs] 
2020-10-29T14:48:51.612+0000: [GC (Allocation Failure) 2020-10-29T14:48:51.612+0000: [ParNew: 16388K->4K(18432K), 0.0022910 secs] 329472K->313088K(524872K), 0.0023475 secs] [Times: user=0.00 sys=0.00, real=0.01 secs] 
2020-10-29T14:48:51.628+0000: [GC (Allocation Failure) 2020-10-29T14:48:51.629+0000: [ParNew: 13276K->4K(18432K), 0.0021070 secs] 326361K->313088K(524872K), 0.0021590 secs] [Times: user=0.01 sys=0.00, real=0.00 secs] 
2020-10-29T14:48:51.640+0000: [GC (Allocation Failure) 2020-10-29T14:48:51.640+0000: [ParNew: 16388K->4K(18432K), 0.0034921 secs] 329472K->321280K(524872K), 0.0035497 secs] [Times: user=0.00 sys=0.00, real=0.00 secs] 
2020-10-29T14:48:51.644+0000: [GC (CMS Initial Mark) [1 CMS-initial-mark: 321276K(506440K)] 321446K(524872K), 0.0014851 secs] [Times: user=0.00 sys=0.00, real=0.01 secs] 
2020-10-29T14:48:51.645+0000: [CMS-concurrent-mark-start]
2020-10-29T14:48:51.676+0000: [GC (Allocation Failure) 2020-10-29T14:48:51.677+0000: [ParNew: 16388K->4K(18432K), 0.0023185 secs] 337664K->321280K(524872K), 0.0023786 secs] [Times: user=0.01 sys=0.00, real=0.00 secs] 
2020-10-29T14:48:51.698+0000: [GC (Allocation Failure) 2020-10-29T14:48:51.698+0000: [ParNew: 16388K->4K(18432K), 0.0021093 secs] 337664K->321280K(524872K), 0.0021657 secs] [Times: user=0.01 sys=0.00, real=0.00 secs] 
2020-10-29T14:48:51.719+0000: [CMS-concurrent-mark: 0.058/0.074 secs] [Times: user=0.14 sys=0.00, real=0.07 secs] 
2020-10-29T14:48:51.720+0000: [GC (Allocation Failure) 2020-10-29T14:48:51.720+0000: [ParNew: 16388K->4K(18432K), 0.0022898 secs] 337664K->321280K(524872K), 0.0023343 secs] [Times: user=0.00 sys=0.00, real=0.00 secs] 
2020-10-29T14:48:51.728+0000: [CMS-concurrent-preclean-start]
2020-10-29T14:48:51.731+0000: [CMS-concurrent-preclean: 0.002/0.002 secs] [Times: user=0.01 sys=0.00, real=0.00 secs] 
2020-10-29T14:48:51.731+0000: [CMS-concurrent-abortable-preclean-start]
2020-10-29T14:48:51.740+0000: [GC (Allocation Failure) 2020-10-29T14:48:51.741+0000: [ParNew: 16388K->4K(18432K), 0.0019302 secs] 337664K->321280K(524872K), 0.0019889 secs] [Times: user=0.01 sys=0.00, real=0.00 secs] 
2020-10-29T14:48:51.760+0000: [GC (Allocation Failure) 2020-10-29T14:48:51.761+0000: [ParNew: 16388K->4K(18432K), 0.0021458 secs] 337664K->321280K(524872K), 0.0022021 secs] [Times: user=0.00 sys=0.00, real=0.00 secs] 
2020-10-29T14:48:51.778+0000: [GC (Allocation Failure) 2020-10-29T14:48:51.778+0000: [ParNew: 16388K->4K(18432K), 0.0022121 secs] 337664K->321280K(524872K), 0.0022698 secs] [Times: user=0.00 sys=0.00, real=0.00 secs] 
2020-10-29T14:48:51.800+0000: [GC (Allocation Failure) 2020-10-29T14:48:51.801+0000: [ParNew: 16388K->4K(18432K), 0.0020947 secs] 337664K->321280K(524872K), 0.0021514 secs] [Times: user=0.00 sys=0.00, real=0.00 secs] 
2020-10-29T14:48:51.818+0000: [GC (Allocation Failure) 2020-10-29T14:48:51.818+0000: [ParNew: 16388K->4K(18432K), 0.0020983 secs] 337664K->321280K(524872K), 0.0021562 secs] [Times: user=0.00 sys=0.00, real=0.00 secs] 
2020-10-29T14:48:51.835+0000: [GC (Allocation Failure) 2020-10-29T14:48:51.835+0000: [ParNew: 16388K->4K(18432K), 0.0020336 secs] 337664K->321280K(524872K), 0.0020868 secs] [Times: user=0.01 sys=0.00, real=0.00 secs] 
2020-10-29T14:48:51.853+0000: [GC (Allocation Failure) 2020-10-29T14:48:51.853+0000: [ParNew: 16388K->4K(18432K), 0.0021331 secs] 337664K->321280K(524872K), 0.0021891 secs] [Times: user=0.00 sys=0.00, real=0.00 secs] 
2020-10-29T14:48:51.870+0000: [GC (Allocation Failure) 2020-10-29T14:48:51.871+0000: [ParNew: 16388K->4K(18432K), 0.0021098 secs] 337664K->321280K(524872K), 0.0021649 secs] [Times: user=0.00 sys=0.00, real=0.01 secs] 
2020-10-29T14:48:51.892+0000: [GC (Allocation Failure) 2020-10-29T14:48:51.892+0000: [ParNew: 16388K->4K(18432K), 0.0022254 secs] 337664K->321280K(524872K), 0.0022839 secs] [Times: user=0.00 sys=0.00, real=0.01 secs] 
2020-10-29T14:48:51.912+0000: [GC (Allocation Failure) 2020-10-29T14:48:51.913+0000: [ParNew: 16388K->4K(18432K), 0.0021275 secs] 337664K->321280K(524872K), 0.0021823 secs] [Times: user=0.01 sys=0.00, real=0.00 secs] 
2020-10-29T14:48:51.932+0000: [GC (Allocation Failure) 2020-10-29T14:48:51.933+0000: [ParNew: 16388K->4K(18432K), 0.0022186 secs] 337664K->321280K(524872K), 0.0022762 secs] [Times: user=0.00 sys=0.00, real=0.00 secs] 
2020-10-29T14:48:51.953+0000: [GC (Allocation Failure) 2020-10-29T14:48:51.953+0000: [ParNew: 16388K->4K(18432K), 0.0022660 secs] 337664K->321280K(524872K), 0.0023244 secs] [Times: user=0.01 sys=0.00, real=0.00 secs] 
2020-10-29T14:48:51.972+0000: [GC (Allocation Failure) 2020-10-29T14:48:51.973+0000: [ParNew: 16388K->4K(18432K), 0.0020885 secs] 337664K->321280K(524872K), 0.0021402 secs] [Times: user=0.00 sys=0.00, real=0.00 secs] 
2020-10-29T14:48:51.990+0000: [GC (Allocation Failure) 2020-10-29T14:48:51.990+0000: [ParNew: 16388K->4K(18432K), 0.0020011 secs] 337664K->321280K(524872K), 0.0020533 secs] [Times: user=0.01 sys=0.00, real=0.00 secs] 
2020-10-29T14:48:52.008+0000: [GC (Allocation Failure) 2020-10-29T14:48:52.009+0000: [ParNew: 16388K->4K(18432K), 0.0019753 secs] 337664K->321280K(524872K), 0.0020257 secs] [Times: user=0.01 sys=0.00, real=0.00 secs] 
2020-10-29T14:48:52.026+0000: [GC (Allocation Failure) 2020-10-29T14:48:52.026+0000: [ParNew: 16388K->4K(18432K), 0.0020413 secs] 337664K->321280K(524872K), 0.0020949 secs] [Times: user=0.00 sys=0.00, real=0.00 secs] 
2020-10-29T14:48:52.043+0000: [GC (Allocation Failure) 2020-10-29T14:48:52.043+0000: [ParNew: 16388K->4K(18432K), 0.0021894 secs] 337664K->321280K(524872K), 0.0022460 secs] [Times: user=0.00 sys=0.00, real=0.01 secs] 
2020-10-29T14:48:52.061+0000: [GC (Allocation Failure) 2020-10-29T14:48:52.061+0000: [ParNew: 16388K->4K(18432K), 0.0021632 secs] 337664K->321280K(524872K), 0.0022237 secs] [Times: user=0.00 sys=0.00, real=0.00 secs] 
2020-10-29T14:48:52.079+0000: [GC (Allocation Failure) 2020-10-29T14:48:52.079+0000: [ParNew: 16388K->4K(18432K), 0.0023040 secs] 337664K->321281K(524872K), 0.0023626 secs] [Times: user=0.01 sys=0.00, real=0.00 secs] 
2020-10-29T14:48:52.096+0000: [GC (Allocation Failure) 2020-10-29T14:48:52.096+0000: [ParNew: 16388K->4K(18432K), 0.0022223 secs] 337665K->321281K(524872K), 0.0022791 secs] [Times: user=0.00 sys=0.00, real=0.00 secs] 
2020-10-29T14:48:52.117+0000: [GC (Allocation Failure) 2020-10-29T14:48:52.117+0000: [ParNew: 16388K->4K(18432K), 0.0023136 secs] 337665K->321281K(524872K), 0.0023721 secs] [Times: user=0.01 sys=0.00, real=0.00 secs] 
2020-10-29T14:48:52.137+0000: [GC (Allocation Failure) 2020-10-29T14:48:52.137+0000: [ParNew: 16388K->4K(18432K), 0.0022208 secs] 337665K->321281K(524872K), 0.0022780 secs] [Times: user=0.00 sys=0.00, real=0.00 secs] 
2020-10-29T14:48:52.156+0000: [GC (Allocation Failure) 2020-10-29T14:48:52.157+0000: [ParNew: 16388K->4K(18432K), 0.0021935 secs] 337665K->321281K(524872K), 0.0022512 secs] [Times: user=0.01 sys=0.00, real=0.00 secs] 
2020-10-29T14:48:52.178+0000: [GC (Allocation Failure) 2020-10-29T14:48:52.178+0000: [ParNew: 16388K->4K(18432K), 0.0021835 secs] 337665K->321281K(524872K), 0.0022409 secs] [Times: user=0.00 sys=0.00, real=0.00 secs] 
2020-10-29T14:48:52.197+0000: [GC (Allocation Failure) 2020-10-29T14:48:52.197+0000: [ParNew: 16388K->4K(18432K), 0.0021423 secs] 337665K->321281K(524872K), 0.0021981 secs] [Times: user=0.00 sys=0.00, real=0.00 secs] 
2020-10-29T14:48:52.214+0000: [GC (Allocation Failure) 2020-10-29T14:48:52.214+0000: [ParNew: 16388K->4K(18432K), 0.0020515 secs] 337665K->321281K(524872K), 0.0021238 secs] [Times: user=0.00 sys=0.00, real=0.00 secs] 
2020-10-29T14:48:52.233+0000: [GC (Allocation Failure) 2020-10-29T14:48:52.233+0000: [ParNew: 16388K->4K(18432K), 0.0026521 secs] 337665K->321281K(524872K), 0.0027092 secs] [Times: user=0.00 sys=0.00, real=0.00 secs] 
2020-10-29T14:48:52.252+0000: [GC (Allocation Failure) 2020-10-29T14:48:52.253+0000: [ParNew: 16388K->4K(18432K), 0.0021884 secs] 337665K->321281K(524872K), 0.0022457 secs] [Times: user=0.00 sys=0.00, real=0.00 secs] 
2020-10-29T14:48:52.272+0000: [GC (Allocation Failure) 2020-10-29T14:48:52.272+0000: [ParNew: 16388K->4K(18432K), 0.0020411 secs] 337665K->321281K(524872K), 0.0020954 secs] [Times: user=0.01 sys=0.00, real=0.00 secs] 
2020-10-29T14:48:52.289+0000: [GC (Allocation Failure) 2020-10-29T14:48:52.289+0000: [ParNew: 16388K->4K(18432K), 0.0021888 secs] 337665K->321281K(524872K), 0.0022460 secs] [Times: user=0.00 sys=0.00, real=0.00 secs] 
2020-10-29T14:48:52.307+0000: [GC (Allocation Failure) 2020-10-29T14:48:52.307+0000: [ParNew: 16388K->4K(18432K), 0.0021280 secs] 337665K->321281K(524872K), 0.0021833 secs] [Times: user=0.00 sys=0.00, real=0.00 secs] 
2020-10-29T14:48:52.329+0000: [GC (Allocation Failure) 2020-10-29T14:48:52.329+0000: [ParNew: 16388K->4K(18432K), 0.0022219 secs] 337665K->321281K(524872K), 0.0022805 secs] [Times: user=0.01 sys=0.00, real=0.00 secs] 
2020-10-29T14:48:52.346+0000: [GC (Allocation Failure) 2020-10-29T14:48:52.346+0000: [ParNew: 16388K->4K(18432K), 0.0019740 secs] 337665K->321281K(524872K), 0.0020299 secs] [Times: user=0.01 sys=0.00, real=0.00 secs] 
2020-10-29T14:48:52.364+0000: [GC (Allocation Failure) 2020-10-29T14:48:52.365+0000: [ParNew: 16388K->4K(18432K), 0.0020901 secs] 337665K->321281K(524872K), 0.0021452 secs] [Times: user=0.00 sys=0.00, real=0.00 secs] 
2020-10-29T14:48:52.384+0000: [GC (Allocation Failure) 2020-10-29T14:48:52.385+0000: [ParNew: 16388K->4K(18432K), 0.0021944 secs] 337665K->321281K(524872K), 0.0022519 secs] [Times: user=0.01 sys=0.00, real=0.00 secs] 
2020-10-29T14:48:52.402+0000: [GC (Allocation Failure) 2020-10-29T14:48:52.402+0000: [ParNew: 16388K->4K(18432K), 0.0022597 secs] 337665K->321281K(524872K), 0.0023182 secs] [Times: user=0.00 sys=0.00, real=0.00 secs] 
2020-10-29T14:48:52.421+0000: [GC (Allocation Failure) 2020-10-29T14:48:52.421+0000: [ParNew: 16388K->4K(18432K), 0.0022831 secs] 337665K->321281K(524872K), 0.0023486 secs] [Times: user=0.00 sys=0.00, real=0.00 secs] 
2020-10-29T14:48:52.438+0000: [GC (Allocation Failure) 2020-10-29T14:48:52.438+0000: [ParNew: 16388K->4K(18432K), 0.0023071 secs] 337665K->321281K(524872K), 0.0023672 secs] [Times: user=0.01 sys=0.00, real=0.00 secs] 
2020-10-29T14:48:52.456+0000: [GC (Allocation Failure) 2020-10-29T14:48:52.456+0000: [ParNew: 16388K->4K(18432K), 0.0022054 secs] 337665K->321281K(524872K), 0.0022721 secs] [Times: user=0.00 sys=0.00, real=0.00 secs] 
2020-10-29T14:48:52.476+0000: [GC (Allocation Failure) 2020-10-29T14:48:52.477+0000: [ParNew: 16388K->4K(18432K), 0.0020597 secs] 337665K->321281K(524872K), 0.0021125 secs] [Times: user=0.00 sys=0.00, real=0.00 secs] 
2020-10-29T14:48:52.494+0000: [GC (Allocation Failure) 2020-10-29T14:48:52.494+0000: [ParNew: 16388K->4K(18432K), 0.0020838 secs] 337665K->321281K(524872K), 0.0021372 secs] [Times: user=0.00 sys=0.00, real=0.00 secs] 
2020-10-29T14:48:52.511+0000: [GC (Allocation Failure) 2020-10-29T14:48:52.511+0000: [ParNew: 16388K->4K(18432K), 0.0022244 secs] 337665K->321281K(524872K), 0.0022823 secs] [Times: user=0.01 sys=0.00, real=0.01 secs] 
2020-10-29T14:48:52.529+0000: [GC (Allocation Failure) 2020-10-29T14:48:52.529+0000: [ParNew: 16388K->4K(18432K), 0.0021392 secs] 337665K->321281K(524872K), 0.0021954 secs] [Times: user=0.00 sys=0.00, real=0.00 secs] 
2020-10-29T14:48:52.546+0000: [GC (Allocation Failure) 2020-10-29T14:48:52.547+0000: [ParNew: 16388K->4K(18432K), 0.0021257 secs] 337665K->321281K(524872K), 0.0021845 secs] [Times: user=0.00 sys=0.00, real=0.00 secs] 
2020-10-29T14:48:52.564+0000: [GC (Allocation Failure) 2020-10-29T14:48:52.564+0000: [ParNew: 16388K->4K(18432K), 0.0020525 secs] 337665K->321281K(524872K), 0.0021049 secs] [Times: user=0.01 sys=0.00, real=0.01 secs] 
2020-10-29T14:48:52.584+0000: [GC (Allocation Failure) 2020-10-29T14:48:52.585+0000: [ParNew: 16388K->4K(18432K), 0.0020228 secs] 337665K->321281K(524872K), 0.0020748 secs] [Times: user=0.00 sys=0.00, real=0.00 secs] 
2020-10-29T14:48:52.604+0000: [GC (Allocation Failure) 2020-10-29T14:48:52.605+0000: [ParNew: 16388K->4K(18432K), 0.0022430 secs] 337665K->321281K(524872K), 0.0023017 secs] [Times: user=0.01 sys=0.01, real=0.00 secs] 
2020-10-29T14:48:52.624+0000: [GC (Allocation Failure) 2020-10-29T14:48:52.625+0000: [ParNew: 16388K->4K(18432K), 0.0023043 secs] 337665K->321281K(524872K), 0.0023654 secs] [Times: user=0.00 sys=0.00, real=0.00 secs] 
2020-10-29T14:48:52.645+0000: [GC (Allocation Failure) 2020-10-29T14:48:52.645+0000: [ParNew: 16388K->4K(18432K), 0.0022769 secs] 337665K->321281K(524872K), 0.0023364 secs] [Times: user=0.01 sys=0.00, real=0.00 secs] 
2020-10-29T14:48:52.664+0000: [GC (Allocation Failure) 2020-10-29T14:48:52.664+0000: [ParNew: 16388K->4K(18432K), 0.0021752 secs] 337665K->321281K(524872K), 0.0022331 secs] [Times: user=0.01 sys=0.00, real=0.01 secs] 
2020-10-29T14:48:52.683+0000: [GC (Allocation Failure) 2020-10-29T14:48:52.683+0000: [ParNew: 16388K->4K(18432K), 0.0022858 secs] 337665K->321281K(524872K), 0.0023454 secs] [Times: user=0.01 sys=0.00, real=0.01 secs] 
2020-10-29T14:48:52.700+0000: [GC (Allocation Failure) 2020-10-29T14:48:52.700+0000: [ParNew: 16388K->4K(18432K), 0.0021276 secs] 337665K->321281K(524872K), 0.0021827 secs] [Times: user=0.00 sys=0.00, real=0.00 secs] 
2020-10-29T14:48:52.717+0000: [GC (Allocation Failure) 2020-10-29T14:48:52.717+0000: [ParNew: 16388K->4K(18432K), 0.0019412 secs] 337665K->321281K(524872K), 0.0019921 secs] [Times: user=0.01 sys=0.00, real=0.00 secs] 
2020-10-29T14:48:52.735+0000: [GC (Allocation Failure) 2020-10-29T14:48:52.735+0000: [ParNew: 16388K->4K(18432K), 0.0022979 secs] 337665K->321281K(524872K), 0.0023577 secs] [Times: user=0.01 sys=0.00, real=0.00 secs] 
2020-10-29T14:48:52.753+0000: [GC (Allocation Failure) 2020-10-29T14:48:52.753+0000: [ParNew: 16388K->4K(18432K), 0.0022575 secs] 337665K->321281K(524872K), 0.0023208 secs] [Times: user=0.00 sys=0.00, real=0.00 secs] 
2020-10-29T14:48:52.770+0000: [GC (Allocation Failure) 2020-10-29T14:48:52.770+0000: [ParNew: 16388K->4K(18432K), 0.0020895 secs] 337665K->321281K(524872K), 0.0021417 secs] [Times: user=0.00 sys=0.00, real=0.01 secs] 
2020-10-29T14:48:52.792+0000: [GC (Allocation Failure) 2020-10-29T14:48:52.793+0000: [ParNew: 16388K->4K(18432K), 0.0020730 secs] 337665K->321281K(524872K), 0.0021268 secs] [Times: user=0.00 sys=0.00, real=0.00 secs] 
2020-10-29T14:48:52.810+0000: [GC (Allocation Failure) 2020-10-29T14:48:52.810+0000: [ParNew: 16388K->4K(18432K), 0.0020948 secs] 337665K->321281K(524872K), 0.0021517 secs] [Times: user=0.00 sys=0.00, real=0.00 secs] 
2020-10-29T14:48:52.827+0000: [GC (Allocation Failure) 2020-10-29T14:48:52.827+0000: [ParNew: 16388K->4K(18432K), 0.0021230 secs] 337665K->321281K(524872K), 0.0021776 secs] [Times: user=0.01 sys=0.00, real=0.00 secs] 
2020-10-29T14:48:52.844+0000: [GC (Allocation Failure) 2020-10-29T14:48:52.844+0000: [ParNew: 16388K->4K(18432K), 0.0020537 secs] 337665K->321281K(524872K), 0.0021080 secs] [Times: user=0.00 sys=0.00, real=0.01 secs] 
2020-10-29T14:48:52.861+0000: [GC (Allocation Failure) 2020-10-29T14:48:52.861+0000: [ParNew: 16388K->4K(18432K), 0.0021299 secs] 337665K->321281K(524872K), 0.0021868 secs] [Times: user=0.00 sys=0.00, real=0.00 secs] 
2020-10-29T14:48:52.880+0000: [GC (Allocation Failure) 2020-10-29T14:48:52.880+0000: [ParNew: 16388K->4K(18432K), 0.0020763 secs] 337665K->321281K(524872K), 0.0021299 secs] [Times: user=0.01 sys=0.00, real=0.00 secs] 
2020-10-29T14:48:52.900+0000: [GC (Allocation Failure) 2020-10-29T14:48:52.901+0000: [ParNew: 16388K->4K(18432K), 0.0021124 secs] 337665K->321281K(524872K), 0.0021676 secs] [Times: user=0.00 sys=0.00, real=0.00 secs] 
2020-10-29T14:48:52.917+0000: [GC (Allocation Failure) 2020-10-29T14:48:52.917+0000: [ParNew: 16388K->4K(18432K), 0.0020361 secs] 337665K->321281K(524872K), 0.0020891 secs] [Times: user=0.00 sys=0.00, real=0.00 secs] 
2020-10-29T14:48:52.935+0000: [GC (Allocation Failure) 2020-10-29T14:48:52.935+0000: [ParNew: 16388K->4K(18432K), 0.0020472 secs] 337665K->321281K(524872K), 0.0021014 secs] [Times: user=0.00 sys=0.00, real=0.00 secs] 
2020-10-29T14:48:52.952+0000: [GC (Allocation Failure) 2020-10-29T14:48:52.952+0000: [ParNew: 16388K->4K(18432K), 0.0020260 secs] 337665K->321281K(524872K), 0.0020773 secs] [Times: user=0.01 sys=0.00, real=0.01 secs] 
2020-10-29T14:48:52.969+0000: [GC (Allocation Failure) 2020-10-29T14:48:52.969+0000: [ParNew: 16388K->4K(18432K), 0.0021116 secs] 337665K->321281K(524872K), 0.0021665 secs] [Times: user=0.00 sys=0.00, real=0.00 secs] 
2020-10-29T14:48:52.987+0000: [GC (Allocation Failure) 2020-10-29T14:48:52.987+0000: [ParNew: 16388K->4K(18432K), 0.0021097 secs] 337665K->321281K(524872K), 0.0021648 secs] [Times: user=0.00 sys=0.00, real=0.00 secs] 
2020-10-29T14:48:53.004+0000: [GC (Allocation Failure) 2020-10-29T14:48:53.005+0000: [ParNew: 16388K->4K(18432K), 0.0021000 secs] 337665K->321281K(524872K), 0.0021556 secs] [Times: user=0.01 sys=0.00, real=0.00 secs] 
2020-10-29T14:48:53.025+0000: [GC (Allocation Failure) 2020-10-29T14:48:53.025+0000: [ParNew: 16388K->4K(18432K), 0.0022631 secs] 337665K->321281K(524872K), 0.0023216 secs] [Times: user=0.00 sys=0.00, real=0.00 secs] 
2020-10-29T14:48:53.042+0000: [GC (Allocation Failure) 2020-10-29T14:48:53.042+0000: [ParNew: 16388K->4K(18432K), 0.0021940 secs] 337665K->321281K(524872K), 0.0022529 secs] [Times: user=0.01 sys=0.00, real=0.00 secs] 
2020-10-29T14:48:53.061+0000: [GC (Allocation Failure) 2020-10-29T14:48:53.061+0000: [ParNew: 16388K->4K(18432K), 0.0022752 secs] 337665K->321281K(524872K), 0.0023350 secs] [Times: user=0.00 sys=0.00, real=0.00 secs] 
2020-10-29T14:48:53.078+0000: [GC (Allocation Failure) 2020-10-29T14:48:53.078+0000: [ParNew: 16388K->4K(18432K), 0.0023034 secs] 337665K->321281K(524872K), 0.0023650 secs] [Times: user=0.01 sys=0.00, real=0.00 secs] 
2020-10-29T14:48:53.095+0000: [GC (Allocation Failure) 2020-10-29T14:48:53.095+0000: [ParNew: 16388K->4K(18432K), 0.0022721 secs] 337665K->321281K(524872K), 0.0023302 secs] [Times: user=0.01 sys=0.00, real=0.00 secs] 
2020-10-29T14:48:53.113+0000: [GC (Allocation Failure) 2020-10-29T14:48:53.113+0000: [ParNew: 16388K->4K(18432K), 0.0021934 secs] 337665K->321281K(524872K), 0.0022768 secs] [Times: user=0.00 sys=0.00, real=0.00 secs] 
2020-10-29T14:48:53.130+0000: [GC (Allocation Failure) 2020-10-29T14:48:53.130+0000: [ParNew: 16388K->4K(18432K), 0.0021919 secs] 337665K->321281K(524872K), 0.0022494 secs] [Times: user=0.01 sys=0.00, real=0.01 secs] 
2020-10-29T14:48:53.152+0000: [GC (Allocation Failure) 2020-10-29T14:48:53.152+0000: [ParNew: 16388K->4K(18432K), 0.0022340 secs] 337665K->321281K(524872K), 0.0022919 secs] [Times: user=0.00 sys=0.00, real=0.01 secs] 
2020-10-29T14:48:53.172+0000: [GC (Allocation Failure) 2020-10-29T14:48:53.172+0000: [ParNew: 16388K->4K(18432K), 0.0022601 secs] 337665K->321281K(524872K), 0.0023201 secs] [Times: user=0.01 sys=0.00, real=0.01 secs] 
2020-10-29T14:48:53.193+0000: [GC (Allocation Failure) 2020-10-29T14:48:53.193+0000: [ParNew: 16388K->4K(18432K), 0.0021946 secs] 337665K->321281K(524872K), 0.0022526 secs] [Times: user=0.00 sys=0.00, real=0.00 secs] 
2020-10-29T14:48:53.213+0000: [GC (Allocation Failure) 2020-10-29T14:48:53.213+0000: [ParNew: 16388K->4K(18432K), 0.0021932 secs] 337665K->321281K(524872K), 0.0022509 secs] [Times: user=0.01 sys=0.00, real=0.00 secs] 
2020-10-29T14:48:53.230+0000: [GC (Allocation Failure) 2020-10-29T14:48:53.230+0000: [ParNew: 16388K->4K(18432K), 0.0020394 secs] 337665K->321281K(524872K), 0.0020936 secs] [Times: user=0.00 sys=0.00, real=0.00 secs] 
2020-10-29T14:48:53.247+0000: [GC (Allocation Failure) 2020-10-29T14:48:53.247+0000: [ParNew: 16388K->4K(18432K), 0.0022813 secs] 337665K->321281K(524872K), 0.0023390 secs] [Times: user=0.01 sys=0.00, real=0.00 secs] 
2020-10-29T14:48:53.265+0000: [GC (Allocation Failure) 2020-10-29T14:48:53.265+0000: [ParNew: 16388K->4K(18432K), 0.0023134 secs] 337665K->321281K(524872K), 0.0023725 secs] [Times: user=0.00 sys=0.00, real=0.00 secs] 
2020-10-29T14:48:53.282+0000: [GC (Allocation Failure) 2020-10-29T14:48:53.282+0000: [ParNew: 16388K->4K(18432K), 0.0020718 secs] 337665K->321281K(524872K), 0.0021247 secs] [Times: user=0.01 sys=0.00, real=0.00 secs] 
2020-10-29T14:48:53.299+0000: [GC (Allocation Failure) 2020-10-29T14:48:53.299+0000: [ParNew: 16388K->4K(18432K), 0.0021134 secs] 337665K->321281K(524872K), 0.0021752 secs] [Times: user=0.01 sys=0.00, real=0.00 secs] 
2020-10-29T14:48:53.316+0000: [GC (Allocation Failure) 2020-10-29T14:48:53.316+0000: [ParNew: 16388K->4K(18432K), 0.0022521 secs] 337665K->321281K(524872K), 0.0023109 secs] [Times: user=0.00 sys=0.00, real=0.00 secs] 
2020-10-29T14:48:53.334+0000: [GC (Allocation Failure) 2020-10-29T14:48:53.334+0000: [ParNew: 16388K->4K(18432K), 0.0021461 secs] 337665K->321281K(524872K), 0.0022021 secs] [Times: user=0.01 sys=0.00, real=0.00 secs] 
2020-10-29T14:48:53.351+0000: [GC (Allocation Failure) 2020-10-29T14:48:53.351+0000: [ParNew: 16388K->4K(18432K), 0.0022849 secs] 337665K->321281K(524872K), 0.0023423 secs] [Times: user=0.00 sys=0.00, real=0.01 secs] 
2020-10-29T14:48:53.373+0000: [GC (Allocation Failure) 2020-10-29T14:48:53.373+0000: [ParNew: 16388K->4K(18432K), 0.0022495 secs] 337665K->321281K(524872K), 0.0023598 secs] [Times: user=0.00 sys=0.00, real=0.00 secs] 
2020-10-29T14:48:53.390+0000: [GC (Allocation Failure) 2020-10-29T14:48:53.390+0000: [ParNew: 16388K->4K(18432K), 0.0022273 secs] 337665K->321281K(524872K), 0.0022860 secs] [Times: user=0.00 sys=0.00, real=0.00 secs] 
2020-10-29T14:48:53.407+0000: [GC (Allocation Failure) 2020-10-29T14:48:53.407+0000: [ParNew: 16388K->4K(18432K), 0.0021677 secs] 337665K->321281K(524872K), 0.0022238 secs] [Times: user=0.01 sys=0.00, real=0.00 secs] 
2020-10-29T14:48:53.424+0000: [GC (Allocation Failure) 2020-10-29T14:48:53.424+0000: [ParNew: 16388K->4K(18432K), 0.0021110 secs] 337665K->321281K(524872K), 0.0021671 secs] [Times: user=0.00 sys=0.00, real=0.00 secs] 
2020-10-29T14:48:53.442+0000: [GC (Allocation Failure) 2020-10-29T14:48:53.442+0000: [ParNew: 16388K->4K(18432K), 0.0022001 secs] 337665K->321281K(524872K), 0.0022586 secs] [Times: user=0.01 sys=0.00, real=0.00 secs] 
2020-10-29T14:48:53.461+0000: [GC (Allocation Failure) 2020-10-29T14:48:53.461+0000: [ParNew: 16388K->4K(18432K), 0.0022449 secs] 337665K->321281K(524872K), 0.0023033 secs] [Times: user=0.00 sys=0.00, real=0.00 secs] 
2020-10-29T14:48:53.480+0000: [GC (Allocation Failure) 2020-10-29T14:48:53.481+0000: [ParNew: 16388K->4K(18432K), 0.0020391 secs] 337665K->321281K(524872K), 0.0021034 secs] [Times: user=0.00 sys=0.00, real=0.00 secs] 
2020-10-29T14:48:53.501+0000: [GC (Allocation Failure) 2020-10-29T14:48:53.501+0000: [ParNew: 16388K->4K(18432K), 0.0021792 secs] 337665K->321281K(524872K), 0.0022352 secs] [Times: user=0.00 sys=0.00, real=0.00 secs] 
2020-10-29T14:48:53.520+0000: [GC (Allocation Failure) 2020-10-29T14:48:53.521+0000: [ParNew: 16388K->4K(18432K), 0.0020661 secs] 337665K->321281K(524872K), 0.0021206 secs] [Times: user=0.01 sys=0.00, real=0.00 secs] 
2020-10-29T14:48:53.538+0000: [GC (Allocation Failure) 2020-10-29T14:48:53.538+0000: [ParNew: 16388K->4K(18432K), 0.0022335 secs] 337665K->321281K(524872K), 0.0022921 secs] [Times: user=0.00 sys=0.00, real=0.00 secs] 
2020-10-29T14:48:53.557+0000: [GC (Allocation Failure) 2020-10-29T14:48:53.557+0000: [ParNew: 16388K->4K(18432K), 0.0021636 secs] 337665K->321281K(524872K), 0.0022196 secs] [Times: user=0.00 sys=0.00, real=0.00 secs] 
2020-10-29T14:48:53.574+0000: [GC (Allocation Failure) 2020-10-29T14:48:53.574+0000: [ParNew: 16388K->4K(18432K), 0.0022739 secs] 337665K->321281K(524872K), 0.0023348 secs] [Times: user=0.01 sys=0.00, real=0.00 secs] 
2020-10-29T14:48:53.591+0000: [GC (Allocation Failure) 2020-10-29T14:48:53.591+0000: [ParNew: 16388K->4K(18432K), 0.0022825 secs] 337665K->321281K(524872K), 0.0023419 secs] [Times: user=0.01 sys=0.00, real=0.01 secs] 
2020-10-29T14:48:53.609+0000: [GC (Allocation Failure) 2020-10-29T14:48:53.609+0000: [ParNew: 16388K->4K(18432K), 0.0021605 secs] 337665K->321281K(524872K), 0.0022188 secs] [Times: user=0.00 sys=0.00, real=0.00 secs] 
2020-10-29T14:48:53.626+0000: [GC (Allocation Failure) 2020-10-29T14:48:53.626+0000: [ParNew: 16388K->4K(18432K), 0.0022148 secs] 337665K->321281K(524872K), 0.0022701 secs] [Times: user=0.00 sys=0.00, real=0.00 secs] 
2020-10-29T14:48:53.643+0000: [GC (Allocation Failure) 2020-10-29T14:48:53.643+0000: [ParNew: 16388K->4K(18432K), 0.0021472 secs] 337665K->321281K(524872K), 0.0022029 secs] [Times: user=0.01 sys=0.00, real=0.01 secs] 
2020-10-29T14:48:53.660+0000: [GC (Allocation Failure) 2020-10-29T14:48:53.661+0000: [ParNew: 16388K->4K(18432K), 0.0020873 secs] 337665K->321281K(524872K), 0.0021422 secs] [Times: user=0.00 sys=0.00, real=0.00 secs] 
2020-10-29T14:48:53.678+0000: [GC (Allocation Failure) 2020-10-29T14:48:53.678+0000: [ParNew: 16388K->4K(18432K), 0.0021538 secs] 337665K->321281K(524872K), 0.0022089 secs] [Times: user=0.01 sys=0.00, real=0.00 secs] 
2020-10-29T14:48:53.695+0000: [GC (Allocation Failure) 2020-10-29T14:48:53.695+0000: [ParNew: 16388K->4K(18432K), 0.0020491 secs] 337665K->321281K(524872K), 0.0021015 secs] [Times: user=0.01 sys=0.00, real=0.00 secs] 
2020-10-29T14:48:53.712+0000: [GC (Allocation Failure) 2020-10-29T14:48:53.712+0000: [ParNew: 16388K->4K(18432K), 0.0020125 secs] 337665K->321281K(524872K), 0.0020643 secs] [Times: user=0.01 sys=0.00, real=0.01 secs] 
2020-10-29T14:48:53.729+0000: [GC (Allocation Failure) 2020-10-29T14:48:53.729+0000: [ParNew: 16388K->4K(18432K), 0.0020710 secs] 337665K->321281K(524872K), 0.0021266 secs] [Times: user=0.00 sys=0.00, real=0.00 secs] 
2020-10-29T14:48:53.748+0000: [GC (Allocation Failure) 2020-10-29T14:48:53.749+0000: [ParNew: 16388K->4K(18432K), 0.0020832 secs] 337665K->321281K(524872K), 0.0021368 secs] [Times: user=0.01 sys=0.00, real=0.00 secs] 
2020-10-29T14:48:53.766+0000: [GC (Allocation Failure) 2020-10-29T14:48:53.766+0000: [ParNew: 16388K->4K(18432K), 0.0021478 secs] 337665K->321281K(524872K), 0.0022037 secs] [Times: user=0.01 sys=0.00, real=0.00 secs] 
2020-10-29T14:48:53.783+0000: [GC (Allocation Failure) 2020-10-29T14:48:53.783+0000: [ParNew: 16388K->4K(18432K), 0.0022411 secs] 337665K->321282K(524872K), 0.0022988 secs] [Times: user=0.00 sys=0.00, real=0.01 secs] 
2020-10-29T14:48:53.800+0000: [GC (Allocation Failure) 2020-10-29T14:48:53.801+0000: [ParNew: 16388K->4K(18432K), 0.0021116 secs] 337666K->321282K(524872K), 0.0021667 secs] [Times: user=0.00 sys=0.00, real=0.00 secs] 
2020-10-29T14:48:53.821+0000: [GC (Allocation Failure) 2020-10-29T14:48:53.821+0000: [ParNew: 16388K->4K(18432K), 0.0022097 secs] 337666K->321282K(524872K), 0.0022666 secs] [Times: user=0.00 sys=0.00, real=0.00 secs] 
2020-10-29T14:48:53.840+0000: [GC (Allocation Failure) 2020-10-29T14:48:53.841+0000: [ParNew: 16388K->4K(18432K), 0.0021036 secs] 337666K->321282K(524872K), 0.0021589 secs] [Times: user=0.00 sys=0.00, real=0.00 secs] 
2020-10-29T14:48:53.857+0000: [GC (Allocation Failure) 2020-10-29T14:48:53.857+0000: [ParNew: 16388K->4K(18432K), 0.0020484 secs] 337666K->321282K(524872K), 0.0021032 secs] [Times: user=0.00 sys=0.00, real=0.00 secs] 
2020-10-29T14:48:53.875+0000: [GC (Allocation Failure) 2020-10-29T14:48:53.875+0000: [ParNew: 16388K->4K(18432K), 0.0021002 secs] 337666K->321282K(524872K), 0.0021567 secs] [Times: user=0.01 sys=0.00, real=0.00 secs] 
2020-10-29T14:48:53.892+0000: [GC (Allocation Failure) 2020-10-29T14:48:53.892+0000: [ParNew: 16388K->4K(18432K), 0.0021310 secs] 337666K->321282K(524872K), 0.0021864 secs] [Times: user=0.01 sys=0.00, real=0.01 secs] 
2020-10-29T14:48:53.912+0000: [GC (Allocation Failure) 2020-10-29T14:48:53.913+0000: [ParNew: 16388K->4K(18432K), 0.0020537 secs] 337666K->321282K(524872K), 0.0021069 secs] [Times: user=0.01 sys=0.00, real=0.00 secs] 
2020-10-29T14:48:53.930+0000: [GC (Allocation Failure) 2020-10-29T14:48:53.930+0000: [ParNew: 16388K->4K(18432K), 0.0020243 secs] 337666K->321282K(524872K), 0.0020872 secs] [Times: user=0.01 sys=0.00, real=0.00 secs] 
2020-10-29T14:48:53.947+0000: [GC (Allocation Failure) 2020-10-29T14:48:53.947+0000: [ParNew: 16388K->4K(18432K), 0.0020027 secs] 337666K->321282K(524872K), 0.0020543 secs] [Times: user=0.00 sys=0.00, real=0.00 secs] 
2020-10-29T14:48:53.964+0000: [GC (Allocation Failure) 2020-10-29T14:48:53.964+0000: [ParNew: 16388K->4K(18432K), 0.0022029 secs] 337666K->321282K(524872K), 0.0022610 secs] [Times: user=0.00 sys=0.00, real=0.01 secs] 
2020-10-29T14:48:53.981+0000: [GC (Allocation Failure) 2020-10-29T14:48:53.981+0000: [ParNew: 16388K->4K(18432K), 0.0021312 secs] 337666K->321282K(524872K), 0.0021860 secs] [Times: user=0.01 sys=0.00, real=0.00 secs] 
2020-10-29T14:48:54.000+0000: [GC (Allocation Failure) 2020-10-29T14:48:54.001+0000: [ParNew: 16388K->4K(18432K), 0.0020317 secs] 337666K->321282K(524872K), 0.0020857 secs] [Times: user=0.00 sys=0.00, real=0.00 secs] 
2020-10-29T14:48:54.018+0000: [GC (Allocation Failure) 2020-10-29T14:48:54.018+0000: [ParNew: 16388K->4K(18432K), 0.0022685 secs] 337666K->321282K(524872K), 0.0023281 secs] [Times: user=0.01 sys=0.00, real=0.00 secs] 
2020-10-29T14:48:54.035+0000: [GC (Allocation Failure) 2020-10-29T14:48:54.035+0000: [ParNew: 16388K->4K(18432K), 0.0022759 secs] 337666K->321282K(524872K), 0.0023353 secs] [Times: user=0.00 sys=0.00, real=0.00 secs] 
2020-10-29T14:48:54.056+0000: [GC (Allocation Failure) 2020-10-29T14:48:54.057+0000: [ParNew: 16388K->4K(18432K), 0.0021211 secs] 337666K->321282K(524872K), 0.0021750 secs] [Times: user=0.01 sys=0.00, real=0.00 secs] 
2020-10-29T14:48:54.074+0000: [GC (Allocation Failure) 2020-10-29T14:48:54.074+0000: [ParNew: 16388K->4K(18432K), 0.0021119 secs] 337666K->321282K(524872K), 0.0021657 secs] [Times: user=0.00 sys=0.00, real=0.00 secs] 
2020-10-29T14:48:54.092+0000: [GC (Allocation Failure) 2020-10-29T14:48:54.093+0000: [ParNew: 16388K->4K(18432K), 0.0020895 secs] 337666K->321282K(524872K), 0.0021450 secs] [Times: user=0.00 sys=0.00, real=0.00 secs] 
2020-10-29T14:48:54.112+0000: [GC (Allocation Failure) 2020-10-29T14:48:54.113+0000: [ParNew: 16388K->4K(18432K), 0.0019464 secs] 337666K->321282K(524872K), 0.0019960 secs] [Times: user=0.00 sys=0.00, real=0.00 secs] 
2020-10-29T14:48:54.129+0000: [GC (Allocation Failure) 2020-10-29T14:48:54.129+0000: [ParNew: 16388K->4K(18432K), 0.0020335 secs] 337666K->321282K(524872K), 0.0020919 secs] [Times: user=0.00 sys=0.00, real=0.00 secs] 
2020-10-29T14:48:54.148+0000: [GC (Allocation Failure) 2020-10-29T14:48:54.148+0000: [ParNew: 16388K->4K(18432K), 0.0020962 secs] 337666K->321282K(524872K), 0.0021512 secs] [Times: user=0.01 sys=0.00, real=0.00 secs] 
2020-10-29T14:48:54.167+0000: [GC (Allocation Failure) 2020-10-29T14:48:54.167+0000: [ParNew: 16388K->4K(18432K), 0.0021112 secs] 337666K->321282K(524872K), 0.0021784 secs] [Times: user=0.00 sys=0.00, real=0.00 secs] 
2020-10-29T14:48:54.184+0000: [GC (Allocation Failure) 2020-10-29T14:48:54.184+0000: [ParNew: 16388K->4K(18432K), 0.0021392 secs] 337666K->321282K(524872K), 0.0021932 secs] [Times: user=0.01 sys=0.00, real=0.01 secs] 
2020-10-29T14:48:54.201+0000: [GC (Allocation Failure) 2020-10-29T14:48:54.201+0000: [ParNew: 16388K->4K(18432K), 0.0021884 secs] 337666K->321282K(524872K), 0.0022458 secs] [Times: user=0.00 sys=0.00, real=0.00 secs] 
2020-10-29T14:48:54.219+0000: [GC (Allocation Failure) 2020-10-29T14:48:54.219+0000: [ParNew: 16388K->4K(18432K), 0.0021363 secs] 337666K->321282K(524872K), 0.0021902 secs] [Times: user=0.00 sys=0.00, real=0.00 secs] 
2020-10-29T14:48:54.236+0000: [GC (Allocation Failure) 2020-10-29T14:48:54.236+0000: [ParNew: 16388K->4K(18432K), 0.0022153 secs] 337666K->321282K(524872K), 0.0022918 secs] [Times: user=0.01 sys=0.00, real=0.00 secs] 
2020-10-29T14:48:54.256+0000: [GC (Allocation Failure) 2020-10-29T14:48:54.257+0000: [ParNew: 16388K->4K(18432K), 0.0021175 secs] 337666K->321282K(524872K), 0.0021711 secs] [Times: user=0.00 sys=0.00, real=0.00 secs] 
2020-10-29T14:48:54.277+0000: [GC (Allocation Failure) 2020-10-29T14:48:54.277+0000: [ParNew: 16388K->4K(18432K), 0.0020532 secs] 337666K->321282K(524872K), 0.0021074 secs] [Times: user=0.01 sys=0.00, real=0.00 secs] 
2020-10-29T14:48:54.294+0000: [GC (Allocation Failure) 2020-10-29T14:48:54.294+0000: [ParNew: 16388K->4K(18432K), 0.0020496 secs] 337666K->321282K(524872K), 0.0021050 secs] [Times: user=0.01 sys=0.00, real=0.00 secs] 
2020-10-29T14:48:54.311+0000: [GC (Allocation Failure) 2020-10-29T14:48:54.311+0000: [ParNew: 16388K->4K(18432K), 0.0020853 secs] 337666K->321282K(524872K), 0.0021458 secs] [Times: user=0.00 sys=0.00, real=0.01 secs] 
2020-10-29T14:48:54.327+0000: [GC (Allocation Failure) 2020-10-29T14:48:54.327+0000: [ParNew: 16388K->4K(18432K), 0.0022226 secs] 337666K->321282K(524872K), 0.0022810 secs] [Times: user=0.01 sys=0.00, real=0.00 secs] 
2020-10-29T14:48:54.344+0000: [GC (Allocation Failure) 2020-10-29T14:48:54.344+0000: [ParNew: 16388K->4K(18432K), 0.0021331 secs] 337666K->321282K(524872K), 0.0021903 secs] [Times: user=0.00 sys=0.00, real=0.00 secs] 
2020-10-29T14:48:54.361+0000: [GC (Allocation Failure) 2020-10-29T14:48:54.361+0000: [ParNew: 16388K->4K(18432K), 0.0022381 secs] 337666K->321282K(524872K), 0.0022970 secs] [Times: user=0.01 sys=0.00, real=0.00 secs] 
2020-10-29T14:48:54.381+0000: [GC (Allocation Failure) 2020-10-29T14:48:54.381+0000: [ParNew: 16388K->4K(18432K), 0.0021945 secs] 337666K->321282K(524872K), 0.0022512 secs] [Times: user=0.01 sys=0.00, real=0.00 secs] 
2020-10-29T14:48:54.400+0000: [GC (Allocation Failure) 2020-10-29T14:48:54.401+0000: [ParNew: 16388K->4K(18432K), 0.0021710 secs] 337666K->321282K(524872K), 0.0022271 secs] [Times: user=0.01 sys=0.00, real=0.00 secs] 
2020-10-29T14:48:54.417+0000: [GC (Allocation Failure) 2020-10-29T14:48:54.417+0000: [ParNew: 16388K->4K(18432K), 0.0021117 secs] 337666K->321282K(524872K), 0.0021661 secs] [Times: user=0.01 sys=0.00, real=0.00 secs] 
2020-10-29T14:48:54.436+0000: [GC (Allocation Failure) 2020-10-29T14:48:54.437+0000: [ParNew: 16388K->4K(18432K), 0.0021433 secs] 337666K->321282K(524872K), 0.0021988 secs] [Times: user=0.00 sys=0.00, real=0.00 secs] 
2020-10-29T14:48:54.453+0000: [GC (Allocation Failure) 2020-10-29T14:48:54.453+0000: [ParNew: 16388K->4K(18432K), 0.0021790 secs] 337666K->321282K(524872K), 0.0022368 secs] [Times: user=0.01 sys=0.00, real=0.00 secs] 
2020-10-29T14:48:54.470+0000: [GC (Allocation Failure) 2020-10-29T14:48:54.470+0000: [ParNew: 16388K->4K(18432K), 0.0022740 secs] 337666K->321282K(524872K), 0.0023323 secs] [Times: user=0.00 sys=0.00, real=0.01 secs] 
2020-10-29T14:48:54.488+0000: [GC (Allocation Failure) 2020-10-29T14:48:54.489+0000: [ParNew: 16388K->4K(18432K), 0.0021895 secs] 337666K->321282K(524872K), 0.0022466 secs] [Times: user=0.00 sys=0.00, real=0.00 secs] 
2020-10-29T14:48:54.508+0000: [GC (Allocation Failure) 2020-10-29T14:48:54.509+0000: [ParNew: 16388K->4K(18432K), 0.0021614 secs] 337666K->321282K(524872K), 0.0022175 secs] [Times: user=0.01 sys=0.00, real=0.00 secs] 
2020-10-29T14:48:54.526+0000: [GC (Allocation Failure) 2020-10-29T14:48:54.526+0000: [ParNew: 16388K->4K(18432K), 0.0022721 secs] 337666K->321282K(524872K), 0.0023352 secs] [Times: user=0.00 sys=0.00, real=0.00 secs] 
2020-10-29T14:48:54.543+0000: [GC (Allocation Failure) 2020-10-29T14:48:54.543+0000: [ParNew: 16388K->4K(18432K), 0.0022710 secs] 337666K->321282K(524872K), 0.0023300 secs] [Times: user=0.00 sys=0.00, real=0.01 secs] 
2020-10-29T14:48:54.564+0000: [GC (Allocation Failure) 2020-10-29T14:48:54.564+0000: [ParNew: 16388K->4K(18432K), 0.0021408 secs] 337666K->321282K(524872K), 0.0021952 secs] [Times: user=0.00 sys=0.00, real=0.01 secs] 
2020-10-29T14:48:54.581+0000: [GC (Allocation Failure) 2020-10-29T14:48:54.581+0000: [ParNew: 16388K->4K(18432K), 0.0022374 secs] 337666K->321282K(524872K), 0.0022970 secs] [Times: user=0.00 sys=0.00, real=0.00 secs] 
2020-10-29T14:48:54.599+0000: [GC (Allocation Failure) 2020-10-29T14:48:54.599+0000: [ParNew: 16388K->4K(18432K), 0.0023123 secs] 337666K->321282K(524872K), 0.0023736 secs] [Times: user=0.00 sys=0.00, real=0.00 secs] 
2020-10-29T14:48:54.616+0000: [GC (Allocation Failure) 2020-10-29T14:48:54.616+0000: [ParNew: 16388K->4K(18432K), 0.0022990 secs] 337666K->321282K(524872K), 0.0023600 secs] [Times: user=0.01 sys=0.00, real=0.00 secs] 
2020-10-29T14:48:54.635+0000: [GC (Allocation Failure) 2020-10-29T14:48:54.635+0000: [ParNew: 16388K->4K(18432K), 0.0023371 secs] 337666K->321282K(524872K), 0.0023967 secs] [Times: user=0.00 sys=0.00, real=0.00 secs] 
2020-10-29T14:48:54.652+0000: [GC (Allocation Failure) 2020-10-29T14:48:54.652+0000: [ParNew: 16388K->4K(18432K), 0.0022570 secs] 337666K->321282K(524872K), 0.0023159 secs] [Times: user=0.00 sys=0.00, real=0.01 secs] 
2020-10-29T14:48:54.672+0000: [GC (Allocation Failure) 2020-10-29T14:48:54.673+0000: [ParNew: 16388K->4K(18432K), 0.0023085 secs] 337666K->321282K(524872K), 0.0023691 secs] [Times: user=0.00 sys=0.00, real=0.00 secs] 
2020-10-29T14:48:54.692+0000: [GC (Allocation Failure) 2020-10-29T14:48:54.693+0000: [ParNew: 16388K->4K(18432K), 0.0022795 secs] 337666K->321282K(524872K), 0.0023377 secs] [Times: user=0.01 sys=0.00, real=0.00 secs] 
2020-10-29T14:48:54.710+0000: [GC (Allocation Failure) 2020-10-29T14:48:54.710+0000: [ParNew: 16388K->4K(18432K), 0.0023365 secs] 337666K->321282K(524872K), 0.0023972 secs] [Times: user=0.01 sys=0.00, real=0.01 secs] 
2020-10-29T14:48:54.728+0000: [GC (Allocation Failure) 2020-10-29T14:48:54.728+0000: [ParNew: 16388K->4K(18432K), 0.0023402 secs] 337666K->321282K(524872K), 0.0023989 secs] [Times: user=0.00 sys=0.00, real=0.00 secs] 
2020-10-29T14:48:54.745+0000: [GC (Allocation Failure) 2020-10-29T14:48:54.745+0000: [ParNew: 16388K->4K(18432K), 0.0021088 secs] 337666K->321282K(524872K), 0.0021622 secs] [Times: user=0.00 sys=0.00, real=0.00 secs] 
2020-10-29T14:48:54.762+0000: [GC (Allocation Failure) 2020-10-29T14:48:54.762+0000: [ParNew: 16388K->4K(18432K), 0.0022126 secs] 337666K->321282K(524872K), 0.0022712 secs] [Times: user=0.00 sys=0.00, real=0.01 secs] 
2020-10-29T14:48:54.780+0000: [GC (Allocation Failure) 2020-10-29T14:48:54.780+0000: [ParNew: 16388K->4K(18432K), 0.0022204 secs] 337666K->321282K(524872K), 0.0022765 secs] [Times: user=0.01 sys=0.00, real=0.00 secs] 
2020-10-29T14:48:54.797+0000: [GC (Allocation Failure) 2020-10-29T14:48:54.797+0000: [ParNew: 16388K->4K(18432K), 0.0021904 secs] 337666K->321282K(524872K), 0.0022486 secs] [Times: user=0.00 sys=0.00, real=0.00 secs] 
2020-10-29T14:48:54.815+0000: [GC (Allocation Failure) 2020-10-29T14:48:54.815+0000: [ParNew: 16388K->4K(18432K), 0.0022770 secs] 337666K->321282K(524872K), 0.0023358 secs] [Times: user=0.00 sys=0.00, real=0.00 secs] 
2020-10-29T14:48:54.832+0000: [GC (Allocation Failure) 2020-10-29T14:48:54.832+0000: [ParNew: 16388K->4K(18432K), 0.0025567 secs] 337666K->321282K(524872K), 0.0026539 secs] [Times: user=0.01 sys=0.00, real=0.01 secs] 
2020-10-29T14:48:54.851+0000: [GC (Allocation Failure) 2020-10-29T14:48:54.851+0000: [ParNew: 16388K->4K(18432K), 0.0022967 secs] 337666K->321282K(524872K), 0.0023569 secs] [Times: user=0.00 sys=0.00, real=0.01 secs] 
2020-10-29T14:48:54.868+0000: [GC (Allocation Failure) 2020-10-29T14:48:54.868+0000: [ParNew: 16388K->4K(18432K), 0.0023262 secs] 337666K->321282K(524872K), 0.0023862 secs] [Times: user=0.00 sys=0.00, real=0.00 secs] 
2020-10-29T14:48:54.886+0000: [GC (Allocation Failure) 2020-10-29T14:48:54.886+0000: [ParNew: 16388K->4K(18432K), 0.0022614 secs] 337666K->321282K(524872K), 0.0023200 secs] [Times: user=0.01 sys=0.00, real=0.00 secs] 
2020-10-29T14:48:54.903+0000: [GC (Allocation Failure) 2020-10-29T14:48:54.903+0000: [ParNew: 16388K->4K(18432K), 0.0021758 secs] 337666K->321282K(524872K), 0.0022322 secs] [Times: user=0.00 sys=0.00, real=0.01 secs] 
2020-10-29T14:48:54.920+0000: [GC (Allocation Failure) 2020-10-29T14:48:54.920+0000: [ParNew: 16388K->4K(18432K), 0.0021019 secs] 337666K->321282K(524872K), 0.0021567 secs] [Times: user=0.00 sys=0.00, real=0.00 secs] 
2020-10-29T14:48:54.940+0000: [GC (Allocation Failure) 2020-10-29T14:48:54.941+0000: [ParNew: 16388K->4K(18432K), 0.0021187 secs] 337666K->321282K(524872K), 0.0021734 secs] [Times: user=0.01 sys=0.00, real=0.00 secs] 
2020-10-29T14:48:54.960+0000: [GC (Allocation Failure) 2020-10-29T14:48:54.961+0000: [ParNew: 16388K->4K(18432K), 0.0020444 secs] 337666K->321282K(524872K), 0.0020968 secs] [Times: user=0.00 sys=0.00, real=0.00 secs] 
2020-10-29T14:48:54.980+0000: [GC (Allocation Failure) 2020-10-29T14:48:54.981+0000: [ParNew: 16388K->4K(18432K), 0.0022403 secs] 337666K->321282K(524872K), 0.0022990 secs] [Times: user=0.00 sys=0.00, real=0.00 secs] 
2020-10-29T14:48:55.001+0000: [GC (Allocation Failure) 2020-10-29T14:48:55.001+0000: [ParNew: 16388K->4K(18432K), 0.0021845 secs] 337666K->321282K(524872K), 0.0022405 secs] [Times: user=0.00 sys=0.00, real=0.00 secs] 
2020-10-29T14:48:55.017+0000: [GC (Allocation Failure) 2020-10-29T14:48:55.017+0000: [ParNew: 16388K->4K(18432K), 0.0022155 secs] 337666K->321282K(524872K), 0.0022742 secs] [Times: user=0.01 sys=0.00, real=0.00 secs] 
2020-10-29T14:48:55.035+0000: [GC (Allocation Failure) 2020-10-29T14:48:55.035+0000: [ParNew: 16388K->4K(18432K), 0.0021445 secs] 337666K->321282K(524872K), 0.0022004 secs] [Times: user=0.01 sys=0.00, real=0.00 secs] 
2020-10-29T14:48:55.051+0000: [GC (Allocation Failure) 2020-10-29T14:48:55.051+0000: [ParNew: 16388K->4K(18432K), 0.0021290 secs] 337666K->321282K(524872K), 0.0021837 secs] [Times: user=0.00 sys=0.00, real=0.01 secs] 
2020-10-29T14:48:55.072+0000: [GC (Allocation Failure) 2020-10-29T14:48:55.073+0000: [ParNew: 16388K->4K(18432K), 0.0022529 secs] 337666K->321282K(524872K), 0.0023135 secs] [Times: user=0.00 sys=0.00, real=0.00 secs] 
2020-10-29T14:48:55.099+0000: [GC (Allocation Failure) 2020-10-29T14:48:55.099+0000: [ParNew: 16388K->4K(18432K), 0.0021064 secs] 337666K->321282K(524872K), 0.0021650 secs] [Times: user=0.00 sys=0.00, real=0.00 secs] 
2020-10-29T14:48:55.116+0000: [GC (Allocation Failure) 2020-10-29T14:48:55.116+0000: [ParNew: 16388K->4K(18432K), 0.0023023 secs] 337666K->321282K(524872K), 0.0023608 secs] [Times: user=0.00 sys=0.00, real=0.00 secs] 
2020-10-29T14:48:55.134+0000: [GC (Allocation Failure) 2020-10-29T14:48:55.134+0000: [ParNew: 16388K->4K(18432K), 0.0022233 secs] 337666K->321282K(524872K), 0.0022835 secs] [Times: user=0.01 sys=0.00, real=0.00 secs] 
2020-10-29T14:48:55.152+0000: [GC (Allocation Failure) 2020-10-29T14:48:55.153+0000: [ParNew: 16388K->4K(18432K), 0.0021876 secs] 337666K->321282K(524872K), 0.0022444 secs] [Times: user=0.01 sys=0.00, real=0.00 secs] 
2020-10-29T14:48:55.171+0000: [GC (Allocation Failure) 2020-10-29T14:48:55.171+0000: [ParNew: 16388K->4K(18432K), 0.0022673 secs] 337666K->321282K(524872K), 0.0023249 secs] [Times: user=0.01 sys=0.00, real=0.01 secs] 
2020-10-29T14:48:55.193+0000: [GC (Allocation Failure) 2020-10-29T14:48:55.193+0000: [ParNew: 16388K->4K(18432K), 0.0022892 secs] 337666K->321282K(524872K), 0.0023497 secs] [Times: user=0.00 sys=0.00, real=0.00 secs] 
2020-10-29T14:48:55.210+0000: [GC (Allocation Failure) 2020-10-29T14:48:55.210+0000: [ParNew: 16388K->4K(18432K), 0.0022702 secs] 337666K->321282K(524872K), 0.0023289 secs] [Times: user=0.00 sys=0.00, real=0.00 secs] 
2020-10-29T14:48:55.227+0000: [GC (Allocation Failure) 2020-10-29T14:48:55.227+0000: [ParNew: 16388K->4K(18432K), 0.0020907 secs] 337666K->321282K(524872K), 0.0021459 secs] [Times: user=0.00 sys=0.00, real=0.00 secs] 
2020-10-29T14:48:55.244+0000: [GC (Allocation Failure) 2020-10-29T14:48:55.244+0000: [ParNew: 16388K->4K(18432K), 0.0022232 secs] 337666K->321282K(524872K), 0.0022796 secs] [Times: user=0.01 sys=0.00, real=0.01 secs] 
2020-10-29T14:48:55.265+0000: [GC (Allocation Failure) 2020-10-29T14:48:55.265+0000: [ParNew: 16388K->4K(18432K), 0.0022646 secs] 337666K->321282K(524872K), 0.0023245 secs] [Times: user=0.00 sys=0.00, real=0.00 secs] 
2020-10-29T14:48:55.284+0000: [GC (Allocation Failure) 2020-10-29T14:48:55.285+0000: [ParNew: 16388K->4K(18432K), 0.0020995 secs] 337666K->321282K(524872K), 0.0021532 secs] [Times: user=0.00 sys=0.00, real=0.00 secs] 
2020-10-29T14:48:55.301+0000: [GC (Allocation Failure) 2020-10-29T14:48:55.301+0000: [ParNew: 16388K->4K(18432K), 0.0020874 secs] 337666K->321282K(524872K), 0.0021550 secs] [Times: user=0.01 sys=0.00, real=0.00 secs] 
2020-10-29T14:48:55.318+0000: [GC (Allocation Failure) 2020-10-29T14:48:55.318+0000: [ParNew: 16388K->4K(18432K), 0.0020620 secs] 337666K->321282K(524872K), 0.0021154 secs] [Times: user=0.00 sys=0.00, real=0.00 secs] 
2020-10-29T14:48:55.335+0000: [GC (Allocation Failure) 2020-10-29T14:48:55.335+0000: [ParNew: 16388K->4K(18432K), 0.0021070 secs] 337666K->321282K(524872K), 0.0021611 secs] [Times: user=0.00 sys=0.00, real=0.00 secs] 
2020-10-29T14:48:55.352+0000: [GC (Allocation Failure) 2020-10-29T14:48:55.352+0000: [ParNew: 16388K->4K(18432K), 0.0021341 secs] 337666K->321282K(524872K), 0.0021941 secs] [Times: user=0.01 sys=0.00, real=0.01 secs] 
2020-10-29T14:48:55.369+0000: [GC (Allocation Failure) 2020-10-29T14:48:55.369+0000: [ParNew: 16388K->4K(18432K), 0.0021721 secs] 337666K->321282K(524872K), 0.0022289 secs] [Times: user=0.00 sys=0.00, real=0.00 secs] 
2020-10-29T14:48:55.389+0000: [GC (Allocation Failure) 2020-10-29T14:48:55.389+0000: [ParNew: 16388K->4K(18432K), 0.0022055 secs] 337666K->321282K(524872K), 0.0022611 secs] [Times: user=0.01 sys=0.00, real=0.00 secs] 
2020-10-29T14:48:55.405+0000: [GC (Allocation Failure) 2020-10-29T14:48:55.405+0000: [ParNew: 16388K->4K(18432K), 0.0021911 secs] 337666K->321282K(524872K), 0.0022510 secs] [Times: user=0.01 sys=0.00, real=0.00 secs] 
2020-10-29T14:48:55.425+0000: [GC (Allocation Failure) 2020-10-29T14:48:55.425+0000: [ParNew: 16388K->4K(18432K), 0.0023511 secs] 337666K->321282K(524872K), 0.0024107 secs] [Times: user=0.00 sys=0.00, real=0.00 secs] 
2020-10-29T14:48:55.441+0000: [GC (Allocation Failure) 2020-10-29T14:48:55.441+0000: [ParNew: 16388K->4K(18432K), 0.0022377 secs] 337666K->321282K(524872K), 0.0022976 secs] [Times: user=0.00 sys=0.00, real=0.00 secs] 
2020-10-29T14:48:55.461+0000: [GC (Allocation Failure) 2020-10-29T14:48:55.461+0000: [ParNew: 16388K->4K(18432K), 0.0023111 secs] 337666K->321282K(524872K), 0.0023711 secs] [Times: user=0.00 sys=0.00, real=0.00 secs] 
2020-10-29T14:48:55.478+0000: [GC (Allocation Failure) 2020-10-29T14:48:55.478+0000: [ParNew: 16388K->4K(18432K), 0.0023171 secs] 337666K->321282K(524872K), 0.0023770 secs] [Times: user=0.00 sys=0.00, real=0.00 secs] 
2020-10-29T14:48:55.497+0000: [GC (Allocation Failure) 2020-10-29T14:48:55.497+0000: [ParNew: 16388K->4K(18432K), 0.0023140 secs] 337666K->321282K(524872K), 0.0023751 secs] [Times: user=0.00 sys=0.00, real=0.00 secs] 
2020-10-29T14:48:55.514+0000: [GC (Allocation Failure) 2020-10-29T14:48:55.514+0000: [ParNew: 16388K->4K(18432K), 0.0022959 secs] 337666K->321282K(524872K), 0.0023560 secs] [Times: user=0.00 sys=0.00, real=0.00 secs] 
2020-10-29T14:48:55.531+0000: [GC (Allocation Failure) 2020-10-29T14:48:55.531+0000: [ParNew: 16388K->4K(18432K), 0.0022218 secs] 337666K->321282K(524872K), 0.0022792 secs] [Times: user=0.01 sys=0.00, real=0.01 secs] 
2020-10-29T14:48:55.552+0000: [GC (Allocation Failure) 2020-10-29T14:48:55.552+0000: [ParNew: 16388K->4K(18432K), 0.0020919 secs] 337666K->321282K(524872K), 0.0021462 secs] [Times: user=0.00 sys=0.00, real=0.01 secs] 
2020-10-29T14:48:55.569+0000: [GC (Allocation Failure) 2020-10-29T14:48:55.569+0000: [ParNew: 16388K->4K(18432K), 0.0021971 secs] 337666K->321282K(524872K), 0.0022536 secs] [Times: user=0.00 sys=0.00, real=0.00 secs] 
2020-10-29T14:48:55.586+0000: [GC (Allocation Failure) 2020-10-29T14:48:55.586+0000: [ParNew: 16388K->4K(18432K), 0.0022689 secs] 337666K->321282K(524872K), 0.0023269 secs] [Times: user=0.01 sys=0.00, real=0.00 secs] 
2020-10-29T14:48:55.604+0000: [GC (Allocation Failure) 2020-10-29T14:48:55.604+0000: [ParNew: 16388K->4K(18432K), 0.0021162 secs] 337666K->321282K(524872K), 0.0021704 secs] [Times: user=0.00 sys=0.00, real=0.01 secs] 
2020-10-29T14:48:55.621+0000: [GC (Allocation Failure) 2020-10-29T14:48:55.621+0000: [ParNew: 16388K->4K(18432K), 0.0023081 secs] 337666K->321282K(524872K), 0.0023829 secs] [Times: user=0.01 sys=0.00, real=0.00 secs] 
2020-10-29T14:48:55.638+0000: [GC (Allocation Failure) 2020-10-29T14:48:55.638+0000: [ParNew: 16388K->4K(18432K), 0.0023127 secs] 337666K->321282K(524872K), 0.0023717 secs] [Times: user=0.01 sys=0.00, real=0.00 secs] 
2020-10-29T14:48:55.657+0000: [GC (Allocation Failure) 2020-10-29T14:48:55.657+0000: [ParNew: 16388K->4K(18432K), 0.0022162 secs] 337666K->321282K(524872K), 0.0022747 secs] [Times: user=0.00 sys=0.00, real=0.00 secs] 
2020-10-29T14:48:55.674+0000: [GC (Allocation Failure) 2020-10-29T14:48:55.674+0000: [ParNew: 16388K->4K(18432K), 0.0022611 secs] 337666K->321282K(524872K), 0.0023188 secs] [Times: user=0.00 sys=0.00, real=0.00 secs] 
2020-10-29T14:48:55.691+0000: [GC (Allocation Failure) 2020-10-29T14:48:55.691+0000: [ParNew: 16388K->4K(18432K), 0.0021915 secs] 337666K->321282K(524872K), 0.0022464 secs] [Times: user=0.01 sys=0.00, real=0.01 secs] 
2020-10-29T14:48:55.709+0000: [GC (Allocation Failure) 2020-10-29T14:48:55.709+0000: [ParNew: 16388K->4K(18432K), 0.0023196 secs] 337666K->321282K(524872K), 0.0023830 secs] [Times: user=0.01 sys=0.00, real=0.00 secs] 
2020-10-29T14:48:55.727+0000: [GC (Allocation Failure) 2020-10-29T14:48:55.727+0000: [ParNew: 16388K->4K(18432K), 0.0023029 secs] 337666K->321282K(524872K), 0.0023587 secs] [Times: user=0.00 sys=0.00, real=0.00 secs] 
2020-10-29T14:48:55.748+0000: [GC (Allocation Failure) 2020-10-29T14:48:55.748+0000: [ParNew: 16388K->4K(18432K), 0.0021301 secs] 337666K->321282K(524872K), 0.0021851 secs] [Times: user=0.01 sys=0.00, real=0.00 secs] 
2020-10-29T14:48:55.766+0000: [GC (Allocation Failure) 2020-10-29T14:48:55.766+0000: [ParNew: 16388K->4K(18432K), 0.0022342 secs] 337666K->321282K(524872K), 0.0022913 secs] [Times: user=0.01 sys=0.00, real=0.00 secs] 
2020-10-29T14:48:55.785+0000: [GC (Allocation Failure) 2020-10-29T14:48:55.785+0000: [ParNew: 16388K->4K(18432K), 0.0022308 secs] 337666K->321282K(524872K), 0.0022874 secs] [Times: user=0.01 sys=0.00, real=0.00 secs] 
2020-10-29T14:48:55.805+0000: [GC (Allocation Failure) 2020-10-29T14:48:55.805+0000: [ParNew: 16388K->4K(18432K), 0.0022540 secs] 337666K->321282K(524872K), 0.0023128 secs] [Times: user=0.01 sys=0.00, real=0.00 secs] 
2020-10-29T14:48:55.824+0000: [GC (Allocation Failure) 2020-10-29T14:48:55.824+0000: [ParNew: 16388K->4K(18432K), 0.0022528 secs] 337666K->321282K(524872K), 0.0023215 secs] [Times: user=0.00 sys=0.00, real=0.01 secs] 
2020-10-29T14:48:55.844+0000: [GC (Allocation Failure) 2020-10-29T14:48:55.844+0000: [ParNew: 16388K->4K(18432K), 0.0022913 secs] 337666K->321282K(524872K), 0.0023492 secs] [Times: user=0.00 sys=0.00, real=0.01 secs] 
2020-10-29T14:48:55.864+0000: [GC (Allocation Failure) 2020-10-29T14:48:55.865+0000: [ParNew: 16388K->4K(18432K), 0.0020644 secs] 337666K->321282K(524872K), 0.0021191 secs] [Times: user=0.01 sys=0.00, real=0.00 secs] 
2020-10-29T14:48:55.881+0000: [GC (Allocation Failure) 2020-10-29T14:48:55.881+0000: [ParNew: 16388K->4K(18432K), 0.0020722 secs] 337666K->321282K(524872K), 0.0021387 secs] [Times: user=0.00 sys=0.00, real=0.00 secs] 
2020-10-29T14:48:55.899+0000: [GC (Allocation Failure) 2020-10-29T14:48:55.899+0000: [ParNew: 16388K->4K(18432K), 0.0023189 secs] 337666K->321282K(524872K), 0.0023782 secs] [Times: user=0.00 sys=0.00, real=0.00 secs] 
2020-10-29T14:48:55.916+0000: [GC (Allocation Failure) 2020-10-29T14:48:55.917+0000: [ParNew: 16388K->4K(18432K), 0.0022548 secs] 337666K->321282K(524872K), 0.0023135 secs] [Times: user=0.01 sys=0.00, real=0.00 secs] 
2020-10-29T14:48:55.934+0000: [GC (Allocation Failure) 2020-10-29T14:48:55.934+0000: [ParNew: 16388K->4K(18432K), 0.0021271 secs] 337666K->321282K(524872K), 0.0021882 secs] [Times: user=0.00 sys=0.00, real=0.00 secs] 
2020-10-29T14:48:55.952+0000: [GC (Allocation Failure) 2020-10-29T14:48:55.953+0000: [ParNew: 16388K->4K(18432K), 0.0021014 secs] 337666K->321282K(524872K), 0.0021548 secs] [Times: user=0.00 sys=0.00, real=0.00 secs] 
2020-10-29T14:48:55.972+0000: [GC (Allocation Failure) 2020-10-29T14:48:55.973+0000: [ParNew: 16388K->4K(18432K), 0.0021902 secs] 337666K->321282K(524872K), 0.0022469 secs] [Times: user=0.01 sys=0.00, real=0.00 secs] 
2020-10-29T14:48:55.992+0000: [GC (Allocation Failure) 2020-10-29T14:48:55.993+0000: [ParNew: 16388K->4K(18432K), 0.0022314 secs] 337666K->321282K(524872K), 0.0022903 secs] [Times: user=0.00 sys=0.00, real=0.00 secs] 
2020-10-29T14:48:56.009+0000: [GC (Allocation Failure) 2020-10-29T14:48:56.009+0000: [ParNew: 16388K->4K(18432K), 0.0022194 secs] 337666K->321282K(524872K), 0.0022778 secs] [Times: user=0.01 sys=0.00, real=0.00 secs] 
2020-10-29T14:48:56.028+0000: [GC (Allocation Failure) 2020-10-29T14:48:56.029+0000: [ParNew: 16388K->4K(18432K), 0.0022106 secs] 337666K->321282K(524872K), 0.0022670 secs] [Times: user=0.00 sys=0.00, real=0.00 secs] 
2020-10-29T14:48:56.046+0000: [GC (Allocation Failure) 2020-10-29T14:48:56.046+0000: [ParNew: 16388K->4K(18432K), 0.0022052 secs] 337666K->321282K(524872K), 0.0022622 secs] [Times: user=0.00 sys=0.00, real=0.00 secs] 
2020-10-29T14:48:56.064+0000: [GC (Allocation Failure) 2020-10-29T14:48:56.065+0000: [ParNew: 16388K->4K(18432K), 0.0022033 secs] 337666K->321282K(524872K), 0.0022594 secs] [Times: user=0.01 sys=0.00, real=0.00 secs] 
2020-10-29T14:48:56.082+0000: [GC (Allocation Failure) 2020-10-29T14:48:56.082+0000: [ParNew: 16388K->4K(18432K), 0.0021411 secs] 337666K->321282K(524872K), 0.0021968 secs] [Times: user=0.00 sys=0.00, real=0.00 secs] 
2020-10-29T14:48:56.101+0000: [GC (Allocation Failure) 2020-10-29T14:48:56.101+0000: [ParNew: 16388K->4K(18432K), 0.0022123 secs] 337666K->321282K(524872K), 0.0022695 secs] [Times: user=0.01 sys=0.00, real=0.00 secs] 
2020-10-29T14:48:56.118+0000: [GC (Allocation Failure) 2020-10-29T14:48:56.118+0000: [ParNew: 16388K->4K(18432K), 0.0021416 secs] 337666K->321282K(524872K), 0.0022024 secs] [Times: user=0.00 sys=0.00, real=0.00 secs] 
2020-10-29T14:48:56.135+0000: [GC (Allocation Failure) 2020-10-29T14:48:56.135+0000: [ParNew: 16388K->4K(18432K), 0.0022015 secs] 337666K->321282K(524872K), 0.0022744 secs] [Times: user=0.00 sys=0.00, real=0.00 secs] 
2020-10-29T14:48:56.152+0000: [GC (Allocation Failure) 2020-10-29T14:48:56.152+0000: [ParNew: 16388K->4K(18432K), 0.0021078 secs] 337666K->321282K(524872K), 0.0021636 secs] [Times: user=0.01 sys=0.00, real=0.01 secs] 
2020-10-29T14:48:56.173+0000: [GC (Allocation Failure) 2020-10-29T14:48:56.173+0000: [ParNew: 16388K->4K(18432K), 0.0022699 secs] 337666K->321282K(524872K), 0.0023283 secs] [Times: user=0.01 sys=0.01, real=0.00 secs] 
2020-10-29T14:48:56.190+0000: [GC (Allocation Failure) 2020-10-29T14:48:56.190+0000: [ParNew: 16388K->4K(18432K), 0.0021503 secs] 337666K->321282K(524872K), 0.0022213 secs] [Times: user=0.00 sys=0.00, real=0.00 secs] 
2020-10-29T14:48:56.207+0000: [GC (Allocation Failure) 2020-10-29T14:48:56.207+0000: [ParNew: 16388K->4K(18432K), 0.0022285 secs] 337666K->321282K(524872K), 0.0022853 secs] [Times: user=0.00 sys=0.00, real=0.00 secs] 
2020-10-29T14:48:56.225+0000: [GC (Allocation Failure) 2020-10-29T14:48:56.225+0000: [ParNew: 16388K->4K(18432K), 0.0021752 secs] 337666K->321282K(524872K), 0.0022308 secs] [Times: user=0.01 sys=0.00, real=0.00 secs] 
2020-10-29T14:48:56.243+0000: [GC (Allocation Failure) 2020-10-29T14:48:56.243+0000: [ParNew: 16388K->4K(18432K), 0.0022935 secs] 337666K->321282K(524872K), 0.0023478 secs] [Times: user=0.00 sys=0.00, real=0.01 secs] 
2020-10-29T14:48:56.260+0000: [GC (Allocation Failure) 2020-10-29T14:48:56.260+0000: [ParNew: 16388K->4K(18432K), 0.0021880 secs] 337666K->321282K(524872K), 0.0022440 secs] [Times: user=0.00 sys=0.00, real=0.00 secs] 
2020-10-29T14:48:56.277+0000: [GC (Allocation Failure) 2020-10-29T14:48:56.277+0000: [ParNew: 16388K->4K(18432K), 0.0022087 secs] 337666K->321282K(524872K), 0.0022651 secs] [Times: user=0.01 sys=0.00, real=0.00 secs] 
2020-10-29T14:48:56.294+0000: [GC (Allocation Failure) 2020-10-29T14:48:56.295+0000: [ParNew: 16388K->4K(18432K), 0.0022727 secs] 337666K->321282K(524872K), 0.0023308 secs] [Times: user=0.00 sys=0.00, real=0.00 secs] 
2020-10-29T14:48:56.312+0000: [GC (Allocation Failure) 2020-10-29T14:48:56.312+0000: [ParNew: 16388K->4K(18432K), 0.0021667 secs] 337666K->321282K(524872K), 0.0022239 secs] [Times: user=0.00 sys=0.00, real=0.01 secs] 
2020-10-29T14:48:56.332+0000: [GC (Allocation Failure) 2020-10-29T14:48:56.333+0000: [ParNew: 16388K->4K(18432K), 0.0022381 secs] 337666K->321282K(524872K), 0.0022962 secs] [Times: user=0.01 sys=0.00, real=0.00 secs] 
2020-10-29T14:48:56.350+0000: [GC (Allocation Failure) 2020-10-29T14:48:56.350+0000: [ParNew: 16372K->4K(18432K), 0.0021522 secs] 337651K->321282K(524872K), 0.0022288 secs] [Times: user=0.00 sys=0.00, real=0.00 secs] 
2020-10-29T14:48:56.368+0000: [GC (Allocation Failure) 2020-10-29T14:48:56.369+0000: [ParNew: 16388K->4K(18432K), 0.0021748 secs] 337666K->321282K(524872K), 0.0022322 secs] [Times: user=0.01 sys=0.00, real=0.00 secs] 
2020-10-29T14:48:56.389+0000: [GC (Allocation Failure) 2020-10-29T14:48:56.389+0000: [ParNew: 16388K->4K(18432K), 0.0021080 secs] 337666K->321282K(524872K), 0.0021628 secs] [Times: user=0.00 sys=0.00, real=0.00 secs] 
2020-10-29T14:48:56.408+0000: [GC (Allocation Failure) 2020-10-29T14:48:56.409+0000: [ParNew: 16388K->4K(18432K), 0.0021696 secs] 337666K->321282K(524872K), 0.0022259 secs] [Times: user=0.01 sys=0.00, real=0.00 secs] 
2020-10-29T14:48:56.428+0000: [GC (Allocation Failure) 2020-10-29T14:48:56.429+0000: [ParNew: 16388K->4K(18432K), 0.0021541 secs] 337666K->321282K(524872K), 0.0022111 secs] [Times: user=0.00 sys=0.00, real=0.00 secs] 
2020-10-29T14:48:56.447+0000: [GC (Allocation Failure) 2020-10-29T14:48:56.447+0000: [ParNew: 16388K->4K(18432K), 0.0022320 secs] 337666K->321282K(524872K), 0.0022897 secs] [Times: user=0.01 sys=0.00, real=0.00 secs] 
2020-10-29T14:48:56.468+0000: [GC (Allocation Failure) 2020-10-29T14:48:56.468+0000: [ParNew: 16388K->4K(18432K), 0.0022455 secs] 337666K->321282K(524872K), 0.0023035 secs] [Times: user=0.00 sys=0.00, real=0.00 secs] 
2020-10-29T14:48:56.485+0000: [GC (Allocation Failure) 2020-10-29T14:48:56.485+0000: [ParNew: 16388K->4K(18432K), 0.0021842 secs] 337666K->321282K(524872K), 0.0022413 secs] [Times: user=0.01 sys=0.00, real=0.00 secs] 
2020-10-29T14:48:56.502+0000: [GC (Allocation Failure) 2020-10-29T14:48:56.502+0000: [ParNew: 16388K->4K(18432K), 0.0021242 secs] 337666K->321282K(524872K), 0.0021806 secs] [Times: user=0.01 sys=0.00, real=0.01 secs] 
2020-10-29T14:48:56.520+0000: [GC (Allocation Failure) 2020-10-29T14:48:56.521+0000: [ParNew: 16388K->4K(18432K), 0.0019947 secs] 337666K->321282K(524872K), 0.0020475 secs] [Times: user=0.00 sys=0.00, real=0.00 secs] 
2020-10-29T14:48:56.538+0000: [GC (Allocation Failure) 2020-10-29T14:48:56.538+0000: [ParNew: 16388K->4K(18432K), 0.0022830 secs] 337666K->321282K(524872K), 0.0023434 secs] [Times: user=0.01 sys=0.00, real=0.00 secs] 
2020-10-29T14:48:56.557+0000: [GC (Allocation Failure) 2020-10-29T14:48:56.557+0000: [ParNew: 16388K->4K(18432K), 0.0021930 secs] 337666K->321282K(524872K), 0.0022596 secs] [Times: user=0.00 sys=0.00, real=0.00 secs] 
2020-10-29T14:48:56.573+0000: [GC (Allocation Failure) 2020-10-29T14:48:56.573+0000: [ParNew: 16388K->4K(18432K), 0.0021249 secs] 337666K->321282K(524872K), 0.0021814 secs] [Times: user=0.01 sys=0.00, real=0.00 secs] 
2020-10-29T14:48:56.593+0000: [GC (Allocation Failure) 2020-10-29T14:48:56.593+0000: [ParNew: 16388K->4K(18432K), 0.0022837 secs] 337666K->321282K(524872K), 0.0023436 secs] [Times: user=0.01 sys=0.00, real=0.00 secs] 
2020-10-29T14:48:56.612+0000: [GC (Allocation Failure) 2020-10-29T14:48:56.613+0000: [ParNew: 16388K->4K(18432K), 0.0022763 secs] 337666K->321282K(524872K), 0.0023342 secs] [Times: user=0.01 sys=0.00, real=0.00 secs] 
2020-10-29T14:48:56.629+0000: [GC (Allocation Failure) 2020-10-29T14:48:56.629+0000: [ParNew: 16388K->4K(18432K), 0.0020966 secs] 337666K->321282K(524872K), 0.0021532 secs] [Times: user=0.00 sys=0.00, real=0.00 secs] 
2020-10-29T14:48:56.646+0000: [GC (Allocation Failure) 2020-10-29T14:48:56.646+0000: [ParNew: 16388K->4K(18432K), 0.0022233 secs] 337666K->321282K(524872K), 0.0022809 secs] [Times: user=0.01 sys=0.00, real=0.00 secs] 
2020-10-29T14:48:56.664+0000: [GC (Allocation Failure) 2020-10-29T14:48:56.664+0000: [ParNew: 16388K->4K(18432K), 0.0021051 secs] 337666K->321282K(524872K), 0.0021616 secs] [Times: user=0.01 sys=0.00, real=0.01 secs] 
2020-10-29T14:48:56.681+0000: [GC (Allocation Failure) 2020-10-29T14:48:56.681+0000: [ParNew: 16388K->4K(18432K), 0.0021066 secs] 337666K->321282K(524872K), 0.0021608 secs] [Times: user=0.00 sys=0.00, real=0.00 secs] 
2020-10-29T14:48:56.698+0000: [GC (Allocation Failure) 2020-10-29T14:48:56.698+0000: [ParNew: 16388K->4K(18432K), 0.0023193 secs] 337666K->321282K(524872K), 0.0023856 secs] [Times: user=0.00 sys=0.00, real=0.00 secs] 
2020-10-29T14:48:56.715+0000: [GC (Allocation Failure) 2020-10-29T14:48:56.715+0000: [ParNew: 16388K->4K(18432K), 0.0023295 secs] 337666K->321282K(524872K), 0.0023997 secs] [Times: user=0.01 sys=0.00, real=0.00 secs] 
2020-10-29T14:48:56.733+0000: [GC (Allocation Failure) 2020-10-29T14:48:56.733+0000: [ParNew: 16388K->4K(18432K), 0.0022743 secs] 337666K->321282K(524872K), 0.0023386 secs] [Times: user=0.00 sys=0.00, real=0.00 secs] 
 CMS: abort preclean due to time 2020-10-29T14:48:56.736+0000: [CMS-concurrent-abortable-preclean: 0.313/5.006 secs] [Times: user=9.00 sys=0.29, real=5.01 secs] 
2020-10-29T14:48:56.740+0000: [GC (CMS Final Remark) [YG occupancy: 347 K (18432 K)]2020-10-29T14:48:56.740+0000: [Rescan (parallel) , 0.0013864 secs]2020-10-29T14:48:56.742+0000: [weak refs processing, 0.0000825 secs]2020-10-29T14:48:56.742+0000: [class unloading, 0.0089177 secs]2020-10-29T14:48:56.751+0000: [scrub symbol table, 0.0094615 secs]2020-10-29T14:48:56.760+0000: [scrub string table, 0.0005883 secs][1 CMS-remark: 321278K(506440K)] 321626K(524872K), 0.0205636 secs] [Times: user=0.02 sys=0.00, real=0.02 secs] 
2020-10-29T14:48:56.764+0000: [CMS-concurrent-sweep-start]
2020-10-29T14:48:56.780+0000: [GC (Allocation Failure) 2020-10-29T14:48:56.780+0000: [ParNew: 16388K->4K(18432K), 0.0023059 secs] 337638K->321254K(524872K), 0.0023657 secs] [Times: user=0.00 sys=0.00, real=0.00 secs] 
2020-10-29T14:48:56.788+0000: [CMS-concurrent-sweep: 0.019/0.023 secs] [Times: user=0.04 sys=0.00, real=0.02 secs] 
2020-10-29T14:48:56.788+0000: [CMS-concurrent-reset-start]
2020-10-29T14:48:56.790+0000: [CMS-concurrent-reset: 0.002/0.002 secs] [Times: user=0.00 sys=0.00, real=0.00 secs] 
2020-10-29T14:48:56.801+0000: [GC (Allocation Failure) 2020-10-29T14:48:56.801+0000: [ParNew: 16388K->4K(18432K), 0.0023260 secs] 333405K->317021K(546796K), 0.0023849 secs] [Times: user=0.01 sys=0.00, real=0.00 secs] 
2020-10-29T14:48:56.817+0000: [GC (Allocation Failure) 2020-10-29T14:48:56.818+0000: [ParNew: 16388K->4K(18432K), 0.0023843 secs] 333405K->317021K(546796K), 0.0024621 secs] [Times: user=0.00 sys=0.00, real=0.00 secs] 
2020-10-29T14:48:56.834+0000: [GC (Allocation Failure) 2020-10-29T14:48:56.834+0000: [ParNew: 16388K->4K(18432K), 0.0026455 secs] 333405K->317021K(546796K), 0.0027162 secs] [Times: user=0.01 sys=0.00, real=0.00 secs] 
2020-10-29T14:48:56.851+0000: [GC (Allocation Failure) 2020-10-29T14:48:56.851+0000: [ParNew: 16388K->4K(18432K), 0.0023401 secs] 333405K->317021K(546796K), 0.0023963 secs] [Times: user=0.01 sys=0.00, real=0.01 secs] 
2020-10-29T14:48:56.868+0000: [GC (Allocation Failure) 2020-10-29T14:48:56.868+0000: [ParNew: 16388K->4K(18432K), 0.0022328 secs] 333405K->317021K(546796K), 0.0022866 secs] [Times: user=0.01 sys=0.00, real=0.00 secs] 
2020-10-29T14:48:56.884+0000: [GC (Allocation Failure) 2020-10-29T14:48:56.884+0000: [ParNew: 16388K->4K(18432K), 0.0023031 secs] 333405K->317021K(546796K), 0.0023604 secs] [Times: user=0.01 sys=0.00, real=0.00 secs] 
2020-10-29T14:48:56.901+0000: [GC (Allocation Failure) 2020-10-29T14:48:56.901+0000: [ParNew: 16388K->4K(18432K), 0.0022135 secs] 333405K->317021K(546796K), 0.0022660 secs] [Times: user=0.01 sys=0.00, real=0.00 secs] 
2020-10-29T14:48:56.917+0000: [GC (Allocation Failure) 2020-10-29T14:48:56.917+0000: [ParNew: 16388K->4K(18432K), 0.0022100 secs] 333405K->317021K(546796K), 0.0022632 secs] [Times: user=0.00 sys=0.00, real=0.00 secs] 
2020-10-29T14:48:56.934+0000: [GC (Allocation Failure) 2020-10-29T14:48:56.934+0000: [ParNew: 16388K->4K(18432K), 0.0023279 secs] 333405K->317021K(546796K), 0.0023871 secs] [Times: user=0.00 sys=0.00, real=0.00 secs] 
2020-10-29T14:48:56.950+0000: [GC (Allocation Failure) 2020-10-29T14:48:56.951+0000: [ParNew: 16388K->4K(18432K), 0.0023692 secs] 333405K->317021K(546796K), 0.0024298 secs] [Times: user=0.01 sys=0.00, real=0.01 secs] 
2020-10-29T14:48:56.968+0000: [GC (Allocation Failure) 2020-10-29T14:48:56.969+0000: [ParNew: 16388K->4K(18432K), 0.0022491 secs] 333405K->317021K(546796K), 0.0023036 secs] [Times: user=0.01 sys=0.00, real=0.00 secs] 
2020-10-29T14:48:56.985+0000: [GC (Allocation Failure) 2020-10-29T14:48:56.985+0000: [ParNew: 16388K->4K(18432K), 0.0023515 secs] 333405K->317021K(546796K), 0.0024107 secs] [Times: user=0.01 sys=0.00, real=0.00 secs] 
2020-10-29T14:48:57.002+0000: [GC (Allocation Failure) 2020-10-29T14:48:57.002+0000: [ParNew: 16388K->4K(18432K), 0.0023467 secs] 333405K->317021K(546796K), 0.0024054 secs] [Times: user=0.00 sys=0.00, real=0.00 secs] 
2020-10-29T14:48:57.020+0000: [GC (Allocation Failure) 2020-10-29T14:48:57.021+0000: [ParNew: 16388K->4K(18432K), 0.0022555 secs] 333405K->317021K(546796K), 0.0023102 secs] [Times: user=0.00 sys=0.00, real=0.00 secs] 
2020-10-29T14:48:57.037+0000: [GC (Allocation Failure) 2020-10-29T14:48:57.037+0000: [ParNew: 16388K->4K(18432K), 0.0023176 secs] 333405K->317021K(546796K), 0.0023769 secs] [Times: user=0.01 sys=0.00, real=0.00 secs] 
2020-10-29T14:48:57.057+0000: [GC (Allocation Failure) 2020-10-29T14:48:57.057+0000: [ParNew: 16388K->4K(18432K), 0.0023051 secs] 333405K->317021K(546796K), 0.0023625 secs] [Times: user=0.01 sys=0.00, real=0.00 secs] 
2020-10-29T14:48:57.072+0000: [GC (Allocation Failure) 2020-10-29T14:48:57.073+0000: [ParNew: 12127K->4K(18432K), 0.0022314 secs] 329145K->317021K(546796K), 0.0022816 secs] [Times: user=0.00 sys=0.00, real=0.00 secs] 
2020-10-29T14:48:57.083+0000: [GC (Allocation Failure) 2020-10-29T14:48:57.083+0000: [ParNew: 16388K->4K(18432K), 0.0033471 secs] 333405K->325213K(546796K), 0.0034080 secs] [Times: user=0.00 sys=0.00, real=0.01 secs] 
2020-10-29T14:48:57.087+0000: [GC (CMS Initial Mark) [1 CMS-initial-mark: 325209K(528364K)] 325403K(546796K), 0.0014641 secs] [Times: user=0.01 sys=0.00, real=0.00 secs] 
2020-10-29T14:48:57.088+0000: [CMS-concurrent-mark-start]
2020-10-29T14:48:57.109+0000: [GC (Allocation Failure) 2020-10-29T14:48:57.109+0000: [ParNew: 16388K->4K(18432K), 0.0023202 secs] 341597K->325213K(546796K), 0.0023802 secs] [Times: user=0.00 sys=0.00, real=0.00 secs] 
2020-10-29T14:48:57.136+0000: [GC (Allocation Failure) 2020-10-29T14:48:57.137+0000: [ParNew: 16388K->4K(18432K), 0.0022335 secs] 341597K->325213K(546796K), 0.0022915 secs] [Times: user=0.01 sys=0.00, real=0.00 secs] 
2020-10-29T14:48:57.158+0000: [CMS-concurrent-mark: 0.065/0.070 secs] [Times: user=0.13 sys=0.00, real=0.07 secs] 
2020-10-29T14:48:57.159+0000: [GC (Allocation Failure) 2020-10-29T14:48:57.159+0000: [ParNew: 16388K->4K(18432K), 0.0022960 secs] 341597K->325213K(546796K), 0.0023397 secs] [Times: user=0.01 sys=0.00, real=0.00 secs] 
2020-10-29T14:48:57.168+0000: [CMS-concurrent-preclean-start]
2020-10-29T14:48:57.170+0000: [CMS-concurrent-preclean: 0.002/0.002 secs] [Times: user=0.00 sys=0.00, real=0.00 secs] 
2020-10-29T14:48:57.170+0000: [CMS-concurrent-abortable-preclean-start]
2020-10-29T14:48:57.180+0000: [GC (Allocation Failure) 2020-10-29T14:48:57.181+0000: [ParNew: 16388K->4K(18432K), 0.0020011 secs] 341597K->325213K(546796K), 0.0020497 secs] [Times: user=0.01 sys=0.00, real=0.00 secs] 
2020-10-29T14:48:57.198+0000: [GC (Allocation Failure) 2020-10-29T14:48:57.198+0000: [ParNew: 16388K->4K(18432K), 0.0020448 secs] 341597K->325213K(546796K), 0.0020957 secs] [Times: user=0.01 sys=0.00, real=0.00 secs] 
2020-10-29T14:48:57.215+0000: [GC (Allocation Failure) 2020-10-29T14:48:57.215+0000: [ParNew: 16388K->4K(18432K), 0.0021953 secs] 341597K->325213K(546796K), 0.0022489 secs] [Times: user=0.01 sys=0.00, real=0.00 secs] 
2020-10-29T14:48:57.232+0000: [GC (Allocation Failure) 2020-10-29T14:48:57.232+0000: [ParNew: 16388K->4K(18432K), 0.0021847 secs] 341597K->325213K(546796K), 0.0022389 secs] [Times: user=0.00 sys=0.00, real=0.01 secs] 
2020-10-29T14:48:57.252+0000: [GC (Allocation Failure) 2020-10-29T14:48:57.253+0000: [ParNew: 16388K->4K(18432K), 0.0021564 secs] 341597K->325213K(546796K), 0.0022190 secs] [Times: user=0.01 sys=0.00, real=0.00 secs] 
2020-10-29T14:48:57.270+0000: [GC (Allocation Failure) 2020-10-29T14:48:57.270+0000: [ParNew: 16388K->4K(18432K), 0.0022570 secs] 341597K->325213K(546796K), 0.0023152 secs] [Times: user=0.00 sys=0.00, real=0.00 secs] 
2020-10-29T14:48:57.288+0000: [GC (Allocation Failure) 2020-10-29T14:48:57.289+0000: [ParNew: 16388K->4K(18432K), 0.0022227 secs] 341597K->325213K(546796K), 0.0022794 secs] [Times: user=0.00 sys=0.00, real=0.00 secs] 
2020-10-29T14:48:57.308+0000: [GC (Allocation Failure) 2020-10-29T14:48:57.309+0000: [ParNew: 16388K->4K(18432K), 0.0021387 secs] 341597K->325213K(546796K), 0.0021928 secs] [Times: user=0.01 sys=0.00, real=0.00 secs] 
2020-10-29T14:48:57.326+0000: [GC (Allocation Failure) 2020-10-29T14:48:57.326+0000: [ParNew: 16388K->4K(18432K), 0.0020873 secs] 341597K->325213K(546796K), 0.0021414 secs] [Times: user=0.00 sys=0.00, real=0.00 secs] 
2020-10-29T14:48:57.343+0000: [GC (Allocation Failure) 2020-10-29T14:48:57.343+0000: [ParNew: 16388K->4K(18432K), 0.0020848 secs] 341597K->325213K(546796K), 0.0021386 secs] [Times: user=0.00 sys=0.00, real=0.01 secs] 
2020-10-29T14:48:57.364+0000: [GC (Allocation Failure) 2020-10-29T14:48:57.364+0000: [ParNew: 16388K->4K(18432K), 0.0021492 secs] 341597K->325213K(546796K), 0.0022034 secs] [Times: user=0.01 sys=0.00, real=0.01 secs] 
2020-10-29T14:48:57.381+0000: [GC (Allocation Failure) 2020-10-29T14:48:57.381+0000: [ParNew: 16388K->4K(18432K), 0.0022388 secs] 341597K->325213K(546796K), 0.0022957 secs] [Times: user=0.01 sys=0.00, real=0.00 secs] 
2020-10-29T14:48:57.400+0000: [GC (Allocation Failure) 2020-10-29T14:48:57.401+0000: [ParNew: 16388K->4K(18432K), 0.0021252 secs] 341597K->325213K(546796K), 0.0021781 secs] [Times: user=0.01 sys=0.00, real=0.00 secs] 
2020-10-29T14:48:57.421+0000: [GC (Allocation Failure) 2020-10-29T14:48:57.421+0000: [ParNew: 16388K->4K(18432K), 0.0023325 secs] 341597K->325213K(546796K), 0.0023931 secs] [Times: user=0.00 sys=0.00, real=0.00 secs] 
2020-10-29T14:48:57.438+0000: [GC (Allocation Failure) 2020-10-29T14:48:57.438+0000: [ParNew: 16388K->4K(18432K), 0.0023555 secs] 341597K->325213K(546796K), 0.0024143 secs] [Times: user=0.00 sys=0.00, real=0.00 secs] 
2020-10-29T14:48:57.456+0000: [GC (Allocation Failure) 2020-10-29T14:48:57.457+0000: [ParNew: 16388K->4K(18432K), 0.0021464 secs] 341597K->325213K(546796K), 0.0022008 secs] [Times: user=0.01 sys=0.00, real=0.00 secs] 
2020-10-29T14:48:57.477+0000: [GC (Allocation Failure) 2020-10-29T14:48:57.477+0000: [ParNew: 16388K->4K(18432K), 0.0023319 secs] 341597K->325213K(546796K), 0.0024063 secs] [Times: user=0.00 sys=0.00, real=0.00 secs] 
2020-10-29T14:48:57.497+0000: [GC (Allocation Failure) 2020-10-29T14:48:57.497+0000: [ParNew: 16388K->4K(18432K), 0.0023020 secs] 341597K->325213K(546796K), 0.0023618 secs] [Times: user=0.00 sys=0.00, real=0.00 secs] 
2020-10-29T14:48:57.514+0000: [GC (Allocation Failure) 2020-10-29T14:48:57.514+0000: [ParNew: 16388K->4K(18432K), 0.0022097 secs] 341597K->325213K(546796K), 0.0022644 secs] [Times: user=0.00 sys=0.00, real=0.00 secs] 
2020-10-29T14:48:57.531+0000: [GC (Allocation Failure) 2020-10-29T14:48:57.531+0000: [ParNew: 16388K->4K(18432K), 0.0022148 secs] 341597K->325213K(546796K), 0.0022701 secs] [Times: user=0.01 sys=0.00, real=0.01 secs] 
2020-10-29T14:48:57.552+0000: [GC (Allocation Failure) 2020-10-29T14:48:57.552+0000: [ParNew: 16388K->4K(18432K), 0.0022125 secs] 341597K->325213K(546796K), 0.0022688 secs] [Times: user=0.01 sys=0.00, real=0.01 secs] 
2020-10-29T14:48:57.569+0000: [GC (Allocation Failure) 2020-10-29T14:48:57.569+0000: [ParNew: 16388K->4K(18432K), 0.0022233 secs] 341597K->325213K(546796K), 0.0022784 secs] [Times: user=0.00 sys=0.00, real=0.00 secs] 
2020-10-29T14:48:57.587+0000: [GC (Allocation Failure) 2020-10-29T14:48:57.587+0000: [ParNew: 16388K->4K(18432K), 0.0020916 secs] 341597K->325213K(546796K), 0.0021448 secs] [Times: user=0.00 sys=0.00, real=0.00 secs] 
2020-10-29T14:48:57.604+0000: [GC (Allocation Failure) 2020-10-29T14:48:57.605+0000: [ParNew: 16388K->4K(18432K), 0.0021646 secs] 341597K->325213K(546796K), 0.0022208 secs] [Times: user=0.01 sys=0.00, real=0.00 secs] 
2020-10-29T14:48:57.624+0000: [GC (Allocation Failure) 2020-10-29T14:48:57.625+0000: [ParNew: 16388K->4K(18432K), 0.0021479 secs] 341597K->325213K(546796K), 0.0022019 secs] [Times: user=0.00 sys=0.00, real=0.00 secs] 
2020-10-29T14:48:57.645+0000: [GC (Allocation Failure) 2020-10-29T14:48:57.645+0000: [ParNew: 16388K->4K(18432K), 0.0022522 secs] 341597K->325213K(546796K), 0.0023090 secs] [Times: user=0.00 sys=0.00, real=0.00 secs] 
2020-10-29T14:48:57.664+0000: [GC (Allocation Failure) 2020-10-29T14:48:57.665+0000: [ParNew: 16388K->4K(18432K), 0.0022136 secs] 341597K->325213K(546796K), 0.0022717 secs] [Times: user=0.00 sys=0.00, real=0.00 secs] 
2020-10-29T14:48:57.685+0000: [GC (Allocation Failure) 2020-10-29T14:48:57.685+0000: [ParNew: 16388K->4K(18432K), 0.0023115 secs] 341597K->325213K(546796K), 0.0023704 secs] [Times: user=0.01 sys=0.00, real=0.00 secs] 
2020-10-29T14:48:57.702+0000: [GC (Allocation Failure) 2020-10-29T14:48:57.702+0000: [ParNew: 16388K->4K(18432K), 0.0022232 secs] 341597K->325213K(546796K), 0.0022797 secs] [Times: user=0.00 sys=0.00, real=0.00 secs] 
2020-10-29T14:48:57.720+0000: [GC (Allocation Failure) 2020-10-29T14:48:57.721+0000: [ParNew: 16388K->4K(18432K), 0.0021694 secs] 341597K->325213K(546796K), 0.0022236 secs] [Times: user=0.00 sys=0.00, real=0.00 secs] 
2020-10-29T14:48:57.738+0000: [GC (Allocation Failure) 2020-10-29T14:48:57.738+0000: [ParNew: 16388K->4K(18432K), 0.0023767 secs] 341597K->325213K(546796K), 0.0024622 secs] [Times: user=0.00 sys=0.00, real=0.00 secs] 
2020-10-29T14:48:57.756+0000: [GC (Allocation Failure) 2020-10-29T14:48:57.756+0000: [ParNew: 16388K->4K(18432K), 0.0023206 secs] 341597K->325213K(546796K), 0.0023786 secs] [Times: user=0.01 sys=0.00, real=0.00 secs] 
2020-10-29T14:48:57.773+0000: [GC (Allocation Failure) 2020-10-29T14:48:57.773+0000: [ParNew: 16388K->4K(18432K), 0.0022811 secs] 341597K->325213K(546796K), 0.0023385 secs] [Times: user=0.00 sys=0.00, real=0.00 secs] 
2020-10-29T14:48:57.792+0000: [GC (Allocation Failure) 2020-10-29T14:48:57.793+0000: [ParNew: 16388K->4K(18432K), 0.0021463 secs] 341597K->325213K(546796K), 0.0021987 secs] [Times: user=0.00 sys=0.01, real=0.00 secs] 
2020-10-29T14:48:57.812+0000: [GC (Allocation Failure) 2020-10-29T14:48:57.813+0000: [ParNew: 16388K->4K(18432K), 0.0021634 secs] 341597K->325213K(546796K), 0.0022176 secs] [Times: user=0.01 sys=0.00, real=0.00 secs] 
2020-10-29T14:48:57.833+0000: [GC (Allocation Failure) 2020-10-29T14:48:57.833+0000: [ParNew: 16388K->4K(18432K), 0.0022693 secs] 341597K->325213K(546796K), 0.0023256 secs] [Times: user=0.01 sys=0.00, real=0.00 secs] 
2020-10-29T14:48:57.850+0000: [GC (Allocation Failure) 2020-10-29T14:48:57.850+0000: [ParNew: 16388K->4K(18432K), 0.0022612 secs] 341597K->325213K(546796K), 0.0023185 secs] [Times: user=0.00 sys=0.00, real=0.01 secs] 
2020-10-29T14:48:57.867+0000: [GC (Allocation Failure) 2020-10-29T14:48:57.867+0000: [ParNew: 16388K->4K(18432K), 0.0022381 secs] 341597K->325213K(546796K), 0.0022941 secs] [Times: user=0.00 sys=0.00, real=0.00 secs] 
2020-10-29T14:48:57.885+0000: [GC (Allocation Failure) 2020-10-29T14:48:57.885+0000: [ParNew: 16388K->4K(18432K), 0.0023235 secs] 341597K->325213K(546796K), 0.0023833 secs] [Times: user=0.01 sys=0.00, real=0.00 secs] 
2020-10-29T14:48:57.904+0000: [GC (Allocation Failure) 2020-10-29T14:48:57.905+0000: [ParNew: 16388K->4K(18432K), 0.0023031 secs] 341597K->325213K(546796K), 0.0023619 secs] [Times: user=0.01 sys=0.00, real=0.00 secs] 
2020-10-29T14:48:57.924+0000: [GC (Allocation Failure) 2020-10-29T14:48:57.924+0000: [ParNew: 16388K->4K(18432K), 0.0021584 secs] 341597K->325213K(546796K), 0.0022123 secs] [Times: user=0.00 sys=0.00, real=0.00 secs] 
2020-10-29T14:48:57.939+0000: [GC (Allocation Failure) 2020-10-29T14:48:57.939+0000: [ParNew: 12969K->4K(18432K), 0.0021192 secs] 338179K->325213K(546796K), 0.0021731 secs] [Times: user=0.01 sys=0.00, real=0.00 secs] 
2020-10-29T14:48:57.950+0000: [GC (Allocation Failure) 2020-10-29T14:48:57.950+0000: [ParNew: 16388K->4K(18432K), 0.0069599 secs] 341597K->333405K(546796K), 0.0070175 secs] [Times: user=0.02 sys=0.00, real=0.01 secs] 
2020-10-29T14:48:57.957+0000: [CMS-concurrent-abortable-preclean: 0.051/0.787 secs] [Times: user=1.41 sys=0.05, real=0.79 secs] 
2020-10-29T14:48:57.960+0000: [GC (CMS Final Remark) [YG occupancy: 329 K (18432 K)]2020-10-29T14:48:57.960+0000: [Rescan (parallel) , 0.0015599 secs]2020-10-29T14:48:57.962+0000: [weak refs processing, 0.0000294 secs]2020-10-29T14:48:57.962+0000: [class unloading, 0.0088294 secs]2020-10-29T14:48:57.970+0000: [scrub symbol table, 0.0099499 secs]2020-10-29T14:48:57.980+0000: [scrub string table, 0.0005940 secs][1 CMS-remark: 333401K(528364K)] 333730K(546796K), 0.0210828 secs] [Times: user=0.02 sys=0.00, real=0.02 secs] 
2020-10-29T14:48:57.988+0000: [CMS-concurrent-sweep-start]
2020-10-29T14:48:58.000+0000: [GC (Allocation Failure) 2020-10-29T14:48:58.001+0000: [ParNew: 16388K->4K(18432K), 0.0022889 secs] 349788K->333404K(546796K), 0.0023395 secs] [Times: user=0.00 sys=0.00, real=0.00 secs] 
2020-10-29T14:48:58.008+0000: [CMS-concurrent-sweep: 0.015/0.020 secs] [Times: user=0.03 sys=0.00, real=0.02 secs] 
2020-10-29T14:48:58.008+0000: [CMS-concurrent-reset-start]
2020-10-29T14:48:58.018+0000: [CMS-concurrent-reset: 0.010/0.010 secs] [Times: user=0.02 sys=0.00, real=0.01 secs] 
2020-10-29T14:48:58.022+0000: [GC (Allocation Failure) 2020-10-29T14:48:58.022+0000: [ParNew: 16388K->4K(18432K), 0.0023651 secs] 337402K->321018K(553460K), 0.0024125 secs] [Times: user=0.00 sys=0.00, real=0.00 secs] 
2020-10-29T14:48:58.039+0000: [GC (Allocation Failure) 2020-10-29T14:48:58.039+0000: [ParNew: 16388K->4K(18432K), 0.0023859 secs] 337402K->321018K(553460K), 0.0024445 secs] [Times: user=0.01 sys=0.00, real=0.00 secs] 
2020-10-29T14:48:58.055+0000: [GC (Allocation Failure) 2020-10-29T14:48:58.055+0000: [ParNew: 16388K->4K(18432K), 0.0021824 secs] 337402K->321018K(553460K), 0.0022339 secs] [Times: user=0.01 sys=0.00, real=0.00 secs] 
2020-10-29T14:48:58.072+0000: [GC (Allocation Failure) 2020-10-29T14:48:58.072+0000: [ParNew: 16388K->4K(18432K), 0.0021905 secs] 337402K->321018K(553460K), 0.0022400 secs] [Times: user=0.00 sys=0.00, real=0.01 secs] 
2020-10-29T14:48:58.088+0000: [GC (Allocation Failure) 2020-10-29T14:48:58.088+0000: [ParNew: 16388K->4K(18432K), 0.0022807 secs] 337402K->321018K(553460K), 0.0023355 secs] [Times: user=0.00 sys=0.00, real=0.00 secs] 
2020-10-29T14:48:58.105+0000: [GC (Allocation Failure) 2020-10-29T14:48:58.105+0000: [ParNew: 16388K->4K(18432K), 0.0023219 secs] 337402K->321018K(553460K), 0.0023817 secs] [Times: user=0.01 sys=0.00, real=0.00 secs] 
2020-10-29T14:48:58.121+0000: [GC (Allocation Failure) 2020-10-29T14:48:58.121+0000: [ParNew: 16388K->4K(18432K), 0.0022796 secs] 337402K->321018K(553460K), 0.0023352 secs] [Times: user=0.01 sys=0.00, real=0.00 secs] 
2020-10-29T14:48:58.138+0000: [GC (Allocation Failure) 2020-10-29T14:48:58.138+0000: [ParNew: 16388K->4K(18432K), 0.0023475 secs] 337402K->321018K(553460K), 0.0024143 secs] [Times: user=0.01 sys=0.00, real=0.00 secs] 
2020-10-29T14:48:58.157+0000: [GC (Allocation Failure) 2020-10-29T14:48:58.157+0000: [ParNew: 16388K->4K(18432K), 0.0023466 secs] 337402K->321018K(553460K), 0.0024055 secs] [Times: user=0.01 sys=0.00, real=0.00 secs] 
2020-10-29T14:48:58.173+0000: [GC (Allocation Failure) 2020-10-29T14:48:58.173+0000: [ParNew: 16388K->4K(18432K), 0.0023913 secs] 337402K->321018K(553460K), 0.0024528 secs] [Times: user=0.01 sys=0.00, real=0.00 secs] 
2020-10-29T14:48:58.194+0000: [GC (Allocation Failure) 2020-10-29T14:48:58.194+0000: [ParNew: 16388K->4K(18432K), 0.0035895 secs] 337402K->321018K(553460K), 0.0036481 secs] [Times: user=0.01 sys=0.00, real=0.00 secs] 
2020-10-29T14:48:58.212+0000: [GC (Allocation Failure) 2020-10-29T14:48:58.212+0000: [ParNew: 16388K->4K(18432K), 0.0023325 secs] 337402K->321018K(553460K), 0.0023897 secs] [Times: user=0.01 sys=0.00, real=0.01 secs] 
2020-10-29T14:48:58.229+0000: [GC (Allocation Failure) 2020-10-29T14:48:58.229+0000: [ParNew: 16388K->4K(18432K), 0.0023230 secs] 337402K->321018K(553460K), 0.0023819 secs] [Times: user=0.01 sys=0.00, real=0.00 secs] 
2020-10-29T14:48:58.248+0000: [GC (Allocation Failure) 2020-10-29T14:48:58.249+0000: [ParNew: 16388K->4K(18432K), 0.0023396 secs] 337402K->321018K(553460K), 0.0023952 secs] [Times: user=0.00 sys=0.00, real=0.00 secs] 
2020-10-29T14:48:58.265+0000: [GC (Allocation Failure) 2020-10-29T14:48:58.265+0000: [ParNew: 16388K->4K(18432K), 0.0022879 secs] 337402K->321018K(553460K), 0.0023434 secs] [Times: user=0.00 sys=0.00, real=0.00 secs] 
2020-10-29T14:48:58.284+0000: [GC (Allocation Failure) 2020-10-29T14:48:58.285+0000: [ParNew: 16388K->4K(18432K), 0.0022183 secs] 337402K->321018K(553460K), 0.0022716 secs] [Times: user=0.00 sys=0.00, real=0.00 secs] 
2020-10-29T14:48:58.301+0000: [GC (Allocation Failure) 2020-10-29T14:48:58.301+0000: [ParNew: 16388K->4K(18432K), 0.0023262 secs] 337402K->321018K(553460K), 0.0023854 secs] [Times: user=0.00 sys=0.00, real=0.00 secs] 
2020-10-29T14:48:58.318+0000: [GC (Allocation Failure) 2020-10-29T14:48:58.318+0000: [ParNew: 16388K->4K(18432K), 0.0023283 secs] 337402K->321018K(553460K), 0.0023868 secs] [Times: user=0.00 sys=0.00, real=0.00 secs] 
2020-10-29T14:48:58.334+0000: [GC (Allocation Failure) 2020-10-29T14:48:58.334+0000: [ParNew: 16388K->4K(18432K), 0.0022543 secs] 337402K->321018K(553460K), 0.0023071 secs] [Times: user=0.00 sys=0.00, real=0.00 secs] 
2020-10-29T14:48:58.351+0000: [GC (Allocation Failure) 2020-10-29T14:48:58.351+0000: [ParNew: 16388K->4K(18432K), 0.0023408 secs] 337402K->321018K(553460K), 0.0023977 secs] [Times: user=0.01 sys=0.00, real=0.01 secs] 
2020-10-29T14:48:58.367+0000: [GC (Allocation Failure) 2020-10-29T14:48:58.367+0000: [ParNew: 16388K->4K(18432K), 0.0022587 secs] 337402K->321018K(553460K), 0.0023115 secs] [Times: user=0.00 sys=0.00, real=0.00 secs] 
2020-10-29T14:48:58.384+0000: [GC (Allocation Failure) 2020-10-29T14:48:58.384+0000: [ParNew: 16388K->4K(18432K), 0.0022987 secs] 337402K->321018K(553460K), 0.0023552 secs] [Times: user=0.00 sys=0.00, real=0.01 secs] 
2020-10-29T14:48:58.400+0000: [GC (Allocation Failure) 2020-10-29T14:48:58.400+0000: [ParNew: 16388K->4K(18432K), 0.0022417 secs] 337402K->321018K(553460K), 0.0022951 secs] [Times: user=0.00 sys=0.00, real=0.00 secs] 
2020-10-29T14:48:58.417+0000: [GC (Allocation Failure) 2020-10-29T14:48:58.417+0000: [ParNew: 16388K->4K(18432K), 0.0022701 secs] 337402K->321018K(553460K), 0.0023260 secs] [Times: user=0.00 sys=0.00, real=0.00 secs] 
2020-10-29T14:48:58.437+0000: [GC (Allocation Failure) 2020-10-29T14:48:58.437+0000: [ParNew: 16388K->4K(18432K), 0.0023205 secs] 337402K->321018K(553460K), 0.0023919 secs] [Times: user=0.00 sys=0.00, real=0.00 secs] 
2020-10-29T14:48:58.457+0000: [GC (Allocation Failure) 2020-10-29T14:48:58.457+0000: [ParNew: 16388K->4K(18432K), 0.0022792 secs] 337402K->321018K(553460K), 0.0023363 secs] [Times: user=0.00 sys=0.00, real=0.00 secs] 
2020-10-29T14:48:58.473+0000: [GC (Allocation Failure) 2020-10-29T14:48:58.473+0000: [ParNew: 16388K->4K(18432K), 0.0022452 secs] 337402K->321018K(553460K), 0.0022982 secs] [Times: user=0.00 sys=0.00, real=0.00 secs] 
2020-10-29T14:48:58.488+0000: [GC (Allocation Failure) 2020-10-29T14:48:58.489+0000: [ParNew: 13446K->4K(18432K), 0.0023487 secs] 334460K->321018K(553460K), 0.0024078 secs] [Times: user=0.00 sys=0.00, real=0.00 secs] 
2020-10-29T14:48:58.501+0000: [GC (Allocation Failure) 2020-10-29T14:48:58.501+0000: [ParNew: 16388K->4K(18432K), 0.0077526 secs] 337402K->329210K(553460K), 0.0078083 secs] [Times: user=0.01 sys=0.00, real=0.01 secs] 
2020-10-29T14:48:58.509+0000: [GC (CMS Initial Mark) [1 CMS-initial-mark: 329206K(535028K)] 329356K(553460K), 0.0014031 secs] [Times: user=0.00 sys=0.01, real=0.00 secs] 
2020-10-29T14:48:58.510+0000: [CMS-concurrent-mark-start]
2020-10-29T14:48:58.534+0000: [GC (Allocation Failure) 2020-10-29T14:48:58.534+0000: [ParNew: 16388K->4K(18432K), 0.0022425 secs] 345594K->329210K(553460K), 0.0023005 secs] [Times: user=0.00 sys=0.00, real=0.00 secs] 
2020-10-29T14:48:58.555+0000: [GC (Allocation Failure) 2020-10-29T14:48:58.556+0000: [ParNew: 16388K->4K(18432K), 0.0022277 secs] 345594K->329210K(553460K), 0.0022845 secs] [Times: user=0.01 sys=0.00, real=0.00 secs] 
2020-10-29T14:48:58.575+0000: [GC (Allocation Failure) 2020-10-29T14:48:58.575+0000: [ParNew: 16388K->4K(18432K), 0.0021735 secs] 345594K->329210K(553460K), 0.0022286 secs] [Times: user=0.00 sys=0.00, real=0.00 secs] 
2020-10-29T14:48:58.596+0000: [CMS-concurrent-mark: 0.067/0.086 secs] [Times: user=0.17 sys=0.00, real=0.09 secs] 
2020-10-29T14:48:58.596+0000: [GC (Allocation Failure) 2020-10-29T14:48:58.597+0000: [ParNew: 16388K->4K(18432K), 0.0022961 secs] 345594K->329210K(553460K), 0.0023384 secs] [Times: user=0.00 sys=0.00, real=0.00 secs] 
2020-10-29T14:48:58.599+0000: [CMS-concurrent-preclean-start]
2020-10-29T14:48:58.600+0000: [CMS-concurrent-preclean: 0.001/0.002 secs] [Times: user=0.01 sys=0.00, real=0.00 secs] 
2020-10-29T14:48:58.608+0000: [GC (CMS Final Remark) [YG occupancy: 5256 K (18432 K)]2020-10-29T14:48:58.608+0000: [Rescan (parallel) , 0.0045830 secs]2020-10-29T14:48:58.613+0000: [weak refs processing, 0.0000312 secs]2020-10-29T14:48:58.613+0000: [class unloading, 0.0088503 secs]2020-10-29T14:48:58.622+0000: [scrub symbol table, 0.0093756 secs]2020-10-29T14:48:58.631+0000: [scrub string table, 0.0005781 secs][1 CMS-remark: 329206K(535028K)] 334463K(553460K), 0.0235310 secs] [Times: user=0.03 sys=0.00, real=0.02 secs] 
2020-10-29T14:48:58.636+0000: [CMS-concurrent-sweep-start]
2020-10-29T14:48:58.646+0000: [GC (Allocation Failure) 2020-10-29T14:48:58.646+0000: [ParNew: 16388K->4K(18432K), 0.0023000 secs] 345594K->329210K(553460K), 0.0023558 secs] [Times: user=0.00 sys=0.00, real=0.00 secs] 
2020-10-29T14:48:58.664+0000: [CMS-concurrent-sweep: 0.023/0.027 secs] [Times: user=0.04 sys=0.00, real=0.02 secs] 
2020-10-29T14:48:58.664+0000: [CMS-concurrent-reset-start]
2020-10-29T14:48:58.666+0000: [CMS-concurrent-reset: 0.002/0.002 secs] [Times: user=0.01 sys=0.00, real=0.01 secs] 
2020-10-29T14:48:58.666+0000: [GC (Allocation Failure) 2020-10-29T14:48:58.666+0000: [ParNew: 16388K->4K(18432K), 0.0023781 secs] 345594K->329210K(567112K), 0.0024215 secs] [Times: user=0.01 sys=0.00, real=0.00 secs] 
2020-10-29T14:48:58.683+0000: [GC (Allocation Failure) 2020-10-29T14:48:58.683+0000: [ParNew: 16388K->4K(18432K), 0.0023656 secs] 345594K->329210K(567112K), 0.0024242 secs] [Times: user=0.00 sys=0.00, real=0.01 secs] 
2020-10-29T14:48:58.700+0000: [GC (Allocation Failure) 2020-10-29T14:48:58.701+0000: [ParNew: 16388K->4K(18432K), 0.0022905 secs] 345594K->329210K(567112K), 0.0023582 secs] [Times: user=0.00 sys=0.00, real=0.00 secs] 
2020-10-29T14:48:58.721+0000: [GC (Allocation Failure) 2020-10-29T14:48:58.721+0000: [ParNew: 16388K->4K(18432K), 0.0023552 secs] 345594K->329210K(567112K), 0.0024152 secs] [Times: user=0.01 sys=0.00, real=0.00 secs] 
2020-10-29T14:48:58.740+0000: [GC (Allocation Failure) 2020-10-29T14:48:58.741+0000: [ParNew: 16388K->4K(18432K), 0.0023624 secs] 345594K->329210K(567112K), 0.0024414 secs] [Times: user=0.01 sys=0.00, real=0.00 secs] 
2020-10-29T14:48:58.760+0000: [GC (Allocation Failure) 2020-10-29T14:48:58.761+0000: [ParNew: 16388K->4K(18432K), 0.0022853 secs] 345594K->329210K(567112K), 0.0023389 secs] [Times: user=0.00 sys=0.00, real=0.00 secs] 
2020-10-29T14:48:58.777+0000: [GC (Allocation Failure) 2020-10-29T14:48:58.777+0000: [ParNew: 16388K->4K(18432K), 0.0022969 secs] 345594K->329210K(567112K), 0.0023515 secs] [Times: user=0.01 sys=0.01, real=0.00 secs] 
2020-10-29T14:48:58.794+0000: [GC (Allocation Failure) 2020-10-29T14:48:58.794+0000: [ParNew: 16388K->4K(18432K), 0.0022303 secs] 345594K->329210K(567112K), 0.0022825 secs] [Times: user=0.01 sys=0.00, real=0.00 secs] 
2020-10-29T14:48:58.810+0000: [GC (Allocation Failure) 2020-10-29T14:48:58.810+0000: [ParNew: 16388K->4K(18432K), 0.0022125 secs] 345594K->329210K(567112K), 0.0022870 secs] [Times: user=0.01 sys=0.00, real=0.01 secs] 
2020-10-29T14:48:58.828+0000: [GC (Allocation Failure) 2020-10-29T14:48:58.829+0000: [ParNew: 16388K->4K(18432K), 0.0021835 secs] 345594K->329210K(567112K), 0.0022330 secs] [Times: user=0.00 sys=0.00, real=0.00 secs] 
2020-10-29T14:48:58.845+0000: [GC (Allocation Failure) 2020-10-29T14:48:58.845+0000: [ParNew: 16388K->4K(18432K), 0.0023259 secs] 345594K->329210K(567112K), 0.0023815 secs] [Times: user=0.00 sys=0.00, real=0.00 secs] 
2020-10-29T14:48:58.856+0000: [GC (Allocation Failure) 2020-10-29T14:48:58.856+0000: [ParNew: 16388K->4K(18432K), 0.0077596 secs] 345594K->337402K(567112K), 0.0078102 secs] [Times: user=0.01 sys=0.00, real=0.00 secs] 
2020-10-29T14:48:58.864+0000: [GC (CMS Initial Mark) [1 CMS-initial-mark: 337398K(548680K)] 337596K(567112K), 0.0013707 secs] [Times: user=0.00 sys=0.00, real=0.00 secs] 
2020-10-29T14:48:58.866+0000: [CMS-concurrent-mark-start]
2020-10-29T14:48:58.885+0000: [GC (Allocation Failure) 2020-10-29T14:48:58.886+0000: [ParNew: 16388K->4K(18432K), 0.0022507 secs] 353786K->337402K(567112K), 0.0023092 secs] [Times: user=0.01 sys=0.00, real=0.00 secs] 
2020-10-29T14:48:58.908+0000: [GC (Allocation Failure) 2020-10-29T14:48:58.909+0000: [ParNew: 16388K->4K(18432K), 0.0022707 secs] 353786K->337402K(567112K), 0.0023268 secs] [Times: user=0.00 sys=0.00, real=0.00 secs] 
2020-10-29T14:48:58.929+0000: [GC (Allocation Failure) 2020-10-29T14:48:58.929+0000: [ParNew: 16388K->4K(18432K), 0.0022315 secs] 353786K->337402K(567112K), 0.0022875 secs] [Times: user=0.01 sys=0.00, real=0.00 secs] 
2020-10-29T14:48:58.950+0000: [GC (Allocation Failure) 2020-10-29T14:48:58.950+0000: [ParNew: 16388K->4K(18432K), 0.0023021 secs] 353786K->337402K(567112K), 0.0023589 secs] [Times: user=0.01 sys=0.00, real=0.00 secs] 
2020-10-29T14:48:58.977+0000: [GC (Allocation Failure) 2020-10-29T14:48:58.977+0000: [ParNew: 16388K->4K(18432K), 0.0023715 secs] 353786K->337402K(567112K), 0.0024454 secs] [Times: user=0.01 sys=0.00, real=0.00 secs] 
2020-10-29T14:48:58.986+0000: [CMS-concurrent-mark: 0.099/0.120 secs] [Times: user=0.22 sys=0.01, real=0.12 secs] 
2020-10-29T14:48:58.986+0000: [CMS-concurrent-preclean-start]
2020-10-29T14:48:58.988+0000: [CMS-concurrent-preclean: 0.002/0.002 secs] [Times: user=0.00 sys=0.00, real=0.00 secs] 
2020-10-29T14:48:58.988+0000: [CMS-concurrent-abortable-preclean-start]
2020-10-29T14:48:59.000+0000: [GC (Allocation Failure) 2020-10-29T14:48:59.000+0000: [ParNew: 16388K->4K(18432K), 0.0022163 secs] 353786K->337402K(567112K), 0.0022706 secs] [Times: user=0.01 sys=0.00, real=0.00 secs] 
2020-10-29T14:48:59.017+0000: [GC (Allocation Failure) 2020-10-29T14:48:59.017+0000: [ParNew: 16388K->4K(18432K), 0.0022251 secs] 353786K->337402K(567112K), 0.0022931 secs] [Times: user=0.01 sys=0.00, real=0.00 secs] 
2020-10-29T14:48:59.036+0000: [GC (Allocation Failure) 2020-10-29T14:48:59.037+0000: [ParNew: 16388K->4K(18432K), 0.0021531 secs] 353786K->337402K(567112K), 0.0022073 secs] [Times: user=0.00 sys=0.00, real=0.00 secs] 
2020-10-29T14:48:59.057+0000: [GC (Allocation Failure) 2020-10-29T14:48:59.057+0000: [ParNew: 16388K->4K(18432K), 0.0023534 secs] 353786K->337402K(567112K), 0.0024126 secs] [Times: user=0.01 sys=0.00, real=0.00 secs] 
2020-10-29T14:48:59.074+0000: [GC (Allocation Failure) 2020-10-29T14:48:59.074+0000: [ParNew: 16388K->4K(18432K), 0.0023684 secs] 353786K->337402K(567112K), 0.0024276 secs] [Times: user=0.01 sys=0.00, real=0.00 secs] 
2020-10-29T14:48:59.091+0000: [GC (Allocation Failure) 2020-10-29T14:48:59.091+0000: [ParNew: 16388K->4K(18432K), 0.0024440 secs] 353786K->337402K(567112K), 0.0025061 secs] [Times: user=0.00 sys=0.00, real=0.01 secs] 
2020-10-29T14:48:59.109+0000: [GC (Allocation Failure) 2020-10-29T14:48:59.109+0000: [ParNew: 16388K->4K(18432K), 0.0023556 secs] 353786K->337402K(567112K), 0.0024146 secs] [Times: user=0.01 sys=0.00, real=0.00 secs] 
2020-10-29T14:48:59.126+0000: [GC (Allocation Failure) 2020-10-29T14:48:59.126+0000: [ParNew: 16388K->4K(18432K), 0.0022608 secs] 353786K->337402K(567112K), 0.0023171 secs] [Times: user=0.00 sys=0.00, real=0.00 secs] 
2020-10-29T14:48:59.143+0000: [GC (Allocation Failure) 2020-10-29T14:48:59.143+0000: [ParNew: 16388K->4K(18432K), 0.0023460 secs] 353786K->337402K(567112K), 0.0024090 secs] [Times: user=0.00 sys=0.00, real=0.01 secs] 
2020-10-29T14:48:59.160+0000: [GC (Allocation Failure) 2020-10-29T14:48:59.160+0000: [ParNew: 16388K->4K(18432K), 0.0023035 secs] 353786K->337402K(567112K), 0.0023606 secs] [Times: user=0.01 sys=0.00, real=0.00 secs] 
2020-10-29T14:48:59.181+0000: [GC (Allocation Failure) 2020-10-29T14:48:59.181+0000: [ParNew: 16388K->4K(18432K), 0.0023381 secs] 353786K->337402K(567112K), 0.0023954 secs] [Times: user=0.00 sys=0.00, real=0.00 secs] 
2020-10-29T14:48:59.207+0000: [GC (Allocation Failure) 2020-10-29T14:48:59.207+0000: [ParNew: 16388K->4K(18432K), 0.0024067 secs] 353786K->337402K(567112K), 0.0024665 secs] [Times: user=0.01 sys=0.00, real=0.00 secs] 
2020-10-29T14:48:59.240+0000: [GC (Allocation Failure) 2020-10-29T14:48:59.241+0000: [ParNew: 16388K->4K(18432K), 0.0023655 secs] 353786K->337402K(567112K), 0.0024249 secs] [Times: user=0.01 sys=0.00, real=0.00 secs] 
2020-10-29T14:48:59.283+0000: [GC (Allocation Failure) 2020-10-29T14:48:59.283+0000: [ParNew: 16388K->6K(18432K), 0.0023955 secs] 353786K->337404K(567112K), 0.0024553 secs] [Times: user=0.00 sys=0.00, real=0.01 secs] 
2020-10-29T14:48:59.317+0000: [GC (Allocation Failure) 2020-10-29T14:48:59.317+0000: [ParNew: 16390K->8K(18432K), 0.0023667 secs] 353788K->337407K(567112K), 0.0024277 secs] [Times: user=0.01 sys=0.00, real=0.00 secs] 
2020-10-29T14:48:59.350+0000: [GC (Allocation Failure) 2020-10-29T14:48:59.350+0000: [ParNew: 16392K->7K(18432K), 0.0023748 secs] 353791K->337406K(567112K), 0.0024341 secs] [Times: user=0.00 sys=0.00, real=0.01 secs] 
2020-10-29T14:48:59.381+0000: [GC (Allocation Failure) 2020-10-29T14:48:59.381+0000: [ParNew: 16391K->7K(18432K), 0.0023708 secs] 353790K->337406K(567112K), 0.0024298 secs] [Times: user=0.00 sys=0.00, real=0.00 secs] 
2020-10-29T14:48:59.410+0000: [GC (Allocation Failure) 2020-10-29T14:48:59.411+0000: [ParNew: 16391K->5K(18432K), 0.0023986 secs] 353790K->337405K(567112K), 0.0024580 secs] [Times: user=0.00 sys=0.00, real=0.01 secs] 
2020-10-29T14:48:59.440+0000: [GC (Allocation Failure) 2020-10-29T14:48:59.441+0000: [ParNew: 16389K->6K(18432K), 0.0023497 secs] 353789K->337406K(567112K), 0.0024089 secs] [Times: user=0.00 sys=0.00, real=0.00 secs] 
2020-10-29T14:48:59.473+0000: [GC (Allocation Failure) 2020-10-29T14:48:59.473+0000: [ParNew: 16390K->4K(18432K), 0.0024071 secs] 353790K->337407K(567112K), 0.0024662 secs] [Times: user=0.00 sys=0.00, real=0.00 secs] 
2020-10-29T14:48:59.502+0000: [GC (Allocation Failure) 2020-10-29T14:48:59.502+0000: [ParNew: 16388K->4K(18432K), 0.0024289 secs] 353791K->337407K(567112K), 0.0024899 secs] [Times: user=0.00 sys=0.00, real=0.01 secs] 
2020-10-29T14:48:59.771+0000: [GC (Allocation Failure) 2020-10-29T14:48:59.771+0000: [ParNew: 16388K->4K(18432K), 0.0023973 secs] 353791K->337407K(567112K), 0.0024777 secs] [Times: user=0.00 sys=0.00, real=0.01 secs] 
2020-10-29T14:48:59.773+0000: [CMS-concurrent-abortable-preclean: 0.035/0.785 secs] [Times: user=1.50 sys=0.01, real=0.79 secs] 
2020-10-29T14:48:59.777+0000: [GC (CMS Final Remark) [YG occupancy: 329 K (18432 K)]2020-10-29T14:48:59.777+0000: [Rescan (parallel) , 0.0016451 secs]2020-10-29T14:48:59.779+0000: [weak refs processing, 0.0000372 secs]2020-10-29T14:48:59.779+0000: [class unloading, 0.0095587 secs]2020-10-29T14:48:59.788+0000: [scrub symbol table, 0.0096145 secs]2020-10-29T14:48:59.798+0000: [scrub string table, 0.0005821 secs][1 CMS-remark: 337403K(548680K)] 337732K(567112K), 0.0215812 secs] [Times: user=0.02 sys=0.00, real=0.02 secs] 
2020-10-29T14:48:59.799+0000: [CMS-concurrent-sweep-start]
2020-10-29T14:48:59.825+0000: [CMS-concurrent-sweep: 0.026/0.026 secs] [Times: user=0.05 sys=0.00, real=0.03 secs] 
2020-10-29T14:48:59.825+0000: [CMS-concurrent-reset-start]
2020-10-29T14:48:59.827+0000: [CMS-concurrent-reset: 0.002/0.002 secs] [Times: user=0.00 sys=0.00, real=0.00 secs] 
2020-10-29T14:48:59.904+0000: [GC (Allocation Failure) 2020-10-29T14:48:59.904+0000: [ParNew: 16388K->4K(18432K), 0.0023910 secs] 353791K->337407K(580772K), 0.0024498 secs] [Times: user=0.01 sys=0.00, real=0.00 secs] 
2020-10-29T14:48:59.991+0000: [GC (Allocation Failure) 2020-10-29T14:48:59.991+0000: [ParNew: 16388K->4K(18432K), 0.0024350 secs] 353791K->337407K(580772K), 0.0024960 secs] [Times: user=0.01 sys=0.00, real=0.01 secs] 
2020-10-29T14:49:01.348+0000: [GC (Allocation Failure) 2020-10-29T14:49:01.348+0000: [ParNew: 16388K->1466K(18432K), 0.0045654 secs] 353791K->338869K(580772K), 0.0046667 secs] [Times: user=0.01 sys=0.00, real=0.01 secs] 
2020-10-29T14:49:01.841+0000: [GC (Allocation Failure) 2020-10-29T14:49:01.841+0000: [ParNew: 17850K->1212K(18432K), 0.0077208 secs] 355253K->339517K(580772K), 0.0077828 secs] [Times: user=0.02 sys=0.00, real=0.01 secs] 
2020-10-29T14:49:01.929+0000: [GC (Allocation Failure) 2020-10-29T14:49:01.929+0000: [ParNew: 17596K->862K(18432K), 0.0043404 secs] 355901K->339514K(580772K), 0.0044258 secs] [Times: user=0.01 sys=0.00, real=0.01 secs] 
2020-10-29T14:49:02.023+0000: [GC (Allocation Failure) 2020-10-29T14:49:02.023+0000: [ParNew: 17246K->919K(18432K), 0.0037372 secs] 355898K->339572K(580772K), 0.0038185 secs] [Times: user=0.01 sys=0.00, real=0.01 secs] 
2020-10-29T14:49:02.085+0000: [GC (Allocation Failure) 2020-10-29T14:49:02.085+0000: [ParNew: 17303K->945K(18432K), 0.0038501 secs] 355956K->339598K(580772K), 0.0039130 secs] [Times: user=0.01 sys=0.00, real=0.00 secs] 
2020-10-29T14:49:02.144+0000: [GC (Allocation Failure) 2020-10-29T14:49:02.144+0000: [ParNew: 17329K->1720K(18432K), 0.0054863 secs] 355982K->340372K(580772K), 0.0055522 secs] [Times: user=0.01 sys=0.00, real=0.00 secs] 
2020-10-29T14:49:02.232+0000: [GC (Allocation Failure) 2020-10-29T14:49:02.232+0000: [ParNew: 18104K->1721K(18432K), 0.0080741 secs] 356756K->341567K(580772K), 0.0081527 secs] [Times: user=0.02 sys=0.01, real=0.01 secs] 
2020-10-29T14:49:02.307+0000: [GC (Allocation Failure) 2020-10-29T14:49:02.307+0000: [ParNew: 18105K->928K(18432K), 0.0040143 secs] 357951K->340773K(580772K), 0.0040763 secs] [Times: user=0.01 sys=0.00, real=0.00 secs] 
2020-10-29T14:49:02.551+0000: [GC (Allocation Failure) 2020-10-29T14:49:02.551+0000: [ParNew: 17312K->1822K(18432K), 0.0051405 secs] 357157K->341668K(580772K), 0.0052005 secs] [Times: user=0.01 sys=0.00, real=0.01 secs] 
2020-10-29T14:49:02.633+0000: [GC (Allocation Failure) 2020-10-29T14:49:02.633+0000: [ParNew: 18206K->1205K(18432K), 0.0065467 secs] 358052K->342177K(580772K), 0.0066179 secs] [Times: user=0.02 sys=0.00, real=0.00 secs] 
2020-10-29T14:49:02.692+0000: [GC (Allocation Failure) 2020-10-29T14:49:02.692+0000: [ParNew: 17589K->586K(18432K), 0.0034031 secs] 358561K->341557K(580772K), 0.0034748 secs] [Times: user=0.00 sys=0.00, real=0.01 secs] 
2020-10-29T14:49:03.263+0000: [GC (Allocation Failure) 2020-10-29T14:49:03.263+0000: [ParNew: 16970K->544K(18432K), 0.0035687 secs] 357941K->341515K(580772K), 0.0036335 secs] [Times: user=0.00 sys=0.00, real=0.01 secs] 
Heap
 par new generation   total 18432K, used 16803K [0x00000000c0000000, 0x00000000c1400000, 0x00000000ca660000)
  eden space 16384K,  99% used [0x00000000c0000000, 0x00000000c0fe0bd0, 0x00000000c1000000)
  from space 2048K,  26% used [0x00000000c1000000, 0x00000000c10880c0, 0x00000000c1200000)
  to   space 2048K,   0% used [0x00000000c1200000, 0x00000000c1200000, 0x00000000c1400000)
 concurrent mark-sweep generation total 562340K, used 340971K [0x00000000ca660000, 0x00000000ecb89000, 0x0000000100000000)
 Metaspace       used 78788K, capacity 80258K, committed 80480K, reserved 1118208K
  class space    used 10626K, capacity 10877K, committed 10904K, reserved 1048576K
End of LogType:stdout

