

Container: container_1603959726485_0011_01_000005 on ip-10-0-45-238.ec2.internal_8041
=======================================================================================
LogType:stderr
Log Upload Time:gio ott 29 13:19:39 +0000 2020
LogLength:20181
Log Contents:
SLF4J: Class path contains multiple SLF4J bindings.
SLF4J: Found binding in [jar:file:/mnt/yarn/usercache/hadoop/filecache/51/__spark_libs__7431892075664985131.zip/slf4j-log4j12-1.7.16.jar!/org/slf4j/impl/StaticLoggerBinder.class]
SLF4J: Found binding in [jar:file:/usr/lib/hadoop/lib/slf4j-log4j12-1.7.10.jar!/org/slf4j/impl/StaticLoggerBinder.class]
SLF4J: See http://www.slf4j.org/codes.html#multiple_bindings for an explanation.
SLF4J: Actual binding is of type [org.slf4j.impl.Log4jLoggerFactory]
20/10/29 13:17:42 INFO CoarseGrainedExecutorBackend: Started daemon with process name: 9077@ip-10-0-45-238
20/10/29 13:17:42 INFO SignalUtils: Registered signal handler for TERM
20/10/29 13:17:42 INFO SignalUtils: Registered signal handler for HUP
20/10/29 13:17:42 INFO SignalUtils: Registered signal handler for INT
20/10/29 13:17:43 INFO SecurityManager: Changing view acls to: yarn,hadoop
20/10/29 13:17:43 INFO SecurityManager: Changing modify acls to: yarn,hadoop
20/10/29 13:17:43 INFO SecurityManager: Changing view acls groups to: 
20/10/29 13:17:43 INFO SecurityManager: Changing modify acls groups to: 
20/10/29 13:17:43 INFO SecurityManager: SecurityManager: authentication disabled; ui acls disabled; users  with view permissions: Set(yarn, hadoop); groups with view permissions: Set(); users  with modify permissions: Set(yarn, hadoop); groups with modify permissions: Set()
20/10/29 13:17:43 INFO TransportClientFactory: Successfully created connection to ip-10-0-63-237.ec2.internal/10.0.63.237:37355 after 101 ms (0 ms spent in bootstraps)
20/10/29 13:17:43 INFO SecurityManager: Changing view acls to: yarn,hadoop
20/10/29 13:17:43 INFO SecurityManager: Changing modify acls to: yarn,hadoop
20/10/29 13:17:43 INFO SecurityManager: Changing view acls groups to: 
20/10/29 13:17:43 INFO SecurityManager: Changing modify acls groups to: 
20/10/29 13:17:43 INFO SecurityManager: SecurityManager: authentication disabled; ui acls disabled; users  with view permissions: Set(yarn, hadoop); groups with view permissions: Set(); users  with modify permissions: Set(yarn, hadoop); groups with modify permissions: Set()
20/10/29 13:17:43 INFO TransportClientFactory: Successfully created connection to ip-10-0-63-237.ec2.internal/10.0.63.237:37355 after 5 ms (0 ms spent in bootstraps)
20/10/29 13:17:43 INFO DiskBlockManager: Created local directory at /mnt/yarn/usercache/hadoop/appcache/application_1603959726485_0011/blockmgr-0c7281ad-acc1-4065-9c5e-22d48919199c
20/10/29 13:17:43 INFO MemoryStore: MemoryStore started with capacity 424.4 MB
20/10/29 13:17:44 INFO CoarseGrainedExecutorBackend: Connecting to driver: spark://CoarseGrainedScheduler@ip-10-0-63-237.ec2.internal:37355
20/10/29 13:17:44 INFO CoarseGrainedExecutorBackend: Successfully registered with driver
20/10/29 13:17:44 INFO Executor: Starting executor ID 2 on host ip-10-0-45-238.ec2.internal
20/10/29 13:17:44 INFO Utils: Successfully started service 'org.apache.spark.network.netty.NettyBlockTransferService' on port 36161.
20/10/29 13:17:44 INFO NettyBlockTransferService: Server created on ip-10-0-45-238.ec2.internal:36161
20/10/29 13:17:44 INFO BlockManager: Using org.apache.spark.storage.RandomBlockReplicationPolicy for block replication policy
20/10/29 13:17:44 INFO BlockManagerMaster: Registering BlockManager BlockManagerId(2, ip-10-0-45-238.ec2.internal, 36161, None)
20/10/29 13:17:44 INFO BlockManagerMaster: Registered BlockManager BlockManagerId(2, ip-10-0-45-238.ec2.internal, 36161, None)
20/10/29 13:17:44 INFO BlockManager: external shuffle service port = 7337
20/10/29 13:17:44 INFO BlockManager: Registering executor with local external shuffle service.
20/10/29 13:17:44 INFO TransportClientFactory: Successfully created connection to ip-10-0-45-238.ec2.internal/10.0.45.238:7337 after 1 ms (0 ms spent in bootstraps)
20/10/29 13:17:44 INFO BlockManager: Initialized BlockManager: BlockManagerId(2, ip-10-0-45-238.ec2.internal, 36161, None)
20/10/29 13:17:44 INFO CoarseGrainedExecutorBackend: Got assigned task 3
20/10/29 13:17:44 INFO Executor: Running task 2.0 in stage 1.0 (TID 3)
20/10/29 13:17:44 INFO TorrentBroadcast: Started reading broadcast variable 4
20/10/29 13:17:44 INFO TransportClientFactory: Successfully created connection to ip-10-0-63-237.ec2.internal/10.0.63.237:36337 after 2 ms (0 ms spent in bootstraps)
20/10/29 13:17:45 INFO MemoryStore: Block broadcast_4_piece0 stored as bytes in memory (estimated size 15.5 KB, free 424.4 MB)
20/10/29 13:17:45 INFO TorrentBroadcast: Reading broadcast variable 4 took 151 ms
20/10/29 13:17:45 INFO MemoryStore: Block broadcast_4 stored as values in memory (estimated size 36.6 KB, free 424.4 MB)
20/10/29 13:17:46 INFO CodeGenerator: Code generated in 573.094351 ms
20/10/29 13:17:46 INFO CodeGenerator: Code generated in 78.547525 ms
20/10/29 13:17:46 INFO CodeGenerator: Code generated in 49.455662 ms
20/10/29 13:17:48 INFO CodeGenerator: Code generated in 39.070116 ms
20/10/29 13:17:48 INFO FileScanRDD: Reading File path: s3://spectral-regression-spark-bucket/spectral_data_class.csv, range: 268435456-319010350, partition values: [empty row]
20/10/29 13:17:48 INFO CodeGenerator: Code generated in 16.575511 ms
20/10/29 13:17:48 INFO TorrentBroadcast: Started reading broadcast variable 2
20/10/29 13:17:48 INFO MemoryStore: Block broadcast_2_piece0 stored as bytes in memory (estimated size 36.7 KB, free 424.3 MB)
20/10/29 13:17:48 INFO TorrentBroadcast: Reading broadcast variable 2 took 11 ms
20/10/29 13:17:48 INFO MemoryStore: Block broadcast_2 stored as values in memory (estimated size 576.5 KB, free 423.7 MB)
20/10/29 13:17:51 INFO S3NativeFileSystem: Opening 's3://spectral-regression-spark-bucket/spectral_data_class.csv' for reading
20/10/29 13:17:51 INFO GPLNativeCodeLoader: Loaded native gpl library
20/10/29 13:17:51 INFO LzoCodec: Successfully loaded & initialized native-lzo library [hadoop-lzo rev 1546b8dc0ca6f1ffd26a812d52bd7b80915e0a25]
20/10/29 13:17:57 INFO JniLoader: successfully loaded /mnt/yarn/usercache/hadoop/appcache/application_1603959726485_0011/container_1603959726485_0011_01_000005/tmp/jniloader1605611003117957089netlib-native_system-linux-x86_64.so
20/10/29 13:17:58 INFO Executor: Finished task 2.0 in stage 1.0 (TID 3). 2356 bytes result sent to driver
20/10/29 13:18:04 INFO CoarseGrainedExecutorBackend: Got assigned task 5
20/10/29 13:18:04 INFO Executor: Running task 1.0 in stage 2.0 (TID 5)
20/10/29 13:18:04 INFO CoarseGrainedExecutorBackend: Got assigned task 7
20/10/29 13:18:04 INFO Executor: Running task 3.0 in stage 2.0 (TID 7)
20/10/29 13:18:04 INFO TorrentBroadcast: Started reading broadcast variable 6
20/10/29 13:18:04 INFO MemoryStore: Block broadcast_6_piece0 stored as bytes in memory (estimated size 17.1 KB, free 423.8 MB)
20/10/29 13:18:04 INFO TorrentBroadcast: Reading broadcast variable 6 took 12 ms
20/10/29 13:18:04 INFO MemoryStore: Block broadcast_6 stored as values in memory (estimated size 38.2 KB, free 423.8 MB)
20/10/29 13:18:04 INFO CodeGenerator: Code generated in 89.467823 ms
20/10/29 13:18:04 INFO CodeGenerator: Code generated in 33.363339 ms
20/10/29 13:18:04 INFO FileScanRDD: Reading File path: s3://spectral-regression-spark-bucket/spectral_data_class.csv, range: 242403489-319010350, partition values: [empty row]
20/10/29 13:18:04 INFO TorrentBroadcast: Started reading broadcast variable 5
20/10/29 13:18:04 INFO FileScanRDD: Reading File path: s3://spectral-regression-spark-bucket/spectral_data_class.csv, range: 80801163-161602326, partition values: [empty row]
20/10/29 13:18:04 INFO TransportClientFactory: Successfully created connection to ip-10-0-47-24.ec2.internal/10.0.47.24:42555 after 6 ms (0 ms spent in bootstraps)
20/10/29 13:18:04 INFO MemoryStore: Block broadcast_5_piece0 stored as bytes in memory (estimated size 36.7 KB, free 423.6 MB)
20/10/29 13:18:04 INFO TorrentBroadcast: Reading broadcast variable 5 took 148 ms
20/10/29 13:18:04 INFO MemoryStore: Block broadcast_5 stored as values in memory (estimated size 576.5 KB, free 423.0 MB)
20/10/29 13:18:04 INFO S3NativeFileSystem: Opening 's3://spectral-regression-spark-bucket/spectral_data_class.csv' for reading
20/10/29 13:18:04 INFO S3NativeFileSystem: Opening 's3://spectral-regression-spark-bucket/spectral_data_class.csv' for reading
20/10/29 13:18:17 INFO Executor: Finished task 3.0 in stage 2.0 (TID 7). 2386 bytes result sent to driver
20/10/29 13:18:17 INFO Executor: Finished task 1.0 in stage 2.0 (TID 5). 2343 bytes result sent to driver
20/10/29 13:18:19 INFO CoarseGrainedExecutorBackend: Got assigned task 8
20/10/29 13:18:19 INFO CoarseGrainedExecutorBackend: Got assigned task 10
20/10/29 13:18:19 INFO Executor: Running task 0.0 in stage 3.0 (TID 8)
20/10/29 13:18:19 INFO Executor: Running task 2.0 in stage 3.0 (TID 10)
20/10/29 13:18:19 INFO TorrentBroadcast: Started reading broadcast variable 7
20/10/29 13:18:19 INFO MemoryStore: Block broadcast_7_piece0 stored as bytes in memory (estimated size 16.9 KB, free 423.2 MB)
20/10/29 13:18:19 INFO TorrentBroadcast: Reading broadcast variable 7 took 12 ms
20/10/29 13:18:19 INFO MemoryStore: Block broadcast_7 stored as values in memory (estimated size 37.3 KB, free 423.1 MB)
20/10/29 13:18:19 INFO FileScanRDD: Reading File path: s3://spectral-regression-spark-bucket/spectral_data_class.csv, range: 0-80801163, partition values: [empty row]
20/10/29 13:18:19 INFO S3NativeFileSystem: Opening 's3://spectral-regression-spark-bucket/spectral_data_class.csv' for reading
20/10/29 13:18:19 INFO FileScanRDD: Reading File path: s3://spectral-regression-spark-bucket/spectral_data_class.csv, range: 161602326-242403489, partition values: [empty row]
20/10/29 13:18:19 INFO S3NativeFileSystem: Opening 's3://spectral-regression-spark-bucket/spectral_data_class.csv' for reading
20/10/29 13:18:31 INFO Executor: Finished task 2.0 in stage 3.0 (TID 10). 1903 bytes result sent to driver
20/10/29 13:18:32 INFO Executor: Finished task 0.0 in stage 3.0 (TID 8). 1860 bytes result sent to driver
20/10/29 13:18:32 INFO CoarseGrainedExecutorBackend: Got assigned task 12
20/10/29 13:18:32 INFO Executor: Running task 0.0 in stage 4.0 (TID 12)
20/10/29 13:18:32 INFO CoarseGrainedExecutorBackend: Got assigned task 14
20/10/29 13:18:32 INFO Executor: Running task 2.0 in stage 4.0 (TID 14)
20/10/29 13:18:32 INFO TorrentBroadcast: Started reading broadcast variable 9
20/10/29 13:18:32 INFO MemoryStore: Block broadcast_9_piece0 stored as bytes in memory (estimated size 15.1 KB, free 423.2 MB)
20/10/29 13:18:32 INFO TorrentBroadcast: Reading broadcast variable 9 took 17 ms
20/10/29 13:18:32 INFO MemoryStore: Block broadcast_9 stored as values in memory (estimated size 33.2 KB, free 423.2 MB)
20/10/29 13:18:32 INFO CodeGenerator: Code generated in 84.568972 ms
20/10/29 13:18:32 INFO FileScanRDD: Reading File path: s3://spectral-regression-spark-bucket/spectral_data_class.csv, range: 0-80801163, partition values: [empty row]
20/10/29 13:18:32 INFO FileScanRDD: Reading File path: s3://spectral-regression-spark-bucket/spectral_data_class.csv, range: 161602326-242403489, partition values: [empty row]
20/10/29 13:18:32 INFO TorrentBroadcast: Started reading broadcast variable 8
20/10/29 13:18:32 INFO MemoryStore: Block broadcast_8_piece0 stored as bytes in memory (estimated size 36.7 KB, free 423.0 MB)
20/10/29 13:18:32 INFO TorrentBroadcast: Reading broadcast variable 8 took 28 ms
20/10/29 13:18:32 INFO MemoryStore: Block broadcast_8 stored as values in memory (estimated size 576.5 KB, free 422.5 MB)
20/10/29 13:18:32 INFO S3NativeFileSystem: Opening 's3://spectral-regression-spark-bucket/spectral_data_class.csv' for reading
20/10/29 13:18:32 INFO S3NativeFileSystem: Opening 's3://spectral-regression-spark-bucket/spectral_data_class.csv' for reading
20/10/29 13:18:44 INFO Executor: Finished task 2.0 in stage 4.0 (TID 14). 2589 bytes result sent to driver
20/10/29 13:18:44 INFO Executor: Finished task 0.0 in stage 4.0 (TID 12). 2546 bytes result sent to driver
20/10/29 13:18:44 INFO CoarseGrainedExecutorBackend: Got assigned task 18
20/10/29 13:18:44 INFO Executor: Running task 1.0 in stage 6.0 (TID 18)
20/10/29 13:18:44 INFO CoarseGrainedExecutorBackend: Got assigned task 20
20/10/29 13:18:44 INFO Executor: Running task 3.0 in stage 6.0 (TID 20)
20/10/29 13:18:44 INFO MapOutputTrackerWorker: Updating epoch to 1 and clearing cache
20/10/29 13:18:44 INFO TorrentBroadcast: Started reading broadcast variable 12
20/10/29 13:18:44 INFO MemoryStore: Block broadcast_12_piece0 stored as bytes in memory (estimated size 17.6 KB, free 423.2 MB)
20/10/29 13:18:44 INFO TorrentBroadcast: Reading broadcast variable 12 took 8 ms
20/10/29 13:18:44 INFO MemoryStore: Block broadcast_12 stored as values in memory (estimated size 38.9 KB, free 423.2 MB)
20/10/29 13:18:44 INFO CodeGenerator: Code generated in 66.47273 ms
20/10/29 13:18:44 INFO FileScanRDD: Reading File path: s3://spectral-regression-spark-bucket/spectral_data_class.csv, range: 80801163-161602326, partition values: [empty row]
20/10/29 13:18:44 INFO TorrentBroadcast: Started reading broadcast variable 11
20/10/29 13:18:44 INFO FileScanRDD: Reading File path: s3://spectral-regression-spark-bucket/spectral_data_class.csv, range: 242403489-319010350, partition values: [empty row]
20/10/29 13:18:45 INFO MemoryStore: Block broadcast_11_piece0 stored as bytes in memory (estimated size 36.7 KB, free 423.0 MB)
20/10/29 13:18:45 INFO TorrentBroadcast: Reading broadcast variable 11 took 13 ms
20/10/29 13:18:45 INFO MemoryStore: Block broadcast_11 stored as values in memory (estimated size 576.5 KB, free 422.4 MB)
20/10/29 13:18:45 INFO S3NativeFileSystem: Opening 's3://spectral-regression-spark-bucket/spectral_data_class.csv' for reading
20/10/29 13:18:45 INFO S3NativeFileSystem: Opening 's3://spectral-regression-spark-bucket/spectral_data_class.csv' for reading
20/10/29 13:18:55 INFO Executor: Finished task 3.0 in stage 6.0 (TID 20). 2343 bytes result sent to driver
20/10/29 13:18:55 INFO Executor: Finished task 1.0 in stage 6.0 (TID 18). 2343 bytes result sent to driver
20/10/29 13:18:56 INFO CoarseGrainedExecutorBackend: Got assigned task 21
20/10/29 13:18:56 INFO Executor: Running task 0.0 in stage 7.0 (TID 21)
20/10/29 13:18:56 INFO CoarseGrainedExecutorBackend: Got assigned task 23
20/10/29 13:18:56 INFO Executor: Running task 2.0 in stage 7.0 (TID 23)
20/10/29 13:18:56 INFO TorrentBroadcast: Started reading broadcast variable 14
20/10/29 13:18:56 INFO MemoryStore: Block broadcast_14_piece0 stored as bytes in memory (estimated size 19.1 KB, free 423.2 MB)
20/10/29 13:18:56 INFO TorrentBroadcast: Reading broadcast variable 14 took 8 ms
20/10/29 13:18:56 INFO MemoryStore: Block broadcast_14 stored as values in memory (estimated size 45.8 KB, free 423.2 MB)
20/10/29 13:18:56 INFO CodeGenerator: Code generated in 106.622809 ms
20/10/29 13:18:56 INFO FileScanRDD: Reading File path: s3://spectral-regression-spark-bucket/spectral_data_class.csv, range: 0-80801163, partition values: [empty row]
20/10/29 13:18:56 INFO FileScanRDD: Reading File path: s3://spectral-regression-spark-bucket/spectral_data_class.csv, range: 161602326-242403489, partition values: [empty row]
20/10/29 13:18:56 INFO TorrentBroadcast: Started reading broadcast variable 13
20/10/29 13:18:56 INFO MemoryStore: Block broadcast_13_piece0 stored as bytes in memory (estimated size 36.7 KB, free 423.0 MB)
20/10/29 13:18:56 INFO TorrentBroadcast: Reading broadcast variable 13 took 12 ms
20/10/29 13:18:56 INFO MemoryStore: Block broadcast_13 stored as values in memory (estimated size 576.5 KB, free 422.4 MB)
20/10/29 13:18:56 INFO S3NativeFileSystem: Opening 's3://spectral-regression-spark-bucket/spectral_data_class.csv' for reading
20/10/29 13:18:56 INFO S3NativeFileSystem: Opening 's3://spectral-regression-spark-bucket/spectral_data_class.csv' for reading
20/10/29 13:19:08 INFO Executor: Finished task 2.0 in stage 7.0 (TID 23). 2448 bytes result sent to driver
20/10/29 13:19:08 INFO Executor: Finished task 0.0 in stage 7.0 (TID 21). 2405 bytes result sent to driver
20/10/29 13:19:08 INFO CoarseGrainedExecutorBackend: Got assigned task 25
20/10/29 13:19:08 INFO CoarseGrainedExecutorBackend: Got assigned task 27
20/10/29 13:19:08 INFO Executor: Running task 0.0 in stage 8.0 (TID 25)
20/10/29 13:19:08 INFO Executor: Running task 2.0 in stage 8.0 (TID 27)
20/10/29 13:19:08 INFO TorrentBroadcast: Started reading broadcast variable 16
20/10/29 13:19:08 INFO MemoryStore: Block broadcast_16_piece0 stored as bytes in memory (estimated size 19.1 KB, free 423.2 MB)
20/10/29 13:19:08 INFO TorrentBroadcast: Reading broadcast variable 16 took 7 ms
20/10/29 13:19:08 INFO MemoryStore: Block broadcast_16 stored as values in memory (estimated size 45.8 KB, free 423.2 MB)
20/10/29 13:19:08 INFO FileScanRDD: Reading File path: s3://spectral-regression-spark-bucket/spectral_data_class.csv, range: 161602326-242403489, partition values: [empty row]
20/10/29 13:19:08 INFO FileScanRDD: Reading File path: s3://spectral-regression-spark-bucket/spectral_data_class.csv, range: 0-80801163, partition values: [empty row]
20/10/29 13:19:08 INFO TorrentBroadcast: Started reading broadcast variable 15
20/10/29 13:19:08 INFO MemoryStore: Block broadcast_15_piece0 stored as bytes in memory (estimated size 36.7 KB, free 423.0 MB)
20/10/29 13:19:08 INFO TorrentBroadcast: Reading broadcast variable 15 took 8 ms
20/10/29 13:19:08 INFO MemoryStore: Block broadcast_15 stored as values in memory (estimated size 576.5 KB, free 422.4 MB)
20/10/29 13:19:08 INFO S3NativeFileSystem: Opening 's3://spectral-regression-spark-bucket/spectral_data_class.csv' for reading
20/10/29 13:19:08 INFO S3NativeFileSystem: Opening 's3://spectral-regression-spark-bucket/spectral_data_class.csv' for reading
20/10/29 13:19:20 INFO Executor: Finished task 2.0 in stage 8.0 (TID 27). 2448 bytes result sent to driver
20/10/29 13:19:20 INFO Executor: Finished task 0.0 in stage 8.0 (TID 25). 2405 bytes result sent to driver
20/10/29 13:19:20 INFO CoarseGrainedExecutorBackend: Got assigned task 29
20/10/29 13:19:20 INFO Executor: Running task 0.0 in stage 9.0 (TID 29)
20/10/29 13:19:20 INFO CoarseGrainedExecutorBackend: Got assigned task 31
20/10/29 13:19:20 INFO Executor: Running task 2.0 in stage 9.0 (TID 31)
20/10/29 13:19:20 INFO TorrentBroadcast: Started reading broadcast variable 18
20/10/29 13:19:20 INFO MemoryStore: Block broadcast_18_piece0 stored as bytes in memory (estimated size 19.1 KB, free 423.2 MB)
20/10/29 13:19:20 INFO TorrentBroadcast: Reading broadcast variable 18 took 7 ms
20/10/29 13:19:20 INFO MemoryStore: Block broadcast_18 stored as values in memory (estimated size 45.8 KB, free 423.2 MB)
20/10/29 13:19:20 INFO FileScanRDD: Reading File path: s3://spectral-regression-spark-bucket/spectral_data_class.csv, range: 161602326-242403489, partition values: [empty row]
20/10/29 13:19:20 INFO FileScanRDD: Reading File path: s3://spectral-regression-spark-bucket/spectral_data_class.csv, range: 0-80801163, partition values: [empty row]
20/10/29 13:19:20 INFO TorrentBroadcast: Started reading broadcast variable 17
20/10/29 13:19:20 INFO MemoryStore: Block broadcast_17_piece0 stored as bytes in memory (estimated size 36.7 KB, free 423.0 MB)
20/10/29 13:19:20 INFO TorrentBroadcast: Reading broadcast variable 17 took 8 ms
20/10/29 13:19:20 INFO MemoryStore: Block broadcast_17 stored as values in memory (estimated size 576.5 KB, free 422.4 MB)
20/10/29 13:19:20 INFO S3NativeFileSystem: Opening 's3://spectral-regression-spark-bucket/spectral_data_class.csv' for reading
20/10/29 13:19:20 INFO S3NativeFileSystem: Opening 's3://spectral-regression-spark-bucket/spectral_data_class.csv' for reading
20/10/29 13:19:32 INFO Executor: Finished task 2.0 in stage 9.0 (TID 31). 2405 bytes result sent to driver
20/10/29 13:19:32 INFO Executor: Finished task 0.0 in stage 9.0 (TID 29). 2405 bytes result sent to driver
20/10/29 13:19:37 INFO CoarseGrainedExecutorBackend: Driver commanded a shutdown
20/10/29 13:19:37 INFO MemoryStore: MemoryStore cleared
20/10/29 13:19:37 INFO BlockManager: BlockManager stopped
20/10/29 13:19:37 INFO ShutdownHookManager: Shutdown hook called
End of LogType:stderr

LogType:stdout
Log Upload Time:gio ott 29 13:19:39 +0000 2020
LogLength:842379
Log Contents:
2020-10-29T13:17:41.373+0000: [GC (Allocation Failure) 2020-10-29T13:17:41.373+0000: [ParNew: 16384K->2047K(18432K), 0.0037953 secs] 16384K->2385K(59392K), 0.0038675 secs] [Times: user=0.01 sys=0.00, real=0.01 secs] 
2020-10-29T13:17:41.510+0000: [GC (Allocation Failure) 2020-10-29T13:17:41.510+0000: [ParNew: 18431K->1948K(18432K), 0.0068386 secs] 18769K->3639K(59392K), 0.0068965 secs] [Times: user=0.02 sys=0.00, real=0.01 secs] 
2020-10-29T13:17:41.654+0000: [GC (Allocation Failure) 2020-10-29T13:17:41.654+0000: [ParNew: 18332K->1460K(18432K), 0.0016949 secs] 20023K->3151K(59392K), 0.0017601 secs] [Times: user=0.00 sys=0.00, real=0.01 secs] 
2020-10-29T13:17:41.809+0000: [GC (Allocation Failure) 2020-10-29T13:17:41.809+0000: [ParNew: 17844K->1960K(18432K), 0.0049101 secs] 19535K->4032K(59392K), 0.0049680 secs] [Times: user=0.01 sys=0.00, real=0.00 secs] 
2020-10-29T13:17:41.960+0000: [GC (Allocation Failure) 2020-10-29T13:17:41.960+0000: [ParNew: 18344K->1189K(18432K), 0.0053474 secs] 20416K->3803K(59392K), 0.0054228 secs] [Times: user=0.01 sys=0.00, real=0.00 secs] 
2020-10-29T13:17:42.104+0000: [GC (Allocation Failure) 2020-10-29T13:17:42.104+0000: [ParNew: 17573K->1744K(18432K), 0.0031369 secs] 20187K->4358K(59392K), 0.0031931 secs] [Times: user=0.00 sys=0.00, real=0.01 secs] 
2020-10-29T13:17:42.193+0000: [GC (Allocation Failure) 2020-10-29T13:17:42.193+0000: [ParNew: 18128K->1214K(18432K), 0.0033883 secs] 20742K->4371K(59392K), 0.0034442 secs] [Times: user=0.00 sys=0.00, real=0.01 secs] 
2020-10-29T13:17:42.262+0000: [GC (Allocation Failure) 2020-10-29T13:17:42.262+0000: [ParNew: 17598K->959K(18432K), 0.0039873 secs] 20755K->4115K(59392K), 0.0040444 secs] [Times: user=0.01 sys=0.00, real=0.00 secs] 
2020-10-29T13:17:42.339+0000: [GC (Allocation Failure) 2020-10-29T13:17:42.339+0000: [ParNew: 17343K->812K(18432K), 0.0014796 secs] 20499K->3969K(59392K), 0.0015357 secs] [Times: user=0.00 sys=0.00, real=0.00 secs] 
2020-10-29T13:17:42.438+0000: [GC (Allocation Failure) 2020-10-29T13:17:42.438+0000: [ParNew: 17196K->1335K(18432K), 0.0021179 secs] 20353K->4491K(59392K), 0.0021723 secs] [Times: user=0.01 sys=0.00, real=0.00 secs] 
2020-10-29T13:17:42.525+0000: [GC (Allocation Failure) 2020-10-29T13:17:42.525+0000: [ParNew: 17719K->1288K(18432K), 0.0026168 secs] 20875K->4757K(59392K), 0.0026727 secs] [Times: user=0.00 sys=0.00, real=0.01 secs] 
2020-10-29T13:17:42.690+0000: [GC (Allocation Failure) 2020-10-29T13:17:42.690+0000: [ParNew: 17672K->1385K(18432K), 0.0026209 secs] 21141K->4854K(59392K), 0.0026740 secs] [Times: user=0.01 sys=0.00, real=0.00 secs] 
2020-10-29T13:17:42.833+0000: [GC (Allocation Failure) 2020-10-29T13:17:42.834+0000: [ParNew: 17769K->1578K(18432K), 0.0038849 secs] 21238K->5121K(59392K), 0.0039399 secs] [Times: user=0.00 sys=0.00, real=0.01 secs] 
2020-10-29T13:17:42.953+0000: [GC (Allocation Failure) 2020-10-29T13:17:42.954+0000: [ParNew: 17962K->1137K(18432K), 0.0059612 secs] 21505K->5290K(59392K), 0.0060177 secs] [Times: user=0.00 sys=0.00, real=0.01 secs] 
2020-10-29T13:17:43.044+0000: [GC (Allocation Failure) 2020-10-29T13:17:43.044+0000: [ParNew: 17521K->927K(18432K), 0.0043665 secs] 21674K->5081K(59392K), 0.0044435 secs] [Times: user=0.01 sys=0.00, real=0.01 secs] 
2020-10-29T13:17:43.136+0000: [GC (Allocation Failure) 2020-10-29T13:17:43.136+0000: [ParNew: 17311K->1045K(18432K), 0.0021846 secs] 21465K->5199K(59392K), 0.0022622 secs] [Times: user=0.01 sys=0.00, real=0.00 secs] 
2020-10-29T13:17:43.211+0000: [GC (Allocation Failure) 2020-10-29T13:17:43.211+0000: [ParNew: 17429K->1475K(18432K), 0.0037299 secs] 21583K->5629K(59392K), 0.0037977 secs] [Times: user=0.01 sys=0.00, real=0.01 secs] 
2020-10-29T13:17:43.273+0000: [GC (Allocation Failure) 2020-10-29T13:17:43.273+0000: [ParNew: 17859K->1040K(18432K), 0.0033617 secs] 22013K->5553K(59392K), 0.0034174 secs] [Times: user=0.01 sys=0.00, real=0.01 secs] 
2020-10-29T13:17:43.349+0000: [GC (Allocation Failure) 2020-10-29T13:17:43.349+0000: [ParNew: 17424K->1519K(18432K), 0.0022036 secs] 21937K->6031K(59392K), 0.0022598 secs] [Times: user=0.01 sys=0.00, real=0.00 secs] 
2020-10-29T13:17:43.456+0000: [GC (Allocation Failure) 2020-10-29T13:17:43.456+0000: [ParNew: 17903K->1825K(18432K), 0.0034410 secs] 22415K->6541K(59392K), 0.0034980 secs] [Times: user=0.00 sys=0.00, real=0.00 secs] 
2020-10-29T13:17:43.525+0000: [GC (Allocation Failure) 2020-10-29T13:17:43.525+0000: [ParNew: 18209K->1090K(18432K), 0.0037707 secs] 22925K->6268K(59392K), 0.0038278 secs] [Times: user=0.00 sys=0.00, real=0.01 secs] 
2020-10-29T13:17:43.626+0000: [GC (Allocation Failure) 2020-10-29T13:17:43.626+0000: [ParNew: 17474K->1276K(18432K), 0.0022614 secs] 39036K->22838K(59392K), 0.0023188 secs] [Times: user=0.00 sys=0.00, real=0.01 secs] 
2020-10-29T13:17:43.629+0000: [GC (CMS Initial Mark) [1 CMS-initial-mark: 21561K(40960K)] 23182K(59392K), 0.0009722 secs] [Times: user=0.01 sys=0.00, real=0.00 secs] 
2020-10-29T13:17:43.630+0000: [CMS-concurrent-mark-start]
2020-10-29T13:17:43.653+0000: [CMS-concurrent-mark: 0.022/0.023 secs] [Times: user=0.04 sys=0.00, real=0.02 secs] 
2020-10-29T13:17:43.653+0000: [CMS-concurrent-preclean-start]
2020-10-29T13:17:43.654+0000: [CMS-concurrent-preclean: 0.001/0.001 secs] [Times: user=0.00 sys=0.00, real=0.00 secs] 
2020-10-29T13:17:43.654+0000: [CMS-concurrent-abortable-preclean-start]
2020-10-29T13:17:43.721+0000: [GC (Allocation Failure) 2020-10-29T13:17:43.721+0000: [ParNew: 17660K->977K(18432K), 0.0060859 secs] 39222K->22772K(59392K), 0.0061545 secs] [Times: user=0.01 sys=0.00, real=0.01 secs] 
2020-10-29T13:17:43.859+0000: [CMS-concurrent-abortable-preclean: 0.043/0.206 secs] [Times: user=0.35 sys=0.01, real=0.21 secs] 
2020-10-29T13:17:43.865+0000: [GC (CMS Final Remark) [YG occupancy: 15650 K (18432 K)]2020-10-29T13:17:43.865+0000: [Rescan (parallel) , 0.0039886 secs]2020-10-29T13:17:43.869+0000: [weak refs processing, 0.0000488 secs]2020-10-29T13:17:43.870+0000: [class unloading, 0.0031602 secs]2020-10-29T13:17:43.873+0000: [scrub symbol table, 0.0031409 secs]2020-10-29T13:17:43.876+0000: [scrub string table, 0.0003159 secs][1 CMS-remark: 38179K(40960K)] 53830K(59392K), 0.0107877 secs] [Times: user=0.01 sys=0.00, real=0.02 secs] 
2020-10-29T13:17:43.877+0000: [CMS-concurrent-sweep-start]
2020-10-29T13:17:43.887+0000: [CMS-concurrent-sweep: 0.010/0.010 secs] [Times: user=0.02 sys=0.00, real=0.01 secs] 
2020-10-29T13:17:43.887+0000: [CMS-concurrent-reset-start]
2020-10-29T13:17:43.906+0000: [GC (Allocation Failure) 2020-10-29T13:17:43.906+0000: [ParNew: 17361K->1291K(18432K), 0.0025034 secs] 55123K->39054K(81372K), 0.0025640 secs] [Times: user=0.00 sys=0.00, real=0.01 secs] 
2020-10-29T13:17:43.915+0000: [CMS-concurrent-reset: 0.025/0.028 secs] [Times: user=0.04 sys=0.02, real=0.03 secs] 
2020-10-29T13:17:43.985+0000: [GC (Allocation Failure) 2020-10-29T13:17:43.985+0000: [ParNew: 17675K->1380K(18432K), 0.0039067 secs] 55438K->39508K(81372K), 0.0039894 secs] [Times: user=0.01 sys=0.00, real=0.01 secs] 
2020-10-29T13:17:44.071+0000: [GC (Allocation Failure) 2020-10-29T13:17:44.071+0000: [ParNew: 17764K->929K(18432K), 0.0027880 secs] 55892K->39395K(81372K), 0.0028692 secs] [Times: user=0.01 sys=0.00, real=0.00 secs] 
2020-10-29T13:17:44.148+0000: [GC (Allocation Failure) 2020-10-29T13:17:44.148+0000: [ParNew: 17313K->1108K(18432K), 0.0018693 secs] 55779K->39574K(81372K), 0.0019274 secs] [Times: user=0.00 sys=0.00, real=0.00 secs] 
2020-10-29T13:17:44.209+0000: [GC (Allocation Failure) 2020-10-29T13:17:44.209+0000: [ParNew: 17492K->1044K(18432K), 0.0022332 secs] 55958K->39637K(81372K), 0.0022926 secs] [Times: user=0.00 sys=0.00, real=0.00 secs] 
2020-10-29T13:17:44.259+0000: [GC (Allocation Failure) 2020-10-29T13:17:44.259+0000: [ParNew: 17428K->1003K(18432K), 0.0018649 secs] 56021K->39596K(81372K), 0.0019219 secs] [Times: user=0.01 sys=0.00, real=0.00 secs] 
2020-10-29T13:17:44.372+0000: [GC (Allocation Failure) 2020-10-29T13:17:44.372+0000: [ParNew: 17387K->1034K(18432K), 0.0026932 secs] 55980K->39627K(81372K), 0.0027418 secs] [Times: user=0.01 sys=0.00, real=0.01 secs] 
2020-10-29T13:17:44.561+0000: [GC (Allocation Failure) 2020-10-29T13:17:44.561+0000: [ParNew: 17418K->1933K(18432K), 0.0036718 secs] 56011K->40527K(81372K), 0.0037557 secs] [Times: user=0.01 sys=0.00, real=0.00 secs] 
2020-10-29T13:17:44.720+0000: [GC (Allocation Failure) 2020-10-29T13:17:44.720+0000: [ParNew: 18317K->1556K(18432K), 0.0137224 secs] 73295K->57797K(81372K), 0.0138084 secs] [Times: user=0.03 sys=0.00, real=0.01 secs] 
2020-10-29T13:17:44.734+0000: [GC (CMS Initial Mark) [1 CMS-initial-mark: 56241K(62940K)] 58011K(81372K), 0.0017685 secs] [Times: user=0.00 sys=0.00, real=0.01 secs] 
2020-10-29T13:17:44.736+0000: [CMS-concurrent-mark-start]
2020-10-29T13:17:44.765+0000: [CMS-concurrent-mark: 0.029/0.029 secs] [Times: user=0.06 sys=0.01, real=0.02 secs] 
2020-10-29T13:17:44.765+0000: [CMS-concurrent-preclean-start]
2020-10-29T13:17:44.766+0000: [CMS-concurrent-preclean: 0.001/0.001 secs] [Times: user=0.00 sys=0.00, real=0.00 secs] 
2020-10-29T13:17:44.771+0000: [GC (CMS Final Remark) [YG occupancy: 3549 K (18432 K)]2020-10-29T13:17:44.771+0000: [Rescan (parallel) , 0.0012289 secs]2020-10-29T13:17:44.772+0000: [weak refs processing, 0.0000344 secs]2020-10-29T13:17:44.772+0000: [class unloading, 0.0043527 secs]2020-10-29T13:17:44.776+0000: [scrub symbol table, 0.0057710 secs]2020-10-29T13:17:44.782+0000: [scrub string table, 0.0005749 secs][1 CMS-remark: 56241K(62940K)] 59790K(81372K), 0.0120986 secs] [Times: user=0.02 sys=0.00, real=0.01 secs] 
2020-10-29T13:17:44.783+0000: [CMS-concurrent-sweep-start]
2020-10-29T13:17:44.787+0000: [CMS-concurrent-sweep: 0.004/0.004 secs] [Times: user=0.01 sys=0.00, real=0.01 secs] 
2020-10-29T13:17:44.787+0000: [CMS-concurrent-reset-start]
2020-10-29T13:17:44.789+0000: [CMS-concurrent-reset: 0.002/0.002 secs] [Times: user=0.00 sys=0.00, real=0.00 secs] 
2020-10-29T13:17:44.901+0000: [GC (Allocation Failure) 2020-10-29T13:17:44.901+0000: [ParNew: 17940K->1360K(18432K), 0.0030683 secs] 74032K->57452K(111920K), 0.0031478 secs] [Times: user=0.01 sys=0.00, real=0.00 secs] 
2020-10-29T13:17:45.039+0000: [GC (Allocation Failure) 2020-10-29T13:17:45.039+0000: [ParNew: 17744K->900K(18432K), 0.0032285 secs] 90220K->73716K(111920K), 0.0033027 secs] [Times: user=0.00 sys=0.01, real=0.00 secs] 
2020-10-29T13:17:45.043+0000: [GC (CMS Initial Mark) [1 CMS-initial-mark: 72816K(93488K)] 73936K(111920K), 0.0009526 secs] [Times: user=0.00 sys=0.00, real=0.00 secs] 
2020-10-29T13:17:45.044+0000: [CMS-concurrent-mark-start]
2020-10-29T13:17:45.063+0000: [CMS-concurrent-mark: 0.019/0.019 secs] [Times: user=0.03 sys=0.01, real=0.02 secs] 
2020-10-29T13:17:45.063+0000: [CMS-concurrent-preclean-start]
2020-10-29T13:17:45.064+0000: [CMS-concurrent-preclean: 0.001/0.001 secs] [Times: user=0.00 sys=0.00, real=0.00 secs] 
2020-10-29T13:17:45.064+0000: [GC (CMS Final Remark) [YG occupancy: 2216 K (18432 K)]2020-10-29T13:17:45.064+0000: [Rescan (parallel) , 0.0014153 secs]2020-10-29T13:17:45.065+0000: [weak refs processing, 0.0000332 secs]2020-10-29T13:17:45.065+0000: [class unloading, 0.0040155 secs]2020-10-29T13:17:45.069+0000: [scrub symbol table, 0.0044823 secs]2020-10-29T13:17:45.074+0000: [scrub string table, 0.0003901 secs][1 CMS-remark: 72816K(93488K)] 75032K(111920K), 0.0104544 secs] [Times: user=0.02 sys=0.00, real=0.01 secs] 
2020-10-29T13:17:45.074+0000: [CMS-concurrent-sweep-start]
2020-10-29T13:17:45.078+0000: [CMS-concurrent-sweep: 0.004/0.004 secs] [Times: user=0.00 sys=0.00, real=0.01 secs] 
2020-10-29T13:17:45.078+0000: [CMS-concurrent-reset-start]
2020-10-29T13:17:45.080+0000: [CMS-concurrent-reset: 0.002/0.002 secs] [Times: user=0.01 sys=0.00, real=0.00 secs] 
2020-10-29T13:17:45.181+0000: [GC (Allocation Failure) 2020-10-29T13:17:45.181+0000: [ParNew: 17284K->1386K(18432K), 0.0028405 secs] 90084K->74186K(139768K), 0.0029202 secs] [Times: user=0.01 sys=0.00, real=0.00 secs] 
2020-10-29T13:17:45.285+0000: [GC (Allocation Failure) 2020-10-29T13:17:45.285+0000: [ParNew: 17770K->1744K(18432K), 0.0082686 secs] 90570K->74799K(139768K), 0.0083449 secs] [Times: user=0.01 sys=0.00, real=0.01 secs] 
2020-10-29T13:17:45.392+0000: [GC (Allocation Failure) 2020-10-29T13:17:45.392+0000: [ParNew: 18128K->1670K(18432K), 0.0038076 secs] 91183K->75094K(139768K), 0.0038705 secs] [Times: user=0.01 sys=0.00, real=0.01 secs] 
2020-10-29T13:17:45.499+0000: [GC (Allocation Failure) 2020-10-29T13:17:45.499+0000: [ParNew: 18054K->1307K(18432K), 0.0039313 secs] 91478K->75076K(139768K), 0.0039934 secs] [Times: user=0.01 sys=0.00, real=0.00 secs] 
2020-10-29T13:17:45.646+0000: [GC (Allocation Failure) 2020-10-29T13:17:45.646+0000: [ParNew: 17691K->2047K(18432K), 0.0042383 secs] 91460K->76004K(139768K), 0.0043193 secs] [Times: user=0.01 sys=0.00, real=0.01 secs] 
2020-10-29T13:17:45.753+0000: [GC (Allocation Failure) 2020-10-29T13:17:45.753+0000: [ParNew: 18431K->1585K(18432K), 0.0052168 secs] 92388K->76233K(139768K), 0.0052796 secs] [Times: user=0.01 sys=0.00, real=0.01 secs] 
2020-10-29T13:17:45.883+0000: [GC (Allocation Failure) 2020-10-29T13:17:45.884+0000: [ParNew: 17969K->1405K(18432K), 0.0055422 secs] 92617K->76658K(139768K), 0.0056252 secs] [Times: user=0.01 sys=0.00, real=0.01 secs] 
2020-10-29T13:17:46.111+0000: [GC (Allocation Failure) 2020-10-29T13:17:46.111+0000: [ParNew: 17789K->1446K(18432K), 0.0077448 secs] 93042K->76699K(139768K), 0.0078432 secs] [Times: user=0.01 sys=0.00, real=0.01 secs] 
2020-10-29T13:17:46.312+0000: [GC (Allocation Failure) 2020-10-29T13:17:46.312+0000: [ParNew: 17830K->1305K(18432K), 0.0078264 secs] 93083K->76921K(139768K), 0.0079095 secs] [Times: user=0.02 sys=0.00, real=0.01 secs] 
2020-10-29T13:17:46.384+0000: [GC (Allocation Failure) 2020-10-29T13:17:46.384+0000: [ParNew: 17689K->1094K(18432K), 0.0038403 secs] 93305K->76709K(139768K), 0.0039207 secs] [Times: user=0.01 sys=0.00, real=0.01 secs] 
2020-10-29T13:17:46.495+0000: [GC (Allocation Failure) 2020-10-29T13:17:46.495+0000: [ParNew: 17478K->1262K(18432K), 0.0037638 secs] 93093K->76877K(139768K), 0.0038414 secs] [Times: user=0.00 sys=0.00, real=0.00 secs] 
2020-10-29T13:17:46.616+0000: [GC (Allocation Failure) 2020-10-29T13:17:46.616+0000: [ParNew: 17646K->1344K(18432K), 0.0076951 secs] 93261K->77145K(139768K), 0.0077775 secs] [Times: user=0.01 sys=0.00, real=0.00 secs] 
2020-10-29T13:17:46.719+0000: [GC (Allocation Failure) 2020-10-29T13:17:46.719+0000: [ParNew: 17728K->1244K(18432K), 0.0042684 secs] 93529K->77045K(139768K), 0.0043431 secs] [Times: user=0.01 sys=0.00, real=0.00 secs] 
2020-10-29T13:17:46.808+0000: [GC (Allocation Failure) 2020-10-29T13:17:46.808+0000: [ParNew: 17628K->1349K(18432K), 0.0036091 secs] 93429K->77479K(139768K), 0.0036905 secs] [Times: user=0.00 sys=0.00, real=0.00 secs] 
2020-10-29T13:17:46.877+0000: [GC (Allocation Failure) 2020-10-29T13:17:46.877+0000: [ParNew: 17733K->780K(18432K), 0.0030078 secs] 93863K->77118K(139768K), 0.0030859 secs] [Times: user=0.01 sys=0.00, real=0.00 secs] 
2020-10-29T13:17:46.967+0000: [GC (Allocation Failure) 2020-10-29T13:17:46.967+0000: [ParNew: 17164K->758K(18432K), 0.0022424 secs] 93502K->77096K(139768K), 0.0023226 secs] [Times: user=0.01 sys=0.00, real=0.00 secs] 
2020-10-29T13:17:47.034+0000: [GC (Allocation Failure) 2020-10-29T13:17:47.034+0000: [ParNew: 17142K->1354K(18432K), 0.0025614 secs] 93480K->77692K(139768K), 0.0026405 secs] [Times: user=0.01 sys=0.00, real=0.01 secs] 
2020-10-29T13:17:47.110+0000: [GC (Allocation Failure) 2020-10-29T13:17:47.110+0000: [ParNew: 17738K->1223K(18432K), 0.0030859 secs] 94076K->77770K(139768K), 0.0031664 secs] [Times: user=0.01 sys=0.00, real=0.00 secs] 
2020-10-29T13:17:47.210+0000: [GC (Allocation Failure) 2020-10-29T13:17:47.210+0000: [ParNew: 17607K->708K(18432K), 0.0028575 secs] 94154K->77840K(139768K), 0.0029367 secs] [Times: user=0.01 sys=0.00, real=0.00 secs] 
2020-10-29T13:17:47.272+0000: [GC (Allocation Failure) 2020-10-29T13:17:47.272+0000: [ParNew: 17092K->517K(18432K), 0.0020825 secs] 94224K->77649K(139768K), 0.0021799 secs] [Times: user=0.01 sys=0.00, real=0.01 secs] 
2020-10-29T13:17:47.381+0000: [GC (Allocation Failure) 2020-10-29T13:17:47.382+0000: [ParNew: 16901K->653K(18432K), 0.0038072 secs] 94033K->77785K(139768K), 0.0038809 secs] [Times: user=0.01 sys=0.00, real=0.00 secs] 
2020-10-29T13:17:47.464+0000: [GC (Allocation Failure) 2020-10-29T13:17:47.464+0000: [ParNew: 17037K->720K(18432K), 0.0027785 secs] 94169K->77853K(139768K), 0.0028487 secs] [Times: user=0.01 sys=0.00, real=0.01 secs] 
2020-10-29T13:17:47.550+0000: [GC (Allocation Failure) 2020-10-29T13:17:47.550+0000: [ParNew: 17104K->810K(18432K), 0.0026845 secs] 94237K->77942K(139768K), 0.0027468 secs] [Times: user=0.01 sys=0.00, real=0.00 secs] 
2020-10-29T13:17:47.664+0000: [GC (Allocation Failure) 2020-10-29T13:17:47.664+0000: [ParNew: 17194K->655K(18432K), 0.0059842 secs] 94326K->77827K(139768K), 0.0060446 secs] [Times: user=0.01 sys=0.00, real=0.01 secs] 
2020-10-29T13:17:47.883+0000: [GC (Allocation Failure) 2020-10-29T13:17:47.883+0000: [ParNew: 17039K->1424K(18432K), 0.0043298 secs] 94211K->78689K(139768K), 0.0044036 secs] [Times: user=0.00 sys=0.00, real=0.01 secs] 
2020-10-29T13:17:47.950+0000: [GC (Allocation Failure) 2020-10-29T13:17:47.950+0000: [ParNew: 17808K->1511K(18432K), 0.0039061 secs] 95073K->78870K(139768K), 0.0039684 secs] [Times: user=0.01 sys=0.00, real=0.00 secs] 
2020-10-29T13:17:48.124+0000: [GC (Allocation Failure) 2020-10-29T13:17:48.124+0000: [ParNew: 17895K->1603K(18432K), 0.0087209 secs] 95254K->79194K(139768K), 0.0087883 secs] [Times: user=0.01 sys=0.00, real=0.01 secs] 
2020-10-29T13:17:48.240+0000: [GC (Allocation Failure) 2020-10-29T13:17:48.240+0000: [ParNew: 17987K->874K(18432K), 0.0048234 secs] 95578K->78976K(139768K), 0.0048878 secs] [Times: user=0.00 sys=0.01, real=0.00 secs] 
2020-10-29T13:17:48.437+0000: [GC (Allocation Failure) 2020-10-29T13:17:48.437+0000: [ParNew: 17258K->2048K(18432K), 0.0073024 secs] 95360K->81096K(139768K), 0.0073638 secs] [Times: user=0.01 sys=0.01, real=0.00 secs] 
2020-10-29T13:17:48.572+0000: [GC (Allocation Failure) 2020-10-29T13:17:48.572+0000: [ParNew: 18432K->1849K(18432K), 0.0084344 secs] 97480K->83090K(139768K), 0.0084993 secs] [Times: user=0.02 sys=0.00, real=0.01 secs] 
2020-10-29T13:17:48.700+0000: [GC (Allocation Failure) 2020-10-29T13:17:48.700+0000: [ParNew: 18233K->1534K(18432K), 0.0042540 secs] 99474K->82776K(139768K), 0.0043279 secs] [Times: user=0.01 sys=0.00, real=0.00 secs] 
2020-10-29T13:17:48.823+0000: [GC (Allocation Failure) 2020-10-29T13:17:48.823+0000: [ParNew: 17918K->1597K(18432K), 0.0045917 secs] 99160K->83067K(139768K), 0.0046620 secs] [Times: user=0.01 sys=0.00, real=0.01 secs] 
2020-10-29T13:17:48.929+0000: [GC (Allocation Failure) 2020-10-29T13:17:48.929+0000: [ParNew: 17981K->2047K(18432K), 0.0071632 secs] 99451K->84229K(139768K), 0.0072238 secs] [Times: user=0.01 sys=0.00, real=0.01 secs] 
2020-10-29T13:17:48.998+0000: [GC (Allocation Failure) 2020-10-29T13:17:48.998+0000: [ParNew: 18431K->998K(18432K), 0.0034044 secs] 100613K->83540K(139768K), 0.0034655 secs] [Times: user=0.01 sys=0.00, real=0.00 secs] 
2020-10-29T13:17:49.002+0000: [GC (CMS Initial Mark) [1 CMS-initial-mark: 82542K(121336K)] 83867K(139768K), 0.0011139 secs] [Times: user=0.00 sys=0.00, real=0.00 secs] 
2020-10-29T13:17:49.003+0000: [CMS-concurrent-mark-start]
2020-10-29T13:17:49.038+0000: [CMS-concurrent-mark: 0.035/0.035 secs] [Times: user=0.07 sys=0.00, real=0.04 secs] 
2020-10-29T13:17:49.038+0000: [CMS-concurrent-preclean-start]
2020-10-29T13:17:49.040+0000: [CMS-concurrent-preclean: 0.002/0.002 secs] [Times: user=0.00 sys=0.00, real=0.00 secs] 
2020-10-29T13:17:49.040+0000: [CMS-concurrent-abortable-preclean-start]
2020-10-29T13:17:49.062+0000: [GC (Allocation Failure) 2020-10-29T13:17:49.062+0000: [ParNew: 17382K->735K(18432K), 0.0025990 secs] 99924K->83277K(139768K), 0.0026586 secs] [Times: user=0.01 sys=0.00, real=0.00 secs] 
2020-10-29T13:17:49.128+0000: [GC (Allocation Failure) 2020-10-29T13:17:49.128+0000: [ParNew: 17119K->962K(18432K), 0.0027890 secs] 99661K->83504K(139768K), 0.0028483 secs] [Times: user=0.00 sys=0.00, real=0.00 secs] 
2020-10-29T13:17:49.215+0000: [GC (Allocation Failure) 2020-10-29T13:17:49.215+0000: [ParNew: 17346K->1015K(18432K), 0.0117488 secs] 99888K->83557K(139768K), 0.0118328 secs] [Times: user=0.01 sys=0.00, real=0.01 secs] 
2020-10-29T13:17:49.298+0000: [CMS-concurrent-abortable-preclean: 0.051/0.259 secs] [Times: user=0.44 sys=0.02, real=0.26 secs] 
2020-10-29T13:17:49.298+0000: [GC (CMS Final Remark) [YG occupancy: 11227 K (18432 K)]2020-10-29T13:17:49.298+0000: [Rescan (parallel) , 0.0030555 secs]2020-10-29T13:17:49.301+0000: [weak refs processing, 0.0000678 secs]2020-10-29T13:17:49.302+0000: [class unloading, 0.0071922 secs]2020-10-29T13:17:49.309+0000: [scrub symbol table, 0.0080519 secs]2020-10-29T13:17:49.317+0000: [scrub string table, 0.0005512 secs][1 CMS-remark: 82542K(121336K)] 93769K(139768K), 0.0190604 secs] [Times: user=0.02 sys=0.00, real=0.02 secs] 
2020-10-29T13:17:49.318+0000: [CMS-concurrent-sweep-start]
2020-10-29T13:17:49.326+0000: [CMS-concurrent-sweep: 0.008/0.008 secs] [Times: user=0.01 sys=0.00, real=0.00 secs] 
2020-10-29T13:17:49.326+0000: [CMS-concurrent-reset-start]
2020-10-29T13:17:49.328+0000: [CMS-concurrent-reset: 0.002/0.002 secs] [Times: user=0.00 sys=0.00, real=0.01 secs] 
2020-10-29T13:17:49.342+0000: [GC (Allocation Failure) 2020-10-29T13:17:49.342+0000: [ParNew: 17399K->1776K(18432K), 0.0035593 secs] 98485K->82863K(153580K), 0.0036014 secs] [Times: user=0.01 sys=0.00, real=0.00 secs] 
2020-10-29T13:17:49.435+0000: [GC (Allocation Failure) 2020-10-29T13:17:49.435+0000: [ParNew: 18160K->1612K(18432K), 0.0061031 secs] 99247K->83195K(153580K), 0.0061699 secs] [Times: user=0.01 sys=0.00, real=0.00 secs] 
2020-10-29T13:17:49.535+0000: [GC (Allocation Failure) 2020-10-29T13:17:49.535+0000: [ParNew: 17996K->1243K(18432K), 0.0041331 secs] 99579K->82974K(153580K), 0.0042070 secs] [Times: user=0.01 sys=0.00, real=0.00 secs] 
2020-10-29T13:17:49.681+0000: [GC (Allocation Failure) 2020-10-29T13:17:49.681+0000: [ParNew: 17627K->1161K(18432K), 0.0037162 secs] 99358K->83067K(153580K), 0.0037891 secs] [Times: user=0.01 sys=0.00, real=0.00 secs] 
2020-10-29T13:17:49.761+0000: [GC (Allocation Failure) 2020-10-29T13:17:49.761+0000: [ParNew: 17545K->1910K(18432K), 0.0060146 secs] 99451K->83816K(153580K), 0.0060779 secs] [Times: user=0.01 sys=0.00, real=0.01 secs] 
2020-10-29T13:17:49.854+0000: [GC (Allocation Failure) 2020-10-29T13:17:49.854+0000: [ParNew: 18294K->1467K(18432K), 0.0056563 secs] 100200K->83946K(153580K), 0.0057233 secs] [Times: user=0.01 sys=0.00, real=0.01 secs] 
2020-10-29T13:17:49.930+0000: [GC (Allocation Failure) 2020-10-29T13:17:49.930+0000: [ParNew: 17851K->1043K(18432K), 0.0086715 secs] 100330K->83606K(153580K), 0.0087517 secs] [Times: user=0.02 sys=0.00, real=0.01 secs] 
2020-10-29T13:17:50.073+0000: [GC (Allocation Failure) 2020-10-29T13:17:50.073+0000: [ParNew: 17427K->1085K(18432K), 0.0029943 secs] 99990K->83647K(153580K), 0.0030572 secs] [Times: user=0.01 sys=0.00, real=0.01 secs] 
2020-10-29T13:17:50.354+0000: [GC (Allocation Failure) 2020-10-29T13:17:50.354+0000: [ParNew: 17469K->2048K(18432K), 0.0096603 secs] 100031K->85752K(153580K), 0.0097402 secs] [Times: user=0.03 sys=0.00, real=0.01 secs] 
2020-10-29T13:17:50.466+0000: [GC (Allocation Failure) 2020-10-29T13:17:50.466+0000: [ParNew: 18432K->2047K(18432K), 0.0200763 secs] 102136K->87894K(153580K), 0.0201446 secs] [Times: user=0.04 sys=0.00, real=0.02 secs] 
2020-10-29T13:17:50.580+0000: [GC (Allocation Failure) 2020-10-29T13:17:50.580+0000: [ParNew: 18431K->1305K(18432K), 0.0044420 secs] 104278K->87152K(153580K), 0.0045032 secs] [Times: user=0.00 sys=0.00, real=0.00 secs] 
2020-10-29T13:17:50.663+0000: [GC (Allocation Failure) 2020-10-29T13:17:50.664+0000: [ParNew: 17689K->1186K(18432K), 0.0042261 secs] 103536K->87466K(153580K), 0.0043124 secs] [Times: user=0.01 sys=0.00, real=0.01 secs] 
2020-10-29T13:17:50.763+0000: [GC (Allocation Failure) 2020-10-29T13:17:50.763+0000: [ParNew: 17570K->902K(18432K), 0.0047373 secs] 103850K->87183K(153580K), 0.0048128 secs] [Times: user=0.01 sys=0.00, real=0.01 secs] 
2020-10-29T13:17:50.854+0000: [GC (Allocation Failure) 2020-10-29T13:17:50.854+0000: [ParNew: 17286K->940K(18432K), 0.0065360 secs] 103567K->87220K(153580K), 0.0065888 secs] [Times: user=0.02 sys=0.00, real=0.01 secs] 
2020-10-29T13:17:50.954+0000: [GC (Allocation Failure) 2020-10-29T13:17:50.954+0000: [ParNew: 17324K->1175K(18432K), 0.0045037 secs] 103604K->87456K(153580K), 0.0045806 secs] [Times: user=0.01 sys=0.00, real=0.01 secs] 
2020-10-29T13:17:51.039+0000: [GC (Allocation Failure) 2020-10-29T13:17:51.039+0000: [ParNew: 17559K->1164K(18432K), 0.0040630 secs] 103840K->87523K(153580K), 0.0041464 secs] [Times: user=0.00 sys=0.00, real=0.00 secs] 
2020-10-29T13:17:51.114+0000: [GC (Allocation Failure) 2020-10-29T13:17:51.114+0000: [ParNew: 17548K->1499K(18432K), 0.0036917 secs] 103907K->87858K(153580K), 0.0037733 secs] [Times: user=0.01 sys=0.01, real=0.01 secs] 
2020-10-29T13:17:51.210+0000: [GC (Allocation Failure) 2020-10-29T13:17:51.210+0000: [ParNew: 17883K->1512K(18432K), 0.0045445 secs] 104242K->87947K(153580K), 0.0046285 secs] [Times: user=0.01 sys=0.00, real=0.01 secs] 
2020-10-29T13:17:51.523+0000: [GC (Allocation Failure) 2020-10-29T13:17:51.523+0000: [ParNew: 17896K->2048K(18432K), 0.0077455 secs] 104331K->88959K(153580K), 0.0078051 secs] [Times: user=0.02 sys=0.00, real=0.01 secs] 
2020-10-29T13:17:51.662+0000: [GC (Allocation Failure) 2020-10-29T13:17:51.662+0000: [ParNew: 18432K->1597K(18432K), 0.0069405 secs] 105343K->89834K(153580K), 0.0070033 secs] [Times: user=0.01 sys=0.00, real=0.01 secs] 
2020-10-29T13:17:51.930+0000: [GC (Allocation Failure) 2020-10-29T13:17:51.930+0000: [ParNew: 13714K->860K(18432K), 0.0036062 secs] 101950K->89096K(153580K), 0.0036673 secs] [Times: user=0.01 sys=0.00, real=0.00 secs] 
2020-10-29T13:17:52.218+0000: [GC (Allocation Failure) 2020-10-29T13:17:52.218+0000: [ParNew: 17244K->573K(18432K), 0.0087888 secs] 105480K->97002K(153580K), 0.0088820 secs] [Times: user=0.02 sys=0.00, real=0.01 secs] 
2020-10-29T13:17:52.233+0000: [GC (CMS Initial Mark) [1 CMS-initial-mark: 96428K(135148K)] 97327K(153580K), 0.0040180 secs] [Times: user=0.01 sys=0.00, real=0.01 secs] 
2020-10-29T13:17:52.237+0000: [CMS-concurrent-mark-start]
2020-10-29T13:17:52.324+0000: [CMS-concurrent-mark: 0.087/0.087 secs] [Times: user=0.17 sys=0.00, real=0.08 secs] 
2020-10-29T13:17:52.324+0000: [CMS-concurrent-preclean-start]
2020-10-29T13:17:52.326+0000: [CMS-concurrent-preclean: 0.002/0.002 secs] [Times: user=0.01 sys=0.00, real=0.00 secs] 
2020-10-29T13:17:52.326+0000: [CMS-concurrent-abortable-preclean-start]
2020-10-29T13:17:52.413+0000: [GC (Allocation Failure) 2020-10-29T13:17:52.413+0000: [ParNew: 16957K->777K(18432K), 0.0028524 secs] 113386K->97205K(153580K), 0.0029179 secs] [Times: user=0.01 sys=0.00, real=0.01 secs] 
2020-10-29T13:17:52.553+0000: [GC (Allocation Failure) 2020-10-29T13:17:52.553+0000: [ParNew: 17161K->1066K(18432K), 0.0030270 secs] 113589K->97495K(153580K), 0.0031230 secs] [Times: user=0.00 sys=0.00, real=0.01 secs] 
2020-10-29T13:17:52.556+0000: [CMS-concurrent-abortable-preclean: 0.020/0.230 secs] [Times: user=0.45 sys=0.00, real=0.24 secs] 
2020-10-29T13:17:52.559+0000: [GC (CMS Final Remark) [YG occupancy: 1082 K (18432 K)]2020-10-29T13:17:52.559+0000: [Rescan (parallel) , 0.0014434 secs]2020-10-29T13:17:52.560+0000: [weak refs processing, 0.0000855 secs]2020-10-29T13:17:52.560+0000: [class unloading, 0.0092339 secs]2020-10-29T13:17:52.570+0000: [scrub symbol table, 0.0114864 secs]2020-10-29T13:17:52.581+0000: [scrub string table, 0.0007069 secs][1 CMS-remark: 96428K(135148K)] 97511K(153580K), 0.0231694 secs] [Times: user=0.02 sys=0.00, real=0.02 secs] 
2020-10-29T13:17:52.582+0000: [CMS-concurrent-sweep-start]
2020-10-29T13:17:52.603+0000: [CMS-concurrent-sweep: 0.013/0.021 secs] [Times: user=0.04 sys=0.00, real=0.02 secs] 
2020-10-29T13:17:52.603+0000: [CMS-concurrent-reset-start]
2020-10-29T13:17:52.605+0000: [CMS-concurrent-reset: 0.002/0.002 secs] [Times: user=0.01 sys=0.00, real=0.00 secs] 
2020-10-29T13:17:52.686+0000: [GC (Allocation Failure) 2020-10-29T13:17:52.686+0000: [ParNew: 17450K->1109K(18432K), 0.0030217 secs] 112788K->96446K(177332K), 0.0031040 secs] [Times: user=0.01 sys=0.00, real=0.01 secs] 
2020-10-29T13:17:52.779+0000: [GC (Allocation Failure) 2020-10-29T13:17:52.779+0000: [ParNew: 17493K->1370K(18432K), 0.0033386 secs] 112830K->96903K(177332K), 0.0034532 secs] [Times: user=0.01 sys=0.00, real=0.00 secs] 
2020-10-29T13:17:52.865+0000: [GC (Allocation Failure) 2020-10-29T13:17:52.865+0000: [ParNew: 17754K->247K(18432K), 0.0030724 secs] 113287K->97019K(177332K), 0.0031295 secs] [Times: user=0.01 sys=0.00, real=0.01 secs] 
2020-10-29T13:17:52.938+0000: [GC (Allocation Failure) 2020-10-29T13:17:52.938+0000: [ParNew: 16631K->62K(18432K), 0.0020112 secs] 113403K->96834K(177332K), 0.0020964 secs] [Times: user=0.01 sys=0.00, real=0.00 secs] 
2020-10-29T13:17:52.995+0000: [GC (Allocation Failure) 2020-10-29T13:17:52.995+0000: [ParNew: 16446K->16K(18432K), 0.0019777 secs] 113218K->96788K(177332K), 0.0020667 secs] [Times: user=0.00 sys=0.00, real=0.00 secs] 
2020-10-29T13:17:53.041+0000: [GC (Allocation Failure) 2020-10-29T13:17:53.041+0000: [ParNew: 14436K->9K(18432K), 0.0019593 secs] 111208K->96782K(177332K), 0.0020227 secs] [Times: user=0.01 sys=0.00, real=0.00 secs] 
2020-10-29T13:17:53.085+0000: [GC (Allocation Failure) 2020-10-29T13:17:53.085+0000: [ParNew: 16393K->10K(18432K), 0.0032318 secs] 113166K->98830K(177332K), 0.0032956 secs] [Times: user=0.01 sys=0.00, real=0.01 secs] 
2020-10-29T13:17:53.138+0000: [GC (Allocation Failure) 2020-10-29T13:17:53.138+0000: [ParNew: 16394K->13K(18432K), 0.0020084 secs] 115214K->98834K(177332K), 0.0021157 secs] [Times: user=0.01 sys=0.00, real=0.00 secs] 
2020-10-29T13:17:53.187+0000: [GC (Allocation Failure) 2020-10-29T13:17:53.187+0000: [ParNew: 16397K->13K(18432K), 0.0020360 secs] 115218K->98834K(177332K), 0.0021061 secs] [Times: user=0.00 sys=0.00, real=0.00 secs] 
2020-10-29T13:17:53.239+0000: [GC (Allocation Failure) 2020-10-29T13:17:53.239+0000: [ParNew: 16397K->13K(18432K), 0.0033380 secs] 115218K->98835K(177332K), 0.0034018 secs] [Times: user=0.00 sys=0.00, real=0.00 secs] 
2020-10-29T13:17:53.284+0000: [GC (Allocation Failure) 2020-10-29T13:17:53.284+0000: [ParNew: 16397K->15K(18432K), 0.0020329 secs] 115219K->98841K(177332K), 0.0021122 secs] [Times: user=0.00 sys=0.00, real=0.00 secs] 
2020-10-29T13:17:53.311+0000: [GC (Allocation Failure) 2020-10-29T13:17:53.311+0000: [ParNew: 16399K->9K(18432K), 0.0079265 secs] 115225K->107028K(177332K), 0.0080361 secs] [Times: user=0.01 sys=0.00, real=0.01 secs] 
2020-10-29T13:17:53.364+0000: [GC (Allocation Failure) 2020-10-29T13:17:53.364+0000: [ParNew: 16393K->9K(18432K), 0.0020137 secs] 123412K->107027K(177332K), 0.0020981 secs] [Times: user=0.00 sys=0.00, real=0.00 secs] 
2020-10-29T13:17:53.402+0000: [GC (Allocation Failure) 2020-10-29T13:17:53.402+0000: [ParNew: 16393K->6K(18432K), 0.0020300 secs] 123411K->107027K(177332K), 0.0021159 secs] [Times: user=0.01 sys=0.00, real=0.00 secs] 
2020-10-29T13:17:53.421+0000: [GC (Allocation Failure) 2020-10-29T13:17:53.421+0000: [ParNew: 16390K->6K(18432K), 0.0047103 secs] 123411K->111123K(177332K), 0.0047751 secs] [Times: user=0.00 sys=0.01, real=0.00 secs] 
2020-10-29T13:17:53.447+0000: [GC (Allocation Failure) 2020-10-29T13:17:53.447+0000: [ParNew: 16390K->4K(18432K), 0.0020413 secs] 127507K->111123K(177332K), 0.0021066 secs] [Times: user=0.00 sys=0.00, real=0.00 secs] 
2020-10-29T13:17:53.473+0000: [GC (Allocation Failure) 2020-10-29T13:17:53.473+0000: [ParNew: 16388K->4K(18432K), 0.0018783 secs] 127507K->111123K(177332K), 0.0019400 secs] [Times: user=0.00 sys=0.00, real=0.01 secs] 
2020-10-29T13:17:53.510+0000: [GC (Allocation Failure) 2020-10-29T13:17:53.510+0000: [ParNew: 16388K->4K(18432K), 0.0019495 secs] 127507K->111123K(177332K), 0.0020338 secs] [Times: user=0.00 sys=0.00, real=0.00 secs] 
2020-10-29T13:17:53.547+0000: [GC (Allocation Failure) 2020-10-29T13:17:53.547+0000: [ParNew: 16388K->4K(18432K), 0.0019299 secs] 127507K->111123K(177332K), 0.0019997 secs] [Times: user=0.00 sys=0.00, real=0.00 secs] 
2020-10-29T13:17:53.583+0000: [GC (Allocation Failure) 2020-10-29T13:17:53.583+0000: [ParNew: 16388K->2K(18432K), 0.0038568 secs] 127507K->111121K(177332K), 0.0039209 secs] [Times: user=0.01 sys=0.00, real=0.01 secs] 
2020-10-29T13:17:53.611+0000: [GC (Allocation Failure) 2020-10-29T13:17:53.611+0000: [ParNew: 16386K->4K(18432K), 0.0019532 secs] 127505K->111124K(177332K), 0.0020181 secs] [Times: user=0.00 sys=0.00, real=0.00 secs] 
2020-10-29T13:17:53.636+0000: [GC (Allocation Failure) 2020-10-29T13:17:53.636+0000: [ParNew: 16388K->4K(18432K), 0.0018650 secs] 127508K->111124K(177332K), 0.0019266 secs] [Times: user=0.00 sys=0.00, real=0.00 secs] 
2020-10-29T13:17:53.655+0000: [GC (Allocation Failure) 2020-10-29T13:17:53.656+0000: [ParNew: 16388K->4K(18432K), 0.0018535 secs] 127508K->111124K(177332K), 0.0019153 secs] [Times: user=0.00 sys=0.00, real=0.00 secs] 
2020-10-29T13:17:53.677+0000: [GC (Allocation Failure) 2020-10-29T13:17:53.677+0000: [ParNew: 16388K->4K(18432K), 0.0019209 secs] 127508K->111124K(177332K), 0.0019920 secs] [Times: user=0.00 sys=0.00, real=0.00 secs] 
2020-10-29T13:17:53.695+0000: [GC (Allocation Failure) 2020-10-29T13:17:53.695+0000: [ParNew: 10817K->4K(18432K), 0.0019084 secs] 121937K->111124K(177332K), 0.0019721 secs] [Times: user=0.00 sys=0.00, real=0.00 secs] 
2020-10-29T13:17:53.707+0000: [GC (Allocation Failure) 2020-10-29T13:17:53.707+0000: [ParNew: 16388K->4K(18432K), 0.0080095 secs] 127508K->119316K(177332K), 0.0080640 secs] [Times: user=0.01 sys=0.01, real=0.01 secs] 
2020-10-29T13:17:53.718+0000: [GC (CMS Initial Mark) [1 CMS-initial-mark: 119312K(158900K)] 119641K(177332K), 0.0015964 secs] [Times: user=0.00 sys=0.00, real=0.00 secs] 
2020-10-29T13:17:53.719+0000: [CMS-concurrent-mark-start]
2020-10-29T13:17:53.750+0000: [GC (Allocation Failure) 2020-10-29T13:17:53.750+0000: [ParNew: 16388K->4K(18432K), 0.0017284 secs] 135700K->119316K(177332K), 0.0017888 secs] [Times: user=0.00 sys=0.00, real=0.00 secs] 
2020-10-29T13:17:53.770+0000: [CMS-concurrent-mark: 0.049/0.051 secs] [Times: user=0.09 sys=0.01, real=0.05 secs] 
2020-10-29T13:17:53.770+0000: [CMS-concurrent-preclean-start]
2020-10-29T13:17:53.772+0000: [CMS-concurrent-preclean: 0.002/0.002 secs] [Times: user=0.01 sys=0.00, real=0.00 secs] 
2020-10-29T13:17:53.772+0000: [CMS-concurrent-abortable-preclean-start]
2020-10-29T13:17:53.777+0000: [GC (Allocation Failure) 2020-10-29T13:17:53.777+0000: [ParNew: 16388K->4K(18432K), 0.0013587 secs] 135700K->119316K(177332K), 0.0014115 secs] [Times: user=0.00 sys=0.00, real=0.00 secs] 
2020-10-29T13:17:53.797+0000: [GC (Allocation Failure) 2020-10-29T13:17:53.797+0000: [ParNew: 16388K->4K(18432K), 0.0018688 secs] 135700K->119316K(177332K), 0.0019353 secs] [Times: user=0.00 sys=0.00, real=0.00 secs] 
2020-10-29T13:17:53.817+0000: [GC (Allocation Failure) 2020-10-29T13:17:53.817+0000: [ParNew: 16388K->4K(18432K), 0.0018835 secs] 135700K->119316K(177332K), 0.0019514 secs] [Times: user=0.00 sys=0.00, real=0.00 secs] 
2020-10-29T13:17:53.835+0000: [GC (Allocation Failure) 2020-10-29T13:17:53.835+0000: [ParNew: 11458K->4K(18432K), 0.0018312 secs] 130770K->119316K(177332K), 0.0018949 secs] [Times: user=0.01 sys=0.00, real=0.00 secs] 
2020-10-29T13:17:53.848+0000: [GC (Allocation Failure) 2020-10-29T13:17:53.849+0000: [ParNew: 16388K->4K(18432K), 0.0085074 secs] 135700K->127508K(177332K), 0.0085753 secs] [Times: user=0.01 sys=0.00, real=0.01 secs] 
2020-10-29T13:17:53.857+0000: [CMS-concurrent-abortable-preclean: 0.005/0.085 secs] [Times: user=0.10 sys=0.00, real=0.09 secs] 
2020-10-29T13:17:53.859+0000: [GC (CMS Final Remark) [YG occupancy: 1305 K (18432 K)]2020-10-29T13:17:53.859+0000: [Rescan (parallel) , 0.0030140 secs]2020-10-29T13:17:53.862+0000: [weak refs processing, 0.0000336 secs]2020-10-29T13:17:53.862+0000: [class unloading, 0.0098153 secs]2020-10-29T13:17:53.872+0000: [scrub symbol table, 0.0106770 secs]2020-10-29T13:17:53.882+0000: [scrub string table, 0.0007248 secs][1 CMS-remark: 127504K(158900K)] 128810K(177332K), 0.0244078 secs] [Times: user=0.03 sys=0.00, real=0.02 secs] 
2020-10-29T13:17:53.883+0000: [CMS-concurrent-sweep-start]
2020-10-29T13:17:53.896+0000: [CMS-concurrent-sweep: 0.012/0.013 secs] [Times: user=0.03 sys=0.00, real=0.02 secs] 
2020-10-29T13:17:53.896+0000: [CMS-concurrent-reset-start]
2020-10-29T13:17:53.898+0000: [CMS-concurrent-reset: 0.002/0.002 secs] [Times: user=0.00 sys=0.00, real=0.00 secs] 
2020-10-29T13:17:53.907+0000: [GC (Allocation Failure) 2020-10-29T13:17:53.907+0000: [ParNew: 16388K->6K(18432K), 0.0021336 secs] 140730K->124348K(225672K), 0.0021953 secs] [Times: user=0.00 sys=0.00, real=0.00 secs] 
2020-10-29T13:17:53.927+0000: [GC (Allocation Failure) 2020-10-29T13:17:53.927+0000: [ParNew: 16390K->4K(18432K), 0.0020777 secs] 140732K->124346K(225672K), 0.0021401 secs] [Times: user=0.01 sys=0.00, real=0.00 secs] 
2020-10-29T13:17:53.947+0000: [GC (Allocation Failure) 2020-10-29T13:17:53.947+0000: [ParNew: 16388K->4K(18432K), 0.0021577 secs] 140730K->124346K(225672K), 0.0022216 secs] [Times: user=0.00 sys=0.00, real=0.00 secs] 
2020-10-29T13:17:53.968+0000: [GC (Allocation Failure) 2020-10-29T13:17:53.968+0000: [ParNew: 16388K->4K(18432K), 0.0020451 secs] 140730K->124346K(225672K), 0.0021087 secs] [Times: user=0.00 sys=0.00, real=0.00 secs] 
2020-10-29T13:17:53.988+0000: [GC (Allocation Failure) 2020-10-29T13:17:53.988+0000: [ParNew: 16388K->4K(18432K), 0.0021321 secs] 140730K->124347K(225672K), 0.0021945 secs] [Times: user=0.00 sys=0.00, real=0.00 secs] 
2020-10-29T13:17:54.009+0000: [GC (Allocation Failure) 2020-10-29T13:17:54.009+0000: [ParNew: 16388K->4K(18432K), 0.0020874 secs] 140731K->124348K(225672K), 0.0021473 secs] [Times: user=0.00 sys=0.00, real=0.00 secs] 
2020-10-29T13:17:54.030+0000: [GC (Allocation Failure) 2020-10-29T13:17:54.030+0000: [ParNew: 15023K->4K(18432K), 0.0019367 secs] 139367K->124348K(225672K), 0.0019946 secs] [Times: user=0.01 sys=0.00, real=0.00 secs] 
2020-10-29T13:17:54.042+0000: [GC (Allocation Failure) 2020-10-29T13:17:54.042+0000: [ParNew: 16388K->4K(18432K), 0.0083939 secs] 140732K->132540K(225672K), 0.0084865 secs] [Times: user=0.01 sys=0.01, real=0.01 secs] 
2020-10-29T13:17:54.051+0000: [GC (CMS Initial Mark) [1 CMS-initial-mark: 132536K(207240K)] 132865K(225672K), 0.0018398 secs] [Times: user=0.00 sys=0.00, real=0.00 secs] 
2020-10-29T13:17:54.053+0000: [CMS-concurrent-mark-start]
2020-10-29T13:17:54.081+0000: [GC (Allocation Failure) 2020-10-29T13:17:54.081+0000: [ParNew: 16388K->4K(18432K), 0.0019894 secs] 148924K->132540K(225672K), 0.0020520 secs] [Times: user=0.00 sys=0.00, real=0.00 secs] 
2020-10-29T13:17:54.113+0000: [CMS-concurrent-mark: 0.058/0.060 secs] [Times: user=0.12 sys=0.00, real=0.06 secs] 
2020-10-29T13:17:54.113+0000: [GC (Allocation Failure) 2020-10-29T13:17:54.113+0000: [ParNew: 16388K->4K(18432K), 0.0020767 secs] 148924K->132540K(225672K), 0.0021232 secs] [Times: user=0.01 sys=0.00, real=0.01 secs] 
2020-10-29T13:17:54.116+0000: [CMS-concurrent-preclean-start]
2020-10-29T13:17:54.116+0000: [CMS-concurrent-preclean: 0.001/0.001 secs] [Times: user=0.00 sys=0.00, real=0.00 secs] 
2020-10-29T13:17:54.119+0000: [GC (CMS Final Remark) [YG occupancy: 2617 K (18432 K)]2020-10-29T13:17:54.119+0000: [Rescan (parallel) , 0.0024113 secs]2020-10-29T13:17:54.121+0000: [weak refs processing, 0.0000261 secs]2020-10-29T13:17:54.121+0000: [class unloading, 0.0093328 secs]2020-10-29T13:17:54.131+0000: [scrub symbol table, 0.0108767 secs]2020-10-29T13:17:54.141+0000: [scrub string table, 0.0007053 secs][1 CMS-remark: 132536K(207240K)] 135153K(225672K), 0.0234693 secs] [Times: user=0.03 sys=0.00, real=0.02 secs] 
2020-10-29T13:17:54.147+0000: [CMS-concurrent-sweep-start]
2020-10-29T13:17:54.158+0000: [CMS-concurrent-sweep: 0.012/0.012 secs] [Times: user=0.02 sys=0.00, real=0.01 secs] 
2020-10-29T13:17:54.159+0000: [CMS-concurrent-reset-start]
2020-10-29T13:17:54.161+0000: [CMS-concurrent-reset: 0.002/0.002 secs] [Times: user=0.01 sys=0.00, real=0.00 secs] 
2020-10-29T13:17:54.164+0000: [GC (Allocation Failure) 2020-10-29T13:17:54.164+0000: [ParNew: 16388K->4K(18432K), 0.0020741 secs] 144827K->128443K(232500K), 0.0021189 secs] [Times: user=0.01 sys=0.00, real=0.00 secs] 
2020-10-29T13:17:54.187+0000: [GC (Allocation Failure) 2020-10-29T13:17:54.187+0000: [ParNew: 16388K->4K(18432K), 0.0020532 secs] 144827K->128443K(232500K), 0.0021147 secs] [Times: user=0.00 sys=0.00, real=0.00 secs] 
2020-10-29T13:17:54.210+0000: [GC (Allocation Failure) 2020-10-29T13:17:54.210+0000: [ParNew: 16388K->4K(18432K), 0.0020527 secs] 144827K->128444K(232500K), 0.0021234 secs] [Times: user=0.01 sys=0.00, real=0.00 secs] 
2020-10-29T13:17:54.232+0000: [GC (Allocation Failure) 2020-10-29T13:17:54.232+0000: [ParNew: 16388K->4K(18432K), 0.0020329 secs] 144828K->128444K(232500K), 0.0020945 secs] [Times: user=0.00 sys=0.00, real=0.00 secs] 
2020-10-29T13:17:54.253+0000: [GC (Allocation Failure) 2020-10-29T13:17:54.253+0000: [ParNew: 16388K->4K(18432K), 0.0019916 secs] 144828K->128444K(232500K), 0.0020496 secs] [Times: user=0.01 sys=0.00, real=0.01 secs] 
2020-10-29T13:17:54.273+0000: [GC (Allocation Failure) 2020-10-29T13:17:54.273+0000: [ParNew: 16388K->4K(18432K), 0.0018558 secs] 144828K->128444K(232500K), 0.0019101 secs] [Times: user=0.01 sys=0.00, real=0.01 secs] 
2020-10-29T13:17:54.292+0000: [GC (Allocation Failure) 2020-10-29T13:17:54.292+0000: [ParNew: 16388K->4K(18432K), 0.0016975 secs] 144828K->128444K(232500K), 0.0017450 secs] [Times: user=0.00 sys=0.00, real=0.00 secs] 
2020-10-29T13:17:54.312+0000: [GC (Allocation Failure) 2020-10-29T13:17:54.312+0000: [ParNew: 16388K->4K(18432K), 0.0019079 secs] 144828K->128444K(232500K), 0.0019640 secs] [Times: user=0.00 sys=0.00, real=0.00 secs] 
2020-10-29T13:17:54.334+0000: [GC (Allocation Failure) 2020-10-29T13:17:54.334+0000: [ParNew: 16388K->4K(18432K), 0.0021016 secs] 144828K->128444K(232500K), 0.0021642 secs] [Times: user=0.00 sys=0.00, real=0.01 secs] 
2020-10-29T13:17:54.363+0000: [GC (Allocation Failure) 2020-10-29T13:17:54.363+0000: [ParNew: 16388K->4K(18432K), 0.0020461 secs] 144828K->128444K(232500K), 0.0021060 secs] [Times: user=0.00 sys=0.00, real=0.00 secs] 
2020-10-29T13:17:54.376+0000: [GC (Allocation Failure) 2020-10-29T13:17:54.376+0000: [ParNew: 16388K->4K(18432K), 0.0081715 secs] 144828K->136637K(232500K), 0.0082279 secs] [Times: user=0.01 sys=0.01, real=0.00 secs] 
2020-10-29T13:17:54.402+0000: [GC (Allocation Failure) 2020-10-29T13:17:54.402+0000: [ParNew: 16387K->4K(18432K), 0.0021731 secs] 153021K->136637K(232500K), 0.0022336 secs] [Times: user=0.00 sys=0.00, real=0.00 secs] 
2020-10-29T13:17:54.429+0000: [GC (Allocation Failure) 2020-10-29T13:17:54.429+0000: [ParNew: 16388K->4K(18432K), 0.0020739 secs] 153021K->136637K(232500K), 0.0021370 secs] [Times: user=0.00 sys=0.00, real=0.00 secs] 
2020-10-29T13:17:54.456+0000: [GC (Allocation Failure) 2020-10-29T13:17:54.456+0000: [ParNew: 16388K->4K(18432K), 0.0020645 secs] 153021K->136637K(232500K), 0.0021425 secs] [Times: user=0.00 sys=0.00, real=0.00 secs] 
2020-10-29T13:17:54.476+0000: [GC (Allocation Failure) 2020-10-29T13:17:54.476+0000: [ParNew: 16388K->4K(18432K), 0.0020158 secs] 153021K->136637K(232500K), 0.0020814 secs] [Times: user=0.00 sys=0.00, real=0.00 secs] 
2020-10-29T13:17:54.496+0000: [GC (Allocation Failure) 2020-10-29T13:17:54.496+0000: [ParNew: 16388K->6K(18432K), 0.0019189 secs] 153021K->136639K(232500K), 0.0019729 secs] [Times: user=0.01 sys=0.00, real=0.00 secs] 
2020-10-29T13:17:54.516+0000: [GC (Allocation Failure) 2020-10-29T13:17:54.516+0000: [ParNew: 16390K->6K(18432K), 0.0021404 secs] 153023K->136639K(232500K), 0.0022020 secs] [Times: user=0.01 sys=0.00, real=0.00 secs] 
2020-10-29T13:17:54.537+0000: [GC (Allocation Failure) 2020-10-29T13:17:54.537+0000: [ParNew: 16390K->8K(18432K), 0.0021551 secs] 153023K->136642K(232500K), 0.0022181 secs] [Times: user=0.00 sys=0.00, real=0.00 secs] 
2020-10-29T13:17:54.557+0000: [GC (Allocation Failure) 2020-10-29T13:17:54.557+0000: [ParNew: 16392K->6K(18432K), 0.0019886 secs] 153026K->136639K(232500K), 0.0020483 secs] [Times: user=0.00 sys=0.00, real=0.00 secs] 
2020-10-29T13:17:54.578+0000: [GC (Allocation Failure) 2020-10-29T13:17:54.578+0000: [ParNew: 16390K->6K(18432K), 0.0020564 secs] 153023K->136639K(232500K), 0.0021356 secs] [Times: user=0.00 sys=0.00, real=0.00 secs] 
2020-10-29T13:17:54.611+0000: [GC (Allocation Failure) 2020-10-29T13:17:54.612+0000: [ParNew: 16390K->6K(18432K), 0.0021366 secs] 169407K->153024K(232500K), 0.0022000 secs] [Times: user=0.00 sys=0.00, real=0.00 secs] 
2020-10-29T13:17:54.614+0000: [GC (CMS Initial Mark) [1 CMS-initial-mark: 153017K(214068K)] 153024K(232500K), 0.0014507 secs] [Times: user=0.00 sys=0.00, real=0.01 secs] 
2020-10-29T13:17:54.615+0000: [CMS-concurrent-mark-start]
2020-10-29T13:17:54.654+0000: [GC (Allocation Failure) 2020-10-29T13:17:54.654+0000: [ParNew: 16390K->4K(18432K), 0.0019400 secs] 169408K->153025K(232500K), 0.0020022 secs] [Times: user=0.00 sys=0.00, real=0.01 secs] 
2020-10-29T13:17:54.661+0000: [CMS-concurrent-mark: 0.044/0.046 secs] [Times: user=0.08 sys=0.00, real=0.04 secs] 
2020-10-29T13:17:54.662+0000: [CMS-concurrent-preclean-start]
2020-10-29T13:17:54.664+0000: [CMS-concurrent-preclean: 0.002/0.002 secs] [Times: user=0.01 sys=0.00, real=0.00 secs] 
2020-10-29T13:17:54.664+0000: [CMS-concurrent-abortable-preclean-start]
2020-10-29T13:17:54.677+0000: [GC (Allocation Failure) 2020-10-29T13:17:54.677+0000: [ParNew: 16388K->4K(18432K), 0.0019140 secs] 169409K->153025K(232500K), 0.0019720 secs] [Times: user=0.00 sys=0.00, real=0.00 secs] 
2020-10-29T13:17:54.697+0000: [GC (Allocation Failure) 2020-10-29T13:17:54.697+0000: [ParNew: 16388K->4K(18432K), 0.0018534 secs] 169409K->153025K(232500K), 0.0019129 secs] [Times: user=0.01 sys=0.00, real=0.00 secs] 
2020-10-29T13:17:54.723+0000: [GC (Allocation Failure) 2020-10-29T13:17:54.723+0000: [ParNew: 16388K->6K(18432K), 0.0019743 secs] 169409K->153027K(232500K), 0.0020344 secs] [Times: user=0.01 sys=0.00, real=0.00 secs] 
2020-10-29T13:17:54.744+0000: [GC (Allocation Failure) 2020-10-29T13:17:54.744+0000: [ParNew: 16390K->4K(18432K), 0.0020837 secs] 169411K->153025K(232500K), 0.0021468 secs] [Times: user=0.00 sys=0.00, real=0.00 secs] 
2020-10-29T13:17:54.765+0000: [GC (Allocation Failure) 2020-10-29T13:17:54.765+0000: [ParNew: 16388K->6K(18432K), 0.0020325 secs] 169409K->153027K(232500K), 0.0020963 secs] [Times: user=0.00 sys=0.00, real=0.01 secs] 
2020-10-29T13:17:54.785+0000: [GC (Allocation Failure) 2020-10-29T13:17:54.785+0000: [ParNew: 16390K->4K(18432K), 0.0019813 secs] 169411K->153025K(232500K), 0.0020408 secs] [Times: user=0.01 sys=0.00, real=0.01 secs] 
2020-10-29T13:17:54.805+0000: [GC (Allocation Failure) 2020-10-29T13:17:54.805+0000: [ParNew: 16388K->4K(18432K), 0.0020927 secs] 169409K->153025K(232500K), 0.0021544 secs] [Times: user=0.01 sys=0.00, real=0.01 secs] 
2020-10-29T13:17:54.825+0000: [GC (Allocation Failure) 2020-10-29T13:17:54.825+0000: [ParNew: 16388K->4K(18432K), 0.0021556 secs] 169409K->153025K(232500K), 0.0022306 secs] [Times: user=0.00 sys=0.00, real=0.01 secs] 
2020-10-29T13:17:54.846+0000: [GC (Allocation Failure) 2020-10-29T13:17:54.846+0000: [ParNew: 16388K->4K(18432K), 0.0021389 secs] 169409K->153026K(232500K), 0.0022008 secs] [Times: user=0.01 sys=0.00, real=0.01 secs] 
2020-10-29T13:17:54.867+0000: [GC (Allocation Failure) 2020-10-29T13:17:54.867+0000: [ParNew: 16388K->4K(18432K), 0.0020478 secs] 169410K->153026K(232500K), 0.0021061 secs] [Times: user=0.00 sys=0.00, real=0.00 secs] 
2020-10-29T13:17:54.887+0000: [GC (Allocation Failure) 2020-10-29T13:17:54.887+0000: [ParNew: 16388K->4K(18432K), 0.0019024 secs] 169410K->153026K(232500K), 0.0019680 secs] [Times: user=0.00 sys=0.00, real=0.00 secs] 
2020-10-29T13:17:54.907+0000: [GC (Allocation Failure) 2020-10-29T13:17:54.907+0000: [ParNew: 16388K->4K(18432K), 0.0020295 secs] 169410K->153026K(232500K), 0.0020913 secs] [Times: user=0.00 sys=0.00, real=0.00 secs] 
2020-10-29T13:17:54.927+0000: [GC (Allocation Failure) 2020-10-29T13:17:54.928+0000: [ParNew: 16388K->4K(18432K), 0.0018127 secs] 169410K->153026K(232500K), 0.0018717 secs] [Times: user=0.01 sys=0.00, real=0.00 secs] 
2020-10-29T13:17:54.944+0000: [GC (Allocation Failure) 2020-10-29T13:17:54.944+0000: [ParNew: 12798K->4K(18432K), 0.0014919 secs] 165821K->153026K(232500K), 0.0015429 secs] [Times: user=0.01 sys=0.00, real=0.00 secs] 
2020-10-29T13:17:54.955+0000: [GC (Allocation Failure) 2020-10-29T13:17:54.955+0000: [ParNew: 16388K->4K(18432K), 0.0078388 secs] 169410K->161218K(232500K), 0.0078917 secs] [Times: user=0.02 sys=0.00, real=0.00 secs] 
2020-10-29T13:17:54.963+0000: [CMS-concurrent-abortable-preclean: 0.013/0.300 secs] [Times: user=0.35 sys=0.01, real=0.30 secs] 
2020-10-29T13:17:54.966+0000: [GC (CMS Final Remark) [YG occupancy: 329 K (18432 K)]2020-10-29T13:17:54.966+0000: [Rescan (parallel) , 0.0016712 secs]2020-10-29T13:17:54.967+0000: [weak refs processing, 0.0000262 secs]2020-10-29T13:17:54.968+0000: [class unloading, 0.0093727 secs]2020-10-29T13:17:54.977+0000: [scrub symbol table, 0.0111576 secs]2020-10-29T13:17:54.988+0000: [scrub string table, 0.0007099 secs][1 CMS-remark: 161214K(214068K)] 161544K(232500K), 0.0230606 secs] [Times: user=0.03 sys=0.00, real=0.03 secs] 
2020-10-29T13:17:54.989+0000: [CMS-concurrent-sweep-start]
2020-10-29T13:17:55.001+0000: [CMS-concurrent-sweep: 0.012/0.012 secs] [Times: user=0.02 sys=0.00, real=0.01 secs] 
2020-10-29T13:17:55.002+0000: [CMS-concurrent-reset-start]
2020-10-29T13:17:55.004+0000: [CMS-concurrent-reset: 0.002/0.002 secs] [Times: user=0.00 sys=0.00, real=0.00 secs] 
2020-10-29T13:17:55.013+0000: [GC (Allocation Failure) 2020-10-29T13:17:55.013+0000: [ParNew: 16388K->4K(18432K), 0.0022873 secs] 177602K->161218K(287124K), 0.0023452 secs] [Times: user=0.01 sys=0.00, real=0.01 secs] 
2020-10-29T13:17:55.036+0000: [GC (Allocation Failure) 2020-10-29T13:17:55.036+0000: [ParNew: 16388K->4K(18432K), 0.0022276 secs] 177602K->161218K(287124K), 0.0022878 secs] [Times: user=0.00 sys=0.00, real=0.00 secs] 
2020-10-29T13:17:55.056+0000: [GC (Allocation Failure) 2020-10-29T13:17:55.056+0000: [ParNew: 16388K->4K(18432K), 0.0023446 secs] 177602K->161218K(287124K), 0.0024082 secs] [Times: user=0.00 sys=0.00, real=0.00 secs] 
2020-10-29T13:17:55.077+0000: [GC (Allocation Failure) 2020-10-29T13:17:55.077+0000: [ParNew: 16388K->4K(18432K), 0.0023129 secs] 177602K->161218K(287124K), 0.0023730 secs] [Times: user=0.01 sys=0.00, real=0.00 secs] 
2020-10-29T13:17:55.097+0000: [GC (Allocation Failure) 2020-10-29T13:17:55.097+0000: [ParNew: 16388K->4K(18432K), 0.0022916 secs] 177602K->161218K(287124K), 0.0023536 secs] [Times: user=0.00 sys=0.00, real=0.00 secs] 
2020-10-29T13:17:55.117+0000: [GC (Allocation Failure) 2020-10-29T13:17:55.117+0000: [ParNew: 16388K->4K(18432K), 0.0022269 secs] 177602K->161218K(287124K), 0.0022910 secs] [Times: user=0.00 sys=0.00, real=0.00 secs] 
2020-10-29T13:17:55.137+0000: [GC (Allocation Failure) 2020-10-29T13:17:55.137+0000: [ParNew: 16388K->4K(18432K), 0.0022128 secs] 177602K->161218K(287124K), 0.0022741 secs] [Times: user=0.00 sys=0.00, real=0.00 secs] 
2020-10-29T13:17:55.157+0000: [GC (Allocation Failure) 2020-10-29T13:17:55.157+0000: [ParNew: 16388K->2K(18432K), 0.0022547 secs] 177602K->161216K(287124K), 0.0023169 secs] [Times: user=0.00 sys=0.00, real=0.00 secs] 
2020-10-29T13:17:55.177+0000: [GC (Allocation Failure) 2020-10-29T13:17:55.177+0000: [ParNew: 16386K->4K(18432K), 0.0022851 secs] 177600K->161218K(287124K), 0.0023490 secs] [Times: user=0.01 sys=0.00, real=0.00 secs] 
2020-10-29T13:17:55.197+0000: [GC (Allocation Failure) 2020-10-29T13:17:55.197+0000: [ParNew: 16388K->2K(18432K), 0.0023316 secs] 177602K->161216K(287124K), 0.0023971 secs] [Times: user=0.01 sys=0.00, real=0.00 secs] 
2020-10-29T13:17:55.224+0000: [GC (Allocation Failure) 2020-10-29T13:17:55.224+0000: [ParNew: 16386K->6K(18432K), 0.0022507 secs] 177600K->161220K(287124K), 0.0023147 secs] [Times: user=0.00 sys=0.00, real=0.00 secs] 
2020-10-29T13:17:55.245+0000: [GC (Allocation Failure) 2020-10-29T13:17:55.245+0000: [ParNew: 16390K->8K(18432K), 0.0022744 secs] 177604K->161223K(287124K), 0.0023449 secs] [Times: user=0.01 sys=0.00, real=0.01 secs] 
2020-10-29T13:17:55.258+0000: [GC (Allocation Failure) 2020-10-29T13:17:55.258+0000: [ParNew: 16392K->10K(18432K), 0.0081198 secs] 177607K->169417K(287124K), 0.0081778 secs] [Times: user=0.01 sys=0.00, real=0.00 secs] 
2020-10-29T13:17:55.284+0000: [GC (Allocation Failure) 2020-10-29T13:17:55.284+0000: [ParNew: 16394K->8K(18432K), 0.0021785 secs] 185801K->169415K(287124K), 0.0022401 secs] [Times: user=0.01 sys=0.00, real=0.00 secs] 
2020-10-29T13:17:55.304+0000: [GC (Allocation Failure) 2020-10-29T13:17:55.304+0000: [ParNew: 16392K->10K(18432K), 0.0023168 secs] 185799K->169417K(287124K), 0.0023909 secs] [Times: user=0.01 sys=0.00, real=0.00 secs] 
2020-10-29T13:17:55.324+0000: [GC (Allocation Failure) 2020-10-29T13:17:55.324+0000: [ParNew: 16394K->8K(18432K), 0.0022546 secs] 185801K->169415K(287124K), 0.0023313 secs] [Times: user=0.01 sys=0.00, real=0.00 secs] 
2020-10-29T13:17:55.344+0000: [GC (Allocation Failure) 2020-10-29T13:17:55.344+0000: [ParNew: 16392K->5K(18432K), 0.0022246 secs] 185799K->169416K(287124K), 0.0022833 secs] [Times: user=0.00 sys=0.00, real=0.00 secs] 
2020-10-29T13:17:55.364+0000: [GC (Allocation Failure) 2020-10-29T13:17:55.364+0000: [ParNew: 16389K->4K(18432K), 0.0020756 secs] 185800K->169415K(287124K), 0.0021305 secs] [Times: user=0.01 sys=0.00, real=0.00 secs] 
2020-10-29T13:17:55.383+0000: [GC (Allocation Failure) 2020-10-29T13:17:55.383+0000: [ParNew: 16388K->4K(18432K), 0.0022972 secs] 185799K->169415K(287124K), 0.0023593 secs] [Times: user=0.00 sys=0.00, real=0.00 secs] 
2020-10-29T13:17:55.403+0000: [GC (Allocation Failure) 2020-10-29T13:17:55.403+0000: [ParNew: 16388K->4K(18432K), 0.0021253 secs] 185799K->169415K(287124K), 0.0021826 secs] [Times: user=0.00 sys=0.00, real=0.00 secs] 
2020-10-29T13:17:55.423+0000: [GC (Allocation Failure) 2020-10-29T13:17:55.423+0000: [ParNew: 16388K->4K(18432K), 0.0022527 secs] 185799K->169415K(287124K), 0.0023309 secs] [Times: user=0.00 sys=0.00, real=0.00 secs] 
2020-10-29T13:17:55.444+0000: [GC (Allocation Failure) 2020-10-29T13:17:55.444+0000: [ParNew: 16388K->4K(18432K), 0.0022296 secs] 185799K->169415K(287124K), 0.0022891 secs] [Times: user=0.00 sys=0.00, real=0.00 secs] 
2020-10-29T13:17:55.464+0000: [GC (Allocation Failure) 2020-10-29T13:17:55.464+0000: [ParNew: 16388K->4K(18432K), 0.0021649 secs] 185799K->169415K(287124K), 0.0022176 secs] [Times: user=0.01 sys=0.00, real=0.00 secs] 
2020-10-29T13:17:55.489+0000: [GC (Allocation Failure) 2020-10-29T13:17:55.489+0000: [ParNew: 16388K->4K(18432K), 0.0022041 secs] 185799K->169415K(287124K), 0.0022821 secs] [Times: user=0.01 sys=0.00, real=0.00 secs] 
2020-10-29T13:17:55.518+0000: [GC (Allocation Failure) 2020-10-29T13:17:55.518+0000: [ParNew: 16388K->4K(18432K), 0.0022408 secs] 185799K->169415K(287124K), 0.0023046 secs] [Times: user=0.01 sys=0.00, real=0.00 secs] 
2020-10-29T13:17:55.531+0000: [GC (Allocation Failure) 2020-10-29T13:17:55.531+0000: [ParNew: 16388K->4K(18432K), 0.0086450 secs] 185799K->177607K(287124K), 0.0087111 secs] [Times: user=0.01 sys=0.00, real=0.01 secs] 
2020-10-29T13:17:55.557+0000: [GC (Allocation Failure) 2020-10-29T13:17:55.557+0000: [ParNew: 16388K->4K(18432K), 0.0022222 secs] 193991K->177607K(287124K), 0.0022842 secs] [Times: user=0.01 sys=0.00, real=0.00 secs] 
2020-10-29T13:17:55.577+0000: [GC (Allocation Failure) 2020-10-29T13:17:55.577+0000: [ParNew: 16388K->4K(18432K), 0.0022608 secs] 193991K->177607K(287124K), 0.0023234 secs] [Times: user=0.01 sys=0.00, real=0.00 secs] 
2020-10-29T13:17:55.597+0000: [GC (Allocation Failure) 2020-10-29T13:17:55.597+0000: [ParNew: 16388K->4K(18432K), 0.0022626 secs] 193991K->177607K(287124K), 0.0023257 secs] [Times: user=0.01 sys=0.00, real=0.00 secs] 
2020-10-29T13:17:55.618+0000: [GC (Allocation Failure) 2020-10-29T13:17:55.618+0000: [ParNew: 16388K->4K(18432K), 0.0022871 secs] 193991K->177607K(287124K), 0.0023506 secs] [Times: user=0.00 sys=0.00, real=0.00 secs] 
2020-10-29T13:17:55.639+0000: [GC (Allocation Failure) 2020-10-29T13:17:55.639+0000: [ParNew: 16388K->4K(18432K), 0.0022187 secs] 193991K->177607K(287124K), 0.0022825 secs] [Times: user=0.00 sys=0.00, real=0.00 secs] 
2020-10-29T13:17:55.659+0000: [GC (Allocation Failure) 2020-10-29T13:17:55.659+0000: [ParNew: 16388K->4K(18432K), 0.0022573 secs] 193991K->177607K(287124K), 0.0023335 secs] [Times: user=0.00 sys=0.01, real=0.00 secs] 
2020-10-29T13:17:55.679+0000: [GC (Allocation Failure) 2020-10-29T13:17:55.679+0000: [ParNew: 16386K->4K(18432K), 0.0022628 secs] 193990K->177607K(287124K), 0.0023436 secs] [Times: user=0.00 sys=0.00, real=0.00 secs] 
2020-10-29T13:17:55.699+0000: [GC (Allocation Failure) 2020-10-29T13:17:55.699+0000: [ParNew: 16388K->4K(18432K), 0.0022936 secs] 193991K->177607K(287124K), 0.0023944 secs] [Times: user=0.00 sys=0.00, real=0.00 secs] 
2020-10-29T13:17:55.719+0000: [GC (Allocation Failure) 2020-10-29T13:17:55.719+0000: [ParNew: 16388K->2K(18432K), 0.0023386 secs] 193991K->177605K(287124K), 0.0024051 secs] [Times: user=0.00 sys=0.00, real=0.00 secs] 
2020-10-29T13:17:55.740+0000: [GC (Allocation Failure) 2020-10-29T13:17:55.740+0000: [ParNew: 16386K->4K(18432K), 0.0020411 secs] 193989K->177607K(287124K), 0.0020964 secs] [Times: user=0.00 sys=0.00, real=0.00 secs] 
2020-10-29T13:17:55.764+0000: [GC (Allocation Failure) 2020-10-29T13:17:55.764+0000: [ParNew: 16388K->4K(18432K), 0.0021919 secs] 193991K->177607K(287124K), 0.0022708 secs] [Times: user=0.01 sys=0.00, real=0.00 secs] 
2020-10-29T13:17:55.784+0000: [GC (Allocation Failure) 2020-10-29T13:17:55.784+0000: [ParNew: 16388K->4K(18432K), 0.0022120 secs] 193991K->177607K(287124K), 0.0022742 secs] [Times: user=0.01 sys=0.00, real=0.00 secs] 
2020-10-29T13:17:55.796+0000: [GC (Allocation Failure) 2020-10-29T13:17:55.797+0000: [ParNew: 16388K->4K(18432K), 0.0084502 secs] 193991K->185799K(287124K), 0.0085057 secs] [Times: user=0.01 sys=0.01, real=0.00 secs] 
2020-10-29T13:17:55.807+0000: [GC (CMS Initial Mark) [1 CMS-initial-mark: 185795K(268692K)] 186127K(287124K), 0.0016060 secs] [Times: user=0.01 sys=0.00, real=0.00 secs] 
2020-10-29T13:17:55.808+0000: [CMS-concurrent-mark-start]
2020-10-29T13:17:55.839+0000: [GC (Allocation Failure) 2020-10-29T13:17:55.839+0000: [ParNew: 16388K->4K(18432K), 0.0020980 secs] 202183K->185799K(287124K), 0.0021606 secs] [Times: user=0.01 sys=0.00, real=0.00 secs] 
2020-10-29T13:17:55.858+0000: [CMS-concurrent-mark: 0.047/0.050 secs] [Times: user=0.09 sys=0.00, real=0.05 secs] 
2020-10-29T13:17:55.858+0000: [CMS-concurrent-preclean-start]
2020-10-29T13:17:55.860+0000: [CMS-concurrent-preclean: 0.002/0.002 secs] [Times: user=0.00 sys=0.00, real=0.00 secs] 
2020-10-29T13:17:55.860+0000: [CMS-concurrent-abortable-preclean-start]
2020-10-29T13:17:55.866+0000: [GC (Allocation Failure) 2020-10-29T13:17:55.866+0000: [ParNew: 16388K->4K(18432K), 0.0015329 secs] 202183K->185799K(287124K), 0.0015737 secs] [Times: user=0.01 sys=0.00, real=0.01 secs] 
2020-10-29T13:17:55.886+0000: [GC (Allocation Failure) 2020-10-29T13:17:55.886+0000: [ParNew: 16388K->4K(18432K), 0.0021260 secs] 202183K->185799K(287124K), 0.0021926 secs] [Times: user=0.01 sys=0.00, real=0.01 secs] 
2020-10-29T13:17:55.906+0000: [GC (Allocation Failure) 2020-10-29T13:17:55.906+0000: [ParNew: 16388K->4K(18432K), 0.0022924 secs] 202183K->185799K(287124K), 0.0023546 secs] [Times: user=0.00 sys=0.00, real=0.01 secs] 
2020-10-29T13:17:55.928+0000: [GC (Allocation Failure) 2020-10-29T13:17:55.928+0000: [ParNew: 16388K->4K(18432K), 0.0022994 secs] 202183K->185799K(287124K), 0.0023639 secs] [Times: user=0.00 sys=0.00, real=0.00 secs] 
2020-10-29T13:17:55.949+0000: [GC (Allocation Failure) 2020-10-29T13:17:55.949+0000: [ParNew: 16388K->4K(18432K), 0.0023086 secs] 202183K->185800K(287124K), 0.0023752 secs] [Times: user=0.01 sys=0.00, real=0.00 secs] 
2020-10-29T13:17:55.973+0000: [GC (Allocation Failure) 2020-10-29T13:17:55.973+0000: [ParNew: 16388K->4K(18432K), 0.0022693 secs] 202184K->185800K(287124K), 0.0023341 secs] [Times: user=0.00 sys=0.00, real=0.01 secs] 
2020-10-29T13:17:56.013+0000: [GC (Allocation Failure) 2020-10-29T13:17:56.013+0000: [ParNew: 16388K->4K(18432K), 0.0022658 secs] 234952K->218568K(287124K), 0.0023308 secs] [Times: user=0.00 sys=0.00, real=0.01 secs] 
2020-10-29T13:17:56.033+0000: [GC (Allocation Failure) 2020-10-29T13:17:56.033+0000: [ParNew: 16388K->4K(18432K), 0.0022089 secs] 234952K->218568K(287124K), 0.0022705 secs] [Times: user=0.01 sys=0.00, real=0.01 secs] 
2020-10-29T13:17:56.054+0000: [GC (Allocation Failure) 2020-10-29T13:17:56.054+0000: [ParNew: 16388K->4K(18432K), 0.0021912 secs] 234952K->218568K(287124K), 0.0022524 secs] [Times: user=0.01 sys=0.00, real=0.01 secs] 
2020-10-29T13:17:56.075+0000: [GC (Allocation Failure) 2020-10-29T13:17:56.075+0000: [ParNew: 16388K->4K(18432K), 0.0024676 secs] 234952K->218568K(287124K), 0.0025458 secs] [Times: user=0.00 sys=0.00, real=0.00 secs] 
2020-10-29T13:17:56.095+0000: [GC (Allocation Failure) 2020-10-29T13:17:56.095+0000: [ParNew: 16388K->4K(18432K), 0.0022905 secs] 234952K->218568K(287124K), 0.0023546 secs] [Times: user=0.01 sys=0.00, real=0.00 secs] 
2020-10-29T13:17:56.109+0000: [GC (Allocation Failure) 2020-10-29T13:17:56.109+0000: [ParNew: 16388K->4K(18432K), 0.0082445 secs] 234952K->226760K(287124K), 0.0083084 secs] [Times: user=0.01 sys=0.00, real=0.01 secs] 
2020-10-29T13:17:56.135+0000: [GC (Allocation Failure) 2020-10-29T13:17:56.135+0000: [ParNew: 16388K->4K(18432K), 0.0022257 secs] 243144K->226760K(287124K), 0.0022910 secs] [Times: user=0.01 sys=0.00, real=0.00 secs] 
2020-10-29T13:17:56.156+0000: [GC (Allocation Failure) 2020-10-29T13:17:56.156+0000: [ParNew: 16388K->4K(18432K), 0.0023151 secs] 243144K->226760K(287124K), 0.0023779 secs] [Times: user=0.01 sys=0.00, real=0.00 secs] 
2020-10-29T13:17:56.176+0000: [GC (Allocation Failure) 2020-10-29T13:17:56.176+0000: [ParNew: 16388K->4K(18432K), 0.0021023 secs] 243144K->226760K(287124K), 0.0021601 secs] [Times: user=0.00 sys=0.00, real=0.00 secs] 
2020-10-29T13:17:56.196+0000: [GC (Allocation Failure) 2020-10-29T13:17:56.196+0000: [ParNew: 16388K->4K(18432K), 0.0018211 secs] 243144K->226760K(287124K), 0.0018963 secs] [Times: user=0.00 sys=0.00, real=0.00 secs] 
2020-10-29T13:17:56.218+0000: [GC (Allocation Failure) 2020-10-29T13:17:56.218+0000: [ParNew: 16388K->4K(18432K), 0.0021388 secs] 243144K->226760K(287124K), 0.0022004 secs] [Times: user=0.00 sys=0.00, real=0.00 secs] 
2020-10-29T13:17:56.238+0000: [GC (Allocation Failure) 2020-10-29T13:17:56.238+0000: [ParNew: 16388K->4K(18432K), 0.0018399 secs] 243144K->226760K(287124K), 0.0018977 secs] [Times: user=0.01 sys=0.00, real=0.00 secs] 
2020-10-29T13:17:56.258+0000: [GC (Allocation Failure) 2020-10-29T13:17:56.258+0000: [ParNew: 16388K->4K(18432K), 0.0019142 secs] 243144K->226760K(287124K), 0.0019722 secs] [Times: user=0.00 sys=0.00, real=0.00 secs] 
2020-10-29T13:17:56.288+0000: [GC (Allocation Failure) 2020-10-29T13:17:56.288+0000: [ParNew: 16388K->2K(18432K), 0.0021944 secs] 243144K->226758K(287124K), 0.0022592 secs] [Times: user=0.00 sys=0.00, real=0.00 secs] 
2020-10-29T13:17:56.308+0000: [GC (Allocation Failure) 2020-10-29T13:17:56.308+0000: [ParNew: 16386K->2K(18432K), 0.0022297 secs] 243142K->226758K(287124K), 0.0022986 secs] [Times: user=0.00 sys=0.00, real=0.00 secs] 
2020-10-29T13:17:56.328+0000: [GC (Allocation Failure) 2020-10-29T13:17:56.328+0000: [ParNew: 16386K->4K(18432K), 0.0018289 secs] 243142K->226760K(287124K), 0.0018871 secs] [Times: user=0.01 sys=0.00, real=0.00 secs] 
2020-10-29T13:17:56.356+0000: [GC (Allocation Failure) 2020-10-29T13:17:56.357+0000: [ParNew: 16388K->2K(18432K), 0.0044554 secs] 243144K->226758K(287124K), 0.0045196 secs] [Times: user=0.01 sys=0.00, real=0.00 secs] 
2020-10-29T13:17:56.382+0000: [GC (Allocation Failure) 2020-10-29T13:17:56.382+0000: [ParNew: 16384K->4K(18432K), 0.0022201 secs] 243141K->226760K(287124K), 0.0022847 secs] [Times: user=0.01 sys=0.00, real=0.00 secs] 
2020-10-29T13:17:56.395+0000: [GC (Allocation Failure) 2020-10-29T13:17:56.395+0000: [ParNew: 16388K->4K(18432K), 0.0085165 secs] 243144K->234953K(287124K), 0.0085864 secs] [Times: user=0.01 sys=0.00, real=0.00 secs] 
2020-10-29T13:17:56.422+0000: [GC (Allocation Failure) 2020-10-29T13:17:56.422+0000: [ParNew: 16387K->4K(18432K), 0.0023300 secs] 251336K->234953K(287124K), 0.0024018 secs] [Times: user=0.00 sys=0.00, real=0.00 secs] 
2020-10-29T13:17:56.442+0000: [GC (Allocation Failure) 2020-10-29T13:17:56.442+0000: [ParNew: 16388K->4K(18432K), 0.0020205 secs] 251337K->234953K(287124K), 0.0020789 secs] [Times: user=0.01 sys=0.00, real=0.00 secs] 
2020-10-29T13:17:56.648+0000: [CMS-concurrent-abortable-preclean: 0.029/0.787 secs] [Times: user=1.09 sys=0.04, real=0.79 secs] 
2020-10-29T13:17:56.648+0000: [GC (CMS Final Remark) [YG occupancy: 11817 K (18432 K)]2020-10-29T13:17:56.648+0000: [Rescan (parallel) , 0.0123553 secs]2020-10-29T13:17:56.660+0000: [weak refs processing, 0.0000350 secs]2020-10-29T13:17:56.660+0000: [class unloading, 0.0095075 secs]2020-10-29T13:17:56.670+0000: [scrub symbol table, 0.0106077 secs]2020-10-29T13:17:56.680+0000: [scrub string table, 0.0007056 secs][1 CMS-remark: 234948K(268692K)] 246766K(287124K), 0.0333855 secs] [Times: user=0.04 sys=0.00, real=0.03 secs] 
2020-10-29T13:17:56.681+0000: [CMS-concurrent-sweep-start]
2020-10-29T13:17:56.693+0000: [CMS-concurrent-sweep: 0.011/0.011 secs] [Times: user=0.02 sys=0.00, real=0.01 secs] 
2020-10-29T13:17:56.693+0000: [CMS-concurrent-reset-start]
2020-10-29T13:17:56.695+0000: [CMS-concurrent-reset: 0.002/0.002 secs] [Times: user=0.01 sys=0.00, real=0.01 secs] 
2020-10-29T13:17:56.916+0000: [GC (Allocation Failure) 2020-10-29T13:17:56.916+0000: [ParNew: 16388K->48K(18432K), 0.0045149 secs] 251336K->234997K(410016K), 0.0045809 secs] [Times: user=0.00 sys=0.00, real=0.00 secs] 
2020-10-29T13:17:57.315+0000: [GC (Allocation Failure) 2020-10-29T13:17:57.315+0000: [ParNew: 16432K->198K(18432K), 0.0027609 secs] 251381K->235147K(410016K), 0.0028498 secs] [Times: user=0.01 sys=0.00, real=0.00 secs] 
2020-10-29T13:17:57.401+0000: [GC (Allocation Failure) 2020-10-29T13:17:57.401+0000: [ParNew: 16582K->66K(18432K), 0.0026680 secs] 251531K->235015K(410016K), 0.0027554 secs] [Times: user=0.01 sys=0.00, real=0.00 secs] 
2020-10-29T13:17:57.475+0000: [GC (Allocation Failure) 2020-10-29T13:17:57.475+0000: [ParNew: 16450K->66K(18432K), 0.0026467 secs] 251399K->235015K(410016K), 0.0027116 secs] [Times: user=0.01 sys=0.00, real=0.00 secs] 
2020-10-29T13:17:57.548+0000: [GC (Allocation Failure) 2020-10-29T13:17:57.548+0000: [ParNew: 16450K->64K(18432K), 0.0026681 secs] 251399K->235013K(410016K), 0.0027335 secs] [Times: user=0.01 sys=0.00, real=0.00 secs] 
2020-10-29T13:17:57.616+0000: [GC (Allocation Failure) 2020-10-29T13:17:57.616+0000: [ParNew: 16448K->64K(18432K), 0.0027408 secs] 251397K->235013K(410016K), 0.0028265 secs] [Times: user=0.00 sys=0.00, real=0.00 secs] 
2020-10-29T13:17:57.663+0000: [GC (Allocation Failure) 2020-10-29T13:17:57.663+0000: [ParNew: 16448K->39K(18432K), 0.0027395 secs] 251397K->234999K(410016K), 0.0028059 secs] [Times: user=0.01 sys=0.00, real=0.00 secs] 
2020-10-29T13:17:57.705+0000: [GC (Allocation Failure) 2020-10-29T13:17:57.705+0000: [ParNew: 16423K->35K(18432K), 0.0035399 secs] 251383K->235027K(410016K), 0.0036070 secs] [Times: user=0.01 sys=0.00, real=0.01 secs] 
2020-10-29T13:17:57.752+0000: [GC (Allocation Failure) 2020-10-29T13:17:57.752+0000: [ParNew: 16419K->4K(18432K), 0.0024941 secs] 251411K->234997K(410016K), 0.0025806 secs] [Times: user=0.01 sys=0.00, real=0.00 secs] 
2020-10-29T13:17:57.793+0000: [GC (Allocation Failure) 2020-10-29T13:17:57.793+0000: [ParNew: 16388K->2K(18432K), 0.0025046 secs] 251381K->234995K(410016K), 0.0025904 secs] [Times: user=0.01 sys=0.00, real=0.01 secs] 
2020-10-29T13:17:57.834+0000: [GC (Allocation Failure) 2020-10-29T13:17:57.834+0000: [ParNew: 16386K->2K(18432K), 0.0041388 secs] 251379K->234995K(410016K), 0.0042184 secs] [Times: user=0.01 sys=0.00, real=0.01 secs] 
2020-10-29T13:17:57.875+0000: [GC (Allocation Failure) 2020-10-29T13:17:57.875+0000: [ParNew: 16386K->2K(18432K), 0.0025122 secs] 251379K->234995K(410016K), 0.0025775 secs] [Times: user=0.01 sys=0.00, real=0.00 secs] 
2020-10-29T13:17:57.915+0000: [GC (Allocation Failure) 2020-10-29T13:17:57.915+0000: [ParNew: 16386K->2K(18432K), 0.0024890 secs] 251379K->234995K(410016K), 0.0025555 secs] [Times: user=0.01 sys=0.00, real=0.00 secs] 
2020-10-29T13:17:57.955+0000: [GC (Allocation Failure) 2020-10-29T13:17:57.955+0000: [ParNew: 16386K->2K(18432K), 0.0025516 secs] 251379K->234995K(410016K), 0.0026546 secs] [Times: user=0.00 sys=0.01, real=0.01 secs] 
2020-10-29T13:17:57.979+0000: [GC (Allocation Failure) 2020-10-29T13:17:57.979+0000: [ParNew: 16386K->2K(18432K), 0.0024561 secs] 251379K->234995K(410016K), 0.0025141 secs] [Times: user=0.01 sys=0.00, real=0.00 secs] 
2020-10-29T13:17:58.004+0000: [GC (Allocation Failure) 2020-10-29T13:17:58.004+0000: [ParNew: 16386K->2K(18432K), 0.0025165 secs] 251379K->234995K(410016K), 0.0025770 secs] [Times: user=0.01 sys=0.00, real=0.00 secs] 
2020-10-29T13:17:58.028+0000: [GC (Allocation Failure) 2020-10-29T13:17:58.028+0000: [ParNew: 16386K->2K(18432K), 0.0024900 secs] 251379K->234995K(410016K), 0.0025543 secs] [Times: user=0.00 sys=0.00, real=0.00 secs] 
2020-10-29T13:17:58.052+0000: [GC (Allocation Failure) 2020-10-29T13:17:58.052+0000: [ParNew: 16386K->2K(18432K), 0.0024903 secs] 251379K->234995K(410016K), 0.0025549 secs] [Times: user=0.01 sys=0.00, real=0.01 secs] 
2020-10-29T13:17:58.078+0000: [GC (Allocation Failure) 2020-10-29T13:17:58.078+0000: [ParNew: 16386K->2K(18432K), 0.0024833 secs] 251379K->234995K(410016K), 0.0025476 secs] [Times: user=0.01 sys=0.00, real=0.00 secs] 
2020-10-29T13:17:58.102+0000: [GC (Allocation Failure) 2020-10-29T13:17:58.102+0000: [ParNew: 16386K->2K(18432K), 0.0025088 secs] 251379K->234995K(410016K), 0.0025692 secs] [Times: user=0.00 sys=0.00, real=0.00 secs] 
2020-10-29T13:17:58.126+0000: [GC (Allocation Failure) 2020-10-29T13:17:58.126+0000: [ParNew: 16386K->2K(18432K), 0.0025251 secs] 251379K->234995K(410016K), 0.0025880 secs] [Times: user=0.00 sys=0.00, real=0.01 secs] 
2020-10-29T13:17:58.150+0000: [GC (Allocation Failure) 2020-10-29T13:17:58.151+0000: [ParNew: 16386K->4K(18432K), 0.0023790 secs] 251379K->234997K(410016K), 0.0024344 secs] [Times: user=0.01 sys=0.00, real=0.00 secs] 
2020-10-29T13:17:58.175+0000: [GC (Allocation Failure) 2020-10-29T13:17:58.175+0000: [ParNew: 16388K->2K(18432K), 0.0025210 secs] 251381K->234995K(410016K), 0.0025817 secs] [Times: user=0.00 sys=0.00, real=0.00 secs] 
2020-10-29T13:17:58.199+0000: [GC (Allocation Failure) 2020-10-29T13:17:58.199+0000: [ParNew: 16386K->2K(18432K), 0.0024379 secs] 251379K->234995K(410016K), 0.0024956 secs] [Times: user=0.00 sys=0.00, real=0.00 secs] 
2020-10-29T13:17:58.223+0000: [GC (Allocation Failure) 2020-10-29T13:17:58.223+0000: [ParNew: 16386K->2K(18432K), 0.0025062 secs] 251379K->234995K(410016K), 0.0025680 secs] [Times: user=0.01 sys=0.00, real=0.00 secs] 
2020-10-29T13:17:58.247+0000: [GC (Allocation Failure) 2020-10-29T13:17:58.248+0000: [ParNew: 16386K->2K(18432K), 0.0023933 secs] 251379K->234995K(410016K), 0.0024487 secs] [Times: user=0.00 sys=0.00, real=0.00 secs] 
2020-10-29T13:17:58.272+0000: [GC (Allocation Failure) 2020-10-29T13:17:58.272+0000: [ParNew: 16386K->2K(18432K), 0.0025038 secs] 251379K->234995K(410016K), 0.0025676 secs] [Times: user=0.00 sys=0.00, real=0.00 secs] 
2020-10-29T13:17:58.297+0000: [GC (Allocation Failure) 2020-10-29T13:17:58.297+0000: [ParNew: 16386K->2K(18432K), 0.0025375 secs] 251379K->234995K(410016K), 0.0026009 secs] [Times: user=0.01 sys=0.00, real=0.00 secs] 
2020-10-29T13:17:58.321+0000: [GC (Allocation Failure) 2020-10-29T13:17:58.321+0000: [ParNew: 16386K->2K(18432K), 0.0025233 secs] 251379K->234995K(410016K), 0.0025862 secs] [Times: user=0.00 sys=0.00, real=0.00 secs] 
2020-10-29T13:17:58.346+0000: [GC (Allocation Failure) 2020-10-29T13:17:58.346+0000: [ParNew: 16386K->2K(18432K), 0.0025692 secs] 251379K->234995K(410016K), 0.0026327 secs] [Times: user=0.00 sys=0.00, real=0.01 secs] 
2020-10-29T13:17:58.370+0000: [GC (Allocation Failure) 2020-10-29T13:17:58.370+0000: [ParNew: 16386K->2K(18432K), 0.0024943 secs] 251379K->234995K(410016K), 0.0025569 secs] [Times: user=0.01 sys=0.00, real=0.00 secs] 
2020-10-29T13:17:58.395+0000: [GC (Allocation Failure) 2020-10-29T13:17:58.395+0000: [ParNew: 16386K->2K(18432K), 0.0027301 secs] 251379K->234995K(410016K), 0.0027977 secs] [Times: user=0.01 sys=0.00, real=0.00 secs] 
2020-10-29T13:17:58.420+0000: [GC (Allocation Failure) 2020-10-29T13:17:58.420+0000: [ParNew: 16386K->2K(18432K), 0.0024495 secs] 251379K->234995K(410016K), 0.0025100 secs] [Times: user=0.00 sys=0.00, real=0.00 secs] 
2020-10-29T13:17:58.444+0000: [GC (Allocation Failure) 2020-10-29T13:17:58.444+0000: [ParNew: 16386K->2K(18432K), 0.0025253 secs] 251379K->234995K(410016K), 0.0025885 secs] [Times: user=0.01 sys=0.00, real=0.00 secs] 
2020-10-29T13:17:58.469+0000: [GC (Allocation Failure) 2020-10-29T13:17:58.469+0000: [ParNew: 16386K->2K(18432K), 0.0024876 secs] 251379K->234995K(410016K), 0.0025502 secs] [Times: user=0.01 sys=0.00, real=0.00 secs] 
2020-10-29T13:17:58.493+0000: [GC (Allocation Failure) 2020-10-29T13:17:58.493+0000: [ParNew: 16386K->2K(18432K), 0.0025901 secs] 251379K->234995K(410016K), 0.0026715 secs] [Times: user=0.00 sys=0.00, real=0.01 secs] 
2020-10-29T13:18:03.304+0000: [GC (Allocation Failure) 2020-10-29T13:18:03.304+0000: [ParNew: 16386K->213K(18432K), 0.0029013 secs] 251379K->235207K(410016K), 0.0029622 secs] [Times: user=0.00 sys=0.00, real=0.01 secs] 
2020-10-29T13:18:04.271+0000: [GC (Allocation Failure) 2020-10-29T13:18:04.271+0000: [ParNew: 16597K->529K(18432K), 0.0036860 secs] 251591K->235522K(410016K), 0.0037559 secs] [Times: user=0.01 sys=0.00, real=0.00 secs] 
2020-10-29T13:18:04.421+0000: [GC (Allocation Failure) 2020-10-29T13:18:04.421+0000: [ParNew: 16913K->1145K(18432K), 0.0055892 secs] 251906K->236139K(410016K), 0.0056711 secs] [Times: user=0.01 sys=0.00, real=0.00 secs] 
2020-10-29T13:18:04.768+0000: [GC (Allocation Failure) 2020-10-29T13:18:04.768+0000: [ParNew: 17529K->2048K(18432K), 0.0128492 secs] 268907K->253551K(410016K), 0.0129209 secs] [Times: user=0.02 sys=0.00, real=0.01 secs] 
2020-10-29T13:18:05.022+0000: [GC (Allocation Failure) 2020-10-29T13:18:05.022+0000: [ParNew: 18432K->1477K(18432K), 0.0101735 secs] 269935K->254562K(410016K), 0.0102462 secs] [Times: user=0.02 sys=0.00, real=0.01 secs] 
2020-10-29T13:18:05.087+0000: [GC (Allocation Failure) 2020-10-29T13:18:05.087+0000: [ParNew: 17861K->1484K(18432K), 0.0030459 secs] 270946K->254569K(410016K), 0.0031153 secs] [Times: user=0.00 sys=0.00, real=0.00 secs] 
2020-10-29T13:18:05.142+0000: [GC (Allocation Failure) 2020-10-29T13:18:05.142+0000: [ParNew: 17868K->1597K(18432K), 0.0032459 secs] 270953K->254682K(410016K), 0.0033423 secs] [Times: user=0.01 sys=0.00, real=0.00 secs] 
2020-10-29T13:18:05.194+0000: [GC (Allocation Failure) 2020-10-29T13:18:05.194+0000: [ParNew: 17981K->956K(18432K), 0.0032308 secs] 271066K->254660K(410016K), 0.0032980 secs] [Times: user=0.00 sys=0.00, real=0.01 secs] 
2020-10-29T13:18:05.230+0000: [GC (Allocation Failure) 2020-10-29T13:18:05.230+0000: [ParNew: 17340K->1583K(18432K), 0.0028980 secs] 271044K->255287K(410016K), 0.0029945 secs] [Times: user=0.00 sys=0.00, real=0.00 secs] 
2020-10-29T13:18:05.263+0000: [GC (Allocation Failure) 2020-10-29T13:18:05.263+0000: [ParNew: 17967K->12K(18432K), 0.0027722 secs] 271671K->254740K(410016K), 0.0028391 secs] [Times: user=0.00 sys=0.00, real=0.00 secs] 
2020-10-29T13:18:05.293+0000: [GC (Allocation Failure) 2020-10-29T13:18:05.293+0000: [ParNew: 16396K->4K(18432K), 0.0026012 secs] 271124K->254731K(410016K), 0.0026672 secs] [Times: user=0.01 sys=0.00, real=0.01 secs] 
2020-10-29T13:18:05.317+0000: [GC (Allocation Failure) 2020-10-29T13:18:05.317+0000: [ParNew: 16388K->1028K(18432K), 0.0029569 secs] 271115K->256779K(410016K), 0.0030257 secs] [Times: user=0.00 sys=0.00, real=0.00 secs] 
2020-10-29T13:18:05.350+0000: [GC (Allocation Failure) 2020-10-29T13:18:05.350+0000: [ParNew: 17412K->1028K(18432K), 0.0029949 secs] 273163K->257804K(410016K), 0.0030620 secs] [Times: user=0.01 sys=0.00, real=0.00 secs] 
2020-10-29T13:18:05.383+0000: [GC (Allocation Failure) 2020-10-29T13:18:05.383+0000: [ParNew: 17412K->4K(18432K), 0.0025938 secs] 274188K->256780K(410016K), 0.0026871 secs] [Times: user=0.01 sys=0.00, real=0.00 secs] 
2020-10-29T13:18:05.419+0000: [GC (Allocation Failure) 2020-10-29T13:18:05.419+0000: [ParNew: 16388K->4K(18432K), 0.0024929 secs] 273164K->256780K(410016K), 0.0025591 secs] [Times: user=0.00 sys=0.00, real=0.00 secs] 
2020-10-29T13:18:05.450+0000: [GC (Allocation Failure) 2020-10-29T13:18:05.450+0000: [ParNew: 16388K->4K(18432K), 0.0025218 secs] 273164K->256780K(410016K), 0.0025870 secs] [Times: user=0.00 sys=0.00, real=0.00 secs] 
2020-10-29T13:18:05.474+0000: [GC (Allocation Failure) 2020-10-29T13:18:05.474+0000: [ParNew: 16388K->4K(18432K), 0.0026354 secs] 273164K->256780K(410016K), 0.0026993 secs] [Times: user=0.00 sys=0.00, real=0.01 secs] 
2020-10-29T13:18:05.496+0000: [GC (Allocation Failure) 2020-10-29T13:18:05.496+0000: [ParNew: 16388K->4K(18432K), 0.0025146 secs] 273164K->256780K(410016K), 0.0025793 secs] [Times: user=0.00 sys=0.00, real=0.00 secs] 
2020-10-29T13:18:05.527+0000: [GC (Allocation Failure) 2020-10-29T13:18:05.527+0000: [ParNew: 16388K->4K(18432K), 0.0025132 secs] 273164K->256780K(410016K), 0.0025922 secs] [Times: user=0.01 sys=0.00, real=0.01 secs] 
2020-10-29T13:18:05.551+0000: [GC (Allocation Failure) 2020-10-29T13:18:05.551+0000: [ParNew: 16388K->4K(18432K), 0.0037219 secs] 273164K->258828K(410016K), 0.0037871 secs] [Times: user=0.01 sys=0.00, real=0.01 secs] 
2020-10-29T13:18:05.573+0000: [GC (Allocation Failure) 2020-10-29T13:18:05.573+0000: [ParNew: 16388K->4K(18432K), 0.0037394 secs] 275212K->260876K(410016K), 0.0038059 secs] [Times: user=0.01 sys=0.00, real=0.01 secs] 
2020-10-29T13:18:05.603+0000: [GC (Allocation Failure) 2020-10-29T13:18:05.603+0000: [ParNew: 16388K->4K(18432K), 0.0024976 secs] 277260K->260876K(410016K), 0.0025650 secs] [Times: user=0.01 sys=0.00, real=0.00 secs] 
2020-10-29T13:18:05.625+0000: [GC (Allocation Failure) 2020-10-29T13:18:05.625+0000: [ParNew: 16388K->4K(18432K), 0.0026077 secs] 277260K->260876K(410016K), 0.0026762 secs] [Times: user=0.00 sys=0.00, real=0.01 secs] 
2020-10-29T13:18:05.655+0000: [GC (Allocation Failure) 2020-10-29T13:18:05.655+0000: [ParNew: 16388K->4K(18432K), 0.0025487 secs] 277260K->260876K(410016K), 0.0026141 secs] [Times: user=0.01 sys=0.00, real=0.01 secs] 
2020-10-29T13:18:05.682+0000: [GC (Allocation Failure) 2020-10-29T13:18:05.682+0000: [ParNew: 16388K->4K(18432K), 0.0025411 secs] 277260K->260876K(410016K), 0.0026084 secs] [Times: user=0.01 sys=0.00, real=0.00 secs] 
2020-10-29T13:18:05.721+0000: [GC (Allocation Failure) 2020-10-29T13:18:05.721+0000: [ParNew: 16388K->4K(18432K), 0.0050806 secs] 277260K->260876K(410016K), 0.0051565 secs] [Times: user=0.01 sys=0.00, real=0.00 secs] 
2020-10-29T13:18:05.750+0000: [GC (Allocation Failure) 2020-10-29T13:18:05.750+0000: [ParNew: 16388K->6K(18432K), 0.0025130 secs] 277260K->260878K(410016K), 0.0025787 secs] [Times: user=0.00 sys=0.00, real=0.00 secs] 
2020-10-29T13:18:05.775+0000: [GC (Allocation Failure) 2020-10-29T13:18:05.775+0000: [ParNew: 16390K->4K(18432K), 0.0025466 secs] 277262K->260876K(410016K), 0.0026191 secs] [Times: user=0.01 sys=0.00, real=0.00 secs] 
2020-10-29T13:18:05.799+0000: [GC (Allocation Failure) 2020-10-29T13:18:05.799+0000: [ParNew: 16388K->4K(18432K), 0.0025103 secs] 277260K->260876K(410016K), 0.0025777 secs] [Times: user=0.00 sys=0.00, real=0.00 secs] 
2020-10-29T13:18:05.823+0000: [GC (Allocation Failure) 2020-10-29T13:18:05.823+0000: [ParNew: 16388K->6K(18432K), 0.0025096 secs] 277260K->260878K(410016K), 0.0025770 secs] [Times: user=0.01 sys=0.00, real=0.00 secs] 
2020-10-29T13:18:05.844+0000: [GC (Allocation Failure) 2020-10-29T13:18:05.844+0000: [ParNew: 16390K->6K(18432K), 0.0025131 secs] 277262K->260878K(410016K), 0.0025798 secs] [Times: user=0.00 sys=0.00, real=0.01 secs] 
2020-10-29T13:18:05.864+0000: [GC (Allocation Failure) 2020-10-29T13:18:05.864+0000: [ParNew: 16390K->4K(18432K), 0.0035088 secs] 277262K->260877K(410016K), 0.0035837 secs] [Times: user=0.01 sys=0.00, real=0.01 secs] 
2020-10-29T13:18:05.887+0000: [GC (Allocation Failure) 2020-10-29T13:18:05.887+0000: [ParNew: 16388K->4K(18432K), 0.0026453 secs] 277261K->260877K(410016K), 0.0027143 secs] [Times: user=0.01 sys=0.00, real=0.00 secs] 
2020-10-29T13:18:05.905+0000: [GC (Allocation Failure) 2020-10-29T13:18:05.905+0000: [ParNew: 16388K->4K(18432K), 0.0025483 secs] 277261K->260877K(410016K), 0.0026145 secs] [Times: user=0.00 sys=0.00, real=0.01 secs] 
2020-10-29T13:18:05.930+0000: [GC (Allocation Failure) 2020-10-29T13:18:05.930+0000: [ParNew: 16388K->4K(18432K), 0.0078862 secs] 277261K->264973K(410016K), 0.0079611 secs] [Times: user=0.02 sys=0.00, real=0.01 secs] 
2020-10-29T13:18:05.959+0000: [GC (Allocation Failure) 2020-10-29T13:18:05.959+0000: [ParNew: 16388K->4K(18432K), 0.0025228 secs] 281357K->264973K(410016K), 0.0025993 secs] [Times: user=0.01 sys=0.00, real=0.00 secs] 
2020-10-29T13:18:05.975+0000: [GC (Allocation Failure) 2020-10-29T13:18:05.975+0000: [ParNew: 16388K->4K(18432K), 0.0050656 secs] 281357K->269069K(410016K), 0.0051374 secs] [Times: user=0.01 sys=0.01, real=0.00 secs] 
2020-10-29T13:18:06.002+0000: [GC (Allocation Failure) 2020-10-29T13:18:06.002+0000: [ParNew: 16388K->6K(18432K), 0.0025469 secs] 285453K->269071K(410016K), 0.0026362 secs] [Times: user=0.00 sys=0.00, real=0.00 secs] 
2020-10-29T13:18:06.025+0000: [GC (Allocation Failure) 2020-10-29T13:18:06.025+0000: [ParNew: 16390K->6K(18432K), 0.0025513 secs] 285455K->269071K(410016K), 0.0026408 secs] [Times: user=0.01 sys=0.00, real=0.01 secs] 
2020-10-29T13:18:06.055+0000: [GC (Allocation Failure) 2020-10-29T13:18:06.055+0000: [ParNew: 16390K->6K(18432K), 0.0024890 secs] 285455K->269071K(410016K), 0.0025772 secs] [Times: user=0.00 sys=0.00, real=0.00 secs] 
2020-10-29T13:18:06.079+0000: [GC (Allocation Failure) 2020-10-29T13:18:06.079+0000: [ParNew: 16390K->4K(18432K), 0.0025052 secs] 285455K->269070K(410016K), 0.0025917 secs] [Times: user=0.00 sys=0.00, real=0.00 secs] 
2020-10-29T13:18:06.106+0000: [GC (Allocation Failure) 2020-10-29T13:18:06.106+0000: [ParNew: 16388K->4K(18432K), 0.0024809 secs] 285454K->269070K(410016K), 0.0025465 secs] [Times: user=0.01 sys=0.00, real=0.01 secs] 
2020-10-29T13:18:06.131+0000: [GC (Allocation Failure) 2020-10-29T13:18:06.131+0000: [ParNew: 16388K->6K(18432K), 0.0024742 secs] 285454K->269072K(410016K), 0.0025369 secs] [Times: user=0.01 sys=0.00, real=0.00 secs] 
2020-10-29T13:18:06.149+0000: [GC (Allocation Failure) 2020-10-29T13:18:06.149+0000: [ParNew: 16390K->4K(18432K), 0.0025581 secs] 285456K->269070K(410016K), 0.0026251 secs] [Times: user=0.00 sys=0.00, real=0.00 secs] 
2020-10-29T13:18:06.168+0000: [GC (Allocation Failure) 2020-10-29T13:18:06.168+0000: [ParNew: 16388K->4K(18432K), 0.0024872 secs] 285454K->269070K(410016K), 0.0025518 secs] [Times: user=0.01 sys=0.00, real=0.00 secs] 
2020-10-29T13:18:06.187+0000: [GC (Allocation Failure) 2020-10-29T13:18:06.187+0000: [ParNew: 16388K->4K(18432K), 0.0025775 secs] 285454K->269070K(410016K), 0.0026403 secs] [Times: user=0.00 sys=0.00, real=0.00 secs] 
2020-10-29T13:18:06.205+0000: [GC (Allocation Failure) 2020-10-29T13:18:06.206+0000: [ParNew: 16388K->4K(18432K), 0.0025848 secs] 285454K->269070K(410016K), 0.0026517 secs] [Times: user=0.01 sys=0.00, real=0.01 secs] 
2020-10-29T13:18:06.227+0000: [GC (Allocation Failure) 2020-10-29T13:18:06.227+0000: [ParNew: 16388K->6K(18432K), 0.0025906 secs] 285454K->269072K(410016K), 0.0026571 secs] [Times: user=0.01 sys=0.00, real=0.00 secs] 
2020-10-29T13:18:06.247+0000: [GC (Allocation Failure) 2020-10-29T13:18:06.247+0000: [ParNew: 16390K->4K(18432K), 0.0025199 secs] 285456K->269070K(410016K), 0.0025868 secs] [Times: user=0.00 sys=0.00, real=0.00 secs] 
2020-10-29T13:18:06.267+0000: [GC (Allocation Failure) 2020-10-29T13:18:06.267+0000: [ParNew: 16388K->4K(18432K), 0.0025444 secs] 285454K->269070K(410016K), 0.0026090 secs] [Times: user=0.00 sys=0.00, real=0.00 secs] 
2020-10-29T13:18:06.285+0000: [GC (Allocation Failure) 2020-10-29T13:18:06.285+0000: [ParNew: 16388K->4K(18432K), 0.0025059 secs] 285454K->269070K(410016K), 0.0025719 secs] [Times: user=0.01 sys=0.00, real=0.01 secs] 
2020-10-29T13:18:06.305+0000: [GC (Allocation Failure) 2020-10-29T13:18:06.305+0000: [ParNew: 16388K->4K(18432K), 0.0025083 secs] 285454K->269070K(410016K), 0.0025752 secs] [Times: user=0.00 sys=0.00, real=0.01 secs] 
2020-10-29T13:18:06.324+0000: [GC (Allocation Failure) 2020-10-29T13:18:06.324+0000: [ParNew: 16388K->4K(18432K), 0.0025240 secs] 285454K->269070K(410016K), 0.0025911 secs] [Times: user=0.01 sys=0.00, real=0.00 secs] 
2020-10-29T13:18:06.342+0000: [GC (Allocation Failure) 2020-10-29T13:18:06.342+0000: [ParNew: 16388K->4K(18432K), 0.0025071 secs] 285454K->269070K(410016K), 0.0025746 secs] [Times: user=0.01 sys=0.00, real=0.00 secs] 
2020-10-29T13:18:06.363+0000: [GC (Allocation Failure) 2020-10-29T13:18:06.363+0000: [ParNew: 16388K->4K(18432K), 0.0025062 secs] 285454K->269070K(410016K), 0.0025732 secs] [Times: user=0.01 sys=0.00, real=0.00 secs] 
2020-10-29T13:18:06.383+0000: [GC (Allocation Failure) 2020-10-29T13:18:06.383+0000: [ParNew: 16388K->4K(18432K), 0.0025446 secs] 285454K->269070K(410016K), 0.0026123 secs] [Times: user=0.00 sys=0.00, real=0.00 secs] 
2020-10-29T13:18:06.403+0000: [GC (Allocation Failure) 2020-10-29T13:18:06.403+0000: [ParNew: 16388K->4K(18432K), 0.0025725 secs] 285454K->269070K(410016K), 0.0026404 secs] [Times: user=0.01 sys=0.00, real=0.00 secs] 
2020-10-29T13:18:06.421+0000: [GC (Allocation Failure) 2020-10-29T13:18:06.422+0000: [ParNew: 16388K->4K(18432K), 0.0025228 secs] 285454K->269070K(410016K), 0.0025960 secs] [Times: user=0.00 sys=0.00, real=0.00 secs] 
2020-10-29T13:18:06.440+0000: [GC (Allocation Failure) 2020-10-29T13:18:06.440+0000: [ParNew: 16388K->4K(18432K), 0.0026156 secs] 285454K->269070K(410016K), 0.0026808 secs] [Times: user=0.00 sys=0.00, real=0.00 secs] 
2020-10-29T13:18:06.462+0000: [GC (Allocation Failure) 2020-10-29T13:18:06.463+0000: [ParNew: 16388K->4K(18432K), 0.0025816 secs] 285454K->269070K(410016K), 0.0026498 secs] [Times: user=0.00 sys=0.00, real=0.00 secs] 
2020-10-29T13:18:06.483+0000: [GC (Allocation Failure) 2020-10-29T13:18:06.483+0000: [ParNew: 16388K->4K(18432K), 0.0025476 secs] 285454K->269070K(410016K), 0.0026153 secs] [Times: user=0.00 sys=0.00, real=0.00 secs] 
2020-10-29T13:18:06.503+0000: [GC (Allocation Failure) 2020-10-29T13:18:06.503+0000: [ParNew: 16388K->4K(18432K), 0.0026480 secs] 285454K->269070K(410016K), 0.0027175 secs] [Times: user=0.00 sys=0.00, real=0.00 secs] 
2020-10-29T13:18:06.527+0000: [GC (Allocation Failure) 2020-10-29T13:18:06.527+0000: [ParNew: 16388K->8K(18432K), 0.0024694 secs] 285454K->269074K(410016K), 0.0025431 secs] [Times: user=0.01 sys=0.00, real=0.00 secs] 
2020-10-29T13:18:06.559+0000: [GC (Allocation Failure) 2020-10-29T13:18:06.560+0000: [ParNew: 16392K->8K(18432K), 0.0024805 secs] 285458K->269075K(410016K), 0.0025469 secs] [Times: user=0.01 sys=0.00, real=0.00 secs] 
2020-10-29T13:18:06.578+0000: [GC (Allocation Failure) 2020-10-29T13:18:06.578+0000: [ParNew: 16392K->11K(18432K), 0.0025218 secs] 285459K->269077K(410016K), 0.0025890 secs] [Times: user=0.00 sys=0.00, real=0.00 secs] 
2020-10-29T13:18:06.599+0000: [GC (Allocation Failure) 2020-10-29T13:18:06.599+0000: [ParNew: 16395K->8K(18432K), 0.0025228 secs] 285461K->269074K(410016K), 0.0025889 secs] [Times: user=0.01 sys=0.00, real=0.00 secs] 
2020-10-29T13:18:06.621+0000: [GC (Allocation Failure) 2020-10-29T13:18:06.621+0000: [ParNew: 16392K->10K(18432K), 0.0025078 secs] 285458K->269077K(410016K), 0.0025748 secs] [Times: user=0.00 sys=0.00, real=0.00 secs] 
2020-10-29T13:18:06.643+0000: [GC (Allocation Failure) 2020-10-29T13:18:06.643+0000: [ParNew: 16394K->9K(18432K), 0.0025833 secs] 285461K->269076K(410016K), 0.0026723 secs] [Times: user=0.00 sys=0.00, real=0.00 secs] 
2020-10-29T13:18:06.661+0000: [GC (Allocation Failure) 2020-10-29T13:18:06.661+0000: [ParNew: 16393K->6K(18432K), 0.0026490 secs] 285460K->269076K(410016K), 0.0027160 secs] [Times: user=0.01 sys=0.00, real=0.00 secs] 
2020-10-29T13:18:06.679+0000: [GC (Allocation Failure) 2020-10-29T13:18:06.679+0000: [ParNew: 16390K->6K(18432K), 0.0025375 secs] 285460K->269076K(410016K), 0.0026272 secs] [Times: user=0.00 sys=0.00, real=0.00 secs] 
2020-10-29T13:18:06.697+0000: [GC (Allocation Failure) 2020-10-29T13:18:06.697+0000: [ParNew: 16390K->4K(18432K), 0.0025683 secs] 285460K->269074K(410016K), 0.0026576 secs] [Times: user=0.00 sys=0.00, real=0.00 secs] 
2020-10-29T13:18:06.714+0000: [GC (Allocation Failure) 2020-10-29T13:18:06.715+0000: [ParNew: 16388K->4K(18432K), 0.0025566 secs] 285458K->269074K(410016K), 0.0026228 secs] [Times: user=0.01 sys=0.00, real=0.01 secs] 
2020-10-29T13:18:06.732+0000: [GC (Allocation Failure) 2020-10-29T13:18:06.732+0000: [ParNew: 16388K->4K(18432K), 0.0024043 secs] 285458K->269075K(410016K), 0.0024606 secs] [Times: user=0.00 sys=0.00, real=0.01 secs] 
2020-10-29T13:18:06.750+0000: [GC (Allocation Failure) 2020-10-29T13:18:06.750+0000: [ParNew: 16388K->4K(18432K), 0.0025002 secs] 285459K->269075K(410016K), 0.0025637 secs] [Times: user=0.01 sys=0.00, real=0.00 secs] 
2020-10-29T13:18:06.768+0000: [GC (Allocation Failure) 2020-10-29T13:18:06.768+0000: [ParNew: 16388K->4K(18432K), 0.0025228 secs] 285459K->269075K(410016K), 0.0025887 secs] [Times: user=0.00 sys=0.00, real=0.00 secs] 
2020-10-29T13:18:06.786+0000: [GC (Allocation Failure) 2020-10-29T13:18:06.786+0000: [ParNew: 16388K->4K(18432K), 0.0024744 secs] 285459K->269075K(410016K), 0.0025355 secs] [Times: user=0.01 sys=0.00, real=0.01 secs] 
2020-10-29T13:18:06.803+0000: [GC (Allocation Failure) 2020-10-29T13:18:06.804+0000: [ParNew: 16388K->4K(18432K), 0.0024006 secs] 285459K->269075K(410016K), 0.0024596 secs] [Times: user=0.00 sys=0.00, real=0.00 secs] 
2020-10-29T13:18:06.821+0000: [GC (Allocation Failure) 2020-10-29T13:18:06.821+0000: [ParNew: 16388K->4K(18432K), 0.0020461 secs] 285459K->269075K(410016K), 0.0020976 secs] [Times: user=0.01 sys=0.00, real=0.00 secs] 
2020-10-29T13:18:06.842+0000: [GC (Allocation Failure) 2020-10-29T13:18:06.842+0000: [ParNew: 16388K->4K(18432K), 0.0025544 secs] 285459K->269075K(410016K), 0.0026175 secs] [Times: user=0.00 sys=0.00, real=0.00 secs] 
2020-10-29T13:18:06.861+0000: [GC (Allocation Failure) 2020-10-29T13:18:06.861+0000: [ParNew: 16388K->4K(18432K), 0.0027119 secs] 285459K->269075K(410016K), 0.0027971 secs] [Times: user=0.01 sys=0.00, real=0.00 secs] 
2020-10-29T13:18:06.880+0000: [GC (Allocation Failure) 2020-10-29T13:18:06.880+0000: [ParNew: 16388K->4K(18432K), 0.0026457 secs] 285459K->269075K(410016K), 0.0027330 secs] [Times: user=0.01 sys=0.00, real=0.00 secs] 
2020-10-29T13:18:06.903+0000: [GC (Allocation Failure) 2020-10-29T13:18:06.903+0000: [ParNew: 16388K->4K(18432K), 0.0025000 secs] 285459K->269075K(410016K), 0.0025672 secs] [Times: user=0.00 sys=0.00, real=0.00 secs] 
2020-10-29T13:18:06.923+0000: [GC (Allocation Failure) 2020-10-29T13:18:06.923+0000: [ParNew: 16388K->4K(18432K), 0.0024944 secs] 285459K->269075K(410016K), 0.0025589 secs] [Times: user=0.00 sys=0.01, real=0.00 secs] 
2020-10-29T13:18:06.943+0000: [GC (Allocation Failure) 2020-10-29T13:18:06.943+0000: [ParNew: 16388K->4K(18432K), 0.0024961 secs] 285459K->269075K(410016K), 0.0025583 secs] [Times: user=0.00 sys=0.00, real=0.00 secs] 
2020-10-29T13:18:06.961+0000: [GC (Allocation Failure) 2020-10-29T13:18:06.961+0000: [ParNew: 16388K->4K(18432K), 0.0025034 secs] 285459K->269075K(410016K), 0.0025677 secs] [Times: user=0.01 sys=0.00, real=0.00 secs] 
2020-10-29T13:18:06.982+0000: [GC (Allocation Failure) 2020-10-29T13:18:06.982+0000: [ParNew: 16388K->4K(18432K), 0.0025419 secs] 285459K->269075K(410016K), 0.0026065 secs] [Times: user=0.00 sys=0.00, real=0.00 secs] 
2020-10-29T13:18:07.000+0000: [GC (Allocation Failure) 2020-10-29T13:18:07.000+0000: [ParNew: 16388K->4K(18432K), 0.0024907 secs] 285459K->269075K(410016K), 0.0025514 secs] [Times: user=0.01 sys=0.00, real=0.00 secs] 
2020-10-29T13:18:07.019+0000: [GC (Allocation Failure) 2020-10-29T13:18:07.019+0000: [ParNew: 16388K->4K(18432K), 0.0024495 secs] 285459K->269075K(410016K), 0.0025076 secs] [Times: user=0.00 sys=0.00, real=0.00 secs] 
2020-10-29T13:18:07.043+0000: [GC (Allocation Failure) 2020-10-29T13:18:07.043+0000: [ParNew: 16388K->4K(18432K), 0.0029509 secs] 285459K->269075K(410016K), 0.0030147 secs] [Times: user=0.01 sys=0.00, real=0.00 secs] 
2020-10-29T13:18:07.067+0000: [GC (Allocation Failure) 2020-10-29T13:18:07.067+0000: [ParNew: 16388K->4K(18432K), 0.0025793 secs] 285459K->269075K(410016K), 0.0026691 secs] [Times: user=0.00 sys=0.00, real=0.00 secs] 
2020-10-29T13:18:07.089+0000: [GC (Allocation Failure) 2020-10-29T13:18:07.089+0000: [ParNew: 16388K->4K(18432K), 0.0025822 secs] 285459K->269075K(410016K), 0.0026507 secs] [Times: user=0.01 sys=0.00, real=0.00 secs] 
2020-10-29T13:18:07.111+0000: [GC (Allocation Failure) 2020-10-29T13:18:07.111+0000: [ParNew: 16388K->6K(18432K), 0.0025974 secs] 285459K->269077K(410016K), 0.0026813 secs] [Times: user=0.00 sys=0.01, real=0.00 secs] 
2020-10-29T13:18:07.129+0000: [GC (Allocation Failure) 2020-10-29T13:18:07.129+0000: [ParNew: 16390K->4K(18432K), 0.0026600 secs] 285461K->269075K(410016K), 0.0027277 secs] [Times: user=0.01 sys=0.00, real=0.00 secs] 
2020-10-29T13:18:07.146+0000: [GC (Allocation Failure) 2020-10-29T13:18:07.147+0000: [ParNew: 16388K->4K(18432K), 0.0025985 secs] 285459K->269075K(410016K), 0.0026657 secs] [Times: user=0.00 sys=0.00, real=0.01 secs] 
2020-10-29T13:18:07.164+0000: [GC (Allocation Failure) 2020-10-29T13:18:07.164+0000: [ParNew: 16388K->4K(18432K), 0.0025501 secs] 285459K->269075K(410016K), 0.0026168 secs] [Times: user=0.00 sys=0.00, real=0.01 secs] 
2020-10-29T13:18:07.182+0000: [GC (Allocation Failure) 2020-10-29T13:18:07.182+0000: [ParNew: 16388K->4K(18432K), 0.0025510 secs] 285459K->269075K(410016K), 0.0026177 secs] [Times: user=0.01 sys=0.00, real=0.00 secs] 
2020-10-29T13:18:07.200+0000: [GC (Allocation Failure) 2020-10-29T13:18:07.200+0000: [ParNew: 16388K->4K(18432K), 0.0026165 secs] 285459K->269075K(410016K), 0.0026839 secs] [Times: user=0.00 sys=0.00, real=0.00 secs] 
2020-10-29T13:18:07.218+0000: [GC (Allocation Failure) 2020-10-29T13:18:07.218+0000: [ParNew: 16388K->4K(18432K), 0.0025296 secs] 285459K->269075K(410016K), 0.0025942 secs] [Times: user=0.01 sys=0.00, real=0.00 secs] 
2020-10-29T13:18:07.242+0000: [GC (Allocation Failure) 2020-10-29T13:18:07.242+0000: [ParNew: 16388K->4K(18432K), 0.0025312 secs] 285459K->269075K(410016K), 0.0025990 secs] [Times: user=0.00 sys=0.00, real=0.00 secs] 
2020-10-29T13:18:07.263+0000: [GC (Allocation Failure) 2020-10-29T13:18:07.263+0000: [ParNew: 16388K->4K(18432K), 0.0025337 secs] 285459K->269075K(410016K), 0.0026016 secs] [Times: user=0.00 sys=0.00, real=0.00 secs] 
2020-10-29T13:18:07.281+0000: [GC (Allocation Failure) 2020-10-29T13:18:07.281+0000: [ParNew: 16388K->4K(18432K), 0.0025204 secs] 285459K->269075K(410016K), 0.0025865 secs] [Times: user=0.00 sys=0.00, real=0.00 secs] 
2020-10-29T13:18:07.299+0000: [GC (Allocation Failure) 2020-10-29T13:18:07.299+0000: [ParNew: 16388K->4K(18432K), 0.0025835 secs] 285459K->269075K(410016K), 0.0026736 secs] [Times: user=0.01 sys=0.00, real=0.00 secs] 
2020-10-29T13:18:07.319+0000: [GC (Allocation Failure) 2020-10-29T13:18:07.319+0000: [ParNew: 16388K->4K(18432K), 0.0025194 secs] 285459K->269075K(410016K), 0.0025834 secs] [Times: user=0.01 sys=0.00, real=0.00 secs] 
2020-10-29T13:18:07.337+0000: [GC (Allocation Failure) 2020-10-29T13:18:07.337+0000: [ParNew: 16388K->4K(18432K), 0.0025270 secs] 285459K->269075K(410016K), 0.0025913 secs] [Times: user=0.00 sys=0.00, real=0.00 secs] 
2020-10-29T13:18:07.356+0000: [GC (Allocation Failure) 2020-10-29T13:18:07.356+0000: [ParNew: 16388K->4K(18432K), 0.0025312 secs] 285459K->269075K(410016K), 0.0025962 secs] [Times: user=0.01 sys=0.00, real=0.00 secs] 
2020-10-29T13:18:07.375+0000: [GC (Allocation Failure) 2020-10-29T13:18:07.375+0000: [ParNew: 16388K->4K(18432K), 0.0025048 secs] 285459K->269075K(410016K), 0.0025708 secs] [Times: user=0.01 sys=0.00, real=0.00 secs] 
2020-10-29T13:18:07.393+0000: [GC (Allocation Failure) 2020-10-29T13:18:07.393+0000: [ParNew: 16388K->4K(18432K), 0.0025019 secs] 285459K->269075K(410016K), 0.0025651 secs] [Times: user=0.00 sys=0.00, real=0.01 secs] 
2020-10-29T13:18:07.411+0000: [GC (Allocation Failure) 2020-10-29T13:18:07.412+0000: [ParNew: 16388K->4K(18432K), 0.0024587 secs] 285459K->269075K(410016K), 0.0025225 secs] [Times: user=0.01 sys=0.00, real=0.00 secs] 
2020-10-29T13:18:07.429+0000: [GC (Allocation Failure) 2020-10-29T13:18:07.429+0000: [ParNew: 16388K->4K(18432K), 0.0024920 secs] 285459K->269075K(410016K), 0.0025530 secs] [Times: user=0.01 sys=0.00, real=0.00 secs] 
2020-10-29T13:18:07.451+0000: [GC (Allocation Failure) 2020-10-29T13:18:07.451+0000: [ParNew: 16388K->4K(18432K), 0.0026574 secs] 285459K->269075K(410016K), 0.0027238 secs] [Times: user=0.01 sys=0.00, real=0.00 secs] 
2020-10-29T13:18:07.471+0000: [GC (Allocation Failure) 2020-10-29T13:18:07.471+0000: [ParNew: 16388K->4K(18432K), 0.0025680 secs] 285459K->269075K(410016K), 0.0026335 secs] [Times: user=0.00 sys=0.00, real=0.00 secs] 
2020-10-29T13:18:07.491+0000: [GC (Allocation Failure) 2020-10-29T13:18:07.491+0000: [ParNew: 16388K->4K(18432K), 0.0026059 secs] 285459K->269075K(410016K), 0.0026738 secs] [Times: user=0.01 sys=0.00, real=0.00 secs] 
2020-10-29T13:18:07.511+0000: [GC (Allocation Failure) 2020-10-29T13:18:07.511+0000: [ParNew: 16388K->4K(18432K), 0.0025836 secs] 285459K->269075K(410016K), 0.0026541 secs] [Times: user=0.01 sys=0.00, real=0.00 secs] 
2020-10-29T13:18:07.531+0000: [GC (Allocation Failure) 2020-10-29T13:18:07.531+0000: [ParNew: 16388K->4K(18432K), 0.0025598 secs] 285459K->269075K(410016K), 0.0026335 secs] [Times: user=0.00 sys=0.00, real=0.00 secs] 
2020-10-29T13:18:07.552+0000: [GC (Allocation Failure) 2020-10-29T13:18:07.552+0000: [ParNew: 16388K->4K(18432K), 0.0025451 secs] 285459K->269075K(410016K), 0.0026078 secs] [Times: user=0.00 sys=0.01, real=0.01 secs] 
2020-10-29T13:18:07.574+0000: [GC (Allocation Failure) 2020-10-29T13:18:07.574+0000: [ParNew: 16388K->4K(18432K), 0.0024797 secs] 285459K->269075K(410016K), 0.0025443 secs] [Times: user=0.01 sys=0.00, real=0.01 secs] 
2020-10-29T13:18:07.594+0000: [GC (Allocation Failure) 2020-10-29T13:18:07.594+0000: [ParNew: 16388K->4K(18432K), 0.0025011 secs] 285459K->269075K(410016K), 0.0025660 secs] [Times: user=0.00 sys=0.00, real=0.01 secs] 
2020-10-29T13:18:07.612+0000: [GC (Allocation Failure) 2020-10-29T13:18:07.612+0000: [ParNew: 16388K->4K(18432K), 0.0024879 secs] 285459K->269075K(410016K), 0.0025520 secs] [Times: user=0.01 sys=0.00, real=0.00 secs] 
2020-10-29T13:18:07.629+0000: [GC (Allocation Failure) 2020-10-29T13:18:07.629+0000: [ParNew: 16388K->4K(18432K), 0.0025335 secs] 285459K->269075K(410016K), 0.0025951 secs] [Times: user=0.00 sys=0.00, real=0.00 secs] 
2020-10-29T13:18:07.647+0000: [GC (Allocation Failure) 2020-10-29T13:18:07.647+0000: [ParNew: 16388K->4K(18432K), 0.0024854 secs] 285459K->269075K(410016K), 0.0025480 secs] [Times: user=0.01 sys=0.00, real=0.00 secs] 
2020-10-29T13:18:07.667+0000: [GC (Allocation Failure) 2020-10-29T13:18:07.667+0000: [ParNew: 16388K->4K(18432K), 0.0024790 secs] 285459K->269075K(410016K), 0.0025443 secs] [Times: user=0.00 sys=0.00, real=0.00 secs] 
2020-10-29T13:18:07.687+0000: [GC (Allocation Failure) 2020-10-29T13:18:07.687+0000: [ParNew: 16388K->4K(18432K), 0.0025141 secs] 285459K->269075K(410016K), 0.0025782 secs] [Times: user=0.00 sys=0.00, real=0.00 secs] 
2020-10-29T13:18:07.705+0000: [GC (Allocation Failure) 2020-10-29T13:18:07.705+0000: [ParNew: 16388K->4K(18432K), 0.0024905 secs] 285459K->269075K(410016K), 0.0025518 secs] [Times: user=0.00 sys=0.00, real=0.01 secs] 
2020-10-29T13:18:07.722+0000: [GC (Allocation Failure) 2020-10-29T13:18:07.722+0000: [ParNew: 16388K->4K(18432K), 0.0023389 secs] 285459K->269075K(410016K), 0.0023930 secs] [Times: user=0.00 sys=0.00, real=0.00 secs] 
2020-10-29T13:18:07.740+0000: [GC (Allocation Failure) 2020-10-29T13:18:07.740+0000: [ParNew: 16388K->4K(18432K), 0.0025534 secs] 285459K->269075K(410016K), 0.0026122 secs] [Times: user=0.01 sys=0.00, real=0.00 secs] 
2020-10-29T13:18:07.760+0000: [GC (Allocation Failure) 2020-10-29T13:18:07.760+0000: [ParNew: 16388K->4K(18432K), 0.0029238 secs] 285459K->269075K(410016K), 0.0029882 secs] [Times: user=0.01 sys=0.00, real=0.00 secs] 
2020-10-29T13:18:07.783+0000: [GC (Allocation Failure) 2020-10-29T13:18:07.783+0000: [ParNew: 16388K->4K(18432K), 0.0024633 secs] 285459K->269075K(410016K), 0.0025225 secs] [Times: user=0.01 sys=0.00, real=0.00 secs] 
2020-10-29T13:18:07.803+0000: [GC (Allocation Failure) 2020-10-29T13:18:07.803+0000: [ParNew: 16388K->4K(18432K), 0.0025318 secs] 285459K->269075K(410016K), 0.0025938 secs] [Times: user=0.00 sys=0.00, real=0.00 secs] 
2020-10-29T13:18:07.829+0000: [GC (Allocation Failure) 2020-10-29T13:18:07.829+0000: [ParNew: 16388K->4K(18432K), 0.0025275 secs] 301843K->285459K(410016K), 0.0025954 secs] [Times: user=0.00 sys=0.00, real=0.00 secs] 
2020-10-29T13:18:07.832+0000: [GC (CMS Initial Mark) [1 CMS-initial-mark: 285455K(391584K)] 285676K(410016K), 0.0015187 secs] [Times: user=0.00 sys=0.00, real=0.00 secs] 
2020-10-29T13:18:07.834+0000: [CMS-concurrent-mark-start]
2020-10-29T13:18:07.855+0000: [GC (Allocation Failure) 2020-10-29T13:18:07.855+0000: [ParNew: 16388K->4K(18432K), 0.0024500 secs] 301843K->285459K(410016K), 0.0025182 secs] [Times: user=0.00 sys=0.00, real=0.00 secs] 
2020-10-29T13:18:07.878+0000: [GC (Allocation Failure) 2020-10-29T13:18:07.878+0000: [ParNew: 16388K->4K(18432K), 0.0023286 secs] 301843K->285459K(410016K), 0.0023941 secs] [Times: user=0.00 sys=0.00, real=0.00 secs] 
2020-10-29T13:18:07.899+0000: [GC (Allocation Failure) 2020-10-29T13:18:07.899+0000: [ParNew: 16388K->4K(18432K), 0.0022890 secs] 301843K->285459K(410016K), 0.0023468 secs] [Times: user=0.00 sys=0.00, real=0.00 secs] 
2020-10-29T13:18:07.923+0000: [GC (Allocation Failure) 2020-10-29T13:18:07.923+0000: [ParNew: 16388K->4K(18432K), 0.0024257 secs] 301843K->285459K(410016K), 0.0024881 secs] [Times: user=0.00 sys=0.00, real=0.00 secs] 
2020-10-29T13:18:07.951+0000: [GC (Allocation Failure) 2020-10-29T13:18:07.951+0000: [ParNew: 16388K->4K(18432K), 0.0024650 secs] 301843K->285459K(410016K), 0.0025332 secs] [Times: user=0.01 sys=0.00, real=0.00 secs] 
2020-10-29T13:18:07.973+0000: [CMS-concurrent-mark: 0.100/0.140 secs] [Times: user=0.26 sys=0.01, real=0.14 secs] 
2020-10-29T13:18:07.974+0000: [CMS-concurrent-preclean-start]
2020-10-29T13:18:07.976+0000: [CMS-concurrent-preclean: 0.003/0.003 secs] [Times: user=0.01 sys=0.00, real=0.01 secs] 
2020-10-29T13:18:07.976+0000: [CMS-concurrent-abortable-preclean-start]
2020-10-29T13:18:07.978+0000: [GC (Allocation Failure) 2020-10-29T13:18:07.978+0000: [ParNew: 16388K->4K(18432K), 0.0018399 secs] 301843K->285459K(410016K), 0.0018828 secs] [Times: user=0.00 sys=0.00, real=0.00 secs] 
2020-10-29T13:18:08.001+0000: [GC (Allocation Failure) 2020-10-29T13:18:08.001+0000: [ParNew: 16388K->4K(18432K), 0.0025218 secs] 301843K->285460K(410016K), 0.0025870 secs] [Times: user=0.01 sys=0.00, real=0.00 secs] 
2020-10-29T13:18:08.023+0000: [GC (Allocation Failure) 2020-10-29T13:18:08.023+0000: [ParNew: 16388K->4K(18432K), 0.0022335 secs] 301844K->285460K(410016K), 0.0022957 secs] [Times: user=0.01 sys=0.00, real=0.00 secs] 
2020-10-29T13:18:08.045+0000: [GC (Allocation Failure) 2020-10-29T13:18:08.045+0000: [ParNew: 16388K->4K(18432K), 0.0023933 secs] 301844K->285460K(410016K), 0.0024581 secs] [Times: user=0.01 sys=0.00, real=0.01 secs] 
2020-10-29T13:18:08.065+0000: [GC (Allocation Failure) 2020-10-29T13:18:08.065+0000: [ParNew: 16388K->4K(18432K), 0.0026380 secs] 301844K->285460K(410016K), 0.0027237 secs] [Times: user=0.01 sys=0.00, real=0.01 secs] 
2020-10-29T13:18:08.083+0000: [GC (Allocation Failure) 2020-10-29T13:18:08.083+0000: [ParNew: 16388K->4K(18432K), 0.0024982 secs] 301844K->285460K(410016K), 0.0025658 secs] [Times: user=0.00 sys=0.00, real=0.00 secs] 
2020-10-29T13:18:08.101+0000: [GC (Allocation Failure) 2020-10-29T13:18:08.101+0000: [ParNew: 16388K->4K(18432K), 0.0025276 secs] 301844K->285460K(410016K), 0.0025944 secs] [Times: user=0.00 sys=0.00, real=0.00 secs] 
2020-10-29T13:18:08.123+0000: [GC (Allocation Failure) 2020-10-29T13:18:08.123+0000: [ParNew: 16388K->4K(18432K), 0.0025042 secs] 301844K->285460K(410016K), 0.0025726 secs] [Times: user=0.00 sys=0.00, real=0.00 secs] 
2020-10-29T13:18:08.143+0000: [GC (Allocation Failure) 2020-10-29T13:18:08.143+0000: [ParNew: 16388K->4K(18432K), 0.0026323 secs] 301844K->285460K(410016K), 0.0027022 secs] [Times: user=0.00 sys=0.00, real=0.00 secs] 
2020-10-29T13:18:08.161+0000: [GC (Allocation Failure) 2020-10-29T13:18:08.161+0000: [ParNew: 16388K->4K(18432K), 0.0025153 secs] 301844K->285460K(410016K), 0.0025814 secs] [Times: user=0.00 sys=0.00, real=0.00 secs] 
2020-10-29T13:18:08.182+0000: [GC (Allocation Failure) 2020-10-29T13:18:08.182+0000: [ParNew: 16388K->4K(18432K), 0.0025619 secs] 301844K->285460K(410016K), 0.0026312 secs] [Times: user=0.00 sys=0.00, real=0.00 secs] 
2020-10-29T13:18:08.203+0000: [GC (Allocation Failure) 2020-10-29T13:18:08.203+0000: [ParNew: 16388K->4K(18432K), 0.0025541 secs] 301844K->285460K(410016K), 0.0026432 secs] [Times: user=0.01 sys=0.00, real=0.00 secs] 
2020-10-29T13:18:08.223+0000: [GC (Allocation Failure) 2020-10-29T13:18:08.223+0000: [ParNew: 16388K->4K(18432K), 0.0025229 secs] 301844K->285460K(410016K), 0.0025894 secs] [Times: user=0.00 sys=0.00, real=0.00 secs] 
2020-10-29T13:18:08.243+0000: [GC (Allocation Failure) 2020-10-29T13:18:08.243+0000: [ParNew: 16388K->4K(18432K), 0.0025540 secs] 301844K->285460K(410016K), 0.0026213 secs] [Times: user=0.01 sys=0.00, real=0.00 secs] 
2020-10-29T13:18:08.261+0000: [GC (Allocation Failure) 2020-10-29T13:18:08.261+0000: [ParNew: 16388K->4K(18432K), 0.0025252 secs] 301844K->285460K(410016K), 0.0025928 secs] [Times: user=0.00 sys=0.00, real=0.00 secs] 
2020-10-29T13:18:08.280+0000: [GC (Allocation Failure) 2020-10-29T13:18:08.280+0000: [ParNew: 16388K->4K(18432K), 0.0025224 secs] 301844K->285460K(410016K), 0.0025891 secs] [Times: user=0.01 sys=0.00, real=0.00 secs] 
2020-10-29T13:18:08.298+0000: [GC (Allocation Failure) 2020-10-29T13:18:08.298+0000: [ParNew: 16388K->4K(18432K), 0.0024498 secs] 301844K->285460K(410016K), 0.0025146 secs] [Times: user=0.01 sys=0.00, real=0.00 secs] 
2020-10-29T13:18:08.317+0000: [GC (Allocation Failure) 2020-10-29T13:18:08.317+0000: [ParNew: 16388K->4K(18432K), 0.0026406 secs] 301844K->285460K(410016K), 0.0027100 secs] [Times: user=0.01 sys=0.00, real=0.00 secs] 
2020-10-29T13:18:08.335+0000: [GC (Allocation Failure) 2020-10-29T13:18:08.335+0000: [ParNew: 16388K->4K(18432K), 0.0024769 secs] 301844K->285460K(410016K), 0.0025431 secs] [Times: user=0.00 sys=0.00, real=0.00 secs] 
2020-10-29T13:18:08.352+0000: [GC (Allocation Failure) 2020-10-29T13:18:08.352+0000: [ParNew: 14064K->4K(18432K), 0.0024385 secs] 299520K->285460K(410016K), 0.0025055 secs] [Times: user=0.00 sys=0.00, real=0.00 secs] 
2020-10-29T13:18:08.364+0000: [GC (Allocation Failure) 2020-10-29T13:18:08.364+0000: [ParNew: 16388K->4K(18432K), 0.0084537 secs] 301844K->293652K(410016K), 0.0085197 secs] [Times: user=0.01 sys=0.01, real=0.01 secs] 
2020-10-29T13:18:08.372+0000: [CMS-concurrent-abortable-preclean: 0.022/0.396 secs] [Times: user=0.70 sys=0.04, real=0.39 secs] 
2020-10-29T13:18:08.373+0000: [GC (CMS Final Remark) [YG occupancy: 154 K (18432 K)]2020-10-29T13:18:08.373+0000: [Rescan (parallel) , 0.0015784 secs]2020-10-29T13:18:08.374+0000: [weak refs processing, 0.0000640 secs]2020-10-29T13:18:08.374+0000: [class unloading, 0.0101962 secs]2020-10-29T13:18:08.385+0000: [scrub symbol table, 0.0111682 secs]2020-10-29T13:18:08.396+0000: [scrub string table, 0.0007335 secs][1 CMS-remark: 293648K(391584K)] 293802K(410016K), 0.0238797 secs] [Times: user=0.02 sys=0.00, real=0.03 secs] 
2020-10-29T13:18:08.397+0000: [CMS-concurrent-sweep-start]
2020-10-29T13:18:08.410+0000: [CMS-concurrent-sweep: 0.013/0.013 secs] [Times: user=0.03 sys=0.00, real=0.01 secs] 
2020-10-29T13:18:08.410+0000: [CMS-concurrent-reset-start]
2020-10-29T13:18:08.412+0000: [CMS-concurrent-reset: 0.002/0.002 secs] [Times: user=0.00 sys=0.00, real=0.00 secs] 
2020-10-29T13:18:08.421+0000: [GC (Allocation Failure) 2020-10-29T13:18:08.421+0000: [ParNew: 16388K->4K(18432K), 0.0027021 secs] 260995K->244611K(426112K), 0.0027536 secs] [Times: user=0.00 sys=0.00, real=0.00 secs] 
2020-10-29T13:18:08.439+0000: [GC (Allocation Failure) 2020-10-29T13:18:08.439+0000: [ParNew: 16388K->4K(18432K), 0.0025957 secs] 260995K->244611K(426112K), 0.0026613 secs] [Times: user=0.01 sys=0.00, real=0.00 secs] 
2020-10-29T13:18:08.459+0000: [GC (Allocation Failure) 2020-10-29T13:18:08.459+0000: [ParNew: 16388K->4K(18432K), 0.0027259 secs] 260995K->244611K(426112K), 0.0027933 secs] [Times: user=0.01 sys=0.00, real=0.00 secs] 
2020-10-29T13:18:08.478+0000: [GC (Allocation Failure) 2020-10-29T13:18:08.478+0000: [ParNew: 16388K->4K(18432K), 0.0026281 secs] 260995K->244611K(426112K), 0.0026963 secs] [Times: user=0.00 sys=0.00, real=0.00 secs] 
2020-10-29T13:18:08.490+0000: [GC (Allocation Failure) 2020-10-29T13:18:08.490+0000: [ParNew: 16388K->4K(18432K), 0.0043130 secs] 260995K->252803K(426112K), 0.0043793 secs] [Times: user=0.01 sys=0.00, real=0.00 secs] 
2020-10-29T13:18:08.495+0000: [GC (CMS Initial Mark) [1 CMS-initial-mark: 252799K(407680K)] 252947K(426112K), 0.0016969 secs] [Times: user=0.00 sys=0.00, real=0.00 secs] 
2020-10-29T13:18:08.497+0000: [CMS-concurrent-mark-start]
2020-10-29T13:18:08.517+0000: [GC (Allocation Failure) 2020-10-29T13:18:08.517+0000: [ParNew: 16388K->4K(18432K), 0.0024278 secs] 269187K->252803K(426112K), 0.0025095 secs] [Times: user=0.01 sys=0.00, real=0.00 secs] 
2020-10-29T13:18:08.555+0000: [GC (Allocation Failure) 2020-10-29T13:18:08.555+0000: [ParNew: 16388K->4K(18432K), 0.0025345 secs] 269187K->252803K(426112K), 0.0026022 secs] [Times: user=0.00 sys=0.00, real=0.00 secs] 
2020-10-29T13:18:08.578+0000: [GC (Allocation Failure) 2020-10-29T13:18:08.578+0000: [ParNew: 16388K->4K(18432K), 0.0025140 secs] 269187K->252803K(426112K), 0.0025810 secs] [Times: user=0.01 sys=0.00, real=0.00 secs] 
2020-10-29T13:18:08.585+0000: [CMS-concurrent-mark: 0.071/0.088 secs] [Times: user=0.16 sys=0.01, real=0.08 secs] 
2020-10-29T13:18:08.585+0000: [CMS-concurrent-preclean-start]
2020-10-29T13:18:08.595+0000: [CMS-concurrent-preclean: 0.011/0.011 secs] [Times: user=0.02 sys=0.00, real=0.02 secs] 
2020-10-29T13:18:08.595+0000: [CMS-concurrent-abortable-preclean-start]
2020-10-29T13:18:08.603+0000: [GC (Allocation Failure) 2020-10-29T13:18:08.603+0000: [ParNew: 16388K->4K(18432K), 0.0027189 secs] 269187K->252803K(426112K), 0.0027909 secs] [Times: user=0.00 sys=0.00, real=0.00 secs] 
2020-10-29T13:18:08.627+0000: [GC (Allocation Failure) 2020-10-29T13:18:08.627+0000: [ParNew: 16388K->4K(18432K), 0.0025383 secs] 269187K->252803K(426112K), 0.0026069 secs] [Times: user=0.01 sys=0.00, real=0.00 secs] 
2020-10-29T13:18:08.645+0000: [GC (Allocation Failure) 2020-10-29T13:18:08.645+0000: [ParNew: 16388K->4K(18432K), 0.0025593 secs] 269187K->252803K(426112K), 0.0026284 secs] [Times: user=0.00 sys=0.00, real=0.01 secs] 
2020-10-29T13:18:08.665+0000: [GC (Allocation Failure) 2020-10-29T13:18:08.665+0000: [ParNew: 16388K->4K(18432K), 0.0025563 secs] 269187K->252803K(426112K), 0.0026244 secs] [Times: user=0.00 sys=0.00, real=0.01 secs] 
2020-10-29T13:18:08.684+0000: [GC (Allocation Failure) 2020-10-29T13:18:08.684+0000: [ParNew: 16388K->4K(18432K), 0.0025613 secs] 269187K->252803K(426112K), 0.0026464 secs] [Times: user=0.01 sys=0.00, real=0.00 secs] 
2020-10-29T13:18:08.702+0000: [GC (Allocation Failure) 2020-10-29T13:18:08.702+0000: [ParNew: 16388K->4K(18432K), 0.0025431 secs] 269187K->252803K(426112K), 0.0026089 secs] [Times: user=0.00 sys=0.00, real=0.00 secs] 
2020-10-29T13:18:08.721+0000: [GC (Allocation Failure) 2020-10-29T13:18:08.721+0000: [ParNew: 16388K->4K(18432K), 0.0025602 secs] 269187K->252803K(426112K), 0.0026257 secs] [Times: user=0.01 sys=0.00, real=0.00 secs] 
2020-10-29T13:18:08.743+0000: [GC (Allocation Failure) 2020-10-29T13:18:08.743+0000: [ParNew: 16388K->4K(18432K), 0.0023339 secs] 269187K->252803K(426112K), 0.0023956 secs] [Times: user=0.01 sys=0.00, real=0.00 secs] 
2020-10-29T13:18:08.763+0000: [GC (Allocation Failure) 2020-10-29T13:18:08.763+0000: [ParNew: 16388K->4K(18432K), 0.0024748 secs] 269187K->252803K(426112K), 0.0025400 secs] [Times: user=0.00 sys=0.00, real=0.00 secs] 
2020-10-29T13:18:08.783+0000: [GC (Allocation Failure) 2020-10-29T13:18:08.783+0000: [ParNew: 16388K->4K(18432K), 0.0023740 secs] 269187K->252803K(426112K), 0.0024365 secs] [Times: user=0.00 sys=0.00, real=0.00 secs] 
2020-10-29T13:18:08.801+0000: [GC (Allocation Failure) 2020-10-29T13:18:08.801+0000: [ParNew: 16388K->4K(18432K), 0.0026275 secs] 269187K->252803K(426112K), 0.0026942 secs] [Times: user=0.00 sys=0.00, real=0.00 secs] 
2020-10-29T13:18:08.823+0000: [GC (Allocation Failure) 2020-10-29T13:18:08.823+0000: [ParNew: 16388K->4K(18432K), 0.0025183 secs] 269187K->252803K(426112K), 0.0025838 secs] [Times: user=0.00 sys=0.00, real=0.00 secs] 
2020-10-29T13:18:08.841+0000: [GC (Allocation Failure) 2020-10-29T13:18:08.841+0000: [ParNew: 16388K->4K(18432K), 0.0024391 secs] 269187K->252803K(426112K), 0.0025008 secs] [Times: user=0.01 sys=0.00, real=0.00 secs] 
2020-10-29T13:18:08.862+0000: [GC (Allocation Failure) 2020-10-29T13:18:08.862+0000: [ParNew: 16388K->4K(18432K), 0.0029163 secs] 269187K->252803K(426112K), 0.0029857 secs] [Times: user=0.01 sys=0.00, real=0.00 secs] 
2020-10-29T13:18:08.881+0000: [GC (Allocation Failure) 2020-10-29T13:18:08.881+0000: [ParNew: 16388K->4K(18432K), 0.0025528 secs] 269187K->252803K(426112K), 0.0026176 secs] [Times: user=0.00 sys=0.00, real=0.00 secs] 
2020-10-29T13:18:08.898+0000: [GC (Allocation Failure) 2020-10-29T13:18:08.898+0000: [ParNew: 14278K->4K(18432K), 0.0025414 secs] 267077K->252803K(426112K), 0.0026073 secs] [Times: user=0.01 sys=0.00, real=0.00 secs] 
2020-10-29T13:18:08.910+0000: [GC (Allocation Failure) 2020-10-29T13:18:08.910+0000: [ParNew: 16388K->4K(18432K), 0.0043085 secs] 269187K->260995K(426112K), 0.0044048 secs] [Times: user=0.01 sys=0.00, real=0.00 secs] 
2020-10-29T13:18:08.914+0000: [CMS-concurrent-abortable-preclean: 0.020/0.319 secs] [Times: user=0.58 sys=0.01, real=0.31 secs] 
2020-10-29T13:18:08.915+0000: [GC (CMS Final Remark) [YG occupancy: 331 K (18432 K)]2020-10-29T13:18:08.915+0000: [Rescan (parallel) , 0.0018788 secs]2020-10-29T13:18:08.917+0000: [weak refs processing, 0.0000285 secs]2020-10-29T13:18:08.917+0000: [class unloading, 0.0101947 secs]2020-10-29T13:18:08.927+0000: [scrub symbol table, 0.0117570 secs]2020-10-29T13:18:08.939+0000: [scrub string table, 0.0007349 secs][1 CMS-remark: 260991K(407680K)] 261322K(426112K), 0.0247423 secs] [Times: user=0.03 sys=0.00, real=0.02 secs] 
2020-10-29T13:18:08.940+0000: [CMS-concurrent-sweep-start]
2020-10-29T13:18:08.959+0000: [CMS-concurrent-sweep: 0.019/0.019 secs] [Times: user=0.04 sys=0.00, real=0.02 secs] 
2020-10-29T13:18:08.959+0000: [CMS-concurrent-reset-start]
2020-10-29T13:18:08.961+0000: [CMS-concurrent-reset: 0.002/0.002 secs] [Times: user=0.00 sys=0.00, real=0.00 secs] 
2020-10-29T13:18:08.963+0000: [GC (Allocation Failure) 2020-10-29T13:18:08.963+0000: [ParNew: 16388K->4K(18432K), 0.0026779 secs] 277331K->260947K(453340K), 0.0027228 secs] [Times: user=0.01 sys=0.00, real=0.00 secs] 
2020-10-29T13:18:08.983+0000: [GC (Allocation Failure) 2020-10-29T13:18:08.983+0000: [ParNew: 16388K->4K(18432K), 0.0026114 secs] 277331K->260947K(453340K), 0.0026759 secs] [Times: user=0.00 sys=0.00, real=0.00 secs] 
2020-10-29T13:18:09.001+0000: [GC (Allocation Failure) 2020-10-29T13:18:09.001+0000: [ParNew: 16388K->4K(18432K), 0.0025872 secs] 277331K->260947K(453340K), 0.0026536 secs] [Times: user=0.01 sys=0.00, real=0.00 secs] 
2020-10-29T13:18:09.022+0000: [GC (Allocation Failure) 2020-10-29T13:18:09.022+0000: [ParNew: 16388K->4K(18432K), 0.0026137 secs] 277331K->260947K(453340K), 0.0026785 secs] [Times: user=0.00 sys=0.00, real=0.00 secs] 
2020-10-29T13:18:09.040+0000: [GC (Allocation Failure) 2020-10-29T13:18:09.040+0000: [ParNew: 16388K->4K(18432K), 0.0026303 secs] 277331K->260947K(453340K), 0.0026943 secs] [Times: user=0.00 sys=0.00, real=0.00 secs] 
2020-10-29T13:18:09.058+0000: [GC (Allocation Failure) 2020-10-29T13:18:09.058+0000: [ParNew: 16388K->4K(18432K), 0.0026493 secs] 277331K->260947K(453340K), 0.0027182 secs] [Times: user=0.00 sys=0.00, real=0.00 secs] 
2020-10-29T13:18:09.077+0000: [GC (Allocation Failure) 2020-10-29T13:18:09.077+0000: [ParNew: 16216K->4K(18432K), 0.0025892 secs] 277159K->260947K(453340K), 0.0026541 secs] [Times: user=0.01 sys=0.00, real=0.00 secs] 
2020-10-29T13:18:09.088+0000: [GC (Allocation Failure) 2020-10-29T13:18:09.088+0000: [ParNew: 16388K->4K(18432K), 0.0044286 secs] 277331K->269139K(453340K), 0.0045029 secs] [Times: user=0.01 sys=0.00, real=0.00 secs] 
2020-10-29T13:18:09.095+0000: [GC (CMS Initial Mark) [1 CMS-initial-mark: 269135K(434908K)] 269324K(453340K), 0.0017709 secs] [Times: user=0.00 sys=0.00, real=0.00 secs] 
2020-10-29T13:18:09.097+0000: [CMS-concurrent-mark-start]
2020-10-29T13:18:09.123+0000: [GC (Allocation Failure) 2020-10-29T13:18:09.123+0000: [ParNew: 16388K->4K(18432K), 0.0026652 secs] 285523K->269139K(453340K), 0.0027350 secs] [Times: user=0.00 sys=0.00, real=0.00 secs] 
2020-10-29T13:18:09.144+0000: [GC (Allocation Failure) 2020-10-29T13:18:09.144+0000: [ParNew: 16388K->4K(18432K), 0.0027923 secs] 285523K->269139K(453340K), 0.0028593 secs] [Times: user=0.01 sys=0.00, real=0.01 secs] 
2020-10-29T13:18:09.167+0000: [GC (Allocation Failure) 2020-10-29T13:18:09.167+0000: [ParNew: 16388K->4K(18432K), 0.0026708 secs] 285523K->269139K(453340K), 0.0027393 secs] [Times: user=0.00 sys=0.00, real=0.00 secs] 
2020-10-29T13:18:09.190+0000: [GC (Allocation Failure) 2020-10-29T13:18:09.190+0000: [ParNew: 16388K->4K(18432K), 0.0025937 secs] 285523K->269139K(453340K), 0.0026603 secs] [Times: user=0.01 sys=0.00, real=0.00 secs] 
2020-10-29T13:18:09.210+0000: [CMS-concurrent-mark: 0.088/0.114 secs] [Times: user=0.22 sys=0.00, real=0.11 secs] 
2020-10-29T13:18:09.210+0000: [CMS-concurrent-preclean-start]
2020-10-29T13:18:09.211+0000: [GC (Allocation Failure) 2020-10-29T13:18:09.211+0000: [ParNew: 16388K->4K(18432K), 0.0026852 secs] 285523K->269139K(453340K), 0.0027304 secs] [Times: user=0.01 sys=0.00, real=0.00 secs] 
2020-10-29T13:18:09.215+0000: [CMS-concurrent-preclean: 0.002/0.005 secs] [Times: user=0.01 sys=0.00, real=0.01 secs] 
2020-10-29T13:18:09.223+0000: [GC (CMS Final Remark) [YG occupancy: 4301 K (18432 K)]2020-10-29T13:18:09.223+0000: [Rescan (parallel) , 0.0048570 secs]2020-10-29T13:18:09.228+0000: [weak refs processing, 0.0000487 secs]2020-10-29T13:18:09.228+0000: [class unloading, 0.0122413 secs]2020-10-29T13:18:09.240+0000: [scrub symbol table, 0.0116200 secs]2020-10-29T13:18:09.252+0000: [scrub string table, 0.0007326 secs][1 CMS-remark: 269135K(434908K)] 273437K(453340K), 0.0296724 secs] [Times: user=0.04 sys=0.00, real=0.03 secs] 
2020-10-29T13:18:09.257+0000: [CMS-concurrent-sweep-start]
2020-10-29T13:18:09.267+0000: [GC (Allocation Failure) 2020-10-29T13:18:09.267+0000: [ParNew: 16388K->4K(18432K), 0.0025786 secs] 285523K->269139K(453340K), 0.0026437 secs] [Times: user=0.00 sys=0.00, real=0.00 secs] 
2020-10-29T13:18:09.276+0000: [CMS-concurrent-sweep: 0.016/0.019 secs] [Times: user=0.03 sys=0.00, real=0.02 secs] 
2020-10-29T13:18:09.276+0000: [CMS-concurrent-reset-start]
2020-10-29T13:18:09.278+0000: [CMS-concurrent-reset: 0.002/0.002 secs] [Times: user=0.01 sys=0.00, real=0.00 secs] 
2020-10-29T13:18:09.289+0000: [GC (Allocation Failure) 2020-10-29T13:18:09.289+0000: [ParNew: 16388K->4K(18432K), 0.0028049 secs] 285523K->269139K(466992K), 0.0028584 secs] [Times: user=0.00 sys=0.00, real=0.00 secs] 
2020-10-29T13:18:09.307+0000: [GC (Allocation Failure) 2020-10-29T13:18:09.307+0000: [ParNew: 16388K->4K(18432K), 0.0026647 secs] 285523K->269139K(466992K), 0.0027289 secs] [Times: user=0.01 sys=0.00, real=0.00 secs] 
2020-10-29T13:18:09.325+0000: [GC (Allocation Failure) 2020-10-29T13:18:09.325+0000: [ParNew: 16388K->4K(18432K), 0.0026481 secs] 285523K->269139K(466992K), 0.0027146 secs] [Times: user=0.00 sys=0.00, real=0.01 secs] 
2020-10-29T13:18:09.343+0000: [GC (Allocation Failure) 2020-10-29T13:18:09.343+0000: [ParNew: 16388K->4K(18432K), 0.0024716 secs] 285523K->269139K(466992K), 0.0025292 secs] [Times: user=0.01 sys=0.00, real=0.00 secs] 
2020-10-29T13:18:09.363+0000: [GC (Allocation Failure) 2020-10-29T13:18:09.363+0000: [ParNew: 16388K->4K(18432K), 0.0025248 secs] 285523K->269139K(466992K), 0.0025852 secs] [Times: user=0.00 sys=0.00, real=0.00 secs] 
2020-10-29T13:18:09.383+0000: [GC (Allocation Failure) 2020-10-29T13:18:09.383+0000: [ParNew: 16388K->4K(18432K), 0.0025639 secs] 285523K->269139K(466992K), 0.0026228 secs] [Times: user=0.01 sys=0.00, real=0.00 secs] 
2020-10-29T13:18:09.401+0000: [GC (Allocation Failure) 2020-10-29T13:18:09.401+0000: [ParNew: 16388K->4K(18432K), 0.0026432 secs] 285523K->269139K(466992K), 0.0027228 secs] [Times: user=0.00 sys=0.00, real=0.00 secs] 
2020-10-29T13:18:09.419+0000: [GC (Allocation Failure) 2020-10-29T13:18:09.419+0000: [ParNew: 16388K->4K(18432K), 0.0025382 secs] 285523K->269139K(466992K), 0.0026145 secs] [Times: user=0.01 sys=0.00, real=0.00 secs] 
2020-10-29T13:18:09.436+0000: [GC (Allocation Failure) 2020-10-29T13:18:09.437+0000: [ParNew: 16388K->4K(18432K), 0.0026001 secs] 285523K->269139K(466992K), 0.0026603 secs] [Times: user=0.00 sys=0.00, real=0.00 secs] 
2020-10-29T13:18:09.454+0000: [GC (Allocation Failure) 2020-10-29T13:18:09.454+0000: [ParNew: 16388K->4K(18432K), 0.0026406 secs] 285523K->269139K(466992K), 0.0027076 secs] [Times: user=0.01 sys=0.00, real=0.01 secs] 
2020-10-29T13:18:09.475+0000: [GC (Allocation Failure) 2020-10-29T13:18:09.475+0000: [ParNew: 16388K->4K(18432K), 0.0028889 secs] 285523K->269139K(466992K), 0.0029544 secs] [Times: user=0.00 sys=0.00, real=0.00 secs] 
2020-10-29T13:18:09.495+0000: [GC (Allocation Failure) 2020-10-29T13:18:09.495+0000: [ParNew: 16388K->4K(18432K), 0.0025959 secs] 285523K->269139K(466992K), 0.0026587 secs] [Times: user=0.01 sys=0.00, real=0.00 secs] 
2020-10-29T13:18:09.507+0000: [GC (Allocation Failure) 2020-10-29T13:18:09.507+0000: [ParNew: 16388K->4K(18432K), 0.0044429 secs] 285523K->277331K(466992K), 0.0045131 secs] [Times: user=0.00 sys=0.00, real=0.00 secs] 
2020-10-29T13:18:09.527+0000: [GC (Allocation Failure) 2020-10-29T13:18:09.527+0000: [ParNew: 16388K->4K(18432K), 0.0026712 secs] 293715K->277331K(466992K), 0.0027371 secs] [Times: user=0.01 sys=0.00, real=0.00 secs] 
2020-10-29T13:18:09.545+0000: [GC (Allocation Failure) 2020-10-29T13:18:09.545+0000: [ParNew: 16388K->4K(18432K), 0.0026906 secs] 293715K->277331K(466992K), 0.0027533 secs] [Times: user=0.00 sys=0.00, real=0.01 secs] 
2020-10-29T13:18:09.563+0000: [GC (Allocation Failure) 2020-10-29T13:18:09.563+0000: [ParNew: 16388K->4K(18432K), 0.0026860 secs] 293715K->277331K(466992K), 0.0027541 secs] [Times: user=0.01 sys=0.00, real=0.00 secs] 
2020-10-29T13:18:09.583+0000: [GC (Allocation Failure) 2020-10-29T13:18:09.583+0000: [ParNew: 16388K->4K(18432K), 0.0026703 secs] 293715K->277331K(466992K), 0.0027360 secs] [Times: user=0.01 sys=0.00, real=0.00 secs] 
2020-10-29T13:18:09.603+0000: [GC (Allocation Failure) 2020-10-29T13:18:09.603+0000: [ParNew: 16388K->4K(18432K), 0.0026294 secs] 293715K->277331K(466992K), 0.0026960 secs] [Times: user=0.00 sys=0.00, real=0.00 secs] 
2020-10-29T13:18:09.615+0000: [GC (Allocation Failure) 2020-10-29T13:18:09.615+0000: [ParNew: 10340K->4K(18432K), 0.0023774 secs] 287668K->277331K(466992K), 0.0024302 secs] [Times: user=0.01 sys=0.00, real=0.00 secs] 
2020-10-29T13:18:09.628+0000: [GC (Allocation Failure) 2020-10-29T13:18:09.628+0000: [ParNew: 16388K->4K(18432K), 0.0089253 secs] 293715K->285523K(466992K), 0.0090034 secs] [Times: user=0.01 sys=0.00, real=0.01 secs] 
2020-10-29T13:18:09.655+0000: [GC (Allocation Failure) 2020-10-29T13:18:09.655+0000: [ParNew: 16388K->4K(18432K), 0.0026570 secs] 301907K->285523K(466992K), 0.0027206 secs] [Times: user=0.00 sys=0.00, real=0.00 secs] 
2020-10-29T13:18:09.675+0000: [GC (Allocation Failure) 2020-10-29T13:18:09.675+0000: [ParNew: 16388K->4K(18432K), 0.0026028 secs] 301907K->285523K(466992K), 0.0026669 secs] [Times: user=0.00 sys=0.00, real=0.00 secs] 
2020-10-29T13:18:09.692+0000: [GC (Allocation Failure) 2020-10-29T13:18:09.693+0000: [ParNew: 16388K->4K(18432K), 0.0025590 secs] 301907K->285523K(466992K), 0.0026172 secs] [Times: user=0.01 sys=0.00, real=0.01 secs] 
2020-10-29T13:18:09.711+0000: [GC (Allocation Failure) 2020-10-29T13:18:09.711+0000: [ParNew: 16388K->4K(18432K), 0.0025987 secs] 301907K->285523K(466992K), 0.0026600 secs] [Times: user=0.00 sys=0.00, real=0.00 secs] 
2020-10-29T13:18:09.729+0000: [GC (Allocation Failure) 2020-10-29T13:18:09.729+0000: [ParNew: 16388K->4K(18432K), 0.0025964 secs] 301907K->285523K(466992K), 0.0026555 secs] [Times: user=0.01 sys=0.00, real=0.00 secs] 
2020-10-29T13:18:09.751+0000: [GC (Allocation Failure) 2020-10-29T13:18:09.751+0000: [ParNew: 16388K->4K(18432K), 0.0025783 secs] 301907K->285523K(466992K), 0.0026384 secs] [Times: user=0.00 sys=0.00, real=0.00 secs] 
2020-10-29T13:18:09.768+0000: [GC (Allocation Failure) 2020-10-29T13:18:09.768+0000: [ParNew: 16388K->4K(18432K), 0.0026951 secs] 301907K->285523K(466992K), 0.0027664 secs] [Times: user=0.00 sys=0.00, real=0.00 secs] 
2020-10-29T13:18:09.786+0000: [GC (Allocation Failure) 2020-10-29T13:18:09.786+0000: [ParNew: 16388K->4K(18432K), 0.0024424 secs] 301907K->285523K(466992K), 0.0024965 secs] [Times: user=0.00 sys=0.00, real=0.01 secs] 
2020-10-29T13:18:09.807+0000: [GC (Allocation Failure) 2020-10-29T13:18:09.807+0000: [ParNew: 16388K->4K(18432K), 0.0026380 secs] 301907K->285523K(466992K), 0.0027001 secs] [Times: user=0.00 sys=0.00, real=0.00 secs] 
2020-10-29T13:18:09.825+0000: [GC (Allocation Failure) 2020-10-29T13:18:09.825+0000: [ParNew: 16388K->4K(18432K), 0.0026118 secs] 301907K->285523K(466992K), 0.0026749 secs] [Times: user=0.01 sys=0.00, real=0.01 secs] 
2020-10-29T13:18:09.843+0000: [GC (Allocation Failure) 2020-10-29T13:18:09.843+0000: [ParNew: 16388K->4K(18432K), 0.0026373 secs] 301907K->285523K(466992K), 0.0027020 secs] [Times: user=0.00 sys=0.00, real=0.00 secs] 
2020-10-29T13:18:09.861+0000: [GC (Allocation Failure) 2020-10-29T13:18:09.861+0000: [ParNew: 16388K->4K(18432K), 0.0025753 secs] 301907K->285523K(466992K), 0.0026544 secs] [Times: user=0.01 sys=0.00, real=0.00 secs] 
2020-10-29T13:18:09.879+0000: [GC (Allocation Failure) 2020-10-29T13:18:09.879+0000: [ParNew: 16388K->4K(18432K), 0.0024410 secs] 301907K->285523K(466992K), 0.0024959 secs] [Times: user=0.00 sys=0.00, real=0.00 secs] 
2020-10-29T13:18:09.897+0000: [GC (Allocation Failure) 2020-10-29T13:18:09.897+0000: [ParNew: 16388K->4K(18432K), 0.0022607 secs] 301907K->285523K(466992K), 0.0023113 secs] [Times: user=0.00 sys=0.00, real=0.00 secs] 
2020-10-29T13:18:09.915+0000: [GC (Allocation Failure) 2020-10-29T13:18:09.915+0000: [ParNew: 16388K->4K(18432K), 0.0023798 secs] 301907K->285523K(466992K), 0.0024357 secs] [Times: user=0.00 sys=0.00, real=0.00 secs] 
2020-10-29T13:18:09.933+0000: [GC (Allocation Failure) 2020-10-29T13:18:09.933+0000: [ParNew: 16388K->4K(18432K), 0.0025220 secs] 301907K->285523K(466992K), 0.0025784 secs] [Times: user=0.00 sys=0.00, real=0.01 secs] 
2020-10-29T13:18:09.951+0000: [GC (Allocation Failure) 2020-10-29T13:18:09.951+0000: [ParNew: 16388K->4K(18432K), 0.0026118 secs] 301907K->285523K(466992K), 0.0026859 secs] [Times: user=0.00 sys=0.00, real=0.00 secs] 
2020-10-29T13:18:09.971+0000: [GC (Allocation Failure) 2020-10-29T13:18:09.971+0000: [ParNew: 16388K->4K(18432K), 0.0025895 secs] 301907K->285523K(466992K), 0.0026546 secs] [Times: user=0.01 sys=0.00, real=0.00 secs] 
2020-10-29T13:18:09.989+0000: [GC (Allocation Failure) 2020-10-29T13:18:09.989+0000: [ParNew: 16388K->4K(18432K), 0.0027061 secs] 301907K->285523K(466992K), 0.0027709 secs] [Times: user=0.00 sys=0.00, real=0.00 secs] 
2020-10-29T13:18:10.003+0000: [GC (Allocation Failure) 2020-10-29T13:18:10.003+0000: [ParNew: 16388K->4K(18432K), 0.0089632 secs] 301907K->293715K(466992K), 0.0090293 secs] [Times: user=0.02 sys=0.01, real=0.01 secs] 
2020-10-29T13:18:10.027+0000: [GC (Allocation Failure) 2020-10-29T13:18:10.027+0000: [ParNew: 16388K->4K(18432K), 0.0025655 secs] 310099K->293715K(466992K), 0.0026233 secs] [Times: user=0.00 sys=0.00, real=0.00 secs] 
2020-10-29T13:18:10.044+0000: [GC (Allocation Failure) 2020-10-29T13:18:10.045+0000: [ParNew: 16388K->4K(18432K), 0.0021426 secs] 310099K->293715K(466992K), 0.0021909 secs] [Times: user=0.00 sys=0.00, real=0.01 secs] 
2020-10-29T13:18:10.063+0000: [GC (Allocation Failure) 2020-10-29T13:18:10.063+0000: [ParNew: 16388K->4K(18432K), 0.0028340 secs] 310099K->293715K(466992K), 0.0029123 secs] [Times: user=0.00 sys=0.00, real=0.00 secs] 
2020-10-29T13:18:10.081+0000: [GC (Allocation Failure) 2020-10-29T13:18:10.081+0000: [ParNew: 16388K->4K(18432K), 0.0026477 secs] 310099K->293715K(466992K), 0.0027142 secs] [Times: user=0.01 sys=0.00, real=0.00 secs] 
2020-10-29T13:18:10.103+0000: [GC (Allocation Failure) 2020-10-29T13:18:10.103+0000: [ParNew: 16388K->4K(18432K), 0.0026354 secs] 310099K->293715K(466992K), 0.0026975 secs] [Times: user=0.01 sys=0.00, real=0.00 secs] 
2020-10-29T13:18:10.115+0000: [GC (Allocation Failure) 2020-10-29T13:18:10.115+0000: [ParNew: 16388K->4K(18432K), 0.0090229 secs] 310099K->301907K(466992K), 0.0090912 secs] [Times: user=0.01 sys=0.01, real=0.00 secs] 
2020-10-29T13:18:10.143+0000: [GC (Allocation Failure) 2020-10-29T13:18:10.143+0000: [ParNew: 16388K->4K(18432K), 0.0026163 secs] 318291K->301907K(466992K), 0.0026820 secs] [Times: user=0.00 sys=0.00, real=0.00 secs] 
2020-10-29T13:18:10.163+0000: [GC (Allocation Failure) 2020-10-29T13:18:10.163+0000: [ParNew: 16388K->4K(18432K), 0.0025899 secs] 318291K->301907K(466992K), 0.0026534 secs] [Times: user=0.00 sys=0.00, real=0.00 secs] 
2020-10-29T13:18:10.181+0000: [GC (Allocation Failure) 2020-10-29T13:18:10.181+0000: [ParNew: 16388K->4K(18432K), 0.0025457 secs] 318291K->301907K(466992K), 0.0026077 secs] [Times: user=0.01 sys=0.00, real=0.00 secs] 
2020-10-29T13:18:10.202+0000: [GC (Allocation Failure) 2020-10-29T13:18:10.202+0000: [ParNew: 16388K->4K(18432K), 0.0024961 secs] 318291K->301907K(466992K), 0.0025555 secs] [Times: user=0.00 sys=0.00, real=0.00 secs] 
2020-10-29T13:18:10.240+0000: [GC (Allocation Failure) 2020-10-29T13:18:10.240+0000: [ParNew: 16388K->106K(18432K), 0.0028166 secs] 318291K->302009K(466992K), 0.0028801 secs] [Times: user=0.00 sys=0.00, real=0.00 secs] 
2020-10-29T13:18:10.259+0000: [GC (Allocation Failure) 2020-10-29T13:18:10.259+0000: [ParNew: 16490K->47K(18432K), 0.0027226 secs] 318393K->301951K(466992K), 0.0027851 secs] [Times: user=0.01 sys=0.00, real=0.00 secs] 
2020-10-29T13:18:10.277+0000: [GC (Allocation Failure) 2020-10-29T13:18:10.277+0000: [ParNew: 16431K->57K(18432K), 0.0027228 secs] 318335K->301961K(466992K), 0.0027885 secs] [Times: user=0.01 sys=0.00, real=0.00 secs] 
2020-10-29T13:18:10.295+0000: [GC (Allocation Failure) 2020-10-29T13:18:10.295+0000: [ParNew: 16441K->59K(18432K), 0.0025210 secs] 318345K->301963K(466992K), 0.0025819 secs] [Times: user=0.01 sys=0.00, real=0.00 secs] 
2020-10-29T13:18:10.313+0000: [GC (Allocation Failure) 2020-10-29T13:18:10.313+0000: [ParNew: 16443K->60K(18432K), 0.0026809 secs] 318347K->301964K(466992K), 0.0027460 secs] [Times: user=0.00 sys=0.00, real=0.01 secs] 
2020-10-29T13:18:10.347+0000: [GC (Allocation Failure) 2020-10-29T13:18:10.347+0000: [ParNew: 16444K->60K(18432K), 0.0027700 secs] 351116K->334732K(466992K), 0.0028410 secs] [Times: user=0.01 sys=0.00, real=0.00 secs] 
2020-10-29T13:18:10.350+0000: [GC (CMS Initial Mark) [1 CMS-initial-mark: 334671K(448560K)] 334732K(466992K), 0.0016310 secs] [Times: user=0.00 sys=0.00, real=0.00 secs] 
2020-10-29T13:18:10.352+0000: [CMS-concurrent-mark-start]
2020-10-29T13:18:10.382+0000: [GC (Allocation Failure) 2020-10-29T13:18:10.382+0000: [ParNew: 16444K->40K(18432K), 0.0028575 secs] 351116K->334751K(466992K), 0.0029436 secs] [Times: user=0.01 sys=0.00, real=0.00 secs] 
2020-10-29T13:18:10.408+0000: [CMS-concurrent-mark: 0.053/0.056 secs] [Times: user=0.11 sys=0.00, real=0.06 secs] 
2020-10-29T13:18:10.408+0000: [CMS-concurrent-preclean-start]
2020-10-29T13:18:10.411+0000: [CMS-concurrent-preclean: 0.003/0.003 secs] [Times: user=0.01 sys=0.00, real=0.00 secs] 
2020-10-29T13:18:10.411+0000: [CMS-concurrent-abortable-preclean-start]
2020-10-29T13:18:10.412+0000: [GC (Allocation Failure) 2020-10-29T13:18:10.412+0000: [ParNew: 16424K->10K(18432K), 0.0019707 secs] 351135K->334721K(466992K), 0.0020157 secs] [Times: user=0.00 sys=0.00, real=0.00 secs] 
2020-10-29T13:18:10.431+0000: [GC (Allocation Failure) 2020-10-29T13:18:10.431+0000: [ParNew: 16394K->4K(18432K), 0.0023286 secs] 351105K->334715K(466992K), 0.0023894 secs] [Times: user=0.01 sys=0.00, real=0.00 secs] 
2020-10-29T13:18:10.449+0000: [GC (Allocation Failure) 2020-10-29T13:18:10.449+0000: [ParNew: 16388K->4K(18432K), 0.0024382 secs] 351099K->334715K(466992K), 0.0025078 secs] [Times: user=0.00 sys=0.00, real=0.00 secs] 
2020-10-29T13:18:10.470+0000: [GC (Allocation Failure) 2020-10-29T13:18:10.470+0000: [ParNew: 16388K->4K(18432K), 0.0025394 secs] 351099K->334715K(466992K), 0.0026030 secs] [Times: user=0.01 sys=0.00, real=0.00 secs] 
2020-10-29T13:18:10.491+0000: [GC (Allocation Failure) 2020-10-29T13:18:10.491+0000: [ParNew: 16388K->4K(18432K), 0.0025753 secs] 351099K->334715K(466992K), 0.0026404 secs] [Times: user=0.01 sys=0.00, real=0.00 secs] 
2020-10-29T13:18:10.522+0000: [GC (Allocation Failure) 2020-10-29T13:18:10.522+0000: [ParNew: 16388K->4K(18432K), 0.0027321 secs] 383867K->367483K(466992K), 0.0028050 secs] [Times: user=0.01 sys=0.00, real=0.00 secs] 
2020-10-29T13:18:10.544+0000: [GC (Allocation Failure) 2020-10-29T13:18:10.544+0000: [ParNew: 16388K->4K(18432K), 0.0026059 secs] 383867K->367483K(466992K), 0.0026720 secs] [Times: user=0.00 sys=0.00, real=0.00 secs] 
2020-10-29T13:18:10.558+0000: [GC (Allocation Failure) 2020-10-29T13:18:10.558+0000: [ParNew: 16388K->4K(18432K), 0.0085440 secs] 383867K->375675K(466992K), 0.0086034 secs] [Times: user=0.02 sys=0.00, real=0.00 secs] 
2020-10-29T13:18:10.583+0000: [GC (Allocation Failure) 2020-10-29T13:18:10.584+0000: [ParNew: 16388K->4K(18432K), 0.0022282 secs] 392059K->375675K(466992K), 0.0022823 secs] [Times: user=0.00 sys=0.00, real=0.00 secs] 
2020-10-29T13:18:10.602+0000: [GC (Allocation Failure) 2020-10-29T13:18:10.602+0000: [ParNew: 16388K->4K(18432K), 0.0023863 secs] 392059K->375675K(466992K), 0.0024473 secs] [Times: user=0.01 sys=0.00, real=0.00 secs] 
2020-10-29T13:18:10.623+0000: [GC (Allocation Failure) 2020-10-29T13:18:10.623+0000: [ParNew: 16388K->4K(18432K), 0.0025465 secs] 392059K->375675K(466992K), 0.0026103 secs] [Times: user=0.00 sys=0.00, real=0.00 secs] 
2020-10-29T13:18:10.643+0000: [GC (Allocation Failure) 2020-10-29T13:18:10.643+0000: [ParNew: 16388K->4K(18432K), 0.0025702 secs] 392059K->375675K(466992K), 0.0026350 secs] [Times: user=0.01 sys=0.00, real=0.00 secs] 
2020-10-29T13:18:10.663+0000: [GC (Allocation Failure) 2020-10-29T13:18:10.663+0000: [ParNew: 16388K->4K(18432K), 0.0025236 secs] 392059K->375675K(466992K), 0.0025875 secs] [Times: user=0.00 sys=0.00, real=0.00 secs] 
2020-10-29T13:18:10.681+0000: [GC (Allocation Failure) 2020-10-29T13:18:10.681+0000: [ParNew: 16388K->4K(18432K), 0.0021718 secs] 392059K->375675K(466992K), 0.0022304 secs] [Times: user=0.00 sys=0.00, real=0.00 secs] 
2020-10-29T13:18:10.699+0000: [GC (Allocation Failure) 2020-10-29T13:18:10.699+0000: [ParNew: 16388K->4K(18432K), 0.0025402 secs] 392059K->375675K(466992K), 0.0026063 secs] [Times: user=0.01 sys=0.00, real=0.00 secs] 
2020-10-29T13:18:10.713+0000: [GC (Allocation Failure) 2020-10-29T13:18:10.713+0000: [ParNew: 16388K->4K(18432K), 0.0088766 secs] 392059K->383867K(466992K), 0.0089452 secs] [Times: user=0.01 sys=0.00, real=0.01 secs] 
2020-10-29T13:18:10.739+0000: [GC (Allocation Failure) 2020-10-29T13:18:10.739+0000: [ParNew: 16388K->4K(18432K), 0.0025410 secs] 400251K->383867K(466992K), 0.0026046 secs] [Times: user=0.00 sys=0.00, real=0.00 secs] 
2020-10-29T13:18:10.757+0000: [GC (Allocation Failure) 2020-10-29T13:18:10.757+0000: [ParNew: 16388K->4K(18432K), 0.0022893 secs] 400251K->383867K(466992K), 0.0023486 secs] [Times: user=0.01 sys=0.00, real=0.00 secs] 
2020-10-29T13:18:10.779+0000: [GC (Allocation Failure) 2020-10-29T13:18:10.779+0000: [ParNew: 16388K->4K(18432K), 0.0023885 secs] 400251K->383867K(466992K), 0.0024487 secs] [Times: user=0.01 sys=0.00, real=0.00 secs] 
2020-10-29T13:18:10.799+0000: [GC (Allocation Failure) 2020-10-29T13:18:10.799+0000: [ParNew: 16388K->4K(18432K), 0.0023552 secs] 400251K->383867K(466992K), 0.0024167 secs] [Times: user=0.01 sys=0.00, real=0.00 secs] 
2020-10-29T13:18:10.817+0000: [GC (Allocation Failure) 2020-10-29T13:18:10.817+0000: [ParNew: 16388K->4K(18432K), 0.0025337 secs] 400251K->383867K(466992K), 0.0026135 secs] [Times: user=0.00 sys=0.00, real=0.00 secs] 
2020-10-29T13:18:10.839+0000: [GC (Allocation Failure) 2020-10-29T13:18:10.839+0000: [ParNew: 16388K->4K(18432K), 0.0025743 secs] 400251K->383867K(466992K), 0.0026385 secs] [Times: user=0.01 sys=0.00, real=0.00 secs] 
2020-10-29T13:18:10.857+0000: [GC (Allocation Failure) 2020-10-29T13:18:10.857+0000: [ParNew: 16388K->4K(18432K), 0.0025785 secs] 400251K->383867K(466992K), 0.0026432 secs] [Times: user=0.00 sys=0.00, real=0.00 secs] 
2020-10-29T13:18:10.876+0000: [GC (Allocation Failure) 2020-10-29T13:18:10.876+0000: [ParNew: 16388K->4K(18432K), 0.0025067 secs] 400251K->383867K(466992K), 0.0025638 secs] [Times: user=0.00 sys=0.00, real=0.00 secs] 
2020-10-29T13:18:10.894+0000: [GC (Allocation Failure) 2020-10-29T13:18:10.894+0000: [ParNew: 16388K->4K(18432K), 0.0021271 secs] 400251K->383867K(466992K), 0.0021834 secs] [Times: user=0.01 sys=0.00, real=0.01 secs] 
2020-10-29T13:18:10.912+0000: [GC (Allocation Failure) 2020-10-29T13:18:10.912+0000: [ParNew: 16388K->4K(18432K), 0.0025699 secs] 400251K->383867K(466992K), 0.0026350 secs] [Times: user=0.00 sys=0.00, real=0.01 secs] 
2020-10-29T13:18:10.931+0000: [GC (Allocation Failure) 2020-10-29T13:18:10.931+0000: [ParNew: 16388K->4K(18432K), 0.0025022 secs] 400251K->383867K(466992K), 0.0025677 secs] [Times: user=0.01 sys=0.00, real=0.00 secs] 
2020-10-29T13:18:10.951+0000: [GC (Allocation Failure) 2020-10-29T13:18:10.951+0000: [ParNew: 16388K->4K(18432K), 0.0025544 secs] 400251K->383867K(466992K), 0.0026182 secs] [Times: user=0.00 sys=0.00, real=0.00 secs] 
2020-10-29T13:18:10.971+0000: [GC (Allocation Failure) 2020-10-29T13:18:10.971+0000: [ParNew: 16388K->4K(18432K), 0.0027025 secs] 400251K->383867K(466992K), 0.0027698 secs] [Times: user=0.00 sys=0.00, real=0.00 secs] 
2020-10-29T13:18:10.991+0000: [GC (Allocation Failure) 2020-10-29T13:18:10.991+0000: [ParNew: 16388K->4K(18432K), 0.0025653 secs] 400251K->383867K(466992K), 0.0026307 secs] [Times: user=0.00 sys=0.00, real=0.00 secs] 
2020-10-29T13:18:11.015+0000: [GC (Allocation Failure) 2020-10-29T13:18:11.015+0000: [ParNew: 16388K->4K(18432K), 0.0025852 secs] 400251K->383867K(466992K), 0.0026537 secs] [Times: user=0.00 sys=0.00, real=0.00 secs] 
2020-10-29T13:18:11.035+0000: [GC (Allocation Failure) 2020-10-29T13:18:11.035+0000: [ParNew: 16388K->4K(18432K), 0.0026460 secs] 400251K->383867K(466992K), 0.0027120 secs] [Times: user=0.00 sys=0.00, real=0.00 secs] 
2020-10-29T13:18:11.055+0000: [GC (Allocation Failure) 2020-10-29T13:18:11.055+0000: [ParNew: 13427K->4K(18432K), 0.0024490 secs] 397291K->383867K(466992K), 0.0025131 secs] [Times: user=0.01 sys=0.00, real=0.00 secs] 
2020-10-29T13:18:11.067+0000: [GC (Allocation Failure) 2020-10-29T13:18:11.067+0000: [ParNew: 16388K->4K(18432K), 0.0091688 secs] 400251K->392059K(466992K), 0.0092399 secs] [Times: user=0.02 sys=0.00, real=0.01 secs] 
2020-10-29T13:18:11.076+0000: [CMS-concurrent-abortable-preclean: 0.040/0.665 secs] [Times: user=1.15 sys=0.07, real=0.67 secs] 
2020-10-29T13:18:11.077+0000: [GC (CMS Final Remark) [YG occupancy: 331 K (18432 K)]2020-10-29T13:18:11.077+0000: [Rescan (parallel) , 0.0019554 secs]2020-10-29T13:18:11.079+0000: [weak refs processing, 0.0000284 secs]2020-10-29T13:18:11.079+0000: [class unloading, 0.0104726 secs]2020-10-29T13:18:11.090+0000: [scrub symbol table, 0.0110933 secs]2020-10-29T13:18:11.101+0000: [scrub string table, 0.0007341 secs][1 CMS-remark: 392055K(448560K)] 392387K(466992K), 0.0244233 secs] [Times: user=0.03 sys=0.00, real=0.02 secs] 
2020-10-29T13:18:11.103+0000: [CMS-concurrent-sweep-start]
2020-10-29T13:18:11.123+0000: [GC (Allocation Failure) 2020-10-29T13:18:11.123+0000: [ParNew: 16388K->4K(18432K), 0.0026269 secs] 408443K->392059K(466992K), 0.0026920 secs] [Times: user=0.00 sys=0.00, real=0.00 secs] 
2020-10-29T13:18:11.129+0000: [CMS-concurrent-sweep: 0.021/0.026 secs] [Times: user=0.05 sys=0.00, real=0.03 secs] 
2020-10-29T13:18:11.130+0000: [CMS-concurrent-reset-start]
2020-10-29T13:18:11.132+0000: [CMS-concurrent-reset: 0.002/0.002 secs] [Times: user=0.00 sys=0.00, real=0.00 secs] 
2020-10-29T13:18:11.144+0000: [GC (Allocation Failure) 2020-10-29T13:18:11.144+0000: [ParNew: 16388K->4K(18432K), 0.0032864 secs] 408443K->392059K(671860K), 0.0033533 secs] [Times: user=0.01 sys=0.00, real=0.01 secs] 
2020-10-29T13:18:11.162+0000: [GC (Allocation Failure) 2020-10-29T13:18:11.162+0000: [ParNew: 16388K->4K(18432K), 0.0032370 secs] 408443K->392059K(671860K), 0.0033043 secs] [Times: user=0.01 sys=0.00, real=0.00 secs] 
2020-10-29T13:18:11.181+0000: [GC (Allocation Failure) 2020-10-29T13:18:11.181+0000: [ParNew: 16388K->4K(18432K), 0.0032255 secs] 408443K->392059K(671860K), 0.0032915 secs] [Times: user=0.00 sys=0.00, real=0.00 secs] 
2020-10-29T13:18:11.203+0000: [GC (Allocation Failure) 2020-10-29T13:18:11.203+0000: [ParNew: 16388K->4K(18432K), 0.0030964 secs] 408443K->392059K(671860K), 0.0031559 secs] [Times: user=0.00 sys=0.00, real=0.00 secs] 
2020-10-29T13:18:11.226+0000: [GC (Allocation Failure) 2020-10-29T13:18:11.226+0000: [ParNew: 16388K->4K(18432K), 0.0029441 secs] 408443K->392059K(671860K), 0.0029981 secs] [Times: user=0.00 sys=0.00, real=0.01 secs] 
2020-10-29T13:18:11.244+0000: [GC (Allocation Failure) 2020-10-29T13:18:11.244+0000: [ParNew: 16388K->4K(18432K), 0.0029978 secs] 408443K->392059K(671860K), 0.0030689 secs] [Times: user=0.01 sys=0.00, real=0.01 secs] 
2020-10-29T13:18:11.264+0000: [GC (Allocation Failure) 2020-10-29T13:18:11.264+0000: [ParNew: 16388K->4K(18432K), 0.0030202 secs] 408443K->392059K(671860K), 0.0030769 secs] [Times: user=0.01 sys=0.00, real=0.01 secs] 
2020-10-29T13:18:11.279+0000: [GC (Allocation Failure) 2020-10-29T13:18:11.279+0000: [ParNew: 16388K->4K(18432K), 0.0094232 secs] 408443K->400251K(671860K), 0.0094867 secs] [Times: user=0.01 sys=0.00, real=0.01 secs] 
2020-10-29T13:18:11.304+0000: [GC (Allocation Failure) 2020-10-29T13:18:11.304+0000: [ParNew: 16388K->4K(18432K), 0.0027823 secs] 416635K->400251K(671860K), 0.0028333 secs] [Times: user=0.01 sys=0.00, real=0.00 secs] 
2020-10-29T13:18:11.321+0000: [GC (Allocation Failure) 2020-10-29T13:18:11.322+0000: [ParNew: 16388K->4K(18432K), 0.0028915 secs] 416635K->400251K(671860K), 0.0029495 secs] [Times: user=0.01 sys=0.00, real=0.00 secs] 
2020-10-29T13:18:11.343+0000: [GC (Allocation Failure) 2020-10-29T13:18:11.343+0000: [ParNew: 16388K->4K(18432K), 0.0029709 secs] 416635K->400251K(671860K), 0.0030310 secs] [Times: user=0.01 sys=0.00, real=0.00 secs] 
2020-10-29T13:18:11.363+0000: [GC (Allocation Failure) 2020-10-29T13:18:11.363+0000: [ParNew: 16388K->4K(18432K), 0.0029416 secs] 416635K->400251K(671860K), 0.0030007 secs] [Times: user=0.00 sys=0.00, real=0.00 secs] 
2020-10-29T13:18:11.383+0000: [GC (Allocation Failure) 2020-10-29T13:18:11.383+0000: [ParNew: 16388K->4K(18432K), 0.0029423 secs] 416635K->400251K(671860K), 0.0030000 secs] [Times: user=0.01 sys=0.00, real=0.00 secs] 
2020-10-29T13:18:11.401+0000: [GC (Allocation Failure) 2020-10-29T13:18:11.401+0000: [ParNew: 16388K->4K(18432K), 0.0031728 secs] 416635K->400251K(671860K), 0.0032389 secs] [Times: user=0.00 sys=0.00, real=0.00 secs] 
2020-10-29T13:18:11.419+0000: [GC (Allocation Failure) 2020-10-29T13:18:11.419+0000: [ParNew: 16388K->4K(18432K), 0.0030623 secs] 416635K->400251K(671860K), 0.0031191 secs] [Times: user=0.01 sys=0.00, real=0.00 secs] 
2020-10-29T13:18:11.438+0000: [GC (Allocation Failure) 2020-10-29T13:18:11.438+0000: [ParNew: 16388K->4K(18432K), 0.0031930 secs] 416635K->400251K(671860K), 0.0032582 secs] [Times: user=0.00 sys=0.00, real=0.00 secs] 
2020-10-29T13:18:11.459+0000: [GC (Allocation Failure) 2020-10-29T13:18:11.459+0000: [ParNew: 16388K->4K(18432K), 0.0030290 secs] 416635K->400251K(671860K), 0.0030868 secs] [Times: user=0.00 sys=0.00, real=0.00 secs] 
2020-10-29T13:18:11.477+0000: [GC (Allocation Failure) 2020-10-29T13:18:11.477+0000: [ParNew: 16388K->4K(18432K), 0.0034467 secs] 416635K->400251K(671860K), 0.0035088 secs] [Times: user=0.00 sys=0.00, real=0.00 secs] 
2020-10-29T13:18:11.496+0000: [GC (Allocation Failure) 2020-10-29T13:18:11.496+0000: [ParNew: 16388K->4K(18432K), 0.0025742 secs] 416635K->400251K(671860K), 0.0026259 secs] [Times: user=0.01 sys=0.00, real=0.00 secs] 
2020-10-29T13:18:11.513+0000: [GC (Allocation Failure) 2020-10-29T13:18:11.513+0000: [ParNew: 16388K->4K(18432K), 0.0029536 secs] 416635K->400251K(671860K), 0.0030130 secs] [Times: user=0.01 sys=0.00, real=0.01 secs] 
2020-10-29T13:18:11.535+0000: [GC (Allocation Failure) 2020-10-29T13:18:11.535+0000: [ParNew: 16388K->4K(18432K), 0.0031567 secs] 416635K->400251K(671860K), 0.0032224 secs] [Times: user=0.01 sys=0.00, real=0.00 secs] 
2020-10-29T13:18:11.555+0000: [GC (Allocation Failure) 2020-10-29T13:18:11.555+0000: [ParNew: 16388K->4K(18432K), 0.0031795 secs] 416635K->400251K(671860K), 0.0032445 secs] [Times: user=0.01 sys=0.00, real=0.00 secs] 
2020-10-29T13:18:11.574+0000: [GC (Allocation Failure) 2020-10-29T13:18:11.574+0000: [ParNew: 16388K->4K(18432K), 0.0034020 secs] 416635K->400251K(671860K), 0.0034721 secs] [Times: user=0.01 sys=0.00, real=0.01 secs] 
2020-10-29T13:18:11.593+0000: [GC (Allocation Failure) 2020-10-29T13:18:11.593+0000: [ParNew: 16388K->4K(18432K), 0.0057919 secs] 416635K->400251K(671860K), 0.0058831 secs] [Times: user=0.00 sys=0.00, real=0.01 secs] 
2020-10-29T13:18:11.615+0000: [GC (Allocation Failure) 2020-10-29T13:18:11.615+0000: [ParNew: 16388K->4K(18432K), 0.0041567 secs] 416635K->400251K(671860K), 0.0042335 secs] [Times: user=0.01 sys=0.00, real=0.00 secs] 
2020-10-29T13:18:11.629+0000: [GC (Allocation Failure) 2020-10-29T13:18:11.629+0000: [ParNew: 16388K->4K(18432K), 0.0101091 secs] 416635K->408443K(671860K), 0.0101771 secs] [Times: user=0.01 sys=0.00, real=0.01 secs] 
2020-10-29T13:18:11.657+0000: [GC (Allocation Failure) 2020-10-29T13:18:11.657+0000: [ParNew: 16388K->4K(18432K), 0.0035367 secs] 424827K->408443K(671860K), 0.0035950 secs] [Times: user=0.01 sys=0.00, real=0.00 secs] 
2020-10-29T13:18:11.677+0000: [GC (Allocation Failure) 2020-10-29T13:18:11.677+0000: [ParNew: 16388K->4K(18432K), 0.0043074 secs] 424827K->408443K(671860K), 0.0044080 secs] [Times: user=0.01 sys=0.00, real=0.00 secs] 
2020-10-29T13:18:11.699+0000: [GC (Allocation Failure) 2020-10-29T13:18:11.699+0000: [ParNew: 16388K->4K(18432K), 0.0039168 secs] 424827K->408443K(671860K), 0.0039804 secs] [Times: user=0.01 sys=0.00, real=0.00 secs] 
2020-10-29T13:18:11.724+0000: [GC (Allocation Failure) 2020-10-29T13:18:11.724+0000: [ParNew: 16388K->4K(18432K), 0.0034794 secs] 424827K->408443K(671860K), 0.0035427 secs] [Times: user=0.00 sys=0.00, real=0.01 secs] 
2020-10-29T13:18:11.747+0000: [GC (Allocation Failure) 2020-10-29T13:18:11.747+0000: [ParNew: 16388K->4K(18432K), 0.0034321 secs] 424827K->408443K(671860K), 0.0034862 secs] [Times: user=0.00 sys=0.00, real=0.00 secs] 
2020-10-29T13:18:11.767+0000: [GC (Allocation Failure) 2020-10-29T13:18:11.767+0000: [ParNew: 16388K->4K(18432K), 0.0031145 secs] 424827K->408443K(671860K), 0.0031772 secs] [Times: user=0.00 sys=0.00, real=0.00 secs] 
2020-10-29T13:18:11.783+0000: [GC (Allocation Failure) 2020-10-29T13:18:11.783+0000: [ParNew: 8658K->4K(18432K), 0.0027972 secs] 417097K->408443K(671860K), 0.0028492 secs] [Times: user=0.01 sys=0.00, real=0.00 secs] 
2020-10-29T13:18:11.799+0000: [GC (Allocation Failure) 2020-10-29T13:18:11.799+0000: [ParNew: 16388K->4K(18432K), 0.0095589 secs] 424827K->416635K(671860K), 0.0096236 secs] [Times: user=0.01 sys=0.01, real=0.01 secs] 
2020-10-29T13:18:11.827+0000: [GC (Allocation Failure) 2020-10-29T13:18:11.827+0000: [ParNew: 16388K->4K(18432K), 0.0031608 secs] 433019K->416635K(671860K), 0.0032169 secs] [Times: user=0.01 sys=0.00, real=0.00 secs] 
2020-10-29T13:18:11.850+0000: [GC (Allocation Failure) 2020-10-29T13:18:11.850+0000: [ParNew: 16388K->4K(18432K), 0.0030739 secs] 433019K->416635K(671860K), 0.0031352 secs] [Times: user=0.01 sys=0.00, real=0.00 secs] 
2020-10-29T13:18:11.870+0000: [GC (Allocation Failure) 2020-10-29T13:18:11.870+0000: [ParNew: 16388K->4K(18432K), 0.0029876 secs] 433019K->416635K(671860K), 0.0030413 secs] [Times: user=0.01 sys=0.00, real=0.00 secs] 
2020-10-29T13:18:11.895+0000: [GC (Allocation Failure) 2020-10-29T13:18:11.895+0000: [ParNew: 16388K->4K(18432K), 0.0031517 secs] 433019K->416635K(671860K), 0.0032078 secs] [Times: user=0.01 sys=0.00, real=0.00 secs] 
2020-10-29T13:18:11.915+0000: [GC (Allocation Failure) 2020-10-29T13:18:11.915+0000: [ParNew: 16388K->4K(18432K), 0.0033215 secs] 433019K->416635K(671860K), 0.0033860 secs] [Times: user=0.00 sys=0.00, real=0.00 secs] 
2020-10-29T13:18:11.935+0000: [GC (Allocation Failure) 2020-10-29T13:18:11.935+0000: [ParNew: 16388K->4K(18432K), 0.0032141 secs] 433019K->416635K(671860K), 0.0032810 secs] [Times: user=0.01 sys=0.00, real=0.00 secs] 
2020-10-29T13:18:11.955+0000: [GC (Allocation Failure) 2020-10-29T13:18:11.955+0000: [ParNew: 16388K->4K(18432K), 0.0032177 secs] 433019K->416635K(671860K), 0.0032934 secs] [Times: user=0.00 sys=0.00, real=0.00 secs] 
2020-10-29T13:18:11.975+0000: [GC (Allocation Failure) 2020-10-29T13:18:11.975+0000: [ParNew: 16388K->4K(18432K), 0.0031025 secs] 433019K->416635K(671860K), 0.0031711 secs] [Times: user=0.00 sys=0.00, real=0.00 secs] 
2020-10-29T13:18:11.997+0000: [GC (Allocation Failure) 2020-10-29T13:18:11.997+0000: [ParNew: 16388K->4K(18432K), 0.0031609 secs] 433019K->416635K(671860K), 0.0032474 secs] [Times: user=0.00 sys=0.00, real=0.00 secs] 
2020-10-29T13:18:12.020+0000: [GC (Allocation Failure) 2020-10-29T13:18:12.020+0000: [ParNew: 16388K->4K(18432K), 0.0031370 secs] 433019K->416635K(671860K), 0.0031950 secs] [Times: user=0.01 sys=0.00, real=0.00 secs] 
2020-10-29T13:18:12.038+0000: [GC (Allocation Failure) 2020-10-29T13:18:12.038+0000: [ParNew: 16388K->4K(18432K), 0.0030950 secs] 433019K->416635K(671860K), 0.0031506 secs] [Times: user=0.00 sys=0.00, real=0.00 secs] 
2020-10-29T13:18:12.056+0000: [GC (Allocation Failure) 2020-10-29T13:18:12.057+0000: [ParNew: 16388K->4K(18432K), 0.0031532 secs] 433019K->416635K(671860K), 0.0032267 secs] [Times: user=0.01 sys=0.00, real=0.00 secs] 
2020-10-29T13:18:12.076+0000: [GC (Allocation Failure) 2020-10-29T13:18:12.076+0000: [ParNew: 16388K->4K(18432K), 0.0032173 secs] 433019K->416635K(671860K), 0.0032777 secs] [Times: user=0.00 sys=0.00, real=0.00 secs] 
2020-10-29T13:18:12.099+0000: [GC (Allocation Failure) 2020-10-29T13:18:12.099+0000: [ParNew: 16388K->4K(18432K), 0.0031789 secs] 433019K->416635K(671860K), 0.0032406 secs] [Times: user=0.00 sys=0.00, real=0.00 secs] 
2020-10-29T13:18:12.118+0000: [GC (Allocation Failure) 2020-10-29T13:18:12.118+0000: [ParNew: 16388K->4K(18432K), 0.0032871 secs] 433019K->416635K(671860K), 0.0033545 secs] [Times: user=0.01 sys=0.00, real=0.00 secs] 
2020-10-29T13:18:12.137+0000: [GC (Allocation Failure) 2020-10-29T13:18:12.137+0000: [ParNew: 16388K->4K(18432K), 0.0032149 secs] 433019K->416635K(671860K), 0.0033154 secs] [Times: user=0.00 sys=0.00, real=0.00 secs] 
2020-10-29T13:18:12.155+0000: [GC (Allocation Failure) 2020-10-29T13:18:12.155+0000: [ParNew: 16388K->4K(18432K), 0.0031698 secs] 433019K->416635K(671860K), 0.0032369 secs] [Times: user=0.01 sys=0.00, real=0.00 secs] 
2020-10-29T13:18:12.175+0000: [GC (Allocation Failure) 2020-10-29T13:18:12.175+0000: [ParNew: 14063K->4K(18432K), 0.0031633 secs] 430695K->416635K(671860K), 0.0032277 secs] [Times: user=0.01 sys=0.00, real=0.00 secs] 
2020-10-29T13:18:12.191+0000: [GC (Allocation Failure) 2020-10-29T13:18:12.191+0000: [ParNew: 16388K->4K(18432K), 0.0101379 secs] 433019K->424827K(671860K), 0.0101998 secs] [Times: user=0.01 sys=0.00, real=0.01 secs] 
2020-10-29T13:18:12.216+0000: [GC (Allocation Failure) 2020-10-29T13:18:12.216+0000: [ParNew: 16388K->4K(18432K), 0.0031768 secs] 441211K->424827K(671860K), 0.0032422 secs] [Times: user=0.00 sys=0.00, real=0.00 secs] 
2020-10-29T13:18:12.240+0000: [GC (Allocation Failure) 2020-10-29T13:18:12.240+0000: [ParNew: 16388K->4K(18432K), 0.0031414 secs] 441211K->424827K(671860K), 0.0032179 secs] [Times: user=0.01 sys=0.00, real=0.00 secs] 
2020-10-29T13:18:12.259+0000: [GC (Allocation Failure) 2020-10-29T13:18:12.259+0000: [ParNew: 16388K->4K(18432K), 0.0031967 secs] 441211K->424827K(671860K), 0.0032631 secs] [Times: user=0.00 sys=0.00, real=0.00 secs] 
2020-10-29T13:18:12.279+0000: [GC (Allocation Failure) 2020-10-29T13:18:12.279+0000: [ParNew: 16388K->4K(18432K), 0.0033016 secs] 441211K->424827K(671860K), 0.0033623 secs] [Times: user=0.01 sys=0.00, real=0.00 secs] 
2020-10-29T13:18:12.297+0000: [GC (Allocation Failure) 2020-10-29T13:18:12.297+0000: [ParNew: 16388K->4K(18432K), 0.0032807 secs] 441211K->424827K(671860K), 0.0033504 secs] [Times: user=0.01 sys=0.00, real=0.00 secs] 
2020-10-29T13:18:12.319+0000: [GC (Allocation Failure) 2020-10-29T13:18:12.319+0000: [ParNew: 16388K->4K(18432K), 0.0032160 secs] 441211K->424827K(671860K), 0.0032808 secs] [Times: user=0.00 sys=0.00, real=0.00 secs] 
2020-10-29T13:18:12.332+0000: [GC (Allocation Failure) 2020-10-29T13:18:12.332+0000: [ParNew: 16388K->4K(18432K), 0.0097265 secs] 441211K->433019K(671860K), 0.0097851 secs] [Times: user=0.01 sys=0.01, real=0.01 secs] 
2020-10-29T13:18:12.357+0000: [GC (Allocation Failure) 2020-10-29T13:18:12.357+0000: [ParNew: 16388K->4K(18432K), 0.0030031 secs] 449403K->433019K(671860K), 0.0030549 secs] [Times: user=0.01 sys=0.00, real=0.00 secs] 
2020-10-29T13:18:12.375+0000: [GC (Allocation Failure) 2020-10-29T13:18:12.375+0000: [ParNew: 16388K->4K(18432K), 0.0029752 secs] 449403K->433019K(671860K), 0.0030331 secs] [Times: user=0.01 sys=0.00, real=0.00 secs] 
2020-10-29T13:18:12.395+0000: [GC (Allocation Failure) 2020-10-29T13:18:12.395+0000: [ParNew: 16388K->4K(18432K), 0.0030682 secs] 449403K->433019K(671860K), 0.0031272 secs] [Times: user=0.00 sys=0.00, real=0.00 secs] 
2020-10-29T13:18:12.413+0000: [GC (Allocation Failure) 2020-10-29T13:18:12.413+0000: [ParNew: 16388K->4K(18432K), 0.0029193 secs] 449403K->433019K(671860K), 0.0029771 secs] [Times: user=0.00 sys=0.00, real=0.01 secs] 
2020-10-29T13:18:12.435+0000: [GC (Allocation Failure) 2020-10-29T13:18:12.435+0000: [ParNew: 16388K->4K(18432K), 0.0031365 secs] 449403K->433019K(671860K), 0.0032009 secs] [Times: user=0.01 sys=0.00, real=0.00 secs] 
2020-10-29T13:18:12.453+0000: [GC (Allocation Failure) 2020-10-29T13:18:12.453+0000: [ParNew: 16388K->4K(18432K), 0.0030473 secs] 449403K->433019K(671860K), 0.0031072 secs] [Times: user=0.01 sys=0.00, real=0.01 secs] 
2020-10-29T13:18:12.472+0000: [GC (Allocation Failure) 2020-10-29T13:18:12.472+0000: [ParNew: 16388K->4K(18432K), 0.0029880 secs] 449403K->433019K(671860K), 0.0030378 secs] [Times: user=0.00 sys=0.00, real=0.01 secs] 
2020-10-29T13:18:12.490+0000: [GC (Allocation Failure) 2020-10-29T13:18:12.491+0000: [ParNew: 16388K->4K(18432K), 0.0031115 secs] 449403K->433019K(671860K), 0.0031926 secs] [Times: user=0.00 sys=0.00, real=0.00 secs] 
2020-10-29T13:18:12.509+0000: [GC (Allocation Failure) 2020-10-29T13:18:12.509+0000: [ParNew: 16388K->4K(18432K), 0.0031220 secs] 449403K->433019K(671860K), 0.0031857 secs] [Times: user=0.00 sys=0.00, real=0.00 secs] 
2020-10-29T13:18:12.527+0000: [GC (Allocation Failure) 2020-10-29T13:18:12.527+0000: [ParNew: 16388K->4K(18432K), 0.0048212 secs] 449403K->433019K(671860K), 0.0049036 secs] [Times: user=0.01 sys=0.00, real=0.00 secs] 
2020-10-29T13:18:12.547+0000: [GC (Allocation Failure) 2020-10-29T13:18:12.547+0000: [ParNew: 16388K->4K(18432K), 0.0031801 secs] 449403K->433019K(671860K), 0.0032512 secs] [Times: user=0.01 sys=0.00, real=0.00 secs] 
2020-10-29T13:18:12.567+0000: [GC (Allocation Failure) 2020-10-29T13:18:12.567+0000: [ParNew: 16388K->4K(18432K), 0.0032177 secs] 449403K->433019K(671860K), 0.0032840 secs] [Times: user=0.01 sys=0.00, real=0.00 secs] 
2020-10-29T13:18:12.590+0000: [GC (Allocation Failure) 2020-10-29T13:18:12.590+0000: [ParNew: 16388K->4K(18432K), 0.0031860 secs] 449403K->433019K(671860K), 0.0032457 secs] [Times: user=0.01 sys=0.00, real=0.00 secs] 
2020-10-29T13:18:12.609+0000: [GC (Allocation Failure) 2020-10-29T13:18:12.609+0000: [ParNew: 16388K->4K(18432K), 0.0030109 secs] 449403K->433019K(671860K), 0.0030700 secs] [Times: user=0.00 sys=0.00, real=0.00 secs] 
2020-10-29T13:18:12.627+0000: [GC (Allocation Failure) 2020-10-29T13:18:12.627+0000: [ParNew: 16388K->4K(18432K), 0.0027810 secs] 449403K->433019K(671860K), 0.0028352 secs] [Times: user=0.00 sys=0.00, real=0.00 secs] 
2020-10-29T13:18:12.646+0000: [GC (Allocation Failure) 2020-10-29T13:18:12.646+0000: [ParNew: 16388K->4K(18432K), 0.0030874 secs] 449403K->433019K(671860K), 0.0031456 secs] [Times: user=0.01 sys=0.00, real=0.01 secs] 
2020-10-29T13:18:12.667+0000: [GC (Allocation Failure) 2020-10-29T13:18:12.667+0000: [ParNew: 16388K->4K(18432K), 0.0030959 secs] 449403K->433019K(671860K), 0.0031530 secs] [Times: user=0.01 sys=0.00, real=0.00 secs] 
2020-10-29T13:18:12.685+0000: [GC (Allocation Failure) 2020-10-29T13:18:12.685+0000: [ParNew: 16388K->4K(18432K), 0.0030405 secs] 449403K->433019K(671860K), 0.0031061 secs] [Times: user=0.00 sys=0.00, real=0.01 secs] 
2020-10-29T13:18:12.704+0000: [GC (Allocation Failure) 2020-10-29T13:18:12.704+0000: [ParNew: 16388K->4K(18432K), 0.0029374 secs] 449403K->433019K(671860K), 0.0029923 secs] [Times: user=0.01 sys=0.00, real=0.01 secs] 
2020-10-29T13:18:12.719+0000: [GC (Allocation Failure) 2020-10-29T13:18:12.719+0000: [ParNew: 16388K->4K(18432K), 0.0095033 secs] 449403K->441211K(671860K), 0.0095620 secs] [Times: user=0.01 sys=0.00, real=0.01 secs] 
2020-10-29T13:18:12.743+0000: [GC (Allocation Failure) 2020-10-29T13:18:12.743+0000: [ParNew: 16388K->4K(18432K), 0.0031278 secs] 457595K->441211K(671860K), 0.0031846 secs] [Times: user=0.01 sys=0.00, real=0.00 secs] 
2020-10-29T13:18:12.763+0000: [GC (Allocation Failure) 2020-10-29T13:18:12.763+0000: [ParNew: 16388K->4K(18432K), 0.0038999 secs] 457595K->441211K(671860K), 0.0039564 secs] [Times: user=0.00 sys=0.00, real=0.01 secs] 
2020-10-29T13:18:12.786+0000: [GC (Allocation Failure) 2020-10-29T13:18:12.786+0000: [ParNew: 16388K->4K(18432K), 0.0031192 secs] 457595K->441211K(671860K), 0.0031823 secs] [Times: user=0.01 sys=0.00, real=0.01 secs] 
2020-10-29T13:18:12.805+0000: [GC (Allocation Failure) 2020-10-29T13:18:12.805+0000: [ParNew: 16388K->4K(18432K), 0.0030830 secs] 457595K->441211K(671860K), 0.0031624 secs] [Times: user=0.00 sys=0.00, real=0.01 secs] 
2020-10-29T13:18:12.827+0000: [GC (Allocation Failure) 2020-10-29T13:18:12.827+0000: [ParNew: 16388K->4K(18432K), 0.0031242 secs] 457595K->441211K(671860K), 0.0031873 secs] [Times: user=0.01 sys=0.00, real=0.00 secs] 
2020-10-29T13:18:12.843+0000: [GC (Allocation Failure) 2020-10-29T13:18:12.843+0000: [ParNew: 9004K->4K(18432K), 0.0029836 secs] 450211K->441211K(671860K), 0.0030392 secs] [Times: user=0.00 sys=0.00, real=0.00 secs] 
2020-10-29T13:18:12.854+0000: [GC (Allocation Failure) 2020-10-29T13:18:12.854+0000: [ParNew: 16388K->4K(18432K), 0.0094055 secs] 457595K->449403K(671860K), 0.0094663 secs] [Times: user=0.02 sys=0.00, real=0.01 secs] 
2020-10-29T13:18:12.879+0000: [GC (Allocation Failure) 2020-10-29T13:18:12.879+0000: [ParNew: 16388K->4K(18432K), 0.0029626 secs] 465787K->449403K(671860K), 0.0030093 secs] [Times: user=0.00 sys=0.00, real=0.00 secs] 
2020-10-29T13:18:12.898+0000: [GC (Allocation Failure) 2020-10-29T13:18:12.898+0000: [ParNew: 16388K->4K(18432K), 0.0030322 secs] 465787K->449403K(671860K), 0.0030889 secs] [Times: user=0.01 sys=0.00, real=0.00 secs] 
2020-10-29T13:18:12.917+0000: [GC (Allocation Failure) 2020-10-29T13:18:12.917+0000: [ParNew: 16388K->4K(18432K), 0.0029582 secs] 465787K->449403K(671860K), 0.0030131 secs] [Times: user=0.00 sys=0.00, real=0.00 secs] 
2020-10-29T13:18:12.939+0000: [GC (Allocation Failure) 2020-10-29T13:18:12.939+0000: [ParNew: 16388K->4K(18432K), 0.0029760 secs] 465787K->449403K(671860K), 0.0030318 secs] [Times: user=0.00 sys=0.00, real=0.00 secs] 
2020-10-29T13:18:12.957+0000: [GC (Allocation Failure) 2020-10-29T13:18:12.957+0000: [ParNew: 16388K->4K(18432K), 0.0035580 secs] 465787K->449403K(671860K), 0.0036121 secs] [Times: user=0.00 sys=0.00, real=0.00 secs] 
2020-10-29T13:18:12.976+0000: [GC (Allocation Failure) 2020-10-29T13:18:12.976+0000: [ParNew: 16388K->4K(18432K), 0.0031235 secs] 465787K->449403K(671860K), 0.0031849 secs] [Times: user=0.01 sys=0.00, real=0.00 secs] 
2020-10-29T13:18:12.995+0000: [GC (Allocation Failure) 2020-10-29T13:18:12.995+0000: [ParNew: 16388K->4K(18432K), 0.0031317 secs] 465787K->449403K(671860K), 0.0032050 secs] [Times: user=0.01 sys=0.00, real=0.00 secs] 
2020-10-29T13:18:13.013+0000: [GC (Allocation Failure) 2020-10-29T13:18:13.013+0000: [ParNew: 16388K->4K(18432K), 0.0031091 secs] 465787K->449403K(671860K), 0.0031703 secs] [Times: user=0.01 sys=0.00, real=0.01 secs] 
2020-10-29T13:18:13.032+0000: [GC (Allocation Failure) 2020-10-29T13:18:13.032+0000: [ParNew: 16388K->4K(18432K), 0.0033140 secs] 465787K->449403K(671860K), 0.0033763 secs] [Times: user=0.00 sys=0.00, real=0.01 secs] 
2020-10-29T13:18:13.055+0000: [GC (Allocation Failure) 2020-10-29T13:18:13.055+0000: [ParNew: 16388K->4K(18432K), 0.0031915 secs] 465787K->449403K(671860K), 0.0032610 secs] [Times: user=0.01 sys=0.00, real=0.00 secs] 
2020-10-29T13:18:13.075+0000: [GC (Allocation Failure) 2020-10-29T13:18:13.075+0000: [ParNew: 16388K->4K(18432K), 0.0031999 secs] 465787K->449403K(671860K), 0.0032699 secs] [Times: user=0.00 sys=0.00, real=0.00 secs] 
2020-10-29T13:18:13.094+0000: [GC (Allocation Failure) 2020-10-29T13:18:13.094+0000: [ParNew: 16388K->4K(18432K), 0.0031517 secs] 465787K->449403K(671860K), 0.0032088 secs] [Times: user=0.01 sys=0.00, real=0.01 secs] 
2020-10-29T13:18:13.115+0000: [GC (Allocation Failure) 2020-10-29T13:18:13.115+0000: [ParNew: 16388K->4K(18432K), 0.0030538 secs] 465787K->449403K(671860K), 0.0031137 secs] [Times: user=0.01 sys=0.00, real=0.00 secs] 
2020-10-29T13:18:13.135+0000: [GC (Allocation Failure) 2020-10-29T13:18:13.135+0000: [ParNew: 16388K->4K(18432K), 0.0031677 secs] 465787K->449403K(671860K), 0.0032326 secs] [Times: user=0.01 sys=0.01, real=0.00 secs] 
2020-10-29T13:18:13.153+0000: [GC (Allocation Failure) 2020-10-29T13:18:13.153+0000: [ParNew: 16388K->4K(18432K), 0.0031314 secs] 465787K->449403K(671860K), 0.0031959 secs] [Times: user=0.00 sys=0.00, real=0.01 secs] 
2020-10-29T13:18:13.175+0000: [GC (Allocation Failure) 2020-10-29T13:18:13.175+0000: [ParNew: 16388K->4K(18432K), 0.0031162 secs] 465787K->449403K(671860K), 0.0032045 secs] [Times: user=0.01 sys=0.00, real=0.00 secs] 
2020-10-29T13:18:13.193+0000: [GC (Allocation Failure) 2020-10-29T13:18:13.193+0000: [ParNew: 16388K->4K(18432K), 0.0032114 secs] 465787K->449403K(671860K), 0.0032883 secs] [Times: user=0.00 sys=0.00, real=0.01 secs] 
2020-10-29T13:18:13.215+0000: [GC (Allocation Failure) 2020-10-29T13:18:13.215+0000: [ParNew: 16388K->4K(18432K), 0.0031294 secs] 465787K->449403K(671860K), 0.0031923 secs] [Times: user=0.01 sys=0.00, real=0.00 secs] 
2020-10-29T13:18:13.231+0000: [GC (Allocation Failure) 2020-10-29T13:18:13.231+0000: [ParNew: 11467K->4K(18432K), 0.0028501 secs] 460867K->449403K(671860K), 0.0029033 secs] [Times: user=0.00 sys=0.00, real=0.00 secs] 
2020-10-29T13:18:13.242+0000: [GC (Allocation Failure) 2020-10-29T13:18:13.242+0000: [ParNew: 16388K->4K(18432K), 0.0091770 secs] 465787K->457596K(671860K), 0.0092374 secs] [Times: user=0.01 sys=0.01, real=0.01 secs] 
2020-10-29T13:18:13.252+0000: [GC (CMS Initial Mark) [1 CMS-initial-mark: 457591K(653428K)] 457781K(671860K), 0.0018135 secs] [Times: user=0.00 sys=0.00, real=0.00 secs] 
2020-10-29T13:18:13.253+0000: [CMS-concurrent-mark-start]
2020-10-29T13:18:13.274+0000: [GC (Allocation Failure) 2020-10-29T13:18:13.274+0000: [ParNew: 16388K->4K(18432K), 0.0030227 secs] 473980K->457596K(671860K), 0.0030803 secs] [Times: user=0.01 sys=0.00, real=0.01 secs] 
2020-10-29T13:18:13.299+0000: [GC (Allocation Failure) 2020-10-29T13:18:13.299+0000: [ParNew: 16388K->4K(18432K), 0.0029962 secs] 473980K->457596K(671860K), 0.0030616 secs] [Times: user=0.01 sys=0.00, real=0.00 secs] 
2020-10-29T13:18:13.322+0000: [GC (Allocation Failure) 2020-10-29T13:18:13.322+0000: [ParNew: 16388K->4K(18432K), 0.0030173 secs] 473980K->457596K(671860K), 0.0030904 secs] [Times: user=0.01 sys=0.00, real=0.00 secs] 
2020-10-29T13:18:13.344+0000: [GC (Allocation Failure) 2020-10-29T13:18:13.345+0000: [ParNew: 16388K->4K(18432K), 0.0030258 secs] 473980K->457596K(671860K), 0.0030859 secs] [Times: user=0.01 sys=0.00, real=0.01 secs] 
2020-10-29T13:18:13.366+0000: [CMS-concurrent-mark: 0.085/0.113 secs] [Times: user=0.21 sys=0.00, real=0.11 secs] 
2020-10-29T13:18:13.366+0000: [CMS-concurrent-preclean-start]
2020-10-29T13:18:13.369+0000: [CMS-concurrent-preclean: 0.003/0.003 secs] [Times: user=0.01 sys=0.00, real=0.01 secs] 
2020-10-29T13:18:13.369+0000: [CMS-concurrent-abortable-preclean-start]
2020-10-29T13:18:13.370+0000: [GC (Allocation Failure) 2020-10-29T13:18:13.370+0000: [ParNew: 16388K->4K(18432K), 0.0024137 secs] 473980K->457596K(671860K), 0.0024654 secs] [Times: user=0.01 sys=0.00, real=0.00 secs] 
2020-10-29T13:18:13.383+0000: [GC (Allocation Failure) 2020-10-29T13:18:13.383+0000: [ParNew: 16388K->4K(18432K), 0.0090221 secs] 473980K->465788K(671860K), 0.0090826 secs] [Times: user=0.01 sys=0.00, real=0.01 secs] 
2020-10-29T13:18:13.392+0000: [CMS-concurrent-abortable-preclean: 0.003/0.023 secs] [Times: user=0.04 sys=0.00, real=0.02 secs] 
2020-10-29T13:18:13.393+0000: [GC (CMS Final Remark) [YG occupancy: 345 K (18432 K)]2020-10-29T13:18:13.393+0000: [Rescan (parallel) , 0.0017502 secs]2020-10-29T13:18:13.395+0000: [weak refs processing, 0.0000291 secs]2020-10-29T13:18:13.395+0000: [class unloading, 0.0102229 secs]2020-10-29T13:18:13.405+0000: [scrub symbol table, 0.0108107 secs]2020-10-29T13:18:13.416+0000: [scrub string table, 0.0007496 secs][1 CMS-remark: 465784K(653428K)] 466129K(671860K), 0.0236809 secs] [Times: user=0.03 sys=0.00, real=0.03 secs] 
2020-10-29T13:18:13.423+0000: [CMS-concurrent-sweep-start]
2020-10-29T13:18:13.439+0000: [GC (Allocation Failure) 2020-10-29T13:18:13.439+0000: [ParNew: 16388K->4K(18432K), 0.0030670 secs] 482171K->465787K(671860K), 0.0031260 secs] [Times: user=0.00 sys=0.00, real=0.00 secs] 
2020-10-29T13:18:13.442+0000: [CMS-concurrent-sweep: 0.016/0.019 secs] [Times: user=0.03 sys=0.00, real=0.02 secs] 
2020-10-29T13:18:13.443+0000: [CMS-concurrent-reset-start]
2020-10-29T13:18:13.448+0000: [CMS-concurrent-reset: 0.005/0.005 secs] [Times: user=0.00 sys=0.01, real=0.01 secs] 
2020-10-29T13:18:13.459+0000: [GC (Allocation Failure) 2020-10-29T13:18:13.459+0000: [ParNew: 16388K->4K(18432K), 0.0033569 secs] 449403K->433019K(740128K), 0.0034083 secs] [Times: user=0.00 sys=0.00, real=0.00 secs] 
2020-10-29T13:18:13.479+0000: [GC (Allocation Failure) 2020-10-29T13:18:13.479+0000: [ParNew: 16388K->4K(18432K), 0.0037768 secs] 449403K->433019K(740128K), 0.0038400 secs] [Times: user=0.01 sys=0.00, real=0.00 secs] 
2020-10-29T13:18:13.498+0000: [GC (Allocation Failure) 2020-10-29T13:18:13.498+0000: [ParNew: 16388K->4K(18432K), 0.0032135 secs] 449403K->433019K(740128K), 0.0032696 secs] [Times: user=0.00 sys=0.00, real=0.00 secs] 
2020-10-29T13:18:13.519+0000: [GC (Allocation Failure) 2020-10-29T13:18:13.519+0000: [ParNew: 16388K->4K(18432K), 0.0031844 secs] 449403K->433019K(740128K), 0.0032459 secs] [Times: user=0.00 sys=0.00, real=0.00 secs] 
2020-10-29T13:18:13.537+0000: [GC (Allocation Failure) 2020-10-29T13:18:13.537+0000: [ParNew: 16388K->4K(18432K), 0.0033360 secs] 449403K->433019K(740128K), 0.0033994 secs] [Times: user=0.01 sys=0.00, real=0.00 secs] 
2020-10-29T13:18:13.556+0000: [GC (Allocation Failure) 2020-10-29T13:18:13.556+0000: [ParNew: 16388K->4K(18432K), 0.0034142 secs] 449403K->433019K(740128K), 0.0034828 secs] [Times: user=0.01 sys=0.00, real=0.00 secs] 
2020-10-29T13:18:13.574+0000: [GC (Allocation Failure) 2020-10-29T13:18:13.574+0000: [ParNew: 16388K->4K(18432K), 0.0033763 secs] 449403K->433019K(740128K), 0.0034538 secs] [Times: user=0.00 sys=0.00, real=0.01 secs] 
2020-10-29T13:18:13.595+0000: [GC (Allocation Failure) 2020-10-29T13:18:13.595+0000: [ParNew: 16388K->4K(18432K), 0.0032365 secs] 449403K->433019K(740128K), 0.0033026 secs] [Times: user=0.01 sys=0.00, real=0.00 secs] 
2020-10-29T13:18:13.613+0000: [GC (Allocation Failure) 2020-10-29T13:18:13.613+0000: [ParNew: 16388K->4K(18432K), 0.0031602 secs] 449403K->433019K(740128K), 0.0032317 secs] [Times: user=0.00 sys=0.00, real=0.01 secs] 
2020-10-29T13:18:13.631+0000: [GC (Allocation Failure) 2020-10-29T13:18:13.631+0000: [ParNew: 16388K->4K(18432K), 0.0031862 secs] 449403K->433019K(740128K), 0.0032470 secs] [Times: user=0.01 sys=0.00, real=0.01 secs] 
2020-10-29T13:18:13.651+0000: [GC (Allocation Failure) 2020-10-29T13:18:13.651+0000: [ParNew: 16388K->4K(18432K), 0.0032095 secs] 449403K->433019K(740128K), 0.0032707 secs] [Times: user=0.01 sys=0.00, real=0.00 secs] 
2020-10-29T13:18:13.671+0000: [GC (Allocation Failure) 2020-10-29T13:18:13.671+0000: [ParNew: 16388K->4K(18432K), 0.0031366 secs] 449403K->433019K(740128K), 0.0031939 secs] [Times: user=0.01 sys=0.01, real=0.00 secs] 
2020-10-29T13:18:13.689+0000: [GC (Allocation Failure) 2020-10-29T13:18:13.689+0000: [ParNew: 16388K->4K(18432K), 0.0030752 secs] 449403K->433019K(740128K), 0.0031357 secs] [Times: user=0.01 sys=0.00, real=0.00 secs] 
2020-10-29T13:18:13.707+0000: [GC (Allocation Failure) 2020-10-29T13:18:13.707+0000: [ParNew: 16388K->4K(18432K), 0.0037937 secs] 449403K->433019K(740128K), 0.0038546 secs] [Times: user=0.01 sys=0.00, real=0.00 secs] 
2020-10-29T13:18:13.726+0000: [GC (Allocation Failure) 2020-10-29T13:18:13.726+0000: [ParNew: 16388K->4K(18432K), 0.0033418 secs] 449403K->433019K(740128K), 0.0034109 secs] [Times: user=0.00 sys=0.00, real=0.01 secs] 
2020-10-29T13:18:13.745+0000: [GC (Allocation Failure) 2020-10-29T13:18:13.745+0000: [ParNew: 16388K->4K(18432K), 0.0033145 secs] 449403K->433019K(740128K), 0.0033773 secs] [Times: user=0.01 sys=0.00, real=0.01 secs] 
2020-10-29T13:18:13.763+0000: [GC (Allocation Failure) 2020-10-29T13:18:13.763+0000: [ParNew: 16388K->4K(18432K), 0.0031299 secs] 449403K->433019K(740128K), 0.0031879 secs] [Times: user=0.01 sys=0.00, real=0.00 secs] 
2020-10-29T13:18:13.781+0000: [GC (Allocation Failure) 2020-10-29T13:18:13.781+0000: [ParNew: 16388K->4K(18432K), 0.0031334 secs] 449403K->433019K(740128K), 0.0031910 secs] [Times: user=0.00 sys=0.00, real=0.00 secs] 
2020-10-29T13:18:13.796+0000: [GC (Allocation Failure) 2020-10-29T13:18:13.796+0000: [ParNew: 12299K->4K(18432K), 0.0030626 secs] 445315K->433019K(740128K), 0.0031187 secs] [Times: user=0.00 sys=0.00, real=0.00 secs] 
2020-10-29T13:18:13.811+0000: [GC (Allocation Failure) 2020-10-29T13:18:13.811+0000: [ParNew: 16388K->4K(18432K), 0.0050057 secs] 449403K->441211K(740128K), 0.0050724 secs] [Times: user=0.01 sys=0.00, real=0.01 secs] 
2020-10-29T13:18:13.835+0000: [GC (Allocation Failure) 2020-10-29T13:18:13.835+0000: [ParNew: 16388K->4K(18432K), 0.0033404 secs] 457595K->441211K(740128K), 0.0033932 secs] [Times: user=0.01 sys=0.00, real=0.00 secs] 
2020-10-29T13:18:13.855+0000: [GC (Allocation Failure) 2020-10-29T13:18:13.855+0000: [ParNew: 16388K->4K(18432K), 0.0044455 secs] 457595K->441211K(740128K), 0.0045089 secs] [Times: user=0.01 sys=0.00, real=0.00 secs] 
2020-10-29T13:18:13.878+0000: [GC (Allocation Failure) 2020-10-29T13:18:13.878+0000: [ParNew: 16388K->4K(18432K), 0.0031994 secs] 457595K->441211K(740128K), 0.0032609 secs] [Times: user=0.01 sys=0.00, real=0.00 secs] 
2020-10-29T13:18:13.897+0000: [GC (Allocation Failure) 2020-10-29T13:18:13.897+0000: [ParNew: 16388K->4K(18432K), 0.0029206 secs] 457595K->441211K(740128K), 0.0029938 secs] [Times: user=0.00 sys=0.00, real=0.00 secs] 
2020-10-29T13:18:13.908+0000: [GC (Allocation Failure) 2020-10-29T13:18:13.908+0000: [ParNew: 16388K->4K(18432K), 0.0041866 secs] 457595K->449403K(740128K), 0.0042454 secs] [Times: user=0.01 sys=0.00, real=0.00 secs] 
2020-10-29T13:18:13.928+0000: [GC (Allocation Failure) 2020-10-29T13:18:13.928+0000: [ParNew: 16388K->4K(18432K), 0.0033069 secs] 465787K->449403K(740128K), 0.0033719 secs] [Times: user=0.01 sys=0.00, real=0.00 secs] 
2020-10-29T13:18:13.947+0000: [GC (Allocation Failure) 2020-10-29T13:18:13.947+0000: [ParNew: 16388K->4K(18432K), 0.0033611 secs] 465787K->449403K(740128K), 0.0034285 secs] [Times: user=0.00 sys=0.00, real=0.00 secs] 
2020-10-29T13:18:13.965+0000: [GC (Allocation Failure) 2020-10-29T13:18:13.965+0000: [ParNew: 16388K->4K(18432K), 0.0033158 secs] 465787K->449403K(740128K), 0.0033828 secs] [Times: user=0.01 sys=0.00, real=0.01 secs] 
2020-10-29T13:18:13.984+0000: [GC (Allocation Failure) 2020-10-29T13:18:13.984+0000: [ParNew: 16388K->4K(18432K), 0.0032508 secs] 465787K->449403K(740128K), 0.0033118 secs] [Times: user=0.01 sys=0.00, real=0.01 secs] 
2020-10-29T13:18:14.003+0000: [GC (Allocation Failure) 2020-10-29T13:18:14.003+0000: [ParNew: 16388K->4K(18432K), 0.0031151 secs] 465787K->449403K(740128K), 0.0031680 secs] [Times: user=0.00 sys=0.00, real=0.00 secs] 
2020-10-29T13:18:14.029+0000: [GC (Allocation Failure) 2020-10-29T13:18:14.029+0000: [ParNew: 16388K->4K(18432K), 0.0033828 secs] 465787K->449404K(740128K), 0.0034489 secs] [Times: user=0.00 sys=0.00, real=0.00 secs] 
2020-10-29T13:18:14.051+0000: [GC (Allocation Failure) 2020-10-29T13:18:14.051+0000: [ParNew: 16388K->4K(18432K), 0.0033075 secs] 465788K->449404K(740128K), 0.0033729 secs] [Times: user=0.01 sys=0.00, real=0.00 secs] 
2020-10-29T13:18:14.071+0000: [GC (Allocation Failure) 2020-10-29T13:18:14.071+0000: [ParNew: 16388K->4K(18432K), 0.0033848 secs] 465788K->449404K(740128K), 0.0034537 secs] [Times: user=0.00 sys=0.00, real=0.00 secs] 
2020-10-29T13:18:14.091+0000: [GC (Allocation Failure) 2020-10-29T13:18:14.091+0000: [ParNew: 16388K->4K(18432K), 0.0033767 secs] 465788K->449404K(740128K), 0.0034425 secs] [Times: user=0.00 sys=0.00, real=0.00 secs] 
2020-10-29T13:18:14.109+0000: [GC (Allocation Failure) 2020-10-29T13:18:14.109+0000: [ParNew: 16388K->4K(18432K), 0.0032696 secs] 465788K->449404K(740128K), 0.0033334 secs] [Times: user=0.01 sys=0.00, real=0.00 secs] 
2020-10-29T13:18:14.128+0000: [GC (Allocation Failure) 2020-10-29T13:18:14.128+0000: [ParNew: 16388K->4K(18432K), 0.0033254 secs] 465788K->449404K(740128K), 0.0033902 secs] [Times: user=0.01 sys=0.00, real=0.00 secs] 
2020-10-29T13:18:14.151+0000: [GC (Allocation Failure) 2020-10-29T13:18:14.151+0000: [ParNew: 16268K->4K(18432K), 0.0033224 secs] 465668K->449404K(740128K), 0.0033988 secs] [Times: user=0.00 sys=0.00, real=0.00 secs] 
2020-10-29T13:18:14.169+0000: [GC (Allocation Failure) 2020-10-29T13:18:14.169+0000: [ParNew: 16388K->4K(18432K), 0.0033151 secs] 465788K->449404K(740128K), 0.0033806 secs] [Times: user=0.01 sys=0.00, real=0.00 secs] 
2020-10-29T13:18:14.188+0000: [GC (Allocation Failure) 2020-10-29T13:18:14.188+0000: [ParNew: 16388K->4K(18432K), 0.0034217 secs] 465788K->449404K(740128K), 0.0034902 secs] [Times: user=0.01 sys=0.00, real=0.00 secs] 
2020-10-29T13:18:14.211+0000: [GC (Allocation Failure) 2020-10-29T13:18:14.211+0000: [ParNew: 16388K->4K(18432K), 0.0033379 secs] 465788K->449404K(740128K), 0.0034268 secs] [Times: user=0.00 sys=0.00, real=0.00 secs] 
2020-10-29T13:18:14.229+0000: [GC (Allocation Failure) 2020-10-29T13:18:14.229+0000: [ParNew: 16388K->4K(18432K), 0.0033217 secs] 465788K->449404K(740128K), 0.0033880 secs] [Times: user=0.01 sys=0.00, real=0.00 secs] 
2020-10-29T13:18:14.248+0000: [GC (Allocation Failure) 2020-10-29T13:18:14.248+0000: [ParNew: 16388K->4K(18432K), 0.0034347 secs] 465788K->449404K(740128K), 0.0035105 secs] [Times: user=0.00 sys=0.00, real=0.00 secs] 
2020-10-29T13:18:14.267+0000: [GC (Allocation Failure) 2020-10-29T13:18:14.267+0000: [ParNew: 16388K->4K(18432K), 0.0033444 secs] 465788K->449404K(740128K), 0.0034119 secs] [Times: user=0.01 sys=0.00, real=0.01 secs] 
2020-10-29T13:18:14.285+0000: [GC (Allocation Failure) 2020-10-29T13:18:14.285+0000: [ParNew: 16388K->4K(18432K), 0.0033854 secs] 465788K->449404K(740128K), 0.0034528 secs] [Times: user=0.01 sys=0.00, real=0.01 secs] 
2020-10-29T13:18:14.307+0000: [GC (Allocation Failure) 2020-10-29T13:18:14.307+0000: [ParNew: 16312K->4K(18432K), 0.0033240 secs] 465712K->449404K(740128K), 0.0033905 secs] [Times: user=0.01 sys=0.00, real=0.00 secs] 
2020-10-29T13:18:14.319+0000: [GC (Allocation Failure) 2020-10-29T13:18:14.319+0000: [ParNew: 16388K->4K(18432K), 0.0050612 secs] 465788K->457596K(740128K), 0.0051290 secs] [Times: user=0.01 sys=0.00, real=0.00 secs] 
2020-10-29T13:18:14.339+0000: [GC (Allocation Failure) 2020-10-29T13:18:14.339+0000: [ParNew: 16388K->4K(18432K), 0.0032562 secs] 473980K->457596K(740128K), 0.0033180 secs] [Times: user=0.01 sys=0.00, real=0.00 secs] 
2020-10-29T13:18:14.359+0000: [GC (Allocation Failure) 2020-10-29T13:18:14.359+0000: [ParNew: 16388K->4K(18432K), 0.0032838 secs] 473980K->457596K(740128K), 0.0033491 secs] [Times: user=0.01 sys=0.00, real=0.00 secs] 
2020-10-29T13:18:14.377+0000: [GC (Allocation Failure) 2020-10-29T13:18:14.377+0000: [ParNew: 16388K->4K(18432K), 0.0033277 secs] 473980K->457596K(740128K), 0.0033962 secs] [Times: user=0.01 sys=0.00, real=0.00 secs] 
2020-10-29T13:18:14.396+0000: [GC (Allocation Failure) 2020-10-29T13:18:14.396+0000: [ParNew: 16388K->4K(18432K), 0.0032496 secs] 473980K->457596K(740128K), 0.0033115 secs] [Times: user=0.00 sys=0.00, real=0.00 secs] 
2020-10-29T13:18:14.413+0000: [GC (Allocation Failure) 2020-10-29T13:18:14.413+0000: [ParNew: 12894K->4K(18432K), 0.0032712 secs] 470486K->457596K(740128K), 0.0033417 secs] [Times: user=0.01 sys=0.00, real=0.01 secs] 
2020-10-29T13:18:14.427+0000: [GC (Allocation Failure) 2020-10-29T13:18:14.427+0000: [ParNew: 16388K->4K(18432K), 0.0095605 secs] 473980K->465788K(740128K), 0.0096408 secs] [Times: user=0.01 sys=0.01, real=0.01 secs] 
2020-10-29T13:18:14.456+0000: [GC (Allocation Failure) 2020-10-29T13:18:14.456+0000: [ParNew: 16388K->4K(18432K), 0.0034046 secs] 482172K->465788K(740128K), 0.0034811 secs] [Times: user=0.01 sys=0.00, real=0.00 secs] 
2020-10-29T13:18:14.489+0000: [GC (Allocation Failure) 2020-10-29T13:18:14.489+0000: [ParNew: 16388K->4K(18432K), 0.0034512 secs] 482172K->465788K(740128K), 0.0035257 secs] [Times: user=0.01 sys=0.00, real=0.00 secs] 
2020-10-29T13:18:14.561+0000: [GC (Allocation Failure) 2020-10-29T13:18:14.561+0000: [ParNew: 16388K->4K(18432K), 0.0033607 secs] 482172K->465788K(740128K), 0.0034518 secs] [Times: user=0.01 sys=0.00, real=0.00 secs] 
2020-10-29T13:18:14.619+0000: [GC (Allocation Failure) 2020-10-29T13:18:14.619+0000: [ParNew: 16388K->4K(18432K), 0.0033200 secs] 482172K->465788K(740128K), 0.0033889 secs] [Times: user=0.00 sys=0.00, real=0.00 secs] 
2020-10-29T13:18:14.680+0000: [GC (Allocation Failure) 2020-10-29T13:18:14.680+0000: [ParNew: 16388K->4K(18432K), 0.0033578 secs] 482172K->465788K(740128K), 0.0034462 secs] [Times: user=0.00 sys=0.00, real=0.00 secs] 
2020-10-29T13:18:14.734+0000: [GC (Allocation Failure) 2020-10-29T13:18:14.735+0000: [ParNew: 16388K->4K(18432K), 0.0068790 secs] 482172K->465788K(740128K), 0.0069606 secs] [Times: user=0.02 sys=0.00, real=0.01 secs] 
2020-10-29T13:18:14.781+0000: [GC (Allocation Failure) 2020-10-29T13:18:14.781+0000: [ParNew: 16388K->4K(18432K), 0.0033009 secs] 482172K->465789K(740128K), 0.0033689 secs] [Times: user=0.01 sys=0.00, real=0.00 secs] 
2020-10-29T13:18:15.567+0000: [GC (Allocation Failure) 2020-10-29T13:18:15.567+0000: [ParNew: 16388K->4K(18432K), 0.0033661 secs] 482173K->465789K(740128K), 0.0034367 secs] [Times: user=0.00 sys=0.00, real=0.00 secs] 
2020-10-29T13:18:15.802+0000: [GC (Allocation Failure) 2020-10-29T13:18:15.802+0000: [ParNew: 16388K->142K(18432K), 0.0053317 secs] 482173K->465928K(740128K), 0.0054140 secs] [Times: user=0.02 sys=0.00, real=0.01 secs] 
2020-10-29T13:18:15.951+0000: [GC (Allocation Failure) 2020-10-29T13:18:15.951+0000: [ParNew: 16526K->18K(18432K), 0.0033528 secs] 482312K->465804K(740128K), 0.0034212 secs] [Times: user=0.01 sys=0.00, real=0.00 secs] 
2020-10-29T13:18:16.036+0000: [GC (Allocation Failure) 2020-10-29T13:18:16.036+0000: [ParNew: 16402K->20K(18432K), 0.0033796 secs] 482188K->465806K(740128K), 0.0034477 secs] [Times: user=0.01 sys=0.00, real=0.00 secs] 
2020-10-29T13:18:16.104+0000: [GC (Allocation Failure) 2020-10-29T13:18:16.104+0000: [ParNew: 16404K->21K(18432K), 0.0033968 secs] 482190K->465806K(740128K), 0.0034895 secs] [Times: user=0.01 sys=0.00, real=0.01 secs] 
2020-10-29T13:18:16.164+0000: [GC (Allocation Failure) 2020-10-29T13:18:16.164+0000: [ParNew: 16405K->21K(18432K), 0.0033987 secs] 482190K->465807K(740128K), 0.0034666 secs] [Times: user=0.00 sys=0.00, real=0.01 secs] 
2020-10-29T13:18:16.231+0000: [GC (Allocation Failure) 2020-10-29T13:18:16.231+0000: [ParNew: 16405K->21K(18432K), 0.0033634 secs] 482191K->465808K(740128K), 0.0034310 secs] [Times: user=0.00 sys=0.00, real=0.00 secs] 
2020-10-29T13:18:16.266+0000: [GC (Allocation Failure) 2020-10-29T13:18:16.266+0000: [ParNew: 16405K->13K(18432K), 0.0034244 secs] 482192K->465813K(740128K), 0.0034900 secs] [Times: user=0.00 sys=0.00, real=0.01 secs] 
2020-10-29T13:18:16.309+0000: [GC (Allocation Failure) 2020-10-29T13:18:16.309+0000: [ParNew: 16397K->4K(18432K), 0.0032960 secs] 482197K->465803K(740128K), 0.0033644 secs] [Times: user=0.01 sys=0.00, real=0.00 secs] 
2020-10-29T13:18:16.335+0000: [GC (Allocation Failure) 2020-10-29T13:18:16.335+0000: [ParNew: 16388K->4K(18432K), 0.0032983 secs] 482187K->465804K(740128K), 0.0033635 secs] [Times: user=0.01 sys=0.00, real=0.01 secs] 
2020-10-29T13:18:16.356+0000: [GC (Allocation Failure) 2020-10-29T13:18:16.356+0000: [ParNew: 16388K->4K(18432K), 0.0033055 secs] 482188K->465804K(740128K), 0.0033728 secs] [Times: user=0.01 sys=0.00, real=0.00 secs] 
2020-10-29T13:18:16.380+0000: [GC (Allocation Failure) 2020-10-29T13:18:16.380+0000: [ParNew: 16388K->4K(18432K), 0.0033042 secs] 482188K->465804K(740128K), 0.0033708 secs] [Times: user=0.01 sys=0.00, real=0.00 secs] 
2020-10-29T13:18:16.415+0000: [GC (Allocation Failure) 2020-10-29T13:18:16.415+0000: [ParNew: 16388K->4K(18432K), 0.0033081 secs] 482188K->465804K(740128K), 0.0033777 secs] [Times: user=0.00 sys=0.00, real=0.00 secs] 
2020-10-29T13:18:16.441+0000: [GC (Allocation Failure) 2020-10-29T13:18:16.441+0000: [ParNew: 16388K->4K(18432K), 0.0032919 secs] 482188K->465804K(740128K), 0.0033598 secs] [Times: user=0.00 sys=0.00, real=0.00 secs] 
2020-10-29T13:18:16.463+0000: [GC (Allocation Failure) 2020-10-29T13:18:16.463+0000: [ParNew: 16388K->2K(18432K), 0.0032643 secs] 482188K->465802K(740128K), 0.0033307 secs] [Times: user=0.00 sys=0.00, real=0.00 secs] 
2020-10-29T13:18:16.483+0000: [GC (Allocation Failure) 2020-10-29T13:18:16.483+0000: [ParNew: 16386K->4K(18432K), 0.0033141 secs] 482186K->465804K(740128K), 0.0033874 secs] [Times: user=0.01 sys=0.00, real=0.00 secs] 
2020-10-29T13:18:16.502+0000: [GC (Allocation Failure) 2020-10-29T13:18:16.502+0000: [ParNew: 16388K->4K(18432K), 0.0032584 secs] 482188K->465804K(740128K), 0.0033232 secs] [Times: user=0.01 sys=0.00, real=0.00 secs] 
2020-10-29T13:18:16.523+0000: [GC (Allocation Failure) 2020-10-29T13:18:16.523+0000: [ParNew: 16388K->4K(18432K), 0.0050391 secs] 482188K->465804K(740128K), 0.0051041 secs] [Times: user=0.01 sys=0.00, real=0.01 secs] 
2020-10-29T13:18:16.544+0000: [GC (Allocation Failure) 2020-10-29T13:18:16.544+0000: [ParNew: 16388K->4K(18432K), 0.0034077 secs] 482188K->465804K(740128K), 0.0034692 secs] [Times: user=0.01 sys=0.00, real=0.01 secs] 
2020-10-29T13:18:16.564+0000: [GC (Allocation Failure) 2020-10-29T13:18:16.564+0000: [ParNew: 16388K->4K(18432K), 0.0034104 secs] 482188K->465804K(740128K), 0.0034791 secs] [Times: user=0.00 sys=0.00, real=0.01 secs] 
2020-10-29T13:18:16.587+0000: [GC (Allocation Failure) 2020-10-29T13:18:16.587+0000: [ParNew: 16388K->4K(18432K), 0.0033666 secs] 482188K->465804K(740128K), 0.0034366 secs] [Times: user=0.01 sys=0.00, real=0.00 secs] 
2020-10-29T13:18:16.606+0000: [GC (Allocation Failure) 2020-10-29T13:18:16.606+0000: [ParNew: 16388K->4K(18432K), 0.0033778 secs] 482188K->465804K(740128K), 0.0034467 secs] [Times: user=0.01 sys=0.00, real=0.01 secs] 
2020-10-29T13:18:16.626+0000: [GC (Allocation Failure) 2020-10-29T13:18:16.626+0000: [ParNew: 16388K->4K(18432K), 0.0033283 secs] 482188K->465804K(740128K), 0.0033949 secs] [Times: user=0.01 sys=0.00, real=0.01 secs] 
2020-10-29T13:18:16.644+0000: [GC (Allocation Failure) 2020-10-29T13:18:16.645+0000: [ParNew: 16388K->4K(18432K), 0.0033219 secs] 482188K->465804K(740128K), 0.0033877 secs] [Times: user=0.00 sys=0.00, real=0.01 secs] 
2020-10-29T13:18:16.663+0000: [GC (Allocation Failure) 2020-10-29T13:18:16.663+0000: [ParNew: 16388K->4K(18432K), 0.0033007 secs] 482188K->465804K(740128K), 0.0033650 secs] [Times: user=0.01 sys=0.00, real=0.01 secs] 
2020-10-29T13:18:16.683+0000: [GC (Allocation Failure) 2020-10-29T13:18:16.683+0000: [ParNew: 16388K->4K(18432K), 0.0032875 secs] 482188K->465804K(740128K), 0.0033511 secs] [Times: user=0.01 sys=0.00, real=0.00 secs] 
2020-10-29T13:18:16.702+0000: [GC (Allocation Failure) 2020-10-29T13:18:16.702+0000: [ParNew: 16388K->4K(18432K), 0.0032713 secs] 482188K->465804K(740128K), 0.0033346 secs] [Times: user=0.00 sys=0.00, real=0.00 secs] 
2020-10-29T13:18:16.721+0000: [GC (Allocation Failure) 2020-10-29T13:18:16.721+0000: [ParNew: 16388K->4K(18432K), 0.0033111 secs] 482188K->465804K(740128K), 0.0033751 secs] [Times: user=0.01 sys=0.00, real=0.00 secs] 
2020-10-29T13:18:16.740+0000: [GC (Allocation Failure) 2020-10-29T13:18:16.740+0000: [ParNew: 16388K->4K(18432K), 0.0033418 secs] 482188K->465804K(740128K), 0.0034082 secs] [Times: user=0.01 sys=0.00, real=0.00 secs] 
2020-10-29T13:18:16.763+0000: [GC (Allocation Failure) 2020-10-29T13:18:16.763+0000: [ParNew: 16388K->4K(18432K), 0.0032233 secs] 482188K->465804K(740128K), 0.0032871 secs] [Times: user=0.00 sys=0.00, real=0.00 secs] 
2020-10-29T13:18:16.783+0000: [GC (Allocation Failure) 2020-10-29T13:18:16.783+0000: [ParNew: 16388K->4K(18432K), 0.0033494 secs] 482188K->465804K(740128K), 0.0034159 secs] [Times: user=0.00 sys=0.00, real=0.00 secs] 
2020-10-29T13:18:16.802+0000: [GC (Allocation Failure) 2020-10-29T13:18:16.802+0000: [ParNew: 16388K->4K(18432K), 0.0031854 secs] 482188K->465804K(740128K), 0.0032479 secs] [Times: user=0.01 sys=0.00, real=0.00 secs] 
2020-10-29T13:18:16.823+0000: [GC (Allocation Failure) 2020-10-29T13:18:16.823+0000: [ParNew: 16388K->4K(18432K), 0.0033586 secs] 482188K->465804K(740128K), 0.0034270 secs] [Times: user=0.01 sys=0.00, real=0.00 secs] 
2020-10-29T13:18:16.843+0000: [GC (Allocation Failure) 2020-10-29T13:18:16.843+0000: [ParNew: 16388K->4K(18432K), 0.0033057 secs] 482188K->465804K(740128K), 0.0033740 secs] [Times: user=0.01 sys=0.00, real=0.00 secs] 
2020-10-29T13:18:16.862+0000: [GC (Allocation Failure) 2020-10-29T13:18:16.862+0000: [ParNew: 16388K->4K(18432K), 0.0032930 secs] 482188K->465804K(740128K), 0.0033575 secs] [Times: user=0.00 sys=0.00, real=0.00 secs] 
2020-10-29T13:18:16.881+0000: [GC (Allocation Failure) 2020-10-29T13:18:16.881+0000: [ParNew: 16388K->4K(18432K), 0.0032719 secs] 482188K->465804K(740128K), 0.0033373 secs] [Times: user=0.00 sys=0.00, real=0.00 secs] 
2020-10-29T13:18:16.903+0000: [GC (Allocation Failure) 2020-10-29T13:18:16.903+0000: [ParNew: 16388K->4K(18432K), 0.0033029 secs] 482188K->465804K(740128K), 0.0033660 secs] [Times: user=0.00 sys=0.00, real=0.00 secs] 
2020-10-29T13:18:16.923+0000: [GC (Allocation Failure) 2020-10-29T13:18:16.923+0000: [ParNew: 16388K->4K(18432K), 0.0032856 secs] 482188K->465804K(740128K), 0.0033523 secs] [Times: user=0.01 sys=0.00, real=0.00 secs] 
2020-10-29T13:18:16.942+0000: [GC (Allocation Failure) 2020-10-29T13:18:16.942+0000: [ParNew: 16388K->4K(18432K), 0.0032282 secs] 482188K->465804K(740128K), 0.0032914 secs] [Times: user=0.01 sys=0.00, real=0.00 secs] 
2020-10-29T13:18:16.963+0000: [GC (Allocation Failure) 2020-10-29T13:18:16.963+0000: [ParNew: 16388K->4K(18432K), 0.0031519 secs] 482188K->465804K(740128K), 0.0032041 secs] [Times: user=0.00 sys=0.00, real=0.00 secs] 
2020-10-29T13:18:16.983+0000: [GC (Allocation Failure) 2020-10-29T13:18:16.983+0000: [ParNew: 16388K->4K(18432K), 0.0031275 secs] 482188K->465804K(740128K), 0.0031822 secs] [Times: user=0.00 sys=0.00, real=0.00 secs] 
2020-10-29T13:18:17.003+0000: [GC (Allocation Failure) 2020-10-29T13:18:17.003+0000: [ParNew: 16388K->4K(18432K), 0.0046345 secs] 482188K->465804K(740128K), 0.0046901 secs] [Times: user=0.00 sys=0.00, real=0.01 secs] 
2020-10-29T13:18:17.027+0000: [GC (Allocation Failure) 2020-10-29T13:18:17.027+0000: [ParNew: 16388K->4K(18432K), 0.0033298 secs] 482188K->465804K(740128K), 0.0033957 secs] [Times: user=0.01 sys=0.00, real=0.00 secs] 
2020-10-29T13:18:17.046+0000: [GC (Allocation Failure) 2020-10-29T13:18:17.046+0000: [ParNew: 16388K->4K(18432K), 0.0032614 secs] 482188K->465804K(740128K), 0.0033273 secs] [Times: user=0.01 sys=0.00, real=0.01 secs] 
2020-10-29T13:18:17.065+0000: [GC (Allocation Failure) 2020-10-29T13:18:17.065+0000: [ParNew: 16388K->4K(18432K), 0.0032564 secs] 482188K->465804K(740128K), 0.0033284 secs] [Times: user=0.00 sys=0.00, real=0.01 secs] 
2020-10-29T13:18:17.084+0000: [GC (Allocation Failure) 2020-10-29T13:18:17.084+0000: [ParNew: 16388K->4K(18432K), 0.0032275 secs] 482188K->465804K(740128K), 0.0032896 secs] [Times: user=0.01 sys=0.00, real=0.01 secs] 
2020-10-29T13:18:17.102+0000: [GC (Allocation Failure) 2020-10-29T13:18:17.102+0000: [ParNew: 16388K->4K(18432K), 0.0032225 secs] 482188K->465804K(740128K), 0.0033131 secs] [Times: user=0.01 sys=0.00, real=0.00 secs] 
2020-10-29T13:18:17.121+0000: [GC (Allocation Failure) 2020-10-29T13:18:17.121+0000: [ParNew: 16388K->4K(18432K), 0.0032584 secs] 482188K->465804K(740128K), 0.0033305 secs] [Times: user=0.00 sys=0.00, real=0.00 secs] 
2020-10-29T13:18:17.143+0000: [GC (Allocation Failure) 2020-10-29T13:18:17.143+0000: [ParNew: 16388K->4K(18432K), 0.0033082 secs] 482188K->465804K(740128K), 0.0033739 secs] [Times: user=0.00 sys=0.00, real=0.00 secs] 
2020-10-29T13:18:17.163+0000: [GC (Allocation Failure) 2020-10-29T13:18:17.163+0000: [ParNew: 16388K->4K(18432K), 0.0032386 secs] 482188K->465804K(740128K), 0.0033025 secs] [Times: user=0.00 sys=0.00, real=0.00 secs] 
2020-10-29T13:18:17.181+0000: [GC (Allocation Failure) 2020-10-29T13:18:17.182+0000: [ParNew: 16388K->4K(18432K), 0.0032141 secs] 482188K->465804K(740128K), 0.0032716 secs] [Times: user=0.01 sys=0.00, real=0.00 secs] 
2020-10-29T13:18:17.200+0000: [GC (Allocation Failure) 2020-10-29T13:18:17.200+0000: [ParNew: 16388K->4K(18432K), 0.0031902 secs] 482188K->465804K(740128K), 0.0032502 secs] [Times: user=0.00 sys=0.00, real=0.00 secs] 
2020-10-29T13:18:17.223+0000: [GC (Allocation Failure) 2020-10-29T13:18:17.223+0000: [ParNew: 16388K->4K(18432K), 0.0033054 secs] 482188K->465804K(740128K), 0.0033709 secs] [Times: user=0.00 sys=0.00, real=0.00 secs] 
2020-10-29T13:18:17.243+0000: [GC (Allocation Failure) 2020-10-29T13:18:17.243+0000: [ParNew: 16388K->4K(18432K), 0.0032190 secs] 482188K->465804K(740128K), 0.0032812 secs] [Times: user=0.00 sys=0.00, real=0.00 secs] 
2020-10-29T13:18:17.262+0000: [GC (Allocation Failure) 2020-10-29T13:18:17.262+0000: [ParNew: 16388K->4K(18432K), 0.0033040 secs] 482188K->465804K(740128K), 0.0033670 secs] [Times: user=0.01 sys=0.00, real=0.00 secs] 
2020-10-29T13:18:17.281+0000: [GC (Allocation Failure) 2020-10-29T13:18:17.281+0000: [ParNew: 16388K->4K(18432K), 0.0033040 secs] 482188K->465804K(740128K), 0.0033714 secs] [Times: user=0.01 sys=0.00, real=0.00 secs] 
2020-10-29T13:18:17.303+0000: [GC (Allocation Failure) 2020-10-29T13:18:17.303+0000: [ParNew: 16388K->4K(18432K), 0.0032778 secs] 482188K->465804K(740128K), 0.0033429 secs] [Times: user=0.00 sys=0.00, real=0.00 secs] 
2020-10-29T13:18:17.322+0000: [GC (Allocation Failure) 2020-10-29T13:18:17.322+0000: [ParNew: 16388K->4K(18432K), 0.0034226 secs] 482188K->465804K(740128K), 0.0034915 secs] [Times: user=0.01 sys=0.00, real=0.00 secs] 
2020-10-29T13:18:17.341+0000: [GC (Allocation Failure) 2020-10-29T13:18:17.341+0000: [ParNew: 16388K->4K(18432K), 0.0034982 secs] 482188K->465804K(740128K), 0.0035673 secs] [Times: user=0.01 sys=0.00, real=0.00 secs] 
2020-10-29T13:18:17.363+0000: [GC (Allocation Failure) 2020-10-29T13:18:17.363+0000: [ParNew: 16388K->4K(18432K), 0.0033312 secs] 482188K->465804K(740128K), 0.0033970 secs] [Times: user=0.01 sys=0.00, real=0.00 secs] 
2020-10-29T13:18:17.383+0000: [GC (Allocation Failure) 2020-10-29T13:18:17.383+0000: [ParNew: 16388K->4K(18432K), 0.0032890 secs] 482188K->465804K(740128K), 0.0033552 secs] [Times: user=0.01 sys=0.00, real=0.00 secs] 
2020-10-29T13:18:17.402+0000: [GC (Allocation Failure) 2020-10-29T13:18:17.402+0000: [ParNew: 16388K->4K(18432K), 0.0033195 secs] 482188K->465804K(740128K), 0.0033867 secs] [Times: user=0.00 sys=0.00, real=0.00 secs] 
2020-10-29T13:18:17.423+0000: [GC (Allocation Failure) 2020-10-29T13:18:17.423+0000: [ParNew: 16388K->4K(18432K), 0.0033506 secs] 482188K->465804K(740128K), 0.0034172 secs] [Times: user=0.00 sys=0.00, real=0.00 secs] 
2020-10-29T13:18:17.443+0000: [GC (Allocation Failure) 2020-10-29T13:18:17.443+0000: [ParNew: 16388K->4K(18432K), 0.0032343 secs] 482188K->465804K(740128K), 0.0032981 secs] [Times: user=0.01 sys=0.00, real=0.00 secs] 
2020-10-29T13:18:17.463+0000: [GC (Allocation Failure) 2020-10-29T13:18:17.463+0000: [ParNew: 16388K->4K(18432K), 0.0032856 secs] 482188K->465804K(740128K), 0.0033534 secs] [Times: user=0.01 sys=0.00, real=0.00 secs] 
2020-10-29T13:18:17.483+0000: [GC (Allocation Failure) 2020-10-29T13:18:17.483+0000: [ParNew: 16388K->4K(18432K), 0.0032075 secs] 482188K->465804K(740128K), 0.0032703 secs] [Times: user=0.00 sys=0.00, real=0.00 secs] 
2020-10-29T13:18:17.502+0000: [GC (Allocation Failure) 2020-10-29T13:18:17.502+0000: [ParNew: 16388K->4K(18432K), 0.0033263 secs] 482188K->465804K(740128K), 0.0033922 secs] [Times: user=0.01 sys=0.00, real=0.00 secs] 
2020-10-29T13:18:17.523+0000: [GC (Allocation Failure) 2020-10-29T13:18:17.523+0000: [ParNew: 16388K->4K(18432K), 0.0032214 secs] 482188K->465804K(740128K), 0.0032845 secs] [Times: user=0.01 sys=0.00, real=0.00 secs] 
2020-10-29T13:18:17.542+0000: [GC (Allocation Failure) 2020-10-29T13:18:17.542+0000: [ParNew: 16388K->2K(18432K), 0.0070950 secs] 482188K->465802K(740128K), 0.0071665 secs] [Times: user=0.01 sys=0.00, real=0.01 secs] 
2020-10-29T13:18:17.567+0000: [GC (Allocation Failure) 2020-10-29T13:18:17.567+0000: [ParNew: 16386K->4K(18432K), 0.0033300 secs] 482186K->465804K(740128K), 0.0034000 secs] [Times: user=0.00 sys=0.00, real=0.00 secs] 
2020-10-29T13:18:17.586+0000: [GC (Allocation Failure) 2020-10-29T13:18:17.586+0000: [ParNew: 16388K->4K(18432K), 0.0033198 secs] 482188K->465804K(740128K), 0.0033878 secs] [Times: user=0.01 sys=0.00, real=0.01 secs] 
2020-10-29T13:18:17.605+0000: [GC (Allocation Failure) 2020-10-29T13:18:17.605+0000: [ParNew: 16388K->4K(18432K), 0.0033914 secs] 482188K->465804K(740128K), 0.0034586 secs] [Times: user=0.01 sys=0.00, real=0.01 secs] 
2020-10-29T13:18:17.624+0000: [GC (Allocation Failure) 2020-10-29T13:18:17.624+0000: [ParNew: 16388K->4K(18432K), 0.0031599 secs] 482188K->465804K(740128K), 0.0032203 secs] [Times: user=0.01 sys=0.00, real=0.01 secs] 
2020-10-29T13:18:17.647+0000: [GC (Allocation Failure) 2020-10-29T13:18:17.647+0000: [ParNew: 16388K->4K(18432K), 0.0032180 secs] 482188K->465804K(740128K), 0.0032809 secs] [Times: user=0.01 sys=0.00, real=0.00 secs] 
2020-10-29T13:18:17.666+0000: [GC (Allocation Failure) 2020-10-29T13:18:17.666+0000: [ParNew: 16388K->4K(18432K), 0.0034472 secs] 482188K->465804K(740128K), 0.0035163 secs] [Times: user=0.00 sys=0.00, real=0.01 secs] 
2020-10-29T13:18:17.691+0000: [GC (Allocation Failure) 2020-10-29T13:18:17.691+0000: [ParNew: 16388K->4K(18432K), 0.0033664 secs] 482188K->465804K(740128K), 0.0034358 secs] [Times: user=0.00 sys=0.00, real=0.01 secs] 
2020-10-29T13:18:17.749+0000: [GC (Allocation Failure) 2020-10-29T13:18:17.749+0000: [ParNew: 16388K->4K(18432K), 0.0033651 secs] 482188K->465804K(740128K), 0.0034420 secs] [Times: user=0.00 sys=0.00, real=0.00 secs] 
2020-10-29T13:18:17.784+0000: [GC (Allocation Failure) 2020-10-29T13:18:17.784+0000: [ParNew: 16388K->4K(18432K), 0.0034097 secs] 482188K->465804K(740128K), 0.0034825 secs] [Times: user=0.00 sys=0.00, real=0.01 secs] 
2020-10-29T13:18:19.920+0000: [GC (Allocation Failure) 2020-10-29T13:18:19.920+0000: [ParNew: 16388K->300K(18432K), 0.0037665 secs] 482188K->466101K(740128K), 0.0038218 secs] [Times: user=0.01 sys=0.00, real=0.00 secs] 
2020-10-29T13:18:20.040+0000: [GC (Allocation Failure) 2020-10-29T13:18:20.040+0000: [ParNew: 16684K->1496K(18432K), 0.0047900 secs] 482485K->467296K(740128K), 0.0048795 secs] [Times: user=0.01 sys=0.00, real=0.00 secs] 
2020-10-29T13:18:20.098+0000: [GC (Allocation Failure) 2020-10-29T13:18:20.098+0000: [ParNew: 17880K->619K(18432K), 0.0055687 secs] 483680K->467730K(740128K), 0.0056435 secs] [Times: user=0.01 sys=0.00, real=0.00 secs] 
2020-10-29T13:18:20.154+0000: [GC (Allocation Failure) 2020-10-29T13:18:20.154+0000: [ParNew: 17003K->605K(18432K), 0.0034239 secs] 484114K->467716K(740128K), 0.0034986 secs] [Times: user=0.01 sys=0.00, real=0.01 secs] 
2020-10-29T13:18:20.189+0000: [GC (Allocation Failure) 2020-10-29T13:18:20.189+0000: [ParNew: 16989K->1050K(18432K), 0.0035313 secs] 484100K->468161K(740128K), 0.0036214 secs] [Times: user=0.01 sys=0.00, real=0.00 secs] 
2020-10-29T13:18:20.230+0000: [GC (Allocation Failure) 2020-10-29T13:18:20.230+0000: [ParNew: 17434K->523K(18432K), 0.0035498 secs] 484545K->467902K(740128K), 0.0036395 secs] [Times: user=0.01 sys=0.00, real=0.00 secs] 
2020-10-29T13:18:20.259+0000: [GC (Allocation Failure) 2020-10-29T13:18:20.259+0000: [ParNew: 16907K->1543K(18432K), 0.0039056 secs] 484286K->468922K(740128K), 0.0040014 secs] [Times: user=0.01 sys=0.00, real=0.00 secs] 
2020-10-29T13:18:20.295+0000: [GC (Allocation Failure) 2020-10-29T13:18:20.295+0000: [ParNew: 17927K->5K(18432K), 0.0048826 secs] 485306K->468411K(740128K), 0.0049845 secs] [Times: user=0.01 sys=0.00, real=0.00 secs] 
2020-10-29T13:18:20.325+0000: [GC (Allocation Failure) 2020-10-29T13:18:20.325+0000: [ParNew: 16389K->4K(18432K), 0.0032114 secs] 484795K->468410K(740128K), 0.0032749 secs] [Times: user=0.01 sys=0.00, real=0.01 secs] 
2020-10-29T13:18:20.354+0000: [GC (Allocation Failure) 2020-10-29T13:18:20.354+0000: [ParNew: 16388K->1028K(18432K), 0.0036728 secs] 484794K->470458K(740128K), 0.0037375 secs] [Times: user=0.01 sys=0.00, real=0.01 secs] 
2020-10-29T13:18:20.387+0000: [GC (Allocation Failure) 2020-10-29T13:18:20.387+0000: [ParNew: 17412K->4K(18432K), 0.0036340 secs] 486842K->470458K(740128K), 0.0037220 secs] [Times: user=0.01 sys=0.00, real=0.00 secs] 
2020-10-29T13:18:20.415+0000: [GC (Allocation Failure) 2020-10-29T13:18:20.415+0000: [ParNew: 16388K->4K(18432K), 0.0034507 secs] 486842K->470458K(740128K), 0.0035209 secs] [Times: user=0.01 sys=0.00, real=0.00 secs] 
2020-10-29T13:18:20.446+0000: [GC (Allocation Failure) 2020-10-29T13:18:20.446+0000: [ParNew: 16388K->4K(18432K), 0.0033241 secs] 486842K->470458K(740128K), 0.0033923 secs] [Times: user=0.00 sys=0.00, real=0.01 secs] 
2020-10-29T13:18:20.476+0000: [GC (Allocation Failure) 2020-10-29T13:18:20.476+0000: [ParNew: 16388K->4K(18432K), 0.0032745 secs] 486842K->470458K(740128K), 0.0033414 secs] [Times: user=0.00 sys=0.00, real=0.00 secs] 
2020-10-29T13:18:20.503+0000: [GC (Allocation Failure) 2020-10-29T13:18:20.503+0000: [ParNew: 16388K->4K(18432K), 0.0032968 secs] 486842K->470458K(740128K), 0.0033632 secs] [Times: user=0.01 sys=0.00, real=0.01 secs] 
2020-10-29T13:18:20.538+0000: [GC (Allocation Failure) 2020-10-29T13:18:20.538+0000: [ParNew: 16388K->4K(18432K), 0.0037674 secs] 486842K->472506K(740128K), 0.0038391 secs] [Times: user=0.01 sys=0.00, real=0.00 secs] 
2020-10-29T13:18:20.568+0000: [GC (Allocation Failure) 2020-10-29T13:18:20.568+0000: [ParNew: 16388K->4K(18432K), 0.0033694 secs] 488890K->472506K(740128K), 0.0034370 secs] [Times: user=0.01 sys=0.00, real=0.00 secs] 
2020-10-29T13:18:20.599+0000: [GC (Allocation Failure) 2020-10-29T13:18:20.599+0000: [ParNew: 16388K->4K(18432K), 0.0033323 secs] 488890K->472506K(740128K), 0.0034138 secs] [Times: user=0.01 sys=0.00, real=0.00 secs] 
2020-10-29T13:18:20.632+0000: [GC (Allocation Failure) 2020-10-29T13:18:20.632+0000: [ParNew: 16388K->4K(18432K), 0.0033459 secs] 488890K->472506K(740128K), 0.0034137 secs] [Times: user=0.00 sys=0.00, real=0.01 secs] 
2020-10-29T13:18:20.666+0000: [GC (Allocation Failure) 2020-10-29T13:18:20.666+0000: [ParNew: 16388K->4K(18432K), 0.0040621 secs] 488890K->474554K(740128K), 0.0041389 secs] [Times: user=0.01 sys=0.00, real=0.01 secs] 
2020-10-29T13:18:20.696+0000: [GC (Allocation Failure) 2020-10-29T13:18:20.696+0000: [ParNew: 16388K->4K(18432K), 0.0033818 secs] 490938K->474554K(740128K), 0.0034516 secs] [Times: user=0.01 sys=0.00, real=0.00 secs] 
2020-10-29T13:18:20.725+0000: [GC (Allocation Failure) 2020-10-29T13:18:20.725+0000: [ParNew: 16388K->4K(18432K), 0.0035434 secs] 490938K->474555K(740128K), 0.0036104 secs] [Times: user=0.00 sys=0.00, real=0.01 secs] 
2020-10-29T13:18:20.755+0000: [GC (Allocation Failure) 2020-10-29T13:18:20.755+0000: [ParNew: 16388K->4K(18432K), 0.0033664 secs] 490939K->474555K(740128K), 0.0034607 secs] [Times: user=0.00 sys=0.00, real=0.00 secs] 
2020-10-29T13:18:20.787+0000: [GC (Allocation Failure) 2020-10-29T13:18:20.787+0000: [ParNew: 16388K->4K(18432K), 0.0034122 secs] 490939K->474555K(740128K), 0.0035068 secs] [Times: user=0.01 sys=0.00, real=0.00 secs] 
2020-10-29T13:18:20.817+0000: [GC (Allocation Failure) 2020-10-29T13:18:20.817+0000: [ParNew: 16388K->4K(18432K), 0.0033153 secs] 490939K->474555K(740128K), 0.0033839 secs] [Times: user=0.01 sys=0.00, real=0.00 secs] 
2020-10-29T13:18:20.847+0000: [GC (Allocation Failure) 2020-10-29T13:18:20.847+0000: [ParNew: 16388K->4K(18432K), 0.0052833 secs] 490939K->474555K(740128K), 0.0053506 secs] [Times: user=0.01 sys=0.00, real=0.00 secs] 
2020-10-29T13:18:20.895+0000: [GC (Allocation Failure) 2020-10-29T13:18:20.895+0000: [ParNew: 16388K->4K(18432K), 0.0033165 secs] 490939K->474555K(740128K), 0.0033854 secs] [Times: user=0.01 sys=0.00, real=0.00 secs] 
2020-10-29T13:18:20.928+0000: [GC (Allocation Failure) 2020-10-29T13:18:20.928+0000: [ParNew: 16388K->4K(18432K), 0.0109038 secs] 490939K->474555K(740128K), 0.0109697 secs] [Times: user=0.02 sys=0.00, real=0.01 secs] 
2020-10-29T13:18:20.977+0000: [GC (Allocation Failure) 2020-10-29T13:18:20.977+0000: [ParNew: 16388K->4K(18432K), 0.0103427 secs] 490939K->474555K(740128K), 0.0104205 secs] [Times: user=0.02 sys=0.00, real=0.01 secs] 
2020-10-29T13:18:21.016+0000: [GC (Allocation Failure) 2020-10-29T13:18:21.016+0000: [ParNew: 16388K->4K(18432K), 0.0078415 secs] 490939K->478651K(740128K), 0.0079336 secs] [Times: user=0.02 sys=0.00, real=0.00 secs] 
2020-10-29T13:18:21.059+0000: [GC (Allocation Failure) 2020-10-29T13:18:21.059+0000: [ParNew: 16388K->4K(18432K), 0.0033312 secs] 495035K->478651K(740128K), 0.0034192 secs] [Times: user=0.01 sys=0.00, real=0.00 secs] 
2020-10-29T13:18:21.103+0000: [GC (Allocation Failure) 2020-10-29T13:18:21.103+0000: [ParNew: 16388K->4K(18432K), 0.0033253 secs] 495035K->478651K(740128K), 0.0033925 secs] [Times: user=0.01 sys=0.00, real=0.00 secs] 
2020-10-29T13:18:21.135+0000: [GC (Allocation Failure) 2020-10-29T13:18:21.135+0000: [ParNew: 16388K->4K(18432K), 0.0032990 secs] 495035K->478651K(740128K), 0.0033664 secs] [Times: user=0.00 sys=0.00, real=0.00 secs] 
2020-10-29T13:18:21.178+0000: [GC (Allocation Failure) 2020-10-29T13:18:21.178+0000: [ParNew: 16388K->4K(18432K), 0.0033594 secs] 495035K->478651K(740128K), 0.0034267 secs] [Times: user=0.01 sys=0.00, real=0.00 secs] 
2020-10-29T13:18:21.207+0000: [GC (Allocation Failure) 2020-10-29T13:18:21.207+0000: [ParNew: 16388K->4K(18432K), 0.0033418 secs] 495035K->478651K(740128K), 0.0034287 secs] [Times: user=0.01 sys=0.00, real=0.00 secs] 
2020-10-29T13:18:21.230+0000: [GC (Allocation Failure) 2020-10-29T13:18:21.230+0000: [ParNew: 16388K->4K(18432K), 0.0033425 secs] 495035K->478651K(740128K), 0.0034249 secs] [Times: user=0.00 sys=0.00, real=0.00 secs] 
2020-10-29T13:18:21.255+0000: [GC (Allocation Failure) 2020-10-29T13:18:21.255+0000: [ParNew: 16388K->4K(18432K), 0.0033425 secs] 495035K->478651K(740128K), 0.0034093 secs] [Times: user=0.01 sys=0.00, real=0.00 secs] 
2020-10-29T13:18:21.279+0000: [GC (Allocation Failure) 2020-10-29T13:18:21.280+0000: [ParNew: 16388K->4K(18432K), 0.0042301 secs] 495035K->482747K(740128K), 0.0043113 secs] [Times: user=0.01 sys=0.00, real=0.00 secs] 
2020-10-29T13:18:21.305+0000: [GC (Allocation Failure) 2020-10-29T13:18:21.305+0000: [ParNew: 16388K->4K(18432K), 0.0032672 secs] 499131K->482747K(740128K), 0.0033295 secs] [Times: user=0.00 sys=0.00, real=0.01 secs] 
2020-10-29T13:18:21.333+0000: [GC (Allocation Failure) 2020-10-29T13:18:21.333+0000: [ParNew: 16388K->4K(18432K), 0.0032653 secs] 499131K->482747K(740128K), 0.0033252 secs] [Times: user=0.01 sys=0.00, real=0.01 secs] 
2020-10-29T13:18:21.359+0000: [GC (Allocation Failure) 2020-10-29T13:18:21.359+0000: [ParNew: 16388K->4K(18432K), 0.0033470 secs] 499131K->482747K(740128K), 0.0034414 secs] [Times: user=0.00 sys=0.00, real=0.00 secs] 
2020-10-29T13:18:21.394+0000: [GC (Allocation Failure) 2020-10-29T13:18:21.394+0000: [ParNew: 16388K->4K(18432K), 0.0033525 secs] 499131K->482747K(740128K), 0.0034201 secs] [Times: user=0.00 sys=0.00, real=0.01 secs] 
2020-10-29T13:18:21.419+0000: [GC (Allocation Failure) 2020-10-29T13:18:21.419+0000: [ParNew: 16388K->4K(18432K), 0.0032475 secs] 499131K->482747K(740128K), 0.0033300 secs] [Times: user=0.01 sys=0.00, real=0.00 secs] 
2020-10-29T13:18:21.453+0000: [GC (Allocation Failure) 2020-10-29T13:18:21.453+0000: [ParNew: 16388K->4K(18432K), 0.0033386 secs] 499131K->482747K(740128K), 0.0034222 secs] [Times: user=0.01 sys=0.00, real=0.01 secs] 
2020-10-29T13:18:21.494+0000: [GC (Allocation Failure) 2020-10-29T13:18:21.494+0000: [ParNew: 16388K->4K(18432K), 0.0034598 secs] 499131K->482747K(740128K), 0.0035614 secs] [Times: user=0.01 sys=0.00, real=0.01 secs] 
2020-10-29T13:18:21.523+0000: [GC (Allocation Failure) 2020-10-29T13:18:21.523+0000: [ParNew: 16388K->4K(18432K), 0.0033804 secs] 499131K->482747K(740128K), 0.0034674 secs] [Times: user=0.01 sys=0.00, real=0.00 secs] 
2020-10-29T13:18:21.547+0000: [GC (Allocation Failure) 2020-10-29T13:18:21.547+0000: [ParNew: 16388K->4K(18432K), 0.0033691 secs] 499131K->482747K(740128K), 0.0034548 secs] [Times: user=0.00 sys=0.01, real=0.00 secs] 
2020-10-29T13:18:21.571+0000: [GC (Allocation Failure) 2020-10-29T13:18:21.571+0000: [ParNew: 16388K->4K(18432K), 0.0033781 secs] 499131K->482747K(740128K), 0.0034646 secs] [Times: user=0.00 sys=0.00, real=0.00 secs] 
2020-10-29T13:18:21.610+0000: [GC (Allocation Failure) 2020-10-29T13:18:21.610+0000: [ParNew: 16388K->4K(18432K), 0.0033573 secs] 499131K->482747K(740128K), 0.0034483 secs] [Times: user=0.01 sys=0.00, real=0.00 secs] 
2020-10-29T13:18:21.649+0000: [GC (Allocation Failure) 2020-10-29T13:18:21.649+0000: [ParNew: 16388K->4K(18432K), 0.0034627 secs] 499131K->482747K(740128K), 0.0035514 secs] [Times: user=0.01 sys=0.00, real=0.00 secs] 
2020-10-29T13:18:21.686+0000: [GC (Allocation Failure) 2020-10-29T13:18:21.686+0000: [ParNew: 16388K->4K(18432K), 0.0033253 secs] 499131K->482747K(740128K), 0.0034105 secs] [Times: user=0.01 sys=0.00, real=0.01 secs] 
2020-10-29T13:18:21.711+0000: [GC (Allocation Failure) 2020-10-29T13:18:21.711+0000: [ParNew: 16388K->4K(18432K), 0.0033272 secs] 499131K->482747K(740128K), 0.0033956 secs] [Times: user=0.01 sys=0.00, real=0.00 secs] 
2020-10-29T13:18:21.730+0000: [GC (Allocation Failure) 2020-10-29T13:18:21.730+0000: [ParNew: 16388K->4K(18432K), 0.0032466 secs] 499131K->482747K(740128K), 0.0033108 secs] [Times: user=0.00 sys=0.00, real=0.00 secs] 
2020-10-29T13:18:21.749+0000: [GC (Allocation Failure) 2020-10-29T13:18:21.749+0000: [ParNew: 16388K->4K(18432K), 0.0031621 secs] 499131K->482747K(740128K), 0.0032233 secs] [Times: user=0.00 sys=0.00, real=0.00 secs] 
2020-10-29T13:18:21.767+0000: [GC (Allocation Failure) 2020-10-29T13:18:21.767+0000: [ParNew: 16388K->4K(18432K), 0.0031601 secs] 499131K->482747K(740128K), 0.0032212 secs] [Times: user=0.00 sys=0.00, real=0.00 secs] 
2020-10-29T13:18:21.786+0000: [GC (Allocation Failure) 2020-10-29T13:18:21.786+0000: [ParNew: 16388K->4K(18432K), 0.0028671 secs] 499131K->482747K(740128K), 0.0029237 secs] [Times: user=0.01 sys=0.00, real=0.01 secs] 
2020-10-29T13:18:21.807+0000: [GC (Allocation Failure) 2020-10-29T13:18:21.807+0000: [ParNew: 16388K->4K(18432K), 0.0027421 secs] 499131K->482747K(740128K), 0.0027942 secs] [Times: user=0.00 sys=0.00, real=0.00 secs] 
2020-10-29T13:18:21.831+0000: [GC (Allocation Failure) 2020-10-29T13:18:21.831+0000: [ParNew: 16388K->4K(18432K), 0.0030253 secs] 499131K->482747K(740128K), 0.0031091 secs] [Times: user=0.00 sys=0.00, real=0.00 secs] 
2020-10-29T13:18:21.851+0000: [GC (Allocation Failure) 2020-10-29T13:18:21.851+0000: [ParNew: 16388K->4K(18432K), 0.0031163 secs] 499131K->482747K(740128K), 0.0031765 secs] [Times: user=0.00 sys=0.00, real=0.00 secs] 
2020-10-29T13:18:21.869+0000: [GC (Allocation Failure) 2020-10-29T13:18:21.869+0000: [ParNew: 16388K->4K(18432K), 0.0028086 secs] 499131K->482747K(740128K), 0.0028613 secs] [Times: user=0.01 sys=0.00, real=0.00 secs] 
2020-10-29T13:18:21.889+0000: [GC (Allocation Failure) 2020-10-29T13:18:21.889+0000: [ParNew: 16388K->4K(18432K), 0.0030739 secs] 499131K->482747K(740128K), 0.0031330 secs] [Times: user=0.00 sys=0.00, real=0.00 secs] 
2020-10-29T13:18:21.907+0000: [GC (Allocation Failure) 2020-10-29T13:18:21.907+0000: [ParNew: 16388K->4K(18432K), 0.0030680 secs] 499131K->482747K(740128K), 0.0031230 secs] [Times: user=0.01 sys=0.00, real=0.00 secs] 
2020-10-29T13:18:21.925+0000: [GC (Allocation Failure) 2020-10-29T13:18:21.925+0000: [ParNew: 16388K->4K(18432K), 0.0032695 secs] 499131K->482747K(740128K), 0.0033384 secs] [Times: user=0.00 sys=0.00, real=0.01 secs] 
2020-10-29T13:18:21.944+0000: [GC (Allocation Failure) 2020-10-29T13:18:21.944+0000: [ParNew: 16388K->4K(18432K), 0.0032029 secs] 499131K->482748K(740128K), 0.0032624 secs] [Times: user=0.01 sys=0.00, real=0.01 secs] 
2020-10-29T13:18:21.962+0000: [GC (Allocation Failure) 2020-10-29T13:18:21.962+0000: [ParNew: 16388K->4K(18432K), 0.0030233 secs] 499132K->482748K(740128K), 0.0030812 secs] [Times: user=0.00 sys=0.00, real=0.00 secs] 
2020-10-29T13:18:21.980+0000: [GC (Allocation Failure) 2020-10-29T13:18:21.981+0000: [ParNew: 16388K->4K(18432K), 0.0030888 secs] 499132K->482748K(740128K), 0.0031452 secs] [Times: user=0.01 sys=0.00, real=0.00 secs] 
2020-10-29T13:18:21.999+0000: [GC (Allocation Failure) 2020-10-29T13:18:21.999+0000: [ParNew: 16388K->4K(18432K), 0.0029857 secs] 499132K->482748K(740128K), 0.0030465 secs] [Times: user=0.01 sys=0.00, real=0.00 secs] 
2020-10-29T13:18:22.019+0000: [GC (Allocation Failure) 2020-10-29T13:18:22.019+0000: [ParNew: 16388K->4K(18432K), 0.0029863 secs] 499132K->482748K(740128K), 0.0030373 secs] [Times: user=0.01 sys=0.00, real=0.00 secs] 
2020-10-29T13:18:22.042+0000: [GC (Allocation Failure) 2020-10-29T13:18:22.042+0000: [ParNew: 16388K->4K(18432K), 0.0032665 secs] 499132K->482748K(740128K), 0.0033310 secs] [Times: user=0.00 sys=0.00, real=0.00 secs] 
2020-10-29T13:18:22.063+0000: [GC (Allocation Failure) 2020-10-29T13:18:22.063+0000: [ParNew: 16388K->4K(18432K), 0.0036437 secs] 499132K->482748K(740128K), 0.0037212 secs] [Times: user=0.00 sys=0.00, real=0.00 secs] 
2020-10-29T13:18:22.086+0000: [GC (Allocation Failure) 2020-10-29T13:18:22.086+0000: [ParNew: 16388K->4K(18432K), 0.0033881 secs] 499132K->482748K(740128K), 0.0034542 secs] [Times: user=0.00 sys=0.00, real=0.01 secs] 
2020-10-29T13:18:22.107+0000: [GC (Allocation Failure) 2020-10-29T13:18:22.107+0000: [ParNew: 16388K->4K(18432K), 0.0034242 secs] 499132K->482748K(740128K), 0.0034937 secs] [Times: user=0.01 sys=0.00, real=0.00 secs] 
2020-10-29T13:18:22.126+0000: [GC (Allocation Failure) 2020-10-29T13:18:22.126+0000: [ParNew: 16388K->4K(18432K), 0.0034569 secs] 499132K->482748K(740128K), 0.0035216 secs] [Times: user=0.00 sys=0.00, real=0.01 secs] 
2020-10-29T13:18:22.144+0000: [GC (Allocation Failure) 2020-10-29T13:18:22.144+0000: [ParNew: 16388K->4K(18432K), 0.0033755 secs] 499132K->482748K(740128K), 0.0034371 secs] [Times: user=0.01 sys=0.00, real=0.01 secs] 
2020-10-29T13:18:22.163+0000: [GC (Allocation Failure) 2020-10-29T13:18:22.163+0000: [ParNew: 16388K->4K(18432K), 0.0033219 secs] 499132K->482748K(740128K), 0.0033872 secs] [Times: user=0.01 sys=0.00, real=0.00 secs] 
2020-10-29T13:18:22.182+0000: [GC (Allocation Failure) 2020-10-29T13:18:22.182+0000: [ParNew: 16388K->4K(18432K), 0.0033333 secs] 499132K->482748K(740128K), 0.0033988 secs] [Times: user=0.00 sys=0.00, real=0.00 secs] 
2020-10-29T13:18:22.201+0000: [GC (Allocation Failure) 2020-10-29T13:18:22.201+0000: [ParNew: 16388K->4K(18432K), 0.0033418 secs] 499132K->482748K(740128K), 0.0034087 secs] [Times: user=0.01 sys=0.00, real=0.00 secs] 
2020-10-29T13:18:22.223+0000: [GC (Allocation Failure) 2020-10-29T13:18:22.223+0000: [ParNew: 16388K->4K(18432K), 0.0032758 secs] 499132K->482748K(740128K), 0.0033411 secs] [Times: user=0.01 sys=0.00, real=0.00 secs] 
2020-10-29T13:18:22.243+0000: [GC (Allocation Failure) 2020-10-29T13:18:22.243+0000: [ParNew: 16388K->4K(18432K), 0.0033018 secs] 499132K->482748K(740128K), 0.0033682 secs] [Times: user=0.00 sys=0.00, real=0.00 secs] 
2020-10-29T13:18:22.261+0000: [GC (Allocation Failure) 2020-10-29T13:18:22.262+0000: [ParNew: 16388K->4K(18432K), 0.0032161 secs] 499132K->482748K(740128K), 0.0032779 secs] [Times: user=0.01 sys=0.00, real=0.00 secs] 
2020-10-29T13:18:22.283+0000: [GC (Allocation Failure) 2020-10-29T13:18:22.283+0000: [ParNew: 16388K->4K(18432K), 0.0032612 secs] 499132K->482748K(740128K), 0.0033230 secs] [Times: user=0.01 sys=0.00, real=0.00 secs] 
2020-10-29T13:18:22.301+0000: [GC (Allocation Failure) 2020-10-29T13:18:22.301+0000: [ParNew: 16388K->4K(18432K), 0.0031717 secs] 499132K->482748K(740128K), 0.0032299 secs] [Times: user=0.01 sys=0.00, real=0.00 secs] 
2020-10-29T13:18:22.320+0000: [GC (Allocation Failure) 2020-10-29T13:18:22.320+0000: [ParNew: 16388K->4K(18432K), 0.0031394 secs] 499132K->482748K(740128K), 0.0032127 secs] [Times: user=0.01 sys=0.00, real=0.00 secs] 
2020-10-29T13:18:22.340+0000: [GC (Allocation Failure) 2020-10-29T13:18:22.340+0000: [ParNew: 16388K->4K(18432K), 0.0031358 secs] 499132K->482748K(740128K), 0.0031940 secs] [Times: user=0.01 sys=0.00, real=0.00 secs] 
2020-10-29T13:18:22.363+0000: [GC (Allocation Failure) 2020-10-29T13:18:22.363+0000: [ParNew: 16388K->4K(18432K), 0.0031679 secs] 499132K->482748K(740128K), 0.0032279 secs] [Times: user=0.01 sys=0.00, real=0.00 secs] 
2020-10-29T13:18:22.381+0000: [GC (Allocation Failure) 2020-10-29T13:18:22.381+0000: [ParNew: 16388K->4K(18432K), 0.0032294 secs] 499132K->482748K(740128K), 0.0032929 secs] [Times: user=0.01 sys=0.00, real=0.00 secs] 
2020-10-29T13:18:22.399+0000: [GC (Allocation Failure) 2020-10-29T13:18:22.399+0000: [ParNew: 16388K->4K(18432K), 0.0032455 secs] 499132K->482748K(740128K), 0.0033066 secs] [Times: user=0.01 sys=0.00, real=0.00 secs] 
2020-10-29T13:18:22.418+0000: [GC (Allocation Failure) 2020-10-29T13:18:22.418+0000: [ParNew: 16388K->4K(18432K), 0.0032359 secs] 499132K->482748K(740128K), 0.0032993 secs] [Times: user=0.00 sys=0.00, real=0.00 secs] 
2020-10-29T13:18:22.439+0000: [GC (Allocation Failure) 2020-10-29T13:18:22.439+0000: [ParNew: 16388K->4K(18432K), 0.0030653 secs] 499132K->482748K(740128K), 0.0031193 secs] [Times: user=0.00 sys=0.00, real=0.00 secs] 
2020-10-29T13:18:22.457+0000: [GC (Allocation Failure) 2020-10-29T13:18:22.457+0000: [ParNew: 16388K->4K(18432K), 0.0032510 secs] 499132K->482748K(740128K), 0.0033126 secs] [Times: user=0.01 sys=0.00, real=0.00 secs] 
2020-10-29T13:18:22.476+0000: [GC (Allocation Failure) 2020-10-29T13:18:22.476+0000: [ParNew: 16388K->4K(18432K), 0.0032320 secs] 499132K->482748K(740128K), 0.0032936 secs] [Times: user=0.01 sys=0.00, real=0.00 secs] 
2020-10-29T13:18:22.495+0000: [GC (Allocation Failure) 2020-10-29T13:18:22.495+0000: [ParNew: 16388K->4K(18432K), 0.0030939 secs] 499132K->482748K(740128K), 0.0031525 secs] [Times: user=0.01 sys=0.00, real=0.00 secs] 
2020-10-29T13:18:22.513+0000: [GC (Allocation Failure) 2020-10-29T13:18:22.513+0000: [ParNew: 16388K->4K(18432K), 0.0032477 secs] 499132K->482748K(740128K), 0.0033106 secs] [Times: user=0.00 sys=0.00, real=0.01 secs] 
2020-10-29T13:18:22.535+0000: [GC (Allocation Failure) 2020-10-29T13:18:22.535+0000: [ParNew: 16388K->4K(18432K), 0.0032745 secs] 499132K->482748K(740128K), 0.0033387 secs] [Times: user=0.00 sys=0.00, real=0.00 secs] 
2020-10-29T13:18:22.553+0000: [GC (Allocation Failure) 2020-10-29T13:18:22.553+0000: [ParNew: 16388K->4K(18432K), 0.0032821 secs] 499132K->482748K(740128K), 0.0033444 secs] [Times: user=0.01 sys=0.00, real=0.01 secs] 
2020-10-29T13:18:22.575+0000: [GC (Allocation Failure) 2020-10-29T13:18:22.575+0000: [ParNew: 16388K->4K(18432K), 0.0032614 secs] 499132K->482748K(740128K), 0.0033227 secs] [Times: user=0.01 sys=0.00, real=0.00 secs] 
2020-10-29T13:18:22.595+0000: [GC (Allocation Failure) 2020-10-29T13:18:22.595+0000: [ParNew: 16388K->4K(18432K), 0.0032627 secs] 499132K->482748K(740128K), 0.0033297 secs] [Times: user=0.01 sys=0.00, real=0.00 secs] 
2020-10-29T13:18:22.613+0000: [GC (Allocation Failure) 2020-10-29T13:18:22.613+0000: [ParNew: 16388K->4K(18432K), 0.0031646 secs] 499132K->482748K(740128K), 0.0032235 secs] [Times: user=0.01 sys=0.00, real=0.01 secs] 
2020-10-29T13:18:22.632+0000: [GC (Allocation Failure) 2020-10-29T13:18:22.632+0000: [ParNew: 16388K->4K(18432K), 0.0031760 secs] 499132K->482748K(740128K), 0.0032356 secs] [Times: user=0.01 sys=0.00, real=0.01 secs] 
2020-10-29T13:18:22.650+0000: [GC (Allocation Failure) 2020-10-29T13:18:22.650+0000: [ParNew: 16388K->4K(18432K), 0.0031241 secs] 499132K->482748K(740128K), 0.0031765 secs] [Times: user=0.01 sys=0.00, real=0.00 secs] 
2020-10-29T13:18:22.669+0000: [GC (Allocation Failure) 2020-10-29T13:18:22.669+0000: [ParNew: 16388K->4K(18432K), 0.0033777 secs] 499132K->482748K(740128K), 0.0034561 secs] [Times: user=0.00 sys=0.00, real=0.00 secs] 
2020-10-29T13:18:22.691+0000: [GC (Allocation Failure) 2020-10-29T13:18:22.691+0000: [ParNew: 16388K->4K(18432K), 0.0033817 secs] 499132K->482748K(740128K), 0.0034601 secs] [Times: user=0.00 sys=0.00, real=0.00 secs] 
2020-10-29T13:18:22.710+0000: [GC (Allocation Failure) 2020-10-29T13:18:22.710+0000: [ParNew: 16388K->4K(18432K), 0.0033571 secs] 499132K->482748K(740128K), 0.0034327 secs] [Times: user=0.01 sys=0.00, real=0.00 secs] 
2020-10-29T13:18:22.729+0000: [GC (Allocation Failure) 2020-10-29T13:18:22.729+0000: [ParNew: 16388K->4K(18432K), 0.0034491 secs] 499132K->482748K(740128K), 0.0035147 secs] [Times: user=0.01 sys=0.00, real=0.00 secs] 
2020-10-29T13:18:22.747+0000: [GC (Allocation Failure) 2020-10-29T13:18:22.747+0000: [ParNew: 16388K->4K(18432K), 0.0036301 secs] 499132K->482748K(740128K), 0.0036958 secs] [Times: user=0.01 sys=0.00, real=0.00 secs] 
2020-10-29T13:18:22.771+0000: [GC (Allocation Failure) 2020-10-29T13:18:22.771+0000: [ParNew: 16388K->4K(18432K), 0.0033151 secs] 499132K->482748K(740128K), 0.0033845 secs] [Times: user=0.01 sys=0.00, real=0.00 secs] 
2020-10-29T13:18:22.789+0000: [GC (Allocation Failure) 2020-10-29T13:18:22.789+0000: [ParNew: 16388K->4K(18432K), 0.0031830 secs] 499132K->482748K(740128K), 0.0032510 secs] [Times: user=0.01 sys=0.00, real=0.00 secs] 
2020-10-29T13:18:22.808+0000: [GC (Allocation Failure) 2020-10-29T13:18:22.808+0000: [ParNew: 16388K->4K(18432K), 0.0033300 secs] 499132K->482748K(740128K), 0.0033895 secs] [Times: user=0.01 sys=0.00, real=0.00 secs] 
2020-10-29T13:18:22.827+0000: [GC (Allocation Failure) 2020-10-29T13:18:22.827+0000: [ParNew: 16388K->4K(18432K), 0.0035511 secs] 499132K->482748K(740128K), 0.0036388 secs] [Times: user=0.00 sys=0.00, real=0.01 secs] 
2020-10-29T13:18:22.846+0000: [GC (Allocation Failure) 2020-10-29T13:18:22.846+0000: [ParNew: 16388K->4K(18432K), 0.0031243 secs] 499132K->482748K(740128K), 0.0031969 secs] [Times: user=0.00 sys=0.00, real=0.01 secs] 
2020-10-29T13:18:22.864+0000: [GC (Allocation Failure) 2020-10-29T13:18:22.864+0000: [ParNew: 16388K->4K(18432K), 0.0029896 secs] 499132K->482748K(740128K), 0.0030436 secs] [Times: user=0.01 sys=0.00, real=0.01 secs] 
2020-10-29T13:18:22.882+0000: [GC (Allocation Failure) 2020-10-29T13:18:22.882+0000: [ParNew: 16388K->4K(18432K), 0.0029469 secs] 499132K->482748K(740128K), 0.0029987 secs] [Times: user=0.01 sys=0.00, real=0.00 secs] 
2020-10-29T13:18:22.900+0000: [GC (Allocation Failure) 2020-10-29T13:18:22.900+0000: [ParNew: 16388K->4K(18432K), 0.0029019 secs] 499132K->482748K(740128K), 0.0029601 secs] [Times: user=0.00 sys=0.00, real=0.00 secs] 
2020-10-29T13:18:22.919+0000: [GC (Allocation Failure) 2020-10-29T13:18:22.919+0000: [ParNew: 16388K->4K(18432K), 0.0030132 secs] 499132K->482748K(740128K), 0.0030685 secs] [Times: user=0.00 sys=0.00, real=0.00 secs] 
2020-10-29T13:18:22.937+0000: [GC (Allocation Failure) 2020-10-29T13:18:22.937+0000: [ParNew: 16388K->4K(18432K), 0.0030460 secs] 499132K->482748K(740128K), 0.0031011 secs] [Times: user=0.01 sys=0.00, real=0.00 secs] 
2020-10-29T13:18:22.959+0000: [GC (Allocation Failure) 2020-10-29T13:18:22.959+0000: [ParNew: 16388K->4K(18432K), 0.0036660 secs] 499132K->482748K(740128K), 0.0037212 secs] [Times: user=0.00 sys=0.00, real=0.00 secs] 
2020-10-29T13:18:22.978+0000: [GC (Allocation Failure) 2020-10-29T13:18:22.978+0000: [ParNew: 16388K->4K(18432K), 0.0033494 secs] 499132K->482748K(740128K), 0.0034120 secs] [Times: user=0.01 sys=0.00, real=0.00 secs] 
2020-10-29T13:18:22.996+0000: [GC (Allocation Failure) 2020-10-29T13:18:22.997+0000: [ParNew: 16388K->4K(18432K), 0.0033541 secs] 499132K->482748K(740128K), 0.0034347 secs] [Times: user=0.01 sys=0.00, real=0.00 secs] 
2020-10-29T13:18:23.015+0000: [GC (Allocation Failure) 2020-10-29T13:18:23.015+0000: [ParNew: 16388K->4K(18432K), 0.0033069 secs] 499132K->482748K(740128K), 0.0033698 secs] [Times: user=0.01 sys=0.00, real=0.00 secs] 
2020-10-29T13:18:23.034+0000: [GC (Allocation Failure) 2020-10-29T13:18:23.034+0000: [ParNew: 16388K->4K(18432K), 0.0048071 secs] 499132K->482748K(740128K), 0.0048848 secs] [Times: user=0.00 sys=0.00, real=0.01 secs] 
2020-10-29T13:18:23.059+0000: [GC (Allocation Failure) 2020-10-29T13:18:23.059+0000: [ParNew: 16388K->4K(18432K), 0.0033411 secs] 499132K->482748K(740128K), 0.0034097 secs] [Times: user=0.01 sys=0.00, real=0.00 secs] 
2020-10-29T13:18:23.087+0000: [GC (Allocation Failure) 2020-10-29T13:18:23.087+0000: [ParNew: 16388K->4K(18432K), 0.0033357 secs] 515516K->499132K(740128K), 0.0034030 secs] [Times: user=0.00 sys=0.00, real=0.00 secs] 
2020-10-29T13:18:23.105+0000: [GC (Allocation Failure) 2020-10-29T13:18:23.105+0000: [ParNew: 16388K->4K(18432K), 0.0032482 secs] 515516K->499132K(740128K), 0.0033122 secs] [Times: user=0.01 sys=0.00, real=0.01 secs] 
2020-10-29T13:18:23.124+0000: [GC (Allocation Failure) 2020-10-29T13:18:23.124+0000: [ParNew: 16388K->4K(18432K), 0.0031719 secs] 515516K->499132K(740128K), 0.0032314 secs] [Times: user=0.01 sys=0.00, real=0.01 secs] 
2020-10-29T13:18:23.143+0000: [GC (Allocation Failure) 2020-10-29T13:18:23.143+0000: [ParNew: 16388K->4K(18432K), 0.0032069 secs] 515516K->499132K(740128K), 0.0032711 secs] [Times: user=0.00 sys=0.00, real=0.01 secs] 
2020-10-29T13:18:23.163+0000: [GC (Allocation Failure) 2020-10-29T13:18:23.163+0000: [ParNew: 16388K->4K(18432K), 0.0030250 secs] 515516K->499132K(740128K), 0.0030761 secs] [Times: user=0.00 sys=0.00, real=0.00 secs] 
2020-10-29T13:18:23.182+0000: [GC (Allocation Failure) 2020-10-29T13:18:23.182+0000: [ParNew: 16388K->4K(18432K), 0.0031387 secs] 515516K->499132K(740128K), 0.0032007 secs] [Times: user=0.01 sys=0.00, real=0.00 secs] 
2020-10-29T13:18:23.200+0000: [GC (Allocation Failure) 2020-10-29T13:18:23.200+0000: [ParNew: 16388K->4K(18432K), 0.0028806 secs] 515516K->499132K(740128K), 0.0029344 secs] [Times: user=0.00 sys=0.00, real=0.00 secs] 
2020-10-29T13:18:23.219+0000: [GC (Allocation Failure) 2020-10-29T13:18:23.219+0000: [ParNew: 16388K->4K(18432K), 0.0032393 secs] 515516K->499132K(740128K), 0.0033026 secs] [Times: user=0.01 sys=0.00, real=0.00 secs] 
2020-10-29T13:18:23.245+0000: [GC (Allocation Failure) 2020-10-29T13:18:23.245+0000: [ParNew: 16388K->4K(18432K), 0.0033266 secs] 531900K->515516K(740128K), 0.0033971 secs] [Times: user=0.00 sys=0.00, real=0.01 secs] 
2020-10-29T13:18:23.251+0000: [GC (CMS Initial Mark) [1 CMS-initial-mark: 515512K(721696K)] 515689K(740128K), 0.0016151 secs] [Times: user=0.00 sys=0.00, real=0.00 secs] 
2020-10-29T13:18:23.252+0000: [CMS-concurrent-mark-start]
2020-10-29T13:18:23.281+0000: [GC (Allocation Failure) 2020-10-29T13:18:23.281+0000: [ParNew: 16388K->4K(18432K), 0.0031799 secs] 531900K->515516K(740128K), 0.0032482 secs] [Times: user=0.00 sys=0.00, real=0.00 secs] 
2020-10-29T13:18:23.310+0000: [CMS-concurrent-mark: 0.053/0.057 secs] [Times: user=0.11 sys=0.00, real=0.06 secs] 
2020-10-29T13:18:23.310+0000: [CMS-concurrent-preclean-start]
2020-10-29T13:18:23.311+0000: [GC (Allocation Failure) 2020-10-29T13:18:23.311+0000: [ParNew: 16388K->4K(18432K), 0.0026579 secs] 531900K->515516K(740128K), 0.0027033 secs] [Times: user=0.00 sys=0.00, real=0.00 secs] 
2020-10-29T13:18:23.316+0000: [CMS-concurrent-preclean: 0.003/0.006 secs] [Times: user=0.01 sys=0.00, real=0.01 secs] 
2020-10-29T13:18:23.327+0000: [GC (CMS Final Remark) [YG occupancy: 8920 K (18432 K)]2020-10-29T13:18:23.327+0000: [Rescan (parallel) , 0.0068916 secs]2020-10-29T13:18:23.334+0000: [weak refs processing, 0.0000705 secs]2020-10-29T13:18:23.334+0000: [class unloading, 0.0105388 secs]2020-10-29T13:18:23.344+0000: [scrub symbol table, 0.0107540 secs]2020-10-29T13:18:23.355+0000: [scrub string table, 0.0007308 secs][1 CMS-remark: 515512K(721696K)] 524433K(740128K), 0.0291143 secs] [Times: user=0.04 sys=0.00, real=0.03 secs] 
2020-10-29T13:18:23.363+0000: [CMS-concurrent-sweep-start]
2020-10-29T13:18:23.364+0000: [GC (Allocation Failure) 2020-10-29T13:18:23.364+0000: [ParNew: 16388K->4K(18432K), 0.0031319 secs] 531900K->515516K(740128K), 0.0031779 secs] [Times: user=0.01 sys=0.00, real=0.01 secs] 
2020-10-29T13:18:23.379+0000: [CMS-concurrent-sweep: 0.013/0.016 secs] [Times: user=0.03 sys=0.00, real=0.02 secs] 
2020-10-29T13:18:23.379+0000: [CMS-concurrent-reset-start]
2020-10-29T13:18:23.381+0000: [CMS-concurrent-reset: 0.002/0.002 secs] [Times: user=0.01 sys=0.00, real=0.00 secs] 
2020-10-29T13:18:23.391+0000: [GC (Allocation Failure) 2020-10-29T13:18:23.391+0000: [ParNew: 16388K->4K(18432K), 0.0033750 secs] 253060K->236676K(740128K), 0.0034260 secs] [Times: user=0.00 sys=0.01, real=0.00 secs] 
2020-10-29T13:18:23.415+0000: [GC (Allocation Failure) 2020-10-29T13:18:23.415+0000: [ParNew: 16388K->4K(18432K), 0.0030012 secs] 253060K->236676K(740128K), 0.0030563 secs] [Times: user=0.00 sys=0.00, real=0.00 secs] 
2020-10-29T13:18:23.435+0000: [GC (Allocation Failure) 2020-10-29T13:18:23.435+0000: [ParNew: 16388K->4K(18432K), 0.0031473 secs] 253060K->236676K(740128K), 0.0032074 secs] [Times: user=0.01 sys=0.00, real=0.00 secs] 
2020-10-29T13:18:23.455+0000: [GC (Allocation Failure) 2020-10-29T13:18:23.455+0000: [ParNew: 16388K->4K(18432K), 0.0032035 secs] 253060K->236676K(740128K), 0.0032639 secs] [Times: user=0.01 sys=0.00, real=0.00 secs] 
2020-10-29T13:18:23.475+0000: [GC (Allocation Failure) 2020-10-29T13:18:23.475+0000: [ParNew: 16388K->4K(18432K), 0.0031357 secs] 253060K->236676K(740128K), 0.0031939 secs] [Times: user=0.00 sys=0.00, real=0.00 secs] 
2020-10-29T13:18:23.495+0000: [GC (Allocation Failure) 2020-10-29T13:18:23.495+0000: [ParNew: 16388K->4K(18432K), 0.0029755 secs] 253060K->236676K(740128K), 0.0030331 secs] [Times: user=0.00 sys=0.00, real=0.00 secs] 
2020-10-29T13:18:23.513+0000: [GC (Allocation Failure) 2020-10-29T13:18:23.513+0000: [ParNew: 16388K->4K(18432K), 0.0033079 secs] 253060K->236676K(740128K), 0.0033713 secs] [Times: user=0.01 sys=0.00, real=0.01 secs] 
2020-10-29T13:18:23.535+0000: [GC (Allocation Failure) 2020-10-29T13:18:23.535+0000: [ParNew: 16388K->4K(18432K), 0.0033083 secs] 253060K->236676K(740128K), 0.0033824 secs] [Times: user=0.01 sys=0.00, real=0.00 secs] 
2020-10-29T13:18:23.553+0000: [GC (Allocation Failure) 2020-10-29T13:18:23.553+0000: [ParNew: 16388K->4K(18432K), 0.0033838 secs] 253060K->236676K(740128K), 0.0034527 secs] [Times: user=0.00 sys=0.00, real=0.01 secs] 
2020-10-29T13:18:23.572+0000: [GC (Allocation Failure) 2020-10-29T13:18:23.572+0000: [ParNew: 16388K->4K(18432K), 0.0033628 secs] 253060K->236676K(740128K), 0.0034277 secs] [Times: user=0.01 sys=0.00, real=0.01 secs] 
2020-10-29T13:18:23.595+0000: [GC (Allocation Failure) 2020-10-29T13:18:23.595+0000: [ParNew: 16388K->4K(18432K), 0.0032384 secs] 253060K->236676K(740128K), 0.0033003 secs] [Times: user=0.00 sys=0.00, real=0.00 secs] 
2020-10-29T13:18:23.614+0000: [GC (Allocation Failure) 2020-10-29T13:18:23.614+0000: [ParNew: 16388K->4K(18432K), 0.0033434 secs] 253060K->236676K(740128K), 0.0034098 secs] [Times: user=0.01 sys=0.00, real=0.01 secs] 
2020-10-29T13:18:23.635+0000: [GC (Allocation Failure) 2020-10-29T13:18:23.635+0000: [ParNew: 16388K->4K(18432K), 0.0031867 secs] 253060K->236676K(740128K), 0.0032455 secs] [Times: user=0.01 sys=0.00, real=0.00 secs] 
2020-10-29T13:18:23.653+0000: [GC (Allocation Failure) 2020-10-29T13:18:23.653+0000: [ParNew: 16388K->4K(18432K), 0.0032677 secs] 253060K->236676K(740128K), 0.0033311 secs] [Times: user=0.01 sys=0.00, real=0.01 secs] 
2020-10-29T13:18:23.675+0000: [GC (Allocation Failure) 2020-10-29T13:18:23.675+0000: [ParNew: 16388K->4K(18432K), 0.0033393 secs] 253060K->236676K(740128K), 0.0034066 secs] [Times: user=0.01 sys=0.00, real=0.00 secs] 
2020-10-29T13:18:23.694+0000: [GC (Allocation Failure) 2020-10-29T13:18:23.694+0000: [ParNew: 16388K->4K(18432K), 0.0033238 secs] 253060K->236676K(740128K), 0.0033870 secs] [Times: user=0.01 sys=0.00, real=0.01 secs] 
2020-10-29T13:18:23.712+0000: [GC (Allocation Failure) 2020-10-29T13:18:23.712+0000: [ParNew: 16388K->4K(18432K), 0.0030987 secs] 253060K->236676K(740128K), 0.0031572 secs] [Times: user=0.01 sys=0.00, real=0.01 secs] 
2020-10-29T13:18:23.735+0000: [GC (Allocation Failure) 2020-10-29T13:18:23.735+0000: [ParNew: 16388K->4K(18432K), 0.0028505 secs] 253060K->236676K(740128K), 0.0029286 secs] [Times: user=0.01 sys=0.00, real=0.01 secs] 
2020-10-29T13:18:23.751+0000: [GC (Allocation Failure) 2020-10-29T13:18:23.751+0000: [ParNew: 16388K->4K(18432K), 0.0048109 secs] 253060K->244868K(740128K), 0.0048737 secs] [Times: user=0.01 sys=0.00, real=0.01 secs] 
2020-10-29T13:18:23.774+0000: [GC (Allocation Failure) 2020-10-29T13:18:23.774+0000: [ParNew: 16388K->4K(18432K), 0.0033724 secs] 261252K->244868K(740128K), 0.0034391 secs] [Times: user=0.00 sys=0.00, real=0.01 secs] 
2020-10-29T13:18:23.795+0000: [GC (Allocation Failure) 2020-10-29T13:18:23.795+0000: [ParNew: 16388K->4K(18432K), 0.0032720 secs] 261252K->244868K(740128K), 0.0033341 secs] [Times: user=0.01 sys=0.00, real=0.00 secs] 
2020-10-29T13:18:23.815+0000: [GC (Allocation Failure) 2020-10-29T13:18:23.815+0000: [ParNew: 16388K->4K(18432K), 0.0033003 secs] 261252K->244868K(740128K), 0.0033653 secs] [Times: user=0.01 sys=0.00, real=0.00 secs] 
2020-10-29T13:18:23.835+0000: [GC (Allocation Failure) 2020-10-29T13:18:23.835+0000: [ParNew: 16388K->4K(18432K), 0.0030511 secs] 261252K->244868K(740128K), 0.0031097 secs] [Times: user=0.01 sys=0.00, real=0.00 secs] 
2020-10-29T13:18:23.853+0000: [GC (Allocation Failure) 2020-10-29T13:18:23.853+0000: [ParNew: 16388K->4K(18432K), 0.0029109 secs] 261252K->244868K(740128K), 0.0029662 secs] [Times: user=0.01 sys=0.00, real=0.01 secs] 
2020-10-29T13:18:23.875+0000: [GC (Allocation Failure) 2020-10-29T13:18:23.875+0000: [ParNew: 16388K->4K(18432K), 0.0046443 secs] 261252K->244868K(740128K), 0.0047019 secs] [Times: user=0.00 sys=0.00, real=0.00 secs] 
2020-10-29T13:18:23.895+0000: [GC (Allocation Failure) 2020-10-29T13:18:23.895+0000: [ParNew: 16388K->4K(18432K), 0.0028410 secs] 261252K->244868K(740128K), 0.0028937 secs] [Times: user=0.01 sys=0.00, real=0.00 secs] 
2020-10-29T13:18:23.915+0000: [GC (Allocation Failure) 2020-10-29T13:18:23.915+0000: [ParNew: 16388K->4K(18432K), 0.0027441 secs] 261252K->244868K(740128K), 0.0027952 secs] [Times: user=0.00 sys=0.00, real=0.00 secs] 
2020-10-29T13:18:23.931+0000: [GC (Allocation Failure) 2020-10-29T13:18:23.931+0000: [ParNew: 9624K->4K(18432K), 0.0022306 secs] 254488K->244868K(740128K), 0.0022764 secs] [Times: user=0.01 sys=0.00, real=0.00 secs] 
2020-10-29T13:18:23.943+0000: [GC (Allocation Failure) 2020-10-29T13:18:23.943+0000: [ParNew: 16388K->4K(18432K), 0.0045585 secs] 261252K->253060K(740128K), 0.0046150 secs] [Times: user=0.01 sys=0.00, real=0.01 secs] 
2020-10-29T13:18:23.963+0000: [GC (Allocation Failure) 2020-10-29T13:18:23.963+0000: [ParNew: 16388K->4K(18432K), 0.0032755 secs] 269444K->253060K(740128K), 0.0033390 secs] [Times: user=0.01 sys=0.00, real=0.00 secs] 
2020-10-29T13:18:23.981+0000: [GC (Allocation Failure) 2020-10-29T13:18:23.981+0000: [ParNew: 16388K->4K(18432K), 0.0029666 secs] 269444K->253060K(740128K), 0.0030230 secs] [Times: user=0.00 sys=0.00, real=0.00 secs] 
2020-10-29T13:18:23.999+0000: [GC (Allocation Failure) 2020-10-29T13:18:24.000+0000: [ParNew: 16388K->4K(18432K), 0.0033347 secs] 269444K->253060K(740128K), 0.0033990 secs] [Times: user=0.01 sys=0.00, real=0.00 secs] 
2020-10-29T13:18:24.018+0000: [GC (Allocation Failure) 2020-10-29T13:18:24.018+0000: [ParNew: 16388K->4K(18432K), 0.0032346 secs] 269444K->253060K(740128K), 0.0032953 secs] [Times: user=0.00 sys=0.00, real=0.00 secs] 
2020-10-29T13:18:24.039+0000: [GC (Allocation Failure) 2020-10-29T13:18:24.039+0000: [ParNew: 16388K->4K(18432K), 0.0033872 secs] 269444K->253060K(740128K), 0.0034541 secs] [Times: user=0.01 sys=0.00, real=0.00 secs] 
2020-10-29T13:18:24.059+0000: [GC (Allocation Failure) 2020-10-29T13:18:24.059+0000: [ParNew: 16388K->4K(18432K), 0.0034533 secs] 269444K->253060K(740128K), 0.0035217 secs] [Times: user=0.00 sys=0.00, real=0.00 secs] 
2020-10-29T13:18:24.079+0000: [GC (Allocation Failure) 2020-10-29T13:18:24.079+0000: [ParNew: 16357K->4K(18432K), 0.0033682 secs] 269414K->253060K(740128K), 0.0034376 secs] [Times: user=0.00 sys=0.00, real=0.00 secs] 
2020-10-29T13:18:24.099+0000: [GC (Allocation Failure) 2020-10-29T13:18:24.099+0000: [ParNew: 16388K->4K(18432K), 0.0034182 secs] 269444K->253060K(740128K), 0.0034865 secs] [Times: user=0.01 sys=0.00, real=0.00 secs] 
2020-10-29T13:18:24.119+0000: [GC (Allocation Failure) 2020-10-29T13:18:24.119+0000: [ParNew: 16388K->4K(18432K), 0.0034184 secs] 269444K->253060K(740128K), 0.0034878 secs] [Times: user=0.01 sys=0.00, real=0.00 secs] 
2020-10-29T13:18:24.139+0000: [GC (Allocation Failure) 2020-10-29T13:18:24.139+0000: [ParNew: 16388K->4K(18432K), 0.0033289 secs] 269444K->253060K(740128K), 0.0033932 secs] [Times: user=0.01 sys=0.00, real=0.00 secs] 
2020-10-29T13:18:24.157+0000: [GC (Allocation Failure) 2020-10-29T13:18:24.157+0000: [ParNew: 16374K->4K(18432K), 0.0033214 secs] 269431K->253060K(740128K), 0.0033861 secs] [Times: user=0.01 sys=0.00, real=0.00 secs] 
2020-10-29T13:18:24.176+0000: [GC (Allocation Failure) 2020-10-29T13:18:24.176+0000: [ParNew: 16388K->4K(18432K), 0.0033791 secs] 269444K->253060K(740128K), 0.0034444 secs] [Times: user=0.00 sys=0.00, real=0.00 secs] 
2020-10-29T13:18:24.195+0000: [GC (Allocation Failure) 2020-10-29T13:18:24.195+0000: [ParNew: 16388K->4K(18432K), 0.0031151 secs] 269444K->253060K(740128K), 0.0031831 secs] [Times: user=0.00 sys=0.00, real=0.00 secs] 
2020-10-29T13:18:24.213+0000: [GC (Allocation Failure) 2020-10-29T13:18:24.213+0000: [ParNew: 16388K->4K(18432K), 0.0032164 secs] 269444K->253060K(740128K), 0.0032915 secs] [Times: user=0.01 sys=0.00, real=0.01 secs] 
2020-10-29T13:18:24.232+0000: [GC (Allocation Failure) 2020-10-29T13:18:24.232+0000: [ParNew: 16388K->4K(18432K), 0.0032639 secs] 269444K->253060K(740128K), 0.0033399 secs] [Times: user=0.01 sys=0.00, real=0.01 secs] 
2020-10-29T13:18:24.250+0000: [GC (Allocation Failure) 2020-10-29T13:18:24.251+0000: [ParNew: 16388K->4K(18432K), 0.0031005 secs] 269444K->253060K(740128K), 0.0031579 secs] [Times: user=0.00 sys=0.00, real=0.00 secs] 
2020-10-29T13:18:24.262+0000: [GC (Allocation Failure) 2020-10-29T13:18:24.262+0000: [ParNew: 16388K->4K(18432K), 0.0050991 secs] 269444K->261252K(740128K), 0.0051770 secs] [Times: user=0.01 sys=0.00, real=0.01 secs] 
2020-10-29T13:18:24.283+0000: [GC (Allocation Failure) 2020-10-29T13:18:24.283+0000: [ParNew: 16388K->4K(18432K), 0.0033470 secs] 277636K->261252K(740128K), 0.0034138 secs] [Times: user=0.01 sys=0.00, real=0.00 secs] 
2020-10-29T13:18:24.302+0000: [GC (Allocation Failure) 2020-10-29T13:18:24.302+0000: [ParNew: 16388K->4K(18432K), 0.0032995 secs] 277636K->261252K(740128K), 0.0033636 secs] [Times: user=0.01 sys=0.00, real=0.00 secs] 
2020-10-29T13:18:24.320+0000: [GC (Allocation Failure) 2020-10-29T13:18:24.320+0000: [ParNew: 16388K->4K(18432K), 0.0027922 secs] 277636K->261252K(740128K), 0.0028572 secs] [Times: user=0.00 sys=0.00, real=0.00 secs] 
2020-10-29T13:18:24.339+0000: [GC (Allocation Failure) 2020-10-29T13:18:24.339+0000: [ParNew: 16388K->4K(18432K), 0.0029306 secs] 277636K->261252K(740128K), 0.0029835 secs] [Times: user=0.01 sys=0.00, real=0.00 secs] 
2020-10-29T13:18:24.359+0000: [GC (Allocation Failure) 2020-10-29T13:18:24.359+0000: [ParNew: 16388K->4K(18432K), 0.0030795 secs] 277636K->261252K(740128K), 0.0031419 secs] [Times: user=0.01 sys=0.00, real=0.00 secs] 
2020-10-29T13:18:24.379+0000: [GC (Allocation Failure) 2020-10-29T13:18:24.379+0000: [ParNew: 16388K->4K(18432K), 0.0030585 secs] 277636K->261252K(740128K), 0.0031149 secs] [Times: user=0.00 sys=0.00, real=0.00 secs] 
2020-10-29T13:18:24.399+0000: [GC (Allocation Failure) 2020-10-29T13:18:24.399+0000: [ParNew: 16388K->4K(18432K), 0.0030859 secs] 277636K->261252K(740128K), 0.0031433 secs] [Times: user=0.00 sys=0.00, real=0.00 secs] 
2020-10-29T13:18:24.417+0000: [GC (Allocation Failure) 2020-10-29T13:18:24.417+0000: [ParNew: 16388K->4K(18432K), 0.0030694 secs] 277636K->261252K(740128K), 0.0031234 secs] [Times: user=0.01 sys=0.00, real=0.00 secs] 
2020-10-29T13:18:24.436+0000: [GC (Allocation Failure) 2020-10-29T13:18:24.436+0000: [ParNew: 16388K->4K(18432K), 0.0031033 secs] 277636K->261252K(740128K), 0.0031632 secs] [Times: user=0.00 sys=0.00, real=0.00 secs] 
2020-10-29T13:18:24.451+0000: [GC (Allocation Failure) 2020-10-29T13:18:24.451+0000: [ParNew: 16388K->4K(18432K), 0.0043734 secs] 277636K->269444K(740128K), 0.0044413 secs] [Times: user=0.01 sys=0.00, real=0.01 secs] 
2020-10-29T13:18:24.471+0000: [GC (Allocation Failure) 2020-10-29T13:18:24.471+0000: [ParNew: 16388K->4K(18432K), 0.0030869 secs] 285828K->269444K(740128K), 0.0031451 secs] [Times: user=0.01 sys=0.00, real=0.00 secs] 
2020-10-29T13:18:24.491+0000: [GC (Allocation Failure) 2020-10-29T13:18:24.491+0000: [ParNew: 16388K->4K(18432K), 0.0036234 secs] 285828K->269444K(740128K), 0.0036850 secs] [Times: user=0.00 sys=0.00, real=0.00 secs] 
2020-10-29T13:18:24.510+0000: [GC (Allocation Failure) 2020-10-29T13:18:24.510+0000: [ParNew: 16388K->4K(18432K), 0.0031087 secs] 285828K->269444K(740128K), 0.0031699 secs] [Times: user=0.01 sys=0.00, real=0.00 secs] 
2020-10-29T13:18:24.531+0000: [GC (Allocation Failure) 2020-10-29T13:18:24.531+0000: [ParNew: 16388K->4K(18432K), 0.0032227 secs] 285828K->269444K(740128K), 0.0032831 secs] [Times: user=0.01 sys=0.00, real=0.00 secs] 
2020-10-29T13:18:24.549+0000: [GC (Allocation Failure) 2020-10-29T13:18:24.549+0000: [ParNew: 16388K->4K(18432K), 0.0032778 secs] 285828K->269444K(740128K), 0.0033417 secs] [Times: user=0.00 sys=0.00, real=0.00 secs] 
2020-10-29T13:18:24.568+0000: [GC (Allocation Failure) 2020-10-29T13:18:24.568+0000: [ParNew: 16388K->4K(18432K), 0.0031175 secs] 285828K->269444K(740128K), 0.0031678 secs] [Times: user=0.01 sys=0.00, real=0.00 secs] 
2020-10-29T13:18:24.590+0000: [GC (Allocation Failure) 2020-10-29T13:18:24.590+0000: [ParNew: 16388K->4K(18432K), 0.0029137 secs] 285828K->269444K(740128K), 0.0029673 secs] [Times: user=0.01 sys=0.00, real=0.00 secs] 
2020-10-29T13:18:24.611+0000: [GC (Allocation Failure) 2020-10-29T13:18:24.611+0000: [ParNew: 16388K->4K(18432K), 0.0032095 secs] 285828K->269444K(740128K), 0.0032729 secs] [Times: user=0.01 sys=0.00, real=0.00 secs] 
2020-10-29T13:18:24.631+0000: [GC (Allocation Failure) 2020-10-29T13:18:24.631+0000: [ParNew: 16388K->4K(18432K), 0.0032746 secs] 285828K->269444K(740128K), 0.0033380 secs] [Times: user=0.01 sys=0.00, real=0.00 secs] 
2020-10-29T13:18:24.651+0000: [GC (Allocation Failure) 2020-10-29T13:18:24.651+0000: [ParNew: 16388K->4K(18432K), 0.0033204 secs] 285828K->269444K(740128K), 0.0033876 secs] [Times: user=0.01 sys=0.00, real=0.00 secs] 
2020-10-29T13:18:24.669+0000: [GC (Allocation Failure) 2020-10-29T13:18:24.669+0000: [ParNew: 16388K->4K(18432K), 0.0031186 secs] 285828K->269444K(740128K), 0.0031781 secs] [Times: user=0.00 sys=0.00, real=0.00 secs] 
2020-10-29T13:18:24.688+0000: [GC (Allocation Failure) 2020-10-29T13:18:24.688+0000: [ParNew: 16388K->4K(18432K), 0.0031029 secs] 285828K->269444K(740128K), 0.0031633 secs] [Times: user=0.00 sys=0.00, real=0.00 secs] 
2020-10-29T13:18:24.706+0000: [GC (Allocation Failure) 2020-10-29T13:18:24.706+0000: [ParNew: 16388K->4K(18432K), 0.0032815 secs] 285828K->269444K(740128K), 0.0033436 secs] [Times: user=0.01 sys=0.00, real=0.01 secs] 
2020-10-29T13:18:24.727+0000: [GC (Allocation Failure) 2020-10-29T13:18:24.727+0000: [ParNew: 16388K->4K(18432K), 0.0031892 secs] 285828K->269444K(740128K), 0.0032489 secs] [Times: user=0.01 sys=0.00, real=0.00 secs] 
2020-10-29T13:18:24.744+0000: [GC (Allocation Failure) 2020-10-29T13:18:24.744+0000: [ParNew: 14869K->4K(18432K), 0.0031402 secs] 284310K->269444K(740128K), 0.0031953 secs] [Times: user=0.01 sys=0.00, real=0.01 secs] 
2020-10-29T13:18:24.756+0000: [GC (Allocation Failure) 2020-10-29T13:18:24.756+0000: [ParNew: 16388K->4K(18432K), 0.0044736 secs] 285828K->277636K(740128K), 0.0045261 secs] [Times: user=0.00 sys=0.00, real=0.00 secs] 
2020-10-29T13:18:24.775+0000: [GC (Allocation Failure) 2020-10-29T13:18:24.775+0000: [ParNew: 16388K->4K(18432K), 0.0031929 secs] 294020K->277636K(740128K), 0.0032510 secs] [Times: user=0.01 sys=0.00, real=0.00 secs] 
2020-10-29T13:18:24.794+0000: [GC (Allocation Failure) 2020-10-29T13:18:24.794+0000: [ParNew: 16388K->4K(18432K), 0.0033154 secs] 294020K->277636K(740128K), 0.0033891 secs] [Times: user=0.00 sys=0.00, real=0.01 secs] 
2020-10-29T13:18:24.815+0000: [GC (Allocation Failure) 2020-10-29T13:18:24.815+0000: [ParNew: 16388K->4K(18432K), 0.0032664 secs] 294020K->277636K(740128K), 0.0033274 secs] [Times: user=0.00 sys=0.00, real=0.00 secs] 
2020-10-29T13:18:24.835+0000: [GC (Allocation Failure) 2020-10-29T13:18:24.835+0000: [ParNew: 16388K->4K(18432K), 0.0036058 secs] 294020K->277636K(740128K), 0.0036734 secs] [Times: user=0.01 sys=0.00, real=0.00 secs] 
2020-10-29T13:18:24.854+0000: [GC (Allocation Failure) 2020-10-29T13:18:24.854+0000: [ParNew: 16388K->4K(18432K), 0.0033934 secs] 294020K->277636K(740128K), 0.0034578 secs] [Times: user=0.01 sys=0.00, real=0.01 secs] 
2020-10-29T13:18:24.875+0000: [GC (Allocation Failure) 2020-10-29T13:18:24.875+0000: [ParNew: 16388K->4K(18432K), 0.0034160 secs] 294020K->277637K(740128K), 0.0034827 secs] [Times: user=0.01 sys=0.00, real=0.00 secs] 
2020-10-29T13:18:24.894+0000: [GC (Allocation Failure) 2020-10-29T13:18:24.894+0000: [ParNew: 16388K->4K(18432K), 0.0034389 secs] 294021K->277637K(740128K), 0.0035062 secs] [Times: user=0.00 sys=0.00, real=0.01 secs] 
2020-10-29T13:18:24.912+0000: [GC (Allocation Failure) 2020-10-29T13:18:24.912+0000: [ParNew: 16388K->4K(18432K), 0.0033795 secs] 294021K->277637K(740128K), 0.0034445 secs] [Times: user=0.01 sys=0.00, real=0.01 secs] 
2020-10-29T13:18:24.931+0000: [GC (Allocation Failure) 2020-10-29T13:18:24.931+0000: [ParNew: 16388K->4K(18432K), 0.0033709 secs] 294021K->277637K(740128K), 0.0034441 secs] [Times: user=0.00 sys=0.01, real=0.01 secs] 
2020-10-29T13:18:24.950+0000: [GC (Allocation Failure) 2020-10-29T13:18:24.951+0000: [ParNew: 16388K->4K(18432K), 0.0033480 secs] 294021K->277637K(740128K), 0.0034287 secs] [Times: user=0.01 sys=0.00, real=0.00 secs] 
2020-10-29T13:18:24.963+0000: [GC (Allocation Failure) 2020-10-29T13:18:24.964+0000: [ParNew: 16388K->4K(18432K), 0.0049221 secs] 294021K->285829K(740128K), 0.0049744 secs] [Times: user=0.01 sys=0.00, real=0.01 secs] 
2020-10-29T13:18:24.984+0000: [GC (Allocation Failure) 2020-10-29T13:18:24.984+0000: [ParNew: 16388K->4K(18432K), 0.0030768 secs] 302213K->285829K(740128K), 0.0031278 secs] [Times: user=0.01 sys=0.00, real=0.01 secs] 
2020-10-29T13:18:25.002+0000: [GC (Allocation Failure) 2020-10-29T13:18:25.002+0000: [ParNew: 16388K->4K(18432K), 0.0028897 secs] 302213K->285829K(740128K), 0.0029416 secs] [Times: user=0.01 sys=0.00, real=0.00 secs] 
2020-10-29T13:18:25.022+0000: [GC (Allocation Failure) 2020-10-29T13:18:25.022+0000: [ParNew: 16388K->4K(18432K), 0.0033010 secs] 302213K->285829K(740128K), 0.0033669 secs] [Times: user=0.01 sys=0.00, real=0.00 secs] 
2020-10-29T13:18:25.043+0000: [GC (Allocation Failure) 2020-10-29T13:18:25.043+0000: [ParNew: 16388K->4K(18432K), 0.0029746 secs] 302213K->285829K(740128K), 0.0030287 secs] [Times: user=0.00 sys=0.00, real=0.00 secs] 
2020-10-29T13:18:25.061+0000: [GC (Allocation Failure) 2020-10-29T13:18:25.061+0000: [ParNew: 16388K->4K(18432K), 0.0033578 secs] 302213K->285829K(740128K), 0.0034213 secs] [Times: user=0.01 sys=0.00, real=0.00 secs] 
2020-10-29T13:18:25.081+0000: [GC (Allocation Failure) 2020-10-29T13:18:25.081+0000: [ParNew: 16388K->4K(18432K), 0.0033043 secs] 302213K->285829K(740128K), 0.0033672 secs] [Times: user=0.00 sys=0.00, real=0.00 secs] 
2020-10-29T13:18:25.100+0000: [GC (Allocation Failure) 2020-10-29T13:18:25.100+0000: [ParNew: 16388K->4K(18432K), 0.0031178 secs] 302213K->285829K(740128K), 0.0032036 secs] [Times: user=0.01 sys=0.00, real=0.00 secs] 
2020-10-29T13:18:25.122+0000: [GC (Allocation Failure) 2020-10-29T13:18:25.122+0000: [ParNew: 16388K->4K(18432K), 0.0028163 secs] 302213K->285829K(740128K), 0.0028651 secs] [Times: user=0.01 sys=0.00, real=0.00 secs] 
2020-10-29T13:18:25.140+0000: [GC (Allocation Failure) 2020-10-29T13:18:25.141+0000: [ParNew: 16388K->4K(18432K), 0.0030548 secs] 302213K->285829K(740128K), 0.0031102 secs] [Times: user=0.01 sys=0.00, real=0.00 secs] 
2020-10-29T13:18:25.159+0000: [GC (Allocation Failure) 2020-10-29T13:18:25.159+0000: [ParNew: 16388K->4K(18432K), 0.0030949 secs] 302213K->285829K(740128K), 0.0031518 secs] [Times: user=0.00 sys=0.00, real=0.00 secs] 
2020-10-29T13:18:25.177+0000: [GC (Allocation Failure) 2020-10-29T13:18:25.177+0000: [ParNew: 16388K->4K(18432K), 0.0033270 secs] 302213K->285829K(740128K), 0.0034045 secs] [Times: user=0.01 sys=0.00, real=0.00 secs] 
2020-10-29T13:18:25.198+0000: [GC (Allocation Failure) 2020-10-29T13:18:25.198+0000: [ParNew: 16388K->4K(18432K), 0.0030467 secs] 302213K->285829K(740128K), 0.0031024 secs] [Times: user=0.00 sys=0.00, real=0.00 secs] 
2020-10-29T13:18:25.218+0000: [GC (Allocation Failure) 2020-10-29T13:18:25.218+0000: [ParNew: 16388K->4K(18432K), 0.0029788 secs] 302213K->285829K(740128K), 0.0030332 secs] [Times: user=0.00 sys=0.00, real=0.00 secs] 
2020-10-29T13:18:25.237+0000: [GC (Allocation Failure) 2020-10-29T13:18:25.237+0000: [ParNew: 16339K->4K(18432K), 0.0030384 secs] 302164K->285829K(740128K), 0.0030948 secs] [Times: user=0.01 sys=0.00, real=0.00 secs] 
2020-10-29T13:18:25.251+0000: [GC (Allocation Failure) 2020-10-29T13:18:25.251+0000: [ParNew: 16388K->4K(18432K), 0.0049988 secs] 302213K->294021K(740128K), 0.0050623 secs] [Times: user=0.01 sys=0.00, real=0.01 secs] 
2020-10-29T13:18:25.275+0000: [GC (Allocation Failure) 2020-10-29T13:18:25.275+0000: [ParNew: 16388K->4K(18432K), 0.0032587 secs] 310405K->294021K(740128K), 0.0033187 secs] [Times: user=0.01 sys=0.00, real=0.00 secs] 
2020-10-29T13:18:25.295+0000: [GC (Allocation Failure) 2020-10-29T13:18:25.295+0000: [ParNew: 16388K->4K(18432K), 0.0030727 secs] 310405K->294021K(740128K), 0.0031308 secs] [Times: user=0.01 sys=0.00, real=0.00 secs] 
2020-10-29T13:18:25.315+0000: [GC (Allocation Failure) 2020-10-29T13:18:25.315+0000: [ParNew: 16388K->4K(18432K), 0.0032964 secs] 310405K->294021K(740128K), 0.0033584 secs] [Times: user=0.01 sys=0.00, real=0.00 secs] 
2020-10-29T13:18:25.334+0000: [GC (Allocation Failure) 2020-10-29T13:18:25.334+0000: [ParNew: 16388K->4K(18432K), 0.0033144 secs] 310405K->294021K(740128K), 0.0033791 secs] [Times: user=0.00 sys=0.00, real=0.01 secs] 
2020-10-29T13:18:25.355+0000: [GC (Allocation Failure) 2020-10-29T13:18:25.355+0000: [ParNew: 16388K->4K(18432K), 0.0032365 secs] 310405K->294021K(740128K), 0.0032976 secs] [Times: user=0.00 sys=0.00, real=0.00 secs] 
2020-10-29T13:18:25.373+0000: [GC (Allocation Failure) 2020-10-29T13:18:25.373+0000: [ParNew: 16388K->4K(18432K), 0.0033679 secs] 310405K->294021K(740128K), 0.0034377 secs] [Times: user=0.01 sys=0.00, real=0.01 secs] 
2020-10-29T13:18:25.392+0000: [GC (Allocation Failure) 2020-10-29T13:18:25.392+0000: [ParNew: 16388K->4K(18432K), 0.0031912 secs] 310405K->294021K(740128K), 0.0032508 secs] [Times: user=0.01 sys=0.00, real=0.01 secs] 
2020-10-29T13:18:25.410+0000: [GC (Allocation Failure) 2020-10-29T13:18:25.410+0000: [ParNew: 16388K->4K(18432K), 0.0033322 secs] 310405K->294021K(740128K), 0.0033970 secs] [Times: user=0.00 sys=0.00, real=0.00 secs] 
2020-10-29T13:18:25.429+0000: [GC (Allocation Failure) 2020-10-29T13:18:25.429+0000: [ParNew: 16388K->4K(18432K), 0.0034426 secs] 310405K->294021K(740128K), 0.0035091 secs] [Times: user=0.01 sys=0.00, real=0.00 secs] 
2020-10-29T13:18:25.451+0000: [GC (Allocation Failure) 2020-10-29T13:18:25.451+0000: [ParNew: 16388K->4K(18432K), 0.0033495 secs] 310405K->294021K(740128K), 0.0034163 secs] [Times: user=0.01 sys=0.00, real=0.00 secs] 
2020-10-29T13:18:25.469+0000: [GC (Allocation Failure) 2020-10-29T13:18:25.469+0000: [ParNew: 16388K->4K(18432K), 0.0033941 secs] 310405K->294021K(740128K), 0.0034616 secs] [Times: user=0.00 sys=0.00, real=0.00 secs] 
2020-10-29T13:18:25.487+0000: [GC (Allocation Failure) 2020-10-29T13:18:25.487+0000: [ParNew: 16388K->4K(18432K), 0.0050217 secs] 310405K->302213K(740128K), 0.0050895 secs] [Times: user=0.01 sys=0.00, real=0.00 secs] 
2020-10-29T13:18:25.511+0000: [GC (Allocation Failure) 2020-10-29T13:18:25.511+0000: [ParNew: 16388K->4K(18432K), 0.0032806 secs] 318597K->302213K(740128K), 0.0033424 secs] [Times: user=0.00 sys=0.00, real=0.00 secs] 
2020-10-29T13:18:25.530+0000: [GC (Allocation Failure) 2020-10-29T13:18:25.530+0000: [ParNew: 16388K->4K(18432K), 0.0031068 secs] 318597K->302213K(740128K), 0.0031584 secs] [Times: user=0.01 sys=0.00, real=0.00 secs] 
2020-10-29T13:18:25.548+0000: [GC (Allocation Failure) 2020-10-29T13:18:25.548+0000: [ParNew: 16388K->4K(18432K), 0.0030246 secs] 318597K->302213K(740128K), 0.0030810 secs] [Times: user=0.00 sys=0.00, real=0.00 secs] 
2020-10-29T13:18:25.566+0000: [GC (Allocation Failure) 2020-10-29T13:18:25.566+0000: [ParNew: 16388K->4K(18432K), 0.0033957 secs] 318597K->302213K(740128K), 0.0034602 secs] [Times: user=0.01 sys=0.00, real=0.01 secs] 
2020-10-29T13:18:25.595+0000: [GC (Allocation Failure) 2020-10-29T13:18:25.595+0000: [ParNew: 16388K->4K(18432K), 0.0033206 secs] 351365K->334981K(740128K), 0.0033869 secs] [Times: user=0.01 sys=0.00, real=0.00 secs] 
2020-10-29T13:18:25.615+0000: [GC (Allocation Failure) 2020-10-29T13:18:25.615+0000: [ParNew: 16388K->4K(18432K), 0.0033621 secs] 351365K->334981K(740128K), 0.0034268 secs] [Times: user=0.00 sys=0.00, real=0.00 secs] 
2020-10-29T13:18:25.634+0000: [GC (Allocation Failure) 2020-10-29T13:18:25.634+0000: [ParNew: 16388K->4K(18432K), 0.0031013 secs] 351365K->334981K(740128K), 0.0031574 secs] [Times: user=0.01 sys=0.00, real=0.01 secs] 
2020-10-29T13:18:25.655+0000: [GC (Allocation Failure) 2020-10-29T13:18:25.655+0000: [ParNew: 16388K->4K(18432K), 0.0031334 secs] 351365K->334981K(740128K), 0.0031914 secs] [Times: user=0.01 sys=0.00, real=0.00 secs] 
2020-10-29T13:18:25.673+0000: [GC (Allocation Failure) 2020-10-29T13:18:25.673+0000: [ParNew: 16388K->4K(18432K), 0.0031790 secs] 351365K->334981K(740128K), 0.0032374 secs] [Times: user=0.00 sys=0.00, real=0.01 secs] 
2020-10-29T13:18:25.692+0000: [GC (Allocation Failure) 2020-10-29T13:18:25.692+0000: [ParNew: 16388K->4K(18432K), 0.0033202 secs] 351365K->334981K(740128K), 0.0033869 secs] [Times: user=0.00 sys=0.00, real=0.01 secs] 
2020-10-29T13:18:25.715+0000: [GC (Allocation Failure) 2020-10-29T13:18:25.715+0000: [ParNew: 16388K->4K(18432K), 0.0033331 secs] 351365K->334981K(740128K), 0.0034001 secs] [Times: user=0.00 sys=0.00, real=0.00 secs] 
2020-10-29T13:18:25.733+0000: [GC (Allocation Failure) 2020-10-29T13:18:25.733+0000: [ParNew: 16388K->4K(18432K), 0.0032743 secs] 351365K->334981K(740128K), 0.0033369 secs] [Times: user=0.01 sys=0.00, real=0.01 secs] 
2020-10-29T13:18:25.755+0000: [GC (Allocation Failure) 2020-10-29T13:18:25.755+0000: [ParNew: 16388K->4K(18432K), 0.0033427 secs] 351365K->334981K(740128K), 0.0034123 secs] [Times: user=0.01 sys=0.00, real=0.00 secs] 
2020-10-29T13:18:25.768+0000: [GC (Allocation Failure) 2020-10-29T13:18:25.768+0000: [ParNew: 9205K->4K(18432K), 0.0033348 secs] 344183K->334981K(740128K), 0.0033973 secs] [Times: user=0.01 sys=0.00, real=0.00 secs] 
2020-10-29T13:18:25.783+0000: [GC (Allocation Failure) 2020-10-29T13:18:25.783+0000: [ParNew: 16388K->4K(18432K), 0.0051074 secs] 351365K->343173K(740128K), 0.0051764 secs] [Times: user=0.01 sys=0.00, real=0.01 secs] 
2020-10-29T13:18:25.803+0000: [GC (Allocation Failure) 2020-10-29T13:18:25.803+0000: [ParNew: 16388K->4K(18432K), 0.0032188 secs] 359557K->343173K(740128K), 0.0032755 secs] [Times: user=0.00 sys=0.00, real=0.00 secs] 
2020-10-29T13:18:25.823+0000: [GC (Allocation Failure) 2020-10-29T13:18:25.823+0000: [ParNew: 16388K->4K(18432K), 0.0031522 secs] 359557K->343173K(740128K), 0.0032112 secs] [Times: user=0.01 sys=0.00, real=0.00 secs] 
2020-10-29T13:18:25.848+0000: [GC (Allocation Failure) 2020-10-29T13:18:25.848+0000: [ParNew: 16388K->4K(18432K), 0.0034298 secs] 392325K->375941K(740128K), 0.0035020 secs] [Times: user=0.01 sys=0.00, real=0.00 secs] 
2020-10-29T13:18:25.869+0000: [GC (Allocation Failure) 2020-10-29T13:18:25.869+0000: [ParNew: 16388K->4K(18432K), 0.0032662 secs] 392325K->375941K(740128K), 0.0033266 secs] [Times: user=0.01 sys=0.00, real=0.00 secs] 
2020-10-29T13:18:25.888+0000: [GC (Allocation Failure) 2020-10-29T13:18:25.889+0000: [ParNew: 16388K->4K(18432K), 0.0033222 secs] 392325K->375941K(740128K), 0.0033847 secs] [Times: user=0.01 sys=0.00, real=0.00 secs] 
2020-10-29T13:18:25.907+0000: [GC (Allocation Failure) 2020-10-29T13:18:25.907+0000: [ParNew: 16388K->4K(18432K), 0.0031282 secs] 392325K->375941K(740128K), 0.0031905 secs] [Times: user=0.01 sys=0.00, real=0.00 secs] 
2020-10-29T13:18:25.926+0000: [GC (Allocation Failure) 2020-10-29T13:18:25.926+0000: [ParNew: 16388K->4K(18432K), 0.0033350 secs] 392325K->375941K(740128K), 0.0034016 secs] [Times: user=0.00 sys=0.00, real=0.01 secs] 
2020-10-29T13:18:25.947+0000: [GC (Allocation Failure) 2020-10-29T13:18:25.947+0000: [ParNew: 16388K->4K(18432K), 0.0031936 secs] 392325K->375941K(740128K), 0.0032552 secs] [Times: user=0.01 sys=0.00, real=0.00 secs] 
2020-10-29T13:18:25.967+0000: [GC (Allocation Failure) 2020-10-29T13:18:25.967+0000: [ParNew: 16388K->4K(18432K), 0.0032694 secs] 392325K->375941K(740128K), 0.0033333 secs] [Times: user=0.01 sys=0.00, real=0.00 secs] 
2020-10-29T13:18:25.985+0000: [GC (Allocation Failure) 2020-10-29T13:18:25.985+0000: [ParNew: 16388K->4K(18432K), 0.0033778 secs] 392325K->375941K(740128K), 0.0034438 secs] [Times: user=0.00 sys=0.00, real=0.01 secs] 
2020-10-29T13:18:26.004+0000: [GC (Allocation Failure) 2020-10-29T13:18:26.004+0000: [ParNew: 16388K->4K(18432K), 0.0033375 secs] 392325K->375941K(740128K), 0.0034043 secs] [Times: user=0.01 sys=0.00, real=0.01 secs] 
2020-10-29T13:18:26.022+0000: [GC (Allocation Failure) 2020-10-29T13:18:26.022+0000: [ParNew: 11719K->4K(18432K), 0.0031232 secs] 387657K->375941K(740128K), 0.0031826 secs] [Times: user=0.01 sys=0.00, real=0.00 secs] 
2020-10-29T13:18:26.034+0000: [GC (Allocation Failure) 2020-10-29T13:18:26.034+0000: [ParNew: 16388K->4K(18432K), 0.0047877 secs] 392325K->384133K(740128K), 0.0048485 secs] [Times: user=0.01 sys=0.00, real=0.01 secs] 
2020-10-29T13:18:26.058+0000: [GC (Allocation Failure) 2020-10-29T13:18:26.058+0000: [ParNew: 16388K->4K(18432K), 0.0031716 secs] 400517K->384133K(740128K), 0.0032289 secs] [Times: user=0.01 sys=0.00, real=0.00 secs] 
2020-10-29T13:18:26.079+0000: [GC (Allocation Failure) 2020-10-29T13:18:26.079+0000: [ParNew: 16388K->4K(18432K), 0.0030546 secs] 400517K->384133K(740128K), 0.0031126 secs] [Times: user=0.00 sys=0.00, real=0.00 secs] 
2020-10-29T13:18:26.099+0000: [GC (Allocation Failure) 2020-10-29T13:18:26.099+0000: [ParNew: 16388K->4K(18432K), 0.0027764 secs] 400517K->384133K(740128K), 0.0028290 secs] [Times: user=0.01 sys=0.00, real=0.00 secs] 
2020-10-29T13:18:26.119+0000: [GC (Allocation Failure) 2020-10-29T13:18:26.119+0000: [ParNew: 16388K->4K(18432K), 0.0030596 secs] 400517K->384133K(740128K), 0.0031196 secs] [Times: user=0.00 sys=0.00, real=0.00 secs] 
2020-10-29T13:18:26.139+0000: [GC (Allocation Failure) 2020-10-29T13:18:26.139+0000: [ParNew: 16388K->4K(18432K), 0.0027496 secs] 400517K->384133K(740128K), 0.0028032 secs] [Times: user=0.01 sys=0.00, real=0.00 secs] 
2020-10-29T13:18:26.159+0000: [GC (Allocation Failure) 2020-10-29T13:18:26.159+0000: [ParNew: 16388K->4K(18432K), 0.0028110 secs] 400517K->384133K(740128K), 0.0028658 secs] [Times: user=0.00 sys=0.00, real=0.00 secs] 
2020-10-29T13:18:26.177+0000: [GC (Allocation Failure) 2020-10-29T13:18:26.177+0000: [ParNew: 16388K->4K(18432K), 0.0029375 secs] 400517K->384133K(740128K), 0.0029933 secs] [Times: user=0.01 sys=0.00, real=0.00 secs] 
2020-10-29T13:18:26.199+0000: [GC (Allocation Failure) 2020-10-29T13:18:26.199+0000: [ParNew: 16388K->4K(18432K), 0.0030658 secs] 400517K->384133K(740128K), 0.0031245 secs] [Times: user=0.00 sys=0.00, real=0.00 secs] 
2020-10-29T13:18:26.219+0000: [GC (Allocation Failure) 2020-10-29T13:18:26.219+0000: [ParNew: 16388K->4K(18432K), 0.0030756 secs] 400517K->384133K(740128K), 0.0031348 secs] [Times: user=0.01 sys=0.00, real=0.00 secs] 
2020-10-29T13:18:26.239+0000: [GC (Allocation Failure) 2020-10-29T13:18:26.239+0000: [ParNew: 16388K->4K(18432K), 0.0034785 secs] 400517K->384133K(740128K), 0.0035450 secs] [Times: user=0.00 sys=0.00, real=0.00 secs] 
2020-10-29T13:18:26.260+0000: [GC (Allocation Failure) 2020-10-29T13:18:26.261+0000: [ParNew: 16388K->4K(18432K), 0.0033618 secs] 400517K->384133K(740128K), 0.0034277 secs] [Times: user=0.00 sys=0.00, real=0.00 secs] 
2020-10-29T13:18:26.283+0000: [GC (Allocation Failure) 2020-10-29T13:18:26.283+0000: [ParNew: 16388K->4K(18432K), 0.0029120 secs] 400517K->384133K(740128K), 0.0029702 secs] [Times: user=0.01 sys=0.00, real=0.00 secs] 
2020-10-29T13:18:26.294+0000: [GC (Allocation Failure) 2020-10-29T13:18:26.294+0000: [ParNew: 16388K->4K(18432K), 0.0038447 secs] 400517K->392326K(740128K), 0.0038969 secs] [Times: user=0.01 sys=0.00, real=0.01 secs] 
2020-10-29T13:18:26.314+0000: [GC (Allocation Failure) 2020-10-29T13:18:26.314+0000: [ParNew: 16388K->4K(18432K), 0.0033299 secs] 408710K->392326K(740128K), 0.0033953 secs] [Times: user=0.01 sys=0.00, real=0.01 secs] 
2020-10-29T13:18:26.335+0000: [GC (Allocation Failure) 2020-10-29T13:18:26.335+0000: [ParNew: 16388K->4K(18432K), 0.0031173 secs] 408710K->392326K(740128K), 0.0031725 secs] [Times: user=0.00 sys=0.00, real=0.00 secs] 
2020-10-29T13:18:26.355+0000: [GC (Allocation Failure) 2020-10-29T13:18:26.355+0000: [ParNew: 16388K->4K(18432K), 0.0033604 secs] 408710K->392326K(740128K), 0.0034279 secs] [Times: user=0.01 sys=0.00, real=0.00 secs] 
2020-10-29T13:18:26.375+0000: [GC (Allocation Failure) 2020-10-29T13:18:26.375+0000: [ParNew: 16388K->4K(18432K), 0.0033844 secs] 408710K->392326K(740128K), 0.0034534 secs] [Times: user=0.01 sys=0.00, real=0.00 secs] 
2020-10-29T13:18:26.395+0000: [GC (Allocation Failure) 2020-10-29T13:18:26.395+0000: [ParNew: 16388K->4K(18432K), 0.0033580 secs] 408710K->392326K(740128K), 0.0034250 secs] [Times: user=0.01 sys=0.00, real=0.00 secs] 
2020-10-29T13:18:26.415+0000: [GC (Allocation Failure) 2020-10-29T13:18:26.415+0000: [ParNew: 16388K->4K(18432K), 0.0033411 secs] 408710K->392326K(740128K), 0.0034077 secs] [Times: user=0.00 sys=0.00, real=0.00 secs] 
2020-10-29T13:18:26.435+0000: [GC (Allocation Failure) 2020-10-29T13:18:26.435+0000: [ParNew: 16388K->4K(18432K), 0.0033364 secs] 408710K->392326K(740128K), 0.0034032 secs] [Times: user=0.01 sys=0.00, real=0.00 secs] 
2020-10-29T13:18:26.455+0000: [GC (Allocation Failure) 2020-10-29T13:18:26.455+0000: [ParNew: 16388K->4K(18432K), 0.0032895 secs] 408710K->392326K(740128K), 0.0033551 secs] [Times: user=0.01 sys=0.00, real=0.00 secs] 
2020-10-29T13:18:26.474+0000: [GC (Allocation Failure) 2020-10-29T13:18:26.474+0000: [ParNew: 16388K->4K(18432K), 0.0032774 secs] 408710K->392326K(740128K), 0.0033409 secs] [Times: user=0.01 sys=0.00, real=0.01 secs] 
2020-10-29T13:18:26.495+0000: [GC (Allocation Failure) 2020-10-29T13:18:26.495+0000: [ParNew: 16388K->4K(18432K), 0.0033060 secs] 408710K->392326K(740128K), 0.0033795 secs] [Times: user=0.01 sys=0.00, real=0.00 secs] 
2020-10-29T13:18:26.514+0000: [GC (Allocation Failure) 2020-10-29T13:18:26.514+0000: [ParNew: 16388K->4K(18432K), 0.0033495 secs] 408710K->392326K(740128K), 0.0034184 secs] [Times: user=0.00 sys=0.00, real=0.01 secs] 
2020-10-29T13:18:26.532+0000: [GC (Allocation Failure) 2020-10-29T13:18:26.532+0000: [ParNew: 16388K->4K(18432K), 0.0033188 secs] 408710K->392326K(740128K), 0.0033863 secs] [Times: user=0.01 sys=0.00, real=0.01 secs] 
2020-10-29T13:18:26.551+0000: [GC (Allocation Failure) 2020-10-29T13:18:26.551+0000: [ParNew: 11177K->4K(18432K), 0.0029687 secs] 403499K->392326K(740128K), 0.0030198 secs] [Times: user=0.01 sys=0.00, real=0.00 secs] 
2020-10-29T13:18:26.562+0000: [GC (Allocation Failure) 2020-10-29T13:18:26.562+0000: [ParNew: 16388K->4K(18432K), 0.0049892 secs] 408710K->400518K(740128K), 0.0050521 secs] [Times: user=0.01 sys=0.00, real=0.01 secs] 
2020-10-29T13:18:26.583+0000: [GC (Allocation Failure) 2020-10-29T13:18:26.583+0000: [ParNew: 16388K->4K(18432K), 0.0032786 secs] 416902K->400518K(740128K), 0.0033379 secs] [Times: user=0.01 sys=0.01, real=0.00 secs] 
2020-10-29T13:18:26.603+0000: [GC (Allocation Failure) 2020-10-29T13:18:26.604+0000: [ParNew: 16388K->6K(18432K), 0.0033928 secs] 416902K->400520K(740128K), 0.0034614 secs] [Times: user=0.01 sys=0.00, real=0.01 secs] 
2020-10-29T13:18:26.623+0000: [GC (Allocation Failure) 2020-10-29T13:18:26.624+0000: [ParNew: 16390K->4K(18432K), 0.0033114 secs] 416904K->400518K(740128K), 0.0033778 secs] [Times: user=0.01 sys=0.00, real=0.01 secs] 
2020-10-29T13:18:26.642+0000: [GC (Allocation Failure) 2020-10-29T13:18:26.642+0000: [ParNew: 16388K->4K(18432K), 0.0032187 secs] 416902K->400518K(740128K), 0.0032795 secs] [Times: user=0.00 sys=0.00, real=0.00 secs] 
2020-10-29T13:18:26.663+0000: [GC (Allocation Failure) 2020-10-29T13:18:26.663+0000: [ParNew: 16388K->6K(18432K), 0.0031171 secs] 416902K->400520K(740128K), 0.0031756 secs] [Times: user=0.00 sys=0.00, real=0.00 secs] 
2020-10-29T13:18:26.683+0000: [GC (Allocation Failure) 2020-10-29T13:18:26.683+0000: [ParNew: 16390K->6K(18432K), 0.0030932 secs] 416904K->400520K(740128K), 0.0031495 secs] [Times: user=0.01 sys=0.00, real=0.00 secs] 
2020-10-29T13:18:26.701+0000: [GC (Allocation Failure) 2020-10-29T13:18:26.701+0000: [ParNew: 16390K->4K(18432K), 0.0031197 secs] 416904K->400518K(740128K), 0.0031789 secs] [Times: user=0.00 sys=0.00, real=0.00 secs] 
2020-10-29T13:18:26.720+0000: [GC (Allocation Failure) 2020-10-29T13:18:26.720+0000: [ParNew: 16388K->4K(18432K), 0.0032826 secs] 416902K->400519K(740128K), 0.0033451 secs] [Times: user=0.01 sys=0.00, real=0.00 secs] 
2020-10-29T13:18:26.738+0000: [GC (Allocation Failure) 2020-10-29T13:18:26.738+0000: [ParNew: 16388K->4K(18432K), 0.0032870 secs] 416903K->400519K(740128K), 0.0033519 secs] [Times: user=0.00 sys=0.00, real=0.00 secs] 
2020-10-29T13:18:26.759+0000: [GC (Allocation Failure) 2020-10-29T13:18:26.759+0000: [ParNew: 16388K->4K(18432K), 0.0030945 secs] 416903K->400519K(740128K), 0.0031542 secs] [Times: user=0.00 sys=0.00, real=0.00 secs] 
2020-10-29T13:18:26.777+0000: [GC (Allocation Failure) 2020-10-29T13:18:26.777+0000: [ParNew: 16388K->4K(18432K), 0.0032388 secs] 416903K->400519K(740128K), 0.0033002 secs] [Times: user=0.01 sys=0.00, real=0.00 secs] 
2020-10-29T13:18:26.790+0000: [GC (Allocation Failure) 2020-10-29T13:18:26.790+0000: [ParNew: 9842K->4K(18432K), 0.0030264 secs] 410358K->400519K(740128K), 0.0030780 secs] [Times: user=0.00 sys=0.00, real=0.00 secs] 
2020-10-29T13:18:26.801+0000: [GC (Allocation Failure) 2020-10-29T13:18:26.801+0000: [ParNew: 16388K->4K(18432K), 0.0042783 secs] 416903K->408711K(740128K), 0.0043313 secs] [Times: user=0.01 sys=0.00, real=0.00 secs] 
2020-10-29T13:18:26.821+0000: [GC (Allocation Failure) 2020-10-29T13:18:26.821+0000: [ParNew: 16388K->4K(18432K), 0.0031435 secs] 425095K->408711K(740128K), 0.0031984 secs] [Times: user=0.01 sys=0.00, real=0.00 secs] 
2020-10-29T13:18:26.843+0000: [GC (Allocation Failure) 2020-10-29T13:18:26.843+0000: [ParNew: 16388K->4K(18432K), 0.0030546 secs] 425095K->408711K(740128K), 0.0031085 secs] [Times: user=0.01 sys=0.00, real=0.00 secs] 
2020-10-29T13:18:26.863+0000: [GC (Allocation Failure) 2020-10-29T13:18:26.863+0000: [ParNew: 16388K->4K(18432K), 0.0030514 secs] 425095K->408711K(740128K), 0.0031086 secs] [Times: user=0.00 sys=0.00, real=0.00 secs] 
2020-10-29T13:18:26.881+0000: [GC (Allocation Failure) 2020-10-29T13:18:26.881+0000: [ParNew: 16388K->4K(18432K), 0.0029874 secs] 425095K->408711K(740128K), 0.0030507 secs] [Times: user=0.01 sys=0.00, real=0.00 secs] 
2020-10-29T13:18:26.900+0000: [GC (Allocation Failure) 2020-10-29T13:18:26.900+0000: [ParNew: 16388K->4K(18432K), 0.0029528 secs] 425095K->408711K(740128K), 0.0030140 secs] [Times: user=0.00 sys=0.00, real=0.00 secs] 
2020-10-29T13:18:26.918+0000: [GC (Allocation Failure) 2020-10-29T13:18:26.918+0000: [ParNew: 16388K->4K(18432K), 0.0032780 secs] 425095K->408711K(740128K), 0.0033450 secs] [Times: user=0.01 sys=0.00, real=0.00 secs] 
2020-10-29T13:18:26.937+0000: [GC (Allocation Failure) 2020-10-29T13:18:26.937+0000: [ParNew: 16388K->4K(18432K), 0.0032643 secs] 425095K->408711K(740128K), 0.0033278 secs] [Times: user=0.01 sys=0.00, real=0.00 secs] 
2020-10-29T13:18:26.955+0000: [GC (Allocation Failure) 2020-10-29T13:18:26.955+0000: [ParNew: 16388K->4K(18432K), 0.0032017 secs] 425095K->408711K(740128K), 0.0032604 secs] [Times: user=0.00 sys=0.00, real=0.00 secs] 
2020-10-29T13:18:26.974+0000: [GC (Allocation Failure) 2020-10-29T13:18:26.974+0000: [ParNew: 16388K->4K(18432K), 0.0033188 secs] 425095K->408711K(740128K), 0.0033746 secs] [Times: user=0.01 sys=0.00, real=0.01 secs] 
2020-10-29T13:18:26.995+0000: [GC (Allocation Failure) 2020-10-29T13:18:26.995+0000: [ParNew: 16388K->4K(18432K), 0.0033194 secs] 425095K->408711K(740128K), 0.0033964 secs] [Times: user=0.01 sys=0.00, real=0.00 secs] 
2020-10-29T13:18:27.013+0000: [GC (Allocation Failure) 2020-10-29T13:18:27.014+0000: [ParNew: 16388K->4K(18432K), 0.0033347 secs] 425095K->408711K(740128K), 0.0033995 secs] [Times: user=0.01 sys=0.00, real=0.01 secs] 
2020-10-29T13:18:27.032+0000: [GC (Allocation Failure) 2020-10-29T13:18:27.032+0000: [ParNew: 16388K->4K(18432K), 0.0033251 secs] 425095K->408711K(740128K), 0.0033991 secs] [Times: user=0.00 sys=0.00, real=0.01 secs] 
2020-10-29T13:18:27.055+0000: [GC (Allocation Failure) 2020-10-29T13:18:27.055+0000: [ParNew: 16388K->4K(18432K), 0.0032636 secs] 425095K->408711K(740128K), 0.0033751 secs] [Times: user=0.00 sys=0.00, real=0.01 secs] 
2020-10-29T13:18:27.067+0000: [GC (Allocation Failure) 2020-10-29T13:18:27.067+0000: [ParNew: 16388K->4K(18432K), 0.0046935 secs] 425095K->416903K(740128K), 0.0047450 secs] [Times: user=0.01 sys=0.00, real=0.01 secs] 
2020-10-29T13:18:27.087+0000: [GC (Allocation Failure) 2020-10-29T13:18:27.087+0000: [ParNew: 16388K->4K(18432K), 0.0032855 secs] 433287K->416903K(740128K), 0.0033482 secs] [Times: user=0.00 sys=0.00, real=0.01 secs] 
2020-10-29T13:18:27.105+0000: [GC (Allocation Failure) 2020-10-29T13:18:27.105+0000: [ParNew: 16388K->4K(18432K), 0.0034028 secs] 433287K->416903K(740128K), 0.0034900 secs] [Times: user=0.01 sys=0.00, real=0.01 secs] 
2020-10-29T13:18:27.127+0000: [GC (Allocation Failure) 2020-10-29T13:18:27.127+0000: [ParNew: 16388K->4K(18432K), 0.0034112 secs] 433287K->416903K(740128K), 0.0034783 secs] [Times: user=0.00 sys=0.00, real=0.00 secs] 
2020-10-29T13:18:27.145+0000: [GC (Allocation Failure) 2020-10-29T13:18:27.145+0000: [ParNew: 16388K->4K(18432K), 0.0033066 secs] 433287K->416903K(740128K), 0.0033722 secs] [Times: user=0.01 sys=0.00, real=0.01 secs] 
2020-10-29T13:18:27.164+0000: [GC (Allocation Failure) 2020-10-29T13:18:27.164+0000: [ParNew: 16388K->4K(18432K), 0.0033137 secs] 433287K->416903K(740128K), 0.0033796 secs] [Times: user=0.01 sys=0.00, real=0.01 secs] 
2020-10-29T13:18:27.183+0000: [GC (Allocation Failure) 2020-10-29T13:18:27.183+0000: [ParNew: 16388K->4K(18432K), 0.0032722 secs] 433287K->416903K(740128K), 0.0033348 secs] [Times: user=0.01 sys=0.00, real=0.00 secs] 
2020-10-29T13:18:27.203+0000: [GC (Allocation Failure) 2020-10-29T13:18:27.203+0000: [ParNew: 16388K->4K(18432K), 0.0033017 secs] 433287K->416903K(740128K), 0.0033663 secs] [Times: user=0.01 sys=0.00, real=0.00 secs] 
2020-10-29T13:18:27.222+0000: [GC (Allocation Failure) 2020-10-29T13:18:27.222+0000: [ParNew: 16388K->4K(18432K), 0.0032381 secs] 433287K->416903K(740128K), 0.0032998 secs] [Times: user=0.01 sys=0.00, real=0.00 secs] 
2020-10-29T13:18:27.240+0000: [GC (Allocation Failure) 2020-10-29T13:18:27.240+0000: [ParNew: 16388K->4K(18432K), 0.0032527 secs] 433287K->416903K(740128K), 0.0033139 secs] [Times: user=0.00 sys=0.00, real=0.00 secs] 
2020-10-29T13:18:27.258+0000: [GC (Allocation Failure) 2020-10-29T13:18:27.258+0000: [ParNew: 16388K->4K(18432K), 0.0033477 secs] 433287K->416903K(740128K), 0.0034262 secs] [Times: user=0.01 sys=0.00, real=0.00 secs] 
2020-10-29T13:18:27.276+0000: [GC (Allocation Failure) 2020-10-29T13:18:27.276+0000: [ParNew: 14769K->4K(18432K), 0.0032972 secs] 431669K->416903K(740128K), 0.0033625 secs] [Times: user=0.00 sys=0.00, real=0.00 secs] 
2020-10-29T13:18:27.291+0000: [GC (Allocation Failure) 2020-10-29T13:18:27.291+0000: [ParNew: 16388K->4K(18432K), 0.0048156 secs] 433287K->425095K(740128K), 0.0048760 secs] [Times: user=0.01 sys=0.00, real=0.01 secs] 
2020-10-29T13:18:27.311+0000: [GC (Allocation Failure) 2020-10-29T13:18:27.311+0000: [ParNew: 16388K->4K(18432K), 0.0031441 secs] 441479K->425095K(740128K), 0.0032006 secs] [Times: user=0.01 sys=0.00, real=0.00 secs] 
2020-10-29T13:18:27.333+0000: [GC (Allocation Failure) 2020-10-29T13:18:27.333+0000: [ParNew: 16388K->4K(18432K), 0.0032407 secs] 441479K->425095K(740128K), 0.0033028 secs] [Times: user=0.01 sys=0.00, real=0.01 secs] 
2020-10-29T13:18:27.352+0000: [GC (Allocation Failure) 2020-10-29T13:18:27.352+0000: [ParNew: 16388K->4K(18432K), 0.0033212 secs] 441479K->425095K(740128K), 0.0033839 secs] [Times: user=0.00 sys=0.00, real=0.01 secs] 
2020-10-29T13:18:27.371+0000: [GC (Allocation Failure) 2020-10-29T13:18:27.371+0000: [ParNew: 16388K->4K(18432K), 0.0032270 secs] 441479K->425095K(740128K), 0.0032890 secs] [Times: user=0.00 sys=0.00, real=0.00 secs] 
2020-10-29T13:18:27.390+0000: [GC (Allocation Failure) 2020-10-29T13:18:27.390+0000: [ParNew: 16388K->4K(18432K), 0.0031674 secs] 441479K->425095K(740128K), 0.0032342 secs] [Times: user=0.00 sys=0.00, real=0.00 secs] 
2020-10-29T13:18:27.408+0000: [GC (Allocation Failure) 2020-10-29T13:18:27.408+0000: [ParNew: 16388K->4K(18432K), 0.0028229 secs] 441479K->425095K(740128K), 0.0028733 secs] [Times: user=0.00 sys=0.00, real=0.00 secs] 
2020-10-29T13:18:27.426+0000: [GC (Allocation Failure) 2020-10-29T13:18:27.426+0000: [ParNew: 16388K->4K(18432K), 0.0031436 secs] 441479K->425095K(740128K), 0.0032037 secs] [Times: user=0.01 sys=0.00, real=0.01 secs] 
2020-10-29T13:18:27.447+0000: [GC (Allocation Failure) 2020-10-29T13:18:27.447+0000: [ParNew: 16388K->4K(18432K), 0.0031196 secs] 441479K->425095K(740128K), 0.0031789 secs] [Times: user=0.00 sys=0.00, real=0.00 secs] 
2020-10-29T13:18:27.467+0000: [GC (Allocation Failure) 2020-10-29T13:18:27.467+0000: [ParNew: 16388K->4K(18432K), 0.0032399 secs] 441479K->425095K(740128K), 0.0033046 secs] [Times: user=0.01 sys=0.00, real=0.00 secs] 
2020-10-29T13:18:27.486+0000: [GC (Allocation Failure) 2020-10-29T13:18:27.486+0000: [ParNew: 16388K->4K(18432K), 0.0031902 secs] 441479K->425095K(740128K), 0.0032519 secs] [Times: user=0.01 sys=0.00, real=0.01 secs] 
2020-10-29T13:18:27.507+0000: [GC (Allocation Failure) 2020-10-29T13:18:27.507+0000: [ParNew: 16388K->4K(18432K), 0.0027666 secs] 441479K->425095K(740128K), 0.0028161 secs] [Times: user=0.01 sys=0.00, real=0.00 secs] 
2020-10-29T13:18:27.525+0000: [GC (Allocation Failure) 2020-10-29T13:18:27.525+0000: [ParNew: 16388K->4K(18432K), 0.0031747 secs] 441479K->425095K(740128K), 0.0032362 secs] [Times: user=0.01 sys=0.00, real=0.01 secs] 
2020-10-29T13:18:27.543+0000: [GC (Allocation Failure) 2020-10-29T13:18:27.543+0000: [ParNew: 16388K->4K(18432K), 0.0032424 secs] 441479K->425095K(740128K), 0.0033207 secs] [Times: user=0.01 sys=0.00, real=0.01 secs] 
2020-10-29T13:18:27.565+0000: [GC (Allocation Failure) 2020-10-29T13:18:27.565+0000: [ParNew: 16388K->4K(18432K), 0.0039398 secs] 441479K->425095K(740128K), 0.0040045 secs] [Times: user=0.01 sys=0.00, real=0.01 secs] 
2020-10-29T13:18:27.578+0000: [GC (Allocation Failure) 2020-10-29T13:18:27.578+0000: [ParNew: 16388K->4K(18432K), 0.0047560 secs] 441479K->433287K(740128K), 0.0048175 secs] [Times: user=0.01 sys=0.00, real=0.00 secs] 
2020-10-29T13:18:27.598+0000: [GC (Allocation Failure) 2020-10-29T13:18:27.598+0000: [ParNew: 16388K->4K(18432K), 0.0034032 secs] 449671K->433287K(740128K), 0.0034705 secs] [Times: user=0.01 sys=0.00, real=0.00 secs] 
2020-10-29T13:18:27.617+0000: [GC (Allocation Failure) 2020-10-29T13:18:27.617+0000: [ParNew: 16388K->4K(18432K), 0.0032867 secs] 449671K->433287K(740128K), 0.0033518 secs] [Times: user=0.00 sys=0.00, real=0.00 secs] 
2020-10-29T13:18:27.639+0000: [GC (Allocation Failure) 2020-10-29T13:18:27.639+0000: [ParNew: 16388K->4K(18432K), 0.0033114 secs] 449671K->433287K(740128K), 0.0033773 secs] [Times: user=0.00 sys=0.00, real=0.00 secs] 
2020-10-29T13:18:27.657+0000: [GC (Allocation Failure) 2020-10-29T13:18:27.657+0000: [ParNew: 16388K->4K(18432K), 0.0032467 secs] 449671K->433287K(740128K), 0.0033091 secs] [Times: user=0.01 sys=0.00, real=0.00 secs] 
2020-10-29T13:18:27.679+0000: [GC (Allocation Failure) 2020-10-29T13:18:27.679+0000: [ParNew: 16388K->4K(18432K), 0.0033275 secs] 449671K->433287K(740128K), 0.0033925 secs] [Times: user=0.01 sys=0.00, real=0.00 secs] 
2020-10-29T13:18:27.699+0000: [GC (Allocation Failure) 2020-10-29T13:18:27.699+0000: [ParNew: 16388K->4K(18432K), 0.0033154 secs] 449671K->433287K(740128K), 0.0033951 secs] [Times: user=0.01 sys=0.00, real=0.00 secs] 
2020-10-29T13:18:27.719+0000: [GC (Allocation Failure) 2020-10-29T13:18:27.719+0000: [ParNew: 16388K->4K(18432K), 0.0032443 secs] 449671K->433287K(740128K), 0.0033088 secs] [Times: user=0.01 sys=0.00, real=0.00 secs] 
2020-10-29T13:18:27.739+0000: [GC (Allocation Failure) 2020-10-29T13:18:27.739+0000: [ParNew: 16388K->4K(18432K), 0.0032939 secs] 449671K->433287K(740128K), 0.0033602 secs] [Times: user=0.01 sys=0.00, real=0.00 secs] 
2020-10-29T13:18:27.757+0000: [GC (Allocation Failure) 2020-10-29T13:18:27.757+0000: [ParNew: 16388K->4K(18432K), 0.0033311 secs] 449671K->433287K(740128K), 0.0033961 secs] [Times: user=0.01 sys=0.00, real=0.00 secs] 
2020-10-29T13:18:27.779+0000: [GC (Allocation Failure) 2020-10-29T13:18:27.779+0000: [ParNew: 16388K->4K(18432K), 0.0034146 secs] 449671K->433287K(740128K), 0.0034811 secs] [Times: user=0.00 sys=0.00, real=0.00 secs] 
2020-10-29T13:18:27.795+0000: [GC (Allocation Failure) 2020-10-29T13:18:27.795+0000: [ParNew: 16388K->4K(18432K), 0.0049903 secs] 449671K->441479K(740128K), 0.0050594 secs] [Times: user=0.01 sys=0.00, real=0.00 secs] 
2020-10-29T13:18:27.815+0000: [GC (Allocation Failure) 2020-10-29T13:18:27.815+0000: [ParNew: 16388K->4K(18432K), 0.0033257 secs] 457863K->441479K(740128K), 0.0033898 secs] [Times: user=0.01 sys=0.00, real=0.00 secs] 
2020-10-29T13:18:27.835+0000: [GC (Allocation Failure) 2020-10-29T13:18:27.835+0000: [ParNew: 16388K->4K(18432K), 0.0032700 secs] 457863K->441479K(740128K), 0.0033338 secs] [Times: user=0.00 sys=0.00, real=0.00 secs] 
2020-10-29T13:18:27.854+0000: [GC (Allocation Failure) 2020-10-29T13:18:27.854+0000: [ParNew: 16388K->4K(18432K), 0.0033058 secs] 457863K->441479K(740128K), 0.0033726 secs] [Times: user=0.01 sys=0.00, real=0.01 secs] 
2020-10-29T13:18:27.873+0000: [GC (Allocation Failure) 2020-10-29T13:18:27.873+0000: [ParNew: 16388K->4K(18432K), 0.0033527 secs] 457863K->441479K(740128K), 0.0034195 secs] [Times: user=0.01 sys=0.00, real=0.01 secs] 
2020-10-29T13:18:27.891+0000: [GC (Allocation Failure) 2020-10-29T13:18:27.891+0000: [ParNew: 16388K->4K(18432K), 0.0033293 secs] 457863K->441479K(740128K), 0.0033932 secs] [Times: user=0.00 sys=0.00, real=0.01 secs] 
2020-10-29T13:18:27.911+0000: [GC (Allocation Failure) 2020-10-29T13:18:27.911+0000: [ParNew: 16388K->4K(18432K), 0.0034157 secs] 457863K->441480K(740128K), 0.0034817 secs] [Times: user=0.01 sys=0.00, real=0.00 secs] 
2020-10-29T13:18:27.930+0000: [GC (Allocation Failure) 2020-10-29T13:18:27.930+0000: [ParNew: 16388K->4K(18432K), 0.0034640 secs] 457864K->441480K(740128K), 0.0035323 secs] [Times: user=0.01 sys=0.00, real=0.00 secs] 
2020-10-29T13:18:27.951+0000: [GC (Allocation Failure) 2020-10-29T13:18:27.951+0000: [ParNew: 16388K->4K(18432K), 0.0033390 secs] 457864K->441480K(740128K), 0.0034078 secs] [Times: user=0.00 sys=0.00, real=0.00 secs] 
2020-10-29T13:18:27.970+0000: [GC (Allocation Failure) 2020-10-29T13:18:27.970+0000: [ParNew: 16388K->4K(18432K), 0.0033551 secs] 457864K->441480K(740128K), 0.0034226 secs] [Times: user=0.01 sys=0.00, real=0.00 secs] 
2020-10-29T13:18:27.991+0000: [GC (Allocation Failure) 2020-10-29T13:18:27.991+0000: [ParNew: 16388K->4K(18432K), 0.0039581 secs] 457864K->441480K(740128K), 0.0040258 secs] [Times: user=0.00 sys=0.00, real=0.01 secs] 
2020-10-29T13:18:28.010+0000: [GC (Allocation Failure) 2020-10-29T13:18:28.010+0000: [ParNew: 16388K->4K(18432K), 0.0032832 secs] 457864K->441480K(740128K), 0.0033446 secs] [Times: user=0.01 sys=0.00, real=0.00 secs] 
2020-10-29T13:18:28.033+0000: [GC (Allocation Failure) 2020-10-29T13:18:28.033+0000: [ParNew: 16229K->4K(18432K), 0.0033681 secs] 457705K->441480K(740128K), 0.0034377 secs] [Times: user=0.01 sys=0.00, real=0.01 secs] 
2020-10-29T13:18:28.055+0000: [GC (Allocation Failure) 2020-10-29T13:18:28.055+0000: [ParNew: 16388K->4K(18432K), 0.0033061 secs] 457864K->441480K(740128K), 0.0033724 secs] [Times: user=0.01 sys=0.00, real=0.00 secs] 
2020-10-29T13:18:28.074+0000: [GC (Allocation Failure) 2020-10-29T13:18:28.074+0000: [ParNew: 16388K->4K(18432K), 0.0032842 secs] 457864K->441480K(740128K), 0.0033483 secs] [Times: user=0.01 sys=0.00, real=0.01 secs] 
2020-10-29T13:18:28.093+0000: [GC (Allocation Failure) 2020-10-29T13:18:28.093+0000: [ParNew: 16388K->4K(18432K), 0.0033901 secs] 457864K->441480K(740128K), 0.0034596 secs] [Times: user=0.01 sys=0.00, real=0.01 secs] 
2020-10-29T13:18:28.106+0000: [GC (Allocation Failure) 2020-10-29T13:18:28.106+0000: [ParNew: 16388K->4K(18432K), 0.0054817 secs] 457864K->449672K(740128K), 0.0055611 secs] [Times: user=0.01 sys=0.00, real=0.01 secs] 
2020-10-29T13:18:28.127+0000: [GC (Allocation Failure) 2020-10-29T13:18:28.127+0000: [ParNew: 16388K->4K(18432K), 0.0033172 secs] 466056K->449672K(740128K), 0.0033990 secs] [Times: user=0.01 sys=0.00, real=0.01 secs] 
2020-10-29T13:18:28.147+0000: [GC (Allocation Failure) 2020-10-29T13:18:28.147+0000: [ParNew: 16388K->4K(18432K), 0.0033360 secs] 466056K->449672K(740128K), 0.0034046 secs] [Times: user=0.00 sys=0.00, real=0.00 secs] 
2020-10-29T13:18:28.165+0000: [GC (Allocation Failure) 2020-10-29T13:18:28.165+0000: [ParNew: 16388K->4K(18432K), 0.0033122 secs] 466056K->449672K(740128K), 0.0033774 secs] [Times: user=0.01 sys=0.00, real=0.01 secs] 
2020-10-29T13:18:28.185+0000: [GC (Allocation Failure) 2020-10-29T13:18:28.185+0000: [ParNew: 16388K->4K(18432K), 0.0031038 secs] 466056K->449672K(740128K), 0.0031626 secs] [Times: user=0.01 sys=0.00, real=0.01 secs] 
2020-10-29T13:18:28.207+0000: [GC (Allocation Failure) 2020-10-29T13:18:28.207+0000: [ParNew: 16388K->4K(18432K), 0.0033097 secs] 466056K->449672K(740128K), 0.0033759 secs] [Times: user=0.01 sys=0.00, real=0.00 secs] 
2020-10-29T13:18:28.227+0000: [GC (Allocation Failure) 2020-10-29T13:18:28.227+0000: [ParNew: 16388K->4K(18432K), 0.0032023 secs] 466056K->449672K(740128K), 0.0032633 secs] [Times: user=0.01 sys=0.00, real=0.00 secs] 
2020-10-29T13:18:28.245+0000: [GC (Allocation Failure) 2020-10-29T13:18:28.245+0000: [ParNew: 16388K->4K(18432K), 0.0029246 secs] 466056K->449672K(740128K), 0.0029795 secs] [Times: user=0.00 sys=0.00, real=0.01 secs] 
2020-10-29T13:18:28.264+0000: [GC (Allocation Failure) 2020-10-29T13:18:28.264+0000: [ParNew: 16388K->4K(18432K), 0.0034020 secs] 466056K->449672K(740128K), 0.0034723 secs] [Times: user=0.01 sys=0.00, real=0.01 secs] 
2020-10-29T13:18:28.282+0000: [GC (Allocation Failure) 2020-10-29T13:18:28.282+0000: [ParNew: 16388K->4K(18432K), 0.0029793 secs] 466056K->449672K(740128K), 0.0030356 secs] [Times: user=0.01 sys=0.00, real=0.00 secs] 
2020-10-29T13:18:28.299+0000: [GC (Allocation Failure) 2020-10-29T13:18:28.299+0000: [ParNew: 12304K->4K(18432K), 0.0028030 secs] 461972K->449672K(740128K), 0.0028450 secs] [Times: user=0.00 sys=0.00, real=0.00 secs] 
2020-10-29T13:18:28.310+0000: [GC (Allocation Failure) 2020-10-29T13:18:28.310+0000: [ParNew: 16388K->4K(18432K), 0.0036731 secs] 466056K->457864K(740128K), 0.0037185 secs] [Times: user=0.00 sys=0.00, real=0.00 secs] 
2020-10-29T13:18:28.331+0000: [GC (Allocation Failure) 2020-10-29T13:18:28.331+0000: [ParNew: 16388K->4K(18432K), 0.0028378 secs] 474248K->457864K(740128K), 0.0028909 secs] [Times: user=0.00 sys=0.00, real=0.00 secs] 
2020-10-29T13:18:28.351+0000: [GC (Allocation Failure) 2020-10-29T13:18:28.351+0000: [ParNew: 16388K->4K(18432K), 0.0031860 secs] 474248K->457864K(740128K), 0.0032522 secs] [Times: user=0.01 sys=0.00, real=0.00 secs] 
2020-10-29T13:18:28.371+0000: [GC (Allocation Failure) 2020-10-29T13:18:28.371+0000: [ParNew: 16388K->4K(18432K), 0.0032531 secs] 474248K->457864K(740128K), 0.0033189 secs] [Times: user=0.01 sys=0.00, real=0.00 secs] 
2020-10-29T13:18:28.391+0000: [GC (Allocation Failure) 2020-10-29T13:18:28.391+0000: [ParNew: 16388K->4K(18432K), 0.0030574 secs] 474248K->457864K(740128K), 0.0031101 secs] [Times: user=0.00 sys=0.00, real=0.00 secs] 
2020-10-29T13:18:28.411+0000: [GC (Allocation Failure) 2020-10-29T13:18:28.411+0000: [ParNew: 16388K->4K(18432K), 0.0030325 secs] 474248K->457864K(740128K), 0.0030883 secs] [Times: user=0.01 sys=0.00, real=0.00 secs] 
2020-10-29T13:18:28.429+0000: [GC (Allocation Failure) 2020-10-29T13:18:28.429+0000: [ParNew: 16388K->4K(18432K), 0.0031775 secs] 474248K->457864K(740128K), 0.0032453 secs] [Times: user=0.01 sys=0.00, real=0.00 secs] 
2020-10-29T13:18:28.448+0000: [GC (Allocation Failure) 2020-10-29T13:18:28.448+0000: [ParNew: 16388K->4K(18432K), 0.0029739 secs] 474248K->457864K(740128K), 0.0030250 secs] [Times: user=0.00 sys=0.00, real=0.00 secs] 
2020-10-29T13:18:28.467+0000: [GC (Allocation Failure) 2020-10-29T13:18:28.467+0000: [ParNew: 16388K->4K(18432K), 0.0036164 secs] 474248K->457864K(740128K), 0.0036885 secs] [Times: user=0.01 sys=0.00, real=0.00 secs] 
2020-10-29T13:18:28.487+0000: [GC (Allocation Failure) 2020-10-29T13:18:28.487+0000: [ParNew: 16388K->4K(18432K), 0.0033389 secs] 474248K->457864K(740128K), 0.0034063 secs] [Times: user=0.01 sys=0.00, real=0.00 secs] 
2020-10-29T13:18:28.506+0000: [GC (Allocation Failure) 2020-10-29T13:18:28.506+0000: [ParNew: 16388K->4K(18432K), 0.0032578 secs] 474248K->457864K(740128K), 0.0033176 secs] [Times: user=0.00 sys=0.00, real=0.01 secs] 
2020-10-29T13:18:28.527+0000: [GC (Allocation Failure) 2020-10-29T13:18:28.527+0000: [ParNew: 16388K->4K(18432K), 0.0030237 secs] 474248K->457864K(740128K), 0.0030771 secs] [Times: user=0.01 sys=0.00, real=0.00 secs] 
2020-10-29T13:18:28.545+0000: [GC (Allocation Failure) 2020-10-29T13:18:28.545+0000: [ParNew: 16388K->4K(18432K), 0.0031940 secs] 474248K->457864K(740128K), 0.0032547 secs] [Times: user=0.01 sys=0.00, real=0.01 secs] 
2020-10-29T13:18:28.565+0000: [GC (Allocation Failure) 2020-10-29T13:18:28.565+0000: [ParNew: 16388K->4K(18432K), 0.0089762 secs] 474248K->457864K(740128K), 0.0090594 secs] [Times: user=0.01 sys=0.00, real=0.01 secs] 
2020-10-29T13:18:28.589+0000: [GC (Allocation Failure) 2020-10-29T13:18:28.589+0000: [ParNew: 16388K->4K(18432K), 0.0031867 secs] 474248K->457864K(740128K), 0.0032448 secs] [Times: user=0.00 sys=0.00, real=0.00 secs] 
2020-10-29T13:18:28.611+0000: [GC (Allocation Failure) 2020-10-29T13:18:28.611+0000: [ParNew: 16388K->4K(18432K), 0.0032526 secs] 474248K->457864K(740128K), 0.0033175 secs] [Times: user=0.01 sys=0.00, real=0.00 secs] 
2020-10-29T13:18:28.623+0000: [GC (Allocation Failure) 2020-10-29T13:18:28.623+0000: [ParNew: 16388K->4K(18432K), 0.0048794 secs] 474248K->466056K(740128K), 0.0049436 secs] [Times: user=0.01 sys=0.00, real=0.01 secs] 
2020-10-29T13:18:28.647+0000: [GC (Allocation Failure) 2020-10-29T13:18:28.647+0000: [ParNew: 16388K->4K(18432K), 0.0033284 secs] 482440K->466056K(740128K), 0.0033978 secs] [Times: user=0.01 sys=0.00, real=0.00 secs] 
2020-10-29T13:18:28.666+0000: [GC (Allocation Failure) 2020-10-29T13:18:28.666+0000: [ParNew: 16388K->4K(18432K), 0.0033160 secs] 482440K->466056K(740128K), 0.0033964 secs] [Times: user=0.00 sys=0.00, real=0.01 secs] 
2020-10-29T13:18:28.684+0000: [GC (Allocation Failure) 2020-10-29T13:18:28.684+0000: [ParNew: 16388K->4K(18432K), 0.0033057 secs] 482440K->466056K(740128K), 0.0033697 secs] [Times: user=0.01 sys=0.00, real=0.01 secs] 
2020-10-29T13:18:28.707+0000: [GC (Allocation Failure) 2020-10-29T13:18:28.707+0000: [ParNew: 16388K->4K(18432K), 0.0033036 secs] 482440K->466056K(740128K), 0.0033682 secs] [Times: user=0.01 sys=0.00, real=0.00 secs] 
2020-10-29T13:18:28.727+0000: [GC (Allocation Failure) 2020-10-29T13:18:28.727+0000: [ParNew: 16388K->4K(18432K), 0.0032714 secs] 482440K->466056K(740128K), 0.0033373 secs] [Times: user=0.00 sys=0.00, real=0.00 secs] 
2020-10-29T13:18:28.745+0000: [GC (Allocation Failure) 2020-10-29T13:18:28.745+0000: [ParNew: 16388K->4K(18432K), 0.0033161 secs] 482440K->466056K(740128K), 0.0033811 secs] [Times: user=0.01 sys=0.00, real=0.01 secs] 
2020-10-29T13:18:28.764+0000: [GC (Allocation Failure) 2020-10-29T13:18:28.764+0000: [ParNew: 16388K->4K(18432K), 0.0032850 secs] 482440K->466056K(740128K), 0.0033512 secs] [Times: user=0.01 sys=0.00, real=0.01 secs] 
2020-10-29T13:18:28.787+0000: [GC (Allocation Failure) 2020-10-29T13:18:28.787+0000: [ParNew: 16388K->4K(18432K), 0.0031067 secs] 482440K->466056K(740128K), 0.0031646 secs] [Times: user=0.01 sys=0.00, real=0.00 secs] 
2020-10-29T13:18:28.806+0000: [GC (Allocation Failure) 2020-10-29T13:18:28.806+0000: [ParNew: 16388K->4K(18432K), 0.0030610 secs] 482440K->466056K(740128K), 0.0031296 secs] [Times: user=0.00 sys=0.00, real=0.01 secs] 
2020-10-29T13:18:28.818+0000: [GC (Allocation Failure) 2020-10-29T13:18:28.818+0000: [ParNew: 16388K->4K(18432K), 0.0045972 secs] 482440K->474248K(740128K), 0.0046647 secs] [Times: user=0.01 sys=0.00, real=0.00 secs] 
2020-10-29T13:18:28.838+0000: [GC (Allocation Failure) 2020-10-29T13:18:28.838+0000: [ParNew: 16388K->4K(18432K), 0.0032887 secs] 490632K->474248K(740128K), 0.0033493 secs] [Times: user=0.01 sys=0.00, real=0.00 secs] 
2020-10-29T13:18:28.859+0000: [GC (Allocation Failure) 2020-10-29T13:18:28.859+0000: [ParNew: 16388K->4K(18432K), 0.0032851 secs] 490632K->474248K(740128K), 0.0033526 secs] [Times: user=0.01 sys=0.00, real=0.00 secs] 
2020-10-29T13:18:28.879+0000: [GC (Allocation Failure) 2020-10-29T13:18:28.879+0000: [ParNew: 16388K->4K(18432K), 0.0033062 secs] 490632K->474248K(740128K), 0.0033719 secs] [Times: user=0.00 sys=0.00, real=0.00 secs] 
2020-10-29T13:18:28.897+0000: [GC (Allocation Failure) 2020-10-29T13:18:28.897+0000: [ParNew: 16388K->4K(18432K), 0.0032697 secs] 490632K->474248K(740128K), 0.0033328 secs] [Times: user=0.01 sys=0.00, real=0.00 secs] 
2020-10-29T13:18:28.919+0000: [GC (Allocation Failure) 2020-10-29T13:18:28.919+0000: [ParNew: 16388K->4K(18432K), 0.0032583 secs] 490632K->474248K(740128K), 0.0033213 secs] [Times: user=0.01 sys=0.00, real=0.00 secs] 
2020-10-29T13:18:28.939+0000: [GC (Allocation Failure) 2020-10-29T13:18:28.939+0000: [ParNew: 16388K->4K(18432K), 0.0028271 secs] 490632K->474248K(740128K), 0.0028821 secs] [Times: user=0.01 sys=0.00, real=0.00 secs] 
2020-10-29T13:18:28.959+0000: [GC (Allocation Failure) 2020-10-29T13:18:28.959+0000: [ParNew: 16388K->4K(18432K), 0.0030955 secs] 490632K->474248K(740128K), 0.0031569 secs] [Times: user=0.00 sys=0.00, real=0.00 secs] 
2020-10-29T13:18:28.979+0000: [GC (Allocation Failure) 2020-10-29T13:18:28.979+0000: [ParNew: 16388K->4K(18432K), 0.0032234 secs] 490632K->474248K(740128K), 0.0032810 secs] [Times: user=0.01 sys=0.00, real=0.00 secs] 
2020-10-29T13:18:28.997+0000: [GC (Allocation Failure) 2020-10-29T13:18:28.997+0000: [ParNew: 16388K->4K(18432K), 0.0031475 secs] 490632K->474248K(740128K), 0.0032059 secs] [Times: user=0.01 sys=0.00, real=0.00 secs] 
2020-10-29T13:18:29.019+0000: [GC (Allocation Failure) 2020-10-29T13:18:29.019+0000: [ParNew: 16388K->4K(18432K), 0.0032080 secs] 490632K->474248K(740128K), 0.0032685 secs] [Times: user=0.01 sys=0.00, real=0.00 secs] 
2020-10-29T13:18:29.037+0000: [GC (Allocation Failure) 2020-10-29T13:18:29.037+0000: [ParNew: 16388K->4K(18432K), 0.0032635 secs] 490632K->474248K(740128K), 0.0033279 secs] [Times: user=0.01 sys=0.00, real=0.00 secs] 
2020-10-29T13:18:29.062+0000: [GC (Allocation Failure) 2020-10-29T13:18:29.062+0000: [ParNew: 16388K->4K(18432K), 0.0034207 secs] 490632K->474248K(740128K), 0.0034944 secs] [Times: user=0.01 sys=0.00, real=0.00 secs] 
2020-10-29T13:18:29.082+0000: [GC (Allocation Failure) 2020-10-29T13:18:29.082+0000: [ParNew: 16388K->4K(18432K), 0.0033294 secs] 490632K->474248K(740128K), 0.0033976 secs] [Times: user=0.00 sys=0.00, real=0.00 secs] 
2020-10-29T13:18:29.100+0000: [GC (Allocation Failure) 2020-10-29T13:18:29.100+0000: [ParNew: 16388K->4K(18432K), 0.0033359 secs] 490632K->474248K(740128K), 0.0034042 secs] [Times: user=0.01 sys=0.00, real=0.00 secs] 
2020-10-29T13:18:29.119+0000: [GC (Allocation Failure) 2020-10-29T13:18:29.119+0000: [ParNew: 16388K->4K(18432K), 0.0033959 secs] 490632K->474248K(740128K), 0.0034731 secs] [Times: user=0.00 sys=0.00, real=0.00 secs] 
2020-10-29T13:18:29.139+0000: [GC (Allocation Failure) 2020-10-29T13:18:29.139+0000: [ParNew: 16388K->4K(18432K), 0.0035024 secs] 490632K->474248K(740128K), 0.0035741 secs] [Times: user=0.01 sys=0.00, real=0.00 secs] 
2020-10-29T13:18:29.155+0000: [GC (Allocation Failure) 2020-10-29T13:18:29.155+0000: [ParNew: 16388K->4K(18432K), 0.0051200 secs] 490632K->482440K(740128K), 0.0051932 secs] [Times: user=0.01 sys=0.00, real=0.00 secs] 
2020-10-29T13:18:29.179+0000: [GC (Allocation Failure) 2020-10-29T13:18:29.179+0000: [ParNew: 16388K->4K(18432K), 0.0033150 secs] 498824K->482440K(740128K), 0.0033814 secs] [Times: user=0.00 sys=0.00, real=0.00 secs] 
2020-10-29T13:18:29.199+0000: [GC (Allocation Failure) 2020-10-29T13:18:29.199+0000: [ParNew: 16388K->4K(18432K), 0.0033014 secs] 498824K->482440K(740128K), 0.0033685 secs] [Times: user=0.01 sys=0.00, real=0.00 secs] 
2020-10-29T13:18:29.219+0000: [GC (Allocation Failure) 2020-10-29T13:18:29.219+0000: [ParNew: 16388K->4K(18432K), 0.0033307 secs] 498824K->482440K(740128K), 0.0033950 secs] [Times: user=0.00 sys=0.00, real=0.00 secs] 
2020-10-29T13:18:29.238+0000: [GC (Allocation Failure) 2020-10-29T13:18:29.238+0000: [ParNew: 16388K->4K(18432K), 0.0034172 secs] 498824K->482440K(740128K), 0.0034790 secs] [Times: user=0.00 sys=0.00, real=0.00 secs] 
2020-10-29T13:18:29.260+0000: [GC (Allocation Failure) 2020-10-29T13:18:29.260+0000: [ParNew: 16388K->4K(18432K), 0.0033555 secs] 498824K->482440K(740128K), 0.0034490 secs] [Times: user=0.01 sys=0.00, real=0.00 secs] 
2020-10-29T13:18:29.279+0000: [GC (Allocation Failure) 2020-10-29T13:18:29.279+0000: [ParNew: 16388K->4K(18432K), 0.0032963 secs] 498824K->482440K(740128K), 0.0033626 secs] [Times: user=0.01 sys=0.00, real=0.00 secs] 
2020-10-29T13:18:29.299+0000: [GC (Allocation Failure) 2020-10-29T13:18:29.299+0000: [ParNew: 16388K->4K(18432K), 0.0033492 secs] 498824K->482440K(740128K), 0.0034155 secs] [Times: user=0.00 sys=0.00, real=0.00 secs] 
2020-10-29T13:18:29.317+0000: [GC (Allocation Failure) 2020-10-29T13:18:29.318+0000: [ParNew: 16388K->4K(18432K), 0.0032968 secs] 498824K->482440K(740128K), 0.0033644 secs] [Times: user=0.01 sys=0.00, real=0.00 secs] 
2020-10-29T13:18:29.330+0000: [GC (Allocation Failure) 2020-10-29T13:18:29.330+0000: [ParNew: 16388K->4K(18432K), 0.0049707 secs] 498824K->490632K(740128K), 0.0050378 secs] [Times: user=0.01 sys=0.00, real=0.01 secs] 
2020-10-29T13:18:29.351+0000: [GC (Allocation Failure) 2020-10-29T13:18:29.351+0000: [ParNew: 16388K->4K(18432K), 0.0032974 secs] 507016K->490632K(740128K), 0.0033607 secs] [Times: user=0.01 sys=0.00, real=0.00 secs] 
2020-10-29T13:18:29.369+0000: [GC (Allocation Failure) 2020-10-29T13:18:29.369+0000: [ParNew: 16388K->4K(18432K), 0.0033750 secs] 507016K->490632K(740128K), 0.0034462 secs] [Times: user=0.01 sys=0.00, real=0.00 secs] 
2020-10-29T13:18:29.388+0000: [GC (Allocation Failure) 2020-10-29T13:18:29.388+0000: [ParNew: 16388K->4K(18432K), 0.0032984 secs] 507016K->490632K(740128K), 0.0033883 secs] [Times: user=0.00 sys=0.00, real=0.00 secs] 
2020-10-29T13:18:29.410+0000: [GC (Allocation Failure) 2020-10-29T13:18:29.410+0000: [ParNew: 16388K->4K(18432K), 0.0032345 secs] 507016K->490632K(740128K), 0.0032994 secs] [Times: user=0.00 sys=0.00, real=0.00 secs] 
2020-10-29T13:18:29.431+0000: [GC (Allocation Failure) 2020-10-29T13:18:29.431+0000: [ParNew: 16388K->4K(18432K), 0.0034339 secs] 507016K->490632K(740128K), 0.0034982 secs] [Times: user=0.00 sys=0.00, real=0.00 secs] 
2020-10-29T13:18:29.450+0000: [GC (Allocation Failure) 2020-10-29T13:18:29.450+0000: [ParNew: 16388K->4K(18432K), 0.0033618 secs] 507016K->490632K(740128K), 0.0034285 secs] [Times: user=0.01 sys=0.00, real=0.00 secs] 
2020-10-29T13:18:29.469+0000: [GC (Allocation Failure) 2020-10-29T13:18:29.469+0000: [ParNew: 16388K->4K(18432K), 0.0033649 secs] 507016K->490632K(740128K), 0.0034327 secs] [Times: user=0.01 sys=0.00, real=0.00 secs] 
2020-10-29T13:18:29.491+0000: [GC (Allocation Failure) 2020-10-29T13:18:29.491+0000: [ParNew: 16388K->4K(18432K), 0.0031110 secs] 507016K->490632K(740128K), 0.0031780 secs] [Times: user=0.01 sys=0.00, real=0.00 secs] 
2020-10-29T13:18:29.513+0000: [GC (Allocation Failure) 2020-10-29T13:18:29.514+0000: [ParNew: 16388K->4K(18432K), 0.0031126 secs] 507016K->490632K(740128K), 0.0031726 secs] [Times: user=0.01 sys=0.00, real=0.01 secs] 
2020-10-29T13:18:29.532+0000: [GC (Allocation Failure) 2020-10-29T13:18:29.532+0000: [ParNew: 16388K->4K(18432K), 0.0032102 secs] 507016K->490632K(740128K), 0.0032829 secs] [Times: user=0.00 sys=0.00, real=0.01 secs] 
2020-10-29T13:18:29.551+0000: [GC (Allocation Failure) 2020-10-29T13:18:29.551+0000: [ParNew: 16388K->4K(18432K), 0.0031126 secs] 507016K->490632K(740128K), 0.0031768 secs] [Times: user=0.01 sys=0.00, real=0.00 secs] 
2020-10-29T13:18:29.571+0000: [GC (Allocation Failure) 2020-10-29T13:18:29.571+0000: [ParNew: 16388K->4K(18432K), 0.0032055 secs] 507016K->490632K(740128K), 0.0032669 secs] [Times: user=0.01 sys=0.00, real=0.00 secs] 
2020-10-29T13:18:29.591+0000: [GC (Allocation Failure) 2020-10-29T13:18:29.591+0000: [ParNew: 16388K->4K(18432K), 0.0031890 secs] 507016K->490632K(740128K), 0.0032511 secs] [Times: user=0.00 sys=0.00, real=0.00 secs] 
2020-10-29T13:18:29.609+0000: [GC (Allocation Failure) 2020-10-29T13:18:29.610+0000: [ParNew: 16388K->4K(18432K), 0.0032183 secs] 507016K->490632K(740128K), 0.0032815 secs] [Times: user=0.01 sys=0.00, real=0.00 secs] 
2020-10-29T13:18:29.628+0000: [GC (Allocation Failure) 2020-10-29T13:18:29.628+0000: [ParNew: 16388K->4K(18432K), 0.0032526 secs] 507016K->490632K(740128K), 0.0033125 secs] [Times: user=0.01 sys=0.00, real=0.00 secs] 
2020-10-29T13:18:29.647+0000: [GC (Allocation Failure) 2020-10-29T13:18:29.647+0000: [ParNew: 16388K->4K(18432K), 0.0032517 secs] 507016K->490632K(740128K), 0.0033171 secs] [Times: user=0.00 sys=0.00, real=0.00 secs] 
2020-10-29T13:18:29.665+0000: [GC (Allocation Failure) 2020-10-29T13:18:29.665+0000: [ParNew: 16388K->4K(18432K), 0.0028983 secs] 507016K->490632K(740128K), 0.0029537 secs] [Times: user=0.01 sys=0.00, real=0.01 secs] 
2020-10-29T13:18:29.679+0000: [GC (Allocation Failure) 2020-10-29T13:18:29.679+0000: [ParNew: 9840K->4K(18432K), 0.0028553 secs] 500468K->490632K(740128K), 0.0029028 secs] [Times: user=0.01 sys=0.00, real=0.00 secs] 
2020-10-29T13:18:29.694+0000: [GC (Allocation Failure) 2020-10-29T13:18:29.694+0000: [ParNew: 16388K->4K(18432K), 0.0047541 secs] 507016K->498824K(740128K), 0.0048136 secs] [Times: user=0.01 sys=0.00, real=0.01 secs] 
2020-10-29T13:18:29.718+0000: [GC (Allocation Failure) 2020-10-29T13:18:29.718+0000: [ParNew: 16388K->4K(18432K), 0.0032687 secs] 515208K->498824K(740128K), 0.0033302 secs] [Times: user=0.01 sys=0.00, real=0.00 secs] 
2020-10-29T13:18:29.749+0000: [GC (Allocation Failure) 2020-10-29T13:18:29.749+0000: [ParNew: 16388K->4K(18432K), 0.0033138 secs] 515208K->498824K(740128K), 0.0033819 secs] [Times: user=0.01 sys=0.00, real=0.00 secs] 
2020-10-29T13:18:29.783+0000: [GC (Allocation Failure) 2020-10-29T13:18:29.783+0000: [ParNew: 16388K->4K(18432K), 0.0032685 secs] 515208K->498824K(740128K), 0.0033359 secs] [Times: user=0.00 sys=0.00, real=0.00 secs] 
2020-10-29T13:18:29.819+0000: [GC (Allocation Failure) 2020-10-29T13:18:29.819+0000: [ParNew: 16388K->4K(18432K), 0.0032503 secs] 515208K->498824K(740128K), 0.0033167 secs] [Times: user=0.01 sys=0.00, real=0.00 secs] 
2020-10-29T13:18:29.853+0000: [GC (Allocation Failure) 2020-10-29T13:18:29.853+0000: [ParNew: 16388K->4K(18432K), 0.0032752 secs] 515208K->498824K(740128K), 0.0033363 secs] [Times: user=0.00 sys=0.00, real=0.01 secs] 
2020-10-29T13:18:29.889+0000: [GC (Allocation Failure) 2020-10-29T13:18:29.889+0000: [ParNew: 16388K->4K(18432K), 0.0032894 secs] 515208K->498824K(740128K), 0.0033548 secs] [Times: user=0.01 sys=0.00, real=0.00 secs] 
2020-10-29T13:18:29.923+0000: [GC (Allocation Failure) 2020-10-29T13:18:29.923+0000: [ParNew: 16388K->4K(18432K), 0.0033952 secs] 515208K->498824K(740128K), 0.0034632 secs] [Times: user=0.01 sys=0.00, real=0.00 secs] 
2020-10-29T13:18:29.956+0000: [GC (Allocation Failure) 2020-10-29T13:18:29.956+0000: [ParNew: 16388K->4K(18432K), 0.0032971 secs] 515208K->498826K(740128K), 0.0033627 secs] [Times: user=0.00 sys=0.00, real=0.00 secs] 
2020-10-29T13:18:29.991+0000: [GC (Allocation Failure) 2020-10-29T13:18:29.991+0000: [ParNew: 16388K->4K(18432K), 0.0032693 secs] 515210K->498826K(740128K), 0.0033372 secs] [Times: user=0.01 sys=0.00, real=0.00 secs] 
2020-10-29T13:18:30.027+0000: [GC (Allocation Failure) 2020-10-29T13:18:30.027+0000: [ParNew: 16388K->4K(18432K), 0.0032853 secs] 515210K->498826K(740128K), 0.0033527 secs] [Times: user=0.00 sys=0.00, real=0.00 secs] 
2020-10-29T13:18:30.060+0000: [GC (Allocation Failure) 2020-10-29T13:18:30.060+0000: [ParNew: 16388K->4K(18432K), 0.0032942 secs] 515210K->498826K(740128K), 0.0033629 secs] [Times: user=0.01 sys=0.00, real=0.00 secs] 
2020-10-29T13:18:30.093+0000: [GC (Allocation Failure) 2020-10-29T13:18:30.093+0000: [ParNew: 16388K->4K(18432K), 0.0034335 secs] 515210K->498826K(740128K), 0.0035019 secs] [Times: user=0.01 sys=0.00, real=0.01 secs] 
2020-10-29T13:18:30.295+0000: [GC (Allocation Failure) 2020-10-29T13:18:30.295+0000: [ParNew: 16388K->4K(18432K), 0.0034109 secs] 515210K->498826K(740128K), 0.0035028 secs] [Times: user=0.01 sys=0.00, real=0.00 secs] 
2020-10-29T13:18:30.787+0000: [GC (Allocation Failure) 2020-10-29T13:18:30.787+0000: [ParNew: 16388K->4K(18432K), 0.0032381 secs] 515210K->498826K(740128K), 0.0033099 secs] [Times: user=0.00 sys=0.00, real=0.00 secs] 
2020-10-29T13:18:30.842+0000: [GC (Allocation Failure) 2020-10-29T13:18:30.842+0000: [ParNew: 16388K->4K(18432K), 0.0033040 secs] 515210K->498826K(740128K), 0.0033760 secs] [Times: user=0.00 sys=0.00, real=0.00 secs] 
2020-10-29T13:18:30.931+0000: [GC (Allocation Failure) 2020-10-29T13:18:30.931+0000: [ParNew: 16388K->4K(18432K), 0.0032775 secs] 515210K->498826K(740128K), 0.0033468 secs] [Times: user=0.01 sys=0.00, real=0.00 secs] 
2020-10-29T13:18:30.975+0000: [GC (Allocation Failure) 2020-10-29T13:18:30.975+0000: [ParNew: 16388K->4K(18432K), 0.0032905 secs] 515210K->498826K(740128K), 0.0033465 secs] [Times: user=0.01 sys=0.00, real=0.00 secs] 
2020-10-29T13:18:31.011+0000: [GC (Allocation Failure) 2020-10-29T13:18:31.011+0000: [ParNew: 16388K->4K(18432K), 0.0033310 secs] 515210K->498826K(740128K), 0.0034030 secs] [Times: user=0.00 sys=0.00, real=0.00 secs] 
2020-10-29T13:18:31.043+0000: [GC (Allocation Failure) 2020-10-29T13:18:31.043+0000: [ParNew: 16388K->4K(18432K), 0.0033212 secs] 515210K->498827K(740128K), 0.0033897 secs] [Times: user=0.00 sys=0.00, real=0.00 secs] 
2020-10-29T13:18:31.065+0000: [GC (Allocation Failure) 2020-10-29T13:18:31.065+0000: [ParNew: 16388K->4K(18432K), 0.0033211 secs] 515211K->498827K(740128K), 0.0033886 secs] [Times: user=0.01 sys=0.00, real=0.01 secs] 
2020-10-29T13:18:31.091+0000: [GC (Allocation Failure) 2020-10-29T13:18:31.091+0000: [ParNew: 16388K->4K(18432K), 0.0033232 secs] 515211K->498827K(740128K), 0.0033909 secs] [Times: user=0.01 sys=0.00, real=0.00 secs] 
2020-10-29T13:18:31.112+0000: [GC (Allocation Failure) 2020-10-29T13:18:31.112+0000: [ParNew: 16388K->4K(18432K), 0.0032332 secs] 515211K->498827K(740128K), 0.0032971 secs] [Times: user=0.01 sys=0.00, real=0.01 secs] 
2020-10-29T13:18:31.134+0000: [GC (Allocation Failure) 2020-10-29T13:18:31.134+0000: [ParNew: 16388K->4K(18432K), 0.0032458 secs] 515211K->498827K(740128K), 0.0033097 secs] [Times: user=0.01 sys=0.00, real=0.01 secs] 
2020-10-29T13:18:31.155+0000: [GC (Allocation Failure) 2020-10-29T13:18:31.155+0000: [ParNew: 16388K->4K(18432K), 0.0032411 secs] 515211K->498827K(740128K), 0.0033042 secs] [Times: user=0.00 sys=0.00, real=0.00 secs] 
2020-10-29T13:18:31.179+0000: [GC (Allocation Failure) 2020-10-29T13:18:31.179+0000: [ParNew: 16388K->4K(18432K), 0.0032938 secs] 515211K->498827K(740128K), 0.0033622 secs] [Times: user=0.01 sys=0.00, real=0.00 secs] 
2020-10-29T13:18:31.201+0000: [GC (Allocation Failure) 2020-10-29T13:18:31.201+0000: [ParNew: 16388K->4K(18432K), 0.0032813 secs] 515211K->498827K(740128K), 0.0033523 secs] [Times: user=0.01 sys=0.00, real=0.00 secs] 
2020-10-29T13:18:31.223+0000: [GC (Allocation Failure) 2020-10-29T13:18:31.223+0000: [ParNew: 16388K->4K(18432K), 0.0032181 secs] 515211K->498827K(740128K), 0.0032825 secs] [Times: user=0.01 sys=0.00, real=0.00 secs] 
2020-10-29T13:18:31.247+0000: [GC (Allocation Failure) 2020-10-29T13:18:31.247+0000: [ParNew: 16388K->4K(18432K), 0.0032581 secs] 515211K->498827K(740128K), 0.0033264 secs] [Times: user=0.00 sys=0.00, real=0.00 secs] 
2020-10-29T13:18:31.269+0000: [GC (Allocation Failure) 2020-10-29T13:18:31.269+0000: [ParNew: 16388K->4K(18432K), 0.0033143 secs] 515211K->498827K(740128K), 0.0033906 secs] [Times: user=0.00 sys=0.00, real=0.00 secs] 
2020-10-29T13:18:31.291+0000: [GC (Allocation Failure) 2020-10-29T13:18:31.291+0000: [ParNew: 16388K->4K(18432K), 0.0032837 secs] 515211K->498827K(740128K), 0.0033503 secs] [Times: user=0.01 sys=0.00, real=0.00 secs] 
2020-10-29T13:18:31.313+0000: [GC (Allocation Failure) 2020-10-29T13:18:31.313+0000: [ParNew: 16388K->4K(18432K), 0.0032476 secs] 515211K->498827K(740128K), 0.0033136 secs] [Times: user=0.01 sys=0.00, real=0.01 secs] 
2020-10-29T13:18:31.335+0000: [GC (Allocation Failure) 2020-10-29T13:18:31.335+0000: [ParNew: 16388K->4K(18432K), 0.0032213 secs] 515211K->498827K(740128K), 0.0032847 secs] [Times: user=0.00 sys=0.00, real=0.00 secs] 
2020-10-29T13:18:31.356+0000: [GC (Allocation Failure) 2020-10-29T13:18:31.356+0000: [ParNew: 16388K->4K(18432K), 0.0032169 secs] 515211K->498827K(740128K), 0.0032788 secs] [Times: user=0.00 sys=0.00, real=0.00 secs] 
2020-10-29T13:18:31.378+0000: [GC (Allocation Failure) 2020-10-29T13:18:31.378+0000: [ParNew: 16388K->4K(18432K), 0.0031950 secs] 515211K->498827K(740128K), 0.0032580 secs] [Times: user=0.00 sys=0.00, real=0.00 secs] 
2020-10-29T13:18:31.401+0000: [GC (Allocation Failure) 2020-10-29T13:18:31.401+0000: [ParNew: 16388K->4K(18432K), 0.0032675 secs] 515211K->498827K(740128K), 0.0033356 secs] [Times: user=0.01 sys=0.00, real=0.00 secs] 
2020-10-29T13:18:31.423+0000: [GC (Allocation Failure) 2020-10-29T13:18:31.423+0000: [ParNew: 16388K->4K(18432K), 0.0032787 secs] 515211K->498827K(740128K), 0.0033461 secs] [Times: user=0.01 sys=0.00, real=0.00 secs] 
2020-10-29T13:18:31.447+0000: [GC (Allocation Failure) 2020-10-29T13:18:31.447+0000: [ParNew: 16388K->4K(18432K), 0.0033078 secs] 515211K->498827K(740128K), 0.0033771 secs] [Times: user=0.01 sys=0.00, real=0.00 secs] 
2020-10-29T13:18:31.469+0000: [GC (Allocation Failure) 2020-10-29T13:18:31.469+0000: [ParNew: 16388K->4K(18432K), 0.0033346 secs] 515211K->498827K(740128K), 0.0034035 secs] [Times: user=0.00 sys=0.00, real=0.00 secs] 
2020-10-29T13:18:31.491+0000: [GC (Allocation Failure) 2020-10-29T13:18:31.491+0000: [ParNew: 16388K->4K(18432K), 0.0032659 secs] 515211K->498827K(740128K), 0.0033343 secs] [Times: user=0.01 sys=0.00, real=0.00 secs] 
2020-10-29T13:18:31.512+0000: [GC (Allocation Failure) 2020-10-29T13:18:31.513+0000: [ParNew: 16388K->4K(18432K), 0.0033133 secs] 515211K->498827K(740128K), 0.0033806 secs] [Times: user=0.01 sys=0.00, real=0.01 secs] 
2020-10-29T13:18:31.534+0000: [GC (Allocation Failure) 2020-10-29T13:18:31.534+0000: [ParNew: 16388K->4K(18432K), 0.0032556 secs] 515211K->498827K(740128K), 0.0033220 secs] [Times: user=0.01 sys=0.00, real=0.01 secs] 
2020-10-29T13:18:31.559+0000: [GC (Allocation Failure) 2020-10-29T13:18:31.559+0000: [ParNew: 16388K->4K(18432K), 0.0032829 secs] 515211K->498827K(740128K), 0.0033513 secs] [Times: user=0.00 sys=0.00, real=0.00 secs] 
2020-10-29T13:18:31.583+0000: [GC (Allocation Failure) 2020-10-29T13:18:31.583+0000: [ParNew: 16388K->4K(18432K), 0.0032876 secs] 515211K->498827K(740128K), 0.0033561 secs] [Times: user=0.01 sys=0.00, real=0.00 secs] 
2020-10-29T13:18:31.604+0000: [GC (Allocation Failure) 2020-10-29T13:18:31.604+0000: [ParNew: 16388K->4K(18432K), 0.0032011 secs] 515211K->498827K(740128K), 0.0032622 secs] [Times: user=0.01 sys=0.00, real=0.01 secs] 
2020-10-29T13:18:31.625+0000: [GC (Allocation Failure) 2020-10-29T13:18:31.625+0000: [ParNew: 16388K->4K(18432K), 0.0032579 secs] 515211K->498827K(740128K), 0.0033229 secs] [Times: user=0.01 sys=0.00, real=0.01 secs] 
2020-10-29T13:18:31.646+0000: [GC (Allocation Failure) 2020-10-29T13:18:31.646+0000: [ParNew: 16388K->4K(18432K), 0.0032790 secs] 515211K->498827K(740128K), 0.0033428 secs] [Times: user=0.00 sys=0.00, real=0.01 secs] 
2020-10-29T13:18:31.668+0000: [GC (Allocation Failure) 2020-10-29T13:18:31.668+0000: [ParNew: 16388K->4K(18432K), 0.0032342 secs] 515211K->498827K(740128K), 0.0032987 secs] [Times: user=0.01 sys=0.00, real=0.00 secs] 
2020-10-29T13:18:31.691+0000: [GC (Allocation Failure) 2020-10-29T13:18:31.691+0000: [ParNew: 16388K->4K(18432K), 0.0032456 secs] 515211K->498827K(740128K), 0.0033115 secs] [Times: user=0.01 sys=0.00, real=0.00 secs] 
2020-10-29T13:18:31.715+0000: [GC (Allocation Failure) 2020-10-29T13:18:31.715+0000: [ParNew: 16388K->4K(18432K), 0.0036875 secs] 515211K->498827K(740128K), 0.0037538 secs] [Times: user=0.00 sys=0.00, real=0.00 secs] 
2020-10-29T13:18:31.736+0000: [GC (Allocation Failure) 2020-10-29T13:18:31.737+0000: [ParNew: 16388K->4K(18432K), 0.0032663 secs] 515211K->498827K(740128K), 0.0033331 secs] [Times: user=0.01 sys=0.00, real=0.00 secs] 
2020-10-29T13:18:31.759+0000: [GC (Allocation Failure) 2020-10-29T13:18:31.759+0000: [ParNew: 16388K->4K(18432K), 0.0031810 secs] 515211K->498827K(740128K), 0.0032447 secs] [Times: user=0.01 sys=0.00, real=0.00 secs] 
2020-10-29T13:18:31.780+0000: [GC (Allocation Failure) 2020-10-29T13:18:31.780+0000: [ParNew: 16388K->4K(18432K), 0.0033466 secs] 515211K->498827K(740128K), 0.0034155 secs] [Times: user=0.00 sys=0.00, real=0.00 secs] 
2020-10-29T13:18:31.802+0000: [GC (Allocation Failure) 2020-10-29T13:18:31.802+0000: [ParNew: 16388K->4K(18432K), 0.0033232 secs] 515211K->498827K(740128K), 0.0033986 secs] [Times: user=0.00 sys=0.00, real=0.00 secs] 
2020-10-29T13:18:31.823+0000: [GC (Allocation Failure) 2020-10-29T13:18:31.823+0000: [ParNew: 16388K->4K(18432K), 0.0033092 secs] 515211K->498827K(740128K), 0.0033837 secs] [Times: user=0.01 sys=0.00, real=0.00 secs] 
2020-10-29T13:18:31.845+0000: [GC (Allocation Failure) 2020-10-29T13:18:31.845+0000: [ParNew: 16388K->4K(18432K), 0.0032711 secs] 515211K->498827K(740128K), 0.0033393 secs] [Times: user=0.01 sys=0.00, real=0.01 secs] 
2020-10-29T13:18:31.866+0000: [GC (Allocation Failure) 2020-10-29T13:18:31.866+0000: [ParNew: 16388K->4K(18432K), 0.0032675 secs] 515211K->498827K(740128K), 0.0033330 secs] [Times: user=0.00 sys=0.00, real=0.01 secs] 
2020-10-29T13:18:31.888+0000: [GC (Allocation Failure) 2020-10-29T13:18:31.888+0000: [ParNew: 16388K->4K(18432K), 0.0032768 secs] 515211K->498827K(740128K), 0.0033402 secs] [Times: user=0.00 sys=0.00, real=0.00 secs] 
2020-10-29T13:18:31.909+0000: [GC (Allocation Failure) 2020-10-29T13:18:31.909+0000: [ParNew: 16388K->4K(18432K), 0.0031863 secs] 515211K->498827K(740128K), 0.0032480 secs] [Times: user=0.01 sys=0.00, real=0.00 secs] 
2020-10-29T13:18:31.930+0000: [GC (Allocation Failure) 2020-10-29T13:18:31.930+0000: [ParNew: 16388K->4K(18432K), 0.0032345 secs] 515211K->498827K(740128K), 0.0032982 secs] [Times: user=0.01 sys=0.00, real=0.00 secs] 
2020-10-29T13:18:31.951+0000: [GC (Allocation Failure) 2020-10-29T13:18:31.952+0000: [ParNew: 16388K->4K(18432K), 0.0032755 secs] 515211K->498827K(740128K), 0.0033422 secs] [Times: user=0.01 sys=0.00, real=0.01 secs] 
2020-10-29T13:18:31.987+0000: [GC (Allocation Failure) 2020-10-29T13:18:31.987+0000: [ParNew: 16388K->4K(18432K), 0.0032991 secs] 515211K->498827K(740128K), 0.0033637 secs] [Times: user=0.01 sys=0.00, real=0.00 secs] 
2020-10-29T13:18:32.013+0000: [GC (Allocation Failure) 2020-10-29T13:18:32.013+0000: [ParNew: 16388K->4K(18432K), 0.0032845 secs] 515211K->498827K(740128K), 0.0033506 secs] [Times: user=0.01 sys=0.00, real=0.01 secs] 
2020-10-29T13:18:32.038+0000: [GC (Allocation Failure) 2020-10-29T13:18:32.038+0000: [ParNew: 16388K->4K(18432K), 0.0033018 secs] 515211K->498827K(740128K), 0.0033666 secs] [Times: user=0.00 sys=0.00, real=0.00 secs] 
2020-10-29T13:18:32.064+0000: [GC (Allocation Failure) 2020-10-29T13:18:32.064+0000: [ParNew: 16388K->4K(18432K), 0.0062814 secs] 515211K->498827K(740128K), 0.0063758 secs] [Times: user=0.00 sys=0.00, real=0.01 secs] 
2020-10-29T13:18:32.693+0000: [GC (Allocation Failure) 2020-10-29T13:18:32.693+0000: [ParNew: 16388K->710K(18432K), 0.0042168 secs] 515211K->499533K(740128K), 0.0042845 secs] [Times: user=0.01 sys=0.00, real=0.01 secs] 
2020-10-29T13:18:32.864+0000: [GC (Allocation Failure) 2020-10-29T13:18:32.864+0000: [ParNew: 17094K->1044K(18432K), 0.0101224 secs] 515917K->499867K(740128K), 0.0102127 secs] [Times: user=0.01 sys=0.00, real=0.01 secs] 
2020-10-29T13:18:33.021+0000: [GC (Allocation Failure) 2020-10-29T13:18:33.021+0000: [ParNew: 17428K->2048K(18432K), 0.0141929 secs] 516251K->501413K(740128K), 0.0142941 secs] [Times: user=0.03 sys=0.00, real=0.02 secs] 
2020-10-29T13:18:33.083+0000: [GC (Allocation Failure) 2020-10-29T13:18:33.083+0000: [ParNew: 18432K->1317K(18432K), 0.0086886 secs] 517797K->502408K(740128K), 0.0087589 secs] [Times: user=0.02 sys=0.00, real=0.01 secs] 
2020-10-29T13:18:33.136+0000: [GC (Allocation Failure) 2020-10-29T13:18:33.136+0000: [ParNew: 17701K->908K(18432K), 0.0036057 secs] 518792K->501999K(740128K), 0.0036924 secs] [Times: user=0.01 sys=0.00, real=0.00 secs] 
2020-10-29T13:18:33.189+0000: [GC (Allocation Failure) 2020-10-29T13:18:33.189+0000: [ParNew: 17292K->1414K(18432K), 0.0036445 secs] 518383K->502505K(740128K), 0.0037410 secs] [Times: user=0.01 sys=0.00, real=0.00 secs] 
2020-10-29T13:18:33.242+0000: [GC (Allocation Failure) 2020-10-29T13:18:33.242+0000: [ParNew: 17798K->548K(18432K), 0.0036267 secs] 518889K->502163K(740128K), 0.0037177 secs] [Times: user=0.02 sys=0.00, real=0.00 secs] 
2020-10-29T13:18:33.277+0000: [GC (Allocation Failure) 2020-10-29T13:18:33.277+0000: [ParNew: 16932K->1033K(18432K), 0.0035159 secs] 518547K->502648K(740128K), 0.0035847 secs] [Times: user=0.01 sys=0.00, real=0.00 secs] 
2020-10-29T13:18:33.319+0000: [GC (Allocation Failure) 2020-10-29T13:18:33.319+0000: [ParNew: 17417K->4K(18432K), 0.0034784 secs] 519032K->502131K(740128K), 0.0035680 secs] [Times: user=0.01 sys=0.01, real=0.00 secs] 
2020-10-29T13:18:33.346+0000: [GC (Allocation Failure) 2020-10-29T13:18:33.346+0000: [ParNew: 16388K->4K(18432K), 0.0033030 secs] 518515K->502131K(740128K), 0.0033897 secs] [Times: user=0.00 sys=0.00, real=0.01 secs] 
2020-10-29T13:18:33.369+0000: [GC (Allocation Failure) 2020-10-29T13:18:33.369+0000: [ParNew: 16388K->1028K(18432K), 0.0039040 secs] 518515K->505203K(740128K), 0.0039913 secs] [Times: user=0.01 sys=0.00, real=0.00 secs] 
2020-10-29T13:18:33.395+0000: [GC (Allocation Failure) 2020-10-29T13:18:33.395+0000: [ParNew: 17412K->4K(18432K), 0.0033163 secs] 521587K->504179K(740128K), 0.0033780 secs] [Times: user=0.01 sys=0.00, real=0.00 secs] 
2020-10-29T13:18:33.420+0000: [GC (Allocation Failure) 2020-10-29T13:18:33.420+0000: [ParNew: 16388K->4K(18432K), 0.0031332 secs] 520563K->504179K(740128K), 0.0031930 secs] [Times: user=0.01 sys=0.00, real=0.00 secs] 
2020-10-29T13:18:33.454+0000: [GC (Allocation Failure) 2020-10-29T13:18:33.454+0000: [ParNew: 16388K->4K(18432K), 0.0032520 secs] 520563K->504179K(740128K), 0.0033187 secs] [Times: user=0.01 sys=0.00, real=0.01 secs] 
2020-10-29T13:18:33.479+0000: [GC (Allocation Failure) 2020-10-29T13:18:33.479+0000: [ParNew: 16388K->4K(18432K), 0.0032532 secs] 520563K->504179K(740128K), 0.0033217 secs] [Times: user=0.00 sys=0.00, real=0.00 secs] 
2020-10-29T13:18:33.500+0000: [GC (Allocation Failure) 2020-10-29T13:18:33.500+0000: [ParNew: 16388K->4K(18432K), 0.0033770 secs] 520563K->504179K(740128K), 0.0034461 secs] [Times: user=0.01 sys=0.00, real=0.00 secs] 
2020-10-29T13:18:33.523+0000: [GC (Allocation Failure) 2020-10-29T13:18:33.523+0000: [ParNew: 16388K->4K(18432K), 0.0034955 secs] 520563K->504179K(740128K), 0.0035672 secs] [Times: user=0.00 sys=0.00, real=0.00 secs] 
2020-10-29T13:18:33.547+0000: [GC (Allocation Failure) 2020-10-29T13:18:33.547+0000: [ParNew: 15913K->4K(18432K), 0.0034908 secs] 520089K->504179K(740128K), 0.0035602 secs] [Times: user=0.01 sys=0.00, real=0.00 secs] 
2020-10-29T13:18:33.567+0000: [GC (Allocation Failure) 2020-10-29T13:18:33.567+0000: [ParNew: 16388K->4K(18432K), 0.0043395 secs] 520563K->508275K(740128K), 0.0044113 secs] [Times: user=0.01 sys=0.00, real=0.00 secs] 
2020-10-29T13:18:33.571+0000: [GC (CMS Initial Mark) [1 CMS-initial-mark: 508271K(721696K)] 508435K(740128K), 0.0017190 secs] [Times: user=0.00 sys=0.00, real=0.00 secs] 
2020-10-29T13:18:33.573+0000: [CMS-concurrent-mark-start]
2020-10-29T13:18:33.604+0000: [GC (Allocation Failure) 2020-10-29T13:18:33.604+0000: [ParNew: 16388K->4K(18432K), 0.0033864 secs] 524659K->508275K(740128K), 0.0034584 secs] [Times: user=0.01 sys=0.00, real=0.01 secs] 
2020-10-29T13:18:33.631+0000: [GC (Allocation Failure) 2020-10-29T13:18:33.631+0000: [ParNew: 16388K->4K(18432K), 0.0032582 secs] 524659K->508275K(740128K), 0.0033286 secs] [Times: user=0.00 sys=0.00, real=0.00 secs] 
2020-10-29T13:18:33.662+0000: [CMS-concurrent-mark: 0.071/0.089 secs] [Times: user=0.18 sys=0.00, real=0.09 secs] 
2020-10-29T13:18:33.662+0000: [CMS-concurrent-preclean-start]
2020-10-29T13:18:33.664+0000: [GC (Allocation Failure) 2020-10-29T13:18:33.664+0000: [ParNew: 16388K->4K(18432K), 0.0027378 secs] 524659K->508275K(740128K), 0.0027886 secs] [Times: user=0.01 sys=0.00, real=0.01 secs] 
2020-10-29T13:18:33.668+0000: [CMS-concurrent-preclean: 0.003/0.006 secs] [Times: user=0.01 sys=0.00, real=0.01 secs] 
2020-10-29T13:18:33.687+0000: [GC (CMS Final Remark) [YG occupancy: 11159 K (18432 K)]2020-10-29T13:18:33.687+0000: [Rescan (parallel) , 0.0090442 secs]2020-10-29T13:18:33.696+0000: [weak refs processing, 0.0000974 secs]2020-10-29T13:18:33.696+0000: [class unloading, 0.0138225 secs]2020-10-29T13:18:33.710+0000: [scrub symbol table, 0.0115257 secs]2020-10-29T13:18:33.721+0000: [scrub string table, 0.0007504 secs][1 CMS-remark: 508271K(721696K)] 519430K(740128K), 0.0354522 secs] [Times: user=0.04 sys=0.00, real=0.03 secs] 
2020-10-29T13:18:33.730+0000: [GC (Allocation Failure) 2020-10-29T13:18:33.730+0000: [ParNew: 16388K->4K(18432K), 0.0032237 secs] 524659K->508275K(740128K), 0.0032796 secs] [Times: user=0.01 sys=0.00, real=0.00 secs] 
2020-10-29T13:18:33.733+0000: [CMS-concurrent-sweep-start]
2020-10-29T13:18:33.755+0000: [CMS-concurrent-sweep: 0.022/0.022 secs] [Times: user=0.05 sys=0.00, real=0.03 secs] 
2020-10-29T13:18:33.755+0000: [CMS-concurrent-reset-start]
2020-10-29T13:18:33.758+0000: [CMS-concurrent-reset: 0.002/0.002 secs] [Times: user=0.00 sys=0.00, real=0.00 secs] 
2020-10-29T13:18:33.767+0000: [GC (Allocation Failure) 2020-10-29T13:18:33.767+0000: [ParNew: 16388K->4K(18432K), 0.0037977 secs] 145202K->128818K(740128K), 0.0038803 secs] [Times: user=0.01 sys=0.00, real=0.00 secs] 
2020-10-29T13:18:33.812+0000: [GC (Allocation Failure) 2020-10-29T13:18:33.812+0000: [ParNew: 16388K->4K(18432K), 0.0118378 secs] 145202K->128818K(740128K), 0.0119251 secs] [Times: user=0.02 sys=0.00, real=0.01 secs] 
2020-10-29T13:18:33.851+0000: [GC (Allocation Failure) 2020-10-29T13:18:33.851+0000: [ParNew: 16388K->4K(18432K), 0.0053678 secs] 145202K->128818K(740128K), 0.0054381 secs] [Times: user=0.01 sys=0.00, real=0.01 secs] 
2020-10-29T13:18:33.879+0000: [GC (Allocation Failure) 2020-10-29T13:18:33.879+0000: [ParNew: 16388K->4K(18432K), 0.0038739 secs] 145202K->128818K(740128K), 0.0039454 secs] [Times: user=0.01 sys=0.00, real=0.00 secs] 
2020-10-29T13:18:33.906+0000: [GC (Allocation Failure) 2020-10-29T13:18:33.906+0000: [ParNew: 13969K->4K(18432K), 0.0053610 secs] 142784K->128818K(740128K), 0.0054538 secs] [Times: user=0.01 sys=0.00, real=0.01 secs] 
2020-10-29T13:18:33.927+0000: [GC (Allocation Failure) 2020-10-29T13:18:33.927+0000: [ParNew: 16388K->4K(18432K), 0.0054060 secs] 145202K->137010K(740128K), 0.0055045 secs] [Times: user=0.01 sys=0.00, real=0.00 secs] 
2020-10-29T13:18:33.958+0000: [GC (Allocation Failure) 2020-10-29T13:18:33.958+0000: [ParNew: 16388K->4K(18432K), 0.0037618 secs] 153394K->137010K(740128K), 0.0038326 secs] [Times: user=0.01 sys=0.00, real=0.00 secs] 
2020-10-29T13:18:33.974+0000: [GC (Allocation Failure) 2020-10-29T13:18:33.974+0000: [ParNew: 16388K->4K(18432K), 0.0055610 secs] 153394K->145202K(740128K), 0.0056328 secs] [Times: user=0.01 sys=0.00, real=0.01 secs] 
2020-10-29T13:18:34.007+0000: [GC (Allocation Failure) 2020-10-29T13:18:34.007+0000: [ParNew: 16388K->4K(18432K), 0.0037687 secs] 161586K->145202K(740128K), 0.0038364 secs] [Times: user=0.00 sys=0.00, real=0.00 secs] 
2020-10-29T13:18:34.039+0000: [GC (Allocation Failure) 2020-10-29T13:18:34.039+0000: [ParNew: 16388K->4K(18432K), 0.0135669 secs] 161586K->145202K(740128K), 0.0136656 secs] [Times: user=0.03 sys=0.00, real=0.01 secs] 
2020-10-29T13:18:34.071+0000: [GC (Allocation Failure) 2020-10-29T13:18:34.071+0000: [ParNew: 16388K->6K(18432K), 0.0216531 secs] 161586K->149300K(740128K), 0.0217596 secs] [Times: user=0.04 sys=0.00, real=0.02 secs] 
2020-10-29T13:18:34.119+0000: [GC (Allocation Failure) 2020-10-29T13:18:34.119+0000: [ParNew: 16390K->4K(18432K), 0.0037798 secs] 165684K->149298K(740128K), 0.0038708 secs] [Times: user=0.00 sys=0.00, real=0.00 secs] 
2020-10-29T13:18:34.147+0000: [GC (Allocation Failure) 2020-10-29T13:18:34.147+0000: [ParNew: 16388K->4K(18432K), 0.0037497 secs] 165682K->149298K(740128K), 0.0038444 secs] [Times: user=0.01 sys=0.00, real=0.00 secs] 
2020-10-29T13:18:34.177+0000: [GC (Allocation Failure) 2020-10-29T13:18:34.177+0000: [ParNew: 16388K->4K(18432K), 0.0037575 secs] 165682K->149298K(740128K), 0.0038464 secs] [Times: user=0.01 sys=0.00, real=0.00 secs] 
2020-10-29T13:18:34.205+0000: [GC (Allocation Failure) 2020-10-29T13:18:34.205+0000: [ParNew: 15932K->4K(18432K), 0.0037770 secs] 165227K->149298K(740128K), 0.0038698 secs] [Times: user=0.01 sys=0.00, real=0.01 secs] 
2020-10-29T13:18:34.239+0000: [GC (Allocation Failure) 2020-10-29T13:18:34.239+0000: [ParNew: 16388K->4K(18432K), 0.0146593 secs] 165682K->153394K(740128K), 0.0147627 secs] [Times: user=0.03 sys=0.00, real=0.01 secs] 
2020-10-29T13:18:34.275+0000: [GC (Allocation Failure) 2020-10-29T13:18:34.275+0000: [ParNew: 16388K->4K(18432K), 0.0037449 secs] 169778K->153395K(740128K), 0.0038364 secs] [Times: user=0.01 sys=0.00, real=0.00 secs] 
2020-10-29T13:18:34.303+0000: [GC (Allocation Failure) 2020-10-29T13:18:34.303+0000: [ParNew: 16388K->4K(18432K), 0.0077647 secs] 169779K->153395K(740128K), 0.0078732 secs] [Times: user=0.01 sys=0.00, real=0.01 secs] 
2020-10-29T13:18:34.335+0000: [GC (Allocation Failure) 2020-10-29T13:18:34.335+0000: [ParNew: 16388K->4K(18432K), 0.0036995 secs] 169779K->153395K(740128K), 0.0037843 secs] [Times: user=0.00 sys=0.00, real=0.00 secs] 
2020-10-29T13:18:34.363+0000: [GC (Allocation Failure) 2020-10-29T13:18:34.363+0000: [ParNew: 16388K->4K(18432K), 0.0077343 secs] 169779K->153395K(740128K), 0.0078240 secs] [Times: user=0.01 sys=0.00, real=0.01 secs] 
2020-10-29T13:18:34.404+0000: [GC (Allocation Failure) 2020-10-29T13:18:34.404+0000: [ParNew: 16388K->4K(18432K), 0.0037462 secs] 169779K->153395K(740128K), 0.0038153 secs] [Times: user=0.00 sys=0.00, real=0.01 secs] 
2020-10-29T13:18:34.426+0000: [GC (Allocation Failure) 2020-10-29T13:18:34.426+0000: [ParNew: 16388K->4K(18432K), 0.0037003 secs] 169779K->153395K(740128K), 0.0037566 secs] [Times: user=0.01 sys=0.00, real=0.01 secs] 
2020-10-29T13:18:34.446+0000: [GC (Allocation Failure) 2020-10-29T13:18:34.446+0000: [ParNew: 16388K->4K(18432K), 0.0036376 secs] 169779K->153395K(740128K), 0.0037014 secs] [Times: user=0.01 sys=0.00, real=0.01 secs] 
2020-10-29T13:18:34.470+0000: [GC (Allocation Failure) 2020-10-29T13:18:34.471+0000: [ParNew: 16386K->4K(18432K), 0.0037594 secs] 169778K->153395K(740128K), 0.0038285 secs] [Times: user=0.01 sys=0.00, real=0.00 secs] 
2020-10-29T13:18:34.491+0000: [GC (Allocation Failure) 2020-10-29T13:18:34.491+0000: [ParNew: 16388K->4K(18432K), 0.0035882 secs] 169779K->153395K(740128K), 0.0036509 secs] [Times: user=0.01 sys=0.00, real=0.01 secs] 
2020-10-29T13:18:34.511+0000: [GC (Allocation Failure) 2020-10-29T13:18:34.511+0000: [ParNew: 16388K->4K(18432K), 0.0033036 secs] 169779K->153395K(740128K), 0.0033733 secs] [Times: user=0.01 sys=0.00, real=0.00 secs] 
2020-10-29T13:18:34.529+0000: [GC (Allocation Failure) 2020-10-29T13:18:34.529+0000: [ParNew: 16388K->4K(18432K), 0.0036812 secs] 169779K->153395K(740128K), 0.0037481 secs] [Times: user=0.00 sys=0.00, real=0.00 secs] 
2020-10-29T13:18:34.551+0000: [GC (Allocation Failure) 2020-10-29T13:18:34.551+0000: [ParNew: 16388K->4K(18432K), 0.0036983 secs] 169779K->153395K(740128K), 0.0037622 secs] [Times: user=0.01 sys=0.00, real=0.00 secs] 
2020-10-29T13:18:34.570+0000: [GC (Allocation Failure) 2020-10-29T13:18:34.570+0000: [ParNew: 16388K->4K(18432K), 0.0037086 secs] 169779K->153395K(740128K), 0.0037818 secs] [Times: user=0.01 sys=0.00, real=0.00 secs] 
2020-10-29T13:18:34.591+0000: [GC (Allocation Failure) 2020-10-29T13:18:34.591+0000: [ParNew: 16388K->4K(18432K), 0.0033704 secs] 169779K->153395K(740128K), 0.0034277 secs] [Times: user=0.01 sys=0.00, real=0.00 secs] 
2020-10-29T13:18:34.602+0000: [GC (Allocation Failure) 2020-10-29T13:18:34.602+0000: [ParNew: 8624K->4K(18432K), 0.0029199 secs] 162015K->153395K(740128K), 0.0029701 secs] [Times: user=0.01 sys=0.00, real=0.00 secs] 
2020-10-29T13:18:34.613+0000: [GC (Allocation Failure) 2020-10-29T13:18:34.613+0000: [ParNew: 16388K->4K(18432K), 0.0051796 secs] 169779K->161587K(740128K), 0.0052404 secs] [Times: user=0.01 sys=0.00, real=0.01 secs] 
2020-10-29T13:18:34.634+0000: [GC (Allocation Failure) 2020-10-29T13:18:34.634+0000: [ParNew: 16388K->4K(18432K), 0.0033780 secs] 177971K->161587K(740128K), 0.0034303 secs] [Times: user=0.01 sys=0.00, real=0.01 secs] 
2020-10-29T13:18:34.655+0000: [GC (Allocation Failure) 2020-10-29T13:18:34.655+0000: [ParNew: 16388K->4K(18432K), 0.0033392 secs] 177971K->161587K(740128K), 0.0033953 secs] [Times: user=0.01 sys=0.00, real=0.00 secs] 
2020-10-29T13:18:34.674+0000: [GC (Allocation Failure) 2020-10-29T13:18:34.674+0000: [ParNew: 16388K->4K(18432K), 0.0037649 secs] 177971K->161587K(740128K), 0.0038382 secs] [Times: user=0.01 sys=0.00, real=0.01 secs] 
2020-10-29T13:18:34.692+0000: [GC (Allocation Failure) 2020-10-29T13:18:34.692+0000: [ParNew: 13261K->6K(18432K), 0.0035778 secs] 174844K->161589K(740128K), 0.0036413 secs] [Times: user=0.01 sys=0.00, real=0.01 secs] 
2020-10-29T13:18:34.704+0000: [GC (Allocation Failure) 2020-10-29T13:18:34.704+0000: [ParNew: 16390K->6K(18432K), 0.0051355 secs] 177973K->169781K(740128K), 0.0051993 secs] [Times: user=0.01 sys=0.00, real=0.01 secs] 
2020-10-29T13:18:34.725+0000: [GC (Allocation Failure) 2020-10-29T13:18:34.725+0000: [ParNew: 16390K->6K(18432K), 0.0038028 secs] 186165K->169781K(740128K), 0.0038702 secs] [Times: user=0.01 sys=0.00, real=0.01 secs] 
2020-10-29T13:18:34.747+0000: [GC (Allocation Failure) 2020-10-29T13:18:34.747+0000: [ParNew: 16390K->6K(18432K), 0.0037637 secs] 186165K->169781K(740128K), 0.0038340 secs] [Times: user=0.01 sys=0.01, real=0.00 secs] 
2020-10-29T13:18:34.766+0000: [GC (Allocation Failure) 2020-10-29T13:18:34.766+0000: [ParNew: 16390K->6K(18432K), 0.0036973 secs] 186165K->169781K(740128K), 0.0037619 secs] [Times: user=0.01 sys=0.00, real=0.01 secs] 
2020-10-29T13:18:34.785+0000: [GC (Allocation Failure) 2020-10-29T13:18:34.785+0000: [ParNew: 16390K->6K(18432K), 0.0033626 secs] 186165K->169781K(740128K), 0.0034229 secs] [Times: user=0.01 sys=0.00, real=0.01 secs] 
2020-10-29T13:18:34.804+0000: [GC (Allocation Failure) 2020-10-29T13:18:34.804+0000: [ParNew: 16390K->4K(18432K), 0.0033906 secs] 186165K->169781K(740128K), 0.0034420 secs] [Times: user=0.00 sys=0.00, real=0.01 secs] 
2020-10-29T13:18:34.821+0000: [GC (Allocation Failure) 2020-10-29T13:18:34.822+0000: [ParNew: 14559K->4K(18432K), 0.0034901 secs] 184336K->169781K(740128K), 0.0035524 secs] [Times: user=0.01 sys=0.00, real=0.00 secs] 
2020-10-29T13:18:34.834+0000: [GC (Allocation Failure) 2020-10-29T13:18:34.834+0000: [ParNew: 16388K->4K(18432K), 0.0054094 secs] 186165K->177973K(740128K), 0.0054763 secs] [Times: user=0.01 sys=0.00, real=0.01 secs] 
2020-10-29T13:18:34.856+0000: [GC (Allocation Failure) 2020-10-29T13:18:34.856+0000: [ParNew: 16388K->4K(18432K), 0.0038112 secs] 194357K->177973K(740128K), 0.0038738 secs] [Times: user=0.00 sys=0.00, real=0.00 secs] 
2020-10-29T13:18:34.875+0000: [GC (Allocation Failure) 2020-10-29T13:18:34.875+0000: [ParNew: 16388K->4K(18432K), 0.0037923 secs] 194357K->177973K(740128K), 0.0038647 secs] [Times: user=0.00 sys=0.00, real=0.00 secs] 
2020-10-29T13:18:34.894+0000: [GC (Allocation Failure) 2020-10-29T13:18:34.894+0000: [ParNew: 16388K->4K(18432K), 0.0037507 secs] 194357K->177973K(740128K), 0.0038343 secs] [Times: user=0.01 sys=0.00, real=0.01 secs] 
2020-10-29T13:18:34.907+0000: [GC (Allocation Failure) 2020-10-29T13:18:34.907+0000: [ParNew: 10498K->4K(18432K), 0.0033865 secs] 188467K->177973K(740128K), 0.0034308 secs] [Times: user=0.01 sys=0.00, real=0.00 secs] 
2020-10-29T13:18:34.920+0000: [GC (Allocation Failure) 2020-10-29T13:18:34.920+0000: [ParNew: 16388K->4K(18432K), 0.0050220 secs] 194357K->186165K(740128K), 0.0050820 secs] [Times: user=0.01 sys=0.00, real=0.00 secs] 
2020-10-29T13:18:34.944+0000: [GC (Allocation Failure) 2020-10-29T13:18:34.944+0000: [ParNew: 16388K->4K(18432K), 0.0036588 secs] 202549K->186165K(740128K), 0.0037203 secs] [Times: user=0.00 sys=0.00, real=0.01 secs] 
2020-10-29T13:18:34.967+0000: [GC (Allocation Failure) 2020-10-29T13:18:34.967+0000: [ParNew: 16388K->4K(18432K), 0.0037373 secs] 202549K->186165K(740128K), 0.0038127 secs] [Times: user=0.00 sys=0.00, real=0.00 secs] 
2020-10-29T13:18:34.987+0000: [GC (Allocation Failure) 2020-10-29T13:18:34.987+0000: [ParNew: 16388K->4K(18432K), 0.0035544 secs] 202549K->186165K(740128K), 0.0036123 secs] [Times: user=0.01 sys=0.00, real=0.00 secs] 
2020-10-29T13:18:35.007+0000: [GC (Allocation Failure) 2020-10-29T13:18:35.007+0000: [ParNew: 16388K->4K(18432K), 0.0035711 secs] 202549K->186165K(740128K), 0.0036338 secs] [Times: user=0.01 sys=0.00, real=0.00 secs] 
2020-10-29T13:18:35.026+0000: [GC (Allocation Failure) 2020-10-29T13:18:35.026+0000: [ParNew: 16388K->4K(18432K), 0.0035051 secs] 202549K->186165K(740128K), 0.0035591 secs] [Times: user=0.00 sys=0.00, real=0.01 secs] 
2020-10-29T13:18:35.044+0000: [GC (Allocation Failure) 2020-10-29T13:18:35.044+0000: [ParNew: 16388K->4K(18432K), 0.0035637 secs] 202549K->186165K(740128K), 0.0036245 secs] [Times: user=0.01 sys=0.00, real=0.01 secs] 
2020-10-29T13:18:35.063+0000: [GC (Allocation Failure) 2020-10-29T13:18:35.063+0000: [ParNew: 16388K->4K(18432K), 0.0038765 secs] 202549K->186165K(740128K), 0.0039467 secs] [Times: user=0.01 sys=0.00, real=0.01 secs] 
2020-10-29T13:18:35.087+0000: [GC (Allocation Failure) 2020-10-29T13:18:35.087+0000: [ParNew: 16388K->4K(18432K), 0.0038044 secs] 202549K->186165K(740128K), 0.0038733 secs] [Times: user=0.00 sys=0.00, real=0.00 secs] 
2020-10-29T13:18:35.107+0000: [GC (Allocation Failure) 2020-10-29T13:18:35.107+0000: [ParNew: 16388K->4K(18432K), 0.0038408 secs] 202549K->186165K(740128K), 0.0039130 secs] [Times: user=0.00 sys=0.00, real=0.00 secs] 
2020-10-29T13:18:35.130+0000: [GC (Allocation Failure) 2020-10-29T13:18:35.131+0000: [ParNew: 16388K->4K(18432K), 0.0037839 secs] 202549K->186165K(740128K), 0.0038542 secs] [Times: user=0.01 sys=0.00, real=0.00 secs] 
2020-10-29T13:18:35.144+0000: [GC (Allocation Failure) 2020-10-29T13:18:35.144+0000: [ParNew: 10629K->4K(18432K), 0.0037004 secs] 196791K->186165K(740128K), 0.0037647 secs] [Times: user=0.01 sys=0.00, real=0.01 secs] 
2020-10-29T13:18:35.156+0000: [GC (Allocation Failure) 2020-10-29T13:18:35.156+0000: [ParNew: 16388K->4K(18432K), 0.0055195 secs] 202549K->194357K(740128K), 0.0055869 secs] [Times: user=0.02 sys=0.00, real=0.00 secs] 
2020-10-29T13:18:35.177+0000: [GC (Allocation Failure) 2020-10-29T13:18:35.177+0000: [ParNew: 16388K->4K(18432K), 0.0037396 secs] 210741K->194357K(740128K), 0.0038013 secs] [Times: user=0.01 sys=0.00, real=0.00 secs] 
2020-10-29T13:18:35.196+0000: [GC (Allocation Failure) 2020-10-29T13:18:35.196+0000: [ParNew: 16388K->4K(18432K), 0.0038304 secs] 210741K->194357K(740128K), 0.0039026 secs] [Times: user=0.01 sys=0.00, real=0.00 secs] 
2020-10-29T13:18:35.219+0000: [GC (Allocation Failure) 2020-10-29T13:18:35.219+0000: [ParNew: 15957K->4K(18432K), 0.0037496 secs] 210311K->194357K(740128K), 0.0038303 secs] [Times: user=0.01 sys=0.00, real=0.00 secs] 
2020-10-29T13:18:35.235+0000: [GC (Allocation Failure) 2020-10-29T13:18:35.235+0000: [ParNew: 16388K->4K(18432K), 0.0052669 secs] 210741K->202549K(740128K), 0.0053356 secs] [Times: user=0.01 sys=0.00, real=0.00 secs] 
2020-10-29T13:18:35.259+0000: [GC (Allocation Failure) 2020-10-29T13:18:35.259+0000: [ParNew: 16388K->4K(18432K), 0.0036219 secs] 218933K->202550K(740128K), 0.0036886 secs] [Times: user=0.01 sys=0.00, real=0.00 secs] 
2020-10-29T13:18:35.279+0000: [GC (Allocation Failure) 2020-10-29T13:18:35.279+0000: [ParNew: 16388K->4K(18432K), 0.0037942 secs] 218934K->202550K(740128K), 0.0038705 secs] [Times: user=0.01 sys=0.00, real=0.00 secs] 
2020-10-29T13:18:35.302+0000: [GC (Allocation Failure) 2020-10-29T13:18:35.302+0000: [ParNew: 16388K->4K(18432K), 0.0038735 secs] 218934K->202550K(740128K), 0.0039433 secs] [Times: user=0.01 sys=0.00, real=0.00 secs] 
2020-10-29T13:18:35.323+0000: [GC (Allocation Failure) 2020-10-29T13:18:35.323+0000: [ParNew: 16388K->4K(18432K), 0.0037314 secs] 218934K->202550K(740128K), 0.0038115 secs] [Times: user=0.01 sys=0.00, real=0.00 secs] 
2020-10-29T13:18:35.342+0000: [GC (Allocation Failure) 2020-10-29T13:18:35.342+0000: [ParNew: 16388K->4K(18432K), 0.0037272 secs] 218934K->202550K(740128K), 0.0037928 secs] [Times: user=0.00 sys=0.00, real=0.00 secs] 
2020-10-29T13:18:35.361+0000: [GC (Allocation Failure) 2020-10-29T13:18:35.361+0000: [ParNew: 16388K->4K(18432K), 0.0037909 secs] 218934K->202550K(740128K), 0.0038597 secs] [Times: user=0.01 sys=0.00, real=0.00 secs] 
2020-10-29T13:18:35.380+0000: [GC (Allocation Failure) 2020-10-29T13:18:35.380+0000: [ParNew: 16388K->4K(18432K), 0.0037626 secs] 218934K->202550K(740128K), 0.0038288 secs] [Times: user=0.01 sys=0.00, real=0.00 secs] 
2020-10-29T13:18:35.399+0000: [GC (Allocation Failure) 2020-10-29T13:18:35.399+0000: [ParNew: 16388K->4K(18432K), 0.0036925 secs] 218934K->202550K(740128K), 0.0037603 secs] [Times: user=0.00 sys=0.00, real=0.00 secs] 
2020-10-29T13:18:35.419+0000: [GC (Allocation Failure) 2020-10-29T13:18:35.419+0000: [ParNew: 16388K->4K(18432K), 0.0036079 secs] 218934K->202550K(740128K), 0.0036729 secs] [Times: user=0.00 sys=0.00, real=0.00 secs] 
2020-10-29T13:18:35.439+0000: [GC (Allocation Failure) 2020-10-29T13:18:35.439+0000: [ParNew: 16388K->4K(18432K), 0.0038058 secs] 218934K->202550K(740128K), 0.0038829 secs] [Times: user=0.01 sys=0.00, real=0.00 secs] 
2020-10-29T13:18:35.458+0000: [GC (Allocation Failure) 2020-10-29T13:18:35.458+0000: [ParNew: 16388K->4K(18432K), 0.0037468 secs] 218934K->202550K(740128K), 0.0038141 secs] [Times: user=0.01 sys=0.00, real=0.00 secs] 
2020-10-29T13:18:35.479+0000: [GC (Allocation Failure) 2020-10-29T13:18:35.479+0000: [ParNew: 16388K->4K(18432K), 0.0036532 secs] 218934K->202550K(740128K), 0.0037193 secs] [Times: user=0.00 sys=0.00, real=0.00 secs] 
2020-10-29T13:18:35.499+0000: [GC (Allocation Failure) 2020-10-29T13:18:35.499+0000: [ParNew: 16388K->4K(18432K), 0.0034763 secs] 218934K->202550K(740128K), 0.0035282 secs] [Times: user=0.01 sys=0.00, real=0.00 secs] 
2020-10-29T13:18:35.519+0000: [GC (Allocation Failure) 2020-10-29T13:18:35.519+0000: [ParNew: 16388K->4K(18432K), 0.0032654 secs] 218934K->202550K(740128K), 0.0033156 secs] [Times: user=0.01 sys=0.00, real=0.00 secs] 
2020-10-29T13:18:35.539+0000: [GC (Allocation Failure) 2020-10-29T13:18:35.539+0000: [ParNew: 16388K->4K(18432K), 0.0037307 secs] 218934K->202550K(740128K), 0.0037995 secs] [Times: user=0.00 sys=0.00, real=0.00 secs] 
2020-10-29T13:18:35.558+0000: [GC (Allocation Failure) 2020-10-29T13:18:35.558+0000: [ParNew: 16388K->4K(18432K), 0.0037629 secs] 218934K->202550K(740128K), 0.0038318 secs] [Times: user=0.01 sys=0.00, real=0.00 secs] 
2020-10-29T13:18:35.579+0000: [GC (Allocation Failure) 2020-10-29T13:18:35.579+0000: [ParNew: 16388K->4K(18432K), 0.0037467 secs] 218934K->202550K(740128K), 0.0038302 secs] [Times: user=0.01 sys=0.00, real=0.00 secs] 
2020-10-29T13:18:35.602+0000: [GC (Allocation Failure) 2020-10-29T13:18:35.602+0000: [ParNew: 16388K->4K(18432K), 0.0037648 secs] 218934K->202550K(740128K), 0.0038343 secs] [Times: user=0.01 sys=0.00, real=0.00 secs] 
2020-10-29T13:18:35.623+0000: [GC (Allocation Failure) 2020-10-29T13:18:35.623+0000: [ParNew: 16388K->4K(18432K), 0.0038736 secs] 218934K->202550K(740128K), 0.0039478 secs] [Times: user=0.00 sys=0.00, real=0.01 secs] 
2020-10-29T13:18:35.643+0000: [GC (Allocation Failure) 2020-10-29T13:18:35.643+0000: [ParNew: 16388K->4K(18432K), 0.0038379 secs] 218934K->202550K(740128K), 0.0039100 secs] [Times: user=0.01 sys=0.00, real=0.01 secs] 
2020-10-29T13:18:35.662+0000: [GC (Allocation Failure) 2020-10-29T13:18:35.662+0000: [ParNew: 16388K->4K(18432K), 0.0038543 secs] 218934K->202550K(740128K), 0.0039261 secs] [Times: user=0.01 sys=0.00, real=0.00 secs] 
2020-10-29T13:18:35.679+0000: [GC (Allocation Failure) 2020-10-29T13:18:35.679+0000: [ParNew: 11953K->4K(18432K), 0.0037664 secs] 214499K->202550K(740128K), 0.0038366 secs] [Times: user=0.00 sys=0.00, real=0.00 secs] 
2020-10-29T13:18:35.695+0000: [GC (Allocation Failure) 2020-10-29T13:18:35.695+0000: [ParNew: 16388K->4K(18432K), 0.0054843 secs] 218934K->210742K(740128K), 0.0055516 secs] [Times: user=0.01 sys=0.00, real=0.00 secs] 
2020-10-29T13:18:35.715+0000: [GC (Allocation Failure) 2020-10-29T13:18:35.715+0000: [ParNew: 16388K->4K(18432K), 0.0037410 secs] 227126K->210742K(740128K), 0.0038031 secs] [Times: user=0.01 sys=0.00, real=0.00 secs] 
2020-10-29T13:18:35.734+0000: [GC (Allocation Failure) 2020-10-29T13:18:35.735+0000: [ParNew: 16388K->4K(18432K), 0.0037106 secs] 227126K->210742K(740128K), 0.0037932 secs] [Times: user=0.00 sys=0.01, real=0.01 secs] 
2020-10-29T13:18:35.748+0000: [GC (Allocation Failure) 2020-10-29T13:18:35.748+0000: [ParNew: 10403K->4K(18432K), 0.0032977 secs] 221142K->210742K(740128K), 0.0033550 secs] [Times: user=0.01 sys=0.00, real=0.00 secs] 
2020-10-29T13:18:35.760+0000: [GC (Allocation Failure) 2020-10-29T13:18:35.760+0000: [ParNew: 16388K->4K(18432K), 0.0056145 secs] 227126K->218934K(740128K), 0.0056901 secs] [Times: user=0.01 sys=0.00, real=0.00 secs] 
2020-10-29T13:18:35.781+0000: [GC (Allocation Failure) 2020-10-29T13:18:35.781+0000: [ParNew: 16388K->4K(18432K), 0.0038589 secs] 235318K->218934K(740128K), 0.0039248 secs] [Times: user=0.00 sys=0.00, real=0.00 secs] 
2020-10-29T13:18:35.800+0000: [GC (Allocation Failure) 2020-10-29T13:18:35.800+0000: [ParNew: 16388K->4K(18432K), 0.0033938 secs] 235318K->218934K(740128K), 0.0034541 secs] [Times: user=0.01 sys=0.00, real=0.00 secs] 
2020-10-29T13:18:35.818+0000: [GC (Allocation Failure) 2020-10-29T13:18:35.819+0000: [ParNew: 16388K->4K(18432K), 0.0034579 secs] 235318K->218934K(740128K), 0.0035178 secs] [Times: user=0.01 sys=0.00, real=0.00 secs] 
2020-10-29T13:18:35.837+0000: [GC (Allocation Failure) 2020-10-29T13:18:35.837+0000: [ParNew: 16388K->4K(18432K), 0.0037624 secs] 235318K->218934K(740128K), 0.0038429 secs] [Times: user=0.00 sys=0.00, real=0.00 secs] 
2020-10-29T13:18:35.859+0000: [GC (Allocation Failure) 2020-10-29T13:18:35.859+0000: [ParNew: 16388K->4K(18432K), 0.0037018 secs] 235318K->218934K(740128K), 0.0037684 secs] [Times: user=0.00 sys=0.00, real=0.00 secs] 
2020-10-29T13:18:35.878+0000: [GC (Allocation Failure) 2020-10-29T13:18:35.878+0000: [ParNew: 16388K->4K(18432K), 0.0036176 secs] 235318K->218934K(740128K), 0.0036776 secs] [Times: user=0.01 sys=0.00, real=0.00 secs] 
2020-10-29T13:18:35.897+0000: [GC (Allocation Failure) 2020-10-29T13:18:35.897+0000: [ParNew: 16388K->4K(18432K), 0.0035946 secs] 235318K->218934K(740128K), 0.0036535 secs] [Times: user=0.01 sys=0.00, real=0.00 secs] 
2020-10-29T13:18:35.916+0000: [GC (Allocation Failure) 2020-10-29T13:18:35.916+0000: [ParNew: 16388K->4K(18432K), 0.0036415 secs] 235318K->218934K(740128K), 0.0037024 secs] [Times: user=0.01 sys=0.00, real=0.00 secs] 
2020-10-29T13:18:35.935+0000: [GC (Allocation Failure) 2020-10-29T13:18:35.935+0000: [ParNew: 16388K->4K(18432K), 0.0039027 secs] 235318K->218934K(740128K), 0.0039719 secs] [Times: user=0.01 sys=0.00, real=0.00 secs] 
2020-10-29T13:18:35.954+0000: [GC (Allocation Failure) 2020-10-29T13:18:35.954+0000: [ParNew: 16388K->4K(18432K), 0.0038097 secs] 235318K->218934K(740128K), 0.0038765 secs] [Times: user=0.01 sys=0.00, real=0.01 secs] 
2020-10-29T13:18:35.973+0000: [GC (Allocation Failure) 2020-10-29T13:18:35.973+0000: [ParNew: 16388K->4K(18432K), 0.0036095 secs] 235318K->218934K(740128K), 0.0036725 secs] [Times: user=0.01 sys=0.00, real=0.01 secs] 
2020-10-29T13:18:35.992+0000: [GC (Allocation Failure) 2020-10-29T13:18:35.992+0000: [ParNew: 16388K->4K(18432K), 0.0034125 secs] 235318K->218934K(740128K), 0.0034719 secs] [Times: user=0.00 sys=0.00, real=0.01 secs] 
2020-10-29T13:18:36.011+0000: [GC (Allocation Failure) 2020-10-29T13:18:36.011+0000: [ParNew: 16388K->4K(18432K), 0.0032033 secs] 235318K->218934K(740128K), 0.0032573 secs] [Times: user=0.01 sys=0.00, real=0.00 secs] 
2020-10-29T13:18:36.029+0000: [GC (Allocation Failure) 2020-10-29T13:18:36.029+0000: [ParNew: 16388K->4K(18432K), 0.0035723 secs] 235318K->218934K(740128K), 0.0036332 secs] [Times: user=0.00 sys=0.00, real=0.00 secs] 
2020-10-29T13:18:36.051+0000: [GC (Allocation Failure) 2020-10-29T13:18:36.051+0000: [ParNew: 16388K->4K(18432K), 0.0037353 secs] 235318K->218934K(740128K), 0.0038022 secs] [Times: user=0.00 sys=0.00, real=0.00 secs] 
2020-10-29T13:18:36.071+0000: [GC (Allocation Failure) 2020-10-29T13:18:36.071+0000: [ParNew: 16388K->4K(18432K), 0.0040070 secs] 235318K->218934K(740128K), 0.0040833 secs] [Times: user=0.01 sys=0.00, real=0.01 secs] 
2020-10-29T13:18:36.095+0000: [GC (Allocation Failure) 2020-10-29T13:18:36.095+0000: [ParNew: 16388K->4K(18432K), 0.0033825 secs] 235318K->218934K(740128K), 0.0034417 secs] [Times: user=0.00 sys=0.00, real=0.00 secs] 
2020-10-29T13:18:36.118+0000: [GC (Allocation Failure) 2020-10-29T13:18:36.118+0000: [ParNew: 16388K->4K(18432K), 0.0037548 secs] 251702K->235318K(740128K), 0.0038245 secs] [Times: user=0.01 sys=0.00, real=0.00 secs] 
2020-10-29T13:18:36.139+0000: [GC (Allocation Failure) 2020-10-29T13:18:36.139+0000: [ParNew: 16388K->4K(18432K), 0.0035848 secs] 251702K->235318K(740128K), 0.0036443 secs] [Times: user=0.01 sys=0.00, real=0.00 secs] 
2020-10-29T13:18:36.158+0000: [GC (Allocation Failure) 2020-10-29T13:18:36.158+0000: [ParNew: 16388K->4K(18432K), 0.0034573 secs] 251702K->235318K(740128K), 0.0035199 secs] [Times: user=0.01 sys=0.00, real=0.00 secs] 
2020-10-29T13:18:36.183+0000: [GC (Allocation Failure) 2020-10-29T13:18:36.183+0000: [ParNew: 16388K->4K(18432K), 0.0037183 secs] 268086K->251702K(740128K), 0.0037857 secs] [Times: user=0.00 sys=0.00, real=0.00 secs] 
2020-10-29T13:18:36.206+0000: [GC (Allocation Failure) 2020-10-29T13:18:36.206+0000: [ParNew: 16388K->4K(18432K), 0.0035705 secs] 268086K->251702K(740128K), 0.0036359 secs] [Times: user=0.01 sys=0.00, real=0.01 secs] 
2020-10-29T13:18:36.225+0000: [GC (Allocation Failure) 2020-10-29T13:18:36.225+0000: [ParNew: 16388K->4K(18432K), 0.0036904 secs] 268086K->251702K(740128K), 0.0037544 secs] [Times: user=0.00 sys=0.00, real=0.01 secs] 
2020-10-29T13:18:36.247+0000: [GC (Allocation Failure) 2020-10-29T13:18:36.247+0000: [ParNew: 16388K->4K(18432K), 0.0035268 secs] 268086K->251702K(740128K), 0.0035882 secs] [Times: user=0.00 sys=0.00, real=0.00 secs] 
2020-10-29T13:18:36.267+0000: [GC (Allocation Failure) 2020-10-29T13:18:36.267+0000: [ParNew: 16388K->4K(18432K), 0.0037204 secs] 268086K->251702K(740128K), 0.0037878 secs] [Times: user=0.01 sys=0.01, real=0.00 secs] 
2020-10-29T13:18:36.291+0000: [GC (Allocation Failure) 2020-10-29T13:18:36.291+0000: [ParNew: 16388K->4K(18432K), 0.0037382 secs] 268086K->251702K(740128K), 0.0038036 secs] [Times: user=0.01 sys=0.00, real=0.00 secs] 
2020-10-29T13:18:36.310+0000: [GC (Allocation Failure) 2020-10-29T13:18:36.310+0000: [ParNew: 16388K->4K(18432K), 0.0035920 secs] 268086K->251702K(740128K), 0.0036527 secs] [Times: user=0.00 sys=0.00, real=0.00 secs] 
2020-10-29T13:18:36.331+0000: [GC (Allocation Failure) 2020-10-29T13:18:36.331+0000: [ParNew: 16388K->4K(18432K), 0.0035502 secs] 268086K->251702K(740128K), 0.0036108 secs] [Times: user=0.01 sys=0.00, real=0.00 secs] 
2020-10-29T13:18:36.351+0000: [GC (Allocation Failure) 2020-10-29T13:18:36.351+0000: [ParNew: 16388K->4K(18432K), 0.0037529 secs] 268086K->251702K(740128K), 0.0038455 secs] [Times: user=0.01 sys=0.00, real=0.01 secs] 
2020-10-29T13:18:36.371+0000: [GC (Allocation Failure) 2020-10-29T13:18:36.371+0000: [ParNew: 16388K->4K(18432K), 0.0037901 secs] 268086K->251702K(740128K), 0.0038577 secs] [Times: user=0.01 sys=0.00, real=0.01 secs] 
2020-10-29T13:18:36.391+0000: [GC (Allocation Failure) 2020-10-29T13:18:36.391+0000: [ParNew: 16388K->4K(18432K), 0.0037830 secs] 268086K->251702K(740128K), 0.0038611 secs] [Times: user=0.00 sys=0.00, real=0.01 secs] 
2020-10-29T13:18:36.411+0000: [GC (Allocation Failure) 2020-10-29T13:18:36.411+0000: [ParNew: 16388K->4K(18432K), 0.0037308 secs] 268086K->251702K(740128K), 0.0037970 secs] [Times: user=0.01 sys=0.00, real=0.01 secs] 
2020-10-29T13:18:36.434+0000: [GC (Allocation Failure) 2020-10-29T13:18:36.434+0000: [ParNew: 16388K->4K(18432K), 0.0037906 secs] 268086K->251702K(740128K), 0.0038553 secs] [Times: user=0.01 sys=0.00, real=0.01 secs] 
2020-10-29T13:18:36.453+0000: [GC (Allocation Failure) 2020-10-29T13:18:36.453+0000: [ParNew: 16388K->4K(18432K), 0.0035890 secs] 268086K->251702K(740128K), 0.0036537 secs] [Times: user=0.00 sys=0.00, real=0.01 secs] 
2020-10-29T13:18:36.475+0000: [GC (Allocation Failure) 2020-10-29T13:18:36.475+0000: [ParNew: 16388K->4K(18432K), 0.0036006 secs] 268086K->251702K(740128K), 0.0037234 secs] [Times: user=0.01 sys=0.00, real=0.00 secs] 
2020-10-29T13:18:36.494+0000: [GC (Allocation Failure) 2020-10-29T13:18:36.494+0000: [ParNew: 16388K->4K(18432K), 0.0037207 secs] 268086K->251702K(740128K), 0.0037820 secs] [Times: user=0.01 sys=0.00, real=0.01 secs] 
2020-10-29T13:18:36.513+0000: [GC (Allocation Failure) 2020-10-29T13:18:36.513+0000: [ParNew: 16388K->4K(18432K), 0.0036705 secs] 268086K->251702K(740128K), 0.0037359 secs] [Times: user=0.01 sys=0.00, real=0.01 secs] 
2020-10-29T13:18:36.535+0000: [GC (Allocation Failure) 2020-10-29T13:18:36.535+0000: [ParNew: 16388K->4K(18432K), 0.0036035 secs] 268086K->251702K(740128K), 0.0036672 secs] [Times: user=0.01 sys=0.00, real=0.00 secs] 
2020-10-29T13:18:36.554+0000: [GC (Allocation Failure) 2020-10-29T13:18:36.554+0000: [ParNew: 16388K->4K(18432K), 0.0033901 secs] 268086K->251702K(740128K), 0.0034410 secs] [Times: user=0.00 sys=0.00, real=0.01 secs] 
2020-10-29T13:18:36.575+0000: [GC (Allocation Failure) 2020-10-29T13:18:36.575+0000: [ParNew: 16388K->4K(18432K), 0.0035361 secs] 268086K->251702K(740128K), 0.0035960 secs] [Times: user=0.00 sys=0.00, real=0.00 secs] 
2020-10-29T13:18:36.593+0000: [GC (Allocation Failure) 2020-10-29T13:18:36.593+0000: [ParNew: 16388K->4K(18432K), 0.0033873 secs] 268086K->251702K(740128K), 0.0034375 secs] [Times: user=0.01 sys=0.00, real=0.01 secs] 
2020-10-29T13:18:36.612+0000: [GC (Allocation Failure) 2020-10-29T13:18:36.612+0000: [ParNew: 16388K->4K(18432K), 0.0036021 secs] 268086K->251702K(740128K), 0.0036620 secs] [Times: user=0.01 sys=0.00, real=0.01 secs] 
2020-10-29T13:18:36.635+0000: [GC (Allocation Failure) 2020-10-29T13:18:36.635+0000: [ParNew: 16388K->4K(18432K), 0.0036510 secs] 268086K->251702K(740128K), 0.0037152 secs] [Times: user=0.01 sys=0.00, real=0.00 secs] 
2020-10-29T13:18:36.654+0000: [GC (Allocation Failure) 2020-10-29T13:18:36.654+0000: [ParNew: 16388K->4K(18432K), 0.0036985 secs] 268086K->251702K(740128K), 0.0037657 secs] [Times: user=0.01 sys=0.00, real=0.01 secs] 
2020-10-29T13:18:36.675+0000: [GC (Allocation Failure) 2020-10-29T13:18:36.675+0000: [ParNew: 16388K->4K(18432K), 0.0035219 secs] 268086K->251702K(740128K), 0.0035830 secs] [Times: user=0.01 sys=0.00, real=0.00 secs] 
2020-10-29T13:18:36.695+0000: [GC (Allocation Failure) 2020-10-29T13:18:36.695+0000: [ParNew: 16388K->4K(18432K), 0.0037046 secs] 268086K->251702K(740128K), 0.0037713 secs] [Times: user=0.01 sys=0.00, real=0.00 secs] 
2020-10-29T13:18:36.714+0000: [GC (Allocation Failure) 2020-10-29T13:18:36.714+0000: [ParNew: 16388K->4K(18432K), 0.0036172 secs] 268086K->251702K(740128K), 0.0036852 secs] [Times: user=0.01 sys=0.00, real=0.01 secs] 
2020-10-29T13:18:36.735+0000: [GC (Allocation Failure) 2020-10-29T13:18:36.735+0000: [ParNew: 16388K->4K(18432K), 0.0036442 secs] 268086K->251702K(740128K), 0.0037091 secs] [Times: user=0.01 sys=0.00, real=0.00 secs] 
2020-10-29T13:18:36.747+0000: [GC (Allocation Failure) 2020-10-29T13:18:36.747+0000: [ParNew: 16388K->4K(18432K), 0.0052808 secs] 268086K->259894K(740128K), 0.0053437 secs] [Times: user=0.01 sys=0.00, real=0.00 secs] 
2020-10-29T13:18:36.768+0000: [GC (Allocation Failure) 2020-10-29T13:18:36.768+0000: [ParNew: 16388K->4K(18432K), 0.0035914 secs] 276278K->259894K(740128K), 0.0036495 secs] [Times: user=0.01 sys=0.00, real=0.00 secs] 
2020-10-29T13:18:36.783+0000: [GC (Allocation Failure) 2020-10-29T13:18:36.783+0000: [ParNew: 16388K->4K(18432K), 0.0050565 secs] 276278K->268086K(740128K), 0.0051225 secs] [Times: user=0.01 sys=0.00, real=0.01 secs] 
2020-10-29T13:18:36.807+0000: [GC (Allocation Failure) 2020-10-29T13:18:36.807+0000: [ParNew: 16388K->4K(18432K), 0.0034727 secs] 284470K->268086K(740128K), 0.0035301 secs] [Times: user=0.00 sys=0.00, real=0.00 secs] 
2020-10-29T13:18:36.826+0000: [GC (Allocation Failure) 2020-10-29T13:18:36.826+0000: [ParNew: 16388K->4K(18432K), 0.0035507 secs] 284470K->268086K(740128K), 0.0036097 secs] [Times: user=0.01 sys=0.00, real=0.01 secs] 
2020-10-29T13:18:36.844+0000: [GC (Allocation Failure) 2020-10-29T13:18:36.844+0000: [ParNew: 16388K->4K(18432K), 0.0037327 secs] 284470K->268086K(740128K), 0.0038001 secs] [Times: user=0.01 sys=0.00, real=0.01 secs] 
2020-10-29T13:18:36.863+0000: [GC (Allocation Failure) 2020-10-29T13:18:36.863+0000: [ParNew: 16388K->4K(18432K), 0.0037074 secs] 284470K->268086K(740128K), 0.0037733 secs] [Times: user=0.00 sys=0.00, real=0.01 secs] 
2020-10-29T13:18:36.882+0000: [GC (Allocation Failure) 2020-10-29T13:18:36.882+0000: [ParNew: 16388K->4K(18432K), 0.0037208 secs] 284470K->268086K(740128K), 0.0037877 secs] [Times: user=0.01 sys=0.00, real=0.00 secs] 
2020-10-29T13:18:36.901+0000: [GC (Allocation Failure) 2020-10-29T13:18:36.901+0000: [ParNew: 16388K->4K(18432K), 0.0037638 secs] 284470K->268087K(740128K), 0.0038289 secs] [Times: user=0.00 sys=0.01, real=0.00 secs] 
2020-10-29T13:18:36.923+0000: [GC (Allocation Failure) 2020-10-29T13:18:36.923+0000: [ParNew: 16388K->4K(18432K), 0.0037943 secs] 284471K->268087K(740128K), 0.0038644 secs] [Times: user=0.01 sys=0.00, real=0.01 secs] 
2020-10-29T13:18:36.942+0000: [GC (Allocation Failure) 2020-10-29T13:18:36.942+0000: [ParNew: 16388K->4K(18432K), 0.0037691 secs] 284471K->268087K(740128K), 0.0038414 secs] [Times: user=0.01 sys=0.00, real=0.00 secs] 
2020-10-29T13:18:36.963+0000: [GC (Allocation Failure) 2020-10-29T13:18:36.963+0000: [ParNew: 16388K->4K(18432K), 0.0037296 secs] 284471K->268087K(740128K), 0.0037976 secs] [Times: user=0.01 sys=0.00, real=0.00 secs] 
2020-10-29T13:18:36.983+0000: [GC (Allocation Failure) 2020-10-29T13:18:36.983+0000: [ParNew: 16388K->4K(18432K), 0.0036870 secs] 284471K->268087K(740128K), 0.0037472 secs] [Times: user=0.01 sys=0.00, real=0.00 secs] 
2020-10-29T13:18:37.002+0000: [GC (Allocation Failure) 2020-10-29T13:18:37.002+0000: [ParNew: 16388K->4K(18432K), 0.0035077 secs] 284471K->268087K(740128K), 0.0035661 secs] [Times: user=0.01 sys=0.00, real=0.00 secs] 
2020-10-29T13:18:37.020+0000: [GC (Allocation Failure) 2020-10-29T13:18:37.020+0000: [ParNew: 16388K->4K(18432K), 0.0037230 secs] 284471K->268087K(740128K), 0.0037972 secs] [Times: user=0.00 sys=0.00, real=0.00 secs] 
2020-10-29T13:18:37.039+0000: [GC (Allocation Failure) 2020-10-29T13:18:37.039+0000: [ParNew: 16388K->4K(18432K), 0.0036266 secs] 284471K->268087K(740128K), 0.0036900 secs] [Times: user=0.01 sys=0.00, real=0.00 secs] 
2020-10-29T13:18:37.059+0000: [GC (Allocation Failure) 2020-10-29T13:18:37.059+0000: [ParNew: 16388K->4K(18432K), 0.0037525 secs] 284471K->268087K(740128K), 0.0038211 secs] [Times: user=0.01 sys=0.00, real=0.00 secs] 
2020-10-29T13:18:37.082+0000: [GC (Allocation Failure) 2020-10-29T13:18:37.082+0000: [ParNew: 16388K->4K(18432K), 0.0037167 secs] 284471K->268087K(740128K), 0.0037833 secs] [Times: user=0.01 sys=0.00, real=0.00 secs] 
2020-10-29T13:18:37.101+0000: [GC (Allocation Failure) 2020-10-29T13:18:37.101+0000: [ParNew: 16388K->4K(18432K), 0.0037049 secs] 284471K->268087K(740128K), 0.0037719 secs] [Times: user=0.00 sys=0.00, real=0.00 secs] 
2020-10-29T13:18:37.120+0000: [GC (Allocation Failure) 2020-10-29T13:18:37.120+0000: [ParNew: 16388K->4K(18432K), 0.0035589 secs] 284471K->268087K(740128K), 0.0036247 secs] [Times: user=0.00 sys=0.00, real=0.00 secs] 
2020-10-29T13:18:37.139+0000: [GC (Allocation Failure) 2020-10-29T13:18:37.139+0000: [ParNew: 16388K->4K(18432K), 0.0031761 secs] 284471K->268087K(740128K), 0.0032406 secs] [Times: user=0.00 sys=0.00, real=0.00 secs] 
2020-10-29T13:18:37.159+0000: [GC (Allocation Failure) 2020-10-29T13:18:37.159+0000: [ParNew: 16388K->4K(18432K), 0.0031788 secs] 284471K->268087K(740128K), 0.0032337 secs] [Times: user=0.00 sys=0.00, real=0.00 secs] 
2020-10-29T13:18:37.179+0000: [GC (Allocation Failure) 2020-10-29T13:18:37.179+0000: [ParNew: 16388K->4K(18432K), 0.0034728 secs] 284471K->268087K(740128K), 0.0035336 secs] [Times: user=0.01 sys=0.00, real=0.00 secs] 
2020-10-29T13:18:37.197+0000: [GC (Allocation Failure) 2020-10-29T13:18:37.197+0000: [ParNew: 16388K->4K(18432K), 0.0036584 secs] 284471K->268087K(740128K), 0.0037238 secs] [Times: user=0.01 sys=0.00, real=0.00 secs] 
2020-10-29T13:18:37.219+0000: [GC (Allocation Failure) 2020-10-29T13:18:37.219+0000: [ParNew: 16388K->4K(18432K), 0.0033999 secs] 284471K->268087K(740128K), 0.0034529 secs] [Times: user=0.01 sys=0.00, real=0.00 secs] 
2020-10-29T13:18:37.237+0000: [GC (Allocation Failure) 2020-10-29T13:18:37.237+0000: [ParNew: 16388K->4K(18432K), 0.0030201 secs] 284471K->268087K(740128K), 0.0030711 secs] [Times: user=0.00 sys=0.00, real=0.00 secs] 
2020-10-29T13:18:37.259+0000: [GC (Allocation Failure) 2020-10-29T13:18:37.259+0000: [ParNew: 16388K->4K(18432K), 0.0034189 secs] 284471K->268087K(740128K), 0.0034805 secs] [Times: user=0.00 sys=0.00, real=0.00 secs] 
2020-10-29T13:18:37.275+0000: [GC (Allocation Failure) 2020-10-29T13:18:37.275+0000: [ParNew: 16388K->4K(18432K), 0.0046313 secs] 284471K->276279K(740128K), 0.0046924 secs] [Times: user=0.01 sys=0.00, real=0.00 secs] 
2020-10-29T13:18:37.288+0000: [GC (Allocation Failure) 2020-10-29T13:18:37.288+0000: [ParNew: 16388K->4K(18432K), 0.0050093 secs] 292663K->284471K(740128K), 0.0050670 secs] [Times: user=0.01 sys=0.00, real=0.00 secs] 
2020-10-29T13:18:37.308+0000: [GC (Allocation Failure) 2020-10-29T13:18:37.308+0000: [ParNew: 16388K->4K(18432K), 0.0035028 secs] 300855K->284471K(740128K), 0.0035589 secs] [Times: user=0.01 sys=0.00, real=0.00 secs] 
2020-10-29T13:18:37.327+0000: [GC (Allocation Failure) 2020-10-29T13:18:37.327+0000: [ParNew: 16388K->4K(18432K), 0.0036263 secs] 300855K->284471K(740128K), 0.0037017 secs] [Times: user=0.00 sys=0.00, real=0.00 secs] 
2020-10-29T13:18:37.346+0000: [GC (Allocation Failure) 2020-10-29T13:18:37.346+0000: [ParNew: 16388K->4K(18432K), 0.0036135 secs] 300855K->284471K(740128K), 0.0036775 secs] [Times: user=0.01 sys=0.00, real=0.01 secs] 
2020-10-29T13:18:37.365+0000: [GC (Allocation Failure) 2020-10-29T13:18:37.365+0000: [ParNew: 16388K->4K(18432K), 0.0036447 secs] 300855K->284471K(740128K), 0.0037103 secs] [Times: user=0.01 sys=0.00, real=0.01 secs] 
2020-10-29T13:18:37.383+0000: [GC (Allocation Failure) 2020-10-29T13:18:37.383+0000: [ParNew: 16388K->4K(18432K), 0.0036389 secs] 300855K->284471K(740128K), 0.0037011 secs] [Times: user=0.01 sys=0.00, real=0.01 secs] 
2020-10-29T13:18:37.402+0000: [GC (Allocation Failure) 2020-10-29T13:18:37.402+0000: [ParNew: 16388K->4K(18432K), 0.0036610 secs] 300855K->284471K(740128K), 0.0037258 secs] [Times: user=0.00 sys=0.00, real=0.00 secs] 
2020-10-29T13:18:37.423+0000: [GC (Allocation Failure) 2020-10-29T13:18:37.423+0000: [ParNew: 16388K->4K(18432K), 0.0037003 secs] 300855K->284471K(740128K), 0.0037636 secs] [Times: user=0.01 sys=0.00, real=0.00 secs] 
2020-10-29T13:18:37.442+0000: [GC (Allocation Failure) 2020-10-29T13:18:37.442+0000: [ParNew: 16388K->4K(18432K), 0.0035363 secs] 300855K->284471K(740128K), 0.0035950 secs] [Times: user=0.00 sys=0.01, real=0.00 secs] 
2020-10-29T13:18:37.461+0000: [GC (Allocation Failure) 2020-10-29T13:18:37.461+0000: [ParNew: 16388K->4K(18432K), 0.0034915 secs] 300855K->284471K(740128K), 0.0035535 secs] [Times: user=0.01 sys=0.00, real=0.00 secs] 
2020-10-29T13:18:37.483+0000: [GC (Allocation Failure) 2020-10-29T13:18:37.483+0000: [ParNew: 16388K->4K(18432K), 0.0032968 secs] 300855K->284471K(740128K), 0.0033473 secs] [Times: user=0.01 sys=0.00, real=0.00 secs] 
2020-10-29T13:18:37.503+0000: [GC (Allocation Failure) 2020-10-29T13:18:37.503+0000: [ParNew: 16388K->4K(18432K), 0.0033672 secs] 300855K->284471K(740128K), 0.0034323 secs] [Times: user=0.01 sys=0.00, real=0.00 secs] 
2020-10-29T13:18:37.522+0000: [GC (Allocation Failure) 2020-10-29T13:18:37.522+0000: [ParNew: 16388K->4K(18432K), 0.0035120 secs] 300855K->284471K(740128K), 0.0035703 secs] [Times: user=0.01 sys=0.00, real=0.00 secs] 
2020-10-29T13:18:37.543+0000: [GC (Allocation Failure) 2020-10-29T13:18:37.543+0000: [ParNew: 16388K->4K(18432K), 0.0033589 secs] 300855K->284471K(740128K), 0.0034121 secs] [Times: user=0.01 sys=0.00, real=0.00 secs] 
2020-10-29T13:18:37.563+0000: [GC (Allocation Failure) 2020-10-29T13:18:37.563+0000: [ParNew: 16388K->4K(18432K), 0.0037876 secs] 300855K->284471K(740128K), 0.0038805 secs] [Times: user=0.00 sys=0.00, real=0.01 secs] 
2020-10-29T13:18:37.582+0000: [GC (Allocation Failure) 2020-10-29T13:18:37.582+0000: [ParNew: 16388K->4K(18432K), 0.0036762 secs] 300855K->284471K(740128K), 0.0037711 secs] [Times: user=0.01 sys=0.00, real=0.00 secs] 
2020-10-29T13:18:37.604+0000: [GC (Allocation Failure) 2020-10-29T13:18:37.605+0000: [ParNew: 16388K->4K(18432K), 0.0037281 secs] 300855K->284471K(740128K), 0.0037971 secs] [Times: user=0.00 sys=0.00, real=0.01 secs] 
2020-10-29T13:18:37.627+0000: [GC (Allocation Failure) 2020-10-29T13:18:37.627+0000: [ParNew: 16388K->4K(18432K), 0.0037039 secs] 300855K->284471K(740128K), 0.0037766 secs] [Times: user=0.01 sys=0.00, real=0.00 secs] 
2020-10-29T13:18:37.646+0000: [GC (Allocation Failure) 2020-10-29T13:18:37.646+0000: [ParNew: 16388K->4K(18432K), 0.0036547 secs] 300855K->284471K(740128K), 0.0037231 secs] [Times: user=0.01 sys=0.00, real=0.01 secs] 
2020-10-29T13:18:37.665+0000: [GC (Allocation Failure) 2020-10-29T13:18:37.665+0000: [ParNew: 16388K->4K(18432K), 0.0036790 secs] 300855K->284471K(740128K), 0.0037446 secs] [Times: user=0.00 sys=0.00, real=0.01 secs] 
2020-10-29T13:18:37.684+0000: [GC (Allocation Failure) 2020-10-29T13:18:37.685+0000: [ParNew: 16388K->4K(18432K), 0.0037825 secs] 300855K->284471K(740128K), 0.0038709 secs] [Times: user=0.01 sys=0.00, real=0.01 secs] 
2020-10-29T13:18:37.705+0000: [GC (Allocation Failure) 2020-10-29T13:18:37.705+0000: [ParNew: 16388K->4K(18432K), 0.0037400 secs] 300855K->284471K(740128K), 0.0038305 secs] [Times: user=0.01 sys=0.00, real=0.01 secs] 
2020-10-29T13:18:37.727+0000: [GC (Allocation Failure) 2020-10-29T13:18:37.727+0000: [ParNew: 16388K->4K(18432K), 0.0037072 secs] 300855K->284471K(740128K), 0.0037681 secs] [Times: user=0.00 sys=0.00, real=0.00 secs] 
2020-10-29T13:18:37.747+0000: [GC (Allocation Failure) 2020-10-29T13:18:37.747+0000: [ParNew: 16388K->4K(18432K), 0.0036703 secs] 300855K->284471K(740128K), 0.0037387 secs] [Times: user=0.01 sys=0.00, real=0.00 secs] 
2020-10-29T13:18:37.767+0000: [GC (Allocation Failure) 2020-10-29T13:18:37.767+0000: [ParNew: 16388K->4K(18432K), 0.0035036 secs] 300855K->284471K(740128K), 0.0035667 secs] [Times: user=0.01 sys=0.00, real=0.00 secs] 
2020-10-29T13:18:37.790+0000: [GC (Allocation Failure) 2020-10-29T13:18:37.790+0000: [ParNew: 16388K->4K(18432K), 0.0035948 secs] 300855K->284471K(740128K), 0.0036573 secs] [Times: user=0.01 sys=0.00, real=0.00 secs] 
2020-10-29T13:18:37.796+0000: [GC (Allocation Failure) 2020-10-29T13:18:37.796+0000: [ParNew: 9516K->4K(18432K), 0.0040838 secs] 293983K->292663K(740128K), 0.0041277 secs] [Times: user=0.00 sys=0.00, real=0.00 secs] 
2020-10-29T13:18:37.808+0000: [GC (Allocation Failure) 2020-10-29T13:18:37.808+0000: [ParNew: 16388K->4K(18432K), 0.0043332 secs] 309047K->300855K(740128K), 0.0043811 secs] [Times: user=0.01 sys=0.00, real=0.00 secs] 
2020-10-29T13:18:37.831+0000: [GC (Allocation Failure) 2020-10-29T13:18:37.831+0000: [ParNew: 16388K->4K(18432K), 0.0035082 secs] 317239K->300855K(740128K), 0.0035699 secs] [Times: user=0.01 sys=0.00, real=0.01 secs] 
2020-10-29T13:18:37.850+0000: [GC (Allocation Failure) 2020-10-29T13:18:37.850+0000: [ParNew: 16388K->4K(18432K), 0.0036434 secs] 317239K->300855K(740128K), 0.0037159 secs] [Times: user=0.01 sys=0.00, real=0.00 secs] 
2020-10-29T13:18:37.869+0000: [GC (Allocation Failure) 2020-10-29T13:18:37.869+0000: [ParNew: 16388K->4K(18432K), 0.0035438 secs] 317239K->300855K(740128K), 0.0036031 secs] [Times: user=0.01 sys=0.00, real=0.00 secs] 
2020-10-29T13:18:37.891+0000: [GC (Allocation Failure) 2020-10-29T13:18:37.891+0000: [ParNew: 16388K->4K(18432K), 0.0034646 secs] 317239K->300855K(740128K), 0.0035259 secs] [Times: user=0.00 sys=0.00, real=0.00 secs] 
2020-10-29T13:18:37.910+0000: [GC (Allocation Failure) 2020-10-29T13:18:37.910+0000: [ParNew: 16388K->4K(18432K), 0.0036134 secs] 317239K->300855K(740128K), 0.0036807 secs] [Times: user=0.00 sys=0.00, real=0.00 secs] 
2020-10-29T13:18:37.931+0000: [GC (Allocation Failure) 2020-10-29T13:18:37.931+0000: [ParNew: 16388K->4K(18432K), 0.0035209 secs] 317239K->300855K(740128K), 0.0035858 secs] [Times: user=0.01 sys=0.00, real=0.00 secs] 
2020-10-29T13:18:37.951+0000: [GC (Allocation Failure) 2020-10-29T13:18:37.951+0000: [ParNew: 16388K->4K(18432K), 0.0036646 secs] 317239K->300855K(740128K), 0.0037312 secs] [Times: user=0.01 sys=0.00, real=0.00 secs] 
2020-10-29T13:18:37.970+0000: [GC (Allocation Failure) 2020-10-29T13:18:37.970+0000: [ParNew: 16388K->4K(18432K), 0.0036510 secs] 317239K->300855K(740128K), 0.0037183 secs] [Times: user=0.01 sys=0.00, real=0.00 secs] 
2020-10-29T13:18:37.989+0000: [GC (Allocation Failure) 2020-10-29T13:18:37.989+0000: [ParNew: 16388K->4K(18432K), 0.0042646 secs] 317239K->300855K(740128K), 0.0043329 secs] [Times: user=0.01 sys=0.00, real=0.00 secs] 
2020-10-29T13:18:38.011+0000: [GC (Allocation Failure) 2020-10-29T13:18:38.011+0000: [ParNew: 16388K->4K(18432K), 0.0036883 secs] 317239K->300855K(740128K), 0.0037579 secs] [Times: user=0.01 sys=0.00, real=0.00 secs] 
2020-10-29T13:18:38.031+0000: [GC (Allocation Failure) 2020-10-29T13:18:38.031+0000: [ParNew: 16388K->4K(18432K), 0.0036514 secs] 317239K->300855K(740128K), 0.0037199 secs] [Times: user=0.01 sys=0.00, real=0.00 secs] 
2020-10-29T13:18:38.051+0000: [GC (Allocation Failure) 2020-10-29T13:18:38.051+0000: [ParNew: 16388K->4K(18432K), 0.0036513 secs] 317239K->300855K(740128K), 0.0037190 secs] [Times: user=0.01 sys=0.00, real=0.00 secs] 
2020-10-29T13:18:38.070+0000: [GC (Allocation Failure) 2020-10-29T13:18:38.070+0000: [ParNew: 16388K->4K(18432K), 0.0036953 secs] 317239K->300855K(740128K), 0.0037654 secs] [Times: user=0.01 sys=0.00, real=0.00 secs] 
2020-10-29T13:18:38.094+0000: [GC (Allocation Failure) 2020-10-29T13:18:38.094+0000: [ParNew: 16388K->4K(18432K), 0.0036881 secs] 317239K->300855K(740128K), 0.0037584 secs] [Times: user=0.01 sys=0.00, real=0.01 secs] 
2020-10-29T13:18:38.114+0000: [GC (Allocation Failure) 2020-10-29T13:18:38.114+0000: [ParNew: 16388K->4K(18432K), 0.0037230 secs] 317239K->300855K(740128K), 0.0037952 secs] [Times: user=0.00 sys=0.00, real=0.01 secs] 
2020-10-29T13:18:38.133+0000: [GC (Allocation Failure) 2020-10-29T13:18:38.133+0000: [ParNew: 16388K->4K(18432K), 0.0036328 secs] 317239K->300855K(740128K), 0.0037116 secs] [Times: user=0.01 sys=0.00, real=0.01 secs] 
2020-10-29T13:18:38.152+0000: [GC (Allocation Failure) 2020-10-29T13:18:38.152+0000: [ParNew: 16388K->4K(18432K), 0.0036606 secs] 317239K->300855K(740128K), 0.0037292 secs] [Times: user=0.01 sys=0.00, real=0.01 secs] 
2020-10-29T13:18:38.175+0000: [GC (Allocation Failure) 2020-10-29T13:18:38.175+0000: [ParNew: 16388K->4K(18432K), 0.0036410 secs] 317239K->300855K(740128K), 0.0037090 secs] [Times: user=0.01 sys=0.00, real=0.00 secs] 
2020-10-29T13:18:38.194+0000: [GC (Allocation Failure) 2020-10-29T13:18:38.194+0000: [ParNew: 16388K->4K(18432K), 0.0037246 secs] 317239K->300855K(740128K), 0.0037927 secs] [Times: user=0.01 sys=0.00, real=0.01 secs] 
2020-10-29T13:18:38.215+0000: [GC (Allocation Failure) 2020-10-29T13:18:38.215+0000: [ParNew: 16388K->4K(18432K), 0.0035863 secs] 317239K->300855K(740128K), 0.0036516 secs] [Times: user=0.01 sys=0.00, real=0.00 secs] 
2020-10-29T13:18:38.234+0000: [GC (Allocation Failure) 2020-10-29T13:18:38.234+0000: [ParNew: 16388K->4K(18432K), 0.0035769 secs] 317239K->300855K(740128K), 0.0036433 secs] [Times: user=0.01 sys=0.00, real=0.01 secs] 
2020-10-29T13:18:38.255+0000: [GC (Allocation Failure) 2020-10-29T13:18:38.255+0000: [ParNew: 16388K->4K(18432K), 0.0035074 secs] 317239K->300855K(740128K), 0.0035678 secs] [Times: user=0.01 sys=0.00, real=0.00 secs] 
2020-10-29T13:18:38.274+0000: [GC (Allocation Failure) 2020-10-29T13:18:38.274+0000: [ParNew: 16388K->4K(18432K), 0.0036077 secs] 317239K->300855K(740128K), 0.0036733 secs] [Times: user=0.00 sys=0.00, real=0.01 secs] 
2020-10-29T13:18:38.295+0000: [GC (Allocation Failure) 2020-10-29T13:18:38.295+0000: [ParNew: 16388K->4K(18432K), 0.0035911 secs] 317239K->300855K(740128K), 0.0036576 secs] [Times: user=0.01 sys=0.00, real=0.00 secs] 
2020-10-29T13:18:38.307+0000: [GC (Allocation Failure) 2020-10-29T13:18:38.307+0000: [ParNew: 16388K->4K(18432K), 0.0045472 secs] 317239K->309047K(740128K), 0.0046116 secs] [Times: user=0.01 sys=0.00, real=0.00 secs] 
2020-10-29T13:18:38.327+0000: [GC (Allocation Failure) 2020-10-29T13:18:38.327+0000: [ParNew: 16388K->4K(18432K), 0.0031810 secs] 325431K->309047K(740128K), 0.0032379 secs] [Times: user=0.00 sys=0.00, real=0.00 secs] 
2020-10-29T13:18:38.339+0000: [GC (Allocation Failure) 2020-10-29T13:18:38.339+0000: [ParNew: 16388K->4K(18432K), 0.0044837 secs] 325431K->317239K(740128K), 0.0045375 secs] [Times: user=0.00 sys=0.00, real=0.00 secs] 
2020-10-29T13:18:38.362+0000: [GC (Allocation Failure) 2020-10-29T13:18:38.363+0000: [ParNew: 16388K->4K(18432K), 0.0036857 secs] 333623K->317239K(740128K), 0.0037553 secs] [Times: user=0.00 sys=0.00, real=0.00 secs] 
2020-10-29T13:18:38.383+0000: [GC (Allocation Failure) 2020-10-29T13:18:38.383+0000: [ParNew: 16388K->4K(18432K), 0.0034259 secs] 333623K->317239K(740128K), 0.0034881 secs] [Times: user=0.00 sys=0.01, real=0.00 secs] 
2020-10-29T13:18:38.401+0000: [GC (Allocation Failure) 2020-10-29T13:18:38.402+0000: [ParNew: 16388K->4K(18432K), 0.0035692 secs] 333623K->317239K(740128K), 0.0036362 secs] [Times: user=0.01 sys=0.00, real=0.00 secs] 
2020-10-29T13:18:38.420+0000: [GC (Allocation Failure) 2020-10-29T13:18:38.420+0000: [ParNew: 16388K->4K(18432K), 0.0036496 secs] 333623K->317239K(740128K), 0.0037136 secs] [Times: user=0.01 sys=0.00, real=0.00 secs] 
2020-10-29T13:18:38.439+0000: [GC (Allocation Failure) 2020-10-29T13:18:38.439+0000: [ParNew: 16388K->4K(18432K), 0.0032819 secs] 333623K->317239K(740128K), 0.0033331 secs] [Times: user=0.01 sys=0.00, real=0.00 secs] 
2020-10-29T13:18:38.458+0000: [GC (Allocation Failure) 2020-10-29T13:18:38.458+0000: [ParNew: 16388K->4K(18432K), 0.0034986 secs] 333623K->317239K(740128K), 0.0035595 secs] [Times: user=0.00 sys=0.00, real=0.00 secs] 
2020-10-29T13:18:38.476+0000: [GC (Allocation Failure) 2020-10-29T13:18:38.476+0000: [ParNew: 16388K->4K(18432K), 0.0034210 secs] 333623K->317239K(740128K), 0.0034841 secs] [Times: user=0.01 sys=0.00, real=0.00 secs] 
2020-10-29T13:18:38.499+0000: [GC (Allocation Failure) 2020-10-29T13:18:38.499+0000: [ParNew: 16388K->4K(18432K), 0.0034756 secs] 333623K->317239K(740128K), 0.0035374 secs] [Times: user=0.01 sys=0.00, real=0.00 secs] 
2020-10-29T13:18:38.522+0000: [GC (Allocation Failure) 2020-10-29T13:18:38.522+0000: [ParNew: 16388K->4K(18432K), 0.0036595 secs] 333623K->317239K(740128K), 0.0037274 secs] [Times: user=0.00 sys=0.00, real=0.00 secs] 
2020-10-29T13:18:38.541+0000: [GC (Allocation Failure) 2020-10-29T13:18:38.541+0000: [ParNew: 16388K->4K(18432K), 0.0036663 secs] 333623K->317239K(740128K), 0.0037305 secs] [Times: user=0.01 sys=0.00, real=0.00 secs] 
2020-10-29T13:18:38.562+0000: [GC (Allocation Failure) 2020-10-29T13:18:38.562+0000: [ParNew: 16388K->4K(18432K), 0.0035998 secs] 333623K->317239K(740128K), 0.0036677 secs] [Times: user=0.01 sys=0.00, real=0.00 secs] 
2020-10-29T13:18:38.583+0000: [GC (Allocation Failure) 2020-10-29T13:18:38.583+0000: [ParNew: 16388K->4K(18432K), 0.0035976 secs] 333623K->317239K(740128K), 0.0036877 secs] [Times: user=0.00 sys=0.01, real=0.00 secs] 
2020-10-29T13:18:38.602+0000: [GC (Allocation Failure) 2020-10-29T13:18:38.602+0000: [ParNew: 16388K->4K(18432K), 0.0034975 secs] 333623K->317239K(740128K), 0.0035576 secs] [Times: user=0.00 sys=0.00, real=0.00 secs] 
2020-10-29T13:18:38.620+0000: [GC (Allocation Failure) 2020-10-29T13:18:38.620+0000: [ParNew: 16263K->4K(18432K), 0.0034713 secs] 333499K->317239K(740128K), 0.0035357 secs] [Times: user=0.01 sys=0.00, real=0.00 secs] 
2020-10-29T13:18:38.652+0000: [GC (Allocation Failure) 2020-10-29T13:18:38.652+0000: [ParNew: 16388K->4K(18432K), 0.0035614 secs] 366391K->350007K(740128K), 0.0036564 secs] [Times: user=0.01 sys=0.00, real=0.01 secs] 
2020-10-29T13:18:38.675+0000: [GC (Allocation Failure) 2020-10-29T13:18:38.675+0000: [ParNew: 16388K->4K(18432K), 0.0035580 secs] 366391K->350007K(740128K), 0.0036485 secs] [Times: user=0.01 sys=0.00, real=0.00 secs] 
2020-10-29T13:18:38.707+0000: [GC (Allocation Failure) 2020-10-29T13:18:38.707+0000: [ParNew: 16388K->4K(18432K), 0.0034818 secs] 399159K->382775K(740128K), 0.0035494 secs] [Times: user=0.01 sys=0.00, real=0.00 secs] 
2020-10-29T13:18:38.726+0000: [GC (Allocation Failure) 2020-10-29T13:18:38.726+0000: [ParNew: 16388K->4K(18432K), 0.0034659 secs] 399159K->382775K(740128K), 0.0035325 secs] [Times: user=0.00 sys=0.00, real=0.01 secs] 
2020-10-29T13:18:38.744+0000: [GC (Allocation Failure) 2020-10-29T13:18:38.744+0000: [ParNew: 16388K->4K(18432K), 0.0034107 secs] 399159K->382775K(740128K), 0.0034970 secs] [Times: user=0.01 sys=0.00, real=0.01 secs] 
2020-10-29T13:18:38.763+0000: [GC (Allocation Failure) 2020-10-29T13:18:38.763+0000: [ParNew: 16388K->4K(18432K), 0.0034603 secs] 399159K->382775K(740128K), 0.0035242 secs] [Times: user=0.01 sys=0.00, real=0.00 secs] 
2020-10-29T13:18:38.782+0000: [GC (Allocation Failure) 2020-10-29T13:18:38.782+0000: [ParNew: 16388K->4K(18432K), 0.0032229 secs] 399159K->382776K(740128K), 0.0032856 secs] [Times: user=0.00 sys=0.00, real=0.00 secs] 
2020-10-29T13:18:38.800+0000: [GC (Allocation Failure) 2020-10-29T13:18:38.800+0000: [ParNew: 16388K->4K(18432K), 0.0029877 secs] 399160K->382776K(740128K), 0.0030426 secs] [Times: user=0.01 sys=0.00, real=0.00 secs] 
2020-10-29T13:18:38.818+0000: [GC (Allocation Failure) 2020-10-29T13:18:38.818+0000: [ParNew: 16388K->4K(18432K), 0.0034327 secs] 399160K->382776K(740128K), 0.0034988 secs] [Times: user=0.00 sys=0.00, real=0.00 secs] 
2020-10-29T13:18:38.835+0000: [GC (Allocation Failure) 2020-10-29T13:18:38.835+0000: [ParNew: 14024K->4K(18432K), 0.0034410 secs] 396796K->382776K(740128K), 0.0035091 secs] [Times: user=0.01 sys=0.00, real=0.00 secs] 
2020-10-29T13:18:38.847+0000: [GC (Allocation Failure) 2020-10-29T13:18:38.847+0000: [ParNew: 16388K->4K(18432K), 0.0052153 secs] 399160K->390968K(740128K), 0.0052826 secs] [Times: user=0.01 sys=0.00, real=0.00 secs] 
2020-10-29T13:18:38.865+0000: [GC (Allocation Failure) 2020-10-29T13:18:38.865+0000: [ParNew: 13858K->4K(18432K), 0.0036822 secs] 404822K->390968K(740128K), 0.0037515 secs] [Times: user=0.01 sys=0.00, real=0.01 secs] 
2020-10-29T13:18:38.879+0000: [GC (Allocation Failure) 2020-10-29T13:18:38.879+0000: [ParNew: 16388K->4K(18432K), 0.0052888 secs] 407352K->399160K(740128K), 0.0053589 secs] [Times: user=0.01 sys=0.00, real=0.00 secs] 
2020-10-29T13:18:38.903+0000: [GC (Allocation Failure) 2020-10-29T13:18:38.903+0000: [ParNew: 16388K->4K(18432K), 0.0035296 secs] 415544K->399160K(740128K), 0.0035965 secs] [Times: user=0.01 sys=0.00, real=0.00 secs] 
2020-10-29T13:18:38.922+0000: [GC (Allocation Failure) 2020-10-29T13:18:38.922+0000: [ParNew: 16388K->4K(18432K), 0.0036288 secs] 415544K->399160K(740128K), 0.0037008 secs] [Times: user=0.01 sys=0.00, real=0.00 secs] 
2020-10-29T13:18:38.940+0000: [GC (Allocation Failure) 2020-10-29T13:18:38.940+0000: [ParNew: 16388K->4K(18432K), 0.0033468 secs] 415544K->399160K(740128K), 0.0034052 secs] [Times: user=0.00 sys=0.00, real=0.00 secs] 
2020-10-29T13:18:38.963+0000: [GC (Allocation Failure) 2020-10-29T13:18:38.963+0000: [ParNew: 16388K->4K(18432K), 0.0034757 secs] 415544K->399160K(740128K), 0.0035437 secs] [Times: user=0.00 sys=0.00, real=0.00 secs] 
2020-10-29T13:18:38.982+0000: [GC (Allocation Failure) 2020-10-29T13:18:38.982+0000: [ParNew: 16388K->4K(18432K), 0.0033881 secs] 415544K->399160K(740128K), 0.0034499 secs] [Times: user=0.01 sys=0.00, real=0.00 secs] 
2020-10-29T13:18:39.003+0000: [GC (Allocation Failure) 2020-10-29T13:18:39.003+0000: [ParNew: 16388K->4K(18432K), 0.0033924 secs] 415544K->399160K(740128K), 0.0034545 secs] [Times: user=0.01 sys=0.00, real=0.00 secs] 
2020-10-29T13:18:39.021+0000: [GC (Allocation Failure) 2020-10-29T13:18:39.022+0000: [ParNew: 16388K->4K(18432K), 0.0034834 secs] 415544K->399160K(740128K), 0.0035509 secs] [Times: user=0.00 sys=0.00, real=0.00 secs] 
2020-10-29T13:18:39.040+0000: [GC (Allocation Failure) 2020-10-29T13:18:39.040+0000: [ParNew: 16388K->4K(18432K), 0.0034197 secs] 415544K->399160K(740128K), 0.0034855 secs] [Times: user=0.01 sys=0.00, real=0.00 secs] 
2020-10-29T13:18:39.059+0000: [GC (Allocation Failure) 2020-10-29T13:18:39.059+0000: [ParNew: 16388K->4K(18432K), 0.0033860 secs] 415544K->399160K(740128K), 0.0034696 secs] [Times: user=0.01 sys=0.00, real=0.00 secs] 
2020-10-29T13:18:39.079+0000: [GC (Allocation Failure) 2020-10-29T13:18:39.079+0000: [ParNew: 16388K->4K(18432K), 0.0033626 secs] 415544K->399160K(740128K), 0.0034272 secs] [Times: user=0.00 sys=0.00, real=0.00 secs] 
2020-10-29T13:18:39.097+0000: [GC (Allocation Failure) 2020-10-29T13:18:39.098+0000: [ParNew: 16388K->4K(18432K), 0.0031740 secs] 415544K->399160K(740128K), 0.0032241 secs] [Times: user=0.01 sys=0.00, real=0.00 secs] 
2020-10-29T13:18:39.116+0000: [GC (Allocation Failure) 2020-10-29T13:18:39.116+0000: [ParNew: 16388K->4K(18432K), 0.0028765 secs] 415544K->399160K(740128K), 0.0029272 secs] [Times: user=0.00 sys=0.01, real=0.00 secs] 
2020-10-29T13:18:39.135+0000: [GC (Allocation Failure) 2020-10-29T13:18:39.135+0000: [ParNew: 16388K->4K(18432K), 0.0030665 secs] 415544K->399160K(740128K), 0.0031216 secs] [Times: user=0.01 sys=0.00, real=0.00 secs] 
2020-10-29T13:18:39.155+0000: [GC (Allocation Failure) 2020-10-29T13:18:39.155+0000: [ParNew: 16388K->4K(18432K), 0.0035949 secs] 415544K->399160K(740128K), 0.0036685 secs] [Times: user=0.01 sys=0.00, real=0.00 secs] 
2020-10-29T13:18:39.175+0000: [GC (Allocation Failure) 2020-10-29T13:18:39.175+0000: [ParNew: 16388K->4K(18432K), 0.0034707 secs] 415544K->399160K(740128K), 0.0035383 secs] [Times: user=0.01 sys=0.00, real=0.00 secs] 
2020-10-29T13:18:39.195+0000: [GC (Allocation Failure) 2020-10-29T13:18:39.195+0000: [ParNew: 16388K->4K(18432K), 0.0033846 secs] 415544K->399160K(740128K), 0.0034495 secs] [Times: user=0.00 sys=0.00, real=0.00 secs] 
2020-10-29T13:18:39.213+0000: [GC (Allocation Failure) 2020-10-29T13:18:39.214+0000: [ParNew: 16388K->4K(18432K), 0.0033762 secs] 415544K->399160K(740128K), 0.0034404 secs] [Times: user=0.01 sys=0.00, real=0.01 secs] 
2020-10-29T13:18:39.232+0000: [GC (Allocation Failure) 2020-10-29T13:18:39.232+0000: [ParNew: 16388K->4K(18432K), 0.0033385 secs] 415544K->399160K(740128K), 0.0033953 secs] [Times: user=0.01 sys=0.00, real=0.01 secs] 
2020-10-29T13:18:39.251+0000: [GC (Allocation Failure) 2020-10-29T13:18:39.251+0000: [ParNew: 16388K->4K(18432K), 0.0034292 secs] 415544K->399160K(740128K), 0.0035038 secs] [Times: user=0.01 sys=0.00, real=0.00 secs] 
2020-10-29T13:18:39.276+0000: [GC (Allocation Failure) 2020-10-29T13:18:39.276+0000: [ParNew: 16388K->4K(18432K), 0.0043911 secs] 415544K->399160K(740128K), 0.0044557 secs] [Times: user=0.00 sys=0.00, real=0.00 secs] 
2020-10-29T13:18:39.296+0000: [GC (Allocation Failure) 2020-10-29T13:18:39.296+0000: [ParNew: 16388K->4K(18432K), 0.0034536 secs] 415544K->399160K(740128K), 0.0035210 secs] [Times: user=0.01 sys=0.00, real=0.00 secs] 
2020-10-29T13:18:39.315+0000: [GC (Allocation Failure) 2020-10-29T13:18:39.315+0000: [ParNew: 16388K->4K(18432K), 0.0034707 secs] 415544K->399160K(740128K), 0.0035391 secs] [Times: user=0.01 sys=0.00, real=0.00 secs] 
2020-10-29T13:18:39.335+0000: [GC (Allocation Failure) 2020-10-29T13:18:39.335+0000: [ParNew: 16388K->4K(18432K), 0.0033170 secs] 415544K->399160K(740128K), 0.0033798 secs] [Times: user=0.01 sys=0.00, real=0.00 secs] 
2020-10-29T13:18:39.347+0000: [GC (Allocation Failure) 2020-10-29T13:18:39.347+0000: [ParNew: 16388K->4K(18432K), 0.0051934 secs] 415544K->407352K(740128K), 0.0052654 secs] [Times: user=0.01 sys=0.00, real=0.00 secs] 
2020-10-29T13:18:39.371+0000: [GC (Allocation Failure) 2020-10-29T13:18:39.371+0000: [ParNew: 16388K->4K(18432K), 0.0034999 secs] 423736K->407352K(740128K), 0.0035688 secs] [Times: user=0.01 sys=0.00, real=0.00 secs] 
2020-10-29T13:18:39.388+0000: [GC (Allocation Failure) 2020-10-29T13:18:39.389+0000: [ParNew: 15274K->4K(18432K), 0.0034610 secs] 422623K->407352K(740128K), 0.0035253 secs] [Times: user=0.00 sys=0.00, real=0.00 secs] 
2020-10-29T13:18:39.401+0000: [GC (Allocation Failure) 2020-10-29T13:18:39.401+0000: [ParNew: 16388K->4K(18432K), 0.0052947 secs] 423736K->415544K(740128K), 0.0053610 secs] [Times: user=0.01 sys=0.00, real=0.00 secs] 
2020-10-29T13:18:39.423+0000: [GC (Allocation Failure) 2020-10-29T13:18:39.423+0000: [ParNew: 16388K->4K(18432K), 0.0032857 secs] 431928K->415544K(740128K), 0.0033454 secs] [Times: user=0.01 sys=0.00, real=0.00 secs] 
2020-10-29T13:18:39.443+0000: [GC (Allocation Failure) 2020-10-29T13:18:39.443+0000: [ParNew: 16388K->4K(18432K), 0.0029203 secs] 431928K->415544K(740128K), 0.0029744 secs] [Times: user=0.00 sys=0.00, real=0.00 secs] 
2020-10-29T13:18:39.461+0000: [GC (Allocation Failure) 2020-10-29T13:18:39.461+0000: [ParNew: 16388K->4K(18432K), 0.0035173 secs] 431928K->415544K(740128K), 0.0035839 secs] [Times: user=0.01 sys=0.00, real=0.00 secs] 
2020-10-29T13:18:39.480+0000: [GC (Allocation Failure) 2020-10-29T13:18:39.480+0000: [ParNew: 16388K->4K(18432K), 0.0033148 secs] 431928K->415544K(740128K), 0.0033794 secs] [Times: user=0.01 sys=0.00, real=0.00 secs] 
2020-10-29T13:18:39.498+0000: [GC (Allocation Failure) 2020-10-29T13:18:39.498+0000: [ParNew: 16388K->4K(18432K), 0.0030112 secs] 431928K->415544K(740128K), 0.0030643 secs] [Times: user=0.00 sys=0.00, real=0.00 secs] 
2020-10-29T13:18:39.517+0000: [GC (Allocation Failure) 2020-10-29T13:18:39.517+0000: [ParNew: 16388K->4K(18432K), 0.0028816 secs] 431928K->415544K(740128K), 0.0029334 secs] [Times: user=0.01 sys=0.00, real=0.00 secs] 
2020-10-29T13:18:39.535+0000: [GC (Allocation Failure) 2020-10-29T13:18:39.535+0000: [ParNew: 16388K->4K(18432K), 0.0027677 secs] 431928K->415544K(740128K), 0.0028187 secs] [Times: user=0.00 sys=0.00, real=0.00 secs] 
2020-10-29T13:18:39.555+0000: [GC (Allocation Failure) 2020-10-29T13:18:39.555+0000: [ParNew: 16388K->4K(18432K), 0.0034524 secs] 431928K->415544K(740128K), 0.0035216 secs] [Times: user=0.01 sys=0.00, real=0.00 secs] 
2020-10-29T13:18:39.574+0000: [GC (Allocation Failure) 2020-10-29T13:18:39.574+0000: [ParNew: 16388K->4K(18432K), 0.0034415 secs] 431928K->415544K(740128K), 0.0035083 secs] [Times: user=0.01 sys=0.00, real=0.01 secs] 
2020-10-29T13:18:39.592+0000: [GC (Allocation Failure) 2020-10-29T13:18:39.592+0000: [ParNew: 16388K->4K(18432K), 0.0030941 secs] 431928K->415544K(740128K), 0.0031520 secs] [Times: user=0.00 sys=0.00, real=0.01 secs] 
2020-10-29T13:18:39.614+0000: [GC (Allocation Failure) 2020-10-29T13:18:39.614+0000: [ParNew: 16388K->4K(18432K), 0.0033240 secs] 431928K->415544K(740128K), 0.0033865 secs] [Times: user=0.00 sys=0.00, real=0.01 secs] 
2020-10-29T13:18:39.635+0000: [GC (Allocation Failure) 2020-10-29T13:18:39.635+0000: [ParNew: 16388K->4K(18432K), 0.0032150 secs] 431928K->415544K(740128K), 0.0032753 secs] [Times: user=0.01 sys=0.00, real=0.00 secs] 
2020-10-29T13:18:39.655+0000: [GC (Allocation Failure) 2020-10-29T13:18:39.655+0000: [ParNew: 16388K->4K(18432K), 0.0033327 secs] 431928K->415544K(740128K), 0.0033985 secs] [Times: user=0.01 sys=0.00, real=0.00 secs] 
2020-10-29T13:18:39.673+0000: [GC (Allocation Failure) 2020-10-29T13:18:39.673+0000: [ParNew: 16388K->4K(18432K), 0.0034145 secs] 431928K->415544K(740128K), 0.0034807 secs] [Times: user=0.01 sys=0.00, real=0.01 secs] 
2020-10-29T13:18:39.693+0000: [GC (Allocation Failure) 2020-10-29T13:18:39.693+0000: [ParNew: 16388K->4K(18432K), 0.0032194 secs] 431928K->415544K(740128K), 0.0033043 secs] [Times: user=0.01 sys=0.00, real=0.01 secs] 
2020-10-29T13:18:39.714+0000: [GC (Allocation Failure) 2020-10-29T13:18:39.714+0000: [ParNew: 16388K->4K(18432K), 0.0033770 secs] 431928K->415544K(740128K), 0.0034382 secs] [Times: user=0.01 sys=0.00, real=0.01 secs] 
2020-10-29T13:18:39.735+0000: [GC (Allocation Failure) 2020-10-29T13:18:39.735+0000: [ParNew: 16388K->4K(18432K), 0.0029321 secs] 431928K->415544K(740128K), 0.0029851 secs] [Times: user=0.01 sys=0.00, real=0.00 secs] 
2020-10-29T13:18:39.755+0000: [GC (Allocation Failure) 2020-10-29T13:18:39.755+0000: [ParNew: 16388K->4K(18432K), 0.0033948 secs] 431928K->415544K(740128K), 0.0034595 secs] [Times: user=0.00 sys=0.00, real=0.00 secs] 
2020-10-29T13:18:39.774+0000: [GC (Allocation Failure) 2020-10-29T13:18:39.774+0000: [ParNew: 16388K->4K(18432K), 0.0035000 secs] 431928K->415544K(740128K), 0.0035706 secs] [Times: user=0.01 sys=0.00, real=0.01 secs] 
2020-10-29T13:18:39.792+0000: [GC (Allocation Failure) 2020-10-29T13:18:39.792+0000: [ParNew: 16388K->4K(18432K), 0.0034633 secs] 431928K->415544K(740128K), 0.0035316 secs] [Times: user=0.00 sys=0.00, real=0.01 secs] 
2020-10-29T13:18:39.811+0000: [GC (Allocation Failure) 2020-10-29T13:18:39.811+0000: [ParNew: 16388K->4K(18432K), 0.0032797 secs] 431928K->415544K(740128K), 0.0033582 secs] [Times: user=0.01 sys=0.00, real=0.01 secs] 
2020-10-29T13:18:39.831+0000: [GC (Allocation Failure) 2020-10-29T13:18:39.831+0000: [ParNew: 16388K->4K(18432K), 0.0028776 secs] 431928K->415544K(740128K), 0.0029288 secs] [Times: user=0.00 sys=0.00, real=0.00 secs] 
2020-10-29T13:18:39.845+0000: [GC (Allocation Failure) 2020-10-29T13:18:39.845+0000: [ParNew: 11429K->4K(18432K), 0.0030395 secs] 426970K->415544K(740128K), 0.0030918 secs] [Times: user=0.01 sys=0.00, real=0.01 secs] 
2020-10-29T13:18:39.857+0000: [GC (Allocation Failure) 2020-10-29T13:18:39.857+0000: [ParNew: 16388K->4K(18432K), 0.0052103 secs] 431928K->423736K(740128K), 0.0052808 secs] [Times: user=0.01 sys=0.00, real=0.00 secs] 
2020-10-29T13:18:39.879+0000: [GC (Allocation Failure) 2020-10-29T13:18:39.879+0000: [ParNew: 16388K->4K(18432K), 0.0033965 secs] 440120K->423736K(740128K), 0.0034624 secs] [Times: user=0.01 sys=0.00, real=0.00 secs] 
2020-10-29T13:18:39.897+0000: [GC (Allocation Failure) 2020-10-29T13:18:39.897+0000: [ParNew: 16388K->4K(18432K), 0.0034878 secs] 440120K->423736K(740128K), 0.0035652 secs] [Times: user=0.01 sys=0.00, real=0.00 secs] 
2020-10-29T13:18:39.911+0000: [GC (Allocation Failure) 2020-10-29T13:18:39.911+0000: [ParNew: 16388K->4K(18432K), 0.0050570 secs] 440120K->431928K(740128K), 0.0051166 secs] [Times: user=0.01 sys=0.00, real=0.01 secs] 
2020-10-29T13:18:39.931+0000: [GC (Allocation Failure) 2020-10-29T13:18:39.931+0000: [ParNew: 16388K->4K(18432K), 0.0033776 secs] 448312K->431928K(740128K), 0.0034385 secs] [Times: user=0.00 sys=0.00, real=0.00 secs] 
2020-10-29T13:18:39.950+0000: [GC (Allocation Failure) 2020-10-29T13:18:39.950+0000: [ParNew: 16388K->4K(18432K), 0.0031678 secs] 448312K->431928K(740128K), 0.0032241 secs] [Times: user=0.00 sys=0.00, real=0.00 secs] 
2020-10-29T13:18:39.968+0000: [GC (Allocation Failure) 2020-10-29T13:18:39.968+0000: [ParNew: 16388K->4K(18432K), 0.0032266 secs] 448312K->431928K(740128K), 0.0032856 secs] [Times: user=0.01 sys=0.00, real=0.00 secs] 
2020-10-29T13:18:39.986+0000: [GC (Allocation Failure) 2020-10-29T13:18:39.986+0000: [ParNew: 16388K->4K(18432K), 0.0030565 secs] 448312K->431928K(740128K), 0.0031125 secs] [Times: user=0.01 sys=0.00, real=0.01 secs] 
2020-10-29T13:18:40.005+0000: [GC (Allocation Failure) 2020-10-29T13:18:40.005+0000: [ParNew: 16388K->4K(18432K), 0.0030290 secs] 448312K->431928K(740128K), 0.0031013 secs] [Times: user=0.00 sys=0.00, real=0.01 secs] 
2020-10-29T13:18:40.023+0000: [GC (Allocation Failure) 2020-10-29T13:18:40.023+0000: [ParNew: 16388K->4K(18432K), 0.0032256 secs] 448312K->431928K(740128K), 0.0032878 secs] [Times: user=0.01 sys=0.00, real=0.00 secs] 
2020-10-29T13:18:40.041+0000: [GC (Allocation Failure) 2020-10-29T13:18:40.041+0000: [ParNew: 16388K->4K(18432K), 0.0031678 secs] 448312K->431928K(740128K), 0.0032281 secs] [Times: user=0.01 sys=0.00, real=0.00 secs] 
2020-10-29T13:18:40.060+0000: [GC (Allocation Failure) 2020-10-29T13:18:40.060+0000: [ParNew: 16388K->4K(18432K), 0.0034100 secs] 448312K->431928K(740128K), 0.0034934 secs] [Times: user=0.00 sys=0.00, real=0.00 secs] 
2020-10-29T13:18:40.079+0000: [GC (Allocation Failure) 2020-10-29T13:18:40.079+0000: [ParNew: 16388K->4K(18432K), 0.0034224 secs] 448312K->431928K(740128K), 0.0034891 secs] [Times: user=0.01 sys=0.00, real=0.00 secs] 
2020-10-29T13:18:40.098+0000: [GC (Allocation Failure) 2020-10-29T13:18:40.098+0000: [ParNew: 16388K->4K(18432K), 0.0034299 secs] 448312K->431928K(740128K), 0.0034976 secs] [Times: user=0.01 sys=0.00, real=0.00 secs] 
2020-10-29T13:18:40.116+0000: [GC (Allocation Failure) 2020-10-29T13:18:40.116+0000: [ParNew: 16388K->4K(18432K), 0.0034440 secs] 448312K->431928K(740128K), 0.0035276 secs] [Times: user=0.00 sys=0.00, real=0.00 secs] 
2020-10-29T13:18:40.139+0000: [GC (Allocation Failure) 2020-10-29T13:18:40.139+0000: [ParNew: 16388K->4K(18432K), 0.0034232 secs] 448312K->431928K(740128K), 0.0034892 secs] [Times: user=0.01 sys=0.00, real=0.00 secs] 
2020-10-29T13:18:40.157+0000: [GC (Allocation Failure) 2020-10-29T13:18:40.157+0000: [ParNew: 16388K->4K(18432K), 0.0033225 secs] 448312K->431928K(740128K), 0.0033862 secs] [Times: user=0.01 sys=0.00, real=0.00 secs] 
2020-10-29T13:18:40.179+0000: [GC (Allocation Failure) 2020-10-29T13:18:40.179+0000: [ParNew: 16388K->4K(18432K), 0.0033040 secs] 448312K->431928K(740128K), 0.0033671 secs] [Times: user=0.01 sys=0.00, real=0.00 secs] 
2020-10-29T13:18:40.197+0000: [GC (Allocation Failure) 2020-10-29T13:18:40.197+0000: [ParNew: 16388K->4K(18432K), 0.0033247 secs] 448312K->431928K(740128K), 0.0033865 secs] [Times: user=0.00 sys=0.00, real=0.00 secs] 
2020-10-29T13:18:40.232+0000: [GC (Allocation Failure) 2020-10-29T13:18:40.232+0000: [ParNew: 16388K->8K(18432K), 0.0034315 secs] 448312K->431932K(740128K), 0.0034987 secs] [Times: user=0.01 sys=0.00, real=0.01 secs] 
2020-10-29T13:18:40.250+0000: [GC (Allocation Failure) 2020-10-29T13:18:40.250+0000: [ParNew: 16392K->8K(18432K), 0.0028780 secs] 448316K->431932K(740128K), 0.0029336 secs] [Times: user=0.00 sys=0.00, real=0.00 secs] 
2020-10-29T13:18:40.268+0000: [GC (Allocation Failure) 2020-10-29T13:18:40.268+0000: [ParNew: 16392K->6K(18432K), 0.0027655 secs] 448316K->431931K(740128K), 0.0028195 secs] [Times: user=0.01 sys=0.00, real=0.00 secs] 
2020-10-29T13:18:40.290+0000: [GC (Allocation Failure) 2020-10-29T13:18:40.290+0000: [ParNew: 16390K->7K(18432K), 0.0032446 secs] 448315K->431931K(740128K), 0.0033070 secs] [Times: user=0.01 sys=0.00, real=0.00 secs] 
2020-10-29T13:18:40.309+0000: [GC (Allocation Failure) 2020-10-29T13:18:40.309+0000: [ParNew: 16391K->7K(18432K), 0.0033874 secs] 448315K->431932K(740128K), 0.0034551 secs] [Times: user=0.01 sys=0.00, real=0.00 secs] 
2020-10-29T13:18:40.331+0000: [GC (Allocation Failure) 2020-10-29T13:18:40.331+0000: [ParNew: 16391K->7K(18432K), 0.0031333 secs] 448316K->431932K(740128K), 0.0031876 secs] [Times: user=0.01 sys=0.00, real=0.00 secs] 
2020-10-29T13:18:40.351+0000: [GC (Allocation Failure) 2020-10-29T13:18:40.351+0000: [ParNew: 15758K->4K(18432K), 0.0032360 secs] 447683K->431932K(740128K), 0.0032987 secs] [Times: user=0.00 sys=0.00, real=0.00 secs] 
2020-10-29T13:18:40.367+0000: [GC (Allocation Failure) 2020-10-29T13:18:40.367+0000: [ParNew: 16388K->4K(18432K), 0.0046419 secs] 448316K->440123K(740128K), 0.0047021 secs] [Times: user=0.01 sys=0.00, real=0.01 secs] 
2020-10-29T13:18:40.386+0000: [GC (Allocation Failure) 2020-10-29T13:18:40.386+0000: [ParNew: 16388K->4K(18432K), 0.0030342 secs] 456507K->440123K(740128K), 0.0030868 secs] [Times: user=0.01 sys=0.00, real=0.01 secs] 
2020-10-29T13:18:40.405+0000: [GC (Allocation Failure) 2020-10-29T13:18:40.405+0000: [ParNew: 16388K->4K(18432K), 0.0033187 secs] 456507K->440123K(740128K), 0.0033809 secs] [Times: user=0.00 sys=0.00, real=0.01 secs] 
2020-10-29T13:18:40.423+0000: [GC (Allocation Failure) 2020-10-29T13:18:40.424+0000: [ParNew: 16388K->4K(18432K), 0.0034647 secs] 456507K->440123K(740128K), 0.0035443 secs] [Times: user=0.01 sys=0.00, real=0.01 secs] 
2020-10-29T13:18:40.436+0000: [GC (Allocation Failure) 2020-10-29T13:18:40.436+0000: [ParNew: 16388K->4K(18432K), 0.0051903 secs] 456507K->448315K(740128K), 0.0052608 secs] [Times: user=0.01 sys=0.00, real=0.00 secs] 
2020-10-29T13:18:40.459+0000: [GC (Allocation Failure) 2020-10-29T13:18:40.459+0000: [ParNew: 16388K->4K(18432K), 0.0033606 secs] 464699K->448315K(740128K), 0.0034256 secs] [Times: user=0.01 sys=0.00, real=0.00 secs] 
2020-10-29T13:18:40.478+0000: [GC (Allocation Failure) 2020-10-29T13:18:40.478+0000: [ParNew: 16388K->4K(18432K), 0.0034969 secs] 464699K->448315K(740128K), 0.0035785 secs] [Times: user=0.01 sys=0.00, real=0.00 secs] 
2020-10-29T13:18:40.497+0000: [GC (Allocation Failure) 2020-10-29T13:18:40.497+0000: [ParNew: 16388K->4K(18432K), 0.0041509 secs] 464699K->448315K(740128K), 0.0042155 secs] [Times: user=0.00 sys=0.00, real=0.00 secs] 
2020-10-29T13:18:40.516+0000: [GC (Allocation Failure) 2020-10-29T13:18:40.516+0000: [ParNew: 16388K->4K(18432K), 0.0033745 secs] 464699K->448315K(740128K), 0.0034338 secs] [Times: user=0.01 sys=0.00, real=0.00 secs] 
2020-10-29T13:18:40.535+0000: [GC (Allocation Failure) 2020-10-29T13:18:40.535+0000: [ParNew: 16388K->4K(18432K), 0.0031944 secs] 464699K->448315K(740128K), 0.0032549 secs] [Times: user=0.01 sys=0.00, real=0.00 secs] 
2020-10-29T13:18:40.553+0000: [GC (Allocation Failure) 2020-10-29T13:18:40.553+0000: [ParNew: 16388K->4K(18432K), 0.0033975 secs] 464699K->448315K(740128K), 0.0034669 secs] [Times: user=0.01 sys=0.00, real=0.01 secs] 
2020-10-29T13:18:40.572+0000: [GC (Allocation Failure) 2020-10-29T13:18:40.572+0000: [ParNew: 16388K->4K(18432K), 0.0032969 secs] 464699K->448315K(740128K), 0.0033729 secs] [Times: user=0.00 sys=0.00, real=0.01 secs] 
2020-10-29T13:18:40.591+0000: [GC (Allocation Failure) 2020-10-29T13:18:40.591+0000: [ParNew: 16388K->4K(18432K), 0.0033070 secs] 464699K->448315K(740128K), 0.0033759 secs] [Times: user=0.00 sys=0.00, real=0.00 secs] 
2020-10-29T13:18:40.613+0000: [GC (Allocation Failure) 2020-10-29T13:18:40.613+0000: [ParNew: 16388K->4K(18432K), 0.0048093 secs] 464699K->448315K(740128K), 0.0048867 secs] [Times: user=0.01 sys=0.00, real=0.01 secs] 
2020-10-29T13:18:40.643+0000: [GC (Allocation Failure) 2020-10-29T13:18:40.643+0000: [ParNew: 16388K->4K(18432K), 0.0034228 secs] 464699K->448315K(740128K), 0.0035170 secs] [Times: user=0.00 sys=0.00, real=0.00 secs] 
2020-10-29T13:18:40.666+0000: [GC (Allocation Failure) 2020-10-29T13:18:40.666+0000: [ParNew: 16388K->4K(18432K), 0.0033571 secs] 464699K->448315K(740128K), 0.0034458 secs] [Times: user=0.01 sys=0.00, real=0.01 secs] 
2020-10-29T13:18:40.692+0000: [GC (Allocation Failure) 2020-10-29T13:18:40.692+0000: [ParNew: 16388K->4K(18432K), 0.0033848 secs] 464699K->448315K(740128K), 0.0034755 secs] [Times: user=0.00 sys=0.00, real=0.01 secs] 
2020-10-29T13:18:40.719+0000: [GC (Allocation Failure) 2020-10-29T13:18:40.719+0000: [ParNew: 16388K->4K(18432K), 0.0040598 secs] 464699K->448315K(740128K), 0.0041333 secs] [Times: user=0.01 sys=0.00, real=0.00 secs] 
2020-10-29T13:18:40.740+0000: [GC (Allocation Failure) 2020-10-29T13:18:40.740+0000: [ParNew: 16388K->4K(18432K), 0.0033514 secs] 464699K->448315K(740128K), 0.0034131 secs] [Times: user=0.01 sys=0.00, real=0.00 secs] 
2020-10-29T13:18:40.759+0000: [GC (Allocation Failure) 2020-10-29T13:18:40.759+0000: [ParNew: 16388K->4K(18432K), 0.0035159 secs] 464699K->448315K(740128K), 0.0035847 secs] [Times: user=0.01 sys=0.00, real=0.00 secs] 
2020-10-29T13:18:40.779+0000: [GC (Allocation Failure) 2020-10-29T13:18:40.779+0000: [ParNew: 16388K->4K(18432K), 0.0033750 secs] 464699K->448315K(740128K), 0.0034435 secs] [Times: user=0.01 sys=0.00, real=0.00 secs] 
2020-10-29T13:18:40.799+0000: [GC (Allocation Failure) 2020-10-29T13:18:40.799+0000: [ParNew: 16388K->4K(18432K), 0.0035163 secs] 464699K->448315K(740128K), 0.0035911 secs] [Times: user=0.01 sys=0.00, real=0.00 secs] 
2020-10-29T13:18:40.818+0000: [GC (Allocation Failure) 2020-10-29T13:18:40.818+0000: [ParNew: 16388K->4K(18432K), 0.0033762 secs] 464699K->448315K(740128K), 0.0034444 secs] [Times: user=0.00 sys=0.00, real=0.00 secs] 
2020-10-29T13:18:40.838+0000: [GC (Allocation Failure) 2020-10-29T13:18:40.838+0000: [ParNew: 16388K->4K(18432K), 0.0033700 secs] 464699K->448315K(740128K), 0.0034374 secs] [Times: user=0.01 sys=0.00, real=0.00 secs] 
2020-10-29T13:18:40.856+0000: [GC (Allocation Failure) 2020-10-29T13:18:40.856+0000: [ParNew: 16388K->4K(18432K), 0.0034046 secs] 464699K->448315K(740128K), 0.0034712 secs] [Times: user=0.00 sys=0.00, real=0.00 secs] 
2020-10-29T13:18:40.869+0000: [GC (Allocation Failure) 2020-10-29T13:18:40.869+0000: [ParNew: 16388K->4K(18432K), 0.0049659 secs] 464699K->456508K(740128K), 0.0050294 secs] [Times: user=0.01 sys=0.00, real=0.00 secs] 
2020-10-29T13:18:40.889+0000: [GC (Allocation Failure) 2020-10-29T13:18:40.889+0000: [ParNew: 16388K->4K(18432K), 0.0033697 secs] 472892K->456508K(740128K), 0.0034359 secs] [Times: user=0.00 sys=0.00, real=0.00 secs] 
2020-10-29T13:18:40.911+0000: [GC (Allocation Failure) 2020-10-29T13:18:40.911+0000: [ParNew: 16388K->4K(18432K), 0.0033243 secs] 472892K->456508K(740128K), 0.0033899 secs] [Times: user=0.01 sys=0.00, real=0.00 secs] 
2020-10-29T13:18:40.929+0000: [GC (Allocation Failure) 2020-10-29T13:18:40.930+0000: [ParNew: 16388K->4K(18432K), 0.0034983 secs] 472892K->456508K(740128K), 0.0035687 secs] [Times: user=0.01 sys=0.00, real=0.00 secs] 
2020-10-29T13:18:40.948+0000: [GC (Allocation Failure) 2020-10-29T13:18:40.948+0000: [ParNew: 16388K->4K(18432K), 0.0033155 secs] 472892K->456508K(740128K), 0.0033824 secs] [Times: user=0.00 sys=0.00, real=0.00 secs] 
2020-10-29T13:18:40.971+0000: [GC (Allocation Failure) 2020-10-29T13:18:40.971+0000: [ParNew: 16388K->4K(18432K), 0.0041923 secs] 472892K->456508K(740128K), 0.0042625 secs] [Times: user=0.00 sys=0.00, real=0.01 secs] 
2020-10-29T13:18:40.990+0000: [GC (Allocation Failure) 2020-10-29T13:18:40.990+0000: [ParNew: 16388K->4K(18432K), 0.0034139 secs] 472892K->456508K(740128K), 0.0034804 secs] [Times: user=0.01 sys=0.00, real=0.00 secs] 
2020-10-29T13:18:41.007+0000: [GC (Allocation Failure) 2020-10-29T13:18:41.007+0000: [ParNew: 16388K->4K(18432K), 0.0052656 secs] 472892K->464700K(740128K), 0.0053414 secs] [Times: user=0.01 sys=0.00, real=0.00 secs] 
2020-10-29T13:18:41.027+0000: [GC (Allocation Failure) 2020-10-29T13:18:41.027+0000: [ParNew: 16388K->4K(18432K), 0.0033635 secs] 481084K->464700K(740128K), 0.0034466 secs] [Times: user=0.01 sys=0.00, real=0.00 secs] 
2020-10-29T13:18:41.046+0000: [GC (Allocation Failure) 2020-10-29T13:18:41.046+0000: [ParNew: 16388K->4K(18432K), 0.0032873 secs] 481084K->464700K(740128K), 0.0033505 secs] [Times: user=0.00 sys=0.00, real=0.01 secs] 
2020-10-29T13:18:41.067+0000: [GC (Allocation Failure) 2020-10-29T13:18:41.067+0000: [ParNew: 16388K->4K(18432K), 0.0032051 secs] 481084K->464700K(740128K), 0.0032674 secs] [Times: user=0.01 sys=0.00, real=0.00 secs] 
2020-10-29T13:18:41.086+0000: [GC (Allocation Failure) 2020-10-29T13:18:41.086+0000: [ParNew: 16388K->4K(18432K), 0.0048614 secs] 481084K->464700K(740128K), 0.0049366 secs] [Times: user=0.01 sys=0.00, real=0.01 secs] 
2020-10-29T13:18:41.109+0000: [GC (Allocation Failure) 2020-10-29T13:18:41.109+0000: [ParNew: 16388K->4K(18432K), 0.0034972 secs] 481084K->464700K(740128K), 0.0035662 secs] [Times: user=0.01 sys=0.00, real=0.00 secs] 
2020-10-29T13:18:41.131+0000: [GC (Allocation Failure) 2020-10-29T13:18:41.131+0000: [ParNew: 16388K->4K(18432K), 0.0033458 secs] 481084K->464700K(740128K), 0.0034130 secs] [Times: user=0.00 sys=0.00, real=0.00 secs] 
2020-10-29T13:18:41.151+0000: [GC (Allocation Failure) 2020-10-29T13:18:41.151+0000: [ParNew: 16388K->4K(18432K), 0.0033573 secs] 481084K->464700K(740128K), 0.0034269 secs] [Times: user=0.00 sys=0.00, real=0.00 secs] 
2020-10-29T13:18:41.169+0000: [GC (Allocation Failure) 2020-10-29T13:18:41.169+0000: [ParNew: 16388K->4K(18432K), 0.0033687 secs] 481084K->464700K(740128K), 0.0034349 secs] [Times: user=0.01 sys=0.00, real=0.00 secs] 
2020-10-29T13:18:41.188+0000: [GC (Allocation Failure) 2020-10-29T13:18:41.188+0000: [ParNew: 16388K->4K(18432K), 0.0033634 secs] 481084K->464700K(740128K), 0.0034273 secs] [Times: user=0.01 sys=0.00, real=0.00 secs] 
2020-10-29T13:18:41.206+0000: [GC (Allocation Failure) 2020-10-29T13:18:41.206+0000: [ParNew: 16388K->4K(18432K), 0.0033203 secs] 481084K->464700K(740128K), 0.0033852 secs] [Times: user=0.01 sys=0.00, real=0.01 secs] 
2020-10-29T13:18:41.225+0000: [GC (Allocation Failure) 2020-10-29T13:18:41.225+0000: [ParNew: 16388K->4K(18432K), 0.0033457 secs] 481084K->464700K(740128K), 0.0034211 secs] [Times: user=0.00 sys=0.00, real=0.01 secs] 
2020-10-29T13:18:41.244+0000: [GC (Allocation Failure) 2020-10-29T13:18:41.244+0000: [ParNew: 16388K->4K(18432K), 0.0033686 secs] 481084K->464700K(740128K), 0.0034358 secs] [Times: user=0.01 sys=0.00, real=0.01 secs] 
2020-10-29T13:18:41.263+0000: [GC (Allocation Failure) 2020-10-29T13:18:41.263+0000: [ParNew: 16388K->4K(18432K), 0.0034013 secs] 481084K->464700K(740128K), 0.0034999 secs] [Times: user=0.00 sys=0.00, real=0.00 secs] 
2020-10-29T13:18:41.281+0000: [GC (Allocation Failure) 2020-10-29T13:18:41.281+0000: [ParNew: 16388K->4K(18432K), 0.0031559 secs] 481084K->464700K(740128K), 0.0032177 secs] [Times: user=0.01 sys=0.00, real=0.00 secs] 
2020-10-29T13:18:41.303+0000: [GC (Allocation Failure) 2020-10-29T13:18:41.303+0000: [ParNew: 16388K->4K(18432K), 0.0050621 secs] 481084K->464700K(740128K), 0.0051306 secs] [Times: user=0.01 sys=0.00, real=0.01 secs] 
2020-10-29T13:18:41.327+0000: [GC (Allocation Failure) 2020-10-29T13:18:41.327+0000: [ParNew: 16388K->4K(18432K), 0.0033549 secs] 481084K->464700K(740128K), 0.0034226 secs] [Times: user=0.00 sys=0.00, real=0.00 secs] 
2020-10-29T13:18:41.345+0000: [GC (Allocation Failure) 2020-10-29T13:18:41.345+0000: [ParNew: 16388K->4K(18432K), 0.0033469 secs] 481084K->464700K(740128K), 0.0034123 secs] [Times: user=0.01 sys=0.00, real=0.01 secs] 
2020-10-29T13:18:41.364+0000: [GC (Allocation Failure) 2020-10-29T13:18:41.364+0000: [ParNew: 16388K->4K(18432K), 0.0034171 secs] 481084K->464700K(740128K), 0.0034837 secs] [Times: user=0.01 sys=0.00, real=0.01 secs] 
2020-10-29T13:18:41.376+0000: [GC (Allocation Failure) 2020-10-29T13:18:41.376+0000: [ParNew: 16388K->4K(18432K), 0.0043111 secs] 481084K->472892K(740128K), 0.0043642 secs] [Times: user=0.01 sys=0.00, real=0.00 secs] 
2020-10-29T13:18:41.399+0000: [GC (Allocation Failure) 2020-10-29T13:18:41.399+0000: [ParNew: 16388K->4K(18432K), 0.0033204 secs] 489276K->472892K(740128K), 0.0033864 secs] [Times: user=0.01 sys=0.00, real=0.00 secs] 
2020-10-29T13:18:41.417+0000: [GC (Allocation Failure) 2020-10-29T13:18:41.417+0000: [ParNew: 16388K->4K(18432K), 0.0034555 secs] 489276K->472892K(740128K), 0.0035228 secs] [Times: user=0.01 sys=0.00, real=0.00 secs] 
2020-10-29T13:18:41.436+0000: [GC (Allocation Failure) 2020-10-29T13:18:41.436+0000: [ParNew: 16388K->4K(18432K), 0.0033195 secs] 489276K->472892K(740128K), 0.0033829 secs] [Times: user=0.00 sys=0.00, real=0.00 secs] 
2020-10-29T13:18:41.455+0000: [GC (Allocation Failure) 2020-10-29T13:18:41.455+0000: [ParNew: 16388K->4K(18432K), 0.0028973 secs] 489276K->472892K(740128K), 0.0029555 secs] [Times: user=0.01 sys=0.00, real=0.00 secs] 
2020-10-29T13:18:41.477+0000: [GC (Allocation Failure) 2020-10-29T13:18:41.477+0000: [ParNew: 16388K->4K(18432K), 0.0031382 secs] 489276K->472892K(740128K), 0.0032009 secs] [Times: user=0.01 sys=0.00, real=0.00 secs] 
2020-10-29T13:18:41.499+0000: [GC (Allocation Failure) 2020-10-29T13:18:41.499+0000: [ParNew: 16388K->4K(18432K), 0.0031263 secs] 489276K->472892K(740128K), 0.0031900 secs] [Times: user=0.00 sys=0.00, real=0.00 secs] 
2020-10-29T13:18:41.519+0000: [GC (Allocation Failure) 2020-10-29T13:18:41.519+0000: [ParNew: 16017K->4K(18432K), 0.0031329 secs] 488906K->472892K(740128K), 0.0031900 secs] [Times: user=0.01 sys=0.00, real=0.00 secs] 
2020-10-29T13:18:41.534+0000: [GC (Allocation Failure) 2020-10-29T13:18:41.534+0000: [ParNew: 16388K->4K(18432K), 0.0044028 secs] 489276K->481084K(740128K), 0.0044687 secs] [Times: user=0.01 sys=0.00, real=0.01 secs] 
2020-10-29T13:18:41.555+0000: [GC (Allocation Failure) 2020-10-29T13:18:41.555+0000: [ParNew: 16388K->4K(18432K), 0.0033365 secs] 497468K->481084K(740128K), 0.0034043 secs] [Times: user=0.01 sys=0.00, real=0.00 secs] 
2020-10-29T13:18:41.577+0000: [GC (Allocation Failure) 2020-10-29T13:18:41.577+0000: [ParNew: 16388K->4K(18432K), 0.0032046 secs] 497468K->481084K(740128K), 0.0032634 secs] [Times: user=0.00 sys=0.00, real=0.00 secs] 
2020-10-29T13:18:41.596+0000: [GC (Allocation Failure) 2020-10-29T13:18:41.596+0000: [ParNew: 16388K->4K(18432K), 0.0031720 secs] 497468K->481084K(740128K), 0.0032302 secs] [Times: user=0.01 sys=0.00, real=0.00 secs] 
2020-10-29T13:18:41.614+0000: [GC (Allocation Failure) 2020-10-29T13:18:41.614+0000: [ParNew: 16388K->4K(18432K), 0.0034669 secs] 497468K->481084K(740128K), 0.0035327 secs] [Times: user=0.00 sys=0.00, real=0.01 secs] 
2020-10-29T13:18:41.633+0000: [GC (Allocation Failure) 2020-10-29T13:18:41.633+0000: [ParNew: 16388K->4K(18432K), 0.0033037 secs] 497468K->481084K(740128K), 0.0033688 secs] [Times: user=0.01 sys=0.00, real=0.01 secs] 
2020-10-29T13:18:41.652+0000: [GC (Allocation Failure) 2020-10-29T13:18:41.652+0000: [ParNew: 16388K->4K(18432K), 0.0032818 secs] 497468K->481084K(740128K), 0.0033474 secs] [Times: user=0.00 sys=0.00, real=0.01 secs] 
2020-10-29T13:18:41.670+0000: [GC (Allocation Failure) 2020-10-29T13:18:41.670+0000: [ParNew: 16388K->4K(18432K), 0.0032022 secs] 497468K->481084K(740128K), 0.0032695 secs] [Times: user=0.01 sys=0.00, real=0.00 secs] 
2020-10-29T13:18:41.691+0000: [GC (Allocation Failure) 2020-10-29T13:18:41.691+0000: [ParNew: 16388K->4K(18432K), 0.0033224 secs] 497468K->481084K(740128K), 0.0033889 secs] [Times: user=0.00 sys=0.00, real=0.00 secs] 
2020-10-29T13:18:41.711+0000: [GC (Allocation Failure) 2020-10-29T13:18:41.711+0000: [ParNew: 16388K->4K(18432K), 0.0034330 secs] 497468K->481084K(740128K), 0.0035027 secs] [Times: user=0.01 sys=0.00, real=0.00 secs] 
2020-10-29T13:18:41.730+0000: [GC (Allocation Failure) 2020-10-29T13:18:41.730+0000: [ParNew: 16388K->4K(18432K), 0.0033489 secs] 497468K->481084K(740128K), 0.0034324 secs] [Times: user=0.01 sys=0.00, real=0.00 secs] 
2020-10-29T13:18:41.751+0000: [GC (Allocation Failure) 2020-10-29T13:18:41.751+0000: [ParNew: 16388K->4K(18432K), 0.0032902 secs] 497468K->481084K(740128K), 0.0033551 secs] [Times: user=0.01 sys=0.00, real=0.00 secs] 
2020-10-29T13:18:41.771+0000: [GC (Allocation Failure) 2020-10-29T13:18:41.771+0000: [ParNew: 16388K->4K(18432K), 0.0031748 secs] 497468K->481084K(740128K), 0.0032366 secs] [Times: user=0.01 sys=0.00, real=0.00 secs] 
2020-10-29T13:18:41.789+0000: [GC (Allocation Failure) 2020-10-29T13:18:41.789+0000: [ParNew: 16388K->4K(18432K), 0.0033010 secs] 497468K->481084K(740128K), 0.0033649 secs] [Times: user=0.00 sys=0.00, real=0.00 secs] 
2020-10-29T13:18:41.808+0000: [GC (Allocation Failure) 2020-10-29T13:18:41.808+0000: [ParNew: 16388K->4K(18432K), 0.0033322 secs] 497468K->481084K(740128K), 0.0033964 secs] [Times: user=0.01 sys=0.00, real=0.00 secs] 
2020-10-29T13:18:41.827+0000: [GC (Allocation Failure) 2020-10-29T13:18:41.827+0000: [ParNew: 16388K->4K(18432K), 0.0032851 secs] 497468K->481084K(740128K), 0.0033484 secs] [Times: user=0.01 sys=0.00, real=0.01 secs] 
2020-10-29T13:18:41.847+0000: [GC (Allocation Failure) 2020-10-29T13:18:41.847+0000: [ParNew: 16388K->4K(18432K), 0.0030199 secs] 497468K->481084K(740128K), 0.0030781 secs] [Times: user=0.01 sys=0.00, real=0.00 secs] 
2020-10-29T13:18:41.867+0000: [GC (Allocation Failure) 2020-10-29T13:18:41.867+0000: [ParNew: 16388K->4K(18432K), 0.0033451 secs] 497468K->481084K(740128K), 0.0034196 secs] [Times: user=0.01 sys=0.00, real=0.00 secs] 
2020-10-29T13:18:41.883+0000: [GC (Allocation Failure) 2020-10-29T13:18:41.883+0000: [ParNew: 16388K->4K(18432K), 0.0047542 secs] 497468K->489276K(740128K), 0.0048220 secs] [Times: user=0.01 sys=0.00, real=0.01 secs] 
2020-10-29T13:18:41.903+0000: [GC (Allocation Failure) 2020-10-29T13:18:41.903+0000: [ParNew: 16388K->4K(18432K), 0.0034097 secs] 505660K->489276K(740128K), 0.0034783 secs] [Times: user=0.00 sys=0.00, real=0.00 secs] 
2020-10-29T13:18:41.923+0000: [GC (Allocation Failure) 2020-10-29T13:18:41.923+0000: [ParNew: 16388K->4K(18432K), 0.0033486 secs] 505660K->489276K(740128K), 0.0034173 secs] [Times: user=0.01 sys=0.00, real=0.00 secs] 
2020-10-29T13:18:41.941+0000: [GC (Allocation Failure) 2020-10-29T13:18:41.942+0000: [ParNew: 16388K->4K(18432K), 0.0033404 secs] 505660K->489276K(740128K), 0.0034076 secs] [Times: user=0.00 sys=0.00, real=0.00 secs] 
2020-10-29T13:18:41.960+0000: [GC (Allocation Failure) 2020-10-29T13:18:41.960+0000: [ParNew: 16388K->4K(18432K), 0.0033645 secs] 505660K->489276K(740128K), 0.0034316 secs] [Times: user=0.01 sys=0.00, real=0.00 secs] 
2020-10-29T13:18:41.983+0000: [GC (Allocation Failure) 2020-10-29T13:18:41.983+0000: [ParNew: 16388K->4K(18432K), 0.0033041 secs] 505660K->489276K(740128K), 0.0033699 secs] [Times: user=0.01 sys=0.00, real=0.00 secs] 
2020-10-29T13:18:42.003+0000: [GC (Allocation Failure) 2020-10-29T13:18:42.003+0000: [ParNew: 16388K->4K(18432K), 0.0032164 secs] 505660K->489276K(740128K), 0.0032778 secs] [Times: user=0.00 sys=0.00, real=0.00 secs] 
2020-10-29T13:18:42.023+0000: [GC (Allocation Failure) 2020-10-29T13:18:42.023+0000: [ParNew: 16388K->4K(18432K), 0.0033022 secs] 505660K->489276K(740128K), 0.0033720 secs] [Times: user=0.01 sys=0.00, real=0.00 secs] 
2020-10-29T13:18:42.043+0000: [GC (Allocation Failure) 2020-10-29T13:18:42.043+0000: [ParNew: 16388K->4K(18432K), 0.0033244 secs] 505660K->489276K(740128K), 0.0033953 secs] [Times: user=0.00 sys=0.00, real=0.00 secs] 
2020-10-29T13:18:42.059+0000: [GC (Allocation Failure) 2020-10-29T13:18:42.059+0000: [ParNew: 16388K->4K(18432K), 0.0050516 secs] 505660K->497468K(740128K), 0.0051249 secs] [Times: user=0.01 sys=0.00, real=0.00 secs] 
2020-10-29T13:18:42.080+0000: [GC (Allocation Failure) 2020-10-29T13:18:42.080+0000: [ParNew: 16388K->4K(18432K), 0.0033610 secs] 513852K->497468K(740128K), 0.0034282 secs] [Times: user=0.01 sys=0.00, real=0.00 secs] 
2020-10-29T13:18:42.102+0000: [GC (Allocation Failure) 2020-10-29T13:18:42.102+0000: [ParNew: 16388K->4K(18432K), 0.0032828 secs] 513852K->497468K(740128K), 0.0033489 secs] [Times: user=0.01 sys=0.00, real=0.00 secs] 
2020-10-29T13:18:42.121+0000: [GC (Allocation Failure) 2020-10-29T13:18:42.121+0000: [ParNew: 16388K->4K(18432K), 0.0032224 secs] 513852K->497468K(740128K), 0.0032904 secs] [Times: user=0.00 sys=0.00, real=0.00 secs] 
2020-10-29T13:18:42.140+0000: [GC (Allocation Failure) 2020-10-29T13:18:42.140+0000: [ParNew: 16388K->4K(18432K), 0.0033023 secs] 513852K->497468K(740128K), 0.0033766 secs] [Times: user=0.01 sys=0.00, real=0.00 secs] 
2020-10-29T13:18:42.158+0000: [GC (Allocation Failure) 2020-10-29T13:18:42.158+0000: [ParNew: 16388K->4K(18432K), 0.0032423 secs] 513852K->497468K(740128K), 0.0033071 secs] [Times: user=0.01 sys=0.00, real=0.00 secs] 
2020-10-29T13:18:42.177+0000: [GC (Allocation Failure) 2020-10-29T13:18:42.177+0000: [ParNew: 16388K->4K(18432K), 0.0033762 secs] 513852K->497468K(740128K), 0.0034414 secs] [Times: user=0.00 sys=0.00, real=0.00 secs] 
2020-10-29T13:18:42.195+0000: [GC (Allocation Failure) 2020-10-29T13:18:42.196+0000: [ParNew: 16388K->4K(18432K), 0.0030945 secs] 513852K->497468K(740128K), 0.0031558 secs] [Times: user=0.01 sys=0.00, real=0.00 secs] 
2020-10-29T13:18:42.215+0000: [GC (Allocation Failure) 2020-10-29T13:18:42.215+0000: [ParNew: 16388K->4K(18432K), 0.0029985 secs] 513852K->497468K(740128K), 0.0030589 secs] [Times: user=0.00 sys=0.00, real=0.00 secs] 
2020-10-29T13:18:42.235+0000: [GC (Allocation Failure) 2020-10-29T13:18:42.235+0000: [ParNew: 16388K->4K(18432K), 0.0031903 secs] 513852K->497468K(740128K), 0.0032535 secs] [Times: user=0.01 sys=0.00, real=0.00 secs] 
2020-10-29T13:18:42.255+0000: [GC (Allocation Failure) 2020-10-29T13:18:42.255+0000: [ParNew: 16388K->4K(18432K), 0.0027915 secs] 513852K->497468K(740128K), 0.0028464 secs] [Times: user=0.00 sys=0.00, real=0.00 secs] 
2020-10-29T13:18:42.275+0000: [GC (Allocation Failure) 2020-10-29T13:18:42.275+0000: [ParNew: 16388K->4K(18432K), 0.0028771 secs] 513852K->497468K(740128K), 0.0029403 secs] [Times: user=0.00 sys=0.00, real=0.00 secs] 
2020-10-29T13:18:42.293+0000: [GC (Allocation Failure) 2020-10-29T13:18:42.293+0000: [ParNew: 16388K->4K(18432K), 0.0030304 secs] 513852K->497468K(740128K), 0.0030903 secs] [Times: user=0.01 sys=0.00, real=0.01 secs] 
2020-10-29T13:18:42.315+0000: [GC (Allocation Failure) 2020-10-29T13:18:42.315+0000: [ParNew: 16388K->4K(18432K), 0.0030919 secs] 513852K->497468K(740128K), 0.0031537 secs] [Times: user=0.00 sys=0.00, real=0.00 secs] 
2020-10-29T13:18:42.335+0000: [GC (Allocation Failure) 2020-10-29T13:18:42.335+0000: [ParNew: 16388K->4K(18432K), 0.0033095 secs] 513852K->497468K(740128K), 0.0033790 secs] [Times: user=0.00 sys=0.00, real=0.00 secs] 
2020-10-29T13:18:42.353+0000: [GC (Allocation Failure) 2020-10-29T13:18:42.353+0000: [ParNew: 16388K->4K(18432K), 0.0033464 secs] 513852K->497468K(740128K), 0.0034129 secs] [Times: user=0.01 sys=0.00, real=0.01 secs] 
2020-10-29T13:18:42.375+0000: [GC (Allocation Failure) 2020-10-29T13:18:42.375+0000: [ParNew: 16388K->4K(18432K), 0.0034350 secs] 513852K->497468K(740128K), 0.0035072 secs] [Times: user=0.00 sys=0.00, real=0.00 secs] 
2020-10-29T13:18:42.391+0000: [GC (Allocation Failure) 2020-10-29T13:18:42.391+0000: [ParNew: 16388K->4K(18432K), 0.0096879 secs] 513852K->505660K(740128K), 0.0097569 secs] [Times: user=0.01 sys=0.00, real=0.01 secs] 
2020-10-29T13:18:42.401+0000: [GC (CMS Initial Mark) [1 CMS-initial-mark: 505656K(721696K)] 505853K(740128K), 0.0017861 secs] [Times: user=0.01 sys=0.00, real=0.00 secs] 
2020-10-29T13:18:42.403+0000: [CMS-concurrent-mark-start]
2020-10-29T13:18:42.423+0000: [GC (Allocation Failure) 2020-10-29T13:18:42.423+0000: [ParNew: 16388K->4K(18432K), 0.0030477 secs] 522044K->505660K(740128K), 0.0031070 secs] [Times: user=0.00 sys=0.00, real=0.00 secs] 
2020-10-29T13:18:42.453+0000: [GC (Allocation Failure) 2020-10-29T13:18:42.453+0000: [ParNew: 16388K->4K(18432K), 0.0032062 secs] 522044K->505660K(740128K), 0.0032736 secs] [Times: user=0.00 sys=0.00, real=0.01 secs] 
2020-10-29T13:18:42.479+0000: [CMS-concurrent-mark: 0.070/0.077 secs] [Times: user=0.14 sys=0.00, real=0.08 secs] 
2020-10-29T13:18:42.480+0000: [GC (Allocation Failure) 2020-10-29T13:18:42.480+0000: [ParNew: 16388K->4K(18432K), 0.0033068 secs] 522044K->505660K(740128K), 0.0033528 secs] [Times: user=0.01 sys=0.00, real=0.00 secs] 
2020-10-29T13:18:42.483+0000: [CMS-concurrent-preclean-start]
2020-10-29T13:18:42.494+0000: [CMS-concurrent-preclean: 0.003/0.003 secs] [Times: user=0.02 sys=0.01, real=0.01 secs] 
2020-10-29T13:18:42.494+0000: [CMS-concurrent-abortable-preclean-start]
2020-10-29T13:18:42.500+0000: [GC (Allocation Failure) 2020-10-29T13:18:42.500+0000: [ParNew: 16388K->4K(18432K), 0.0029544 secs] 522044K->505660K(740128K), 0.0030114 secs] [Times: user=0.01 sys=0.00, real=0.00 secs] 
2020-10-29T13:18:42.503+0000: [CMS-concurrent-abortable-preclean: 0.002/0.009 secs] [Times: user=0.02 sys=0.00, real=0.01 secs] 
2020-10-29T13:18:42.511+0000: [GC (CMS Final Remark) [YG occupancy: 3551 K (18432 K)]2020-10-29T13:18:42.511+0000: [Rescan (parallel) , 0.0040071 secs]2020-10-29T13:18:42.515+0000: [weak refs processing, 0.0000425 secs]2020-10-29T13:18:42.515+0000: [class unloading, 0.0109178 secs]2020-10-29T13:18:42.526+0000: [scrub symbol table, 0.0110425 secs]2020-10-29T13:18:42.537+0000: [scrub string table, 0.0007469 secs][1 CMS-remark: 505656K(721696K)] 509207K(740128K), 0.0269194 secs] [Times: user=0.04 sys=0.00, real=0.03 secs] 
2020-10-29T13:18:42.547+0000: [CMS-concurrent-sweep-start]
2020-10-29T13:18:42.553+0000: [GC (Allocation Failure) 2020-10-29T13:18:42.553+0000: [ParNew: 16388K->4K(18432K), 0.0032926 secs] 522032K->505648K(740128K), 0.0033494 secs] [Times: user=0.01 sys=0.00, real=0.01 secs] 
2020-10-29T13:18:42.574+0000: [GC (Allocation Failure) 2020-10-29T13:18:42.574+0000: [ParNew: 16388K->4K(18432K), 0.0034070 secs] 522028K->505644K(740128K), 0.0034751 secs] [Times: user=0.00 sys=0.00, real=0.01 secs] 
2020-10-29T13:18:42.580+0000: [CMS-concurrent-sweep: 0.026/0.034 secs] [Times: user=0.07 sys=0.00, real=0.03 secs] 
2020-10-29T13:18:42.581+0000: [CMS-concurrent-reset-start]
2020-10-29T13:18:42.583+0000: [CMS-concurrent-reset: 0.002/0.002 secs] [Times: user=0.00 sys=0.00, real=0.00 secs] 
2020-10-29T13:18:42.599+0000: [GC (Allocation Failure) 2020-10-29T13:18:42.599+0000: [ParNew: 16388K->4K(18432K), 0.0035180 secs] 474800K->458416K(782456K), 0.0035813 secs] [Times: user=0.01 sys=0.00, real=0.00 secs] 
2020-10-29T13:18:42.619+0000: [GC (Allocation Failure) 2020-10-29T13:18:42.619+0000: [ParNew: 16388K->4K(18432K), 0.0034003 secs] 474800K->458416K(782456K), 0.0034697 secs] [Times: user=0.01 sys=0.00, real=0.00 secs] 
2020-10-29T13:18:42.639+0000: [GC (Allocation Failure) 2020-10-29T13:18:42.639+0000: [ParNew: 16388K->4K(18432K), 0.0031028 secs] 474800K->458416K(782456K), 0.0031587 secs] [Times: user=0.01 sys=0.00, real=0.00 secs] 
2020-10-29T13:18:42.652+0000: [GC (Allocation Failure) 2020-10-29T13:18:42.652+0000: [ParNew: 10597K->4K(18432K), 0.0031797 secs] 469009K->458416K(782456K), 0.0032323 secs] [Times: user=0.01 sys=0.00, real=0.01 secs] 
2020-10-29T13:18:42.667+0000: [GC (Allocation Failure) 2020-10-29T13:18:42.667+0000: [ParNew: 16388K->4K(18432K), 0.0046960 secs] 474800K->466608K(782456K), 0.0047528 secs] [Times: user=0.01 sys=0.00, real=0.00 secs] 
2020-10-29T13:18:42.687+0000: [GC (Allocation Failure) 2020-10-29T13:18:42.687+0000: [ParNew: 16388K->4K(18432K), 0.0032849 secs] 482992K->466608K(782456K), 0.0033385 secs] [Times: user=0.00 sys=0.00, real=0.00 secs] 
2020-10-29T13:18:42.706+0000: [GC (Allocation Failure) 2020-10-29T13:18:42.706+0000: [ParNew: 16388K->4K(18432K), 0.0033636 secs] 482992K->466608K(782456K), 0.0034433 secs] [Times: user=0.01 sys=0.00, real=0.01 secs] 
2020-10-29T13:18:42.724+0000: [GC (Allocation Failure) 2020-10-29T13:18:42.724+0000: [ParNew: 16388K->4K(18432K), 0.0032834 secs] 482992K->466608K(782456K), 0.0033454 secs] [Times: user=0.01 sys=0.00, real=0.01 secs] 
2020-10-29T13:18:42.743+0000: [GC (Allocation Failure) 2020-10-29T13:18:42.743+0000: [ParNew: 16388K->4K(18432K), 0.0032077 secs] 482992K->466608K(782456K), 0.0032683 secs] [Times: user=0.00 sys=0.00, real=0.00 secs] 
2020-10-29T13:18:42.763+0000: [GC (Allocation Failure) 2020-10-29T13:18:42.763+0000: [ParNew: 16388K->4K(18432K), 0.0032285 secs] 482992K->466608K(782456K), 0.0032911 secs] [Times: user=0.01 sys=0.00, real=0.00 secs] 
2020-10-29T13:18:42.781+0000: [GC (Allocation Failure) 2020-10-29T13:18:42.781+0000: [ParNew: 16388K->4K(18432K), 0.0033963 secs] 482992K->466608K(782456K), 0.0034607 secs] [Times: user=0.00 sys=0.00, real=0.00 secs] 
2020-10-29T13:18:42.800+0000: [GC (Allocation Failure) 2020-10-29T13:18:42.800+0000: [ParNew: 16388K->4K(18432K), 0.0035054 secs] 482992K->466608K(782456K), 0.0035732 secs] [Times: user=0.01 sys=0.00, real=0.00 secs] 
2020-10-29T13:18:42.819+0000: [GC (Allocation Failure) 2020-10-29T13:18:42.819+0000: [ParNew: 16388K->4K(18432K), 0.0033000 secs] 482992K->466608K(782456K), 0.0033623 secs] [Times: user=0.00 sys=0.00, real=0.00 secs] 
2020-10-29T13:18:42.839+0000: [GC (Allocation Failure) 2020-10-29T13:18:42.839+0000: [ParNew: 16388K->4K(18432K), 0.0034092 secs] 482992K->466608K(782456K), 0.0034750 secs] [Times: user=0.00 sys=0.00, real=0.00 secs] 
2020-10-29T13:18:42.874+0000: [GC (Allocation Failure) 2020-10-29T13:18:42.874+0000: [ParNew: 16388K->4K(18432K), 0.0034603 secs] 482992K->466608K(782456K), 0.0035264 secs] [Times: user=0.01 sys=0.00, real=0.01 secs] 
2020-10-29T13:18:42.911+0000: [GC (Allocation Failure) 2020-10-29T13:18:42.911+0000: [ParNew: 16388K->4K(18432K), 0.0034365 secs] 482992K->466608K(782456K), 0.0035054 secs] [Times: user=0.00 sys=0.00, real=0.00 secs] 
2020-10-29T13:18:42.943+0000: [GC (Allocation Failure) 2020-10-29T13:18:42.943+0000: [ParNew: 16388K->4K(18432K), 0.0033260 secs] 482992K->466608K(782456K), 0.0033900 secs] [Times: user=0.01 sys=0.00, real=0.01 secs] 
2020-10-29T13:18:42.979+0000: [GC (Allocation Failure) 2020-10-29T13:18:42.979+0000: [ParNew: 16388K->4K(18432K), 0.0034191 secs] 482992K->466608K(782456K), 0.0034797 secs] [Times: user=0.00 sys=0.00, real=0.00 secs] 
2020-10-29T13:18:43.015+0000: [GC (Allocation Failure) 2020-10-29T13:18:43.015+0000: [ParNew: 16388K->4K(18432K), 0.0034304 secs] 482992K->466608K(782456K), 0.0034989 secs] [Times: user=0.01 sys=0.00, real=0.00 secs] 
2020-10-29T13:18:43.051+0000: [GC (Allocation Failure) 2020-10-29T13:18:43.051+0000: [ParNew: 16388K->4K(18432K), 0.0034193 secs] 482992K->466608K(782456K), 0.0034866 secs] [Times: user=0.00 sys=0.00, real=0.00 secs] 
2020-10-29T13:18:43.087+0000: [GC (Allocation Failure) 2020-10-29T13:18:43.087+0000: [ParNew: 16388K->4K(18432K), 0.0035508 secs] 482992K->466609K(782456K), 0.0036163 secs] [Times: user=0.01 sys=0.00, real=0.00 secs] 
2020-10-29T13:18:43.271+0000: [GC (Allocation Failure) 2020-10-29T13:18:43.271+0000: [ParNew: 16388K->4K(18432K), 0.0034517 secs] 482993K->466609K(782456K), 0.0035223 secs] [Times: user=0.01 sys=0.00, real=0.00 secs] 
2020-10-29T13:18:43.839+0000: [GC (Allocation Failure) 2020-10-29T13:18:43.839+0000: [ParNew: 16388K->4K(18432K), 0.0034361 secs] 482993K->466609K(782456K), 0.0035050 secs] [Times: user=0.01 sys=0.00, real=0.00 secs] 
2020-10-29T13:18:44.942+0000: [GC (Allocation Failure) 2020-10-29T13:18:44.942+0000: [ParNew: 16388K->868K(18432K), 0.0052551 secs] 482993K->467474K(782456K), 0.0053323 secs] [Times: user=0.01 sys=0.00, real=0.01 secs] 
2020-10-29T13:18:45.193+0000: [GC (Allocation Failure) 2020-10-29T13:18:45.193+0000: [ParNew: 17252K->2048K(18432K), 0.0137810 secs] 483858K->468858K(782456K), 0.0138800 secs] [Times: user=0.02 sys=0.00, real=0.01 secs] 
2020-10-29T13:18:45.262+0000: [GC (Allocation Failure) 2020-10-29T13:18:45.263+0000: [ParNew: 18432K->1429K(18432K), 0.0190611 secs] 485242K->469903K(782456K), 0.0191615 secs] [Times: user=0.03 sys=0.00, real=0.02 secs] 
2020-10-29T13:18:45.332+0000: [GC (Allocation Failure) 2020-10-29T13:18:45.332+0000: [ParNew: 17813K->917K(18432K), 0.0074874 secs] 486287K->469392K(782456K), 0.0075832 secs] [Times: user=0.01 sys=0.00, real=0.01 secs] 
2020-10-29T13:18:45.388+0000: [GC (Allocation Failure) 2020-10-29T13:18:45.388+0000: [ParNew: 17301K->613K(18432K), 0.0074099 secs] 485776K->469088K(782456K), 0.0075034 secs] [Times: user=0.02 sys=0.00, real=0.01 secs] 
2020-10-29T13:18:45.440+0000: [GC (Allocation Failure) 2020-10-29T13:18:45.440+0000: [ParNew: 16997K->793K(18432K), 0.0066082 secs] 485472K->469268K(782456K), 0.0066795 secs] [Times: user=0.02 sys=0.00, real=0.00 secs] 
2020-10-29T13:18:45.475+0000: [GC (Allocation Failure) 2020-10-29T13:18:45.475+0000: [ParNew: 17177K->1542K(18432K), 0.0038563 secs] 485652K->470529K(782456K), 0.0039259 secs] [Times: user=0.01 sys=0.00, real=0.00 secs] 
2020-10-29T13:18:45.518+0000: [GC (Allocation Failure) 2020-10-29T13:18:45.518+0000: [ParNew: 17926K->4K(18432K), 0.0036858 secs] 486913K->469502K(782456K), 0.0037539 secs] [Times: user=0.01 sys=0.00, real=0.00 secs] 
2020-10-29T13:18:45.548+0000: [GC (Allocation Failure) 2020-10-29T13:18:45.548+0000: [ParNew: 16388K->4K(18432K), 0.0034800 secs] 485886K->469502K(782456K), 0.0035499 secs] [Times: user=0.01 sys=0.00, real=0.00 secs] 
2020-10-29T13:18:45.575+0000: [GC (Allocation Failure) 2020-10-29T13:18:45.575+0000: [ParNew: 16388K->1028K(18432K), 0.0038214 secs] 485886K->472574K(782456K), 0.0038885 secs] [Times: user=0.01 sys=0.00, real=0.00 secs] 
2020-10-29T13:18:45.603+0000: [GC (Allocation Failure) 2020-10-29T13:18:45.603+0000: [ParNew: 17412K->4K(18432K), 0.0034981 secs] 488958K->471551K(782456K), 0.0035679 secs] [Times: user=0.01 sys=0.00, real=0.00 secs] 
2020-10-29T13:18:45.630+0000: [GC (Allocation Failure) 2020-10-29T13:18:45.630+0000: [ParNew: 16388K->4K(18432K), 0.0034458 secs] 487935K->471551K(782456K), 0.0035165 secs] [Times: user=0.01 sys=0.00, real=0.00 secs] 
2020-10-29T13:18:45.656+0000: [GC (Allocation Failure) 2020-10-29T13:18:45.656+0000: [ParNew: 16388K->4K(18432K), 0.0034861 secs] 487935K->471551K(782456K), 0.0035547 secs] [Times: user=0.01 sys=0.00, real=0.00 secs] 
2020-10-29T13:18:45.684+0000: [GC (Allocation Failure) 2020-10-29T13:18:45.684+0000: [ParNew: 16388K->4K(18432K), 0.0034545 secs] 487935K->471551K(782456K), 0.0035294 secs] [Times: user=0.01 sys=0.00, real=0.01 secs] 
2020-10-29T13:18:45.707+0000: [GC (Allocation Failure) 2020-10-29T13:18:45.707+0000: [ParNew: 16388K->4K(18432K), 0.0034806 secs] 487935K->471551K(782456K), 0.0035513 secs] [Times: user=0.01 sys=0.00, real=0.00 secs] 
2020-10-29T13:18:45.731+0000: [GC (Allocation Failure) 2020-10-29T13:18:45.731+0000: [ParNew: 16388K->4K(18432K), 0.0034575 secs] 487935K->471551K(782456K), 0.0035263 secs] [Times: user=0.00 sys=0.00, real=0.00 secs] 
2020-10-29T13:18:45.755+0000: [GC (Allocation Failure) 2020-10-29T13:18:45.755+0000: [ParNew: 16388K->4K(18432K), 0.0035227 secs] 487935K->471551K(782456K), 0.0035966 secs] [Times: user=0.01 sys=0.00, real=0.00 secs] 
2020-10-29T13:18:45.773+0000: [GC (Allocation Failure) 2020-10-29T13:18:45.773+0000: [ParNew: 16388K->4K(18432K), 0.0043766 secs] 487935K->475647K(782456K), 0.0044490 secs] [Times: user=0.01 sys=0.00, real=0.01 secs] 
2020-10-29T13:18:45.795+0000: [GC (Allocation Failure) 2020-10-29T13:18:45.795+0000: [ParNew: 16388K->4K(18432K), 0.0035860 secs] 492031K->475647K(782456K), 0.0036687 secs] [Times: user=0.00 sys=0.01, real=0.01 secs] 
2020-10-29T13:18:45.816+0000: [GC (Allocation Failure) 2020-10-29T13:18:45.816+0000: [ParNew: 16388K->4K(18432K), 0.0035783 secs] 492031K->475647K(782456K), 0.0036506 secs] [Times: user=0.01 sys=0.00, real=0.00 secs] 
2020-10-29T13:18:45.839+0000: [GC (Allocation Failure) 2020-10-29T13:18:45.839+0000: [ParNew: 16388K->4K(18432K), 0.0034227 secs] 492031K->475647K(782456K), 0.0035052 secs] [Times: user=0.00 sys=0.01, real=0.00 secs] 
2020-10-29T13:18:45.866+0000: [GC (Allocation Failure) 2020-10-29T13:18:45.866+0000: [ParNew: 16388K->4K(18432K), 0.0035042 secs] 492031K->475647K(782456K), 0.0035773 secs] [Times: user=0.01 sys=0.00, real=0.01 secs] 
2020-10-29T13:18:45.895+0000: [GC (Allocation Failure) 2020-10-29T13:18:45.895+0000: [ParNew: 16388K->4K(18432K), 0.0035876 secs] 492031K->475647K(782456K), 0.0036838 secs] [Times: user=0.00 sys=0.00, real=0.00 secs] 
2020-10-29T13:18:45.926+0000: [GC (Allocation Failure) 2020-10-29T13:18:45.926+0000: [ParNew: 16388K->4K(18432K), 0.0034976 secs] 492031K->475647K(782456K), 0.0035687 secs] [Times: user=0.01 sys=0.00, real=0.01 secs] 
2020-10-29T13:18:45.955+0000: [GC (Allocation Failure) 2020-10-29T13:18:45.955+0000: [ParNew: 16388K->4K(18432K), 0.0034447 secs] 492031K->475647K(782456K), 0.0035385 secs] [Times: user=0.01 sys=0.00, real=0.00 secs] 
2020-10-29T13:18:45.980+0000: [GC (Allocation Failure) 2020-10-29T13:18:45.980+0000: [ParNew: 16388K->4K(18432K), 0.0035223 secs] 492031K->475647K(782456K), 0.0036208 secs] [Times: user=0.01 sys=0.00, real=0.00 secs] 
2020-10-29T13:18:46.007+0000: [GC (Allocation Failure) 2020-10-29T13:18:46.007+0000: [ParNew: 16388K->4K(18432K), 0.0035445 secs] 492031K->475647K(782456K), 0.0036322 secs] [Times: user=0.01 sys=0.00, real=0.00 secs] 
2020-10-29T13:18:46.035+0000: [GC (Allocation Failure) 2020-10-29T13:18:46.035+0000: [ParNew: 16388K->4K(18432K), 0.0075708 secs] 492031K->475647K(782456K), 0.0076428 secs] [Times: user=0.01 sys=0.00, real=0.00 secs] 
2020-10-29T13:18:46.077+0000: [GC (Allocation Failure) 2020-10-29T13:18:46.077+0000: [ParNew: 16388K->4K(18432K), 0.0060643 secs] 492031K->475647K(782456K), 0.0061494 secs] [Times: user=0.01 sys=0.00, real=0.00 secs] 
2020-10-29T13:18:46.111+0000: [GC (Allocation Failure) 2020-10-29T13:18:46.111+0000: [ParNew: 16381K->2K(18432K), 0.0071808 secs] 492025K->475645K(782456K), 0.0072695 secs] [Times: user=0.01 sys=0.00, real=0.01 secs] 
2020-10-29T13:18:46.144+0000: [GC (Allocation Failure) 2020-10-29T13:18:46.144+0000: [ParNew: 16386K->4K(18432K), 0.0119843 secs] 492029K->475647K(782456K), 0.0120770 secs] [Times: user=0.02 sys=0.00, real=0.02 secs] 
2020-10-29T13:18:46.183+0000: [GC (Allocation Failure) 2020-10-29T13:18:46.183+0000: [ParNew: 16388K->2K(18432K), 0.0071774 secs] 492031K->475645K(782456K), 0.0072728 secs] [Times: user=0.01 sys=0.00, real=0.01 secs] 
2020-10-29T13:18:46.222+0000: [GC (Allocation Failure) 2020-10-29T13:18:46.222+0000: [ParNew: 15056K->4K(18432K), 0.0082853 secs] 490700K->475647K(782456K), 0.0083789 secs] [Times: user=0.02 sys=0.00, real=0.01 secs] 
2020-10-29T13:18:46.247+0000: [GC (Allocation Failure) 2020-10-29T13:18:46.247+0000: [ParNew: 16388K->4K(18432K), 0.0217603 secs] 492031K->483839K(782456K), 0.0218662 secs] [Times: user=0.03 sys=0.00, real=0.02 secs] 
2020-10-29T13:18:46.295+0000: [GC (Allocation Failure) 2020-10-29T13:18:46.295+0000: [ParNew: 16388K->4K(18432K), 0.0070552 secs] 500223K->483839K(782456K), 0.0071471 secs] [Times: user=0.01 sys=0.00, real=0.00 secs] 
2020-10-29T13:18:46.323+0000: [GC (Allocation Failure) 2020-10-29T13:18:46.323+0000: [ParNew: 16388K->4K(18432K), 0.0034093 secs] 500223K->483839K(782456K), 0.0034983 secs] [Times: user=0.00 sys=0.00, real=0.00 secs] 
2020-10-29T13:18:46.356+0000: [GC (Allocation Failure) 2020-10-29T13:18:46.356+0000: [ParNew: 16388K->4K(18432K), 0.0034845 secs] 500223K->483839K(782456K), 0.0035572 secs] [Times: user=0.01 sys=0.00, real=0.00 secs] 
2020-10-29T13:18:46.377+0000: [GC (Allocation Failure) 2020-10-29T13:18:46.377+0000: [ParNew: 16388K->4K(18432K), 0.0035003 secs] 500223K->483839K(782456K), 0.0035704 secs] [Times: user=0.01 sys=0.00, real=0.00 secs] 
2020-10-29T13:18:46.398+0000: [GC (Allocation Failure) 2020-10-29T13:18:46.398+0000: [ParNew: 16388K->4K(18432K), 0.0036232 secs] 500223K->483839K(782456K), 0.0037005 secs] [Times: user=0.01 sys=0.00, real=0.00 secs] 
2020-10-29T13:18:46.422+0000: [GC (Allocation Failure) 2020-10-29T13:18:46.422+0000: [ParNew: 16388K->4K(18432K), 0.0034664 secs] 500223K->483840K(782456K), 0.0035338 secs] [Times: user=0.01 sys=0.00, real=0.00 secs] 
2020-10-29T13:18:46.442+0000: [GC (Allocation Failure) 2020-10-29T13:18:46.442+0000: [ParNew: 16388K->4K(18432K), 0.0033641 secs] 500224K->483840K(782456K), 0.0034272 secs] [Times: user=0.01 sys=0.00, real=0.00 secs] 
2020-10-29T13:18:46.463+0000: [GC (Allocation Failure) 2020-10-29T13:18:46.463+0000: [ParNew: 16388K->4K(18432K), 0.0033434 secs] 500224K->483840K(782456K), 0.0034070 secs] [Times: user=0.00 sys=0.00, real=0.00 secs] 
2020-10-29T13:18:46.481+0000: [GC (Allocation Failure) 2020-10-29T13:18:46.481+0000: [ParNew: 16388K->4K(18432K), 0.0033069 secs] 500224K->483840K(782456K), 0.0033684 secs] [Times: user=0.01 sys=0.00, real=0.00 secs] 
2020-10-29T13:18:46.499+0000: [GC (Allocation Failure) 2020-10-29T13:18:46.499+0000: [ParNew: 16388K->4K(18432K), 0.0035629 secs] 500224K->483840K(782456K), 0.0036289 secs] [Times: user=0.01 sys=0.00, real=0.00 secs] 
2020-10-29T13:18:46.519+0000: [GC (Allocation Failure) 2020-10-29T13:18:46.519+0000: [ParNew: 16388K->4K(18432K), 0.0037703 secs] 500224K->483840K(782456K), 0.0038382 secs] [Times: user=0.01 sys=0.00, real=0.00 secs] 
2020-10-29T13:18:46.538+0000: [GC (Allocation Failure) 2020-10-29T13:18:46.538+0000: [ParNew: 16388K->4K(18432K), 0.0034164 secs] 500224K->483840K(782456K), 0.0034897 secs] [Times: user=0.00 sys=0.00, real=0.00 secs] 
2020-10-29T13:18:46.556+0000: [GC (Allocation Failure) 2020-10-29T13:18:46.556+0000: [ParNew: 16388K->4K(18432K), 0.0034022 secs] 500224K->483840K(782456K), 0.0034659 secs] [Times: user=0.01 sys=0.00, real=0.00 secs] 
2020-10-29T13:18:46.575+0000: [GC (Allocation Failure) 2020-10-29T13:18:46.575+0000: [ParNew: 16388K->4K(18432K), 0.0034045 secs] 500224K->483840K(782456K), 0.0034729 secs] [Times: user=0.01 sys=0.00, real=0.00 secs] 
2020-10-29T13:18:46.593+0000: [GC (Allocation Failure) 2020-10-29T13:18:46.593+0000: [ParNew: 16388K->4K(18432K), 0.0034408 secs] 500224K->483840K(782456K), 0.0035105 secs] [Times: user=0.01 sys=0.00, real=0.01 secs] 
2020-10-29T13:18:46.612+0000: [GC (Allocation Failure) 2020-10-29T13:18:46.612+0000: [ParNew: 16388K->4K(18432K), 0.0034023 secs] 500224K->483840K(782456K), 0.0034695 secs] [Times: user=0.00 sys=0.00, real=0.01 secs] 
2020-10-29T13:18:46.631+0000: [GC (Allocation Failure) 2020-10-29T13:18:46.631+0000: [ParNew: 16388K->4K(18432K), 0.0033713 secs] 500224K->483840K(782456K), 0.0034471 secs] [Times: user=0.01 sys=0.00, real=0.00 secs] 
2020-10-29T13:18:46.649+0000: [GC (Allocation Failure) 2020-10-29T13:18:46.649+0000: [ParNew: 16388K->4K(18432K), 0.0034459 secs] 500224K->483840K(782456K), 0.0035119 secs] [Times: user=0.01 sys=0.00, real=0.00 secs] 
2020-10-29T13:18:46.671+0000: [GC (Allocation Failure) 2020-10-29T13:18:46.671+0000: [ParNew: 16388K->4K(18432K), 0.0034579 secs] 500224K->483840K(782456K), 0.0035279 secs] [Times: user=0.01 sys=0.00, real=0.00 secs] 
2020-10-29T13:18:46.691+0000: [GC (Allocation Failure) 2020-10-29T13:18:46.691+0000: [ParNew: 16388K->4K(18432K), 0.0034551 secs] 500224K->483840K(782456K), 0.0035229 secs] [Times: user=0.00 sys=0.00, real=0.00 secs] 
2020-10-29T13:18:46.709+0000: [GC (Allocation Failure) 2020-10-29T13:18:46.709+0000: [ParNew: 16388K->4K(18432K), 0.0035487 secs] 500224K->483840K(782456K), 0.0036232 secs] [Times: user=0.01 sys=0.00, real=0.00 secs] 
2020-10-29T13:18:46.728+0000: [GC (Allocation Failure) 2020-10-29T13:18:46.728+0000: [ParNew: 16388K->4K(18432K), 0.0035303 secs] 500224K->483840K(782456K), 0.0036189 secs] [Times: user=0.01 sys=0.00, real=0.00 secs] 
2020-10-29T13:18:46.751+0000: [GC (Allocation Failure) 2020-10-29T13:18:46.751+0000: [ParNew: 16388K->4K(18432K), 0.0035040 secs] 500224K->483840K(782456K), 0.0035741 secs] [Times: user=0.01 sys=0.00, real=0.00 secs] 
2020-10-29T13:18:46.771+0000: [GC (Allocation Failure) 2020-10-29T13:18:46.771+0000: [ParNew: 16388K->4K(18432K), 0.0034699 secs] 500224K->483840K(782456K), 0.0035390 secs] [Times: user=0.00 sys=0.00, real=0.00 secs] 
2020-10-29T13:18:46.789+0000: [GC (Allocation Failure) 2020-10-29T13:18:46.789+0000: [ParNew: 16388K->4K(18432K), 0.0034662 secs] 500224K->483840K(782456K), 0.0035371 secs] [Times: user=0.01 sys=0.00, real=0.00 secs] 
2020-10-29T13:18:46.811+0000: [GC (Allocation Failure) 2020-10-29T13:18:46.811+0000: [ParNew: 16388K->4K(18432K), 0.0035499 secs] 500224K->483840K(782456K), 0.0036191 secs] [Times: user=0.01 sys=0.00, real=0.00 secs] 
2020-10-29T13:18:46.831+0000: [GC (Allocation Failure) 2020-10-29T13:18:46.831+0000: [ParNew: 16388K->4K(18432K), 0.0035006 secs] 500224K->483840K(782456K), 0.0035704 secs] [Times: user=0.00 sys=0.00, real=0.00 secs] 
2020-10-29T13:18:46.849+0000: [GC (Allocation Failure) 2020-10-29T13:18:46.849+0000: [ParNew: 16388K->4K(18432K), 0.0033533 secs] 500224K->483840K(782456K), 0.0034108 secs] [Times: user=0.01 sys=0.00, real=0.00 secs] 
2020-10-29T13:18:46.868+0000: [GC (Allocation Failure) 2020-10-29T13:18:46.868+0000: [ParNew: 16388K->4K(18432K), 0.0032375 secs] 500224K->483840K(782456K), 0.0033024 secs] [Times: user=0.01 sys=0.00, real=0.00 secs] 
2020-10-29T13:18:46.886+0000: [GC (Allocation Failure) 2020-10-29T13:18:46.886+0000: [ParNew: 16388K->4K(18432K), 0.0034240 secs] 500224K->483840K(782456K), 0.0034922 secs] [Times: user=0.00 sys=0.00, real=0.01 secs] 
2020-10-29T13:18:46.906+0000: [GC (Allocation Failure) 2020-10-29T13:18:46.906+0000: [ParNew: 16388K->4K(18432K), 0.0035611 secs] 500224K->483840K(782456K), 0.0036523 secs] [Times: user=0.01 sys=0.00, real=0.01 secs] 
2020-10-29T13:18:46.925+0000: [GC (Allocation Failure) 2020-10-29T13:18:46.925+0000: [ParNew: 16388K->4K(18432K), 0.0033719 secs] 500224K->483840K(782456K), 0.0034391 secs] [Times: user=0.01 sys=0.00, real=0.01 secs] 
2020-10-29T13:18:46.947+0000: [GC (Allocation Failure) 2020-10-29T13:18:46.947+0000: [ParNew: 16388K->4K(18432K), 0.0034366 secs] 500224K->483840K(782456K), 0.0035061 secs] [Times: user=0.01 sys=0.00, real=0.00 secs] 
2020-10-29T13:18:46.965+0000: [GC (Allocation Failure) 2020-10-29T13:18:46.965+0000: [ParNew: 16388K->4K(18432K), 0.0033272 secs] 500224K->483840K(782456K), 0.0033905 secs] [Times: user=0.00 sys=0.00, real=0.01 secs] 
2020-10-29T13:18:46.984+0000: [GC (Allocation Failure) 2020-10-29T13:18:46.984+0000: [ParNew: 16388K->4K(18432K), 0.0033443 secs] 500224K->483840K(782456K), 0.0034012 secs] [Times: user=0.01 sys=0.00, real=0.01 secs] 
2020-10-29T13:18:47.002+0000: [GC (Allocation Failure) 2020-10-29T13:18:47.002+0000: [ParNew: 16388K->4K(18432K), 0.0036124 secs] 500224K->483840K(782456K), 0.0036843 secs] [Times: user=0.01 sys=0.00, real=0.00 secs] 
2020-10-29T13:18:47.021+0000: [GC (Allocation Failure) 2020-10-29T13:18:47.021+0000: [ParNew: 16388K->4K(18432K), 0.0034898 secs] 500224K->483840K(782456K), 0.0035783 secs] [Times: user=0.00 sys=0.00, real=0.00 secs] 
2020-10-29T13:18:47.040+0000: [GC (Allocation Failure) 2020-10-29T13:18:47.040+0000: [ParNew: 16388K->4K(18432K), 0.0033452 secs] 500224K->483840K(782456K), 0.0034120 secs] [Times: user=0.01 sys=0.00, real=0.00 secs] 
2020-10-29T13:18:47.059+0000: [GC (Allocation Failure) 2020-10-29T13:18:47.059+0000: [ParNew: 16388K->4K(18432K), 0.0030113 secs] 500224K->483840K(782456K), 0.0030675 secs] [Times: user=0.01 sys=0.00, real=0.00 secs] 
2020-10-29T13:18:47.077+0000: [GC (Allocation Failure) 2020-10-29T13:18:47.077+0000: [ParNew: 16388K->4K(18432K), 0.0033634 secs] 500224K->483840K(782456K), 0.0034423 secs] [Times: user=0.00 sys=0.00, real=0.00 secs] 
2020-10-29T13:18:47.099+0000: [GC (Allocation Failure) 2020-10-29T13:18:47.099+0000: [ParNew: 16388K->4K(18432K), 0.0034102 secs] 500224K->483840K(782456K), 0.0034798 secs] [Times: user=0.01 sys=0.00, real=0.00 secs] 
2020-10-29T13:18:47.125+0000: [GC (Allocation Failure) 2020-10-29T13:18:47.125+0000: [ParNew: 16388K->4K(18432K), 0.0034534 secs] 500224K->483840K(782456K), 0.0035213 secs] [Times: user=0.01 sys=0.00, real=0.01 secs] 
2020-10-29T13:18:47.144+0000: [GC (Allocation Failure) 2020-10-29T13:18:47.144+0000: [ParNew: 16388K->4K(18432K), 0.0031893 secs] 500224K->483840K(782456K), 0.0032484 secs] [Times: user=0.00 sys=0.00, real=0.01 secs] 
2020-10-29T13:18:47.162+0000: [GC (Allocation Failure) 2020-10-29T13:18:47.162+0000: [ParNew: 16388K->4K(18432K), 0.0030949 secs] 500224K->483840K(782456K), 0.0031549 secs] [Times: user=0.01 sys=0.00, real=0.00 secs] 
2020-10-29T13:18:47.181+0000: [GC (Allocation Failure) 2020-10-29T13:18:47.181+0000: [ParNew: 16388K->4K(18432K), 0.0029657 secs] 500224K->483840K(782456K), 0.0030212 secs] [Times: user=0.01 sys=0.00, real=0.00 secs] 
2020-10-29T13:18:47.199+0000: [GC (Allocation Failure) 2020-10-29T13:18:47.199+0000: [ParNew: 16388K->4K(18432K), 0.0030535 secs] 500224K->483840K(782456K), 0.0031110 secs] [Times: user=0.01 sys=0.00, real=0.00 secs] 
2020-10-29T13:18:47.219+0000: [GC (Allocation Failure) 2020-10-29T13:18:47.219+0000: [ParNew: 16388K->4K(18432K), 0.0032334 secs] 500224K->483840K(782456K), 0.0032938 secs] [Times: user=0.01 sys=0.00, real=0.00 secs] 
2020-10-29T13:18:47.239+0000: [GC (Allocation Failure) 2020-10-29T13:18:47.239+0000: [ParNew: 16384K->4K(18432K), 0.0033379 secs] 500221K->483840K(782456K), 0.0034040 secs] [Times: user=0.01 sys=0.00, real=0.00 secs] 
2020-10-29T13:18:47.259+0000: [GC (Allocation Failure) 2020-10-29T13:18:47.259+0000: [ParNew: 16388K->4K(18432K), 0.0034698 secs] 500224K->483840K(782456K), 0.0035403 secs] [Times: user=0.01 sys=0.00, real=0.00 secs] 
2020-10-29T13:18:47.278+0000: [GC (Allocation Failure) 2020-10-29T13:18:47.278+0000: [ParNew: 16388K->4K(18432K), 0.0035164 secs] 500224K->483840K(782456K), 0.0035880 secs] [Times: user=0.00 sys=0.00, real=0.00 secs] 
2020-10-29T13:18:47.296+0000: [GC (Allocation Failure) 2020-10-29T13:18:47.296+0000: [ParNew: 16388K->4K(18432K), 0.0034136 secs] 500224K->483840K(782456K), 0.0034790 secs] [Times: user=0.01 sys=0.00, real=0.00 secs] 
2020-10-29T13:18:47.315+0000: [GC (Allocation Failure) 2020-10-29T13:18:47.315+0000: [ParNew: 16388K->4K(18432K), 0.0033291 secs] 500224K->483840K(782456K), 0.0033923 secs] [Times: user=0.00 sys=0.00, real=0.00 secs] 
2020-10-29T13:18:47.333+0000: [GC (Allocation Failure) 2020-10-29T13:18:47.333+0000: [ParNew: 16388K->4K(18432K), 0.0035456 secs] 500224K->483840K(782456K), 0.0036271 secs] [Times: user=0.01 sys=0.00, real=0.01 secs] 
2020-10-29T13:18:47.352+0000: [GC (Allocation Failure) 2020-10-29T13:18:47.352+0000: [ParNew: 16388K->4K(18432K), 0.0034853 secs] 500224K->483840K(782456K), 0.0035552 secs] [Times: user=0.00 sys=0.00, real=0.01 secs] 
2020-10-29T13:18:47.371+0000: [GC (Allocation Failure) 2020-10-29T13:18:47.371+0000: [ParNew: 16388K->4K(18432K), 0.0035435 secs] 500224K->483840K(782456K), 0.0036259 secs] [Times: user=0.00 sys=0.00, real=0.00 secs] 
2020-10-29T13:18:47.391+0000: [GC (Allocation Failure) 2020-10-29T13:18:47.391+0000: [ParNew: 16388K->4K(18432K), 0.0034457 secs] 500224K->483840K(782456K), 0.0035157 secs] [Times: user=0.01 sys=0.00, real=0.00 secs] 
2020-10-29T13:18:47.409+0000: [GC (Allocation Failure) 2020-10-29T13:18:47.410+0000: [ParNew: 16388K->4K(18432K), 0.0035138 secs] 500224K->483840K(782456K), 0.0035833 secs] [Times: user=0.01 sys=0.00, real=0.00 secs] 
2020-10-29T13:18:47.431+0000: [GC (Allocation Failure) 2020-10-29T13:18:47.431+0000: [ParNew: 16388K->4K(18432K), 0.0034284 secs] 500224K->483841K(782456K), 0.0034935 secs] [Times: user=0.01 sys=0.00, real=0.00 secs] 
2020-10-29T13:18:47.449+0000: [GC (Allocation Failure) 2020-10-29T13:18:47.449+0000: [ParNew: 16388K->4K(18432K), 0.0034339 secs] 500225K->483841K(782456K), 0.0035003 secs] [Times: user=0.01 sys=0.00, real=0.00 secs] 
2020-10-29T13:18:47.471+0000: [GC (Allocation Failure) 2020-10-29T13:18:47.471+0000: [ParNew: 16388K->4K(18432K), 0.0032524 secs] 500225K->483841K(782456K), 0.0033151 secs] [Times: user=0.01 sys=0.00, real=0.00 secs] 
2020-10-29T13:18:47.491+0000: [GC (Allocation Failure) 2020-10-29T13:18:47.491+0000: [ParNew: 16388K->4K(18432K), 0.0033535 secs] 500225K->483841K(782456K), 0.0034182 secs] [Times: user=0.01 sys=0.00, real=0.00 secs] 
2020-10-29T13:18:47.509+0000: [GC (Allocation Failure) 2020-10-29T13:18:47.509+0000: [ParNew: 16388K->4K(18432K), 0.0035046 secs] 500225K->483841K(782456K), 0.0035779 secs] [Times: user=0.00 sys=0.00, real=0.00 secs] 
2020-10-29T13:18:47.531+0000: [GC (Allocation Failure) 2020-10-29T13:18:47.531+0000: [ParNew: 16388K->4K(18432K), 0.0034535 secs] 500225K->483841K(782456K), 0.0035207 secs] [Times: user=0.01 sys=0.00, real=0.00 secs] 
2020-10-29T13:18:47.551+0000: [GC (Allocation Failure) 2020-10-29T13:18:47.551+0000: [ParNew: 16388K->4K(18432K), 0.0034396 secs] 500225K->483841K(782456K), 0.0035092 secs] [Times: user=0.01 sys=0.00, real=0.00 secs] 
2020-10-29T13:18:47.569+0000: [GC (Allocation Failure) 2020-10-29T13:18:47.569+0000: [ParNew: 16388K->4K(18432K), 0.0034858 secs] 500225K->483841K(782456K), 0.0035568 secs] [Times: user=0.01 sys=0.00, real=0.00 secs] 
2020-10-29T13:18:47.591+0000: [GC (Allocation Failure) 2020-10-29T13:18:47.591+0000: [ParNew: 16388K->4K(18432K), 0.0034535 secs] 500225K->483841K(782456K), 0.0035246 secs] [Times: user=0.01 sys=0.00, real=0.00 secs] 
2020-10-29T13:18:47.614+0000: [GC (Allocation Failure) 2020-10-29T13:18:47.614+0000: [ParNew: 16388K->4K(18432K), 0.0035360 secs] 500225K->483841K(782456K), 0.0036301 secs] [Times: user=0.00 sys=0.00, real=0.01 secs] 
2020-10-29T13:18:47.634+0000: [GC (Allocation Failure) 2020-10-29T13:18:47.634+0000: [ParNew: 16388K->4K(18432K), 0.0034742 secs] 500225K->483841K(782456K), 0.0035445 secs] [Times: user=0.01 sys=0.00, real=0.01 secs] 
2020-10-29T13:18:47.653+0000: [GC (Allocation Failure) 2020-10-29T13:18:47.653+0000: [ParNew: 16388K->4K(18432K), 0.0033474 secs] 500225K->483841K(782456K), 0.0034086 secs] [Times: user=0.01 sys=0.00, real=0.01 secs] 
2020-10-29T13:18:47.671+0000: [GC (Allocation Failure) 2020-10-29T13:18:47.671+0000: [ParNew: 16388K->4K(18432K), 0.0034161 secs] 500225K->483841K(782456K), 0.0034837 secs] [Times: user=0.01 sys=0.00, real=0.01 secs] 
2020-10-29T13:18:47.691+0000: [GC (Allocation Failure) 2020-10-29T13:18:47.691+0000: [ParNew: 16388K->4K(18432K), 0.0033873 secs] 500225K->483841K(782456K), 0.0034540 secs] [Times: user=0.01 sys=0.00, real=0.00 secs] 
2020-10-29T13:18:47.714+0000: [GC (Allocation Failure) 2020-10-29T13:18:47.714+0000: [ParNew: 16388K->4K(18432K), 0.0034682 secs] 500225K->483841K(782456K), 0.0035400 secs] [Times: user=0.00 sys=0.00, real=0.01 secs] 
2020-10-29T13:18:47.735+0000: [GC (Allocation Failure) 2020-10-29T13:18:47.735+0000: [ParNew: 16388K->4K(18432K), 0.0032801 secs] 500225K->483841K(782456K), 0.0033423 secs] [Times: user=0.01 sys=0.00, real=0.00 secs] 
2020-10-29T13:18:47.755+0000: [GC (Allocation Failure) 2020-10-29T13:18:47.755+0000: [ParNew: 16388K->4K(18432K), 0.0035525 secs] 500225K->483841K(782456K), 0.0036357 secs] [Times: user=0.01 sys=0.00, real=0.00 secs] 
2020-10-29T13:18:47.775+0000: [GC (Allocation Failure) 2020-10-29T13:18:47.775+0000: [ParNew: 16388K->4K(18432K), 0.0034818 secs] 500225K->483841K(782456K), 0.0035495 secs] [Times: user=0.01 sys=0.00, real=0.00 secs] 
2020-10-29T13:18:47.793+0000: [GC (Allocation Failure) 2020-10-29T13:18:47.793+0000: [ParNew: 16388K->4K(18432K), 0.0033238 secs] 500225K->483841K(782456K), 0.0033872 secs] [Times: user=0.00 sys=0.00, real=0.01 secs] 
2020-10-29T13:18:47.813+0000: [GC (Allocation Failure) 2020-10-29T13:18:47.814+0000: [ParNew: 16388K->4K(18432K), 0.0033699 secs] 500225K->483841K(782456K), 0.0034343 secs] [Times: user=0.01 sys=0.00, real=0.01 secs] 
2020-10-29T13:18:47.832+0000: [GC (Allocation Failure) 2020-10-29T13:18:47.832+0000: [ParNew: 16388K->4K(18432K), 0.0033994 secs] 500225K->483841K(782456K), 0.0034641 secs] [Times: user=0.01 sys=0.00, real=0.01 secs] 
2020-10-29T13:18:47.850+0000: [GC (Allocation Failure) 2020-10-29T13:18:47.850+0000: [ParNew: 16388K->4K(18432K), 0.0032927 secs] 500225K->483841K(782456K), 0.0033552 secs] [Times: user=0.00 sys=0.00, real=0.00 secs] 
2020-10-29T13:18:47.869+0000: [GC (Allocation Failure) 2020-10-29T13:18:47.869+0000: [ParNew: 16388K->4K(18432K), 0.0034689 secs] 500225K->483841K(782456K), 0.0035370 secs] [Times: user=0.01 sys=0.00, real=0.00 secs] 
2020-10-29T13:18:47.891+0000: [GC (Allocation Failure) 2020-10-29T13:18:47.891+0000: [ParNew: 16388K->4K(18432K), 0.0034772 secs] 500225K->483841K(782456K), 0.0035472 secs] [Times: user=0.01 sys=0.00, real=0.00 secs] 
2020-10-29T13:18:47.910+0000: [GC (Allocation Failure) 2020-10-29T13:18:47.910+0000: [ParNew: 16388K->4K(18432K), 0.0034428 secs] 500225K->483841K(782456K), 0.0035110 secs] [Times: user=0.01 sys=0.00, real=0.00 secs] 
2020-10-29T13:18:47.928+0000: [GC (Allocation Failure) 2020-10-29T13:18:47.928+0000: [ParNew: 16388K->4K(18432K), 0.0033091 secs] 500225K->483841K(782456K), 0.0033731 secs] [Times: user=0.01 sys=0.00, real=0.00 secs] 
2020-10-29T13:18:47.946+0000: [GC (Allocation Failure) 2020-10-29T13:18:47.946+0000: [ParNew: 16388K->4K(18432K), 0.0030515 secs] 500225K->483841K(782456K), 0.0031095 secs] [Times: user=0.00 sys=0.00, real=0.01 secs] 
2020-10-29T13:18:47.964+0000: [GC (Allocation Failure) 2020-10-29T13:18:47.964+0000: [ParNew: 16388K->4K(18432K), 0.0033601 secs] 500225K->483841K(782456K), 0.0034265 secs] [Times: user=0.01 sys=0.00, real=0.01 secs] 
2020-10-29T13:18:47.987+0000: [GC (Allocation Failure) 2020-10-29T13:18:47.987+0000: [ParNew: 16388K->4K(18432K), 0.0034626 secs] 500225K->483841K(782456K), 0.0035470 secs] [Times: user=0.00 sys=0.01, real=0.01 secs] 
2020-10-29T13:18:48.005+0000: [GC (Allocation Failure) 2020-10-29T13:18:48.005+0000: [ParNew: 16388K->4K(18432K), 0.0035489 secs] 500225K->483841K(782456K), 0.0036240 secs] [Times: user=0.01 sys=0.00, real=0.01 secs] 
2020-10-29T13:18:48.027+0000: [GC (Allocation Failure) 2020-10-29T13:18:48.027+0000: [ParNew: 16388K->4K(18432K), 0.0034374 secs] 500225K->483841K(782456K), 0.0035057 secs] [Times: user=0.01 sys=0.00, real=0.00 secs] 
2020-10-29T13:18:48.047+0000: [GC (Allocation Failure) 2020-10-29T13:18:48.047+0000: [ParNew: 16388K->4K(18432K), 0.0035254 secs] 500225K->483841K(782456K), 0.0035995 secs] [Times: user=0.00 sys=0.00, real=0.00 secs] 
2020-10-29T13:18:48.065+0000: [GC (Allocation Failure) 2020-10-29T13:18:48.065+0000: [ParNew: 16388K->4K(18432K), 0.0034612 secs] 500225K->483841K(782456K), 0.0035342 secs] [Times: user=0.01 sys=0.00, real=0.01 secs] 
2020-10-29T13:18:48.085+0000: [GC (Allocation Failure) 2020-10-29T13:18:48.085+0000: [ParNew: 16388K->4K(18432K), 0.0034977 secs] 500225K->483841K(782456K), 0.0035698 secs] [Times: user=0.01 sys=0.00, real=0.01 secs] 
2020-10-29T13:18:48.107+0000: [GC (Allocation Failure) 2020-10-29T13:18:48.107+0000: [ParNew: 16388K->4K(18432K), 0.0035448 secs] 516609K->500225K(782456K), 0.0036166 secs] [Times: user=0.01 sys=0.00, real=0.00 secs] 
2020-10-29T13:18:48.128+0000: [GC (Allocation Failure) 2020-10-29T13:18:48.128+0000: [ParNew: 16388K->4K(18432K), 0.0035075 secs] 532993K->516609K(782456K), 0.0035775 secs] [Times: user=0.00 sys=0.00, real=0.00 secs] 
2020-10-29T13:18:48.147+0000: [GC (Allocation Failure) 2020-10-29T13:18:48.147+0000: [ParNew: 16388K->4K(18432K), 0.0032044 secs] 532993K->516609K(782456K), 0.0032804 secs] [Times: user=0.01 sys=0.00, real=0.01 secs] 
2020-10-29T13:18:48.165+0000: [GC (Allocation Failure) 2020-10-29T13:18:48.165+0000: [ParNew: 16388K->4K(18432K), 0.0031497 secs] 532993K->516609K(782456K), 0.0032086 secs] [Times: user=0.01 sys=0.00, real=0.01 secs] 
2020-10-29T13:18:48.183+0000: [GC (Allocation Failure) 2020-10-29T13:18:48.183+0000: [ParNew: 16388K->4K(18432K), 0.0032145 secs] 532993K->516609K(782456K), 0.0032761 secs] [Times: user=0.01 sys=0.00, real=0.00 secs] 
2020-10-29T13:18:48.203+0000: [GC (Allocation Failure) 2020-10-29T13:18:48.203+0000: [ParNew: 16388K->4K(18432K), 0.0031958 secs] 532993K->516609K(782456K), 0.0032548 secs] [Times: user=0.00 sys=0.00, real=0.00 secs] 
2020-10-29T13:18:48.223+0000: [GC (Allocation Failure) 2020-10-29T13:18:48.223+0000: [ParNew: 16388K->4K(18432K), 0.0030587 secs] 532993K->516609K(782456K), 0.0031114 secs] [Times: user=0.01 sys=0.00, real=0.00 secs] 
2020-10-29T13:18:48.241+0000: [GC (Allocation Failure) 2020-10-29T13:18:48.241+0000: [ParNew: 16388K->4K(18432K), 0.0030175 secs] 532993K->516609K(782456K), 0.0030694 secs] [Times: user=0.01 sys=0.00, real=0.00 secs] 
2020-10-29T13:18:48.259+0000: [GC (Allocation Failure) 2020-10-29T13:18:48.259+0000: [ParNew: 16388K->4K(18432K), 0.0033405 secs] 532993K->516609K(782456K), 0.0034192 secs] [Times: user=0.01 sys=0.00, real=0.00 secs] 
2020-10-29T13:18:48.279+0000: [GC (Allocation Failure) 2020-10-29T13:18:48.279+0000: [ParNew: 16388K->4K(18432K), 0.0032086 secs] 532993K->516609K(782456K), 0.0032690 secs] [Times: user=0.01 sys=0.00, real=0.00 secs] 
2020-10-29T13:18:48.297+0000: [GC (Allocation Failure) 2020-10-29T13:18:48.297+0000: [ParNew: 16388K->4K(18432K), 0.0031951 secs] 532993K->516609K(782456K), 0.0032575 secs] [Times: user=0.00 sys=0.00, real=0.00 secs] 
2020-10-29T13:18:48.319+0000: [GC (Allocation Failure) 2020-10-29T13:18:48.319+0000: [ParNew: 16388K->4K(18432K), 0.0033987 secs] 532993K->516609K(782456K), 0.0034660 secs] [Times: user=0.01 sys=0.00, real=0.00 secs] 
2020-10-29T13:18:48.337+0000: [GC (Allocation Failure) 2020-10-29T13:18:48.337+0000: [ParNew: 16280K->4K(18432K), 0.0033003 secs] 532885K->516609K(782456K), 0.0033647 secs] [Times: user=0.01 sys=0.00, real=0.00 secs] 
2020-10-29T13:18:48.359+0000: [GC (Allocation Failure) 2020-10-29T13:18:48.359+0000: [ParNew: 16388K->4K(18432K), 0.0032912 secs] 532993K->516609K(782456K), 0.0033562 secs] [Times: user=0.01 sys=0.00, real=0.00 secs] 
2020-10-29T13:18:48.377+0000: [GC (Allocation Failure) 2020-10-29T13:18:48.377+0000: [ParNew: 16388K->4K(18432K), 0.0030734 secs] 532993K->516609K(782456K), 0.0031305 secs] [Times: user=0.01 sys=0.00, real=0.00 secs] 
2020-10-29T13:18:48.395+0000: [GC (Allocation Failure) 2020-10-29T13:18:48.395+0000: [ParNew: 16388K->4K(18432K), 0.0033165 secs] 532993K->516609K(782456K), 0.0033815 secs] [Times: user=0.01 sys=0.00, real=0.00 secs] 
2020-10-29T13:18:48.413+0000: [GC (Allocation Failure) 2020-10-29T13:18:48.413+0000: [ParNew: 16388K->4K(18432K), 0.0034092 secs] 532993K->516609K(782456K), 0.0034770 secs] [Times: user=0.00 sys=0.00, real=0.01 secs] 
2020-10-29T13:18:48.435+0000: [GC (Allocation Failure) 2020-10-29T13:18:48.435+0000: [ParNew: 16388K->4K(18432K), 0.0031262 secs] 532993K->516609K(782456K), 0.0031842 secs] [Times: user=0.00 sys=0.00, real=0.00 secs] 
2020-10-29T13:18:48.453+0000: [GC (Allocation Failure) 2020-10-29T13:18:48.453+0000: [ParNew: 16388K->4K(18432K), 0.0028801 secs] 532993K->516609K(782456K), 0.0029364 secs] [Times: user=0.00 sys=0.00, real=0.01 secs] 
2020-10-29T13:18:48.471+0000: [GC (Allocation Failure) 2020-10-29T13:18:48.471+0000: [ParNew: 16388K->4K(18432K), 0.0028840 secs] 532993K->516609K(782456K), 0.0029500 secs] [Times: user=0.01 sys=0.00, real=0.00 secs] 
2020-10-29T13:18:48.488+0000: [GC (Allocation Failure) 2020-10-29T13:18:48.488+0000: [ParNew: 16388K->4K(18432K), 0.0027597 secs] 532993K->516609K(782456K), 0.0028083 secs] [Times: user=0.00 sys=0.00, real=0.00 secs] 
2020-10-29T13:18:48.506+0000: [GC (Allocation Failure) 2020-10-29T13:18:48.506+0000: [ParNew: 16388K->4K(18432K), 0.0030981 secs] 532993K->516609K(782456K), 0.0031606 secs] [Times: user=0.01 sys=0.00, real=0.01 secs] 
2020-10-29T13:18:48.528+0000: [GC (Allocation Failure) 2020-10-29T13:18:48.528+0000: [ParNew: 16388K->4K(18432K), 0.0035254 secs] 532993K->516609K(782456K), 0.0035950 secs] [Times: user=0.00 sys=0.00, real=0.00 secs] 
2020-10-29T13:18:48.551+0000: [GC (Allocation Failure) 2020-10-29T13:18:48.551+0000: [ParNew: 16388K->4K(18432K), 0.0034923 secs] 532993K->516609K(782456K), 0.0035596 secs] [Times: user=0.01 sys=0.00, real=0.00 secs] 
2020-10-29T13:18:48.571+0000: [GC (Allocation Failure) 2020-10-29T13:18:48.571+0000: [ParNew: 16388K->4K(18432K), 0.0035485 secs] 532993K->516609K(782456K), 0.0036184 secs] [Times: user=0.00 sys=0.00, real=0.00 secs] 
2020-10-29T13:18:48.590+0000: [GC (Allocation Failure) 2020-10-29T13:18:48.590+0000: [ParNew: 16388K->4K(18432K), 0.0035143 secs] 532993K->516609K(782456K), 0.0035829 secs] [Times: user=0.01 sys=0.00, real=0.00 secs] 
2020-10-29T13:18:48.610+0000: [GC (Allocation Failure) 2020-10-29T13:18:48.610+0000: [ParNew: 16388K->4K(18432K), 0.0035531 secs] 532993K->516609K(782456K), 0.0036390 secs] [Times: user=0.01 sys=0.00, real=0.00 secs] 
2020-10-29T13:18:48.631+0000: [GC (Allocation Failure) 2020-10-29T13:18:48.631+0000: [ParNew: 16388K->4K(18432K), 0.0034342 secs] 532993K->516609K(782456K), 0.0035049 secs] [Times: user=0.01 sys=0.00, real=0.00 secs] 
2020-10-29T13:18:48.649+0000: [GC (Allocation Failure) 2020-10-29T13:18:48.649+0000: [ParNew: 16388K->4K(18432K), 0.0034544 secs] 532993K->516609K(782456K), 0.0035220 secs] [Times: user=0.01 sys=0.00, real=0.00 secs] 
2020-10-29T13:18:48.671+0000: [GC (Allocation Failure) 2020-10-29T13:18:48.671+0000: [ParNew: 16388K->4K(18432K), 0.0034177 secs] 532993K->516609K(782456K), 0.0034856 secs] [Times: user=0.01 sys=0.00, real=0.00 secs] 
2020-10-29T13:18:48.689+0000: [GC (Allocation Failure) 2020-10-29T13:18:48.689+0000: [ParNew: 16388K->4K(18432K), 0.0034103 secs] 532993K->516609K(782456K), 0.0034801 secs] [Times: user=0.01 sys=0.00, real=0.00 secs] 
2020-10-29T13:18:48.708+0000: [GC (Allocation Failure) 2020-10-29T13:18:48.708+0000: [ParNew: 16388K->4K(18432K), 0.0034271 secs] 532993K->516609K(782456K), 0.0034943 secs] [Times: user=0.00 sys=0.00, real=0.00 secs] 
2020-10-29T13:18:48.726+0000: [GC (Allocation Failure) 2020-10-29T13:18:48.726+0000: [ParNew: 16388K->4K(18432K), 0.0033524 secs] 532993K->516609K(782456K), 0.0034176 secs] [Times: user=0.01 sys=0.00, real=0.01 secs] 
2020-10-29T13:18:48.745+0000: [GC (Allocation Failure) 2020-10-29T13:18:48.745+0000: [ParNew: 16388K->4K(18432K), 0.0035848 secs] 532993K->516609K(782456K), 0.0036585 secs] [Times: user=0.01 sys=0.00, real=0.01 secs] 
2020-10-29T13:18:48.767+0000: [GC (Allocation Failure) 2020-10-29T13:18:48.767+0000: [ParNew: 16388K->4K(18432K), 0.0034801 secs] 532993K->516609K(782456K), 0.0035516 secs] [Times: user=0.01 sys=0.00, real=0.00 secs] 
2020-10-29T13:18:48.785+0000: [GC (Allocation Failure) 2020-10-29T13:18:48.785+0000: [ParNew: 16388K->4K(18432K), 0.0033786 secs] 532993K->516609K(782456K), 0.0034440 secs] [Times: user=0.01 sys=0.00, real=0.01 secs] 
2020-10-29T13:18:48.807+0000: [GC (Allocation Failure) 2020-10-29T13:18:48.807+0000: [ParNew: 16388K->4K(18432K), 0.0035123 secs] 532993K->516609K(782456K), 0.0035801 secs] [Times: user=0.01 sys=0.00, real=0.00 secs] 
2020-10-29T13:18:48.825+0000: [GC (Allocation Failure) 2020-10-29T13:18:48.826+0000: [ParNew: 16388K->4K(18432K), 0.0035267 secs] 532993K->516609K(782456K), 0.0036124 secs] [Times: user=0.00 sys=0.00, real=0.01 secs] 
2020-10-29T13:18:48.844+0000: [GC (Allocation Failure) 2020-10-29T13:18:48.844+0000: [ParNew: 16388K->4K(18432K), 0.0033654 secs] 532993K->516609K(782456K), 0.0034304 secs] [Times: user=0.01 sys=0.00, real=0.01 secs] 
2020-10-29T13:18:48.863+0000: [GC (Allocation Failure) 2020-10-29T13:18:48.863+0000: [ParNew: 16388K->4K(18432K), 0.0034062 secs] 532993K->516609K(782456K), 0.0034836 secs] [Times: user=0.00 sys=0.00, real=0.00 secs] 
2020-10-29T13:18:48.881+0000: [GC (Allocation Failure) 2020-10-29T13:18:48.881+0000: [ParNew: 16388K->4K(18432K), 0.0034410 secs] 532993K->516609K(782456K), 0.0035110 secs] [Times: user=0.01 sys=0.00, real=0.00 secs] 
2020-10-29T13:18:48.900+0000: [GC (Allocation Failure) 2020-10-29T13:18:48.900+0000: [ParNew: 16388K->4K(18432K), 0.0034770 secs] 532993K->516609K(782456K), 0.0035456 secs] [Times: user=0.01 sys=0.00, real=0.00 secs] 
2020-10-29T13:18:48.919+0000: [GC (Allocation Failure) 2020-10-29T13:18:48.919+0000: [ParNew: 16388K->4K(18432K), 0.0034305 secs] 532993K->516609K(782456K), 0.0034980 secs] [Times: user=0.01 sys=0.00, real=0.00 secs] 
2020-10-29T13:18:48.937+0000: [GC (Allocation Failure) 2020-10-29T13:18:48.937+0000: [ParNew: 16388K->4K(18432K), 0.0034976 secs] 532993K->516609K(782456K), 0.0035681 secs] [Times: user=0.01 sys=0.00, real=0.00 secs] 
2020-10-29T13:18:48.959+0000: [GC (Allocation Failure) 2020-10-29T13:18:48.959+0000: [ParNew: 16388K->4K(18432K), 0.0034461 secs] 532993K->516609K(782456K), 0.0035155 secs] [Times: user=0.01 sys=0.00, real=0.00 secs] 
2020-10-29T13:18:48.978+0000: [GC (Allocation Failure) 2020-10-29T13:18:48.978+0000: [ParNew: 16388K->4K(18432K), 0.0034618 secs] 532993K->516609K(782456K), 0.0035182 secs] [Times: user=0.00 sys=0.00, real=0.00 secs] 
2020-10-29T13:18:48.997+0000: [GC (Allocation Failure) 2020-10-29T13:18:48.997+0000: [ParNew: 16388K->4K(18432K), 0.0035499 secs] 532993K->516609K(782456K), 0.0036217 secs] [Times: user=0.00 sys=0.00, real=0.00 secs] 
2020-10-29T13:18:49.015+0000: [GC (Allocation Failure) 2020-10-29T13:18:49.015+0000: [ParNew: 16388K->4K(18432K), 0.0035579 secs] 532993K->516609K(782456K), 0.0036273 secs] [Times: user=0.01 sys=0.00, real=0.00 secs] 
2020-10-29T13:18:49.035+0000: [GC (Allocation Failure) 2020-10-29T13:18:49.035+0000: [ParNew: 16388K->4K(18432K), 0.0034313 secs] 532993K->516610K(782456K), 0.0034997 secs] [Times: user=0.01 sys=0.00, real=0.00 secs] 
2020-10-29T13:18:49.053+0000: [GC (Allocation Failure) 2020-10-29T13:18:49.053+0000: [ParNew: 16388K->4K(18432K), 0.0032674 secs] 532994K->516610K(782456K), 0.0033310 secs] [Times: user=0.01 sys=0.00, real=0.01 secs] 
2020-10-29T13:18:49.071+0000: [GC (Allocation Failure) 2020-10-29T13:18:49.071+0000: [ParNew: 16388K->4K(18432K), 0.0035055 secs] 532994K->516610K(782456K), 0.0035771 secs] [Times: user=0.01 sys=0.00, real=0.01 secs] 
2020-10-29T13:18:49.091+0000: [GC (Allocation Failure) 2020-10-29T13:18:49.091+0000: [ParNew: 16388K->4K(18432K), 0.0034945 secs] 532994K->516610K(782456K), 0.0035639 secs] [Times: user=0.00 sys=0.00, real=0.00 secs] 
2020-10-29T13:18:49.111+0000: [GC (Allocation Failure) 2020-10-29T13:18:49.111+0000: [ParNew: 16388K->4K(18432K), 0.0034494 secs] 532994K->516610K(782456K), 0.0035205 secs] [Times: user=0.01 sys=0.00, real=0.00 secs] 
2020-10-29T13:18:49.131+0000: [GC (Allocation Failure) 2020-10-29T13:18:49.131+0000: [ParNew: 16388K->4K(18432K), 0.0034603 secs] 532994K->516610K(782456K), 0.0035309 secs] [Times: user=0.01 sys=0.00, real=0.00 secs] 
2020-10-29T13:18:49.149+0000: [GC (Allocation Failure) 2020-10-29T13:18:49.149+0000: [ParNew: 16388K->4K(18432K), 0.0034668 secs] 532994K->516610K(782456K), 0.0035374 secs] [Times: user=0.01 sys=0.00, real=0.00 secs] 
2020-10-29T13:18:49.168+0000: [GC (Allocation Failure) 2020-10-29T13:18:49.168+0000: [ParNew: 16388K->4K(18432K), 0.0034509 secs] 532994K->516610K(782456K), 0.0035159 secs] [Times: user=0.00 sys=0.00, real=0.00 secs] 
2020-10-29T13:18:49.190+0000: [GC (Allocation Failure) 2020-10-29T13:18:49.190+0000: [ParNew: 16388K->4K(18432K), 0.0033150 secs] 532994K->516610K(782456K), 0.0033777 secs] [Times: user=0.00 sys=0.00, real=0.00 secs] 
2020-10-29T13:18:49.212+0000: [GC (Allocation Failure) 2020-10-29T13:18:49.213+0000: [ParNew: 16388K->4K(18432K), 0.0034857 secs] 532994K->516610K(782456K), 0.0035634 secs] [Times: user=0.01 sys=0.00, real=0.01 secs] 
2020-10-29T13:18:49.231+0000: [GC (Allocation Failure) 2020-10-29T13:18:49.231+0000: [ParNew: 16388K->4K(18432K), 0.0034534 secs] 532994K->516610K(782456K), 0.0035170 secs] [Times: user=0.01 sys=0.00, real=0.00 secs] 
2020-10-29T13:18:49.249+0000: [GC (Allocation Failure) 2020-10-29T13:18:49.250+0000: [ParNew: 16388K->4K(18432K), 0.0034982 secs] 532994K->516610K(782456K), 0.0035704 secs] [Times: user=0.00 sys=0.00, real=0.00 secs] 
2020-10-29T13:18:49.271+0000: [GC (Allocation Failure) 2020-10-29T13:18:49.271+0000: [ParNew: 16388K->4K(18432K), 0.0035121 secs] 532994K->516610K(782456K), 0.0035863 secs] [Times: user=0.01 sys=0.00, real=0.00 secs] 
2020-10-29T13:18:49.293+0000: [GC (Allocation Failure) 2020-10-29T13:18:49.293+0000: [ParNew: 16388K->4K(18432K), 0.0037259 secs] 532994K->516610K(782456K), 0.0037994 secs] [Times: user=0.00 sys=0.00, real=0.01 secs] 
2020-10-29T13:18:49.312+0000: [GC (Allocation Failure) 2020-10-29T13:18:49.312+0000: [ParNew: 16388K->4K(18432K), 0.0035438 secs] 532994K->516610K(782456K), 0.0036162 secs] [Times: user=0.01 sys=0.00, real=0.01 secs] 
2020-10-29T13:18:49.335+0000: [GC (Allocation Failure) 2020-10-29T13:18:49.335+0000: [ParNew: 16388K->4K(18432K), 0.0033539 secs] 532994K->516610K(782456K), 0.0034164 secs] [Times: user=0.00 sys=0.00, real=0.01 secs] 
2020-10-29T13:18:49.353+0000: [GC (Allocation Failure) 2020-10-29T13:18:49.353+0000: [ParNew: 16388K->4K(18432K), 0.0034265 secs] 532994K->516610K(782456K), 0.0034944 secs] [Times: user=0.01 sys=0.00, real=0.01 secs] 
2020-10-29T13:18:49.375+0000: [GC (Allocation Failure) 2020-10-29T13:18:49.375+0000: [ParNew: 16388K->4K(18432K), 0.0034143 secs] 532994K->516610K(782456K), 0.0034835 secs] [Times: user=0.01 sys=0.00, real=0.00 secs] 
2020-10-29T13:18:49.393+0000: [GC (Allocation Failure) 2020-10-29T13:18:49.393+0000: [ParNew: 16388K->4K(18432K), 0.0032971 secs] 532994K->516610K(782456K), 0.0033618 secs] [Times: user=0.01 sys=0.00, real=0.01 secs] 
2020-10-29T13:18:49.415+0000: [GC (Allocation Failure) 2020-10-29T13:18:49.415+0000: [ParNew: 16388K->4K(18432K), 0.0034289 secs] 532994K->516610K(782456K), 0.0034992 secs] [Times: user=0.00 sys=0.00, real=0.00 secs] 
2020-10-29T13:18:49.435+0000: [GC (Allocation Failure) 2020-10-29T13:18:49.435+0000: [ParNew: 16388K->4K(18432K), 0.0034226 secs] 532994K->516610K(782456K), 0.0034913 secs] [Times: user=0.00 sys=0.00, real=0.00 secs] 
2020-10-29T13:18:49.453+0000: [GC (Allocation Failure) 2020-10-29T13:18:49.453+0000: [ParNew: 16388K->4K(18432K), 0.0033643 secs] 532994K->516610K(782456K), 0.0034307 secs] [Times: user=0.01 sys=0.00, real=0.01 secs] 
2020-10-29T13:18:49.472+0000: [GC (Allocation Failure) 2020-10-29T13:18:49.472+0000: [ParNew: 16388K->4K(18432K), 0.0034305 secs] 532994K->516610K(782456K), 0.0034986 secs] [Times: user=0.00 sys=0.00, real=0.01 secs] 
2020-10-29T13:18:49.490+0000: [GC (Allocation Failure) 2020-10-29T13:18:49.490+0000: [ParNew: 16388K->4K(18432K), 0.0033701 secs] 532994K->516610K(782456K), 0.0034350 secs] [Times: user=0.01 sys=0.00, real=0.00 secs] 
2020-10-29T13:18:49.511+0000: [GC (Allocation Failure) 2020-10-29T13:18:49.511+0000: [ParNew: 16388K->4K(18432K), 0.0033085 secs] 532994K->516610K(782456K), 0.0033719 secs] [Times: user=0.01 sys=0.00, real=0.00 secs] 
2020-10-29T13:18:49.529+0000: [GC (Allocation Failure) 2020-10-29T13:18:49.529+0000: [ParNew: 16388K->4K(18432K), 0.0034351 secs] 532994K->516610K(782456K), 0.0034966 secs] [Times: user=0.01 sys=0.00, real=0.00 secs] 
2020-10-29T13:18:49.551+0000: [GC (Allocation Failure) 2020-10-29T13:18:49.551+0000: [ParNew: 16388K->4K(18432K), 0.0034395 secs] 532994K->516610K(782456K), 0.0035073 secs] [Times: user=0.01 sys=0.01, real=0.00 secs] 
2020-10-29T13:18:49.569+0000: [GC (Allocation Failure) 2020-10-29T13:18:49.569+0000: [ParNew: 16388K->4K(18432K), 0.0034373 secs] 532994K->516610K(782456K), 0.0035053 secs] [Times: user=0.01 sys=0.00, real=0.00 secs] 
2020-10-29T13:18:49.591+0000: [GC (Allocation Failure) 2020-10-29T13:18:49.591+0000: [ParNew: 16388K->4K(18432K), 0.0033470 secs] 532994K->516610K(782456K), 0.0034083 secs] [Times: user=0.00 sys=0.00, real=0.00 secs] 
2020-10-29T13:18:49.611+0000: [GC (Allocation Failure) 2020-10-29T13:18:49.611+0000: [ParNew: 16388K->4K(18432K), 0.0035139 secs] 532994K->516610K(782456K), 0.0035863 secs] [Times: user=0.01 sys=0.00, real=0.00 secs] 
2020-10-29T13:18:49.629+0000: [GC (Allocation Failure) 2020-10-29T13:18:49.629+0000: [ParNew: 16388K->4K(18432K), 0.0035155 secs] 532994K->516610K(782456K), 0.0035861 secs] [Times: user=0.00 sys=0.00, real=0.00 secs] 
2020-10-29T13:18:49.648+0000: [GC (Allocation Failure) 2020-10-29T13:18:49.648+0000: [ParNew: 16388K->4K(18432K), 0.0034809 secs] 532994K->516610K(782456K), 0.0035517 secs] [Times: user=0.01 sys=0.00, real=0.00 secs] 
2020-10-29T13:18:49.670+0000: [GC (Allocation Failure) 2020-10-29T13:18:49.670+0000: [ParNew: 16388K->4K(18432K), 0.0035699 secs] 532994K->516610K(782456K), 0.0036417 secs] [Times: user=0.01 sys=0.00, real=0.00 secs] 
2020-10-29T13:18:49.691+0000: [GC (Allocation Failure) 2020-10-29T13:18:49.691+0000: [ParNew: 16388K->4K(18432K), 0.0034463 secs] 532994K->516610K(782456K), 0.0035147 secs] [Times: user=0.01 sys=0.00, real=0.00 secs] 
2020-10-29T13:18:49.709+0000: [GC (Allocation Failure) 2020-10-29T13:18:49.709+0000: [ParNew: 16388K->4K(18432K), 0.0034894 secs] 532994K->516610K(782456K), 0.0035666 secs] [Times: user=0.01 sys=0.00, real=0.00 secs] 
2020-10-29T13:18:49.728+0000: [GC (Allocation Failure) 2020-10-29T13:18:49.728+0000: [ParNew: 16388K->4K(18432K), 0.0034415 secs] 532994K->516610K(782456K), 0.0035266 secs] [Times: user=0.00 sys=0.00, real=0.00 secs] 
2020-10-29T13:18:49.751+0000: [GC (Allocation Failure) 2020-10-29T13:18:49.751+0000: [ParNew: 16388K->4K(18432K), 0.0034200 secs] 532994K->516610K(782456K), 0.0034946 secs] [Times: user=0.00 sys=0.00, real=0.00 secs] 
2020-10-29T13:18:49.771+0000: [GC (Allocation Failure) 2020-10-29T13:18:49.771+0000: [ParNew: 16388K->4K(18432K), 0.0035167 secs] 532994K->516610K(782456K), 0.0035871 secs] [Times: user=0.00 sys=0.00, real=0.00 secs] 
2020-10-29T13:18:49.791+0000: [GC (Allocation Failure) 2020-10-29T13:18:49.791+0000: [ParNew: 16388K->4K(18432K), 0.0033780 secs] 532994K->516610K(782456K), 0.0034443 secs] [Times: user=0.01 sys=0.00, real=0.00 secs] 
2020-10-29T13:18:49.811+0000: [GC (Allocation Failure) 2020-10-29T13:18:49.811+0000: [ParNew: 16388K->4K(18432K), 0.0036122 secs] 532994K->516610K(782456K), 0.0036824 secs] [Times: user=0.01 sys=0.00, real=0.00 secs] 
2020-10-29T13:18:49.831+0000: [GC (Allocation Failure) 2020-10-29T13:18:49.831+0000: [ParNew: 16388K->4K(18432K), 0.0040847 secs] 532994K->516610K(782456K), 0.0041564 secs] [Times: user=0.01 sys=0.00, real=0.01 secs] 
2020-10-29T13:18:49.851+0000: [GC (Allocation Failure) 2020-10-29T13:18:49.851+0000: [ParNew: 16388K->4K(18432K), 0.0034613 secs] 532994K->516610K(782456K), 0.0035336 secs] [Times: user=0.01 sys=0.00, real=0.01 secs] 
2020-10-29T13:18:49.870+0000: [GC (Allocation Failure) 2020-10-29T13:18:49.870+0000: [ParNew: 16388K->4K(18432K), 0.0034462 secs] 532994K->516610K(782456K), 0.0035151 secs] [Times: user=0.01 sys=0.00, real=0.00 secs] 
2020-10-29T13:18:49.888+0000: [GC (Allocation Failure) 2020-10-29T13:18:49.888+0000: [ParNew: 16388K->4K(18432K), 0.0033771 secs] 532994K->516610K(782456K), 0.0034434 secs] [Times: user=0.00 sys=0.00, real=0.00 secs] 
2020-10-29T13:18:49.911+0000: [GC (Allocation Failure) 2020-10-29T13:18:49.911+0000: [ParNew: 16388K->4K(18432K), 0.0034696 secs] 532994K->516610K(782456K), 0.0035536 secs] [Times: user=0.00 sys=0.00, real=0.00 secs] 
2020-10-29T13:18:49.931+0000: [GC (Allocation Failure) 2020-10-29T13:18:49.931+0000: [ParNew: 16388K->4K(18432K), 0.0034576 secs] 532994K->516610K(782456K), 0.0035415 secs] [Times: user=0.01 sys=0.00, real=0.00 secs] 
2020-10-29T13:18:49.949+0000: [GC (Allocation Failure) 2020-10-29T13:18:49.950+0000: [ParNew: 16388K->4K(18432K), 0.0034323 secs] 532994K->516610K(782456K), 0.0034996 secs] [Times: user=0.01 sys=0.00, real=0.00 secs] 
2020-10-29T13:18:49.968+0000: [GC (Allocation Failure) 2020-10-29T13:18:49.968+0000: [ParNew: 16388K->4K(18432K), 0.0033714 secs] 532994K->516610K(782456K), 0.0034389 secs] [Times: user=0.01 sys=0.00, real=0.00 secs] 
2020-10-29T13:18:49.986+0000: [GC (Allocation Failure) 2020-10-29T13:18:49.986+0000: [ParNew: 16388K->4K(18432K), 0.0033086 secs] 532994K->516610K(782456K), 0.0033706 secs] [Times: user=0.00 sys=0.00, real=0.01 secs] 
2020-10-29T13:18:50.007+0000: [GC (Allocation Failure) 2020-10-29T13:18:50.007+0000: [ParNew: 16388K->4K(18432K), 0.0033584 secs] 532994K->516610K(782456K), 0.0034271 secs] [Times: user=0.00 sys=0.00, real=0.00 secs] 
2020-10-29T13:18:50.027+0000: [GC (Allocation Failure) 2020-10-29T13:18:50.027+0000: [ParNew: 16388K->4K(18432K), 0.0034454 secs] 532994K->516610K(782456K), 0.0035163 secs] [Times: user=0.01 sys=0.00, real=0.00 secs] 
2020-10-29T13:18:50.049+0000: [GC (Allocation Failure) 2020-10-29T13:18:50.049+0000: [ParNew: 16388K->4K(18432K), 0.0034926 secs] 532994K->516610K(782456K), 0.0035611 secs] [Times: user=0.01 sys=0.00, real=0.00 secs] 
2020-10-29T13:18:50.068+0000: [GC (Allocation Failure) 2020-10-29T13:18:50.068+0000: [ParNew: 16388K->4K(18432K), 0.0035557 secs] 532994K->516610K(782456K), 0.0036290 secs] [Times: user=0.01 sys=0.00, real=0.00 secs] 
2020-10-29T13:18:50.087+0000: [GC (Allocation Failure) 2020-10-29T13:18:50.087+0000: [ParNew: 16388K->4K(18432K), 0.0036225 secs] 532994K->516610K(782456K), 0.0037084 secs] [Times: user=0.00 sys=0.00, real=0.00 secs] 
2020-10-29T13:18:50.106+0000: [GC (Allocation Failure) 2020-10-29T13:18:50.106+0000: [ParNew: 16388K->4K(18432K), 0.0035384 secs] 532994K->516610K(782456K), 0.0036157 secs] [Times: user=0.01 sys=0.00, real=0.01 secs] 
2020-10-29T13:18:50.129+0000: [GC (Allocation Failure) 2020-10-29T13:18:50.129+0000: [ParNew: 16388K->4K(18432K), 0.0034742 secs] 532994K->516610K(782456K), 0.0035453 secs] [Times: user=0.01 sys=0.00, real=0.00 secs] 
2020-10-29T13:18:50.147+0000: [GC (Allocation Failure) 2020-10-29T13:18:50.147+0000: [ParNew: 16388K->4K(18432K), 0.0035356 secs] 532994K->516610K(782456K), 0.0036072 secs] [Times: user=0.01 sys=0.00, real=0.00 secs] 
2020-10-29T13:18:50.167+0000: [GC (Allocation Failure) 2020-10-29T13:18:50.167+0000: [ParNew: 16388K->4K(18432K), 0.0038884 secs] 532994K->516610K(782456K), 0.0039733 secs] [Times: user=0.00 sys=0.00, real=0.00 secs] 
2020-10-29T13:18:50.190+0000: [GC (Allocation Failure) 2020-10-29T13:18:50.190+0000: [ParNew: 16388K->4K(18432K), 0.0036086 secs] 532994K->516610K(782456K), 0.0036836 secs] [Times: user=0.00 sys=0.00, real=0.00 secs] 
2020-10-29T13:18:50.217+0000: [GC (Allocation Failure) 2020-10-29T13:18:50.217+0000: [ParNew: 16388K->6K(18432K), 0.0035096 secs] 532994K->516612K(782456K), 0.0035821 secs] [Times: user=0.00 sys=0.00, real=0.00 secs] 
2020-10-29T13:18:50.243+0000: [GC (Allocation Failure) 2020-10-29T13:18:50.243+0000: [ParNew: 16390K->8K(18432K), 0.0034992 secs] 532996K->516614K(782456K), 0.0035720 secs] [Times: user=0.01 sys=0.00, real=0.00 secs] 
2020-10-29T13:18:50.261+0000: [GC (Allocation Failure) 2020-10-29T13:18:50.261+0000: [ParNew: 16392K->7K(18432K), 0.0035130 secs] 532998K->516613K(782456K), 0.0035826 secs] [Times: user=0.00 sys=0.00, real=0.00 secs] 
2020-10-29T13:18:50.280+0000: [GC (Allocation Failure) 2020-10-29T13:18:50.280+0000: [ParNew: 16391K->7K(18432K), 0.0034562 secs] 532997K->516613K(782456K), 0.0035429 secs] [Times: user=0.01 sys=0.00, real=0.00 secs] 
2020-10-29T13:18:50.299+0000: [GC (Allocation Failure) 2020-10-29T13:18:50.299+0000: [ParNew: 16391K->7K(18432K), 0.0035022 secs] 532997K->516613K(782456K), 0.0035730 secs] [Times: user=0.00 sys=0.00, real=0.00 secs] 
2020-10-29T13:18:50.319+0000: [GC (Allocation Failure) 2020-10-29T13:18:50.319+0000: [ParNew: 16391K->7K(18432K), 0.0034952 secs] 532997K->516613K(782456K), 0.0035651 secs] [Times: user=0.01 sys=0.00, real=0.00 secs] 
2020-10-29T13:18:50.337+0000: [GC (Allocation Failure) 2020-10-29T13:18:50.337+0000: [ParNew: 16391K->4K(18432K), 0.0035171 secs] 532997K->516614K(782456K), 0.0035997 secs] [Times: user=0.00 sys=0.00, real=0.00 secs] 
2020-10-29T13:18:50.359+0000: [GC (Allocation Failure) 2020-10-29T13:18:50.359+0000: [ParNew: 16388K->4K(18432K), 0.0037322 secs] 532998K->516613K(782456K), 0.0038128 secs] [Times: user=0.00 sys=0.00, real=0.00 secs] 
2020-10-29T13:18:50.378+0000: [GC (Allocation Failure) 2020-10-29T13:18:50.378+0000: [ParNew: 16388K->4K(18432K), 0.0034725 secs] 532997K->516613K(782456K), 0.0035426 secs] [Times: user=0.00 sys=0.00, real=0.00 secs] 
2020-10-29T13:18:50.397+0000: [GC (Allocation Failure) 2020-10-29T13:18:50.397+0000: [ParNew: 16388K->4K(18432K), 0.0034970 secs] 532997K->516613K(782456K), 0.0035670 secs] [Times: user=0.01 sys=0.00, real=0.00 secs] 
2020-10-29T13:18:50.415+0000: [GC (Allocation Failure) 2020-10-29T13:18:50.415+0000: [ParNew: 16388K->4K(18432K), 0.0035076 secs] 532997K->516613K(782456K), 0.0035795 secs] [Times: user=0.01 sys=0.00, real=0.00 secs] 
2020-10-29T13:18:50.434+0000: [GC (Allocation Failure) 2020-10-29T13:18:50.434+0000: [ParNew: 16388K->4K(18432K), 0.0034975 secs] 532997K->516613K(782456K), 0.0035653 secs] [Times: user=0.00 sys=0.00, real=0.01 secs] 
2020-10-29T13:18:50.452+0000: [GC (Allocation Failure) 2020-10-29T13:18:50.452+0000: [ParNew: 16388K->4K(18432K), 0.0034946 secs] 532997K->516613K(782456K), 0.0035645 secs] [Times: user=0.01 sys=0.00, real=0.01 secs] 
2020-10-29T13:18:50.475+0000: [GC (Allocation Failure) 2020-10-29T13:18:50.475+0000: [ParNew: 16388K->4K(18432K), 0.0035719 secs] 532997K->516613K(782456K), 0.0036415 secs] [Times: user=0.01 sys=0.00, real=0.00 secs] 
2020-10-29T13:18:50.495+0000: [GC (Allocation Failure) 2020-10-29T13:18:50.495+0000: [ParNew: 16388K->4K(18432K), 0.0033440 secs] 532997K->516613K(782456K), 0.0034176 secs] [Times: user=0.00 sys=0.00, real=0.00 secs] 
2020-10-29T13:18:50.513+0000: [GC (Allocation Failure) 2020-10-29T13:18:50.513+0000: [ParNew: 16388K->4K(18432K), 0.0034773 secs] 532997K->516613K(782456K), 0.0035478 secs] [Times: user=0.01 sys=0.00, real=0.01 secs] 
2020-10-29T13:18:50.534+0000: [GC (Allocation Failure) 2020-10-29T13:18:50.534+0000: [ParNew: 16388K->4K(18432K), 0.0035066 secs] 532997K->516613K(782456K), 0.0035786 secs] [Times: user=0.01 sys=0.00, real=0.01 secs] 
2020-10-29T13:18:50.559+0000: [GC (Allocation Failure) 2020-10-29T13:18:50.559+0000: [ParNew: 16388K->4K(18432K), 0.0035356 secs] 532997K->516613K(782456K), 0.0036240 secs] [Times: user=0.00 sys=0.01, real=0.00 secs] 
2020-10-29T13:18:50.578+0000: [GC (Allocation Failure) 2020-10-29T13:18:50.578+0000: [ParNew: 16388K->4K(18432K), 0.0036527 secs] 532997K->516613K(782456K), 0.0037286 secs] [Times: user=0.01 sys=0.00, real=0.00 secs] 
2020-10-29T13:18:50.596+0000: [GC (Allocation Failure) 2020-10-29T13:18:50.596+0000: [ParNew: 16388K->4K(18432K), 0.0035227 secs] 532997K->516613K(782456K), 0.0035872 secs] [Times: user=0.01 sys=0.00, real=0.00 secs] 
2020-10-29T13:18:50.616+0000: [GC (Allocation Failure) 2020-10-29T13:18:50.616+0000: [ParNew: 16388K->4K(18432K), 0.0036108 secs] 532997K->516613K(782456K), 0.0036840 secs] [Times: user=0.01 sys=0.00, real=0.00 secs] 
2020-10-29T13:18:50.635+0000: [GC (Allocation Failure) 2020-10-29T13:18:50.635+0000: [ParNew: 16388K->4K(18432K), 0.0035360 secs] 532997K->516613K(782456K), 0.0036085 secs] [Times: user=0.00 sys=0.00, real=0.00 secs] 
2020-10-29T13:18:50.654+0000: [GC (Allocation Failure) 2020-10-29T13:18:50.654+0000: [ParNew: 16388K->4K(18432K), 0.0035736 secs] 532997K->516613K(782456K), 0.0036462 secs] [Times: user=0.01 sys=0.00, real=0.01 secs] 
2020-10-29T13:18:50.672+0000: [GC (Allocation Failure) 2020-10-29T13:18:50.672+0000: [ParNew: 16388K->4K(18432K), 0.0035136 secs] 532997K->516613K(782456K), 0.0035861 secs] [Times: user=0.00 sys=0.00, real=0.01 secs] 
2020-10-29T13:18:50.691+0000: [GC (Allocation Failure) 2020-10-29T13:18:50.691+0000: [ParNew: 16388K->4K(18432K), 0.0035848 secs] 532997K->516613K(782456K), 0.0036567 secs] [Times: user=0.01 sys=0.00, real=0.00 secs] 
2020-10-29T13:18:50.711+0000: [GC (Allocation Failure) 2020-10-29T13:18:50.711+0000: [ParNew: 16388K->4K(18432K), 0.0035613 secs] 532997K->516613K(782456K), 0.0036339 secs] [Times: user=0.00 sys=0.00, real=0.00 secs] 
2020-10-29T13:18:50.731+0000: [GC (Allocation Failure) 2020-10-29T13:18:50.731+0000: [ParNew: 16388K->4K(18432K), 0.0035315 secs] 532997K->516613K(782456K), 0.0036000 secs] [Times: user=0.00 sys=0.00, real=0.00 secs] 
2020-10-29T13:18:50.751+0000: [GC (Allocation Failure) 2020-10-29T13:18:50.751+0000: [ParNew: 16388K->4K(18432K), 0.0032991 secs] 532997K->516613K(782456K), 0.0033625 secs] [Times: user=0.01 sys=0.00, real=0.00 secs] 
2020-10-29T13:18:50.771+0000: [GC (Allocation Failure) 2020-10-29T13:18:50.771+0000: [ParNew: 16388K->4K(18432K), 0.0034076 secs] 532997K->516613K(782456K), 0.0034714 secs] [Times: user=0.01 sys=0.00, real=0.00 secs] 
2020-10-29T13:18:50.789+0000: [GC (Allocation Failure) 2020-10-29T13:18:50.789+0000: [ParNew: 16388K->4K(18432K), 0.0033259 secs] 532997K->516613K(782456K), 0.0033890 secs] [Times: user=0.01 sys=0.00, real=0.00 secs] 
2020-10-29T13:18:50.811+0000: [GC (Allocation Failure) 2020-10-29T13:18:50.811+0000: [ParNew: 16388K->4K(18432K), 0.0034840 secs] 532997K->516613K(782456K), 0.0035535 secs] [Times: user=0.01 sys=0.00, real=0.00 secs] 
2020-10-29T13:18:50.829+0000: [GC (Allocation Failure) 2020-10-29T13:18:50.829+0000: [ParNew: 16388K->4K(18432K), 0.0034894 secs] 532997K->516613K(782456K), 0.0035590 secs] [Times: user=0.01 sys=0.00, real=0.00 secs] 
2020-10-29T13:18:50.851+0000: [GC (Allocation Failure) 2020-10-29T13:18:50.851+0000: [ParNew: 16388K->4K(18432K), 0.0034482 secs] 532997K->516614K(782456K), 0.0035178 secs] [Times: user=0.00 sys=0.00, real=0.00 secs] 
2020-10-29T13:18:50.869+0000: [GC (Allocation Failure) 2020-10-29T13:18:50.869+0000: [ParNew: 16388K->4K(18432K), 0.0033695 secs] 532998K->516614K(782456K), 0.0034342 secs] [Times: user=0.00 sys=0.00, real=0.00 secs] 
2020-10-29T13:18:50.888+0000: [GC (Allocation Failure) 2020-10-29T13:18:50.888+0000: [ParNew: 16388K->4K(18432K), 0.0034633 secs] 532998K->516614K(782456K), 0.0035304 secs] [Times: user=0.01 sys=0.00, real=0.00 secs] 
2020-10-29T13:18:50.906+0000: [GC (Allocation Failure) 2020-10-29T13:18:50.906+0000: [ParNew: 16388K->4K(18432K), 0.0035381 secs] 532998K->516614K(782456K), 0.0036072 secs] [Times: user=0.00 sys=0.00, real=0.01 secs] 
2020-10-29T13:18:50.925+0000: [GC (Allocation Failure) 2020-10-29T13:18:50.925+0000: [ParNew: 16388K->4K(18432K), 0.0034922 secs] 532998K->516614K(782456K), 0.0035617 secs] [Times: user=0.01 sys=0.00, real=0.01 secs] 
2020-10-29T13:18:50.943+0000: [GC (Allocation Failure) 2020-10-29T13:18:50.943+0000: [ParNew: 16388K->4K(18432K), 0.0034201 secs] 532998K->516614K(782456K), 0.0035042 secs] [Times: user=0.01 sys=0.00, real=0.01 secs] 
2020-10-29T13:18:50.961+0000: [GC (Allocation Failure) 2020-10-29T13:18:50.961+0000: [ParNew: 16388K->4K(18432K), 0.0031521 secs] 532998K->516614K(782456K), 0.0032278 secs] [Times: user=0.00 sys=0.00, real=0.00 secs] 
2020-10-29T13:18:50.980+0000: [GC (Allocation Failure) 2020-10-29T13:18:50.980+0000: [ParNew: 16388K->4K(18432K), 0.0033055 secs] 532998K->516614K(782456K), 0.0033621 secs] [Times: user=0.01 sys=0.00, real=0.00 secs] 
2020-10-29T13:18:51.002+0000: [GC (Allocation Failure) 2020-10-29T13:18:51.002+0000: [ParNew: 16388K->6K(18432K), 0.0035616 secs] 532998K->516616K(782456K), 0.0036331 secs] [Times: user=0.01 sys=0.00, real=0.00 secs] 
2020-10-29T13:18:51.023+0000: [GC (Allocation Failure) 2020-10-29T13:18:51.023+0000: [ParNew: 16390K->4K(18432K), 0.0034258 secs] 533000K->516614K(782456K), 0.0034944 secs] [Times: user=0.00 sys=0.00, real=0.00 secs] 
2020-10-29T13:18:51.043+0000: [GC (Allocation Failure) 2020-10-29T13:18:51.043+0000: [ParNew: 16388K->4K(18432K), 0.0033424 secs] 532998K->516614K(782456K), 0.0034059 secs] [Times: user=0.00 sys=0.00, real=0.00 secs] 
2020-10-29T13:18:51.061+0000: [GC (Allocation Failure) 2020-10-29T13:18:51.061+0000: [ParNew: 16388K->4K(18432K), 0.0034970 secs] 532998K->516614K(782456K), 0.0035650 secs] [Times: user=0.00 sys=0.00, real=0.00 secs] 
2020-10-29T13:18:51.081+0000: [GC (Allocation Failure) 2020-10-29T13:18:51.081+0000: [ParNew: 16388K->4K(18432K), 0.0035515 secs] 532998K->516614K(782456K), 0.0036303 secs] [Times: user=0.00 sys=0.00, real=0.00 secs] 
2020-10-29T13:18:51.103+0000: [GC (Allocation Failure) 2020-10-29T13:18:51.103+0000: [ParNew: 16388K->4K(18432K), 0.0034379 secs] 532998K->516614K(782456K), 0.0035052 secs] [Times: user=0.01 sys=0.00, real=0.00 secs] 
2020-10-29T13:18:51.121+0000: [GC (Allocation Failure) 2020-10-29T13:18:51.121+0000: [ParNew: 16388K->4K(18432K), 0.0034104 secs] 532998K->516614K(782456K), 0.0034768 secs] [Times: user=0.01 sys=0.00, real=0.00 secs] 
2020-10-29T13:18:51.143+0000: [GC (Allocation Failure) 2020-10-29T13:18:51.143+0000: [ParNew: 16264K->4K(18432K), 0.0033441 secs] 532875K->516614K(782456K), 0.0034084 secs] [Times: user=0.01 sys=0.00, real=0.00 secs] 
2020-10-29T13:18:51.163+0000: [GC (Allocation Failure) 2020-10-29T13:18:51.163+0000: [ParNew: 16388K->4K(18432K), 0.0033915 secs] 532998K->516614K(782456K), 0.0034590 secs] [Times: user=0.01 sys=0.00, real=0.00 secs] 
2020-10-29T13:18:51.183+0000: [GC (Allocation Failure) 2020-10-29T13:18:51.183+0000: [ParNew: 16388K->4K(18432K), 0.0034142 secs] 532998K->516614K(782456K), 0.0034767 secs] [Times: user=0.01 sys=0.00, real=0.00 secs] 
2020-10-29T13:18:51.201+0000: [GC (Allocation Failure) 2020-10-29T13:18:51.201+0000: [ParNew: 16388K->4K(18432K), 0.0031535 secs] 532998K->516614K(782456K), 0.0032087 secs] [Times: user=0.00 sys=0.00, real=0.00 secs] 
2020-10-29T13:18:51.223+0000: [GC (Allocation Failure) 2020-10-29T13:18:51.223+0000: [ParNew: 16388K->4K(18432K), 0.0032172 secs] 532998K->516614K(782456K), 0.0032775 secs] [Times: user=0.00 sys=0.00, real=0.00 secs] 
2020-10-29T13:18:51.241+0000: [GC (Allocation Failure) 2020-10-29T13:18:51.241+0000: [ParNew: 16388K->4K(18432K), 0.0034464 secs] 532998K->516614K(782456K), 0.0035153 secs] [Times: user=0.01 sys=0.00, real=0.00 secs] 
2020-10-29T13:18:51.259+0000: [GC (Allocation Failure) 2020-10-29T13:18:51.260+0000: [ParNew: 16388K->4K(18432K), 0.0034832 secs] 532998K->516614K(782456K), 0.0035525 secs] [Times: user=0.01 sys=0.00, real=0.00 secs] 
2020-10-29T13:18:51.278+0000: [GC (Allocation Failure) 2020-10-29T13:18:51.278+0000: [ParNew: 16388K->4K(18432K), 0.0035323 secs] 532998K->516614K(782456K), 0.0036040 secs] [Times: user=0.00 sys=0.00, real=0.00 secs] 
2020-10-29T13:18:51.299+0000: [GC (Allocation Failure) 2020-10-29T13:18:51.299+0000: [ParNew: 16388K->4K(18432K), 0.0034058 secs] 532998K->516614K(782456K), 0.0034724 secs] [Times: user=0.01 sys=0.00, real=0.00 secs] 
2020-10-29T13:18:51.317+0000: [GC (Allocation Failure) 2020-10-29T13:18:51.317+0000: [ParNew: 16388K->4K(18432K), 0.0033843 secs] 532998K->516614K(782456K), 0.0034477 secs] [Times: user=0.00 sys=0.00, real=0.00 secs] 
2020-10-29T13:18:51.336+0000: [GC (Allocation Failure) 2020-10-29T13:18:51.336+0000: [ParNew: 16388K->4K(18432K), 0.0035450 secs] 532998K->516614K(782456K), 0.0036098 secs] [Times: user=0.01 sys=0.00, real=0.00 secs] 
2020-10-29T13:18:51.355+0000: [GC (Allocation Failure) 2020-10-29T13:18:51.355+0000: [ParNew: 16388K->4K(18432K), 0.0034125 secs] 532998K->516614K(782456K), 0.0034798 secs] [Times: user=0.01 sys=0.00, real=0.00 secs] 
2020-10-29T13:18:51.373+0000: [GC (Allocation Failure) 2020-10-29T13:18:51.373+0000: [ParNew: 16388K->4K(18432K), 0.0032671 secs] 532998K->516614K(782456K), 0.0033299 secs] [Times: user=0.01 sys=0.00, real=0.01 secs] 
2020-10-29T13:18:51.395+0000: [GC (Allocation Failure) 2020-10-29T13:18:51.395+0000: [ParNew: 16388K->4K(18432K), 0.0032638 secs] 532998K->516614K(782456K), 0.0033248 secs] [Times: user=0.00 sys=0.00, real=0.00 secs] 
2020-10-29T13:18:51.413+0000: [GC (Allocation Failure) 2020-10-29T13:18:51.413+0000: [ParNew: 16388K->4K(18432K), 0.0033747 secs] 532998K->516614K(782456K), 0.0034407 secs] [Times: user=0.01 sys=0.00, real=0.01 secs] 
2020-10-29T13:18:51.435+0000: [GC (Allocation Failure) 2020-10-29T13:18:51.435+0000: [ParNew: 16388K->4K(18432K), 0.0032260 secs] 532998K->516614K(782456K), 0.0032963 secs] [Times: user=0.01 sys=0.00, real=0.00 secs] 
2020-10-29T13:18:51.453+0000: [GC (Allocation Failure) 2020-10-29T13:18:51.453+0000: [ParNew: 16388K->4K(18432K), 0.0031755 secs] 532998K->516614K(782456K), 0.0032340 secs] [Times: user=0.00 sys=0.00, real=0.01 secs] 
2020-10-29T13:18:51.471+0000: [GC (Allocation Failure) 2020-10-29T13:18:51.471+0000: [ParNew: 16388K->4K(18432K), 0.0032010 secs] 532998K->516614K(782456K), 0.0032597 secs] [Times: user=0.00 sys=0.00, real=0.00 secs] 
2020-10-29T13:18:51.489+0000: [GC (Allocation Failure) 2020-10-29T13:18:51.489+0000: [ParNew: 16388K->4K(18432K), 0.0027714 secs] 532998K->516614K(782456K), 0.0028315 secs] [Times: user=0.00 sys=0.00, real=0.00 secs] 
2020-10-29T13:18:51.507+0000: [GC (Allocation Failure) 2020-10-29T13:18:51.507+0000: [ParNew: 16388K->4K(18432K), 0.0033684 secs] 532998K->516614K(782456K), 0.0034367 secs] [Times: user=0.01 sys=0.00, real=0.00 secs] 
2020-10-29T13:18:51.527+0000: [GC (Allocation Failure) 2020-10-29T13:18:51.527+0000: [ParNew: 16388K->4K(18432K), 0.0034690 secs] 532998K->516614K(782456K), 0.0035818 secs] [Times: user=0.01 sys=0.00, real=0.00 secs] 
2020-10-29T13:18:51.546+0000: [GC (Allocation Failure) 2020-10-29T13:18:51.546+0000: [ParNew: 16388K->4K(18432K), 0.0034678 secs] 532998K->516614K(782456K), 0.0035417 secs] [Times: user=0.00 sys=0.00, real=0.01 secs] 
2020-10-29T13:18:51.565+0000: [GC (Allocation Failure) 2020-10-29T13:18:51.565+0000: [ParNew: 16388K->4K(18432K), 0.0035717 secs] 532998K->516614K(782456K), 0.0036434 secs] [Times: user=0.01 sys=0.00, real=0.01 secs] 
2020-10-29T13:18:51.583+0000: [GC (Allocation Failure) 2020-10-29T13:18:51.583+0000: [ParNew: 16388K->4K(18432K), 0.0033866 secs] 532998K->516614K(782456K), 0.0034672 secs] [Times: user=0.00 sys=0.00, real=0.00 secs] 
2020-10-29T13:18:51.601+0000: [GC (Allocation Failure) 2020-10-29T13:18:51.602+0000: [ParNew: 16388K->4K(18432K), 0.0034530 secs] 532998K->516614K(782456K), 0.0035364 secs] [Times: user=0.01 sys=0.00, real=0.00 secs] 
2020-10-29T13:18:51.620+0000: [GC (Allocation Failure) 2020-10-29T13:18:51.620+0000: [ParNew: 16388K->4K(18432K), 0.0033945 secs] 532998K->516614K(782456K), 0.0034570 secs] [Times: user=0.01 sys=0.00, real=0.00 secs] 
2020-10-29T13:18:51.642+0000: [GC (Allocation Failure) 2020-10-29T13:18:51.642+0000: [ParNew: 16388K->4K(18432K), 0.0034794 secs] 532998K->516614K(782456K), 0.0035499 secs] [Times: user=0.01 sys=0.00, real=0.00 secs] 
2020-10-29T13:18:51.663+0000: [GC (Allocation Failure) 2020-10-29T13:18:51.663+0000: [ParNew: 16388K->4K(18432K), 0.0035223 secs] 532998K->516614K(782456K), 0.0035922 secs] [Times: user=0.01 sys=0.00, real=0.00 secs] 
2020-10-29T13:18:51.683+0000: [GC (Allocation Failure) 2020-10-29T13:18:51.683+0000: [ParNew: 16388K->4K(18432K), 0.0034695 secs] 532998K->516614K(782456K), 0.0035403 secs] [Times: user=0.01 sys=0.00, real=0.00 secs] 
2020-10-29T13:18:51.703+0000: [GC (Allocation Failure) 2020-10-29T13:18:51.703+0000: [ParNew: 16388K->4K(18432K), 0.0033431 secs] 532998K->516614K(782456K), 0.0034062 secs] [Times: user=0.01 sys=0.00, real=0.00 secs] 
2020-10-29T13:18:51.723+0000: [GC (Allocation Failure) 2020-10-29T13:18:51.723+0000: [ParNew: 16388K->4K(18432K), 0.0034527 secs] 532998K->516614K(782456K), 0.0035203 secs] [Times: user=0.01 sys=0.00, real=0.00 secs] 
2020-10-29T13:18:51.741+0000: [GC (Allocation Failure) 2020-10-29T13:18:51.741+0000: [ParNew: 16388K->4K(18432K), 0.0035041 secs] 532998K->516614K(782456K), 0.0035744 secs] [Times: user=0.01 sys=0.00, real=0.00 secs] 
2020-10-29T13:18:51.763+0000: [GC (Allocation Failure) 2020-10-29T13:18:51.763+0000: [ParNew: 16388K->4K(18432K), 0.0035434 secs] 532998K->516614K(782456K), 0.0036119 secs] [Times: user=0.01 sys=0.00, real=0.00 secs] 
2020-10-29T13:18:51.781+0000: [GC (Allocation Failure) 2020-10-29T13:18:51.782+0000: [ParNew: 16388K->4K(18432K), 0.0034640 secs] 532998K->516614K(782456K), 0.0035317 secs] [Times: user=0.00 sys=0.00, real=0.00 secs] 
2020-10-29T13:18:51.803+0000: [GC (Allocation Failure) 2020-10-29T13:18:51.803+0000: [ParNew: 16388K->4K(18432K), 0.0033940 secs] 532998K->516614K(782456K), 0.0034742 secs] [Times: user=0.00 sys=0.00, real=0.00 secs] 
2020-10-29T13:18:51.821+0000: [GC (Allocation Failure) 2020-10-29T13:18:51.821+0000: [ParNew: 16388K->4K(18432K), 0.0031063 secs] 532998K->516614K(782456K), 0.0031669 secs] [Times: user=0.00 sys=0.00, real=0.00 secs] 
2020-10-29T13:18:51.839+0000: [GC (Allocation Failure) 2020-10-29T13:18:51.839+0000: [ParNew: 16388K->4K(18432K), 0.0033170 secs] 532998K->516615K(782456K), 0.0033829 secs] [Times: user=0.01 sys=0.00, real=0.00 secs] 
2020-10-29T13:18:51.858+0000: [GC (Allocation Failure) 2020-10-29T13:18:51.858+0000: [ParNew: 16388K->4K(18432K), 0.0033565 secs] 532999K->516615K(782456K), 0.0034328 secs] [Times: user=0.01 sys=0.00, real=0.00 secs] 
2020-10-29T13:18:51.876+0000: [GC (Allocation Failure) 2020-10-29T13:18:51.876+0000: [ParNew: 16388K->4K(18432K), 0.0035466 secs] 532999K->516615K(782456K), 0.0036149 secs] [Times: user=0.00 sys=0.00, real=0.00 secs] 
2020-10-29T13:18:51.898+0000: [GC (Allocation Failure) 2020-10-29T13:18:51.898+0000: [ParNew: 16388K->4K(18432K), 0.0033357 secs] 532999K->516615K(782456K), 0.0033985 secs] [Times: user=0.00 sys=0.00, real=0.00 secs] 
2020-10-29T13:18:51.917+0000: [GC (Allocation Failure) 2020-10-29T13:18:51.917+0000: [ParNew: 16388K->4K(18432K), 0.0034688 secs] 532999K->516615K(782456K), 0.0035403 secs] [Times: user=0.01 sys=0.00, real=0.00 secs] 
2020-10-29T13:18:51.939+0000: [GC (Allocation Failure) 2020-10-29T13:18:51.939+0000: [ParNew: 16388K->4K(18432K), 0.0033378 secs] 532999K->516615K(782456K), 0.0034109 secs] [Times: user=0.00 sys=0.00, real=0.00 secs] 
2020-10-29T13:18:51.957+0000: [GC (Allocation Failure) 2020-10-29T13:18:51.957+0000: [ParNew: 16388K->4K(18432K), 0.0033503 secs] 532999K->516615K(782456K), 0.0034147 secs] [Times: user=0.01 sys=0.00, real=0.00 secs] 
2020-10-29T13:18:51.975+0000: [GC (Allocation Failure) 2020-10-29T13:18:51.975+0000: [ParNew: 16388K->4K(18432K), 0.0048741 secs] 532999K->516615K(782456K), 0.0049390 secs] [Times: user=0.01 sys=0.00, real=0.00 secs] 
2020-10-29T13:18:51.995+0000: [GC (Allocation Failure) 2020-10-29T13:18:51.995+0000: [ParNew: 16388K->4K(18432K), 0.0034092 secs] 532999K->516615K(782456K), 0.0034768 secs] [Times: user=0.00 sys=0.00, real=0.00 secs] 
2020-10-29T13:18:52.015+0000: [GC (Allocation Failure) 2020-10-29T13:18:52.015+0000: [ParNew: 16388K->4K(18432K), 0.0034441 secs] 532999K->516615K(782456K), 0.0035117 secs] [Times: user=0.01 sys=0.00, real=0.00 secs] 
2020-10-29T13:18:52.033+0000: [GC (Allocation Failure) 2020-10-29T13:18:52.033+0000: [ParNew: 16388K->4K(18432K), 0.0034658 secs] 532999K->516615K(782456K), 0.0035347 secs] [Times: user=0.01 sys=0.00, real=0.01 secs] 
2020-10-29T13:18:52.052+0000: [GC (Allocation Failure) 2020-10-29T13:18:52.052+0000: [ParNew: 16388K->4K(18432K), 0.0033067 secs] 532999K->516615K(782456K), 0.0033680 secs] [Times: user=0.01 sys=0.00, real=0.01 secs] 
2020-10-29T13:18:52.071+0000: [GC (Allocation Failure) 2020-10-29T13:18:52.071+0000: [ParNew: 16388K->4K(18432K), 0.0034526 secs] 532999K->516615K(782456K), 0.0035214 secs] [Times: user=0.01 sys=0.00, real=0.00 secs] 
2020-10-29T13:18:52.090+0000: [GC (Allocation Failure) 2020-10-29T13:18:52.090+0000: [ParNew: 16388K->4K(18432K), 0.0035840 secs] 532999K->516615K(782456K), 0.0036493 secs] [Times: user=0.01 sys=0.00, real=0.00 secs] 
2020-10-29T13:18:52.111+0000: [GC (Allocation Failure) 2020-10-29T13:18:52.111+0000: [ParNew: 16388K->4K(18432K), 0.0035189 secs] 532999K->516615K(782456K), 0.0035890 secs] [Times: user=0.01 sys=0.00, real=0.00 secs] 
2020-10-29T13:18:52.129+0000: [GC (Allocation Failure) 2020-10-29T13:18:52.129+0000: [ParNew: 16388K->4K(18432K), 0.0036180 secs] 532999K->516615K(782456K), 0.0036915 secs] [Times: user=0.00 sys=0.00, real=0.00 secs] 
2020-10-29T13:18:52.151+0000: [GC (Allocation Failure) 2020-10-29T13:18:52.151+0000: [ParNew: 16388K->4K(18432K), 0.0035514 secs] 532999K->516615K(782456K), 0.0036226 secs] [Times: user=0.01 sys=0.00, real=0.00 secs] 
2020-10-29T13:18:52.171+0000: [GC (Allocation Failure) 2020-10-29T13:18:52.171+0000: [ParNew: 16388K->4K(18432K), 0.0034876 secs] 532999K->516615K(782456K), 0.0035580 secs] [Times: user=0.01 sys=0.00, real=0.00 secs] 
2020-10-29T13:18:52.189+0000: [GC (Allocation Failure) 2020-10-29T13:18:52.189+0000: [ParNew: 16388K->4K(18432K), 0.0033421 secs] 532999K->516615K(782456K), 0.0034137 secs] [Times: user=0.00 sys=0.00, real=0.00 secs] 
2020-10-29T13:18:52.208+0000: [GC (Allocation Failure) 2020-10-29T13:18:52.208+0000: [ParNew: 16388K->4K(18432K), 0.0035154 secs] 532999K->516615K(782456K), 0.0035859 secs] [Times: user=0.01 sys=0.00, real=0.00 secs] 
2020-10-29T13:18:52.226+0000: [GC (Allocation Failure) 2020-10-29T13:18:52.226+0000: [ParNew: 16388K->4K(18432K), 0.0034599 secs] 532999K->516615K(782456K), 0.0035269 secs] [Times: user=0.01 sys=0.00, real=0.01 secs] 
2020-10-29T13:18:52.247+0000: [GC (Allocation Failure) 2020-10-29T13:18:52.247+0000: [ParNew: 16388K->4K(18432K), 0.0032064 secs] 532999K->516615K(782456K), 0.0032629 secs] [Times: user=0.01 sys=0.00, real=0.00 secs] 
2020-10-29T13:18:52.269+0000: [GC (Allocation Failure) 2020-10-29T13:18:52.269+0000: [ParNew: 16388K->4K(18432K), 0.0032420 secs] 532999K->516615K(782456K), 0.0033023 secs] [Times: user=0.01 sys=0.00, real=0.00 secs] 
2020-10-29T13:18:52.287+0000: [GC (Allocation Failure) 2020-10-29T13:18:52.287+0000: [ParNew: 16388K->4K(18432K), 0.0031465 secs] 532999K->516615K(782456K), 0.0032017 secs] [Times: user=0.01 sys=0.00, real=0.00 secs] 
2020-10-29T13:18:52.305+0000: [GC (Allocation Failure) 2020-10-29T13:18:52.305+0000: [ParNew: 16388K->4K(18432K), 0.0029566 secs] 532999K->516615K(782456K), 0.0030125 secs] [Times: user=0.01 sys=0.00, real=0.01 secs] 
2020-10-29T13:18:52.323+0000: [GC (Allocation Failure) 2020-10-29T13:18:52.323+0000: [ParNew: 16388K->4K(18432K), 0.0029743 secs] 532999K->516615K(782456K), 0.0030355 secs] [Times: user=0.01 sys=0.00, real=0.00 secs] 
2020-10-29T13:18:52.343+0000: [GC (Allocation Failure) 2020-10-29T13:18:52.343+0000: [ParNew: 16388K->4K(18432K), 0.0032768 secs] 532999K->516615K(782456K), 0.0033369 secs] [Times: user=0.00 sys=0.00, real=0.00 secs] 
2020-10-29T13:18:52.361+0000: [GC (Allocation Failure) 2020-10-29T13:18:52.361+0000: [ParNew: 16388K->4K(18432K), 0.0033485 secs] 532999K->516615K(782456K), 0.0034124 secs] [Times: user=0.01 sys=0.00, real=0.00 secs] 
2020-10-29T13:18:52.383+0000: [GC (Allocation Failure) 2020-10-29T13:18:52.383+0000: [ParNew: 16388K->4K(18432K), 0.0034854 secs] 532999K->516615K(782456K), 0.0035552 secs] [Times: user=0.01 sys=0.00, real=0.00 secs] 
2020-10-29T13:18:52.401+0000: [GC (Allocation Failure) 2020-10-29T13:18:52.401+0000: [ParNew: 16388K->4K(18432K), 0.0035205 secs] 532999K->516615K(782456K), 0.0035908 secs] [Times: user=0.01 sys=0.00, real=0.00 secs] 
2020-10-29T13:18:52.423+0000: [GC (Allocation Failure) 2020-10-29T13:18:52.423+0000: [ParNew: 16388K->4K(18432K), 0.0034614 secs] 532999K->516615K(782456K), 0.0035327 secs] [Times: user=0.01 sys=0.00, real=0.00 secs] 
2020-10-29T13:18:52.441+0000: [GC (Allocation Failure) 2020-10-29T13:18:52.442+0000: [ParNew: 16388K->4K(18432K), 0.0033656 secs] 532999K->516615K(782456K), 0.0034324 secs] [Times: user=0.01 sys=0.00, real=0.00 secs] 
2020-10-29T13:18:52.463+0000: [GC (Allocation Failure) 2020-10-29T13:18:52.463+0000: [ParNew: 16388K->4K(18432K), 0.0031314 secs] 532999K->516615K(782456K), 0.0031914 secs] [Times: user=0.00 sys=0.00, real=0.00 secs] 
2020-10-29T13:18:52.481+0000: [GC (Allocation Failure) 2020-10-29T13:18:52.481+0000: [ParNew: 16388K->4K(18432K), 0.0033938 secs] 532999K->516615K(782456K), 0.0034596 secs] [Times: user=0.01 sys=0.00, real=0.00 secs] 
2020-10-29T13:18:52.499+0000: [GC (Allocation Failure) 2020-10-29T13:18:52.499+0000: [ParNew: 16388K->4K(18432K), 0.0034619 secs] 532999K->516615K(782456K), 0.0035309 secs] [Times: user=0.00 sys=0.00, real=0.00 secs] 
2020-10-29T13:18:52.518+0000: [GC (Allocation Failure) 2020-10-29T13:18:52.518+0000: [ParNew: 16388K->4K(18432K), 0.0035505 secs] 532999K->516615K(782456K), 0.0036255 secs] [Times: user=0.01 sys=0.00, real=0.00 secs] 
2020-10-29T13:18:52.537+0000: [GC (Allocation Failure) 2020-10-29T13:18:52.537+0000: [ParNew: 16388K->4K(18432K), 0.0034690 secs] 532999K->516615K(782456K), 0.0035384 secs] [Times: user=0.01 sys=0.00, real=0.00 secs] 
2020-10-29T13:18:52.555+0000: [GC (Allocation Failure) 2020-10-29T13:18:52.555+0000: [ParNew: 16388K->4K(18432K), 0.0034649 secs] 532999K->516615K(782456K), 0.0035317 secs] [Times: user=0.01 sys=0.00, real=0.00 secs] 
2020-10-29T13:18:52.574+0000: [GC (Allocation Failure) 2020-10-29T13:18:52.574+0000: [ParNew: 16388K->4K(18432K), 0.0033221 secs] 532999K->516615K(782456K), 0.0033874 secs] [Times: user=0.00 sys=0.00, real=0.01 secs] 
2020-10-29T13:18:52.592+0000: [GC (Allocation Failure) 2020-10-29T13:18:52.592+0000: [ParNew: 16388K->4K(18432K), 0.0031883 secs] 532999K->516615K(782456K), 0.0032515 secs] [Times: user=0.01 sys=0.00, real=0.01 secs] 
2020-10-29T13:18:52.610+0000: [GC (Allocation Failure) 2020-10-29T13:18:52.610+0000: [ParNew: 16388K->4K(18432K), 0.0031879 secs] 532999K->516615K(782456K), 0.0032457 secs] [Times: user=0.00 sys=0.00, real=0.00 secs] 
2020-10-29T13:18:52.628+0000: [GC (Allocation Failure) 2020-10-29T13:18:52.628+0000: [ParNew: 16388K->4K(18432K), 0.0033618 secs] 532999K->516615K(782456K), 0.0034287 secs] [Times: user=0.01 sys=0.00, real=0.00 secs] 
2020-10-29T13:18:52.647+0000: [GC (Allocation Failure) 2020-10-29T13:18:52.647+0000: [ParNew: 16388K->4K(18432K), 0.0032873 secs] 532999K->516615K(782456K), 0.0033524 secs] [Times: user=0.01 sys=0.00, real=0.00 secs] 
2020-10-29T13:18:52.667+0000: [GC (Allocation Failure) 2020-10-29T13:18:52.667+0000: [ParNew: 16388K->4K(18432K), 0.0034418 secs] 532999K->516615K(782456K), 0.0035122 secs] [Times: user=0.01 sys=0.00, real=0.00 secs] 
2020-10-29T13:18:52.687+0000: [GC (Allocation Failure) 2020-10-29T13:18:52.687+0000: [ParNew: 16388K->4K(18432K), 0.0035351 secs] 532999K->516615K(782456K), 0.0036090 secs] [Times: user=0.01 sys=0.00, real=0.00 secs] 
2020-10-29T13:18:52.706+0000: [GC (Allocation Failure) 2020-10-29T13:18:52.706+0000: [ParNew: 16388K->4K(18432K), 0.0035026 secs] 532999K->516615K(782456K), 0.0035750 secs] [Times: user=0.01 sys=0.00, real=0.01 secs] 
2020-10-29T13:18:52.727+0000: [GC (Allocation Failure) 2020-10-29T13:18:52.727+0000: [ParNew: 16388K->4K(18432K), 0.0034412 secs] 532999K->516615K(782456K), 0.0035100 secs] [Times: user=0.00 sys=0.00, real=0.00 secs] 
2020-10-29T13:18:52.745+0000: [GC (Allocation Failure) 2020-10-29T13:18:52.745+0000: [ParNew: 16388K->4K(18432K), 0.0035218 secs] 532999K->516615K(782456K), 0.0035892 secs] [Times: user=0.01 sys=0.00, real=0.01 secs] 
2020-10-29T13:18:52.764+0000: [GC (Allocation Failure) 2020-10-29T13:18:52.764+0000: [ParNew: 16388K->4K(18432K), 0.0034892 secs] 532999K->516615K(782456K), 0.0035587 secs] [Times: user=0.00 sys=0.00, real=0.01 secs] 
2020-10-29T13:18:52.782+0000: [GC (Allocation Failure) 2020-10-29T13:18:52.782+0000: [ParNew: 16388K->4K(18432K), 0.0035221 secs] 532999K->516615K(782456K), 0.0035970 secs] [Times: user=0.01 sys=0.00, real=0.00 secs] 
2020-10-29T13:18:52.803+0000: [GC (Allocation Failure) 2020-10-29T13:18:52.803+0000: [ParNew: 16388K->4K(18432K), 0.0034970 secs] 532999K->516615K(782456K), 0.0035674 secs] [Times: user=0.00 sys=0.00, real=0.00 secs] 
2020-10-29T13:18:52.821+0000: [GC (Allocation Failure) 2020-10-29T13:18:52.821+0000: [ParNew: 16388K->4K(18432K), 0.0034262 secs] 532999K->516615K(782456K), 0.0034952 secs] [Times: user=0.01 sys=0.00, real=0.00 secs] 
2020-10-29T13:18:52.843+0000: [GC (Allocation Failure) 2020-10-29T13:18:52.843+0000: [ParNew: 16388K->4K(18432K), 0.0033269 secs] 532999K->516615K(782456K), 0.0033922 secs] [Times: user=0.01 sys=0.00, real=0.00 secs] 
2020-10-29T13:18:52.863+0000: [GC (Allocation Failure) 2020-10-29T13:18:52.863+0000: [ParNew: 16388K->4K(18432K), 0.0033758 secs] 532999K->516615K(782456K), 0.0034422 secs] [Times: user=0.01 sys=0.00, real=0.00 secs] 
2020-10-29T13:18:52.881+0000: [GC (Allocation Failure) 2020-10-29T13:18:52.881+0000: [ParNew: 16388K->4K(18432K), 0.0032975 secs] 532999K->516615K(782456K), 0.0033563 secs] [Times: user=0.00 sys=0.00, real=0.00 secs] 
2020-10-29T13:18:52.899+0000: [GC (Allocation Failure) 2020-10-29T13:18:52.899+0000: [ParNew: 16388K->4K(18432K), 0.0031720 secs] 532999K->516615K(782456K), 0.0032547 secs] [Times: user=0.01 sys=0.00, real=0.00 secs] 
2020-10-29T13:18:52.919+0000: [GC (Allocation Failure) 2020-10-29T13:18:52.919+0000: [ParNew: 16388K->4K(18432K), 0.0031688 secs] 532999K->516615K(782456K), 0.0032278 secs] [Times: user=0.01 sys=0.00, real=0.00 secs] 
2020-10-29T13:18:52.937+0000: [GC (Allocation Failure) 2020-10-29T13:18:52.937+0000: [ParNew: 16388K->4K(18432K), 0.0033069 secs] 532999K->516615K(782456K), 0.0033736 secs] [Times: user=0.01 sys=0.00, real=0.00 secs] 
2020-10-29T13:18:52.956+0000: [GC (Allocation Failure) 2020-10-29T13:18:52.956+0000: [ParNew: 16388K->4K(18432K), 0.0034261 secs] 532999K->516615K(782456K), 0.0034927 secs] [Times: user=0.01 sys=0.00, real=0.00 secs] 
2020-10-29T13:18:52.975+0000: [GC (Allocation Failure) 2020-10-29T13:18:52.975+0000: [ParNew: 16388K->4K(18432K), 0.0034857 secs] 532999K->516615K(782456K), 0.0035553 secs] [Times: user=0.01 sys=0.00, real=0.00 secs] 
2020-10-29T13:18:52.995+0000: [GC (Allocation Failure) 2020-10-29T13:18:52.995+0000: [ParNew: 16388K->4K(18432K), 0.0035020 secs] 532999K->516615K(782456K), 0.0035712 secs] [Times: user=0.01 sys=0.00, real=0.00 secs] 
2020-10-29T13:18:53.013+0000: [GC (Allocation Failure) 2020-10-29T13:18:53.014+0000: [ParNew: 16388K->4K(18432K), 0.0036103 secs] 532999K->516615K(782456K), 0.0036858 secs] [Times: user=0.00 sys=0.00, real=0.01 secs] 
2020-10-29T13:18:53.032+0000: [GC (Allocation Failure) 2020-10-29T13:18:53.032+0000: [ParNew: 16388K->4K(18432K), 0.0035330 secs] 532999K->516615K(782456K), 0.0036063 secs] [Times: user=0.01 sys=0.00, real=0.01 secs] 
2020-10-29T13:18:53.051+0000: [GC (Allocation Failure) 2020-10-29T13:18:53.051+0000: [ParNew: 16388K->4K(18432K), 0.0034319 secs] 532999K->516615K(782456K), 0.0035030 secs] [Times: user=0.01 sys=0.00, real=0.00 secs] 
2020-10-29T13:18:53.071+0000: [GC (Allocation Failure) 2020-10-29T13:18:53.071+0000: [ParNew: 16388K->4K(18432K), 0.0032232 secs] 532999K->516615K(782456K), 0.0032853 secs] [Times: user=0.00 sys=0.00, real=0.00 secs] 
2020-10-29T13:18:53.090+0000: [GC (Allocation Failure) 2020-10-29T13:18:53.090+0000: [ParNew: 16388K->4K(18432K), 0.0031249 secs] 532999K->516615K(782456K), 0.0031868 secs] [Times: user=0.01 sys=0.00, real=0.00 secs] 
2020-10-29T13:18:53.108+0000: [GC (Allocation Failure) 2020-10-29T13:18:53.108+0000: [ParNew: 16388K->4K(18432K), 0.0047078 secs] 532999K->516615K(782456K), 0.0047713 secs] [Times: user=0.00 sys=0.00, real=0.00 secs] 
2020-10-29T13:18:53.135+0000: [GC (Allocation Failure) 2020-10-29T13:18:53.135+0000: [ParNew: 16388K->4K(18432K), 0.0033783 secs] 532999K->516615K(782456K), 0.0034449 secs] [Times: user=0.00 sys=0.00, real=0.00 secs] 
2020-10-29T13:18:53.154+0000: [GC (Allocation Failure) 2020-10-29T13:18:53.154+0000: [ParNew: 16388K->4K(18432K), 0.0032753 secs] 532999K->516615K(782456K), 0.0033335 secs] [Times: user=0.00 sys=0.00, real=0.01 secs] 
2020-10-29T13:18:53.172+0000: [GC (Allocation Failure) 2020-10-29T13:18:53.172+0000: [ParNew: 16388K->4K(18432K), 0.0033006 secs] 532999K->516615K(782456K), 0.0033595 secs] [Times: user=0.01 sys=0.00, real=0.01 secs] 
2020-10-29T13:18:53.191+0000: [GC (Allocation Failure) 2020-10-29T13:18:53.191+0000: [ParNew: 16388K->4K(18432K), 0.0034863 secs] 532999K->516615K(782456K), 0.0035580 secs] [Times: user=0.00 sys=0.00, real=0.00 secs] 
2020-10-29T13:18:53.209+0000: [GC (Allocation Failure) 2020-10-29T13:18:53.210+0000: [ParNew: 16388K->4K(18432K), 0.0036046 secs] 532999K->516615K(782456K), 0.0036797 secs] [Times: user=0.01 sys=0.00, real=0.00 secs] 
2020-10-29T13:18:53.231+0000: [GC (Allocation Failure) 2020-10-29T13:18:53.231+0000: [ParNew: 16388K->4K(18432K), 0.0033785 secs] 532999K->516615K(782456K), 0.0034442 secs] [Times: user=0.01 sys=0.00, real=0.00 secs] 
2020-10-29T13:18:53.251+0000: [GC (Allocation Failure) 2020-10-29T13:18:53.251+0000: [ParNew: 16388K->4K(18432K), 0.0033891 secs] 532999K->516615K(782456K), 0.0034557 secs] [Times: user=0.00 sys=0.00, real=0.00 secs] 
2020-10-29T13:18:53.269+0000: [GC (Allocation Failure) 2020-10-29T13:18:53.269+0000: [ParNew: 16388K->4K(18432K), 0.0033377 secs] 532999K->516615K(782456K), 0.0034022 secs] [Times: user=0.01 sys=0.00, real=0.00 secs] 
2020-10-29T13:18:53.291+0000: [GC (Allocation Failure) 2020-10-29T13:18:53.291+0000: [ParNew: 16388K->4K(18432K), 0.0033750 secs] 532999K->516615K(782456K), 0.0034391 secs] [Times: user=0.01 sys=0.00, real=0.00 secs] 
2020-10-29T13:18:53.311+0000: [GC (Allocation Failure) 2020-10-29T13:18:53.311+0000: [ParNew: 16388K->4K(18432K), 0.0034437 secs] 532999K->516615K(782456K), 0.0035126 secs] [Times: user=0.01 sys=0.00, real=0.00 secs] 
2020-10-29T13:18:53.329+0000: [GC (Allocation Failure) 2020-10-29T13:18:53.329+0000: [ParNew: 16388K->4K(18432K), 0.0034738 secs] 532999K->516615K(782456K), 0.0035457 secs] [Times: user=0.01 sys=0.00, real=0.00 secs] 
2020-10-29T13:18:53.348+0000: [GC (Allocation Failure) 2020-10-29T13:18:53.348+0000: [ParNew: 16388K->4K(18432K), 0.0035102 secs] 532999K->516615K(782456K), 0.0035791 secs] [Times: user=0.00 sys=0.00, real=0.00 secs] 
2020-10-29T13:18:53.367+0000: [GC (Allocation Failure) 2020-10-29T13:18:53.367+0000: [ParNew: 16388K->4K(18432K), 0.0032284 secs] 532999K->516615K(782456K), 0.0032845 secs] [Times: user=0.01 sys=0.00, real=0.00 secs] 
2020-10-29T13:18:53.387+0000: [GC (Allocation Failure) 2020-10-29T13:18:53.387+0000: [ParNew: 16388K->4K(18432K), 0.0032088 secs] 532999K->516615K(782456K), 0.0032681 secs] [Times: user=0.00 sys=0.00, real=0.00 secs] 
2020-10-29T13:18:53.405+0000: [GC (Allocation Failure) 2020-10-29T13:18:53.405+0000: [ParNew: 16388K->4K(18432K), 0.0033291 secs] 532999K->516615K(782456K), 0.0033930 secs] [Times: user=0.01 sys=0.00, real=0.01 secs] 
2020-10-29T13:18:53.423+0000: [GC (Allocation Failure) 2020-10-29T13:18:53.423+0000: [ParNew: 16388K->4K(18432K), 0.0033397 secs] 532999K->516615K(782456K), 0.0034043 secs] [Times: user=0.01 sys=0.00, real=0.00 secs] 
2020-10-29T13:18:53.442+0000: [GC (Allocation Failure) 2020-10-29T13:18:53.442+0000: [ParNew: 16388K->4K(18432K), 0.0034063 secs] 532999K->516615K(782456K), 0.0034746 secs] [Times: user=0.01 sys=0.00, real=0.00 secs] 
2020-10-29T13:18:53.463+0000: [GC (Allocation Failure) 2020-10-29T13:18:53.463+0000: [ParNew: 16388K->4K(18432K), 0.0034694 secs] 532999K->516615K(782456K), 0.0035384 secs] [Times: user=0.00 sys=0.00, real=0.00 secs] 
2020-10-29T13:18:53.483+0000: [GC (Allocation Failure) 2020-10-29T13:18:53.483+0000: [ParNew: 16388K->4K(18432K), 0.0034451 secs] 532999K->516615K(782456K), 0.0035159 secs] [Times: user=0.00 sys=0.00, real=0.00 secs] 
2020-10-29T13:18:53.501+0000: [GC (Allocation Failure) 2020-10-29T13:18:53.501+0000: [ParNew: 16388K->4K(18432K), 0.0034717 secs] 532999K->516615K(782456K), 0.0035423 secs] [Times: user=0.00 sys=0.00, real=0.00 secs] 
2020-10-29T13:18:53.523+0000: [GC (Allocation Failure) 2020-10-29T13:18:53.523+0000: [ParNew: 16388K->4K(18432K), 0.0034003 secs] 532999K->516615K(782456K), 0.0034632 secs] [Times: user=0.01 sys=0.00, real=0.00 secs] 
2020-10-29T13:18:53.543+0000: [GC (Allocation Failure) 2020-10-29T13:18:53.543+0000: [ParNew: 16388K->4K(18432K), 0.0034734 secs] 532999K->516615K(782456K), 0.0035467 secs] [Times: user=0.01 sys=0.00, real=0.00 secs] 
2020-10-29T13:18:53.563+0000: [GC (Allocation Failure) 2020-10-29T13:18:53.563+0000: [ParNew: 16388K->4K(18432K), 0.0034450 secs] 532999K->516615K(782456K), 0.0035146 secs] [Times: user=0.00 sys=0.00, real=0.00 secs] 
2020-10-29T13:18:53.583+0000: [GC (Allocation Failure) 2020-10-29T13:18:53.583+0000: [ParNew: 16388K->4K(18432K), 0.0029640 secs] 532999K->516615K(782456K), 0.0030210 secs] [Times: user=0.00 sys=0.00, real=0.00 secs] 
2020-10-29T13:18:53.601+0000: [GC (Allocation Failure) 2020-10-29T13:18:53.601+0000: [ParNew: 16388K->4K(18432K), 0.0035243 secs] 532999K->516615K(782456K), 0.0035894 secs] [Times: user=0.00 sys=0.00, real=0.00 secs] 
2020-10-29T13:18:53.619+0000: [GC (Allocation Failure) 2020-10-29T13:18:53.619+0000: [ParNew: 16388K->4K(18432K), 0.0029695 secs] 532999K->516615K(782456K), 0.0030355 secs] [Times: user=0.01 sys=0.00, real=0.00 secs] 
2020-10-29T13:18:53.637+0000: [GC (Allocation Failure) 2020-10-29T13:18:53.637+0000: [ParNew: 16388K->4K(18432K), 0.0033689 secs] 532999K->516615K(782456K), 0.0034342 secs] [Times: user=0.00 sys=0.00, real=0.00 secs] 
2020-10-29T13:18:53.659+0000: [GC (Allocation Failure) 2020-10-29T13:18:53.659+0000: [ParNew: 16388K->4K(18432K), 0.0034073 secs] 532999K->516615K(782456K), 0.0034732 secs] [Times: user=0.00 sys=0.00, real=0.00 secs] 
2020-10-29T13:18:53.679+0000: [GC (Allocation Failure) 2020-10-29T13:18:53.679+0000: [ParNew: 16388K->4K(18432K), 0.0030236 secs] 532999K->516615K(782456K), 0.0030791 secs] [Times: user=0.01 sys=0.00, real=0.00 secs] 
2020-10-29T13:18:53.697+0000: [GC (Allocation Failure) 2020-10-29T13:18:53.697+0000: [ParNew: 16388K->4K(18432K), 0.0031970 secs] 532999K->516615K(782456K), 0.0032597 secs] [Times: user=0.01 sys=0.00, real=0.00 secs] 
2020-10-29T13:18:53.715+0000: [GC (Allocation Failure) 2020-10-29T13:18:53.715+0000: [ParNew: 16388K->4K(18432K), 0.0030568 secs] 532999K->516615K(782456K), 0.0031142 secs] [Times: user=0.00 sys=0.00, real=0.00 secs] 
2020-10-29T13:18:53.733+0000: [GC (Allocation Failure) 2020-10-29T13:18:53.733+0000: [ParNew: 16388K->4K(18432K), 0.0034333 secs] 532999K->516615K(782456K), 0.0035192 secs] [Times: user=0.01 sys=0.00, real=0.01 secs] 
2020-10-29T13:18:53.751+0000: [GC (Allocation Failure) 2020-10-29T13:18:53.751+0000: [ParNew: 16388K->4K(18432K), 0.0034264 secs] 532999K->516615K(782456K), 0.0034914 secs] [Times: user=0.00 sys=0.00, real=0.01 secs] 
2020-10-29T13:18:53.770+0000: [GC (Allocation Failure) 2020-10-29T13:18:53.770+0000: [ParNew: 16388K->4K(18432K), 0.0030798 secs] 532999K->516615K(782456K), 0.0031347 secs] [Times: user=0.01 sys=0.00, real=0.00 secs] 
2020-10-29T13:18:53.791+0000: [GC (Allocation Failure) 2020-10-29T13:18:53.791+0000: [ParNew: 16388K->4K(18432K), 0.0034433 secs] 532999K->516615K(782456K), 0.0035120 secs] [Times: user=0.01 sys=0.00, real=0.00 secs] 
2020-10-29T13:18:53.811+0000: [GC (Allocation Failure) 2020-10-29T13:18:53.811+0000: [ParNew: 16388K->4K(18432K), 0.0033608 secs] 532999K->516615K(782456K), 0.0034248 secs] [Times: user=0.00 sys=0.00, real=0.00 secs] 
2020-10-29T13:18:53.829+0000: [GC (Allocation Failure) 2020-10-29T13:18:53.829+0000: [ParNew: 16388K->4K(18432K), 0.0032275 secs] 532999K->516615K(782456K), 0.0032899 secs] [Times: user=0.01 sys=0.00, real=0.00 secs] 
2020-10-29T13:18:53.851+0000: [GC (Allocation Failure) 2020-10-29T13:18:53.851+0000: [ParNew: 16388K->4K(18432K), 0.0030408 secs] 532999K->516615K(782456K), 0.0030986 secs] [Times: user=0.01 sys=0.00, real=0.00 secs] 
2020-10-29T13:18:53.869+0000: [GC (Allocation Failure) 2020-10-29T13:18:53.869+0000: [ParNew: 16388K->4K(18432K), 0.0028766 secs] 532999K->516615K(782456K), 0.0029300 secs] [Times: user=0.00 sys=0.00, real=0.00 secs] 
2020-10-29T13:18:53.887+0000: [GC (Allocation Failure) 2020-10-29T13:18:53.887+0000: [ParNew: 16388K->4K(18432K), 0.0032173 secs] 532999K->516615K(782456K), 0.0032929 secs] [Times: user=0.01 sys=0.00, real=0.01 secs] 
2020-10-29T13:18:53.905+0000: [GC (Allocation Failure) 2020-10-29T13:18:53.905+0000: [ParNew: 16388K->4K(18432K), 0.0034933 secs] 532999K->516615K(782456K), 0.0035630 secs] [Times: user=0.01 sys=0.00, real=0.01 secs] 
2020-10-29T13:18:53.927+0000: [GC (Allocation Failure) 2020-10-29T13:18:53.927+0000: [ParNew: 16388K->4K(18432K), 0.0035502 secs] 532999K->516615K(782456K), 0.0036228 secs] [Times: user=0.01 sys=0.00, real=0.00 secs] 
2020-10-29T13:18:53.945+0000: [GC (Allocation Failure) 2020-10-29T13:18:53.945+0000: [ParNew: 16388K->4K(18432K), 0.0032543 secs] 532999K->516615K(782456K), 0.0033158 secs] [Times: user=0.01 sys=0.00, real=0.01 secs] 
2020-10-29T13:18:53.964+0000: [GC (Allocation Failure) 2020-10-29T13:18:53.964+0000: [ParNew: 16388K->4K(18432K), 0.0033200 secs] 532999K->516615K(782456K), 0.0033845 secs] [Times: user=0.01 sys=0.00, real=0.01 secs] 
2020-10-29T13:18:53.982+0000: [GC (Allocation Failure) 2020-10-29T13:18:53.982+0000: [ParNew: 16388K->4K(18432K), 0.0034995 secs] 532999K->516615K(782456K), 0.0035711 secs] [Times: user=0.01 sys=0.00, real=0.00 secs] 
2020-10-29T13:18:54.000+0000: [GC (Allocation Failure) 2020-10-29T13:18:54.000+0000: [ParNew: 16388K->4K(18432K), 0.0034852 secs] 532999K->516615K(782456K), 0.0035667 secs] [Times: user=0.01 sys=0.00, real=0.00 secs] 
2020-10-29T13:18:54.023+0000: [GC (Allocation Failure) 2020-10-29T13:18:54.023+0000: [ParNew: 16388K->4K(18432K), 0.0033693 secs] 532999K->516615K(782456K), 0.0034452 secs] [Times: user=0.01 sys=0.00, real=0.00 secs] 
2020-10-29T13:18:54.043+0000: [GC (Allocation Failure) 2020-10-29T13:18:54.043+0000: [ParNew: 16388K->4K(18432K), 0.0033992 secs] 532999K->516615K(782456K), 0.0034680 secs] [Times: user=0.00 sys=0.00, real=0.00 secs] 
2020-10-29T13:18:54.061+0000: [GC (Allocation Failure) 2020-10-29T13:18:54.061+0000: [ParNew: 16388K->4K(18432K), 0.0034166 secs] 532999K->516615K(782456K), 0.0034920 secs] [Times: user=0.01 sys=0.00, real=0.00 secs] 
2020-10-29T13:18:54.080+0000: [GC (Allocation Failure) 2020-10-29T13:18:54.080+0000: [ParNew: 16388K->4K(18432K), 0.0035858 secs] 532999K->516615K(782456K), 0.0036508 secs] [Times: user=0.01 sys=0.00, real=0.00 secs] 
2020-10-29T13:18:54.099+0000: [GC (Allocation Failure) 2020-10-29T13:18:54.099+0000: [ParNew: 16388K->4K(18432K), 0.0031932 secs] 532999K->516615K(782456K), 0.0032538 secs] [Times: user=0.01 sys=0.00, real=0.00 secs] 
2020-10-29T13:18:54.117+0000: [GC (Allocation Failure) 2020-10-29T13:18:54.117+0000: [ParNew: 16388K->4K(18432K), 0.0034283 secs] 532999K->516615K(782456K), 0.0034944 secs] [Times: user=0.01 sys=0.00, real=0.00 secs] 
2020-10-29T13:18:54.135+0000: [GC (Allocation Failure) 2020-10-29T13:18:54.136+0000: [ParNew: 16388K->4K(18432K), 0.0035423 secs] 532999K->516615K(782456K), 0.0036138 secs] [Times: user=0.00 sys=0.00, real=0.00 secs] 
2020-10-29T13:18:54.155+0000: [GC (Allocation Failure) 2020-10-29T13:18:54.155+0000: [ParNew: 16388K->4K(18432K), 0.0053421 secs] 532999K->516615K(782456K), 0.0054127 secs] [Times: user=0.01 sys=0.00, real=0.00 secs] 
2020-10-29T13:18:54.179+0000: [GC (Allocation Failure) 2020-10-29T13:18:54.179+0000: [ParNew: 16388K->4K(18432K), 0.0035144 secs] 532999K->516615K(782456K), 0.0035847 secs] [Times: user=0.01 sys=0.00, real=0.00 secs] 
2020-10-29T13:18:54.197+0000: [GC (Allocation Failure) 2020-10-29T13:18:54.197+0000: [ParNew: 16388K->4K(18432K), 0.0035787 secs] 532999K->516615K(782456K), 0.0036532 secs] [Times: user=0.01 sys=0.00, real=0.00 secs] 
2020-10-29T13:18:54.223+0000: [GC (Allocation Failure) 2020-10-29T13:18:54.223+0000: [ParNew: 16388K->4K(18432K), 0.0035454 secs] 532999K->516615K(782456K), 0.0036167 secs] [Times: user=0.01 sys=0.00, real=0.01 secs] 
2020-10-29T13:18:54.255+0000: [GC (Allocation Failure) 2020-10-29T13:18:54.255+0000: [ParNew: 16388K->4K(18432K), 0.0034909 secs] 532999K->516615K(782456K), 0.0035742 secs] [Times: user=0.00 sys=0.00, real=0.00 secs] 
2020-10-29T13:18:54.287+0000: [GC (Allocation Failure) 2020-10-29T13:18:54.287+0000: [ParNew: 16388K->4K(18432K), 0.0034271 secs] 532999K->516615K(782456K), 0.0034961 secs] [Times: user=0.01 sys=0.00, real=0.00 secs] 
2020-10-29T13:18:54.319+0000: [GC (Allocation Failure) 2020-10-29T13:18:54.319+0000: [ParNew: 16388K->4K(18432K), 0.0034598 secs] 532999K->516615K(782456K), 0.0035309 secs] [Times: user=0.01 sys=0.00, real=0.00 secs] 
2020-10-29T13:18:54.351+0000: [GC (Allocation Failure) 2020-10-29T13:18:54.351+0000: [ParNew: 16388K->4K(18432K), 0.0034032 secs] 532999K->516615K(782456K), 0.0034709 secs] [Times: user=0.01 sys=0.00, real=0.00 secs] 
2020-10-29T13:18:54.383+0000: [GC (Allocation Failure) 2020-10-29T13:18:54.383+0000: [ParNew: 16388K->4K(18432K), 0.0034658 secs] 532999K->516616K(782456K), 0.0035354 secs] [Times: user=0.01 sys=0.00, real=0.00 secs] 
2020-10-29T13:18:54.415+0000: [GC (Allocation Failure) 2020-10-29T13:18:54.415+0000: [ParNew: 16388K->4K(18432K), 0.0034811 secs] 533000K->516617K(782456K), 0.0035518 secs] [Times: user=0.00 sys=0.00, real=0.00 secs] 
2020-10-29T13:18:54.447+0000: [GC (Allocation Failure) 2020-10-29T13:18:54.447+0000: [ParNew: 16388K->4K(18432K), 0.0034424 secs] 533001K->516617K(782456K), 0.0035234 secs] [Times: user=0.00 sys=0.00, real=0.00 secs] 
2020-10-29T13:18:54.479+0000: [GC (Allocation Failure) 2020-10-29T13:18:54.479+0000: [ParNew: 16388K->4K(18432K), 0.0034921 secs] 533001K->516617K(782456K), 0.0035638 secs] [Times: user=0.01 sys=0.00, real=0.00 secs] 
2020-10-29T13:18:54.878+0000: [GC (Allocation Failure) 2020-10-29T13:18:54.878+0000: [ParNew: 16388K->4K(18432K), 0.0035081 secs] 533001K->516617K(782456K), 0.0035777 secs] [Times: user=0.01 sys=0.00, real=0.00 secs] 
2020-10-29T13:18:55.210+0000: [GC (Allocation Failure) 2020-10-29T13:18:55.210+0000: [ParNew: 16388K->4K(18432K), 0.0035072 secs] 533001K->516617K(782456K), 0.0035970 secs] [Times: user=0.01 sys=0.00, real=0.00 secs] 
2020-10-29T13:18:55.329+0000: [GC (Allocation Failure) 2020-10-29T13:18:55.329+0000: [ParNew: 16388K->4K(18432K), 0.0034405 secs] 533001K->516617K(782456K), 0.0035356 secs] [Times: user=0.01 sys=0.00, real=0.00 secs] 
2020-10-29T13:18:55.402+0000: [GC (Allocation Failure) 2020-10-29T13:18:55.402+0000: [ParNew: 16388K->4K(18432K), 0.0034738 secs] 533001K->516617K(782456K), 0.0035472 secs] [Times: user=0.01 sys=0.00, real=0.00 secs] 
2020-10-29T13:18:55.447+0000: [GC (Allocation Failure) 2020-10-29T13:18:55.447+0000: [ParNew: 16388K->4K(18432K), 0.0034670 secs] 533001K->516617K(782456K), 0.0035551 secs] [Times: user=0.01 sys=0.01, real=0.00 secs] 
2020-10-29T13:18:55.491+0000: [GC (Allocation Failure) 2020-10-29T13:18:55.491+0000: [ParNew: 16388K->4K(18432K), 0.0034130 secs] 533001K->516617K(782456K), 0.0034969 secs] [Times: user=0.00 sys=0.00, real=0.00 secs] 
2020-10-29T13:18:55.539+0000: [GC (Allocation Failure) 2020-10-29T13:18:55.539+0000: [ParNew: 16388K->4K(18432K), 0.0034253 secs] 533001K->516618K(782456K), 0.0034960 secs] [Times: user=0.00 sys=0.00, real=0.00 secs] 
2020-10-29T13:18:55.583+0000: [GC (Allocation Failure) 2020-10-29T13:18:55.583+0000: [ParNew: 16388K->4K(18432K), 0.0035162 secs] 533002K->516618K(782456K), 0.0035876 secs] [Times: user=0.00 sys=0.00, real=0.01 secs] 
2020-10-29T13:18:55.673+0000: [GC (Allocation Failure) 2020-10-29T13:18:55.673+0000: [ParNew: 16388K->4K(18432K), 0.0035215 secs] 533002K->516618K(782456K), 0.0035964 secs] [Times: user=0.00 sys=0.00, real=0.01 secs] 
2020-10-29T13:18:55.739+0000: [GC (Allocation Failure) 2020-10-29T13:18:55.739+0000: [ParNew: 16388K->4K(18432K), 0.0034964 secs] 533002K->516619K(782456K), 0.0035696 secs] [Times: user=0.00 sys=0.00, real=0.00 secs] 
2020-10-29T13:18:56.762+0000: [GC (Allocation Failure) 2020-10-29T13:18:56.762+0000: [ParNew: 16388K->1086K(18432K), 0.0062888 secs] 533003K->517701K(782456K), 0.0063965 secs] [Times: user=0.02 sys=0.00, real=0.01 secs] 
2020-10-29T13:18:56.964+0000: [GC (Allocation Failure) 2020-10-29T13:18:56.964+0000: [ParNew: 17470K->2048K(18432K), 0.0162118 secs] 534085K->519152K(782456K), 0.0163200 secs] [Times: user=0.03 sys=0.00, real=0.02 secs] 
2020-10-29T13:18:57.044+0000: [GC (Allocation Failure) 2020-10-29T13:18:57.044+0000: [ParNew: 18432K->1252K(18432K), 0.0142485 secs] 535536K->519875K(782456K), 0.0143570 secs] [Times: user=0.03 sys=0.00, real=0.02 secs] 
2020-10-29T13:18:57.106+0000: [GC (Allocation Failure) 2020-10-29T13:18:57.106+0000: [ParNew: 17636K->596K(18432K), 0.0072664 secs] 536259K->519219K(782456K), 0.0073689 secs] [Times: user=0.02 sys=0.00, real=0.01 secs] 
2020-10-29T13:18:57.159+0000: [GC (Allocation Failure) 2020-10-29T13:18:57.159+0000: [ParNew: 16980K->582K(18432K), 0.0073369 secs] 535603K->519205K(782456K), 0.0074345 secs] [Times: user=0.01 sys=0.00, real=0.00 secs] 
2020-10-29T13:18:57.211+0000: [GC (Allocation Failure) 2020-10-29T13:18:57.211+0000: [ParNew: 16966K->1319K(18432K), 0.0038042 secs] 535589K->519942K(782456K), 0.0038785 secs] [Times: user=0.01 sys=0.00, real=0.01 secs] 
2020-10-29T13:18:57.248+0000: [GC (Allocation Failure) 2020-10-29T13:18:57.248+0000: [ParNew: 17703K->529K(18432K), 0.0038460 secs] 536326K->519680K(782456K), 0.0039214 secs] [Times: user=0.01 sys=0.00, real=0.00 secs] 
2020-10-29T13:18:57.287+0000: [GC (Allocation Failure) 2020-10-29T13:18:57.287+0000: [ParNew: 16913K->516K(18432K), 0.0036022 secs] 536064K->519668K(782456K), 0.0037019 secs] [Times: user=0.01 sys=0.00, real=0.00 secs] 
2020-10-29T13:18:57.338+0000: [GC (Allocation Failure) 2020-10-29T13:18:57.338+0000: [ParNew: 16900K->516K(18432K), 0.0035289 secs] 536052K->519667K(782456K), 0.0036238 secs] [Times: user=0.01 sys=0.00, real=0.00 secs] 
2020-10-29T13:18:57.395+0000: [GC (Allocation Failure) 2020-10-29T13:18:57.395+0000: [ParNew: 16900K->4K(18432K), 0.0034939 secs] 536051K->519155K(782456K), 0.0035673 secs] [Times: user=0.01 sys=0.00, real=0.00 secs] 
2020-10-29T13:18:57.431+0000: [GC (Allocation Failure) 2020-10-29T13:18:57.431+0000: [ParNew: 16388K->4K(18432K), 0.0070104 secs] 535539K->519155K(782456K), 0.0070811 secs] [Times: user=0.01 sys=0.00, real=0.01 secs] 
2020-10-29T13:18:57.475+0000: [GC (Allocation Failure) 2020-10-29T13:18:57.475+0000: [ParNew: 16388K->4K(18432K), 0.0034080 secs] 535539K->519155K(782456K), 0.0034764 secs] [Times: user=0.01 sys=0.00, real=0.00 secs] 
2020-10-29T13:18:57.516+0000: [GC (Allocation Failure) 2020-10-29T13:18:57.516+0000: [ParNew: 16388K->4K(18432K), 0.0034597 secs] 535539K->519155K(782456K), 0.0035327 secs] [Times: user=0.01 sys=0.00, real=0.00 secs] 
2020-10-29T13:18:57.548+0000: [GC (Allocation Failure) 2020-10-29T13:18:57.548+0000: [ParNew: 16388K->4K(18432K), 0.0034642 secs] 535539K->519155K(782456K), 0.0035573 secs] [Times: user=0.00 sys=0.00, real=0.00 secs] 
2020-10-29T13:18:57.575+0000: [GC (Allocation Failure) 2020-10-29T13:18:57.575+0000: [ParNew: 16388K->4K(18432K), 0.0034273 secs] 535539K->519155K(782456K), 0.0034985 secs] [Times: user=0.00 sys=0.00, real=0.00 secs] 
2020-10-29T13:18:57.596+0000: [GC (Allocation Failure) 2020-10-29T13:18:57.596+0000: [ParNew: 16388K->4K(18432K), 0.0034955 secs] 535539K->519155K(782456K), 0.0035710 secs] [Times: user=0.01 sys=0.00, real=0.00 secs] 
2020-10-29T13:18:57.618+0000: [GC (Allocation Failure) 2020-10-29T13:18:57.618+0000: [ParNew: 16388K->4K(18432K), 0.0035516 secs] 535539K->519155K(782456K), 0.0036226 secs] [Times: user=0.01 sys=0.00, real=0.00 secs] 
2020-10-29T13:18:57.647+0000: [GC (Allocation Failure) 2020-10-29T13:18:57.647+0000: [ParNew: 16388K->4K(18432K), 0.0034786 secs] 535539K->519155K(782456K), 0.0035768 secs] [Times: user=0.01 sys=0.00, real=0.00 secs] 
2020-10-29T13:18:57.672+0000: [GC (Allocation Failure) 2020-10-29T13:18:57.672+0000: [ParNew: 16388K->4K(18432K), 0.0035265 secs] 535539K->519155K(782456K), 0.0035971 secs] [Times: user=0.01 sys=0.00, real=0.01 secs] 
2020-10-29T13:18:57.693+0000: [GC (Allocation Failure) 2020-10-29T13:18:57.693+0000: [ParNew: 16388K->4K(18432K), 0.0034938 secs] 535539K->519155K(782456K), 0.0035658 secs] [Times: user=0.00 sys=0.00, real=0.01 secs] 
2020-10-29T13:18:57.715+0000: [GC (Allocation Failure) 2020-10-29T13:18:57.715+0000: [ParNew: 16388K->4K(18432K), 0.0032603 secs] 535539K->519155K(782456K), 0.0033261 secs] [Times: user=0.01 sys=0.00, real=0.00 secs] 
2020-10-29T13:18:57.745+0000: [GC (Allocation Failure) 2020-10-29T13:18:57.745+0000: [ParNew: 16388K->4K(18432K), 0.0034717 secs] 535539K->519155K(782456K), 0.0035457 secs] [Times: user=0.01 sys=0.00, real=0.01 secs] 
2020-10-29T13:18:57.770+0000: [GC (Allocation Failure) 2020-10-29T13:18:57.770+0000: [ParNew: 16388K->4K(18432K), 0.0034028 secs] 535539K->519155K(782456K), 0.0034686 secs] [Times: user=0.01 sys=0.00, real=0.00 secs] 
2020-10-29T13:18:57.799+0000: [GC (Allocation Failure) 2020-10-29T13:18:57.799+0000: [ParNew: 16388K->4K(18432K), 0.0034565 secs] 535539K->519156K(782456K), 0.0035266 secs] [Times: user=0.00 sys=0.00, real=0.00 secs] 
2020-10-29T13:18:57.825+0000: [GC (Allocation Failure) 2020-10-29T13:18:57.825+0000: [ParNew: 16388K->4K(18432K), 0.0035549 secs] 535540K->519156K(782456K), 0.0036566 secs] [Times: user=0.01 sys=0.00, real=0.01 secs] 
2020-10-29T13:18:57.855+0000: [GC (Allocation Failure) 2020-10-29T13:18:57.855+0000: [ParNew: 16388K->4K(18432K), 0.0034838 secs] 535540K->519156K(782456K), 0.0035687 secs] [Times: user=0.01 sys=0.00, real=0.00 secs] 
2020-10-29T13:18:57.894+0000: [GC (Allocation Failure) 2020-10-29T13:18:57.894+0000: [ParNew: 16388K->4K(18432K), 0.0053065 secs] 535540K->519156K(782456K), 0.0053824 secs] [Times: user=0.01 sys=0.00, real=0.01 secs] 
2020-10-29T13:18:57.934+0000: [GC (Allocation Failure) 2020-10-29T13:18:57.934+0000: [ParNew: 16388K->4K(18432K), 0.0083130 secs] 535540K->519156K(782456K), 0.0083910 secs] [Times: user=0.02 sys=0.00, real=0.01 secs] 
2020-10-29T13:18:57.978+0000: [GC (Allocation Failure) 2020-10-29T13:18:57.978+0000: [ParNew: 16388K->4K(18432K), 0.0035078 secs] 535540K->519156K(782456K), 0.0035841 secs] [Times: user=0.01 sys=0.00, real=0.00 secs] 
2020-10-29T13:18:58.018+0000: [GC (Allocation Failure) 2020-10-29T13:18:58.018+0000: [ParNew: 16388K->4K(18432K), 0.0104414 secs] 535540K->519156K(782456K), 0.0105251 secs] [Times: user=0.02 sys=0.00, real=0.01 secs] 
2020-10-29T13:18:58.063+0000: [GC (Allocation Failure) 2020-10-29T13:18:58.063+0000: [ParNew: 16388K->2K(18432K), 0.0076659 secs] 535540K->519154K(782456K), 0.0077728 secs] [Times: user=0.02 sys=0.00, real=0.01 secs] 
2020-10-29T13:18:58.105+0000: [GC (Allocation Failure) 2020-10-29T13:18:58.105+0000: [ParNew: 16386K->4K(18432K), 0.0097623 secs] 535538K->519156K(782456K), 0.0098623 secs] [Times: user=0.02 sys=0.00, real=0.02 secs] 
2020-10-29T13:18:58.151+0000: [GC (Allocation Failure) 2020-10-29T13:18:58.151+0000: [ParNew: 16388K->4K(18432K), 0.0072951 secs] 535540K->519156K(782456K), 0.0073977 secs] [Times: user=0.01 sys=0.00, real=0.01 secs] 
2020-10-29T13:18:58.183+0000: [GC (Allocation Failure) 2020-10-29T13:18:58.184+0000: [ParNew: 16388K->4K(18432K), 0.0035206 secs] 535540K->519156K(782456K), 0.0036128 secs] [Times: user=0.01 sys=0.00, real=0.01 secs] 
2020-10-29T13:18:58.211+0000: [GC (Allocation Failure) 2020-10-29T13:18:58.211+0000: [ParNew: 16388K->4K(18432K), 0.0034122 secs] 535540K->519156K(782456K), 0.0034811 secs] [Times: user=0.00 sys=0.00, real=0.00 secs] 
2020-10-29T13:18:58.237+0000: [GC (Allocation Failure) 2020-10-29T13:18:58.237+0000: [ParNew: 16388K->4K(18432K), 0.0034986 secs] 535540K->519156K(782456K), 0.0035713 secs] [Times: user=0.00 sys=0.00, real=0.00 secs] 
2020-10-29T13:18:58.263+0000: [GC (Allocation Failure) 2020-10-29T13:18:58.263+0000: [ParNew: 16388K->4K(18432K), 0.0037204 secs] 535540K->519156K(782456K), 0.0038163 secs] [Times: user=0.00 sys=0.00, real=0.01 secs] 
2020-10-29T13:18:58.284+0000: [GC (Allocation Failure) 2020-10-29T13:18:58.284+0000: [ParNew: 16388K->4K(18432K), 0.0035423 secs] 535540K->519156K(782456K), 0.0036151 secs] [Times: user=0.01 sys=0.00, real=0.01 secs] 
2020-10-29T13:18:58.307+0000: [GC (Allocation Failure) 2020-10-29T13:18:58.307+0000: [ParNew: 16388K->4K(18432K), 0.0033771 secs] 535540K->519156K(782456K), 0.0034466 secs] [Times: user=0.01 sys=0.00, real=0.00 secs] 
2020-10-29T13:18:58.327+0000: [GC (Allocation Failure) 2020-10-29T13:18:58.327+0000: [ParNew: 16388K->4K(18432K), 0.0031917 secs] 535540K->519156K(782456K), 0.0032541 secs] [Times: user=0.01 sys=0.00, real=0.00 secs] 
2020-10-29T13:18:58.346+0000: [GC (Allocation Failure) 2020-10-29T13:18:58.346+0000: [ParNew: 16388K->4K(18432K), 0.0033441 secs] 535540K->519156K(782456K), 0.0034097 secs] [Times: user=0.01 sys=0.00, real=0.01 secs] 
2020-10-29T13:18:58.367+0000: [GC (Allocation Failure) 2020-10-29T13:18:58.367+0000: [ParNew: 16388K->4K(18432K), 0.0034177 secs] 535540K->519156K(782456K), 0.0034889 secs] [Times: user=0.01 sys=0.00, real=0.00 secs] 
2020-10-29T13:18:58.387+0000: [GC (Allocation Failure) 2020-10-29T13:18:58.387+0000: [ParNew: 16388K->4K(18432K), 0.0032053 secs] 535540K->519156K(782456K), 0.0032641 secs] [Times: user=0.00 sys=0.00, real=0.00 secs] 
2020-10-29T13:18:58.407+0000: [GC (Allocation Failure) 2020-10-29T13:18:58.407+0000: [ParNew: 16388K->4K(18432K), 0.0033299 secs] 535540K->519156K(782456K), 0.0033959 secs] [Times: user=0.00 sys=0.00, real=0.00 secs] 
2020-10-29T13:18:58.426+0000: [GC (Allocation Failure) 2020-10-29T13:18:58.426+0000: [ParNew: 16388K->4K(18432K), 0.0034919 secs] 535540K->519156K(782456K), 0.0035621 secs] [Times: user=0.01 sys=0.00, real=0.01 secs] 
2020-10-29T13:18:58.445+0000: [GC (Allocation Failure) 2020-10-29T13:18:58.445+0000: [ParNew: 16388K->4K(18432K), 0.0034202 secs] 535540K->519156K(782456K), 0.0034885 secs] [Times: user=0.01 sys=0.00, real=0.01 secs] 
2020-10-29T13:18:58.467+0000: [GC (Allocation Failure) 2020-10-29T13:18:58.467+0000: [ParNew: 16388K->4K(18432K), 0.0033925 secs] 535540K->519156K(782456K), 0.0034590 secs] [Times: user=0.01 sys=0.00, real=0.00 secs] 
2020-10-29T13:18:58.486+0000: [GC (Allocation Failure) 2020-10-29T13:18:58.486+0000: [ParNew: 16388K->4K(18432K), 0.0034144 secs] 535540K->519156K(782456K), 0.0034820 secs] [Times: user=0.00 sys=0.00, real=0.01 secs] 
2020-10-29T13:18:58.507+0000: [GC (Allocation Failure) 2020-10-29T13:18:58.507+0000: [ParNew: 16388K->4K(18432K), 0.0035588 secs] 535540K->519156K(782456K), 0.0036325 secs] [Times: user=0.01 sys=0.00, real=0.00 secs] 
2020-10-29T13:18:58.527+0000: [GC (Allocation Failure) 2020-10-29T13:18:58.527+0000: [ParNew: 16388K->4K(18432K), 0.0035014 secs] 535540K->519156K(782456K), 0.0035744 secs] [Times: user=0.00 sys=0.00, real=0.00 secs] 
2020-10-29T13:18:58.547+0000: [GC (Allocation Failure) 2020-10-29T13:18:58.547+0000: [ParNew: 16388K->4K(18432K), 0.0035406 secs] 535540K->519156K(782456K), 0.0036161 secs] [Times: user=0.01 sys=0.00, real=0.00 secs] 
2020-10-29T13:18:58.567+0000: [GC (Allocation Failure) 2020-10-29T13:18:58.567+0000: [ParNew: 16385K->4K(18432K), 0.0035709 secs] 535538K->519156K(782456K), 0.0036446 secs] [Times: user=0.01 sys=0.00, real=0.00 secs] 
2020-10-29T13:18:58.587+0000: [GC (Allocation Failure) 2020-10-29T13:18:58.587+0000: [ParNew: 16388K->4K(18432K), 0.0035045 secs] 535540K->519156K(782456K), 0.0035786 secs] [Times: user=0.01 sys=0.00, real=0.00 secs] 
2020-10-29T13:18:58.606+0000: [GC (Allocation Failure) 2020-10-29T13:18:58.606+0000: [ParNew: 16388K->4K(18432K), 0.0035272 secs] 535540K->519156K(782456K), 0.0036085 secs] [Times: user=0.01 sys=0.00, real=0.01 secs] 
2020-10-29T13:18:58.627+0000: [GC (Allocation Failure) 2020-10-29T13:18:58.627+0000: [ParNew: 16388K->4K(18432K), 0.0048864 secs] 535540K->519157K(782456K), 0.0049939 secs] [Times: user=0.01 sys=0.00, real=0.00 secs] 
2020-10-29T13:18:58.648+0000: [GC (Allocation Failure) 2020-10-29T13:18:58.649+0000: [ParNew: 16388K->4K(18432K), 0.0037733 secs] 535541K->519157K(782456K), 0.0038570 secs] [Times: user=0.00 sys=0.00, real=0.00 secs] 
2020-10-29T13:18:58.672+0000: [GC (Allocation Failure) 2020-10-29T13:18:58.672+0000: [ParNew: 16388K->4K(18432K), 0.0035236 secs] 535541K->519157K(782456K), 0.0035973 secs] [Times: user=0.01 sys=0.00, real=0.01 secs] 
2020-10-29T13:18:58.691+0000: [GC (Allocation Failure) 2020-10-29T13:18:58.691+0000: [ParNew: 16388K->4K(18432K), 0.0034958 secs] 535541K->519157K(782456K), 0.0035687 secs] [Times: user=0.00 sys=0.00, real=0.01 secs] 
2020-10-29T13:18:58.714+0000: [GC (Allocation Failure) 2020-10-29T13:18:58.714+0000: [ParNew: 16388K->4K(18432K), 0.0034314 secs] 535541K->519157K(782456K), 0.0034994 secs] [Times: user=0.01 sys=0.00, real=0.01 secs] 
2020-10-29T13:18:58.734+0000: [GC (Allocation Failure) 2020-10-29T13:18:58.734+0000: [ParNew: 16388K->4K(18432K), 0.0033119 secs] 535541K->519157K(782456K), 0.0033764 secs] [Times: user=0.00 sys=0.00, real=0.01 secs] 
2020-10-29T13:18:58.755+0000: [GC (Allocation Failure) 2020-10-29T13:18:58.755+0000: [ParNew: 16388K->4K(18432K), 0.0030950 secs] 535541K->519157K(782456K), 0.0031569 secs] [Times: user=0.00 sys=0.00, real=0.00 secs] 
2020-10-29T13:18:58.775+0000: [GC (Allocation Failure) 2020-10-29T13:18:58.775+0000: [ParNew: 16388K->4K(18432K), 0.0033590 secs] 535541K->519157K(782456K), 0.0034255 secs] [Times: user=0.01 sys=0.00, real=0.00 secs] 
2020-10-29T13:18:58.795+0000: [GC (Allocation Failure) 2020-10-29T13:18:58.795+0000: [ParNew: 16388K->4K(18432K), 0.0033784 secs] 535541K->519157K(782456K), 0.0034436 secs] [Times: user=0.00 sys=0.00, real=0.01 secs] 
2020-10-29T13:18:58.813+0000: [GC (Allocation Failure) 2020-10-29T13:18:58.814+0000: [ParNew: 16388K->4K(18432K), 0.0036803 secs] 535541K->519157K(782456K), 0.0037561 secs] [Times: user=0.01 sys=0.00, real=0.01 secs] 
2020-10-29T13:18:58.836+0000: [GC (Allocation Failure) 2020-10-29T13:18:58.836+0000: [ParNew: 16388K->4K(18432K), 0.0035247 secs] 535541K->519157K(782456K), 0.0036096 secs] [Times: user=0.01 sys=0.00, real=0.00 secs] 
2020-10-29T13:18:58.856+0000: [GC (Allocation Failure) 2020-10-29T13:18:58.856+0000: [ParNew: 16388K->4K(18432K), 0.0035372 secs] 535541K->519157K(782456K), 0.0036099 secs] [Times: user=0.00 sys=0.00, real=0.00 secs] 
2020-10-29T13:18:58.875+0000: [GC (Allocation Failure) 2020-10-29T13:18:58.875+0000: [ParNew: 16388K->4K(18432K), 0.0034517 secs] 535541K->519157K(782456K), 0.0035231 secs] [Times: user=0.01 sys=0.00, real=0.00 secs] 
2020-10-29T13:18:58.894+0000: [GC (Allocation Failure) 2020-10-29T13:18:58.894+0000: [ParNew: 16388K->4K(18432K), 0.0033377 secs] 535541K->519157K(782456K), 0.0034043 secs] [Times: user=0.00 sys=0.00, real=0.01 secs] 
2020-10-29T13:18:58.915+0000: [GC (Allocation Failure) 2020-10-29T13:18:58.915+0000: [ParNew: 16388K->4K(18432K), 0.0035266 secs] 535541K->519157K(782456K), 0.0035982 secs] [Times: user=0.00 sys=0.00, real=0.00 secs] 
2020-10-29T13:18:58.934+0000: [GC (Allocation Failure) 2020-10-29T13:18:58.934+0000: [ParNew: 16388K->4K(18432K), 0.0034507 secs] 535541K->519157K(782456K), 0.0035213 secs] [Times: user=0.01 sys=0.00, real=0.01 secs] 
2020-10-29T13:18:58.953+0000: [GC (Allocation Failure) 2020-10-29T13:18:58.953+0000: [ParNew: 16388K->4K(18432K), 0.0034935 secs] 535541K->519157K(782456K), 0.0035821 secs] [Times: user=0.01 sys=0.00, real=0.01 secs] 
2020-10-29T13:18:58.972+0000: [GC (Allocation Failure) 2020-10-29T13:18:58.972+0000: [ParNew: 16388K->4K(18432K), 0.0034694 secs] 535541K->519157K(782456K), 0.0035394 secs] [Times: user=0.00 sys=0.00, real=0.01 secs] 
2020-10-29T13:18:58.995+0000: [GC (Allocation Failure) 2020-10-29T13:18:58.995+0000: [ParNew: 16388K->4K(18432K), 0.0034779 secs] 535541K->519157K(782456K), 0.0035446 secs] [Times: user=0.00 sys=0.00, real=0.00 secs] 
2020-10-29T13:18:59.014+0000: [GC (Allocation Failure) 2020-10-29T13:18:59.014+0000: [ParNew: 16388K->4K(18432K), 0.0035977 secs] 535541K->519157K(782456K), 0.0036703 secs] [Times: user=0.01 sys=0.00, real=0.01 secs] 
2020-10-29T13:18:59.035+0000: [GC (Allocation Failure) 2020-10-29T13:18:59.035+0000: [ParNew: 16388K->4K(18432K), 0.0034483 secs] 535541K->519157K(782456K), 0.0035203 secs] [Times: user=0.01 sys=0.00, real=0.00 secs] 
2020-10-29T13:18:59.055+0000: [GC (Allocation Failure) 2020-10-29T13:18:59.055+0000: [ParNew: 16388K->4K(18432K), 0.0034384 secs] 535541K->519157K(782456K), 0.0035080 secs] [Times: user=0.01 sys=0.00, real=0.00 secs] 
2020-10-29T13:18:59.074+0000: [GC (Allocation Failure) 2020-10-29T13:18:59.074+0000: [ParNew: 16388K->4K(18432K), 0.0035336 secs] 535541K->519157K(782456K), 0.0036076 secs] [Times: user=0.00 sys=0.00, real=0.01 secs] 
2020-10-29T13:18:59.094+0000: [GC (Allocation Failure) 2020-10-29T13:18:59.094+0000: [ParNew: 16388K->4K(18432K), 0.0036100 secs] 535541K->519157K(782456K), 0.0036853 secs] [Times: user=0.01 sys=0.00, real=0.01 secs] 
2020-10-29T13:18:59.113+0000: [GC (Allocation Failure) 2020-10-29T13:18:59.113+0000: [ParNew: 16388K->4K(18432K), 0.0035954 secs] 535541K->519157K(782456K), 0.0036771 secs] [Times: user=0.01 sys=0.00, real=0.01 secs] 
2020-10-29T13:18:59.136+0000: [GC (Allocation Failure) 2020-10-29T13:18:59.136+0000: [ParNew: 16388K->4K(18432K), 0.0036101 secs] 535541K->519157K(782456K), 0.0037143 secs] [Times: user=0.01 sys=0.00, real=0.00 secs] 
2020-10-29T13:18:59.158+0000: [GC (Allocation Failure) 2020-10-29T13:18:59.158+0000: [ParNew: 16388K->4K(18432K), 0.0035626 secs] 535541K->519157K(782456K), 0.0036340 secs] [Times: user=0.01 sys=0.00, real=0.00 secs] 
2020-10-29T13:18:59.179+0000: [GC (Allocation Failure) 2020-10-29T13:18:59.179+0000: [ParNew: 16388K->4K(18432K), 0.0037002 secs] 535541K->519157K(782456K), 0.0037734 secs] [Times: user=0.00 sys=0.00, real=0.00 secs] 
2020-10-29T13:18:59.203+0000: [GC (Allocation Failure) 2020-10-29T13:18:59.203+0000: [ParNew: 16388K->4K(18432K), 0.0035316 secs] 535541K->519157K(782456K), 0.0036262 secs] [Times: user=0.01 sys=0.00, real=0.00 secs] 
2020-10-29T13:18:59.222+0000: [GC (Allocation Failure) 2020-10-29T13:18:59.222+0000: [ParNew: 16388K->4K(18432K), 0.0035686 secs] 535541K->519157K(782456K), 0.0036394 secs] [Times: user=0.01 sys=0.00, real=0.00 secs] 
2020-10-29T13:18:59.241+0000: [GC (Allocation Failure) 2020-10-29T13:18:59.241+0000: [ParNew: 16388K->4K(18432K), 0.0036292 secs] 535541K->519157K(782456K), 0.0037088 secs] [Times: user=0.01 sys=0.00, real=0.00 secs] 
2020-10-29T13:18:59.261+0000: [GC (Allocation Failure) 2020-10-29T13:18:59.261+0000: [ParNew: 16388K->4K(18432K), 0.0036111 secs] 535541K->519157K(782456K), 0.0036999 secs] [Times: user=0.00 sys=0.00, real=0.00 secs] 
2020-10-29T13:18:59.283+0000: [GC (Allocation Failure) 2020-10-29T13:18:59.283+0000: [ParNew: 16388K->4K(18432K), 0.0035810 secs] 535541K->519157K(782456K), 0.0036541 secs] [Times: user=0.01 sys=0.00, real=0.00 secs] 
2020-10-29T13:18:59.306+0000: [GC (Allocation Failure) 2020-10-29T13:18:59.306+0000: [ParNew: 16388K->4K(18432K), 0.0036009 secs] 535541K->519157K(782456K), 0.0036699 secs] [Times: user=0.00 sys=0.00, real=0.01 secs] 
2020-10-29T13:18:59.325+0000: [GC (Allocation Failure) 2020-10-29T13:18:59.325+0000: [ParNew: 16388K->4K(18432K), 0.0034009 secs] 535541K->519157K(782456K), 0.0034727 secs] [Times: user=0.01 sys=0.00, real=0.01 secs] 
2020-10-29T13:18:59.347+0000: [GC (Allocation Failure) 2020-10-29T13:18:59.347+0000: [ParNew: 16388K->4K(18432K), 0.0034713 secs] 535541K->519157K(782456K), 0.0035428 secs] [Times: user=0.01 sys=0.00, real=0.00 secs] 
2020-10-29T13:18:59.366+0000: [GC (Allocation Failure) 2020-10-29T13:18:59.366+0000: [ParNew: 16388K->4K(18432K), 0.0033652 secs] 535541K->519157K(782456K), 0.0034332 secs] [Times: user=0.00 sys=0.00, real=0.01 secs] 
2020-10-29T13:18:59.387+0000: [GC (Allocation Failure) 2020-10-29T13:18:59.387+0000: [ParNew: 16388K->4K(18432K), 0.0033606 secs] 535541K->519157K(782456K), 0.0034249 secs] [Times: user=0.00 sys=0.00, real=0.00 secs] 
2020-10-29T13:18:59.407+0000: [GC (Allocation Failure) 2020-10-29T13:18:59.407+0000: [ParNew: 16388K->4K(18432K), 0.0034067 secs] 535541K->519157K(782456K), 0.0034753 secs] [Times: user=0.00 sys=0.00, real=0.00 secs] 
2020-10-29T13:18:59.426+0000: [GC (Allocation Failure) 2020-10-29T13:18:59.426+0000: [ParNew: 16388K->4K(18432K), 0.0034241 secs] 535541K->519157K(782456K), 0.0034924 secs] [Times: user=0.01 sys=0.00, real=0.01 secs] 
2020-10-29T13:18:59.447+0000: [GC (Allocation Failure) 2020-10-29T13:18:59.447+0000: [ParNew: 16388K->4K(18432K), 0.0034573 secs] 535541K->519157K(782456K), 0.0035289 secs] [Times: user=0.01 sys=0.00, real=0.00 secs] 
2020-10-29T13:18:59.467+0000: [GC (Allocation Failure) 2020-10-29T13:18:59.467+0000: [ParNew: 16388K->4K(18432K), 0.0033828 secs] 535541K->519157K(782456K), 0.0034483 secs] [Times: user=0.00 sys=0.00, real=0.00 secs] 
2020-10-29T13:18:59.486+0000: [GC (Allocation Failure) 2020-10-29T13:18:59.486+0000: [ParNew: 16388K->4K(18432K), 0.0033545 secs] 535541K->519157K(782456K), 0.0034188 secs] [Times: user=0.01 sys=0.00, real=0.01 secs] 
2020-10-29T13:18:59.507+0000: [GC (Allocation Failure) 2020-10-29T13:18:59.507+0000: [ParNew: 16388K->4K(18432K), 0.0034617 secs] 535541K->519157K(782456K), 0.0035330 secs] [Times: user=0.01 sys=0.00, real=0.00 secs] 
2020-10-29T13:18:59.526+0000: [GC (Allocation Failure) 2020-10-29T13:18:59.526+0000: [ParNew: 16388K->4K(18432K), 0.0033890 secs] 535541K->519157K(782456K), 0.0034573 secs] [Times: user=0.01 sys=0.00, real=0.01 secs] 
2020-10-29T13:18:59.545+0000: [GC (Allocation Failure) 2020-10-29T13:18:59.545+0000: [ParNew: 16388K->4K(18432K), 0.0032818 secs] 535541K->519157K(782456K), 0.0033437 secs] [Times: user=0.00 sys=0.00, real=0.01 secs] 
2020-10-29T13:18:59.567+0000: [GC (Allocation Failure) 2020-10-29T13:18:59.567+0000: [ParNew: 16388K->4K(18432K), 0.0033165 secs] 535541K->519157K(782456K), 0.0033821 secs] [Times: user=0.00 sys=0.00, real=0.00 secs] 
2020-10-29T13:18:59.586+0000: [GC (Allocation Failure) 2020-10-29T13:18:59.586+0000: [ParNew: 16388K->4K(18432K), 0.0032721 secs] 535541K->519157K(782456K), 0.0033354 secs] [Times: user=0.01 sys=0.00, real=0.01 secs] 
2020-10-29T13:18:59.607+0000: [GC (Allocation Failure) 2020-10-29T13:18:59.607+0000: [ParNew: 16388K->4K(18432K), 0.0032674 secs] 535541K->519157K(782456K), 0.0033321 secs] [Times: user=0.00 sys=0.00, real=0.00 secs] 
2020-10-29T13:18:59.627+0000: [GC (Allocation Failure) 2020-10-29T13:18:59.627+0000: [ParNew: 16388K->4K(18432K), 0.0032166 secs] 535541K->519157K(782456K), 0.0032737 secs] [Times: user=0.01 sys=0.00, real=0.00 secs] 
2020-10-29T13:18:59.647+0000: [GC (Allocation Failure) 2020-10-29T13:18:59.647+0000: [ParNew: 16388K->4K(18432K), 0.0032799 secs] 535541K->519157K(782456K), 0.0033448 secs] [Times: user=0.01 sys=0.00, real=0.00 secs] 
2020-10-29T13:18:59.666+0000: [GC (Allocation Failure) 2020-10-29T13:18:59.666+0000: [ParNew: 16388K->4K(18432K), 0.0032577 secs] 535541K->519157K(782456K), 0.0033208 secs] [Times: user=0.00 sys=0.00, real=0.01 secs] 
2020-10-29T13:18:59.684+0000: [GC (Allocation Failure) 2020-10-29T13:18:59.684+0000: [ParNew: 16388K->4K(18432K), 0.0030965 secs] 535541K->519157K(782456K), 0.0031516 secs] [Times: user=0.01 sys=0.00, real=0.01 secs] 
2020-10-29T13:18:59.707+0000: [GC (Allocation Failure) 2020-10-29T13:18:59.707+0000: [ParNew: 16388K->4K(18432K), 0.0031149 secs] 535541K->519157K(782456K), 0.0031742 secs] [Times: user=0.01 sys=0.00, real=0.00 secs] 
2020-10-29T13:18:59.725+0000: [GC (Allocation Failure) 2020-10-29T13:18:59.725+0000: [ParNew: 16388K->4K(18432K), 0.0030196 secs] 535541K->519157K(782456K), 0.0030746 secs] [Times: user=0.01 sys=0.00, real=0.01 secs] 
2020-10-29T13:18:59.744+0000: [GC (Allocation Failure) 2020-10-29T13:18:59.744+0000: [ParNew: 16388K->4K(18432K), 0.0033777 secs] 535541K->519157K(782456K), 0.0034448 secs] [Times: user=0.01 sys=0.00, real=0.01 secs] 
2020-10-29T13:18:59.767+0000: [GC (Allocation Failure) 2020-10-29T13:18:59.767+0000: [ParNew: 16388K->4K(18432K), 0.0033918 secs] 535541K->519157K(782456K), 0.0034610 secs] [Times: user=0.01 sys=0.00, real=0.00 secs] 
2020-10-29T13:18:59.787+0000: [GC (Allocation Failure) 2020-10-29T13:18:59.787+0000: [ParNew: 16388K->4K(18432K), 0.0035159 secs] 535541K->519157K(782456K), 0.0036080 secs] [Times: user=0.00 sys=0.00, real=0.00 secs] 
2020-10-29T13:18:59.807+0000: [GC (Allocation Failure) 2020-10-29T13:18:59.807+0000: [ParNew: 16388K->4K(18432K), 0.0034212 secs] 535541K->519157K(782456K), 0.0034898 secs] [Times: user=0.00 sys=0.00, real=0.00 secs] 
2020-10-29T13:18:59.826+0000: [GC (Allocation Failure) 2020-10-29T13:18:59.826+0000: [ParNew: 16388K->4K(18432K), 0.0034399 secs] 535541K->519157K(782456K), 0.0035116 secs] [Times: user=0.01 sys=0.00, real=0.01 secs] 
2020-10-29T13:18:59.847+0000: [GC (Allocation Failure) 2020-10-29T13:18:59.847+0000: [ParNew: 16388K->4K(18432K), 0.0034411 secs] 535541K->519157K(782456K), 0.0035070 secs] [Times: user=0.00 sys=0.00, real=0.00 secs] 
2020-10-29T13:18:59.866+0000: [GC (Allocation Failure) 2020-10-29T13:18:59.866+0000: [ParNew: 16388K->4K(18432K), 0.0034931 secs] 535541K->519157K(782456K), 0.0035835 secs] [Times: user=0.01 sys=0.00, real=0.01 secs] 
2020-10-29T13:18:59.885+0000: [GC (Allocation Failure) 2020-10-29T13:18:59.885+0000: [ParNew: 16388K->4K(18432K), 0.0033165 secs] 535541K->519157K(782456K), 0.0033786 secs] [Times: user=0.01 sys=0.00, real=0.01 secs] 
2020-10-29T13:18:59.907+0000: [GC (Allocation Failure) 2020-10-29T13:18:59.907+0000: [ParNew: 16388K->4K(18432K), 0.0033029 secs] 535541K->519157K(782456K), 0.0033672 secs] [Times: user=0.01 sys=0.00, real=0.00 secs] 
2020-10-29T13:18:59.926+0000: [GC (Allocation Failure) 2020-10-29T13:18:59.926+0000: [ParNew: 16388K->4K(18432K), 0.0033128 secs] 535541K->519157K(782456K), 0.0033786 secs] [Times: user=0.00 sys=0.00, real=0.01 secs] 
2020-10-29T13:18:59.945+0000: [GC (Allocation Failure) 2020-10-29T13:18:59.945+0000: [ParNew: 16388K->4K(18432K), 0.0032634 secs] 535541K->519157K(782456K), 0.0033388 secs] [Times: user=0.01 sys=0.00, real=0.01 secs] 
2020-10-29T13:18:59.964+0000: [GC (Allocation Failure) 2020-10-29T13:18:59.964+0000: [ParNew: 16388K->4K(18432K), 0.0033894 secs] 535541K->519157K(782456K), 0.0034541 secs] [Times: user=0.01 sys=0.00, real=0.01 secs] 
2020-10-29T13:18:59.987+0000: [GC (Allocation Failure) 2020-10-29T13:18:59.987+0000: [ParNew: 16388K->4K(18432K), 0.0034031 secs] 535541K->519157K(782456K), 0.0034736 secs] [Times: user=0.01 sys=0.00, real=0.00 secs] 
2020-10-29T13:19:00.006+0000: [GC (Allocation Failure) 2020-10-29T13:19:00.006+0000: [ParNew: 16388K->4K(18432K), 0.0032782 secs] 535541K->519157K(782456K), 0.0033377 secs] [Times: user=0.01 sys=0.00, real=0.01 secs] 
2020-10-29T13:19:00.027+0000: [GC (Allocation Failure) 2020-10-29T13:19:00.027+0000: [ParNew: 16388K->4K(18432K), 0.0031368 secs] 535541K->519158K(782456K), 0.0031926 secs] [Times: user=0.01 sys=0.00, real=0.00 secs] 
2020-10-29T13:19:00.047+0000: [GC (Allocation Failure) 2020-10-29T13:19:00.047+0000: [ParNew: 16388K->4K(18432K), 0.0032519 secs] 535542K->519158K(782456K), 0.0033147 secs] [Times: user=0.01 sys=0.00, real=0.00 secs] 
2020-10-29T13:19:00.067+0000: [GC (Allocation Failure) 2020-10-29T13:19:00.067+0000: [ParNew: 16388K->4K(18432K), 0.0034495 secs] 535542K->519158K(782456K), 0.0035206 secs] [Times: user=0.01 sys=0.00, real=0.00 secs] 
2020-10-29T13:19:00.090+0000: [GC (Allocation Failure) 2020-10-29T13:19:00.090+0000: [ParNew: 16388K->4K(18432K), 0.0035643 secs] 535542K->519158K(782456K), 0.0036353 secs] [Times: user=0.01 sys=0.00, real=0.00 secs] 
2020-10-29T13:19:00.110+0000: [GC (Allocation Failure) 2020-10-29T13:19:00.110+0000: [ParNew: 16388K->4K(18432K), 0.0035393 secs] 535542K->519158K(782456K), 0.0036140 secs] [Times: user=0.00 sys=0.00, real=0.00 secs] 
2020-10-29T13:19:00.131+0000: [GC (Allocation Failure) 2020-10-29T13:19:00.131+0000: [ParNew: 16388K->4K(18432K), 0.0035404 secs] 535542K->519158K(782456K), 0.0036131 secs] [Times: user=0.00 sys=0.00, real=0.00 secs] 
2020-10-29T13:19:00.151+0000: [GC (Allocation Failure) 2020-10-29T13:19:00.151+0000: [ParNew: 16388K->4K(18432K), 0.0035993 secs] 535542K->519158K(782456K), 0.0036746 secs] [Times: user=0.01 sys=0.00, real=0.01 secs] 
2020-10-29T13:19:00.174+0000: [GC (Allocation Failure) 2020-10-29T13:19:00.174+0000: [ParNew: 16388K->4K(18432K), 0.0035059 secs] 535542K->519158K(782456K), 0.0035777 secs] [Times: user=0.00 sys=0.00, real=0.01 secs] 
2020-10-29T13:19:00.194+0000: [GC (Allocation Failure) 2020-10-29T13:19:00.194+0000: [ParNew: 16388K->4K(18432K), 0.0035160 secs] 535542K->519158K(782456K), 0.0035886 secs] [Times: user=0.01 sys=0.00, real=0.01 secs] 
2020-10-29T13:19:00.227+0000: [GC (Allocation Failure) 2020-10-29T13:19:00.227+0000: [ParNew: 16388K->6K(18432K), 0.0063864 secs] 535542K->519160K(782456K), 0.0064884 secs] [Times: user=0.01 sys=0.01, real=0.01 secs] 
2020-10-29T13:19:00.250+0000: [GC (Allocation Failure) 2020-10-29T13:19:00.250+0000: [ParNew: 16390K->6K(18432K), 0.0033930 secs] 535544K->519160K(782456K), 0.0034599 secs] [Times: user=0.01 sys=0.00, real=0.00 secs] 
2020-10-29T13:19:00.269+0000: [GC (Allocation Failure) 2020-10-29T13:19:00.269+0000: [ParNew: 16390K->7K(18432K), 0.0033824 secs] 535544K->519161K(782456K), 0.0034516 secs] [Times: user=0.01 sys=0.00, real=0.00 secs] 
2020-10-29T13:19:00.288+0000: [GC (Allocation Failure) 2020-10-29T13:19:00.288+0000: [ParNew: 16391K->7K(18432K), 0.0033818 secs] 535545K->519161K(782456K), 0.0034486 secs] [Times: user=0.00 sys=0.00, real=0.00 secs] 
2020-10-29T13:19:00.311+0000: [GC (Allocation Failure) 2020-10-29T13:19:00.311+0000: [ParNew: 16391K->7K(18432K), 0.0034464 secs] 535545K->519161K(782456K), 0.0035137 secs] [Times: user=0.01 sys=0.00, real=0.00 secs] 
2020-10-29T13:19:00.330+0000: [GC (Allocation Failure) 2020-10-29T13:19:00.330+0000: [ParNew: 16391K->7K(18432K), 0.0034990 secs] 535545K->519161K(782456K), 0.0035708 secs] [Times: user=0.00 sys=0.00, real=0.00 secs] 
2020-10-29T13:19:00.349+0000: [GC (Allocation Failure) 2020-10-29T13:19:00.349+0000: [ParNew: 16391K->4K(18432K), 0.0035573 secs] 535545K->519162K(782456K), 0.0036308 secs] [Times: user=0.01 sys=0.00, real=0.00 secs] 
2020-10-29T13:19:00.368+0000: [GC (Allocation Failure) 2020-10-29T13:19:00.368+0000: [ParNew: 16388K->4K(18432K), 0.0035651 secs] 535546K->519161K(782456K), 0.0036445 secs] [Times: user=0.01 sys=0.00, real=0.00 secs] 
2020-10-29T13:19:00.388+0000: [GC (Allocation Failure) 2020-10-29T13:19:00.388+0000: [ParNew: 16388K->4K(18432K), 0.0034978 secs] 535545K->519161K(782456K), 0.0035715 secs] [Times: user=0.01 sys=0.00, real=0.00 secs] 
2020-10-29T13:19:00.411+0000: [GC (Allocation Failure) 2020-10-29T13:19:00.411+0000: [ParNew: 16388K->4K(18432K), 0.0032640 secs] 535545K->519161K(782456K), 0.0033293 secs] [Times: user=0.01 sys=0.00, real=0.00 secs] 
2020-10-29T13:19:00.431+0000: [GC (Allocation Failure) 2020-10-29T13:19:00.431+0000: [ParNew: 16388K->4K(18432K), 0.0035224 secs] 535545K->519161K(782456K), 0.0035940 secs] [Times: user=0.01 sys=0.00, real=0.00 secs] 
2020-10-29T13:19:00.450+0000: [GC (Allocation Failure) 2020-10-29T13:19:00.450+0000: [ParNew: 16388K->4K(18432K), 0.0034767 secs] 535545K->519161K(782456K), 0.0035459 secs] [Times: user=0.00 sys=0.00, real=0.00 secs] 
2020-10-29T13:19:00.470+0000: [GC (Allocation Failure) 2020-10-29T13:19:00.470+0000: [ParNew: 16388K->4K(18432K), 0.0034698 secs] 535545K->519161K(782456K), 0.0035378 secs] [Times: user=0.01 sys=0.00, real=0.00 secs] 
2020-10-29T13:19:00.489+0000: [GC (Allocation Failure) 2020-10-29T13:19:00.489+0000: [ParNew: 16388K->4K(18432K), 0.0035832 secs] 535545K->519161K(782456K), 0.0036597 secs] [Times: user=0.01 sys=0.00, real=0.00 secs] 
2020-10-29T13:19:00.508+0000: [GC (Allocation Failure) 2020-10-29T13:19:00.508+0000: [ParNew: 16388K->4K(18432K), 0.0035003 secs] 535545K->519161K(782456K), 0.0035700 secs] [Times: user=0.01 sys=0.00, real=0.00 secs] 
2020-10-29T13:19:00.527+0000: [GC (Allocation Failure) 2020-10-29T13:19:00.527+0000: [ParNew: 16388K->4K(18432K), 0.0035067 secs] 535545K->519161K(782456K), 0.0035786 secs] [Times: user=0.01 sys=0.00, real=0.00 secs] 
2020-10-29T13:19:00.551+0000: [GC (Allocation Failure) 2020-10-29T13:19:00.551+0000: [ParNew: 16388K->4K(18432K), 0.0034883 secs] 535545K->519161K(782456K), 0.0035713 secs] [Times: user=0.01 sys=0.00, real=0.00 secs] 
2020-10-29T13:19:00.570+0000: [GC (Allocation Failure) 2020-10-29T13:19:00.570+0000: [ParNew: 16388K->4K(18432K), 0.0034545 secs] 535545K->519161K(782456K), 0.0035241 secs] [Times: user=0.00 sys=0.00, real=0.00 secs] 
2020-10-29T13:19:00.589+0000: [GC (Allocation Failure) 2020-10-29T13:19:00.589+0000: [ParNew: 16388K->4K(18432K), 0.0033225 secs] 535545K->519161K(782456K), 0.0033859 secs] [Times: user=0.01 sys=0.00, real=0.00 secs] 
2020-10-29T13:19:00.608+0000: [GC (Allocation Failure) 2020-10-29T13:19:00.608+0000: [ParNew: 16388K->4K(18432K), 0.0056569 secs] 535545K->519161K(782456K), 0.0057376 secs] [Times: user=0.01 sys=0.00, real=0.00 secs] 
2020-10-29T13:19:00.629+0000: [GC (Allocation Failure) 2020-10-29T13:19:00.629+0000: [ParNew: 16388K->4K(18432K), 0.0035365 secs] 535545K->519161K(782456K), 0.0036130 secs] [Times: user=0.00 sys=0.00, real=0.00 secs] 
2020-10-29T13:19:00.651+0000: [GC (Allocation Failure) 2020-10-29T13:19:00.651+0000: [ParNew: 16388K->4K(18432K), 0.0035255 secs] 535545K->519161K(782456K), 0.0035971 secs] [Times: user=0.00 sys=0.00, real=0.00 secs] 
2020-10-29T13:19:00.671+0000: [GC (Allocation Failure) 2020-10-29T13:19:00.671+0000: [ParNew: 16388K->4K(18432K), 0.0035698 secs] 535545K->519161K(782456K), 0.0036428 secs] [Times: user=0.01 sys=0.00, real=0.00 secs] 
2020-10-29T13:19:00.691+0000: [GC (Allocation Failure) 2020-10-29T13:19:00.691+0000: [ParNew: 16388K->4K(18432K), 0.0036073 secs] 535545K->519161K(782456K), 0.0036829 secs] [Times: user=0.01 sys=0.00, real=0.01 secs] 
2020-10-29T13:19:00.714+0000: [GC (Allocation Failure) 2020-10-29T13:19:00.714+0000: [ParNew: 16388K->4K(18432K), 0.0035326 secs] 535545K->519161K(782456K), 0.0036045 secs] [Times: user=0.01 sys=0.00, real=0.01 secs] 
2020-10-29T13:19:00.734+0000: [GC (Allocation Failure) 2020-10-29T13:19:00.734+0000: [ParNew: 16388K->4K(18432K), 0.0035478 secs] 535545K->519161K(782456K), 0.0036304 secs] [Times: user=0.01 sys=0.00, real=0.01 secs] 
2020-10-29T13:19:00.753+0000: [GC (Allocation Failure) 2020-10-29T13:19:00.753+0000: [ParNew: 16388K->4K(18432K), 0.0035002 secs] 535545K->519161K(782456K), 0.0035691 secs] [Times: user=0.01 sys=0.00, real=0.01 secs] 
2020-10-29T13:19:00.775+0000: [GC (Allocation Failure) 2020-10-29T13:19:00.775+0000: [ParNew: 16388K->4K(18432K), 0.0033683 secs] 535545K->519161K(782456K), 0.0034349 secs] [Times: user=0.00 sys=0.00, real=0.00 secs] 
2020-10-29T13:19:00.794+0000: [GC (Allocation Failure) 2020-10-29T13:19:00.794+0000: [ParNew: 16388K->4K(18432K), 0.0031269 secs] 535545K->519161K(782456K), 0.0031878 secs] [Times: user=0.01 sys=0.00, real=0.01 secs] 
2020-10-29T13:19:00.815+0000: [GC (Allocation Failure) 2020-10-29T13:19:00.815+0000: [ParNew: 16388K->4K(18432K), 0.0035107 secs] 535545K->519161K(782456K), 0.0035816 secs] [Times: user=0.01 sys=0.00, real=0.00 secs] 
2020-10-29T13:19:00.834+0000: [GC (Allocation Failure) 2020-10-29T13:19:00.834+0000: [ParNew: 16388K->4K(18432K), 0.0036493 secs] 535545K->519161K(782456K), 0.0037280 secs] [Times: user=0.00 sys=0.00, real=0.01 secs] 
2020-10-29T13:19:00.854+0000: [GC (Allocation Failure) 2020-10-29T13:19:00.854+0000: [ParNew: 16388K->4K(18432K), 0.0035043 secs] 535545K->519161K(782456K), 0.0035730 secs] [Times: user=0.01 sys=0.00, real=0.01 secs] 
2020-10-29T13:19:00.875+0000: [GC (Allocation Failure) 2020-10-29T13:19:00.875+0000: [ParNew: 16388K->4K(18432K), 0.0034963 secs] 535545K->519161K(782456K), 0.0035704 secs] [Times: user=0.01 sys=0.00, real=0.00 secs] 
2020-10-29T13:19:00.895+0000: [GC (Allocation Failure) 2020-10-29T13:19:00.895+0000: [ParNew: 16388K->4K(18432K), 0.0035467 secs] 535545K->519161K(782456K), 0.0036211 secs] [Times: user=0.00 sys=0.00, real=0.00 secs] 
2020-10-29T13:19:00.914+0000: [GC (Allocation Failure) 2020-10-29T13:19:00.914+0000: [ParNew: 16388K->4K(18432K), 0.0035422 secs] 535545K->519161K(782456K), 0.0036128 secs] [Times: user=0.01 sys=0.00, real=0.01 secs] 
2020-10-29T13:19:00.934+0000: [GC (Allocation Failure) 2020-10-29T13:19:00.934+0000: [ParNew: 16388K->4K(18432K), 0.0035909 secs] 535545K->519161K(782456K), 0.0036722 secs] [Times: user=0.01 sys=0.00, real=0.01 secs] 
2020-10-29T13:19:00.955+0000: [GC (Allocation Failure) 2020-10-29T13:19:00.955+0000: [ParNew: 16388K->4K(18432K), 0.0035230 secs] 535545K->519161K(782456K), 0.0035957 secs] [Times: user=0.01 sys=0.00, real=0.00 secs] 
2020-10-29T13:19:00.975+0000: [GC (Allocation Failure) 2020-10-29T13:19:00.975+0000: [ParNew: 16388K->4K(18432K), 0.0035555 secs] 535545K->519161K(782456K), 0.0036272 secs] [Times: user=0.01 sys=0.00, real=0.00 secs] 
2020-10-29T13:19:00.998+0000: [GC (Allocation Failure) 2020-10-29T13:19:00.998+0000: [ParNew: 16388K->4K(18432K), 0.0035712 secs] 535545K->519161K(782456K), 0.0036400 secs] [Times: user=0.01 sys=0.00, real=0.00 secs] 
2020-10-29T13:19:01.018+0000: [GC (Allocation Failure) 2020-10-29T13:19:01.018+0000: [ParNew: 16388K->4K(18432K), 0.0036044 secs] 535545K->519161K(782456K), 0.0036852 secs] [Times: user=0.01 sys=0.00, real=0.00 secs] 
2020-10-29T13:19:01.039+0000: [GC (Allocation Failure) 2020-10-29T13:19:01.039+0000: [ParNew: 16388K->4K(18432K), 0.0034843 secs] 535545K->519161K(782456K), 0.0035574 secs] [Times: user=0.01 sys=0.00, real=0.00 secs] 
2020-10-29T13:19:01.059+0000: [GC (Allocation Failure) 2020-10-29T13:19:01.059+0000: [ParNew: 16388K->4K(18432K), 0.0034703 secs] 535545K->519161K(782456K), 0.0035399 secs] [Times: user=0.00 sys=0.00, real=0.00 secs] 
2020-10-29T13:19:01.082+0000: [GC (Allocation Failure) 2020-10-29T13:19:01.082+0000: [ParNew: 16388K->4K(18432K), 0.0036656 secs] 535545K->519161K(782456K), 0.0037312 secs] [Times: user=0.00 sys=0.00, real=0.00 secs] 
2020-10-29T13:19:01.103+0000: [GC (Allocation Failure) 2020-10-29T13:19:01.103+0000: [ParNew: 16388K->4K(18432K), 0.0033503 secs] 535545K->519161K(782456K), 0.0034166 secs] [Times: user=0.00 sys=0.00, real=0.00 secs] 
2020-10-29T13:19:01.123+0000: [GC (Allocation Failure) 2020-10-29T13:19:01.123+0000: [ParNew: 16388K->4K(18432K), 0.0033818 secs] 535545K->519161K(782456K), 0.0034619 secs] [Times: user=0.00 sys=0.00, real=0.00 secs] 
2020-10-29T13:19:01.142+0000: [GC (Allocation Failure) 2020-10-29T13:19:01.142+0000: [ParNew: 16388K->4K(18432K), 0.0034526 secs] 535545K->519161K(782456K), 0.0035253 secs] [Times: user=0.01 sys=0.00, real=0.00 secs] 
2020-10-29T13:19:01.163+0000: [GC (Allocation Failure) 2020-10-29T13:19:01.163+0000: [ParNew: 16388K->4K(18432K), 0.0033763 secs] 535545K->519161K(782456K), 0.0034427 secs] [Times: user=0.01 sys=0.00, real=0.00 secs] 
2020-10-29T13:19:01.183+0000: [GC (Allocation Failure) 2020-10-29T13:19:01.183+0000: [ParNew: 16388K->4K(18432K), 0.0033986 secs] 535545K->519161K(782456K), 0.0034658 secs] [Times: user=0.01 sys=0.00, real=0.00 secs] 
2020-10-29T13:19:01.203+0000: [GC (Allocation Failure) 2020-10-29T13:19:01.203+0000: [ParNew: 16388K->4K(18432K), 0.0034305 secs] 535545K->519161K(782456K), 0.0034994 secs] [Times: user=0.01 sys=0.00, real=0.00 secs] 
2020-10-29T13:19:01.222+0000: [GC (Allocation Failure) 2020-10-29T13:19:01.222+0000: [ParNew: 16388K->4K(18432K), 0.0034071 secs] 535545K->519161K(782456K), 0.0034868 secs] [Times: user=0.01 sys=0.00, real=0.00 secs] 
2020-10-29T13:19:01.243+0000: [GC (Allocation Failure) 2020-10-29T13:19:01.243+0000: [ParNew: 16388K->4K(18432K), 0.0033477 secs] 535545K->519161K(782456K), 0.0034160 secs] [Times: user=0.01 sys=0.00, real=0.00 secs] 
2020-10-29T13:19:01.262+0000: [GC (Allocation Failure) 2020-10-29T13:19:01.262+0000: [ParNew: 16388K->4K(18432K), 0.0031800 secs] 535545K->519161K(782456K), 0.0032349 secs] [Times: user=0.00 sys=0.00, real=0.00 secs] 
2020-10-29T13:19:01.283+0000: [GC (Allocation Failure) 2020-10-29T13:19:01.283+0000: [ParNew: 16388K->4K(18432K), 0.0029880 secs] 535545K->519161K(782456K), 0.0030412 secs] [Times: user=0.01 sys=0.00, real=0.00 secs] 
2020-10-29T13:19:01.303+0000: [GC (Allocation Failure) 2020-10-29T13:19:01.303+0000: [ParNew: 16388K->4K(18432K), 0.0032546 secs] 535545K->519161K(782456K), 0.0033202 secs] [Times: user=0.01 sys=0.00, real=0.00 secs] 
2020-10-29T13:19:01.322+0000: [GC (Allocation Failure) 2020-10-29T13:19:01.322+0000: [ParNew: 16388K->4K(18432K), 0.0032439 secs] 535545K->519161K(782456K), 0.0033013 secs] [Times: user=0.01 sys=0.00, real=0.00 secs] 
2020-10-29T13:19:01.341+0000: [GC (Allocation Failure) 2020-10-29T13:19:01.341+0000: [ParNew: 16388K->4K(18432K), 0.0031223 secs] 535545K->519161K(782456K), 0.0031799 secs] [Times: user=0.00 sys=0.00, real=0.00 secs] 
2020-10-29T13:19:01.359+0000: [GC (Allocation Failure) 2020-10-29T13:19:01.359+0000: [ParNew: 16388K->4K(18432K), 0.0029868 secs] 535545K->519161K(782456K), 0.0030467 secs] [Times: user=0.01 sys=0.00, real=0.00 secs] 
2020-10-29T13:19:01.379+0000: [GC (Allocation Failure) 2020-10-29T13:19:01.379+0000: [ParNew: 16388K->4K(18432K), 0.0030882 secs] 535545K->519161K(782456K), 0.0031470 secs] [Times: user=0.01 sys=0.00, real=0.00 secs] 
2020-10-29T13:19:01.399+0000: [GC (Allocation Failure) 2020-10-29T13:19:01.399+0000: [ParNew: 16388K->4K(18432K), 0.0032863 secs] 535545K->519161K(782456K), 0.0033517 secs] [Times: user=0.01 sys=0.00, real=0.00 secs] 
2020-10-29T13:19:01.418+0000: [GC (Allocation Failure) 2020-10-29T13:19:01.418+0000: [ParNew: 16388K->4K(18432K), 0.0034967 secs] 535545K->519161K(782456K), 0.0035684 secs] [Times: user=0.00 sys=0.00, real=0.00 secs] 
2020-10-29T13:19:01.437+0000: [GC (Allocation Failure) 2020-10-29T13:19:01.437+0000: [ParNew: 16388K->4K(18432K), 0.0033653 secs] 535545K->519161K(782456K), 0.0034243 secs] [Times: user=0.01 sys=0.00, real=0.00 secs] 
2020-10-29T13:19:01.459+0000: [GC (Allocation Failure) 2020-10-29T13:19:01.459+0000: [ParNew: 16388K->4K(18432K), 0.0030545 secs] 535545K->519161K(782456K), 0.0031106 secs] [Times: user=0.01 sys=0.00, real=0.00 secs] 
2020-10-29T13:19:01.477+0000: [GC (Allocation Failure) 2020-10-29T13:19:01.477+0000: [ParNew: 16388K->4K(18432K), 0.0029676 secs] 535545K->519161K(782456K), 0.0030320 secs] [Times: user=0.00 sys=0.00, real=0.00 secs] 
2020-10-29T13:19:01.496+0000: [GC (Allocation Failure) 2020-10-29T13:19:01.496+0000: [ParNew: 16388K->4K(18432K), 0.0030256 secs] 535545K->519161K(782456K), 0.0030818 secs] [Times: user=0.01 sys=0.00, real=0.00 secs] 
2020-10-29T13:19:01.515+0000: [GC (Allocation Failure) 2020-10-29T13:19:01.515+0000: [ParNew: 16388K->4K(18432K), 0.0031106 secs] 535545K->519161K(782456K), 0.0031725 secs] [Times: user=0.01 sys=0.00, real=0.00 secs] 
2020-10-29T13:19:01.534+0000: [GC (Allocation Failure) 2020-10-29T13:19:01.534+0000: [ParNew: 16388K->4K(18432K), 0.0034595 secs] 535545K->519161K(782456K), 0.0035272 secs] [Times: user=0.00 sys=0.00, real=0.01 secs] 
2020-10-29T13:19:01.555+0000: [GC (Allocation Failure) 2020-10-29T13:19:01.555+0000: [ParNew: 16388K->4K(18432K), 0.0033679 secs] 535545K->519161K(782456K), 0.0034347 secs] [Times: user=0.00 sys=0.00, real=0.00 secs] 
2020-10-29T13:19:01.575+0000: [GC (Allocation Failure) 2020-10-29T13:19:01.575+0000: [ParNew: 16388K->4K(18432K), 0.0031688 secs] 535545K->519161K(782456K), 0.0032268 secs] [Times: user=0.00 sys=0.00, real=0.00 secs] 
2020-10-29T13:19:01.594+0000: [GC (Allocation Failure) 2020-10-29T13:19:01.594+0000: [ParNew: 16388K->4K(18432K), 0.0033386 secs] 535545K->519161K(782456K), 0.0034058 secs] [Times: user=0.01 sys=0.00, real=0.01 secs] 
2020-10-29T13:19:01.615+0000: [GC (Allocation Failure) 2020-10-29T13:19:01.615+0000: [ParNew: 16388K->4K(18432K), 0.0032179 secs] 535545K->519161K(782456K), 0.0032772 secs] [Times: user=0.01 sys=0.00, real=0.00 secs] 
2020-10-29T13:19:01.634+0000: [GC (Allocation Failure) 2020-10-29T13:19:01.634+0000: [ParNew: 16388K->4K(18432K), 0.0034957 secs] 535545K->519161K(782456K), 0.0035660 secs] [Times: user=0.01 sys=0.00, real=0.01 secs] 
2020-10-29T13:19:01.653+0000: [GC (Allocation Failure) 2020-10-29T13:19:01.653+0000: [ParNew: 16388K->4K(18432K), 0.0034300 secs] 535545K->519161K(782456K), 0.0034983 secs] [Times: user=0.00 sys=0.00, real=0.01 secs] 
2020-10-29T13:19:01.672+0000: [GC (Allocation Failure) 2020-10-29T13:19:01.672+0000: [ParNew: 16388K->4K(18432K), 0.0034074 secs] 535545K->519161K(782456K), 0.0034768 secs] [Times: user=0.01 sys=0.00, real=0.01 secs] 
2020-10-29T13:19:01.695+0000: [GC (Allocation Failure) 2020-10-29T13:19:01.695+0000: [ParNew: 16388K->4K(18432K), 0.0034032 secs] 535545K->519161K(782456K), 0.0034720 secs] [Times: user=0.00 sys=0.00, real=0.00 secs] 
2020-10-29T13:19:01.714+0000: [GC (Allocation Failure) 2020-10-29T13:19:01.714+0000: [ParNew: 16388K->4K(18432K), 0.0032772 secs] 535545K->519161K(782456K), 0.0033422 secs] [Times: user=0.01 sys=0.00, real=0.01 secs] 
2020-10-29T13:19:01.733+0000: [GC (Allocation Failure) 2020-10-29T13:19:01.733+0000: [ParNew: 16388K->4K(18432K), 0.0034462 secs] 535545K->519161K(782456K), 0.0035140 secs] [Times: user=0.01 sys=0.00, real=0.01 secs] 
2020-10-29T13:19:01.755+0000: [GC (Allocation Failure) 2020-10-29T13:19:01.755+0000: [ParNew: 16388K->4K(18432K), 0.0033581 secs] 535545K->519161K(782456K), 0.0034252 secs] [Times: user=0.01 sys=0.00, real=0.00 secs] 
2020-10-29T13:19:01.774+0000: [GC (Allocation Failure) 2020-10-29T13:19:01.774+0000: [ParNew: 16388K->4K(18432K), 0.0032373 secs] 535545K->519161K(782456K), 0.0033030 secs] [Times: user=0.00 sys=0.00, real=0.01 secs] 
2020-10-29T13:19:01.793+0000: [GC (Allocation Failure) 2020-10-29T13:19:01.793+0000: [ParNew: 16388K->4K(18432K), 0.0031661 secs] 535545K->519161K(782456K), 0.0032246 secs] [Times: user=0.01 sys=0.00, real=0.01 secs] 
2020-10-29T13:19:01.812+0000: [GC (Allocation Failure) 2020-10-29T13:19:01.812+0000: [ParNew: 16388K->4K(18432K), 0.0033181 secs] 535545K->519161K(782456K), 0.0033863 secs] [Times: user=0.01 sys=0.00, real=0.01 secs] 
2020-10-29T13:19:01.831+0000: [GC (Allocation Failure) 2020-10-29T13:19:01.831+0000: [ParNew: 16388K->4K(18432K), 0.0034485 secs] 535545K->519161K(782456K), 0.0035329 secs] [Times: user=0.00 sys=0.01, real=0.00 secs] 
2020-10-29T13:19:01.850+0000: [GC (Allocation Failure) 2020-10-29T13:19:01.850+0000: [ParNew: 16388K->4K(18432K), 0.0035088 secs] 535545K->519161K(782456K), 0.0035911 secs] [Times: user=0.01 sys=0.00, real=0.00 secs] 
2020-10-29T13:19:01.869+0000: [GC (Allocation Failure) 2020-10-29T13:19:01.869+0000: [ParNew: 16388K->4K(18432K), 0.0034895 secs] 535545K->519162K(782456K), 0.0035618 secs] [Times: user=0.00 sys=0.00, real=0.00 secs] 
2020-10-29T13:19:01.888+0000: [GC (Allocation Failure) 2020-10-29T13:19:01.889+0000: [ParNew: 16388K->4K(18432K), 0.0035734 secs] 535546K->519162K(782456K), 0.0036499 secs] [Times: user=0.00 sys=0.00, real=0.00 secs] 
2020-10-29T13:19:01.911+0000: [GC (Allocation Failure) 2020-10-29T13:19:01.911+0000: [ParNew: 16388K->4K(18432K), 0.0034963 secs] 535546K->519162K(782456K), 0.0035735 secs] [Times: user=0.01 sys=0.00, real=0.00 secs] 
2020-10-29T13:19:01.930+0000: [GC (Allocation Failure) 2020-10-29T13:19:01.930+0000: [ParNew: 16388K->4K(18432K), 0.0035276 secs] 535546K->519162K(782456K), 0.0036020 secs] [Times: user=0.01 sys=0.00, real=0.00 secs] 
2020-10-29T13:19:01.950+0000: [GC (Allocation Failure) 2020-10-29T13:19:01.950+0000: [ParNew: 16388K->4K(18432K), 0.0035265 secs] 535546K->519162K(782456K), 0.0036006 secs] [Times: user=0.01 sys=0.00, real=0.00 secs] 
2020-10-29T13:19:01.969+0000: [GC (Allocation Failure) 2020-10-29T13:19:01.969+0000: [ParNew: 16388K->4K(18432K), 0.0036072 secs] 535546K->519162K(782456K), 0.0036838 secs] [Times: user=0.00 sys=0.00, real=0.00 secs] 
2020-10-29T13:19:01.988+0000: [GC (Allocation Failure) 2020-10-29T13:19:01.988+0000: [ParNew: 16388K->4K(18432K), 0.0035007 secs] 535546K->519162K(782456K), 0.0035730 secs] [Times: user=0.00 sys=0.00, real=0.00 secs] 
2020-10-29T13:19:02.011+0000: [GC (Allocation Failure) 2020-10-29T13:19:02.011+0000: [ParNew: 16388K->4K(18432K), 0.0035738 secs] 535546K->519162K(782456K), 0.0036468 secs] [Times: user=0.01 sys=0.00, real=0.00 secs] 
2020-10-29T13:19:02.030+0000: [GC (Allocation Failure) 2020-10-29T13:19:02.030+0000: [ParNew: 16388K->4K(18432K), 0.0035250 secs] 535546K->519162K(782456K), 0.0035984 secs] [Times: user=0.01 sys=0.00, real=0.00 secs] 
2020-10-29T13:19:02.050+0000: [GC (Allocation Failure) 2020-10-29T13:19:02.050+0000: [ParNew: 16388K->4K(18432K), 0.0035584 secs] 535546K->519162K(782456K), 0.0036366 secs] [Times: user=0.01 sys=0.00, real=0.00 secs] 
2020-10-29T13:19:02.071+0000: [GC (Allocation Failure) 2020-10-29T13:19:02.071+0000: [ParNew: 16388K->4K(18432K), 0.0035233 secs] 535546K->519162K(782456K), 0.0035984 secs] [Times: user=0.01 sys=0.00, real=0.00 secs] 
2020-10-29T13:19:02.093+0000: [GC (Allocation Failure) 2020-10-29T13:19:02.093+0000: [ParNew: 16388K->4K(18432K), 0.0035707 secs] 535546K->519162K(782456K), 0.0036465 secs] [Times: user=0.01 sys=0.00, real=0.01 secs] 
2020-10-29T13:19:02.112+0000: [GC (Allocation Failure) 2020-10-29T13:19:02.112+0000: [ParNew: 16388K->4K(18432K), 0.0035951 secs] 535546K->519162K(782456K), 0.0036716 secs] [Times: user=0.01 sys=0.00, real=0.01 secs] 
2020-10-29T13:19:02.132+0000: [GC (Allocation Failure) 2020-10-29T13:19:02.132+0000: [ParNew: 16388K->4K(18432K), 0.0035355 secs] 535546K->519162K(782456K), 0.0036104 secs] [Times: user=0.01 sys=0.00, real=0.01 secs] 
2020-10-29T13:19:02.155+0000: [GC (Allocation Failure) 2020-10-29T13:19:02.155+0000: [ParNew: 16388K->4K(18432K), 0.0035959 secs] 535546K->519162K(782456K), 0.0036740 secs] [Times: user=0.01 sys=0.00, real=0.00 secs] 
2020-10-29T13:19:02.174+0000: [GC (Allocation Failure) 2020-10-29T13:19:02.174+0000: [ParNew: 16388K->4K(18432K), 0.0035894 secs] 535546K->519162K(782456K), 0.0036656 secs] [Times: user=0.01 sys=0.00, real=0.01 secs] 
2020-10-29T13:19:02.194+0000: [GC (Allocation Failure) 2020-10-29T13:19:02.194+0000: [ParNew: 16388K->4K(18432K), 0.0036414 secs] 535546K->519162K(782456K), 0.0037234 secs] [Times: user=0.01 sys=0.00, real=0.01 secs] 
2020-10-29T13:19:02.213+0000: [GC (Allocation Failure) 2020-10-29T13:19:02.213+0000: [ParNew: 16388K->4K(18432K), 0.0035751 secs] 535546K->519162K(782456K), 0.0036510 secs] [Times: user=0.01 sys=0.00, real=0.01 secs] 
2020-10-29T13:19:02.235+0000: [GC (Allocation Failure) 2020-10-29T13:19:02.235+0000: [ParNew: 16388K->4K(18432K), 0.0035654 secs] 535546K->519162K(782456K), 0.0036385 secs] [Times: user=0.01 sys=0.00, real=0.00 secs] 
2020-10-29T13:19:02.255+0000: [GC (Allocation Failure) 2020-10-29T13:19:02.255+0000: [ParNew: 16388K->4K(18432K), 0.0036166 secs] 535546K->519162K(782456K), 0.0036940 secs] [Times: user=0.01 sys=0.00, real=0.00 secs] 
2020-10-29T13:19:02.279+0000: [GC (Allocation Failure) 2020-10-29T13:19:02.279+0000: [ParNew: 16388K->4K(18432K), 0.0035205 secs] 535546K->519162K(782456K), 0.0035927 secs] [Times: user=0.01 sys=0.00, real=0.00 secs] 
2020-10-29T13:19:02.299+0000: [GC (Allocation Failure) 2020-10-29T13:19:02.299+0000: [ParNew: 16388K->4K(18432K), 0.0035264 secs] 535546K->519162K(782456K), 0.0035983 secs] [Times: user=0.01 sys=0.00, real=0.00 secs] 
2020-10-29T13:19:02.319+0000: [GC (Allocation Failure) 2020-10-29T13:19:02.319+0000: [ParNew: 16388K->4K(18432K), 0.0033809 secs] 535546K->519162K(782456K), 0.0034479 secs] [Times: user=0.00 sys=0.00, real=0.00 secs] 
2020-10-29T13:19:02.338+0000: [GC (Allocation Failure) 2020-10-29T13:19:02.338+0000: [ParNew: 16388K->4K(18432K), 0.0034828 secs] 535546K->519162K(782456K), 0.0035541 secs] [Times: user=0.01 sys=0.00, real=0.00 secs] 
2020-10-29T13:19:02.359+0000: [GC (Allocation Failure) 2020-10-29T13:19:02.359+0000: [ParNew: 16388K->4K(18432K), 0.0034394 secs] 535546K->519162K(782456K), 0.0035085 secs] [Times: user=0.01 sys=0.00, real=0.00 secs] 
2020-10-29T13:19:02.378+0000: [GC (Allocation Failure) 2020-10-29T13:19:02.378+0000: [ParNew: 16388K->4K(18432K), 0.0034616 secs] 535546K->519162K(782456K), 0.0035323 secs] [Times: user=0.00 sys=0.00, real=0.00 secs] 
2020-10-29T13:19:02.397+0000: [GC (Allocation Failure) 2020-10-29T13:19:02.397+0000: [ParNew: 16388K->4K(18432K), 0.0034675 secs] 535546K->519162K(782456K), 0.0035364 secs] [Times: user=0.01 sys=0.00, real=0.00 secs] 
2020-10-29T13:19:02.419+0000: [GC (Allocation Failure) 2020-10-29T13:19:02.419+0000: [ParNew: 16388K->4K(18432K), 0.0032498 secs] 535546K->519162K(782456K), 0.0033131 secs] [Times: user=0.00 sys=0.00, real=0.00 secs] 
2020-10-29T13:19:02.439+0000: [GC (Allocation Failure) 2020-10-29T13:19:02.439+0000: [ParNew: 16388K->4K(18432K), 0.0036610 secs] 535546K->519162K(782456K), 0.0037312 secs] [Times: user=0.01 sys=0.00, real=0.00 secs] 
2020-10-29T13:19:02.459+0000: [GC (Allocation Failure) 2020-10-29T13:19:02.459+0000: [ParNew: 16388K->4K(18432K), 0.0034825 secs] 535546K->519162K(782456K), 0.0035545 secs] [Times: user=0.01 sys=0.00, real=0.00 secs] 
2020-10-29T13:19:02.484+0000: [GC (Allocation Failure) 2020-10-29T13:19:02.484+0000: [ParNew: 16388K->4K(18432K), 0.0034926 secs] 535546K->519162K(782456K), 0.0035662 secs] [Times: user=0.01 sys=0.00, real=0.01 secs] 
2020-10-29T13:19:02.503+0000: [GC (Allocation Failure) 2020-10-29T13:19:02.503+0000: [ParNew: 16388K->4K(18432K), 0.0036694 secs] 535546K->519162K(782456K), 0.0037450 secs] [Times: user=0.01 sys=0.00, real=0.01 secs] 
2020-10-29T13:19:02.523+0000: [GC (Allocation Failure) 2020-10-29T13:19:02.523+0000: [ParNew: 16388K->4K(18432K), 0.0035584 secs] 535546K->519162K(782456K), 0.0036469 secs] [Times: user=0.00 sys=0.00, real=0.00 secs] 
2020-10-29T13:19:02.543+0000: [GC (Allocation Failure) 2020-10-29T13:19:02.543+0000: [ParNew: 16388K->4K(18432K), 0.0035874 secs] 535546K->519162K(782456K), 0.0036602 secs] [Times: user=0.01 sys=0.00, real=0.00 secs] 
2020-10-29T13:19:02.562+0000: [GC (Allocation Failure) 2020-10-29T13:19:02.562+0000: [ParNew: 16388K->4K(18432K), 0.0035840 secs] 535546K->519162K(782456K), 0.0036598 secs] [Times: user=0.01 sys=0.00, real=0.00 secs] 
2020-10-29T13:19:02.583+0000: [GC (Allocation Failure) 2020-10-29T13:19:02.583+0000: [ParNew: 16388K->4K(18432K), 0.0035149 secs] 535546K->519162K(782456K), 0.0035889 secs] [Times: user=0.01 sys=0.00, real=0.00 secs] 
2020-10-29T13:19:02.602+0000: [GC (Allocation Failure) 2020-10-29T13:19:02.602+0000: [ParNew: 16388K->4K(18432K), 0.0036017 secs] 535546K->519162K(782456K), 0.0036786 secs] [Times: user=0.01 sys=0.00, real=0.00 secs] 
2020-10-29T13:19:02.622+0000: [GC (Allocation Failure) 2020-10-29T13:19:02.622+0000: [ParNew: 16388K->4K(18432K), 0.0035149 secs] 535546K->519162K(782456K), 0.0035939 secs] [Times: user=0.00 sys=0.00, real=0.00 secs] 
2020-10-29T13:19:02.641+0000: [GC (Allocation Failure) 2020-10-29T13:19:02.641+0000: [ParNew: 16388K->4K(18432K), 0.0035010 secs] 535546K->519162K(782456K), 0.0035747 secs] [Times: user=0.01 sys=0.00, real=0.00 secs] 
2020-10-29T13:19:02.662+0000: [GC (Allocation Failure) 2020-10-29T13:19:02.662+0000: [ParNew: 16388K->4K(18432K), 0.0035034 secs] 535546K->519162K(782456K), 0.0035765 secs] [Times: user=0.01 sys=0.00, real=0.00 secs] 
2020-10-29T13:19:02.681+0000: [GC (Allocation Failure) 2020-10-29T13:19:02.681+0000: [ParNew: 16388K->4K(18432K), 0.0035124 secs] 535546K->519162K(782456K), 0.0035876 secs] [Times: user=0.01 sys=0.00, real=0.00 secs] 
2020-10-29T13:19:02.701+0000: [GC (Allocation Failure) 2020-10-29T13:19:02.701+0000: [ParNew: 16388K->4K(18432K), 0.0035875 secs] 535546K->519162K(782456K), 0.0036717 secs] [Times: user=0.01 sys=0.00, real=0.00 secs] 
2020-10-29T13:19:02.723+0000: [GC (Allocation Failure) 2020-10-29T13:19:02.723+0000: [ParNew: 16388K->4K(18432K), 0.0035083 secs] 535546K->519162K(782456K), 0.0035811 secs] [Times: user=0.01 sys=0.00, real=0.00 secs] 
2020-10-29T13:19:02.743+0000: [GC (Allocation Failure) 2020-10-29T13:19:02.743+0000: [ParNew: 16388K->4K(18432K), 0.0035120 secs] 535546K->519162K(782456K), 0.0035859 secs] [Times: user=0.01 sys=0.00, real=0.00 secs] 
2020-10-29T13:19:02.762+0000: [GC (Allocation Failure) 2020-10-29T13:19:02.762+0000: [ParNew: 16388K->4K(18432K), 0.0035272 secs] 535546K->519162K(782456K), 0.0036095 secs] [Times: user=0.01 sys=0.00, real=0.00 secs] 
2020-10-29T13:19:02.781+0000: [GC (Allocation Failure) 2020-10-29T13:19:02.781+0000: [ParNew: 16374K->4K(18432K), 0.0035423 secs] 535533K->519162K(782456K), 0.0036169 secs] [Times: user=0.00 sys=0.00, real=0.00 secs] 
2020-10-29T13:19:02.801+0000: [GC (Allocation Failure) 2020-10-29T13:19:02.801+0000: [ParNew: 16388K->4K(18432K), 0.0035688 secs] 535546K->519162K(782456K), 0.0036449 secs] [Times: user=0.00 sys=0.00, real=0.00 secs] 
2020-10-29T13:19:02.823+0000: [GC (Allocation Failure) 2020-10-29T13:19:02.823+0000: [ParNew: 16388K->4K(18432K), 0.0034915 secs] 535546K->519162K(782456K), 0.0035641 secs] [Times: user=0.00 sys=0.00, real=0.00 secs] 
2020-10-29T13:19:02.843+0000: [GC (Allocation Failure) 2020-10-29T13:19:02.843+0000: [ParNew: 16388K->4K(18432K), 0.0035865 secs] 535546K->519162K(782456K), 0.0036634 secs] [Times: user=0.01 sys=0.00, real=0.00 secs] 
2020-10-29T13:19:02.862+0000: [GC (Allocation Failure) 2020-10-29T13:19:02.862+0000: [ParNew: 16388K->4K(18432K), 0.0035710 secs] 535546K->519162K(782456K), 0.0036482 secs] [Times: user=0.01 sys=0.00, real=0.00 secs] 
2020-10-29T13:19:02.881+0000: [GC (Allocation Failure) 2020-10-29T13:19:02.881+0000: [ParNew: 16388K->4K(18432K), 0.0034888 secs] 535546K->519162K(782456K), 0.0035569 secs] [Times: user=0.00 sys=0.00, real=0.00 secs] 
2020-10-29T13:19:02.901+0000: [GC (Allocation Failure) 2020-10-29T13:19:02.901+0000: [ParNew: 16388K->4K(18432K), 0.0034203 secs] 535546K->519162K(782456K), 0.0035069 secs] [Times: user=0.01 sys=0.00, real=0.00 secs] 
2020-10-29T13:19:02.920+0000: [GC (Allocation Failure) 2020-10-29T13:19:02.920+0000: [ParNew: 16388K->4K(18432K), 0.0036426 secs] 535546K->519162K(782456K), 0.0037250 secs] [Times: user=0.01 sys=0.00, real=0.00 secs] 
2020-10-29T13:19:02.939+0000: [GC (Allocation Failure) 2020-10-29T13:19:02.939+0000: [ParNew: 16388K->4K(18432K), 0.0034741 secs] 535546K->519162K(782456K), 0.0035613 secs] [Times: user=0.00 sys=0.00, real=0.00 secs] 
2020-10-29T13:19:02.962+0000: [GC (Allocation Failure) 2020-10-29T13:19:02.963+0000: [ParNew: 16388K->4K(18432K), 0.0034944 secs] 535546K->519162K(782456K), 0.0035687 secs] [Times: user=0.01 sys=0.00, real=0.00 secs] 
2020-10-29T13:19:02.982+0000: [GC (Allocation Failure) 2020-10-29T13:19:02.982+0000: [ParNew: 16388K->4K(18432K), 0.0043194 secs] 535546K->519162K(782456K), 0.0043925 secs] [Times: user=0.01 sys=0.00, real=0.00 secs] 
2020-10-29T13:19:03.002+0000: [GC (Allocation Failure) 2020-10-29T13:19:03.002+0000: [ParNew: 16388K->4K(18432K), 0.0035421 secs] 535546K->519162K(782456K), 0.0036114 secs] [Times: user=0.01 sys=0.00, real=0.00 secs] 
2020-10-29T13:19:03.023+0000: [GC (Allocation Failure) 2020-10-29T13:19:03.023+0000: [ParNew: 16388K->4K(18432K), 0.0035333 secs] 535546K->519162K(782456K), 0.0036115 secs] [Times: user=0.01 sys=0.00, real=0.00 secs] 
2020-10-29T13:19:03.043+0000: [GC (Allocation Failure) 2020-10-29T13:19:03.043+0000: [ParNew: 16388K->4K(18432K), 0.0035168 secs] 535546K->519162K(782456K), 0.0035917 secs] [Times: user=0.01 sys=0.00, real=0.00 secs] 
2020-10-29T13:19:03.063+0000: [GC (Allocation Failure) 2020-10-29T13:19:03.063+0000: [ParNew: 16388K->4K(18432K), 0.0035184 secs] 535546K->519162K(782456K), 0.0035908 secs] [Times: user=0.01 sys=0.00, real=0.00 secs] 
2020-10-29T13:19:03.082+0000: [GC (Allocation Failure) 2020-10-29T13:19:03.082+0000: [ParNew: 16388K->4K(18432K), 0.0038155 secs] 535546K->519162K(782456K), 0.0038882 secs] [Times: user=0.00 sys=0.00, real=0.00 secs] 
2020-10-29T13:19:03.102+0000: [GC (Allocation Failure) 2020-10-29T13:19:03.102+0000: [ParNew: 16388K->4K(18432K), 0.0035634 secs] 535546K->519162K(782456K), 0.0036370 secs] [Times: user=0.01 sys=0.00, real=0.00 secs] 
2020-10-29T13:19:03.123+0000: [GC (Allocation Failure) 2020-10-29T13:19:03.123+0000: [ParNew: 16388K->4K(18432K), 0.0035103 secs] 535546K->519162K(782456K), 0.0035844 secs] [Times: user=0.01 sys=0.00, real=0.00 secs] 
2020-10-29T13:19:03.142+0000: [GC (Allocation Failure) 2020-10-29T13:19:03.142+0000: [ParNew: 16388K->4K(18432K), 0.0037249 secs] 535546K->519162K(782456K), 0.0038019 secs] [Times: user=0.01 sys=0.00, real=0.00 secs] 
2020-10-29T13:19:03.162+0000: [GC (Allocation Failure) 2020-10-29T13:19:03.162+0000: [ParNew: 16388K->4K(18432K), 0.0036190 secs] 535546K->519162K(782456K), 0.0036946 secs] [Times: user=0.00 sys=0.00, real=0.00 secs] 
2020-10-29T13:19:03.181+0000: [GC (Allocation Failure) 2020-10-29T13:19:03.181+0000: [ParNew: 16388K->4K(18432K), 0.0036127 secs] 535546K->519162K(782456K), 0.0036874 secs] [Times: user=0.01 sys=0.00, real=0.00 secs] 
2020-10-29T13:19:03.200+0000: [GC (Allocation Failure) 2020-10-29T13:19:03.200+0000: [ParNew: 16388K->4K(18432K), 0.0036150 secs] 535546K->519162K(782456K), 0.0036943 secs] [Times: user=0.01 sys=0.00, real=0.00 secs] 
2020-10-29T13:19:03.223+0000: [GC (Allocation Failure) 2020-10-29T13:19:03.223+0000: [ParNew: 16388K->4K(18432K), 0.0035414 secs] 535546K->519162K(782456K), 0.0036131 secs] [Times: user=0.01 sys=0.00, real=0.00 secs] 
2020-10-29T13:19:03.243+0000: [GC (Allocation Failure) 2020-10-29T13:19:03.243+0000: [ParNew: 16388K->4K(18432K), 0.0035812 secs] 535546K->519162K(782456K), 0.0036522 secs] [Times: user=0.00 sys=0.00, real=0.00 secs] 
2020-10-29T13:19:03.262+0000: [GC (Allocation Failure) 2020-10-29T13:19:03.262+0000: [ParNew: 16388K->4K(18432K), 0.0035014 secs] 535546K->519162K(782456K), 0.0035743 secs] [Times: user=0.00 sys=0.00, real=0.00 secs] 
2020-10-29T13:19:03.281+0000: [GC (Allocation Failure) 2020-10-29T13:19:03.281+0000: [ParNew: 16388K->4K(18432K), 0.0034895 secs] 535546K->519162K(782456K), 0.0035593 secs] [Times: user=0.01 sys=0.00, real=0.00 secs] 
2020-10-29T13:19:03.300+0000: [GC (Allocation Failure) 2020-10-29T13:19:03.300+0000: [ParNew: 16388K->4K(18432K), 0.0035090 secs] 535546K->519162K(782456K), 0.0035832 secs] [Times: user=0.00 sys=0.00, real=0.00 secs] 
2020-10-29T13:19:03.323+0000: [GC (Allocation Failure) 2020-10-29T13:19:03.323+0000: [ParNew: 16388K->4K(18432K), 0.0034072 secs] 535546K->519162K(782456K), 0.0034779 secs] [Times: user=0.00 sys=0.00, real=0.00 secs] 
2020-10-29T13:19:03.349+0000: [GC (Allocation Failure) 2020-10-29T13:19:03.349+0000: [ParNew: 16388K->4K(18432K), 0.0034288 secs] 535546K->519162K(782456K), 0.0034971 secs] [Times: user=0.01 sys=0.00, real=0.00 secs] 
2020-10-29T13:19:03.371+0000: [GC (Allocation Failure) 2020-10-29T13:19:03.371+0000: [ParNew: 16388K->4K(18432K), 0.0034794 secs] 535546K->519162K(782456K), 0.0035496 secs] [Times: user=0.01 sys=0.00, real=0.00 secs] 
2020-10-29T13:19:03.390+0000: [GC (Allocation Failure) 2020-10-29T13:19:03.390+0000: [ParNew: 16388K->4K(18432K), 0.0034156 secs] 535546K->519162K(782456K), 0.0034826 secs] [Times: user=0.01 sys=0.00, real=0.00 secs] 
2020-10-29T13:19:03.409+0000: [GC (Allocation Failure) 2020-10-29T13:19:03.409+0000: [ParNew: 16388K->4K(18432K), 0.0032879 secs] 535546K->519162K(782456K), 0.0033524 secs] [Times: user=0.00 sys=0.00, real=0.00 secs] 
2020-10-29T13:19:03.428+0000: [GC (Allocation Failure) 2020-10-29T13:19:03.428+0000: [ParNew: 16388K->4K(18432K), 0.0034603 secs] 535546K->519162K(782456K), 0.0035322 secs] [Times: user=0.01 sys=0.00, real=0.00 secs] 
2020-10-29T13:19:03.451+0000: [GC (Allocation Failure) 2020-10-29T13:19:03.451+0000: [ParNew: 16388K->4K(18432K), 0.0034465 secs] 535546K->519162K(782456K), 0.0035161 secs] [Times: user=0.00 sys=0.00, real=0.00 secs] 
2020-10-29T13:19:03.470+0000: [GC (Allocation Failure) 2020-10-29T13:19:03.470+0000: [ParNew: 16388K->4K(18432K), 0.0034698 secs] 535546K->519162K(782456K), 0.0035386 secs] [Times: user=0.01 sys=0.00, real=0.00 secs] 
2020-10-29T13:19:03.489+0000: [GC (Allocation Failure) 2020-10-29T13:19:03.489+0000: [ParNew: 16388K->4K(18432K), 0.0033685 secs] 535546K->519162K(782456K), 0.0034356 secs] [Times: user=0.01 sys=0.00, real=0.00 secs] 
2020-10-29T13:19:03.511+0000: [GC (Allocation Failure) 2020-10-29T13:19:03.511+0000: [ParNew: 16388K->4K(18432K), 0.0033609 secs] 535546K->519162K(782456K), 0.0034264 secs] [Times: user=0.01 sys=0.00, real=0.00 secs] 
2020-10-29T13:19:03.530+0000: [GC (Allocation Failure) 2020-10-29T13:19:03.530+0000: [ParNew: 16388K->4K(18432K), 0.0032765 secs] 535546K->519162K(782456K), 0.0033373 secs] [Times: user=0.01 sys=0.00, real=0.00 secs] 
2020-10-29T13:19:03.551+0000: [GC (Allocation Failure) 2020-10-29T13:19:03.551+0000: [ParNew: 16388K->4K(18432K), 0.0033370 secs] 535546K->519162K(782456K), 0.0034028 secs] [Times: user=0.00 sys=0.00, real=0.00 secs] 
2020-10-29T13:19:03.573+0000: [GC (Allocation Failure) 2020-10-29T13:19:03.573+0000: [ParNew: 16388K->4K(18432K), 0.0034064 secs] 535546K->519162K(782456K), 0.0034716 secs] [Times: user=0.01 sys=0.00, real=0.01 secs] 
2020-10-29T13:19:03.595+0000: [GC (Allocation Failure) 2020-10-29T13:19:03.595+0000: [ParNew: 16388K->4K(18432K), 0.0034706 secs] 535546K->519162K(782456K), 0.0035414 secs] [Times: user=0.01 sys=0.00, real=0.00 secs] 
2020-10-29T13:19:03.617+0000: [GC (Allocation Failure) 2020-10-29T13:19:03.617+0000: [ParNew: 16388K->4K(18432K), 0.0035215 secs] 535546K->519162K(782456K), 0.0035902 secs] [Times: user=0.00 sys=0.00, real=0.00 secs] 
2020-10-29T13:19:03.639+0000: [GC (Allocation Failure) 2020-10-29T13:19:03.639+0000: [ParNew: 16388K->4K(18432K), 0.0034452 secs] 535546K->519162K(782456K), 0.0035142 secs] [Times: user=0.01 sys=0.00, real=0.00 secs] 
2020-10-29T13:19:03.658+0000: [GC (Allocation Failure) 2020-10-29T13:19:03.658+0000: [ParNew: 16388K->4K(18432K), 0.0034808 secs] 535546K->519162K(782456K), 0.0035495 secs] [Times: user=0.01 sys=0.00, real=0.00 secs] 
2020-10-29T13:19:03.679+0000: [GC (Allocation Failure) 2020-10-29T13:19:03.679+0000: [ParNew: 16388K->4K(18432K), 0.0033807 secs] 535546K->519162K(782456K), 0.0034459 secs] [Times: user=0.00 sys=0.00, real=0.00 secs] 
2020-10-29T13:19:03.699+0000: [GC (Allocation Failure) 2020-10-29T13:19:03.699+0000: [ParNew: 16388K->4K(18432K), 0.0035904 secs] 535546K->519162K(782456K), 0.0036638 secs] [Times: user=0.00 sys=0.00, real=0.00 secs] 
2020-10-29T13:19:03.719+0000: [GC (Allocation Failure) 2020-10-29T13:19:03.719+0000: [ParNew: 16388K->4K(18432K), 0.0034031 secs] 535546K->519163K(782456K), 0.0034691 secs] [Times: user=0.01 sys=0.00, real=0.00 secs] 
2020-10-29T13:19:03.738+0000: [GC (Allocation Failure) 2020-10-29T13:19:03.738+0000: [ParNew: 16388K->4K(18432K), 0.0033923 secs] 535547K->519163K(782456K), 0.0034602 secs] [Times: user=0.00 sys=0.00, real=0.00 secs] 
2020-10-29T13:19:03.759+0000: [GC (Allocation Failure) 2020-10-29T13:19:03.759+0000: [ParNew: 16388K->4K(18432K), 0.0032811 secs] 535547K->519163K(782456K), 0.0033484 secs] [Times: user=0.00 sys=0.00, real=0.00 secs] 
2020-10-29T13:19:03.779+0000: [GC (Allocation Failure) 2020-10-29T13:19:03.779+0000: [ParNew: 16388K->4K(18432K), 0.0034682 secs] 535547K->519163K(782456K), 0.0035421 secs] [Times: user=0.00 sys=0.00, real=0.00 secs] 
2020-10-29T13:19:03.799+0000: [GC (Allocation Failure) 2020-10-29T13:19:03.799+0000: [ParNew: 16388K->4K(18432K), 0.0033843 secs] 535547K->519163K(782456K), 0.0034494 secs] [Times: user=0.01 sys=0.00, real=0.00 secs] 
2020-10-29T13:19:03.822+0000: [GC (Allocation Failure) 2020-10-29T13:19:03.822+0000: [ParNew: 16388K->4K(18432K), 0.0032362 secs] 535547K->519163K(782456K), 0.0032947 secs] [Times: user=0.00 sys=0.00, real=0.00 secs] 
2020-10-29T13:19:03.843+0000: [GC (Allocation Failure) 2020-10-29T13:19:03.843+0000: [ParNew: 16388K->4K(18432K), 0.0031921 secs] 535547K->519163K(782456K), 0.0032498 secs] [Times: user=0.01 sys=0.00, real=0.00 secs] 
2020-10-29T13:19:03.861+0000: [GC (Allocation Failure) 2020-10-29T13:19:03.861+0000: [ParNew: 16388K->4K(18432K), 0.0034927 secs] 535547K->519163K(782456K), 0.0035604 secs] [Times: user=0.01 sys=0.00, real=0.00 secs] 
2020-10-29T13:19:03.883+0000: [GC (Allocation Failure) 2020-10-29T13:19:03.883+0000: [ParNew: 16388K->4K(18432K), 0.0033358 secs] 535547K->519163K(782456K), 0.0033987 secs] [Times: user=0.01 sys=0.00, real=0.00 secs] 
2020-10-29T13:19:03.902+0000: [GC (Allocation Failure) 2020-10-29T13:19:03.902+0000: [ParNew: 16388K->4K(18432K), 0.0033842 secs] 535547K->519163K(782456K), 0.0034447 secs] [Times: user=0.00 sys=0.00, real=0.00 secs] 
2020-10-29T13:19:03.921+0000: [GC (Allocation Failure) 2020-10-29T13:19:03.921+0000: [ParNew: 16388K->4K(18432K), 0.0033658 secs] 535547K->519163K(782456K), 0.0034302 secs] [Times: user=0.01 sys=0.00, real=0.00 secs] 
2020-10-29T13:19:03.940+0000: [GC (Allocation Failure) 2020-10-29T13:19:03.940+0000: [ParNew: 16388K->4K(18432K), 0.0031961 secs] 535547K->519163K(782456K), 0.0032562 secs] [Times: user=0.01 sys=0.00, real=0.00 secs] 
2020-10-29T13:19:03.959+0000: [GC (Allocation Failure) 2020-10-29T13:19:03.959+0000: [ParNew: 16388K->4K(18432K), 0.0034667 secs] 535547K->519163K(782456K), 0.0035339 secs] [Times: user=0.01 sys=0.00, real=0.00 secs] 
2020-10-29T13:19:03.978+0000: [GC (Allocation Failure) 2020-10-29T13:19:03.978+0000: [ParNew: 16388K->4K(18432K), 0.0034572 secs] 535547K->519163K(782456K), 0.0035270 secs] [Times: user=0.00 sys=0.00, real=0.00 secs] 
2020-10-29T13:19:03.997+0000: [GC (Allocation Failure) 2020-10-29T13:19:03.997+0000: [ParNew: 16388K->4K(18432K), 0.0032041 secs] 535547K->519163K(782456K), 0.0032667 secs] [Times: user=0.01 sys=0.00, real=0.00 secs] 
2020-10-29T13:19:04.019+0000: [GC (Allocation Failure) 2020-10-29T13:19:04.019+0000: [ParNew: 16388K->4K(18432K), 0.0033368 secs] 535547K->519163K(782456K), 0.0033997 secs] [Times: user=0.01 sys=0.00, real=0.00 secs] 
2020-10-29T13:19:04.039+0000: [GC (Allocation Failure) 2020-10-29T13:19:04.039+0000: [ParNew: 16388K->4K(18432K), 0.0032788 secs] 535547K->519163K(782456K), 0.0033422 secs] [Times: user=0.01 sys=0.00, real=0.00 secs] 
2020-10-29T13:19:04.058+0000: [GC (Allocation Failure) 2020-10-29T13:19:04.058+0000: [ParNew: 16388K->4K(18432K), 0.0033967 secs] 535547K->519163K(782456K), 0.0034622 secs] [Times: user=0.01 sys=0.00, real=0.00 secs] 
2020-10-29T13:19:04.079+0000: [GC (Allocation Failure) 2020-10-29T13:19:04.079+0000: [ParNew: 16388K->4K(18432K), 0.0036192 secs] 535547K->519163K(782456K), 0.0036921 secs] [Times: user=0.01 sys=0.00, real=0.00 secs] 
2020-10-29T13:19:04.098+0000: [GC (Allocation Failure) 2020-10-29T13:19:04.098+0000: [ParNew: 16388K->4K(18432K), 0.0031717 secs] 535547K->519163K(782456K), 0.0032304 secs] [Times: user=0.01 sys=0.00, real=0.00 secs] 
2020-10-29T13:19:04.117+0000: [GC (Allocation Failure) 2020-10-29T13:19:04.117+0000: [ParNew: 16388K->4K(18432K), 0.0032602 secs] 535547K->519163K(782456K), 0.0033187 secs] [Times: user=0.00 sys=0.00, real=0.00 secs] 
2020-10-29T13:19:04.136+0000: [GC (Allocation Failure) 2020-10-29T13:19:04.136+0000: [ParNew: 16388K->4K(18432K), 0.0031838 secs] 535547K->519163K(782456K), 0.0032506 secs] [Times: user=0.01 sys=0.00, real=0.00 secs] 
2020-10-29T13:19:04.158+0000: [GC (Allocation Failure) 2020-10-29T13:19:04.158+0000: [ParNew: 16388K->4K(18432K), 0.0034255 secs] 535547K->519163K(782456K), 0.0034929 secs] [Times: user=0.01 sys=0.00, real=0.00 secs] 
2020-10-29T13:19:04.177+0000: [GC (Allocation Failure) 2020-10-29T13:19:04.177+0000: [ParNew: 16388K->4K(18432K), 0.0034464 secs] 535547K->519163K(782456K), 0.0035133 secs] [Times: user=0.00 sys=0.00, real=0.00 secs] 
2020-10-29T13:19:04.199+0000: [GC (Allocation Failure) 2020-10-29T13:19:04.199+0000: [ParNew: 16388K->4K(18432K), 0.0035470 secs] 535547K->519163K(782456K), 0.0036182 secs] [Times: user=0.00 sys=0.00, real=0.00 secs] 
2020-10-29T13:19:04.219+0000: [GC (Allocation Failure) 2020-10-29T13:19:04.219+0000: [ParNew: 16388K->4K(18432K), 0.0035368 secs] 535547K->519163K(782456K), 0.0036078 secs] [Times: user=0.00 sys=0.00, real=0.00 secs] 
2020-10-29T13:19:04.239+0000: [GC (Allocation Failure) 2020-10-29T13:19:04.239+0000: [ParNew: 16388K->4K(18432K), 0.0035261 secs] 535547K->519163K(782456K), 0.0035958 secs] [Times: user=0.01 sys=0.00, real=0.00 secs] 
2020-10-29T13:19:04.258+0000: [GC (Allocation Failure) 2020-10-29T13:19:04.258+0000: [ParNew: 16388K->4K(18432K), 0.0035980 secs] 535547K->519163K(782456K), 0.0036710 secs] [Times: user=0.01 sys=0.00, real=0.00 secs] 
2020-10-29T13:19:04.279+0000: [GC (Allocation Failure) 2020-10-29T13:19:04.279+0000: [ParNew: 16388K->4K(18432K), 0.0034913 secs] 535547K->519163K(782456K), 0.0035611 secs] [Times: user=0.01 sys=0.00, real=0.00 secs] 
2020-10-29T13:19:04.298+0000: [GC (Allocation Failure) 2020-10-29T13:19:04.298+0000: [ParNew: 16388K->4K(18432K), 0.0034210 secs] 535547K->519163K(782456K), 0.0034881 secs] [Times: user=0.00 sys=0.00, real=0.00 secs] 
2020-10-29T13:19:04.317+0000: [GC (Allocation Failure) 2020-10-29T13:19:04.317+0000: [ParNew: 16388K->4K(18432K), 0.0035807 secs] 535547K->519163K(782456K), 0.0036625 secs] [Times: user=0.01 sys=0.00, real=0.00 secs] 
2020-10-29T13:19:04.337+0000: [GC (Allocation Failure) 2020-10-29T13:19:04.337+0000: [ParNew: 16388K->4K(18432K), 0.0034878 secs] 535547K->519163K(782456K), 0.0035538 secs] [Times: user=0.01 sys=0.00, real=0.00 secs] 
2020-10-29T13:19:04.356+0000: [GC (Allocation Failure) 2020-10-29T13:19:04.356+0000: [ParNew: 16388K->4K(18432K), 0.0034364 secs] 535547K->519163K(782456K), 0.0035048 secs] [Times: user=0.01 sys=0.00, real=0.00 secs] 
2020-10-29T13:19:04.375+0000: [GC (Allocation Failure) 2020-10-29T13:19:04.375+0000: [ParNew: 16388K->4K(18432K), 0.0034381 secs] 535547K->519163K(782456K), 0.0035076 secs] [Times: user=0.01 sys=0.00, real=0.00 secs] 
2020-10-29T13:19:04.394+0000: [GC (Allocation Failure) 2020-10-29T13:19:04.394+0000: [ParNew: 16388K->4K(18432K), 0.0035235 secs] 535547K->519163K(782456K), 0.0035948 secs] [Times: user=0.01 sys=0.00, real=0.01 secs] 
2020-10-29T13:19:04.415+0000: [GC (Allocation Failure) 2020-10-29T13:19:04.415+0000: [ParNew: 16388K->4K(18432K), 0.0034748 secs] 535547K->519163K(782456K), 0.0035438 secs] [Times: user=0.00 sys=0.00, real=0.00 secs] 
2020-10-29T13:19:04.434+0000: [GC (Allocation Failure) 2020-10-29T13:19:04.434+0000: [ParNew: 16388K->4K(18432K), 0.0033622 secs] 535547K->519163K(782456K), 0.0034272 secs] [Times: user=0.01 sys=0.00, real=0.01 secs] 
2020-10-29T13:19:04.455+0000: [GC (Allocation Failure) 2020-10-29T13:19:04.455+0000: [ParNew: 16388K->4K(18432K), 0.0033298 secs] 535547K->519163K(782456K), 0.0033927 secs] [Times: user=0.01 sys=0.00, real=0.00 secs] 
2020-10-29T13:19:04.474+0000: [GC (Allocation Failure) 2020-10-29T13:19:04.474+0000: [ParNew: 16388K->4K(18432K), 0.0031606 secs] 535547K->519163K(782456K), 0.0032193 secs] [Times: user=0.01 sys=0.00, real=0.01 secs] 
2020-10-29T13:19:04.492+0000: [GC (Allocation Failure) 2020-10-29T13:19:04.492+0000: [ParNew: 16388K->4K(18432K), 0.0035684 secs] 535547K->519163K(782456K), 0.0036398 secs] [Times: user=0.00 sys=0.00, real=0.01 secs] 
2020-10-29T13:19:04.512+0000: [GC (Allocation Failure) 2020-10-29T13:19:04.512+0000: [ParNew: 16388K->4K(18432K), 0.0035774 secs] 535547K->519163K(782456K), 0.0036602 secs] [Times: user=0.01 sys=0.00, real=0.01 secs] 
2020-10-29T13:19:04.531+0000: [GC (Allocation Failure) 2020-10-29T13:19:04.531+0000: [ParNew: 16388K->4K(18432K), 0.0033865 secs] 535547K->519163K(782456K), 0.0034508 secs] [Times: user=0.01 sys=0.00, real=0.00 secs] 
2020-10-29T13:19:04.550+0000: [GC (Allocation Failure) 2020-10-29T13:19:04.550+0000: [ParNew: 16388K->4K(18432K), 0.0034999 secs] 535547K->519163K(782456K), 0.0035693 secs] [Times: user=0.00 sys=0.00, real=0.00 secs] 
2020-10-29T13:19:04.571+0000: [GC (Allocation Failure) 2020-10-29T13:19:04.571+0000: [ParNew: 16388K->4K(18432K), 0.0035014 secs] 535547K->519163K(782456K), 0.0035688 secs] [Times: user=0.00 sys=0.00, real=0.00 secs] 
2020-10-29T13:19:04.591+0000: [GC (Allocation Failure) 2020-10-29T13:19:04.591+0000: [ParNew: 16388K->4K(18432K), 0.0035386 secs] 535547K->519163K(782456K), 0.0036109 secs] [Times: user=0.01 sys=0.00, real=0.00 secs] 
2020-10-29T13:19:04.610+0000: [GC (Allocation Failure) 2020-10-29T13:19:04.610+0000: [ParNew: 16388K->4K(18432K), 0.0035529 secs] 535547K->519163K(782456K), 0.0036320 secs] [Times: user=0.00 sys=0.00, real=0.00 secs] 
2020-10-29T13:19:04.630+0000: [GC (Allocation Failure) 2020-10-29T13:19:04.630+0000: [ParNew: 16388K->4K(18432K), 0.0036858 secs] 535547K->519163K(782456K), 0.0037624 secs] [Times: user=0.01 sys=0.00, real=0.00 secs] 
2020-10-29T13:19:04.649+0000: [GC (Allocation Failure) 2020-10-29T13:19:04.649+0000: [ParNew: 16388K->4K(18432K), 0.0035649 secs] 535547K->519163K(782456K), 0.0036352 secs] [Times: user=0.01 sys=0.00, real=0.00 secs] 
2020-10-29T13:19:04.668+0000: [GC (Allocation Failure) 2020-10-29T13:19:04.668+0000: [ParNew: 16388K->4K(18432K), 0.0034634 secs] 535547K->519163K(782456K), 0.0035294 secs] [Times: user=0.01 sys=0.00, real=0.00 secs] 
2020-10-29T13:19:04.687+0000: [GC (Allocation Failure) 2020-10-29T13:19:04.687+0000: [ParNew: 16388K->4K(18432K), 0.0034623 secs] 535547K->519163K(782456K), 0.0035298 secs] [Times: user=0.00 sys=0.00, real=0.00 secs] 
2020-10-29T13:19:04.707+0000: [GC (Allocation Failure) 2020-10-29T13:19:04.707+0000: [ParNew: 16388K->4K(18432K), 0.0033099 secs] 535547K->519163K(782456K), 0.0033710 secs] [Times: user=0.01 sys=0.00, real=0.00 secs] 
2020-10-29T13:19:04.727+0000: [GC (Allocation Failure) 2020-10-29T13:19:04.727+0000: [ParNew: 16388K->4K(18432K), 0.0039394 secs] 535547K->519163K(782456K), 0.0040087 secs] [Times: user=0.00 sys=0.00, real=0.00 secs] 
2020-10-29T13:19:04.747+0000: [GC (Allocation Failure) 2020-10-29T13:19:04.747+0000: [ParNew: 16256K->4K(18432K), 0.0034641 secs] 535415K->519163K(782456K), 0.0035528 secs] [Times: user=0.00 sys=0.01, real=0.01 secs] 
2020-10-29T13:19:04.766+0000: [GC (Allocation Failure) 2020-10-29T13:19:04.766+0000: [ParNew: 16388K->4K(18432K), 0.0034224 secs] 535547K->519163K(782456K), 0.0035005 secs] [Times: user=0.01 sys=0.00, real=0.01 secs] 
2020-10-29T13:19:04.787+0000: [GC (Allocation Failure) 2020-10-29T13:19:04.787+0000: [ParNew: 16388K->4K(18432K), 0.0033991 secs] 535547K->519163K(782456K), 0.0034646 secs] [Times: user=0.01 sys=0.00, real=0.00 secs] 
2020-10-29T13:19:04.806+0000: [GC (Allocation Failure) 2020-10-29T13:19:04.806+0000: [ParNew: 16388K->4K(18432K), 0.0031439 secs] 535547K->519163K(782456K), 0.0032001 secs] [Times: user=0.00 sys=0.00, real=0.01 secs] 
2020-10-29T13:19:04.825+0000: [GC (Allocation Failure) 2020-10-29T13:19:04.825+0000: [ParNew: 16388K->4K(18432K), 0.0034910 secs] 535547K->519163K(782456K), 0.0035593 secs] [Times: user=0.01 sys=0.00, real=0.01 secs] 
2020-10-29T13:19:04.845+0000: [GC (Allocation Failure) 2020-10-29T13:19:04.845+0000: [ParNew: 16388K->4K(18432K), 0.0032297 secs] 535547K->519163K(782456K), 0.0032954 secs] [Times: user=0.01 sys=0.00, real=0.01 secs] 
2020-10-29T13:19:04.867+0000: [GC (Allocation Failure) 2020-10-29T13:19:04.867+0000: [ParNew: 16388K->4K(18432K), 0.0033696 secs] 535547K->519163K(782456K), 0.0034347 secs] [Times: user=0.00 sys=0.00, real=0.00 secs] 
2020-10-29T13:19:04.886+0000: [GC (Allocation Failure) 2020-10-29T13:19:04.886+0000: [ParNew: 16388K->4K(18432K), 0.0033790 secs] 535547K->519163K(782456K), 0.0034444 secs] [Times: user=0.01 sys=0.00, real=0.01 secs] 
2020-10-29T13:19:04.907+0000: [GC (Allocation Failure) 2020-10-29T13:19:04.907+0000: [ParNew: 16388K->4K(18432K), 0.0034524 secs] 535547K->519163K(782456K), 0.0035181 secs] [Times: user=0.01 sys=0.00, real=0.00 secs] 
2020-10-29T13:19:04.931+0000: [GC (Allocation Failure) 2020-10-29T13:19:04.931+0000: [ParNew: 16388K->4K(18432K), 0.0034625 secs] 535547K->519163K(782456K), 0.0035689 secs] [Times: user=0.00 sys=0.00, real=0.00 secs] 
2020-10-29T13:19:04.950+0000: [GC (Allocation Failure) 2020-10-29T13:19:04.950+0000: [ParNew: 16388K->4K(18432K), 0.0035123 secs] 535547K->519163K(782456K), 0.0035797 secs] [Times: user=0.01 sys=0.00, real=0.00 secs] 
2020-10-29T13:19:04.969+0000: [GC (Allocation Failure) 2020-10-29T13:19:04.969+0000: [ParNew: 16388K->4K(18432K), 0.0035109 secs] 535547K->519163K(782456K), 0.0035786 secs] [Times: user=0.01 sys=0.00, real=0.00 secs] 
2020-10-29T13:19:04.989+0000: [GC (Allocation Failure) 2020-10-29T13:19:04.989+0000: [ParNew: 16388K->4K(18432K), 0.0034173 secs] 535547K->519163K(782456K), 0.0034750 secs] [Times: user=0.01 sys=0.00, real=0.00 secs] 
2020-10-29T13:19:05.008+0000: [GC (Allocation Failure) 2020-10-29T13:19:05.008+0000: [ParNew: 16388K->4K(18432K), 0.0034448 secs] 535547K->519163K(782456K), 0.0035104 secs] [Times: user=0.00 sys=0.00, real=0.00 secs] 
2020-10-29T13:19:05.027+0000: [GC (Allocation Failure) 2020-10-29T13:19:05.027+0000: [ParNew: 16388K->4K(18432K), 0.0033227 secs] 535547K->519163K(782456K), 0.0033953 secs] [Times: user=0.00 sys=0.00, real=0.01 secs] 
2020-10-29T13:19:05.045+0000: [GC (Allocation Failure) 2020-10-29T13:19:05.045+0000: [ParNew: 16388K->4K(18432K), 0.0030940 secs] 535547K->519163K(782456K), 0.0031492 secs] [Times: user=0.00 sys=0.00, real=0.01 secs] 
2020-10-29T13:19:05.067+0000: [GC (Allocation Failure) 2020-10-29T13:19:05.067+0000: [ParNew: 16388K->4K(18432K), 0.0034521 secs] 535547K->519163K(782456K), 0.0035235 secs] [Times: user=0.01 sys=0.00, real=0.00 secs] 
2020-10-29T13:19:05.086+0000: [GC (Allocation Failure) 2020-10-29T13:19:05.087+0000: [ParNew: 16388K->4K(18432K), 0.0034423 secs] 535547K->519163K(782456K), 0.0035137 secs] [Times: user=0.00 sys=0.00, real=0.01 secs] 
2020-10-29T13:19:05.106+0000: [GC (Allocation Failure) 2020-10-29T13:19:05.106+0000: [ParNew: 16388K->4K(18432K), 0.0031265 secs] 535547K->519163K(782456K), 0.0031818 secs] [Times: user=0.01 sys=0.00, real=0.01 secs] 
2020-10-29T13:19:05.124+0000: [GC (Allocation Failure) 2020-10-29T13:19:05.124+0000: [ParNew: 16388K->4K(18432K), 0.0029670 secs] 535547K->519163K(782456K), 0.0030206 secs] [Times: user=0.01 sys=0.00, real=0.01 secs] 
2020-10-29T13:19:05.147+0000: [GC (Allocation Failure) 2020-10-29T13:19:05.147+0000: [ParNew: 16388K->4K(18432K), 0.0031464 secs] 535547K->519163K(782456K), 0.0032050 secs] [Times: user=0.00 sys=0.01, real=0.01 secs] 
2020-10-29T13:19:05.171+0000: [GC (Allocation Failure) 2020-10-29T13:19:05.171+0000: [ParNew: 16388K->4K(18432K), 0.0043786 secs] 535547K->519163K(782456K), 0.0044630 secs] [Times: user=0.01 sys=0.00, real=0.01 secs] 
2020-10-29T13:19:05.190+0000: [GC (Allocation Failure) 2020-10-29T13:19:05.191+0000: [ParNew: 16388K->4K(18432K), 0.0032674 secs] 535547K->519163K(782456K), 0.0033271 secs] [Times: user=0.01 sys=0.00, real=0.00 secs] 
2020-10-29T13:19:05.209+0000: [GC (Allocation Failure) 2020-10-29T13:19:05.210+0000: [ParNew: 16388K->4K(18432K), 0.0034691 secs] 535547K->519163K(782456K), 0.0035381 secs] [Times: user=0.00 sys=0.00, real=0.00 secs] 
2020-10-29T13:19:05.229+0000: [GC (Allocation Failure) 2020-10-29T13:19:05.229+0000: [ParNew: 16388K->4K(18432K), 0.0033510 secs] 535547K->519163K(782456K), 0.0034137 secs] [Times: user=0.01 sys=0.00, real=0.00 secs] 
2020-10-29T13:19:05.251+0000: [GC (Allocation Failure) 2020-10-29T13:19:05.251+0000: [ParNew: 16388K->4K(18432K), 0.0032964 secs] 535547K->519163K(782456K), 0.0033711 secs] [Times: user=0.00 sys=0.00, real=0.00 secs] 
2020-10-29T13:19:05.271+0000: [GC (Allocation Failure) 2020-10-29T13:19:05.271+0000: [ParNew: 16388K->4K(18432K), 0.0034153 secs] 535547K->519163K(782456K), 0.0034809 secs] [Times: user=0.01 sys=0.00, real=0.00 secs] 
2020-10-29T13:19:05.290+0000: [GC (Allocation Failure) 2020-10-29T13:19:05.290+0000: [ParNew: 16388K->4K(18432K), 0.0031522 secs] 535547K->519163K(782456K), 0.0032100 secs] [Times: user=0.01 sys=0.00, real=0.00 secs] 
2020-10-29T13:19:05.309+0000: [GC (Allocation Failure) 2020-10-29T13:19:05.309+0000: [ParNew: 16388K->4K(18432K), 0.0033855 secs] 535547K->519163K(782456K), 0.0034642 secs] [Times: user=0.01 sys=0.00, real=0.00 secs] 
2020-10-29T13:19:05.328+0000: [GC (Allocation Failure) 2020-10-29T13:19:05.328+0000: [ParNew: 16388K->4K(18432K), 0.0034103 secs] 535547K->519163K(782456K), 0.0034773 secs] [Times: user=0.01 sys=0.00, real=0.00 secs] 
2020-10-29T13:19:05.347+0000: [GC (Allocation Failure) 2020-10-29T13:19:05.347+0000: [ParNew: 16388K->4K(18432K), 0.0034070 secs] 535547K->519163K(782456K), 0.0034737 secs] [Times: user=0.01 sys=0.00, real=0.00 secs] 
2020-10-29T13:19:05.366+0000: [GC (Allocation Failure) 2020-10-29T13:19:05.366+0000: [ParNew: 16388K->4K(18432K), 0.0032489 secs] 535547K->519163K(782456K), 0.0033095 secs] [Times: user=0.01 sys=0.00, real=0.01 secs] 
2020-10-29T13:19:05.387+0000: [GC (Allocation Failure) 2020-10-29T13:19:05.387+0000: [ParNew: 16388K->4K(18432K), 0.0032257 secs] 535547K->519163K(782456K), 0.0032871 secs] [Times: user=0.01 sys=0.00, real=0.00 secs] 
2020-10-29T13:19:05.407+0000: [GC (Allocation Failure) 2020-10-29T13:19:05.407+0000: [ParNew: 16388K->4K(18432K), 0.0029087 secs] 535547K->519163K(782456K), 0.0029616 secs] [Times: user=0.00 sys=0.00, real=0.00 secs] 
2020-10-29T13:19:05.427+0000: [GC (Allocation Failure) 2020-10-29T13:19:05.427+0000: [ParNew: 16388K->4K(18432K), 0.0034196 secs] 535547K->519163K(782456K), 0.0034888 secs] [Times: user=0.01 sys=0.00, real=0.00 secs] 
2020-10-29T13:19:05.446+0000: [GC (Allocation Failure) 2020-10-29T13:19:05.446+0000: [ParNew: 16388K->4K(18432K), 0.0034642 secs] 535547K->519163K(782456K), 0.0035329 secs] [Times: user=0.00 sys=0.00, real=0.01 secs] 
2020-10-29T13:19:05.465+0000: [GC (Allocation Failure) 2020-10-29T13:19:05.465+0000: [ParNew: 16388K->4K(18432K), 0.0035614 secs] 535547K->519163K(782456K), 0.0036361 secs] [Times: user=0.00 sys=0.00, real=0.01 secs] 
2020-10-29T13:19:05.486+0000: [GC (Allocation Failure) 2020-10-29T13:19:05.486+0000: [ParNew: 16388K->4K(18432K), 0.0035358 secs] 535547K->519163K(782456K), 0.0036074 secs] [Times: user=0.01 sys=0.00, real=0.01 secs] 
2020-10-29T13:19:05.505+0000: [GC (Allocation Failure) 2020-10-29T13:19:05.505+0000: [ParNew: 16388K->4K(18432K), 0.0035609 secs] 535547K->519163K(782456K), 0.0036314 secs] [Times: user=0.00 sys=0.00, real=0.01 secs] 
2020-10-29T13:19:05.527+0000: [GC (Allocation Failure) 2020-10-29T13:19:05.527+0000: [ParNew: 16388K->4K(18432K), 0.0033825 secs] 535547K->519163K(782456K), 0.0034482 secs] [Times: user=0.00 sys=0.00, real=0.00 secs] 
2020-10-29T13:19:05.547+0000: [GC (Allocation Failure) 2020-10-29T13:19:05.547+0000: [ParNew: 16388K->4K(18432K), 0.0034602 secs] 535547K->519163K(782456K), 0.0035305 secs] [Times: user=0.00 sys=0.00, real=0.00 secs] 
2020-10-29T13:19:05.560+0000: [GC (Allocation Failure) 2020-10-29T13:19:05.560+0000: [ParNew: 9853K->4K(18432K), 0.0032374 secs] 529013K->519163K(782456K), 0.0032981 secs] [Times: user=0.01 sys=0.00, real=0.00 secs] 
2020-10-29T13:19:05.572+0000: [GC (Allocation Failure) 2020-10-29T13:19:05.572+0000: [ParNew: 16388K->4K(18432K), 0.0049756 secs] 535547K->527355K(782456K), 0.0050419 secs] [Times: user=0.01 sys=0.00, real=0.01 secs] 
2020-10-29T13:19:05.592+0000: [GC (Allocation Failure) 2020-10-29T13:19:05.593+0000: [ParNew: 16388K->4K(18432K), 0.0034677 secs] 543739K->527355K(782456K), 0.0035347 secs] [Times: user=0.01 sys=0.00, real=0.01 secs] 
2020-10-29T13:19:05.615+0000: [GC (Allocation Failure) 2020-10-29T13:19:05.615+0000: [ParNew: 16388K->4K(18432K), 0.0037337 secs] 543739K->527355K(782456K), 0.0038337 secs] [Times: user=0.00 sys=0.00, real=0.00 secs] 
2020-10-29T13:19:05.634+0000: [GC (Allocation Failure) 2020-10-29T13:19:05.634+0000: [ParNew: 16388K->4K(18432K), 0.0035232 secs] 543739K->527355K(782456K), 0.0035933 secs] [Times: user=0.01 sys=0.00, real=0.01 secs] 
2020-10-29T13:19:05.654+0000: [GC (Allocation Failure) 2020-10-29T13:19:05.654+0000: [ParNew: 16388K->4K(18432K), 0.0034962 secs] 543739K->527355K(782456K), 0.0035639 secs] [Times: user=0.01 sys=0.00, real=0.01 secs] 
2020-10-29T13:19:05.673+0000: [GC (Allocation Failure) 2020-10-29T13:19:05.673+0000: [ParNew: 16388K->4K(18432K), 0.0035199 secs] 543739K->527355K(782456K), 0.0035914 secs] [Times: user=0.00 sys=0.00, real=0.01 secs] 
2020-10-29T13:19:05.692+0000: [GC (Allocation Failure) 2020-10-29T13:19:05.692+0000: [ParNew: 16388K->4K(18432K), 0.0033699 secs] 543739K->527355K(782456K), 0.0034345 secs] [Times: user=0.01 sys=0.00, real=0.01 secs] 
2020-10-29T13:19:05.715+0000: [GC (Allocation Failure) 2020-10-29T13:19:05.715+0000: [ParNew: 16388K->4K(18432K), 0.0029501 secs] 543739K->527355K(782456K), 0.0030081 secs] [Times: user=0.00 sys=0.00, real=0.00 secs] 
2020-10-29T13:19:05.733+0000: [GC (Allocation Failure) 2020-10-29T13:19:05.733+0000: [ParNew: 16388K->4K(18432K), 0.0033102 secs] 543739K->527355K(782456K), 0.0033749 secs] [Times: user=0.01 sys=0.00, real=0.01 secs] 
2020-10-29T13:19:05.755+0000: [GC (Allocation Failure) 2020-10-29T13:19:05.755+0000: [ParNew: 16388K->4K(18432K), 0.0033499 secs] 543739K->527355K(782456K), 0.0034146 secs] [Times: user=0.00 sys=0.00, real=0.00 secs] 
2020-10-29T13:19:05.775+0000: [GC (Allocation Failure) 2020-10-29T13:19:05.775+0000: [ParNew: 16388K->4K(18432K), 0.0033770 secs] 543739K->527355K(782456K), 0.0034396 secs] [Times: user=0.01 sys=0.00, real=0.00 secs] 
2020-10-29T13:19:05.795+0000: [GC (Allocation Failure) 2020-10-29T13:19:05.795+0000: [ParNew: 16388K->4K(18432K), 0.0034751 secs] 543739K->527355K(782456K), 0.0035460 secs] [Times: user=0.01 sys=0.00, real=0.00 secs] 
2020-10-29T13:19:05.814+0000: [GC (Allocation Failure) 2020-10-29T13:19:05.814+0000: [ParNew: 16388K->4K(18432K), 0.0034854 secs] 543739K->527355K(782456K), 0.0035566 secs] [Times: user=0.01 sys=0.00, real=0.01 secs] 
2020-10-29T13:19:05.835+0000: [GC (Allocation Failure) 2020-10-29T13:19:05.835+0000: [ParNew: 16388K->4K(18432K), 0.0032704 secs] 543739K->527355K(782456K), 0.0033316 secs] [Times: user=0.00 sys=0.00, real=0.00 secs] 
2020-10-29T13:19:05.855+0000: [GC (Allocation Failure) 2020-10-29T13:19:05.855+0000: [ParNew: 16388K->4K(18432K), 0.0030812 secs] 543739K->527355K(782456K), 0.0031330 secs] [Times: user=0.00 sys=0.00, real=0.00 secs] 
2020-10-29T13:19:05.871+0000: [GC (Allocation Failure) 2020-10-29T13:19:05.871+0000: [ParNew: 9619K->4K(18432K), 0.0034383 secs] 536971K->527355K(782456K), 0.0035061 secs] [Times: user=0.01 sys=0.00, real=0.00 secs] 
2020-10-29T13:19:05.883+0000: [GC (Allocation Failure) 2020-10-29T13:19:05.883+0000: [ParNew: 16388K->4K(18432K), 0.0099825 secs] 543739K->535547K(782456K), 0.0100597 secs] [Times: user=0.02 sys=0.00, real=0.01 secs] 
2020-10-29T13:19:05.894+0000: [GC (CMS Initial Mark) [1 CMS-initial-mark: 535543K(764024K)] 535736K(782456K), 0.0019346 secs] [Times: user=0.00 sys=0.00, real=0.01 secs] 
2020-10-29T13:19:05.896+0000: [CMS-concurrent-mark-start]
2020-10-29T13:19:05.918+0000: [GC (Allocation Failure) 2020-10-29T13:19:05.918+0000: [ParNew: 16388K->4K(18432K), 0.0033879 secs] 551931K->535547K(782456K), 0.0034582 secs] [Times: user=0.00 sys=0.00, real=0.00 secs] 
2020-10-29T13:19:05.939+0000: [GC (Allocation Failure) 2020-10-29T13:19:05.939+0000: [ParNew: 16388K->4K(18432K), 0.0033234 secs] 551931K->535547K(782456K), 0.0033934 secs] [Times: user=0.01 sys=0.00, real=0.00 secs] 
2020-10-29T13:19:05.964+0000: [GC (Allocation Failure) 2020-10-29T13:19:05.964+0000: [ParNew: 16388K->4K(18432K), 0.0033975 secs] 551931K->535547K(782456K), 0.0034669 secs] [Times: user=0.01 sys=0.00, real=0.01 secs] 
2020-10-29T13:19:05.987+0000: [GC (Allocation Failure) 2020-10-29T13:19:05.987+0000: [ParNew: 16388K->4K(18432K), 0.0034598 secs] 551931K->535547K(782456K), 0.0035365 secs] [Times: user=0.01 sys=0.00, real=0.00 secs] 
2020-10-29T13:19:06.015+0000: [GC (Allocation Failure) 2020-10-29T13:19:06.015+0000: [ParNew: 16388K->4K(18432K), 0.0035368 secs] 551931K->535547K(782456K), 0.0036091 secs] [Times: user=0.01 sys=0.00, real=0.00 secs] 
2020-10-29T13:19:06.023+0000: [CMS-concurrent-mark: 0.098/0.128 secs] [Times: user=0.25 sys=0.00, real=0.12 secs] 
2020-10-29T13:19:06.023+0000: [CMS-concurrent-preclean-start]
2020-10-29T13:19:06.037+0000: [CMS-concurrent-preclean: 0.014/0.014 secs] [Times: user=0.03 sys=0.00, real=0.02 secs] 
2020-10-29T13:19:06.038+0000: [CMS-concurrent-abortable-preclean-start]
2020-10-29T13:19:06.039+0000: [GC (Allocation Failure) 2020-10-29T13:19:06.039+0000: [ParNew: 16388K->4K(18432K), 0.0029796 secs] 551931K->535547K(782456K), 0.0030341 secs] [Times: user=0.01 sys=0.00, real=0.00 secs] 
2020-10-29T13:19:06.063+0000: [GC (Allocation Failure) 2020-10-29T13:19:06.063+0000: [ParNew: 16388K->4K(18432K), 0.0035191 secs] 551931K->535547K(782456K), 0.0035889 secs] [Times: user=0.00 sys=0.00, real=0.00 secs] 
2020-10-29T13:19:06.076+0000: [GC (Allocation Failure) 2020-10-29T13:19:06.076+0000: [ParNew: 16388K->4K(18432K), 0.0097976 secs] 551931K->543739K(782456K), 0.0098682 secs] [Times: user=0.02 sys=0.01, real=0.00 secs] 
2020-10-29T13:19:06.103+0000: [GC (Allocation Failure) 2020-10-29T13:19:06.103+0000: [ParNew: 16388K->4K(18432K), 0.0032188 secs] 560123K->543739K(782456K), 0.0032832 secs] [Times: user=0.00 sys=0.00, real=0.00 secs] 
2020-10-29T13:19:06.127+0000: [GC (Allocation Failure) 2020-10-29T13:19:06.127+0000: [ParNew: 16388K->4K(18432K), 0.0034166 secs] 560123K->543739K(782456K), 0.0034852 secs] [Times: user=0.01 sys=0.00, real=0.00 secs] 
2020-10-29T13:19:06.151+0000: [GC (Allocation Failure) 2020-10-29T13:19:06.151+0000: [ParNew: 16388K->4K(18432K), 0.0033653 secs] 560123K->543739K(782456K), 0.0034341 secs] [Times: user=0.01 sys=0.00, real=0.00 secs] 
2020-10-29T13:19:06.175+0000: [GC (Allocation Failure) 2020-10-29T13:19:06.175+0000: [ParNew: 16388K->4K(18432K), 0.0034591 secs] 560123K->543739K(782456K), 0.0035314 secs] [Times: user=0.01 sys=0.00, real=0.00 secs] 
2020-10-29T13:19:06.195+0000: [GC (Allocation Failure) 2020-10-29T13:19:06.195+0000: [ParNew: 16388K->4K(18432K), 0.0033885 secs] 560123K->543739K(782456K), 0.0034564 secs] [Times: user=0.01 sys=0.00, real=0.00 secs] 
2020-10-29T13:19:06.217+0000: [GC (Allocation Failure) 2020-10-29T13:19:06.217+0000: [ParNew: 16388K->4K(18432K), 0.0034509 secs] 560123K->543740K(782456K), 0.0035199 secs] [Times: user=0.01 sys=0.00, real=0.00 secs] 
2020-10-29T13:19:06.237+0000: [GC (Allocation Failure) 2020-10-29T13:19:06.237+0000: [ParNew: 16388K->4K(18432K), 0.0034457 secs] 560124K->543740K(782456K), 0.0035157 secs] [Times: user=0.00 sys=0.00, real=0.00 secs] 
2020-10-29T13:19:06.257+0000: [GC (Allocation Failure) 2020-10-29T13:19:06.257+0000: [ParNew: 16388K->4K(18432K), 0.0033040 secs] 560124K->543740K(782456K), 0.0033701 secs] [Times: user=0.01 sys=0.00, real=0.00 secs] 
2020-10-29T13:19:06.277+0000: [GC (Allocation Failure) 2020-10-29T13:19:06.277+0000: [ParNew: 16388K->4K(18432K), 0.0033372 secs] 560124K->543740K(782456K), 0.0034052 secs] [Times: user=0.01 sys=0.00, real=0.00 secs] 
2020-10-29T13:19:06.299+0000: [GC (Allocation Failure) 2020-10-29T13:19:06.299+0000: [ParNew: 16388K->4K(18432K), 0.0031086 secs] 560124K->543740K(782456K), 0.0031711 secs] [Times: user=0.01 sys=0.00, real=0.00 secs] 
2020-10-29T13:19:06.322+0000: [GC (Allocation Failure) 2020-10-29T13:19:06.322+0000: [ParNew: 16388K->4K(18432K), 0.0031956 secs] 560124K->543740K(782456K), 0.0032579 secs] [Times: user=0.01 sys=0.00, real=0.00 secs] 
2020-10-29T13:19:06.342+0000: [GC (Allocation Failure) 2020-10-29T13:19:06.342+0000: [ParNew: 16388K->4K(18432K), 0.0034723 secs] 560124K->543740K(782456K), 0.0035434 secs] [Times: user=0.01 sys=0.00, real=0.00 secs] 
2020-10-29T13:19:06.363+0000: [GC (Allocation Failure) 2020-10-29T13:19:06.363+0000: [ParNew: 16388K->4K(18432K), 0.0035183 secs] 560124K->543740K(782456K), 0.0035914 secs] [Times: user=0.01 sys=0.00, real=0.00 secs] 
2020-10-29T13:19:06.379+0000: [GC (Allocation Failure) 2020-10-29T13:19:06.379+0000: [ParNew: 16388K->4K(18432K), 0.0102152 secs] 560124K->551932K(782456K), 0.0102908 secs] [Times: user=0.01 sys=0.00, real=0.01 secs] 
2020-10-29T13:19:06.407+0000: [GC (Allocation Failure) 2020-10-29T13:19:06.407+0000: [ParNew: 16388K->4K(18432K), 0.0034520 secs] 568316K->551932K(782456K), 0.0035369 secs] [Times: user=0.01 sys=0.00, real=0.01 secs] 
2020-10-29T13:19:06.427+0000: [GC (Allocation Failure) 2020-10-29T13:19:06.427+0000: [ParNew: 16388K->4K(18432K), 0.0033714 secs] 568316K->551932K(782456K), 0.0034408 secs] [Times: user=0.00 sys=0.00, real=0.00 secs] 
2020-10-29T13:19:06.451+0000: [GC (Allocation Failure) 2020-10-29T13:19:06.451+0000: [ParNew: 16388K->4K(18432K), 0.0032881 secs] 568316K->551932K(782456K), 0.0033553 secs] [Times: user=0.01 sys=0.00, real=0.00 secs] 
2020-10-29T13:19:06.470+0000: [GC (Allocation Failure) 2020-10-29T13:19:06.470+0000: [ParNew: 16388K->4K(18432K), 0.0029680 secs] 568316K->551932K(782456K), 0.0030302 secs] [Times: user=0.01 sys=0.00, real=0.00 secs] 
2020-10-29T13:19:06.490+0000: [GC (Allocation Failure) 2020-10-29T13:19:06.490+0000: [ParNew: 16388K->4K(18432K), 0.0028238 secs] 568316K->551932K(782456K), 0.0028885 secs] [Times: user=0.00 sys=0.00, real=0.00 secs] 
2020-10-29T13:19:06.509+0000: [GC (Allocation Failure) 2020-10-29T13:19:06.509+0000: [ParNew: 16388K->4K(18432K), 0.0030157 secs] 568316K->551932K(782456K), 0.0030789 secs] [Times: user=0.00 sys=0.00, real=0.00 secs] 
2020-10-29T13:19:06.528+0000: [GC (Allocation Failure) 2020-10-29T13:19:06.529+0000: [ParNew: 16388K->4K(18432K), 0.0033713 secs] 568316K->551932K(782456K), 0.0034398 secs] [Times: user=0.01 sys=0.00, real=0.00 secs] 
2020-10-29T13:19:06.549+0000: [GC (Allocation Failure) 2020-10-29T13:19:06.549+0000: [ParNew: 16388K->4K(18432K), 0.0030731 secs] 568316K->551932K(782456K), 0.0031286 secs] [Times: user=0.01 sys=0.00, real=0.00 secs] 
2020-10-29T13:19:06.567+0000: [GC (Allocation Failure) 2020-10-29T13:19:06.567+0000: [ParNew: 11103K->4K(18432K), 0.0034856 secs] 563031K->551932K(782456K), 0.0035564 secs] [Times: user=0.01 sys=0.00, real=0.00 secs] 
2020-10-29T13:19:06.580+0000: [GC (Allocation Failure) 2020-10-29T13:19:06.580+0000: [ParNew: 16388K->4K(18432K), 0.0100051 secs] 568316K->560124K(782456K), 0.0100893 secs] [Times: user=0.02 sys=0.01, real=0.01 secs] 
2020-10-29T13:19:06.591+0000: [CMS-concurrent-abortable-preclean: 0.048/0.553 secs] [Times: user=0.99 sys=0.05, real=0.55 secs] 
2020-10-29T13:19:06.599+0000: [GC (CMS Final Remark) [YG occupancy: 4255 K (18432 K)]2020-10-29T13:19:06.599+0000: [Rescan (parallel) , 0.0051498 secs]2020-10-29T13:19:06.604+0000: [weak refs processing, 0.0001068 secs]2020-10-29T13:19:06.604+0000: [class unloading, 0.0144412 secs]2020-10-29T13:19:06.618+0000: [scrub symbol table, 0.0116035 secs]2020-10-29T13:19:06.630+0000: [scrub string table, 0.0007839 secs][1 CMS-remark: 560120K(764024K)] 564375K(782456K), 0.0322759 secs] [Times: user=0.04 sys=0.00, real=0.03 secs] 
2020-10-29T13:19:06.639+0000: [CMS-concurrent-sweep-start]
2020-10-29T13:19:06.646+0000: [GC (Allocation Failure) 2020-10-29T13:19:06.646+0000: [ParNew: 16388K->4K(18432K), 0.0034301 secs] 576310K->559926K(782456K), 0.0034891 secs] [Times: user=0.00 sys=0.00, real=0.01 secs] 
2020-10-29T13:19:06.659+0000: [CMS-concurrent-sweep: 0.016/0.020 secs] [Times: user=0.04 sys=0.00, real=0.02 secs] 
2020-10-29T13:19:06.660+0000: [CMS-concurrent-reset-start]
2020-10-29T13:19:06.662+0000: [CMS-concurrent-reset: 0.002/0.002 secs] [Times: user=0.00 sys=0.00, real=0.00 secs] 
2020-10-29T13:19:06.671+0000: [GC (Allocation Failure) 2020-10-29T13:19:06.671+0000: [ParNew: 16388K->4K(18432K), 0.0037860 secs] 524374K->507990K(865080K), 0.0038470 secs] [Times: user=0.01 sys=0.00, real=0.01 secs] 
2020-10-29T13:19:06.695+0000: [GC (Allocation Failure) 2020-10-29T13:19:06.695+0000: [ParNew: 16388K->4K(18432K), 0.0036676 secs] 524374K->507990K(865080K), 0.0037457 secs] [Times: user=0.00 sys=0.00, real=0.01 secs] 
2020-10-29T13:19:06.714+0000: [GC (Allocation Failure) 2020-10-29T13:19:06.714+0000: [ParNew: 16388K->4K(18432K), 0.0036827 secs] 524374K->507990K(865080K), 0.0037501 secs] [Times: user=0.00 sys=0.00, real=0.01 secs] 
2020-10-29T13:19:06.734+0000: [GC (Allocation Failure) 2020-10-29T13:19:06.734+0000: [ParNew: 16388K->4K(18432K), 0.0037266 secs] 524374K->507990K(865080K), 0.0037955 secs] [Times: user=0.01 sys=0.00, real=0.01 secs] 
2020-10-29T13:19:06.765+0000: [GC (Allocation Failure) 2020-10-29T13:19:06.765+0000: [ParNew: 16388K->4K(18432K), 0.0038084 secs] 524374K->507990K(865080K), 0.0038776 secs] [Times: user=0.00 sys=0.00, real=0.01 secs] 
2020-10-29T13:19:06.803+0000: [GC (Allocation Failure) 2020-10-29T13:19:06.803+0000: [ParNew: 16388K->4K(18432K), 0.0037216 secs] 524374K->507990K(865080K), 0.0038070 secs] [Times: user=0.00 sys=0.01, real=0.00 secs] 
2020-10-29T13:19:06.838+0000: [GC (Allocation Failure) 2020-10-29T13:19:06.838+0000: [ParNew: 16388K->4K(18432K), 0.0037122 secs] 524374K->507990K(865080K), 0.0037823 secs] [Times: user=0.01 sys=0.00, real=0.00 secs] 
2020-10-29T13:19:06.872+0000: [GC (Allocation Failure) 2020-10-29T13:19:06.872+0000: [ParNew: 16388K->4K(18432K), 0.0037874 secs] 524374K->507990K(865080K), 0.0038606 secs] [Times: user=0.00 sys=0.00, real=0.01 secs] 
2020-10-29T13:19:06.892+0000: [GC (Allocation Failure) 2020-10-29T13:19:06.892+0000: [ParNew: 16388K->4K(18432K), 0.0055612 secs] 524374K->516182K(865080K), 0.0056383 secs] [Times: user=0.01 sys=0.00, real=0.01 secs] 
2020-10-29T13:19:06.931+0000: [GC (Allocation Failure) 2020-10-29T13:19:06.931+0000: [ParNew: 16388K->4K(18432K), 0.0039122 secs] 532566K->516182K(865080K), 0.0039854 secs] [Times: user=0.00 sys=0.00, real=0.01 secs] 
2020-10-29T13:19:06.967+0000: [GC (Allocation Failure) 2020-10-29T13:19:06.967+0000: [ParNew: 16388K->4K(18432K), 0.0038031 secs] 532566K->516184K(865080K), 0.0038738 secs] [Times: user=0.01 sys=0.00, real=0.00 secs] 
2020-10-29T13:19:07.005+0000: [GC (Allocation Failure) 2020-10-29T13:19:07.005+0000: [ParNew: 16388K->4K(18432K), 0.0037258 secs] 532568K->516184K(865080K), 0.0037929 secs] [Times: user=0.00 sys=0.00, real=0.01 secs] 
2020-10-29T13:19:07.040+0000: [GC (Allocation Failure) 2020-10-29T13:19:07.040+0000: [ParNew: 16388K->4K(18432K), 0.0036131 secs] 532568K->516184K(865080K), 0.0036797 secs] [Times: user=0.01 sys=0.00, real=0.00 secs] 
2020-10-29T13:19:07.148+0000: [GC (Allocation Failure) 2020-10-29T13:19:07.148+0000: [ParNew: 16388K->4K(18432K), 0.0037894 secs] 532568K->516184K(865080K), 0.0038616 secs] [Times: user=0.01 sys=0.00, real=0.00 secs] 
2020-10-29T13:19:07.611+0000: [GC (Allocation Failure) 2020-10-29T13:19:07.611+0000: [ParNew: 16388K->4K(18432K), 0.0036506 secs] 532568K->516184K(865080K), 0.0037215 secs] [Times: user=0.01 sys=0.00, real=0.00 secs] 
2020-10-29T13:19:07.854+0000: [GC (Allocation Failure) 2020-10-29T13:19:07.854+0000: [ParNew: 16388K->4K(18432K), 0.0037008 secs] 532568K->516184K(865080K), 0.0037975 secs] [Times: user=0.01 sys=0.00, real=0.01 secs] 
2020-10-29T13:19:07.963+0000: [GC (Allocation Failure) 2020-10-29T13:19:07.963+0000: [ParNew: 16388K->4K(18432K), 0.0036524 secs] 532568K->516184K(865080K), 0.0037259 secs] [Times: user=0.01 sys=0.00, real=0.00 secs] 
2020-10-29T13:19:08.695+0000: [GC (Allocation Failure) 2020-10-29T13:19:08.695+0000: [ParNew: 16388K->2048K(18432K), 0.0069481 secs] 532568K->518297K(865080K), 0.0070292 secs] [Times: user=0.02 sys=0.00, real=0.00 secs] 
2020-10-29T13:19:08.748+0000: [GC (Allocation Failure) 2020-10-29T13:19:08.748+0000: [ParNew: 18432K->535K(18432K), 0.0069525 secs] 534681K->518598K(865080K), 0.0070432 secs] [Times: user=0.01 sys=0.00, real=0.01 secs] 
2020-10-29T13:19:08.776+0000: [GC (Allocation Failure) 2020-10-29T13:19:08.776+0000: [ParNew: 16919K->812K(18432K), 0.0037960 secs] 534982K->518875K(865080K), 0.0038652 secs] [Times: user=0.01 sys=0.00, real=0.00 secs] 
2020-10-29T13:19:08.798+0000: [GC (Allocation Failure) 2020-10-29T13:19:08.798+0000: [ParNew: 17196K->816K(18432K), 0.0036876 secs] 535259K->518879K(865080K), 0.0037485 secs] [Times: user=0.01 sys=0.00, real=0.00 secs] 
2020-10-29T13:19:08.822+0000: [GC (Allocation Failure) 2020-10-29T13:19:08.822+0000: [ParNew: 17200K->809K(18432K), 0.0035753 secs] 535263K->518872K(865080K), 0.0036356 secs] [Times: user=0.01 sys=0.00, real=0.00 secs] 
2020-10-29T13:19:08.847+0000: [GC (Allocation Failure) 2020-10-29T13:19:08.847+0000: [ParNew: 17193K->1569K(18432K), 0.0038230 secs] 535256K->519632K(865080K), 0.0038885 secs] [Times: user=0.00 sys=0.00, real=0.00 secs] 
2020-10-29T13:19:08.870+0000: [GC (Allocation Failure) 2020-10-29T13:19:08.870+0000: [ParNew: 17953K->525K(18432K), 0.0038683 secs] 536016K->519125K(865080K), 0.0039245 secs] [Times: user=0.00 sys=0.00, real=0.00 secs] 
2020-10-29T13:19:08.895+0000: [GC (Allocation Failure) 2020-10-29T13:19:08.895+0000: [ParNew: 16909K->1028K(18432K), 0.0038102 secs] 535509K->519628K(865080K), 0.0038776 secs] [Times: user=0.01 sys=0.00, real=0.00 secs] 
2020-10-29T13:19:08.917+0000: [GC (Allocation Failure) 2020-10-29T13:19:08.917+0000: [ParNew: 17412K->1028K(18432K), 0.0039394 secs] 536012K->521164K(865080K), 0.0039998 secs] [Times: user=0.01 sys=0.00, real=0.00 secs] 
2020-10-29T13:19:08.940+0000: [GC (Allocation Failure) 2020-10-29T13:19:08.940+0000: [ParNew: 17412K->1028K(18432K), 0.0037768 secs] 537548K->521164K(865080K), 0.0038414 secs] [Times: user=0.01 sys=0.00, real=0.00 secs] 
2020-10-29T13:19:08.970+0000: [GC (Allocation Failure) 2020-10-29T13:19:08.970+0000: [ParNew: 17412K->4K(18432K), 0.0038518 secs] 537548K->521164K(865080K), 0.0039220 secs] [Times: user=0.01 sys=0.00, real=0.00 secs] 
2020-10-29T13:19:08.997+0000: [GC (Allocation Failure) 2020-10-29T13:19:08.997+0000: [ParNew: 16388K->4K(18432K), 0.0036197 secs] 537548K->521164K(865080K), 0.0036802 secs] [Times: user=0.01 sys=0.00, real=0.00 secs] 
2020-10-29T13:19:09.027+0000: [GC (Allocation Failure) 2020-10-29T13:19:09.027+0000: [ParNew: 16388K->4K(18432K), 0.0036649 secs] 537548K->521164K(865080K), 0.0037340 secs] [Times: user=0.01 sys=0.00, real=0.00 secs] 
2020-10-29T13:19:09.055+0000: [GC (Allocation Failure) 2020-10-29T13:19:09.055+0000: [ParNew: 16388K->4K(18432K), 0.0038261 secs] 537548K->521164K(865080K), 0.0039025 secs] [Times: user=0.01 sys=0.00, real=0.00 secs] 
2020-10-29T13:19:09.094+0000: [GC (Allocation Failure) 2020-10-29T13:19:09.095+0000: [ParNew: 16388K->4K(18432K), 0.0037622 secs] 537548K->521164K(865080K), 0.0038811 secs] [Times: user=0.01 sys=0.00, real=0.01 secs] 
2020-10-29T13:19:09.134+0000: [GC (Allocation Failure) 2020-10-29T13:19:09.134+0000: [ParNew: 16388K->4K(18432K), 0.0037470 secs] 537548K->521164K(865080K), 0.0038448 secs] [Times: user=0.01 sys=0.00, real=0.01 secs] 
2020-10-29T13:19:09.175+0000: [GC (Allocation Failure) 2020-10-29T13:19:09.175+0000: [ParNew: 16388K->4K(18432K), 0.0042783 secs] 537548K->523212K(865080K), 0.0043762 secs] [Times: user=0.01 sys=0.00, real=0.00 secs] 
2020-10-29T13:19:09.211+0000: [GC (Allocation Failure) 2020-10-29T13:19:09.211+0000: [ParNew: 16388K->6K(18432K), 0.0042779 secs] 539596K->525262K(865080K), 0.0043791 secs] [Times: user=0.01 sys=0.00, real=0.01 secs] 
2020-10-29T13:19:09.249+0000: [GC (Allocation Failure) 2020-10-29T13:19:09.249+0000: [ParNew: 16390K->4K(18432K), 0.0090773 secs] 541646K->525260K(865080K), 0.0091913 secs] [Times: user=0.02 sys=0.00, real=0.01 secs] 
2020-10-29T13:19:09.294+0000: [GC (Allocation Failure) 2020-10-29T13:19:09.294+0000: [ParNew: 16388K->4K(18432K), 0.0083973 secs] 541644K->525260K(865080K), 0.0084948 secs] [Times: user=0.01 sys=0.00, real=0.01 secs] 
2020-10-29T13:19:09.331+0000: [GC (Allocation Failure) 2020-10-29T13:19:09.331+0000: [ParNew: 16388K->4K(18432K), 0.0078078 secs] 541644K->525260K(865080K), 0.0079046 secs] [Times: user=0.01 sys=0.00, real=0.01 secs] 
2020-10-29T13:19:09.363+0000: [GC (Allocation Failure) 2020-10-29T13:19:09.363+0000: [ParNew: 16388K->4K(18432K), 0.0075703 secs] 541644K->525260K(865080K), 0.0076632 secs] [Times: user=0.01 sys=0.00, real=0.01 secs] 
2020-10-29T13:19:09.405+0000: [GC (Allocation Failure) 2020-10-29T13:19:09.405+0000: [ParNew: 16388K->4K(18432K), 0.0078559 secs] 541644K->525261K(865080K), 0.0079497 secs] [Times: user=0.02 sys=0.00, real=0.01 secs] 
2020-10-29T13:19:09.451+0000: [GC (Allocation Failure) 2020-10-29T13:19:09.451+0000: [ParNew: 16388K->4K(18432K), 0.0036911 secs] 541645K->525261K(865080K), 0.0037549 secs] [Times: user=0.01 sys=0.00, real=0.01 secs] 
2020-10-29T13:19:09.477+0000: [GC (Allocation Failure) 2020-10-29T13:19:09.477+0000: [ParNew: 16388K->4K(18432K), 0.0037270 secs] 541645K->525261K(865080K), 0.0037981 secs] [Times: user=0.01 sys=0.00, real=0.00 secs] 
2020-10-29T13:19:09.509+0000: [GC (Allocation Failure) 2020-10-29T13:19:09.509+0000: [ParNew: 16388K->4K(18432K), 0.0037615 secs] 541645K->525261K(865080K), 0.0038340 secs] [Times: user=0.01 sys=0.00, real=0.00 secs] 
2020-10-29T13:19:09.539+0000: [GC (Allocation Failure) 2020-10-29T13:19:09.539+0000: [ParNew: 16388K->4K(18432K), 0.0036709 secs] 541645K->525261K(865080K), 0.0037425 secs] [Times: user=0.00 sys=0.00, real=0.00 secs] 
2020-10-29T13:19:09.566+0000: [GC (Allocation Failure) 2020-10-29T13:19:09.566+0000: [ParNew: 16388K->4K(18432K), 0.0037257 secs] 541645K->525261K(865080K), 0.0037987 secs] [Times: user=0.00 sys=0.00, real=0.01 secs] 
2020-10-29T13:19:09.597+0000: [GC (Allocation Failure) 2020-10-29T13:19:09.597+0000: [ParNew: 16388K->4K(18432K), 0.0037620 secs] 541645K->525261K(865080K), 0.0038584 secs] [Times: user=0.01 sys=0.00, real=0.00 secs] 
2020-10-29T13:19:09.621+0000: [GC (Allocation Failure) 2020-10-29T13:19:09.621+0000: [ParNew: 16388K->4K(18432K), 0.0040512 secs] 541645K->525261K(865080K), 0.0041239 secs] [Times: user=0.00 sys=0.00, real=0.00 secs] 
2020-10-29T13:19:09.640+0000: [GC (Allocation Failure) 2020-10-29T13:19:09.640+0000: [ParNew: 16388K->4K(18432K), 0.0046584 secs] 541645K->529357K(865080K), 0.0047468 secs] [Times: user=0.01 sys=0.00, real=0.00 secs] 
2020-10-29T13:19:09.676+0000: [GC (Allocation Failure) 2020-10-29T13:19:09.676+0000: [ParNew: 16388K->4K(18432K), 0.0048755 secs] 545741K->529357K(865080K), 0.0049490 secs] [Times: user=0.01 sys=0.00, real=0.00 secs] 
2020-10-29T13:19:09.704+0000: [GC (Allocation Failure) 2020-10-29T13:19:09.705+0000: [ParNew: 16388K->4K(18432K), 0.0037388 secs] 545741K->529357K(865080K), 0.0038112 secs] [Times: user=0.01 sys=0.00, real=0.01 secs] 
2020-10-29T13:19:09.739+0000: [GC (Allocation Failure) 2020-10-29T13:19:09.739+0000: [ParNew: 16388K->4K(18432K), 0.0113980 secs] 545741K->529357K(865080K), 0.0114703 secs] [Times: user=0.02 sys=0.00, real=0.01 secs] 
2020-10-29T13:19:09.775+0000: [GC (Allocation Failure) 2020-10-29T13:19:09.775+0000: [ParNew: 16388K->4K(18432K), 0.0102819 secs] 545741K->533453K(865080K), 0.0103856 secs] [Times: user=0.02 sys=0.00, real=0.00 secs] 
2020-10-29T13:19:09.816+0000: [GC (Allocation Failure) 2020-10-29T13:19:09.816+0000: [ParNew: 16388K->6K(18432K), 0.0125229 secs] 549837K->533455K(865080K), 0.0126308 secs] [Times: user=0.02 sys=0.00, real=0.01 secs] 
2020-10-29T13:19:09.863+0000: [GC (Allocation Failure) 2020-10-29T13:19:09.863+0000: [ParNew: 16390K->4K(18432K), 0.0116983 secs] 549839K->533453K(865080K), 0.0117919 secs] [Times: user=0.02 sys=0.00, real=0.02 secs] 
2020-10-29T13:19:09.896+0000: [GC (Allocation Failure) 2020-10-29T13:19:09.896+0000: [ParNew: 16388K->4K(18432K), 0.0037078 secs] 549837K->533453K(865080K), 0.0037818 secs] [Times: user=0.01 sys=0.00, real=0.00 secs] 
2020-10-29T13:19:09.919+0000: [GC (Allocation Failure) 2020-10-29T13:19:09.919+0000: [ParNew: 16388K->4K(18432K), 0.0031326 secs] 549837K->533453K(865080K), 0.0031906 secs] [Times: user=0.01 sys=0.00, real=0.00 secs] 
2020-10-29T13:19:09.939+0000: [GC (Allocation Failure) 2020-10-29T13:19:09.939+0000: [ParNew: 16388K->4K(18432K), 0.0030213 secs] 549837K->533453K(865080K), 0.0030776 secs] [Times: user=0.01 sys=0.00, real=0.00 secs] 
2020-10-29T13:19:09.958+0000: [GC (Allocation Failure) 2020-10-29T13:19:09.958+0000: [ParNew: 16388K->4K(18432K), 0.0036621 secs] 549837K->533453K(865080K), 0.0037302 secs] [Times: user=0.00 sys=0.00, real=0.00 secs] 
2020-10-29T13:19:09.979+0000: [GC (Allocation Failure) 2020-10-29T13:19:09.979+0000: [ParNew: 16388K->4K(18432K), 0.0037372 secs] 549837K->533453K(865080K), 0.0038368 secs] [Times: user=0.01 sys=0.00, real=0.00 secs] 
2020-10-29T13:19:09.998+0000: [GC (Allocation Failure) 2020-10-29T13:19:09.998+0000: [ParNew: 16388K->4K(18432K), 0.0036587 secs] 549837K->533453K(865080K), 0.0037432 secs] [Times: user=0.01 sys=0.00, real=0.00 secs] 
2020-10-29T13:19:10.018+0000: [GC (Allocation Failure) 2020-10-29T13:19:10.018+0000: [ParNew: 16388K->4K(18432K), 0.0034968 secs] 549837K->533453K(865080K), 0.0035538 secs] [Times: user=0.00 sys=0.00, real=0.00 secs] 
2020-10-29T13:19:10.037+0000: [GC (Allocation Failure) 2020-10-29T13:19:10.037+0000: [ParNew: 16388K->4K(18432K), 0.0034360 secs] 549837K->533453K(865080K), 0.0034980 secs] [Times: user=0.01 sys=0.00, real=0.00 secs] 
2020-10-29T13:19:10.059+0000: [GC (Allocation Failure) 2020-10-29T13:19:10.059+0000: [ParNew: 16388K->4K(18432K), 0.0036062 secs] 549837K->533453K(865080K), 0.0036730 secs] [Times: user=0.00 sys=0.00, real=0.00 secs] 
2020-10-29T13:19:10.078+0000: [GC (Allocation Failure) 2020-10-29T13:19:10.078+0000: [ParNew: 16388K->4K(18432K), 0.0036679 secs] 549837K->533453K(865080K), 0.0037365 secs] [Times: user=0.01 sys=0.00, real=0.00 secs] 
2020-10-29T13:19:10.098+0000: [GC (Allocation Failure) 2020-10-29T13:19:10.098+0000: [ParNew: 16388K->4K(18432K), 0.0036786 secs] 549837K->533453K(865080K), 0.0037474 secs] [Times: user=0.01 sys=0.00, real=0.00 secs] 
2020-10-29T13:19:10.119+0000: [GC (Allocation Failure) 2020-10-29T13:19:10.119+0000: [ParNew: 16388K->4K(18432K), 0.0037184 secs] 549837K->533453K(865080K), 0.0038027 secs] [Times: user=0.01 sys=0.00, real=0.00 secs] 
2020-10-29T13:19:10.143+0000: [GC (Allocation Failure) 2020-10-29T13:19:10.143+0000: [ParNew: 16388K->4K(18432K), 0.0037466 secs] 549837K->533453K(865080K), 0.0038191 secs] [Times: user=0.01 sys=0.00, real=0.01 secs] 
2020-10-29T13:19:10.162+0000: [GC (Allocation Failure) 2020-10-29T13:19:10.162+0000: [ParNew: 16388K->4K(18432K), 0.0037494 secs] 549837K->533453K(865080K), 0.0038196 secs] [Times: user=0.01 sys=0.00, real=0.00 secs] 
2020-10-29T13:19:10.182+0000: [GC (Allocation Failure) 2020-10-29T13:19:10.182+0000: [ParNew: 16388K->4K(18432K), 0.0037347 secs] 549837K->533453K(865080K), 0.0038079 secs] [Times: user=0.01 sys=0.00, real=0.00 secs] 
2020-10-29T13:19:10.201+0000: [GC (Allocation Failure) 2020-10-29T13:19:10.201+0000: [ParNew: 16388K->4K(18432K), 0.0037558 secs] 549837K->533453K(865080K), 0.0038285 secs] [Times: user=0.00 sys=0.00, real=0.00 secs] 
2020-10-29T13:19:10.239+0000: [GC (Allocation Failure) 2020-10-29T13:19:10.239+0000: [ParNew: 16388K->8K(18432K), 0.0037999 secs] 549837K->533458K(865080K), 0.0038761 secs] [Times: user=0.00 sys=0.00, real=0.00 secs] 
2020-10-29T13:19:10.271+0000: [GC (Allocation Failure) 2020-10-29T13:19:10.271+0000: [ParNew: 16392K->6K(18432K), 0.0037301 secs] 549842K->533456K(865080K), 0.0038066 secs] [Times: user=0.01 sys=0.00, real=0.01 secs] 
2020-10-29T13:19:10.291+0000: [GC (Allocation Failure) 2020-10-29T13:19:10.291+0000: [ParNew: 16390K->6K(18432K), 0.0036870 secs] 549840K->533456K(865080K), 0.0037607 secs] [Times: user=0.01 sys=0.00, real=0.01 secs] 
2020-10-29T13:19:10.310+0000: [GC (Allocation Failure) 2020-10-29T13:19:10.310+0000: [ParNew: 16390K->6K(18432K), 0.0034735 secs] 549840K->533456K(865080K), 0.0035336 secs] [Times: user=0.01 sys=0.00, real=0.00 secs] 
2020-10-29T13:19:10.330+0000: [GC (Allocation Failure) 2020-10-29T13:19:10.330+0000: [ParNew: 16390K->6K(18432K), 0.0031551 secs] 549840K->533457K(865080K), 0.0032117 secs] [Times: user=0.01 sys=0.00, real=0.00 secs] 
2020-10-29T13:19:10.349+0000: [GC (Allocation Failure) 2020-10-29T13:19:10.349+0000: [ParNew: 16390K->7K(18432K), 0.0033991 secs] 549841K->533457K(865080K), 0.0034607 secs] [Times: user=0.00 sys=0.00, real=0.00 secs] 
2020-10-29T13:19:10.368+0000: [GC (Allocation Failure) 2020-10-29T13:19:10.368+0000: [ParNew: 16391K->4K(18432K), 0.0037391 secs] 549841K->533457K(865080K), 0.0038162 secs] [Times: user=0.00 sys=0.00, real=0.00 secs] 
2020-10-29T13:19:10.387+0000: [GC (Allocation Failure) 2020-10-29T13:19:10.387+0000: [ParNew: 16388K->4K(18432K), 0.0034300 secs] 549841K->533456K(865080K), 0.0034890 secs] [Times: user=0.01 sys=0.00, real=0.00 secs] 
2020-10-29T13:19:10.406+0000: [GC (Allocation Failure) 2020-10-29T13:19:10.406+0000: [ParNew: 16388K->4K(18432K), 0.0032467 secs] 549840K->533456K(865080K), 0.0032986 secs] [Times: user=0.00 sys=0.01, real=0.01 secs] 
2020-10-29T13:19:10.426+0000: [GC (Allocation Failure) 2020-10-29T13:19:10.426+0000: [ParNew: 16388K->4K(18432K), 0.0033435 secs] 549840K->533456K(865080K), 0.0034039 secs] [Times: user=0.01 sys=0.00, real=0.01 secs] 
2020-10-29T13:19:10.445+0000: [GC (Allocation Failure) 2020-10-29T13:19:10.445+0000: [ParNew: 16388K->4K(18432K), 0.0037078 secs] 549840K->533456K(865080K), 0.0037812 secs] [Times: user=0.00 sys=0.00, real=0.01 secs] 
2020-10-29T13:19:10.465+0000: [GC (Allocation Failure) 2020-10-29T13:19:10.465+0000: [ParNew: 16388K->4K(18432K), 0.0042468 secs] 549840K->533456K(865080K), 0.0043175 secs] [Times: user=0.00 sys=0.00, real=0.01 secs] 
2020-10-29T13:19:10.485+0000: [GC (Allocation Failure) 2020-10-29T13:19:10.485+0000: [ParNew: 16388K->4K(18432K), 0.0036377 secs] 549840K->533456K(865080K), 0.0036994 secs] [Times: user=0.01 sys=0.00, real=0.01 secs] 
2020-10-29T13:19:10.507+0000: [GC (Allocation Failure) 2020-10-29T13:19:10.507+0000: [ParNew: 16388K->4K(18432K), 0.0035643 secs] 549840K->533456K(865080K), 0.0036316 secs] [Times: user=0.01 sys=0.00, real=0.00 secs] 
2020-10-29T13:19:10.526+0000: [GC (Allocation Failure) 2020-10-29T13:19:10.526+0000: [ParNew: 16388K->4K(18432K), 0.0031477 secs] 549840K->533456K(865080K), 0.0032061 secs] [Times: user=0.01 sys=0.00, real=0.01 secs] 
2020-10-29T13:19:10.547+0000: [GC (Allocation Failure) 2020-10-29T13:19:10.547+0000: [ParNew: 16388K->4K(18432K), 0.0034041 secs] 549840K->533457K(865080K), 0.0034659 secs] [Times: user=0.01 sys=0.00, real=0.00 secs] 
2020-10-29T13:19:10.566+0000: [GC (Allocation Failure) 2020-10-29T13:19:10.566+0000: [ParNew: 16388K->4K(18432K), 0.0035963 secs] 549841K->533457K(865080K), 0.0036638 secs] [Times: user=0.01 sys=0.00, real=0.01 secs] 
2020-10-29T13:19:10.587+0000: [GC (Allocation Failure) 2020-10-29T13:19:10.587+0000: [ParNew: 16388K->4K(18432K), 0.0034492 secs] 549841K->533457K(865080K), 0.0035082 secs] [Times: user=0.01 sys=0.00, real=0.00 secs] 
2020-10-29T13:19:10.607+0000: [GC (Allocation Failure) 2020-10-29T13:19:10.607+0000: [ParNew: 16388K->4K(18432K), 0.0034306 secs] 549841K->533457K(865080K), 0.0034924 secs] [Times: user=0.01 sys=0.00, real=0.00 secs] 
2020-10-29T13:19:10.641+0000: [GC (Allocation Failure) 2020-10-29T13:19:10.641+0000: [ParNew: 16388K->2K(18432K), 0.0079534 secs] 549841K->533455K(865080K), 0.0080285 secs] [Times: user=0.00 sys=0.00, real=0.01 secs] 
2020-10-29T13:19:10.679+0000: [GC (Allocation Failure) 2020-10-29T13:19:10.679+0000: [ParNew: 16386K->4K(18432K), 0.0076709 secs] 549839K->533457K(865080K), 0.0077477 secs] [Times: user=0.01 sys=0.00, real=0.01 secs] 
2020-10-29T13:19:10.707+0000: [GC (Allocation Failure) 2020-10-29T13:19:10.707+0000: [ParNew: 16388K->4K(18432K), 0.0038214 secs] 549841K->533457K(865080K), 0.0038974 secs] [Times: user=0.00 sys=0.01, real=0.00 secs] 
2020-10-29T13:19:10.726+0000: [GC (Allocation Failure) 2020-10-29T13:19:10.727+0000: [ParNew: 16388K->4K(18432K), 0.0037333 secs] 549841K->533457K(865080K), 0.0038195 secs] [Times: user=0.00 sys=0.00, real=0.01 secs] 
2020-10-29T13:19:10.746+0000: [GC (Allocation Failure) 2020-10-29T13:19:10.746+0000: [ParNew: 16388K->4K(18432K), 0.0036383 secs] 549841K->533457K(865080K), 0.0037007 secs] [Times: user=0.01 sys=0.00, real=0.01 secs] 
2020-10-29T13:19:10.766+0000: [GC (Allocation Failure) 2020-10-29T13:19:10.766+0000: [ParNew: 16388K->4K(18432K), 0.0037258 secs] 549841K->533457K(865080K), 0.0037974 secs] [Times: user=0.01 sys=0.00, real=0.01 secs] 
2020-10-29T13:19:10.787+0000: [GC (Allocation Failure) 2020-10-29T13:19:10.787+0000: [ParNew: 16388K->4K(18432K), 0.0037204 secs] 549841K->533457K(865080K), 0.0038064 secs] [Times: user=0.01 sys=0.00, real=0.00 secs] 
2020-10-29T13:19:10.807+0000: [GC (Allocation Failure) 2020-10-29T13:19:10.807+0000: [ParNew: 16386K->4K(18432K), 0.0036470 secs] 549840K->533457K(865080K), 0.0037160 secs] [Times: user=0.01 sys=0.00, real=0.00 secs] 
2020-10-29T13:19:10.826+0000: [GC (Allocation Failure) 2020-10-29T13:19:10.826+0000: [ParNew: 16388K->4K(18432K), 0.0033413 secs] 549841K->533457K(865080K), 0.0033932 secs] [Times: user=0.00 sys=0.00, real=0.01 secs] 
2020-10-29T13:19:10.846+0000: [GC (Allocation Failure) 2020-10-29T13:19:10.846+0000: [ParNew: 16388K->4K(18432K), 0.0033593 secs] 549841K->533457K(865080K), 0.0034179 secs] [Times: user=0.00 sys=0.00, real=0.01 secs] 
2020-10-29T13:19:10.865+0000: [GC (Allocation Failure) 2020-10-29T13:19:10.865+0000: [ParNew: 16388K->4K(18432K), 0.0036921 secs] 549841K->533457K(865080K), 0.0037622 secs] [Times: user=0.01 sys=0.00, real=0.01 secs] 
2020-10-29T13:19:10.884+0000: [GC (Allocation Failure) 2020-10-29T13:19:10.884+0000: [ParNew: 16388K->4K(18432K), 0.0037336 secs] 549841K->533457K(865080K), 0.0038025 secs] [Times: user=0.01 sys=0.00, real=0.01 secs] 
2020-10-29T13:19:10.904+0000: [GC (Allocation Failure) 2020-10-29T13:19:10.904+0000: [ParNew: 16388K->4K(18432K), 0.0036953 secs] 549841K->533457K(865080K), 0.0037654 secs] [Times: user=0.01 sys=0.00, real=0.01 secs] 
2020-10-29T13:19:10.923+0000: [GC (Allocation Failure) 2020-10-29T13:19:10.923+0000: [ParNew: 16388K->4K(18432K), 0.0035644 secs] 549841K->533457K(865080K), 0.0036271 secs] [Times: user=0.01 sys=0.00, real=0.01 secs] 
2020-10-29T13:19:10.943+0000: [GC (Allocation Failure) 2020-10-29T13:19:10.943+0000: [ParNew: 16388K->4K(18432K), 0.0035718 secs] 549841K->533457K(865080K), 0.0036405 secs] [Times: user=0.00 sys=0.00, real=0.00 secs] 
2020-10-29T13:19:10.962+0000: [GC (Allocation Failure) 2020-10-29T13:19:10.962+0000: [ParNew: 16388K->4K(18432K), 0.0037194 secs] 549841K->533457K(865080K), 0.0037904 secs] [Times: user=0.00 sys=0.00, real=0.00 secs] 
2020-10-29T13:19:10.983+0000: [GC (Allocation Failure) 2020-10-29T13:19:10.983+0000: [ParNew: 16388K->4K(18432K), 0.0036622 secs] 549841K->533457K(865080K), 0.0037312 secs] [Times: user=0.01 sys=0.00, real=0.00 secs] 
2020-10-29T13:19:11.007+0000: [GC (Allocation Failure) 2020-10-29T13:19:11.007+0000: [ParNew: 16388K->4K(18432K), 0.0056326 secs] 549841K->533457K(865080K), 0.0057027 secs] [Times: user=0.00 sys=0.00, real=0.00 secs] 
2020-10-29T13:19:11.031+0000: [GC (Allocation Failure) 2020-10-29T13:19:11.031+0000: [ParNew: 16388K->4K(18432K), 0.0037197 secs] 549841K->533457K(865080K), 0.0038049 secs] [Times: user=0.01 sys=0.00, real=0.01 secs] 
2020-10-29T13:19:11.051+0000: [GC (Allocation Failure) 2020-10-29T13:19:11.051+0000: [ParNew: 16388K->4K(18432K), 0.0036097 secs] 549841K->533457K(865080K), 0.0036749 secs] [Times: user=0.01 sys=0.00, real=0.00 secs] 
2020-10-29T13:19:11.071+0000: [GC (Allocation Failure) 2020-10-29T13:19:11.071+0000: [ParNew: 16388K->4K(18432K), 0.0037035 secs] 549841K->533457K(865080K), 0.0037725 secs] [Times: user=0.01 sys=0.00, real=0.00 secs] 
2020-10-29T13:19:11.095+0000: [GC (Allocation Failure) 2020-10-29T13:19:11.095+0000: [ParNew: 16388K->4K(18432K), 0.0037063 secs] 549841K->533457K(865080K), 0.0037780 secs] [Times: user=0.00 sys=0.00, real=0.00 secs] 
2020-10-29T13:19:11.115+0000: [GC (Allocation Failure) 2020-10-29T13:19:11.115+0000: [ParNew: 16388K->4K(18432K), 0.0036509 secs] 549841K->533457K(865080K), 0.0037287 secs] [Times: user=0.01 sys=0.00, real=0.00 secs] 
2020-10-29T13:19:11.134+0000: [GC (Allocation Failure) 2020-10-29T13:19:11.134+0000: [ParNew: 16388K->4K(18432K), 0.0036733 secs] 549841K->533457K(865080K), 0.0037392 secs] [Times: user=0.01 sys=0.00, real=0.01 secs] 
2020-10-29T13:19:11.155+0000: [GC (Allocation Failure) 2020-10-29T13:19:11.155+0000: [ParNew: 16388K->4K(18432K), 0.0036850 secs] 549841K->533457K(865080K), 0.0037516 secs] [Times: user=0.00 sys=0.00, real=0.00 secs] 
2020-10-29T13:19:11.175+0000: [GC (Allocation Failure) 2020-10-29T13:19:11.175+0000: [ParNew: 16388K->4K(18432K), 0.0034589 secs] 549841K->533457K(865080K), 0.0035272 secs] [Times: user=0.01 sys=0.00, real=0.00 secs] 
2020-10-29T13:19:11.198+0000: [GC (Allocation Failure) 2020-10-29T13:19:11.198+0000: [ParNew: 16388K->4K(18432K), 0.0035126 secs] 549841K->533457K(865080K), 0.0035750 secs] [Times: user=0.01 sys=0.00, real=0.00 secs] 
2020-10-29T13:19:11.217+0000: [GC (Allocation Failure) 2020-10-29T13:19:11.217+0000: [ParNew: 16388K->4K(18432K), 0.0033123 secs] 549841K->533457K(865080K), 0.0033708 secs] [Times: user=0.01 sys=0.00, real=0.00 secs] 
2020-10-29T13:19:11.239+0000: [GC (Allocation Failure) 2020-10-29T13:19:11.239+0000: [ParNew: 16388K->4K(18432K), 0.0036500 secs] 549841K->533457K(865080K), 0.0037202 secs] [Times: user=0.00 sys=0.00, real=0.00 secs] 
2020-10-29T13:19:11.263+0000: [GC (Allocation Failure) 2020-10-29T13:19:11.263+0000: [ParNew: 16388K->4K(18432K), 0.0037431 secs] 549841K->533457K(865080K), 0.0038186 secs] [Times: user=0.01 sys=0.00, real=0.01 secs] 
2020-10-29T13:19:11.283+0000: [GC (Allocation Failure) 2020-10-29T13:19:11.283+0000: [ParNew: 16388K->4K(18432K), 0.0037082 secs] 549841K->533457K(865080K), 0.0037808 secs] [Times: user=0.00 sys=0.00, real=0.00 secs] 
2020-10-29T13:19:11.302+0000: [GC (Allocation Failure) 2020-10-29T13:19:11.302+0000: [ParNew: 16388K->4K(18432K), 0.0034725 secs] 549841K->533457K(865080K), 0.0035342 secs] [Times: user=0.00 sys=0.00, real=0.00 secs] 
2020-10-29T13:19:11.323+0000: [GC (Allocation Failure) 2020-10-29T13:19:11.323+0000: [ParNew: 16388K->4K(18432K), 0.0037100 secs] 549841K->533457K(865080K), 0.0037886 secs] [Times: user=0.00 sys=0.01, real=0.01 secs] 
2020-10-29T13:19:11.347+0000: [GC (Allocation Failure) 2020-10-29T13:19:11.347+0000: [ParNew: 16388K->4K(18432K), 0.0036785 secs] 549841K->533457K(865080K), 0.0037499 secs] [Times: user=0.01 sys=0.00, real=0.00 secs] 
2020-10-29T13:19:11.370+0000: [GC (Allocation Failure) 2020-10-29T13:19:11.370+0000: [ParNew: 16388K->4K(18432K), 0.0036704 secs] 549841K->533457K(865080K), 0.0037387 secs] [Times: user=0.01 sys=0.00, real=0.00 secs] 
2020-10-29T13:19:11.391+0000: [GC (Allocation Failure) 2020-10-29T13:19:11.391+0000: [ParNew: 16388K->4K(18432K), 0.0035691 secs] 549841K->533457K(865080K), 0.0036328 secs] [Times: user=0.00 sys=0.00, real=0.00 secs] 
2020-10-29T13:19:11.411+0000: [GC (Allocation Failure) 2020-10-29T13:19:11.411+0000: [ParNew: 16388K->4K(18432K), 0.0038029 secs] 549841K->533457K(865080K), 0.0038702 secs] [Times: user=0.00 sys=0.01, real=0.01 secs] 
2020-10-29T13:19:11.430+0000: [GC (Allocation Failure) 2020-10-29T13:19:11.430+0000: [ParNew: 16388K->4K(18432K), 0.0036991 secs] 549841K->533457K(865080K), 0.0037698 secs] [Times: user=0.01 sys=0.00, real=0.00 secs] 
2020-10-29T13:19:11.450+0000: [GC (Allocation Failure) 2020-10-29T13:19:11.450+0000: [ParNew: 16388K->4K(18432K), 0.0037135 secs] 549841K->533457K(865080K), 0.0037852 secs] [Times: user=0.01 sys=0.00, real=0.00 secs] 
2020-10-29T13:19:11.470+0000: [GC (Allocation Failure) 2020-10-29T13:19:11.470+0000: [ParNew: 16388K->4K(18432K), 0.0034565 secs] 549841K->533457K(865080K), 0.0035169 secs] [Times: user=0.01 sys=0.00, real=0.00 secs] 
2020-10-29T13:19:11.491+0000: [GC (Allocation Failure) 2020-10-29T13:19:11.491+0000: [ParNew: 16388K->4K(18432K), 0.0034069 secs] 549841K->533457K(865080K), 0.0034652 secs] [Times: user=0.00 sys=0.00, real=0.00 secs] 
2020-10-29T13:19:11.511+0000: [GC (Allocation Failure) 2020-10-29T13:19:11.511+0000: [ParNew: 16388K->4K(18432K), 0.0034355 secs] 549841K->533457K(865080K), 0.0034963 secs] [Times: user=0.01 sys=0.00, real=0.00 secs] 
2020-10-29T13:19:11.530+0000: [GC (Allocation Failure) 2020-10-29T13:19:11.530+0000: [ParNew: 16388K->4K(18432K), 0.0036024 secs] 549841K->533457K(865080K), 0.0036683 secs] [Times: user=0.00 sys=0.00, real=0.00 secs] 
2020-10-29T13:19:11.550+0000: [GC (Allocation Failure) 2020-10-29T13:19:11.550+0000: [ParNew: 16388K->4K(18432K), 0.0037074 secs] 549841K->533457K(865080K), 0.0037801 secs] [Times: user=0.00 sys=0.00, real=0.00 secs] 
2020-10-29T13:19:11.569+0000: [GC (Allocation Failure) 2020-10-29T13:19:11.569+0000: [ParNew: 16388K->4K(18432K), 0.0037722 secs] 549841K->533457K(865080K), 0.0038535 secs] [Times: user=0.01 sys=0.00, real=0.00 secs] 
2020-10-29T13:19:11.589+0000: [GC (Allocation Failure) 2020-10-29T13:19:11.589+0000: [ParNew: 16388K->4K(18432K), 0.0037723 secs] 549841K->533457K(865080K), 0.0038458 secs] [Times: user=0.01 sys=0.00, real=0.00 secs] 
2020-10-29T13:19:11.609+0000: [GC (Allocation Failure) 2020-10-29T13:19:11.609+0000: [ParNew: 16388K->4K(18432K), 0.0037568 secs] 549841K->533457K(865080K), 0.0038379 secs] [Times: user=0.01 sys=0.00, real=0.00 secs] 
2020-10-29T13:19:11.628+0000: [GC (Allocation Failure) 2020-10-29T13:19:11.628+0000: [ParNew: 16388K->4K(18432K), 0.0038010 secs] 549841K->533457K(865080K), 0.0038741 secs] [Times: user=0.01 sys=0.00, real=0.00 secs] 
2020-10-29T13:19:11.648+0000: [GC (Allocation Failure) 2020-10-29T13:19:11.648+0000: [ParNew: 16388K->4K(18432K), 0.0037072 secs] 549841K->533457K(865080K), 0.0037769 secs] [Times: user=0.01 sys=0.00, real=0.00 secs] 
2020-10-29T13:19:11.668+0000: [GC (Allocation Failure) 2020-10-29T13:19:11.668+0000: [ParNew: 16388K->4K(18432K), 0.0036775 secs] 549841K->533457K(865080K), 0.0037464 secs] [Times: user=0.01 sys=0.00, real=0.00 secs] 
2020-10-29T13:19:11.691+0000: [GC (Allocation Failure) 2020-10-29T13:19:11.691+0000: [ParNew: 16388K->4K(18432K), 0.0036356 secs] 549841K->533457K(865080K), 0.0037069 secs] [Times: user=0.01 sys=0.00, real=0.00 secs] 
2020-10-29T13:19:11.711+0000: [GC (Allocation Failure) 2020-10-29T13:19:11.711+0000: [ParNew: 16388K->4K(18432K), 0.0034484 secs] 549841K->533457K(865080K), 0.0035072 secs] [Times: user=0.01 sys=0.00, real=0.00 secs] 
2020-10-29T13:19:11.731+0000: [GC (Allocation Failure) 2020-10-29T13:19:11.731+0000: [ParNew: 16388K->4K(18432K), 0.0035453 secs] 549841K->533457K(865080K), 0.0036113 secs] [Times: user=0.00 sys=0.00, real=0.00 secs] 
2020-10-29T13:19:11.759+0000: [GC (Allocation Failure) 2020-10-29T13:19:11.759+0000: [ParNew: 16388K->4K(18432K), 0.0037814 secs] 582609K->566225K(865080K), 0.0038546 secs] [Times: user=0.00 sys=0.00, real=0.00 secs] 
2020-10-29T13:19:11.763+0000: [GC (CMS Initial Mark) [1 CMS-initial-mark: 566221K(846648K)] 566451K(865080K), 0.0017402 secs] [Times: user=0.01 sys=0.00, real=0.00 secs] 
2020-10-29T13:19:11.765+0000: [CMS-concurrent-mark-start]
2020-10-29T13:19:11.787+0000: [GC (Allocation Failure) 2020-10-29T13:19:11.787+0000: [ParNew: 16388K->4K(18432K), 0.0036473 secs] 582609K->566225K(865080K), 0.0037212 secs] [Times: user=0.01 sys=0.00, real=0.00 secs] 
2020-10-29T13:19:11.812+0000: [GC (Allocation Failure) 2020-10-29T13:19:11.812+0000: [ParNew: 16388K->4K(18432K), 0.0036345 secs] 582609K->566225K(865080K), 0.0037050 secs] [Times: user=0.01 sys=0.00, real=0.01 secs] 
2020-10-29T13:19:11.839+0000: [GC (Allocation Failure) 2020-10-29T13:19:11.839+0000: [ParNew: 16388K->4K(18432K), 0.0036832 secs] 582609K->566225K(865080K), 0.0037551 secs] [Times: user=0.01 sys=0.00, real=0.00 secs] 
2020-10-29T13:19:11.864+0000: [GC (Allocation Failure) 2020-10-29T13:19:11.864+0000: [ParNew: 16388K->4K(18432K), 0.0035309 secs] 582609K->566225K(865080K), 0.0036000 secs] [Times: user=0.01 sys=0.00, real=0.01 secs] 
2020-10-29T13:19:11.887+0000: [GC (Allocation Failure) 2020-10-29T13:19:11.887+0000: [ParNew: 16388K->4K(18432K), 0.0035826 secs] 582609K->566225K(865080K), 0.0036513 secs] [Times: user=0.00 sys=0.00, real=0.00 secs] 
2020-10-29T13:19:11.900+0000: [CMS-concurrent-mark: 0.090/0.135 secs] [Times: user=0.25 sys=0.01, real=0.14 secs] 
2020-10-29T13:19:11.900+0000: [CMS-concurrent-preclean-start]
2020-10-29T13:19:11.904+0000: [CMS-concurrent-preclean: 0.003/0.003 secs] [Times: user=0.01 sys=0.00, real=0.00 secs] 
2020-10-29T13:19:11.904+0000: [CMS-concurrent-abortable-preclean-start]
2020-10-29T13:19:11.910+0000: [GC (Allocation Failure) 2020-10-29T13:19:11.910+0000: [ParNew: 16388K->4K(18432K), 0.0030034 secs] 582609K->566226K(865080K), 0.0030542 secs] [Times: user=0.01 sys=0.00, real=0.00 secs] 
2020-10-29T13:19:11.929+0000: [GC (Allocation Failure) 2020-10-29T13:19:11.929+0000: [ParNew: 16388K->4K(18432K), 0.0036388 secs] 582610K->566226K(865080K), 0.0037085 secs] [Times: user=0.01 sys=0.00, real=0.00 secs] 
2020-10-29T13:19:11.950+0000: [GC (Allocation Failure) 2020-10-29T13:19:11.950+0000: [ParNew: 16388K->4K(18432K), 0.0032802 secs] 582610K->566226K(865080K), 0.0033432 secs] [Times: user=0.00 sys=0.00, real=0.00 secs] 
2020-10-29T13:19:11.970+0000: [GC (Allocation Failure) 2020-10-29T13:19:11.970+0000: [ParNew: 16388K->4K(18432K), 0.0032655 secs] 582610K->566226K(865080K), 0.0033270 secs] [Times: user=0.00 sys=0.00, real=0.00 secs] 
2020-10-29T13:19:11.990+0000: [GC (Allocation Failure) 2020-10-29T13:19:11.990+0000: [ParNew: 16388K->4K(18432K), 0.0034155 secs] 582610K->566226K(865080K), 0.0034979 secs] [Times: user=0.00 sys=0.00, real=0.00 secs] 
2020-10-29T13:19:12.011+0000: [GC (Allocation Failure) 2020-10-29T13:19:12.011+0000: [ParNew: 16388K->4K(18432K), 0.0034147 secs] 582610K->566226K(865080K), 0.0034799 secs] [Times: user=0.00 sys=0.00, real=0.00 secs] 
2020-10-29T13:19:12.031+0000: [GC (Allocation Failure) 2020-10-29T13:19:12.031+0000: [ParNew: 16388K->4K(18432K), 0.0031101 secs] 582610K->566226K(865080K), 0.0031707 secs] [Times: user=0.00 sys=0.00, real=0.00 secs] 
2020-10-29T13:19:12.055+0000: [GC (Allocation Failure) 2020-10-29T13:19:12.055+0000: [ParNew: 16388K->4K(18432K), 0.0036531 secs] 582610K->566226K(865080K), 0.0037239 secs] [Times: user=0.01 sys=0.00, real=0.00 secs] 
2020-10-29T13:19:12.076+0000: [GC (Allocation Failure) 2020-10-29T13:19:12.076+0000: [ParNew: 16388K->4K(18432K), 0.0037345 secs] 582610K->566226K(865080K), 0.0038088 secs] [Times: user=0.01 sys=0.00, real=0.00 secs] 
2020-10-29T13:19:12.098+0000: [GC (Allocation Failure) 2020-10-29T13:19:12.098+0000: [ParNew: 16388K->4K(18432K), 0.0036385 secs] 582610K->566226K(865080K), 0.0037080 secs] [Times: user=0.01 sys=0.00, real=0.00 secs] 
2020-10-29T13:19:12.119+0000: [GC (Allocation Failure) 2020-10-29T13:19:12.119+0000: [ParNew: 16388K->4K(18432K), 0.0037183 secs] 582610K->566226K(865080K), 0.0038028 secs] [Times: user=0.00 sys=0.01, real=0.00 secs] 
2020-10-29T13:19:12.140+0000: [GC (Allocation Failure) 2020-10-29T13:19:12.140+0000: [ParNew: 16388K->4K(18432K), 0.0037974 secs] 582610K->566226K(865080K), 0.0038746 secs] [Times: user=0.01 sys=0.00, real=0.00 secs] 
2020-10-29T13:19:12.163+0000: [GC (Allocation Failure) 2020-10-29T13:19:12.163+0000: [ParNew: 16388K->4K(18432K), 0.0038374 secs] 582610K->566226K(865080K), 0.0039161 secs] [Times: user=0.00 sys=0.00, real=0.01 secs] 
2020-10-29T13:19:12.184+0000: [GC (Allocation Failure) 2020-10-29T13:19:12.184+0000: [ParNew: 16388K->4K(18432K), 0.0037124 secs] 582610K->566226K(865080K), 0.0037868 secs] [Times: user=0.00 sys=0.00, real=0.01 secs] 
2020-10-29T13:19:12.205+0000: [GC (Allocation Failure) 2020-10-29T13:19:12.205+0000: [ParNew: 16388K->4K(18432K), 0.0037112 secs] 582610K->566226K(865080K), 0.0037823 secs] [Times: user=0.00 sys=0.00, real=0.01 secs] 
2020-10-29T13:19:12.226+0000: [GC (Allocation Failure) 2020-10-29T13:19:12.226+0000: [ParNew: 16388K->4K(18432K), 0.0035180 secs] 582610K->566226K(865080K), 0.0035839 secs] [Times: user=0.00 sys=0.00, real=0.01 secs] 
2020-10-29T13:19:12.246+0000: [GC (Allocation Failure) 2020-10-29T13:19:12.246+0000: [ParNew: 16388K->4K(18432K), 0.0035643 secs] 582610K->566226K(865080K), 0.0036334 secs] [Times: user=0.01 sys=0.00, real=0.01 secs] 
2020-10-29T13:19:12.267+0000: [GC (Allocation Failure) 2020-10-29T13:19:12.267+0000: [ParNew: 16388K->4K(18432K), 0.0032970 secs] 582610K->566226K(865080K), 0.0033601 secs] [Times: user=0.01 sys=0.00, real=0.00 secs] 
2020-10-29T13:19:12.291+0000: [GC (Allocation Failure) 2020-10-29T13:19:12.291+0000: [ParNew: 16388K->4K(18432K), 0.0034273 secs] 582610K->566226K(865080K), 0.0034938 secs] [Times: user=0.01 sys=0.00, real=0.00 secs] 
2020-10-29T13:19:12.311+0000: [GC (Allocation Failure) 2020-10-29T13:19:12.311+0000: [ParNew: 16388K->4K(18432K), 0.0031754 secs] 582610K->566226K(865080K), 0.0032375 secs] [Times: user=0.00 sys=0.00, real=0.00 secs] 
2020-10-29T13:19:12.335+0000: [GC (Allocation Failure) 2020-10-29T13:19:12.335+0000: [ParNew: 16387K->4K(18432K), 0.0032097 secs] 582609K->566226K(865080K), 0.0032844 secs] [Times: user=0.00 sys=0.00, real=0.01 secs] 
2020-10-29T13:19:12.354+0000: [GC (Allocation Failure) 2020-10-29T13:19:12.354+0000: [ParNew: 16388K->4K(18432K), 0.0034381 secs] 582610K->566226K(865080K), 0.0035049 secs] [Times: user=0.00 sys=0.00, real=0.01 secs] 
2020-10-29T13:19:12.379+0000: [GC (Allocation Failure) 2020-10-29T13:19:12.379+0000: [ParNew: 16388K->4K(18432K), 0.0033198 secs] 582610K->566226K(865080K), 0.0033841 secs] [Times: user=0.01 sys=0.00, real=0.00 secs] 
2020-10-29T13:19:12.399+0000: [GC (Allocation Failure) 2020-10-29T13:19:12.399+0000: [ParNew: 16388K->4K(18432K), 0.0036706 secs] 582610K->566226K(865080K), 0.0037557 secs] [Times: user=0.00 sys=0.01, real=0.00 secs] 
2020-10-29T13:19:12.420+0000: [GC (Allocation Failure) 2020-10-29T13:19:12.420+0000: [ParNew: 16388K->4K(18432K), 0.0034942 secs] 582610K->566226K(865080K), 0.0035614 secs] [Times: user=0.01 sys=0.00, real=0.00 secs] 
2020-10-29T13:19:12.440+0000: [GC (Allocation Failure) 2020-10-29T13:19:12.440+0000: [ParNew: 16388K->4K(18432K), 0.0029943 secs] 582610K->566226K(865080K), 0.0030594 secs] [Times: user=0.01 sys=0.00, real=0.00 secs] 
2020-10-29T13:19:12.460+0000: [GC (Allocation Failure) 2020-10-29T13:19:12.460+0000: [ParNew: 16388K->4K(18432K), 0.0029485 secs] 582610K->566226K(865080K), 0.0030071 secs] [Times: user=0.01 sys=0.00, real=0.00 secs] 
2020-10-29T13:19:12.480+0000: [GC (Allocation Failure) 2020-10-29T13:19:12.480+0000: [ParNew: 16388K->4K(18432K), 0.0035148 secs] 582610K->566226K(865080K), 0.0035810 secs] [Times: user=0.01 sys=0.00, real=0.00 secs] 
2020-10-29T13:19:12.503+0000: [GC (Allocation Failure) 2020-10-29T13:19:12.503+0000: [ParNew: 16388K->4K(18432K), 0.0033865 secs] 582610K->566226K(865080K), 0.0034515 secs] [Times: user=0.00 sys=0.00, real=0.00 secs] 
2020-10-29T13:19:12.527+0000: [GC (Allocation Failure) 2020-10-29T13:19:12.527+0000: [ParNew: 16388K->4K(18432K), 0.0033557 secs] 582610K->566226K(865080K), 0.0034207 secs] [Times: user=0.01 sys=0.00, real=0.00 secs] 
2020-10-29T13:19:12.547+0000: [GC (Allocation Failure) 2020-10-29T13:19:12.547+0000: [ParNew: 16388K->4K(18432K), 0.0035561 secs] 582610K->566226K(865080K), 0.0036261 secs] [Times: user=0.01 sys=0.00, real=0.00 secs] 
2020-10-29T13:19:12.570+0000: [GC (Allocation Failure) 2020-10-29T13:19:12.570+0000: [ParNew: 16388K->4K(18432K), 0.0037266 secs] 582610K->566226K(865080K), 0.0037976 secs] [Times: user=0.01 sys=0.00, real=0.00 secs] 
2020-10-29T13:19:12.595+0000: [GC (Allocation Failure) 2020-10-29T13:19:12.595+0000: [ParNew: 16388K->4K(18432K), 0.0036032 secs] 582610K->566226K(865080K), 0.0036833 secs] [Times: user=0.01 sys=0.00, real=0.00 secs] 
2020-10-29T13:19:12.615+0000: [GC (Allocation Failure) 2020-10-29T13:19:12.615+0000: [ParNew: 16388K->4K(18432K), 0.0031970 secs] 582610K->566226K(865080K), 0.0032594 secs] [Times: user=0.00 sys=0.00, real=0.00 secs] 
2020-10-29T13:19:12.639+0000: [GC (Allocation Failure) 2020-10-29T13:19:12.639+0000: [ParNew: 16388K->4K(18432K), 0.0037125 secs] 582610K->566226K(865080K), 0.0038132 secs] [Times: user=0.00 sys=0.00, real=0.00 secs] 
2020-10-29T13:19:12.660+0000: [GC (Allocation Failure) 2020-10-29T13:19:12.660+0000: [ParNew: 16388K->4K(18432K), 0.0036621 secs] 582610K->566226K(865080K), 0.0037355 secs] [Times: user=0.01 sys=0.00, real=0.00 secs] 
2020-10-29T13:19:12.683+0000: [GC (Allocation Failure) 2020-10-29T13:19:12.683+0000: [ParNew: 16388K->4K(18432K), 0.0035504 secs] 582610K->566226K(865080K), 0.0036282 secs] [Times: user=0.01 sys=0.00, real=0.00 secs] 
2020-10-29T13:19:12.707+0000: [GC (Allocation Failure) 2020-10-29T13:19:12.707+0000: [ParNew: 16388K->4K(18432K), 0.0036471 secs] 582610K->566226K(865080K), 0.0037169 secs] [Times: user=0.01 sys=0.00, real=0.00 secs] 
2020-10-29T13:19:12.728+0000: [GC (Allocation Failure) 2020-10-29T13:19:12.728+0000: [ParNew: 16388K->4K(18432K), 0.0036766 secs] 582610K->566226K(865080K), 0.0037594 secs] [Times: user=0.00 sys=0.00, real=0.00 secs] 
2020-10-29T13:19:12.748+0000: [GC (Allocation Failure) 2020-10-29T13:19:12.748+0000: [ParNew: 16388K->4K(18432K), 0.0035671 secs] 582610K->566226K(865080K), 0.0036353 secs] [Times: user=0.00 sys=0.00, real=0.00 secs] 
2020-10-29T13:19:12.768+0000: [GC (Allocation Failure) 2020-10-29T13:19:12.768+0000: [ParNew: 16388K->4K(18432K), 0.0036112 secs] 582610K->566226K(865080K), 0.0036805 secs] [Times: user=0.01 sys=0.00, real=0.00 secs] 
2020-10-29T13:19:12.791+0000: [GC (Allocation Failure) 2020-10-29T13:19:12.791+0000: [ParNew: 16388K->4K(18432K), 0.0037191 secs] 582610K->566226K(865080K), 0.0038067 secs] [Times: user=0.00 sys=0.00, real=0.01 secs] 
2020-10-29T13:19:12.815+0000: [GC (Allocation Failure) 2020-10-29T13:19:12.815+0000: [ParNew: 16388K->4K(18432K), 0.0036220 secs] 582610K->566226K(865080K), 0.0036925 secs] [Times: user=0.00 sys=0.00, real=0.00 secs] 
2020-10-29T13:19:12.839+0000: [GC (Allocation Failure) 2020-10-29T13:19:12.839+0000: [ParNew: 16388K->4K(18432K), 0.0036062 secs] 582610K->566226K(865080K), 0.0036748 secs] [Times: user=0.00 sys=0.00, real=0.00 secs] 
2020-10-29T13:19:12.859+0000: [GC (Allocation Failure) 2020-10-29T13:19:12.859+0000: [ParNew: 16388K->4K(18432K), 0.0036997 secs] 582610K->566226K(865080K), 0.0037738 secs] [Times: user=0.00 sys=0.00, real=0.00 secs] 
2020-10-29T13:19:12.883+0000: [GC (Allocation Failure) 2020-10-29T13:19:12.883+0000: [ParNew: 16388K->4K(18432K), 0.0035548 secs] 582610K->566226K(865080K), 0.0036218 secs] [Times: user=0.01 sys=0.00, real=0.00 secs] 
2020-10-29T13:19:12.907+0000: [GC (Allocation Failure) 2020-10-29T13:19:12.907+0000: [ParNew: 16388K->4K(18432K), 0.0035828 secs] 582610K->566226K(865080K), 0.0036505 secs] [Times: user=0.01 sys=0.00, real=0.00 secs] 
2020-10-29T13:19:12.927+0000: [GC (Allocation Failure) 2020-10-29T13:19:12.927+0000: [ParNew: 16388K->4K(18432K), 0.0035634 secs] 582610K->566226K(865080K), 0.0036344 secs] [Times: user=0.01 sys=0.00, real=0.00 secs] 
2020-10-29T13:19:12.951+0000: [GC (Allocation Failure) 2020-10-29T13:19:12.951+0000: [ParNew: 16388K->4K(18432K), 0.0033256 secs] 582610K->566226K(865080K), 0.0033924 secs] [Times: user=0.01 sys=0.00, real=0.00 secs] 
2020-10-29T13:19:12.971+0000: [GC (Allocation Failure) 2020-10-29T13:19:12.971+0000: [ParNew: 16388K->4K(18432K), 0.0033831 secs] 582610K->566226K(865080K), 0.0034480 secs] [Times: user=0.00 sys=0.00, real=0.00 secs] 
2020-10-29T13:19:12.992+0000: [GC (Allocation Failure) 2020-10-29T13:19:12.992+0000: [ParNew: 16388K->4K(18432K), 0.0037814 secs] 582610K->566226K(865080K), 0.0038443 secs] [Times: user=0.01 sys=0.00, real=0.01 secs] 
2020-10-29T13:19:13.012+0000: [GC (Allocation Failure) 2020-10-29T13:19:13.013+0000: [ParNew: 16388K->4K(18432K), 0.0037788 secs] 582610K->566226K(865080K), 0.0038562 secs] [Times: user=0.01 sys=0.00, real=0.01 secs] 
2020-10-29T13:19:13.035+0000: [GC (Allocation Failure) 2020-10-29T13:19:13.035+0000: [ParNew: 16388K->4K(18432K), 0.0037904 secs] 582610K->566226K(865080K), 0.0038618 secs] [Times: user=0.01 sys=0.01, real=0.00 secs] 
2020-10-29T13:19:13.059+0000: [GC (Allocation Failure) 2020-10-29T13:19:13.059+0000: [ParNew: 16388K->4K(18432K), 0.0034558 secs] 582610K->566226K(865080K), 0.0035221 secs] [Times: user=0.01 sys=0.00, real=0.00 secs] 
2020-10-29T13:19:13.079+0000: [GC (Allocation Failure) 2020-10-29T13:19:13.079+0000: [ParNew: 16388K->4K(18432K), 0.0035154 secs] 582610K->566226K(865080K), 0.0035851 secs] [Times: user=0.01 sys=0.00, real=0.00 secs] 
2020-10-29T13:19:13.100+0000: [GC (Allocation Failure) 2020-10-29T13:19:13.100+0000: [ParNew: 16388K->4K(18432K), 0.0037311 secs] 582610K->566226K(865080K), 0.0038043 secs] [Times: user=0.01 sys=0.00, real=0.00 secs] 
2020-10-29T13:19:13.121+0000: [GC (Allocation Failure) 2020-10-29T13:19:13.121+0000: [ParNew: 16388K->4K(18432K), 0.0037073 secs] 582610K->566226K(865080K), 0.0037793 secs] [Times: user=0.00 sys=0.00, real=0.00 secs] 
2020-10-29T13:19:13.143+0000: [GC (Allocation Failure) 2020-10-29T13:19:13.143+0000: [ParNew: 16388K->4K(18432K), 0.0036285 secs] 582610K->566226K(865080K), 0.0036973 secs] [Times: user=0.00 sys=0.00, real=0.00 secs] 
2020-10-29T13:19:13.163+0000: [GC (Allocation Failure) 2020-10-29T13:19:13.163+0000: [ParNew: 16388K->4K(18432K), 0.0033158 secs] 582610K->566226K(865080K), 0.0033810 secs] [Times: user=0.00 sys=0.00, real=0.00 secs] 
2020-10-29T13:19:13.183+0000: [GC (Allocation Failure) 2020-10-29T13:19:13.183+0000: [ParNew: 16388K->4K(18432K), 0.0032496 secs] 582610K->566226K(865080K), 0.0033134 secs] [Times: user=0.01 sys=0.00, real=0.00 secs] 
2020-10-29T13:19:13.207+0000: [GC (Allocation Failure) 2020-10-29T13:19:13.207+0000: [ParNew: 16388K->4K(18432K), 0.0031427 secs] 582610K->566226K(865080K), 0.0032038 secs] [Times: user=0.01 sys=0.00, real=0.00 secs] 
2020-10-29T13:19:13.227+0000: [GC (Allocation Failure) 2020-10-29T13:19:13.227+0000: [ParNew: 16388K->4K(18432K), 0.0036034 secs] 582610K->566226K(865080K), 0.0036742 secs] [Times: user=0.01 sys=0.00, real=0.00 secs] 
2020-10-29T13:19:13.247+0000: [GC (Allocation Failure) 2020-10-29T13:19:13.248+0000: [ParNew: 16388K->4K(18432K), 0.0034746 secs] 582610K->566226K(865080K), 0.0035427 secs] [Times: user=0.01 sys=0.00, real=0.00 secs] 
2020-10-29T13:19:13.269+0000: [GC (Allocation Failure) 2020-10-29T13:19:13.269+0000: [ParNew: 16388K->4K(18432K), 0.0037119 secs] 582610K->566226K(865080K), 0.0037843 secs] [Times: user=0.01 sys=0.00, real=0.00 secs] 
2020-10-29T13:19:13.290+0000: [GC (Allocation Failure) 2020-10-29T13:19:13.290+0000: [ParNew: 16388K->4K(18432K), 0.0031794 secs] 582610K->566226K(865080K), 0.0032401 secs] [Times: user=0.01 sys=0.00, real=0.00 secs] 
2020-10-29T13:19:13.309+0000: [GC (Allocation Failure) 2020-10-29T13:19:13.309+0000: [ParNew: 16388K->4K(18432K), 0.0028977 secs] 582610K->566226K(865080K), 0.0029714 secs] [Times: user=0.01 sys=0.00, real=0.00 secs] 
2020-10-29T13:19:13.331+0000: [GC (Allocation Failure) 2020-10-29T13:19:13.331+0000: [ParNew: 16388K->4K(18432K), 0.0033755 secs] 582610K->566226K(865080K), 0.0034403 secs] [Times: user=0.00 sys=0.00, real=0.00 secs] 
2020-10-29T13:19:13.355+0000: [GC (Allocation Failure) 2020-10-29T13:19:13.355+0000: [ParNew: 16388K->4K(18432K), 0.0031401 secs] 582610K->566226K(865080K), 0.0032025 secs] [Times: user=0.00 sys=0.00, real=0.00 secs] 
2020-10-29T13:19:13.379+0000: [GC (Allocation Failure) 2020-10-29T13:19:13.379+0000: [ParNew: 16388K->4K(18432K), 0.0033504 secs] 582610K->566226K(865080K), 0.0034161 secs] [Times: user=0.01 sys=0.00, real=0.00 secs] 
2020-10-29T13:19:13.399+0000: [GC (Allocation Failure) 2020-10-29T13:19:13.399+0000: [ParNew: 16388K->4K(18432K), 0.0034867 secs] 582610K->566226K(865080K), 0.0035538 secs] [Times: user=0.00 sys=0.00, real=0.00 secs] 
2020-10-29T13:19:13.419+0000: [GC (Allocation Failure) 2020-10-29T13:19:13.419+0000: [ParNew: 16388K->4K(18432K), 0.0035796 secs] 582610K->566226K(865080K), 0.0036488 secs] [Times: user=0.00 sys=0.00, real=0.00 secs] 
2020-10-29T13:19:13.439+0000: [GC (Allocation Failure) 2020-10-29T13:19:13.440+0000: [ParNew: 16388K->4K(18432K), 0.0033131 secs] 582610K->566226K(865080K), 0.0033773 secs] [Times: user=0.01 sys=0.00, real=0.00 secs] 
2020-10-29T13:19:13.460+0000: [GC (Allocation Failure) 2020-10-29T13:19:13.460+0000: [ParNew: 16388K->4K(18432K), 0.0032907 secs] 582610K->566226K(865080K), 0.0033555 secs] [Times: user=0.01 sys=0.00, real=0.00 secs] 
2020-10-29T13:19:13.480+0000: [GC (Allocation Failure) 2020-10-29T13:19:13.480+0000: [ParNew: 16388K->4K(18432K), 0.0030247 secs] 582610K->566226K(865080K), 0.0030841 secs] [Times: user=0.01 sys=0.00, real=0.00 secs] 
2020-10-29T13:19:13.503+0000: [GC (Allocation Failure) 2020-10-29T13:19:13.503+0000: [ParNew: 16388K->4K(18432K), 0.0030385 secs] 582610K->566226K(865080K), 0.0030973 secs] [Times: user=0.01 sys=0.00, real=0.00 secs] 
2020-10-29T13:19:13.523+0000: [GC (Allocation Failure) 2020-10-29T13:19:13.523+0000: [ParNew: 16388K->4K(18432K), 0.0036408 secs] 582610K->566226K(865080K), 0.0037132 secs] [Times: user=0.01 sys=0.00, real=0.00 secs] 
2020-10-29T13:19:13.547+0000: [GC (Allocation Failure) 2020-10-29T13:19:13.547+0000: [ParNew: 16388K->4K(18432K), 0.0037156 secs] 582610K->566226K(865080K), 0.0038084 secs] [Times: user=0.01 sys=0.00, real=0.00 secs] 
2020-10-29T13:19:13.568+0000: [GC (Allocation Failure) 2020-10-29T13:19:13.568+0000: [ParNew: 16388K->4K(18432K), 0.0036755 secs] 582610K->566226K(865080K), 0.0037463 secs] [Times: user=0.00 sys=0.00, real=0.00 secs] 
2020-10-29T13:19:13.591+0000: [GC (Allocation Failure) 2020-10-29T13:19:13.591+0000: [ParNew: 16388K->4K(18432K), 0.0036889 secs] 582610K->566226K(865080K), 0.0037614 secs] [Times: user=0.01 sys=0.00, real=0.00 secs] 
2020-10-29T13:19:13.612+0000: [GC (Allocation Failure) 2020-10-29T13:19:13.612+0000: [ParNew: 16388K->4K(18432K), 0.0035410 secs] 582610K->566226K(865080K), 0.0036088 secs] [Times: user=0.00 sys=0.00, real=0.01 secs] 
2020-10-29T13:19:13.632+0000: [GC (Allocation Failure) 2020-10-29T13:19:13.632+0000: [ParNew: 16388K->4K(18432K), 0.0036807 secs] 582610K->566226K(865080K), 0.0037500 secs] [Times: user=0.01 sys=0.00, real=0.01 secs] 
2020-10-29T13:19:13.655+0000: [GC (Allocation Failure) 2020-10-29T13:19:13.655+0000: [ParNew: 16388K->4K(18432K), 0.0036770 secs] 582610K->566226K(865080K), 0.0037468 secs] [Times: user=0.01 sys=0.00, real=0.00 secs] 
2020-10-29T13:19:13.675+0000: [GC (Allocation Failure) 2020-10-29T13:19:13.675+0000: [ParNew: 16388K->4K(18432K), 0.0035474 secs] 582610K->566226K(865080K), 0.0036192 secs] [Times: user=0.01 sys=0.00, real=0.00 secs] 
2020-10-29T13:19:13.699+0000: [GC (Allocation Failure) 2020-10-29T13:19:13.699+0000: [ParNew: 16388K->4K(18432K), 0.0035809 secs] 582610K->566226K(865080K), 0.0036498 secs] [Times: user=0.01 sys=0.00, real=0.00 secs] 
2020-10-29T13:19:13.719+0000: [GC (Allocation Failure) 2020-10-29T13:19:13.719+0000: [ParNew: 16388K->4K(18432K), 0.0034131 secs] 582610K->566226K(865080K), 0.0034811 secs] [Times: user=0.01 sys=0.00, real=0.00 secs] 
2020-10-29T13:19:13.740+0000: [GC (Allocation Failure) 2020-10-29T13:19:13.740+0000: [ParNew: 16388K->4K(18432K), 0.0047705 secs] 582610K->566226K(865080K), 0.0048362 secs] [Times: user=0.00 sys=0.00, real=0.00 secs] 
2020-10-29T13:19:13.761+0000: [GC (Allocation Failure) 2020-10-29T13:19:13.761+0000: [ParNew: 16388K->4K(18432K), 0.0032935 secs] 582610K->566226K(865080K), 0.0033589 secs] [Times: user=0.01 sys=0.00, real=0.00 secs] 
2020-10-29T13:19:13.781+0000: [GC (Allocation Failure) 2020-10-29T13:19:13.781+0000: [ParNew: 16388K->4K(18432K), 0.0031896 secs] 582610K->566226K(865080K), 0.0032517 secs] [Times: user=0.01 sys=0.00, real=0.00 secs] 
2020-10-29T13:19:13.803+0000: [GC (Allocation Failure) 2020-10-29T13:19:13.803+0000: [ParNew: 16388K->4K(18432K), 0.0035359 secs] 582610K->566226K(865080K), 0.0036035 secs] [Times: user=0.01 sys=0.00, real=0.00 secs] 
2020-10-29T13:19:13.827+0000: [GC (Allocation Failure) 2020-10-29T13:19:13.827+0000: [ParNew: 16388K->4K(18432K), 0.0029948 secs] 582610K->566226K(865080K), 0.0030501 secs] [Times: user=0.01 sys=0.00, real=0.00 secs] 
2020-10-29T13:19:13.847+0000: [GC (Allocation Failure) 2020-10-29T13:19:13.847+0000: [ParNew: 16388K->4K(18432K), 0.0029934 secs] 582610K->566226K(865080K), 0.0030510 secs] [Times: user=0.01 sys=0.00, real=0.00 secs] 
2020-10-29T13:19:13.867+0000: [GC (Allocation Failure) 2020-10-29T13:19:13.867+0000: [ParNew: 16388K->4K(18432K), 0.0036663 secs] 582610K->566226K(865080K), 0.0037531 secs] [Times: user=0.00 sys=0.00, real=0.01 secs] 
2020-10-29T13:19:13.887+0000: [GC (Allocation Failure) 2020-10-29T13:19:13.887+0000: [ParNew: 16388K->4K(18432K), 0.0037251 secs] 582610K->566226K(865080K), 0.0037971 secs] [Times: user=0.01 sys=0.00, real=0.00 secs] 
2020-10-29T13:19:13.908+0000: [GC (Allocation Failure) 2020-10-29T13:19:13.908+0000: [ParNew: 16388K->4K(18432K), 0.0034793 secs] 582610K->566226K(865080K), 0.0035467 secs] [Times: user=0.00 sys=0.00, real=0.00 secs] 
2020-10-29T13:19:13.928+0000: [GC (Allocation Failure) 2020-10-29T13:19:13.929+0000: [ParNew: 16388K->4K(18432K), 0.0034297 secs] 582610K->566226K(865080K), 0.0034954 secs] [Times: user=0.00 sys=0.00, real=0.00 secs] 
2020-10-29T13:19:13.951+0000: [GC (Allocation Failure) 2020-10-29T13:19:13.951+0000: [ParNew: 16388K->4K(18432K), 0.0034116 secs] 582610K->566226K(865080K), 0.0034766 secs] [Times: user=0.00 sys=0.00, real=0.00 secs] 
2020-10-29T13:19:13.973+0000: [GC (Allocation Failure) 2020-10-29T13:19:13.973+0000: [ParNew: 16388K->4K(18432K), 0.0033152 secs] 582610K->566226K(865080K), 0.0033803 secs] [Times: user=0.01 sys=0.00, real=0.01 secs] 
2020-10-29T13:19:13.995+0000: [GC (Allocation Failure) 2020-10-29T13:19:13.995+0000: [ParNew: 16388K->4K(18432K), 0.0033478 secs] 582610K->566226K(865080K), 0.0034116 secs] [Times: user=0.00 sys=0.00, real=0.00 secs] 
2020-10-29T13:19:14.015+0000: [GC (Allocation Failure) 2020-10-29T13:19:14.015+0000: [ParNew: 16388K->4K(18432K), 0.0037013 secs] 582610K->566226K(865080K), 0.0037724 secs] [Times: user=0.00 sys=0.00, real=0.00 secs] 
2020-10-29T13:19:14.035+0000: [GC (Allocation Failure) 2020-10-29T13:19:14.035+0000: [ParNew: 16388K->4K(18432K), 0.0037082 secs] 582610K->566226K(865080K), 0.0037792 secs] [Times: user=0.00 sys=0.00, real=0.00 secs] 
2020-10-29T13:19:14.056+0000: [GC (Allocation Failure) 2020-10-29T13:19:14.056+0000: [ParNew: 16388K->4K(18432K), 0.0036544 secs] 582610K->566227K(865080K), 0.0037248 secs] [Times: user=0.00 sys=0.00, real=0.00 secs] 
2020-10-29T13:19:14.077+0000: [GC (Allocation Failure) 2020-10-29T13:19:14.077+0000: [ParNew: 16388K->4K(18432K), 0.0037678 secs] 582611K->566227K(865080K), 0.0038449 secs] [Times: user=0.00 sys=0.00, real=0.00 secs] 
2020-10-29T13:19:14.103+0000: [GC (Allocation Failure) 2020-10-29T13:19:14.103+0000: [ParNew: 16388K->4K(18432K), 0.0037942 secs] 582611K->566227K(865080K), 0.0038675 secs] [Times: user=0.00 sys=0.01, real=0.00 secs] 
2020-10-29T13:19:14.127+0000: [GC (Allocation Failure) 2020-10-29T13:19:14.127+0000: [ParNew: 16388K->4K(18432K), 0.0037420 secs] 582611K->566227K(865080K), 0.0038167 secs] [Times: user=0.00 sys=0.00, real=0.00 secs] 
2020-10-29T13:19:14.147+0000: [GC (Allocation Failure) 2020-10-29T13:19:14.147+0000: [ParNew: 16388K->4K(18432K), 0.0038319 secs] 582611K->566227K(865080K), 0.0039149 secs] [Times: user=0.01 sys=0.00, real=0.00 secs] 
2020-10-29T13:19:14.171+0000: [GC (Allocation Failure) 2020-10-29T13:19:14.171+0000: [ParNew: 16388K->4K(18432K), 0.0037216 secs] 582611K->566227K(865080K), 0.0038092 secs] [Times: user=0.00 sys=0.00, real=0.01 secs] 
2020-10-29T13:19:14.204+0000: [GC (Allocation Failure) 2020-10-29T13:19:14.204+0000: [ParNew: 16388K->4K(18432K), 0.0037513 secs] 582611K->566227K(865080K), 0.0038338 secs] [Times: user=0.01 sys=0.00, real=0.01 secs] 
2020-10-29T13:19:14.225+0000: [GC (Allocation Failure) 2020-10-29T13:19:14.225+0000: [ParNew: 16388K->4K(18432K), 0.0036771 secs] 582611K->566227K(865080K), 0.0037528 secs] [Times: user=0.01 sys=0.00, real=0.01 secs] 
2020-10-29T13:19:14.247+0000: [GC (Allocation Failure) 2020-10-29T13:19:14.247+0000: [ParNew: 16388K->4K(18432K), 0.0036939 secs] 582611K->566227K(865080K), 0.0037678 secs] [Times: user=0.00 sys=0.00, real=0.00 secs] 
2020-10-29T13:19:14.267+0000: [GC (Allocation Failure) 2020-10-29T13:19:14.268+0000: [ParNew: 16388K->4K(18432K), 0.0037335 secs] 582611K->566227K(865080K), 0.0038048 secs] [Times: user=0.01 sys=0.00, real=0.00 secs] 
2020-10-29T13:19:14.291+0000: [GC (Allocation Failure) 2020-10-29T13:19:14.291+0000: [ParNew: 16388K->4K(18432K), 0.0036779 secs] 582611K->566227K(865080K), 0.0037509 secs] [Times: user=0.01 sys=0.00, real=0.00 secs] 
2020-10-29T13:19:14.312+0000: [GC (Allocation Failure) 2020-10-29T13:19:14.312+0000: [ParNew: 16388K->4K(18432K), 0.0037348 secs] 582611K->566227K(865080K), 0.0038056 secs] [Times: user=0.01 sys=0.00, real=0.01 secs] 
2020-10-29T13:19:14.333+0000: [GC (Allocation Failure) 2020-10-29T13:19:14.333+0000: [ParNew: 16388K->4K(18432K), 0.0036972 secs] 582611K->566227K(865080K), 0.0037711 secs] [Times: user=0.01 sys=0.00, real=0.01 secs] 
2020-10-29T13:19:14.354+0000: [GC (Allocation Failure) 2020-10-29T13:19:14.354+0000: [ParNew: 16388K->4K(18432K), 0.0036430 secs] 582611K->566227K(865080K), 0.0037220 secs] [Times: user=0.01 sys=0.00, real=0.01 secs] 
2020-10-29T13:19:14.378+0000: [GC (Allocation Failure) 2020-10-29T13:19:14.378+0000: [ParNew: 16388K->4K(18432K), 0.0032468 secs] 582611K->566227K(865080K), 0.0033122 secs] [Times: user=0.01 sys=0.00, real=0.00 secs] 
2020-10-29T13:19:14.402+0000: [GC (Allocation Failure) 2020-10-29T13:19:14.402+0000: [ParNew: 16388K->4K(18432K), 0.0037089 secs] 582611K->566227K(865080K), 0.0037792 secs] [Times: user=0.00 sys=0.00, real=0.00 secs] 
2020-10-29T13:19:14.423+0000: [GC (Allocation Failure) 2020-10-29T13:19:14.423+0000: [ParNew: 16388K->4K(18432K), 0.0036879 secs] 582611K->566227K(865080K), 0.0037741 secs] [Times: user=0.00 sys=0.00, real=0.01 secs] 
2020-10-29T13:19:14.444+0000: [GC (Allocation Failure) 2020-10-29T13:19:14.444+0000: [ParNew: 16388K->4K(18432K), 0.0037496 secs] 582611K->566227K(865080K), 0.0038187 secs] [Times: user=0.00 sys=0.00, real=0.01 secs] 
2020-10-29T13:19:14.465+0000: [GC (Allocation Failure) 2020-10-29T13:19:14.465+0000: [ParNew: 16388K->4K(18432K), 0.0033915 secs] 582611K->566227K(865080K), 0.0034545 secs] [Times: user=0.00 sys=0.00, real=0.01 secs] 
2020-10-29T13:19:14.491+0000: [GC (Allocation Failure) 2020-10-29T13:19:14.491+0000: [ParNew: 16388K->4K(18432K), 0.0037007 secs] 582611K->566227K(865080K), 0.0037723 secs] [Times: user=0.00 sys=0.00, real=0.00 secs] 
2020-10-29T13:19:14.512+0000: [GC (Allocation Failure) 2020-10-29T13:19:14.512+0000: [ParNew: 16388K->4K(18432K), 0.0032383 secs] 582611K->566227K(865080K), 0.0033024 secs] [Times: user=0.00 sys=0.00, real=0.01 secs] 
2020-10-29T13:19:14.532+0000: [GC (Allocation Failure) 2020-10-29T13:19:14.532+0000: [ParNew: 16388K->4K(18432K), 0.0032238 secs] 582611K->566227K(865080K), 0.0032836 secs] [Times: user=0.00 sys=0.00, real=0.01 secs] 
2020-10-29T13:19:14.553+0000: [GC (Allocation Failure) 2020-10-29T13:19:14.553+0000: [ParNew: 16388K->4K(18432K), 0.0031459 secs] 582611K->566227K(865080K), 0.0032055 secs] [Times: user=0.00 sys=0.00, real=0.01 secs] 
2020-10-29T13:19:14.575+0000: [GC (Allocation Failure) 2020-10-29T13:19:14.575+0000: [ParNew: 16388K->4K(18432K), 0.0037947 secs] 582611K->566227K(865080K), 0.0038610 secs] [Times: user=0.01 sys=0.00, real=0.00 secs] 
2020-10-29T13:19:14.599+0000: [GC (Allocation Failure) 2020-10-29T13:19:14.599+0000: [ParNew: 16388K->4K(18432K), 0.0038167 secs] 582611K->566227K(865080K), 0.0038849 secs] [Times: user=0.01 sys=0.00, real=0.00 secs] 
2020-10-29T13:19:14.619+0000: [GC (Allocation Failure) 2020-10-29T13:19:14.619+0000: [ParNew: 16388K->4K(18432K), 0.0037202 secs] 582611K->566227K(865080K), 0.0037813 secs] [Times: user=0.01 sys=0.00, real=0.00 secs] 
2020-10-29T13:19:14.643+0000: [GC (Allocation Failure) 2020-10-29T13:19:14.643+0000: [ParNew: 16388K->4K(18432K), 0.0037554 secs] 582611K->566227K(865080K), 0.0038319 secs] [Times: user=0.00 sys=0.00, real=0.01 secs] 
2020-10-29T13:19:14.664+0000: [GC (Allocation Failure) 2020-10-29T13:19:14.664+0000: [ParNew: 16388K->4K(18432K), 0.0037962 secs] 582611K->566227K(865080K), 0.0038725 secs] [Times: user=0.01 sys=0.00, real=0.01 secs] 
2020-10-29T13:19:14.687+0000: [GC (Allocation Failure) 2020-10-29T13:19:14.687+0000: [ParNew: 16388K->4K(18432K), 0.0036783 secs] 582611K->566227K(865080K), 0.0037505 secs] [Times: user=0.00 sys=0.00, real=0.00 secs] 
2020-10-29T13:19:14.708+0000: [GC (Allocation Failure) 2020-10-29T13:19:14.708+0000: [ParNew: 16388K->4K(18432K), 0.0035510 secs] 582611K->566227K(865080K), 0.0036188 secs] [Times: user=0.01 sys=0.00, real=0.00 secs] 
2020-10-29T13:19:14.728+0000: [GC (Allocation Failure) 2020-10-29T13:19:14.728+0000: [ParNew: 16388K->4K(18432K), 0.0035105 secs] 582611K->566227K(865080K), 0.0035775 secs] [Times: user=0.01 sys=0.00, real=0.00 secs] 
2020-10-29T13:19:14.748+0000: [GC (Allocation Failure) 2020-10-29T13:19:14.748+0000: [ParNew: 16388K->4K(18432K), 0.0033066 secs] 582611K->566227K(865080K), 0.0033706 secs] [Times: user=0.01 sys=0.00, real=0.00 secs] 
2020-10-29T13:19:14.768+0000: [GC (Allocation Failure) 2020-10-29T13:19:14.768+0000: [ParNew: 16388K->4K(18432K), 0.0033075 secs] 582611K->566227K(865080K), 0.0033944 secs] [Times: user=0.00 sys=0.00, real=0.00 secs] 
2020-10-29T13:19:14.788+0000: [GC (Allocation Failure) 2020-10-29T13:19:14.788+0000: [ParNew: 16388K->4K(18432K), 0.0033990 secs] 582611K->566227K(865080K), 0.0034722 secs] [Times: user=0.01 sys=0.00, real=0.00 secs] 
2020-10-29T13:19:14.808+0000: [GC (Allocation Failure) 2020-10-29T13:19:14.808+0000: [ParNew: 16388K->4K(18432K), 0.0035627 secs] 582611K->566227K(865080K), 0.0036316 secs] [Times: user=0.01 sys=0.00, real=0.00 secs] 
2020-10-29T13:19:14.828+0000: [GC (Allocation Failure) 2020-10-29T13:19:14.828+0000: [ParNew: 16245K->4K(18432K), 0.0036970 secs] 582468K->566227K(865080K), 0.0037642 secs] [Times: user=0.01 sys=0.00, real=0.00 secs] 
2020-10-29T13:19:14.849+0000: [GC (Allocation Failure) 2020-10-29T13:19:14.850+0000: [ParNew: 16388K->4K(18432K), 0.0036595 secs] 582611K->566227K(865080K), 0.0037252 secs] [Times: user=0.01 sys=0.00, real=0.00 secs] 
2020-10-29T13:19:14.870+0000: [GC (Allocation Failure) 2020-10-29T13:19:14.870+0000: [ParNew: 16388K->4K(18432K), 0.0038152 secs] 582611K->566227K(865080K), 0.0038916 secs] [Times: user=0.01 sys=0.00, real=0.00 secs] 
2020-10-29T13:19:14.895+0000: [GC (Allocation Failure) 2020-10-29T13:19:14.895+0000: [ParNew: 16388K->4K(18432K), 0.0037006 secs] 582611K->566227K(865080K), 0.0037708 secs] [Times: user=0.00 sys=0.00, real=0.00 secs] 
2020-10-29T13:19:14.915+0000: [GC (Allocation Failure) 2020-10-29T13:19:14.915+0000: [ParNew: 16388K->4K(18432K), 0.0036310 secs] 582611K->566227K(865080K), 0.0037001 secs] [Times: user=0.00 sys=0.00, real=0.00 secs] 
2020-10-29T13:19:14.936+0000: [GC (Allocation Failure) 2020-10-29T13:19:14.936+0000: [ParNew: 16388K->4K(18432K), 0.0037254 secs] 582611K->566227K(865080K), 0.0037992 secs] [Times: user=0.01 sys=0.00, real=0.00 secs] 
2020-10-29T13:19:14.957+0000: [GC (Allocation Failure) 2020-10-29T13:19:14.957+0000: [ParNew: 16388K->4K(18432K), 0.0037160 secs] 582611K->566227K(865080K), 0.0037867 secs] [Times: user=0.01 sys=0.00, real=0.00 secs] 
2020-10-29T13:19:14.979+0000: [GC (Allocation Failure) 2020-10-29T13:19:14.979+0000: [ParNew: 16388K->4K(18432K), 0.0036743 secs] 582611K->566227K(865080K), 0.0037441 secs] [Times: user=0.01 sys=0.00, real=0.00 secs] 
2020-10-29T13:19:15.000+0000: [GC (Allocation Failure) 2020-10-29T13:19:15.000+0000: [ParNew: 16388K->4K(18432K), 0.0037058 secs] 582611K->566227K(865080K), 0.0037693 secs] [Times: user=0.01 sys=0.00, real=0.00 secs] 
2020-10-29T13:19:15.021+0000: [GC (Allocation Failure) 2020-10-29T13:19:15.021+0000: [ParNew: 16388K->4K(18432K), 0.0038092 secs] 582611K->566227K(865080K), 0.0038817 secs] [Times: user=0.01 sys=0.00, real=0.00 secs] 
2020-10-29T13:19:15.043+0000: [GC (Allocation Failure) 2020-10-29T13:19:15.043+0000: [ParNew: 16388K->4K(18432K), 0.0036974 secs] 582611K->566227K(865080K), 0.0037676 secs] [Times: user=0.01 sys=0.00, real=0.00 secs] 
2020-10-29T13:19:15.067+0000: [GC (Allocation Failure) 2020-10-29T13:19:15.067+0000: [ParNew: 16388K->4K(18432K), 0.0034054 secs] 582611K->566227K(865080K), 0.0034705 secs] [Times: user=0.01 sys=0.00, real=0.00 secs] 
2020-10-29T13:19:15.088+0000: [GC (Allocation Failure) 2020-10-29T13:19:15.088+0000: [ParNew: 16388K->4K(18432K), 0.0034902 secs] 582611K->566227K(865080K), 0.0035551 secs] [Times: user=0.00 sys=0.00, real=0.00 secs] 
2020-10-29T13:19:15.108+0000: [GC (Allocation Failure) 2020-10-29T13:19:15.108+0000: [ParNew: 16388K->4K(18432K), 0.0037494 secs] 582611K->566227K(865080K), 0.0038251 secs] [Times: user=0.00 sys=0.00, real=0.00 secs] 
2020-10-29T13:19:15.128+0000: [GC (Allocation Failure) 2020-10-29T13:19:15.128+0000: [ParNew: 16388K->4K(18432K), 0.0036993 secs] 582611K->566227K(865080K), 0.0037703 secs] [Times: user=0.01 sys=0.00, real=0.00 secs] 
2020-10-29T13:19:15.149+0000: [GC (Allocation Failure) 2020-10-29T13:19:15.149+0000: [ParNew: 16388K->4K(18432K), 0.0035044 secs] 582611K->566227K(865080K), 0.0035719 secs] [Times: user=0.01 sys=0.00, real=0.00 secs] 
2020-10-29T13:19:15.169+0000: [GC (Allocation Failure) 2020-10-29T13:19:15.169+0000: [ParNew: 16388K->4K(18432K), 0.0037336 secs] 582611K->566227K(865080K), 0.0038046 secs] [Times: user=0.01 sys=0.00, real=0.00 secs] 
2020-10-29T13:19:15.190+0000: [GC (Allocation Failure) 2020-10-29T13:19:15.190+0000: [ParNew: 16388K->4K(18432K), 0.0036826 secs] 582611K->566227K(865080K), 0.0037528 secs] [Times: user=0.01 sys=0.00, real=0.00 secs] 
2020-10-29T13:19:15.215+0000: [GC (Allocation Failure) 2020-10-29T13:19:15.215+0000: [ParNew: 16388K->4K(18432K), 0.0036417 secs] 582611K->566227K(865080K), 0.0037115 secs] [Times: user=0.01 sys=0.00, real=0.00 secs] 
2020-10-29T13:19:15.235+0000: [GC (Allocation Failure) 2020-10-29T13:19:15.235+0000: [ParNew: 16388K->4K(18432K), 0.0037361 secs] 582611K->566227K(865080K), 0.0038107 secs] [Times: user=0.01 sys=0.00, real=0.00 secs] 
2020-10-29T13:19:15.256+0000: [GC (Allocation Failure) 2020-10-29T13:19:15.256+0000: [ParNew: 16388K->4K(18432K), 0.0036540 secs] 582611K->566227K(865080K), 0.0037235 secs] [Times: user=0.01 sys=0.00, real=0.00 secs] 
2020-10-29T13:19:15.279+0000: [GC (Allocation Failure) 2020-10-29T13:19:15.279+0000: [ParNew: 16388K->4K(18432K), 0.0035815 secs] 582611K->566227K(865080K), 0.0036505 secs] [Times: user=0.01 sys=0.00, real=0.00 secs] 
2020-10-29T13:19:15.303+0000: [GC (Allocation Failure) 2020-10-29T13:19:15.303+0000: [ParNew: 16388K->4K(18432K), 0.0036744 secs] 582611K->566227K(865080K), 0.0037450 secs] [Times: user=0.00 sys=0.00, real=0.00 secs] 
2020-10-29T13:19:15.327+0000: [GC (Allocation Failure) 2020-10-29T13:19:15.327+0000: [ParNew: 16388K->4K(18432K), 0.0035919 secs] 582611K->566227K(865080K), 0.0036623 secs] [Times: user=0.00 sys=0.00, real=0.00 secs] 
2020-10-29T13:19:15.351+0000: [GC (Allocation Failure) 2020-10-29T13:19:15.351+0000: [ParNew: 16388K->4K(18432K), 0.0036608 secs] 582611K->566227K(865080K), 0.0037300 secs] [Times: user=0.00 sys=0.00, real=0.00 secs] 
2020-10-29T13:19:15.371+0000: [GC (Allocation Failure) 2020-10-29T13:19:15.371+0000: [ParNew: 16388K->4K(18432K), 0.0034479 secs] 582611K->566227K(865080K), 0.0035142 secs] [Times: user=0.00 sys=0.00, real=0.01 secs] 
2020-10-29T13:19:15.394+0000: [GC (Allocation Failure) 2020-10-29T13:19:15.394+0000: [ParNew: 16388K->4K(18432K), 0.0035358 secs] 582611K->566227K(865080K), 0.0036039 secs] [Times: user=0.00 sys=0.00, real=0.01 secs] 
2020-10-29T13:19:15.416+0000: [GC (Allocation Failure) 2020-10-29T13:19:15.416+0000: [ParNew: 16388K->4K(18432K), 0.0036542 secs] 582611K->566227K(865080K), 0.0037239 secs] [Times: user=0.01 sys=0.00, real=0.00 secs] 
2020-10-29T13:19:15.439+0000: [GC (Allocation Failure) 2020-10-29T13:19:15.439+0000: [ParNew: 16388K->4K(18432K), 0.0034349 secs] 582611K->566227K(865080K), 0.0035014 secs] [Times: user=0.00 sys=0.00, real=0.00 secs] 
2020-10-29T13:19:15.461+0000: [GC (Allocation Failure) 2020-10-29T13:19:15.461+0000: [ParNew: 16388K->4K(18432K), 0.0036845 secs] 582611K->566227K(865080K), 0.0037526 secs] [Times: user=0.01 sys=0.00, real=0.00 secs] 
2020-10-29T13:19:15.481+0000: [GC (Allocation Failure) 2020-10-29T13:19:15.481+0000: [ParNew: 16388K->4K(18432K), 0.0035063 secs] 582611K->566227K(865080K), 0.0035740 secs] [Times: user=0.01 sys=0.00, real=0.00 secs] 
2020-10-29T13:19:15.501+0000: [GC (Allocation Failure) 2020-10-29T13:19:15.501+0000: [ParNew: 16388K->4K(18432K), 0.0031637 secs] 582611K->566227K(865080K), 0.0032252 secs] [Times: user=0.00 sys=0.00, real=0.00 secs] 
2020-10-29T13:19:15.521+0000: [GC (Allocation Failure) 2020-10-29T13:19:15.521+0000: [ParNew: 16388K->4K(18432K), 0.0036116 secs] 582611K->566227K(865080K), 0.0036804 secs] [Times: user=0.01 sys=0.00, real=0.00 secs] 
2020-10-29T13:19:15.543+0000: [GC (Allocation Failure) 2020-10-29T13:19:15.543+0000: [ParNew: 16388K->4K(18432K), 0.0032088 secs] 582611K->566227K(865080K), 0.0032711 secs] [Times: user=0.01 sys=0.00, real=0.00 secs] 
2020-10-29T13:19:15.562+0000: [GC (Allocation Failure) 2020-10-29T13:19:15.562+0000: [ParNew: 16388K->4K(18432K), 0.0032066 secs] 582611K->566227K(865080K), 0.0032673 secs] [Times: user=0.00 sys=0.00, real=0.00 secs] 
2020-10-29T13:19:15.583+0000: [GC (Allocation Failure) 2020-10-29T13:19:15.583+0000: [ParNew: 16388K->4K(18432K), 0.0032610 secs] 582611K->566227K(865080K), 0.0033336 secs] [Times: user=0.00 sys=0.00, real=0.00 secs] 
2020-10-29T13:19:15.607+0000: [GC (Allocation Failure) 2020-10-29T13:19:15.607+0000: [ParNew: 16388K->4K(18432K), 0.0036845 secs] 582611K->566228K(865080K), 0.0037677 secs] [Times: user=0.00 sys=0.00, real=0.00 secs] 
2020-10-29T13:19:15.629+0000: [GC (Allocation Failure) 2020-10-29T13:19:15.629+0000: [ParNew: 16388K->4K(18432K), 0.0037045 secs] 582612K->566228K(865080K), 0.0037843 secs] [Times: user=0.00 sys=0.00, real=0.00 secs] 
2020-10-29T13:19:15.650+0000: [GC (Allocation Failure) 2020-10-29T13:19:15.650+0000: [ParNew: 16388K->4K(18432K), 0.0036528 secs] 582612K->566228K(865080K), 0.0037231 secs] [Times: user=0.00 sys=0.00, real=0.00 secs] 
2020-10-29T13:19:15.670+0000: [GC (Allocation Failure) 2020-10-29T13:19:15.670+0000: [ParNew: 16388K->4K(18432K), 0.0037082 secs] 582612K->566228K(865080K), 0.0037888 secs] [Times: user=0.01 sys=0.00, real=0.00 secs] 
2020-10-29T13:19:15.691+0000: [GC (Allocation Failure) 2020-10-29T13:19:15.691+0000: [ParNew: 16388K->4K(18432K), 0.0036827 secs] 582612K->566228K(865080K), 0.0037543 secs] [Times: user=0.01 sys=0.00, real=0.00 secs] 
2020-10-29T13:19:15.711+0000: [GC (Allocation Failure) 2020-10-29T13:19:15.711+0000: [ParNew: 16388K->4K(18432K), 0.0037228 secs] 582612K->566228K(865080K), 0.0037970 secs] [Times: user=0.01 sys=0.00, real=0.01 secs] 
2020-10-29T13:19:15.735+0000: [GC (Allocation Failure) 2020-10-29T13:19:15.735+0000: [ParNew: 16388K->4K(18432K), 0.0035763 secs] 582612K->566228K(865080K), 0.0036449 secs] [Times: user=0.01 sys=0.00, real=0.00 secs] 
2020-10-29T13:19:15.755+0000: [GC (Allocation Failure) 2020-10-29T13:19:15.755+0000: [ParNew: 16388K->4K(18432K), 0.0036423 secs] 582612K->566228K(865080K), 0.0037124 secs] [Times: user=0.01 sys=0.00, real=0.00 secs] 
2020-10-29T13:19:15.776+0000: [GC (Allocation Failure) 2020-10-29T13:19:15.776+0000: [ParNew: 16388K->4K(18432K), 0.0036815 secs] 582612K->566228K(865080K), 0.0037527 secs] [Times: user=0.01 sys=0.00, real=0.00 secs] 
2020-10-29T13:19:15.796+0000: [GC (Allocation Failure) 2020-10-29T13:19:15.796+0000: [ParNew: 16388K->4K(18432K), 0.0037107 secs] 582612K->566228K(865080K), 0.0037804 secs] [Times: user=0.01 sys=0.00, real=0.00 secs] 
2020-10-29T13:19:15.817+0000: [GC (Allocation Failure) 2020-10-29T13:19:15.817+0000: [ParNew: 16388K->4K(18432K), 0.0035789 secs] 582612K->566228K(865080K), 0.0036477 secs] [Times: user=0.01 sys=0.00, real=0.00 secs] 
2020-10-29T13:19:15.837+0000: [GC (Allocation Failure) 2020-10-29T13:19:15.837+0000: [ParNew: 16388K->4K(18432K), 0.0034013 secs] 582612K->566228K(865080K), 0.0034684 secs] [Times: user=0.01 sys=0.00, real=0.00 secs] 
2020-10-29T13:19:15.859+0000: [GC (Allocation Failure) 2020-10-29T13:19:15.859+0000: [ParNew: 16388K->4K(18432K), 0.0030509 secs] 582612K->566228K(865080K), 0.0031110 secs] [Times: user=0.01 sys=0.00, real=0.00 secs] 
2020-10-29T13:19:15.879+0000: [GC (Allocation Failure) 2020-10-29T13:19:15.879+0000: [ParNew: 16388K->4K(18432K), 0.0033760 secs] 582612K->566228K(865080K), 0.0034845 secs] [Times: user=0.01 sys=0.00, real=0.00 secs] 
2020-10-29T13:19:15.899+0000: [GC (Allocation Failure) 2020-10-29T13:19:15.899+0000: [ParNew: 16388K->4K(18432K), 0.0036986 secs] 582612K->566228K(865080K), 0.0037686 secs] [Times: user=0.01 sys=0.00, real=0.00 secs] 
2020-10-29T13:19:15.920+0000: [GC (Allocation Failure) 2020-10-29T13:19:15.920+0000: [ParNew: 16388K->4K(18432K), 0.0036078 secs] 582612K->566228K(865080K), 0.0036788 secs] [Times: user=0.01 sys=0.00, real=0.00 secs] 
2020-10-29T13:19:15.940+0000: [GC (Allocation Failure) 2020-10-29T13:19:15.940+0000: [ParNew: 16388K->4K(18432K), 0.0031806 secs] 582612K->566228K(865080K), 0.0032437 secs] [Times: user=0.00 sys=0.00, real=0.00 secs] 
2020-10-29T13:19:15.960+0000: [GC (Allocation Failure) 2020-10-29T13:19:15.960+0000: [ParNew: 16388K->4K(18432K), 0.0030049 secs] 582612K->566228K(865080K), 0.0030665 secs] [Times: user=0.00 sys=0.00, real=0.00 secs] 
2020-10-29T13:19:15.980+0000: [GC (Allocation Failure) 2020-10-29T13:19:15.980+0000: [ParNew: 16388K->4K(18432K), 0.0033602 secs] 582612K->566228K(865080K), 0.0034243 secs] [Times: user=0.00 sys=0.00, real=0.00 secs] 
2020-10-29T13:19:16.000+0000: [GC (Allocation Failure) 2020-10-29T13:19:16.000+0000: [ParNew: 16388K->4K(18432K), 0.0035971 secs] 582612K->566228K(865080K), 0.0036651 secs] [Times: user=0.01 sys=0.00, real=0.00 secs] 
2020-10-29T13:19:16.023+0000: [GC (Allocation Failure) 2020-10-29T13:19:16.023+0000: [ParNew: 16388K->4K(18432K), 0.0035824 secs] 582612K->566228K(865080K), 0.0036498 secs] [Times: user=0.00 sys=0.00, real=0.00 secs] 
2020-10-29T13:19:16.043+0000: [GC (Allocation Failure) 2020-10-29T13:19:16.043+0000: [ParNew: 16388K->4K(18432K), 0.0037092 secs] 582612K->566228K(865080K), 0.0037815 secs] [Times: user=0.00 sys=0.00, real=0.01 secs] 
2020-10-29T13:19:16.066+0000: [GC (Allocation Failure) 2020-10-29T13:19:16.066+0000: [ParNew: 16388K->4K(18432K), 0.0037633 secs] 582612K->566228K(865080K), 0.0038348 secs] [Times: user=0.01 sys=0.00, real=0.01 secs] 
2020-10-29T13:19:16.087+0000: [GC (Allocation Failure) 2020-10-29T13:19:16.087+0000: [ParNew: 16388K->4K(18432K), 0.0037521 secs] 582612K->566228K(865080K), 0.0038386 secs] [Times: user=0.00 sys=0.00, real=0.00 secs] 
2020-10-29T13:19:16.111+0000: [GC (Allocation Failure) 2020-10-29T13:19:16.111+0000: [ParNew: 16388K->4K(18432K), 0.0035626 secs] 582612K->566228K(865080K), 0.0036321 secs] [Times: user=0.00 sys=0.00, real=0.00 secs] 
2020-10-29T13:19:16.133+0000: [GC (Allocation Failure) 2020-10-29T13:19:16.133+0000: [ParNew: 16388K->4K(18432K), 0.0037238 secs] 582612K->566228K(865080K), 0.0037959 secs] [Times: user=0.01 sys=0.00, real=0.01 secs] 
2020-10-29T13:19:16.155+0000: [GC (Allocation Failure) 2020-10-29T13:19:16.155+0000: [ParNew: 16388K->4K(18432K), 0.0036765 secs] 582612K->566228K(865080K), 0.0037471 secs] [Times: user=0.01 sys=0.00, real=0.00 secs] 
2020-10-29T13:19:16.177+0000: [GC (Allocation Failure) 2020-10-29T13:19:16.177+0000: [ParNew: 16388K->4K(18432K), 0.0035414 secs] 582612K->566228K(865080K), 0.0036084 secs] [Times: user=0.01 sys=0.00, real=0.00 secs] 
2020-10-29T13:19:16.199+0000: [GC (Allocation Failure) 2020-10-29T13:19:16.199+0000: [ParNew: 16388K->4K(18432K), 0.0030367 secs] 582612K->566228K(865080K), 0.0030936 secs] [Times: user=0.00 sys=0.00, real=0.00 secs] 
2020-10-29T13:19:16.218+0000: [GC (Allocation Failure) 2020-10-29T13:19:16.219+0000: [ParNew: 16388K->4K(18432K), 0.0029137 secs] 582612K->566228K(865080K), 0.0029693 secs] [Times: user=0.00 sys=0.00, real=0.00 secs] 
2020-10-29T13:19:16.243+0000: [GC (Allocation Failure) 2020-10-29T13:19:16.243+0000: [ParNew: 16388K->4K(18432K), 0.0029129 secs] 582612K->566228K(865080K), 0.0029677 secs] [Times: user=0.01 sys=0.00, real=0.00 secs] 
2020-10-29T13:19:16.266+0000: [GC (Allocation Failure) 2020-10-29T13:19:16.266+0000: [ParNew: 16388K->4K(18432K), 0.0029528 secs] 582612K->566228K(865080K), 0.0030076 secs] [Times: user=0.01 sys=0.00, real=0.01 secs] 
2020-10-29T13:19:16.286+0000: [GC (Allocation Failure) 2020-10-29T13:19:16.286+0000: [ParNew: 16388K->4K(18432K), 0.0032882 secs] 582612K->566228K(865080K), 0.0033522 secs] [Times: user=0.01 sys=0.00, real=0.01 secs] 
2020-10-29T13:19:16.306+0000: [GC (Allocation Failure) 2020-10-29T13:19:16.306+0000: [ParNew: 16388K->4K(18432K), 0.0036328 secs] 582612K->566228K(865080K), 0.0037022 secs] [Times: user=0.01 sys=0.00, real=0.01 secs] 
2020-10-29T13:19:16.326+0000: [GC (Allocation Failure) 2020-10-29T13:19:16.326+0000: [ParNew: 16388K->4K(18432K), 0.0033931 secs] 582612K->566228K(865080K), 0.0034596 secs] [Times: user=0.01 sys=0.00, real=0.01 secs] 
2020-10-29T13:19:16.351+0000: [GC (Allocation Failure) 2020-10-29T13:19:16.351+0000: [ParNew: 16388K->4K(18432K), 0.0032810 secs] 582612K->566228K(865080K), 0.0033434 secs] [Times: user=0.01 sys=0.00, real=0.00 secs] 
2020-10-29T13:19:16.375+0000: [GC (Allocation Failure) 2020-10-29T13:19:16.375+0000: [ParNew: 16388K->4K(18432K), 0.0037892 secs] 582612K->566228K(865080K), 0.0038823 secs] [Times: user=0.01 sys=0.01, real=0.01 secs] 
2020-10-29T13:19:16.399+0000: [GC (Allocation Failure) 2020-10-29T13:19:16.399+0000: [ParNew: 16388K->4K(18432K), 0.0037032 secs] 582612K->566228K(865080K), 0.0037906 secs] [Times: user=0.01 sys=0.00, real=0.00 secs] 
2020-10-29T13:19:16.423+0000: [GC (Allocation Failure) 2020-10-29T13:19:16.423+0000: [ParNew: 16388K->4K(18432K), 0.0037229 secs] 582612K->566228K(865080K), 0.0038105 secs] [Times: user=0.01 sys=0.00, real=0.01 secs] 
2020-10-29T13:19:16.443+0000: [GC (Allocation Failure) 2020-10-29T13:19:16.443+0000: [ParNew: 16388K->4K(18432K), 0.0038967 secs] 582612K->566228K(865080K), 0.0039701 secs] [Times: user=0.01 sys=0.00, real=0.01 secs] 
2020-10-29T13:19:16.467+0000: [GC (Allocation Failure) 2020-10-29T13:19:16.467+0000: [ParNew: 16388K->4K(18432K), 0.0036943 secs] 582612K->566228K(865080K), 0.0037683 secs] [Times: user=0.01 sys=0.00, real=0.00 secs] 
2020-10-29T13:19:16.491+0000: [GC (Allocation Failure) 2020-10-29T13:19:16.491+0000: [ParNew: 16388K->4K(18432K), 0.0053877 secs] 582612K->566228K(865080K), 0.0054570 secs] [Times: user=0.00 sys=0.00, real=0.01 secs] 
2020-10-29T13:19:16.515+0000: [GC (Allocation Failure) 2020-10-29T13:19:16.515+0000: [ParNew: 16388K->4K(18432K), 0.0031596 secs] 582612K->566228K(865080K), 0.0032223 secs] [Times: user=0.01 sys=0.00, real=0.00 secs] 
2020-10-29T13:19:16.535+0000: [GC (Allocation Failure) 2020-10-29T13:19:16.535+0000: [ParNew: 16388K->4K(18432K), 0.0035289 secs] 582612K->566228K(865080K), 0.0036110 secs] [Times: user=0.00 sys=0.00, real=0.01 secs] 
2020-10-29T13:19:16.555+0000: [GC (Allocation Failure) 2020-10-29T13:19:16.555+0000: [ParNew: 16388K->4K(18432K), 0.0035404 secs] 582612K->566228K(865080K), 0.0036069 secs] [Times: user=0.00 sys=0.00, real=0.00 secs] 
2020-10-29T13:19:16.575+0000: [GC (Allocation Failure) 2020-10-29T13:19:16.575+0000: [ParNew: 16388K->4K(18432K), 0.0035282 secs] 582612K->566228K(865080K), 0.0035950 secs] [Times: user=0.01 sys=0.00, real=0.00 secs] 
2020-10-29T13:19:16.599+0000: [GC (Allocation Failure) 2020-10-29T13:19:16.599+0000: [ParNew: 16388K->4K(18432K), 0.0035527 secs] 582612K->566228K(865080K), 0.0036196 secs] [Times: user=0.00 sys=0.00, real=0.00 secs] 
2020-10-29T13:19:16.623+0000: [GC (Allocation Failure) 2020-10-29T13:19:16.623+0000: [ParNew: 16388K->4K(18432K), 0.0030734 secs] 582612K->566228K(865080K), 0.0031340 secs] [Times: user=0.01 sys=0.00, real=0.00 secs] 
2020-10-29T13:19:16.643+0000: [GC (Allocation Failure) 2020-10-29T13:19:16.643+0000: [ParNew: 16388K->4K(18432K), 0.0034553 secs] 582612K->566228K(865080K), 0.0035213 secs] [Times: user=0.01 sys=0.00, real=0.00 secs] 
2020-10-29T13:19:16.663+0000: [GC (Allocation Failure) 2020-10-29T13:19:16.663+0000: [ParNew: 16388K->4K(18432K), 0.0033551 secs] 582612K->566228K(865080K), 0.0034201 secs] [Times: user=0.00 sys=0.00, real=0.01 secs] 
2020-10-29T13:19:16.685+0000: [GC (Allocation Failure) 2020-10-29T13:19:16.685+0000: [ParNew: 16388K->4K(18432K), 0.0032914 secs] 582612K->566228K(865080K), 0.0033547 secs] [Times: user=0.00 sys=0.00, real=0.01 secs] 
2020-10-29T13:19:16.707+0000: [GC (Allocation Failure) 2020-10-29T13:19:16.707+0000: [ParNew: 16388K->4K(18432K), 0.0029699 secs] 582612K->566228K(865080K), 0.0030275 secs] [Times: user=0.01 sys=0.00, real=0.00 secs] 
2020-10-29T13:19:16.729+0000: [GC (Allocation Failure) 2020-10-29T13:19:16.729+0000: [ParNew: 16388K->4K(18432K), 0.0030302 secs] 582612K->566228K(865080K), 0.0030888 secs] [Times: user=0.01 sys=0.00, real=0.00 secs] 
2020-10-29T13:19:16.749+0000: [GC (Allocation Failure) 2020-10-29T13:19:16.749+0000: [ParNew: 16388K->4K(18432K), 0.0033893 secs] 582612K->566228K(865080K), 0.0034539 secs] [Times: user=0.01 sys=0.00, real=0.00 secs] 
2020-10-29T13:19:16.771+0000: [GC (Allocation Failure) 2020-10-29T13:19:16.771+0000: [ParNew: 16388K->4K(18432K), 0.0032618 secs] 582612K->566228K(865080K), 0.0033294 secs] [Times: user=0.01 sys=0.00, real=0.00 secs] 
2020-10-29T13:19:16.795+0000: [GC (Allocation Failure) 2020-10-29T13:19:16.795+0000: [ParNew: 16388K->4K(18432K), 0.0036160 secs] 582612K->566228K(865080K), 0.0036891 secs] [Times: user=0.01 sys=0.00, real=0.00 secs] 
2020-10-29T13:19:16.815+0000: [GC (Allocation Failure) 2020-10-29T13:19:16.815+0000: [ParNew: 16388K->4K(18432K), 0.0036878 secs] 582612K->566228K(865080K), 0.0037590 secs] [Times: user=0.01 sys=0.00, real=0.00 secs] 
2020-10-29T13:19:16.836+0000: [GC (Allocation Failure) 2020-10-29T13:19:16.836+0000: [ParNew: 16388K->4K(18432K), 0.0037482 secs] 582612K->566228K(865080K), 0.0038452 secs] [Times: user=0.01 sys=0.00, real=0.00 secs] 
2020-10-29T13:19:16.858+0000: [GC (Allocation Failure) 2020-10-29T13:19:16.858+0000: [ParNew: 16388K->4K(18432K), 0.0037388 secs] 582612K->566228K(865080K), 0.0038118 secs] [Times: user=0.01 sys=0.00, real=0.00 secs] 
2020-10-29T13:19:16.878+0000: [GC (Allocation Failure) 2020-10-29T13:19:16.878+0000: [ParNew: 16388K->4K(18432K), 0.0037590 secs] 582612K->566228K(865080K), 0.0038303 secs] [Times: user=0.01 sys=0.00, real=0.00 secs] 
2020-10-29T13:19:16.903+0000: [GC (Allocation Failure) 2020-10-29T13:19:16.903+0000: [ParNew: 16388K->4K(18432K), 0.0035895 secs] 582612K->566228K(865080K), 0.0036570 secs] [Times: user=0.01 sys=0.00, real=0.00 secs] 
 CMS: abort preclean due to time 2020-10-29T13:19:16.909+0000: [CMS-concurrent-abortable-preclean: 0.413/5.005 secs] [Times: user=8.95 sys=0.40, real=5.01 secs] 
2020-10-29T13:19:16.909+0000: [GC (CMS Final Remark) [YG occupancy: 1456 K (18432 K)]2020-10-29T13:19:16.909+0000: [Rescan (parallel) , 0.0024871 secs]2020-10-29T13:19:16.911+0000: [weak refs processing, 0.0000807 secs]2020-10-29T13:19:16.911+0000: [class unloading, 0.0111146 secs]2020-10-29T13:19:16.922+0000: [scrub symbol table, 0.0110678 secs]2020-10-29T13:19:16.934+0000: [scrub string table, 0.0007478 secs][1 CMS-remark: 566224K(846648K)] 567681K(865080K), 0.0256278 secs] [Times: user=0.03 sys=0.00, real=0.02 secs] 
2020-10-29T13:19:16.939+0000: [CMS-concurrent-sweep-start]
2020-10-29T13:19:16.953+0000: [GC (Allocation Failure) 2020-10-29T13:19:16.953+0000: [ParNew: 16388K->4K(18432K), 0.0037445 secs] 582521K->566137K(865080K), 0.0038109 secs] [Times: user=0.01 sys=0.00, real=0.01 secs] 
2020-10-29T13:19:16.972+0000: [CMS-concurrent-sweep: 0.029/0.033 secs] [Times: user=0.06 sys=0.00, real=0.03 secs] 
2020-10-29T13:19:16.972+0000: [CMS-concurrent-reset-start]
2020-10-29T13:19:16.974+0000: [CMS-concurrent-reset: 0.002/0.002 secs] [Times: user=0.01 sys=0.00, real=0.00 secs] 
2020-10-29T13:19:16.979+0000: [GC (Allocation Failure) 2020-10-29T13:19:16.979+0000: [ParNew: 16388K->4K(18432K), 0.0037646 secs] 507961K->491577K(865080K), 0.0038176 secs] [Times: user=0.01 sys=0.00, real=0.00 secs] 
2020-10-29T13:19:16.999+0000: [GC (Allocation Failure) 2020-10-29T13:19:16.999+0000: [ParNew: 16388K->4K(18432K), 0.0036985 secs] 507961K->491577K(865080K), 0.0037607 secs] [Times: user=0.01 sys=0.00, real=0.00 secs] 
2020-10-29T13:19:17.019+0000: [GC (Allocation Failure) 2020-10-29T13:19:17.019+0000: [ParNew: 16388K->4K(18432K), 0.0036339 secs] 507961K->491577K(865080K), 0.0037024 secs] [Times: user=0.00 sys=0.00, real=0.00 secs] 
2020-10-29T13:19:17.038+0000: [GC (Allocation Failure) 2020-10-29T13:19:17.038+0000: [ParNew: 16388K->4K(18432K), 0.0036865 secs] 507961K->491577K(865080K), 0.0037542 secs] [Times: user=0.00 sys=0.00, real=0.00 secs] 
2020-10-29T13:19:17.057+0000: [GC (Allocation Failure) 2020-10-29T13:19:17.057+0000: [ParNew: 16388K->4K(18432K), 0.0036636 secs] 507961K->491577K(865080K), 0.0037326 secs] [Times: user=0.01 sys=0.00, real=0.00 secs] 
2020-10-29T13:19:17.077+0000: [GC (Allocation Failure) 2020-10-29T13:19:17.077+0000: [ParNew: 16388K->4K(18432K), 0.0036631 secs] 507961K->491577K(865080K), 0.0037324 secs] [Times: user=0.01 sys=0.00, real=0.00 secs] 
2020-10-29T13:19:17.099+0000: [GC (Allocation Failure) 2020-10-29T13:19:17.099+0000: [ParNew: 16388K->4K(18432K), 0.0037221 secs] 507961K->491577K(865080K), 0.0038187 secs] [Times: user=0.01 sys=0.00, real=0.00 secs] 
2020-10-29T13:19:17.123+0000: [GC (Allocation Failure) 2020-10-29T13:19:17.123+0000: [ParNew: 16388K->4K(18432K), 0.0037330 secs] 507961K->491577K(865080K), 0.0038330 secs] [Times: user=0.00 sys=0.01, real=0.01 secs] 
2020-10-29T13:19:17.143+0000: [GC (Allocation Failure) 2020-10-29T13:19:17.143+0000: [ParNew: 16388K->4K(18432K), 0.0036665 secs] 507961K->491577K(865080K), 0.0037380 secs] [Times: user=0.00 sys=0.00, real=0.01 secs] 
2020-10-29T13:19:17.162+0000: [GC (Allocation Failure) 2020-10-29T13:19:17.162+0000: [ParNew: 16388K->4K(18432K), 0.0037943 secs] 507961K->491578K(865080K), 0.0038738 secs] [Times: user=0.01 sys=0.00, real=0.00 secs] 
2020-10-29T13:19:17.183+0000: [GC (Allocation Failure) 2020-10-29T13:19:17.183+0000: [ParNew: 16388K->4K(18432K), 0.0037052 secs] 507962K->491578K(865080K), 0.0037849 secs] [Times: user=0.01 sys=0.00, real=0.00 secs] 
2020-10-29T13:19:17.203+0000: [GC (Allocation Failure) 2020-10-29T13:19:17.203+0000: [ParNew: 16388K->4K(18432K), 0.0072144 secs] 507962K->491578K(865080K), 0.0072871 secs] [Times: user=0.01 sys=0.00, real=0.01 secs] 
2020-10-29T13:19:17.231+0000: [GC (Allocation Failure) 2020-10-29T13:19:17.231+0000: [ParNew: 16388K->4K(18432K), 0.0037024 secs] 507962K->491578K(865080K), 0.0037706 secs] [Times: user=0.01 sys=0.00, real=0.00 secs] 
2020-10-29T13:19:17.251+0000: [GC (Allocation Failure) 2020-10-29T13:19:17.251+0000: [ParNew: 16388K->4K(18432K), 0.0034567 secs] 507962K->491578K(865080K), 0.0035212 secs] [Times: user=0.00 sys=0.00, real=0.00 secs] 
2020-10-29T13:19:17.270+0000: [GC (Allocation Failure) 2020-10-29T13:19:17.270+0000: [ParNew: 16388K->4K(18432K), 0.0037279 secs] 507962K->491578K(865080K), 0.0037980 secs] [Times: user=0.00 sys=0.00, real=0.00 secs] 
2020-10-29T13:19:17.290+0000: [GC (Allocation Failure) 2020-10-29T13:19:17.290+0000: [ParNew: 16388K->4K(18432K), 0.0034856 secs] 507962K->491578K(865080K), 0.0035471 secs] [Times: user=0.01 sys=0.00, real=0.00 secs] 
2020-10-29T13:19:17.309+0000: [GC (Allocation Failure) 2020-10-29T13:19:17.309+0000: [ParNew: 16388K->4K(18432K), 0.0036377 secs] 507962K->491578K(865080K), 0.0037061 secs] [Times: user=0.01 sys=0.00, real=0.00 secs] 
2020-10-29T13:19:17.332+0000: [GC (Allocation Failure) 2020-10-29T13:19:17.332+0000: [ParNew: 16388K->4K(18432K), 0.0037808 secs] 507962K->491578K(865080K), 0.0038484 secs] [Times: user=0.01 sys=0.00, real=0.01 secs] 
2020-10-29T13:19:17.352+0000: [GC (Allocation Failure) 2020-10-29T13:19:17.352+0000: [ParNew: 16388K->4K(18432K), 0.0036938 secs] 507962K->491578K(865080K), 0.0037639 secs] [Times: user=0.01 sys=0.00, real=0.01 secs] 
2020-10-29T13:19:17.374+0000: [GC (Allocation Failure) 2020-10-29T13:19:17.374+0000: [ParNew: 16388K->4K(18432K), 0.0037661 secs] 507962K->491578K(865080K), 0.0038386 secs] [Times: user=0.01 sys=0.00, real=0.01 secs] 
2020-10-29T13:19:17.393+0000: [GC (Allocation Failure) 2020-10-29T13:19:17.393+0000: [ParNew: 16388K->4K(18432K), 0.0037025 secs] 507962K->491578K(865080K), 0.0037731 secs] [Times: user=0.01 sys=0.00, real=0.01 secs] 
2020-10-29T13:19:17.415+0000: [GC (Allocation Failure) 2020-10-29T13:19:17.415+0000: [ParNew: 16388K->4K(18432K), 0.0036543 secs] 507962K->491578K(865080K), 0.0037224 secs] [Times: user=0.00 sys=0.00, real=0.00 secs] 
2020-10-29T13:19:17.439+0000: [GC (Allocation Failure) 2020-10-29T13:19:17.439+0000: [ParNew: 16388K->4K(18432K), 0.0036700 secs] 507962K->491578K(865080K), 0.0037519 secs] [Times: user=0.00 sys=0.00, real=0.00 secs] 
2020-10-29T13:19:17.459+0000: [GC (Allocation Failure) 2020-10-29T13:19:17.459+0000: [ParNew: 16388K->4K(18432K), 0.0036761 secs] 507962K->491578K(865080K), 0.0037459 secs] [Times: user=0.00 sys=0.00, real=0.00 secs] 
2020-10-29T13:19:17.482+0000: [GC (Allocation Failure) 2020-10-29T13:19:17.482+0000: [ParNew: 16388K->4K(18432K), 0.0037292 secs] 507962K->491578K(865080K), 0.0037995 secs] [Times: user=0.00 sys=0.00, real=0.00 secs] 
2020-10-29T13:19:17.502+0000: [GC (Allocation Failure) 2020-10-29T13:19:17.502+0000: [ParNew: 16388K->4K(18432K), 0.0036033 secs] 507962K->491578K(865080K), 0.0036707 secs] [Times: user=0.01 sys=0.00, real=0.00 secs] 
2020-10-29T13:19:17.515+0000: [GC (Allocation Failure) 2020-10-29T13:19:17.515+0000: [ParNew: 16388K->4K(18432K), 0.0044143 secs] 507962K->499770K(865080K), 0.0044926 secs] [Times: user=0.01 sys=0.00, real=0.00 secs] 
2020-10-29T13:19:17.519+0000: [GC (CMS Initial Mark) [1 CMS-initial-mark: 499766K(846648K)] 499954K(865080K), 0.0016636 secs] [Times: user=0.00 sys=0.00, real=0.00 secs] 
2020-10-29T13:19:17.521+0000: [CMS-concurrent-mark-start]
2020-10-29T13:19:17.545+0000: [GC (Allocation Failure) 2020-10-29T13:19:17.545+0000: [ParNew: 16388K->4K(18432K), 0.0035533 secs] 516154K->499770K(865080K), 0.0036212 secs] [Times: user=0.01 sys=0.00, real=0.01 secs] 
2020-10-29T13:19:17.567+0000: [GC (Allocation Failure) 2020-10-29T13:19:17.567+0000: [ParNew: 16388K->4K(18432K), 0.0035208 secs] 516154K->499770K(865080K), 0.0035883 secs] [Times: user=0.00 sys=0.00, real=0.00 secs] 
2020-10-29T13:19:17.593+0000: [GC (Allocation Failure) 2020-10-29T13:19:17.593+0000: [ParNew: 16388K->4K(18432K), 0.0036336 secs] 516154K->499770K(865080K), 0.0037030 secs] [Times: user=0.00 sys=0.00, real=0.01 secs] 
2020-10-29T13:19:17.618+0000: [GC (Allocation Failure) 2020-10-29T13:19:17.618+0000: [ParNew: 16388K->4K(18432K), 0.0036148 secs] 516154K->499770K(865080K), 0.0036854 secs] [Times: user=0.01 sys=0.00, real=0.00 secs] 
2020-10-29T13:19:17.643+0000: [GC (Allocation Failure) 2020-10-29T13:19:17.643+0000: [ParNew: 16388K->4K(18432K), 0.0036063 secs] 516154K->499770K(865080K), 0.0036799 secs] [Times: user=0.01 sys=0.00, real=0.00 secs] 
2020-10-29T13:19:17.659+0000: [CMS-concurrent-mark: 0.105/0.138 secs] [Times: user=0.25 sys=0.01, real=0.14 secs] 
2020-10-29T13:19:17.659+0000: [CMS-concurrent-preclean-start]
2020-10-29T13:19:17.662+0000: [CMS-concurrent-preclean: 0.003/0.003 secs] [Times: user=0.00 sys=0.00, real=0.00 secs] 
2020-10-29T13:19:17.665+0000: [CMS-concurrent-abortable-preclean-start]
2020-10-29T13:19:17.667+0000: [GC (Allocation Failure) 2020-10-29T13:19:17.667+0000: [ParNew: 16388K->4K(18432K), 0.0033311 secs] 516154K->499770K(865080K), 0.0033817 secs] [Times: user=0.00 sys=0.00, real=0.00 secs] 
2020-10-29T13:19:17.687+0000: [GC (Allocation Failure) 2020-10-29T13:19:17.687+0000: [ParNew: 16388K->4K(18432K), 0.0035924 secs] 516154K->499770K(865080K), 0.0036607 secs] [Times: user=0.00 sys=0.00, real=0.00 secs] 
2020-10-29T13:19:17.711+0000: [GC (Allocation Failure) 2020-10-29T13:19:17.711+0000: [ParNew: 16388K->4K(18432K), 0.0035051 secs] 516154K->499770K(865080K), 0.0035788 secs] [Times: user=0.01 sys=0.00, real=0.00 secs] 
2020-10-29T13:19:17.735+0000: [GC (Allocation Failure) 2020-10-29T13:19:17.735+0000: [ParNew: 16388K->4K(18432K), 0.0033050 secs] 516154K->499770K(865080K), 0.0033682 secs] [Times: user=0.01 sys=0.00, real=0.00 secs] 
2020-10-29T13:19:17.748+0000: [GC (Allocation Failure) 2020-10-29T13:19:17.748+0000: [ParNew: 16388K->4K(18432K), 0.0044261 secs] 516154K->507962K(865080K), 0.0044857 secs] [Times: user=0.01 sys=0.00, real=0.00 secs] 
2020-10-29T13:19:17.771+0000: [GC (Allocation Failure) 2020-10-29T13:19:17.771+0000: [ParNew: 16388K->4K(18432K), 0.0035724 secs] 524346K->507962K(865080K), 0.0036404 secs] [Times: user=0.01 sys=0.00, real=0.00 secs] 
2020-10-29T13:19:17.795+0000: [GC (Allocation Failure) 2020-10-29T13:19:17.795+0000: [ParNew: 16388K->4K(18432K), 0.0034429 secs] 524346K->507962K(865080K), 0.0035092 secs] [Times: user=0.01 sys=0.00, real=0.00 secs] 
2020-10-29T13:19:17.815+0000: [GC (Allocation Failure) 2020-10-29T13:19:17.815+0000: [ParNew: 16388K->4K(18432K), 0.0051424 secs] 524346K->507962K(865080K), 0.0052071 secs] [Times: user=0.01 sys=0.00, real=0.00 secs] 
2020-10-29T13:19:17.837+0000: [GC (Allocation Failure) 2020-10-29T13:19:17.837+0000: [ParNew: 16388K->4K(18432K), 0.0030790 secs] 524346K->507962K(865080K), 0.0031391 secs] [Times: user=0.00 sys=0.00, real=0.00 secs] 
2020-10-29T13:19:17.858+0000: [GC (Allocation Failure) 2020-10-29T13:19:17.858+0000: [ParNew: 16388K->4K(18432K), 0.0036660 secs] 524346K->507962K(865080K), 0.0037385 secs] [Times: user=0.01 sys=0.00, real=0.00 secs] 
2020-10-29T13:19:17.879+0000: [GC (Allocation Failure) 2020-10-29T13:19:17.879+0000: [ParNew: 16388K->4K(18432K), 0.0036692 secs] 524346K->507962K(865080K), 0.0037389 secs] [Times: user=0.01 sys=0.00, real=0.00 secs] 
2020-10-29T13:19:17.903+0000: [GC (Allocation Failure) 2020-10-29T13:19:17.903+0000: [ParNew: 16388K->4K(18432K), 0.0036296 secs] 524346K->507962K(865080K), 0.0037003 secs] [Times: user=0.01 sys=0.00, real=0.00 secs] 
2020-10-29T13:19:17.923+0000: [GC (Allocation Failure) 2020-10-29T13:19:17.923+0000: [ParNew: 16388K->4K(18432K), 0.0035237 secs] 524346K->507962K(865080K), 0.0035913 secs] [Times: user=0.01 sys=0.00, real=0.01 secs] 
2020-10-29T13:19:17.944+0000: [GC (Allocation Failure) 2020-10-29T13:19:17.944+0000: [ParNew: 16388K->4K(18432K), 0.0036843 secs] 524346K->507962K(865080K), 0.0037544 secs] [Times: user=0.00 sys=0.00, real=0.01 secs] 
2020-10-29T13:19:17.965+0000: [GC (Allocation Failure) 2020-10-29T13:19:17.965+0000: [ParNew: 16388K->4K(18432K), 0.0036404 secs] 524346K->507962K(865080K), 0.0037096 secs] [Times: user=0.00 sys=0.00, real=0.01 secs] 
2020-10-29T13:19:17.987+0000: [GC (Allocation Failure) 2020-10-29T13:19:17.987+0000: [ParNew: 16388K->4K(18432K), 0.0037255 secs] 524346K->507962K(865080K), 0.0037958 secs] [Times: user=0.01 sys=0.00, real=0.00 secs] 
2020-10-29T13:19:18.003+0000: [GC (Allocation Failure) 2020-10-29T13:19:18.003+0000: [ParNew: 16388K->4K(18432K), 0.0052939 secs] 524346K->516154K(865080K), 0.0053676 secs] [Times: user=0.01 sys=0.00, real=0.01 secs] 
2020-10-29T13:19:18.026+0000: [GC (Allocation Failure) 2020-10-29T13:19:18.026+0000: [ParNew: 16388K->4K(18432K), 0.0038585 secs] 532538K->516154K(865080K), 0.0039341 secs] [Times: user=0.01 sys=0.00, real=0.01 secs] 
2020-10-29T13:19:18.049+0000: [GC (Allocation Failure) 2020-10-29T13:19:18.049+0000: [ParNew: 16388K->4K(18432K), 0.0037385 secs] 532538K->516154K(865080K), 0.0038094 secs] [Times: user=0.01 sys=0.00, real=0.00 secs] 
2020-10-29T13:19:18.070+0000: [GC (Allocation Failure) 2020-10-29T13:19:18.070+0000: [ParNew: 16388K->4K(18432K), 0.0036197 secs] 532538K->516154K(865080K), 0.0036891 secs] [Times: user=0.00 sys=0.00, real=0.00 secs] 
2020-10-29T13:19:18.095+0000: [GC (Allocation Failure) 2020-10-29T13:19:18.095+0000: [ParNew: 16388K->4K(18432K), 0.0036502 secs] 532538K->516154K(865080K), 0.0037202 secs] [Times: user=0.01 sys=0.00, real=0.00 secs] 
2020-10-29T13:19:18.115+0000: [GC (Allocation Failure) 2020-10-29T13:19:18.116+0000: [ParNew: 16388K->4K(18432K), 0.0036866 secs] 532538K->516154K(865080K), 0.0037550 secs] [Times: user=0.01 sys=0.00, real=0.00 secs] 
2020-10-29T13:19:18.136+0000: [GC (Allocation Failure) 2020-10-29T13:19:18.136+0000: [ParNew: 16388K->4K(18432K), 0.0037591 secs] 532538K->516154K(865080K), 0.0038373 secs] [Times: user=0.01 sys=0.00, real=0.00 secs] 
2020-10-29T13:19:18.157+0000: [GC (Allocation Failure) 2020-10-29T13:19:18.157+0000: [ParNew: 16388K->4K(18432K), 0.0038406 secs] 532538K->516154K(865080K), 0.0039195 secs] [Times: user=0.01 sys=0.00, real=0.00 secs] 
2020-10-29T13:19:18.178+0000: [GC (Allocation Failure) 2020-10-29T13:19:18.178+0000: [ParNew: 16388K->4K(18432K), 0.0035056 secs] 532538K->516154K(865080K), 0.0035736 secs] [Times: user=0.01 sys=0.00, real=0.00 secs] 
2020-10-29T13:19:18.199+0000: [GC (Allocation Failure) 2020-10-29T13:19:18.199+0000: [ParNew: 16388K->4K(18432K), 0.0035777 secs] 532538K->516154K(865080K), 0.0036448 secs] [Times: user=0.01 sys=0.00, real=0.00 secs] 
2020-10-29T13:19:18.219+0000: [GC (Allocation Failure) 2020-10-29T13:19:18.219+0000: [ParNew: 16388K->4K(18432K), 0.0034943 secs] 532538K->516154K(865080K), 0.0035626 secs] [Times: user=0.01 sys=0.00, real=0.00 secs] 
2020-10-29T13:19:18.243+0000: [GC (Allocation Failure) 2020-10-29T13:19:18.243+0000: [ParNew: 16388K->4K(18432K), 0.0034951 secs] 532538K->516154K(865080K), 0.0035612 secs] [Times: user=0.01 sys=0.00, real=0.00 secs] 
2020-10-29T13:19:18.256+0000: [GC (Allocation Failure) 2020-10-29T13:19:18.256+0000: [ParNew: 16388K->4K(18432K), 0.0052739 secs] 532538K->524346K(865080K), 0.0053534 secs] [Times: user=0.02 sys=0.00, real=0.00 secs] 
2020-10-29T13:19:18.283+0000: [GC (Allocation Failure) 2020-10-29T13:19:18.283+0000: [ParNew: 16388K->4K(18432K), 0.0037067 secs] 540730K->524346K(865080K), 0.0038014 secs] [Times: user=0.01 sys=0.00, real=0.01 secs] 
2020-10-29T13:19:18.304+0000: [GC (Allocation Failure) 2020-10-29T13:19:18.304+0000: [ParNew: 16388K->4K(18432K), 0.0037293 secs] 540730K->524346K(865080K), 0.0038016 secs] [Times: user=0.00 sys=0.00, real=0.01 secs] 
2020-10-29T13:19:18.325+0000: [GC (Allocation Failure) 2020-10-29T13:19:18.325+0000: [ParNew: 16388K->4K(18432K), 0.0036059 secs] 540730K->524346K(865080K), 0.0036767 secs] [Times: user=0.00 sys=0.00, real=0.01 secs] 
2020-10-29T13:19:18.346+0000: [GC (Allocation Failure) 2020-10-29T13:19:18.346+0000: [ParNew: 16388K->4K(18432K), 0.0039416 secs] 540730K->524346K(865080K), 0.0040116 secs] [Times: user=0.00 sys=0.00, real=0.01 secs] 
2020-10-29T13:19:18.371+0000: [GC (Allocation Failure) 2020-10-29T13:19:18.371+0000: [ParNew: 16388K->4K(18432K), 0.0035733 secs] 540730K->524346K(865080K), 0.0036416 secs] [Times: user=0.00 sys=0.00, real=0.00 secs] 
2020-10-29T13:19:18.391+0000: [GC (Allocation Failure) 2020-10-29T13:19:18.391+0000: [ParNew: 16388K->4K(18432K), 0.0031342 secs] 540730K->524346K(865080K), 0.0031921 secs] [Times: user=0.00 sys=0.00, real=0.00 secs] 
2020-10-29T13:19:18.415+0000: [GC (Allocation Failure) 2020-10-29T13:19:18.415+0000: [ParNew: 16388K->4K(18432K), 0.0035487 secs] 540730K->524346K(865080K), 0.0036178 secs] [Times: user=0.00 sys=0.00, real=0.00 secs] 
2020-10-29T13:19:18.435+0000: [GC (Allocation Failure) 2020-10-29T13:19:18.435+0000: [ParNew: 16388K->4K(18432K), 0.0035657 secs] 540730K->524346K(865080K), 0.0036346 secs] [Times: user=0.00 sys=0.00, real=0.00 secs] 
2020-10-29T13:19:18.455+0000: [GC (Allocation Failure) 2020-10-29T13:19:18.455+0000: [ParNew: 16388K->4K(18432K), 0.0029098 secs] 540730K->524346K(865080K), 0.0029674 secs] [Times: user=0.00 sys=0.00, real=0.00 secs] 
2020-10-29T13:19:18.479+0000: [GC (Allocation Failure) 2020-10-29T13:19:18.479+0000: [ParNew: 16388K->4K(18432K), 0.0030162 secs] 540730K->524346K(865080K), 0.0030755 secs] [Times: user=0.00 sys=0.00, real=0.00 secs] 
2020-10-29T13:19:18.502+0000: [GC (Allocation Failure) 2020-10-29T13:19:18.502+0000: [ParNew: 16388K->4K(18432K), 0.0029175 secs] 540730K->524346K(865080K), 0.0029742 secs] [Times: user=0.00 sys=0.00, real=0.00 secs] 
2020-10-29T13:19:18.515+0000: [GC (Allocation Failure) 2020-10-29T13:19:18.515+0000: [ParNew: 16388K->4K(18432K), 0.0055250 secs] 540730K->532538K(865080K), 0.0056013 secs] [Times: user=0.01 sys=0.00, real=0.00 secs] 
2020-10-29T13:19:18.538+0000: [GC (Allocation Failure) 2020-10-29T13:19:18.538+0000: [ParNew: 16388K->4K(18432K), 0.0037324 secs] 548922K->532538K(865080K), 0.0038065 secs] [Times: user=0.01 sys=0.00, real=0.00 secs] 
2020-10-29T13:19:18.559+0000: [GC (Allocation Failure) 2020-10-29T13:19:18.559+0000: [ParNew: 16388K->4K(18432K), 0.0037371 secs] 548922K->532538K(865080K), 0.0038086 secs] [Times: user=0.01 sys=0.00, real=0.00 secs] 
2020-10-29T13:19:18.580+0000: [GC (Allocation Failure) 2020-10-29T13:19:18.580+0000: [ParNew: 16388K->4K(18432K), 0.0037162 secs] 548922K->532538K(865080K), 0.0037857 secs] [Times: user=0.01 sys=0.00, real=0.00 secs] 
2020-10-29T13:19:18.600+0000: [GC (Allocation Failure) 2020-10-29T13:19:18.600+0000: [ParNew: 16388K->4K(18432K), 0.0037307 secs] 548922K->532538K(865080K), 0.0038046 secs] [Times: user=0.00 sys=0.00, real=0.00 secs] 
2020-10-29T13:19:18.621+0000: [GC (Allocation Failure) 2020-10-29T13:19:18.621+0000: [ParNew: 16388K->4K(18432K), 0.0036892 secs] 548922K->532538K(865080K), 0.0037610 secs] [Times: user=0.00 sys=0.00, real=0.00 secs] 
2020-10-29T13:19:18.643+0000: [GC (Allocation Failure) 2020-10-29T13:19:18.643+0000: [ParNew: 16388K->4K(18432K), 0.0037829 secs] 548922K->532538K(865080K), 0.0038569 secs] [Times: user=0.00 sys=0.00, real=0.01 secs] 
2020-10-29T13:19:18.665+0000: [GC (Allocation Failure) 2020-10-29T13:19:18.665+0000: [ParNew: 16388K->4K(18432K), 0.0064323 secs] 548922K->532538K(865080K), 0.0065173 secs] [Times: user=0.01 sys=0.00, real=0.01 secs] 
2020-10-29T13:19:18.691+0000: [GC (Allocation Failure) 2020-10-29T13:19:18.691+0000: [ParNew: 16388K->4K(18432K), 0.0036625 secs] 548922K->532538K(865080K), 0.0037338 secs] [Times: user=0.01 sys=0.00, real=0.00 secs] 
2020-10-29T13:19:18.713+0000: [GC (Allocation Failure) 2020-10-29T13:19:18.713+0000: [ParNew: 16388K->4K(18432K), 0.0037068 secs] 548922K->532538K(865080K), 0.0037798 secs] [Times: user=0.01 sys=0.00, real=0.01 secs] 
2020-10-29T13:19:18.734+0000: [GC (Allocation Failure) 2020-10-29T13:19:18.734+0000: [ParNew: 16388K->4K(18432K), 0.0036659 secs] 548922K->532538K(865080K), 0.0037404 secs] [Times: user=0.00 sys=0.00, real=0.01 secs] 
2020-10-29T13:19:18.751+0000: [GC (Allocation Failure) 2020-10-29T13:19:18.751+0000: [ParNew: 16379K->4K(18432K), 0.0045236 secs] 548914K->540730K(865080K), 0.0045912 secs] [Times: user=0.00 sys=0.00, real=0.01 secs] 
2020-10-29T13:19:18.772+0000: [GC (Allocation Failure) 2020-10-29T13:19:18.772+0000: [ParNew: 16388K->4K(18432K), 0.0037516 secs] 557114K->540730K(865080K), 0.0038248 secs] [Times: user=0.00 sys=0.00, real=0.01 secs] 
2020-10-29T13:19:18.795+0000: [GC (Allocation Failure) 2020-10-29T13:19:18.795+0000: [ParNew: 16388K->4K(18432K), 0.0036753 secs] 557114K->540730K(865080K), 0.0037444 secs] [Times: user=0.01 sys=0.00, real=0.00 secs] 
2020-10-29T13:19:18.819+0000: [GC (Allocation Failure) 2020-10-29T13:19:18.819+0000: [ParNew: 16388K->4K(18432K), 0.0036599 secs] 557114K->540730K(865080K), 0.0037311 secs] [Times: user=0.01 sys=0.00, real=0.00 secs] 
2020-10-29T13:19:18.842+0000: [GC (Allocation Failure) 2020-10-29T13:19:18.843+0000: [ParNew: 16388K->4K(18432K), 0.0035657 secs] 557114K->540730K(865080K), 0.0036351 secs] [Times: user=0.01 sys=0.00, real=0.00 secs] 
2020-10-29T13:19:18.864+0000: [GC (Allocation Failure) 2020-10-29T13:19:18.864+0000: [ParNew: 16388K->4K(18432K), 0.0034147 secs] 557114K->540730K(865080K), 0.0034802 secs] [Times: user=0.01 sys=0.00, real=0.01 secs] 
2020-10-29T13:19:18.891+0000: [GC (Allocation Failure) 2020-10-29T13:19:18.891+0000: [ParNew: 16388K->4K(18432K), 0.0035033 secs] 557114K->540730K(865080K), 0.0035693 secs] [Times: user=0.01 sys=0.00, real=0.00 secs] 
2020-10-29T13:19:18.927+0000: [GC (Allocation Failure) 2020-10-29T13:19:18.927+0000: [ParNew: 16388K->4K(18432K), 0.0037088 secs] 557114K->540730K(865080K), 0.0037818 secs] [Times: user=0.01 sys=0.00, real=0.00 secs] 
2020-10-29T13:19:18.963+0000: [GC (Allocation Failure) 2020-10-29T13:19:18.963+0000: [ParNew: 16388K->4K(18432K), 0.0036809 secs] 557114K->540730K(865080K), 0.0037549 secs] [Times: user=0.00 sys=0.00, real=0.00 secs] 
2020-10-29T13:19:18.987+0000: [GC (Allocation Failure) 2020-10-29T13:19:18.987+0000: [ParNew: 8328K->4K(18432K), 0.0030406 secs] 549054K->540730K(865080K), 0.0030999 secs] [Times: user=0.01 sys=0.00, real=0.00 secs] 
2020-10-29T13:19:19.007+0000: [GC (Allocation Failure) 2020-10-29T13:19:19.007+0000: [ParNew: 16388K->4K(18432K), 0.0048460 secs] 557114K->548922K(865080K), 0.0049071 secs] [Times: user=0.01 sys=0.00, real=0.00 secs] 
2020-10-29T13:19:19.012+0000: [CMS-concurrent-abortable-preclean: 0.117/1.347 secs] [Times: user=2.45 sys=0.06, real=1.35 secs] 
2020-10-29T13:19:19.015+0000: [GC (CMS Final Remark) [YG occupancy: 329 K (18432 K)]2020-10-29T13:19:19.015+0000: [Rescan (parallel) , 0.0020453 secs]2020-10-29T13:19:19.017+0000: [weak refs processing, 0.0000329 secs]2020-10-29T13:19:19.017+0000: [class unloading, 0.0111650 secs]2020-10-29T13:19:19.028+0000: [scrub symbol table, 0.0109985 secs]2020-10-29T13:19:19.039+0000: [scrub string table, 0.0007494 secs][1 CMS-remark: 548918K(846648K)] 549248K(865080K), 0.0251229 secs] [Times: user=0.02 sys=0.00, real=0.02 secs] 
2020-10-29T13:19:19.040+0000: [CMS-concurrent-sweep-start]
2020-10-29T13:19:19.064+0000: [CMS-concurrent-sweep: 0.024/0.024 secs] [Times: user=0.05 sys=0.00, real=0.02 secs] 
2020-10-29T13:19:19.064+0000: [CMS-concurrent-reset-start]
2020-10-29T13:19:19.066+0000: [CMS-concurrent-reset: 0.002/0.002 secs] [Times: user=0.00 sys=0.00, real=0.00 secs] 
2020-10-29T13:19:19.088+0000: [GC (Allocation Failure) 2020-10-29T13:19:19.088+0000: [ParNew: 16388K->6K(18432K), 0.0038104 secs] 532399K->516017K(878452K), 0.0038889 secs] [Times: user=0.01 sys=0.00, real=0.00 secs] 
2020-10-29T13:19:19.123+0000: [GC (Allocation Failure) 2020-10-29T13:19:19.123+0000: [ParNew: 16390K->4K(18432K), 0.0037240 secs] 532401K->516017K(878452K), 0.0037932 secs] [Times: user=0.01 sys=0.01, real=0.01 secs] 
2020-10-29T13:19:19.156+0000: [GC (Allocation Failure) 2020-10-29T13:19:19.156+0000: [ParNew: 16388K->4K(18432K), 0.0037396 secs] 532401K->516017K(878452K), 0.0038109 secs] [Times: user=0.00 sys=0.00, real=0.00 secs] 
2020-10-29T13:19:19.192+0000: [GC (Allocation Failure) 2020-10-29T13:19:19.192+0000: [ParNew: 16388K->4K(18432K), 0.0036957 secs] 532401K->516017K(878452K), 0.0037641 secs] [Times: user=0.01 sys=0.00, real=0.01 secs] 
2020-10-29T13:19:19.551+0000: [GC (Allocation Failure) 2020-10-29T13:19:19.551+0000: [ParNew: 16388K->4K(18432K), 0.0037485 secs] 532401K->516017K(878452K), 0.0038232 secs] [Times: user=0.00 sys=0.00, real=0.00 secs] 
2020-10-29T13:19:19.871+0000: [GC (Allocation Failure) 2020-10-29T13:19:19.871+0000: [ParNew: 16388K->4K(18432K), 0.0037775 secs] 532401K->516017K(878452K), 0.0038763 secs] [Times: user=0.01 sys=0.00, real=0.01 secs] 
2020-10-29T13:19:19.999+0000: [GC (Allocation Failure) 2020-10-29T13:19:19.999+0000: [ParNew: 16388K->4K(18432K), 0.0038020 secs] 532401K->516017K(878452K), 0.0038982 secs] [Times: user=0.01 sys=0.00, real=0.00 secs] 
2020-10-29T13:19:20.101+0000: [GC (Allocation Failure) 2020-10-29T13:19:20.101+0000: [ParNew: 16388K->4K(18432K), 0.0037914 secs] 532401K->516017K(878452K), 0.0038650 secs] [Times: user=0.00 sys=0.00, real=0.00 secs] 
2020-10-29T13:19:20.182+0000: [GC (Allocation Failure) 2020-10-29T13:19:20.182+0000: [ParNew: 16388K->4K(18432K), 0.0037886 secs] 532401K->516017K(878452K), 0.0038610 secs] [Times: user=0.01 sys=0.00, real=0.00 secs] 
2020-10-29T13:19:20.290+0000: [GC (Allocation Failure) 2020-10-29T13:19:20.290+0000: [ParNew: 16388K->10K(18432K), 0.0038252 secs] 532401K->516023K(878452K), 0.0038877 secs] [Times: user=0.01 sys=0.00, real=0.00 secs] 
2020-10-29T13:19:20.359+0000: [GC (Allocation Failure) 2020-10-29T13:19:20.359+0000: [ParNew: 16394K->12K(18432K), 0.0037922 secs] 532407K->516026K(878452K), 0.0038676 secs] [Times: user=0.01 sys=0.00, real=0.00 secs] 
2020-10-29T13:19:20.821+0000: [GC (Allocation Failure) 2020-10-29T13:19:20.821+0000: [ParNew: 16396K->581K(18432K), 0.0043082 secs] 532410K->516595K(878452K), 0.0043719 secs] [Times: user=0.01 sys=0.00, real=0.00 secs] 
2020-10-29T13:19:20.945+0000: [GC (Allocation Failure) 2020-10-29T13:19:20.946+0000: [ParNew: 16965K->2048K(18432K), 0.0254368 secs] 549363K->535197K(878452K), 0.0255249 secs] [Times: user=0.04 sys=0.00, real=0.03 secs] 
2020-10-29T13:19:21.000+0000: [GC (Allocation Failure) 2020-10-29T13:19:21.000+0000: [ParNew: 18432K->956K(18432K), 0.0075741 secs] 551581K->536098K(878452K), 0.0076367 secs] [Times: user=0.01 sys=0.00, real=0.01 secs] 
2020-10-29T13:19:21.024+0000: [GC (Allocation Failure) 2020-10-29T13:19:21.025+0000: [ParNew: 17340K->1330K(18432K), 0.0037895 secs] 552482K->536473K(878452K), 0.0038531 secs] [Times: user=0.01 sys=0.00, real=0.01 secs] 
2020-10-29T13:19:21.047+0000: [GC (Allocation Failure) 2020-10-29T13:19:21.047+0000: [ParNew: 17714K->79K(18432K), 0.0040399 secs] 552857K->535747K(878452K), 0.0041267 secs] [Times: user=0.01 sys=0.00, real=0.00 secs] 
2020-10-29T13:19:21.067+0000: [GC (Allocation Failure) 2020-10-29T13:19:21.067+0000: [ParNew: 16463K->159K(18432K), 0.0038305 secs] 552131K->535828K(878452K), 0.0039059 secs] [Times: user=0.01 sys=0.00, real=0.00 secs] 
2020-10-29T13:19:21.086+0000: [GC (Allocation Failure) 2020-10-29T13:19:21.086+0000: [ParNew: 16543K->532K(18432K), 0.0041162 secs] 552212K->536200K(878452K), 0.0041881 secs] [Times: user=0.01 sys=0.00, real=0.01 secs] 
2020-10-29T13:19:21.105+0000: [GC (Allocation Failure) 2020-10-29T13:19:21.105+0000: [ParNew: 16916K->1300K(18432K), 0.0040170 secs] 552584K->536969K(878452K), 0.0040844 secs] [Times: user=0.00 sys=0.00, real=0.01 secs] 
2020-10-29T13:19:21.127+0000: [GC (Allocation Failure) 2020-10-29T13:19:21.127+0000: [ParNew: 17684K->520K(18432K), 0.0040498 secs] 553353K->537227K(878452K), 0.0041218 secs] [Times: user=0.01 sys=0.00, real=0.00 secs] 
2020-10-29T13:19:21.147+0000: [GC (Allocation Failure) 2020-10-29T13:19:21.147+0000: [ParNew: 16904K->1028K(18432K), 0.0039284 secs] 553611K->537735K(878452K), 0.0040009 secs] [Times: user=0.00 sys=0.01, real=0.00 secs] 
2020-10-29T13:19:21.167+0000: [GC (Allocation Failure) 2020-10-29T13:19:21.167+0000: [ParNew: 17412K->4K(18432K), 0.0039341 secs] 554119K->537223K(878452K), 0.0040069 secs] [Times: user=0.01 sys=0.00, real=0.00 secs] 
2020-10-29T13:19:21.187+0000: [GC (Allocation Failure) 2020-10-29T13:19:21.187+0000: [ParNew: 16388K->4K(18432K), 0.0037149 secs] 553607K->537223K(878452K), 0.0037852 secs] [Times: user=0.00 sys=0.00, real=0.00 secs] 
2020-10-29T13:19:21.205+0000: [GC (Allocation Failure) 2020-10-29T13:19:21.205+0000: [ParNew: 16388K->1028K(18432K), 0.0039667 secs] 553607K->539271K(878452K), 0.0040289 secs] [Times: user=0.01 sys=0.00, real=0.01 secs] 
2020-10-29T13:19:21.225+0000: [GC (Allocation Failure) 2020-10-29T13:19:21.225+0000: [ParNew: 17412K->4K(18432K), 0.0037820 secs] 555655K->538247K(878452K), 0.0038520 secs] [Times: user=0.00 sys=0.00, real=0.01 secs] 
2020-10-29T13:19:21.246+0000: [GC (Allocation Failure) 2020-10-29T13:19:21.246+0000: [ParNew: 16388K->4K(18432K), 0.0038331 secs] 554631K->538247K(878452K), 0.0039047 secs] [Times: user=0.00 sys=0.00, real=0.01 secs] 
2020-10-29T13:19:21.267+0000: [GC (Allocation Failure) 2020-10-29T13:19:21.267+0000: [ParNew: 16388K->4K(18432K), 0.0042794 secs] 554631K->540295K(878452K), 0.0043569 secs] [Times: user=0.01 sys=0.00, real=0.00 secs] 
2020-10-29T13:19:21.287+0000: [GC (Allocation Failure) 2020-10-29T13:19:21.287+0000: [ParNew: 16388K->4K(18432K), 0.0038042 secs] 556679K->540295K(878452K), 0.0039029 secs] [Times: user=0.01 sys=0.00, real=0.00 secs] 
2020-10-29T13:19:21.306+0000: [GC (Allocation Failure) 2020-10-29T13:19:21.306+0000: [ParNew: 16388K->4K(18432K), 0.0038256 secs] 556679K->540295K(878452K), 0.0038978 secs] [Times: user=0.01 sys=0.00, real=0.01 secs] 
2020-10-29T13:19:21.327+0000: [GC (Allocation Failure) 2020-10-29T13:19:21.327+0000: [ParNew: 16388K->4K(18432K), 0.0038175 secs] 556679K->540295K(878452K), 0.0038927 secs] [Times: user=0.00 sys=0.00, real=0.00 secs] 
2020-10-29T13:19:21.347+0000: [GC (Allocation Failure) 2020-10-29T13:19:21.347+0000: [ParNew: 16388K->4K(18432K), 0.0037300 secs] 556679K->540295K(878452K), 0.0038308 secs] [Times: user=0.01 sys=0.00, real=0.00 secs] 
2020-10-29T13:19:21.371+0000: [GC (Allocation Failure) 2020-10-29T13:19:21.371+0000: [ParNew: 16388K->4K(18432K), 0.0060080 secs] 556679K->542343K(878452K), 0.0060863 secs] [Times: user=0.01 sys=0.00, real=0.01 secs] 
2020-10-29T13:19:21.392+0000: [GC (Allocation Failure) 2020-10-29T13:19:21.392+0000: [ParNew: 16388K->4K(18432K), 0.0039066 secs] 558727K->542343K(878452K), 0.0039823 secs] [Times: user=0.01 sys=0.00, real=0.01 secs] 
2020-10-29T13:19:21.419+0000: [GC (Allocation Failure) 2020-10-29T13:19:21.419+0000: [ParNew: 16388K->4K(18432K), 0.0038294 secs] 558727K->542343K(878452K), 0.0039039 secs] [Times: user=0.01 sys=0.00, real=0.00 secs] 
2020-10-29T13:19:21.442+0000: [GC (Allocation Failure) 2020-10-29T13:19:21.442+0000: [ParNew: 16388K->6K(18432K), 0.0038708 secs] 558727K->542345K(878452K), 0.0039440 secs] [Times: user=0.01 sys=0.00, real=0.00 secs] 
2020-10-29T13:19:21.462+0000: [GC (Allocation Failure) 2020-10-29T13:19:21.462+0000: [ParNew: 16390K->4K(18432K), 0.0035964 secs] 558729K->542343K(878452K), 0.0036603 secs] [Times: user=0.00 sys=0.00, real=0.00 secs] 
2020-10-29T13:19:21.481+0000: [GC (Allocation Failure) 2020-10-29T13:19:21.481+0000: [ParNew: 16388K->4K(18432K), 0.0036406 secs] 558727K->542343K(878452K), 0.0037082 secs] [Times: user=0.01 sys=0.00, real=0.00 secs] 
2020-10-29T13:19:21.503+0000: [GC (Allocation Failure) 2020-10-29T13:19:21.503+0000: [ParNew: 16388K->4K(18432K), 0.0036342 secs] 558727K->542343K(878452K), 0.0037171 secs] [Times: user=0.01 sys=0.00, real=0.00 secs] 
2020-10-29T13:19:21.522+0000: [GC (Allocation Failure) 2020-10-29T13:19:21.522+0000: [ParNew: 16388K->4K(18432K), 0.0035595 secs] 558727K->542343K(878452K), 0.0036273 secs] [Times: user=0.00 sys=0.00, real=0.00 secs] 
2020-10-29T13:19:21.543+0000: [GC (Allocation Failure) 2020-10-29T13:19:21.543+0000: [ParNew: 16388K->4K(18432K), 0.0035369 secs] 558727K->542343K(878452K), 0.0036010 secs] [Times: user=0.01 sys=0.00, real=0.00 secs] 
2020-10-29T13:19:21.562+0000: [GC (Allocation Failure) 2020-10-29T13:19:21.562+0000: [ParNew: 16388K->4K(18432K), 0.0033888 secs] 558727K->542343K(878452K), 0.0034518 secs] [Times: user=0.01 sys=0.00, real=0.00 secs] 
2020-10-29T13:19:21.583+0000: [GC (Allocation Failure) 2020-10-29T13:19:21.583+0000: [ParNew: 16388K->4K(18432K), 0.0034577 secs] 558727K->542343K(878452K), 0.0035188 secs] [Times: user=0.00 sys=0.00, real=0.00 secs] 
2020-10-29T13:19:21.602+0000: [GC (Allocation Failure) 2020-10-29T13:19:21.602+0000: [ParNew: 16388K->4K(18432K), 0.0037258 secs] 558727K->542343K(878452K), 0.0037978 secs] [Times: user=0.01 sys=0.00, real=0.00 secs] 
2020-10-29T13:19:21.624+0000: [GC (Allocation Failure) 2020-10-29T13:19:21.624+0000: [ParNew: 16388K->4K(18432K), 0.0048079 secs] 558727K->546439K(878452K), 0.0048888 secs] [Times: user=0.01 sys=0.00, real=0.01 secs] 
2020-10-29T13:19:21.647+0000: [GC (Allocation Failure) 2020-10-29T13:19:21.647+0000: [ParNew: 16388K->4K(18432K), 0.0038329 secs] 562823K->546439K(878452K), 0.0039095 secs] [Times: user=0.01 sys=0.00, real=0.00 secs] 
2020-10-29T13:19:21.667+0000: [GC (Allocation Failure) 2020-10-29T13:19:21.667+0000: [ParNew: 16388K->4K(18432K), 0.0037525 secs] 562823K->546439K(878452K), 0.0038274 secs] [Times: user=0.00 sys=0.00, real=0.00 secs] 
2020-10-29T13:19:21.682+0000: [GC (Allocation Failure) 2020-10-29T13:19:21.682+0000: [ParNew: 12534K->4K(18432K), 0.0035176 secs] 558970K->546439K(878452K), 0.0035723 secs] [Times: user=0.00 sys=0.00, real=0.00 secs] 
2020-10-29T13:19:21.698+0000: [GC (Allocation Failure) 2020-10-29T13:19:21.698+0000: [ParNew: 16388K->4K(18432K), 0.0045963 secs] 562823K->550536K(878452K), 0.0046660 secs] [Times: user=0.01 sys=0.00, real=0.00 secs] 
2020-10-29T13:19:21.703+0000: [GC (CMS Initial Mark) [1 CMS-initial-mark: 550531K(860020K)] 550694K(878452K), 0.0018836 secs] [Times: user=0.00 sys=0.00, real=0.00 secs] 
2020-10-29T13:19:21.705+0000: [CMS-concurrent-mark-start]
2020-10-29T13:19:21.728+0000: [GC (Allocation Failure) 2020-10-29T13:19:21.728+0000: [ParNew: 16388K->4K(18432K), 0.0036316 secs] 566920K->550536K(878452K), 0.0037033 secs] [Times: user=0.01 sys=0.00, real=0.00 secs] 
2020-10-29T13:19:21.751+0000: [GC (Allocation Failure) 2020-10-29T13:19:21.751+0000: [ParNew: 16388K->4K(18432K), 0.0036233 secs] 566920K->550536K(878452K), 0.0037068 secs] [Times: user=0.01 sys=0.00, real=0.00 secs] 
2020-10-29T13:19:21.774+0000: [GC (Allocation Failure) 2020-10-29T13:19:21.774+0000: [ParNew: 16388K->4K(18432K), 0.0035045 secs] 566920K->550536K(878452K), 0.0035674 secs] [Times: user=0.01 sys=0.00, real=0.01 secs] 
2020-10-29T13:19:21.799+0000: [GC (Allocation Failure) 2020-10-29T13:19:21.799+0000: [ParNew: 16388K->4K(18432K), 0.0037597 secs] 566920K->550536K(878452K), 0.0038305 secs] [Times: user=0.01 sys=0.00, real=0.00 secs] 
2020-10-29T13:19:21.826+0000: [CMS-concurrent-mark: 0.101/0.121 secs] [Times: user=0.22 sys=0.01, real=0.12 secs] 
2020-10-29T13:19:21.827+0000: [GC (Allocation Failure) 2020-10-29T13:19:21.827+0000: [ParNew: 16388K->4K(18432K), 0.0038384 secs] 566920K->550536K(878452K), 0.0038931 secs] [Times: user=0.00 sys=0.00, real=0.00 secs] 
2020-10-29T13:19:21.836+0000: [CMS-concurrent-preclean-start]
2020-10-29T13:19:21.839+0000: [CMS-concurrent-preclean: 0.004/0.004 secs] [Times: user=0.01 sys=0.00, real=0.00 secs] 
2020-10-29T13:19:21.839+0000: [CMS-concurrent-abortable-preclean-start]
2020-10-29T13:19:21.851+0000: [GC (Allocation Failure) 2020-10-29T13:19:21.851+0000: [ParNew: 16388K->4K(18432K), 0.0031686 secs] 566920K->550536K(878452K), 0.0032340 secs] [Times: user=0.01 sys=0.00, real=0.00 secs] 
2020-10-29T13:19:21.870+0000: [GC (Allocation Failure) 2020-10-29T13:19:21.870+0000: [ParNew: 16388K->4K(18432K), 0.0030063 secs] 566920K->550536K(878452K), 0.0030657 secs] [Times: user=0.01 sys=0.00, real=0.00 secs] 
2020-10-29T13:19:21.893+0000: [GC (Allocation Failure) 2020-10-29T13:19:21.894+0000: [ParNew: 16388K->4K(18432K), 0.0036756 secs] 566920K->550536K(878452K), 0.0037463 secs] [Times: user=0.01 sys=0.00, real=0.01 secs] 
2020-10-29T13:19:21.914+0000: [GC (Allocation Failure) 2020-10-29T13:19:21.914+0000: [ParNew: 16388K->4K(18432K), 0.0037893 secs] 566920K->550536K(878452K), 0.0038628 secs] [Times: user=0.01 sys=0.00, real=0.01 secs] 
2020-10-29T13:19:21.934+0000: [GC (Allocation Failure) 2020-10-29T13:19:21.934+0000: [ParNew: 16388K->4K(18432K), 0.0038212 secs] 566920K->550536K(878452K), 0.0038946 secs] [Times: user=0.01 sys=0.00, real=0.01 secs] 
2020-10-29T13:19:21.955+0000: [GC (Allocation Failure) 2020-10-29T13:19:21.955+0000: [ParNew: 16388K->4K(18432K), 0.0038922 secs] 566920K->550536K(878452K), 0.0039700 secs] [Times: user=0.01 sys=0.00, real=0.00 secs] 
2020-10-29T13:19:21.979+0000: [GC (Allocation Failure) 2020-10-29T13:19:21.979+0000: [ParNew: 16388K->4K(18432K), 0.0038831 secs] 566920K->550536K(878452K), 0.0039579 secs] [Times: user=0.01 sys=0.00, real=0.00 secs] 
2020-10-29T13:19:21.999+0000: [GC (Allocation Failure) 2020-10-29T13:19:21.999+0000: [ParNew: 16388K->4K(18432K), 0.0036503 secs] 566920K->550536K(878452K), 0.0037225 secs] [Times: user=0.01 sys=0.00, real=0.00 secs] 
2020-10-29T13:19:22.023+0000: [GC (Allocation Failure) 2020-10-29T13:19:22.023+0000: [ParNew: 16388K->4K(18432K), 0.0036053 secs] 566920K->550536K(878452K), 0.0036764 secs] [Times: user=0.00 sys=0.00, real=0.00 secs] 
2020-10-29T13:19:22.043+0000: [GC (Allocation Failure) 2020-10-29T13:19:22.043+0000: [ParNew: 16388K->4K(18432K), 0.0035879 secs] 566920K->550536K(878452K), 0.0036591 secs] [Times: user=0.01 sys=0.00, real=0.01 secs] 
2020-10-29T13:19:22.067+0000: [GC (Allocation Failure) 2020-10-29T13:19:22.067+0000: [ParNew: 16388K->4K(18432K), 0.0037584 secs] 566920K->550536K(878452K), 0.0038344 secs] [Times: user=0.00 sys=0.01, real=0.00 secs] 
2020-10-29T13:19:22.091+0000: [GC (Allocation Failure) 2020-10-29T13:19:22.091+0000: [ParNew: 16388K->4K(18432K), 0.0033660 secs] 566920K->550536K(878452K), 0.0034338 secs] [Times: user=0.01 sys=0.00, real=0.00 secs] 
2020-10-29T13:19:22.111+0000: [GC (Allocation Failure) 2020-10-29T13:19:22.111+0000: [ParNew: 16388K->4K(18432K), 0.0032828 secs] 566920K->550536K(878452K), 0.0033465 secs] [Times: user=0.01 sys=0.00, real=0.00 secs] 
2020-10-29T13:19:22.130+0000: [GC (Allocation Failure) 2020-10-29T13:19:22.130+0000: [ParNew: 16388K->4K(18432K), 0.0034977 secs] 566920K->550536K(878452K), 0.0035661 secs] [Times: user=0.01 sys=0.00, real=0.00 secs] 
2020-10-29T13:19:22.151+0000: [GC (Allocation Failure) 2020-10-29T13:19:22.151+0000: [ParNew: 16388K->4K(18432K), 0.0037679 secs] 566920K->550536K(878452K), 0.0038429 secs] [Times: user=0.01 sys=0.00, real=0.01 secs] 
2020-10-29T13:19:22.171+0000: [GC (Allocation Failure) 2020-10-29T13:19:22.171+0000: [ParNew: 16388K->4K(18432K), 0.0036271 secs] 566920K->550536K(878452K), 0.0036994 secs] [Times: user=0.01 sys=0.00, real=0.01 secs] 
2020-10-29T13:19:22.192+0000: [GC (Allocation Failure) 2020-10-29T13:19:22.192+0000: [ParNew: 16388K->4K(18432K), 0.0034048 secs] 566920K->550536K(878452K), 0.0034695 secs] [Times: user=0.01 sys=0.00, real=0.01 secs] 
2020-10-29T13:19:22.212+0000: [GC (Allocation Failure) 2020-10-29T13:19:22.212+0000: [ParNew: 16388K->4K(18432K), 0.0038087 secs] 566920K->550536K(878452K), 0.0038842 secs] [Times: user=0.00 sys=0.00, real=0.01 secs] 
2020-10-29T13:19:22.235+0000: [GC (Allocation Failure) 2020-10-29T13:19:22.235+0000: [ParNew: 16388K->4K(18432K), 0.0037783 secs] 566920K->550536K(878452K), 0.0038510 secs] [Times: user=0.00 sys=0.00, real=0.00 secs] 
2020-10-29T13:19:22.255+0000: [GC (Allocation Failure) 2020-10-29T13:19:22.255+0000: [ParNew: 16388K->4K(18432K), 0.0037847 secs] 566920K->550536K(878452K), 0.0038572 secs] [Times: user=0.01 sys=0.00, real=0.00 secs] 
2020-10-29T13:19:22.277+0000: [GC (Allocation Failure) 2020-10-29T13:19:22.277+0000: [ParNew: 16388K->4K(18432K), 0.0038295 secs] 566920K->550536K(878452K), 0.0039125 secs] [Times: user=0.01 sys=0.00, real=0.00 secs] 
2020-10-29T13:19:22.298+0000: [GC (Allocation Failure) 2020-10-29T13:19:22.298+0000: [ParNew: 16388K->4K(18432K), 0.0033247 secs] 566920K->550536K(878452K), 0.0033878 secs] [Times: user=0.00 sys=0.00, real=0.00 secs] 
2020-10-29T13:19:22.318+0000: [GC (Allocation Failure) 2020-10-29T13:19:22.318+0000: [ParNew: 16388K->4K(18432K), 0.0031918 secs] 566920K->550536K(878452K), 0.0032523 secs] [Times: user=0.00 sys=0.00, real=0.00 secs] 
2020-10-29T13:19:22.338+0000: [GC (Allocation Failure) 2020-10-29T13:19:22.338+0000: [ParNew: 16388K->4K(18432K), 0.0038312 secs] 566920K->550536K(878452K), 0.0039044 secs] [Times: user=0.00 sys=0.00, real=0.00 secs] 
2020-10-29T13:19:22.359+0000: [GC (Allocation Failure) 2020-10-29T13:19:22.359+0000: [ParNew: 16388K->4K(18432K), 0.0038635 secs] 566920K->550536K(878452K), 0.0039397 secs] [Times: user=0.00 sys=0.00, real=0.00 secs] 
2020-10-29T13:19:22.381+0000: [GC (Allocation Failure) 2020-10-29T13:19:22.381+0000: [ParNew: 16388K->4K(18432K), 0.0038375 secs] 566920K->550536K(878452K), 0.0039134 secs] [Times: user=0.01 sys=0.00, real=0.00 secs] 
2020-10-29T13:19:22.403+0000: [GC (Allocation Failure) 2020-10-29T13:19:22.403+0000: [ParNew: 16388K->4K(18432K), 0.0035809 secs] 566920K->550536K(878452K), 0.0036501 secs] [Times: user=0.00 sys=0.00, real=0.00 secs] 
2020-10-29T13:19:22.423+0000: [GC (Allocation Failure) 2020-10-29T13:19:22.423+0000: [ParNew: 16388K->4K(18432K), 0.0037993 secs] 566920K->550536K(878452K), 0.0038742 secs] [Times: user=0.01 sys=0.00, real=0.01 secs] 
2020-10-29T13:19:22.447+0000: [GC (Allocation Failure) 2020-10-29T13:19:22.447+0000: [ParNew: 16388K->4K(18432K), 0.0039000 secs] 566920K->550536K(878452K), 0.0039726 secs] [Times: user=0.01 sys=0.00, real=0.00 secs] 
2020-10-29T13:19:22.467+0000: [GC (Allocation Failure) 2020-10-29T13:19:22.468+0000: [ParNew: 16388K->4K(18432K), 0.0035570 secs] 566920K->550536K(878452K), 0.0036279 secs] [Times: user=0.01 sys=0.00, real=0.00 secs] 
2020-10-29T13:19:22.488+0000: [GC (Allocation Failure) 2020-10-29T13:19:22.488+0000: [ParNew: 16388K->4K(18432K), 0.0036144 secs] 566920K->550536K(878452K), 0.0036831 secs] [Times: user=0.00 sys=0.00, real=0.00 secs] 
2020-10-29T13:19:22.511+0000: [GC (Allocation Failure) 2020-10-29T13:19:22.511+0000: [ParNew: 16388K->4K(18432K), 0.0033925 secs] 566920K->550537K(878452K), 0.0034584 secs] [Times: user=0.01 sys=0.00, real=0.00 secs] 
2020-10-29T13:19:22.535+0000: [GC (Allocation Failure) 2020-10-29T13:19:22.535+0000: [ParNew: 16388K->4K(18432K), 0.0030818 secs] 566921K->550537K(878452K), 0.0031425 secs] [Times: user=0.00 sys=0.00, real=0.00 secs] 
2020-10-29T13:19:22.558+0000: [GC (Allocation Failure) 2020-10-29T13:19:22.558+0000: [ParNew: 16388K->4K(18432K), 0.0035879 secs] 566921K->550537K(878452K), 0.0036587 secs] [Times: user=0.00 sys=0.00, real=0.00 secs] 
2020-10-29T13:19:22.579+0000: [GC (Allocation Failure) 2020-10-29T13:19:22.579+0000: [ParNew: 16388K->4K(18432K), 0.0038841 secs] 566921K->550537K(878452K), 0.0039591 secs] [Times: user=0.01 sys=0.00, real=0.00 secs] 
2020-10-29T13:19:22.599+0000: [GC (Allocation Failure) 2020-10-29T13:19:22.599+0000: [ParNew: 16388K->4K(18432K), 0.0038640 secs] 566921K->550537K(878452K), 0.0039400 secs] [Times: user=0.01 sys=0.00, real=0.00 secs] 
2020-10-29T13:19:22.620+0000: [GC (Allocation Failure) 2020-10-29T13:19:22.620+0000: [ParNew: 16388K->4K(18432K), 0.0035030 secs] 566921K->550537K(878452K), 0.0035717 secs] [Times: user=0.01 sys=0.00, real=0.00 secs] 
2020-10-29T13:19:22.640+0000: [GC (Allocation Failure) 2020-10-29T13:19:22.640+0000: [ParNew: 16388K->4K(18432K), 0.0037254 secs] 566921K->550537K(878452K), 0.0037960 secs] [Times: user=0.01 sys=0.00, real=0.00 secs] 
2020-10-29T13:19:22.661+0000: [GC (Allocation Failure) 2020-10-29T13:19:22.661+0000: [ParNew: 16388K->4K(18432K), 0.0037089 secs] 566921K->550537K(878452K), 0.0037883 secs] [Times: user=0.01 sys=0.00, real=0.00 secs] 
2020-10-29T13:19:22.682+0000: [GC (Allocation Failure) 2020-10-29T13:19:22.682+0000: [ParNew: 16388K->4K(18432K), 0.0033032 secs] 566921K->550537K(878452K), 0.0033665 secs] [Times: user=0.01 sys=0.00, real=0.00 secs] 
2020-10-29T13:19:22.702+0000: [GC (Allocation Failure) 2020-10-29T13:19:22.702+0000: [ParNew: 16388K->4K(18432K), 0.0035700 secs] 566921K->550537K(878452K), 0.0036373 secs] [Times: user=0.01 sys=0.00, real=0.00 secs] 
2020-10-29T13:19:22.722+0000: [GC (Allocation Failure) 2020-10-29T13:19:22.722+0000: [ParNew: 16388K->4K(18432K), 0.0034094 secs] 566921K->550537K(878452K), 0.0034754 secs] [Times: user=0.01 sys=0.00, real=0.00 secs] 
2020-10-29T13:19:22.743+0000: [GC (Allocation Failure) 2020-10-29T13:19:22.743+0000: [ParNew: 16388K->4K(18432K), 0.0054196 secs] 566921K->550537K(878452K), 0.0054860 secs] [Times: user=0.01 sys=0.00, real=0.01 secs] 
2020-10-29T13:19:22.767+0000: [GC (Allocation Failure) 2020-10-29T13:19:22.767+0000: [ParNew: 16388K->4K(18432K), 0.0035742 secs] 566921K->550537K(878452K), 0.0036429 secs] [Times: user=0.00 sys=0.00, real=0.00 secs] 
2020-10-29T13:19:22.787+0000: [GC (Allocation Failure) 2020-10-29T13:19:22.787+0000: [ParNew: 16388K->4K(18432K), 0.0031974 secs] 566921K->550537K(878452K), 0.0032596 secs] [Times: user=0.01 sys=0.00, real=0.00 secs] 
2020-10-29T13:19:22.810+0000: [GC (Allocation Failure) 2020-10-29T13:19:22.810+0000: [ParNew: 16388K->4K(18432K), 0.0030808 secs] 566921K->550537K(878452K), 0.0031427 secs] [Times: user=0.01 sys=0.00, real=0.00 secs] 
2020-10-29T13:19:22.831+0000: [GC (Allocation Failure) 2020-10-29T13:19:22.831+0000: [ParNew: 16388K->4K(18432K), 0.0035665 secs] 566921K->550537K(878452K), 0.0036351 secs] [Times: user=0.01 sys=0.00, real=0.00 secs] 
2020-10-29T13:19:22.851+0000: [GC (Allocation Failure) 2020-10-29T13:19:22.851+0000: [ParNew: 16388K->4K(18432K), 0.0036117 secs] 566921K->550537K(878452K), 0.0036827 secs] [Times: user=0.01 sys=0.00, real=0.01 secs] 
2020-10-29T13:19:22.871+0000: [GC (Allocation Failure) 2020-10-29T13:19:22.872+0000: [ParNew: 16388K->4K(18432K), 0.0031935 secs] 566921K->550537K(878452K), 0.0032550 secs] [Times: user=0.00 sys=0.00, real=0.01 secs] 
2020-10-29T13:19:22.891+0000: [GC (Allocation Failure) 2020-10-29T13:19:22.891+0000: [ParNew: 16388K->4K(18432K), 0.0033796 secs] 566921K->550537K(878452K), 0.0034473 secs] [Times: user=0.00 sys=0.00, real=0.00 secs] 
2020-10-29T13:19:22.911+0000: [GC (Allocation Failure) 2020-10-29T13:19:22.911+0000: [ParNew: 16388K->4K(18432K), 0.0033373 secs] 566921K->550537K(878452K), 0.0034021 secs] [Times: user=0.01 sys=0.00, real=0.00 secs] 
2020-10-29T13:19:22.934+0000: [GC (Allocation Failure) 2020-10-29T13:19:22.934+0000: [ParNew: 16388K->4K(18432K), 0.0036827 secs] 566921K->550537K(878452K), 0.0037523 secs] [Times: user=0.01 sys=0.00, real=0.01 secs] 
2020-10-29T13:19:22.955+0000: [GC (Allocation Failure) 2020-10-29T13:19:22.955+0000: [ParNew: 16388K->4K(18432K), 0.0033739 secs] 566921K->550537K(878452K), 0.0034617 secs] [Times: user=0.00 sys=0.01, real=0.01 secs] 
2020-10-29T13:19:22.975+0000: [GC (Allocation Failure) 2020-10-29T13:19:22.975+0000: [ParNew: 16388K->4K(18432K), 0.0037253 secs] 566921K->550537K(878452K), 0.0037980 secs] [Times: user=0.01 sys=0.00, real=0.00 secs] 
2020-10-29T13:19:22.996+0000: [GC (Allocation Failure) 2020-10-29T13:19:22.996+0000: [ParNew: 16388K->4K(18432K), 0.0036380 secs] 566921K->550537K(878452K), 0.0036999 secs] [Times: user=0.01 sys=0.00, real=0.00 secs] 
2020-10-29T13:19:23.016+0000: [GC (Allocation Failure) 2020-10-29T13:19:23.016+0000: [ParNew: 16388K->4K(18432K), 0.0038483 secs] 566921K->550537K(878452K), 0.0039225 secs] [Times: user=0.01 sys=0.00, real=0.00 secs] 
2020-10-29T13:19:23.037+0000: [GC (Allocation Failure) 2020-10-29T13:19:23.037+0000: [ParNew: 16388K->4K(18432K), 0.0038865 secs] 566921K->550537K(878452K), 0.0039604 secs] [Times: user=0.00 sys=0.00, real=0.00 secs] 
2020-10-29T13:19:23.058+0000: [GC (Allocation Failure) 2020-10-29T13:19:23.058+0000: [ParNew: 16388K->4K(18432K), 0.0038180 secs] 566921K->550537K(878452K), 0.0038951 secs] [Times: user=0.00 sys=0.00, real=0.00 secs] 
2020-10-29T13:19:23.083+0000: [GC (Allocation Failure) 2020-10-29T13:19:23.083+0000: [ParNew: 16388K->4K(18432K), 0.0041337 secs] 566921K->550537K(878452K), 0.0042079 secs] [Times: user=0.01 sys=0.00, real=0.01 secs] 
2020-10-29T13:19:23.107+0000: [GC (Allocation Failure) 2020-10-29T13:19:23.107+0000: [ParNew: 16388K->4K(18432K), 0.0037989 secs] 566921K->550537K(878452K), 0.0038738 secs] [Times: user=0.01 sys=0.00, real=0.00 secs] 
2020-10-29T13:19:23.131+0000: [GC (Allocation Failure) 2020-10-29T13:19:23.131+0000: [ParNew: 16388K->4K(18432K), 0.0037778 secs] 566921K->550537K(878452K), 0.0038516 secs] [Times: user=0.00 sys=0.00, real=0.01 secs] 
2020-10-29T13:19:23.155+0000: [GC (Allocation Failure) 2020-10-29T13:19:23.155+0000: [ParNew: 16388K->4K(18432K), 0.0037354 secs] 566921K->550537K(878452K), 0.0038120 secs] [Times: user=0.00 sys=0.01, real=0.00 secs] 
2020-10-29T13:19:23.179+0000: [GC (Allocation Failure) 2020-10-29T13:19:23.179+0000: [ParNew: 16388K->4K(18432K), 0.0035196 secs] 566921K->550537K(878452K), 0.0035869 secs] [Times: user=0.00 sys=0.00, real=0.00 secs] 
2020-10-29T13:19:23.202+0000: [GC (Allocation Failure) 2020-10-29T13:19:23.203+0000: [ParNew: 16388K->4K(18432K), 0.0030762 secs] 566921K->550537K(878452K), 0.0031385 secs] [Times: user=0.01 sys=0.00, real=0.00 secs] 
2020-10-29T13:19:23.222+0000: [GC (Allocation Failure) 2020-10-29T13:19:23.222+0000: [ParNew: 16388K->4K(18432K), 0.0033050 secs] 566921K->550537K(878452K), 0.0033703 secs] [Times: user=0.00 sys=0.00, real=0.00 secs] 
2020-10-29T13:19:23.246+0000: [GC (Allocation Failure) 2020-10-29T13:19:23.246+0000: [ParNew: 16388K->4K(18432K), 0.0037330 secs] 566921K->550537K(878452K), 0.0038048 secs] [Times: user=0.01 sys=0.00, real=0.01 secs] 
2020-10-29T13:19:23.267+0000: [GC (Allocation Failure) 2020-10-29T13:19:23.267+0000: [ParNew: 16388K->4K(18432K), 0.0033331 secs] 566921K->550537K(878452K), 0.0033987 secs] [Times: user=0.01 sys=0.00, real=0.00 secs] 
2020-10-29T13:19:23.287+0000: [GC (Allocation Failure) 2020-10-29T13:19:23.287+0000: [ParNew: 16388K->4K(18432K), 0.0029704 secs] 566921K->550537K(878452K), 0.0030434 secs] [Times: user=0.01 sys=0.00, real=0.01 secs] 
2020-10-29T13:19:23.307+0000: [GC (Allocation Failure) 2020-10-29T13:19:23.307+0000: [ParNew: 16382K->4K(18432K), 0.0029113 secs] 566916K->550537K(878452K), 0.0029683 secs] [Times: user=0.01 sys=0.00, real=0.00 secs] 
2020-10-29T13:19:23.326+0000: [GC (Allocation Failure) 2020-10-29T13:19:23.326+0000: [ParNew: 16388K->4K(18432K), 0.0035961 secs] 566921K->550537K(878452K), 0.0036659 secs] [Times: user=0.01 sys=0.00, real=0.01 secs] 
2020-10-29T13:19:23.347+0000: [GC (Allocation Failure) 2020-10-29T13:19:23.347+0000: [ParNew: 16388K->4K(18432K), 0.0037762 secs] 566921K->550537K(878452K), 0.0038500 secs] [Times: user=0.00 sys=0.00, real=0.00 secs] 
2020-10-29T13:19:23.368+0000: [GC (Allocation Failure) 2020-10-29T13:19:23.368+0000: [ParNew: 16388K->4K(18432K), 0.0036804 secs] 566921K->550537K(878452K), 0.0037503 secs] [Times: user=0.00 sys=0.00, real=0.00 secs] 
2020-10-29T13:19:23.388+0000: [GC (Allocation Failure) 2020-10-29T13:19:23.388+0000: [ParNew: 16388K->4K(18432K), 0.0038143 secs] 566921K->550537K(878452K), 0.0038878 secs] [Times: user=0.01 sys=0.00, real=0.00 secs] 
2020-10-29T13:19:23.408+0000: [GC (Allocation Failure) 2020-10-29T13:19:23.408+0000: [ParNew: 16388K->4K(18432K), 0.0036142 secs] 566921K->550537K(878452K), 0.0036836 secs] [Times: user=0.01 sys=0.00, real=0.00 secs] 
2020-10-29T13:19:23.431+0000: [GC (Allocation Failure) 2020-10-29T13:19:23.431+0000: [ParNew: 16388K->4K(18432K), 0.0029571 secs] 566921K->550537K(878452K), 0.0030163 secs] [Times: user=0.00 sys=0.00, real=0.00 secs] 
2020-10-29T13:19:23.450+0000: [GC (Allocation Failure) 2020-10-29T13:19:23.450+0000: [ParNew: 16388K->4K(18432K), 0.0033514 secs] 566921K->550537K(878452K), 0.0034154 secs] [Times: user=0.01 sys=0.00, real=0.00 secs] 
2020-10-29T13:19:23.471+0000: [GC (Allocation Failure) 2020-10-29T13:19:23.471+0000: [ParNew: 16388K->4K(18432K), 0.0036658 secs] 566921K->550537K(878452K), 0.0037397 secs] [Times: user=0.01 sys=0.00, real=0.00 secs] 
2020-10-29T13:19:23.491+0000: [GC (Allocation Failure) 2020-10-29T13:19:23.491+0000: [ParNew: 16388K->4K(18432K), 0.0037453 secs] 566921K->550537K(878452K), 0.0038179 secs] [Times: user=0.01 sys=0.00, real=0.01 secs] 
2020-10-29T13:19:23.511+0000: [GC (Allocation Failure) 2020-10-29T13:19:23.511+0000: [ParNew: 16388K->4K(18432K), 0.0038318 secs] 566921K->550537K(878452K), 0.0039067 secs] [Times: user=0.00 sys=0.00, real=0.01 secs] 
2020-10-29T13:19:23.532+0000: [GC (Allocation Failure) 2020-10-29T13:19:23.532+0000: [ParNew: 16388K->4K(18432K), 0.0037859 secs] 566921K->550537K(878452K), 0.0038583 secs] [Times: user=0.00 sys=0.00, real=0.01 secs] 
2020-10-29T13:19:23.555+0000: [GC (Allocation Failure) 2020-10-29T13:19:23.555+0000: [ParNew: 16388K->4K(18432K), 0.0038184 secs] 566921K->550537K(878452K), 0.0038939 secs] [Times: user=0.01 sys=0.00, real=0.00 secs] 
2020-10-29T13:19:23.576+0000: [GC (Allocation Failure) 2020-10-29T13:19:23.576+0000: [ParNew: 16388K->4K(18432K), 0.0036996 secs] 566921K->550537K(878452K), 0.0037719 secs] [Times: user=0.01 sys=0.00, real=0.00 secs] 
2020-10-29T13:19:23.599+0000: [GC (Allocation Failure) 2020-10-29T13:19:23.599+0000: [ParNew: 16388K->4K(18432K), 0.0037680 secs] 566921K->550537K(878452K), 0.0038421 secs] [Times: user=0.00 sys=0.00, real=0.00 secs] 
2020-10-29T13:19:23.619+0000: [GC (Allocation Failure) 2020-10-29T13:19:23.619+0000: [ParNew: 16388K->4K(18432K), 0.0038216 secs] 566921K->550537K(878452K), 0.0038984 secs] [Times: user=0.01 sys=0.00, real=0.00 secs] 
2020-10-29T13:19:23.642+0000: [GC (Allocation Failure) 2020-10-29T13:19:23.642+0000: [ParNew: 16388K->4K(18432K), 0.0039028 secs] 583305K->566921K(878452K), 0.0039780 secs] [Times: user=0.00 sys=0.00, real=0.00 secs] 
2020-10-29T13:19:23.663+0000: [GC (Allocation Failure) 2020-10-29T13:19:23.663+0000: [ParNew: 16388K->4K(18432K), 0.0037413 secs] 583305K->566921K(878452K), 0.0038154 secs] [Times: user=0.00 sys=0.00, real=0.00 secs] 
2020-10-29T13:19:23.687+0000: [GC (Allocation Failure) 2020-10-29T13:19:23.687+0000: [ParNew: 16388K->4K(18432K), 0.0036267 secs] 583305K->566921K(878452K), 0.0036962 secs] [Times: user=0.01 sys=0.00, real=0.00 secs] 
2020-10-29T13:19:23.715+0000: [GC (Allocation Failure) 2020-10-29T13:19:23.715+0000: [ParNew: 16388K->4K(18432K), 0.0037594 secs] 599689K->583305K(878452K), 0.0038338 secs] [Times: user=0.00 sys=0.00, real=0.00 secs] 
2020-10-29T13:19:23.739+0000: [GC (Allocation Failure) 2020-10-29T13:19:23.739+0000: [ParNew: 16388K->4K(18432K), 0.0037505 secs] 599689K->583305K(878452K), 0.0038259 secs] [Times: user=0.01 sys=0.00, real=0.00 secs] 
2020-10-29T13:19:23.759+0000: [GC (Allocation Failure) 2020-10-29T13:19:23.759+0000: [ParNew: 16388K->4K(18432K), 0.0037741 secs] 599689K->583305K(878452K), 0.0038483 secs] [Times: user=0.00 sys=0.00, real=0.00 secs] 
2020-10-29T13:19:23.780+0000: [GC (Allocation Failure) 2020-10-29T13:19:23.780+0000: [ParNew: 16388K->4K(18432K), 0.0031595 secs] 599689K->583305K(878452K), 0.0032184 secs] [Times: user=0.00 sys=0.00, real=0.00 secs] 
2020-10-29T13:19:23.800+0000: [GC (Allocation Failure) 2020-10-29T13:19:23.800+0000: [ParNew: 16388K->4K(18432K), 0.0029565 secs] 599689K->583305K(878452K), 0.0030154 secs] [Times: user=0.01 sys=0.00, real=0.00 secs] 
2020-10-29T13:19:23.819+0000: [GC (Allocation Failure) 2020-10-29T13:19:23.819+0000: [ParNew: 16388K->4K(18432K), 0.0033749 secs] 599689K->583305K(878452K), 0.0034499 secs] [Times: user=0.01 sys=0.00, real=0.00 secs] 
2020-10-29T13:19:23.839+0000: [GC (Allocation Failure) 2020-10-29T13:19:23.839+0000: [ParNew: 16388K->4K(18432K), 0.0035864 secs] 599689K->583305K(878452K), 0.0036567 secs] [Times: user=0.01 sys=0.00, real=0.00 secs] 
2020-10-29T13:19:23.863+0000: [GC (Allocation Failure) 2020-10-29T13:19:23.863+0000: [ParNew: 16388K->4K(18432K), 0.0031444 secs] 599689K->583305K(878452K), 0.0032082 secs] [Times: user=0.00 sys=0.00, real=0.00 secs] 
2020-10-29T13:19:23.886+0000: [GC (Allocation Failure) 2020-10-29T13:19:23.886+0000: [ParNew: 16388K->4K(18432K), 0.0037769 secs] 599689K->583305K(878452K), 0.0038533 secs] [Times: user=0.01 sys=0.00, real=0.01 secs] 
2020-10-29T13:19:23.910+0000: [GC (Allocation Failure) 2020-10-29T13:19:23.910+0000: [ParNew: 16388K->4K(18432K), 0.0037001 secs] 599689K->583305K(878452K), 0.0037737 secs] [Times: user=0.01 sys=0.00, real=0.00 secs] 
2020-10-29T13:19:23.930+0000: [GC (Allocation Failure) 2020-10-29T13:19:23.930+0000: [ParNew: 16388K->4K(18432K), 0.0034367 secs] 599689K->583305K(878452K), 0.0035064 secs] [Times: user=0.01 sys=0.00, real=0.00 secs] 
2020-10-29T13:19:23.950+0000: [GC (Allocation Failure) 2020-10-29T13:19:23.950+0000: [ParNew: 16388K->4K(18432K), 0.0036249 secs] 599689K->583305K(878452K), 0.0036962 secs] [Times: user=0.01 sys=0.00, real=0.00 secs] 
2020-10-29T13:19:23.970+0000: [GC (Allocation Failure) 2020-10-29T13:19:23.970+0000: [ParNew: 16388K->4K(18432K), 0.0035295 secs] 599689K->583305K(878452K), 0.0035974 secs] [Times: user=0.01 sys=0.00, real=0.00 secs] 
2020-10-29T13:19:23.990+0000: [GC (Allocation Failure) 2020-10-29T13:19:23.990+0000: [ParNew: 16388K->4K(18432K), 0.0037301 secs] 599689K->583305K(878452K), 0.0038041 secs] [Times: user=0.01 sys=0.00, real=0.00 secs] 
2020-10-29T13:19:24.011+0000: [GC (Allocation Failure) 2020-10-29T13:19:24.011+0000: [ParNew: 16388K->4K(18432K), 0.0036995 secs] 599689K->583305K(878452K), 0.0037822 secs] [Times: user=0.01 sys=0.00, real=0.01 secs] 
2020-10-29T13:19:24.035+0000: [GC (Allocation Failure) 2020-10-29T13:19:24.035+0000: [ParNew: 16388K->4K(18432K), 0.0037216 secs] 599689K->583305K(878452K), 0.0038109 secs] [Times: user=0.01 sys=0.00, real=0.00 secs] 
2020-10-29T13:19:24.059+0000: [GC (Allocation Failure) 2020-10-29T13:19:24.059+0000: [ParNew: 16388K->4K(18432K), 0.0037611 secs] 599689K->583305K(878452K), 0.0038353 secs] [Times: user=0.01 sys=0.00, real=0.00 secs] 
2020-10-29T13:19:24.079+0000: [GC (Allocation Failure) 2020-10-29T13:19:24.079+0000: [ParNew: 16388K->4K(18432K), 0.0036974 secs] 599689K->583305K(878452K), 0.0037709 secs] [Times: user=0.01 sys=0.00, real=0.00 secs] 
2020-10-29T13:19:24.100+0000: [GC (Allocation Failure) 2020-10-29T13:19:24.100+0000: [ParNew: 16388K->4K(18432K), 0.0037671 secs] 599689K->583306K(878452K), 0.0038414 secs] [Times: user=0.01 sys=0.00, real=0.00 secs] 
2020-10-29T13:19:24.120+0000: [GC (Allocation Failure) 2020-10-29T13:19:24.120+0000: [ParNew: 16388K->4K(18432K), 0.0037350 secs] 599690K->583306K(878452K), 0.0038098 secs] [Times: user=0.01 sys=0.00, real=0.00 secs] 
2020-10-29T13:19:24.140+0000: [GC (Allocation Failure) 2020-10-29T13:19:24.140+0000: [ParNew: 16388K->4K(18432K), 0.0037466 secs] 599690K->583306K(878452K), 0.0038198 secs] [Times: user=0.01 sys=0.00, real=0.00 secs] 
2020-10-29T13:19:24.160+0000: [GC (Allocation Failure) 2020-10-29T13:19:24.160+0000: [ParNew: 16388K->4K(18432K), 0.0037573 secs] 599690K->583306K(878452K), 0.0038296 secs] [Times: user=0.01 sys=0.00, real=0.00 secs] 
2020-10-29T13:19:24.180+0000: [GC (Allocation Failure) 2020-10-29T13:19:24.180+0000: [ParNew: 16388K->4K(18432K), 0.0037496 secs] 599690K->583306K(878452K), 0.0038228 secs] [Times: user=0.01 sys=0.00, real=0.00 secs] 
2020-10-29T13:19:24.201+0000: [GC (Allocation Failure) 2020-10-29T13:19:24.201+0000: [ParNew: 16388K->4K(18432K), 0.0037050 secs] 599690K->583306K(878452K), 0.0037815 secs] [Times: user=0.01 sys=0.00, real=0.00 secs] 
2020-10-29T13:19:24.221+0000: [GC (Allocation Failure) 2020-10-29T13:19:24.222+0000: [ParNew: 16388K->4K(18432K), 0.0037783 secs] 599690K->583306K(878452K), 0.0038539 secs] [Times: user=0.01 sys=0.00, real=0.00 secs] 
2020-10-29T13:19:24.243+0000: [GC (Allocation Failure) 2020-10-29T13:19:24.243+0000: [ParNew: 16388K->4K(18432K), 0.0036228 secs] 599690K->583306K(878452K), 0.0036938 secs] [Times: user=0.01 sys=0.00, real=0.00 secs] 
2020-10-29T13:19:24.263+0000: [GC (Allocation Failure) 2020-10-29T13:19:24.263+0000: [ParNew: 16388K->4K(18432K), 0.0038338 secs] 599690K->583306K(878452K), 0.0039098 secs] [Times: user=0.00 sys=0.00, real=0.01 secs] 
2020-10-29T13:19:24.287+0000: [GC (Allocation Failure) 2020-10-29T13:19:24.287+0000: [ParNew: 16388K->4K(18432K), 0.0037398 secs] 599690K->583306K(878452K), 0.0038174 secs] [Times: user=0.01 sys=0.00, real=0.00 secs] 
2020-10-29T13:19:24.311+0000: [GC (Allocation Failure) 2020-10-29T13:19:24.311+0000: [ParNew: 16388K->4K(18432K), 0.0036912 secs] 599690K->583306K(878452K), 0.0037789 secs] [Times: user=0.01 sys=0.00, real=0.01 secs] 
2020-10-29T13:19:24.331+0000: [GC (Allocation Failure) 2020-10-29T13:19:24.331+0000: [ParNew: 16388K->4K(18432K), 0.0037499 secs] 599690K->583306K(878452K), 0.0038222 secs] [Times: user=0.00 sys=0.00, real=0.01 secs] 
2020-10-29T13:19:24.355+0000: [GC (Allocation Failure) 2020-10-29T13:19:24.355+0000: [ParNew: 16388K->4K(18432K), 0.0037050 secs] 599690K->583306K(878452K), 0.0037920 secs] [Times: user=0.01 sys=0.00, real=0.00 secs] 
2020-10-29T13:19:24.377+0000: [GC (Allocation Failure) 2020-10-29T13:19:24.377+0000: [ParNew: 16388K->4K(18432K), 0.0036470 secs] 599690K->583306K(878452K), 0.0037181 secs] [Times: user=0.00 sys=0.00, real=0.00 secs] 
2020-10-29T13:19:24.397+0000: [GC (Allocation Failure) 2020-10-29T13:19:24.397+0000: [ParNew: 16388K->4K(18432K), 0.0036864 secs] 599690K->583306K(878452K), 0.0037567 secs] [Times: user=0.00 sys=0.00, real=0.00 secs] 
2020-10-29T13:19:24.419+0000: [GC (Allocation Failure) 2020-10-29T13:19:24.419+0000: [ParNew: 16388K->4K(18432K), 0.0033285 secs] 599690K->583306K(878452K), 0.0033943 secs] [Times: user=0.01 sys=0.00, real=0.00 secs] 
2020-10-29T13:19:24.439+0000: [GC (Allocation Failure) 2020-10-29T13:19:24.439+0000: [ParNew: 16388K->4K(18432K), 0.0035061 secs] 599690K->583306K(878452K), 0.0035889 secs] [Times: user=0.01 sys=0.00, real=0.00 secs] 
2020-10-29T13:19:24.459+0000: [GC (Allocation Failure) 2020-10-29T13:19:24.459+0000: [ParNew: 16388K->4K(18432K), 0.0037322 secs] 599690K->583306K(878452K), 0.0038059 secs] [Times: user=0.01 sys=0.00, real=0.00 secs] 
2020-10-29T13:19:24.483+0000: [GC (Allocation Failure) 2020-10-29T13:19:24.483+0000: [ParNew: 16388K->4K(18432K), 0.0037939 secs] 599690K->583306K(878452K), 0.0038686 secs] [Times: user=0.01 sys=0.00, real=0.01 secs] 
2020-10-29T13:19:24.504+0000: [GC (Allocation Failure) 2020-10-29T13:19:24.504+0000: [ParNew: 16388K->4K(18432K), 0.0037926 secs] 599690K->583306K(878452K), 0.0038663 secs] [Times: user=0.01 sys=0.00, real=0.01 secs] 
2020-10-29T13:19:24.525+0000: [GC (Allocation Failure) 2020-10-29T13:19:24.525+0000: [ParNew: 16388K->4K(18432K), 0.0036711 secs] 599690K->583306K(878452K), 0.0037405 secs] [Times: user=0.01 sys=0.00, real=0.01 secs] 
2020-10-29T13:19:24.547+0000: [GC (Allocation Failure) 2020-10-29T13:19:24.547+0000: [ParNew: 16388K->4K(18432K), 0.0033444 secs] 599690K->583306K(878452K), 0.0034101 secs] [Times: user=0.01 sys=0.00, real=0.00 secs] 
2020-10-29T13:19:24.567+0000: [GC (Allocation Failure) 2020-10-29T13:19:24.567+0000: [ParNew: 16388K->4K(18432K), 0.0032227 secs] 599690K->583306K(878452K), 0.0032872 secs] [Times: user=0.00 sys=0.00, real=0.01 secs] 
2020-10-29T13:19:24.586+0000: [GC (Allocation Failure) 2020-10-29T13:19:24.586+0000: [ParNew: 16388K->4K(18432K), 0.0036811 secs] 599690K->583306K(878452K), 0.0037644 secs] [Times: user=0.01 sys=0.00, real=0.01 secs] 
2020-10-29T13:19:24.606+0000: [GC (Allocation Failure) 2020-10-29T13:19:24.606+0000: [ParNew: 16388K->4K(18432K), 0.0033396 secs] 599690K->583306K(878452K), 0.0034059 secs] [Times: user=0.01 sys=0.00, real=0.01 secs] 
2020-10-29T13:19:24.626+0000: [GC (Allocation Failure) 2020-10-29T13:19:24.626+0000: [ParNew: 16388K->4K(18432K), 0.0036330 secs] 599690K->583306K(878452K), 0.0037076 secs] [Times: user=0.01 sys=0.00, real=0.01 secs] 
2020-10-29T13:19:24.647+0000: [GC (Allocation Failure) 2020-10-29T13:19:24.647+0000: [ParNew: 16388K->4K(18432K), 0.0037864 secs] 599690K->583306K(878452K), 0.0038675 secs] [Times: user=0.00 sys=0.00, real=0.00 secs] 
2020-10-29T13:19:24.668+0000: [GC (Allocation Failure) 2020-10-29T13:19:24.668+0000: [ParNew: 16388K->4K(18432K), 0.0037259 secs] 599690K->583306K(878452K), 0.0038100 secs] [Times: user=0.00 sys=0.00, real=0.00 secs] 
2020-10-29T13:19:24.691+0000: [GC (Allocation Failure) 2020-10-29T13:19:24.691+0000: [ParNew: 16388K->4K(18432K), 0.0036349 secs] 599690K->583306K(878452K), 0.0037065 secs] [Times: user=0.01 sys=0.00, real=0.00 secs] 
2020-10-29T13:19:24.711+0000: [GC (Allocation Failure) 2020-10-29T13:19:24.711+0000: [ParNew: 16388K->4K(18432K), 0.0036292 secs] 599690K->583306K(878452K), 0.0037018 secs] [Times: user=0.00 sys=0.00, real=0.01 secs] 
2020-10-29T13:19:24.732+0000: [GC (Allocation Failure) 2020-10-29T13:19:24.732+0000: [ParNew: 16388K->4K(18432K), 0.0035001 secs] 599690K->583306K(878452K), 0.0035680 secs] [Times: user=0.00 sys=0.00, real=0.01 secs] 
2020-10-29T13:19:24.752+0000: [GC (Allocation Failure) 2020-10-29T13:19:24.752+0000: [ParNew: 16388K->4K(18432K), 0.0033057 secs] 599690K->583306K(878452K), 0.0033688 secs] [Times: user=0.01 sys=0.00, real=0.01 secs] 
2020-10-29T13:19:24.771+0000: [GC (Allocation Failure) 2020-10-29T13:19:24.772+0000: [ParNew: 16388K->4K(18432K), 0.0034299 secs] 599690K->583306K(878452K), 0.0034980 secs] [Times: user=0.01 sys=0.00, real=0.01 secs] 
2020-10-29T13:19:24.792+0000: [GC (Allocation Failure) 2020-10-29T13:19:24.792+0000: [ParNew: 16388K->4K(18432K), 0.0032657 secs] 599690K->583306K(878452K), 0.0033299 secs] [Times: user=0.01 sys=0.00, real=0.01 secs] 
2020-10-29T13:19:24.812+0000: [GC (Allocation Failure) 2020-10-29T13:19:24.812+0000: [ParNew: 16388K->4K(18432K), 0.0036961 secs] 599690K->583306K(878452K), 0.0037689 secs] [Times: user=0.01 sys=0.00, real=0.01 secs] 
2020-10-29T13:19:24.832+0000: [GC (Allocation Failure) 2020-10-29T13:19:24.832+0000: [ParNew: 16388K->4K(18432K), 0.0029518 secs] 599690K->583306K(878452K), 0.0030118 secs] [Times: user=0.00 sys=0.00, real=0.01 secs] 
2020-10-29T13:19:24.859+0000: [GC (Allocation Failure) 2020-10-29T13:19:24.859+0000: [ParNew: 16388K->4K(18432K), 0.0034568 secs] 599690K->583306K(878452K), 0.0035215 secs] [Times: user=0.01 sys=0.00, real=0.00 secs] 
2020-10-29T13:19:24.879+0000: [GC (Allocation Failure) 2020-10-29T13:19:24.879+0000: [ParNew: 16388K->4K(18432K), 0.0033888 secs] 599690K->583306K(878452K), 0.0034570 secs] [Times: user=0.00 sys=0.01, real=0.00 secs] 
2020-10-29T13:19:24.901+0000: [GC (Allocation Failure) 2020-10-29T13:19:24.901+0000: [ParNew: 16388K->4K(18432K), 0.0030085 secs] 599690K->583306K(878452K), 0.0030662 secs] [Times: user=0.00 sys=0.00, real=0.00 secs] 
2020-10-29T13:19:24.922+0000: [GC (Allocation Failure) 2020-10-29T13:19:24.922+0000: [ParNew: 16388K->4K(18432K), 0.0033532 secs] 599690K->583306K(878452K), 0.0034193 secs] [Times: user=0.00 sys=0.00, real=0.00 secs] 
2020-10-29T13:19:24.943+0000: [GC (Allocation Failure) 2020-10-29T13:19:24.943+0000: [ParNew: 16388K->4K(18432K), 0.0036566 secs] 599690K->583306K(878452K), 0.0037407 secs] [Times: user=0.01 sys=0.00, real=0.00 secs] 
2020-10-29T13:19:24.963+0000: [GC (Allocation Failure) 2020-10-29T13:19:24.963+0000: [ParNew: 16388K->4K(18432K), 0.0036914 secs] 599690K->583306K(878452K), 0.0037662 secs] [Times: user=0.00 sys=0.00, real=0.01 secs] 
2020-10-29T13:19:24.987+0000: [GC (Allocation Failure) 2020-10-29T13:19:24.987+0000: [ParNew: 16388K->4K(18432K), 0.0038070 secs] 599690K->583306K(878452K), 0.0038827 secs] [Times: user=0.01 sys=0.00, real=0.00 secs] 
2020-10-29T13:19:25.008+0000: [GC (Allocation Failure) 2020-10-29T13:19:25.008+0000: [ParNew: 16388K->4K(18432K), 0.0035450 secs] 599690K->583306K(878452K), 0.0036090 secs] [Times: user=0.01 sys=0.00, real=0.00 secs] 
2020-10-29T13:19:25.028+0000: [GC (Allocation Failure) 2020-10-29T13:19:25.028+0000: [ParNew: 16388K->4K(18432K), 0.0035409 secs] 599690K->583306K(878452K), 0.0036098 secs] [Times: user=0.01 sys=0.00, real=0.00 secs] 
2020-10-29T13:19:25.048+0000: [GC (Allocation Failure) 2020-10-29T13:19:25.048+0000: [ParNew: 16388K->4K(18432K), 0.0032008 secs] 599690K->583306K(878452K), 0.0032634 secs] [Times: user=0.01 sys=0.00, real=0.00 secs] 
2020-10-29T13:19:25.071+0000: [GC (Allocation Failure) 2020-10-29T13:19:25.071+0000: [ParNew: 16388K->4K(18432K), 0.0036324 secs] 599690K->583306K(878452K), 0.0037037 secs] [Times: user=0.01 sys=0.00, real=0.00 secs] 
2020-10-29T13:19:25.092+0000: [GC (Allocation Failure) 2020-10-29T13:19:25.092+0000: [ParNew: 16388K->4K(18432K), 0.0034509 secs] 599690K->583306K(878452K), 0.0035172 secs] [Times: user=0.01 sys=0.00, real=0.01 secs] 
2020-10-29T13:19:25.112+0000: [GC (Allocation Failure) 2020-10-29T13:19:25.112+0000: [ParNew: 16388K->4K(18432K), 0.0033767 secs] 599690K->583306K(878452K), 0.0034440 secs] [Times: user=0.01 sys=0.00, real=0.01 secs] 
2020-10-29T13:19:25.132+0000: [GC (Allocation Failure) 2020-10-29T13:19:25.132+0000: [ParNew: 16388K->4K(18432K), 0.0032568 secs] 599690K->583306K(878452K), 0.0033250 secs] [Times: user=0.01 sys=0.00, real=0.01 secs] 
2020-10-29T13:19:25.155+0000: [GC (Allocation Failure) 2020-10-29T13:19:25.155+0000: [ParNew: 16388K->4K(18432K), 0.0035387 secs] 599690K->583306K(878452K), 0.0036074 secs] [Times: user=0.01 sys=0.00, real=0.00 secs] 
2020-10-29T13:19:25.179+0000: [GC (Allocation Failure) 2020-10-29T13:19:25.179+0000: [ParNew: 16388K->4K(18432K), 0.0032036 secs] 599690K->583306K(878452K), 0.0032654 secs] [Times: user=0.01 sys=0.00, real=0.00 secs] 
2020-10-29T13:19:25.198+0000: [GC (Allocation Failure) 2020-10-29T13:19:25.198+0000: [ParNew: 16388K->4K(18432K), 0.0031722 secs] 599690K->583306K(878452K), 0.0032344 secs] [Times: user=0.01 sys=0.00, real=0.00 secs] 
2020-10-29T13:19:25.218+0000: [GC (Allocation Failure) 2020-10-29T13:19:25.218+0000: [ParNew: 16388K->4K(18432K), 0.0031632 secs] 599690K->583306K(878452K), 0.0032262 secs] [Times: user=0.00 sys=0.00, real=0.00 secs] 
2020-10-29T13:19:25.239+0000: [GC (Allocation Failure) 2020-10-29T13:19:25.239+0000: [ParNew: 16388K->4K(18432K), 0.0035517 secs] 599690K->583306K(878452K), 0.0036218 secs] [Times: user=0.00 sys=0.00, real=0.00 secs] 
2020-10-29T13:19:25.259+0000: [GC (Allocation Failure) 2020-10-29T13:19:25.259+0000: [ParNew: 16388K->4K(18432K), 0.0035415 secs] 599690K->583306K(878452K), 0.0036113 secs] [Times: user=0.01 sys=0.00, real=0.00 secs] 
2020-10-29T13:19:25.279+0000: [GC (Allocation Failure) 2020-10-29T13:19:25.279+0000: [ParNew: 16388K->4K(18432K), 0.0034554 secs] 599690K->583306K(878452K), 0.0035240 secs] [Times: user=0.01 sys=0.00, real=0.00 secs] 
2020-10-29T13:19:25.299+0000: [GC (Allocation Failure) 2020-10-29T13:19:25.299+0000: [ParNew: 16388K->4K(18432K), 0.0035847 secs] 599690K->583306K(878452K), 0.0036550 secs] [Times: user=0.01 sys=0.00, real=0.00 secs] 
2020-10-29T13:19:25.319+0000: [GC (Allocation Failure) 2020-10-29T13:19:25.319+0000: [ParNew: 16388K->4K(18432K), 0.0031515 secs] 599690K->583306K(878452K), 0.0032156 secs] [Times: user=0.01 sys=0.00, real=0.00 secs] 
2020-10-29T13:19:25.339+0000: [GC (Allocation Failure) 2020-10-29T13:19:25.339+0000: [ParNew: 16255K->4K(18432K), 0.0031569 secs] 599557K->583306K(878452K), 0.0032287 secs] [Times: user=0.01 sys=0.00, real=0.00 secs] 
2020-10-29T13:19:25.363+0000: [GC (Allocation Failure) 2020-10-29T13:19:25.363+0000: [ParNew: 16388K->4K(18432K), 0.0034816 secs] 599690K->583306K(878452K), 0.0035491 secs] [Times: user=0.01 sys=0.00, real=0.00 secs] 
2020-10-29T13:19:25.386+0000: [GC (Allocation Failure) 2020-10-29T13:19:25.386+0000: [ParNew: 16388K->4K(18432K), 0.0030585 secs] 599690K->583306K(878452K), 0.0031187 secs] [Times: user=0.01 sys=0.00, real=0.01 secs] 
2020-10-29T13:19:25.406+0000: [GC (Allocation Failure) 2020-10-29T13:19:25.406+0000: [ParNew: 16388K->4K(18432K), 0.0034124 secs] 599690K->583306K(878452K), 0.0034795 secs] [Times: user=0.00 sys=0.00, real=0.01 secs] 
2020-10-29T13:19:25.429+0000: [GC (Allocation Failure) 2020-10-29T13:19:25.430+0000: [ParNew: 16388K->4K(18432K), 0.0037442 secs] 599690K->583306K(878452K), 0.0038180 secs] [Times: user=0.00 sys=0.00, real=0.00 secs] 
2020-10-29T13:19:25.450+0000: [GC (Allocation Failure) 2020-10-29T13:19:25.450+0000: [ParNew: 16388K->4K(18432K), 0.0040228 secs] 599690K->583306K(878452K), 0.0041078 secs] [Times: user=0.01 sys=0.00, real=0.00 secs] 
2020-10-29T13:19:25.471+0000: [GC (Allocation Failure) 2020-10-29T13:19:25.471+0000: [ParNew: 16388K->4K(18432K), 0.0037932 secs] 599690K->583306K(878452K), 0.0038683 secs] [Times: user=0.01 sys=0.00, real=0.01 secs] 
2020-10-29T13:19:25.491+0000: [GC (Allocation Failure) 2020-10-29T13:19:25.491+0000: [ParNew: 16388K->4K(18432K), 0.0037810 secs] 599690K->583306K(878452K), 0.0038566 secs] [Times: user=0.01 sys=0.00, real=0.01 secs] 
2020-10-29T13:19:25.512+0000: [GC (Allocation Failure) 2020-10-29T13:19:25.512+0000: [ParNew: 16388K->4K(18432K), 0.0036898 secs] 599690K->583306K(878452K), 0.0037646 secs] [Times: user=0.01 sys=0.00, real=0.01 secs] 
2020-10-29T13:19:25.532+0000: [GC (Allocation Failure) 2020-10-29T13:19:25.532+0000: [ParNew: 16388K->4K(18432K), 0.0037408 secs] 599690K->583306K(878452K), 0.0038275 secs] [Times: user=0.01 sys=0.00, real=0.01 secs] 
2020-10-29T13:19:25.552+0000: [GC (Allocation Failure) 2020-10-29T13:19:25.552+0000: [ParNew: 16388K->4K(18432K), 0.0037077 secs] 599690K->583306K(878452K), 0.0037808 secs] [Times: user=0.01 sys=0.00, real=0.01 secs] 
2020-10-29T13:19:25.573+0000: [GC (Allocation Failure) 2020-10-29T13:19:25.573+0000: [ParNew: 16388K->4K(18432K), 0.0036966 secs] 599690K->583306K(878452K), 0.0037669 secs] [Times: user=0.01 sys=0.00, real=0.01 secs] 
2020-10-29T13:19:25.593+0000: [GC (Allocation Failure) 2020-10-29T13:19:25.593+0000: [ParNew: 16388K->4K(18432K), 0.0033604 secs] 599690K->583306K(878452K), 0.0034261 secs] [Times: user=0.01 sys=0.00, real=0.01 secs] 
2020-10-29T13:19:25.613+0000: [GC (Allocation Failure) 2020-10-29T13:19:25.614+0000: [ParNew: 16388K->4K(18432K), 0.0036721 secs] 599690K->583306K(878452K), 0.0037435 secs] [Times: user=0.00 sys=0.00, real=0.01 secs] 
2020-10-29T13:19:25.634+0000: [GC (Allocation Failure) 2020-10-29T13:19:25.634+0000: [ParNew: 16388K->4K(18432K), 0.0033238 secs] 599690K->583306K(878452K), 0.0033903 secs] [Times: user=0.00 sys=0.00, real=0.01 secs] 
2020-10-29T13:19:25.654+0000: [GC (Allocation Failure) 2020-10-29T13:19:25.654+0000: [ParNew: 16388K->4K(18432K), 0.0035580 secs] 599690K->583306K(878452K), 0.0036263 secs] [Times: user=0.01 sys=0.00, real=0.01 secs] 
2020-10-29T13:19:25.675+0000: [GC (Allocation Failure) 2020-10-29T13:19:25.675+0000: [ParNew: 16388K->4K(18432K), 0.0033668 secs] 599690K->583306K(878452K), 0.0034324 secs] [Times: user=0.01 sys=0.00, real=0.00 secs] 
2020-10-29T13:19:25.699+0000: [GC (Allocation Failure) 2020-10-29T13:19:25.699+0000: [ParNew: 16388K->4K(18432K), 0.0033299 secs] 599690K->583306K(878452K), 0.0033954 secs] [Times: user=0.00 sys=0.00, real=0.00 secs] 
2020-10-29T13:19:25.719+0000: [GC (Allocation Failure) 2020-10-29T13:19:25.719+0000: [ParNew: 16388K->4K(18432K), 0.0032488 secs] 599690K->583306K(878452K), 0.0033128 secs] [Times: user=0.00 sys=0.00, real=0.00 secs] 
2020-10-29T13:19:25.739+0000: [GC (Allocation Failure) 2020-10-29T13:19:25.739+0000: [ParNew: 16388K->4K(18432K), 0.0030772 secs] 599690K->583306K(878452K), 0.0031373 secs] [Times: user=0.01 sys=0.00, real=0.00 secs] 
2020-10-29T13:19:25.758+0000: [GC (Allocation Failure) 2020-10-29T13:19:25.758+0000: [ParNew: 16388K->4K(18432K), 0.0031333 secs] 599690K->583306K(878452K), 0.0031951 secs] [Times: user=0.01 sys=0.00, real=0.00 secs] 
2020-10-29T13:19:25.778+0000: [GC (Allocation Failure) 2020-10-29T13:19:25.779+0000: [ParNew: 16388K->4K(18432K), 0.0036756 secs] 599690K->583306K(878452K), 0.0037506 secs] [Times: user=0.00 sys=0.01, real=0.00 secs] 
2020-10-29T13:19:25.799+0000: [GC (Allocation Failure) 2020-10-29T13:19:25.799+0000: [ParNew: 16388K->4K(18432K), 0.0037711 secs] 599690K->583306K(878452K), 0.0038449 secs] [Times: user=0.01 sys=0.00, real=0.00 secs] 
2020-10-29T13:19:25.823+0000: [GC (Allocation Failure) 2020-10-29T13:19:25.823+0000: [ParNew: 16388K->4K(18432K), 0.0034414 secs] 599690K->583306K(878452K), 0.0035090 secs] [Times: user=0.01 sys=0.00, real=0.00 secs] 
2020-10-29T13:19:25.847+0000: [GC (Allocation Failure) 2020-10-29T13:19:25.847+0000: [ParNew: 16388K->4K(18432K), 0.0032660 secs] 599690K->583306K(878452K), 0.0033300 secs] [Times: user=0.01 sys=0.00, real=0.00 secs] 
2020-10-29T13:19:25.867+0000: [GC (Allocation Failure) 2020-10-29T13:19:25.867+0000: [ParNew: 16388K->4K(18432K), 0.0038311 secs] 599690K->583306K(878452K), 0.0039085 secs] [Times: user=0.01 sys=0.00, real=0.00 secs] 
2020-10-29T13:19:25.887+0000: [GC (Allocation Failure) 2020-10-29T13:19:25.887+0000: [ParNew: 16388K->4K(18432K), 0.0038087 secs] 599690K->583306K(878452K), 0.0038869 secs] [Times: user=0.01 sys=0.00, real=0.00 secs] 
2020-10-29T13:19:25.911+0000: [GC (Allocation Failure) 2020-10-29T13:19:25.911+0000: [ParNew: 16388K->4K(18432K), 0.0037684 secs] 599690K->583306K(878452K), 0.0038426 secs] [Times: user=0.01 sys=0.00, real=0.01 secs] 
2020-10-29T13:19:25.934+0000: [GC (Allocation Failure) 2020-10-29T13:19:25.934+0000: [ParNew: 16388K->4K(18432K), 0.0038138 secs] 599690K->583306K(878452K), 0.0038937 secs] [Times: user=0.01 sys=0.00, real=0.01 secs] 
2020-10-29T13:19:25.955+0000: [GC (Allocation Failure) 2020-10-29T13:19:25.955+0000: [ParNew: 16388K->4K(18432K), 0.0037473 secs] 599690K->583306K(878452K), 0.0038224 secs] [Times: user=0.01 sys=0.00, real=0.00 secs] 
2020-10-29T13:19:25.975+0000: [GC (Allocation Failure) 2020-10-29T13:19:25.975+0000: [ParNew: 16388K->4K(18432K), 0.0037779 secs] 599690K->583306K(878452K), 0.0038545 secs] [Times: user=0.01 sys=0.00, real=0.00 secs] 
2020-10-29T13:19:25.999+0000: [GC (Allocation Failure) 2020-10-29T13:19:25.999+0000: [ParNew: 16388K->4K(18432K), 0.0037522 secs] 599690K->583306K(878452K), 0.0038271 secs] [Times: user=0.00 sys=0.00, real=0.00 secs] 
2020-10-29T13:19:26.023+0000: [GC (Allocation Failure) 2020-10-29T13:19:26.023+0000: [ParNew: 16388K->4K(18432K), 0.0032051 secs] 599690K->583306K(878452K), 0.0032695 secs] [Times: user=0.01 sys=0.00, real=0.00 secs] 
2020-10-29T13:19:26.042+0000: [GC (Allocation Failure) 2020-10-29T13:19:26.042+0000: [ParNew: 16388K->4K(18432K), 0.0032368 secs] 599690K->583306K(878452K), 0.0033001 secs] [Times: user=0.01 sys=0.00, real=0.00 secs] 
2020-10-29T13:19:26.065+0000: [GC (Allocation Failure) 2020-10-29T13:19:26.065+0000: [ParNew: 16388K->4K(18432K), 0.0029797 secs] 599690K->583306K(878452K), 0.0030397 secs] [Times: user=0.00 sys=0.00, real=0.01 secs] 
2020-10-29T13:19:26.085+0000: [GC (Allocation Failure) 2020-10-29T13:19:26.085+0000: [ParNew: 16388K->4K(18432K), 0.0034960 secs] 599690K->583306K(878452K), 0.0035718 secs] [Times: user=0.01 sys=0.00, real=0.01 secs] 
2020-10-29T13:19:26.105+0000: [GC (Allocation Failure) 2020-10-29T13:19:26.105+0000: [ParNew: 16388K->4K(18432K), 0.0032215 secs] 599690K->583306K(878452K), 0.0032849 secs] [Times: user=0.01 sys=0.00, real=0.01 secs] 
2020-10-29T13:19:26.127+0000: [GC (Allocation Failure) 2020-10-29T13:19:26.127+0000: [ParNew: 16388K->4K(18432K), 0.0032922 secs] 599690K->583306K(878452K), 0.0033571 secs] [Times: user=0.01 sys=0.00, real=0.00 secs] 
2020-10-29T13:19:26.151+0000: [GC (Allocation Failure) 2020-10-29T13:19:26.151+0000: [ParNew: 16388K->4K(18432K), 0.0029789 secs] 599690K->583306K(878452K), 0.0030475 secs] [Times: user=0.01 sys=0.00, real=0.00 secs] 
2020-10-29T13:19:26.170+0000: [GC (Allocation Failure) 2020-10-29T13:19:26.170+0000: [ParNew: 16388K->4K(18432K), 0.0036997 secs] 599690K->583306K(878452K), 0.0037784 secs] [Times: user=0.01 sys=0.00, real=0.00 secs] 
2020-10-29T13:19:26.190+0000: [GC (Allocation Failure) 2020-10-29T13:19:26.190+0000: [ParNew: 16388K->4K(18432K), 0.0036503 secs] 599690K->583306K(878452K), 0.0037191 secs] [Times: user=0.01 sys=0.00, real=0.00 secs] 
2020-10-29T13:19:26.211+0000: [GC (Allocation Failure) 2020-10-29T13:19:26.211+0000: [ParNew: 16388K->4K(18432K), 0.0055272 secs] 599690K->583306K(878452K), 0.0055989 secs] [Times: user=0.01 sys=0.00, real=0.01 secs] 
2020-10-29T13:19:26.235+0000: [GC (Allocation Failure) 2020-10-29T13:19:26.235+0000: [ParNew: 16388K->4K(18432K), 0.0035274 secs] 599690K->583306K(878452K), 0.0035972 secs] [Times: user=0.01 sys=0.00, real=0.00 secs] 
2020-10-29T13:19:26.259+0000: [GC (Allocation Failure) 2020-10-29T13:19:26.259+0000: [ParNew: 16388K->4K(18432K), 0.0035912 secs] 599690K->583306K(878452K), 0.0036714 secs] [Times: user=0.01 sys=0.00, real=0.00 secs] 
2020-10-29T13:19:26.279+0000: [GC (Allocation Failure) 2020-10-29T13:19:26.279+0000: [ParNew: 16388K->4K(18432K), 0.0036055 secs] 599690K->583306K(878452K), 0.0036761 secs] [Times: user=0.01 sys=0.00, real=0.00 secs] 
2020-10-29T13:19:26.303+0000: [GC (Allocation Failure) 2020-10-29T13:19:26.303+0000: [ParNew: 16388K->4K(18432K), 0.0037432 secs] 599690K->583306K(878452K), 0.0038166 secs] [Times: user=0.01 sys=0.00, real=0.01 secs] 
2020-10-29T13:19:26.327+0000: [GC (Allocation Failure) 2020-10-29T13:19:26.327+0000: [ParNew: 16388K->4K(18432K), 0.0032851 secs] 599690K->583306K(878452K), 0.0033514 secs] [Times: user=0.00 sys=0.00, real=0.00 secs] 
2020-10-29T13:19:26.351+0000: [GC (Allocation Failure) 2020-10-29T13:19:26.351+0000: [ParNew: 16388K->4K(18432K), 0.0037778 secs] 599690K->583306K(878452K), 0.0038503 secs] [Times: user=0.01 sys=0.00, real=0.01 secs] 
2020-10-29T13:19:26.371+0000: [GC (Allocation Failure) 2020-10-29T13:19:26.371+0000: [ParNew: 16388K->4K(18432K), 0.0029811 secs] 599690K->583306K(878452K), 0.0030407 secs] [Times: user=0.00 sys=0.00, real=0.00 secs] 
2020-10-29T13:19:26.391+0000: [GC (Allocation Failure) 2020-10-29T13:19:26.391+0000: [ParNew: 16388K->4K(18432K), 0.0034613 secs] 599690K->583306K(878452K), 0.0035314 secs] [Times: user=0.00 sys=0.00, real=0.00 secs] 
2020-10-29T13:19:26.411+0000: [GC (Allocation Failure) 2020-10-29T13:19:26.411+0000: [ParNew: 16388K->4K(18432K), 0.0036714 secs] 599690K->583306K(878452K), 0.0037422 secs] [Times: user=0.01 sys=0.00, real=0.01 secs] 
2020-10-29T13:19:26.431+0000: [GC (Allocation Failure) 2020-10-29T13:19:26.431+0000: [ParNew: 16388K->4K(18432K), 0.0037314 secs] 599690K->583307K(878452K), 0.0038043 secs] [Times: user=0.01 sys=0.00, real=0.01 secs] 
2020-10-29T13:19:26.451+0000: [GC (Allocation Failure) 2020-10-29T13:19:26.451+0000: [ParNew: 16388K->4K(18432K), 0.0031347 secs] 599691K->583307K(878452K), 0.0031992 secs] [Times: user=0.01 sys=0.00, real=0.00 secs] 
2020-10-29T13:19:26.471+0000: [GC (Allocation Failure) 2020-10-29T13:19:26.471+0000: [ParNew: 16388K->4K(18432K), 0.0034847 secs] 599691K->583307K(878452K), 0.0035527 secs] [Times: user=0.01 sys=0.00, real=0.00 secs] 
2020-10-29T13:19:26.491+0000: [GC (Allocation Failure) 2020-10-29T13:19:26.491+0000: [ParNew: 16388K->4K(18432K), 0.0034500 secs] 599691K->583307K(878452K), 0.0035162 secs] [Times: user=0.00 sys=0.00, real=0.00 secs] 
2020-10-29T13:19:26.511+0000: [GC (Allocation Failure) 2020-10-29T13:19:26.511+0000: [ParNew: 16388K->4K(18432K), 0.0034031 secs] 599691K->583307K(878452K), 0.0034682 secs] [Times: user=0.00 sys=0.00, real=0.01 secs] 
2020-10-29T13:19:26.535+0000: [GC (Allocation Failure) 2020-10-29T13:19:26.535+0000: [ParNew: 16388K->4K(18432K), 0.0035439 secs] 599691K->583307K(878452K), 0.0036122 secs] [Times: user=0.01 sys=0.00, real=0.00 secs] 
2020-10-29T13:19:26.555+0000: [GC (Allocation Failure) 2020-10-29T13:19:26.555+0000: [ParNew: 16388K->4K(18432K), 0.0033603 secs] 599691K->583307K(878452K), 0.0034249 secs] [Times: user=0.01 sys=0.00, real=0.00 secs] 
2020-10-29T13:19:26.575+0000: [GC (Allocation Failure) 2020-10-29T13:19:26.575+0000: [ParNew: 16388K->4K(18432K), 0.0032398 secs] 599691K->583307K(878452K), 0.0033037 secs] [Times: user=0.00 sys=0.00, real=0.00 secs] 
2020-10-29T13:19:26.595+0000: [GC (Allocation Failure) 2020-10-29T13:19:26.595+0000: [ParNew: 16388K->4K(18432K), 0.0029023 secs] 599691K->583307K(878452K), 0.0029568 secs] [Times: user=0.00 sys=0.00, real=0.01 secs] 
2020-10-29T13:19:26.614+0000: [GC (Allocation Failure) 2020-10-29T13:19:26.614+0000: [ParNew: 16388K->4K(18432K), 0.0036583 secs] 599691K->583307K(878452K), 0.0037414 secs] [Times: user=0.00 sys=0.00, real=0.01 secs] 
2020-10-29T13:19:26.634+0000: [GC (Allocation Failure) 2020-10-29T13:19:26.634+0000: [ParNew: 16388K->4K(18432K), 0.0036756 secs] 599691K->583307K(878452K), 0.0037478 secs] [Times: user=0.01 sys=0.00, real=0.01 secs] 
2020-10-29T13:19:26.658+0000: [GC (Allocation Failure) 2020-10-29T13:19:26.658+0000: [ParNew: 16388K->4K(18432K), 0.0038042 secs] 599691K->583307K(878452K), 0.0038880 secs] [Times: user=0.01 sys=0.00, real=0.00 secs] 
2020-10-29T13:19:26.679+0000: [GC (Allocation Failure) 2020-10-29T13:19:26.679+0000: [ParNew: 16388K->4K(18432K), 0.0036214 secs] 599691K->583307K(878452K), 0.0036928 secs] [Times: user=0.01 sys=0.00, real=0.00 secs] 
2020-10-29T13:19:26.703+0000: [GC (Allocation Failure) 2020-10-29T13:19:26.703+0000: [ParNew: 16388K->4K(18432K), 0.0037670 secs] 599691K->583307K(878452K), 0.0038420 secs] [Times: user=0.01 sys=0.00, real=0.01 secs] 
2020-10-29T13:19:26.723+0000: [GC (Allocation Failure) 2020-10-29T13:19:26.723+0000: [ParNew: 16388K->4K(18432K), 0.0037638 secs] 599691K->583307K(878452K), 0.0038436 secs] [Times: user=0.01 sys=0.00, real=0.01 secs] 
2020-10-29T13:19:26.744+0000: [GC (Allocation Failure) 2020-10-29T13:19:26.744+0000: [ParNew: 16388K->4K(18432K), 0.0037349 secs] 599691K->583307K(878452K), 0.0038059 secs] [Times: user=0.01 sys=0.00, real=0.01 secs] 
2020-10-29T13:19:26.767+0000: [GC (Allocation Failure) 2020-10-29T13:19:26.767+0000: [ParNew: 16388K->4K(18432K), 0.0036775 secs] 599691K->583307K(878452K), 0.0037493 secs] [Times: user=0.01 sys=0.00, real=0.00 secs] 
2020-10-29T13:19:26.788+0000: [GC (Allocation Failure) 2020-10-29T13:19:26.788+0000: [ParNew: 16388K->4K(18432K), 0.0037927 secs] 599691K->583307K(878452K), 0.0038669 secs] [Times: user=0.00 sys=0.00, real=0.00 secs] 
2020-10-29T13:19:26.811+0000: [GC (Allocation Failure) 2020-10-29T13:19:26.811+0000: [ParNew: 16388K->4K(18432K), 0.0036112 secs] 599691K->583307K(878452K), 0.0036817 secs] [Times: user=0.01 sys=0.00, real=0.00 secs] 
2020-10-29T13:19:26.831+0000: [GC (Allocation Failure) 2020-10-29T13:19:26.831+0000: [ParNew: 16388K->4K(18432K), 0.0037148 secs] 599691K->583307K(878452K), 0.0037884 secs] [Times: user=0.01 sys=0.00, real=0.01 secs] 
2020-10-29T13:19:26.852+0000: [GC (Allocation Failure) 2020-10-29T13:19:26.852+0000: [ParNew: 16388K->4K(18432K), 0.0037270 secs] 599691K->583307K(878452K), 0.0037981 secs] [Times: user=0.01 sys=0.00, real=0.01 secs] 
 CMS: abort preclean due to time 2020-10-29T13:19:26.857+0000: [CMS-concurrent-abortable-preclean: 0.424/5.018 secs] [Times: user=9.08 sys=0.30, real=5.02 secs] 
2020-10-29T13:19:26.857+0000: [GC (CMS Final Remark) [YG occupancy: 170 K (18432 K)]2020-10-29T13:19:26.857+0000: [Rescan (parallel) , 0.0018585 secs]2020-10-29T13:19:26.859+0000: [weak refs processing, 0.0004656 secs]2020-10-29T13:19:26.860+0000: [class unloading, 0.0113049 secs]2020-10-29T13:19:26.871+0000: [scrub symbol table, 0.0112452 secs]2020-10-29T13:19:26.882+0000: [scrub string table, 0.0007671 secs][1 CMS-remark: 583303K(860020K)] 583473K(878452K), 0.0258606 secs] [Times: user=0.03 sys=0.00, real=0.02 secs] 
2020-10-29T13:19:26.884+0000: [CMS-concurrent-sweep-start]
2020-10-29T13:19:26.906+0000: [CMS-concurrent-sweep: 0.023/0.023 secs] [Times: user=0.04 sys=0.00, real=0.02 secs] 
2020-10-29T13:19:26.906+0000: [CMS-concurrent-reset-start]
2020-10-29T13:19:26.908+0000: [GC (Allocation Failure) 2020-10-29T13:19:26.908+0000: [ParNew: 16388K->4K(18432K), 0.0039019 secs] 480028K->463644K(878452K), 0.0039549 secs] [Times: user=0.01 sys=0.00, real=0.00 secs] 
2020-10-29T13:19:26.914+0000: [CMS-concurrent-reset: 0.004/0.008 secs] [Times: user=0.02 sys=0.00, real=0.01 secs] 
2020-10-29T13:19:26.931+0000: [GC (Allocation Failure) 2020-10-29T13:19:26.931+0000: [ParNew: 16388K->4K(18432K), 0.0037984 secs] 480028K->463644K(878452K), 0.0038698 secs] [Times: user=0.00 sys=0.00, real=0.01 secs] 
2020-10-29T13:19:26.950+0000: [GC (Allocation Failure) 2020-10-29T13:19:26.950+0000: [ParNew: 16388K->4K(18432K), 0.0036280 secs] 480028K->463644K(878452K), 0.0037148 secs] [Times: user=0.01 sys=0.00, real=0.00 secs] 
2020-10-29T13:19:26.969+0000: [GC (Allocation Failure) 2020-10-29T13:19:26.969+0000: [ParNew: 16388K->4K(18432K), 0.0036433 secs] 480028K->463644K(878452K), 0.0037092 secs] [Times: user=0.01 sys=0.00, real=0.00 secs] 
2020-10-29T13:19:26.994+0000: [GC (Allocation Failure) 2020-10-29T13:19:26.994+0000: [ParNew: 16388K->4K(18432K), 0.0044643 secs] 480028K->463645K(878452K), 0.0045483 secs] [Times: user=0.01 sys=0.00, real=0.01 secs] 
2020-10-29T13:19:27.015+0000: [GC (Allocation Failure) 2020-10-29T13:19:27.015+0000: [ParNew: 16388K->4K(18432K), 0.0038166 secs] 480029K->463645K(878452K), 0.0039128 secs] [Times: user=0.00 sys=0.01, real=0.00 secs] 
2020-10-29T13:19:27.035+0000: [GC (Allocation Failure) 2020-10-29T13:19:27.035+0000: [ParNew: 16388K->4K(18432K), 0.0036926 secs] 480029K->463645K(878452K), 0.0037631 secs] [Times: user=0.01 sys=0.00, real=0.00 secs] 
2020-10-29T13:19:27.055+0000: [GC (Allocation Failure) 2020-10-29T13:19:27.055+0000: [ParNew: 16388K->4K(18432K), 0.0033957 secs] 480029K->463645K(878452K), 0.0034559 secs] [Times: user=0.00 sys=0.00, real=0.00 secs] 
2020-10-29T13:19:27.074+0000: [GC (Allocation Failure) 2020-10-29T13:19:27.074+0000: [ParNew: 16388K->4K(18432K), 0.0036502 secs] 480029K->463645K(878452K), 0.0037199 secs] [Times: user=0.01 sys=0.00, real=0.01 secs] 
2020-10-29T13:19:27.095+0000: [GC (Allocation Failure) 2020-10-29T13:19:27.095+0000: [ParNew: 16388K->4K(18432K), 0.0036786 secs] 480029K->463645K(878452K), 0.0037637 secs] [Times: user=0.01 sys=0.00, real=0.00 secs] 
2020-10-29T13:19:27.114+0000: [GC (Allocation Failure) 2020-10-29T13:19:27.114+0000: [ParNew: 16388K->4K(18432K), 0.0036522 secs] 480029K->463645K(878452K), 0.0037179 secs] [Times: user=0.01 sys=0.00, real=0.01 secs] 
2020-10-29T13:19:27.135+0000: [GC (Allocation Failure) 2020-10-29T13:19:27.135+0000: [ParNew: 16388K->4K(18432K), 0.0035946 secs] 480029K->463645K(878452K), 0.0036633 secs] [Times: user=0.01 sys=0.00, real=0.00 secs] 
2020-10-29T13:19:27.154+0000: [GC (Allocation Failure) 2020-10-29T13:19:27.154+0000: [ParNew: 16388K->4K(18432K), 0.0035631 secs] 480029K->463645K(878452K), 0.0036292 secs] [Times: user=0.00 sys=0.00, real=0.01 secs] 
2020-10-29T13:19:27.175+0000: [GC (Allocation Failure) 2020-10-29T13:19:27.175+0000: [ParNew: 16388K->4K(18432K), 0.0036732 secs] 480029K->463645K(878452K), 0.0037442 secs] [Times: user=0.00 sys=0.00, real=0.00 secs] 
2020-10-29T13:19:27.195+0000: [GC (Allocation Failure) 2020-10-29T13:19:27.195+0000: [ParNew: 16388K->4K(18432K), 0.0036745 secs] 480029K->463645K(878452K), 0.0037422 secs] [Times: user=0.00 sys=0.01, real=0.00 secs] 
2020-10-29T13:19:27.214+0000: [GC (Allocation Failure) 2020-10-29T13:19:27.214+0000: [ParNew: 16388K->4K(18432K), 0.0037439 secs] 480029K->463645K(878452K), 0.0038119 secs] [Times: user=0.01 sys=0.00, real=0.01 secs] 
2020-10-29T13:19:27.234+0000: [GC (Allocation Failure) 2020-10-29T13:19:27.234+0000: [ParNew: 16388K->4K(18432K), 0.0035905 secs] 480029K->463645K(878452K), 0.0036588 secs] [Times: user=0.00 sys=0.00, real=0.01 secs] 
2020-10-29T13:19:27.253+0000: [GC (Allocation Failure) 2020-10-29T13:19:27.253+0000: [ParNew: 16388K->4K(18432K), 0.0035350 secs] 480029K->463645K(878452K), 0.0036010 secs] [Times: user=0.01 sys=0.00, real=0.01 secs] 
2020-10-29T13:19:27.275+0000: [GC (Allocation Failure) 2020-10-29T13:19:27.275+0000: [ParNew: 16388K->4K(18432K), 0.0036439 secs] 480029K->463645K(878452K), 0.0037123 secs] [Times: user=0.00 sys=0.00, real=0.00 secs] 
2020-10-29T13:19:27.295+0000: [GC (Allocation Failure) 2020-10-29T13:19:27.295+0000: [ParNew: 16388K->4K(18432K), 0.0035941 secs] 480029K->463645K(878452K), 0.0036612 secs] [Times: user=0.01 sys=0.00, real=0.00 secs] 
2020-10-29T13:19:27.315+0000: [GC (Allocation Failure) 2020-10-29T13:19:27.315+0000: [ParNew: 16388K->4K(18432K), 0.0035189 secs] 480029K->463645K(878452K), 0.0035809 secs] [Times: user=0.01 sys=0.00, real=0.00 secs] 
2020-10-29T13:19:27.334+0000: [GC (Allocation Failure) 2020-10-29T13:19:27.334+0000: [ParNew: 16388K->4K(18432K), 0.0039629 secs] 480029K->463645K(878452K), 0.0040491 secs] [Times: user=0.01 sys=0.00, real=0.01 secs] 
2020-10-29T13:19:27.355+0000: [GC (Allocation Failure) 2020-10-29T13:19:27.355+0000: [ParNew: 16388K->4K(18432K), 0.0038329 secs] 480029K->463645K(878452K), 0.0039108 secs] [Times: user=0.01 sys=0.00, real=0.00 secs] 
2020-10-29T13:19:27.375+0000: [GC (Allocation Failure) 2020-10-29T13:19:27.375+0000: [ParNew: 16388K->4K(18432K), 0.0038577 secs] 480029K->463645K(878452K), 0.0039365 secs] [Times: user=0.01 sys=0.00, real=0.00 secs] 
2020-10-29T13:19:27.394+0000: [GC (Allocation Failure) 2020-10-29T13:19:27.394+0000: [ParNew: 16388K->4K(18432K), 0.0037452 secs] 480029K->463645K(878452K), 0.0038216 secs] [Times: user=0.01 sys=0.00, real=0.01 secs] 
2020-10-29T13:19:27.415+0000: [GC (Allocation Failure) 2020-10-29T13:19:27.415+0000: [ParNew: 16388K->4K(18432K), 0.0035121 secs] 480029K->463645K(878452K), 0.0035764 secs] [Times: user=0.01 sys=0.00, real=0.00 secs] 
2020-10-29T13:19:27.434+0000: [GC (Allocation Failure) 2020-10-29T13:19:27.434+0000: [ParNew: 16388K->4K(18432K), 0.0035716 secs] 480029K->463645K(878452K), 0.0036397 secs] [Times: user=0.00 sys=0.00, real=0.01 secs] 
2020-10-29T13:19:27.453+0000: [GC (Allocation Failure) 2020-10-29T13:19:27.453+0000: [ParNew: 16388K->4K(18432K), 0.0038322 secs] 480029K->463645K(878452K), 0.0039083 secs] [Times: user=0.00 sys=0.00, real=0.01 secs] 
2020-10-29T13:19:27.475+0000: [GC (Allocation Failure) 2020-10-29T13:19:27.475+0000: [ParNew: 16388K->4K(18432K), 0.0036883 secs] 480029K->463645K(878452K), 0.0037599 secs] [Times: user=0.00 sys=0.00, real=0.00 secs] 
2020-10-29T13:19:27.498+0000: [GC (Allocation Failure) 2020-10-29T13:19:27.499+0000: [ParNew: 16388K->4K(18432K), 0.0037215 secs] 480029K->463645K(878452K), 0.0037984 secs] [Times: user=0.01 sys=0.00, real=0.00 secs] 
2020-10-29T13:19:27.519+0000: [GC (Allocation Failure) 2020-10-29T13:19:27.519+0000: [ParNew: 16388K->4K(18432K), 0.0036641 secs] 480029K->463645K(878452K), 0.0037537 secs] [Times: user=0.01 sys=0.00, real=0.00 secs] 
2020-10-29T13:19:27.539+0000: [GC (Allocation Failure) 2020-10-29T13:19:27.539+0000: [ParNew: 16388K->4K(18432K), 0.0036752 secs] 480029K->463645K(878452K), 0.0037443 secs] [Times: user=0.00 sys=0.00, real=0.00 secs] 
2020-10-29T13:19:27.558+0000: [GC (Allocation Failure) 2020-10-29T13:19:27.558+0000: [ParNew: 16388K->4K(18432K), 0.0034436 secs] 480029K->463645K(878452K), 0.0035034 secs] [Times: user=0.00 sys=0.00, real=0.00 secs] 
2020-10-29T13:19:27.579+0000: [GC (Allocation Failure) 2020-10-29T13:19:27.579+0000: [ParNew: 16388K->4K(18432K), 0.0036645 secs] 480029K->463645K(878452K), 0.0037342 secs] [Times: user=0.00 sys=0.00, real=0.00 secs] 
2020-10-29T13:19:27.603+0000: [GC (Allocation Failure) 2020-10-29T13:19:27.603+0000: [ParNew: 16388K->4K(18432K), 0.0039384 secs] 480029K->463645K(878452K), 0.0040206 secs] [Times: user=0.01 sys=0.00, real=0.01 secs] 
2020-10-29T13:19:27.622+0000: [GC (Allocation Failure) 2020-10-29T13:19:27.622+0000: [ParNew: 16388K->4K(18432K), 0.0037325 secs] 480029K->463645K(878452K), 0.0038049 secs] [Times: user=0.01 sys=0.00, real=0.00 secs] 
2020-10-29T13:19:27.641+0000: [GC (Allocation Failure) 2020-10-29T13:19:27.641+0000: [ParNew: 16388K->4K(18432K), 0.0041189 secs] 480029K->463645K(878452K), 0.0041912 secs] [Times: user=0.01 sys=0.00, real=0.00 secs] 
2020-10-29T13:19:27.663+0000: [GC (Allocation Failure) 2020-10-29T13:19:27.663+0000: [ParNew: 16388K->4K(18432K), 0.0036754 secs] 480029K->463645K(878452K), 0.0037467 secs] [Times: user=0.01 sys=0.00, real=0.00 secs] 
2020-10-29T13:19:27.683+0000: [GC (Allocation Failure) 2020-10-29T13:19:27.683+0000: [ParNew: 16388K->4K(18432K), 0.0033256 secs] 480029K->463645K(878452K), 0.0033868 secs] [Times: user=0.01 sys=0.00, real=0.00 secs] 
2020-10-29T13:19:27.703+0000: [GC (Allocation Failure) 2020-10-29T13:19:27.703+0000: [ParNew: 16388K->4K(18432K), 0.0036131 secs] 480029K->463645K(878452K), 0.0036826 secs] [Times: user=0.01 sys=0.00, real=0.00 secs] 
2020-10-29T13:19:27.719+0000: [GC (Allocation Failure) 2020-10-29T13:19:27.719+0000: [ParNew: 16388K->4K(18432K), 0.0051839 secs] 480029K->471837K(878452K), 0.0052619 secs] [Times: user=0.01 sys=0.01, real=0.00 secs] 
2020-10-29T13:19:27.731+0000: [GC (CMS Initial Mark) [1 CMS-initial-mark: 471833K(860020K)] 475169K(878452K), 0.0038642 secs] [Times: user=0.01 sys=0.00, real=0.00 secs] 
2020-10-29T13:19:27.734+0000: [CMS-concurrent-mark-start]
2020-10-29T13:19:27.751+0000: [GC (Allocation Failure) 2020-10-29T13:19:27.752+0000: [ParNew: 16388K->4K(18432K), 0.0036266 secs] 488221K->471837K(878452K), 0.0036975 secs] [Times: user=0.01 sys=0.00, real=0.01 secs] 
2020-10-29T13:19:27.779+0000: [GC (Allocation Failure) 2020-10-29T13:19:27.779+0000: [ParNew: 16388K->4K(18432K), 0.0034515 secs] 488221K->471837K(878452K), 0.0035200 secs] [Times: user=0.01 sys=0.00, real=0.00 secs] 
2020-10-29T13:19:27.803+0000: [GC (Allocation Failure) 2020-10-29T13:19:27.803+0000: [ParNew: 16388K->4K(18432K), 0.0035554 secs] 488221K->471837K(878452K), 0.0036188 secs] [Times: user=0.01 sys=0.00, real=0.00 secs] 
2020-10-29T13:19:27.819+0000: [GC (Allocation Failure) 2020-10-29T13:19:27.819+0000: [ParNew: 10917K->4K(18432K), 0.0032629 secs] 482750K->471837K(878452K), 0.0033194 secs] [Times: user=0.01 sys=0.00, real=0.00 secs] 
2020-10-29T13:19:27.831+0000: [GC (Allocation Failure) 2020-10-29T13:19:27.831+0000: [ParNew: 16388K->4K(18432K), 0.0047767 secs] 488221K->480029K(878452K), 0.0048352 secs] [Times: user=0.01 sys=0.00, real=0.01 secs] 
2020-10-29T13:19:27.854+0000: [CMS-concurrent-mark: 0.072/0.119 secs] [Times: user=0.23 sys=0.00, real=0.12 secs] 
2020-10-29T13:19:27.854+0000: [CMS-concurrent-preclean-start]
2020-10-29T13:19:27.857+0000: [CMS-concurrent-preclean: 0.004/0.004 secs] [Times: user=0.00 sys=0.00, real=0.01 secs] 
2020-10-29T13:19:27.857+0000: [CMS-concurrent-abortable-preclean-start]
2020-10-29T13:19:27.862+0000: [GC (Allocation Failure) 2020-10-29T13:19:27.862+0000: [ParNew: 16388K->4K(18432K), 0.0030808 secs] 496413K->480029K(878452K), 0.0031336 secs] [Times: user=0.01 sys=0.00, real=0.00 secs] 
2020-10-29T13:19:27.881+0000: [GC (Allocation Failure) 2020-10-29T13:19:27.882+0000: [ParNew: 16388K->4K(18432K), 0.0034854 secs] 496413K->480029K(878452K), 0.0035551 secs] [Times: user=0.01 sys=0.00, real=0.00 secs] 
2020-10-29T13:19:27.903+0000: [GC (Allocation Failure) 2020-10-29T13:19:27.903+0000: [ParNew: 16388K->4K(18432K), 0.0034561 secs] 496413K->480029K(878452K), 0.0035240 secs] [Times: user=0.01 sys=0.00, real=0.00 secs] 
2020-10-29T13:19:27.923+0000: [GC (Allocation Failure) 2020-10-29T13:19:27.923+0000: [ParNew: 16388K->4K(18432K), 0.0032945 secs] 496413K->480029K(878452K), 0.0033602 secs] [Times: user=0.01 sys=0.00, real=0.00 secs] 
2020-10-29T13:19:27.943+0000: [GC (Allocation Failure) 2020-10-29T13:19:27.943+0000: [ParNew: 16388K->4K(18432K), 0.0033953 secs] 496413K->480029K(878452K), 0.0034633 secs] [Times: user=0.01 sys=0.00, real=0.00 secs] 
2020-10-29T13:19:27.963+0000: [GC (Allocation Failure) 2020-10-29T13:19:27.963+0000: [ParNew: 16388K->4K(18432K), 0.0039799 secs] 496413K->480029K(878452K), 0.0040604 secs] [Times: user=0.01 sys=0.00, real=0.01 secs] 
2020-10-29T13:19:27.985+0000: [GC (Allocation Failure) 2020-10-29T13:19:27.985+0000: [ParNew: 16388K->4K(18432K), 0.0038781 secs] 496413K->480029K(878452K), 0.0039562 secs] [Times: user=0.01 sys=0.00, real=0.01 secs] 
2020-10-29T13:19:28.007+0000: [GC (Allocation Failure) 2020-10-29T13:19:28.007+0000: [ParNew: 16388K->4K(18432K), 0.0053732 secs] 496413K->480029K(878452K), 0.0054649 secs] [Times: user=0.01 sys=0.00, real=0.00 secs] 
2020-10-29T13:19:28.029+0000: [GC (Allocation Failure) 2020-10-29T13:19:28.029+0000: [ParNew: 16388K->4K(18432K), 0.0038213 secs] 496413K->480029K(878452K), 0.0038973 secs] [Times: user=0.01 sys=0.00, real=0.00 secs] 
2020-10-29T13:19:28.050+0000: [GC (Allocation Failure) 2020-10-29T13:19:28.050+0000: [ParNew: 16388K->4K(18432K), 0.0037606 secs] 496413K->480029K(878452K), 0.0038353 secs] [Times: user=0.01 sys=0.00, real=0.00 secs] 
2020-10-29T13:19:28.075+0000: [GC (Allocation Failure) 2020-10-29T13:19:28.075+0000: [ParNew: 16388K->4K(18432K), 0.0038309 secs] 496413K->480029K(878452K), 0.0039128 secs] [Times: user=0.01 sys=0.00, real=0.00 secs] 
2020-10-29T13:19:28.099+0000: [GC (Allocation Failure) 2020-10-29T13:19:28.099+0000: [ParNew: 16388K->4K(18432K), 0.0037036 secs] 496413K->480029K(878452K), 0.0038073 secs] [Times: user=0.01 sys=0.01, real=0.00 secs] 
2020-10-29T13:19:28.119+0000: [GC (Allocation Failure) 2020-10-29T13:19:28.119+0000: [ParNew: 16388K->4K(18432K), 0.0035694 secs] 496413K->480029K(878452K), 0.0036383 secs] [Times: user=0.01 sys=0.00, real=0.00 secs] 
2020-10-29T13:19:28.143+0000: [GC (Allocation Failure) 2020-10-29T13:19:28.143+0000: [ParNew: 16388K->4K(18432K), 0.0037835 secs] 496413K->480029K(878452K), 0.0038581 secs] [Times: user=0.00 sys=0.00, real=0.01 secs] 
2020-10-29T13:19:28.164+0000: [GC (Allocation Failure) 2020-10-29T13:19:28.164+0000: [ParNew: 16388K->4K(18432K), 0.0038051 secs] 496413K->480029K(878452K), 0.0038802 secs] [Times: user=0.01 sys=0.00, real=0.01 secs] 
2020-10-29T13:19:28.184+0000: [GC (Allocation Failure) 2020-10-29T13:19:28.184+0000: [ParNew: 16388K->4K(18432K), 0.0037816 secs] 496413K->480029K(878452K), 0.0038558 secs] [Times: user=0.01 sys=0.00, real=0.01 secs] 
2020-10-29T13:19:28.207+0000: [GC (Allocation Failure) 2020-10-29T13:19:28.207+0000: [ParNew: 16388K->4K(18432K), 0.0031816 secs] 496413K->480029K(878452K), 0.0032463 secs] [Times: user=0.01 sys=0.00, real=0.01 secs] 
2020-10-29T13:19:28.224+0000: [GC (Allocation Failure) 2020-10-29T13:19:28.224+0000: [ParNew: 14143K->4K(18432K), 0.0036464 secs] 494168K->480029K(878452K), 0.0037365 secs] [Times: user=0.01 sys=0.00, real=0.01 secs] 
2020-10-29T13:19:28.242+0000: [GC (Allocation Failure) 2020-10-29T13:19:28.243+0000: [ParNew: 16388K->4K(18432K), 0.0055452 secs] 496413K->488221K(878452K), 0.0056241 secs] [Times: user=0.02 sys=0.00, real=0.01 secs] 
2020-10-29T13:19:28.248+0000: [CMS-concurrent-abortable-preclean: 0.034/0.391 secs] [Times: user=0.69 sys=0.03, real=0.39 secs] 
2020-10-29T13:19:28.248+0000: [GC (CMS Final Remark) [YG occupancy: 330 K (18432 K)]2020-10-29T13:19:28.248+0000: [Rescan (parallel) , 0.0023901 secs]2020-10-29T13:19:28.251+0000: [weak refs processing, 0.0000300 secs]2020-10-29T13:19:28.251+0000: [class unloading, 0.0114189 secs]2020-10-29T13:19:28.262+0000: [scrub symbol table, 0.0133281 secs]2020-10-29T13:19:28.276+0000: [scrub string table, 0.0007606 secs][1 CMS-remark: 488217K(860020K)] 488547K(878452K), 0.0280870 secs] [Times: user=0.03 sys=0.00, real=0.03 secs] 
2020-10-29T13:19:28.277+0000: [CMS-concurrent-sweep-start]
2020-10-29T13:19:28.298+0000: [GC (Allocation Failure) 2020-10-29T13:19:28.298+0000: [ParNew: 16388K->4K(18432K), 0.0037104 secs] 504476K->488092K(878452K), 0.0037853 secs] [Times: user=0.01 sys=0.00, real=0.00 secs] 
2020-10-29T13:19:28.309+0000: [CMS-concurrent-sweep: 0.023/0.032 secs] [Times: user=0.06 sys=0.00, real=0.03 secs] 
2020-10-29T13:19:28.309+0000: [CMS-concurrent-reset-start]
2020-10-29T13:19:28.311+0000: [CMS-concurrent-reset: 0.002/0.002 secs] [Times: user=0.00 sys=0.00, real=0.00 secs] 
2020-10-29T13:19:28.320+0000: [GC (Allocation Failure) 2020-10-29T13:19:28.320+0000: [ParNew: 16388K->4K(18432K), 0.0038135 secs] 458973K->442589K(878452K), 0.0038716 secs] [Times: user=0.01 sys=0.00, real=0.00 secs] 
2020-10-29T13:19:28.340+0000: [GC (Allocation Failure) 2020-10-29T13:19:28.340+0000: [ParNew: 16388K->4K(18432K), 0.0036235 secs] 458973K->442589K(878452K), 0.0036908 secs] [Times: user=0.00 sys=0.00, real=0.00 secs] 
2020-10-29T13:19:28.359+0000: [GC (Allocation Failure) 2020-10-29T13:19:28.359+0000: [ParNew: 16388K->4K(18432K), 0.0034253 secs] 458973K->442589K(878452K), 0.0034963 secs] [Times: user=0.00 sys=0.00, real=0.00 secs] 
2020-10-29T13:19:28.375+0000: [GC (Allocation Failure) 2020-10-29T13:19:28.375+0000: [ParNew: 16388K->4K(18432K), 0.0055129 secs] 458973K->450782K(878452K), 0.0055827 secs] [Times: user=0.02 sys=0.00, real=0.00 secs] 
2020-10-29T13:19:28.383+0000: [GC (CMS Initial Mark) [1 CMS-initial-mark: 450778K(860020K)] 452881K(878452K), 0.0032057 secs] [Times: user=0.00 sys=0.00, real=0.00 secs] 
2020-10-29T13:19:28.386+0000: [CMS-concurrent-mark-start]
2020-10-29T13:19:28.410+0000: [GC (Allocation Failure) 2020-10-29T13:19:28.410+0000: [ParNew: 16388K->4K(18432K), 0.0035824 secs] 467166K->450782K(878452K), 0.0036538 secs] [Times: user=0.00 sys=0.00, real=0.00 secs] 
2020-10-29T13:19:28.441+0000: [GC (Allocation Failure) 2020-10-29T13:19:28.441+0000: [ParNew: 16388K->4K(18432K), 0.0036606 secs] 467166K->450782K(878452K), 0.0037343 secs] [Times: user=0.01 sys=0.00, real=0.00 secs] 
2020-10-29T13:19:28.449+0000: [CMS-concurrent-mark: 0.055/0.063 secs] [Times: user=0.12 sys=0.00, real=0.07 secs] 
2020-10-29T13:19:28.449+0000: [CMS-concurrent-preclean-start]
2020-10-29T13:19:28.452+0000: [CMS-concurrent-preclean: 0.003/0.003 secs] [Times: user=0.01 sys=0.00, real=0.00 secs] 
2020-10-29T13:19:28.452+0000: [CMS-concurrent-abortable-preclean-start]
2020-10-29T13:19:28.464+0000: [GC (Allocation Failure) 2020-10-29T13:19:28.464+0000: [ParNew: 16388K->4K(18432K), 0.0033553 secs] 467166K->450782K(878452K), 0.0034175 secs] [Times: user=0.01 sys=0.00, real=0.01 secs] 
2020-10-29T13:19:28.484+0000: [GC (Allocation Failure) 2020-10-29T13:19:28.484+0000: [ParNew: 16388K->4K(18432K), 0.0033022 secs] 467166K->450782K(878452K), 0.0033666 secs] [Times: user=0.01 sys=0.00, real=0.01 secs] 
2020-10-29T13:19:28.507+0000: [GC (Allocation Failure) 2020-10-29T13:19:28.507+0000: [ParNew: 16388K->4K(18432K), 0.0031061 secs] 467166K->450782K(878452K), 0.0031731 secs] [Times: user=0.00 sys=0.00, real=0.00 secs] 
2020-10-29T13:19:28.526+0000: [GC (Allocation Failure) 2020-10-29T13:19:28.526+0000: [ParNew: 16388K->4K(18432K), 0.0032614 secs] 467166K->450782K(878452K), 0.0033215 secs] [Times: user=0.01 sys=0.00, real=0.01 secs] 
2020-10-29T13:19:28.548+0000: [GC (Allocation Failure) 2020-10-29T13:19:28.548+0000: [ParNew: 16388K->4K(18432K), 0.0036650 secs] 467166K->450782K(878452K), 0.0037376 secs] [Times: user=0.01 sys=0.00, real=0.00 secs] 
2020-10-29T13:19:28.568+0000: [GC (Allocation Failure) 2020-10-29T13:19:28.568+0000: [ParNew: 16388K->4K(18432K), 0.0033719 secs] 467166K->450782K(878452K), 0.0034370 secs] [Times: user=0.01 sys=0.00, real=0.00 secs] 
2020-10-29T13:19:28.588+0000: [GC (Allocation Failure) 2020-10-29T13:19:28.588+0000: [ParNew: 16388K->4K(18432K), 0.0034541 secs] 467166K->450782K(878452K), 0.0035246 secs] [Times: user=0.01 sys=0.00, real=0.00 secs] 
2020-10-29T13:19:28.610+0000: [GC (Allocation Failure) 2020-10-29T13:19:28.610+0000: [ParNew: 16388K->4K(18432K), 0.0038989 secs] 467166K->450782K(878452K), 0.0039737 secs] [Times: user=0.01 sys=0.00, real=0.00 secs] 
2020-10-29T13:19:28.631+0000: [GC (Allocation Failure) 2020-10-29T13:19:28.631+0000: [ParNew: 16388K->4K(18432K), 0.0038536 secs] 467166K->450782K(878452K), 0.0039280 secs] [Times: user=0.01 sys=0.00, real=0.01 secs] 
2020-10-29T13:19:28.652+0000: [GC (Allocation Failure) 2020-10-29T13:19:28.652+0000: [ParNew: 16388K->4K(18432K), 0.0039523 secs] 467166K->450782K(878452K), 0.0040311 secs] [Times: user=0.01 sys=0.00, real=0.01 secs] 
2020-10-29T13:19:28.673+0000: [GC (Allocation Failure) 2020-10-29T13:19:28.673+0000: [ParNew: 16388K->4K(18432K), 0.0037998 secs] 467166K->450782K(878452K), 0.0039018 secs] [Times: user=0.01 sys=0.00, real=0.01 secs] 
2020-10-29T13:19:28.698+0000: [GC (Allocation Failure) 2020-10-29T13:19:28.698+0000: [ParNew: 16388K->4K(18432K), 0.0037298 secs] 467166K->450782K(878452K), 0.0038021 secs] [Times: user=0.00 sys=0.00, real=0.00 secs] 
2020-10-29T13:19:28.718+0000: [GC (Allocation Failure) 2020-10-29T13:19:28.718+0000: [ParNew: 16388K->4K(18432K), 0.0037291 secs] 467166K->450782K(878452K), 0.0038015 secs] [Times: user=0.00 sys=0.00, real=0.00 secs] 
2020-10-29T13:19:28.739+0000: [GC (Allocation Failure) 2020-10-29T13:19:28.739+0000: [ParNew: 16388K->4K(18432K), 0.0038557 secs] 467166K->450782K(878452K), 0.0039321 secs] [Times: user=0.00 sys=0.00, real=0.00 secs] 
2020-10-29T13:19:28.759+0000: [GC (Allocation Failure) 2020-10-29T13:19:28.759+0000: [ParNew: 16388K->4K(18432K), 0.0038393 secs] 467166K->450782K(878452K), 0.0039137 secs] [Times: user=0.00 sys=0.00, real=0.00 secs] 
2020-10-29T13:19:28.777+0000: [GC (Allocation Failure) 2020-10-29T13:19:28.777+0000: [ParNew: 12117K->4K(18432K), 0.0039194 secs] 462896K->450782K(878452K), 0.0040004 secs] [Times: user=0.01 sys=0.00, real=0.00 secs] 
2020-10-29T13:19:28.791+0000: [GC (Allocation Failure) 2020-10-29T13:19:28.791+0000: [ParNew: 16388K->4K(18432K), 0.0055541 secs] 467166K->458974K(878452K), 0.0056352 secs] [Times: user=0.01 sys=0.00, real=0.01 secs] 
2020-10-29T13:19:28.797+0000: [CMS-concurrent-abortable-preclean: 0.031/0.345 secs] [Times: user=0.63 sys=0.02, real=0.35 secs] 
2020-10-29T13:19:28.799+0000: [GC (CMS Final Remark) [YG occupancy: 330 K (18432 K)]2020-10-29T13:19:28.799+0000: [Rescan (parallel) , 0.0025846 secs]2020-10-29T13:19:28.801+0000: [weak refs processing, 0.0000316 secs]2020-10-29T13:19:28.801+0000: [class unloading, 0.0115437 secs]2020-10-29T13:19:28.813+0000: [scrub symbol table, 0.0108487 secs]2020-10-29T13:19:28.824+0000: [scrub string table, 0.0007389 secs][1 CMS-remark: 458970K(860020K)] 459300K(878452K), 0.0258719 secs] [Times: user=0.02 sys=0.00, real=0.02 secs] 
2020-10-29T13:19:28.830+0000: [CMS-concurrent-sweep-start]
2020-10-29T13:19:28.846+0000: [GC (Allocation Failure) 2020-10-29T13:19:28.846+0000: [ParNew: 16388K->4K(18432K), 0.0037826 secs] 475358K->458974K(878452K), 0.0038491 secs] [Times: user=0.00 sys=0.00, real=0.01 secs] 
2020-10-29T13:19:28.857+0000: [CMS-concurrent-sweep: 0.018/0.026 secs] [Times: user=0.05 sys=0.00, real=0.03 secs] 
2020-10-29T13:19:28.857+0000: [CMS-concurrent-reset-start]
2020-10-29T13:19:28.859+0000: [CMS-concurrent-reset: 0.002/0.002 secs] [Times: user=0.01 sys=0.00, real=0.00 secs] 
2020-10-29T13:19:28.871+0000: [GC (Allocation Failure) 2020-10-29T13:19:28.871+0000: [ParNew: 16388K->4K(18432K), 0.0037702 secs] 475358K->458974K(878452K), 0.0038248 secs] [Times: user=0.01 sys=0.00, real=0.01 secs] 
2020-10-29T13:19:28.891+0000: [GC (Allocation Failure) 2020-10-29T13:19:28.891+0000: [ParNew: 16388K->4K(18432K), 0.0032022 secs] 475358K->458974K(878452K), 0.0032588 secs] [Times: user=0.01 sys=0.00, real=0.00 secs] 
2020-10-29T13:19:28.911+0000: [GC (Allocation Failure) 2020-10-29T13:19:28.911+0000: [ParNew: 15880K->4K(18432K), 0.0036379 secs] 474850K->458974K(878452K), 0.0037072 secs] [Times: user=0.01 sys=0.00, real=0.00 secs] 
2020-10-29T13:19:28.924+0000: [GC (Allocation Failure) 2020-10-29T13:19:28.924+0000: [ParNew: 16388K->4K(18432K), 0.0045029 secs] 475358K->467166K(878452K), 0.0045659 secs] [Times: user=0.01 sys=0.00, real=0.01 secs] 
2020-10-29T13:19:28.944+0000: [GC (Allocation Failure) 2020-10-29T13:19:28.944+0000: [ParNew: 16378K->4K(18432K), 0.0030958 secs] 483540K->467166K(878452K), 0.0031503 secs] [Times: user=0.01 sys=0.00, real=0.01 secs] 
2020-10-29T13:19:28.962+0000: [GC (Allocation Failure) 2020-10-29T13:19:28.962+0000: [ParNew: 16388K->4K(18432K), 0.0038549 secs] 483550K->467166K(878452K), 0.0039295 secs] [Times: user=0.01 sys=0.00, real=0.00 secs] 
2020-10-29T13:19:28.983+0000: [GC (Allocation Failure) 2020-10-29T13:19:28.983+0000: [ParNew: 16388K->4K(18432K), 0.0036695 secs] 483550K->467166K(878452K), 0.0037394 secs] [Times: user=0.01 sys=0.00, real=0.00 secs] 
2020-10-29T13:19:29.007+0000: [GC (Allocation Failure) 2020-10-29T13:19:29.007+0000: [ParNew: 16388K->4K(18432K), 0.0036131 secs] 483550K->467166K(878452K), 0.0036728 secs] [Times: user=0.01 sys=0.00, real=0.00 secs] 
2020-10-29T13:19:29.027+0000: [GC (Allocation Failure) 2020-10-29T13:19:29.027+0000: [ParNew: 16388K->4K(18432K), 0.0036193 secs] 483550K->467166K(878452K), 0.0036854 secs] [Times: user=0.00 sys=0.00, real=0.00 secs] 
2020-10-29T13:19:29.047+0000: [GC (Allocation Failure) 2020-10-29T13:19:29.047+0000: [ParNew: 16388K->4K(18432K), 0.0035461 secs] 483550K->467166K(878452K), 0.0036106 secs] [Times: user=0.00 sys=0.00, real=0.00 secs] 
2020-10-29T13:19:29.066+0000: [GC (Allocation Failure) 2020-10-29T13:19:29.066+0000: [ParNew: 16388K->4K(18432K), 0.0038364 secs] 483550K->467166K(878452K), 0.0039105 secs] [Times: user=0.01 sys=0.00, real=0.01 secs] 
2020-10-29T13:19:29.087+0000: [GC (Allocation Failure) 2020-10-29T13:19:29.087+0000: [ParNew: 16388K->4K(18432K), 0.0043242 secs] 483550K->467166K(878452K), 0.0044009 secs] [Times: user=0.01 sys=0.00, real=0.00 secs] 
2020-10-29T13:19:29.107+0000: [GC (Allocation Failure) 2020-10-29T13:19:29.107+0000: [ParNew: 16388K->4K(18432K), 0.0038132 secs] 483550K->467166K(878452K), 0.0038974 secs] [Times: user=0.01 sys=0.00, real=0.00 secs] 
2020-10-29T13:19:29.126+0000: [GC (Allocation Failure) 2020-10-29T13:19:29.126+0000: [ParNew: 16388K->4K(18432K), 0.0037988 secs] 483550K->467166K(878452K), 0.0038725 secs] [Times: user=0.00 sys=0.00, real=0.01 secs] 
2020-10-29T13:19:29.147+0000: [GC (Allocation Failure) 2020-10-29T13:19:29.147+0000: [ParNew: 16388K->4K(18432K), 0.0037903 secs] 483550K->467166K(878452K), 0.0038625 secs] [Times: user=0.01 sys=0.00, real=0.00 secs] 
2020-10-29T13:19:29.166+0000: [GC (Allocation Failure) 2020-10-29T13:19:29.166+0000: [ParNew: 16388K->4K(18432K), 0.0038438 secs] 483550K->467166K(878452K), 0.0039178 secs] [Times: user=0.01 sys=0.00, real=0.01 secs] 
2020-10-29T13:19:29.187+0000: [GC (Allocation Failure) 2020-10-29T13:19:29.187+0000: [ParNew: 16388K->4K(18432K), 0.0037685 secs] 483550K->467166K(878452K), 0.0038415 secs] [Times: user=0.01 sys=0.00, real=0.00 secs] 
2020-10-29T13:19:29.207+0000: [GC (Allocation Failure) 2020-10-29T13:19:29.207+0000: [ParNew: 16388K->4K(18432K), 0.0037988 secs] 483550K->467166K(878452K), 0.0038728 secs] [Times: user=0.01 sys=0.00, real=0.01 secs] 
2020-10-29T13:19:29.226+0000: [GC (Allocation Failure) 2020-10-29T13:19:29.226+0000: [ParNew: 16388K->4K(18432K), 0.0038032 secs] 483550K->467166K(878452K), 0.0039037 secs] [Times: user=0.01 sys=0.00, real=0.01 secs] 
2020-10-29T13:19:29.245+0000: [GC (Allocation Failure) 2020-10-29T13:19:29.245+0000: [ParNew: 16388K->4K(18432K), 0.0035604 secs] 483550K->467166K(878452K), 0.0036258 secs] [Times: user=0.01 sys=0.00, real=0.01 secs] 
2020-10-29T13:19:29.268+0000: [GC (Allocation Failure) 2020-10-29T13:19:29.269+0000: [ParNew: 16388K->4K(18432K), 0.0037587 secs] 483550K->467166K(878452K), 0.0038276 secs] [Times: user=0.00 sys=0.00, real=0.00 secs] 
2020-10-29T13:19:29.282+0000: [GC (Allocation Failure) 2020-10-29T13:19:29.282+0000: [ParNew: 16388K->4K(18432K), 0.0051738 secs] 483550K->475358K(878452K), 0.0052434 secs] [Times: user=0.01 sys=0.00, real=0.01 secs] 
2020-10-29T13:19:29.303+0000: [GC (Allocation Failure) 2020-10-29T13:19:29.303+0000: [ParNew: 16388K->4K(18432K), 0.0034872 secs] 491742K->475358K(878452K), 0.0035482 secs] [Times: user=0.01 sys=0.00, real=0.01 secs] 
2020-10-29T13:19:29.322+0000: [GC (Allocation Failure) 2020-10-29T13:19:29.322+0000: [ParNew: 16388K->4K(18432K), 0.0038029 secs] 491742K->475358K(878452K), 0.0038732 secs] [Times: user=0.01 sys=0.00, real=0.00 secs] 
2020-10-29T13:19:29.343+0000: [GC (Allocation Failure) 2020-10-29T13:19:29.343+0000: [ParNew: 16388K->4K(18432K), 0.0037711 secs] 491742K->475358K(878452K), 0.0038443 secs] [Times: user=0.00 sys=0.01, real=0.01 secs] 
2020-10-29T13:19:29.366+0000: [GC (Allocation Failure) 2020-10-29T13:19:29.366+0000: [ParNew: 16388K->4K(18432K), 0.0035295 secs] 491742K->475358K(878452K), 0.0036001 secs] [Times: user=0.01 sys=0.00, real=0.01 secs] 
2020-10-29T13:19:29.389+0000: [GC (Allocation Failure) 2020-10-29T13:19:29.389+0000: [ParNew: 16388K->4K(18432K), 0.0036319 secs] 491742K->475358K(878452K), 0.0037091 secs] [Times: user=0.01 sys=0.00, real=0.00 secs] 
2020-10-29T13:19:29.401+0000: [GC (Allocation Failure) 2020-10-29T13:19:29.401+0000: [ParNew: 16388K->4K(18432K), 0.0052172 secs] 491742K->483550K(878452K), 0.0052856 secs] [Times: user=0.01 sys=0.00, real=0.00 secs] 
2020-10-29T13:19:29.422+0000: [GC (Allocation Failure) 2020-10-29T13:19:29.423+0000: [ParNew: 16388K->4K(18432K), 0.0037986 secs] 499934K->483550K(878452K), 0.0038685 secs] [Times: user=0.01 sys=0.00, real=0.00 secs] 
2020-10-29T13:19:29.443+0000: [GC (Allocation Failure) 2020-10-29T13:19:29.443+0000: [ParNew: 16388K->4K(18432K), 0.0035757 secs] 499934K->483550K(878452K), 0.0036383 secs] [Times: user=0.01 sys=0.00, real=0.00 secs] 
2020-10-29T13:19:29.462+0000: [GC (Allocation Failure) 2020-10-29T13:19:29.462+0000: [ParNew: 16388K->4K(18432K), 0.0035227 secs] 499934K->483550K(878452K), 0.0035935 secs] [Times: user=0.01 sys=0.00, real=0.00 secs] 
2020-10-29T13:19:29.481+0000: [GC (Allocation Failure) 2020-10-29T13:19:29.481+0000: [ParNew: 16388K->4K(18432K), 0.0035468 secs] 499934K->483550K(878452K), 0.0036112 secs] [Times: user=0.00 sys=0.00, real=0.00 secs] 
2020-10-29T13:19:29.500+0000: [GC (Allocation Failure) 2020-10-29T13:19:29.500+0000: [ParNew: 16388K->4K(18432K), 0.0033213 secs] 499934K->483550K(878452K), 0.0033826 secs] [Times: user=0.01 sys=0.00, real=0.00 secs] 
2020-10-29T13:19:29.519+0000: [GC (Allocation Failure) 2020-10-29T13:19:29.519+0000: [ParNew: 16388K->4K(18432K), 0.0034914 secs] 499934K->483550K(878452K), 0.0035557 secs] [Times: user=0.00 sys=0.00, real=0.00 secs] 
2020-10-29T13:19:29.539+0000: [GC (Allocation Failure) 2020-10-29T13:19:29.539+0000: [ParNew: 16388K->4K(18432K), 0.0037388 secs] 499934K->483550K(878452K), 0.0038342 secs] [Times: user=0.00 sys=0.00, real=0.00 secs] 
2020-10-29T13:19:29.558+0000: [GC (Allocation Failure) 2020-10-29T13:19:29.558+0000: [ParNew: 16388K->4K(18432K), 0.0035968 secs] 499934K->483550K(878452K), 0.0036640 secs] [Times: user=0.01 sys=0.00, real=0.00 secs] 
2020-10-29T13:19:29.578+0000: [GC (Allocation Failure) 2020-10-29T13:19:29.578+0000: [ParNew: 16388K->4K(18432K), 0.0033161 secs] 499934K->483550K(878452K), 0.0033765 secs] [Times: user=0.00 sys=0.00, real=0.00 secs] 
2020-10-29T13:19:29.597+0000: [GC (Allocation Failure) 2020-10-29T13:19:29.597+0000: [ParNew: 16388K->4K(18432K), 0.0033657 secs] 499934K->483550K(878452K), 0.0034287 secs] [Times: user=0.00 sys=0.00, real=0.00 secs] 
2020-10-29T13:19:29.615+0000: [GC (Allocation Failure) 2020-10-29T13:19:29.615+0000: [ParNew: 16388K->4K(18432K), 0.0033096 secs] 499934K->483550K(878452K), 0.0033659 secs] [Times: user=0.01 sys=0.01, real=0.00 secs] 
2020-10-29T13:19:29.634+0000: [GC (Allocation Failure) 2020-10-29T13:19:29.634+0000: [ParNew: 16388K->4K(18432K), 0.0031418 secs] 499934K->483550K(878452K), 0.0031993 secs] [Times: user=0.01 sys=0.00, real=0.01 secs] 
2020-10-29T13:19:29.653+0000: [GC (Allocation Failure) 2020-10-29T13:19:29.653+0000: [ParNew: 16388K->4K(18432K), 0.0037017 secs] 499934K->483550K(878452K), 0.0037701 secs] [Times: user=0.01 sys=0.00, real=0.01 secs] 
2020-10-29T13:19:29.675+0000: [GC (Allocation Failure) 2020-10-29T13:19:29.675+0000: [ParNew: 16388K->4K(18432K), 0.0036486 secs] 499934K->483550K(878452K), 0.0037118 secs] [Times: user=0.01 sys=0.00, real=0.00 secs] 
2020-10-29T13:19:29.698+0000: [GC (Allocation Failure) 2020-10-29T13:19:29.698+0000: [ParNew: 16388K->4K(18432K), 0.0035665 secs] 499934K->483550K(878452K), 0.0036288 secs] [Times: user=0.00 sys=0.00, real=0.00 secs] 
2020-10-29T13:19:29.717+0000: [GC (Allocation Failure) 2020-10-29T13:19:29.717+0000: [ParNew: 16388K->4K(18432K), 0.0036157 secs] 499934K->483550K(878452K), 0.0036816 secs] [Times: user=0.00 sys=0.00, real=0.00 secs] 
2020-10-29T13:19:29.731+0000: [GC (Allocation Failure) 2020-10-29T13:19:29.731+0000: [ParNew: 10812K->4K(18432K), 0.0029637 secs] 494358K->483550K(878452K), 0.0030147 secs] [Times: user=0.00 sys=0.00, real=0.00 secs] 
2020-10-29T13:19:29.743+0000: [GC (Allocation Failure) 2020-10-29T13:19:29.743+0000: [ParNew: 16388K->4K(18432K), 0.0046530 secs] 499934K->491742K(878452K), 0.0047085 secs] [Times: user=0.01 sys=0.00, real=0.01 secs] 
2020-10-29T13:19:29.751+0000: [GC (CMS Initial Mark) [1 CMS-initial-mark: 491738K(860020K)] 492067K(878452K), 0.0018006 secs] [Times: user=0.01 sys=0.00, real=0.00 secs] 
2020-10-29T13:19:29.753+0000: [CMS-concurrent-mark-start]
2020-10-29T13:19:29.775+0000: [GC (Allocation Failure) 2020-10-29T13:19:29.776+0000: [ParNew: 16388K->4K(18432K), 0.0036095 secs] 508126K->491742K(878452K), 0.0036758 secs] [Times: user=0.01 sys=0.00, real=0.00 secs] 
2020-10-29T13:19:29.803+0000: [GC (Allocation Failure) 2020-10-29T13:19:29.803+0000: [ParNew: 16388K->4K(18432K), 0.0035061 secs] 508126K->491742K(878452K), 0.0035727 secs] [Times: user=0.01 sys=0.00, real=0.00 secs] 
2020-10-29T13:19:29.827+0000: [GC (Allocation Failure) 2020-10-29T13:19:29.827+0000: [ParNew: 16388K->4K(18432K), 0.0035749 secs] 508126K->491742K(878452K), 0.0036520 secs] [Times: user=0.00 sys=0.00, real=0.00 secs] 
2020-10-29T13:19:29.849+0000: [GC (Allocation Failure) 2020-10-29T13:19:29.849+0000: [ParNew: 16388K->4K(18432K), 0.0036273 secs] 508126K->491742K(878452K), 0.0036938 secs] [Times: user=0.01 sys=0.00, real=0.00 secs] 
2020-10-29T13:19:29.873+0000: [GC (Allocation Failure) 2020-10-29T13:19:29.873+0000: [ParNew: 16388K->4K(18432K), 0.0037463 secs] 508126K->491742K(878452K), 0.0038161 secs] [Times: user=0.00 sys=0.00, real=0.01 secs] 
2020-10-29T13:19:29.878+0000: [CMS-concurrent-mark: 0.096/0.126 secs] [Times: user=0.24 sys=0.00, real=0.13 secs] 
2020-10-29T13:19:29.879+0000: [CMS-concurrent-preclean-start]
2020-10-29T13:19:29.882+0000: [CMS-concurrent-preclean: 0.003/0.003 secs] [Times: user=0.00 sys=0.00, real=0.00 secs] 
2020-10-29T13:19:29.882+0000: [CMS-concurrent-abortable-preclean-start]
2020-10-29T13:19:29.898+0000: [GC (Allocation Failure) 2020-10-29T13:19:29.899+0000: [ParNew: 16388K->4K(18432K), 0.0054519 secs] 508126K->491742K(878452K), 0.0055210 secs] [Times: user=0.01 sys=0.00, real=0.00 secs] 
2020-10-29T13:19:29.917+0000: [GC (Allocation Failure) 2020-10-29T13:19:29.917+0000: [ParNew: 16388K->4K(18432K), 0.0048010 secs] 508126K->499934K(878452K), 0.0048695 secs] [Times: user=0.01 sys=0.00, real=0.00 secs] 
2020-10-29T13:19:29.941+0000: [GC (Allocation Failure) 2020-10-29T13:19:29.941+0000: [ParNew: 16388K->4K(18432K), 0.0035359 secs] 516318K->499934K(878452K), 0.0035972 secs] [Times: user=0.01 sys=0.00, real=0.00 secs] 
2020-10-29T13:19:29.961+0000: [GC (Allocation Failure) 2020-10-29T13:19:29.961+0000: [ParNew: 16388K->4K(18432K), 0.0029354 secs] 516318K->499934K(878452K), 0.0029934 secs] [Times: user=0.00 sys=0.00, real=0.00 secs] 
2020-10-29T13:19:29.980+0000: [GC (Allocation Failure) 2020-10-29T13:19:29.980+0000: [ParNew: 16388K->4K(18432K), 0.0035919 secs] 516318K->499934K(878452K), 0.0036650 secs] [Times: user=0.00 sys=0.00, real=0.00 secs] 
2020-10-29T13:19:30.000+0000: [GC (Allocation Failure) 2020-10-29T13:19:30.000+0000: [ParNew: 16388K->4K(18432K), 0.0031531 secs] 516318K->499934K(878452K), 0.0032161 secs] [Times: user=0.00 sys=0.00, real=0.00 secs] 
2020-10-29T13:19:30.023+0000: [GC (Allocation Failure) 2020-10-29T13:19:30.023+0000: [ParNew: 16388K->4K(18432K), 0.0038225 secs] 516318K->499934K(878452K), 0.0038984 secs] [Times: user=0.01 sys=0.00, real=0.01 secs] 
2020-10-29T13:19:30.044+0000: [GC (Allocation Failure) 2020-10-29T13:19:30.044+0000: [ParNew: 16388K->4K(18432K), 0.0032256 secs] 516318K->499934K(878452K), 0.0032896 secs] [Times: user=0.00 sys=0.00, real=0.01 secs] 
2020-10-29T13:19:30.063+0000: [GC (Allocation Failure) 2020-10-29T13:19:30.063+0000: [ParNew: 16388K->4K(18432K), 0.0038131 secs] 516318K->499934K(878452K), 0.0038895 secs] [Times: user=0.01 sys=0.00, real=0.01 secs] 
2020-10-29T13:19:30.084+0000: [GC (Allocation Failure) 2020-10-29T13:19:30.084+0000: [ParNew: 16388K->4K(18432K), 0.0038310 secs] 516318K->499934K(878452K), 0.0039045 secs] [Times: user=0.01 sys=0.00, real=0.01 secs] 
2020-10-29T13:19:30.105+0000: [GC (Allocation Failure) 2020-10-29T13:19:30.105+0000: [ParNew: 16388K->4K(18432K), 0.0040372 secs] 516318K->499934K(878452K), 0.0041156 secs] [Times: user=0.01 sys=0.00, real=0.01 secs] 
2020-10-29T13:19:30.127+0000: [GC (Allocation Failure) 2020-10-29T13:19:30.127+0000: [ParNew: 16388K->4K(18432K), 0.0039346 secs] 516318K->499934K(878452K), 0.0040119 secs] [Times: user=0.01 sys=0.00, real=0.00 secs] 
2020-10-29T13:19:30.148+0000: [GC (Allocation Failure) 2020-10-29T13:19:30.148+0000: [ParNew: 16388K->4K(18432K), 0.0038801 secs] 516318K->499934K(878452K), 0.0039569 secs] [Times: user=0.01 sys=0.00, real=0.00 secs] 
2020-10-29T13:19:30.168+0000: [GC (Allocation Failure) 2020-10-29T13:19:30.168+0000: [ParNew: 16388K->4K(18432K), 0.0038852 secs] 516318K->499934K(878452K), 0.0039597 secs] [Times: user=0.01 sys=0.00, real=0.00 secs] 
2020-10-29T13:19:30.191+0000: [GC (Allocation Failure) 2020-10-29T13:19:30.191+0000: [ParNew: 16388K->4K(18432K), 0.0038207 secs] 516318K->499934K(878452K), 0.0038965 secs] [Times: user=0.00 sys=0.01, real=0.01 secs] 
2020-10-29T13:19:30.222+0000: [GC (Allocation Failure) 2020-10-29T13:19:30.222+0000: [ParNew: 16388K->6K(18432K), 0.0037430 secs] 516318K->499936K(878452K), 0.0038163 secs] [Times: user=0.00 sys=0.00, real=0.00 secs] 
2020-10-29T13:19:30.238+0000: [GC (Allocation Failure) 2020-10-29T13:19:30.238+0000: [ParNew: 12076K->6K(18432K), 0.0034936 secs] 512007K->499936K(878452K), 0.0035590 secs] [Times: user=0.01 sys=0.00, real=0.00 secs] 
2020-10-29T13:19:30.255+0000: [GC (Allocation Failure) 2020-10-29T13:19:30.255+0000: [ParNew: 16390K->6K(18432K), 0.0055850 secs] 516320K->508129K(878452K), 0.0056628 secs] [Times: user=0.02 sys=0.00, real=0.00 secs] 
2020-10-29T13:19:30.261+0000: [CMS-concurrent-abortable-preclean: 0.038/0.379 secs] [Times: user=0.70 sys=0.01, real=0.38 secs] 
2020-10-29T13:19:30.262+0000: [GC (CMS Final Remark) [YG occupancy: 331 K (18432 K)]2020-10-29T13:19:30.262+0000: [Rescan (parallel) , 0.0025383 secs]2020-10-29T13:19:30.264+0000: [weak refs processing, 0.0000303 secs]2020-10-29T13:19:30.264+0000: [class unloading, 0.0113909 secs]2020-10-29T13:19:30.276+0000: [scrub symbol table, 0.0111416 secs]2020-10-29T13:19:30.287+0000: [scrub string table, 0.0007518 secs][1 CMS-remark: 508122K(860020K)] 508454K(878452K), 0.0259909 secs] [Times: user=0.03 sys=0.00, real=0.03 secs] 
2020-10-29T13:19:30.288+0000: [CMS-concurrent-sweep-start]
2020-10-29T13:19:30.309+0000: [CMS-concurrent-sweep: 0.021/0.021 secs] [Times: user=0.04 sys=0.00, real=0.02 secs] 
2020-10-29T13:19:30.310+0000: [GC (Allocation Failure) 2020-10-29T13:19:30.310+0000: [ParNew: 16390K->7K(18432K), 0.0037356 secs] 524513K->508129K(878452K), 0.0037870 secs] [Times: user=0.01 sys=0.00, real=0.00 secs] 
2020-10-29T13:19:30.323+0000: [CMS-concurrent-reset-start]
2020-10-29T13:19:30.325+0000: [CMS-concurrent-reset: 0.002/0.002 secs] [Times: user=0.00 sys=0.00, real=0.00 secs] 
2020-10-29T13:19:30.334+0000: [GC (Allocation Failure) 2020-10-29T13:19:30.334+0000: [ParNew: 16391K->7K(18432K), 0.0038504 secs] 524513K->508129K(878452K), 0.0039081 secs] [Times: user=0.01 sys=0.00, real=0.01 secs] 
2020-10-29T13:19:30.354+0000: [GC (Allocation Failure) 2020-10-29T13:19:30.354+0000: [ParNew: 16391K->7K(18432K), 0.0035093 secs] 524513K->508130K(878452K), 0.0035700 secs] [Times: user=0.01 sys=0.00, real=0.01 secs] 
2020-10-29T13:19:30.373+0000: [GC (Allocation Failure) 2020-10-29T13:19:30.373+0000: [ParNew: 16391K->5K(18432K), 0.0032974 secs] 524514K->508130K(878452K), 0.0033558 secs] [Times: user=0.01 sys=0.00, real=0.01 secs] 
2020-10-29T13:19:30.392+0000: [GC (Allocation Failure) 2020-10-29T13:19:30.392+0000: [ParNew: 16389K->4K(18432K), 0.0048872 secs] 524514K->508129K(878452K), 0.0049645 secs] [Times: user=0.01 sys=0.00, real=0.01 secs] 
2020-10-29T13:19:30.415+0000: [GC (Allocation Failure) 2020-10-29T13:19:30.415+0000: [ParNew: 16388K->4K(18432K), 0.0037993 secs] 524513K->508129K(878452K), 0.0038717 secs] [Times: user=0.01 sys=0.00, real=0.00 secs] 
2020-10-29T13:19:30.435+0000: [GC (Allocation Failure) 2020-10-29T13:19:30.435+0000: [ParNew: 16388K->4K(18432K), 0.0035970 secs] 524513K->508129K(878452K), 0.0036617 secs] [Times: user=0.01 sys=0.00, real=0.00 secs] 
2020-10-29T13:19:30.447+0000: [GC (Allocation Failure) 2020-10-29T13:19:30.447+0000: [ParNew: 16388K->4K(18432K), 0.0053665 secs] 524513K->516321K(878452K), 0.0054404 secs] [Times: user=0.01 sys=0.00, real=0.00 secs] 
2020-10-29T13:19:30.469+0000: [GC (Allocation Failure) 2020-10-29T13:19:30.469+0000: [ParNew: 16388K->4K(18432K), 0.0037837 secs] 532705K->516321K(878452K), 0.0038561 secs] [Times: user=0.01 sys=0.00, real=0.00 secs] 
2020-10-29T13:19:30.491+0000: [GC (Allocation Failure) 2020-10-29T13:19:30.491+0000: [ParNew: 16388K->4K(18432K), 0.0034444 secs] 532705K->516321K(878452K), 0.0035079 secs] [Times: user=0.00 sys=0.00, real=0.00 secs] 
2020-10-29T13:19:30.510+0000: [GC (Allocation Failure) 2020-10-29T13:19:30.510+0000: [ParNew: 16388K->4K(18432K), 0.0031637 secs] 532705K->516321K(878452K), 0.0032217 secs] [Times: user=0.01 sys=0.00, real=0.00 secs] 
2020-10-29T13:19:30.531+0000: [GC (Allocation Failure) 2020-10-29T13:19:30.531+0000: [ParNew: 16388K->4K(18432K), 0.0035080 secs] 532705K->516321K(878452K), 0.0035717 secs] [Times: user=0.01 sys=0.00, real=0.00 secs] 
2020-10-29T13:19:30.551+0000: [GC (Allocation Failure) 2020-10-29T13:19:30.551+0000: [ParNew: 16388K->4K(18432K), 0.0032306 secs] 532705K->516321K(878452K), 0.0032879 secs] [Times: user=0.01 sys=0.00, real=0.00 secs] 
2020-10-29T13:19:30.571+0000: [GC (Allocation Failure) 2020-10-29T13:19:30.571+0000: [ParNew: 16388K->4K(18432K), 0.0034895 secs] 532705K->516321K(878452K), 0.0035530 secs] [Times: user=0.00 sys=0.00, real=0.00 secs] 
2020-10-29T13:19:30.591+0000: [GC (Allocation Failure) 2020-10-29T13:19:30.591+0000: [ParNew: 16388K->4K(18432K), 0.0033286 secs] 532705K->516321K(878452K), 0.0033893 secs] [Times: user=0.00 sys=0.00, real=0.00 secs] 
2020-10-29T13:19:30.610+0000: [GC (Allocation Failure) 2020-10-29T13:19:30.610+0000: [ParNew: 16388K->4K(18432K), 0.0033938 secs] 532705K->516321K(878452K), 0.0034629 secs] [Times: user=0.01 sys=0.00, real=0.00 secs] 
2020-10-29T13:19:30.663+0000: [GC (Allocation Failure) 2020-10-29T13:19:30.663+0000: [ParNew: 16388K->4K(18432K), 0.0038420 secs] 532705K->516321K(878452K), 0.0039363 secs] [Times: user=0.01 sys=0.00, real=0.01 secs] 
2020-10-29T13:19:30.703+0000: [GC (Allocation Failure) 2020-10-29T13:19:30.703+0000: [ParNew: 16388K->4K(18432K), 0.0038413 secs] 532705K->516321K(878452K), 0.0039348 secs] [Times: user=0.01 sys=0.00, real=0.01 secs] 
2020-10-29T13:19:30.736+0000: [GC (Allocation Failure) 2020-10-29T13:19:30.736+0000: [ParNew: 16388K->4K(18432K), 0.0038292 secs] 532705K->516321K(878452K), 0.0039115 secs] [Times: user=0.01 sys=0.00, real=0.00 secs] 
2020-10-29T13:19:30.792+0000: [GC (Allocation Failure) 2020-10-29T13:19:30.792+0000: [ParNew: 16388K->4K(18432K), 0.0088343 secs] 532705K->516321K(878452K), 0.0089209 secs] [Times: user=0.00 sys=0.00, real=0.01 secs] 
2020-10-29T13:19:30.844+0000: [GC (Allocation Failure) 2020-10-29T13:19:30.844+0000: [ParNew: 16388K->4K(18432K), 0.0038476 secs] 532705K->516321K(878452K), 0.0039241 secs] [Times: user=0.01 sys=0.00, real=0.01 secs] 
2020-10-29T13:19:30.886+0000: [GC (Allocation Failure) 2020-10-29T13:19:30.886+0000: [ParNew: 16388K->4K(18432K), 0.0038553 secs] 532705K->516321K(878452K), 0.0040320 secs] [Times: user=0.01 sys=0.00, real=0.01 secs] 
2020-10-29T13:19:30.908+0000: [GC (Allocation Failure) 2020-10-29T13:19:30.908+0000: [ParNew: 14194K->4K(18432K), 0.0037364 secs] 530511K->516321K(878452K), 0.0038072 secs] [Times: user=0.00 sys=0.00, real=0.00 secs] 
2020-10-29T13:19:30.923+0000: [GC (Allocation Failure) 2020-10-29T13:19:30.923+0000: [ParNew: 16388K->4K(18432K), 0.0054918 secs] 532705K->524513K(878452K), 0.0055619 secs] [Times: user=0.01 sys=0.00, real=0.01 secs] 
2020-10-29T13:19:30.945+0000: [GC (Allocation Failure) 2020-10-29T13:19:30.945+0000: [ParNew: 16388K->4K(18432K), 0.0037611 secs] 540897K->524513K(878452K), 0.0038302 secs] [Times: user=0.01 sys=0.00, real=0.01 secs] 
2020-10-29T13:19:30.966+0000: [GC (Allocation Failure) 2020-10-29T13:19:30.966+0000: [ParNew: 16388K->4K(18432K), 0.0035381 secs] 540897K->524513K(878452K), 0.0035999 secs] [Times: user=0.01 sys=0.00, real=0.01 secs] 
2020-10-29T13:19:30.987+0000: [GC (Allocation Failure) 2020-10-29T13:19:30.987+0000: [ParNew: 16388K->4K(18432K), 0.0035803 secs] 540897K->524513K(878452K), 0.0036442 secs] [Times: user=0.00 sys=0.00, real=0.00 secs] 
2020-10-29T13:19:31.006+0000: [GC (Allocation Failure) 2020-10-29T13:19:31.007+0000: [ParNew: 16388K->4K(18432K), 0.0037253 secs] 540897K->524513K(878452K), 0.0037883 secs] [Times: user=0.01 sys=0.00, real=0.01 secs] 
2020-10-29T13:19:31.026+0000: [GC (Allocation Failure) 2020-10-29T13:19:31.026+0000: [ParNew: 16388K->4K(18432K), 0.0037609 secs] 540897K->524513K(878452K), 0.0038303 secs] [Times: user=0.01 sys=0.00, real=0.01 secs] 
2020-10-29T13:19:31.055+0000: [GC (Allocation Failure) 2020-10-29T13:19:31.055+0000: [ParNew: 16388K->4K(18432K), 0.0036809 secs] 540897K->524513K(878452K), 0.0037440 secs] [Times: user=0.00 sys=0.00, real=0.00 secs] 
2020-10-29T13:19:31.079+0000: [GC (Allocation Failure) 2020-10-29T13:19:31.079+0000: [ParNew: 16388K->4K(18432K), 0.0051950 secs] 540897K->532705K(878452K), 0.0052680 secs] [Times: user=0.01 sys=0.00, real=0.00 secs] 
2020-10-29T13:19:31.113+0000: [GC (Allocation Failure) 2020-10-29T13:19:31.113+0000: [ParNew: 16388K->4K(18432K), 0.0039706 secs] 549089K->532705K(878452K), 0.0040449 secs] [Times: user=0.00 sys=0.00, real=0.01 secs] 
2020-10-29T13:19:31.147+0000: [GC (Allocation Failure) 2020-10-29T13:19:31.147+0000: [ParNew: 16388K->4K(18432K), 0.0037837 secs] 549089K->532705K(878452K), 0.0038566 secs] [Times: user=0.01 sys=0.00, real=0.00 secs] 
2020-10-29T13:19:31.179+0000: [GC (Allocation Failure) 2020-10-29T13:19:31.179+0000: [ParNew: 16388K->4K(18432K), 0.0037596 secs] 549089K->532705K(878452K), 0.0038331 secs] [Times: user=0.01 sys=0.00, real=0.00 secs] 
2020-10-29T13:19:31.212+0000: [GC (Allocation Failure) 2020-10-29T13:19:31.212+0000: [ParNew: 16388K->4K(18432K), 0.0037796 secs] 549089K->532705K(878452K), 0.0038502 secs] [Times: user=0.00 sys=0.00, real=0.01 secs] 
2020-10-29T13:19:31.351+0000: [GC (Allocation Failure) 2020-10-29T13:19:31.351+0000: [ParNew: 16388K->4K(18432K), 0.0038340 secs] 549089K->532707K(878452K), 0.0039101 secs] [Times: user=0.00 sys=0.00, real=0.00 secs] 
2020-10-29T13:19:31.842+0000: [GC (Allocation Failure) 2020-10-29T13:19:31.842+0000: [ParNew: 16388K->4K(18432K), 0.0037585 secs] 549091K->532707K(878452K), 0.0038372 secs] [Times: user=0.01 sys=0.00, real=0.00 secs] 
2020-10-29T13:19:32.118+0000: [GC (Allocation Failure) 2020-10-29T13:19:32.118+0000: [ParNew: 16388K->4K(18432K), 0.0038045 secs] 549091K->532707K(878452K), 0.0038842 secs] [Times: user=0.01 sys=0.00, real=0.00 secs] 
2020-10-29T13:19:37.757+0000: [GC (Allocation Failure) 2020-10-29T13:19:37.757+0000: [ParNew: 16388K->71K(18432K), 0.0064720 secs] 549091K->532775K(878452K), 0.0065500 secs] [Times: user=0.01 sys=0.00, real=0.00 secs] 
Heap
 par new generation   total 18432K, used 5496K [0x00000000c0000000, 0x00000000c1400000, 0x00000000ca660000)
  eden space 16384K,  33% used [0x00000000c0000000, 0x00000000c054c1d8, 0x00000000c1000000)
  from space 2048K,   3% used [0x00000000c1200000, 0x00000000c1211ff8, 0x00000000c1400000)
  to   space 2048K,   0% used [0x00000000c1000000, 0x00000000c1000000, 0x00000000c1200000)
 concurrent mark-sweep generation total 860020K, used 532703K [0x00000000ca660000, 0x00000000fee3d000, 0x0000000100000000)
 Metaspace       used 70421K, capacity 71762K, committed 71928K, reserved 1112064K
  class space    used 9447K, capacity 9698K, committed 9752K, reserved 1048576K
End of LogType:stdout



Container: container_1603959726485_0011_01_000003 on ip-10-0-47-24.ec2.internal_8041
======================================================================================
LogType:stderr
Log Upload Time:gio ott 29 13:19:38 +0000 2020
LogLength:25371
Log Contents:
SLF4J: Class path contains multiple SLF4J bindings.
SLF4J: Found binding in [jar:file:/mnt/yarn/usercache/hadoop/filecache/40/__spark_libs__7431892075664985131.zip/slf4j-log4j12-1.7.16.jar!/org/slf4j/impl/StaticLoggerBinder.class]
SLF4J: Found binding in [jar:file:/usr/lib/hadoop/lib/slf4j-log4j12-1.7.10.jar!/org/slf4j/impl/StaticLoggerBinder.class]
SLF4J: See http://www.slf4j.org/codes.html#multiple_bindings for an explanation.
SLF4J: Actual binding is of type [org.slf4j.impl.Log4jLoggerFactory]
20/10/29 13:17:17 INFO CoarseGrainedExecutorBackend: Started daemon with process name: 5927@ip-10-0-47-24
20/10/29 13:17:17 INFO SignalUtils: Registered signal handler for TERM
20/10/29 13:17:17 INFO SignalUtils: Registered signal handler for HUP
20/10/29 13:17:17 INFO SignalUtils: Registered signal handler for INT
20/10/29 13:17:18 INFO SecurityManager: Changing view acls to: yarn,hadoop
20/10/29 13:17:18 INFO SecurityManager: Changing modify acls to: yarn,hadoop
20/10/29 13:17:18 INFO SecurityManager: Changing view acls groups to: 
20/10/29 13:17:18 INFO SecurityManager: Changing modify acls groups to: 
20/10/29 13:17:18 INFO SecurityManager: SecurityManager: authentication disabled; ui acls disabled; users  with view permissions: Set(yarn, hadoop); groups with view permissions: Set(); users  with modify permissions: Set(yarn, hadoop); groups with modify permissions: Set()
20/10/29 13:17:18 INFO TransportClientFactory: Successfully created connection to ip-10-0-63-237.ec2.internal/10.0.63.237:37355 after 98 ms (0 ms spent in bootstraps)
20/10/29 13:17:18 INFO SecurityManager: Changing view acls to: yarn,hadoop
20/10/29 13:17:18 INFO SecurityManager: Changing modify acls to: yarn,hadoop
20/10/29 13:17:18 INFO SecurityManager: Changing view acls groups to: 
20/10/29 13:17:18 INFO SecurityManager: Changing modify acls groups to: 
20/10/29 13:17:18 INFO SecurityManager: SecurityManager: authentication disabled; ui acls disabled; users  with view permissions: Set(yarn, hadoop); groups with view permissions: Set(); users  with modify permissions: Set(yarn, hadoop); groups with modify permissions: Set()
20/10/29 13:17:19 INFO TransportClientFactory: Successfully created connection to ip-10-0-63-237.ec2.internal/10.0.63.237:37355 after 6 ms (0 ms spent in bootstraps)
20/10/29 13:17:19 INFO DiskBlockManager: Created local directory at /mnt/yarn/usercache/hadoop/appcache/application_1603959726485_0011/blockmgr-900ecaa5-9772-49cc-ab88-5d73e4163471
20/10/29 13:17:19 INFO MemoryStore: MemoryStore started with capacity 424.4 MB
20/10/29 13:17:19 INFO CoarseGrainedExecutorBackend: Connecting to driver: spark://CoarseGrainedScheduler@ip-10-0-63-237.ec2.internal:37355
20/10/29 13:17:19 INFO CoarseGrainedExecutorBackend: Successfully registered with driver
20/10/29 13:17:19 INFO Executor: Starting executor ID 1 on host ip-10-0-47-24.ec2.internal
20/10/29 13:17:19 INFO Utils: Successfully started service 'org.apache.spark.network.netty.NettyBlockTransferService' on port 42555.
20/10/29 13:17:19 INFO NettyBlockTransferService: Server created on ip-10-0-47-24.ec2.internal:42555
20/10/29 13:17:19 INFO BlockManager: Using org.apache.spark.storage.RandomBlockReplicationPolicy for block replication policy
20/10/29 13:17:19 INFO BlockManagerMaster: Registering BlockManager BlockManagerId(1, ip-10-0-47-24.ec2.internal, 42555, None)
20/10/29 13:17:19 INFO BlockManagerMaster: Registered BlockManager BlockManagerId(1, ip-10-0-47-24.ec2.internal, 42555, None)
20/10/29 13:17:19 INFO BlockManager: external shuffle service port = 7337
20/10/29 13:17:19 INFO BlockManager: Registering executor with local external shuffle service.
20/10/29 13:17:19 INFO TransportClientFactory: Successfully created connection to ip-10-0-47-24.ec2.internal/10.0.47.24:7337 after 1 ms (0 ms spent in bootstraps)
20/10/29 13:17:19 INFO BlockManager: Initialized BlockManager: BlockManagerId(1, ip-10-0-47-24.ec2.internal, 42555, None)
20/10/29 13:17:19 INFO CoarseGrainedExecutorBackend: Got assigned task 0
20/10/29 13:17:19 INFO Executor: Running task 0.0 in stage 0.0 (TID 0)
20/10/29 13:17:20 INFO TorrentBroadcast: Started reading broadcast variable 1
20/10/29 13:17:20 INFO TransportClientFactory: Successfully created connection to ip-10-0-63-237.ec2.internal/10.0.63.237:36337 after 2 ms (0 ms spent in bootstraps)
20/10/29 13:17:20 INFO MemoryStore: Block broadcast_1_piece0 stored as bytes in memory (estimated size 14.0 KB, free 424.4 MB)
20/10/29 13:17:20 INFO TorrentBroadcast: Reading broadcast variable 1 took 131 ms
20/10/29 13:17:20 INFO MemoryStore: Block broadcast_1 stored as values in memory (estimated size 33.5 KB, free 424.4 MB)
20/10/29 13:17:21 INFO CodeGenerator: Code generated in 466.816085 ms
20/10/29 13:17:21 INFO CodeGenerator: Code generated in 84.144623 ms
20/10/29 13:17:21 INFO CodeGenerator: Code generated in 38.613632 ms
20/10/29 13:17:21 INFO FileScanRDD: Reading File path: s3://spectral-regression-spark-bucket/spectral_data_class.csv, range: 0-134217728, partition values: [empty row]
20/10/29 13:17:21 INFO CodeGenerator: Code generated in 26.624241 ms
20/10/29 13:17:21 INFO TorrentBroadcast: Started reading broadcast variable 0
20/10/29 13:17:21 INFO MemoryStore: Block broadcast_0_piece0 stored as bytes in memory (estimated size 36.7 KB, free 424.3 MB)
20/10/29 13:17:21 INFO TorrentBroadcast: Reading broadcast variable 0 took 16 ms
20/10/29 13:17:21 INFO MemoryStore: Block broadcast_0 stored as values in memory (estimated size 576.5 KB, free 423.7 MB)
20/10/29 13:17:24 INFO S3NativeFileSystem: Opening 's3://spectral-regression-spark-bucket/spectral_data_class.csv' for reading
20/10/29 13:17:24 INFO GPLNativeCodeLoader: Loaded native gpl library
20/10/29 13:17:24 INFO LzoCodec: Successfully loaded & initialized native-lzo library [hadoop-lzo rev 1546b8dc0ca6f1ffd26a812d52bd7b80915e0a25]
20/10/29 13:17:35 INFO Executor: Finished task 0.0 in stage 0.0 (TID 0). 1922 bytes result sent to driver
20/10/29 13:17:36 INFO CoarseGrainedExecutorBackend: Got assigned task 1
20/10/29 13:17:36 INFO Executor: Running task 0.0 in stage 1.0 (TID 1)
20/10/29 13:17:36 INFO CoarseGrainedExecutorBackend: Got assigned task 2
20/10/29 13:17:36 INFO Executor: Running task 1.0 in stage 1.0 (TID 2)
20/10/29 13:17:36 INFO TorrentBroadcast: Started reading broadcast variable 4
20/10/29 13:17:36 INFO MemoryStore: Block broadcast_4_piece0 stored as bytes in memory (estimated size 15.5 KB, free 423.8 MB)
20/10/29 13:17:36 INFO TorrentBroadcast: Reading broadcast variable 4 took 10 ms
20/10/29 13:17:36 INFO MemoryStore: Block broadcast_4 stored as values in memory (estimated size 36.6 KB, free 423.7 MB)
20/10/29 13:17:37 INFO CodeGenerator: Code generated in 112.681853 ms
20/10/29 13:17:38 INFO CodeGenerator: Code generated in 21.571943 ms
20/10/29 13:17:38 INFO FileScanRDD: Reading File path: s3://spectral-regression-spark-bucket/spectral_data_class.csv, range: 0-134217728, partition values: [empty row]
20/10/29 13:17:38 INFO FileScanRDD: Reading File path: s3://spectral-regression-spark-bucket/spectral_data_class.csv, range: 134217728-268435456, partition values: [empty row]
20/10/29 13:17:38 INFO TorrentBroadcast: Started reading broadcast variable 2
20/10/29 13:17:38 INFO MemoryStore: Block broadcast_2_piece0 stored as bytes in memory (estimated size 36.7 KB, free 423.6 MB)
20/10/29 13:17:39 INFO TorrentBroadcast: Reading broadcast variable 2 took 16 ms
20/10/29 13:17:39 INFO MemoryStore: Block broadcast_2 stored as values in memory (estimated size 576.5 KB, free 423.0 MB)
20/10/29 13:17:39 INFO S3NativeFileSystem: Opening 's3://spectral-regression-spark-bucket/spectral_data_class.csv' for reading
20/10/29 13:17:39 INFO S3NativeFileSystem: Opening 's3://spectral-regression-spark-bucket/spectral_data_class.csv' for reading
20/10/29 13:17:49 INFO UnsafeExternalSorter: Thread 36 spilling sort data of 192.0 MB to disk (0  time so far)
20/10/29 13:17:50 INFO UnsafeExternalSorter: Thread 28 spilling sort data of 192.0 MB to disk (0  time so far)
20/10/29 13:17:57 INFO JniLoader: successfully loaded /mnt/yarn/usercache/hadoop/appcache/application_1603959726485_0011/container_1603959726485_0011_01_000003/tmp/jniloader5541915458918117286netlib-native_system-linux-x86_64.so
20/10/29 13:18:03 INFO Executor: Finished task 1.0 in stage 1.0 (TID 2). 2442 bytes result sent to driver
20/10/29 13:18:03 INFO Executor: Finished task 0.0 in stage 1.0 (TID 1). 2442 bytes result sent to driver
20/10/29 13:18:04 INFO CoarseGrainedExecutorBackend: Got assigned task 4
20/10/29 13:18:04 INFO Executor: Running task 0.0 in stage 2.0 (TID 4)
20/10/29 13:18:04 INFO CoarseGrainedExecutorBackend: Got assigned task 6
20/10/29 13:18:04 INFO TorrentBroadcast: Started reading broadcast variable 6
20/10/29 13:18:04 INFO Executor: Running task 2.0 in stage 2.0 (TID 6)
20/10/29 13:18:04 INFO MemoryStore: Block broadcast_6_piece0 stored as bytes in memory (estimated size 17.1 KB, free 423.8 MB)
20/10/29 13:18:04 INFO TorrentBroadcast: Reading broadcast variable 6 took 13 ms
20/10/29 13:18:04 INFO MemoryStore: Block broadcast_6 stored as values in memory (estimated size 38.2 KB, free 423.8 MB)
20/10/29 13:18:04 INFO CodeGenerator: Code generated in 54.941702 ms
20/10/29 13:18:04 INFO CodeGenerator: Code generated in 34.265914 ms
20/10/29 13:18:04 INFO FileScanRDD: Reading File path: s3://spectral-regression-spark-bucket/spectral_data_class.csv, range: 161602326-242403489, partition values: [empty row]
20/10/29 13:18:04 INFO TorrentBroadcast: Started reading broadcast variable 5
20/10/29 13:18:04 INFO FileScanRDD: Reading File path: s3://spectral-regression-spark-bucket/spectral_data_class.csv, range: 0-80801163, partition values: [empty row]
20/10/29 13:18:04 INFO MemoryStore: Block broadcast_5_piece0 stored as bytes in memory (estimated size 36.7 KB, free 423.6 MB)
20/10/29 13:18:04 INFO TorrentBroadcast: Reading broadcast variable 5 took 14 ms
20/10/29 13:18:04 INFO MemoryStore: Block broadcast_5 stored as values in memory (estimated size 576.5 KB, free 423.0 MB)
20/10/29 13:18:04 INFO S3NativeFileSystem: Opening 's3://spectral-regression-spark-bucket/spectral_data_class.csv' for reading
20/10/29 13:18:04 INFO S3NativeFileSystem: Opening 's3://spectral-regression-spark-bucket/spectral_data_class.csv' for reading
20/10/29 13:18:19 INFO Executor: Finished task 2.0 in stage 2.0 (TID 6). 2343 bytes result sent to driver
20/10/29 13:18:19 INFO Executor: Finished task 0.0 in stage 2.0 (TID 4). 2343 bytes result sent to driver
20/10/29 13:18:19 INFO CoarseGrainedExecutorBackend: Got assigned task 9
20/10/29 13:18:19 INFO CoarseGrainedExecutorBackend: Got assigned task 11
20/10/29 13:18:19 INFO Executor: Running task 1.0 in stage 3.0 (TID 9)
20/10/29 13:18:19 INFO Executor: Running task 3.0 in stage 3.0 (TID 11)
20/10/29 13:18:19 INFO TorrentBroadcast: Started reading broadcast variable 7
20/10/29 13:18:19 INFO MemoryStore: Block broadcast_7_piece0 stored as bytes in memory (estimated size 16.9 KB, free 423.2 MB)
20/10/29 13:18:19 INFO TorrentBroadcast: Reading broadcast variable 7 took 8 ms
20/10/29 13:18:19 INFO MemoryStore: Block broadcast_7 stored as values in memory (estimated size 37.3 KB, free 423.1 MB)
20/10/29 13:18:19 INFO FileScanRDD: Reading File path: s3://spectral-regression-spark-bucket/spectral_data_class.csv, range: 242403489-319010350, partition values: [empty row]
20/10/29 13:18:19 INFO FileScanRDD: Reading File path: s3://spectral-regression-spark-bucket/spectral_data_class.csv, range: 80801163-161602326, partition values: [empty row]
20/10/29 13:18:19 INFO S3NativeFileSystem: Opening 's3://spectral-regression-spark-bucket/spectral_data_class.csv' for reading
20/10/29 13:18:19 INFO S3NativeFileSystem: Opening 's3://spectral-regression-spark-bucket/spectral_data_class.csv' for reading
20/10/29 13:18:31 INFO Executor: Finished task 3.0 in stage 3.0 (TID 11). 1860 bytes result sent to driver
20/10/29 13:18:31 INFO Executor: Finished task 1.0 in stage 3.0 (TID 9). 1860 bytes result sent to driver
20/10/29 13:18:32 INFO CoarseGrainedExecutorBackend: Got assigned task 13
20/10/29 13:18:32 INFO CoarseGrainedExecutorBackend: Got assigned task 15
20/10/29 13:18:32 INFO Executor: Running task 3.0 in stage 4.0 (TID 15)
20/10/29 13:18:32 INFO Executor: Running task 1.0 in stage 4.0 (TID 13)
20/10/29 13:18:32 INFO TorrentBroadcast: Started reading broadcast variable 9
20/10/29 13:18:32 INFO MemoryStore: Block broadcast_9_piece0 stored as bytes in memory (estimated size 15.1 KB, free 423.2 MB)
20/10/29 13:18:32 INFO TorrentBroadcast: Reading broadcast variable 9 took 9 ms
20/10/29 13:18:32 INFO MemoryStore: Block broadcast_9 stored as values in memory (estimated size 33.2 KB, free 423.2 MB)
20/10/29 13:18:32 INFO CodeGenerator: Code generated in 33.072432 ms
20/10/29 13:18:32 INFO FileScanRDD: Reading File path: s3://spectral-regression-spark-bucket/spectral_data_class.csv, range: 242403489-319010350, partition values: [empty row]
20/10/29 13:18:32 INFO FileScanRDD: Reading File path: s3://spectral-regression-spark-bucket/spectral_data_class.csv, range: 80801163-161602326, partition values: [empty row]
20/10/29 13:18:32 INFO TorrentBroadcast: Started reading broadcast variable 8
20/10/29 13:18:32 INFO MemoryStore: Block broadcast_8_piece0 stored as bytes in memory (estimated size 36.7 KB, free 423.0 MB)
20/10/29 13:18:32 INFO TorrentBroadcast: Reading broadcast variable 8 took 10 ms
20/10/29 13:18:32 INFO MemoryStore: Block broadcast_8 stored as values in memory (estimated size 576.5 KB, free 422.5 MB)
20/10/29 13:18:32 INFO S3NativeFileSystem: Opening 's3://spectral-regression-spark-bucket/spectral_data_class.csv' for reading
20/10/29 13:18:32 INFO S3NativeFileSystem: Opening 's3://spectral-regression-spark-bucket/spectral_data_class.csv' for reading
20/10/29 13:18:43 INFO Executor: Finished task 3.0 in stage 4.0 (TID 15). 2588 bytes result sent to driver
20/10/29 13:18:43 INFO Executor: Finished task 1.0 in stage 4.0 (TID 13). 2545 bytes result sent to driver
20/10/29 13:18:44 INFO CoarseGrainedExecutorBackend: Got assigned task 16
20/10/29 13:18:44 INFO Executor: Running task 0.0 in stage 5.0 (TID 16)
20/10/29 13:18:44 INFO MapOutputTrackerWorker: Updating epoch to 1 and clearing cache
20/10/29 13:18:44 INFO TorrentBroadcast: Started reading broadcast variable 10
20/10/29 13:18:44 INFO MemoryStore: Block broadcast_10_piece0 stored as bytes in memory (estimated size 3.8 KB, free 422.6 MB)
20/10/29 13:18:44 INFO TorrentBroadcast: Reading broadcast variable 10 took 9 ms
20/10/29 13:18:44 INFO MemoryStore: Block broadcast_10 stored as values in memory (estimated size 7.1 KB, free 422.6 MB)
20/10/29 13:18:44 INFO MapOutputTrackerWorker: Don't have map outputs for shuffle 0, fetching them
20/10/29 13:18:44 INFO MapOutputTrackerWorker: Doing the fetch; tracker endpoint = NettyRpcEndpointRef(spark://MapOutputTracker@ip-10-0-63-237.ec2.internal:37355)
20/10/29 13:18:44 INFO MapOutputTrackerWorker: Got the output locations
20/10/29 13:18:44 INFO ShuffleBlockFetcherIterator: Getting 4 non-empty blocks including 2 local blocks and 2 remote blocks
20/10/29 13:18:44 INFO TransportClientFactory: Successfully created connection to ip-10-0-45-238.ec2.internal/10.0.45.238:7337 after 3 ms (0 ms spent in bootstraps)
20/10/29 13:18:44 INFO ShuffleBlockFetcherIterator: Started 1 remote fetches in 61 ms
20/10/29 13:18:44 INFO CodeGenerator: Code generated in 14.949057 ms
20/10/29 13:18:44 INFO Executor: Finished task 0.0 in stage 5.0 (TID 16). 1825 bytes result sent to driver
20/10/29 13:18:44 INFO CoarseGrainedExecutorBackend: Got assigned task 17
20/10/29 13:18:44 INFO Executor: Running task 0.0 in stage 6.0 (TID 17)
20/10/29 13:18:44 INFO CoarseGrainedExecutorBackend: Got assigned task 19
20/10/29 13:18:44 INFO TorrentBroadcast: Started reading broadcast variable 12
20/10/29 13:18:44 INFO Executor: Running task 2.0 in stage 6.0 (TID 19)
20/10/29 13:18:44 INFO MemoryStore: Block broadcast_12_piece0 stored as bytes in memory (estimated size 17.6 KB, free 423.2 MB)
20/10/29 13:18:44 INFO TorrentBroadcast: Reading broadcast variable 12 took 7 ms
20/10/29 13:18:44 INFO MemoryStore: Block broadcast_12 stored as values in memory (estimated size 38.9 KB, free 423.2 MB)
20/10/29 13:18:44 INFO CodeGenerator: Code generated in 82.567885 ms
20/10/29 13:18:44 INFO FileScanRDD: Reading File path: s3://spectral-regression-spark-bucket/spectral_data_class.csv, range: 0-80801163, partition values: [empty row]
20/10/29 13:18:45 INFO FileScanRDD: Reading File path: s3://spectral-regression-spark-bucket/spectral_data_class.csv, range: 161602326-242403489, partition values: [empty row]
20/10/29 13:18:45 INFO TorrentBroadcast: Started reading broadcast variable 11
20/10/29 13:18:45 INFO MemoryStore: Block broadcast_11_piece0 stored as bytes in memory (estimated size 36.7 KB, free 423.0 MB)
20/10/29 13:18:45 INFO TorrentBroadcast: Reading broadcast variable 11 took 8 ms
20/10/29 13:18:45 INFO MemoryStore: Block broadcast_11 stored as values in memory (estimated size 576.5 KB, free 422.4 MB)
20/10/29 13:18:45 INFO S3NativeFileSystem: Opening 's3://spectral-regression-spark-bucket/spectral_data_class.csv' for reading
20/10/29 13:18:45 INFO S3NativeFileSystem: Opening 's3://spectral-regression-spark-bucket/spectral_data_class.csv' for reading
20/10/29 13:18:55 INFO Executor: Finished task 2.0 in stage 6.0 (TID 19). 2343 bytes result sent to driver
20/10/29 13:18:56 INFO Executor: Finished task 0.0 in stage 6.0 (TID 17). 2343 bytes result sent to driver
20/10/29 13:18:56 INFO CoarseGrainedExecutorBackend: Got assigned task 22
20/10/29 13:18:56 INFO Executor: Running task 1.0 in stage 7.0 (TID 22)
20/10/29 13:18:56 INFO TorrentBroadcast: Started reading broadcast variable 14
20/10/29 13:18:56 INFO CoarseGrainedExecutorBackend: Got assigned task 24
20/10/29 13:18:56 INFO Executor: Running task 3.0 in stage 7.0 (TID 24)
20/10/29 13:18:56 INFO MemoryStore: Block broadcast_14_piece0 stored as bytes in memory (estimated size 19.1 KB, free 423.2 MB)
20/10/29 13:18:56 INFO TorrentBroadcast: Reading broadcast variable 14 took 12 ms
20/10/29 13:18:56 INFO MemoryStore: Block broadcast_14 stored as values in memory (estimated size 45.8 KB, free 423.2 MB)
20/10/29 13:18:56 INFO CodeGenerator: Code generated in 90.19762 ms
20/10/29 13:18:56 INFO FileScanRDD: Reading File path: s3://spectral-regression-spark-bucket/spectral_data_class.csv, range: 242403489-319010350, partition values: [empty row]
20/10/29 13:18:56 INFO FileScanRDD: Reading File path: s3://spectral-regression-spark-bucket/spectral_data_class.csv, range: 80801163-161602326, partition values: [empty row]
20/10/29 13:18:56 INFO TorrentBroadcast: Started reading broadcast variable 13
20/10/29 13:18:56 INFO MemoryStore: Block broadcast_13_piece0 stored as bytes in memory (estimated size 36.7 KB, free 423.0 MB)
20/10/29 13:18:56 INFO TorrentBroadcast: Reading broadcast variable 13 took 19 ms
20/10/29 13:18:56 INFO MemoryStore: Block broadcast_13 stored as values in memory (estimated size 576.5 KB, free 422.4 MB)
20/10/29 13:18:56 INFO S3NativeFileSystem: Opening 's3://spectral-regression-spark-bucket/spectral_data_class.csv' for reading
20/10/29 13:18:56 INFO S3NativeFileSystem: Opening 's3://spectral-regression-spark-bucket/spectral_data_class.csv' for reading
20/10/29 13:19:07 INFO Executor: Finished task 3.0 in stage 7.0 (TID 24). 2405 bytes result sent to driver
20/10/29 13:19:07 INFO Executor: Finished task 1.0 in stage 7.0 (TID 22). 2405 bytes result sent to driver
20/10/29 13:19:08 INFO CoarseGrainedExecutorBackend: Got assigned task 26
20/10/29 13:19:08 INFO CoarseGrainedExecutorBackend: Got assigned task 28
20/10/29 13:19:08 INFO Executor: Running task 1.0 in stage 8.0 (TID 26)
20/10/29 13:19:08 INFO Executor: Running task 3.0 in stage 8.0 (TID 28)
20/10/29 13:19:08 INFO TorrentBroadcast: Started reading broadcast variable 16
20/10/29 13:19:08 INFO MemoryStore: Block broadcast_16_piece0 stored as bytes in memory (estimated size 19.1 KB, free 423.2 MB)
20/10/29 13:19:08 INFO TorrentBroadcast: Reading broadcast variable 16 took 12 ms
20/10/29 13:19:08 INFO MemoryStore: Block broadcast_16 stored as values in memory (estimated size 45.8 KB, free 423.2 MB)
20/10/29 13:19:08 INFO FileScanRDD: Reading File path: s3://spectral-regression-spark-bucket/spectral_data_class.csv, range: 242403489-319010350, partition values: [empty row]
20/10/29 13:19:08 INFO TorrentBroadcast: Started reading broadcast variable 15
20/10/29 13:19:08 INFO FileScanRDD: Reading File path: s3://spectral-regression-spark-bucket/spectral_data_class.csv, range: 80801163-161602326, partition values: [empty row]
20/10/29 13:19:08 INFO MemoryStore: Block broadcast_15_piece0 stored as bytes in memory (estimated size 36.7 KB, free 423.0 MB)
20/10/29 13:19:08 INFO TorrentBroadcast: Reading broadcast variable 15 took 10 ms
20/10/29 13:19:08 INFO MemoryStore: Block broadcast_15 stored as values in memory (estimated size 576.5 KB, free 422.4 MB)
20/10/29 13:19:08 INFO S3NativeFileSystem: Opening 's3://spectral-regression-spark-bucket/spectral_data_class.csv' for reading
20/10/29 13:19:08 INFO S3NativeFileSystem: Opening 's3://spectral-regression-spark-bucket/spectral_data_class.csv' for reading
20/10/29 13:19:19 INFO Executor: Finished task 3.0 in stage 8.0 (TID 28). 2405 bytes result sent to driver
20/10/29 13:19:19 INFO Executor: Finished task 1.0 in stage 8.0 (TID 26). 2405 bytes result sent to driver
20/10/29 13:19:20 INFO CoarseGrainedExecutorBackend: Got assigned task 30
20/10/29 13:19:20 INFO CoarseGrainedExecutorBackend: Got assigned task 32
20/10/29 13:19:20 INFO Executor: Running task 3.0 in stage 9.0 (TID 32)
20/10/29 13:19:20 INFO Executor: Running task 1.0 in stage 9.0 (TID 30)
20/10/29 13:19:20 INFO TorrentBroadcast: Started reading broadcast variable 18
20/10/29 13:19:20 INFO MemoryStore: Block broadcast_18_piece0 stored as bytes in memory (estimated size 19.1 KB, free 423.2 MB)
20/10/29 13:19:20 INFO TorrentBroadcast: Reading broadcast variable 18 took 10 ms
20/10/29 13:19:20 INFO MemoryStore: Block broadcast_18 stored as values in memory (estimated size 45.8 KB, free 423.2 MB)
20/10/29 13:19:20 INFO FileScanRDD: Reading File path: s3://spectral-regression-spark-bucket/spectral_data_class.csv, range: 242403489-319010350, partition values: [empty row]
20/10/29 13:19:20 INFO FileScanRDD: Reading File path: s3://spectral-regression-spark-bucket/spectral_data_class.csv, range: 80801163-161602326, partition values: [empty row]
20/10/29 13:19:20 INFO TorrentBroadcast: Started reading broadcast variable 17
20/10/29 13:19:20 INFO TransportClientFactory: Successfully created connection to ip-10-0-45-238.ec2.internal/10.0.45.238:36161 after 1 ms (0 ms spent in bootstraps)
20/10/29 13:19:20 INFO MemoryStore: Block broadcast_17_piece0 stored as bytes in memory (estimated size 36.7 KB, free 423.0 MB)
20/10/29 13:19:20 INFO TorrentBroadcast: Reading broadcast variable 17 took 99 ms
20/10/29 13:19:20 INFO MemoryStore: Block broadcast_17 stored as values in memory (estimated size 576.5 KB, free 422.4 MB)
20/10/29 13:19:20 INFO S3NativeFileSystem: Opening 's3://spectral-regression-spark-bucket/spectral_data_class.csv' for reading
20/10/29 13:19:20 INFO S3NativeFileSystem: Opening 's3://spectral-regression-spark-bucket/spectral_data_class.csv' for reading
20/10/29 13:19:31 INFO Executor: Finished task 3.0 in stage 9.0 (TID 32). 2405 bytes result sent to driver
20/10/29 13:19:31 INFO Executor: Finished task 1.0 in stage 9.0 (TID 30). 2405 bytes result sent to driver
20/10/29 13:19:33 INFO CoarseGrainedExecutorBackend: Got assigned task 33
20/10/29 13:19:33 INFO Executor: Running task 0.0 in stage 10.0 (TID 33)
20/10/29 13:19:33 INFO TorrentBroadcast: Started reading broadcast variable 19
20/10/29 13:19:33 INFO MemoryStore: Block broadcast_19_piece0 stored as bytes in memory (estimated size 38.2 KB, free 423.2 MB)
20/10/29 13:19:33 INFO TorrentBroadcast: Reading broadcast variable 19 took 9 ms
20/10/29 13:19:33 INFO MemoryStore: Block broadcast_19 stored as values in memory (estimated size 127.6 KB, free 423.1 MB)
20/10/29 13:19:34 INFO HadoopMapRedCommitProtocol: Using output committer class org.apache.hadoop.mapred.DirectFileOutputCommitter
20/10/29 13:19:34 INFO FileOutputCommitter: File Output Committer Algorithm version is 1
20/10/29 13:19:34 INFO FileOutputCommitter: FileOutputCommitter skip cleanup _temporary folders under output directory:false, ignore cleanup failures: false
20/10/29 13:19:34 INFO DirectFileOutputCommitter: Direct Write: DISABLED
20/10/29 13:19:34 INFO PythonRunner: Times: total = 617, boot = 545, init = 72, finish = 0
20/10/29 13:19:36 INFO FileOutputCommitter: Saved output of task 'attempt_20201029131932_0060_m_000000_0' to s3a://spectral-regression-spark-bucket/results_4xc4large_linear_291020-131932/_temporary/0/task_20201029131932_0060_m_000000
20/10/29 13:19:36 INFO SparkHadoopMapRedUtil: attempt_20201029131932_0060_m_000000_0: Committed
20/10/29 13:19:36 INFO Executor: Finished task 0.0 in stage 10.0 (TID 33). 1766 bytes result sent to driver
20/10/29 13:19:37 INFO CoarseGrainedExecutorBackend: Driver commanded a shutdown
20/10/29 13:19:37 INFO MemoryStore: MemoryStore cleared
20/10/29 13:19:37 INFO BlockManager: BlockManager stopped
20/10/29 13:19:37 INFO ShutdownHookManager: Shutdown hook called
End of LogType:stderr

LogType:stdout
Log Upload Time:gio ott 29 13:19:38 +0000 2020
LogLength:1106317
Log Contents:
2020-10-29T13:17:16.475+0000: [GC (Allocation Failure) 2020-10-29T13:17:16.475+0000: [ParNew: 16384K->2047K(18432K), 0.0038350 secs] 16384K->2383K(59392K), 0.0039038 secs] [Times: user=0.00 sys=0.01, real=0.00 secs] 
2020-10-29T13:17:16.601+0000: [GC (Allocation Failure) 2020-10-29T13:17:16.601+0000: [ParNew: 18431K->1950K(18432K), 0.0083195 secs] 18767K->3639K(59392K), 0.0083695 secs] [Times: user=0.01 sys=0.00, real=0.01 secs] 
2020-10-29T13:17:16.747+0000: [GC (Allocation Failure) 2020-10-29T13:17:16.747+0000: [ParNew: 18334K->1312K(18432K), 0.0014674 secs] 20023K->3001K(59392K), 0.0015150 secs] [Times: user=0.01 sys=0.00, real=0.00 secs] 
2020-10-29T13:17:16.917+0000: [GC (Allocation Failure) 2020-10-29T13:17:16.917+0000: [ParNew: 17696K->1962K(18432K), 0.0033747 secs] 19385K->4032K(59392K), 0.0034239 secs] [Times: user=0.00 sys=0.00, real=0.00 secs] 
2020-10-29T13:17:17.092+0000: [GC (Allocation Failure) 2020-10-29T13:17:17.092+0000: [ParNew: 18346K->1189K(18432K), 0.0051990 secs] 20416K->3802K(59392K), 0.0052725 secs] [Times: user=0.01 sys=0.00, real=0.01 secs] 
2020-10-29T13:17:17.207+0000: [GC (Allocation Failure) 2020-10-29T13:17:17.207+0000: [ParNew: 17573K->1747K(18432K), 0.0019979 secs] 20186K->4359K(59392K), 0.0020418 secs] [Times: user=0.01 sys=0.00, real=0.00 secs] 
2020-10-29T13:17:17.308+0000: [GC (Allocation Failure) 2020-10-29T13:17:17.308+0000: [ParNew: 18131K->1215K(18432K), 0.0043073 secs] 20743K->4371K(59392K), 0.0043745 secs] [Times: user=0.00 sys=0.00, real=0.01 secs] 
2020-10-29T13:17:17.380+0000: [GC (Allocation Failure) 2020-10-29T13:17:17.380+0000: [ParNew: 17599K->812K(18432K), 0.0032658 secs] 20755K->3967K(59392K), 0.0033150 secs] [Times: user=0.01 sys=0.00, real=0.00 secs] 
2020-10-29T13:17:17.457+0000: [GC (Allocation Failure) 2020-10-29T13:17:17.457+0000: [ParNew: 17196K->811K(18432K), 0.0013427 secs] 20351K->3966K(59392K), 0.0013910 secs] [Times: user=0.00 sys=0.00, real=0.00 secs] 
2020-10-29T13:17:17.558+0000: [GC (Allocation Failure) 2020-10-29T13:17:17.558+0000: [ParNew: 17195K->1531K(18432K), 0.0019486 secs] 20350K->4686K(59392K), 0.0019972 secs] [Times: user=0.00 sys=0.00, real=0.00 secs] 
2020-10-29T13:17:17.647+0000: [GC (Allocation Failure) 2020-10-29T13:17:17.647+0000: [ParNew: 17915K->1285K(18432K), 0.0023385 secs] 21070K->4753K(59392K), 0.0023881 secs] [Times: user=0.01 sys=0.00, real=0.00 secs] 
2020-10-29T13:17:17.806+0000: [GC (Allocation Failure) 2020-10-29T13:17:17.806+0000: [ParNew: 17669K->1394K(18432K), 0.0022463 secs] 21137K->4862K(59392K), 0.0022996 secs] [Times: user=0.00 sys=0.00, real=0.00 secs] 
2020-10-29T13:17:17.922+0000: [GC (Allocation Failure) 2020-10-29T13:17:17.922+0000: [ParNew: 17778K->1328K(18432K), 0.0059062 secs] 21246K->5055K(59392K), 0.0059561 secs] [Times: user=0.02 sys=0.00, real=0.01 secs] 
2020-10-29T13:17:18.062+0000: [GC (Allocation Failure) 2020-10-29T13:17:18.062+0000: [ParNew: 17712K->999K(18432K), 0.0047123 secs] 21439K->5146K(59392K), 0.0047799 secs] [Times: user=0.00 sys=0.00, real=0.01 secs] 
2020-10-29T13:17:18.169+0000: [GC (Allocation Failure) 2020-10-29T13:17:18.169+0000: [ParNew: 17383K->1153K(18432K), 0.0021001 secs] 21530K->5299K(59392K), 0.0021475 secs] [Times: user=0.01 sys=0.00, real=0.00 secs] 
2020-10-29T13:17:18.245+0000: [GC (Allocation Failure) 2020-10-29T13:17:18.245+0000: [ParNew: 17537K->1116K(18432K), 0.0026079 secs] 21683K->5262K(59392K), 0.0026564 secs] [Times: user=0.01 sys=0.00, real=0.00 secs] 
2020-10-29T13:17:18.316+0000: [GC (Allocation Failure) 2020-10-29T13:17:18.316+0000: [ParNew: 17500K->1531K(18432K), 0.0031676 secs] 21646K->5678K(59392K), 0.0032156 secs] [Times: user=0.00 sys=0.00, real=0.00 secs] 
2020-10-29T13:17:18.376+0000: [GC (Allocation Failure) 2020-10-29T13:17:18.376+0000: [ParNew: 17915K->1040K(18432K), 0.0027569 secs] 22062K->5532K(59392K), 0.0028047 secs] [Times: user=0.01 sys=0.00, real=0.00 secs] 
2020-10-29T13:17:18.438+0000: [GC (Allocation Failure) 2020-10-29T13:17:18.438+0000: [ParNew: 17424K->1274K(18432K), 0.0037947 secs] 21916K->5767K(59392K), 0.0038429 secs] [Times: user=0.01 sys=0.00, real=0.00 secs] 
2020-10-29T13:17:18.596+0000: [GC (Allocation Failure) 2020-10-29T13:17:18.596+0000: [ParNew: 17658K->1821K(18432K), 0.0029411 secs] 22151K->6449K(59392K), 0.0029918 secs] [Times: user=0.01 sys=0.00, real=0.00 secs] 
2020-10-29T13:17:18.667+0000: [GC (Allocation Failure) 2020-10-29T13:17:18.667+0000: [ParNew: 18205K->1172K(18432K), 0.0034379 secs] 22833K->6346K(59392K), 0.0034866 secs] [Times: user=0.00 sys=0.00, real=0.00 secs] 
2020-10-29T13:17:18.926+0000: [GC (Allocation Failure) 2020-10-29T13:17:18.926+0000: [ParNew: 17556K->1208K(18432K), 0.0022534 secs] 39114K->22766K(59392K), 0.0023029 secs] [Times: user=0.01 sys=0.00, real=0.00 secs] 
2020-10-29T13:17:18.928+0000: [GC (CMS Initial Mark) [1 CMS-initial-mark: 21557K(40960K)] 22766K(59392K), 0.0008975 secs] [Times: user=0.00 sys=0.00, real=0.00 secs] 
2020-10-29T13:17:18.929+0000: [CMS-concurrent-mark-start]
2020-10-29T13:17:18.957+0000: [CMS-concurrent-mark: 0.028/0.028 secs] [Times: user=0.04 sys=0.01, real=0.03 secs] 
2020-10-29T13:17:18.964+0000: [CMS-concurrent-preclean-start]
2020-10-29T13:17:18.965+0000: [CMS-concurrent-preclean: 0.001/0.001 secs] [Times: user=0.00 sys=0.00, real=0.01 secs] 
2020-10-29T13:17:18.965+0000: [CMS-concurrent-abortable-preclean-start]
2020-10-29T13:17:19.012+0000: [GC (Allocation Failure) 2020-10-29T13:17:19.012+0000: [ParNew: 17592K->1283K(18432K), 0.0032347 secs] 39150K->22841K(59392K), 0.0032953 secs] [Times: user=0.01 sys=0.00, real=0.00 secs] 
2020-10-29T13:17:19.102+0000: [CMS-concurrent-abortable-preclean: 0.054/0.137 secs] [Times: user=0.26 sys=0.01, real=0.13 secs] 
2020-10-29T13:17:19.112+0000: [GC (CMS Final Remark) [YG occupancy: 11693 K (18432 K)]2020-10-29T13:17:19.112+0000: [Rescan (parallel) , 0.0033012 secs]2020-10-29T13:17:19.115+0000: [weak refs processing, 0.0000366 secs]2020-10-29T13:17:19.115+0000: [class unloading, 0.0023239 secs]2020-10-29T13:17:19.118+0000: [scrub symbol table, 0.0023444 secs]2020-10-29T13:17:19.120+0000: [scrub string table, 0.0002729 secs][1 CMS-remark: 21557K(40960K)] 33251K(59392K), 0.0083853 secs] [Times: user=0.01 sys=0.00, real=0.01 secs] 
2020-10-29T13:17:19.120+0000: [CMS-concurrent-sweep-start]
2020-10-29T13:17:19.123+0000: [CMS-concurrent-sweep: 0.002/0.002 secs] [Times: user=0.01 sys=0.00, real=0.00 secs] 
2020-10-29T13:17:19.123+0000: [CMS-concurrent-reset-start]
2020-10-29T13:17:19.154+0000: [CMS-concurrent-reset: 0.031/0.031 secs] [Times: user=0.02 sys=0.04, real=0.04 secs] 
2020-10-29T13:17:19.191+0000: [GC (Allocation Failure) 2020-10-29T13:17:19.191+0000: [ParNew: 17667K->1471K(18432K), 0.0028211 secs] 55195K->39206K(59392K), 0.0028739 secs] [Times: user=0.01 sys=0.00, real=0.01 secs] 
2020-10-29T13:17:19.194+0000: [GC (CMS Initial Mark) [1 CMS-initial-mark: 37735K(40960K)] 39471K(59392K), 0.0008403 secs] [Times: user=0.00 sys=0.00, real=0.00 secs] 
2020-10-29T13:17:19.195+0000: [CMS-concurrent-mark-start]
2020-10-29T13:17:19.208+0000: [CMS-concurrent-mark: 0.013/0.013 secs] [Times: user=0.03 sys=0.00, real=0.01 secs] 
2020-10-29T13:17:19.208+0000: [CMS-concurrent-preclean-start]
2020-10-29T13:17:19.208+0000: [CMS-concurrent-preclean: 0.000/0.000 secs] [Times: user=0.00 sys=0.00, real=0.00 secs] 
2020-10-29T13:17:19.211+0000: [GC (CMS Final Remark) [YG occupancy: 2530 K (18432 K)]2020-10-29T13:17:19.211+0000: [Rescan (parallel) , 0.0014931 secs]2020-10-29T13:17:19.212+0000: [weak refs processing, 0.0000275 secs]2020-10-29T13:17:19.212+0000: [class unloading, 0.0022765 secs]2020-10-29T13:17:19.215+0000: [scrub symbol table, 0.0024488 secs]2020-10-29T13:17:19.217+0000: [scrub string table, 0.0002407 secs][1 CMS-remark: 37735K(40960K)] 40266K(59392K), 0.0065905 secs] [Times: user=0.01 sys=0.00, real=0.01 secs] 
2020-10-29T13:17:19.217+0000: [CMS-concurrent-sweep-start]
2020-10-29T13:17:19.220+0000: [CMS-concurrent-sweep: 0.002/0.002 secs] [Times: user=0.00 sys=0.00, real=0.00 secs] 
2020-10-29T13:17:19.220+0000: [CMS-concurrent-reset-start]
2020-10-29T13:17:19.222+0000: [CMS-concurrent-reset: 0.002/0.002 secs] [Times: user=0.01 sys=0.00, real=0.00 secs] 
2020-10-29T13:17:19.284+0000: [GC (Allocation Failure) 2020-10-29T13:17:19.284+0000: [ParNew: 17855K->1509K(18432K), 0.0032706 secs] 55543K->39453K(81248K), 0.0033384 secs] [Times: user=0.01 sys=0.00, real=0.00 secs] 
2020-10-29T13:17:19.398+0000: [GC (Allocation Failure) 2020-10-29T13:17:19.398+0000: [ParNew: 17893K->591K(18432K), 0.0052200 secs] 55837K->39000K(81248K), 0.0052722 secs] [Times: user=0.01 sys=0.00, real=0.00 secs] 
2020-10-29T13:17:19.471+0000: [GC (Allocation Failure) 2020-10-29T13:17:19.471+0000: [ParNew: 16975K->1095K(18432K), 0.0015243 secs] 55384K->39504K(81248K), 0.0016100 secs] [Times: user=0.00 sys=0.00, real=0.01 secs] 
2020-10-29T13:17:19.528+0000: [GC (Allocation Failure) 2020-10-29T13:17:19.528+0000: [ParNew: 17479K->1064K(18432K), 0.0016432 secs] 55888K->39472K(81248K), 0.0016932 secs] [Times: user=0.00 sys=0.00, real=0.00 secs] 
2020-10-29T13:17:19.571+0000: [GC (Allocation Failure) 2020-10-29T13:17:19.571+0000: [ParNew: 17448K->1148K(18432K), 0.0017593 secs] 55856K->39556K(81248K), 0.0018098 secs] [Times: user=0.00 sys=0.00, real=0.01 secs] 
2020-10-29T13:17:19.679+0000: [GC (Allocation Failure) 2020-10-29T13:17:19.679+0000: [ParNew: 17532K->1044K(18432K), 0.0049146 secs] 55940K->39591K(81248K), 0.0049669 secs] [Times: user=0.01 sys=0.00, real=0.00 secs] 
2020-10-29T13:17:19.814+0000: [GC (Allocation Failure) 2020-10-29T13:17:19.814+0000: [ParNew: 17428K->1823K(18432K), 0.0065100 secs] 55975K->40371K(81248K), 0.0065711 secs] [Times: user=0.01 sys=0.00, real=0.00 secs] 
2020-10-29T13:17:19.919+0000: [GC (Allocation Failure) 2020-10-29T13:17:19.919+0000: [ParNew: 18207K->1488K(18432K), 0.0053498 secs] 73139K->57668K(81248K), 0.0054004 secs] [Times: user=0.01 sys=0.00, real=0.00 secs] 
2020-10-29T13:17:19.924+0000: [GC (CMS Initial Mark) [1 CMS-initial-mark: 56179K(62816K)] 57668K(81248K), 0.0007026 secs] [Times: user=0.00 sys=0.00, real=0.01 secs] 
2020-10-29T13:17:19.925+0000: [CMS-concurrent-mark-start]
2020-10-29T13:17:19.939+0000: [CMS-concurrent-mark: 0.014/0.014 secs] [Times: user=0.02 sys=0.00, real=0.01 secs] 
2020-10-29T13:17:19.939+0000: [CMS-concurrent-preclean-start]
2020-10-29T13:17:19.940+0000: [CMS-concurrent-preclean: 0.001/0.001 secs] [Times: user=0.01 sys=0.00, real=0.00 secs] 
2020-10-29T13:17:19.940+0000: [GC (CMS Final Remark) [YG occupancy: 3030 K (18432 K)]2020-10-29T13:17:19.940+0000: [Rescan (parallel) , 0.0011779 secs]2020-10-29T13:17:19.941+0000: [weak refs processing, 0.0000294 secs]2020-10-29T13:17:19.941+0000: [class unloading, 0.0027332 secs]2020-10-29T13:17:19.944+0000: [scrub symbol table, 0.0037219 secs]2020-10-29T13:17:19.947+0000: [scrub string table, 0.0004264 secs][1 CMS-remark: 56179K(62816K)] 59210K(81248K), 0.0081813 secs] [Times: user=0.01 sys=0.00, real=0.01 secs] 
2020-10-29T13:17:19.948+0000: [CMS-concurrent-sweep-start]
2020-10-29T13:17:19.951+0000: [CMS-concurrent-sweep: 0.003/0.003 secs] [Times: user=0.00 sys=0.00, real=0.00 secs] 
2020-10-29T13:17:19.952+0000: [CMS-concurrent-reset-start]
2020-10-29T13:17:19.953+0000: [CMS-concurrent-reset: 0.002/0.002 secs] [Times: user=0.00 sys=0.00, real=0.01 secs] 
2020-10-29T13:17:20.036+0000: [GC (Allocation Failure) 2020-10-29T13:17:20.036+0000: [ParNew: 17872K->1178K(18432K), 0.0024041 secs] 73954K->57261K(111904K), 0.0024480 secs] [Times: user=0.00 sys=0.00, real=0.00 secs] 
2020-10-29T13:17:20.148+0000: [GC (Allocation Failure) 2020-10-29T13:17:20.148+0000: [ParNew: 17562K->1251K(18432K), 0.0028775 secs] 90029K->74016K(111904K), 0.0029208 secs] [Times: user=0.01 sys=0.00, real=0.00 secs] 
2020-10-29T13:17:20.152+0000: [GC (CMS Initial Mark) [1 CMS-initial-mark: 72765K(93472K)] 74016K(111904K), 0.0010387 secs] [Times: user=0.00 sys=0.00, real=0.01 secs] 
2020-10-29T13:17:20.153+0000: [CMS-concurrent-mark-start]
2020-10-29T13:17:20.192+0000: [CMS-concurrent-mark: 0.040/0.040 secs] [Times: user=0.07 sys=0.00, real=0.04 secs] 
2020-10-29T13:17:20.192+0000: [CMS-concurrent-preclean-start]
2020-10-29T13:17:20.194+0000: [CMS-concurrent-preclean: 0.001/0.001 secs] [Times: user=0.00 sys=0.00, real=0.00 secs] 
2020-10-29T13:17:20.194+0000: [CMS-concurrent-abortable-preclean-start]
2020-10-29T13:17:20.287+0000: [GC (Allocation Failure) 2020-10-29T13:17:20.287+0000: [ParNew: 17635K->1196K(18432K), 0.0021596 secs] 90400K->73962K(111904K), 0.0022099 secs] [Times: user=0.00 sys=0.00, real=0.00 secs] 
2020-10-29T13:17:20.400+0000: [CMS-concurrent-abortable-preclean: 0.033/0.206 secs] [Times: user=0.39 sys=0.01, real=0.20 secs] 
2020-10-29T13:17:20.400+0000: [GC (CMS Final Remark) [YG occupancy: 17357 K (18432 K)]2020-10-29T13:17:20.400+0000: [Rescan (parallel) , 0.0078547 secs]2020-10-29T13:17:20.408+0000: [weak refs processing, 0.0000284 secs]2020-10-29T13:17:20.408+0000: [class unloading, 0.0040849 secs]2020-10-29T13:17:20.412+0000: [scrub symbol table, 0.0048204 secs]2020-10-29T13:17:20.417+0000: [scrub string table, 0.0004680 secs][1 CMS-remark: 72765K(93472K)] 90123K(111904K), 0.0174181 secs] [Times: user=0.03 sys=0.00, real=0.02 secs] 
2020-10-29T13:17:20.417+0000: [CMS-concurrent-sweep-start]
2020-10-29T13:17:20.421+0000: [CMS-concurrent-sweep: 0.003/0.003 secs] [Times: user=0.01 sys=0.00, real=0.00 secs] 
2020-10-29T13:17:20.421+0000: [GC (Allocation Failure) 2020-10-29T13:17:20.421+0000: [ParNew: 17580K->1519K(18432K), 0.0059917 secs] 90328K->74590K(111904K), 0.0060341 secs] [Times: user=0.01 sys=0.00, real=0.01 secs] 
2020-10-29T13:17:20.427+0000: [CMS-concurrent-reset-start]
2020-10-29T13:17:20.429+0000: [CMS-concurrent-reset: 0.002/0.002 secs] [Times: user=0.00 sys=0.00, real=0.00 secs] 
2020-10-29T13:17:20.509+0000: [GC (Allocation Failure) 2020-10-29T13:17:20.509+0000: [ParNew: 17903K->1604K(18432K), 0.0062255 secs] 90974K->74993K(140220K), 0.0062766 secs] [Times: user=0.01 sys=0.00, real=0.01 secs] 
2020-10-29T13:17:20.607+0000: [GC (Allocation Failure) 2020-10-29T13:17:20.607+0000: [ParNew: 17988K->1015K(18432K), 0.0063490 secs] 91377K->74789K(140220K), 0.0064016 secs] [Times: user=0.02 sys=0.00, real=0.01 secs] 
2020-10-29T13:17:20.801+0000: [GC (Allocation Failure) 2020-10-29T13:17:20.801+0000: [ParNew: 17399K->1805K(18432K), 0.0035246 secs] 91173K->75579K(140220K), 0.0035756 secs] [Times: user=0.00 sys=0.00, real=0.00 secs] 
2020-10-29T13:17:20.928+0000: [GC (Allocation Failure) 2020-10-29T13:17:20.928+0000: [ParNew: 18189K->1506K(18432K), 0.0053549 secs] 91963K->76542K(140220K), 0.0054076 secs] [Times: user=0.01 sys=0.00, real=0.01 secs] 
2020-10-29T13:17:21.051+0000: [GC (Allocation Failure) 2020-10-29T13:17:21.051+0000: [ParNew: 17890K->1149K(18432K), 0.0024944 secs] 92926K->76185K(140220K), 0.0025647 secs] [Times: user=0.00 sys=0.00, real=0.01 secs] 
2020-10-29T13:17:21.227+0000: [GC (Allocation Failure) 2020-10-29T13:17:21.227+0000: [ParNew: 17533K->1485K(18432K), 0.0097843 secs] 92569K->76734K(140220K), 0.0098479 secs] [Times: user=0.02 sys=0.00, real=0.01 secs] 
2020-10-29T13:17:21.367+0000: [GC (Allocation Failure) 2020-10-29T13:17:21.367+0000: [ParNew: 17869K->878K(18432K), 0.0053496 secs] 93118K->76259K(140220K), 0.0054090 secs] [Times: user=0.01 sys=0.00, real=0.00 secs] 
2020-10-29T13:17:21.432+0000: [GC (Allocation Failure) 2020-10-29T13:17:21.432+0000: [ParNew: 17262K->1153K(18432K), 0.0024968 secs] 92643K->76534K(140220K), 0.0025621 secs] [Times: user=0.01 sys=0.00, real=0.01 secs] 
2020-10-29T13:17:21.585+0000: [GC (Allocation Failure) 2020-10-29T13:17:21.585+0000: [ParNew: 17537K->1613K(18432K), 0.0031289 secs] 92918K->76995K(140220K), 0.0032013 secs] [Times: user=0.01 sys=0.00, real=0.00 secs] 
2020-10-29T13:17:21.667+0000: [GC (Allocation Failure) 2020-10-29T13:17:21.667+0000: [ParNew: 17997K->1122K(18432K), 0.0040344 secs] 93379K->77017K(140220K), 0.0041024 secs] [Times: user=0.00 sys=0.00, real=0.00 secs] 
2020-10-29T13:17:21.856+0000: [GC (Allocation Failure) 2020-10-29T13:17:21.856+0000: [ParNew: 17506K->1441K(18432K), 0.0036679 secs] 93401K->77336K(140220K), 0.0037397 secs] [Times: user=0.01 sys=0.00, real=0.00 secs] 
2020-10-29T13:17:21.985+0000: [GC (Allocation Failure) 2020-10-29T13:17:21.985+0000: [ParNew: 17825K->1239K(18432K), 0.0046036 secs] 93720K->78029K(140220K), 0.0046540 secs] [Times: user=0.00 sys=0.00, real=0.00 secs] 
2020-10-29T13:17:22.080+0000: [GC (Allocation Failure) 2020-10-29T13:17:22.080+0000: [ParNew: 17623K->1709K(18432K), 0.0025921 secs] 94413K->78499K(140220K), 0.0026429 secs] [Times: user=0.00 sys=0.00, real=0.00 secs] 
2020-10-29T13:17:22.163+0000: [GC (Allocation Failure) 2020-10-29T13:17:22.163+0000: [ParNew: 18093K->864K(18432K), 0.0057463 secs] 94883K->78164K(140220K), 0.0058027 secs] [Times: user=0.01 sys=0.01, real=0.01 secs] 
2020-10-29T13:17:22.228+0000: [GC (Allocation Failure) 2020-10-29T13:17:22.228+0000: [ParNew: 17248K->511K(18432K), 0.0032178 secs] 94548K->77811K(140220K), 0.0032978 secs] [Times: user=0.00 sys=0.00, real=0.00 secs] 
2020-10-29T13:17:22.315+0000: [GC (Allocation Failure) 2020-10-29T13:17:22.315+0000: [ParNew: 16895K->748K(18432K), 0.0021506 secs] 94195K->78048K(140220K), 0.0022272 secs] [Times: user=0.01 sys=0.00, real=0.00 secs] 
2020-10-29T13:17:22.381+0000: [GC (Allocation Failure) 2020-10-29T13:17:22.381+0000: [ParNew: 17132K->917K(18432K), 0.0031334 secs] 94432K->78216K(140220K), 0.0031804 secs] [Times: user=0.00 sys=0.00, real=0.00 secs] 
2020-10-29T13:17:22.452+0000: [GC (Allocation Failure) 2020-10-29T13:17:22.452+0000: [ParNew: 17301K->1660K(18432K), 0.0026652 secs] 94600K->78960K(140220K), 0.0027120 secs] [Times: user=0.00 sys=0.00, real=0.01 secs] 
2020-10-29T13:17:22.517+0000: [GC (Allocation Failure) 2020-10-29T13:17:22.517+0000: [ParNew: 18044K->1122K(18432K), 0.0036444 secs] 95344K->78939K(140220K), 0.0036939 secs] [Times: user=0.01 sys=0.00, real=0.00 secs] 
2020-10-29T13:17:22.614+0000: [GC (Allocation Failure) 2020-10-29T13:17:22.615+0000: [ParNew: 17506K->1150K(18432K), 0.0027102 secs] 95323K->78966K(140220K), 0.0027796 secs] [Times: user=0.00 sys=0.00, real=0.00 secs] 
2020-10-29T13:17:22.753+0000: [GC (Allocation Failure) 2020-10-29T13:17:22.753+0000: [ParNew: 17534K->1189K(18432K), 0.0031421 secs] 95350K->79181K(140220K), 0.0032057 secs] [Times: user=0.01 sys=0.00, real=0.00 secs] 
2020-10-29T13:17:22.848+0000: [GC (Allocation Failure) 2020-10-29T13:17:22.848+0000: [ParNew: 17573K->1483K(18432K), 0.0031577 secs] 95565K->79584K(140220K), 0.0032287 secs] [Times: user=0.01 sys=0.00, real=0.00 secs] 
2020-10-29T13:17:22.934+0000: [GC (Allocation Failure) 2020-10-29T13:17:22.934+0000: [ParNew: 17867K->1387K(18432K), 0.0033515 secs] 95968K->79868K(140220K), 0.0034194 secs] [Times: user=0.00 sys=0.00, real=0.00 secs] 
2020-10-29T13:17:23.000+0000: [GC (Allocation Failure) 2020-10-29T13:17:23.000+0000: [ParNew: 17771K->1179K(18432K), 0.0022587 secs] 96252K->79735K(140220K), 0.0023305 secs] [Times: user=0.01 sys=0.00, real=0.00 secs] 
2020-10-29T13:17:23.113+0000: [GC (Allocation Failure) 2020-10-29T13:17:23.113+0000: [ParNew: 17563K->1136K(18432K), 0.0030831 secs] 96119K->79778K(140220K), 0.0031478 secs] [Times: user=0.01 sys=0.00, real=0.00 secs] 
2020-10-29T13:17:23.422+0000: [GC (Allocation Failure) 2020-10-29T13:17:23.422+0000: [ParNew: 17520K->2048K(18432K), 0.0112191 secs] 96162K->81399K(140220K), 0.0112792 secs] [Times: user=0.02 sys=0.00, real=0.02 secs] 
2020-10-29T13:17:23.546+0000: [GC (Allocation Failure) 2020-10-29T13:17:23.546+0000: [ParNew: 18432K->1935K(18432K), 0.0156386 secs] 97783K->83485K(140220K), 0.0157078 secs] [Times: user=0.03 sys=0.00, real=0.01 secs] 
2020-10-29T13:17:23.632+0000: [GC (Allocation Failure) 2020-10-29T13:17:23.632+0000: [ParNew: 18319K->1650K(18432K), 0.0051125 secs] 99869K->84190K(140220K), 0.0051654 secs] [Times: user=0.01 sys=0.00, real=0.01 secs] 
2020-10-29T13:17:23.702+0000: [GC (Allocation Failure) 2020-10-29T13:17:23.702+0000: [ParNew: 18034K->947K(18432K), 0.0019862 secs] 100574K->83487K(140220K), 0.0020396 secs] [Times: user=0.00 sys=0.00, real=0.01 secs] 
2020-10-29T13:17:23.780+0000: [GC (Allocation Failure) 2020-10-29T13:17:23.780+0000: [ParNew: 17331K->864K(18432K), 0.0044759 secs] 99871K->83404K(140220K), 0.0045303 secs] [Times: user=0.01 sys=0.00, real=0.00 secs] 
2020-10-29T13:17:23.850+0000: [GC (Allocation Failure) 2020-10-29T13:17:23.850+0000: [ParNew: 17248K->1048K(18432K), 0.0027668 secs] 99788K->83587K(140220K), 0.0028198 secs] [Times: user=0.00 sys=0.01, real=0.01 secs] 
2020-10-29T13:17:23.934+0000: [GC (Allocation Failure) 2020-10-29T13:17:23.934+0000: [ParNew: 17432K->1138K(18432K), 0.0029710 secs] 99971K->83678K(140220K), 0.0030247 secs] [Times: user=0.00 sys=0.00, real=0.00 secs] 
2020-10-29T13:17:24.022+0000: [GC (Allocation Failure) 2020-10-29T13:17:24.022+0000: [ParNew: 17522K->1151K(18432K), 0.0029567 secs] 100062K->83690K(140220K), 0.0030281 secs] [Times: user=0.01 sys=0.00, real=0.01 secs] 
2020-10-29T13:17:24.093+0000: [GC (Allocation Failure) 2020-10-29T13:17:24.093+0000: [ParNew: 17535K->1333K(18432K), 0.0030980 secs] 100074K->83956K(140220K), 0.0031720 secs] [Times: user=0.00 sys=0.00, real=0.00 secs] 
2020-10-29T13:17:24.096+0000: [GC (CMS Initial Mark) [1 CMS-initial-mark: 82623K(121788K)] 83956K(140220K), 0.0013869 secs] [Times: user=0.01 sys=0.00, real=0.00 secs] 
2020-10-29T13:17:24.097+0000: [CMS-concurrent-mark-start]
2020-10-29T13:17:24.166+0000: [CMS-concurrent-mark: 0.069/0.069 secs] [Times: user=0.12 sys=0.00, real=0.07 secs] 
2020-10-29T13:17:24.166+0000: [CMS-concurrent-preclean-start]
2020-10-29T13:17:24.168+0000: [CMS-concurrent-preclean: 0.001/0.002 secs] [Times: user=0.00 sys=0.00, real=0.00 secs] 
2020-10-29T13:17:24.168+0000: [CMS-concurrent-abortable-preclean-start]
2020-10-29T13:17:24.248+0000: [GC (Allocation Failure) 2020-10-29T13:17:24.248+0000: [ParNew: 17717K->1509K(18432K), 0.0035402 secs] 100340K->84208K(140220K), 0.0036101 secs] [Times: user=0.01 sys=0.00, real=0.00 secs] 
2020-10-29T13:17:24.396+0000: [CMS-concurrent-abortable-preclean: 0.067/0.228 secs] [Times: user=0.43 sys=0.00, real=0.23 secs] 
2020-10-29T13:17:24.400+0000: [GC (CMS Final Remark) [YG occupancy: 11110 K (18432 K)]2020-10-29T13:17:24.400+0000: [Rescan (parallel) , 0.0089413 secs]2020-10-29T13:17:24.409+0000: [weak refs processing, 0.0000995 secs]2020-10-29T13:17:24.409+0000: [class unloading, 0.0080076 secs]2020-10-29T13:17:24.417+0000: [scrub symbol table, 0.0096927 secs]2020-10-29T13:17:24.427+0000: [scrub string table, 0.0007325 secs][1 CMS-remark: 82699K(121788K)] 93810K(140220K), 0.0277021 secs] [Times: user=0.06 sys=0.00, real=0.03 secs] 
2020-10-29T13:17:24.438+0000: [CMS-concurrent-sweep-start]
2020-10-29T13:17:24.458+0000: [CMS-concurrent-sweep: 0.013/0.020 secs] [Times: user=0.04 sys=0.00, real=0.02 secs] 
2020-10-29T13:17:24.458+0000: [CMS-concurrent-reset-start]
2020-10-29T13:17:24.459+0000: [CMS-concurrent-reset: 0.002/0.002 secs] [Times: user=0.00 sys=0.00, real=0.00 secs] 
2020-10-29T13:17:24.627+0000: [GC (Allocation Failure) 2020-10-29T13:17:24.627+0000: [ParNew: 17893K->2047K(18432K), 0.0051500 secs] 99509K->84341K(154460K), 0.0051979 secs] [Times: user=0.01 sys=0.00, real=0.00 secs] 
2020-10-29T13:17:24.820+0000: [GC (Allocation Failure) 2020-10-29T13:17:24.820+0000: [ParNew: 18431K->1719K(18432K), 0.0063907 secs] 100725K->85463K(154460K), 0.0064460 secs] [Times: user=0.02 sys=0.00, real=0.01 secs] 
2020-10-29T13:17:24.901+0000: [GC (Allocation Failure) 2020-10-29T13:17:24.901+0000: [ParNew: 18103K->934K(18432K), 0.0023900 secs] 101847K->84677K(154460K), 0.0024533 secs] [Times: user=0.01 sys=0.00, real=0.00 secs] 
2020-10-29T13:17:25.172+0000: [GC (Allocation Failure) 2020-10-29T13:17:25.172+0000: [ParNew: 17318K->679K(18432K), 0.0128216 secs] 101061K->92614K(154460K), 0.0128780 secs] [Times: user=0.03 sys=0.00, real=0.02 secs] 
2020-10-29T13:17:25.370+0000: [GC (Allocation Failure) 2020-10-29T13:17:25.370+0000: [ParNew: 17063K->939K(18432K), 0.0035808 secs] 108998K->92874K(154460K), 0.0036350 secs] [Times: user=0.01 sys=0.00, real=0.01 secs] 
2020-10-29T13:17:25.505+0000: [GC (Allocation Failure) 2020-10-29T13:17:25.505+0000: [ParNew: 17323K->967K(18432K), 0.0043291 secs] 109258K->92903K(154460K), 0.0043868 secs] [Times: user=0.01 sys=0.00, real=0.00 secs] 
2020-10-29T13:17:25.623+0000: [GC (Allocation Failure) 2020-10-29T13:17:25.623+0000: [ParNew: 17351K->1027K(18432K), 0.0027392 secs] 109287K->92962K(154460K), 0.0027960 secs] [Times: user=0.01 sys=0.00, real=0.01 secs] 
2020-10-29T13:17:25.721+0000: [GC (Allocation Failure) 2020-10-29T13:17:25.721+0000: [ParNew: 17411K->1366K(18432K), 0.0025188 secs] 109346K->93437K(154460K), 0.0025815 secs] [Times: user=0.01 sys=0.00, real=0.00 secs] 
2020-10-29T13:17:25.812+0000: [GC (Allocation Failure) 2020-10-29T13:17:25.812+0000: [ParNew: 17750K->130K(18432K), 0.0026204 secs] 109821K->93454K(154460K), 0.0026919 secs] [Times: user=0.01 sys=0.00, real=0.01 secs] 
2020-10-29T13:17:25.887+0000: [GC (Allocation Failure) 2020-10-29T13:17:25.887+0000: [ParNew: 16514K->33K(18432K), 0.0012997 secs] 109838K->93357K(154460K), 0.0013702 secs] [Times: user=0.01 sys=0.00, real=0.00 secs] 
2020-10-29T13:17:25.966+0000: [GC (Allocation Failure) 2020-10-29T13:17:25.966+0000: [ParNew: 16417K->13K(18432K), 0.0013410 secs] 109741K->93337K(154460K), 0.0013963 secs] [Times: user=0.00 sys=0.00, real=0.00 secs] 
2020-10-29T13:17:26.016+0000: [GC (Allocation Failure) 2020-10-29T13:17:26.016+0000: [ParNew: 16397K->6K(18432K), 0.0032482 secs] 109721K->95378K(154460K), 0.0033025 secs] [Times: user=0.00 sys=0.00, real=0.00 secs] 
2020-10-29T13:17:26.020+0000: [GC (CMS Initial Mark) [1 CMS-initial-mark: 95372K(136028K)] 95378K(154460K), 0.0011021 secs] [Times: user=0.01 sys=0.00, real=0.00 secs] 
2020-10-29T13:17:26.022+0000: [CMS-concurrent-mark-start]
2020-10-29T13:17:26.088+0000: [CMS-concurrent-mark: 0.066/0.066 secs] [Times: user=0.12 sys=0.00, real=0.07 secs] 
2020-10-29T13:17:26.088+0000: [CMS-concurrent-preclean-start]
2020-10-29T13:17:26.097+0000: [CMS-concurrent-preclean: 0.009/0.009 secs] [Times: user=0.03 sys=0.00, real=0.01 secs] 
2020-10-29T13:17:26.097+0000: [CMS-concurrent-abortable-preclean-start]
2020-10-29T13:17:26.104+0000: [GC (Allocation Failure) 2020-10-29T13:17:26.104+0000: [ParNew: 16390K->12K(18432K), 0.0011651 secs] 111762K->95384K(154460K), 0.0012090 secs] [Times: user=0.01 sys=0.00, real=0.01 secs] 
2020-10-29T13:17:26.142+0000: [GC (Allocation Failure) 2020-10-29T13:17:26.142+0000: [ParNew: 16396K->15K(18432K), 0.0013318 secs] 111768K->95387K(154460K), 0.0013856 secs] [Times: user=0.00 sys=0.00, real=0.00 secs] 
2020-10-29T13:17:26.175+0000: [GC (Allocation Failure) 2020-10-29T13:17:26.175+0000: [ParNew: 16399K->13K(18432K), 0.0013651 secs] 111771K->95387K(154460K), 0.0014190 secs] [Times: user=0.00 sys=0.01, real=0.00 secs] 
2020-10-29T13:17:26.207+0000: [GC (Allocation Failure) 2020-10-29T13:17:26.207+0000: [ParNew: 16397K->17K(18432K), 0.0013402 secs] 111771K->95390K(154460K), 0.0013913 secs] [Times: user=0.00 sys=0.00, real=0.00 secs] 
2020-10-29T13:17:26.232+0000: [GC (Allocation Failure) 2020-10-29T13:17:26.232+0000: [ParNew: 16401K->8K(18432K), 0.0014048 secs] 111774K->95385K(154460K), 0.0014584 secs] [Times: user=0.01 sys=0.00, real=0.01 secs] 
2020-10-29T13:17:26.249+0000: [GC (Allocation Failure) 2020-10-29T13:17:26.250+0000: [ParNew: 16392K->12K(18432K), 0.0072606 secs] 111769K->103581K(154460K), 0.0073210 secs] [Times: user=0.01 sys=0.00, real=0.01 secs] 
2020-10-29T13:17:26.290+0000: [GC (Allocation Failure) 2020-10-29T13:17:26.290+0000: [ParNew: 16396K->12K(18432K), 0.0013425 secs] 119965K->103584K(154460K), 0.0014145 secs] [Times: user=0.00 sys=0.00, real=0.00 secs] 
2020-10-29T13:17:26.325+0000: [GC (Allocation Failure) 2020-10-29T13:17:26.325+0000: [ParNew: 16396K->8K(18432K), 0.0013324 secs] 119968K->103581K(154460K), 0.0013870 secs] [Times: user=0.01 sys=0.00, real=0.00 secs] 
2020-10-29T13:17:26.345+0000: [GC (Allocation Failure) 2020-10-29T13:17:26.345+0000: [ParNew: 16392K->7K(18432K), 0.0036492 secs] 119965K->107676K(154460K), 0.0037035 secs] [Times: user=0.00 sys=0.00, real=0.00 secs] 
2020-10-29T13:17:26.371+0000: [GC (Allocation Failure) 2020-10-29T13:17:26.371+0000: [ParNew: 16391K->8K(18432K), 0.0013889 secs] 124060K->107678K(154460K), 0.0014450 secs] [Times: user=0.01 sys=0.00, real=0.01 secs] 
2020-10-29T13:17:26.394+0000: [GC (Allocation Failure) 2020-10-29T13:17:26.394+0000: [ParNew: 16392K->8K(18432K), 0.0013054 secs] 124062K->107678K(154460K), 0.0013583 secs] [Times: user=0.00 sys=0.00, real=0.00 secs] 
2020-10-29T13:17:26.429+0000: [GC (Allocation Failure) 2020-10-29T13:17:26.430+0000: [ParNew: 16392K->4K(18432K), 0.0013280 secs] 124062K->107677K(154460K), 0.0014003 secs] [Times: user=0.01 sys=0.00, real=0.00 secs] 
2020-10-29T13:17:26.467+0000: [GC (Allocation Failure) 2020-10-29T13:17:26.467+0000: [ParNew: 16388K->4K(18432K), 0.0013045 secs] 124061K->107677K(154460K), 0.0013768 secs] [Times: user=0.00 sys=0.00, real=0.00 secs] 
2020-10-29T13:17:26.502+0000: [GC (Allocation Failure) 2020-10-29T13:17:26.502+0000: [ParNew: 16388K->4K(18432K), 0.0012852 secs] 124061K->107677K(154460K), 0.0013374 secs] [Times: user=0.00 sys=0.00, real=0.00 secs] 
2020-10-29T13:17:26.524+0000: [GC (Allocation Failure) 2020-10-29T13:17:26.524+0000: [ParNew: 16388K->4K(18432K), 0.0012840 secs] 124061K->107677K(154460K), 0.0013360 secs] [Times: user=0.00 sys=0.00, real=0.01 secs] 
2020-10-29T13:17:26.545+0000: [GC (Allocation Failure) 2020-10-29T13:17:26.545+0000: [ParNew: 16388K->4K(18432K), 0.0012843 secs] 124061K->107677K(154460K), 0.0013375 secs] [Times: user=0.00 sys=0.00, real=0.00 secs] 
2020-10-29T13:17:26.564+0000: [GC (Allocation Failure) 2020-10-29T13:17:26.564+0000: [ParNew: 16388K->4K(18432K), 0.0013181 secs] 124061K->107677K(154460K), 0.0013725 secs] [Times: user=0.00 sys=0.00, real=0.01 secs] 
2020-10-29T13:17:26.584+0000: [GC (Allocation Failure) 2020-10-29T13:17:26.584+0000: [ParNew: 16388K->4K(18432K), 0.0013309 secs] 124061K->107677K(154460K), 0.0013838 secs] [Times: user=0.00 sys=0.00, real=0.01 secs] 
2020-10-29T13:17:26.608+0000: [GC (Allocation Failure) 2020-10-29T13:17:26.608+0000: [ParNew: 16388K->4K(18432K), 0.0013362 secs] 124061K->107677K(154460K), 0.0013881 secs] [Times: user=0.00 sys=0.00, real=0.00 secs] 
2020-10-29T13:17:26.620+0000: [GC (Allocation Failure) 2020-10-29T13:17:26.620+0000: [ParNew: 16388K->4K(18432K), 0.0068397 secs] 124061K->115869K(154460K), 0.0068939 secs] [Times: user=0.01 sys=0.00, real=0.01 secs] 
2020-10-29T13:17:26.646+0000: [GC (Allocation Failure) 2020-10-29T13:17:26.646+0000: [ParNew: 16388K->4K(18432K), 0.0013022 secs] 132253K->115869K(154460K), 0.0013535 secs] [Times: user=0.00 sys=0.00, real=0.00 secs] 
2020-10-29T13:17:26.666+0000: [GC (Allocation Failure) 2020-10-29T13:17:26.666+0000: [ParNew: 16388K->4K(18432K), 0.0013239 secs] 132253K->115869K(154460K), 0.0013764 secs] [Times: user=0.00 sys=0.00, real=0.00 secs] 
2020-10-29T13:17:26.687+0000: [GC (Allocation Failure) 2020-10-29T13:17:26.687+0000: [ParNew: 16388K->4K(18432K), 0.0013765 secs] 132253K->115869K(154460K), 0.0014309 secs] [Times: user=0.00 sys=0.00, real=0.00 secs] 
2020-10-29T13:17:26.707+0000: [GC (Allocation Failure) 2020-10-29T13:17:26.707+0000: [ParNew: 16388K->4K(18432K), 0.0013601 secs] 132253K->115869K(154460K), 0.0014135 secs] [Times: user=0.00 sys=0.00, real=0.00 secs] 
2020-10-29T13:17:26.726+0000: [GC (Allocation Failure) 2020-10-29T13:17:26.726+0000: [ParNew: 15188K->4K(18432K), 0.0013285 secs] 131054K->115869K(154460K), 0.0013818 secs] [Times: user=0.01 sys=0.00, real=0.00 secs] 
2020-10-29T13:17:26.739+0000: [GC (Allocation Failure) 2020-10-29T13:17:26.739+0000: [ParNew: 16388K->4K(18432K), 0.0068180 secs] 132253K->124061K(154460K), 0.0068735 secs] [Times: user=0.01 sys=0.00, real=0.01 secs] 
2020-10-29T13:17:26.746+0000: [CMS-concurrent-abortable-preclean: 0.018/0.649 secs] [Times: user=0.90 sys=0.04, real=0.65 secs] 
2020-10-29T13:17:26.747+0000: [GC (CMS Final Remark) [YG occupancy: 330 K (18432 K)]2020-10-29T13:17:26.747+0000: [Rescan (parallel) , 0.0009160 secs]2020-10-29T13:17:26.748+0000: [weak refs processing, 0.0000271 secs]2020-10-29T13:17:26.748+0000: [class unloading, 0.0062091 secs]2020-10-29T13:17:26.755+0000: [scrub symbol table, 0.0078666 secs]2020-10-29T13:17:26.762+0000: [scrub string table, 0.0006008 secs][1 CMS-remark: 124057K(136028K)] 124388K(154460K), 0.0157302 secs] [Times: user=0.02 sys=0.00, real=0.01 secs] 
2020-10-29T13:17:26.763+0000: [CMS-concurrent-sweep-start]
2020-10-29T13:17:26.772+0000: [CMS-concurrent-sweep: 0.009/0.009 secs] [Times: user=0.02 sys=0.00, real=0.02 secs] 
2020-10-29T13:17:26.773+0000: [CMS-concurrent-reset-start]
2020-10-29T13:17:26.774+0000: [CMS-concurrent-reset: 0.002/0.002 secs] [Times: user=0.00 sys=0.00, real=0.00 secs] 
2020-10-29T13:17:26.786+0000: [GC (Allocation Failure) 2020-10-29T13:17:26.786+0000: [ParNew: 16388K->4K(18432K), 0.0014444 secs] 139821K->123437K(224156K), 0.0014959 secs] [Times: user=0.00 sys=0.00, real=0.00 secs] 
2020-10-29T13:17:26.806+0000: [GC (Allocation Failure) 2020-10-29T13:17:26.806+0000: [ParNew: 16388K->8K(18432K), 0.0014417 secs] 139821K->123441K(224156K), 0.0014950 secs] [Times: user=0.00 sys=0.00, real=0.00 secs] 
2020-10-29T13:17:26.828+0000: [GC (Allocation Failure) 2020-10-29T13:17:26.828+0000: [ParNew: 16392K->8K(18432K), 0.0014683 secs] 139825K->123442K(224156K), 0.0015200 secs] [Times: user=0.01 sys=0.00, real=0.00 secs] 
2020-10-29T13:17:26.847+0000: [GC (Allocation Failure) 2020-10-29T13:17:26.847+0000: [ParNew: 16392K->9K(18432K), 0.0014870 secs] 139826K->123443K(224156K), 0.0015395 secs] [Times: user=0.00 sys=0.00, real=0.00 secs] 
2020-10-29T13:17:26.867+0000: [GC (Allocation Failure) 2020-10-29T13:17:26.867+0000: [ParNew: 16393K->8K(18432K), 0.0015111 secs] 139827K->123442K(224156K), 0.0015642 secs] [Times: user=0.00 sys=0.00, real=0.00 secs] 
2020-10-29T13:17:26.886+0000: [GC (Allocation Failure) 2020-10-29T13:17:26.886+0000: [ParNew: 16392K->8K(18432K), 0.0014567 secs] 139826K->123442K(224156K), 0.0015093 secs] [Times: user=0.00 sys=0.00, real=0.00 secs] 
2020-10-29T13:17:26.906+0000: [GC (Allocation Failure) 2020-10-29T13:17:26.906+0000: [ParNew: 16392K->8K(18432K), 0.0014582 secs] 139826K->123442K(224156K), 0.0015106 secs] [Times: user=0.00 sys=0.00, real=0.00 secs] 
2020-10-29T13:17:26.919+0000: [GC (Allocation Failure) 2020-10-29T13:17:26.919+0000: [ParNew: 16392K->5K(18432K), 0.0071774 secs] 139826K->131635K(224156K), 0.0072319 secs] [Times: user=0.01 sys=0.00, real=0.01 secs] 
2020-10-29T13:17:26.928+0000: [GC (CMS Initial Mark) [1 CMS-initial-mark: 131630K(205724K)] 131963K(224156K), 0.0011635 secs] [Times: user=0.00 sys=0.00, real=0.00 secs] 
2020-10-29T13:17:26.930+0000: [CMS-concurrent-mark-start]
2020-10-29T13:17:26.960+0000: [GC (Allocation Failure) 2020-10-29T13:17:26.960+0000: [ParNew: 16389K->4K(18432K), 0.0014365 secs] 148019K->131634K(224156K), 0.0014889 secs] [Times: user=0.00 sys=0.00, real=0.00 secs] 
2020-10-29T13:17:26.969+0000: [CMS-concurrent-mark: 0.038/0.040 secs] [Times: user=0.08 sys=0.00, real=0.04 secs] 
2020-10-29T13:17:26.970+0000: [CMS-concurrent-preclean-start]
2020-10-29T13:17:26.971+0000: [CMS-concurrent-preclean: 0.001/0.001 secs] [Times: user=0.00 sys=0.00, real=0.00 secs] 
2020-10-29T13:17:26.971+0000: [CMS-concurrent-abortable-preclean-start]
2020-10-29T13:17:26.986+0000: [GC (Allocation Failure) 2020-10-29T13:17:26.986+0000: [ParNew: 16388K->4K(18432K), 0.0014812 secs] 148018K->131634K(224156K), 0.0015328 secs] [Times: user=0.01 sys=0.00, real=0.00 secs] 
2020-10-29T13:17:27.012+0000: [GC (Allocation Failure) 2020-10-29T13:17:27.013+0000: [ParNew: 16388K->4K(18432K), 0.0014545 secs] 148018K->131634K(224156K), 0.0015264 secs] [Times: user=0.00 sys=0.00, real=0.00 secs] 
2020-10-29T13:17:27.041+0000: [GC (Allocation Failure) 2020-10-29T13:17:27.041+0000: [ParNew: 16388K->4K(18432K), 0.0014288 secs] 148018K->131634K(224156K), 0.0014819 secs] [Times: user=0.01 sys=0.00, real=0.00 secs] 
2020-10-29T13:17:27.062+0000: [GC (Allocation Failure) 2020-10-29T13:17:27.062+0000: [ParNew: 16388K->4K(18432K), 0.0014338 secs] 148018K->131634K(224156K), 0.0014874 secs] [Times: user=0.00 sys=0.00, real=0.00 secs] 
2020-10-29T13:17:27.082+0000: [GC (Allocation Failure) 2020-10-29T13:17:27.082+0000: [ParNew: 16388K->4K(18432K), 0.0014872 secs] 148018K->131634K(224156K), 0.0015409 secs] [Times: user=0.00 sys=0.00, real=0.00 secs] 
2020-10-29T13:17:27.103+0000: [GC (Allocation Failure) 2020-10-29T13:17:27.104+0000: [ParNew: 16388K->4K(18432K), 0.0014382 secs] 148018K->131634K(224156K), 0.0014900 secs] [Times: user=0.00 sys=0.00, real=0.01 secs] 
2020-10-29T13:17:27.123+0000: [GC (Allocation Failure) 2020-10-29T13:17:27.123+0000: [ParNew: 16388K->4K(18432K), 0.0014295 secs] 148018K->131634K(224156K), 0.0015090 secs] [Times: user=0.00 sys=0.00, real=0.01 secs] 
2020-10-29T13:17:27.142+0000: [GC (Allocation Failure) 2020-10-29T13:17:27.142+0000: [ParNew: 16388K->4K(18432K), 0.0014182 secs] 148018K->131634K(224156K), 0.0014700 secs] [Times: user=0.00 sys=0.00, real=0.00 secs] 
2020-10-29T13:17:27.162+0000: [GC (Allocation Failure) 2020-10-29T13:17:27.162+0000: [ParNew: 16388K->4K(18432K), 0.0014327 secs] 148018K->131634K(224156K), 0.0014851 secs] [Times: user=0.00 sys=0.00, real=0.00 secs] 
2020-10-29T13:17:27.181+0000: [GC (Allocation Failure) 2020-10-29T13:17:27.181+0000: [ParNew: 16388K->4K(18432K), 0.0013692 secs] 148018K->131634K(224156K), 0.0014202 secs] [Times: user=0.01 sys=0.00, real=0.00 secs] 
2020-10-29T13:17:27.203+0000: [GC (Allocation Failure) 2020-10-29T13:17:27.203+0000: [ParNew: 16388K->4K(18432K), 0.0013604 secs] 148018K->131634K(224156K), 0.0014255 secs] [Times: user=0.00 sys=0.00, real=0.00 secs] 
2020-10-29T13:17:27.225+0000: [GC (Allocation Failure) 2020-10-29T13:17:27.225+0000: [ParNew: 11154K->4K(18432K), 0.0013240 secs] 142785K->131634K(224156K), 0.0013719 secs] [Times: user=0.00 sys=0.00, real=0.00 secs] 
2020-10-29T13:17:27.237+0000: [GC (Allocation Failure) 2020-10-29T13:17:27.237+0000: [ParNew: 16388K->4K(18432K), 0.0068554 secs] 148018K->139826K(224156K), 0.0069027 secs] [Times: user=0.00 sys=0.00, real=0.00 secs] 
2020-10-29T13:17:27.244+0000: [CMS-concurrent-abortable-preclean: 0.010/0.273 secs] [Times: user=0.36 sys=0.01, real=0.27 secs] 
2020-10-29T13:17:27.244+0000: [GC (CMS Final Remark) [YG occupancy: 329 K (18432 K)]2020-10-29T13:17:27.244+0000: [Rescan (parallel) , 0.0008553 secs]2020-10-29T13:17:27.245+0000: [weak refs processing, 0.0000243 secs]2020-10-29T13:17:27.245+0000: [class unloading, 0.0061197 secs]2020-10-29T13:17:27.251+0000: [scrub symbol table, 0.0077706 secs]2020-10-29T13:17:27.259+0000: [scrub string table, 0.0005127 secs][1 CMS-remark: 139822K(205724K)] 140152K(224156K), 0.0153811 secs] [Times: user=0.02 sys=0.00, real=0.01 secs] 
2020-10-29T13:17:27.260+0000: [CMS-concurrent-sweep-start]
2020-10-29T13:17:27.270+0000: [CMS-concurrent-sweep: 0.010/0.010 secs] [Times: user=0.02 sys=0.00, real=0.01 secs] 
2020-10-29T13:17:27.270+0000: [CMS-concurrent-reset-start]
2020-10-29T13:17:27.272+0000: [CMS-concurrent-reset: 0.002/0.002 secs] [Times: user=0.00 sys=0.00, real=0.00 secs] 
2020-10-29T13:17:27.282+0000: [GC (Allocation Failure) 2020-10-29T13:17:27.282+0000: [ParNew: 16388K->4K(18432K), 0.0014578 secs] 149041K->132657K(239524K), 0.0014984 secs] [Times: user=0.00 sys=0.00, real=0.00 secs] 
2020-10-29T13:17:27.303+0000: [GC (Allocation Failure) 2020-10-29T13:17:27.303+0000: [ParNew: 16388K->4K(18432K), 0.0013833 secs] 149041K->132657K(239524K), 0.0014320 secs] [Times: user=0.01 sys=0.00, real=0.00 secs] 
2020-10-29T13:17:27.327+0000: [GC (Allocation Failure) 2020-10-29T13:17:27.327+0000: [ParNew: 16388K->4K(18432K), 0.0014471 secs] 149041K->132657K(239524K), 0.0014979 secs] [Times: user=0.01 sys=0.00, real=0.00 secs] 
2020-10-29T13:17:27.347+0000: [GC (Allocation Failure) 2020-10-29T13:17:27.347+0000: [ParNew: 16388K->4K(18432K), 0.0014123 secs] 149041K->132657K(239524K), 0.0014610 secs] [Times: user=0.01 sys=0.00, real=0.00 secs] 
2020-10-29T13:17:27.366+0000: [GC (Allocation Failure) 2020-10-29T13:17:27.366+0000: [ParNew: 16388K->4K(18432K), 0.0014230 secs] 149041K->132657K(239524K), 0.0014725 secs] [Times: user=0.00 sys=0.00, real=0.00 secs] 
2020-10-29T13:17:27.385+0000: [GC (Allocation Failure) 2020-10-29T13:17:27.385+0000: [ParNew: 16388K->4K(18432K), 0.0014354 secs] 149041K->132657K(239524K), 0.0014844 secs] [Times: user=0.00 sys=0.00, real=0.00 secs] 
2020-10-29T13:17:27.404+0000: [GC (Allocation Failure) 2020-10-29T13:17:27.404+0000: [ParNew: 16388K->4K(18432K), 0.0014509 secs] 149041K->132657K(239524K), 0.0015052 secs] [Times: user=0.00 sys=0.00, real=0.01 secs] 
2020-10-29T13:17:27.427+0000: [GC (Allocation Failure) 2020-10-29T13:17:27.427+0000: [ParNew: 16388K->4K(18432K), 0.0014629 secs] 149041K->132657K(239524K), 0.0015144 secs] [Times: user=0.00 sys=0.00, real=0.00 secs] 
2020-10-29T13:17:27.446+0000: [GC (Allocation Failure) 2020-10-29T13:17:27.446+0000: [ParNew: 16388K->4K(18432K), 0.0014555 secs] 149041K->132657K(239524K), 0.0015081 secs] [Times: user=0.00 sys=0.00, real=0.00 secs] 
2020-10-29T13:17:27.466+0000: [GC (Allocation Failure) 2020-10-29T13:17:27.466+0000: [ParNew: 16388K->4K(18432K), 0.0014624 secs] 149041K->132657K(239524K), 0.0015143 secs] [Times: user=0.01 sys=0.00, real=0.00 secs] 
2020-10-29T13:17:27.495+0000: [GC (Allocation Failure) 2020-10-29T13:17:27.495+0000: [ParNew: 16388K->4K(18432K), 0.0014561 secs] 165425K->149041K(239524K), 0.0015087 secs] [Times: user=0.00 sys=0.00, real=0.00 secs] 
2020-10-29T13:17:27.496+0000: [GC (CMS Initial Mark) [1 CMS-initial-mark: 149037K(221092K)] 149369K(239524K), 0.0013734 secs] [Times: user=0.01 sys=0.00, real=0.00 secs] 
2020-10-29T13:17:27.498+0000: [CMS-concurrent-mark-start]
2020-10-29T13:17:27.526+0000: [GC (Allocation Failure) 2020-10-29T13:17:27.526+0000: [ParNew: 16388K->4K(18432K), 0.0013871 secs] 165425K->149041K(239524K), 0.0014395 secs] [Times: user=0.00 sys=0.00, real=0.00 secs] 
2020-10-29T13:17:27.536+0000: [CMS-concurrent-mark: 0.036/0.038 secs] [Times: user=0.07 sys=0.00, real=0.04 secs] 
2020-10-29T13:17:27.536+0000: [CMS-concurrent-preclean-start]
2020-10-29T13:17:27.537+0000: [CMS-concurrent-preclean: 0.001/0.001 secs] [Times: user=0.00 sys=0.00, real=0.00 secs] 
2020-10-29T13:17:27.537+0000: [CMS-concurrent-abortable-preclean-start]
2020-10-29T13:17:27.551+0000: [GC (Allocation Failure) 2020-10-29T13:17:27.551+0000: [ParNew: 16388K->4K(18432K), 0.0014780 secs] 165425K->149041K(239524K), 0.0015276 secs] [Times: user=0.00 sys=0.00, real=0.01 secs] 
2020-10-29T13:17:27.571+0000: [GC (Allocation Failure) 2020-10-29T13:17:27.571+0000: [ParNew: 16388K->4K(18432K), 0.0014433 secs] 165425K->149042K(239524K), 0.0014947 secs] [Times: user=0.00 sys=0.00, real=0.01 secs] 
2020-10-29T13:17:27.593+0000: [GC (Allocation Failure) 2020-10-29T13:17:27.593+0000: [ParNew: 16388K->4K(18432K), 0.0014589 secs] 165426K->149042K(239524K), 0.0015124 secs] [Times: user=0.00 sys=0.00, real=0.00 secs] 
2020-10-29T13:17:27.614+0000: [GC (Allocation Failure) 2020-10-29T13:17:27.614+0000: [ParNew: 16388K->4K(18432K), 0.0014742 secs] 165426K->149042K(239524K), 0.0015269 secs] [Times: user=0.01 sys=0.00, real=0.00 secs] 
2020-10-29T13:17:27.635+0000: [GC (Allocation Failure) 2020-10-29T13:17:27.635+0000: [ParNew: 16388K->4K(18432K), 0.0014712 secs] 165426K->149042K(239524K), 0.0015238 secs] [Times: user=0.00 sys=0.00, real=0.00 secs] 
2020-10-29T13:17:27.655+0000: [GC (Allocation Failure) 2020-10-29T13:17:27.655+0000: [ParNew: 16388K->4K(18432K), 0.0015252 secs] 165426K->149042K(239524K), 0.0015763 secs] [Times: user=0.00 sys=0.00, real=0.00 secs] 
2020-10-29T13:17:27.675+0000: [GC (Allocation Failure) 2020-10-29T13:17:27.675+0000: [ParNew: 16388K->4K(18432K), 0.0014292 secs] 165426K->149042K(239524K), 0.0014851 secs] [Times: user=0.00 sys=0.00, real=0.00 secs] 
2020-10-29T13:17:27.694+0000: [GC (Allocation Failure) 2020-10-29T13:17:27.694+0000: [ParNew: 16388K->4K(18432K), 0.0014228 secs] 165426K->149042K(239524K), 0.0014744 secs] [Times: user=0.00 sys=0.00, real=0.00 secs] 
2020-10-29T13:17:27.714+0000: [GC (Allocation Failure) 2020-10-29T13:17:27.714+0000: [ParNew: 16388K->4K(18432K), 0.0014465 secs] 165426K->149042K(239524K), 0.0014983 secs] [Times: user=0.01 sys=0.00, real=0.00 secs] 
2020-10-29T13:17:27.733+0000: [GC (Allocation Failure) 2020-10-29T13:17:27.733+0000: [ParNew: 16388K->4K(18432K), 0.0014795 secs] 165426K->149042K(239524K), 0.0015259 secs] [Times: user=0.01 sys=0.00, real=0.00 secs] 
2020-10-29T13:17:27.753+0000: [GC (Allocation Failure) 2020-10-29T13:17:27.753+0000: [ParNew: 16388K->4K(18432K), 0.0014817 secs] 165426K->149042K(239524K), 0.0015326 secs] [Times: user=0.00 sys=0.00, real=0.00 secs] 
2020-10-29T13:17:27.773+0000: [GC (Allocation Failure) 2020-10-29T13:17:27.773+0000: [ParNew: 16388K->4K(18432K), 0.0014660 secs] 165426K->149042K(239524K), 0.0015177 secs] [Times: user=0.00 sys=0.00, real=0.00 secs] 
2020-10-29T13:17:27.792+0000: [GC (Allocation Failure) 2020-10-29T13:17:27.792+0000: [ParNew: 16388K->4K(18432K), 0.0014564 secs] 165426K->149042K(239524K), 0.0015083 secs] [Times: user=0.00 sys=0.00, real=0.01 secs] 
2020-10-29T13:17:27.805+0000: [GC (Allocation Failure) 2020-10-29T13:17:27.805+0000: [ParNew: 9504K->4K(18432K), 0.0014489 secs] 158543K->149042K(239524K), 0.0015004 secs] [Times: user=0.01 sys=0.00, real=0.00 secs] 
2020-10-29T13:17:27.816+0000: [GC (Allocation Failure) 2020-10-29T13:17:27.816+0000: [ParNew: 16388K->4K(18432K), 0.0072442 secs] 165426K->157234K(239524K), 0.0073000 secs] [Times: user=0.01 sys=0.00, real=0.00 secs] 
2020-10-29T13:17:27.824+0000: [CMS-concurrent-abortable-preclean: 0.012/0.286 secs] [Times: user=0.33 sys=0.01, real=0.28 secs] 
2020-10-29T13:17:27.824+0000: [GC (CMS Final Remark) [YG occupancy: 654 K (18432 K)]2020-10-29T13:17:27.824+0000: [Rescan (parallel) , 0.0013852 secs]2020-10-29T13:17:27.826+0000: [weak refs processing, 0.0000241 secs]2020-10-29T13:17:27.826+0000: [class unloading, 0.0062354 secs]2020-10-29T13:17:27.832+0000: [scrub symbol table, 0.0080370 secs]2020-10-29T13:17:27.840+0000: [scrub string table, 0.0005336 secs][1 CMS-remark: 157230K(221092K)] 157884K(239524K), 0.0163335 secs] [Times: user=0.02 sys=0.00, real=0.01 secs] 
2020-10-29T13:17:27.844+0000: [CMS-concurrent-sweep-start]
2020-10-29T13:17:27.854+0000: [CMS-concurrent-sweep: 0.009/0.009 secs] [Times: user=0.02 sys=0.00, real=0.01 secs] 
2020-10-29T13:17:27.854+0000: [CMS-concurrent-reset-start]
2020-10-29T13:17:27.856+0000: [CMS-concurrent-reset: 0.002/0.002 secs] [Times: user=0.00 sys=0.00, real=0.00 secs] 
2020-10-29T13:17:27.863+0000: [GC (Allocation Failure) 2020-10-29T13:17:27.863+0000: [ParNew: 16388K->4K(18432K), 0.0015689 secs] 173618K->157234K(280484K), 0.0016175 secs] [Times: user=0.00 sys=0.00, real=0.01 secs] 
2020-10-29T13:17:27.883+0000: [GC (Allocation Failure) 2020-10-29T13:17:27.883+0000: [ParNew: 16388K->4K(18432K), 0.0015410 secs] 173618K->157234K(280484K), 0.0015929 secs] [Times: user=0.00 sys=0.00, real=0.00 secs] 
2020-10-29T13:17:27.902+0000: [GC (Allocation Failure) 2020-10-29T13:17:27.902+0000: [ParNew: 16388K->4K(18432K), 0.0015561 secs] 173618K->157234K(280484K), 0.0016090 secs] [Times: user=0.00 sys=0.00, real=0.00 secs] 
2020-10-29T13:17:27.922+0000: [GC (Allocation Failure) 2020-10-29T13:17:27.922+0000: [ParNew: 16388K->4K(18432K), 0.0015420 secs] 173618K->157234K(280484K), 0.0015954 secs] [Times: user=0.00 sys=0.00, real=0.00 secs] 
2020-10-29T13:17:27.941+0000: [GC (Allocation Failure) 2020-10-29T13:17:27.941+0000: [ParNew: 16388K->4K(18432K), 0.0015415 secs] 173618K->157234K(280484K), 0.0015952 secs] [Times: user=0.00 sys=0.00, real=0.00 secs] 
2020-10-29T13:17:27.962+0000: [GC (Allocation Failure) 2020-10-29T13:17:27.962+0000: [ParNew: 16388K->4K(18432K), 0.0015456 secs] 173618K->157234K(280484K), 0.0015963 secs] [Times: user=0.00 sys=0.00, real=0.00 secs] 
2020-10-29T13:17:27.982+0000: [GC (Allocation Failure) 2020-10-29T13:17:27.982+0000: [ParNew: 16388K->4K(18432K), 0.0015596 secs] 173618K->157234K(280484K), 0.0016137 secs] [Times: user=0.00 sys=0.00, real=0.00 secs] 
2020-10-29T13:17:28.002+0000: [GC (Allocation Failure) 2020-10-29T13:17:28.002+0000: [ParNew: 16388K->4K(18432K), 0.0015395 secs] 173618K->157234K(280484K), 0.0015925 secs] [Times: user=0.00 sys=0.00, real=0.00 secs] 
2020-10-29T13:17:28.021+0000: [GC (Allocation Failure) 2020-10-29T13:17:28.021+0000: [ParNew: 16388K->4K(18432K), 0.0015519 secs] 173618K->157234K(280484K), 0.0016029 secs] [Times: user=0.00 sys=0.00, real=0.00 secs] 
2020-10-29T13:17:28.042+0000: [GC (Allocation Failure) 2020-10-29T13:17:28.042+0000: [ParNew: 16388K->4K(18432K), 0.0015194 secs] 173618K->157234K(280484K), 0.0015714 secs] [Times: user=0.01 sys=0.00, real=0.00 secs] 
2020-10-29T13:17:28.062+0000: [GC (Allocation Failure) 2020-10-29T13:17:28.062+0000: [ParNew: 16388K->4K(18432K), 0.0015393 secs] 173618K->157234K(280484K), 0.0016014 secs] [Times: user=0.01 sys=0.00, real=0.00 secs] 
2020-10-29T13:17:28.089+0000: [GC (Allocation Failure) 2020-10-29T13:17:28.089+0000: [ParNew: 16388K->4K(18432K), 0.0015975 secs] 173618K->157234K(280484K), 0.0016686 secs] [Times: user=0.00 sys=0.00, real=0.00 secs] 
2020-10-29T13:17:28.102+0000: [GC (Allocation Failure) 2020-10-29T13:17:28.102+0000: [ParNew: 8850K->4K(18432K), 0.0015002 secs] 166080K->157234K(280484K), 0.0015520 secs] [Times: user=0.00 sys=0.00, real=0.00 secs] 
2020-10-29T13:17:28.114+0000: [GC (Allocation Failure) 2020-10-29T13:17:28.114+0000: [ParNew: 16388K->6K(18432K), 0.0072162 secs] 173618K->165428K(280484K), 0.0072667 secs] [Times: user=0.01 sys=0.01, real=0.00 secs] 
2020-10-29T13:17:28.124+0000: [GC (CMS Initial Mark) [1 CMS-initial-mark: 165422K(262052K)] 165753K(280484K), 0.0011248 secs] [Times: user=0.01 sys=0.00, real=0.01 secs] 
2020-10-29T13:17:28.125+0000: [CMS-concurrent-mark-start]
2020-10-29T13:17:28.154+0000: [GC (Allocation Failure) 2020-10-29T13:17:28.154+0000: [ParNew: 16390K->4K(18432K), 0.0014917 secs] 181812K->165426K(280484K), 0.0015436 secs] [Times: user=0.01 sys=0.00, real=0.00 secs] 
2020-10-29T13:17:28.163+0000: [CMS-concurrent-mark: 0.036/0.038 secs] [Times: user=0.06 sys=0.01, real=0.03 secs] 
2020-10-29T13:17:28.163+0000: [CMS-concurrent-preclean-start]
2020-10-29T13:17:28.165+0000: [CMS-concurrent-preclean: 0.001/0.001 secs] [Times: user=0.01 sys=0.00, real=0.01 secs] 
2020-10-29T13:17:28.165+0000: [CMS-concurrent-abortable-preclean-start]
2020-10-29T13:17:28.179+0000: [GC (Allocation Failure) 2020-10-29T13:17:28.179+0000: [ParNew: 16388K->4K(18432K), 0.0015193 secs] 181810K->165426K(280484K), 0.0015695 secs] [Times: user=0.00 sys=0.00, real=0.00 secs] 
2020-10-29T13:17:28.199+0000: [GC (Allocation Failure) 2020-10-29T13:17:28.199+0000: [ParNew: 16388K->6K(18432K), 0.0015498 secs] 181810K->165428K(280484K), 0.0016041 secs] [Times: user=0.01 sys=0.00, real=0.00 secs] 
2020-10-29T13:17:28.220+0000: [GC (Allocation Failure) 2020-10-29T13:17:28.220+0000: [ParNew: 16390K->4K(18432K), 0.0015399 secs] 181812K->165427K(280484K), 0.0015920 secs] [Times: user=0.00 sys=0.00, real=0.00 secs] 
2020-10-29T13:17:28.240+0000: [GC (Allocation Failure) 2020-10-29T13:17:28.240+0000: [ParNew: 16388K->4K(18432K), 0.0015575 secs] 181811K->165428K(280484K), 0.0016151 secs] [Times: user=0.01 sys=0.00, real=0.00 secs] 
2020-10-29T13:17:28.260+0000: [GC (Allocation Failure) 2020-10-29T13:17:28.260+0000: [ParNew: 16388K->4K(18432K), 0.0015404 secs] 181812K->165428K(280484K), 0.0015922 secs] [Times: user=0.01 sys=0.00, real=0.00 secs] 
2020-10-29T13:17:28.280+0000: [GC (Allocation Failure) 2020-10-29T13:17:28.280+0000: [ParNew: 16388K->4K(18432K), 0.0015534 secs] 181812K->165428K(280484K), 0.0016061 secs] [Times: user=0.00 sys=0.00, real=0.00 secs] 
2020-10-29T13:17:28.299+0000: [GC (Allocation Failure) 2020-10-29T13:17:28.299+0000: [ParNew: 16388K->4K(18432K), 0.0015358 secs] 181812K->165428K(280484K), 0.0015866 secs] [Times: user=0.00 sys=0.00, real=0.00 secs] 
2020-10-29T13:17:28.319+0000: [GC (Allocation Failure) 2020-10-29T13:17:28.319+0000: [ParNew: 16388K->4K(18432K), 0.0015718 secs] 181812K->165428K(280484K), 0.0016268 secs] [Times: user=0.00 sys=0.00, real=0.00 secs] 
2020-10-29T13:17:28.339+0000: [GC (Allocation Failure) 2020-10-29T13:17:28.339+0000: [ParNew: 16388K->4K(18432K), 0.0015325 secs] 181812K->165428K(280484K), 0.0015844 secs] [Times: user=0.00 sys=0.00, real=0.00 secs] 
2020-10-29T13:17:28.359+0000: [GC (Allocation Failure) 2020-10-29T13:17:28.359+0000: [ParNew: 16388K->4K(18432K), 0.0015534 secs] 181812K->165428K(280484K), 0.0016057 secs] [Times: user=0.00 sys=0.00, real=0.00 secs] 
2020-10-29T13:17:28.381+0000: [GC (Allocation Failure) 2020-10-29T13:17:28.381+0000: [ParNew: 16388K->8K(18432K), 0.0015273 secs] 181812K->165432K(280484K), 0.0015799 secs] [Times: user=0.00 sys=0.00, real=0.00 secs] 
2020-10-29T13:17:28.393+0000: [GC (Allocation Failure) 2020-10-29T13:17:28.393+0000: [ParNew: 9180K->8K(18432K), 0.0013837 secs] 174604K->165432K(280484K), 0.0014455 secs] [Times: user=0.00 sys=0.00, real=0.00 secs] 
2020-10-29T13:17:28.405+0000: [GC (Allocation Failure) 2020-10-29T13:17:28.405+0000: [ParNew: 16392K->10K(18432K), 0.0072551 secs] 181816K->173626K(280484K), 0.0073093 secs] [Times: user=0.01 sys=0.01, real=0.01 secs] 
2020-10-29T13:17:28.413+0000: [CMS-concurrent-abortable-preclean: 0.012/0.248 secs] [Times: user=0.27 sys=0.02, real=0.25 secs] 
2020-10-29T13:17:28.414+0000: [GC (CMS Final Remark) [YG occupancy: 335 K (18432 K)]2020-10-29T13:17:28.414+0000: [Rescan (parallel) , 0.0012222 secs]2020-10-29T13:17:28.415+0000: [weak refs processing, 0.0000242 secs]2020-10-29T13:17:28.415+0000: [class unloading, 0.0061939 secs]2020-10-29T13:17:28.421+0000: [scrub symbol table, 0.0078073 secs]2020-10-29T13:17:28.429+0000: [scrub string table, 0.0005172 secs][1 CMS-remark: 173616K(262052K)] 173951K(280484K), 0.0158693 secs] [Times: user=0.02 sys=0.00, real=0.01 secs] 
2020-10-29T13:17:28.432+0000: [CMS-concurrent-sweep-start]
2020-10-29T13:17:28.441+0000: [CMS-concurrent-sweep: 0.009/0.009 secs] [Times: user=0.02 sys=0.00, real=0.00 secs] 
2020-10-29T13:17:28.442+0000: [CMS-concurrent-reset-start]
2020-10-29T13:17:28.443+0000: [CMS-concurrent-reset: 0.002/0.002 secs] [Times: user=0.00 sys=0.00, real=0.00 secs] 
2020-10-29T13:17:28.453+0000: [GC (Allocation Failure) 2020-10-29T13:17:28.453+0000: [ParNew: 16394K->8K(18432K), 0.0015867 secs] 190010K->173624K(307792K), 0.0016307 secs] [Times: user=0.01 sys=0.00, real=0.00 secs] 
2020-10-29T13:17:28.473+0000: [GC (Allocation Failure) 2020-10-29T13:17:28.473+0000: [ParNew: 16392K->10K(18432K), 0.0016097 secs] 190008K->173626K(307792K), 0.0016608 secs] [Times: user=0.01 sys=0.00, real=0.00 secs] 
2020-10-29T13:17:28.492+0000: [GC (Allocation Failure) 2020-10-29T13:17:28.492+0000: [ParNew: 16394K->8K(18432K), 0.0016437 secs] 190010K->173624K(307792K), 0.0017163 secs] [Times: user=0.01 sys=0.00, real=0.01 secs] 
2020-10-29T13:17:28.512+0000: [GC (Allocation Failure) 2020-10-29T13:17:28.512+0000: [ParNew: 16392K->5K(18432K), 0.0016500 secs] 190008K->173625K(307792K), 0.0017025 secs] [Times: user=0.00 sys=0.00, real=0.01 secs] 
2020-10-29T13:17:28.532+0000: [GC (Allocation Failure) 2020-10-29T13:17:28.532+0000: [ParNew: 16389K->4K(18432K), 0.0016185 secs] 190009K->173624K(307792K), 0.0016700 secs] [Times: user=0.00 sys=0.00, real=0.01 secs] 
2020-10-29T13:17:28.551+0000: [GC (Allocation Failure) 2020-10-29T13:17:28.551+0000: [ParNew: 16388K->4K(18432K), 0.0016204 secs] 190008K->173624K(307792K), 0.0016717 secs] [Times: user=0.00 sys=0.00, real=0.01 secs] 
2020-10-29T13:17:28.571+0000: [GC (Allocation Failure) 2020-10-29T13:17:28.571+0000: [ParNew: 16388K->4K(18432K), 0.0016099 secs] 190008K->173624K(307792K), 0.0016612 secs] [Times: user=0.00 sys=0.00, real=0.01 secs] 
2020-10-29T13:17:28.590+0000: [GC (Allocation Failure) 2020-10-29T13:17:28.590+0000: [ParNew: 16388K->4K(18432K), 0.0015613 secs] 190008K->173624K(307792K), 0.0016115 secs] [Times: user=0.00 sys=0.00, real=0.00 secs] 
2020-10-29T13:17:28.610+0000: [GC (Allocation Failure) 2020-10-29T13:17:28.610+0000: [ParNew: 16388K->4K(18432K), 0.0015814 secs] 190008K->173624K(307792K), 0.0016318 secs] [Times: user=0.00 sys=0.00, real=0.00 secs] 
2020-10-29T13:17:28.629+0000: [GC (Allocation Failure) 2020-10-29T13:17:28.629+0000: [ParNew: 16388K->4K(18432K), 0.0016363 secs] 190008K->173624K(307792K), 0.0016861 secs] [Times: user=0.00 sys=0.00, real=0.00 secs] 
2020-10-29T13:17:28.649+0000: [GC (Allocation Failure) 2020-10-29T13:17:28.649+0000: [ParNew: 16388K->4K(18432K), 0.0015990 secs] 190008K->173624K(307792K), 0.0016518 secs] [Times: user=0.00 sys=0.00, real=0.00 secs] 
2020-10-29T13:17:28.677+0000: [GC (Allocation Failure) 2020-10-29T13:17:28.677+0000: [ParNew: 16388K->4K(18432K), 0.0016072 secs] 190008K->173624K(307792K), 0.0016812 secs] [Times: user=0.00 sys=0.00, real=0.00 secs] 
2020-10-29T13:17:28.696+0000: [GC (Allocation Failure) 2020-10-29T13:17:28.696+0000: [ParNew: 8825K->4K(18432K), 0.0015708 secs] 182446K->173624K(307792K), 0.0016381 secs] [Times: user=0.00 sys=0.00, real=0.00 secs] 
2020-10-29T13:17:28.715+0000: [GC (Allocation Failure) 2020-10-29T13:17:28.715+0000: [ParNew: 16388K->4K(18432K), 0.0070982 secs] 190008K->181816K(307792K), 0.0071613 secs] [Times: user=0.02 sys=0.00, real=0.00 secs] 
2020-10-29T13:17:28.740+0000: [GC (Allocation Failure) 2020-10-29T13:17:28.740+0000: [ParNew: 16388K->4K(18432K), 0.0016096 secs] 198200K->181816K(307792K), 0.0016605 secs] [Times: user=0.00 sys=0.00, real=0.00 secs] 
2020-10-29T13:17:28.759+0000: [GC (Allocation Failure) 2020-10-29T13:17:28.759+0000: [ParNew: 16388K->4K(18432K), 0.0017660 secs] 198200K->181816K(307792K), 0.0018238 secs] [Times: user=0.00 sys=0.00, real=0.00 secs] 
2020-10-29T13:17:28.779+0000: [GC (Allocation Failure) 2020-10-29T13:17:28.779+0000: [ParNew: 16388K->4K(18432K), 0.0016387 secs] 198200K->181816K(307792K), 0.0016905 secs] [Times: user=0.00 sys=0.00, real=0.00 secs] 
2020-10-29T13:17:28.798+0000: [GC (Allocation Failure) 2020-10-29T13:17:28.798+0000: [ParNew: 16388K->4K(18432K), 0.0016018 secs] 198200K->181816K(307792K), 0.0016585 secs] [Times: user=0.00 sys=0.00, real=0.00 secs] 
2020-10-29T13:17:28.818+0000: [GC (Allocation Failure) 2020-10-29T13:17:28.818+0000: [ParNew: 16388K->4K(18432K), 0.0015955 secs] 198200K->181816K(307792K), 0.0016482 secs] [Times: user=0.01 sys=0.00, real=0.00 secs] 
2020-10-29T13:17:28.839+0000: [GC (Allocation Failure) 2020-10-29T13:17:28.839+0000: [ParNew: 16388K->2K(18432K), 0.0042470 secs] 198200K->181814K(307792K), 0.0043191 secs] [Times: user=0.01 sys=0.00, real=0.00 secs] 
2020-10-29T13:17:28.861+0000: [GC (Allocation Failure) 2020-10-29T13:17:28.861+0000: [ParNew: 16386K->2K(18432K), 0.0042277 secs] 198198K->181814K(307792K), 0.0043027 secs] [Times: user=0.00 sys=0.00, real=0.01 secs] 
2020-10-29T13:17:28.884+0000: [GC (Allocation Failure) 2020-10-29T13:17:28.884+0000: [ParNew: 16386K->4K(18432K), 0.0016424 secs] 198198K->181816K(307792K), 0.0016945 secs] [Times: user=0.01 sys=0.00, real=0.00 secs] 
2020-10-29T13:17:28.923+0000: [GC (Allocation Failure) 2020-10-29T13:17:28.923+0000: [ParNew: 16388K->4K(18432K), 0.0015957 secs] 230968K->214584K(307792K), 0.0016483 secs] [Times: user=0.00 sys=0.00, real=0.00 secs] 
2020-10-29T13:17:28.928+0000: [GC (CMS Initial Mark) [1 CMS-initial-mark: 214580K(289360K)] 214912K(307792K), 0.0010844 secs] [Times: user=0.00 sys=0.00, real=0.00 secs] 
2020-10-29T13:17:28.929+0000: [CMS-concurrent-mark-start]
2020-10-29T13:17:28.959+0000: [GC (Allocation Failure) 2020-10-29T13:17:28.959+0000: [ParNew: 16388K->4K(18432K), 0.0015399 secs] 230968K->214584K(307792K), 0.0015922 secs] [Times: user=0.00 sys=0.00, real=0.00 secs] 
2020-10-29T13:17:28.968+0000: [CMS-concurrent-mark: 0.037/0.038 secs] [Times: user=0.07 sys=0.00, real=0.04 secs] 
2020-10-29T13:17:28.968+0000: [CMS-concurrent-preclean-start]
2020-10-29T13:17:28.969+0000: [CMS-concurrent-preclean: 0.002/0.002 secs] [Times: user=0.01 sys=0.00, real=0.00 secs] 
2020-10-29T13:17:28.970+0000: [CMS-concurrent-abortable-preclean-start]
2020-10-29T13:17:28.983+0000: [GC (Allocation Failure) 2020-10-29T13:17:28.983+0000: [ParNew: 16388K->4K(18432K), 0.0015830 secs] 230968K->214584K(307792K), 0.0016334 secs] [Times: user=0.01 sys=0.00, real=0.01 secs] 
2020-10-29T13:17:29.003+0000: [GC (Allocation Failure) 2020-10-29T13:17:29.004+0000: [ParNew: 16388K->4K(18432K), 0.0015911 secs] 230968K->214584K(307792K), 0.0016464 secs] [Times: user=0.01 sys=0.00, real=0.01 secs] 
2020-10-29T13:17:29.015+0000: [GC (Allocation Failure) 2020-10-29T13:17:29.015+0000: [ParNew: 8866K->4K(18432K), 0.0016129 secs] 223446K->214584K(307792K), 0.0016742 secs] [Times: user=0.00 sys=0.00, real=0.00 secs] 
2020-10-29T13:17:29.027+0000: [GC (Allocation Failure) 2020-10-29T13:17:29.027+0000: [ParNew: 16388K->4K(18432K), 0.0073307 secs] 230968K->222776K(307792K), 0.0073875 secs] [Times: user=0.02 sys=0.00, real=0.01 secs] 
2020-10-29T13:17:29.035+0000: [CMS-concurrent-abortable-preclean: 0.004/0.065 secs] [Times: user=0.08 sys=0.00, real=0.07 secs] 
2020-10-29T13:17:29.036+0000: [GC (CMS Final Remark) [YG occupancy: 329 K (18432 K)]2020-10-29T13:17:29.036+0000: [Rescan (parallel) , 0.0012884 secs]2020-10-29T13:17:29.038+0000: [weak refs processing, 0.0000287 secs]2020-10-29T13:17:29.038+0000: [class unloading, 0.0061818 secs]2020-10-29T13:17:29.044+0000: [scrub symbol table, 0.0079356 secs]2020-10-29T13:17:29.052+0000: [scrub string table, 0.0005365 secs][1 CMS-remark: 222772K(289360K)] 223101K(307792K), 0.0160975 secs] [Times: user=0.01 sys=0.00, real=0.02 secs] 
2020-10-29T13:17:29.053+0000: [CMS-concurrent-sweep-start]
2020-10-29T13:17:29.062+0000: [CMS-concurrent-sweep: 0.009/0.009 secs] [Times: user=0.02 sys=0.00, real=0.00 secs] 
2020-10-29T13:17:29.063+0000: [CMS-concurrent-reset-start]
2020-10-29T13:17:29.064+0000: [CMS-concurrent-reset: 0.002/0.002 secs] [Times: user=0.00 sys=0.00, real=0.00 secs] 
2020-10-29T13:17:29.076+0000: [GC (Allocation Failure) 2020-10-29T13:17:29.076+0000: [ParNew: 16388K->4K(18432K), 0.0018121 secs] 239127K->222743K(389668K), 0.0018614 secs] [Times: user=0.00 sys=0.00, real=0.00 secs] 
2020-10-29T13:17:29.095+0000: [GC (Allocation Failure) 2020-10-29T13:17:29.095+0000: [ParNew: 16388K->4K(18432K), 0.0018133 secs] 239127K->222743K(389668K), 0.0018670 secs] [Times: user=0.01 sys=0.00, real=0.00 secs] 
2020-10-29T13:17:29.115+0000: [GC (Allocation Failure) 2020-10-29T13:17:29.115+0000: [ParNew: 16388K->4K(18432K), 0.0017768 secs] 239127K->222743K(389668K), 0.0018293 secs] [Times: user=0.01 sys=0.00, real=0.00 secs] 
2020-10-29T13:17:29.135+0000: [GC (Allocation Failure) 2020-10-29T13:17:29.135+0000: [ParNew: 16388K->4K(18432K), 0.0017849 secs] 239127K->222743K(389668K), 0.0018363 secs] [Times: user=0.01 sys=0.00, real=0.00 secs] 
2020-10-29T13:17:29.160+0000: [GC (Allocation Failure) 2020-10-29T13:17:29.160+0000: [ParNew: 16388K->4K(18432K), 0.0017787 secs] 239127K->222743K(389668K), 0.0018309 secs] [Times: user=0.01 sys=0.00, real=0.00 secs] 
2020-10-29T13:17:29.179+0000: [GC (Allocation Failure) 2020-10-29T13:17:29.179+0000: [ParNew: 16388K->4K(18432K), 0.0017752 secs] 239127K->222744K(389668K), 0.0018251 secs] [Times: user=0.01 sys=0.00, real=0.00 secs] 
2020-10-29T13:17:29.198+0000: [GC (Allocation Failure) 2020-10-29T13:17:29.198+0000: [ParNew: 16388K->4K(18432K), 0.0018038 secs] 239128K->222744K(389668K), 0.0018557 secs] [Times: user=0.00 sys=0.00, real=0.00 secs] 
2020-10-29T13:17:29.219+0000: [GC (Allocation Failure) 2020-10-29T13:17:29.219+0000: [ParNew: 16388K->4K(18432K), 0.0020051 secs] 239128K->222744K(389668K), 0.0020604 secs] [Times: user=0.00 sys=0.00, real=0.00 secs] 
2020-10-29T13:17:29.248+0000: [GC (Allocation Failure) 2020-10-29T13:17:29.248+0000: [ParNew: 16388K->4K(18432K), 0.0017790 secs] 239128K->222744K(389668K), 0.0018312 secs] [Times: user=0.00 sys=0.00, real=0.00 secs] 
2020-10-29T13:17:29.268+0000: [GC (Allocation Failure) 2020-10-29T13:17:29.268+0000: [ParNew: 16388K->4K(18432K), 0.0017737 secs] 239128K->222744K(389668K), 0.0018264 secs] [Times: user=0.00 sys=0.00, real=0.00 secs] 
2020-10-29T13:17:29.287+0000: [GC (Allocation Failure) 2020-10-29T13:17:29.287+0000: [ParNew: 16388K->4K(18432K), 0.0018063 secs] 239128K->222745K(389668K), 0.0018580 secs] [Times: user=0.00 sys=0.00, real=0.00 secs] 
2020-10-29T13:17:29.307+0000: [GC (Allocation Failure) 2020-10-29T13:17:29.307+0000: [ParNew: 16388K->4K(18432K), 0.0018121 secs] 239129K->222745K(389668K), 0.0018651 secs] [Times: user=0.00 sys=0.00, real=0.00 secs] 
2020-10-29T13:17:29.319+0000: [GC (Allocation Failure) 2020-10-29T13:17:29.319+0000: [ParNew: 8850K->4K(18432K), 0.0018011 secs] 231591K->222745K(389668K), 0.0018543 secs] [Times: user=0.01 sys=0.00, real=0.00 secs] 
2020-10-29T13:17:29.330+0000: [GC (Allocation Failure) 2020-10-29T13:17:29.330+0000: [ParNew: 16388K->4K(18432K), 0.0074159 secs] 239129K->230937K(389668K), 0.0074683 secs] [Times: user=0.01 sys=0.00, real=0.01 secs] 
2020-10-29T13:17:29.356+0000: [GC (Allocation Failure) 2020-10-29T13:17:29.356+0000: [ParNew: 16388K->4K(18432K), 0.0018014 secs] 247321K->230937K(389668K), 0.0018533 secs] [Times: user=0.01 sys=0.00, real=0.00 secs] 
2020-10-29T13:17:29.375+0000: [GC (Allocation Failure) 2020-10-29T13:17:29.375+0000: [ParNew: 16388K->4K(18432K), 0.0018003 secs] 247321K->230937K(389668K), 0.0018664 secs] [Times: user=0.00 sys=0.00, real=0.00 secs] 
2020-10-29T13:17:29.395+0000: [GC (Allocation Failure) 2020-10-29T13:17:29.395+0000: [ParNew: 16388K->4K(18432K), 0.0018070 secs] 247321K->230937K(389668K), 0.0018594 secs] [Times: user=0.00 sys=0.00, real=0.00 secs] 
2020-10-29T13:17:29.414+0000: [GC (Allocation Failure) 2020-10-29T13:17:29.414+0000: [ParNew: 16388K->4K(18432K), 0.0021061 secs] 247321K->230937K(389668K), 0.0021571 secs] [Times: user=0.00 sys=0.00, real=0.00 secs] 
2020-10-29T13:17:29.434+0000: [GC (Allocation Failure) 2020-10-29T13:17:29.434+0000: [ParNew: 16388K->4K(18432K), 0.0017324 secs] 247321K->230937K(389668K), 0.0017819 secs] [Times: user=0.00 sys=0.00, real=0.00 secs] 
2020-10-29T13:17:29.453+0000: [GC (Allocation Failure) 2020-10-29T13:17:29.453+0000: [ParNew: 16388K->4K(18432K), 0.0017575 secs] 247321K->230937K(389668K), 0.0018084 secs] [Times: user=0.00 sys=0.00, real=0.00 secs] 
2020-10-29T13:17:29.472+0000: [GC (Allocation Failure) 2020-10-29T13:17:29.472+0000: [ParNew: 16388K->4K(18432K), 0.0017541 secs] 247321K->230937K(389668K), 0.0018060 secs] [Times: user=0.01 sys=0.00, real=0.00 secs] 
2020-10-29T13:17:29.492+0000: [GC (Allocation Failure) 2020-10-29T13:17:29.492+0000: [ParNew: 16388K->4K(18432K), 0.0017590 secs] 247321K->230937K(389668K), 0.0018100 secs] [Times: user=0.01 sys=0.00, real=0.01 secs] 
2020-10-29T13:17:29.511+0000: [GC (Allocation Failure) 2020-10-29T13:17:29.511+0000: [ParNew: 16388K->4K(18432K), 0.0017644 secs] 247321K->230937K(389668K), 0.0018159 secs] [Times: user=0.01 sys=0.00, real=0.01 secs] 
2020-10-29T13:17:29.531+0000: [GC (Allocation Failure) 2020-10-29T13:17:29.531+0000: [ParNew: 16388K->4K(18432K), 0.0017504 secs] 247321K->230937K(389668K), 0.0018011 secs] [Times: user=0.01 sys=0.00, real=0.01 secs] 
2020-10-29T13:17:29.550+0000: [GC (Allocation Failure) 2020-10-29T13:17:29.550+0000: [ParNew: 16384K->4K(18432K), 0.0018190 secs] 247317K->230937K(389668K), 0.0018707 secs] [Times: user=0.00 sys=0.00, real=0.00 secs] 
2020-10-29T13:17:29.571+0000: [GC (Allocation Failure) 2020-10-29T13:17:29.571+0000: [ParNew: 16388K->4K(18432K), 0.0017769 secs] 247321K->230937K(389668K), 0.0018287 secs] [Times: user=0.01 sys=0.00, real=0.01 secs] 
2020-10-29T13:17:29.583+0000: [GC (Allocation Failure) 2020-10-29T13:17:29.583+0000: [ParNew: 9178K->4K(18432K), 0.0016602 secs] 240111K->230937K(389668K), 0.0017082 secs] [Times: user=0.00 sys=0.00, real=0.01 secs] 
2020-10-29T13:17:29.596+0000: [GC (Allocation Failure) 2020-10-29T13:17:29.596+0000: [ParNew: 16388K->4K(18432K), 0.0074303 secs] 247321K->239129K(389668K), 0.0074810 secs] [Times: user=0.01 sys=0.00, real=0.00 secs] 
2020-10-29T13:17:29.621+0000: [GC (Allocation Failure) 2020-10-29T13:17:29.621+0000: [ParNew: 16388K->4K(18432K), 0.0017579 secs] 255513K->239129K(389668K), 0.0018079 secs] [Times: user=0.00 sys=0.00, real=0.00 secs] 
2020-10-29T13:17:29.641+0000: [GC (Allocation Failure) 2020-10-29T13:17:29.641+0000: [ParNew: 16388K->4K(18432K), 0.0017316 secs] 255513K->239129K(389668K), 0.0017818 secs] [Times: user=0.01 sys=0.00, real=0.00 secs] 
2020-10-29T13:17:29.660+0000: [GC (Allocation Failure) 2020-10-29T13:17:29.660+0000: [ParNew: 16388K->4K(18432K), 0.0017367 secs] 255513K->239129K(389668K), 0.0017867 secs] [Times: user=0.01 sys=0.00, real=0.00 secs] 
2020-10-29T13:17:29.680+0000: [GC (Allocation Failure) 2020-10-29T13:17:29.680+0000: [ParNew: 16388K->4K(18432K), 0.0027393 secs] 255513K->239129K(389668K), 0.0028007 secs] [Times: user=0.01 sys=0.00, real=0.00 secs] 
2020-10-29T13:17:29.710+0000: [GC (Allocation Failure) 2020-10-29T13:17:29.710+0000: [ParNew: 16388K->4K(18432K), 0.0017591 secs] 255513K->239129K(389668K), 0.0018114 secs] [Times: user=0.00 sys=0.00, real=0.00 secs] 
2020-10-29T13:17:29.730+0000: [GC (Allocation Failure) 2020-10-29T13:17:29.730+0000: [ParNew: 16388K->4K(18432K), 0.0017407 secs] 255513K->239129K(389668K), 0.0017931 secs] [Times: user=0.00 sys=0.00, real=0.00 secs] 
2020-10-29T13:17:29.750+0000: [GC (Allocation Failure) 2020-10-29T13:17:29.750+0000: [ParNew: 16388K->4K(18432K), 0.0017977 secs] 255513K->239129K(389668K), 0.0018491 secs] [Times: user=0.00 sys=0.00, real=0.00 secs] 
2020-10-29T13:17:29.773+0000: [GC (Allocation Failure) 2020-10-29T13:17:29.773+0000: [ParNew: 16388K->4K(18432K), 0.0017571 secs] 255513K->239129K(389668K), 0.0018144 secs] [Times: user=0.00 sys=0.00, real=0.00 secs] 
2020-10-29T13:17:29.792+0000: [GC (Allocation Failure) 2020-10-29T13:17:29.792+0000: [ParNew: 16388K->4K(18432K), 0.0017704 secs] 255513K->239129K(389668K), 0.0018215 secs] [Times: user=0.00 sys=0.00, real=0.01 secs] 
2020-10-29T13:17:29.811+0000: [GC (Allocation Failure) 2020-10-29T13:17:29.811+0000: [ParNew: 16388K->4K(18432K), 0.0017602 secs] 255513K->239129K(389668K), 0.0018110 secs] [Times: user=0.00 sys=0.00, real=0.01 secs] 
2020-10-29T13:17:29.831+0000: [GC (Allocation Failure) 2020-10-29T13:17:29.831+0000: [ParNew: 16388K->4K(18432K), 0.0017618 secs] 255513K->239129K(389668K), 0.0018119 secs] [Times: user=0.00 sys=0.00, real=0.01 secs] 
2020-10-29T13:17:29.850+0000: [GC (Allocation Failure) 2020-10-29T13:17:29.850+0000: [ParNew: 16388K->4K(18432K), 0.0018531 secs] 255513K->239129K(389668K), 0.0019045 secs] [Times: user=0.01 sys=0.00, real=0.00 secs] 
2020-10-29T13:17:29.862+0000: [GC (Allocation Failure) 2020-10-29T13:17:29.862+0000: [ParNew: 9177K->4K(18432K), 0.0016448 secs] 248303K->239129K(389668K), 0.0016900 secs] [Times: user=0.00 sys=0.00, real=0.00 secs] 
2020-10-29T13:17:29.873+0000: [GC (Allocation Failure) 2020-10-29T13:17:29.873+0000: [ParNew: 16388K->4K(18432K), 0.0071899 secs] 255513K->247321K(389668K), 0.0072390 secs] [Times: user=0.01 sys=0.01, real=0.00 secs] 
2020-10-29T13:17:29.899+0000: [GC (Allocation Failure) 2020-10-29T13:17:29.899+0000: [ParNew: 16388K->4K(18432K), 0.0017722 secs] 263705K->247321K(389668K), 0.0018250 secs] [Times: user=0.00 sys=0.00, real=0.00 secs] 
2020-10-29T13:17:29.918+0000: [GC (Allocation Failure) 2020-10-29T13:17:29.918+0000: [ParNew: 16388K->4K(18432K), 0.0017441 secs] 263705K->247321K(389668K), 0.0017968 secs] [Times: user=0.00 sys=0.00, real=0.00 secs] 
2020-10-29T13:17:29.937+0000: [GC (Allocation Failure) 2020-10-29T13:17:29.937+0000: [ParNew: 16388K->4K(18432K), 0.0017365 secs] 263705K->247321K(389668K), 0.0017857 secs] [Times: user=0.00 sys=0.00, real=0.00 secs] 
2020-10-29T13:17:29.957+0000: [GC (Allocation Failure) 2020-10-29T13:17:29.957+0000: [ParNew: 16388K->4K(18432K), 0.0017497 secs] 263705K->247321K(389668K), 0.0018009 secs] [Times: user=0.01 sys=0.00, real=0.00 secs] 
2020-10-29T13:17:29.976+0000: [GC (Allocation Failure) 2020-10-29T13:17:29.976+0000: [ParNew: 16388K->4K(18432K), 0.0017485 secs] 263705K->247321K(389668K), 0.0017998 secs] [Times: user=0.01 sys=0.00, real=0.00 secs] 
2020-10-29T13:17:29.996+0000: [GC (Allocation Failure) 2020-10-29T13:17:29.996+0000: [ParNew: 16388K->4K(18432K), 0.0017336 secs] 263705K->247321K(389668K), 0.0017839 secs] [Times: user=0.01 sys=0.00, real=0.00 secs] 
2020-10-29T13:17:30.020+0000: [GC (Allocation Failure) 2020-10-29T13:17:30.020+0000: [ParNew: 16388K->4K(18432K), 0.0017585 secs] 263705K->247321K(389668K), 0.0018030 secs] [Times: user=0.00 sys=0.00, real=0.00 secs] 
2020-10-29T13:17:30.039+0000: [GC (Allocation Failure) 2020-10-29T13:17:30.039+0000: [ParNew: 16388K->4K(18432K), 0.0017590 secs] 263705K->247321K(389668K), 0.0018094 secs] [Times: user=0.00 sys=0.00, real=0.00 secs] 
2020-10-29T13:17:30.060+0000: [GC (Allocation Failure) 2020-10-29T13:17:30.060+0000: [ParNew: 16388K->4K(18432K), 0.0017708 secs] 263705K->247321K(389668K), 0.0018219 secs] [Times: user=0.00 sys=0.00, real=0.00 secs] 
2020-10-29T13:17:30.080+0000: [GC (Allocation Failure) 2020-10-29T13:17:30.080+0000: [ParNew: 16388K->4K(18432K), 0.0017697 secs] 263705K->247321K(389668K), 0.0018218 secs] [Times: user=0.01 sys=0.00, real=0.00 secs] 
2020-10-29T13:17:30.102+0000: [GC (Allocation Failure) 2020-10-29T13:17:30.102+0000: [ParNew: 16388K->4K(18432K), 0.0027392 secs] 263705K->247321K(389668K), 0.0027996 secs] [Times: user=0.01 sys=0.00, real=0.01 secs] 
2020-10-29T13:17:30.138+0000: [GC (Allocation Failure) 2020-10-29T13:17:30.138+0000: [ParNew: 16388K->4K(18432K), 0.0017416 secs] 263705K->247321K(389668K), 0.0018131 secs] [Times: user=0.00 sys=0.00, real=0.00 secs] 
2020-10-29T13:17:30.150+0000: [GC (Allocation Failure) 2020-10-29T13:17:30.150+0000: [ParNew: 8850K->4K(18432K), 0.0017196 secs] 256168K->247321K(389668K), 0.0017697 secs] [Times: user=0.00 sys=0.00, real=0.00 secs] 
2020-10-29T13:17:30.162+0000: [GC (Allocation Failure) 2020-10-29T13:17:30.162+0000: [ParNew: 16388K->4K(18432K), 0.0073913 secs] 263705K->255513K(389668K), 0.0074449 secs] [Times: user=0.01 sys=0.01, real=0.01 secs] 
2020-10-29T13:17:30.186+0000: [GC (Allocation Failure) 2020-10-29T13:17:30.186+0000: [ParNew: 16388K->4K(18432K), 0.0017690 secs] 271897K->255513K(389668K), 0.0018201 secs] [Times: user=0.01 sys=0.00, real=0.00 secs] 
2020-10-29T13:17:30.204+0000: [GC (Allocation Failure) 2020-10-29T13:17:30.204+0000: [ParNew: 16388K->4K(18432K), 0.0017789 secs] 271897K->255513K(389668K), 0.0018316 secs] [Times: user=0.01 sys=0.00, real=0.01 secs] 
2020-10-29T13:17:30.222+0000: [GC (Allocation Failure) 2020-10-29T13:17:30.222+0000: [ParNew: 16388K->4K(18432K), 0.0017541 secs] 271897K->255513K(389668K), 0.0018077 secs] [Times: user=0.01 sys=0.00, real=0.00 secs] 
2020-10-29T13:17:30.241+0000: [GC (Allocation Failure) 2020-10-29T13:17:30.241+0000: [ParNew: 16388K->4K(18432K), 0.0017515 secs] 271897K->255513K(389668K), 0.0018043 secs] [Times: user=0.01 sys=0.00, real=0.00 secs] 
2020-10-29T13:17:30.264+0000: [GC (Allocation Failure) 2020-10-29T13:17:30.264+0000: [ParNew: 16388K->8K(18432K), 0.0017823 secs] 271897K->255517K(389668K), 0.0018355 secs] [Times: user=0.00 sys=0.00, real=0.01 secs] 
2020-10-29T13:17:30.282+0000: [GC (Allocation Failure) 2020-10-29T13:17:30.282+0000: [ParNew: 16392K->8K(18432K), 0.0017523 secs] 271901K->255517K(389668K), 0.0018049 secs] [Times: user=0.00 sys=0.00, real=0.00 secs] 
2020-10-29T13:17:30.300+0000: [GC (Allocation Failure) 2020-10-29T13:17:30.300+0000: [ParNew: 16392K->8K(18432K), 0.0017470 secs] 271901K->255517K(389668K), 0.0017987 secs] [Times: user=0.00 sys=0.00, real=0.00 secs] 
2020-10-29T13:17:30.319+0000: [GC (Allocation Failure) 2020-10-29T13:17:30.319+0000: [ParNew: 16392K->8K(18432K), 0.0018229 secs] 271901K->255517K(389668K), 0.0018741 secs] [Times: user=0.01 sys=0.00, real=0.00 secs] 
2020-10-29T13:17:30.337+0000: [GC (Allocation Failure) 2020-10-29T13:17:30.337+0000: [ParNew: 16392K->8K(18432K), 0.0017363 secs] 271901K->255518K(389668K), 0.0017885 secs] [Times: user=0.01 sys=0.00, real=0.00 secs] 
2020-10-29T13:17:30.356+0000: [GC (Allocation Failure) 2020-10-29T13:17:30.356+0000: [ParNew: 16392K->8K(18432K), 0.0017481 secs] 271902K->255517K(389668K), 0.0017998 secs] [Times: user=0.00 sys=0.00, real=0.00 secs] 
2020-10-29T13:17:30.375+0000: [GC (Allocation Failure) 2020-10-29T13:17:30.375+0000: [ParNew: 16392K->4K(18432K), 0.0017917 secs] 271901K->255517K(389668K), 0.0018438 secs] [Times: user=0.00 sys=0.00, real=0.00 secs] 
2020-10-29T13:17:30.393+0000: [GC (Allocation Failure) 2020-10-29T13:17:30.393+0000: [ParNew: 16388K->4K(18432K), 0.0017418 secs] 271901K->255517K(389668K), 0.0017933 secs] [Times: user=0.00 sys=0.00, real=0.00 secs] 
2020-10-29T13:17:30.405+0000: [GC (Allocation Failure) 2020-10-29T13:17:30.405+0000: [ParNew: 8851K->4K(18432K), 0.0016942 secs] 264364K->255517K(389668K), 0.0017434 secs] [Times: user=0.01 sys=0.00, real=0.00 secs] 
2020-10-29T13:17:30.416+0000: [GC (Allocation Failure) 2020-10-29T13:17:30.416+0000: [ParNew: 16388K->4K(18432K), 0.0077927 secs] 271901K->263709K(389668K), 0.0078463 secs] [Times: user=0.01 sys=0.00, real=0.00 secs] 
2020-10-29T13:17:30.427+0000: [GC (CMS Initial Mark) [1 CMS-initial-mark: 263705K(371236K)] 264034K(389668K), 0.0011913 secs] [Times: user=0.00 sys=0.00, real=0.00 secs] 
2020-10-29T13:17:30.428+0000: [CMS-concurrent-mark-start]
2020-10-29T13:17:30.454+0000: [GC (Allocation Failure) 2020-10-29T13:17:30.454+0000: [ParNew: 16388K->4K(18432K), 0.0017420 secs] 280093K->263709K(389668K), 0.0017952 secs] [Times: user=0.00 sys=0.00, real=0.00 secs] 
2020-10-29T13:17:30.466+0000: [CMS-concurrent-mark: 0.037/0.039 secs] [Times: user=0.07 sys=0.01, real=0.04 secs] 
2020-10-29T13:17:30.467+0000: [CMS-concurrent-preclean-start]
2020-10-29T13:17:30.468+0000: [CMS-concurrent-preclean: 0.002/0.002 secs] [Times: user=0.01 sys=0.00, real=0.00 secs] 
2020-10-29T13:17:30.468+0000: [CMS-concurrent-abortable-preclean-start]
2020-10-29T13:17:30.480+0000: [GC (Allocation Failure) 2020-10-29T13:17:30.480+0000: [ParNew: 16388K->4K(18432K), 0.0016020 secs] 280093K->263709K(389668K), 0.0016499 secs] [Times: user=0.01 sys=0.00, real=0.00 secs] 
2020-10-29T13:17:30.499+0000: [GC (Allocation Failure) 2020-10-29T13:17:30.499+0000: [ParNew: 16388K->4K(18432K), 0.0015060 secs] 280093K->263709K(389668K), 0.0015509 secs] [Times: user=0.01 sys=0.00, real=0.00 secs] 
2020-10-29T13:17:30.517+0000: [GC (Allocation Failure) 2020-10-29T13:17:30.517+0000: [ParNew: 16388K->4K(18432K), 0.0015767 secs] 280093K->263709K(389668K), 0.0016249 secs] [Times: user=0.00 sys=0.00, real=0.00 secs] 
2020-10-29T13:17:30.536+0000: [GC (Allocation Failure) 2020-10-29T13:17:30.536+0000: [ParNew: 16388K->4K(18432K), 0.0015580 secs] 280093K->263709K(389668K), 0.0016033 secs] [Times: user=0.00 sys=0.00, real=0.00 secs] 
2020-10-29T13:17:30.555+0000: [GC (Allocation Failure) 2020-10-29T13:17:30.555+0000: [ParNew: 16388K->4K(18432K), 0.0015759 secs] 280093K->263709K(389668K), 0.0016220 secs] [Times: user=0.00 sys=0.00, real=0.00 secs] 
2020-10-29T13:17:30.573+0000: [GC (Allocation Failure) 2020-10-29T13:17:30.573+0000: [ParNew: 16388K->4K(18432K), 0.0015346 secs] 280093K->263709K(389668K), 0.0015814 secs] [Times: user=0.00 sys=0.00, real=0.00 secs] 
2020-10-29T13:17:30.592+0000: [GC (Allocation Failure) 2020-10-29T13:17:30.592+0000: [ParNew: 16388K->4K(18432K), 0.0015370 secs] 280093K->263709K(389668K), 0.0015837 secs] [Times: user=0.00 sys=0.00, real=0.01 secs] 
2020-10-29T13:17:30.610+0000: [GC (Allocation Failure) 2020-10-29T13:17:30.610+0000: [ParNew: 16388K->4K(18432K), 0.0016656 secs] 280093K->263709K(389668K), 0.0017150 secs] [Times: user=0.00 sys=0.00, real=0.00 secs] 
2020-10-29T13:17:30.629+0000: [GC (Allocation Failure) 2020-10-29T13:17:30.629+0000: [ParNew: 16388K->4K(18432K), 0.0016703 secs] 280093K->263709K(389668K), 0.0017203 secs] [Times: user=0.01 sys=0.00, real=0.00 secs] 
2020-10-29T13:17:30.653+0000: [GC (Allocation Failure) 2020-10-29T13:17:30.653+0000: [ParNew: 16388K->4K(18432K), 0.0017692 secs] 280093K->263709K(389668K), 0.0018385 secs] [Times: user=0.00 sys=0.00, real=0.00 secs] 
2020-10-29T13:17:30.685+0000: [GC (Allocation Failure) 2020-10-29T13:17:30.685+0000: [ParNew: 16388K->4K(18432K), 0.0017374 secs] 280093K->263709K(389668K), 0.0018084 secs] [Times: user=0.00 sys=0.00, real=0.00 secs] 
2020-10-29T13:17:30.699+0000: [GC (Allocation Failure) 2020-10-29T13:17:30.699+0000: [ParNew: 9157K->4K(18432K), 0.0017344 secs] 272863K->263709K(389668K), 0.0017875 secs] [Times: user=0.01 sys=0.00, real=0.00 secs] 
2020-10-29T13:17:30.711+0000: [GC (Allocation Failure) 2020-10-29T13:17:30.711+0000: [ParNew: 16388K->4K(18432K), 0.0075355 secs] 280093K->271901K(389668K), 0.0075906 secs] [Times: user=0.01 sys=0.00, real=0.01 secs] 
2020-10-29T13:17:30.719+0000: [CMS-concurrent-abortable-preclean: 0.013/0.250 secs] [Times: user=0.33 sys=0.00, real=0.25 secs] 
2020-10-29T13:17:30.720+0000: [GC (CMS Final Remark) [YG occupancy: 328 K (18432 K)]2020-10-29T13:17:30.720+0000: [Rescan (parallel) , 0.0012164 secs]2020-10-29T13:17:30.722+0000: [weak refs processing, 0.0000246 secs]2020-10-29T13:17:30.722+0000: [class unloading, 0.0060753 secs]2020-10-29T13:17:30.728+0000: [scrub symbol table, 0.0077719 secs]2020-10-29T13:17:30.736+0000: [scrub string table, 0.0005145 secs][1 CMS-remark: 271897K(371236K)] 272226K(389668K), 0.0156966 secs] [Times: user=0.02 sys=0.00, real=0.02 secs] 
2020-10-29T13:17:30.736+0000: [CMS-concurrent-sweep-start]
2020-10-29T13:17:30.746+0000: [CMS-concurrent-sweep: 0.010/0.010 secs] [Times: user=0.01 sys=0.01, real=0.01 secs] 
2020-10-29T13:17:30.746+0000: [CMS-concurrent-reset-start]
2020-10-29T13:17:30.748+0000: [CMS-concurrent-reset: 0.002/0.002 secs] [Times: user=0.00 sys=0.00, real=0.00 secs] 
2020-10-29T13:17:30.758+0000: [GC (Allocation Failure) 2020-10-29T13:17:30.758+0000: [ParNew: 16388K->4K(18432K), 0.0018819 secs] 271900K->255516K(444288K), 0.0019222 secs] [Times: user=0.00 sys=0.00, real=0.00 secs] 
2020-10-29T13:17:30.776+0000: [GC (Allocation Failure) 2020-10-29T13:17:30.776+0000: [ParNew: 16388K->4K(18432K), 0.0017644 secs] 271900K->255516K(444288K), 0.0018104 secs] [Times: user=0.00 sys=0.00, real=0.00 secs] 
2020-10-29T13:17:30.795+0000: [GC (Allocation Failure) 2020-10-29T13:17:30.795+0000: [ParNew: 16388K->4K(18432K), 0.0018184 secs] 271900K->255516K(444288K), 0.0018645 secs] [Times: user=0.00 sys=0.00, real=0.00 secs] 
2020-10-29T13:17:30.813+0000: [GC (Allocation Failure) 2020-10-29T13:17:30.813+0000: [ParNew: 16388K->4K(18432K), 0.0017884 secs] 271900K->255517K(444288K), 0.0018352 secs] [Times: user=0.01 sys=0.00, real=0.00 secs] 
2020-10-29T13:17:30.832+0000: [GC (Allocation Failure) 2020-10-29T13:17:30.832+0000: [ParNew: 16388K->4K(18432K), 0.0017456 secs] 271901K->255517K(444288K), 0.0017900 secs] [Times: user=0.01 sys=0.00, real=0.01 secs] 
2020-10-29T13:17:30.850+0000: [GC (Allocation Failure) 2020-10-29T13:17:30.850+0000: [ParNew: 16388K->4K(18432K), 0.0017545 secs] 271901K->255517K(444288K), 0.0018004 secs] [Times: user=0.01 sys=0.00, real=0.00 secs] 
2020-10-29T13:17:30.871+0000: [GC (Allocation Failure) 2020-10-29T13:17:30.871+0000: [ParNew: 16388K->4K(18432K), 0.0018701 secs] 271901K->255517K(444288K), 0.0019320 secs] [Times: user=0.00 sys=0.00, real=0.01 secs] 
2020-10-29T13:17:30.890+0000: [GC (Allocation Failure) 2020-10-29T13:17:30.890+0000: [ParNew: 16388K->4K(18432K), 0.0017810 secs] 271901K->255517K(444288K), 0.0018288 secs] [Times: user=0.01 sys=0.00, real=0.00 secs] 
2020-10-29T13:17:30.909+0000: [GC (Allocation Failure) 2020-10-29T13:17:30.909+0000: [ParNew: 16388K->4K(18432K), 0.0017796 secs] 271901K->255517K(444288K), 0.0018261 secs] [Times: user=0.00 sys=0.00, real=0.00 secs] 
2020-10-29T13:17:30.928+0000: [GC (Allocation Failure) 2020-10-29T13:17:30.928+0000: [ParNew: 16388K->4K(18432K), 0.0018522 secs] 271901K->255517K(444288K), 0.0019016 secs] [Times: user=0.00 sys=0.00, real=0.00 secs] 
2020-10-29T13:17:30.946+0000: [GC (Allocation Failure) 2020-10-29T13:17:30.946+0000: [ParNew: 16388K->4K(18432K), 0.0022173 secs] 271901K->255517K(444288K), 0.0022656 secs] [Times: user=0.00 sys=0.00, real=0.00 secs] 
2020-10-29T13:17:30.966+0000: [GC (Allocation Failure) 2020-10-29T13:17:30.966+0000: [ParNew: 16388K->4K(18432K), 0.0018496 secs] 271901K->255517K(444288K), 0.0019018 secs] [Times: user=0.00 sys=0.01, real=0.00 secs] 
2020-10-29T13:17:30.977+0000: [GC (Allocation Failure) 2020-10-29T13:17:30.977+0000: [ParNew: 8850K->4K(18432K), 0.0016180 secs] 264364K->255517K(444288K), 0.0016579 secs] [Times: user=0.00 sys=0.00, real=0.00 secs] 
2020-10-29T13:17:30.989+0000: [GC (Allocation Failure) 2020-10-29T13:17:30.989+0000: [ParNew: 16388K->4K(18432K), 0.0025402 secs] 271901K->263709K(444288K), 0.0025914 secs] [Times: user=0.00 sys=0.00, real=0.00 secs] 
2020-10-29T13:17:31.008+0000: [GC (Allocation Failure) 2020-10-29T13:17:31.008+0000: [ParNew: 16388K->4K(18432K), 0.0018453 secs] 280093K->263709K(444288K), 0.0018943 secs] [Times: user=0.00 sys=0.00, real=0.00 secs] 
2020-10-29T13:17:31.027+0000: [GC (Allocation Failure) 2020-10-29T13:17:31.027+0000: [ParNew: 16388K->4K(18432K), 0.0018827 secs] 280093K->263709K(444288K), 0.0019343 secs] [Times: user=0.01 sys=0.00, real=0.00 secs] 
2020-10-29T13:17:31.046+0000: [GC (Allocation Failure) 2020-10-29T13:17:31.046+0000: [ParNew: 16388K->4K(18432K), 0.0018263 secs] 280093K->263709K(444288K), 0.0018755 secs] [Times: user=0.01 sys=0.00, real=0.00 secs] 
2020-10-29T13:17:31.065+0000: [GC (Allocation Failure) 2020-10-29T13:17:31.065+0000: [ParNew: 16388K->4K(18432K), 0.0018091 secs] 280093K->263709K(444288K), 0.0018662 secs] [Times: user=0.01 sys=0.00, real=0.00 secs] 
2020-10-29T13:17:31.084+0000: [GC (Allocation Failure) 2020-10-29T13:17:31.084+0000: [ParNew: 16388K->4K(18432K), 0.0018383 secs] 280093K->263709K(444288K), 0.0018964 secs] [Times: user=0.00 sys=0.00, real=0.01 secs] 
2020-10-29T13:17:31.103+0000: [GC (Allocation Failure) 2020-10-29T13:17:31.103+0000: [ParNew: 16388K->4K(18432K), 0.0018567 secs] 280093K->263709K(444288K), 0.0019064 secs] [Times: user=0.00 sys=0.00, real=0.01 secs] 
2020-10-29T13:17:31.121+0000: [GC (Allocation Failure) 2020-10-29T13:17:31.121+0000: [ParNew: 16388K->4K(18432K), 0.0017598 secs] 280093K->263709K(444288K), 0.0018060 secs] [Times: user=0.00 sys=0.00, real=0.00 secs] 
2020-10-29T13:17:31.140+0000: [GC (Allocation Failure) 2020-10-29T13:17:31.140+0000: [ParNew: 16388K->4K(18432K), 0.0017487 secs] 280093K->263709K(444288K), 0.0017931 secs] [Times: user=0.00 sys=0.00, real=0.00 secs] 
2020-10-29T13:17:31.159+0000: [GC (Allocation Failure) 2020-10-29T13:17:31.159+0000: [ParNew: 16388K->4K(18432K), 0.0017964 secs] 280093K->263709K(444288K), 0.0018433 secs] [Times: user=0.00 sys=0.00, real=0.00 secs] 
2020-10-29T13:17:31.177+0000: [GC (Allocation Failure) 2020-10-29T13:17:31.177+0000: [ParNew: 16388K->4K(18432K), 0.0017719 secs] 280093K->263709K(444288K), 0.0018174 secs] [Times: user=0.00 sys=0.00, real=0.00 secs] 
2020-10-29T13:17:31.199+0000: [GC (Allocation Failure) 2020-10-29T13:17:31.199+0000: [ParNew: 16388K->4K(18432K), 0.0018285 secs] 280093K->263709K(444288K), 0.0018778 secs] [Times: user=0.00 sys=0.00, real=0.00 secs] 
2020-10-29T13:17:31.218+0000: [GC (Allocation Failure) 2020-10-29T13:17:31.218+0000: [ParNew: 16388K->4K(18432K), 0.0018717 secs] 280093K->263709K(444288K), 0.0019243 secs] [Times: user=0.00 sys=0.00, real=0.00 secs] 
2020-10-29T13:17:31.229+0000: [GC (Allocation Failure) 2020-10-29T13:17:31.229+0000: [ParNew: 9178K->4K(18432K), 0.0017524 secs] 272883K->263709K(444288K), 0.0017997 secs] [Times: user=0.00 sys=0.00, real=0.00 secs] 
2020-10-29T13:17:31.240+0000: [GC (Allocation Failure) 2020-10-29T13:17:31.240+0000: [ParNew: 16388K->4K(18432K), 0.0072220 secs] 280093K->271901K(444288K), 0.0072691 secs] [Times: user=0.01 sys=0.01, real=0.01 secs] 
2020-10-29T13:17:31.265+0000: [GC (Allocation Failure) 2020-10-29T13:17:31.265+0000: [ParNew: 16388K->4K(18432K), 0.0018179 secs] 288285K->271901K(444288K), 0.0018624 secs] [Times: user=0.00 sys=0.00, real=0.00 secs] 
2020-10-29T13:17:31.283+0000: [GC (Allocation Failure) 2020-10-29T13:17:31.284+0000: [ParNew: 16388K->4K(18432K), 0.0017661 secs] 288285K->271901K(444288K), 0.0018102 secs] [Times: user=0.00 sys=0.00, real=0.01 secs] 
2020-10-29T13:17:31.302+0000: [GC (Allocation Failure) 2020-10-29T13:17:31.302+0000: [ParNew: 16388K->4K(18432K), 0.0018016 secs] 288285K->271902K(444288K), 0.0018441 secs] [Times: user=0.00 sys=0.00, real=0.00 secs] 
2020-10-29T13:17:31.321+0000: [GC (Allocation Failure) 2020-10-29T13:17:31.321+0000: [ParNew: 16388K->4K(18432K), 0.0018391 secs] 288286K->271902K(444288K), 0.0018888 secs] [Times: user=0.00 sys=0.00, real=0.00 secs] 
2020-10-29T13:17:31.340+0000: [GC (Allocation Failure) 2020-10-29T13:17:31.340+0000: [ParNew: 16388K->4K(18432K), 0.0017820 secs] 288286K->271902K(444288K), 0.0018274 secs] [Times: user=0.00 sys=0.00, real=0.00 secs] 
2020-10-29T13:17:31.359+0000: [GC (Allocation Failure) 2020-10-29T13:17:31.359+0000: [ParNew: 16388K->4K(18432K), 0.0018745 secs] 288286K->271902K(444288K), 0.0019367 secs] [Times: user=0.00 sys=0.00, real=0.00 secs] 
2020-10-29T13:17:31.378+0000: [GC (Allocation Failure) 2020-10-29T13:17:31.378+0000: [ParNew: 16388K->4K(18432K), 0.0018462 secs] 288286K->271902K(444288K), 0.0018980 secs] [Times: user=0.00 sys=0.00, real=0.00 secs] 
2020-10-29T13:17:31.396+0000: [GC (Allocation Failure) 2020-10-29T13:17:31.396+0000: [ParNew: 16388K->4K(18432K), 0.0017371 secs] 288286K->271902K(444288K), 0.0017897 secs] [Times: user=0.00 sys=0.00, real=0.00 secs] 
2020-10-29T13:17:31.415+0000: [GC (Allocation Failure) 2020-10-29T13:17:31.415+0000: [ParNew: 16388K->4K(18432K), 0.0017340 secs] 288286K->271902K(444288K), 0.0017787 secs] [Times: user=0.00 sys=0.00, real=0.00 secs] 
2020-10-29T13:17:31.434+0000: [GC (Allocation Failure) 2020-10-29T13:17:31.434+0000: [ParNew: 16388K->4K(18432K), 0.0016904 secs] 288286K->271902K(444288K), 0.0017418 secs] [Times: user=0.00 sys=0.00, real=0.00 secs] 
2020-10-29T13:17:31.452+0000: [GC (Allocation Failure) 2020-10-29T13:17:31.452+0000: [ParNew: 16388K->4K(18432K), 0.0017553 secs] 288286K->271902K(444288K), 0.0018028 secs] [Times: user=0.00 sys=0.00, real=0.01 secs] 
2020-10-29T13:17:31.471+0000: [GC (Allocation Failure) 2020-10-29T13:17:31.471+0000: [ParNew: 16388K->4K(18432K), 0.0018405 secs] 288286K->271902K(444288K), 0.0018874 secs] [Times: user=0.00 sys=0.00, real=0.01 secs] 
2020-10-29T13:17:31.482+0000: [GC (Allocation Failure) 2020-10-29T13:17:31.482+0000: [ParNew: 8812K->4K(18432K), 0.0016110 secs] 280710K->271902K(444288K), 0.0016518 secs] [Times: user=0.01 sys=0.00, real=0.00 secs] 
2020-10-29T13:17:31.494+0000: [GC (Allocation Failure) 2020-10-29T13:17:31.494+0000: [ParNew: 16388K->4K(18432K), 0.0074036 secs] 288286K->280094K(444288K), 0.0074508 secs] [Times: user=0.01 sys=0.01, real=0.00 secs] 
2020-10-29T13:17:31.518+0000: [GC (Allocation Failure) 2020-10-29T13:17:31.518+0000: [ParNew: 16388K->4K(18432K), 0.0018540 secs] 296478K->280094K(444288K), 0.0019037 secs] [Times: user=0.01 sys=0.00, real=0.00 secs] 
2020-10-29T13:17:31.537+0000: [GC (Allocation Failure) 2020-10-29T13:17:31.537+0000: [ParNew: 16388K->4K(18432K), 0.0018035 secs] 296478K->280094K(444288K), 0.0018493 secs] [Times: user=0.01 sys=0.00, real=0.00 secs] 
2020-10-29T13:17:31.556+0000: [GC (Allocation Failure) 2020-10-29T13:17:31.556+0000: [ParNew: 16388K->4K(18432K), 0.0018406 secs] 296478K->280094K(444288K), 0.0018952 secs] [Times: user=0.00 sys=0.00, real=0.00 secs] 
2020-10-29T13:17:31.611+0000: [GC (Allocation Failure) 2020-10-29T13:17:31.611+0000: [ParNew: 16388K->4K(18432K), 0.0018533 secs] 362014K->345630K(444288K), 0.0019050 secs] [Times: user=0.00 sys=0.00, real=0.01 secs] 
2020-10-29T13:17:31.616+0000: [GC (CMS Initial Mark) [1 CMS-initial-mark: 345626K(425856K)] 345957K(444288K), 0.0009880 secs] [Times: user=0.00 sys=0.01, real=0.00 secs] 
2020-10-29T13:17:31.617+0000: [CMS-concurrent-mark-start]
2020-10-29T13:17:31.647+0000: [GC (Allocation Failure) 2020-10-29T13:17:31.647+0000: [ParNew: 16388K->4K(18432K), 0.0017730 secs] 362014K->345630K(444288K), 0.0018247 secs] [Times: user=0.00 sys=0.00, real=0.00 secs] 
2020-10-29T13:17:31.654+0000: [CMS-concurrent-mark: 0.035/0.037 secs] [Times: user=0.07 sys=0.00, real=0.04 secs] 
2020-10-29T13:17:31.654+0000: [CMS-concurrent-preclean-start]
2020-10-29T13:17:31.656+0000: [CMS-concurrent-preclean: 0.002/0.002 secs] [Times: user=0.00 sys=0.00, real=0.00 secs] 
2020-10-29T13:17:31.656+0000: [CMS-concurrent-abortable-preclean-start]
2020-10-29T13:17:31.671+0000: [GC (Allocation Failure) 2020-10-29T13:17:31.671+0000: [ParNew: 16388K->4K(18432K), 0.0016692 secs] 362014K->345630K(444288K), 0.0017375 secs] [Times: user=0.00 sys=0.00, real=0.01 secs] 
2020-10-29T13:17:31.690+0000: [GC (Allocation Failure) 2020-10-29T13:17:31.690+0000: [ParNew: 16388K->4K(18432K), 0.0016794 secs] 362014K->345630K(444288K), 0.0017272 secs] [Times: user=0.01 sys=0.00, real=0.00 secs] 
2020-10-29T13:17:31.709+0000: [GC (Allocation Failure) 2020-10-29T13:17:31.709+0000: [ParNew: 16388K->4K(18432K), 0.0016712 secs] 362014K->345630K(444288K), 0.0017176 secs] [Times: user=0.01 sys=0.00, real=0.00 secs] 
2020-10-29T13:17:31.728+0000: [GC (Allocation Failure) 2020-10-29T13:17:31.728+0000: [ParNew: 16388K->4K(18432K), 0.0016670 secs] 362014K->345630K(444288K), 0.0017138 secs] [Times: user=0.01 sys=0.00, real=0.00 secs] 
2020-10-29T13:17:31.747+0000: [GC (Allocation Failure) 2020-10-29T13:17:31.747+0000: [ParNew: 16388K->4K(18432K), 0.0018502 secs] 362014K->345630K(444288K), 0.0019019 secs] [Times: user=0.00 sys=0.00, real=0.00 secs] 
2020-10-29T13:17:31.766+0000: [GC (Allocation Failure) 2020-10-29T13:17:31.766+0000: [ParNew: 16388K->4K(18432K), 0.0017935 secs] 362014K->345630K(444288K), 0.0018527 secs] [Times: user=0.00 sys=0.00, real=0.00 secs] 
2020-10-29T13:17:31.785+0000: [GC (Allocation Failure) 2020-10-29T13:17:31.785+0000: [ParNew: 16388K->4K(18432K), 0.0018664 secs] 362014K->345630K(444288K), 0.0019202 secs] [Times: user=0.00 sys=0.00, real=0.00 secs] 
2020-10-29T13:17:31.797+0000: [GC (Allocation Failure) 2020-10-29T13:17:31.797+0000: [ParNew: 8851K->4K(18432K), 0.0017201 secs] 354477K->345630K(444288K), 0.0017681 secs] [Times: user=0.00 sys=0.00, real=0.00 secs] 
2020-10-29T13:17:31.809+0000: [GC (Allocation Failure) 2020-10-29T13:17:31.809+0000: [ParNew: 16388K->4K(18432K), 0.0069758 secs] 362014K->353822K(444288K), 0.0070212 secs] [Times: user=0.01 sys=0.01, real=0.01 secs] 
2020-10-29T13:17:31.816+0000: [CMS-concurrent-abortable-preclean: 0.010/0.160 secs] [Times: user=0.18 sys=0.02, real=0.16 secs] 
2020-10-29T13:17:31.816+0000: [GC (CMS Final Remark) [YG occupancy: 328 K (18432 K)]2020-10-29T13:17:31.816+0000: [Rescan (parallel) , 0.0011576 secs]2020-10-29T13:17:31.818+0000: [weak refs processing, 0.0000236 secs]2020-10-29T13:17:31.818+0000: [class unloading, 0.0061827 secs]2020-10-29T13:17:31.824+0000: [scrub symbol table, 0.0076986 secs]2020-10-29T13:17:31.832+0000: [scrub string table, 0.0005134 secs][1 CMS-remark: 353818K(425856K)] 354147K(444288K), 0.0156708 secs] [Times: user=0.01 sys=0.00, real=0.01 secs] 
2020-10-29T13:17:31.836+0000: [CMS-concurrent-sweep-start]
2020-10-29T13:17:31.854+0000: [CMS-concurrent-sweep: 0.018/0.018 secs] [Times: user=0.02 sys=0.00, real=0.02 secs] 
2020-10-29T13:17:31.855+0000: [CMS-concurrent-reset-start]
2020-10-29T13:17:31.856+0000: [CMS-concurrent-reset: 0.002/0.002 secs] [Times: user=0.01 sys=0.00, real=0.00 secs] 
2020-10-29T13:17:31.857+0000: [GC (Allocation Failure) 2020-10-29T13:17:31.857+0000: [ParNew: 16388K->4K(18432K), 0.0022018 secs] 370206K->353822K(608132K), 0.0022419 secs] [Times: user=0.00 sys=0.00, real=0.00 secs] 
2020-10-29T13:17:31.877+0000: [GC (Allocation Failure) 2020-10-29T13:17:31.877+0000: [ParNew: 16388K->4K(18432K), 0.0021858 secs] 370206K->353822K(608132K), 0.0022300 secs] [Times: user=0.01 sys=0.00, real=0.00 secs] 
2020-10-29T13:17:31.897+0000: [GC (Allocation Failure) 2020-10-29T13:17:31.897+0000: [ParNew: 16388K->4K(18432K), 0.0022089 secs] 370206K->353822K(608132K), 0.0022594 secs] [Times: user=0.01 sys=0.00, real=0.00 secs] 
2020-10-29T13:17:31.916+0000: [GC (Allocation Failure) 2020-10-29T13:17:31.916+0000: [ParNew: 16388K->4K(18432K), 0.0022562 secs] 370206K->353822K(608132K), 0.0023086 secs] [Times: user=0.01 sys=0.00, real=0.00 secs] 
2020-10-29T13:17:31.935+0000: [GC (Allocation Failure) 2020-10-29T13:17:31.935+0000: [ParNew: 16388K->4K(18432K), 0.0022253 secs] 370206K->353822K(608132K), 0.0022749 secs] [Times: user=0.00 sys=0.00, real=0.00 secs] 
2020-10-29T13:17:31.954+0000: [GC (Allocation Failure) 2020-10-29T13:17:31.954+0000: [ParNew: 16388K->4K(18432K), 0.0021558 secs] 370206K->353822K(608132K), 0.0022034 secs] [Times: user=0.00 sys=0.00, real=0.00 secs] 
2020-10-29T13:17:31.973+0000: [GC (Allocation Failure) 2020-10-29T13:17:31.973+0000: [ParNew: 16388K->4K(18432K), 0.0022005 secs] 370206K->353822K(608132K), 0.0022485 secs] [Times: user=0.00 sys=0.00, real=0.00 secs] 
2020-10-29T13:17:31.992+0000: [GC (Allocation Failure) 2020-10-29T13:17:31.992+0000: [ParNew: 16388K->4K(18432K), 0.0022376 secs] 370206K->353822K(608132K), 0.0022881 secs] [Times: user=0.00 sys=0.00, real=0.01 secs] 
2020-10-29T13:17:32.011+0000: [GC (Allocation Failure) 2020-10-29T13:17:32.011+0000: [ParNew: 16388K->4K(18432K), 0.0022389 secs] 370206K->353822K(608132K), 0.0022884 secs] [Times: user=0.00 sys=0.00, real=0.01 secs] 
2020-10-29T13:17:32.030+0000: [GC (Allocation Failure) 2020-10-29T13:17:32.030+0000: [ParNew: 16388K->4K(18432K), 0.0022274 secs] 370206K->353822K(608132K), 0.0022778 secs] [Times: user=0.01 sys=0.00, real=0.00 secs] 
2020-10-29T13:17:32.049+0000: [GC (Allocation Failure) 2020-10-29T13:17:32.049+0000: [ParNew: 16388K->4K(18432K), 0.0022426 secs] 370206K->353822K(608132K), 0.0022932 secs] [Times: user=0.00 sys=0.00, real=0.00 secs] 
2020-10-29T13:17:32.068+0000: [GC (Allocation Failure) 2020-10-29T13:17:32.068+0000: [ParNew: 16388K->4K(18432K), 0.0022274 secs] 370206K->353822K(608132K), 0.0022779 secs] [Times: user=0.00 sys=0.00, real=0.00 secs] 
2020-10-29T13:17:32.079+0000: [GC (Allocation Failure) 2020-10-29T13:17:32.079+0000: [ParNew: 8867K->4K(18432K), 0.0017832 secs] 362685K->353822K(608132K), 0.0018197 secs] [Times: user=0.01 sys=0.00, real=0.00 secs] 
2020-10-29T13:17:32.090+0000: [GC (Allocation Failure) 2020-10-29T13:17:32.090+0000: [ParNew: 16388K->4K(18432K), 0.0075621 secs] 370206K->362014K(608132K), 0.0076040 secs] [Times: user=0.01 sys=0.01, real=0.01 secs] 
2020-10-29T13:17:32.115+0000: [GC (Allocation Failure) 2020-10-29T13:17:32.115+0000: [ParNew: 16388K->4K(18432K), 0.0021862 secs] 378398K->362014K(608132K), 0.0022322 secs] [Times: user=0.01 sys=0.00, real=0.00 secs] 
2020-10-29T13:17:32.134+0000: [GC (Allocation Failure) 2020-10-29T13:17:32.134+0000: [ParNew: 16388K->4K(18432K), 0.0021557 secs] 378398K->362014K(608132K), 0.0022023 secs] [Times: user=0.00 sys=0.00, real=0.00 secs] 
2020-10-29T13:17:32.152+0000: [GC (Allocation Failure) 2020-10-29T13:17:32.153+0000: [ParNew: 16388K->4K(18432K), 0.0022069 secs] 378398K->362014K(608132K), 0.0022567 secs] [Times: user=0.00 sys=0.00, real=0.00 secs] 
2020-10-29T13:17:32.171+0000: [GC (Allocation Failure) 2020-10-29T13:17:32.171+0000: [ParNew: 16388K->4K(18432K), 0.0022449 secs] 378398K->362014K(608132K), 0.0022962 secs] [Times: user=0.00 sys=0.00, real=0.01 secs] 
2020-10-29T13:17:32.191+0000: [GC (Allocation Failure) 2020-10-29T13:17:32.191+0000: [ParNew: 16388K->4K(18432K), 0.0021977 secs] 378398K->362014K(608132K), 0.0022477 secs] [Times: user=0.00 sys=0.00, real=0.01 secs] 
2020-10-29T13:17:32.210+0000: [GC (Allocation Failure) 2020-10-29T13:17:32.210+0000: [ParNew: 16388K->4K(18432K), 0.0022019 secs] 378398K->362014K(608132K), 0.0022547 secs] [Times: user=0.01 sys=0.00, real=0.00 secs] 
2020-10-29T13:17:32.229+0000: [GC (Allocation Failure) 2020-10-29T13:17:32.229+0000: [ParNew: 16388K->4K(18432K), 0.0020995 secs] 378398K->362014K(608132K), 0.0021451 secs] [Times: user=0.01 sys=0.00, real=0.00 secs] 
2020-10-29T13:17:32.248+0000: [GC (Allocation Failure) 2020-10-29T13:17:32.248+0000: [ParNew: 16388K->4K(18432K), 0.0022678 secs] 378398K->362014K(608132K), 0.0023205 secs] [Times: user=0.01 sys=0.00, real=0.00 secs] 
2020-10-29T13:17:32.267+0000: [GC (Allocation Failure) 2020-10-29T13:17:32.267+0000: [ParNew: 16388K->4K(18432K), 0.0021984 secs] 378398K->362014K(608132K), 0.0022485 secs] [Times: user=0.01 sys=0.00, real=0.00 secs] 
2020-10-29T13:17:32.286+0000: [GC (Allocation Failure) 2020-10-29T13:17:32.286+0000: [ParNew: 16388K->4K(18432K), 0.0022048 secs] 378398K->362014K(608132K), 0.0022563 secs] [Times: user=0.00 sys=0.00, real=0.00 secs] 
2020-10-29T13:17:32.305+0000: [GC (Allocation Failure) 2020-10-29T13:17:32.305+0000: [ParNew: 16388K->4K(18432K), 0.0021372 secs] 378398K->362014K(608132K), 0.0021829 secs] [Times: user=0.00 sys=0.00, real=0.00 secs] 
2020-10-29T13:17:32.324+0000: [GC (Allocation Failure) 2020-10-29T13:17:32.324+0000: [ParNew: 16388K->4K(18432K), 0.0022409 secs] 378398K->362014K(608132K), 0.0022939 secs] [Times: user=0.00 sys=0.00, real=0.01 secs] 
2020-10-29T13:17:32.336+0000: [GC (Allocation Failure) 2020-10-29T13:17:32.336+0000: [ParNew: 9178K->4K(18432K), 0.0020892 secs] 371189K->362014K(608132K), 0.0021331 secs] [Times: user=0.01 sys=0.00, real=0.00 secs] 
2020-10-29T13:17:32.347+0000: [GC (Allocation Failure) 2020-10-29T13:17:32.347+0000: [ParNew: 16388K->4K(18432K), 0.0077116 secs] 378398K->370206K(608132K), 0.0077732 secs] [Times: user=0.01 sys=0.00, real=0.01 secs] 
2020-10-29T13:17:32.372+0000: [GC (Allocation Failure) 2020-10-29T13:17:32.372+0000: [ParNew: 16388K->4K(18432K), 0.0020714 secs] 386590K->370206K(608132K), 0.0021111 secs] [Times: user=0.01 sys=0.00, real=0.01 secs] 
2020-10-29T13:17:32.391+0000: [GC (Allocation Failure) 2020-10-29T13:17:32.391+0000: [ParNew: 16388K->4K(18432K), 0.0021058 secs] 386590K->370206K(608132K), 0.0021577 secs] [Times: user=0.00 sys=0.00, real=0.01 secs] 
2020-10-29T13:17:32.409+0000: [GC (Allocation Failure) 2020-10-29T13:17:32.409+0000: [ParNew: 16388K->4K(18432K), 0.0021704 secs] 386590K->370206K(608132K), 0.0022195 secs] [Times: user=0.00 sys=0.00, real=0.00 secs] 
2020-10-29T13:17:32.429+0000: [GC (Allocation Failure) 2020-10-29T13:17:32.429+0000: [ParNew: 16388K->4K(18432K), 0.0021227 secs] 386590K->370206K(608132K), 0.0021692 secs] [Times: user=0.00 sys=0.00, real=0.00 secs] 
2020-10-29T13:17:32.447+0000: [GC (Allocation Failure) 2020-10-29T13:17:32.447+0000: [ParNew: 16388K->4K(18432K), 0.0021964 secs] 386590K->370206K(608132K), 0.0022452 secs] [Times: user=0.00 sys=0.00, real=0.00 secs] 
2020-10-29T13:17:32.467+0000: [GC (Allocation Failure) 2020-10-29T13:17:32.467+0000: [ParNew: 16388K->4K(18432K), 0.0022826 secs] 386590K->370206K(608132K), 0.0023379 secs] [Times: user=0.01 sys=0.00, real=0.00 secs] 
2020-10-29T13:17:32.486+0000: [GC (Allocation Failure) 2020-10-29T13:17:32.486+0000: [ParNew: 16388K->4K(18432K), 0.0022393 secs] 386590K->370206K(608132K), 0.0022924 secs] [Times: user=0.01 sys=0.00, real=0.00 secs] 
2020-10-29T13:17:32.505+0000: [GC (Allocation Failure) 2020-10-29T13:17:32.505+0000: [ParNew: 16388K->4K(18432K), 0.0022110 secs] 386590K->370206K(608132K), 0.0022661 secs] [Times: user=0.01 sys=0.00, real=0.00 secs] 
2020-10-29T13:17:32.524+0000: [GC (Allocation Failure) 2020-10-29T13:17:32.524+0000: [ParNew: 16388K->4K(18432K), 0.0022268 secs] 386590K->370206K(608132K), 0.0022783 secs] [Times: user=0.00 sys=0.00, real=0.01 secs] 
2020-10-29T13:17:32.543+0000: [GC (Allocation Failure) 2020-10-29T13:17:32.543+0000: [ParNew: 16388K->4K(18432K), 0.0022129 secs] 386590K->370206K(608132K), 0.0022632 secs] [Times: user=0.00 sys=0.00, real=0.01 secs] 
2020-10-29T13:17:32.562+0000: [GC (Allocation Failure) 2020-10-29T13:17:32.562+0000: [ParNew: 16388K->4K(18432K), 0.0022597 secs] 386590K->370206K(608132K), 0.0023179 secs] [Times: user=0.00 sys=0.00, real=0.00 secs] 
2020-10-29T13:17:32.581+0000: [GC (Allocation Failure) 2020-10-29T13:17:32.581+0000: [ParNew: 16388K->4K(18432K), 0.0022067 secs] 386590K->370206K(608132K), 0.0022580 secs] [Times: user=0.00 sys=0.00, real=0.00 secs] 
2020-10-29T13:17:32.594+0000: [GC (Allocation Failure) 2020-10-29T13:17:32.594+0000: [ParNew: 9834K->4K(18432K), 0.0020716 secs] 380037K->370206K(608132K), 0.0021248 secs] [Times: user=0.01 sys=0.00, real=0.00 secs] 
2020-10-29T13:17:32.606+0000: [GC (Allocation Failure) 2020-10-29T13:17:32.606+0000: [ParNew: 16388K->4K(18432K), 0.0078262 secs] 386590K->378398K(608132K), 0.0078769 secs] [Times: user=0.01 sys=0.01, real=0.01 secs] 
2020-10-29T13:17:32.630+0000: [GC (Allocation Failure) 2020-10-29T13:17:32.630+0000: [ParNew: 16388K->4K(18432K), 0.0022500 secs] 394782K->378398K(608132K), 0.0023026 secs] [Times: user=0.00 sys=0.00, real=0.01 secs] 
2020-10-29T13:17:32.650+0000: [GC (Allocation Failure) 2020-10-29T13:17:32.650+0000: [ParNew: 16388K->4K(18432K), 0.0022177 secs] 394782K->378398K(608132K), 0.0022705 secs] [Times: user=0.01 sys=0.00, real=0.01 secs] 
2020-10-29T13:17:32.669+0000: [GC (Allocation Failure) 2020-10-29T13:17:32.669+0000: [ParNew: 16388K->4K(18432K), 0.0021676 secs] 394782K->378398K(608132K), 0.0022157 secs] [Times: user=0.01 sys=0.00, real=0.00 secs] 
2020-10-29T13:17:32.688+0000: [GC (Allocation Failure) 2020-10-29T13:17:32.688+0000: [ParNew: 16388K->4K(18432K), 0.0022169 secs] 394782K->378398K(608132K), 0.0022681 secs] [Times: user=0.01 sys=0.00, real=0.00 secs] 
2020-10-29T13:17:32.707+0000: [GC (Allocation Failure) 2020-10-29T13:17:32.707+0000: [ParNew: 16388K->4K(18432K), 0.0022234 secs] 394782K->378398K(608132K), 0.0022744 secs] [Times: user=0.01 sys=0.00, real=0.00 secs] 
2020-10-29T13:17:32.726+0000: [GC (Allocation Failure) 2020-10-29T13:17:32.726+0000: [ParNew: 16388K->4K(18432K), 0.0022013 secs] 394782K->378398K(608132K), 0.0022523 secs] [Times: user=0.00 sys=0.00, real=0.00 secs] 
2020-10-29T13:17:32.745+0000: [GC (Allocation Failure) 2020-10-29T13:17:32.745+0000: [ParNew: 16388K->4K(18432K), 0.0021850 secs] 394782K->378398K(608132K), 0.0022347 secs] [Times: user=0.00 sys=0.00, real=0.00 secs] 
2020-10-29T13:17:32.764+0000: [GC (Allocation Failure) 2020-10-29T13:17:32.764+0000: [ParNew: 16388K->4K(18432K), 0.0022070 secs] 394782K->378398K(608132K), 0.0022592 secs] [Times: user=0.00 sys=0.00, real=0.01 secs] 
2020-10-29T13:17:32.783+0000: [GC (Allocation Failure) 2020-10-29T13:17:32.783+0000: [ParNew: 16388K->4K(18432K), 0.0021606 secs] 394782K->378398K(608132K), 0.0022077 secs] [Times: user=0.00 sys=0.00, real=0.01 secs] 
2020-10-29T13:17:32.802+0000: [GC (Allocation Failure) 2020-10-29T13:17:32.802+0000: [ParNew: 16388K->4K(18432K), 0.0022439 secs] 394782K->378398K(608132K), 0.0022959 secs] [Times: user=0.00 sys=0.00, real=0.00 secs] 
2020-10-29T13:17:32.821+0000: [GC (Allocation Failure) 2020-10-29T13:17:32.821+0000: [ParNew: 16388K->4K(18432K), 0.0022493 secs] 394782K->378398K(608132K), 0.0023010 secs] [Times: user=0.00 sys=0.00, real=0.00 secs] 
2020-10-29T13:17:32.840+0000: [GC (Allocation Failure) 2020-10-29T13:17:32.840+0000: [ParNew: 16388K->4K(18432K), 0.0022533 secs] 394782K->378398K(608132K), 0.0023051 secs] [Times: user=0.01 sys=0.00, real=0.00 secs] 
2020-10-29T13:17:32.854+0000: [GC (Allocation Failure) 2020-10-29T13:17:32.854+0000: [ParNew: 9850K->4K(18432K), 0.0022403 secs] 388244K->378398K(608132K), 0.0022940 secs] [Times: user=0.00 sys=0.00, real=0.00 secs] 
2020-10-29T13:17:32.866+0000: [GC (Allocation Failure) 2020-10-29T13:17:32.866+0000: [ParNew: 16388K->4K(18432K), 0.0077487 secs] 394782K->386590K(608132K), 0.0078061 secs] [Times: user=0.01 sys=0.00, real=0.01 secs] 
2020-10-29T13:17:32.891+0000: [GC (Allocation Failure) 2020-10-29T13:17:32.891+0000: [ParNew: 16388K->4K(18432K), 0.0022187 secs] 402974K->386590K(608132K), 0.0022720 secs] [Times: user=0.01 sys=0.00, real=0.01 secs] 
2020-10-29T13:17:32.910+0000: [GC (Allocation Failure) 2020-10-29T13:17:32.910+0000: [ParNew: 16388K->4K(18432K), 0.0021960 secs] 402974K->386590K(608132K), 0.0022494 secs] [Times: user=0.00 sys=0.00, real=0.00 secs] 
2020-10-29T13:17:32.929+0000: [GC (Allocation Failure) 2020-10-29T13:17:32.929+0000: [ParNew: 16388K->4K(18432K), 0.0021818 secs] 402974K->386590K(608132K), 0.0022339 secs] [Times: user=0.00 sys=0.00, real=0.00 secs] 
2020-10-29T13:17:32.947+0000: [GC (Allocation Failure) 2020-10-29T13:17:32.947+0000: [ParNew: 16388K->4K(18432K), 0.0025797 secs] 402974K->386590K(608132K), 0.0026374 secs] [Times: user=0.01 sys=0.00, real=0.00 secs] 
2020-10-29T13:17:32.968+0000: [GC (Allocation Failure) 2020-10-29T13:17:32.968+0000: [ParNew: 16388K->4K(18432K), 0.0022356 secs] 402974K->386590K(608132K), 0.0022896 secs] [Times: user=0.00 sys=0.00, real=0.00 secs] 
2020-10-29T13:17:32.987+0000: [GC (Allocation Failure) 2020-10-29T13:17:32.987+0000: [ParNew: 16388K->4K(18432K), 0.0022390 secs] 402974K->386591K(608132K), 0.0022940 secs] [Times: user=0.00 sys=0.00, real=0.00 secs] 
2020-10-29T13:17:33.007+0000: [GC (Allocation Failure) 2020-10-29T13:17:33.007+0000: [ParNew: 16388K->4K(18432K), 0.0022060 secs] 402975K->386591K(608132K), 0.0022590 secs] [Times: user=0.01 sys=0.00, real=0.00 secs] 
2020-10-29T13:17:33.026+0000: [GC (Allocation Failure) 2020-10-29T13:17:33.026+0000: [ParNew: 16388K->4K(18432K), 0.0021951 secs] 402975K->386591K(608132K), 0.0022541 secs] [Times: user=0.01 sys=0.00, real=0.00 secs] 
2020-10-29T13:17:33.045+0000: [GC (Allocation Failure) 2020-10-29T13:17:33.045+0000: [ParNew: 16388K->4K(18432K), 0.0022137 secs] 402975K->386591K(608132K), 0.0022661 secs] [Times: user=0.01 sys=0.00, real=0.00 secs] 
2020-10-29T13:17:33.063+0000: [GC (Allocation Failure) 2020-10-29T13:17:33.064+0000: [ParNew: 16388K->4K(18432K), 0.0022326 secs] 402975K->386591K(608132K), 0.0022847 secs] [Times: user=0.00 sys=0.00, real=0.01 secs] 
2020-10-29T13:17:33.082+0000: [GC (Allocation Failure) 2020-10-29T13:17:33.083+0000: [ParNew: 16388K->4K(18432K), 0.0022381 secs] 402975K->386591K(608132K), 0.0022914 secs] [Times: user=0.00 sys=0.00, real=0.01 secs] 
2020-10-29T13:17:33.101+0000: [GC (Allocation Failure) 2020-10-29T13:17:33.101+0000: [ParNew: 16388K->4K(18432K), 0.0022263 secs] 402975K->386591K(608132K), 0.0022857 secs] [Times: user=0.00 sys=0.00, real=0.00 secs] 
2020-10-29T13:17:33.114+0000: [GC (Allocation Failure) 2020-10-29T13:17:33.114+0000: [ParNew: 9834K->4K(18432K), 0.0021747 secs] 396421K->386591K(608132K), 0.0022237 secs] [Times: user=0.01 sys=0.00, real=0.00 secs] 
2020-10-29T13:17:33.126+0000: [GC (Allocation Failure) 2020-10-29T13:17:33.126+0000: [ParNew: 16388K->4K(18432K), 0.0079217 secs] 402975K->394783K(608132K), 0.0079763 secs] [Times: user=0.01 sys=0.00, real=0.01 secs] 
2020-10-29T13:17:33.150+0000: [GC (Allocation Failure) 2020-10-29T13:17:33.150+0000: [ParNew: 16388K->4K(18432K), 0.0022217 secs] 411167K->394783K(608132K), 0.0022713 secs] [Times: user=0.00 sys=0.00, real=0.01 secs] 
2020-10-29T13:17:33.169+0000: [GC (Allocation Failure) 2020-10-29T13:17:33.169+0000: [ParNew: 16388K->4K(18432K), 0.0022095 secs] 411167K->394783K(608132K), 0.0022615 secs] [Times: user=0.00 sys=0.00, real=0.00 secs] 
2020-10-29T13:17:33.188+0000: [GC (Allocation Failure) 2020-10-29T13:17:33.188+0000: [ParNew: 16388K->4K(18432K), 0.0022028 secs] 411167K->394783K(608132K), 0.0022542 secs] [Times: user=0.00 sys=0.00, real=0.00 secs] 
2020-10-29T13:17:33.207+0000: [GC (Allocation Failure) 2020-10-29T13:17:33.207+0000: [ParNew: 16388K->4K(18432K), 0.0021799 secs] 411167K->394783K(608132K), 0.0022291 secs] [Times: user=0.00 sys=0.00, real=0.00 secs] 
2020-10-29T13:17:33.228+0000: [GC (Allocation Failure) 2020-10-29T13:17:33.228+0000: [ParNew: 16388K->4K(18432K), 0.0021631 secs] 411167K->394783K(608132K), 0.0022119 secs] [Times: user=0.01 sys=0.00, real=0.00 secs] 
2020-10-29T13:17:33.247+0000: [GC (Allocation Failure) 2020-10-29T13:17:33.247+0000: [ParNew: 16388K->4K(18432K), 0.0021774 secs] 411167K->394783K(608132K), 0.0022246 secs] [Times: user=0.01 sys=0.00, real=0.00 secs] 
2020-10-29T13:17:33.266+0000: [GC (Allocation Failure) 2020-10-29T13:17:33.266+0000: [ParNew: 16388K->4K(18432K), 0.0021801 secs] 411167K->394783K(608132K), 0.0022382 secs] [Times: user=0.00 sys=0.01, real=0.00 secs] 
2020-10-29T13:17:33.285+0000: [GC (Allocation Failure) 2020-10-29T13:17:33.285+0000: [ParNew: 16388K->4K(18432K), 0.0021702 secs] 411167K->394783K(608132K), 0.0022199 secs] [Times: user=0.01 sys=0.00, real=0.00 secs] 
2020-10-29T13:17:33.304+0000: [GC (Allocation Failure) 2020-10-29T13:17:33.304+0000: [ParNew: 16388K->4K(18432K), 0.0021779 secs] 411167K->394783K(608132K), 0.0022208 secs] [Times: user=0.01 sys=0.00, real=0.01 secs] 
2020-10-29T13:17:33.323+0000: [GC (Allocation Failure) 2020-10-29T13:17:33.323+0000: [ParNew: 16388K->4K(18432K), 0.0022073 secs] 411167K->394783K(608132K), 0.0022579 secs] [Times: user=0.01 sys=0.00, real=0.01 secs] 
2020-10-29T13:17:33.342+0000: [GC (Allocation Failure) 2020-10-29T13:17:33.342+0000: [ParNew: 16388K->4K(18432K), 0.0021717 secs] 411167K->394783K(608132K), 0.0022182 secs] [Times: user=0.00 sys=0.00, real=0.00 secs] 
2020-10-29T13:17:33.361+0000: [GC (Allocation Failure) 2020-10-29T13:17:33.361+0000: [ParNew: 16388K->4K(18432K), 0.0021742 secs] 411167K->394783K(608132K), 0.0022242 secs] [Times: user=0.00 sys=0.00, real=0.00 secs] 
2020-10-29T13:17:33.374+0000: [GC (Allocation Failure) 2020-10-29T13:17:33.374+0000: [ParNew: 10160K->4K(18432K), 0.0019987 secs] 404939K->394783K(608132K), 0.0020402 secs] [Times: user=0.01 sys=0.00, real=0.00 secs] 
2020-10-29T13:17:33.385+0000: [GC (Allocation Failure) 2020-10-29T13:17:33.385+0000: [ParNew: 16388K->4K(18432K), 0.0077708 secs] 411167K->402975K(608132K), 0.0078376 secs] [Times: user=0.02 sys=0.00, real=0.01 secs] 
2020-10-29T13:17:33.409+0000: [GC (Allocation Failure) 2020-10-29T13:17:33.409+0000: [ParNew: 16388K->4K(18432K), 0.0021962 secs] 419359K->402975K(608132K), 0.0022470 secs] [Times: user=0.00 sys=0.00, real=0.00 secs] 
2020-10-29T13:17:33.429+0000: [GC (Allocation Failure) 2020-10-29T13:17:33.429+0000: [ParNew: 16388K->4K(18432K), 0.0021480 secs] 419359K->402975K(608132K), 0.0021957 secs] [Times: user=0.00 sys=0.00, real=0.00 secs] 
2020-10-29T13:17:33.447+0000: [GC (Allocation Failure) 2020-10-29T13:17:33.448+0000: [ParNew: 16388K->4K(18432K), 0.0021932 secs] 419359K->402975K(608132K), 0.0022447 secs] [Times: user=0.00 sys=0.00, real=0.00 secs] 
2020-10-29T13:17:33.466+0000: [GC (Allocation Failure) 2020-10-29T13:17:33.466+0000: [ParNew: 16388K->4K(18432K), 0.0021964 secs] 419359K->402975K(608132K), 0.0022475 secs] [Times: user=0.00 sys=0.00, real=0.00 secs] 
2020-10-29T13:17:33.486+0000: [GC (Allocation Failure) 2020-10-29T13:17:33.486+0000: [ParNew: 16388K->4K(18432K), 0.0021625 secs] 419359K->402975K(608132K), 0.0022184 secs] [Times: user=0.01 sys=0.00, real=0.00 secs] 
2020-10-29T13:17:33.505+0000: [GC (Allocation Failure) 2020-10-29T13:17:33.505+0000: [ParNew: 16388K->4K(18432K), 0.0021830 secs] 419359K->402975K(608132K), 0.0022322 secs] [Times: user=0.01 sys=0.00, real=0.00 secs] 
2020-10-29T13:17:33.524+0000: [GC (Allocation Failure) 2020-10-29T13:17:33.524+0000: [ParNew: 16388K->4K(18432K), 0.0022030 secs] 419359K->402975K(608132K), 0.0022572 secs] [Times: user=0.01 sys=0.00, real=0.01 secs] 
2020-10-29T13:17:33.542+0000: [GC (Allocation Failure) 2020-10-29T13:17:33.542+0000: [ParNew: 16388K->4K(18432K), 0.0021790 secs] 419359K->402975K(608132K), 0.0022311 secs] [Times: user=0.00 sys=0.00, real=0.01 secs] 
2020-10-29T13:17:33.561+0000: [GC (Allocation Failure) 2020-10-29T13:17:33.561+0000: [ParNew: 16388K->4K(18432K), 0.0021961 secs] 419359K->402975K(608132K), 0.0022460 secs] [Times: user=0.00 sys=0.00, real=0.00 secs] 
2020-10-29T13:17:33.580+0000: [GC (Allocation Failure) 2020-10-29T13:17:33.580+0000: [ParNew: 16388K->4K(18432K), 0.0022272 secs] 419359K->402975K(608132K), 0.0022793 secs] [Times: user=0.00 sys=0.00, real=0.00 secs] 
2020-10-29T13:17:33.599+0000: [GC (Allocation Failure) 2020-10-29T13:17:33.599+0000: [ParNew: 16388K->4K(18432K), 0.0022030 secs] 419359K->402975K(608132K), 0.0022529 secs] [Times: user=0.00 sys=0.00, real=0.00 secs] 
2020-10-29T13:17:33.618+0000: [GC (Allocation Failure) 2020-10-29T13:17:33.618+0000: [ParNew: 16388K->4K(18432K), 0.0022456 secs] 419359K->402975K(608132K), 0.0022996 secs] [Times: user=0.00 sys=0.00, real=0.00 secs] 
2020-10-29T13:17:33.631+0000: [GC (Allocation Failure) 2020-10-29T13:17:33.631+0000: [ParNew: 10161K->4K(18432K), 0.0021752 secs] 413133K->402975K(608132K), 0.0022272 secs] [Times: user=0.01 sys=0.00, real=0.01 secs] 
2020-10-29T13:17:33.642+0000: [GC (Allocation Failure) 2020-10-29T13:17:33.642+0000: [ParNew: 16388K->4K(18432K), 0.0077704 secs] 419359K->411167K(608132K), 0.0078191 secs] [Times: user=0.01 sys=0.00, real=0.01 secs] 
2020-10-29T13:17:33.667+0000: [GC (Allocation Failure) 2020-10-29T13:17:33.667+0000: [ParNew: 16388K->4K(18432K), 0.0021789 secs] 427551K->411167K(608132K), 0.0022267 secs] [Times: user=0.00 sys=0.00, real=0.00 secs] 
2020-10-29T13:17:33.686+0000: [GC (Allocation Failure) 2020-10-29T13:17:33.686+0000: [ParNew: 16388K->4K(18432K), 0.0021773 secs] 427551K->411167K(608132K), 0.0022285 secs] [Times: user=0.00 sys=0.00, real=0.00 secs] 
2020-10-29T13:17:33.704+0000: [GC (Allocation Failure) 2020-10-29T13:17:33.704+0000: [ParNew: 16388K->4K(18432K), 0.0022135 secs] 427551K->411167K(608132K), 0.0022647 secs] [Times: user=0.00 sys=0.00, real=0.00 secs] 
2020-10-29T13:17:33.723+0000: [GC (Allocation Failure) 2020-10-29T13:17:33.723+0000: [ParNew: 16388K->4K(18432K), 0.0022235 secs] 427551K->411167K(608132K), 0.0022752 secs] [Times: user=0.00 sys=0.00, real=0.01 secs] 
2020-10-29T13:17:33.742+0000: [GC (Allocation Failure) 2020-10-29T13:17:33.742+0000: [ParNew: 16388K->4K(18432K), 0.0021901 secs] 427551K->411167K(608132K), 0.0022417 secs] [Times: user=0.00 sys=0.00, real=0.01 secs] 
2020-10-29T13:17:33.761+0000: [GC (Allocation Failure) 2020-10-29T13:17:33.761+0000: [ParNew: 16388K->4K(18432K), 0.0021935 secs] 427551K->411167K(608132K), 0.0022437 secs] [Times: user=0.01 sys=0.00, real=0.00 secs] 
2020-10-29T13:17:33.780+0000: [GC (Allocation Failure) 2020-10-29T13:17:33.780+0000: [ParNew: 16388K->4K(18432K), 0.0021640 secs] 427551K->411167K(608132K), 0.0022284 secs] [Times: user=0.01 sys=0.00, real=0.00 secs] 
2020-10-29T13:17:33.801+0000: [GC (Allocation Failure) 2020-10-29T13:17:33.801+0000: [ParNew: 16388K->4K(18432K), 0.0021765 secs] 427551K->411167K(608132K), 0.0022304 secs] [Times: user=0.01 sys=0.00, real=0.00 secs] 
2020-10-29T13:17:33.820+0000: [GC (Allocation Failure) 2020-10-29T13:17:33.820+0000: [ParNew: 16388K->4K(18432K), 0.0022927 secs] 427551K->411167K(608132K), 0.0023450 secs] [Times: user=0.01 sys=0.00, real=0.00 secs] 
2020-10-29T13:17:33.839+0000: [GC (Allocation Failure) 2020-10-29T13:17:33.839+0000: [ParNew: 16388K->4K(18432K), 0.0022095 secs] 427551K->411167K(608132K), 0.0022615 secs] [Times: user=0.01 sys=0.00, real=0.00 secs] 
2020-10-29T13:17:33.857+0000: [GC (Allocation Failure) 2020-10-29T13:17:33.857+0000: [ParNew: 16388K->4K(18432K), 0.0021737 secs] 427551K->411167K(608132K), 0.0022263 secs] [Times: user=0.01 sys=0.00, real=0.00 secs] 
2020-10-29T13:17:33.876+0000: [GC (Allocation Failure) 2020-10-29T13:17:33.876+0000: [ParNew: 16388K->4K(18432K), 0.0021643 secs] 427551K->411167K(608132K), 0.0022125 secs] [Times: user=0.00 sys=0.00, real=0.00 secs] 
2020-10-29T13:17:33.889+0000: [GC (Allocation Failure) 2020-10-29T13:17:33.889+0000: [ParNew: 10133K->4K(18432K), 0.0021151 secs] 421296K->411167K(608132K), 0.0021631 secs] [Times: user=0.00 sys=0.00, real=0.00 secs] 
2020-10-29T13:17:33.901+0000: [GC (Allocation Failure) 2020-10-29T13:17:33.901+0000: [ParNew: 16388K->4K(18432K), 0.0078449 secs] 427551K->419359K(608132K), 0.0078989 secs] [Times: user=0.01 sys=0.00, real=0.01 secs] 
2020-10-29T13:17:33.912+0000: [GC (CMS Initial Mark) [1 CMS-initial-mark: 419355K(589700K)] 422608K(608132K), 0.0029596 secs] [Times: user=0.01 sys=0.01, real=0.00 secs] 
2020-10-29T13:17:33.915+0000: [CMS-concurrent-mark-start]
2020-10-29T13:17:33.938+0000: [GC (Allocation Failure) 2020-10-29T13:17:33.938+0000: [ParNew: 16388K->37K(18432K), 0.0023889 secs] 435743K->419393K(608132K), 0.0024421 secs] [Times: user=0.00 sys=0.00, real=0.00 secs] 
2020-10-29T13:17:33.984+0000: [GC (Allocation Failure) 2020-10-29T13:17:33.985+0000: [ParNew: 16421K->165K(18432K), 0.0024083 secs] 435777K->419520K(608132K), 0.0024600 secs] [Times: user=0.01 sys=0.00, real=0.00 secs] 
2020-10-29T13:17:33.989+0000: [CMS-concurrent-mark: 0.061/0.074 secs] [Times: user=0.13 sys=0.00, real=0.07 secs] 
2020-10-29T13:17:33.989+0000: [CMS-concurrent-preclean-start]
2020-10-29T13:17:33.991+0000: [CMS-concurrent-preclean: 0.002/0.002 secs] [Times: user=0.01 sys=0.00, real=0.00 secs] 
2020-10-29T13:17:33.992+0000: [GC (CMS Final Remark) [YG occupancy: 473 K (18432 K)]2020-10-29T13:17:33.992+0000: [Rescan (parallel) , 0.0014630 secs]2020-10-29T13:17:33.994+0000: [weak refs processing, 0.0000314 secs]2020-10-29T13:17:33.994+0000: [class unloading, 0.0063598 secs]2020-10-29T13:17:34.000+0000: [scrub symbol table, 0.0078465 secs]2020-10-29T13:17:34.008+0000: [scrub string table, 0.0005343 secs][1 CMS-remark: 419355K(589700K)] 419828K(608132K), 0.0163507 secs] [Times: user=0.01 sys=0.00, real=0.02 secs] 
2020-10-29T13:17:34.017+0000: [CMS-concurrent-sweep-start]
2020-10-29T13:17:34.031+0000: [CMS-concurrent-sweep: 0.014/0.014 secs] [Times: user=0.02 sys=0.00, real=0.01 secs] 
2020-10-29T13:17:34.032+0000: [CMS-concurrent-reset-start]
2020-10-29T13:17:34.033+0000: [CMS-concurrent-reset: 0.002/0.002 secs] [Times: user=0.01 sys=0.00, real=0.01 secs] 
2020-10-29T13:17:34.047+0000: [GC (Allocation Failure) 2020-10-29T13:17:34.047+0000: [ParNew: 16549K->78K(18432K), 0.0054033 secs] 403103K->386632K(662688K), 0.0054544 secs] [Times: user=0.01 sys=0.00, real=0.00 secs] 
2020-10-29T13:17:34.083+0000: [GC (Allocation Failure) 2020-10-29T13:17:34.083+0000: [ParNew: 16462K->91K(18432K), 0.0052960 secs] 403016K->386644K(662688K), 0.0053502 secs] [Times: user=0.01 sys=0.00, real=0.01 secs] 
2020-10-29T13:17:34.110+0000: [GC (Allocation Failure) 2020-10-29T13:17:34.110+0000: [ParNew: 16475K->99K(18432K), 0.0025091 secs] 403028K->386652K(662688K), 0.0025621 secs] [Times: user=0.01 sys=0.00, real=0.01 secs] 
2020-10-29T13:17:34.130+0000: [GC (Allocation Failure) 2020-10-29T13:17:34.130+0000: [ParNew: 16483K->101K(18432K), 0.0024781 secs] 403036K->386654K(662688K), 0.0025371 secs] [Times: user=0.01 sys=0.00, real=0.00 secs] 
2020-10-29T13:17:34.149+0000: [GC (Allocation Failure) 2020-10-29T13:17:34.149+0000: [ParNew: 16485K->101K(18432K), 0.0024837 secs] 403038K->386662K(662688K), 0.0025348 secs] [Times: user=0.01 sys=0.00, real=0.00 secs] 
2020-10-29T13:17:34.168+0000: [GC (Allocation Failure) 2020-10-29T13:17:34.168+0000: [ParNew: 16485K->39K(18432K), 0.0026534 secs] 403046K->386656K(662688K), 0.0027040 secs] [Times: user=0.00 sys=0.00, real=0.00 secs] 
2020-10-29T13:17:34.190+0000: [GC (Allocation Failure) 2020-10-29T13:17:34.190+0000: [ParNew: 16423K->11K(18432K), 0.0023633 secs] 403040K->386627K(662688K), 0.0024158 secs] [Times: user=0.00 sys=0.00, real=0.01 secs] 
2020-10-29T13:17:34.209+0000: [GC (Allocation Failure) 2020-10-29T13:17:34.209+0000: [ParNew: 16395K->4K(18432K), 0.0023696 secs] 403011K->386626K(662688K), 0.0024214 secs] [Times: user=0.01 sys=0.00, real=0.00 secs] 
2020-10-29T13:17:34.228+0000: [GC (Allocation Failure) 2020-10-29T13:17:34.228+0000: [ParNew: 16388K->4K(18432K), 0.0023209 secs] 403010K->386625K(662688K), 0.0023773 secs] [Times: user=0.01 sys=0.00, real=0.00 secs] 
2020-10-29T13:17:34.247+0000: [GC (Allocation Failure) 2020-10-29T13:17:34.247+0000: [ParNew: 16388K->4K(18432K), 0.0022723 secs] 403009K->386625K(662688K), 0.0023206 secs] [Times: user=0.01 sys=0.00, real=0.00 secs] 
2020-10-29T13:17:34.263+0000: [GC (Allocation Failure) 2020-10-29T13:17:34.263+0000: [ParNew: 13437K->4K(18432K), 0.0023505 secs] 400059K->386625K(662688K), 0.0024044 secs] [Times: user=0.01 sys=0.00, real=0.01 secs] 
2020-10-29T13:17:34.277+0000: [GC (Allocation Failure) 2020-10-29T13:17:34.277+0000: [ParNew: 16388K->4K(18432K), 0.0032811 secs] 403009K->394817K(662688K), 0.0033317 secs] [Times: user=0.00 sys=0.00, real=0.00 secs] 
2020-10-29T13:17:34.297+0000: [GC (Allocation Failure) 2020-10-29T13:17:34.297+0000: [ParNew: 16388K->4K(18432K), 0.0023293 secs] 411201K->394817K(662688K), 0.0023788 secs] [Times: user=0.01 sys=0.00, real=0.00 secs] 
2020-10-29T13:17:34.316+0000: [GC (Allocation Failure) 2020-10-29T13:17:34.316+0000: [ParNew: 16388K->4K(18432K), 0.0023549 secs] 411201K->394817K(662688K), 0.0024073 secs] [Times: user=0.01 sys=0.00, real=0.00 secs] 
2020-10-29T13:17:34.335+0000: [GC (Allocation Failure) 2020-10-29T13:17:34.335+0000: [ParNew: 16388K->4K(18432K), 0.0023460 secs] 411201K->394817K(662688K), 0.0023966 secs] [Times: user=0.01 sys=0.00, real=0.00 secs] 
2020-10-29T13:17:34.354+0000: [GC (Allocation Failure) 2020-10-29T13:17:34.354+0000: [ParNew: 16388K->4K(18432K), 0.0023294 secs] 411201K->394817K(662688K), 0.0023823 secs] [Times: user=0.00 sys=0.00, real=0.00 secs] 
2020-10-29T13:17:34.373+0000: [GC (Allocation Failure) 2020-10-29T13:17:34.373+0000: [ParNew: 16388K->4K(18432K), 0.0023490 secs] 411201K->394817K(662688K), 0.0024012 secs] [Times: user=0.00 sys=0.00, real=0.00 secs] 
2020-10-29T13:17:34.392+0000: [GC (Allocation Failure) 2020-10-29T13:17:34.392+0000: [ParNew: 16388K->4K(18432K), 0.0023635 secs] 411201K->394818K(662688K), 0.0024155 secs] [Times: user=0.00 sys=0.00, real=0.01 secs] 
2020-10-29T13:17:34.411+0000: [GC (Allocation Failure) 2020-10-29T13:17:34.411+0000: [ParNew: 16388K->4K(18432K), 0.0023397 secs] 411202K->394818K(662688K), 0.0023917 secs] [Times: user=0.00 sys=0.00, real=0.01 secs] 
2020-10-29T13:17:34.430+0000: [GC (Allocation Failure) 2020-10-29T13:17:34.430+0000: [ParNew: 16388K->4K(18432K), 0.0023268 secs] 411202K->394818K(662688K), 0.0023776 secs] [Times: user=0.01 sys=0.00, real=0.01 secs] 
2020-10-29T13:17:34.835+0000: [GC (Allocation Failure) 2020-10-29T13:17:34.835+0000: [ParNew: 16388K->42K(18432K), 0.0025132 secs] 411202K->394856K(662688K), 0.0025687 secs] [Times: user=0.01 sys=0.00, real=0.00 secs] 
2020-10-29T13:17:35.579+0000: [GC (Allocation Failure) 2020-10-29T13:17:35.579+0000: [ParNew: 16426K->13K(18432K), 0.0023954 secs] 411240K->394827K(662688K), 0.0024492 secs] [Times: user=0.01 sys=0.00, real=0.00 secs] 
2020-10-29T13:17:36.811+0000: [GC (Allocation Failure) 2020-10-29T13:17:36.811+0000: [ParNew: 16397K->334K(18432K), 0.0032769 secs] 411211K->395148K(662688K), 0.0033392 secs] [Times: user=0.01 sys=0.00, real=0.01 secs] 
2020-10-29T13:17:36.920+0000: [GC (Allocation Failure) 2020-10-29T13:17:36.920+0000: [ParNew: 16718K->752K(18432K), 0.0075384 secs] 411532K->395566K(662688K), 0.0076122 secs] [Times: user=0.01 sys=0.00, real=0.01 secs] 
2020-10-29T13:17:37.110+0000: [GC (Allocation Failure) 2020-10-29T13:17:37.110+0000: [ParNew: 17136K->1020K(18432K), 0.0038204 secs] 411950K->395834K(662688K), 0.0038885 secs] [Times: user=0.01 sys=0.00, real=0.01 secs] 
2020-10-29T13:17:37.189+0000: [GC (Allocation Failure) 2020-10-29T13:17:37.190+0000: [ParNew: 17404K->1767K(18432K), 0.0038444 secs] 412218K->396581K(662688K), 0.0039153 secs] [Times: user=0.01 sys=0.00, real=0.01 secs] 
2020-10-29T13:17:37.258+0000: [GC (Allocation Failure) 2020-10-29T13:17:37.259+0000: [ParNew: 18151K->1098K(18432K), 0.0052822 secs] 412965K->396482K(662688K), 0.0053496 secs] [Times: user=0.01 sys=0.00, real=0.00 secs] 
2020-10-29T13:17:37.337+0000: [GC (Allocation Failure) 2020-10-29T13:17:37.337+0000: [ParNew: 17482K->901K(18432K), 0.0031948 secs] 412866K->396285K(662688K), 0.0032634 secs] [Times: user=0.01 sys=0.00, real=0.00 secs] 
2020-10-29T13:17:37.405+0000: [GC (Allocation Failure) 2020-10-29T13:17:37.405+0000: [ParNew: 17285K->1385K(18432K), 0.0034814 secs] 412669K->396769K(662688K), 0.0035352 secs] [Times: user=0.00 sys=0.00, real=0.00 secs] 
2020-10-29T13:17:37.492+0000: [GC (Allocation Failure) 2020-10-29T13:17:37.492+0000: [ParNew: 17769K->1399K(18432K), 0.0074770 secs] 413153K->397050K(662688K), 0.0075298 secs] [Times: user=0.01 sys=0.00, real=0.01 secs] 
2020-10-29T13:17:37.599+0000: [GC (Allocation Failure) 2020-10-29T13:17:37.599+0000: [ParNew: 17783K->683K(18432K), 0.0037488 secs] 413434K->396919K(662688K), 0.0038197 secs] [Times: user=0.01 sys=0.00, real=0.00 secs] 
2020-10-29T13:17:37.661+0000: [GC (Allocation Failure) 2020-10-29T13:17:37.661+0000: [ParNew: 17067K->571K(18432K), 0.0030179 secs] 413303K->396807K(662688K), 0.0030843 secs] [Times: user=0.01 sys=0.00, real=0.00 secs] 
2020-10-29T13:17:37.772+0000: [GC (Allocation Failure) 2020-10-29T13:17:37.772+0000: [ParNew: 16955K->737K(18432K), 0.0033546 secs] 413191K->396973K(662688K), 0.0034234 secs] [Times: user=0.00 sys=0.00, real=0.01 secs] 
2020-10-29T13:17:37.857+0000: [GC (Allocation Failure) 2020-10-29T13:17:37.857+0000: [ParNew: 17121K->735K(18432K), 0.0073613 secs] 413357K->396971K(662688K), 0.0074286 secs] [Times: user=0.01 sys=0.00, real=0.01 secs] 
2020-10-29T13:17:37.976+0000: [GC (Allocation Failure) 2020-10-29T13:17:37.976+0000: [ParNew: 17119K->854K(18432K), 0.0035976 secs] 413355K->397090K(662688K), 0.0036724 secs] [Times: user=0.01 sys=0.00, real=0.00 secs] 
2020-10-29T13:17:38.080+0000: [GC (Allocation Failure) 2020-10-29T13:17:38.080+0000: [ParNew: 17238K->781K(18432K), 0.0038202 secs] 413474K->397057K(662688K), 0.0038875 secs] [Times: user=0.01 sys=0.00, real=0.00 secs] 
2020-10-29T13:17:38.265+0000: [GC (Allocation Failure) 2020-10-29T13:17:38.265+0000: [ParNew: 17165K->1091K(18432K), 0.0074744 secs] 413441K->397459K(662688K), 0.0075387 secs] [Times: user=0.01 sys=0.00, real=0.01 secs] 
2020-10-29T13:17:38.356+0000: [GC (Allocation Failure) 2020-10-29T13:17:38.356+0000: [ParNew: 17475K->1365K(18432K), 0.0154520 secs] 413843K->397765K(662688K), 0.0155099 secs] [Times: user=0.03 sys=0.00, real=0.01 secs] 
2020-10-29T13:17:38.479+0000: [GC (Allocation Failure) 2020-10-29T13:17:38.479+0000: [ParNew: 17749K->1571K(18432K), 0.0055781 secs] 414149K->398154K(662688K), 0.0056357 secs] [Times: user=0.01 sys=0.00, real=0.01 secs] 
2020-10-29T13:17:38.599+0000: [GC (Allocation Failure) 2020-10-29T13:17:38.599+0000: [ParNew: 17955K->898K(18432K), 0.0055026 secs] 414538K->398036K(662688K), 0.0055566 secs] [Times: user=0.01 sys=0.00, real=0.01 secs] 
2020-10-29T13:17:38.804+0000: [GC (Allocation Failure) 2020-10-29T13:17:38.804+0000: [ParNew: 17282K->2048K(18432K), 0.0075385 secs] 414420K->399935K(662688K), 0.0075957 secs] [Times: user=0.02 sys=0.00, real=0.01 secs] 
2020-10-29T13:17:38.946+0000: [GC (Allocation Failure) 2020-10-29T13:17:38.946+0000: [ParNew: 18432K->1776K(18432K), 0.0088594 secs] 416319K->401732K(662688K), 0.0089157 secs] [Times: user=0.01 sys=0.00, real=0.01 secs] 
2020-10-29T13:17:39.208+0000: [GC (Allocation Failure) 2020-10-29T13:17:39.209+0000: [ParNew: 18160K->2048K(18432K), 0.0063655 secs] 418116K->402170K(662688K), 0.0064413 secs] [Times: user=0.01 sys=0.00, real=0.01 secs] 
2020-10-29T13:17:39.279+0000: [GC (Allocation Failure) 2020-10-29T13:17:39.279+0000: [ParNew: 18432K->1179K(18432K), 0.0080185 secs] 418554K->403000K(662688K), 0.0080940 secs] [Times: user=0.02 sys=0.00, real=0.01 secs] 
2020-10-29T13:17:39.349+0000: [GC (Allocation Failure) 2020-10-29T13:17:39.349+0000: [ParNew: 17563K->616K(18432K), 0.0029160 secs] 419384K->402437K(662688K), 0.0029761 secs] [Times: user=0.01 sys=0.00, real=0.00 secs] 
2020-10-29T13:17:39.400+0000: [GC (Allocation Failure) 2020-10-29T13:17:39.401+0000: [ParNew: 17000K->734K(18432K), 0.0025728 secs] 418821K->402555K(662688K), 0.0026435 secs] [Times: user=0.00 sys=0.00, real=0.00 secs] 
2020-10-29T13:17:39.449+0000: [GC (Allocation Failure) 2020-10-29T13:17:39.449+0000: [ParNew: 17118K->805K(18432K), 0.0042225 secs] 418939K->402626K(662688K), 0.0042900 secs] [Times: user=0.01 sys=0.00, real=0.01 secs] 
2020-10-29T13:17:39.496+0000: [GC (Allocation Failure) 2020-10-29T13:17:39.496+0000: [ParNew: 17189K->802K(18432K), 0.0033767 secs] 419010K->402623K(662688K), 0.0034333 secs] [Times: user=0.00 sys=0.00, real=0.00 secs] 
2020-10-29T13:17:39.544+0000: [GC (Allocation Failure) 2020-10-29T13:17:39.544+0000: [ParNew: 17186K->1329K(18432K), 0.0030662 secs] 419007K->403150K(662688K), 0.0031376 secs] [Times: user=0.01 sys=0.00, real=0.01 secs] 
2020-10-29T13:17:39.591+0000: [GC (Allocation Failure) 2020-10-29T13:17:39.591+0000: [ParNew: 17276K->17K(18432K), 0.0029773 secs] 419098K->403143K(662688K), 0.0030536 secs] [Times: user=0.00 sys=0.01, real=0.01 secs] 
2020-10-29T13:17:39.635+0000: [GC (Allocation Failure) 2020-10-29T13:17:39.635+0000: [ParNew: 16401K->516K(18432K), 0.0027819 secs] 419527K->403642K(662688K), 0.0028422 secs] [Times: user=0.01 sys=0.00, real=0.00 secs] 
2020-10-29T13:17:39.698+0000: [GC (Allocation Failure) 2020-10-29T13:17:39.698+0000: [ParNew: 16900K->516K(18432K), 0.0057071 secs] 420026K->403641K(662688K), 0.0057814 secs] [Times: user=0.01 sys=0.00, real=0.00 secs] 
2020-10-29T13:17:39.764+0000: [GC (Allocation Failure) 2020-10-29T13:17:39.764+0000: [ParNew: 16900K->516K(18432K), 0.0029374 secs] 420025K->403641K(662688K), 0.0030008 secs] [Times: user=0.00 sys=0.00, real=0.01 secs] 
2020-10-29T13:17:39.806+0000: [GC (Allocation Failure) 2020-10-29T13:17:39.806+0000: [ParNew: 16900K->516K(18432K), 0.0045927 secs] 420025K->403641K(662688K), 0.0046581 secs] [Times: user=0.01 sys=0.00, real=0.00 secs] 
2020-10-29T13:17:39.872+0000: [GC (Allocation Failure) 2020-10-29T13:17:39.872+0000: [ParNew: 16900K->1028K(18432K), 0.0079659 secs] 420025K->404153K(662688K), 0.0080259 secs] [Times: user=0.02 sys=0.00, real=0.01 secs] 
2020-10-29T13:17:39.920+0000: [GC (Allocation Failure) 2020-10-29T13:17:39.920+0000: [ParNew: 16276K->4K(18432K), 0.0065174 secs] 419402K->404154K(662688K), 0.0065975 secs] [Times: user=0.01 sys=0.00, real=0.01 secs] 
2020-10-29T13:17:39.975+0000: [GC (Allocation Failure) 2020-10-29T13:17:39.975+0000: [ParNew: 16388K->4K(18432K), 0.0031330 secs] 420538K->406202K(662688K), 0.0032701 secs] [Times: user=0.01 sys=0.00, real=0.00 secs] 
2020-10-29T13:17:40.008+0000: [GC (Allocation Failure) 2020-10-29T13:17:40.008+0000: [ParNew: 16388K->4K(18432K), 0.0029835 secs] 422586K->406202K(662688K), 0.0030388 secs] [Times: user=0.00 sys=0.00, real=0.00 secs] 
2020-10-29T13:17:40.045+0000: [GC (Allocation Failure) 2020-10-29T13:17:40.045+0000: [ParNew: 16388K->4K(18432K), 0.0028044 secs] 422586K->406202K(662688K), 0.0028647 secs] [Times: user=0.00 sys=0.00, real=0.00 secs] 
2020-10-29T13:17:40.096+0000: [GC (Allocation Failure) 2020-10-29T13:17:40.096+0000: [ParNew: 16388K->4K(18432K), 0.0071246 secs] 422586K->406202K(662688K), 0.0071924 secs] [Times: user=0.01 sys=0.00, real=0.00 secs] 
2020-10-29T13:17:40.147+0000: [GC (Allocation Failure) 2020-10-29T13:17:40.148+0000: [ParNew: 16388K->4K(18432K), 0.0032135 secs] 422586K->406202K(662688K), 0.0032773 secs] [Times: user=0.01 sys=0.00, real=0.00 secs] 
2020-10-29T13:17:40.170+0000: [GC (Allocation Failure) 2020-10-29T13:17:40.170+0000: [ParNew: 16388K->4K(18432K), 0.0027864 secs] 422586K->408250K(662688K), 0.0028400 secs] [Times: user=0.01 sys=0.00, real=0.01 secs] 
2020-10-29T13:17:40.199+0000: [GC (Allocation Failure) 2020-10-29T13:17:40.199+0000: [ParNew: 16388K->4K(18432K), 0.0024763 secs] 424634K->408250K(662688K), 0.0025305 secs] [Times: user=0.01 sys=0.00, real=0.00 secs] 
2020-10-29T13:17:40.224+0000: [GC (Allocation Failure) 2020-10-29T13:17:40.225+0000: [ParNew: 16388K->4K(18432K), 0.0039746 secs] 424634K->408250K(662688K), 0.0040303 secs] [Times: user=0.00 sys=0.00, real=0.00 secs] 
2020-10-29T13:17:40.255+0000: [GC (Allocation Failure) 2020-10-29T13:17:40.255+0000: [ParNew: 16388K->4K(18432K), 0.0024713 secs] 424634K->408250K(662688K), 0.0025245 secs] [Times: user=0.01 sys=0.00, real=0.00 secs] 
2020-10-29T13:17:40.282+0000: [GC (Allocation Failure) 2020-10-29T13:17:40.282+0000: [ParNew: 16388K->4K(18432K), 0.0024444 secs] 424634K->408250K(662688K), 0.0025179 secs] [Times: user=0.01 sys=0.00, real=0.00 secs] 
2020-10-29T13:17:40.308+0000: [GC (Allocation Failure) 2020-10-29T13:17:40.308+0000: [ParNew: 16388K->4K(18432K), 0.0024509 secs] 424634K->408250K(662688K), 0.0025045 secs] [Times: user=0.00 sys=0.00, real=0.00 secs] 
2020-10-29T13:17:40.335+0000: [GC (Allocation Failure) 2020-10-29T13:17:40.335+0000: [ParNew: 16388K->4K(18432K), 0.0024602 secs] 424634K->408250K(662688K), 0.0025289 secs] [Times: user=0.01 sys=0.00, real=0.00 secs] 
2020-10-29T13:17:40.361+0000: [GC (Allocation Failure) 2020-10-29T13:17:40.361+0000: [ParNew: 16388K->4K(18432K), 0.0024211 secs] 424634K->408250K(662688K), 0.0024906 secs] [Times: user=0.01 sys=0.00, real=0.00 secs] 
2020-10-29T13:17:40.398+0000: [GC (Allocation Failure) 2020-10-29T13:17:40.398+0000: [ParNew: 16388K->4K(18432K), 0.0025170 secs] 424634K->408250K(662688K), 0.0025857 secs] [Times: user=0.01 sys=0.00, real=0.00 secs] 
2020-10-29T13:17:40.435+0000: [GC (Allocation Failure) 2020-10-29T13:17:40.435+0000: [ParNew: 16388K->4K(18432K), 0.0024713 secs] 424634K->408250K(662688K), 0.0025427 secs] [Times: user=0.01 sys=0.00, real=0.00 secs] 
2020-10-29T13:17:40.473+0000: [GC (Allocation Failure) 2020-10-29T13:17:40.473+0000: [ParNew: 16388K->4K(18432K), 0.0024564 secs] 424634K->408250K(662688K), 0.0025343 secs] [Times: user=0.00 sys=0.00, real=0.00 secs] 
2020-10-29T13:17:40.519+0000: [GC (Allocation Failure) 2020-10-29T13:17:40.519+0000: [ParNew: 16388K->4K(18432K), 0.0024388 secs] 424634K->408250K(662688K), 0.0025017 secs] [Times: user=0.01 sys=0.00, real=0.00 secs] 
2020-10-29T13:17:40.546+0000: [GC (Allocation Failure) 2020-10-29T13:17:40.546+0000: [ParNew: 16388K->4K(18432K), 0.0066674 secs] 424634K->408250K(662688K), 0.0067403 secs] [Times: user=0.02 sys=0.00, real=0.01 secs] 
2020-10-29T13:17:40.584+0000: [GC (Allocation Failure) 2020-10-29T13:17:40.584+0000: [ParNew: 16388K->4K(18432K), 0.0076323 secs] 424634K->412346K(662688K), 0.0077072 secs] [Times: user=0.02 sys=0.00, real=0.01 secs] 
2020-10-29T13:17:40.625+0000: [GC (Allocation Failure) 2020-10-29T13:17:40.625+0000: [ParNew: 16388K->4K(18432K), 0.0051293 secs] 428730K->412346K(662688K), 0.0052011 secs] [Times: user=0.01 sys=0.00, real=0.00 secs] 
2020-10-29T13:17:40.661+0000: [GC (Allocation Failure) 2020-10-29T13:17:40.661+0000: [ParNew: 16388K->4K(18432K), 0.0056965 secs] 428730K->416442K(662688K), 0.0057601 secs] [Times: user=0.01 sys=0.00, real=0.01 secs] 
2020-10-29T13:17:40.696+0000: [GC (Allocation Failure) 2020-10-29T13:17:40.696+0000: [ParNew: 16388K->4K(18432K), 0.0025191 secs] 432826K->416442K(662688K), 0.0025711 secs] [Times: user=0.01 sys=0.00, real=0.00 secs] 
2020-10-29T13:17:40.726+0000: [GC (Allocation Failure) 2020-10-29T13:17:40.726+0000: [ParNew: 16388K->4K(18432K), 0.0024802 secs] 432826K->416442K(662688K), 0.0025292 secs] [Times: user=0.00 sys=0.01, real=0.00 secs] 
2020-10-29T13:17:40.748+0000: [GC (Allocation Failure) 2020-10-29T13:17:40.748+0000: [ParNew: 16388K->4K(18432K), 0.0024535 secs] 432826K->416442K(662688K), 0.0025073 secs] [Times: user=0.01 sys=0.00, real=0.00 secs] 
2020-10-29T13:17:40.768+0000: [GC (Allocation Failure) 2020-10-29T13:17:40.768+0000: [ParNew: 16388K->4K(18432K), 0.0024592 secs] 432826K->416443K(662688K), 0.0025097 secs] [Times: user=0.00 sys=0.00, real=0.00 secs] 
2020-10-29T13:17:40.788+0000: [GC (Allocation Failure) 2020-10-29T13:17:40.788+0000: [ParNew: 16388K->4K(18432K), 0.0024134 secs] 432827K->416443K(662688K), 0.0024641 secs] [Times: user=0.01 sys=0.00, real=0.00 secs] 
2020-10-29T13:17:40.808+0000: [GC (Allocation Failure) 2020-10-29T13:17:40.808+0000: [ParNew: 16388K->4K(18432K), 0.0024005 secs] 432827K->416443K(662688K), 0.0024502 secs] [Times: user=0.00 sys=0.00, real=0.00 secs] 
2020-10-29T13:17:40.830+0000: [GC (Allocation Failure) 2020-10-29T13:17:40.830+0000: [ParNew: 16388K->4K(18432K), 0.0033008 secs] 432827K->416443K(662688K), 0.0033527 secs] [Times: user=0.00 sys=0.00, real=0.01 secs] 
2020-10-29T13:17:40.856+0000: [GC (Allocation Failure) 2020-10-29T13:17:40.857+0000: [ParNew: 16388K->4K(18432K), 0.0024455 secs] 432827K->416443K(662688K), 0.0025003 secs] [Times: user=0.01 sys=0.00, real=0.00 secs] 
2020-10-29T13:17:40.878+0000: [GC (Allocation Failure) 2020-10-29T13:17:40.878+0000: [ParNew: 16388K->4K(18432K), 0.0024720 secs] 432827K->416443K(662688K), 0.0025249 secs] [Times: user=0.00 sys=0.00, real=0.00 secs] 
2020-10-29T13:17:40.900+0000: [GC (Allocation Failure) 2020-10-29T13:17:40.900+0000: [ParNew: 16388K->4K(18432K), 0.0024375 secs] 432827K->416443K(662688K), 0.0025217 secs] [Times: user=0.00 sys=0.01, real=0.00 secs] 
2020-10-29T13:17:40.918+0000: [GC (Allocation Failure) 2020-10-29T13:17:40.918+0000: [ParNew: 16388K->4K(18432K), 0.0024554 secs] 432827K->416443K(662688K), 0.0025053 secs] [Times: user=0.00 sys=0.00, real=0.00 secs] 
2020-10-29T13:17:40.940+0000: [GC (Allocation Failure) 2020-10-29T13:17:40.940+0000: [ParNew: 16388K->4K(18432K), 0.0024218 secs] 432827K->416443K(662688K), 0.0024729 secs] [Times: user=0.00 sys=0.00, real=0.00 secs] 
2020-10-29T13:17:40.960+0000: [GC (Allocation Failure) 2020-10-29T13:17:40.961+0000: [ParNew: 16388K->4K(18432K), 0.0024405 secs] 432827K->416443K(662688K), 0.0024952 secs] [Times: user=0.00 sys=0.00, real=0.00 secs] 
2020-10-29T13:17:40.980+0000: [GC (Allocation Failure) 2020-10-29T13:17:40.980+0000: [ParNew: 16388K->4K(18432K), 0.0024286 secs] 432827K->416443K(662688K), 0.0024801 secs] [Times: user=0.01 sys=0.00, real=0.00 secs] 
2020-10-29T13:17:41.000+0000: [GC (Allocation Failure) 2020-10-29T13:17:41.000+0000: [ParNew: 16388K->4K(18432K), 0.0024441 secs] 432827K->416443K(662688K), 0.0024962 secs] [Times: user=0.00 sys=0.00, real=0.00 secs] 
2020-10-29T13:17:41.019+0000: [GC (Allocation Failure) 2020-10-29T13:17:41.019+0000: [ParNew: 16388K->4K(18432K), 0.0024328 secs] 432827K->416443K(662688K), 0.0024821 secs] [Times: user=0.01 sys=0.00, real=0.00 secs] 
2020-10-29T13:17:41.040+0000: [GC (Allocation Failure) 2020-10-29T13:17:41.040+0000: [ParNew: 16388K->4K(18432K), 0.0024473 secs] 432827K->416443K(662688K), 0.0025004 secs] [Times: user=0.01 sys=0.00, real=0.00 secs] 
2020-10-29T13:17:41.064+0000: [GC (Allocation Failure) 2020-10-29T13:17:41.065+0000: [ParNew: 16388K->4K(18432K), 0.0024358 secs] 432827K->416443K(662688K), 0.0024887 secs] [Times: user=0.01 sys=0.00, real=0.00 secs] 
2020-10-29T13:17:41.084+0000: [GC (Allocation Failure) 2020-10-29T13:17:41.084+0000: [ParNew: 16388K->4K(18432K), 0.0024717 secs] 432827K->416443K(662688K), 0.0025254 secs] [Times: user=0.01 sys=0.00, real=0.01 secs] 
2020-10-29T13:17:41.103+0000: [GC (Allocation Failure) 2020-10-29T13:17:41.104+0000: [ParNew: 16388K->4K(18432K), 0.0024626 secs] 432827K->416443K(662688K), 0.0025204 secs] [Times: user=0.01 sys=0.00, real=0.01 secs] 
2020-10-29T13:17:41.128+0000: [GC (Allocation Failure) 2020-10-29T13:17:41.128+0000: [ParNew: 16388K->4K(18432K), 0.0024655 secs] 432827K->416443K(662688K), 0.0025193 secs] [Times: user=0.01 sys=0.00, real=0.00 secs] 
2020-10-29T13:17:41.148+0000: [GC (Allocation Failure) 2020-10-29T13:17:41.148+0000: [ParNew: 16388K->4K(18432K), 0.0024217 secs] 432827K->416443K(662688K), 0.0024742 secs] [Times: user=0.01 sys=0.00, real=0.00 secs] 
2020-10-29T13:17:41.168+0000: [GC (Allocation Failure) 2020-10-29T13:17:41.169+0000: [ParNew: 16388K->4K(18432K), 0.0024433 secs] 432827K->416443K(662688K), 0.0024955 secs] [Times: user=0.00 sys=0.00, real=0.00 secs] 
2020-10-29T13:17:41.190+0000: [GC (Allocation Failure) 2020-10-29T13:17:41.190+0000: [ParNew: 16388K->4K(18432K), 0.0024573 secs] 432827K->416443K(662688K), 0.0025263 secs] [Times: user=0.00 sys=0.00, real=0.01 secs] 
2020-10-29T13:17:41.216+0000: [GC (Allocation Failure) 2020-10-29T13:17:41.216+0000: [ParNew: 16388K->4K(18432K), 0.0024748 secs] 432827K->416443K(662688K), 0.0025796 secs] [Times: user=0.01 sys=0.00, real=0.00 secs] 
2020-10-29T13:17:41.235+0000: [GC (Allocation Failure) 2020-10-29T13:17:41.235+0000: [ParNew: 16388K->4K(18432K), 0.0024572 secs] 432827K->416443K(662688K), 0.0025089 secs] [Times: user=0.00 sys=0.00, real=0.00 secs] 
2020-10-29T13:17:41.253+0000: [GC (Allocation Failure) 2020-10-29T13:17:41.253+0000: [ParNew: 16388K->4K(18432K), 0.0024370 secs] 432827K->416443K(662688K), 0.0024871 secs] [Times: user=0.01 sys=0.00, real=0.00 secs] 
2020-10-29T13:17:41.272+0000: [GC (Allocation Failure) 2020-10-29T13:17:41.273+0000: [ParNew: 16388K->4K(18432K), 0.0024558 secs] 432827K->416443K(662688K), 0.0025078 secs] [Times: user=0.00 sys=0.00, real=0.00 secs] 
2020-10-29T13:17:41.292+0000: [GC (Allocation Failure) 2020-10-29T13:17:41.293+0000: [ParNew: 16388K->4K(18432K), 0.0024961 secs] 432827K->416443K(662688K), 0.0025487 secs] [Times: user=0.00 sys=0.00, real=0.00 secs] 
2020-10-29T13:17:41.316+0000: [GC (Allocation Failure) 2020-10-29T13:17:41.317+0000: [ParNew: 16388K->4K(18432K), 0.0042730 secs] 432827K->416443K(662688K), 0.0043217 secs] [Times: user=0.00 sys=0.00, real=0.00 secs] 
2020-10-29T13:17:41.342+0000: [GC (Allocation Failure) 2020-10-29T13:17:41.342+0000: [ParNew: 16388K->4K(18432K), 0.0037593 secs] 432827K->416443K(662688K), 0.0038248 secs] [Times: user=0.00 sys=0.00, real=0.01 secs] 
2020-10-29T13:17:41.364+0000: [GC (Allocation Failure) 2020-10-29T13:17:41.364+0000: [ParNew: 16388K->4K(18432K), 0.0024305 secs] 432827K->416443K(662688K), 0.0024844 secs] [Times: user=0.00 sys=0.00, real=0.00 secs] 
2020-10-29T13:17:41.382+0000: [GC (Allocation Failure) 2020-10-29T13:17:41.382+0000: [ParNew: 16388K->4K(18432K), 0.0025168 secs] 432827K->416443K(662688K), 0.0025722 secs] [Times: user=0.01 sys=0.00, real=0.01 secs] 
2020-10-29T13:17:41.400+0000: [GC (Allocation Failure) 2020-10-29T13:17:41.401+0000: [ParNew: 16388K->4K(18432K), 0.0024609 secs] 432827K->416443K(662688K), 0.0025227 secs] [Times: user=0.00 sys=0.00, real=0.00 secs] 
2020-10-29T13:17:41.418+0000: [GC (Allocation Failure) 2020-10-29T13:17:41.418+0000: [ParNew: 16388K->4K(18432K), 0.0024674 secs] 432827K->416443K(662688K), 0.0025199 secs] [Times: user=0.01 sys=0.00, real=0.00 secs] 
2020-10-29T13:17:41.437+0000: [GC (Allocation Failure) 2020-10-29T13:17:41.437+0000: [ParNew: 16388K->4K(18432K), 0.0024955 secs] 432827K->416443K(662688K), 0.0025476 secs] [Times: user=0.00 sys=0.00, real=0.00 secs] 
2020-10-29T13:17:41.454+0000: [GC (Allocation Failure) 2020-10-29T13:17:41.455+0000: [ParNew: 16388K->4K(18432K), 0.0024728 secs] 432827K->416444K(662688K), 0.0025260 secs] [Times: user=0.01 sys=0.00, real=0.00 secs] 
2020-10-29T13:17:41.472+0000: [GC (Allocation Failure) 2020-10-29T13:17:41.472+0000: [ParNew: 16388K->4K(18432K), 0.0024558 secs] 432828K->416444K(662688K), 0.0025084 secs] [Times: user=0.00 sys=0.00, real=0.00 secs] 
2020-10-29T13:17:41.490+0000: [GC (Allocation Failure) 2020-10-29T13:17:41.490+0000: [ParNew: 16388K->4K(18432K), 0.0024334 secs] 432828K->416444K(662688K), 0.0024901 secs] [Times: user=0.01 sys=0.00, real=0.01 secs] 
2020-10-29T13:17:41.509+0000: [GC (Allocation Failure) 2020-10-29T13:17:41.509+0000: [ParNew: 16388K->4K(18432K), 0.0023996 secs] 432828K->416444K(662688K), 0.0024506 secs] [Times: user=0.01 sys=0.00, real=0.00 secs] 
2020-10-29T13:17:41.528+0000: [GC (Allocation Failure) 2020-10-29T13:17:41.529+0000: [ParNew: 16388K->4K(18432K), 0.0024467 secs] 432828K->416444K(662688K), 0.0024982 secs] [Times: user=0.01 sys=0.00, real=0.00 secs] 
2020-10-29T13:17:41.547+0000: [GC (Allocation Failure) 2020-10-29T13:17:41.547+0000: [ParNew: 16388K->4K(18432K), 0.0024438 secs] 432828K->416444K(662688K), 0.0024964 secs] [Times: user=0.00 sys=0.00, real=0.00 secs] 
2020-10-29T13:17:41.565+0000: [GC (Allocation Failure) 2020-10-29T13:17:41.565+0000: [ParNew: 16388K->4K(18432K), 0.0024951 secs] 432828K->416444K(662688K), 0.0025502 secs] [Times: user=0.01 sys=0.00, real=0.00 secs] 
2020-10-29T13:17:41.584+0000: [GC (Allocation Failure) 2020-10-29T13:17:41.584+0000: [ParNew: 16388K->4K(18432K), 0.0024459 secs] 432828K->416444K(662688K), 0.0024976 secs] [Times: user=0.00 sys=0.00, real=0.00 secs] 
2020-10-29T13:17:41.607+0000: [GC (Allocation Failure) 2020-10-29T13:17:41.607+0000: [ParNew: 16388K->4K(18432K), 0.0025243 secs] 432828K->416444K(662688K), 0.0025805 secs] [Times: user=0.00 sys=0.00, real=0.00 secs] 
2020-10-29T13:17:41.626+0000: [GC (Allocation Failure) 2020-10-29T13:17:41.626+0000: [ParNew: 16388K->4K(18432K), 0.0025202 secs] 432828K->416444K(662688K), 0.0025742 secs] [Times: user=0.01 sys=0.00, real=0.00 secs] 
2020-10-29T13:17:41.646+0000: [GC (Allocation Failure) 2020-10-29T13:17:41.646+0000: [ParNew: 16388K->4K(18432K), 0.0024920 secs] 432828K->416444K(662688K), 0.0025475 secs] [Times: user=0.00 sys=0.00, real=0.00 secs] 
2020-10-29T13:17:41.664+0000: [GC (Allocation Failure) 2020-10-29T13:17:41.664+0000: [ParNew: 16388K->4K(18432K), 0.0024718 secs] 432828K->416444K(662688K), 0.0025249 secs] [Times: user=0.01 sys=0.00, real=0.00 secs] 
2020-10-29T13:17:41.682+0000: [GC (Allocation Failure) 2020-10-29T13:17:41.682+0000: [ParNew: 16388K->4K(18432K), 0.0024672 secs] 432828K->416444K(662688K), 0.0025173 secs] [Times: user=0.00 sys=0.00, real=0.01 secs] 
2020-10-29T13:17:41.700+0000: [GC (Allocation Failure) 2020-10-29T13:17:41.700+0000: [ParNew: 16388K->4K(18432K), 0.0024262 secs] 432828K->416444K(662688K), 0.0024775 secs] [Times: user=0.01 sys=0.00, real=0.00 secs] 
2020-10-29T13:17:41.720+0000: [GC (Allocation Failure) 2020-10-29T13:17:41.721+0000: [ParNew: 16388K->4K(18432K), 0.0024496 secs] 432828K->416444K(662688K), 0.0025016 secs] [Times: user=0.00 sys=0.00, real=0.00 secs] 
2020-10-29T13:17:41.740+0000: [GC (Allocation Failure) 2020-10-29T13:17:41.740+0000: [ParNew: 16388K->4K(18432K), 0.0023768 secs] 432828K->416444K(662688K), 0.0024243 secs] [Times: user=0.01 sys=0.00, real=0.00 secs] 
2020-10-29T13:17:41.759+0000: [GC (Allocation Failure) 2020-10-29T13:17:41.759+0000: [ParNew: 16388K->4K(18432K), 0.0025251 secs] 432828K->416444K(662688K), 0.0025785 secs] [Times: user=0.00 sys=0.00, real=0.00 secs] 
2020-10-29T13:17:41.780+0000: [GC (Allocation Failure) 2020-10-29T13:17:41.780+0000: [ParNew: 16388K->4K(18432K), 0.0024735 secs] 432828K->416444K(662688K), 0.0025251 secs] [Times: user=0.00 sys=0.00, real=0.00 secs] 
2020-10-29T13:17:41.798+0000: [GC (Allocation Failure) 2020-10-29T13:17:41.798+0000: [ParNew: 16388K->4K(18432K), 0.0024393 secs] 432828K->416444K(662688K), 0.0024914 secs] [Times: user=0.00 sys=0.00, real=0.00 secs] 
2020-10-29T13:17:41.816+0000: [GC (Allocation Failure) 2020-10-29T13:17:41.816+0000: [ParNew: 16388K->4K(18432K), 0.0023671 secs] 432828K->416444K(662688K), 0.0024146 secs] [Times: user=0.01 sys=0.00, real=0.00 secs] 
2020-10-29T13:17:41.836+0000: [GC (Allocation Failure) 2020-10-29T13:17:41.836+0000: [ParNew: 16388K->4K(18432K), 0.0024510 secs] 432828K->416444K(662688K), 0.0025038 secs] [Times: user=0.00 sys=0.00, real=0.00 secs] 
2020-10-29T13:17:41.857+0000: [GC (Allocation Failure) 2020-10-29T13:17:41.857+0000: [ParNew: 16388K->4K(18432K), 0.0024529 secs] 432828K->416444K(662688K), 0.0025171 secs] [Times: user=0.00 sys=0.00, real=0.00 secs] 
2020-10-29T13:17:41.875+0000: [GC (Allocation Failure) 2020-10-29T13:17:41.875+0000: [ParNew: 16388K->4K(18432K), 0.0024508 secs] 432828K->416444K(662688K), 0.0025015 secs] [Times: user=0.01 sys=0.00, real=0.00 secs] 
2020-10-29T13:17:41.893+0000: [GC (Allocation Failure) 2020-10-29T13:17:41.893+0000: [ParNew: 16388K->4K(18432K), 0.0024939 secs] 432828K->416444K(662688K), 0.0025470 secs] [Times: user=0.00 sys=0.00, real=0.00 secs] 
2020-10-29T13:17:41.912+0000: [GC (Allocation Failure) 2020-10-29T13:17:41.912+0000: [ParNew: 16388K->4K(18432K), 0.0024441 secs] 432828K->416444K(662688K), 0.0024958 secs] [Times: user=0.01 sys=0.00, real=0.00 secs] 
2020-10-29T13:17:41.930+0000: [GC (Allocation Failure) 2020-10-29T13:17:41.930+0000: [ParNew: 16388K->4K(18432K), 0.0024466 secs] 432828K->416444K(662688K), 0.0024987 secs] [Times: user=0.00 sys=0.00, real=0.01 secs] 
2020-10-29T13:17:41.948+0000: [GC (Allocation Failure) 2020-10-29T13:17:41.948+0000: [ParNew: 16388K->4K(18432K), 0.0028511 secs] 432828K->416444K(662688K), 0.0029038 secs] [Times: user=0.01 sys=0.00, real=0.00 secs] 
2020-10-29T13:17:41.967+0000: [GC (Allocation Failure) 2020-10-29T13:17:41.967+0000: [ParNew: 16388K->4K(18432K), 0.0024628 secs] 432828K->416444K(662688K), 0.0025145 secs] [Times: user=0.00 sys=0.00, real=0.00 secs] 
2020-10-29T13:17:41.992+0000: [GC (Allocation Failure) 2020-10-29T13:17:41.992+0000: [ParNew: 16388K->4K(18432K), 0.0024703 secs] 432828K->416444K(662688K), 0.0025244 secs] [Times: user=0.01 sys=0.00, real=0.00 secs] 
2020-10-29T13:17:42.010+0000: [GC (Allocation Failure) 2020-10-29T13:17:42.010+0000: [ParNew: 16388K->4K(18432K), 0.0025666 secs] 432828K->416444K(662688K), 0.0026200 secs] [Times: user=0.00 sys=0.00, real=0.01 secs] 
2020-10-29T13:17:42.028+0000: [GC (Allocation Failure) 2020-10-29T13:17:42.029+0000: [ParNew: 16388K->4K(18432K), 0.0024228 secs] 432828K->416444K(662688K), 0.0024754 secs] [Times: user=0.01 sys=0.00, real=0.00 secs] 
2020-10-29T13:17:42.046+0000: [GC (Allocation Failure) 2020-10-29T13:17:42.046+0000: [ParNew: 16388K->4K(18432K), 0.0026407 secs] 432828K->416444K(662688K), 0.0027126 secs] [Times: user=0.00 sys=0.00, real=0.00 secs] 
2020-10-29T13:17:42.068+0000: [GC (Allocation Failure) 2020-10-29T13:17:42.068+0000: [ParNew: 16388K->4K(18432K), 0.0024413 secs] 432828K->416444K(662688K), 0.0024923 secs] [Times: user=0.01 sys=0.00, real=0.00 secs] 
2020-10-29T13:17:42.086+0000: [GC (Allocation Failure) 2020-10-29T13:17:42.086+0000: [ParNew: 16388K->4K(18432K), 0.0024879 secs] 432828K->416444K(662688K), 0.0025410 secs] [Times: user=0.00 sys=0.00, real=0.00 secs] 
2020-10-29T13:17:42.104+0000: [GC (Allocation Failure) 2020-10-29T13:17:42.104+0000: [ParNew: 16388K->4K(18432K), 0.0024971 secs] 432828K->416444K(662688K), 0.0025489 secs] [Times: user=0.01 sys=0.00, real=0.00 secs] 
2020-10-29T13:17:42.122+0000: [GC (Allocation Failure) 2020-10-29T13:17:42.123+0000: [ParNew: 16388K->4K(18432K), 0.0024836 secs] 432828K->416444K(662688K), 0.0025353 secs] [Times: user=0.00 sys=0.00, real=0.01 secs] 
2020-10-29T13:17:42.141+0000: [GC (Allocation Failure) 2020-10-29T13:17:42.141+0000: [ParNew: 16388K->4K(18432K), 0.0024656 secs] 432828K->416444K(662688K), 0.0025173 secs] [Times: user=0.01 sys=0.00, real=0.00 secs] 
2020-10-29T13:17:42.159+0000: [GC (Allocation Failure) 2020-10-29T13:17:42.159+0000: [ParNew: 16388K->4K(18432K), 0.0025079 secs] 432828K->416444K(662688K), 0.0025604 secs] [Times: user=0.00 sys=0.00, real=0.00 secs] 
2020-10-29T13:17:42.180+0000: [GC (Allocation Failure) 2020-10-29T13:17:42.180+0000: [ParNew: 16388K->4K(18432K), 0.0024406 secs] 432828K->416444K(662688K), 0.0024921 secs] [Times: user=0.00 sys=0.00, real=0.00 secs] 
2020-10-29T13:17:42.199+0000: [GC (Allocation Failure) 2020-10-29T13:17:42.199+0000: [ParNew: 16388K->4K(18432K), 0.0025171 secs] 432828K->416444K(662688K), 0.0025703 secs] [Times: user=0.00 sys=0.00, real=0.00 secs] 
2020-10-29T13:17:42.217+0000: [GC (Allocation Failure) 2020-10-29T13:17:42.217+0000: [ParNew: 16388K->4K(18432K), 0.0024455 secs] 432828K->416444K(662688K), 0.0024980 secs] [Times: user=0.01 sys=0.00, real=0.00 secs] 
2020-10-29T13:17:42.236+0000: [GC (Allocation Failure) 2020-10-29T13:17:42.237+0000: [ParNew: 16388K->4K(18432K), 0.0024569 secs] 432828K->416444K(662688K), 0.0025093 secs] [Times: user=0.00 sys=0.00, real=0.00 secs] 
2020-10-29T13:17:42.256+0000: [GC (Allocation Failure) 2020-10-29T13:17:42.256+0000: [ParNew: 16388K->4K(18432K), 0.0024468 secs] 432828K->416444K(662688K), 0.0024979 secs] [Times: user=0.01 sys=0.00, real=0.00 secs] 
2020-10-29T13:17:42.275+0000: [GC (Allocation Failure) 2020-10-29T13:17:42.275+0000: [ParNew: 16388K->4K(18432K), 0.0024450 secs] 432828K->416444K(662688K), 0.0025047 secs] [Times: user=0.01 sys=0.00, real=0.00 secs] 
2020-10-29T13:17:42.292+0000: [GC (Allocation Failure) 2020-10-29T13:17:42.292+0000: [ParNew: 16388K->4K(18432K), 0.0024690 secs] 432828K->416444K(662688K), 0.0025206 secs] [Times: user=0.00 sys=0.00, real=0.01 secs] 
2020-10-29T13:17:42.310+0000: [GC (Allocation Failure) 2020-10-29T13:17:42.310+0000: [ParNew: 16388K->4K(18432K), 0.0024088 secs] 432828K->416444K(662688K), 0.0024594 secs] [Times: user=0.01 sys=0.00, real=0.01 secs] 
2020-10-29T13:17:42.328+0000: [GC (Allocation Failure) 2020-10-29T13:17:42.328+0000: [ParNew: 16388K->4K(18432K), 0.0024544 secs] 432828K->416444K(662688K), 0.0025052 secs] [Times: user=0.00 sys=0.00, real=0.00 secs] 
2020-10-29T13:17:42.346+0000: [GC (Allocation Failure) 2020-10-29T13:17:42.346+0000: [ParNew: 16388K->4K(18432K), 0.0024295 secs] 432828K->416444K(662688K), 0.0024829 secs] [Times: user=0.01 sys=0.00, real=0.00 secs] 
2020-10-29T13:17:42.364+0000: [GC (Allocation Failure) 2020-10-29T13:17:42.364+0000: [ParNew: 16388K->4K(18432K), 0.0024714 secs] 432828K->416444K(662688K), 0.0025223 secs] [Times: user=0.00 sys=0.00, real=0.01 secs] 
2020-10-29T13:17:42.382+0000: [GC (Allocation Failure) 2020-10-29T13:17:42.382+0000: [ParNew: 16388K->4K(18432K), 0.0024210 secs] 432828K->416444K(662688K), 0.0024723 secs] [Times: user=0.01 sys=0.00, real=0.00 secs] 
2020-10-29T13:17:42.404+0000: [GC (Allocation Failure) 2020-10-29T13:17:42.404+0000: [ParNew: 16388K->4K(18432K), 0.0024225 secs] 432828K->416444K(662688K), 0.0024750 secs] [Times: user=0.00 sys=0.00, real=0.00 secs] 
2020-10-29T13:17:42.422+0000: [GC (Allocation Failure) 2020-10-29T13:17:42.422+0000: [ParNew: 16388K->4K(18432K), 0.0024356 secs] 432828K->416444K(662688K), 0.0024867 secs] [Times: user=0.01 sys=0.00, real=0.01 secs] 
2020-10-29T13:17:42.444+0000: [GC (Allocation Failure) 2020-10-29T13:17:42.444+0000: [ParNew: 16388K->4K(18432K), 0.0024404 secs] 432828K->416444K(662688K), 0.0025060 secs] [Times: user=0.01 sys=0.00, real=0.01 secs] 
2020-10-29T13:17:42.464+0000: [GC (Allocation Failure) 2020-10-29T13:17:42.464+0000: [ParNew: 16388K->20K(18432K), 0.0024360 secs] 432828K->416460K(662688K), 0.0024846 secs] [Times: user=0.00 sys=0.00, real=0.00 secs] 
2020-10-29T13:17:42.484+0000: [GC (Allocation Failure) 2020-10-29T13:17:42.485+0000: [ParNew: 16404K->4K(18432K), 0.0024215 secs] 432844K->416444K(662688K), 0.0024711 secs] [Times: user=0.00 sys=0.01, real=0.00 secs] 
2020-10-29T13:17:42.504+0000: [GC (Allocation Failure) 2020-10-29T13:17:42.504+0000: [ParNew: 16388K->4K(18432K), 0.0023917 secs] 432828K->416444K(662688K), 0.0024415 secs] [Times: user=0.00 sys=0.00, real=0.00 secs] 
2020-10-29T13:17:42.531+0000: [GC (Allocation Failure) 2020-10-29T13:17:42.531+0000: [ParNew: 16388K->4K(18432K), 0.0024409 secs] 449212K->432828K(662688K), 0.0024922 secs] [Times: user=0.01 sys=0.00, real=0.01 secs] 
2020-10-29T13:17:42.551+0000: [GC (Allocation Failure) 2020-10-29T13:17:42.551+0000: [ParNew: 16388K->4K(18432K), 0.0024758 secs] 449212K->432828K(662688K), 0.0025258 secs] [Times: user=0.01 sys=0.00, real=0.01 secs] 
2020-10-29T13:17:42.580+0000: [GC (Allocation Failure) 2020-10-29T13:17:42.580+0000: [ParNew: 16388K->4K(18432K), 0.0023883 secs] 465596K->449212K(662688K), 0.0024390 secs] [Times: user=0.01 sys=0.00, real=0.00 secs] 
2020-10-29T13:17:42.600+0000: [GC (Allocation Failure) 2020-10-29T13:17:42.600+0000: [ParNew: 16388K->4K(18432K), 0.0023828 secs] 465596K->449212K(662688K), 0.0024356 secs] [Times: user=0.00 sys=0.00, real=0.00 secs] 
2020-10-29T13:17:42.618+0000: [GC (Allocation Failure) 2020-10-29T13:17:42.618+0000: [ParNew: 16388K->4K(18432K), 0.0023115 secs] 465596K->449212K(662688K), 0.0023592 secs] [Times: user=0.01 sys=0.00, real=0.00 secs] 
2020-10-29T13:17:42.636+0000: [GC (Allocation Failure) 2020-10-29T13:17:42.636+0000: [ParNew: 16388K->4K(18432K), 0.0024368 secs] 465596K->449212K(662688K), 0.0024892 secs] [Times: user=0.00 sys=0.00, real=0.00 secs] 
2020-10-29T13:17:42.654+0000: [GC (Allocation Failure) 2020-10-29T13:17:42.654+0000: [ParNew: 16388K->4K(18432K), 0.0035422 secs] 465596K->449212K(662688K), 0.0035952 secs] [Times: user=0.01 sys=0.00, real=0.00 secs] 
2020-10-29T13:17:42.676+0000: [GC (Allocation Failure) 2020-10-29T13:17:42.676+0000: [ParNew: 16388K->4K(18432K), 0.0023970 secs] 465596K->449212K(662688K), 0.0024489 secs] [Times: user=0.01 sys=0.00, real=0.00 secs] 
2020-10-29T13:17:42.696+0000: [GC (Allocation Failure) 2020-10-29T13:17:42.696+0000: [ParNew: 16388K->4K(18432K), 0.0023966 secs] 465596K->449212K(662688K), 0.0024470 secs] [Times: user=0.01 sys=0.00, real=0.00 secs] 
2020-10-29T13:17:42.715+0000: [GC (Allocation Failure) 2020-10-29T13:17:42.715+0000: [ParNew: 16388K->4K(18432K), 0.0024018 secs] 465596K->449212K(662688K), 0.0024497 secs] [Times: user=0.00 sys=0.00, real=0.00 secs] 
2020-10-29T13:17:42.732+0000: [GC (Allocation Failure) 2020-10-29T13:17:42.732+0000: [ParNew: 16388K->4K(18432K), 0.0024152 secs] 465596K->449212K(662688K), 0.0024686 secs] [Times: user=0.01 sys=0.00, real=0.00 secs] 
2020-10-29T13:17:42.750+0000: [GC (Allocation Failure) 2020-10-29T13:17:42.750+0000: [ParNew: 16388K->4K(18432K), 0.0024289 secs] 465596K->449212K(662688K), 0.0024802 secs] [Times: user=0.01 sys=0.00, real=0.01 secs] 
2020-10-29T13:17:42.771+0000: [GC (Allocation Failure) 2020-10-29T13:17:42.771+0000: [ParNew: 16388K->4K(18432K), 0.0023331 secs] 465596K->449212K(662688K), 0.0023795 secs] [Times: user=0.01 sys=0.00, real=0.01 secs] 
2020-10-29T13:17:42.789+0000: [GC (Allocation Failure) 2020-10-29T13:17:42.789+0000: [ParNew: 16388K->4K(18432K), 0.0023040 secs] 465596K->449213K(662688K), 0.0023494 secs] [Times: user=0.01 sys=0.00, real=0.00 secs] 
2020-10-29T13:17:42.808+0000: [GC (Allocation Failure) 2020-10-29T13:17:42.808+0000: [ParNew: 16388K->4K(18432K), 0.0023378 secs] 465597K->449213K(662688K), 0.0023856 secs] [Times: user=0.00 sys=0.00, real=0.00 secs] 
2020-10-29T13:17:42.828+0000: [GC (Allocation Failure) 2020-10-29T13:17:42.829+0000: [ParNew: 16388K->4K(18432K), 0.0023798 secs] 465597K->449213K(662688K), 0.0024309 secs] [Times: user=0.01 sys=0.00, real=0.00 secs] 
2020-10-29T13:17:42.846+0000: [GC (Allocation Failure) 2020-10-29T13:17:42.846+0000: [ParNew: 16388K->4K(18432K), 0.0024392 secs] 465597K->449213K(662688K), 0.0024906 secs] [Times: user=0.00 sys=0.00, real=0.00 secs] 
2020-10-29T13:17:42.868+0000: [GC (Allocation Failure) 2020-10-29T13:17:42.868+0000: [ParNew: 16388K->4K(18432K), 0.0024107 secs] 465597K->449213K(662688K), 0.0024618 secs] [Times: user=0.00 sys=0.00, real=0.00 secs] 
2020-10-29T13:17:42.886+0000: [GC (Allocation Failure) 2020-10-29T13:17:42.886+0000: [ParNew: 16388K->4K(18432K), 0.0024428 secs] 465597K->449213K(662688K), 0.0024944 secs] [Times: user=0.01 sys=0.00, real=0.00 secs] 
2020-10-29T13:17:42.904+0000: [GC (Allocation Failure) 2020-10-29T13:17:42.904+0000: [ParNew: 16388K->4K(18432K), 0.0024742 secs] 465597K->449213K(662688K), 0.0025268 secs] [Times: user=0.00 sys=0.00, real=0.01 secs] 
2020-10-29T13:17:42.922+0000: [GC (Allocation Failure) 2020-10-29T13:17:42.922+0000: [ParNew: 16388K->4K(18432K), 0.0024217 secs] 465597K->449213K(662688K), 0.0024734 secs] [Times: user=0.00 sys=0.00, real=0.01 secs] 
2020-10-29T13:17:42.940+0000: [GC (Allocation Failure) 2020-10-29T13:17:42.940+0000: [ParNew: 16388K->4K(18432K), 0.0023643 secs] 465597K->449213K(662688K), 0.0024240 secs] [Times: user=0.01 sys=0.00, real=0.00 secs] 
2020-10-29T13:17:42.959+0000: [GC (Allocation Failure) 2020-10-29T13:17:42.959+0000: [ParNew: 16388K->4K(18432K), 0.0023941 secs] 465597K->449213K(662688K), 0.0024443 secs] [Times: user=0.00 sys=0.00, real=0.00 secs] 
2020-10-29T13:17:42.980+0000: [GC (Allocation Failure) 2020-10-29T13:17:42.980+0000: [ParNew: 16388K->4K(18432K), 0.0023818 secs] 465597K->449213K(662688K), 0.0024328 secs] [Times: user=0.00 sys=0.00, real=0.00 secs] 
2020-10-29T13:17:43.000+0000: [GC (Allocation Failure) 2020-10-29T13:17:43.000+0000: [ParNew: 16388K->4K(18432K), 0.0023412 secs] 465597K->449213K(662688K), 0.0023887 secs] [Times: user=0.01 sys=0.00, real=0.00 secs] 
2020-10-29T13:17:43.018+0000: [GC (Allocation Failure) 2020-10-29T13:17:43.018+0000: [ParNew: 16388K->4K(18432K), 0.0023434 secs] 465597K->449213K(662688K), 0.0023896 secs] [Times: user=0.00 sys=0.00, real=0.00 secs] 
2020-10-29T13:17:43.036+0000: [GC (Allocation Failure) 2020-10-29T13:17:43.036+0000: [ParNew: 16388K->4K(18432K), 0.0022742 secs] 465597K->449213K(662688K), 0.0023204 secs] [Times: user=0.00 sys=0.00, real=0.00 secs] 
2020-10-29T13:17:43.054+0000: [GC (Allocation Failure) 2020-10-29T13:17:43.054+0000: [ParNew: 16388K->4K(18432K), 0.0023372 secs] 465597K->449213K(662688K), 0.0023943 secs] [Times: user=0.01 sys=0.00, real=0.00 secs] 
2020-10-29T13:17:43.072+0000: [GC (Allocation Failure) 2020-10-29T13:17:43.072+0000: [ParNew: 16388K->4K(18432K), 0.0023909 secs] 465597K->449213K(662688K), 0.0024417 secs] [Times: user=0.00 sys=0.00, real=0.01 secs] 
2020-10-29T13:17:43.090+0000: [GC (Allocation Failure) 2020-10-29T13:17:43.090+0000: [ParNew: 16388K->4K(18432K), 0.0023710 secs] 465597K->449213K(662688K), 0.0024210 secs] [Times: user=0.01 sys=0.00, real=0.00 secs] 
2020-10-29T13:17:43.108+0000: [GC (Allocation Failure) 2020-10-29T13:17:43.108+0000: [ParNew: 16388K->4K(18432K), 0.0024336 secs] 465597K->449213K(662688K), 0.0024846 secs] [Times: user=0.01 sys=0.00, real=0.00 secs] 
2020-10-29T13:17:43.127+0000: [GC (Allocation Failure) 2020-10-29T13:17:43.127+0000: [ParNew: 16388K->4K(18432K), 0.0024449 secs] 465597K->449213K(662688K), 0.0024987 secs] [Times: user=0.00 sys=0.00, real=0.00 secs] 
2020-10-29T13:17:43.145+0000: [GC (Allocation Failure) 2020-10-29T13:17:43.145+0000: [ParNew: 16388K->4K(18432K), 0.0024026 secs] 465597K->449213K(662688K), 0.0024614 secs] [Times: user=0.01 sys=0.00, real=0.00 secs] 
2020-10-29T13:17:43.164+0000: [GC (Allocation Failure) 2020-10-29T13:17:43.164+0000: [ParNew: 16388K->4K(18432K), 0.0024209 secs] 465597K->449213K(662688K), 0.0024746 secs] [Times: user=0.01 sys=0.00, real=0.01 secs] 
2020-10-29T13:17:43.182+0000: [GC (Allocation Failure) 2020-10-29T13:17:43.182+0000: [ParNew: 16388K->4K(18432K), 0.0024197 secs] 465597K->449213K(662688K), 0.0024752 secs] [Times: user=0.00 sys=0.00, real=0.01 secs] 
2020-10-29T13:17:43.200+0000: [GC (Allocation Failure) 2020-10-29T13:17:43.201+0000: [ParNew: 16388K->4K(18432K), 0.0023604 secs] 465597K->449213K(662688K), 0.0024112 secs] [Times: user=0.01 sys=0.00, real=0.00 secs] 
2020-10-29T13:17:43.218+0000: [GC (Allocation Failure) 2020-10-29T13:17:43.218+0000: [ParNew: 16388K->4K(18432K), 0.0024620 secs] 465597K->449213K(662688K), 0.0025117 secs] [Times: user=0.00 sys=0.00, real=0.00 secs] 
2020-10-29T13:17:43.236+0000: [GC (Allocation Failure) 2020-10-29T13:17:43.236+0000: [ParNew: 16388K->4K(18432K), 0.0024107 secs] 465597K->449213K(662688K), 0.0024641 secs] [Times: user=0.01 sys=0.00, real=0.00 secs] 
2020-10-29T13:17:43.256+0000: [GC (Allocation Failure) 2020-10-29T13:17:43.256+0000: [ParNew: 16388K->4K(18432K), 0.0024504 secs] 465597K->449213K(662688K), 0.0025025 secs] [Times: user=0.00 sys=0.00, real=0.00 secs] 
2020-10-29T13:17:43.274+0000: [GC (Allocation Failure) 2020-10-29T13:17:43.275+0000: [ParNew: 16388K->4K(18432K), 0.0024286 secs] 465597K->449213K(662688K), 0.0024826 secs] [Times: user=0.00 sys=0.00, real=0.00 secs] 
2020-10-29T13:17:43.296+0000: [GC (Allocation Failure) 2020-10-29T13:17:43.296+0000: [ParNew: 16388K->4K(18432K), 0.0022474 secs] 465597K->449213K(662688K), 0.0022921 secs] [Times: user=0.00 sys=0.00, real=0.00 secs] 
2020-10-29T13:17:43.314+0000: [GC (Allocation Failure) 2020-10-29T13:17:43.314+0000: [ParNew: 16388K->4K(18432K), 0.0022999 secs] 465597K->449213K(662688K), 0.0023398 secs] [Times: user=0.01 sys=0.00, real=0.00 secs] 
2020-10-29T13:17:43.332+0000: [GC (Allocation Failure) 2020-10-29T13:17:43.332+0000: [ParNew: 16388K->4K(18432K), 0.0023125 secs] 465597K->449213K(662688K), 0.0023605 secs] [Times: user=0.00 sys=0.00, real=0.01 secs] 
2020-10-29T13:17:43.352+0000: [GC (Allocation Failure) 2020-10-29T13:17:43.352+0000: [ParNew: 16388K->4K(18432K), 0.0023256 secs] 465597K->449213K(662688K), 0.0023742 secs] [Times: user=0.01 sys=0.00, real=0.00 secs] 
2020-10-29T13:17:43.372+0000: [GC (Allocation Failure) 2020-10-29T13:17:43.372+0000: [ParNew: 16388K->4K(18432K), 0.0023496 secs] 465597K->449213K(662688K), 0.0023985 secs] [Times: user=0.00 sys=0.00, real=0.00 secs] 
2020-10-29T13:17:43.400+0000: [GC (Allocation Failure) 2020-10-29T13:17:43.400+0000: [ParNew: 16388K->4K(18432K), 0.0023995 secs] 465597K->449213K(662688K), 0.0024671 secs] [Times: user=0.00 sys=0.00, real=0.00 secs] 
2020-10-29T13:17:43.423+0000: [GC (Allocation Failure) 2020-10-29T13:17:43.423+0000: [ParNew: 16388K->4K(18432K), 0.0023802 secs] 465597K->449213K(662688K), 0.0024437 secs] [Times: user=0.01 sys=0.00, real=0.01 secs] 
2020-10-29T13:17:43.440+0000: [GC (Allocation Failure) 2020-10-29T13:17:43.440+0000: [ParNew: 16388K->4K(18432K), 0.0023818 secs] 465597K->449213K(662688K), 0.0024329 secs] [Times: user=0.01 sys=0.00, real=0.00 secs] 
2020-10-29T13:17:43.460+0000: [GC (Allocation Failure) 2020-10-29T13:17:43.460+0000: [ParNew: 16388K->2K(18432K), 0.0048136 secs] 465597K->449211K(662688K), 0.0048619 secs] [Times: user=0.01 sys=0.00, real=0.01 secs] 
2020-10-29T13:17:43.484+0000: [GC (Allocation Failure) 2020-10-29T13:17:43.485+0000: [ParNew: 16386K->4K(18432K), 0.0024134 secs] 465595K->449213K(662688K), 0.0024658 secs] [Times: user=0.01 sys=0.00, real=0.00 secs] 
2020-10-29T13:17:43.502+0000: [GC (Allocation Failure) 2020-10-29T13:17:43.503+0000: [ParNew: 16388K->4K(18432K), 0.0024441 secs] 465597K->449213K(662688K), 0.0024951 secs] [Times: user=0.01 sys=0.00, real=0.01 secs] 
2020-10-29T13:17:43.520+0000: [GC (Allocation Failure) 2020-10-29T13:17:43.520+0000: [ParNew: 16388K->4K(18432K), 0.0023353 secs] 465597K->449213K(662688K), 0.0023811 secs] [Times: user=0.00 sys=0.00, real=0.00 secs] 
2020-10-29T13:17:43.538+0000: [GC (Allocation Failure) 2020-10-29T13:17:43.538+0000: [ParNew: 16388K->4K(18432K), 0.0023334 secs] 465597K->449213K(662688K), 0.0023809 secs] [Times: user=0.00 sys=0.00, real=0.00 secs] 
2020-10-29T13:17:43.556+0000: [GC (Allocation Failure) 2020-10-29T13:17:43.556+0000: [ParNew: 16388K->4K(18432K), 0.0023755 secs] 465597K->449213K(662688K), 0.0024250 secs] [Times: user=0.00 sys=0.00, real=0.00 secs] 
2020-10-29T13:17:43.580+0000: [GC (Allocation Failure) 2020-10-29T13:17:43.581+0000: [ParNew: 16388K->4K(18432K), 0.0023734 secs] 465597K->449213K(662688K), 0.0024264 secs] [Times: user=0.01 sys=0.00, real=0.00 secs] 
2020-10-29T13:17:43.605+0000: [GC (Allocation Failure) 2020-10-29T13:17:43.605+0000: [ParNew: 16388K->4K(18432K), 0.0059453 secs] 465597K->449213K(662688K), 0.0060157 secs] [Times: user=0.01 sys=0.00, real=0.00 secs] 
2020-10-29T13:17:43.629+0000: [GC (Allocation Failure) 2020-10-29T13:17:43.629+0000: [ParNew: 16388K->4K(18432K), 0.0024325 secs] 465597K->449213K(662688K), 0.0024851 secs] [Times: user=0.01 sys=0.00, real=0.00 secs] 
2020-10-29T13:17:43.650+0000: [GC (Allocation Failure) 2020-10-29T13:17:43.650+0000: [ParNew: 16388K->4K(18432K), 0.0023841 secs] 465597K->449213K(662688K), 0.0024350 secs] [Times: user=0.00 sys=0.00, real=0.01 secs] 
2020-10-29T13:17:43.680+0000: [GC (Allocation Failure) 2020-10-29T13:17:43.681+0000: [ParNew: 16388K->4K(18432K), 0.0023987 secs] 465597K->449213K(662688K), 0.0024701 secs] [Times: user=0.00 sys=0.00, real=0.00 secs] 
2020-10-29T13:17:43.704+0000: [GC (Allocation Failure) 2020-10-29T13:17:43.704+0000: [ParNew: 16388K->4K(18432K), 0.0023946 secs] 465597K->449213K(662688K), 0.0024538 secs] [Times: user=0.01 sys=0.00, real=0.00 secs] 
2020-10-29T13:17:43.724+0000: [GC (Allocation Failure) 2020-10-29T13:17:43.724+0000: [ParNew: 16388K->4K(18432K), 0.0023918 secs] 465597K->449213K(662688K), 0.0024437 secs] [Times: user=0.01 sys=0.00, real=0.00 secs] 
2020-10-29T13:17:43.744+0000: [GC (Allocation Failure) 2020-10-29T13:17:43.744+0000: [ParNew: 16388K->4K(18432K), 0.0024176 secs] 465597K->449213K(662688K), 0.0024685 secs] [Times: user=0.01 sys=0.00, real=0.00 secs] 
2020-10-29T13:17:43.763+0000: [GC (Allocation Failure) 2020-10-29T13:17:43.763+0000: [ParNew: 16388K->4K(18432K), 0.0024595 secs] 465597K->449213K(662688K), 0.0025069 secs] [Times: user=0.00 sys=0.00, real=0.01 secs] 
2020-10-29T13:17:43.781+0000: [GC (Allocation Failure) 2020-10-29T13:17:43.781+0000: [ParNew: 16388K->4K(18432K), 0.0024095 secs] 465597K->449213K(662688K), 0.0024621 secs] [Times: user=0.01 sys=0.00, real=0.00 secs] 
2020-10-29T13:17:43.799+0000: [GC (Allocation Failure) 2020-10-29T13:17:43.799+0000: [ParNew: 16388K->4K(18432K), 0.0024173 secs] 465597K->449213K(662688K), 0.0024693 secs] [Times: user=0.00 sys=0.00, real=0.00 secs] 
2020-10-29T13:17:43.816+0000: [GC (Allocation Failure) 2020-10-29T13:17:43.816+0000: [ParNew: 16388K->4K(18432K), 0.0023930 secs] 465597K->449213K(662688K), 0.0024432 secs] [Times: user=0.01 sys=0.00, real=0.00 secs] 
2020-10-29T13:17:43.834+0000: [GC (Allocation Failure) 2020-10-29T13:17:43.834+0000: [ParNew: 16388K->4K(18432K), 0.0024263 secs] 465597K->449213K(662688K), 0.0024786 secs] [Times: user=0.01 sys=0.00, real=0.00 secs] 
2020-10-29T13:17:43.852+0000: [GC (Allocation Failure) 2020-10-29T13:17:43.852+0000: [ParNew: 16388K->4K(18432K), 0.0024084 secs] 465597K->449213K(662688K), 0.0024602 secs] [Times: user=0.00 sys=0.00, real=0.01 secs] 
2020-10-29T13:17:43.872+0000: [GC (Allocation Failure) 2020-10-29T13:17:43.872+0000: [ParNew: 16388K->4K(18432K), 0.0023903 secs] 465597K->449213K(662688K), 0.0024413 secs] [Times: user=0.00 sys=0.00, real=0.00 secs] 
2020-10-29T13:17:43.895+0000: [GC (Allocation Failure) 2020-10-29T13:17:43.895+0000: [ParNew: 16388K->4K(18432K), 0.0024012 secs] 465597K->449213K(662688K), 0.0024526 secs] [Times: user=0.00 sys=0.00, real=0.00 secs] 
2020-10-29T13:17:43.916+0000: [GC (Allocation Failure) 2020-10-29T13:17:43.916+0000: [ParNew: 16388K->4K(18432K), 0.0023942 secs] 465597K->449213K(662688K), 0.0024463 secs] [Times: user=0.00 sys=0.00, real=0.00 secs] 
2020-10-29T13:17:43.945+0000: [GC (Allocation Failure) 2020-10-29T13:17:43.945+0000: [ParNew: 16388K->15K(18432K), 0.0024563 secs] 465597K->449224K(662688K), 0.0025097 secs] [Times: user=0.00 sys=0.00, real=0.00 secs] 
2020-10-29T13:17:43.965+0000: [GC (Allocation Failure) 2020-10-29T13:17:43.965+0000: [ParNew: 16399K->8K(18432K), 0.0024306 secs] 465608K->449217K(662688K), 0.0024837 secs] [Times: user=0.01 sys=0.00, real=0.00 secs] 
2020-10-29T13:17:43.983+0000: [GC (Allocation Failure) 2020-10-29T13:17:43.983+0000: [ParNew: 16392K->7K(18432K), 0.0024028 secs] 465601K->449216K(662688K), 0.0024550 secs] [Times: user=0.00 sys=0.00, real=0.01 secs] 
2020-10-29T13:17:44.000+0000: [GC (Allocation Failure) 2020-10-29T13:17:44.000+0000: [ParNew: 16391K->7K(18432K), 0.0023072 secs] 465600K->449216K(662688K), 0.0023552 secs] [Times: user=0.00 sys=0.00, real=0.00 secs] 
2020-10-29T13:17:44.018+0000: [GC (Allocation Failure) 2020-10-29T13:17:44.018+0000: [ParNew: 16391K->7K(18432K), 0.0024607 secs] 465600K->449216K(662688K), 0.0025130 secs] [Times: user=0.01 sys=0.00, real=0.00 secs] 
2020-10-29T13:17:44.036+0000: [GC (Allocation Failure) 2020-10-29T13:17:44.037+0000: [ParNew: 16391K->7K(18432K), 0.0024097 secs] 465600K->449216K(662688K), 0.0024587 secs] [Times: user=0.00 sys=0.00, real=0.00 secs] 
2020-10-29T13:17:44.056+0000: [GC (Allocation Failure) 2020-10-29T13:17:44.056+0000: [ParNew: 16391K->4K(18432K), 0.0024414 secs] 465600K->449217K(662688K), 0.0024899 secs] [Times: user=0.01 sys=0.00, real=0.00 secs] 
2020-10-29T13:17:44.076+0000: [GC (Allocation Failure) 2020-10-29T13:17:44.077+0000: [ParNew: 16388K->4K(18432K), 0.0023976 secs] 465601K->449216K(662688K), 0.0024481 secs] [Times: user=0.00 sys=0.00, real=0.00 secs] 
2020-10-29T13:17:44.096+0000: [GC (Allocation Failure) 2020-10-29T13:17:44.096+0000: [ParNew: 16388K->4K(18432K), 0.0023319 secs] 465600K->449216K(662688K), 0.0023787 secs] [Times: user=0.01 sys=0.00, real=0.00 secs] 
2020-10-29T13:17:44.120+0000: [GC (Allocation Failure) 2020-10-29T13:17:44.120+0000: [ParNew: 16388K->4K(18432K), 0.0024210 secs] 465600K->449216K(662688K), 0.0024931 secs] [Times: user=0.00 sys=0.00, real=0.00 secs] 
2020-10-29T13:17:44.150+0000: [GC (Allocation Failure) 2020-10-29T13:17:44.150+0000: [ParNew: 16388K->4K(18432K), 0.0024100 secs] 465600K->449216K(662688K), 0.0024630 secs] [Times: user=0.00 sys=0.00, real=0.01 secs] 
2020-10-29T13:17:44.172+0000: [GC (Allocation Failure) 2020-10-29T13:17:44.172+0000: [ParNew: 16388K->4K(18432K), 0.0023970 secs] 465600K->449216K(662688K), 0.0024503 secs] [Times: user=0.01 sys=0.00, real=0.00 secs] 
2020-10-29T13:17:44.194+0000: [GC (Allocation Failure) 2020-10-29T13:17:44.194+0000: [ParNew: 16388K->4K(18432K), 0.0025439 secs] 465600K->449216K(662688K), 0.0026010 secs] [Times: user=0.00 sys=0.00, real=0.00 secs] 
2020-10-29T13:17:44.212+0000: [GC (Allocation Failure) 2020-10-29T13:17:44.212+0000: [ParNew: 16388K->4K(18432K), 0.0024487 secs] 465600K->449216K(662688K), 0.0025168 secs] [Times: user=0.01 sys=0.00, real=0.01 secs] 
2020-10-29T13:17:44.230+0000: [GC (Allocation Failure) 2020-10-29T13:17:44.230+0000: [ParNew: 16388K->4K(18432K), 0.0024155 secs] 465600K->449216K(662688K), 0.0024676 secs] [Times: user=0.00 sys=0.00, real=0.01 secs] 
2020-10-29T13:17:44.252+0000: [GC (Allocation Failure) 2020-10-29T13:17:44.252+0000: [ParNew: 16388K->4K(18432K), 0.0024092 secs] 465600K->449216K(662688K), 0.0024602 secs] [Times: user=0.00 sys=0.00, real=0.01 secs] 
2020-10-29T13:17:44.272+0000: [GC (Allocation Failure) 2020-10-29T13:17:44.272+0000: [ParNew: 16388K->4K(18432K), 0.0023682 secs] 465600K->449216K(662688K), 0.0024177 secs] [Times: user=0.01 sys=0.00, real=0.01 secs] 
2020-10-29T13:17:44.292+0000: [GC (Allocation Failure) 2020-10-29T13:17:44.293+0000: [ParNew: 16388K->4K(18432K), 0.0024135 secs] 465600K->449216K(662688K), 0.0024666 secs] [Times: user=0.01 sys=0.00, real=0.00 secs] 
2020-10-29T13:17:44.312+0000: [GC (Allocation Failure) 2020-10-29T13:17:44.312+0000: [ParNew: 16388K->4K(18432K), 0.0023741 secs] 465600K->449216K(662688K), 0.0024236 secs] [Times: user=0.00 sys=0.00, real=0.01 secs] 
2020-10-29T13:17:44.330+0000: [GC (Allocation Failure) 2020-10-29T13:17:44.330+0000: [ParNew: 16388K->4K(18432K), 0.0023608 secs] 465600K->449216K(662688K), 0.0024107 secs] [Times: user=0.00 sys=0.00, real=0.00 secs] 
2020-10-29T13:17:44.347+0000: [GC (Allocation Failure) 2020-10-29T13:17:44.347+0000: [ParNew: 16388K->4K(18432K), 0.0023380 secs] 465600K->449216K(662688K), 0.0023873 secs] [Times: user=0.00 sys=0.00, real=0.00 secs] 
2020-10-29T13:17:44.368+0000: [GC (Allocation Failure) 2020-10-29T13:17:44.368+0000: [ParNew: 16388K->4K(18432K), 0.0023663 secs] 465600K->449216K(662688K), 0.0024161 secs] [Times: user=0.01 sys=0.00, real=0.00 secs] 
2020-10-29T13:17:44.388+0000: [GC (Allocation Failure) 2020-10-29T13:17:44.388+0000: [ParNew: 16388K->4K(18432K), 0.0023301 secs] 465600K->449216K(662688K), 0.0023746 secs] [Times: user=0.00 sys=0.00, real=0.00 secs] 
2020-10-29T13:17:44.408+0000: [GC (Allocation Failure) 2020-10-29T13:17:44.408+0000: [ParNew: 16388K->4K(18432K), 0.0023273 secs] 465600K->449216K(662688K), 0.0023746 secs] [Times: user=0.01 sys=0.00, real=0.00 secs] 
2020-10-29T13:17:44.428+0000: [GC (Allocation Failure) 2020-10-29T13:17:44.428+0000: [ParNew: 16388K->4K(18432K), 0.0022658 secs] 465600K->449216K(662688K), 0.0023094 secs] [Times: user=0.00 sys=0.00, real=0.00 secs] 
2020-10-29T13:17:44.447+0000: [GC (Allocation Failure) 2020-10-29T13:17:44.447+0000: [ParNew: 16388K->4K(18432K), 0.0023620 secs] 465600K->449216K(662688K), 0.0024180 secs] [Times: user=0.01 sys=0.00, real=0.00 secs] 
2020-10-29T13:17:44.468+0000: [GC (Allocation Failure) 2020-10-29T13:17:44.468+0000: [ParNew: 16388K->4K(18432K), 0.0023306 secs] 465600K->449216K(662688K), 0.0023777 secs] [Times: user=0.00 sys=0.00, real=0.00 secs] 
2020-10-29T13:17:44.486+0000: [GC (Allocation Failure) 2020-10-29T13:17:44.486+0000: [ParNew: 16388K->4K(18432K), 0.0022685 secs] 465600K->449216K(662688K), 0.0023141 secs] [Times: user=0.00 sys=0.00, real=0.00 secs] 
2020-10-29T13:17:44.504+0000: [GC (Allocation Failure) 2020-10-29T13:17:44.504+0000: [ParNew: 16388K->4K(18432K), 0.0022562 secs] 465600K->449216K(662688K), 0.0023020 secs] [Times: user=0.01 sys=0.00, real=0.00 secs] 
2020-10-29T13:17:44.522+0000: [GC (Allocation Failure) 2020-10-29T13:17:44.522+0000: [ParNew: 16388K->4K(18432K), 0.0023239 secs] 465600K->449216K(662688K), 0.0023707 secs] [Times: user=0.01 sys=0.00, real=0.01 secs] 
2020-10-29T13:17:44.540+0000: [GC (Allocation Failure) 2020-10-29T13:17:44.540+0000: [ParNew: 16388K->4K(18432K), 0.0023003 secs] 465600K->449216K(662688K), 0.0023467 secs] [Times: user=0.00 sys=0.00, real=0.00 secs] 
2020-10-29T13:17:44.560+0000: [GC (Allocation Failure) 2020-10-29T13:17:44.560+0000: [ParNew: 16388K->4K(18432K), 0.0022832 secs] 465600K->449216K(662688K), 0.0023299 secs] [Times: user=0.00 sys=0.00, real=0.00 secs] 
2020-10-29T13:17:44.580+0000: [GC (Allocation Failure) 2020-10-29T13:17:44.581+0000: [ParNew: 16380K->4K(18432K), 0.0023297 secs] 465592K->449216K(662688K), 0.0023767 secs] [Times: user=0.01 sys=0.00, real=0.00 secs] 
2020-10-29T13:17:44.599+0000: [GC (Allocation Failure) 2020-10-29T13:17:44.599+0000: [ParNew: 16388K->4K(18432K), 0.0024177 secs] 465600K->449216K(662688K), 0.0024744 secs] [Times: user=0.00 sys=0.00, real=0.00 secs] 
2020-10-29T13:17:44.616+0000: [GC (Allocation Failure) 2020-10-29T13:17:44.616+0000: [ParNew: 16388K->4K(18432K), 0.0023137 secs] 465600K->449216K(662688K), 0.0023603 secs] [Times: user=0.01 sys=0.00, real=0.00 secs] 
2020-10-29T13:17:44.634+0000: [GC (Allocation Failure) 2020-10-29T13:17:44.634+0000: [ParNew: 16388K->4K(18432K), 0.0023730 secs] 465600K->449216K(662688K), 0.0024246 secs] [Times: user=0.01 sys=0.00, real=0.00 secs] 
2020-10-29T13:17:44.654+0000: [GC (Allocation Failure) 2020-10-29T13:17:44.654+0000: [ParNew: 16388K->4K(18432K), 0.0024269 secs] 465600K->449216K(662688K), 0.0024791 secs] [Times: user=0.01 sys=0.00, real=0.00 secs] 
2020-10-29T13:17:44.672+0000: [GC (Allocation Failure) 2020-10-29T13:17:44.672+0000: [ParNew: 16388K->4K(18432K), 0.0023731 secs] 465600K->449216K(662688K), 0.0024236 secs] [Times: user=0.00 sys=0.00, real=0.01 secs] 
2020-10-29T13:17:44.692+0000: [GC (Allocation Failure) 2020-10-29T13:17:44.692+0000: [ParNew: 16388K->4K(18432K), 0.0022614 secs] 465600K->449216K(662688K), 0.0023058 secs] [Times: user=0.01 sys=0.00, real=0.00 secs] 
2020-10-29T13:17:44.712+0000: [GC (Allocation Failure) 2020-10-29T13:17:44.712+0000: [ParNew: 16388K->4K(18432K), 0.0023035 secs] 465600K->449216K(662688K), 0.0023522 secs] [Times: user=0.00 sys=0.00, real=0.00 secs] 
2020-10-29T13:17:44.732+0000: [GC (Allocation Failure) 2020-10-29T13:17:44.732+0000: [ParNew: 16388K->4K(18432K), 0.0022907 secs] 465600K->449216K(662688K), 0.0023374 secs] [Times: user=0.00 sys=0.00, real=0.00 secs] 
2020-10-29T13:17:44.752+0000: [GC (Allocation Failure) 2020-10-29T13:17:44.752+0000: [ParNew: 16388K->4K(18432K), 0.0023266 secs] 465600K->449216K(662688K), 0.0023717 secs] [Times: user=0.01 sys=0.00, real=0.00 secs] 
2020-10-29T13:17:44.771+0000: [GC (Allocation Failure) 2020-10-29T13:17:44.771+0000: [ParNew: 16388K->4K(18432K), 0.0023640 secs] 465600K->449216K(662688K), 0.0024107 secs] [Times: user=0.01 sys=0.00, real=0.01 secs] 
2020-10-29T13:17:44.789+0000: [GC (Allocation Failure) 2020-10-29T13:17:44.789+0000: [ParNew: 16388K->4K(18432K), 0.0022403 secs] 465600K->449216K(662688K), 0.0022857 secs] [Times: user=0.00 sys=0.00, real=0.00 secs] 
2020-10-29T13:17:44.808+0000: [GC (Allocation Failure) 2020-10-29T13:17:44.808+0000: [ParNew: 16388K->4K(18432K), 0.0022464 secs] 465600K->449216K(662688K), 0.0022902 secs] [Times: user=0.01 sys=0.00, real=0.00 secs] 
2020-10-29T13:17:44.826+0000: [GC (Allocation Failure) 2020-10-29T13:17:44.826+0000: [ParNew: 16388K->4K(18432K), 0.0024130 secs] 465600K->449216K(662688K), 0.0024612 secs] [Times: user=0.00 sys=0.00, real=0.00 secs] 
2020-10-29T13:17:44.844+0000: [GC (Allocation Failure) 2020-10-29T13:17:44.844+0000: [ParNew: 16388K->4K(18432K), 0.0023556 secs] 465600K->449216K(662688K), 0.0024042 secs] [Times: user=0.01 sys=0.00, real=0.00 secs] 
2020-10-29T13:17:44.864+0000: [GC (Allocation Failure) 2020-10-29T13:17:44.864+0000: [ParNew: 16388K->4K(18432K), 0.0024544 secs] 465600K->449216K(662688K), 0.0025066 secs] [Times: user=0.01 sys=0.00, real=0.00 secs] 
2020-10-29T13:17:44.882+0000: [GC (Allocation Failure) 2020-10-29T13:17:44.882+0000: [ParNew: 16388K->4K(18432K), 0.0024233 secs] 465600K->449216K(662688K), 0.0024761 secs] [Times: user=0.00 sys=0.00, real=0.01 secs] 
2020-10-29T13:17:44.900+0000: [GC (Allocation Failure) 2020-10-29T13:17:44.900+0000: [ParNew: 16388K->4K(18432K), 0.0022985 secs] 465600K->449216K(662688K), 0.0023438 secs] [Times: user=0.01 sys=0.00, real=0.00 secs] 
2020-10-29T13:17:44.918+0000: [GC (Allocation Failure) 2020-10-29T13:17:44.918+0000: [ParNew: 16388K->4K(18432K), 0.0024054 secs] 465600K->449216K(662688K), 0.0024572 secs] [Times: user=0.01 sys=0.00, real=0.00 secs] 
2020-10-29T13:17:44.936+0000: [GC (Allocation Failure) 2020-10-29T13:17:44.936+0000: [ParNew: 16388K->4K(18432K), 0.0023059 secs] 465600K->449216K(662688K), 0.0023669 secs] [Times: user=0.00 sys=0.00, real=0.00 secs] 
2020-10-29T13:17:44.956+0000: [GC (Allocation Failure) 2020-10-29T13:17:44.957+0000: [ParNew: 16388K->4K(18432K), 0.0023996 secs] 465600K->449216K(662688K), 0.0024512 secs] [Times: user=0.00 sys=0.00, real=0.00 secs] 
2020-10-29T13:17:44.990+0000: [GC (Allocation Failure) 2020-10-29T13:17:44.990+0000: [ParNew: 16388K->4K(18432K), 0.0024085 secs] 498368K->481984K(662688K), 0.0024616 secs] [Times: user=0.01 sys=0.00, real=0.01 secs] 
2020-10-29T13:17:44.996+0000: [GC (CMS Initial Mark) [1 CMS-initial-mark: 481980K(644256K)] 482147K(662688K), 0.0011323 secs] [Times: user=0.00 sys=0.00, real=0.00 secs] 
2020-10-29T13:17:44.998+0000: [CMS-concurrent-mark-start]
2020-10-29T13:17:45.024+0000: [GC (Allocation Failure) 2020-10-29T13:17:45.024+0000: [ParNew: 16388K->4K(18432K), 0.0023194 secs] 498368K->481984K(662688K), 0.0023714 secs] [Times: user=0.01 sys=0.00, real=0.00 secs] 
2020-10-29T13:17:45.052+0000: [GC (Allocation Failure) 2020-10-29T13:17:45.053+0000: [ParNew: 16388K->4K(18432K), 0.0022939 secs] 498368K->481984K(662688K), 0.0023438 secs] [Times: user=0.00 sys=0.00, real=0.00 secs] 
2020-10-29T13:17:45.077+0000: [GC (Allocation Failure) 2020-10-29T13:17:45.077+0000: [ParNew: 16388K->4K(18432K), 0.0023234 secs] 498368K->481984K(662688K), 0.0023755 secs] [Times: user=0.00 sys=0.00, real=0.00 secs] 
2020-10-29T13:17:45.082+0000: [CMS-concurrent-mark: 0.062/0.085 secs] [Times: user=0.16 sys=0.00, real=0.08 secs] 
2020-10-29T13:17:45.082+0000: [CMS-concurrent-preclean-start]
2020-10-29T13:17:45.085+0000: [CMS-concurrent-preclean: 0.002/0.002 secs] [Times: user=0.00 sys=0.00, real=0.01 secs] 
2020-10-29T13:17:45.088+0000: [GC (CMS Final Remark) [YG occupancy: 1866 K (18432 K)]2020-10-29T13:17:45.089+0000: [Rescan (parallel) , 0.0024668 secs]2020-10-29T13:17:45.091+0000: [weak refs processing, 0.0000622 secs]2020-10-29T13:17:45.091+0000: [class unloading, 0.0098620 secs]2020-10-29T13:17:45.101+0000: [scrub symbol table, 0.0092933 secs]2020-10-29T13:17:45.110+0000: [scrub string table, 0.0005689 secs][1 CMS-remark: 481980K(644256K)] 483847K(662688K), 0.0223835 secs] [Times: user=0.02 sys=0.00, real=0.02 secs] 
2020-10-29T13:17:45.116+0000: [CMS-concurrent-sweep-start]
2020-10-29T13:17:45.128+0000: [GC (Allocation Failure) 2020-10-29T13:17:45.128+0000: [ParNew: 16388K->4K(18432K), 0.0024905 secs] 497693K->481309K(662688K), 0.0025429 secs] [Times: user=0.00 sys=0.00, real=0.00 secs] 
2020-10-29T13:17:45.138+0000: [CMS-concurrent-sweep: 0.018/0.021 secs] [Times: user=0.03 sys=0.01, real=0.02 secs] 
2020-10-29T13:17:45.138+0000: [CMS-concurrent-reset-start]
2020-10-29T13:17:45.139+0000: [CMS-concurrent-reset: 0.002/0.002 secs] [Times: user=0.01 sys=0.00, real=0.00 secs] 
2020-10-29T13:17:45.150+0000: [GC (Allocation Failure) 2020-10-29T13:17:45.150+0000: [ParNew: 16388K->4K(18432K), 0.0024719 secs] 334625K->318241K(662688K), 0.0025192 secs] [Times: user=0.01 sys=0.00, real=0.01 secs] 
2020-10-29T13:17:45.171+0000: [GC (Allocation Failure) 2020-10-29T13:17:45.171+0000: [ParNew: 16388K->4K(18432K), 0.0024437 secs] 334625K->318241K(662688K), 0.0024961 secs] [Times: user=0.00 sys=0.00, real=0.01 secs] 
2020-10-29T13:17:45.189+0000: [GC (Allocation Failure) 2020-10-29T13:17:45.189+0000: [ParNew: 16388K->4K(18432K), 0.0024270 secs] 334625K->318242K(662688K), 0.0024799 secs] [Times: user=0.00 sys=0.00, real=0.00 secs] 
2020-10-29T13:17:45.216+0000: [GC (Allocation Failure) 2020-10-29T13:17:45.216+0000: [ParNew: 16388K->4K(18432K), 0.0024477 secs] 367394K->351010K(662688K), 0.0025151 secs] [Times: user=0.01 sys=0.00, real=0.00 secs] 
2020-10-29T13:17:45.228+0000: [GC (Allocation Failure) 2020-10-29T13:17:45.228+0000: [ParNew: 9387K->4K(18432K), 0.0021072 secs] 360393K->351010K(662688K), 0.0021472 secs] [Times: user=0.00 sys=0.00, real=0.00 secs] 
2020-10-29T13:17:45.240+0000: [GC (Allocation Failure) 2020-10-29T13:17:45.240+0000: [ParNew: 16388K->6K(18432K), 0.0032811 secs] 367394K->359204K(662688K), 0.0033292 secs] [Times: user=0.00 sys=0.00, real=0.00 secs] 
2020-10-29T13:17:45.259+0000: [GC (Allocation Failure) 2020-10-29T13:17:45.259+0000: [ParNew: 16390K->4K(18432K), 0.0024387 secs] 375588K->359202K(662688K), 0.0024905 secs] [Times: user=0.01 sys=0.00, real=0.00 secs] 
2020-10-29T13:17:45.280+0000: [GC (Allocation Failure) 2020-10-29T13:17:45.280+0000: [ParNew: 16388K->4K(18432K), 0.0024353 secs] 375586K->359202K(662688K), 0.0024873 secs] [Times: user=0.01 sys=0.00, real=0.00 secs] 
2020-10-29T13:17:45.298+0000: [GC (Allocation Failure) 2020-10-29T13:17:45.298+0000: [ParNew: 16388K->4K(18432K), 0.0023787 secs] 375586K->359202K(662688K), 0.0024263 secs] [Times: user=0.00 sys=0.00, real=0.00 secs] 
2020-10-29T13:17:45.316+0000: [GC (Allocation Failure) 2020-10-29T13:17:45.316+0000: [ParNew: 16388K->4K(18432K), 0.0025118 secs] 375586K->359202K(662688K), 0.0025615 secs] [Times: user=0.01 sys=0.00, real=0.00 secs] 
2020-10-29T13:17:45.334+0000: [GC (Allocation Failure) 2020-10-29T13:17:45.334+0000: [ParNew: 16388K->4K(18432K), 0.0024529 secs] 375586K->359202K(662688K), 0.0025063 secs] [Times: user=0.00 sys=0.00, real=0.00 secs] 
2020-10-29T13:17:45.352+0000: [GC (Allocation Failure) 2020-10-29T13:17:45.352+0000: [ParNew: 16388K->4K(18432K), 0.0023997 secs] 375586K->359202K(662688K), 0.0024504 secs] [Times: user=0.01 sys=0.00, real=0.01 secs] 
2020-10-29T13:17:45.372+0000: [GC (Allocation Failure) 2020-10-29T13:17:45.372+0000: [ParNew: 16388K->4K(18432K), 0.0024186 secs] 375586K->359202K(662688K), 0.0024703 secs] [Times: user=0.01 sys=0.00, real=0.00 secs] 
2020-10-29T13:17:45.384+0000: [GC (Allocation Failure) 2020-10-29T13:17:45.385+0000: [ParNew: 16388K->6K(18432K), 0.0034180 secs] 375586K->367396K(662688K), 0.0034710 secs] [Times: user=0.01 sys=0.00, real=0.00 secs] 
2020-10-29T13:17:45.403+0000: [GC (Allocation Failure) 2020-10-29T13:17:45.403+0000: [ParNew: 16390K->4K(18432K), 0.0024681 secs] 383780K->367394K(662688K), 0.0025207 secs] [Times: user=0.00 sys=0.00, real=0.01 secs] 
2020-10-29T13:17:45.424+0000: [GC (Allocation Failure) 2020-10-29T13:17:45.424+0000: [ParNew: 16388K->4K(18432K), 0.0024096 secs] 383778K->367394K(662688K), 0.0024597 secs] [Times: user=0.01 sys=0.00, real=0.00 secs] 
2020-10-29T13:17:45.443+0000: [GC (Allocation Failure) 2020-10-29T13:17:45.443+0000: [ParNew: 16388K->4K(18432K), 0.0023786 secs] 383778K->367394K(662688K), 0.0024261 secs] [Times: user=0.00 sys=0.00, real=0.01 secs] 
2020-10-29T13:17:45.460+0000: [GC (Allocation Failure) 2020-10-29T13:17:45.460+0000: [ParNew: 16388K->4K(18432K), 0.0023626 secs] 383778K->367394K(662688K), 0.0024178 secs] [Times: user=0.00 sys=0.00, real=0.00 secs] 
2020-10-29T13:17:45.478+0000: [GC (Allocation Failure) 2020-10-29T13:17:45.478+0000: [ParNew: 16388K->4K(18432K), 0.0024000 secs] 383778K->367395K(662688K), 0.0024501 secs] [Times: user=0.01 sys=0.00, real=0.00 secs] 
2020-10-29T13:17:45.496+0000: [GC (Allocation Failure) 2020-10-29T13:17:45.496+0000: [ParNew: 16388K->4K(18432K), 0.0024586 secs] 383779K->367395K(662688K), 0.0025092 secs] [Times: user=0.00 sys=0.00, real=0.00 secs] 
2020-10-29T13:17:45.516+0000: [GC (Allocation Failure) 2020-10-29T13:17:45.516+0000: [ParNew: 16388K->4K(18432K), 0.0024098 secs] 383779K->367395K(662688K), 0.0024609 secs] [Times: user=0.00 sys=0.00, real=0.00 secs] 
2020-10-29T13:17:45.534+0000: [GC (Allocation Failure) 2020-10-29T13:17:45.534+0000: [ParNew: 16388K->4K(18432K), 0.0024819 secs] 383779K->367395K(662688K), 0.0025330 secs] [Times: user=0.01 sys=0.00, real=0.00 secs] 
2020-10-29T13:17:45.552+0000: [GC (Allocation Failure) 2020-10-29T13:17:45.552+0000: [ParNew: 16388K->4K(18432K), 0.0024203 secs] 383779K->367395K(662688K), 0.0024731 secs] [Times: user=0.00 sys=0.00, real=0.01 secs] 
2020-10-29T13:17:45.572+0000: [GC (Allocation Failure) 2020-10-29T13:17:45.572+0000: [ParNew: 16388K->4K(18432K), 0.0024340 secs] 383779K->367395K(662688K), 0.0024872 secs] [Times: user=0.01 sys=0.00, real=0.00 secs] 
2020-10-29T13:17:45.590+0000: [GC (Allocation Failure) 2020-10-29T13:17:45.590+0000: [ParNew: 16388K->4K(18432K), 0.0024478 secs] 383779K->367395K(662688K), 0.0024992 secs] [Times: user=0.01 sys=0.00, real=0.01 secs] 
2020-10-29T13:17:45.612+0000: [GC (Allocation Failure) 2020-10-29T13:17:45.612+0000: [ParNew: 16388K->4K(18432K), 0.0023835 secs] 383779K->367395K(662688K), 0.0024326 secs] [Times: user=0.00 sys=0.00, real=0.01 secs] 
2020-10-29T13:17:45.630+0000: [GC (Allocation Failure) 2020-10-29T13:17:45.630+0000: [ParNew: 16388K->4K(18432K), 0.0022947 secs] 383779K->367395K(662688K), 0.0023409 secs] [Times: user=0.01 sys=0.00, real=0.00 secs] 
2020-10-29T13:17:45.648+0000: [GC (Allocation Failure) 2020-10-29T13:17:45.648+0000: [ParNew: 16388K->4K(18432K), 0.0023414 secs] 383779K->367395K(662688K), 0.0023874 secs] [Times: user=0.00 sys=0.00, real=0.00 secs] 
2020-10-29T13:17:45.666+0000: [GC (Allocation Failure) 2020-10-29T13:17:45.666+0000: [ParNew: 16388K->4K(18432K), 0.0023096 secs] 383779K->367395K(662688K), 0.0023541 secs] [Times: user=0.01 sys=0.00, real=0.00 secs] 
2020-10-29T13:17:45.684+0000: [GC (Allocation Failure) 2020-10-29T13:17:45.684+0000: [ParNew: 16388K->4K(18432K), 0.0024108 secs] 383779K->367395K(662688K), 0.0024594 secs] [Times: user=0.00 sys=0.00, real=0.01 secs] 
2020-10-29T13:17:45.704+0000: [GC (Allocation Failure) 2020-10-29T13:17:45.704+0000: [ParNew: 16388K->4K(18432K), 0.0023726 secs] 383779K->367395K(662688K), 0.0024222 secs] [Times: user=0.01 sys=0.00, real=0.00 secs] 
2020-10-29T13:17:45.716+0000: [GC (Allocation Failure) 2020-10-29T13:17:45.716+0000: [ParNew: 9121K->4K(18432K), 0.0033435 secs] 376512K->367395K(662688K), 0.0033960 secs] [Times: user=0.00 sys=0.01, real=0.00 secs] 
2020-10-29T13:17:45.731+0000: [GC (Allocation Failure) 2020-10-29T13:17:45.731+0000: [ParNew: 16388K->4K(18432K), 0.0035190 secs] 383779K->375587K(662688K), 0.0035720 secs] [Times: user=0.01 sys=0.00, real=0.01 secs] 
2020-10-29T13:17:45.750+0000: [GC (Allocation Failure) 2020-10-29T13:17:45.750+0000: [ParNew: 16388K->4K(18432K), 0.0023571 secs] 391971K->375587K(662688K), 0.0024035 secs] [Times: user=0.00 sys=0.00, real=0.00 secs] 
2020-10-29T13:17:45.768+0000: [GC (Allocation Failure) 2020-10-29T13:17:45.768+0000: [ParNew: 16388K->4K(18432K), 0.0024154 secs] 391971K->375587K(662688K), 0.0024648 secs] [Times: user=0.00 sys=0.00, real=0.00 secs] 
2020-10-29T13:17:45.788+0000: [GC (Allocation Failure) 2020-10-29T13:17:45.788+0000: [ParNew: 16388K->4K(18432K), 0.0023388 secs] 391971K->375587K(662688K), 0.0023858 secs] [Times: user=0.00 sys=0.00, real=0.00 secs] 
2020-10-29T13:17:45.808+0000: [GC (Allocation Failure) 2020-10-29T13:17:45.808+0000: [ParNew: 16388K->4K(18432K), 0.0023699 secs] 391971K->375587K(662688K), 0.0024208 secs] [Times: user=0.00 sys=0.00, real=0.00 secs] 
2020-10-29T13:17:45.828+0000: [GC (Allocation Failure) 2020-10-29T13:17:45.829+0000: [ParNew: 16388K->4K(18432K), 0.0023454 secs] 391971K->375587K(662688K), 0.0023937 secs] [Times: user=0.00 sys=0.00, real=0.00 secs] 
2020-10-29T13:17:45.848+0000: [GC (Allocation Failure) 2020-10-29T13:17:45.848+0000: [ParNew: 16388K->4K(18432K), 0.0023779 secs] 391971K->375587K(662688K), 0.0024285 secs] [Times: user=0.01 sys=0.00, real=0.00 secs] 
2020-10-29T13:17:45.868+0000: [GC (Allocation Failure) 2020-10-29T13:17:45.869+0000: [ParNew: 16388K->4K(18432K), 0.0024255 secs] 391971K->375587K(662688K), 0.0024763 secs] [Times: user=0.00 sys=0.00, real=0.00 secs] 
2020-10-29T13:17:45.888+0000: [GC (Allocation Failure) 2020-10-29T13:17:45.888+0000: [ParNew: 16388K->4K(18432K), 0.0023641 secs] 391971K->375587K(662688K), 0.0024140 secs] [Times: user=0.00 sys=0.00, real=0.00 secs] 
2020-10-29T13:17:45.900+0000: [GC (Allocation Failure) 2020-10-29T13:17:45.900+0000: [ParNew: 16388K->4K(18432K), 0.0032635 secs] 391971K->383779K(662688K), 0.0033081 secs] [Times: user=0.01 sys=0.00, real=0.00 secs] 
2020-10-29T13:17:45.919+0000: [GC (Allocation Failure) 2020-10-29T13:17:45.919+0000: [ParNew: 16388K->4K(18432K), 0.0023783 secs] 400163K->383779K(662688K), 0.0024468 secs] [Times: user=0.00 sys=0.00, real=0.00 secs] 
2020-10-29T13:17:45.937+0000: [GC (Allocation Failure) 2020-10-29T13:17:45.937+0000: [ParNew: 16388K->4K(18432K), 0.0038315 secs] 400163K->383779K(662688K), 0.0038790 secs] [Times: user=0.00 sys=0.00, real=0.00 secs] 
2020-10-29T13:17:45.960+0000: [GC (Allocation Failure) 2020-10-29T13:17:45.960+0000: [ParNew: 16388K->4K(18432K), 0.0023360 secs] 400163K->383779K(662688K), 0.0023886 secs] [Times: user=0.00 sys=0.00, real=0.00 secs] 
2020-10-29T13:17:45.980+0000: [GC (Allocation Failure) 2020-10-29T13:17:45.981+0000: [ParNew: 16388K->4K(18432K), 0.0023735 secs] 400163K->383779K(662688K), 0.0024235 secs] [Times: user=0.00 sys=0.00, real=0.00 secs] 
2020-10-29T13:17:46.000+0000: [GC (Allocation Failure) 2020-10-29T13:17:46.001+0000: [ParNew: 16388K->4K(18432K), 0.0023748 secs] 400163K->383779K(662688K), 0.0024274 secs] [Times: user=0.01 sys=0.00, real=0.00 secs] 
2020-10-29T13:17:46.018+0000: [GC (Allocation Failure) 2020-10-29T13:17:46.018+0000: [ParNew: 16388K->4K(18432K), 0.0024169 secs] 400163K->383779K(662688K), 0.0024664 secs] [Times: user=0.00 sys=0.00, real=0.00 secs] 
2020-10-29T13:17:46.036+0000: [GC (Allocation Failure) 2020-10-29T13:17:46.036+0000: [ParNew: 16388K->4K(18432K), 0.0023689 secs] 400163K->383779K(662688K), 0.0024169 secs] [Times: user=0.00 sys=0.00, real=0.00 secs] 
2020-10-29T13:17:46.056+0000: [GC (Allocation Failure) 2020-10-29T13:17:46.056+0000: [ParNew: 16388K->4K(18432K), 0.0023919 secs] 400163K->383779K(662688K), 0.0024425 secs] [Times: user=0.01 sys=0.00, real=0.00 secs] 
2020-10-29T13:17:46.076+0000: [GC (Allocation Failure) 2020-10-29T13:17:46.076+0000: [ParNew: 16388K->4K(18432K), 0.0023120 secs] 400163K->383779K(662688K), 0.0023594 secs] [Times: user=0.01 sys=0.00, real=0.00 secs] 
2020-10-29T13:17:46.094+0000: [GC (Allocation Failure) 2020-10-29T13:17:46.094+0000: [ParNew: 16388K->4K(18432K), 0.0023957 secs] 400163K->383779K(662688K), 0.0024562 secs] [Times: user=0.01 sys=0.00, real=0.00 secs] 
2020-10-29T13:17:46.112+0000: [GC (Allocation Failure) 2020-10-29T13:17:46.112+0000: [ParNew: 16388K->4K(18432K), 0.0023780 secs] 400163K->383779K(662688K), 0.0024296 secs] [Times: user=0.00 sys=0.00, real=0.01 secs] 
2020-10-29T13:17:46.130+0000: [GC (Allocation Failure) 2020-10-29T13:17:46.130+0000: [ParNew: 16388K->4K(18432K), 0.0022336 secs] 400163K->383779K(662688K), 0.0022787 secs] [Times: user=0.01 sys=0.00, real=0.00 secs] 
2020-10-29T13:17:46.147+0000: [GC (Allocation Failure) 2020-10-29T13:17:46.147+0000: [ParNew: 16388K->4K(18432K), 0.0023090 secs] 400163K->383779K(662688K), 0.0023559 secs] [Times: user=0.00 sys=0.00, real=0.00 secs] 
2020-10-29T13:17:46.168+0000: [GC (Allocation Failure) 2020-10-29T13:17:46.168+0000: [ParNew: 16388K->4K(18432K), 0.0022480 secs] 400163K->383779K(662688K), 0.0022997 secs] [Times: user=0.00 sys=0.00, real=0.00 secs] 
2020-10-29T13:17:46.186+0000: [GC (Allocation Failure) 2020-10-29T13:17:46.186+0000: [ParNew: 16388K->4K(18432K), 0.0023625 secs] 400163K->383779K(662688K), 0.0024110 secs] [Times: user=0.01 sys=0.00, real=0.00 secs] 
2020-10-29T13:17:46.204+0000: [GC (Allocation Failure) 2020-10-29T13:17:46.204+0000: [ParNew: 16388K->4K(18432K), 0.0023482 secs] 400163K->383779K(662688K), 0.0023974 secs] [Times: user=0.00 sys=0.00, real=0.01 secs] 
2020-10-29T13:17:46.221+0000: [GC (Allocation Failure) 2020-10-29T13:17:46.221+0000: [ParNew: 16388K->4K(18432K), 0.0023929 secs] 400163K->383779K(662688K), 0.0024453 secs] [Times: user=0.00 sys=0.01, real=0.00 secs] 
2020-10-29T13:17:46.232+0000: [GC (Allocation Failure) 2020-10-29T13:17:46.232+0000: [ParNew: 16388K->4K(18432K), 0.0033550 secs] 400163K->391971K(662688K), 0.0034029 secs] [Times: user=0.01 sys=0.00, real=0.00 secs] 
2020-10-29T13:17:46.251+0000: [GC (Allocation Failure) 2020-10-29T13:17:46.251+0000: [ParNew: 16388K->4K(18432K), 0.0023851 secs] 408355K->391971K(662688K), 0.0024313 secs] [Times: user=0.01 sys=0.00, real=0.01 secs] 
2020-10-29T13:17:46.272+0000: [GC (Allocation Failure) 2020-10-29T13:17:46.272+0000: [ParNew: 16388K->4K(18432K), 0.0023444 secs] 408355K->391971K(662688K), 0.0023917 secs] [Times: user=0.00 sys=0.00, real=0.00 secs] 
2020-10-29T13:17:46.290+0000: [GC (Allocation Failure) 2020-10-29T13:17:46.291+0000: [ParNew: 16388K->4K(18432K), 0.0022972 secs] 408355K->391971K(662688K), 0.0023441 secs] [Times: user=0.01 sys=0.00, real=0.01 secs] 
2020-10-29T13:17:46.308+0000: [GC (Allocation Failure) 2020-10-29T13:17:46.308+0000: [ParNew: 16388K->4K(18432K), 0.0023165 secs] 408355K->391971K(662688K), 0.0023625 secs] [Times: user=0.00 sys=0.00, real=0.00 secs] 
2020-10-29T13:17:46.328+0000: [GC (Allocation Failure) 2020-10-29T13:17:46.328+0000: [ParNew: 16388K->4K(18432K), 0.0022663 secs] 408355K->391971K(662688K), 0.0023122 secs] [Times: user=0.00 sys=0.00, real=0.00 secs] 
2020-10-29T13:17:46.346+0000: [GC (Allocation Failure) 2020-10-29T13:17:46.346+0000: [ParNew: 16388K->4K(18432K), 0.0022596 secs] 408355K->391971K(662688K), 0.0023031 secs] [Times: user=0.01 sys=0.00, real=0.00 secs] 
2020-10-29T13:17:46.364+0000: [GC (Allocation Failure) 2020-10-29T13:17:46.364+0000: [ParNew: 16388K->4K(18432K), 0.0023418 secs] 408355K->391971K(662688K), 0.0023912 secs] [Times: user=0.00 sys=0.00, real=0.01 secs] 
2020-10-29T13:17:46.384+0000: [GC (Allocation Failure) 2020-10-29T13:17:46.384+0000: [ParNew: 16388K->4K(18432K), 0.0022977 secs] 408355K->391971K(662688K), 0.0023432 secs] [Times: user=0.00 sys=0.00, real=0.00 secs] 
2020-10-29T13:17:46.399+0000: [GC (Allocation Failure) 2020-10-29T13:17:46.399+0000: [ParNew: 12464K->4K(18432K), 0.0023236 secs] 404432K->391971K(662688K), 0.0023708 secs] [Times: user=0.01 sys=0.00, real=0.00 secs] 
2020-10-29T13:17:46.412+0000: [GC (Allocation Failure) 2020-10-29T13:17:46.412+0000: [ParNew: 16388K->4K(18432K), 0.0032573 secs] 408355K->400163K(662688K), 0.0033044 secs] [Times: user=0.00 sys=0.00, real=0.00 secs] 
2020-10-29T13:17:46.435+0000: [GC (Allocation Failure) 2020-10-29T13:17:46.435+0000: [ParNew: 16388K->4K(18432K), 0.0023209 secs] 416547K->400163K(662688K), 0.0023704 secs] [Times: user=0.01 sys=0.00, real=0.00 secs] 
2020-10-29T13:17:46.453+0000: [GC (Allocation Failure) 2020-10-29T13:17:46.453+0000: [ParNew: 16388K->4K(18432K), 0.0023459 secs] 416547K->400163K(662688K), 0.0023939 secs] [Times: user=0.01 sys=0.00, real=0.00 secs] 
2020-10-29T13:17:46.472+0000: [GC (Allocation Failure) 2020-10-29T13:17:46.473+0000: [ParNew: 16388K->4K(18432K), 0.0023788 secs] 416547K->400163K(662688K), 0.0024298 secs] [Times: user=0.00 sys=0.00, real=0.00 secs] 
2020-10-29T13:17:46.492+0000: [GC (Allocation Failure) 2020-10-29T13:17:46.492+0000: [ParNew: 16388K->4K(18432K), 0.0022752 secs] 416547K->400163K(662688K), 0.0023194 secs] [Times: user=0.01 sys=0.00, real=0.00 secs] 
2020-10-29T13:17:46.512+0000: [GC (Allocation Failure) 2020-10-29T13:17:46.513+0000: [ParNew: 16388K->4K(18432K), 0.0024035 secs] 416547K->400163K(662688K), 0.0024551 secs] [Times: user=0.00 sys=0.00, real=0.00 secs] 
2020-10-29T13:17:46.532+0000: [GC (Allocation Failure) 2020-10-29T13:17:46.532+0000: [ParNew: 16388K->4K(18432K), 0.0024077 secs] 416547K->400163K(662688K), 0.0024518 secs] [Times: user=0.01 sys=0.00, real=0.01 secs] 
2020-10-29T13:17:46.550+0000: [GC (Allocation Failure) 2020-10-29T13:17:46.550+0000: [ParNew: 16388K->4K(18432K), 0.0023085 secs] 416547K->400163K(662688K), 0.0023567 secs] [Times: user=0.00 sys=0.00, real=0.00 secs] 
2020-10-29T13:17:46.567+0000: [GC (Allocation Failure) 2020-10-29T13:17:46.567+0000: [ParNew: 16388K->4K(18432K), 0.0022335 secs] 416547K->400163K(662688K), 0.0022780 secs] [Times: user=0.00 sys=0.00, real=0.00 secs] 
2020-10-29T13:17:46.588+0000: [GC (Allocation Failure) 2020-10-29T13:17:46.588+0000: [ParNew: 16388K->4K(18432K), 0.0022699 secs] 416547K->400163K(662688K), 0.0023220 secs] [Times: user=0.00 sys=0.00, real=0.00 secs] 
2020-10-29T13:17:46.607+0000: [GC (Allocation Failure) 2020-10-29T13:17:46.607+0000: [ParNew: 16388K->4K(18432K), 0.0023887 secs] 416547K->400163K(662688K), 0.0024364 secs] [Times: user=0.00 sys=0.00, real=0.00 secs] 
2020-10-29T13:17:46.628+0000: [GC (Allocation Failure) 2020-10-29T13:17:46.629+0000: [ParNew: 16388K->4K(18432K), 0.0022948 secs] 416547K->400163K(662688K), 0.0023428 secs] [Times: user=0.00 sys=0.00, real=0.00 secs] 
2020-10-29T13:17:46.648+0000: [GC (Allocation Failure) 2020-10-29T13:17:46.648+0000: [ParNew: 16388K->4K(18432K), 0.0023292 secs] 416547K->400163K(662688K), 0.0023775 secs] [Times: user=0.01 sys=0.00, real=0.00 secs] 
2020-10-29T13:17:46.668+0000: [GC (Allocation Failure) 2020-10-29T13:17:46.668+0000: [ParNew: 16388K->4K(18432K), 0.0023976 secs] 416547K->400163K(662688K), 0.0024499 secs] [Times: user=0.00 sys=0.00, real=0.00 secs] 
2020-10-29T13:17:46.688+0000: [GC (Allocation Failure) 2020-10-29T13:17:46.688+0000: [ParNew: 16388K->4K(18432K), 0.0023744 secs] 416547K->400163K(662688K), 0.0024265 secs] [Times: user=0.00 sys=0.00, real=0.00 secs] 
2020-10-29T13:17:46.706+0000: [GC (Allocation Failure) 2020-10-29T13:17:46.706+0000: [ParNew: 16388K->4K(18432K), 0.0023892 secs] 416547K->400163K(662688K), 0.0024371 secs] [Times: user=0.01 sys=0.00, real=0.00 secs] 
2020-10-29T13:17:46.724+0000: [GC (Allocation Failure) 2020-10-29T13:17:46.724+0000: [ParNew: 16388K->4K(18432K), 0.0024052 secs] 416547K->400163K(662688K), 0.0024597 secs] [Times: user=0.00 sys=0.00, real=0.01 secs] 
2020-10-29T13:17:46.737+0000: [GC (Allocation Failure) 2020-10-29T13:17:46.737+0000: [ParNew: 16388K->4K(18432K), 0.0032723 secs] 416547K->408355K(662688K), 0.0033219 secs] [Times: user=0.01 sys=0.00, real=0.00 secs] 
2020-10-29T13:17:46.756+0000: [GC (Allocation Failure) 2020-10-29T13:17:46.756+0000: [ParNew: 16388K->4K(18432K), 0.0023384 secs] 424739K->408355K(662688K), 0.0023840 secs] [Times: user=0.00 sys=0.00, real=0.00 secs] 
2020-10-29T13:17:46.775+0000: [GC (Allocation Failure) 2020-10-29T13:17:46.775+0000: [ParNew: 16388K->4K(18432K), 0.0024972 secs] 424739K->408355K(662688K), 0.0025574 secs] [Times: user=0.01 sys=0.00, real=0.00 secs] 
2020-10-29T13:17:46.796+0000: [GC (Allocation Failure) 2020-10-29T13:17:46.796+0000: [ParNew: 16388K->4K(18432K), 0.0024259 secs] 424739K->408355K(662688K), 0.0024789 secs] [Times: user=0.00 sys=0.00, real=0.00 secs] 
2020-10-29T13:17:46.816+0000: [GC (Allocation Failure) 2020-10-29T13:17:46.816+0000: [ParNew: 16388K->4K(18432K), 0.0023707 secs] 424739K->408355K(662688K), 0.0024224 secs] [Times: user=0.01 sys=0.00, real=0.00 secs] 
2020-10-29T13:17:46.834+0000: [GC (Allocation Failure) 2020-10-29T13:17:46.834+0000: [ParNew: 16388K->4K(18432K), 0.0023874 secs] 424739K->408355K(662688K), 0.0024368 secs] [Times: user=0.00 sys=0.00, real=0.00 secs] 
2020-10-29T13:17:46.856+0000: [GC (Allocation Failure) 2020-10-29T13:17:46.856+0000: [ParNew: 16388K->4K(18432K), 0.0024178 secs] 424739K->408356K(662688K), 0.0024698 secs] [Times: user=0.00 sys=0.00, real=0.00 secs] 
2020-10-29T13:17:46.874+0000: [GC (Allocation Failure) 2020-10-29T13:17:46.874+0000: [ParNew: 16388K->4K(18432K), 0.0023570 secs] 424740K->408356K(662688K), 0.0024054 secs] [Times: user=0.01 sys=0.00, real=0.00 secs] 
2020-10-29T13:17:46.896+0000: [GC (Allocation Failure) 2020-10-29T13:17:46.896+0000: [ParNew: 16388K->4K(18432K), 0.0023583 secs] 424740K->408356K(662688K), 0.0024075 secs] [Times: user=0.00 sys=0.01, real=0.00 secs] 
2020-10-29T13:17:46.916+0000: [GC (Allocation Failure) 2020-10-29T13:17:46.916+0000: [ParNew: 16388K->4K(18432K), 0.0023070 secs] 424740K->408356K(662688K), 0.0023541 secs] [Times: user=0.01 sys=0.00, real=0.00 secs] 
2020-10-29T13:17:46.934+0000: [GC (Allocation Failure) 2020-10-29T13:17:46.934+0000: [ParNew: 16388K->4K(18432K), 0.0023672 secs] 424740K->408356K(662688K), 0.0024136 secs] [Times: user=0.00 sys=0.00, real=0.00 secs] 
2020-10-29T13:17:46.948+0000: [GC (Allocation Failure) 2020-10-29T13:17:46.948+0000: [ParNew: 16388K->4K(18432K), 0.0033657 secs] 424740K->416548K(662688K), 0.0034123 secs] [Times: user=0.00 sys=0.00, real=0.00 secs] 
2020-10-29T13:17:46.968+0000: [GC (Allocation Failure) 2020-10-29T13:17:46.968+0000: [ParNew: 16388K->4K(18432K), 0.0022804 secs] 432932K->416548K(662688K), 0.0023233 secs] [Times: user=0.01 sys=0.00, real=0.00 secs] 
2020-10-29T13:17:46.986+0000: [GC (Allocation Failure) 2020-10-29T13:17:46.986+0000: [ParNew: 16388K->4K(18432K), 0.0022783 secs] 432932K->416548K(662688K), 0.0023242 secs] [Times: user=0.01 sys=0.00, real=0.00 secs] 
2020-10-29T13:17:47.004+0000: [GC (Allocation Failure) 2020-10-29T13:17:47.004+0000: [ParNew: 16388K->4K(18432K), 0.0024262 secs] 432932K->416548K(662688K), 0.0024798 secs] [Times: user=0.00 sys=0.00, real=0.01 secs] 
2020-10-29T13:17:47.022+0000: [GC (Allocation Failure) 2020-10-29T13:17:47.022+0000: [ParNew: 16388K->4K(18432K), 0.0023813 secs] 432932K->416548K(662688K), 0.0024332 secs] [Times: user=0.01 sys=0.00, real=0.00 secs] 
2020-10-29T13:17:47.040+0000: [GC (Allocation Failure) 2020-10-29T13:17:47.040+0000: [ParNew: 16388K->4K(18432K), 0.0024143 secs] 432932K->416548K(662688K), 0.0024651 secs] [Times: user=0.01 sys=0.00, real=0.00 secs] 
2020-10-29T13:17:47.060+0000: [GC (Allocation Failure) 2020-10-29T13:17:47.060+0000: [ParNew: 16388K->4K(18432K), 0.0024199 secs] 432932K->416548K(662688K), 0.0024728 secs] [Times: user=0.00 sys=0.00, real=0.00 secs] 
2020-10-29T13:17:47.078+0000: [GC (Allocation Failure) 2020-10-29T13:17:47.078+0000: [ParNew: 16388K->4K(18432K), 0.0024638 secs] 432932K->416548K(662688K), 0.0025174 secs] [Times: user=0.00 sys=0.00, real=0.00 secs] 
2020-10-29T13:17:47.096+0000: [GC (Allocation Failure) 2020-10-29T13:17:47.096+0000: [ParNew: 16388K->4K(18432K), 0.0024046 secs] 432932K->416548K(662688K), 0.0024574 secs] [Times: user=0.01 sys=0.00, real=0.00 secs] 
2020-10-29T13:17:47.114+0000: [GC (Allocation Failure) 2020-10-29T13:17:47.114+0000: [ParNew: 16388K->4K(18432K), 0.0024002 secs] 432932K->416548K(662688K), 0.0024524 secs] [Times: user=0.01 sys=0.00, real=0.00 secs] 
2020-10-29T13:17:47.132+0000: [GC (Allocation Failure) 2020-10-29T13:17:47.132+0000: [ParNew: 16388K->4K(18432K), 0.0023947 secs] 432932K->416548K(662688K), 0.0024479 secs] [Times: user=0.00 sys=0.00, real=0.00 secs] 
2020-10-29T13:17:47.150+0000: [GC (Allocation Failure) 2020-10-29T13:17:47.150+0000: [ParNew: 16388K->4K(18432K), 0.0024114 secs] 432932K->416548K(662688K), 0.0024649 secs] [Times: user=0.01 sys=0.00, real=0.01 secs] 
2020-10-29T13:17:47.168+0000: [GC (Allocation Failure) 2020-10-29T13:17:47.168+0000: [ParNew: 16388K->4K(18432K), 0.0023492 secs] 432932K->416548K(662688K), 0.0023983 secs] [Times: user=0.00 sys=0.00, real=0.00 secs] 
2020-10-29T13:17:47.186+0000: [GC (Allocation Failure) 2020-10-29T13:17:47.186+0000: [ParNew: 16388K->4K(18432K), 0.0023581 secs] 432932K->416548K(662688K), 0.0024085 secs] [Times: user=0.01 sys=0.00, real=0.00 secs] 
2020-10-29T13:17:47.203+0000: [GC (Allocation Failure) 2020-10-29T13:17:47.203+0000: [ParNew: 16388K->4K(18432K), 0.0023434 secs] 432932K->416548K(662688K), 0.0024013 secs] [Times: user=0.00 sys=0.00, real=0.01 secs] 
2020-10-29T13:17:47.216+0000: [GC (Allocation Failure) 2020-10-29T13:17:47.216+0000: [ParNew: 16388K->4K(18432K), 0.0031620 secs] 432932K->424740K(662688K), 0.0032107 secs] [Times: user=0.00 sys=0.00, real=0.00 secs] 
2020-10-29T13:17:47.235+0000: [GC (Allocation Failure) 2020-10-29T13:17:47.235+0000: [ParNew: 16388K->4K(18432K), 0.0023842 secs] 441124K->424740K(662688K), 0.0024360 secs] [Times: user=0.00 sys=0.00, real=0.00 secs] 
2020-10-29T13:17:47.253+0000: [GC (Allocation Failure) 2020-10-29T13:17:47.253+0000: [ParNew: 16388K->4K(18432K), 0.0023903 secs] 441124K->424740K(662688K), 0.0024415 secs] [Times: user=0.01 sys=0.00, real=0.00 secs] 
2020-10-29T13:17:47.275+0000: [GC (Allocation Failure) 2020-10-29T13:17:47.275+0000: [ParNew: 16388K->4K(18432K), 0.0024610 secs] 441124K->424740K(662688K), 0.0025290 secs] [Times: user=0.01 sys=0.00, real=0.00 secs] 
2020-10-29T13:17:47.296+0000: [GC (Allocation Failure) 2020-10-29T13:17:47.296+0000: [ParNew: 16388K->4K(18432K), 0.0023824 secs] 441124K->424740K(662688K), 0.0024320 secs] [Times: user=0.01 sys=0.00, real=0.00 secs] 
2020-10-29T13:17:47.315+0000: [GC (Allocation Failure) 2020-10-29T13:17:47.315+0000: [ParNew: 16388K->4K(18432K), 0.0024079 secs] 441124K->424740K(662688K), 0.0024579 secs] [Times: user=0.00 sys=0.00, real=0.00 secs] 
2020-10-29T13:17:47.336+0000: [GC (Allocation Failure) 2020-10-29T13:17:47.337+0000: [ParNew: 16388K->4K(18432K), 0.0023911 secs] 441124K->424740K(662688K), 0.0024422 secs] [Times: user=0.00 sys=0.00, real=0.00 secs] 
2020-10-29T13:17:47.354+0000: [GC (Allocation Failure) 2020-10-29T13:17:47.354+0000: [ParNew: 16388K->4K(18432K), 0.0023467 secs] 441124K->424740K(662688K), 0.0023964 secs] [Times: user=0.01 sys=0.00, real=0.00 secs] 
2020-10-29T13:17:47.376+0000: [GC (Allocation Failure) 2020-10-29T13:17:47.376+0000: [ParNew: 16388K->4K(18432K), 0.0024252 secs] 441124K->424740K(662688K), 0.0024769 secs] [Times: user=0.01 sys=0.00, real=0.00 secs] 
2020-10-29T13:17:47.394+0000: [GC (Allocation Failure) 2020-10-29T13:17:47.394+0000: [ParNew: 16388K->4K(18432K), 0.0023223 secs] 441124K->424740K(662688K), 0.0023698 secs] [Times: user=0.01 sys=0.00, real=0.00 secs] 
2020-10-29T13:17:47.412+0000: [GC (Allocation Failure) 2020-10-29T13:17:47.412+0000: [ParNew: 16388K->4K(18432K), 0.0023917 secs] 441124K->424740K(662688K), 0.0024444 secs] [Times: user=0.00 sys=0.00, real=0.01 secs] 
2020-10-29T13:17:47.430+0000: [GC (Allocation Failure) 2020-10-29T13:17:47.430+0000: [ParNew: 16388K->4K(18432K), 0.0023638 secs] 441124K->424740K(662688K), 0.0024153 secs] [Times: user=0.00 sys=0.00, real=0.00 secs] 
2020-10-29T13:17:47.444+0000: [GC (Allocation Failure) 2020-10-29T13:17:47.444+0000: [ParNew: 11810K->4K(18432K), 0.0023582 secs] 436546K->424740K(662688K), 0.0024079 secs] [Times: user=0.00 sys=0.00, real=0.01 secs] 
2020-10-29T13:17:47.456+0000: [GC (Allocation Failure) 2020-10-29T13:17:47.456+0000: [ParNew: 16388K->4K(18432K), 0.0032591 secs] 441124K->432932K(662688K), 0.0033076 secs] [Times: user=0.00 sys=0.00, real=0.00 secs] 
2020-10-29T13:17:47.475+0000: [GC (Allocation Failure) 2020-10-29T13:17:47.475+0000: [ParNew: 16388K->4K(18432K), 0.0023771 secs] 449316K->432932K(662688K), 0.0024276 secs] [Times: user=0.00 sys=0.00, real=0.00 secs] 
2020-10-29T13:17:47.493+0000: [GC (Allocation Failure) 2020-10-29T13:17:47.493+0000: [ParNew: 16388K->4K(18432K), 0.0023905 secs] 449316K->432932K(662688K), 0.0024544 secs] [Times: user=0.01 sys=0.00, real=0.00 secs] 
2020-10-29T13:17:47.515+0000: [GC (Allocation Failure) 2020-10-29T13:17:47.515+0000: [ParNew: 16388K->4K(18432K), 0.0024224 secs] 449316K->432932K(662688K), 0.0024756 secs] [Times: user=0.01 sys=0.00, real=0.00 secs] 
2020-10-29T13:17:47.533+0000: [GC (Allocation Failure) 2020-10-29T13:17:47.533+0000: [ParNew: 16388K->4K(18432K), 0.0023756 secs] 449316K->432932K(662688K), 0.0024280 secs] [Times: user=0.00 sys=0.00, real=0.00 secs] 
2020-10-29T13:17:47.552+0000: [GC (Allocation Failure) 2020-10-29T13:17:47.552+0000: [ParNew: 16388K->4K(18432K), 0.0023945 secs] 449316K->432932K(662688K), 0.0024462 secs] [Times: user=0.00 sys=0.00, real=0.00 secs] 
2020-10-29T13:17:47.572+0000: [GC (Allocation Failure) 2020-10-29T13:17:47.572+0000: [ParNew: 16388K->4K(18432K), 0.0023834 secs] 449316K->432932K(662688K), 0.0024345 secs] [Times: user=0.00 sys=0.00, real=0.00 secs] 
2020-10-29T13:17:47.591+0000: [GC (Allocation Failure) 2020-10-29T13:17:47.591+0000: [ParNew: 16388K->4K(18432K), 0.0024271 secs] 449316K->432932K(662688K), 0.0024802 secs] [Times: user=0.00 sys=0.00, real=0.01 secs] 
2020-10-29T13:17:47.609+0000: [GC (Allocation Failure) 2020-10-29T13:17:47.609+0000: [ParNew: 16388K->4K(18432K), 0.0024085 secs] 449316K->432932K(662688K), 0.0024614 secs] [Times: user=0.01 sys=0.00, real=0.00 secs] 
2020-10-29T13:17:47.627+0000: [GC (Allocation Failure) 2020-10-29T13:17:47.627+0000: [ParNew: 16388K->4K(18432K), 0.0023946 secs] 449316K->432932K(662688K), 0.0024472 secs] [Times: user=0.00 sys=0.00, real=0.00 secs] 
2020-10-29T13:17:47.645+0000: [GC (Allocation Failure) 2020-10-29T13:17:47.645+0000: [ParNew: 16388K->4K(18432K), 0.0024004 secs] 449316K->432932K(662688K), 0.0024537 secs] [Times: user=0.01 sys=0.00, real=0.00 secs] 
2020-10-29T13:17:47.663+0000: [GC (Allocation Failure) 2020-10-29T13:17:47.663+0000: [ParNew: 16388K->4K(18432K), 0.0024598 secs] 449316K->432932K(662688K), 0.0025142 secs] [Times: user=0.00 sys=0.00, real=0.01 secs] 
2020-10-29T13:17:47.684+0000: [GC (Allocation Failure) 2020-10-29T13:17:47.684+0000: [ParNew: 16388K->4K(18432K), 0.0023958 secs] 449316K->432932K(662688K), 0.0024485 secs] [Times: user=0.00 sys=0.01, real=0.01 secs] 
2020-10-29T13:17:47.702+0000: [GC (Allocation Failure) 2020-10-29T13:17:47.702+0000: [ParNew: 16388K->4K(18432K), 0.0024347 secs] 449316K->432932K(662688K), 0.0024864 secs] [Times: user=0.01 sys=0.00, real=0.01 secs] 
2020-10-29T13:17:47.720+0000: [GC (Allocation Failure) 2020-10-29T13:17:47.720+0000: [ParNew: 16115K->4K(18432K), 0.0023713 secs] 449044K->432932K(662688K), 0.0024233 secs] [Times: user=0.01 sys=0.00, real=0.00 secs] 
2020-10-29T13:17:47.732+0000: [GC (Allocation Failure) 2020-10-29T13:17:47.732+0000: [ParNew: 16388K->4K(18432K), 0.0033352 secs] 449316K->441124K(662688K), 0.0033833 secs] [Times: user=0.00 sys=0.00, real=0.01 secs] 
2020-10-29T13:17:47.751+0000: [GC (Allocation Failure) 2020-10-29T13:17:47.751+0000: [ParNew: 16388K->4K(18432K), 0.0024148 secs] 457508K->441124K(662688K), 0.0024648 secs] [Times: user=0.01 sys=0.00, real=0.01 secs] 
2020-10-29T13:17:47.772+0000: [GC (Allocation Failure) 2020-10-29T13:17:47.772+0000: [ParNew: 16388K->4K(18432K), 0.0023699 secs] 457508K->441124K(662688K), 0.0024214 secs] [Times: user=0.01 sys=0.00, real=0.00 secs] 
2020-10-29T13:17:47.792+0000: [GC (Allocation Failure) 2020-10-29T13:17:47.792+0000: [ParNew: 16388K->4K(18432K), 0.0023662 secs] 457508K->441124K(662688K), 0.0024162 secs] [Times: user=0.01 sys=0.00, real=0.00 secs] 
2020-10-29T13:17:47.812+0000: [GC (Allocation Failure) 2020-10-29T13:17:47.812+0000: [ParNew: 16388K->4K(18432K), 0.0023960 secs] 457508K->441124K(662688K), 0.0024467 secs] [Times: user=0.00 sys=0.00, real=0.01 secs] 
2020-10-29T13:17:47.832+0000: [GC (Allocation Failure) 2020-10-29T13:17:47.832+0000: [ParNew: 16388K->4K(18432K), 0.0023880 secs] 457508K->441124K(662688K), 0.0024400 secs] [Times: user=0.00 sys=0.00, real=0.00 secs] 
2020-10-29T13:17:47.850+0000: [GC (Allocation Failure) 2020-10-29T13:17:47.850+0000: [ParNew: 16388K->4K(18432K), 0.0024093 secs] 457508K->441124K(662688K), 0.0024603 secs] [Times: user=0.01 sys=0.00, real=0.01 secs] 
2020-10-29T13:17:47.868+0000: [GC (Allocation Failure) 2020-10-29T13:17:47.868+0000: [ParNew: 16388K->4K(18432K), 0.0024025 secs] 457508K->441124K(662688K), 0.0024528 secs] [Times: user=0.00 sys=0.00, real=0.00 secs] 
2020-10-29T13:17:47.888+0000: [GC (Allocation Failure) 2020-10-29T13:17:47.888+0000: [ParNew: 16388K->4K(18432K), 0.0023092 secs] 457508K->441124K(662688K), 0.0023568 secs] [Times: user=0.01 sys=0.00, real=0.00 secs] 
2020-10-29T13:17:47.908+0000: [GC (Allocation Failure) 2020-10-29T13:17:47.909+0000: [ParNew: 16388K->4K(18432K), 0.0023779 secs] 457508K->441124K(662688K), 0.0024411 secs] [Times: user=0.00 sys=0.00, real=0.00 secs] 
2020-10-29T13:17:47.927+0000: [GC (Allocation Failure) 2020-10-29T13:17:47.927+0000: [ParNew: 16388K->4K(18432K), 0.0024033 secs] 457508K->441124K(662688K), 0.0024565 secs] [Times: user=0.00 sys=0.00, real=0.00 secs] 
2020-10-29T13:17:47.945+0000: [GC (Allocation Failure) 2020-10-29T13:17:47.945+0000: [ParNew: 16388K->4K(18432K), 0.0023609 secs] 457508K->441124K(662688K), 0.0024106 secs] [Times: user=0.00 sys=0.00, real=0.00 secs] 
2020-10-29T13:17:47.956+0000: [GC (Allocation Failure) 2020-10-29T13:17:47.957+0000: [ParNew: 16388K->4K(18432K), 0.0032387 secs] 457508K->449316K(662688K), 0.0032888 secs] [Times: user=0.00 sys=0.00, real=0.00 secs] 
2020-10-29T13:17:47.975+0000: [GC (Allocation Failure) 2020-10-29T13:17:47.975+0000: [ParNew: 16388K->4K(18432K), 0.0024000 secs] 465700K->449316K(662688K), 0.0024536 secs] [Times: user=0.00 sys=0.00, real=0.00 secs] 
2020-10-29T13:17:47.993+0000: [GC (Allocation Failure) 2020-10-29T13:17:47.993+0000: [ParNew: 16388K->4K(18432K), 0.0023839 secs] 465700K->449316K(662688K), 0.0024347 secs] [Times: user=0.01 sys=0.00, real=0.00 secs] 
2020-10-29T13:17:48.011+0000: [GC (Allocation Failure) 2020-10-29T13:17:48.011+0000: [ParNew: 16388K->4K(18432K), 0.0023867 secs] 465700K->449316K(662688K), 0.0024348 secs] [Times: user=0.00 sys=0.00, real=0.01 secs] 
2020-10-29T13:17:48.032+0000: [GC (Allocation Failure) 2020-10-29T13:17:48.032+0000: [ParNew: 16388K->4K(18432K), 0.0023551 secs] 465700K->449316K(662688K), 0.0024051 secs] [Times: user=0.00 sys=0.00, real=0.00 secs] 
2020-10-29T13:17:48.050+0000: [GC (Allocation Failure) 2020-10-29T13:17:48.050+0000: [ParNew: 16388K->4K(18432K), 0.0023958 secs] 465700K->449316K(662688K), 0.0024470 secs] [Times: user=0.01 sys=0.00, real=0.01 secs] 
2020-10-29T13:17:48.068+0000: [GC (Allocation Failure) 2020-10-29T13:17:48.068+0000: [ParNew: 16388K->4K(18432K), 0.0023617 secs] 465700K->449316K(662688K), 0.0024114 secs] [Times: user=0.00 sys=0.00, real=0.00 secs] 
2020-10-29T13:17:48.088+0000: [GC (Allocation Failure) 2020-10-29T13:17:48.088+0000: [ParNew: 16388K->4K(18432K), 0.0023385 secs] 465700K->449316K(662688K), 0.0023892 secs] [Times: user=0.00 sys=0.00, real=0.00 secs] 
2020-10-29T13:17:48.108+0000: [GC (Allocation Failure) 2020-10-29T13:17:48.109+0000: [ParNew: 16388K->4K(18432K), 0.0023728 secs] 465700K->449316K(662688K), 0.0024247 secs] [Times: user=0.01 sys=0.00, real=0.00 secs] 
2020-10-29T13:17:48.128+0000: [GC (Allocation Failure) 2020-10-29T13:17:48.129+0000: [ParNew: 16388K->4K(18432K), 0.0023956 secs] 465700K->449316K(662688K), 0.0024469 secs] [Times: user=0.00 sys=0.00, real=0.00 secs] 
2020-10-29T13:17:48.148+0000: [GC (Allocation Failure) 2020-10-29T13:17:48.148+0000: [ParNew: 16388K->4K(18432K), 0.0023932 secs] 465700K->449316K(662688K), 0.0024453 secs] [Times: user=0.01 sys=0.00, real=0.00 secs] 
2020-10-29T13:17:48.168+0000: [GC (Allocation Failure) 2020-10-29T13:17:48.169+0000: [ParNew: 16388K->4K(18432K), 0.0024008 secs] 465700K->449316K(662688K), 0.0024528 secs] [Times: user=0.00 sys=0.00, real=0.00 secs] 
2020-10-29T13:17:48.186+0000: [GC (Allocation Failure) 2020-10-29T13:17:48.186+0000: [ParNew: 16388K->4K(18432K), 0.0024204 secs] 465700K->449316K(662688K), 0.0024733 secs] [Times: user=0.01 sys=0.00, real=0.00 secs] 
2020-10-29T13:17:48.204+0000: [GC (Allocation Failure) 2020-10-29T13:17:48.204+0000: [ParNew: 16388K->4K(18432K), 0.0023997 secs] 465700K->449316K(662688K), 0.0024529 secs] [Times: user=0.00 sys=0.00, real=0.01 secs] 
2020-10-29T13:17:48.217+0000: [GC (Allocation Failure) 2020-10-29T13:17:48.217+0000: [ParNew: 11163K->4K(18432K), 0.0022313 secs] 460475K->449316K(662688K), 0.0022761 secs] [Times: user=0.00 sys=0.00, real=0.00 secs] 
2020-10-29T13:17:48.229+0000: [GC (Allocation Failure) 2020-10-29T13:17:48.229+0000: [ParNew: 16388K->4K(18432K), 0.0032522 secs] 465700K->457508K(662688K), 0.0032993 secs] [Times: user=0.01 sys=0.00, real=0.00 secs] 
2020-10-29T13:17:48.232+0000: [GC (CMS Initial Mark) [1 CMS-initial-mark: 457504K(644256K)] 457711K(662688K), 0.0012562 secs] [Times: user=0.00 sys=0.00, real=0.01 secs] 
2020-10-29T13:17:48.234+0000: [CMS-concurrent-mark-start]
2020-10-29T13:17:48.255+0000: [GC (Allocation Failure) 2020-10-29T13:17:48.255+0000: [ParNew: 16388K->4K(18432K), 0.0022916 secs] 473892K->457508K(662688K), 0.0023432 secs] [Times: user=0.00 sys=0.00, real=0.00 secs] 
2020-10-29T13:17:48.278+0000: [GC (Allocation Failure) 2020-10-29T13:17:48.278+0000: [ParNew: 16388K->4K(18432K), 0.0023871 secs] 473892K->457508K(662688K), 0.0024406 secs] [Times: user=0.01 sys=0.00, real=0.00 secs] 
2020-10-29T13:17:48.300+0000: [GC (Allocation Failure) 2020-10-29T13:17:48.301+0000: [ParNew: 16388K->4K(18432K), 0.0023114 secs] 473892K->457508K(662688K), 0.0023615 secs] [Times: user=0.00 sys=0.00, real=0.00 secs] 
2020-10-29T13:17:48.325+0000: [CMS-concurrent-mark: 0.077/0.092 secs] [Times: user=0.17 sys=0.01, real=0.09 secs] 
2020-10-29T13:17:48.325+0000: [CMS-concurrent-preclean-start]
2020-10-29T13:17:48.328+0000: [GC (Allocation Failure) 2020-10-29T13:17:48.328+0000: [ParNew: 16388K->4K(18432K), 0.0019918 secs] 473892K->457508K(662688K), 0.0020292 secs] [Times: user=0.00 sys=0.00, real=0.00 secs] 
2020-10-29T13:17:48.340+0000: [CMS-concurrent-preclean: 0.011/0.015 secs] [Times: user=0.02 sys=0.01, real=0.01 secs] 
2020-10-29T13:17:48.340+0000: [CMS-concurrent-abortable-preclean-start]
2020-10-29T13:17:48.348+0000: [GC (Allocation Failure) 2020-10-29T13:17:48.349+0000: [ParNew: 16388K->4K(18432K), 0.0024061 secs] 473892K->457508K(662688K), 0.0024557 secs] [Times: user=0.00 sys=0.00, real=0.00 secs] 
2020-10-29T13:17:48.351+0000: [CMS-concurrent-abortable-preclean: 0.002/0.011 secs] [Times: user=0.02 sys=0.00, real=0.01 secs] 
2020-10-29T13:17:48.352+0000: [GC (CMS Final Remark) [YG occupancy: 331 K (18432 K)]2020-10-29T13:17:48.352+0000: [Rescan (parallel) , 0.0014480 secs]2020-10-29T13:17:48.354+0000: [weak refs processing, 0.0000250 secs]2020-10-29T13:17:48.354+0000: [class unloading, 0.0075468 secs]2020-10-29T13:17:48.362+0000: [scrub symbol table, 0.0090631 secs]2020-10-29T13:17:48.371+0000: [scrub string table, 0.0005509 secs][1 CMS-remark: 457504K(644256K)] 457835K(662688K), 0.0187469 secs] [Times: user=0.02 sys=0.00, real=0.01 secs] 
2020-10-29T13:17:48.371+0000: [CMS-concurrent-sweep-start]
2020-10-29T13:17:48.391+0000: [CMS-concurrent-sweep: 0.020/0.020 secs] [Times: user=0.04 sys=0.00, real=0.02 secs] 
2020-10-29T13:17:48.391+0000: [CMS-concurrent-reset-start]
2020-10-29T13:17:48.393+0000: [GC (Allocation Failure) 2020-10-29T13:17:48.393+0000: [ParNew: 16388K->4K(18432K), 0.0024812 secs] 441029K->424645K(726172K), 0.0025189 secs] [Times: user=0.01 sys=0.00, real=0.00 secs] 
2020-10-29T13:17:48.396+0000: [CMS-concurrent-reset: 0.002/0.004 secs] [Times: user=0.01 sys=0.00, real=0.01 secs] 
2020-10-29T13:17:48.411+0000: [GC (Allocation Failure) 2020-10-29T13:17:48.411+0000: [ParNew: 16388K->4K(18432K), 0.0026449 secs] 441029K->424645K(726172K), 0.0026974 secs] [Times: user=0.01 sys=0.00, real=0.01 secs] 
2020-10-29T13:17:48.432+0000: [GC (Allocation Failure) 2020-10-29T13:17:48.432+0000: [ParNew: 16388K->4K(18432K), 0.0025843 secs] 441029K->424645K(726172K), 0.0026353 secs] [Times: user=0.00 sys=0.00, real=0.00 secs] 
2020-10-29T13:17:48.452+0000: [GC (Allocation Failure) 2020-10-29T13:17:48.453+0000: [ParNew: 16388K->4K(18432K), 0.0025081 secs] 441029K->424645K(726172K), 0.0025566 secs] [Times: user=0.00 sys=0.00, real=0.00 secs] 
2020-10-29T13:17:48.470+0000: [GC (Allocation Failure) 2020-10-29T13:17:48.470+0000: [ParNew: 16388K->4K(18432K), 0.0023974 secs] 441029K->424645K(726172K), 0.0024413 secs] [Times: user=0.01 sys=0.00, real=0.01 secs] 
2020-10-29T13:17:48.488+0000: [GC (Allocation Failure) 2020-10-29T13:17:48.488+0000: [ParNew: 16388K->4K(18432K), 0.0024201 secs] 441029K->424645K(726172K), 0.0024655 secs] [Times: user=0.00 sys=0.00, real=0.00 secs] 
2020-10-29T13:17:48.508+0000: [GC (Allocation Failure) 2020-10-29T13:17:48.508+0000: [ParNew: 16388K->4K(18432K), 0.0024601 secs] 441029K->424645K(726172K), 0.0025061 secs] [Times: user=0.01 sys=0.00, real=0.00 secs] 
2020-10-29T13:17:48.528+0000: [GC (Allocation Failure) 2020-10-29T13:17:48.528+0000: [ParNew: 16388K->4K(18432K), 0.0024916 secs] 441029K->424645K(726172K), 0.0025389 secs] [Times: user=0.01 sys=0.00, real=0.00 secs] 
2020-10-29T13:17:48.546+0000: [GC (Allocation Failure) 2020-10-29T13:17:48.546+0000: [ParNew: 16388K->4K(18432K), 0.0024656 secs] 441029K->424645K(726172K), 0.0025129 secs] [Times: user=0.01 sys=0.00, real=0.00 secs] 
2020-10-29T13:17:48.560+0000: [GC (Allocation Failure) 2020-10-29T13:17:48.560+0000: [ParNew: 16329K->4K(18432K), 0.0033761 secs] 440971K->432837K(726172K), 0.0034280 secs] [Times: user=0.00 sys=0.00, real=0.00 secs] 
2020-10-29T13:17:48.578+0000: [GC (Allocation Failure) 2020-10-29T13:17:48.578+0000: [ParNew: 16387K->4K(18432K), 0.0024957 secs] 449221K->432837K(726172K), 0.0025419 secs] [Times: user=0.01 sys=0.00, real=0.00 secs] 
2020-10-29T13:17:48.597+0000: [GC (Allocation Failure) 2020-10-29T13:17:48.597+0000: [ParNew: 16388K->4K(18432K), 0.0041205 secs] 449221K->432837K(726172K), 0.0041706 secs] [Times: user=0.01 sys=0.00, real=0.00 secs] 
2020-10-29T13:17:48.620+0000: [GC (Allocation Failure) 2020-10-29T13:17:48.620+0000: [ParNew: 16388K->4K(18432K), 0.0024987 secs] 449221K->432837K(726172K), 0.0025470 secs] [Times: user=0.00 sys=0.00, real=0.00 secs] 
2020-10-29T13:17:48.640+0000: [GC (Allocation Failure) 2020-10-29T13:17:48.640+0000: [ParNew: 16388K->4K(18432K), 0.0024637 secs] 449221K->432837K(726172K), 0.0025107 secs] [Times: user=0.01 sys=0.00, real=0.00 secs] 
2020-10-29T13:17:48.658+0000: [GC (Allocation Failure) 2020-10-29T13:17:48.658+0000: [ParNew: 16388K->4K(18432K), 0.0025682 secs] 449221K->432837K(726172K), 0.0026181 secs] [Times: user=0.00 sys=0.00, real=0.00 secs] 
2020-10-29T13:17:48.676+0000: [GC (Allocation Failure) 2020-10-29T13:17:48.676+0000: [ParNew: 16388K->4K(18432K), 0.0024557 secs] 449221K->432837K(726172K), 0.0025003 secs] [Times: user=0.01 sys=0.00, real=0.00 secs] 
2020-10-29T13:17:48.696+0000: [GC (Allocation Failure) 2020-10-29T13:17:48.696+0000: [ParNew: 16388K->4K(18432K), 0.0025349 secs] 449221K->432837K(726172K), 0.0025856 secs] [Times: user=0.00 sys=0.00, real=0.00 secs] 
2020-10-29T13:17:48.716+0000: [GC (Allocation Failure) 2020-10-29T13:17:48.716+0000: [ParNew: 16388K->4K(18432K), 0.0025100 secs] 449221K->432837K(726172K), 0.0025609 secs] [Times: user=0.01 sys=0.00, real=0.00 secs] 
2020-10-29T13:17:48.736+0000: [GC (Allocation Failure) 2020-10-29T13:17:48.737+0000: [ParNew: 16388K->4K(18432K), 0.0025607 secs] 449221K->432837K(726172K), 0.0026114 secs] [Times: user=0.00 sys=0.00, real=0.00 secs] 
2020-10-29T13:17:48.754+0000: [GC (Allocation Failure) 2020-10-29T13:17:48.754+0000: [ParNew: 13120K->4K(18432K), 0.0024460 secs] 445954K->432837K(726172K), 0.0025015 secs] [Times: user=0.00 sys=0.00, real=0.00 secs] 
2020-10-29T13:17:48.764+0000: [GC (Allocation Failure) 2020-10-29T13:17:48.764+0000: [ParNew: 16388K->4K(18432K), 0.0033904 secs] 449221K->441029K(726172K), 0.0034369 secs] [Times: user=0.01 sys=0.00, real=0.00 secs] 
2020-10-29T13:17:48.783+0000: [GC (Allocation Failure) 2020-10-29T13:17:48.783+0000: [ParNew: 16388K->4K(18432K), 0.0025571 secs] 457413K->441029K(726172K), 0.0026087 secs] [Times: user=0.00 sys=0.00, real=0.01 secs] 
2020-10-29T13:17:48.801+0000: [GC (Allocation Failure) 2020-10-29T13:17:48.801+0000: [ParNew: 16388K->4K(18432K), 0.0025165 secs] 457413K->441029K(726172K), 0.0025664 secs] [Times: user=0.01 sys=0.00, real=0.00 secs] 
2020-10-29T13:17:48.819+0000: [GC (Allocation Failure) 2020-10-29T13:17:48.819+0000: [ParNew: 16388K->4K(18432K), 0.0024605 secs] 457413K->441029K(726172K), 0.0025065 secs] [Times: user=0.00 sys=0.00, real=0.00 secs] 
2020-10-29T13:17:48.840+0000: [GC (Allocation Failure) 2020-10-29T13:17:48.840+0000: [ParNew: 16388K->4K(18432K), 0.0024353 secs] 457413K->441029K(726172K), 0.0024812 secs] [Times: user=0.00 sys=0.00, real=0.00 secs] 
2020-10-29T13:17:48.858+0000: [GC (Allocation Failure) 2020-10-29T13:17:48.858+0000: [ParNew: 16388K->4K(18432K), 0.0025068 secs] 457413K->441029K(726172K), 0.0025640 secs] [Times: user=0.00 sys=0.00, real=0.00 secs] 
2020-10-29T13:17:48.876+0000: [GC (Allocation Failure) 2020-10-29T13:17:48.876+0000: [ParNew: 16388K->4K(18432K), 0.0024437 secs] 457413K->441030K(726172K), 0.0024894 secs] [Times: user=0.01 sys=0.00, real=0.00 secs] 
2020-10-29T13:17:48.901+0000: [GC (Allocation Failure) 2020-10-29T13:17:48.901+0000: [ParNew: 16388K->4K(18432K), 0.0025388 secs] 457414K->441030K(726172K), 0.0025893 secs] [Times: user=0.00 sys=0.00, real=0.00 secs] 
2020-10-29T13:17:48.923+0000: [GC (Allocation Failure) 2020-10-29T13:17:48.923+0000: [ParNew: 16388K->4K(18432K), 0.0026417 secs] 457414K->441030K(726172K), 0.0026880 secs] [Times: user=0.00 sys=0.00, real=0.01 secs] 
2020-10-29T13:17:48.943+0000: [GC (Allocation Failure) 2020-10-29T13:17:48.943+0000: [ParNew: 16388K->4K(18432K), 0.0026075 secs] 457414K->441030K(726172K), 0.0026513 secs] [Times: user=0.01 sys=0.00, real=0.01 secs] 
2020-10-29T13:17:48.962+0000: [GC (Allocation Failure) 2020-10-29T13:17:48.962+0000: [ParNew: 16388K->4K(18432K), 0.0026976 secs] 457414K->441030K(726172K), 0.0027561 secs] [Times: user=0.00 sys=0.00, real=0.01 secs] 
2020-10-29T13:17:48.984+0000: [GC (Allocation Failure) 2020-10-29T13:17:48.984+0000: [ParNew: 16388K->4K(18432K), 0.0025058 secs] 457414K->441030K(726172K), 0.0025514 secs] [Times: user=0.00 sys=0.00, real=0.01 secs] 
2020-10-29T13:17:49.004+0000: [GC (Allocation Failure) 2020-10-29T13:17:49.004+0000: [ParNew: 16388K->4K(18432K), 0.0025321 secs] 457414K->441030K(726172K), 0.0025844 secs] [Times: user=0.01 sys=0.00, real=0.01 secs] 
2020-10-29T13:17:49.022+0000: [GC (Allocation Failure) 2020-10-29T13:17:49.022+0000: [ParNew: 16388K->4K(18432K), 0.0024551 secs] 457414K->441030K(726172K), 0.0025017 secs] [Times: user=0.00 sys=0.00, real=0.00 secs] 
2020-10-29T13:17:49.040+0000: [GC (Allocation Failure) 2020-10-29T13:17:49.040+0000: [ParNew: 16388K->4K(18432K), 0.0023923 secs] 457414K->441030K(726172K), 0.0024380 secs] [Times: user=0.01 sys=0.00, real=0.00 secs] 
2020-10-29T13:17:49.060+0000: [GC (Allocation Failure) 2020-10-29T13:17:49.060+0000: [ParNew: 16388K->4K(18432K), 0.0024730 secs] 457414K->441030K(726172K), 0.0025215 secs] [Times: user=0.01 sys=0.00, real=0.00 secs] 
2020-10-29T13:17:49.072+0000: [GC (Allocation Failure) 2020-10-29T13:17:49.072+0000: [ParNew: 16388K->4K(18432K), 0.0032464 secs] 457414K->449222K(726172K), 0.0032924 secs] [Times: user=0.00 sys=0.00, real=0.01 secs] 
2020-10-29T13:17:49.091+0000: [GC (Allocation Failure) 2020-10-29T13:17:49.091+0000: [ParNew: 16388K->4K(18432K), 0.0025195 secs] 465606K->449222K(726172K), 0.0025668 secs] [Times: user=0.01 sys=0.00, real=0.01 secs] 
2020-10-29T13:17:49.109+0000: [GC (Allocation Failure) 2020-10-29T13:17:49.109+0000: [ParNew: 16388K->4K(18432K), 0.0023963 secs] 465606K->449222K(726172K), 0.0024409 secs] [Times: user=0.00 sys=0.00, real=0.00 secs] 
2020-10-29T13:17:49.128+0000: [GC (Allocation Failure) 2020-10-29T13:17:49.129+0000: [ParNew: 16388K->4K(18432K), 0.0024440 secs] 465606K->449222K(726172K), 0.0024916 secs] [Times: user=0.00 sys=0.00, real=0.00 secs] 
2020-10-29T13:17:49.147+0000: [GC (Allocation Failure) 2020-10-29T13:17:49.147+0000: [ParNew: 16388K->4K(18432K), 0.0024031 secs] 465606K->449222K(726172K), 0.0024481 secs] [Times: user=0.01 sys=0.00, real=0.00 secs] 
2020-10-29T13:17:49.164+0000: [GC (Allocation Failure) 2020-10-29T13:17:49.164+0000: [ParNew: 16388K->4K(18432K), 0.0024543 secs] 465606K->449222K(726172K), 0.0025016 secs] [Times: user=0.00 sys=0.00, real=0.01 secs] 
2020-10-29T13:17:49.182+0000: [GC (Allocation Failure) 2020-10-29T13:17:49.182+0000: [ParNew: 16388K->4K(18432K), 0.0024580 secs] 465606K->449222K(726172K), 0.0025041 secs] [Times: user=0.01 sys=0.00, real=0.01 secs] 
2020-10-29T13:17:49.200+0000: [GC (Allocation Failure) 2020-10-29T13:17:49.200+0000: [ParNew: 16388K->4K(18432K), 0.0023769 secs] 465606K->449222K(726172K), 0.0024202 secs] [Times: user=0.00 sys=0.00, real=0.00 secs] 
2020-10-29T13:17:49.218+0000: [GC (Allocation Failure) 2020-10-29T13:17:49.218+0000: [ParNew: 16388K->4K(18432K), 0.0024094 secs] 465606K->449222K(726172K), 0.0024562 secs] [Times: user=0.01 sys=0.00, real=0.00 secs] 
2020-10-29T13:17:49.236+0000: [GC (Allocation Failure) 2020-10-29T13:17:49.236+0000: [ParNew: 16388K->4K(18432K), 0.0023563 secs] 465606K->449222K(726172K), 0.0023996 secs] [Times: user=0.00 sys=0.00, real=0.00 secs] 
2020-10-29T13:17:49.252+0000: [GC (Allocation Failure) 2020-10-29T13:17:49.252+0000: [ParNew: 12263K->4K(18432K), 0.0023947 secs] 461481K->449222K(726172K), 0.0024409 secs] [Times: user=0.01 sys=0.00, real=0.00 secs] 
2020-10-29T13:17:49.264+0000: [GC (Allocation Failure) 2020-10-29T13:17:49.264+0000: [ParNew: 16388K->4K(18432K), 0.0033112 secs] 465606K->457414K(726172K), 0.0033558 secs] [Times: user=0.01 sys=0.00, real=0.01 secs] 
2020-10-29T13:17:49.282+0000: [GC (Allocation Failure) 2020-10-29T13:17:49.282+0000: [ParNew: 16388K->4K(18432K), 0.0024105 secs] 473798K->457414K(726172K), 0.0024530 secs] [Times: user=0.00 sys=0.00, real=0.01 secs] 
2020-10-29T13:17:49.300+0000: [GC (Allocation Failure) 2020-10-29T13:17:49.300+0000: [ParNew: 16388K->4K(18432K), 0.0025145 secs] 473798K->457414K(726172K), 0.0025649 secs] [Times: user=0.01 sys=0.00, real=0.00 secs] 
2020-10-29T13:17:49.321+0000: [GC (Allocation Failure) 2020-10-29T13:17:49.321+0000: [ParNew: 16388K->4K(18432K), 0.0024596 secs] 473798K->457414K(726172K), 0.0025025 secs] [Times: user=0.00 sys=0.00, real=0.00 secs] 
2020-10-29T13:17:49.340+0000: [GC (Allocation Failure) 2020-10-29T13:17:49.341+0000: [ParNew: 16388K->4K(18432K), 0.0025769 secs] 473798K->457414K(726172K), 0.0026292 secs] [Times: user=0.01 sys=0.00, real=0.00 secs] 
2020-10-29T13:17:49.358+0000: [GC (Allocation Failure) 2020-10-29T13:17:49.358+0000: [ParNew: 16388K->4K(18432K), 0.0025909 secs] 473798K->457414K(726172K), 0.0026440 secs] [Times: user=0.00 sys=0.00, real=0.00 secs] 
2020-10-29T13:17:49.376+0000: [GC (Allocation Failure) 2020-10-29T13:17:49.376+0000: [ParNew: 16388K->2K(18432K), 0.0041995 secs] 473798K->457412K(726172K), 0.0042487 secs] [Times: user=0.01 sys=0.00, real=0.00 secs] 
2020-10-29T13:17:49.396+0000: [GC (Allocation Failure) 2020-10-29T13:17:49.396+0000: [ParNew: 16386K->4K(18432K), 0.0025320 secs] 473796K->457414K(726172K), 0.0025840 secs] [Times: user=0.00 sys=0.00, real=0.00 secs] 
2020-10-29T13:17:49.414+0000: [GC (Allocation Failure) 2020-10-29T13:17:49.414+0000: [ParNew: 16388K->4K(18432K), 0.0025534 secs] 473798K->457414K(726172K), 0.0026054 secs] [Times: user=0.01 sys=0.00, real=0.00 secs] 
2020-10-29T13:17:49.432+0000: [GC (Allocation Failure) 2020-10-29T13:17:49.432+0000: [ParNew: 16388K->4K(18432K), 0.0024442 secs] 473798K->457414K(726172K), 0.0024917 secs] [Times: user=0.00 sys=0.00, real=0.01 secs] 
2020-10-29T13:17:49.449+0000: [GC (Allocation Failure) 2020-10-29T13:17:49.450+0000: [ParNew: 16388K->4K(18432K), 0.0024116 secs] 473798K->457414K(726172K), 0.0024576 secs] [Times: user=0.01 sys=0.00, real=0.00 secs] 
2020-10-29T13:17:49.467+0000: [GC (Allocation Failure) 2020-10-29T13:17:49.467+0000: [ParNew: 16388K->4K(18432K), 0.0025622 secs] 473798K->457414K(726172K), 0.0026140 secs] [Times: user=0.01 sys=0.00, real=0.00 secs] 
2020-10-29T13:17:49.488+0000: [GC (Allocation Failure) 2020-10-29T13:17:49.488+0000: [ParNew: 16388K->4K(18432K), 0.0024667 secs] 473798K->457414K(726172K), 0.0025144 secs] [Times: user=0.00 sys=0.00, real=0.00 secs] 
2020-10-29T13:17:49.508+0000: [GC (Allocation Failure) 2020-10-29T13:17:49.508+0000: [ParNew: 16388K->4K(18432K), 0.0025060 secs] 473798K->457414K(726172K), 0.0025494 secs] [Times: user=0.00 sys=0.00, real=0.00 secs] 
2020-10-29T13:17:49.530+0000: [GC (Allocation Failure) 2020-10-29T13:17:49.531+0000: [ParNew: 16388K->4K(18432K), 0.0025568 secs] 473798K->457414K(726172K), 0.0026088 secs] [Times: user=0.00 sys=0.00, real=0.01 secs] 
2020-10-29T13:17:49.552+0000: [GC (Allocation Failure) 2020-10-29T13:17:49.552+0000: [ParNew: 16388K->4K(18432K), 0.0024924 secs] 473798K->457414K(726172K), 0.0025411 secs] [Times: user=0.01 sys=0.00, real=0.00 secs] 
2020-10-29T13:17:49.570+0000: [GC (Allocation Failure) 2020-10-29T13:17:49.570+0000: [ParNew: 16388K->4K(18432K), 0.0023788 secs] 473798K->457414K(726172K), 0.0024218 secs] [Times: user=0.00 sys=0.00, real=0.01 secs] 
2020-10-29T13:17:49.584+0000: [GC (Allocation Failure) 2020-10-29T13:17:49.584+0000: [ParNew: 16388K->4K(18432K), 0.0034071 secs] 473798K->465606K(726172K), 0.0034581 secs] [Times: user=0.01 sys=0.00, real=0.00 secs] 
2020-10-29T13:17:49.603+0000: [GC (Allocation Failure) 2020-10-29T13:17:49.603+0000: [ParNew: 16388K->4K(18432K), 0.0025398 secs] 481990K->465606K(726172K), 0.0025890 secs] [Times: user=0.00 sys=0.00, real=0.01 secs] 
2020-10-29T13:17:49.624+0000: [GC (Allocation Failure) 2020-10-29T13:17:49.624+0000: [ParNew: 16388K->4K(18432K), 0.0024688 secs] 481990K->465606K(726172K), 0.0025163 secs] [Times: user=0.01 sys=0.00, real=0.00 secs] 
2020-10-29T13:17:49.642+0000: [GC (Allocation Failure) 2020-10-29T13:17:49.642+0000: [ParNew: 16388K->4K(18432K), 0.0024031 secs] 481990K->465606K(726172K), 0.0024483 secs] [Times: user=0.00 sys=0.00, real=0.01 secs] 
2020-10-29T13:17:49.660+0000: [GC (Allocation Failure) 2020-10-29T13:17:49.660+0000: [ParNew: 16388K->4K(18432K), 0.0025580 secs] 481990K->465606K(726172K), 0.0026096 secs] [Times: user=0.00 sys=0.00, real=0.00 secs] 
2020-10-29T13:17:49.678+0000: [GC (Allocation Failure) 2020-10-29T13:17:49.678+0000: [ParNew: 16388K->4K(18432K), 0.0025227 secs] 481990K->465606K(726172K), 0.0025732 secs] [Times: user=0.01 sys=0.00, real=0.00 secs] 
2020-10-29T13:17:49.696+0000: [GC (Allocation Failure) 2020-10-29T13:17:49.696+0000: [ParNew: 16388K->4K(18432K), 0.0025354 secs] 481990K->465606K(726172K), 0.0025885 secs] [Times: user=0.00 sys=0.00, real=0.00 secs] 
2020-10-29T13:17:49.716+0000: [GC (Allocation Failure) 2020-10-29T13:17:49.716+0000: [ParNew: 16388K->4K(18432K), 0.0025801 secs] 481990K->465606K(726172K), 0.0026342 secs] [Times: user=0.01 sys=0.00, real=0.00 secs] 
2020-10-29T13:17:49.735+0000: [GC (Allocation Failure) 2020-10-29T13:17:49.735+0000: [ParNew: 16388K->4K(18432K), 0.0025405 secs] 481990K->465606K(726172K), 0.0025923 secs] [Times: user=0.00 sys=0.00, real=0.00 secs] 
2020-10-29T13:17:49.748+0000: [GC (Allocation Failure) 2020-10-29T13:17:49.748+0000: [ParNew: 10972K->4K(18432K), 0.0025088 secs] 476574K->465606K(726172K), 0.0025606 secs] [Times: user=0.01 sys=0.00, real=0.00 secs] 
2020-10-29T13:17:49.764+0000: [GC (Allocation Failure) 2020-10-29T13:17:49.764+0000: [ParNew: 16388K->4K(18432K), 0.0035457 secs] 481990K->473798K(726172K), 0.0035919 secs] [Times: user=0.00 sys=0.00, real=0.01 secs] 
2020-10-29T13:17:49.784+0000: [GC (Allocation Failure) 2020-10-29T13:17:49.785+0000: [ParNew: 16388K->4K(18432K), 0.0025564 secs] 490182K->473798K(726172K), 0.0026094 secs] [Times: user=0.01 sys=0.00, real=0.00 secs] 
2020-10-29T13:17:49.803+0000: [GC (Allocation Failure) 2020-10-29T13:17:49.803+0000: [ParNew: 16388K->4K(18432K), 0.0024430 secs] 490182K->473798K(726172K), 0.0024891 secs] [Times: user=0.00 sys=0.00, real=0.01 secs] 
2020-10-29T13:17:49.824+0000: [GC (Allocation Failure) 2020-10-29T13:17:49.824+0000: [ParNew: 16388K->4K(18432K), 0.0025561 secs] 490182K->473798K(726172K), 0.0026049 secs] [Times: user=0.00 sys=0.00, real=0.01 secs] 
2020-10-29T13:17:49.842+0000: [GC (Allocation Failure) 2020-10-29T13:17:49.842+0000: [ParNew: 16388K->4K(18432K), 0.0025321 secs] 490182K->473798K(726172K), 0.0025847 secs] [Times: user=0.01 sys=0.00, real=0.01 secs] 
2020-10-29T13:17:49.860+0000: [GC (Allocation Failure) 2020-10-29T13:17:49.860+0000: [ParNew: 16388K->4K(18432K), 0.0024528 secs] 490182K->473798K(726172K), 0.0025054 secs] [Times: user=0.00 sys=0.00, real=0.00 secs] 
2020-10-29T13:17:49.877+0000: [GC (Allocation Failure) 2020-10-29T13:17:49.877+0000: [ParNew: 16388K->4K(18432K), 0.0024639 secs] 490182K->473798K(726172K), 0.0025108 secs] [Times: user=0.01 sys=0.00, real=0.00 secs] 
2020-10-29T13:17:49.903+0000: [GC (Allocation Failure) 2020-10-29T13:17:49.903+0000: [ParNew: 16388K->4K(18432K), 0.0025540 secs] 490182K->473798K(726172K), 0.0026132 secs] [Times: user=0.00 sys=0.00, real=0.01 secs] 
2020-10-29T13:17:49.922+0000: [GC (Allocation Failure) 2020-10-29T13:17:49.922+0000: [ParNew: 16388K->11K(18432K), 0.0026362 secs] 490182K->473806K(726172K), 0.0026787 secs] [Times: user=0.01 sys=0.00, real=0.01 secs] 
2020-10-29T13:17:49.957+0000: [GC (Allocation Failure) 2020-10-29T13:17:49.957+0000: [ParNew: 16395K->1165K(18432K), 0.0028398 secs] 490190K->474959K(726172K), 0.0029715 secs] [Times: user=0.01 sys=0.00, real=0.00 secs] 
2020-10-29T13:17:49.990+0000: [GC (Allocation Failure) 2020-10-29T13:17:49.990+0000: [ParNew: 17549K->7K(18432K), 0.0028274 secs] 491343K->474929K(726172K), 0.0028809 secs] [Times: user=0.00 sys=0.00, real=0.01 secs] 
2020-10-29T13:17:50.024+0000: [GC (Allocation Failure) 2020-10-29T13:17:50.024+0000: [ParNew: 16391K->4K(18432K), 0.0024930 secs] 491313K->474926K(726172K), 0.0025425 secs] [Times: user=0.01 sys=0.00, real=0.00 secs] 
2020-10-29T13:17:50.058+0000: [GC (Allocation Failure) 2020-10-29T13:17:50.058+0000: [ParNew: 16388K->4K(18432K), 0.0025298 secs] 491310K->474926K(726172K), 0.0025944 secs] [Times: user=0.00 sys=0.01, real=0.00 secs] 
2020-10-29T13:17:50.084+0000: [GC (Allocation Failure) 2020-10-29T13:17:50.084+0000: [ParNew: 11144K->4K(18432K), 0.0025003 secs] 486066K->474926K(726172K), 0.0025511 secs] [Times: user=0.01 sys=0.00, real=0.00 secs] 
2020-10-29T13:17:50.104+0000: [GC (Allocation Failure) 2020-10-29T13:17:50.104+0000: [ParNew: 16388K->4K(18432K), 0.0081574 secs] 491310K->483118K(726172K), 0.0082070 secs] [Times: user=0.01 sys=0.01, real=0.01 secs] 
2020-10-29T13:17:50.144+0000: [GC (Allocation Failure) 2020-10-29T13:17:50.144+0000: [ParNew: 16388K->4K(18432K), 0.0025554 secs] 499502K->483118K(726172K), 0.0026076 secs] [Times: user=0.01 sys=0.00, real=0.00 secs] 
2020-10-29T13:17:50.176+0000: [GC (Allocation Failure) 2020-10-29T13:17:50.176+0000: [ParNew: 16388K->4K(18432K), 0.0025400 secs] 499502K->483118K(726172K), 0.0025917 secs] [Times: user=0.01 sys=0.00, real=0.00 secs] 
2020-10-29T13:17:50.210+0000: [GC (Allocation Failure) 2020-10-29T13:17:50.210+0000: [ParNew: 16388K->4K(18432K), 0.0025949 secs] 499502K->483118K(726172K), 0.0026460 secs] [Times: user=0.01 sys=0.00, real=0.01 secs] 
2020-10-29T13:17:50.369+0000: [GC (Allocation Failure) 2020-10-29T13:17:50.369+0000: [ParNew: 16388K->1124K(18432K), 0.0027396 secs] 499502K->484238K(726172K), 0.0027949 secs] [Times: user=0.01 sys=0.00, real=0.00 secs] 
2020-10-29T13:17:50.860+0000: [GC (Allocation Failure) 2020-10-29T13:17:50.860+0000: [ParNew: 17508K->2K(18432K), 0.0029056 secs] 500622K->484240K(726172K), 0.0029817 secs] [Times: user=0.01 sys=0.00, real=0.00 secs] 
2020-10-29T13:17:51.860+0000: [GC (Allocation Failure) 2020-10-29T13:17:51.861+0000: [ParNew: 16386K->90K(18432K), 0.0025856 secs] 566160K->549864K(726172K), 0.0026321 secs] [Times: user=0.01 sys=0.00, real=0.00 secs] 
2020-10-29T13:17:51.863+0000: [GC (CMS Initial Mark) [1 CMS-initial-mark: 549774K(707740K)] 549864K(726172K), 0.0012033 secs] [Times: user=0.00 sys=0.00, real=0.01 secs] 
2020-10-29T13:17:51.865+0000: [CMS-concurrent-mark-start]
2020-10-29T13:17:51.917+0000: [GC (Allocation Failure) 2020-10-29T13:17:51.917+0000: [ParNew: 16474K->264K(18432K), 0.0026212 secs] 566248K->550038K(726172K), 0.0026651 secs] [Times: user=0.00 sys=0.00, real=0.00 secs] 
2020-10-29T13:17:51.925+0000: [CMS-concurrent-mark: 0.057/0.060 secs] [Times: user=0.11 sys=0.00, real=0.06 secs] 
2020-10-29T13:17:51.925+0000: [CMS-concurrent-preclean-start]
2020-10-29T13:17:51.927+0000: [CMS-concurrent-preclean: 0.003/0.003 secs] [Times: user=0.00 sys=0.00, real=0.00 secs] 
2020-10-29T13:17:51.927+0000: [CMS-concurrent-abortable-preclean-start]
2020-10-29T13:17:51.951+0000: [GC (GCLocker Initiated GC) 2020-10-29T13:17:51.951+0000: [ParNew: 16648K->520K(18432K), 0.0026030 secs] 566422K->550295K(726172K), 0.0026580 secs] [Times: user=0.01 sys=0.00, real=0.01 secs] 
2020-10-29T13:17:51.954+0000: [CMS-concurrent-abortable-preclean: 0.004/0.027 secs] [Times: user=0.06 sys=0.00, real=0.03 secs] 
2020-10-29T13:17:51.956+0000: [GC (CMS Final Remark) [YG occupancy: 782 K (18432 K)]2020-10-29T13:17:51.956+0000: [Rescan (parallel) , 0.0017500 secs]2020-10-29T13:17:51.958+0000: [weak refs processing, 0.0000289 secs]2020-10-29T13:17:51.958+0000: [class unloading, 0.0076028 secs]2020-10-29T13:17:51.966+0000: [scrub symbol table, 0.0091014 secs]2020-10-29T13:17:51.975+0000: [scrub string table, 0.0005555 secs][1 CMS-remark: 549774K(707740K)] 550556K(726172K), 0.0191638 secs] [Times: user=0.02 sys=0.01, real=0.02 secs] 
2020-10-29T13:17:51.976+0000: [CMS-concurrent-sweep-start]
2020-10-29T13:17:51.996+0000: [CMS-concurrent-sweep: 0.020/0.020 secs] [Times: user=0.03 sys=0.00, real=0.02 secs] 
2020-10-29T13:17:51.997+0000: [CMS-concurrent-reset-start]
2020-10-29T13:17:51.998+0000: [CMS-concurrent-reset: 0.002/0.002 secs] [Times: user=0.00 sys=0.00, real=0.00 secs] 
2020-10-29T13:17:52.004+0000: [GC (Allocation Failure) 2020-10-29T13:17:52.004+0000: [ParNew: 16904K->521K(18432K), 0.0031225 secs] 565554K->549170K(896640K), 0.0031616 secs] [Times: user=0.01 sys=0.00, real=0.01 secs] 
2020-10-29T13:17:52.036+0000: [GC (Allocation Failure) 2020-10-29T13:17:52.036+0000: [ParNew: 16905K->1033K(18432K), 0.0031476 secs] 565554K->549682K(896640K), 0.0031927 secs] [Times: user=0.01 sys=0.00, real=0.00 secs] 
2020-10-29T13:17:52.066+0000: [GC (Allocation Failure) 2020-10-29T13:17:52.066+0000: [ParNew: 17417K->6K(18432K), 0.0032345 secs] 566066K->549684K(896640K), 0.0032781 secs] [Times: user=0.01 sys=0.00, real=0.00 secs] 
2020-10-29T13:17:52.100+0000: [GC (Allocation Failure) 2020-10-29T13:17:52.100+0000: [ParNew: 16390K->4K(18432K), 0.0029785 secs] 566068K->549682K(896640K), 0.0030222 secs] [Times: user=0.00 sys=0.00, real=0.00 secs] 
2020-10-29T13:17:52.130+0000: [GC (Allocation Failure) 2020-10-29T13:17:52.130+0000: [ParNew: 16388K->4K(18432K), 0.0029825 secs] 566066K->549682K(896640K), 0.0030345 secs] [Times: user=0.01 sys=0.00, real=0.01 secs] 
2020-10-29T13:17:52.160+0000: [GC (Allocation Failure) 2020-10-29T13:17:52.160+0000: [ParNew: 16388K->68K(18432K), 0.0030045 secs] 566066K->549746K(896640K), 0.0030554 secs] [Times: user=0.00 sys=0.00, real=0.00 secs] 
2020-10-29T13:17:52.179+0000: [GC (Allocation Failure) 2020-10-29T13:17:52.180+0000: [ParNew: 16452K->264K(18432K), 0.0033578 secs] 566130K->551990K(896640K), 0.0034228 secs] [Times: user=0.01 sys=0.00, real=0.00 secs] 
2020-10-29T13:17:52.200+0000: [GC (Allocation Failure) 2020-10-29T13:17:52.201+0000: [ParNew: 16648K->519K(18432K), 0.0030185 secs] 568374K->552245K(896640K), 0.0030691 secs] [Times: user=0.01 sys=0.00, real=0.00 secs] 
2020-10-29T13:17:52.219+0000: [GC (Allocation Failure) 2020-10-29T13:17:52.219+0000: [ParNew: 16903K->519K(18432K), 0.0030813 secs] 568629K->552246K(896640K), 0.0031322 secs] [Times: user=0.01 sys=0.00, real=0.00 secs] 
2020-10-29T13:17:52.240+0000: [GC (Allocation Failure) 2020-10-29T13:17:52.241+0000: [ParNew: 16903K->1032K(18432K), 0.0030891 secs] 568630K->552758K(896640K), 0.0031409 secs] [Times: user=0.01 sys=0.00, real=0.00 secs] 
2020-10-29T13:17:52.260+0000: [GC (Allocation Failure) 2020-10-29T13:17:52.261+0000: [ParNew: 17416K->5K(18432K), 0.0030643 secs] 569142K->552247K(896640K), 0.0031154 secs] [Times: user=0.00 sys=0.00, real=0.00 secs] 
2020-10-29T13:17:52.280+0000: [GC (Allocation Failure) 2020-10-29T13:17:52.280+0000: [ParNew: 16389K->4K(18432K), 0.0028168 secs] 568631K->552246K(896640K), 0.0028610 secs] [Times: user=0.00 sys=0.00, real=0.00 secs] 
2020-10-29T13:17:52.300+0000: [GC (Allocation Failure) 2020-10-29T13:17:52.301+0000: [ParNew: 16388K->4K(18432K), 0.0028815 secs] 568630K->552246K(896640K), 0.0029300 secs] [Times: user=0.01 sys=0.00, real=0.00 secs] 
2020-10-29T13:17:52.319+0000: [GC (Allocation Failure) 2020-10-29T13:17:52.319+0000: [ParNew: 16388K->4K(18432K), 0.0029946 secs] 568630K->552246K(896640K), 0.0030444 secs] [Times: user=0.01 sys=0.00, real=0.00 secs] 
2020-10-29T13:17:52.340+0000: [GC (Allocation Failure) 2020-10-29T13:17:52.340+0000: [ParNew: 16388K->4K(18432K), 0.0029643 secs] 568630K->552246K(896640K), 0.0030227 secs] [Times: user=0.01 sys=0.00, real=0.00 secs] 
2020-10-29T13:17:52.360+0000: [GC (Allocation Failure) 2020-10-29T13:17:52.360+0000: [ParNew: 16388K->4K(18432K), 0.0029161 secs] 568630K->552246K(896640K), 0.0029644 secs] [Times: user=0.00 sys=0.00, real=0.00 secs] 
2020-10-29T13:17:52.379+0000: [GC (Allocation Failure) 2020-10-29T13:17:52.379+0000: [ParNew: 16388K->4K(18432K), 0.0028140 secs] 568630K->552246K(896640K), 0.0028586 secs] [Times: user=0.01 sys=0.00, real=0.00 secs] 
2020-10-29T13:17:52.397+0000: [GC (Allocation Failure) 2020-10-29T13:17:52.397+0000: [ParNew: 16388K->4K(18432K), 0.0028013 secs] 568630K->552246K(896640K), 0.0028473 secs] [Times: user=0.00 sys=0.00, real=0.00 secs] 
2020-10-29T13:17:52.416+0000: [GC (Allocation Failure) 2020-10-29T13:17:52.416+0000: [ParNew: 16388K->4K(18432K), 0.0028074 secs] 568630K->552246K(896640K), 0.0028535 secs] [Times: user=0.01 sys=0.00, real=0.00 secs] 
2020-10-29T13:17:52.435+0000: [GC (Allocation Failure) 2020-10-29T13:17:52.435+0000: [ParNew: 16388K->4K(18432K), 0.0028161 secs] 568630K->552246K(896640K), 0.0028623 secs] [Times: user=0.00 sys=0.00, real=0.00 secs] 
2020-10-29T13:17:52.456+0000: [GC (Allocation Failure) 2020-10-29T13:17:52.456+0000: [ParNew: 16388K->4K(18432K), 0.0027725 secs] 568630K->552246K(896640K), 0.0028161 secs] [Times: user=0.01 sys=0.00, real=0.00 secs] 
2020-10-29T13:17:52.471+0000: [GC (Allocation Failure) 2020-10-29T13:17:52.471+0000: [ParNew: 13472K->4K(18432K), 0.0031963 secs] 565715K->554294K(896640K), 0.0032451 secs] [Times: user=0.01 sys=0.00, real=0.01 secs] 
2020-10-29T13:17:52.488+0000: [GC (Allocation Failure) 2020-10-29T13:17:52.488+0000: [ParNew: 16265K->4K(18432K), 0.0035607 secs] 570555K->558390K(896640K), 0.0036090 secs] [Times: user=0.01 sys=0.00, real=0.00 secs] 
2020-10-29T13:17:52.508+0000: [GC (Allocation Failure) 2020-10-29T13:17:52.508+0000: [ParNew: 16388K->4K(18432K), 0.0029350 secs] 574774K->558390K(896640K), 0.0029900 secs] [Times: user=0.01 sys=0.00, real=0.00 secs] 
2020-10-29T13:17:52.528+0000: [GC (Allocation Failure) 2020-10-29T13:17:52.528+0000: [ParNew: 16388K->4K(18432K), 0.0029114 secs] 574774K->558390K(896640K), 0.0029606 secs] [Times: user=0.00 sys=0.00, real=0.00 secs] 
2020-10-29T13:17:52.547+0000: [GC (Allocation Failure) 2020-10-29T13:17:52.547+0000: [ParNew: 16388K->4K(18432K), 0.0029167 secs] 574774K->558390K(896640K), 0.0029737 secs] [Times: user=0.01 sys=0.00, real=0.00 secs] 
2020-10-29T13:17:52.565+0000: [GC (Allocation Failure) 2020-10-29T13:17:52.565+0000: [ParNew: 16388K->4K(18432K), 0.0029621 secs] 574774K->558390K(896640K), 0.0030129 secs] [Times: user=0.00 sys=0.00, real=0.00 secs] 
2020-10-29T13:17:52.584+0000: [GC (Allocation Failure) 2020-10-29T13:17:52.584+0000: [ParNew: 16388K->4K(18432K), 0.0028378 secs] 574774K->558390K(896640K), 0.0028826 secs] [Times: user=0.01 sys=0.00, real=0.00 secs] 
2020-10-29T13:17:52.603+0000: [GC (Allocation Failure) 2020-10-29T13:17:52.603+0000: [ParNew: 16388K->4K(18432K), 0.0029557 secs] 574774K->558391K(896640K), 0.0030022 secs] [Times: user=0.00 sys=0.00, real=0.01 secs] 
2020-10-29T13:17:52.621+0000: [GC (Allocation Failure) 2020-10-29T13:17:52.621+0000: [ParNew: 16388K->4K(18432K), 0.0029451 secs] 574775K->558391K(896640K), 0.0029972 secs] [Times: user=0.01 sys=0.00, real=0.00 secs] 
2020-10-29T13:17:52.640+0000: [GC (Allocation Failure) 2020-10-29T13:17:52.640+0000: [ParNew: 16388K->4K(18432K), 0.0028560 secs] 574775K->558391K(896640K), 0.0029021 secs] [Times: user=0.01 sys=0.00, real=0.00 secs] 
2020-10-29T13:17:52.660+0000: [GC (Allocation Failure) 2020-10-29T13:17:52.660+0000: [ParNew: 16388K->4K(18432K), 0.0048452 secs] 574775K->558391K(896640K), 0.0048985 secs] [Times: user=0.01 sys=0.00, real=0.01 secs] 
2020-10-29T13:17:52.681+0000: [GC (Allocation Failure) 2020-10-29T13:17:52.682+0000: [ParNew: 16388K->4K(18432K), 0.0029617 secs] 574775K->558391K(896640K), 0.0030131 secs] [Times: user=0.01 sys=0.00, real=0.01 secs] 
2020-10-29T13:17:52.700+0000: [GC (Allocation Failure) 2020-10-29T13:17:52.700+0000: [ParNew: 16388K->4K(18432K), 0.0030250 secs] 574775K->558391K(896640K), 0.0030774 secs] [Times: user=0.00 sys=0.00, real=0.00 secs] 
2020-10-29T13:17:52.720+0000: [GC (Allocation Failure) 2020-10-29T13:17:52.721+0000: [ParNew: 16388K->4K(18432K), 0.0029970 secs] 574775K->558391K(896640K), 0.0030493 secs] [Times: user=0.00 sys=0.00, real=0.00 secs] 
2020-10-29T13:17:52.739+0000: [GC (Allocation Failure) 2020-10-29T13:17:52.739+0000: [ParNew: 16388K->4K(18432K), 0.0030149 secs] 574775K->558391K(896640K), 0.0030673 secs] [Times: user=0.01 sys=0.00, real=0.00 secs] 
2020-10-29T13:17:52.757+0000: [GC (Allocation Failure) 2020-10-29T13:17:52.757+0000: [ParNew: 16388K->4K(18432K), 0.0036555 secs] 574775K->558391K(896640K), 0.0037078 secs] [Times: user=0.01 sys=0.00, real=0.00 secs] 
2020-10-29T13:17:52.780+0000: [GC (Allocation Failure) 2020-10-29T13:17:52.780+0000: [ParNew: 16388K->4K(18432K), 0.0029096 secs] 574775K->558391K(896640K), 0.0029713 secs] [Times: user=0.00 sys=0.00, real=0.00 secs] 
2020-10-29T13:17:52.800+0000: [GC (Allocation Failure) 2020-10-29T13:17:52.800+0000: [ParNew: 16388K->4K(18432K), 0.0033841 secs] 574775K->562487K(896640K), 0.0034481 secs] [Times: user=0.01 sys=0.00, real=0.00 secs] 
2020-10-29T13:17:52.824+0000: [GC (Allocation Failure) 2020-10-29T13:17:52.824+0000: [ParNew: 16388K->4K(18432K), 0.0029350 secs] 578871K->562487K(896640K), 0.0029853 secs] [Times: user=0.01 sys=0.00, real=0.00 secs] 
2020-10-29T13:17:52.843+0000: [GC (Allocation Failure) 2020-10-29T13:17:52.843+0000: [ParNew: 16388K->4K(18432K), 0.0028826 secs] 578871K->562487K(896640K), 0.0029300 secs] [Times: user=0.00 sys=0.00, real=0.01 secs] 
2020-10-29T13:17:52.861+0000: [GC (Allocation Failure) 2020-10-29T13:17:52.861+0000: [ParNew: 16388K->4K(18432K), 0.0028709 secs] 578871K->562487K(896640K), 0.0029169 secs] [Times: user=0.01 sys=0.00, real=0.00 secs] 
2020-10-29T13:17:52.880+0000: [GC (Allocation Failure) 2020-10-29T13:17:52.880+0000: [ParNew: 16388K->4K(18432K), 0.0029626 secs] 578871K->562487K(896640K), 0.0030114 secs] [Times: user=0.00 sys=0.00, real=0.00 secs] 
2020-10-29T13:17:52.898+0000: [GC (Allocation Failure) 2020-10-29T13:17:52.898+0000: [ParNew: 16388K->4K(18432K), 0.0029198 secs] 578871K->562487K(896640K), 0.0029678 secs] [Times: user=0.01 sys=0.00, real=0.00 secs] 
2020-10-29T13:17:52.924+0000: [GC (Allocation Failure) 2020-10-29T13:17:52.924+0000: [ParNew: 16388K->4K(18432K), 0.0029854 secs] 578871K->562487K(896640K), 0.0030366 secs] [Times: user=0.01 sys=0.01, real=0.01 secs] 
2020-10-29T13:17:52.943+0000: [GC (Allocation Failure) 2020-10-29T13:17:52.943+0000: [ParNew: 16388K->4K(18432K), 0.0029603 secs] 578871K->562487K(896640K), 0.0030084 secs] [Times: user=0.00 sys=0.00, real=0.01 secs] 
2020-10-29T13:17:52.964+0000: [GC (Allocation Failure) 2020-10-29T13:17:52.964+0000: [ParNew: 16388K->4K(18432K), 0.0029464 secs] 578871K->562487K(896640K), 0.0029981 secs] [Times: user=0.00 sys=0.00, real=0.00 secs] 
2020-10-29T13:17:52.984+0000: [GC (Allocation Failure) 2020-10-29T13:17:52.984+0000: [ParNew: 16388K->4K(18432K), 0.0029250 secs] 578871K->562487K(896640K), 0.0029757 secs] [Times: user=0.00 sys=0.00, real=0.00 secs] 
2020-10-29T13:17:53.003+0000: [GC (Allocation Failure) 2020-10-29T13:17:53.003+0000: [ParNew: 16388K->4K(18432K), 0.0029114 secs] 578871K->562487K(896640K), 0.0029597 secs] [Times: user=0.01 sys=0.00, real=0.01 secs] 
2020-10-29T13:17:53.024+0000: [GC (Allocation Failure) 2020-10-29T13:17:53.024+0000: [ParNew: 16388K->4K(18432K), 0.0028568 secs] 578871K->562487K(896640K), 0.0029024 secs] [Times: user=0.00 sys=0.00, real=0.00 secs] 
2020-10-29T13:17:53.043+0000: [GC (Allocation Failure) 2020-10-29T13:17:53.043+0000: [ParNew: 16388K->4K(18432K), 0.0028791 secs] 578871K->562487K(896640K), 0.0029266 secs] [Times: user=0.00 sys=0.00, real=0.01 secs] 
2020-10-29T13:17:53.064+0000: [GC (Allocation Failure) 2020-10-29T13:17:53.065+0000: [ParNew: 16388K->4K(18432K), 0.0028181 secs] 578871K->562487K(896640K), 0.0028648 secs] [Times: user=0.01 sys=0.00, real=0.00 secs] 
2020-10-29T13:17:53.084+0000: [GC (Allocation Failure) 2020-10-29T13:17:53.085+0000: [ParNew: 16388K->4K(18432K), 0.0029323 secs] 578871K->562487K(896640K), 0.0029923 secs] [Times: user=0.01 sys=0.00, real=0.00 secs] 
2020-10-29T13:17:53.104+0000: [GC (Allocation Failure) 2020-10-29T13:17:53.104+0000: [ParNew: 16388K->4K(18432K), 0.0028629 secs] 578871K->562487K(896640K), 0.0029079 secs] [Times: user=0.01 sys=0.00, real=0.00 secs] 
2020-10-29T13:17:53.123+0000: [GC (Allocation Failure) 2020-10-29T13:17:53.123+0000: [ParNew: 16388K->4K(18432K), 0.0029034 secs] 578871K->562487K(896640K), 0.0029505 secs] [Times: user=0.01 sys=0.00, real=0.01 secs] 
2020-10-29T13:17:53.144+0000: [GC (Allocation Failure) 2020-10-29T13:17:53.144+0000: [ParNew: 16388K->4K(18432K), 0.0028500 secs] 578871K->562487K(896640K), 0.0028969 secs] [Times: user=0.01 sys=0.00, real=0.00 secs] 
2020-10-29T13:17:53.164+0000: [GC (Allocation Failure) 2020-10-29T13:17:53.164+0000: [ParNew: 16388K->4K(18432K), 0.0028048 secs] 578871K->562487K(896640K), 0.0028499 secs] [Times: user=0.01 sys=0.00, real=0.00 secs] 
2020-10-29T13:17:53.183+0000: [GC (Allocation Failure) 2020-10-29T13:17:53.183+0000: [ParNew: 16388K->4K(18432K), 0.0028476 secs] 578871K->562487K(896640K), 0.0028946 secs] [Times: user=0.01 sys=0.00, real=0.01 secs] 
2020-10-29T13:17:53.204+0000: [GC (Allocation Failure) 2020-10-29T13:17:53.204+0000: [ParNew: 16388K->4K(18432K), 0.0028588 secs] 578871K->562487K(896640K), 0.0029060 secs] [Times: user=0.01 sys=0.00, real=0.00 secs] 
2020-10-29T13:17:53.223+0000: [GC (Allocation Failure) 2020-10-29T13:17:53.223+0000: [ParNew: 16388K->4K(18432K), 0.0028837 secs] 578871K->562487K(896640K), 0.0029374 secs] [Times: user=0.01 sys=0.00, real=0.01 secs] 
2020-10-29T13:17:53.241+0000: [GC (Allocation Failure) 2020-10-29T13:17:53.241+0000: [ParNew: 16388K->4K(18432K), 0.0029664 secs] 578871K->562487K(896640K), 0.0030176 secs] [Times: user=0.00 sys=0.00, real=0.01 secs] 
2020-10-29T13:17:53.260+0000: [GC (Allocation Failure) 2020-10-29T13:17:53.260+0000: [ParNew: 16388K->4K(18432K), 0.0028671 secs] 578871K->562487K(896640K), 0.0029138 secs] [Times: user=0.00 sys=0.00, real=0.00 secs] 
2020-10-29T13:17:53.278+0000: [GC (Allocation Failure) 2020-10-29T13:17:53.278+0000: [ParNew: 16388K->4K(18432K), 0.0030409 secs] 578871K->562487K(896640K), 0.0030912 secs] [Times: user=0.01 sys=0.00, real=0.00 secs] 
2020-10-29T13:17:53.300+0000: [GC (Allocation Failure) 2020-10-29T13:17:53.300+0000: [ParNew: 16388K->4K(18432K), 0.0029699 secs] 578871K->562487K(896640K), 0.0030219 secs] [Times: user=0.01 sys=0.00, real=0.00 secs] 
2020-10-29T13:17:53.320+0000: [GC (Allocation Failure) 2020-10-29T13:17:53.320+0000: [ParNew: 16388K->4K(18432K), 0.0029606 secs] 578871K->562487K(896640K), 0.0030063 secs] [Times: user=0.01 sys=0.00, real=0.00 secs] 
2020-10-29T13:17:53.340+0000: [GC (Allocation Failure) 2020-10-29T13:17:53.340+0000: [ParNew: 16388K->4K(18432K), 0.0028782 secs] 578871K->562487K(896640K), 0.0029256 secs] [Times: user=0.00 sys=0.00, real=0.00 secs] 
2020-10-29T13:17:53.359+0000: [GC (Allocation Failure) 2020-10-29T13:17:53.359+0000: [ParNew: 16388K->4K(18432K), 0.0029547 secs] 578871K->562487K(896640K), 0.0030060 secs] [Times: user=0.00 sys=0.00, real=0.00 secs] 
2020-10-29T13:17:53.377+0000: [GC (Allocation Failure) 2020-10-29T13:17:53.377+0000: [ParNew: 16388K->4K(18432K), 0.0028292 secs] 578871K->562487K(896640K), 0.0028739 secs] [Times: user=0.00 sys=0.00, real=0.00 secs] 
2020-10-29T13:17:53.397+0000: [GC (Allocation Failure) 2020-10-29T13:17:53.397+0000: [ParNew: 16388K->4K(18432K), 0.0030038 secs] 578871K->562487K(896640K), 0.0030563 secs] [Times: user=0.01 sys=0.00, real=0.00 secs] 
2020-10-29T13:17:53.415+0000: [GC (Allocation Failure) 2020-10-29T13:17:53.415+0000: [ParNew: 16388K->4K(18432K), 0.0029622 secs] 578871K->562487K(896640K), 0.0030144 secs] [Times: user=0.01 sys=0.00, real=0.00 secs] 
2020-10-29T13:17:53.433+0000: [GC (Allocation Failure) 2020-10-29T13:17:53.434+0000: [ParNew: 16388K->4K(18432K), 0.0028884 secs] 578871K->562487K(896640K), 0.0029368 secs] [Times: user=0.01 sys=0.00, real=0.00 secs] 
2020-10-29T13:17:53.453+0000: [GC (Allocation Failure) 2020-10-29T13:17:53.453+0000: [ParNew: 16388K->6K(18432K), 0.0030420 secs] 578871K->562489K(896640K), 0.0031041 secs] [Times: user=0.01 sys=0.00, real=0.00 secs] 
2020-10-29T13:17:53.480+0000: [GC (Allocation Failure) 2020-10-29T13:17:53.481+0000: [ParNew: 16390K->4K(18432K), 0.0030097 secs] 578873K->562487K(896640K), 0.0030795 secs] [Times: user=0.01 sys=0.00, real=0.00 secs] 
2020-10-29T13:17:53.500+0000: [GC (Allocation Failure) 2020-10-29T13:17:53.500+0000: [ParNew: 16388K->4K(18432K), 0.0030103 secs] 578871K->562487K(896640K), 0.0030612 secs] [Times: user=0.00 sys=0.00, real=0.00 secs] 
2020-10-29T13:17:53.519+0000: [GC (Allocation Failure) 2020-10-29T13:17:53.519+0000: [ParNew: 16388K->4K(18432K), 0.0029029 secs] 578871K->562487K(896640K), 0.0029518 secs] [Times: user=0.00 sys=0.00, real=0.00 secs] 
2020-10-29T13:17:53.540+0000: [GC (Allocation Failure) 2020-10-29T13:17:53.540+0000: [ParNew: 16388K->4K(18432K), 0.0029248 secs] 578871K->562487K(896640K), 0.0029745 secs] [Times: user=0.01 sys=0.00, real=0.00 secs] 
2020-10-29T13:17:53.561+0000: [GC (Allocation Failure) 2020-10-29T13:17:53.561+0000: [ParNew: 16388K->4K(18432K), 0.0029068 secs] 578871K->562487K(896640K), 0.0029563 secs] [Times: user=0.01 sys=0.00, real=0.00 secs] 
2020-10-29T13:17:53.584+0000: [GC (Allocation Failure) 2020-10-29T13:17:53.584+0000: [ParNew: 16388K->4K(18432K), 0.0028506 secs] 578871K->562487K(896640K), 0.0028980 secs] [Times: user=0.01 sys=0.00, real=0.00 secs] 
2020-10-29T13:17:53.603+0000: [GC (Allocation Failure) 2020-10-29T13:17:53.603+0000: [ParNew: 16388K->4K(18432K), 0.0028563 secs] 578871K->562487K(896640K), 0.0029028 secs] [Times: user=0.00 sys=0.00, real=0.01 secs] 
2020-10-29T13:17:53.624+0000: [GC (Allocation Failure) 2020-10-29T13:17:53.624+0000: [ParNew: 16252K->4K(18432K), 0.0029009 secs] 578736K->562487K(896640K), 0.0029494 secs] [Times: user=0.00 sys=0.00, real=0.00 secs] 
2020-10-29T13:17:53.643+0000: [GC (Allocation Failure) 2020-10-29T13:17:53.643+0000: [ParNew: 16388K->4K(18432K), 0.0029703 secs] 578871K->562487K(896640K), 0.0030191 secs] [Times: user=0.01 sys=0.00, real=0.01 secs] 
2020-10-29T13:17:53.661+0000: [GC (Allocation Failure) 2020-10-29T13:17:53.661+0000: [ParNew: 16388K->4K(18432K), 0.0028966 secs] 578871K->562487K(896640K), 0.0029441 secs] [Times: user=0.00 sys=0.00, real=0.00 secs] 
2020-10-29T13:17:53.680+0000: [GC (Allocation Failure) 2020-10-29T13:17:53.680+0000: [ParNew: 16388K->4K(18432K), 0.0028579 secs] 578871K->562487K(896640K), 0.0029057 secs] [Times: user=0.00 sys=0.00, real=0.00 secs] 
2020-10-29T13:17:53.700+0000: [GC (Allocation Failure) 2020-10-29T13:17:53.700+0000: [ParNew: 16388K->2K(18432K), 0.0047181 secs] 578871K->562485K(896640K), 0.0047643 secs] [Times: user=0.00 sys=0.00, real=0.01 secs] 
2020-10-29T13:17:53.721+0000: [GC (Allocation Failure) 2020-10-29T13:17:53.721+0000: [ParNew: 16386K->4K(18432K), 0.0029333 secs] 578869K->562487K(896640K), 0.0029839 secs] [Times: user=0.01 sys=0.00, real=0.00 secs] 
2020-10-29T13:17:53.740+0000: [GC (Allocation Failure) 2020-10-29T13:17:53.740+0000: [ParNew: 16388K->4K(18432K), 0.0029448 secs] 578871K->562487K(896640K), 0.0029925 secs] [Times: user=0.01 sys=0.00, real=0.00 secs] 
2020-10-29T13:17:53.759+0000: [GC (Allocation Failure) 2020-10-29T13:17:53.759+0000: [ParNew: 16388K->4K(18432K), 0.0029999 secs] 578871K->562487K(896640K), 0.0030509 secs] [Times: user=0.00 sys=0.00, real=0.00 secs] 
2020-10-29T13:17:53.777+0000: [GC (Allocation Failure) 2020-10-29T13:17:53.777+0000: [ParNew: 16388K->4K(18432K), 0.0029263 secs] 578871K->562487K(896640K), 0.0029777 secs] [Times: user=0.01 sys=0.00, real=0.00 secs] 
2020-10-29T13:17:53.796+0000: [GC (Allocation Failure) 2020-10-29T13:17:53.796+0000: [ParNew: 16388K->4K(18432K), 0.0028452 secs] 578871K->562487K(896640K), 0.0028904 secs] [Times: user=0.00 sys=0.00, real=0.00 secs] 
2020-10-29T13:17:53.816+0000: [GC (Allocation Failure) 2020-10-29T13:17:53.816+0000: [ParNew: 16388K->4K(18432K), 0.0029388 secs] 578871K->562487K(896640K), 0.0029902 secs] [Times: user=0.01 sys=0.00, real=0.00 secs] 
2020-10-29T13:17:53.835+0000: [GC (Allocation Failure) 2020-10-29T13:17:53.835+0000: [ParNew: 16388K->4K(18432K), 0.0029095 secs] 578871K->562487K(896640K), 0.0029580 secs] [Times: user=0.00 sys=0.00, real=0.00 secs] 
2020-10-29T13:17:53.856+0000: [GC (Allocation Failure) 2020-10-29T13:17:53.857+0000: [ParNew: 16388K->4K(18432K), 0.0029699 secs] 578871K->562487K(896640K), 0.0030211 secs] [Times: user=0.01 sys=0.00, real=0.00 secs] 
2020-10-29T13:17:53.875+0000: [GC (Allocation Failure) 2020-10-29T13:17:53.875+0000: [ParNew: 16388K->4K(18432K), 0.0028800 secs] 578871K->562487K(896640K), 0.0029289 secs] [Times: user=0.01 sys=0.00, real=0.00 secs] 
2020-10-29T13:17:53.893+0000: [GC (Allocation Failure) 2020-10-29T13:17:53.893+0000: [ParNew: 16388K->4K(18432K), 0.0029671 secs] 578871K->562487K(896640K), 0.0030182 secs] [Times: user=0.00 sys=0.00, real=0.00 secs] 
2020-10-29T13:17:53.912+0000: [GC (Allocation Failure) 2020-10-29T13:17:53.912+0000: [ParNew: 16388K->4K(18432K), 0.0030413 secs] 578871K->562487K(896640K), 0.0030941 secs] [Times: user=0.00 sys=0.00, real=0.01 secs] 
2020-10-29T13:17:53.936+0000: [GC (Allocation Failure) 2020-10-29T13:17:53.937+0000: [ParNew: 16388K->13K(18432K), 0.0030906 secs] 578871K->562497K(896640K), 0.0031443 secs] [Times: user=0.01 sys=0.00, real=0.00 secs] 
2020-10-29T13:17:53.964+0000: [GC (Allocation Failure) 2020-10-29T13:17:53.965+0000: [ParNew: 16397K->4K(18432K), 0.0030313 secs] 578881K->562487K(896640K), 0.0030854 secs] [Times: user=0.01 sys=0.00, real=0.00 secs] 
2020-10-29T13:17:53.984+0000: [GC (Allocation Failure) 2020-10-29T13:17:53.984+0000: [ParNew: 16388K->4K(18432K), 0.0029546 secs] 578871K->562487K(896640K), 0.0030051 secs] [Times: user=0.00 sys=0.00, real=0.00 secs] 
2020-10-29T13:17:54.003+0000: [GC (Allocation Failure) 2020-10-29T13:17:54.003+0000: [ParNew: 16388K->4K(18432K), 0.0028087 secs] 578871K->562488K(896640K), 0.0028538 secs] [Times: user=0.01 sys=0.00, real=0.01 secs] 
2020-10-29T13:17:54.024+0000: [GC (Allocation Failure) 2020-10-29T13:17:54.024+0000: [ParNew: 16388K->4K(18432K), 0.0027785 secs] 578872K->562488K(896640K), 0.0028199 secs] [Times: user=0.01 sys=0.00, real=0.00 secs] 
2020-10-29T13:17:54.044+0000: [GC (Allocation Failure) 2020-10-29T13:17:54.044+0000: [ParNew: 16388K->4K(18432K), 0.0028808 secs] 578872K->562488K(896640K), 0.0029287 secs] [Times: user=0.01 sys=0.00, real=0.00 secs] 
2020-10-29T13:17:54.067+0000: [GC (Allocation Failure) 2020-10-29T13:17:54.067+0000: [ParNew: 16388K->4K(18432K), 0.0029761 secs] 578872K->562488K(896640K), 0.0030247 secs] [Times: user=0.01 sys=0.00, real=0.00 secs] 
2020-10-29T13:17:54.085+0000: [GC (Allocation Failure) 2020-10-29T13:17:54.085+0000: [ParNew: 16388K->4K(18432K), 0.0028565 secs] 578872K->562488K(896640K), 0.0029014 secs] [Times: user=0.00 sys=0.00, real=0.00 secs] 
2020-10-29T13:17:54.104+0000: [GC (Allocation Failure) 2020-10-29T13:17:54.104+0000: [ParNew: 16388K->4K(18432K), 0.0029088 secs] 578872K->562488K(896640K), 0.0029586 secs] [Times: user=0.00 sys=0.00, real=0.00 secs] 
2020-10-29T13:17:54.123+0000: [GC (Allocation Failure) 2020-10-29T13:17:54.123+0000: [ParNew: 16388K->4K(18432K), 0.0028143 secs] 578872K->562488K(896640K), 0.0028606 secs] [Times: user=0.01 sys=0.00, real=0.01 secs] 
2020-10-29T13:17:54.144+0000: [GC (Allocation Failure) 2020-10-29T13:17:54.144+0000: [ParNew: 16388K->4K(18432K), 0.0028487 secs] 578872K->562488K(896640K), 0.0028958 secs] [Times: user=0.00 sys=0.00, real=0.00 secs] 
2020-10-29T13:17:54.163+0000: [GC (Allocation Failure) 2020-10-29T13:17:54.163+0000: [ParNew: 16388K->4K(18432K), 0.0027851 secs] 578872K->562488K(896640K), 0.0028290 secs] [Times: user=0.01 sys=0.00, real=0.01 secs] 
2020-10-29T13:17:54.184+0000: [GC (Allocation Failure) 2020-10-29T13:17:54.184+0000: [ParNew: 16388K->4K(18432K), 0.0027738 secs] 578872K->562488K(896640K), 0.0028184 secs] [Times: user=0.00 sys=0.00, real=0.00 secs] 
2020-10-29T13:17:54.207+0000: [GC (Allocation Failure) 2020-10-29T13:17:54.207+0000: [ParNew: 16388K->4K(18432K), 0.0028976 secs] 578872K->562488K(896640K), 0.0029756 secs] [Times: user=0.01 sys=0.00, real=0.00 secs] 
2020-10-29T13:17:54.227+0000: [GC (Allocation Failure) 2020-10-29T13:17:54.228+0000: [ParNew: 16388K->4K(18432K), 0.0028792 secs] 578872K->562488K(896640K), 0.0029260 secs] [Times: user=0.00 sys=0.00, real=0.00 secs] 
2020-10-29T13:17:54.248+0000: [GC (Allocation Failure) 2020-10-29T13:17:54.248+0000: [ParNew: 16388K->4K(18432K), 0.0028453 secs] 578872K->562488K(896640K), 0.0028916 secs] [Times: user=0.01 sys=0.00, real=0.00 secs] 
2020-10-29T13:17:54.268+0000: [GC (Allocation Failure) 2020-10-29T13:17:54.268+0000: [ParNew: 16388K->4K(18432K), 0.0029109 secs] 578872K->562488K(896640K), 0.0029592 secs] [Times: user=0.00 sys=0.00, real=0.00 secs] 
2020-10-29T13:17:54.288+0000: [GC (Allocation Failure) 2020-10-29T13:17:54.289+0000: [ParNew: 16388K->4K(18432K), 0.0027918 secs] 578872K->562488K(896640K), 0.0028362 secs] [Times: user=0.01 sys=0.00, real=0.00 secs] 
2020-10-29T13:17:54.314+0000: [GC (Allocation Failure) 2020-10-29T13:17:54.314+0000: [ParNew: 16388K->4K(18432K), 0.0029763 secs] 595256K->578872K(896640K), 0.0030296 secs] [Times: user=0.01 sys=0.00, real=0.00 secs] 
2020-10-29T13:17:54.334+0000: [GC (Allocation Failure) 2020-10-29T13:17:54.334+0000: [ParNew: 16388K->4K(18432K), 0.0029607 secs] 595256K->578872K(896640K), 0.0030137 secs] [Times: user=0.01 sys=0.00, real=0.00 secs] 
2020-10-29T13:17:54.352+0000: [GC (Allocation Failure) 2020-10-29T13:17:54.352+0000: [ParNew: 16388K->4K(18432K), 0.0029248 secs] 595256K->578872K(896640K), 0.0029745 secs] [Times: user=0.00 sys=0.00, real=0.00 secs] 
2020-10-29T13:17:54.371+0000: [GC (Allocation Failure) 2020-10-29T13:17:54.371+0000: [ParNew: 16388K->4K(18432K), 0.0029692 secs] 595256K->578872K(896640K), 0.0030208 secs] [Times: user=0.01 sys=0.00, real=0.01 secs] 
2020-10-29T13:17:54.389+0000: [GC (Allocation Failure) 2020-10-29T13:17:54.389+0000: [ParNew: 16388K->4K(18432K), 0.0029433 secs] 595256K->578872K(896640K), 0.0029939 secs] [Times: user=0.01 sys=0.00, real=0.00 secs] 
2020-10-29T13:17:54.410+0000: [GC (Allocation Failure) 2020-10-29T13:17:54.410+0000: [ParNew: 16388K->4K(18432K), 0.0029553 secs] 595256K->578872K(896640K), 0.0030081 secs] [Times: user=0.01 sys=0.00, real=0.01 secs] 
2020-10-29T13:17:54.428+0000: [GC (Allocation Failure) 2020-10-29T13:17:54.428+0000: [ParNew: 16388K->4K(18432K), 0.0029883 secs] 595256K->578872K(896640K), 0.0030412 secs] [Times: user=0.00 sys=0.00, real=0.00 secs] 
2020-10-29T13:17:54.447+0000: [GC (Allocation Failure) 2020-10-29T13:17:54.447+0000: [ParNew: 16388K->4K(18432K), 0.0029854 secs] 595256K->578872K(896640K), 0.0030397 secs] [Times: user=0.01 sys=0.00, real=0.00 secs] 
2020-10-29T13:17:54.465+0000: [GC (Allocation Failure) 2020-10-29T13:17:54.465+0000: [ParNew: 16388K->4K(18432K), 0.0029351 secs] 595256K->578872K(896640K), 0.0029872 secs] [Times: user=0.01 sys=0.00, real=0.00 secs] 
2020-10-29T13:17:54.484+0000: [GC (Allocation Failure) 2020-10-29T13:17:54.484+0000: [ParNew: 16388K->4K(18432K), 0.0028601 secs] 595256K->578872K(896640K), 0.0029064 secs] [Times: user=0.01 sys=0.00, real=0.00 secs] 
2020-10-29T13:17:54.503+0000: [GC (Allocation Failure) 2020-10-29T13:17:54.503+0000: [ParNew: 16388K->4K(18432K), 0.0029936 secs] 595256K->578872K(896640K), 0.0030630 secs] [Times: user=0.00 sys=0.00, real=0.01 secs] 
2020-10-29T13:17:54.521+0000: [GC (Allocation Failure) 2020-10-29T13:17:54.521+0000: [ParNew: 16388K->4K(18432K), 0.0029052 secs] 595256K->578872K(896640K), 0.0029653 secs] [Times: user=0.01 sys=0.00, real=0.00 secs] 
2020-10-29T13:17:54.539+0000: [GC (Allocation Failure) 2020-10-29T13:17:54.539+0000: [ParNew: 16388K->4K(18432K), 0.0028529 secs] 595256K->578872K(896640K), 0.0029012 secs] [Times: user=0.00 sys=0.00, real=0.00 secs] 
2020-10-29T13:17:54.560+0000: [GC (Allocation Failure) 2020-10-29T13:17:54.560+0000: [ParNew: 16388K->4K(18432K), 0.0027633 secs] 595256K->578872K(896640K), 0.0028090 secs] [Times: user=0.01 sys=0.00, real=0.00 secs] 
2020-10-29T13:17:54.580+0000: [GC (Allocation Failure) 2020-10-29T13:17:54.580+0000: [ParNew: 16388K->4K(18432K), 0.0028139 secs] 595256K->578872K(896640K), 0.0028594 secs] [Times: user=0.01 sys=0.00, real=0.00 secs] 
2020-10-29T13:17:54.599+0000: [GC (Allocation Failure) 2020-10-29T13:17:54.599+0000: [ParNew: 16388K->4K(18432K), 0.0028095 secs] 595256K->578872K(896640K), 0.0028549 secs] [Times: user=0.00 sys=0.00, real=0.00 secs] 
2020-10-29T13:17:54.620+0000: [GC (Allocation Failure) 2020-10-29T13:17:54.620+0000: [ParNew: 16388K->4K(18432K), 0.0027990 secs] 595256K->578872K(896640K), 0.0028449 secs] [Times: user=0.01 sys=0.00, real=0.00 secs] 
2020-10-29T13:17:54.639+0000: [GC (Allocation Failure) 2020-10-29T13:17:54.639+0000: [ParNew: 16388K->4K(18432K), 0.0028735 secs] 595256K->578872K(896640K), 0.0029211 secs] [Times: user=0.01 sys=0.00, real=0.00 secs] 
2020-10-29T13:17:54.657+0000: [GC (Allocation Failure) 2020-10-29T13:17:54.657+0000: [ParNew: 16388K->4K(18432K), 0.0027357 secs] 595256K->578872K(896640K), 0.0027803 secs] [Times: user=0.00 sys=0.00, real=0.00 secs] 
2020-10-29T13:17:54.675+0000: [GC (Allocation Failure) 2020-10-29T13:17:54.675+0000: [ParNew: 16388K->4K(18432K), 0.0029115 secs] 595256K->578872K(896640K), 0.0029613 secs] [Times: user=0.01 sys=0.00, real=0.00 secs] 
2020-10-29T13:17:54.693+0000: [GC (Allocation Failure) 2020-10-29T13:17:54.693+0000: [ParNew: 16388K->4K(18432K), 0.0027821 secs] 595256K->578872K(896640K), 0.0028284 secs] [Times: user=0.00 sys=0.00, real=0.00 secs] 
2020-10-29T13:17:54.712+0000: [GC (Allocation Failure) 2020-10-29T13:17:54.712+0000: [ParNew: 16388K->4K(18432K), 0.0028958 secs] 595256K->578872K(896640K), 0.0029438 secs] [Times: user=0.00 sys=0.00, real=0.01 secs] 
2020-10-29T13:17:54.730+0000: [GC (Allocation Failure) 2020-10-29T13:17:54.730+0000: [ParNew: 16388K->4K(18432K), 0.0029204 secs] 595256K->578872K(896640K), 0.0029796 secs] [Times: user=0.01 sys=0.00, real=0.01 secs] 
2020-10-29T13:17:54.753+0000: [GC (Allocation Failure) 2020-10-29T13:17:54.753+0000: [ParNew: 16388K->4K(18432K), 0.0029592 secs] 611640K->595256K(896640K), 0.0030111 secs] [Times: user=0.00 sys=0.00, real=0.00 secs] 
2020-10-29T13:17:54.772+0000: [GC (Allocation Failure) 2020-10-29T13:17:54.772+0000: [ParNew: 16388K->4K(18432K), 0.0029776 secs] 611640K->595256K(896640K), 0.0030304 secs] [Times: user=0.00 sys=0.00, real=0.01 secs] 
2020-10-29T13:17:54.792+0000: [GC (Allocation Failure) 2020-10-29T13:17:54.792+0000: [ParNew: 16388K->4K(18432K), 0.0028560 secs] 611640K->595256K(896640K), 0.0029020 secs] [Times: user=0.01 sys=0.00, real=0.00 secs] 
2020-10-29T13:17:54.812+0000: [GC (Allocation Failure) 2020-10-29T13:17:54.812+0000: [ParNew: 16388K->4K(18432K), 0.0028353 secs] 611640K->595256K(896640K), 0.0028843 secs] [Times: user=0.01 sys=0.00, real=0.00 secs] 
2020-10-29T13:17:54.831+0000: [GC (Allocation Failure) 2020-10-29T13:17:54.831+0000: [ParNew: 16388K->4K(18432K), 0.0027709 secs] 611640K->595256K(896640K), 0.0028173 secs] [Times: user=0.01 sys=0.00, real=0.01 secs] 
2020-10-29T13:17:54.852+0000: [GC (Allocation Failure) 2020-10-29T13:17:54.853+0000: [ParNew: 16388K->4K(18432K), 0.0029433 secs] 611640K->595256K(896640K), 0.0029956 secs] [Times: user=0.00 sys=0.00, real=0.00 secs] 
2020-10-29T13:17:54.872+0000: [GC (Allocation Failure) 2020-10-29T13:17:54.872+0000: [ParNew: 16388K->4K(18432K), 0.0029439 secs] 611640K->595256K(896640K), 0.0029951 secs] [Times: user=0.01 sys=0.00, real=0.00 secs] 
2020-10-29T13:17:54.891+0000: [GC (Allocation Failure) 2020-10-29T13:17:54.891+0000: [ParNew: 16388K->4K(18432K), 0.0029890 secs] 611640K->595256K(896640K), 0.0030409 secs] [Times: user=0.00 sys=0.00, real=0.01 secs] 
2020-10-29T13:17:54.912+0000: [GC (Allocation Failure) 2020-10-29T13:17:54.912+0000: [ParNew: 16388K->4K(18432K), 0.0029227 secs] 611640K->595256K(896640K), 0.0029768 secs] [Times: user=0.00 sys=0.00, real=0.00 secs] 
2020-10-29T13:17:54.931+0000: [GC (Allocation Failure) 2020-10-29T13:17:54.931+0000: [ParNew: 16388K->4K(18432K), 0.0028986 secs] 611640K->595256K(896640K), 0.0029490 secs] [Times: user=0.01 sys=0.00, real=0.01 secs] 
2020-10-29T13:17:54.949+0000: [GC (Allocation Failure) 2020-10-29T13:17:54.949+0000: [ParNew: 16388K->4K(18432K), 0.0028255 secs] 611640K->595256K(896640K), 0.0028841 secs] [Times: user=0.01 sys=0.00, real=0.00 secs] 
2020-10-29T13:17:54.968+0000: [GC (Allocation Failure) 2020-10-29T13:17:54.968+0000: [ParNew: 16388K->4K(18432K), 0.0029470 secs] 611640K->595256K(896640K), 0.0029985 secs] [Times: user=0.01 sys=0.00, real=0.00 secs] 
2020-10-29T13:17:54.990+0000: [GC (Allocation Failure) 2020-10-29T13:17:54.990+0000: [ParNew: 16388K->4K(18432K), 0.0029482 secs] 611640K->595256K(896640K), 0.0029995 secs] [Times: user=0.00 sys=0.00, real=0.01 secs] 
2020-10-29T13:17:55.009+0000: [GC (Allocation Failure) 2020-10-29T13:17:55.009+0000: [ParNew: 16388K->4K(18432K), 0.0028347 secs] 611640K->595256K(896640K), 0.0028812 secs] [Times: user=0.01 sys=0.00, real=0.00 secs] 
2020-10-29T13:17:55.027+0000: [GC (Allocation Failure) 2020-10-29T13:17:55.027+0000: [ParNew: 16388K->4K(18432K), 0.0029338 secs] 611640K->595256K(896640K), 0.0029815 secs] [Times: user=0.00 sys=0.00, real=0.00 secs] 
2020-10-29T13:17:55.048+0000: [GC (Allocation Failure) 2020-10-29T13:17:55.048+0000: [ParNew: 16388K->4K(18432K), 0.0028098 secs] 611640K->595256K(896640K), 0.0028563 secs] [Times: user=0.00 sys=0.00, real=0.00 secs] 
2020-10-29T13:17:55.067+0000: [GC (Allocation Failure) 2020-10-29T13:17:55.067+0000: [ParNew: 16388K->4K(18432K), 0.0027927 secs] 611640K->595256K(896640K), 0.0028605 secs] [Times: user=0.01 sys=0.00, real=0.00 secs] 
2020-10-29T13:17:55.085+0000: [GC (Allocation Failure) 2020-10-29T13:17:55.085+0000: [ParNew: 16388K->4K(18432K), 0.0028120 secs] 611640K->595256K(896640K), 0.0028589 secs] [Times: user=0.01 sys=0.00, real=0.00 secs] 
2020-10-29T13:17:55.103+0000: [GC (Allocation Failure) 2020-10-29T13:17:55.103+0000: [ParNew: 16388K->4K(18432K), 0.0029195 secs] 611640K->595256K(896640K), 0.0029674 secs] [Times: user=0.01 sys=0.00, real=0.01 secs] 
2020-10-29T13:17:55.122+0000: [GC (Allocation Failure) 2020-10-29T13:17:55.122+0000: [ParNew: 16388K->4K(18432K), 0.0028967 secs] 611640K->595256K(896640K), 0.0029459 secs] [Times: user=0.00 sys=0.00, real=0.01 secs] 
2020-10-29T13:17:55.140+0000: [GC (Allocation Failure) 2020-10-29T13:17:55.140+0000: [ParNew: 16388K->4K(18432K), 0.0028476 secs] 611640K->595256K(896640K), 0.0028949 secs] [Times: user=0.01 sys=0.00, real=0.00 secs] 
2020-10-29T13:17:55.158+0000: [GC (Allocation Failure) 2020-10-29T13:17:55.158+0000: [ParNew: 16388K->4K(18432K), 0.0029364 secs] 611640K->595256K(896640K), 0.0029879 secs] [Times: user=0.00 sys=0.00, real=0.00 secs] 
2020-10-29T13:17:55.180+0000: [GC (Allocation Failure) 2020-10-29T13:17:55.180+0000: [ParNew: 16388K->4K(18432K), 0.0028996 secs] 611640K->595256K(896640K), 0.0029496 secs] [Times: user=0.00 sys=0.00, real=0.00 secs] 
2020-10-29T13:17:55.200+0000: [GC (Allocation Failure) 2020-10-29T13:17:55.200+0000: [ParNew: 16388K->4K(18432K), 0.0027966 secs] 611640K->595256K(896640K), 0.0028432 secs] [Times: user=0.01 sys=0.00, real=0.00 secs] 
2020-10-29T13:17:55.219+0000: [GC (Allocation Failure) 2020-10-29T13:17:55.219+0000: [ParNew: 16388K->4K(18432K), 0.0028352 secs] 611640K->595256K(896640K), 0.0028824 secs] [Times: user=0.00 sys=0.00, real=0.00 secs] 
2020-10-29T13:17:55.237+0000: [GC (Allocation Failure) 2020-10-29T13:17:55.237+0000: [ParNew: 16388K->4K(18432K), 0.0027326 secs] 611640K->595256K(896640K), 0.0027766 secs] [Times: user=0.01 sys=0.00, real=0.00 secs] 
2020-10-29T13:17:55.255+0000: [GC (Allocation Failure) 2020-10-29T13:17:55.255+0000: [ParNew: 16388K->4K(18432K), 0.0028834 secs] 611640K->595256K(896640K), 0.0029322 secs] [Times: user=0.01 sys=0.00, real=0.00 secs] 
2020-10-29T13:17:55.273+0000: [GC (Allocation Failure) 2020-10-29T13:17:55.273+0000: [ParNew: 16388K->4K(18432K), 0.0028489 secs] 611640K->595256K(896640K), 0.0028962 secs] [Times: user=0.01 sys=0.00, real=0.00 secs] 
2020-10-29T13:17:55.292+0000: [GC (Allocation Failure) 2020-10-29T13:17:55.292+0000: [ParNew: 16388K->4K(18432K), 0.0029203 secs] 611640K->595256K(896640K), 0.0029698 secs] [Times: user=0.01 sys=0.00, real=0.00 secs] 
2020-10-29T13:17:55.312+0000: [GC (Allocation Failure) 2020-10-29T13:17:55.312+0000: [ParNew: 16388K->4K(18432K), 0.0028927 secs] 611640K->595256K(896640K), 0.0029348 secs] [Times: user=0.00 sys=0.00, real=0.00 secs] 
2020-10-29T13:17:55.332+0000: [GC (Allocation Failure) 2020-10-29T13:17:55.333+0000: [ParNew: 16388K->4K(18432K), 0.0029027 secs] 611640K->595256K(896640K), 0.0029528 secs] [Times: user=0.00 sys=0.00, real=0.00 secs] 
2020-10-29T13:17:55.352+0000: [GC (Allocation Failure) 2020-10-29T13:17:55.352+0000: [ParNew: 16378K->4K(18432K), 0.0029283 secs] 611631K->595256K(896640K), 0.0029792 secs] [Times: user=0.01 sys=0.00, real=0.00 secs] 
2020-10-29T13:17:55.372+0000: [GC (Allocation Failure) 2020-10-29T13:17:55.372+0000: [ParNew: 16388K->4K(18432K), 0.0059207 secs] 611640K->595256K(896640K), 0.0059696 secs] [Times: user=0.00 sys=0.00, real=0.00 secs] 
2020-10-29T13:17:55.394+0000: [GC (Allocation Failure) 2020-10-29T13:17:55.394+0000: [ParNew: 16388K->4K(18432K), 0.0028825 secs] 611640K->595256K(896640K), 0.0029328 secs] [Times: user=0.01 sys=0.00, real=0.00 secs] 
2020-10-29T13:17:55.412+0000: [GC (Allocation Failure) 2020-10-29T13:17:55.412+0000: [ParNew: 16388K->4K(18432K), 0.0029099 secs] 611640K->595256K(896640K), 0.0029562 secs] [Times: user=0.00 sys=0.00, real=0.01 secs] 
2020-10-29T13:17:55.430+0000: [GC (Allocation Failure) 2020-10-29T13:17:55.430+0000: [ParNew: 16388K->4K(18432K), 0.0029311 secs] 611640K->595256K(896640K), 0.0029819 secs] [Times: user=0.01 sys=0.00, real=0.01 secs] 
2020-10-29T13:17:55.448+0000: [GC (Allocation Failure) 2020-10-29T13:17:55.449+0000: [ParNew: 16388K->4K(18432K), 0.0028496 secs] 611640K->595256K(896640K), 0.0028991 secs] [Times: user=0.01 sys=0.00, real=0.00 secs] 
2020-10-29T13:17:55.468+0000: [GC (Allocation Failure) 2020-10-29T13:17:55.468+0000: [ParNew: 16388K->4K(18432K), 0.0027650 secs] 611640K->595256K(896640K), 0.0028087 secs] [Times: user=0.01 sys=0.00, real=0.00 secs] 
2020-10-29T13:17:55.486+0000: [GC (Allocation Failure) 2020-10-29T13:17:55.486+0000: [ParNew: 16388K->4K(18432K), 0.0028994 secs] 611640K->595257K(896640K), 0.0029471 secs] [Times: user=0.00 sys=0.00, real=0.00 secs] 
2020-10-29T13:17:55.505+0000: [GC (Allocation Failure) 2020-10-29T13:17:55.505+0000: [ParNew: 16388K->4K(18432K), 0.0029369 secs] 611641K->595257K(896640K), 0.0029876 secs] [Times: user=0.01 sys=0.00, real=0.00 secs] 
2020-10-29T13:17:55.523+0000: [GC (Allocation Failure) 2020-10-29T13:17:55.523+0000: [ParNew: 16388K->4K(18432K), 0.0029086 secs] 611641K->595257K(896640K), 0.0029562 secs] [Times: user=0.01 sys=0.00, real=0.01 secs] 
2020-10-29T13:17:55.541+0000: [GC (Allocation Failure) 2020-10-29T13:17:55.541+0000: [ParNew: 16388K->4K(18432K), 0.0029634 secs] 611641K->595257K(896640K), 0.0030151 secs] [Times: user=0.00 sys=0.00, real=0.01 secs] 
2020-10-29T13:17:55.560+0000: [GC (Allocation Failure) 2020-10-29T13:17:55.560+0000: [ParNew: 16388K->4K(18432K), 0.0028597 secs] 611641K->595257K(896640K), 0.0029086 secs] [Times: user=0.01 sys=0.00, real=0.00 secs] 
2020-10-29T13:17:55.578+0000: [GC (Allocation Failure) 2020-10-29T13:17:55.578+0000: [ParNew: 16388K->4K(18432K), 0.0029257 secs] 611641K->595257K(896640K), 0.0029746 secs] [Times: user=0.01 sys=0.00, real=0.00 secs] 
2020-10-29T13:17:55.596+0000: [GC (Allocation Failure) 2020-10-29T13:17:55.596+0000: [ParNew: 16388K->4K(18432K), 0.0029610 secs] 611641K->595257K(896640K), 0.0030145 secs] [Times: user=0.00 sys=0.00, real=0.00 secs] 
2020-10-29T13:17:55.614+0000: [GC (Allocation Failure) 2020-10-29T13:17:55.614+0000: [ParNew: 16388K->4K(18432K), 0.0029538 secs] 611641K->595257K(896640K), 0.0030061 secs] [Times: user=0.01 sys=0.00, real=0.00 secs] 
2020-10-29T13:17:55.633+0000: [GC (Allocation Failure) 2020-10-29T13:17:55.633+0000: [ParNew: 16388K->4K(18432K), 0.0029068 secs] 611641K->595257K(896640K), 0.0029582 secs] [Times: user=0.00 sys=0.00, real=0.00 secs] 
2020-10-29T13:17:55.652+0000: [GC (Allocation Failure) 2020-10-29T13:17:55.652+0000: [ParNew: 16388K->4K(18432K), 0.0028959 secs] 611641K->595257K(896640K), 0.0029455 secs] [Times: user=0.00 sys=0.00, real=0.00 secs] 
2020-10-29T13:17:55.672+0000: [GC (Allocation Failure) 2020-10-29T13:17:55.672+0000: [ParNew: 16388K->4K(18432K), 0.0028164 secs] 611641K->595257K(896640K), 0.0028637 secs] [Times: user=0.01 sys=0.00, real=0.00 secs] 
2020-10-29T13:17:55.691+0000: [GC (Allocation Failure) 2020-10-29T13:17:55.691+0000: [ParNew: 16388K->4K(18432K), 0.0029487 secs] 611641K->595257K(896640K), 0.0030022 secs] [Times: user=0.00 sys=0.00, real=0.01 secs] 
2020-10-29T13:17:55.709+0000: [GC (Allocation Failure) 2020-10-29T13:17:55.709+0000: [ParNew: 16388K->4K(18432K), 0.0028905 secs] 611641K->595257K(896640K), 0.0029400 secs] [Times: user=0.01 sys=0.00, real=0.00 secs] 
2020-10-29T13:17:55.732+0000: [GC (Allocation Failure) 2020-10-29T13:17:55.732+0000: [ParNew: 16388K->4K(18432K), 0.0029787 secs] 611641K->595257K(896640K), 0.0030500 secs] [Times: user=0.00 sys=0.00, real=0.01 secs] 
2020-10-29T13:17:55.754+0000: [GC (Allocation Failure) 2020-10-29T13:17:55.754+0000: [ParNew: 16388K->4K(18432K), 0.0029283 secs] 611641K->595257K(896640K), 0.0029787 secs] [Times: user=0.01 sys=0.00, real=0.00 secs] 
2020-10-29T13:17:55.772+0000: [GC (Allocation Failure) 2020-10-29T13:17:55.773+0000: [ParNew: 16388K->4K(18432K), 0.0029177 secs] 611641K->595257K(896640K), 0.0029692 secs] [Times: user=0.00 sys=0.00, real=0.00 secs] 
2020-10-29T13:17:55.792+0000: [GC (Allocation Failure) 2020-10-29T13:17:55.792+0000: [ParNew: 16388K->4K(18432K), 0.0027957 secs] 611641K->595257K(896640K), 0.0028428 secs] [Times: user=0.00 sys=0.00, real=0.00 secs] 
2020-10-29T13:17:55.815+0000: [GC (Allocation Failure) 2020-10-29T13:17:55.815+0000: [ParNew: 16388K->4K(18432K), 0.0028835 secs] 611641K->595257K(896640K), 0.0029326 secs] [Times: user=0.00 sys=0.00, real=0.00 secs] 
2020-10-29T13:17:55.836+0000: [GC (Allocation Failure) 2020-10-29T13:17:55.836+0000: [ParNew: 16388K->4K(18432K), 0.0028105 secs] 611641K->595257K(896640K), 0.0028570 secs] [Times: user=0.01 sys=0.00, real=0.00 secs] 
2020-10-29T13:17:55.854+0000: [GC (Allocation Failure) 2020-10-29T13:17:55.854+0000: [ParNew: 16388K->4K(18432K), 0.0028468 secs] 611641K->595257K(896640K), 0.0028941 secs] [Times: user=0.00 sys=0.00, real=0.00 secs] 
2020-10-29T13:17:55.876+0000: [GC (Allocation Failure) 2020-10-29T13:17:55.876+0000: [ParNew: 16388K->4K(18432K), 0.0028396 secs] 611641K->595257K(896640K), 0.0028873 secs] [Times: user=0.01 sys=0.00, real=0.00 secs] 
2020-10-29T13:17:55.896+0000: [GC (Allocation Failure) 2020-10-29T13:17:55.896+0000: [ParNew: 16388K->4K(18432K), 0.0028657 secs] 611641K->595257K(896640K), 0.0029167 secs] [Times: user=0.01 sys=0.00, real=0.00 secs] 
2020-10-29T13:17:55.920+0000: [GC (Allocation Failure) 2020-10-29T13:17:55.920+0000: [ParNew: 16388K->4K(18432K), 0.0029165 secs] 611641K->595257K(896640K), 0.0029668 secs] [Times: user=0.01 sys=0.00, real=0.00 secs] 
2020-10-29T13:17:55.939+0000: [GC (Allocation Failure) 2020-10-29T13:17:55.939+0000: [ParNew: 16388K->4K(18432K), 0.0028871 secs] 611641K->595257K(896640K), 0.0029358 secs] [Times: user=0.00 sys=0.00, real=0.00 secs] 
2020-10-29T13:17:55.958+0000: [GC (Allocation Failure) 2020-10-29T13:17:55.958+0000: [ParNew: 16388K->4K(18432K), 0.0029164 secs] 611641K->595257K(896640K), 0.0029654 secs] [Times: user=0.01 sys=0.00, real=0.00 secs] 
2020-10-29T13:17:55.976+0000: [GC (Allocation Failure) 2020-10-29T13:17:55.976+0000: [ParNew: 16388K->4K(18432K), 0.0028853 secs] 611641K->595257K(896640K), 0.0029346 secs] [Times: user=0.00 sys=0.00, real=0.00 secs] 
2020-10-29T13:17:55.995+0000: [GC (Allocation Failure) 2020-10-29T13:17:55.995+0000: [ParNew: 16388K->4K(18432K), 0.0028328 secs] 611641K->595257K(896640K), 0.0028796 secs] [Times: user=0.01 sys=0.00, real=0.00 secs] 
2020-10-29T13:17:56.016+0000: [GC (Allocation Failure) 2020-10-29T13:17:56.016+0000: [ParNew: 16388K->4K(18432K), 0.0028948 secs] 611641K->595257K(896640K), 0.0029452 secs] [Times: user=0.01 sys=0.00, real=0.00 secs] 
2020-10-29T13:17:56.035+0000: [GC (Allocation Failure) 2020-10-29T13:17:56.035+0000: [ParNew: 16388K->4K(18432K), 0.0028911 secs] 611641K->595257K(896640K), 0.0029519 secs] [Times: user=0.00 sys=0.00, real=0.00 secs] 
2020-10-29T13:17:56.056+0000: [GC (Allocation Failure) 2020-10-29T13:17:56.056+0000: [ParNew: 16388K->4K(18432K), 0.0029001 secs] 611641K->595257K(896640K), 0.0029505 secs] [Times: user=0.01 sys=0.00, real=0.00 secs] 
2020-10-29T13:17:56.075+0000: [GC (Allocation Failure) 2020-10-29T13:17:56.075+0000: [ParNew: 16388K->4K(18432K), 0.0027877 secs] 611641K->595257K(896640K), 0.0028341 secs] [Times: user=0.00 sys=0.00, real=0.00 secs] 
2020-10-29T13:17:56.093+0000: [GC (Allocation Failure) 2020-10-29T13:17:56.093+0000: [ParNew: 16388K->4K(18432K), 0.0029262 secs] 611641K->595257K(896640K), 0.0029918 secs] [Times: user=0.01 sys=0.00, real=0.00 secs] 
2020-10-29T13:17:56.111+0000: [GC (Allocation Failure) 2020-10-29T13:17:56.111+0000: [ParNew: 16388K->4K(18432K), 0.0029328 secs] 611641K->595257K(896640K), 0.0029843 secs] [Times: user=0.01 sys=0.00, real=0.01 secs] 
2020-10-29T13:17:56.132+0000: [GC (Allocation Failure) 2020-10-29T13:17:56.132+0000: [ParNew: 16388K->4K(18432K), 0.0028979 secs] 611641K->595257K(896640K), 0.0029460 secs] [Times: user=0.01 sys=0.00, real=0.00 secs] 
2020-10-29T13:17:56.152+0000: [GC (Allocation Failure) 2020-10-29T13:17:56.152+0000: [ParNew: 16388K->4K(18432K), 0.0027857 secs] 611641K->595257K(896640K), 0.0028302 secs] [Times: user=0.00 sys=0.00, real=0.00 secs] 
2020-10-29T13:17:56.172+0000: [GC (Allocation Failure) 2020-10-29T13:17:56.172+0000: [ParNew: 16388K->4K(18432K), 0.0027146 secs] 611641K->595257K(896640K), 0.0027591 secs] [Times: user=0.01 sys=0.00, real=0.00 secs] 
2020-10-29T13:17:56.190+0000: [GC (Allocation Failure) 2020-10-29T13:17:56.191+0000: [ParNew: 16388K->4K(18432K), 0.0028330 secs] 611641K->595257K(896640K), 0.0028791 secs] [Times: user=0.00 sys=0.00, real=0.01 secs] 
2020-10-29T13:17:56.209+0000: [GC (Allocation Failure) 2020-10-29T13:17:56.209+0000: [ParNew: 16388K->4K(18432K), 0.0027987 secs] 611641K->595257K(896640K), 0.0028436 secs] [Times: user=0.01 sys=0.00, real=0.00 secs] 
2020-10-29T13:17:56.227+0000: [GC (Allocation Failure) 2020-10-29T13:17:56.227+0000: [ParNew: 16388K->4K(18432K), 0.0027861 secs] 611641K->595257K(896640K), 0.0028301 secs] [Times: user=0.00 sys=0.00, real=0.00 secs] 
2020-10-29T13:17:56.245+0000: [GC (Allocation Failure) 2020-10-29T13:17:56.245+0000: [ParNew: 16388K->4K(18432K), 0.0028574 secs] 611641K->595257K(896640K), 0.0029061 secs] [Times: user=0.01 sys=0.00, real=0.00 secs] 
2020-10-29T13:17:56.264+0000: [GC (Allocation Failure) 2020-10-29T13:17:56.264+0000: [ParNew: 16388K->4K(18432K), 0.0028058 secs] 611641K->595257K(896640K), 0.0028508 secs] [Times: user=0.01 sys=0.00, real=0.00 secs] 
2020-10-29T13:17:56.283+0000: [GC (Allocation Failure) 2020-10-29T13:17:56.283+0000: [ParNew: 16388K->4K(18432K), 0.0029131 secs] 611641K->595257K(896640K), 0.0029632 secs] [Times: user=0.01 sys=0.00, real=0.01 secs] 
2020-10-29T13:17:56.301+0000: [GC (Allocation Failure) 2020-10-29T13:17:56.301+0000: [ParNew: 16388K->4K(18432K), 0.0028905 secs] 611641K->595257K(896640K), 0.0029402 secs] [Times: user=0.01 sys=0.00, real=0.00 secs] 
2020-10-29T13:17:56.319+0000: [GC (Allocation Failure) 2020-10-29T13:17:56.319+0000: [ParNew: 16388K->4K(18432K), 0.0028549 secs] 611641K->595257K(896640K), 0.0029039 secs] [Times: user=0.00 sys=0.00, real=0.00 secs] 
2020-10-29T13:17:56.337+0000: [GC (Allocation Failure) 2020-10-29T13:17:56.337+0000: [ParNew: 16388K->4K(18432K), 0.0029285 secs] 611641K->595257K(896640K), 0.0029801 secs] [Times: user=0.01 sys=0.00, real=0.00 secs] 
2020-10-29T13:17:56.356+0000: [GC (Allocation Failure) 2020-10-29T13:17:56.356+0000: [ParNew: 16388K->4K(18432K), 0.0032908 secs] 611641K->595257K(896640K), 0.0033538 secs] [Times: user=0.00 sys=0.00, real=0.00 secs] 
2020-10-29T13:17:56.374+0000: [GC (Allocation Failure) 2020-10-29T13:17:56.374+0000: [ParNew: 16388K->4K(18432K), 0.0029231 secs] 611641K->595257K(896640K), 0.0029715 secs] [Times: user=0.01 sys=0.00, real=0.00 secs] 
2020-10-29T13:17:56.393+0000: [GC (Allocation Failure) 2020-10-29T13:17:56.393+0000: [ParNew: 16388K->4K(18432K), 0.0027927 secs] 611641K->595257K(896640K), 0.0028364 secs] [Times: user=0.00 sys=0.00, real=0.00 secs] 
2020-10-29T13:17:56.411+0000: [GC (Allocation Failure) 2020-10-29T13:17:56.411+0000: [ParNew: 16388K->4K(18432K), 0.0028562 secs] 611641K->595257K(896640K), 0.0029043 secs] [Times: user=0.01 sys=0.00, real=0.01 secs] 
2020-10-29T13:17:56.432+0000: [GC (Allocation Failure) 2020-10-29T13:17:56.432+0000: [ParNew: 16388K->4K(18432K), 0.0028003 secs] 611641K->595257K(896640K), 0.0028450 secs] [Times: user=0.01 sys=0.00, real=0.00 secs] 
2020-10-29T13:17:56.451+0000: [GC (Allocation Failure) 2020-10-29T13:17:56.451+0000: [ParNew: 16388K->4K(18432K), 0.0028280 secs] 611641K->595257K(896640K), 0.0028742 secs] [Times: user=0.00 sys=0.00, real=0.01 secs] 
2020-10-29T13:17:56.469+0000: [GC (Allocation Failure) 2020-10-29T13:17:56.469+0000: [ParNew: 16388K->4K(18432K), 0.0027954 secs] 611641K->595257K(896640K), 0.0028456 secs] [Times: user=0.01 sys=0.00, real=0.00 secs] 
2020-10-29T13:17:56.488+0000: [GC (Allocation Failure) 2020-10-29T13:17:56.488+0000: [ParNew: 16388K->4K(18432K), 0.0028324 secs] 611641K->595257K(896640K), 0.0028791 secs] [Times: user=0.00 sys=0.00, real=0.00 secs] 
2020-10-29T13:17:56.507+0000: [GC (Allocation Failure) 2020-10-29T13:17:56.507+0000: [ParNew: 16388K->4K(18432K), 0.0029400 secs] 611641K->595257K(896640K), 0.0029879 secs] [Times: user=0.01 sys=0.00, real=0.00 secs] 
2020-10-29T13:17:56.525+0000: [GC (Allocation Failure) 2020-10-29T13:17:56.525+0000: [ParNew: 16388K->4K(18432K), 0.0029294 secs] 611641K->595257K(896640K), 0.0029802 secs] [Times: user=0.00 sys=0.00, real=0.00 secs] 
2020-10-29T13:17:56.544+0000: [GC (Allocation Failure) 2020-10-29T13:17:56.544+0000: [ParNew: 16388K->4K(18432K), 0.0028388 secs] 611641K->595257K(896640K), 0.0028881 secs] [Times: user=0.00 sys=0.00, real=0.00 secs] 
2020-10-29T13:17:56.563+0000: [GC (Allocation Failure) 2020-10-29T13:17:56.563+0000: [ParNew: 16388K->4K(18432K), 0.0029949 secs] 611641K->595257K(896640K), 0.0030473 secs] [Times: user=0.01 sys=0.00, real=0.01 secs] 
2020-10-29T13:17:56.581+0000: [GC (Allocation Failure) 2020-10-29T13:17:56.581+0000: [ParNew: 16388K->4K(18432K), 0.0029284 secs] 611641K->595257K(896640K), 0.0029796 secs] [Times: user=0.01 sys=0.00, real=0.00 secs] 
2020-10-29T13:17:56.599+0000: [GC (Allocation Failure) 2020-10-29T13:17:56.599+0000: [ParNew: 16388K->4K(18432K), 0.0028900 secs] 611641K->595257K(896640K), 0.0029402 secs] [Times: user=0.00 sys=0.00, real=0.00 secs] 
2020-10-29T13:17:56.620+0000: [GC (Allocation Failure) 2020-10-29T13:17:56.620+0000: [ParNew: 16388K->4K(18432K), 0.0028775 secs] 611641K->595257K(896640K), 0.0029275 secs] [Times: user=0.01 sys=0.00, real=0.00 secs] 
2020-10-29T13:17:56.640+0000: [GC (Allocation Failure) 2020-10-29T13:17:56.640+0000: [ParNew: 16388K->4K(18432K), 0.0027999 secs] 611641K->595257K(896640K), 0.0028471 secs] [Times: user=0.01 sys=0.00, real=0.00 secs] 
2020-10-29T13:17:56.659+0000: [GC (Allocation Failure) 2020-10-29T13:17:56.659+0000: [ParNew: 16388K->4K(18432K), 0.0029053 secs] 611641K->595257K(896640K), 0.0029555 secs] [Times: user=0.01 sys=0.00, real=0.00 secs] 
2020-10-29T13:17:56.677+0000: [GC (Allocation Failure) 2020-10-29T13:17:56.677+0000: [ParNew: 16388K->4K(18432K), 0.0029064 secs] 611641K->595257K(896640K), 0.0029534 secs] [Times: user=0.00 sys=0.00, real=0.00 secs] 
2020-10-29T13:17:56.697+0000: [GC (Allocation Failure) 2020-10-29T13:17:56.697+0000: [ParNew: 16388K->4K(18432K), 0.0029798 secs] 611641K->595257K(896640K), 0.0030332 secs] [Times: user=0.01 sys=0.00, real=0.00 secs] 
2020-10-29T13:17:56.719+0000: [GC (Allocation Failure) 2020-10-29T13:17:56.719+0000: [ParNew: 16388K->4K(18432K), 0.0029389 secs] 611641K->595257K(896640K), 0.0029909 secs] [Times: user=0.00 sys=0.00, real=0.00 secs] 
2020-10-29T13:17:56.738+0000: [GC (Allocation Failure) 2020-10-29T13:17:56.738+0000: [ParNew: 16388K->4K(18432K), 0.0029667 secs] 611641K->595257K(896640K), 0.0030199 secs] [Times: user=0.01 sys=0.00, real=0.00 secs] 
2020-10-29T13:17:56.756+0000: [GC (Allocation Failure) 2020-10-29T13:17:56.756+0000: [ParNew: 16388K->4K(18432K), 0.0029655 secs] 611641K->595257K(896640K), 0.0030306 secs] [Times: user=0.00 sys=0.00, real=0.00 secs] 
2020-10-29T13:17:56.774+0000: [GC (Allocation Failure) 2020-10-29T13:17:56.775+0000: [ParNew: 16388K->4K(18432K), 0.0029383 secs] 611641K->595257K(896640K), 0.0029919 secs] [Times: user=0.01 sys=0.00, real=0.00 secs] 
2020-10-29T13:17:56.793+0000: [GC (Allocation Failure) 2020-10-29T13:17:56.793+0000: [ParNew: 16388K->4K(18432K), 0.0029199 secs] 611641K->595257K(896640K), 0.0029725 secs] [Times: user=0.00 sys=0.00, real=0.00 secs] 
2020-10-29T13:17:56.812+0000: [GC (Allocation Failure) 2020-10-29T13:17:56.812+0000: [ParNew: 16388K->4K(18432K), 0.0029557 secs] 611641K->595257K(896640K), 0.0030070 secs] [Times: user=0.01 sys=0.00, real=0.00 secs] 
2020-10-29T13:17:56.831+0000: [GC (Allocation Failure) 2020-10-29T13:17:56.831+0000: [ParNew: 16388K->4K(18432K), 0.0029209 secs] 611641K->595257K(896640K), 0.0029725 secs] [Times: user=0.00 sys=0.00, real=0.01 secs] 
2020-10-29T13:17:56.849+0000: [GC (Allocation Failure) 2020-10-29T13:17:56.849+0000: [ParNew: 16388K->4K(18432K), 0.0028523 secs] 611641K->595257K(896640K), 0.0029005 secs] [Times: user=0.01 sys=0.00, real=0.00 secs] 
2020-10-29T13:17:56.867+0000: [GC (Allocation Failure) 2020-10-29T13:17:56.867+0000: [ParNew: 16388K->4K(18432K), 0.0028515 secs] 611641K->595257K(896640K), 0.0028984 secs] [Times: user=0.01 sys=0.00, real=0.00 secs] 
2020-10-29T13:17:56.885+0000: [GC (Allocation Failure) 2020-10-29T13:17:56.886+0000: [ParNew: 16388K->4K(18432K), 0.0027870 secs] 611641K->595257K(896640K), 0.0028327 secs] [Times: user=0.01 sys=0.00, real=0.00 secs] 
2020-10-29T13:17:56.904+0000: [GC (Allocation Failure) 2020-10-29T13:17:56.904+0000: [ParNew: 16388K->4K(18432K), 0.0028700 secs] 611641K->595257K(896640K), 0.0029190 secs] [Times: user=0.00 sys=0.00, real=0.00 secs] 
2020-10-29T13:17:56.923+0000: [GC (Allocation Failure) 2020-10-29T13:17:56.923+0000: [ParNew: 16388K->4K(18432K), 0.0029182 secs] 611641K->595257K(896640K), 0.0029677 secs] [Times: user=0.01 sys=0.00, real=0.01 secs] 
2020-10-29T13:17:56.941+0000: [GC (Allocation Failure) 2020-10-29T13:17:56.941+0000: [ParNew: 16388K->4K(18432K), 0.0028888 secs] 611641K->595257K(896640K), 0.0029354 secs] [Times: user=0.01 sys=0.00, real=0.00 secs] 
2020-10-29T13:17:56.960+0000: [GC (Allocation Failure) 2020-10-29T13:17:56.960+0000: [ParNew: 16388K->4K(18432K), 0.0028782 secs] 611641K->595257K(896640K), 0.0029268 secs] [Times: user=0.00 sys=0.00, real=0.00 secs] 
2020-10-29T13:17:56.980+0000: [GC (Allocation Failure) 2020-10-29T13:17:56.980+0000: [ParNew: 16388K->4K(18432K), 0.0028523 secs] 611641K->595257K(896640K), 0.0028995 secs] [Times: user=0.01 sys=0.00, real=0.00 secs] 
2020-10-29T13:17:57.000+0000: [GC (Allocation Failure) 2020-10-29T13:17:57.000+0000: [ParNew: 16388K->4K(18432K), 0.0028296 secs] 611641K->595257K(896640K), 0.0028766 secs] [Times: user=0.01 sys=0.00, real=0.00 secs] 
2020-10-29T13:17:57.027+0000: [GC (Allocation Failure) 2020-10-29T13:17:57.027+0000: [ParNew: 16388K->28K(18432K), 0.0030595 secs] 611641K->595282K(896640K), 0.0031113 secs] [Times: user=0.01 sys=0.00, real=0.00 secs] 
2020-10-29T13:17:57.071+0000: [GC (Allocation Failure) 2020-10-29T13:17:57.071+0000: [ParNew: 16412K->1155K(18432K), 0.0036551 secs] 611666K->598457K(896640K), 0.0037297 secs] [Times: user=0.01 sys=0.00, real=0.01 secs] 
2020-10-29T13:17:57.128+0000: [GC (Allocation Failure) 2020-10-29T13:17:57.128+0000: [ParNew: 17539K->17K(18432K), 0.0033094 secs] 614841K->598416K(896640K), 0.0033808 secs] [Times: user=0.01 sys=0.00, real=0.00 secs] 
2020-10-29T13:17:57.192+0000: [GC (Allocation Failure) 2020-10-29T13:17:57.192+0000: [ParNew: 16401K->4K(18432K), 0.0029320 secs] 614800K->598403K(896640K), 0.0029846 secs] [Times: user=0.01 sys=0.00, real=0.01 secs] 
2020-10-29T13:17:57.225+0000: [GC (Allocation Failure) 2020-10-29T13:17:57.225+0000: [ParNew: 16388K->4K(18432K), 0.0029086 secs] 614787K->598403K(896640K), 0.0029609 secs] [Times: user=0.00 sys=0.00, real=0.00 secs] 
2020-10-29T13:17:57.260+0000: [GC (Allocation Failure) 2020-10-29T13:17:57.260+0000: [ParNew: 16388K->4K(18432K), 0.0028878 secs] 614787K->598403K(896640K), 0.0029404 secs] [Times: user=0.01 sys=0.00, real=0.00 secs] 
2020-10-29T13:17:57.292+0000: [GC (Allocation Failure) 2020-10-29T13:17:57.293+0000: [ParNew: 16388K->4K(18432K), 0.0030198 secs] 614787K->598403K(896640K), 0.0030793 secs] [Times: user=0.00 sys=0.00, real=0.00 secs] 
2020-10-29T13:17:57.332+0000: [GC (Allocation Failure) 2020-10-29T13:17:57.332+0000: [ParNew: 16388K->4K(18432K), 0.0029432 secs] 614787K->598403K(896640K), 0.0029939 secs] [Times: user=0.00 sys=0.00, real=0.00 secs] 
2020-10-29T13:17:57.372+0000: [GC (Allocation Failure) 2020-10-29T13:17:57.373+0000: [ParNew: 16388K->4K(18432K), 0.0029038 secs] 614787K->598403K(896640K), 0.0029574 secs] [Times: user=0.01 sys=0.00, real=0.00 secs] 
2020-10-29T13:17:57.408+0000: [GC (Allocation Failure) 2020-10-29T13:17:57.408+0000: [ParNew: 16388K->4K(18432K), 0.0029193 secs] 614787K->598403K(896640K), 0.0029712 secs] [Times: user=0.01 sys=0.00, real=0.00 secs] 
2020-10-29T13:17:57.440+0000: [GC (Allocation Failure) 2020-10-29T13:17:57.440+0000: [ParNew: 16388K->4K(18432K), 0.0029464 secs] 614787K->598403K(896640K), 0.0029984 secs] [Times: user=0.01 sys=0.00, real=0.00 secs] 
2020-10-29T13:17:57.473+0000: [GC (Allocation Failure) 2020-10-29T13:17:57.473+0000: [ParNew: 16388K->4K(18432K), 0.0029090 secs] 614787K->598403K(896640K), 0.0029604 secs] [Times: user=0.00 sys=0.00, real=0.00 secs] 
2020-10-29T13:17:57.508+0000: [GC (Allocation Failure) 2020-10-29T13:17:57.508+0000: [ParNew: 16388K->4K(18432K), 0.0029732 secs] 614787K->598403K(896640K), 0.0030238 secs] [Times: user=0.00 sys=0.00, real=0.00 secs] 
2020-10-29T13:17:57.540+0000: [GC (Allocation Failure) 2020-10-29T13:17:57.540+0000: [ParNew: 16388K->4K(18432K), 0.0029502 secs] 614787K->598403K(896640K), 0.0030016 secs] [Times: user=0.00 sys=0.00, real=0.00 secs] 
2020-10-29T13:17:57.572+0000: [GC (Allocation Failure) 2020-10-29T13:17:57.573+0000: [ParNew: 16388K->4K(18432K), 0.0029340 secs] 614787K->598403K(896640K), 0.0029860 secs] [Times: user=0.01 sys=0.00, real=0.00 secs] 
2020-10-29T13:17:57.602+0000: [GC (Allocation Failure) 2020-10-29T13:17:57.602+0000: [ParNew: 16388K->4K(18432K), 0.0029957 secs] 614787K->598403K(896640K), 0.0030506 secs] [Times: user=0.00 sys=0.00, real=0.01 secs] 
2020-10-29T13:17:57.634+0000: [GC (Allocation Failure) 2020-10-29T13:17:57.634+0000: [ParNew: 16082K->1217K(18432K), 0.0036121 secs] 614482K->599617K(896640K), 0.0036883 secs] [Times: user=0.01 sys=0.00, real=0.00 secs] 
2020-10-29T13:17:57.903+0000: [GC (Allocation Failure) 2020-10-29T13:17:57.903+0000: [ParNew: 17601K->1101K(18432K), 0.0037253 secs] 616001K->601586K(896640K), 0.0038122 secs] [Times: user=0.01 sys=0.00, real=0.01 secs] 
2020-10-29T13:17:58.073+0000: [GC (Allocation Failure) 2020-10-29T13:17:58.073+0000: [ParNew: 17485K->4K(18432K), 0.0065802 secs] 617970K->601575K(896640K), 0.0066573 secs] [Times: user=0.01 sys=0.00, real=0.00 secs] 
2020-10-29T13:17:58.285+0000: [GC (Allocation Failure) 2020-10-29T13:17:58.285+0000: [ParNew: 16388K->2K(18432K), 0.0029427 secs] 617959K->601572K(896640K), 0.0030066 secs] [Times: user=0.00 sys=0.00, real=0.00 secs] 
2020-10-29T13:17:58.368+0000: [GC (Allocation Failure) 2020-10-29T13:17:58.369+0000: [ParNew: 16386K->4K(18432K), 0.0029579 secs] 617956K->601574K(896640K), 0.0030152 secs] [Times: user=0.01 sys=0.00, real=0.00 secs] 
2020-10-29T13:17:58.428+0000: [GC (GCLocker Initiated GC) 2020-10-29T13:17:58.429+0000: [ParNew: 16388K->6K(18432K), 0.0029347 secs] 617959K->601576K(896640K), 0.0030127 secs] [Times: user=0.00 sys=0.00, real=0.00 secs] 
2020-10-29T13:17:58.493+0000: [GC (Allocation Failure) 2020-10-29T13:17:58.493+0000: [ParNew: 16390K->6K(18432K), 0.0029695 secs] 617960K->601576K(896640K), 0.0030440 secs] [Times: user=0.01 sys=0.00, real=0.00 secs] 
2020-10-29T13:17:58.548+0000: [GC (Allocation Failure) 2020-10-29T13:17:58.548+0000: [ParNew: 16390K->6K(18432K), 0.0029605 secs] 617960K->601576K(896640K), 0.0030247 secs] [Times: user=0.01 sys=0.00, real=0.00 secs] 
2020-10-29T13:17:58.584+0000: [GC (Allocation Failure) 2020-10-29T13:17:58.584+0000: [ParNew: 16390K->4K(18432K), 0.0079299 secs] 617960K->601575K(896640K), 0.0079889 secs] [Times: user=0.01 sys=0.00, real=0.01 secs] 
2020-10-29T13:17:58.633+0000: [GC (Allocation Failure) 2020-10-29T13:17:58.633+0000: [ParNew: 16388K->4K(18432K), 0.0029521 secs] 617959K->601575K(896640K), 0.0030075 secs] [Times: user=0.01 sys=0.00, real=0.00 secs] 
2020-10-29T13:17:58.660+0000: [GC (Allocation Failure) 2020-10-29T13:17:58.661+0000: [ParNew: 16388K->4K(18432K), 0.0029489 secs] 617959K->601575K(896640K), 0.0030019 secs] [Times: user=0.01 sys=0.00, real=0.00 secs] 
2020-10-29T13:17:58.684+0000: [GC (Allocation Failure) 2020-10-29T13:17:58.684+0000: [ParNew: 16388K->4K(18432K), 0.0028963 secs] 617959K->601576K(896640K), 0.0029472 secs] [Times: user=0.00 sys=0.00, real=0.00 secs] 
2020-10-29T13:17:58.708+0000: [GC (Allocation Failure) 2020-10-29T13:17:58.708+0000: [ParNew: 16388K->4K(18432K), 0.0028495 secs] 617960K->601576K(896640K), 0.0028990 secs] [Times: user=0.00 sys=0.00, real=0.00 secs] 
2020-10-29T13:17:58.736+0000: [GC (Allocation Failure) 2020-10-29T13:17:58.737+0000: [ParNew: 16388K->4K(18432K), 0.0029662 secs] 617960K->601576K(896640K), 0.0030198 secs] [Times: user=0.01 sys=0.00, real=0.00 secs] 
2020-10-29T13:17:58.772+0000: [GC (Allocation Failure) 2020-10-29T13:17:58.772+0000: [ParNew: 16388K->4K(18432K), 0.0029735 secs] 617960K->601576K(896640K), 0.0030204 secs] [Times: user=0.01 sys=0.00, real=0.01 secs] 
2020-10-29T13:17:58.795+0000: [GC (Allocation Failure) 2020-10-29T13:17:58.795+0000: [ParNew: 16388K->4K(18432K), 0.0029423 secs] 617960K->601577K(896640K), 0.0029972 secs] [Times: user=0.00 sys=0.00, real=0.00 secs] 
2020-10-29T13:17:58.819+0000: [GC (Allocation Failure) 2020-10-29T13:17:58.819+0000: [ParNew: 16388K->4K(18432K), 0.0029312 secs] 617961K->601577K(896640K), 0.0029836 secs] [Times: user=0.01 sys=0.00, real=0.00 secs] 
2020-10-29T13:17:58.843+0000: [GC (Allocation Failure) 2020-10-29T13:17:58.843+0000: [ParNew: 16388K->4K(18432K), 0.0029470 secs] 617961K->601577K(896640K), 0.0029985 secs] [Times: user=0.00 sys=0.00, real=0.01 secs] 
2020-10-29T13:17:58.869+0000: [GC (Allocation Failure) 2020-10-29T13:17:58.869+0000: [ParNew: 16388K->4K(18432K), 0.0029171 secs] 617961K->601577K(896640K), 0.0029735 secs] [Times: user=0.00 sys=0.00, real=0.00 secs] 
2020-10-29T13:17:58.900+0000: [GC (Allocation Failure) 2020-10-29T13:17:58.901+0000: [ParNew: 16388K->4K(18432K), 0.0029217 secs] 617961K->601577K(896640K), 0.0029780 secs] [Times: user=0.01 sys=0.00, real=0.00 secs] 
2020-10-29T13:17:58.924+0000: [GC (Allocation Failure) 2020-10-29T13:17:58.924+0000: [ParNew: 16388K->4K(18432K), 0.0042997 secs] 617961K->601577K(896640K), 0.0043610 secs] [Times: user=0.01 sys=0.00, real=0.01 secs] 
2020-10-29T13:17:58.954+0000: [GC (Allocation Failure) 2020-10-29T13:17:58.954+0000: [ParNew: 16388K->4K(18432K), 0.0035703 secs] 617961K->601577K(896640K), 0.0036320 secs] [Times: user=0.01 sys=0.00, real=0.00 secs] 
2020-10-29T13:17:58.979+0000: [GC (Allocation Failure) 2020-10-29T13:17:58.979+0000: [ParNew: 16388K->4K(18432K), 0.0029391 secs] 617961K->601577K(896640K), 0.0029877 secs] [Times: user=0.01 sys=0.00, real=0.00 secs] 
2020-10-29T13:17:59.004+0000: [GC (Allocation Failure) 2020-10-29T13:17:59.004+0000: [ParNew: 16388K->4K(18432K), 0.0029071 secs] 617961K->601577K(896640K), 0.0029599 secs] [Times: user=0.00 sys=0.00, real=0.00 secs] 
2020-10-29T13:17:59.029+0000: [GC (Allocation Failure) 2020-10-29T13:17:59.029+0000: [ParNew: 16388K->4K(18432K), 0.0029314 secs] 617961K->601577K(896640K), 0.0029825 secs] [Times: user=0.01 sys=0.00, real=0.00 secs] 
2020-10-29T13:17:59.056+0000: [GC (Allocation Failure) 2020-10-29T13:17:59.057+0000: [ParNew: 16388K->4K(18432K), 0.0029022 secs] 617961K->601577K(896640K), 0.0029538 secs] [Times: user=0.01 sys=0.00, real=0.00 secs] 
2020-10-29T13:17:59.081+0000: [GC (Allocation Failure) 2020-10-29T13:17:59.081+0000: [ParNew: 16388K->4K(18432K), 0.0029249 secs] 617961K->601577K(896640K), 0.0029743 secs] [Times: user=0.01 sys=0.00, real=0.00 secs] 
2020-10-29T13:17:59.106+0000: [GC (Allocation Failure) 2020-10-29T13:17:59.106+0000: [ParNew: 16388K->4K(18432K), 0.0029127 secs] 617961K->601577K(896640K), 0.0029632 secs] [Times: user=0.00 sys=0.00, real=0.00 secs] 
2020-10-29T13:17:59.129+0000: [GC (Allocation Failure) 2020-10-29T13:17:59.129+0000: [ParNew: 16388K->4K(18432K), 0.0028256 secs] 617961K->601577K(896640K), 0.0028751 secs] [Times: user=0.01 sys=0.00, real=0.00 secs] 
2020-10-29T13:17:59.156+0000: [GC (Allocation Failure) 2020-10-29T13:17:59.157+0000: [ParNew: 16388K->4K(18432K), 0.0029021 secs] 617961K->601577K(896640K), 0.0029531 secs] [Times: user=0.01 sys=0.00, real=0.00 secs] 
2020-10-29T13:17:59.181+0000: [GC (Allocation Failure) 2020-10-29T13:17:59.181+0000: [ParNew: 16388K->4K(18432K), 0.0028874 secs] 617961K->601577K(896640K), 0.0029386 secs] [Times: user=0.00 sys=0.00, real=0.00 secs] 
2020-10-29T13:17:59.208+0000: [GC (Allocation Failure) 2020-10-29T13:17:59.208+0000: [ParNew: 16388K->4K(18432K), 0.0029578 secs] 617961K->601577K(896640K), 0.0030125 secs] [Times: user=0.00 sys=0.00, real=0.00 secs] 
2020-10-29T13:17:59.233+0000: [GC (Allocation Failure) 2020-10-29T13:17:59.233+0000: [ParNew: 16388K->4K(18432K), 0.0029020 secs] 617961K->601577K(896640K), 0.0029531 secs] [Times: user=0.01 sys=0.00, real=0.00 secs] 
2020-10-29T13:17:59.256+0000: [GC (Allocation Failure) 2020-10-29T13:17:59.257+0000: [ParNew: 16388K->4K(18432K), 0.0029486 secs] 617961K->601577K(896640K), 0.0030030 secs] [Times: user=0.01 sys=0.00, real=0.00 secs] 
2020-10-29T13:17:59.281+0000: [GC (Allocation Failure) 2020-10-29T13:17:59.281+0000: [ParNew: 16388K->4K(18432K), 0.0029395 secs] 617961K->601577K(896640K), 0.0029909 secs] [Times: user=0.01 sys=0.00, real=0.00 secs] 
2020-10-29T13:17:59.308+0000: [GC (Allocation Failure) 2020-10-29T13:17:59.308+0000: [ParNew: 16388K->4K(18432K), 0.0029140 secs] 617961K->601577K(896640K), 0.0029646 secs] [Times: user=0.01 sys=0.00, real=0.00 secs] 
2020-10-29T13:17:59.336+0000: [GC (Allocation Failure) 2020-10-29T13:17:59.337+0000: [ParNew: 16388K->4K(18432K), 0.0029078 secs] 617961K->601577K(896640K), 0.0029583 secs] [Times: user=0.00 sys=0.00, real=0.00 secs] 
2020-10-29T13:17:59.364+0000: [GC (Allocation Failure) 2020-10-29T13:17:59.364+0000: [ParNew: 16388K->4K(18432K), 0.0029364 secs] 617961K->601577K(896640K), 0.0029900 secs] [Times: user=0.01 sys=0.00, real=0.00 secs] 
2020-10-29T13:17:59.387+0000: [GC (Allocation Failure) 2020-10-29T13:17:59.387+0000: [ParNew: 16388K->4K(18432K), 0.0029279 secs] 617961K->601577K(896640K), 0.0029801 secs] [Times: user=0.00 sys=0.00, real=0.00 secs] 
2020-10-29T13:17:59.411+0000: [GC (Allocation Failure) 2020-10-29T13:17:59.411+0000: [ParNew: 16388K->4K(18432K), 0.0028911 secs] 617961K->601577K(896640K), 0.0029412 secs] [Times: user=0.01 sys=0.00, real=0.01 secs] 
2020-10-29T13:17:59.436+0000: [GC (Allocation Failure) 2020-10-29T13:17:59.436+0000: [ParNew: 16388K->4K(18432K), 0.0029284 secs] 617961K->601577K(896640K), 0.0029797 secs] [Times: user=0.01 sys=0.00, real=0.00 secs] 
2020-10-29T13:17:59.462+0000: [GC (Allocation Failure) 2020-10-29T13:17:59.462+0000: [ParNew: 16388K->4K(18432K), 0.0029116 secs] 617961K->601577K(896640K), 0.0029657 secs] [Times: user=0.01 sys=0.00, real=0.01 secs] 
2020-10-29T13:17:59.487+0000: [GC (Allocation Failure) 2020-10-29T13:17:59.487+0000: [ParNew: 16388K->4K(18432K), 0.0029455 secs] 617961K->601577K(896640K), 0.0029973 secs] [Times: user=0.01 sys=0.00, real=0.00 secs] 
2020-10-29T13:17:59.510+0000: [GC (Allocation Failure) 2020-10-29T13:17:59.510+0000: [ParNew: 16388K->4K(18432K), 0.0029869 secs] 617961K->601577K(896640K), 0.0030392 secs] [Times: user=0.00 sys=0.00, real=0.01 secs] 
2020-10-29T13:17:59.536+0000: [GC (Allocation Failure) 2020-10-29T13:17:59.537+0000: [ParNew: 16388K->4K(18432K), 0.0029359 secs] 617961K->601577K(896640K), 0.0029880 secs] [Times: user=0.01 sys=0.00, real=0.00 secs] 
2020-10-29T13:17:59.562+0000: [GC (Allocation Failure) 2020-10-29T13:17:59.562+0000: [ParNew: 16388K->4K(18432K), 0.0029187 secs] 617961K->601577K(896640K), 0.0029838 secs] [Times: user=0.00 sys=0.00, real=0.01 secs] 
2020-10-29T13:17:59.588+0000: [GC (Allocation Failure) 2020-10-29T13:17:59.589+0000: [ParNew: 16388K->4K(18432K), 0.0029255 secs] 617961K->601577K(896640K), 0.0029786 secs] [Times: user=0.01 sys=0.00, real=0.00 secs] 
2020-10-29T13:17:59.612+0000: [GC (Allocation Failure) 2020-10-29T13:17:59.613+0000: [ParNew: 16388K->4K(18432K), 0.0029051 secs] 617961K->601577K(896640K), 0.0029569 secs] [Times: user=0.00 sys=0.00, real=0.00 secs] 
2020-10-29T13:17:59.636+0000: [GC (Allocation Failure) 2020-10-29T13:17:59.636+0000: [ParNew: 16388K->4K(18432K), 0.0029351 secs] 617961K->601577K(896640K), 0.0029880 secs] [Times: user=0.01 sys=0.00, real=0.00 secs] 
2020-10-29T13:17:59.660+0000: [GC (Allocation Failure) 2020-10-29T13:17:59.660+0000: [ParNew: 16388K->4K(18432K), 0.0029476 secs] 617961K->601577K(896640K), 0.0030000 secs] [Times: user=0.01 sys=0.00, real=0.00 secs] 
2020-10-29T13:17:59.684+0000: [GC (Allocation Failure) 2020-10-29T13:17:59.684+0000: [ParNew: 16388K->4K(18432K), 0.0028801 secs] 617961K->601577K(896640K), 0.0029291 secs] [Times: user=0.01 sys=0.00, real=0.00 secs] 
2020-10-29T13:17:59.712+0000: [GC (Allocation Failure) 2020-10-29T13:17:59.712+0000: [ParNew: 16388K->4K(18432K), 0.0029319 secs] 617961K->601577K(896640K), 0.0029849 secs] [Times: user=0.01 sys=0.00, real=0.01 secs] 
2020-10-29T13:17:59.737+0000: [GC (Allocation Failure) 2020-10-29T13:17:59.737+0000: [ParNew: 16388K->4K(18432K), 0.0029124 secs] 617961K->601577K(896640K), 0.0029642 secs] [Times: user=0.01 sys=0.00, real=0.00 secs] 
2020-10-29T13:17:59.760+0000: [GC (Allocation Failure) 2020-10-29T13:17:59.760+0000: [ParNew: 16388K->4K(18432K), 0.0029550 secs] 617961K->601577K(896640K), 0.0030091 secs] [Times: user=0.00 sys=0.00, real=0.00 secs] 
2020-10-29T13:17:59.784+0000: [GC (Allocation Failure) 2020-10-29T13:17:59.784+0000: [ParNew: 16388K->4K(18432K), 0.0029431 secs] 617961K->601577K(896640K), 0.0029969 secs] [Times: user=0.01 sys=0.00, real=0.01 secs] 
2020-10-29T13:17:59.808+0000: [GC (Allocation Failure) 2020-10-29T13:17:59.808+0000: [ParNew: 16388K->4K(18432K), 0.0029545 secs] 617961K->601577K(896640K), 0.0030088 secs] [Times: user=0.01 sys=0.00, real=0.00 secs] 
2020-10-29T13:17:59.833+0000: [GC (Allocation Failure) 2020-10-29T13:17:59.833+0000: [ParNew: 16388K->4K(18432K), 0.0029098 secs] 617961K->601577K(896640K), 0.0029605 secs] [Times: user=0.01 sys=0.00, real=0.00 secs] 
2020-10-29T13:17:59.858+0000: [GC (Allocation Failure) 2020-10-29T13:17:59.858+0000: [ParNew: 16388K->4K(18432K), 0.0029293 secs] 617961K->601577K(896640K), 0.0029810 secs] [Times: user=0.01 sys=0.00, real=0.00 secs] 
2020-10-29T13:17:59.884+0000: [GC (Allocation Failure) 2020-10-29T13:17:59.884+0000: [ParNew: 16388K->4K(18432K), 0.0028315 secs] 617961K->601577K(896640K), 0.0028818 secs] [Times: user=0.01 sys=0.00, real=0.00 secs] 
2020-10-29T13:17:59.912+0000: [GC (Allocation Failure) 2020-10-29T13:17:59.912+0000: [ParNew: 16388K->4K(18432K), 0.0029139 secs] 617961K->601577K(896640K), 0.0029653 secs] [Times: user=0.01 sys=0.00, real=0.01 secs] 
2020-10-29T13:17:59.936+0000: [GC (Allocation Failure) 2020-10-29T13:17:59.936+0000: [ParNew: 16388K->4K(18432K), 0.0029485 secs] 617961K->601577K(896640K), 0.0029996 secs] [Times: user=0.01 sys=0.00, real=0.00 secs] 
2020-10-29T13:17:59.960+0000: [GC (Allocation Failure) 2020-10-29T13:17:59.960+0000: [ParNew: 16388K->4K(18432K), 0.0029015 secs] 617961K->601577K(896640K), 0.0029539 secs] [Times: user=0.00 sys=0.00, real=0.00 secs] 
2020-10-29T13:17:59.984+0000: [GC (Allocation Failure) 2020-10-29T13:17:59.984+0000: [ParNew: 16388K->4K(18432K), 0.0029090 secs] 617961K->601577K(896640K), 0.0029601 secs] [Times: user=0.01 sys=0.00, real=0.01 secs] 
2020-10-29T13:18:00.012+0000: [GC (Allocation Failure) 2020-10-29T13:18:00.012+0000: [ParNew: 16388K->4K(18432K), 0.0029703 secs] 617961K->601577K(896640K), 0.0030249 secs] [Times: user=0.01 sys=0.00, real=0.01 secs] 
2020-10-29T13:18:00.036+0000: [GC (Allocation Failure) 2020-10-29T13:18:00.036+0000: [ParNew: 16388K->4K(18432K), 0.0029097 secs] 617961K->601577K(896640K), 0.0029600 secs] [Times: user=0.00 sys=0.00, real=0.00 secs] 
2020-10-29T13:18:00.060+0000: [GC (Allocation Failure) 2020-10-29T13:18:00.060+0000: [ParNew: 16388K->4K(18432K), 0.0029345 secs] 617961K->601577K(896640K), 0.0029881 secs] [Times: user=0.01 sys=0.00, real=0.00 secs] 
2020-10-29T13:18:00.088+0000: [GC (Allocation Failure) 2020-10-29T13:18:00.088+0000: [ParNew: 16388K->4K(18432K), 0.0029508 secs] 617961K->601577K(896640K), 0.0030038 secs] [Times: user=0.01 sys=0.00, real=0.00 secs] 
2020-10-29T13:18:00.113+0000: [GC (Allocation Failure) 2020-10-29T13:18:00.113+0000: [ParNew: 16388K->4K(18432K), 0.0029254 secs] 617961K->601577K(896640K), 0.0029803 secs] [Times: user=0.01 sys=0.00, real=0.00 secs] 
2020-10-29T13:18:00.137+0000: [GC (Allocation Failure) 2020-10-29T13:18:00.137+0000: [ParNew: 16388K->4K(18432K), 0.0029131 secs] 617961K->601577K(896640K), 0.0029670 secs] [Times: user=0.00 sys=0.00, real=0.00 secs] 
2020-10-29T13:18:00.165+0000: [GC (Allocation Failure) 2020-10-29T13:18:00.166+0000: [ParNew: 16388K->4K(18432K), 0.0029433 secs] 617961K->601577K(896640K), 0.0030154 secs] [Times: user=0.01 sys=0.00, real=0.00 secs] 
2020-10-29T13:18:00.197+0000: [GC (Allocation Failure) 2020-10-29T13:18:00.198+0000: [ParNew: 16388K->2K(18432K), 0.0061913 secs] 617961K->601575K(896640K), 0.0062611 secs] [Times: user=0.01 sys=0.00, real=0.00 secs] 
2020-10-29T13:18:00.229+0000: [GC (Allocation Failure) 2020-10-29T13:18:00.229+0000: [ParNew: 16386K->4K(18432K), 0.0029342 secs] 617959K->601577K(896640K), 0.0029873 secs] [Times: user=0.00 sys=0.00, real=0.00 secs] 
2020-10-29T13:18:00.254+0000: [GC (Allocation Failure) 2020-10-29T13:18:00.254+0000: [ParNew: 16388K->4K(18432K), 0.0029446 secs] 617961K->601577K(896640K), 0.0029985 secs] [Times: user=0.00 sys=0.00, real=0.00 secs] 
2020-10-29T13:18:00.280+0000: [GC (Allocation Failure) 2020-10-29T13:18:00.280+0000: [ParNew: 16388K->4K(18432K), 0.0030161 secs] 617961K->601577K(896640K), 0.0030716 secs] [Times: user=0.01 sys=0.00, real=0.00 secs] 
2020-10-29T13:18:00.308+0000: [GC (Allocation Failure) 2020-10-29T13:18:00.308+0000: [ParNew: 16388K->4K(18432K), 0.0029272 secs] 617961K->601577K(896640K), 0.0029809 secs] [Times: user=0.00 sys=0.00, real=0.00 secs] 
2020-10-29T13:18:00.336+0000: [GC (Allocation Failure) 2020-10-29T13:18:00.337+0000: [ParNew: 16388K->4K(18432K), 0.0029290 secs] 617961K->601577K(896640K), 0.0029825 secs] [Times: user=0.01 sys=0.00, real=0.00 secs] 
2020-10-29T13:18:00.361+0000: [GC (Allocation Failure) 2020-10-29T13:18:00.361+0000: [ParNew: 16388K->4K(18432K), 0.0029222 secs] 617961K->601577K(896640K), 0.0029762 secs] [Times: user=0.01 sys=0.00, real=0.00 secs] 
2020-10-29T13:18:00.388+0000: [GC (Allocation Failure) 2020-10-29T13:18:00.389+0000: [ParNew: 16388K->4K(18432K), 0.0029441 secs] 617961K->601577K(896640K), 0.0029955 secs] [Times: user=0.01 sys=0.00, real=0.00 secs] 
2020-10-29T13:18:00.412+0000: [GC (Allocation Failure) 2020-10-29T13:18:00.412+0000: [ParNew: 16388K->4K(18432K), 0.0029621 secs] 617961K->601577K(896640K), 0.0030109 secs] [Times: user=0.00 sys=0.00, real=0.00 secs] 
2020-10-29T13:18:00.436+0000: [GC (Allocation Failure) 2020-10-29T13:18:00.436+0000: [ParNew: 16388K->4K(18432K), 0.0029385 secs] 617961K->601577K(896640K), 0.0029915 secs] [Times: user=0.01 sys=0.00, real=0.00 secs] 
2020-10-29T13:18:00.464+0000: [GC (Allocation Failure) 2020-10-29T13:18:00.464+0000: [ParNew: 16388K->4K(18432K), 0.0029556 secs] 617961K->601577K(896640K), 0.0030101 secs] [Times: user=0.01 sys=0.00, real=0.01 secs] 
2020-10-29T13:18:00.488+0000: [GC (Allocation Failure) 2020-10-29T13:18:00.488+0000: [ParNew: 16388K->4K(18432K), 0.0029164 secs] 617961K->601577K(896640K), 0.0029669 secs] [Times: user=0.00 sys=0.00, real=0.00 secs] 
2020-10-29T13:18:00.512+0000: [GC (Allocation Failure) 2020-10-29T13:18:00.512+0000: [ParNew: 16388K->4K(18432K), 0.0030476 secs] 617961K->601577K(896640K), 0.0031026 secs] [Times: user=0.01 sys=0.00, real=0.01 secs] 
2020-10-29T13:18:00.536+0000: [GC (Allocation Failure) 2020-10-29T13:18:00.536+0000: [ParNew: 16388K->4K(18432K), 0.0029404 secs] 617961K->601577K(896640K), 0.0029922 secs] [Times: user=0.01 sys=0.00, real=0.00 secs] 
2020-10-29T13:18:00.560+0000: [GC (Allocation Failure) 2020-10-29T13:18:00.561+0000: [ParNew: 16388K->4K(18432K), 0.0029362 secs] 617961K->601577K(896640K), 0.0029876 secs] [Times: user=0.00 sys=0.00, real=0.00 secs] 
2020-10-29T13:18:00.588+0000: [GC (Allocation Failure) 2020-10-29T13:18:00.589+0000: [ParNew: 16388K->4K(18432K), 0.0028952 secs] 617961K->601577K(896640K), 0.0029469 secs] [Times: user=0.01 sys=0.00, real=0.00 secs] 
2020-10-29T13:18:00.612+0000: [GC (Allocation Failure) 2020-10-29T13:18:00.612+0000: [ParNew: 16388K->4K(18432K), 0.0029430 secs] 617961K->601577K(896640K), 0.0029971 secs] [Times: user=0.00 sys=0.00, real=0.01 secs] 
2020-10-29T13:18:00.636+0000: [GC (Allocation Failure) 2020-10-29T13:18:00.636+0000: [ParNew: 16388K->4K(18432K), 0.0029010 secs] 617961K->601577K(896640K), 0.0029509 secs] [Times: user=0.00 sys=0.00, real=0.00 secs] 
2020-10-29T13:18:00.660+0000: [GC (Allocation Failure) 2020-10-29T13:18:00.660+0000: [ParNew: 16388K->4K(18432K), 0.0029645 secs] 617961K->601577K(896640K), 0.0030196 secs] [Times: user=0.01 sys=0.00, real=0.00 secs] 
2020-10-29T13:18:00.683+0000: [GC (Allocation Failure) 2020-10-29T13:18:00.683+0000: [ParNew: 16388K->4K(18432K), 0.0029702 secs] 617961K->601577K(896640K), 0.0030230 secs] [Times: user=0.00 sys=0.00, real=0.01 secs] 
2020-10-29T13:18:00.708+0000: [GC (Allocation Failure) 2020-10-29T13:18:00.708+0000: [ParNew: 16388K->4K(18432K), 0.0029261 secs] 617961K->601577K(896640K), 0.0029767 secs] [Times: user=0.01 sys=0.00, real=0.00 secs] 
2020-10-29T13:18:00.732+0000: [GC (Allocation Failure) 2020-10-29T13:18:00.732+0000: [ParNew: 16388K->4K(18432K), 0.0029004 secs] 617961K->601577K(896640K), 0.0029496 secs] [Times: user=0.01 sys=0.00, real=0.01 secs] 
2020-10-29T13:18:00.755+0000: [GC (Allocation Failure) 2020-10-29T13:18:00.755+0000: [ParNew: 16388K->4K(18432K), 0.0029195 secs] 617961K->601577K(896640K), 0.0029709 secs] [Times: user=0.00 sys=0.00, real=0.00 secs] 
2020-10-29T13:18:00.779+0000: [GC (Allocation Failure) 2020-10-29T13:18:00.779+0000: [ParNew: 16388K->4K(18432K), 0.0029079 secs] 617961K->601577K(896640K), 0.0029598 secs] [Times: user=0.01 sys=0.00, real=0.00 secs] 
2020-10-29T13:18:00.804+0000: [GC (Allocation Failure) 2020-10-29T13:18:00.804+0000: [ParNew: 16388K->4K(18432K), 0.0029235 secs] 617961K->601577K(896640K), 0.0029746 secs] [Times: user=0.01 sys=0.00, real=0.00 secs] 
2020-10-29T13:18:00.832+0000: [GC (Allocation Failure) 2020-10-29T13:18:00.833+0000: [ParNew: 16388K->4K(18432K), 0.0029164 secs] 617961K->601577K(896640K), 0.0029688 secs] [Times: user=0.00 sys=0.00, real=0.00 secs] 
2020-10-29T13:18:00.857+0000: [GC (Allocation Failure) 2020-10-29T13:18:00.857+0000: [ParNew: 16388K->4K(18432K), 0.0029292 secs] 617961K->601577K(896640K), 0.0029842 secs] [Times: user=0.00 sys=0.00, real=0.00 secs] 
2020-10-29T13:18:00.883+0000: [GC (Allocation Failure) 2020-10-29T13:18:00.883+0000: [ParNew: 16388K->4K(18432K), 0.0029741 secs] 617961K->601577K(896640K), 0.0030300 secs] [Times: user=0.00 sys=0.00, real=0.01 secs] 
2020-10-29T13:18:00.908+0000: [GC (Allocation Failure) 2020-10-29T13:18:00.909+0000: [ParNew: 16388K->4K(18432K), 0.0029497 secs] 617961K->601577K(896640K), 0.0030024 secs] [Times: user=0.00 sys=0.00, real=0.00 secs] 
2020-10-29T13:18:00.934+0000: [GC (Allocation Failure) 2020-10-29T13:18:00.934+0000: [ParNew: 16388K->4K(18432K), 0.0029393 secs] 617961K->601577K(896640K), 0.0029911 secs] [Times: user=0.00 sys=0.00, real=0.00 secs] 
2020-10-29T13:18:00.960+0000: [GC (Allocation Failure) 2020-10-29T13:18:00.960+0000: [ParNew: 16388K->4K(18432K), 0.0029080 secs] 617961K->601577K(896640K), 0.0029587 secs] [Times: user=0.00 sys=0.00, real=0.00 secs] 
2020-10-29T13:18:00.984+0000: [GC (Allocation Failure) 2020-10-29T13:18:00.984+0000: [ParNew: 16388K->4K(18432K), 0.0029337 secs] 617961K->601577K(896640K), 0.0029939 secs] [Times: user=0.01 sys=0.00, real=0.00 secs] 
2020-10-29T13:18:01.009+0000: [GC (Allocation Failure) 2020-10-29T13:18:01.009+0000: [ParNew: 16388K->4K(18432K), 0.0045943 secs] 617961K->601577K(896640K), 0.0046478 secs] [Times: user=0.01 sys=0.00, real=0.01 secs] 
2020-10-29T13:18:01.037+0000: [GC (Allocation Failure) 2020-10-29T13:18:01.037+0000: [ParNew: 16388K->4K(18432K), 0.0029548 secs] 617961K->601577K(896640K), 0.0030065 secs] [Times: user=0.00 sys=0.00, real=0.00 secs] 
2020-10-29T13:18:01.062+0000: [GC (Allocation Failure) 2020-10-29T13:18:01.062+0000: [ParNew: 16388K->4K(18432K), 0.0029366 secs] 617961K->601577K(896640K), 0.0029923 secs] [Times: user=0.00 sys=0.00, real=0.01 secs] 
2020-10-29T13:18:01.086+0000: [GC (Allocation Failure) 2020-10-29T13:18:01.086+0000: [ParNew: 16388K->4K(18432K), 0.0029594 secs] 617961K->601577K(896640K), 0.0030110 secs] [Times: user=0.01 sys=0.00, real=0.00 secs] 
2020-10-29T13:18:01.110+0000: [GC (Allocation Failure) 2020-10-29T13:18:01.110+0000: [ParNew: 16388K->4K(18432K), 0.0029625 secs] 617961K->601577K(896640K), 0.0030176 secs] [Times: user=0.00 sys=0.00, real=0.01 secs] 
2020-10-29T13:18:01.135+0000: [GC (Allocation Failure) 2020-10-29T13:18:01.135+0000: [ParNew: 16388K->4K(18432K), 0.0029434 secs] 617961K->601577K(896640K), 0.0029968 secs] [Times: user=0.00 sys=0.00, real=0.00 secs] 
2020-10-29T13:18:01.158+0000: [GC (Allocation Failure) 2020-10-29T13:18:01.158+0000: [ParNew: 16388K->4K(18432K), 0.0029175 secs] 617961K->601577K(896640K), 0.0029711 secs] [Times: user=0.01 sys=0.00, real=0.00 secs] 
2020-10-29T13:18:01.184+0000: [GC (Allocation Failure) 2020-10-29T13:18:01.185+0000: [ParNew: 16388K->4K(18432K), 0.0029124 secs] 617961K->601577K(896640K), 0.0029664 secs] [Times: user=0.00 sys=0.00, real=0.00 secs] 
2020-10-29T13:18:01.212+0000: [GC (Allocation Failure) 2020-10-29T13:18:01.213+0000: [ParNew: 16388K->4K(18432K), 0.0029265 secs] 617961K->601577K(896640K), 0.0029818 secs] [Times: user=0.00 sys=0.00, real=0.00 secs] 
2020-10-29T13:18:01.237+0000: [GC (Allocation Failure) 2020-10-29T13:18:01.237+0000: [ParNew: 16388K->4K(18432K), 0.0029574 secs] 617961K->601577K(896640K), 0.0030096 secs] [Times: user=0.01 sys=0.00, real=0.00 secs] 
2020-10-29T13:18:01.262+0000: [GC (Allocation Failure) 2020-10-29T13:18:01.262+0000: [ParNew: 16388K->4K(18432K), 0.0029391 secs] 617961K->601577K(896640K), 0.0029935 secs] [Times: user=0.01 sys=0.00, real=0.01 secs] 
2020-10-29T13:18:01.286+0000: [GC (Allocation Failure) 2020-10-29T13:18:01.286+0000: [ParNew: 16388K->4K(18432K), 0.0029436 secs] 617961K->601577K(896640K), 0.0029990 secs] [Times: user=0.00 sys=0.00, real=0.00 secs] 
2020-10-29T13:18:01.310+0000: [GC (Allocation Failure) 2020-10-29T13:18:01.310+0000: [ParNew: 16388K->4K(18432K), 0.0029415 secs] 617961K->601577K(896640K), 0.0030000 secs] [Times: user=0.00 sys=0.00, real=0.01 secs] 
2020-10-29T13:18:01.336+0000: [GC (Allocation Failure) 2020-10-29T13:18:01.336+0000: [ParNew: 16388K->4K(18432K), 0.0029274 secs] 617961K->601577K(896640K), 0.0029802 secs] [Times: user=0.00 sys=0.00, real=0.00 secs] 
2020-10-29T13:18:01.362+0000: [GC (Allocation Failure) 2020-10-29T13:18:01.362+0000: [ParNew: 16388K->4K(18432K), 0.0029105 secs] 617961K->601577K(896640K), 0.0029618 secs] [Times: user=0.01 sys=0.00, real=0.01 secs] 
2020-10-29T13:18:01.388+0000: [GC (Allocation Failure) 2020-10-29T13:18:01.388+0000: [ParNew: 16388K->4K(18432K), 0.0029359 secs] 617961K->601577K(896640K), 0.0029866 secs] [Times: user=0.00 sys=0.00, real=0.00 secs] 
2020-10-29T13:18:01.412+0000: [GC (Allocation Failure) 2020-10-29T13:18:01.412+0000: [ParNew: 16388K->4K(18432K), 0.0029453 secs] 617961K->601577K(896640K), 0.0029988 secs] [Times: user=0.01 sys=0.00, real=0.01 secs] 
2020-10-29T13:18:01.436+0000: [GC (Allocation Failure) 2020-10-29T13:18:01.436+0000: [ParNew: 16388K->4K(18432K), 0.0029531 secs] 617961K->601577K(896640K), 0.0030070 secs] [Times: user=0.00 sys=0.00, real=0.00 secs] 
2020-10-29T13:18:01.459+0000: [GC (Allocation Failure) 2020-10-29T13:18:01.459+0000: [ParNew: 16388K->4K(18432K), 0.0029510 secs] 617961K->601577K(896640K), 0.0030048 secs] [Times: user=0.00 sys=0.00, real=0.00 secs] 
2020-10-29T13:18:01.484+0000: [GC (Allocation Failure) 2020-10-29T13:18:01.484+0000: [ParNew: 16388K->4K(18432K), 0.0029480 secs] 617961K->601577K(896640K), 0.0030010 secs] [Times: user=0.01 sys=0.00, real=0.01 secs] 
2020-10-29T13:18:01.507+0000: [GC (Allocation Failure) 2020-10-29T13:18:01.507+0000: [ParNew: 16388K->4K(18432K), 0.0029474 secs] 617961K->601577K(896640K), 0.0030031 secs] [Times: user=0.01 sys=0.00, real=0.00 secs] 
2020-10-29T13:18:01.537+0000: [GC (Allocation Failure) 2020-10-29T13:18:01.537+0000: [ParNew: 16388K->4K(18432K), 0.0029301 secs] 617961K->601577K(896640K), 0.0029845 secs] [Times: user=0.00 sys=0.00, real=0.00 secs] 
2020-10-29T13:18:01.561+0000: [GC (Allocation Failure) 2020-10-29T13:18:01.561+0000: [ParNew: 16388K->4K(18432K), 0.0029373 secs] 617961K->601577K(896640K), 0.0029909 secs] [Times: user=0.01 sys=0.00, real=0.00 secs] 
2020-10-29T13:18:01.588+0000: [GC (Allocation Failure) 2020-10-29T13:18:01.588+0000: [ParNew: 16388K->4K(18432K), 0.0030055 secs] 617961K->601577K(896640K), 0.0030602 secs] [Times: user=0.01 sys=0.00, real=0.00 secs] 
2020-10-29T13:18:01.614+0000: [GC (Allocation Failure) 2020-10-29T13:18:01.614+0000: [ParNew: 16388K->4K(18432K), 0.0029645 secs] 617961K->601577K(896640K), 0.0030180 secs] [Times: user=0.01 sys=0.00, real=0.00 secs] 
2020-10-29T13:18:01.637+0000: [GC (Allocation Failure) 2020-10-29T13:18:01.637+0000: [ParNew: 16388K->4K(18432K), 0.0029290 secs] 617961K->601577K(896640K), 0.0029836 secs] [Times: user=0.00 sys=0.00, real=0.00 secs] 
2020-10-29T13:18:01.664+0000: [GC (GCLocker Initiated GC) 2020-10-29T13:18:01.664+0000: [ParNew: 16388K->4K(18432K), 0.0029552 secs] 617961K->601577K(896640K), 0.0030108 secs] [Times: user=0.00 sys=0.00, real=0.00 secs] 
2020-10-29T13:18:01.689+0000: [GC (Allocation Failure) 2020-10-29T13:18:01.689+0000: [ParNew: 16388K->4K(18432K), 0.0030044 secs] 617961K->601577K(896640K), 0.0030567 secs] [Times: user=0.01 sys=0.00, real=0.00 secs] 
2020-10-29T13:18:01.712+0000: [GC (Allocation Failure) 2020-10-29T13:18:01.712+0000: [ParNew: 16388K->4K(18432K), 0.0029669 secs] 617961K->601577K(896640K), 0.0030225 secs] [Times: user=0.00 sys=0.00, real=0.01 secs] 
2020-10-29T13:18:01.736+0000: [GC (Allocation Failure) 2020-10-29T13:18:01.736+0000: [ParNew: 16388K->4K(18432K), 0.0029572 secs] 617961K->601577K(896640K), 0.0030139 secs] [Times: user=0.01 sys=0.00, real=0.00 secs] 
2020-10-29T13:18:01.763+0000: [GC (Allocation Failure) 2020-10-29T13:18:01.763+0000: [ParNew: 16388K->4K(18432K), 0.0029829 secs] 617961K->601577K(896640K), 0.0030374 secs] [Times: user=0.01 sys=0.00, real=0.01 secs] 
2020-10-29T13:18:01.788+0000: [GC (Allocation Failure) 2020-10-29T13:18:01.788+0000: [ParNew: 16388K->4K(18432K), 0.0029813 secs] 617961K->601577K(896640K), 0.0030360 secs] [Times: user=0.01 sys=0.00, real=0.00 secs] 
2020-10-29T13:18:01.812+0000: [GC (Allocation Failure) 2020-10-29T13:18:01.813+0000: [ParNew: 16388K->4K(18432K), 0.0029420 secs] 617961K->601577K(896640K), 0.0029970 secs] [Times: user=0.01 sys=0.00, real=0.00 secs] 
2020-10-29T13:18:01.837+0000: [GC (Allocation Failure) 2020-10-29T13:18:01.837+0000: [ParNew: 16388K->4K(18432K), 0.0029558 secs] 617961K->601577K(896640K), 0.0030091 secs] [Times: user=0.01 sys=0.00, real=0.00 secs] 
2020-10-29T13:18:01.864+0000: [GC (Allocation Failure) 2020-10-29T13:18:01.864+0000: [ParNew: 16388K->4K(18432K), 0.0029383 secs] 617961K->601577K(896640K), 0.0029929 secs] [Times: user=0.01 sys=0.00, real=0.01 secs] 
2020-10-29T13:18:01.888+0000: [GC (GCLocker Initiated GC) 2020-10-29T13:18:01.888+0000: [ParNew: 16388K->4K(18432K), 0.0029481 secs] 617961K->601577K(896640K), 0.0030024 secs] [Times: user=0.00 sys=0.00, real=0.00 secs] 
2020-10-29T13:18:01.912+0000: [GC (Allocation Failure) 2020-10-29T13:18:01.912+0000: [ParNew: 16388K->4K(18432K), 0.0029313 secs] 617961K->601577K(896640K), 0.0029849 secs] [Times: user=0.01 sys=0.00, real=0.01 secs] 
2020-10-29T13:18:01.936+0000: [GC (Allocation Failure) 2020-10-29T13:18:01.936+0000: [ParNew: 16388K->4K(18432K), 0.0094947 secs] 617961K->601577K(896640K), 0.0095563 secs] [Times: user=0.01 sys=0.00, real=0.01 secs] 
2020-10-29T13:18:01.968+0000: [GC (Allocation Failure) 2020-10-29T13:18:01.969+0000: [ParNew: 16388K->4K(18432K), 0.0029059 secs] 617961K->601577K(896640K), 0.0029578 secs] [Times: user=0.01 sys=0.00, real=0.00 secs] 
2020-10-29T13:18:01.992+0000: [GC (Allocation Failure) 2020-10-29T13:18:01.992+0000: [ParNew: 16388K->4K(18432K), 0.0029451 secs] 617961K->601577K(896640K), 0.0029967 secs] [Times: user=0.01 sys=0.00, real=0.01 secs] 
2020-10-29T13:18:02.016+0000: [GC (Allocation Failure) 2020-10-29T13:18:02.016+0000: [ParNew: 16388K->4K(18432K), 0.0029288 secs] 617961K->601577K(896640K), 0.0029829 secs] [Times: user=0.00 sys=0.00, real=0.00 secs] 
2020-10-29T13:18:02.040+0000: [GC (Allocation Failure) 2020-10-29T13:18:02.040+0000: [ParNew: 16388K->4K(18432K), 0.0029284 secs] 617961K->601577K(896640K), 0.0029804 secs] [Times: user=0.01 sys=0.00, real=0.00 secs] 
2020-10-29T13:18:02.064+0000: [GC (Allocation Failure) 2020-10-29T13:18:02.064+0000: [ParNew: 16388K->4K(18432K), 0.0029701 secs] 617961K->601577K(896640K), 0.0030212 secs] [Times: user=0.01 sys=0.00, real=0.01 secs] 
2020-10-29T13:18:02.088+0000: [GC (Allocation Failure) 2020-10-29T13:18:02.088+0000: [ParNew: 16388K->4K(18432K), 0.0028982 secs] 617961K->601577K(896640K), 0.0029491 secs] [Times: user=0.00 sys=0.00, real=0.00 secs] 
2020-10-29T13:18:02.112+0000: [GC (Allocation Failure) 2020-10-29T13:18:02.113+0000: [ParNew: 16388K->4K(18432K), 0.0029349 secs] 617961K->601577K(896640K), 0.0029892 secs] [Times: user=0.01 sys=0.00, real=0.00 secs] 
2020-10-29T13:18:02.135+0000: [GC (Allocation Failure) 2020-10-29T13:18:02.135+0000: [ParNew: 16388K->4K(18432K), 0.0029490 secs] 617961K->601577K(896640K), 0.0029994 secs] [Times: user=0.00 sys=0.00, real=0.00 secs] 
2020-10-29T13:18:02.160+0000: [GC (Allocation Failure) 2020-10-29T13:18:02.161+0000: [ParNew: 16388K->4K(18432K), 0.0029253 secs] 617961K->601577K(896640K), 0.0029785 secs] [Times: user=0.00 sys=0.00, real=0.00 secs] 
2020-10-29T13:18:02.184+0000: [GC (Allocation Failure) 2020-10-29T13:18:02.184+0000: [ParNew: 16388K->4K(18432K), 0.0028941 secs] 617961K->601577K(896640K), 0.0029456 secs] [Times: user=0.01 sys=0.00, real=0.01 secs] 
2020-10-29T13:18:02.207+0000: [GC (Allocation Failure) 2020-10-29T13:18:02.207+0000: [ParNew: 16388K->4K(18432K), 0.0029308 secs] 617961K->601577K(896640K), 0.0029829 secs] [Times: user=0.00 sys=0.00, real=0.00 secs] 
2020-10-29T13:18:02.232+0000: [GC (Allocation Failure) 2020-10-29T13:18:02.232+0000: [ParNew: 16388K->4K(18432K), 0.0029391 secs] 617961K->601577K(896640K), 0.0029903 secs] [Times: user=0.00 sys=0.00, real=0.00 secs] 
2020-10-29T13:18:02.257+0000: [GC (Allocation Failure) 2020-10-29T13:18:02.257+0000: [ParNew: 16388K->4K(18432K), 0.0029318 secs] 617961K->601577K(896640K), 0.0029844 secs] [Times: user=0.01 sys=0.00, real=0.00 secs] 
2020-10-29T13:18:02.280+0000: [GC (Allocation Failure) 2020-10-29T13:18:02.280+0000: [ParNew: 16388K->4K(18432K), 0.0029507 secs] 617961K->601577K(896640K), 0.0030054 secs] [Times: user=0.01 sys=0.00, real=0.00 secs] 
2020-10-29T13:18:02.303+0000: [GC (Allocation Failure) 2020-10-29T13:18:02.303+0000: [ParNew: 16388K->4K(18432K), 0.0029554 secs] 617962K->601577K(896640K), 0.0030086 secs] [Times: user=0.00 sys=0.00, real=0.01 secs] 
2020-10-29T13:18:02.327+0000: [GC (Allocation Failure) 2020-10-29T13:18:02.327+0000: [ParNew: 16388K->4K(18432K), 0.0029980 secs] 617961K->601577K(896640K), 0.0030521 secs] [Times: user=0.01 sys=0.00, real=0.00 secs] 
2020-10-29T13:18:02.350+0000: [GC (Allocation Failure) 2020-10-29T13:18:02.350+0000: [ParNew: 16388K->4K(18432K), 0.0031035 secs] 617961K->601578K(896640K), 0.0031574 secs] [Times: user=0.00 sys=0.00, real=0.01 secs] 
2020-10-29T13:18:02.373+0000: [GC (Allocation Failure) 2020-10-29T13:18:02.373+0000: [ParNew: 16388K->4K(18432K), 0.0029264 secs] 617962K->601578K(896640K), 0.0029795 secs] [Times: user=0.01 sys=0.00, real=0.00 secs] 
2020-10-29T13:18:02.397+0000: [GC (Allocation Failure) 2020-10-29T13:18:02.397+0000: [ParNew: 16388K->4K(18432K), 0.0029190 secs] 617962K->601578K(896640K), 0.0029730 secs] [Times: user=0.01 sys=0.00, real=0.00 secs] 
2020-10-29T13:18:02.420+0000: [GC (Allocation Failure) 2020-10-29T13:18:02.420+0000: [ParNew: 16388K->4K(18432K), 0.0029287 secs] 617962K->601578K(896640K), 0.0029829 secs] [Times: user=0.00 sys=0.00, real=0.00 secs] 
2020-10-29T13:18:02.443+0000: [GC (Allocation Failure) 2020-10-29T13:18:02.444+0000: [ParNew: 16388K->4K(18432K), 0.0029579 secs] 617962K->601578K(896640K), 0.0030113 secs] [Times: user=0.01 sys=0.00, real=0.01 secs] 
2020-10-29T13:18:02.467+0000: [GC (Allocation Failure) 2020-10-29T13:18:02.467+0000: [ParNew: 16388K->4K(18432K), 0.0029984 secs] 617962K->601578K(896640K), 0.0030528 secs] [Times: user=0.01 sys=0.00, real=0.00 secs] 
2020-10-29T13:18:02.490+0000: [GC (Allocation Failure) 2020-10-29T13:18:02.490+0000: [ParNew: 16388K->4K(18432K), 0.0029782 secs] 617962K->601578K(896640K), 0.0030319 secs] [Times: user=0.00 sys=0.00, real=0.01 secs] 
2020-10-29T13:18:02.514+0000: [GC (Allocation Failure) 2020-10-29T13:18:02.514+0000: [ParNew: 16388K->4K(18432K), 0.0030211 secs] 617962K->601578K(896640K), 0.0030748 secs] [Times: user=0.01 sys=0.00, real=0.00 secs] 
2020-10-29T13:18:02.541+0000: [GC (Allocation Failure) 2020-10-29T13:18:02.541+0000: [ParNew: 16388K->4K(18432K), 0.0029198 secs] 617962K->601578K(896640K), 0.0029725 secs] [Times: user=0.01 sys=0.00, real=0.00 secs] 
2020-10-29T13:18:02.564+0000: [GC (Allocation Failure) 2020-10-29T13:18:02.564+0000: [ParNew: 16388K->4K(18432K), 0.0029506 secs] 617962K->601578K(896640K), 0.0030034 secs] [Times: user=0.00 sys=0.00, real=0.01 secs] 
2020-10-29T13:18:02.588+0000: [GC (Allocation Failure) 2020-10-29T13:18:02.588+0000: [ParNew: 16388K->4K(18432K), 0.0029032 secs] 617962K->601578K(896640K), 0.0029545 secs] [Times: user=0.01 sys=0.00, real=0.00 secs] 
2020-10-29T13:18:02.611+0000: [GC (Allocation Failure) 2020-10-29T13:18:02.611+0000: [ParNew: 16388K->4K(18432K), 0.0029052 secs] 617962K->601578K(896640K), 0.0029573 secs] [Times: user=0.01 sys=0.00, real=0.01 secs] 
2020-10-29T13:18:02.635+0000: [GC (Allocation Failure) 2020-10-29T13:18:02.635+0000: [ParNew: 16388K->4K(18432K), 0.0029463 secs] 617962K->601578K(896640K), 0.0030000 secs] [Times: user=0.00 sys=0.00, real=0.00 secs] 
2020-10-29T13:18:02.660+0000: [GC (Allocation Failure) 2020-10-29T13:18:02.660+0000: [ParNew: 16388K->4K(18432K), 0.0029302 secs] 617962K->601578K(896640K), 0.0029835 secs] [Times: user=0.01 sys=0.00, real=0.00 secs] 
2020-10-29T13:18:02.684+0000: [GC (Allocation Failure) 2020-10-29T13:18:02.685+0000: [ParNew: 16388K->4K(18432K), 0.0029570 secs] 617962K->601578K(896640K), 0.0030112 secs] [Times: user=0.00 sys=0.00, real=0.00 secs] 
2020-10-29T13:18:02.708+0000: [GC (Allocation Failure) 2020-10-29T13:18:02.709+0000: [ParNew: 16388K->4K(18432K), 0.0029412 secs] 617962K->601578K(896640K), 0.0029954 secs] [Times: user=0.00 sys=0.00, real=0.00 secs] 
2020-10-29T13:18:02.733+0000: [GC (Allocation Failure) 2020-10-29T13:18:02.733+0000: [ParNew: 16388K->4K(18432K), 0.0029265 secs] 617962K->601578K(896640K), 0.0029801 secs] [Times: user=0.01 sys=0.00, real=0.00 secs] 
2020-10-29T13:18:02.756+0000: [GC (Allocation Failure) 2020-10-29T13:18:02.756+0000: [ParNew: 16388K->4K(18432K), 0.0029666 secs] 617962K->601578K(896640K), 0.0030212 secs] [Times: user=0.01 sys=0.00, real=0.00 secs] 
2020-10-29T13:18:02.780+0000: [GC (GCLocker Initiated GC) 2020-10-29T13:18:02.780+0000: [ParNew: 16388K->4K(18432K), 0.0029631 secs] 617962K->601578K(896640K), 0.0030165 secs] [Times: user=0.01 sys=0.00, real=0.00 secs] 
2020-10-29T13:18:02.804+0000: [GC (Allocation Failure) 2020-10-29T13:18:02.804+0000: [ParNew: 16388K->4K(18432K), 0.0029314 secs] 617962K->601578K(896640K), 0.0029859 secs] [Times: user=0.01 sys=0.00, real=0.01 secs] 
2020-10-29T13:18:02.828+0000: [GC (Allocation Failure) 2020-10-29T13:18:02.829+0000: [ParNew: 16388K->4K(18432K), 0.0030033 secs] 617962K->601578K(896640K), 0.0030658 secs] [Times: user=0.00 sys=0.00, real=0.00 secs] 
2020-10-29T13:18:02.853+0000: [GC (Allocation Failure) 2020-10-29T13:18:02.853+0000: [ParNew: 16388K->4K(18432K), 0.0029124 secs] 617962K->601578K(896640K), 0.0029644 secs] [Times: user=0.00 sys=0.00, real=0.00 secs] 
2020-10-29T13:18:02.877+0000: [GC (Allocation Failure) 2020-10-29T13:18:02.877+0000: [ParNew: 16388K->4K(18432K), 0.0029244 secs] 617962K->601578K(896640K), 0.0029757 secs] [Times: user=0.01 sys=0.00, real=0.00 secs] 
2020-10-29T13:18:02.900+0000: [GC (Allocation Failure) 2020-10-29T13:18:02.900+0000: [ParNew: 16388K->4K(18432K), 0.0029657 secs] 617962K->601578K(896640K), 0.0030179 secs] [Times: user=0.00 sys=0.00, real=0.00 secs] 
2020-10-29T13:18:02.924+0000: [GC (Allocation Failure) 2020-10-29T13:18:02.924+0000: [ParNew: 16388K->4K(18432K), 0.0029667 secs] 617962K->601578K(896640K), 0.0030218 secs] [Times: user=0.01 sys=0.00, real=0.01 secs] 
2020-10-29T13:18:02.948+0000: [GC (Allocation Failure) 2020-10-29T13:18:02.949+0000: [ParNew: 16388K->4K(18432K), 0.0029421 secs] 617962K->601578K(896640K), 0.0029958 secs] [Times: user=0.00 sys=0.00, real=0.00 secs] 
2020-10-29T13:18:02.973+0000: [GC (Allocation Failure) 2020-10-29T13:18:02.973+0000: [ParNew: 16388K->4K(18432K), 0.0029276 secs] 617962K->601578K(896640K), 0.0029823 secs] [Times: user=0.01 sys=0.00, real=0.00 secs] 
2020-10-29T13:18:03.003+0000: [GC (Allocation Failure) 2020-10-29T13:18:03.003+0000: [ParNew: 16388K->4K(18432K), 0.0030736 secs] 617962K->601578K(896640K), 0.0031329 secs] [Times: user=0.01 sys=0.00, real=0.01 secs] 
2020-10-29T13:18:03.032+0000: [GC (Allocation Failure) 2020-10-29T13:18:03.032+0000: [ParNew: 16388K->4K(18432K), 0.0032605 secs] 617962K->601578K(896640K), 0.0033143 secs] [Times: user=0.01 sys=0.00, real=0.01 secs] 
2020-10-29T13:18:03.093+0000: [GC (Allocation Failure) 2020-10-29T13:18:03.093+0000: [ParNew: 16388K->21K(18432K), 0.0035560 secs] 617962K->601595K(896640K), 0.0036102 secs] [Times: user=0.00 sys=0.00, real=0.00 secs] 
2020-10-29T13:18:03.155+0000: [GC (Allocation Failure) 2020-10-29T13:18:03.155+0000: [ParNew: 16405K->12K(18432K), 0.0054279 secs] 617979K->601586K(896640K), 0.0054858 secs] [Times: user=0.00 sys=0.00, real=0.00 secs] 
2020-10-29T13:18:03.207+0000: [GC (Allocation Failure) 2020-10-29T13:18:03.207+0000: [ParNew: 16396K->13K(18432K), 0.0030482 secs] 617970K->601587K(896640K), 0.0031055 secs] [Times: user=0.00 sys=0.00, real=0.00 secs] 
2020-10-29T13:18:04.273+0000: [GC (Allocation Failure) 2020-10-29T13:18:04.273+0000: [ParNew: 16397K->645K(18432K), 0.0038833 secs] 617971K->602219K(896640K), 0.0039425 secs] [Times: user=0.01 sys=0.00, real=0.00 secs] 
2020-10-29T13:18:04.422+0000: [GC (Allocation Failure) 2020-10-29T13:18:04.422+0000: [ParNew: 17029K->1026K(18432K), 0.0042378 secs] 618603K->602600K(896640K), 0.0043157 secs] [Times: user=0.01 sys=0.00, real=0.01 secs] 
2020-10-29T13:18:04.594+0000: [GC (Allocation Failure) 2020-10-29T13:18:04.594+0000: [ParNew: 17410K->2048K(18432K), 0.0071967 secs] 618984K->603907K(896640K), 0.0072621 secs] [Times: user=0.02 sys=0.00, real=0.00 secs] 
2020-10-29T13:18:04.660+0000: [GC (Allocation Failure) 2020-10-29T13:18:04.661+0000: [ParNew: 18432K->1448K(18432K), 0.0081465 secs] 620291K->605206K(896640K), 0.0082203 secs] [Times: user=0.02 sys=0.00, real=0.01 secs] 
2020-10-29T13:18:04.713+0000: [GC (Allocation Failure) 2020-10-29T13:18:04.713+0000: [ParNew: 17832K->828K(18432K), 0.0072610 secs] 637974K->620970K(896640K), 0.0073533 secs] [Times: user=0.01 sys=0.00, real=0.00 secs] 
2020-10-29T13:18:04.725+0000: [GC (CMS Initial Mark) [1 CMS-initial-mark: 620142K(878208K)] 623408K(896640K), 0.0047999 secs] [Times: user=0.01 sys=0.00, real=0.00 secs] 
2020-10-29T13:18:04.729+0000: [CMS-concurrent-mark-start]
2020-10-29T13:18:04.766+0000: [GC (Allocation Failure) 2020-10-29T13:18:04.766+0000: [ParNew: 17212K->1173K(18432K), 0.0035094 secs] 637354K->621315K(896640K), 0.0035724 secs] [Times: user=0.01 sys=0.00, real=0.00 secs] 
2020-10-29T13:18:04.804+0000: [GC (Allocation Failure) 2020-10-29T13:18:04.805+0000: [ParNew: 17557K->1195K(18432K), 0.0035233 secs] 637699K->621337K(896640K), 0.0035819 secs] [Times: user=0.01 sys=0.00, real=0.00 secs] 
2020-10-29T13:18:04.843+0000: [CMS-concurrent-mark: 0.102/0.114 secs] [Times: user=0.22 sys=0.01, real=0.11 secs] 
2020-10-29T13:18:04.843+0000: [CMS-concurrent-preclean-start]
2020-10-29T13:18:04.845+0000: [GC (Allocation Failure) 2020-10-29T13:18:04.845+0000: [ParNew: 17579K->1097K(18432K), 0.0032210 secs] 637721K->621482K(896640K), 0.0032655 secs] [Times: user=0.01 sys=0.00, real=0.00 secs] 
2020-10-29T13:18:04.854+0000: [CMS-concurrent-preclean: 0.003/0.011 secs] [Times: user=0.02 sys=0.00, real=0.02 secs] 
2020-10-29T13:18:04.854+0000: [CMS-concurrent-abortable-preclean-start]
2020-10-29T13:18:04.868+0000: [CMS-concurrent-abortable-preclean: 0.013/0.013 secs] [Times: user=0.02 sys=0.00, real=0.01 secs] 
2020-10-29T13:18:04.885+0000: [GC (CMS Final Remark) [YG occupancy: 16397 K (18432 K)]2020-10-29T13:18:04.885+0000: [Rescan (parallel) , 0.0113612 secs]2020-10-29T13:18:04.896+0000: [weak refs processing, 0.0003630 secs]2020-10-29T13:18:04.896+0000: [class unloading, 0.0103820 secs]2020-10-29T13:18:04.907+0000: [scrub symbol table, 0.0092640 secs]2020-10-29T13:18:04.916+0000: [scrub string table, 0.0005757 secs][1 CMS-remark: 620384K(878208K)] 636782K(896640K), 0.0321761 secs] [Times: user=0.04 sys=0.00, real=0.03 secs] 
2020-10-29T13:18:04.920+0000: [CMS-concurrent-sweep-start]
2020-10-29T13:18:04.926+0000: [GC (Allocation Failure) 2020-10-29T13:18:04.926+0000: [ParNew: 17481K->1116K(18432K), 0.0061854 secs] 637228K->620863K(896640K), 0.0062454 secs] [Times: user=0.01 sys=0.00, real=0.01 secs] 
2020-10-29T13:18:04.962+0000: [CMS-concurrent-sweep: 0.033/0.043 secs] [Times: user=0.06 sys=0.00, real=0.04 secs] 
2020-10-29T13:18:04.963+0000: [CMS-concurrent-reset-start]
2020-10-29T13:18:04.964+0000: [CMS-concurrent-reset: 0.002/0.002 secs] [Times: user=0.01 sys=0.00, real=0.00 secs] 
2020-10-29T13:18:04.969+0000: [GC (Allocation Failure) 2020-10-29T13:18:04.969+0000: [ParNew: 17500K->576K(18432K), 0.0035569 secs] 139998K->123640K(896640K), 0.0036010 secs] [Times: user=0.01 sys=0.00, real=0.00 secs] 
2020-10-29T13:18:04.996+0000: [GC (Allocation Failure) 2020-10-29T13:18:04.997+0000: [ParNew: 16960K->1552K(18432K), 0.0034143 secs] 140024K->125127K(896640K), 0.0034721 secs] [Times: user=0.01 sys=0.00, real=0.00 secs] 
2020-10-29T13:18:05.024+0000: [GC (Allocation Failure) 2020-10-29T13:18:05.025+0000: [ParNew: 17936K->1028K(18432K), 0.0035608 secs] 141511K->126651K(896640K), 0.0036179 secs] [Times: user=0.01 sys=0.00, real=0.00 secs] 
2020-10-29T13:18:05.052+0000: [GC (Allocation Failure) 2020-10-29T13:18:05.053+0000: [ParNew: 17412K->4K(18432K), 0.0031724 secs] 143035K->125627K(896640K), 0.0032294 secs] [Times: user=0.01 sys=0.00, real=0.00 secs] 
2020-10-29T13:18:05.078+0000: [GC (Allocation Failure) 2020-10-29T13:18:05.078+0000: [ParNew: 16388K->4K(18432K), 0.0031582 secs] 142011K->125627K(896640K), 0.0032152 secs] [Times: user=0.01 sys=0.00, real=0.00 secs] 
2020-10-29T13:18:05.109+0000: [GC (Allocation Failure) 2020-10-29T13:18:05.109+0000: [ParNew: 16388K->4K(18432K), 0.0031295 secs] 142011K->125627K(896640K), 0.0031868 secs] [Times: user=0.00 sys=0.00, real=0.01 secs] 
2020-10-29T13:18:05.132+0000: [GC (Allocation Failure) 2020-10-29T13:18:05.133+0000: [ParNew: 16388K->4K(18432K), 0.0030845 secs] 142011K->125627K(896640K), 0.0031400 secs] [Times: user=0.01 sys=0.00, real=0.00 secs] 
2020-10-29T13:18:05.156+0000: [GC (Allocation Failure) 2020-10-29T13:18:05.157+0000: [ParNew: 16388K->4K(18432K), 0.0030757 secs] 142011K->125627K(896640K), 0.0031311 secs] [Times: user=0.01 sys=0.00, real=0.00 secs] 
2020-10-29T13:18:05.180+0000: [GC (Allocation Failure) 2020-10-29T13:18:05.181+0000: [ParNew: 16388K->4K(18432K), 0.0030907 secs] 142011K->125627K(896640K), 0.0031458 secs] [Times: user=0.00 sys=0.00, real=0.00 secs] 
2020-10-29T13:18:05.200+0000: [GC (Allocation Failure) 2020-10-29T13:18:05.200+0000: [ParNew: 16388K->4K(18432K), 0.0034640 secs] 142011K->127675K(896640K), 0.0035199 secs] [Times: user=0.01 sys=0.00, real=0.00 secs] 
2020-10-29T13:18:05.224+0000: [GC (Allocation Failure) 2020-10-29T13:18:05.225+0000: [ParNew: 16388K->4K(18432K), 0.0030770 secs] 144059K->127675K(896640K), 0.0031300 secs] [Times: user=0.01 sys=0.00, real=0.00 secs] 
2020-10-29T13:18:05.248+0000: [GC (Allocation Failure) 2020-10-29T13:18:05.248+0000: [ParNew: 16388K->4K(18432K), 0.0035000 secs] 144059K->129723K(896640K), 0.0035567 secs] [Times: user=0.01 sys=0.00, real=0.00 secs] 
2020-10-29T13:18:05.271+0000: [GC (Allocation Failure) 2020-10-29T13:18:05.271+0000: [ParNew: 16388K->4K(18432K), 0.0031841 secs] 146107K->129723K(896640K), 0.0032415 secs] [Times: user=0.01 sys=0.00, real=0.01 secs] 
2020-10-29T13:18:05.298+0000: [GC (Allocation Failure) 2020-10-29T13:18:05.298+0000: [ParNew: 16388K->4K(18432K), 0.0031243 secs] 146107K->129723K(896640K), 0.0031814 secs] [Times: user=0.00 sys=0.00, real=0.00 secs] 
2020-10-29T13:18:05.328+0000: [GC (Allocation Failure) 2020-10-29T13:18:05.328+0000: [ParNew: 16388K->4K(18432K), 0.0031050 secs] 146107K->129723K(896640K), 0.0031568 secs] [Times: user=0.00 sys=0.01, real=0.00 secs] 
2020-10-29T13:18:05.356+0000: [GC (Allocation Failure) 2020-10-29T13:18:05.356+0000: [ParNew: 16388K->4K(18432K), 0.0037526 secs] 146107K->129723K(896640K), 0.0038096 secs] [Times: user=0.01 sys=0.00, real=0.00 secs] 
2020-10-29T13:18:05.396+0000: [GC (Allocation Failure) 2020-10-29T13:18:05.397+0000: [ParNew: 16388K->4K(18432K), 0.0031967 secs] 146107K->129723K(896640K), 0.0032538 secs] [Times: user=0.01 sys=0.00, real=0.00 secs] 
2020-10-29T13:18:05.425+0000: [GC (Allocation Failure) 2020-10-29T13:18:05.425+0000: [ParNew: 16388K->2K(18432K), 0.0062808 secs] 146107K->129721K(896640K), 0.0063535 secs] [Times: user=0.01 sys=0.00, real=0.00 secs] 
2020-10-29T13:18:05.460+0000: [GC (Allocation Failure) 2020-10-29T13:18:05.460+0000: [ParNew: 16386K->4K(18432K), 0.0031412 secs] 146105K->129723K(896640K), 0.0031993 secs] [Times: user=0.01 sys=0.00, real=0.00 secs] 
2020-10-29T13:18:05.488+0000: [GC (Allocation Failure) 2020-10-29T13:18:05.488+0000: [ParNew: 16388K->4K(18432K), 0.0049819 secs] 146107K->129723K(896640K), 0.0050553 secs] [Times: user=0.01 sys=0.01, real=0.01 secs] 
2020-10-29T13:18:05.511+0000: [GC (Allocation Failure) 2020-10-29T13:18:05.511+0000: [ParNew: 8501K->4K(18432K), 0.0060966 secs] 138220K->129723K(896640K), 0.0061520 secs] [Times: user=0.01 sys=0.00, real=0.01 secs] 
2020-10-29T13:18:05.541+0000: [GC (Allocation Failure) 2020-10-29T13:18:05.541+0000: [ParNew: 16388K->4K(18432K), 0.0041070 secs] 146107K->137915K(896640K), 0.0041680 secs] [Times: user=0.01 sys=0.00, real=0.01 secs] 
2020-10-29T13:18:05.565+0000: [GC (Allocation Failure) 2020-10-29T13:18:05.566+0000: [ParNew: 13471K->4K(18432K), 0.0044101 secs] 151383K->137915K(896640K), 0.0044817 secs] [Times: user=0.01 sys=0.00, real=0.00 secs] 
2020-10-29T13:18:05.601+0000: [GC (Allocation Failure) 2020-10-29T13:18:05.601+0000: [ParNew: 16388K->4K(18432K), 0.0041028 secs] 154299K->146107K(896640K), 0.0041801 secs] [Times: user=0.01 sys=0.00, real=0.01 secs] 
2020-10-29T13:18:05.642+0000: [GC (Allocation Failure) 2020-10-29T13:18:05.642+0000: [ParNew: 16388K->4K(18432K), 0.0031923 secs] 162491K->146107K(896640K), 0.0032652 secs] [Times: user=0.01 sys=0.00, real=0.01 secs] 
2020-10-29T13:18:05.688+0000: [GC (Allocation Failure) 2020-10-29T13:18:05.688+0000: [ParNew: 16388K->4K(18432K), 0.0031949 secs] 162491K->146107K(896640K), 0.0032706 secs] [Times: user=0.01 sys=0.00, real=0.00 secs] 
2020-10-29T13:18:05.723+0000: [GC (Allocation Failure) 2020-10-29T13:18:05.723+0000: [ParNew: 16388K->4K(18432K), 0.0031362 secs] 162491K->146107K(896640K), 0.0032051 secs] [Times: user=0.01 sys=0.00, real=0.01 secs] 
2020-10-29T13:18:05.753+0000: [GC (Allocation Failure) 2020-10-29T13:18:05.753+0000: [ParNew: 16388K->4K(18432K), 0.0042025 secs] 162491K->150204K(896640K), 0.0042802 secs] [Times: user=0.01 sys=0.00, real=0.00 secs] 
2020-10-29T13:18:05.790+0000: [GC (Allocation Failure) 2020-10-29T13:18:05.791+0000: [ParNew: 16388K->4K(18432K), 0.0032837 secs] 166588K->150204K(896640K), 0.0033698 secs] [Times: user=0.01 sys=0.00, real=0.01 secs] 
2020-10-29T13:18:05.813+0000: [GC (Allocation Failure) 2020-10-29T13:18:05.813+0000: [ParNew: 16388K->4K(18432K), 0.0039882 secs] 166588K->154300K(896640K), 0.0040627 secs] [Times: user=0.01 sys=0.00, real=0.00 secs] 
2020-10-29T13:18:05.850+0000: [GC (Allocation Failure) 2020-10-29T13:18:05.850+0000: [ParNew: 16388K->4K(18432K), 0.0031406 secs] 170684K->154300K(896640K), 0.0031989 secs] [Times: user=0.01 sys=0.00, real=0.01 secs] 
2020-10-29T13:18:05.871+0000: [GC (Allocation Failure) 2020-10-29T13:18:05.871+0000: [ParNew: 16388K->4K(18432K), 0.0031717 secs] 170684K->154300K(896640K), 0.0032287 secs] [Times: user=0.01 sys=0.00, real=0.01 secs] 
2020-10-29T13:18:05.890+0000: [GC (Allocation Failure) 2020-10-29T13:18:05.890+0000: [ParNew: 16388K->4K(18432K), 0.0031392 secs] 170684K->154300K(896640K), 0.0031951 secs] [Times: user=0.01 sys=0.00, real=0.01 secs] 
2020-10-29T13:18:05.912+0000: [GC (Allocation Failure) 2020-10-29T13:18:05.913+0000: [ParNew: 16388K->4K(18432K), 0.0031311 secs] 170684K->154300K(896640K), 0.0031886 secs] [Times: user=0.01 sys=0.00, real=0.00 secs] 
2020-10-29T13:18:05.932+0000: [GC (Allocation Failure) 2020-10-29T13:18:05.933+0000: [ParNew: 16388K->4K(18432K), 0.0032112 secs] 170684K->154300K(896640K), 0.0032688 secs] [Times: user=0.00 sys=0.00, real=0.00 secs] 
2020-10-29T13:18:05.951+0000: [GC (Allocation Failure) 2020-10-29T13:18:05.951+0000: [ParNew: 16388K->4K(18432K), 0.0032784 secs] 170684K->154300K(896640K), 0.0033359 secs] [Times: user=0.01 sys=0.00, real=0.01 secs] 
2020-10-29T13:18:05.970+0000: [GC (Allocation Failure) 2020-10-29T13:18:05.970+0000: [ParNew: 16388K->4K(18432K), 0.0031779 secs] 170684K->154300K(896640K), 0.0032352 secs] [Times: user=0.00 sys=0.00, real=0.01 secs] 
2020-10-29T13:18:05.990+0000: [GC (Allocation Failure) 2020-10-29T13:18:05.990+0000: [ParNew: 16388K->4K(18432K), 0.0099913 secs] 170684K->154300K(896640K), 0.0100460 secs] [Times: user=0.01 sys=0.00, real=0.01 secs] 
2020-10-29T13:18:06.018+0000: [GC (Allocation Failure) 2020-10-29T13:18:06.018+0000: [ParNew: 16388K->4K(18432K), 0.0069704 secs] 170684K->154300K(896640K), 0.0070531 secs] [Times: user=0.01 sys=0.00, real=0.01 secs] 
2020-10-29T13:18:06.044+0000: [GC (Allocation Failure) 2020-10-29T13:18:06.044+0000: [ParNew: 16388K->4K(18432K), 0.0047298 secs] 170684K->154300K(896640K), 0.0047966 secs] [Times: user=0.01 sys=0.00, real=0.01 secs] 
2020-10-29T13:18:06.070+0000: [GC (Allocation Failure) 2020-10-29T13:18:06.070+0000: [ParNew: 16388K->4K(18432K), 0.0032670 secs] 170684K->154300K(896640K), 0.0033446 secs] [Times: user=0.01 sys=0.00, real=0.01 secs] 
2020-10-29T13:18:06.092+0000: [GC (Allocation Failure) 2020-10-29T13:18:06.092+0000: [ParNew: 16388K->4K(18432K), 0.0071343 secs] 170684K->154300K(896640K), 0.0072086 secs] [Times: user=0.01 sys=0.00, real=0.00 secs] 
2020-10-29T13:18:06.133+0000: [GC (Allocation Failure) 2020-10-29T13:18:06.133+0000: [ParNew: 16388K->4K(18432K), 0.0031731 secs] 170684K->154300K(896640K), 0.0032504 secs] [Times: user=0.01 sys=0.00, real=0.00 secs] 
2020-10-29T13:18:06.156+0000: [GC (Allocation Failure) 2020-10-29T13:18:06.156+0000: [ParNew: 16324K->4K(18432K), 0.0070234 secs] 170620K->154300K(896640K), 0.0070979 secs] [Times: user=0.00 sys=0.00, real=0.00 secs] 
2020-10-29T13:18:06.181+0000: [GC (Allocation Failure) 2020-10-29T13:18:06.181+0000: [ParNew: 16388K->4K(18432K), 0.0091759 secs] 170684K->154300K(896640K), 0.0092589 secs] [Times: user=0.01 sys=0.00, real=0.01 secs] 
2020-10-29T13:18:06.213+0000: [GC (Allocation Failure) 2020-10-29T13:18:06.213+0000: [ParNew: 16388K->4K(18432K), 0.0068232 secs] 170684K->154300K(896640K), 0.0068912 secs] [Times: user=0.01 sys=0.00, real=0.00 secs] 
2020-10-29T13:18:06.249+0000: [GC (Allocation Failure) 2020-10-29T13:18:06.249+0000: [ParNew: 16388K->4K(18432K), 0.0083884 secs] 170684K->154300K(896640K), 0.0084740 secs] [Times: user=0.01 sys=0.00, real=0.01 secs] 
2020-10-29T13:18:06.276+0000: [GC (Allocation Failure) 2020-10-29T13:18:06.276+0000: [ParNew: 10451K->4K(18432K), 0.0081527 secs] 164747K->154300K(896640K), 0.0082320 secs] [Times: user=0.00 sys=0.00, real=0.01 secs] 
2020-10-29T13:18:06.298+0000: [GC (Allocation Failure) 2020-10-29T13:18:06.298+0000: [ParNew: 16388K->4K(18432K), 0.0107354 secs] 170684K->162492K(896640K), 0.0108121 secs] [Times: user=0.01 sys=0.00, real=0.01 secs] 
2020-10-29T13:18:06.340+0000: [GC (Allocation Failure) 2020-10-29T13:18:06.341+0000: [ParNew: 16388K->4K(18432K), 0.0068636 secs] 178876K->162492K(896640K), 0.0069434 secs] [Times: user=0.00 sys=0.00, real=0.01 secs] 
2020-10-29T13:18:06.379+0000: [GC (Allocation Failure) 2020-10-29T13:18:06.379+0000: [ParNew: 16388K->4K(18432K), 0.0125840 secs] 178876K->162492K(896640K), 0.0126661 secs] [Times: user=0.01 sys=0.00, real=0.01 secs] 
2020-10-29T13:18:06.417+0000: [GC (Allocation Failure) 2020-10-29T13:18:06.417+0000: [ParNew: 16388K->4K(18432K), 0.0031321 secs] 178876K->162492K(896640K), 0.0032000 secs] [Times: user=0.00 sys=0.00, real=0.00 secs] 
2020-10-29T13:18:06.432+0000: [GC (Allocation Failure) 2020-10-29T13:18:06.432+0000: [ParNew: 16388K->4K(18432K), 0.0040906 secs] 178876K->170684K(896640K), 0.0041633 secs] [Times: user=0.01 sys=0.00, real=0.00 secs] 
2020-10-29T13:18:06.466+0000: [GC (Allocation Failure) 2020-10-29T13:18:06.466+0000: [ParNew: 16388K->4K(18432K), 0.0031338 secs] 187068K->170684K(896640K), 0.0032085 secs] [Times: user=0.00 sys=0.00, real=0.00 secs] 
2020-10-29T13:18:06.494+0000: [GC (Allocation Failure) 2020-10-29T13:18:06.494+0000: [ParNew: 16388K->4K(18432K), 0.0069866 secs] 187068K->170684K(896640K), 0.0070543 secs] [Times: user=0.01 sys=0.00, real=0.00 secs] 
2020-10-29T13:18:06.527+0000: [GC (Allocation Failure) 2020-10-29T13:18:06.527+0000: [ParNew: 16388K->4K(18432K), 0.0085468 secs] 187068K->170684K(896640K), 0.0086276 secs] [Times: user=0.01 sys=0.00, real=0.01 secs] 
2020-10-29T13:18:06.570+0000: [GC (Allocation Failure) 2020-10-29T13:18:06.570+0000: [ParNew: 16388K->4K(18432K), 0.0111506 secs] 187068K->170684K(896640K), 0.0112358 secs] [Times: user=0.01 sys=0.00, real=0.01 secs] 
2020-10-29T13:18:06.620+0000: [GC (Allocation Failure) 2020-10-29T13:18:06.620+0000: [ParNew: 16388K->4K(18432K), 0.0073562 secs] 187068K->170684K(896640K), 0.0074384 secs] [Times: user=0.01 sys=0.00, real=0.01 secs] 
2020-10-29T13:18:06.657+0000: [GC (Allocation Failure) 2020-10-29T13:18:06.657+0000: [ParNew: 16388K->4K(18432K), 0.0067682 secs] 187068K->170684K(896640K), 0.0068536 secs] [Times: user=0.00 sys=0.00, real=0.00 secs] 
2020-10-29T13:18:06.693+0000: [GC (Allocation Failure) 2020-10-29T13:18:06.693+0000: [ParNew: 15054K->4K(18432K), 0.0064983 secs] 185735K->170684K(896640K), 0.0065805 secs] [Times: user=0.01 sys=0.00, real=0.00 secs] 
2020-10-29T13:18:06.716+0000: [GC (Allocation Failure) 2020-10-29T13:18:06.716+0000: [ParNew: 16388K->4K(18432K), 0.0077313 secs] 187068K->178876K(896640K), 0.0078131 secs] [Times: user=0.01 sys=0.00, real=0.00 secs] 
2020-10-29T13:18:06.751+0000: [GC (Allocation Failure) 2020-10-29T13:18:06.751+0000: [ParNew: 16388K->4K(18432K), 0.0066794 secs] 195260K->178876K(896640K), 0.0067566 secs] [Times: user=0.01 sys=0.00, real=0.01 secs] 
2020-10-29T13:18:06.771+0000: [GC (Allocation Failure) 2020-10-29T13:18:06.771+0000: [ParNew: 13684K->4K(18432K), 0.0030945 secs] 192557K->178876K(896640K), 0.0031508 secs] [Times: user=0.01 sys=0.00, real=0.01 secs] 
2020-10-29T13:18:06.789+0000: [GC (Allocation Failure) 2020-10-29T13:18:06.789+0000: [ParNew: 16388K->4K(18432K), 0.0113155 secs] 195260K->187068K(896640K), 0.0113968 secs] [Times: user=0.02 sys=0.00, real=0.01 secs] 
2020-10-29T13:18:06.825+0000: [GC (Allocation Failure) 2020-10-29T13:18:06.825+0000: [ParNew: 16388K->4K(18432K), 0.0068601 secs] 203452K->187068K(896640K), 0.0069232 secs] [Times: user=0.00 sys=0.00, real=0.00 secs] 
2020-10-29T13:18:06.862+0000: [GC (Allocation Failure) 2020-10-29T13:18:06.862+0000: [ParNew: 16388K->6K(18432K), 0.0110781 secs] 203452K->187070K(896640K), 0.0111350 secs] [Times: user=0.01 sys=0.00, real=0.02 secs] 
2020-10-29T13:18:06.898+0000: [GC (Allocation Failure) 2020-10-29T13:18:06.898+0000: [ParNew: 16390K->4K(18432K), 0.0130734 secs] 203454K->187069K(896640K), 0.0131670 secs] [Times: user=0.01 sys=0.00, real=0.01 secs] 
2020-10-29T13:18:06.939+0000: [GC (Allocation Failure) 2020-10-29T13:18:06.939+0000: [ParNew: 16388K->4K(18432K), 0.0031380 secs] 203453K->187069K(896640K), 0.0032138 secs] [Times: user=0.01 sys=0.00, real=0.00 secs] 
2020-10-29T13:18:06.975+0000: [GC (Allocation Failure) 2020-10-29T13:18:06.975+0000: [ParNew: 16388K->4K(18432K), 0.0033303 secs] 203453K->187069K(896640K), 0.0034085 secs] [Times: user=0.01 sys=0.00, real=0.00 secs] 
2020-10-29T13:18:07.020+0000: [GC (Allocation Failure) 2020-10-29T13:18:07.020+0000: [ParNew: 16388K->4K(18432K), 0.0081067 secs] 203453K->187069K(896640K), 0.0081848 secs] [Times: user=0.01 sys=0.00, real=0.01 secs] 
2020-10-29T13:18:07.066+0000: [GC (Allocation Failure) 2020-10-29T13:18:07.066+0000: [ParNew: 16388K->4K(18432K), 0.0068149 secs] 203453K->187069K(896640K), 0.0069236 secs] [Times: user=0.00 sys=0.00, real=0.01 secs] 
2020-10-29T13:18:07.107+0000: [GC (Allocation Failure) 2020-10-29T13:18:07.107+0000: [ParNew: 16388K->4K(18432K), 0.0065404 secs] 203453K->187069K(896640K), 0.0066162 secs] [Times: user=0.01 sys=0.00, real=0.01 secs] 
2020-10-29T13:18:07.154+0000: [GC (Allocation Failure) 2020-10-29T13:18:07.154+0000: [ParNew: 16388K->4K(18432K), 0.0066475 secs] 203453K->187069K(896640K), 0.0067206 secs] [Times: user=0.01 sys=0.00, real=0.00 secs] 
2020-10-29T13:18:07.197+0000: [GC (Allocation Failure) 2020-10-29T13:18:07.197+0000: [ParNew: 16388K->4K(18432K), 0.0030592 secs] 203453K->187069K(896640K), 0.0031131 secs] [Times: user=0.00 sys=0.00, real=0.00 secs] 
2020-10-29T13:18:07.218+0000: [GC (Allocation Failure) 2020-10-29T13:18:07.218+0000: [ParNew: 16388K->4K(18432K), 0.0030934 secs] 203453K->187069K(896640K), 0.0031633 secs] [Times: user=0.01 sys=0.00, real=0.00 secs] 
2020-10-29T13:18:07.239+0000: [GC (Allocation Failure) 2020-10-29T13:18:07.239+0000: [ParNew: 16388K->4K(18432K), 0.0030879 secs] 203453K->187069K(896640K), 0.0031550 secs] [Times: user=0.01 sys=0.00, real=0.00 secs] 
2020-10-29T13:18:07.265+0000: [GC (Allocation Failure) 2020-10-29T13:18:07.265+0000: [ParNew: 16388K->4K(18432K), 0.0030668 secs] 203453K->187069K(896640K), 0.0031296 secs] [Times: user=0.01 sys=0.00, real=0.00 secs] 
2020-10-29T13:18:07.289+0000: [GC (Allocation Failure) 2020-10-29T13:18:07.289+0000: [ParNew: 16388K->4K(18432K), 0.0030415 secs] 203453K->187069K(896640K), 0.0031122 secs] [Times: user=0.01 sys=0.00, real=0.00 secs] 
2020-10-29T13:18:07.300+0000: [GC (Allocation Failure) 2020-10-29T13:18:07.301+0000: [ParNew: 11976K->4K(18432K), 0.0052412 secs] 199041K->195261K(896640K), 0.0053028 secs] [Times: user=0.01 sys=0.00, real=0.01 secs] 
2020-10-29T13:18:07.322+0000: [GC (Allocation Failure) 2020-10-29T13:18:07.322+0000: [ParNew: 16388K->4K(18432K), 0.0078992 secs] 211645K->203453K(896640K), 0.0079471 secs] [Times: user=0.01 sys=0.00, real=0.01 secs] 
2020-10-29T13:18:07.354+0000: [GC (Allocation Failure) 2020-10-29T13:18:07.354+0000: [ParNew: 16388K->4K(18432K), 0.0067050 secs] 219837K->203453K(896640K), 0.0067800 secs] [Times: user=0.01 sys=0.00, real=0.00 secs] 
2020-10-29T13:18:07.380+0000: [GC (Allocation Failure) 2020-10-29T13:18:07.380+0000: [ParNew: 16388K->4K(18432K), 0.0045203 secs] 219837K->203453K(896640K), 0.0045887 secs] [Times: user=0.01 sys=0.00, real=0.01 secs] 
2020-10-29T13:18:07.412+0000: [GC (Allocation Failure) 2020-10-29T13:18:07.413+0000: [ParNew: 16388K->4K(18432K), 0.0112543 secs] 219837K->203453K(896640K), 0.0113294 secs] [Times: user=0.00 sys=0.00, real=0.00 secs] 
2020-10-29T13:18:07.453+0000: [GC (Allocation Failure) 2020-10-29T13:18:07.453+0000: [ParNew: 16388K->4K(18432K), 0.0045839 secs] 219837K->203453K(896640K), 0.0046483 secs] [Times: user=0.00 sys=0.00, real=0.00 secs] 
2020-10-29T13:18:07.493+0000: [GC (Allocation Failure) 2020-10-29T13:18:07.497+0000: [ParNew: 16388K->2K(18432K), 0.0083609 secs] 219837K->203451K(896640K), 0.0126490 secs] [Times: user=0.00 sys=0.00, real=0.01 secs] 
2020-10-29T13:18:07.543+0000: [GC (Allocation Failure) 2020-10-29T13:18:07.543+0000: [ParNew: 16386K->4K(18432K), 0.0091875 secs] 219835K->203453K(896640K), 0.0092698 secs] [Times: user=0.01 sys=0.00, real=0.01 secs] 
2020-10-29T13:18:07.578+0000: [GC (Allocation Failure) 2020-10-29T13:18:07.579+0000: [ParNew: 16388K->4K(18432K), 0.0163288 secs] 219837K->203453K(896640K), 0.0164129 secs] [Times: user=0.02 sys=0.00, real=0.02 secs] 
2020-10-29T13:18:07.614+0000: [GC (Allocation Failure) 2020-10-29T13:18:07.614+0000: [ParNew: 16388K->4K(18432K), 0.0031686 secs] 219837K->203453K(896640K), 0.0032257 secs] [Times: user=0.00 sys=0.00, real=0.00 secs] 
2020-10-29T13:18:07.651+0000: [GC (Allocation Failure) 2020-10-29T13:18:07.651+0000: [ParNew: 16388K->4K(18432K), 0.0040285 secs] 219837K->203453K(896640K), 0.0041078 secs] [Times: user=0.01 sys=0.00, real=0.01 secs] 
2020-10-29T13:18:07.677+0000: [GC (Allocation Failure) 2020-10-29T13:18:07.677+0000: [ParNew: 16388K->4K(18432K), 0.0031041 secs] 219837K->203453K(896640K), 0.0031848 secs] [Times: user=0.00 sys=0.00, real=0.00 secs] 
2020-10-29T13:18:07.711+0000: [GC (Allocation Failure) 2020-10-29T13:18:07.711+0000: [ParNew: 16388K->4K(18432K), 0.0031107 secs] 219837K->203453K(896640K), 0.0031882 secs] [Times: user=0.01 sys=0.00, real=0.01 secs] 
2020-10-29T13:18:07.742+0000: [GC (Allocation Failure) 2020-10-29T13:18:07.742+0000: [ParNew: 16388K->4K(18432K), 0.0068111 secs] 219837K->203453K(896640K), 0.0069316 secs] [Times: user=0.01 sys=0.00, real=0.01 secs] 
2020-10-29T13:18:07.770+0000: [GC (Allocation Failure) 2020-10-29T13:18:07.770+0000: [ParNew: 16388K->4K(18432K), 0.0068612 secs] 219837K->203453K(896640K), 0.0069374 secs] [Times: user=0.01 sys=0.00, real=0.01 secs] 
2020-10-29T13:18:07.800+0000: [GC (Allocation Failure) 2020-10-29T13:18:07.800+0000: [ParNew: 16388K->4K(18432K), 0.0070958 secs] 219837K->203453K(896640K), 0.0071850 secs] [Times: user=0.00 sys=0.00, real=0.01 secs] 
2020-10-29T13:18:07.830+0000: [GC (Allocation Failure) 2020-10-29T13:18:07.830+0000: [ParNew: 16388K->4K(18432K), 0.0092919 secs] 219837K->203453K(896640K), 0.0093758 secs] [Times: user=0.00 sys=0.00, real=0.01 secs] 
2020-10-29T13:18:07.868+0000: [GC (Allocation Failure) 2020-10-29T13:18:07.869+0000: [ParNew: 16388K->4K(18432K), 0.0079043 secs] 219837K->203453K(896640K), 0.0079918 secs] [Times: user=0.01 sys=0.01, real=0.01 secs] 
2020-10-29T13:18:07.899+0000: [GC (Allocation Failure) 2020-10-29T13:18:07.899+0000: [ParNew: 16388K->4K(18432K), 0.0039973 secs] 219837K->203453K(896640K), 0.0040737 secs] [Times: user=0.00 sys=0.00, real=0.00 secs] 
2020-10-29T13:18:07.940+0000: [GC (Allocation Failure) 2020-10-29T13:18:07.940+0000: [ParNew: 16388K->4K(18432K), 0.0031151 secs] 219837K->203453K(896640K), 0.0031960 secs] [Times: user=0.01 sys=0.00, real=0.00 secs] 
2020-10-29T13:18:07.989+0000: [GC (Allocation Failure) 2020-10-29T13:18:07.989+0000: [ParNew: 16388K->4K(18432K), 0.0031682 secs] 219837K->203453K(896640K), 0.0032414 secs] [Times: user=0.01 sys=0.00, real=0.00 secs] 
2020-10-29T13:18:08.007+0000: [GC (Allocation Failure) 2020-10-29T13:18:08.007+0000: [ParNew: 16388K->4K(18432K), 0.0032492 secs] 219837K->203453K(896640K), 0.0033137 secs] [Times: user=0.01 sys=0.00, real=0.00 secs] 
2020-10-29T13:18:08.030+0000: [GC (Allocation Failure) 2020-10-29T13:18:08.030+0000: [ParNew: 16388K->4K(18432K), 0.0031752 secs] 219837K->203453K(896640K), 0.0032388 secs] [Times: user=0.00 sys=0.00, real=0.01 secs] 
2020-10-29T13:18:08.052+0000: [GC (Allocation Failure) 2020-10-29T13:18:08.053+0000: [ParNew: 16388K->2K(18432K), 0.0057095 secs] 219837K->203451K(896640K), 0.0057584 secs] [Times: user=0.01 sys=0.00, real=0.00 secs] 
2020-10-29T13:18:08.083+0000: [GC (Allocation Failure) 2020-10-29T13:18:08.083+0000: [ParNew: 16386K->4K(18432K), 0.0032072 secs] 219835K->203453K(896640K), 0.0032660 secs] [Times: user=0.01 sys=0.00, real=0.01 secs] 
2020-10-29T13:18:08.106+0000: [GC (Allocation Failure) 2020-10-29T13:18:08.106+0000: [ParNew: 16388K->4K(18432K), 0.0067126 secs] 219837K->203453K(896640K), 0.0068039 secs] [Times: user=0.01 sys=0.00, real=0.01 secs] 
2020-10-29T13:18:08.144+0000: [GC (Allocation Failure) 2020-10-29T13:18:08.144+0000: [ParNew: 12536K->4K(18432K), 0.0031367 secs] 215986K->203453K(896640K), 0.0032179 secs] [Times: user=0.00 sys=0.00, real=0.01 secs] 
2020-10-29T13:18:08.164+0000: [GC (Allocation Failure) 2020-10-29T13:18:08.165+0000: [ParNew: 16388K->4K(18432K), 0.0059320 secs] 219837K->211645K(896640K), 0.0060132 secs] [Times: user=0.01 sys=0.00, real=0.00 secs] 
2020-10-29T13:18:08.193+0000: [GC (Allocation Failure) 2020-10-29T13:18:08.193+0000: [ParNew: 16388K->4K(18432K), 0.0067065 secs] 228029K->211645K(896640K), 0.0067891 secs] [Times: user=0.01 sys=0.00, real=0.00 secs] 
2020-10-29T13:18:08.230+0000: [GC (Allocation Failure) 2020-10-29T13:18:08.230+0000: [ParNew: 16388K->4K(18432K), 0.0044012 secs] 228029K->211645K(896640K), 0.0044785 secs] [Times: user=0.00 sys=0.00, real=0.01 secs] 
2020-10-29T13:18:08.257+0000: [GC (Allocation Failure) 2020-10-29T13:18:08.257+0000: [ParNew: 16388K->4K(18432K), 0.0042640 secs] 228029K->219837K(896640K), 0.0043461 secs] [Times: user=0.01 sys=0.00, real=0.00 secs] 
2020-10-29T13:18:08.292+0000: [GC (Allocation Failure) 2020-10-29T13:18:08.292+0000: [ParNew: 16388K->4K(18432K), 0.0032905 secs] 236221K->219837K(896640K), 0.0033681 secs] [Times: user=0.01 sys=0.00, real=0.01 secs] 
2020-10-29T13:18:08.322+0000: [GC (Allocation Failure) 2020-10-29T13:18:08.322+0000: [ParNew: 16388K->4K(18432K), 0.0091425 secs] 236221K->219837K(896640K), 0.0092271 secs] [Times: user=0.01 sys=0.00, real=0.01 secs] 
2020-10-29T13:18:08.354+0000: [GC (Allocation Failure) 2020-10-29T13:18:08.354+0000: [ParNew: 16388K->4K(18432K), 0.0105737 secs] 236221K->219837K(896640K), 0.0106545 secs] [Times: user=0.01 sys=0.00, real=0.01 secs] 
2020-10-29T13:18:08.395+0000: [GC (Allocation Failure) 2020-10-29T13:18:08.395+0000: [ParNew: 16388K->4K(18432K), 0.0086702 secs] 236221K->219837K(896640K), 0.0087368 secs] [Times: user=0.00 sys=0.00, real=0.00 secs] 
2020-10-29T13:18:08.430+0000: [GC (Allocation Failure) 2020-10-29T13:18:08.430+0000: [ParNew: 16388K->4K(18432K), 0.0113696 secs] 236221K->219837K(896640K), 0.0114279 secs] [Times: user=0.02 sys=0.00, real=0.01 secs] 
2020-10-29T13:18:08.458+0000: [GC (Allocation Failure) 2020-10-29T13:18:08.458+0000: [ParNew: 16388K->2K(18432K), 0.0066695 secs] 236221K->219835K(896640K), 0.0067245 secs] [Times: user=0.00 sys=0.00, real=0.01 secs] 
2020-10-29T13:18:08.490+0000: [GC (Allocation Failure) 2020-10-29T13:18:08.490+0000: [ParNew: 16386K->4K(18432K), 0.0062146 secs] 236219K->219837K(896640K), 0.0062979 secs] [Times: user=0.01 sys=0.00, real=0.01 secs] 
2020-10-29T13:18:08.518+0000: [GC (Allocation Failure) 2020-10-29T13:18:08.518+0000: [ParNew: 16388K->4K(18432K), 0.0032203 secs] 236221K->219837K(896640K), 0.0032986 secs] [Times: user=0.01 sys=0.00, real=0.00 secs] 
2020-10-29T13:18:08.544+0000: [GC (Allocation Failure) 2020-10-29T13:18:08.544+0000: [ParNew: 16388K->4K(18432K), 0.0030827 secs] 236221K->219837K(896640K), 0.0031617 secs] [Times: user=0.01 sys=0.00, real=0.00 secs] 
2020-10-29T13:18:08.570+0000: [GC (Allocation Failure) 2020-10-29T13:18:08.570+0000: [ParNew: 16388K->4K(18432K), 0.0031329 secs] 236221K->219837K(896640K), 0.0032097 secs] [Times: user=0.01 sys=0.00, real=0.01 secs] 
2020-10-29T13:18:08.596+0000: [GC (Allocation Failure) 2020-10-29T13:18:08.596+0000: [ParNew: 16388K->4K(18432K), 0.0030953 secs] 236221K->219837K(896640K), 0.0031707 secs] [Times: user=0.00 sys=0.00, real=0.00 secs] 
2020-10-29T13:18:08.621+0000: [GC (Allocation Failure) 2020-10-29T13:18:08.621+0000: [ParNew: 16388K->4K(18432K), 0.0031644 secs] 236221K->219837K(896640K), 0.0032419 secs] [Times: user=0.01 sys=0.00, real=0.00 secs] 
2020-10-29T13:18:08.659+0000: [GC (Allocation Failure) 2020-10-29T13:18:08.659+0000: [ParNew: 16388K->4K(18432K), 0.0094400 secs] 236221K->219837K(896640K), 0.0095151 secs] [Times: user=0.01 sys=0.00, real=0.01 secs] 
2020-10-29T13:18:08.704+0000: [GC (Allocation Failure) 2020-10-29T13:18:08.704+0000: [ParNew: 16388K->4K(18432K), 0.0069145 secs] 236221K->219837K(896640K), 0.0069990 secs] [Times: user=0.01 sys=0.00, real=0.01 secs] 
2020-10-29T13:18:08.748+0000: [GC (Allocation Failure) 2020-10-29T13:18:08.748+0000: [ParNew: 16388K->4K(18432K), 0.0064581 secs] 236221K->219837K(896640K), 0.0065349 secs] [Times: user=0.01 sys=0.00, real=0.01 secs] 
2020-10-29T13:18:08.784+0000: [GC (Allocation Failure) 2020-10-29T13:18:08.785+0000: [ParNew: 16388K->4K(18432K), 0.0068615 secs] 236221K->219837K(896640K), 0.0069426 secs] [Times: user=0.00 sys=0.00, real=0.00 secs] 
2020-10-29T13:18:08.819+0000: [GC (Allocation Failure) 2020-10-29T13:18:08.819+0000: [ParNew: 16388K->4K(18432K), 0.0030795 secs] 236221K->219837K(896640K), 0.0031348 secs] [Times: user=0.01 sys=0.00, real=0.00 secs] 
2020-10-29T13:18:08.841+0000: [GC (Allocation Failure) 2020-10-29T13:18:08.841+0000: [ParNew: 16388K->4K(18432K), 0.0031143 secs] 236221K->219837K(896640K), 0.0031825 secs] [Times: user=0.01 sys=0.00, real=0.00 secs] 
2020-10-29T13:18:08.860+0000: [GC (Allocation Failure) 2020-10-29T13:18:08.860+0000: [ParNew: 16388K->4K(18432K), 0.0031062 secs] 236221K->219837K(896640K), 0.0031894 secs] [Times: user=0.00 sys=0.00, real=0.00 secs] 
2020-10-29T13:18:08.885+0000: [GC (Allocation Failure) 2020-10-29T13:18:08.885+0000: [ParNew: 16388K->4K(18432K), 0.0046197 secs] 252605K->236221K(896640K), 0.0046816 secs] [Times: user=0.01 sys=0.00, real=0.00 secs] 
2020-10-29T13:18:08.918+0000: [GC (Allocation Failure) 2020-10-29T13:18:08.918+0000: [ParNew: 16388K->4K(18432K), 0.0030900 secs] 268989K->252605K(896640K), 0.0031451 secs] [Times: user=0.01 sys=0.00, real=0.00 secs] 
2020-10-29T13:18:08.943+0000: [GC (Allocation Failure) 2020-10-29T13:18:08.943+0000: [ParNew: 16388K->6K(18432K), 0.0106092 secs] 268989K->252607K(896640K), 0.0106688 secs] [Times: user=0.01 sys=0.00, real=0.02 secs] 
2020-10-29T13:18:08.984+0000: [GC (Allocation Failure) 2020-10-29T13:18:08.985+0000: [ParNew: 16390K->4K(18432K), 0.0069000 secs] 268991K->252605K(896640K), 0.0069817 secs] [Times: user=0.01 sys=0.00, real=0.00 secs] 
2020-10-29T13:18:09.020+0000: [GC (Allocation Failure) 2020-10-29T13:18:09.020+0000: [ParNew: 16388K->4K(18432K), 0.0112496 secs] 268989K->252605K(896640K), 0.0113345 secs] [Times: user=0.01 sys=0.00, real=0.01 secs] 
2020-10-29T13:18:09.061+0000: [GC (Allocation Failure) 2020-10-29T13:18:09.061+0000: [ParNew: 16388K->4K(18432K), 0.0080710 secs] 268989K->252605K(896640K), 0.0081414 secs] [Times: user=0.01 sys=0.00, real=0.01 secs] 
2020-10-29T13:18:09.089+0000: [GC (Allocation Failure) 2020-10-29T13:18:09.089+0000: [ParNew: 16388K->4K(18432K), 0.0077137 secs] 268989K->252605K(896640K), 0.0077888 secs] [Times: user=0.00 sys=0.00, real=0.01 secs] 
2020-10-29T13:18:09.129+0000: [GC (Allocation Failure) 2020-10-29T13:18:09.129+0000: [ParNew: 16388K->4K(18432K), 0.0031115 secs] 268989K->252605K(896640K), 0.0031891 secs] [Times: user=0.01 sys=0.00, real=0.00 secs] 
2020-10-29T13:18:09.161+0000: [GC (Allocation Failure) 2020-10-29T13:18:09.161+0000: [ParNew: 16388K->4K(18432K), 0.0030682 secs] 268989K->252605K(896640K), 0.0031428 secs] [Times: user=0.01 sys=0.00, real=0.01 secs] 
2020-10-29T13:18:09.194+0000: [GC (Allocation Failure) 2020-10-29T13:18:09.194+0000: [ParNew: 16388K->4K(18432K), 0.0030710 secs] 268989K->252605K(896640K), 0.0031211 secs] [Times: user=0.01 sys=0.00, real=0.00 secs] 
2020-10-29T13:18:09.216+0000: [GC (Allocation Failure) 2020-10-29T13:18:09.216+0000: [ParNew: 16388K->4K(18432K), 0.0031969 secs] 268989K->252606K(896640K), 0.0032660 secs] [Times: user=0.00 sys=0.00, real=0.00 secs] 
2020-10-29T13:18:09.238+0000: [GC (Allocation Failure) 2020-10-29T13:18:09.238+0000: [ParNew: 16388K->2K(18432K), 0.0058657 secs] 268990K->252604K(896640K), 0.0059146 secs] [Times: user=0.01 sys=0.00, real=0.00 secs] 
2020-10-29T13:18:09.264+0000: [GC (Allocation Failure) 2020-10-29T13:18:09.265+0000: [ParNew: 16386K->4K(18432K), 0.0068949 secs] 268988K->252606K(896640K), 0.0069454 secs] [Times: user=0.00 sys=0.00, real=0.00 secs] 
2020-10-29T13:18:09.290+0000: [GC (Allocation Failure) 2020-10-29T13:18:09.290+0000: [ParNew: 16388K->4K(18432K), 0.0069339 secs] 268990K->252606K(896640K), 0.0070133 secs] [Times: user=0.01 sys=0.00, real=0.01 secs] 
2020-10-29T13:18:09.315+0000: [GC (Allocation Failure) 2020-10-29T13:18:09.315+0000: [ParNew: 16388K->4K(18432K), 0.0036595 secs] 268990K->252606K(896640K), 0.0037159 secs] [Times: user=0.01 sys=0.00, real=0.00 secs] 
2020-10-29T13:18:09.349+0000: [GC (Allocation Failure) 2020-10-29T13:18:09.350+0000: [ParNew: 16388K->4K(18432K), 0.0031146 secs] 268990K->252606K(896640K), 0.0031936 secs] [Times: user=0.00 sys=0.00, real=0.01 secs] 
2020-10-29T13:18:09.376+0000: [GC (Allocation Failure) 2020-10-29T13:18:09.376+0000: [ParNew: 16388K->4K(18432K), 0.0031248 secs] 268990K->252606K(896640K), 0.0032034 secs] [Times: user=0.01 sys=0.00, real=0.00 secs] 
2020-10-29T13:18:09.400+0000: [GC (Allocation Failure) 2020-10-29T13:18:09.400+0000: [ParNew: 16388K->4K(18432K), 0.0030406 secs] 268990K->252606K(896640K), 0.0031124 secs] [Times: user=0.01 sys=0.00, real=0.00 secs] 
2020-10-29T13:18:09.422+0000: [GC (Allocation Failure) 2020-10-29T13:18:09.422+0000: [ParNew: 16388K->4K(18432K), 0.0103235 secs] 268990K->252606K(896640K), 0.0103874 secs] [Times: user=0.01 sys=0.00, real=0.01 secs] 
2020-10-29T13:18:09.452+0000: [GC (Allocation Failure) 2020-10-29T13:18:09.452+0000: [ParNew: 16388K->4K(18432K), 0.0030633 secs] 268990K->252606K(896640K), 0.0031266 secs] [Times: user=0.00 sys=0.00, real=0.01 secs] 
2020-10-29T13:18:09.476+0000: [GC (Allocation Failure) 2020-10-29T13:18:09.477+0000: [ParNew: 16388K->4K(18432K), 0.0030563 secs] 268990K->252606K(896640K), 0.0031358 secs] [Times: user=0.01 sys=0.00, real=0.00 secs] 
2020-10-29T13:18:09.513+0000: [GC (Allocation Failure) 2020-10-29T13:18:09.513+0000: [ParNew: 16388K->4K(18432K), 0.0030639 secs] 268990K->252606K(896640K), 0.0031433 secs] [Times: user=0.01 sys=0.00, real=0.00 secs] 
2020-10-29T13:18:09.540+0000: [GC (Allocation Failure) 2020-10-29T13:18:09.540+0000: [ParNew: 16388K->4K(18432K), 0.0068054 secs] 268990K->252606K(896640K), 0.0068823 secs] [Times: user=0.01 sys=0.00, real=0.01 secs] 
2020-10-29T13:18:09.574+0000: [GC (Allocation Failure) 2020-10-29T13:18:09.574+0000: [ParNew: 16388K->4K(18432K), 0.0104871 secs] 268990K->252606K(896640K), 0.0105690 secs] [Times: user=0.01 sys=0.00, real=0.01 secs] 
2020-10-29T13:18:09.607+0000: [GC (Allocation Failure) 2020-10-29T13:18:09.607+0000: [ParNew: 16388K->4K(18432K), 0.0030973 secs] 268990K->252606K(896640K), 0.0031543 secs] [Times: user=0.01 sys=0.00, real=0.00 secs] 
2020-10-29T13:18:09.648+0000: [GC (Allocation Failure) 2020-10-29T13:18:09.648+0000: [ParNew: 16388K->4K(18432K), 0.0030822 secs] 268990K->252606K(896640K), 0.0031566 secs] [Times: user=0.01 sys=0.00, real=0.00 secs] 
2020-10-29T13:18:09.689+0000: [GC (Allocation Failure) 2020-10-29T13:18:09.689+0000: [ParNew: 16388K->4K(18432K), 0.0030550 secs] 268990K->252606K(896640K), 0.0031250 secs] [Times: user=0.00 sys=0.00, real=0.00 secs] 
2020-10-29T13:18:09.714+0000: [GC (Allocation Failure) 2020-10-29T13:18:09.714+0000: [ParNew: 9335K->4K(18432K), 0.0066113 secs] 261937K->252606K(896640K), 0.0066869 secs] [Times: user=0.00 sys=0.00, real=0.00 secs] 
2020-10-29T13:18:09.741+0000: [GC (Allocation Failure) 2020-10-29T13:18:09.741+0000: [ParNew: 16388K->4K(18432K), 0.0075096 secs] 268990K->260798K(896640K), 0.0075826 secs] [Times: user=0.01 sys=0.00, real=0.01 secs] 
2020-10-29T13:18:09.776+0000: [GC (Allocation Failure) 2020-10-29T13:18:09.776+0000: [ParNew: 16388K->4K(18432K), 0.0043333 secs] 277182K->260798K(896640K), 0.0043954 secs] [Times: user=0.01 sys=0.00, real=0.00 secs] 
2020-10-29T13:18:09.802+0000: [GC (Allocation Failure) 2020-10-29T13:18:09.802+0000: [ParNew: 16388K->4K(18432K), 0.0030974 secs] 277182K->260798K(896640K), 0.0031658 secs] [Times: user=0.01 sys=0.00, real=0.01 secs] 
2020-10-29T13:18:09.824+0000: [GC (Allocation Failure) 2020-10-29T13:18:09.824+0000: [ParNew: 16388K->4K(18432K), 0.0068022 secs] 277182K->260798K(896640K), 0.0068702 secs] [Times: user=0.01 sys=0.00, real=0.00 secs] 
2020-10-29T13:18:09.853+0000: [GC (Allocation Failure) 2020-10-29T13:18:09.853+0000: [ParNew: 16388K->4K(18432K), 0.0030303 secs] 277182K->260798K(896640K), 0.0030919 secs] [Times: user=0.01 sys=0.00, real=0.00 secs] 
2020-10-29T13:18:09.876+0000: [GC (Allocation Failure) 2020-10-29T13:18:09.876+0000: [ParNew: 16388K->4K(18432K), 0.0031243 secs] 277182K->260798K(896640K), 0.0031916 secs] [Times: user=0.00 sys=0.00, real=0.00 secs] 
2020-10-29T13:18:09.900+0000: [GC (Allocation Failure) 2020-10-29T13:18:09.901+0000: [ParNew: 16388K->4K(18432K), 0.0030713 secs] 277182K->260798K(896640K), 0.0031450 secs] [Times: user=0.01 sys=0.00, real=0.00 secs] 
2020-10-29T13:18:09.925+0000: [GC (Allocation Failure) 2020-10-29T13:18:09.925+0000: [ParNew: 16388K->4K(18432K), 0.0029789 secs] 277182K->260798K(896640K), 0.0030535 secs] [Times: user=0.01 sys=0.00, real=0.00 secs] 
2020-10-29T13:18:09.944+0000: [GC (Allocation Failure) 2020-10-29T13:18:09.944+0000: [ParNew: 9604K->2K(18432K), 0.0063961 secs] 270398K->260796K(896640K), 0.0064843 secs] [Times: user=0.00 sys=0.00, real=0.01 secs] 
2020-10-29T13:18:09.961+0000: [GC (Allocation Failure) 2020-10-29T13:18:09.961+0000: [ParNew: 16386K->4K(18432K), 0.0117771 secs] 277180K->268990K(896640K), 0.0118703 secs] [Times: user=0.01 sys=0.00, real=0.02 secs] 
2020-10-29T13:18:09.999+0000: [GC (Allocation Failure) 2020-10-29T13:18:09.999+0000: [ParNew: 16388K->4K(18432K), 0.0032808 secs] 285374K->268990K(896640K), 0.0033595 secs] [Times: user=0.01 sys=0.00, real=0.00 secs] 
2020-10-29T13:18:10.032+0000: [GC (Allocation Failure) 2020-10-29T13:18:10.032+0000: [ParNew: 16388K->4K(18432K), 0.0031318 secs] 285374K->268990K(896640K), 0.0032340 secs] [Times: user=0.00 sys=0.00, real=0.01 secs] 
2020-10-29T13:18:10.064+0000: [GC (Allocation Failure) 2020-10-29T13:18:10.064+0000: [ParNew: 16388K->4K(18432K), 0.0047901 secs] 285374K->268990K(896640K), 0.0048568 secs] [Times: user=0.01 sys=0.00, real=0.01 secs] 
2020-10-29T13:18:10.099+0000: [GC (Allocation Failure) 2020-10-29T13:18:10.099+0000: [ParNew: 16388K->4K(18432K), 0.0100207 secs] 285374K->268990K(896640K), 0.0101006 secs] [Times: user=0.01 sys=0.00, real=0.01 secs] 
2020-10-29T13:18:10.138+0000: [GC (Allocation Failure) 2020-10-29T13:18:10.139+0000: [ParNew: 16388K->4K(18432K), 0.0101770 secs] 285374K->268990K(896640K), 0.0102518 secs] [Times: user=0.01 sys=0.00, real=0.01 secs] 
2020-10-29T13:18:10.179+0000: [GC (Allocation Failure) 2020-10-29T13:18:10.179+0000: [ParNew: 16388K->4K(18432K), 0.0034403 secs] 285374K->268990K(896640K), 0.0035105 secs] [Times: user=0.01 sys=0.00, real=0.00 secs] 
2020-10-29T13:18:10.201+0000: [GC (Allocation Failure) 2020-10-29T13:18:10.201+0000: [ParNew: 16388K->4K(18432K), 0.0030903 secs] 285374K->268990K(896640K), 0.0031588 secs] [Times: user=0.01 sys=0.00, real=0.00 secs] 
2020-10-29T13:18:10.220+0000: [GC (Allocation Failure) 2020-10-29T13:18:10.220+0000: [ParNew: 16388K->4K(18432K), 0.0077247 secs] 285374K->268990K(896640K), 0.0077734 secs] [Times: user=0.01 sys=0.00, real=0.01 secs] 
2020-10-29T13:18:10.243+0000: [GC (Allocation Failure) 2020-10-29T13:18:10.243+0000: [ParNew: 16388K->4K(18432K), 0.0065342 secs] 285374K->268990K(896640K), 0.0065909 secs] [Times: user=0.00 sys=0.00, real=0.01 secs] 
2020-10-29T13:18:10.277+0000: [GC (Allocation Failure) 2020-10-29T13:18:10.277+0000: [ParNew: 16388K->4K(18432K), 0.0068952 secs] 285374K->268990K(896640K), 0.0069754 secs] [Times: user=0.01 sys=0.00, real=0.00 secs] 
2020-10-29T13:18:10.315+0000: [GC (Allocation Failure) 2020-10-29T13:18:10.315+0000: [ParNew: 16388K->4K(18432K), 0.0035657 secs] 285374K->268990K(896640K), 0.0036389 secs] [Times: user=0.00 sys=0.00, real=0.00 secs] 
2020-10-29T13:18:10.357+0000: [GC (Allocation Failure) 2020-10-29T13:18:10.357+0000: [ParNew: 16388K->4K(18432K), 0.0032364 secs] 285374K->268990K(896640K), 0.0033222 secs] [Times: user=0.01 sys=0.00, real=0.00 secs] 
2020-10-29T13:18:10.391+0000: [GC (Allocation Failure) 2020-10-29T13:18:10.391+0000: [ParNew: 16388K->4K(18432K), 0.0031384 secs] 285374K->268990K(896640K), 0.0032107 secs] [Times: user=0.00 sys=0.00, real=0.01 secs] 
2020-10-29T13:18:10.433+0000: [GC (Allocation Failure) 2020-10-29T13:18:10.433+0000: [ParNew: 16388K->4K(18432K), 0.0069358 secs] 285374K->268990K(896640K), 0.0070246 secs] [Times: user=0.01 sys=0.00, real=0.00 secs] 
2020-10-29T13:18:10.482+0000: [GC (Allocation Failure) 2020-10-29T13:18:10.482+0000: [ParNew: 16388K->2K(18432K), 0.0064379 secs] 285374K->268988K(896640K), 0.0065164 secs] [Times: user=0.00 sys=0.00, real=0.01 secs] 
2020-10-29T13:18:10.516+0000: [GC (Allocation Failure) 2020-10-29T13:18:10.516+0000: [ParNew: 16386K->4K(18432K), 0.0065890 secs] 285372K->268990K(896640K), 0.0066574 secs] [Times: user=0.01 sys=0.00, real=0.00 secs] 
2020-10-29T13:18:10.549+0000: [GC (Allocation Failure) 2020-10-29T13:18:10.549+0000: [ParNew: 10997K->2K(18432K), 0.0065448 secs] 279983K->268988K(896640K), 0.0066189 secs] [Times: user=0.00 sys=0.00, real=0.01 secs] 
2020-10-29T13:18:10.575+0000: [GC (Allocation Failure) 2020-10-29T13:18:10.575+0000: [ParNew: 16386K->4K(18432K), 0.0074180 secs] 285372K->277182K(896640K), 0.0074921 secs] [Times: user=0.01 sys=0.00, real=0.00 secs] 
2020-10-29T13:18:10.619+0000: [GC (Allocation Failure) 2020-10-29T13:18:10.619+0000: [ParNew: 16388K->4K(18432K), 0.0076179 secs] 293566K->277182K(896640K), 0.0076904 secs] [Times: user=0.00 sys=0.00, real=0.01 secs] 
2020-10-29T13:18:10.647+0000: [GC (Allocation Failure) 2020-10-29T13:18:10.647+0000: [ParNew: 16388K->4K(18432K), 0.0031114 secs] 293566K->277182K(896640K), 0.0031793 secs] [Times: user=0.01 sys=0.00, real=0.00 secs] 
2020-10-29T13:18:10.678+0000: [GC (Allocation Failure) 2020-10-29T13:18:10.678+0000: [ParNew: 16388K->4K(18432K), 0.0030859 secs] 293566K->277182K(896640K), 0.0031596 secs] [Times: user=0.01 sys=0.00, real=0.00 secs] 
2020-10-29T13:18:10.708+0000: [GC (Allocation Failure) 2020-10-29T13:18:10.708+0000: [ParNew: 16388K->4K(18432K), 0.0030689 secs] 293566K->277182K(896640K), 0.0031479 secs] [Times: user=0.01 sys=0.00, real=0.00 secs] 
2020-10-29T13:18:10.732+0000: [GC (Allocation Failure) 2020-10-29T13:18:10.733+0000: [ParNew: 16388K->4K(18432K), 0.0068822 secs] 293566K->277182K(896640K), 0.0069369 secs] [Times: user=0.01 sys=0.00, real=0.00 secs] 
2020-10-29T13:18:10.770+0000: [GC (Allocation Failure) 2020-10-29T13:18:10.770+0000: [ParNew: 16388K->4K(18432K), 0.0038932 secs] 293566K->277182K(896640K), 0.0039488 secs] [Times: user=0.00 sys=0.00, real=0.01 secs] 
2020-10-29T13:18:10.804+0000: [GC (Allocation Failure) 2020-10-29T13:18:10.804+0000: [ParNew: 16388K->4K(18432K), 0.0079804 secs] 293566K->277182K(896640K), 0.0080494 secs] [Times: user=0.01 sys=0.00, real=0.01 secs] 
2020-10-29T13:18:10.837+0000: [GC (Allocation Failure) 2020-10-29T13:18:10.837+0000: [ParNew: 16388K->4K(18432K), 0.0065766 secs] 293566K->277182K(896640K), 0.0066598 secs] [Times: user=0.00 sys=0.00, real=0.00 secs] 
2020-10-29T13:18:10.871+0000: [GC (Allocation Failure) 2020-10-29T13:18:10.871+0000: [ParNew: 16388K->4K(18432K), 0.0090358 secs] 293566K->277182K(896640K), 0.0091186 secs] [Times: user=0.01 sys=0.00, real=0.01 secs] 
2020-10-29T13:18:10.897+0000: [GC (Allocation Failure) 2020-10-29T13:18:10.897+0000: [ParNew: 16388K->4K(18432K), 0.0116379 secs] 293566K->285374K(896640K), 0.0117219 secs] [Times: user=0.01 sys=0.00, real=0.01 secs] 
2020-10-29T13:18:10.939+0000: [GC (Allocation Failure) 2020-10-29T13:18:10.939+0000: [ParNew: 16388K->4K(18432K), 0.0031732 secs] 301758K->285374K(896640K), 0.0032525 secs] [Times: user=0.01 sys=0.00, real=0.00 secs] 
2020-10-29T13:18:10.972+0000: [GC (Allocation Failure) 2020-10-29T13:18:10.973+0000: [ParNew: 16388K->4K(18432K), 0.0108108 secs] 301758K->285374K(896640K), 0.0108777 secs] [Times: user=0.01 sys=0.00, real=0.00 secs] 
2020-10-29T13:18:11.007+0000: [GC (Allocation Failure) 2020-10-29T13:18:11.007+0000: [ParNew: 16388K->4K(18432K), 0.0031180 secs] 301758K->285374K(896640K), 0.0031863 secs] [Times: user=0.01 sys=0.00, real=0.00 secs] 
2020-10-29T13:18:11.030+0000: [GC (Allocation Failure) 2020-10-29T13:18:11.030+0000: [ParNew: 16388K->4K(18432K), 0.0090890 secs] 301758K->285374K(896640K), 0.0091421 secs] [Times: user=0.01 sys=0.00, real=0.01 secs] 
2020-10-29T13:18:11.061+0000: [GC (Allocation Failure) 2020-10-29T13:18:11.061+0000: [ParNew: 16388K->4K(18432K), 0.0059483 secs] 301758K->285374K(896640K), 0.0060234 secs] [Times: user=0.01 sys=0.00, real=0.01 secs] 
2020-10-29T13:18:11.082+0000: [GC (Allocation Failure) 2020-10-29T13:18:11.082+0000: [ParNew: 16388K->4K(18432K), 0.0067774 secs] 301758K->285374K(896640K), 0.0068342 secs] [Times: user=0.01 sys=0.00, real=0.01 secs] 
2020-10-29T13:18:11.112+0000: [GC (Allocation Failure) 2020-10-29T13:18:11.112+0000: [ParNew: 16388K->4K(18432K), 0.0071759 secs] 301758K->285374K(896640K), 0.0072570 secs] [Times: user=0.01 sys=0.00, real=0.01 secs] 
2020-10-29T13:18:11.150+0000: [GC (Allocation Failure) 2020-10-29T13:18:11.150+0000: [ParNew: 16388K->4K(18432K), 0.0107476 secs] 301758K->285374K(896640K), 0.0108373 secs] [Times: user=0.01 sys=0.00, real=0.01 secs] 
2020-10-29T13:18:11.191+0000: [GC (Allocation Failure) 2020-10-29T13:18:11.191+0000: [ParNew: 16388K->4K(18432K), 0.0038606 secs] 301758K->285374K(896640K), 0.0039364 secs] [Times: user=0.01 sys=0.00, real=0.01 secs] 
2020-10-29T13:18:11.231+0000: [GC (Allocation Failure) 2020-10-29T13:18:11.231+0000: [ParNew: 16388K->4K(18432K), 0.0031298 secs] 301758K->285374K(896640K), 0.0032123 secs] [Times: user=0.01 sys=0.00, real=0.01 secs] 
2020-10-29T13:18:11.271+0000: [GC (Allocation Failure) 2020-10-29T13:18:11.271+0000: [ParNew: 16388K->4K(18432K), 0.0030675 secs] 301758K->285374K(896640K), 0.0031461 secs] [Times: user=0.00 sys=0.00, real=0.01 secs] 
2020-10-29T13:18:11.304+0000: [GC (Allocation Failure) 2020-10-29T13:18:11.304+0000: [ParNew: 16388K->4K(18432K), 0.0030767 secs] 301758K->285374K(896640K), 0.0031517 secs] [Times: user=0.01 sys=0.00, real=0.01 secs] 
2020-10-29T13:18:11.336+0000: [GC (Allocation Failure) 2020-10-29T13:18:11.337+0000: [ParNew: 16388K->4K(18432K), 0.0070894 secs] 301758K->285374K(896640K), 0.0071662 secs] [Times: user=0.01 sys=0.00, real=0.00 secs] 
2020-10-29T13:18:11.373+0000: [GC (Allocation Failure) 2020-10-29T13:18:11.373+0000: [ParNew: 16388K->4K(18432K), 0.0107510 secs] 301758K->285374K(896640K), 0.0108282 secs] [Times: user=0.01 sys=0.00, real=0.00 secs] 
2020-10-29T13:18:11.409+0000: [GC (Allocation Failure) 2020-10-29T13:18:11.409+0000: [ParNew: 16388K->4K(18432K), 0.0057270 secs] 301758K->285374K(896640K), 0.0057764 secs] [Times: user=0.00 sys=0.00, real=0.01 secs] 
2020-10-29T13:18:11.423+0000: [GC (Allocation Failure) 2020-10-29T13:18:11.423+0000: [ParNew: 16388K->4K(18432K), 0.0040777 secs] 301758K->293566K(896640K), 0.0041532 secs] [Times: user=0.01 sys=0.00, real=0.01 secs] 
2020-10-29T13:18:11.446+0000: [GC (Allocation Failure) 2020-10-29T13:18:11.446+0000: [ParNew: 16388K->4K(18432K), 0.0031170 secs] 309950K->293566K(896640K), 0.0031656 secs] [Times: user=0.00 sys=0.00, real=0.00 secs] 
2020-10-29T13:18:11.474+0000: [GC (Allocation Failure) 2020-10-29T13:18:11.474+0000: [ParNew: 16388K->4K(18432K), 0.0030856 secs] 309950K->293566K(896640K), 0.0031415 secs] [Times: user=0.00 sys=0.00, real=0.00 secs] 
2020-10-29T13:18:11.499+0000: [GC (Allocation Failure) 2020-10-29T13:18:11.499+0000: [ParNew: 16388K->4K(18432K), 0.0030719 secs] 309950K->293566K(896640K), 0.0031381 secs] [Times: user=0.00 sys=0.00, real=0.00 secs] 
2020-10-29T13:18:11.529+0000: [GC (Allocation Failure) 2020-10-29T13:18:11.529+0000: [ParNew: 16388K->4K(18432K), 0.0069074 secs] 309950K->293566K(896640K), 0.0069876 secs] [Times: user=0.01 sys=0.00, real=0.01 secs] 
2020-10-29T13:18:11.558+0000: [GC (Allocation Failure) 2020-10-29T13:18:11.558+0000: [ParNew: 16388K->4K(18432K), 0.0039966 secs] 309950K->293566K(896640K), 0.0040768 secs] [Times: user=0.01 sys=0.00, real=0.00 secs] 
2020-10-29T13:18:11.585+0000: [GC (Allocation Failure) 2020-10-29T13:18:11.585+0000: [ParNew: 16388K->4K(18432K), 0.0030886 secs] 309950K->293566K(896640K), 0.0031657 secs] [Times: user=0.00 sys=0.00, real=0.00 secs] 
2020-10-29T13:18:11.617+0000: [GC (Allocation Failure) 2020-10-29T13:18:11.617+0000: [ParNew: 16388K->4K(18432K), 0.0031025 secs] 309950K->293566K(896640K), 0.0031883 secs] [Times: user=0.00 sys=0.00, real=0.00 secs] 
2020-10-29T13:18:11.644+0000: [GC (Allocation Failure) 2020-10-29T13:18:11.644+0000: [ParNew: 16388K->4K(18432K), 0.0036555 secs] 309950K->293566K(896640K), 0.0037368 secs] [Times: user=0.01 sys=0.00, real=0.00 secs] 
2020-10-29T13:18:11.672+0000: [GC (Allocation Failure) 2020-10-29T13:18:11.672+0000: [ParNew: 16388K->4K(18432K), 0.0031689 secs] 309950K->293566K(896640K), 0.0032520 secs] [Times: user=0.00 sys=0.00, real=0.01 secs] 
2020-10-29T13:18:11.701+0000: [GC (Allocation Failure) 2020-10-29T13:18:11.701+0000: [ParNew: 16388K->4K(18432K), 0.0031787 secs] 309950K->293566K(896640K), 0.0032561 secs] [Times: user=0.01 sys=0.00, real=0.01 secs] 
2020-10-29T13:18:11.735+0000: [GC (Allocation Failure) 2020-10-29T13:18:11.735+0000: [ParNew: 16388K->4K(18432K), 0.0030865 secs] 309950K->293566K(896640K), 0.0031660 secs] [Times: user=0.01 sys=0.00, real=0.00 secs] 
2020-10-29T13:18:11.761+0000: [GC (Allocation Failure) 2020-10-29T13:18:11.761+0000: [ParNew: 8784K->4K(18432K), 0.0030823 secs] 302347K->293566K(896640K), 0.0031468 secs] [Times: user=0.00 sys=0.00, real=0.00 secs] 
2020-10-29T13:18:11.786+0000: [GC (Allocation Failure) 2020-10-29T13:18:11.786+0000: [ParNew: 16388K->4K(18432K), 0.0041007 secs] 309950K->301758K(896640K), 0.0041817 secs] [Times: user=0.01 sys=0.00, real=0.00 secs] 
2020-10-29T13:18:11.813+0000: [GC (Allocation Failure) 2020-10-29T13:18:11.814+0000: [ParNew: 16388K->4K(18432K), 0.0133281 secs] 318142K->301758K(896640K), 0.0134102 secs] [Times: user=0.01 sys=0.00, real=0.01 secs] 
2020-10-29T13:18:11.846+0000: [GC (Allocation Failure) 2020-10-29T13:18:11.846+0000: [ParNew: 16388K->4K(18432K), 0.0030729 secs] 318142K->301759K(896640K), 0.0031248 secs] [Times: user=0.01 sys=0.00, real=0.00 secs] 
2020-10-29T13:18:11.868+0000: [GC (Allocation Failure) 2020-10-29T13:18:11.869+0000: [ParNew: 16388K->4K(18432K), 0.0030622 secs] 318143K->301759K(896640K), 0.0031188 secs] [Times: user=0.00 sys=0.00, real=0.00 secs] 
2020-10-29T13:18:11.887+0000: [GC (Allocation Failure) 2020-10-29T13:18:11.887+0000: [ParNew: 16388K->4K(18432K), 0.0030683 secs] 318143K->301759K(896640K), 0.0031251 secs] [Times: user=0.01 sys=0.00, real=0.00 secs] 
2020-10-29T13:18:11.908+0000: [GC (Allocation Failure) 2020-10-29T13:18:11.909+0000: [ParNew: 16388K->4K(18432K), 0.0030225 secs] 318143K->301759K(896640K), 0.0030778 secs] [Times: user=0.01 sys=0.00, real=0.00 secs] 
2020-10-29T13:18:11.927+0000: [GC (Allocation Failure) 2020-10-29T13:18:11.927+0000: [ParNew: 16388K->4K(18432K), 0.0030798 secs] 318143K->301759K(896640K), 0.0031355 secs] [Times: user=0.00 sys=0.00, real=0.00 secs] 
2020-10-29T13:18:11.946+0000: [GC (Allocation Failure) 2020-10-29T13:18:11.946+0000: [ParNew: 16388K->4K(18432K), 0.0031264 secs] 318143K->301759K(896640K), 0.0031876 secs] [Times: user=0.01 sys=0.00, real=0.00 secs] 
2020-10-29T13:18:11.965+0000: [GC (Allocation Failure) 2020-10-29T13:18:11.965+0000: [ParNew: 16388K->4K(18432K), 0.0030678 secs] 318143K->301759K(896640K), 0.0031243 secs] [Times: user=0.01 sys=0.00, real=0.00 secs] 
2020-10-29T13:18:11.983+0000: [GC (Allocation Failure) 2020-10-29T13:18:11.983+0000: [ParNew: 16388K->4K(18432K), 0.0030413 secs] 318143K->301759K(896640K), 0.0030978 secs] [Times: user=0.00 sys=0.00, real=0.01 secs] 
2020-10-29T13:18:12.002+0000: [GC (Allocation Failure) 2020-10-29T13:18:12.002+0000: [ParNew: 16388K->4K(18432K), 0.0030312 secs] 318143K->301759K(896640K), 0.0030851 secs] [Times: user=0.01 sys=0.00, real=0.01 secs] 
2020-10-29T13:18:12.020+0000: [GC (Allocation Failure) 2020-10-29T13:18:12.021+0000: [ParNew: 16388K->4K(18432K), 0.0029374 secs] 318143K->301759K(896640K), 0.0029880 secs] [Times: user=0.01 sys=0.00, real=0.00 secs] 
2020-10-29T13:18:12.054+0000: [GC (Allocation Failure) 2020-10-29T13:18:12.054+0000: [ParNew: 16388K->4K(18432K), 0.0030777 secs] 318143K->301759K(896640K), 0.0031288 secs] [Times: user=0.00 sys=0.00, real=0.00 secs] 
2020-10-29T13:18:12.087+0000: [GC (Allocation Failure) 2020-10-29T13:18:12.087+0000: [ParNew: 16388K->2K(18432K), 0.0061840 secs] 318143K->301757K(896640K), 0.0062525 secs] [Times: user=0.01 sys=0.00, real=0.01 secs] 
2020-10-29T13:18:12.107+0000: [GC (Allocation Failure) 2020-10-29T13:18:12.107+0000: [ParNew: 16386K->4K(18432K), 0.0040113 secs] 318141K->309951K(896640K), 0.0040931 secs] [Times: user=0.01 sys=0.00, real=0.00 secs] 
2020-10-29T13:18:12.143+0000: [GC (Allocation Failure) 2020-10-29T13:18:12.143+0000: [ParNew: 16388K->4K(18432K), 0.0030818 secs] 326335K->309951K(896640K), 0.0031634 secs] [Times: user=0.01 sys=0.00, real=0.01 secs] 
2020-10-29T13:18:12.181+0000: [GC (Allocation Failure) 2020-10-29T13:18:12.181+0000: [ParNew: 16388K->4K(18432K), 0.0067223 secs] 326335K->309951K(896640K), 0.0068016 secs] [Times: user=0.01 sys=0.00, real=0.01 secs] 
2020-10-29T13:18:12.223+0000: [GC (Allocation Failure) 2020-10-29T13:18:12.223+0000: [ParNew: 16388K->4K(18432K), 0.0090021 secs] 326335K->309951K(896640K), 0.0090826 secs] [Times: user=0.01 sys=0.00, real=0.01 secs] 
2020-10-29T13:18:12.274+0000: [GC (Allocation Failure) 2020-10-29T13:18:12.274+0000: [ParNew: 16388K->4K(18432K), 0.0107938 secs] 326335K->309951K(896640K), 0.0108762 secs] [Times: user=0.01 sys=0.00, real=0.01 secs] 
2020-10-29T13:18:12.323+0000: [GC (Allocation Failure) 2020-10-29T13:18:12.323+0000: [ParNew: 16388K->4K(18432K), 0.0030744 secs] 326335K->309951K(896640K), 0.0031516 secs] [Times: user=0.00 sys=0.00, real=0.01 secs] 
2020-10-29T13:18:12.356+0000: [GC (Allocation Failure) 2020-10-29T13:18:12.356+0000: [ParNew: 16388K->4K(18432K), 0.0031126 secs] 326335K->309951K(896640K), 0.0031899 secs] [Times: user=0.01 sys=0.00, real=0.00 secs] 
2020-10-29T13:18:12.389+0000: [GC (Allocation Failure) 2020-10-29T13:18:12.390+0000: [ParNew: 16388K->4K(18432K), 0.0031026 secs] 326335K->309951K(896640K), 0.0031818 secs] [Times: user=0.00 sys=0.00, real=0.01 secs] 
2020-10-29T13:18:12.419+0000: [GC (Allocation Failure) 2020-10-29T13:18:12.419+0000: [ParNew: 16388K->4K(18432K), 0.0030761 secs] 326335K->309951K(896640K), 0.0031499 secs] [Times: user=0.00 sys=0.00, real=0.00 secs] 
2020-10-29T13:18:12.440+0000: [GC (Allocation Failure) 2020-10-29T13:18:12.440+0000: [ParNew: 16388K->4K(18432K), 0.0031114 secs] 326335K->309951K(896640K), 0.0031931 secs] [Times: user=0.01 sys=0.00, real=0.00 secs] 
2020-10-29T13:18:12.460+0000: [GC (Allocation Failure) 2020-10-29T13:18:12.460+0000: [ParNew: 16388K->4K(18432K), 0.0030669 secs] 326335K->309951K(896640K), 0.0031287 secs] [Times: user=0.01 sys=0.00, real=0.00 secs] 
2020-10-29T13:18:12.488+0000: [GC (Allocation Failure) 2020-10-29T13:18:12.489+0000: [ParNew: 16388K->4K(18432K), 0.0030615 secs] 326335K->309951K(896640K), 0.0031350 secs] [Times: user=0.00 sys=0.00, real=0.00 secs] 
2020-10-29T13:18:12.508+0000: [GC (Allocation Failure) 2020-10-29T13:18:12.508+0000: [ParNew: 16388K->4K(18432K), 0.0068779 secs] 326335K->309951K(896640K), 0.0069441 secs] [Times: user=0.01 sys=0.00, real=0.01 secs] 
2020-10-29T13:18:12.537+0000: [GC (Allocation Failure) 2020-10-29T13:18:12.537+0000: [ParNew: 16388K->2K(18432K), 0.0069334 secs] 326335K->309949K(896640K), 0.0070145 secs] [Times: user=0.01 sys=0.00, real=0.00 secs] 
2020-10-29T13:18:12.560+0000: [GC (Allocation Failure) 2020-10-29T13:18:12.561+0000: [ParNew: 16386K->2K(18432K), 0.0071841 secs] 326333K->318141K(896640K), 0.0072532 secs] [Times: user=0.01 sys=0.00, real=0.01 secs] 
2020-10-29T13:18:12.598+0000: [GC (Allocation Failure) 2020-10-29T13:18:12.598+0000: [ParNew: 16386K->4K(18432K), 0.0069604 secs] 334525K->318143K(896640K), 0.0070202 secs] [Times: user=0.01 sys=0.00, real=0.01 secs] 
2020-10-29T13:18:12.639+0000: [GC (Allocation Failure) 2020-10-29T13:18:12.639+0000: [ParNew: 16388K->4K(18432K), 0.0111785 secs] 334527K->318143K(896640K), 0.0112518 secs] [Times: user=0.00 sys=0.00, real=0.01 secs] 
2020-10-29T13:18:12.674+0000: [GC (Allocation Failure) 2020-10-29T13:18:12.674+0000: [ParNew: 16388K->4K(18432K), 0.0031033 secs] 334527K->318143K(896640K), 0.0031867 secs] [Times: user=0.00 sys=0.00, real=0.00 secs] 
2020-10-29T13:18:12.718+0000: [GC (Allocation Failure) 2020-10-29T13:18:12.718+0000: [ParNew: 16388K->4K(18432K), 0.0030750 secs] 367295K->350911K(896640K), 0.0031655 secs] [Times: user=0.00 sys=0.00, real=0.00 secs] 
2020-10-29T13:18:12.744+0000: [GC (Allocation Failure) 2020-10-29T13:18:12.744+0000: [ParNew: 16388K->4K(18432K), 0.0090811 secs] 367295K->350911K(896640K), 0.0091631 secs] [Times: user=0.01 sys=0.00, real=0.02 secs] 
2020-10-29T13:18:12.789+0000: [GC (Allocation Failure) 2020-10-29T13:18:12.789+0000: [ParNew: 16388K->4K(18432K), 0.0039631 secs] 367295K->350911K(896640K), 0.0040221 secs] [Times: user=0.00 sys=0.00, real=0.01 secs] 
2020-10-29T13:18:12.822+0000: [GC (Allocation Failure) 2020-10-29T13:18:12.822+0000: [ParNew: 16388K->4K(18432K), 0.0030703 secs] 367295K->350911K(896640K), 0.0031360 secs] [Times: user=0.00 sys=0.00, real=0.01 secs] 
2020-10-29T13:18:12.846+0000: [GC (Allocation Failure) 2020-10-29T13:18:12.846+0000: [ParNew: 16388K->4K(18432K), 0.0030653 secs] 367295K->350911K(896640K), 0.0031235 secs] [Times: user=0.01 sys=0.00, real=0.00 secs] 
2020-10-29T13:18:12.871+0000: [GC (Allocation Failure) 2020-10-29T13:18:12.871+0000: [ParNew: 16388K->4K(18432K), 0.0039089 secs] 367295K->350911K(896640K), 0.0039768 secs] [Times: user=0.01 sys=0.00, real=0.01 secs] 
2020-10-29T13:18:12.897+0000: [GC (Allocation Failure) 2020-10-29T13:18:12.897+0000: [ParNew: 16388K->4K(18432K), 0.0030720 secs] 367295K->350911K(896640K), 0.0031422 secs] [Times: user=0.00 sys=0.00, real=0.00 secs] 
2020-10-29T13:18:12.920+0000: [GC (Allocation Failure) 2020-10-29T13:18:12.921+0000: [ParNew: 16388K->4K(18432K), 0.0030479 secs] 367295K->350911K(896640K), 0.0031232 secs] [Times: user=0.01 sys=0.00, real=0.00 secs] 
2020-10-29T13:18:12.963+0000: [GC (Allocation Failure) 2020-10-29T13:18:12.963+0000: [ParNew: 15009K->4K(18432K), 0.0030901 secs] 365917K->350911K(896640K), 0.0031609 secs] [Times: user=0.01 sys=0.00, real=0.01 secs] 
2020-10-29T13:18:12.979+0000: [GC (Allocation Failure) 2020-10-29T13:18:12.979+0000: [ParNew: 16388K->4K(18432K), 0.0040951 secs] 367295K->359103K(896640K), 0.0041527 secs] [Times: user=0.01 sys=0.00, real=0.00 secs] 
2020-10-29T13:18:13.000+0000: [GC (Allocation Failure) 2020-10-29T13:18:13.000+0000: [ParNew: 16388K->4K(18432K), 0.0034377 secs] 375487K->359103K(896640K), 0.0034966 secs] [Times: user=0.01 sys=0.00, real=0.00 secs] 
2020-10-29T13:18:13.019+0000: [GC (Allocation Failure) 2020-10-29T13:18:13.019+0000: [ParNew: 16388K->4K(18432K), 0.0030112 secs] 375487K->359103K(896640K), 0.0030657 secs] [Times: user=0.01 sys=0.00, real=0.00 secs] 
2020-10-29T13:18:13.040+0000: [GC (Allocation Failure) 2020-10-29T13:18:13.041+0000: [ParNew: 16388K->4K(18432K), 0.0029881 secs] 375487K->359103K(896640K), 0.0030414 secs] [Times: user=0.01 sys=0.00, real=0.00 secs] 
2020-10-29T13:18:13.059+0000: [GC (Allocation Failure) 2020-10-29T13:18:13.059+0000: [ParNew: 16388K->4K(18432K), 0.0029663 secs] 375487K->359103K(896640K), 0.0030171 secs] [Times: user=0.00 sys=0.00, real=0.00 secs] 
2020-10-29T13:18:13.080+0000: [GC (Allocation Failure) 2020-10-29T13:18:13.080+0000: [ParNew: 16388K->4K(18432K), 0.0030487 secs] 408255K->391871K(896640K), 0.0031068 secs] [Times: user=0.00 sys=0.00, real=0.00 secs] 
2020-10-29T13:18:13.100+0000: [GC (Allocation Failure) 2020-10-29T13:18:13.100+0000: [ParNew: 16388K->4K(18432K), 0.0030312 secs] 408255K->391871K(896640K), 0.0030882 secs] [Times: user=0.01 sys=0.00, real=0.00 secs] 
2020-10-29T13:18:13.118+0000: [GC (Allocation Failure) 2020-10-29T13:18:13.118+0000: [ParNew: 16388K->4K(18432K), 0.0029891 secs] 408255K->391871K(896640K), 0.0030415 secs] [Times: user=0.01 sys=0.00, real=0.00 secs] 
2020-10-29T13:18:13.136+0000: [GC (Allocation Failure) 2020-10-29T13:18:13.136+0000: [ParNew: 16388K->4K(18432K), 0.0030013 secs] 408255K->391871K(896640K), 0.0030585 secs] [Times: user=0.00 sys=0.00, real=0.00 secs] 
2020-10-29T13:18:13.154+0000: [GC (Allocation Failure) 2020-10-29T13:18:13.154+0000: [ParNew: 16388K->4K(18432K), 0.0030769 secs] 408255K->391871K(896640K), 0.0031392 secs] [Times: user=0.01 sys=0.00, real=0.00 secs] 
2020-10-29T13:18:13.173+0000: [GC (Allocation Failure) 2020-10-29T13:18:13.173+0000: [ParNew: 16388K->4K(18432K), 0.0029546 secs] 408255K->391871K(896640K), 0.0030073 secs] [Times: user=0.01 sys=0.00, real=0.00 secs] 
2020-10-29T13:18:13.191+0000: [GC (Allocation Failure) 2020-10-29T13:18:13.191+0000: [ParNew: 16388K->4K(18432K), 0.0029257 secs] 408255K->391871K(896640K), 0.0029783 secs] [Times: user=0.00 sys=0.00, real=0.01 secs] 
2020-10-29T13:18:13.212+0000: [GC (Allocation Failure) 2020-10-29T13:18:13.213+0000: [ParNew: 16388K->4K(18432K), 0.0029870 secs] 408255K->391872K(896640K), 0.0030427 secs] [Times: user=0.00 sys=0.00, real=0.00 secs] 
2020-10-29T13:18:13.232+0000: [GC (Allocation Failure) 2020-10-29T13:18:13.233+0000: [ParNew: 16388K->4K(18432K), 0.0029790 secs] 408256K->391872K(896640K), 0.0030342 secs] [Times: user=0.01 sys=0.00, real=0.00 secs] 
2020-10-29T13:18:13.251+0000: [GC (Allocation Failure) 2020-10-29T13:18:13.251+0000: [ParNew: 16388K->4K(18432K), 0.0030145 secs] 408256K->391872K(896640K), 0.0030703 secs] [Times: user=0.00 sys=0.00, real=0.01 secs] 
2020-10-29T13:18:13.262+0000: [GC (Allocation Failure) 2020-10-29T13:18:13.262+0000: [ParNew: 16388K->4K(18432K), 0.0037272 secs] 408256K->400064K(896640K), 0.0037757 secs] [Times: user=0.01 sys=0.00, real=0.01 secs] 
2020-10-29T13:18:13.284+0000: [GC (Allocation Failure) 2020-10-29T13:18:13.285+0000: [ParNew: 16388K->4K(18432K), 0.0030386 secs] 416448K->400064K(896640K), 0.0030943 secs] [Times: user=0.00 sys=0.00, real=0.00 secs] 
2020-10-29T13:18:13.304+0000: [GC (Allocation Failure) 2020-10-29T13:18:13.305+0000: [ParNew: 16388K->4K(18432K), 0.0029876 secs] 416448K->400064K(896640K), 0.0030429 secs] [Times: user=0.01 sys=0.00, real=0.00 secs] 
2020-10-29T13:18:13.324+0000: [GC (Allocation Failure) 2020-10-29T13:18:13.325+0000: [ParNew: 16388K->4K(18432K), 0.0029861 secs] 416448K->400064K(896640K), 0.0030330 secs] [Times: user=0.01 sys=0.00, real=0.00 secs] 
2020-10-29T13:18:13.344+0000: [GC (Allocation Failure) 2020-10-29T13:18:13.345+0000: [ParNew: 16388K->4K(18432K), 0.0029245 secs] 416448K->400064K(896640K), 0.0029763 secs] [Times: user=0.01 sys=0.00, real=0.00 secs] 
2020-10-29T13:18:13.363+0000: [GC (Allocation Failure) 2020-10-29T13:18:13.363+0000: [ParNew: 16388K->4K(18432K), 0.0029017 secs] 416448K->400064K(896640K), 0.0029516 secs] [Times: user=0.01 sys=0.00, real=0.01 secs] 
2020-10-29T13:18:13.384+0000: [GC (Allocation Failure) 2020-10-29T13:18:13.385+0000: [ParNew: 16388K->4K(18432K), 0.0029359 secs] 416448K->400064K(896640K), 0.0029870 secs] [Times: user=0.01 sys=0.00, real=0.00 secs] 
2020-10-29T13:18:13.404+0000: [GC (Allocation Failure) 2020-10-29T13:18:13.405+0000: [ParNew: 16388K->4K(18432K), 0.0029576 secs] 416448K->400064K(896640K), 0.0030123 secs] [Times: user=0.00 sys=0.00, real=0.00 secs] 
2020-10-29T13:18:13.424+0000: [GC (Allocation Failure) 2020-10-29T13:18:13.425+0000: [ParNew: 16388K->4K(18432K), 0.0028800 secs] 416448K->400064K(896640K), 0.0029306 secs] [Times: user=0.01 sys=0.00, real=0.00 secs] 
2020-10-29T13:18:13.444+0000: [GC (Allocation Failure) 2020-10-29T13:18:13.445+0000: [ParNew: 16388K->4K(18432K), 0.0029534 secs] 416448K->400064K(896640K), 0.0030080 secs] [Times: user=0.00 sys=0.00, real=0.00 secs] 
2020-10-29T13:18:13.463+0000: [GC (Allocation Failure) 2020-10-29T13:18:13.463+0000: [ParNew: 16388K->4K(18432K), 0.0028569 secs] 416448K->400064K(896640K), 0.0029056 secs] [Times: user=0.01 sys=0.00, real=0.01 secs] 
2020-10-29T13:18:13.475+0000: [GC (Allocation Failure) 2020-10-29T13:18:13.475+0000: [ParNew: 10148K->4K(18432K), 0.0028401 secs] 410208K->400064K(896640K), 0.0028895 secs] [Times: user=0.00 sys=0.00, real=0.00 secs] 
2020-10-29T13:18:13.487+0000: [GC (Allocation Failure) 2020-10-29T13:18:13.487+0000: [ParNew: 16388K->4K(18432K), 0.0038332 secs] 416448K->408256K(896640K), 0.0038839 secs] [Times: user=0.01 sys=0.00, real=0.00 secs] 
2020-10-29T13:18:13.506+0000: [GC (Allocation Failure) 2020-10-29T13:18:13.506+0000: [ParNew: 16388K->4K(18432K), 0.0030627 secs] 424640K->408256K(896640K), 0.0031250 secs] [Times: user=0.00 sys=0.00, real=0.00 secs] 
2020-10-29T13:18:13.524+0000: [GC (Allocation Failure) 2020-10-29T13:18:13.524+0000: [ParNew: 16388K->4K(18432K), 0.0033370 secs] 424640K->408256K(896640K), 0.0033928 secs] [Times: user=0.01 sys=0.00, real=0.00 secs] 
2020-10-29T13:18:13.543+0000: [GC (Allocation Failure) 2020-10-29T13:18:13.543+0000: [ParNew: 16388K->4K(18432K), 0.0029288 secs] 424640K->408256K(896640K), 0.0029804 secs] [Times: user=0.00 sys=0.00, real=0.01 secs] 
2020-10-29T13:18:13.565+0000: [GC (Allocation Failure) 2020-10-29T13:18:13.565+0000: [ParNew: 16388K->4K(18432K), 0.0030070 secs] 424640K->408256K(896640K), 0.0030626 secs] [Times: user=0.01 sys=0.00, real=0.00 secs] 
2020-10-29T13:18:13.584+0000: [GC (Allocation Failure) 2020-10-29T13:18:13.585+0000: [ParNew: 16388K->4K(18432K), 0.0029394 secs] 424640K->408256K(896640K), 0.0029930 secs] [Times: user=0.01 sys=0.00, real=0.00 secs] 
2020-10-29T13:18:13.603+0000: [GC (Allocation Failure) 2020-10-29T13:18:13.603+0000: [ParNew: 16388K->4K(18432K), 0.0029421 secs] 424640K->408256K(896640K), 0.0029921 secs] [Times: user=0.00 sys=0.00, real=0.01 secs] 
2020-10-29T13:18:13.621+0000: [GC (Allocation Failure) 2020-10-29T13:18:13.621+0000: [ParNew: 16388K->4K(18432K), 0.0029533 secs] 424640K->408256K(896640K), 0.0030063 secs] [Times: user=0.00 sys=0.00, real=0.00 secs] 
2020-10-29T13:18:13.639+0000: [GC (Allocation Failure) 2020-10-29T13:18:13.639+0000: [ParNew: 16388K->4K(18432K), 0.0030153 secs] 424640K->408256K(896640K), 0.0030693 secs] [Times: user=0.01 sys=0.00, real=0.00 secs] 
2020-10-29T13:18:13.657+0000: [GC (Allocation Failure) 2020-10-29T13:18:13.657+0000: [ParNew: 16388K->4K(18432K), 0.0030331 secs] 424640K->408256K(896640K), 0.0030839 secs] [Times: user=0.00 sys=0.00, real=0.00 secs] 
2020-10-29T13:18:13.676+0000: [GC (Allocation Failure) 2020-10-29T13:18:13.677+0000: [ParNew: 16388K->4K(18432K), 0.0030227 secs] 424640K->408256K(896640K), 0.0030792 secs] [Times: user=0.01 sys=0.00, real=0.00 secs] 
2020-10-29T13:18:13.696+0000: [GC (Allocation Failure) 2020-10-29T13:18:13.697+0000: [ParNew: 16388K->4K(18432K), 0.0029751 secs] 424640K->408256K(896640K), 0.0030286 secs] [Times: user=0.01 sys=0.00, real=0.00 secs] 
2020-10-29T13:18:13.716+0000: [GC (Allocation Failure) 2020-10-29T13:18:13.717+0000: [ParNew: 16388K->4K(18432K), 0.0030355 secs] 424640K->408256K(896640K), 0.0030899 secs] [Times: user=0.01 sys=0.00, real=0.00 secs] 
2020-10-29T13:18:13.736+0000: [GC (Allocation Failure) 2020-10-29T13:18:13.737+0000: [ParNew: 16388K->4K(18432K), 0.0028997 secs] 424640K->408256K(896640K), 0.0029505 secs] [Times: user=0.01 sys=0.00, real=0.00 secs] 
2020-10-29T13:18:13.756+0000: [GC (Allocation Failure) 2020-10-29T13:18:13.757+0000: [ParNew: 16388K->4K(18432K), 0.0029128 secs] 424640K->408256K(896640K), 0.0029656 secs] [Times: user=0.01 sys=0.00, real=0.00 secs] 
2020-10-29T13:18:13.774+0000: [GC (Allocation Failure) 2020-10-29T13:18:13.774+0000: [ParNew: 15582K->4K(18432K), 0.0029261 secs] 423835K->408256K(896640K), 0.0029782 secs] [Times: user=0.01 sys=0.00, real=0.00 secs] 
2020-10-29T13:18:13.786+0000: [GC (Allocation Failure) 2020-10-29T13:18:13.786+0000: [ParNew: 16388K->4K(18432K), 0.0039077 secs] 424640K->416448K(896640K), 0.0039645 secs] [Times: user=0.00 sys=0.00, real=0.00 secs] 
2020-10-29T13:18:13.805+0000: [GC (Allocation Failure) 2020-10-29T13:18:13.805+0000: [ParNew: 16388K->4K(18432K), 0.0029747 secs] 432832K->416448K(896640K), 0.0030250 secs] [Times: user=0.01 sys=0.00, real=0.00 secs] 
2020-10-29T13:18:13.823+0000: [GC (Allocation Failure) 2020-10-29T13:18:13.823+0000: [ParNew: 16388K->4K(18432K), 0.0030253 secs] 432832K->416448K(896640K), 0.0030813 secs] [Times: user=0.01 sys=0.00, real=0.01 secs] 
2020-10-29T13:18:13.845+0000: [GC (Allocation Failure) 2020-10-29T13:18:13.845+0000: [ParNew: 16388K->4K(18432K), 0.0030223 secs] 432832K->416448K(896640K), 0.0030805 secs] [Times: user=0.01 sys=0.00, real=0.00 secs] 
2020-10-29T13:18:13.863+0000: [GC (Allocation Failure) 2020-10-29T13:18:13.863+0000: [ParNew: 16388K->4K(18432K), 0.0030208 secs] 432832K->416448K(896640K), 0.0030779 secs] [Times: user=0.01 sys=0.00, real=0.01 secs] 
2020-10-29T13:18:13.881+0000: [GC (Allocation Failure) 2020-10-29T13:18:13.881+0000: [ParNew: 16388K->4K(18432K), 0.0029332 secs] 432832K->416448K(896640K), 0.0029860 secs] [Times: user=0.00 sys=0.00, real=0.00 secs] 
2020-10-29T13:18:13.899+0000: [GC (Allocation Failure) 2020-10-29T13:18:13.899+0000: [ParNew: 16388K->4K(18432K), 0.0030337 secs] 432832K->416448K(896640K), 0.0031080 secs] [Times: user=0.01 sys=0.00, real=0.00 secs] 
2020-10-29T13:18:13.920+0000: [GC (Allocation Failure) 2020-10-29T13:18:13.921+0000: [ParNew: 16388K->4K(18432K), 0.0029940 secs] 432832K->416448K(896640K), 0.0030511 secs] [Times: user=0.00 sys=0.00, real=0.00 secs] 
2020-10-29T13:18:13.950+0000: [GC (Allocation Failure) 2020-10-29T13:18:13.950+0000: [ParNew: 16388K->6K(18432K), 0.0030841 secs] 432832K->416450K(896640K), 0.0031413 secs] [Times: user=0.01 sys=0.00, real=0.01 secs] 
2020-10-29T13:18:13.969+0000: [GC (Allocation Failure) 2020-10-29T13:18:13.969+0000: [ParNew: 16390K->6K(18432K), 0.0030126 secs] 432834K->416450K(896640K), 0.0030660 secs] [Times: user=0.01 sys=0.00, real=0.01 secs] 
2020-10-29T13:18:13.982+0000: [GC (Allocation Failure) 2020-10-29T13:18:13.982+0000: [ParNew: 16390K->7K(18432K), 0.0040074 secs] 432834K->424643K(896640K), 0.0040638 secs] [Times: user=0.01 sys=0.00, real=0.01 secs] 
2020-10-29T13:18:14.005+0000: [GC (Allocation Failure) 2020-10-29T13:18:14.005+0000: [ParNew: 16391K->7K(18432K), 0.0030019 secs] 441027K->424643K(896640K), 0.0030568 secs] [Times: user=0.00 sys=0.00, real=0.00 secs] 
2020-10-29T13:18:14.023+0000: [GC (Allocation Failure) 2020-10-29T13:18:14.023+0000: [ParNew: 16391K->6K(18432K), 0.0030532 secs] 441027K->424643K(896640K), 0.0031299 secs] [Times: user=0.01 sys=0.00, real=0.01 secs] 
2020-10-29T13:18:14.041+0000: [GC (Allocation Failure) 2020-10-29T13:18:14.041+0000: [ParNew: 16390K->7K(18432K), 0.0029997 secs] 441027K->424643K(896640K), 0.0030537 secs] [Times: user=0.00 sys=0.00, real=0.01 secs] 
2020-10-29T13:18:14.060+0000: [GC (Allocation Failure) 2020-10-29T13:18:14.060+0000: [ParNew: 16391K->4K(18432K), 0.0029864 secs] 441027K->424644K(896640K), 0.0030379 secs] [Times: user=0.00 sys=0.00, real=0.00 secs] 
2020-10-29T13:18:14.078+0000: [GC (Allocation Failure) 2020-10-29T13:18:14.078+0000: [ParNew: 16388K->4K(18432K), 0.0029564 secs] 441028K->424643K(896640K), 0.0030087 secs] [Times: user=0.01 sys=0.00, real=0.00 secs] 
2020-10-29T13:18:14.096+0000: [GC (Allocation Failure) 2020-10-29T13:18:14.096+0000: [ParNew: 16388K->4K(18432K), 0.0029745 secs] 441027K->424643K(896640K), 0.0030266 secs] [Times: user=0.01 sys=0.00, real=0.00 secs] 
2020-10-29T13:18:14.116+0000: [GC (Allocation Failure) 2020-10-29T13:18:14.117+0000: [ParNew: 16388K->4K(18432K), 0.0029457 secs] 441027K->424643K(896640K), 0.0029994 secs] [Times: user=0.00 sys=0.00, real=0.00 secs] 
2020-10-29T13:18:14.135+0000: [GC (Allocation Failure) 2020-10-29T13:18:14.135+0000: [ParNew: 16388K->4K(18432K), 0.0029614 secs] 441027K->424643K(896640K), 0.0030133 secs] [Times: user=0.01 sys=0.00, real=0.00 secs] 
2020-10-29T13:18:14.156+0000: [GC (Allocation Failure) 2020-10-29T13:18:14.157+0000: [ParNew: 16388K->4K(18432K), 0.0029506 secs] 441027K->424643K(896640K), 0.0030024 secs] [Times: user=0.01 sys=0.00, real=0.00 secs] 
2020-10-29T13:18:14.176+0000: [GC (Allocation Failure) 2020-10-29T13:18:14.177+0000: [ParNew: 16388K->4K(18432K), 0.0028835 secs] 441027K->424643K(896640K), 0.0029357 secs] [Times: user=0.00 sys=0.00, real=0.00 secs] 
2020-10-29T13:18:14.195+0000: [GC (Allocation Failure) 2020-10-29T13:18:14.195+0000: [ParNew: 16388K->4K(18432K), 0.0036379 secs] 441027K->424643K(896640K), 0.0036946 secs] [Times: user=0.00 sys=0.00, real=0.00 secs] 
2020-10-29T13:18:14.216+0000: [GC (Allocation Failure) 2020-10-29T13:18:14.217+0000: [ParNew: 16388K->4K(18432K), 0.0029195 secs] 441027K->424643K(896640K), 0.0029724 secs] [Times: user=0.00 sys=0.00, real=0.00 secs] 
2020-10-29T13:18:14.235+0000: [GC (Allocation Failure) 2020-10-29T13:18:14.235+0000: [ParNew: 16388K->4K(18432K), 0.0029890 secs] 441027K->424643K(896640K), 0.0030516 secs] [Times: user=0.01 sys=0.00, real=0.00 secs] 
2020-10-29T13:18:14.256+0000: [GC (Allocation Failure) 2020-10-29T13:18:14.256+0000: [ParNew: 16388K->4K(18432K), 0.0047943 secs] 441027K->424643K(896640K), 0.0048630 secs] [Times: user=0.01 sys=0.00, real=0.00 secs] 
2020-10-29T13:18:14.277+0000: [GC (Allocation Failure) 2020-10-29T13:18:14.277+0000: [ParNew: 16388K->4K(18432K), 0.0030109 secs] 441027K->424643K(896640K), 0.0030664 secs] [Times: user=0.00 sys=0.00, real=0.00 secs] 
2020-10-29T13:18:14.295+0000: [GC (Allocation Failure) 2020-10-29T13:18:14.295+0000: [ParNew: 16388K->4K(18432K), 0.0030298 secs] 441027K->424643K(896640K), 0.0030863 secs] [Times: user=0.01 sys=0.00, real=0.00 secs] 
2020-10-29T13:18:14.313+0000: [GC (Allocation Failure) 2020-10-29T13:18:14.313+0000: [ParNew: 16388K->4K(18432K), 0.0030888 secs] 441027K->424643K(896640K), 0.0031451 secs] [Times: user=0.00 sys=0.00, real=0.00 secs] 
2020-10-29T13:18:14.331+0000: [GC (Allocation Failure) 2020-10-29T13:18:14.331+0000: [ParNew: 16388K->4K(18432K), 0.0030092 secs] 441027K->424643K(896640K), 0.0030666 secs] [Times: user=0.01 sys=0.00, real=0.01 secs] 
2020-10-29T13:18:14.347+0000: [GC (Allocation Failure) 2020-10-29T13:18:14.347+0000: [ParNew: 16388K->4K(18432K), 0.0038908 secs] 441027K->432835K(896640K), 0.0039463 secs] [Times: user=0.00 sys=0.00, real=0.00 secs] 
2020-10-29T13:18:14.373+0000: [GC (Allocation Failure) 2020-10-29T13:18:14.373+0000: [ParNew: 16388K->4K(18432K), 0.0029543 secs] 449219K->432835K(896640K), 0.0030103 secs] [Times: user=0.01 sys=0.00, real=0.00 secs] 
2020-10-29T13:18:14.393+0000: [GC (Allocation Failure) 2020-10-29T13:18:14.393+0000: [ParNew: 16388K->4K(18432K), 0.0029679 secs] 449219K->432835K(896640K), 0.0030223 secs] [Times: user=0.00 sys=0.00, real=0.00 secs] 
2020-10-29T13:18:14.411+0000: [GC (Allocation Failure) 2020-10-29T13:18:14.411+0000: [ParNew: 16388K->4K(18432K), 0.0030775 secs] 449219K->432835K(896640K), 0.0031530 secs] [Times: user=0.01 sys=0.00, real=0.01 secs] 
2020-10-29T13:18:14.429+0000: [GC (Allocation Failure) 2020-10-29T13:18:14.429+0000: [ParNew: 16388K->4K(18432K), 0.0029632 secs] 449219K->432835K(896640K), 0.0030189 secs] [Times: user=0.01 sys=0.00, real=0.00 secs] 
2020-10-29T13:18:14.448+0000: [GC (Allocation Failure) 2020-10-29T13:18:14.449+0000: [ParNew: 16388K->4K(18432K), 0.0029808 secs] 449219K->432835K(896640K), 0.0030351 secs] [Times: user=0.00 sys=0.00, real=0.00 secs] 
2020-10-29T13:18:14.469+0000: [GC (Allocation Failure) 2020-10-29T13:18:14.469+0000: [ParNew: 16388K->4K(18432K), 0.0029573 secs] 449219K->432835K(896640K), 0.0030273 secs] [Times: user=0.00 sys=0.00, real=0.00 secs] 
2020-10-29T13:18:14.485+0000: [GC (Allocation Failure) 2020-10-29T13:18:14.485+0000: [ParNew: 16388K->4K(18432K), 0.0039401 secs] 449219K->441027K(896640K), 0.0039991 secs] [Times: user=0.01 sys=0.00, real=0.00 secs] 
2020-10-29T13:18:14.505+0000: [GC (Allocation Failure) 2020-10-29T13:18:14.505+0000: [ParNew: 16388K->4K(18432K), 0.0029571 secs] 457411K->441027K(896640K), 0.0030146 secs] [Times: user=0.00 sys=0.00, real=0.00 secs] 
2020-10-29T13:18:14.523+0000: [GC (Allocation Failure) 2020-10-29T13:18:14.523+0000: [ParNew: 16388K->4K(18432K), 0.0029344 secs] 457411K->441027K(896640K), 0.0029864 secs] [Times: user=0.01 sys=0.00, real=0.01 secs] 
2020-10-29T13:18:14.541+0000: [GC (Allocation Failure) 2020-10-29T13:18:14.541+0000: [ParNew: 16388K->4K(18432K), 0.0029249 secs] 457411K->441027K(896640K), 0.0029921 secs] [Times: user=0.01 sys=0.00, real=0.00 secs] 
2020-10-29T13:18:14.560+0000: [GC (Allocation Failure) 2020-10-29T13:18:14.561+0000: [ParNew: 16388K->4K(18432K), 0.0029490 secs] 457411K->441027K(896640K), 0.0030022 secs] [Times: user=0.01 sys=0.00, real=0.00 secs] 
2020-10-29T13:18:14.579+0000: [GC (Allocation Failure) 2020-10-29T13:18:14.579+0000: [ParNew: 16388K->4K(18432K), 0.0028738 secs] 457411K->441027K(896640K), 0.0029246 secs] [Times: user=0.00 sys=0.00, real=0.00 secs] 
2020-10-29T13:18:14.597+0000: [GC (Allocation Failure) 2020-10-29T13:18:14.597+0000: [ParNew: 16388K->4K(18432K), 0.0029737 secs] 457411K->441027K(896640K), 0.0030308 secs] [Times: user=0.01 sys=0.00, real=0.00 secs] 
2020-10-29T13:18:14.615+0000: [GC (Allocation Failure) 2020-10-29T13:18:14.615+0000: [ParNew: 16388K->4K(18432K), 0.0029866 secs] 457411K->441027K(896640K), 0.0030420 secs] [Times: user=0.01 sys=0.00, real=0.00 secs] 
2020-10-29T13:18:14.633+0000: [GC (Allocation Failure) 2020-10-29T13:18:14.634+0000: [ParNew: 16388K->4K(18432K), 0.0029476 secs] 457411K->441027K(896640K), 0.0030013 secs] [Times: user=0.00 sys=0.00, real=0.00 secs] 
2020-10-29T13:18:14.652+0000: [GC (Allocation Failure) 2020-10-29T13:18:14.652+0000: [ParNew: 16388K->4K(18432K), 0.0029471 secs] 457411K->441027K(896640K), 0.0030007 secs] [Times: user=0.01 sys=0.00, real=0.01 secs] 
2020-10-29T13:18:14.670+0000: [GC (Allocation Failure) 2020-10-29T13:18:14.670+0000: [ParNew: 16388K->4K(18432K), 0.0029841 secs] 457411K->441027K(896640K), 0.0030412 secs] [Times: user=0.01 sys=0.00, real=0.01 secs] 
2020-10-29T13:18:14.688+0000: [GC (Allocation Failure) 2020-10-29T13:18:14.688+0000: [ParNew: 16388K->4K(18432K), 0.0029887 secs] 457411K->441027K(896640K), 0.0030515 secs] [Times: user=0.01 sys=0.00, real=0.00 secs] 
2020-10-29T13:18:14.706+0000: [GC (Allocation Failure) 2020-10-29T13:18:14.706+0000: [ParNew: 16388K->4K(18432K), 0.0029555 secs] 457411K->441027K(896640K), 0.0030104 secs] [Times: user=0.01 sys=0.00, real=0.00 secs] 
2020-10-29T13:18:14.728+0000: [GC (Allocation Failure) 2020-10-29T13:18:14.729+0000: [ParNew: 16388K->4K(18432K), 0.0029706 secs] 457411K->441027K(896640K), 0.0030250 secs] [Times: user=0.01 sys=0.00, real=0.00 secs] 
2020-10-29T13:18:14.751+0000: [GC (Allocation Failure) 2020-10-29T13:18:14.751+0000: [ParNew: 16388K->4K(18432K), 0.0030484 secs] 457411K->441027K(896640K), 0.0031025 secs] [Times: user=0.00 sys=0.00, real=0.01 secs] 
2020-10-29T13:18:14.769+0000: [GC (Allocation Failure) 2020-10-29T13:18:14.769+0000: [ParNew: 16388K->4K(18432K), 0.0028956 secs] 457411K->441027K(896640K), 0.0029509 secs] [Times: user=0.01 sys=0.00, real=0.00 secs] 
2020-10-29T13:18:14.788+0000: [GC (Allocation Failure) 2020-10-29T13:18:14.789+0000: [ParNew: 16383K->4K(18432K), 0.0029218 secs] 457406K->441027K(896640K), 0.0029752 secs] [Times: user=0.01 sys=0.00, real=0.00 secs] 
2020-10-29T13:18:14.807+0000: [GC (Allocation Failure) 2020-10-29T13:18:14.807+0000: [ParNew: 16388K->4K(18432K), 0.0028993 secs] 457411K->441027K(896640K), 0.0029524 secs] [Times: user=0.00 sys=0.00, real=0.00 secs] 
2020-10-29T13:18:14.825+0000: [GC (Allocation Failure) 2020-10-29T13:18:14.825+0000: [ParNew: 16388K->4K(18432K), 0.0029476 secs] 457411K->441027K(896640K), 0.0030029 secs] [Times: user=0.01 sys=0.00, real=0.00 secs] 
2020-10-29T13:18:14.843+0000: [GC (Allocation Failure) 2020-10-29T13:18:14.843+0000: [ParNew: 16388K->4K(18432K), 0.0029638 secs] 457411K->441027K(896640K), 0.0030184 secs] [Times: user=0.01 sys=0.00, real=0.01 secs] 
2020-10-29T13:18:14.861+0000: [GC (Allocation Failure) 2020-10-29T13:18:14.861+0000: [ParNew: 16388K->4K(18432K), 0.0029781 secs] 457411K->441027K(896640K), 0.0030343 secs] [Times: user=0.01 sys=0.00, real=0.01 secs] 
2020-10-29T13:18:14.873+0000: [GC (Allocation Failure) 2020-10-29T13:18:14.873+0000: [ParNew: 16388K->4K(18432K), 0.0038644 secs] 457411K->449219K(896640K), 0.0039191 secs] [Times: user=0.01 sys=0.00, real=0.00 secs] 
2020-10-29T13:18:14.892+0000: [GC (Allocation Failure) 2020-10-29T13:18:14.892+0000: [ParNew: 16388K->4K(18432K), 0.0029830 secs] 465603K->449219K(896640K), 0.0030393 secs] [Times: user=0.01 sys=0.00, real=0.01 secs] 
2020-10-29T13:18:14.912+0000: [GC (Allocation Failure) 2020-10-29T13:18:14.913+0000: [ParNew: 16388K->4K(18432K), 0.0030185 secs] 465603K->449219K(896640K), 0.0030710 secs] [Times: user=0.01 sys=0.00, real=0.00 secs] 
2020-10-29T13:18:14.932+0000: [GC (Allocation Failure) 2020-10-29T13:18:14.932+0000: [ParNew: 16388K->4K(18432K), 0.0028911 secs] 465603K->449219K(896640K), 0.0029433 secs] [Times: user=0.01 sys=0.00, real=0.00 secs] 
2020-10-29T13:18:14.951+0000: [GC (Allocation Failure) 2020-10-29T13:18:14.951+0000: [ParNew: 16388K->4K(18432K), 0.0028962 secs] 465603K->449219K(896640K), 0.0029474 secs] [Times: user=0.00 sys=0.00, real=0.01 secs] 
2020-10-29T13:18:14.964+0000: [GC (Allocation Failure) 2020-10-29T13:18:14.965+0000: [ParNew: 16388K->4K(18432K), 0.0038199 secs] 465603K->457411K(896640K), 0.0038755 secs] [Times: user=0.00 sys=0.01, real=0.00 secs] 
2020-10-29T13:18:14.984+0000: [GC (Allocation Failure) 2020-10-29T13:18:14.984+0000: [ParNew: 16388K->4K(18432K), 0.0029596 secs] 473795K->457411K(896640K), 0.0030314 secs] [Times: user=0.00 sys=0.00, real=0.01 secs] 
2020-10-29T13:18:15.005+0000: [GC (Allocation Failure) 2020-10-29T13:18:15.005+0000: [ParNew: 16388K->4K(18432K), 0.0029623 secs] 473795K->457411K(896640K), 0.0030178 secs] [Times: user=0.01 sys=0.00, real=0.00 secs] 
2020-10-29T13:18:15.023+0000: [GC (Allocation Failure) 2020-10-29T13:18:15.023+0000: [ParNew: 16388K->4K(18432K), 0.0029533 secs] 473795K->457411K(896640K), 0.0030086 secs] [Times: user=0.00 sys=0.00, real=0.01 secs] 
2020-10-29T13:18:15.044+0000: [GC (Allocation Failure) 2020-10-29T13:18:15.045+0000: [ParNew: 16388K->4K(18432K), 0.0028624 secs] 473795K->457411K(896640K), 0.0029137 secs] [Times: user=0.01 sys=0.00, real=0.00 secs] 
2020-10-29T13:18:15.064+0000: [GC (Allocation Failure) 2020-10-29T13:18:15.065+0000: [ParNew: 16388K->4K(18432K), 0.0029471 secs] 473795K->457411K(896640K), 0.0030021 secs] [Times: user=0.00 sys=0.00, real=0.00 secs] 
2020-10-29T13:18:15.083+0000: [GC (Allocation Failure) 2020-10-29T13:18:15.083+0000: [ParNew: 16388K->4K(18432K), 0.0029916 secs] 473795K->457411K(896640K), 0.0030470 secs] [Times: user=0.00 sys=0.00, real=0.01 secs] 
2020-10-29T13:18:15.104+0000: [GC (Allocation Failure) 2020-10-29T13:18:15.105+0000: [ParNew: 16388K->4K(18432K), 0.0029345 secs] 473795K->457411K(896640K), 0.0029889 secs] [Times: user=0.00 sys=0.00, real=0.00 secs] 
2020-10-29T13:18:15.124+0000: [GC (Allocation Failure) 2020-10-29T13:18:15.125+0000: [ParNew: 16388K->4K(18432K), 0.0029207 secs] 473795K->457411K(896640K), 0.0029750 secs] [Times: user=0.00 sys=0.00, real=0.00 secs] 
2020-10-29T13:18:15.143+0000: [GC (Allocation Failure) 2020-10-29T13:18:15.143+0000: [ParNew: 16388K->4K(18432K), 0.0029790 secs] 473795K->457411K(896640K), 0.0030328 secs] [Times: user=0.01 sys=0.00, real=0.01 secs] 
2020-10-29T13:18:15.161+0000: [GC (Allocation Failure) 2020-10-29T13:18:15.161+0000: [ParNew: 16388K->4K(18432K), 0.0029436 secs] 473795K->457411K(896640K), 0.0029968 secs] [Times: user=0.00 sys=0.00, real=0.00 secs] 
2020-10-29T13:18:15.179+0000: [GC (Allocation Failure) 2020-10-29T13:18:15.179+0000: [ParNew: 16388K->4K(18432K), 0.0029528 secs] 473795K->457411K(896640K), 0.0030060 secs] [Times: user=0.01 sys=0.00, real=0.00 secs] 
2020-10-29T13:18:15.198+0000: [GC (Allocation Failure) 2020-10-29T13:18:15.198+0000: [ParNew: 16388K->4K(18432K), 0.0029621 secs] 473795K->457411K(896640K), 0.0030186 secs] [Times: user=0.00 sys=0.00, real=0.00 secs] 
2020-10-29T13:18:15.216+0000: [GC (Allocation Failure) 2020-10-29T13:18:15.216+0000: [ParNew: 16388K->4K(18432K), 0.0030593 secs] 473795K->457411K(896640K), 0.0031165 secs] [Times: user=0.01 sys=0.00, real=0.00 secs] 
2020-10-29T13:18:15.234+0000: [GC (Allocation Failure) 2020-10-29T13:18:15.234+0000: [ParNew: 16388K->4K(18432K), 0.0030079 secs] 473795K->457411K(896640K), 0.0030630 secs] [Times: user=0.00 sys=0.00, real=0.00 secs] 
2020-10-29T13:18:15.253+0000: [GC (Allocation Failure) 2020-10-29T13:18:15.253+0000: [ParNew: 16388K->4K(18432K), 0.0029373 secs] 473795K->457411K(896640K), 0.0029916 secs] [Times: user=0.00 sys=0.00, real=0.00 secs] 
2020-10-29T13:18:15.271+0000: [GC (Allocation Failure) 2020-10-29T13:18:15.271+0000: [ParNew: 16388K->4K(18432K), 0.0030106 secs] 473795K->457411K(896640K), 0.0030684 secs] [Times: user=0.01 sys=0.00, real=0.01 secs] 
2020-10-29T13:18:15.292+0000: [GC (Allocation Failure) 2020-10-29T13:18:15.293+0000: [ParNew: 16388K->4K(18432K), 0.0029606 secs] 473795K->457411K(896640K), 0.0030258 secs] [Times: user=0.01 sys=0.00, real=0.00 secs] 
2020-10-29T13:18:15.312+0000: [GC (Allocation Failure) 2020-10-29T13:18:15.313+0000: [ParNew: 16388K->4K(18432K), 0.0029813 secs] 473795K->457411K(896640K), 0.0030366 secs] [Times: user=0.01 sys=0.00, real=0.00 secs] 
2020-10-29T13:18:15.331+0000: [GC (Allocation Failure) 2020-10-29T13:18:15.331+0000: [ParNew: 16388K->4K(18432K), 0.0029663 secs] 473795K->457411K(896640K), 0.0030166 secs] [Times: user=0.00 sys=0.00, real=0.01 secs] 
2020-10-29T13:18:15.349+0000: [GC (Allocation Failure) 2020-10-29T13:18:15.349+0000: [ParNew: 16388K->4K(18432K), 0.0029235 secs] 473795K->457411K(896640K), 0.0029780 secs] [Times: user=0.01 sys=0.00, real=0.00 secs] 
2020-10-29T13:18:15.368+0000: [GC (Allocation Failure) 2020-10-29T13:18:15.369+0000: [ParNew: 16388K->4K(18432K), 0.0029941 secs] 473795K->457411K(896640K), 0.0030538 secs] [Times: user=0.01 sys=0.00, real=0.00 secs] 
2020-10-29T13:18:15.387+0000: [GC (Allocation Failure) 2020-10-29T13:18:15.387+0000: [ParNew: 16388K->4K(18432K), 0.0030325 secs] 473795K->457411K(896640K), 0.0030889 secs] [Times: user=0.01 sys=0.00, real=0.00 secs] 
2020-10-29T13:18:15.403+0000: [GC (Allocation Failure) 2020-10-29T13:18:15.403+0000: [ParNew: 14439K->4K(18432K), 0.0030014 secs] 471847K->457411K(896640K), 0.0030577 secs] [Times: user=0.01 sys=0.00, real=0.01 secs] 
2020-10-29T13:18:15.415+0000: [GC (Allocation Failure) 2020-10-29T13:18:15.415+0000: [ParNew: 16388K->4K(18432K), 0.0039937 secs] 473795K->465603K(896640K), 0.0040574 secs] [Times: user=0.01 sys=0.00, real=0.00 secs] 
2020-10-29T13:18:15.434+0000: [GC (Allocation Failure) 2020-10-29T13:18:15.434+0000: [ParNew: 16388K->4K(18432K), 0.0029501 secs] 481987K->465603K(896640K), 0.0030025 secs] [Times: user=0.01 sys=0.00, real=0.00 secs] 
2020-10-29T13:18:15.446+0000: [GC (Allocation Failure) 2020-10-29T13:18:15.446+0000: [ParNew: 16388K->4K(18432K), 0.0040099 secs] 481987K->473795K(896640K), 0.0040705 secs] [Times: user=0.00 sys=0.00, real=0.00 secs] 
2020-10-29T13:18:15.468+0000: [GC (Allocation Failure) 2020-10-29T13:18:15.469+0000: [ParNew: 16388K->4K(18432K), 0.0029657 secs] 490179K->473795K(896640K), 0.0030235 secs] [Times: user=0.01 sys=0.00, real=0.00 secs] 
2020-10-29T13:18:15.488+0000: [GC (Allocation Failure) 2020-10-29T13:18:15.489+0000: [ParNew: 16388K->4K(18432K), 0.0029579 secs] 490179K->473795K(896640K), 0.0030144 secs] [Times: user=0.01 sys=0.00, real=0.00 secs] 
2020-10-29T13:18:15.507+0000: [GC (Allocation Failure) 2020-10-29T13:18:15.507+0000: [ParNew: 16388K->4K(18432K), 0.0029729 secs] 490179K->473795K(896640K), 0.0030284 secs] [Times: user=0.00 sys=0.00, real=0.00 secs] 
2020-10-29T13:18:15.529+0000: [GC (Allocation Failure) 2020-10-29T13:18:15.529+0000: [ParNew: 16388K->4K(18432K), 0.0029954 secs] 490179K->473795K(896640K), 0.0030591 secs] [Times: user=0.01 sys=0.00, real=0.00 secs] 
2020-10-29T13:18:15.549+0000: [GC (Allocation Failure) 2020-10-29T13:18:15.549+0000: [ParNew: 16388K->4K(18432K), 0.0029771 secs] 490179K->473795K(896640K), 0.0030344 secs] [Times: user=0.01 sys=0.00, real=0.00 secs] 
2020-10-29T13:18:15.567+0000: [GC (Allocation Failure) 2020-10-29T13:18:15.567+0000: [ParNew: 16388K->4K(18432K), 0.0029534 secs] 490179K->473796K(896640K), 0.0030087 secs] [Times: user=0.01 sys=0.00, real=0.00 secs] 
2020-10-29T13:18:15.585+0000: [GC (Allocation Failure) 2020-10-29T13:18:15.585+0000: [ParNew: 16388K->4K(18432K), 0.0029515 secs] 490180K->473796K(896640K), 0.0030045 secs] [Times: user=0.00 sys=0.00, real=0.00 secs] 
2020-10-29T13:18:15.603+0000: [GC (Allocation Failure) 2020-10-29T13:18:15.603+0000: [ParNew: 16388K->4K(18432K), 0.0029508 secs] 490180K->473796K(896640K), 0.0030055 secs] [Times: user=0.01 sys=0.00, real=0.01 secs] 
2020-10-29T13:18:15.621+0000: [GC (Allocation Failure) 2020-10-29T13:18:15.621+0000: [ParNew: 16388K->4K(18432K), 0.0029131 secs] 490180K->473796K(896640K), 0.0029648 secs] [Times: user=0.00 sys=0.00, real=0.00 secs] 
2020-10-29T13:18:15.641+0000: [GC (Allocation Failure) 2020-10-29T13:18:15.641+0000: [ParNew: 16388K->4K(18432K), 0.0029469 secs] 490180K->473796K(896640K), 0.0030015 secs] [Times: user=0.01 sys=0.00, real=0.00 secs] 
2020-10-29T13:18:15.660+0000: [GC (Allocation Failure) 2020-10-29T13:18:15.661+0000: [ParNew: 16388K->4K(18432K), 0.0029568 secs] 490180K->473796K(896640K), 0.0030134 secs] [Times: user=0.00 sys=0.00, real=0.00 secs] 
2020-10-29T13:18:15.679+0000: [GC (Allocation Failure) 2020-10-29T13:18:15.679+0000: [ParNew: 16388K->4K(18432K), 0.0029830 secs] 490180K->473796K(896640K), 0.0030385 secs] [Times: user=0.01 sys=0.00, real=0.00 secs] 
2020-10-29T13:18:15.701+0000: [GC (Allocation Failure) 2020-10-29T13:18:15.701+0000: [ParNew: 16388K->4K(18432K), 0.0029667 secs] 490180K->473796K(896640K), 0.0030236 secs] [Times: user=0.00 sys=0.00, real=0.00 secs] 
2020-10-29T13:18:15.719+0000: [GC (Allocation Failure) 2020-10-29T13:18:15.719+0000: [ParNew: 16388K->4K(18432K), 0.0030155 secs] 490180K->473796K(896640K), 0.0030640 secs] [Times: user=0.01 sys=0.00, real=0.00 secs] 
2020-10-29T13:18:15.738+0000: [GC (Allocation Failure) 2020-10-29T13:18:15.738+0000: [ParNew: 16388K->4K(18432K), 0.0029771 secs] 490180K->473796K(896640K), 0.0030483 secs] [Times: user=0.00 sys=0.00, real=0.00 secs] 
2020-10-29T13:18:15.756+0000: [GC (Allocation Failure) 2020-10-29T13:18:15.756+0000: [ParNew: 16388K->4K(18432K), 0.0029627 secs] 490180K->473796K(896640K), 0.0030185 secs] [Times: user=0.01 sys=0.00, real=0.00 secs] 
2020-10-29T13:18:15.776+0000: [GC (Allocation Failure) 2020-10-29T13:18:15.777+0000: [ParNew: 16388K->4K(18432K), 0.0029170 secs] 490180K->473796K(896640K), 0.0029726 secs] [Times: user=0.01 sys=0.00, real=0.00 secs] 
2020-10-29T13:18:15.795+0000: [GC (Allocation Failure) 2020-10-29T13:18:15.795+0000: [ParNew: 16388K->4K(18432K), 0.0035706 secs] 490180K->473796K(896640K), 0.0036592 secs] [Times: user=0.01 sys=0.00, real=0.00 secs] 
2020-10-29T13:18:15.817+0000: [GC (Allocation Failure) 2020-10-29T13:18:15.817+0000: [ParNew: 16388K->4K(18432K), 0.0029764 secs] 490180K->473796K(896640K), 0.0030330 secs] [Times: user=0.00 sys=0.00, real=0.00 secs] 
2020-10-29T13:18:15.836+0000: [GC (Allocation Failure) 2020-10-29T13:18:15.836+0000: [ParNew: 16388K->4K(18432K), 0.0029361 secs] 490180K->473796K(896640K), 0.0029923 secs] [Times: user=0.01 sys=0.00, real=0.00 secs] 
2020-10-29T13:18:15.856+0000: [GC (Allocation Failure) 2020-10-29T13:18:15.857+0000: [ParNew: 16388K->4K(18432K), 0.0029080 secs] 490180K->473796K(896640K), 0.0029636 secs] [Times: user=0.01 sys=0.00, real=0.00 secs] 
2020-10-29T13:18:15.875+0000: [GC (Allocation Failure) 2020-10-29T13:18:15.875+0000: [ParNew: 16388K->4K(18432K), 0.0029775 secs] 490180K->473796K(896640K), 0.0030339 secs] [Times: user=0.01 sys=0.00, real=0.00 secs] 
2020-10-29T13:18:15.893+0000: [GC (Allocation Failure) 2020-10-29T13:18:15.893+0000: [ParNew: 16388K->4K(18432K), 0.0029401 secs] 490180K->473796K(896640K), 0.0029969 secs] [Times: user=0.00 sys=0.00, real=0.00 secs] 
2020-10-29T13:18:15.912+0000: [GC (Allocation Failure) 2020-10-29T13:18:15.913+0000: [ParNew: 16388K->4K(18432K), 0.0029594 secs] 490180K->473796K(896640K), 0.0030169 secs] [Times: user=0.01 sys=0.00, real=0.00 secs] 
2020-10-29T13:18:15.932+0000: [GC (Allocation Failure) 2020-10-29T13:18:15.933+0000: [ParNew: 15871K->4K(18432K), 0.0029749 secs] 489663K->473796K(896640K), 0.0030312 secs] [Times: user=0.00 sys=0.00, real=0.00 secs] 
2020-10-29T13:18:15.944+0000: [GC (Allocation Failure) 2020-10-29T13:18:15.945+0000: [ParNew: 15386K->4K(18432K), 0.0039607 secs] 489178K->481988K(896640K), 0.0040196 secs] [Times: user=0.00 sys=0.00, real=0.00 secs] 
2020-10-29T13:18:15.957+0000: [GC (Allocation Failure) 2020-10-29T13:18:15.957+0000: [ParNew: 16388K->4K(18432K), 0.0041968 secs] 498372K->490180K(896640K), 0.0042568 secs] [Times: user=0.01 sys=0.00, real=0.00 secs] 
2020-10-29T13:18:15.977+0000: [GC (Allocation Failure) 2020-10-29T13:18:15.977+0000: [ParNew: 16388K->4K(18432K), 0.0029764 secs] 506564K->490180K(896640K), 0.0030309 secs] [Times: user=0.00 sys=0.00, real=0.00 secs] 
2020-10-29T13:18:15.995+0000: [GC (Allocation Failure) 2020-10-29T13:18:15.995+0000: [ParNew: 16388K->4K(18432K), 0.0030227 secs] 506564K->490180K(896640K), 0.0030952 secs] [Times: user=0.01 sys=0.00, real=0.00 secs] 
2020-10-29T13:18:16.016+0000: [GC (Allocation Failure) 2020-10-29T13:18:16.017+0000: [ParNew: 16388K->4K(18432K), 0.0029588 secs] 506564K->490180K(896640K), 0.0030163 secs] [Times: user=0.01 sys=0.00, real=0.00 secs] 
2020-10-29T13:18:16.037+0000: [GC (Allocation Failure) 2020-10-29T13:18:16.037+0000: [ParNew: 16388K->4K(18432K), 0.0029500 secs] 506564K->490180K(896640K), 0.0030059 secs] [Times: user=0.00 sys=0.00, real=0.00 secs] 
2020-10-29T13:18:16.056+0000: [GC (Allocation Failure) 2020-10-29T13:18:16.057+0000: [ParNew: 16388K->4K(18432K), 0.0029383 secs] 506564K->490180K(896640K), 0.0029953 secs] [Times: user=0.01 sys=0.00, real=0.00 secs] 
2020-10-29T13:18:16.075+0000: [GC (Allocation Failure) 2020-10-29T13:18:16.075+0000: [ParNew: 16388K->4K(18432K), 0.0030962 secs] 506564K->490180K(896640K), 0.0031533 secs] [Times: user=0.00 sys=0.00, real=0.00 secs] 
2020-10-29T13:18:16.096+0000: [GC (Allocation Failure) 2020-10-29T13:18:16.097+0000: [ParNew: 16388K->4K(18432K), 0.0029576 secs] 506564K->490180K(896640K), 0.0030162 secs] [Times: user=0.01 sys=0.00, real=0.00 secs] 
2020-10-29T13:18:16.115+0000: [GC (Allocation Failure) 2020-10-29T13:18:16.115+0000: [ParNew: 16388K->4K(18432K), 0.0029502 secs] 506564K->490180K(896640K), 0.0030063 secs] [Times: user=0.01 sys=0.00, real=0.00 secs] 
2020-10-29T13:18:16.133+0000: [GC (Allocation Failure) 2020-10-29T13:18:16.133+0000: [ParNew: 16388K->4K(18432K), 0.0029692 secs] 506564K->490180K(896640K), 0.0030268 secs] [Times: user=0.00 sys=0.00, real=0.00 secs] 
2020-10-29T13:18:16.152+0000: [GC (Allocation Failure) 2020-10-29T13:18:16.153+0000: [ParNew: 16388K->4K(18432K), 0.0029390 secs] 506564K->490180K(896640K), 0.0029951 secs] [Times: user=0.01 sys=0.00, real=0.00 secs] 
2020-10-29T13:18:16.171+0000: [GC (Allocation Failure) 2020-10-29T13:18:16.171+0000: [ParNew: 16388K->4K(18432K), 0.0029967 secs] 506564K->490180K(896640K), 0.0030531 secs] [Times: user=0.01 sys=0.00, real=0.01 secs] 
2020-10-29T13:18:16.189+0000: [GC (Allocation Failure) 2020-10-29T13:18:16.189+0000: [ParNew: 16388K->4K(18432K), 0.0029714 secs] 506564K->490180K(896640K), 0.0030278 secs] [Times: user=0.01 sys=0.00, real=0.00 secs] 
2020-10-29T13:18:16.207+0000: [GC (Allocation Failure) 2020-10-29T13:18:16.207+0000: [ParNew: 16388K->4K(18432K), 0.0029415 secs] 506564K->490180K(896640K), 0.0029975 secs] [Times: user=0.01 sys=0.00, real=0.00 secs] 
2020-10-29T13:18:16.226+0000: [GC (Allocation Failure) 2020-10-29T13:18:16.226+0000: [ParNew: 16388K->4K(18432K), 0.0029636 secs] 506564K->490180K(896640K), 0.0030177 secs] [Times: user=0.00 sys=0.00, real=0.00 secs] 
2020-10-29T13:18:16.244+0000: [GC (Allocation Failure) 2020-10-29T13:18:16.244+0000: [ParNew: 16388K->4K(18432K), 0.0029606 secs] 506564K->490180K(896640K), 0.0030179 secs] [Times: user=0.01 sys=0.00, real=0.01 secs] 
2020-10-29T13:18:16.264+0000: [GC (Allocation Failure) 2020-10-29T13:18:16.265+0000: [ParNew: 16388K->4K(18432K), 0.0029432 secs] 506564K->490180K(896640K), 0.0029995 secs] [Times: user=0.00 sys=0.00, real=0.00 secs] 
2020-10-29T13:18:16.283+0000: [GC (Allocation Failure) 2020-10-29T13:18:16.283+0000: [ParNew: 16388K->4K(18432K), 0.0029701 secs] 506564K->490180K(896640K), 0.0030264 secs] [Times: user=0.01 sys=0.00, real=0.01 secs] 
2020-10-29T13:18:16.301+0000: [GC (Allocation Failure) 2020-10-29T13:18:16.302+0000: [ParNew: 16388K->4K(18432K), 0.0029722 secs] 506564K->490180K(896640K), 0.0030290 secs] [Times: user=0.00 sys=0.00, real=0.01 secs] 
2020-10-29T13:18:16.320+0000: [GC (Allocation Failure) 2020-10-29T13:18:16.320+0000: [ParNew: 16388K->4K(18432K), 0.0029456 secs] 506564K->490180K(896640K), 0.0030016 secs] [Times: user=0.00 sys=0.00, real=0.00 secs] 
2020-10-29T13:18:16.338+0000: [GC (Allocation Failure) 2020-10-29T13:18:16.338+0000: [ParNew: 16388K->4K(18432K), 0.0029862 secs] 506564K->490180K(896640K), 0.0030425 secs] [Times: user=0.01 sys=0.00, real=0.00 secs] 
2020-10-29T13:18:16.360+0000: [GC (Allocation Failure) 2020-10-29T13:18:16.360+0000: [ParNew: 16388K->4K(18432K), 0.0029437 secs] 506564K->490180K(896640K), 0.0029998 secs] [Times: user=0.01 sys=0.00, real=0.00 secs] 
2020-10-29T13:18:16.380+0000: [GC (Allocation Failure) 2020-10-29T13:18:16.381+0000: [ParNew: 16388K->4K(18432K), 0.0029537 secs] 506564K->490180K(896640K), 0.0030095 secs] [Times: user=0.01 sys=0.00, real=0.00 secs] 
2020-10-29T13:18:16.400+0000: [GC (Allocation Failure) 2020-10-29T13:18:16.401+0000: [ParNew: 16388K->4K(18432K), 0.0028977 secs] 506564K->490180K(896640K), 0.0029517 secs] [Times: user=0.00 sys=0.00, real=0.00 secs] 
2020-10-29T13:18:16.419+0000: [GC (Allocation Failure) 2020-10-29T13:18:16.419+0000: [ParNew: 16388K->4K(18432K), 0.0029242 secs] 506564K->490180K(896640K), 0.0029780 secs] [Times: user=0.01 sys=0.00, real=0.00 secs] 
2020-10-29T13:18:16.437+0000: [GC (Allocation Failure) 2020-10-29T13:18:16.437+0000: [ParNew: 16388K->4K(18432K), 0.0028887 secs] 506564K->490180K(896640K), 0.0029424 secs] [Times: user=0.00 sys=0.00, real=0.00 secs] 
2020-10-29T13:18:16.449+0000: [GC (Allocation Failure) 2020-10-29T13:18:16.449+0000: [ParNew: 16388K->4K(18432K), 0.0039068 secs] 506564K->498372K(896640K), 0.0039625 secs] [Times: user=0.01 sys=0.00, real=0.01 secs] 
2020-10-29T13:18:16.464+0000: [GC (Allocation Failure) 2020-10-29T13:18:16.464+0000: [ParNew: 16388K->4K(18432K), 0.0037549 secs] 514756K->506564K(896640K), 0.0038067 secs] [Times: user=0.00 sys=0.00, real=0.00 secs] 
2020-10-29T13:18:16.484+0000: [GC (Allocation Failure) 2020-10-29T13:18:16.484+0000: [ParNew: 16388K->4K(18432K), 0.0029863 secs] 522948K->506564K(896640K), 0.0030432 secs] [Times: user=0.00 sys=0.00, real=0.01 secs] 
2020-10-29T13:18:16.505+0000: [GC (Allocation Failure) 2020-10-29T13:18:16.505+0000: [ParNew: 16388K->4K(18432K), 0.0029565 secs] 522948K->506564K(896640K), 0.0030140 secs] [Times: user=0.01 sys=0.00, real=0.00 secs] 
2020-10-29T13:18:16.524+0000: [GC (Allocation Failure) 2020-10-29T13:18:16.525+0000: [ParNew: 16388K->4K(18432K), 0.0029719 secs] 522948K->506564K(896640K), 0.0030264 secs] [Times: user=0.01 sys=0.00, real=0.00 secs] 
2020-10-29T13:18:16.543+0000: [GC (Allocation Failure) 2020-10-29T13:18:16.543+0000: [ParNew: 16388K->4K(18432K), 0.0029624 secs] 522948K->506564K(896640K), 0.0030176 secs] [Times: user=0.00 sys=0.00, real=0.01 secs] 
2020-10-29T13:18:16.561+0000: [GC (Allocation Failure) 2020-10-29T13:18:16.561+0000: [ParNew: 16388K->4K(18432K), 0.0030049 secs] 522948K->506564K(896640K), 0.0030594 secs] [Times: user=0.01 sys=0.00, real=0.01 secs] 
2020-10-29T13:18:16.580+0000: [GC (Allocation Failure) 2020-10-29T13:18:16.581+0000: [ParNew: 16388K->4K(18432K), 0.0028945 secs] 522948K->506564K(896640K), 0.0029461 secs] [Times: user=0.01 sys=0.00, real=0.00 secs] 
2020-10-29T13:18:16.600+0000: [GC (Allocation Failure) 2020-10-29T13:18:16.601+0000: [ParNew: 16388K->4K(18432K), 0.0028753 secs] 522948K->506564K(896640K), 0.0029271 secs] [Times: user=0.01 sys=0.00, real=0.00 secs] 
2020-10-29T13:18:16.620+0000: [GC (Allocation Failure) 2020-10-29T13:18:16.621+0000: [ParNew: 16388K->4K(18432K), 0.0028913 secs] 522948K->506564K(896640K), 0.0029458 secs] [Times: user=0.00 sys=0.00, real=0.00 secs] 
2020-10-29T13:18:16.640+0000: [GC (Allocation Failure) 2020-10-29T13:18:16.641+0000: [ParNew: 16388K->4K(18432K), 0.0028525 secs] 522948K->506564K(896640K), 0.0029054 secs] [Times: user=0.00 sys=0.00, real=0.00 secs] 
2020-10-29T13:18:16.660+0000: [GC (Allocation Failure) 2020-10-29T13:18:16.661+0000: [ParNew: 16388K->4K(18432K), 0.0029155 secs] 522948K->506564K(896640K), 0.0029684 secs] [Times: user=0.01 sys=0.00, real=0.00 secs] 
2020-10-29T13:18:16.680+0000: [GC (Allocation Failure) 2020-10-29T13:18:16.681+0000: [ParNew: 16388K->4K(18432K), 0.0028699 secs] 522948K->506564K(896640K), 0.0029208 secs] [Times: user=0.00 sys=0.00, real=0.00 secs] 
2020-10-29T13:18:16.699+0000: [GC (Allocation Failure) 2020-10-29T13:18:16.699+0000: [ParNew: 16388K->4K(18432K), 0.0028785 secs] 522948K->506564K(896640K), 0.0029391 secs] [Times: user=0.01 sys=0.00, real=0.00 secs] 
2020-10-29T13:18:16.717+0000: [GC (Allocation Failure) 2020-10-29T13:18:16.717+0000: [ParNew: 16388K->4K(18432K), 0.0028421 secs] 522948K->506564K(896640K), 0.0028940 secs] [Times: user=0.00 sys=0.00, real=0.00 secs] 
2020-10-29T13:18:16.735+0000: [GC (Allocation Failure) 2020-10-29T13:18:16.735+0000: [ParNew: 16388K->4K(18432K), 0.0028692 secs] 522948K->506564K(896640K), 0.0029194 secs] [Times: user=0.01 sys=0.00, real=0.00 secs] 
2020-10-29T13:18:16.753+0000: [GC (Allocation Failure) 2020-10-29T13:18:16.753+0000: [ParNew: 16388K->4K(18432K), 0.0028712 secs] 522948K->506564K(896640K), 0.0029216 secs] [Times: user=0.00 sys=0.00, real=0.00 secs] 
2020-10-29T13:18:16.772+0000: [GC (Allocation Failure) 2020-10-29T13:18:16.772+0000: [ParNew: 16388K->4K(18432K), 0.0030228 secs] 522948K->506564K(896640K), 0.0030767 secs] [Times: user=0.01 sys=0.00, real=0.01 secs] 
2020-10-29T13:18:16.790+0000: [GC (Allocation Failure) 2020-10-29T13:18:16.790+0000: [ParNew: 16388K->4K(18432K), 0.0028963 secs] 522948K->506564K(896640K), 0.0029488 secs] [Times: user=0.01 sys=0.00, real=0.01 secs] 
2020-10-29T13:18:16.808+0000: [GC (Allocation Failure) 2020-10-29T13:18:16.808+0000: [ParNew: 16388K->4K(18432K), 0.0028479 secs] 522948K->506564K(896640K), 0.0029151 secs] [Times: user=0.00 sys=0.00, real=0.00 secs] 
2020-10-29T13:18:16.828+0000: [GC (Allocation Failure) 2020-10-29T13:18:16.829+0000: [ParNew: 16388K->4K(18432K), 0.0029810 secs] 522948K->506564K(896640K), 0.0030364 secs] [Times: user=0.00 sys=0.00, real=0.00 secs] 
2020-10-29T13:18:16.852+0000: [GC (Allocation Failure) 2020-10-29T13:18:16.853+0000: [ParNew: 16388K->4K(18432K), 0.0029776 secs] 522948K->506564K(896640K), 0.0030327 secs] [Times: user=0.01 sys=0.00, real=0.00 secs] 
2020-10-29T13:18:16.890+0000: [GC (Allocation Failure) 2020-10-29T13:18:16.890+0000: [ParNew: 16388K->4K(18432K), 0.0029648 secs] 522948K->506564K(896640K), 0.0030201 secs] [Times: user=0.01 sys=0.00, real=0.01 secs] 
2020-10-29T13:18:16.924+0000: [GC (Allocation Failure) 2020-10-29T13:18:16.925+0000: [ParNew: 16388K->4K(18432K), 0.0029569 secs] 522948K->506564K(896640K), 0.0030129 secs] [Times: user=0.00 sys=0.00, real=0.00 secs] 
2020-10-29T13:18:16.960+0000: [GC (Allocation Failure) 2020-10-29T13:18:16.960+0000: [ParNew: 16388K->4K(18432K), 0.0032842 secs] 522948K->506564K(896640K), 0.0033940 secs] [Times: user=0.01 sys=0.00, real=0.00 secs] 
2020-10-29T13:18:16.992+0000: [GC (Allocation Failure) 2020-10-29T13:18:16.992+0000: [ParNew: 16388K->4K(18432K), 0.0038731 secs] 522948K->514756K(896640K), 0.0039351 secs] [Times: user=0.01 sys=0.00, real=0.01 secs] 
2020-10-29T13:18:17.028+0000: [GC (Allocation Failure) 2020-10-29T13:18:17.029+0000: [ParNew: 16388K->4K(18432K), 0.0029583 secs] 531140K->514756K(896640K), 0.0030142 secs] [Times: user=0.00 sys=0.00, real=0.00 secs] 
2020-10-29T13:18:17.063+0000: [GC (Allocation Failure) 2020-10-29T13:18:17.063+0000: [ParNew: 16388K->4K(18432K), 0.0029628 secs] 531140K->514757K(896640K), 0.0030236 secs] [Times: user=0.01 sys=0.00, real=0.01 secs] 
2020-10-29T13:18:17.095+0000: [GC (Allocation Failure) 2020-10-29T13:18:17.095+0000: [ParNew: 16388K->4K(18432K), 0.0029679 secs] 531141K->514757K(896640K), 0.0030235 secs] [Times: user=0.01 sys=0.00, real=0.00 secs] 
2020-10-29T13:18:17.127+0000: [GC (Allocation Failure) 2020-10-29T13:18:17.127+0000: [ParNew: 16388K->4K(18432K), 0.0029169 secs] 531141K->514757K(896640K), 0.0029873 secs] [Times: user=0.01 sys=0.00, real=0.00 secs] 
2020-10-29T13:18:17.158+0000: [GC (Allocation Failure) 2020-10-29T13:18:17.158+0000: [ParNew: 16388K->4K(18432K), 0.0029690 secs] 531141K->514757K(896640K), 0.0030246 secs] [Times: user=0.00 sys=0.00, real=0.00 secs] 
2020-10-29T13:18:17.190+0000: [GC (Allocation Failure) 2020-10-29T13:18:17.190+0000: [ParNew: 16388K->4K(18432K), 0.0030386 secs] 531141K->514758K(896640K), 0.0030981 secs] [Times: user=0.00 sys=0.00, real=0.01 secs] 
2020-10-29T13:18:17.221+0000: [GC (Allocation Failure) 2020-10-29T13:18:17.221+0000: [ParNew: 16388K->4K(18432K), 0.0029771 secs] 531142K->514758K(896640K), 0.0030339 secs] [Times: user=0.01 sys=0.00, real=0.00 secs] 
2020-10-29T13:18:17.253+0000: [GC (Allocation Failure) 2020-10-29T13:18:17.253+0000: [ParNew: 16388K->4K(18432K), 0.0028952 secs] 531142K->514758K(896640K), 0.0029610 secs] [Times: user=0.01 sys=0.00, real=0.00 secs] 
2020-10-29T13:18:17.284+0000: [GC (Allocation Failure) 2020-10-29T13:18:17.285+0000: [ParNew: 16388K->4K(18432K), 0.0029892 secs] 531142K->514758K(896640K), 0.0030448 secs] [Times: user=0.01 sys=0.00, real=0.00 secs] 
2020-10-29T13:18:17.315+0000: [GC (Allocation Failure) 2020-10-29T13:18:17.315+0000: [ParNew: 16388K->2K(18432K), 0.0051712 secs] 531142K->514755K(896640K), 0.0052437 secs] [Times: user=0.01 sys=0.00, real=0.00 secs] 
2020-10-29T13:18:17.352+0000: [GC (Allocation Failure) 2020-10-29T13:18:17.353+0000: [ParNew: 16386K->4K(18432K), 0.0029371 secs] 531139K->514758K(896640K), 0.0029945 secs] [Times: user=0.01 sys=0.00, real=0.00 secs] 
2020-10-29T13:18:17.385+0000: [GC (Allocation Failure) 2020-10-29T13:18:17.386+0000: [ParNew: 16388K->4K(18432K), 0.0029898 secs] 531142K->514758K(896640K), 0.0030448 secs] [Times: user=0.00 sys=0.00, real=0.00 secs] 
2020-10-29T13:18:17.746+0000: [GC (Allocation Failure) 2020-10-29T13:18:17.746+0000: [ParNew: 16388K->4K(18432K), 0.0029595 secs] 531142K->514758K(896640K), 0.0030158 secs] [Times: user=0.00 sys=0.00, real=0.00 secs] 
2020-10-29T13:18:17.948+0000: [GC (Allocation Failure) 2020-10-29T13:18:17.948+0000: [ParNew: 16388K->145K(18432K), 0.0031087 secs] 531142K->514898K(896640K), 0.0031774 secs] [Times: user=0.00 sys=0.00, real=0.00 secs] 
2020-10-29T13:18:18.021+0000: [GC (Allocation Failure) 2020-10-29T13:18:18.021+0000: [ParNew: 16529K->18K(18432K), 0.0030046 secs] 531282K->514772K(896640K), 0.0030629 secs] [Times: user=0.01 sys=0.00, real=0.01 secs] 
2020-10-29T13:18:18.104+0000: [GC (Allocation Failure) 2020-10-29T13:18:18.104+0000: [ParNew: 16402K->20K(18432K), 0.0030134 secs] 531156K->514774K(896640K), 0.0030718 secs] [Times: user=0.01 sys=0.00, real=0.01 secs] 
2020-10-29T13:18:18.249+0000: [GC (Allocation Failure) 2020-10-29T13:18:18.249+0000: [ParNew: 16404K->20K(18432K), 0.0063403 secs] 531158K->514774K(896640K), 0.0064208 secs] [Times: user=0.01 sys=0.00, real=0.01 secs] 
2020-10-29T13:18:18.340+0000: [GC (Allocation Failure) 2020-10-29T13:18:18.341+0000: [ParNew: 16404K->21K(18432K), 0.0030048 secs] 531158K->514775K(896640K), 0.0030622 secs] [Times: user=0.01 sys=0.00, real=0.00 secs] 
2020-10-29T13:18:18.415+0000: [GC (Allocation Failure) 2020-10-29T13:18:18.415+0000: [ParNew: 16405K->21K(18432K), 0.0036781 secs] 531159K->514776K(896640K), 0.0037387 secs] [Times: user=0.01 sys=0.00, real=0.00 secs] 
2020-10-29T13:18:18.456+0000: [GC (Allocation Failure) 2020-10-29T13:18:18.457+0000: [ParNew: 16405K->13K(18432K), 0.0030705 secs] 531160K->514781K(896640K), 0.0031301 secs] [Times: user=0.00 sys=0.00, real=0.00 secs] 
2020-10-29T13:18:18.480+0000: [GC (Allocation Failure) 2020-10-29T13:18:18.481+0000: [ParNew: 16397K->4K(18432K), 0.0029298 secs] 531165K->514772K(896640K), 0.0029888 secs] [Times: user=0.01 sys=0.00, real=0.00 secs] 
2020-10-29T13:18:18.500+0000: [GC (Allocation Failure) 2020-10-29T13:18:18.500+0000: [ParNew: 16388K->4K(18432K), 0.0029531 secs] 531156K->514772K(896640K), 0.0030221 secs] [Times: user=0.01 sys=0.00, real=0.00 secs] 
2020-10-29T13:18:18.530+0000: [GC (Allocation Failure) 2020-10-29T13:18:18.530+0000: [ParNew: 16388K->4K(18432K), 0.0029216 secs] 531156K->514772K(896640K), 0.0029795 secs] [Times: user=0.01 sys=0.00, real=0.01 secs] 
2020-10-29T13:18:18.554+0000: [GC (Allocation Failure) 2020-10-29T13:18:18.554+0000: [ParNew: 16388K->4K(18432K), 0.0029321 secs] 531156K->514772K(896640K), 0.0030079 secs] [Times: user=0.00 sys=0.00, real=0.00 secs] 
2020-10-29T13:18:18.575+0000: [GC (Allocation Failure) 2020-10-29T13:18:18.575+0000: [ParNew: 16388K->4K(18432K), 0.0029233 secs] 531156K->514772K(896640K), 0.0029964 secs] [Times: user=0.00 sys=0.00, real=0.00 secs] 
2020-10-29T13:18:18.596+0000: [GC (Allocation Failure) 2020-10-29T13:18:18.597+0000: [ParNew: 16388K->4K(18432K), 0.0028917 secs] 531156K->514773K(896640K), 0.0029545 secs] [Times: user=0.00 sys=0.00, real=0.00 secs] 
2020-10-29T13:18:18.616+0000: [GC (Allocation Failure) 2020-10-29T13:18:18.617+0000: [ParNew: 16388K->4K(18432K), 0.0029017 secs] 531157K->514773K(896640K), 0.0029564 secs] [Times: user=0.01 sys=0.00, real=0.00 secs] 
2020-10-29T13:18:18.633+0000: [GC (Allocation Failure) 2020-10-29T13:18:18.633+0000: [ParNew: 16388K->4K(18432K), 0.0029537 secs] 531157K->514773K(896640K), 0.0030149 secs] [Times: user=0.00 sys=0.00, real=0.00 secs] 
2020-10-29T13:18:18.651+0000: [GC (Allocation Failure) 2020-10-29T13:18:18.651+0000: [ParNew: 16388K->4K(18432K), 0.0029194 secs] 531157K->514773K(896640K), 0.0029740 secs] [Times: user=0.00 sys=0.00, real=0.01 secs] 
2020-10-29T13:18:18.667+0000: [GC (Allocation Failure) 2020-10-29T13:18:18.667+0000: [ParNew: 16388K->4K(18432K), 0.0029087 secs] 531157K->514773K(896640K), 0.0029624 secs] [Times: user=0.01 sys=0.00, real=0.00 secs] 
2020-10-29T13:18:18.684+0000: [GC (Allocation Failure) 2020-10-29T13:18:18.684+0000: [ParNew: 16388K->4K(18432K), 0.0029527 secs] 531157K->514773K(896640K), 0.0030040 secs] [Times: user=0.01 sys=0.00, real=0.01 secs] 
2020-10-29T13:18:18.704+0000: [GC (Allocation Failure) 2020-10-29T13:18:18.705+0000: [ParNew: 16388K->4K(18432K), 0.0028780 secs] 531157K->514773K(896640K), 0.0029311 secs] [Times: user=0.00 sys=0.00, real=0.00 secs] 
2020-10-29T13:18:18.721+0000: [GC (Allocation Failure) 2020-10-29T13:18:18.721+0000: [ParNew: 16388K->4K(18432K), 0.0029212 secs] 531157K->514773K(896640K), 0.0029747 secs] [Times: user=0.00 sys=0.00, real=0.00 secs] 
2020-10-29T13:18:18.738+0000: [GC (Allocation Failure) 2020-10-29T13:18:18.738+0000: [ParNew: 16388K->4K(18432K), 0.0029282 secs] 531157K->514773K(896640K), 0.0029830 secs] [Times: user=0.00 sys=0.00, real=0.00 secs] 
2020-10-29T13:18:18.755+0000: [GC (Allocation Failure) 2020-10-29T13:18:18.755+0000: [ParNew: 16388K->4K(18432K), 0.0029256 secs] 531157K->514773K(896640K), 0.0029805 secs] [Times: user=0.01 sys=0.00, real=0.00 secs] 
2020-10-29T13:18:18.776+0000: [GC (Allocation Failure) 2020-10-29T13:18:18.776+0000: [ParNew: 16388K->4K(18432K), 0.0029311 secs] 531157K->514773K(896640K), 0.0029881 secs] [Times: user=0.00 sys=0.00, real=0.00 secs] 
2020-10-29T13:18:18.793+0000: [GC (Allocation Failure) 2020-10-29T13:18:18.793+0000: [ParNew: 16388K->4K(18432K), 0.0029876 secs] 531157K->514773K(896640K), 0.0030450 secs] [Times: user=0.01 sys=0.00, real=0.00 secs] 
2020-10-29T13:18:18.810+0000: [GC (Allocation Failure) 2020-10-29T13:18:18.810+0000: [ParNew: 16388K->4K(18432K), 0.0029365 secs] 531157K->514773K(896640K), 0.0029930 secs] [Times: user=0.01 sys=0.00, real=0.01 secs] 
2020-10-29T13:18:18.829+0000: [GC (Allocation Failure) 2020-10-29T13:18:18.829+0000: [ParNew: 16388K->4K(18432K), 0.0029352 secs] 531157K->514773K(896640K), 0.0029895 secs] [Times: user=0.00 sys=0.00, real=0.00 secs] 
2020-10-29T13:18:18.846+0000: [GC (Allocation Failure) 2020-10-29T13:18:18.846+0000: [ParNew: 16388K->4K(18432K), 0.0029511 secs] 531157K->514773K(896640K), 0.0030079 secs] [Times: user=0.01 sys=0.00, real=0.00 secs] 
2020-10-29T13:18:18.864+0000: [GC (Allocation Failure) 2020-10-29T13:18:18.865+0000: [ParNew: 16388K->4K(18432K), 0.0029165 secs] 531157K->514773K(896640K), 0.0029712 secs] [Times: user=0.00 sys=0.00, real=0.00 secs] 
2020-10-29T13:18:18.882+0000: [GC (Allocation Failure) 2020-10-29T13:18:18.882+0000: [ParNew: 16388K->4K(18432K), 0.0029030 secs] 531157K->514773K(896640K), 0.0029565 secs] [Times: user=0.00 sys=0.00, real=0.01 secs] 
2020-10-29T13:18:18.900+0000: [GC (Allocation Failure) 2020-10-29T13:18:18.901+0000: [ParNew: 16388K->4K(18432K), 0.0028931 secs] 531157K->514773K(896640K), 0.0029467 secs] [Times: user=0.01 sys=0.00, real=0.00 secs] 
2020-10-29T13:18:18.917+0000: [GC (Allocation Failure) 2020-10-29T13:18:18.917+0000: [ParNew: 16388K->4K(18432K), 0.0029462 secs] 531157K->514773K(896640K), 0.0030031 secs] [Times: user=0.00 sys=0.00, real=0.00 secs] 
2020-10-29T13:18:18.936+0000: [GC (Allocation Failure) 2020-10-29T13:18:18.937+0000: [ParNew: 16388K->4K(18432K), 0.0029899 secs] 531157K->514773K(896640K), 0.0030539 secs] [Times: user=0.01 sys=0.00, real=0.00 secs] 
2020-10-29T13:18:18.954+0000: [GC (Allocation Failure) 2020-10-29T13:18:18.954+0000: [ParNew: 16388K->4K(18432K), 0.0029539 secs] 531157K->514773K(896640K), 0.0030094 secs] [Times: user=0.00 sys=0.00, real=0.00 secs] 
2020-10-29T13:18:18.971+0000: [GC (Allocation Failure) 2020-10-29T13:18:18.971+0000: [ParNew: 16388K->4K(18432K), 0.0029986 secs] 531157K->514773K(896640K), 0.0030582 secs] [Times: user=0.01 sys=0.00, real=0.01 secs] 
2020-10-29T13:18:18.988+0000: [GC (Allocation Failure) 2020-10-29T13:18:18.989+0000: [ParNew: 16388K->4K(18432K), 0.0030002 secs] 531157K->514773K(896640K), 0.0030555 secs] [Times: user=0.01 sys=0.00, real=0.00 secs] 
2020-10-29T13:18:19.006+0000: [GC (Allocation Failure) 2020-10-29T13:18:19.006+0000: [ParNew: 16388K->4K(18432K), 0.0029321 secs] 531157K->514773K(896640K), 0.0029926 secs] [Times: user=0.00 sys=0.00, real=0.00 secs] 
2020-10-29T13:18:19.022+0000: [GC (Allocation Failure) 2020-10-29T13:18:19.022+0000: [ParNew: 16388K->4K(18432K), 0.0029641 secs] 531157K->514773K(896640K), 0.0030190 secs] [Times: user=0.01 sys=0.00, real=0.01 secs] 
2020-10-29T13:18:19.040+0000: [GC (Allocation Failure) 2020-10-29T13:18:19.041+0000: [ParNew: 16388K->2K(18432K), 0.0030119 secs] 531157K->514771K(896640K), 0.0030675 secs] [Times: user=0.01 sys=0.00, real=0.00 secs] 
2020-10-29T13:18:19.057+0000: [GC (Allocation Failure) 2020-10-29T13:18:19.057+0000: [ParNew: 16386K->4K(18432K), 0.0029320 secs] 531155K->514773K(896640K), 0.0029856 secs] [Times: user=0.01 sys=0.00, real=0.00 secs] 
2020-10-29T13:18:19.074+0000: [GC (Allocation Failure) 2020-10-29T13:18:19.074+0000: [ParNew: 16388K->4K(18432K), 0.0029863 secs] 531157K->514773K(896640K), 0.0030424 secs] [Times: user=0.00 sys=0.00, real=0.00 secs] 
2020-10-29T13:18:19.092+0000: [GC (Allocation Failure) 2020-10-29T13:18:19.093+0000: [ParNew: 16388K->2K(18432K), 0.0030057 secs] 531157K->514771K(896640K), 0.0030611 secs] [Times: user=0.01 sys=0.00, real=0.00 secs] 
2020-10-29T13:18:19.110+0000: [GC (Allocation Failure) 2020-10-29T13:18:19.110+0000: [ParNew: 16386K->4K(18432K), 0.0029272 secs] 531155K->514773K(896640K), 0.0029822 secs] [Times: user=0.01 sys=0.00, real=0.01 secs] 
2020-10-29T13:18:19.128+0000: [GC (Allocation Failure) 2020-10-29T13:18:19.128+0000: [ParNew: 16388K->4K(18432K), 0.0029171 secs] 531157K->514773K(896640K), 0.0029706 secs] [Times: user=0.00 sys=0.00, real=0.00 secs] 
2020-10-29T13:18:19.144+0000: [GC (Allocation Failure) 2020-10-29T13:18:19.144+0000: [ParNew: 16388K->4K(18432K), 0.0029035 secs] 531157K->514773K(896640K), 0.0029552 secs] [Times: user=0.01 sys=0.00, real=0.00 secs] 
2020-10-29T13:18:19.165+0000: [GC (Allocation Failure) 2020-10-29T13:18:19.165+0000: [ParNew: 16388K->4K(18432K), 0.0029426 secs] 531157K->514773K(896640K), 0.0029999 secs] [Times: user=0.00 sys=0.00, real=0.00 secs] 
2020-10-29T13:18:19.181+0000: [GC (Allocation Failure) 2020-10-29T13:18:19.181+0000: [ParNew: 16388K->4K(18432K), 0.0029019 secs] 531157K->514773K(896640K), 0.0029550 secs] [Times: user=0.00 sys=0.00, real=0.00 secs] 
2020-10-29T13:18:19.200+0000: [GC (Allocation Failure) 2020-10-29T13:18:19.201+0000: [ParNew: 16388K->4K(18432K), 0.0028558 secs] 531157K->514773K(896640K), 0.0029074 secs] [Times: user=0.01 sys=0.00, real=0.00 secs] 
2020-10-29T13:18:19.217+0000: [GC (Allocation Failure) 2020-10-29T13:18:19.217+0000: [ParNew: 16388K->4K(18432K), 0.0027972 secs] 531157K->514773K(896640K), 0.0028474 secs] [Times: user=0.00 sys=0.00, real=0.00 secs] 
2020-10-29T13:18:19.234+0000: [GC (Allocation Failure) 2020-10-29T13:18:19.234+0000: [ParNew: 16388K->4K(18432K), 0.0028605 secs] 531157K->514773K(896640K), 0.0029109 secs] [Times: user=0.00 sys=0.00, real=0.00 secs] 
2020-10-29T13:18:19.251+0000: [GC (Allocation Failure) 2020-10-29T13:18:19.251+0000: [ParNew: 16388K->4K(18432K), 0.0028550 secs] 531157K->514773K(896640K), 0.0029051 secs] [Times: user=0.00 sys=0.00, real=0.01 secs] 
2020-10-29T13:18:19.268+0000: [GC (Allocation Failure) 2020-10-29T13:18:19.269+0000: [ParNew: 16388K->4K(18432K), 0.0028861 secs] 531157K->514773K(896640K), 0.0029402 secs] [Times: user=0.00 sys=0.00, real=0.00 secs] 
2020-10-29T13:18:19.288+0000: [GC (Allocation Failure) 2020-10-29T13:18:19.289+0000: [ParNew: 16388K->4K(18432K), 0.0028614 secs] 531157K->514773K(896640K), 0.0029137 secs] [Times: user=0.01 sys=0.00, real=0.00 secs] 
2020-10-29T13:18:19.305+0000: [GC (Allocation Failure) 2020-10-29T13:18:19.305+0000: [ParNew: 16388K->4K(18432K), 0.0028993 secs] 531157K->514773K(896640K), 0.0029547 secs] [Times: user=0.01 sys=0.00, real=0.00 secs] 
2020-10-29T13:18:19.322+0000: [GC (Allocation Failure) 2020-10-29T13:18:19.322+0000: [ParNew: 16388K->4K(18432K), 0.0029199 secs] 531157K->514773K(896640K), 0.0029746 secs] [Times: user=0.01 sys=0.00, real=0.01 secs] 
2020-10-29T13:18:19.340+0000: [GC (Allocation Failure) 2020-10-29T13:18:19.341+0000: [ParNew: 16388K->4K(18432K), 0.0029146 secs] 531157K->514773K(896640K), 0.0029674 secs] [Times: user=0.01 sys=0.00, real=0.00 secs] 
2020-10-29T13:18:19.357+0000: [GC (Allocation Failure) 2020-10-29T13:18:19.357+0000: [ParNew: 16388K->4K(18432K), 0.0028693 secs] 531157K->514773K(896640K), 0.0029204 secs] [Times: user=0.01 sys=0.00, real=0.00 secs] 
2020-10-29T13:18:19.374+0000: [GC (Allocation Failure) 2020-10-29T13:18:19.374+0000: [ParNew: 16388K->4K(18432K), 0.0028563 secs] 531157K->514773K(896640K), 0.0029081 secs] [Times: user=0.00 sys=0.00, real=0.00 secs] 
2020-10-29T13:18:19.390+0000: [GC (Allocation Failure) 2020-10-29T13:18:19.391+0000: [ParNew: 16388K->4K(18432K), 0.0028749 secs] 531157K->514773K(896640K), 0.0029269 secs] [Times: user=0.01 sys=0.00, real=0.01 secs] 
2020-10-29T13:18:19.408+0000: [GC (Allocation Failure) 2020-10-29T13:18:19.409+0000: [ParNew: 16388K->4K(18432K), 0.0029001 secs] 531157K->514773K(896640K), 0.0029523 secs] [Times: user=0.01 sys=0.00, real=0.00 secs] 
2020-10-29T13:18:19.425+0000: [GC (Allocation Failure) 2020-10-29T13:18:19.425+0000: [ParNew: 16388K->4K(18432K), 0.0028818 secs] 531157K->514773K(896640K), 0.0029334 secs] [Times: user=0.00 sys=0.00, real=0.00 secs] 
2020-10-29T13:18:19.443+0000: [GC (Allocation Failure) 2020-10-29T13:18:19.443+0000: [ParNew: 16388K->4K(18432K), 0.0029331 secs] 531157K->514773K(896640K), 0.0029873 secs] [Times: user=0.00 sys=0.00, real=0.01 secs] 
2020-10-29T13:18:19.459+0000: [GC (Allocation Failure) 2020-10-29T13:18:19.459+0000: [ParNew: 16388K->4K(18432K), 0.0029052 secs] 531157K->514773K(896640K), 0.0029584 secs] [Times: user=0.01 sys=0.00, real=0.00 secs] 
2020-10-29T13:18:19.476+0000: [GC (Allocation Failure) 2020-10-29T13:18:19.476+0000: [ParNew: 16388K->4K(18432K), 0.0029090 secs] 531157K->514773K(896640K), 0.0029604 secs] [Times: user=0.01 sys=0.00, real=0.00 secs] 
2020-10-29T13:18:19.496+0000: [GC (Allocation Failure) 2020-10-29T13:18:19.497+0000: [ParNew: 16388K->4K(18432K), 0.0029792 secs] 531157K->514773K(896640K), 0.0030347 secs] [Times: user=0.01 sys=0.00, real=0.00 secs] 
2020-10-29T13:18:19.513+0000: [GC (Allocation Failure) 2020-10-29T13:18:19.513+0000: [ParNew: 16388K->4K(18432K), 0.0028398 secs] 531157K->514773K(896640K), 0.0028915 secs] [Times: user=0.01 sys=0.00, real=0.00 secs] 
2020-10-29T13:18:19.532+0000: [GC (Allocation Failure) 2020-10-29T13:18:19.533+0000: [ParNew: 16388K->4K(18432K), 0.0029434 secs] 531157K->514773K(896640K), 0.0029968 secs] [Times: user=0.00 sys=0.00, real=0.00 secs] 
2020-10-29T13:18:19.550+0000: [GC (Allocation Failure) 2020-10-29T13:18:19.550+0000: [ParNew: 16388K->2K(18432K), 0.0028972 secs] 531157K->514771K(896640K), 0.0029506 secs] [Times: user=0.00 sys=0.00, real=0.01 secs] 
2020-10-29T13:18:19.568+0000: [GC (Allocation Failure) 2020-10-29T13:18:19.569+0000: [ParNew: 16386K->4K(18432K), 0.0029182 secs] 531155K->514773K(896640K), 0.0029715 secs] [Times: user=0.01 sys=0.00, real=0.00 secs] 
2020-10-29T13:18:19.588+0000: [GC (Allocation Failure) 2020-10-29T13:18:19.589+0000: [ParNew: 16388K->4K(18432K), 0.0029206 secs] 531157K->514773K(896640K), 0.0029846 secs] [Times: user=0.00 sys=0.00, real=0.00 secs] 
2020-10-29T13:18:19.606+0000: [GC (Allocation Failure) 2020-10-29T13:18:19.606+0000: [ParNew: 16388K->4K(18432K), 0.0029116 secs] 531157K->514773K(896640K), 0.0029661 secs] [Times: user=0.01 sys=0.00, real=0.00 secs] 
2020-10-29T13:18:19.622+0000: [GC (Allocation Failure) 2020-10-29T13:18:19.622+0000: [ParNew: 16388K->4K(18432K), 0.0029664 secs] 531157K->514773K(896640K), 0.0030193 secs] [Times: user=0.01 sys=0.00, real=0.01 secs] 
2020-10-29T13:18:19.639+0000: [GC (Allocation Failure) 2020-10-29T13:18:19.639+0000: [ParNew: 16388K->4K(18432K), 0.0029164 secs] 531157K->514773K(896640K), 0.0029721 secs] [Times: user=0.00 sys=0.00, real=0.00 secs] 
2020-10-29T13:18:19.656+0000: [GC (Allocation Failure) 2020-10-29T13:18:19.656+0000: [ParNew: 16388K->4K(18432K), 0.0028462 secs] 531157K->514773K(896640K), 0.0028972 secs] [Times: user=0.01 sys=0.00, real=0.00 secs] 
2020-10-29T13:18:19.693+0000: [GC (Allocation Failure) 2020-10-29T13:18:19.694+0000: [ParNew: 16388K->4K(18432K), 0.0029552 secs] 531157K->514773K(896640K), 0.0030095 secs] [Times: user=0.01 sys=0.00, real=0.00 secs] 
2020-10-29T13:18:19.735+0000: [GC (Allocation Failure) 2020-10-29T13:18:19.735+0000: [ParNew: 16388K->4K(18432K), 0.0061487 secs] 531157K->514773K(896640K), 0.0062084 secs] [Times: user=0.01 sys=0.00, real=0.00 secs] 
2020-10-29T13:18:19.770+0000: [GC (Allocation Failure) 2020-10-29T13:18:19.770+0000: [ParNew: 16388K->6K(18432K), 0.0029523 secs] 531157K->514775K(896640K), 0.0030086 secs] [Times: user=0.00 sys=0.00, real=0.01 secs] 
2020-10-29T13:18:19.789+0000: [GC (Allocation Failure) 2020-10-29T13:18:19.789+0000: [ParNew: 16390K->4K(18432K), 0.0029519 secs] 531159K->514773K(896640K), 0.0030084 secs] [Times: user=0.00 sys=0.00, real=0.00 secs] 
2020-10-29T13:18:19.808+0000: [GC (Allocation Failure) 2020-10-29T13:18:19.808+0000: [ParNew: 16388K->4K(18432K), 0.0029301 secs] 531157K->514773K(896640K), 0.0029822 secs] [Times: user=0.00 sys=0.00, real=0.00 secs] 
2020-10-29T13:18:19.826+0000: [GC (Allocation Failure) 2020-10-29T13:18:19.826+0000: [ParNew: 16388K->6K(18432K), 0.0029851 secs] 531157K->514775K(896640K), 0.0030404 secs] [Times: user=0.01 sys=0.00, real=0.00 secs] 
2020-10-29T13:18:19.936+0000: [GC (Allocation Failure) 2020-10-29T13:18:19.936+0000: [ParNew: 16390K->722K(18432K), 0.0038093 secs] 531159K->515493K(896640K), 0.0038581 secs] [Times: user=0.01 sys=0.00, real=0.00 secs] 
2020-10-29T13:18:20.098+0000: [GC (Allocation Failure) 2020-10-29T13:18:20.098+0000: [ParNew: 17106K->1430K(18432K), 0.0040052 secs] 531877K->516202K(896640K), 0.0040635 secs] [Times: user=0.01 sys=0.00, real=0.00 secs] 
2020-10-29T13:18:20.135+0000: [GC (Allocation Failure) 2020-10-29T13:18:20.135+0000: [ParNew: 17814K->1008K(18432K), 0.0041114 secs] 532586K->516246K(896640K), 0.0041687 secs] [Times: user=0.00 sys=0.00, real=0.00 secs] 
2020-10-29T13:18:20.162+0000: [GC (Allocation Failure) 2020-10-29T13:18:20.162+0000: [ParNew: 17392K->1383K(18432K), 0.0034372 secs] 532630K->516621K(896640K), 0.0034939 secs] [Times: user=0.01 sys=0.00, real=0.01 secs] 
2020-10-29T13:18:20.190+0000: [GC (Allocation Failure) 2020-10-29T13:18:20.190+0000: [ParNew: 17767K->991K(18432K), 0.0035962 secs] 533005K->516853K(896640K), 0.0036726 secs] [Times: user=0.00 sys=0.00, real=0.01 secs] 
2020-10-29T13:18:20.240+0000: [GC (Allocation Failure) 2020-10-29T13:18:20.240+0000: [ParNew: 17375K->824K(18432K), 0.0030881 secs] 533237K->516686K(896640K), 0.0031433 secs] [Times: user=0.01 sys=0.00, real=0.00 secs] 
2020-10-29T13:18:20.273+0000: [GC (Allocation Failure) 2020-10-29T13:18:20.273+0000: [ParNew: 17196K->1038K(18432K), 0.0031045 secs] 533058K->516900K(896640K), 0.0031601 secs] [Times: user=0.00 sys=0.00, real=0.00 secs] 
2020-10-29T13:18:20.302+0000: [GC (Allocation Failure) 2020-10-29T13:18:20.302+0000: [ParNew: 17422K->516K(18432K), 0.0031983 secs] 533284K->516890K(896640K), 0.0032720 secs] [Times: user=0.00 sys=0.00, real=0.01 secs] 
2020-10-29T13:18:20.331+0000: [GC (Allocation Failure) 2020-10-29T13:18:20.331+0000: [ParNew: 16900K->516K(18432K), 0.0030319 secs] 533274K->516890K(896640K), 0.0030880 secs] [Times: user=0.01 sys=0.00, real=0.01 secs] 
2020-10-29T13:18:20.359+0000: [GC (Allocation Failure) 2020-10-29T13:18:20.359+0000: [ParNew: 16900K->516K(18432K), 0.0030556 secs] 533274K->516890K(896640K), 0.0031125 secs] [Times: user=0.00 sys=0.00, real=0.00 secs] 
2020-10-29T13:18:20.384+0000: [GC (Allocation Failure) 2020-10-29T13:18:20.385+0000: [ParNew: 16900K->516K(18432K), 0.0058203 secs] 533274K->516890K(896640K), 0.0058735 secs] [Times: user=0.01 sys=0.00, real=0.00 secs] 
2020-10-29T13:18:20.418+0000: [GC (Allocation Failure) 2020-10-29T13:18:20.418+0000: [ParNew: 16900K->4K(18432K), 0.0029080 secs] 533274K->516378K(896640K), 0.0029609 secs] [Times: user=0.01 sys=0.00, real=0.00 secs] 
2020-10-29T13:18:20.445+0000: [GC (Allocation Failure) 2020-10-29T13:18:20.445+0000: [ParNew: 16388K->4K(18432K), 0.0029361 secs] 532762K->516378K(896640K), 0.0029931 secs] [Times: user=0.01 sys=0.00, real=0.00 secs] 
2020-10-29T13:18:20.478+0000: [GC (Allocation Failure) 2020-10-29T13:18:20.478+0000: [ParNew: 16388K->4K(18432K), 0.0030507 secs] 532762K->516378K(896640K), 0.0031127 secs] [Times: user=0.01 sys=0.00, real=0.00 secs] 
2020-10-29T13:18:20.503+0000: [GC (Allocation Failure) 2020-10-29T13:18:20.503+0000: [ParNew: 16388K->4K(18432K), 0.0055251 secs] 532762K->516378K(896640K), 0.0055827 secs] [Times: user=0.01 sys=0.00, real=0.01 secs] 
2020-10-29T13:18:20.549+0000: [GC (Allocation Failure) 2020-10-29T13:18:20.549+0000: [ParNew: 16388K->4K(18432K), 0.0029487 secs] 532762K->516378K(896640K), 0.0030059 secs] [Times: user=0.01 sys=0.00, real=0.00 secs] 
2020-10-29T13:18:20.580+0000: [GC (Allocation Failure) 2020-10-29T13:18:20.581+0000: [ParNew: 16388K->4K(18432K), 0.0041214 secs] 532762K->516378K(896640K), 0.0041891 secs] [Times: user=0.01 sys=0.00, real=0.01 secs] 
2020-10-29T13:18:20.624+0000: [GC (Allocation Failure) 2020-10-29T13:18:20.625+0000: [ParNew: 16388K->4K(18432K), 0.0029416 secs] 532762K->516378K(896640K), 0.0029972 secs] [Times: user=0.01 sys=0.00, real=0.00 secs] 
2020-10-29T13:18:20.653+0000: [GC (Allocation Failure) 2020-10-29T13:18:20.654+0000: [ParNew: 16388K->4K(18432K), 0.0029448 secs] 532762K->516378K(896640K), 0.0030155 secs] [Times: user=0.01 sys=0.00, real=0.00 secs] 
2020-10-29T13:18:20.682+0000: [GC (Allocation Failure) 2020-10-29T13:18:20.682+0000: [ParNew: 16388K->4K(18432K), 0.0029802 secs] 532762K->516378K(896640K), 0.0030565 secs] [Times: user=0.01 sys=0.00, real=0.01 secs] 
2020-10-29T13:18:20.713+0000: [GC (Allocation Failure) 2020-10-29T13:18:20.713+0000: [ParNew: 16388K->4K(18432K), 0.0029784 secs] 532762K->516378K(896640K), 0.0030658 secs] [Times: user=0.01 sys=0.00, real=0.00 secs] 
2020-10-29T13:18:20.744+0000: [GC (Allocation Failure) 2020-10-29T13:18:20.745+0000: [ParNew: 16388K->4K(18432K), 0.0061867 secs] 532762K->516378K(896640K), 0.0062625 secs] [Times: user=0.01 sys=0.00, real=0.00 secs] 
2020-10-29T13:18:20.775+0000: [GC (Allocation Failure) 2020-10-29T13:18:20.775+0000: [ParNew: 16388K->4K(18432K), 0.0029285 secs] 532762K->516378K(896640K), 0.0030095 secs] [Times: user=0.00 sys=0.00, real=0.00 secs] 
2020-10-29T13:18:20.804+0000: [GC (Allocation Failure) 2020-10-29T13:18:20.804+0000: [ParNew: 16388K->4K(18432K), 0.0029464 secs] 532762K->516378K(896640K), 0.0030137 secs] [Times: user=0.01 sys=0.01, real=0.01 secs] 
2020-10-29T13:18:20.829+0000: [GC (Allocation Failure) 2020-10-29T13:18:20.829+0000: [ParNew: 16388K->4K(18432K), 0.0029088 secs] 532762K->516378K(896640K), 0.0029793 secs] [Times: user=0.00 sys=0.00, real=0.00 secs] 
2020-10-29T13:18:20.873+0000: [GC (Allocation Failure) 2020-10-29T13:18:20.873+0000: [ParNew: 16388K->4K(18432K), 0.0061741 secs] 532762K->516378K(896640K), 0.0062477 secs] [Times: user=0.01 sys=0.00, real=0.00 secs] 
2020-10-29T13:18:20.914+0000: [GC (Allocation Failure) 2020-10-29T13:18:20.914+0000: [ParNew: 16388K->4K(18432K), 0.0062019 secs] 532762K->516378K(896640K), 0.0062779 secs] [Times: user=0.01 sys=0.00, real=0.00 secs] 
2020-10-29T13:18:20.954+0000: [GC (Allocation Failure) 2020-10-29T13:18:20.954+0000: [ParNew: 16388K->4K(18432K), 0.0061262 secs] 532762K->516378K(896640K), 0.0062028 secs] [Times: user=0.01 sys=0.00, real=0.00 secs] 
2020-10-29T13:18:20.988+0000: [GC (Allocation Failure) 2020-10-29T13:18:20.988+0000: [ParNew: 16388K->4K(18432K), 0.0029325 secs] 532762K->516378K(896640K), 0.0029956 secs] [Times: user=0.01 sys=0.00, real=0.00 secs] 
2020-10-29T13:18:21.015+0000: [GC (Allocation Failure) 2020-10-29T13:18:21.015+0000: [ParNew: 16388K->4K(18432K), 0.0029478 secs] 532762K->516378K(896640K), 0.0030043 secs] [Times: user=0.01 sys=0.00, real=0.00 secs] 
2020-10-29T13:18:21.044+0000: [GC (Allocation Failure) 2020-10-29T13:18:21.045+0000: [ParNew: 16388K->4K(18432K), 0.0029227 secs] 532762K->516378K(896640K), 0.0029792 secs] [Times: user=0.00 sys=0.00, real=0.00 secs] 
2020-10-29T13:18:21.087+0000: [GC (Allocation Failure) 2020-10-29T13:18:21.087+0000: [ParNew: 16388K->4K(18432K), 0.0029528 secs] 532762K->516378K(896640K), 0.0030101 secs] [Times: user=0.01 sys=0.00, real=0.00 secs] 
2020-10-29T13:18:21.116+0000: [GC (Allocation Failure) 2020-10-29T13:18:21.116+0000: [ParNew: 16388K->4K(18432K), 0.0029590 secs] 532762K->516378K(896640K), 0.0030201 secs] [Times: user=0.01 sys=0.00, real=0.00 secs] 
2020-10-29T13:18:21.147+0000: [GC (Allocation Failure) 2020-10-29T13:18:21.147+0000: [ParNew: 16388K->4K(18432K), 0.0034634 secs] 532762K->516378K(896640K), 0.0035312 secs] [Times: user=0.01 sys=0.00, real=0.00 secs] 
2020-10-29T13:18:21.170+0000: [GC (Allocation Failure) 2020-10-29T13:18:21.170+0000: [ParNew: 16388K->4K(18432K), 0.0029702 secs] 532762K->516378K(896640K), 0.0030441 secs] [Times: user=0.00 sys=0.00, real=0.01 secs] 
2020-10-29T13:18:21.196+0000: [GC (Allocation Failure) 2020-10-29T13:18:21.197+0000: [ParNew: 16388K->4K(18432K), 0.0029096 secs] 532762K->516378K(896640K), 0.0029632 secs] [Times: user=0.01 sys=0.00, real=0.00 secs] 
2020-10-29T13:18:21.229+0000: [GC (Allocation Failure) 2020-10-29T13:18:21.229+0000: [ParNew: 16388K->4K(18432K), 0.0062690 secs] 532762K->516379K(896640K), 0.0063235 secs] [Times: user=0.01 sys=0.00, real=0.01 secs] 
2020-10-29T13:18:21.264+0000: [GC (Allocation Failure) 2020-10-29T13:18:21.265+0000: [ParNew: 16388K->2K(18432K), 0.0060595 secs] 532763K->516377K(896640K), 0.0061338 secs] [Times: user=0.01 sys=0.00, real=0.00 secs] 
2020-10-29T13:18:21.299+0000: [GC (Allocation Failure) 2020-10-29T13:18:21.299+0000: [ParNew: 16386K->4K(18432K), 0.0095954 secs] 532761K->516379K(896640K), 0.0096735 secs] [Times: user=0.02 sys=0.00, real=0.01 secs] 
2020-10-29T13:18:21.347+0000: [GC (Allocation Failure) 2020-10-29T13:18:21.347+0000: [ParNew: 16388K->4K(18432K), 0.0083405 secs] 532763K->516379K(896640K), 0.0084125 secs] [Times: user=0.02 sys=0.00, real=0.01 secs] 
2020-10-29T13:18:21.385+0000: [GC (Allocation Failure) 2020-10-29T13:18:21.385+0000: [ParNew: 16388K->4K(18432K), 0.0051346 secs] 532763K->516379K(896640K), 0.0052097 secs] [Times: user=0.01 sys=0.00, real=0.00 secs] 
2020-10-29T13:18:21.412+0000: [GC (Allocation Failure) 2020-10-29T13:18:21.413+0000: [ParNew: 16388K->4K(18432K), 0.0062826 secs] 532763K->516379K(896640K), 0.0063570 secs] [Times: user=0.01 sys=0.00, real=0.00 secs] 
2020-10-29T13:18:21.441+0000: [GC (Allocation Failure) 2020-10-29T13:18:21.441+0000: [ParNew: 16388K->4K(18432K), 0.0061713 secs] 532763K->516379K(896640K), 0.0062449 secs] [Times: user=0.01 sys=0.00, real=0.01 secs] 
2020-10-29T13:18:21.463+0000: [GC (Allocation Failure) 2020-10-29T13:18:21.463+0000: [ParNew: 16388K->4K(18432K), 0.0062647 secs] 532763K->516379K(896640K), 0.0063663 secs] [Times: user=0.02 sys=0.00, real=0.01 secs] 
2020-10-29T13:18:21.498+0000: [GC (Allocation Failure) 2020-10-29T13:18:21.498+0000: [ParNew: 16388K->4K(18432K), 0.0029562 secs] 532763K->516379K(896640K), 0.0030125 secs] [Times: user=0.01 sys=0.00, real=0.00 secs] 
2020-10-29T13:18:21.516+0000: [GC (Allocation Failure) 2020-10-29T13:18:21.516+0000: [ParNew: 16388K->4K(18432K), 0.0028880 secs] 532763K->516379K(896640K), 0.0029413 secs] [Times: user=0.00 sys=0.00, real=0.00 secs] 
2020-10-29T13:18:21.534+0000: [GC (Allocation Failure) 2020-10-29T13:18:21.534+0000: [ParNew: 16388K->4K(18432K), 0.0029836 secs] 532763K->516379K(896640K), 0.0030387 secs] [Times: user=0.00 sys=0.00, real=0.00 secs] 
2020-10-29T13:18:21.553+0000: [GC (Allocation Failure) 2020-10-29T13:18:21.553+0000: [ParNew: 16388K->4K(18432K), 0.0028907 secs] 532763K->516379K(896640K), 0.0029455 secs] [Times: user=0.01 sys=0.00, real=0.00 secs] 
2020-10-29T13:18:21.572+0000: [GC (Allocation Failure) 2020-10-29T13:18:21.573+0000: [ParNew: 16388K->4K(18432K), 0.0029535 secs] 532763K->516379K(896640K), 0.0030087 secs] [Times: user=0.01 sys=0.00, real=0.00 secs] 
2020-10-29T13:18:21.591+0000: [GC (Allocation Failure) 2020-10-29T13:18:21.591+0000: [ParNew: 16388K->4K(18432K), 0.0029438 secs] 532763K->516379K(896640K), 0.0029968 secs] [Times: user=0.00 sys=0.00, real=0.01 secs] 
2020-10-29T13:18:21.610+0000: [GC (Allocation Failure) 2020-10-29T13:18:21.610+0000: [ParNew: 16388K->4K(18432K), 0.0029716 secs] 532763K->516379K(896640K), 0.0030415 secs] [Times: user=0.00 sys=0.00, real=0.01 secs] 
2020-10-29T13:18:21.632+0000: [GC (Allocation Failure) 2020-10-29T13:18:21.632+0000: [ParNew: 16388K->4K(18432K), 0.0029064 secs] 532763K->516379K(896640K), 0.0029599 secs] [Times: user=0.00 sys=0.00, real=0.01 secs] 
2020-10-29T13:18:21.651+0000: [GC (Allocation Failure) 2020-10-29T13:18:21.651+0000: [ParNew: 16388K->4K(18432K), 0.0029289 secs] 532763K->516379K(896640K), 0.0029830 secs] [Times: user=0.01 sys=0.00, real=0.01 secs] 
2020-10-29T13:18:21.672+0000: [GC (Allocation Failure) 2020-10-29T13:18:21.673+0000: [ParNew: 16388K->4K(18432K), 0.0028898 secs] 532763K->516379K(896640K), 0.0029428 secs] [Times: user=0.01 sys=0.00, real=0.00 secs] 
2020-10-29T13:18:21.692+0000: [GC (Allocation Failure) 2020-10-29T13:18:21.693+0000: [ParNew: 16388K->4K(18432K), 0.0028906 secs] 532763K->516379K(896640K), 0.0029429 secs] [Times: user=0.01 sys=0.00, real=0.00 secs] 
2020-10-29T13:18:21.711+0000: [GC (Allocation Failure) 2020-10-29T13:18:21.711+0000: [ParNew: 16388K->4K(18432K), 0.0029260 secs] 532763K->516379K(896640K), 0.0029816 secs] [Times: user=0.00 sys=0.00, real=0.01 secs] 
2020-10-29T13:18:21.729+0000: [GC (Allocation Failure) 2020-10-29T13:18:21.729+0000: [ParNew: 16388K->4K(18432K), 0.0029074 secs] 532763K->516379K(896640K), 0.0029616 secs] [Times: user=0.00 sys=0.00, real=0.00 secs] 
2020-10-29T13:18:21.747+0000: [GC (Allocation Failure) 2020-10-29T13:18:21.747+0000: [ParNew: 16388K->4K(18432K), 0.0029884 secs] 532763K->516379K(896640K), 0.0030445 secs] [Times: user=0.01 sys=0.00, real=0.00 secs] 
2020-10-29T13:18:21.768+0000: [GC (Allocation Failure) 2020-10-29T13:18:21.769+0000: [ParNew: 16388K->4K(18432K), 0.0027742 secs] 532763K->516379K(896640K), 0.0028394 secs] [Times: user=0.00 sys=0.00, real=0.00 secs] 
2020-10-29T13:18:21.788+0000: [GC (Allocation Failure) 2020-10-29T13:18:21.788+0000: [ParNew: 16388K->4K(18432K), 0.0028251 secs] 532763K->516379K(896640K), 0.0028765 secs] [Times: user=0.01 sys=0.00, real=0.00 secs] 
2020-10-29T13:18:21.807+0000: [GC (Allocation Failure) 2020-10-29T13:18:21.807+0000: [ParNew: 16388K->4K(18432K), 0.0028623 secs] 532763K->516379K(896640K), 0.0029236 secs] [Times: user=0.01 sys=0.00, real=0.00 secs] 
2020-10-29T13:18:21.825+0000: [GC (Allocation Failure) 2020-10-29T13:18:21.825+0000: [ParNew: 16388K->4K(18432K), 0.0029120 secs] 532763K->516379K(896640K), 0.0029657 secs] [Times: user=0.00 sys=0.00, real=0.00 secs] 
2020-10-29T13:18:21.843+0000: [GC (Allocation Failure) 2020-10-29T13:18:21.844+0000: [ParNew: 16388K->4K(18432K), 0.0029183 secs] 532763K->516379K(896640K), 0.0029722 secs] [Times: user=0.01 sys=0.00, real=0.01 secs] 
2020-10-29T13:18:21.862+0000: [GC (Allocation Failure) 2020-10-29T13:18:21.862+0000: [ParNew: 16388K->4K(18432K), 0.0029836 secs] 532763K->516379K(896640K), 0.0030565 secs] [Times: user=0.00 sys=0.00, real=0.01 secs] 
2020-10-29T13:18:21.884+0000: [GC (Allocation Failure) 2020-10-29T13:18:21.884+0000: [ParNew: 16388K->4K(18432K), 0.0029291 secs] 532763K->516379K(896640K), 0.0029944 secs] [Times: user=0.01 sys=0.00, real=0.01 secs] 
2020-10-29T13:18:21.904+0000: [GC (Allocation Failure) 2020-10-29T13:18:21.904+0000: [ParNew: 16388K->4K(18432K), 0.0028733 secs] 532763K->516379K(896640K), 0.0029231 secs] [Times: user=0.00 sys=0.00, real=0.00 secs] 
2020-10-29T13:18:21.924+0000: [GC (Allocation Failure) 2020-10-29T13:18:21.925+0000: [ParNew: 16388K->4K(18432K), 0.0029553 secs] 532763K->516379K(896640K), 0.0030115 secs] [Times: user=0.01 sys=0.00, real=0.00 secs] 
2020-10-29T13:18:21.945+0000: [GC (Allocation Failure) 2020-10-29T13:18:21.945+0000: [ParNew: 16388K->4K(18432K), 0.0029234 secs] 532763K->516379K(896640K), 0.0029787 secs] [Times: user=0.01 sys=0.00, real=0.00 secs] 
2020-10-29T13:18:21.963+0000: [GC (Allocation Failure) 2020-10-29T13:18:21.963+0000: [ParNew: 16388K->4K(18432K), 0.0029944 secs] 532763K->516379K(896640K), 0.0030574 secs] [Times: user=0.01 sys=0.00, real=0.01 secs] 
2020-10-29T13:18:21.981+0000: [GC (Allocation Failure) 2020-10-29T13:18:21.982+0000: [ParNew: 16388K->4K(18432K), 0.0029626 secs] 532763K->516379K(896640K), 0.0030168 secs] [Times: user=0.00 sys=0.00, real=0.01 secs] 
2020-10-29T13:18:22.000+0000: [GC (Allocation Failure) 2020-10-29T13:18:22.000+0000: [ParNew: 16388K->4K(18432K), 0.0028688 secs] 532763K->516379K(896640K), 0.0029190 secs] [Times: user=0.01 sys=0.00, real=0.00 secs] 
2020-10-29T13:18:22.020+0000: [GC (Allocation Failure) 2020-10-29T13:18:22.020+0000: [ParNew: 16388K->4K(18432K), 0.0029037 secs] 532763K->516379K(896640K), 0.0029513 secs] [Times: user=0.01 sys=0.00, real=0.00 secs] 
2020-10-29T13:18:22.040+0000: [GC (Allocation Failure) 2020-10-29T13:18:22.041+0000: [ParNew: 16388K->4K(18432K), 0.0029610 secs] 532763K->516379K(896640K), 0.0030163 secs] [Times: user=0.01 sys=0.00, real=0.00 secs] 
2020-10-29T13:18:22.059+0000: [GC (Allocation Failure) 2020-10-29T13:18:22.059+0000: [ParNew: 16388K->4K(18432K), 0.0028463 secs] 532763K->516379K(896640K), 0.0028946 secs] [Times: user=0.01 sys=0.00, real=0.00 secs] 
2020-10-29T13:18:22.077+0000: [GC (Allocation Failure) 2020-10-29T13:18:22.077+0000: [ParNew: 16388K->4K(18432K), 0.0028713 secs] 532763K->516379K(896640K), 0.0029195 secs] [Times: user=0.01 sys=0.00, real=0.00 secs] 
2020-10-29T13:18:22.095+0000: [GC (Allocation Failure) 2020-10-29T13:18:22.095+0000: [ParNew: 16388K->4K(18432K), 0.0029009 secs] 532763K->516379K(896640K), 0.0029556 secs] [Times: user=0.00 sys=0.00, real=0.00 secs] 
2020-10-29T13:18:22.113+0000: [GC (Allocation Failure) 2020-10-29T13:18:22.113+0000: [ParNew: 16388K->4K(18432K), 0.0027605 secs] 532763K->516379K(896640K), 0.0028085 secs] [Times: user=0.01 sys=0.00, real=0.00 secs] 
2020-10-29T13:18:22.131+0000: [GC (Allocation Failure) 2020-10-29T13:18:22.131+0000: [ParNew: 16388K->4K(18432K), 0.0029405 secs] 532763K->516379K(896640K), 0.0029954 secs] [Times: user=0.00 sys=0.00, real=0.01 secs] 
2020-10-29T13:18:22.150+0000: [GC (Allocation Failure) 2020-10-29T13:18:22.150+0000: [ParNew: 16388K->4K(18432K), 0.0029555 secs] 532763K->516379K(896640K), 0.0030092 secs] [Times: user=0.01 sys=0.00, real=0.01 secs] 
2020-10-29T13:18:22.168+0000: [GC (Allocation Failure) 2020-10-29T13:18:22.168+0000: [ParNew: 16388K->4K(18432K), 0.0028869 secs] 532763K->516379K(896640K), 0.0029472 secs] [Times: user=0.01 sys=0.00, real=0.00 secs] 
2020-10-29T13:18:22.188+0000: [GC (Allocation Failure) 2020-10-29T13:18:22.189+0000: [ParNew: 16388K->4K(18432K), 0.0029161 secs] 532763K->516379K(896640K), 0.0029695 secs] [Times: user=0.01 sys=0.00, real=0.00 secs] 
2020-10-29T13:18:22.207+0000: [GC (Allocation Failure) 2020-10-29T13:18:22.207+0000: [ParNew: 16388K->4K(18432K), 0.0029822 secs] 532763K->516379K(896640K), 0.0030347 secs] [Times: user=0.01 sys=0.00, real=0.00 secs] 
2020-10-29T13:18:22.225+0000: [GC (Allocation Failure) 2020-10-29T13:18:22.225+0000: [ParNew: 16388K->4K(18432K), 0.0029179 secs] 532763K->516379K(896640K), 0.0029720 secs] [Times: user=0.00 sys=0.00, real=0.00 secs] 
2020-10-29T13:18:22.244+0000: [GC (Allocation Failure) 2020-10-29T13:18:22.245+0000: [ParNew: 16388K->4K(18432K), 0.0029799 secs] 532763K->516379K(896640K), 0.0030359 secs] [Times: user=0.01 sys=0.00, real=0.00 secs] 
2020-10-29T13:18:22.263+0000: [GC (Allocation Failure) 2020-10-29T13:18:22.263+0000: [ParNew: 16388K->4K(18432K), 0.0028884 secs] 532763K->516379K(896640K), 0.0029397 secs] [Times: user=0.01 sys=0.00, real=0.01 secs] 
2020-10-29T13:18:22.284+0000: [GC (Allocation Failure) 2020-10-29T13:18:22.285+0000: [ParNew: 16388K->4K(18432K), 0.0029499 secs] 532763K->516379K(896640K), 0.0030050 secs] [Times: user=0.01 sys=0.00, real=0.00 secs] 
2020-10-29T13:18:22.304+0000: [GC (Allocation Failure) 2020-10-29T13:18:22.305+0000: [ParNew: 16388K->4K(18432K), 0.0029100 secs] 532763K->516379K(896640K), 0.0029635 secs] [Times: user=0.01 sys=0.00, real=0.00 secs] 
2020-10-29T13:18:22.324+0000: [GC (Allocation Failure) 2020-10-29T13:18:22.325+0000: [ParNew: 16388K->4K(18432K), 0.0029044 secs] 532763K->516379K(896640K), 0.0029575 secs] [Times: user=0.00 sys=0.00, real=0.00 secs] 
2020-10-29T13:18:22.344+0000: [GC (Allocation Failure) 2020-10-29T13:18:22.345+0000: [ParNew: 16388K->4K(18432K), 0.0028991 secs] 532763K->516379K(896640K), 0.0029527 secs] [Times: user=0.01 sys=0.00, real=0.00 secs] 
2020-10-29T13:18:22.363+0000: [GC (Allocation Failure) 2020-10-29T13:18:22.363+0000: [ParNew: 16388K->4K(18432K), 0.0029657 secs] 532763K->516379K(896640K), 0.0030220 secs] [Times: user=0.01 sys=0.00, real=0.01 secs] 
2020-10-29T13:18:22.384+0000: [GC (Allocation Failure) 2020-10-29T13:18:22.385+0000: [ParNew: 16388K->4K(18432K), 0.0029248 secs] 532763K->516379K(896640K), 0.0029800 secs] [Times: user=0.01 sys=0.00, real=0.00 secs] 
2020-10-29T13:18:22.403+0000: [GC (Allocation Failure) 2020-10-29T13:18:22.403+0000: [ParNew: 16388K->6K(18432K), 0.0029141 secs] 532763K->516381K(896640K), 0.0029825 secs] [Times: user=0.01 sys=0.00, real=0.01 secs] 
2020-10-29T13:18:22.424+0000: [GC (Allocation Failure) 2020-10-29T13:18:22.425+0000: [ParNew: 16390K->4K(18432K), 0.0028662 secs] 532765K->516379K(896640K), 0.0029163 secs] [Times: user=0.00 sys=0.00, real=0.00 secs] 
2020-10-29T13:18:22.443+0000: [GC (Allocation Failure) 2020-10-29T13:18:22.443+0000: [ParNew: 16388K->4K(18432K), 0.0028168 secs] 532763K->516379K(896640K), 0.0028648 secs] [Times: user=0.01 sys=0.00, real=0.01 secs] 
2020-10-29T13:18:22.464+0000: [GC (Allocation Failure) 2020-10-29T13:18:22.465+0000: [ParNew: 16388K->4K(18432K), 0.0028575 secs] 532763K->516379K(896640K), 0.0029087 secs] [Times: user=0.01 sys=0.00, real=0.00 secs] 
2020-10-29T13:18:22.484+0000: [GC (Allocation Failure) 2020-10-29T13:18:22.485+0000: [ParNew: 16388K->4K(18432K), 0.0028434 secs] 532763K->516380K(896640K), 0.0028945 secs] [Times: user=0.00 sys=0.00, real=0.00 secs] 
2020-10-29T13:18:22.503+0000: [GC (Allocation Failure) 2020-10-29T13:18:22.503+0000: [ParNew: 16388K->4K(18432K), 0.0028196 secs] 532764K->516380K(896640K), 0.0028686 secs] [Times: user=0.01 sys=0.00, real=0.01 secs] 
2020-10-29T13:18:22.521+0000: [GC (Allocation Failure) 2020-10-29T13:18:22.521+0000: [ParNew: 16388K->4K(18432K), 0.0029598 secs] 532764K->516380K(896640K), 0.0030138 secs] [Times: user=0.01 sys=0.00, real=0.00 secs] 
2020-10-29T13:18:22.540+0000: [GC (Allocation Failure) 2020-10-29T13:18:22.541+0000: [ParNew: 16388K->4K(18432K), 0.0028916 secs] 532764K->516380K(896640K), 0.0029406 secs] [Times: user=0.01 sys=0.00, real=0.00 secs] 
2020-10-29T13:18:22.559+0000: [GC (Allocation Failure) 2020-10-29T13:18:22.559+0000: [ParNew: 16388K->4K(18432K), 0.0029302 secs] 532764K->516380K(896640K), 0.0029828 secs] [Times: user=0.00 sys=0.00, real=0.00 secs] 
2020-10-29T13:18:22.577+0000: [GC (Allocation Failure) 2020-10-29T13:18:22.577+0000: [ParNew: 16388K->4K(18432K), 0.0027640 secs] 532764K->516380K(896640K), 0.0028109 secs] [Times: user=0.01 sys=0.00, real=0.00 secs] 
2020-10-29T13:18:22.595+0000: [GC (Allocation Failure) 2020-10-29T13:18:22.595+0000: [ParNew: 16388K->4K(18432K), 0.0029538 secs] 532764K->516380K(896640K), 0.0030093 secs] [Times: user=0.00 sys=0.00, real=0.00 secs] 
2020-10-29T13:18:22.616+0000: [GC (Allocation Failure) 2020-10-29T13:18:22.616+0000: [ParNew: 16388K->4K(18432K), 0.0028088 secs] 532764K->516380K(896640K), 0.0028664 secs] [Times: user=0.01 sys=0.00, real=0.00 secs] 
2020-10-29T13:18:22.636+0000: [GC (Allocation Failure) 2020-10-29T13:18:22.637+0000: [ParNew: 16388K->4K(18432K), 0.0028799 secs] 532764K->516380K(896640K), 0.0029325 secs] [Times: user=0.01 sys=0.00, real=0.00 secs] 
2020-10-29T13:18:22.655+0000: [GC (Allocation Failure) 2020-10-29T13:18:22.655+0000: [ParNew: 16388K->4K(18432K), 0.0029767 secs] 532764K->516380K(896640K), 0.0030333 secs] [Times: user=0.00 sys=0.00, real=0.00 secs] 
2020-10-29T13:18:22.673+0000: [GC (Allocation Failure) 2020-10-29T13:18:22.673+0000: [ParNew: 16388K->4K(18432K), 0.0029533 secs] 532764K->516380K(896640K), 0.0030084 secs] [Times: user=0.01 sys=0.00, real=0.00 secs] 
2020-10-29T13:18:22.691+0000: [GC (Allocation Failure) 2020-10-29T13:18:22.691+0000: [ParNew: 16388K->4K(18432K), 0.0029423 secs] 532764K->516380K(896640K), 0.0029965 secs] [Times: user=0.00 sys=0.00, real=0.01 secs] 
2020-10-29T13:18:22.709+0000: [GC (Allocation Failure) 2020-10-29T13:18:22.710+0000: [ParNew: 16388K->4K(18432K), 0.0029995 secs] 532764K->516380K(896640K), 0.0030525 secs] [Times: user=0.01 sys=0.00, real=0.01 secs] 
2020-10-29T13:18:22.728+0000: [GC (Allocation Failure) 2020-10-29T13:18:22.729+0000: [ParNew: 16388K->4K(18432K), 0.0029094 secs] 532764K->516380K(896640K), 0.0029611 secs] [Times: user=0.00 sys=0.00, real=0.00 secs] 
2020-10-29T13:18:22.747+0000: [GC (Allocation Failure) 2020-10-29T13:18:22.747+0000: [ParNew: 16388K->4K(18432K), 0.0029392 secs] 532764K->516380K(896640K), 0.0029947 secs] [Times: user=0.00 sys=0.00, real=0.00 secs] 
2020-10-29T13:18:22.768+0000: [GC (Allocation Failure) 2020-10-29T13:18:22.768+0000: [ParNew: 16388K->4K(18432K), 0.0028847 secs] 532764K->516380K(896640K), 0.0029335 secs] [Times: user=0.00 sys=0.00, real=0.00 secs] 
2020-10-29T13:18:22.787+0000: [GC (Allocation Failure) 2020-10-29T13:18:22.787+0000: [ParNew: 16388K->4K(18432K), 0.0029546 secs] 532764K->516380K(896640K), 0.0030094 secs] [Times: user=0.01 sys=0.00, real=0.00 secs] 
2020-10-29T13:18:22.808+0000: [GC (Allocation Failure) 2020-10-29T13:18:22.809+0000: [ParNew: 16388K->4K(18432K), 0.0029637 secs] 532764K->516380K(896640K), 0.0030202 secs] [Times: user=0.01 sys=0.00, real=0.00 secs] 
2020-10-29T13:18:22.828+0000: [GC (Allocation Failure) 2020-10-29T13:18:22.829+0000: [ParNew: 16388K->4K(18432K), 0.0029784 secs] 532764K->516380K(896640K), 0.0030351 secs] [Times: user=0.00 sys=0.00, real=0.00 secs] 
2020-10-29T13:18:22.848+0000: [GC (Allocation Failure) 2020-10-29T13:18:22.849+0000: [ParNew: 16388K->4K(18432K), 0.0029730 secs] 532764K->516380K(896640K), 0.0030308 secs] [Times: user=0.01 sys=0.00, real=0.00 secs] 
2020-10-29T13:18:22.867+0000: [GC (Allocation Failure) 2020-10-29T13:18:22.867+0000: [ParNew: 16388K->4K(18432K), 0.0030258 secs] 532764K->516380K(896640K), 0.0030835 secs] [Times: user=0.01 sys=0.00, real=0.00 secs] 
2020-10-29T13:18:22.885+0000: [GC (Allocation Failure) 2020-10-29T13:18:22.885+0000: [ParNew: 16388K->4K(18432K), 0.0029617 secs] 532764K->516380K(896640K), 0.0030172 secs] [Times: user=0.00 sys=0.00, real=0.00 secs] 
2020-10-29T13:18:22.904+0000: [GC (Allocation Failure) 2020-10-29T13:18:22.904+0000: [ParNew: 16388K->4K(18432K), 0.0029161 secs] 532764K->516380K(896640K), 0.0029702 secs] [Times: user=0.00 sys=0.00, real=0.01 secs] 
2020-10-29T13:18:22.922+0000: [GC (Allocation Failure) 2020-10-29T13:18:22.922+0000: [ParNew: 16388K->4K(18432K), 0.0029493 secs] 532764K->516380K(896640K), 0.0030144 secs] [Times: user=0.01 sys=0.00, real=0.01 secs] 
2020-10-29T13:18:22.940+0000: [GC (Allocation Failure) 2020-10-29T13:18:22.941+0000: [ParNew: 16388K->4K(18432K), 0.0029818 secs] 532764K->516380K(896640K), 0.0030394 secs] [Times: user=0.00 sys=0.00, real=0.00 secs] 
2020-10-29T13:18:22.959+0000: [GC (Allocation Failure) 2020-10-29T13:18:22.959+0000: [ParNew: 16388K->4K(18432K), 0.0034405 secs] 532764K->516380K(896640K), 0.0034962 secs] [Times: user=0.01 sys=0.00, real=0.00 secs] 
2020-10-29T13:18:22.978+0000: [GC (Allocation Failure) 2020-10-29T13:18:22.978+0000: [ParNew: 16388K->4K(18432K), 0.0029970 secs] 532764K->516380K(896640K), 0.0030654 secs] [Times: user=0.01 sys=0.00, real=0.00 secs] 
2020-10-29T13:18:22.996+0000: [GC (Allocation Failure) 2020-10-29T13:18:22.997+0000: [ParNew: 16388K->4K(18432K), 0.0029642 secs] 532764K->516380K(896640K), 0.0030217 secs] [Times: user=0.00 sys=0.00, real=0.00 secs] 
2020-10-29T13:18:23.019+0000: [GC (Allocation Failure) 2020-10-29T13:18:23.019+0000: [ParNew: 16388K->4K(18432K), 0.0029910 secs] 532764K->516380K(896640K), 0.0030710 secs] [Times: user=0.00 sys=0.00, real=0.00 secs] 
2020-10-29T13:18:23.041+0000: [GC (Allocation Failure) 2020-10-29T13:18:23.041+0000: [ParNew: 16388K->4K(18432K), 0.0029829 secs] 532764K->516380K(896640K), 0.0030407 secs] [Times: user=0.00 sys=0.00, real=0.00 secs] 
2020-10-29T13:18:23.060+0000: [GC (Allocation Failure) 2020-10-29T13:18:23.061+0000: [ParNew: 16388K->2K(18432K), 0.0047130 secs] 532764K->516378K(896640K), 0.0047708 secs] [Times: user=0.01 sys=0.00, real=0.01 secs] 
2020-10-29T13:18:23.084+0000: [GC (Allocation Failure) 2020-10-29T13:18:23.085+0000: [ParNew: 16386K->4K(18432K), 0.0029973 secs] 532762K->516380K(896640K), 0.0030553 secs] [Times: user=0.01 sys=0.00, real=0.00 secs] 
2020-10-29T13:18:23.105+0000: [GC (Allocation Failure) 2020-10-29T13:18:23.105+0000: [ParNew: 16388K->4K(18432K), 0.0029879 secs] 532764K->516380K(896640K), 0.0030455 secs] [Times: user=0.00 sys=0.00, real=0.00 secs] 
2020-10-29T13:18:23.123+0000: [GC (Allocation Failure) 2020-10-29T13:18:23.123+0000: [ParNew: 16388K->4K(18432K), 0.0030049 secs] 532764K->516380K(896640K), 0.0030803 secs] [Times: user=0.01 sys=0.00, real=0.01 secs] 
2020-10-29T13:18:23.141+0000: [GC (Allocation Failure) 2020-10-29T13:18:23.141+0000: [ParNew: 16388K->4K(18432K), 0.0029636 secs] 532764K->516380K(896640K), 0.0030188 secs] [Times: user=0.01 sys=0.00, real=0.00 secs] 
2020-10-29T13:18:23.160+0000: [GC (Allocation Failure) 2020-10-29T13:18:23.160+0000: [ParNew: 16388K->4K(18432K), 0.0029665 secs] 532764K->516380K(896640K), 0.0030242 secs] [Times: user=0.00 sys=0.00, real=0.00 secs] 
2020-10-29T13:18:23.180+0000: [GC (Allocation Failure) 2020-10-29T13:18:23.181+0000: [ParNew: 16388K->6K(18432K), 0.0029466 secs] 532764K->516382K(896640K), 0.0029996 secs] [Times: user=0.01 sys=0.00, real=0.00 secs] 
2020-10-29T13:18:23.199+0000: [GC (Allocation Failure) 2020-10-29T13:18:23.199+0000: [ParNew: 16390K->4K(18432K), 0.0029817 secs] 532766K->516380K(896640K), 0.0030361 secs] [Times: user=0.01 sys=0.00, real=0.00 secs] 
2020-10-29T13:18:23.217+0000: [GC (Allocation Failure) 2020-10-29T13:18:23.217+0000: [ParNew: 16388K->4K(18432K), 0.0029589 secs] 532764K->516380K(896640K), 0.0030128 secs] [Times: user=0.01 sys=0.00, real=0.00 secs] 
2020-10-29T13:18:23.235+0000: [GC (Allocation Failure) 2020-10-29T13:18:23.235+0000: [ParNew: 16388K->4K(18432K), 0.0029297 secs] 532764K->516380K(896640K), 0.0029826 secs] [Times: user=0.00 sys=0.00, real=0.00 secs] 
2020-10-29T13:18:23.258+0000: [GC (Allocation Failure) 2020-10-29T13:18:23.258+0000: [ParNew: 16388K->4K(18432K), 0.0029433 secs] 532764K->516380K(896640K), 0.0029993 secs] [Times: user=0.01 sys=0.00, real=0.00 secs] 
2020-10-29T13:18:23.276+0000: [GC (Allocation Failure) 2020-10-29T13:18:23.276+0000: [ParNew: 16388K->4K(18432K), 0.0028775 secs] 532764K->516380K(896640K), 0.0029285 secs] [Times: user=0.01 sys=0.00, real=0.00 secs] 
2020-10-29T13:18:23.296+0000: [GC (Allocation Failure) 2020-10-29T13:18:23.297+0000: [ParNew: 16388K->4K(18432K), 0.0029513 secs] 532764K->516380K(896640K), 0.0030061 secs] [Times: user=0.01 sys=0.00, real=0.00 secs] 
2020-10-29T13:18:23.316+0000: [GC (Allocation Failure) 2020-10-29T13:18:23.317+0000: [ParNew: 16388K->4K(18432K), 0.0029290 secs] 532764K->516380K(896640K), 0.0029843 secs] [Times: user=0.00 sys=0.00, real=0.00 secs] 
2020-10-29T13:18:23.338+0000: [GC (Allocation Failure) 2020-10-29T13:18:23.338+0000: [ParNew: 16388K->4K(18432K), 0.0029843 secs] 532764K->516380K(896640K), 0.0030566 secs] [Times: user=0.00 sys=0.00, real=0.00 secs] 
2020-10-29T13:18:23.360+0000: [GC (Allocation Failure) 2020-10-29T13:18:23.360+0000: [ParNew: 16388K->4K(18432K), 0.0030057 secs] 532764K->516380K(896640K), 0.0030622 secs] [Times: user=0.01 sys=0.00, real=0.00 secs] 
2020-10-29T13:18:23.378+0000: [GC (Allocation Failure) 2020-10-29T13:18:23.378+0000: [ParNew: 16388K->4K(18432K), 0.0029693 secs] 532764K->516380K(896640K), 0.0030258 secs] [Times: user=0.00 sys=0.00, real=0.00 secs] 
2020-10-29T13:18:23.397+0000: [GC (Allocation Failure) 2020-10-29T13:18:23.397+0000: [ParNew: 16388K->4K(18432K), 0.0029334 secs] 532764K->516380K(896640K), 0.0029928 secs] [Times: user=0.01 sys=0.00, real=0.00 secs] 
2020-10-29T13:18:23.416+0000: [GC (Allocation Failure) 2020-10-29T13:18:23.417+0000: [ParNew: 16388K->4K(18432K), 0.0029167 secs] 532764K->516380K(896640K), 0.0029700 secs] [Times: user=0.01 sys=0.00, real=0.00 secs] 
2020-10-29T13:18:23.436+0000: [GC (Allocation Failure) 2020-10-29T13:18:23.437+0000: [ParNew: 16388K->4K(18432K), 0.0029158 secs] 532764K->516380K(896640K), 0.0029695 secs] [Times: user=0.00 sys=0.00, real=0.00 secs] 
2020-10-29T13:18:23.456+0000: [GC (Allocation Failure) 2020-10-29T13:18:23.457+0000: [ParNew: 16388K->4K(18432K), 0.0029066 secs] 532764K->516380K(896640K), 0.0029620 secs] [Times: user=0.00 sys=0.00, real=0.00 secs] 
2020-10-29T13:18:23.475+0000: [GC (Allocation Failure) 2020-10-29T13:18:23.475+0000: [ParNew: 16388K->4K(18432K), 0.0028560 secs] 532764K->516380K(896640K), 0.0029060 secs] [Times: user=0.01 sys=0.00, real=0.00 secs] 
2020-10-29T13:18:23.493+0000: [GC (Allocation Failure) 2020-10-29T13:18:23.493+0000: [ParNew: 16388K->4K(18432K), 0.0028204 secs] 532764K->516380K(896640K), 0.0028706 secs] [Times: user=0.00 sys=0.00, real=0.00 secs] 
2020-10-29T13:18:23.512+0000: [GC (Allocation Failure) 2020-10-29T13:18:23.512+0000: [ParNew: 16388K->4K(18432K), 0.0029729 secs] 532764K->516380K(896640K), 0.0030255 secs] [Times: user=0.00 sys=0.00, real=0.00 secs] 
2020-10-29T13:18:23.531+0000: [GC (Allocation Failure) 2020-10-29T13:18:23.531+0000: [ParNew: 16388K->4K(18432K), 0.0029719 secs] 532764K->516380K(896640K), 0.0030269 secs] [Times: user=0.01 sys=0.00, real=0.01 secs] 
2020-10-29T13:18:23.549+0000: [GC (Allocation Failure) 2020-10-29T13:18:23.549+0000: [ParNew: 16388K->4K(18432K), 0.0029456 secs] 532764K->516380K(896640K), 0.0030019 secs] [Times: user=0.01 sys=0.00, real=0.00 secs] 
2020-10-29T13:18:23.568+0000: [GC (Allocation Failure) 2020-10-29T13:18:23.569+0000: [ParNew: 16388K->4K(18432K), 0.0029086 secs] 532764K->516380K(896640K), 0.0029628 secs] [Times: user=0.01 sys=0.00, real=0.00 secs] 
2020-10-29T13:18:23.587+0000: [GC (Allocation Failure) 2020-10-29T13:18:23.587+0000: [ParNew: 16388K->4K(18432K), 0.0029594 secs] 532764K->516380K(896640K), 0.0030152 secs] [Times: user=0.01 sys=0.00, real=0.00 secs] 
2020-10-29T13:18:23.608+0000: [GC (Allocation Failure) 2020-10-29T13:18:23.609+0000: [ParNew: 16388K->4K(18432K), 0.0029350 secs] 532764K->516380K(896640K), 0.0029898 secs] [Times: user=0.01 sys=0.00, real=0.00 secs] 
2020-10-29T13:18:23.627+0000: [GC (Allocation Failure) 2020-10-29T13:18:23.627+0000: [ParNew: 16388K->4K(18432K), 0.0029854 secs] 532764K->516380K(896640K), 0.0030595 secs] [Times: user=0.00 sys=0.00, real=0.00 secs] 
2020-10-29T13:18:23.649+0000: [GC (Allocation Failure) 2020-10-29T13:18:23.649+0000: [ParNew: 16388K->4K(18432K), 0.0029774 secs] 532764K->516380K(896640K), 0.0030356 secs] [Times: user=0.01 sys=0.00, real=0.00 secs] 
2020-10-29T13:18:23.667+0000: [GC (Allocation Failure) 2020-10-29T13:18:23.667+0000: [ParNew: 16388K->4K(18432K), 0.0029082 secs] 532764K->516380K(896640K), 0.0029603 secs] [Times: user=0.00 sys=0.00, real=0.00 secs] 
2020-10-29T13:18:23.686+0000: [GC (Allocation Failure) 2020-10-29T13:18:23.686+0000: [ParNew: 16388K->4K(18432K), 0.0029894 secs] 532764K->516380K(896640K), 0.0030457 secs] [Times: user=0.00 sys=0.00, real=0.00 secs] 
2020-10-29T13:18:23.705+0000: [GC (Allocation Failure) 2020-10-29T13:18:23.705+0000: [ParNew: 16388K->4K(18432K), 0.0029583 secs] 532764K->516380K(896640K), 0.0030218 secs] [Times: user=0.01 sys=0.00, real=0.00 secs] 
2020-10-29T13:18:23.724+0000: [GC (Allocation Failure) 2020-10-29T13:18:23.725+0000: [ParNew: 16388K->4K(18432K), 0.0029397 secs] 532764K->516380K(896640K), 0.0029936 secs] [Times: user=0.00 sys=0.00, real=0.00 secs] 
2020-10-29T13:18:23.743+0000: [GC (Allocation Failure) 2020-10-29T13:18:23.743+0000: [ParNew: 16388K->4K(18432K), 0.0029978 secs] 532764K->516380K(896640K), 0.0030538 secs] [Times: user=0.01 sys=0.00, real=0.01 secs] 
2020-10-29T13:18:23.761+0000: [GC (Allocation Failure) 2020-10-29T13:18:23.761+0000: [ParNew: 16388K->4K(18432K), 0.0029458 secs] 532764K->516380K(896640K), 0.0030020 secs] [Times: user=0.00 sys=0.00, real=0.00 secs] 
2020-10-29T13:18:23.779+0000: [GC (Allocation Failure) 2020-10-29T13:18:23.779+0000: [ParNew: 16388K->4K(18432K), 0.0029955 secs] 532764K->516380K(896640K), 0.0030484 secs] [Times: user=0.01 sys=0.00, real=0.00 secs] 
2020-10-29T13:18:23.800+0000: [GC (Allocation Failure) 2020-10-29T13:18:23.801+0000: [ParNew: 16388K->4K(18432K), 0.0029308 secs] 532764K->516380K(896640K), 0.0029855 secs] [Times: user=0.01 sys=0.00, real=0.00 secs] 
2020-10-29T13:18:23.820+0000: [GC (Allocation Failure) 2020-10-29T13:18:23.821+0000: [ParNew: 16388K->4K(18432K), 0.0029010 secs] 532764K->516380K(896640K), 0.0029511 secs] [Times: user=0.01 sys=0.00, real=0.00 secs] 
2020-10-29T13:18:23.840+0000: [GC (Allocation Failure) 2020-10-29T13:18:23.841+0000: [ParNew: 16388K->4K(18432K), 0.0029377 secs] 532764K->516380K(896640K), 0.0029914 secs] [Times: user=0.01 sys=0.00, real=0.00 secs] 
2020-10-29T13:18:23.860+0000: [GC (Allocation Failure) 2020-10-29T13:18:23.861+0000: [ParNew: 16388K->4K(18432K), 0.0029303 secs] 532764K->516380K(896640K), 0.0029853 secs] [Times: user=0.00 sys=0.00, real=0.00 secs] 
2020-10-29T13:18:23.880+0000: [GC (Allocation Failure) 2020-10-29T13:18:23.881+0000: [ParNew: 16388K->4K(18432K), 0.0029979 secs] 532764K->516380K(896640K), 0.0030549 secs] [Times: user=0.01 sys=0.01, real=0.00 secs] 
2020-10-29T13:18:23.900+0000: [GC (Allocation Failure) 2020-10-29T13:18:23.901+0000: [ParNew: 16388K->4K(18432K), 0.0029452 secs] 532764K->516380K(896640K), 0.0030010 secs] [Times: user=0.01 sys=0.00, real=0.00 secs] 
2020-10-29T13:18:23.920+0000: [GC (Allocation Failure) 2020-10-29T13:18:23.921+0000: [ParNew: 16388K->4K(18432K), 0.0029367 secs] 532764K->516380K(896640K), 0.0029907 secs] [Times: user=0.00 sys=0.00, real=0.00 secs] 
2020-10-29T13:18:23.948+0000: [GC (Allocation Failure) 2020-10-29T13:18:23.948+0000: [ParNew: 16388K->8K(18432K), 0.0030110 secs] 532764K->516385K(896640K), 0.0030698 secs] [Times: user=0.00 sys=0.00, real=0.00 secs] 
2020-10-29T13:18:23.968+0000: [GC (Allocation Failure) 2020-10-29T13:18:23.969+0000: [ParNew: 16392K->6K(18432K), 0.0029370 secs] 532769K->516382K(896640K), 0.0029927 secs] [Times: user=0.01 sys=0.00, real=0.00 secs] 
2020-10-29T13:18:23.987+0000: [GC (Allocation Failure) 2020-10-29T13:18:23.987+0000: [ParNew: 16390K->12K(18432K), 0.0029815 secs] 532766K->516389K(896640K), 0.0030369 secs] [Times: user=0.00 sys=0.00, real=0.00 secs] 
2020-10-29T13:18:24.009+0000: [GC (Allocation Failure) 2020-10-29T13:18:24.009+0000: [ParNew: 16396K->8K(18432K), 0.0029874 secs] 532773K->516384K(896640K), 0.0030424 secs] [Times: user=0.00 sys=0.00, real=0.00 secs] 
2020-10-29T13:18:24.027+0000: [GC (Allocation Failure) 2020-10-29T13:18:24.027+0000: [ParNew: 16392K->7K(18432K), 0.0029917 secs] 532768K->516384K(896640K), 0.0030479 secs] [Times: user=0.01 sys=0.00, real=0.00 secs] 
2020-10-29T13:18:24.045+0000: [GC (Allocation Failure) 2020-10-29T13:18:24.045+0000: [ParNew: 16391K->10K(18432K), 0.0030263 secs] 532768K->516387K(896640K), 0.0030825 secs] [Times: user=0.01 sys=0.00, real=0.00 secs] 
2020-10-29T13:18:24.064+0000: [GC (Allocation Failure) 2020-10-29T13:18:24.065+0000: [ParNew: 16394K->6K(18432K), 0.0030404 secs] 532771K->516386K(896640K), 0.0030944 secs] [Times: user=0.00 sys=0.00, real=0.00 secs] 
2020-10-29T13:18:24.083+0000: [GC (Allocation Failure) 2020-10-29T13:18:24.083+0000: [ParNew: 16390K->4K(18432K), 0.0028921 secs] 532770K->516384K(896640K), 0.0029434 secs] [Times: user=0.01 sys=0.00, real=0.01 secs] 
2020-10-29T13:18:24.101+0000: [GC (Allocation Failure) 2020-10-29T13:18:24.101+0000: [ParNew: 16388K->4K(18432K), 0.0028918 secs] 532768K->516384K(896640K), 0.0029421 secs] [Times: user=0.00 sys=0.00, real=0.00 secs] 
2020-10-29T13:18:24.119+0000: [GC (Allocation Failure) 2020-10-29T13:18:24.119+0000: [ParNew: 16388K->4K(18432K), 0.0029239 secs] 532768K->516384K(896640K), 0.0029786 secs] [Times: user=0.01 sys=0.00, real=0.00 secs] 
2020-10-29T13:18:24.137+0000: [GC (Allocation Failure) 2020-10-29T13:18:24.137+0000: [ParNew: 16388K->4K(18432K), 0.0028632 secs] 532768K->516384K(896640K), 0.0029120 secs] [Times: user=0.01 sys=0.00, real=0.00 secs] 
2020-10-29T13:18:24.156+0000: [GC (Allocation Failure) 2020-10-29T13:18:24.157+0000: [ParNew: 16388K->4K(18432K), 0.0028549 secs] 532768K->516384K(896640K), 0.0029064 secs] [Times: user=0.00 sys=0.00, real=0.00 secs] 
2020-10-29T13:18:24.176+0000: [GC (Allocation Failure) 2020-10-29T13:18:24.177+0000: [ParNew: 16388K->4K(18432K), 0.0029005 secs] 532768K->516384K(896640K), 0.0029537 secs] [Times: user=0.01 sys=0.00, real=0.00 secs] 
2020-10-29T13:18:24.196+0000: [GC (Allocation Failure) 2020-10-29T13:18:24.197+0000: [ParNew: 16388K->4K(18432K), 0.0029245 secs] 532768K->516384K(896640K), 0.0029783 secs] [Times: user=0.00 sys=0.00, real=0.00 secs] 
2020-10-29T13:18:24.216+0000: [GC (Allocation Failure) 2020-10-29T13:18:24.217+0000: [ParNew: 16388K->4K(18432K), 0.0029559 secs] 532768K->516384K(896640K), 0.0030106 secs] [Times: user=0.01 sys=0.00, real=0.00 secs] 
2020-10-29T13:18:24.236+0000: [GC (Allocation Failure) 2020-10-29T13:18:24.237+0000: [ParNew: 16388K->4K(18432K), 0.0028985 secs] 532768K->516384K(896640K), 0.0029828 secs] [Times: user=0.00 sys=0.00, real=0.00 secs] 
2020-10-29T13:18:24.256+0000: [GC (Allocation Failure) 2020-10-29T13:18:24.257+0000: [ParNew: 16388K->4K(18432K), 0.0029373 secs] 532768K->516384K(896640K), 0.0029986 secs] [Times: user=0.01 sys=0.00, real=0.00 secs] 
2020-10-29T13:18:24.280+0000: [GC (Allocation Failure) 2020-10-29T13:18:24.280+0000: [ParNew: 16388K->4K(18432K), 0.0029394 secs] 532768K->516384K(896640K), 0.0029937 secs] [Times: user=0.00 sys=0.00, real=0.00 secs] 
2020-10-29T13:18:24.299+0000: [GC (Allocation Failure) 2020-10-29T13:18:24.299+0000: [ParNew: 16388K->4K(18432K), 0.0029883 secs] 532768K->516384K(896640K), 0.0030404 secs] [Times: user=0.01 sys=0.00, real=0.00 secs] 
2020-10-29T13:18:24.317+0000: [GC (Allocation Failure) 2020-10-29T13:18:24.317+0000: [ParNew: 16388K->4K(18432K), 0.0029876 secs] 532768K->516384K(896640K), 0.0030410 secs] [Times: user=0.01 sys=0.00, real=0.00 secs] 
2020-10-29T13:18:24.336+0000: [GC (Allocation Failure) 2020-10-29T13:18:24.337+0000: [ParNew: 16388K->4K(18432K), 0.0028197 secs] 532768K->516384K(896640K), 0.0028688 secs] [Times: user=0.00 sys=0.00, real=0.00 secs] 
2020-10-29T13:18:24.356+0000: [GC (Allocation Failure) 2020-10-29T13:18:24.357+0000: [ParNew: 16388K->4K(18432K), 0.0028880 secs] 532768K->516384K(896640K), 0.0029399 secs] [Times: user=0.01 sys=0.00, real=0.00 secs] 
2020-10-29T13:18:24.375+0000: [GC (Allocation Failure) 2020-10-29T13:18:24.375+0000: [ParNew: 16388K->4K(18432K), 0.0029244 secs] 532768K->516384K(896640K), 0.0029790 secs] [Times: user=0.00 sys=0.00, real=0.00 secs] 
2020-10-29T13:18:24.393+0000: [GC (Allocation Failure) 2020-10-29T13:18:24.393+0000: [ParNew: 16388K->4K(18432K), 0.0028658 secs] 532768K->516384K(896640K), 0.0029163 secs] [Times: user=0.00 sys=0.00, real=0.00 secs] 
2020-10-29T13:18:24.411+0000: [GC (Allocation Failure) 2020-10-29T13:18:24.411+0000: [ParNew: 16388K->4K(18432K), 0.0029172 secs] 532768K->516384K(896640K), 0.0029715 secs] [Times: user=0.01 sys=0.00, real=0.01 secs] 
2020-10-29T13:18:24.432+0000: [GC (Allocation Failure) 2020-10-29T13:18:24.433+0000: [ParNew: 16388K->4K(18432K), 0.0029367 secs] 532768K->516384K(896640K), 0.0029920 secs] [Times: user=0.01 sys=0.00, real=0.00 secs] 
2020-10-29T13:18:24.452+0000: [GC (Allocation Failure) 2020-10-29T13:18:24.453+0000: [ParNew: 16388K->4K(18432K), 0.0029550 secs] 532768K->516384K(896640K), 0.0030221 secs] [Times: user=0.00 sys=0.00, real=0.00 secs] 
2020-10-29T13:18:24.471+0000: [GC (Allocation Failure) 2020-10-29T13:18:24.471+0000: [ParNew: 16388K->4K(18432K), 0.0028593 secs] 532768K->516384K(896640K), 0.0029091 secs] [Times: user=0.01 sys=0.00, real=0.01 secs] 
2020-10-29T13:18:24.492+0000: [GC (Allocation Failure) 2020-10-29T13:18:24.493+0000: [ParNew: 16388K->4K(18432K), 0.0029361 secs] 532768K->516385K(896640K), 0.0029919 secs] [Times: user=0.00 sys=0.00, real=0.00 secs] 
2020-10-29T13:18:24.511+0000: [GC (Allocation Failure) 2020-10-29T13:18:24.511+0000: [ParNew: 16388K->4K(18432K), 0.0029587 secs] 532769K->516385K(896640K), 0.0030161 secs] [Times: user=0.00 sys=0.00, real=0.01 secs] 
2020-10-29T13:18:24.529+0000: [GC (Allocation Failure) 2020-10-29T13:18:24.529+0000: [ParNew: 16388K->4K(18432K), 0.0029531 secs] 532769K->516385K(896640K), 0.0030100 secs] [Times: user=0.01 sys=0.00, real=0.00 secs] 
2020-10-29T13:18:24.547+0000: [GC (Allocation Failure) 2020-10-29T13:18:24.547+0000: [ParNew: 16388K->4K(18432K), 0.0029699 secs] 532769K->516385K(896640K), 0.0030260 secs] [Times: user=0.01 sys=0.00, real=0.00 secs] 
2020-10-29T13:18:24.566+0000: [GC (Allocation Failure) 2020-10-29T13:18:24.566+0000: [ParNew: 16388K->4K(18432K), 0.0029453 secs] 532769K->516385K(896640K), 0.0030012 secs] [Times: user=0.00 sys=0.00, real=0.00 secs] 
2020-10-29T13:18:24.584+0000: [GC (Allocation Failure) 2020-10-29T13:18:24.584+0000: [ParNew: 16388K->4K(18432K), 0.0029578 secs] 532769K->516385K(896640K), 0.0030145 secs] [Times: user=0.00 sys=0.00, real=0.01 secs] 
2020-10-29T13:18:24.602+0000: [GC (Allocation Failure) 2020-10-29T13:18:24.602+0000: [ParNew: 16388K->4K(18432K), 0.0029067 secs] 532769K->516385K(896640K), 0.0029589 secs] [Times: user=0.01 sys=0.00, real=0.01 secs] 
2020-10-29T13:18:24.624+0000: [GC (Allocation Failure) 2020-10-29T13:18:24.624+0000: [ParNew: 16388K->4K(18432K), 0.0028938 secs] 532769K->516385K(896640K), 0.0029458 secs] [Times: user=0.01 sys=0.00, real=0.01 secs] 
2020-10-29T13:18:24.644+0000: [GC (Allocation Failure) 2020-10-29T13:18:24.645+0000: [ParNew: 16388K->4K(18432K), 0.0029207 secs] 532769K->516385K(896640K), 0.0029737 secs] [Times: user=0.00 sys=0.00, real=0.00 secs] 
2020-10-29T13:18:24.663+0000: [GC (Allocation Failure) 2020-10-29T13:18:24.663+0000: [ParNew: 16388K->4K(18432K), 0.0029128 secs] 532769K->516385K(896640K), 0.0029656 secs] [Times: user=0.01 sys=0.00, real=0.01 secs] 
2020-10-29T13:18:24.681+0000: [GC (Allocation Failure) 2020-10-29T13:18:24.681+0000: [ParNew: 16388K->4K(18432K), 0.0027210 secs] 532769K->516385K(896640K), 0.0027674 secs] [Times: user=0.00 sys=0.00, real=0.00 secs] 
2020-10-29T13:18:24.699+0000: [GC (Allocation Failure) 2020-10-29T13:18:24.699+0000: [ParNew: 16388K->4K(18432K), 0.0029861 secs] 532769K->516385K(896640K), 0.0030416 secs] [Times: user=0.01 sys=0.00, real=0.00 secs] 
2020-10-29T13:18:24.718+0000: [GC (Allocation Failure) 2020-10-29T13:18:24.718+0000: [ParNew: 16388K->4K(18432K), 0.0030260 secs] 532769K->516385K(896640K), 0.0030822 secs] [Times: user=0.01 sys=0.00, real=0.00 secs] 
2020-10-29T13:18:24.740+0000: [GC (Allocation Failure) 2020-10-29T13:18:24.740+0000: [ParNew: 16388K->4K(18432K), 0.0029672 secs] 532769K->516385K(896640K), 0.0030218 secs] [Times: user=0.01 sys=0.00, real=0.00 secs] 
2020-10-29T13:18:24.758+0000: [GC (Allocation Failure) 2020-10-29T13:18:24.759+0000: [ParNew: 16388K->4K(18432K), 0.0030037 secs] 532769K->516385K(896640K), 0.0030684 secs] [Times: user=0.00 sys=0.00, real=0.00 secs] 
2020-10-29T13:18:24.777+0000: [GC (Allocation Failure) 2020-10-29T13:18:24.777+0000: [ParNew: 16388K->4K(18432K), 0.0029354 secs] 532769K->516385K(896640K), 0.0029910 secs] [Times: user=0.01 sys=0.00, real=0.00 secs] 
2020-10-29T13:18:24.795+0000: [GC (Allocation Failure) 2020-10-29T13:18:24.795+0000: [ParNew: 16388K->4K(18432K), 0.0029454 secs] 532769K->516385K(896640K), 0.0029986 secs] [Times: user=0.00 sys=0.00, real=0.00 secs] 
2020-10-29T13:18:24.816+0000: [GC (Allocation Failure) 2020-10-29T13:18:24.817+0000: [ParNew: 16388K->4K(18432K), 0.0029581 secs] 532769K->516385K(896640K), 0.0030148 secs] [Times: user=0.01 sys=0.00, real=0.00 secs] 
2020-10-29T13:18:24.836+0000: [GC (Allocation Failure) 2020-10-29T13:18:24.837+0000: [ParNew: 16388K->4K(18432K), 0.0030684 secs] 532769K->516385K(896640K), 0.0031251 secs] [Times: user=0.00 sys=0.00, real=0.00 secs] 
2020-10-29T13:18:24.855+0000: [GC (Allocation Failure) 2020-10-29T13:18:24.855+0000: [ParNew: 16388K->4K(18432K), 0.0029658 secs] 532769K->516385K(896640K), 0.0030217 secs] [Times: user=0.00 sys=0.00, real=0.00 secs] 
2020-10-29T13:18:24.873+0000: [GC (Allocation Failure) 2020-10-29T13:18:24.873+0000: [ParNew: 16388K->4K(18432K), 0.0028854 secs] 532769K->516385K(896640K), 0.0029344 secs] [Times: user=0.01 sys=0.00, real=0.00 secs] 
2020-10-29T13:18:24.891+0000: [GC (Allocation Failure) 2020-10-29T13:18:24.891+0000: [ParNew: 16388K->4K(18432K), 0.0029371 secs] 532769K->516385K(896640K), 0.0029913 secs] [Times: user=0.00 sys=0.00, real=0.01 secs] 
2020-10-29T13:18:24.909+0000: [GC (Allocation Failure) 2020-10-29T13:18:24.909+0000: [ParNew: 16388K->4K(18432K), 0.0028537 secs] 532769K->516385K(896640K), 0.0029043 secs] [Times: user=0.01 sys=0.00, real=0.00 secs] 
2020-10-29T13:18:24.928+0000: [GC (Allocation Failure) 2020-10-29T13:18:24.929+0000: [ParNew: 16388K->4K(18432K), 0.0029034 secs] 532769K->516385K(896640K), 0.0029551 secs] [Times: user=0.01 sys=0.00, real=0.00 secs] 
2020-10-29T13:18:24.948+0000: [GC (Allocation Failure) 2020-10-29T13:18:24.949+0000: [ParNew: 16388K->4K(18432K), 0.0029123 secs] 532769K->516385K(896640K), 0.0029659 secs] [Times: user=0.00 sys=0.00, real=0.00 secs] 
2020-10-29T13:18:24.968+0000: [GC (Allocation Failure) 2020-10-29T13:18:24.968+0000: [ParNew: 16388K->4K(18432K), 0.0029728 secs] 532769K->516385K(896640K), 0.0030246 secs] [Times: user=0.00 sys=0.00, real=0.00 secs] 
2020-10-29T13:18:24.988+0000: [GC (Allocation Failure) 2020-10-29T13:18:24.989+0000: [ParNew: 16388K->4K(18432K), 0.0035404 secs] 532769K->516385K(896640K), 0.0035951 secs] [Times: user=0.01 sys=0.00, real=0.00 secs] 
2020-10-29T13:18:25.007+0000: [GC (Allocation Failure) 2020-10-29T13:18:25.007+0000: [ParNew: 16388K->4K(18432K), 0.0029359 secs] 532769K->516385K(896640K), 0.0029968 secs] [Times: user=0.00 sys=0.00, real=0.00 secs] 
2020-10-29T13:18:25.028+0000: [GC (Allocation Failure) 2020-10-29T13:18:25.029+0000: [ParNew: 16388K->4K(18432K), 0.0029056 secs] 532769K->516385K(896640K), 0.0029573 secs] [Times: user=0.01 sys=0.00, real=0.00 secs] 
2020-10-29T13:18:25.048+0000: [GC (Allocation Failure) 2020-10-29T13:18:25.049+0000: [ParNew: 16388K->4K(18432K), 0.0029340 secs] 532769K->516385K(896640K), 0.0029904 secs] [Times: user=0.01 sys=0.00, real=0.00 secs] 
2020-10-29T13:18:25.067+0000: [GC (Allocation Failure) 2020-10-29T13:18:25.067+0000: [ParNew: 16388K->4K(18432K), 0.0029060 secs] 532769K->516385K(896640K), 0.0029586 secs] [Times: user=0.01 sys=0.00, real=0.00 secs] 
2020-10-29T13:18:25.088+0000: [GC (Allocation Failure) 2020-10-29T13:18:25.088+0000: [ParNew: 16388K->4K(18432K), 0.0029403 secs] 532769K->516385K(896640K), 0.0029969 secs] [Times: user=0.01 sys=0.00, real=0.00 secs] 
2020-10-29T13:18:25.107+0000: [GC (Allocation Failure) 2020-10-29T13:18:25.107+0000: [ParNew: 16388K->4K(18432K), 0.0029610 secs] 532769K->516385K(896640K), 0.0030175 secs] [Times: user=0.00 sys=0.00, real=0.00 secs] 
2020-10-29T13:18:25.125+0000: [GC (Allocation Failure) 2020-10-29T13:18:25.125+0000: [ParNew: 16388K->4K(18432K), 0.0028336 secs] 532769K->516385K(896640K), 0.0028831 secs] [Times: user=0.01 sys=0.00, real=0.00 secs] 
2020-10-29T13:18:25.143+0000: [GC (Allocation Failure) 2020-10-29T13:18:25.143+0000: [ParNew: 16388K->4K(18432K), 0.0027836 secs] 532769K->516385K(896640K), 0.0028310 secs] [Times: user=0.00 sys=0.00, real=0.01 secs] 
2020-10-29T13:18:25.164+0000: [GC (Allocation Failure) 2020-10-29T13:18:25.165+0000: [ParNew: 16388K->4K(18432K), 0.0028808 secs] 532769K->516385K(896640K), 0.0029324 secs] [Times: user=0.00 sys=0.00, real=0.00 secs] 
2020-10-29T13:18:25.184+0000: [GC (Allocation Failure) 2020-10-29T13:18:25.185+0000: [ParNew: 16388K->4K(18432K), 0.0027979 secs] 532769K->516385K(896640K), 0.0028464 secs] [Times: user=0.01 sys=0.00, real=0.00 secs] 
2020-10-29T13:18:25.202+0000: [GC (Allocation Failure) 2020-10-29T13:18:25.202+0000: [ParNew: 16388K->4K(18432K), 0.0029009 secs] 532769K->516385K(896640K), 0.0029538 secs] [Times: user=0.00 sys=0.00, real=0.01 secs] 
2020-10-29T13:18:25.224+0000: [GC (Allocation Failure) 2020-10-29T13:18:25.225+0000: [ParNew: 16388K->4K(18432K), 0.0028767 secs] 532769K->516385K(896640K), 0.0029299 secs] [Times: user=0.01 sys=0.00, real=0.00 secs] 
2020-10-29T13:18:25.244+0000: [GC (Allocation Failure) 2020-10-29T13:18:25.245+0000: [ParNew: 16388K->4K(18432K), 0.0029283 secs] 532769K->516385K(896640K), 0.0029813 secs] [Times: user=0.01 sys=0.00, real=0.00 secs] 
2020-10-29T13:18:25.263+0000: [GC (Allocation Failure) 2020-10-29T13:18:25.263+0000: [ParNew: 16388K->4K(18432K), 0.0029581 secs] 532769K->516385K(896640K), 0.0030133 secs] [Times: user=0.00 sys=0.00, real=0.01 secs] 
2020-10-29T13:18:25.284+0000: [GC (Allocation Failure) 2020-10-29T13:18:25.285+0000: [ParNew: 16388K->4K(18432K), 0.0029678 secs] 532769K->516385K(896640K), 0.0030232 secs] [Times: user=0.00 sys=0.00, real=0.00 secs] 
2020-10-29T13:18:25.304+0000: [GC (Allocation Failure) 2020-10-29T13:18:25.305+0000: [ParNew: 16388K->4K(18432K), 0.0029730 secs] 532769K->516385K(896640K), 0.0030280 secs] [Times: user=0.01 sys=0.00, real=0.00 secs] 
2020-10-29T13:18:25.324+0000: [GC (Allocation Failure) 2020-10-29T13:18:25.325+0000: [ParNew: 16388K->4K(18432K), 0.0029539 secs] 532769K->516385K(896640K), 0.0030100 secs] [Times: user=0.00 sys=0.00, real=0.00 secs] 
2020-10-29T13:18:25.344+0000: [GC (Allocation Failure) 2020-10-29T13:18:25.344+0000: [ParNew: 16388K->4K(18432K), 0.0030163 secs] 532769K->516385K(896640K), 0.0030739 secs] [Times: user=0.00 sys=0.00, real=0.01 secs] 
2020-10-29T13:18:25.362+0000: [GC (Allocation Failure) 2020-10-29T13:18:25.362+0000: [ParNew: 16388K->4K(18432K), 0.0029938 secs] 532769K->516385K(896640K), 0.0030469 secs] [Times: user=0.01 sys=0.00, real=0.01 secs] 
2020-10-29T13:18:25.380+0000: [GC (Allocation Failure) 2020-10-29T13:18:25.380+0000: [ParNew: 16388K->4K(18432K), 0.0028821 secs] 532769K->516385K(896640K), 0.0029296 secs] [Times: user=0.00 sys=0.00, real=0.00 secs] 
2020-10-29T13:18:25.398+0000: [GC (Allocation Failure) 2020-10-29T13:18:25.398+0000: [ParNew: 16388K->4K(18432K), 0.0029007 secs] 532769K->516385K(896640K), 0.0029523 secs] [Times: user=0.01 sys=0.00, real=0.00 secs] 
2020-10-29T13:18:25.416+0000: [GC (Allocation Failure) 2020-10-29T13:18:25.416+0000: [ParNew: 16388K->4K(18432K), 0.0028204 secs] 532769K->516385K(896640K), 0.0028855 secs] [Times: user=0.00 sys=0.00, real=0.00 secs] 
2020-10-29T13:18:25.434+0000: [GC (Allocation Failure) 2020-10-29T13:18:25.434+0000: [ParNew: 16388K->4K(18432K), 0.0029848 secs] 532769K->516385K(896640K), 0.0030403 secs] [Times: user=0.01 sys=0.00, real=0.00 secs] 
2020-10-29T13:18:25.452+0000: [GC (Allocation Failure) 2020-10-29T13:18:25.453+0000: [ParNew: 16388K->4K(18432K), 0.0029401 secs] 532769K->516385K(896640K), 0.0029945 secs] [Times: user=0.00 sys=0.00, real=0.00 secs] 
2020-10-29T13:18:25.472+0000: [GC (Allocation Failure) 2020-10-29T13:18:25.473+0000: [ParNew: 16388K->4K(18432K), 0.0030012 secs] 532769K->516385K(896640K), 0.0030567 secs] [Times: user=0.00 sys=0.00, real=0.00 secs] 
2020-10-29T13:18:25.491+0000: [GC (Allocation Failure) 2020-10-29T13:18:25.491+0000: [ParNew: 16388K->4K(18432K), 0.0029633 secs] 532769K->516385K(896640K), 0.0030193 secs] [Times: user=0.01 sys=0.00, real=0.01 secs] 
2020-10-29T13:18:25.512+0000: [GC (Allocation Failure) 2020-10-29T13:18:25.512+0000: [ParNew: 16388K->4K(18432K), 0.0029517 secs] 532769K->516385K(896640K), 0.0030072 secs] [Times: user=0.01 sys=0.00, real=0.01 secs] 
2020-10-29T13:18:25.530+0000: [GC (Allocation Failure) 2020-10-29T13:18:25.530+0000: [ParNew: 16388K->4K(18432K), 0.0029424 secs] 532769K->516385K(896640K), 0.0030030 secs] [Times: user=0.00 sys=0.00, real=0.01 secs] 
2020-10-29T13:18:25.553+0000: [GC (Allocation Failure) 2020-10-29T13:18:25.553+0000: [ParNew: 16388K->4K(18432K), 0.0029395 secs] 532769K->516385K(896640K), 0.0029957 secs] [Times: user=0.01 sys=0.00, real=0.00 secs] 
2020-10-29T13:18:25.572+0000: [GC (Allocation Failure) 2020-10-29T13:18:25.572+0000: [ParNew: 16388K->4K(18432K), 0.0030232 secs] 532769K->516385K(896640K), 0.0030806 secs] [Times: user=0.01 sys=0.00, real=0.01 secs] 
2020-10-29T13:18:25.592+0000: [GC (Allocation Failure) 2020-10-29T13:18:25.593+0000: [ParNew: 16388K->4K(18432K), 0.0029172 secs] 532769K->516385K(896640K), 0.0029718 secs] [Times: user=0.00 sys=0.00, real=0.00 secs] 
2020-10-29T13:18:25.612+0000: [GC (Allocation Failure) 2020-10-29T13:18:25.613+0000: [ParNew: 16388K->4K(18432K), 0.0029409 secs] 532769K->516385K(896640K), 0.0029975 secs] [Times: user=0.01 sys=0.00, real=0.00 secs] 
2020-10-29T13:18:25.632+0000: [GC (Allocation Failure) 2020-10-29T13:18:25.632+0000: [ParNew: 16388K->4K(18432K), 0.0029734 secs] 532769K->516385K(896640K), 0.0030300 secs] [Times: user=0.00 sys=0.00, real=0.01 secs] 
2020-10-29T13:18:25.650+0000: [GC (Allocation Failure) 2020-10-29T13:18:25.651+0000: [ParNew: 16388K->4K(18432K), 0.0029487 secs] 532769K->516385K(896640K), 0.0030071 secs] [Times: user=0.01 sys=0.00, real=0.01 secs] 
2020-10-29T13:18:25.672+0000: [GC (Allocation Failure) 2020-10-29T13:18:25.673+0000: [ParNew: 16388K->4K(18432K), 0.0029813 secs] 532769K->516385K(896640K), 0.0030352 secs] [Times: user=0.01 sys=0.00, real=0.00 secs] 
2020-10-29T13:18:25.692+0000: [GC (Allocation Failure) 2020-10-29T13:18:25.693+0000: [ParNew: 16388K->4K(18432K), 0.0029344 secs] 532769K->516385K(896640K), 0.0029873 secs] [Times: user=0.01 sys=0.00, real=0.00 secs] 
2020-10-29T13:18:25.711+0000: [GC (Allocation Failure) 2020-10-29T13:18:25.711+0000: [ParNew: 16388K->4K(18432K), 0.0029287 secs] 532769K->516385K(896640K), 0.0029900 secs] [Times: user=0.00 sys=0.00, real=0.01 secs] 
2020-10-29T13:18:25.730+0000: [GC (Allocation Failure) 2020-10-29T13:18:25.730+0000: [ParNew: 16388K->4K(18432K), 0.0029710 secs] 532769K->516385K(896640K), 0.0030285 secs] [Times: user=0.00 sys=0.00, real=0.01 secs] 
2020-10-29T13:18:25.748+0000: [GC (Allocation Failure) 2020-10-29T13:18:25.748+0000: [ParNew: 16388K->4K(18432K), 0.0030198 secs] 532769K->516385K(896640K), 0.0030728 secs] [Times: user=0.01 sys=0.00, real=0.00 secs] 
2020-10-29T13:18:25.768+0000: [GC (Allocation Failure) 2020-10-29T13:18:25.769+0000: [ParNew: 16388K->4K(18432K), 0.0029558 secs] 532769K->516385K(896640K), 0.0030113 secs] [Times: user=0.01 sys=0.00, real=0.00 secs] 
2020-10-29T13:18:25.788+0000: [GC (Allocation Failure) 2020-10-29T13:18:25.789+0000: [ParNew: 16388K->4K(18432K), 0.0029057 secs] 532769K->516385K(896640K), 0.0029589 secs] [Times: user=0.01 sys=0.00, real=0.00 secs] 
2020-10-29T13:18:25.807+0000: [GC (Allocation Failure) 2020-10-29T13:18:25.807+0000: [ParNew: 16388K->4K(18432K), 0.0062484 secs] 532769K->516385K(896640K), 0.0063159 secs] [Times: user=0.00 sys=0.00, real=0.01 secs] 
2020-10-29T13:18:25.832+0000: [GC (Allocation Failure) 2020-10-29T13:18:25.833+0000: [ParNew: 16388K->4K(18432K), 0.0029310 secs] 532769K->516385K(896640K), 0.0029858 secs] [Times: user=0.01 sys=0.00, real=0.00 secs] 
2020-10-29T13:18:25.853+0000: [GC (Allocation Failure) 2020-10-29T13:18:25.853+0000: [ParNew: 16388K->4K(18432K), 0.0028992 secs] 532769K->516385K(896640K), 0.0029526 secs] [Times: user=0.01 sys=0.01, real=0.00 secs] 
2020-10-29T13:18:25.871+0000: [GC (Allocation Failure) 2020-10-29T13:18:25.871+0000: [ParNew: 16388K->4K(18432K), 0.0029046 secs] 532769K->516385K(896640K), 0.0029566 secs] [Times: user=0.00 sys=0.00, real=0.01 secs] 
2020-10-29T13:18:25.889+0000: [GC (Allocation Failure) 2020-10-29T13:18:25.889+0000: [ParNew: 16388K->4K(18432K), 0.0029388 secs] 532769K->516385K(896640K), 0.0030127 secs] [Times: user=0.01 sys=0.00, real=0.00 secs] 
2020-10-29T13:18:25.907+0000: [GC (Allocation Failure) 2020-10-29T13:18:25.907+0000: [ParNew: 16388K->4K(18432K), 0.0029687 secs] 532769K->516385K(896640K), 0.0030211 secs] [Times: user=0.01 sys=0.00, real=0.00 secs] 
2020-10-29T13:18:25.925+0000: [GC (Allocation Failure) 2020-10-29T13:18:25.925+0000: [ParNew: 16388K->4K(18432K), 0.0029993 secs] 532769K->516385K(896640K), 0.0030518 secs] [Times: user=0.00 sys=0.00, real=0.00 secs] 
2020-10-29T13:18:25.944+0000: [GC (Allocation Failure) 2020-10-29T13:18:25.945+0000: [ParNew: 16388K->4K(18432K), 0.0029504 secs] 532769K->516385K(896640K), 0.0030057 secs] [Times: user=0.01 sys=0.00, real=0.00 secs] 
2020-10-29T13:18:25.964+0000: [GC (Allocation Failure) 2020-10-29T13:18:25.965+0000: [ParNew: 16388K->4K(18432K), 0.0030628 secs] 532769K->516385K(896640K), 0.0031147 secs] [Times: user=0.01 sys=0.00, real=0.00 secs] 
2020-10-29T13:18:25.984+0000: [GC (Allocation Failure) 2020-10-29T13:18:25.985+0000: [ParNew: 16388K->4K(18432K), 0.0027876 secs] 532769K->516385K(896640K), 0.0028357 secs] [Times: user=0.01 sys=0.00, real=0.00 secs] 
2020-10-29T13:18:26.004+0000: [GC (Allocation Failure) 2020-10-29T13:18:26.005+0000: [ParNew: 16388K->4K(18432K), 0.0028760 secs] 532769K->516385K(896640K), 0.0029286 secs] [Times: user=0.00 sys=0.00, real=0.00 secs] 
2020-10-29T13:18:26.024+0000: [GC (Allocation Failure) 2020-10-29T13:18:26.024+0000: [ParNew: 16388K->4K(18432K), 0.0081807 secs] 532769K->516385K(896640K), 0.0082308 secs] [Times: user=0.01 sys=0.00, real=0.01 secs] 
2020-10-29T13:18:26.049+0000: [GC (Allocation Failure) 2020-10-29T13:18:26.049+0000: [ParNew: 16388K->4K(18432K), 0.0029090 secs] 532769K->516385K(896640K), 0.0029644 secs] [Times: user=0.01 sys=0.00, real=0.00 secs] 
2020-10-29T13:18:26.068+0000: [GC (Allocation Failure) 2020-10-29T13:18:26.068+0000: [ParNew: 16388K->4K(18432K), 0.0028812 secs] 532769K->516385K(896640K), 0.0029329 secs] [Times: user=0.01 sys=0.00, real=0.00 secs] 
2020-10-29T13:18:26.087+0000: [GC (Allocation Failure) 2020-10-29T13:18:26.087+0000: [ParNew: 16388K->4K(18432K), 0.0030245 secs] 532769K->516385K(896640K), 0.0030776 secs] [Times: user=0.01 sys=0.00, real=0.00 secs] 
2020-10-29T13:18:26.105+0000: [GC (Allocation Failure) 2020-10-29T13:18:26.105+0000: [ParNew: 16388K->4K(18432K), 0.0029535 secs] 532769K->516385K(896640K), 0.0030111 secs] [Times: user=0.00 sys=0.00, real=0.00 secs] 
2020-10-29T13:18:26.124+0000: [GC (Allocation Failure) 2020-10-29T13:18:26.125+0000: [ParNew: 16388K->4K(18432K), 0.0029356 secs] 532769K->516385K(896640K), 0.0029912 secs] [Times: user=0.01 sys=0.00, real=0.00 secs] 
2020-10-29T13:18:26.143+0000: [GC (Allocation Failure) 2020-10-29T13:18:26.143+0000: [ParNew: 16388K->4K(18432K), 0.0029745 secs] 532769K->516385K(896640K), 0.0030308 secs] [Times: user=0.01 sys=0.00, real=0.01 secs] 
2020-10-29T13:18:26.164+0000: [GC (Allocation Failure) 2020-10-29T13:18:26.165+0000: [ParNew: 16388K->4K(18432K), 0.0029750 secs] 532769K->516385K(896640K), 0.0030304 secs] [Times: user=0.01 sys=0.00, real=0.00 secs] 
2020-10-29T13:18:26.185+0000: [GC (Allocation Failure) 2020-10-29T13:18:26.185+0000: [ParNew: 16388K->4K(18432K), 0.0028558 secs] 532769K->516385K(896640K), 0.0029058 secs] [Times: user=0.01 sys=0.00, real=0.00 secs] 
2020-10-29T13:18:26.203+0000: [GC (Allocation Failure) 2020-10-29T13:18:26.203+0000: [ParNew: 16388K->4K(18432K), 0.0029619 secs] 532769K->516385K(896640K), 0.0030171 secs] [Times: user=0.00 sys=0.00, real=0.01 secs] 
2020-10-29T13:18:26.221+0000: [GC (Allocation Failure) 2020-10-29T13:18:26.221+0000: [ParNew: 16388K->4K(18432K), 0.0029402 secs] 532769K->516385K(896640K), 0.0030130 secs] [Times: user=0.01 sys=0.00, real=0.00 secs] 
2020-10-29T13:18:26.239+0000: [GC (Allocation Failure) 2020-10-29T13:18:26.239+0000: [ParNew: 16388K->4K(18432K), 0.0030172 secs] 532769K->516385K(896640K), 0.0030731 secs] [Times: user=0.00 sys=0.00, real=0.00 secs] 
2020-10-29T13:18:26.260+0000: [GC (Allocation Failure) 2020-10-29T13:18:26.261+0000: [ParNew: 16388K->4K(18432K), 0.0029431 secs] 532769K->516385K(896640K), 0.0029995 secs] [Times: user=0.01 sys=0.00, real=0.00 secs] 
2020-10-29T13:18:26.280+0000: [GC (Allocation Failure) 2020-10-29T13:18:26.281+0000: [ParNew: 16388K->4K(18432K), 0.0028833 secs] 532769K->516385K(896640K), 0.0029423 secs] [Times: user=0.01 sys=0.00, real=0.00 secs] 
2020-10-29T13:18:26.300+0000: [GC (Allocation Failure) 2020-10-29T13:18:26.301+0000: [ParNew: 16388K->4K(18432K), 0.0029285 secs] 532769K->516385K(896640K), 0.0029835 secs] [Times: user=0.01 sys=0.00, real=0.00 secs] 
2020-10-29T13:18:26.319+0000: [GC (Allocation Failure) 2020-10-29T13:18:26.319+0000: [ParNew: 16388K->4K(18432K), 0.0028487 secs] 532769K->516385K(896640K), 0.0028995 secs] [Times: user=0.00 sys=0.00, real=0.00 secs] 
2020-10-29T13:18:26.340+0000: [GC (Allocation Failure) 2020-10-29T13:18:26.340+0000: [ParNew: 16388K->4K(18432K), 0.0029497 secs] 532769K->516385K(896640K), 0.0030047 secs] [Times: user=0.00 sys=0.00, real=0.00 secs] 
2020-10-29T13:18:26.358+0000: [GC (Allocation Failure) 2020-10-29T13:18:26.358+0000: [ParNew: 16388K->4K(18432K), 0.0029306 secs] 532769K->516385K(896640K), 0.0029831 secs] [Times: user=0.01 sys=0.00, real=0.00 secs] 
2020-10-29T13:18:26.376+0000: [GC (Allocation Failure) 2020-10-29T13:18:26.376+0000: [ParNew: 16388K->4K(18432K), 0.0029622 secs] 532769K->516386K(896640K), 0.0030177 secs] [Times: user=0.01 sys=0.00, real=0.00 secs] 
2020-10-29T13:18:26.396+0000: [GC (Allocation Failure) 2020-10-29T13:18:26.397+0000: [ParNew: 16388K->4K(18432K), 0.0029340 secs] 532770K->516386K(896640K), 0.0029878 secs] [Times: user=0.00 sys=0.00, real=0.00 secs] 
2020-10-29T13:18:26.416+0000: [GC (Allocation Failure) 2020-10-29T13:18:26.417+0000: [ParNew: 16388K->4K(18432K), 0.0028723 secs] 532770K->516386K(896640K), 0.0029229 secs] [Times: user=0.01 sys=0.00, real=0.00 secs] 
2020-10-29T13:18:26.436+0000: [GC (Allocation Failure) 2020-10-29T13:18:26.437+0000: [ParNew: 16388K->4K(18432K), 0.0029056 secs] 532770K->516386K(896640K), 0.0029590 secs] [Times: user=0.00 sys=0.00, real=0.00 secs] 
2020-10-29T13:18:26.455+0000: [GC (Allocation Failure) 2020-10-29T13:18:26.455+0000: [ParNew: 16388K->4K(18432K), 0.0029646 secs] 532770K->516386K(896640K), 0.0030170 secs] [Times: user=0.01 sys=0.00, real=0.00 secs] 
2020-10-29T13:18:26.473+0000: [GC (Allocation Failure) 2020-10-29T13:18:26.473+0000: [ParNew: 16388K->4K(18432K), 0.0029499 secs] 532770K->516386K(896640K), 0.0030062 secs] [Times: user=0.00 sys=0.00, real=0.00 secs] 
2020-10-29T13:18:26.491+0000: [GC (Allocation Failure) 2020-10-29T13:18:26.491+0000: [ParNew: 16388K->4K(18432K), 0.0030592 secs] 532770K->516386K(896640K), 0.0031160 secs] [Times: user=0.01 sys=0.00, real=0.01 secs] 
2020-10-29T13:18:26.510+0000: [GC (Allocation Failure) 2020-10-29T13:18:26.510+0000: [ParNew: 16388K->4K(18432K), 0.0029737 secs] 532770K->516386K(896640K), 0.0030311 secs] [Times: user=0.00 sys=0.00, real=0.01 secs] 
2020-10-29T13:18:26.528+0000: [GC (Allocation Failure) 2020-10-29T13:18:26.529+0000: [ParNew: 16388K->4K(18432K), 0.0029812 secs] 532770K->516386K(896640K), 0.0030379 secs] [Times: user=0.01 sys=0.00, real=0.00 secs] 
2020-10-29T13:18:26.547+0000: [GC (Allocation Failure) 2020-10-29T13:18:26.547+0000: [ParNew: 16388K->4K(18432K), 0.0029411 secs] 532770K->516386K(896640K), 0.0029960 secs] [Times: user=0.01 sys=0.00, real=0.00 secs] 
2020-10-29T13:18:26.565+0000: [GC (Allocation Failure) 2020-10-29T13:18:26.565+0000: [ParNew: 16388K->4K(18432K), 0.0029280 secs] 532770K->516386K(896640K), 0.0029833 secs] [Times: user=0.01 sys=0.00, real=0.00 secs] 
2020-10-29T13:18:26.584+0000: [GC (Allocation Failure) 2020-10-29T13:18:26.585+0000: [ParNew: 16388K->4K(18432K), 0.0029386 secs] 532770K->516386K(896640K), 0.0029943 secs] [Times: user=0.00 sys=0.00, real=0.00 secs] 
2020-10-29T13:18:26.603+0000: [GC (Allocation Failure) 2020-10-29T13:18:26.603+0000: [ParNew: 16388K->4K(18432K), 0.0029772 secs] 532770K->516386K(896640K), 0.0030403 secs] [Times: user=0.01 sys=0.00, real=0.01 secs] 
2020-10-29T13:18:26.622+0000: [GC (Allocation Failure) 2020-10-29T13:18:26.622+0000: [ParNew: 16388K->4K(18432K), 0.0029309 secs] 532770K->516386K(896640K), 0.0029873 secs] [Times: user=0.01 sys=0.00, real=0.01 secs] 
2020-10-29T13:18:26.644+0000: [GC (Allocation Failure) 2020-10-29T13:18:26.644+0000: [ParNew: 16388K->4K(18432K), 0.0029687 secs] 532770K->516386K(896640K), 0.0030290 secs] [Times: user=0.01 sys=0.00, real=0.01 secs] 
2020-10-29T13:18:26.664+0000: [GC (Allocation Failure) 2020-10-29T13:18:26.665+0000: [ParNew: 16388K->4K(18432K), 0.0029716 secs] 532770K->516386K(896640K), 0.0030279 secs] [Times: user=0.00 sys=0.00, real=0.00 secs] 
2020-10-29T13:18:26.683+0000: [GC (Allocation Failure) 2020-10-29T13:18:26.683+0000: [ParNew: 16388K->4K(18432K), 0.0029582 secs] 532770K->516386K(896640K), 0.0030295 secs] [Times: user=0.01 sys=0.00, real=0.01 secs] 
2020-10-29T13:18:26.701+0000: [GC (Allocation Failure) 2020-10-29T13:18:26.701+0000: [ParNew: 16388K->4K(18432K), 0.0029262 secs] 532770K->516386K(896640K), 0.0029792 secs] [Times: user=0.00 sys=0.00, real=0.00 secs] 
2020-10-29T13:18:26.720+0000: [GC (Allocation Failure) 2020-10-29T13:18:26.720+0000: [ParNew: 16388K->4K(18432K), 0.0030037 secs] 532770K->516386K(896640K), 0.0030592 secs] [Times: user=0.01 sys=0.00, real=0.00 secs] 
2020-10-29T13:18:26.741+0000: [GC (Allocation Failure) 2020-10-29T13:18:26.741+0000: [ParNew: 16388K->4K(18432K), 0.0029210 secs] 532770K->516386K(896640K), 0.0029752 secs] [Times: user=0.00 sys=0.01, real=0.00 secs] 
2020-10-29T13:18:26.759+0000: [GC (Allocation Failure) 2020-10-29T13:18:26.759+0000: [ParNew: 16388K->4K(18432K), 0.0029673 secs] 532770K->516386K(896640K), 0.0030201 secs] [Times: user=0.01 sys=0.00, real=0.00 secs] 
2020-10-29T13:18:26.777+0000: [GC (Allocation Failure) 2020-10-29T13:18:26.777+0000: [ParNew: 16388K->4K(18432K), 0.0029584 secs] 532770K->516386K(896640K), 0.0030162 secs] [Times: user=0.00 sys=0.00, real=0.00 secs] 
2020-10-29T13:18:26.796+0000: [GC (Allocation Failure) 2020-10-29T13:18:26.797+0000: [ParNew: 16388K->4K(18432K), 0.0029864 secs] 532770K->516386K(896640K), 0.0030408 secs] [Times: user=0.00 sys=0.00, real=0.00 secs] 
2020-10-29T13:18:26.816+0000: [GC (Allocation Failure) 2020-10-29T13:18:26.817+0000: [ParNew: 16388K->4K(18432K), 0.0028603 secs] 532770K->516386K(896640K), 0.0029121 secs] [Times: user=0.01 sys=0.00, real=0.00 secs] 
2020-10-29T13:18:26.837+0000: [GC (Allocation Failure) 2020-10-29T13:18:26.837+0000: [ParNew: 16388K->4K(18432K), 0.0028431 secs] 532770K->516386K(896640K), 0.0028945 secs] [Times: user=0.01 sys=0.00, real=0.00 secs] 
2020-10-29T13:18:26.855+0000: [GC (Allocation Failure) 2020-10-29T13:18:26.855+0000: [ParNew: 16388K->4K(18432K), 0.0028822 secs] 532770K->516386K(896640K), 0.0029330 secs] [Times: user=0.00 sys=0.00, real=0.00 secs] 
2020-10-29T13:18:26.876+0000: [GC (Allocation Failure) 2020-10-29T13:18:26.877+0000: [ParNew: 16388K->4K(18432K), 0.0029281 secs] 532770K->516386K(896640K), 0.0029815 secs] [Times: user=0.01 sys=0.00, real=0.00 secs] 
2020-10-29T13:18:26.895+0000: [GC (Allocation Failure) 2020-10-29T13:18:26.895+0000: [ParNew: 16388K->4K(18432K), 0.0029591 secs] 532770K->516386K(896640K), 0.0030133 secs] [Times: user=0.00 sys=0.00, real=0.00 secs] 
2020-10-29T13:18:26.913+0000: [GC (Allocation Failure) 2020-10-29T13:18:26.913+0000: [ParNew: 16388K->4K(18432K), 0.0029214 secs] 532770K->516386K(896640K), 0.0029780 secs] [Times: user=0.01 sys=0.00, real=0.00 secs] 
2020-10-29T13:18:26.931+0000: [GC (Allocation Failure) 2020-10-29T13:18:26.931+0000: [ParNew: 16388K->4K(18432K), 0.0029742 secs] 532770K->516386K(896640K), 0.0030283 secs] [Times: user=0.01 sys=0.00, real=0.01 secs] 
2020-10-29T13:18:26.949+0000: [GC (Allocation Failure) 2020-10-29T13:18:26.949+0000: [ParNew: 16388K->4K(18432K), 0.0028773 secs] 532770K->516386K(896640K), 0.0029301 secs] [Times: user=0.01 sys=0.00, real=0.00 secs] 
2020-10-29T13:18:26.968+0000: [GC (Allocation Failure) 2020-10-29T13:18:26.969+0000: [ParNew: 16388K->4K(18432K), 0.0028599 secs] 532770K->516386K(896640K), 0.0029117 secs] [Times: user=0.01 sys=0.00, real=0.00 secs] 
2020-10-29T13:18:26.987+0000: [GC (Allocation Failure) 2020-10-29T13:18:26.987+0000: [ParNew: 16388K->4K(18432K), 0.0029586 secs] 532770K->516386K(896640K), 0.0030242 secs] [Times: user=0.00 sys=0.00, real=0.00 secs] 
2020-10-29T13:18:27.008+0000: [GC (Allocation Failure) 2020-10-29T13:18:27.009+0000: [ParNew: 16388K->4K(18432K), 0.0029099 secs] 532770K->516386K(896640K), 0.0029657 secs] [Times: user=0.00 sys=0.00, real=0.00 secs] 
2020-10-29T13:18:27.027+0000: [GC (Allocation Failure) 2020-10-29T13:18:27.027+0000: [ParNew: 16388K->4K(18432K), 0.0029193 secs] 532770K->516386K(896640K), 0.0029728 secs] [Times: user=0.01 sys=0.00, real=0.00 secs] 
2020-10-29T13:18:27.048+0000: [GC (Allocation Failure) 2020-10-29T13:18:27.048+0000: [ParNew: 16388K->4K(18432K), 0.0028660 secs] 532770K->516386K(896640K), 0.0029165 secs] [Times: user=0.00 sys=0.00, real=0.00 secs] 
2020-10-29T13:18:27.068+0000: [GC (Allocation Failure) 2020-10-29T13:18:27.069+0000: [ParNew: 16388K->4K(18432K), 0.0029243 secs] 532770K->516386K(896640K), 0.0029793 secs] [Times: user=0.00 sys=0.00, real=0.00 secs] 
2020-10-29T13:18:27.087+0000: [GC (Allocation Failure) 2020-10-29T13:18:27.087+0000: [ParNew: 16388K->4K(18432K), 0.0028562 secs] 532770K->516386K(896640K), 0.0029061 secs] [Times: user=0.01 sys=0.00, real=0.00 secs] 
2020-10-29T13:18:27.105+0000: [GC (Allocation Failure) 2020-10-29T13:18:27.105+0000: [ParNew: 16388K->4K(18432K), 0.0029583 secs] 532770K->516386K(896640K), 0.0030144 secs] [Times: user=0.00 sys=0.00, real=0.00 secs] 
2020-10-29T13:18:27.125+0000: [GC (Allocation Failure) 2020-10-29T13:18:27.125+0000: [ParNew: 16388K->4K(18432K), 0.0029370 secs] 532770K->516386K(896640K), 0.0029923 secs] [Times: user=0.01 sys=0.00, real=0.00 secs] 
2020-10-29T13:18:27.143+0000: [GC (Allocation Failure) 2020-10-29T13:18:27.143+0000: [ParNew: 16388K->4K(18432K), 0.0029411 secs] 532770K->516386K(896640K), 0.0029944 secs] [Times: user=0.01 sys=0.00, real=0.01 secs] 
2020-10-29T13:18:27.164+0000: [GC (Allocation Failure) 2020-10-29T13:18:27.165+0000: [ParNew: 16388K->4K(18432K), 0.0028520 secs] 532770K->516386K(896640K), 0.0029022 secs] [Times: user=0.01 sys=0.00, real=0.00 secs] 
2020-10-29T13:18:27.183+0000: [GC (Allocation Failure) 2020-10-29T13:18:27.183+0000: [ParNew: 16388K->4K(18432K), 0.0028487 secs] 532770K->516386K(896640K), 0.0028986 secs] [Times: user=0.01 sys=0.00, real=0.01 secs] 
2020-10-29T13:18:27.204+0000: [GC (Allocation Failure) 2020-10-29T13:18:27.205+0000: [ParNew: 16388K->4K(18432K), 0.0029081 secs] 532770K->516386K(896640K), 0.0029622 secs] [Times: user=0.00 sys=0.00, real=0.00 secs] 
2020-10-29T13:18:27.222+0000: [GC (Allocation Failure) 2020-10-29T13:18:27.223+0000: [ParNew: 16388K->4K(18432K), 0.0028070 secs] 532770K->516386K(896640K), 0.0028572 secs] [Times: user=0.01 sys=0.00, real=0.01 secs] 
2020-10-29T13:18:27.241+0000: [GC (Allocation Failure) 2020-10-29T13:18:27.241+0000: [ParNew: 16388K->4K(18432K), 0.0029331 secs] 532770K->516386K(896640K), 0.0029889 secs] [Times: user=0.01 sys=0.00, real=0.00 secs] 
2020-10-29T13:18:27.260+0000: [GC (Allocation Failure) 2020-10-29T13:18:27.261+0000: [ParNew: 16388K->4K(18432K), 0.0029148 secs] 532770K->516386K(896640K), 0.0029698 secs] [Times: user=0.01 sys=0.00, real=0.00 secs] 
2020-10-29T13:18:27.280+0000: [GC (Allocation Failure) 2020-10-29T13:18:27.281+0000: [ParNew: 16388K->4K(18432K), 0.0029067 secs] 532770K->516386K(896640K), 0.0029607 secs] [Times: user=0.00 sys=0.00, real=0.00 secs] 
2020-10-29T13:18:27.299+0000: [GC (Allocation Failure) 2020-10-29T13:18:27.299+0000: [ParNew: 16388K->4K(18432K), 0.0028672 secs] 532770K->516386K(896640K), 0.0029192 secs] [Times: user=0.01 sys=0.00, real=0.00 secs] 
2020-10-29T13:18:27.317+0000: [GC (Allocation Failure) 2020-10-29T13:18:27.317+0000: [ParNew: 16336K->2K(18432K), 0.0064152 secs] 532718K->516384K(896640K), 0.0064708 secs] [Times: user=0.00 sys=0.00, real=0.00 secs] 
2020-10-29T13:18:27.344+0000: [GC (Allocation Failure) 2020-10-29T13:18:27.344+0000: [ParNew: 16386K->6K(18432K), 0.0029177 secs] 532768K->516388K(896640K), 0.0029685 secs] [Times: user=0.01 sys=0.00, real=0.01 secs] 
2020-10-29T13:18:27.362+0000: [GC (Allocation Failure) 2020-10-29T13:18:27.362+0000: [ParNew: 16390K->4K(18432K), 0.0029680 secs] 532772K->516386K(896640K), 0.0030188 secs] [Times: user=0.00 sys=0.00, real=0.01 secs] 
2020-10-29T13:18:27.380+0000: [GC (Allocation Failure) 2020-10-29T13:18:27.380+0000: [ParNew: 16388K->4K(18432K), 0.0029079 secs] 532770K->516386K(896640K), 0.0029613 secs] [Times: user=0.00 sys=0.00, real=0.00 secs] 
2020-10-29T13:18:27.398+0000: [GC (Allocation Failure) 2020-10-29T13:18:27.398+0000: [ParNew: 16388K->4K(18432K), 0.0028775 secs] 532770K->516386K(896640K), 0.0029290 secs] [Times: user=0.01 sys=0.00, real=0.00 secs] 
2020-10-29T13:18:27.417+0000: [GC (Allocation Failure) 2020-10-29T13:18:27.417+0000: [ParNew: 16388K->4K(18432K), 0.0029133 secs] 532770K->516386K(896640K), 0.0029688 secs] [Times: user=0.00 sys=0.00, real=0.00 secs] 
2020-10-29T13:18:27.435+0000: [GC (Allocation Failure) 2020-10-29T13:18:27.435+0000: [ParNew: 16388K->4K(18432K), 0.0029875 secs] 532770K->516386K(896640K), 0.0030422 secs] [Times: user=0.01 sys=0.00, real=0.00 secs] 
2020-10-29T13:18:27.453+0000: [GC (Allocation Failure) 2020-10-29T13:18:27.453+0000: [ParNew: 16388K->4K(18432K), 0.0029351 secs] 532770K->516386K(896640K), 0.0029887 secs] [Times: user=0.00 sys=0.00, real=0.00 secs] 
2020-10-29T13:18:27.471+0000: [GC (Allocation Failure) 2020-10-29T13:18:27.471+0000: [ParNew: 16388K->4K(18432K), 0.0029139 secs] 532770K->516386K(896640K), 0.0029637 secs] [Times: user=0.01 sys=0.00, real=0.01 secs] 
2020-10-29T13:18:27.489+0000: [GC (Allocation Failure) 2020-10-29T13:18:27.489+0000: [ParNew: 16388K->4K(18432K), 0.0029320 secs] 532770K->516386K(896640K), 0.0029873 secs] [Times: user=0.00 sys=0.00, real=0.00 secs] 
2020-10-29T13:18:27.507+0000: [GC (Allocation Failure) 2020-10-29T13:18:27.507+0000: [ParNew: 16388K->4K(18432K), 0.0029025 secs] 532770K->516386K(896640K), 0.0029530 secs] [Times: user=0.01 sys=0.00, real=0.00 secs] 
2020-10-29T13:18:27.528+0000: [GC (Allocation Failure) 2020-10-29T13:18:27.529+0000: [ParNew: 16388K->4K(18432K), 0.0029647 secs] 532770K->516386K(896640K), 0.0030223 secs] [Times: user=0.01 sys=0.00, real=0.00 secs] 
2020-10-29T13:18:27.548+0000: [GC (Allocation Failure) 2020-10-29T13:18:27.549+0000: [ParNew: 16388K->4K(18432K), 0.0029398 secs] 532770K->516386K(896640K), 0.0029955 secs] [Times: user=0.00 sys=0.00, real=0.00 secs] 
2020-10-29T13:18:27.569+0000: [GC (Allocation Failure) 2020-10-29T13:18:27.569+0000: [ParNew: 16388K->4K(18432K), 0.0029410 secs] 532770K->516386K(896640K), 0.0030048 secs] [Times: user=0.00 sys=0.00, real=0.00 secs] 
2020-10-29T13:18:27.587+0000: [GC (Allocation Failure) 2020-10-29T13:18:27.587+0000: [ParNew: 16388K->4K(18432K), 0.0029917 secs] 532770K->516386K(896640K), 0.0030618 secs] [Times: user=0.01 sys=0.00, real=0.00 secs] 
2020-10-29T13:18:27.608+0000: [GC (Allocation Failure) 2020-10-29T13:18:27.609+0000: [ParNew: 16388K->4K(18432K), 0.0029376 secs] 532770K->516386K(896640K), 0.0029927 secs] [Times: user=0.01 sys=0.00, real=0.00 secs] 
2020-10-29T13:18:27.628+0000: [GC (Allocation Failure) 2020-10-29T13:18:27.629+0000: [ParNew: 16388K->4K(18432K), 0.0029118 secs] 532770K->516386K(896640K), 0.0029659 secs] [Times: user=0.00 sys=0.00, real=0.00 secs] 
2020-10-29T13:18:27.647+0000: [GC (Allocation Failure) 2020-10-29T13:18:27.647+0000: [ParNew: 16388K->4K(18432K), 0.0028639 secs] 532770K->516386K(896640K), 0.0029149 secs] [Times: user=0.01 sys=0.00, real=0.00 secs] 
2020-10-29T13:18:27.665+0000: [GC (Allocation Failure) 2020-10-29T13:18:27.665+0000: [ParNew: 16388K->4K(18432K), 0.0028411 secs] 532770K->516386K(896640K), 0.0028917 secs] [Times: user=0.01 sys=0.00, real=0.00 secs] 
2020-10-29T13:18:27.684+0000: [GC (Allocation Failure) 2020-10-29T13:18:27.685+0000: [ParNew: 16388K->4K(18432K), 0.0028976 secs] 532770K->516386K(896640K), 0.0029510 secs] [Times: user=0.01 sys=0.00, real=0.00 secs] 
2020-10-29T13:18:27.704+0000: [GC (Allocation Failure) 2020-10-29T13:18:27.705+0000: [ParNew: 16388K->4K(18432K), 0.0028788 secs] 532770K->516386K(896640K), 0.0029308 secs] [Times: user=0.01 sys=0.00, real=0.00 secs] 
2020-10-29T13:18:27.723+0000: [GC (Allocation Failure) 2020-10-29T13:18:27.723+0000: [ParNew: 16388K->4K(18432K), 0.0029363 secs] 532770K->516386K(896640K), 0.0030007 secs] [Times: user=0.00 sys=0.00, real=0.01 secs] 
2020-10-29T13:18:27.741+0000: [GC (Allocation Failure) 2020-10-29T13:18:27.741+0000: [ParNew: 16388K->4K(18432K), 0.0029028 secs] 532770K->516386K(896640K), 0.0029541 secs] [Times: user=0.01 sys=0.00, real=0.00 secs] 
2020-10-29T13:18:27.759+0000: [GC (Allocation Failure) 2020-10-29T13:18:27.759+0000: [ParNew: 16388K->4K(18432K), 0.0030007 secs] 532770K->516386K(896640K), 0.0030583 secs] [Times: user=0.00 sys=0.00, real=0.00 secs] 
2020-10-29T13:18:27.780+0000: [GC (Allocation Failure) 2020-10-29T13:18:27.781+0000: [ParNew: 16388K->6K(18432K), 0.0029545 secs] 532770K->516388K(896640K), 0.0030093 secs] [Times: user=0.00 sys=0.00, real=0.00 secs] 
2020-10-29T13:18:27.799+0000: [GC (Allocation Failure) 2020-10-29T13:18:27.799+0000: [ParNew: 16390K->4K(18432K), 0.0029963 secs] 532772K->516386K(896640K), 0.0030496 secs] [Times: user=0.01 sys=0.00, real=0.00 secs] 
2020-10-29T13:18:27.820+0000: [GC (Allocation Failure) 2020-10-29T13:18:27.821+0000: [ParNew: 16388K->4K(18432K), 0.0029132 secs] 532770K->516386K(896640K), 0.0029655 secs] [Times: user=0.00 sys=0.00, real=0.00 secs] 
2020-10-29T13:18:27.839+0000: [GC (Allocation Failure) 2020-10-29T13:18:27.839+0000: [ParNew: 16388K->4K(18432K), 0.0029943 secs] 532770K->516386K(896640K), 0.0030477 secs] [Times: user=0.01 sys=0.00, real=0.00 secs] 
2020-10-29T13:18:27.860+0000: [GC (Allocation Failure) 2020-10-29T13:18:27.860+0000: [ParNew: 16388K->4K(18432K), 0.0028390 secs] 532770K->516386K(896640K), 0.0028894 secs] [Times: user=0.01 sys=0.00, real=0.00 secs] 
2020-10-29T13:18:27.881+0000: [GC (Allocation Failure) 2020-10-29T13:18:27.881+0000: [ParNew: 16388K->4K(18432K), 0.0029416 secs] 532770K->516386K(896640K), 0.0029974 secs] [Times: user=0.00 sys=0.00, real=0.00 secs] 
2020-10-29T13:18:27.899+0000: [GC (Allocation Failure) 2020-10-29T13:18:27.899+0000: [ParNew: 16388K->6K(18432K), 0.0029662 secs] 532770K->516388K(896640K), 0.0030198 secs] [Times: user=0.01 sys=0.00, real=0.00 secs] 
2020-10-29T13:18:27.917+0000: [GC (Allocation Failure) 2020-10-29T13:18:27.917+0000: [ParNew: 16390K->4K(18432K), 0.0029083 secs] 532772K->516386K(896640K), 0.0029617 secs] [Times: user=0.00 sys=0.00, real=0.00 secs] 
2020-10-29T13:18:27.935+0000: [GC (Allocation Failure) 2020-10-29T13:18:27.935+0000: [ParNew: 16388K->4K(18432K), 0.0028943 secs] 532770K->516386K(896640K), 0.0029460 secs] [Times: user=0.01 sys=0.00, real=0.00 secs] 
2020-10-29T13:18:27.953+0000: [GC (Allocation Failure) 2020-10-29T13:18:27.953+0000: [ParNew: 16388K->4K(18432K), 0.0028346 secs] 532770K->516386K(896640K), 0.0028838 secs] [Times: user=0.00 sys=0.00, real=0.00 secs] 
2020-10-29T13:18:27.971+0000: [GC (Allocation Failure) 2020-10-29T13:18:27.972+0000: [ParNew: 16388K->4K(18432K), 0.0029674 secs] 532770K->516386K(896640K), 0.0030243 secs] [Times: user=0.01 sys=0.00, real=0.01 secs] 
2020-10-29T13:18:27.992+0000: [GC (Allocation Failure) 2020-10-29T13:18:27.993+0000: [ParNew: 16388K->4K(18432K), 0.0029465 secs] 532770K->516386K(896640K), 0.0029984 secs] [Times: user=0.01 sys=0.00, real=0.00 secs] 
2020-10-29T13:18:28.011+0000: [GC (Allocation Failure) 2020-10-29T13:18:28.011+0000: [ParNew: 16388K->4K(18432K), 0.0029298 secs] 532770K->516386K(896640K), 0.0029809 secs] [Times: user=0.00 sys=0.00, real=0.01 secs] 
2020-10-29T13:18:28.029+0000: [GC (Allocation Failure) 2020-10-29T13:18:28.029+0000: [ParNew: 16388K->4K(18432K), 0.0027905 secs] 532770K->516386K(896640K), 0.0028367 secs] [Times: user=0.01 sys=0.00, real=0.00 secs] 
2020-10-29T13:18:28.048+0000: [GC (Allocation Failure) 2020-10-29T13:18:28.049+0000: [ParNew: 16388K->4K(18432K), 0.0028218 secs] 532770K->516386K(896640K), 0.0028729 secs] [Times: user=0.00 sys=0.00, real=0.00 secs] 
2020-10-29T13:18:28.067+0000: [GC (Allocation Failure) 2020-10-29T13:18:28.067+0000: [ParNew: 16388K->4K(18432K), 0.0028339 secs] 532770K->516386K(896640K), 0.0028829 secs] [Times: user=0.01 sys=0.00, real=0.00 secs] 
2020-10-29T13:18:28.085+0000: [GC (Allocation Failure) 2020-10-29T13:18:28.085+0000: [ParNew: 16388K->4K(18432K), 0.0027725 secs] 532770K->516386K(896640K), 0.0028375 secs] [Times: user=0.00 sys=0.00, real=0.00 secs] 
2020-10-29T13:18:28.103+0000: [GC (Allocation Failure) 2020-10-29T13:18:28.103+0000: [ParNew: 16388K->4K(18432K), 0.0028560 secs] 532770K->516386K(896640K), 0.0029057 secs] [Times: user=0.01 sys=0.00, real=0.01 secs] 
2020-10-29T13:18:28.121+0000: [GC (Allocation Failure) 2020-10-29T13:18:28.121+0000: [ParNew: 16388K->4K(18432K), 0.0028011 secs] 532770K->516386K(896640K), 0.0028492 secs] [Times: user=0.00 sys=0.00, real=0.00 secs] 
2020-10-29T13:18:28.139+0000: [GC (Allocation Failure) 2020-10-29T13:18:28.139+0000: [ParNew: 16388K->4K(18432K), 0.0029273 secs] 532770K->516386K(896640K), 0.0029815 secs] [Times: user=0.00 sys=0.00, real=0.00 secs] 
2020-10-29T13:18:28.160+0000: [GC (Allocation Failure) 2020-10-29T13:18:28.160+0000: [ParNew: 16388K->4K(18432K), 0.0028344 secs] 532770K->516386K(896640K), 0.0028838 secs] [Times: user=0.01 sys=0.00, real=0.00 secs] 
2020-10-29T13:18:28.179+0000: [GC (Allocation Failure) 2020-10-29T13:18:28.179+0000: [ParNew: 16388K->4K(18432K), 0.0029567 secs] 532770K->516386K(896640K), 0.0030423 secs] [Times: user=0.00 sys=0.00, real=0.00 secs] 
2020-10-29T13:18:28.200+0000: [GC (Allocation Failure) 2020-10-29T13:18:28.201+0000: [ParNew: 16388K->6K(18432K), 0.0028330 secs] 532770K->516388K(896640K), 0.0028822 secs] [Times: user=0.00 sys=0.00, real=0.00 secs] 
2020-10-29T13:18:28.219+0000: [GC (Allocation Failure) 2020-10-29T13:18:28.219+0000: [ParNew: 16390K->4K(18432K), 0.0029594 secs] 532772K->516386K(896640K), 0.0030128 secs] [Times: user=0.01 sys=0.00, real=0.00 secs] 
2020-10-29T13:18:28.237+0000: [GC (Allocation Failure) 2020-10-29T13:18:28.237+0000: [ParNew: 16388K->4K(18432K), 0.0029362 secs] 532770K->516386K(896640K), 0.0029908 secs] [Times: user=0.00 sys=0.01, real=0.00 secs] 
2020-10-29T13:18:28.255+0000: [GC (Allocation Failure) 2020-10-29T13:18:28.255+0000: [ParNew: 16388K->4K(18432K), 0.0028995 secs] 532770K->516386K(896640K), 0.0029536 secs] [Times: user=0.01 sys=0.00, real=0.00 secs] 
2020-10-29T13:18:28.273+0000: [GC (Allocation Failure) 2020-10-29T13:18:28.273+0000: [ParNew: 16388K->6K(18432K), 0.0029578 secs] 532770K->516388K(896640K), 0.0030131 secs] [Times: user=0.00 sys=0.00, real=0.00 secs] 
2020-10-29T13:18:28.292+0000: [GC (Allocation Failure) 2020-10-29T13:18:28.293+0000: [ParNew: 16390K->4K(18432K), 0.0029393 secs] 532772K->516386K(896640K), 0.0029931 secs] [Times: user=0.01 sys=0.00, real=0.00 secs] 
2020-10-29T13:18:28.312+0000: [GC (Allocation Failure) 2020-10-29T13:18:28.313+0000: [ParNew: 16388K->4K(18432K), 0.0028914 secs] 532770K->516386K(896640K), 0.0029431 secs] [Times: user=0.00 sys=0.00, real=0.00 secs] 
2020-10-29T13:18:28.332+0000: [GC (Allocation Failure) 2020-10-29T13:18:28.333+0000: [ParNew: 16388K->4K(18432K), 0.0028804 secs] 532770K->516386K(896640K), 0.0029323 secs] [Times: user=0.01 sys=0.00, real=0.00 secs] 
2020-10-29T13:18:28.352+0000: [GC (Allocation Failure) 2020-10-29T13:18:28.353+0000: [ParNew: 16388K->4K(18432K), 0.0028934 secs] 532770K->516386K(896640K), 0.0029466 secs] [Times: user=0.00 sys=0.00, real=0.00 secs] 
2020-10-29T13:18:28.371+0000: [GC (Allocation Failure) 2020-10-29T13:18:28.371+0000: [ParNew: 16388K->4K(18432K), 0.0029826 secs] 532770K->516386K(896640K), 0.0030372 secs] [Times: user=0.01 sys=0.00, real=0.01 secs] 
2020-10-29T13:18:28.392+0000: [GC (Allocation Failure) 2020-10-29T13:18:28.393+0000: [ParNew: 16388K->4K(18432K), 0.0029203 secs] 532770K->516386K(896640K), 0.0029756 secs] [Times: user=0.01 sys=0.00, real=0.00 secs] 
2020-10-29T13:18:28.411+0000: [GC (Allocation Failure) 2020-10-29T13:18:28.411+0000: [ParNew: 16388K->4K(18432K), 0.0029200 secs] 532770K->516386K(896640K), 0.0029741 secs] [Times: user=0.01 sys=0.00, real=0.01 secs] 
2020-10-29T13:18:28.429+0000: [GC (Allocation Failure) 2020-10-29T13:18:28.429+0000: [ParNew: 16388K->4K(18432K), 0.0027766 secs] 532770K->516386K(896640K), 0.0028233 secs] [Times: user=0.01 sys=0.00, real=0.00 secs] 
2020-10-29T13:18:28.448+0000: [GC (Allocation Failure) 2020-10-29T13:18:28.449+0000: [ParNew: 16388K->4K(18432K), 0.0029268 secs] 532770K->516386K(896640K), 0.0029818 secs] [Times: user=0.01 sys=0.00, real=0.00 secs] 
2020-10-29T13:18:28.468+0000: [GC (Allocation Failure) 2020-10-29T13:18:28.469+0000: [ParNew: 16388K->4K(18432K), 0.0029343 secs] 532770K->516386K(896640K), 0.0029891 secs] [Times: user=0.01 sys=0.00, real=0.00 secs] 
2020-10-29T13:18:28.487+0000: [GC (Allocation Failure) 2020-10-29T13:18:28.487+0000: [ParNew: 16388K->4K(18432K), 0.0029733 secs] 532770K->516386K(896640K), 0.0030267 secs] [Times: user=0.01 sys=0.00, real=0.00 secs] 
2020-10-29T13:18:28.508+0000: [GC (Allocation Failure) 2020-10-29T13:18:28.509+0000: [ParNew: 16388K->4K(18432K), 0.0029547 secs] 532770K->516386K(896640K), 0.0030085 secs] [Times: user=0.01 sys=0.00, real=0.00 secs] 
2020-10-29T13:18:28.528+0000: [GC (Allocation Failure) 2020-10-29T13:18:28.528+0000: [ParNew: 16388K->4K(18432K), 0.0028889 secs] 532770K->516386K(896640K), 0.0029393 secs] [Times: user=0.00 sys=0.00, real=0.00 secs] 
2020-10-29T13:18:28.547+0000: [GC (Allocation Failure) 2020-10-29T13:18:28.547+0000: [ParNew: 16388K->4K(18432K), 0.0029686 secs] 532770K->516386K(896640K), 0.0030226 secs] [Times: user=0.01 sys=0.00, real=0.00 secs] 
2020-10-29T13:18:28.568+0000: [GC (Allocation Failure) 2020-10-29T13:18:28.569+0000: [ParNew: 16388K->4K(18432K), 0.0029422 secs] 532770K->516386K(896640K), 0.0029972 secs] [Times: user=0.00 sys=0.00, real=0.00 secs] 
2020-10-29T13:18:28.588+0000: [GC (Allocation Failure) 2020-10-29T13:18:28.589+0000: [ParNew: 16388K->4K(18432K), 0.0029273 secs] 532770K->516386K(896640K), 0.0029764 secs] [Times: user=0.01 sys=0.00, real=0.00 secs] 
2020-10-29T13:18:28.607+0000: [GC (Allocation Failure) 2020-10-29T13:18:28.607+0000: [ParNew: 16388K->4K(18432K), 0.0030189 secs] 532770K->516386K(896640K), 0.0030780 secs] [Times: user=0.00 sys=0.00, real=0.00 secs] 
2020-10-29T13:18:28.628+0000: [GC (Allocation Failure) 2020-10-29T13:18:28.629+0000: [ParNew: 16388K->4K(18432K), 0.0028733 secs] 532770K->516386K(896640K), 0.0029229 secs] [Times: user=0.00 sys=0.00, real=0.00 secs] 
2020-10-29T13:18:28.647+0000: [GC (Allocation Failure) 2020-10-29T13:18:28.647+0000: [ParNew: 16388K->4K(18432K), 0.0029136 secs] 532770K->516386K(896640K), 0.0029671 secs] [Times: user=0.01 sys=0.00, real=0.00 secs] 
2020-10-29T13:18:28.665+0000: [GC (Allocation Failure) 2020-10-29T13:18:28.665+0000: [ParNew: 16388K->4K(18432K), 0.0028817 secs] 532770K->516386K(896640K), 0.0029358 secs] [Times: user=0.00 sys=0.00, real=0.00 secs] 
2020-10-29T13:18:28.684+0000: [GC (Allocation Failure) 2020-10-29T13:18:28.685+0000: [ParNew: 16388K->4K(18432K), 0.0028845 secs] 532770K->516386K(896640K), 0.0029383 secs] [Times: user=0.01 sys=0.00, real=0.00 secs] 
2020-10-29T13:18:28.703+0000: [GC (Allocation Failure) 2020-10-29T13:18:28.703+0000: [ParNew: 16388K->4K(18432K), 0.0028826 secs] 532770K->516386K(896640K), 0.0029333 secs] [Times: user=0.00 sys=0.00, real=0.01 secs] 
2020-10-29T13:18:28.721+0000: [GC (Allocation Failure) 2020-10-29T13:18:28.721+0000: [ParNew: 16388K->4K(18432K), 0.0028688 secs] 532770K->516386K(896640K), 0.0029206 secs] [Times: user=0.01 sys=0.00, real=0.00 secs] 
2020-10-29T13:18:28.739+0000: [GC (Allocation Failure) 2020-10-29T13:18:28.739+0000: [ParNew: 16388K->4K(18432K), 0.0028914 secs] 532770K->516386K(896640K), 0.0029435 secs] [Times: user=0.00 sys=0.00, real=0.00 secs] 
2020-10-29T13:18:28.760+0000: [GC (Allocation Failure) 2020-10-29T13:18:28.760+0000: [ParNew: 16388K->4K(18432K), 0.0028391 secs] 532770K->516386K(896640K), 0.0028959 secs] [Times: user=0.00 sys=0.00, real=0.00 secs] 
2020-10-29T13:18:28.779+0000: [GC (Allocation Failure) 2020-10-29T13:18:28.779+0000: [ParNew: 16388K->4K(18432K), 0.0029456 secs] 532770K->516386K(896640K), 0.0030001 secs] [Times: user=0.00 sys=0.00, real=0.00 secs] 
2020-10-29T13:18:28.800+0000: [GC (Allocation Failure) 2020-10-29T13:18:28.800+0000: [ParNew: 16388K->4K(18432K), 0.0028857 secs] 532770K->516386K(896640K), 0.0029483 secs] [Times: user=0.00 sys=0.00, real=0.00 secs] 
2020-10-29T13:18:28.821+0000: [GC (Allocation Failure) 2020-10-29T13:18:28.821+0000: [ParNew: 16388K->4K(18432K), 0.0029732 secs] 532770K->516386K(896640K), 0.0030292 secs] [Times: user=0.01 sys=0.00, real=0.01 secs] 
2020-10-29T13:18:28.840+0000: [GC (Allocation Failure) 2020-10-29T13:18:28.841+0000: [ParNew: 16388K->4K(18432K), 0.0029165 secs] 532770K->516386K(896640K), 0.0029701 secs] [Times: user=0.00 sys=0.00, real=0.00 secs] 
2020-10-29T13:18:28.860+0000: [GC (Allocation Failure) 2020-10-29T13:18:28.861+0000: [ParNew: 16388K->4K(18432K), 0.0030696 secs] 532770K->516386K(896640K), 0.0031229 secs] [Times: user=0.01 sys=0.00, real=0.00 secs] 
2020-10-29T13:18:28.885+0000: [GC (Allocation Failure) 2020-10-29T13:18:28.885+0000: [ParNew: 16388K->4K(18432K), 0.0029315 secs] 532770K->516386K(896640K), 0.0029956 secs] [Times: user=0.00 sys=0.00, real=0.00 secs] 
2020-10-29T13:18:28.904+0000: [GC (Allocation Failure) 2020-10-29T13:18:28.904+0000: [ParNew: 16388K->4K(18432K), 0.0029067 secs] 532770K->516386K(896640K), 0.0029583 secs] [Times: user=0.01 sys=0.00, real=0.01 secs] 
2020-10-29T13:18:28.922+0000: [GC (Allocation Failure) 2020-10-29T13:18:28.922+0000: [ParNew: 16388K->4K(18432K), 0.0028044 secs] 532770K->516386K(896640K), 0.0028530 secs] [Times: user=0.01 sys=0.00, real=0.01 secs] 
2020-10-29T13:18:28.940+0000: [GC (Allocation Failure) 2020-10-29T13:18:28.940+0000: [ParNew: 16388K->4K(18432K), 0.0029365 secs] 532770K->516386K(896640K), 0.0029903 secs] [Times: user=0.00 sys=0.00, real=0.00 secs] 
2020-10-29T13:18:28.960+0000: [GC (Allocation Failure) 2020-10-29T13:18:28.960+0000: [ParNew: 16388K->4K(18432K), 0.0031651 secs] 532770K->516386K(896640K), 0.0032138 secs] [Times: user=0.01 sys=0.00, real=0.00 secs] 
2020-10-29T13:18:28.980+0000: [GC (Allocation Failure) 2020-10-29T13:18:28.981+0000: [ParNew: 16388K->4K(18432K), 0.0029824 secs] 532770K->516386K(896640K), 0.0030386 secs] [Times: user=0.00 sys=0.00, real=0.00 secs] 
2020-10-29T13:18:29.003+0000: [GC (Allocation Failure) 2020-10-29T13:18:29.003+0000: [ParNew: 16388K->4K(18432K), 0.0029743 secs] 532770K->516386K(896640K), 0.0030285 secs] [Times: user=0.00 sys=0.00, real=0.01 secs] 
2020-10-29T13:18:29.024+0000: [GC (Allocation Failure) 2020-10-29T13:18:29.025+0000: [ParNew: 16388K->4K(18432K), 0.0029336 secs] 532770K->516386K(896640K), 0.0029864 secs] [Times: user=0.00 sys=0.00, real=0.00 secs] 
2020-10-29T13:18:29.047+0000: [GC (Allocation Failure) 2020-10-29T13:18:29.047+0000: [ParNew: 16388K->4K(18432K), 0.0032061 secs] 532770K->516386K(896640K), 0.0032612 secs] [Times: user=0.01 sys=0.00, real=0.00 secs] 
2020-10-29T13:18:29.068+0000: [GC (Allocation Failure) 2020-10-29T13:18:29.069+0000: [ParNew: 16388K->4K(18432K), 0.0029430 secs] 532770K->516386K(896640K), 0.0029983 secs] [Times: user=0.01 sys=0.00, real=0.00 secs] 
2020-10-29T13:18:29.087+0000: [GC (Allocation Failure) 2020-10-29T13:18:29.087+0000: [ParNew: 16388K->4K(18432K), 0.0029668 secs] 532770K->516386K(896640K), 0.0030220 secs] [Times: user=0.00 sys=0.00, real=0.00 secs] 
2020-10-29T13:18:29.109+0000: [GC (Allocation Failure) 2020-10-29T13:18:29.109+0000: [ParNew: 16387K->4K(18432K), 0.0029684 secs] 532770K->516386K(896640K), 0.0030233 secs] [Times: user=0.01 sys=0.00, real=0.00 secs] 
2020-10-29T13:18:29.127+0000: [GC (Allocation Failure) 2020-10-29T13:18:29.127+0000: [ParNew: 16388K->4K(18432K), 0.0028598 secs] 532770K->516386K(896640K), 0.0029097 secs] [Times: user=0.00 sys=0.00, real=0.00 secs] 
2020-10-29T13:18:29.145+0000: [GC (Allocation Failure) 2020-10-29T13:18:29.145+0000: [ParNew: 16388K->4K(18432K), 0.0027942 secs] 532770K->516386K(896640K), 0.0028422 secs] [Times: user=0.01 sys=0.00, real=0.00 secs] 
2020-10-29T13:18:29.163+0000: [GC (Allocation Failure) 2020-10-29T13:18:29.163+0000: [ParNew: 16388K->4K(18432K), 0.0027993 secs] 532770K->516386K(896640K), 0.0028476 secs] [Times: user=0.00 sys=0.00, real=0.01 secs] 
2020-10-29T13:18:29.181+0000: [GC (Allocation Failure) 2020-10-29T13:18:29.181+0000: [ParNew: 16388K->4K(18432K), 0.0028283 secs] 532770K->516386K(896640K), 0.0028784 secs] [Times: user=0.01 sys=0.00, real=0.00 secs] 
2020-10-29T13:18:29.200+0000: [GC (Allocation Failure) 2020-10-29T13:18:29.201+0000: [ParNew: 16388K->4K(18432K), 0.0028350 secs] 532770K->516386K(896640K), 0.0028834 secs] [Times: user=0.00 sys=0.00, real=0.00 secs] 
2020-10-29T13:18:29.220+0000: [GC (Allocation Failure) 2020-10-29T13:18:29.221+0000: [ParNew: 16388K->4K(18432K), 0.0029212 secs] 532770K->516386K(896640K), 0.0029738 secs] [Times: user=0.01 sys=0.00, real=0.00 secs] 
2020-10-29T13:18:29.239+0000: [GC (Allocation Failure) 2020-10-29T13:18:29.239+0000: [ParNew: 16388K->4K(18432K), 0.0028653 secs] 532770K->516386K(896640K), 0.0029144 secs] [Times: user=0.00 sys=0.00, real=0.00 secs] 
2020-10-29T13:18:29.260+0000: [GC (Allocation Failure) 2020-10-29T13:18:29.261+0000: [ParNew: 16388K->4K(18432K), 0.0029239 secs] 532770K->516386K(896640K), 0.0029806 secs] [Times: user=0.00 sys=0.00, real=0.00 secs] 
2020-10-29T13:18:29.279+0000: [GC (Allocation Failure) 2020-10-29T13:18:29.279+0000: [ParNew: 16388K->4K(18432K), 0.0029302 secs] 532770K->516386K(896640K), 0.0029841 secs] [Times: user=0.01 sys=0.00, real=0.00 secs] 
2020-10-29T13:18:29.297+0000: [GC (Allocation Failure) 2020-10-29T13:18:29.297+0000: [ParNew: 16388K->4K(18432K), 0.0027306 secs] 532770K->516386K(896640K), 0.0027801 secs] [Times: user=0.01 sys=0.00, real=0.00 secs] 
2020-10-29T13:18:29.320+0000: [GC (Allocation Failure) 2020-10-29T13:18:29.320+0000: [ParNew: 16388K->4K(18432K), 0.0028627 secs] 532770K->516386K(896640K), 0.0029144 secs] [Times: user=0.01 sys=0.00, real=0.00 secs] 
2020-10-29T13:18:29.343+0000: [GC (Allocation Failure) 2020-10-29T13:18:29.343+0000: [ParNew: 16388K->4K(18432K), 0.0029488 secs] 532770K->516386K(896640K), 0.0029995 secs] [Times: user=0.01 sys=0.00, real=0.01 secs] 
2020-10-29T13:18:29.364+0000: [GC (Allocation Failure) 2020-10-29T13:18:29.365+0000: [ParNew: 16388K->4K(18432K), 0.0029378 secs] 532770K->516386K(896640K), 0.0029899 secs] [Times: user=0.00 sys=0.00, real=0.00 secs] 
2020-10-29T13:18:29.385+0000: [GC (Allocation Failure) 2020-10-29T13:18:29.385+0000: [ParNew: 16388K->4K(18432K), 0.0028578 secs] 532770K->516386K(896640K), 0.0029084 secs] [Times: user=0.00 sys=0.00, real=0.00 secs] 
2020-10-29T13:18:29.404+0000: [GC (Allocation Failure) 2020-10-29T13:18:29.404+0000: [ParNew: 16388K->4K(18432K), 0.0029048 secs] 532770K->516386K(896640K), 0.0029601 secs] [Times: user=0.00 sys=0.00, real=0.01 secs] 
2020-10-29T13:18:29.428+0000: [GC (Allocation Failure) 2020-10-29T13:18:29.428+0000: [ParNew: 16388K->6K(18432K), 0.0029335 secs] 532770K->516388K(896640K), 0.0029878 secs] [Times: user=0.01 sys=0.00, real=0.00 secs] 
2020-10-29T13:18:29.464+0000: [GC (Allocation Failure) 2020-10-29T13:18:29.464+0000: [ParNew: 16390K->6K(18432K), 0.0029719 secs] 532772K->516388K(896640K), 0.0030297 secs] [Times: user=0.00 sys=0.00, real=0.01 secs] 
2020-10-29T13:18:29.495+0000: [GC (Allocation Failure) 2020-10-29T13:18:29.496+0000: [ParNew: 16390K->6K(18432K), 0.0029691 secs] 532772K->516389K(896640K), 0.0030256 secs] [Times: user=0.01 sys=0.00, real=0.00 secs] 
2020-10-29T13:18:29.532+0000: [GC (Allocation Failure) 2020-10-29T13:18:29.532+0000: [ParNew: 16390K->6K(18432K), 0.0029705 secs] 532773K->516389K(896640K), 0.0030257 secs] [Times: user=0.01 sys=0.00, real=0.01 secs] 
2020-10-29T13:18:29.565+0000: [GC (Allocation Failure) 2020-10-29T13:18:29.565+0000: [ParNew: 16390K->6K(18432K), 0.0029279 secs] 532773K->516389K(896640K), 0.0029794 secs] [Times: user=0.01 sys=0.00, real=0.00 secs] 
2020-10-29T13:18:29.600+0000: [GC (Allocation Failure) 2020-10-29T13:18:29.600+0000: [ParNew: 16390K->6K(18432K), 0.0029510 secs] 532773K->516389K(896640K), 0.0030056 secs] [Times: user=0.01 sys=0.00, real=0.00 secs] 
2020-10-29T13:18:29.635+0000: [GC (Allocation Failure) 2020-10-29T13:18:29.635+0000: [ParNew: 16390K->4K(18432K), 0.0029793 secs] 532773K->516388K(896640K), 0.0030353 secs] [Times: user=0.00 sys=0.00, real=0.00 secs] 
2020-10-29T13:18:29.668+0000: [GC (Allocation Failure) 2020-10-29T13:18:29.669+0000: [ParNew: 16388K->4K(18432K), 0.0029458 secs] 532772K->516388K(896640K), 0.0030118 secs] [Times: user=0.00 sys=0.00, real=0.00 secs] 
2020-10-29T13:18:30.047+0000: [GC (Allocation Failure) 2020-10-29T13:18:30.047+0000: [ParNew: 16388K->4K(18432K), 0.0029481 secs] 532772K->516388K(896640K), 0.0030046 secs] [Times: user=0.01 sys=0.00, real=0.00 secs] 
2020-10-29T13:18:30.329+0000: [GC (Allocation Failure) 2020-10-29T13:18:30.329+0000: [ParNew: 16388K->4K(18432K), 0.0029489 secs] 532772K->516388K(896640K), 0.0030077 secs] [Times: user=0.01 sys=0.00, real=0.01 secs] 
2020-10-29T13:18:30.404+0000: [GC (Allocation Failure) 2020-10-29T13:18:30.404+0000: [ParNew: 16388K->4K(18432K), 0.0029493 secs] 532772K->516388K(896640K), 0.0029997 secs] [Times: user=0.00 sys=0.00, real=0.01 secs] 
2020-10-29T13:18:30.445+0000: [GC (Allocation Failure) 2020-10-29T13:18:30.445+0000: [ParNew: 16388K->4K(18432K), 0.0029264 secs] 532772K->516388K(896640K), 0.0029840 secs] [Times: user=0.00 sys=0.00, real=0.00 secs] 
2020-10-29T13:18:30.480+0000: [GC (Allocation Failure) 2020-10-29T13:18:30.481+0000: [ParNew: 16388K->4K(18432K), 0.0029205 secs] 532772K->516388K(896640K), 0.0029763 secs] [Times: user=0.01 sys=0.00, real=0.00 secs] 
2020-10-29T13:18:30.513+0000: [GC (Allocation Failure) 2020-10-29T13:18:30.513+0000: [ParNew: 16388K->4K(18432K), 0.0029222 secs] 532772K->516388K(896640K), 0.0029777 secs] [Times: user=0.01 sys=0.00, real=0.00 secs] 
2020-10-29T13:18:30.544+0000: [GC (Allocation Failure) 2020-10-29T13:18:30.545+0000: [ParNew: 16388K->4K(18432K), 0.0029347 secs] 532772K->516389K(896640K), 0.0029970 secs] [Times: user=0.00 sys=0.00, real=0.00 secs] 
2020-10-29T13:18:30.568+0000: [GC (Allocation Failure) 2020-10-29T13:18:30.569+0000: [ParNew: 16388K->4K(18432K), 0.0029063 secs] 532773K->516389K(896640K), 0.0029598 secs] [Times: user=0.00 sys=0.00, real=0.00 secs] 
2020-10-29T13:18:30.588+0000: [GC (Allocation Failure) 2020-10-29T13:18:30.588+0000: [ParNew: 16388K->4K(18432K), 0.0029194 secs] 532773K->516389K(896640K), 0.0029732 secs] [Times: user=0.01 sys=0.00, real=0.00 secs] 
2020-10-29T13:18:30.608+0000: [GC (Allocation Failure) 2020-10-29T13:18:30.609+0000: [ParNew: 16388K->4K(18432K), 0.0030085 secs] 532773K->516389K(896640K), 0.0030667 secs] [Times: user=0.01 sys=0.00, real=0.00 secs] 
2020-10-29T13:18:30.632+0000: [GC (Allocation Failure) 2020-10-29T13:18:30.633+0000: [ParNew: 16388K->4K(18432K), 0.0029091 secs] 532773K->516389K(896640K), 0.0029632 secs] [Times: user=0.01 sys=0.00, real=0.00 secs] 
2020-10-29T13:18:30.652+0000: [GC (Allocation Failure) 2020-10-29T13:18:30.652+0000: [ParNew: 16388K->4K(18432K), 0.0029715 secs] 532773K->516389K(896640K), 0.0030267 secs] [Times: user=0.01 sys=0.00, real=0.01 secs] 
2020-10-29T13:18:30.676+0000: [GC (Allocation Failure) 2020-10-29T13:18:30.676+0000: [ParNew: 16388K->4K(18432K), 0.0029315 secs] 532773K->516389K(896640K), 0.0029854 secs] [Times: user=0.01 sys=0.00, real=0.00 secs] 
2020-10-29T13:18:30.696+0000: [GC (Allocation Failure) 2020-10-29T13:18:30.696+0000: [ParNew: 16388K->4K(18432K), 0.0029252 secs] 532773K->516389K(896640K), 0.0029792 secs] [Times: user=0.01 sys=0.00, real=0.00 secs] 
2020-10-29T13:18:30.716+0000: [GC (Allocation Failure) 2020-10-29T13:18:30.717+0000: [ParNew: 16388K->4K(18432K), 0.0030597 secs] 532773K->516389K(896640K), 0.0031131 secs] [Times: user=0.01 sys=0.00, real=0.00 secs] 
2020-10-29T13:18:30.737+0000: [GC (Allocation Failure) 2020-10-29T13:18:30.737+0000: [ParNew: 16388K->4K(18432K), 0.0029241 secs] 532773K->516389K(896640K), 0.0029818 secs] [Times: user=0.01 sys=0.00, real=0.00 secs] 
2020-10-29T13:18:30.758+0000: [GC (Allocation Failure) 2020-10-29T13:18:30.758+0000: [ParNew: 16388K->4K(18432K), 0.0029097 secs] 532773K->516389K(896640K), 0.0029640 secs] [Times: user=0.00 sys=0.00, real=0.00 secs] 
2020-10-29T13:18:30.779+0000: [GC (Allocation Failure) 2020-10-29T13:18:30.779+0000: [ParNew: 16388K->4K(18432K), 0.0029536 secs] 532773K->516389K(896640K), 0.0030095 secs] [Times: user=0.01 sys=0.00, real=0.00 secs] 
2020-10-29T13:18:30.799+0000: [GC (Allocation Failure) 2020-10-29T13:18:30.799+0000: [ParNew: 16388K->4K(18432K), 0.0029329 secs] 532773K->516389K(896640K), 0.0029878 secs] [Times: user=0.01 sys=0.00, real=0.00 secs] 
2020-10-29T13:18:30.819+0000: [GC (Allocation Failure) 2020-10-29T13:18:30.819+0000: [ParNew: 16388K->4K(18432K), 0.0029346 secs] 532773K->516389K(896640K), 0.0029905 secs] [Times: user=0.01 sys=0.00, real=0.00 secs] 
2020-10-29T13:18:30.841+0000: [GC (Allocation Failure) 2020-10-29T13:18:30.841+0000: [ParNew: 16388K->4K(18432K), 0.0028750 secs] 532773K->516389K(896640K), 0.0029291 secs] [Times: user=0.01 sys=0.00, real=0.00 secs] 
2020-10-29T13:18:30.860+0000: [GC (Allocation Failure) 2020-10-29T13:18:30.861+0000: [ParNew: 16388K->2K(18432K), 0.0029319 secs] 532773K->516387K(896640K), 0.0029873 secs] [Times: user=0.00 sys=0.00, real=0.00 secs] 
2020-10-29T13:18:30.885+0000: [GC (Allocation Failure) 2020-10-29T13:18:30.885+0000: [ParNew: 16386K->4K(18432K), 0.0044393 secs] 532771K->516389K(896640K), 0.0044925 secs] [Times: user=0.00 sys=0.00, real=0.00 secs] 
2020-10-29T13:18:30.907+0000: [GC (Allocation Failure) 2020-10-29T13:18:30.907+0000: [ParNew: 16388K->4K(18432K), 0.0029255 secs] 532773K->516389K(896640K), 0.0029805 secs] [Times: user=0.01 sys=0.00, real=0.00 secs] 
2020-10-29T13:18:30.927+0000: [GC (Allocation Failure) 2020-10-29T13:18:30.927+0000: [ParNew: 16388K->4K(18432K), 0.0029184 secs] 532773K->516389K(896640K), 0.0029739 secs] [Times: user=0.01 sys=0.00, real=0.00 secs] 
2020-10-29T13:18:30.947+0000: [GC (Allocation Failure) 2020-10-29T13:18:30.947+0000: [ParNew: 16388K->4K(18432K), 0.0029067 secs] 532773K->516389K(896640K), 0.0029598 secs] [Times: user=0.01 sys=0.00, real=0.00 secs] 
2020-10-29T13:18:30.968+0000: [GC (Allocation Failure) 2020-10-29T13:18:30.968+0000: [ParNew: 16388K->4K(18432K), 0.0029434 secs] 532773K->516389K(896640K), 0.0029997 secs] [Times: user=0.01 sys=0.00, real=0.00 secs] 
2020-10-29T13:18:30.988+0000: [GC (Allocation Failure) 2020-10-29T13:18:30.988+0000: [ParNew: 16388K->4K(18432K), 0.0029403 secs] 532773K->516389K(896640K), 0.0029995 secs] [Times: user=0.01 sys=0.00, real=0.00 secs] 
2020-10-29T13:18:31.008+0000: [GC (Allocation Failure) 2020-10-29T13:18:31.009+0000: [ParNew: 16388K->4K(18432K), 0.0029199 secs] 532773K->516389K(896640K), 0.0029754 secs] [Times: user=0.01 sys=0.00, real=0.00 secs] 
2020-10-29T13:18:31.032+0000: [GC (Allocation Failure) 2020-10-29T13:18:31.032+0000: [ParNew: 16388K->4K(18432K), 0.0029091 secs] 532773K->516389K(896640K), 0.0029637 secs] [Times: user=0.01 sys=0.00, real=0.00 secs] 
2020-10-29T13:18:31.053+0000: [GC (Allocation Failure) 2020-10-29T13:18:31.053+0000: [ParNew: 16388K->4K(18432K), 0.0029103 secs] 532773K->516389K(896640K), 0.0029634 secs] [Times: user=0.01 sys=0.00, real=0.00 secs] 
2020-10-29T13:18:31.076+0000: [GC (Allocation Failure) 2020-10-29T13:18:31.077+0000: [ParNew: 16388K->2K(18432K), 0.0029676 secs] 532773K->516387K(896640K), 0.0030234 secs] [Times: user=0.01 sys=0.01, real=0.00 secs] 
2020-10-29T13:18:31.097+0000: [GC (Allocation Failure) 2020-10-29T13:18:31.097+0000: [ParNew: 16386K->2K(18432K), 0.0029214 secs] 532771K->516387K(896640K), 0.0029746 secs] [Times: user=0.01 sys=0.00, real=0.00 secs] 
2020-10-29T13:18:31.120+0000: [GC (Allocation Failure) 2020-10-29T13:18:31.121+0000: [ParNew: 16386K->4K(18432K), 0.0029625 secs] 532771K->516389K(896640K), 0.0030151 secs] [Times: user=0.00 sys=0.00, real=0.00 secs] 
2020-10-29T13:18:31.144+0000: [GC (Allocation Failure) 2020-10-29T13:18:31.144+0000: [ParNew: 16388K->4K(18432K), 0.0029072 secs] 532773K->516389K(896640K), 0.0029612 secs] [Times: user=0.01 sys=0.00, real=0.00 secs] 
2020-10-29T13:18:31.168+0000: [GC (Allocation Failure) 2020-10-29T13:18:31.169+0000: [ParNew: 16388K->4K(18432K), 0.0028808 secs] 532773K->516389K(896640K), 0.0029324 secs] [Times: user=0.01 sys=0.00, real=0.00 secs] 
2020-10-29T13:18:31.189+0000: [GC (Allocation Failure) 2020-10-29T13:18:31.189+0000: [ParNew: 16388K->4K(18432K), 0.0029292 secs] 532773K->516389K(896640K), 0.0029815 secs] [Times: user=0.01 sys=0.00, real=0.00 secs] 
2020-10-29T13:18:31.212+0000: [GC (Allocation Failure) 2020-10-29T13:18:31.213+0000: [ParNew: 16388K->2K(18432K), 0.0029387 secs] 532773K->516387K(896640K), 0.0029921 secs] [Times: user=0.01 sys=0.00, real=0.00 secs] 
2020-10-29T13:18:31.232+0000: [GC (Allocation Failure) 2020-10-29T13:18:31.233+0000: [ParNew: 16386K->4K(18432K), 0.0028583 secs] 532771K->516389K(896640K), 0.0029119 secs] [Times: user=0.01 sys=0.00, real=0.00 secs] 
2020-10-29T13:18:31.252+0000: [GC (Allocation Failure) 2020-10-29T13:18:31.252+0000: [ParNew: 16388K->4K(18432K), 0.0029195 secs] 532773K->516389K(896640K), 0.0029744 secs] [Times: user=0.00 sys=0.00, real=0.00 secs] 
2020-10-29T13:18:31.272+0000: [GC (Allocation Failure) 2020-10-29T13:18:31.272+0000: [ParNew: 16388K->4K(18432K), 0.0028686 secs] 532773K->516389K(896640K), 0.0029238 secs] [Times: user=0.00 sys=0.00, real=0.00 secs] 
2020-10-29T13:18:31.292+0000: [GC (Allocation Failure) 2020-10-29T13:18:31.292+0000: [ParNew: 16388K->4K(18432K), 0.0029270 secs] 532773K->516389K(896640K), 0.0029874 secs] [Times: user=0.00 sys=0.00, real=0.01 secs] 
2020-10-29T13:18:31.312+0000: [GC (Allocation Failure) 2020-10-29T13:18:31.312+0000: [ParNew: 16388K->4K(18432K), 0.0029081 secs] 532773K->516389K(896640K), 0.0029604 secs] [Times: user=0.01 sys=0.00, real=0.01 secs] 
2020-10-29T13:18:31.333+0000: [GC (Allocation Failure) 2020-10-29T13:18:31.333+0000: [ParNew: 16388K->4K(18432K), 0.0028953 secs] 532773K->516389K(896640K), 0.0029422 secs] [Times: user=0.01 sys=0.00, real=0.00 secs] 
2020-10-29T13:18:31.356+0000: [GC (Allocation Failure) 2020-10-29T13:18:31.356+0000: [ParNew: 16388K->4K(18432K), 0.0028934 secs] 532773K->516389K(896640K), 0.0029439 secs] [Times: user=0.00 sys=0.00, real=0.00 secs] 
2020-10-29T13:18:31.385+0000: [GC (Allocation Failure) 2020-10-29T13:18:31.385+0000: [ParNew: 16388K->4K(18432K), 0.0029582 secs] 532773K->516389K(896640K), 0.0030139 secs] [Times: user=0.01 sys=0.00, real=0.00 secs] 
2020-10-29T13:18:31.407+0000: [GC (Allocation Failure) 2020-10-29T13:18:31.407+0000: [ParNew: 16388K->4K(18432K), 0.0029745 secs] 532773K->516389K(896640K), 0.0030300 secs] [Times: user=0.00 sys=0.00, real=0.00 secs] 
2020-10-29T13:18:31.430+0000: [GC (Allocation Failure) 2020-10-29T13:18:31.430+0000: [ParNew: 16388K->4K(18432K), 0.0029130 secs] 532773K->516389K(896640K), 0.0029660 secs] [Times: user=0.01 sys=0.00, real=0.01 secs] 
2020-10-29T13:18:31.453+0000: [GC (Allocation Failure) 2020-10-29T13:18:31.453+0000: [ParNew: 16388K->4K(18432K), 0.0029362 secs] 532773K->516389K(896640K), 0.0029906 secs] [Times: user=0.00 sys=0.00, real=0.00 secs] 
2020-10-29T13:18:31.475+0000: [GC (Allocation Failure) 2020-10-29T13:18:31.476+0000: [ParNew: 16388K->4K(18432K), 0.0029533 secs] 532773K->516389K(896640K), 0.0030087 secs] [Times: user=0.01 sys=0.00, real=0.00 secs] 
2020-10-29T13:18:32.628+0000: [GC (Allocation Failure) 2020-10-29T13:18:32.628+0000: [ParNew: 16388K->168K(18432K), 0.0031870 secs] 532773K->516554K(896640K), 0.0032545 secs] [Times: user=0.01 sys=0.00, real=0.00 secs] 
2020-10-29T13:18:32.745+0000: [GC (Allocation Failure) 2020-10-29T13:18:32.745+0000: [ParNew: 16552K->770K(18432K), 0.0142656 secs] 532938K->517157K(896640K), 0.0143293 secs] [Times: user=0.02 sys=0.00, real=0.01 secs] 
2020-10-29T13:18:32.937+0000: [GC (Allocation Failure) 2020-10-29T13:18:32.937+0000: [ParNew: 17153K->2048K(18432K), 0.0075041 secs] 533540K->519102K(896640K), 0.0075630 secs] [Times: user=0.02 sys=0.00, real=0.00 secs] 
2020-10-29T13:18:33.016+0000: [GC (Allocation Failure) 2020-10-29T13:18:33.017+0000: [ParNew: 18367K->1183K(18432K), 0.0071463 secs] 535421K->520172K(896640K), 0.0072304 secs] [Times: user=0.02 sys=0.00, real=0.00 secs] 
2020-10-29T13:18:33.073+0000: [GC (Allocation Failure) 2020-10-29T13:18:33.073+0000: [ParNew: 17567K->584K(18432K), 0.0030861 secs] 536556K->519573K(896640K), 0.0031441 secs] [Times: user=0.01 sys=0.00, real=0.00 secs] 
2020-10-29T13:18:33.124+0000: [GC (Allocation Failure) 2020-10-29T13:18:33.124+0000: [ParNew: 16968K->631K(18432K), 0.0032110 secs] 535957K->519620K(896640K), 0.0032881 secs] [Times: user=0.01 sys=0.00, real=0.01 secs] 
2020-10-29T13:18:33.178+0000: [GC (Allocation Failure) 2020-10-29T13:18:33.178+0000: [ParNew: 17015K->561K(18432K), 0.0031638 secs] 536004K->519550K(896640K), 0.0032398 secs] [Times: user=0.00 sys=0.00, real=0.00 secs] 
2020-10-29T13:18:33.230+0000: [GC (Allocation Failure) 2020-10-29T13:18:33.230+0000: [ParNew: 16945K->1100K(18432K), 0.0106233 secs] 535934K->520089K(896640K), 0.0106940 secs] [Times: user=0.02 sys=0.00, real=0.01 secs] 
2020-10-29T13:18:33.274+0000: [GC (Allocation Failure) 2020-10-29T13:18:33.274+0000: [ParNew: 17484K->26K(18432K), 0.0032506 secs] 536473K->520083K(896640K), 0.0033086 secs] [Times: user=0.00 sys=0.00, real=0.00 secs] 
2020-10-29T13:18:33.308+0000: [GC (Allocation Failure) 2020-10-29T13:18:33.309+0000: [ParNew: 16410K->7K(18432K), 0.0047376 secs] 536467K->520063K(896640K), 0.0047984 secs] [Times: user=0.00 sys=0.00, real=0.01 secs] 
2020-10-29T13:18:33.341+0000: [GC (Allocation Failure) 2020-10-29T13:18:33.341+0000: [ParNew: 16391K->4K(18432K), 0.0030260 secs] 536447K->520060K(896640K), 0.0030786 secs] [Times: user=0.01 sys=0.00, real=0.00 secs] 
2020-10-29T13:18:33.367+0000: [GC (Allocation Failure) 2020-10-29T13:18:33.367+0000: [ParNew: 16388K->4K(18432K), 0.0030154 secs] 536444K->520060K(896640K), 0.0030720 secs] [Times: user=0.01 sys=0.00, real=0.00 secs] 
2020-10-29T13:18:33.393+0000: [GC (Allocation Failure) 2020-10-29T13:18:33.393+0000: [ParNew: 16388K->4K(18432K), 0.0030074 secs] 536444K->520060K(896640K), 0.0030611 secs] [Times: user=0.01 sys=0.00, real=0.00 secs] 
2020-10-29T13:18:33.418+0000: [GC (Allocation Failure) 2020-10-29T13:18:33.418+0000: [ParNew: 16388K->4K(18432K), 0.0029268 secs] 536444K->520060K(896640K), 0.0029813 secs] [Times: user=0.01 sys=0.00, real=0.00 secs] 
2020-10-29T13:18:33.448+0000: [GC (Allocation Failure) 2020-10-29T13:18:33.448+0000: [ParNew: 16388K->4K(18432K), 0.0029678 secs] 536444K->520060K(896640K), 0.0030265 secs] [Times: user=0.01 sys=0.00, real=0.00 secs] 
2020-10-29T13:18:33.470+0000: [GC (Allocation Failure) 2020-10-29T13:18:33.470+0000: [ParNew: 16388K->4K(18432K), 0.0030214 secs] 536444K->520060K(896640K), 0.0030785 secs] [Times: user=0.00 sys=0.00, real=0.01 secs] 
2020-10-29T13:18:33.491+0000: [GC (Allocation Failure) 2020-10-29T13:18:33.491+0000: [ParNew: 16388K->4K(18432K), 0.0029669 secs] 536444K->520061K(896640K), 0.0030231 secs] [Times: user=0.01 sys=0.00, real=0.01 secs] 
2020-10-29T13:18:33.513+0000: [GC (Allocation Failure) 2020-10-29T13:18:33.513+0000: [ParNew: 16388K->4K(18432K), 0.0029095 secs] 536445K->520061K(896640K), 0.0029632 secs] [Times: user=0.01 sys=0.00, real=0.00 secs] 
2020-10-29T13:18:33.534+0000: [GC (Allocation Failure) 2020-10-29T13:18:33.535+0000: [ParNew: 16388K->4K(18432K), 0.0029842 secs] 536445K->520061K(896640K), 0.0030426 secs] [Times: user=0.00 sys=0.00, real=0.00 secs] 
2020-10-29T13:18:33.556+0000: [GC (Allocation Failure) 2020-10-29T13:18:33.556+0000: [ParNew: 16388K->4K(18432K), 0.0030361 secs] 536445K->520061K(896640K), 0.0030938 secs] [Times: user=0.00 sys=0.00, real=0.00 secs] 
2020-10-29T13:18:33.580+0000: [GC (Allocation Failure) 2020-10-29T13:18:33.581+0000: [ParNew: 16388K->4K(18432K), 0.0028813 secs] 536445K->520061K(896640K), 0.0029328 secs] [Times: user=0.01 sys=0.00, real=0.00 secs] 
2020-10-29T13:18:33.604+0000: [GC (Allocation Failure) 2020-10-29T13:18:33.604+0000: [ParNew: 16388K->4K(18432K), 0.0028483 secs] 536445K->520061K(896640K), 0.0028991 secs] [Times: user=0.01 sys=0.00, real=0.00 secs] 
2020-10-29T13:18:33.633+0000: [GC (Allocation Failure) 2020-10-29T13:18:33.633+0000: [ParNew: 16388K->4K(18432K), 0.0029295 secs] 536445K->520061K(896640K), 0.0029862 secs] [Times: user=0.01 sys=0.00, real=0.00 secs] 
2020-10-29T13:18:33.661+0000: [GC (Allocation Failure) 2020-10-29T13:18:33.661+0000: [ParNew: 16388K->4K(18432K), 0.0046237 secs] 536445K->520061K(896640K), 0.0046792 secs] [Times: user=0.01 sys=0.00, real=0.01 secs] 
2020-10-29T13:18:33.690+0000: [GC (Allocation Failure) 2020-10-29T13:18:33.690+0000: [ParNew: 16388K->4K(18432K), 0.0030002 secs] 536445K->520061K(896640K), 0.0030776 secs] [Times: user=0.00 sys=0.00, real=0.01 secs] 
2020-10-29T13:18:33.717+0000: [GC (Allocation Failure) 2020-10-29T13:18:33.717+0000: [ParNew: 16388K->4K(18432K), 0.0029410 secs] 536445K->520061K(896640K), 0.0030143 secs] [Times: user=0.01 sys=0.00, real=0.00 secs] 
2020-10-29T13:18:33.741+0000: [GC (Allocation Failure) 2020-10-29T13:18:33.741+0000: [ParNew: 16388K->4K(18432K), 0.0029008 secs] 536445K->520061K(896640K), 0.0029536 secs] [Times: user=0.00 sys=0.00, real=0.00 secs] 
2020-10-29T13:18:33.768+0000: [GC (Allocation Failure) 2020-10-29T13:18:33.768+0000: [ParNew: 16388K->4K(18432K), 0.0029582 secs] 536445K->520061K(896640K), 0.0030152 secs] [Times: user=0.01 sys=0.00, real=0.00 secs] 
2020-10-29T13:18:33.797+0000: [GC (Allocation Failure) 2020-10-29T13:18:33.797+0000: [ParNew: 16388K->4K(18432K), 0.0029700 secs] 536445K->520061K(896640K), 0.0030477 secs] [Times: user=0.01 sys=0.00, real=0.00 secs] 
2020-10-29T13:18:33.823+0000: [GC (Allocation Failure) 2020-10-29T13:18:33.823+0000: [ParNew: 16388K->4K(18432K), 0.0030046 secs] 536445K->520061K(896640K), 0.0030812 secs] [Times: user=0.01 sys=0.00, real=0.01 secs] 
2020-10-29T13:18:33.853+0000: [GC (Allocation Failure) 2020-10-29T13:18:33.853+0000: [ParNew: 16388K->4K(18432K), 0.0046835 secs] 536445K->520061K(896640K), 0.0047533 secs] [Times: user=0.01 sys=0.00, real=0.00 secs] 
2020-10-29T13:18:33.892+0000: [GC (Allocation Failure) 2020-10-29T13:18:33.892+0000: [ParNew: 16388K->4K(18432K), 0.0029860 secs] 536445K->520061K(896640K), 0.0030481 secs] [Times: user=0.01 sys=0.00, real=0.01 secs] 
2020-10-29T13:18:33.918+0000: [GC (Allocation Failure) 2020-10-29T13:18:33.918+0000: [ParNew: 16388K->4K(18432K), 0.0037155 secs] 536445K->520061K(896640K), 0.0037835 secs] [Times: user=0.00 sys=0.00, real=0.00 secs] 
2020-10-29T13:18:33.956+0000: [GC (Allocation Failure) 2020-10-29T13:18:33.957+0000: [ParNew: 16388K->6K(18432K), 0.0043162 secs] 536445K->520063K(896640K), 0.0043779 secs] [Times: user=0.01 sys=0.00, real=0.00 secs] 
2020-10-29T13:18:33.990+0000: [GC (Allocation Failure) 2020-10-29T13:18:33.991+0000: [ParNew: 16390K->6K(18432K), 0.0030826 secs] 536447K->520063K(896640K), 0.0031749 secs] [Times: user=0.01 sys=0.00, real=0.01 secs] 
2020-10-29T13:18:34.026+0000: [GC (Allocation Failure) 2020-10-29T13:18:34.026+0000: [ParNew: 16390K->7K(18432K), 0.0030406 secs] 536447K->520064K(896640K), 0.0031088 secs] [Times: user=0.00 sys=0.00, real=0.00 secs] 
2020-10-29T13:18:34.057+0000: [GC (Allocation Failure) 2020-10-29T13:18:34.057+0000: [ParNew: 16391K->7K(18432K), 0.0029882 secs] 536448K->520065K(896640K), 0.0030649 secs] [Times: user=0.01 sys=0.00, real=0.00 secs] 
2020-10-29T13:18:34.095+0000: [GC (Allocation Failure) 2020-10-29T13:18:34.095+0000: [ParNew: 16391K->7K(18432K), 0.0030723 secs] 536449K->520064K(896640K), 0.0031486 secs] [Times: user=0.01 sys=0.00, real=0.00 secs] 
2020-10-29T13:18:34.132+0000: [GC (Allocation Failure) 2020-10-29T13:18:34.132+0000: [ParNew: 16391K->7K(18432K), 0.0030085 secs] 536448K->520065K(896640K), 0.0030847 secs] [Times: user=0.00 sys=0.00, real=0.01 secs] 
2020-10-29T13:18:34.168+0000: [GC (Allocation Failure) 2020-10-29T13:18:34.168+0000: [ParNew: 16391K->5K(18432K), 0.0030030 secs] 536449K->520065K(896640K), 0.0030773 secs] [Times: user=0.01 sys=0.00, real=0.00 secs] 
2020-10-29T13:18:34.204+0000: [GC (Allocation Failure) 2020-10-29T13:18:34.204+0000: [ParNew: 16389K->4K(18432K), 0.0029645 secs] 536449K->520064K(896640K), 0.0030385 secs] [Times: user=0.01 sys=0.00, real=0.01 secs] 
2020-10-29T13:18:34.231+0000: [GC (Allocation Failure) 2020-10-29T13:18:34.231+0000: [ParNew: 16388K->4K(18432K), 0.0029643 secs] 536448K->520064K(896640K), 0.0030209 secs] [Times: user=0.00 sys=0.00, real=0.01 secs] 
2020-10-29T13:18:34.257+0000: [GC (Allocation Failure) 2020-10-29T13:18:34.257+0000: [ParNew: 16388K->4K(18432K), 0.0029590 secs] 536448K->520064K(896640K), 0.0030155 secs] [Times: user=0.00 sys=0.00, real=0.00 secs] 
2020-10-29T13:18:34.286+0000: [GC (Allocation Failure) 2020-10-29T13:18:34.286+0000: [ParNew: 16388K->4K(18432K), 0.0029444 secs] 536448K->520065K(896640K), 0.0030037 secs] [Times: user=0.00 sys=0.00, real=0.00 secs] 
2020-10-29T13:18:34.305+0000: [GC (Allocation Failure) 2020-10-29T13:18:34.305+0000: [ParNew: 16388K->4K(18432K), 0.0029197 secs] 536449K->520065K(896640K), 0.0029721 secs] [Times: user=0.00 sys=0.00, real=0.00 secs] 
2020-10-29T13:18:34.325+0000: [GC (Allocation Failure) 2020-10-29T13:18:34.325+0000: [ParNew: 16388K->4K(18432K), 0.0029527 secs] 536449K->520065K(896640K), 0.0030073 secs] [Times: user=0.00 sys=0.00, real=0.00 secs] 
2020-10-29T13:18:34.345+0000: [GC (Allocation Failure) 2020-10-29T13:18:34.345+0000: [ParNew: 16388K->4K(18432K), 0.0030001 secs] 536449K->520065K(896640K), 0.0030558 secs] [Times: user=0.01 sys=0.00, real=0.00 secs] 
2020-10-29T13:18:34.363+0000: [GC (Allocation Failure) 2020-10-29T13:18:34.363+0000: [ParNew: 16388K->4K(18432K), 0.0029433 secs] 536449K->520065K(896640K), 0.0029982 secs] [Times: user=0.01 sys=0.00, real=0.01 secs] 
2020-10-29T13:18:34.382+0000: [GC (Allocation Failure) 2020-10-29T13:18:34.382+0000: [ParNew: 16388K->4K(18432K), 0.0029683 secs] 536449K->520065K(896640K), 0.0030258 secs] [Times: user=0.01 sys=0.00, real=0.01 secs] 
2020-10-29T13:18:34.400+0000: [GC (Allocation Failure) 2020-10-29T13:18:34.400+0000: [ParNew: 16388K->4K(18432K), 0.0029452 secs] 536449K->520065K(896640K), 0.0029998 secs] [Times: user=0.01 sys=0.00, real=0.00 secs] 
2020-10-29T13:18:34.420+0000: [GC (Allocation Failure) 2020-10-29T13:18:34.420+0000: [ParNew: 16388K->4K(18432K), 0.0027616 secs] 536449K->520065K(896640K), 0.0028100 secs] [Times: user=0.01 sys=0.00, real=0.00 secs] 
2020-10-29T13:18:34.440+0000: [GC (Allocation Failure) 2020-10-29T13:18:34.440+0000: [ParNew: 16388K->4K(18432K), 0.0027822 secs] 536449K->520065K(896640K), 0.0028290 secs] [Times: user=0.01 sys=0.00, real=0.00 secs] 
2020-10-29T13:18:34.459+0000: [GC (Allocation Failure) 2020-10-29T13:18:34.459+0000: [ParNew: 16388K->4K(18432K), 0.0029852 secs] 536449K->520065K(896640K), 0.0030418 secs] [Times: user=0.01 sys=0.00, real=0.00 secs] 
2020-10-29T13:18:34.480+0000: [GC (Allocation Failure) 2020-10-29T13:18:34.480+0000: [ParNew: 16388K->4K(18432K), 0.0029473 secs] 536449K->520065K(896640K), 0.0030033 secs] [Times: user=0.01 sys=0.00, real=0.00 secs] 
2020-10-29T13:18:34.500+0000: [GC (Allocation Failure) 2020-10-29T13:18:34.501+0000: [ParNew: 16388K->4K(18432K), 0.0029710 secs] 536449K->520065K(896640K), 0.0030257 secs] [Times: user=0.01 sys=0.00, real=0.00 secs] 
2020-10-29T13:18:34.519+0000: [GC (Allocation Failure) 2020-10-29T13:18:34.519+0000: [ParNew: 16388K->4K(18432K), 0.0029643 secs] 536449K->520065K(896640K), 0.0030217 secs] [Times: user=0.00 sys=0.00, real=0.00 secs] 
2020-10-29T13:18:34.540+0000: [GC (Allocation Failure) 2020-10-29T13:18:34.541+0000: [ParNew: 16388K->4K(18432K), 0.0028727 secs] 536449K->520065K(896640K), 0.0029245 secs] [Times: user=0.01 sys=0.00, real=0.00 secs] 
2020-10-29T13:18:34.559+0000: [GC (Allocation Failure) 2020-10-29T13:18:34.559+0000: [ParNew: 16388K->4K(18432K), 0.0028315 secs] 536449K->520065K(896640K), 0.0028816 secs] [Times: user=0.00 sys=0.00, real=0.00 secs] 
2020-10-29T13:18:34.577+0000: [GC (Allocation Failure) 2020-10-29T13:18:34.577+0000: [ParNew: 16388K->4K(18432K), 0.0030959 secs] 536449K->520065K(896640K), 0.0031521 secs] [Times: user=0.00 sys=0.00, real=0.00 secs] 
2020-10-29T13:18:34.596+0000: [GC (Allocation Failure) 2020-10-29T13:18:34.596+0000: [ParNew: 16388K->4K(18432K), 0.0029210 secs] 536449K->520065K(896640K), 0.0029761 secs] [Times: user=0.01 sys=0.00, real=0.00 secs] 
2020-10-29T13:18:34.616+0000: [GC (Allocation Failure) 2020-10-29T13:18:34.617+0000: [ParNew: 16388K->4K(18432K), 0.0028453 secs] 536449K->520065K(896640K), 0.0028966 secs] [Times: user=0.01 sys=0.00, real=0.00 secs] 
2020-10-29T13:18:34.635+0000: [GC (Allocation Failure) 2020-10-29T13:18:34.635+0000: [ParNew: 16388K->4K(18432K), 0.0029638 secs] 536449K->520065K(896640K), 0.0030216 secs] [Times: user=0.01 sys=0.00, real=0.00 secs] 
2020-10-29T13:18:34.656+0000: [GC (Allocation Failure) 2020-10-29T13:18:34.657+0000: [ParNew: 16388K->4K(18432K), 0.0029776 secs] 536449K->520065K(896640K), 0.0030343 secs] [Times: user=0.01 sys=0.00, real=0.00 secs] 
2020-10-29T13:18:34.675+0000: [GC (Allocation Failure) 2020-10-29T13:18:34.675+0000: [ParNew: 16388K->4K(18432K), 0.0030038 secs] 536449K->520065K(896640K), 0.0030608 secs] [Times: user=0.01 sys=0.00, real=0.00 secs] 
2020-10-29T13:18:34.696+0000: [GC (Allocation Failure) 2020-10-29T13:18:34.697+0000: [ParNew: 16388K->4K(18432K), 0.0029967 secs] 536449K->520065K(896640K), 0.0030540 secs] [Times: user=0.01 sys=0.01, real=0.00 secs] 
2020-10-29T13:18:34.715+0000: [GC (Allocation Failure) 2020-10-29T13:18:34.715+0000: [ParNew: 16388K->4K(18432K), 0.0029602 secs] 536449K->520065K(896640K), 0.0030159 secs] [Times: user=0.01 sys=0.00, real=0.00 secs] 
2020-10-29T13:18:34.733+0000: [GC (Allocation Failure) 2020-10-29T13:18:34.733+0000: [ParNew: 16388K->4K(18432K), 0.0028892 secs] 536449K->520065K(896640K), 0.0029415 secs] [Times: user=0.00 sys=0.00, real=0.00 secs] 
2020-10-29T13:18:34.752+0000: [GC (Allocation Failure) 2020-10-29T13:18:34.752+0000: [ParNew: 16388K->4K(18432K), 0.0028832 secs] 536449K->520065K(896640K), 0.0029343 secs] [Times: user=0.01 sys=0.00, real=0.01 secs] 
2020-10-29T13:18:34.770+0000: [GC (Allocation Failure) 2020-10-29T13:18:34.770+0000: [ParNew: 16388K->4K(18432K), 0.0028838 secs] 536449K->520065K(896640K), 0.0029345 secs] [Times: user=0.00 sys=0.00, real=0.01 secs] 
2020-10-29T13:18:34.789+0000: [GC (Allocation Failure) 2020-10-29T13:18:34.789+0000: [ParNew: 16388K->4K(18432K), 0.0029071 secs] 536449K->520065K(896640K), 0.0029611 secs] [Times: user=0.01 sys=0.00, real=0.00 secs] 
2020-10-29T13:18:34.807+0000: [GC (Allocation Failure) 2020-10-29T13:18:34.807+0000: [ParNew: 16388K->4K(18432K), 0.0030411 secs] 536449K->520065K(896640K), 0.0031041 secs] [Times: user=0.01 sys=0.00, real=0.00 secs] 
2020-10-29T13:18:34.826+0000: [GC (Allocation Failure) 2020-10-29T13:18:34.826+0000: [ParNew: 16388K->4K(18432K), 0.0029058 secs] 536449K->520065K(896640K), 0.0029580 secs] [Times: user=0.00 sys=0.00, real=0.00 secs] 
2020-10-29T13:18:34.844+0000: [GC (Allocation Failure) 2020-10-29T13:18:34.844+0000: [ParNew: 16388K->4K(18432K), 0.0029911 secs] 536449K->520065K(896640K), 0.0030460 secs] [Times: user=0.01 sys=0.00, real=0.01 secs] 
2020-10-29T13:18:34.862+0000: [GC (Allocation Failure) 2020-10-29T13:18:34.862+0000: [ParNew: 16388K->4K(18432K), 0.0029075 secs] 536449K->520065K(896640K), 0.0029605 secs] [Times: user=0.01 sys=0.00, real=0.01 secs] 
2020-10-29T13:18:34.881+0000: [GC (Allocation Failure) 2020-10-29T13:18:34.881+0000: [ParNew: 16388K->4K(18432K), 0.0030771 secs] 536449K->520065K(896640K), 0.0031514 secs] [Times: user=0.00 sys=0.00, real=0.00 secs] 
2020-10-29T13:18:34.908+0000: [GC (Allocation Failure) 2020-10-29T13:18:34.908+0000: [ParNew: 16388K->4K(18432K), 0.0029684 secs] 536449K->520065K(896640K), 0.0030653 secs] [Times: user=0.01 sys=0.00, real=0.00 secs] 
2020-10-29T13:18:34.929+0000: [GC (Allocation Failure) 2020-10-29T13:18:34.929+0000: [ParNew: 16388K->4K(18432K), 0.0030825 secs] 536449K->520065K(896640K), 0.0031354 secs] [Times: user=0.00 sys=0.00, real=0.01 secs] 
2020-10-29T13:18:34.948+0000: [GC (Allocation Failure) 2020-10-29T13:18:34.948+0000: [ParNew: 16388K->4K(18432K), 0.0029476 secs] 536449K->520065K(896640K), 0.0030043 secs] [Times: user=0.01 sys=0.00, real=0.00 secs] 
2020-10-29T13:18:34.967+0000: [GC (Allocation Failure) 2020-10-29T13:18:34.967+0000: [ParNew: 16388K->4K(18432K), 0.0030305 secs] 536449K->520065K(896640K), 0.0030831 secs] [Times: user=0.01 sys=0.00, real=0.00 secs] 
2020-10-29T13:18:34.985+0000: [GC (Allocation Failure) 2020-10-29T13:18:34.985+0000: [ParNew: 16388K->4K(18432K), 0.0029608 secs] 536449K->520065K(896640K), 0.0030162 secs] [Times: user=0.00 sys=0.00, real=0.00 secs] 
2020-10-29T13:18:35.016+0000: [GC (Allocation Failure) 2020-10-29T13:18:35.017+0000: [ParNew: 16388K->4K(18432K), 0.0029482 secs] 536449K->520065K(896640K), 0.0030122 secs] [Times: user=0.00 sys=0.00, real=0.00 secs] 
2020-10-29T13:18:35.035+0000: [GC (Allocation Failure) 2020-10-29T13:18:35.035+0000: [ParNew: 16388K->4K(18432K), 0.0029477 secs] 536449K->520065K(896640K), 0.0030161 secs] [Times: user=0.01 sys=0.00, real=0.00 secs] 
2020-10-29T13:18:35.061+0000: [GC (Allocation Failure) 2020-10-29T13:18:35.061+0000: [ParNew: 16388K->4K(18432K), 0.0029614 secs] 536449K->520065K(896640K), 0.0030182 secs] [Times: user=0.00 sys=0.00, real=0.00 secs] 
2020-10-29T13:18:35.089+0000: [GC (Allocation Failure) 2020-10-29T13:18:35.089+0000: [ParNew: 16388K->4K(18432K), 0.0029690 secs] 536449K->520065K(896640K), 0.0030255 secs] [Times: user=0.01 sys=0.00, real=0.00 secs] 
2020-10-29T13:18:35.107+0000: [GC (Allocation Failure) 2020-10-29T13:18:35.107+0000: [ParNew: 16388K->4K(18432K), 0.0029255 secs] 536449K->520065K(896640K), 0.0029821 secs] [Times: user=0.00 sys=0.00, real=0.00 secs] 
2020-10-29T13:18:35.125+0000: [GC (Allocation Failure) 2020-10-29T13:18:35.125+0000: [ParNew: 16388K->4K(18432K), 0.0028907 secs] 536449K->520065K(896640K), 0.0029432 secs] [Times: user=0.00 sys=0.00, real=0.00 secs] 
2020-10-29T13:18:35.144+0000: [GC (Allocation Failure) 2020-10-29T13:18:35.144+0000: [ParNew: 16388K->4K(18432K), 0.0029635 secs] 536449K->520065K(896640K), 0.0030187 secs] [Times: user=0.01 sys=0.00, real=0.01 secs] 
2020-10-29T13:18:35.164+0000: [GC (Allocation Failure) 2020-10-29T13:18:35.165+0000: [ParNew: 16388K->4K(18432K), 0.0028743 secs] 536449K->520065K(896640K), 0.0029249 secs] [Times: user=0.01 sys=0.00, real=0.00 secs] 
2020-10-29T13:18:35.183+0000: [GC (Allocation Failure) 2020-10-29T13:18:35.183+0000: [ParNew: 16388K->4K(18432K), 0.0030187 secs] 536449K->520065K(896640K), 0.0030741 secs] [Times: user=0.00 sys=0.00, real=0.01 secs] 
2020-10-29T13:18:35.201+0000: [GC (Allocation Failure) 2020-10-29T13:18:35.201+0000: [ParNew: 16388K->4K(18432K), 0.0029351 secs] 536449K->520065K(896640K), 0.0029906 secs] [Times: user=0.01 sys=0.00, real=0.00 secs] 
2020-10-29T13:18:35.220+0000: [GC (Allocation Failure) 2020-10-29T13:18:35.220+0000: [ParNew: 16388K->4K(18432K), 0.0028613 secs] 536449K->520065K(896640K), 0.0029128 secs] [Times: user=0.01 sys=0.00, real=0.00 secs] 
2020-10-29T13:18:35.240+0000: [GC (Allocation Failure) 2020-10-29T13:18:35.241+0000: [ParNew: 16388K->4K(18432K), 0.0028937 secs] 536449K->520065K(896640K), 0.0029460 secs] [Times: user=0.00 sys=0.00, real=0.00 secs] 
2020-10-29T13:18:35.259+0000: [GC (Allocation Failure) 2020-10-29T13:18:35.259+0000: [ParNew: 16388K->4K(18432K), 0.0028444 secs] 536449K->520065K(896640K), 0.0029109 secs] [Times: user=0.01 sys=0.00, real=0.00 secs] 
2020-10-29T13:18:35.280+0000: [GC (Allocation Failure) 2020-10-29T13:18:35.281+0000: [ParNew: 16388K->4K(18432K), 0.0029210 secs] 536449K->520065K(896640K), 0.0029753 secs] [Times: user=0.01 sys=0.00, real=0.00 secs] 
2020-10-29T13:18:35.299+0000: [GC (Allocation Failure) 2020-10-29T13:18:35.299+0000: [ParNew: 16388K->4K(18432K), 0.0028290 secs] 536449K->520065K(896640K), 0.0028796 secs] [Times: user=0.01 sys=0.00, real=0.00 secs] 
2020-10-29T13:18:35.320+0000: [GC (Allocation Failure) 2020-10-29T13:18:35.321+0000: [ParNew: 16388K->4K(18432K), 0.0030015 secs] 536449K->520065K(896640K), 0.0030593 secs] [Times: user=0.01 sys=0.00, real=0.00 secs] 
2020-10-29T13:18:35.340+0000: [GC (Allocation Failure) 2020-10-29T13:18:35.341+0000: [ParNew: 16388K->4K(18432K), 0.0029734 secs] 536449K->520065K(896640K), 0.0030221 secs] [Times: user=0.01 sys=0.00, real=0.00 secs] 
2020-10-29T13:18:35.359+0000: [GC (Allocation Failure) 2020-10-29T13:18:35.359+0000: [ParNew: 16388K->4K(18432K), 0.0028578 secs] 536449K->520065K(896640K), 0.0029086 secs] [Times: user=0.00 sys=0.00, real=0.00 secs] 
2020-10-29T13:18:35.380+0000: [GC (Allocation Failure) 2020-10-29T13:18:35.381+0000: [ParNew: 16388K->4K(18432K), 0.0028480 secs] 536449K->520065K(896640K), 0.0029000 secs] [Times: user=0.01 sys=0.00, real=0.00 secs] 
2020-10-29T13:18:35.399+0000: [GC (Allocation Failure) 2020-10-29T13:18:35.399+0000: [ParNew: 16388K->4K(18432K), 0.0028641 secs] 536449K->520065K(896640K), 0.0029178 secs] [Times: user=0.01 sys=0.00, real=0.00 secs] 
2020-10-29T13:18:35.420+0000: [GC (Allocation Failure) 2020-10-29T13:18:35.421+0000: [ParNew: 16388K->4K(18432K), 0.0028374 secs] 536449K->520065K(896640K), 0.0028882 secs] [Times: user=0.01 sys=0.00, real=0.00 secs] 
2020-10-29T13:18:35.444+0000: [GC (Allocation Failure) 2020-10-29T13:18:35.445+0000: [ParNew: 16388K->4K(18432K), 0.0028959 secs] 536449K->520065K(896640K), 0.0029501 secs] [Times: user=0.01 sys=0.00, real=0.00 secs] 
2020-10-29T13:18:35.463+0000: [GC (Allocation Failure) 2020-10-29T13:18:35.463+0000: [ParNew: 16388K->4K(18432K), 0.0029028 secs] 536449K->520065K(896640K), 0.0029544 secs] [Times: user=0.00 sys=0.00, real=0.01 secs] 
2020-10-29T13:18:35.484+0000: [GC (Allocation Failure) 2020-10-29T13:18:35.484+0000: [ParNew: 16388K->4K(18432K), 0.0029373 secs] 536449K->520065K(896640K), 0.0029874 secs] [Times: user=0.01 sys=0.00, real=0.01 secs] 
2020-10-29T13:18:35.504+0000: [GC (Allocation Failure) 2020-10-29T13:18:35.505+0000: [ParNew: 16388K->4K(18432K), 0.0028623 secs] 536449K->520065K(896640K), 0.0029136 secs] [Times: user=0.00 sys=0.00, real=0.00 secs] 
2020-10-29T13:18:35.524+0000: [GC (Allocation Failure) 2020-10-29T13:18:35.525+0000: [ParNew: 16388K->4K(18432K), 0.0029897 secs] 536449K->520065K(896640K), 0.0030460 secs] [Times: user=0.00 sys=0.00, real=0.00 secs] 
2020-10-29T13:18:35.544+0000: [GC (Allocation Failure) 2020-10-29T13:18:35.545+0000: [ParNew: 16388K->4K(18432K), 0.0029295 secs] 536449K->520065K(896640K), 0.0029847 secs] [Times: user=0.00 sys=0.00, real=0.00 secs] 
2020-10-29T13:18:35.563+0000: [GC (Allocation Failure) 2020-10-29T13:18:35.563+0000: [ParNew: 16388K->4K(18432K), 0.0029930 secs] 536449K->520065K(896640K), 0.0030496 secs] [Times: user=0.01 sys=0.00, real=0.01 secs] 
2020-10-29T13:18:35.581+0000: [GC (Allocation Failure) 2020-10-29T13:18:35.581+0000: [ParNew: 16388K->4K(18432K), 0.0030037 secs] 536449K->520065K(896640K), 0.0030611 secs] [Times: user=0.01 sys=0.00, real=0.01 secs] 
2020-10-29T13:18:35.600+0000: [GC (Allocation Failure) 2020-10-29T13:18:35.600+0000: [ParNew: 16388K->4K(18432K), 0.0029657 secs] 536449K->520065K(896640K), 0.0030201 secs] [Times: user=0.01 sys=0.00, real=0.00 secs] 
2020-10-29T13:18:35.618+0000: [GC (Allocation Failure) 2020-10-29T13:18:35.618+0000: [ParNew: 16388K->4K(18432K), 0.0029431 secs] 536449K->520065K(896640K), 0.0029968 secs] [Times: user=0.00 sys=0.00, real=0.00 secs] 
2020-10-29T13:18:35.640+0000: [GC (Allocation Failure) 2020-10-29T13:18:35.640+0000: [ParNew: 16388K->4K(18432K), 0.0029234 secs] 536449K->520065K(896640K), 0.0029774 secs] [Times: user=0.00 sys=0.00, real=0.00 secs] 
2020-10-29T13:18:35.659+0000: [GC (Allocation Failure) 2020-10-29T13:18:35.659+0000: [ParNew: 16388K->4K(18432K), 0.0029388 secs] 536449K->520065K(896640K), 0.0029933 secs] [Times: user=0.01 sys=0.00, real=0.00 secs] 
2020-10-29T13:18:35.677+0000: [GC (Allocation Failure) 2020-10-29T13:18:35.677+0000: [ParNew: 16388K->4K(18432K), 0.0029460 secs] 536449K->520065K(896640K), 0.0029997 secs] [Times: user=0.00 sys=0.00, real=0.00 secs] 
2020-10-29T13:18:35.696+0000: [GC (Allocation Failure) 2020-10-29T13:18:35.697+0000: [ParNew: 16388K->4K(18432K), 0.0029209 secs] 536449K->520065K(896640K), 0.0029763 secs] [Times: user=0.00 sys=0.00, real=0.00 secs] 
2020-10-29T13:18:35.715+0000: [GC (Allocation Failure) 2020-10-29T13:18:35.715+0000: [ParNew: 16388K->4K(18432K), 0.0031773 secs] 536449K->520065K(896640K), 0.0032422 secs] [Times: user=0.00 sys=0.00, real=0.00 secs] 
2020-10-29T13:18:35.734+0000: [GC (Allocation Failure) 2020-10-29T13:18:35.734+0000: [ParNew: 16388K->4K(18432K), 0.0029542 secs] 536449K->520065K(896640K), 0.0030078 secs] [Times: user=0.01 sys=0.00, real=0.00 secs] 
2020-10-29T13:18:35.752+0000: [GC (Allocation Failure) 2020-10-29T13:18:35.752+0000: [ParNew: 16388K->4K(18432K), 0.0029774 secs] 536449K->520065K(896640K), 0.0030308 secs] [Times: user=0.01 sys=0.00, real=0.01 secs] 
2020-10-29T13:18:35.772+0000: [GC (Allocation Failure) 2020-10-29T13:18:35.773+0000: [ParNew: 16388K->4K(18432K), 0.0029984 secs] 536449K->520065K(896640K), 0.0030658 secs] [Times: user=0.00 sys=0.00, real=0.00 secs] 
2020-10-29T13:18:35.791+0000: [GC (Allocation Failure) 2020-10-29T13:18:35.791+0000: [ParNew: 16388K->4K(18432K), 0.0030467 secs] 536449K->520065K(896640K), 0.0031044 secs] [Times: user=0.01 sys=0.00, real=0.01 secs] 
2020-10-29T13:18:35.813+0000: [GC (Allocation Failure) 2020-10-29T13:18:35.813+0000: [ParNew: 16388K->2K(18432K), 0.0064482 secs] 536449K->520063K(896640K), 0.0065069 secs] [Times: user=0.01 sys=0.00, real=0.00 secs] 
2020-10-29T13:18:35.837+0000: [GC (Allocation Failure) 2020-10-29T13:18:35.837+0000: [ParNew: 16386K->4K(18432K), 0.0030276 secs] 536447K->520065K(896640K), 0.0030848 secs] [Times: user=0.01 sys=0.00, real=0.00 secs] 
2020-10-29T13:18:35.857+0000: [GC (Allocation Failure) 2020-10-29T13:18:35.857+0000: [ParNew: 16388K->4K(18432K), 0.0029879 secs] 536449K->520065K(896640K), 0.0030458 secs] [Times: user=0.01 sys=0.00, real=0.00 secs] 
2020-10-29T13:18:35.875+0000: [GC (Allocation Failure) 2020-10-29T13:18:35.875+0000: [ParNew: 16388K->4K(18432K), 0.0029960 secs] 536449K->520065K(896640K), 0.0030523 secs] [Times: user=0.00 sys=0.00, real=0.00 secs] 
2020-10-29T13:18:35.893+0000: [GC (Allocation Failure) 2020-10-29T13:18:35.893+0000: [ParNew: 16388K->4K(18432K), 0.0029495 secs] 536449K->520065K(896640K), 0.0030116 secs] [Times: user=0.01 sys=0.00, real=0.00 secs] 
2020-10-29T13:18:35.916+0000: [GC (Allocation Failure) 2020-10-29T13:18:35.916+0000: [ParNew: 16388K->4K(18432K), 0.0029999 secs] 536449K->520065K(896640K), 0.0030613 secs] [Times: user=0.00 sys=0.00, real=0.00 secs] 
2020-10-29T13:18:35.936+0000: [GC (Allocation Failure) 2020-10-29T13:18:35.936+0000: [ParNew: 16388K->4K(18432K), 0.0029739 secs] 536449K->520065K(896640K), 0.0030311 secs] [Times: user=0.00 sys=0.00, real=0.00 secs] 
2020-10-29T13:18:35.956+0000: [GC (Allocation Failure) 2020-10-29T13:18:35.957+0000: [ParNew: 16388K->4K(18432K), 0.0029475 secs] 536449K->520065K(896640K), 0.0030024 secs] [Times: user=0.00 sys=0.00, real=0.00 secs] 
2020-10-29T13:18:35.975+0000: [GC (Allocation Failure) 2020-10-29T13:18:35.975+0000: [ParNew: 16388K->4K(18432K), 0.0029361 secs] 536449K->520065K(896640K), 0.0029899 secs] [Times: user=0.01 sys=0.00, real=0.00 secs] 
2020-10-29T13:18:35.994+0000: [GC (Allocation Failure) 2020-10-29T13:18:35.994+0000: [ParNew: 16388K->4K(18432K), 0.0028833 secs] 536449K->520065K(896640K), 0.0029331 secs] [Times: user=0.01 sys=0.00, real=0.00 secs] 
2020-10-29T13:18:36.012+0000: [GC (Allocation Failure) 2020-10-29T13:18:36.013+0000: [ParNew: 16388K->4K(18432K), 0.0030379 secs] 536449K->520065K(896640K), 0.0030945 secs] [Times: user=0.00 sys=0.00, real=0.00 secs] 
2020-10-29T13:18:36.031+0000: [GC (Allocation Failure) 2020-10-29T13:18:36.031+0000: [ParNew: 16388K->4K(18432K), 0.0029904 secs] 536449K->520065K(896640K), 0.0030479 secs] [Times: user=0.00 sys=0.00, real=0.01 secs] 
2020-10-29T13:18:36.050+0000: [GC (Allocation Failure) 2020-10-29T13:18:36.050+0000: [ParNew: 16388K->4K(18432K), 0.0029733 secs] 536449K->520066K(896640K), 0.0030293 secs] [Times: user=0.01 sys=0.00, real=0.01 secs] 
2020-10-29T13:18:36.072+0000: [GC (Allocation Failure) 2020-10-29T13:18:36.073+0000: [ParNew: 16388K->4K(18432K), 0.0030136 secs] 536450K->520066K(896640K), 0.0030708 secs] [Times: user=0.01 sys=0.00, real=0.00 secs] 
2020-10-29T13:18:36.091+0000: [GC (Allocation Failure) 2020-10-29T13:18:36.091+0000: [ParNew: 16388K->4K(18432K), 0.0030135 secs] 536450K->520066K(896640K), 0.0030835 secs] [Times: user=0.01 sys=0.00, real=0.01 secs] 
2020-10-29T13:18:36.109+0000: [GC (Allocation Failure) 2020-10-29T13:18:36.110+0000: [ParNew: 16388K->4K(18432K), 0.0029867 secs] 536450K->520066K(896640K), 0.0030426 secs] [Times: user=0.01 sys=0.00, real=0.01 secs] 
2020-10-29T13:18:36.128+0000: [GC (Allocation Failure) 2020-10-29T13:18:36.129+0000: [ParNew: 16388K->4K(18432K), 0.0028522 secs] 536450K->520066K(896640K), 0.0029034 secs] [Times: user=0.00 sys=0.00, real=0.00 secs] 
2020-10-29T13:18:36.147+0000: [GC (Allocation Failure) 2020-10-29T13:18:36.147+0000: [ParNew: 16341K->4K(18432K), 0.0029238 secs] 536403K->520066K(896640K), 0.0029754 secs] [Times: user=0.00 sys=0.00, real=0.00 secs] 
2020-10-29T13:18:36.165+0000: [GC (Allocation Failure) 2020-10-29T13:18:36.165+0000: [ParNew: 16388K->4K(18432K), 0.0028327 secs] 536450K->520066K(896640K), 0.0028823 secs] [Times: user=0.01 sys=0.00, real=0.00 secs] 
2020-10-29T13:18:36.184+0000: [GC (Allocation Failure) 2020-10-29T13:18:36.185+0000: [ParNew: 16388K->4K(18432K), 0.0028670 secs] 536450K->520066K(896640K), 0.0029178 secs] [Times: user=0.00 sys=0.01, real=0.00 secs] 
2020-10-29T13:18:36.204+0000: [GC (Allocation Failure) 2020-10-29T13:18:36.205+0000: [ParNew: 16388K->4K(18432K), 0.0029360 secs] 536450K->520066K(896640K), 0.0029904 secs] [Times: user=0.01 sys=0.00, real=0.00 secs] 
2020-10-29T13:18:36.224+0000: [GC (Allocation Failure) 2020-10-29T13:18:36.225+0000: [ParNew: 16388K->4K(18432K), 0.0029170 secs] 536450K->520066K(896640K), 0.0029711 secs] [Times: user=0.01 sys=0.00, real=0.00 secs] 
2020-10-29T13:18:36.243+0000: [GC (Allocation Failure) 2020-10-29T13:18:36.243+0000: [ParNew: 16388K->4K(18432K), 0.0029646 secs] 536450K->520066K(896640K), 0.0030192 secs] [Times: user=0.01 sys=0.00, real=0.01 secs] 
2020-10-29T13:18:36.261+0000: [GC (Allocation Failure) 2020-10-29T13:18:36.261+0000: [ParNew: 16388K->4K(18432K), 0.0030003 secs] 536450K->520066K(896640K), 0.0030559 secs] [Times: user=0.00 sys=0.00, real=0.00 secs] 
2020-10-29T13:18:36.279+0000: [GC (Allocation Failure) 2020-10-29T13:18:36.279+0000: [ParNew: 16388K->4K(18432K), 0.0029164 secs] 536450K->520066K(896640K), 0.0029768 secs] [Times: user=0.01 sys=0.00, real=0.00 secs] 
2020-10-29T13:18:36.298+0000: [GC (Allocation Failure) 2020-10-29T13:18:36.298+0000: [ParNew: 16388K->4K(18432K), 0.0029219 secs] 536450K->520066K(896640K), 0.0029742 secs] [Times: user=0.01 sys=0.00, real=0.00 secs] 
2020-10-29T13:18:36.327+0000: [GC (Allocation Failure) 2020-10-29T13:18:36.327+0000: [ParNew: 16388K->4K(18432K), 0.0029841 secs] 536450K->520066K(896640K), 0.0030610 secs] [Times: user=0.00 sys=0.00, real=0.00 secs] 
2020-10-29T13:18:36.348+0000: [GC (Allocation Failure) 2020-10-29T13:18:36.348+0000: [ParNew: 16388K->4K(18432K), 0.0028936 secs] 536450K->520066K(896640K), 0.0029626 secs] [Times: user=0.01 sys=0.00, real=0.00 secs] 
2020-10-29T13:18:36.372+0000: [GC (Allocation Failure) 2020-10-29T13:18:36.372+0000: [ParNew: 16388K->4K(18432K), 0.0029296 secs] 536450K->520066K(896640K), 0.0029858 secs] [Times: user=0.01 sys=0.00, real=0.01 secs] 
2020-10-29T13:18:36.392+0000: [GC (Allocation Failure) 2020-10-29T13:18:36.393+0000: [ParNew: 16388K->4K(18432K), 0.0029110 secs] 536450K->520066K(896640K), 0.0029657 secs] [Times: user=0.01 sys=0.00, real=0.00 secs] 
2020-10-29T13:18:36.412+0000: [GC (Allocation Failure) 2020-10-29T13:18:36.413+0000: [ParNew: 16388K->4K(18432K), 0.0029341 secs] 536450K->520066K(896640K), 0.0029884 secs] [Times: user=0.00 sys=0.00, real=0.00 secs] 
2020-10-29T13:18:36.431+0000: [GC (Allocation Failure) 2020-10-29T13:18:36.431+0000: [ParNew: 16388K->4K(18432K), 0.0029914 secs] 536450K->520066K(896640K), 0.0030466 secs] [Times: user=0.01 sys=0.00, real=0.01 secs] 
2020-10-29T13:18:36.452+0000: [GC (Allocation Failure) 2020-10-29T13:18:36.453+0000: [ParNew: 16388K->4K(18432K), 0.0028760 secs] 536450K->520066K(896640K), 0.0029266 secs] [Times: user=0.01 sys=0.00, real=0.00 secs] 
2020-10-29T13:18:36.471+0000: [GC (Allocation Failure) 2020-10-29T13:18:36.471+0000: [ParNew: 16388K->4K(18432K), 0.0029313 secs] 536450K->520066K(896640K), 0.0029825 secs] [Times: user=0.01 sys=0.00, real=0.01 secs] 
2020-10-29T13:18:36.492+0000: [GC (Allocation Failure) 2020-10-29T13:18:36.492+0000: [ParNew: 16388K->4K(18432K), 0.0028045 secs] 536450K->520066K(896640K), 0.0028536 secs] [Times: user=0.00 sys=0.00, real=0.00 secs] 
2020-10-29T13:18:36.511+0000: [GC (Allocation Failure) 2020-10-29T13:18:36.511+0000: [ParNew: 16388K->4K(18432K), 0.0029306 secs] 536450K->520066K(896640K), 0.0029861 secs] [Times: user=0.01 sys=0.00, real=0.01 secs] 
2020-10-29T13:18:36.529+0000: [GC (Allocation Failure) 2020-10-29T13:18:36.529+0000: [ParNew: 16388K->4K(18432K), 0.0027737 secs] 536450K->520066K(896640K), 0.0028216 secs] [Times: user=0.00 sys=0.00, real=0.00 secs] 
2020-10-29T13:18:36.548+0000: [GC (Allocation Failure) 2020-10-29T13:18:36.549+0000: [ParNew: 16388K->4K(18432K), 0.0028803 secs] 536450K->520066K(896640K), 0.0029332 secs] [Times: user=0.00 sys=0.00, real=0.00 secs] 
2020-10-29T13:18:36.568+0000: [GC (Allocation Failure) 2020-10-29T13:18:36.569+0000: [ParNew: 16388K->4K(18432K), 0.0029163 secs] 536450K->520066K(896640K), 0.0029697 secs] [Times: user=0.01 sys=0.00, real=0.00 secs] 
2020-10-29T13:18:36.588+0000: [GC (Allocation Failure) 2020-10-29T13:18:36.589+0000: [ParNew: 16388K->4K(18432K), 0.0029446 secs] 536450K->520066K(896640K), 0.0030047 secs] [Times: user=0.01 sys=0.00, real=0.00 secs] 
2020-10-29T13:18:36.608+0000: [GC (Allocation Failure) 2020-10-29T13:18:36.608+0000: [ParNew: 16388K->4K(18432K), 0.0030182 secs] 536450K->520066K(896640K), 0.0030751 secs] [Times: user=0.00 sys=0.00, real=0.00 secs] 
2020-10-29T13:18:36.626+0000: [GC (Allocation Failure) 2020-10-29T13:18:36.626+0000: [ParNew: 16388K->4K(18432K), 0.0030431 secs] 536450K->520066K(896640K), 0.0031192 secs] [Times: user=0.01 sys=0.00, real=0.00 secs] 
2020-10-29T13:18:36.648+0000: [GC (Allocation Failure) 2020-10-29T13:18:36.649+0000: [ParNew: 16388K->4K(18432K), 0.0029409 secs] 536450K->520066K(896640K), 0.0029969 secs] [Times: user=0.01 sys=0.00, real=0.00 secs] 
2020-10-29T13:18:36.667+0000: [GC (Allocation Failure) 2020-10-29T13:18:36.667+0000: [ParNew: 16388K->4K(18432K), 0.0029689 secs] 536450K->520066K(896640K), 0.0030250 secs] [Times: user=0.01 sys=0.00, real=0.00 secs] 
2020-10-29T13:18:36.688+0000: [GC (Allocation Failure) 2020-10-29T13:18:36.689+0000: [ParNew: 16388K->4K(18432K), 0.0029547 secs] 536450K->520066K(896640K), 0.0030088 secs] [Times: user=0.01 sys=0.00, real=0.00 secs] 
2020-10-29T13:18:36.708+0000: [GC (Allocation Failure) 2020-10-29T13:18:36.709+0000: [ParNew: 16388K->4K(18432K), 0.0028897 secs] 536450K->520066K(896640K), 0.0029435 secs] [Times: user=0.00 sys=0.00, real=0.00 secs] 
2020-10-29T13:18:36.727+0000: [GC (Allocation Failure) 2020-10-29T13:18:36.727+0000: [ParNew: 16388K->4K(18432K), 0.0029040 secs] 536450K->520066K(896640K), 0.0029559 secs] [Times: user=0.01 sys=0.00, real=0.00 secs] 
2020-10-29T13:18:36.745+0000: [GC (Allocation Failure) 2020-10-29T13:18:36.745+0000: [ParNew: 16388K->4K(18432K), 0.0028705 secs] 536450K->520066K(896640K), 0.0029224 secs] [Times: user=0.01 sys=0.00, real=0.00 secs] 
2020-10-29T13:18:36.763+0000: [GC (Allocation Failure) 2020-10-29T13:18:36.763+0000: [ParNew: 16388K->4K(18432K), 0.0029549 secs] 536450K->520066K(896640K), 0.0030084 secs] [Times: user=0.00 sys=0.00, real=0.01 secs] 
2020-10-29T13:18:36.784+0000: [GC (Allocation Failure) 2020-10-29T13:18:36.784+0000: [ParNew: 16388K->4K(18432K), 0.0028720 secs] 536450K->520066K(896640K), 0.0029226 secs] [Times: user=0.00 sys=0.00, real=0.00 secs] 
2020-10-29T13:18:36.803+0000: [GC (Allocation Failure) 2020-10-29T13:18:36.803+0000: [ParNew: 16388K->4K(18432K), 0.0029471 secs] 536450K->520066K(896640K), 0.0029992 secs] [Times: user=0.01 sys=0.00, real=0.01 secs] 
2020-10-29T13:18:36.824+0000: [GC (Allocation Failure) 2020-10-29T13:18:36.825+0000: [ParNew: 16388K->4K(18432K), 0.0029603 secs] 536450K->520066K(896640K), 0.0030152 secs] [Times: user=0.00 sys=0.00, real=0.00 secs] 
2020-10-29T13:18:36.844+0000: [GC (Allocation Failure) 2020-10-29T13:18:36.845+0000: [ParNew: 16388K->4K(18432K), 0.0028535 secs] 536450K->520066K(896640K), 0.0029043 secs] [Times: user=0.01 sys=0.00, real=0.00 secs] 
2020-10-29T13:18:36.863+0000: [GC (Allocation Failure) 2020-10-29T13:18:36.863+0000: [ParNew: 16388K->4K(18432K), 0.0028648 secs] 536450K->520066K(896640K), 0.0029160 secs] [Times: user=0.00 sys=0.00, real=0.01 secs] 
2020-10-29T13:18:36.881+0000: [GC (Allocation Failure) 2020-10-29T13:18:36.881+0000: [ParNew: 16388K->4K(18432K), 0.0029766 secs] 536450K->520066K(896640K), 0.0030427 secs] [Times: user=0.01 sys=0.00, real=0.00 secs] 
2020-10-29T13:18:36.899+0000: [GC (Allocation Failure) 2020-10-29T13:18:36.899+0000: [ParNew: 16388K->4K(18432K), 0.0029783 secs] 536450K->520066K(896640K), 0.0030320 secs] [Times: user=0.01 sys=0.00, real=0.00 secs] 
2020-10-29T13:18:36.920+0000: [GC (Allocation Failure) 2020-10-29T13:18:36.921+0000: [ParNew: 16388K->4K(18432K), 0.0028103 secs] 536450K->520066K(896640K), 0.0028599 secs] [Times: user=0.01 sys=0.00, real=0.00 secs] 
2020-10-29T13:18:36.939+0000: [GC (Allocation Failure) 2020-10-29T13:18:36.939+0000: [ParNew: 16388K->4K(18432K), 0.0029897 secs] 536450K->520066K(896640K), 0.0030485 secs] [Times: user=0.00 sys=0.00, real=0.00 secs] 
2020-10-29T13:18:36.960+0000: [GC (Allocation Failure) 2020-10-29T13:18:36.961+0000: [ParNew: 16388K->4K(18432K), 0.0029189 secs] 536450K->520066K(896640K), 0.0029783 secs] [Times: user=0.00 sys=0.00, real=0.00 secs] 
2020-10-29T13:18:36.980+0000: [GC (Allocation Failure) 2020-10-29T13:18:36.981+0000: [ParNew: 16388K->4K(18432K), 0.0029376 secs] 536450K->520066K(896640K), 0.0029923 secs] [Times: user=0.00 sys=0.00, real=0.00 secs] 
2020-10-29T13:18:37.000+0000: [GC (Allocation Failure) 2020-10-29T13:18:37.001+0000: [ParNew: 16388K->4K(18432K), 0.0029172 secs] 536450K->520066K(896640K), 0.0029824 secs] [Times: user=0.00 sys=0.00, real=0.00 secs] 
2020-10-29T13:18:37.023+0000: [GC (Allocation Failure) 2020-10-29T13:18:37.023+0000: [ParNew: 16388K->4K(18432K), 0.0029890 secs] 536450K->520066K(896640K), 0.0030369 secs] [Times: user=0.00 sys=0.00, real=0.01 secs] 
2020-10-29T13:18:37.043+0000: [GC (Allocation Failure) 2020-10-29T13:18:37.043+0000: [ParNew: 16388K->4K(18432K), 0.0030334 secs] 536450K->520066K(896640K), 0.0030900 secs] [Times: user=0.00 sys=0.00, real=0.01 secs] 
2020-10-29T13:18:37.064+0000: [GC (Allocation Failure) 2020-10-29T13:18:37.065+0000: [ParNew: 16388K->4K(18432K), 0.0030229 secs] 536450K->520066K(896640K), 0.0030807 secs] [Times: user=0.01 sys=0.00, real=0.00 secs] 
2020-10-29T13:18:37.083+0000: [GC (Allocation Failure) 2020-10-29T13:18:37.083+0000: [ParNew: 16388K->4K(18432K), 0.0029012 secs] 536450K->520066K(896640K), 0.0029534 secs] [Times: user=0.00 sys=0.00, real=0.01 secs] 
2020-10-29T13:18:37.101+0000: [GC (Allocation Failure) 2020-10-29T13:18:37.101+0000: [ParNew: 16388K->4K(18432K), 0.0029107 secs] 536450K->520066K(896640K), 0.0029649 secs] [Times: user=0.01 sys=0.00, real=0.00 secs] 
2020-10-29T13:18:37.120+0000: [GC (Allocation Failure) 2020-10-29T13:18:37.121+0000: [ParNew: 16388K->4K(18432K), 0.0028726 secs] 536450K->520066K(896640K), 0.0029243 secs] [Times: user=0.00 sys=0.00, real=0.00 secs] 
2020-10-29T13:18:37.140+0000: [GC (Allocation Failure) 2020-10-29T13:18:37.141+0000: [ParNew: 16388K->4K(18432K), 0.0029733 secs] 536450K->520066K(896640K), 0.0030275 secs] [Times: user=0.01 sys=0.00, real=0.00 secs] 
2020-10-29T13:18:37.159+0000: [GC (Allocation Failure) 2020-10-29T13:18:37.159+0000: [ParNew: 16388K->4K(18432K), 0.0029124 secs] 536450K->520066K(896640K), 0.0029655 secs] [Times: user=0.00 sys=0.00, real=0.00 secs] 
2020-10-29T13:18:37.177+0000: [GC (Allocation Failure) 2020-10-29T13:18:37.177+0000: [ParNew: 16388K->4K(18432K), 0.0030017 secs] 536450K->520066K(896640K), 0.0030599 secs] [Times: user=0.01 sys=0.00, real=0.00 secs] 
2020-10-29T13:18:37.195+0000: [GC (Allocation Failure) 2020-10-29T13:18:37.195+0000: [ParNew: 16388K->4K(18432K), 0.0029565 secs] 536450K->520066K(896640K), 0.0030118 secs] [Times: user=0.01 sys=0.00, real=0.00 secs] 
2020-10-29T13:18:37.216+0000: [GC (Allocation Failure) 2020-10-29T13:18:37.217+0000: [ParNew: 16388K->4K(18432K), 0.0030159 secs] 536450K->520066K(896640K), 0.0030725 secs] [Times: user=0.00 sys=0.00, real=0.00 secs] 
2020-10-29T13:18:37.235+0000: [GC (Allocation Failure) 2020-10-29T13:18:37.235+0000: [ParNew: 16388K->4K(18432K), 0.0029342 secs] 536450K->520066K(896640K), 0.0029869 secs] [Times: user=0.01 sys=0.00, real=0.00 secs] 
2020-10-29T13:18:37.253+0000: [GC (Allocation Failure) 2020-10-29T13:18:37.253+0000: [ParNew: 16388K->4K(18432K), 0.0029261 secs] 536450K->520066K(896640K), 0.0029781 secs] [Times: user=0.01 sys=0.00, real=0.00 secs] 
2020-10-29T13:18:37.271+0000: [GC (Allocation Failure) 2020-10-29T13:18:37.271+0000: [ParNew: 16388K->4K(18432K), 0.0029693 secs] 536450K->520066K(896640K), 0.0030254 secs] [Times: user=0.00 sys=0.00, real=0.01 secs] 
2020-10-29T13:18:37.290+0000: [GC (Allocation Failure) 2020-10-29T13:18:37.290+0000: [ParNew: 16388K->4K(18432K), 0.0028799 secs] 536450K->520066K(896640K), 0.0029363 secs] [Times: user=0.01 sys=0.00, real=0.01 secs] 
2020-10-29T13:18:37.308+0000: [GC (Allocation Failure) 2020-10-29T13:18:37.308+0000: [ParNew: 16388K->4K(18432K), 0.0029269 secs] 536450K->520066K(896640K), 0.0029806 secs] [Times: user=0.00 sys=0.00, real=0.00 secs] 
2020-10-29T13:18:37.328+0000: [GC (Allocation Failure) 2020-10-29T13:18:37.329+0000: [ParNew: 16388K->4K(18432K), 0.0029429 secs] 536450K->520066K(896640K), 0.0029955 secs] [Times: user=0.01 sys=0.00, real=0.00 secs] 
2020-10-29T13:18:37.348+0000: [GC (Allocation Failure) 2020-10-29T13:18:37.348+0000: [ParNew: 16388K->4K(18432K), 0.0051158 secs] 536450K->520066K(896640K), 0.0051679 secs] [Times: user=0.01 sys=0.00, real=0.01 secs] 
2020-10-29T13:18:37.369+0000: [GC (Allocation Failure) 2020-10-29T13:18:37.369+0000: [ParNew: 16388K->4K(18432K), 0.0030304 secs] 536450K->520066K(896640K), 0.0030869 secs] [Times: user=0.01 sys=0.00, real=0.00 secs] 
2020-10-29T13:18:37.389+0000: [GC (Allocation Failure) 2020-10-29T13:18:37.389+0000: [ParNew: 16388K->4K(18432K), 0.0029683 secs] 536450K->520066K(896640K), 0.0030268 secs] [Times: user=0.00 sys=0.00, real=0.00 secs] 
2020-10-29T13:18:37.407+0000: [GC (Allocation Failure) 2020-10-29T13:18:37.407+0000: [ParNew: 16388K->4K(18432K), 0.0029540 secs] 536450K->520066K(896640K), 0.0030085 secs] [Times: user=0.01 sys=0.00, real=0.00 secs] 
2020-10-29T13:18:37.428+0000: [GC (Allocation Failure) 2020-10-29T13:18:37.429+0000: [ParNew: 16388K->4K(18432K), 0.0029665 secs] 536450K->520066K(896640K), 0.0030230 secs] [Times: user=0.01 sys=0.00, real=0.00 secs] 
2020-10-29T13:18:37.451+0000: [GC (Allocation Failure) 2020-10-29T13:18:37.451+0000: [ParNew: 16388K->4K(18432K), 0.0030034 secs] 536450K->520066K(896640K), 0.0030709 secs] [Times: user=0.01 sys=0.00, real=0.01 secs] 
2020-10-29T13:18:37.472+0000: [GC (Allocation Failure) 2020-10-29T13:18:37.472+0000: [ParNew: 16388K->4K(18432K), 0.0029657 secs] 536450K->520066K(896640K), 0.0030295 secs] [Times: user=0.00 sys=0.00, real=0.01 secs] 
2020-10-29T13:18:37.492+0000: [GC (Allocation Failure) 2020-10-29T13:18:37.493+0000: [ParNew: 16388K->4K(18432K), 0.0028657 secs] 536450K->520066K(896640K), 0.0029157 secs] [Times: user=0.01 sys=0.00, real=0.00 secs] 
2020-10-29T13:18:37.510+0000: [GC (Allocation Failure) 2020-10-29T13:18:37.511+0000: [ParNew: 16388K->4K(18432K), 0.0028877 secs] 536450K->520067K(896640K), 0.0029406 secs] [Times: user=0.00 sys=0.00, real=0.01 secs] 
2020-10-29T13:18:37.532+0000: [GC (Allocation Failure) 2020-10-29T13:18:37.532+0000: [ParNew: 16388K->4K(18432K), 0.0028395 secs] 536451K->520067K(896640K), 0.0028902 secs] [Times: user=0.01 sys=0.00, real=0.01 secs] 
2020-10-29T13:18:37.550+0000: [GC (Allocation Failure) 2020-10-29T13:18:37.551+0000: [ParNew: 16388K->4K(18432K), 0.0033383 secs] 536451K->520067K(896640K), 0.0033945 secs] [Times: user=0.00 sys=0.00, real=0.01 secs] 
2020-10-29T13:18:37.569+0000: [GC (Allocation Failure) 2020-10-29T13:18:37.569+0000: [ParNew: 16388K->4K(18432K), 0.0029667 secs] 536451K->520067K(896640K), 0.0030213 secs] [Times: user=0.01 sys=0.00, real=0.00 secs] 
2020-10-29T13:18:37.588+0000: [GC (Allocation Failure) 2020-10-29T13:18:37.589+0000: [ParNew: 16388K->4K(18432K), 0.0029329 secs] 536451K->520067K(896640K), 0.0029854 secs] [Times: user=0.00 sys=0.00, real=0.00 secs] 
2020-10-29T13:18:37.607+0000: [GC (Allocation Failure) 2020-10-29T13:18:37.607+0000: [ParNew: 16388K->4K(18432K), 0.0029600 secs] 536451K->520067K(896640K), 0.0030167 secs] [Times: user=0.01 sys=0.00, real=0.00 secs] 
2020-10-29T13:18:37.628+0000: [GC (Allocation Failure) 2020-10-29T13:18:37.629+0000: [ParNew: 16388K->4K(18432K), 0.0029773 secs] 536451K->520067K(896640K), 0.0030421 secs] [Times: user=0.00 sys=0.00, real=0.00 secs] 
2020-10-29T13:18:37.649+0000: [GC (Allocation Failure) 2020-10-29T13:18:37.649+0000: [ParNew: 16388K->4K(18432K), 0.0029660 secs] 536451K->520067K(896640K), 0.0030209 secs] [Times: user=0.01 sys=0.00, real=0.00 secs] 
2020-10-29T13:18:37.667+0000: [GC (Allocation Failure) 2020-10-29T13:18:37.667+0000: [ParNew: 16388K->4K(18432K), 0.0029864 secs] 536451K->520067K(896640K), 0.0030431 secs] [Times: user=0.01 sys=0.00, real=0.00 secs] 
2020-10-29T13:18:37.685+0000: [GC (Allocation Failure) 2020-10-29T13:18:37.685+0000: [ParNew: 16388K->4K(18432K), 0.0029884 secs] 536451K->520067K(896640K), 0.0030448 secs] [Times: user=0.00 sys=0.01, real=0.00 secs] 
2020-10-29T13:18:37.704+0000: [GC (Allocation Failure) 2020-10-29T13:18:37.705+0000: [ParNew: 16388K->4K(18432K), 0.0029537 secs] 536451K->520067K(896640K), 0.0030091 secs] [Times: user=0.01 sys=0.00, real=0.00 secs] 
2020-10-29T13:18:37.723+0000: [GC (Allocation Failure) 2020-10-29T13:18:37.723+0000: [ParNew: 16388K->4K(18432K), 0.0029593 secs] 536451K->520067K(896640K), 0.0030158 secs] [Times: user=0.01 sys=0.00, real=0.01 secs] 
2020-10-29T13:18:37.741+0000: [GC (Allocation Failure) 2020-10-29T13:18:37.741+0000: [ParNew: 16388K->4K(18432K), 0.0029035 secs] 536451K->520067K(896640K), 0.0029564 secs] [Times: user=0.00 sys=0.00, real=0.00 secs] 
2020-10-29T13:18:37.760+0000: [GC (Allocation Failure) 2020-10-29T13:18:37.761+0000: [ParNew: 16388K->4K(18432K), 0.0029299 secs] 536451K->520067K(896640K), 0.0029837 secs] [Times: user=0.01 sys=0.00, real=0.00 secs] 
2020-10-29T13:18:37.779+0000: [GC (Allocation Failure) 2020-10-29T13:18:37.779+0000: [ParNew: 16388K->4K(18432K), 0.0029703 secs] 536451K->520067K(896640K), 0.0030275 secs] [Times: user=0.00 sys=0.00, real=0.00 secs] 
2020-10-29T13:18:37.800+0000: [GC (Allocation Failure) 2020-10-29T13:18:37.801+0000: [ParNew: 16388K->4K(18432K), 0.0029249 secs] 536451K->520067K(896640K), 0.0029784 secs] [Times: user=0.00 sys=0.00, real=0.00 secs] 
2020-10-29T13:18:37.819+0000: [GC (Allocation Failure) 2020-10-29T13:18:37.819+0000: [ParNew: 16388K->4K(18432K), 0.0030134 secs] 536451K->520067K(896640K), 0.0030710 secs] [Times: user=0.01 sys=0.00, real=0.00 secs] 
2020-10-29T13:18:37.840+0000: [GC (Allocation Failure) 2020-10-29T13:18:37.841+0000: [ParNew: 16388K->4K(18432K), 0.0028911 secs] 536451K->520067K(896640K), 0.0029430 secs] [Times: user=0.01 sys=0.00, real=0.00 secs] 
2020-10-29T13:18:37.860+0000: [GC (Allocation Failure) 2020-10-29T13:18:37.861+0000: [ParNew: 16388K->4K(18432K), 0.0029222 secs] 536451K->520067K(896640K), 0.0029770 secs] [Times: user=0.00 sys=0.00, real=0.00 secs] 
2020-10-29T13:18:37.879+0000: [GC (Allocation Failure) 2020-10-29T13:18:37.879+0000: [ParNew: 16388K->4K(18432K), 0.0029436 secs] 536451K->520067K(896640K), 0.0029984 secs] [Times: user=0.01 sys=0.00, real=0.00 secs] 
2020-10-29T13:18:37.897+0000: [GC (Allocation Failure) 2020-10-29T13:18:37.897+0000: [ParNew: 16388K->4K(18432K), 0.0028738 secs] 536451K->520067K(896640K), 0.0029250 secs] [Times: user=0.00 sys=0.00, real=0.00 secs] 
2020-10-29T13:18:37.917+0000: [GC (Allocation Failure) 2020-10-29T13:18:37.917+0000: [ParNew: 16388K->4K(18432K), 0.0029253 secs] 536451K->520067K(896640K), 0.0029806 secs] [Times: user=0.01 sys=0.00, real=0.00 secs] 
2020-10-29T13:18:37.936+0000: [GC (Allocation Failure) 2020-10-29T13:18:37.937+0000: [ParNew: 16388K->4K(18432K), 0.0029275 secs] 536451K->520067K(896640K), 0.0029819 secs] [Times: user=0.00 sys=0.00, real=0.00 secs] 
2020-10-29T13:18:37.956+0000: [GC (Allocation Failure) 2020-10-29T13:18:37.957+0000: [ParNew: 16388K->4K(18432K), 0.0029244 secs] 536451K->520067K(896640K), 0.0029782 secs] [Times: user=0.01 sys=0.00, real=0.00 secs] 
2020-10-29T13:18:37.976+0000: [GC (Allocation Failure) 2020-10-29T13:18:37.977+0000: [ParNew: 16388K->4K(18432K), 0.0029089 secs] 536451K->520067K(896640K), 0.0029624 secs] [Times: user=0.01 sys=0.00, real=0.00 secs] 
2020-10-29T13:18:37.995+0000: [GC (Allocation Failure) 2020-10-29T13:18:37.995+0000: [ParNew: 16388K->4K(18432K), 0.0029715 secs] 536451K->520067K(896640K), 0.0030362 secs] [Times: user=0.00 sys=0.00, real=0.00 secs] 
2020-10-29T13:18:38.016+0000: [GC (Allocation Failure) 2020-10-29T13:18:38.016+0000: [ParNew: 16388K->4K(18432K), 0.0029504 secs] 536451K->520067K(896640K), 0.0030050 secs] [Times: user=0.00 sys=0.00, real=0.00 secs] 
2020-10-29T13:18:38.034+0000: [GC (Allocation Failure) 2020-10-29T13:18:38.034+0000: [ParNew: 16388K->4K(18432K), 0.0029298 secs] 536451K->520067K(896640K), 0.0029830 secs] [Times: user=0.01 sys=0.00, real=0.00 secs] 
2020-10-29T13:18:38.053+0000: [GC (Allocation Failure) 2020-10-29T13:18:38.053+0000: [ParNew: 16388K->4K(18432K), 0.0028910 secs] 536451K->520067K(896640K), 0.0029449 secs] [Times: user=0.00 sys=0.00, real=0.00 secs] 
2020-10-29T13:18:38.072+0000: [GC (Allocation Failure) 2020-10-29T13:18:38.073+0000: [ParNew: 16388K->4K(18432K), 0.0029004 secs] 536451K->520067K(896640K), 0.0029525 secs] [Times: user=0.01 sys=0.00, real=0.00 secs] 
2020-10-29T13:18:38.095+0000: [GC (Allocation Failure) 2020-10-29T13:18:38.095+0000: [ParNew: 16388K->4K(18432K), 0.0030005 secs] 536451K->520067K(896640K), 0.0030737 secs] [Times: user=0.00 sys=0.00, real=0.00 secs] 
2020-10-29T13:18:38.113+0000: [GC (Allocation Failure) 2020-10-29T13:18:38.113+0000: [ParNew: 16388K->4K(18432K), 0.0029002 secs] 536451K->520067K(896640K), 0.0029522 secs] [Times: user=0.01 sys=0.00, real=0.00 secs] 
2020-10-29T13:18:38.132+0000: [GC (Allocation Failure) 2020-10-29T13:18:38.133+0000: [ParNew: 16388K->4K(18432K), 0.0029683 secs] 536451K->520067K(896640K), 0.0030233 secs] [Times: user=0.00 sys=0.00, real=0.00 secs] 
2020-10-29T13:18:38.152+0000: [GC (Allocation Failure) 2020-10-29T13:18:38.153+0000: [ParNew: 16388K->4K(18432K), 0.0028903 secs] 536451K->520067K(896640K), 0.0029423 secs] [Times: user=0.01 sys=0.00, real=0.00 secs] 
2020-10-29T13:18:38.171+0000: [GC (Allocation Failure) 2020-10-29T13:18:38.171+0000: [ParNew: 16388K->4K(18432K), 0.0028988 secs] 536451K->520067K(896640K), 0.0029503 secs] [Times: user=0.00 sys=0.00, real=0.01 secs] 
2020-10-29T13:18:38.192+0000: [GC (Allocation Failure) 2020-10-29T13:18:38.193+0000: [ParNew: 16388K->4K(18432K), 0.0029280 secs] 536451K->520067K(896640K), 0.0029823 secs] [Times: user=0.00 sys=0.00, real=0.00 secs] 
2020-10-29T13:18:38.211+0000: [GC (Allocation Failure) 2020-10-29T13:18:38.211+0000: [ParNew: 16388K->4K(18432K), 0.0029537 secs] 536451K->520067K(896640K), 0.0030086 secs] [Times: user=0.01 sys=0.00, real=0.01 secs] 
2020-10-29T13:18:38.229+0000: [GC (Allocation Failure) 2020-10-29T13:18:38.229+0000: [ParNew: 16388K->4K(18432K), 0.0028764 secs] 536451K->520067K(896640K), 0.0029274 secs] [Times: user=0.00 sys=0.00, real=0.00 secs] 
2020-10-29T13:18:38.251+0000: [GC (Allocation Failure) 2020-10-29T13:18:38.251+0000: [ParNew: 16388K->4K(18432K), 0.0029572 secs] 536451K->520067K(896640K), 0.0030114 secs] [Times: user=0.01 sys=0.00, real=0.01 secs] 
2020-10-29T13:18:38.272+0000: [GC (Allocation Failure) 2020-10-29T13:18:38.273+0000: [ParNew: 16388K->4K(18432K), 0.0029910 secs] 536451K->520067K(896640K), 0.0030485 secs] [Times: user=0.01 sys=0.00, real=0.00 secs] 
2020-10-29T13:18:38.292+0000: [GC (Allocation Failure) 2020-10-29T13:18:38.293+0000: [ParNew: 16388K->4K(18432K), 0.0029427 secs] 536451K->520067K(896640K), 0.0029986 secs] [Times: user=0.00 sys=0.01, real=0.00 secs] 
2020-10-29T13:18:38.312+0000: [GC (Allocation Failure) 2020-10-29T13:18:38.313+0000: [ParNew: 16388K->4K(18432K), 0.0029555 secs] 536451K->520067K(896640K), 0.0030110 secs] [Times: user=0.01 sys=0.00, real=0.00 secs] 
2020-10-29T13:18:38.331+0000: [GC (Allocation Failure) 2020-10-29T13:18:38.331+0000: [ParNew: 16388K->4K(18432K), 0.0029629 secs] 536451K->520067K(896640K), 0.0030192 secs] [Times: user=0.00 sys=0.00, real=0.01 secs] 
2020-10-29T13:18:38.349+0000: [GC (Allocation Failure) 2020-10-29T13:18:38.349+0000: [ParNew: 16388K->4K(18432K), 0.0029639 secs] 536451K->520067K(896640K), 0.0030203 secs] [Times: user=0.00 sys=0.00, real=0.00 secs] 
2020-10-29T13:18:38.368+0000: [GC (Allocation Failure) 2020-10-29T13:18:38.369+0000: [ParNew: 16388K->4K(18432K), 0.0029322 secs] 536451K->520067K(896640K), 0.0029870 secs] [Times: user=0.01 sys=0.00, real=0.00 secs] 
2020-10-29T13:18:38.388+0000: [GC (Allocation Failure) 2020-10-29T13:18:38.389+0000: [ParNew: 16388K->4K(18432K), 0.0028634 secs] 536451K->520067K(896640K), 0.0029145 secs] [Times: user=0.00 sys=0.00, real=0.00 secs] 
2020-10-29T13:18:38.407+0000: [GC (Allocation Failure) 2020-10-29T13:18:38.407+0000: [ParNew: 16388K->4K(18432K), 0.0029170 secs] 536451K->520067K(896640K), 0.0029708 secs] [Times: user=0.01 sys=0.00, real=0.00 secs] 
2020-10-29T13:18:38.426+0000: [GC (Allocation Failure) 2020-10-29T13:18:38.426+0000: [ParNew: 16388K->4K(18432K), 0.0029770 secs] 536451K->520067K(896640K), 0.0030338 secs] [Times: user=0.00 sys=0.00, real=0.00 secs] 
2020-10-29T13:18:38.448+0000: [GC (Allocation Failure) 2020-10-29T13:18:38.448+0000: [ParNew: 16388K->4K(18432K), 0.0029732 secs] 536451K->520067K(896640K), 0.0030356 secs] [Times: user=0.00 sys=0.00, real=0.00 secs] 
2020-10-29T13:18:38.468+0000: [GC (Allocation Failure) 2020-10-29T13:18:38.469+0000: [ParNew: 16388K->4K(18432K), 0.0028731 secs] 536451K->520067K(896640K), 0.0029245 secs] [Times: user=0.00 sys=0.00, real=0.00 secs] 
2020-10-29T13:18:38.488+0000: [GC (Allocation Failure) 2020-10-29T13:18:38.489+0000: [ParNew: 16388K->4K(18432K), 0.0029565 secs] 536451K->520067K(896640K), 0.0030143 secs] [Times: user=0.00 sys=0.00, real=0.00 secs] 
2020-10-29T13:18:38.507+0000: [GC (Allocation Failure) 2020-10-29T13:18:38.507+0000: [ParNew: 16388K->4K(18432K), 0.0030054 secs] 536451K->520067K(896640K), 0.0030627 secs] [Times: user=0.01 sys=0.00, real=0.00 secs] 
2020-10-29T13:18:38.528+0000: [GC (Allocation Failure) 2020-10-29T13:18:38.529+0000: [ParNew: 16388K->4K(18432K), 0.0029365 secs] 536451K->520067K(896640K), 0.0029906 secs] [Times: user=0.01 sys=0.00, real=0.00 secs] 
2020-10-29T13:18:38.547+0000: [GC (Allocation Failure) 2020-10-29T13:18:38.547+0000: [ParNew: 16388K->4K(18432K), 0.0029374 secs] 536451K->520067K(896640K), 0.0030064 secs] [Times: user=0.01 sys=0.00, real=0.00 secs] 
2020-10-29T13:18:38.565+0000: [GC (Allocation Failure) 2020-10-29T13:18:38.565+0000: [ParNew: 16388K->4K(18432K), 0.0029076 secs] 536451K->520067K(896640K), 0.0029607 secs] [Times: user=0.01 sys=0.00, real=0.00 secs] 
2020-10-29T13:18:38.585+0000: [GC (Allocation Failure) 2020-10-29T13:18:38.585+0000: [ParNew: 16388K->4K(18432K), 0.0029858 secs] 536451K->520067K(896640K), 0.0030434 secs] [Times: user=0.00 sys=0.00, real=0.00 secs] 
2020-10-29T13:18:38.603+0000: [GC (Allocation Failure) 2020-10-29T13:18:38.603+0000: [ParNew: 16388K->4K(18432K), 0.0029816 secs] 536451K->520067K(896640K), 0.0030383 secs] [Times: user=0.01 sys=0.00, real=0.01 secs] 
2020-10-29T13:18:38.622+0000: [GC (Allocation Failure) 2020-10-29T13:18:38.622+0000: [ParNew: 16388K->4K(18432K), 0.0029639 secs] 536451K->520067K(896640K), 0.0030193 secs] [Times: user=0.01 sys=0.00, real=0.01 secs] 
2020-10-29T13:18:38.644+0000: [GC (Allocation Failure) 2020-10-29T13:18:38.644+0000: [ParNew: 16388K->4K(18432K), 0.0029740 secs] 536451K->520067K(896640K), 0.0030297 secs] [Times: user=0.01 sys=0.00, real=0.00 secs] 
2020-10-29T13:18:38.663+0000: [GC (Allocation Failure) 2020-10-29T13:18:38.663+0000: [ParNew: 16388K->4K(18432K), 0.0030413 secs] 536451K->520067K(896640K), 0.0030981 secs] [Times: user=0.01 sys=0.00, real=0.01 secs] 
2020-10-29T13:18:38.681+0000: [GC (Allocation Failure) 2020-10-29T13:18:38.681+0000: [ParNew: 16388K->4K(18432K), 0.0029942 secs] 536451K->520067K(896640K), 0.0030500 secs] [Times: user=0.01 sys=0.00, real=0.00 secs] 
2020-10-29T13:18:38.700+0000: [GC (Allocation Failure) 2020-10-29T13:18:38.701+0000: [ParNew: 16388K->4K(18432K), 0.0028362 secs] 536451K->520067K(896640K), 0.0028912 secs] [Times: user=0.01 sys=0.00, real=0.00 secs] 
2020-10-29T13:18:38.719+0000: [GC (Allocation Failure) 2020-10-29T13:18:38.719+0000: [ParNew: 16388K->4K(18432K), 0.0028626 secs] 536451K->520067K(896640K), 0.0029218 secs] [Times: user=0.00 sys=0.00, real=0.00 secs] 
2020-10-29T13:18:38.737+0000: [GC (Allocation Failure) 2020-10-29T13:18:38.737+0000: [ParNew: 16388K->4K(18432K), 0.0027811 secs] 536451K->520067K(896640K), 0.0028385 secs] [Times: user=0.01 sys=0.00, real=0.00 secs] 
2020-10-29T13:18:38.756+0000: [GC (Allocation Failure) 2020-10-29T13:18:38.757+0000: [ParNew: 16388K->4K(18432K), 0.0028915 secs] 536451K->520067K(896640K), 0.0029447 secs] [Times: user=0.00 sys=0.00, real=0.00 secs] 
2020-10-29T13:18:38.775+0000: [GC (Allocation Failure) 2020-10-29T13:18:38.775+0000: [ParNew: 16388K->4K(18432K), 0.0030579 secs] 536451K->520067K(896640K), 0.0031102 secs] [Times: user=0.01 sys=0.00, real=0.00 secs] 
2020-10-29T13:18:38.793+0000: [GC (Allocation Failure) 2020-10-29T13:18:38.793+0000: [ParNew: 16388K->4K(18432K), 0.0028542 secs] 536451K->520067K(896640K), 0.0029057 secs] [Times: user=0.00 sys=0.00, real=0.00 secs] 
2020-10-29T13:18:38.811+0000: [GC (Allocation Failure) 2020-10-29T13:18:38.811+0000: [ParNew: 16388K->4K(18432K), 0.0029498 secs] 536451K->520067K(896640K), 0.0030033 secs] [Times: user=0.01 sys=0.00, real=0.01 secs] 
2020-10-29T13:18:38.829+0000: [GC (Allocation Failure) 2020-10-29T13:18:38.829+0000: [ParNew: 16388K->4K(18432K), 0.0027614 secs] 536451K->520067K(896640K), 0.0028081 secs] [Times: user=0.00 sys=0.00, real=0.00 secs] 
2020-10-29T13:18:38.847+0000: [GC (Allocation Failure) 2020-10-29T13:18:38.848+0000: [ParNew: 16388K->4K(18432K), 0.0029123 secs] 536451K->520067K(896640K), 0.0029672 secs] [Times: user=0.01 sys=0.00, real=0.00 secs] 
2020-10-29T13:18:38.868+0000: [GC (Allocation Failure) 2020-10-29T13:18:38.868+0000: [ParNew: 16388K->4K(18432K), 0.0028566 secs] 536451K->520067K(896640K), 0.0029084 secs] [Times: user=0.01 sys=0.00, real=0.00 secs] 
2020-10-29T13:18:38.887+0000: [GC (Allocation Failure) 2020-10-29T13:18:38.887+0000: [ParNew: 16388K->4K(18432K), 0.0029108 secs] 536451K->520067K(896640K), 0.0029649 secs] [Times: user=0.00 sys=0.00, real=0.00 secs] 
2020-10-29T13:18:38.908+0000: [GC (Allocation Failure) 2020-10-29T13:18:38.909+0000: [ParNew: 16388K->4K(18432K), 0.0028902 secs] 536451K->520067K(896640K), 0.0029412 secs] [Times: user=0.00 sys=0.00, real=0.00 secs] 
2020-10-29T13:18:38.929+0000: [GC (Allocation Failure) 2020-10-29T13:18:38.929+0000: [ParNew: 16388K->4K(18432K), 0.0046540 secs] 536451K->520067K(896640K), 0.0047089 secs] [Times: user=0.01 sys=0.00, real=0.01 secs] 
2020-10-29T13:18:38.948+0000: [GC (Allocation Failure) 2020-10-29T13:18:38.948+0000: [ParNew: 16388K->4K(18432K), 0.0029231 secs] 536451K->520067K(896640K), 0.0029752 secs] [Times: user=0.00 sys=0.00, real=0.00 secs] 
2020-10-29T13:18:38.968+0000: [GC (Allocation Failure) 2020-10-29T13:18:38.969+0000: [ParNew: 16388K->4K(18432K), 0.0029808 secs] 536451K->520067K(896640K), 0.0030452 secs] [Times: user=0.00 sys=0.00, real=0.00 secs] 
2020-10-29T13:18:38.988+0000: [GC (Allocation Failure) 2020-10-29T13:18:38.989+0000: [ParNew: 16388K->4K(18432K), 0.0029832 secs] 536451K->520067K(896640K), 0.0030371 secs] [Times: user=0.01 sys=0.00, real=0.00 secs] 
2020-10-29T13:18:39.007+0000: [GC (Allocation Failure) 2020-10-29T13:18:39.007+0000: [ParNew: 16388K->4K(18432K), 0.0029627 secs] 536451K->520067K(896640K), 0.0030189 secs] [Times: user=0.00 sys=0.00, real=0.00 secs] 
2020-10-29T13:18:39.025+0000: [GC (Allocation Failure) 2020-10-29T13:18:39.025+0000: [ParNew: 16388K->4K(18432K), 0.0029264 secs] 536451K->520067K(896640K), 0.0029790 secs] [Times: user=0.01 sys=0.00, real=0.00 secs] 
2020-10-29T13:18:39.043+0000: [GC (Allocation Failure) 2020-10-29T13:18:39.043+0000: [ParNew: 16388K->4K(18432K), 0.0029322 secs] 536451K->520067K(896640K), 0.0029858 secs] [Times: user=0.00 sys=0.00, real=0.01 secs] 
2020-10-29T13:18:39.064+0000: [GC (Allocation Failure) 2020-10-29T13:18:39.065+0000: [ParNew: 16388K->4K(18432K), 0.0029053 secs] 536451K->520067K(896640K), 0.0029589 secs] [Times: user=0.01 sys=0.00, real=0.00 secs] 
2020-10-29T13:18:39.084+0000: [GC (Allocation Failure) 2020-10-29T13:18:39.085+0000: [ParNew: 16388K->4K(18432K), 0.0028740 secs] 536451K->520067K(896640K), 0.0029242 secs] [Times: user=0.00 sys=0.00, real=0.00 secs] 
2020-10-29T13:18:39.105+0000: [GC (Allocation Failure) 2020-10-29T13:18:39.105+0000: [ParNew: 16388K->4K(18432K), 0.0029103 secs] 536451K->520067K(896640K), 0.0029605 secs] [Times: user=0.01 sys=0.00, real=0.00 secs] 
2020-10-29T13:18:39.125+0000: [GC (Allocation Failure) 2020-10-29T13:18:39.125+0000: [ParNew: 16388K->4K(18432K), 0.0028360 secs] 536451K->520067K(896640K), 0.0028868 secs] [Times: user=0.01 sys=0.00, real=0.00 secs] 
2020-10-29T13:18:39.143+0000: [GC (Allocation Failure) 2020-10-29T13:18:39.143+0000: [ParNew: 16388K->4K(18432K), 0.0029616 secs] 536451K->520067K(896640K), 0.0030142 secs] [Times: user=0.00 sys=0.00, real=0.01 secs] 
2020-10-29T13:18:39.164+0000: [GC (Allocation Failure) 2020-10-29T13:18:39.165+0000: [ParNew: 16388K->4K(18432K), 0.0028780 secs] 536451K->520067K(896640K), 0.0029296 secs] [Times: user=0.01 sys=0.00, real=0.00 secs] 
2020-10-29T13:18:39.183+0000: [GC (Allocation Failure) 2020-10-29T13:18:39.183+0000: [ParNew: 16388K->4K(18432K), 0.0029719 secs] 536451K->520067K(896640K), 0.0030284 secs] [Times: user=0.00 sys=0.00, real=0.01 secs] 
2020-10-29T13:18:39.201+0000: [GC (Allocation Failure) 2020-10-29T13:18:39.201+0000: [ParNew: 16388K->4K(18432K), 0.0028960 secs] 536451K->520067K(896640K), 0.0029481 secs] [Times: user=0.01 sys=0.00, real=0.00 secs] 
2020-10-29T13:18:39.219+0000: [GC (Allocation Failure) 2020-10-29T13:18:39.219+0000: [ParNew: 16388K->4K(18432K), 0.0029583 secs] 536451K->520067K(896640K), 0.0030211 secs] [Times: user=0.01 sys=0.00, real=0.00 secs] 
2020-10-29T13:18:39.237+0000: [GC (Allocation Failure) 2020-10-29T13:18:39.237+0000: [ParNew: 16388K->4K(18432K), 0.0028219 secs] 536451K->520067K(896640K), 0.0028712 secs] [Times: user=0.00 sys=0.00, real=0.00 secs] 
2020-10-29T13:18:39.255+0000: [GC (Allocation Failure) 2020-10-29T13:18:39.255+0000: [ParNew: 16388K->4K(18432K), 0.0028852 secs] 536451K->520067K(896640K), 0.0029359 secs] [Times: user=0.01 sys=0.00, real=0.00 secs] 
2020-10-29T13:18:39.276+0000: [GC (Allocation Failure) 2020-10-29T13:18:39.277+0000: [ParNew: 16388K->4K(18432K), 0.0028697 secs] 536451K->520067K(896640K), 0.0029202 secs] [Times: user=0.00 sys=0.00, real=0.00 secs] 
2020-10-29T13:18:39.296+0000: [GC (Allocation Failure) 2020-10-29T13:18:39.297+0000: [ParNew: 16388K->4K(18432K), 0.0028642 secs] 536451K->520067K(896640K), 0.0029156 secs] [Times: user=0.01 sys=0.00, real=0.00 secs] 
2020-10-29T13:18:39.316+0000: [GC (Allocation Failure) 2020-10-29T13:18:39.317+0000: [ParNew: 16388K->4K(18432K), 0.0029071 secs] 536451K->520067K(896640K), 0.0029574 secs] [Times: user=0.01 sys=0.00, real=0.00 secs] 
2020-10-29T13:18:39.335+0000: [GC (Allocation Failure) 2020-10-29T13:18:39.335+0000: [ParNew: 16388K->4K(18432K), 0.0028919 secs] 536451K->520067K(896640K), 0.0029519 secs] [Times: user=0.00 sys=0.00, real=0.00 secs] 
2020-10-29T13:18:39.353+0000: [GC (Allocation Failure) 2020-10-29T13:18:39.353+0000: [ParNew: 16388K->4K(18432K), 0.0029481 secs] 536451K->520067K(896640K), 0.0030085 secs] [Times: user=0.00 sys=0.00, real=0.00 secs] 
2020-10-29T13:18:39.371+0000: [GC (Allocation Failure) 2020-10-29T13:18:39.371+0000: [ParNew: 16388K->4K(18432K), 0.0029689 secs] 536451K->520068K(896640K), 0.0030219 secs] [Times: user=0.00 sys=0.00, real=0.01 secs] 
2020-10-29T13:18:39.390+0000: [GC (Allocation Failure) 2020-10-29T13:18:39.390+0000: [ParNew: 16388K->4K(18432K), 0.0029852 secs] 536452K->520068K(896640K), 0.0030378 secs] [Times: user=0.01 sys=0.00, real=0.01 secs] 
2020-10-29T13:18:39.408+0000: [GC (Allocation Failure) 2020-10-29T13:18:39.409+0000: [ParNew: 16388K->4K(18432K), 0.0029613 secs] 536452K->520068K(896640K), 0.0030194 secs] [Times: user=0.01 sys=0.00, real=0.00 secs] 
2020-10-29T13:18:39.427+0000: [GC (Allocation Failure) 2020-10-29T13:18:39.427+0000: [ParNew: 16388K->4K(18432K), 0.0030681 secs] 536452K->520068K(896640K), 0.0031264 secs] [Times: user=0.01 sys=0.00, real=0.00 secs] 
2020-10-29T13:18:39.445+0000: [GC (Allocation Failure) 2020-10-29T13:18:39.445+0000: [ParNew: 16388K->4K(18432K), 0.0029513 secs] 536452K->520068K(896640K), 0.0030124 secs] [Times: user=0.01 sys=0.00, real=0.00 secs] 
2020-10-29T13:18:39.464+0000: [GC (Allocation Failure) 2020-10-29T13:18:39.464+0000: [ParNew: 16388K->4K(18432K), 0.0029762 secs] 536452K->520068K(896640K), 0.0030340 secs] [Times: user=0.01 sys=0.00, real=0.01 secs] 
2020-10-29T13:18:39.482+0000: [GC (Allocation Failure) 2020-10-29T13:18:39.482+0000: [ParNew: 16388K->4K(18432K), 0.0029889 secs] 536452K->520068K(896640K), 0.0030460 secs] [Times: user=0.01 sys=0.00, real=0.01 secs] 
2020-10-29T13:18:39.500+0000: [GC (Allocation Failure) 2020-10-29T13:18:39.500+0000: [ParNew: 16388K->4K(18432K), 0.0030244 secs] 536452K->520068K(896640K), 0.0030786 secs] [Times: user=0.01 sys=0.00, real=0.00 secs] 
2020-10-29T13:18:39.518+0000: [GC (Allocation Failure) 2020-10-29T13:18:39.518+0000: [ParNew: 16388K->4K(18432K), 0.0029769 secs] 536452K->520068K(896640K), 0.0030326 secs] [Times: user=0.00 sys=0.00, real=0.00 secs] 
2020-10-29T13:18:39.537+0000: [GC (Allocation Failure) 2020-10-29T13:18:39.537+0000: [ParNew: 16388K->4K(18432K), 0.0029313 secs] 536452K->520068K(896640K), 0.0029912 secs] [Times: user=0.00 sys=0.00, real=0.00 secs] 
2020-10-29T13:18:39.556+0000: [GC (Allocation Failure) 2020-10-29T13:18:39.557+0000: [ParNew: 16388K->4K(18432K), 0.0030002 secs] 536452K->520068K(896640K), 0.0030536 secs] [Times: user=0.01 sys=0.00, real=0.00 secs] 
2020-10-29T13:18:39.579+0000: [GC (Allocation Failure) 2020-10-29T13:18:39.579+0000: [ParNew: 16388K->4K(18432K), 0.0030046 secs] 536452K->520068K(896640K), 0.0030659 secs] [Times: user=0.01 sys=0.00, real=0.00 secs] 
2020-10-29T13:18:39.597+0000: [GC (Allocation Failure) 2020-10-29T13:18:39.597+0000: [ParNew: 16388K->4K(18432K), 0.0029341 secs] 536452K->520068K(896640K), 0.0029875 secs] [Times: user=0.01 sys=0.00, real=0.00 secs] 
2020-10-29T13:18:39.615+0000: [GC (Allocation Failure) 2020-10-29T13:18:39.615+0000: [ParNew: 16388K->4K(18432K), 0.0029617 secs] 536452K->520068K(896640K), 0.0030157 secs] [Times: user=0.00 sys=0.00, real=0.00 secs] 
2020-10-29T13:18:39.634+0000: [GC (Allocation Failure) 2020-10-29T13:18:39.634+0000: [ParNew: 16388K->4K(18432K), 0.0029739 secs] 536452K->520068K(896640K), 0.0030290 secs] [Times: user=0.01 sys=0.00, real=0.00 secs] 
2020-10-29T13:18:39.652+0000: [GC (Allocation Failure) 2020-10-29T13:18:39.652+0000: [ParNew: 16388K->4K(18432K), 0.0029438 secs] 536452K->520068K(896640K), 0.0030017 secs] [Times: user=0.00 sys=0.00, real=0.01 secs] 
2020-10-29T13:18:39.672+0000: [GC (Allocation Failure) 2020-10-29T13:18:39.673+0000: [ParNew: 16388K->4K(18432K), 0.0029718 secs] 536452K->520068K(896640K), 0.0030284 secs] [Times: user=0.01 sys=0.00, real=0.00 secs] 
2020-10-29T13:18:39.691+0000: [GC (Allocation Failure) 2020-10-29T13:18:39.691+0000: [ParNew: 16388K->4K(18432K), 0.0030074 secs] 536452K->520068K(896640K), 0.0030668 secs] [Times: user=0.01 sys=0.00, real=0.01 secs] 
2020-10-29T13:18:39.712+0000: [GC (Allocation Failure) 2020-10-29T13:18:39.713+0000: [ParNew: 16388K->4K(18432K), 0.0029146 secs] 536452K->520068K(896640K), 0.0029692 secs] [Times: user=0.00 sys=0.00, real=0.00 secs] 
2020-10-29T13:18:39.731+0000: [GC (Allocation Failure) 2020-10-29T13:18:39.731+0000: [ParNew: 16305K->4K(18432K), 0.0030273 secs] 536369K->520068K(896640K), 0.0030844 secs] [Times: user=0.01 sys=0.00, real=0.01 secs] 
2020-10-29T13:18:39.752+0000: [GC (Allocation Failure) 2020-10-29T13:18:39.753+0000: [ParNew: 16388K->4K(18432K), 0.0029924 secs] 536452K->520068K(896640K), 0.0030468 secs] [Times: user=0.00 sys=0.00, real=0.00 secs] 
2020-10-29T13:18:39.771+0000: [GC (Allocation Failure) 2020-10-29T13:18:39.771+0000: [ParNew: 16388K->4K(18432K), 0.0028972 secs] 536452K->520068K(896640K), 0.0029484 secs] [Times: user=0.01 sys=0.00, real=0.01 secs] 
2020-10-29T13:18:39.789+0000: [GC (Allocation Failure) 2020-10-29T13:18:39.789+0000: [ParNew: 16388K->4K(18432K), 0.0030219 secs] 536452K->520068K(896640K), 0.0030911 secs] [Times: user=0.00 sys=0.00, real=0.01 secs] 
2020-10-29T13:18:39.808+0000: [GC (Allocation Failure) 2020-10-29T13:18:39.809+0000: [ParNew: 16388K->4K(18432K), 0.0029474 secs] 536452K->520068K(896640K), 0.0030056 secs] [Times: user=0.01 sys=0.01, real=0.00 secs] 
2020-10-29T13:18:39.829+0000: [GC (Allocation Failure) 2020-10-29T13:18:39.829+0000: [ParNew: 16388K->4K(18432K), 0.0029770 secs] 536452K->520068K(896640K), 0.0030340 secs] [Times: user=0.00 sys=0.00, real=0.00 secs] 
2020-10-29T13:18:39.847+0000: [GC (Allocation Failure) 2020-10-29T13:18:39.847+0000: [ParNew: 16388K->4K(18432K), 0.0030027 secs] 536452K->520068K(896640K), 0.0030563 secs] [Times: user=0.01 sys=0.00, real=0.00 secs] 
2020-10-29T13:18:39.865+0000: [GC (Allocation Failure) 2020-10-29T13:18:39.865+0000: [ParNew: 16388K->4K(18432K), 0.0028710 secs] 536452K->520068K(896640K), 0.0029222 secs] [Times: user=0.00 sys=0.00, real=0.00 secs] 
2020-10-29T13:18:39.884+0000: [GC (Allocation Failure) 2020-10-29T13:18:39.884+0000: [ParNew: 16388K->4K(18432K), 0.0028442 secs] 536452K->520068K(896640K), 0.0028944 secs] [Times: user=0.01 sys=0.00, real=0.00 secs] 
2020-10-29T13:18:39.904+0000: [GC (Allocation Failure) 2020-10-29T13:18:39.905+0000: [ParNew: 16388K->4K(18432K), 0.0027780 secs] 536452K->520068K(896640K), 0.0028277 secs] [Times: user=0.01 sys=0.00, real=0.00 secs] 
2020-10-29T13:18:39.924+0000: [GC (Allocation Failure) 2020-10-29T13:18:39.925+0000: [ParNew: 16388K->4K(18432K), 0.0028554 secs] 536452K->520068K(896640K), 0.0029060 secs] [Times: user=0.01 sys=0.00, real=0.00 secs] 
2020-10-29T13:18:39.944+0000: [GC (Allocation Failure) 2020-10-29T13:18:39.945+0000: [ParNew: 16388K->4K(18432K), 0.0029629 secs] 536452K->520068K(896640K), 0.0030191 secs] [Times: user=0.01 sys=0.00, real=0.00 secs] 
2020-10-29T13:18:39.965+0000: [GC (Allocation Failure) 2020-10-29T13:18:39.965+0000: [ParNew: 16388K->4K(18432K), 0.0031068 secs] 536452K->520068K(896640K), 0.0031758 secs] [Times: user=0.00 sys=0.00, real=0.00 secs] 
2020-10-29T13:18:39.983+0000: [GC (Allocation Failure) 2020-10-29T13:18:39.983+0000: [ParNew: 16388K->4K(18432K), 0.0029778 secs] 536452K->520068K(896640K), 0.0030342 secs] [Times: user=0.00 sys=0.00, real=0.01 secs] 
2020-10-29T13:18:40.004+0000: [GC (Allocation Failure) 2020-10-29T13:18:40.005+0000: [ParNew: 16388K->4K(18432K), 0.0029522 secs] 536452K->520068K(896640K), 0.0030077 secs] [Times: user=0.00 sys=0.00, real=0.00 secs] 
2020-10-29T13:18:40.023+0000: [GC (Allocation Failure) 2020-10-29T13:18:40.023+0000: [ParNew: 16388K->4K(18432K), 0.0029175 secs] 536452K->520068K(896640K), 0.0029918 secs] [Times: user=0.01 sys=0.00, real=0.01 secs] 
2020-10-29T13:18:40.044+0000: [GC (Allocation Failure) 2020-10-29T13:18:40.044+0000: [ParNew: 16382K->4K(18432K), 0.0029059 secs] 536446K->520068K(896640K), 0.0029579 secs] [Times: user=0.01 sys=0.00, real=0.00 secs] 
2020-10-29T13:18:40.064+0000: [GC (Allocation Failure) 2020-10-29T13:18:40.065+0000: [ParNew: 16388K->4K(18432K), 0.0029309 secs] 536452K->520068K(896640K), 0.0029835 secs] [Times: user=0.00 sys=0.00, real=0.00 secs] 
2020-10-29T13:18:40.083+0000: [GC (Allocation Failure) 2020-10-29T13:18:40.083+0000: [ParNew: 16388K->4K(18432K), 0.0029410 secs] 536452K->520068K(896640K), 0.0029943 secs] [Times: user=0.01 sys=0.00, real=0.01 secs] 
2020-10-29T13:18:40.101+0000: [GC (Allocation Failure) 2020-10-29T13:18:40.101+0000: [ParNew: 16388K->4K(18432K), 0.0029191 secs] 536452K->520068K(896640K), 0.0029713 secs] [Times: user=0.01 sys=0.00, real=0.00 secs] 
2020-10-29T13:18:40.120+0000: [GC (Allocation Failure) 2020-10-29T13:18:40.121+0000: [ParNew: 16388K->4K(18432K), 0.0029387 secs] 536452K->520068K(896640K), 0.0029938 secs] [Times: user=0.00 sys=0.00, real=0.00 secs] 
2020-10-29T13:18:40.139+0000: [GC (Allocation Failure) 2020-10-29T13:18:40.139+0000: [ParNew: 16388K->4K(18432K), 0.0029587 secs] 536452K->520068K(896640K), 0.0030214 secs] [Times: user=0.01 sys=0.00, real=0.00 secs] 
2020-10-29T13:18:40.160+0000: [GC (Allocation Failure) 2020-10-29T13:18:40.161+0000: [ParNew: 16388K->4K(18432K), 0.0030151 secs] 536452K->520068K(896640K), 0.0030790 secs] [Times: user=0.00 sys=0.00, real=0.00 secs] 
2020-10-29T13:18:40.179+0000: [GC (Allocation Failure) 2020-10-29T13:18:40.179+0000: [ParNew: 16388K->4K(18432K), 0.0029761 secs] 536452K->520068K(896640K), 0.0030342 secs] [Times: user=0.01 sys=0.00, real=0.00 secs] 
2020-10-29T13:18:40.201+0000: [GC (Allocation Failure) 2020-10-29T13:18:40.201+0000: [ParNew: 16388K->4K(18432K), 0.0029803 secs] 536452K->520068K(896640K), 0.0030373 secs] [Times: user=0.01 sys=0.00, real=0.00 secs] 
2020-10-29T13:18:40.219+0000: [GC (Allocation Failure) 2020-10-29T13:18:40.219+0000: [ParNew: 16388K->4K(18432K), 0.0029712 secs] 536452K->520068K(896640K), 0.0030262 secs] [Times: user=0.00 sys=0.00, real=0.00 secs] 
2020-10-29T13:18:40.237+0000: [GC (Allocation Failure) 2020-10-29T13:18:40.237+0000: [ParNew: 16388K->4K(18432K), 0.0029395 secs] 536452K->520068K(896640K), 0.0029958 secs] [Times: user=0.01 sys=0.00, real=0.00 secs] 
2020-10-29T13:18:40.255+0000: [GC (Allocation Failure) 2020-10-29T13:18:40.255+0000: [ParNew: 16388K->4K(18432K), 0.0029546 secs] 536452K->520068K(896640K), 0.0030166 secs] [Times: user=0.00 sys=0.00, real=0.00 secs] 
2020-10-29T13:18:40.276+0000: [GC (Allocation Failure) 2020-10-29T13:18:40.277+0000: [ParNew: 16388K->4K(18432K), 0.0029751 secs] 536452K->520068K(896640K), 0.0030350 secs] [Times: user=0.00 sys=0.00, real=0.00 secs] 
2020-10-29T13:18:40.296+0000: [GC (Allocation Failure) 2020-10-29T13:18:40.297+0000: [ParNew: 16388K->4K(18432K), 0.0029639 secs] 536452K->520068K(896640K), 0.0030205 secs] [Times: user=0.01 sys=0.00, real=0.00 secs] 
2020-10-29T13:18:40.316+0000: [GC (Allocation Failure) 2020-10-29T13:18:40.317+0000: [ParNew: 16388K->4K(18432K), 0.0029453 secs] 536452K->520068K(896640K), 0.0030006 secs] [Times: user=0.01 sys=0.00, real=0.00 secs] 
2020-10-29T13:18:40.336+0000: [GC (Allocation Failure) 2020-10-29T13:18:40.337+0000: [ParNew: 16388K->4K(18432K), 0.0029717 secs] 536452K->520068K(896640K), 0.0030272 secs] [Times: user=0.01 sys=0.00, real=0.00 secs] 
2020-10-29T13:18:40.356+0000: [GC (Allocation Failure) 2020-10-29T13:18:40.357+0000: [ParNew: 16388K->4K(18432K), 0.0029706 secs] 536452K->520068K(896640K), 0.0030279 secs] [Times: user=0.01 sys=0.00, real=0.00 secs] 
2020-10-29T13:18:40.375+0000: [GC (Allocation Failure) 2020-10-29T13:18:40.375+0000: [ParNew: 16388K->4K(18432K), 0.0029927 secs] 536452K->520068K(896640K), 0.0030488 secs] [Times: user=0.01 sys=0.00, real=0.00 secs] 
2020-10-29T13:18:40.393+0000: [GC (Allocation Failure) 2020-10-29T13:18:40.393+0000: [ParNew: 16388K->4K(18432K), 0.0029851 secs] 536452K->520068K(896640K), 0.0030401 secs] [Times: user=0.00 sys=0.00, real=0.00 secs] 
2020-10-29T13:18:40.411+0000: [GC (Allocation Failure) 2020-10-29T13:18:40.411+0000: [ParNew: 16388K->4K(18432K), 0.0030280 secs] 536452K->520068K(896640K), 0.0030786 secs] [Times: user=0.00 sys=0.00, real=0.01 secs] 
2020-10-29T13:18:40.430+0000: [GC (Allocation Failure) 2020-10-29T13:18:40.430+0000: [ParNew: 16388K->4K(18432K), 0.0029676 secs] 536452K->520068K(896640K), 0.0030246 secs] [Times: user=0.01 sys=0.00, real=0.01 secs] 
2020-10-29T13:18:40.448+0000: [GC (Allocation Failure) 2020-10-29T13:18:40.448+0000: [ParNew: 16388K->4K(18432K), 0.0029848 secs] 536452K->520068K(896640K), 0.0030423 secs] [Times: user=0.00 sys=0.00, real=0.00 secs] 
2020-10-29T13:18:40.466+0000: [GC (Allocation Failure) 2020-10-29T13:18:40.466+0000: [ParNew: 16388K->4K(18432K), 0.0029672 secs] 536452K->520068K(896640K), 0.0030223 secs] [Times: user=0.01 sys=0.00, real=0.00 secs] 
2020-10-29T13:18:40.489+0000: [GC (Allocation Failure) 2020-10-29T13:18:40.489+0000: [ParNew: 16388K->4K(18432K), 0.0029920 secs] 536452K->520068K(896640K), 0.0030495 secs] [Times: user=0.01 sys=0.00, real=0.00 secs] 
2020-10-29T13:18:40.507+0000: [GC (Allocation Failure) 2020-10-29T13:18:40.507+0000: [ParNew: 16388K->4K(18432K), 0.0029657 secs] 536452K->520068K(896640K), 0.0030229 secs] [Times: user=0.01 sys=0.00, real=0.00 secs] 
2020-10-29T13:18:40.525+0000: [GC (Allocation Failure) 2020-10-29T13:18:40.525+0000: [ParNew: 16388K->4K(18432K), 0.0029969 secs] 536452K->520068K(896640K), 0.0030532 secs] [Times: user=0.01 sys=0.00, real=0.00 secs] 
2020-10-29T13:18:40.544+0000: [GC (Allocation Failure) 2020-10-29T13:18:40.544+0000: [ParNew: 16388K->4K(18432K), 0.0029618 secs] 536452K->520068K(896640K), 0.0030146 secs] [Times: user=0.00 sys=0.00, real=0.01 secs] 
2020-10-29T13:18:40.562+0000: [GC (Allocation Failure) 2020-10-29T13:18:40.562+0000: [ParNew: 16388K->4K(18432K), 0.0030577 secs] 536452K->520068K(896640K), 0.0031130 secs] [Times: user=0.00 sys=0.00, real=0.01 secs] 
2020-10-29T13:18:40.580+0000: [GC (Allocation Failure) 2020-10-29T13:18:40.580+0000: [ParNew: 16388K->4K(18432K), 0.0028954 secs] 536452K->520068K(896640K), 0.0029479 secs] [Times: user=0.00 sys=0.00, real=0.00 secs] 
2020-10-29T13:18:40.598+0000: [GC (Allocation Failure) 2020-10-29T13:18:40.599+0000: [ParNew: 16388K->4K(18432K), 0.0028837 secs] 536452K->520068K(896640K), 0.0029362 secs] [Times: user=0.01 sys=0.00, real=0.00 secs] 
2020-10-29T13:18:40.621+0000: [GC (Allocation Failure) 2020-10-29T13:18:40.621+0000: [ParNew: 16388K->4K(18432K), 0.0029618 secs] 536452K->520068K(896640K), 0.0030169 secs] [Times: user=0.01 sys=0.00, real=0.00 secs] 
2020-10-29T13:18:40.639+0000: [GC (Allocation Failure) 2020-10-29T13:18:40.639+0000: [ParNew: 16388K->4K(18432K), 0.0029248 secs] 536452K->520068K(896640K), 0.0029790 secs] [Times: user=0.00 sys=0.00, real=0.00 secs] 
2020-10-29T13:18:40.657+0000: [GC (Allocation Failure) 2020-10-29T13:18:40.657+0000: [ParNew: 16388K->4K(18432K), 0.0029910 secs] 536452K->520068K(896640K), 0.0030490 secs] [Times: user=0.01 sys=0.00, real=0.00 secs] 
2020-10-29T13:18:40.675+0000: [GC (Allocation Failure) 2020-10-29T13:18:40.675+0000: [ParNew: 16388K->4K(18432K), 0.0030167 secs] 536452K->520068K(896640K), 0.0030731 secs] [Times: user=0.00 sys=0.00, real=0.00 secs] 
2020-10-29T13:18:40.696+0000: [GC (Allocation Failure) 2020-10-29T13:18:40.697+0000: [ParNew: 16388K->4K(18432K), 0.0029753 secs] 536452K->520068K(896640K), 0.0030321 secs] [Times: user=0.01 sys=0.00, real=0.00 secs] 
2020-10-29T13:18:40.715+0000: [GC (Allocation Failure) 2020-10-29T13:18:40.715+0000: [ParNew: 16388K->4K(18432K), 0.0030441 secs] 536452K->520068K(896640K), 0.0031074 secs] [Times: user=0.00 sys=0.00, real=0.00 secs] 
2020-10-29T13:18:40.734+0000: [GC (Allocation Failure) 2020-10-29T13:18:40.734+0000: [ParNew: 16388K->4K(18432K), 0.0030890 secs] 536452K->520068K(896640K), 0.0031472 secs] [Times: user=0.00 sys=0.00, real=0.00 secs] 
2020-10-29T13:18:40.755+0000: [GC (Allocation Failure) 2020-10-29T13:18:40.755+0000: [ParNew: 16388K->4K(18432K), 0.0029529 secs] 536452K->520068K(896640K), 0.0030076 secs] [Times: user=0.00 sys=0.00, real=0.00 secs] 
2020-10-29T13:18:40.777+0000: [GC (Allocation Failure) 2020-10-29T13:18:40.777+0000: [ParNew: 16388K->4K(18432K), 0.0030325 secs] 536452K->520068K(896640K), 0.0030887 secs] [Times: user=0.00 sys=0.00, real=0.00 secs] 
2020-10-29T13:18:40.795+0000: [GC (Allocation Failure) 2020-10-29T13:18:40.795+0000: [ParNew: 16388K->4K(18432K), 0.0028976 secs] 536452K->520068K(896640K), 0.0029491 secs] [Times: user=0.00 sys=0.00, real=0.00 secs] 
2020-10-29T13:18:40.813+0000: [GC (Allocation Failure) 2020-10-29T13:18:40.813+0000: [ParNew: 16388K->4K(18432K), 0.0030251 secs] 536452K->520068K(896640K), 0.0030777 secs] [Times: user=0.00 sys=0.00, real=0.00 secs] 
2020-10-29T13:18:40.831+0000: [GC (Allocation Failure) 2020-10-29T13:18:40.831+0000: [ParNew: 16388K->4K(18432K), 0.0029511 secs] 536452K->520068K(896640K), 0.0030060 secs] [Times: user=0.01 sys=0.00, real=0.01 secs] 
2020-10-29T13:18:40.854+0000: [GC (Allocation Failure) 2020-10-29T13:18:40.854+0000: [ParNew: 16388K->4K(18432K), 0.0029314 secs] 536452K->520068K(896640K), 0.0029866 secs] [Times: user=0.01 sys=0.00, real=0.00 secs] 
2020-10-29T13:18:40.872+0000: [GC (Allocation Failure) 2020-10-29T13:18:40.872+0000: [ParNew: 16388K->4K(18432K), 0.0029807 secs] 536452K->520068K(896640K), 0.0030379 secs] [Times: user=0.01 sys=0.00, real=0.01 secs] 
2020-10-29T13:18:40.892+0000: [GC (Allocation Failure) 2020-10-29T13:18:40.893+0000: [ParNew: 16388K->4K(18432K), 0.0030144 secs] 536452K->520068K(896640K), 0.0030926 secs] [Times: user=0.01 sys=0.00, real=0.00 secs] 
2020-10-29T13:18:40.911+0000: [GC (Allocation Failure) 2020-10-29T13:18:40.911+0000: [ParNew: 16388K->4K(18432K), 0.0030135 secs] 536452K->520068K(896640K), 0.0030699 secs] [Times: user=0.00 sys=0.00, real=0.01 secs] 
2020-10-29T13:18:40.929+0000: [GC (Allocation Failure) 2020-10-29T13:18:40.929+0000: [ParNew: 16388K->4K(18432K), 0.0029583 secs] 536452K->520068K(896640K), 0.0030152 secs] [Times: user=0.01 sys=0.01, real=0.01 secs] 
2020-10-29T13:18:40.948+0000: [GC (Allocation Failure) 2020-10-29T13:18:40.949+0000: [ParNew: 16388K->4K(18432K), 0.0029472 secs] 536452K->520068K(896640K), 0.0030009 secs] [Times: user=0.00 sys=0.00, real=0.00 secs] 
2020-10-29T13:18:40.968+0000: [GC (Allocation Failure) 2020-10-29T13:18:40.969+0000: [ParNew: 16388K->4K(18432K), 0.0029649 secs] 536452K->520068K(896640K), 0.0030239 secs] [Times: user=0.01 sys=0.00, real=0.00 secs] 
2020-10-29T13:18:40.988+0000: [GC (Allocation Failure) 2020-10-29T13:18:40.989+0000: [ParNew: 16388K->4K(18432K), 0.0029462 secs] 536452K->520068K(896640K), 0.0030016 secs] [Times: user=0.01 sys=0.00, real=0.00 secs] 
2020-10-29T13:18:41.007+0000: [GC (Allocation Failure) 2020-10-29T13:18:41.007+0000: [ParNew: 16388K->4K(18432K), 0.0029331 secs] 536452K->520068K(896640K), 0.0029875 secs] [Times: user=0.00 sys=0.00, real=0.00 secs] 
2020-10-29T13:18:41.028+0000: [GC (Allocation Failure) 2020-10-29T13:18:41.029+0000: [ParNew: 16388K->4K(18432K), 0.0029212 secs] 536452K->520068K(896640K), 0.0029767 secs] [Times: user=0.01 sys=0.00, real=0.00 secs] 
2020-10-29T13:18:41.047+0000: [GC (Allocation Failure) 2020-10-29T13:18:41.047+0000: [ParNew: 16388K->4K(18432K), 0.0029687 secs] 536452K->520068K(896640K), 0.0030259 secs] [Times: user=0.01 sys=0.00, real=0.00 secs] 
2020-10-29T13:18:41.068+0000: [GC (Allocation Failure) 2020-10-29T13:18:41.069+0000: [ParNew: 16388K->4K(18432K), 0.0029572 secs] 536452K->520068K(896640K), 0.0030119 secs] [Times: user=0.01 sys=0.00, real=0.00 secs] 
2020-10-29T13:18:41.087+0000: [GC (Allocation Failure) 2020-10-29T13:18:41.087+0000: [ParNew: 16388K->4K(18432K), 0.0029915 secs] 536452K->520068K(896640K), 0.0030512 secs] [Times: user=0.00 sys=0.00, real=0.00 secs] 
2020-10-29T13:18:41.112+0000: [GC (Allocation Failure) 2020-10-29T13:18:41.113+0000: [ParNew: 16388K->4K(18432K), 0.0029646 secs] 536452K->520068K(896640K), 0.0030218 secs] [Times: user=0.01 sys=0.00, real=0.00 secs] 
2020-10-29T13:18:41.132+0000: [GC (Allocation Failure) 2020-10-29T13:18:41.133+0000: [ParNew: 16388K->4K(18432K), 0.0029462 secs] 536452K->520068K(896640K), 0.0030007 secs] [Times: user=0.00 sys=0.00, real=0.00 secs] 
2020-10-29T13:18:41.152+0000: [GC (Allocation Failure) 2020-10-29T13:18:41.153+0000: [ParNew: 16388K->4K(18432K), 0.0029640 secs] 536452K->520068K(896640K), 0.0030191 secs] [Times: user=0.01 sys=0.00, real=0.00 secs] 
2020-10-29T13:18:41.171+0000: [GC (Allocation Failure) 2020-10-29T13:18:41.171+0000: [ParNew: 16388K->4K(18432K), 0.0029740 secs] 536452K->520068K(896640K), 0.0030265 secs] [Times: user=0.01 sys=0.00, real=0.01 secs] 
2020-10-29T13:18:41.192+0000: [GC (Allocation Failure) 2020-10-29T13:18:41.193+0000: [ParNew: 16388K->4K(18432K), 0.0030138 secs] 536452K->520068K(896640K), 0.0030700 secs] [Times: user=0.01 sys=0.00, real=0.00 secs] 
2020-10-29T13:18:41.211+0000: [GC (Allocation Failure) 2020-10-29T13:18:41.211+0000: [ParNew: 16388K->4K(18432K), 0.0029339 secs] 536452K->520068K(896640K), 0.0029863 secs] [Times: user=0.00 sys=0.00, real=0.01 secs] 
2020-10-29T13:18:41.229+0000: [GC (Allocation Failure) 2020-10-29T13:18:41.229+0000: [ParNew: 16388K->4K(18432K), 0.0028895 secs] 536452K->520068K(896640K), 0.0029431 secs] [Times: user=0.01 sys=0.00, real=0.00 secs] 
2020-10-29T13:18:41.251+0000: [GC (Allocation Failure) 2020-10-29T13:18:41.251+0000: [ParNew: 16388K->4K(18432K), 0.0029758 secs] 536452K->520068K(896640K), 0.0030289 secs] [Times: user=0.01 sys=0.00, real=0.01 secs] 
2020-10-29T13:18:41.270+0000: [GC (Allocation Failure) 2020-10-29T13:18:41.270+0000: [ParNew: 16388K->4K(18432K), 0.0029240 secs] 536452K->520068K(896640K), 0.0029842 secs] [Times: user=0.01 sys=0.00, real=0.01 secs] 
2020-10-29T13:18:41.288+0000: [GC (Allocation Failure) 2020-10-29T13:18:41.289+0000: [ParNew: 16388K->4K(18432K), 0.0029369 secs] 536452K->520068K(896640K), 0.0029903 secs] [Times: user=0.00 sys=0.00, real=0.00 secs] 
2020-10-29T13:18:41.308+0000: [GC (Allocation Failure) 2020-10-29T13:18:41.309+0000: [ParNew: 16388K->4K(18432K), 0.0029288 secs] 536452K->520068K(896640K), 0.0029816 secs] [Times: user=0.00 sys=0.00, real=0.00 secs] 
2020-10-29T13:18:41.327+0000: [GC (Allocation Failure) 2020-10-29T13:18:41.327+0000: [ParNew: 16388K->4K(18432K), 0.0029794 secs] 536452K->520068K(896640K), 0.0030368 secs] [Times: user=0.01 sys=0.00, real=0.00 secs] 
2020-10-29T13:18:41.345+0000: [GC (Allocation Failure) 2020-10-29T13:18:41.345+0000: [ParNew: 16388K->4K(18432K), 0.0029237 secs] 536452K->520068K(896640K), 0.0029761 secs] [Times: user=0.00 sys=0.00, real=0.00 secs] 
2020-10-29T13:18:41.364+0000: [GC (Allocation Failure) 2020-10-29T13:18:41.364+0000: [ParNew: 16388K->4K(18432K), 0.0028840 secs] 536452K->520068K(896640K), 0.0029422 secs] [Times: user=0.01 sys=0.00, real=0.01 secs] 
2020-10-29T13:18:41.384+0000: [GC (Allocation Failure) 2020-10-29T13:18:41.385+0000: [ParNew: 16388K->4K(18432K), 0.0028129 secs] 536452K->520068K(896640K), 0.0028620 secs] [Times: user=0.00 sys=0.00, real=0.00 secs] 
2020-10-29T13:18:41.403+0000: [GC (Allocation Failure) 2020-10-29T13:18:41.403+0000: [ParNew: 16388K->4K(18432K), 0.0028927 secs] 536452K->520068K(896640K), 0.0029459 secs] [Times: user=0.01 sys=0.00, real=0.01 secs] 
2020-10-29T13:18:41.421+0000: [GC (Allocation Failure) 2020-10-29T13:18:41.421+0000: [ParNew: 16388K->4K(18432K), 0.0029273 secs] 536452K->520068K(896640K), 0.0029794 secs] [Times: user=0.01 sys=0.00, real=0.00 secs] 
2020-10-29T13:18:41.439+0000: [GC (Allocation Failure) 2020-10-29T13:18:41.439+0000: [ParNew: 16388K->4K(18432K), 0.0028490 secs] 536452K->520068K(896640K), 0.0028989 secs] [Times: user=0.01 sys=0.00, real=0.00 secs] 
2020-10-29T13:18:41.457+0000: [GC (Allocation Failure) 2020-10-29T13:18:41.457+0000: [ParNew: 16388K->4K(18432K), 0.0028784 secs] 536452K->520068K(896640K), 0.0029306 secs] [Times: user=0.00 sys=0.00, real=0.00 secs] 
2020-10-29T13:18:41.476+0000: [GC (Allocation Failure) 2020-10-29T13:18:41.477+0000: [ParNew: 16388K->4K(18432K), 0.0028664 secs] 536452K->520068K(896640K), 0.0029175 secs] [Times: user=0.00 sys=0.00, real=0.00 secs] 
2020-10-29T13:18:41.495+0000: [GC (Allocation Failure) 2020-10-29T13:18:41.495+0000: [ParNew: 16388K->4K(18432K), 0.0029284 secs] 536452K->520068K(896640K), 0.0029800 secs] [Times: user=0.01 sys=0.00, real=0.00 secs] 
2020-10-29T13:18:41.513+0000: [GC (Allocation Failure) 2020-10-29T13:18:41.513+0000: [ParNew: 16388K->4K(18432K), 0.0028048 secs] 536452K->520068K(896640K), 0.0028537 secs] [Times: user=0.00 sys=0.00, real=0.00 secs] 
2020-10-29T13:18:41.532+0000: [GC (Allocation Failure) 2020-10-29T13:18:41.533+0000: [ParNew: 16388K->4K(18432K), 0.0027731 secs] 536452K->520068K(896640K), 0.0028210 secs] [Times: user=0.01 sys=0.01, real=0.00 secs] 
2020-10-29T13:18:41.552+0000: [GC (Allocation Failure) 2020-10-29T13:18:41.553+0000: [ParNew: 16388K->4K(18432K), 0.0029235 secs] 536452K->520068K(896640K), 0.0029776 secs] [Times: user=0.01 sys=0.00, real=0.00 secs] 
2020-10-29T13:18:41.571+0000: [GC (Allocation Failure) 2020-10-29T13:18:41.571+0000: [ParNew: 16388K->4K(18432K), 0.0028582 secs] 536452K->520068K(896640K), 0.0029082 secs] [Times: user=0.00 sys=0.00, real=0.01 secs] 
2020-10-29T13:18:41.592+0000: [GC (Allocation Failure) 2020-10-29T13:18:41.593+0000: [ParNew: 16388K->4K(18432K), 0.0028208 secs] 536452K->520068K(896640K), 0.0028728 secs] [Times: user=0.01 sys=0.00, real=0.00 secs] 
2020-10-29T13:18:41.612+0000: [GC (Allocation Failure) 2020-10-29T13:18:41.613+0000: [ParNew: 16388K->4K(18432K), 0.0029318 secs] 536452K->520068K(896640K), 0.0029869 secs] [Times: user=0.00 sys=0.00, real=0.00 secs] 
2020-10-29T13:18:41.631+0000: [GC (Allocation Failure) 2020-10-29T13:18:41.631+0000: [ParNew: 16388K->4K(18432K), 0.0027988 secs] 536452K->520068K(896640K), 0.0028484 secs] [Times: user=0.01 sys=0.00, real=0.01 secs] 
2020-10-29T13:18:41.652+0000: [GC (Allocation Failure) 2020-10-29T13:18:41.653+0000: [ParNew: 16388K->4K(18432K), 0.0028280 secs] 536452K->520068K(896640K), 0.0028777 secs] [Times: user=0.01 sys=0.00, real=0.00 secs] 
2020-10-29T13:18:41.671+0000: [GC (Allocation Failure) 2020-10-29T13:18:41.671+0000: [ParNew: 16388K->4K(18432K), 0.0029741 secs] 536452K->520068K(896640K), 0.0030304 secs] [Times: user=0.00 sys=0.00, real=0.01 secs] 
2020-10-29T13:18:41.692+0000: [GC (Allocation Failure) 2020-10-29T13:18:41.693+0000: [ParNew: 16388K->4K(18432K), 0.0029227 secs] 536452K->520068K(896640K), 0.0029775 secs] [Times: user=0.01 sys=0.00, real=0.00 secs] 
2020-10-29T13:18:41.712+0000: [GC (Allocation Failure) 2020-10-29T13:18:41.713+0000: [ParNew: 16388K->4K(18432K), 0.0028973 secs] 536452K->520068K(896640K), 0.0029505 secs] [Times: user=0.01 sys=0.00, real=0.00 secs] 
2020-10-29T13:18:41.731+0000: [GC (Allocation Failure) 2020-10-29T13:18:41.731+0000: [ParNew: 16388K->4K(18432K), 0.0029951 secs] 536452K->520068K(896640K), 0.0030512 secs] [Times: user=0.00 sys=0.00, real=0.01 secs] 
2020-10-29T13:18:41.749+0000: [GC (Allocation Failure) 2020-10-29T13:18:41.749+0000: [ParNew: 16388K->4K(18432K), 0.0029675 secs] 536452K->520068K(896640K), 0.0030212 secs] [Times: user=0.01 sys=0.00, real=0.00 secs] 
2020-10-29T13:18:41.767+0000: [GC (Allocation Failure) 2020-10-29T13:18:41.767+0000: [ParNew: 16388K->4K(18432K), 0.0028777 secs] 536452K->520068K(896640K), 0.0029269 secs] [Times: user=0.01 sys=0.00, real=0.00 secs] 
2020-10-29T13:18:41.785+0000: [GC (Allocation Failure) 2020-10-29T13:18:41.786+0000: [ParNew: 16388K->4K(18432K), 0.0027581 secs] 536452K->520068K(896640K), 0.0028071 secs] [Times: user=0.00 sys=0.00, real=0.00 secs] 
2020-10-29T13:18:41.803+0000: [GC (Allocation Failure) 2020-10-29T13:18:41.804+0000: [ParNew: 16388K->4K(18432K), 0.0029151 secs] 536452K->520068K(896640K), 0.0029655 secs] [Times: user=0.01 sys=0.00, real=0.01 secs] 
2020-10-29T13:18:41.822+0000: [GC (Allocation Failure) 2020-10-29T13:18:41.822+0000: [ParNew: 16388K->4K(18432K), 0.0030459 secs] 536452K->520068K(896640K), 0.0031036 secs] [Times: user=0.00 sys=0.00, real=0.01 secs] 
2020-10-29T13:18:41.844+0000: [GC (Allocation Failure) 2020-10-29T13:18:41.844+0000: [ParNew: 16388K->4K(18432K), 0.0029488 secs] 536452K->520068K(896640K), 0.0030022 secs] [Times: user=0.00 sys=0.00, real=0.01 secs] 
2020-10-29T13:18:41.864+0000: [GC (Allocation Failure) 2020-10-29T13:18:41.865+0000: [ParNew: 16388K->4K(18432K), 0.0029686 secs] 536452K->520068K(896640K), 0.0030254 secs] [Times: user=0.00 sys=0.00, real=0.00 secs] 
2020-10-29T13:18:41.883+0000: [GC (Allocation Failure) 2020-10-29T13:18:41.883+0000: [ParNew: 16388K->4K(18432K), 0.0029851 secs] 536452K->520068K(896640K), 0.0030409 secs] [Times: user=0.01 sys=0.00, real=0.01 secs] 
2020-10-29T13:18:41.901+0000: [GC (Allocation Failure) 2020-10-29T13:18:41.901+0000: [ParNew: 16388K->4K(18432K), 0.0029748 secs] 536452K->520068K(896640K), 0.0030320 secs] [Times: user=0.00 sys=0.00, real=0.00 secs] 
2020-10-29T13:18:41.919+0000: [GC (Allocation Failure) 2020-10-29T13:18:41.919+0000: [ParNew: 16388K->4K(18432K), 0.0030087 secs] 536452K->520068K(896640K), 0.0030635 secs] [Times: user=0.01 sys=0.00, real=0.00 secs] 
2020-10-29T13:18:41.940+0000: [GC (Allocation Failure) 2020-10-29T13:18:41.941+0000: [ParNew: 16388K->4K(18432K), 0.0028707 secs] 536452K->520068K(896640K), 0.0029220 secs] [Times: user=0.00 sys=0.00, real=0.00 secs] 
2020-10-29T13:18:41.959+0000: [GC (Allocation Failure) 2020-10-29T13:18:41.959+0000: [ParNew: 16388K->4K(18432K), 0.0028831 secs] 536452K->520068K(896640K), 0.0029323 secs] [Times: user=0.01 sys=0.00, real=0.00 secs] 
2020-10-29T13:18:41.977+0000: [GC (Allocation Failure) 2020-10-29T13:18:41.978+0000: [ParNew: 16388K->4K(18432K), 0.0029186 secs] 536452K->520068K(896640K), 0.0029856 secs] [Times: user=0.01 sys=0.00, real=0.00 secs] 
2020-10-29T13:18:41.995+0000: [GC (Allocation Failure) 2020-10-29T13:18:41.996+0000: [ParNew: 16388K->4K(18432K), 0.0028784 secs] 536452K->520068K(896640K), 0.0029271 secs] [Times: user=0.00 sys=0.00, real=0.00 secs] 
2020-10-29T13:18:42.014+0000: [GC (Allocation Failure) 2020-10-29T13:18:42.014+0000: [ParNew: 16388K->4K(18432K), 0.0028868 secs] 536452K->520068K(896640K), 0.0029368 secs] [Times: user=0.01 sys=0.00, real=0.00 secs] 
2020-10-29T13:18:42.032+0000: [GC (Allocation Failure) 2020-10-29T13:18:42.032+0000: [ParNew: 16388K->4K(18432K), 0.0028375 secs] 536452K->520068K(896640K), 0.0028867 secs] [Times: user=0.01 sys=0.00, real=0.01 secs] 
2020-10-29T13:18:42.050+0000: [GC (Allocation Failure) 2020-10-29T13:18:42.050+0000: [ParNew: 16388K->4K(18432K), 0.0029506 secs] 536452K->520068K(896640K), 0.0030156 secs] [Times: user=0.00 sys=0.00, real=0.01 secs] 
2020-10-29T13:18:42.068+0000: [GC (Allocation Failure) 2020-10-29T13:18:42.068+0000: [ParNew: 16388K->4K(18432K), 0.0028661 secs] 536452K->520068K(896640K), 0.0029184 secs] [Times: user=0.01 sys=0.00, real=0.00 secs] 
2020-10-29T13:18:42.086+0000: [GC (Allocation Failure) 2020-10-29T13:18:42.086+0000: [ParNew: 16388K->4K(18432K), 0.0029194 secs] 536452K->520068K(896640K), 0.0029797 secs] [Times: user=0.01 sys=0.00, real=0.00 secs] 
2020-10-29T13:18:42.104+0000: [GC (Allocation Failure) 2020-10-29T13:18:42.104+0000: [ParNew: 16388K->4K(18432K), 0.0029330 secs] 536452K->520068K(896640K), 0.0029990 secs] [Times: user=0.00 sys=0.00, real=0.00 secs] 
2020-10-29T13:18:42.122+0000: [GC (Allocation Failure) 2020-10-29T13:18:42.122+0000: [ParNew: 16388K->4K(18432K), 0.0029745 secs] 536452K->520068K(896640K), 0.0030290 secs] [Times: user=0.01 sys=0.00, real=0.01 secs] 
2020-10-29T13:18:42.144+0000: [GC (Allocation Failure) 2020-10-29T13:18:42.144+0000: [ParNew: 16388K->4K(18432K), 0.0026913 secs] 536452K->520068K(896640K), 0.0027380 secs] [Times: user=0.00 sys=0.00, real=0.01 secs] 
2020-10-29T13:18:42.165+0000: [GC (Allocation Failure) 2020-10-29T13:18:42.165+0000: [ParNew: 16388K->4K(18432K), 0.0029464 secs] 536452K->520068K(896640K), 0.0030029 secs] [Times: user=0.01 sys=0.00, real=0.00 secs] 
2020-10-29T13:18:42.195+0000: [GC (Allocation Failure) 2020-10-29T13:18:42.195+0000: [ParNew: 16388K->4K(18432K), 0.0029466 secs] 536452K->520068K(896640K), 0.0029990 secs] [Times: user=0.01 sys=0.00, real=0.00 secs] 
2020-10-29T13:18:42.227+0000: [GC (Allocation Failure) 2020-10-29T13:18:42.227+0000: [ParNew: 16388K->4K(18432K), 0.0029697 secs] 536452K->520068K(896640K), 0.0030253 secs] [Times: user=0.01 sys=0.00, real=0.00 secs] 
2020-10-29T13:18:42.260+0000: [GC (Allocation Failure) 2020-10-29T13:18:42.261+0000: [ParNew: 16388K->4K(18432K), 0.0028522 secs] 536452K->520068K(896640K), 0.0029036 secs] [Times: user=0.01 sys=0.00, real=0.00 secs] 
2020-10-29T13:18:42.292+0000: [GC (Allocation Failure) 2020-10-29T13:18:42.293+0000: [ParNew: 16388K->4K(18432K), 0.0028904 secs] 536452K->520068K(896640K), 0.0029409 secs] [Times: user=0.01 sys=0.00, real=0.00 secs] 
2020-10-29T13:18:42.324+0000: [GC (Allocation Failure) 2020-10-29T13:18:42.324+0000: [ParNew: 16388K->4K(18432K), 0.0030231 secs] 536452K->520068K(896640K), 0.0030795 secs] [Times: user=0.01 sys=0.00, real=0.01 secs] 
2020-10-29T13:18:42.356+0000: [GC (Allocation Failure) 2020-10-29T13:18:42.356+0000: [ParNew: 16388K->4K(18432K), 0.0030364 secs] 536452K->520068K(896640K), 0.0031132 secs] [Times: user=0.00 sys=0.00, real=0.00 secs] 
2020-10-29T13:18:42.388+0000: [GC (Allocation Failure) 2020-10-29T13:18:42.388+0000: [ParNew: 16388K->4K(18432K), 0.0029953 secs] 536452K->520070K(896640K), 0.0030529 secs] [Times: user=0.00 sys=0.00, real=0.00 secs] 
2020-10-29T13:18:42.419+0000: [GC (Allocation Failure) 2020-10-29T13:18:42.419+0000: [ParNew: 16388K->4K(18432K), 0.0029687 secs] 536454K->520070K(896640K), 0.0030228 secs] [Times: user=0.01 sys=0.00, real=0.00 secs] 
2020-10-29T13:18:42.452+0000: [GC (Allocation Failure) 2020-10-29T13:18:42.453+0000: [ParNew: 16388K->4K(18432K), 0.0029377 secs] 536454K->520070K(896640K), 0.0029932 secs] [Times: user=0.01 sys=0.00, real=0.00 secs] 
2020-10-29T13:18:42.484+0000: [GC (Allocation Failure) 2020-10-29T13:18:42.485+0000: [ParNew: 16388K->4K(18432K), 0.0029650 secs] 536454K->520070K(896640K), 0.0030230 secs] [Times: user=0.00 sys=0.00, real=0.00 secs] 
2020-10-29T13:18:42.516+0000: [GC (Allocation Failure) 2020-10-29T13:18:42.517+0000: [ParNew: 16388K->2K(18432K), 0.0046716 secs] 536454K->520068K(896640K), 0.0047263 secs] [Times: user=0.00 sys=0.00, real=0.00 secs] 
2020-10-29T13:18:42.550+0000: [GC (Allocation Failure) 2020-10-29T13:18:42.550+0000: [ParNew: 16386K->4K(18432K), 0.0029830 secs] 536452K->520070K(896640K), 0.0030409 secs] [Times: user=0.00 sys=0.00, real=0.01 secs] 
2020-10-29T13:18:42.581+0000: [GC (Allocation Failure) 2020-10-29T13:18:42.581+0000: [ParNew: 16388K->4K(18432K), 0.0030178 secs] 536454K->520070K(896640K), 0.0030746 secs] [Times: user=0.00 sys=0.00, real=0.00 secs] 
2020-10-29T13:18:42.612+0000: [GC (Allocation Failure) 2020-10-29T13:18:42.613+0000: [ParNew: 16388K->4K(18432K), 0.0029277 secs] 536454K->520070K(896640K), 0.0029847 secs] [Times: user=0.00 sys=0.00, real=0.00 secs] 
2020-10-29T13:18:43.020+0000: [GC (Allocation Failure) 2020-10-29T13:18:43.020+0000: [ParNew: 16388K->4K(18432K), 0.0029885 secs] 536454K->520070K(896640K), 0.0030490 secs] [Times: user=0.00 sys=0.00, real=0.00 secs] 
2020-10-29T13:18:44.211+0000: [GC (Allocation Failure) 2020-10-29T13:18:44.211+0000: [ParNew: 16388K->320K(18432K), 0.0034688 secs] 536454K->520387K(896640K), 0.0035181 secs] [Times: user=0.00 sys=0.00, real=0.01 secs] 
2020-10-29T13:18:44.894+0000: [GC (Allocation Failure) 2020-10-29T13:18:44.894+0000: [ParNew: 16704K->735K(18432K), 0.0038873 secs] 553155K->537185K(896640K), 0.0039433 secs] [Times: user=0.01 sys=0.00, real=0.00 secs] 
2020-10-29T13:18:45.061+0000: [GC (Allocation Failure) 2020-10-29T13:18:45.061+0000: [ParNew: 17119K->2048K(18432K), 0.0068171 secs] 553569K->538649K(896640K), 0.0068738 secs] [Times: user=0.01 sys=0.00, real=0.01 secs] 
2020-10-29T13:18:45.180+0000: [GC (Allocation Failure) 2020-10-29T13:18:45.180+0000: [ParNew: 18432K->1341K(18432K), 0.0093980 secs] 555033K->539691K(896640K), 0.0094719 secs] [Times: user=0.01 sys=0.00, real=0.01 secs] 
2020-10-29T13:18:45.234+0000: [GC (Allocation Failure) 2020-10-29T13:18:45.234+0000: [ParNew: 17725K->1008K(18432K), 0.0036838 secs] 556075K->539358K(896640K), 0.0037461 secs] [Times: user=0.01 sys=0.00, real=0.00 secs] 
2020-10-29T13:18:45.276+0000: [GC (Allocation Failure) 2020-10-29T13:18:45.277+0000: [ParNew: 17392K->996K(18432K), 0.0031970 secs] 555742K->539346K(896640K), 0.0032585 secs] [Times: user=0.01 sys=0.00, real=0.00 secs] 
2020-10-29T13:18:45.305+0000: [GC (Allocation Failure) 2020-10-29T13:18:45.305+0000: [ParNew: 17380K->1081K(18432K), 0.0031689 secs] 555730K->539431K(896640K), 0.0032259 secs] [Times: user=0.01 sys=0.00, real=0.00 secs] 
2020-10-29T13:18:45.330+0000: [GC (Allocation Failure) 2020-10-29T13:18:45.330+0000: [ParNew: 17465K->1430K(18432K), 0.0032257 secs] 555815K->539780K(896640K), 0.0032839 secs] [Times: user=0.01 sys=0.00, real=0.01 secs] 
2020-10-29T13:18:45.356+0000: [GC (Allocation Failure) 2020-10-29T13:18:45.356+0000: [ParNew: 17814K->312K(18432K), 0.0033419 secs] 556164K->539035K(896640K), 0.0033989 secs] [Times: user=0.01 sys=0.00, real=0.00 secs] 
2020-10-29T13:18:45.381+0000: [GC (Allocation Failure) 2020-10-29T13:18:45.381+0000: [ParNew: 16696K->1038K(18432K), 0.0031385 secs] 555419K->539762K(896640K), 0.0032234 secs] [Times: user=0.01 sys=0.00, real=0.00 secs] 
2020-10-29T13:18:45.408+0000: [GC (Allocation Failure) 2020-10-29T13:18:45.409+0000: [ParNew: 17422K->4K(18432K), 0.0030109 secs] 556146K->539239K(896640K), 0.0030657 secs] [Times: user=0.01 sys=0.00, real=0.00 secs] 
2020-10-29T13:18:45.434+0000: [GC (Allocation Failure) 2020-10-29T13:18:45.434+0000: [ParNew: 16380K->4K(18432K), 0.0030098 secs] 555616K->539239K(896640K), 0.0030697 secs] [Times: user=0.00 sys=0.00, real=0.00 secs] 
2020-10-29T13:18:45.459+0000: [GC (Allocation Failure) 2020-10-29T13:18:45.459+0000: [ParNew: 16388K->4K(18432K), 0.0030344 secs] 555623K->539239K(896640K), 0.0031000 secs] [Times: user=0.00 sys=0.00, real=0.00 secs] 
2020-10-29T13:18:45.487+0000: [GC (Allocation Failure) 2020-10-29T13:18:45.487+0000: [ParNew: 16388K->4K(18432K), 0.0030428 secs] 555623K->539239K(896640K), 0.0031024 secs] [Times: user=0.01 sys=0.00, real=0.00 secs] 
2020-10-29T13:18:45.515+0000: [GC (Allocation Failure) 2020-10-29T13:18:45.515+0000: [ParNew: 16388K->4K(18432K), 0.0029768 secs] 555623K->539239K(896640K), 0.0030350 secs] [Times: user=0.01 sys=0.00, real=0.00 secs] 
2020-10-29T13:18:45.544+0000: [GC (Allocation Failure) 2020-10-29T13:18:45.545+0000: [ParNew: 16388K->4K(18432K), 0.0029328 secs] 555623K->539239K(896640K), 0.0029904 secs] [Times: user=0.00 sys=0.00, real=0.00 secs] 
2020-10-29T13:18:45.569+0000: [GC (Allocation Failure) 2020-10-29T13:18:45.569+0000: [ParNew: 16388K->4K(18432K), 0.0029587 secs] 555623K->539239K(896640K), 0.0030168 secs] [Times: user=0.00 sys=0.00, real=0.00 secs] 
2020-10-29T13:18:45.590+0000: [GC (Allocation Failure) 2020-10-29T13:18:45.590+0000: [ParNew: 16388K->4K(18432K), 0.0029524 secs] 555623K->539239K(896640K), 0.0030080 secs] [Times: user=0.01 sys=0.00, real=0.01 secs] 
2020-10-29T13:18:45.613+0000: [GC (Allocation Failure) 2020-10-29T13:18:45.613+0000: [ParNew: 16388K->4K(18432K), 0.0029522 secs] 555623K->539239K(896640K), 0.0030099 secs] [Times: user=0.00 sys=0.00, real=0.00 secs] 
2020-10-29T13:18:45.633+0000: [GC (Allocation Failure) 2020-10-29T13:18:45.633+0000: [ParNew: 16388K->4K(18432K), 0.0028690 secs] 555623K->539240K(896640K), 0.0029222 secs] [Times: user=0.01 sys=0.00, real=0.00 secs] 
2020-10-29T13:18:45.654+0000: [GC (Allocation Failure) 2020-10-29T13:18:45.654+0000: [ParNew: 16388K->4K(18432K), 0.0030152 secs] 555624K->539240K(896640K), 0.0030809 secs] [Times: user=0.01 sys=0.00, real=0.00 secs] 
2020-10-29T13:18:45.675+0000: [GC (Allocation Failure) 2020-10-29T13:18:45.675+0000: [ParNew: 16388K->4K(18432K), 0.0029825 secs] 555624K->539240K(896640K), 0.0030390 secs] [Times: user=0.01 sys=0.00, real=0.00 secs] 
2020-10-29T13:18:45.702+0000: [GC (Allocation Failure) 2020-10-29T13:18:45.702+0000: [ParNew: 16388K->4K(18432K), 0.0030100 secs] 555624K->539240K(896640K), 0.0030673 secs] [Times: user=0.00 sys=0.00, real=0.01 secs] 
2020-10-29T13:18:45.729+0000: [GC (Allocation Failure) 2020-10-29T13:18:45.729+0000: [ParNew: 16388K->4K(18432K), 0.0030320 secs] 555624K->539240K(896640K), 0.0030911 secs] [Times: user=0.00 sys=0.00, real=0.01 secs] 
2020-10-29T13:18:45.755+0000: [GC (Allocation Failure) 2020-10-29T13:18:45.755+0000: [ParNew: 16388K->4K(18432K), 0.0030340 secs] 555624K->539240K(896640K), 0.0030956 secs] [Times: user=0.00 sys=0.00, real=0.00 secs] 
2020-10-29T13:18:45.792+0000: [GC (Allocation Failure) 2020-10-29T13:18:45.792+0000: [ParNew: 16388K->2K(18432K), 0.0065508 secs] 555624K->539238K(896640K), 0.0066135 secs] [Times: user=0.01 sys=0.00, real=0.01 secs] 
2020-10-29T13:18:45.833+0000: [GC (Allocation Failure) 2020-10-29T13:18:45.833+0000: [ParNew: 16386K->4K(18432K), 0.0046697 secs] 555622K->539240K(896640K), 0.0047427 secs] [Times: user=0.01 sys=0.00, real=0.00 secs] 
2020-10-29T13:18:45.873+0000: [GC (Allocation Failure) 2020-10-29T13:18:45.873+0000: [ParNew: 16388K->4K(18432K), 0.0045071 secs] 555624K->539240K(896640K), 0.0045699 secs] [Times: user=0.01 sys=0.00, real=0.00 secs] 
2020-10-29T13:18:45.913+0000: [GC (Allocation Failure) 2020-10-29T13:18:45.913+0000: [ParNew: 16388K->4K(18432K), 0.0030121 secs] 555624K->539240K(896640K), 0.0030915 secs] [Times: user=0.01 sys=0.00, real=0.00 secs] 
2020-10-29T13:18:45.957+0000: [GC (Allocation Failure) 2020-10-29T13:18:45.957+0000: [ParNew: 16388K->4K(18432K), 0.0030203 secs] 555624K->539240K(896640K), 0.0031099 secs] [Times: user=0.01 sys=0.00, real=0.00 secs] 
2020-10-29T13:18:45.995+0000: [GC (Allocation Failure) 2020-10-29T13:18:45.995+0000: [ParNew: 16388K->4K(18432K), 0.0030091 secs] 555624K->539240K(896640K), 0.0030872 secs] [Times: user=0.01 sys=0.00, real=0.00 secs] 
2020-10-29T13:18:46.042+0000: [GC (Allocation Failure) 2020-10-29T13:18:46.042+0000: [ParNew: 16388K->4K(18432K), 0.0030823 secs] 555624K->539240K(896640K), 0.0031520 secs] [Times: user=0.01 sys=0.00, real=0.01 secs] 
2020-10-29T13:18:46.084+0000: [GC (Allocation Failure) 2020-10-29T13:18:46.084+0000: [ParNew: 16388K->4K(18432K), 0.0030042 secs] 555624K->539240K(896640K), 0.0030821 secs] [Times: user=0.01 sys=0.00, real=0.01 secs] 
2020-10-29T13:18:46.120+0000: [GC (Allocation Failure) 2020-10-29T13:18:46.120+0000: [ParNew: 16388K->4K(18432K), 0.0030391 secs] 555624K->539240K(896640K), 0.0031194 secs] [Times: user=0.01 sys=0.00, real=0.00 secs] 
2020-10-29T13:18:46.157+0000: [GC (Allocation Failure) 2020-10-29T13:18:46.157+0000: [ParNew: 16388K->4K(18432K), 0.0030182 secs] 555624K->539240K(896640K), 0.0031056 secs] [Times: user=0.00 sys=0.00, real=0.00 secs] 
2020-10-29T13:18:46.185+0000: [GC (Allocation Failure) 2020-10-29T13:18:46.185+0000: [ParNew: 16388K->4K(18432K), 0.0029845 secs] 555624K->539240K(896640K), 0.0030438 secs] [Times: user=0.01 sys=0.00, real=0.00 secs] 
2020-10-29T13:18:46.211+0000: [GC (Allocation Failure) 2020-10-29T13:18:46.211+0000: [ParNew: 16388K->4K(18432K), 0.0029711 secs] 555624K->539240K(896640K), 0.0030308 secs] [Times: user=0.01 sys=0.00, real=0.01 secs] 
2020-10-29T13:18:46.233+0000: [GC (Allocation Failure) 2020-10-29T13:18:46.233+0000: [ParNew: 16388K->4K(18432K), 0.0029878 secs] 555624K->539240K(896640K), 0.0030475 secs] [Times: user=0.00 sys=0.00, real=0.00 secs] 
2020-10-29T13:18:46.253+0000: [GC (Allocation Failure) 2020-10-29T13:18:46.253+0000: [ParNew: 16388K->4K(18432K), 0.0029022 secs] 555624K->539240K(896640K), 0.0029569 secs] [Times: user=0.01 sys=0.00, real=0.00 secs] 
2020-10-29T13:18:46.272+0000: [GC (Allocation Failure) 2020-10-29T13:18:46.272+0000: [ParNew: 16388K->4K(18432K), 0.0030607 secs] 555624K->539240K(896640K), 0.0031376 secs] [Times: user=0.01 sys=0.00, real=0.01 secs] 
2020-10-29T13:18:46.297+0000: [GC (Allocation Failure) 2020-10-29T13:18:46.297+0000: [ParNew: 16388K->4K(18432K), 0.0030074 secs] 555624K->539240K(896640K), 0.0030672 secs] [Times: user=0.00 sys=0.00, real=0.00 secs] 
2020-10-29T13:18:46.317+0000: [GC (Allocation Failure) 2020-10-29T13:18:46.317+0000: [ParNew: 16388K->4K(18432K), 0.0030140 secs] 555624K->539240K(896640K), 0.0030739 secs] [Times: user=0.01 sys=0.00, real=0.00 secs] 
2020-10-29T13:18:46.335+0000: [GC (Allocation Failure) 2020-10-29T13:18:46.335+0000: [ParNew: 16388K->4K(18432K), 0.0029145 secs] 555624K->539240K(896640K), 0.0029691 secs] [Times: user=0.00 sys=0.00, real=0.00 secs] 
2020-10-29T13:18:46.354+0000: [GC (Allocation Failure) 2020-10-29T13:18:46.354+0000: [ParNew: 16388K->4K(18432K), 0.0029758 secs] 555624K->539240K(896640K), 0.0030339 secs] [Times: user=0.01 sys=0.00, real=0.00 secs] 
2020-10-29T13:18:46.372+0000: [GC (Allocation Failure) 2020-10-29T13:18:46.372+0000: [ParNew: 16388K->4K(18432K), 0.0029789 secs] 555624K->539240K(896640K), 0.0030387 secs] [Times: user=0.01 sys=0.00, real=0.01 secs] 
2020-10-29T13:18:46.391+0000: [GC (Allocation Failure) 2020-10-29T13:18:46.391+0000: [ParNew: 16388K->4K(18432K), 0.0029361 secs] 555624K->539240K(896640K), 0.0029935 secs] [Times: user=0.00 sys=0.00, real=0.01 secs] 
2020-10-29T13:18:46.409+0000: [GC (Allocation Failure) 2020-10-29T13:18:46.409+0000: [ParNew: 16388K->4K(18432K), 0.0029960 secs] 555624K->539240K(896640K), 0.0030553 secs] [Times: user=0.01 sys=0.00, real=0.00 secs] 
2020-10-29T13:18:46.428+0000: [GC (Allocation Failure) 2020-10-29T13:18:46.428+0000: [ParNew: 16388K->4K(18432K), 0.0030045 secs] 555624K->539240K(896640K), 0.0030645 secs] [Times: user=0.01 sys=0.00, real=0.00 secs] 
2020-10-29T13:18:46.446+0000: [GC (Allocation Failure) 2020-10-29T13:18:46.446+0000: [ParNew: 16388K->4K(18432K), 0.0029990 secs] 555624K->539240K(896640K), 0.0030583 secs] [Times: user=0.00 sys=0.00, real=0.00 secs] 
2020-10-29T13:18:46.469+0000: [GC (Allocation Failure) 2020-10-29T13:18:46.469+0000: [ParNew: 16388K->4K(18432K), 0.0029816 secs] 555624K->539240K(896640K), 0.0030494 secs] [Times: user=0.00 sys=0.00, real=0.00 secs] 
2020-10-29T13:18:46.487+0000: [GC (Allocation Failure) 2020-10-29T13:18:46.487+0000: [ParNew: 16388K->4K(18432K), 0.0029994 secs] 555624K->539240K(896640K), 0.0030601 secs] [Times: user=0.01 sys=0.00, real=0.00 secs] 
2020-10-29T13:18:46.506+0000: [GC (Allocation Failure) 2020-10-29T13:18:46.506+0000: [ParNew: 16388K->4K(18432K), 0.0030137 secs] 555624K->539240K(896640K), 0.0030734 secs] [Times: user=0.01 sys=0.00, real=0.00 secs] 
2020-10-29T13:18:46.524+0000: [GC (Allocation Failure) 2020-10-29T13:18:46.524+0000: [ParNew: 16388K->4K(18432K), 0.0030166 secs] 555624K->539240K(896640K), 0.0030883 secs] [Times: user=0.00 sys=0.00, real=0.01 secs] 
2020-10-29T13:18:46.543+0000: [GC (Allocation Failure) 2020-10-29T13:18:46.543+0000: [ParNew: 16388K->4K(18432K), 0.0030493 secs] 555624K->539240K(896640K), 0.0031095 secs] [Times: user=0.01 sys=0.00, real=0.01 secs] 
2020-10-29T13:18:46.562+0000: [GC (Allocation Failure) 2020-10-29T13:18:46.562+0000: [ParNew: 16388K->4K(18432K), 0.0030486 secs] 555624K->539240K(896640K), 0.0031214 secs] [Times: user=0.01 sys=0.00, real=0.01 secs] 
2020-10-29T13:18:46.580+0000: [GC (Allocation Failure) 2020-10-29T13:18:46.580+0000: [ParNew: 16388K->4K(18432K), 0.0029978 secs] 555624K->539240K(896640K), 0.0030582 secs] [Times: user=0.01 sys=0.00, real=0.00 secs] 
2020-10-29T13:18:46.599+0000: [GC (Allocation Failure) 2020-10-29T13:18:46.599+0000: [ParNew: 16388K->4K(18432K), 0.0029933 secs] 555624K->539240K(896640K), 0.0030504 secs] [Times: user=0.01 sys=0.00, real=0.00 secs] 
2020-10-29T13:18:46.621+0000: [GC (Allocation Failure) 2020-10-29T13:18:46.621+0000: [ParNew: 16388K->4K(18432K), 0.0030162 secs] 555624K->539240K(896640K), 0.0030782 secs] [Times: user=0.00 sys=0.00, real=0.00 secs] 
2020-10-29T13:18:46.639+0000: [GC (Allocation Failure) 2020-10-29T13:18:46.639+0000: [ParNew: 16388K->4K(18432K), 0.0030025 secs] 555624K->539240K(896640K), 0.0030616 secs] [Times: user=0.01 sys=0.00, real=0.00 secs] 
2020-10-29T13:18:46.658+0000: [GC (Allocation Failure) 2020-10-29T13:18:46.658+0000: [ParNew: 16388K->4K(18432K), 0.0028990 secs] 555624K->539240K(896640K), 0.0029530 secs] [Times: user=0.00 sys=0.00, real=0.00 secs] 
2020-10-29T13:18:46.676+0000: [GC (Allocation Failure) 2020-10-29T13:18:46.676+0000: [ParNew: 16388K->4K(18432K), 0.0029770 secs] 555624K->539240K(896640K), 0.0030480 secs] [Times: user=0.01 sys=0.00, real=0.00 secs] 
2020-10-29T13:18:46.695+0000: [GC (Allocation Failure) 2020-10-29T13:18:46.695+0000: [ParNew: 16388K->4K(18432K), 0.0029184 secs] 555624K->539240K(896640K), 0.0029704 secs] [Times: user=0.00 sys=0.00, real=0.00 secs] 
2020-10-29T13:18:46.716+0000: [GC (Allocation Failure) 2020-10-29T13:18:46.717+0000: [ParNew: 16388K->4K(18432K), 0.0029409 secs] 555624K->539241K(896640K), 0.0029965 secs] [Times: user=0.00 sys=0.00, real=0.00 secs] 
2020-10-29T13:18:46.737+0000: [GC (Allocation Failure) 2020-10-29T13:18:46.737+0000: [ParNew: 16388K->4K(18432K), 0.0029695 secs] 555625K->539241K(896640K), 0.0030243 secs] [Times: user=0.01 sys=0.00, real=0.00 secs] 
2020-10-29T13:18:46.755+0000: [GC (Allocation Failure) 2020-10-29T13:18:46.755+0000: [ParNew: 16388K->4K(18432K), 0.0029996 secs] 555625K->539241K(896640K), 0.0030592 secs] [Times: user=0.00 sys=0.00, real=0.00 secs] 
2020-10-29T13:18:46.777+0000: [GC (Allocation Failure) 2020-10-29T13:18:46.777+0000: [ParNew: 16388K->4K(18432K), 0.0029988 secs] 555625K->539241K(896640K), 0.0030672 secs] [Times: user=0.01 sys=0.00, real=0.00 secs] 
2020-10-29T13:18:46.795+0000: [GC (Allocation Failure) 2020-10-29T13:18:46.795+0000: [ParNew: 16388K->4K(18432K), 0.0030637 secs] 555625K->539241K(896640K), 0.0031218 secs] [Times: user=0.00 sys=0.00, real=0.00 secs] 
2020-10-29T13:18:46.814+0000: [GC (Allocation Failure) 2020-10-29T13:18:46.814+0000: [ParNew: 16388K->4K(18432K), 0.0030580 secs] 555625K->539241K(896640K), 0.0031185 secs] [Times: user=0.01 sys=0.00, real=0.00 secs] 
2020-10-29T13:18:46.833+0000: [GC (Allocation Failure) 2020-10-29T13:18:46.833+0000: [ParNew: 16388K->4K(18432K), 0.0030185 secs] 555625K->539241K(896640K), 0.0030799 secs] [Times: user=0.01 sys=0.00, real=0.00 secs] 
2020-10-29T13:18:46.852+0000: [GC (Allocation Failure) 2020-10-29T13:18:46.852+0000: [ParNew: 16388K->4K(18432K), 0.0030470 secs] 555625K->539241K(896640K), 0.0031077 secs] [Times: user=0.00 sys=0.00, real=0.01 secs] 
2020-10-29T13:18:46.870+0000: [GC (Allocation Failure) 2020-10-29T13:18:46.870+0000: [ParNew: 16388K->4K(18432K), 0.0029985 secs] 555625K->539241K(896640K), 0.0030576 secs] [Times: user=0.01 sys=0.00, real=0.01 secs] 
2020-10-29T13:18:46.889+0000: [GC (Allocation Failure) 2020-10-29T13:18:46.889+0000: [ParNew: 16388K->4K(18432K), 0.0029358 secs] 555625K->539241K(896640K), 0.0029916 secs] [Times: user=0.01 sys=0.00, real=0.00 secs] 
2020-10-29T13:18:46.909+0000: [GC (Allocation Failure) 2020-10-29T13:18:46.909+0000: [ParNew: 16388K->4K(18432K), 0.0029230 secs] 555625K->539241K(896640K), 0.0029787 secs] [Times: user=0.00 sys=0.00, real=0.00 secs] 
2020-10-29T13:18:46.927+0000: [GC (Allocation Failure) 2020-10-29T13:18:46.927+0000: [ParNew: 16388K->4K(18432K), 0.0029021 secs] 555625K->539241K(896640K), 0.0029519 secs] [Times: user=0.01 sys=0.00, real=0.00 secs] 
2020-10-29T13:18:46.949+0000: [GC (Allocation Failure) 2020-10-29T13:18:46.949+0000: [ParNew: 16388K->4K(18432K), 0.0029040 secs] 555625K->539241K(896640K), 0.0029587 secs] [Times: user=0.01 sys=0.00, real=0.01 secs] 
2020-10-29T13:18:46.968+0000: [GC (Allocation Failure) 2020-10-29T13:18:46.968+0000: [ParNew: 16388K->4K(18432K), 0.0033045 secs] 555625K->539241K(896640K), 0.0033611 secs] [Times: user=0.00 sys=0.00, real=0.00 secs] 
2020-10-29T13:18:46.988+0000: [GC (Allocation Failure) 2020-10-29T13:18:46.989+0000: [ParNew: 16388K->4K(18432K), 0.0029264 secs] 555625K->539241K(896640K), 0.0029839 secs] [Times: user=0.01 sys=0.00, real=0.00 secs] 
2020-10-29T13:18:47.007+0000: [GC (Allocation Failure) 2020-10-29T13:18:47.007+0000: [ParNew: 16388K->4K(18432K), 0.0029837 secs] 555625K->539241K(896640K), 0.0030416 secs] [Times: user=0.00 sys=0.00, real=0.00 secs] 
2020-10-29T13:18:47.028+0000: [GC (Allocation Failure) 2020-10-29T13:18:47.029+0000: [ParNew: 16388K->4K(18432K), 0.0028554 secs] 555625K->539241K(896640K), 0.0029083 secs] [Times: user=0.00 sys=0.00, real=0.00 secs] 
2020-10-29T13:18:47.048+0000: [GC (Allocation Failure) 2020-10-29T13:18:47.049+0000: [ParNew: 16388K->4K(18432K), 0.0030167 secs] 555625K->539241K(896640K), 0.0030771 secs] [Times: user=0.01 sys=0.00, real=0.00 secs] 
2020-10-29T13:18:47.067+0000: [GC (Allocation Failure) 2020-10-29T13:18:47.067+0000: [ParNew: 16388K->4K(18432K), 0.0030306 secs] 555625K->539241K(896640K), 0.0030901 secs] [Times: user=0.00 sys=0.00, real=0.00 secs] 
2020-10-29T13:18:47.086+0000: [GC (Allocation Failure) 2020-10-29T13:18:47.086+0000: [ParNew: 16388K->4K(18432K), 0.0030133 secs] 555625K->539241K(896640K), 0.0030873 secs] [Times: user=0.00 sys=0.00, real=0.00 secs] 
2020-10-29T13:18:47.108+0000: [GC (Allocation Failure) 2020-10-29T13:18:47.108+0000: [ParNew: 16388K->4K(18432K), 0.0029855 secs] 555625K->539241K(896640K), 0.0030679 secs] [Times: user=0.00 sys=0.00, real=0.00 secs] 
2020-10-29T13:18:47.128+0000: [GC (Allocation Failure) 2020-10-29T13:18:47.128+0000: [ParNew: 16388K->4K(18432K), 0.0029823 secs] 555625K->539241K(896640K), 0.0030444 secs] [Times: user=0.01 sys=0.00, real=0.00 secs] 
2020-10-29T13:18:47.146+0000: [GC (Allocation Failure) 2020-10-29T13:18:47.146+0000: [ParNew: 16388K->4K(18432K), 0.0029977 secs] 555625K->539241K(896640K), 0.0030562 secs] [Times: user=0.00 sys=0.00, real=0.00 secs] 
2020-10-29T13:18:47.165+0000: [GC (Allocation Failure) 2020-10-29T13:18:47.165+0000: [ParNew: 16388K->4K(18432K), 0.0029211 secs] 555625K->539241K(896640K), 0.0029761 secs] [Times: user=0.00 sys=0.00, real=0.00 secs] 
2020-10-29T13:18:47.185+0000: [GC (Allocation Failure) 2020-10-29T13:18:47.185+0000: [ParNew: 16388K->4K(18432K), 0.0029986 secs] 555625K->539241K(896640K), 0.0030578 secs] [Times: user=0.00 sys=0.00, real=0.00 secs] 
2020-10-29T13:18:47.203+0000: [GC (Allocation Failure) 2020-10-29T13:18:47.203+0000: [ParNew: 16388K->4K(18432K), 0.0030025 secs] 555625K->539241K(896640K), 0.0030813 secs] [Times: user=0.01 sys=0.00, real=0.01 secs] 
2020-10-29T13:18:47.222+0000: [GC (Allocation Failure) 2020-10-29T13:18:47.222+0000: [ParNew: 16388K->4K(18432K), 0.0030028 secs] 555625K->539241K(896640K), 0.0030589 secs] [Times: user=0.00 sys=0.00, real=0.01 secs] 
2020-10-29T13:18:47.244+0000: [GC (Allocation Failure) 2020-10-29T13:18:47.244+0000: [ParNew: 16388K->4K(18432K), 0.0030126 secs] 555625K->539241K(896640K), 0.0030721 secs] [Times: user=0.00 sys=0.00, real=0.01 secs] 
2020-10-29T13:18:47.263+0000: [GC (Allocation Failure) 2020-10-29T13:18:47.263+0000: [ParNew: 16388K->4K(18432K), 0.0030234 secs] 555625K->539241K(896640K), 0.0030836 secs] [Times: user=0.01 sys=0.00, real=0.01 secs] 
2020-10-29T13:18:47.284+0000: [GC (Allocation Failure) 2020-10-29T13:18:47.285+0000: [ParNew: 16388K->4K(18432K), 0.0029844 secs] 555625K->539241K(896640K), 0.0030433 secs] [Times: user=0.01 sys=0.00, real=0.00 secs] 
2020-10-29T13:18:47.303+0000: [GC (Allocation Failure) 2020-10-29T13:18:47.303+0000: [ParNew: 16388K->4K(18432K), 0.0029822 secs] 555625K->539241K(896640K), 0.0030397 secs] [Times: user=0.00 sys=0.00, real=0.01 secs] 
2020-10-29T13:18:47.325+0000: [GC (Allocation Failure) 2020-10-29T13:18:47.325+0000: [ParNew: 16388K->4K(18432K), 0.0029438 secs] 555625K->539241K(896640K), 0.0030020 secs] [Times: user=0.00 sys=0.00, real=0.00 secs] 
2020-10-29T13:18:47.347+0000: [GC (Allocation Failure) 2020-10-29T13:18:47.347+0000: [ParNew: 16388K->4K(18432K), 0.0030039 secs] 555625K->539241K(896640K), 0.0030565 secs] [Times: user=0.01 sys=0.00, real=0.00 secs] 
2020-10-29T13:18:47.367+0000: [GC (Allocation Failure) 2020-10-29T13:18:47.367+0000: [ParNew: 16388K->2K(18432K), 0.0053327 secs] 555625K->539239K(896640K), 0.0054052 secs] [Times: user=0.00 sys=0.01, real=0.01 secs] 
2020-10-29T13:18:47.388+0000: [GC (Allocation Failure) 2020-10-29T13:18:47.388+0000: [ParNew: 16386K->4K(18432K), 0.0029623 secs] 555623K->539241K(896640K), 0.0030209 secs] [Times: user=0.01 sys=0.00, real=0.00 secs] 
2020-10-29T13:18:47.409+0000: [GC (Allocation Failure) 2020-10-29T13:18:47.409+0000: [ParNew: 16388K->4K(18432K), 0.0029379 secs] 555625K->539241K(896640K), 0.0029943 secs] [Times: user=0.01 sys=0.00, real=0.00 secs] 
2020-10-29T13:18:47.428+0000: [GC (Allocation Failure) 2020-10-29T13:18:47.429+0000: [ParNew: 16388K->4K(18432K), 0.0029152 secs] 555625K->539241K(896640K), 0.0029696 secs] [Times: user=0.00 sys=0.00, real=0.00 secs] 
2020-10-29T13:18:47.447+0000: [GC (Allocation Failure) 2020-10-29T13:18:47.447+0000: [ParNew: 16388K->4K(18432K), 0.0029423 secs] 555625K->539241K(896640K), 0.0029976 secs] [Times: user=0.01 sys=0.00, real=0.00 secs] 
2020-10-29T13:18:47.465+0000: [GC (Allocation Failure) 2020-10-29T13:18:47.465+0000: [ParNew: 16388K->4K(18432K), 0.0028762 secs] 555625K->539241K(896640K), 0.0029438 secs] [Times: user=0.00 sys=0.00, real=0.00 secs] 
2020-10-29T13:18:47.485+0000: [GC (Allocation Failure) 2020-10-29T13:18:47.485+0000: [ParNew: 16388K->4K(18432K), 0.0028670 secs] 555625K->539241K(896640K), 0.0029213 secs] [Times: user=0.01 sys=0.00, real=0.00 secs] 
2020-10-29T13:18:47.505+0000: [GC (Allocation Failure) 2020-10-29T13:18:47.505+0000: [ParNew: 16388K->4K(18432K), 0.0029147 secs] 555625K->539241K(896640K), 0.0029708 secs] [Times: user=0.00 sys=0.00, real=0.00 secs] 
2020-10-29T13:18:47.523+0000: [GC (Allocation Failure) 2020-10-29T13:18:47.523+0000: [ParNew: 16388K->4K(18432K), 0.0029151 secs] 555625K->539241K(896640K), 0.0029692 secs] [Times: user=0.01 sys=0.00, real=0.01 secs] 
2020-10-29T13:18:47.545+0000: [GC (Allocation Failure) 2020-10-29T13:18:47.545+0000: [ParNew: 16388K->4K(18432K), 0.0029018 secs] 555625K->539241K(896640K), 0.0029546 secs] [Times: user=0.01 sys=0.00, real=0.00 secs] 
2020-10-29T13:18:47.563+0000: [GC (Allocation Failure) 2020-10-29T13:18:47.563+0000: [ParNew: 16388K->4K(18432K), 0.0029612 secs] 555625K->539241K(896640K), 0.0030160 secs] [Times: user=0.00 sys=0.00, real=0.01 secs] 
2020-10-29T13:18:47.582+0000: [GC (Allocation Failure) 2020-10-29T13:18:47.582+0000: [ParNew: 16388K->4K(18432K), 0.0030065 secs] 555625K->539241K(896640K), 0.0030731 secs] [Times: user=0.01 sys=0.00, real=0.01 secs] 
2020-10-29T13:18:47.600+0000: [GC (Allocation Failure) 2020-10-29T13:18:47.600+0000: [ParNew: 16388K->4K(18432K), 0.0029958 secs] 555625K->539241K(896640K), 0.0030493 secs] [Times: user=0.00 sys=0.01, real=0.00 secs] 
2020-10-29T13:18:47.619+0000: [GC (Allocation Failure) 2020-10-29T13:18:47.619+0000: [ParNew: 16388K->4K(18432K), 0.0031037 secs] 555625K->539241K(896640K), 0.0031650 secs] [Times: user=0.01 sys=0.00, real=0.00 secs] 
2020-10-29T13:18:47.637+0000: [GC (Allocation Failure) 2020-10-29T13:18:47.637+0000: [ParNew: 16388K->4K(18432K), 0.0029881 secs] 555625K->539241K(896640K), 0.0030458 secs] [Times: user=0.01 sys=0.00, real=0.00 secs] 
2020-10-29T13:18:47.660+0000: [GC (Allocation Failure) 2020-10-29T13:18:47.660+0000: [ParNew: 16388K->4K(18432K), 0.0029783 secs] 555625K->539241K(896640K), 0.0030358 secs] [Times: user=0.01 sys=0.00, real=0.00 secs] 
2020-10-29T13:18:47.678+0000: [GC (Allocation Failure) 2020-10-29T13:18:47.678+0000: [ParNew: 16388K->4K(18432K), 0.0030008 secs] 555625K->539241K(896640K), 0.0030614 secs] [Times: user=0.01 sys=0.00, real=0.00 secs] 
2020-10-29T13:18:47.701+0000: [GC (Allocation Failure) 2020-10-29T13:18:47.701+0000: [ParNew: 16388K->4K(18432K), 0.0030187 secs] 555625K->539241K(896640K), 0.0030758 secs] [Times: user=0.00 sys=0.00, real=0.00 secs] 
2020-10-29T13:18:47.719+0000: [GC (Allocation Failure) 2020-10-29T13:18:47.719+0000: [ParNew: 16388K->4K(18432K), 0.0029785 secs] 555625K->539241K(896640K), 0.0030367 secs] [Times: user=0.01 sys=0.00, real=0.00 secs] 
2020-10-29T13:18:47.738+0000: [GC (Allocation Failure) 2020-10-29T13:18:47.738+0000: [ParNew: 16388K->4K(18432K), 0.0030403 secs] 555625K->539241K(896640K), 0.0030993 secs] [Times: user=0.00 sys=0.00, real=0.00 secs] 
2020-10-29T13:18:47.760+0000: [GC (Allocation Failure) 2020-10-29T13:18:47.760+0000: [ParNew: 16388K->4K(18432K), 0.0029912 secs] 555625K->539241K(896640K), 0.0030504 secs] [Times: user=0.01 sys=0.00, real=0.00 secs] 
2020-10-29T13:18:47.779+0000: [GC (Allocation Failure) 2020-10-29T13:18:47.779+0000: [ParNew: 16388K->4K(18432K), 0.0030296 secs] 555625K->539241K(896640K), 0.0030861 secs] [Times: user=0.01 sys=0.00, real=0.00 secs] 
2020-10-29T13:18:47.797+0000: [GC (Allocation Failure) 2020-10-29T13:18:47.797+0000: [ParNew: 16388K->4K(18432K), 0.0029984 secs] 555625K->539241K(896640K), 0.0030585 secs] [Times: user=0.00 sys=0.00, real=0.00 secs] 
2020-10-29T13:18:47.816+0000: [GC (Allocation Failure) 2020-10-29T13:18:47.817+0000: [ParNew: 16388K->4K(18432K), 0.0029713 secs] 555625K->539241K(896640K), 0.0030299 secs] [Times: user=0.01 sys=0.00, real=0.00 secs] 
2020-10-29T13:18:47.835+0000: [GC (Allocation Failure) 2020-10-29T13:18:47.835+0000: [ParNew: 16388K->4K(18432K), 0.0029555 secs] 555625K->539241K(896640K), 0.0030104 secs] [Times: user=0.01 sys=0.00, real=0.00 secs] 
2020-10-29T13:18:47.857+0000: [GC (Allocation Failure) 2020-10-29T13:18:47.857+0000: [ParNew: 16388K->4K(18432K), 0.0029597 secs] 555625K->539241K(896640K), 0.0030173 secs] [Times: user=0.01 sys=0.00, real=0.00 secs] 
2020-10-29T13:18:47.876+0000: [GC (Allocation Failure) 2020-10-29T13:18:47.877+0000: [ParNew: 16388K->4K(18432K), 0.0028936 secs] 555625K->539241K(896640K), 0.0029470 secs] [Times: user=0.00 sys=0.00, real=0.00 secs] 
2020-10-29T13:18:47.895+0000: [GC (Allocation Failure) 2020-10-29T13:18:47.895+0000: [ParNew: 16379K->4K(18432K), 0.0029256 secs] 555617K->539241K(896640K), 0.0029804 secs] [Times: user=0.01 sys=0.00, real=0.00 secs] 
2020-10-29T13:18:47.916+0000: [GC (Allocation Failure) 2020-10-29T13:18:47.917+0000: [ParNew: 16388K->4K(18432K), 0.0028801 secs] 555625K->539241K(896640K), 0.0029342 secs] [Times: user=0.00 sys=0.00, real=0.00 secs] 
2020-10-29T13:18:47.935+0000: [GC (Allocation Failure) 2020-10-29T13:18:47.935+0000: [ParNew: 16388K->4K(18432K), 0.0029539 secs] 555625K->539241K(896640K), 0.0030107 secs] [Times: user=0.01 sys=0.00, real=0.00 secs] 
2020-10-29T13:18:47.953+0000: [GC (Allocation Failure) 2020-10-29T13:18:47.953+0000: [ParNew: 16388K->4K(18432K), 0.0029968 secs] 555625K->539241K(896640K), 0.0030531 secs] [Times: user=0.01 sys=0.00, real=0.00 secs] 
2020-10-29T13:18:47.976+0000: [GC (Allocation Failure) 2020-10-29T13:18:47.976+0000: [ParNew: 16388K->4K(18432K), 0.0029740 secs] 555625K->539241K(896640K), 0.0030441 secs] [Times: user=0.01 sys=0.00, real=0.00 secs] 
2020-10-29T13:18:47.995+0000: [GC (Allocation Failure) 2020-10-29T13:18:47.995+0000: [ParNew: 16388K->4K(18432K), 0.0029990 secs] 555625K->539241K(896640K), 0.0030565 secs] [Times: user=0.00 sys=0.00, real=0.00 secs] 
2020-10-29T13:18:48.015+0000: [GC (Allocation Failure) 2020-10-29T13:18:48.015+0000: [ParNew: 16388K->4K(18432K), 0.0030418 secs] 555625K->539241K(896640K), 0.0031010 secs] [Times: user=0.01 sys=0.00, real=0.00 secs] 
2020-10-29T13:18:48.033+0000: [GC (Allocation Failure) 2020-10-29T13:18:48.033+0000: [ParNew: 16388K->4K(18432K), 0.0029849 secs] 555625K->539241K(896640K), 0.0030411 secs] [Times: user=0.00 sys=0.00, real=0.00 secs] 
2020-10-29T13:18:48.052+0000: [GC (Allocation Failure) 2020-10-29T13:18:48.053+0000: [ParNew: 16388K->4K(18432K), 0.0029490 secs] 555625K->539241K(896640K), 0.0030054 secs] [Times: user=0.01 sys=0.00, real=0.00 secs] 
2020-10-29T13:18:48.071+0000: [GC (Allocation Failure) 2020-10-29T13:18:48.071+0000: [ParNew: 16388K->4K(18432K), 0.0030026 secs] 555625K->539241K(896640K), 0.0030629 secs] [Times: user=0.00 sys=0.00, real=0.01 secs] 
2020-10-29T13:18:48.090+0000: [GC (Allocation Failure) 2020-10-29T13:18:48.090+0000: [ParNew: 16388K->4K(18432K), 0.0030428 secs] 555625K->539241K(896640K), 0.0031018 secs] [Times: user=0.00 sys=0.00, real=0.01 secs] 
2020-10-29T13:18:48.109+0000: [GC (Allocation Failure) 2020-10-29T13:18:48.109+0000: [ParNew: 16388K->4K(18432K), 0.0028997 secs] 555625K->539241K(896640K), 0.0029523 secs] [Times: user=0.01 sys=0.00, real=0.00 secs] 
2020-10-29T13:18:48.127+0000: [GC (Allocation Failure) 2020-10-29T13:18:48.127+0000: [ParNew: 16388K->4K(18432K), 0.0029708 secs] 555625K->539241K(896640K), 0.0030283 secs] [Times: user=0.00 sys=0.00, real=0.00 secs] 
2020-10-29T13:18:48.149+0000: [GC (Allocation Failure) 2020-10-29T13:18:48.149+0000: [ParNew: 16388K->4K(18432K), 0.0030165 secs] 555625K->539241K(896640K), 0.0030712 secs] [Times: user=0.01 sys=0.00, real=0.00 secs] 
2020-10-29T13:18:48.169+0000: [GC (Allocation Failure) 2020-10-29T13:18:48.169+0000: [ParNew: 16388K->4K(18432K), 0.0029396 secs] 555625K->539241K(896640K), 0.0029947 secs] [Times: user=0.01 sys=0.00, real=0.00 secs] 
2020-10-29T13:18:48.187+0000: [GC (Allocation Failure) 2020-10-29T13:18:48.187+0000: [ParNew: 16388K->4K(18432K), 0.0030213 secs] 555625K->539241K(896640K), 0.0030898 secs] [Times: user=0.00 sys=0.00, real=0.00 secs] 
2020-10-29T13:18:48.206+0000: [GC (Allocation Failure) 2020-10-29T13:18:48.206+0000: [ParNew: 16388K->4K(18432K), 0.0029140 secs] 555625K->539242K(896640K), 0.0029667 secs] [Times: user=0.01 sys=0.00, real=0.00 secs] 
2020-10-29T13:18:48.225+0000: [GC (Allocation Failure) 2020-10-29T13:18:48.225+0000: [ParNew: 16388K->4K(18432K), 0.0029233 secs] 555626K->539242K(896640K), 0.0029788 secs] [Times: user=0.01 sys=0.00, real=0.00 secs] 
2020-10-29T13:18:48.243+0000: [GC (Allocation Failure) 2020-10-29T13:18:48.243+0000: [ParNew: 16388K->4K(18432K), 0.0028834 secs] 555626K->539242K(896640K), 0.0029363 secs] [Times: user=0.00 sys=0.00, real=0.01 secs] 
2020-10-29T13:18:48.265+0000: [GC (Allocation Failure) 2020-10-29T13:18:48.265+0000: [ParNew: 16388K->4K(18432K), 0.0029463 secs] 555626K->539242K(896640K), 0.0030025 secs] [Times: user=0.01 sys=0.00, real=0.00 secs] 
2020-10-29T13:18:48.283+0000: [GC (Allocation Failure) 2020-10-29T13:18:48.283+0000: [ParNew: 16388K->4K(18432K), 0.0029540 secs] 555626K->539242K(896640K), 0.0030109 secs] [Times: user=0.00 sys=0.00, real=0.01 secs] 
2020-10-29T13:18:48.301+0000: [GC (Allocation Failure) 2020-10-29T13:18:48.301+0000: [ParNew: 16388K->4K(18432K), 0.0030153 secs] 555626K->539242K(896640K), 0.0030816 secs] [Times: user=0.00 sys=0.01, real=0.01 secs] 
2020-10-29T13:18:48.321+0000: [GC (Allocation Failure) 2020-10-29T13:18:48.321+0000: [ParNew: 16388K->4K(18432K), 0.0030294 secs] 555626K->539242K(896640K), 0.0030896 secs] [Times: user=0.01 sys=0.00, real=0.00 secs] 
2020-10-29T13:18:48.339+0000: [GC (Allocation Failure) 2020-10-29T13:18:48.339+0000: [ParNew: 16388K->4K(18432K), 0.0029933 secs] 555626K->539242K(896640K), 0.0030523 secs] [Times: user=0.00 sys=0.00, real=0.00 secs] 
2020-10-29T13:18:48.358+0000: [GC (Allocation Failure) 2020-10-29T13:18:48.358+0000: [ParNew: 16388K->4K(18432K), 0.0030066 secs] 555626K->539242K(896640K), 0.0030630 secs] [Times: user=0.01 sys=0.00, real=0.00 secs] 
2020-10-29T13:18:48.380+0000: [GC (Allocation Failure) 2020-10-29T13:18:48.380+0000: [ParNew: 16388K->4K(18432K), 0.0028547 secs] 555626K->539242K(896640K), 0.0029073 secs] [Times: user=0.01 sys=0.01, real=0.00 secs] 
2020-10-29T13:18:48.400+0000: [GC (Allocation Failure) 2020-10-29T13:18:48.401+0000: [ParNew: 16388K->4K(18432K), 0.0028799 secs] 555626K->539242K(896640K), 0.0029345 secs] [Times: user=0.01 sys=0.00, real=0.00 secs] 
2020-10-29T13:18:48.421+0000: [GC (Allocation Failure) 2020-10-29T13:18:48.421+0000: [ParNew: 16388K->4K(18432K), 0.0029066 secs] 555626K->539242K(896640K), 0.0029615 secs] [Times: user=0.00 sys=0.00, real=0.00 secs] 
2020-10-29T13:18:48.439+0000: [GC (Allocation Failure) 2020-10-29T13:18:48.439+0000: [ParNew: 16388K->4K(18432K), 0.0029231 secs] 555626K->539242K(896640K), 0.0029759 secs] [Times: user=0.01 sys=0.00, real=0.00 secs] 
2020-10-29T13:18:48.457+0000: [GC (Allocation Failure) 2020-10-29T13:18:48.457+0000: [ParNew: 16388K->4K(18432K), 0.0028925 secs] 555626K->539242K(896640K), 0.0029621 secs] [Times: user=0.01 sys=0.00, real=0.00 secs] 
2020-10-29T13:18:48.477+0000: [GC (Allocation Failure) 2020-10-29T13:18:48.477+0000: [ParNew: 16388K->4K(18432K), 0.0029772 secs] 555626K->539242K(896640K), 0.0030349 secs] [Times: user=0.01 sys=0.00, real=0.00 secs] 
2020-10-29T13:18:48.495+0000: [GC (Allocation Failure) 2020-10-29T13:18:48.495+0000: [ParNew: 16388K->4K(18432K), 0.0029863 secs] 555626K->539242K(896640K), 0.0030448 secs] [Times: user=0.00 sys=0.00, real=0.00 secs] 
2020-10-29T13:18:48.517+0000: [GC (Allocation Failure) 2020-10-29T13:18:48.517+0000: [ParNew: 16388K->4K(18432K), 0.0029701 secs] 555626K->539242K(896640K), 0.0030278 secs] [Times: user=0.00 sys=0.00, real=0.00 secs] 
2020-10-29T13:18:48.535+0000: [GC (Allocation Failure) 2020-10-29T13:18:48.535+0000: [ParNew: 16388K->4K(18432K), 0.0030532 secs] 555626K->539242K(896640K), 0.0031135 secs] [Times: user=0.01 sys=0.00, real=0.00 secs] 
2020-10-29T13:18:48.557+0000: [GC (Allocation Failure) 2020-10-29T13:18:48.557+0000: [ParNew: 16388K->4K(18432K), 0.0029853 secs] 555626K->539242K(896640K), 0.0030441 secs] [Times: user=0.00 sys=0.00, real=0.00 secs] 
2020-10-29T13:18:48.575+0000: [GC (Allocation Failure) 2020-10-29T13:18:48.575+0000: [ParNew: 16388K->4K(18432K), 0.0029969 secs] 555626K->539242K(896640K), 0.0030587 secs] [Times: user=0.01 sys=0.00, real=0.00 secs] 
2020-10-29T13:18:48.597+0000: [GC (Allocation Failure) 2020-10-29T13:18:48.597+0000: [ParNew: 16388K->4K(18432K), 0.0029748 secs] 555626K->539242K(896640K), 0.0030330 secs] [Times: user=0.00 sys=0.00, real=0.00 secs] 
2020-10-29T13:18:48.615+0000: [GC (Allocation Failure) 2020-10-29T13:18:48.615+0000: [ParNew: 16388K->4K(18432K), 0.0030194 secs] 555626K->539242K(896640K), 0.0030809 secs] [Times: user=0.01 sys=0.00, real=0.00 secs] 
2020-10-29T13:18:48.637+0000: [GC (Allocation Failure) 2020-10-29T13:18:48.637+0000: [ParNew: 16388K->4K(18432K), 0.0029968 secs] 555626K->539242K(896640K), 0.0030581 secs] [Times: user=0.01 sys=0.00, real=0.00 secs] 
2020-10-29T13:18:48.655+0000: [GC (Allocation Failure) 2020-10-29T13:18:48.655+0000: [ParNew: 16388K->4K(18432K), 0.0035354 secs] 555626K->539242K(896640K), 0.0035935 secs] [Times: user=0.00 sys=0.00, real=0.00 secs] 
2020-10-29T13:18:48.677+0000: [GC (Allocation Failure) 2020-10-29T13:18:48.677+0000: [ParNew: 16388K->4K(18432K), 0.0030131 secs] 555626K->539242K(896640K), 0.0030733 secs] [Times: user=0.00 sys=0.00, real=0.00 secs] 
2020-10-29T13:18:48.695+0000: [GC (Allocation Failure) 2020-10-29T13:18:48.695+0000: [ParNew: 16388K->4K(18432K), 0.0029724 secs] 555626K->539242K(896640K), 0.0030389 secs] [Times: user=0.01 sys=0.00, real=0.00 secs] 
2020-10-29T13:18:48.717+0000: [GC (Allocation Failure) 2020-10-29T13:18:48.717+0000: [ParNew: 16388K->4K(18432K), 0.0029747 secs] 555626K->539242K(896640K), 0.0030324 secs] [Times: user=0.01 sys=0.00, real=0.00 secs] 
2020-10-29T13:18:48.735+0000: [GC (Allocation Failure) 2020-10-29T13:18:48.735+0000: [ParNew: 16388K->4K(18432K), 0.0030156 secs] 555626K->539242K(896640K), 0.0030743 secs] [Times: user=0.00 sys=0.00, real=0.00 secs] 
2020-10-29T13:18:48.756+0000: [GC (Allocation Failure) 2020-10-29T13:18:48.757+0000: [ParNew: 16388K->4K(18432K), 0.0029697 secs] 555626K->539242K(896640K), 0.0030267 secs] [Times: user=0.01 sys=0.00, real=0.00 secs] 
2020-10-29T13:18:48.777+0000: [GC (Allocation Failure) 2020-10-29T13:18:48.777+0000: [ParNew: 16388K->4K(18432K), 0.0029897 secs] 555626K->539242K(896640K), 0.0030492 secs] [Times: user=0.01 sys=0.00, real=0.00 secs] 
2020-10-29T13:18:48.795+0000: [GC (Allocation Failure) 2020-10-29T13:18:48.795+0000: [ParNew: 16388K->4K(18432K), 0.0029836 secs] 555626K->539242K(896640K), 0.0030422 secs] [Times: user=0.00 sys=0.00, real=0.00 secs] 
2020-10-29T13:18:48.816+0000: [GC (Allocation Failure) 2020-10-29T13:18:48.817+0000: [ParNew: 16388K->4K(18432K), 0.0029034 secs] 555626K->539242K(896640K), 0.0029577 secs] [Times: user=0.01 sys=0.00, real=0.00 secs] 
2020-10-29T13:18:48.836+0000: [GC (Allocation Failure) 2020-10-29T13:18:48.837+0000: [ParNew: 16388K->4K(18432K), 0.0028863 secs] 555626K->539242K(896640K), 0.0029399 secs] [Times: user=0.01 sys=0.00, real=0.00 secs] 
2020-10-29T13:18:48.855+0000: [GC (Allocation Failure) 2020-10-29T13:18:48.855+0000: [ParNew: 16388K->4K(18432K), 0.0029404 secs] 555626K->539242K(896640K), 0.0030154 secs] [Times: user=0.01 sys=0.00, real=0.00 secs] 
2020-10-29T13:18:48.876+0000: [GC (Allocation Failure) 2020-10-29T13:18:48.877+0000: [ParNew: 16388K->4K(18432K), 0.0028233 secs] 555626K->539242K(896640K), 0.0028739 secs] [Times: user=0.01 sys=0.00, real=0.00 secs] 
2020-10-29T13:18:48.896+0000: [GC (Allocation Failure) 2020-10-29T13:18:48.897+0000: [ParNew: 16388K->4K(18432K), 0.0028644 secs] 555626K->539242K(896640K), 0.0029170 secs] [Times: user=0.00 sys=0.00, real=0.00 secs] 
2020-10-29T13:18:48.915+0000: [GC (Allocation Failure) 2020-10-29T13:18:48.915+0000: [ParNew: 16388K->4K(18432K), 0.0029487 secs] 555626K->539242K(896640K), 0.0030059 secs] [Times: user=0.01 sys=0.00, real=0.00 secs] 
2020-10-29T13:18:48.933+0000: [GC (Allocation Failure) 2020-10-29T13:18:48.934+0000: [ParNew: 16388K->4K(18432K), 0.0028975 secs] 555626K->539242K(896640K), 0.0029499 secs] [Times: user=0.01 sys=0.00, real=0.00 secs] 
2020-10-29T13:18:48.953+0000: [GC (Allocation Failure) 2020-10-29T13:18:48.953+0000: [ParNew: 16388K->4K(18432K), 0.0029294 secs] 555626K->539242K(896640K), 0.0029847 secs] [Times: user=0.00 sys=0.00, real=0.00 secs] 
2020-10-29T13:18:48.971+0000: [GC (Allocation Failure) 2020-10-29T13:18:48.971+0000: [ParNew: 16388K->4K(18432K), 0.0032913 secs] 555626K->539242K(896640K), 0.0033430 secs] [Times: user=0.01 sys=0.00, real=0.01 secs] 
2020-10-29T13:18:48.990+0000: [GC (Allocation Failure) 2020-10-29T13:18:48.990+0000: [ParNew: 16388K->4K(18432K), 0.0029204 secs] 555626K->539242K(896640K), 0.0029742 secs] [Times: user=0.00 sys=0.00, real=0.01 secs] 
2020-10-29T13:18:49.012+0000: [GC (Allocation Failure) 2020-10-29T13:18:49.012+0000: [ParNew: 16388K->4K(18432K), 0.0029798 secs] 555626K->539242K(896640K), 0.0030386 secs] [Times: user=0.00 sys=0.00, real=0.00 secs] 
2020-10-29T13:18:49.031+0000: [GC (Allocation Failure) 2020-10-29T13:18:49.031+0000: [ParNew: 16388K->4K(18432K), 0.0029113 secs] 555626K->539242K(896640K), 0.0029846 secs] [Times: user=0.01 sys=0.00, real=0.01 secs] 
2020-10-29T13:18:49.053+0000: [GC (Allocation Failure) 2020-10-29T13:18:49.053+0000: [ParNew: 16388K->4K(18432K), 0.0029684 secs] 555626K->539242K(896640K), 0.0030345 secs] [Times: user=0.01 sys=0.00, real=0.00 secs] 
2020-10-29T13:18:49.073+0000: [GC (Allocation Failure) 2020-10-29T13:18:49.073+0000: [ParNew: 16388K->4K(18432K), 0.0029912 secs] 555626K->539242K(896640K), 0.0030504 secs] [Times: user=0.01 sys=0.00, real=0.00 secs] 
2020-10-29T13:18:49.091+0000: [GC (Allocation Failure) 2020-10-29T13:18:49.091+0000: [ParNew: 16388K->4K(18432K), 0.0030481 secs] 555626K->539242K(896640K), 0.0031032 secs] [Times: user=0.00 sys=0.00, real=0.01 secs] 
2020-10-29T13:18:49.112+0000: [GC (Allocation Failure) 2020-10-29T13:18:49.113+0000: [ParNew: 16388K->4K(18432K), 0.0046499 secs] 555626K->539242K(896640K), 0.0047050 secs] [Times: user=0.00 sys=0.00, real=0.00 secs] 
2020-10-29T13:18:49.136+0000: [GC (Allocation Failure) 2020-10-29T13:18:49.137+0000: [ParNew: 16388K->4K(18432K), 0.0028603 secs] 555626K->539242K(896640K), 0.0029139 secs] [Times: user=0.01 sys=0.00, real=0.00 secs] 
2020-10-29T13:18:49.155+0000: [GC (Allocation Failure) 2020-10-29T13:18:49.155+0000: [ParNew: 16388K->4K(18432K), 0.0029681 secs] 555626K->539242K(896640K), 0.0030256 secs] [Times: user=0.00 sys=0.00, real=0.00 secs] 
2020-10-29T13:18:49.173+0000: [GC (Allocation Failure) 2020-10-29T13:18:49.173+0000: [ParNew: 16388K->4K(18432K), 0.0029578 secs] 555626K->539242K(896640K), 0.0030274 secs] [Times: user=0.00 sys=0.00, real=0.00 secs] 
2020-10-29T13:18:49.192+0000: [GC (Allocation Failure) 2020-10-29T13:18:49.192+0000: [ParNew: 16388K->4K(18432K), 0.0029505 secs] 555626K->539242K(896640K), 0.0030038 secs] [Times: user=0.01 sys=0.00, real=0.01 secs] 
2020-10-29T13:18:49.210+0000: [GC (Allocation Failure) 2020-10-29T13:18:49.210+0000: [ParNew: 16388K->4K(18432K), 0.0030235 secs] 555626K->539242K(896640K), 0.0030794 secs] [Times: user=0.00 sys=0.00, real=0.01 secs] 
2020-10-29T13:18:49.233+0000: [GC (Allocation Failure) 2020-10-29T13:18:49.233+0000: [ParNew: 16388K->4K(18432K), 0.0028659 secs] 555626K->539242K(896640K), 0.0029194 secs] [Times: user=0.00 sys=0.00, real=0.00 secs] 
2020-10-29T13:18:49.251+0000: [GC (Allocation Failure) 2020-10-29T13:18:49.251+0000: [ParNew: 16388K->4K(18432K), 0.0028989 secs] 555626K->539242K(896640K), 0.0029520 secs] [Times: user=0.01 sys=0.00, real=0.01 secs] 
2020-10-29T13:18:49.269+0000: [GC (Allocation Failure) 2020-10-29T13:18:49.269+0000: [ParNew: 16388K->4K(18432K), 0.0029463 secs] 555626K->539242K(896640K), 0.0030022 secs] [Times: user=0.00 sys=0.00, real=0.00 secs] 
2020-10-29T13:18:49.288+0000: [GC (Allocation Failure) 2020-10-29T13:18:49.288+0000: [ParNew: 16388K->4K(18432K), 0.0029557 secs] 555626K->539242K(896640K), 0.0030126 secs] [Times: user=0.01 sys=0.00, real=0.00 secs] 
2020-10-29T13:18:49.306+0000: [GC (Allocation Failure) 2020-10-29T13:18:49.306+0000: [ParNew: 16388K->4K(18432K), 0.0029522 secs] 555626K->539242K(896640K), 0.0030086 secs] [Times: user=0.01 sys=0.00, real=0.00 secs] 
2020-10-29T13:18:49.325+0000: [GC (Allocation Failure) 2020-10-29T13:18:49.325+0000: [ParNew: 16388K->4K(18432K), 0.0029663 secs] 555626K->539242K(896640K), 0.0030286 secs] [Times: user=0.00 sys=0.00, real=0.00 secs] 
2020-10-29T13:18:49.344+0000: [GC (Allocation Failure) 2020-10-29T13:18:49.344+0000: [ParNew: 16388K->4K(18432K), 0.0030188 secs] 555626K->539242K(896640K), 0.0030696 secs] [Times: user=0.01 sys=0.00, real=0.01 secs] 
2020-10-29T13:18:49.365+0000: [GC (Allocation Failure) 2020-10-29T13:18:49.365+0000: [ParNew: 16388K->4K(18432K), 0.0028992 secs] 555626K->539242K(896640K), 0.0029529 secs] [Times: user=0.00 sys=0.00, real=0.00 secs] 
2020-10-29T13:18:49.383+0000: [GC (Allocation Failure) 2020-10-29T13:18:49.383+0000: [ParNew: 16388K->4K(18432K), 0.0029081 secs] 555626K->539242K(896640K), 0.0029619 secs] [Times: user=0.01 sys=0.00, real=0.01 secs] 
2020-10-29T13:18:49.401+0000: [GC (Allocation Failure) 2020-10-29T13:18:49.401+0000: [ParNew: 16388K->4K(18432K), 0.0029038 secs] 555626K->539242K(896640K), 0.0029565 secs] [Times: user=0.00 sys=0.00, real=0.00 secs] 
2020-10-29T13:18:49.421+0000: [GC (Allocation Failure) 2020-10-29T13:18:49.421+0000: [ParNew: 16388K->4K(18432K), 0.0028633 secs] 555626K->539242K(896640K), 0.0029149 secs] [Times: user=0.01 sys=0.00, real=0.00 secs] 
2020-10-29T13:18:49.441+0000: [GC (Allocation Failure) 2020-10-29T13:18:49.441+0000: [ParNew: 16388K->4K(18432K), 0.0028605 secs] 555626K->539242K(896640K), 0.0029132 secs] [Times: user=0.00 sys=0.00, real=0.00 secs] 
2020-10-29T13:18:49.460+0000: [GC (Allocation Failure) 2020-10-29T13:18:49.461+0000: [ParNew: 16388K->4K(18432K), 0.0028669 secs] 555626K->539242K(896640K), 0.0029189 secs] [Times: user=0.01 sys=0.00, real=0.00 secs] 
2020-10-29T13:18:49.481+0000: [GC (Allocation Failure) 2020-10-29T13:18:49.481+0000: [ParNew: 16388K->4K(18432K), 0.0028705 secs] 555626K->539242K(896640K), 0.0029225 secs] [Times: user=0.00 sys=0.00, real=0.00 secs] 
2020-10-29T13:18:49.499+0000: [GC (Allocation Failure) 2020-10-29T13:18:49.499+0000: [ParNew: 16388K->4K(18432K), 0.0028806 secs] 555626K->539242K(896640K), 0.0029320 secs] [Times: user=0.01 sys=0.00, real=0.00 secs] 
2020-10-29T13:18:49.521+0000: [GC (Allocation Failure) 2020-10-29T13:18:49.521+0000: [ParNew: 16388K->4K(18432K), 0.0028923 secs] 555626K->539242K(896640K), 0.0029461 secs] [Times: user=0.01 sys=0.00, real=0.00 secs] 
2020-10-29T13:18:49.539+0000: [GC (Allocation Failure) 2020-10-29T13:18:49.539+0000: [ParNew: 16388K->4K(18432K), 0.0028220 secs] 555626K->539242K(896640K), 0.0028721 secs] [Times: user=0.00 sys=0.00, real=0.00 secs] 
2020-10-29T13:18:49.557+0000: [GC (Allocation Failure) 2020-10-29T13:18:49.557+0000: [ParNew: 16388K->4K(18432K), 0.0028743 secs] 555626K->539242K(896640K), 0.0029268 secs] [Times: user=0.01 sys=0.00, real=0.00 secs] 
2020-10-29T13:18:49.576+0000: [GC (Allocation Failure) 2020-10-29T13:18:49.577+0000: [ParNew: 16388K->4K(18432K), 0.0028761 secs] 555626K->539242K(896640K), 0.0029291 secs] [Times: user=0.01 sys=0.00, real=0.00 secs] 
2020-10-29T13:18:49.595+0000: [GC (Allocation Failure) 2020-10-29T13:18:49.595+0000: [ParNew: 16388K->4K(18432K), 0.0030094 secs] 555626K->539242K(896640K), 0.0030690 secs] [Times: user=0.00 sys=0.00, real=0.00 secs] 
2020-10-29T13:18:49.617+0000: [GC (Allocation Failure) 2020-10-29T13:18:49.617+0000: [ParNew: 16388K->4K(18432K), 0.0029647 secs] 555626K->539242K(896640K), 0.0030218 secs] [Times: user=0.01 sys=0.00, real=0.00 secs] 
2020-10-29T13:18:49.637+0000: [GC (Allocation Failure) 2020-10-29T13:18:49.637+0000: [ParNew: 16388K->4K(18432K), 0.0030059 secs] 555626K->539242K(896640K), 0.0030658 secs] [Times: user=0.00 sys=0.00, real=0.00 secs] 
2020-10-29T13:18:49.655+0000: [GC (Allocation Failure) 2020-10-29T13:18:49.655+0000: [ParNew: 16388K->4K(18432K), 0.0029906 secs] 555626K->539242K(896640K), 0.0030507 secs] [Times: user=0.01 sys=0.00, real=0.00 secs] 
2020-10-29T13:18:49.676+0000: [GC (Allocation Failure) 2020-10-29T13:18:49.677+0000: [ParNew: 16388K->4K(18432K), 0.0028792 secs] 555626K->539242K(896640K), 0.0029320 secs] [Times: user=0.01 sys=0.00, real=0.00 secs] 
2020-10-29T13:18:49.695+0000: [GC (Allocation Failure) 2020-10-29T13:18:49.695+0000: [ParNew: 16388K->4K(18432K), 0.0029032 secs] 555626K->539242K(896640K), 0.0029579 secs] [Times: user=0.01 sys=0.00, real=0.00 secs] 
2020-10-29T13:18:49.713+0000: [GC (Allocation Failure) 2020-10-29T13:18:49.713+0000: [ParNew: 16388K->4K(18432K), 0.0028226 secs] 555626K->539242K(896640K), 0.0028753 secs] [Times: user=0.00 sys=0.00, real=0.00 secs] 
2020-10-29T13:18:49.732+0000: [GC (Allocation Failure) 2020-10-29T13:18:49.732+0000: [ParNew: 16388K->4K(18432K), 0.0028633 secs] 555626K->539242K(896640K), 0.0029151 secs] [Times: user=0.01 sys=0.00, real=0.00 secs] 
2020-10-29T13:18:49.753+0000: [GC (Allocation Failure) 2020-10-29T13:18:49.753+0000: [ParNew: 16388K->4K(18432K), 0.0029282 secs] 555626K->539242K(896640K), 0.0029840 secs] [Times: user=0.01 sys=0.00, real=0.00 secs] 
2020-10-29T13:18:49.771+0000: [GC (Allocation Failure) 2020-10-29T13:18:49.771+0000: [ParNew: 16388K->4K(18432K), 0.0029732 secs] 555626K->539242K(896640K), 0.0030307 secs] [Times: user=0.00 sys=0.00, real=0.01 secs] 
2020-10-29T13:18:49.793+0000: [GC (Allocation Failure) 2020-10-29T13:18:49.793+0000: [ParNew: 16388K->4K(18432K), 0.0029441 secs] 555626K->539242K(896640K), 0.0030012 secs] [Times: user=0.00 sys=0.00, real=0.00 secs] 
2020-10-29T13:18:49.811+0000: [GC (Allocation Failure) 2020-10-29T13:18:49.811+0000: [ParNew: 16388K->4K(18432K), 0.0029555 secs] 555626K->539242K(896640K), 0.0030245 secs] [Times: user=0.01 sys=0.00, real=0.01 secs] 
2020-10-29T13:18:49.830+0000: [GC (Allocation Failure) 2020-10-29T13:18:49.830+0000: [ParNew: 16388K->4K(18432K), 0.0029858 secs] 555626K->539242K(896640K), 0.0030430 secs] [Times: user=0.00 sys=0.00, real=0.01 secs] 
2020-10-29T13:18:49.852+0000: [GC (Allocation Failure) 2020-10-29T13:18:49.852+0000: [ParNew: 16388K->4K(18432K), 0.0029891 secs] 555626K->539242K(896640K), 0.0030606 secs] [Times: user=0.01 sys=0.00, real=0.01 secs] 
2020-10-29T13:18:49.871+0000: [GC (Allocation Failure) 2020-10-29T13:18:49.871+0000: [ParNew: 16388K->4K(18432K), 0.0030159 secs] 555626K->539242K(896640K), 0.0030755 secs] [Times: user=0.00 sys=0.00, real=0.01 secs] 
2020-10-29T13:18:49.890+0000: [GC (Allocation Failure) 2020-10-29T13:18:49.890+0000: [ParNew: 16388K->4K(18432K), 0.0030453 secs] 555626K->539242K(896640K), 0.0031042 secs] [Times: user=0.01 sys=0.00, real=0.01 secs] 
2020-10-29T13:18:49.912+0000: [GC (Allocation Failure) 2020-10-29T13:18:49.912+0000: [ParNew: 16388K->4K(18432K), 0.0029591 secs] 555626K->539242K(896640K), 0.0030295 secs] [Times: user=0.01 sys=0.00, real=0.01 secs] 
2020-10-29T13:18:49.931+0000: [GC (Allocation Failure) 2020-10-29T13:18:49.931+0000: [ParNew: 16388K->4K(18432K), 0.0029605 secs] 555626K->539242K(896640K), 0.0030179 secs] [Times: user=0.00 sys=0.00, real=0.01 secs] 
2020-10-29T13:18:49.950+0000: [GC (Allocation Failure) 2020-10-29T13:18:49.950+0000: [ParNew: 16388K->4K(18432K), 0.0030082 secs] 555626K->539242K(896640K), 0.0030678 secs] [Times: user=0.00 sys=0.00, real=0.01 secs] 
2020-10-29T13:18:49.968+0000: [GC (Allocation Failure) 2020-10-29T13:18:49.968+0000: [ParNew: 16388K->4K(18432K), 0.0029590 secs] 555626K->539242K(896640K), 0.0030537 secs] [Times: user=0.01 sys=0.00, real=0.00 secs] 
2020-10-29T13:18:49.989+0000: [GC (Allocation Failure) 2020-10-29T13:18:49.989+0000: [ParNew: 16388K->4K(18432K), 0.0029547 secs] 555626K->539242K(896640K), 0.0030135 secs] [Times: user=0.01 sys=0.00, real=0.00 secs] 
2020-10-29T13:18:50.007+0000: [GC (Allocation Failure) 2020-10-29T13:18:50.007+0000: [ParNew: 16388K->4K(18432K), 0.0030207 secs] 555626K->539242K(896640K), 0.0030776 secs] [Times: user=0.00 sys=0.00, real=0.00 secs] 
2020-10-29T13:18:50.026+0000: [GC (Allocation Failure) 2020-10-29T13:18:50.026+0000: [ParNew: 16388K->4K(18432K), 0.0029515 secs] 555626K->539242K(896640K), 0.0030055 secs] [Times: user=0.01 sys=0.00, real=0.00 secs] 
2020-10-29T13:18:50.045+0000: [GC (Allocation Failure) 2020-10-29T13:18:50.045+0000: [ParNew: 16388K->4K(18432K), 0.0029891 secs] 555626K->539242K(896640K), 0.0030475 secs] [Times: user=0.00 sys=0.00, real=0.00 secs] 
2020-10-29T13:18:50.065+0000: [GC (Allocation Failure) 2020-10-29T13:18:50.065+0000: [ParNew: 16388K->4K(18432K), 0.0030026 secs] 555626K->539242K(896640K), 0.0030589 secs] [Times: user=0.00 sys=0.00, real=0.00 secs] 
2020-10-29T13:18:50.084+0000: [GC (Allocation Failure) 2020-10-29T13:18:50.085+0000: [ParNew: 16388K->4K(18432K), 0.0029673 secs] 555626K->539242K(896640K), 0.0030242 secs] [Times: user=0.01 sys=0.00, real=0.00 secs] 
2020-10-29T13:18:50.103+0000: [GC (Allocation Failure) 2020-10-29T13:18:50.103+0000: [ParNew: 16388K->4K(18432K), 0.0029152 secs] 555626K->539242K(896640K), 0.0029678 secs] [Times: user=0.00 sys=0.00, real=0.01 secs] 
2020-10-29T13:18:50.122+0000: [GC (Allocation Failure) 2020-10-29T13:18:50.122+0000: [ParNew: 16388K->4K(18432K), 0.0108676 secs] 555626K->539242K(896640K), 0.0109410 secs] [Times: user=0.01 sys=0.00, real=0.02 secs] 
2020-10-29T13:18:50.148+0000: [GC (Allocation Failure) 2020-10-29T13:18:50.148+0000: [ParNew: 16388K->4K(18432K), 0.0030309 secs] 555626K->539242K(896640K), 0.0030989 secs] [Times: user=0.01 sys=0.00, real=0.00 secs] 
2020-10-29T13:18:50.167+0000: [GC (Allocation Failure) 2020-10-29T13:18:50.167+0000: [ParNew: 16388K->4K(18432K), 0.0030579 secs] 555626K->539242K(896640K), 0.0031153 secs] [Times: user=0.01 sys=0.00, real=0.00 secs] 
2020-10-29T13:18:50.185+0000: [GC (Allocation Failure) 2020-10-29T13:18:50.185+0000: [ParNew: 16388K->4K(18432K), 0.0030167 secs] 555626K->539242K(896640K), 0.0030763 secs] [Times: user=0.00 sys=0.01, real=0.00 secs] 
2020-10-29T13:18:50.204+0000: [GC (Allocation Failure) 2020-10-29T13:18:50.204+0000: [ParNew: 16388K->4K(18432K), 0.0030156 secs] 555626K->539242K(896640K), 0.0030760 secs] [Times: user=0.01 sys=0.00, real=0.01 secs] 
2020-10-29T13:18:50.223+0000: [GC (Allocation Failure) 2020-10-29T13:18:50.223+0000: [ParNew: 16388K->4K(18432K), 0.0029911 secs] 555626K->539242K(896640K), 0.0030498 secs] [Times: user=0.00 sys=0.00, real=0.01 secs] 
2020-10-29T13:18:50.245+0000: [GC (Allocation Failure) 2020-10-29T13:18:50.245+0000: [ParNew: 16388K->4K(18432K), 0.0029493 secs] 555626K->539242K(896640K), 0.0030059 secs] [Times: user=0.00 sys=0.00, real=0.00 secs] 
2020-10-29T13:18:50.264+0000: [GC (Allocation Failure) 2020-10-29T13:18:50.265+0000: [ParNew: 16388K->4K(18432K), 0.0028435 secs] 555626K->539242K(896640K), 0.0028960 secs] [Times: user=0.01 sys=0.00, real=0.00 secs] 
2020-10-29T13:18:50.283+0000: [GC (Allocation Failure) 2020-10-29T13:18:50.283+0000: [ParNew: 16388K->4K(18432K), 0.0028405 secs] 555626K->539242K(896640K), 0.0028916 secs] [Times: user=0.00 sys=0.00, real=0.01 secs] 
2020-10-29T13:18:50.301+0000: [GC (Allocation Failure) 2020-10-29T13:18:50.301+0000: [ParNew: 16388K->4K(18432K), 0.0029061 secs] 555626K->539242K(896640K), 0.0029596 secs] [Times: user=0.01 sys=0.00, real=0.00 secs] 
2020-10-29T13:18:50.320+0000: [GC (Allocation Failure) 2020-10-29T13:18:50.320+0000: [ParNew: 16388K->4K(18432K), 0.0029473 secs] 555626K->539242K(896640K), 0.0030003 secs] [Times: user=0.00 sys=0.00, real=0.00 secs] 
2020-10-29T13:18:50.338+0000: [GC (Allocation Failure) 2020-10-29T13:18:50.338+0000: [ParNew: 16388K->4K(18432K), 0.0028883 secs] 555626K->539242K(896640K), 0.0029405 secs] [Times: user=0.01 sys=0.00, real=0.00 secs] 
2020-10-29T13:18:50.357+0000: [GC (Allocation Failure) 2020-10-29T13:18:50.357+0000: [ParNew: 16388K->4K(18432K), 0.0029641 secs] 555626K->539242K(896640K), 0.0030195 secs] [Times: user=0.01 sys=0.00, real=0.00 secs] 
2020-10-29T13:18:50.375+0000: [GC (Allocation Failure) 2020-10-29T13:18:50.375+0000: [ParNew: 16388K->4K(18432K), 0.0030323 secs] 555626K->539242K(896640K), 0.0030897 secs] [Times: user=0.00 sys=0.00, real=0.00 secs] 
2020-10-29T13:18:50.397+0000: [GC (Allocation Failure) 2020-10-29T13:18:50.397+0000: [ParNew: 16388K->4K(18432K), 0.0030700 secs] 555626K->539242K(896640K), 0.0031285 secs] [Times: user=0.00 sys=0.00, real=0.00 secs] 
2020-10-29T13:18:50.417+0000: [GC (Allocation Failure) 2020-10-29T13:18:50.417+0000: [ParNew: 16388K->4K(18432K), 0.0029999 secs] 555626K->539242K(896640K), 0.0030591 secs] [Times: user=0.00 sys=0.00, real=0.00 secs] 
2020-10-29T13:18:50.435+0000: [GC (Allocation Failure) 2020-10-29T13:18:50.435+0000: [ParNew: 16388K->4K(18432K), 0.0030058 secs] 555626K->539242K(896640K), 0.0030643 secs] [Times: user=0.01 sys=0.00, real=0.00 secs] 
2020-10-29T13:18:50.455+0000: [GC (Allocation Failure) 2020-10-29T13:18:50.455+0000: [ParNew: 16388K->4K(18432K), 0.0029986 secs] 555626K->539242K(896640K), 0.0030595 secs] [Times: user=0.01 sys=0.00, real=0.00 secs] 
2020-10-29T13:18:50.474+0000: [GC (Allocation Failure) 2020-10-29T13:18:50.474+0000: [ParNew: 16388K->4K(18432K), 0.0029551 secs] 555626K->539242K(896640K), 0.0030109 secs] [Times: user=0.00 sys=0.00, real=0.00 secs] 
2020-10-29T13:18:50.497+0000: [GC (Allocation Failure) 2020-10-29T13:18:50.497+0000: [ParNew: 16388K->4K(18432K), 0.0029186 secs] 555626K->539242K(896640K), 0.0029737 secs] [Times: user=0.01 sys=0.00, real=0.00 secs] 
2020-10-29T13:18:50.516+0000: [GC (Allocation Failure) 2020-10-29T13:18:50.517+0000: [ParNew: 16388K->4K(18432K), 0.0029241 secs] 555626K->539242K(896640K), 0.0029790 secs] [Times: user=0.01 sys=0.00, real=0.00 secs] 
2020-10-29T13:18:50.536+0000: [GC (Allocation Failure) 2020-10-29T13:18:50.537+0000: [ParNew: 16388K->4K(18432K), 0.0029382 secs] 555626K->539242K(896640K), 0.0029944 secs] [Times: user=0.01 sys=0.00, real=0.00 secs] 
2020-10-29T13:18:50.559+0000: [GC (Allocation Failure) 2020-10-29T13:18:50.559+0000: [ParNew: 16388K->4K(18432K), 0.0030270 secs] 555626K->539242K(896640K), 0.0030865 secs] [Times: user=0.01 sys=0.00, real=0.00 secs] 
2020-10-29T13:18:50.581+0000: [GC (Allocation Failure) 2020-10-29T13:18:50.581+0000: [ParNew: 16388K->4K(18432K), 0.0029852 secs] 555626K->539243K(896640K), 0.0030421 secs] [Times: user=0.01 sys=0.00, real=0.00 secs] 
2020-10-29T13:18:50.599+0000: [GC (Allocation Failure) 2020-10-29T13:18:50.599+0000: [ParNew: 16388K->4K(18432K), 0.0029286 secs] 555627K->539243K(896640K), 0.0029838 secs] [Times: user=0.00 sys=0.00, real=0.00 secs] 
2020-10-29T13:18:50.621+0000: [GC (Allocation Failure) 2020-10-29T13:18:50.621+0000: [ParNew: 16388K->4K(18432K), 0.0032925 secs] 555627K->539243K(896640K), 0.0033530 secs] [Times: user=0.00 sys=0.00, real=0.00 secs] 
2020-10-29T13:18:50.640+0000: [GC (Allocation Failure) 2020-10-29T13:18:50.640+0000: [ParNew: 16388K->4K(18432K), 0.0029964 secs] 555627K->539243K(896640K), 0.0030554 secs] [Times: user=0.01 sys=0.00, real=0.00 secs] 
2020-10-29T13:18:50.659+0000: [GC (Allocation Failure) 2020-10-29T13:18:50.659+0000: [ParNew: 16388K->4K(18432K), 0.0027970 secs] 555627K->539243K(896640K), 0.0028485 secs] [Times: user=0.01 sys=0.00, real=0.00 secs] 
2020-10-29T13:18:50.680+0000: [GC (Allocation Failure) 2020-10-29T13:18:50.681+0000: [ParNew: 16388K->4K(18432K), 0.0027119 secs] 555627K->539243K(896640K), 0.0027593 secs] [Times: user=0.00 sys=0.00, real=0.00 secs] 
2020-10-29T13:18:50.699+0000: [GC (Allocation Failure) 2020-10-29T13:18:50.699+0000: [ParNew: 16388K->4K(18432K), 0.0028624 secs] 555627K->539243K(896640K), 0.0029216 secs] [Times: user=0.00 sys=0.00, real=0.00 secs] 
2020-10-29T13:18:50.721+0000: [GC (Allocation Failure) 2020-10-29T13:18:50.721+0000: [ParNew: 16388K->4K(18432K), 0.0033409 secs] 555627K->539243K(896640K), 0.0034007 secs] [Times: user=0.00 sys=0.00, real=0.01 secs] 
2020-10-29T13:18:50.744+0000: [GC (Allocation Failure) 2020-10-29T13:18:50.744+0000: [ParNew: 16388K->4K(18432K), 0.0029888 secs] 555627K->539243K(896640K), 0.0030473 secs] [Times: user=0.00 sys=0.00, real=0.01 secs] 
2020-10-29T13:18:50.763+0000: [GC (Allocation Failure) 2020-10-29T13:18:50.763+0000: [ParNew: 16388K->4K(18432K), 0.0029668 secs] 555627K->539243K(896640K), 0.0030204 secs] [Times: user=0.00 sys=0.00, real=0.01 secs] 
2020-10-29T13:18:50.781+0000: [GC (Allocation Failure) 2020-10-29T13:18:50.781+0000: [ParNew: 16388K->4K(18432K), 0.0030504 secs] 555627K->539243K(896640K), 0.0031101 secs] [Times: user=0.00 sys=0.00, real=0.00 secs] 
2020-10-29T13:18:50.800+0000: [GC (Allocation Failure) 2020-10-29T13:18:50.800+0000: [ParNew: 16388K->4K(18432K), 0.0029857 secs] 555627K->539243K(896640K), 0.0030445 secs] [Times: user=0.01 sys=0.00, real=0.00 secs] 
2020-10-29T13:18:50.818+0000: [GC (Allocation Failure) 2020-10-29T13:18:50.818+0000: [ParNew: 16388K->4K(18432K), 0.0030189 secs] 555627K->539243K(896640K), 0.0030772 secs] [Times: user=0.00 sys=0.00, real=0.00 secs] 
2020-10-29T13:18:50.837+0000: [GC (Allocation Failure) 2020-10-29T13:18:50.837+0000: [ParNew: 16388K->4K(18432K), 0.0029569 secs] 555627K->539243K(896640K), 0.0030193 secs] [Times: user=0.01 sys=0.00, real=0.00 secs] 
2020-10-29T13:18:50.856+0000: [GC (Allocation Failure) 2020-10-29T13:18:50.857+0000: [ParNew: 16388K->4K(18432K), 0.0028706 secs] 555627K->539243K(896640K), 0.0029252 secs] [Times: user=0.00 sys=0.00, real=0.00 secs] 
2020-10-29T13:18:50.875+0000: [GC (Allocation Failure) 2020-10-29T13:18:50.875+0000: [ParNew: 16388K->4K(18432K), 0.0028968 secs] 555627K->539243K(896640K), 0.0029509 secs] [Times: user=0.00 sys=0.00, real=0.00 secs] 
2020-10-29T13:18:50.893+0000: [GC (Allocation Failure) 2020-10-29T13:18:50.893+0000: [ParNew: 16388K->4K(18432K), 0.0028649 secs] 555627K->539243K(896640K), 0.0029285 secs] [Times: user=0.01 sys=0.00, real=0.00 secs] 
2020-10-29T13:18:50.912+0000: [GC (Allocation Failure) 2020-10-29T13:18:50.913+0000: [ParNew: 16388K->4K(18432K), 0.0027764 secs] 555627K->539243K(896640K), 0.0028250 secs] [Times: user=0.00 sys=0.00, real=0.00 secs] 
2020-10-29T13:18:50.932+0000: [GC (Allocation Failure) 2020-10-29T13:18:50.933+0000: [ParNew: 16388K->4K(18432K), 0.0028248 secs] 555627K->539243K(896640K), 0.0028758 secs] [Times: user=0.01 sys=0.00, real=0.00 secs] 
2020-10-29T13:18:50.953+0000: [GC (Allocation Failure) 2020-10-29T13:18:50.953+0000: [ParNew: 16388K->4K(18432K), 0.0029092 secs] 555627K->539243K(896640K), 0.0029656 secs] [Times: user=0.01 sys=0.00, real=0.00 secs] 
2020-10-29T13:18:50.971+0000: [GC (Allocation Failure) 2020-10-29T13:18:50.971+0000: [ParNew: 16388K->4K(18432K), 0.0029824 secs] 555627K->539243K(896640K), 0.0030386 secs] [Times: user=0.01 sys=0.00, real=0.01 secs] 
2020-10-29T13:18:50.990+0000: [GC (Allocation Failure) 2020-10-29T13:18:50.990+0000: [ParNew: 16388K->4K(18432K), 0.0029888 secs] 555627K->539243K(896640K), 0.0030427 secs] [Times: user=0.00 sys=0.00, real=0.01 secs] 
2020-10-29T13:18:51.012+0000: [GC (Allocation Failure) 2020-10-29T13:18:51.012+0000: [ParNew: 16388K->4K(18432K), 0.0028881 secs] 555627K->539243K(896640K), 0.0029585 secs] [Times: user=0.00 sys=0.00, real=0.00 secs] 
2020-10-29T13:18:51.033+0000: [GC (Allocation Failure) 2020-10-29T13:18:51.033+0000: [ParNew: 16388K->4K(18432K), 0.0029452 secs] 555627K->539243K(896640K), 0.0030010 secs] [Times: user=0.01 sys=0.00, real=0.00 secs] 
2020-10-29T13:18:51.052+0000: [GC (Allocation Failure) 2020-10-29T13:18:51.053+0000: [ParNew: 16388K->4K(18432K), 0.0028277 secs] 555627K->539243K(896640K), 0.0028804 secs] [Times: user=0.00 sys=0.00, real=0.00 secs] 
2020-10-29T13:18:51.072+0000: [GC (Allocation Failure) 2020-10-29T13:18:51.073+0000: [ParNew: 16388K->4K(18432K), 0.0028859 secs] 555627K->539243K(896640K), 0.0029381 secs] [Times: user=0.00 sys=0.00, real=0.00 secs] 
2020-10-29T13:18:51.091+0000: [GC (Allocation Failure) 2020-10-29T13:18:51.091+0000: [ParNew: 16388K->4K(18432K), 0.0029099 secs] 555627K->539243K(896640K), 0.0029645 secs] [Times: user=0.01 sys=0.00, real=0.01 secs] 
2020-10-29T13:18:51.109+0000: [GC (Allocation Failure) 2020-10-29T13:18:51.109+0000: [ParNew: 16388K->4K(18432K), 0.0028573 secs] 555627K->539243K(896640K), 0.0029117 secs] [Times: user=0.01 sys=0.00, real=0.00 secs] 
2020-10-29T13:18:51.128+0000: [GC (Allocation Failure) 2020-10-29T13:18:51.128+0000: [ParNew: 16388K->4K(18432K), 0.0028439 secs] 555627K->539243K(896640K), 0.0028952 secs] [Times: user=0.01 sys=0.00, real=0.00 secs] 
2020-10-29T13:18:51.146+0000: [GC (Allocation Failure) 2020-10-29T13:18:51.146+0000: [ParNew: 16388K->4K(18432K), 0.0029234 secs] 555627K->539243K(896640K), 0.0029934 secs] [Times: user=0.01 sys=0.00, real=0.00 secs] 
2020-10-29T13:18:51.165+0000: [GC (Allocation Failure) 2020-10-29T13:18:51.165+0000: [ParNew: 16388K->4K(18432K), 0.0029625 secs] 555627K->539243K(896640K), 0.0030267 secs] [Times: user=0.00 sys=0.00, real=0.00 secs] 
2020-10-29T13:18:51.183+0000: [GC (Allocation Failure) 2020-10-29T13:18:51.183+0000: [ParNew: 16388K->4K(18432K), 0.0029388 secs] 555627K->539243K(896640K), 0.0029952 secs] [Times: user=0.01 sys=0.00, real=0.01 secs] 
2020-10-29T13:18:51.201+0000: [GC (Allocation Failure) 2020-10-29T13:18:51.201+0000: [ParNew: 16388K->4K(18432K), 0.0030521 secs] 555627K->539243K(896640K), 0.0031135 secs] [Times: user=0.01 sys=0.00, real=0.01 secs] 
2020-10-29T13:18:51.220+0000: [GC (Allocation Failure) 2020-10-29T13:18:51.220+0000: [ParNew: 16388K->4K(18432K), 0.0030228 secs] 555627K->539243K(896640K), 0.0030815 secs] [Times: user=0.00 sys=0.00, real=0.00 secs] 
2020-10-29T13:18:51.238+0000: [GC (Allocation Failure) 2020-10-29T13:18:51.239+0000: [ParNew: 16388K->4K(18432K), 0.0029378 secs] 555627K->539243K(896640K), 0.0029922 secs] [Times: user=0.01 sys=0.00, real=0.00 secs] 
2020-10-29T13:18:51.257+0000: [GC (Allocation Failure) 2020-10-29T13:18:51.257+0000: [ParNew: 16388K->4K(18432K), 0.0028892 secs] 555627K->539243K(896640K), 0.0029414 secs] [Times: user=0.00 sys=0.00, real=0.00 secs] 
2020-10-29T13:18:51.275+0000: [GC (Allocation Failure) 2020-10-29T13:18:51.275+0000: [ParNew: 16388K->4K(18432K), 0.0027667 secs] 555627K->539243K(896640K), 0.0028178 secs] [Times: user=0.01 sys=0.00, real=0.00 secs] 
2020-10-29T13:18:51.294+0000: [GC (Allocation Failure) 2020-10-29T13:18:51.294+0000: [ParNew: 16388K->4K(18432K), 0.0028735 secs] 555627K->539243K(896640K), 0.0029268 secs] [Times: user=0.00 sys=0.00, real=0.00 secs] 
2020-10-29T13:18:51.312+0000: [GC (Allocation Failure) 2020-10-29T13:18:51.312+0000: [ParNew: 16388K->4K(18432K), 0.0029514 secs] 555627K->539243K(896640K), 0.0030080 secs] [Times: user=0.00 sys=0.00, real=0.01 secs] 
2020-10-29T13:18:51.330+0000: [GC (Allocation Failure) 2020-10-29T13:18:51.330+0000: [ParNew: 16388K->4K(18432K), 0.0029976 secs] 555627K->539243K(896640K), 0.0030529 secs] [Times: user=0.00 sys=0.00, real=0.01 secs] 
2020-10-29T13:18:51.353+0000: [GC (Allocation Failure) 2020-10-29T13:18:51.353+0000: [ParNew: 16388K->4K(18432K), 0.0029833 secs] 555627K->539243K(896640K), 0.0030379 secs] [Times: user=0.00 sys=0.00, real=0.00 secs] 
2020-10-29T13:18:51.371+0000: [GC (Allocation Failure) 2020-10-29T13:18:51.371+0000: [ParNew: 16388K->4K(18432K), 0.0030091 secs] 555627K->539243K(896640K), 0.0030701 secs] [Times: user=0.01 sys=0.00, real=0.01 secs] 
2020-10-29T13:18:51.390+0000: [GC (Allocation Failure) 2020-10-29T13:18:51.390+0000: [ParNew: 16388K->4K(18432K), 0.0029944 secs] 555627K->539243K(896640K), 0.0030541 secs] [Times: user=0.01 sys=0.00, real=0.01 secs] 
2020-10-29T13:18:51.408+0000: [GC (Allocation Failure) 2020-10-29T13:18:51.408+0000: [ParNew: 16388K->4K(18432K), 0.0029651 secs] 555627K->539243K(896640K), 0.0030361 secs] [Times: user=0.00 sys=0.00, real=0.00 secs] 
2020-10-29T13:18:51.427+0000: [GC (Allocation Failure) 2020-10-29T13:18:51.427+0000: [ParNew: 16388K->4K(18432K), 0.0028994 secs] 555627K->539243K(896640K), 0.0029530 secs] [Times: user=0.01 sys=0.00, real=0.00 secs] 
2020-10-29T13:18:51.445+0000: [GC (Allocation Failure) 2020-10-29T13:18:51.445+0000: [ParNew: 16388K->4K(18432K), 0.0030351 secs] 555627K->539243K(896640K), 0.0030987 secs] [Times: user=0.00 sys=0.00, real=0.00 secs] 
2020-10-29T13:18:51.465+0000: [GC (Allocation Failure) 2020-10-29T13:18:51.465+0000: [ParNew: 16388K->4K(18432K), 0.0029640 secs] 555627K->539243K(896640K), 0.0030207 secs] [Times: user=0.01 sys=0.00, real=0.00 secs] 
2020-10-29T13:18:51.483+0000: [GC (Allocation Failure) 2020-10-29T13:18:51.483+0000: [ParNew: 16388K->4K(18432K), 0.0028640 secs] 555627K->539243K(896640K), 0.0029151 secs] [Times: user=0.01 sys=0.00, real=0.01 secs] 
2020-10-29T13:18:51.505+0000: [GC (Allocation Failure) 2020-10-29T13:18:51.505+0000: [ParNew: 16388K->4K(18432K), 0.0029195 secs] 555627K->539243K(896640K), 0.0029751 secs] [Times: user=0.01 sys=0.00, real=0.00 secs] 
2020-10-29T13:18:51.525+0000: [GC (Allocation Failure) 2020-10-29T13:18:51.525+0000: [ParNew: 16388K->4K(18432K), 0.0029786 secs] 555627K->539243K(896640K), 0.0030336 secs] [Times: user=0.00 sys=0.00, real=0.00 secs] 
2020-10-29T13:18:51.543+0000: [GC (Allocation Failure) 2020-10-29T13:18:51.543+0000: [ParNew: 16388K->4K(18432K), 0.0029703 secs] 555627K->539243K(896640K), 0.0030268 secs] [Times: user=0.01 sys=0.00, real=0.01 secs] 
2020-10-29T13:18:51.561+0000: [GC (Allocation Failure) 2020-10-29T13:18:51.561+0000: [ParNew: 16388K->4K(18432K), 0.0029793 secs] 555627K->539243K(896640K), 0.0030386 secs] [Times: user=0.00 sys=0.00, real=0.01 secs] 
2020-10-29T13:18:51.581+0000: [GC (Allocation Failure) 2020-10-29T13:18:51.581+0000: [ParNew: 16388K->4K(18432K), 0.0030039 secs] 555627K->539243K(896640K), 0.0030648 secs] [Times: user=0.01 sys=0.00, real=0.00 secs] 
2020-10-29T13:18:51.599+0000: [GC (Allocation Failure) 2020-10-29T13:18:51.599+0000: [ParNew: 16388K->4K(18432K), 0.0030083 secs] 555627K->539243K(896640K), 0.0030762 secs] [Times: user=0.01 sys=0.00, real=0.00 secs] 
2020-10-29T13:18:51.619+0000: [GC (Allocation Failure) 2020-10-29T13:18:51.619+0000: [ParNew: 16388K->4K(18432K), 0.0029752 secs] 555627K->539243K(896640K), 0.0030331 secs] [Times: user=0.00 sys=0.00, real=0.00 secs] 
2020-10-29T13:18:51.638+0000: [GC (Allocation Failure) 2020-10-29T13:18:51.638+0000: [ParNew: 16388K->4K(18432K), 0.0030196 secs] 555627K->539243K(896640K), 0.0030792 secs] [Times: user=0.01 sys=0.00, real=0.00 secs] 
2020-10-29T13:18:51.656+0000: [GC (Allocation Failure) 2020-10-29T13:18:51.657+0000: [ParNew: 16388K->4K(18432K), 0.0030032 secs] 555627K->539243K(896640K), 0.0030620 secs] [Times: user=0.00 sys=0.00, real=0.00 secs] 
2020-10-29T13:18:51.676+0000: [GC (Allocation Failure) 2020-10-29T13:18:51.677+0000: [ParNew: 16388K->4K(18432K), 0.0029850 secs] 555627K->539243K(896640K), 0.0030425 secs] [Times: user=0.01 sys=0.00, real=0.00 secs] 
2020-10-29T13:18:51.695+0000: [GC (Allocation Failure) 2020-10-29T13:18:51.695+0000: [ParNew: 16388K->4K(18432K), 0.0030102 secs] 555627K->539243K(896640K), 0.0030676 secs] [Times: user=0.00 sys=0.00, real=0.00 secs] 
2020-10-29T13:18:51.714+0000: [GC (Allocation Failure) 2020-10-29T13:18:51.714+0000: [ParNew: 16388K->4K(18432K), 0.0028919 secs] 555627K->539243K(896640K), 0.0029437 secs] [Times: user=0.00 sys=0.00, real=0.00 secs] 
2020-10-29T13:18:51.736+0000: [GC (Allocation Failure) 2020-10-29T13:18:51.736+0000: [ParNew: 16388K->4K(18432K), 0.0029908 secs] 555627K->539243K(896640K), 0.0030488 secs] [Times: user=0.00 sys=0.00, real=0.00 secs] 
2020-10-29T13:18:51.754+0000: [GC (Allocation Failure) 2020-10-29T13:18:51.755+0000: [ParNew: 16388K->4K(18432K), 0.0030228 secs] 555627K->539243K(896640K), 0.0030817 secs] [Times: user=0.01 sys=0.00, real=0.00 secs] 
2020-10-29T13:18:51.777+0000: [GC (Allocation Failure) 2020-10-29T13:18:51.777+0000: [ParNew: 16388K->4K(18432K), 0.0029322 secs] 555627K->539243K(896640K), 0.0029879 secs] [Times: user=0.01 sys=0.00, real=0.00 secs] 
2020-10-29T13:18:51.795+0000: [GC (Allocation Failure) 2020-10-29T13:18:51.795+0000: [ParNew: 16388K->4K(18432K), 0.0028717 secs] 555627K->539243K(896640K), 0.0029239 secs] [Times: user=0.01 sys=0.00, real=0.00 secs] 
2020-10-29T13:18:51.813+0000: [GC (Allocation Failure) 2020-10-29T13:18:51.814+0000: [ParNew: 16388K->4K(18432K), 0.0028211 secs] 555627K->539243K(896640K), 0.0028734 secs] [Times: user=0.00 sys=0.00, real=0.00 secs] 
2020-10-29T13:18:51.832+0000: [GC (Allocation Failure) 2020-10-29T13:18:51.833+0000: [ParNew: 16388K->4K(18432K), 0.0028790 secs] 555627K->539243K(896640K), 0.0029319 secs] [Times: user=0.00 sys=0.00, real=0.00 secs] 
2020-10-29T13:18:51.851+0000: [GC (Allocation Failure) 2020-10-29T13:18:51.851+0000: [ParNew: 16388K->4K(18432K), 0.0028433 secs] 555627K->539243K(896640K), 0.0028945 secs] [Times: user=0.01 sys=0.00, real=0.01 secs] 
2020-10-29T13:18:51.869+0000: [GC (Allocation Failure) 2020-10-29T13:18:51.869+0000: [ParNew: 16388K->4K(18432K), 0.0030104 secs] 555627K->539243K(896640K), 0.0030688 secs] [Times: user=0.00 sys=0.00, real=0.01 secs] 
2020-10-29T13:18:51.888+0000: [GC (Allocation Failure) 2020-10-29T13:18:51.888+0000: [ParNew: 16388K->4K(18432K), 0.0029102 secs] 555627K->539243K(896640K), 0.0029631 secs] [Times: user=0.01 sys=0.00, real=0.00 secs] 
2020-10-29T13:18:51.906+0000: [GC (Allocation Failure) 2020-10-29T13:18:51.906+0000: [ParNew: 16388K->4K(18432K), 0.0029621 secs] 555627K->539243K(896640K), 0.0030172 secs] [Times: user=0.00 sys=0.00, real=0.00 secs] 
2020-10-29T13:18:51.925+0000: [GC (Allocation Failure) 2020-10-29T13:18:51.925+0000: [ParNew: 16388K->4K(18432K), 0.0029311 secs] 555627K->539243K(896640K), 0.0029873 secs] [Times: user=0.01 sys=0.00, real=0.00 secs] 
2020-10-29T13:18:51.943+0000: [GC (Allocation Failure) 2020-10-29T13:18:51.943+0000: [ParNew: 16388K->4K(18432K), 0.0029805 secs] 555627K->539243K(896640K), 0.0030358 secs] [Times: user=0.01 sys=0.00, real=0.01 secs] 
2020-10-29T13:18:51.965+0000: [GC (Allocation Failure) 2020-10-29T13:18:51.965+0000: [ParNew: 16388K->4K(18432K), 0.0030267 secs] 555627K->539243K(896640K), 0.0030960 secs] [Times: user=0.00 sys=0.00, real=0.00 secs] 
2020-10-29T13:18:51.984+0000: [GC (Allocation Failure) 2020-10-29T13:18:51.984+0000: [ParNew: 16388K->4K(18432K), 0.0030156 secs] 555627K->539243K(896640K), 0.0030734 secs] [Times: user=0.01 sys=0.00, real=0.01 secs] 
2020-10-29T13:18:52.002+0000: [GC (Allocation Failure) 2020-10-29T13:18:52.002+0000: [ParNew: 16388K->4K(18432K), 0.0029648 secs] 555627K->539243K(896640K), 0.0030226 secs] [Times: user=0.00 sys=0.00, real=0.01 secs] 
2020-10-29T13:18:52.021+0000: [GC (Allocation Failure) 2020-10-29T13:18:52.021+0000: [ParNew: 16388K->4K(18432K), 0.0030123 secs] 555627K->539243K(896640K), 0.0030691 secs] [Times: user=0.01 sys=0.00, real=0.00 secs] 
2020-10-29T13:18:52.039+0000: [GC (Allocation Failure) 2020-10-29T13:18:52.039+0000: [ParNew: 16388K->4K(18432K), 0.0030539 secs] 555627K->539243K(896640K), 0.0031057 secs] [Times: user=0.00 sys=0.00, real=0.00 secs] 
2020-10-29T13:18:52.061+0000: [GC (Allocation Failure) 2020-10-29T13:18:52.061+0000: [ParNew: 16388K->4K(18432K), 0.0029634 secs] 555627K->539243K(896640K), 0.0030267 secs] [Times: user=0.00 sys=0.00, real=0.00 secs] 
2020-10-29T13:18:52.081+0000: [GC (Allocation Failure) 2020-10-29T13:18:52.081+0000: [ParNew: 16388K->4K(18432K), 0.0048332 secs] 555627K->539243K(896640K), 0.0048859 secs] [Times: user=0.01 sys=0.00, real=0.01 secs] 
2020-10-29T13:18:52.101+0000: [GC (Allocation Failure) 2020-10-29T13:18:52.101+0000: [ParNew: 16388K->4K(18432K), 0.0030002 secs] 555627K->539243K(896640K), 0.0030601 secs] [Times: user=0.01 sys=0.00, real=0.00 secs] 
2020-10-29T13:18:52.119+0000: [GC (Allocation Failure) 2020-10-29T13:18:52.120+0000: [ParNew: 16388K->4K(18432K), 0.0029811 secs] 555627K->539243K(896640K), 0.0030380 secs] [Times: user=0.00 sys=0.00, real=0.00 secs] 
2020-10-29T13:18:52.138+0000: [GC (Allocation Failure) 2020-10-29T13:18:52.138+0000: [ParNew: 16388K->4K(18432K), 0.0029322 secs] 555627K->539243K(896640K), 0.0029863 secs] [Times: user=0.01 sys=0.00, real=0.00 secs] 
2020-10-29T13:18:52.160+0000: [GC (Allocation Failure) 2020-10-29T13:18:52.161+0000: [ParNew: 16388K->4K(18432K), 0.0029713 secs] 555627K->539243K(896640K), 0.0030282 secs] [Times: user=0.01 sys=0.00, real=0.00 secs] 
2020-10-29T13:18:52.181+0000: [GC (Allocation Failure) 2020-10-29T13:18:52.181+0000: [ParNew: 16388K->4K(18432K), 0.0030238 secs] 555627K->539243K(896640K), 0.0030831 secs] [Times: user=0.00 sys=0.00, real=0.00 secs] 
2020-10-29T13:18:52.201+0000: [GC (Allocation Failure) 2020-10-29T13:18:52.201+0000: [ParNew: 16388K->4K(18432K), 0.0030013 secs] 555627K->539243K(896640K), 0.0030598 secs] [Times: user=0.01 sys=0.00, real=0.00 secs] 
2020-10-29T13:18:52.219+0000: [GC (Allocation Failure) 2020-10-29T13:18:52.219+0000: [ParNew: 16388K->4K(18432K), 0.0028955 secs] 555627K->539243K(896640K), 0.0029492 secs] [Times: user=0.01 sys=0.00, real=0.00 secs] 
2020-10-29T13:18:52.237+0000: [GC (Allocation Failure) 2020-10-29T13:18:52.237+0000: [ParNew: 16388K->4K(18432K), 0.0030049 secs] 555627K->539243K(896640K), 0.0030676 secs] [Times: user=0.00 sys=0.00, real=0.00 secs] 
2020-10-29T13:18:52.256+0000: [GC (Allocation Failure) 2020-10-29T13:18:52.257+0000: [ParNew: 16388K->4K(18432K), 0.0029894 secs] 555627K->539243K(896640K), 0.0030498 secs] [Times: user=0.01 sys=0.00, real=0.00 secs] 
2020-10-29T13:18:52.275+0000: [GC (Allocation Failure) 2020-10-29T13:18:52.275+0000: [ParNew: 16388K->4K(18432K), 0.0029611 secs] 555627K->539243K(896640K), 0.0030174 secs] [Times: user=0.00 sys=0.00, real=0.00 secs] 
2020-10-29T13:18:52.297+0000: [GC (Allocation Failure) 2020-10-29T13:18:52.297+0000: [ParNew: 16388K->4K(18432K), 0.0029288 secs] 555627K->539243K(896640K), 0.0029847 secs] [Times: user=0.00 sys=0.00, real=0.00 secs] 
2020-10-29T13:18:52.317+0000: [GC (Allocation Failure) 2020-10-29T13:18:52.317+0000: [ParNew: 16388K->4K(18432K), 0.0029980 secs] 555627K->539243K(896640K), 0.0030577 secs] [Times: user=0.00 sys=0.00, real=0.00 secs] 
2020-10-29T13:18:52.335+0000: [GC (Allocation Failure) 2020-10-29T13:18:52.335+0000: [ParNew: 16388K->4K(18432K), 0.0030209 secs] 555627K->539243K(896640K), 0.0030935 secs] [Times: user=0.01 sys=0.00, real=0.00 secs] 
2020-10-29T13:18:52.354+0000: [GC (Allocation Failure) 2020-10-29T13:18:52.354+0000: [ParNew: 16388K->4K(18432K), 0.0028932 secs] 555627K->539243K(896640K), 0.0029465 secs] [Times: user=0.00 sys=0.00, real=0.00 secs] 
2020-10-29T13:18:52.372+0000: [GC (Allocation Failure) 2020-10-29T13:18:52.372+0000: [ParNew: 16388K->4K(18432K), 0.0030008 secs] 555627K->539243K(896640K), 0.0030574 secs] [Times: user=0.01 sys=0.00, real=0.01 secs] 
2020-10-29T13:18:52.391+0000: [GC (Allocation Failure) 2020-10-29T13:18:52.391+0000: [ParNew: 16388K->4K(18432K), 0.0028841 secs] 555627K->539243K(896640K), 0.0029363 secs] [Times: user=0.01 sys=0.00, real=0.01 secs] 
2020-10-29T13:18:52.409+0000: [GC (Allocation Failure) 2020-10-29T13:18:52.409+0000: [ParNew: 16388K->4K(18432K), 0.0029684 secs] 555627K->539243K(896640K), 0.0030258 secs] [Times: user=0.00 sys=0.00, real=0.00 secs] 
2020-10-29T13:18:52.429+0000: [GC (Allocation Failure) 2020-10-29T13:18:52.429+0000: [ParNew: 16388K->4K(18432K), 0.0029626 secs] 555627K->539243K(896640K), 0.0030202 secs] [Times: user=0.01 sys=0.00, real=0.00 secs] 
2020-10-29T13:18:52.447+0000: [GC (Allocation Failure) 2020-10-29T13:18:52.447+0000: [ParNew: 16388K->4K(18432K), 0.0029182 secs] 555627K->539243K(896640K), 0.0029739 secs] [Times: user=0.00 sys=0.00, real=0.00 secs] 
2020-10-29T13:18:52.466+0000: [GC (Allocation Failure) 2020-10-29T13:18:52.466+0000: [ParNew: 16388K->4K(18432K), 0.0030528 secs] 555627K->539243K(896640K), 0.0031136 secs] [Times: user=0.01 sys=0.00, real=0.00 secs] 
2020-10-29T13:18:52.484+0000: [GC (Allocation Failure) 2020-10-29T13:18:52.484+0000: [ParNew: 16388K->4K(18432K), 0.0029969 secs] 555627K->539243K(896640K), 0.0030844 secs] [Times: user=0.00 sys=0.00, real=0.01 secs] 
2020-10-29T13:18:52.503+0000: [GC (Allocation Failure) 2020-10-29T13:18:52.503+0000: [ParNew: 16388K->4K(18432K), 0.0029935 secs] 555627K->539243K(896640K), 0.0030494 secs] [Times: user=0.00 sys=0.00, real=0.01 secs] 
2020-10-29T13:18:52.525+0000: [GC (Allocation Failure) 2020-10-29T13:18:52.525+0000: [ParNew: 16388K->4K(18432K), 0.0029698 secs] 555627K->539243K(896640K), 0.0030274 secs] [Times: user=0.01 sys=0.00, real=0.00 secs] 
2020-10-29T13:18:52.545+0000: [GC (Allocation Failure) 2020-10-29T13:18:52.545+0000: [ParNew: 16388K->4K(18432K), 0.0029484 secs] 555627K->539243K(896640K), 0.0030047 secs] [Times: user=0.01 sys=0.00, real=0.00 secs] 
2020-10-29T13:18:52.563+0000: [GC (Allocation Failure) 2020-10-29T13:18:52.563+0000: [ParNew: 16388K->4K(18432K), 0.0030525 secs] 555627K->539243K(896640K), 0.0031124 secs] [Times: user=0.00 sys=0.00, real=0.01 secs] 
2020-10-29T13:18:52.585+0000: [GC (Allocation Failure) 2020-10-29T13:18:52.585+0000: [ParNew: 16388K->4K(18432K), 0.0029929 secs] 555627K->539243K(896640K), 0.0030636 secs] [Times: user=0.00 sys=0.00, real=0.00 secs] 
2020-10-29T13:18:52.603+0000: [GC (Allocation Failure) 2020-10-29T13:18:52.603+0000: [ParNew: 16388K->4K(18432K), 0.0029912 secs] 555627K->539243K(896640K), 0.0030499 secs] [Times: user=0.01 sys=0.00, real=0.01 secs] 
2020-10-29T13:18:52.622+0000: [GC (Allocation Failure) 2020-10-29T13:18:52.622+0000: [ParNew: 16388K->4K(18432K), 0.0029981 secs] 555627K->539243K(896640K), 0.0030569 secs] [Times: user=0.01 sys=0.00, real=0.01 secs] 
2020-10-29T13:18:52.641+0000: [GC (Allocation Failure) 2020-10-29T13:18:52.641+0000: [ParNew: 16388K->4K(18432K), 0.0029149 secs] 555627K->539243K(896640K), 0.0029686 secs] [Times: user=0.01 sys=0.00, real=0.00 secs] 
2020-10-29T13:18:52.659+0000: [GC (Allocation Failure) 2020-10-29T13:18:52.659+0000: [ParNew: 16388K->4K(18432K), 0.0030550 secs] 555627K->539243K(896640K), 0.0031129 secs] [Times: user=0.01 sys=0.00, real=0.00 secs] 
2020-10-29T13:18:52.678+0000: [GC (Allocation Failure) 2020-10-29T13:18:52.678+0000: [ParNew: 16388K->4K(18432K), 0.0029967 secs] 555627K->539243K(896640K), 0.0030550 secs] [Times: user=0.00 sys=0.00, real=0.00 secs] 
2020-10-29T13:18:52.696+0000: [GC (Allocation Failure) 2020-10-29T13:18:52.696+0000: [ParNew: 16388K->4K(18432K), 0.0028813 secs] 555627K->539243K(896640K), 0.0029449 secs] [Times: user=0.01 sys=0.00, real=0.00 secs] 
2020-10-29T13:18:52.716+0000: [GC (Allocation Failure) 2020-10-29T13:18:52.717+0000: [ParNew: 16388K->4K(18432K), 0.0046194 secs] 555627K->539243K(896640K), 0.0046685 secs] [Times: user=0.01 sys=0.00, real=0.00 secs] 
2020-10-29T13:18:52.737+0000: [GC (Allocation Failure) 2020-10-29T13:18:52.737+0000: [ParNew: 16388K->4K(18432K), 0.0029962 secs] 555627K->539243K(896640K), 0.0030521 secs] [Times: user=0.00 sys=0.00, real=0.00 secs] 
2020-10-29T13:18:52.755+0000: [GC (Allocation Failure) 2020-10-29T13:18:52.755+0000: [ParNew: 16388K->4K(18432K), 0.0029598 secs] 555627K->539244K(896640K), 0.0030172 secs] [Times: user=0.01 sys=0.00, real=0.00 secs] 
2020-10-29T13:18:52.774+0000: [GC (Allocation Failure) 2020-10-29T13:18:52.774+0000: [ParNew: 16388K->4K(18432K), 0.0030025 secs] 555628K->539244K(896640K), 0.0030623 secs] [Times: user=0.01 sys=0.00, real=0.00 secs] 
2020-10-29T13:18:52.793+0000: [GC (Allocation Failure) 2020-10-29T13:18:52.793+0000: [ParNew: 16388K->4K(18432K), 0.0030182 secs] 555628K->539244K(896640K), 0.0030780 secs] [Times: user=0.00 sys=0.00, real=0.00 secs] 
2020-10-29T13:18:52.813+0000: [GC (Allocation Failure) 2020-10-29T13:18:52.813+0000: [ParNew: 16388K->4K(18432K), 0.0029972 secs] 555628K->539244K(896640K), 0.0030567 secs] [Times: user=0.01 sys=0.00, real=0.00 secs] 
2020-10-29T13:18:52.831+0000: [GC (Allocation Failure) 2020-10-29T13:18:52.831+0000: [ParNew: 16388K->4K(18432K), 0.0029986 secs] 555628K->539244K(896640K), 0.0030593 secs] [Times: user=0.00 sys=0.00, real=0.01 secs] 
2020-10-29T13:18:52.850+0000: [GC (Allocation Failure) 2020-10-29T13:18:52.850+0000: [ParNew: 16388K->4K(18432K), 0.0030061 secs] 555628K->539244K(896640K), 0.0030649 secs] [Times: user=0.01 sys=0.00, real=0.01 secs] 
2020-10-29T13:18:52.868+0000: [GC (Allocation Failure) 2020-10-29T13:18:52.868+0000: [ParNew: 16388K->4K(18432K), 0.0029937 secs] 555628K->539244K(896640K), 0.0030527 secs] [Times: user=0.00 sys=0.00, real=0.00 secs] 
2020-10-29T13:18:52.887+0000: [GC (Allocation Failure) 2020-10-29T13:18:52.887+0000: [ParNew: 16388K->4K(18432K), 0.0030343 secs] 555628K->539244K(896640K), 0.0030972 secs] [Times: user=0.01 sys=0.00, real=0.00 secs] 
2020-10-29T13:18:52.905+0000: [GC (Allocation Failure) 2020-10-29T13:18:52.905+0000: [ParNew: 16388K->4K(18432K), 0.0029332 secs] 555628K->539244K(896640K), 0.0029957 secs] [Times: user=0.01 sys=0.00, real=0.00 secs] 
2020-10-29T13:18:52.924+0000: [GC (Allocation Failure) 2020-10-29T13:18:52.924+0000: [ParNew: 16388K->4K(18432K), 0.0028943 secs] 555628K->539244K(896640K), 0.0029477 secs] [Times: user=0.00 sys=0.00, real=0.01 secs] 
2020-10-29T13:18:52.945+0000: [GC (Allocation Failure) 2020-10-29T13:18:52.945+0000: [ParNew: 16388K->4K(18432K), 0.0030002 secs] 555628K->539244K(896640K), 0.0030606 secs] [Times: user=0.00 sys=0.00, real=0.00 secs] 
2020-10-29T13:18:52.965+0000: [GC (Allocation Failure) 2020-10-29T13:18:52.965+0000: [ParNew: 16388K->4K(18432K), 0.0030048 secs] 555628K->539244K(896640K), 0.0030650 secs] [Times: user=0.00 sys=0.00, real=0.00 secs] 
2020-10-29T13:18:52.983+0000: [GC (Allocation Failure) 2020-10-29T13:18:52.983+0000: [ParNew: 16388K->4K(18432K), 0.0028853 secs] 555628K->539244K(896640K), 0.0029372 secs] [Times: user=0.00 sys=0.00, real=0.01 secs] 
2020-10-29T13:18:53.002+0000: [GC (Allocation Failure) 2020-10-29T13:18:53.002+0000: [ParNew: 16388K->4K(18432K), 0.0030578 secs] 555628K->539244K(896640K), 0.0031175 secs] [Times: user=0.01 sys=0.00, real=0.01 secs] 
2020-10-29T13:18:53.020+0000: [GC (Allocation Failure) 2020-10-29T13:18:53.021+0000: [ParNew: 16388K->4K(18432K), 0.0029870 secs] 555628K->539244K(896640K), 0.0030453 secs] [Times: user=0.00 sys=0.00, real=0.00 secs] 
2020-10-29T13:18:53.039+0000: [GC (Allocation Failure) 2020-10-29T13:18:53.039+0000: [ParNew: 16388K->4K(18432K), 0.0029838 secs] 555628K->539244K(896640K), 0.0030562 secs] [Times: user=0.01 sys=0.00, real=0.00 secs] 
2020-10-29T13:18:53.057+0000: [GC (Allocation Failure) 2020-10-29T13:18:53.057+0000: [ParNew: 16388K->4K(18432K), 0.0028744 secs] 555628K->539244K(896640K), 0.0029284 secs] [Times: user=0.00 sys=0.00, real=0.00 secs] 
2020-10-29T13:18:53.077+0000: [GC (Allocation Failure) 2020-10-29T13:18:53.077+0000: [ParNew: 16388K->4K(18432K), 0.0028594 secs] 555628K->539244K(896640K), 0.0029133 secs] [Times: user=0.00 sys=0.00, real=0.00 secs] 
2020-10-29T13:18:53.095+0000: [GC (Allocation Failure) 2020-10-29T13:18:53.095+0000: [ParNew: 16388K->4K(18432K), 0.0029499 secs] 555628K->539244K(896640K), 0.0030058 secs] [Times: user=0.01 sys=0.00, real=0.00 secs] 
2020-10-29T13:18:53.117+0000: [GC (Allocation Failure) 2020-10-29T13:18:53.117+0000: [ParNew: 16388K->4K(18432K), 0.0029512 secs] 555628K->539244K(896640K), 0.0030064 secs] [Times: user=0.01 sys=0.00, real=0.00 secs] 
2020-10-29T13:18:53.139+0000: [GC (Allocation Failure) 2020-10-29T13:18:53.139+0000: [ParNew: 16388K->4K(18432K), 0.0030048 secs] 555628K->539244K(896640K), 0.0030607 secs] [Times: user=0.00 sys=0.00, real=0.00 secs] 
2020-10-29T13:18:53.158+0000: [GC (Allocation Failure) 2020-10-29T13:18:53.158+0000: [ParNew: 16388K->4K(18432K), 0.0028819 secs] 555628K->539244K(896640K), 0.0029425 secs] [Times: user=0.01 sys=0.00, real=0.00 secs] 
2020-10-29T13:18:53.176+0000: [GC (Allocation Failure) 2020-10-29T13:18:53.176+0000: [ParNew: 16388K->4K(18432K), 0.0028514 secs] 555628K->539244K(896640K), 0.0029023 secs] [Times: user=0.00 sys=0.00, real=0.00 secs] 
2020-10-29T13:18:53.195+0000: [GC (Allocation Failure) 2020-10-29T13:18:53.195+0000: [ParNew: 16388K->4K(18432K), 0.0027906 secs] 555628K->539244K(896640K), 0.0028407 secs] [Times: user=0.01 sys=0.00, real=0.00 secs] 
2020-10-29T13:18:53.213+0000: [GC (Allocation Failure) 2020-10-29T13:18:53.213+0000: [ParNew: 16388K->4K(18432K), 0.0028332 secs] 555628K->539244K(896640K), 0.0028846 secs] [Times: user=0.00 sys=0.00, real=0.00 secs] 
2020-10-29T13:18:53.232+0000: [GC (Allocation Failure) 2020-10-29T13:18:53.233+0000: [ParNew: 16388K->4K(18432K), 0.0057012 secs] 555628K->539244K(896640K), 0.0057537 secs] [Times: user=0.00 sys=0.00, real=0.00 secs] 
2020-10-29T13:18:53.257+0000: [GC (Allocation Failure) 2020-10-29T13:18:53.257+0000: [ParNew: 16388K->4K(18432K), 0.0029524 secs] 555628K->539244K(896640K), 0.0030105 secs] [Times: user=0.00 sys=0.00, real=0.00 secs] 
2020-10-29T13:18:53.277+0000: [GC (Allocation Failure) 2020-10-29T13:18:53.277+0000: [ParNew: 16388K->4K(18432K), 0.0029379 secs] 555628K->539244K(896640K), 0.0029936 secs] [Times: user=0.00 sys=0.00, real=0.00 secs] 
2020-10-29T13:18:53.297+0000: [GC (Allocation Failure) 2020-10-29T13:18:53.297+0000: [ParNew: 16388K->4K(18432K), 0.0029426 secs] 555628K->539244K(896640K), 0.0029987 secs] [Times: user=0.00 sys=0.00, real=0.00 secs] 
2020-10-29T13:18:53.315+0000: [GC (Allocation Failure) 2020-10-29T13:18:53.315+0000: [ParNew: 16388K->4K(18432K), 0.0030395 secs] 555628K->539244K(896640K), 0.0031029 secs] [Times: user=0.01 sys=0.00, real=0.00 secs] 
2020-10-29T13:18:53.334+0000: [GC (Allocation Failure) 2020-10-29T13:18:53.334+0000: [ParNew: 16388K->4K(18432K), 0.0030446 secs] 555628K->539244K(896640K), 0.0031037 secs] [Times: user=0.00 sys=0.00, real=0.00 secs] 
2020-10-29T13:18:53.353+0000: [GC (Allocation Failure) 2020-10-29T13:18:53.353+0000: [ParNew: 16388K->4K(18432K), 0.0029401 secs] 555628K->539244K(896640K), 0.0029925 secs] [Times: user=0.01 sys=0.00, real=0.00 secs] 
2020-10-29T13:18:53.371+0000: [GC (Allocation Failure) 2020-10-29T13:18:53.371+0000: [ParNew: 16388K->4K(18432K), 0.0030067 secs] 555628K->539244K(896640K), 0.0030637 secs] [Times: user=0.01 sys=0.00, real=0.01 secs] 
2020-10-29T13:18:53.390+0000: [GC (Allocation Failure) 2020-10-29T13:18:53.390+0000: [ParNew: 16388K->4K(18432K), 0.0027029 secs] 555628K->539244K(896640K), 0.0027606 secs] [Times: user=0.00 sys=0.00, real=0.01 secs] 
2020-10-29T13:18:53.408+0000: [GC (Allocation Failure) 2020-10-29T13:18:53.408+0000: [ParNew: 16388K->4K(18432K), 0.0029738 secs] 555628K->539244K(896640K), 0.0030408 secs] [Times: user=0.01 sys=0.00, real=0.00 secs] 
2020-10-29T13:18:53.428+0000: [GC (Allocation Failure) 2020-10-29T13:18:53.429+0000: [ParNew: 16388K->4K(18432K), 0.0029332 secs] 555628K->539244K(896640K), 0.0029878 secs] [Times: user=0.01 sys=0.00, real=0.00 secs] 
2020-10-29T13:18:53.449+0000: [GC (Allocation Failure) 2020-10-29T13:18:53.449+0000: [ParNew: 16388K->4K(18432K), 0.0029874 secs] 555628K->539244K(896640K), 0.0030467 secs] [Times: user=0.01 sys=0.00, real=0.00 secs] 
2020-10-29T13:18:53.469+0000: [GC (Allocation Failure) 2020-10-29T13:18:53.469+0000: [ParNew: 16388K->4K(18432K), 0.0029917 secs] 555628K->539244K(896640K), 0.0030502 secs] [Times: user=0.00 sys=0.00, real=0.00 secs] 
2020-10-29T13:18:53.487+0000: [GC (Allocation Failure) 2020-10-29T13:18:53.487+0000: [ParNew: 16388K->4K(18432K), 0.0028736 secs] 555628K->539244K(896640K), 0.0029254 secs] [Times: user=0.01 sys=0.00, real=0.00 secs] 
2020-10-29T13:18:53.506+0000: [GC (Allocation Failure) 2020-10-29T13:18:53.506+0000: [ParNew: 16388K->4K(18432K), 0.0029111 secs] 555628K->539244K(896640K), 0.0029635 secs] [Times: user=0.00 sys=0.00, real=0.00 secs] 
2020-10-29T13:18:53.524+0000: [GC (Allocation Failure) 2020-10-29T13:18:53.524+0000: [ParNew: 16388K->4K(18432K), 0.0028740 secs] 555628K->539244K(896640K), 0.0029255 secs] [Times: user=0.01 sys=0.00, real=0.01 secs] 
2020-10-29T13:18:53.544+0000: [GC (Allocation Failure) 2020-10-29T13:18:53.545+0000: [ParNew: 16388K->4K(18432K), 0.0028356 secs] 555628K->539244K(896640K), 0.0028865 secs] [Times: user=0.00 sys=0.00, real=0.00 secs] 
2020-10-29T13:18:53.563+0000: [GC (Allocation Failure) 2020-10-29T13:18:53.563+0000: [ParNew: 16388K->4K(18432K), 0.0028737 secs] 555628K->539244K(896640K), 0.0029260 secs] [Times: user=0.01 sys=0.00, real=0.01 secs] 
2020-10-29T13:18:53.581+0000: [GC (Allocation Failure) 2020-10-29T13:18:53.581+0000: [ParNew: 16388K->4K(18432K), 0.0028593 secs] 555628K->539244K(896640K), 0.0029103 secs] [Times: user=0.01 sys=0.00, real=0.00 secs] 
2020-10-29T13:18:53.600+0000: [GC (Allocation Failure) 2020-10-29T13:18:53.600+0000: [ParNew: 16388K->4K(18432K), 0.0029024 secs] 555628K->539244K(896640K), 0.0029567 secs] [Times: user=0.00 sys=0.00, real=0.00 secs] 
2020-10-29T13:18:53.619+0000: [GC (Allocation Failure) 2020-10-29T13:18:53.619+0000: [ParNew: 16388K->4K(18432K), 0.0029632 secs] 555628K->539244K(896640K), 0.0030224 secs] [Times: user=0.01 sys=0.00, real=0.00 secs] 
2020-10-29T13:18:53.638+0000: [GC (Allocation Failure) 2020-10-29T13:18:53.638+0000: [ParNew: 16388K->4K(18432K), 0.0029554 secs] 555628K->539244K(896640K), 0.0030110 secs] [Times: user=0.01 sys=0.00, real=0.00 secs] 
2020-10-29T13:18:53.656+0000: [GC (Allocation Failure) 2020-10-29T13:18:53.656+0000: [ParNew: 16388K->4K(18432K), 0.0029992 secs] 555628K->539244K(896640K), 0.0030571 secs] [Times: user=0.00 sys=0.00, real=0.00 secs] 
2020-10-29T13:18:53.677+0000: [GC (Allocation Failure) 2020-10-29T13:18:53.677+0000: [ParNew: 16388K->4K(18432K), 0.0030068 secs] 555628K->539244K(896640K), 0.0030663 secs] [Times: user=0.00 sys=0.00, real=0.00 secs] 
2020-10-29T13:18:53.697+0000: [GC (Allocation Failure) 2020-10-29T13:18:53.697+0000: [ParNew: 16388K->4K(18432K), 0.0029998 secs] 555628K->539244K(896640K), 0.0030584 secs] [Times: user=0.01 sys=0.00, real=0.00 secs] 
2020-10-29T13:18:53.717+0000: [GC (Allocation Failure) 2020-10-29T13:18:53.717+0000: [ParNew: 16388K->4K(18432K), 0.0029599 secs] 555628K->539244K(896640K), 0.0030178 secs] [Times: user=0.00 sys=0.00, real=0.00 secs] 
2020-10-29T13:18:53.735+0000: [GC (Allocation Failure) 2020-10-29T13:18:53.735+0000: [ParNew: 16388K->4K(18432K), 0.0029857 secs] 555628K->539244K(896640K), 0.0030407 secs] [Times: user=0.00 sys=0.00, real=0.00 secs] 
2020-10-29T13:18:53.754+0000: [GC (Allocation Failure) 2020-10-29T13:18:53.754+0000: [ParNew: 16388K->4K(18432K), 0.0029572 secs] 555628K->539244K(896640K), 0.0030131 secs] [Times: user=0.00 sys=0.00, real=0.00 secs] 
2020-10-29T13:18:53.776+0000: [GC (Allocation Failure) 2020-10-29T13:18:53.776+0000: [ParNew: 16388K->4K(18432K), 0.0029341 secs] 555628K->539244K(896640K), 0.0029888 secs] [Times: user=0.00 sys=0.00, real=0.00 secs] 
2020-10-29T13:18:53.795+0000: [GC (Allocation Failure) 2020-10-29T13:18:53.795+0000: [ParNew: 16388K->4K(18432K), 0.0029923 secs] 555628K->539244K(896640K), 0.0030513 secs] [Times: user=0.01 sys=0.00, real=0.00 secs] 
2020-10-29T13:18:53.813+0000: [GC (Allocation Failure) 2020-10-29T13:18:53.813+0000: [ParNew: 16388K->4K(18432K), 0.0029808 secs] 555628K->539244K(896640K), 0.0030696 secs] [Times: user=0.00 sys=0.00, real=0.00 secs] 
2020-10-29T13:18:53.832+0000: [GC (Allocation Failure) 2020-10-29T13:18:53.832+0000: [ParNew: 16388K->4K(18432K), 0.0030245 secs] 555628K->539244K(896640K), 0.0030835 secs] [Times: user=0.01 sys=0.00, real=0.01 secs] 
2020-10-29T13:18:53.853+0000: [GC (Allocation Failure) 2020-10-29T13:18:53.853+0000: [ParNew: 16388K->4K(18432K), 0.0029762 secs] 555628K->539244K(896640K), 0.0030347 secs] [Times: user=0.01 sys=0.00, real=0.00 secs] 
2020-10-29T13:18:53.871+0000: [GC (Allocation Failure) 2020-10-29T13:18:53.871+0000: [ParNew: 16388K->4K(18432K), 0.0030734 secs] 555628K->539244K(896640K), 0.0031356 secs] [Times: user=0.01 sys=0.00, real=0.01 secs] 
2020-10-29T13:18:53.890+0000: [GC (Allocation Failure) 2020-10-29T13:18:53.890+0000: [ParNew: 16388K->4K(18432K), 0.0030025 secs] 555628K->539244K(896640K), 0.0030618 secs] [Times: user=0.00 sys=0.00, real=0.01 secs] 
2020-10-29T13:18:53.909+0000: [GC (Allocation Failure) 2020-10-29T13:18:53.909+0000: [ParNew: 16388K->4K(18432K), 0.0029838 secs] 555628K->539244K(896640K), 0.0030416 secs] [Times: user=0.00 sys=0.00, real=0.00 secs] 
2020-10-29T13:18:53.931+0000: [GC (Allocation Failure) 2020-10-29T13:18:53.931+0000: [ParNew: 16388K->6K(18432K), 0.0030351 secs] 555628K->539246K(896640K), 0.0030933 secs] [Times: user=0.00 sys=0.00, real=0.01 secs] 
2020-10-29T13:18:53.956+0000: [GC (Allocation Failure) 2020-10-29T13:18:53.956+0000: [ParNew: 16390K->6K(18432K), 0.0030351 secs] 555630K->539246K(896640K), 0.0031086 secs] [Times: user=0.00 sys=0.00, real=0.00 secs] 
2020-10-29T13:18:53.977+0000: [GC (Allocation Failure) 2020-10-29T13:18:53.977+0000: [ParNew: 16390K->8K(18432K), 0.0029796 secs] 555630K->539248K(896640K), 0.0030388 secs] [Times: user=0.01 sys=0.00, real=0.00 secs] 
2020-10-29T13:18:53.997+0000: [GC (Allocation Failure) 2020-10-29T13:18:53.997+0000: [ParNew: 16392K->8K(18432K), 0.0029384 secs] 555632K->539248K(896640K), 0.0029940 secs] [Times: user=0.01 sys=0.00, real=0.00 secs] 
2020-10-29T13:18:54.015+0000: [GC (Allocation Failure) 2020-10-29T13:18:54.015+0000: [ParNew: 16392K->6K(18432K), 0.0030550 secs] 555632K->539246K(896640K), 0.0031122 secs] [Times: user=0.00 sys=0.00, real=0.00 secs] 
2020-10-29T13:18:54.037+0000: [GC (Allocation Failure) 2020-10-29T13:18:54.037+0000: [ParNew: 16390K->8K(18432K), 0.0030162 secs] 555630K->539248K(896640K), 0.0030739 secs] [Times: user=0.01 sys=0.00, real=0.00 secs] 
2020-10-29T13:18:54.057+0000: [GC (Allocation Failure) 2020-10-29T13:18:54.057+0000: [ParNew: 16392K->6K(18432K), 0.0029815 secs] 555632K->539248K(896640K), 0.0030366 secs] [Times: user=0.00 sys=0.00, real=0.00 secs] 
2020-10-29T13:18:54.075+0000: [GC (Allocation Failure) 2020-10-29T13:18:54.075+0000: [ParNew: 16390K->4K(18432K), 0.0029535 secs] 555632K->539247K(896640K), 0.0030098 secs] [Times: user=0.01 sys=0.00, real=0.00 secs] 
2020-10-29T13:18:54.097+0000: [GC (Allocation Failure) 2020-10-29T13:18:54.097+0000: [ParNew: 16388K->4K(18432K), 0.0028763 secs] 555631K->539247K(896640K), 0.0029299 secs] [Times: user=0.01 sys=0.00, real=0.00 secs] 
2020-10-29T13:18:54.115+0000: [GC (Allocation Failure) 2020-10-29T13:18:54.115+0000: [ParNew: 16388K->4K(18432K), 0.0028497 secs] 555631K->539247K(896640K), 0.0029024 secs] [Times: user=0.00 sys=0.00, real=0.00 secs] 
2020-10-29T13:18:54.133+0000: [GC (Allocation Failure) 2020-10-29T13:18:54.134+0000: [ParNew: 16388K->4K(18432K), 0.0030233 secs] 555631K->539247K(896640K), 0.0030847 secs] [Times: user=0.01 sys=0.00, real=0.00 secs] 
2020-10-29T13:18:54.152+0000: [GC (Allocation Failure) 2020-10-29T13:18:54.152+0000: [ParNew: 16388K->4K(18432K), 0.0029454 secs] 555631K->539247K(896640K), 0.0030101 secs] [Times: user=0.01 sys=0.00, real=0.01 secs] 
2020-10-29T13:18:54.170+0000: [GC (Allocation Failure) 2020-10-29T13:18:54.170+0000: [ParNew: 16388K->4K(18432K), 0.0029549 secs] 555631K->539247K(896640K), 0.0030118 secs] [Times: user=0.00 sys=0.00, real=0.01 secs] 
2020-10-29T13:18:54.189+0000: [GC (Allocation Failure) 2020-10-29T13:18:54.189+0000: [ParNew: 16388K->4K(18432K), 0.0030282 secs] 555631K->539247K(896640K), 0.0030855 secs] [Times: user=0.00 sys=0.00, real=0.00 secs] 
2020-10-29T13:18:54.208+0000: [GC (Allocation Failure) 2020-10-29T13:18:54.208+0000: [ParNew: 16388K->4K(18432K), 0.0029737 secs] 555631K->539247K(896640K), 0.0030320 secs] [Times: user=0.00 sys=0.00, real=0.00 secs] 
2020-10-29T13:18:54.226+0000: [GC (Allocation Failure) 2020-10-29T13:18:54.226+0000: [ParNew: 16388K->4K(18432K), 0.0027962 secs] 555631K->539247K(896640K), 0.0028467 secs] [Times: user=0.00 sys=0.00, real=0.00 secs] 
2020-10-29T13:18:54.245+0000: [GC (Allocation Failure) 2020-10-29T13:18:54.245+0000: [ParNew: 16388K->4K(18432K), 0.0029746 secs] 555631K->539247K(896640K), 0.0030318 secs] [Times: user=0.01 sys=0.00, real=0.00 secs] 
2020-10-29T13:18:54.263+0000: [GC (Allocation Failure) 2020-10-29T13:18:54.263+0000: [ParNew: 16388K->4K(18432K), 0.0035615 secs] 555631K->539247K(896640K), 0.0036225 secs] [Times: user=0.01 sys=0.00, real=0.01 secs] 
2020-10-29T13:18:54.284+0000: [GC (Allocation Failure) 2020-10-29T13:18:54.285+0000: [ParNew: 16388K->4K(18432K), 0.0029280 secs] 555631K->539247K(896640K), 0.0029820 secs] [Times: user=0.00 sys=0.00, real=0.00 secs] 
2020-10-29T13:18:54.303+0000: [GC (Allocation Failure) 2020-10-29T13:18:54.303+0000: [ParNew: 16388K->4K(18432K), 0.0085081 secs] 555631K->539247K(896640K), 0.0085632 secs] [Times: user=0.01 sys=0.00, real=0.01 secs] 
2020-10-29T13:18:54.327+0000: [GC (Allocation Failure) 2020-10-29T13:18:54.327+0000: [ParNew: 16388K->4K(18432K), 0.0030054 secs] 555631K->539247K(896640K), 0.0030617 secs] [Times: user=0.00 sys=0.00, real=0.00 secs] 
2020-10-29T13:18:54.346+0000: [GC (Allocation Failure) 2020-10-29T13:18:54.346+0000: [ParNew: 16388K->4K(18432K), 0.0029987 secs] 555631K->539247K(896640K), 0.0030551 secs] [Times: user=0.01 sys=0.00, real=0.00 secs] 
2020-10-29T13:18:54.368+0000: [GC (Allocation Failure) 2020-10-29T13:18:54.368+0000: [ParNew: 16388K->4K(18432K), 0.0029196 secs] 555631K->539247K(896640K), 0.0029737 secs] [Times: user=0.01 sys=0.00, real=0.00 secs] 
2020-10-29T13:18:54.387+0000: [GC (Allocation Failure) 2020-10-29T13:18:54.387+0000: [ParNew: 16388K->4K(18432K), 0.0028419 secs] 555631K->539247K(896640K), 0.0028966 secs] [Times: user=0.00 sys=0.00, real=0.00 secs] 
2020-10-29T13:18:54.408+0000: [GC (Allocation Failure) 2020-10-29T13:18:54.409+0000: [ParNew: 16388K->4K(18432K), 0.0028689 secs] 555631K->539247K(896640K), 0.0029240 secs] [Times: user=0.01 sys=0.00, real=0.00 secs] 
2020-10-29T13:18:54.427+0000: [GC (Allocation Failure) 2020-10-29T13:18:54.427+0000: [ParNew: 16388K->4K(18432K), 0.0028357 secs] 555631K->539247K(896640K), 0.0028867 secs] [Times: user=0.01 sys=0.00, real=0.00 secs] 
2020-10-29T13:18:54.448+0000: [GC (Allocation Failure) 2020-10-29T13:18:54.449+0000: [ParNew: 16388K->4K(18432K), 0.0028497 secs] 555631K->539247K(896640K), 0.0029011 secs] [Times: user=0.00 sys=0.00, real=0.00 secs] 
2020-10-29T13:18:54.467+0000: [GC (Allocation Failure) 2020-10-29T13:18:54.467+0000: [ParNew: 16388K->4K(18432K), 0.0029863 secs] 555631K->539247K(896640K), 0.0030449 secs] [Times: user=0.01 sys=0.00, real=0.00 secs] 
2020-10-29T13:18:54.485+0000: [GC (Allocation Failure) 2020-10-29T13:18:54.485+0000: [ParNew: 16388K->4K(18432K), 0.0029436 secs] 555631K->539247K(896640K), 0.0029985 secs] [Times: user=0.00 sys=0.00, real=0.00 secs] 
2020-10-29T13:18:54.508+0000: [GC (Allocation Failure) 2020-10-29T13:18:54.508+0000: [ParNew: 16388K->4K(18432K), 0.0030301 secs] 555631K->539247K(896640K), 0.0030909 secs] [Times: user=0.00 sys=0.00, real=0.00 secs] 
2020-10-29T13:18:54.529+0000: [GC (Allocation Failure) 2020-10-29T13:18:54.529+0000: [ParNew: 16388K->4K(18432K), 0.0030038 secs] 555631K->539247K(896640K), 0.0030730 secs] [Times: user=0.01 sys=0.00, real=0.00 secs] 
2020-10-29T13:18:54.559+0000: [GC (Allocation Failure) 2020-10-29T13:18:54.559+0000: [ParNew: 16388K->4K(18432K), 0.0031053 secs] 555631K->539247K(896640K), 0.0031632 secs] [Times: user=0.01 sys=0.00, real=0.00 secs] 
2020-10-29T13:18:54.593+0000: [GC (Allocation Failure) 2020-10-29T13:18:54.593+0000: [ParNew: 16388K->4K(18432K), 0.0030176 secs] 555631K->539247K(896640K), 0.0030789 secs] [Times: user=0.00 sys=0.00, real=0.00 secs] 
2020-10-29T13:18:54.626+0000: [GC (Allocation Failure) 2020-10-29T13:18:54.626+0000: [ParNew: 16388K->6K(18432K), 0.0031911 secs] 555631K->539249K(896640K), 0.0032554 secs] [Times: user=0.01 sys=0.00, real=0.00 secs] 
2020-10-29T13:18:54.661+0000: [GC (Allocation Failure) 2020-10-29T13:18:54.661+0000: [ParNew: 16390K->4K(18432K), 0.0030012 secs] 555633K->539247K(896640K), 0.0030607 secs] [Times: user=0.00 sys=0.00, real=0.00 secs] 
2020-10-29T13:18:54.696+0000: [GC (Allocation Failure) 2020-10-29T13:18:54.696+0000: [ParNew: 16388K->4K(18432K), 0.0029636 secs] 555631K->539247K(896640K), 0.0030197 secs] [Times: user=0.01 sys=0.00, real=0.00 secs] 
2020-10-29T13:18:54.729+0000: [GC (Allocation Failure) 2020-10-29T13:18:54.729+0000: [ParNew: 16388K->4K(18432K), 0.0029851 secs] 555631K->539247K(896640K), 0.0030434 secs] [Times: user=0.00 sys=0.00, real=0.00 secs] 
2020-10-29T13:18:54.761+0000: [GC (Allocation Failure) 2020-10-29T13:18:54.761+0000: [ParNew: 16388K->4K(18432K), 0.0029955 secs] 555631K->539248K(896640K), 0.0030540 secs] [Times: user=0.01 sys=0.00, real=0.00 secs] 
2020-10-29T13:18:54.797+0000: [GC (Allocation Failure) 2020-10-29T13:18:54.797+0000: [ParNew: 16388K->4K(18432K), 0.0029689 secs] 555632K->539248K(896640K), 0.0030275 secs] [Times: user=0.01 sys=0.00, real=0.00 secs] 
2020-10-29T13:18:54.833+0000: [GC (Allocation Failure) 2020-10-29T13:18:54.833+0000: [ParNew: 16388K->4K(18432K), 0.0029788 secs] 555632K->539248K(896640K), 0.0030374 secs] [Times: user=0.00 sys=0.00, real=0.00 secs] 
2020-10-29T13:18:54.865+0000: [GC (Allocation Failure) 2020-10-29T13:18:54.865+0000: [ParNew: 16388K->4K(18432K), 0.0029841 secs] 555632K->539248K(896640K), 0.0030438 secs] [Times: user=0.00 sys=0.00, real=0.00 secs] 
2020-10-29T13:18:55.337+0000: [GC (Allocation Failure) 2020-10-29T13:18:55.337+0000: [ParNew: 16388K->4K(18432K), 0.0030242 secs] 555632K->539248K(896640K), 0.0030908 secs] [Times: user=0.01 sys=0.00, real=0.00 secs] 
2020-10-29T13:18:55.561+0000: [GC (Allocation Failure) 2020-10-29T13:18:55.561+0000: [ParNew: 16388K->4K(18432K), 0.0030427 secs] 555632K->539248K(896640K), 0.0031051 secs] [Times: user=0.01 sys=0.00, real=0.00 secs] 
2020-10-29T13:18:55.636+0000: [GC (Allocation Failure) 2020-10-29T13:18:55.636+0000: [ParNew: 16388K->4K(18432K), 0.0029974 secs] 555632K->539248K(896640K), 0.0030593 secs] [Times: user=0.00 sys=0.00, real=0.00 secs] 
2020-10-29T13:18:55.697+0000: [GC (Allocation Failure) 2020-10-29T13:18:55.697+0000: [ParNew: 16388K->4K(18432K), 0.0029943 secs] 555632K->539248K(896640K), 0.0030543 secs] [Times: user=0.01 sys=0.00, real=0.00 secs] 
2020-10-29T13:18:55.746+0000: [GC (Allocation Failure) 2020-10-29T13:18:55.746+0000: [ParNew: 16388K->4K(18432K), 0.0029874 secs] 555632K->539248K(896640K), 0.0030474 secs] [Times: user=0.00 sys=0.00, real=0.00 secs] 
2020-10-29T13:18:55.784+0000: [GC (Allocation Failure) 2020-10-29T13:18:55.784+0000: [ParNew: 16388K->4K(18432K), 0.0030783 secs] 555632K->539248K(896640K), 0.0031368 secs] [Times: user=0.00 sys=0.00, real=0.01 secs] 
2020-10-29T13:18:55.824+0000: [GC (Allocation Failure) 2020-10-29T13:18:55.825+0000: [ParNew: 16388K->4K(18432K), 0.0029774 secs] 555632K->539249K(896640K), 0.0030371 secs] [Times: user=0.01 sys=0.00, real=0.00 secs] 
2020-10-29T13:18:55.894+0000: [GC (Allocation Failure) 2020-10-29T13:18:55.894+0000: [ParNew: 16388K->4K(18432K), 0.0032062 secs] 555633K->539250K(896640K), 0.0032681 secs] [Times: user=0.01 sys=0.00, real=0.00 secs] 
2020-10-29T13:18:55.946+0000: [GC (Allocation Failure) 2020-10-29T13:18:55.946+0000: [ParNew: 16388K->4K(18432K), 0.0029790 secs] 555634K->539250K(896640K), 0.0030411 secs] [Times: user=0.00 sys=0.00, real=0.00 secs] 
2020-10-29T13:18:55.999+0000: [GC (Allocation Failure) 2020-10-29T13:18:55.999+0000: [ParNew: 16388K->4K(18432K), 0.0030165 secs] 555634K->539250K(896640K), 0.0030759 secs] [Times: user=0.01 sys=0.00, real=0.00 secs] 
2020-10-29T13:18:56.743+0000: [GC (Allocation Failure) 2020-10-29T13:18:56.743+0000: [ParNew: 16388K->1084K(18432K), 0.0059454 secs] 555634K->540330K(896640K), 0.0060356 secs] [Times: user=0.01 sys=0.00, real=0.01 secs] 
2020-10-29T13:18:56.986+0000: [GC (Allocation Failure) 2020-10-29T13:18:56.986+0000: [ParNew: 17468K->2047K(18432K), 0.0125233 secs] 556714K->541733K(896640K), 0.0126112 secs] [Times: user=0.02 sys=0.00, real=0.01 secs] 
2020-10-29T13:18:57.053+0000: [GC (Allocation Failure) 2020-10-29T13:18:57.053+0000: [ParNew: 18431K->1180K(18432K), 0.0133897 secs] 558117K->542346K(896640K), 0.0134786 secs] [Times: user=0.02 sys=0.00, real=0.01 secs] 
2020-10-29T13:18:57.102+0000: [GC (Allocation Failure) 2020-10-29T13:18:57.102+0000: [ParNew: 17564K->416K(18432K), 0.0064089 secs] 558730K->541582K(896640K), 0.0064903 secs] [Times: user=0.01 sys=0.00, real=0.01 secs] 
2020-10-29T13:18:57.145+0000: [GC (Allocation Failure) 2020-10-29T13:18:57.145+0000: [ParNew: 16800K->605K(18432K), 0.0065783 secs] 557966K->541770K(896640K), 0.0066623 secs] [Times: user=0.01 sys=0.00, real=0.00 secs] 
2020-10-29T13:18:57.179+0000: [GC (Allocation Failure) 2020-10-29T13:18:57.179+0000: [ParNew: 16989K->816K(18432K), 0.0068101 secs] 558154K->541982K(896640K), 0.0068847 secs] [Times: user=0.01 sys=0.00, real=0.01 secs] 
2020-10-29T13:18:57.234+0000: [GC (Allocation Failure) 2020-10-29T13:18:57.234+0000: [ParNew: 17200K->1047K(18432K), 0.0032018 secs] 558366K->542212K(896640K), 0.0032655 secs] [Times: user=0.01 sys=0.00, real=0.00 secs] 
2020-10-29T13:18:57.278+0000: [GC (Allocation Failure) 2020-10-29T13:18:57.278+0000: [ParNew: 17431K->1029K(18432K), 0.0032016 secs] 558596K->542717K(896640K), 0.0032630 secs] [Times: user=0.00 sys=0.00, real=0.00 secs] 
2020-10-29T13:18:57.314+0000: [GC (Allocation Failure) 2020-10-29T13:18:57.314+0000: [ParNew: 17413K->4K(18432K), 0.0030956 secs] 559101K->542204K(896640K), 0.0031773 secs] [Times: user=0.00 sys=0.00, real=0.00 secs] 
2020-10-29T13:18:57.353+0000: [GC (Allocation Failure) 2020-10-29T13:18:57.353+0000: [ParNew: 16388K->4K(18432K), 0.0029493 secs] 558588K->542204K(896640K), 0.0030205 secs] [Times: user=0.00 sys=0.00, real=0.00 secs] 
2020-10-29T13:18:57.383+0000: [GC (Allocation Failure) 2020-10-29T13:18:57.383+0000: [ParNew: 16388K->2K(18432K), 0.0051416 secs] 558588K->542202K(896640K), 0.0052267 secs] [Times: user=0.01 sys=0.00, real=0.01 secs] 
2020-10-29T13:18:57.412+0000: [GC (Allocation Failure) 2020-10-29T13:18:57.412+0000: [ParNew: 16386K->4K(18432K), 0.0029459 secs] 558586K->542204K(896640K), 0.0030035 secs] [Times: user=0.00 sys=0.00, real=0.01 secs] 
2020-10-29T13:18:57.438+0000: [GC (Allocation Failure) 2020-10-29T13:18:57.438+0000: [ParNew: 16388K->4K(18432K), 0.0030038 secs] 558588K->542204K(896640K), 0.0030644 secs] [Times: user=0.00 sys=0.00, real=0.00 secs] 
2020-10-29T13:18:57.465+0000: [GC (Allocation Failure) 2020-10-29T13:18:57.465+0000: [ParNew: 16388K->4K(18432K), 0.0029642 secs] 558588K->542204K(896640K), 0.0030226 secs] [Times: user=0.00 sys=0.00, real=0.00 secs] 
2020-10-29T13:18:57.494+0000: [GC (Allocation Failure) 2020-10-29T13:18:57.494+0000: [ParNew: 16388K->4K(18432K), 0.0029712 secs] 558588K->542204K(896640K), 0.0030309 secs] [Times: user=0.00 sys=0.00, real=0.00 secs] 
2020-10-29T13:18:57.517+0000: [GC (Allocation Failure) 2020-10-29T13:18:57.517+0000: [ParNew: 16388K->4K(18432K), 0.0029271 secs] 558588K->542204K(896640K), 0.0029838 secs] [Times: user=0.01 sys=0.00, real=0.00 secs] 
2020-10-29T13:18:57.541+0000: [GC (Allocation Failure) 2020-10-29T13:18:57.541+0000: [ParNew: 16388K->4K(18432K), 0.0030176 secs] 558588K->542204K(896640K), 0.0030793 secs] [Times: user=0.01 sys=0.00, real=0.00 secs] 
2020-10-29T13:18:57.562+0000: [GC (Allocation Failure) 2020-10-29T13:18:57.562+0000: [ParNew: 16388K->2K(18432K), 0.0049808 secs] 558588K->542202K(896640K), 0.0050383 secs] [Times: user=0.00 sys=0.00, real=0.01 secs] 
2020-10-29T13:18:57.595+0000: [GC (Allocation Failure) 2020-10-29T13:18:57.595+0000: [ParNew: 16386K->4K(18432K), 0.0030103 secs] 558586K->542204K(896640K), 0.0030734 secs] [Times: user=0.00 sys=0.00, real=0.00 secs] 
2020-10-29T13:18:57.616+0000: [GC (Allocation Failure) 2020-10-29T13:18:57.616+0000: [ParNew: 16388K->6K(18432K), 0.0029781 secs] 558588K->542206K(896640K), 0.0030506 secs] [Times: user=0.00 sys=0.00, real=0.00 secs] 
2020-10-29T13:18:57.637+0000: [GC (Allocation Failure) 2020-10-29T13:18:57.637+0000: [ParNew: 16390K->4K(18432K), 0.0029721 secs] 558590K->542204K(896640K), 0.0030282 secs] [Times: user=0.01 sys=0.00, real=0.00 secs] 
2020-10-29T13:18:57.660+0000: [GC (Allocation Failure) 2020-10-29T13:18:57.660+0000: [ParNew: 16388K->4K(18432K), 0.0030265 secs] 558588K->542204K(896640K), 0.0030893 secs] [Times: user=0.00 sys=0.00, real=0.00 secs] 
2020-10-29T13:18:57.689+0000: [GC (Allocation Failure) 2020-10-29T13:18:57.689+0000: [ParNew: 16388K->4K(18432K), 0.0029881 secs] 558588K->542204K(896640K), 0.0030482 secs] [Times: user=0.01 sys=0.00, real=0.00 secs] 
2020-10-29T13:18:57.726+0000: [GC (Allocation Failure) 2020-10-29T13:18:57.726+0000: [ParNew: 16388K->4K(18432K), 0.0058675 secs] 558588K->542204K(896640K), 0.0059203 secs] [Times: user=0.01 sys=0.00, real=0.00 secs] 
2020-10-29T13:18:57.767+0000: [GC (Allocation Failure) 2020-10-29T13:18:57.767+0000: [ParNew: 16388K->4K(18432K), 0.0030247 secs] 558588K->542204K(896640K), 0.0031090 secs] [Times: user=0.00 sys=0.00, real=0.00 secs] 
2020-10-29T13:18:57.806+0000: [GC (Allocation Failure) 2020-10-29T13:18:57.806+0000: [ParNew: 16388K->4K(18432K), 0.0030672 secs] 558588K->542204K(896640K), 0.0031526 secs] [Times: user=0.01 sys=0.00, real=0.00 secs] 
2020-10-29T13:18:57.843+0000: [GC (Allocation Failure) 2020-10-29T13:18:57.844+0000: [ParNew: 16388K->4K(18432K), 0.0031003 secs] 558588K->542204K(896640K), 0.0031852 secs] [Times: user=0.01 sys=0.00, real=0.01 secs] 
2020-10-29T13:18:57.893+0000: [GC (Allocation Failure) 2020-10-29T13:18:57.893+0000: [ParNew: 16388K->4K(18432K), 0.0029969 secs] 558588K->542204K(896640K), 0.0030803 secs] [Times: user=0.01 sys=0.00, real=0.00 secs] 
2020-10-29T13:18:57.937+0000: [GC (Allocation Failure) 2020-10-29T13:18:57.937+0000: [ParNew: 16388K->4K(18432K), 0.0030118 secs] 558588K->542204K(896640K), 0.0030953 secs] [Times: user=0.01 sys=0.00, real=0.00 secs] 
2020-10-29T13:18:57.975+0000: [GC (Allocation Failure) 2020-10-29T13:18:57.975+0000: [ParNew: 16388K->4K(18432K), 0.0033409 secs] 558588K->542204K(896640K), 0.0034216 secs] [Times: user=0.01 sys=0.00, real=0.00 secs] 
2020-10-29T13:18:58.017+0000: [GC (Allocation Failure) 2020-10-29T13:18:58.017+0000: [ParNew: 16388K->4K(18432K), 0.0063016 secs] 558588K->542204K(896640K), 0.0063871 secs] [Times: user=0.01 sys=0.00, real=0.00 secs] 
2020-10-29T13:18:58.057+0000: [GC (Allocation Failure) 2020-10-29T13:18:58.057+0000: [ParNew: 16388K->4K(18432K), 0.0063900 secs] 558588K->542204K(896640K), 0.0064726 secs] [Times: user=0.02 sys=0.00, real=0.00 secs] 
2020-10-29T13:18:58.096+0000: [GC (Allocation Failure) 2020-10-29T13:18:58.097+0000: [ParNew: 16388K->4K(18432K), 0.0029815 secs] 558588K->542204K(896640K), 0.0030433 secs] [Times: user=0.01 sys=0.00, real=0.00 secs] 
2020-10-29T13:18:58.121+0000: [GC (Allocation Failure) 2020-10-29T13:18:58.121+0000: [ParNew: 16388K->4K(18432K), 0.0030528 secs] 558588K->542204K(896640K), 0.0031137 secs] [Times: user=0.00 sys=0.00, real=0.00 secs] 
2020-10-29T13:18:58.145+0000: [GC (Allocation Failure) 2020-10-29T13:18:58.145+0000: [ParNew: 16388K->4K(18432K), 0.0030349 secs] 558588K->542204K(896640K), 0.0030975 secs] [Times: user=0.01 sys=0.00, real=0.00 secs] 
2020-10-29T13:18:58.165+0000: [GC (Allocation Failure) 2020-10-29T13:18:58.165+0000: [ParNew: 16388K->4K(18432K), 0.0030273 secs] 558588K->542204K(896640K), 0.0030870 secs] [Times: user=0.00 sys=0.00, real=0.00 secs] 
2020-10-29T13:18:58.189+0000: [GC (Allocation Failure) 2020-10-29T13:18:58.189+0000: [ParNew: 16388K->4K(18432K), 0.0030539 secs] 558588K->542204K(896640K), 0.0031151 secs] [Times: user=0.01 sys=0.00, real=0.00 secs] 
2020-10-29T13:18:58.213+0000: [GC (Allocation Failure) 2020-10-29T13:18:58.213+0000: [ParNew: 16388K->4K(18432K), 0.0030552 secs] 558588K->542204K(896640K), 0.0031152 secs] [Times: user=0.01 sys=0.00, real=0.00 secs] 
2020-10-29T13:18:58.231+0000: [GC (Allocation Failure) 2020-10-29T13:18:58.231+0000: [ParNew: 16388K->4K(18432K), 0.0029119 secs] 558588K->542204K(896640K), 0.0029664 secs] [Times: user=0.00 sys=0.00, real=0.01 secs] 
2020-10-29T13:18:58.250+0000: [GC (Allocation Failure) 2020-10-29T13:18:58.250+0000: [ParNew: 16388K->4K(18432K), 0.0030301 secs] 558588K->542205K(896640K), 0.0030914 secs] [Times: user=0.00 sys=0.00, real=0.01 secs] 
2020-10-29T13:18:58.269+0000: [GC (Allocation Failure) 2020-10-29T13:18:58.269+0000: [ParNew: 16388K->4K(18432K), 0.0029674 secs] 558589K->542205K(896640K), 0.0030248 secs] [Times: user=0.00 sys=0.00, real=0.00 secs] 
2020-10-29T13:18:58.289+0000: [GC (Allocation Failure) 2020-10-29T13:18:58.289+0000: [ParNew: 16388K->4K(18432K), 0.0029769 secs] 558589K->542205K(896640K), 0.0030407 secs] [Times: user=0.01 sys=0.00, real=0.00 secs] 
2020-10-29T13:18:58.309+0000: [GC (Allocation Failure) 2020-10-29T13:18:58.309+0000: [ParNew: 16388K->4K(18432K), 0.0029660 secs] 558589K->542205K(896640K), 0.0030251 secs] [Times: user=0.01 sys=0.00, real=0.00 secs] 
2020-10-29T13:18:58.327+0000: [GC (Allocation Failure) 2020-10-29T13:18:58.327+0000: [ParNew: 16388K->4K(18432K), 0.0029886 secs] 558589K->542205K(896640K), 0.0030457 secs] [Times: user=0.00 sys=0.00, real=0.00 secs] 
2020-10-29T13:18:58.346+0000: [GC (Allocation Failure) 2020-10-29T13:18:58.346+0000: [ParNew: 16388K->4K(18432K), 0.0030249 secs] 558589K->542205K(896640K), 0.0030849 secs] [Times: user=0.01 sys=0.00, real=0.00 secs] 
2020-10-29T13:18:58.365+0000: [GC (Allocation Failure) 2020-10-29T13:18:58.365+0000: [ParNew: 16388K->4K(18432K), 0.0030023 secs] 558589K->542205K(896640K), 0.0030634 secs] [Times: user=0.00 sys=0.00, real=0.00 secs] 
2020-10-29T13:18:58.385+0000: [GC (Allocation Failure) 2020-10-29T13:18:58.385+0000: [ParNew: 16388K->4K(18432K), 0.0029935 secs] 558589K->542205K(896640K), 0.0030543 secs] [Times: user=0.00 sys=0.00, real=0.00 secs] 
2020-10-29T13:18:58.405+0000: [GC (Allocation Failure) 2020-10-29T13:18:58.405+0000: [ParNew: 16388K->4K(18432K), 0.0029819 secs] 558589K->542205K(896640K), 0.0030411 secs] [Times: user=0.01 sys=0.00, real=0.00 secs] 
2020-10-29T13:18:58.423+0000: [GC (Allocation Failure) 2020-10-29T13:18:58.423+0000: [ParNew: 16388K->4K(18432K), 0.0029309 secs] 558589K->542205K(896640K), 0.0029881 secs] [Times: user=0.00 sys=0.00, real=0.01 secs] 
2020-10-29T13:18:58.445+0000: [GC (Allocation Failure) 2020-10-29T13:18:58.445+0000: [ParNew: 16388K->4K(18432K), 0.0030045 secs] 558589K->542205K(896640K), 0.0030652 secs] [Times: user=0.00 sys=0.00, real=0.00 secs] 
2020-10-29T13:18:58.463+0000: [GC (Allocation Failure) 2020-10-29T13:18:58.463+0000: [ParNew: 16388K->4K(18432K), 0.0030170 secs] 558589K->542205K(896640K), 0.0030775 secs] [Times: user=0.01 sys=0.00, real=0.01 secs] 
2020-10-29T13:18:58.482+0000: [GC (Allocation Failure) 2020-10-29T13:18:58.482+0000: [ParNew: 16388K->4K(18432K), 0.0029755 secs] 558589K->542205K(896640K), 0.0030325 secs] [Times: user=0.00 sys=0.00, real=0.01 secs] 
2020-10-29T13:18:58.501+0000: [GC (Allocation Failure) 2020-10-29T13:18:58.501+0000: [ParNew: 16388K->4K(18432K), 0.0029943 secs] 558589K->542205K(896640K), 0.0030545 secs] [Times: user=0.00 sys=0.00, real=0.00 secs] 
2020-10-29T13:18:58.519+0000: [GC (Allocation Failure) 2020-10-29T13:18:58.519+0000: [ParNew: 16388K->4K(18432K), 0.0030127 secs] 558589K->542205K(896640K), 0.0030694 secs] [Times: user=0.01 sys=0.00, real=0.00 secs] 
2020-10-29T13:18:58.538+0000: [GC (Allocation Failure) 2020-10-29T13:18:58.538+0000: [ParNew: 16388K->4K(18432K), 0.0030645 secs] 558589K->542205K(896640K), 0.0031331 secs] [Times: user=0.00 sys=0.00, real=0.00 secs] 
2020-10-29T13:18:58.557+0000: [GC (Allocation Failure) 2020-10-29T13:18:58.557+0000: [ParNew: 16388K->4K(18432K), 0.0029719 secs] 558589K->542205K(896640K), 0.0030302 secs] [Times: user=0.01 sys=0.00, real=0.00 secs] 
2020-10-29T13:18:58.576+0000: [GC (Allocation Failure) 2020-10-29T13:18:58.576+0000: [ParNew: 16388K->4K(18432K), 0.0029824 secs] 558589K->542205K(896640K), 0.0030421 secs] [Times: user=0.00 sys=0.00, real=0.00 secs] 
2020-10-29T13:18:58.595+0000: [GC (Allocation Failure) 2020-10-29T13:18:58.595+0000: [ParNew: 16388K->4K(18432K), 0.0030085 secs] 558589K->542205K(896640K), 0.0030704 secs] [Times: user=0.01 sys=0.00, real=0.00 secs] 
2020-10-29T13:18:58.617+0000: [GC (Allocation Failure) 2020-10-29T13:18:58.617+0000: [ParNew: 16388K->4K(18432K), 0.0030568 secs] 558589K->542205K(896640K), 0.0031193 secs] [Times: user=0.01 sys=0.00, real=0.00 secs] 
2020-10-29T13:18:58.636+0000: [GC (Allocation Failure) 2020-10-29T13:18:58.636+0000: [ParNew: 16388K->4K(18432K), 0.0030558 secs] 558589K->542205K(896640K), 0.0031193 secs] [Times: user=0.01 sys=0.00, real=0.00 secs] 
2020-10-29T13:18:58.655+0000: [GC (Allocation Failure) 2020-10-29T13:18:58.655+0000: [ParNew: 16388K->4K(18432K), 0.0030642 secs] 558589K->542205K(896640K), 0.0031270 secs] [Times: user=0.00 sys=0.00, real=0.00 secs] 
2020-10-29T13:18:58.677+0000: [GC (Allocation Failure) 2020-10-29T13:18:58.677+0000: [ParNew: 16388K->4K(18432K), 0.0029725 secs] 558589K->542205K(896640K), 0.0030336 secs] [Times: user=0.01 sys=0.00, real=0.00 secs] 
2020-10-29T13:18:58.697+0000: [GC (Allocation Failure) 2020-10-29T13:18:58.697+0000: [ParNew: 16388K->4K(18432K), 0.0029854 secs] 558589K->542205K(896640K), 0.0030449 secs] [Times: user=0.01 sys=0.00, real=0.00 secs] 
2020-10-29T13:18:58.719+0000: [GC (Allocation Failure) 2020-10-29T13:18:58.719+0000: [ParNew: 16388K->4K(18432K), 0.0030236 secs] 558589K->542205K(896640K), 0.0030828 secs] [Times: user=0.00 sys=0.00, real=0.00 secs] 
2020-10-29T13:18:58.738+0000: [GC (Allocation Failure) 2020-10-29T13:18:58.738+0000: [ParNew: 16388K->4K(18432K), 0.0028929 secs] 558589K->542205K(896640K), 0.0029507 secs] [Times: user=0.01 sys=0.00, real=0.00 secs] 
2020-10-29T13:18:58.757+0000: [GC (Allocation Failure) 2020-10-29T13:18:58.757+0000: [ParNew: 16388K->4K(18432K), 0.0029840 secs] 558589K->542205K(896640K), 0.0030427 secs] [Times: user=0.01 sys=0.00, real=0.00 secs] 
2020-10-29T13:18:58.777+0000: [GC (Allocation Failure) 2020-10-29T13:18:58.777+0000: [ParNew: 16388K->4K(18432K), 0.0029636 secs] 558589K->542205K(896640K), 0.0030231 secs] [Times: user=0.01 sys=0.00, real=0.00 secs] 
2020-10-29T13:18:58.797+0000: [GC (Allocation Failure) 2020-10-29T13:18:58.797+0000: [ParNew: 16388K->4K(18432K), 0.0029919 secs] 558589K->542205K(896640K), 0.0030520 secs] [Times: user=0.00 sys=0.00, real=0.00 secs] 
2020-10-29T13:18:58.817+0000: [GC (Allocation Failure) 2020-10-29T13:18:58.817+0000: [ParNew: 16388K->4K(18432K), 0.0029790 secs] 558589K->542205K(896640K), 0.0030371 secs] [Times: user=0.00 sys=0.00, real=0.00 secs] 
2020-10-29T13:18:58.835+0000: [GC (Allocation Failure) 2020-10-29T13:18:58.835+0000: [ParNew: 16388K->4K(18432K), 0.0029442 secs] 558589K->542205K(896640K), 0.0030004 secs] [Times: user=0.00 sys=0.00, real=0.00 secs] 
2020-10-29T13:18:58.854+0000: [GC (Allocation Failure) 2020-10-29T13:18:58.854+0000: [ParNew: 16388K->4K(18432K), 0.0030231 secs] 558589K->542205K(896640K), 0.0030831 secs] [Times: user=0.01 sys=0.00, real=0.00 secs] 
2020-10-29T13:18:58.873+0000: [GC (Allocation Failure) 2020-10-29T13:18:58.873+0000: [ParNew: 16388K->4K(18432K), 0.0029696 secs] 558589K->542205K(896640K), 0.0030267 secs] [Times: user=0.00 sys=0.00, real=0.00 secs] 
2020-10-29T13:18:58.892+0000: [GC (Allocation Failure) 2020-10-29T13:18:58.893+0000: [ParNew: 16388K->4K(18432K), 0.0029153 secs] 558589K->542205K(896640K), 0.0029665 secs] [Times: user=0.01 sys=0.00, real=0.00 secs] 
2020-10-29T13:18:58.911+0000: [GC (Allocation Failure) 2020-10-29T13:18:58.911+0000: [ParNew: 16388K->4K(18432K), 0.0029606 secs] 558589K->542205K(896640K), 0.0030182 secs] [Times: user=0.00 sys=0.00, real=0.01 secs] 
2020-10-29T13:18:58.930+0000: [GC (Allocation Failure) 2020-10-29T13:18:58.930+0000: [ParNew: 16388K->4K(18432K), 0.0029611 secs] 558589K->542205K(896640K), 0.0030162 secs] [Times: user=0.01 sys=0.00, real=0.01 secs] 
2020-10-29T13:18:58.948+0000: [GC (Allocation Failure) 2020-10-29T13:18:58.948+0000: [ParNew: 16388K->4K(18432K), 0.0028844 secs] 558589K->542205K(896640K), 0.0029390 secs] [Times: user=0.00 sys=0.00, real=0.00 secs] 
2020-10-29T13:18:58.978+0000: [GC (Allocation Failure) 2020-10-29T13:18:58.978+0000: [ParNew: 16388K->4K(18432K), 0.0031170 secs] 558589K->542205K(896640K), 0.0031895 secs] [Times: user=0.01 sys=0.00, real=0.00 secs] 
2020-10-29T13:18:59.001+0000: [GC (Allocation Failure) 2020-10-29T13:18:59.001+0000: [ParNew: 16388K->4K(18432K), 0.0029727 secs] 558589K->542205K(896640K), 0.0030328 secs] [Times: user=0.00 sys=0.01, real=0.00 secs] 
2020-10-29T13:18:59.021+0000: [GC (Allocation Failure) 2020-10-29T13:18:59.021+0000: [ParNew: 16388K->4K(18432K), 0.0029970 secs] 558589K->542205K(896640K), 0.0030532 secs] [Times: user=0.01 sys=0.00, real=0.00 secs] 
2020-10-29T13:18:59.039+0000: [GC (Allocation Failure) 2020-10-29T13:18:59.039+0000: [ParNew: 16388K->4K(18432K), 0.0029287 secs] 558589K->542205K(896640K), 0.0029834 secs] [Times: user=0.00 sys=0.00, real=0.00 secs] 
2020-10-29T13:18:59.058+0000: [GC (Allocation Failure) 2020-10-29T13:18:59.058+0000: [ParNew: 16388K->4K(18432K), 0.0029877 secs] 558589K->542205K(896640K), 0.0030452 secs] [Times: user=0.01 sys=0.00, real=0.00 secs] 
2020-10-29T13:18:59.080+0000: [GC (Allocation Failure) 2020-10-29T13:18:59.080+0000: [ParNew: 16388K->4K(18432K), 0.0029546 secs] 558589K->542205K(896640K), 0.0030123 secs] [Times: user=0.01 sys=0.00, real=0.00 secs] 
2020-10-29T13:18:59.101+0000: [GC (Allocation Failure) 2020-10-29T13:18:59.101+0000: [ParNew: 16388K->4K(18432K), 0.0029438 secs] 558589K->542205K(896640K), 0.0029994 secs] [Times: user=0.01 sys=0.00, real=0.00 secs] 
2020-10-29T13:18:59.125+0000: [GC (Allocation Failure) 2020-10-29T13:18:59.125+0000: [ParNew: 16388K->4K(18432K), 0.0029972 secs] 558589K->542205K(896640K), 0.0030588 secs] [Times: user=0.00 sys=0.00, real=0.00 secs] 
2020-10-29T13:18:59.148+0000: [GC (Allocation Failure) 2020-10-29T13:18:59.148+0000: [ParNew: 16388K->4K(18432K), 0.0029808 secs] 558589K->542205K(896640K), 0.0030606 secs] [Times: user=0.00 sys=0.00, real=0.00 secs] 
2020-10-29T13:18:59.169+0000: [GC (Allocation Failure) 2020-10-29T13:18:59.169+0000: [ParNew: 16388K->4K(18432K), 0.0043940 secs] 558589K->542205K(896640K), 0.0044534 secs] [Times: user=0.01 sys=0.00, real=0.01 secs] 
2020-10-29T13:18:59.189+0000: [GC (Allocation Failure) 2020-10-29T13:18:59.189+0000: [ParNew: 16388K->4K(18432K), 0.0028227 secs] 558589K->542205K(896640K), 0.0028782 secs] [Times: user=0.01 sys=0.00, real=0.00 secs] 
2020-10-29T13:18:59.208+0000: [GC (Allocation Failure) 2020-10-29T13:18:59.209+0000: [ParNew: 16388K->4K(18432K), 0.0029852 secs] 558589K->542205K(896640K), 0.0030406 secs] [Times: user=0.00 sys=0.00, real=0.00 secs] 
2020-10-29T13:18:59.227+0000: [GC (Allocation Failure) 2020-10-29T13:18:59.227+0000: [ParNew: 16388K->4K(18432K), 0.0029603 secs] 558589K->542205K(896640K), 0.0030180 secs] [Times: user=0.01 sys=0.00, real=0.00 secs] 
2020-10-29T13:18:59.249+0000: [GC (Allocation Failure) 2020-10-29T13:18:59.249+0000: [ParNew: 16388K->4K(18432K), 0.0029763 secs] 558589K->542205K(896640K), 0.0030367 secs] [Times: user=0.01 sys=0.00, real=0.00 secs] 
2020-10-29T13:18:59.267+0000: [GC (Allocation Failure) 2020-10-29T13:18:59.267+0000: [ParNew: 16388K->4K(18432K), 0.0030013 secs] 558589K->542205K(896640K), 0.0030602 secs] [Times: user=0.01 sys=0.00, real=0.00 secs] 
2020-10-29T13:18:59.286+0000: [GC (Allocation Failure) 2020-10-29T13:18:59.286+0000: [ParNew: 16388K->4K(18432K), 0.0029475 secs] 558589K->542205K(896640K), 0.0030183 secs] [Times: user=0.00 sys=0.00, real=0.00 secs] 
2020-10-29T13:18:59.305+0000: [GC (Allocation Failure) 2020-10-29T13:18:59.305+0000: [ParNew: 16388K->4K(18432K), 0.0029487 secs] 558589K->542205K(896640K), 0.0030021 secs] [Times: user=0.01 sys=0.00, real=0.00 secs] 
2020-10-29T13:18:59.324+0000: [GC (Allocation Failure) 2020-10-29T13:18:59.325+0000: [ParNew: 16388K->4K(18432K), 0.0029655 secs] 558589K->542205K(896640K), 0.0030180 secs] [Times: user=0.00 sys=0.00, real=0.00 secs] 
2020-10-29T13:18:59.345+0000: [GC (Allocation Failure) 2020-10-29T13:18:59.345+0000: [ParNew: 16388K->4K(18432K), 0.0029904 secs] 558589K->542205K(896640K), 0.0030398 secs] [Times: user=0.01 sys=0.00, real=0.00 secs] 
2020-10-29T13:18:59.365+0000: [GC (Allocation Failure) 2020-10-29T13:18:59.365+0000: [ParNew: 16388K->4K(18432K), 0.0029603 secs] 558589K->542205K(896640K), 0.0030190 secs] [Times: user=0.01 sys=0.00, real=0.00 secs] 
2020-10-29T13:18:59.384+0000: [GC (Allocation Failure) 2020-10-29T13:18:59.385+0000: [ParNew: 16388K->4K(18432K), 0.0029484 secs] 558589K->542206K(896640K), 0.0030058 secs] [Times: user=0.00 sys=0.00, real=0.00 secs] 
2020-10-29T13:18:59.403+0000: [GC (Allocation Failure) 2020-10-29T13:18:59.403+0000: [ParNew: 16388K->4K(18432K), 0.0029945 secs] 558590K->542206K(896640K), 0.0030540 secs] [Times: user=0.01 sys=0.00, real=0.01 secs] 
2020-10-29T13:18:59.422+0000: [GC (Allocation Failure) 2020-10-29T13:18:59.422+0000: [ParNew: 16388K->4K(18432K), 0.0030384 secs] 558590K->542206K(896640K), 0.0030982 secs] [Times: user=0.01 sys=0.00, real=0.01 secs] 
2020-10-29T13:18:59.441+0000: [GC (Allocation Failure) 2020-10-29T13:18:59.441+0000: [ParNew: 16388K->4K(18432K), 0.0029759 secs] 558590K->542206K(896640K), 0.0030351 secs] [Times: user=0.00 sys=0.00, real=0.00 secs] 
2020-10-29T13:18:59.461+0000: [GC (Allocation Failure) 2020-10-29T13:18:59.461+0000: [ParNew: 16388K->4K(18432K), 0.0029671 secs] 558590K->542206K(896640K), 0.0030254 secs] [Times: user=0.00 sys=0.00, real=0.00 secs] 
2020-10-29T13:18:59.479+0000: [GC (Allocation Failure) 2020-10-29T13:18:59.479+0000: [ParNew: 16388K->4K(18432K), 0.0029968 secs] 558590K->542206K(896640K), 0.0030550 secs] [Times: user=0.01 sys=0.00, real=0.00 secs] 
2020-10-29T13:18:59.498+0000: [GC (Allocation Failure) 2020-10-29T13:18:59.498+0000: [ParNew: 16388K->4K(18432K), 0.0029687 secs] 558590K->542206K(896640K), 0.0030263 secs] [Times: user=0.01 sys=0.00, real=0.00 secs] 
2020-10-29T13:18:59.517+0000: [GC (Allocation Failure) 2020-10-29T13:18:59.517+0000: [ParNew: 16388K->4K(18432K), 0.0028989 secs] 558590K->542206K(896640K), 0.0029561 secs] [Times: user=0.01 sys=0.00, real=0.00 secs] 
2020-10-29T13:18:59.537+0000: [GC (Allocation Failure) 2020-10-29T13:18:59.537+0000: [ParNew: 16388K->4K(18432K), 0.0028781 secs] 558590K->542206K(896640K), 0.0029327 secs] [Times: user=0.00 sys=0.00, real=0.00 secs] 
2020-10-29T13:18:59.557+0000: [GC (Allocation Failure) 2020-10-29T13:18:59.557+0000: [ParNew: 16388K->4K(18432K), 0.0029743 secs] 558590K->542206K(896640K), 0.0030342 secs] [Times: user=0.01 sys=0.00, real=0.00 secs] 
2020-10-29T13:18:59.577+0000: [GC (Allocation Failure) 2020-10-29T13:18:59.577+0000: [ParNew: 16388K->4K(18432K), 0.0029569 secs] 558590K->542206K(896640K), 0.0030169 secs] [Times: user=0.01 sys=0.00, real=0.00 secs] 
2020-10-29T13:18:59.595+0000: [GC (Allocation Failure) 2020-10-29T13:18:59.595+0000: [ParNew: 16388K->4K(18432K), 0.0030734 secs] 558590K->542206K(896640K), 0.0031346 secs] [Times: user=0.00 sys=0.00, real=0.00 secs] 
2020-10-29T13:18:59.614+0000: [GC (Allocation Failure) 2020-10-29T13:18:59.614+0000: [ParNew: 16388K->4K(18432K), 0.0029870 secs] 558590K->542206K(896640K), 0.0030472 secs] [Times: user=0.01 sys=0.00, real=0.00 secs] 
2020-10-29T13:18:59.633+0000: [GC (Allocation Failure) 2020-10-29T13:18:59.633+0000: [ParNew: 16388K->4K(18432K), 0.0031834 secs] 558590K->542206K(896640K), 0.0032600 secs] [Times: user=0.01 sys=0.00, real=0.00 secs] 
2020-10-29T13:18:59.652+0000: [GC (Allocation Failure) 2020-10-29T13:18:59.652+0000: [ParNew: 16388K->4K(18432K), 0.0030454 secs] 558590K->542206K(896640K), 0.0031061 secs] [Times: user=0.00 sys=0.00, real=0.01 secs] 
2020-10-29T13:18:59.673+0000: [GC (Allocation Failure) 2020-10-29T13:18:59.673+0000: [ParNew: 16388K->4K(18432K), 0.0030193 secs] 558590K->542206K(896640K), 0.0030772 secs] [Times: user=0.00 sys=0.00, real=0.00 secs] 
2020-10-29T13:18:59.693+0000: [GC (Allocation Failure) 2020-10-29T13:18:59.693+0000: [ParNew: 16388K->4K(18432K), 0.0029408 secs] 558590K->542206K(896640K), 0.0029983 secs] [Times: user=0.01 sys=0.00, real=0.00 secs] 
2020-10-29T13:18:59.711+0000: [GC (Allocation Failure) 2020-10-29T13:18:59.711+0000: [ParNew: 16388K->4K(18432K), 0.0030051 secs] 558590K->542206K(896640K), 0.0030652 secs] [Times: user=0.01 sys=0.00, real=0.01 secs] 
2020-10-29T13:18:59.730+0000: [GC (Allocation Failure) 2020-10-29T13:18:59.730+0000: [ParNew: 16388K->4K(18432K), 0.0029701 secs] 558590K->542206K(896640K), 0.0030229 secs] [Times: user=0.00 sys=0.00, real=0.01 secs] 
2020-10-29T13:18:59.749+0000: [GC (Allocation Failure) 2020-10-29T13:18:59.749+0000: [ParNew: 16388K->4K(18432K), 0.0030090 secs] 558590K->542206K(896640K), 0.0030704 secs] [Times: user=0.01 sys=0.00, real=0.00 secs] 
2020-10-29T13:18:59.768+0000: [GC (Allocation Failure) 2020-10-29T13:18:59.768+0000: [ParNew: 16388K->4K(18432K), 0.0030138 secs] 558590K->542206K(896640K), 0.0030749 secs] [Times: user=0.00 sys=0.00, real=0.00 secs] 
2020-10-29T13:18:59.786+0000: [GC (Allocation Failure) 2020-10-29T13:18:59.786+0000: [ParNew: 16388K->4K(18432K), 0.0030027 secs] 558590K->542206K(896640K), 0.0030699 secs] [Times: user=0.00 sys=0.00, real=0.00 secs] 
2020-10-29T13:18:59.805+0000: [GC (Allocation Failure) 2020-10-29T13:18:59.805+0000: [ParNew: 16388K->4K(18432K), 0.0029798 secs] 558590K->542206K(896640K), 0.0030552 secs] [Times: user=0.01 sys=0.00, real=0.00 secs] 
2020-10-29T13:18:59.824+0000: [GC (Allocation Failure) 2020-10-29T13:18:59.824+0000: [ParNew: 16388K->4K(18432K), 0.0030133 secs] 558590K->542206K(896640K), 0.0030741 secs] [Times: user=0.01 sys=0.00, real=0.01 secs] 
2020-10-29T13:18:59.845+0000: [GC (Allocation Failure) 2020-10-29T13:18:59.845+0000: [ParNew: 16388K->4K(18432K), 0.0030217 secs] 558590K->542206K(896640K), 0.0030824 secs] [Times: user=0.01 sys=0.00, real=0.00 secs] 
2020-10-29T13:18:59.863+0000: [GC (Allocation Failure) 2020-10-29T13:18:59.863+0000: [ParNew: 16388K->4K(18432K), 0.0029991 secs] 558590K->542206K(896640K), 0.0030577 secs] [Times: user=0.00 sys=0.00, real=0.01 secs] 
2020-10-29T13:18:59.885+0000: [GC (Allocation Failure) 2020-10-29T13:18:59.885+0000: [ParNew: 16388K->4K(18432K), 0.0029594 secs] 558590K->542206K(896640K), 0.0030169 secs] [Times: user=0.00 sys=0.00, real=0.00 secs] 
2020-10-29T13:18:59.903+0000: [GC (Allocation Failure) 2020-10-29T13:18:59.903+0000: [ParNew: 16388K->4K(18432K), 0.0030432 secs] 558590K->542206K(896640K), 0.0031056 secs] [Times: user=0.01 sys=0.00, real=0.01 secs] 
2020-10-29T13:18:59.922+0000: [GC (Allocation Failure) 2020-10-29T13:18:59.922+0000: [ParNew: 16388K->4K(18432K), 0.0029886 secs] 558590K->542206K(896640K), 0.0030468 secs] [Times: user=0.01 sys=0.00, real=0.01 secs] 
2020-10-29T13:18:59.944+0000: [GC (Allocation Failure) 2020-10-29T13:18:59.944+0000: [ParNew: 16388K->4K(18432K), 0.0029702 secs] 558590K->542206K(896640K), 0.0030292 secs] [Times: user=0.01 sys=0.00, real=0.01 secs] 
2020-10-29T13:18:59.963+0000: [GC (Allocation Failure) 2020-10-29T13:18:59.963+0000: [ParNew: 16388K->4K(18432K), 0.0030129 secs] 558590K->542206K(896640K), 0.0030834 secs] [Times: user=0.00 sys=0.00, real=0.01 secs] 
2020-10-29T13:18:59.985+0000: [GC (Allocation Failure) 2020-10-29T13:18:59.985+0000: [ParNew: 16388K->4K(18432K), 0.0031522 secs] 558590K->542206K(896640K), 0.0032097 secs] [Times: user=0.01 sys=0.00, real=0.00 secs] 
2020-10-29T13:19:00.003+0000: [GC (Allocation Failure) 2020-10-29T13:19:00.003+0000: [ParNew: 16388K->4K(18432K), 0.0034169 secs] 558590K->542206K(896640K), 0.0034709 secs] [Times: user=0.01 sys=0.00, real=0.01 secs] 
2020-10-29T13:19:00.029+0000: [GC (Allocation Failure) 2020-10-29T13:19:00.029+0000: [ParNew: 16388K->4K(18432K), 0.0029910 secs] 558590K->542206K(896640K), 0.0030525 secs] [Times: user=0.00 sys=0.00, real=0.00 secs] 
2020-10-29T13:19:00.052+0000: [GC (Allocation Failure) 2020-10-29T13:19:00.052+0000: [ParNew: 16388K->4K(18432K), 0.0030010 secs] 558590K->542206K(896640K), 0.0030622 secs] [Times: user=0.00 sys=0.00, real=0.01 secs] 
2020-10-29T13:19:00.073+0000: [GC (Allocation Failure) 2020-10-29T13:19:00.073+0000: [ParNew: 16388K->4K(18432K), 0.0029779 secs] 558590K->542206K(896640K), 0.0030379 secs] [Times: user=0.00 sys=0.00, real=0.00 secs] 
2020-10-29T13:19:00.091+0000: [GC (Allocation Failure) 2020-10-29T13:19:00.091+0000: [ParNew: 16388K->4K(18432K), 0.0030420 secs] 558590K->542206K(896640K), 0.0031016 secs] [Times: user=0.01 sys=0.00, real=0.01 secs] 
2020-10-29T13:19:00.113+0000: [GC (Allocation Failure) 2020-10-29T13:19:00.113+0000: [ParNew: 16388K->4K(18432K), 0.0029944 secs] 558590K->542206K(896640K), 0.0030519 secs] [Times: user=0.01 sys=0.00, real=0.00 secs] 
2020-10-29T13:19:00.131+0000: [GC (Allocation Failure) 2020-10-29T13:19:00.131+0000: [ParNew: 16388K->4K(18432K), 0.0029732 secs] 558590K->542206K(896640K), 0.0030298 secs] [Times: user=0.00 sys=0.00, real=0.01 secs] 
2020-10-29T13:19:00.153+0000: [GC (Allocation Failure) 2020-10-29T13:19:00.153+0000: [ParNew: 16388K->4K(18432K), 0.0029402 secs] 558590K->542206K(896640K), 0.0029962 secs] [Times: user=0.01 sys=0.00, real=0.00 secs] 
2020-10-29T13:19:00.171+0000: [GC (Allocation Failure) 2020-10-29T13:19:00.171+0000: [ParNew: 16388K->4K(18432K), 0.0029651 secs] 558590K->542206K(896640K), 0.0030215 secs] [Times: user=0.01 sys=0.00, real=0.01 secs] 
2020-10-29T13:19:00.193+0000: [GC (Allocation Failure) 2020-10-29T13:19:00.193+0000: [ParNew: 16388K->4K(18432K), 0.0029715 secs] 558590K->542206K(896640K), 0.0030297 secs] [Times: user=0.01 sys=0.00, real=0.00 secs] 
2020-10-29T13:19:00.211+0000: [GC (Allocation Failure) 2020-10-29T13:19:00.211+0000: [ParNew: 16388K->4K(18432K), 0.0035920 secs] 558590K->542206K(896640K), 0.0036520 secs] [Times: user=0.00 sys=0.00, real=0.01 secs] 
2020-10-29T13:19:00.230+0000: [GC (Allocation Failure) 2020-10-29T13:19:00.230+0000: [ParNew: 16388K->4K(18432K), 0.0029682 secs] 558590K->542206K(896640K), 0.0030256 secs] [Times: user=0.01 sys=0.00, real=0.01 secs] 
2020-10-29T13:19:00.249+0000: [GC (Allocation Failure) 2020-10-29T13:19:00.249+0000: [ParNew: 16388K->4K(18432K), 0.0030048 secs] 558590K->542206K(896640K), 0.0030651 secs] [Times: user=0.00 sys=0.00, real=0.00 secs] 
2020-10-29T13:19:00.268+0000: [GC (Allocation Failure) 2020-10-29T13:19:00.268+0000: [ParNew: 16388K->4K(18432K), 0.0030130 secs] 558590K->542206K(896640K), 0.0030743 secs] [Times: user=0.01 sys=0.00, real=0.00 secs] 
2020-10-29T13:19:00.287+0000: [GC (Allocation Failure) 2020-10-29T13:19:00.287+0000: [ParNew: 16388K->4K(18432K), 0.0030050 secs] 558590K->542206K(896640K), 0.0030624 secs] [Times: user=0.00 sys=0.00, real=0.00 secs] 
2020-10-29T13:19:00.305+0000: [GC (Allocation Failure) 2020-10-29T13:19:00.305+0000: [ParNew: 16388K->4K(18432K), 0.0029142 secs] 558590K->542206K(896640K), 0.0029699 secs] [Times: user=0.00 sys=0.00, real=0.00 secs] 
2020-10-29T13:19:00.325+0000: [GC (Allocation Failure) 2020-10-29T13:19:00.325+0000: [ParNew: 16388K->4K(18432K), 0.0029778 secs] 558590K->542206K(896640K), 0.0030371 secs] [Times: user=0.01 sys=0.00, real=0.00 secs] 
2020-10-29T13:19:00.343+0000: [GC (Allocation Failure) 2020-10-29T13:19:00.343+0000: [ParNew: 16388K->4K(18432K), 0.0030498 secs] 558590K->542206K(896640K), 0.0031071 secs] [Times: user=0.00 sys=0.00, real=0.01 secs] 
2020-10-29T13:19:00.365+0000: [GC (Allocation Failure) 2020-10-29T13:19:00.365+0000: [ParNew: 16388K->4K(18432K), 0.0030179 secs] 558590K->542206K(896640K), 0.0030775 secs] [Times: user=0.00 sys=0.00, real=0.00 secs] 
2020-10-29T13:19:00.383+0000: [GC (Allocation Failure) 2020-10-29T13:19:00.383+0000: [ParNew: 16388K->4K(18432K), 0.0030235 secs] 558590K->542206K(896640K), 0.0030810 secs] [Times: user=0.00 sys=0.00, real=0.01 secs] 
2020-10-29T13:19:00.402+0000: [GC (Allocation Failure) 2020-10-29T13:19:00.402+0000: [ParNew: 16388K->4K(18432K), 0.0030090 secs] 558590K->542206K(896640K), 0.0030721 secs] [Times: user=0.01 sys=0.00, real=0.01 secs] 
2020-10-29T13:19:00.421+0000: [GC (Allocation Failure) 2020-10-29T13:19:00.421+0000: [ParNew: 16388K->4K(18432K), 0.0029842 secs] 558590K->542206K(896640K), 0.0030505 secs] [Times: user=0.01 sys=0.00, real=0.00 secs] 
2020-10-29T13:19:00.440+0000: [GC (Allocation Failure) 2020-10-29T13:19:00.440+0000: [ParNew: 16388K->4K(18432K), 0.0029895 secs] 558590K->542206K(896640K), 0.0030505 secs] [Times: user=0.00 sys=0.00, real=0.00 secs] 
2020-10-29T13:19:00.458+0000: [GC (Allocation Failure) 2020-10-29T13:19:00.458+0000: [ParNew: 16388K->4K(18432K), 0.0030205 secs] 558590K->542206K(896640K), 0.0030829 secs] [Times: user=0.01 sys=0.00, real=0.00 secs] 
2020-10-29T13:19:00.477+0000: [GC (Allocation Failure) 2020-10-29T13:19:00.477+0000: [ParNew: 16388K->4K(18432K), 0.0030531 secs] 558590K->542206K(896640K), 0.0031143 secs] [Times: user=0.00 sys=0.00, real=0.00 secs] 
2020-10-29T13:19:00.497+0000: [GC (Allocation Failure) 2020-10-29T13:19:00.497+0000: [ParNew: 16388K->4K(18432K), 0.0029588 secs] 558590K->542206K(896640K), 0.0030158 secs] [Times: user=0.01 sys=0.00, real=0.00 secs] 
2020-10-29T13:19:00.515+0000: [GC (Allocation Failure) 2020-10-29T13:19:00.515+0000: [ParNew: 16388K->4K(18432K), 0.0030875 secs] 558590K->542206K(896640K), 0.0031483 secs] [Times: user=0.01 sys=0.00, real=0.00 secs] 
2020-10-29T13:19:00.534+0000: [GC (Allocation Failure) 2020-10-29T13:19:00.534+0000: [ParNew: 16388K->4K(18432K), 0.0030302 secs] 558590K->542206K(896640K), 0.0030924 secs] [Times: user=0.00 sys=0.00, real=0.00 secs] 
2020-10-29T13:19:00.557+0000: [GC (Allocation Failure) 2020-10-29T13:19:00.557+0000: [ParNew: 16388K->4K(18432K), 0.0030075 secs] 558590K->542206K(896640K), 0.0030688 secs] [Times: user=0.00 sys=0.00, real=0.00 secs] 
2020-10-29T13:19:00.577+0000: [GC (Allocation Failure) 2020-10-29T13:19:00.577+0000: [ParNew: 16388K->4K(18432K), 0.0030019 secs] 558590K->542206K(896640K), 0.0030651 secs] [Times: user=0.00 sys=0.00, real=0.00 secs] 
2020-10-29T13:19:00.595+0000: [GC (Allocation Failure) 2020-10-29T13:19:00.595+0000: [ParNew: 16388K->4K(18432K), 0.0030088 secs] 558590K->542206K(896640K), 0.0030720 secs] [Times: user=0.01 sys=0.00, real=0.00 secs] 
2020-10-29T13:19:00.614+0000: [GC (Allocation Failure) 2020-10-29T13:19:00.614+0000: [ParNew: 16388K->4K(18432K), 0.0030042 secs] 558590K->542206K(896640K), 0.0030634 secs] [Times: user=0.00 sys=0.00, real=0.00 secs] 
2020-10-29T13:19:00.637+0000: [GC (Allocation Failure) 2020-10-29T13:19:00.637+0000: [ParNew: 16388K->4K(18432K), 0.0030464 secs] 558590K->542206K(896640K), 0.0031060 secs] [Times: user=0.00 sys=0.00, real=0.00 secs] 
2020-10-29T13:19:00.656+0000: [GC (Allocation Failure) 2020-10-29T13:19:00.656+0000: [ParNew: 16388K->4K(18432K), 0.0030271 secs] 558590K->542206K(896640K), 0.0030882 secs] [Times: user=0.01 sys=0.00, real=0.00 secs] 
2020-10-29T13:19:00.674+0000: [GC (Allocation Failure) 2020-10-29T13:19:00.674+0000: [ParNew: 16388K->4K(18432K), 0.0030047 secs] 558590K->542206K(896640K), 0.0030651 secs] [Times: user=0.00 sys=0.00, real=0.00 secs] 
2020-10-29T13:19:00.697+0000: [GC (Allocation Failure) 2020-10-29T13:19:00.697+0000: [ParNew: 16388K->4K(18432K), 0.0030262 secs] 558590K->542206K(896640K), 0.0030900 secs] [Times: user=0.00 sys=0.00, real=0.00 secs] 
2020-10-29T13:19:00.717+0000: [GC (Allocation Failure) 2020-10-29T13:19:00.717+0000: [ParNew: 16388K->4K(18432K), 0.0030681 secs] 558590K->542206K(896640K), 0.0031288 secs] [Times: user=0.00 sys=0.00, real=0.00 secs] 
2020-10-29T13:19:00.736+0000: [GC (Allocation Failure) 2020-10-29T13:19:00.736+0000: [ParNew: 16388K->4K(18432K), 0.0030369 secs] 558590K->542206K(896640K), 0.0031128 secs] [Times: user=0.00 sys=0.00, real=0.00 secs] 
2020-10-29T13:19:00.755+0000: [GC (Allocation Failure) 2020-10-29T13:19:00.755+0000: [ParNew: 16388K->4K(18432K), 0.0030032 secs] 558590K->542206K(896640K), 0.0030635 secs] [Times: user=0.01 sys=0.00, real=0.00 secs] 
2020-10-29T13:19:00.774+0000: [GC (Allocation Failure) 2020-10-29T13:19:00.774+0000: [ParNew: 16388K->4K(18432K), 0.0030479 secs] 558590K->542206K(896640K), 0.0031101 secs] [Times: user=0.01 sys=0.00, real=0.00 secs] 
2020-10-29T13:19:00.792+0000: [GC (Allocation Failure) 2020-10-29T13:19:00.792+0000: [ParNew: 16388K->4K(18432K), 0.0029843 secs] 558590K->542206K(896640K), 0.0030569 secs] [Times: user=0.00 sys=0.00, real=0.01 secs] 
2020-10-29T13:19:00.811+0000: [GC (Allocation Failure) 2020-10-29T13:19:00.811+0000: [ParNew: 16388K->4K(18432K), 0.0029753 secs] 558590K->542206K(896640K), 0.0030321 secs] [Times: user=0.01 sys=0.00, real=0.01 secs] 
2020-10-29T13:19:00.830+0000: [GC (Allocation Failure) 2020-10-29T13:19:00.830+0000: [ParNew: 16388K->4K(18432K), 0.0030340 secs] 558590K->542207K(896640K), 0.0030950 secs] [Times: user=0.00 sys=0.00, real=0.01 secs] 
2020-10-29T13:19:00.849+0000: [GC (Allocation Failure) 2020-10-29T13:19:00.849+0000: [ParNew: 16388K->4K(18432K), 0.0030191 secs] 558591K->542207K(896640K), 0.0030809 secs] [Times: user=0.01 sys=0.00, real=0.00 secs] 
2020-10-29T13:19:00.867+0000: [GC (Allocation Failure) 2020-10-29T13:19:00.867+0000: [ParNew: 16388K->4K(18432K), 0.0030376 secs] 558591K->542207K(896640K), 0.0030987 secs] [Times: user=0.01 sys=0.00, real=0.00 secs] 
2020-10-29T13:19:00.889+0000: [GC (Allocation Failure) 2020-10-29T13:19:00.889+0000: [ParNew: 16388K->4K(18432K), 0.0029998 secs] 558591K->542207K(896640K), 0.0030612 secs] [Times: user=0.01 sys=0.00, real=0.00 secs] 
2020-10-29T13:19:00.909+0000: [GC (Allocation Failure) 2020-10-29T13:19:00.909+0000: [ParNew: 16388K->4K(18432K), 0.0029977 secs] 558591K->542207K(896640K), 0.0030576 secs] [Times: user=0.00 sys=0.00, real=0.00 secs] 
2020-10-29T13:19:00.927+0000: [GC (Allocation Failure) 2020-10-29T13:19:00.927+0000: [ParNew: 16388K->4K(18432K), 0.0028870 secs] 558591K->542207K(896640K), 0.0029426 secs] [Times: user=0.01 sys=0.00, real=0.00 secs] 
2020-10-29T13:19:00.949+0000: [GC (Allocation Failure) 2020-10-29T13:19:00.949+0000: [ParNew: 16388K->4K(18432K), 0.0029273 secs] 558591K->542207K(896640K), 0.0029848 secs] [Times: user=0.01 sys=0.00, real=0.00 secs] 
2020-10-29T13:19:00.969+0000: [GC (Allocation Failure) 2020-10-29T13:19:00.969+0000: [ParNew: 16388K->4K(18432K), 0.0029674 secs] 558591K->542207K(896640K), 0.0030332 secs] [Times: user=0.01 sys=0.00, real=0.00 secs] 
2020-10-29T13:19:00.987+0000: [GC (Allocation Failure) 2020-10-29T13:19:00.987+0000: [ParNew: 16388K->4K(18432K), 0.0031359 secs] 558591K->542207K(896640K), 0.0031959 secs] [Times: user=0.00 sys=0.00, real=0.00 secs] 
2020-10-29T13:19:01.009+0000: [GC (Allocation Failure) 2020-10-29T13:19:01.009+0000: [ParNew: 16388K->4K(18432K), 0.0043814 secs] 558591K->542207K(896640K), 0.0044374 secs] [Times: user=0.00 sys=0.00, real=0.01 secs] 
2020-10-29T13:19:01.029+0000: [GC (Allocation Failure) 2020-10-29T13:19:01.029+0000: [ParNew: 16388K->4K(18432K), 0.0029129 secs] 558591K->542207K(896640K), 0.0029780 secs] [Times: user=0.01 sys=0.00, real=0.00 secs] 
2020-10-29T13:19:01.050+0000: [GC (Allocation Failure) 2020-10-29T13:19:01.050+0000: [ParNew: 16388K->4K(18432K), 0.0029716 secs] 558591K->542207K(896640K), 0.0030239 secs] [Times: user=0.01 sys=0.00, real=0.01 secs] 
2020-10-29T13:19:01.069+0000: [GC (Allocation Failure) 2020-10-29T13:19:01.069+0000: [ParNew: 16388K->4K(18432K), 0.0029486 secs] 558591K->542207K(896640K), 0.0030087 secs] [Times: user=0.01 sys=0.00, real=0.00 secs] 
2020-10-29T13:19:01.087+0000: [GC (Allocation Failure) 2020-10-29T13:19:01.087+0000: [ParNew: 16388K->4K(18432K), 0.0029584 secs] 558591K->542207K(896640K), 0.0030139 secs] [Times: user=0.01 sys=0.00, real=0.00 secs] 
2020-10-29T13:19:01.106+0000: [GC (Allocation Failure) 2020-10-29T13:19:01.106+0000: [ParNew: 16388K->4K(18432K), 0.0029383 secs] 558591K->542207K(896640K), 0.0030022 secs] [Times: user=0.00 sys=0.00, real=0.00 secs] 
2020-10-29T13:19:01.125+0000: [GC (Allocation Failure) 2020-10-29T13:19:01.125+0000: [ParNew: 16388K->4K(18432K), 0.0029300 secs] 558591K->542207K(896640K), 0.0029959 secs] [Times: user=0.01 sys=0.00, real=0.00 secs] 
2020-10-29T13:19:01.143+0000: [GC (Allocation Failure) 2020-10-29T13:19:01.143+0000: [ParNew: 16388K->4K(18432K), 0.0029168 secs] 558591K->542207K(896640K), 0.0029723 secs] [Times: user=0.01 sys=0.00, real=0.01 secs] 
2020-10-29T13:19:01.165+0000: [GC (Allocation Failure) 2020-10-29T13:19:01.165+0000: [ParNew: 16388K->4K(18432K), 0.0030083 secs] 558591K->542207K(896640K), 0.0030672 secs] [Times: user=0.00 sys=0.00, real=0.00 secs] 
2020-10-29T13:19:01.184+0000: [GC (Allocation Failure) 2020-10-29T13:19:01.185+0000: [ParNew: 16388K->4K(18432K), 0.0029765 secs] 558591K->542207K(896640K), 0.0030347 secs] [Times: user=0.01 sys=0.00, real=0.00 secs] 
2020-10-29T13:19:01.205+0000: [GC (Allocation Failure) 2020-10-29T13:19:01.205+0000: [ParNew: 16388K->4K(18432K), 0.0029734 secs] 558591K->542207K(896640K), 0.0030341 secs] [Times: user=0.00 sys=0.00, real=0.00 secs] 
2020-10-29T13:19:01.223+0000: [GC (Allocation Failure) 2020-10-29T13:19:01.223+0000: [ParNew: 16388K->4K(18432K), 0.0028887 secs] 558591K->542207K(896640K), 0.0029422 secs] [Times: user=0.01 sys=0.00, real=0.01 secs] 
2020-10-29T13:19:01.245+0000: [GC (Allocation Failure) 2020-10-29T13:19:01.245+0000: [ParNew: 16388K->4K(18432K), 0.0029027 secs] 558591K->542207K(896640K), 0.0029572 secs] [Times: user=0.01 sys=0.00, real=0.00 secs] 
2020-10-29T13:19:01.263+0000: [GC (Allocation Failure) 2020-10-29T13:19:01.263+0000: [ParNew: 16388K->4K(18432K), 0.0029693 secs] 558591K->542207K(896640K), 0.0030308 secs] [Times: user=0.00 sys=0.00, real=0.01 secs] 
2020-10-29T13:19:01.285+0000: [GC (Allocation Failure) 2020-10-29T13:19:01.285+0000: [ParNew: 16388K->4K(18432K), 0.0029069 secs] 558591K->542207K(896640K), 0.0029629 secs] [Times: user=0.01 sys=0.00, real=0.00 secs] 
2020-10-29T13:19:01.303+0000: [GC (Allocation Failure) 2020-10-29T13:19:01.303+0000: [ParNew: 16388K->4K(18432K), 0.0029507 secs] 558591K->542207K(896640K), 0.0030084 secs] [Times: user=0.01 sys=0.00, real=0.01 secs] 
2020-10-29T13:19:01.324+0000: [GC (Allocation Failure) 2020-10-29T13:19:01.325+0000: [ParNew: 16388K->4K(18432K), 0.0029129 secs] 558591K->542207K(896640K), 0.0029675 secs] [Times: user=0.00 sys=0.00, real=0.00 secs] 
2020-10-29T13:19:01.344+0000: [GC (Allocation Failure) 2020-10-29T13:19:01.345+0000: [ParNew: 16388K->4K(18432K), 0.0030067 secs] 558591K->542207K(896640K), 0.0030569 secs] [Times: user=0.01 sys=0.00, real=0.00 secs] 
2020-10-29T13:19:01.364+0000: [GC (Allocation Failure) 2020-10-29T13:19:01.365+0000: [ParNew: 16388K->4K(18432K), 0.0029054 secs] 558591K->542207K(896640K), 0.0029607 secs] [Times: user=0.01 sys=0.00, real=0.00 secs] 
2020-10-29T13:19:01.385+0000: [GC (Allocation Failure) 2020-10-29T13:19:01.385+0000: [ParNew: 16388K->4K(18432K), 0.0028666 secs] 558591K->542207K(896640K), 0.0029190 secs] [Times: user=0.01 sys=0.00, real=0.00 secs] 
2020-10-29T13:19:01.403+0000: [GC (Allocation Failure) 2020-10-29T13:19:01.403+0000: [ParNew: 16388K->4K(18432K), 0.0029401 secs] 558591K->542207K(896640K), 0.0029948 secs] [Times: user=0.00 sys=0.00, real=0.01 secs] 
2020-10-29T13:19:01.422+0000: [GC (Allocation Failure) 2020-10-29T13:19:01.422+0000: [ParNew: 16388K->4K(18432K), 0.0029569 secs] 558591K->542207K(896640K), 0.0030135 secs] [Times: user=0.01 sys=0.00, real=0.01 secs] 
2020-10-29T13:19:01.440+0000: [GC (Allocation Failure) 2020-10-29T13:19:01.440+0000: [ParNew: 16388K->4K(18432K), 0.0029737 secs] 558591K->542207K(896640K), 0.0030320 secs] [Times: user=0.00 sys=0.00, real=0.00 secs] 
2020-10-29T13:19:01.461+0000: [GC (Allocation Failure) 2020-10-29T13:19:01.461+0000: [ParNew: 16388K->4K(18432K), 0.0029490 secs] 558591K->542207K(896640K), 0.0030051 secs] [Times: user=0.01 sys=0.00, real=0.00 secs] 
2020-10-29T13:19:01.481+0000: [GC (Allocation Failure) 2020-10-29T13:19:01.481+0000: [ParNew: 16388K->4K(18432K), 0.0029646 secs] 558591K->542207K(896640K), 0.0030212 secs] [Times: user=0.01 sys=0.00, real=0.00 secs] 
2020-10-29T13:19:01.499+0000: [GC (Allocation Failure) 2020-10-29T13:19:01.499+0000: [ParNew: 16388K->4K(18432K), 0.0029898 secs] 558591K->542207K(896640K), 0.0030490 secs] [Times: user=0.00 sys=0.00, real=0.00 secs] 
2020-10-29T13:19:01.518+0000: [GC (Allocation Failure) 2020-10-29T13:19:01.518+0000: [ParNew: 16388K->4K(18432K), 0.0029079 secs] 558591K->542207K(896640K), 0.0029671 secs] [Times: user=0.01 sys=0.00, real=0.00 secs] 
2020-10-29T13:19:01.537+0000: [GC (Allocation Failure) 2020-10-29T13:19:01.537+0000: [ParNew: 16388K->4K(18432K), 0.0029205 secs] 558591K->542207K(896640K), 0.0029759 secs] [Times: user=0.01 sys=0.00, real=0.00 secs] 
2020-10-29T13:19:01.555+0000: [GC (Allocation Failure) 2020-10-29T13:19:01.555+0000: [ParNew: 16388K->4K(18432K), 0.0029184 secs] 558591K->542207K(896640K), 0.0029747 secs] [Times: user=0.00 sys=0.00, real=0.00 secs] 
2020-10-29T13:19:01.576+0000: [GC (Allocation Failure) 2020-10-29T13:19:01.577+0000: [ParNew: 16388K->4K(18432K), 0.0029166 secs] 558591K->542207K(896640K), 0.0029720 secs] [Times: user=0.01 sys=0.00, real=0.00 secs] 
2020-10-29T13:19:01.597+0000: [GC (Allocation Failure) 2020-10-29T13:19:01.597+0000: [ParNew: 16388K->4K(18432K), 0.0029361 secs] 558591K->542207K(896640K), 0.0029917 secs] [Times: user=0.00 sys=0.00, real=0.00 secs] 
2020-10-29T13:19:01.623+0000: [GC (Allocation Failure) 2020-10-29T13:19:01.623+0000: [ParNew: 16388K->4K(18432K), 0.0030431 secs] 558591K->542207K(896640K), 0.0031218 secs] [Times: user=0.01 sys=0.00, real=0.01 secs] 
2020-10-29T13:19:01.656+0000: [GC (Allocation Failure) 2020-10-29T13:19:01.656+0000: [ParNew: 16388K->4K(18432K), 0.0029860 secs] 558591K->542207K(896640K), 0.0030839 secs] [Times: user=0.00 sys=0.00, real=0.00 secs] 
2020-10-29T13:19:01.684+0000: [GC (Allocation Failure) 2020-10-29T13:19:01.684+0000: [ParNew: 16388K->4K(18432K), 0.0030551 secs] 558591K->542207K(896640K), 0.0031156 secs] [Times: user=0.00 sys=0.00, real=0.01 secs] 
2020-10-29T13:19:01.703+0000: [GC (Allocation Failure) 2020-10-29T13:19:01.703+0000: [ParNew: 16388K->4K(18432K), 0.0030096 secs] 558591K->542207K(896640K), 0.0030708 secs] [Times: user=0.01 sys=0.00, real=0.01 secs] 
2020-10-29T13:19:01.725+0000: [GC (Allocation Failure) 2020-10-29T13:19:01.725+0000: [ParNew: 16388K->4K(18432K), 0.0030140 secs] 558591K->542207K(896640K), 0.0030740 secs] [Times: user=0.00 sys=0.00, real=0.00 secs] 
2020-10-29T13:19:01.743+0000: [GC (Allocation Failure) 2020-10-29T13:19:01.743+0000: [ParNew: 16388K->4K(18432K), 0.0030372 secs] 558591K->542207K(896640K), 0.0030966 secs] [Times: user=0.01 sys=0.00, real=0.01 secs] 
2020-10-29T13:19:01.762+0000: [GC (Allocation Failure) 2020-10-29T13:19:01.762+0000: [ParNew: 16388K->4K(18432K), 0.0036132 secs] 558591K->542207K(896640K), 0.0036723 secs] [Times: user=0.00 sys=0.00, real=0.01 secs] 
2020-10-29T13:19:01.781+0000: [GC (Allocation Failure) 2020-10-29T13:19:01.781+0000: [ParNew: 16388K->4K(18432K), 0.0029777 secs] 558591K->542207K(896640K), 0.0030424 secs] [Times: user=0.01 sys=0.00, real=0.01 secs] 
2020-10-29T13:19:01.801+0000: [GC (Allocation Failure) 2020-10-29T13:19:01.801+0000: [ParNew: 16388K->4K(18432K), 0.0029410 secs] 558591K->542207K(896640K), 0.0029983 secs] [Times: user=0.01 sys=0.00, real=0.00 secs] 
2020-10-29T13:19:01.821+0000: [GC (Allocation Failure) 2020-10-29T13:19:01.821+0000: [ParNew: 16388K->4K(18432K), 0.0030502 secs] 558591K->542207K(896640K), 0.0031122 secs] [Times: user=0.00 sys=0.00, real=0.00 secs] 
2020-10-29T13:19:01.841+0000: [GC (Allocation Failure) 2020-10-29T13:19:01.841+0000: [ParNew: 16388K->4K(18432K), 0.0030743 secs] 558591K->542207K(896640K), 0.0031437 secs] [Times: user=0.00 sys=0.00, real=0.00 secs] 
2020-10-29T13:19:01.861+0000: [GC (Allocation Failure) 2020-10-29T13:19:01.861+0000: [ParNew: 16388K->4K(18432K), 0.0030497 secs] 558591K->542207K(896640K), 0.0031124 secs] [Times: user=0.01 sys=0.00, real=0.00 secs] 
2020-10-29T13:19:01.879+0000: [GC (Allocation Failure) 2020-10-29T13:19:01.879+0000: [ParNew: 16388K->4K(18432K), 0.0030142 secs] 558591K->542207K(896640K), 0.0030768 secs] [Times: user=0.01 sys=0.00, real=0.00 secs] 
2020-10-29T13:19:01.898+0000: [GC (Allocation Failure) 2020-10-29T13:19:01.898+0000: [ParNew: 16388K->4K(18432K), 0.0030085 secs] 558591K->542207K(896640K), 0.0030783 secs] [Times: user=0.00 sys=0.00, real=0.00 secs] 
2020-10-29T13:19:01.917+0000: [GC (Allocation Failure) 2020-10-29T13:19:01.917+0000: [ParNew: 16388K->4K(18432K), 0.0029895 secs] 558591K->542207K(896640K), 0.0030502 secs] [Times: user=0.01 sys=0.00, real=0.00 secs] 
2020-10-29T13:19:01.935+0000: [GC (Allocation Failure) 2020-10-29T13:19:01.935+0000: [ParNew: 16388K->4K(18432K), 0.0031155 secs] 558591K->542207K(896640K), 0.0031809 secs] [Times: user=0.01 sys=0.00, real=0.00 secs] 
2020-10-29T13:19:01.954+0000: [GC (Allocation Failure) 2020-10-29T13:19:01.954+0000: [ParNew: 16388K->4K(18432K), 0.0030469 secs] 558591K->542207K(896640K), 0.0031105 secs] [Times: user=0.00 sys=0.00, real=0.00 secs] 
2020-10-29T13:19:01.977+0000: [GC (Allocation Failure) 2020-10-29T13:19:01.977+0000: [ParNew: 16388K->4K(18432K), 0.0033542 secs] 558591K->542207K(896640K), 0.0034168 secs] [Times: user=0.00 sys=0.00, real=0.00 secs] 
2020-10-29T13:19:01.996+0000: [GC (Allocation Failure) 2020-10-29T13:19:01.996+0000: [ParNew: 16388K->4K(18432K), 0.0030108 secs] 558591K->542207K(896640K), 0.0030727 secs] [Times: user=0.01 sys=0.00, real=0.00 secs] 
2020-10-29T13:19:02.017+0000: [GC (Allocation Failure) 2020-10-29T13:19:02.017+0000: [ParNew: 16388K->4K(18432K), 0.0029880 secs] 558591K->542207K(896640K), 0.0030486 secs] [Times: user=0.00 sys=0.00, real=0.00 secs] 
2020-10-29T13:19:02.037+0000: [GC (Allocation Failure) 2020-10-29T13:19:02.037+0000: [ParNew: 16388K->4K(18432K), 0.0030459 secs] 558591K->542207K(896640K), 0.0031066 secs] [Times: user=0.00 sys=0.00, real=0.00 secs] 
2020-10-29T13:19:02.057+0000: [GC (Allocation Failure) 2020-10-29T13:19:02.057+0000: [ParNew: 16388K->4K(18432K), 0.0029956 secs] 558591K->542207K(896640K), 0.0030570 secs] [Times: user=0.01 sys=0.00, real=0.00 secs] 
2020-10-29T13:19:02.077+0000: [GC (Allocation Failure) 2020-10-29T13:19:02.077+0000: [ParNew: 16388K->4K(18432K), 0.0030537 secs] 558591K->542207K(896640K), 0.0031164 secs] [Times: user=0.00 sys=0.00, real=0.00 secs] 
2020-10-29T13:19:02.097+0000: [GC (Allocation Failure) 2020-10-29T13:19:02.097+0000: [ParNew: 16388K->4K(18432K), 0.0030097 secs] 558591K->542207K(896640K), 0.0030714 secs] [Times: user=0.01 sys=0.00, real=0.00 secs] 
2020-10-29T13:19:02.116+0000: [GC (Allocation Failure) 2020-10-29T13:19:02.116+0000: [ParNew: 16388K->4K(18432K), 0.0030325 secs] 558591K->542207K(896640K), 0.0030975 secs] [Times: user=0.01 sys=0.00, real=0.00 secs] 
2020-10-29T13:19:02.135+0000: [GC (Allocation Failure) 2020-10-29T13:19:02.135+0000: [ParNew: 16388K->4K(18432K), 0.0030161 secs] 558591K->542207K(896640K), 0.0030774 secs] [Times: user=0.00 sys=0.00, real=0.00 secs] 
2020-10-29T13:19:02.157+0000: [GC (Allocation Failure) 2020-10-29T13:19:02.157+0000: [ParNew: 16388K->4K(18432K), 0.0030269 secs] 558591K->542207K(896640K), 0.0030921 secs] [Times: user=0.00 sys=0.00, real=0.00 secs] 
2020-10-29T13:19:02.179+0000: [GC (Allocation Failure) 2020-10-29T13:19:02.179+0000: [ParNew: 16388K->4K(18432K), 0.0030259 secs] 558591K->542207K(896640K), 0.0030870 secs] [Times: user=0.01 sys=0.00, real=0.00 secs] 
2020-10-29T13:19:02.198+0000: [GC (Allocation Failure) 2020-10-29T13:19:02.198+0000: [ParNew: 16388K->4K(18432K), 0.0030655 secs] 558591K->542207K(896640K), 0.0031336 secs] [Times: user=0.01 sys=0.00, real=0.00 secs] 
2020-10-29T13:19:02.221+0000: [GC (Allocation Failure) 2020-10-29T13:19:02.221+0000: [ParNew: 16388K->4K(18432K), 0.0030150 secs] 558591K->542207K(896640K), 0.0030773 secs] [Times: user=0.01 sys=0.00, real=0.00 secs] 
2020-10-29T13:19:02.239+0000: [GC (Allocation Failure) 2020-10-29T13:19:02.239+0000: [ParNew: 16388K->4K(18432K), 0.0031474 secs] 558591K->542207K(896640K), 0.0032315 secs] [Times: user=0.00 sys=0.00, real=0.00 secs] 
2020-10-29T13:19:02.261+0000: [GC (Allocation Failure) 2020-10-29T13:19:02.261+0000: [ParNew: 16388K->4K(18432K), 0.0030247 secs] 558591K->542207K(896640K), 0.0030858 secs] [Times: user=0.01 sys=0.00, real=0.00 secs] 
2020-10-29T13:19:02.279+0000: [GC (Allocation Failure) 2020-10-29T13:19:02.279+0000: [ParNew: 16388K->4K(18432K), 0.0030348 secs] 558591K->542207K(896640K), 0.0030959 secs] [Times: user=0.00 sys=0.00, real=0.00 secs] 
2020-10-29T13:19:02.298+0000: [GC (Allocation Failure) 2020-10-29T13:19:02.298+0000: [ParNew: 16388K->4K(18432K), 0.0030738 secs] 558591K->542207K(896640K), 0.0031421 secs] [Times: user=0.00 sys=0.00, real=0.00 secs] 
2020-10-29T13:19:02.321+0000: [GC (Allocation Failure) 2020-10-29T13:19:02.321+0000: [ParNew: 16388K->4K(18432K), 0.0029961 secs] 558591K->542207K(896640K), 0.0030567 secs] [Times: user=0.00 sys=0.00, real=0.00 secs] 
2020-10-29T13:19:02.339+0000: [GC (Allocation Failure) 2020-10-29T13:19:02.339+0000: [ParNew: 16388K->4K(18432K), 0.0035633 secs] 558591K->542207K(896640K), 0.0036312 secs] [Times: user=0.01 sys=0.00, real=0.00 secs] 
2020-10-29T13:19:02.359+0000: [GC (Allocation Failure) 2020-10-29T13:19:02.359+0000: [ParNew: 16388K->4K(18432K), 0.0030165 secs] 558591K->542207K(896640K), 0.0030770 secs] [Times: user=0.01 sys=0.00, real=0.00 secs] 
2020-10-29T13:19:02.377+0000: [GC (Allocation Failure) 2020-10-29T13:19:02.377+0000: [ParNew: 16388K->4K(18432K), 0.0030965 secs] 558591K->542207K(896640K), 0.0031594 secs] [Times: user=0.00 sys=0.00, real=0.00 secs] 
2020-10-29T13:19:02.400+0000: [GC (Allocation Failure) 2020-10-29T13:19:02.400+0000: [ParNew: 16388K->4K(18432K), 0.0030258 secs] 558591K->542207K(896640K), 0.0030889 secs] [Times: user=0.00 sys=0.00, real=0.00 secs] 
2020-10-29T13:19:02.419+0000: [GC (Allocation Failure) 2020-10-29T13:19:02.419+0000: [ParNew: 16388K->4K(18432K), 0.0029990 secs] 558591K->542207K(896640K), 0.0030561 secs] [Times: user=0.01 sys=0.00, real=0.00 secs] 
2020-10-29T13:19:02.441+0000: [GC (Allocation Failure) 2020-10-29T13:19:02.441+0000: [ParNew: 16388K->4K(18432K), 0.0030736 secs] 558591K->542207K(896640K), 0.0031401 secs] [Times: user=0.00 sys=0.00, real=0.00 secs] 
2020-10-29T13:19:02.459+0000: [GC (Allocation Failure) 2020-10-29T13:19:02.459+0000: [ParNew: 16388K->4K(18432K), 0.0030221 secs] 558591K->542207K(896640K), 0.0030856 secs] [Times: user=0.00 sys=0.00, real=0.00 secs] 
2020-10-29T13:19:02.481+0000: [GC (Allocation Failure) 2020-10-29T13:19:02.481+0000: [ParNew: 16388K->4K(18432K), 0.0030345 secs] 558591K->542207K(896640K), 0.0030980 secs] [Times: user=0.00 sys=0.00, real=0.00 secs] 
2020-10-29T13:19:02.501+0000: [GC (Allocation Failure) 2020-10-29T13:19:02.501+0000: [ParNew: 16388K->4K(18432K), 0.0030277 secs] 558591K->542207K(896640K), 0.0030886 secs] [Times: user=0.00 sys=0.00, real=0.00 secs] 
2020-10-29T13:19:02.519+0000: [GC (Allocation Failure) 2020-10-29T13:19:02.519+0000: [ParNew: 16388K->4K(18432K), 0.0030961 secs] 558591K->542207K(896640K), 0.0031648 secs] [Times: user=0.01 sys=0.00, real=0.00 secs] 
2020-10-29T13:19:02.540+0000: [GC (Allocation Failure) 2020-10-29T13:19:02.540+0000: [ParNew: 16388K->4K(18432K), 0.0031437 secs] 558591K->542207K(896640K), 0.0032059 secs] [Times: user=0.01 sys=0.00, real=0.00 secs] 
2020-10-29T13:19:02.559+0000: [GC (Allocation Failure) 2020-10-29T13:19:02.559+0000: [ParNew: 16388K->4K(18432K), 0.0030537 secs] 558591K->542207K(896640K), 0.0031182 secs] [Times: user=0.00 sys=0.00, real=0.00 secs] 
2020-10-29T13:19:02.580+0000: [GC (Allocation Failure) 2020-10-29T13:19:02.580+0000: [ParNew: 16388K->4K(18432K), 0.0030128 secs] 558591K->542207K(896640K), 0.0030752 secs] [Times: user=0.00 sys=0.00, real=0.00 secs] 
2020-10-29T13:19:02.598+0000: [GC (Allocation Failure) 2020-10-29T13:19:02.598+0000: [ParNew: 16388K->4K(18432K), 0.0030376 secs] 558591K->542207K(896640K), 0.0031168 secs] [Times: user=0.01 sys=0.00, real=0.00 secs] 
2020-10-29T13:19:02.621+0000: [GC (Allocation Failure) 2020-10-29T13:19:02.621+0000: [ParNew: 16388K->4K(18432K), 0.0030229 secs] 558591K->542207K(896640K), 0.0030870 secs] [Times: user=0.01 sys=0.00, real=0.00 secs] 
2020-10-29T13:19:02.641+0000: [GC (Allocation Failure) 2020-10-29T13:19:02.641+0000: [ParNew: 16388K->4K(18432K), 0.0030667 secs] 558591K->542207K(896640K), 0.0031506 secs] [Times: user=0.01 sys=0.00, real=0.00 secs] 
2020-10-29T13:19:02.660+0000: [GC (Allocation Failure) 2020-10-29T13:19:02.660+0000: [ParNew: 16388K->4K(18432K), 0.0030361 secs] 558591K->542207K(896640K), 0.0030987 secs] [Times: user=0.01 sys=0.00, real=0.00 secs] 
2020-10-29T13:19:02.681+0000: [GC (Allocation Failure) 2020-10-29T13:19:02.681+0000: [ParNew: 16388K->4K(18432K), 0.0030262 secs] 558591K->542207K(896640K), 0.0030896 secs] [Times: user=0.01 sys=0.00, real=0.00 secs] 
2020-10-29T13:19:02.699+0000: [GC (Allocation Failure) 2020-10-29T13:19:02.699+0000: [ParNew: 16388K->4K(18432K), 0.0030885 secs] 558591K->542208K(896640K), 0.0031554 secs] [Times: user=0.00 sys=0.00, real=0.00 secs] 
2020-10-29T13:19:02.721+0000: [GC (Allocation Failure) 2020-10-29T13:19:02.721+0000: [ParNew: 16388K->4K(18432K), 0.0030478 secs] 558592K->542208K(896640K), 0.0031108 secs] [Times: user=0.00 sys=0.00, real=0.00 secs] 
2020-10-29T13:19:02.741+0000: [GC (Allocation Failure) 2020-10-29T13:19:02.741+0000: [ParNew: 16388K->4K(18432K), 0.0046097 secs] 558592K->542208K(896640K), 0.0046717 secs] [Times: user=0.00 sys=0.00, real=0.01 secs] 
2020-10-29T13:19:02.761+0000: [GC (Allocation Failure) 2020-10-29T13:19:02.761+0000: [ParNew: 16388K->4K(18432K), 0.0030105 secs] 558592K->542208K(896640K), 0.0030726 secs] [Times: user=0.00 sys=0.00, real=0.00 secs] 
2020-10-29T13:19:02.781+0000: [GC (Allocation Failure) 2020-10-29T13:19:02.781+0000: [ParNew: 16388K->4K(18432K), 0.0029839 secs] 558592K->542208K(896640K), 0.0030445 secs] [Times: user=0.00 sys=0.00, real=0.00 secs] 
2020-10-29T13:19:02.799+0000: [GC (Allocation Failure) 2020-10-29T13:19:02.799+0000: [ParNew: 16388K->4K(18432K), 0.0030393 secs] 558592K->542208K(896640K), 0.0031010 secs] [Times: user=0.01 sys=0.00, real=0.00 secs] 
2020-10-29T13:19:02.818+0000: [GC (Allocation Failure) 2020-10-29T13:19:02.818+0000: [ParNew: 16388K->4K(18432K), 0.0030865 secs] 558592K->542208K(896640K), 0.0031694 secs] [Times: user=0.01 sys=0.00, real=0.00 secs] 
2020-10-29T13:19:02.837+0000: [GC (Allocation Failure) 2020-10-29T13:19:02.837+0000: [ParNew: 16388K->4K(18432K), 0.0029944 secs] 558592K->542208K(896640K), 0.0030680 secs] [Times: user=0.00 sys=0.00, real=0.00 secs] 
2020-10-29T13:19:02.855+0000: [GC (Allocation Failure) 2020-10-29T13:19:02.855+0000: [ParNew: 16388K->4K(18432K), 0.0030029 secs] 558592K->542208K(896640K), 0.0030625 secs] [Times: user=0.01 sys=0.00, real=0.00 secs] 
2020-10-29T13:19:02.874+0000: [GC (Allocation Failure) 2020-10-29T13:19:02.874+0000: [ParNew: 16388K->4K(18432K), 0.0030650 secs] 558592K->542208K(896640K), 0.0031235 secs] [Times: user=0.00 sys=0.00, real=0.00 secs] 
2020-10-29T13:19:02.896+0000: [GC (Allocation Failure) 2020-10-29T13:19:02.896+0000: [ParNew: 16388K->4K(18432K), 0.0030033 secs] 558592K->542208K(896640K), 0.0030780 secs] [Times: user=0.00 sys=0.00, real=0.00 secs] 
2020-10-29T13:19:02.915+0000: [GC (Allocation Failure) 2020-10-29T13:19:02.915+0000: [ParNew: 16388K->4K(18432K), 0.0030161 secs] 558592K->542208K(896640K), 0.0030751 secs] [Times: user=0.01 sys=0.00, real=0.00 secs] 
2020-10-29T13:19:02.934+0000: [GC (Allocation Failure) 2020-10-29T13:19:02.934+0000: [ParNew: 16388K->4K(18432K), 0.0030001 secs] 558592K->542208K(896640K), 0.0030591 secs] [Times: user=0.01 sys=0.00, real=0.00 secs] 
2020-10-29T13:19:02.952+0000: [GC (Allocation Failure) 2020-10-29T13:19:02.952+0000: [ParNew: 16388K->4K(18432K), 0.0029980 secs] 558592K->542208K(896640K), 0.0030587 secs] [Times: user=0.00 sys=0.00, real=0.01 secs] 
2020-10-29T13:19:02.973+0000: [GC (Allocation Failure) 2020-10-29T13:19:02.973+0000: [ParNew: 16388K->4K(18432K), 0.0030665 secs] 558592K->542208K(896640K), 0.0031277 secs] [Times: user=0.01 sys=0.00, real=0.00 secs] 
2020-10-29T13:19:02.992+0000: [GC (Allocation Failure) 2020-10-29T13:19:02.992+0000: [ParNew: 16388K->4K(18432K), 0.0030135 secs] 558592K->542208K(896640K), 0.0030735 secs] [Times: user=0.00 sys=0.00, real=0.01 secs] 
2020-10-29T13:19:03.013+0000: [GC (Allocation Failure) 2020-10-29T13:19:03.013+0000: [ParNew: 16388K->4K(18432K), 0.0030234 secs] 558592K->542208K(896640K), 0.0030978 secs] [Times: user=0.01 sys=0.00, real=0.00 secs] 
2020-10-29T13:19:03.031+0000: [GC (Allocation Failure) 2020-10-29T13:19:03.031+0000: [ParNew: 16388K->4K(18432K), 0.0030200 secs] 558592K->542208K(896640K), 0.0030791 secs] [Times: user=0.01 sys=0.00, real=0.01 secs] 
2020-10-29T13:19:03.050+0000: [GC (Allocation Failure) 2020-10-29T13:19:03.050+0000: [ParNew: 16388K->4K(18432K), 0.0030185 secs] 558592K->542208K(896640K), 0.0030788 secs] [Times: user=0.00 sys=0.00, real=0.01 secs] 
2020-10-29T13:19:03.069+0000: [GC (Allocation Failure) 2020-10-29T13:19:03.069+0000: [ParNew: 16388K->4K(18432K), 0.0029924 secs] 558592K->542208K(896640K), 0.0030537 secs] [Times: user=0.01 sys=0.00, real=0.00 secs] 
2020-10-29T13:19:03.089+0000: [GC (Allocation Failure) 2020-10-29T13:19:03.089+0000: [ParNew: 16388K->4K(18432K), 0.0031412 secs] 558592K->542208K(896640K), 0.0032073 secs] [Times: user=0.00 sys=0.00, real=0.00 secs] 
2020-10-29T13:19:03.108+0000: [GC (Allocation Failure) 2020-10-29T13:19:03.108+0000: [ParNew: 16388K->4K(18432K), 0.0030600 secs] 558592K->542208K(896640K), 0.0031223 secs] [Times: user=0.01 sys=0.00, real=0.00 secs] 
2020-10-29T13:19:03.129+0000: [GC (Allocation Failure) 2020-10-29T13:19:03.129+0000: [ParNew: 16388K->4K(18432K), 0.0030365 secs] 558592K->542208K(896640K), 0.0031001 secs] [Times: user=0.01 sys=0.00, real=0.00 secs] 
2020-10-29T13:19:03.149+0000: [GC (Allocation Failure) 2020-10-29T13:19:03.149+0000: [ParNew: 16388K->4K(18432K), 0.0029966 secs] 558592K->542208K(896640K), 0.0030584 secs] [Times: user=0.00 sys=0.00, real=0.00 secs] 
2020-10-29T13:19:03.169+0000: [GC (Allocation Failure) 2020-10-29T13:19:03.169+0000: [ParNew: 16388K->4K(18432K), 0.0030233 secs] 558592K->542208K(896640K), 0.0030851 secs] [Times: user=0.00 sys=0.00, real=0.00 secs] 
2020-10-29T13:19:03.187+0000: [GC (Allocation Failure) 2020-10-29T13:19:03.187+0000: [ParNew: 16388K->4K(18432K), 0.0031486 secs] 558592K->542208K(896640K), 0.0032401 secs] [Times: user=0.01 sys=0.00, real=0.00 secs] 
2020-10-29T13:19:03.206+0000: [GC (Allocation Failure) 2020-10-29T13:19:03.206+0000: [ParNew: 16388K->4K(18432K), 0.0030007 secs] 558592K->542208K(896640K), 0.0030628 secs] [Times: user=0.01 sys=0.00, real=0.00 secs] 
2020-10-29T13:19:03.225+0000: [GC (Allocation Failure) 2020-10-29T13:19:03.225+0000: [ParNew: 16388K->4K(18432K), 0.0030069 secs] 558592K->542208K(896640K), 0.0030678 secs] [Times: user=0.00 sys=0.00, real=0.00 secs] 
2020-10-29T13:19:03.245+0000: [GC (Allocation Failure) 2020-10-29T13:19:03.245+0000: [ParNew: 16388K->4K(18432K), 0.0030196 secs] 558592K->542208K(896640K), 0.0030790 secs] [Times: user=0.01 sys=0.00, real=0.00 secs] 
2020-10-29T13:19:03.264+0000: [GC (Allocation Failure) 2020-10-29T13:19:03.265+0000: [ParNew: 16388K->4K(18432K), 0.0030085 secs] 558592K->542208K(896640K), 0.0030721 secs] [Times: user=0.01 sys=0.00, real=0.00 secs] 
2020-10-29T13:19:03.283+0000: [GC (Allocation Failure) 2020-10-29T13:19:03.283+0000: [ParNew: 16388K->4K(18432K), 0.0030306 secs] 558592K->542208K(896640K), 0.0030917 secs] [Times: user=0.00 sys=0.00, real=0.01 secs] 
2020-10-29T13:19:03.302+0000: [GC (Allocation Failure) 2020-10-29T13:19:03.302+0000: [ParNew: 16388K->4K(18432K), 0.0030400 secs] 558592K->542208K(896640K), 0.0031088 secs] [Times: user=0.00 sys=0.00, real=0.01 secs] 
2020-10-29T13:19:03.320+0000: [GC (Allocation Failure) 2020-10-29T13:19:03.320+0000: [ParNew: 16388K->4K(18432K), 0.0030595 secs] 558592K->542208K(896640K), 0.0031328 secs] [Times: user=0.01 sys=0.00, real=0.00 secs] 
2020-10-29T13:19:03.344+0000: [GC (Allocation Failure) 2020-10-29T13:19:03.344+0000: [ParNew: 16388K->4K(18432K), 0.0033994 secs] 558592K->542208K(896640K), 0.0034601 secs] [Times: user=0.00 sys=0.00, real=0.01 secs] 
2020-10-29T13:19:03.363+0000: [GC (Allocation Failure) 2020-10-29T13:19:03.363+0000: [ParNew: 16388K->4K(18432K), 0.0030771 secs] 558592K->542208K(896640K), 0.0031577 secs] [Times: user=0.01 sys=0.00, real=0.01 secs] 
2020-10-29T13:19:03.381+0000: [GC (Allocation Failure) 2020-10-29T13:19:03.381+0000: [ParNew: 16388K->4K(18432K), 0.0030368 secs] 558592K->542208K(896640K), 0.0030978 secs] [Times: user=0.00 sys=0.00, real=0.01 secs] 
2020-10-29T13:19:03.401+0000: [GC (Allocation Failure) 2020-10-29T13:19:03.401+0000: [ParNew: 16388K->4K(18432K), 0.0030096 secs] 558592K->542208K(896640K), 0.0030719 secs] [Times: user=0.01 sys=0.00, real=0.00 secs] 
2020-10-29T13:19:03.419+0000: [GC (Allocation Failure) 2020-10-29T13:19:03.419+0000: [ParNew: 16388K->4K(18432K), 0.0029990 secs] 558592K->542208K(896640K), 0.0030592 secs] [Times: user=0.00 sys=0.00, real=0.00 secs] 
2020-10-29T13:19:03.438+0000: [GC (Allocation Failure) 2020-10-29T13:19:03.438+0000: [ParNew: 16388K->4K(18432K), 0.0030333 secs] 558592K->542208K(896640K), 0.0030943 secs] [Times: user=0.01 sys=0.00, real=0.00 secs] 
2020-10-29T13:19:03.460+0000: [GC (Allocation Failure) 2020-10-29T13:19:03.460+0000: [ParNew: 16388K->4K(18432K), 0.0029987 secs] 558592K->542208K(896640K), 0.0030718 secs] [Times: user=0.00 sys=0.01, real=0.00 secs] 
2020-10-29T13:19:03.481+0000: [GC (Allocation Failure) 2020-10-29T13:19:03.481+0000: [ParNew: 16388K->4K(18432K), 0.0030072 secs] 558592K->542208K(896640K), 0.0030712 secs] [Times: user=0.01 sys=0.00, real=0.00 secs] 
2020-10-29T13:19:03.499+0000: [GC (Allocation Failure) 2020-10-29T13:19:03.499+0000: [ParNew: 16388K->4K(18432K), 0.0031426 secs] 558592K->542208K(896640K), 0.0032121 secs] [Times: user=0.01 sys=0.00, real=0.00 secs] 
2020-10-29T13:19:03.521+0000: [GC (Allocation Failure) 2020-10-29T13:19:03.521+0000: [ParNew: 16388K->4K(18432K), 0.0030331 secs] 558592K->542208K(896640K), 0.0030956 secs] [Times: user=0.01 sys=0.00, real=0.00 secs] 
2020-10-29T13:19:03.539+0000: [GC (Allocation Failure) 2020-10-29T13:19:03.539+0000: [ParNew: 16388K->4K(18432K), 0.0030113 secs] 558592K->542208K(896640K), 0.0030718 secs] [Times: user=0.00 sys=0.00, real=0.00 secs] 
2020-10-29T13:19:03.561+0000: [GC (Allocation Failure) 2020-10-29T13:19:03.561+0000: [ParNew: 16388K->4K(18432K), 0.0030280 secs] 558592K->542208K(896640K), 0.0030901 secs] [Times: user=0.00 sys=0.00, real=0.00 secs] 
2020-10-29T13:19:03.579+0000: [GC (Allocation Failure) 2020-10-29T13:19:03.579+0000: [ParNew: 16388K->4K(18432K), 0.0030303 secs] 558592K->542208K(896640K), 0.0030926 secs] [Times: user=0.01 sys=0.00, real=0.00 secs] 
2020-10-29T13:19:03.605+0000: [GC (Allocation Failure) 2020-10-29T13:19:03.605+0000: [ParNew: 16388K->4K(18432K), 0.0030890 secs] 558592K->542208K(896640K), 0.0031503 secs] [Times: user=0.01 sys=0.00, real=0.00 secs] 
2020-10-29T13:19:03.628+0000: [GC (Allocation Failure) 2020-10-29T13:19:03.629+0000: [ParNew: 16388K->4K(18432K), 0.0030237 secs] 558592K->542208K(896640K), 0.0030811 secs] [Times: user=0.01 sys=0.01, real=0.00 secs] 
2020-10-29T13:19:03.647+0000: [GC (Allocation Failure) 2020-10-29T13:19:03.647+0000: [ParNew: 16388K->4K(18432K), 0.0030419 secs] 558592K->542208K(896640K), 0.0030997 secs] [Times: user=0.00 sys=0.00, real=0.00 secs] 
2020-10-29T13:19:03.666+0000: [GC (Allocation Failure) 2020-10-29T13:19:03.666+0000: [ParNew: 16388K->4K(18432K), 0.0030212 secs] 558592K->542208K(896640K), 0.0030795 secs] [Times: user=0.01 sys=0.00, real=0.00 secs] 
2020-10-29T13:19:03.689+0000: [GC (Allocation Failure) 2020-10-29T13:19:03.689+0000: [ParNew: 16388K->4K(18432K), 0.0030138 secs] 558592K->542208K(896640K), 0.0030716 secs] [Times: user=0.01 sys=0.00, real=0.00 secs] 
2020-10-29T13:19:03.709+0000: [GC (Allocation Failure) 2020-10-29T13:19:03.709+0000: [ParNew: 16388K->4K(18432K), 0.0029638 secs] 558592K->542208K(896640K), 0.0030214 secs] [Times: user=0.00 sys=0.00, real=0.00 secs] 
2020-10-29T13:19:03.729+0000: [GC (Allocation Failure) 2020-10-29T13:19:03.729+0000: [ParNew: 16388K->4K(18432K), 0.0030008 secs] 558592K->542208K(896640K), 0.0030613 secs] [Times: user=0.00 sys=0.00, real=0.00 secs] 
2020-10-29T13:19:03.749+0000: [GC (Allocation Failure) 2020-10-29T13:19:03.749+0000: [ParNew: 16388K->4K(18432K), 0.0030192 secs] 558592K->542208K(896640K), 0.0030758 secs] [Times: user=0.01 sys=0.00, real=0.00 secs] 
2020-10-29T13:19:03.769+0000: [GC (Allocation Failure) 2020-10-29T13:19:03.769+0000: [ParNew: 16388K->4K(18432K), 0.0029443 secs] 558592K->542208K(896640K), 0.0030081 secs] [Times: user=0.01 sys=0.00, real=0.00 secs] 
2020-10-29T13:19:03.787+0000: [GC (Allocation Failure) 2020-10-29T13:19:03.787+0000: [ParNew: 16388K->4K(18432K), 0.0029835 secs] 558592K->542208K(896640K), 0.0030383 secs] [Times: user=0.00 sys=0.00, real=0.00 secs] 
2020-10-29T13:19:03.806+0000: [GC (Allocation Failure) 2020-10-29T13:19:03.806+0000: [ParNew: 16388K->4K(18432K), 0.0029966 secs] 558592K->542208K(896640K), 0.0030556 secs] [Times: user=0.01 sys=0.00, real=0.00 secs] 
2020-10-29T13:19:03.824+0000: [GC (Allocation Failure) 2020-10-29T13:19:03.824+0000: [ParNew: 16388K->4K(18432K), 0.0030125 secs] 558592K->542208K(896640K), 0.0030864 secs] [Times: user=0.00 sys=0.00, real=0.01 secs] 
2020-10-29T13:19:03.843+0000: [GC (Allocation Failure) 2020-10-29T13:19:03.843+0000: [ParNew: 16388K->4K(18432K), 0.0030420 secs] 558592K->542208K(896640K), 0.0031031 secs] [Times: user=0.01 sys=0.00, real=0.01 secs] 
2020-10-29T13:19:03.865+0000: [GC (Allocation Failure) 2020-10-29T13:19:03.865+0000: [ParNew: 16388K->4K(18432K), 0.0030380 secs] 558592K->542208K(896640K), 0.0030962 secs] [Times: user=0.00 sys=0.00, real=0.00 secs] 
2020-10-29T13:19:03.885+0000: [GC (Allocation Failure) 2020-10-29T13:19:03.885+0000: [ParNew: 16388K->4K(18432K), 0.0031405 secs] 558592K->542208K(896640K), 0.0032117 secs] [Times: user=0.00 sys=0.00, real=0.00 secs] 
2020-10-29T13:19:03.903+0000: [GC (Allocation Failure) 2020-10-29T13:19:03.904+0000: [ParNew: 16388K->4K(18432K), 0.0030238 secs] 558592K->542208K(896640K), 0.0030830 secs] [Times: user=0.00 sys=0.00, real=0.01 secs] 
2020-10-29T13:19:03.922+0000: [GC (Allocation Failure) 2020-10-29T13:19:03.922+0000: [ParNew: 16388K->4K(18432K), 0.0031450 secs] 558592K->542208K(896640K), 0.0032086 secs] [Times: user=0.01 sys=0.00, real=0.01 secs] 
2020-10-29T13:19:03.950+0000: [GC (Allocation Failure) 2020-10-29T13:19:03.950+0000: [ParNew: 16388K->6K(18432K), 0.0030901 secs] 558592K->542210K(896640K), 0.0031545 secs] [Times: user=0.01 sys=0.00, real=0.01 secs] 
2020-10-29T13:19:03.968+0000: [GC (Allocation Failure) 2020-10-29T13:19:03.968+0000: [ParNew: 16390K->8K(18432K), 0.0030730 secs] 558594K->542212K(896640K), 0.0031349 secs] [Times: user=0.01 sys=0.00, real=0.00 secs] 
2020-10-29T13:19:03.989+0000: [GC (Allocation Failure) 2020-10-29T13:19:03.989+0000: [ParNew: 16392K->8K(18432K), 0.0032054 secs] 558596K->542212K(896640K), 0.0032676 secs] [Times: user=0.00 sys=0.00, real=0.00 secs] 
2020-10-29T13:19:04.009+0000: [GC (Allocation Failure) 2020-10-29T13:19:04.009+0000: [ParNew: 16392K->8K(18432K), 0.0030321 secs] 558596K->542213K(896640K), 0.0030922 secs] [Times: user=0.01 sys=0.00, real=0.00 secs] 
2020-10-29T13:19:04.027+0000: [GC (Allocation Failure) 2020-10-29T13:19:04.027+0000: [ParNew: 16392K->6K(18432K), 0.0030814 secs] 558597K->542210K(896640K), 0.0031407 secs] [Times: user=0.01 sys=0.00, real=0.00 secs] 
2020-10-29T13:19:04.046+0000: [GC (Allocation Failure) 2020-10-29T13:19:04.046+0000: [ParNew: 16390K->8K(18432K), 0.0030959 secs] 558594K->542213K(896640K), 0.0031516 secs] [Times: user=0.00 sys=0.00, real=0.00 secs] 
2020-10-29T13:19:04.069+0000: [GC (Allocation Failure) 2020-10-29T13:19:04.069+0000: [ParNew: 16392K->4K(18432K), 0.0030328 secs] 558597K->542211K(896640K), 0.0030921 secs] [Times: user=0.01 sys=0.00, real=0.00 secs] 
2020-10-29T13:19:04.089+0000: [GC (Allocation Failure) 2020-10-29T13:19:04.089+0000: [ParNew: 16387K->4K(18432K), 0.0030199 secs] 558595K->542211K(896640K), 0.0030788 secs] [Times: user=0.00 sys=0.00, real=0.00 secs] 
2020-10-29T13:19:04.109+0000: [GC (Allocation Failure) 2020-10-29T13:19:04.109+0000: [ParNew: 16388K->4K(18432K), 0.0030313 secs] 558595K->542211K(896640K), 0.0031005 secs] [Times: user=0.01 sys=0.00, real=0.00 secs] 
2020-10-29T13:19:04.129+0000: [GC (Allocation Failure) 2020-10-29T13:19:04.129+0000: [ParNew: 16388K->4K(18432K), 0.0030346 secs] 558595K->542211K(896640K), 0.0030934 secs] [Times: user=0.01 sys=0.00, real=0.00 secs] 
2020-10-29T13:19:04.149+0000: [GC (Allocation Failure) 2020-10-29T13:19:04.149+0000: [ParNew: 16388K->4K(18432K), 0.0029832 secs] 558595K->542211K(896640K), 0.0030414 secs] [Times: user=0.01 sys=0.00, real=0.00 secs] 
2020-10-29T13:19:04.169+0000: [GC (Allocation Failure) 2020-10-29T13:19:04.169+0000: [ParNew: 16388K->4K(18432K), 0.0030033 secs] 558595K->542211K(896640K), 0.0030799 secs] [Times: user=0.01 sys=0.00, real=0.00 secs] 
2020-10-29T13:19:04.189+0000: [GC (Allocation Failure) 2020-10-29T13:19:04.189+0000: [ParNew: 16388K->4K(18432K), 0.0030365 secs] 558595K->542211K(896640K), 0.0030968 secs] [Times: user=0.01 sys=0.00, real=0.00 secs] 
2020-10-29T13:19:04.209+0000: [GC (Allocation Failure) 2020-10-29T13:19:04.209+0000: [ParNew: 16388K->4K(18432K), 0.0029813 secs] 558595K->542211K(896640K), 0.0030401 secs] [Times: user=0.00 sys=0.00, real=0.00 secs] 
2020-10-29T13:19:04.227+0000: [GC (Allocation Failure) 2020-10-29T13:19:04.227+0000: [ParNew: 16388K->4K(18432K), 0.0029843 secs] 558595K->542211K(896640K), 0.0030431 secs] [Times: user=0.01 sys=0.00, real=0.00 secs] 
2020-10-29T13:19:04.246+0000: [GC (Allocation Failure) 2020-10-29T13:19:04.246+0000: [ParNew: 16388K->4K(18432K), 0.0029677 secs] 558595K->542211K(896640K), 0.0030237 secs] [Times: user=0.00 sys=0.00, real=0.00 secs] 
2020-10-29T13:19:04.264+0000: [GC (Allocation Failure) 2020-10-29T13:19:04.264+0000: [ParNew: 16388K->4K(18432K), 0.0030081 secs] 558595K->542211K(896640K), 0.0030817 secs] [Times: user=0.01 sys=0.00, real=0.01 secs] 
2020-10-29T13:19:04.285+0000: [GC (Allocation Failure) 2020-10-29T13:19:04.285+0000: [ParNew: 16388K->4K(18432K), 0.0029375 secs] 558595K->542211K(896640K), 0.0029926 secs] [Times: user=0.01 sys=0.00, real=0.00 secs] 
2020-10-29T13:19:04.303+0000: [GC (Allocation Failure) 2020-10-29T13:19:04.303+0000: [ParNew: 16388K->4K(18432K), 0.0029926 secs] 558595K->542211K(896640K), 0.0030492 secs] [Times: user=0.00 sys=0.00, real=0.01 secs] 
2020-10-29T13:19:04.326+0000: [GC (Allocation Failure) 2020-10-29T13:19:04.326+0000: [ParNew: 16388K->4K(18432K), 0.0038599 secs] 558595K->542211K(896640K), 0.0039163 secs] [Times: user=0.00 sys=0.00, real=0.00 secs] 
2020-10-29T13:19:04.349+0000: [GC (Allocation Failure) 2020-10-29T13:19:04.349+0000: [ParNew: 16388K->4K(18432K), 0.0030196 secs] 558595K->542211K(896640K), 0.0030765 secs] [Times: user=0.01 sys=0.00, real=0.00 secs] 
2020-10-29T13:19:04.369+0000: [GC (Allocation Failure) 2020-10-29T13:19:04.369+0000: [ParNew: 16388K->4K(18432K), 0.0029852 secs] 558595K->542211K(896640K), 0.0030429 secs] [Times: user=0.01 sys=0.00, real=0.00 secs] 
2020-10-29T13:19:04.389+0000: [GC (Allocation Failure) 2020-10-29T13:19:04.389+0000: [ParNew: 16388K->4K(18432K), 0.0029813 secs] 558595K->542211K(896640K), 0.0030369 secs] [Times: user=0.01 sys=0.00, real=0.00 secs] 
2020-10-29T13:19:04.407+0000: [GC (Allocation Failure) 2020-10-29T13:19:04.407+0000: [ParNew: 16388K->4K(18432K), 0.0030043 secs] 558595K->542211K(896640K), 0.0030621 secs] [Times: user=0.00 sys=0.00, real=0.00 secs] 
2020-10-29T13:19:04.426+0000: [GC (Allocation Failure) 2020-10-29T13:19:04.426+0000: [ParNew: 16388K->4K(18432K), 0.0030324 secs] 558595K->542211K(896640K), 0.0030875 secs] [Times: user=0.00 sys=0.00, real=0.00 secs] 
2020-10-29T13:19:04.448+0000: [GC (Allocation Failure) 2020-10-29T13:19:04.449+0000: [ParNew: 16388K->4K(18432K), 0.0029837 secs] 558595K->542211K(896640K), 0.0030443 secs] [Times: user=0.01 sys=0.00, real=0.00 secs] 
2020-10-29T13:19:04.469+0000: [GC (Allocation Failure) 2020-10-29T13:19:04.469+0000: [ParNew: 16388K->4K(18432K), 0.0030353 secs] 558595K->542211K(896640K), 0.0030951 secs] [Times: user=0.00 sys=0.00, real=0.00 secs] 
2020-10-29T13:19:04.489+0000: [GC (Allocation Failure) 2020-10-29T13:19:04.489+0000: [ParNew: 16388K->4K(18432K), 0.0030628 secs] 558595K->542211K(896640K), 0.0031245 secs] [Times: user=0.01 sys=0.00, real=0.00 secs] 
2020-10-29T13:19:04.509+0000: [GC (Allocation Failure) 2020-10-29T13:19:04.509+0000: [ParNew: 16388K->4K(18432K), 0.0029808 secs] 558595K->542211K(896640K), 0.0030491 secs] [Times: user=0.00 sys=0.00, real=0.00 secs] 
2020-10-29T13:19:04.527+0000: [GC (Allocation Failure) 2020-10-29T13:19:04.527+0000: [ParNew: 16388K->4K(18432K), 0.0029995 secs] 558595K->542211K(896640K), 0.0030574 secs] [Times: user=0.01 sys=0.00, real=0.00 secs] 
2020-10-29T13:19:04.546+0000: [GC (Allocation Failure) 2020-10-29T13:19:04.546+0000: [ParNew: 16388K->4K(18432K), 0.0030138 secs] 558595K->542211K(896640K), 0.0030717 secs] [Times: user=0.00 sys=0.00, real=0.00 secs] 
2020-10-29T13:19:04.564+0000: [GC (Allocation Failure) 2020-10-29T13:19:04.564+0000: [ParNew: 16388K->4K(18432K), 0.0030381 secs] 558595K->542211K(896640K), 0.0030966 secs] [Times: user=0.01 sys=0.00, real=0.00 secs] 
2020-10-29T13:19:04.585+0000: [GC (Allocation Failure) 2020-10-29T13:19:04.585+0000: [ParNew: 16388K->4K(18432K), 0.0029750 secs] 558595K->542211K(896640K), 0.0030337 secs] [Times: user=0.01 sys=0.00, real=0.00 secs] 
2020-10-29T13:19:04.603+0000: [GC (Allocation Failure) 2020-10-29T13:19:04.603+0000: [ParNew: 16388K->4K(18432K), 0.0029255 secs] 558595K->542211K(896640K), 0.0029777 secs] [Times: user=0.01 sys=0.00, real=0.01 secs] 
2020-10-29T13:19:04.625+0000: [GC (Allocation Failure) 2020-10-29T13:19:04.625+0000: [ParNew: 16388K->4K(18432K), 0.0029904 secs] 558595K->542211K(896640K), 0.0030482 secs] [Times: user=0.00 sys=0.00, real=0.00 secs] 
2020-10-29T13:19:04.645+0000: [GC (Allocation Failure) 2020-10-29T13:19:04.645+0000: [ParNew: 16388K->4K(18432K), 0.0029651 secs] 558595K->542211K(896640K), 0.0030270 secs] [Times: user=0.01 sys=0.00, real=0.00 secs] 
2020-10-29T13:19:04.665+0000: [GC (Allocation Failure) 2020-10-29T13:19:04.665+0000: [ParNew: 16388K->4K(18432K), 0.0029973 secs] 558595K->542211K(896640K), 0.0030562 secs] [Times: user=0.00 sys=0.00, real=0.00 secs] 
2020-10-29T13:19:04.685+0000: [GC (Allocation Failure) 2020-10-29T13:19:04.685+0000: [ParNew: 16388K->4K(18432K), 0.0029917 secs] 558595K->542211K(896640K), 0.0030498 secs] [Times: user=0.01 sys=0.00, real=0.00 secs] 
2020-10-29T13:19:04.703+0000: [GC (Allocation Failure) 2020-10-29T13:19:04.703+0000: [ParNew: 16388K->4K(18432K), 0.0030183 secs] 558595K->542211K(896640K), 0.0030776 secs] [Times: user=0.00 sys=0.00, real=0.01 secs] 
2020-10-29T13:19:04.725+0000: [GC (Allocation Failure) 2020-10-29T13:19:04.725+0000: [ParNew: 16388K->4K(18432K), 0.0029867 secs] 558595K->542211K(896640K), 0.0030463 secs] [Times: user=0.00 sys=0.00, real=0.00 secs] 
2020-10-29T13:19:04.743+0000: [GC (Allocation Failure) 2020-10-29T13:19:04.743+0000: [ParNew: 16388K->4K(18432K), 0.0030023 secs] 558595K->542211K(896640K), 0.0030620 secs] [Times: user=0.01 sys=0.00, real=0.01 secs] 
2020-10-29T13:19:04.762+0000: [GC (Allocation Failure) 2020-10-29T13:19:04.762+0000: [ParNew: 16388K->4K(18432K), 0.0029482 secs] 558595K->542211K(896640K), 0.0030023 secs] [Times: user=0.00 sys=0.00, real=0.01 secs] 
2020-10-29T13:19:04.783+0000: [GC (Allocation Failure) 2020-10-29T13:19:04.783+0000: [ParNew: 16388K->4K(18432K), 0.0030396 secs] 558595K->542211K(896640K), 0.0031001 secs] [Times: user=0.00 sys=0.00, real=0.01 secs] 
2020-10-29T13:19:04.802+0000: [GC (Allocation Failure) 2020-10-29T13:19:04.802+0000: [ParNew: 16388K->4K(18432K), 0.0030481 secs] 558595K->542211K(896640K), 0.0031052 secs] [Times: user=0.01 sys=0.00, real=0.01 secs] 
2020-10-29T13:19:04.821+0000: [GC (Allocation Failure) 2020-10-29T13:19:04.821+0000: [ParNew: 16388K->4K(18432K), 0.0029964 secs] 558595K->542211K(896640K), 0.0030548 secs] [Times: user=0.01 sys=0.00, real=0.00 secs] 
2020-10-29T13:19:04.839+0000: [GC (Allocation Failure) 2020-10-29T13:19:04.839+0000: [ParNew: 16388K->4K(18432K), 0.0030076 secs] 558595K->542211K(896640K), 0.0030629 secs] [Times: user=0.00 sys=0.00, real=0.00 secs] 
2020-10-29T13:19:04.858+0000: [GC (Allocation Failure) 2020-10-29T13:19:04.858+0000: [ParNew: 16388K->4K(18432K), 0.0029902 secs] 558595K->542211K(896640K), 0.0030473 secs] [Times: user=0.01 sys=0.00, real=0.00 secs] 
2020-10-29T13:19:04.880+0000: [GC (Allocation Failure) 2020-10-29T13:19:04.881+0000: [ParNew: 16388K->4K(18432K), 0.0030099 secs] 558595K->542211K(896640K), 0.0030685 secs] [Times: user=0.00 sys=0.00, real=0.00 secs] 
2020-10-29T13:19:04.901+0000: [GC (Allocation Failure) 2020-10-29T13:19:04.901+0000: [ParNew: 16388K->4K(18432K), 0.0029778 secs] 558595K->542211K(896640K), 0.0030361 secs] [Times: user=0.01 sys=0.00, real=0.00 secs] 
2020-10-29T13:19:04.919+0000: [GC (Allocation Failure) 2020-10-29T13:19:04.919+0000: [ParNew: 16388K->4K(18432K), 0.0030323 secs] 558595K->542211K(896640K), 0.0030893 secs] [Times: user=0.01 sys=0.00, real=0.00 secs] 
2020-10-29T13:19:04.938+0000: [GC (Allocation Failure) 2020-10-29T13:19:04.938+0000: [ParNew: 16388K->4K(18432K), 0.0030042 secs] 558595K->542211K(896640K), 0.0030625 secs] [Times: user=0.01 sys=0.00, real=0.00 secs] 
2020-10-29T13:19:04.956+0000: [GC (Allocation Failure) 2020-10-29T13:19:04.956+0000: [ParNew: 16388K->4K(18432K), 0.0029892 secs] 558595K->542211K(896640K), 0.0030601 secs] [Times: user=0.01 sys=0.00, real=0.00 secs] 
2020-10-29T13:19:04.976+0000: [GC (Allocation Failure) 2020-10-29T13:19:04.977+0000: [ParNew: 16388K->6K(18432K), 0.0033329 secs] 558595K->542213K(896640K), 0.0033935 secs] [Times: user=0.01 sys=0.00, real=0.00 secs] 
2020-10-29T13:19:04.996+0000: [GC (Allocation Failure) 2020-10-29T13:19:04.996+0000: [ParNew: 16390K->4K(18432K), 0.0030700 secs] 558597K->542211K(896640K), 0.0031419 secs] [Times: user=0.00 sys=0.00, real=0.00 secs] 
2020-10-29T13:19:05.015+0000: [GC (Allocation Failure) 2020-10-29T13:19:05.015+0000: [ParNew: 16388K->4K(18432K), 0.0030085 secs] 558595K->542211K(896640K), 0.0030824 secs] [Times: user=0.01 sys=0.00, real=0.00 secs] 
2020-10-29T13:19:05.037+0000: [GC (Allocation Failure) 2020-10-29T13:19:05.037+0000: [ParNew: 16388K->4K(18432K), 0.0030002 secs] 558595K->542211K(896640K), 0.0030616 secs] [Times: user=0.00 sys=0.00, real=0.00 secs] 
2020-10-29T13:19:05.055+0000: [GC (Allocation Failure) 2020-10-29T13:19:05.055+0000: [ParNew: 16388K->4K(18432K), 0.0030267 secs] 558595K->542211K(896640K), 0.0030844 secs] [Times: user=0.01 sys=0.00, real=0.00 secs] 
2020-10-29T13:19:05.077+0000: [GC (Allocation Failure) 2020-10-29T13:19:05.077+0000: [ParNew: 16388K->4K(18432K), 0.0029925 secs] 558595K->542211K(896640K), 0.0030520 secs] [Times: user=0.01 sys=0.00, real=0.00 secs] 
2020-10-29T13:19:05.095+0000: [GC (Allocation Failure) 2020-10-29T13:19:05.095+0000: [ParNew: 16388K->4K(18432K), 0.0030584 secs] 558595K->542212K(896640K), 0.0031183 secs] [Times: user=0.00 sys=0.00, real=0.00 secs] 
2020-10-29T13:19:05.114+0000: [GC (Allocation Failure) 2020-10-29T13:19:05.114+0000: [ParNew: 16388K->4K(18432K), 0.0030206 secs] 558596K->542212K(896640K), 0.0030814 secs] [Times: user=0.00 sys=0.00, real=0.00 secs] 
2020-10-29T13:19:05.133+0000: [GC (Allocation Failure) 2020-10-29T13:19:05.133+0000: [ParNew: 16388K->4K(18432K), 0.0030034 secs] 558596K->542212K(896640K), 0.0030636 secs] [Times: user=0.01 sys=0.00, real=0.00 secs] 
2020-10-29T13:19:05.151+0000: [GC (Allocation Failure) 2020-10-29T13:19:05.151+0000: [ParNew: 16388K->4K(18432K), 0.0030141 secs] 558596K->542212K(896640K), 0.0030749 secs] [Times: user=0.01 sys=0.00, real=0.01 secs] 
2020-10-29T13:19:05.170+0000: [GC (Allocation Failure) 2020-10-29T13:19:05.170+0000: [ParNew: 16388K->4K(18432K), 0.0030005 secs] 558596K->542212K(896640K), 0.0030606 secs] [Times: user=0.00 sys=0.00, real=0.01 secs] 
2020-10-29T13:19:05.193+0000: [GC (Allocation Failure) 2020-10-29T13:19:05.193+0000: [ParNew: 16388K->4K(18432K), 0.0030049 secs] 558596K->542212K(896640K), 0.0030669 secs] [Times: user=0.01 sys=0.00, real=0.00 secs] 
2020-10-29T13:19:05.213+0000: [GC (Allocation Failure) 2020-10-29T13:19:05.213+0000: [ParNew: 16388K->4K(18432K), 0.0030228 secs] 558596K->542212K(896640K), 0.0030824 secs] [Times: user=0.01 sys=0.00, real=0.00 secs] 
2020-10-29T13:19:05.231+0000: [GC (Allocation Failure) 2020-10-29T13:19:05.231+0000: [ParNew: 16388K->4K(18432K), 0.0030166 secs] 558596K->542212K(896640K), 0.0030883 secs] [Times: user=0.01 sys=0.00, real=0.01 secs] 
2020-10-29T13:19:05.252+0000: [GC (Allocation Failure) 2020-10-29T13:19:05.253+0000: [ParNew: 16388K->4K(18432K), 0.0030114 secs] 558596K->542212K(896640K), 0.0030707 secs] [Times: user=0.00 sys=0.00, real=0.00 secs] 
2020-10-29T13:19:05.271+0000: [GC (Allocation Failure) 2020-10-29T13:19:05.271+0000: [ParNew: 16388K->4K(18432K), 0.0030763 secs] 558596K->542212K(896640K), 0.0031383 secs] [Times: user=0.01 sys=0.00, real=0.01 secs] 
2020-10-29T13:19:05.290+0000: [GC (Allocation Failure) 2020-10-29T13:19:05.290+0000: [ParNew: 16388K->4K(18432K), 0.0030180 secs] 558596K->542212K(896640K), 0.0030781 secs] [Times: user=0.01 sys=0.00, real=0.01 secs] 
2020-10-29T13:19:05.310+0000: [GC (Allocation Failure) 2020-10-29T13:19:05.310+0000: [ParNew: 16388K->4K(18432K), 0.0030075 secs] 558596K->542212K(896640K), 0.0030644 secs] [Times: user=0.01 sys=0.00, real=0.01 secs] 
2020-10-29T13:19:05.329+0000: [GC (Allocation Failure) 2020-10-29T13:19:05.329+0000: [ParNew: 16388K->4K(18432K), 0.0031113 secs] 558596K->542212K(896640K), 0.0031704 secs] [Times: user=0.01 sys=0.00, real=0.00 secs] 
2020-10-29T13:19:05.348+0000: [GC (Allocation Failure) 2020-10-29T13:19:05.348+0000: [ParNew: 16388K->4K(18432K), 0.0030435 secs] 558596K->542212K(896640K), 0.0030955 secs] [Times: user=0.01 sys=0.00, real=0.00 secs] 
2020-10-29T13:19:05.367+0000: [GC (Allocation Failure) 2020-10-29T13:19:05.367+0000: [ParNew: 16388K->4K(18432K), 0.0030367 secs] 558596K->542212K(896640K), 0.0030960 secs] [Times: user=0.00 sys=0.00, real=0.00 secs] 
2020-10-29T13:19:05.386+0000: [GC (Allocation Failure) 2020-10-29T13:19:05.386+0000: [ParNew: 16388K->4K(18432K), 0.0030525 secs] 558596K->542212K(896640K), 0.0031132 secs] [Times: user=0.00 sys=0.00, real=0.00 secs] 
2020-10-29T13:19:05.405+0000: [GC (Allocation Failure) 2020-10-29T13:19:05.405+0000: [ParNew: 16388K->4K(18432K), 0.0029912 secs] 558596K->542212K(896640K), 0.0030510 secs] [Times: user=0.00 sys=0.00, real=0.00 secs] 
2020-10-29T13:19:05.423+0000: [GC (Allocation Failure) 2020-10-29T13:19:05.423+0000: [ParNew: 16388K->4K(18432K), 0.0030220 secs] 558596K->542212K(896640K), 0.0030799 secs] [Times: user=0.00 sys=0.00, real=0.01 secs] 
2020-10-29T13:19:05.442+0000: [GC (Allocation Failure) 2020-10-29T13:19:05.442+0000: [ParNew: 16388K->4K(18432K), 0.0030675 secs] 558596K->542212K(896640K), 0.0031257 secs] [Times: user=0.00 sys=0.00, real=0.01 secs] 
2020-10-29T13:19:05.460+0000: [GC (Allocation Failure) 2020-10-29T13:19:05.461+0000: [ParNew: 16388K->4K(18432K), 0.0046377 secs] 558596K->542212K(896640K), 0.0046973 secs] [Times: user=0.00 sys=0.00, real=0.01 secs] 
2020-10-29T13:19:05.485+0000: [GC (Allocation Failure) 2020-10-29T13:19:05.485+0000: [ParNew: 16388K->4K(18432K), 0.0029982 secs] 558596K->542212K(896640K), 0.0030572 secs] [Times: user=0.01 sys=0.00, real=0.00 secs] 
2020-10-29T13:19:05.503+0000: [GC (Allocation Failure) 2020-10-29T13:19:05.503+0000: [ParNew: 16388K->4K(18432K), 0.0029458 secs] 558596K->542212K(896640K), 0.0030020 secs] [Times: user=0.01 sys=0.00, real=0.01 secs] 
2020-10-29T13:19:05.525+0000: [GC (Allocation Failure) 2020-10-29T13:19:05.525+0000: [ParNew: 16388K->4K(18432K), 0.0029923 secs] 558596K->542212K(896640K), 0.0030493 secs] [Times: user=0.00 sys=0.00, real=0.00 secs] 
2020-10-29T13:19:05.543+0000: [GC (Allocation Failure) 2020-10-29T13:19:05.543+0000: [ParNew: 16388K->4K(18432K), 0.0030341 secs] 558596K->542212K(896640K), 0.0030961 secs] [Times: user=0.01 sys=0.00, real=0.01 secs] 
2020-10-29T13:19:05.565+0000: [GC (Allocation Failure) 2020-10-29T13:19:05.565+0000: [ParNew: 16388K->4K(18432K), 0.0030303 secs] 558596K->542212K(896640K), 0.0030895 secs] [Times: user=0.01 sys=0.00, real=0.00 secs] 
2020-10-29T13:19:05.583+0000: [GC (Allocation Failure) 2020-10-29T13:19:05.583+0000: [ParNew: 16388K->4K(18432K), 0.0030127 secs] 558596K->542212K(896640K), 0.0030730 secs] [Times: user=0.00 sys=0.00, real=0.01 secs] 
2020-10-29T13:19:05.602+0000: [GC (Allocation Failure) 2020-10-29T13:19:05.602+0000: [ParNew: 16388K->4K(18432K), 0.0030170 secs] 558596K->542212K(896640K), 0.0030748 secs] [Times: user=0.01 sys=0.00, real=0.01 secs] 
2020-10-29T13:19:05.620+0000: [GC (Allocation Failure) 2020-10-29T13:19:05.620+0000: [ParNew: 16388K->4K(18432K), 0.0029493 secs] 558596K->542212K(896640K), 0.0030189 secs] [Times: user=0.01 sys=0.00, real=0.00 secs] 
2020-10-29T13:19:05.640+0000: [GC (Allocation Failure) 2020-10-29T13:19:05.641+0000: [ParNew: 16388K->4K(18432K), 0.0030307 secs] 558596K->542212K(896640K), 0.0030928 secs] [Times: user=0.01 sys=0.00, real=0.00 secs] 
2020-10-29T13:19:05.659+0000: [GC (Allocation Failure) 2020-10-29T13:19:05.659+0000: [ParNew: 16388K->4K(18432K), 0.0030572 secs] 558596K->542212K(896640K), 0.0031154 secs] [Times: user=0.01 sys=0.00, real=0.00 secs] 
2020-10-29T13:19:05.678+0000: [GC (Allocation Failure) 2020-10-29T13:19:05.678+0000: [ParNew: 16388K->4K(18432K), 0.0029942 secs] 558596K->542212K(896640K), 0.0030534 secs] [Times: user=0.00 sys=0.00, real=0.00 secs] 
2020-10-29T13:19:05.697+0000: [GC (Allocation Failure) 2020-10-29T13:19:05.697+0000: [ParNew: 16388K->4K(18432K), 0.0029510 secs] 558596K->542212K(896640K), 0.0030070 secs] [Times: user=0.00 sys=0.00, real=0.00 secs] 
2020-10-29T13:19:05.715+0000: [GC (Allocation Failure) 2020-10-29T13:19:05.715+0000: [ParNew: 16388K->4K(18432K), 0.0032314 secs] 558596K->542212K(896640K), 0.0032928 secs] [Times: user=0.01 sys=0.00, real=0.00 secs] 
2020-10-29T13:19:05.737+0000: [GC (Allocation Failure) 2020-10-29T13:19:05.737+0000: [ParNew: 16388K->4K(18432K), 0.0030614 secs] 558596K->542212K(896640K), 0.0031225 secs] [Times: user=0.01 sys=0.00, real=0.00 secs] 
2020-10-29T13:19:05.755+0000: [GC (Allocation Failure) 2020-10-29T13:19:05.755+0000: [ParNew: 16388K->4K(18432K), 0.0029802 secs] 558596K->542212K(896640K), 0.0030395 secs] [Times: user=0.01 sys=0.00, real=0.00 secs] 
2020-10-29T13:19:05.777+0000: [GC (Allocation Failure) 2020-10-29T13:19:05.777+0000: [ParNew: 16388K->4K(18432K), 0.0030270 secs] 558596K->542212K(896640K), 0.0030881 secs] [Times: user=0.01 sys=0.00, real=0.00 secs] 
2020-10-29T13:19:05.797+0000: [GC (Allocation Failure) 2020-10-29T13:19:05.797+0000: [ParNew: 16388K->4K(18432K), 0.0030592 secs] 558596K->542212K(896640K), 0.0031209 secs] [Times: user=0.01 sys=0.00, real=0.00 secs] 
2020-10-29T13:19:05.815+0000: [GC (Allocation Failure) 2020-10-29T13:19:05.815+0000: [ParNew: 16388K->4K(18432K), 0.0030257 secs] 558596K->542212K(896640K), 0.0030899 secs] [Times: user=0.00 sys=0.00, real=0.00 secs] 
2020-10-29T13:19:05.827+0000: [GC (Allocation Failure) 2020-10-29T13:19:05.827+0000: [ParNew: 16388K->4K(18432K), 0.0038374 secs] 558596K->550404K(896640K), 0.0038966 secs] [Times: user=0.01 sys=0.00, real=0.00 secs] 
2020-10-29T13:19:05.847+0000: [GC (Allocation Failure) 2020-10-29T13:19:05.847+0000: [ParNew: 16388K->4K(18432K), 0.0031319 secs] 566788K->550404K(896640K), 0.0031928 secs] [Times: user=0.00 sys=0.00, real=0.00 secs] 
2020-10-29T13:19:05.870+0000: [GC (Allocation Failure) 2020-10-29T13:19:05.870+0000: [ParNew: 14524K->4K(18432K), 0.0030504 secs] 564924K->550404K(896640K), 0.0031127 secs] [Times: user=0.00 sys=0.00, real=0.01 secs] 
2020-10-29T13:19:05.885+0000: [GC (Allocation Failure) 2020-10-29T13:19:05.885+0000: [ParNew: 16388K->4K(18432K), 0.0040181 secs] 566788K->558596K(896640K), 0.0040817 secs] [Times: user=0.01 sys=0.00, real=0.00 secs] 
2020-10-29T13:19:05.909+0000: [GC (Allocation Failure) 2020-10-29T13:19:05.909+0000: [ParNew: 16388K->4K(18432K), 0.0030359 secs] 574980K->558596K(896640K), 0.0030992 secs] [Times: user=0.01 sys=0.00, real=0.00 secs] 
2020-10-29T13:19:05.927+0000: [GC (Allocation Failure) 2020-10-29T13:19:05.927+0000: [ParNew: 16388K->4K(18432K), 0.0030483 secs] 574980K->558596K(896640K), 0.0031173 secs] [Times: user=0.00 sys=0.00, real=0.00 secs] 
2020-10-29T13:19:05.946+0000: [GC (Allocation Failure) 2020-10-29T13:19:05.946+0000: [ParNew: 16388K->4K(18432K), 0.0030326 secs] 574980K->558596K(896640K), 0.0031015 secs] [Times: user=0.00 sys=0.00, real=0.00 secs] 
2020-10-29T13:19:05.965+0000: [GC (Allocation Failure) 2020-10-29T13:19:05.965+0000: [ParNew: 16388K->4K(18432K), 0.0030087 secs] 574980K->558596K(896640K), 0.0030683 secs] [Times: user=0.01 sys=0.00, real=0.00 secs] 
2020-10-29T13:19:05.985+0000: [GC (Allocation Failure) 2020-10-29T13:19:05.985+0000: [ParNew: 16388K->4K(18432K), 0.0029808 secs] 574980K->558596K(896640K), 0.0030410 secs] [Times: user=0.00 sys=0.00, real=0.00 secs] 
2020-10-29T13:19:06.005+0000: [GC (Allocation Failure) 2020-10-29T13:19:06.005+0000: [ParNew: 16388K->4K(18432K), 0.0030138 secs] 574980K->558596K(896640K), 0.0030796 secs] [Times: user=0.00 sys=0.00, real=0.00 secs] 
2020-10-29T13:19:06.023+0000: [GC (Allocation Failure) 2020-10-29T13:19:06.023+0000: [ParNew: 16388K->4K(18432K), 0.0030326 secs] 574980K->558596K(896640K), 0.0030917 secs] [Times: user=0.01 sys=0.00, real=0.01 secs] 
2020-10-29T13:19:06.045+0000: [GC (Allocation Failure) 2020-10-29T13:19:06.045+0000: [ParNew: 16388K->4K(18432K), 0.0029595 secs] 574980K->558596K(896640K), 0.0030174 secs] [Times: user=0.01 sys=0.00, real=0.00 secs] 
2020-10-29T13:19:06.063+0000: [GC (Allocation Failure) 2020-10-29T13:19:06.063+0000: [ParNew: 16388K->4K(18432K), 0.0030180 secs] 574980K->558596K(896640K), 0.0030769 secs] [Times: user=0.00 sys=0.00, real=0.01 secs] 
2020-10-29T13:19:06.085+0000: [GC (Allocation Failure) 2020-10-29T13:19:06.085+0000: [ParNew: 16388K->4K(18432K), 0.0030086 secs] 574980K->558596K(896640K), 0.0030657 secs] [Times: user=0.00 sys=0.00, real=0.00 secs] 
2020-10-29T13:19:06.103+0000: [GC (Allocation Failure) 2020-10-29T13:19:06.103+0000: [ParNew: 16388K->4K(18432K), 0.0029975 secs] 574980K->558596K(896640K), 0.0030661 secs] [Times: user=0.00 sys=0.00, real=0.01 secs] 
2020-10-29T13:19:06.125+0000: [GC (Allocation Failure) 2020-10-29T13:19:06.125+0000: [ParNew: 16388K->4K(18432K), 0.0029770 secs] 574980K->558596K(896640K), 0.0030359 secs] [Times: user=0.01 sys=0.00, real=0.00 secs] 
2020-10-29T13:19:06.143+0000: [GC (Allocation Failure) 2020-10-29T13:19:06.143+0000: [ParNew: 16388K->4K(18432K), 0.0030039 secs] 574980K->558596K(896640K), 0.0030617 secs] [Times: user=0.01 sys=0.00, real=0.01 secs] 
2020-10-29T13:19:06.164+0000: [GC (Allocation Failure) 2020-10-29T13:19:06.165+0000: [ParNew: 16388K->4K(18432K), 0.0029830 secs] 574980K->558596K(896640K), 0.0030382 secs] [Times: user=0.00 sys=0.00, real=0.00 secs] 
2020-10-29T13:19:06.185+0000: [GC (Allocation Failure) 2020-10-29T13:19:06.185+0000: [ParNew: 16388K->4K(18432K), 0.0029875 secs] 574980K->558596K(896640K), 0.0030455 secs] [Times: user=0.00 sys=0.00, real=0.00 secs] 
2020-10-29T13:19:06.203+0000: [GC (Allocation Failure) 2020-10-29T13:19:06.203+0000: [ParNew: 16388K->4K(18432K), 0.0030029 secs] 574980K->558596K(896640K), 0.0030760 secs] [Times: user=0.01 sys=0.00, real=0.01 secs] 
2020-10-29T13:19:06.225+0000: [GC (Allocation Failure) 2020-10-29T13:19:06.225+0000: [ParNew: 16388K->4K(18432K), 0.0029819 secs] 574980K->558596K(896640K), 0.0030405 secs] [Times: user=0.01 sys=0.00, real=0.00 secs] 
2020-10-29T13:19:06.245+0000: [GC (Allocation Failure) 2020-10-29T13:19:06.245+0000: [ParNew: 16388K->4K(18432K), 0.0030006 secs] 574980K->558596K(896640K), 0.0030586 secs] [Times: user=0.00 sys=0.00, real=0.00 secs] 
2020-10-29T13:19:06.263+0000: [GC (Allocation Failure) 2020-10-29T13:19:06.263+0000: [ParNew: 16388K->4K(18432K), 0.0029825 secs] 574980K->558596K(896640K), 0.0030407 secs] [Times: user=0.01 sys=0.00, real=0.01 secs] 
2020-10-29T13:19:06.285+0000: [GC (Allocation Failure) 2020-10-29T13:19:06.285+0000: [ParNew: 16388K->4K(18432K), 0.0029890 secs] 574980K->558596K(896640K), 0.0030473 secs] [Times: user=0.00 sys=0.00, real=0.00 secs] 
2020-10-29T13:19:06.303+0000: [GC (Allocation Failure) 2020-10-29T13:19:06.303+0000: [ParNew: 16388K->4K(18432K), 0.0028943 secs] 574980K->558596K(896640K), 0.0029488 secs] [Times: user=0.00 sys=0.00, real=0.01 secs] 
2020-10-29T13:19:06.316+0000: [GC (Allocation Failure) 2020-10-29T13:19:06.317+0000: [ParNew: 16388K->4K(18432K), 0.0036180 secs] 574980K->566788K(896640K), 0.0036713 secs] [Times: user=0.01 sys=0.00, real=0.00 secs] 
2020-10-29T13:19:06.336+0000: [GC (Allocation Failure) 2020-10-29T13:19:06.337+0000: [ParNew: 16388K->4K(18432K), 0.0028745 secs] 583172K->566788K(896640K), 0.0029374 secs] [Times: user=0.01 sys=0.00, real=0.00 secs] 
2020-10-29T13:19:06.348+0000: [GC (Allocation Failure) 2020-10-29T13:19:06.349+0000: [ParNew: 16388K->4K(18432K), 0.0038200 secs] 583172K->574980K(896640K), 0.0038742 secs] [Times: user=0.01 sys=0.00, real=0.01 secs] 
2020-10-29T13:19:06.372+0000: [GC (Allocation Failure) 2020-10-29T13:19:06.372+0000: [ParNew: 16388K->4K(18432K), 0.0029562 secs] 591364K->574980K(896640K), 0.0030107 secs] [Times: user=0.01 sys=0.00, real=0.01 secs] 
2020-10-29T13:19:06.391+0000: [GC (Allocation Failure) 2020-10-29T13:19:06.391+0000: [ParNew: 16388K->4K(18432K), 0.0029681 secs] 591364K->574980K(896640K), 0.0030244 secs] [Times: user=0.00 sys=0.00, real=0.01 secs] 
2020-10-29T13:19:06.413+0000: [GC (Allocation Failure) 2020-10-29T13:19:06.413+0000: [ParNew: 16388K->4K(18432K), 0.0029274 secs] 591364K->574980K(896640K), 0.0029819 secs] [Times: user=0.01 sys=0.00, real=0.00 secs] 
2020-10-29T13:19:06.431+0000: [GC (Allocation Failure) 2020-10-29T13:19:06.431+0000: [ParNew: 16388K->4K(18432K), 0.0029674 secs] 591364K->574980K(896640K), 0.0030226 secs] [Times: user=0.00 sys=0.00, real=0.01 secs] 
2020-10-29T13:19:06.452+0000: [GC (Allocation Failure) 2020-10-29T13:19:06.453+0000: [ParNew: 16388K->4K(18432K), 0.0028747 secs] 591364K->574980K(896640K), 0.0029271 secs] [Times: user=0.00 sys=0.00, real=0.00 secs] 
2020-10-29T13:19:06.472+0000: [GC (Allocation Failure) 2020-10-29T13:19:06.473+0000: [ParNew: 16388K->4K(18432K), 0.0028321 secs] 591364K->574980K(896640K), 0.0028829 secs] [Times: user=0.00 sys=0.00, real=0.00 secs] 
2020-10-29T13:19:06.491+0000: [GC (Allocation Failure) 2020-10-29T13:19:06.491+0000: [ParNew: 16388K->4K(18432K), 0.0029410 secs] 591364K->574980K(896640K), 0.0029948 secs] [Times: user=0.00 sys=0.00, real=0.01 secs] 
2020-10-29T13:19:06.513+0000: [GC (Allocation Failure) 2020-10-29T13:19:06.513+0000: [ParNew: 16388K->4K(18432K), 0.0029393 secs] 591364K->574980K(896640K), 0.0029947 secs] [Times: user=0.00 sys=0.00, real=0.00 secs] 
2020-10-29T13:19:06.531+0000: [GC (Allocation Failure) 2020-10-29T13:19:06.531+0000: [ParNew: 16388K->4K(18432K), 0.0029186 secs] 591364K->574980K(896640K), 0.0029708 secs] [Times: user=0.01 sys=0.00, real=0.01 secs] 
2020-10-29T13:19:06.560+0000: [GC (Allocation Failure) 2020-10-29T13:19:06.560+0000: [ParNew: 16388K->4K(18432K), 0.0030290 secs] 591364K->574980K(896640K), 0.0030880 secs] [Times: user=0.01 sys=0.00, real=0.00 secs] 
2020-10-29T13:19:06.593+0000: [GC (Allocation Failure) 2020-10-29T13:19:06.593+0000: [ParNew: 16388K->4K(18432K), 0.0029749 secs] 591364K->574980K(896640K), 0.0030336 secs] [Times: user=0.01 sys=0.00, real=0.00 secs] 
2020-10-29T13:19:06.629+0000: [GC (Allocation Failure) 2020-10-29T13:19:06.629+0000: [ParNew: 16388K->4K(18432K), 0.0029914 secs] 591364K->574980K(896640K), 0.0030525 secs] [Times: user=0.00 sys=0.00, real=0.00 secs] 
2020-10-29T13:19:06.658+0000: [GC (Allocation Failure) 2020-10-29T13:19:06.658+0000: [ParNew: 16388K->4K(18432K), 0.0030483 secs] 591364K->574980K(896640K), 0.0031084 secs] [Times: user=0.01 sys=0.00, real=0.00 secs] 
2020-10-29T13:19:06.689+0000: [GC (Allocation Failure) 2020-10-29T13:19:06.689+0000: [ParNew: 16388K->4K(18432K), 0.0029852 secs] 591364K->574980K(896640K), 0.0030445 secs] [Times: user=0.01 sys=0.00, real=0.00 secs] 
2020-10-29T13:19:06.723+0000: [GC (Allocation Failure) 2020-10-29T13:19:06.723+0000: [ParNew: 16388K->4K(18432K), 0.0029960 secs] 591364K->574980K(896640K), 0.0030535 secs] [Times: user=0.00 sys=0.00, real=0.01 secs] 
2020-10-29T13:19:06.743+0000: [GC (Allocation Failure) 2020-10-29T13:19:06.743+0000: [ParNew: 8198K->4K(18432K), 0.0030173 secs] 583175K->574982K(896640K), 0.0030782 secs] [Times: user=0.01 sys=0.00, real=0.01 secs] 
2020-10-29T13:19:06.764+0000: [GC (Allocation Failure) 2020-10-29T13:19:06.764+0000: [ParNew: 16388K->4K(18432K), 0.0038845 secs] 591366K->583174K(896640K), 0.0039410 secs] [Times: user=0.01 sys=0.00, real=0.01 secs] 
2020-10-29T13:19:06.797+0000: [GC (Allocation Failure) 2020-10-29T13:19:06.797+0000: [ParNew: 16388K->4K(18432K), 0.0030241 secs] 599558K->583174K(896640K), 0.0030906 secs] [Times: user=0.01 sys=0.00, real=0.00 secs] 
2020-10-29T13:19:06.941+0000: [GC (Allocation Failure) 2020-10-29T13:19:06.941+0000: [ParNew: 16388K->4K(18432K), 0.0029664 secs] 599558K->583174K(896640K), 0.0030245 secs] [Times: user=0.01 sys=0.00, real=0.00 secs] 
2020-10-29T13:19:07.422+0000: [GC (Allocation Failure) 2020-10-29T13:19:07.422+0000: [ParNew: 16388K->4K(18432K), 0.0031087 secs] 599558K->583174K(896640K), 0.0031940 secs] [Times: user=0.01 sys=0.00, real=0.01 secs] 
2020-10-29T13:19:07.707+0000: [GC (Allocation Failure) 2020-10-29T13:19:07.707+0000: [ParNew: 16388K->4K(18432K), 0.0030034 secs] 599558K->583174K(896640K), 0.0030760 secs] [Times: user=0.00 sys=0.00, real=0.00 secs] 
2020-10-29T13:19:07.782+0000: [GC (Allocation Failure) 2020-10-29T13:19:07.783+0000: [ParNew: 16388K->8K(18432K), 0.0030547 secs] 599558K->583178K(896640K), 0.0031407 secs] [Times: user=0.01 sys=0.00, real=0.01 secs] 
2020-10-29T13:19:08.654+0000: [GC (Allocation Failure) 2020-10-29T13:19:08.654+0000: [ParNew: 16392K->2047K(18432K), 0.0068708 secs] 599562K->585439K(896640K), 0.0069588 secs] [Times: user=0.01 sys=0.00, real=0.00 secs] 
2020-10-29T13:19:08.754+0000: [GC (Allocation Failure) 2020-10-29T13:19:08.754+0000: [ParNew: 18431K->564K(18432K), 0.0156438 secs] 601823K->585803K(896640K), 0.0157377 secs] [Times: user=0.03 sys=0.00, real=0.01 secs] 
2020-10-29T13:19:08.809+0000: [GC (Allocation Failure) 2020-10-29T13:19:08.809+0000: [ParNew: 16948K->484K(18432K), 0.0066855 secs] 602187K->585723K(896640K), 0.0067713 secs] [Times: user=0.01 sys=0.00, real=0.01 secs] 
2020-10-29T13:19:08.854+0000: [GC (Allocation Failure) 2020-10-29T13:19:08.854+0000: [ParNew: 16868K->663K(18432K), 0.0107183 secs] 602107K->585902K(896640K), 0.0108068 secs] [Times: user=0.03 sys=0.00, real=0.01 secs] 
2020-10-29T13:19:08.904+0000: [GC (Allocation Failure) 2020-10-29T13:19:08.904+0000: [ParNew: 17047K->668K(18432K), 0.0064573 secs] 602286K->585906K(896640K), 0.0065385 secs] [Times: user=0.02 sys=0.00, real=0.01 secs] 
2020-10-29T13:19:08.947+0000: [GC (Allocation Failure) 2020-10-29T13:19:08.947+0000: [ParNew: 17052K->1177K(18432K), 0.0087792 secs] 602290K->586415K(896640K), 0.0088716 secs] [Times: user=0.02 sys=0.00, real=0.01 secs] 
2020-10-29T13:19:08.989+0000: [GC (Allocation Failure) 2020-10-29T13:19:08.989+0000: [ParNew: 17561K->98K(18432K), 0.0070591 secs] 602799K->586465K(896640K), 0.0071458 secs] [Times: user=0.01 sys=0.00, real=0.01 secs] 
2020-10-29T13:19:09.027+0000: [GC (Allocation Failure) 2020-10-29T13:19:09.027+0000: [ParNew: 16482K->25K(18432K), 0.0100299 secs] 602849K->586391K(896640K), 0.0101116 secs] [Times: user=0.02 sys=0.00, real=0.01 secs] 
2020-10-29T13:19:09.071+0000: [GC (Allocation Failure) 2020-10-29T13:19:09.071+0000: [ParNew: 16409K->6K(18432K), 0.0029725 secs] 602775K->586373K(896640K), 0.0030337 secs] [Times: user=0.00 sys=0.00, real=0.01 secs] 
2020-10-29T13:19:09.115+0000: [GC (Allocation Failure) 2020-10-29T13:19:09.115+0000: [ParNew: 16390K->4K(18432K), 0.0063978 secs] 602757K->586370K(896640K), 0.0064773 secs] [Times: user=0.01 sys=0.00, real=0.00 secs] 
2020-10-29T13:19:09.152+0000: [GC (Allocation Failure) 2020-10-29T13:19:09.152+0000: [ParNew: 16388K->4K(18432K), 0.0029504 secs] 602754K->586370K(896640K), 0.0030115 secs] [Times: user=0.01 sys=0.00, real=0.00 secs] 
2020-10-29T13:19:09.185+0000: [GC (Allocation Failure) 2020-10-29T13:19:09.185+0000: [ParNew: 16388K->4K(18432K), 0.0029490 secs] 602754K->586370K(896640K), 0.0030265 secs] [Times: user=0.00 sys=0.00, real=0.00 secs] 
2020-10-29T13:19:09.213+0000: [GC (Allocation Failure) 2020-10-29T13:19:09.213+0000: [ParNew: 16388K->4K(18432K), 0.0029670 secs] 602754K->586370K(896640K), 0.0030275 secs] [Times: user=0.00 sys=0.00, real=0.00 secs] 
2020-10-29T13:19:09.239+0000: [GC (Allocation Failure) 2020-10-29T13:19:09.239+0000: [ParNew: 16388K->4K(18432K), 0.0029584 secs] 602754K->586370K(896640K), 0.0030185 secs] [Times: user=0.00 sys=0.00, real=0.00 secs] 
2020-10-29T13:19:09.265+0000: [GC (Allocation Failure) 2020-10-29T13:19:09.265+0000: [ParNew: 16388K->4K(18432K), 0.0030415 secs] 602754K->586370K(896640K), 0.0031128 secs] [Times: user=0.01 sys=0.00, real=0.00 secs] 
2020-10-29T13:19:09.293+0000: [GC (Allocation Failure) 2020-10-29T13:19:09.293+0000: [ParNew: 16388K->4K(18432K), 0.0029943 secs] 602754K->586370K(896640K), 0.0030790 secs] [Times: user=0.01 sys=0.01, real=0.00 secs] 
2020-10-29T13:19:09.336+0000: [GC (Allocation Failure) 2020-10-29T13:19:09.336+0000: [ParNew: 16388K->4K(18432K), 0.0030036 secs] 602754K->586370K(896640K), 0.0030655 secs] [Times: user=0.00 sys=0.00, real=0.00 secs] 
2020-10-29T13:19:09.367+0000: [GC (Allocation Failure) 2020-10-29T13:19:09.367+0000: [ParNew: 16388K->4K(18432K), 0.0037401 secs] 602754K->586370K(896640K), 0.0038027 secs] [Times: user=0.00 sys=0.00, real=0.00 secs] 
2020-10-29T13:19:09.395+0000: [GC (Allocation Failure) 2020-10-29T13:19:09.395+0000: [ParNew: 16388K->4K(18432K), 0.0030124 secs] 602754K->586370K(896640K), 0.0030744 secs] [Times: user=0.00 sys=0.00, real=0.00 secs] 
2020-10-29T13:19:09.422+0000: [GC (Allocation Failure) 2020-10-29T13:19:09.422+0000: [ParNew: 16388K->4K(18432K), 0.0104569 secs] 602754K->586370K(896640K), 0.0105190 secs] [Times: user=0.02 sys=0.00, real=0.02 secs] 
2020-10-29T13:19:09.456+0000: [GC (Allocation Failure) 2020-10-29T13:19:09.456+0000: [ParNew: 16388K->4K(18432K), 0.0029891 secs] 602754K->586370K(896640K), 0.0030494 secs] [Times: user=0.00 sys=0.00, real=0.00 secs] 
2020-10-29T13:19:09.493+0000: [GC (Allocation Failure) 2020-10-29T13:19:09.493+0000: [ParNew: 16388K->4K(18432K), 0.0063381 secs] 602754K->586370K(896640K), 0.0064030 secs] [Times: user=0.01 sys=0.00, real=0.00 secs] 
2020-10-29T13:19:09.534+0000: [GC (Allocation Failure) 2020-10-29T13:19:09.534+0000: [ParNew: 16388K->2K(18432K), 0.0063169 secs] 602754K->586368K(896640K), 0.0063969 secs] [Times: user=0.02 sys=0.00, real=0.00 secs] 
2020-10-29T13:19:09.566+0000: [GC (Allocation Failure) 2020-10-29T13:19:09.566+0000: [ParNew: 16386K->4K(18432K), 0.0062080 secs] 602752K->586370K(896640K), 0.0062855 secs] [Times: user=0.02 sys=0.00, real=0.01 secs] 
2020-10-29T13:19:09.599+0000: [GC (Allocation Failure) 2020-10-29T13:19:09.599+0000: [ParNew: 16388K->4K(18432K), 0.0066580 secs] 602754K->586371K(896640K), 0.0067400 secs] [Times: user=0.01 sys=0.00, real=0.01 secs] 
2020-10-29T13:19:09.637+0000: [GC (Allocation Failure) 2020-10-29T13:19:09.637+0000: [ParNew: 16388K->2K(18432K), 0.0062548 secs] 602755K->586369K(896640K), 0.0063363 secs] [Times: user=0.01 sys=0.00, real=0.00 secs] 
2020-10-29T13:19:09.683+0000: [GC (Allocation Failure) 2020-10-29T13:19:09.683+0000: [ParNew: 16386K->4K(18432K), 0.0085356 secs] 602753K->586371K(896640K), 0.0086239 secs] [Times: user=0.02 sys=0.00, real=0.01 secs] 
2020-10-29T13:19:09.729+0000: [GC (Allocation Failure) 2020-10-29T13:19:09.729+0000: [ParNew: 16388K->4K(18432K), 0.0062722 secs] 602755K->586371K(896640K), 0.0063502 secs] [Times: user=0.01 sys=0.00, real=0.01 secs] 
2020-10-29T13:19:09.769+0000: [GC (Allocation Failure) 2020-10-29T13:19:09.769+0000: [ParNew: 16388K->4K(18432K), 0.0029627 secs] 602755K->586371K(896640K), 0.0030316 secs] [Times: user=0.00 sys=0.00, real=0.00 secs] 
2020-10-29T13:19:09.797+0000: [GC (Allocation Failure) 2020-10-29T13:19:09.797+0000: [ParNew: 16388K->4K(18432K), 0.0029875 secs] 602755K->586371K(896640K), 0.0030490 secs] [Times: user=0.00 sys=0.00, real=0.00 secs] 
2020-10-29T13:19:09.833+0000: [GC (Allocation Failure) 2020-10-29T13:19:09.833+0000: [ParNew: 16388K->4K(18432K), 0.0030975 secs] 602755K->586371K(896640K), 0.0031882 secs] [Times: user=0.00 sys=0.00, real=0.00 secs] 
2020-10-29T13:19:09.869+0000: [GC (Allocation Failure) 2020-10-29T13:19:09.869+0000: [ParNew: 16388K->4K(18432K), 0.0030314 secs] 602755K->586371K(896640K), 0.0031075 secs] [Times: user=0.01 sys=0.00, real=0.00 secs] 
2020-10-29T13:19:09.912+0000: [GC (Allocation Failure) 2020-10-29T13:19:09.912+0000: [ParNew: 16388K->4K(18432K), 0.0029700 secs] 602755K->586371K(896640K), 0.0030304 secs] [Times: user=0.00 sys=0.00, real=0.01 secs] 
2020-10-29T13:19:09.936+0000: [GC (Allocation Failure) 2020-10-29T13:19:09.936+0000: [ParNew: 16388K->4K(18432K), 0.0029984 secs] 602755K->586371K(896640K), 0.0030667 secs] [Times: user=0.01 sys=0.00, real=0.00 secs] 
2020-10-29T13:19:09.961+0000: [GC (Allocation Failure) 2020-10-29T13:19:09.961+0000: [ParNew: 16388K->4K(18432K), 0.0030037 secs] 602755K->586371K(896640K), 0.0030859 secs] [Times: user=0.01 sys=0.00, real=0.00 secs] 
2020-10-29T13:19:10.003+0000: [GC (Allocation Failure) 2020-10-29T13:19:10.004+0000: [ParNew: 16388K->4K(18432K), 0.0030280 secs] 602755K->586371K(896640K), 0.0031086 secs] [Times: user=0.01 sys=0.00, real=0.01 secs] 
2020-10-29T13:19:10.045+0000: [GC (Allocation Failure) 2020-10-29T13:19:10.045+0000: [ParNew: 16388K->4K(18432K), 0.0065139 secs] 602755K->586371K(896640K), 0.0065987 secs] [Times: user=0.01 sys=0.00, real=0.00 secs] 
2020-10-29T13:19:10.074+0000: [GC (Allocation Failure) 2020-10-29T13:19:10.074+0000: [ParNew: 16388K->4K(18432K), 0.0062370 secs] 602755K->586371K(896640K), 0.0063211 secs] [Times: user=0.01 sys=0.00, real=0.00 secs] 
2020-10-29T13:19:10.099+0000: [GC (Allocation Failure) 2020-10-29T13:19:10.099+0000: [ParNew: 16388K->4K(18432K), 0.0086630 secs] 602755K->586371K(896640K), 0.0087496 secs] [Times: user=0.01 sys=0.00, real=0.01 secs] 
2020-10-29T13:19:10.133+0000: [GC (Allocation Failure) 2020-10-29T13:19:10.133+0000: [ParNew: 16388K->2K(18432K), 0.0064131 secs] 602755K->586369K(896640K), 0.0064968 secs] [Times: user=0.01 sys=0.00, real=0.00 secs] 
2020-10-29T13:19:10.165+0000: [GC (Allocation Failure) 2020-10-29T13:19:10.165+0000: [ParNew: 16386K->2K(18432K), 0.0062373 secs] 602753K->586369K(896640K), 0.0063194 secs] [Times: user=0.01 sys=0.00, real=0.00 secs] 
2020-10-29T13:19:10.189+0000: [GC (Allocation Failure) 2020-10-29T13:19:10.190+0000: [ParNew: 16386K->2K(18432K), 0.0062162 secs] 602753K->586369K(896640K), 0.0062952 secs] [Times: user=0.01 sys=0.00, real=0.01 secs] 
2020-10-29T13:19:10.217+0000: [GC (Allocation Failure) 2020-10-29T13:19:10.217+0000: [ParNew: 16386K->4K(18432K), 0.0030134 secs] 602753K->586371K(896640K), 0.0031060 secs] [Times: user=0.01 sys=0.00, real=0.00 secs] 
2020-10-29T13:19:10.239+0000: [GC (Allocation Failure) 2020-10-29T13:19:10.239+0000: [ParNew: 16388K->2K(18432K), 0.0062048 secs] 602755K->586369K(896640K), 0.0062693 secs] [Times: user=0.01 sys=0.00, real=0.01 secs] 
2020-10-29T13:19:10.265+0000: [GC (Allocation Failure) 2020-10-29T13:19:10.265+0000: [ParNew: 16386K->2K(18432K), 0.0064003 secs] 602753K->586369K(896640K), 0.0064843 secs] [Times: user=0.02 sys=0.00, real=0.00 secs] 
2020-10-29T13:19:10.300+0000: [GC (Allocation Failure) 2020-10-29T13:19:10.300+0000: [ParNew: 16386K->4K(18432K), 0.0029994 secs] 602753K->586371K(896640K), 0.0030751 secs] [Times: user=0.01 sys=0.00, real=0.00 secs] 
2020-10-29T13:19:10.319+0000: [GC (Allocation Failure) 2020-10-29T13:19:10.319+0000: [ParNew: 16388K->4K(18432K), 0.0029691 secs] 602755K->586371K(896640K), 0.0030296 secs] [Times: user=0.01 sys=0.00, real=0.00 secs] 
2020-10-29T13:19:10.338+0000: [GC (Allocation Failure) 2020-10-29T13:19:10.338+0000: [ParNew: 16388K->4K(18432K), 0.0029628 secs] 602755K->586371K(896640K), 0.0030196 secs] [Times: user=0.01 sys=0.00, real=0.00 secs] 
2020-10-29T13:19:10.356+0000: [GC (Allocation Failure) 2020-10-29T13:19:10.356+0000: [ParNew: 16388K->4K(18432K), 0.0030352 secs] 602755K->586371K(896640K), 0.0031007 secs] [Times: user=0.00 sys=0.00, real=0.00 secs] 
2020-10-29T13:19:10.374+0000: [GC (Allocation Failure) 2020-10-29T13:19:10.374+0000: [ParNew: 16388K->4K(18432K), 0.0029809 secs] 602755K->586371K(896640K), 0.0030393 secs] [Times: user=0.01 sys=0.00, real=0.00 secs] 
2020-10-29T13:19:10.393+0000: [GC (Allocation Failure) 2020-10-29T13:19:10.393+0000: [ParNew: 16388K->4K(18432K), 0.0029751 secs] 602755K->586371K(896640K), 0.0030325 secs] [Times: user=0.01 sys=0.00, real=0.00 secs] 
2020-10-29T13:19:10.411+0000: [GC (Allocation Failure) 2020-10-29T13:19:10.411+0000: [ParNew: 16388K->4K(18432K), 0.0029993 secs] 602755K->586371K(896640K), 0.0030604 secs] [Times: user=0.00 sys=0.00, real=0.01 secs] 
2020-10-29T13:19:10.433+0000: [GC (Allocation Failure) 2020-10-29T13:19:10.433+0000: [ParNew: 16388K->4K(18432K), 0.0029972 secs] 602755K->586371K(896640K), 0.0030561 secs] [Times: user=0.01 sys=0.00, real=0.00 secs] 
2020-10-29T13:19:10.453+0000: [GC (Allocation Failure) 2020-10-29T13:19:10.453+0000: [ParNew: 16388K->4K(18432K), 0.0030233 secs] 602755K->586371K(896640K), 0.0030844 secs] [Times: user=0.00 sys=0.00, real=0.00 secs] 
2020-10-29T13:19:10.471+0000: [GC (Allocation Failure) 2020-10-29T13:19:10.471+0000: [ParNew: 16388K->4K(18432K), 0.0030671 secs] 602755K->586371K(896640K), 0.0031273 secs] [Times: user=0.01 sys=0.00, real=0.01 secs] 
2020-10-29T13:19:10.490+0000: [GC (Allocation Failure) 2020-10-29T13:19:10.490+0000: [ParNew: 16388K->4K(18432K), 0.0028280 secs] 602755K->586371K(896640K), 0.0028799 secs] [Times: user=0.00 sys=0.00, real=0.01 secs] 
2020-10-29T13:19:10.508+0000: [GC (Allocation Failure) 2020-10-29T13:19:10.508+0000: [ParNew: 16388K->4K(18432K), 0.0029630 secs] 602755K->586371K(896640K), 0.0030196 secs] [Times: user=0.01 sys=0.00, real=0.00 secs] 
2020-10-29T13:19:10.526+0000: [GC (Allocation Failure) 2020-10-29T13:19:10.526+0000: [ParNew: 16388K->4K(18432K), 0.0030081 secs] 602755K->586371K(896640K), 0.0030671 secs] [Times: user=0.01 sys=0.00, real=0.00 secs] 
2020-10-29T13:19:10.545+0000: [GC (Allocation Failure) 2020-10-29T13:19:10.545+0000: [ParNew: 16388K->4K(18432K), 0.0029660 secs] 602755K->586371K(896640K), 0.0030278 secs] [Times: user=0.00 sys=0.00, real=0.00 secs] 
2020-10-29T13:19:10.565+0000: [GC (Allocation Failure) 2020-10-29T13:19:10.565+0000: [ParNew: 16388K->4K(18432K), 0.0029490 secs] 602755K->586371K(896640K), 0.0030080 secs] [Times: user=0.00 sys=0.00, real=0.00 secs] 
2020-10-29T13:19:10.583+0000: [GC (Allocation Failure) 2020-10-29T13:19:10.583+0000: [ParNew: 16388K->4K(18432K), 0.0030424 secs] 602755K->586371K(896640K), 0.0031023 secs] [Times: user=0.00 sys=0.00, real=0.01 secs] 
2020-10-29T13:19:10.601+0000: [GC (Allocation Failure) 2020-10-29T13:19:10.601+0000: [ParNew: 16388K->4K(18432K), 0.0029953 secs] 602755K->586371K(896640K), 0.0030540 secs] [Times: user=0.01 sys=0.00, real=0.01 secs] 
2020-10-29T13:19:10.620+0000: [GC (Allocation Failure) 2020-10-29T13:19:10.620+0000: [ParNew: 16388K->4K(18432K), 0.0029813 secs] 602755K->586371K(896640K), 0.0030385 secs] [Times: user=0.00 sys=0.00, real=0.00 secs] 
2020-10-29T13:19:10.638+0000: [GC (Allocation Failure) 2020-10-29T13:19:10.638+0000: [ParNew: 16388K->4K(18432K), 0.0029990 secs] 602755K->586371K(896640K), 0.0030590 secs] [Times: user=0.00 sys=0.00, real=0.00 secs] 
2020-10-29T13:19:10.657+0000: [GC (Allocation Failure) 2020-10-29T13:19:10.657+0000: [ParNew: 16388K->4K(18432K), 0.0030014 secs] 602755K->586371K(896640K), 0.0030625 secs] [Times: user=0.00 sys=0.00, real=0.00 secs] 
2020-10-29T13:19:10.677+0000: [GC (Allocation Failure) 2020-10-29T13:19:10.677+0000: [ParNew: 16388K->4K(18432K), 0.0029663 secs] 602755K->586371K(896640K), 0.0030263 secs] [Times: user=0.01 sys=0.00, real=0.00 secs] 
2020-10-29T13:19:10.695+0000: [GC (Allocation Failure) 2020-10-29T13:19:10.695+0000: [ParNew: 16388K->4K(18432K), 0.0029829 secs] 602755K->586371K(896640K), 0.0030434 secs] [Times: user=0.00 sys=0.00, real=0.00 secs] 
2020-10-29T13:19:10.714+0000: [GC (Allocation Failure) 2020-10-29T13:19:10.714+0000: [ParNew: 16388K->4K(18432K), 0.0032934 secs] 602755K->586371K(896640K), 0.0033532 secs] [Times: user=0.01 sys=0.00, real=0.00 secs] 
2020-10-29T13:19:10.733+0000: [GC (Allocation Failure) 2020-10-29T13:19:10.733+0000: [ParNew: 16388K->4K(18432K), 0.0029756 secs] 602755K->586371K(896640K), 0.0030404 secs] [Times: user=0.00 sys=0.00, real=0.00 secs] 
2020-10-29T13:19:10.751+0000: [GC (Allocation Failure) 2020-10-29T13:19:10.751+0000: [ParNew: 16388K->4K(18432K), 0.0030456 secs] 602755K->586371K(896640K), 0.0031023 secs] [Times: user=0.01 sys=0.00, real=0.01 secs] 
2020-10-29T13:19:10.773+0000: [GC (Allocation Failure) 2020-10-29T13:19:10.773+0000: [ParNew: 16388K->4K(18432K), 0.0029875 secs] 602755K->586371K(896640K), 0.0030532 secs] [Times: user=0.01 sys=0.00, real=0.00 secs] 
2020-10-29T13:19:10.793+0000: [GC (Allocation Failure) 2020-10-29T13:19:10.793+0000: [ParNew: 16388K->4K(18432K), 0.0029378 secs] 602755K->586371K(896640K), 0.0029942 secs] [Times: user=0.01 sys=0.00, real=0.00 secs] 
2020-10-29T13:19:10.813+0000: [GC (Allocation Failure) 2020-10-29T13:19:10.813+0000: [ParNew: 16388K->4K(18432K), 0.0029797 secs] 602755K->586372K(896640K), 0.0030398 secs] [Times: user=0.00 sys=0.00, real=0.00 secs] 
2020-10-29T13:19:10.833+0000: [GC (Allocation Failure) 2020-10-29T13:19:10.833+0000: [ParNew: 16388K->4K(18432K), 0.0029949 secs] 602756K->586372K(896640K), 0.0030534 secs] [Times: user=0.00 sys=0.00, real=0.00 secs] 
2020-10-29T13:19:10.851+0000: [GC (Allocation Failure) 2020-10-29T13:19:10.851+0000: [ParNew: 16388K->4K(18432K), 0.0029729 secs] 602756K->586372K(896640K), 0.0030303 secs] [Times: user=0.01 sys=0.00, real=0.01 secs] 
2020-10-29T13:19:10.869+0000: [GC (Allocation Failure) 2020-10-29T13:19:10.869+0000: [ParNew: 16388K->4K(18432K), 0.0029692 secs] 602756K->586372K(896640K), 0.0030269 secs] [Times: user=0.00 sys=0.00, real=0.00 secs] 
2020-10-29T13:19:10.888+0000: [GC (Allocation Failure) 2020-10-29T13:19:10.888+0000: [ParNew: 16388K->4K(18432K), 0.0029393 secs] 602756K->586372K(896640K), 0.0029948 secs] [Times: user=0.01 sys=0.00, real=0.00 secs] 
2020-10-29T13:19:10.908+0000: [GC (Allocation Failure) 2020-10-29T13:19:10.909+0000: [ParNew: 16388K->4K(18432K), 0.0028954 secs] 602756K->586372K(896640K), 0.0029497 secs] [Times: user=0.01 sys=0.00, real=0.00 secs] 
2020-10-29T13:19:10.931+0000: [GC (Allocation Failure) 2020-10-29T13:19:10.931+0000: [ParNew: 16388K->4K(18432K), 0.0030341 secs] 602756K->586372K(896640K), 0.0030958 secs] [Times: user=0.00 sys=0.00, real=0.01 secs] 
2020-10-29T13:19:10.949+0000: [GC (Allocation Failure) 2020-10-29T13:19:10.949+0000: [ParNew: 16388K->4K(18432K), 0.0029747 secs] 602756K->586372K(896640K), 0.0030339 secs] [Times: user=0.01 sys=0.00, real=0.00 secs] 
2020-10-29T13:19:10.968+0000: [GC (Allocation Failure) 2020-10-29T13:19:10.968+0000: [ParNew: 16388K->4K(18432K), 0.0029992 secs] 602756K->586372K(896640K), 0.0030593 secs] [Times: user=0.00 sys=0.00, real=0.00 secs] 
2020-10-29T13:19:10.987+0000: [GC (Allocation Failure) 2020-10-29T13:19:10.987+0000: [ParNew: 16388K->4K(18432K), 0.0030075 secs] 602756K->586372K(896640K), 0.0030663 secs] [Times: user=0.01 sys=0.00, real=0.00 secs] 
2020-10-29T13:19:11.005+0000: [GC (Allocation Failure) 2020-10-29T13:19:11.005+0000: [ParNew: 16388K->4K(18432K), 0.0029563 secs] 602756K->586372K(896640K), 0.0030135 secs] [Times: user=0.01 sys=0.00, real=0.00 secs] 
2020-10-29T13:19:11.023+0000: [GC (Allocation Failure) 2020-10-29T13:19:11.023+0000: [ParNew: 16388K->4K(18432K), 0.0029798 secs] 602756K->586372K(896640K), 0.0030355 secs] [Times: user=0.00 sys=0.00, real=0.01 secs] 
2020-10-29T13:19:11.045+0000: [GC (Allocation Failure) 2020-10-29T13:19:11.045+0000: [ParNew: 16388K->4K(18432K), 0.0029875 secs] 602756K->586372K(896640K), 0.0030460 secs] [Times: user=0.00 sys=0.00, real=0.00 secs] 
2020-10-29T13:19:11.063+0000: [GC (Allocation Failure) 2020-10-29T13:19:11.063+0000: [ParNew: 16388K->4K(18432K), 0.0029816 secs] 602756K->586372K(896640K), 0.0030408 secs] [Times: user=0.01 sys=0.00, real=0.01 secs] 
2020-10-29T13:19:11.081+0000: [GC (Allocation Failure) 2020-10-29T13:19:11.081+0000: [ParNew: 16388K->4K(18432K), 0.0030140 secs] 602756K->586372K(896640K), 0.0030740 secs] [Times: user=0.00 sys=0.00, real=0.01 secs] 
2020-10-29T13:19:11.100+0000: [GC (Allocation Failure) 2020-10-29T13:19:11.100+0000: [ParNew: 16388K->4K(18432K), 0.0030253 secs] 602756K->586372K(896640K), 0.0030843 secs] [Times: user=0.01 sys=0.00, real=0.00 secs] 
2020-10-29T13:19:11.121+0000: [GC (Allocation Failure) 2020-10-29T13:19:11.121+0000: [ParNew: 16388K->4K(18432K), 0.0029894 secs] 602756K->586372K(896640K), 0.0030485 secs] [Times: user=0.01 sys=0.00, real=0.00 secs] 
2020-10-29T13:19:11.140+0000: [GC (Allocation Failure) 2020-10-29T13:19:11.141+0000: [ParNew: 16388K->4K(18432K), 0.0029449 secs] 602756K->586372K(896640K), 0.0029983 secs] [Times: user=0.01 sys=0.00, real=0.00 secs] 
2020-10-29T13:19:11.159+0000: [GC (Allocation Failure) 2020-10-29T13:19:11.159+0000: [ParNew: 16388K->4K(18432K), 0.0028847 secs] 602756K->586372K(896640K), 0.0029374 secs] [Times: user=0.01 sys=0.00, real=0.00 secs] 
2020-10-29T13:19:11.177+0000: [GC (Allocation Failure) 2020-10-29T13:19:11.177+0000: [ParNew: 16388K->4K(18432K), 0.0028383 secs] 602756K->586372K(896640K), 0.0028912 secs] [Times: user=0.01 sys=0.00, real=0.00 secs] 
2020-10-29T13:19:11.200+0000: [GC (Allocation Failure) 2020-10-29T13:19:11.201+0000: [ParNew: 16388K->4K(18432K), 0.0028984 secs] 602756K->586372K(896640K), 0.0029541 secs] [Times: user=0.00 sys=0.00, real=0.00 secs] 
2020-10-29T13:19:11.219+0000: [GC (Allocation Failure) 2020-10-29T13:19:11.219+0000: [ParNew: 16388K->4K(18432K), 0.0029113 secs] 602756K->586372K(896640K), 0.0029679 secs] [Times: user=0.01 sys=0.00, real=0.00 secs] 
2020-10-29T13:19:11.237+0000: [GC (Allocation Failure) 2020-10-29T13:19:11.237+0000: [ParNew: 16388K->4K(18432K), 0.0028203 secs] 602756K->586372K(896640K), 0.0028729 secs] [Times: user=0.00 sys=0.00, real=0.00 secs] 
2020-10-29T13:19:11.256+0000: [GC (Allocation Failure) 2020-10-29T13:19:11.256+0000: [ParNew: 16388K->4K(18432K), 0.0029338 secs] 602756K->586372K(896640K), 0.0029894 secs] [Times: user=0.01 sys=0.00, real=0.00 secs] 
2020-10-29T13:19:11.274+0000: [GC (Allocation Failure) 2020-10-29T13:19:11.274+0000: [ParNew: 16388K->4K(18432K), 0.0029572 secs] 602756K->586372K(896640K), 0.0030199 secs] [Times: user=0.01 sys=0.00, real=0.00 secs] 
2020-10-29T13:19:11.292+0000: [GC (Allocation Failure) 2020-10-29T13:19:11.292+0000: [ParNew: 16388K->4K(18432K), 0.0028777 secs] 602756K->586372K(896640K), 0.0029311 secs] [Times: user=0.01 sys=0.00, real=0.00 secs] 
2020-10-29T13:19:11.313+0000: [GC (Allocation Failure) 2020-10-29T13:19:11.313+0000: [ParNew: 16388K->4K(18432K), 0.0028281 secs] 602756K->586372K(896640K), 0.0028794 secs] [Times: user=0.00 sys=0.00, real=0.00 secs] 
2020-10-29T13:19:11.331+0000: [GC (Allocation Failure) 2020-10-29T13:19:11.331+0000: [ParNew: 16388K->4K(18432K), 0.0028971 secs] 602756K->586372K(896640K), 0.0029519 secs] [Times: user=0.01 sys=0.00, real=0.01 secs] 
2020-10-29T13:19:11.349+0000: [GC (Allocation Failure) 2020-10-29T13:19:11.349+0000: [ParNew: 16388K->4K(18432K), 0.0029452 secs] 602756K->586372K(896640K), 0.0030100 secs] [Times: user=0.00 sys=0.00, real=0.01 secs] 
2020-10-29T13:19:11.368+0000: [GC (Allocation Failure) 2020-10-29T13:19:11.368+0000: [ParNew: 16388K->4K(18432K), 0.0028564 secs] 602756K->586372K(896640K), 0.0029092 secs] [Times: user=0.00 sys=0.00, real=0.00 secs] 
2020-10-29T13:19:11.386+0000: [GC (Allocation Failure) 2020-10-29T13:19:11.386+0000: [ParNew: 16388K->4K(18432K), 0.0030337 secs] 602756K->586372K(896640K), 0.0030946 secs] [Times: user=0.01 sys=0.00, real=0.00 secs] 
2020-10-29T13:19:11.404+0000: [GC (Allocation Failure) 2020-10-29T13:19:11.404+0000: [ParNew: 16388K->4K(18432K), 0.0048706 secs] 602756K->586372K(896640K), 0.0049284 secs] [Times: user=0.00 sys=0.01, real=0.01 secs] 
2020-10-29T13:19:11.427+0000: [GC (Allocation Failure) 2020-10-29T13:19:11.427+0000: [ParNew: 16388K->4K(18432K), 0.0027960 secs] 602756K->586372K(896640K), 0.0028490 secs] [Times: user=0.00 sys=0.00, real=0.00 secs] 
2020-10-29T13:19:11.448+0000: [GC (Allocation Failure) 2020-10-29T13:19:11.449+0000: [ParNew: 16388K->4K(18432K), 0.0029451 secs] 602756K->586372K(896640K), 0.0030030 secs] [Times: user=0.01 sys=0.00, real=0.00 secs] 
2020-10-29T13:19:11.467+0000: [GC (Allocation Failure) 2020-10-29T13:19:11.467+0000: [ParNew: 16388K->4K(18432K), 0.0029343 secs] 602756K->586372K(896640K), 0.0029907 secs] [Times: user=0.01 sys=0.00, real=0.00 secs] 
2020-10-29T13:19:11.485+0000: [GC (Allocation Failure) 2020-10-29T13:19:11.485+0000: [ParNew: 16388K->4K(18432K), 0.0028771 secs] 602756K->586372K(896640K), 0.0029327 secs] [Times: user=0.01 sys=0.00, real=0.00 secs] 
2020-10-29T13:19:11.503+0000: [GC (Allocation Failure) 2020-10-29T13:19:11.503+0000: [ParNew: 16388K->4K(18432K), 0.0029774 secs] 602756K->586372K(896640K), 0.0030481 secs] [Times: user=0.01 sys=0.00, real=0.01 secs] 
2020-10-29T13:19:11.525+0000: [GC (Allocation Failure) 2020-10-29T13:19:11.525+0000: [ParNew: 16388K->4K(18432K), 0.0030237 secs] 602756K->586372K(896640K), 0.0030846 secs] [Times: user=0.01 sys=0.00, real=0.00 secs] 
2020-10-29T13:19:11.545+0000: [GC (Allocation Failure) 2020-10-29T13:19:11.545+0000: [ParNew: 16388K->4K(18432K), 0.0029959 secs] 602756K->586372K(896640K), 0.0030541 secs] [Times: user=0.01 sys=0.00, real=0.00 secs] 
2020-10-29T13:19:11.565+0000: [GC (Allocation Failure) 2020-10-29T13:19:11.565+0000: [ParNew: 16388K->4K(18432K), 0.0029974 secs] 602756K->586372K(896640K), 0.0030553 secs] [Times: user=0.00 sys=0.00, real=0.00 secs] 
2020-10-29T13:19:11.585+0000: [GC (Allocation Failure) 2020-10-29T13:19:11.585+0000: [ParNew: 16388K->4K(18432K), 0.0028896 secs] 602756K->586372K(896640K), 0.0029452 secs] [Times: user=0.01 sys=0.00, real=0.00 secs] 
2020-10-29T13:19:11.607+0000: [GC (Allocation Failure) 2020-10-29T13:19:11.607+0000: [ParNew: 16388K->4K(18432K), 0.0030333 secs] 602756K->586372K(896640K), 0.0030953 secs] [Times: user=0.01 sys=0.00, real=0.00 secs] 
2020-10-29T13:19:11.625+0000: [GC (Allocation Failure) 2020-10-29T13:19:11.625+0000: [ParNew: 16388K->4K(18432K), 0.0029981 secs] 602756K->586372K(896640K), 0.0030545 secs] [Times: user=0.01 sys=0.00, real=0.00 secs] 
2020-10-29T13:19:11.643+0000: [GC (Allocation Failure) 2020-10-29T13:19:11.644+0000: [ParNew: 16388K->4K(18432K), 0.0029554 secs] 602756K->586372K(896640K), 0.0030145 secs] [Times: user=0.01 sys=0.00, real=0.01 secs] 
2020-10-29T13:19:11.665+0000: [GC (Allocation Failure) 2020-10-29T13:19:11.665+0000: [ParNew: 16388K->4K(18432K), 0.0028742 secs] 602756K->586372K(896640K), 0.0029277 secs] [Times: user=0.00 sys=0.00, real=0.00 secs] 
2020-10-29T13:19:11.683+0000: [GC (Allocation Failure) 2020-10-29T13:19:11.683+0000: [ParNew: 16388K->4K(18432K), 0.0029135 secs] 602756K->586372K(896640K), 0.0029684 secs] [Times: user=0.01 sys=0.00, real=0.01 secs] 
2020-10-29T13:19:11.701+0000: [GC (Allocation Failure) 2020-10-29T13:19:11.701+0000: [ParNew: 16388K->4K(18432K), 0.0028952 secs] 602756K->586372K(896640K), 0.0029491 secs] [Times: user=0.01 sys=0.00, real=0.00 secs] 
2020-10-29T13:19:11.719+0000: [GC (Allocation Failure) 2020-10-29T13:19:11.719+0000: [ParNew: 16388K->4K(18432K), 0.0028065 secs] 602756K->586372K(896640K), 0.0028597 secs] [Times: user=0.00 sys=0.00, real=0.00 secs] 
2020-10-29T13:19:11.740+0000: [GC (Allocation Failure) 2020-10-29T13:19:11.741+0000: [ParNew: 16388K->4K(18432K), 0.0028422 secs] 602756K->586372K(896640K), 0.0028937 secs] [Times: user=0.00 sys=0.00, real=0.00 secs] 
2020-10-29T13:19:11.759+0000: [GC (Allocation Failure) 2020-10-29T13:19:11.759+0000: [ParNew: 16388K->4K(18432K), 0.0028380 secs] 602756K->586372K(896640K), 0.0028899 secs] [Times: user=0.01 sys=0.00, real=0.00 secs] 
2020-10-29T13:19:11.777+0000: [GC (Allocation Failure) 2020-10-29T13:19:11.777+0000: [ParNew: 16388K->4K(18432K), 0.0028858 secs] 602756K->586372K(896640K), 0.0029402 secs] [Times: user=0.01 sys=0.00, real=0.00 secs] 
2020-10-29T13:19:11.796+0000: [GC (Allocation Failure) 2020-10-29T13:19:11.797+0000: [ParNew: 16388K->4K(18432K), 0.0027479 secs] 602756K->586372K(896640K), 0.0027970 secs] [Times: user=0.01 sys=0.00, real=0.00 secs] 
2020-10-29T13:19:11.816+0000: [GC (Allocation Failure) 2020-10-29T13:19:11.817+0000: [ParNew: 16388K->4K(18432K), 0.0027977 secs] 602756K->586372K(896640K), 0.0028481 secs] [Times: user=0.00 sys=0.00, real=0.00 secs] 
2020-10-29T13:19:11.835+0000: [GC (Allocation Failure) 2020-10-29T13:19:11.835+0000: [ParNew: 16388K->4K(18432K), 0.0028614 secs] 602756K->586372K(896640K), 0.0029131 secs] [Times: user=0.01 sys=0.00, real=0.00 secs] 
2020-10-29T13:19:11.853+0000: [GC (Allocation Failure) 2020-10-29T13:19:11.853+0000: [ParNew: 16388K->4K(18432K), 0.0028537 secs] 602756K->586372K(896640K), 0.0029059 secs] [Times: user=0.00 sys=0.00, real=0.00 secs] 
2020-10-29T13:19:11.871+0000: [GC (Allocation Failure) 2020-10-29T13:19:11.871+0000: [ParNew: 16388K->4K(18432K), 0.0029649 secs] 602756K->586372K(896640K), 0.0030226 secs] [Times: user=0.01 sys=0.00, real=0.01 secs] 
2020-10-29T13:19:11.889+0000: [GC (Allocation Failure) 2020-10-29T13:19:11.889+0000: [ParNew: 16388K->4K(18432K), 0.0028715 secs] 602756K->586372K(896640K), 0.0029263 secs] [Times: user=0.01 sys=0.00, real=0.00 secs] 
2020-10-29T13:19:11.909+0000: [GC (Allocation Failure) 2020-10-29T13:19:11.909+0000: [ParNew: 16388K->4K(18432K), 0.0030146 secs] 602756K->586372K(896640K), 0.0030765 secs] [Times: user=0.01 sys=0.00, real=0.01 secs] 
2020-10-29T13:19:11.927+0000: [GC (Allocation Failure) 2020-10-29T13:19:11.928+0000: [ParNew: 16388K->4K(18432K), 0.0030597 secs] 602756K->586372K(896640K), 0.0031189 secs] [Times: user=0.00 sys=0.00, real=0.00 secs] 
2020-10-29T13:19:11.946+0000: [GC (Allocation Failure) 2020-10-29T13:19:11.946+0000: [ParNew: 16388K->4K(18432K), 0.0029166 secs] 602756K->586372K(896640K), 0.0029707 secs] [Times: user=0.01 sys=0.00, real=0.00 secs] 
2020-10-29T13:19:11.968+0000: [GC (Allocation Failure) 2020-10-29T13:19:11.968+0000: [ParNew: 16388K->4K(18432K), 0.0029869 secs] 602756K->586372K(896640K), 0.0030477 secs] [Times: user=0.01 sys=0.00, real=0.00 secs] 
2020-10-29T13:19:11.987+0000: [GC (Allocation Failure) 2020-10-29T13:19:11.987+0000: [ParNew: 16388K->4K(18432K), 0.0028837 secs] 602756K->586372K(896640K), 0.0029366 secs] [Times: user=0.00 sys=0.00, real=0.00 secs] 
2020-10-29T13:19:12.005+0000: [GC (Allocation Failure) 2020-10-29T13:19:12.005+0000: [ParNew: 16388K->4K(18432K), 0.0029347 secs] 602756K->586372K(896640K), 0.0029919 secs] [Times: user=0.01 sys=0.00, real=0.00 secs] 
2020-10-29T13:19:12.023+0000: [GC (Allocation Failure) 2020-10-29T13:19:12.023+0000: [ParNew: 16388K->4K(18432K), 0.0028839 secs] 602756K->586372K(896640K), 0.0029367 secs] [Times: user=0.00 sys=0.00, real=0.01 secs] 
2020-10-29T13:19:12.045+0000: [GC (Allocation Failure) 2020-10-29T13:19:12.045+0000: [ParNew: 16388K->4K(18432K), 0.0028435 secs] 602756K->586372K(896640K), 0.0028985 secs] [Times: user=0.00 sys=0.00, real=0.00 secs] 
2020-10-29T13:19:12.064+0000: [GC (Allocation Failure) 2020-10-29T13:19:12.065+0000: [ParNew: 16388K->4K(18432K), 0.0027603 secs] 602756K->586372K(896640K), 0.0028104 secs] [Times: user=0.01 sys=0.00, real=0.00 secs] 
2020-10-29T13:19:12.084+0000: [GC (Allocation Failure) 2020-10-29T13:19:12.085+0000: [ParNew: 16388K->4K(18432K), 0.0028872 secs] 602756K->586372K(896640K), 0.0029417 secs] [Times: user=0.01 sys=0.00, real=0.00 secs] 
2020-10-29T13:19:12.105+0000: [GC (Allocation Failure) 2020-10-29T13:19:12.105+0000: [ParNew: 16388K->4K(18432K), 0.0028519 secs] 602756K->586372K(896640K), 0.0029053 secs] [Times: user=0.00 sys=0.00, real=0.00 secs] 
2020-10-29T13:19:12.125+0000: [GC (Allocation Failure) 2020-10-29T13:19:12.125+0000: [ParNew: 16388K->4K(18432K), 0.0029469 secs] 602756K->586372K(896640K), 0.0030033 secs] [Times: user=0.01 sys=0.00, real=0.00 secs] 
2020-10-29T13:19:12.143+0000: [GC (Allocation Failure) 2020-10-29T13:19:12.143+0000: [ParNew: 16388K->4K(18432K), 0.0029580 secs] 602756K->586372K(896640K), 0.0030144 secs] [Times: user=0.00 sys=0.00, real=0.01 secs] 
2020-10-29T13:19:12.161+0000: [GC (Allocation Failure) 2020-10-29T13:19:12.161+0000: [ParNew: 16388K->4K(18432K), 0.0028944 secs] 602756K->586372K(896640K), 0.0029478 secs] [Times: user=0.01 sys=0.00, real=0.00 secs] 
2020-10-29T13:19:12.179+0000: [GC (Allocation Failure) 2020-10-29T13:19:12.179+0000: [ParNew: 16388K->4K(18432K), 0.0029358 secs] 602756K->586372K(896640K), 0.0029898 secs] [Times: user=0.01 sys=0.00, real=0.00 secs] 
2020-10-29T13:19:12.197+0000: [GC (Allocation Failure) 2020-10-29T13:19:12.197+0000: [ParNew: 16388K->4K(18432K), 0.0028700 secs] 602756K->586372K(896640K), 0.0029217 secs] [Times: user=0.00 sys=0.00, real=0.00 secs] 
2020-10-29T13:19:12.215+0000: [GC (Allocation Failure) 2020-10-29T13:19:12.215+0000: [ParNew: 16388K->4K(18432K), 0.0029317 secs] 602756K->586372K(896640K), 0.0029946 secs] [Times: user=0.00 sys=0.00, real=0.00 secs] 
2020-10-29T13:19:12.234+0000: [GC (Allocation Failure) 2020-10-29T13:19:12.234+0000: [ParNew: 16388K->4K(18432K), 0.0029268 secs] 602756K->586372K(896640K), 0.0029840 secs] [Times: user=0.01 sys=0.00, real=0.00 secs] 
2020-10-29T13:19:12.252+0000: [GC (Allocation Failure) 2020-10-29T13:19:12.252+0000: [ParNew: 16388K->4K(18432K), 0.0029597 secs] 602756K->586373K(896640K), 0.0030162 secs] [Times: user=0.01 sys=0.00, real=0.01 secs] 
2020-10-29T13:19:12.273+0000: [GC (Allocation Failure) 2020-10-29T13:19:12.273+0000: [ParNew: 16388K->4K(18432K), 0.0028991 secs] 602757K->586373K(896640K), 0.0029538 secs] [Times: user=0.01 sys=0.00, real=0.00 secs] 
2020-10-29T13:19:12.291+0000: [GC (Allocation Failure) 2020-10-29T13:19:12.291+0000: [ParNew: 16388K->4K(18432K), 0.0029514 secs] 602757K->586373K(896640K), 0.0030073 secs] [Times: user=0.01 sys=0.00, real=0.01 secs] 
2020-10-29T13:19:12.309+0000: [GC (Allocation Failure) 2020-10-29T13:19:12.309+0000: [ParNew: 16388K->4K(18432K), 0.0028588 secs] 602757K->586373K(896640K), 0.0029129 secs] [Times: user=0.00 sys=0.00, real=0.00 secs] 
2020-10-29T13:19:12.327+0000: [GC (Allocation Failure) 2020-10-29T13:19:12.327+0000: [ParNew: 16388K->4K(18432K), 0.0028182 secs] 602757K->586373K(896640K), 0.0028697 secs] [Times: user=0.01 sys=0.00, real=0.00 secs] 
2020-10-29T13:19:12.345+0000: [GC (Allocation Failure) 2020-10-29T13:19:12.345+0000: [ParNew: 16388K->4K(18432K), 0.0029560 secs] 602757K->586373K(896640K), 0.0030123 secs] [Times: user=0.00 sys=0.00, real=0.00 secs] 
2020-10-29T13:19:12.363+0000: [GC (Allocation Failure) 2020-10-29T13:19:12.363+0000: [ParNew: 16388K->4K(18432K), 0.0028613 secs] 602757K->586373K(896640K), 0.0029141 secs] [Times: user=0.01 sys=0.00, real=0.01 secs] 
2020-10-29T13:19:12.384+0000: [GC (Allocation Failure) 2020-10-29T13:19:12.385+0000: [ParNew: 16388K->4K(18432K), 0.0028561 secs] 602757K->586373K(896640K), 0.0029092 secs] [Times: user=0.01 sys=0.00, real=0.00 secs] 
2020-10-29T13:19:12.405+0000: [GC (Allocation Failure) 2020-10-29T13:19:12.405+0000: [ParNew: 16388K->4K(18432K), 0.0028954 secs] 602757K->586373K(896640K), 0.0029520 secs] [Times: user=0.01 sys=0.00, real=0.00 secs] 
2020-10-29T13:19:12.425+0000: [GC (Allocation Failure) 2020-10-29T13:19:12.425+0000: [ParNew: 16388K->4K(18432K), 0.0029281 secs] 602757K->586373K(896640K), 0.0029849 secs] [Times: user=0.00 sys=0.00, real=0.00 secs] 
2020-10-29T13:19:12.445+0000: [GC (Allocation Failure) 2020-10-29T13:19:12.445+0000: [ParNew: 16388K->4K(18432K), 0.0029740 secs] 602757K->586373K(896640K), 0.0030312 secs] [Times: user=0.01 sys=0.00, real=0.00 secs] 
2020-10-29T13:19:12.465+0000: [GC (Allocation Failure) 2020-10-29T13:19:12.465+0000: [ParNew: 16388K->4K(18432K), 0.0028851 secs] 602757K->586373K(896640K), 0.0029382 secs] [Times: user=0.01 sys=0.01, real=0.00 secs] 
2020-10-29T13:19:12.485+0000: [GC (Allocation Failure) 2020-10-29T13:19:12.485+0000: [ParNew: 16388K->4K(18432K), 0.0029222 secs] 602757K->586373K(896640K), 0.0029829 secs] [Times: user=0.00 sys=0.00, real=0.00 secs] 
2020-10-29T13:19:12.505+0000: [GC (Allocation Failure) 2020-10-29T13:19:12.505+0000: [ParNew: 16388K->4K(18432K), 0.0028949 secs] 602757K->586373K(896640K), 0.0029491 secs] [Times: user=0.01 sys=0.00, real=0.00 secs] 
2020-10-29T13:19:12.525+0000: [GC (Allocation Failure) 2020-10-29T13:19:12.525+0000: [ParNew: 16388K->4K(18432K), 0.0029582 secs] 602757K->586373K(896640K), 0.0030181 secs] [Times: user=0.01 sys=0.00, real=0.00 secs] 
2020-10-29T13:19:12.545+0000: [GC (Allocation Failure) 2020-10-29T13:19:12.545+0000: [ParNew: 16388K->4K(18432K), 0.0029592 secs] 602757K->586373K(896640K), 0.0030166 secs] [Times: user=0.01 sys=0.00, real=0.00 secs] 
2020-10-29T13:19:12.563+0000: [GC (Allocation Failure) 2020-10-29T13:19:12.563+0000: [ParNew: 16388K->4K(18432K), 0.0028368 secs] 602757K->586373K(896640K), 0.0028898 secs] [Times: user=0.01 sys=0.00, real=0.01 secs] 
2020-10-29T13:19:12.581+0000: [GC (Allocation Failure) 2020-10-29T13:19:12.581+0000: [ParNew: 16388K->4K(18432K), 0.0029289 secs] 602757K->586373K(896640K), 0.0029852 secs] [Times: user=0.00 sys=0.00, real=0.00 secs] 
2020-10-29T13:19:12.600+0000: [GC (Allocation Failure) 2020-10-29T13:19:12.600+0000: [ParNew: 16388K->4K(18432K), 0.0030281 secs] 602757K->586373K(896640K), 0.0030863 secs] [Times: user=0.01 sys=0.00, real=0.00 secs] 
2020-10-29T13:19:12.621+0000: [GC (Allocation Failure) 2020-10-29T13:19:12.621+0000: [ParNew: 16388K->4K(18432K), 0.0029786 secs] 602757K->586373K(896640K), 0.0030367 secs] [Times: user=0.01 sys=0.00, real=0.00 secs] 
2020-10-29T13:19:12.639+0000: [GC (Allocation Failure) 2020-10-29T13:19:12.639+0000: [ParNew: 16388K->4K(18432K), 0.0029729 secs] 602757K->586373K(896640K), 0.0030311 secs] [Times: user=0.01 sys=0.00, real=0.00 secs] 
2020-10-29T13:19:12.657+0000: [GC (Allocation Failure) 2020-10-29T13:19:12.657+0000: [ParNew: 16388K->4K(18432K), 0.0030272 secs] 602757K->586373K(896640K), 0.0030931 secs] [Times: user=0.00 sys=0.00, real=0.00 secs] 
2020-10-29T13:19:12.677+0000: [GC (Allocation Failure) 2020-10-29T13:19:12.677+0000: [ParNew: 16388K->4K(18432K), 0.0029344 secs] 602757K->586373K(896640K), 0.0029914 secs] [Times: user=0.00 sys=0.00, real=0.00 secs] 
2020-10-29T13:19:12.695+0000: [GC (Allocation Failure) 2020-10-29T13:19:12.695+0000: [ParNew: 16388K->4K(18432K), 0.0029803 secs] 602757K->586373K(896640K), 0.0030339 secs] [Times: user=0.01 sys=0.00, real=0.00 secs] 
2020-10-29T13:19:12.717+0000: [GC (Allocation Failure) 2020-10-29T13:19:12.717+0000: [ParNew: 16388K->4K(18432K), 0.0029518 secs] 602757K->586373K(896640K), 0.0030092 secs] [Times: user=0.01 sys=0.00, real=0.00 secs] 
2020-10-29T13:19:12.735+0000: [GC (Allocation Failure) 2020-10-29T13:19:12.735+0000: [ParNew: 16388K->4K(18432K), 0.0030008 secs] 602757K->586373K(896640K), 0.0030600 secs] [Times: user=0.00 sys=0.00, real=0.00 secs] 
2020-10-29T13:19:12.753+0000: [GC (Allocation Failure) 2020-10-29T13:19:12.753+0000: [ParNew: 16388K->4K(18432K), 0.0030141 secs] 602757K->586373K(896640K), 0.0030865 secs] [Times: user=0.00 sys=0.00, real=0.00 secs] 
2020-10-29T13:19:12.771+0000: [GC (Allocation Failure) 2020-10-29T13:19:12.771+0000: [ParNew: 16388K->4K(18432K), 0.0030701 secs] 602757K->586373K(896640K), 0.0031338 secs] [Times: user=0.01 sys=0.00, real=0.01 secs] 
2020-10-29T13:19:12.790+0000: [GC (Allocation Failure) 2020-10-29T13:19:12.790+0000: [ParNew: 16388K->4K(18432K), 0.0031819 secs] 602757K->586373K(896640K), 0.0032488 secs] [Times: user=0.00 sys=0.00, real=0.01 secs] 
2020-10-29T13:19:12.808+0000: [GC (Allocation Failure) 2020-10-29T13:19:12.808+0000: [ParNew: 16388K->4K(18432K), 0.0030074 secs] 602757K->586373K(896640K), 0.0030832 secs] [Times: user=0.00 sys=0.00, real=0.00 secs] 
2020-10-29T13:19:12.829+0000: [GC (Allocation Failure) 2020-10-29T13:19:12.829+0000: [ParNew: 16388K->4K(18432K), 0.0029987 secs] 602757K->586373K(896640K), 0.0030601 secs] [Times: user=0.00 sys=0.00, real=0.00 secs] 
2020-10-29T13:19:12.849+0000: [GC (Allocation Failure) 2020-10-29T13:19:12.849+0000: [ParNew: 16388K->4K(18432K), 0.0030726 secs] 602757K->586373K(896640K), 0.0031389 secs] [Times: user=0.01 sys=0.00, real=0.00 secs] 
2020-10-29T13:19:12.867+0000: [GC (Allocation Failure) 2020-10-29T13:19:12.867+0000: [ParNew: 16388K->4K(18432K), 0.0030152 secs] 602757K->586373K(896640K), 0.0030758 secs] [Times: user=0.01 sys=0.00, real=0.00 secs] 
2020-10-29T13:19:12.887+0000: [GC (Allocation Failure) 2020-10-29T13:19:12.887+0000: [ParNew: 16388K->4K(18432K), 0.0030815 secs] 602757K->586373K(896640K), 0.0031462 secs] [Times: user=0.00 sys=0.00, real=0.00 secs] 
2020-10-29T13:19:12.906+0000: [GC (Allocation Failure) 2020-10-29T13:19:12.906+0000: [ParNew: 16388K->4K(18432K), 0.0030196 secs] 602757K->586373K(896640K), 0.0030812 secs] [Times: user=0.01 sys=0.00, real=0.00 secs] 
2020-10-29T13:19:12.924+0000: [GC (Allocation Failure) 2020-10-29T13:19:12.924+0000: [ParNew: 16388K->4K(18432K), 0.0030180 secs] 602757K->586373K(896640K), 0.0030809 secs] [Times: user=0.00 sys=0.00, real=0.01 secs] 
2020-10-29T13:19:12.945+0000: [GC (Allocation Failure) 2020-10-29T13:19:12.945+0000: [ParNew: 16388K->4K(18432K), 0.0029654 secs] 602757K->586373K(896640K), 0.0030349 secs] [Times: user=0.00 sys=0.00, real=0.00 secs] 
2020-10-29T13:19:12.963+0000: [GC (Allocation Failure) 2020-10-29T13:19:12.963+0000: [ParNew: 16388K->4K(18432K), 0.0030047 secs] 602757K->586373K(896640K), 0.0030649 secs] [Times: user=0.01 sys=0.00, real=0.01 secs] 
2020-10-29T13:19:12.985+0000: [GC (Allocation Failure) 2020-10-29T13:19:12.985+0000: [ParNew: 16388K->4K(18432K), 0.0030223 secs] 602757K->586373K(896640K), 0.0030824 secs] [Times: user=0.01 sys=0.00, real=0.00 secs] 
2020-10-29T13:19:13.005+0000: [GC (Allocation Failure) 2020-10-29T13:19:13.005+0000: [ParNew: 16388K->4K(18432K), 0.0029954 secs] 602757K->586373K(896640K), 0.0030532 secs] [Times: user=0.00 sys=0.00, real=0.00 secs] 
2020-10-29T13:19:13.023+0000: [GC (Allocation Failure) 2020-10-29T13:19:13.023+0000: [ParNew: 16388K->4K(18432K), 0.0030132 secs] 602757K->586373K(896640K), 0.0030739 secs] [Times: user=0.01 sys=0.00, real=0.01 secs] 
2020-10-29T13:19:13.041+0000: [GC (Allocation Failure) 2020-10-29T13:19:13.041+0000: [ParNew: 16388K->4K(18432K), 0.0030156 secs] 602757K->586373K(896640K), 0.0030756 secs] [Times: user=0.01 sys=0.00, real=0.01 secs] 
2020-10-29T13:19:13.060+0000: [GC (Allocation Failure) 2020-10-29T13:19:13.060+0000: [ParNew: 16388K->4K(18432K), 0.0029702 secs] 602757K->586373K(896640K), 0.0030227 secs] [Times: user=0.00 sys=0.00, real=0.00 secs] 
2020-10-29T13:19:13.078+0000: [GC (Allocation Failure) 2020-10-29T13:19:13.078+0000: [ParNew: 16388K->4K(18432K), 0.0030181 secs] 602757K->586373K(896640K), 0.0030774 secs] [Times: user=0.01 sys=0.00, real=0.00 secs] 
2020-10-29T13:19:13.096+0000: [GC (Allocation Failure) 2020-10-29T13:19:13.097+0000: [ParNew: 16388K->4K(18432K), 0.0030071 secs] 602757K->586373K(896640K), 0.0030672 secs] [Times: user=0.01 sys=0.00, real=0.00 secs] 
2020-10-29T13:19:13.115+0000: [GC (Allocation Failure) 2020-10-29T13:19:13.115+0000: [ParNew: 16388K->4K(18432K), 0.0030060 secs] 602757K->586373K(896640K), 0.0030658 secs] [Times: user=0.00 sys=0.00, real=0.00 secs] 
2020-10-29T13:19:13.137+0000: [GC (Allocation Failure) 2020-10-29T13:19:13.137+0000: [ParNew: 16388K->4K(18432K), 0.0030504 secs] 602757K->586373K(896640K), 0.0031118 secs] [Times: user=0.00 sys=0.00, real=0.00 secs] 
2020-10-29T13:19:13.155+0000: [GC (Allocation Failure) 2020-10-29T13:19:13.155+0000: [ParNew: 16388K->4K(18432K), 0.0030556 secs] 602757K->586373K(896640K), 0.0031179 secs] [Times: user=0.01 sys=0.00, real=0.00 secs] 
2020-10-29T13:19:13.177+0000: [GC (Allocation Failure) 2020-10-29T13:19:13.177+0000: [ParNew: 16388K->4K(18432K), 0.0030120 secs] 602757K->586373K(896640K), 0.0030721 secs] [Times: user=0.01 sys=0.00, real=0.00 secs] 
2020-10-29T13:19:13.197+0000: [GC (Allocation Failure) 2020-10-29T13:19:13.197+0000: [ParNew: 16388K->4K(18432K), 0.0029877 secs] 602757K->586373K(896640K), 0.0030479 secs] [Times: user=0.00 sys=0.00, real=0.00 secs] 
2020-10-29T13:19:13.217+0000: [GC (Allocation Failure) 2020-10-29T13:19:13.217+0000: [ParNew: 16388K->4K(18432K), 0.0029864 secs] 602757K->586373K(896640K), 0.0030482 secs] [Times: user=0.00 sys=0.00, real=0.00 secs] 
2020-10-29T13:19:13.235+0000: [GC (Allocation Failure) 2020-10-29T13:19:13.235+0000: [ParNew: 16388K->4K(18432K), 0.0029902 secs] 602757K->586373K(896640K), 0.0030490 secs] [Times: user=0.01 sys=0.00, real=0.00 secs] 
2020-10-29T13:19:13.253+0000: [GC (Allocation Failure) 2020-10-29T13:19:13.253+0000: [ParNew: 16388K->4K(18432K), 0.0029812 secs] 602757K->586373K(896640K), 0.0030376 secs] [Times: user=0.01 sys=0.00, real=0.00 secs] 
2020-10-29T13:19:13.271+0000: [GC (Allocation Failure) 2020-10-29T13:19:13.271+0000: [ParNew: 16388K->4K(18432K), 0.0029730 secs] 602757K->586373K(896640K), 0.0030448 secs] [Times: user=0.00 sys=0.00, real=0.01 secs] 
2020-10-29T13:19:13.290+0000: [GC (Allocation Failure) 2020-10-29T13:19:13.290+0000: [ParNew: 16388K->4K(18432K), 0.0044270 secs] 602757K->586373K(896640K), 0.0044855 secs] [Times: user=0.01 sys=0.00, real=0.01 secs] 
2020-10-29T13:19:13.309+0000: [GC (Allocation Failure) 2020-10-29T13:19:13.309+0000: [ParNew: 16388K->4K(18432K), 0.0029370 secs] 602757K->586373K(896640K), 0.0030025 secs] [Times: user=0.00 sys=0.00, real=0.01 secs] 
2020-10-29T13:19:13.329+0000: [GC (Allocation Failure) 2020-10-29T13:19:13.329+0000: [ParNew: 16388K->4K(18432K), 0.0029383 secs] 602757K->586373K(896640K), 0.0029941 secs] [Times: user=0.01 sys=0.00, real=0.00 secs] 
2020-10-29T13:19:13.349+0000: [GC (Allocation Failure) 2020-10-29T13:19:13.349+0000: [ParNew: 16388K->4K(18432K), 0.0029464 secs] 602757K->586373K(896640K), 0.0029960 secs] [Times: user=0.01 sys=0.00, real=0.00 secs] 
2020-10-29T13:19:13.367+0000: [GC (Allocation Failure) 2020-10-29T13:19:13.367+0000: [ParNew: 16388K->4K(18432K), 0.0029458 secs] 602757K->586373K(896640K), 0.0030018 secs] [Times: user=0.00 sys=0.00, real=0.00 secs] 
2020-10-29T13:19:13.389+0000: [GC (Allocation Failure) 2020-10-29T13:19:13.389+0000: [ParNew: 16388K->4K(18432K), 0.0029362 secs] 602757K->586373K(896640K), 0.0029924 secs] [Times: user=0.00 sys=0.00, real=0.00 secs] 
2020-10-29T13:19:13.407+0000: [GC (Allocation Failure) 2020-10-29T13:19:13.407+0000: [ParNew: 16388K->4K(18432K), 0.0029419 secs] 602757K->586373K(896640K), 0.0029998 secs] [Times: user=0.00 sys=0.00, real=0.00 secs] 
2020-10-29T13:19:13.425+0000: [GC (Allocation Failure) 2020-10-29T13:19:13.425+0000: [ParNew: 16388K->4K(18432K), 0.0028282 secs] 602757K->586373K(896640K), 0.0028811 secs] [Times: user=0.01 sys=0.00, real=0.00 secs] 
2020-10-29T13:19:13.447+0000: [GC (Allocation Failure) 2020-10-29T13:19:13.447+0000: [ParNew: 16388K->4K(18432K), 0.0029551 secs] 602757K->586373K(896640K), 0.0030110 secs] [Times: user=0.01 sys=0.00, real=0.00 secs] 
2020-10-29T13:19:13.469+0000: [GC (Allocation Failure) 2020-10-29T13:19:13.469+0000: [ParNew: 16388K->4K(18432K), 0.0029346 secs] 602757K->586373K(896640K), 0.0029906 secs] [Times: user=0.00 sys=0.00, real=0.00 secs] 
2020-10-29T13:19:13.487+0000: [GC (Allocation Failure) 2020-10-29T13:19:13.487+0000: [ParNew: 16388K->4K(18432K), 0.0029734 secs] 602757K->586373K(896640K), 0.0030314 secs] [Times: user=0.01 sys=0.00, real=0.00 secs] 
2020-10-29T13:19:13.509+0000: [GC (Allocation Failure) 2020-10-29T13:19:13.509+0000: [ParNew: 16388K->6K(18432K), 0.0046322 secs] 602757K->586375K(896640K), 0.0046872 secs] [Times: user=0.01 sys=0.00, real=0.01 secs] 
2020-10-29T13:19:13.528+0000: [GC (Allocation Failure) 2020-10-29T13:19:13.528+0000: [ParNew: 16390K->4K(18432K), 0.0029782 secs] 602759K->586373K(896640K), 0.0030520 secs] [Times: user=0.00 sys=0.01, real=0.00 secs] 
2020-10-29T13:19:13.548+0000: [GC (Allocation Failure) 2020-10-29T13:19:13.548+0000: [ParNew: 16388K->4K(18432K), 0.0030127 secs] 602757K->586373K(896640K), 0.0030875 secs] [Times: user=0.01 sys=0.00, real=0.00 secs] 
2020-10-29T13:19:13.567+0000: [GC (Allocation Failure) 2020-10-29T13:19:13.567+0000: [ParNew: 16388K->4K(18432K), 0.0030055 secs] 602757K->586373K(896640K), 0.0030633 secs] [Times: user=0.00 sys=0.00, real=0.00 secs] 
2020-10-29T13:19:13.589+0000: [GC (Allocation Failure) 2020-10-29T13:19:13.589+0000: [ParNew: 16388K->4K(18432K), 0.0029853 secs] 602757K->586373K(896640K), 0.0030449 secs] [Times: user=0.00 sys=0.00, real=0.00 secs] 
2020-10-29T13:19:13.607+0000: [GC (Allocation Failure) 2020-10-29T13:19:13.607+0000: [ParNew: 16388K->4K(18432K), 0.0030105 secs] 602757K->586373K(896640K), 0.0030707 secs] [Times: user=0.00 sys=0.00, real=0.00 secs] 
2020-10-29T13:19:13.629+0000: [GC (Allocation Failure) 2020-10-29T13:19:13.629+0000: [ParNew: 16388K->4K(18432K), 0.0029885 secs] 602757K->586373K(896640K), 0.0030482 secs] [Times: user=0.00 sys=0.00, real=0.00 secs] 
2020-10-29T13:19:13.647+0000: [GC (Allocation Failure) 2020-10-29T13:19:13.647+0000: [ParNew: 16388K->4K(18432K), 0.0029856 secs] 602757K->586373K(896640K), 0.0030426 secs] [Times: user=0.01 sys=0.00, real=0.00 secs] 
2020-10-29T13:19:13.665+0000: [GC (Allocation Failure) 2020-10-29T13:19:13.665+0000: [ParNew: 16388K->4K(18432K), 0.0029570 secs] 602757K->586373K(896640K), 0.0030145 secs] [Times: user=0.00 sys=0.01, real=0.00 secs] 
2020-10-29T13:19:13.684+0000: [GC (Allocation Failure) 2020-10-29T13:19:13.684+0000: [ParNew: 16388K->4K(18432K), 0.0030258 secs] 602757K->586373K(896640K), 0.0030902 secs] [Times: user=0.00 sys=0.00, real=0.01 secs] 
2020-10-29T13:19:13.705+0000: [GC (Allocation Failure) 2020-10-29T13:19:13.705+0000: [ParNew: 16388K->4K(18432K), 0.0029216 secs] 602757K->586373K(896640K), 0.0029779 secs] [Times: user=0.01 sys=0.00, real=0.00 secs] 
2020-10-29T13:19:13.723+0000: [GC (Allocation Failure) 2020-10-29T13:19:13.723+0000: [ParNew: 16388K->4K(18432K), 0.0029528 secs] 602757K->586373K(896640K), 0.0030264 secs] [Times: user=0.00 sys=0.00, real=0.01 secs] 
2020-10-29T13:19:13.744+0000: [GC (Allocation Failure) 2020-10-29T13:19:13.745+0000: [ParNew: 16388K->4K(18432K), 0.0029202 secs] 602757K->586373K(896640K), 0.0029765 secs] [Times: user=0.00 sys=0.00, real=0.00 secs] 
2020-10-29T13:19:13.763+0000: [GC (Allocation Failure) 2020-10-29T13:19:13.763+0000: [ParNew: 16388K->4K(18432K), 0.0035797 secs] 602757K->586373K(896640K), 0.0036384 secs] [Times: user=0.01 sys=0.00, real=0.01 secs] 
2020-10-29T13:19:13.782+0000: [GC (Allocation Failure) 2020-10-29T13:19:13.782+0000: [ParNew: 16388K->4K(18432K), 0.0029341 secs] 602757K->586373K(896640K), 0.0029899 secs] [Times: user=0.00 sys=0.00, real=0.01 secs] 
2020-10-29T13:19:13.800+0000: [GC (Allocation Failure) 2020-10-29T13:19:13.801+0000: [ParNew: 16388K->4K(18432K), 0.0028706 secs] 602757K->586373K(896640K), 0.0029245 secs] [Times: user=0.01 sys=0.00, real=0.00 secs] 
2020-10-29T13:19:13.821+0000: [GC (Allocation Failure) 2020-10-29T13:19:13.821+0000: [ParNew: 16388K->4K(18432K), 0.0029227 secs] 602757K->586373K(896640K), 0.0029791 secs] [Times: user=0.01 sys=0.00, real=0.00 secs] 
2020-10-29T13:19:13.841+0000: [GC (Allocation Failure) 2020-10-29T13:19:13.841+0000: [ParNew: 16388K->4K(18432K), 0.0029108 secs] 602757K->586373K(896640K), 0.0029663 secs] [Times: user=0.00 sys=0.00, real=0.00 secs] 
2020-10-29T13:19:13.859+0000: [GC (Allocation Failure) 2020-10-29T13:19:13.859+0000: [ParNew: 16388K->4K(18432K), 0.0028157 secs] 602757K->586373K(896640K), 0.0028673 secs] [Times: user=0.01 sys=0.00, real=0.00 secs] 
2020-10-29T13:19:13.881+0000: [GC (Allocation Failure) 2020-10-29T13:19:13.881+0000: [ParNew: 16388K->4K(18432K), 0.0029161 secs] 602757K->586373K(896640K), 0.0029719 secs] [Times: user=0.01 sys=0.00, real=0.00 secs] 
2020-10-29T13:19:13.900+0000: [GC (Allocation Failure) 2020-10-29T13:19:13.901+0000: [ParNew: 16388K->4K(18432K), 0.0029115 secs] 602757K->586373K(896640K), 0.0029668 secs] [Times: user=0.01 sys=0.00, real=0.00 secs] 
2020-10-29T13:19:13.919+0000: [GC (Allocation Failure) 2020-10-29T13:19:13.919+0000: [ParNew: 16388K->4K(18432K), 0.0029241 secs] 602757K->586373K(896640K), 0.0029812 secs] [Times: user=0.01 sys=0.00, real=0.00 secs] 
2020-10-29T13:19:13.953+0000: [GC (Allocation Failure) 2020-10-29T13:19:13.953+0000: [ParNew: 16388K->10K(18432K), 0.0045969 secs] 602757K->586379K(896640K), 0.0046597 secs] [Times: user=0.01 sys=0.00, real=0.00 secs] 
2020-10-29T13:19:13.981+0000: [GC (Allocation Failure) 2020-10-29T13:19:13.981+0000: [ParNew: 16394K->9K(18432K), 0.0030648 secs] 602763K->586379K(896640K), 0.0031440 secs] [Times: user=0.00 sys=0.00, real=0.01 secs] 
2020-10-29T13:19:14.005+0000: [GC (Allocation Failure) 2020-10-29T13:19:14.005+0000: [ParNew: 16393K->11K(18432K), 0.0029672 secs] 602763K->586381K(896640K), 0.0030402 secs] [Times: user=0.00 sys=0.00, real=0.00 secs] 
2020-10-29T13:19:14.027+0000: [GC (Allocation Failure) 2020-10-29T13:19:14.027+0000: [ParNew: 16395K->15K(18432K), 0.0029721 secs] 602765K->586385K(896640K), 0.0030299 secs] [Times: user=0.00 sys=0.00, real=0.00 secs] 
2020-10-29T13:19:14.046+0000: [GC (Allocation Failure) 2020-10-29T13:19:14.046+0000: [ParNew: 16399K->9K(18432K), 0.0029475 secs] 602769K->586379K(896640K), 0.0030035 secs] [Times: user=0.01 sys=0.00, real=0.00 secs] 
2020-10-29T13:19:14.064+0000: [GC (Allocation Failure) 2020-10-29T13:19:14.065+0000: [ParNew: 16393K->10K(18432K), 0.0028045 secs] 602763K->586380K(896640K), 0.0028631 secs] [Times: user=0.01 sys=0.00, real=0.00 secs] 
2020-10-29T13:19:14.083+0000: [GC (Allocation Failure) 2020-10-29T13:19:14.083+0000: [ParNew: 16394K->7K(18432K), 0.0029898 secs] 602764K->586383K(896640K), 0.0030463 secs] [Times: user=0.01 sys=0.00, real=0.01 secs] 
2020-10-29T13:19:14.101+0000: [GC (Allocation Failure) 2020-10-29T13:19:14.101+0000: [ParNew: 16391K->4K(18432K), 0.0029096 secs] 602767K->586380K(896640K), 0.0029651 secs] [Times: user=0.00 sys=0.00, real=0.00 secs] 
2020-10-29T13:19:14.121+0000: [GC (Allocation Failure) 2020-10-29T13:19:14.121+0000: [ParNew: 16388K->4K(18432K), 0.0029704 secs] 602764K->586380K(896640K), 0.0030391 secs] [Times: user=0.00 sys=0.00, real=0.00 secs] 
2020-10-29T13:19:14.141+0000: [GC (Allocation Failure) 2020-10-29T13:19:14.141+0000: [ParNew: 16388K->4K(18432K), 0.0030251 secs] 602764K->586380K(896640K), 0.0030857 secs] [Times: user=0.00 sys=0.00, real=0.00 secs] 
2020-10-29T13:19:14.159+0000: [GC (Allocation Failure) 2020-10-29T13:19:14.159+0000: [ParNew: 16388K->4K(18432K), 0.0029897 secs] 602764K->586380K(896640K), 0.0030493 secs] [Times: user=0.01 sys=0.00, real=0.00 secs] 
2020-10-29T13:19:14.181+0000: [GC (Allocation Failure) 2020-10-29T13:19:14.181+0000: [ParNew: 16388K->4K(18432K), 0.0029765 secs] 602764K->586380K(896640K), 0.0030352 secs] [Times: user=0.01 sys=0.00, real=0.00 secs] 
2020-10-29T13:19:14.206+0000: [GC (Allocation Failure) 2020-10-29T13:19:14.206+0000: [ParNew: 16388K->4K(18432K), 0.0030004 secs] 602764K->586380K(896640K), 0.0030576 secs] [Times: user=0.01 sys=0.00, real=0.00 secs] 
2020-10-29T13:19:14.229+0000: [GC (Allocation Failure) 2020-10-29T13:19:14.229+0000: [ParNew: 16388K->4K(18432K), 0.0029691 secs] 602764K->586380K(896640K), 0.0030293 secs] [Times: user=0.01 sys=0.00, real=0.00 secs] 
2020-10-29T13:19:14.247+0000: [GC (Allocation Failure) 2020-10-29T13:19:14.247+0000: [ParNew: 16388K->4K(18432K), 0.0030444 secs] 602764K->586380K(896640K), 0.0031030 secs] [Times: user=0.00 sys=0.00, real=0.00 secs] 
2020-10-29T13:19:14.266+0000: [GC (Allocation Failure) 2020-10-29T13:19:14.266+0000: [ParNew: 16388K->4K(18432K), 0.0029536 secs] 602764K->586380K(896640K), 0.0030120 secs] [Times: user=0.01 sys=0.00, real=0.00 secs] 
2020-10-29T13:19:14.284+0000: [GC (Allocation Failure) 2020-10-29T13:19:14.284+0000: [ParNew: 16388K->4K(18432K), 0.0030197 secs] 602764K->586380K(896640K), 0.0030884 secs] [Times: user=0.01 sys=0.00, real=0.01 secs] 
2020-10-29T13:19:14.302+0000: [GC (Allocation Failure) 2020-10-29T13:19:14.302+0000: [ParNew: 16388K->4K(18432K), 0.0029929 secs] 602764K->586380K(896640K), 0.0030543 secs] [Times: user=0.01 sys=0.00, real=0.01 secs] 
2020-10-29T13:19:14.324+0000: [GC (Allocation Failure) 2020-10-29T13:19:14.324+0000: [ParNew: 16388K->4K(18432K), 0.0031613 secs] 602764K->586380K(896640K), 0.0032262 secs] [Times: user=0.01 sys=0.00, real=0.01 secs] 
2020-10-29T13:19:14.346+0000: [GC (Allocation Failure) 2020-10-29T13:19:14.346+0000: [ParNew: 16388K->4K(18432K), 0.0030084 secs] 602764K->586380K(896640K), 0.0030653 secs] [Times: user=0.01 sys=0.00, real=0.00 secs] 
2020-10-29T13:19:14.368+0000: [GC (Allocation Failure) 2020-10-29T13:19:14.369+0000: [ParNew: 16388K->4K(18432K), 0.0029380 secs] 602764K->586380K(896640K), 0.0029964 secs] [Times: user=0.00 sys=0.00, real=0.00 secs] 
2020-10-29T13:19:14.387+0000: [GC (Allocation Failure) 2020-10-29T13:19:14.387+0000: [ParNew: 16388K->4K(18432K), 0.0029184 secs] 602764K->586380K(896640K), 0.0029742 secs] [Times: user=0.00 sys=0.00, real=0.00 secs] 
2020-10-29T13:19:14.405+0000: [GC (Allocation Failure) 2020-10-29T13:19:14.405+0000: [ParNew: 16388K->4K(18432K), 0.0028945 secs] 602764K->586380K(896640K), 0.0029482 secs] [Times: user=0.01 sys=0.00, real=0.00 secs] 
2020-10-29T13:19:14.425+0000: [GC (Allocation Failure) 2020-10-29T13:19:14.425+0000: [ParNew: 16388K->4K(18432K), 0.0029840 secs] 602764K->586380K(896640K), 0.0030458 secs] [Times: user=0.01 sys=0.00, real=0.00 secs] 
2020-10-29T13:19:14.443+0000: [GC (Allocation Failure) 2020-10-29T13:19:14.443+0000: [ParNew: 16388K->4K(18432K), 0.0029817 secs] 602764K->586380K(896640K), 0.0030357 secs] [Times: user=0.00 sys=0.00, real=0.01 secs] 
2020-10-29T13:19:14.465+0000: [GC (Allocation Failure) 2020-10-29T13:19:14.465+0000: [ParNew: 16388K->4K(18432K), 0.0029825 secs] 602764K->586380K(896640K), 0.0030421 secs] [Times: user=0.00 sys=0.00, real=0.00 secs] 
2020-10-29T13:19:14.485+0000: [GC (Allocation Failure) 2020-10-29T13:19:14.485+0000: [ParNew: 16388K->4K(18432K), 0.0029580 secs] 602764K->586380K(896640K), 0.0030165 secs] [Times: user=0.01 sys=0.00, real=0.00 secs] 
2020-10-29T13:19:14.503+0000: [GC (Allocation Failure) 2020-10-29T13:19:14.503+0000: [ParNew: 16388K->4K(18432K), 0.0029026 secs] 602764K->586380K(896640K), 0.0029577 secs] [Times: user=0.01 sys=0.00, real=0.01 secs] 
2020-10-29T13:19:14.521+0000: [GC (Allocation Failure) 2020-10-29T13:19:14.521+0000: [ParNew: 16388K->4K(18432K), 0.0030003 secs] 602764K->586380K(896640K), 0.0030602 secs] [Times: user=0.00 sys=0.00, real=0.00 secs] 
2020-10-29T13:19:14.539+0000: [GC (Allocation Failure) 2020-10-29T13:19:14.539+0000: [ParNew: 16388K->4K(18432K), 0.0030200 secs] 602764K->586380K(896640K), 0.0030795 secs] [Times: user=0.00 sys=0.00, real=0.00 secs] 
2020-10-29T13:19:14.560+0000: [GC (Allocation Failure) 2020-10-29T13:19:14.561+0000: [ParNew: 16388K->4K(18432K), 0.0029465 secs] 602764K->586380K(896640K), 0.0030022 secs] [Times: user=0.00 sys=0.00, real=0.00 secs] 
2020-10-29T13:19:14.579+0000: [GC (Allocation Failure) 2020-10-29T13:19:14.579+0000: [ParNew: 16388K->4K(18432K), 0.0029637 secs] 602764K->586380K(896640K), 0.0030215 secs] [Times: user=0.01 sys=0.00, real=0.00 secs] 
2020-10-29T13:19:14.601+0000: [GC (Allocation Failure) 2020-10-29T13:19:14.601+0000: [ParNew: 16388K->4K(18432K), 0.0029798 secs] 602764K->586380K(896640K), 0.0030392 secs] [Times: user=0.01 sys=0.00, real=0.00 secs] 
2020-10-29T13:19:14.619+0000: [GC (Allocation Failure) 2020-10-29T13:19:14.619+0000: [ParNew: 16388K->4K(18432K), 0.0029905 secs] 602764K->586380K(896640K), 0.0030513 secs] [Times: user=0.00 sys=0.00, real=0.00 secs] 
2020-10-29T13:19:14.637+0000: [GC (Allocation Failure) 2020-10-29T13:19:14.637+0000: [ParNew: 16388K->4K(18432K), 0.0029829 secs] 602764K->586380K(896640K), 0.0030446 secs] [Times: user=0.01 sys=0.00, real=0.00 secs] 
2020-10-29T13:19:14.660+0000: [GC (Allocation Failure) 2020-10-29T13:19:14.660+0000: [ParNew: 16388K->4K(18432K), 0.0030048 secs] 602764K->586380K(896640K), 0.0030605 secs] [Times: user=0.01 sys=0.00, real=0.00 secs] 
2020-10-29T13:19:14.681+0000: [GC (Allocation Failure) 2020-10-29T13:19:14.681+0000: [ParNew: 16388K->4K(18432K), 0.0030113 secs] 602764K->586380K(896640K), 0.0030729 secs] [Times: user=0.01 sys=0.00, real=0.00 secs] 
2020-10-29T13:19:14.699+0000: [GC (Allocation Failure) 2020-10-29T13:19:14.699+0000: [ParNew: 16388K->4K(18432K), 0.0029968 secs] 602764K->586380K(896640K), 0.0030582 secs] [Times: user=0.01 sys=0.00, real=0.00 secs] 
2020-10-29T13:19:14.720+0000: [GC (Allocation Failure) 2020-10-29T13:19:14.720+0000: [ParNew: 16388K->4K(18432K), 0.0029960 secs] 602764K->586380K(896640K), 0.0030574 secs] [Times: user=0.01 sys=0.00, real=0.00 secs] 
2020-10-29T13:19:14.738+0000: [GC (Allocation Failure) 2020-10-29T13:19:14.738+0000: [ParNew: 16388K->4K(18432K), 0.0030139 secs] 602764K->586380K(896640K), 0.0030727 secs] [Times: user=0.00 sys=0.00, real=0.00 secs] 
2020-10-29T13:19:14.757+0000: [GC (Allocation Failure) 2020-10-29T13:19:14.757+0000: [ParNew: 16388K->4K(18432K), 0.0030050 secs] 602764K->586380K(896640K), 0.0030750 secs] [Times: user=0.00 sys=0.00, real=0.00 secs] 
2020-10-29T13:19:14.775+0000: [GC (Allocation Failure) 2020-10-29T13:19:14.775+0000: [ParNew: 16388K->4K(18432K), 0.0029836 secs] 602764K->586380K(896640K), 0.0030425 secs] [Times: user=0.01 sys=0.00, real=0.00 secs] 
2020-10-29T13:19:14.793+0000: [GC (Allocation Failure) 2020-10-29T13:19:14.793+0000: [ParNew: 16388K->4K(18432K), 0.0028987 secs] 602764K->586380K(896640K), 0.0029532 secs] [Times: user=0.01 sys=0.00, real=0.00 secs] 
2020-10-29T13:19:14.812+0000: [GC (Allocation Failure) 2020-10-29T13:19:14.813+0000: [ParNew: 16388K->4K(18432K), 0.0029687 secs] 602764K->586380K(896640K), 0.0030331 secs] [Times: user=0.00 sys=0.00, real=0.00 secs] 
2020-10-29T13:19:14.831+0000: [GC (Allocation Failure) 2020-10-29T13:19:14.831+0000: [ParNew: 16388K->4K(18432K), 0.0029752 secs] 602764K->586380K(896640K), 0.0030311 secs] [Times: user=0.01 sys=0.00, real=0.01 secs] 
2020-10-29T13:19:14.849+0000: [GC (Allocation Failure) 2020-10-29T13:19:14.849+0000: [ParNew: 16388K->4K(18432K), 0.0029294 secs] 602764K->586380K(896640K), 0.0029846 secs] [Times: user=0.00 sys=0.00, real=0.00 secs] 
2020-10-29T13:19:14.869+0000: [GC (Allocation Failure) 2020-10-29T13:19:14.869+0000: [ParNew: 16388K->4K(18432K), 0.0029987 secs] 602764K->586380K(896640K), 0.0030576 secs] [Times: user=0.00 sys=0.00, real=0.00 secs] 
2020-10-29T13:19:14.889+0000: [GC (Allocation Failure) 2020-10-29T13:19:14.889+0000: [ParNew: 16388K->4K(18432K), 0.0029898 secs] 602764K->586380K(896640K), 0.0030505 secs] [Times: user=0.01 sys=0.00, real=0.00 secs] 
2020-10-29T13:19:14.907+0000: [GC (Allocation Failure) 2020-10-29T13:19:14.907+0000: [ParNew: 16388K->4K(18432K), 0.0029604 secs] 602764K->586380K(896640K), 0.0030185 secs] [Times: user=0.00 sys=0.00, real=0.00 secs] 
2020-10-29T13:19:14.925+0000: [GC (Allocation Failure) 2020-10-29T13:19:14.925+0000: [ParNew: 16388K->4K(18432K), 0.0028185 secs] 602764K->586380K(896640K), 0.0028716 secs] [Times: user=0.01 sys=0.00, real=0.00 secs] 
2020-10-29T13:19:14.945+0000: [GC (Allocation Failure) 2020-10-29T13:19:14.945+0000: [ParNew: 16388K->4K(18432K), 0.0029890 secs] 602764K->586380K(896640K), 0.0030463 secs] [Times: user=0.01 sys=0.00, real=0.00 secs] 
2020-10-29T13:19:14.965+0000: [GC (Allocation Failure) 2020-10-29T13:19:14.965+0000: [ParNew: 16388K->4K(18432K), 0.0029547 secs] 602764K->586380K(896640K), 0.0030113 secs] [Times: user=0.00 sys=0.00, real=0.00 secs] 
2020-10-29T13:19:14.987+0000: [GC (Allocation Failure) 2020-10-29T13:19:14.987+0000: [ParNew: 16388K->4K(18432K), 0.0030109 secs] 602764K->586380K(896640K), 0.0030688 secs] [Times: user=0.01 sys=0.00, real=0.00 secs] 
2020-10-29T13:19:15.009+0000: [GC (Allocation Failure) 2020-10-29T13:19:15.009+0000: [ParNew: 16388K->4K(18432K), 0.0029959 secs] 602764K->586380K(896640K), 0.0030583 secs] [Times: user=0.01 sys=0.00, real=0.00 secs] 
2020-10-29T13:19:15.027+0000: [GC (Allocation Failure) 2020-10-29T13:19:15.027+0000: [ParNew: 16388K->4K(18432K), 0.0030133 secs] 602764K->586380K(896640K), 0.0030864 secs] [Times: user=0.01 sys=0.00, real=0.00 secs] 
2020-10-29T13:19:15.045+0000: [GC (Allocation Failure) 2020-10-29T13:19:15.045+0000: [ParNew: 16388K->4K(18432K), 0.0030907 secs] 602764K->586380K(896640K), 0.0031507 secs] [Times: user=0.01 sys=0.00, real=0.00 secs] 
2020-10-29T13:19:15.065+0000: [GC (Allocation Failure) 2020-10-29T13:19:15.065+0000: [ParNew: 16388K->4K(18432K), 0.0029603 secs] 602764K->586380K(896640K), 0.0030187 secs] [Times: user=0.01 sys=0.00, real=0.00 secs] 
2020-10-29T13:19:15.085+0000: [GC (Allocation Failure) 2020-10-29T13:19:15.085+0000: [ParNew: 16388K->4K(18432K), 0.0029968 secs] 602764K->586380K(896640K), 0.0030556 secs] [Times: user=0.01 sys=0.00, real=0.00 secs] 
2020-10-29T13:19:15.105+0000: [GC (Allocation Failure) 2020-10-29T13:19:15.105+0000: [ParNew: 16388K->4K(18432K), 0.0030401 secs] 602764K->586380K(896640K), 0.0031003 secs] [Times: user=0.01 sys=0.00, real=0.00 secs] 
2020-10-29T13:19:15.125+0000: [GC (Allocation Failure) 2020-10-29T13:19:15.125+0000: [ParNew: 16388K->4K(18432K), 0.0029816 secs] 602764K->586380K(896640K), 0.0030423 secs] [Times: user=0.01 sys=0.00, real=0.00 secs] 
2020-10-29T13:19:15.143+0000: [GC (Allocation Failure) 2020-10-29T13:19:15.143+0000: [ParNew: 16388K->4K(18432K), 0.0030570 secs] 602764K->586380K(896640K), 0.0031156 secs] [Times: user=0.00 sys=0.00, real=0.01 secs] 
2020-10-29T13:19:15.161+0000: [GC (Allocation Failure) 2020-10-29T13:19:15.161+0000: [ParNew: 16388K->4K(18432K), 0.0030036 secs] 602764K->586380K(896640K), 0.0030631 secs] [Times: user=0.01 sys=0.00, real=0.00 secs] 
2020-10-29T13:19:15.179+0000: [GC (Allocation Failure) 2020-10-29T13:19:15.179+0000: [ParNew: 16388K->4K(18432K), 0.0029644 secs] 602764K->586380K(896640K), 0.0030215 secs] [Times: user=0.01 sys=0.00, real=0.00 secs] 
2020-10-29T13:19:15.201+0000: [GC (Allocation Failure) 2020-10-29T13:19:15.201+0000: [ParNew: 16388K->4K(18432K), 0.0029265 secs] 602764K->586380K(896640K), 0.0029836 secs] [Times: user=0.00 sys=0.00, real=0.00 secs] 
2020-10-29T13:19:15.219+0000: [GC (Allocation Failure) 2020-10-29T13:19:15.219+0000: [ParNew: 16388K->4K(18432K), 0.0029035 secs] 602764K->586380K(896640K), 0.0029579 secs] [Times: user=0.01 sys=0.00, real=0.00 secs] 
2020-10-29T13:19:15.241+0000: [GC (Allocation Failure) 2020-10-29T13:19:15.241+0000: [ParNew: 16388K->4K(18432K), 0.0029171 secs] 602764K->586380K(896640K), 0.0029725 secs] [Times: user=0.00 sys=0.00, real=0.00 secs] 
2020-10-29T13:19:15.261+0000: [GC (Allocation Failure) 2020-10-29T13:19:15.261+0000: [ParNew: 16388K->4K(18432K), 0.0029659 secs] 602764K->586380K(896640K), 0.0030251 secs] [Times: user=0.01 sys=0.00, real=0.00 secs] 
2020-10-29T13:19:15.281+0000: [GC (Allocation Failure) 2020-10-29T13:19:15.281+0000: [ParNew: 16388K->4K(18432K), 0.0029526 secs] 602764K->586380K(896640K), 0.0030122 secs] [Times: user=0.00 sys=0.00, real=0.00 secs] 
2020-10-29T13:19:15.299+0000: [GC (Allocation Failure) 2020-10-29T13:19:15.299+0000: [ParNew: 16388K->4K(18432K), 0.0029259 secs] 602764K->586380K(896640K), 0.0029812 secs] [Times: user=0.01 sys=0.00, real=0.00 secs] 
2020-10-29T13:19:15.317+0000: [GC (Allocation Failure) 2020-10-29T13:19:15.317+0000: [ParNew: 16388K->4K(18432K), 0.0029802 secs] 602764K->586380K(896640K), 0.0030388 secs] [Times: user=0.00 sys=0.00, real=0.00 secs] 
2020-10-29T13:19:15.337+0000: [GC (Allocation Failure) 2020-10-29T13:19:15.337+0000: [ParNew: 16388K->4K(18432K), 0.0029927 secs] 602764K->586380K(896640K), 0.0030514 secs] [Times: user=0.01 sys=0.00, real=0.00 secs] 
2020-10-29T13:19:15.355+0000: [GC (Allocation Failure) 2020-10-29T13:19:15.355+0000: [ParNew: 16388K->4K(18432K), 0.0030299 secs] 602764K->586380K(896640K), 0.0030820 secs] [Times: user=0.00 sys=0.00, real=0.00 secs] 
2020-10-29T13:19:15.377+0000: [GC (Allocation Failure) 2020-10-29T13:19:15.377+0000: [ParNew: 16388K->4K(18432K), 0.0030110 secs] 602764K->586380K(896640K), 0.0030726 secs] [Times: user=0.01 sys=0.00, real=0.00 secs] 
2020-10-29T13:19:15.397+0000: [GC (Allocation Failure) 2020-10-29T13:19:15.397+0000: [ParNew: 16388K->4K(18432K), 0.0030080 secs] 602764K->586380K(896640K), 0.0030667 secs] [Times: user=0.00 sys=0.00, real=0.00 secs] 
2020-10-29T13:19:15.417+0000: [GC (Allocation Failure) 2020-10-29T13:19:15.417+0000: [ParNew: 16388K->4K(18432K), 0.0029873 secs] 602764K->586380K(896640K), 0.0030464 secs] [Times: user=0.00 sys=0.00, real=0.00 secs] 
2020-10-29T13:19:15.435+0000: [GC (Allocation Failure) 2020-10-29T13:19:15.435+0000: [ParNew: 16388K->4K(18432K), 0.0030179 secs] 602764K->586380K(896640K), 0.0030803 secs] [Times: user=0.01 sys=0.00, real=0.00 secs] 
2020-10-29T13:19:15.457+0000: [GC (Allocation Failure) 2020-10-29T13:19:15.457+0000: [ParNew: 16388K->4K(18432K), 0.0029954 secs] 602764K->586380K(896640K), 0.0030537 secs] [Times: user=0.01 sys=0.00, real=0.00 secs] 
2020-10-29T13:19:15.475+0000: [GC (Allocation Failure) 2020-10-29T13:19:15.475+0000: [ParNew: 16379K->4K(18432K), 0.0030040 secs] 602756K->586380K(896640K), 0.0030633 secs] [Times: user=0.00 sys=0.00, real=0.00 secs] 
2020-10-29T13:19:15.493+0000: [GC (Allocation Failure) 2020-10-29T13:19:15.493+0000: [ParNew: 16388K->4K(18432K), 0.0030115 secs] 602764K->586380K(896640K), 0.0030722 secs] [Times: user=0.01 sys=0.00, real=0.00 secs] 
2020-10-29T13:19:15.513+0000: [GC (Allocation Failure) 2020-10-29T13:19:15.513+0000: [ParNew: 16388K->4K(18432K), 0.0030435 secs] 602764K->586380K(896640K), 0.0031044 secs] [Times: user=0.00 sys=0.00, real=0.00 secs] 
2020-10-29T13:19:15.531+0000: [GC (Allocation Failure) 2020-10-29T13:19:15.531+0000: [ParNew: 16388K->4K(18432K), 0.0029898 secs] 602764K->586380K(896640K), 0.0030499 secs] [Times: user=0.00 sys=0.00, real=0.01 secs] 
2020-10-29T13:19:15.549+0000: [GC (Allocation Failure) 2020-10-29T13:19:15.549+0000: [ParNew: 16388K->4K(18432K), 0.0029778 secs] 602764K->586380K(896640K), 0.0030354 secs] [Times: user=0.01 sys=0.00, real=0.00 secs] 
2020-10-29T13:19:15.569+0000: [GC (Allocation Failure) 2020-10-29T13:19:15.569+0000: [ParNew: 16388K->4K(18432K), 0.0029795 secs] 602764K->586380K(896640K), 0.0030361 secs] [Times: user=0.00 sys=0.00, real=0.00 secs] 
2020-10-29T13:19:15.589+0000: [GC (Allocation Failure) 2020-10-29T13:19:15.589+0000: [ParNew: 16388K->4K(18432K), 0.0029614 secs] 602764K->586380K(896640K), 0.0030187 secs] [Times: user=0.00 sys=0.00, real=0.00 secs] 
2020-10-29T13:19:15.609+0000: [GC (Allocation Failure) 2020-10-29T13:19:15.609+0000: [ParNew: 16388K->4K(18432K), 0.0029914 secs] 602764K->586380K(896640K), 0.0030494 secs] [Times: user=0.01 sys=0.00, real=0.00 secs] 
2020-10-29T13:19:15.629+0000: [GC (Allocation Failure) 2020-10-29T13:19:15.629+0000: [ParNew: 16388K->4K(18432K), 0.0029724 secs] 602764K->586380K(896640K), 0.0030323 secs] [Times: user=0.00 sys=0.00, real=0.00 secs] 
2020-10-29T13:19:15.649+0000: [GC (Allocation Failure) 2020-10-29T13:19:15.649+0000: [ParNew: 16388K->4K(18432K), 0.0029916 secs] 602764K->586380K(896640K), 0.0030525 secs] [Times: user=0.00 sys=0.00, real=0.00 secs] 
2020-10-29T13:19:15.669+0000: [GC (Allocation Failure) 2020-10-29T13:19:15.669+0000: [ParNew: 16388K->4K(18432K), 0.0030010 secs] 602764K->586380K(896640K), 0.0030624 secs] [Times: user=0.01 sys=0.00, real=0.00 secs] 
2020-10-29T13:19:15.687+0000: [GC (Allocation Failure) 2020-10-29T13:19:15.687+0000: [ParNew: 16388K->4K(18432K), 0.0029880 secs] 602764K->586380K(896640K), 0.0030465 secs] [Times: user=0.00 sys=0.00, real=0.00 secs] 
2020-10-29T13:19:15.705+0000: [GC (Allocation Failure) 2020-10-29T13:19:15.705+0000: [ParNew: 16388K->4K(18432K), 0.0029740 secs] 602764K->586380K(896640K), 0.0030317 secs] [Times: user=0.01 sys=0.00, real=0.00 secs] 
2020-10-29T13:19:15.725+0000: [GC (Allocation Failure) 2020-10-29T13:19:15.725+0000: [ParNew: 16388K->4K(18432K), 0.0029779 secs] 602764K->586380K(896640K), 0.0030412 secs] [Times: user=0.00 sys=0.00, real=0.00 secs] 
2020-10-29T13:19:15.743+0000: [GC (Allocation Failure) 2020-10-29T13:19:15.743+0000: [ParNew: 16388K->4K(18432K), 0.0029715 secs] 602764K->586380K(896640K), 0.0030297 secs] [Times: user=0.01 sys=0.00, real=0.01 secs] 
2020-10-29T13:19:15.764+0000: [GC (Allocation Failure) 2020-10-29T13:19:15.765+0000: [ParNew: 16388K->4K(18432K), 0.0030291 secs] 602764K->586380K(896640K), 0.0030887 secs] [Times: user=0.01 sys=0.00, real=0.00 secs] 
2020-10-29T13:19:15.783+0000: [GC (Allocation Failure) 2020-10-29T13:19:15.783+0000: [ParNew: 16388K->4K(18432K), 0.0030007 secs] 602764K->586380K(896640K), 0.0030608 secs] [Times: user=0.00 sys=0.00, real=0.01 secs] 
2020-10-29T13:19:15.805+0000: [GC (Allocation Failure) 2020-10-29T13:19:15.805+0000: [ParNew: 16388K->4K(18432K), 0.0029652 secs] 602764K->586380K(896640K), 0.0030262 secs] [Times: user=0.01 sys=0.00, real=0.00 secs] 
2020-10-29T13:19:15.823+0000: [GC (Allocation Failure) 2020-10-29T13:19:15.823+0000: [ParNew: 16388K->4K(18432K), 0.0029990 secs] 602764K->586380K(896640K), 0.0030589 secs] [Times: user=0.00 sys=0.00, real=0.01 secs] 
2020-10-29T13:19:15.841+0000: [GC (Allocation Failure) 2020-10-29T13:19:15.841+0000: [ParNew: 16388K->4K(18432K), 0.0029946 secs] 602764K->586380K(896640K), 0.0030568 secs] [Times: user=0.01 sys=0.00, real=0.00 secs] 
2020-10-29T13:19:15.860+0000: [GC (Allocation Failure) 2020-10-29T13:19:15.860+0000: [ParNew: 16388K->4K(18432K), 0.0030494 secs] 602764K->586380K(896640K), 0.0031105 secs] [Times: user=0.01 sys=0.00, real=0.00 secs] 
2020-10-29T13:19:15.878+0000: [GC (Allocation Failure) 2020-10-29T13:19:15.878+0000: [ParNew: 16388K->4K(18432K), 0.0030106 secs] 602764K->586380K(896640K), 0.0030967 secs] [Times: user=0.00 sys=0.00, real=0.00 secs] 
2020-10-29T13:19:15.900+0000: [GC (Allocation Failure) 2020-10-29T13:19:15.900+0000: [ParNew: 16388K->4K(18432K), 0.0030758 secs] 602764K->586380K(896640K), 0.0031420 secs] [Times: user=0.01 sys=0.00, real=0.00 secs] 
2020-10-29T13:19:15.918+0000: [GC (Allocation Failure) 2020-10-29T13:19:15.918+0000: [ParNew: 16388K->4K(18432K), 0.0029831 secs] 602764K->586380K(896640K), 0.0030416 secs] [Times: user=0.01 sys=0.00, real=0.00 secs] 
2020-10-29T13:19:15.936+0000: [GC (Allocation Failure) 2020-10-29T13:19:15.936+0000: [ParNew: 16388K->4K(18432K), 0.0029858 secs] 602764K->586380K(896640K), 0.0030442 secs] [Times: user=0.00 sys=0.00, real=0.00 secs] 
2020-10-29T13:19:15.957+0000: [GC (Allocation Failure) 2020-10-29T13:19:15.957+0000: [ParNew: 16388K->4K(18432K), 0.0029530 secs] 602764K->586380K(896640K), 0.0030111 secs] [Times: user=0.01 sys=0.00, real=0.00 secs] 
2020-10-29T13:19:15.975+0000: [GC (Allocation Failure) 2020-10-29T13:19:15.975+0000: [ParNew: 16388K->4K(18432K), 0.0030117 secs] 602764K->586380K(896640K), 0.0031156 secs] [Times: user=0.00 sys=0.00, real=0.00 secs] 
2020-10-29T13:19:15.994+0000: [GC (Allocation Failure) 2020-10-29T13:19:15.994+0000: [ParNew: 16388K->4K(18432K), 0.0030900 secs] 602764K->586380K(896640K), 0.0031497 secs] [Times: user=0.00 sys=0.00, real=0.00 secs] 
2020-10-29T13:19:16.016+0000: [GC (Allocation Failure) 2020-10-29T13:19:16.016+0000: [ParNew: 16388K->4K(18432K), 0.0029956 secs] 602764K->586380K(896640K), 0.0030532 secs] [Times: user=0.00 sys=0.00, real=0.00 secs] 
2020-10-29T13:19:16.034+0000: [GC (Allocation Failure) 2020-10-29T13:19:16.034+0000: [ParNew: 16388K->4K(18432K), 0.0029764 secs] 602764K->586380K(896640K), 0.0030346 secs] [Times: user=0.01 sys=0.00, real=0.00 secs] 
2020-10-29T13:19:16.053+0000: [GC (Allocation Failure) 2020-10-29T13:19:16.054+0000: [ParNew: 16388K->4K(18432K), 0.0030975 secs] 602764K->586380K(896640K), 0.0031573 secs] [Times: user=0.01 sys=0.00, real=0.00 secs] 
2020-10-29T13:19:16.072+0000: [GC (Allocation Failure) 2020-10-29T13:19:16.073+0000: [ParNew: 16388K->4K(18432K), 0.0029404 secs] 602764K->586380K(896640K), 0.0029957 secs] [Times: user=0.01 sys=0.00, real=0.00 secs] 
2020-10-29T13:19:16.091+0000: [GC (Allocation Failure) 2020-10-29T13:19:16.091+0000: [ParNew: 16388K->4K(18432K), 0.0029761 secs] 602764K->586380K(896640K), 0.0030367 secs] [Times: user=0.00 sys=0.00, real=0.01 secs] 
2020-10-29T13:19:16.109+0000: [GC (Allocation Failure) 2020-10-29T13:19:16.109+0000: [ParNew: 16388K->4K(18432K), 0.0029430 secs] 602764K->586380K(896640K), 0.0030001 secs] [Times: user=0.00 sys=0.00, real=0.00 secs] 
2020-10-29T13:19:16.129+0000: [GC (Allocation Failure) 2020-10-29T13:19:16.129+0000: [ParNew: 16388K->4K(18432K), 0.0029758 secs] 602764K->586380K(896640K), 0.0030352 secs] [Times: user=0.01 sys=0.00, real=0.00 secs] 
2020-10-29T13:19:16.147+0000: [GC (Allocation Failure) 2020-10-29T13:19:16.147+0000: [ParNew: 16388K->4K(18432K), 0.0030166 secs] 602764K->586380K(896640K), 0.0030769 secs] [Times: user=0.01 sys=0.00, real=0.00 secs] 
2020-10-29T13:19:16.165+0000: [GC (Allocation Failure) 2020-10-29T13:19:16.165+0000: [ParNew: 16388K->4K(18432K), 0.0030123 secs] 602764K->586380K(896640K), 0.0030721 secs] [Times: user=0.00 sys=0.00, real=0.00 secs] 
2020-10-29T13:19:16.185+0000: [GC (Allocation Failure) 2020-10-29T13:19:16.185+0000: [ParNew: 16388K->4K(18432K), 0.0029952 secs] 602764K->586380K(896640K), 0.0030555 secs] [Times: user=0.01 sys=0.00, real=0.00 secs] 
2020-10-29T13:19:16.204+0000: [GC (Allocation Failure) 2020-10-29T13:19:16.205+0000: [ParNew: 16388K->4K(18432K), 0.0029613 secs] 602764K->586380K(896640K), 0.0030189 secs] [Times: user=0.00 sys=0.00, real=0.00 secs] 
2020-10-29T13:19:16.223+0000: [GC (Allocation Failure) 2020-10-29T13:19:16.223+0000: [ParNew: 16388K->4K(18432K), 0.0029600 secs] 602764K->586380K(896640K), 0.0030180 secs] [Times: user=0.01 sys=0.00, real=0.01 secs] 
2020-10-29T13:19:16.241+0000: [GC (Allocation Failure) 2020-10-29T13:19:16.241+0000: [ParNew: 16388K->4K(18432K), 0.0029342 secs] 602764K->586380K(896640K), 0.0029915 secs] [Times: user=0.00 sys=0.00, real=0.00 secs] 
2020-10-29T13:19:16.261+0000: [GC (Allocation Failure) 2020-10-29T13:19:16.261+0000: [ParNew: 16388K->4K(18432K), 0.0029941 secs] 602764K->586380K(896640K), 0.0030535 secs] [Times: user=0.01 sys=0.00, real=0.00 secs] 
2020-10-29T13:19:16.279+0000: [GC (Allocation Failure) 2020-10-29T13:19:16.279+0000: [ParNew: 16388K->4K(18432K), 0.0029938 secs] 602764K->586380K(896640K), 0.0030512 secs] [Times: user=0.01 sys=0.00, real=0.00 secs] 
2020-10-29T13:19:16.297+0000: [GC (Allocation Failure) 2020-10-29T13:19:16.297+0000: [ParNew: 16388K->4K(18432K), 0.0029474 secs] 602764K->586380K(896640K), 0.0030044 secs] [Times: user=0.00 sys=0.00, real=0.00 secs] 
2020-10-29T13:19:16.315+0000: [GC (Allocation Failure) 2020-10-29T13:19:16.315+0000: [ParNew: 16388K->4K(18432K), 0.0030077 secs] 602764K->586380K(896640K), 0.0030673 secs] [Times: user=0.01 sys=0.00, real=0.00 secs] 
2020-10-29T13:19:16.337+0000: [GC (Allocation Failure) 2020-10-29T13:19:16.337+0000: [ParNew: 16388K->4K(18432K), 0.0029669 secs] 602764K->586380K(896640K), 0.0030246 secs] [Times: user=0.01 sys=0.00, real=0.00 secs] 
2020-10-29T13:19:16.357+0000: [GC (Allocation Failure) 2020-10-29T13:19:16.357+0000: [ParNew: 16388K->4K(18432K), 0.0029864 secs] 602764K->586381K(896640K), 0.0030467 secs] [Times: user=0.00 sys=0.00, real=0.00 secs] 
2020-10-29T13:19:16.377+0000: [GC (Allocation Failure) 2020-10-29T13:19:16.377+0000: [ParNew: 16388K->4K(18432K), 0.0029826 secs] 602765K->586381K(896640K), 0.0030409 secs] [Times: user=0.00 sys=0.00, real=0.00 secs] 
2020-10-29T13:19:16.397+0000: [GC (Allocation Failure) 2020-10-29T13:19:16.397+0000: [ParNew: 16388K->4K(18432K), 0.0029643 secs] 602765K->586381K(896640K), 0.0030228 secs] [Times: user=0.00 sys=0.00, real=0.00 secs] 
2020-10-29T13:19:16.415+0000: [GC (Allocation Failure) 2020-10-29T13:19:16.415+0000: [ParNew: 16388K->4K(18432K), 0.0029665 secs] 602765K->586381K(896640K), 0.0030246 secs] [Times: user=0.01 sys=0.00, real=0.00 secs] 
2020-10-29T13:19:16.433+0000: [GC (Allocation Failure) 2020-10-29T13:19:16.433+0000: [ParNew: 16388K->4K(18432K), 0.0029676 secs] 602765K->586381K(896640K), 0.0030254 secs] [Times: user=0.01 sys=0.00, real=0.00 secs] 
2020-10-29T13:19:16.453+0000: [GC (Allocation Failure) 2020-10-29T13:19:16.453+0000: [ParNew: 16388K->4K(18432K), 0.0030221 secs] 602765K->586381K(896640K), 0.0030822 secs] [Times: user=0.00 sys=0.00, real=0.00 secs] 
2020-10-29T13:19:16.473+0000: [GC (Allocation Failure) 2020-10-29T13:19:16.473+0000: [ParNew: 16388K->4K(18432K), 0.0030165 secs] 602765K->586381K(896640K), 0.0030761 secs] [Times: user=0.00 sys=0.00, real=0.00 secs] 
2020-10-29T13:19:16.491+0000: [GC (Allocation Failure) 2020-10-29T13:19:16.491+0000: [ParNew: 16388K->4K(18432K), 0.0029991 secs] 602765K->586381K(896640K), 0.0030594 secs] [Times: user=0.01 sys=0.00, real=0.01 secs] 
2020-10-29T13:19:16.509+0000: [GC (Allocation Failure) 2020-10-29T13:19:16.509+0000: [ParNew: 16388K->4K(18432K), 0.0029880 secs] 602765K->586381K(896640K), 0.0030497 secs] [Times: user=0.00 sys=0.00, real=0.00 secs] 
2020-10-29T13:19:16.528+0000: [GC (Allocation Failure) 2020-10-29T13:19:16.528+0000: [ParNew: 16388K->4K(18432K), 0.0029910 secs] 602765K->586381K(896640K), 0.0030515 secs] [Times: user=0.01 sys=0.00, real=0.00 secs] 
2020-10-29T13:19:16.546+0000: [GC (Allocation Failure) 2020-10-29T13:19:16.546+0000: [ParNew: 16377K->4K(18432K), 0.0030579 secs] 602754K->586381K(896640K), 0.0031165 secs] [Times: user=0.01 sys=0.00, real=0.00 secs] 
2020-10-29T13:19:16.564+0000: [GC (Allocation Failure) 2020-10-29T13:19:16.564+0000: [ParNew: 16388K->4K(18432K), 0.0029797 secs] 602765K->586381K(896640K), 0.0030383 secs] [Times: user=0.00 sys=0.00, real=0.01 secs] 
2020-10-29T13:19:16.585+0000: [GC (Allocation Failure) 2020-10-29T13:19:16.585+0000: [ParNew: 16388K->4K(18432K), 0.0029769 secs] 602765K->586381K(896640K), 0.0030361 secs] [Times: user=0.01 sys=0.00, real=0.00 secs] 
2020-10-29T13:19:16.603+0000: [GC (Allocation Failure) 2020-10-29T13:19:16.603+0000: [ParNew: 16388K->4K(18432K), 0.0049901 secs] 602765K->586381K(896640K), 0.0050521 secs] [Times: user=0.01 sys=0.00, real=0.01 secs] 
2020-10-29T13:19:16.623+0000: [GC (Allocation Failure) 2020-10-29T13:19:16.623+0000: [ParNew: 16388K->4K(18432K), 0.0030264 secs] 602765K->586381K(896640K), 0.0031053 secs] [Times: user=0.00 sys=0.00, real=0.01 secs] 
2020-10-29T13:19:16.645+0000: [GC (Allocation Failure) 2020-10-29T13:19:16.645+0000: [ParNew: 16388K->4K(18432K), 0.0029482 secs] 602765K->586381K(896640K), 0.0030052 secs] [Times: user=0.01 sys=0.00, real=0.00 secs] 
2020-10-29T13:19:16.665+0000: [GC (Allocation Failure) 2020-10-29T13:19:16.665+0000: [ParNew: 16388K->4K(18432K), 0.0029864 secs] 602765K->586381K(896640K), 0.0030449 secs] [Times: user=0.00 sys=0.00, real=0.00 secs] 
2020-10-29T13:19:16.685+0000: [GC (Allocation Failure) 2020-10-29T13:19:16.685+0000: [ParNew: 16388K->4K(18432K), 0.0030013 secs] 602765K->586381K(896640K), 0.0030625 secs] [Times: user=0.01 sys=0.00, real=0.00 secs] 
2020-10-29T13:19:16.705+0000: [GC (Allocation Failure) 2020-10-29T13:19:16.705+0000: [ParNew: 16388K->4K(18432K), 0.0030172 secs] 602765K->586381K(896640K), 0.0030755 secs] [Times: user=0.00 sys=0.00, real=0.00 secs] 
2020-10-29T13:19:16.725+0000: [GC (Allocation Failure) 2020-10-29T13:19:16.725+0000: [ParNew: 16388K->4K(18432K), 0.0029814 secs] 602765K->586381K(896640K), 0.0030414 secs] [Times: user=0.01 sys=0.00, real=0.00 secs] 
2020-10-29T13:19:16.743+0000: [GC (Allocation Failure) 2020-10-29T13:19:16.743+0000: [ParNew: 16388K->4K(18432K), 0.0029717 secs] 602765K->586381K(896640K), 0.0030297 secs] [Times: user=0.00 sys=0.00, real=0.01 secs] 
2020-10-29T13:19:16.765+0000: [GC (Allocation Failure) 2020-10-29T13:19:16.765+0000: [ParNew: 16388K->4K(18432K), 0.0032302 secs] 602765K->586381K(896640K), 0.0033029 secs] [Times: user=0.00 sys=0.00, real=0.00 secs] 
2020-10-29T13:19:16.785+0000: [GC (Allocation Failure) 2020-10-29T13:19:16.785+0000: [ParNew: 16388K->4K(18432K), 0.0029899 secs] 602765K->586381K(896640K), 0.0030493 secs] [Times: user=0.01 sys=0.00, real=0.00 secs] 
2020-10-29T13:19:16.805+0000: [GC (Allocation Failure) 2020-10-29T13:19:16.805+0000: [ParNew: 16388K->4K(18432K), 0.0030310 secs] 602765K->586381K(896640K), 0.0030953 secs] [Times: user=0.01 sys=0.00, real=0.00 secs] 
2020-10-29T13:19:16.825+0000: [GC (Allocation Failure) 2020-10-29T13:19:16.825+0000: [ParNew: 16388K->4K(18432K), 0.0029840 secs] 602765K->586381K(896640K), 0.0030447 secs] [Times: user=0.00 sys=0.00, real=0.00 secs] 
2020-10-29T13:19:16.843+0000: [GC (Allocation Failure) 2020-10-29T13:19:16.843+0000: [ParNew: 16388K->4K(18432K), 0.0030357 secs] 602765K->586381K(896640K), 0.0030956 secs] [Times: user=0.00 sys=0.00, real=0.01 secs] 
2020-10-29T13:19:16.865+0000: [GC (Allocation Failure) 2020-10-29T13:19:16.865+0000: [ParNew: 16388K->4K(18432K), 0.0029858 secs] 602765K->586381K(896640K), 0.0030448 secs] [Times: user=0.01 sys=0.00, real=0.00 secs] 
2020-10-29T13:19:16.885+0000: [GC (Allocation Failure) 2020-10-29T13:19:16.885+0000: [ParNew: 16388K->4K(18432K), 0.0030059 secs] 602765K->586381K(896640K), 0.0030684 secs] [Times: user=0.01 sys=0.00, real=0.00 secs] 
2020-10-29T13:19:16.903+0000: [GC (Allocation Failure) 2020-10-29T13:19:16.903+0000: [ParNew: 16388K->4K(18432K), 0.0029943 secs] 602765K->586381K(896640K), 0.0030554 secs] [Times: user=0.00 sys=0.00, real=0.01 secs] 
2020-10-29T13:19:16.921+0000: [GC (Allocation Failure) 2020-10-29T13:19:16.921+0000: [ParNew: 16388K->4K(18432K), 0.0029731 secs] 602765K->586381K(896640K), 0.0030319 secs] [Times: user=0.01 sys=0.00, real=0.00 secs] 
2020-10-29T13:19:16.939+0000: [GC (Allocation Failure) 2020-10-29T13:19:16.940+0000: [ParNew: 16388K->4K(18432K), 0.0029972 secs] 602765K->586381K(896640K), 0.0030562 secs] [Times: user=0.00 sys=0.00, real=0.00 secs] 
2020-10-29T13:19:16.961+0000: [GC (Allocation Failure) 2020-10-29T13:19:16.961+0000: [ParNew: 16388K->4K(18432K), 0.0029902 secs] 602765K->586381K(896640K), 0.0030514 secs] [Times: user=0.00 sys=0.00, real=0.00 secs] 
2020-10-29T13:19:16.981+0000: [GC (Allocation Failure) 2020-10-29T13:19:16.981+0000: [ParNew: 16388K->4K(18432K), 0.0032189 secs] 602765K->586381K(896640K), 0.0032945 secs] [Times: user=0.00 sys=0.00, real=0.00 secs] 
2020-10-29T13:19:17.001+0000: [GC (Allocation Failure) 2020-10-29T13:19:17.001+0000: [ParNew: 16388K->4K(18432K), 0.0029744 secs] 602765K->586381K(896640K), 0.0030347 secs] [Times: user=0.01 sys=0.00, real=0.00 secs] 
2020-10-29T13:19:17.021+0000: [GC (Allocation Failure) 2020-10-29T13:19:17.021+0000: [ParNew: 16388K->4K(18432K), 0.0029947 secs] 602765K->586381K(896640K), 0.0030550 secs] [Times: user=0.00 sys=0.00, real=0.00 secs] 
2020-10-29T13:19:17.039+0000: [GC (Allocation Failure) 2020-10-29T13:19:17.039+0000: [ParNew: 16388K->4K(18432K), 0.0029813 secs] 602765K->586381K(896640K), 0.0030413 secs] [Times: user=0.01 sys=0.00, real=0.00 secs] 
2020-10-29T13:19:17.057+0000: [GC (Allocation Failure) 2020-10-29T13:19:17.057+0000: [ParNew: 16388K->4K(18432K), 0.0029531 secs] 602765K->586381K(896640K), 0.0030116 secs] [Times: user=0.01 sys=0.00, real=0.00 secs] 
2020-10-29T13:19:17.076+0000: [GC (Allocation Failure) 2020-10-29T13:19:17.076+0000: [ParNew: 16388K->4K(18432K), 0.0030576 secs] 602765K->586381K(896640K), 0.0031176 secs] [Times: user=0.00 sys=0.00, real=0.00 secs] 
2020-10-29T13:19:17.094+0000: [GC (Allocation Failure) 2020-10-29T13:19:17.094+0000: [ParNew: 16388K->4K(18432K), 0.0029813 secs] 602765K->586381K(896640K), 0.0030400 secs] [Times: user=0.01 sys=0.00, real=0.00 secs] 
2020-10-29T13:19:17.116+0000: [GC (Allocation Failure) 2020-10-29T13:19:17.116+0000: [ParNew: 16388K->4K(18432K), 0.0030232 secs] 602765K->586381K(896640K), 0.0030843 secs] [Times: user=0.00 sys=0.01, real=0.00 secs] 
2020-10-29T13:19:17.135+0000: [GC (Allocation Failure) 2020-10-29T13:19:17.135+0000: [ParNew: 16388K->4K(18432K), 0.0030190 secs] 602765K->586381K(896640K), 0.0030794 secs] [Times: user=0.00 sys=0.00, real=0.00 secs] 
2020-10-29T13:19:17.157+0000: [GC (Allocation Failure) 2020-10-29T13:19:17.157+0000: [ParNew: 16388K->4K(18432K), 0.0030372 secs] 602765K->586381K(896640K), 0.0030977 secs] [Times: user=0.00 sys=0.00, real=0.00 secs] 
2020-10-29T13:19:17.175+0000: [GC (Allocation Failure) 2020-10-29T13:19:17.175+0000: [ParNew: 16388K->4K(18432K), 0.0030291 secs] 602765K->586381K(896640K), 0.0030893 secs] [Times: user=0.01 sys=0.00, real=0.00 secs] 
2020-10-29T13:19:17.193+0000: [GC (Allocation Failure) 2020-10-29T13:19:17.193+0000: [ParNew: 16388K->4K(18432K), 0.0029930 secs] 602765K->586381K(896640K), 0.0030507 secs] [Times: user=0.00 sys=0.01, real=0.00 secs] 
2020-10-29T13:19:17.217+0000: [GC (Allocation Failure) 2020-10-29T13:19:17.217+0000: [ParNew: 16388K->4K(18432K), 0.0030614 secs] 602765K->586381K(896640K), 0.0031216 secs] [Times: user=0.01 sys=0.00, real=0.00 secs] 
2020-10-29T13:19:17.235+0000: [GC (Allocation Failure) 2020-10-29T13:19:17.235+0000: [ParNew: 16388K->4K(18432K), 0.0029821 secs] 602765K->586381K(896640K), 0.0030414 secs] [Times: user=0.00 sys=0.00, real=0.00 secs] 
2020-10-29T13:19:17.253+0000: [GC (Allocation Failure) 2020-10-29T13:19:17.253+0000: [ParNew: 16388K->4K(18432K), 0.0030476 secs] 602765K->586381K(896640K), 0.0031087 secs] [Times: user=0.01 sys=0.00, real=0.00 secs] 
2020-10-29T13:19:17.273+0000: [GC (Allocation Failure) 2020-10-29T13:19:17.273+0000: [ParNew: 16388K->4K(18432K), 0.0030319 secs] 602765K->586381K(896640K), 0.0030917 secs] [Times: user=0.01 sys=0.00, real=0.00 secs] 
2020-10-29T13:19:17.291+0000: [GC (Allocation Failure) 2020-10-29T13:19:17.291+0000: [ParNew: 16388K->4K(18432K), 0.0029913 secs] 602765K->586381K(896640K), 0.0030521 secs] [Times: user=0.01 sys=0.00, real=0.01 secs] 
2020-10-29T13:19:17.309+0000: [GC (Allocation Failure) 2020-10-29T13:19:17.309+0000: [ParNew: 16388K->4K(18432K), 0.0030406 secs] 602765K->586381K(896640K), 0.0031028 secs] [Times: user=0.00 sys=0.00, real=0.00 secs] 
2020-10-29T13:19:17.329+0000: [GC (Allocation Failure) 2020-10-29T13:19:17.329+0000: [ParNew: 16388K->4K(18432K), 0.0029976 secs] 602765K->586381K(896640K), 0.0030565 secs] [Times: user=0.01 sys=0.00, real=0.00 secs] 
2020-10-29T13:19:17.347+0000: [GC (Allocation Failure) 2020-10-29T13:19:17.347+0000: [ParNew: 16388K->4K(18432K), 0.0036553 secs] 602765K->586381K(896640K), 0.0037195 secs] [Times: user=0.00 sys=0.00, real=0.00 secs] 
2020-10-29T13:19:17.369+0000: [GC (Allocation Failure) 2020-10-29T13:19:17.369+0000: [ParNew: 16388K->4K(18432K), 0.0030548 secs] 602765K->586381K(896640K), 0.0031176 secs] [Times: user=0.01 sys=0.00, real=0.00 secs] 
2020-10-29T13:19:17.387+0000: [GC (Allocation Failure) 2020-10-29T13:19:17.387+0000: [ParNew: 16388K->4K(18432K), 0.0030860 secs] 602765K->586381K(896640K), 0.0031504 secs] [Times: user=0.00 sys=0.00, real=0.00 secs] 
2020-10-29T13:19:17.405+0000: [GC (Allocation Failure) 2020-10-29T13:19:17.405+0000: [ParNew: 16388K->4K(18432K), 0.0030558 secs] 602765K->586381K(896640K), 0.0031183 secs] [Times: user=0.00 sys=0.00, real=0.00 secs] 
2020-10-29T13:19:17.424+0000: [GC (Allocation Failure) 2020-10-29T13:19:17.424+0000: [ParNew: 16388K->4K(18432K), 0.0030032 secs] 602765K->586381K(896640K), 0.0030788 secs] [Times: user=0.01 sys=0.00, real=0.01 secs] 
2020-10-29T13:19:17.446+0000: [GC (Allocation Failure) 2020-10-29T13:19:17.446+0000: [ParNew: 16388K->4K(18432K), 0.0030055 secs] 602765K->586381K(896640K), 0.0030876 secs] [Times: user=0.01 sys=0.00, real=0.00 secs] 
2020-10-29T13:19:17.466+0000: [GC (Allocation Failure) 2020-10-29T13:19:17.466+0000: [ParNew: 16388K->4K(18432K), 0.0030286 secs] 602765K->586381K(896640K), 0.0030882 secs] [Times: user=0.00 sys=0.00, real=0.00 secs] 
2020-10-29T13:19:17.484+0000: [GC (Allocation Failure) 2020-10-29T13:19:17.484+0000: [ParNew: 16388K->4K(18432K), 0.0030270 secs] 602765K->586381K(896640K), 0.0030866 secs] [Times: user=0.01 sys=0.00, real=0.01 secs] 
2020-10-29T13:19:17.502+0000: [GC (Allocation Failure) 2020-10-29T13:19:17.502+0000: [ParNew: 16388K->4K(18432K), 0.0030111 secs] 602765K->586381K(896640K), 0.0030719 secs] [Times: user=0.00 sys=0.00, real=0.01 secs] 
2020-10-29T13:19:17.521+0000: [GC (Allocation Failure) 2020-10-29T13:19:17.521+0000: [ParNew: 16388K->4K(18432K), 0.0029892 secs] 602765K->586381K(896640K), 0.0030489 secs] [Times: user=0.01 sys=0.00, real=0.00 secs] 
2020-10-29T13:19:17.539+0000: [GC (Allocation Failure) 2020-10-29T13:19:17.539+0000: [ParNew: 16388K->4K(18432K), 0.0030049 secs] 602765K->586381K(896640K), 0.0030634 secs] [Times: user=0.00 sys=0.00, real=0.00 secs] 
2020-10-29T13:19:17.557+0000: [GC (Allocation Failure) 2020-10-29T13:19:17.557+0000: [ParNew: 16388K->4K(18432K), 0.0030320 secs] 602765K->586381K(896640K), 0.0030952 secs] [Times: user=0.00 sys=0.01, real=0.00 secs] 
2020-10-29T13:19:17.577+0000: [GC (Allocation Failure) 2020-10-29T13:19:17.577+0000: [ParNew: 16388K->4K(18432K), 0.0030360 secs] 602765K->586381K(896640K), 0.0030965 secs] [Times: user=0.00 sys=0.00, real=0.00 secs] 
2020-10-29T13:19:17.597+0000: [GC (Allocation Failure) 2020-10-29T13:19:17.597+0000: [ParNew: 16388K->4K(18432K), 0.0030058 secs] 602765K->586381K(896640K), 0.0030659 secs] [Times: user=0.00 sys=0.00, real=0.00 secs] 
2020-10-29T13:19:17.615+0000: [GC (Allocation Failure) 2020-10-29T13:19:17.615+0000: [ParNew: 16388K->4K(18432K), 0.0030816 secs] 602765K->586381K(896640K), 0.0031437 secs] [Times: user=0.01 sys=0.00, real=0.00 secs] 
2020-10-29T13:19:17.633+0000: [GC (Allocation Failure) 2020-10-29T13:19:17.633+0000: [ParNew: 16388K->4K(18432K), 0.0030462 secs] 602765K->586381K(896640K), 0.0031089 secs] [Times: user=0.00 sys=0.00, real=0.00 secs] 
2020-10-29T13:19:17.653+0000: [GC (Allocation Failure) 2020-10-29T13:19:17.653+0000: [ParNew: 16388K->4K(18432K), 0.0029782 secs] 602765K->586381K(896640K), 0.0030374 secs] [Times: user=0.01 sys=0.00, real=0.00 secs] 
2020-10-29T13:19:17.671+0000: [GC (Allocation Failure) 2020-10-29T13:19:17.671+0000: [ParNew: 16388K->4K(18432K), 0.0030078 secs] 602765K->586381K(896640K), 0.0030675 secs] [Times: user=0.01 sys=0.00, real=0.01 secs] 
2020-10-29T13:19:17.693+0000: [GC (Allocation Failure) 2020-10-29T13:19:17.693+0000: [ParNew: 16388K->4K(18432K), 0.0029981 secs] 602765K->586381K(896640K), 0.0030608 secs] [Times: user=0.01 sys=0.00, real=0.00 secs] 
2020-10-29T13:19:17.711+0000: [GC (Allocation Failure) 2020-10-29T13:19:17.711+0000: [ParNew: 16388K->4K(18432K), 0.0030427 secs] 602765K->586381K(896640K), 0.0031037 secs] [Times: user=0.00 sys=0.00, real=0.01 secs] 
2020-10-29T13:19:17.729+0000: [GC (Allocation Failure) 2020-10-29T13:19:17.729+0000: [ParNew: 16388K->4K(18432K), 0.0030353 secs] 602765K->586381K(896640K), 0.0031063 secs] [Times: user=0.00 sys=0.00, real=0.01 secs] 
2020-10-29T13:19:17.748+0000: [GC (Allocation Failure) 2020-10-29T13:19:17.748+0000: [ParNew: 16388K->4K(18432K), 0.0029833 secs] 602765K->586381K(896640K), 0.0030506 secs] [Times: user=0.01 sys=0.00, real=0.00 secs] 
2020-10-29T13:19:17.766+0000: [GC (Allocation Failure) 2020-10-29T13:19:17.766+0000: [ParNew: 16388K->4K(18432K), 0.0030364 secs] 602765K->586381K(896640K), 0.0030972 secs] [Times: user=0.00 sys=0.00, real=0.00 secs] 
2020-10-29T13:19:17.788+0000: [GC (Allocation Failure) 2020-10-29T13:19:17.788+0000: [ParNew: 16388K->4K(18432K), 0.0030025 secs] 602765K->586381K(896640K), 0.0030770 secs] [Times: user=0.01 sys=0.01, real=0.00 secs] 
2020-10-29T13:19:17.809+0000: [GC (Allocation Failure) 2020-10-29T13:19:17.809+0000: [ParNew: 16388K->4K(18432K), 0.0029784 secs] 602765K->586381K(896640K), 0.0030381 secs] [Times: user=0.01 sys=0.00, real=0.00 secs] 
2020-10-29T13:19:17.829+0000: [GC (Allocation Failure) 2020-10-29T13:19:17.829+0000: [ParNew: 16388K->4K(18432K), 0.0030038 secs] 602765K->586381K(896640K), 0.0030653 secs] [Times: user=0.01 sys=0.00, real=0.00 secs] 
2020-10-29T13:19:17.847+0000: [GC (Allocation Failure) 2020-10-29T13:19:17.847+0000: [ParNew: 16388K->4K(18432K), 0.0030134 secs] 602765K->586381K(896640K), 0.0030762 secs] [Times: user=0.00 sys=0.00, real=0.00 secs] 
2020-10-29T13:19:17.869+0000: [GC (Allocation Failure) 2020-10-29T13:19:17.869+0000: [ParNew: 16388K->4K(18432K), 0.0029773 secs] 602765K->586381K(896640K), 0.0030371 secs] [Times: user=0.01 sys=0.00, real=0.00 secs] 
2020-10-29T13:19:17.887+0000: [GC (Allocation Failure) 2020-10-29T13:19:17.887+0000: [ParNew: 16388K->4K(18432K), 0.0030029 secs] 602765K->586381K(896640K), 0.0030630 secs] [Times: user=0.01 sys=0.00, real=0.00 secs] 
2020-10-29T13:19:17.905+0000: [GC (Allocation Failure) 2020-10-29T13:19:17.905+0000: [ParNew: 16388K->4K(18432K), 0.0029576 secs] 602765K->586381K(896640K), 0.0030152 secs] [Times: user=0.00 sys=0.00, real=0.00 secs] 
2020-10-29T13:19:17.923+0000: [GC (Allocation Failure) 2020-10-29T13:19:17.923+0000: [ParNew: 16388K->4K(18432K), 0.0030278 secs] 602765K->586381K(896640K), 0.0030878 secs] [Times: user=0.01 sys=0.00, real=0.01 secs] 
2020-10-29T13:19:17.942+0000: [GC (Allocation Failure) 2020-10-29T13:19:17.942+0000: [ParNew: 16388K->4K(18432K), 0.0030258 secs] 602765K->586381K(896640K), 0.0030880 secs] [Times: user=0.00 sys=0.00, real=0.01 secs] 
2020-10-29T13:19:17.964+0000: [GC (Allocation Failure) 2020-10-29T13:19:17.964+0000: [ParNew: 16388K->4K(18432K), 0.0029949 secs] 602765K->586381K(896640K), 0.0030560 secs] [Times: user=0.00 sys=0.00, real=0.01 secs] 
2020-10-29T13:19:17.985+0000: [GC (Allocation Failure) 2020-10-29T13:19:17.985+0000: [ParNew: 16388K->4K(18432K), 0.0030285 secs] 602765K->586381K(896640K), 0.0030873 secs] [Times: user=0.00 sys=0.00, real=0.00 secs] 
2020-10-29T13:19:18.005+0000: [GC (Allocation Failure) 2020-10-29T13:19:18.005+0000: [ParNew: 16388K->4K(18432K), 0.0029941 secs] 602765K->586381K(896640K), 0.0030526 secs] [Times: user=0.01 sys=0.00, real=0.00 secs] 
2020-10-29T13:19:18.024+0000: [GC (Allocation Failure) 2020-10-29T13:19:18.024+0000: [ParNew: 16388K->4K(18432K), 0.0030090 secs] 602765K->586381K(896640K), 0.0030657 secs] [Times: user=0.00 sys=0.00, real=0.01 secs] 
2020-10-29T13:19:18.042+0000: [GC (Allocation Failure) 2020-10-29T13:19:18.042+0000: [ParNew: 16388K->4K(18432K), 0.0030088 secs] 602765K->586381K(896640K), 0.0030662 secs] [Times: user=0.00 sys=0.00, real=0.01 secs] 
2020-10-29T13:19:18.064+0000: [GC (Allocation Failure) 2020-10-29T13:19:18.064+0000: [ParNew: 16388K->4K(18432K), 0.0029900 secs] 602765K->586381K(896640K), 0.0030491 secs] [Times: user=0.00 sys=0.00, real=0.00 secs] 
2020-10-29T13:19:18.083+0000: [GC (Allocation Failure) 2020-10-29T13:19:18.083+0000: [ParNew: 16388K->4K(18432K), 0.0030221 secs] 602765K->586381K(896640K), 0.0030823 secs] [Times: user=0.01 sys=0.00, real=0.01 secs] 
2020-10-29T13:19:18.105+0000: [GC (Allocation Failure) 2020-10-29T13:19:18.105+0000: [ParNew: 16388K->4K(18432K), 0.0029885 secs] 602765K->586381K(896640K), 0.0030474 secs] [Times: user=0.01 sys=0.00, real=0.00 secs] 
2020-10-29T13:19:18.123+0000: [GC (Allocation Failure) 2020-10-29T13:19:18.123+0000: [ParNew: 16388K->4K(18432K), 0.0030327 secs] 602765K->586381K(896640K), 0.0031034 secs] [Times: user=0.00 sys=0.00, real=0.01 secs] 
2020-10-29T13:19:18.141+0000: [GC (Allocation Failure) 2020-10-29T13:19:18.141+0000: [ParNew: 16388K->4K(18432K), 0.0029774 secs] 602765K->586381K(896640K), 0.0030354 secs] [Times: user=0.01 sys=0.00, real=0.00 secs] 
2020-10-29T13:19:18.159+0000: [GC (Allocation Failure) 2020-10-29T13:19:18.159+0000: [ParNew: 16388K->4K(18432K), 0.0030704 secs] 602765K->586381K(896640K), 0.0031305 secs] [Times: user=0.00 sys=0.00, real=0.00 secs] 
2020-10-29T13:19:18.181+0000: [GC (Allocation Failure) 2020-10-29T13:19:18.181+0000: [ParNew: 16388K->4K(18432K), 0.0030101 secs] 602765K->586381K(896640K), 0.0030724 secs] [Times: user=0.00 sys=0.00, real=0.00 secs] 
2020-10-29T13:19:18.201+0000: [GC (Allocation Failure) 2020-10-29T13:19:18.201+0000: [ParNew: 16388K->4K(18432K), 0.0029861 secs] 602765K->586381K(896640K), 0.0030455 secs] [Times: user=0.01 sys=0.00, real=0.00 secs] 
2020-10-29T13:19:18.219+0000: [GC (Allocation Failure) 2020-10-29T13:19:18.219+0000: [ParNew: 16388K->4K(18432K), 0.0030271 secs] 602765K->586381K(896640K), 0.0030880 secs] [Times: user=0.00 sys=0.00, real=0.00 secs] 
2020-10-29T13:19:18.241+0000: [GC (Allocation Failure) 2020-10-29T13:19:18.241+0000: [ParNew: 16388K->4K(18432K), 0.0029707 secs] 602765K->586381K(896640K), 0.0030315 secs] [Times: user=0.00 sys=0.00, real=0.00 secs] 
2020-10-29T13:19:18.266+0000: [GC (Allocation Failure) 2020-10-29T13:19:18.266+0000: [ParNew: 16388K->4K(18432K), 0.0030015 secs] 602765K->586381K(896640K), 0.0030604 secs] [Times: user=0.00 sys=0.00, real=0.00 secs] 
2020-10-29T13:19:18.301+0000: [GC (Allocation Failure) 2020-10-29T13:19:18.301+0000: [ParNew: 16388K->4K(18432K), 0.0029836 secs] 602765K->586381K(896640K), 0.0030435 secs] [Times: user=0.01 sys=0.00, real=0.00 secs] 
2020-10-29T13:19:18.333+0000: [GC (Allocation Failure) 2020-10-29T13:19:18.333+0000: [ParNew: 16388K->4K(18432K), 0.0029951 secs] 602765K->586381K(896640K), 0.0030563 secs] [Times: user=0.01 sys=0.00, real=0.00 secs] 
2020-10-29T13:19:18.364+0000: [GC (Allocation Failure) 2020-10-29T13:19:18.364+0000: [ParNew: 16388K->4K(18432K), 0.0030222 secs] 602765K->586381K(896640K), 0.0030832 secs] [Times: user=0.01 sys=0.00, real=0.01 secs] 
2020-10-29T13:19:18.396+0000: [GC (Allocation Failure) 2020-10-29T13:19:18.396+0000: [ParNew: 16388K->4K(18432K), 0.0030755 secs] 602765K->586381K(896640K), 0.0031346 secs] [Times: user=0.00 sys=0.00, real=0.00 secs] 
2020-10-29T13:19:18.429+0000: [GC (Allocation Failure) 2020-10-29T13:19:18.429+0000: [ParNew: 16388K->4K(18432K), 0.0029893 secs] 602765K->586381K(896640K), 0.0030490 secs] [Times: user=0.01 sys=0.00, real=0.00 secs] 
2020-10-29T13:19:18.461+0000: [GC (Allocation Failure) 2020-10-29T13:19:18.461+0000: [ParNew: 16388K->4K(18432K), 0.0029953 secs] 602765K->586383K(896640K), 0.0030551 secs] [Times: user=0.00 sys=0.00, real=0.00 secs] 
2020-10-29T13:19:18.496+0000: [GC (Allocation Failure) 2020-10-29T13:19:18.496+0000: [ParNew: 16388K->4K(18432K), 0.0029945 secs] 602767K->586383K(896640K), 0.0030672 secs] [Times: user=0.00 sys=0.01, real=0.00 secs] 
2020-10-29T13:19:18.528+0000: [GC (Allocation Failure) 2020-10-29T13:19:18.528+0000: [ParNew: 16388K->4K(18432K), 0.0029918 secs] 602767K->586383K(896640K), 0.0030544 secs] [Times: user=0.01 sys=0.00, real=0.00 secs] 
2020-10-29T13:19:18.576+0000: [GC (Allocation Failure) 2020-10-29T13:19:18.576+0000: [ParNew: 16388K->4K(18432K), 0.0030007 secs] 602767K->586383K(896640K), 0.0030603 secs] [Times: user=0.01 sys=0.00, real=0.00 secs] 
2020-10-29T13:19:19.100+0000: [GC (Allocation Failure) 2020-10-29T13:19:19.100+0000: [ParNew: 16388K->4K(18432K), 0.0029701 secs] 602767K->586383K(896640K), 0.0030509 secs] [Times: user=0.01 sys=0.01, real=0.00 secs] 
2020-10-29T13:19:19.272+0000: [GC (Allocation Failure) 2020-10-29T13:19:19.272+0000: [ParNew: 16388K->4K(18432K), 0.0030090 secs] 602767K->586383K(896640K), 0.0030734 secs] [Times: user=0.01 sys=0.00, real=0.01 secs] 
2020-10-29T13:19:19.386+0000: [GC (Allocation Failure) 2020-10-29T13:19:19.386+0000: [ParNew: 16388K->4K(18432K), 0.0030180 secs] 602767K->586383K(896640K), 0.0030788 secs] [Times: user=0.00 sys=0.00, real=0.00 secs] 
2020-10-29T13:19:19.531+0000: [GC (Allocation Failure) 2020-10-29T13:19:19.531+0000: [ParNew: 16388K->6K(18432K), 0.0030645 secs] 602767K->586385K(896640K), 0.0031282 secs] [Times: user=0.01 sys=0.00, real=0.01 secs] 
2020-10-29T13:19:19.587+0000: [GC (Allocation Failure) 2020-10-29T13:19:19.587+0000: [ParNew: 16390K->6K(18432K), 0.0030167 secs] 602769K->586385K(896640K), 0.0030770 secs] [Times: user=0.01 sys=0.00, real=0.00 secs] 
2020-10-29T13:19:20.783+0000: [GC (Allocation Failure) 2020-10-29T13:19:20.783+0000: [ParNew: 16390K->127K(18432K), 0.0034459 secs] 602769K->586507K(896640K), 0.0035005 secs] [Times: user=0.01 sys=0.00, real=0.01 secs] 
2020-10-29T13:19:21.078+0000: [GC (Allocation Failure) 2020-10-29T13:19:21.078+0000: [ParNew: 16511K->2027K(18432K), 0.0057051 secs] 619275K->604791K(896640K), 0.0057848 secs] [Times: user=0.01 sys=0.00, real=0.00 secs] 
2020-10-29T13:19:21.102+0000: [GC (Allocation Failure) 2020-10-29T13:19:21.102+0000: [ParNew: 18411K->584K(18432K), 0.0080699 secs] 621175K->605073K(896640K), 0.0081336 secs] [Times: user=0.02 sys=0.00, real=0.01 secs] 
2020-10-29T13:19:21.127+0000: [GC (Allocation Failure) 2020-10-29T13:19:21.127+0000: [ParNew: 16968K->1266K(18432K), 0.0031338 secs] 621457K->605755K(896640K), 0.0031928 secs] [Times: user=0.00 sys=0.00, real=0.00 secs] 
2020-10-29T13:19:21.146+0000: [GC (Allocation Failure) 2020-10-29T13:19:21.146+0000: [ParNew: 17650K->60K(18432K), 0.0031490 secs] 622139K->605062K(896640K), 0.0032111 secs] [Times: user=0.01 sys=0.00, real=0.00 secs] 
2020-10-29T13:19:21.166+0000: [GC (Allocation Failure) 2020-10-29T13:19:21.166+0000: [ParNew: 16444K->15K(18432K), 0.0030693 secs] 621446K->605016K(896640K), 0.0031290 secs] [Times: user=0.01 sys=0.00, real=0.00 secs] 
2020-10-29T13:19:21.186+0000: [GC (Allocation Failure) 2020-10-29T13:19:21.186+0000: [ParNew: 16399K->4K(18432K), 0.0030339 secs] 621400K->605005K(896640K), 0.0030923 secs] [Times: user=0.01 sys=0.00, real=0.00 secs] 
2020-10-29T13:19:21.206+0000: [GC (Allocation Failure) 2020-10-29T13:19:21.206+0000: [ParNew: 16388K->4K(18432K), 0.0029991 secs] 621389K->605005K(896640K), 0.0030569 secs] [Times: user=0.00 sys=0.00, real=0.00 secs] 
2020-10-29T13:19:21.225+0000: [GC (Allocation Failure) 2020-10-29T13:19:21.225+0000: [ParNew: 16388K->4K(18432K), 0.0028566 secs] 621389K->605005K(896640K), 0.0029084 secs] [Times: user=0.01 sys=0.00, real=0.00 secs] 
2020-10-29T13:19:21.245+0000: [GC (Allocation Failure) 2020-10-29T13:19:21.245+0000: [ParNew: 16388K->4K(18432K), 0.0030174 secs] 621389K->605005K(896640K), 0.0030769 secs] [Times: user=0.01 sys=0.00, real=0.00 secs] 
2020-10-29T13:19:21.264+0000: [GC (Allocation Failure) 2020-10-29T13:19:21.264+0000: [ParNew: 16388K->4K(18432K), 0.0030401 secs] 621389K->605005K(896640K), 0.0031063 secs] [Times: user=0.00 sys=0.00, real=0.00 secs] 
2020-10-29T13:19:21.284+0000: [GC (Allocation Failure) 2020-10-29T13:19:21.284+0000: [ParNew: 16388K->4K(18432K), 0.0030155 secs] 621389K->605005K(896640K), 0.0030767 secs] [Times: user=0.00 sys=0.00, real=0.01 secs] 
2020-10-29T13:19:21.304+0000: [GC (Allocation Failure) 2020-10-29T13:19:21.304+0000: [ParNew: 16388K->4K(18432K), 0.0030296 secs] 621389K->605005K(896640K), 0.0030903 secs] [Times: user=0.00 sys=0.00, real=0.01 secs] 
2020-10-29T13:19:21.323+0000: [GC (Allocation Failure) 2020-10-29T13:19:21.323+0000: [ParNew: 16388K->4K(18432K), 0.0030872 secs] 621389K->605005K(896640K), 0.0031513 secs] [Times: user=0.01 sys=0.00, real=0.01 secs] 
2020-10-29T13:19:21.343+0000: [GC (Allocation Failure) 2020-10-29T13:19:21.343+0000: [ParNew: 16388K->4K(18432K), 0.0030969 secs] 621389K->605005K(896640K), 0.0031589 secs] [Times: user=0.01 sys=0.00, real=0.01 secs] 
2020-10-29T13:19:21.363+0000: [GC (Allocation Failure) 2020-10-29T13:19:21.363+0000: [ParNew: 16388K->4K(18432K), 0.0030181 secs] 621389K->605005K(896640K), 0.0030711 secs] [Times: user=0.01 sys=0.00, real=0.01 secs] 
2020-10-29T13:19:21.383+0000: [GC (Allocation Failure) 2020-10-29T13:19:21.383+0000: [ParNew: 16388K->4K(18432K), 0.0030454 secs] 621389K->605005K(896640K), 0.0031067 secs] [Times: user=0.00 sys=0.00, real=0.01 secs] 
2020-10-29T13:19:21.403+0000: [GC (Allocation Failure) 2020-10-29T13:19:21.403+0000: [ParNew: 16388K->4K(18432K), 0.0030605 secs] 621389K->605005K(896640K), 0.0031233 secs] [Times: user=0.01 sys=0.00, real=0.01 secs] 
2020-10-29T13:19:21.422+0000: [GC (Allocation Failure) 2020-10-29T13:19:21.422+0000: [ParNew: 16388K->4K(18432K), 0.0030025 secs] 621389K->605005K(896640K), 0.0030638 secs] [Times: user=0.01 sys=0.00, real=0.01 secs] 
2020-10-29T13:19:21.442+0000: [GC (Allocation Failure) 2020-10-29T13:19:21.442+0000: [ParNew: 16388K->4K(18432K), 0.0030305 secs] 621389K->605005K(896640K), 0.0030930 secs] [Times: user=0.00 sys=0.00, real=0.01 secs] 
2020-10-29T13:19:21.461+0000: [GC (Allocation Failure) 2020-10-29T13:19:21.461+0000: [ParNew: 16388K->4K(18432K), 0.0029102 secs] 621389K->605005K(896640K), 0.0029660 secs] [Times: user=0.00 sys=0.00, real=0.01 secs] 
2020-10-29T13:19:21.481+0000: [GC (Allocation Failure) 2020-10-29T13:19:21.481+0000: [ParNew: 16388K->4K(18432K), 0.0029532 secs] 621389K->605005K(896640K), 0.0030122 secs] [Times: user=0.01 sys=0.00, real=0.00 secs] 
2020-10-29T13:19:21.500+0000: [GC (Allocation Failure) 2020-10-29T13:19:21.500+0000: [ParNew: 16388K->4K(18432K), 0.0031249 secs] 621389K->605005K(896640K), 0.0032073 secs] [Times: user=0.00 sys=0.00, real=0.00 secs] 
2020-10-29T13:19:21.532+0000: [GC (Allocation Failure) 2020-10-29T13:19:21.532+0000: [ParNew: 16388K->276K(18432K), 0.0032802 secs] 621389K->605278K(896640K), 0.0033439 secs] [Times: user=0.00 sys=0.00, real=0.01 secs] 
2020-10-29T13:19:21.568+0000: [GC (Allocation Failure) 2020-10-29T13:19:21.568+0000: [ParNew: 16660K->235K(18432K), 0.0066055 secs] 621662K->605237K(896640K), 0.0066710 secs] [Times: user=0.01 sys=0.00, real=0.01 secs] 
2020-10-29T13:19:21.594+0000: [GC (Allocation Failure) 2020-10-29T13:19:21.594+0000: [ParNew: 16619K->373K(18432K), 0.0032214 secs] 621621K->605375K(896640K), 0.0032910 secs] [Times: user=0.01 sys=0.00, real=0.00 secs] 
2020-10-29T13:19:21.631+0000: [GC (Allocation Failure) 2020-10-29T13:19:21.631+0000: [ParNew: 16757K->745K(18432K), 0.0031830 secs] 621759K->605747K(896640K), 0.0032562 secs] [Times: user=0.01 sys=0.00, real=0.01 secs] 
2020-10-29T13:19:21.665+0000: [GC (Allocation Failure) 2020-10-29T13:19:21.665+0000: [ParNew: 17129K->749K(18432K), 0.0031620 secs] 622131K->605751K(896640K), 0.0032465 secs] [Times: user=0.00 sys=0.00, real=0.00 secs] 
2020-10-29T13:19:21.727+0000: [GC (Allocation Failure) 2020-10-29T13:19:21.727+0000: [ParNew: 17133K->513K(18432K), 0.0043113 secs] 622135K->605515K(896640K), 0.0043880 secs] [Times: user=0.01 sys=0.00, real=0.00 secs] 
2020-10-29T13:19:21.766+0000: [GC (Allocation Failure) 2020-10-29T13:19:21.766+0000: [ParNew: 16897K->580K(18432K), 0.0203547 secs] 621899K->605787K(896640K), 0.0204485 secs] [Times: user=0.00 sys=0.00, real=0.02 secs] 
2020-10-29T13:19:21.813+0000: [GC (Allocation Failure) 2020-10-29T13:19:21.813+0000: [ParNew: 16964K->534K(18432K), 0.0038720 secs] 622171K->605759K(896640K), 0.0039675 secs] [Times: user=0.00 sys=0.00, real=0.00 secs] 
2020-10-29T13:19:21.840+0000: [GC (Allocation Failure) 2020-10-29T13:19:21.840+0000: [ParNew: 16918K->1030K(18432K), 0.0031793 secs] 622143K->606255K(896640K), 0.0032425 secs] [Times: user=0.01 sys=0.00, real=0.00 secs] 
2020-10-29T13:19:21.859+0000: [GC (Allocation Failure) 2020-10-29T13:19:21.859+0000: [ParNew: 17414K->4K(18432K), 0.0030637 secs] 622639K->605229K(896640K), 0.0031262 secs] [Times: user=0.01 sys=0.00, real=0.00 secs] 
2020-10-29T13:19:21.877+0000: [GC (Allocation Failure) 2020-10-29T13:19:21.877+0000: [ParNew: 16388K->4K(18432K), 0.0041389 secs] 621613K->605229K(896640K), 0.0042359 secs] [Times: user=0.00 sys=0.00, real=0.00 secs] 
2020-10-29T13:19:21.910+0000: [GC (Allocation Failure) 2020-10-29T13:19:21.910+0000: [ParNew: 16388K->4K(18432K), 0.0030596 secs] 621613K->605229K(896640K), 0.0031424 secs] [Times: user=0.00 sys=0.00, real=0.01 secs] 
2020-10-29T13:19:21.940+0000: [GC (Allocation Failure) 2020-10-29T13:19:21.940+0000: [ParNew: 16388K->4K(18432K), 0.0030091 secs] 621613K->605229K(896640K), 0.0030944 secs] [Times: user=0.00 sys=0.00, real=0.00 secs] 
2020-10-29T13:19:21.965+0000: [GC (Allocation Failure) 2020-10-29T13:19:21.965+0000: [ParNew: 16388K->4K(18432K), 0.0029927 secs] 621613K->605229K(896640K), 0.0030765 secs] [Times: user=0.00 sys=0.00, real=0.00 secs] 
2020-10-29T13:19:21.992+0000: [GC (Allocation Failure) 2020-10-29T13:19:21.993+0000: [ParNew: 16388K->4K(18432K), 0.0031558 secs] 621613K->605229K(896640K), 0.0032370 secs] [Times: user=0.01 sys=0.00, real=0.00 secs] 
2020-10-29T13:19:22.017+0000: [GC (Allocation Failure) 2020-10-29T13:19:22.017+0000: [ParNew: 16388K->4K(18432K), 0.0030186 secs] 621613K->605229K(896640K), 0.0030999 secs] [Times: user=0.01 sys=0.00, real=0.00 secs] 
2020-10-29T13:19:22.038+0000: [GC (Allocation Failure) 2020-10-29T13:19:22.038+0000: [ParNew: 16388K->4K(18432K), 0.0031092 secs] 621613K->605229K(896640K), 0.0031795 secs] [Times: user=0.00 sys=0.00, real=0.00 secs] 
2020-10-29T13:19:22.057+0000: [GC (Allocation Failure) 2020-10-29T13:19:22.057+0000: [ParNew: 16388K->4K(18432K), 0.0030165 secs] 621613K->605229K(896640K), 0.0030782 secs] [Times: user=0.01 sys=0.00, real=0.00 secs] 
2020-10-29T13:19:22.080+0000: [GC (Allocation Failure) 2020-10-29T13:19:22.080+0000: [ParNew: 16388K->4K(18432K), 0.0040360 secs] 621613K->605229K(896640K), 0.0041046 secs] [Times: user=0.01 sys=0.00, real=0.00 secs] 
2020-10-29T13:19:22.100+0000: [GC (Allocation Failure) 2020-10-29T13:19:22.100+0000: [ParNew: 16388K->4K(18432K), 0.0031494 secs] 621613K->605229K(896640K), 0.0032117 secs] [Times: user=0.01 sys=0.00, real=0.00 secs] 
2020-10-29T13:19:22.119+0000: [GC (Allocation Failure) 2020-10-29T13:19:22.119+0000: [ParNew: 16388K->4K(18432K), 0.0030452 secs] 621613K->605229K(896640K), 0.0031056 secs] [Times: user=0.00 sys=0.00, real=0.00 secs] 
2020-10-29T13:19:22.137+0000: [GC (Allocation Failure) 2020-10-29T13:19:22.137+0000: [ParNew: 16388K->4K(18432K), 0.0030058 secs] 621613K->605229K(896640K), 0.0030696 secs] [Times: user=0.01 sys=0.00, real=0.00 secs] 
2020-10-29T13:19:22.157+0000: [GC (Allocation Failure) 2020-10-29T13:19:22.157+0000: [ParNew: 16388K->4K(18432K), 0.0030175 secs] 621613K->605229K(896640K), 0.0030802 secs] [Times: user=0.01 sys=0.00, real=0.00 secs] 
2020-10-29T13:19:22.177+0000: [GC (Allocation Failure) 2020-10-29T13:19:22.177+0000: [ParNew: 16388K->4K(18432K), 0.0030288 secs] 621613K->605229K(896640K), 0.0030907 secs] [Times: user=0.01 sys=0.00, real=0.00 secs] 
2020-10-29T13:19:22.197+0000: [GC (Allocation Failure) 2020-10-29T13:19:22.197+0000: [ParNew: 16388K->4K(18432K), 0.0030064 secs] 621613K->605229K(896640K), 0.0030684 secs] [Times: user=0.01 sys=0.00, real=0.00 secs] 
2020-10-29T13:19:22.217+0000: [GC (Allocation Failure) 2020-10-29T13:19:22.217+0000: [ParNew: 16388K->4K(18432K), 0.0030014 secs] 621613K->605229K(896640K), 0.0030643 secs] [Times: user=0.01 sys=0.00, real=0.00 secs] 
2020-10-29T13:19:22.235+0000: [GC (Allocation Failure) 2020-10-29T13:19:22.235+0000: [ParNew: 16381K->4K(18432K), 0.0030081 secs] 621606K->605229K(896640K), 0.0030692 secs] [Times: user=0.01 sys=0.00, real=0.00 secs] 
2020-10-29T13:19:22.257+0000: [GC (Allocation Failure) 2020-10-29T13:19:22.257+0000: [ParNew: 16388K->4K(18432K), 0.0029739 secs] 621613K->605229K(896640K), 0.0030323 secs] [Times: user=0.01 sys=0.00, real=0.00 secs] 
2020-10-29T13:19:22.275+0000: [GC (Allocation Failure) 2020-10-29T13:19:22.275+0000: [ParNew: 16388K->4K(18432K), 0.0030411 secs] 621613K->605229K(896640K), 0.0031039 secs] [Times: user=0.01 sys=0.00, real=0.00 secs] 
2020-10-29T13:19:22.293+0000: [GC (Allocation Failure) 2020-10-29T13:19:22.293+0000: [ParNew: 16388K->4K(18432K), 0.0029953 secs] 621613K->605229K(896640K), 0.0030540 secs] [Times: user=0.00 sys=0.00, real=0.00 secs] 
2020-10-29T13:19:22.312+0000: [GC (Allocation Failure) 2020-10-29T13:19:22.312+0000: [ParNew: 16388K->4K(18432K), 0.0029585 secs] 621613K->605229K(896640K), 0.0030176 secs] [Times: user=0.00 sys=0.00, real=0.01 secs] 
2020-10-29T13:19:22.330+0000: [GC (Allocation Failure) 2020-10-29T13:19:22.330+0000: [ParNew: 16388K->4K(18432K), 0.0029674 secs] 621613K->605229K(896640K), 0.0030271 secs] [Times: user=0.00 sys=0.00, real=0.01 secs] 
2020-10-29T13:19:22.348+0000: [GC (Allocation Failure) 2020-10-29T13:19:22.348+0000: [ParNew: 16388K->4K(18432K), 0.0029623 secs] 621613K->605229K(896640K), 0.0030277 secs] [Times: user=0.01 sys=0.00, real=0.00 secs] 
2020-10-29T13:19:22.369+0000: [GC (Allocation Failure) 2020-10-29T13:19:22.369+0000: [ParNew: 16388K->4K(18432K), 0.0030551 secs] 621613K->605229K(896640K), 0.0031151 secs] [Times: user=0.01 sys=0.00, real=0.00 secs] 
2020-10-29T13:19:22.387+0000: [GC (Allocation Failure) 2020-10-29T13:19:22.387+0000: [ParNew: 16388K->4K(18432K), 0.0030113 secs] 621613K->605230K(896640K), 0.0030725 secs] [Times: user=0.00 sys=0.00, real=0.00 secs] 
2020-10-29T13:19:22.409+0000: [GC (Allocation Failure) 2020-10-29T13:19:22.409+0000: [ParNew: 16388K->4K(18432K), 0.0029750 secs] 621614K->605230K(896640K), 0.0030344 secs] [Times: user=0.01 sys=0.00, real=0.00 secs] 
2020-10-29T13:19:22.427+0000: [GC (Allocation Failure) 2020-10-29T13:19:22.427+0000: [ParNew: 16388K->4K(18432K), 0.0029930 secs] 621614K->605230K(896640K), 0.0030586 secs] [Times: user=0.00 sys=0.00, real=0.00 secs] 
2020-10-29T13:19:22.449+0000: [GC (Allocation Failure) 2020-10-29T13:19:22.449+0000: [ParNew: 16388K->4K(18432K), 0.0030125 secs] 621614K->605230K(896640K), 0.0030752 secs] [Times: user=0.01 sys=0.00, real=0.00 secs] 
2020-10-29T13:19:22.467+0000: [GC (Allocation Failure) 2020-10-29T13:19:22.467+0000: [ParNew: 16388K->4K(18432K), 0.0030232 secs] 621614K->605230K(896640K), 0.0030944 secs] [Times: user=0.01 sys=0.00, real=0.00 secs] 
2020-10-29T13:19:22.489+0000: [GC (Allocation Failure) 2020-10-29T13:19:22.489+0000: [ParNew: 16388K->4K(18432K), 0.0030212 secs] 621614K->605230K(896640K), 0.0030831 secs] [Times: user=0.01 sys=0.00, real=0.00 secs] 
2020-10-29T13:19:22.509+0000: [GC (Allocation Failure) 2020-10-29T13:19:22.509+0000: [ParNew: 16388K->4K(18432K), 0.0029535 secs] 621614K->605230K(896640K), 0.0030122 secs] [Times: user=0.01 sys=0.00, real=0.00 secs] 
2020-10-29T13:19:22.529+0000: [GC (Allocation Failure) 2020-10-29T13:19:22.529+0000: [ParNew: 16388K->4K(18432K), 0.0030232 secs] 621614K->605230K(896640K), 0.0030849 secs] [Times: user=0.00 sys=0.00, real=0.00 secs] 
2020-10-29T13:19:22.549+0000: [GC (Allocation Failure) 2020-10-29T13:19:22.549+0000: [ParNew: 16388K->4K(18432K), 0.0030087 secs] 621614K->605230K(896640K), 0.0030706 secs] [Times: user=0.00 sys=0.00, real=0.00 secs] 
2020-10-29T13:19:22.569+0000: [GC (Allocation Failure) 2020-10-29T13:19:22.569+0000: [ParNew: 16388K->4K(18432K), 0.0030320 secs] 621614K->605230K(896640K), 0.0030919 secs] [Times: user=0.01 sys=0.00, real=0.00 secs] 
2020-10-29T13:19:22.587+0000: [GC (Allocation Failure) 2020-10-29T13:19:22.587+0000: [ParNew: 16388K->4K(18432K), 0.0029921 secs] 621614K->605230K(896640K), 0.0030490 secs] [Times: user=0.00 sys=0.00, real=0.00 secs] 
2020-10-29T13:19:22.609+0000: [GC (Allocation Failure) 2020-10-29T13:19:22.609+0000: [ParNew: 16388K->4K(18432K), 0.0029820 secs] 621614K->605230K(896640K), 0.0030445 secs] [Times: user=0.00 sys=0.00, real=0.00 secs] 
2020-10-29T13:19:22.627+0000: [GC (Allocation Failure) 2020-10-29T13:19:22.627+0000: [ParNew: 16388K->4K(18432K), 0.0030442 secs] 621614K->605230K(896640K), 0.0031066 secs] [Times: user=0.01 sys=0.00, real=0.00 secs] 
2020-10-29T13:19:22.646+0000: [GC (Allocation Failure) 2020-10-29T13:19:22.646+0000: [ParNew: 16388K->4K(18432K), 0.0029620 secs] 621614K->605230K(896640K), 0.0030327 secs] [Times: user=0.01 sys=0.00, real=0.00 secs] 
2020-10-29T13:19:22.668+0000: [GC (Allocation Failure) 2020-10-29T13:19:22.668+0000: [ParNew: 16388K->4K(18432K), 0.0029866 secs] 621614K->605230K(896640K), 0.0030457 secs] [Times: user=0.01 sys=0.00, real=0.00 secs] 
2020-10-29T13:19:22.689+0000: [GC (Allocation Failure) 2020-10-29T13:19:22.689+0000: [ParNew: 16388K->4K(18432K), 0.0029444 secs] 621614K->605230K(896640K), 0.0030037 secs] [Times: user=0.00 sys=0.00, real=0.00 secs] 
2020-10-29T13:19:22.707+0000: [GC (Allocation Failure) 2020-10-29T13:19:22.707+0000: [ParNew: 16388K->4K(18432K), 0.0030851 secs] 621614K->605230K(896640K), 0.0031504 secs] [Times: user=0.01 sys=0.00, real=0.00 secs] 
2020-10-29T13:19:22.725+0000: [GC (Allocation Failure) 2020-10-29T13:19:22.725+0000: [ParNew: 16388K->4K(18432K), 0.0030171 secs] 621614K->605230K(896640K), 0.0030786 secs] [Times: user=0.00 sys=0.00, real=0.00 secs] 
2020-10-29T13:19:22.744+0000: [GC (Allocation Failure) 2020-10-29T13:19:22.744+0000: [ParNew: 16388K->4K(18432K), 0.0030499 secs] 621614K->605230K(896640K), 0.0031091 secs] [Times: user=0.01 sys=0.00, real=0.01 secs] 
2020-10-29T13:19:22.762+0000: [GC (Allocation Failure) 2020-10-29T13:19:22.762+0000: [ParNew: 16388K->4K(18432K), 0.0029922 secs] 621614K->605230K(896640K), 0.0030526 secs] [Times: user=0.00 sys=0.00, real=0.01 secs] 
2020-10-29T13:19:22.785+0000: [GC (Allocation Failure) 2020-10-29T13:19:22.785+0000: [ParNew: 16388K->4K(18432K), 0.0029499 secs] 621614K->605230K(896640K), 0.0030096 secs] [Times: user=0.00 sys=0.00, real=0.00 secs] 
2020-10-29T13:19:22.803+0000: [GC (Allocation Failure) 2020-10-29T13:19:22.803+0000: [ParNew: 16388K->4K(18432K), 0.0030153 secs] 621614K->605230K(896640K), 0.0030733 secs] [Times: user=0.01 sys=0.00, real=0.01 secs] 
2020-10-29T13:19:22.821+0000: [GC (Allocation Failure) 2020-10-29T13:19:22.821+0000: [ParNew: 16388K->4K(18432K), 0.0029844 secs] 621614K->605230K(896640K), 0.0030446 secs] [Times: user=0.01 sys=0.00, real=0.01 secs] 
2020-10-29T13:19:22.841+0000: [GC (Allocation Failure) 2020-10-29T13:19:22.841+0000: [ParNew: 16388K->4K(18432K), 0.0030749 secs] 621614K->605230K(896640K), 0.0031390 secs] [Times: user=0.00 sys=0.00, real=0.00 secs] 
2020-10-29T13:19:22.859+0000: [GC (Allocation Failure) 2020-10-29T13:19:22.859+0000: [ParNew: 16388K->4K(18432K), 0.0030089 secs] 621614K->605230K(896640K), 0.0030697 secs] [Times: user=0.00 sys=0.00, real=0.00 secs] 
2020-10-29T13:19:22.877+0000: [GC (Allocation Failure) 2020-10-29T13:19:22.877+0000: [ParNew: 16388K->4K(18432K), 0.0030156 secs] 621614K->605230K(896640K), 0.0030781 secs] [Times: user=0.01 sys=0.00, real=0.00 secs] 
2020-10-29T13:19:22.897+0000: [GC (Allocation Failure) 2020-10-29T13:19:22.897+0000: [ParNew: 16388K->4K(18432K), 0.0029727 secs] 621614K->605230K(896640K), 0.0030312 secs] [Times: user=0.00 sys=0.00, real=0.00 secs] 
2020-10-29T13:19:22.915+0000: [GC (Allocation Failure) 2020-10-29T13:19:22.915+0000: [ParNew: 16388K->4K(18432K), 0.0029791 secs] 621614K->605230K(896640K), 0.0030401 secs] [Times: user=0.01 sys=0.00, real=0.00 secs] 
2020-10-29T13:19:22.937+0000: [GC (Allocation Failure) 2020-10-29T13:19:22.937+0000: [ParNew: 16388K->4K(18432K), 0.0029570 secs] 621614K->605230K(896640K), 0.0030155 secs] [Times: user=0.01 sys=0.00, real=0.00 secs] 
2020-10-29T13:19:22.955+0000: [GC (Allocation Failure) 2020-10-29T13:19:22.955+0000: [ParNew: 16388K->4K(18432K), 0.0030592 secs] 621614K->605230K(896640K), 0.0031381 secs] [Times: user=0.00 sys=0.00, real=0.00 secs] 
2020-10-29T13:19:22.974+0000: [GC (Allocation Failure) 2020-10-29T13:19:22.974+0000: [ParNew: 16388K->4K(18432K), 0.0031084 secs] 621614K->605230K(896640K), 0.0031701 secs] [Times: user=0.01 sys=0.00, real=0.00 secs] 
2020-10-29T13:19:22.993+0000: [GC (Allocation Failure) 2020-10-29T13:19:22.993+0000: [ParNew: 16388K->4K(18432K), 0.0029427 secs] 621614K->605230K(896640K), 0.0030020 secs] [Times: user=0.01 sys=0.00, real=0.00 secs] 
2020-10-29T13:19:23.015+0000: [GC (Allocation Failure) 2020-10-29T13:19:23.015+0000: [ParNew: 16388K->4K(18432K), 0.0030089 secs] 621614K->605230K(896640K), 0.0030732 secs] [Times: user=0.01 sys=0.00, real=0.00 secs] 
2020-10-29T13:19:23.037+0000: [GC (Allocation Failure) 2020-10-29T13:19:23.037+0000: [ParNew: 16388K->4K(18432K), 0.0029890 secs] 621614K->605230K(896640K), 0.0030490 secs] [Times: user=0.01 sys=0.00, real=0.00 secs] 
2020-10-29T13:19:23.057+0000: [GC (Allocation Failure) 2020-10-29T13:19:23.057+0000: [ParNew: 16388K->4K(18432K), 0.0030189 secs] 621614K->605230K(896640K), 0.0030799 secs] [Times: user=0.01 sys=0.00, real=0.00 secs] 
2020-10-29T13:19:23.077+0000: [GC (Allocation Failure) 2020-10-29T13:19:23.077+0000: [ParNew: 16388K->4K(18432K), 0.0033191 secs] 621614K->605230K(896640K), 0.0033775 secs] [Times: user=0.00 sys=0.00, real=0.00 secs] 
2020-10-29T13:19:23.095+0000: [GC (Allocation Failure) 2020-10-29T13:19:23.095+0000: [ParNew: 16388K->4K(18432K), 0.0030227 secs] 621614K->605230K(896640K), 0.0030847 secs] [Times: user=0.00 sys=0.00, real=0.00 secs] 
2020-10-29T13:19:23.114+0000: [GC (Allocation Failure) 2020-10-29T13:19:23.114+0000: [ParNew: 16388K->4K(18432K), 0.0030214 secs] 621614K->605230K(896640K), 0.0030922 secs] [Times: user=0.01 sys=0.00, real=0.00 secs] 
2020-10-29T13:19:23.132+0000: [GC (Allocation Failure) 2020-10-29T13:19:23.132+0000: [ParNew: 16388K->4K(18432K), 0.0030728 secs] 621614K->605230K(896640K), 0.0031498 secs] [Times: user=0.00 sys=0.01, real=0.01 secs] 
2020-10-29T13:19:23.151+0000: [GC (Allocation Failure) 2020-10-29T13:19:23.151+0000: [ParNew: 16388K->4K(18432K), 0.0030393 secs] 621614K->605230K(896640K), 0.0031017 secs] [Times: user=0.01 sys=0.00, real=0.01 secs] 
2020-10-29T13:19:23.173+0000: [GC (Allocation Failure) 2020-10-29T13:19:23.173+0000: [ParNew: 16388K->4K(18432K), 0.0030517 secs] 621614K->605230K(896640K), 0.0031161 secs] [Times: user=0.01 sys=0.00, real=0.00 secs] 
2020-10-29T13:19:23.193+0000: [GC (Allocation Failure) 2020-10-29T13:19:23.193+0000: [ParNew: 16388K->4K(18432K), 0.0029888 secs] 621614K->605230K(896640K), 0.0030497 secs] [Times: user=0.00 sys=0.00, real=0.00 secs] 
2020-10-29T13:19:23.211+0000: [GC (Allocation Failure) 2020-10-29T13:19:23.211+0000: [ParNew: 16388K->4K(18432K), 0.0029900 secs] 621614K->605230K(896640K), 0.0030522 secs] [Times: user=0.01 sys=0.00, real=0.01 secs] 
2020-10-29T13:19:23.237+0000: [GC (Allocation Failure) 2020-10-29T13:19:23.237+0000: [ParNew: 16388K->4K(18432K), 0.0030122 secs] 621614K->605230K(896640K), 0.0030760 secs] [Times: user=0.01 sys=0.00, real=0.00 secs] 
2020-10-29T13:19:23.255+0000: [GC (Allocation Failure) 2020-10-29T13:19:23.255+0000: [ParNew: 16388K->4K(18432K), 0.0030390 secs] 621614K->605230K(896640K), 0.0031166 secs] [Times: user=0.01 sys=0.00, real=0.00 secs] 
2020-10-29T13:19:23.274+0000: [GC (Allocation Failure) 2020-10-29T13:19:23.274+0000: [ParNew: 16388K->4K(18432K), 0.0030113 secs] 621614K->605230K(896640K), 0.0030755 secs] [Times: user=0.01 sys=0.00, real=0.00 secs] 
2020-10-29T13:19:23.296+0000: [GC (Allocation Failure) 2020-10-29T13:19:23.296+0000: [ParNew: 16388K->4K(18432K), 0.0029957 secs] 621614K->605230K(896640K), 0.0030690 secs] [Times: user=0.00 sys=0.00, real=0.00 secs] 
2020-10-29T13:19:23.317+0000: [GC (Allocation Failure) 2020-10-29T13:19:23.317+0000: [ParNew: 16388K->4K(18432K), 0.0030140 secs] 621614K->605230K(896640K), 0.0030762 secs] [Times: user=0.01 sys=0.00, real=0.00 secs] 
2020-10-29T13:19:23.335+0000: [GC (Allocation Failure) 2020-10-29T13:19:23.335+0000: [ParNew: 16388K->4K(18432K), 0.0030315 secs] 621614K->605230K(896640K), 0.0030942 secs] [Times: user=0.01 sys=0.00, real=0.00 secs] 
2020-10-29T13:19:23.357+0000: [GC (Allocation Failure) 2020-10-29T13:19:23.357+0000: [ParNew: 16388K->4K(18432K), 0.0030053 secs] 621614K->605230K(896640K), 0.0030577 secs] [Times: user=0.00 sys=0.00, real=0.00 secs] 
2020-10-29T13:19:23.377+0000: [GC (Allocation Failure) 2020-10-29T13:19:23.377+0000: [ParNew: 16388K->4K(18432K), 0.0030321 secs] 621614K->605230K(896640K), 0.0031062 secs] [Times: user=0.01 sys=0.00, real=0.00 secs] 
2020-10-29T13:19:23.395+0000: [GC (Allocation Failure) 2020-10-29T13:19:23.395+0000: [ParNew: 16388K->4K(18432K), 0.0030231 secs] 621614K->605230K(896640K), 0.0031046 secs] [Times: user=0.01 sys=0.00, real=0.00 secs] 
2020-10-29T13:19:23.415+0000: [GC (Allocation Failure) 2020-10-29T13:19:23.415+0000: [ParNew: 16388K->4K(18432K), 0.0030388 secs] 621614K->605230K(896640K), 0.0031019 secs] [Times: user=0.01 sys=0.00, real=0.00 secs] 
2020-10-29T13:19:23.433+0000: [GC (Allocation Failure) 2020-10-29T13:19:23.433+0000: [ParNew: 16388K->4K(18432K), 0.0030396 secs] 621614K->605230K(896640K), 0.0031030 secs] [Times: user=0.00 sys=0.00, real=0.00 secs] 
2020-10-29T13:19:23.452+0000: [GC (Allocation Failure) 2020-10-29T13:19:23.452+0000: [ParNew: 16388K->4K(18432K), 0.0030548 secs] 621614K->605230K(896640K), 0.0031175 secs] [Times: user=0.01 sys=0.00, real=0.01 secs] 
2020-10-29T13:19:23.470+0000: [GC (Allocation Failure) 2020-10-29T13:19:23.470+0000: [ParNew: 16388K->4K(18432K), 0.0030248 secs] 621614K->605230K(896640K), 0.0030875 secs] [Times: user=0.00 sys=0.00, real=0.01 secs] 
2020-10-29T13:19:23.488+0000: [GC (Allocation Failure) 2020-10-29T13:19:23.489+0000: [ParNew: 16388K->4K(18432K), 0.0029681 secs] 621614K->605230K(896640K), 0.0030278 secs] [Times: user=0.01 sys=0.00, real=0.00 secs] 
2020-10-29T13:19:23.509+0000: [GC (Allocation Failure) 2020-10-29T13:19:23.509+0000: [ParNew: 16388K->4K(18432K), 0.0030875 secs] 621614K->605230K(896640K), 0.0031504 secs] [Times: user=0.01 sys=0.00, real=0.00 secs] 
2020-10-29T13:19:23.527+0000: [GC (Allocation Failure) 2020-10-29T13:19:23.527+0000: [ParNew: 16388K->4K(18432K), 0.0030666 secs] 621614K->605230K(896640K), 0.0031315 secs] [Times: user=0.01 sys=0.00, real=0.00 secs] 
2020-10-29T13:19:23.549+0000: [GC (Allocation Failure) 2020-10-29T13:19:23.549+0000: [ParNew: 16388K->4K(18432K), 0.0030051 secs] 621614K->605230K(896640K), 0.0030643 secs] [Times: user=0.00 sys=0.00, real=0.00 secs] 
2020-10-29T13:19:23.567+0000: [GC (Allocation Failure) 2020-10-29T13:19:23.567+0000: [ParNew: 16388K->4K(18432K), 0.0029803 secs] 621614K->605230K(896640K), 0.0030387 secs] [Times: user=0.01 sys=0.00, real=0.00 secs] 
2020-10-29T13:19:23.585+0000: [GC (Allocation Failure) 2020-10-29T13:19:23.585+0000: [ParNew: 16388K->4K(18432K), 0.0030053 secs] 621614K->605230K(896640K), 0.0030650 secs] [Times: user=0.00 sys=0.00, real=0.00 secs] 
2020-10-29T13:19:23.604+0000: [GC (Allocation Failure) 2020-10-29T13:19:23.604+0000: [ParNew: 16388K->4K(18432K), 0.0030245 secs] 621614K->605230K(896640K), 0.0030894 secs] [Times: user=0.01 sys=0.00, real=0.01 secs] 
2020-10-29T13:19:23.625+0000: [GC (Allocation Failure) 2020-10-29T13:19:23.625+0000: [ParNew: 16388K->4K(18432K), 0.0029408 secs] 621614K->605230K(896640K), 0.0029967 secs] [Times: user=0.01 sys=0.00, real=0.00 secs] 
2020-10-29T13:19:23.645+0000: [GC (Allocation Failure) 2020-10-29T13:19:23.645+0000: [ParNew: 16388K->4K(18432K), 0.0029791 secs] 621614K->605231K(896640K), 0.0030391 secs] [Times: user=0.00 sys=0.00, real=0.00 secs] 
2020-10-29T13:19:23.663+0000: [GC (Allocation Failure) 2020-10-29T13:19:23.663+0000: [ParNew: 16388K->4K(18432K), 0.0032183 secs] 621615K->605231K(896640K), 0.0032771 secs] [Times: user=0.01 sys=0.00, real=0.01 secs] 
2020-10-29T13:19:23.684+0000: [GC (Allocation Failure) 2020-10-29T13:19:23.685+0000: [ParNew: 16388K->4K(18432K), 0.0030091 secs] 621615K->605231K(896640K), 0.0030692 secs] [Times: user=0.01 sys=0.00, real=0.00 secs] 
2020-10-29T13:19:23.703+0000: [GC (Allocation Failure) 2020-10-29T13:19:23.703+0000: [ParNew: 16388K->4K(18432K), 0.0029902 secs] 621615K->605231K(896640K), 0.0030497 secs] [Times: user=0.00 sys=0.00, real=0.01 secs] 
2020-10-29T13:19:23.725+0000: [GC (Allocation Failure) 2020-10-29T13:19:23.725+0000: [ParNew: 16388K->4K(18432K), 0.0029351 secs] 621615K->605231K(896640K), 0.0029933 secs] [Times: user=0.01 sys=0.00, real=0.00 secs] 
2020-10-29T13:19:23.743+0000: [GC (Allocation Failure) 2020-10-29T13:19:23.743+0000: [ParNew: 16388K->4K(18432K), 0.0029904 secs] 621615K->605231K(896640K), 0.0030519 secs] [Times: user=0.00 sys=0.00, real=0.01 secs] 
2020-10-29T13:19:23.765+0000: [GC (Allocation Failure) 2020-10-29T13:19:23.765+0000: [ParNew: 16388K->4K(18432K), 0.0029611 secs] 621615K->605231K(896640K), 0.0030219 secs] [Times: user=0.00 sys=0.00, real=0.00 secs] 
2020-10-29T13:19:23.783+0000: [GC (Allocation Failure) 2020-10-29T13:19:23.783+0000: [ParNew: 16388K->4K(18432K), 0.0029922 secs] 621615K->605231K(896640K), 0.0030566 secs] [Times: user=0.01 sys=0.00, real=0.01 secs] 
2020-10-29T13:19:23.801+0000: [GC (Allocation Failure) 2020-10-29T13:19:23.801+0000: [ParNew: 16388K->4K(18432K), 0.0030338 secs] 621615K->605231K(896640K), 0.0030948 secs] [Times: user=0.01 sys=0.00, real=0.01 secs] 
2020-10-29T13:19:23.820+0000: [GC (Allocation Failure) 2020-10-29T13:19:23.820+0000: [ParNew: 16388K->4K(18432K), 0.0029674 secs] 621615K->605231K(896640K), 0.0030267 secs] [Times: user=0.01 sys=0.00, real=0.00 secs] 
2020-10-29T13:19:23.838+0000: [GC (Allocation Failure) 2020-10-29T13:19:23.838+0000: [ParNew: 16388K->4K(18432K), 0.0029901 secs] 621615K->605231K(896640K), 0.0030478 secs] [Times: user=0.00 sys=0.00, real=0.00 secs] 
2020-10-29T13:19:23.860+0000: [GC (Allocation Failure) 2020-10-29T13:19:23.860+0000: [ParNew: 16388K->4K(18432K), 0.0030283 secs] 621615K->605231K(896640K), 0.0030883 secs] [Times: user=0.00 sys=0.00, real=0.00 secs] 
2020-10-29T13:19:23.879+0000: [GC (Allocation Failure) 2020-10-29T13:19:23.879+0000: [ParNew: 16388K->4K(18432K), 0.0030233 secs] 621615K->605231K(896640K), 0.0030952 secs] [Times: user=0.01 sys=0.00, real=0.00 secs] 
2020-10-29T13:19:23.897+0000: [GC (Allocation Failure) 2020-10-29T13:19:23.897+0000: [ParNew: 16388K->4K(18432K), 0.0030071 secs] 621615K->605231K(896640K), 0.0030686 secs] [Times: user=0.00 sys=0.00, real=0.00 secs] 
2020-10-29T13:19:23.917+0000: [GC (Allocation Failure) 2020-10-29T13:19:23.917+0000: [ParNew: 16388K->4K(18432K), 0.0029977 secs] 621615K->605231K(896640K), 0.0030577 secs] [Times: user=0.00 sys=0.00, real=0.00 secs] 
2020-10-29T13:19:23.939+0000: [GC (Allocation Failure) 2020-10-29T13:19:23.939+0000: [ParNew: 16388K->15K(18432K), 0.0031032 secs] 621615K->605242K(896640K), 0.0031662 secs] [Times: user=0.00 sys=0.00, real=0.00 secs] 
2020-10-29T13:19:23.961+0000: [GC (Allocation Failure) 2020-10-29T13:19:23.961+0000: [ParNew: 16399K->5K(18432K), 0.0030208 secs] 621626K->605232K(896640K), 0.0030822 secs] [Times: user=0.00 sys=0.00, real=0.00 secs] 
2020-10-29T13:19:23.984+0000: [GC (Allocation Failure) 2020-10-29T13:19:23.984+0000: [ParNew: 16389K->7K(18432K), 0.0031558 secs] 621616K->605234K(896640K), 0.0032304 secs] [Times: user=0.00 sys=0.00, real=0.01 secs] 
2020-10-29T13:19:24.003+0000: [GC (Allocation Failure) 2020-10-29T13:19:24.003+0000: [ParNew: 16391K->7K(18432K), 0.0030825 secs] 621618K->605234K(896640K), 0.0031449 secs] [Times: user=0.01 sys=0.00, real=0.01 secs] 
2020-10-29T13:19:24.021+0000: [GC (Allocation Failure) 2020-10-29T13:19:24.021+0000: [ParNew: 16391K->4K(18432K), 0.0030541 secs] 621618K->605231K(896640K), 0.0031161 secs] [Times: user=0.00 sys=0.00, real=0.01 secs] 
2020-10-29T13:19:24.040+0000: [GC (Allocation Failure) 2020-10-29T13:19:24.040+0000: [ParNew: 16388K->7K(18432K), 0.0030003 secs] 621615K->605234K(896640K), 0.0030582 secs] [Times: user=0.00 sys=0.00, real=0.00 secs] 
2020-10-29T13:19:24.058+0000: [GC (Allocation Failure) 2020-10-29T13:19:24.058+0000: [ParNew: 16391K->4K(18432K), 0.0030472 secs] 621618K->605234K(896640K), 0.0031109 secs] [Times: user=0.01 sys=0.00, real=0.00 secs] 
2020-10-29T13:19:24.080+0000: [GC (Allocation Failure) 2020-10-29T13:19:24.080+0000: [ParNew: 16388K->4K(18432K), 0.0029949 secs] 621618K->605233K(896640K), 0.0030667 secs] [Times: user=0.01 sys=0.01, real=0.00 secs] 
2020-10-29T13:19:24.099+0000: [GC (Allocation Failure) 2020-10-29T13:19:24.099+0000: [ParNew: 16388K->4K(18432K), 0.0030002 secs] 621617K->605234K(896640K), 0.0030610 secs] [Times: user=0.00 sys=0.00, real=0.00 secs] 
2020-10-29T13:19:24.117+0000: [GC (Allocation Failure) 2020-10-29T13:19:24.117+0000: [ParNew: 16388K->4K(18432K), 0.0030439 secs] 621618K->605234K(896640K), 0.0031154 secs] [Times: user=0.01 sys=0.00, real=0.00 secs] 
2020-10-29T13:19:24.135+0000: [GC (Allocation Failure) 2020-10-29T13:19:24.136+0000: [ParNew: 16388K->4K(18432K), 0.0029966 secs] 621618K->605234K(896640K), 0.0030679 secs] [Times: user=0.00 sys=0.00, real=0.00 secs] 
2020-10-29T13:19:24.157+0000: [GC (Allocation Failure) 2020-10-29T13:19:24.157+0000: [ParNew: 16388K->4K(18432K), 0.0029674 secs] 621618K->605234K(896640K), 0.0030293 secs] [Times: user=0.01 sys=0.00, real=0.00 secs] 
2020-10-29T13:19:24.175+0000: [GC (Allocation Failure) 2020-10-29T13:19:24.175+0000: [ParNew: 16388K->4K(18432K), 0.0029824 secs] 621618K->605234K(896640K), 0.0030423 secs] [Times: user=0.01 sys=0.00, real=0.00 secs] 
2020-10-29T13:19:24.197+0000: [GC (Allocation Failure) 2020-10-29T13:19:24.197+0000: [ParNew: 16388K->4K(18432K), 0.0030119 secs] 621618K->605234K(896640K), 0.0030756 secs] [Times: user=0.01 sys=0.00, real=0.00 secs] 
2020-10-29T13:19:24.216+0000: [GC (Allocation Failure) 2020-10-29T13:19:24.216+0000: [ParNew: 16388K->4K(18432K), 0.0030281 secs] 621618K->605234K(896640K), 0.0030908 secs] [Times: user=0.00 sys=0.00, real=0.00 secs] 
2020-10-29T13:19:24.237+0000: [GC (Allocation Failure) 2020-10-29T13:19:24.237+0000: [ParNew: 16388K->4K(18432K), 0.0029849 secs] 621618K->605234K(896640K), 0.0030461 secs] [Times: user=0.00 sys=0.00, real=0.00 secs] 
2020-10-29T13:19:24.255+0000: [GC (Allocation Failure) 2020-10-29T13:19:24.255+0000: [ParNew: 16388K->4K(18432K), 0.0030154 secs] 621618K->605234K(896640K), 0.0030766 secs] [Times: user=0.01 sys=0.00, real=0.00 secs] 
2020-10-29T13:19:24.273+0000: [GC (Allocation Failure) 2020-10-29T13:19:24.273+0000: [ParNew: 16388K->4K(18432K), 0.0029525 secs] 621618K->605234K(896640K), 0.0030121 secs] [Times: user=0.00 sys=0.00, real=0.00 secs] 
2020-10-29T13:19:24.292+0000: [GC (Allocation Failure) 2020-10-29T13:19:24.292+0000: [ParNew: 16388K->4K(18432K), 0.0030385 secs] 621618K->605234K(896640K), 0.0031006 secs] [Times: user=0.01 sys=0.00, real=0.01 secs] 
2020-10-29T13:19:24.313+0000: [GC (Allocation Failure) 2020-10-29T13:19:24.313+0000: [ParNew: 16388K->4K(18432K), 0.0030068 secs] 621618K->605234K(896640K), 0.0030676 secs] [Times: user=0.01 sys=0.00, real=0.00 secs] 
2020-10-29T13:19:24.331+0000: [GC (Allocation Failure) 2020-10-29T13:19:24.331+0000: [ParNew: 16388K->4K(18432K), 0.0034298 secs] 621618K->605234K(896640K), 0.0035031 secs] [Times: user=0.00 sys=0.00, real=0.01 secs] 
2020-10-29T13:19:24.353+0000: [GC (Allocation Failure) 2020-10-29T13:19:24.353+0000: [ParNew: 16388K->4K(18432K), 0.0045508 secs] 621618K->605234K(896640K), 0.0046325 secs] [Times: user=0.01 sys=0.00, real=0.00 secs] 
2020-10-29T13:19:24.376+0000: [GC (Allocation Failure) 2020-10-29T13:19:24.376+0000: [ParNew: 16388K->4K(18432K), 0.0029711 secs] 621618K->605234K(896640K), 0.0030315 secs] [Times: user=0.01 sys=0.00, real=0.00 secs] 
2020-10-29T13:19:24.395+0000: [GC (Allocation Failure) 2020-10-29T13:19:24.395+0000: [ParNew: 16388K->4K(18432K), 0.0030779 secs] 621618K->605234K(896640K), 0.0031532 secs] [Times: user=0.01 sys=0.00, real=0.00 secs] 
2020-10-29T13:19:24.413+0000: [GC (Allocation Failure) 2020-10-29T13:19:24.413+0000: [ParNew: 16388K->4K(18432K), 0.0031017 secs] 621618K->605234K(896640K), 0.0031634 secs] [Times: user=0.00 sys=0.00, real=0.00 secs] 
2020-10-29T13:19:24.432+0000: [GC (Allocation Failure) 2020-10-29T13:19:24.432+0000: [ParNew: 16388K->4K(18432K), 0.0030067 secs] 621618K->605234K(896640K), 0.0030687 secs] [Times: user=0.01 sys=0.00, real=0.01 secs] 
2020-10-29T13:19:24.450+0000: [GC (Allocation Failure) 2020-10-29T13:19:24.450+0000: [ParNew: 16388K->4K(18432K), 0.0030289 secs] 621618K->605234K(896640K), 0.0030916 secs] [Times: user=0.00 sys=0.00, real=0.01 secs] 
2020-10-29T13:19:24.468+0000: [GC (Allocation Failure) 2020-10-29T13:19:24.468+0000: [ParNew: 16388K->4K(18432K), 0.0030330 secs] 621618K->605234K(896640K), 0.0030955 secs] [Times: user=0.01 sys=0.00, real=0.00 secs] 
2020-10-29T13:19:24.486+0000: [GC (Allocation Failure) 2020-10-29T13:19:24.487+0000: [ParNew: 16388K->4K(18432K), 0.0030023 secs] 621618K->605234K(896640K), 0.0030738 secs] [Times: user=0.01 sys=0.00, real=0.00 secs] 
2020-10-29T13:19:24.505+0000: [GC (Allocation Failure) 2020-10-29T13:19:24.505+0000: [ParNew: 16388K->4K(18432K), 0.0029720 secs] 621618K->605234K(896640K), 0.0030324 secs] [Times: user=0.00 sys=0.00, real=0.00 secs] 
2020-10-29T13:19:24.523+0000: [GC (Allocation Failure) 2020-10-29T13:19:24.523+0000: [ParNew: 16388K->4K(18432K), 0.0030166 secs] 621618K->605234K(896640K), 0.0030800 secs] [Times: user=0.01 sys=0.00, real=0.01 secs] 
2020-10-29T13:19:24.541+0000: [GC (Allocation Failure) 2020-10-29T13:19:24.541+0000: [ParNew: 16388K->4K(18432K), 0.0029970 secs] 621618K->605234K(896640K), 0.0030561 secs] [Times: user=0.00 sys=0.00, real=0.01 secs] 
2020-10-29T13:19:24.560+0000: [GC (Allocation Failure) 2020-10-29T13:19:24.560+0000: [ParNew: 16388K->4K(18432K), 0.0030298 secs] 621618K->605234K(896640K), 0.0031066 secs] [Times: user=0.01 sys=0.00, real=0.00 secs] 
2020-10-29T13:19:24.581+0000: [GC (Allocation Failure) 2020-10-29T13:19:24.581+0000: [ParNew: 16388K->4K(18432K), 0.0030273 secs] 621618K->605234K(896640K), 0.0030892 secs] [Times: user=0.01 sys=0.00, real=0.00 secs] 
2020-10-29T13:19:24.599+0000: [GC (Allocation Failure) 2020-10-29T13:19:24.599+0000: [ParNew: 16388K->4K(18432K), 0.0029916 secs] 621618K->605234K(896640K), 0.0030517 secs] [Times: user=0.01 sys=0.00, real=0.00 secs] 
2020-10-29T13:19:24.617+0000: [GC (Allocation Failure) 2020-10-29T13:19:24.617+0000: [ParNew: 16388K->4K(18432K), 0.0029544 secs] 621618K->605234K(896640K), 0.0030130 secs] [Times: user=0.00 sys=0.00, real=0.00 secs] 
2020-10-29T13:19:24.635+0000: [GC (Allocation Failure) 2020-10-29T13:19:24.635+0000: [ParNew: 16388K->4K(18432K), 0.0029600 secs] 621618K->605234K(896640K), 0.0030182 secs] [Times: user=0.01 sys=0.00, real=0.00 secs] 
2020-10-29T13:19:24.654+0000: [GC (Allocation Failure) 2020-10-29T13:19:24.654+0000: [ParNew: 16388K->4K(18432K), 0.0030428 secs] 621618K->605234K(896640K), 0.0031117 secs] [Times: user=0.00 sys=0.00, real=0.00 secs] 
2020-10-29T13:19:24.672+0000: [GC (Allocation Failure) 2020-10-29T13:19:24.672+0000: [ParNew: 16388K->4K(18432K), 0.0029949 secs] 621618K->605234K(896640K), 0.0030570 secs] [Times: user=0.01 sys=0.00, real=0.01 secs] 
2020-10-29T13:19:24.691+0000: [GC (Allocation Failure) 2020-10-29T13:19:24.691+0000: [ParNew: 16388K->4K(18432K), 0.0030261 secs] 621618K->605234K(896640K), 0.0030897 secs] [Times: user=0.01 sys=0.00, real=0.01 secs] 
2020-10-29T13:19:24.713+0000: [GC (Allocation Failure) 2020-10-29T13:19:24.713+0000: [ParNew: 16388K->4K(18432K), 0.0029770 secs] 621618K->605234K(896640K), 0.0030359 secs] [Times: user=0.01 sys=0.00, real=0.00 secs] 
2020-10-29T13:19:24.731+0000: [GC (Allocation Failure) 2020-10-29T13:19:24.731+0000: [ParNew: 16388K->4K(18432K), 0.0030253 secs] 621618K->605234K(896640K), 0.0030860 secs] [Times: user=0.01 sys=0.00, real=0.01 secs] 
2020-10-29T13:19:24.749+0000: [GC (Allocation Failure) 2020-10-29T13:19:24.749+0000: [ParNew: 16388K->4K(18432K), 0.0029730 secs] 621618K->605234K(896640K), 0.0030342 secs] [Times: user=0.01 sys=0.00, real=0.00 secs] 
2020-10-29T13:19:24.767+0000: [GC (Allocation Failure) 2020-10-29T13:19:24.767+0000: [ParNew: 16388K->4K(18432K), 0.0030151 secs] 621618K->605234K(896640K), 0.0030767 secs] [Times: user=0.00 sys=0.00, real=0.00 secs] 
2020-10-29T13:19:24.789+0000: [GC (Allocation Failure) 2020-10-29T13:19:24.789+0000: [ParNew: 16388K->4K(18432K), 0.0029838 secs] 621618K->605234K(896640K), 0.0030466 secs] [Times: user=0.01 sys=0.00, real=0.00 secs] 
2020-10-29T13:19:24.807+0000: [GC (Allocation Failure) 2020-10-29T13:19:24.807+0000: [ParNew: 16388K->4K(18432K), 0.0030548 secs] 621618K->605234K(896640K), 0.0031170 secs] [Times: user=0.00 sys=0.00, real=0.00 secs] 
2020-10-29T13:19:24.825+0000: [GC (Allocation Failure) 2020-10-29T13:19:24.825+0000: [ParNew: 16388K->4K(18432K), 0.0029833 secs] 621618K->605234K(896640K), 0.0030449 secs] [Times: user=0.01 sys=0.00, real=0.00 secs] 
2020-10-29T13:19:24.843+0000: [GC (Allocation Failure) 2020-10-29T13:19:24.843+0000: [ParNew: 16388K->4K(18432K), 0.0030679 secs] 621618K->605234K(896640K), 0.0031290 secs] [Times: user=0.01 sys=0.00, real=0.01 secs] 
2020-10-29T13:19:24.862+0000: [GC (Allocation Failure) 2020-10-29T13:19:24.862+0000: [ParNew: 16388K->4K(18432K), 0.0030263 secs] 621618K->605234K(896640K), 0.0030867 secs] [Times: user=0.00 sys=0.00, real=0.01 secs] 
2020-10-29T13:19:24.880+0000: [GC (Allocation Failure) 2020-10-29T13:19:24.880+0000: [ParNew: 16388K->4K(18432K), 0.0030586 secs] 621618K->605234K(896640K), 0.0031208 secs] [Times: user=0.01 sys=0.00, real=0.00 secs] 
2020-10-29T13:19:24.899+0000: [GC (Allocation Failure) 2020-10-29T13:19:24.899+0000: [ParNew: 16388K->4K(18432K), 0.0030935 secs] 621618K->605234K(896640K), 0.0031558 secs] [Times: user=0.00 sys=0.00, real=0.00 secs] 
2020-10-29T13:19:24.917+0000: [GC (Allocation Failure) 2020-10-29T13:19:24.917+0000: [ParNew: 16388K->4K(18432K), 0.0030471 secs] 621618K->605234K(896640K), 0.0031066 secs] [Times: user=0.01 sys=0.00, real=0.00 secs] 
2020-10-29T13:19:24.935+0000: [GC (Allocation Failure) 2020-10-29T13:19:24.935+0000: [ParNew: 16388K->4K(18432K), 0.0030587 secs] 621618K->605234K(896640K), 0.0031214 secs] [Times: user=0.01 sys=0.00, real=0.00 secs] 
2020-10-29T13:19:24.957+0000: [GC (Allocation Failure) 2020-10-29T13:19:24.957+0000: [ParNew: 16388K->4K(18432K), 0.0029859 secs] 621618K->605234K(896640K), 0.0030473 secs] [Times: user=0.01 sys=0.00, real=0.00 secs] 
2020-10-29T13:19:24.975+0000: [GC (Allocation Failure) 2020-10-29T13:19:24.975+0000: [ParNew: 16388K->4K(18432K), 0.0030187 secs] 621618K->605234K(896640K), 0.0030922 secs] [Times: user=0.01 sys=0.00, real=0.00 secs] 
2020-10-29T13:19:24.998+0000: [GC (Allocation Failure) 2020-10-29T13:19:24.998+0000: [ParNew: 16388K->4K(18432K), 0.0031085 secs] 621618K->605234K(896640K), 0.0031686 secs] [Times: user=0.01 sys=0.00, real=0.00 secs] 
2020-10-29T13:19:25.020+0000: [GC (Allocation Failure) 2020-10-29T13:19:25.020+0000: [ParNew: 16388K->4K(18432K), 0.0030103 secs] 621618K->605234K(896640K), 0.0030852 secs] [Times: user=0.01 sys=0.00, real=0.00 secs] 
2020-10-29T13:19:25.039+0000: [GC (Allocation Failure) 2020-10-29T13:19:25.039+0000: [ParNew: 16388K->4K(18432K), 0.0029971 secs] 621618K->605234K(896640K), 0.0030584 secs] [Times: user=0.00 sys=0.00, real=0.00 secs] 
2020-10-29T13:19:25.057+0000: [GC (Allocation Failure) 2020-10-29T13:19:25.057+0000: [ParNew: 16388K->4K(18432K), 0.0030447 secs] 621618K->605234K(896640K), 0.0031064 secs] [Times: user=0.00 sys=0.00, real=0.00 secs] 
2020-10-29T13:19:25.077+0000: [GC (Allocation Failure) 2020-10-29T13:19:25.077+0000: [ParNew: 16388K->4K(18432K), 0.0029873 secs] 621618K->605234K(896640K), 0.0030465 secs] [Times: user=0.00 sys=0.00, real=0.00 secs] 
2020-10-29T13:19:25.095+0000: [GC (Allocation Failure) 2020-10-29T13:19:25.095+0000: [ParNew: 16388K->4K(18432K), 0.0030992 secs] 621618K->605234K(896640K), 0.0031723 secs] [Times: user=0.01 sys=0.00, real=0.00 secs] 
2020-10-29T13:19:25.114+0000: [GC (Allocation Failure) 2020-10-29T13:19:25.114+0000: [ParNew: 16388K->4K(18432K), 0.0030420 secs] 621618K->605234K(896640K), 0.0031045 secs] [Times: user=0.00 sys=0.00, real=0.00 secs] 
2020-10-29T13:19:25.132+0000: [GC (Allocation Failure) 2020-10-29T13:19:25.132+0000: [ParNew: 16388K->4K(18432K), 0.0029871 secs] 621618K->605234K(896640K), 0.0030483 secs] [Times: user=0.01 sys=0.00, real=0.01 secs] 
2020-10-29T13:19:25.150+0000: [GC (Allocation Failure) 2020-10-29T13:19:25.150+0000: [ParNew: 16388K->4K(18432K), 0.0030658 secs] 621618K->605234K(896640K), 0.0031296 secs] [Times: user=0.01 sys=0.00, real=0.01 secs] 
2020-10-29T13:19:25.169+0000: [GC (Allocation Failure) 2020-10-29T13:19:25.169+0000: [ParNew: 16388K->4K(18432K), 0.0030586 secs] 621618K->605234K(896640K), 0.0031206 secs] [Times: user=0.00 sys=0.00, real=0.00 secs] 
2020-10-29T13:19:25.187+0000: [GC (Allocation Failure) 2020-10-29T13:19:25.187+0000: [ParNew: 16388K->4K(18432K), 0.0030216 secs] 621618K->605234K(896640K), 0.0030935 secs] [Times: user=0.00 sys=0.00, real=0.00 secs] 
2020-10-29T13:19:25.205+0000: [GC (Allocation Failure) 2020-10-29T13:19:25.205+0000: [ParNew: 16388K->4K(18432K), 0.0029739 secs] 621618K->605234K(896640K), 0.0030357 secs] [Times: user=0.01 sys=0.00, real=0.00 secs] 
2020-10-29T13:19:25.225+0000: [GC (Allocation Failure) 2020-10-29T13:19:25.225+0000: [ParNew: 16388K->4K(18432K), 0.0029941 secs] 621618K->605234K(896640K), 0.0030528 secs] [Times: user=0.00 sys=0.00, real=0.00 secs] 
2020-10-29T13:19:25.243+0000: [GC (Allocation Failure) 2020-10-29T13:19:25.243+0000: [ParNew: 16388K->4K(18432K), 0.0030197 secs] 621618K->605234K(896640K), 0.0030801 secs] [Times: user=0.01 sys=0.00, real=0.01 secs] 
2020-10-29T13:19:25.265+0000: [GC (Allocation Failure) 2020-10-29T13:19:25.265+0000: [ParNew: 16388K->4K(18432K), 0.0029842 secs] 621618K->605234K(896640K), 0.0030451 secs] [Times: user=0.00 sys=0.00, real=0.00 secs] 
2020-10-29T13:19:25.283+0000: [GC (Allocation Failure) 2020-10-29T13:19:25.283+0000: [ParNew: 16388K->4K(18432K), 0.0030401 secs] 621618K->605234K(896640K), 0.0031023 secs] [Times: user=0.01 sys=0.00, real=0.01 secs] 
2020-10-29T13:19:25.305+0000: [GC (Allocation Failure) 2020-10-29T13:19:25.305+0000: [ParNew: 16388K->4K(18432K), 0.0029853 secs] 621618K->605234K(896640K), 0.0030483 secs] [Times: user=0.01 sys=0.00, real=0.00 secs] 
2020-10-29T13:19:25.323+0000: [GC (Allocation Failure) 2020-10-29T13:19:25.323+0000: [ParNew: 16388K->4K(18432K), 0.0029870 secs] 621618K->605234K(896640K), 0.0030489 secs] [Times: user=0.00 sys=0.00, real=0.01 secs] 
2020-10-29T13:19:25.341+0000: [GC (Allocation Failure) 2020-10-29T13:19:25.341+0000: [ParNew: 16388K->4K(18432K), 0.0029795 secs] 621618K->605234K(896640K), 0.0030401 secs] [Times: user=0.01 sys=0.00, real=0.00 secs] 
2020-10-29T13:19:25.360+0000: [GC (Allocation Failure) 2020-10-29T13:19:25.360+0000: [ParNew: 16388K->4K(18432K), 0.0030632 secs] 621618K->605234K(896640K), 0.0031210 secs] [Times: user=0.00 sys=0.00, real=0.00 secs] 
2020-10-29T13:19:25.378+0000: [GC (Allocation Failure) 2020-10-29T13:19:25.378+0000: [ParNew: 16388K->4K(18432K), 0.0030371 secs] 621618K->605234K(896640K), 0.0030994 secs] [Times: user=0.01 sys=0.00, real=0.00 secs] 
2020-10-29T13:19:25.401+0000: [GC (Allocation Failure) 2020-10-29T13:19:25.401+0000: [ParNew: 16388K->4K(18432K), 0.0029540 secs] 621618K->605234K(896640K), 0.0030135 secs] [Times: user=0.00 sys=0.00, real=0.00 secs] 
2020-10-29T13:19:25.419+0000: [GC (Allocation Failure) 2020-10-29T13:19:25.419+0000: [ParNew: 16388K->4K(18432K), 0.0029821 secs] 621618K->605234K(896640K), 0.0030422 secs] [Times: user=0.00 sys=0.00, real=0.00 secs] 
2020-10-29T13:19:25.437+0000: [GC (Allocation Failure) 2020-10-29T13:19:25.437+0000: [ParNew: 16388K->4K(18432K), 0.0029855 secs] 621618K->605234K(896640K), 0.0030480 secs] [Times: user=0.01 sys=0.00, real=0.00 secs] 
2020-10-29T13:19:25.457+0000: [GC (Allocation Failure) 2020-10-29T13:19:25.457+0000: [ParNew: 16388K->4K(18432K), 0.0029873 secs] 621618K->605234K(896640K), 0.0030484 secs] [Times: user=0.01 sys=0.00, real=0.00 secs] 
2020-10-29T13:19:25.477+0000: [GC (Allocation Failure) 2020-10-29T13:19:25.477+0000: [ParNew: 16388K->4K(18432K), 0.0030360 secs] 621618K->605234K(896640K), 0.0031011 secs] [Times: user=0.00 sys=0.00, real=0.00 secs] 
2020-10-29T13:19:25.495+0000: [GC (Allocation Failure) 2020-10-29T13:19:25.495+0000: [ParNew: 16388K->4K(18432K), 0.0030442 secs] 621618K->605234K(896640K), 0.0031081 secs] [Times: user=0.01 sys=0.00, real=0.00 secs] 
2020-10-29T13:19:25.517+0000: [GC (Allocation Failure) 2020-10-29T13:19:25.517+0000: [ParNew: 16388K->4K(18432K), 0.0030181 secs] 621618K->605234K(896640K), 0.0030819 secs] [Times: user=0.01 sys=0.00, real=0.00 secs] 
2020-10-29T13:19:25.535+0000: [GC (Allocation Failure) 2020-10-29T13:19:25.535+0000: [ParNew: 16388K->4K(18432K), 0.0030190 secs] 621618K->605234K(896640K), 0.0030990 secs] [Times: user=0.00 sys=0.00, real=0.00 secs] 
2020-10-29T13:19:25.557+0000: [GC (Allocation Failure) 2020-10-29T13:19:25.557+0000: [ParNew: 16388K->4K(18432K), 0.0030087 secs] 621618K->605234K(896640K), 0.0030717 secs] [Times: user=0.00 sys=0.00, real=0.00 secs] 
2020-10-29T13:19:25.575+0000: [GC (Allocation Failure) 2020-10-29T13:19:25.575+0000: [ParNew: 16388K->4K(18432K), 0.0029860 secs] 621618K->605234K(896640K), 0.0030457 secs] [Times: user=0.01 sys=0.00, real=0.00 secs] 
2020-10-29T13:19:25.597+0000: [GC (Allocation Failure) 2020-10-29T13:19:25.597+0000: [ParNew: 16388K->4K(18432K), 0.0030739 secs] 621618K->605234K(896640K), 0.0031362 secs] [Times: user=0.00 sys=0.00, real=0.00 secs] 
2020-10-29T13:19:25.615+0000: [GC (Allocation Failure) 2020-10-29T13:19:25.615+0000: [ParNew: 16388K->4K(18432K), 0.0030469 secs] 621618K->605235K(896640K), 0.0031088 secs] [Times: user=0.01 sys=0.00, real=0.00 secs] 
2020-10-29T13:19:25.637+0000: [GC (Allocation Failure) 2020-10-29T13:19:25.637+0000: [ParNew: 16388K->4K(18432K), 0.0029786 secs] 621619K->605235K(896640K), 0.0030391 secs] [Times: user=0.01 sys=0.00, real=0.00 secs] 
2020-10-29T13:19:25.655+0000: [GC (Allocation Failure) 2020-10-29T13:19:25.655+0000: [ParNew: 16388K->4K(18432K), 0.0029671 secs] 621619K->605235K(896640K), 0.0030270 secs] [Times: user=0.01 sys=0.00, real=0.00 secs] 
2020-10-29T13:19:25.677+0000: [GC (Allocation Failure) 2020-10-29T13:19:25.677+0000: [ParNew: 16388K->4K(18432K), 0.0029660 secs] 621619K->605235K(896640K), 0.0030262 secs] [Times: user=0.01 sys=0.00, real=0.00 secs] 
2020-10-29T13:19:25.695+0000: [GC (Allocation Failure) 2020-10-29T13:19:25.695+0000: [ParNew: 16388K->4K(18432K), 0.0030182 secs] 621619K->605235K(896640K), 0.0030814 secs] [Times: user=0.01 sys=0.00, real=0.00 secs] 
2020-10-29T13:19:25.713+0000: [GC (Allocation Failure) 2020-10-29T13:19:25.713+0000: [ParNew: 16388K->4K(18432K), 0.0033141 secs] 621619K->605235K(896640K), 0.0033746 secs] [Times: user=0.00 sys=0.00, real=0.00 secs] 
2020-10-29T13:19:25.736+0000: [GC (Allocation Failure) 2020-10-29T13:19:25.736+0000: [ParNew: 16388K->4K(18432K), 0.0029878 secs] 621619K->605235K(896640K), 0.0030480 secs] [Times: user=0.00 sys=0.01, real=0.00 secs] 
2020-10-29T13:19:25.755+0000: [GC (Allocation Failure) 2020-10-29T13:19:25.755+0000: [ParNew: 16388K->4K(18432K), 0.0030025 secs] 621619K->605235K(896640K), 0.0030634 secs] [Times: user=0.00 sys=0.00, real=0.00 secs] 
2020-10-29T13:19:25.773+0000: [GC (Allocation Failure) 2020-10-29T13:19:25.773+0000: [ParNew: 16388K->4K(18432K), 0.0029928 secs] 621619K->605235K(896640K), 0.0030526 secs] [Times: user=0.01 sys=0.00, real=0.00 secs] 
2020-10-29T13:19:25.793+0000: [GC (Allocation Failure) 2020-10-29T13:19:25.793+0000: [ParNew: 16388K->4K(18432K), 0.0030544 secs] 621619K->605235K(896640K), 0.0031164 secs] [Times: user=0.01 sys=0.00, real=0.00 secs] 
2020-10-29T13:19:25.811+0000: [GC (Allocation Failure) 2020-10-29T13:19:25.811+0000: [ParNew: 16388K->4K(18432K), 0.0030614 secs] 621619K->605235K(896640K), 0.0031222 secs] [Times: user=0.00 sys=0.00, real=0.01 secs] 
2020-10-29T13:19:25.829+0000: [GC (Allocation Failure) 2020-10-29T13:19:25.829+0000: [ParNew: 16388K->4K(18432K), 0.0029766 secs] 621619K->605235K(896640K), 0.0030595 secs] [Times: user=0.01 sys=0.00, real=0.01 secs] 
2020-10-29T13:19:25.848+0000: [GC (Allocation Failure) 2020-10-29T13:19:25.848+0000: [ParNew: 16388K->4K(18432K), 0.0030335 secs] 621619K->605235K(896640K), 0.0030951 secs] [Times: user=0.00 sys=0.00, real=0.00 secs] 
2020-10-29T13:19:25.869+0000: [GC (Allocation Failure) 2020-10-29T13:19:25.869+0000: [ParNew: 16388K->4K(18432K), 0.0030416 secs] 621619K->605235K(896640K), 0.0031049 secs] [Times: user=0.01 sys=0.00, real=0.00 secs] 
2020-10-29T13:19:25.887+0000: [GC (Allocation Failure) 2020-10-29T13:19:25.887+0000: [ParNew: 16388K->4K(18432K), 0.0030157 secs] 621619K->605235K(896640K), 0.0030782 secs] [Times: user=0.01 sys=0.00, real=0.00 secs] 
2020-10-29T13:19:25.907+0000: [GC (Allocation Failure) 2020-10-29T13:19:25.907+0000: [ParNew: 16388K->4K(18432K), 0.0087680 secs] 621619K->605235K(896640K), 0.0088322 secs] [Times: user=0.01 sys=0.00, real=0.01 secs] 
2020-10-29T13:19:25.932+0000: [GC (Allocation Failure) 2020-10-29T13:19:25.932+0000: [ParNew: 16388K->4K(18432K), 0.0030774 secs] 621619K->605235K(896640K), 0.0031457 secs] [Times: user=0.00 sys=0.00, real=0.01 secs] 
2020-10-29T13:19:25.953+0000: [GC (Allocation Failure) 2020-10-29T13:19:25.953+0000: [ParNew: 16388K->4K(18432K), 0.0029908 secs] 621619K->605235K(896640K), 0.0030505 secs] [Times: user=0.01 sys=0.01, real=0.00 secs] 
2020-10-29T13:19:25.973+0000: [GC (Allocation Failure) 2020-10-29T13:19:25.973+0000: [ParNew: 16388K->4K(18432K), 0.0030180 secs] 621619K->605235K(896640K), 0.0030762 secs] [Times: user=0.00 sys=0.00, real=0.00 secs] 
2020-10-29T13:19:25.991+0000: [GC (Allocation Failure) 2020-10-29T13:19:25.991+0000: [ParNew: 16388K->4K(18432K), 0.0030988 secs] 621619K->605235K(896640K), 0.0031614 secs] [Times: user=0.01 sys=0.00, real=0.01 secs] 
2020-10-29T13:19:26.009+0000: [GC (Allocation Failure) 2020-10-29T13:19:26.009+0000: [ParNew: 16388K->4K(18432K), 0.0045453 secs] 621619K->605235K(896640K), 0.0046097 secs] [Times: user=0.00 sys=0.00, real=0.01 secs] 
2020-10-29T13:19:26.029+0000: [GC (Allocation Failure) 2020-10-29T13:19:26.029+0000: [ParNew: 16388K->4K(18432K), 0.0030440 secs] 621619K->605235K(896640K), 0.0031062 secs] [Times: user=0.01 sys=0.00, real=0.01 secs] 
2020-10-29T13:19:26.048+0000: [GC (Allocation Failure) 2020-10-29T13:19:26.048+0000: [ParNew: 16388K->4K(18432K), 0.0030778 secs] 621619K->605235K(896640K), 0.0031419 secs] [Times: user=0.01 sys=0.00, real=0.00 secs] 
2020-10-29T13:19:26.067+0000: [GC (Allocation Failure) 2020-10-29T13:19:26.067+0000: [ParNew: 16388K->4K(18432K), 0.0030393 secs] 621619K->605235K(896640K), 0.0031009 secs] [Times: user=0.00 sys=0.00, real=0.00 secs] 
2020-10-29T13:19:26.086+0000: [GC (Allocation Failure) 2020-10-29T13:19:26.086+0000: [ParNew: 16388K->4K(18432K), 0.0048970 secs] 621619K->605235K(896640K), 0.0049547 secs] [Times: user=0.01 sys=0.00, real=0.00 secs] 
2020-10-29T13:19:26.109+0000: [GC (Allocation Failure) 2020-10-29T13:19:26.109+0000: [ParNew: 16388K->4K(18432K), 0.0030094 secs] 621619K->605235K(896640K), 0.0030708 secs] [Times: user=0.01 sys=0.00, real=0.00 secs] 
2020-10-29T13:19:26.129+0000: [GC (Allocation Failure) 2020-10-29T13:19:26.129+0000: [ParNew: 16388K->4K(18432K), 0.0029758 secs] 621619K->605235K(896640K), 0.0030369 secs] [Times: user=0.00 sys=0.00, real=0.00 secs] 
2020-10-29T13:19:26.147+0000: [GC (Allocation Failure) 2020-10-29T13:19:26.147+0000: [ParNew: 16388K->4K(18432K), 0.0029893 secs] 621619K->605235K(896640K), 0.0030514 secs] [Times: user=0.01 sys=0.00, real=0.00 secs] 
2020-10-29T13:19:26.165+0000: [GC (Allocation Failure) 2020-10-29T13:19:26.165+0000: [ParNew: 16388K->4K(18432K), 0.0029948 secs] 621619K->605235K(896640K), 0.0030550 secs] [Times: user=0.00 sys=0.00, real=0.00 secs] 
2020-10-29T13:19:26.183+0000: [GC (Allocation Failure) 2020-10-29T13:19:26.183+0000: [ParNew: 16388K->4K(18432K), 0.0030327 secs] 621619K->605235K(896640K), 0.0030951 secs] [Times: user=0.01 sys=0.00, real=0.01 secs] 
2020-10-29T13:19:26.205+0000: [GC (Allocation Failure) 2020-10-29T13:19:26.205+0000: [ParNew: 16388K->4K(18432K), 0.0030175 secs] 621619K->605235K(896640K), 0.0030791 secs] [Times: user=0.00 sys=0.00, real=0.00 secs] 
2020-10-29T13:19:26.223+0000: [GC (Allocation Failure) 2020-10-29T13:19:26.223+0000: [ParNew: 16388K->4K(18432K), 0.0030133 secs] 621619K->605235K(896640K), 0.0030758 secs] [Times: user=0.01 sys=0.00, real=0.01 secs] 
2020-10-29T13:19:26.249+0000: [GC (Allocation Failure) 2020-10-29T13:19:26.249+0000: [ParNew: 16388K->4K(18432K), 0.0030006 secs] 621619K->605235K(896640K), 0.0030634 secs] [Times: user=0.01 sys=0.00, real=0.00 secs] 
2020-10-29T13:19:26.267+0000: [GC (Allocation Failure) 2020-10-29T13:19:26.267+0000: [ParNew: 16388K->4K(18432K), 0.0029991 secs] 621619K->605235K(896640K), 0.0030608 secs] [Times: user=0.01 sys=0.00, real=0.00 secs] 
2020-10-29T13:19:26.285+0000: [GC (Allocation Failure) 2020-10-29T13:19:26.285+0000: [ParNew: 16388K->4K(18432K), 0.0029563 secs] 621619K->605235K(896640K), 0.0030145 secs] [Times: user=0.01 sys=0.00, real=0.00 secs] 
2020-10-29T13:19:26.305+0000: [GC (Allocation Failure) 2020-10-29T13:19:26.305+0000: [ParNew: 16388K->4K(18432K), 0.0029981 secs] 621619K->605235K(896640K), 0.0030583 secs] [Times: user=0.01 sys=0.00, real=0.00 secs] 
2020-10-29T13:19:26.325+0000: [GC (Allocation Failure) 2020-10-29T13:19:26.325+0000: [ParNew: 16388K->4K(18432K), 0.0030248 secs] 621619K->605235K(896640K), 0.0030848 secs] [Times: user=0.01 sys=0.00, real=0.00 secs] 
2020-10-29T13:19:26.343+0000: [GC (Allocation Failure) 2020-10-29T13:19:26.343+0000: [ParNew: 16388K->4K(18432K), 0.0030348 secs] 621619K->605235K(896640K), 0.0030936 secs] [Times: user=0.01 sys=0.00, real=0.01 secs] 
2020-10-29T13:19:26.365+0000: [GC (Allocation Failure) 2020-10-29T13:19:26.365+0000: [ParNew: 16388K->4K(18432K), 0.0029528 secs] 621619K->605235K(896640K), 0.0030116 secs] [Times: user=0.01 sys=0.00, real=0.00 secs] 
2020-10-29T13:19:26.384+0000: [GC (Allocation Failure) 2020-10-29T13:19:26.385+0000: [ParNew: 16388K->4K(18432K), 0.0029629 secs] 621619K->605235K(896640K), 0.0030207 secs] [Times: user=0.00 sys=0.00, real=0.00 secs] 
2020-10-29T13:19:26.403+0000: [GC (Allocation Failure) 2020-10-29T13:19:26.403+0000: [ParNew: 16388K->4K(18432K), 0.0030249 secs] 621619K->605235K(896640K), 0.0030952 secs] [Times: user=0.01 sys=0.00, real=0.01 secs] 
2020-10-29T13:19:26.421+0000: [GC (Allocation Failure) 2020-10-29T13:19:26.421+0000: [ParNew: 16388K->4K(18432K), 0.0030130 secs] 621619K->605235K(896640K), 0.0030755 secs] [Times: user=0.00 sys=0.00, real=0.00 secs] 
2020-10-29T13:19:26.439+0000: [GC (Allocation Failure) 2020-10-29T13:19:26.439+0000: [ParNew: 16388K->4K(18432K), 0.0030457 secs] 621619K->605235K(896640K), 0.0031055 secs] [Times: user=0.01 sys=0.00, real=0.00 secs] 
2020-10-29T13:19:26.461+0000: [GC (Allocation Failure) 2020-10-29T13:19:26.461+0000: [ParNew: 16388K->4K(18432K), 0.0029881 secs] 621619K->605235K(896640K), 0.0030477 secs] [Times: user=0.01 sys=0.00, real=0.00 secs] 
2020-10-29T13:19:26.479+0000: [GC (Allocation Failure) 2020-10-29T13:19:26.479+0000: [ParNew: 16388K->4K(18432K), 0.0029869 secs] 621619K->605235K(896640K), 0.0030459 secs] [Times: user=0.01 sys=0.00, real=0.00 secs] 
2020-10-29T13:19:26.501+0000: [GC (Allocation Failure) 2020-10-29T13:19:26.501+0000: [ParNew: 16388K->4K(18432K), 0.0029987 secs] 621619K->605235K(896640K), 0.0030583 secs] [Times: user=0.01 sys=0.00, real=0.00 secs] 
2020-10-29T13:19:26.521+0000: [GC (Allocation Failure) 2020-10-29T13:19:26.521+0000: [ParNew: 16388K->4K(18432K), 0.0029829 secs] 621619K->605235K(896640K), 0.0030438 secs] [Times: user=0.00 sys=0.00, real=0.00 secs] 
2020-10-29T13:19:26.539+0000: [GC (Allocation Failure) 2020-10-29T13:19:26.539+0000: [ParNew: 16388K->4K(18432K), 0.0029981 secs] 621619K->605235K(896640K), 0.0030576 secs] [Times: user=0.01 sys=0.00, real=0.00 secs] 
2020-10-29T13:19:26.557+0000: [GC (Allocation Failure) 2020-10-29T13:19:26.557+0000: [ParNew: 16388K->4K(18432K), 0.0029609 secs] 621619K->605235K(896640K), 0.0030289 secs] [Times: user=0.01 sys=0.00, real=0.00 secs] 
2020-10-29T13:19:26.575+0000: [GC (Allocation Failure) 2020-10-29T13:19:26.575+0000: [ParNew: 16388K->4K(18432K), 0.0029846 secs] 621619K->605235K(896640K), 0.0030421 secs] [Times: user=0.01 sys=0.00, real=0.00 secs] 
2020-10-29T13:19:26.594+0000: [GC (Allocation Failure) 2020-10-29T13:19:26.594+0000: [ParNew: 16388K->4K(18432K), 0.0030662 secs] 621619K->605235K(896640K), 0.0031262 secs] [Times: user=0.00 sys=0.00, real=0.00 secs] 
2020-10-29T13:19:26.617+0000: [GC (Allocation Failure) 2020-10-29T13:19:26.617+0000: [ParNew: 16388K->4K(18432K), 0.0030208 secs] 621619K->605235K(896640K), 0.0030783 secs] [Times: user=0.00 sys=0.00, real=0.00 secs] 
2020-10-29T13:19:26.637+0000: [GC (Allocation Failure) 2020-10-29T13:19:26.637+0000: [ParNew: 16388K->4K(18432K), 0.0029833 secs] 621619K->605235K(896640K), 0.0030429 secs] [Times: user=0.01 sys=0.00, real=0.00 secs] 
2020-10-29T13:19:26.657+0000: [GC (Allocation Failure) 2020-10-29T13:19:26.657+0000: [ParNew: 16388K->4K(18432K), 0.0029956 secs] 621619K->605235K(896640K), 0.0030568 secs] [Times: user=0.00 sys=0.00, real=0.00 secs] 
2020-10-29T13:19:26.675+0000: [GC (Allocation Failure) 2020-10-29T13:19:26.675+0000: [ParNew: 16388K->4K(18432K), 0.0029443 secs] 621619K->605235K(896640K), 0.0030039 secs] [Times: user=0.01 sys=0.00, real=0.00 secs] 
2020-10-29T13:19:26.696+0000: [GC (Allocation Failure) 2020-10-29T13:19:26.696+0000: [ParNew: 16388K->4K(18432K), 0.0029615 secs] 621619K->605235K(896640K), 0.0030227 secs] [Times: user=0.00 sys=0.00, real=0.00 secs] 
2020-10-29T13:19:26.715+0000: [GC (Allocation Failure) 2020-10-29T13:19:26.715+0000: [ParNew: 16388K->4K(18432K), 0.0029992 secs] 621619K->605235K(896640K), 0.0030604 secs] [Times: user=0.01 sys=0.00, real=0.00 secs] 
2020-10-29T13:19:26.734+0000: [GC (Allocation Failure) 2020-10-29T13:19:26.734+0000: [ParNew: 16388K->4K(18432K), 0.0030193 secs] 621619K->605235K(896640K), 0.0030810 secs] [Times: user=0.01 sys=0.00, real=0.00 secs] 
2020-10-29T13:19:26.753+0000: [GC (Allocation Failure) 2020-10-29T13:19:26.753+0000: [ParNew: 16388K->4K(18432K), 0.0030374 secs] 621619K->605235K(896640K), 0.0031003 secs] [Times: user=0.00 sys=0.00, real=0.00 secs] 
2020-10-29T13:19:26.771+0000: [GC (Allocation Failure) 2020-10-29T13:19:26.771+0000: [ParNew: 16388K->4K(18432K), 0.0030635 secs] 621619K->605235K(896640K), 0.0031417 secs] [Times: user=0.01 sys=0.00, real=0.01 secs] 
2020-10-29T13:19:26.789+0000: [GC (Allocation Failure) 2020-10-29T13:19:26.789+0000: [ParNew: 16388K->4K(18432K), 0.0029780 secs] 621619K->605235K(896640K), 0.0030584 secs] [Times: user=0.00 sys=0.00, real=0.01 secs] 
2020-10-29T13:19:26.808+0000: [GC (Allocation Failure) 2020-10-29T13:19:26.808+0000: [ParNew: 16388K->4K(18432K), 0.0029449 secs] 621619K->605235K(896640K), 0.0030008 secs] [Times: user=0.01 sys=0.00, real=0.00 secs] 
2020-10-29T13:19:26.826+0000: [GC (Allocation Failure) 2020-10-29T13:19:26.826+0000: [ParNew: 16388K->4K(18432K), 0.0029540 secs] 621619K->605235K(896640K), 0.0030097 secs] [Times: user=0.00 sys=0.00, real=0.00 secs] 
2020-10-29T13:19:26.844+0000: [GC (Allocation Failure) 2020-10-29T13:19:26.844+0000: [ParNew: 16388K->4K(18432K), 0.0030168 secs] 621619K->605235K(896640K), 0.0030722 secs] [Times: user=0.00 sys=0.00, real=0.01 secs] 
2020-10-29T13:19:26.862+0000: [GC (Allocation Failure) 2020-10-29T13:19:26.862+0000: [ParNew: 16388K->4K(18432K), 0.0029053 secs] 621619K->605235K(896640K), 0.0029616 secs] [Times: user=0.00 sys=0.00, real=0.01 secs] 
2020-10-29T13:19:26.880+0000: [GC (Allocation Failure) 2020-10-29T13:19:26.880+0000: [ParNew: 16388K->4K(18432K), 0.0029036 secs] 621619K->605235K(896640K), 0.0029582 secs] [Times: user=0.01 sys=0.00, real=0.00 secs] 
2020-10-29T13:19:26.899+0000: [GC (Allocation Failure) 2020-10-29T13:19:26.899+0000: [ParNew: 16388K->4K(18432K), 0.0029623 secs] 621619K->605235K(896640K), 0.0030212 secs] [Times: user=0.00 sys=0.00, real=0.00 secs] 
2020-10-29T13:19:26.917+0000: [GC (Allocation Failure) 2020-10-29T13:19:26.917+0000: [ParNew: 16388K->4K(18432K), 0.0028158 secs] 621619K->605235K(896640K), 0.0028684 secs] [Times: user=0.01 sys=0.00, real=0.00 secs] 
2020-10-29T13:19:26.935+0000: [GC (Allocation Failure) 2020-10-29T13:19:26.935+0000: [ParNew: 16388K->4K(18432K), 0.0030261 secs] 621619K->605235K(896640K), 0.0030908 secs] [Times: user=0.00 sys=0.00, real=0.00 secs] 
2020-10-29T13:19:26.957+0000: [GC (Allocation Failure) 2020-10-29T13:19:26.957+0000: [ParNew: 16388K->4K(18432K), 0.0029773 secs] 621619K->605235K(896640K), 0.0030372 secs] [Times: user=0.00 sys=0.00, real=0.00 secs] 
2020-10-29T13:19:26.977+0000: [GC (Allocation Failure) 2020-10-29T13:19:26.977+0000: [ParNew: 16388K->4K(18432K), 0.0031781 secs] 621619K->605235K(896640K), 0.0032373 secs] [Times: user=0.01 sys=0.00, real=0.00 secs] 
2020-10-29T13:19:26.997+0000: [GC (Allocation Failure) 2020-10-29T13:19:26.997+0000: [ParNew: 16388K->4K(18432K), 0.0029448 secs] 621619K->605235K(896640K), 0.0030031 secs] [Times: user=0.01 sys=0.00, real=0.00 secs] 
2020-10-29T13:19:27.017+0000: [GC (Allocation Failure) 2020-10-29T13:19:27.017+0000: [ParNew: 16388K->4K(18432K), 0.0028754 secs] 621619K->605235K(896640K), 0.0029397 secs] [Times: user=0.00 sys=0.00, real=0.00 secs] 
2020-10-29T13:19:27.035+0000: [GC (Allocation Failure) 2020-10-29T13:19:27.035+0000: [ParNew: 16388K->4K(18432K), 0.0029018 secs] 621619K->605235K(896640K), 0.0029592 secs] [Times: user=0.01 sys=0.00, real=0.00 secs] 
2020-10-29T13:19:27.057+0000: [GC (Allocation Failure) 2020-10-29T13:19:27.057+0000: [ParNew: 16388K->4K(18432K), 0.0029893 secs] 621619K->605235K(896640K), 0.0030502 secs] [Times: user=0.00 sys=0.00, real=0.00 secs] 
2020-10-29T13:19:27.075+0000: [GC (Allocation Failure) 2020-10-29T13:19:27.075+0000: [ParNew: 16388K->4K(18432K), 0.0030143 secs] 621619K->605235K(896640K), 0.0030842 secs] [Times: user=0.01 sys=0.00, real=0.00 secs] 
2020-10-29T13:19:27.097+0000: [GC (Allocation Failure) 2020-10-29T13:19:27.097+0000: [ParNew: 16388K->4K(18432K), 0.0029867 secs] 621619K->605235K(896640K), 0.0030422 secs] [Times: user=0.01 sys=0.00, real=0.00 secs] 
2020-10-29T13:19:27.115+0000: [GC (Allocation Failure) 2020-10-29T13:19:27.115+0000: [ParNew: 16388K->4K(18432K), 0.0036637 secs] 621619K->605235K(896640K), 0.0037253 secs] [Times: user=0.01 sys=0.00, real=0.00 secs] 
2020-10-29T13:19:27.134+0000: [GC (Allocation Failure) 2020-10-29T13:19:27.134+0000: [ParNew: 16388K->4K(18432K), 0.0030140 secs] 621619K->605235K(896640K), 0.0030759 secs] [Times: user=0.01 sys=0.00, real=0.00 secs] 
2020-10-29T13:19:27.156+0000: [GC (Allocation Failure) 2020-10-29T13:19:27.156+0000: [ParNew: 16388K->4K(18432K), 0.0029389 secs] 621619K->605235K(896640K), 0.0030101 secs] [Times: user=0.00 sys=0.00, real=0.00 secs] 
2020-10-29T13:19:27.177+0000: [GC (Allocation Failure) 2020-10-29T13:19:27.177+0000: [ParNew: 16388K->4K(18432K), 0.0029684 secs] 621619K->605235K(896640K), 0.0030266 secs] [Times: user=0.01 sys=0.00, real=0.00 secs] 
2020-10-29T13:19:27.195+0000: [GC (Allocation Failure) 2020-10-29T13:19:27.195+0000: [ParNew: 16388K->4K(18432K), 0.0030296 secs] 621619K->605235K(896640K), 0.0030911 secs] [Times: user=0.00 sys=0.00, real=0.00 secs] 
2020-10-29T13:19:27.213+0000: [GC (Allocation Failure) 2020-10-29T13:19:27.214+0000: [ParNew: 16388K->4K(18432K), 0.0029717 secs] 621619K->605235K(896640K), 0.0030319 secs] [Times: user=0.01 sys=0.00, real=0.00 secs] 
2020-10-29T13:19:27.233+0000: [GC (Allocation Failure) 2020-10-29T13:19:27.233+0000: [ParNew: 16388K->4K(18432K), 0.0029909 secs] 621619K->605235K(896640K), 0.0030542 secs] [Times: user=0.00 sys=0.00, real=0.00 secs] 
2020-10-29T13:19:27.251+0000: [GC (Allocation Failure) 2020-10-29T13:19:27.251+0000: [ParNew: 16388K->4K(18432K), 0.0030142 secs] 621619K->605235K(896640K), 0.0030763 secs] [Times: user=0.01 sys=0.00, real=0.01 secs] 
2020-10-29T13:19:27.269+0000: [GC (Allocation Failure) 2020-10-29T13:19:27.269+0000: [ParNew: 16388K->4K(18432K), 0.0030248 secs] 621619K->605235K(896640K), 0.0030913 secs] [Times: user=0.01 sys=0.00, real=0.00 secs] 
2020-10-29T13:19:27.289+0000: [GC (Allocation Failure) 2020-10-29T13:19:27.289+0000: [ParNew: 16388K->4K(18432K), 0.0030562 secs] 621619K->605235K(896640K), 0.0031185 secs] [Times: user=0.00 sys=0.00, real=0.00 secs] 
2020-10-29T13:19:27.307+0000: [GC (Allocation Failure) 2020-10-29T13:19:27.307+0000: [ParNew: 16388K->4K(18432K), 0.0030559 secs] 621619K->605235K(896640K), 0.0031348 secs] [Times: user=0.00 sys=0.00, real=0.00 secs] 
2020-10-29T13:19:27.329+0000: [GC (Allocation Failure) 2020-10-29T13:19:27.329+0000: [ParNew: 16388K->4K(18432K), 0.0030048 secs] 621619K->605235K(896640K), 0.0030663 secs] [Times: user=0.00 sys=0.00, real=0.00 secs] 
2020-10-29T13:19:27.347+0000: [GC (Allocation Failure) 2020-10-29T13:19:27.347+0000: [ParNew: 16388K->4K(18432K), 0.0030811 secs] 621619K->605235K(896640K), 0.0031490 secs] [Times: user=0.01 sys=0.00, real=0.00 secs] 
2020-10-29T13:19:27.366+0000: [GC (Allocation Failure) 2020-10-29T13:19:27.366+0000: [ParNew: 16388K->4K(18432K), 0.0030546 secs] 621619K->605236K(896640K), 0.0031159 secs] [Times: user=0.00 sys=0.00, real=0.00 secs] 
2020-10-29T13:19:27.384+0000: [GC (Allocation Failure) 2020-10-29T13:19:27.384+0000: [ParNew: 16388K->4K(18432K), 0.0030192 secs] 621620K->605236K(896640K), 0.0030857 secs] [Times: user=0.01 sys=0.00, real=0.01 secs] 
2020-10-29T13:19:27.402+0000: [GC (Allocation Failure) 2020-10-29T13:19:27.402+0000: [ParNew: 16388K->4K(18432K), 0.0030188 secs] 621620K->605236K(896640K), 0.0030802 secs] [Times: user=0.00 sys=0.00, real=0.01 secs] 
2020-10-29T13:19:27.421+0000: [GC (Allocation Failure) 2020-10-29T13:19:27.421+0000: [ParNew: 16388K->4K(18432K), 0.0030277 secs] 621620K->605236K(896640K), 0.0030902 secs] [Times: user=0.01 sys=0.00, real=0.00 secs] 
2020-10-29T13:19:27.441+0000: [GC (Allocation Failure) 2020-10-29T13:19:27.441+0000: [ParNew: 16388K->4K(18432K), 0.0029562 secs] 621620K->605236K(896640K), 0.0030154 secs] [Times: user=0.01 sys=0.00, real=0.00 secs] 
2020-10-29T13:19:27.459+0000: [GC (Allocation Failure) 2020-10-29T13:19:27.459+0000: [ParNew: 16388K->4K(18432K), 0.0030365 secs] 621620K->605236K(896640K), 0.0030967 secs] [Times: user=0.00 sys=0.00, real=0.00 secs] 
2020-10-29T13:19:27.478+0000: [GC (Allocation Failure) 2020-10-29T13:19:27.478+0000: [ParNew: 16388K->4K(18432K), 0.0039172 secs] 621620K->605236K(896640K), 0.0039886 secs] [Times: user=0.01 sys=0.00, real=0.00 secs] 
2020-10-29T13:19:27.498+0000: [GC (Allocation Failure) 2020-10-29T13:19:27.498+0000: [ParNew: 16388K->4K(18432K), 0.0030549 secs] 621620K->605236K(896640K), 0.0031169 secs] [Times: user=0.00 sys=0.00, real=0.00 secs] 
2020-10-29T13:19:27.516+0000: [GC (Allocation Failure) 2020-10-29T13:19:27.516+0000: [ParNew: 16388K->4K(18432K), 0.0030283 secs] 621620K->605236K(896640K), 0.0031080 secs] [Times: user=0.01 sys=0.00, real=0.00 secs] 
2020-10-29T13:19:27.534+0000: [GC (Allocation Failure) 2020-10-29T13:19:27.534+0000: [ParNew: 16388K->4K(18432K), 0.0030171 secs] 621620K->605236K(896640K), 0.0030812 secs] [Times: user=0.00 sys=0.00, real=0.00 secs] 
2020-10-29T13:19:27.557+0000: [GC (Allocation Failure) 2020-10-29T13:19:27.557+0000: [ParNew: 16388K->4K(18432K), 0.0030196 secs] 621620K->605236K(896640K), 0.0030851 secs] [Times: user=0.00 sys=0.00, real=0.00 secs] 
2020-10-29T13:19:27.579+0000: [GC (Allocation Failure) 2020-10-29T13:19:27.579+0000: [ParNew: 16388K->4K(18432K), 0.0029935 secs] 621620K->605236K(896640K), 0.0030549 secs] [Times: user=0.00 sys=0.00, real=0.00 secs] 
2020-10-29T13:19:27.598+0000: [GC (Allocation Failure) 2020-10-29T13:19:27.598+0000: [ParNew: 16388K->4K(18432K), 0.0029985 secs] 621620K->605236K(896640K), 0.0030604 secs] [Times: user=0.01 sys=0.00, real=0.00 secs] 
2020-10-29T13:19:27.616+0000: [GC (Allocation Failure) 2020-10-29T13:19:27.616+0000: [ParNew: 16388K->4K(18432K), 0.0030005 secs] 621620K->605236K(896640K), 0.0030609 secs] [Times: user=0.00 sys=0.00, real=0.00 secs] 
2020-10-29T13:19:27.634+0000: [GC (Allocation Failure) 2020-10-29T13:19:27.634+0000: [ParNew: 16388K->4K(18432K), 0.0029070 secs] 621620K->605236K(896640K), 0.0029627 secs] [Times: user=0.01 sys=0.00, real=0.00 secs] 
2020-10-29T13:19:27.653+0000: [GC (Allocation Failure) 2020-10-29T13:19:27.653+0000: [ParNew: 16388K->4K(18432K), 0.0029718 secs] 621620K->605236K(896640K), 0.0030311 secs] [Times: user=0.01 sys=0.00, real=0.00 secs] 
2020-10-29T13:19:27.673+0000: [GC (Allocation Failure) 2020-10-29T13:19:27.673+0000: [ParNew: 16388K->4K(18432K), 0.0029992 secs] 621620K->605236K(896640K), 0.0030610 secs] [Times: user=0.01 sys=0.00, real=0.00 secs] 
2020-10-29T13:19:27.691+0000: [GC (Allocation Failure) 2020-10-29T13:19:27.691+0000: [ParNew: 16388K->4K(18432K), 0.0029641 secs] 621620K->605236K(896640K), 0.0030218 secs] [Times: user=0.01 sys=0.00, real=0.01 secs] 
2020-10-29T13:19:27.709+0000: [GC (Allocation Failure) 2020-10-29T13:19:27.709+0000: [ParNew: 16388K->4K(18432K), 0.0029466 secs] 621620K->605236K(896640K), 0.0030043 secs] [Times: user=0.00 sys=0.00, real=0.01 secs] 
2020-10-29T13:19:27.729+0000: [GC (Allocation Failure) 2020-10-29T13:19:27.729+0000: [ParNew: 16388K->4K(18432K), 0.0029453 secs] 621620K->605236K(896640K), 0.0029963 secs] [Times: user=0.01 sys=0.00, real=0.00 secs] 
2020-10-29T13:19:27.749+0000: [GC (Allocation Failure) 2020-10-29T13:19:27.749+0000: [ParNew: 16388K->4K(18432K), 0.0029775 secs] 621620K->605236K(896640K), 0.0030467 secs] [Times: user=0.00 sys=0.00, real=0.00 secs] 
2020-10-29T13:19:27.771+0000: [GC (Allocation Failure) 2020-10-29T13:19:27.771+0000: [ParNew: 16388K->4K(18432K), 0.0028981 secs] 621620K->605236K(896640K), 0.0029541 secs] [Times: user=0.00 sys=0.00, real=0.01 secs] 
2020-10-29T13:19:27.789+0000: [GC (Allocation Failure) 2020-10-29T13:19:27.789+0000: [ParNew: 16388K->4K(18432K), 0.0028218 secs] 621620K->605236K(896640K), 0.0028907 secs] [Times: user=0.01 sys=0.00, real=0.00 secs] 
2020-10-29T13:19:27.807+0000: [GC (Allocation Failure) 2020-10-29T13:19:27.807+0000: [ParNew: 16388K->4K(18432K), 0.0029398 secs] 621620K->605236K(896640K), 0.0029975 secs] [Times: user=0.00 sys=0.00, real=0.00 secs] 
2020-10-29T13:19:27.826+0000: [GC (Allocation Failure) 2020-10-29T13:19:27.826+0000: [ParNew: 16388K->4K(18432K), 0.0029459 secs] 621620K->605236K(896640K), 0.0030022 secs] [Times: user=0.01 sys=0.00, real=0.00 secs] 
2020-10-29T13:19:27.845+0000: [GC (Allocation Failure) 2020-10-29T13:19:27.845+0000: [ParNew: 16388K->4K(18432K), 0.0029398 secs] 621620K->605236K(896640K), 0.0029983 secs] [Times: user=0.01 sys=0.00, real=0.00 secs] 
2020-10-29T13:19:27.863+0000: [GC (Allocation Failure) 2020-10-29T13:19:27.863+0000: [ParNew: 16388K->4K(18432K), 0.0029204 secs] 621620K->605236K(896640K), 0.0029780 secs] [Times: user=0.00 sys=0.00, real=0.01 secs] 
2020-10-29T13:19:27.881+0000: [GC (Allocation Failure) 2020-10-29T13:19:27.881+0000: [ParNew: 16388K->4K(18432K), 0.0029496 secs] 621620K->605236K(896640K), 0.0030052 secs] [Times: user=0.01 sys=0.00, real=0.00 secs] 
2020-10-29T13:19:27.899+0000: [GC (Allocation Failure) 2020-10-29T13:19:27.899+0000: [ParNew: 16388K->4K(18432K), 0.0029427 secs] 621620K->605236K(896640K), 0.0029996 secs] [Times: user=0.00 sys=0.00, real=0.00 secs] 
2020-10-29T13:19:27.918+0000: [GC (Allocation Failure) 2020-10-29T13:19:27.918+0000: [ParNew: 16388K->4K(18432K), 0.0028913 secs] 621620K->605236K(896640K), 0.0029464 secs] [Times: user=0.01 sys=0.00, real=0.00 secs] 
2020-10-29T13:19:27.936+0000: [GC (Allocation Failure) 2020-10-29T13:19:27.937+0000: [ParNew: 16388K->4K(18432K), 0.0028873 secs] 621620K->605236K(896640K), 0.0029444 secs] [Times: user=0.00 sys=0.00, real=0.00 secs] 
2020-10-29T13:19:27.955+0000: [GC (Allocation Failure) 2020-10-29T13:19:27.955+0000: [ParNew: 16388K->4K(18432K), 0.0029441 secs] 621620K->605236K(896640K), 0.0030040 secs] [Times: user=0.01 sys=0.00, real=0.00 secs] 
2020-10-29T13:19:27.973+0000: [GC (Allocation Failure) 2020-10-29T13:19:27.973+0000: [ParNew: 16388K->4K(18432K), 0.0028605 secs] 621620K->605236K(896640K), 0.0029142 secs] [Times: user=0.00 sys=0.00, real=0.00 secs] 
2020-10-29T13:19:27.993+0000: [GC (Allocation Failure) 2020-10-29T13:19:27.993+0000: [ParNew: 16388K->4K(18432K), 0.0029536 secs] 621620K->605236K(896640K), 0.0030136 secs] [Times: user=0.00 sys=0.00, real=0.00 secs] 
2020-10-29T13:19:28.011+0000: [GC (Allocation Failure) 2020-10-29T13:19:28.011+0000: [ParNew: 16388K->4K(18432K), 0.0029144 secs] 621620K->605236K(896640K), 0.0029768 secs] [Times: user=0.00 sys=0.00, real=0.01 secs] 
2020-10-29T13:19:28.030+0000: [GC (Allocation Failure) 2020-10-29T13:19:28.030+0000: [ParNew: 16388K->4K(18432K), 0.0030587 secs] 621620K->605236K(896640K), 0.0031201 secs] [Times: user=0.01 sys=0.00, real=0.01 secs] 
2020-10-29T13:19:28.049+0000: [GC (Allocation Failure) 2020-10-29T13:19:28.049+0000: [ParNew: 16388K->4K(18432K), 0.0029965 secs] 621620K->605236K(896640K), 0.0030530 secs] [Times: user=0.00 sys=0.00, real=0.00 secs] 
2020-10-29T13:19:28.068+0000: [GC (Allocation Failure) 2020-10-29T13:19:28.069+0000: [ParNew: 16388K->4K(18432K), 0.0028156 secs] 621620K->605236K(896640K), 0.0028694 secs] [Times: user=0.01 sys=0.00, real=0.00 secs] 
2020-10-29T13:19:28.088+0000: [GC (Allocation Failure) 2020-10-29T13:19:28.089+0000: [ParNew: 16388K->4K(18432K), 0.0030270 secs] 621620K->605236K(896640K), 0.0030802 secs] [Times: user=0.00 sys=0.00, real=0.00 secs] 
2020-10-29T13:19:28.108+0000: [GC (Allocation Failure) 2020-10-29T13:19:28.109+0000: [ParNew: 16388K->4K(18432K), 0.0029088 secs] 621620K->605236K(896640K), 0.0029655 secs] [Times: user=0.01 sys=0.00, real=0.00 secs] 
2020-10-29T13:19:28.127+0000: [GC (Allocation Failure) 2020-10-29T13:19:28.127+0000: [ParNew: 16388K->4K(18432K), 0.0031045 secs] 621620K->605236K(896640K), 0.0031703 secs] [Times: user=0.00 sys=0.00, real=0.00 secs] 
2020-10-29T13:19:28.146+0000: [GC (Allocation Failure) 2020-10-29T13:19:28.146+0000: [ParNew: 16388K->4K(18432K), 0.0030543 secs] 621620K->605236K(896640K), 0.0031250 secs] [Times: user=0.00 sys=0.00, real=0.00 secs] 
2020-10-29T13:19:28.164+0000: [GC (Allocation Failure) 2020-10-29T13:19:28.164+0000: [ParNew: 16388K->4K(18432K), 0.0033249 secs] 621620K->605236K(896640K), 0.0034148 secs] [Times: user=0.01 sys=0.00, real=0.01 secs] 
2020-10-29T13:19:28.183+0000: [GC (Allocation Failure) 2020-10-29T13:19:28.183+0000: [ParNew: 16388K->4K(18432K), 0.0030554 secs] 621620K->605236K(896640K), 0.0031184 secs] [Times: user=0.00 sys=0.00, real=0.01 secs] 
2020-10-29T13:19:28.201+0000: [GC (Allocation Failure) 2020-10-29T13:19:28.201+0000: [ParNew: 16388K->4K(18432K), 0.0031168 secs] 621620K->605236K(896640K), 0.0031779 secs] [Times: user=0.01 sys=0.00, real=0.00 secs] 
2020-10-29T13:19:28.219+0000: [GC (Allocation Failure) 2020-10-29T13:19:28.219+0000: [ParNew: 16388K->4K(18432K), 0.0029948 secs] 621620K->605236K(896640K), 0.0030562 secs] [Times: user=0.00 sys=0.00, real=0.00 secs] 
2020-10-29T13:19:28.238+0000: [GC (Allocation Failure) 2020-10-29T13:19:28.238+0000: [ParNew: 16388K->4K(18432K), 0.0029569 secs] 621620K->605236K(896640K), 0.0030154 secs] [Times: user=0.00 sys=0.00, real=0.00 secs] 
2020-10-29T13:19:28.256+0000: [GC (Allocation Failure) 2020-10-29T13:19:28.256+0000: [ParNew: 16388K->4K(18432K), 0.0029205 secs] 621620K->605236K(896640K), 0.0029759 secs] [Times: user=0.00 sys=0.00, real=0.00 secs] 
2020-10-29T13:19:28.274+0000: [GC (Allocation Failure) 2020-10-29T13:19:28.274+0000: [ParNew: 16388K->4K(18432K), 0.0029760 secs] 621620K->605236K(896640K), 0.0030335 secs] [Times: user=0.00 sys=0.00, real=0.00 secs] 
2020-10-29T13:19:28.293+0000: [GC (Allocation Failure) 2020-10-29T13:19:28.293+0000: [ParNew: 16388K->4K(18432K), 0.0029333 secs] 621620K->605236K(896640K), 0.0029922 secs] [Times: user=0.00 sys=0.00, real=0.00 secs] 
2020-10-29T13:19:28.311+0000: [GC (Allocation Failure) 2020-10-29T13:19:28.311+0000: [ParNew: 16388K->4K(18432K), 0.0030542 secs] 621620K->605236K(896640K), 0.0031197 secs] [Times: user=0.01 sys=0.00, real=0.01 secs] 
2020-10-29T13:19:28.329+0000: [GC (Allocation Failure) 2020-10-29T13:19:28.329+0000: [ParNew: 16388K->4K(18432K), 0.0030358 secs] 621620K->605236K(896640K), 0.0031004 secs] [Times: user=0.00 sys=0.00, real=0.00 secs] 
2020-10-29T13:19:28.349+0000: [GC (Allocation Failure) 2020-10-29T13:19:28.349+0000: [ParNew: 16388K->4K(18432K), 0.0029840 secs] 621620K->605236K(896640K), 0.0030433 secs] [Times: user=0.01 sys=0.00, real=0.00 secs] 
2020-10-29T13:19:28.369+0000: [GC (Allocation Failure) 2020-10-29T13:19:28.369+0000: [ParNew: 16388K->4K(18432K), 0.0029377 secs] 621620K->605236K(896640K), 0.0029968 secs] [Times: user=0.00 sys=0.00, real=0.00 secs] 
2020-10-29T13:19:28.387+0000: [GC (Allocation Failure) 2020-10-29T13:19:28.387+0000: [ParNew: 16388K->4K(18432K), 0.0029646 secs] 621620K->605236K(896640K), 0.0030247 secs] [Times: user=0.01 sys=0.00, real=0.00 secs] 
2020-10-29T13:19:28.405+0000: [GC (Allocation Failure) 2020-10-29T13:19:28.405+0000: [ParNew: 16388K->4K(18432K), 0.0030211 secs] 621620K->605236K(896640K), 0.0030808 secs] [Times: user=0.00 sys=0.00, real=0.00 secs] 
2020-10-29T13:19:28.424+0000: [GC (Allocation Failure) 2020-10-29T13:19:28.424+0000: [ParNew: 16388K->4K(18432K), 0.0029591 secs] 621620K->605236K(896640K), 0.0030186 secs] [Times: user=0.01 sys=0.00, real=0.01 secs] 
2020-10-29T13:19:28.442+0000: [GC (Allocation Failure) 2020-10-29T13:19:28.442+0000: [ParNew: 16388K->4K(18432K), 0.0029664 secs] 621620K->605236K(896640K), 0.0030349 secs] [Times: user=0.00 sys=0.00, real=0.01 secs] 
2020-10-29T13:19:28.460+0000: [GC (Allocation Failure) 2020-10-29T13:19:28.460+0000: [ParNew: 16388K->4K(18432K), 0.0029846 secs] 621620K->605236K(896640K), 0.0030443 secs] [Times: user=0.01 sys=0.00, real=0.00 secs] 
2020-10-29T13:19:28.481+0000: [GC (Allocation Failure) 2020-10-29T13:19:28.481+0000: [ParNew: 16388K->4K(18432K), 0.0030126 secs] 621620K->605236K(896640K), 0.0030724 secs] [Times: user=0.00 sys=0.00, real=0.00 secs] 
2020-10-29T13:19:28.499+0000: [GC (Allocation Failure) 2020-10-29T13:19:28.499+0000: [ParNew: 16388K->4K(18432K), 0.0029688 secs] 621620K->605236K(896640K), 0.0030287 secs] [Times: user=0.01 sys=0.00, real=0.00 secs] 
2020-10-29T13:19:28.521+0000: [GC (Allocation Failure) 2020-10-29T13:19:28.521+0000: [ParNew: 16388K->4K(18432K), 0.0029989 secs] 621620K->605236K(896640K), 0.0030592 secs] [Times: user=0.01 sys=0.00, real=0.00 secs] 
2020-10-29T13:19:28.541+0000: [GC (Allocation Failure) 2020-10-29T13:19:28.541+0000: [ParNew: 16388K->4K(18432K), 0.0029901 secs] 621620K->605236K(896640K), 0.0030495 secs] [Times: user=0.01 sys=0.00, real=0.00 secs] 
2020-10-29T13:19:28.561+0000: [GC (Allocation Failure) 2020-10-29T13:19:28.561+0000: [ParNew: 16388K->4K(18432K), 0.0029528 secs] 621620K->605236K(896640K), 0.0030129 secs] [Times: user=0.00 sys=0.00, real=0.00 secs] 
2020-10-29T13:19:28.579+0000: [GC (Allocation Failure) 2020-10-29T13:19:28.579+0000: [ParNew: 16388K->4K(18432K), 0.0030628 secs] 621620K->605236K(896640K), 0.0031287 secs] [Times: user=0.01 sys=0.00, real=0.00 secs] 
2020-10-29T13:19:28.601+0000: [GC (Allocation Failure) 2020-10-29T13:19:28.601+0000: [ParNew: 16388K->4K(18432K), 0.0030116 secs] 621620K->605236K(896640K), 0.0030723 secs] [Times: user=0.01 sys=0.00, real=0.00 secs] 
2020-10-29T13:19:28.621+0000: [GC (Allocation Failure) 2020-10-29T13:19:28.621+0000: [ParNew: 16388K->4K(18432K), 0.0029763 secs] 621620K->605236K(896640K), 0.0030368 secs] [Times: user=0.00 sys=0.00, real=0.00 secs] 
2020-10-29T13:19:28.641+0000: [GC (Allocation Failure) 2020-10-29T13:19:28.641+0000: [ParNew: 16388K->4K(18432K), 0.0029934 secs] 621620K->605236K(896640K), 0.0030530 secs] [Times: user=0.01 sys=0.00, real=0.00 secs] 
2020-10-29T13:19:28.659+0000: [GC (Allocation Failure) 2020-10-29T13:19:28.659+0000: [ParNew: 16388K->4K(18432K), 0.0029506 secs] 621620K->605236K(896640K), 0.0030089 secs] [Times: user=0.00 sys=0.00, real=0.00 secs] 
2020-10-29T13:19:28.677+0000: [GC (Allocation Failure) 2020-10-29T13:19:28.677+0000: [ParNew: 16388K->4K(18432K), 0.0030766 secs] 621620K->605236K(896640K), 0.0031397 secs] [Times: user=0.01 sys=0.00, real=0.00 secs] 
2020-10-29T13:19:28.696+0000: [GC (Allocation Failure) 2020-10-29T13:19:28.696+0000: [ParNew: 16388K->4K(18432K), 0.0029895 secs] 621620K->605236K(896640K), 0.0030496 secs] [Times: user=0.01 sys=0.00, real=0.00 secs] 
2020-10-29T13:19:28.717+0000: [GC (Allocation Failure) 2020-10-29T13:19:28.717+0000: [ParNew: 16388K->4K(18432K), 0.0029381 secs] 621620K->605236K(896640K), 0.0029944 secs] [Times: user=0.01 sys=0.00, real=0.00 secs] 
2020-10-29T13:19:28.737+0000: [GC (Allocation Failure) 2020-10-29T13:19:28.737+0000: [ParNew: 16388K->4K(18432K), 0.0030210 secs] 621620K->605236K(896640K), 0.0030816 secs] [Times: user=0.00 sys=0.00, real=0.00 secs] 
2020-10-29T13:19:28.755+0000: [GC (Allocation Failure) 2020-10-29T13:19:28.755+0000: [ParNew: 16388K->4K(18432K), 0.0029855 secs] 621620K->605236K(896640K), 0.0030459 secs] [Times: user=0.01 sys=0.00, real=0.00 secs] 
2020-10-29T13:19:28.774+0000: [GC (Allocation Failure) 2020-10-29T13:19:28.774+0000: [ParNew: 16388K->4K(18432K), 0.0030507 secs] 621620K->605236K(896640K), 0.0031110 secs] [Times: user=0.00 sys=0.00, real=0.00 secs] 
2020-10-29T13:19:28.792+0000: [GC (Allocation Failure) 2020-10-29T13:19:28.792+0000: [ParNew: 16388K->4K(18432K), 0.0030430 secs] 621620K->605236K(896640K), 0.0031024 secs] [Times: user=0.01 sys=0.00, real=0.01 secs] 
2020-10-29T13:19:28.810+0000: [GC (Allocation Failure) 2020-10-29T13:19:28.810+0000: [ParNew: 16388K->4K(18432K), 0.0030141 secs] 621620K->605236K(896640K), 0.0030742 secs] [Times: user=0.00 sys=0.00, real=0.01 secs] 
2020-10-29T13:19:28.829+0000: [GC (Allocation Failure) 2020-10-29T13:19:28.829+0000: [ParNew: 16388K->4K(18432K), 0.0029024 secs] 621620K->605236K(896640K), 0.0029630 secs] [Times: user=0.01 sys=0.00, real=0.00 secs] 
2020-10-29T13:19:28.847+0000: [GC (Allocation Failure) 2020-10-29T13:19:28.847+0000: [ParNew: 16388K->4K(18432K), 0.0029141 secs] 621620K->605236K(896640K), 0.0029708 secs] [Times: user=0.00 sys=0.00, real=0.00 secs] 
2020-10-29T13:19:28.869+0000: [GC (Allocation Failure) 2020-10-29T13:19:28.869+0000: [ParNew: 16388K->4K(18432K), 0.0029997 secs] 621620K->605236K(896640K), 0.0030820 secs] [Times: user=0.01 sys=0.00, real=0.00 secs] 
2020-10-29T13:19:28.889+0000: [GC (Allocation Failure) 2020-10-29T13:19:28.889+0000: [ParNew: 16388K->4K(18432K), 0.0054593 secs] 621620K->605236K(896640K), 0.0055346 secs] [Times: user=0.01 sys=0.00, real=0.01 secs] 
2020-10-29T13:19:28.913+0000: [GC (Allocation Failure) 2020-10-29T13:19:28.913+0000: [ParNew: 16388K->4K(18432K), 0.0028960 secs] 621620K->605236K(896640K), 0.0029529 secs] [Times: user=0.00 sys=0.00, real=0.00 secs] 
2020-10-29T13:19:28.931+0000: [GC (Allocation Failure) 2020-10-29T13:19:28.931+0000: [ParNew: 16388K->4K(18432K), 0.0029977 secs] 621620K->605236K(896640K), 0.0030600 secs] [Times: user=0.01 sys=0.00, real=0.01 secs] 
2020-10-29T13:19:28.953+0000: [GC (Allocation Failure) 2020-10-29T13:19:28.953+0000: [ParNew: 16388K->4K(18432K), 0.0029742 secs] 621620K->605236K(896640K), 0.0030359 secs] [Times: user=0.00 sys=0.00, real=0.00 secs] 
2020-10-29T13:19:28.973+0000: [GC (Allocation Failure) 2020-10-29T13:19:28.973+0000: [ParNew: 16388K->4K(18432K), 0.0029912 secs] 621620K->605236K(896640K), 0.0030517 secs] [Times: user=0.01 sys=0.00, real=0.00 secs] 
2020-10-29T13:19:28.993+0000: [GC (Allocation Failure) 2020-10-29T13:19:28.993+0000: [ParNew: 16388K->4K(18432K), 0.0046774 secs] 621620K->605236K(896640K), 0.0047414 secs] [Times: user=0.01 sys=0.00, real=0.00 secs] 
2020-10-29T13:19:29.013+0000: [GC (Allocation Failure) 2020-10-29T13:19:29.013+0000: [ParNew: 16388K->4K(18432K), 0.0030066 secs] 621620K->605236K(896640K), 0.0030703 secs] [Times: user=0.01 sys=0.00, real=0.00 secs] 
2020-10-29T13:19:29.031+0000: [GC (Allocation Failure) 2020-10-29T13:19:29.031+0000: [ParNew: 16388K->4K(18432K), 0.0030340 secs] 621620K->605236K(896640K), 0.0030967 secs] [Times: user=0.00 sys=0.00, real=0.01 secs] 
2020-10-29T13:19:29.049+0000: [GC (Allocation Failure) 2020-10-29T13:19:29.049+0000: [ParNew: 16388K->4K(18432K), 0.0030649 secs] 621620K->605236K(896640K), 0.0031288 secs] [Times: user=0.01 sys=0.00, real=0.01 secs] 
2020-10-29T13:19:29.068+0000: [GC (Allocation Failure) 2020-10-29T13:19:29.068+0000: [ParNew: 16388K->4K(18432K), 0.0030409 secs] 621620K->605236K(896640K), 0.0031030 secs] [Times: user=0.01 sys=0.00, real=0.00 secs] 
2020-10-29T13:19:29.086+0000: [GC (Allocation Failure) 2020-10-29T13:19:29.086+0000: [ParNew: 16388K->4K(18432K), 0.0030096 secs] 621620K->605236K(896640K), 0.0030706 secs] [Times: user=0.00 sys=0.00, real=0.00 secs] 
2020-10-29T13:19:29.105+0000: [GC (Allocation Failure) 2020-10-29T13:19:29.105+0000: [ParNew: 16388K->4K(18432K), 0.0029844 secs] 621620K->605236K(896640K), 0.0030426 secs] [Times: user=0.01 sys=0.00, real=0.00 secs] 
2020-10-29T13:19:29.123+0000: [GC (Allocation Failure) 2020-10-29T13:19:29.123+0000: [ParNew: 16388K->4K(18432K), 0.0030065 secs] 621620K->605236K(896640K), 0.0030683 secs] [Times: user=0.00 sys=0.00, real=0.01 secs] 
2020-10-29T13:19:29.145+0000: [GC (Allocation Failure) 2020-10-29T13:19:29.145+0000: [ParNew: 16388K->4K(18432K), 0.0029792 secs] 621620K->605236K(896640K), 0.0030390 secs] [Times: user=0.01 sys=0.00, real=0.00 secs] 
2020-10-29T13:19:29.165+0000: [GC (Allocation Failure) 2020-10-29T13:19:29.165+0000: [ParNew: 16388K->4K(18432K), 0.0029514 secs] 621620K->605236K(896640K), 0.0030102 secs] [Times: user=0.00 sys=0.00, real=0.00 secs] 
2020-10-29T13:19:29.185+0000: [GC (Allocation Failure) 2020-10-29T13:19:29.185+0000: [ParNew: 16388K->4K(18432K), 0.0030074 secs] 621620K->605236K(896640K), 0.0030693 secs] [Times: user=0.00 sys=0.00, real=0.00 secs] 
2020-10-29T13:19:29.203+0000: [GC (Allocation Failure) 2020-10-29T13:19:29.203+0000: [ParNew: 16388K->4K(18432K), 0.0030314 secs] 621620K->605236K(896640K), 0.0030947 secs] [Times: user=0.01 sys=0.00, real=0.01 secs] 
2020-10-29T13:19:29.225+0000: [GC (Allocation Failure) 2020-10-29T13:19:29.225+0000: [ParNew: 16388K->4K(18432K), 0.0029791 secs] 621620K->605236K(896640K), 0.0030398 secs] [Times: user=0.01 sys=0.00, real=0.00 secs] 
2020-10-29T13:19:29.247+0000: [GC (Allocation Failure) 2020-10-29T13:19:29.247+0000: [ParNew: 16388K->4K(18432K), 0.0030291 secs] 621620K->605236K(896640K), 0.0030992 secs] [Times: user=0.00 sys=0.00, real=0.00 secs] 
2020-10-29T13:19:29.269+0000: [GC (Allocation Failure) 2020-10-29T13:19:29.269+0000: [ParNew: 16388K->4K(18432K), 0.0029554 secs] 621620K->605236K(896640K), 0.0030131 secs] [Times: user=0.00 sys=0.00, real=0.00 secs] 
2020-10-29T13:19:29.288+0000: [GC (Allocation Failure) 2020-10-29T13:19:29.288+0000: [ParNew: 16388K->4K(18432K), 0.0029815 secs] 621620K->605236K(896640K), 0.0030429 secs] [Times: user=0.01 sys=0.00, real=0.00 secs] 
2020-10-29T13:19:29.306+0000: [GC (Allocation Failure) 2020-10-29T13:19:29.306+0000: [ParNew: 16388K->4K(18432K), 0.0030327 secs] 621620K->605236K(896640K), 0.0030932 secs] [Times: user=0.00 sys=0.00, real=0.00 secs] 
2020-10-29T13:19:29.325+0000: [GC (Allocation Failure) 2020-10-29T13:19:29.325+0000: [ParNew: 16388K->4K(18432K), 0.0029890 secs] 621620K->605236K(896640K), 0.0030516 secs] [Times: user=0.00 sys=0.00, real=0.00 secs] 
2020-10-29T13:19:29.343+0000: [GC (Allocation Failure) 2020-10-29T13:19:29.343+0000: [ParNew: 16388K->4K(18432K), 0.0030235 secs] 621620K->605236K(896640K), 0.0030856 secs] [Times: user=0.00 sys=0.00, real=0.01 secs] 
2020-10-29T13:19:29.362+0000: [GC (Allocation Failure) 2020-10-29T13:19:29.362+0000: [ParNew: 16388K->4K(18432K), 0.0030397 secs] 621620K->605236K(896640K), 0.0030963 secs] [Times: user=0.01 sys=0.00, real=0.01 secs] 
2020-10-29T13:19:29.380+0000: [GC (Allocation Failure) 2020-10-29T13:19:29.380+0000: [ParNew: 16388K->4K(18432K), 0.0030006 secs] 621620K->605236K(896640K), 0.0030708 secs] [Times: user=0.01 sys=0.00, real=0.00 secs] 
2020-10-29T13:19:29.399+0000: [GC (Allocation Failure) 2020-10-29T13:19:29.399+0000: [ParNew: 16388K->4K(18432K), 0.0029946 secs] 621620K->605236K(896640K), 0.0030557 secs] [Times: user=0.00 sys=0.00, real=0.00 secs] 
2020-10-29T13:19:29.421+0000: [GC (Allocation Failure) 2020-10-29T13:19:29.421+0000: [ParNew: 16388K->4K(18432K), 0.0029729 secs] 621620K->605236K(896640K), 0.0030323 secs] [Times: user=0.00 sys=0.00, real=0.00 secs] 
2020-10-29T13:19:29.439+0000: [GC (Allocation Failure) 2020-10-29T13:19:29.439+0000: [ParNew: 16388K->4K(18432K), 0.0030476 secs] 621620K->605236K(896640K), 0.0031097 secs] [Times: user=0.01 sys=0.00, real=0.00 secs] 
2020-10-29T13:19:29.457+0000: [GC (Allocation Failure) 2020-10-29T13:19:29.457+0000: [ParNew: 16388K->4K(18432K), 0.0030859 secs] 621620K->605236K(896640K), 0.0031594 secs] [Times: user=0.00 sys=0.00, real=0.00 secs] 
2020-10-29T13:19:29.476+0000: [GC (Allocation Failure) 2020-10-29T13:19:29.476+0000: [ParNew: 16388K->4K(18432K), 0.0029583 secs] 621620K->605236K(896640K), 0.0030162 secs] [Times: user=0.01 sys=0.00, real=0.00 secs] 
2020-10-29T13:19:29.498+0000: [GC (Allocation Failure) 2020-10-29T13:19:29.498+0000: [ParNew: 16388K->4K(18432K), 0.0029658 secs] 621620K->605236K(896640K), 0.0030239 secs] [Times: user=0.01 sys=0.00, real=0.00 secs] 
2020-10-29T13:19:29.521+0000: [GC (Allocation Failure) 2020-10-29T13:19:29.521+0000: [ParNew: 16388K->4K(18432K), 0.0029756 secs] 621620K->605236K(896640K), 0.0030359 secs] [Times: user=0.00 sys=0.00, real=0.00 secs] 
2020-10-29T13:19:29.541+0000: [GC (Allocation Failure) 2020-10-29T13:19:29.541+0000: [ParNew: 16388K->4K(18432K), 0.0029601 secs] 621620K->605236K(896640K), 0.0030185 secs] [Times: user=0.01 sys=0.00, real=0.00 secs] 
2020-10-29T13:19:29.559+0000: [GC (Allocation Failure) 2020-10-29T13:19:29.559+0000: [ParNew: 16388K->4K(18432K), 0.0030201 secs] 621620K->605236K(896640K), 0.0030936 secs] [Times: user=0.00 sys=0.00, real=0.00 secs] 
2020-10-29T13:19:29.581+0000: [GC (Allocation Failure) 2020-10-29T13:19:29.581+0000: [ParNew: 16388K->4K(18432K), 0.0030810 secs] 621620K->605236K(896640K), 0.0031422 secs] [Times: user=0.00 sys=0.00, real=0.00 secs] 
2020-10-29T13:19:29.601+0000: [GC (Allocation Failure) 2020-10-29T13:19:29.601+0000: [ParNew: 16388K->4K(18432K), 0.0029208 secs] 621620K->605236K(896640K), 0.0029773 secs] [Times: user=0.01 sys=0.00, real=0.00 secs] 
2020-10-29T13:19:29.621+0000: [GC (Allocation Failure) 2020-10-29T13:19:29.621+0000: [ParNew: 16388K->4K(18432K), 0.0029762 secs] 621620K->605236K(896640K), 0.0030369 secs] [Times: user=0.01 sys=0.00, real=0.00 secs] 
2020-10-29T13:19:29.639+0000: [GC (Allocation Failure) 2020-10-29T13:19:29.639+0000: [ParNew: 16388K->4K(18432K), 0.0029640 secs] 621620K->605236K(896640K), 0.0030226 secs] [Times: user=0.00 sys=0.00, real=0.00 secs] 
2020-10-29T13:19:29.661+0000: [GC (Allocation Failure) 2020-10-29T13:19:29.661+0000: [ParNew: 16388K->4K(18432K), 0.0030079 secs] 621620K->605236K(896640K), 0.0030677 secs] [Times: user=0.00 sys=0.00, real=0.00 secs] 
2020-10-29T13:19:29.681+0000: [GC (Allocation Failure) 2020-10-29T13:19:29.681+0000: [ParNew: 16388K->4K(18432K), 0.0029785 secs] 621620K->605236K(896640K), 0.0030384 secs] [Times: user=0.01 sys=0.00, real=0.00 secs] 
2020-10-29T13:19:29.701+0000: [GC (Allocation Failure) 2020-10-29T13:19:29.701+0000: [ParNew: 16388K->4K(18432K), 0.0030148 secs] 621620K->605236K(896640K), 0.0030890 secs] [Times: user=0.01 sys=0.00, real=0.00 secs] 
2020-10-29T13:19:29.733+0000: [GC (Allocation Failure) 2020-10-29T13:19:29.733+0000: [ParNew: 16388K->4K(18432K), 0.0030125 secs] 621620K->605236K(896640K), 0.0030756 secs] [Times: user=0.01 sys=0.00, real=0.00 secs] 
2020-10-29T13:19:29.765+0000: [GC (Allocation Failure) 2020-10-29T13:19:29.765+0000: [ParNew: 16388K->4K(18432K), 0.0029687 secs] 621620K->605236K(896640K), 0.0030296 secs] [Times: user=0.01 sys=0.00, real=0.00 secs] 
2020-10-29T13:19:29.797+0000: [GC (Allocation Failure) 2020-10-29T13:19:29.797+0000: [ParNew: 16388K->4K(18432K), 0.0030030 secs] 621620K->605236K(896640K), 0.0030646 secs] [Times: user=0.00 sys=0.00, real=0.00 secs] 
2020-10-29T13:19:29.829+0000: [GC (Allocation Failure) 2020-10-29T13:19:29.829+0000: [ParNew: 16388K->4K(18432K), 0.0029991 secs] 621620K->605236K(896640K), 0.0030596 secs] [Times: user=0.00 sys=0.00, real=0.00 secs] 
2020-10-29T13:19:29.860+0000: [GC (Allocation Failure) 2020-10-29T13:19:29.860+0000: [ParNew: 16388K->4K(18432K), 0.0029989 secs] 621620K->605236K(896640K), 0.0030598 secs] [Times: user=0.00 sys=0.00, real=0.00 secs] 
2020-10-29T13:19:29.892+0000: [GC (Allocation Failure) 2020-10-29T13:19:29.892+0000: [ParNew: 16388K->4K(18432K), 0.0030618 secs] 621620K->605238K(896640K), 0.0031236 secs] [Times: user=0.01 sys=0.00, real=0.01 secs] 
2020-10-29T13:19:29.923+0000: [GC (Allocation Failure) 2020-10-29T13:19:29.923+0000: [ParNew: 16388K->4K(18432K), 0.0030142 secs] 621622K->605238K(896640K), 0.0030755 secs] [Times: user=0.01 sys=0.00, real=0.01 secs] 
2020-10-29T13:19:29.954+0000: [GC (Allocation Failure) 2020-10-29T13:19:29.954+0000: [ParNew: 16388K->4K(18432K), 0.0030069 secs] 621622K->605238K(896640K), 0.0030672 secs] [Times: user=0.01 sys=0.00, real=0.00 secs] 
2020-10-29T13:19:29.988+0000: [GC (Allocation Failure) 2020-10-29T13:19:29.988+0000: [ParNew: 16388K->4K(18432K), 0.0030201 secs] 621622K->605238K(896640K), 0.0031039 secs] [Times: user=0.00 sys=0.00, real=0.00 secs] 
2020-10-29T13:19:30.021+0000: [GC (Allocation Failure) 2020-10-29T13:19:30.021+0000: [ParNew: 16388K->4K(18432K), 0.0030766 secs] 621622K->605238K(896640K), 0.0031292 secs] [Times: user=0.01 sys=0.00, real=0.01 secs] 
2020-10-29T13:19:30.057+0000: [GC (Allocation Failure) 2020-10-29T13:19:30.057+0000: [ParNew: 16388K->4K(18432K), 0.0029711 secs] 621622K->605238K(896640K), 0.0030252 secs] [Times: user=0.01 sys=0.00, real=0.00 secs] 
2020-10-29T13:19:30.089+0000: [GC (Allocation Failure) 2020-10-29T13:19:30.089+0000: [ParNew: 16388K->4K(18432K), 0.0030658 secs] 621622K->605238K(896640K), 0.0031359 secs] [Times: user=0.00 sys=0.00, real=0.00 secs] 
2020-10-29T13:19:30.126+0000: [GC (Allocation Failure) 2020-10-29T13:19:30.126+0000: [ParNew: 16388K->2K(18432K), 0.0067536 secs] 621622K->605236K(896640K), 0.0068073 secs] [Times: user=0.01 sys=0.00, real=0.01 secs] 
2020-10-29T13:19:30.162+0000: [GC (Allocation Failure) 2020-10-29T13:19:30.162+0000: [ParNew: 16386K->4K(18432K), 0.0037368 secs] 621620K->605238K(896640K), 0.0038112 secs] [Times: user=0.00 sys=0.00, real=0.01 secs] 
2020-10-29T13:19:30.199+0000: [GC (Allocation Failure) 2020-10-29T13:19:30.199+0000: [ParNew: 16388K->4K(18432K), 0.0030377 secs] 621622K->605238K(896640K), 0.0031238 secs] [Times: user=0.00 sys=0.00, real=0.00 secs] 
2020-10-29T13:19:30.231+0000: [GC (Allocation Failure) 2020-10-29T13:19:30.231+0000: [ParNew: 16388K->4K(18432K), 0.0030416 secs] 621622K->605238K(896640K), 0.0031271 secs] [Times: user=0.01 sys=0.00, real=0.01 secs] 
2020-10-29T13:19:30.273+0000: [GC (Allocation Failure) 2020-10-29T13:19:30.273+0000: [ParNew: 16388K->4K(18432K), 0.0033704 secs] 621622K->605238K(896640K), 0.0034464 secs] [Times: user=0.01 sys=0.00, real=0.00 secs] 
2020-10-29T13:19:30.313+0000: [GC (Allocation Failure) 2020-10-29T13:19:30.313+0000: [ParNew: 16388K->4K(18432K), 0.0064116 secs] 621622K->605238K(896640K), 0.0064741 secs] [Times: user=0.00 sys=0.00, real=0.00 secs] 
2020-10-29T13:19:30.377+0000: [GC (Allocation Failure) 2020-10-29T13:19:30.377+0000: [ParNew: 16388K->4K(18432K), 0.0030696 secs] 621622K->605238K(896640K), 0.0031622 secs] [Times: user=0.01 sys=0.00, real=0.00 secs] 
2020-10-29T13:19:30.450+0000: [GC (Allocation Failure) 2020-10-29T13:19:30.450+0000: [ParNew: 16388K->4K(18432K), 0.0030451 secs] 621622K->605238K(896640K), 0.0031306 secs] [Times: user=0.01 sys=0.00, real=0.01 secs] 
2020-10-29T13:19:30.525+0000: [GC (Allocation Failure) 2020-10-29T13:19:30.525+0000: [ParNew: 16388K->4K(18432K), 0.0030547 secs] 621622K->605238K(896640K), 0.0031412 secs] [Times: user=0.01 sys=0.00, real=0.00 secs] 
2020-10-29T13:19:30.561+0000: [GC (Allocation Failure) 2020-10-29T13:19:30.561+0000: [ParNew: 16388K->4K(18432K), 0.0030053 secs] 621622K->605238K(896640K), 0.0030912 secs] [Times: user=0.01 sys=0.00, real=0.00 secs] 
2020-10-29T13:19:30.604+0000: [GC (Allocation Failure) 2020-10-29T13:19:30.604+0000: [ParNew: 16388K->2K(18432K), 0.0108533 secs] 621622K->605236K(896640K), 0.0109425 secs] [Times: user=0.00 sys=0.00, real=0.02 secs] 
2020-10-29T13:19:30.693+0000: [GC (Allocation Failure) 2020-10-29T13:19:30.693+0000: [ParNew: 16386K->4K(18432K), 0.0219333 secs] 621620K->605238K(896640K), 0.0220349 secs] [Times: user=0.00 sys=0.00, real=0.02 secs] 
2020-10-29T13:19:30.777+0000: [GC (Allocation Failure) 2020-10-29T13:19:30.777+0000: [ParNew: 16388K->4K(18432K), 0.0063754 secs] 621622K->605238K(896640K), 0.0064593 secs] [Times: user=0.01 sys=0.00, real=0.00 secs] 
2020-10-29T13:19:30.844+0000: [GC (Allocation Failure) 2020-10-29T13:19:30.844+0000: [ParNew: 16388K->4K(18432K), 0.0101369 secs] 621622K->605238K(896640K), 0.0102292 secs] [Times: user=0.00 sys=0.00, real=0.02 secs] 
2020-10-29T13:19:30.894+0000: [GC (Allocation Failure) 2020-10-29T13:19:30.894+0000: [ParNew: 16388K->4K(18432K), 0.0161595 secs] 621622K->605238K(896640K), 0.0162446 secs] [Times: user=0.01 sys=0.00, real=0.01 secs] 
2020-10-29T13:19:30.949+0000: [GC (Allocation Failure) 2020-10-29T13:19:30.949+0000: [ParNew: 16388K->4K(18432K), 0.0071258 secs] 621622K->605238K(896640K), 0.0072167 secs] [Times: user=0.00 sys=0.00, real=0.01 secs] 
2020-10-29T13:19:31.009+0000: [GC (Allocation Failure) 2020-10-29T13:19:31.009+0000: [ParNew: 16388K->4K(18432K), 0.0074944 secs] 621622K->605238K(896640K), 0.0075875 secs] [Times: user=0.01 sys=0.00, real=0.01 secs] 
2020-10-29T13:19:31.060+0000: [GC (Allocation Failure) 2020-10-29T13:19:31.060+0000: [ParNew: 16388K->4K(18432K), 0.0087421 secs] 621622K->605238K(896640K), 0.0088409 secs] [Times: user=0.01 sys=0.00, real=0.01 secs] 
2020-10-29T13:19:31.111+0000: [GC (Allocation Failure) 2020-10-29T13:19:31.111+0000: [ParNew: 16388K->4K(18432K), 0.0087624 secs] 621622K->605238K(896640K), 0.0088462 secs] [Times: user=0.01 sys=0.00, real=0.01 secs] 
2020-10-29T13:19:31.355+0000: [GC (Allocation Failure) 2020-10-29T13:19:31.355+0000: [ParNew: 16388K->4K(18432K), 0.0030318 secs] 621622K->605238K(896640K), 0.0031041 secs] [Times: user=0.01 sys=0.00, real=0.00 secs] 
2020-10-29T13:19:31.432+0000: [GC (Allocation Failure) 2020-10-29T13:19:31.432+0000: [ParNew: 16388K->4K(18432K), 0.0030290 secs] 621622K->605238K(896640K), 0.0031043 secs] [Times: user=0.01 sys=0.00, real=0.01 secs] 
2020-10-29T13:19:31.905+0000: [GC (Allocation Failure) 2020-10-29T13:19:31.906+0000: [ParNew: 16388K->6K(18432K), 0.0030637 secs] 621622K->605240K(896640K), 0.0031177 secs] [Times: user=0.00 sys=0.00, real=0.00 secs] 
2020-10-29T13:19:33.555+0000: [GC (Allocation Failure) 2020-10-29T13:19:33.555+0000: [ParNew: 16390K->782K(18432K), 0.0037120 secs] 621624K->606016K(896640K), 0.0037885 secs] [Times: user=0.01 sys=0.00, real=0.00 secs] 
2020-10-29T13:19:34.152+0000: [GC (Allocation Failure) 2020-10-29T13:19:34.153+0000: [ParNew: 17166K->1701K(18432K), 0.0052710 secs] 622400K->606935K(896640K), 0.0053352 secs] [Times: user=0.01 sys=0.00, real=0.00 secs] 
2020-10-29T13:19:34.241+0000: [GC (Allocation Failure) 2020-10-29T13:19:34.241+0000: [ParNew: 18085K->1386K(18432K), 0.0083532 secs] 623319K->607654K(896640K), 0.0084214 secs] [Times: user=0.02 sys=0.00, real=0.01 secs] 
2020-10-29T13:19:34.316+0000: [GC (Allocation Failure) 2020-10-29T13:19:34.316+0000: [ParNew: 17770K->808K(18432K), 0.0041282 secs] 624038K->607077K(896640K), 0.0041930 secs] [Times: user=0.01 sys=0.00, real=0.00 secs] 
2020-10-29T13:19:34.402+0000: [GC (Allocation Failure) 2020-10-29T13:19:34.402+0000: [ParNew: 17192K->1503K(18432K), 0.0048044 secs] 623461K->607772K(896640K), 0.0048708 secs] [Times: user=0.01 sys=0.00, real=0.01 secs] 
2020-10-29T13:19:34.475+0000: [GC (Allocation Failure) 2020-10-29T13:19:34.475+0000: [ParNew: 17887K->1599K(18432K), 0.0072381 secs] 624156K->608253K(896640K), 0.0073185 secs] [Times: user=0.02 sys=0.00, real=0.00 secs] 
2020-10-29T13:19:34.581+0000: [GC (Allocation Failure) 2020-10-29T13:19:34.581+0000: [ParNew: 17983K->1479K(18432K), 0.0153615 secs] 624637K->609134K(896640K), 0.0154447 secs] [Times: user=0.03 sys=0.00, real=0.02 secs] 
2020-10-29T13:19:34.675+0000: [GC (Allocation Failure) 2020-10-29T13:19:34.675+0000: [ParNew: 17863K->958K(18432K), 0.0044427 secs] 625518K->608614K(896640K), 0.0045098 secs] [Times: user=0.00 sys=0.00, real=0.00 secs] 
2020-10-29T13:19:34.831+0000: [GC (Allocation Failure) 2020-10-29T13:19:34.831+0000: [ParNew: 17342K->1613K(18432K), 0.0055714 secs] 624998K->609268K(896640K), 0.0056301 secs] [Times: user=0.01 sys=0.00, real=0.01 secs] 
2020-10-29T13:19:34.979+0000: [GC (Allocation Failure) 2020-10-29T13:19:34.979+0000: [ParNew: 17997K->1217K(18432K), 0.0139788 secs] 625652K->609974K(896640K), 0.0140556 secs] [Times: user=0.02 sys=0.00, real=0.02 secs] 
2020-10-29T13:19:35.047+0000: [GC (Allocation Failure) 2020-10-29T13:19:35.047+0000: [ParNew: 17601K->743K(18432K), 0.0041507 secs] 626358K->609500K(896640K), 0.0042186 secs] [Times: user=0.00 sys=0.00, real=0.00 secs] 
2020-10-29T13:19:35.420+0000: [GC (Allocation Failure) 2020-10-29T13:19:35.420+0000: [ParNew: 17127K->656K(18432K), 0.0043053 secs] 625884K->609413K(896640K), 0.0043709 secs] [Times: user=0.01 sys=0.00, real=0.01 secs] 
2020-10-29T13:19:37.765+0000: [GC (Allocation Failure) 2020-10-29T13:19:37.765+0000: [ParNew: 17040K->934K(18432K), 0.0105632 secs] 625797K->609691K(896640K), 0.0106516 secs] [Times: user=0.01 sys=0.00, real=0.01 secs] 
Heap
 par new generation   total 18432K, used 6719K [0x00000000c0000000, 0x00000000c1400000, 0x00000000ca660000)
  eden space 16384K,  35% used [0x00000000c0000000, 0x00000000c05a6358, 0x00000000c1000000)
  from space 2048K,  45% used [0x00000000c1200000, 0x00000000c12e9aa0, 0x00000000c1400000)
  to   space 2048K,   0% used [0x00000000c1000000, 0x00000000c1000000, 0x00000000c1200000)
 concurrent mark-sweep generation total 878208K, used 608757K [0x00000000ca660000, 0x0000000100000000, 0x0000000100000000)
 Metaspace       used 79179K, capacity 80782K, committed 81068K, reserved 1120256K
  class space    used 10652K, capacity 10938K, committed 10956K, reserved 1048576K
End of LogType:stdout



Container: container_1603959726485_0011_01_000001 on ip-10-0-63-237.ec2.internal_8041
=======================================================================================
LogType:stderr
Log Upload Time:gio ott 29 13:19:39 +0000 2020
LogLength:12188
Log Contents:
SLF4J: Class path contains multiple SLF4J bindings.
SLF4J: Found binding in [jar:file:/mnt/yarn/usercache/hadoop/filecache/47/__spark_libs__7431892075664985131.zip/slf4j-log4j12-1.7.16.jar!/org/slf4j/impl/StaticLoggerBinder.class]
SLF4J: Found binding in [jar:file:/usr/lib/hadoop/lib/slf4j-log4j12-1.7.10.jar!/org/slf4j/impl/StaticLoggerBinder.class]
SLF4J: See http://www.slf4j.org/codes.html#multiple_bindings for an explanation.
SLF4J: Actual binding is of type [org.slf4j.impl.Log4jLoggerFactory]
20/10/29 13:16:54 INFO SignalUtils: Registered signal handler for TERM
20/10/29 13:16:54 INFO SignalUtils: Registered signal handler for HUP
20/10/29 13:16:54 INFO SignalUtils: Registered signal handler for INT
20/10/29 13:16:54 INFO SecurityManager: Changing view acls to: yarn,hadoop
20/10/29 13:16:54 INFO SecurityManager: Changing modify acls to: yarn,hadoop
20/10/29 13:16:54 INFO SecurityManager: Changing view acls groups to: 
20/10/29 13:16:54 INFO SecurityManager: Changing modify acls groups to: 
20/10/29 13:16:54 INFO SecurityManager: SecurityManager: authentication disabled; ui acls disabled; users  with view permissions: Set(yarn, hadoop); groups with view permissions: Set(); users  with modify permissions: Set(yarn, hadoop); groups with modify permissions: Set()
20/10/29 13:16:55 INFO ApplicationMaster: Preparing Local resources
20/10/29 13:16:56 INFO ApplicationMaster: ApplicationAttemptId: appattempt_1603959726485_0011_000001
20/10/29 13:16:56 INFO ApplicationMaster: Starting the user application in a separate Thread
20/10/29 13:16:56 INFO ApplicationMaster: Waiting for spark context initialization...
20/10/29 13:16:57 INFO SparkContext: Running Spark version 2.4.0
20/10/29 13:16:57 INFO SparkContext: Submitted application: SpectralRegressionSpark.py
20/10/29 13:16:57 INFO SecurityManager: Changing view acls to: yarn,hadoop
20/10/29 13:16:57 INFO SecurityManager: Changing modify acls to: yarn,hadoop
20/10/29 13:16:57 INFO SecurityManager: Changing view acls groups to: 
20/10/29 13:16:57 INFO SecurityManager: Changing modify acls groups to: 
20/10/29 13:16:57 INFO SecurityManager: SecurityManager: authentication disabled; ui acls disabled; users  with view permissions: Set(yarn, hadoop); groups with view permissions: Set(); users  with modify permissions: Set(yarn, hadoop); groups with modify permissions: Set()
20/10/29 13:16:57 INFO Utils: Successfully started service 'sparkDriver' on port 37355.
20/10/29 13:16:57 INFO SparkEnv: Registering MapOutputTracker
20/10/29 13:16:57 INFO SparkEnv: Registering BlockManagerMaster
20/10/29 13:16:57 INFO BlockManagerMasterEndpoint: Using org.apache.spark.storage.DefaultTopologyMapper for getting topology information
20/10/29 13:16:57 INFO BlockManagerMasterEndpoint: BlockManagerMasterEndpoint up
20/10/29 13:16:58 INFO DiskBlockManager: Created local directory at /mnt/yarn/usercache/hadoop/appcache/application_1603959726485_0011/blockmgr-9eca343a-5250-442e-b28e-76fa4e932834
20/10/29 13:16:58 INFO MemoryStore: MemoryStore started with capacity 424.4 MB
20/10/29 13:16:58 INFO SparkEnv: Registering OutputCommitCoordinator
20/10/29 13:16:58 INFO JettyUtils: Adding filter org.apache.hadoop.yarn.server.webproxy.amfilter.AmIpFilter to /jobs, /jobs/json, /jobs/job, /jobs/job/json, /stages, /stages/json, /stages/stage, /stages/stage/json, /stages/pool, /stages/pool/json, /storage, /storage/json, /storage/rdd, /storage/rdd/json, /environment, /environment/json, /executors, /executors/json, /executors/threadDump, /executors/threadDump/json, /static, /, /api, /jobs/job/kill, /stages/stage/kill.
20/10/29 13:16:58 INFO Utils: Successfully started service 'SparkUI' on port 41001.
20/10/29 13:16:58 INFO SparkUI: Bound SparkUI to 0.0.0.0, and started at http://ip-10-0-63-237.ec2.internal:41001
20/10/29 13:16:58 INFO YarnClusterScheduler: Created YarnClusterScheduler
20/10/29 13:16:58 INFO SchedulerExtensionServices: Starting Yarn extension services with app application_1603959726485_0011 and attemptId Some(appattempt_1603959726485_0011_000001)
20/10/29 13:16:58 INFO Utils: Using initial executors = 0, max of spark.dynamicAllocation.initialExecutors, spark.dynamicAllocation.minExecutors and spark.executor.instances
20/10/29 13:16:58 INFO Utils: Successfully started service 'org.apache.spark.network.netty.NettyBlockTransferService' on port 36337.
20/10/29 13:16:58 INFO NettyBlockTransferService: Server created on ip-10-0-63-237.ec2.internal:36337
20/10/29 13:16:58 INFO BlockManager: Using org.apache.spark.storage.RandomBlockReplicationPolicy for block replication policy
