

Container: container_1603889045947_0001_01_000002 on ip-10-0-57-210.ec2.internal_8041
=======================================================================================
LogType:stderr
Log Upload Time:mer ott 28 12:50:52 +0000 2020
LogLength:24431
Log Contents:
SLF4J: Class path contains multiple SLF4J bindings.
SLF4J: Found binding in [jar:file:/mnt/yarn/usercache/hadoop/filecache/11/__spark_libs__6247018580722835299.zip/slf4j-log4j12-1.7.16.jar!/org/slf4j/impl/StaticLoggerBinder.class]
SLF4J: Found binding in [jar:file:/usr/lib/hadoop/lib/slf4j-log4j12-1.7.10.jar!/org/slf4j/impl/StaticLoggerBinder.class]
SLF4J: See http://www.slf4j.org/codes.html#multiple_bindings for an explanation.
SLF4J: Actual binding is of type [org.slf4j.impl.Log4jLoggerFactory]
20/10/28 12:48:00 INFO CoarseGrainedExecutorBackend: Started daemon with process name: 23790@ip-10-0-57-210
20/10/28 12:48:00 INFO SignalUtils: Registered signal handler for TERM
20/10/28 12:48:00 INFO SignalUtils: Registered signal handler for HUP
20/10/28 12:48:00 INFO SignalUtils: Registered signal handler for INT
20/10/28 12:48:01 INFO SecurityManager: Changing view acls to: yarn,hadoop
20/10/28 12:48:01 INFO SecurityManager: Changing modify acls to: yarn,hadoop
20/10/28 12:48:01 INFO SecurityManager: Changing view acls groups to: 
20/10/28 12:48:01 INFO SecurityManager: Changing modify acls groups to: 
20/10/28 12:48:01 INFO SecurityManager: SecurityManager: authentication disabled; ui acls disabled; users  with view permissions: Set(yarn, hadoop); groups with view permissions: Set(); users  with modify permissions: Set(yarn, hadoop); groups with modify permissions: Set()
20/10/28 12:48:01 INFO TransportClientFactory: Successfully created connection to ip-10-0-61-174.ec2.internal/10.0.61.174:46575 after 108 ms (0 ms spent in bootstraps)
20/10/28 12:48:02 INFO SecurityManager: Changing view acls to: yarn,hadoop
20/10/28 12:48:02 INFO SecurityManager: Changing modify acls to: yarn,hadoop
20/10/28 12:48:02 INFO SecurityManager: Changing view acls groups to: 
20/10/28 12:48:02 INFO SecurityManager: Changing modify acls groups to: 
20/10/28 12:48:02 INFO SecurityManager: SecurityManager: authentication disabled; ui acls disabled; users  with view permissions: Set(yarn, hadoop); groups with view permissions: Set(); users  with modify permissions: Set(yarn, hadoop); groups with modify permissions: Set()
20/10/28 12:48:02 INFO TransportClientFactory: Successfully created connection to ip-10-0-61-174.ec2.internal/10.0.61.174:46575 after 3 ms (0 ms spent in bootstraps)
20/10/28 12:48:02 INFO DiskBlockManager: Created local directory at /mnt/yarn/usercache/hadoop/appcache/application_1603889045947_0001/blockmgr-f3c58803-5084-4ba5-8012-061246d8d663
20/10/28 12:48:02 INFO MemoryStore: MemoryStore started with capacity 2.5 GB
20/10/28 12:48:03 INFO CoarseGrainedExecutorBackend: Connecting to driver: spark://CoarseGrainedScheduler@ip-10-0-61-174.ec2.internal:46575
20/10/28 12:48:03 INFO CoarseGrainedExecutorBackend: Successfully registered with driver
20/10/28 12:48:03 INFO Executor: Starting executor ID 1 on host ip-10-0-57-210.ec2.internal
20/10/28 12:48:03 INFO Utils: Successfully started service 'org.apache.spark.network.netty.NettyBlockTransferService' on port 37575.
20/10/28 12:48:03 INFO NettyBlockTransferService: Server created on ip-10-0-57-210.ec2.internal:37575
20/10/28 12:48:03 INFO BlockManager: Using org.apache.spark.storage.RandomBlockReplicationPolicy for block replication policy
20/10/28 12:48:03 INFO BlockManagerMaster: Registering BlockManager BlockManagerId(1, ip-10-0-57-210.ec2.internal, 37575, None)
20/10/28 12:48:03 INFO BlockManagerMaster: Registered BlockManager BlockManagerId(1, ip-10-0-57-210.ec2.internal, 37575, None)
20/10/28 12:48:03 INFO BlockManager: external shuffle service port = 7337
20/10/28 12:48:03 INFO BlockManager: Registering executor with local external shuffle service.
20/10/28 12:48:03 INFO TransportClientFactory: Successfully created connection to ip-10-0-57-210.ec2.internal/10.0.57.210:7337 after 13 ms (0 ms spent in bootstraps)
20/10/28 12:48:03 INFO BlockManager: Initialized BlockManager: BlockManagerId(1, ip-10-0-57-210.ec2.internal, 37575, None)
20/10/28 12:48:03 INFO CoarseGrainedExecutorBackend: Got assigned task 0
20/10/28 12:48:03 INFO Executor: Running task 0.0 in stage 0.0 (TID 0)
20/10/28 12:48:03 INFO TorrentBroadcast: Started reading broadcast variable 1
20/10/28 12:48:03 INFO TransportClientFactory: Successfully created connection to ip-10-0-61-174.ec2.internal/10.0.61.174:37671 after 7 ms (0 ms spent in bootstraps)
20/10/28 12:48:03 INFO MemoryStore: Block broadcast_1_piece0 stored as bytes in memory (estimated size 14.0 KB, free 2.5 GB)
20/10/28 12:48:03 INFO TorrentBroadcast: Reading broadcast variable 1 took 153 ms
20/10/28 12:48:04 INFO MemoryStore: Block broadcast_1 stored as values in memory (estimated size 33.5 KB, free 2.5 GB)
20/10/28 12:48:05 INFO CodeGenerator: Code generated in 639.169237 ms
20/10/28 12:48:05 INFO CodeGenerator: Code generated in 60.572566 ms
20/10/28 12:48:05 INFO CodeGenerator: Code generated in 25.402489 ms
20/10/28 12:48:05 INFO FileScanRDD: Reading File path: s3://spectral-regression-spark-bucket/spectral_data_class.csv, range: 0-134217728, partition values: [empty row]
20/10/28 12:48:05 INFO CodeGenerator: Code generated in 24.842328 ms
20/10/28 12:48:05 INFO TorrentBroadcast: Started reading broadcast variable 0
20/10/28 12:48:05 INFO MemoryStore: Block broadcast_0_piece0 stored as bytes in memory (estimated size 36.7 KB, free 2.5 GB)
20/10/28 12:48:05 INFO TorrentBroadcast: Reading broadcast variable 0 took 22 ms
20/10/28 12:48:06 INFO MemoryStore: Block broadcast_0 stored as values in memory (estimated size 576.5 KB, free 2.5 GB)
20/10/28 12:48:08 INFO S3NativeFileSystem: Opening 's3://spectral-regression-spark-bucket/spectral_data_class.csv' for reading
20/10/28 12:48:08 INFO GPLNativeCodeLoader: Loaded native gpl library
20/10/28 12:48:08 INFO LzoCodec: Successfully loaded & initialized native-lzo library [hadoop-lzo rev 1546b8dc0ca6f1ffd26a812d52bd7b80915e0a25]
20/10/28 12:48:22 INFO Executor: Finished task 0.0 in stage 0.0 (TID 0). 1922 bytes result sent to driver
20/10/28 12:48:23 INFO CoarseGrainedExecutorBackend: Got assigned task 1
20/10/28 12:48:23 INFO CoarseGrainedExecutorBackend: Got assigned task 2
20/10/28 12:48:23 INFO CoarseGrainedExecutorBackend: Got assigned task 3
20/10/28 12:48:23 INFO Executor: Running task 1.0 in stage 1.0 (TID 2)
20/10/28 12:48:23 INFO CoarseGrainedExecutorBackend: Got assigned task 4
20/10/28 12:48:23 INFO Executor: Running task 0.0 in stage 1.0 (TID 1)
20/10/28 12:48:23 INFO Executor: Running task 3.0 in stage 1.0 (TID 4)
20/10/28 12:48:23 INFO Executor: Running task 2.0 in stage 1.0 (TID 3)
20/10/28 12:48:23 INFO TorrentBroadcast: Started reading broadcast variable 4
20/10/28 12:48:23 INFO MemoryStore: Block broadcast_4_piece0 stored as bytes in memory (estimated size 15.5 KB, free 2.5 GB)
20/10/28 12:48:23 INFO TorrentBroadcast: Reading broadcast variable 4 took 19 ms
20/10/28 12:48:23 INFO MemoryStore: Block broadcast_4 stored as values in memory (estimated size 36.6 KB, free 2.5 GB)
20/10/28 12:48:23 INFO CodeGenerator: Code generated in 87.27977 ms
20/10/28 12:48:26 INFO CodeGenerator: Code generated in 25.200461 ms
20/10/28 12:48:26 INFO FileScanRDD: Reading File path: s3://spectral-regression-spark-bucket/spectral_data_class.csv, range: 0-80801163, partition values: [empty row]
20/10/28 12:48:26 INFO FileScanRDD: Reading File path: s3://spectral-regression-spark-bucket/spectral_data_class.csv, range: 161602326-242403489, partition values: [empty row]
20/10/28 12:48:26 INFO FileScanRDD: Reading File path: s3://spectral-regression-spark-bucket/spectral_data_class.csv, range: 242403489-319010350, partition values: [empty row]
20/10/28 12:48:26 INFO TorrentBroadcast: Started reading broadcast variable 2
20/10/28 12:48:26 INFO FileScanRDD: Reading File path: s3://spectral-regression-spark-bucket/spectral_data_class.csv, range: 80801163-161602326, partition values: [empty row]
20/10/28 12:48:26 INFO MemoryStore: Block broadcast_2_piece0 stored as bytes in memory (estimated size 36.7 KB, free 2.5 GB)
20/10/28 12:48:26 INFO TorrentBroadcast: Reading broadcast variable 2 took 17 ms
20/10/28 12:48:26 INFO MemoryStore: Block broadcast_2 stored as values in memory (estimated size 576.5 KB, free 2.5 GB)
20/10/28 12:48:26 INFO S3NativeFileSystem: Opening 's3://spectral-regression-spark-bucket/spectral_data_class.csv' for reading
20/10/28 12:48:26 INFO S3NativeFileSystem: Opening 's3://spectral-regression-spark-bucket/spectral_data_class.csv' for reading
20/10/28 12:48:26 INFO S3NativeFileSystem: Opening 's3://spectral-regression-spark-bucket/spectral_data_class.csv' for reading
20/10/28 12:48:26 INFO S3NativeFileSystem: Opening 's3://spectral-regression-spark-bucket/spectral_data_class.csv' for reading
20/10/28 12:48:51 INFO JniLoader: successfully loaded /mnt/yarn/usercache/hadoop/appcache/application_1603889045947_0001/container_1603889045947_0001_01_000002/tmp/jniloader6330914770870074555netlib-native_system-linux-x86_64.so
20/10/28 12:48:57 INFO Executor: Finished task 2.0 in stage 1.0 (TID 3). 2356 bytes result sent to driver
20/10/28 12:48:57 INFO Executor: Finished task 3.0 in stage 1.0 (TID 4). 2313 bytes result sent to driver
20/10/28 12:48:57 INFO Executor: Finished task 0.0 in stage 1.0 (TID 1). 2313 bytes result sent to driver
20/10/28 12:48:57 INFO Executor: Finished task 1.0 in stage 1.0 (TID 2). 2356 bytes result sent to driver
20/10/28 12:48:58 INFO CoarseGrainedExecutorBackend: Got assigned task 5
20/10/28 12:48:58 INFO CoarseGrainedExecutorBackend: Got assigned task 6
20/10/28 12:48:58 INFO CoarseGrainedExecutorBackend: Got assigned task 7
20/10/28 12:48:58 INFO CoarseGrainedExecutorBackend: Got assigned task 8
20/10/28 12:48:58 INFO Executor: Running task 0.0 in stage 2.0 (TID 5)
20/10/28 12:48:58 INFO Executor: Running task 3.0 in stage 2.0 (TID 8)
20/10/28 12:48:58 INFO Executor: Running task 1.0 in stage 2.0 (TID 6)
20/10/28 12:48:58 INFO TorrentBroadcast: Started reading broadcast variable 6
20/10/28 12:48:58 INFO Executor: Running task 2.0 in stage 2.0 (TID 7)
20/10/28 12:48:58 INFO MemoryStore: Block broadcast_6_piece0 stored as bytes in memory (estimated size 17.2 KB, free 2.5 GB)
20/10/28 12:48:58 INFO TorrentBroadcast: Reading broadcast variable 6 took 16 ms
20/10/28 12:48:58 INFO MemoryStore: Block broadcast_6 stored as values in memory (estimated size 38.2 KB, free 2.5 GB)
20/10/28 12:48:58 INFO CodeGenerator: Code generated in 77.21821 ms
20/10/28 12:48:58 INFO CodeGenerator: Code generated in 33.082776 ms
20/10/28 12:48:58 INFO FileScanRDD: Reading File path: s3://spectral-regression-spark-bucket/spectral_data_class.csv, range: 80801163-161602326, partition values: [empty row]
20/10/28 12:48:58 INFO FileScanRDD: Reading File path: s3://spectral-regression-spark-bucket/spectral_data_class.csv, range: 242403489-319010350, partition values: [empty row]
20/10/28 12:48:58 INFO TorrentBroadcast: Started reading broadcast variable 5
20/10/28 12:48:58 INFO FileScanRDD: Reading File path: s3://spectral-regression-spark-bucket/spectral_data_class.csv, range: 0-80801163, partition values: [empty row]
20/10/28 12:48:58 INFO FileScanRDD: Reading File path: s3://spectral-regression-spark-bucket/spectral_data_class.csv, range: 161602326-242403489, partition values: [empty row]
20/10/28 12:48:58 INFO MemoryStore: Block broadcast_5_piece0 stored as bytes in memory (estimated size 36.7 KB, free 2.5 GB)
20/10/28 12:48:58 INFO TorrentBroadcast: Reading broadcast variable 5 took 17 ms
20/10/28 12:48:59 INFO MemoryStore: Block broadcast_5 stored as values in memory (estimated size 576.5 KB, free 2.5 GB)
20/10/28 12:48:59 INFO S3NativeFileSystem: Opening 's3://spectral-regression-spark-bucket/spectral_data_class.csv' for reading
20/10/28 12:48:59 INFO S3NativeFileSystem: Opening 's3://spectral-regression-spark-bucket/spectral_data_class.csv' for reading
20/10/28 12:48:59 INFO S3NativeFileSystem: Opening 's3://spectral-regression-spark-bucket/spectral_data_class.csv' for reading
20/10/28 12:48:59 INFO S3NativeFileSystem: Opening 's3://spectral-regression-spark-bucket/spectral_data_class.csv' for reading
20/10/28 12:49:25 INFO Executor: Finished task 3.0 in stage 2.0 (TID 8). 2386 bytes result sent to driver
20/10/28 12:49:26 INFO Executor: Finished task 1.0 in stage 2.0 (TID 6). 2343 bytes result sent to driver
20/10/28 12:49:26 INFO Executor: Finished task 2.0 in stage 2.0 (TID 7). 2343 bytes result sent to driver
20/10/28 12:49:26 INFO Executor: Finished task 0.0 in stage 2.0 (TID 5). 2343 bytes result sent to driver
20/10/28 12:49:26 INFO CoarseGrainedExecutorBackend: Got assigned task 9
20/10/28 12:49:26 INFO Executor: Running task 0.0 in stage 3.0 (TID 9)
20/10/28 12:49:26 INFO CoarseGrainedExecutorBackend: Got assigned task 10
20/10/28 12:49:26 INFO TorrentBroadcast: Started reading broadcast variable 7
20/10/28 12:49:26 INFO CoarseGrainedExecutorBackend: Got assigned task 11
20/10/28 12:49:26 INFO CoarseGrainedExecutorBackend: Got assigned task 12
20/10/28 12:49:26 INFO Executor: Running task 2.0 in stage 3.0 (TID 11)
20/10/28 12:49:26 INFO Executor: Running task 1.0 in stage 3.0 (TID 10)
20/10/28 12:49:26 INFO Executor: Running task 3.0 in stage 3.0 (TID 12)
20/10/28 12:49:26 INFO MemoryStore: Block broadcast_7_piece0 stored as bytes in memory (estimated size 16.9 KB, free 2.5 GB)
20/10/28 12:49:26 INFO TorrentBroadcast: Reading broadcast variable 7 took 13 ms
20/10/28 12:49:26 INFO MemoryStore: Block broadcast_7 stored as values in memory (estimated size 37.3 KB, free 2.5 GB)
20/10/28 12:49:26 INFO FileScanRDD: Reading File path: s3://spectral-regression-spark-bucket/spectral_data_class.csv, range: 0-80801163, partition values: [empty row]
20/10/28 12:49:26 INFO FileScanRDD: Reading File path: s3://spectral-regression-spark-bucket/spectral_data_class.csv, range: 242403489-319010350, partition values: [empty row]
20/10/28 12:49:26 INFO FileScanRDD: Reading File path: s3://spectral-regression-spark-bucket/spectral_data_class.csv, range: 80801163-161602326, partition values: [empty row]
20/10/28 12:49:26 INFO FileScanRDD: Reading File path: s3://spectral-regression-spark-bucket/spectral_data_class.csv, range: 161602326-242403489, partition values: [empty row]
20/10/28 12:49:26 INFO S3NativeFileSystem: Opening 's3://spectral-regression-spark-bucket/spectral_data_class.csv' for reading
20/10/28 12:49:26 INFO S3NativeFileSystem: Opening 's3://spectral-regression-spark-bucket/spectral_data_class.csv' for reading
20/10/28 12:49:26 INFO S3NativeFileSystem: Opening 's3://spectral-regression-spark-bucket/spectral_data_class.csv' for reading
20/10/28 12:49:26 INFO S3NativeFileSystem: Opening 's3://spectral-regression-spark-bucket/spectral_data_class.csv' for reading
20/10/28 12:49:52 INFO Executor: Finished task 3.0 in stage 3.0 (TID 12). 1860 bytes result sent to driver
20/10/28 12:49:52 INFO Executor: Finished task 2.0 in stage 3.0 (TID 11). 1860 bytes result sent to driver
20/10/28 12:49:52 INFO Executor: Finished task 1.0 in stage 3.0 (TID 10). 1860 bytes result sent to driver
20/10/28 12:49:52 INFO Executor: Finished task 0.0 in stage 3.0 (TID 9). 1860 bytes result sent to driver
20/10/28 12:49:53 INFO CoarseGrainedExecutorBackend: Got assigned task 13
20/10/28 12:49:53 INFO Executor: Running task 0.0 in stage 4.0 (TID 13)
20/10/28 12:49:53 INFO CoarseGrainedExecutorBackend: Got assigned task 14
20/10/28 12:49:53 INFO Executor: Running task 1.0 in stage 4.0 (TID 14)
20/10/28 12:49:53 INFO CoarseGrainedExecutorBackend: Got assigned task 15
20/10/28 12:49:53 INFO CoarseGrainedExecutorBackend: Got assigned task 16
20/10/28 12:49:53 INFO Executor: Running task 2.0 in stage 4.0 (TID 15)
20/10/28 12:49:53 INFO TorrentBroadcast: Started reading broadcast variable 9
20/10/28 12:49:53 INFO Executor: Running task 3.0 in stage 4.0 (TID 16)
20/10/28 12:49:53 INFO MemoryStore: Block broadcast_9_piece0 stored as bytes in memory (estimated size 15.1 KB, free 2.5 GB)
20/10/28 12:49:53 INFO TorrentBroadcast: Reading broadcast variable 9 took 10 ms
20/10/28 12:49:53 INFO MemoryStore: Block broadcast_9 stored as values in memory (estimated size 33.2 KB, free 2.5 GB)
20/10/28 12:49:53 INFO CodeGenerator: Code generated in 78.259137 ms
20/10/28 12:49:53 INFO FileScanRDD: Reading File path: s3://spectral-regression-spark-bucket/spectral_data_class.csv, range: 242403489-319010350, partition values: [empty row]
20/10/28 12:49:53 INFO FileScanRDD: Reading File path: s3://spectral-regression-spark-bucket/spectral_data_class.csv, range: 80801163-161602326, partition values: [empty row]
20/10/28 12:49:53 INFO FileScanRDD: Reading File path: s3://spectral-regression-spark-bucket/spectral_data_class.csv, range: 0-80801163, partition values: [empty row]
20/10/28 12:49:53 INFO TorrentBroadcast: Started reading broadcast variable 8
20/10/28 12:49:53 INFO FileScanRDD: Reading File path: s3://spectral-regression-spark-bucket/spectral_data_class.csv, range: 161602326-242403489, partition values: [empty row]
20/10/28 12:49:53 INFO MemoryStore: Block broadcast_8_piece0 stored as bytes in memory (estimated size 36.7 KB, free 2.5 GB)
20/10/28 12:49:53 INFO TorrentBroadcast: Reading broadcast variable 8 took 32 ms
20/10/28 12:49:53 INFO MemoryStore: Block broadcast_8 stored as values in memory (estimated size 576.5 KB, free 2.5 GB)
20/10/28 12:49:53 INFO S3NativeFileSystem: Opening 's3://spectral-regression-spark-bucket/spectral_data_class.csv' for reading
20/10/28 12:49:53 INFO S3NativeFileSystem: Opening 's3://spectral-regression-spark-bucket/spectral_data_class.csv' for reading
20/10/28 12:49:53 INFO S3NativeFileSystem: Opening 's3://spectral-regression-spark-bucket/spectral_data_class.csv' for reading
20/10/28 12:49:53 INFO S3NativeFileSystem: Opening 's3://spectral-regression-spark-bucket/spectral_data_class.csv' for reading
20/10/28 12:50:17 INFO Executor: Finished task 3.0 in stage 4.0 (TID 16). 2589 bytes result sent to driver
20/10/28 12:50:17 INFO Executor: Finished task 2.0 in stage 4.0 (TID 15). 2546 bytes result sent to driver
20/10/28 12:50:18 INFO Executor: Finished task 1.0 in stage 4.0 (TID 14). 2546 bytes result sent to driver
20/10/28 12:50:18 INFO Executor: Finished task 0.0 in stage 4.0 (TID 13). 2546 bytes result sent to driver
20/10/28 12:50:18 INFO CoarseGrainedExecutorBackend: Got assigned task 17
20/10/28 12:50:18 INFO Executor: Running task 0.0 in stage 5.0 (TID 17)
20/10/28 12:50:18 INFO MapOutputTrackerWorker: Updating epoch to 1 and clearing cache
20/10/28 12:50:18 INFO TorrentBroadcast: Started reading broadcast variable 10
20/10/28 12:50:18 INFO MemoryStore: Block broadcast_10_piece0 stored as bytes in memory (estimated size 3.8 KB, free 2.5 GB)
20/10/28 12:50:18 INFO TorrentBroadcast: Reading broadcast variable 10 took 8 ms
20/10/28 12:50:18 INFO MemoryStore: Block broadcast_10 stored as values in memory (estimated size 7.1 KB, free 2.5 GB)
20/10/28 12:50:18 INFO MapOutputTrackerWorker: Don't have map outputs for shuffle 0, fetching them
20/10/28 12:50:18 INFO MapOutputTrackerWorker: Doing the fetch; tracker endpoint = NettyRpcEndpointRef(spark://MapOutputTracker@ip-10-0-61-174.ec2.internal:46575)
20/10/28 12:50:18 INFO MapOutputTrackerWorker: Got the output locations
20/10/28 12:50:18 INFO ShuffleBlockFetcherIterator: Getting 4 non-empty blocks including 4 local blocks and 0 remote blocks
20/10/28 12:50:18 INFO ShuffleBlockFetcherIterator: Started 0 remote fetches in 15 ms
20/10/28 12:50:18 INFO CodeGenerator: Code generated in 13.920336 ms
20/10/28 12:50:18 INFO Executor: Finished task 0.0 in stage 5.0 (TID 17). 1825 bytes result sent to driver
20/10/28 12:50:19 INFO CoarseGrainedExecutorBackend: Got assigned task 18
20/10/28 12:50:19 INFO Executor: Running task 0.0 in stage 6.0 (TID 18)
20/10/28 12:50:19 INFO TorrentBroadcast: Started reading broadcast variable 12
20/10/28 12:50:19 INFO CoarseGrainedExecutorBackend: Got assigned task 19
20/10/28 12:50:19 INFO CoarseGrainedExecutorBackend: Got assigned task 20
20/10/28 12:50:19 INFO Executor: Running task 1.0 in stage 6.0 (TID 19)
20/10/28 12:50:19 INFO CoarseGrainedExecutorBackend: Got assigned task 21
20/10/28 12:50:19 INFO Executor: Running task 2.0 in stage 6.0 (TID 20)
20/10/28 12:50:19 INFO Executor: Running task 3.0 in stage 6.0 (TID 21)
20/10/28 12:50:19 INFO MemoryStore: Block broadcast_12_piece0 stored as bytes in memory (estimated size 17.6 KB, free 2.5 GB)
20/10/28 12:50:19 INFO TorrentBroadcast: Reading broadcast variable 12 took 17 ms
20/10/28 12:50:19 INFO MemoryStore: Block broadcast_12 stored as values in memory (estimated size 38.9 KB, free 2.5 GB)
20/10/28 12:50:19 INFO CodeGenerator: Code generated in 83.537462 ms
20/10/28 12:50:19 INFO FileScanRDD: Reading File path: s3://spectral-regression-spark-bucket/spectral_data_class.csv, range: 161602326-242403489, partition values: [empty row]
20/10/28 12:50:19 INFO FileScanRDD: Reading File path: s3://spectral-regression-spark-bucket/spectral_data_class.csv, range: 80801163-161602326, partition values: [empty row]
20/10/28 12:50:19 INFO FileScanRDD: Reading File path: s3://spectral-regression-spark-bucket/spectral_data_class.csv, range: 0-80801163, partition values: [empty row]
20/10/28 12:50:19 INFO TorrentBroadcast: Started reading broadcast variable 11
20/10/28 12:50:19 INFO FileScanRDD: Reading File path: s3://spectral-regression-spark-bucket/spectral_data_class.csv, range: 242403489-319010350, partition values: [empty row]
20/10/28 12:50:19 INFO MemoryStore: Block broadcast_11_piece0 stored as bytes in memory (estimated size 36.7 KB, free 2.5 GB)
20/10/28 12:50:19 INFO TorrentBroadcast: Reading broadcast variable 11 took 18 ms
20/10/28 12:50:19 INFO MemoryStore: Block broadcast_11 stored as values in memory (estimated size 576.5 KB, free 2.5 GB)
20/10/28 12:50:19 INFO S3NativeFileSystem: Opening 's3://spectral-regression-spark-bucket/spectral_data_class.csv' for reading
20/10/28 12:50:19 INFO S3NativeFileSystem: Opening 's3://spectral-regression-spark-bucket/spectral_data_class.csv' for reading
20/10/28 12:50:19 INFO S3NativeFileSystem: Opening 's3://spectral-regression-spark-bucket/spectral_data_class.csv' for reading
20/10/28 12:50:19 INFO S3NativeFileSystem: Opening 's3://spectral-regression-spark-bucket/spectral_data_class.csv' for reading
20/10/28 12:50:43 INFO Executor: Finished task 3.0 in stage 6.0 (TID 21). 2343 bytes result sent to driver
20/10/28 12:50:43 INFO Executor: Finished task 1.0 in stage 6.0 (TID 19). 2343 bytes result sent to driver
20/10/28 12:50:44 INFO Executor: Finished task 2.0 in stage 6.0 (TID 20). 2343 bytes result sent to driver
20/10/28 12:50:44 INFO Executor: Finished task 0.0 in stage 6.0 (TID 18). 2343 bytes result sent to driver
20/10/28 12:50:45 INFO CoarseGrainedExecutorBackend: Got assigned task 22
20/10/28 12:50:45 INFO Executor: Running task 0.0 in stage 7.0 (TID 22)
20/10/28 12:50:45 INFO TorrentBroadcast: Started reading broadcast variable 13
20/10/28 12:50:45 INFO MemoryStore: Block broadcast_13_piece0 stored as bytes in memory (estimated size 38.2 KB, free 2.5 GB)
20/10/28 12:50:45 INFO TorrentBroadcast: Reading broadcast variable 13 took 12 ms
20/10/28 12:50:45 INFO MemoryStore: Block broadcast_13 stored as values in memory (estimated size 127.6 KB, free 2.5 GB)
20/10/28 12:50:46 INFO HadoopMapRedCommitProtocol: Using output committer class org.apache.hadoop.mapred.DirectFileOutputCommitter
20/10/28 12:50:47 INFO FileOutputCommitter: File Output Committer Algorithm version is 1
20/10/28 12:50:47 INFO FileOutputCommitter: FileOutputCommitter skip cleanup _temporary folders under output directory:false, ignore cleanup failures: false
20/10/28 12:50:47 INFO DirectFileOutputCommitter: Direct Write: DISABLED
20/10/28 12:50:47 INFO PythonRunner: Times: total = 634, boot = 569, init = 65, finish = 0
20/10/28 12:50:48 INFO FileOutputCommitter: Saved output of task 'attempt_20201028125045_0039_m_000000_0' to s3a://spectral-regression-spark-bucket/results_4xm4large_linear_281020-125044/_temporary/0/task_20201028125045_0039_m_000000
20/10/28 12:50:48 INFO SparkHadoopMapRedUtil: attempt_20201028125045_0039_m_000000_0: Committed
20/10/28 12:50:48 INFO Executor: Finished task 0.0 in stage 7.0 (TID 22). 1723 bytes result sent to driver
20/10/28 12:50:49 INFO CoarseGrainedExecutorBackend: Driver commanded a shutdown
20/10/28 12:50:49 INFO MemoryStore: MemoryStore cleared
20/10/28 12:50:49 INFO BlockManager: BlockManager stopped
20/10/28 12:50:49 INFO ShutdownHookManager: Shutdown hook called
End of LogType:stderr

LogType:stdout
Log Upload Time:mer ott 28 12:50:52 +0000 2020
LogLength:616300
Log Contents:
2020-10-28T12:47:59.632+0000: [GC (Allocation Failure) 2020-10-28T12:47:59.632+0000: [ParNew: 34432K->3389K(38720K), 0.0051104 secs] 34432K->3389K(124736K), 0.0051812 secs] [Times: user=0.01 sys=0.00, real=0.00 secs] 
2020-10-28T12:47:59.988+0000: [GC (Allocation Failure) 2020-10-28T12:47:59.988+0000: [ParNew: 37821K->3468K(38720K), 0.0129232 secs] 37821K->4887K(124736K), 0.0129902 secs] [Times: user=0.02 sys=0.00, real=0.01 secs] 
2020-10-28T12:48:00.282+0000: [GC (Allocation Failure) 2020-10-28T12:48:00.282+0000: [ParNew: 37900K->2491K(38720K), 0.0056513 secs] 39319K->4869K(124736K), 0.0057110 secs] [Times: user=0.01 sys=0.00, real=0.01 secs] 
2020-10-28T12:48:00.471+0000: [GC (Allocation Failure) 2020-10-28T12:48:00.471+0000: [ParNew: 36923K->1959K(38720K), 0.0029194 secs] 39301K->4337K(124736K), 0.0029759 secs] [Times: user=0.00 sys=0.00, real=0.00 secs] 
2020-10-28T12:48:00.734+0000: [GC (Allocation Failure) 2020-10-28T12:48:00.734+0000: [ParNew: 36391K->2095K(38720K), 0.0026559 secs] 38769K->4474K(124736K), 0.0027285 secs] [Times: user=0.00 sys=0.00, real=0.00 secs] 
2020-10-28T12:48:01.059+0000: [GC (Allocation Failure) 2020-10-28T12:48:01.059+0000: [ParNew: 36527K->3103K(38720K), 0.0040669 secs] 38906K->5481K(124736K), 0.0041259 secs] [Times: user=0.01 sys=0.00, real=0.00 secs] 
2020-10-28T12:48:01.302+0000: [GC (Allocation Failure) 2020-10-28T12:48:01.302+0000: [ParNew: 37535K->2934K(38720K), 0.0061201 secs] 39913K->5919K(124736K), 0.0061678 secs] [Times: user=0.01 sys=0.00, real=0.01 secs] 
2020-10-28T12:48:01.511+0000: [GC (Allocation Failure) 2020-10-28T12:48:01.511+0000: [ParNew: 37366K->2935K(38720K), 0.0045157 secs] 40351K->6097K(124736K), 0.0045717 secs] [Times: user=0.01 sys=0.00, real=0.00 secs] 
2020-10-28T12:48:01.665+0000: [GC (Allocation Failure) 2020-10-28T12:48:01.665+0000: [ParNew: 37367K->2418K(38720K), 0.0055912 secs] 40529K->5581K(124736K), 0.0056518 secs] [Times: user=0.00 sys=0.00, real=0.01 secs] 
2020-10-28T12:48:01.936+0000: [GC (Allocation Failure) 2020-10-28T12:48:01.936+0000: [ParNew: 36850K->3386K(38720K), 0.0056631 secs] 40013K->6768K(124736K), 0.0057244 secs] [Times: user=0.01 sys=0.00, real=0.01 secs] 
2020-10-28T12:48:02.122+0000: [GC (Allocation Failure) 2020-10-28T12:48:02.122+0000: [ParNew: 37818K->2187K(38720K), 0.0149330 secs] 41200K->22860K(124736K), 0.0149893 secs] [Times: user=0.02 sys=0.01, real=0.01 secs] 
2020-10-28T12:48:02.143+0000: [GC (CMS Initial Mark) [1 CMS-initial-mark: 20672K(86016K)] 24175K(124736K), 0.0016904 secs] [Times: user=0.00 sys=0.00, real=0.00 secs] 
2020-10-28T12:48:02.145+0000: [CMS-concurrent-mark-start]
2020-10-28T12:48:02.247+0000: [CMS-concurrent-mark: 0.102/0.102 secs] [Times: user=0.18 sys=0.02, real=0.11 secs] 
2020-10-28T12:48:02.247+0000: [CMS-concurrent-preclean-start]
2020-10-28T12:48:02.249+0000: [CMS-concurrent-preclean: 0.001/0.001 secs] [Times: user=0.00 sys=0.00, real=0.00 secs] 
2020-10-28T12:48:02.249+0000: [CMS-concurrent-abortable-preclean-start]
2020-10-28T12:48:02.385+0000: [GC (Allocation Failure) 2020-10-28T12:48:02.385+0000: [ParNew: 27519K->2339K(38720K), 0.0040881 secs] 48192K->23012K(124736K), 0.0041456 secs] [Times: user=0.01 sys=0.00, real=0.01 secs] 
2020-10-28T12:48:02.504+0000: [CMS-concurrent-abortable-preclean: 0.079/0.255 secs] [Times: user=0.42 sys=0.01, real=0.25 secs] 
2020-10-28T12:48:02.504+0000: [GC (CMS Final Remark) [YG occupancy: 32295 K (38720 K)]2020-10-28T12:48:02.504+0000: [Rescan (parallel) , 0.0035398 secs]2020-10-28T12:48:02.508+0000: [weak refs processing, 0.0000431 secs]2020-10-28T12:48:02.508+0000: [class unloading, 0.0028263 secs]2020-10-28T12:48:02.511+0000: [scrub symbol table, 0.0026702 secs]2020-10-28T12:48:02.513+0000: [scrub string table, 0.0002724 secs][1 CMS-remark: 20672K(86016K)] 52968K(124736K), 0.0094930 secs] [Times: user=0.01 sys=0.00, real=0.01 secs] 
2020-10-28T12:48:02.514+0000: [CMS-concurrent-sweep-start]
2020-10-28T12:48:02.516+0000: [CMS-concurrent-sweep: 0.002/0.002 secs] [Times: user=0.00 sys=0.00, real=0.00 secs] 
2020-10-28T12:48:02.516+0000: [CMS-concurrent-reset-start]
2020-10-28T12:48:02.579+0000: [GC (Allocation Failure) 2020-10-28T12:48:02.579+0000: [ParNew: 36771K->3375K(38720K), 0.0148447 secs] 57421K->40409K(124736K), 0.0149033 secs] [Times: user=0.02 sys=0.01, real=0.01 secs] 
2020-10-28T12:48:02.736+0000: [CMS-concurrent-reset: 0.203/0.220 secs] [Times: user=0.30 sys=0.14, real=0.22 secs] 
2020-10-28T12:48:02.840+0000: [GC (Allocation Failure) 2020-10-28T12:48:02.840+0000: [ParNew: 37807K->2493K(38720K), 0.0050725 secs] 74841K->40000K(124736K), 0.0051286 secs] [Times: user=0.01 sys=0.00, real=0.00 secs] 
2020-10-28T12:48:02.960+0000: [GC (Allocation Failure) 2020-10-28T12:48:02.960+0000: [ParNew: 36925K->3379K(38720K), 0.0037842 secs] 74432K->40886K(124736K), 0.0038422 secs] [Times: user=0.01 sys=0.00, real=0.00 secs] 
2020-10-28T12:48:03.261+0000: [GC (Allocation Failure) 2020-10-28T12:48:03.261+0000: [ParNew: 37811K->3030K(38720K), 0.0144230 secs] 75318K->41587K(124736K), 0.0144924 secs] [Times: user=0.04 sys=0.00, real=0.01 secs] 
2020-10-28T12:48:03.592+0000: [GC (Allocation Failure) 2020-10-28T12:48:03.592+0000: [ParNew: 37462K->2193K(38720K), 0.0442275 secs] 76019K->58983K(124736K), 0.0443079 secs] [Times: user=0.08 sys=0.01, real=0.04 secs] 
2020-10-28T12:48:03.637+0000: [GC (CMS Initial Mark) [1 CMS-initial-mark: 56789K(86016K)] 59106K(124736K), 0.0015800 secs] [Times: user=0.00 sys=0.00, real=0.01 secs] 
2020-10-28T12:48:03.638+0000: [CMS-concurrent-mark-start]
2020-10-28T12:48:03.680+0000: [CMS-concurrent-mark: 0.042/0.042 secs] [Times: user=0.08 sys=0.00, real=0.04 secs] 
2020-10-28T12:48:03.681+0000: [CMS-concurrent-preclean-start]
2020-10-28T12:48:03.688+0000: [CMS-concurrent-preclean: 0.007/0.007 secs] [Times: user=0.00 sys=0.00, real=0.01 secs] 
2020-10-28T12:48:03.688+0000: [GC (CMS Final Remark) [YG occupancy: 4196 K (38720 K)]2020-10-28T12:48:03.688+0000: [Rescan (parallel) , 0.0024446 secs]2020-10-28T12:48:03.691+0000: [weak refs processing, 0.0000354 secs]2020-10-28T12:48:03.691+0000: [class unloading, 0.0032899 secs]2020-10-28T12:48:03.694+0000: [scrub symbol table, 0.0043797 secs]2020-10-28T12:48:03.698+0000: [scrub string table, 0.0004700 secs][1 CMS-remark: 56789K(86016K)] 60985K(124736K), 0.0107320 secs] [Times: user=0.01 sys=0.00, real=0.01 secs] 
2020-10-28T12:48:03.704+0000: [CMS-concurrent-sweep-start]
2020-10-28T12:48:03.708+0000: [CMS-concurrent-sweep: 0.004/0.004 secs] [Times: user=0.00 sys=0.00, real=0.01 secs] 
2020-10-28T12:48:03.708+0000: [CMS-concurrent-reset-start]
2020-10-28T12:48:03.733+0000: [CMS-concurrent-reset: 0.018/0.025 secs] [Times: user=0.05 sys=0.00, real=0.02 secs] 
2020-10-28T12:48:03.897+0000: [GC (Allocation Failure) 2020-10-28T12:48:03.897+0000: [ParNew: 28708K->1510K(38720K), 0.0033601 secs] 85362K->58165K(133148K), 0.0034143 secs] [Times: user=0.01 sys=0.00, real=0.01 secs] 
2020-10-28T12:48:04.029+0000: [GC (Allocation Failure) 2020-10-28T12:48:04.029+0000: [ParNew: 35942K->1707K(38720K), 0.0142239 secs] 92597K->74746K(133148K), 0.0142863 secs] [Times: user=0.03 sys=0.00, real=0.01 secs] 
2020-10-28T12:48:04.050+0000: [GC (CMS Initial Mark) [1 CMS-initial-mark: 73038K(94428K)] 75681K(133148K), 0.0014977 secs] [Times: user=0.00 sys=0.00, real=0.00 secs] 
2020-10-28T12:48:04.052+0000: [CMS-concurrent-mark-start]
2020-10-28T12:48:04.107+0000: [CMS-concurrent-mark: 0.055/0.055 secs] [Times: user=0.11 sys=0.00, real=0.06 secs] 
2020-10-28T12:48:04.114+0000: [CMS-concurrent-preclean-start]
2020-10-28T12:48:04.115+0000: [CMS-concurrent-preclean: 0.001/0.001 secs] [Times: user=0.01 sys=0.00, real=0.00 secs] 
2020-10-28T12:48:04.115+0000: [CMS-concurrent-abortable-preclean-start]
2020-10-28T12:48:04.330+0000: [GC (Allocation Failure) 2020-10-28T12:48:04.330+0000: [ParNew: 36139K->3385K(38720K), 0.0085354 secs] 109178K->76424K(133148K), 0.0086151 secs] [Times: user=0.01 sys=0.00, real=0.01 secs] 
2020-10-28T12:48:04.513+0000: [CMS-concurrent-abortable-preclean: 0.138/0.398 secs] [Times: user=0.77 sys=0.02, real=0.40 secs] 
2020-10-28T12:48:04.518+0000: [GC (CMS Final Remark) [YG occupancy: 23079 K (38720 K)]2020-10-28T12:48:04.518+0000: [Rescan (parallel) , 0.0145304 secs]2020-10-28T12:48:04.532+0000: [weak refs processing, 0.0000467 secs]2020-10-28T12:48:04.532+0000: [class unloading, 0.0051102 secs]2020-10-28T12:48:04.537+0000: [scrub symbol table, 0.0051642 secs]2020-10-28T12:48:04.542+0000: [scrub string table, 0.0005808 secs][1 CMS-remark: 73038K(94428K)] 96117K(133148K), 0.0256429 secs] [Times: user=0.05 sys=0.00, real=0.02 secs] 
2020-10-28T12:48:04.555+0000: [CMS-concurrent-sweep-start]
2020-10-28T12:48:04.559+0000: [CMS-concurrent-sweep: 0.004/0.004 secs] [Times: user=0.00 sys=0.00, real=0.01 secs] 
2020-10-28T12:48:04.559+0000: [CMS-concurrent-reset-start]
2020-10-28T12:48:04.576+0000: [CMS-concurrent-reset: 0.017/0.017 secs] [Times: user=0.04 sys=0.00, real=0.01 secs] 
2020-10-28T12:48:04.768+0000: [GC (Allocation Failure) 2020-10-28T12:48:04.768+0000: [ParNew: 37817K->2938K(38720K), 0.0092325 secs] 110838K->76800K(160424K), 0.0093028 secs] [Times: user=0.01 sys=0.00, real=0.00 secs] 
2020-10-28T12:48:05.138+0000: [GC (Allocation Failure) 2020-10-28T12:48:05.138+0000: [ParNew: 37370K->2547K(38720K), 0.0132922 secs] 111232K->77051K(160424K), 0.0133622 secs] [Times: user=0.03 sys=0.00, real=0.01 secs] 
2020-10-28T12:48:05.540+0000: [GC (Allocation Failure) 2020-10-28T12:48:05.540+0000: [ParNew: 36979K->3104K(38720K), 0.0097985 secs] 111483K->78504K(160424K), 0.0098685 secs] [Times: user=0.02 sys=0.00, real=0.01 secs] 
2020-10-28T12:48:05.740+0000: [GC (Allocation Failure) 2020-10-28T12:48:05.740+0000: [ParNew: 37536K->2093K(38720K), 0.0085895 secs] 112936K->77494K(160424K), 0.0086490 secs] [Times: user=0.01 sys=0.00, real=0.01 secs] 
2020-10-28T12:48:06.079+0000: [GC (Allocation Failure) 2020-10-28T12:48:06.079+0000: [ParNew: 36525K->2846K(38720K), 0.0056733 secs] 111926K->78246K(160424K), 0.0057435 secs] [Times: user=0.01 sys=0.00, real=0.00 secs] 
2020-10-28T12:48:06.296+0000: [GC (Allocation Failure) 2020-10-28T12:48:06.296+0000: [ParNew: 37278K->4287K(38720K), 0.0072729 secs] 112678K->80517K(160424K), 0.0073318 secs] [Times: user=0.01 sys=0.00, real=0.01 secs] 
2020-10-28T12:48:06.462+0000: [GC (Allocation Failure) 2020-10-28T12:48:06.462+0000: [ParNew: 38719K->2882K(38720K), 0.0118203 secs] 114949K->80577K(160424K), 0.0118999 secs] [Times: user=0.02 sys=0.00, real=0.01 secs] 
2020-10-28T12:48:06.627+0000: [GC (Allocation Failure) 2020-10-28T12:48:06.627+0000: [ParNew: 37314K->2397K(38720K), 0.0064563 secs] 115009K->80092K(160424K), 0.0065296 secs] [Times: user=0.01 sys=0.00, real=0.00 secs] 
2020-10-28T12:48:06.813+0000: [GC (Allocation Failure) 2020-10-28T12:48:06.813+0000: [ParNew: 36829K->2902K(38720K), 0.0046761 secs] 114524K->80597K(160424K), 0.0047376 secs] [Times: user=0.01 sys=0.00, real=0.01 secs] 
2020-10-28T12:48:07.027+0000: [GC (Allocation Failure) 2020-10-28T12:48:07.027+0000: [ParNew: 37334K->2544K(38720K), 0.0061742 secs] 115029K->80874K(160424K), 0.0062361 secs] [Times: user=0.01 sys=0.00, real=0.00 secs] 
2020-10-28T12:48:07.190+0000: [GC (Allocation Failure) 2020-10-28T12:48:07.190+0000: [ParNew: 36976K->3686K(38720K), 0.0135546 secs] 115306K->82525K(160424K), 0.0136258 secs] [Times: user=0.02 sys=0.00, real=0.01 secs] 
2020-10-28T12:48:07.607+0000: [GC (Allocation Failure) 2020-10-28T12:48:07.607+0000: [ParNew: 38118K->3759K(38720K), 0.0105622 secs] 116957K->83323K(160424K), 0.0106404 secs] [Times: user=0.02 sys=0.00, real=0.01 secs] 
2020-10-28T12:48:07.830+0000: [GC (Allocation Failure) 2020-10-28T12:48:07.830+0000: [ParNew: 38191K->3768K(38720K), 0.0188885 secs] 117755K->85689K(160424K), 0.0189773 secs] [Times: user=0.03 sys=0.00, real=0.02 secs] 
2020-10-28T12:48:08.038+0000: [GC (Allocation Failure) 2020-10-28T12:48:08.038+0000: [ParNew: 38200K->2523K(38720K), 0.0040044 secs] 120121K->84444K(160424K), 0.0040617 secs] [Times: user=0.01 sys=0.00, real=0.00 secs] 
2020-10-28T12:48:08.206+0000: [GC (Allocation Failure) 2020-10-28T12:48:08.206+0000: [ParNew: 36955K->1827K(38720K), 0.0134936 secs] 118876K->84657K(160424K), 0.0135527 secs] [Times: user=0.02 sys=0.00, real=0.01 secs] 
2020-10-28T12:48:08.387+0000: [GC (Allocation Failure) 2020-10-28T12:48:08.387+0000: [ParNew: 36259K->1858K(38720K), 0.0103651 secs] 119089K->84688K(160424K), 0.0104378 secs] [Times: user=0.02 sys=0.00, real=0.00 secs] 
2020-10-28T12:48:08.783+0000: [GC (Allocation Failure) 2020-10-28T12:48:08.783+0000: [ParNew: 36290K->3414K(38720K), 0.0071906 secs] 119120K->86244K(160424K), 0.0072613 secs] [Times: user=0.02 sys=0.00, real=0.01 secs] 
2020-10-28T12:48:08.792+0000: [GC (CMS Initial Mark) [1 CMS-initial-mark: 82829K(121704K)] 86932K(160424K), 0.0022163 secs] [Times: user=0.01 sys=0.00, real=0.00 secs] 
2020-10-28T12:48:08.794+0000: [CMS-concurrent-mark-start]
2020-10-28T12:48:08.867+0000: [CMS-concurrent-mark: 0.072/0.072 secs] [Times: user=0.12 sys=0.00, real=0.08 secs] 
2020-10-28T12:48:08.867+0000: [CMS-concurrent-preclean-start]
2020-10-28T12:48:08.868+0000: [CMS-concurrent-preclean: 0.002/0.002 secs] [Times: user=0.00 sys=0.00, real=0.00 secs] 
2020-10-28T12:48:08.868+0000: [CMS-concurrent-abortable-preclean-start]
2020-10-28T12:48:09.074+0000: [GC (Allocation Failure) 2020-10-28T12:48:09.074+0000: [ParNew: 27731K->2234K(38720K), 0.0095872 secs] 110560K->86882K(160424K), 0.0096856 secs] [Times: user=0.02 sys=0.00, real=0.01 secs] 
2020-10-28T12:48:09.111+0000: [CMS-concurrent-abortable-preclean: 0.068/0.243 secs] [Times: user=0.32 sys=0.00, real=0.24 secs] 
2020-10-28T12:48:09.114+0000: [GC (CMS Final Remark) [YG occupancy: 35681 K (38720 K)]2020-10-28T12:48:09.114+0000: [Rescan (parallel) , 0.0023751 secs]2020-10-28T12:48:09.116+0000: [weak refs processing, 0.0001120 secs]2020-10-28T12:48:09.116+0000: [class unloading, 0.0072814 secs]2020-10-28T12:48:09.124+0000: [scrub symbol table, 0.0074945 secs]2020-10-28T12:48:09.131+0000: [scrub string table, 0.0005787 secs][1 CMS-remark: 84648K(121704K)] 120330K(160424K), 0.0179736 secs] [Times: user=0.02 sys=0.00, real=0.02 secs] 
2020-10-28T12:48:09.132+0000: [CMS-concurrent-sweep-start]
2020-10-28T12:48:09.160+0000: [CMS-concurrent-sweep: 0.028/0.028 secs] [Times: user=0.05 sys=0.00, real=0.03 secs] 
2020-10-28T12:48:09.160+0000: [CMS-concurrent-reset-start]
2020-10-28T12:48:09.172+0000: [CMS-concurrent-reset: 0.012/0.012 secs] [Times: user=0.03 sys=0.00, real=0.01 secs] 
2020-10-28T12:48:09.313+0000: [GC (Allocation Failure) 2020-10-28T12:48:09.313+0000: [ParNew: 36666K->645K(38720K), 0.0275309 secs] 120388K->117135K(178260K), 0.0276209 secs] [Times: user=0.04 sys=0.01, real=0.03 secs] 
2020-10-28T12:48:09.352+0000: [GC (CMS Initial Mark) [1 CMS-initial-mark: 116489K(139540K)] 117819K(178260K), 0.0016662 secs] [Times: user=0.00 sys=0.00, real=0.00 secs] 
2020-10-28T12:48:09.354+0000: [CMS-concurrent-mark-start]
2020-10-28T12:48:09.421+0000: [CMS-concurrent-mark: 0.068/0.068 secs] [Times: user=0.13 sys=0.00, real=0.07 secs] 
2020-10-28T12:48:09.421+0000: [CMS-concurrent-preclean-start]
2020-10-28T12:48:09.423+0000: [CMS-concurrent-preclean: 0.001/0.001 secs] [Times: user=0.00 sys=0.01, real=0.00 secs] 
2020-10-28T12:48:09.430+0000: [GC (CMS Final Remark) [YG occupancy: 2012 K (38720 K)]2020-10-28T12:48:09.430+0000: [Rescan (parallel) , 0.0018907 secs]2020-10-28T12:48:09.431+0000: [weak refs processing, 0.0000441 secs]2020-10-28T12:48:09.432+0000: [class unloading, 0.0084618 secs]2020-10-28T12:48:09.440+0000: [scrub symbol table, 0.0073754 secs]2020-10-28T12:48:09.447+0000: [scrub string table, 0.0005803 secs][1 CMS-remark: 116489K(139540K)] 118502K(178260K), 0.0184860 secs] [Times: user=0.03 sys=0.00, real=0.02 secs] 
2020-10-28T12:48:09.448+0000: [CMS-concurrent-sweep-start]
2020-10-28T12:48:09.459+0000: [CMS-concurrent-sweep: 0.011/0.011 secs] [Times: user=0.02 sys=0.00, real=0.01 secs] 
2020-10-28T12:48:09.459+0000: [CMS-concurrent-reset-start]
2020-10-28T12:48:09.470+0000: [CMS-concurrent-reset: 0.011/0.011 secs] [Times: user=0.03 sys=0.00, real=0.01 secs] 
2020-10-28T12:48:09.845+0000: [GC (Allocation Failure) 2020-10-28T12:48:09.846+0000: [ParNew: 35077K->604K(38720K), 0.0049020 secs] 151451K->116978K(232680K), 0.0049755 secs] [Times: user=0.01 sys=0.00, real=0.00 secs] 
2020-10-28T12:48:10.075+0000: [GC (Allocation Failure) 2020-10-28T12:48:10.075+0000: [ParNew: 35036K->845K(38720K), 0.0050062 secs] 151410K->117218K(232680K), 0.0051034 secs] [Times: user=0.01 sys=0.00, real=0.01 secs] 
2020-10-28T12:48:10.305+0000: [GC (Allocation Failure) 2020-10-28T12:48:10.306+0000: [ParNew: 35277K->1482K(38720K), 0.0045397 secs] 151650K->117856K(232680K), 0.0046194 secs] [Times: user=0.01 sys=0.00, real=0.00 secs] 
2020-10-28T12:48:10.482+0000: [GC (Allocation Failure) 2020-10-28T12:48:10.482+0000: [ParNew: 35158K->2415K(38720K), 0.0028264 secs] 151532K->118788K(232680K), 0.0028879 secs] [Times: user=0.00 sys=0.00, real=0.00 secs] 
2020-10-28T12:48:10.612+0000: [GC (Allocation Failure) 2020-10-28T12:48:10.612+0000: [ParNew: 36847K->2210K(38720K), 0.0034059 secs] 153220K->118873K(232680K), 0.0034652 secs] [Times: user=0.01 sys=0.00, real=0.00 secs] 
2020-10-28T12:48:10.696+0000: [GC (Allocation Failure) 2020-10-28T12:48:10.696+0000: [ParNew: 36642K->2093K(38720K), 0.0022340 secs] 153305K->118760K(232680K), 0.0023009 secs] [Times: user=0.00 sys=0.00, real=0.01 secs] 
2020-10-28T12:48:10.774+0000: [GC (Allocation Failure) 2020-10-28T12:48:10.774+0000: [ParNew: 36525K->2078K(38720K), 0.0022732 secs] 153192K->118749K(232680K), 0.0023335 secs] [Times: user=0.01 sys=0.00, real=0.00 secs] 
2020-10-28T12:48:10.827+0000: [GC (Allocation Failure) 2020-10-28T12:48:10.827+0000: [ParNew: 36510K->4125K(38720K), 0.0025727 secs] 153181K->120800K(232680K), 0.0026244 secs] [Times: user=0.00 sys=0.00, real=0.00 secs] 
2020-10-28T12:48:10.890+0000: [GC (Allocation Failure) 2020-10-28T12:48:10.890+0000: [ParNew: 38557K->10K(38720K), 0.0043847 secs] 155232K->120796K(232680K), 0.0044453 secs] [Times: user=0.01 sys=0.01, real=0.00 secs] 
2020-10-28T12:48:10.994+0000: [GC (Allocation Failure) 2020-10-28T12:48:10.994+0000: [ParNew: 34442K->2K(38720K), 0.0033391 secs] 155228K->120788K(232680K), 0.0033995 secs] [Times: user=0.01 sys=0.00, real=0.00 secs] 
2020-10-28T12:48:11.060+0000: [GC (Allocation Failure) 2020-10-28T12:48:11.060+0000: [ParNew: 34434K->4K(38720K), 0.0016262 secs] 155220K->120790K(232680K), 0.0016870 secs] [Times: user=0.00 sys=0.00, real=0.00 secs] 
2020-10-28T12:48:11.111+0000: [GC (Allocation Failure) 2020-10-28T12:48:11.111+0000: [ParNew: 34436K->4K(38720K), 0.0016238 secs] 155222K->120790K(232680K), 0.0016861 secs] [Times: user=0.01 sys=0.00, real=0.00 secs] 
2020-10-28T12:48:11.168+0000: [GC (Allocation Failure) 2020-10-28T12:48:11.168+0000: [ParNew: 34436K->4K(38720K), 0.0016262 secs] 155222K->120790K(232680K), 0.0016872 secs] [Times: user=0.00 sys=0.00, real=0.00 secs] 
2020-10-28T12:48:11.221+0000: [GC (Allocation Failure) 2020-10-28T12:48:11.221+0000: [ParNew: 34436K->4K(38720K), 0.0016136 secs] 155222K->120790K(232680K), 0.0016733 secs] [Times: user=0.00 sys=0.00, real=0.00 secs] 
2020-10-28T12:48:11.274+0000: [GC (Allocation Failure) 2020-10-28T12:48:11.274+0000: [ParNew: 34436K->6K(38720K), 0.0016523 secs] 155222K->120792K(232680K), 0.0017128 secs] [Times: user=0.00 sys=0.00, real=0.00 secs] 
2020-10-28T12:48:11.315+0000: [GC (Allocation Failure) 2020-10-28T12:48:11.315+0000: [ParNew: 34438K->6K(38720K), 0.0069661 secs] 155224K->128984K(232680K), 0.0070284 secs] [Times: user=0.01 sys=0.00, real=0.01 secs] 
2020-10-28T12:48:11.379+0000: [GC (Allocation Failure) 2020-10-28T12:48:11.379+0000: [ParNew: 34438K->6K(38720K), 0.0016419 secs] 163416K->128984K(232680K), 0.0016995 secs] [Times: user=0.00 sys=0.00, real=0.00 secs] 
2020-10-28T12:48:11.431+0000: [GC (Allocation Failure) 2020-10-28T12:48:11.431+0000: [ParNew: 34438K->6K(38720K), 0.0016298 secs] 163416K->128984K(232680K), 0.0016902 secs] [Times: user=0.00 sys=0.00, real=0.00 secs] 
2020-10-28T12:48:11.482+0000: [GC (Allocation Failure) 2020-10-28T12:48:11.482+0000: [ParNew: 34438K->6K(38720K), 0.0016123 secs] 163416K->128984K(232680K), 0.0016739 secs] [Times: user=0.00 sys=0.00, real=0.00 secs] 
2020-10-28T12:48:11.534+0000: [GC (Allocation Failure) 2020-10-28T12:48:11.534+0000: [ParNew: 34438K->6K(38720K), 0.0016361 secs] 163416K->128984K(232680K), 0.0017041 secs] [Times: user=0.00 sys=0.00, real=0.00 secs] 
2020-10-28T12:48:11.598+0000: [GC (Allocation Failure) 2020-10-28T12:48:11.598+0000: [ParNew: 34438K->4K(38720K), 0.0016275 secs] 163416K->128984K(232680K), 0.0016959 secs] [Times: user=0.00 sys=0.00, real=0.00 secs] 
2020-10-28T12:48:11.653+0000: [GC (Allocation Failure) 2020-10-28T12:48:11.653+0000: [ParNew: 34436K->8K(38720K), 0.0016313 secs] 163416K->128988K(232680K), 0.0016917 secs] [Times: user=0.01 sys=0.00, real=0.00 secs] 
2020-10-28T12:48:11.704+0000: [GC (Allocation Failure) 2020-10-28T12:48:11.704+0000: [ParNew: 34440K->9K(38720K), 0.0016327 secs] 163420K->128989K(232680K), 0.0016934 secs] [Times: user=0.00 sys=0.00, real=0.01 secs] 
2020-10-28T12:48:11.755+0000: [GC (Allocation Failure) 2020-10-28T12:48:11.755+0000: [ParNew: 34441K->7K(38720K), 0.0016365 secs] 163421K->128989K(232680K), 0.0016977 secs] [Times: user=0.00 sys=0.00, real=0.00 secs] 
2020-10-28T12:48:11.793+0000: [GC (Allocation Failure) 2020-10-28T12:48:11.793+0000: [ParNew: 25487K->6K(38720K), 0.0016419 secs] 154468K->128987K(232680K), 0.0017018 secs] [Times: user=0.01 sys=0.00, real=0.00 secs] 
2020-10-28T12:48:11.802+0000: [GC (Allocation Failure) 2020-10-28T12:48:11.802+0000: [ParNew: 34438K->6K(38720K), 0.0257660 secs] 163419K->161755K(232680K), 0.0258281 secs] [Times: user=0.03 sys=0.02, real=0.03 secs] 
2020-10-28T12:48:11.828+0000: [GC (CMS Initial Mark) [1 CMS-initial-mark: 161749K(193960K)] 162439K(232680K), 0.0013565 secs] [Times: user=0.01 sys=0.00, real=0.00 secs] 
2020-10-28T12:48:11.830+0000: [CMS-concurrent-mark-start]
2020-10-28T12:48:11.933+0000: [CMS-concurrent-mark: 0.103/0.103 secs] [Times: user=0.19 sys=0.00, real=0.10 secs] 
2020-10-28T12:48:11.933+0000: [GC (Allocation Failure) 2020-10-28T12:48:11.933+0000: [ParNew: 34438K->8K(38720K), 0.0019082 secs] 196187K->161758K(232680K), 0.0019517 secs] [Times: user=0.00 sys=0.00, real=0.00 secs] 
2020-10-28T12:48:11.937+0000: [CMS-concurrent-preclean-start]
2020-10-28T12:48:11.939+0000: [CMS-concurrent-preclean: 0.001/0.001 secs] [Times: user=0.00 sys=0.00, real=0.00 secs] 
2020-10-28T12:48:11.939+0000: [CMS-concurrent-abortable-preclean-start]
2020-10-28T12:48:11.985+0000: [GC (Allocation Failure) 2020-10-28T12:48:11.985+0000: [ParNew: 34440K->6K(38720K), 0.0016593 secs] 196190K->161759K(232680K), 0.0017197 secs] [Times: user=0.01 sys=0.00, real=0.01 secs] 
2020-10-28T12:48:12.036+0000: [GC (Allocation Failure) 2020-10-28T12:48:12.036+0000: [ParNew: 34438K->6K(38720K), 0.0016495 secs] 196191K->161758K(232680K), 0.0017101 secs] [Times: user=0.00 sys=0.00, real=0.01 secs] 
2020-10-28T12:48:12.091+0000: [GC (Allocation Failure) 2020-10-28T12:48:12.091+0000: [ParNew: 34438K->6K(38720K), 0.0016238 secs] 196190K->161758K(232680K), 0.0016848 secs] [Times: user=0.00 sys=0.00, real=0.00 secs] 
2020-10-28T12:48:12.140+0000: [GC (Allocation Failure) 2020-10-28T12:48:12.140+0000: [ParNew: 30958K->6K(38720K), 0.0016090 secs] 192711K->161758K(232680K), 0.0016687 secs] [Times: user=0.00 sys=0.00, real=0.00 secs] 
2020-10-28T12:48:12.172+0000: [GC (Allocation Failure) 2020-10-28T12:48:12.172+0000: [ParNew: 34438K->6K(38720K), 0.0130917 secs] 196190K->178142K(232680K), 0.0131559 secs] [Times: user=0.02 sys=0.01, real=0.01 secs] 
2020-10-28T12:48:12.234+0000: [GC (Allocation Failure) 2020-10-28T12:48:12.234+0000: [ParNew: 34438K->4K(38720K), 0.0017145 secs] 212574K->178143K(232680K), 0.0017750 secs] [Times: user=0.00 sys=0.00, real=0.00 secs] 
2020-10-28T12:48:12.290+0000: [GC (Allocation Failure) 2020-10-28T12:48:12.290+0000: [ParNew: 34436K->6K(38720K), 0.0016477 secs] 212575K->178145K(232680K), 0.0017112 secs] [Times: user=0.00 sys=0.00, real=0.00 secs] 
2020-10-28T12:48:12.344+0000: [GC (Allocation Failure) 2020-10-28T12:48:12.344+0000: [ParNew: 34438K->6K(38720K), 0.0016330 secs] 212577K->178145K(232680K), 0.0016934 secs] [Times: user=0.01 sys=0.00, real=0.01 secs] 
2020-10-28T12:48:12.397+0000: [GC (Allocation Failure) 2020-10-28T12:48:12.397+0000: [ParNew: 34438K->4K(38720K), 0.0013404 secs] 212577K->178143K(232680K), 0.0013998 secs] [Times: user=0.01 sys=0.00, real=0.01 secs] 
2020-10-28T12:48:12.399+0000: [CMS-concurrent-abortable-preclean: 0.011/0.460 secs] [Times: user=0.50 sys=0.02, real=0.46 secs] 
2020-10-28T12:48:12.401+0000: [GC (CMS Final Remark) [YG occupancy: 689 K (38720 K)]2020-10-28T12:48:12.402+0000: [Rescan (parallel) , 0.0009937 secs]2020-10-28T12:48:12.403+0000: [weak refs processing, 0.0000319 secs]2020-10-28T12:48:12.403+0000: [class unloading, 0.0068327 secs]2020-10-28T12:48:12.409+0000: [scrub symbol table, 0.0074757 secs]2020-10-28T12:48:12.417+0000: [scrub string table, 0.0005880 secs][1 CMS-remark: 178139K(193960K)] 178829K(232680K), 0.0160243 secs] [Times: user=0.01 sys=0.00, real=0.02 secs] 
2020-10-28T12:48:12.418+0000: [CMS-concurrent-sweep-start]
2020-10-28T12:48:12.428+0000: [CMS-concurrent-sweep: 0.011/0.011 secs] [Times: user=0.02 sys=0.01, real=0.01 secs] 
2020-10-28T12:48:12.429+0000: [CMS-concurrent-reset-start]
2020-10-28T12:48:12.439+0000: [CMS-concurrent-reset: 0.011/0.011 secs] [Times: user=0.02 sys=0.00, real=0.01 secs] 
2020-10-28T12:48:12.478+0000: [GC (Allocation Failure) 2020-10-28T12:48:12.478+0000: [ParNew: 34436K->4K(38720K), 0.0019364 secs] 208414K->173982K(328688K), 0.0019976 secs] [Times: user=0.00 sys=0.00, real=0.00 secs] 
2020-10-28T12:48:12.530+0000: [GC (Allocation Failure) 2020-10-28T12:48:12.530+0000: [ParNew: 34436K->4K(38720K), 0.0019046 secs] 208414K->173983K(328688K), 0.0019655 secs] [Times: user=0.00 sys=0.00, real=0.00 secs] 
2020-10-28T12:48:12.581+0000: [GC (Allocation Failure) 2020-10-28T12:48:12.581+0000: [ParNew: 34436K->4K(38720K), 0.0019061 secs] 208415K->173983K(328688K), 0.0019670 secs] [Times: user=0.00 sys=0.00, real=0.00 secs] 
2020-10-28T12:48:12.632+0000: [GC (Allocation Failure) 2020-10-28T12:48:12.632+0000: [ParNew: 34436K->4K(38720K), 0.0018933 secs] 208415K->173984K(328688K), 0.0019534 secs] [Times: user=0.00 sys=0.00, real=0.00 secs] 
2020-10-28T12:48:12.682+0000: [GC (Allocation Failure) 2020-10-28T12:48:12.682+0000: [ParNew: 34436K->4K(38720K), 0.0018616 secs] 208416K->173984K(328688K), 0.0019210 secs] [Times: user=0.00 sys=0.00, real=0.00 secs] 
2020-10-28T12:48:12.733+0000: [GC (Allocation Failure) 2020-10-28T12:48:12.733+0000: [ParNew: 34436K->4K(38720K), 0.0018862 secs] 208416K->173984K(328688K), 0.0019447 secs] [Times: user=0.00 sys=0.00, real=0.00 secs] 
2020-10-28T12:48:12.784+0000: [GC (Allocation Failure) 2020-10-28T12:48:12.784+0000: [ParNew: 34436K->4K(38720K), 0.0018822 secs] 208416K->173984K(328688K), 0.0019418 secs] [Times: user=0.00 sys=0.00, real=0.01 secs] 
2020-10-28T12:48:12.844+0000: [GC (Allocation Failure) 2020-10-28T12:48:12.844+0000: [ParNew: 34436K->4K(38720K), 0.0022368 secs] 208416K->173984K(328688K), 0.0023031 secs] [Times: user=0.01 sys=0.00, real=0.01 secs] 
2020-10-28T12:48:12.915+0000: [GC (Allocation Failure) 2020-10-28T12:48:12.915+0000: [ParNew: 34436K->4K(38720K), 0.0018619 secs] 208416K->173984K(328688K), 0.0019236 secs] [Times: user=0.01 sys=0.00, real=0.00 secs] 
2020-10-28T12:48:12.965+0000: [GC (Allocation Failure) 2020-10-28T12:48:12.965+0000: [ParNew: 34436K->4K(38720K), 0.0018741 secs] 208416K->173984K(328688K), 0.0019335 secs] [Times: user=0.00 sys=0.00, real=0.01 secs] 
2020-10-28T12:48:13.015+0000: [GC (Allocation Failure) 2020-10-28T12:48:13.015+0000: [ParNew: 34436K->4K(38720K), 0.0019641 secs] 208416K->173984K(328688K), 0.0020249 secs] [Times: user=0.00 sys=0.00, real=0.00 secs] 
2020-10-28T12:48:13.067+0000: [GC (Allocation Failure) 2020-10-28T12:48:13.067+0000: [ParNew: 34436K->4K(38720K), 0.0018817 secs] 208416K->173984K(328688K), 0.0019447 secs] [Times: user=0.01 sys=0.00, real=0.00 secs] 
2020-10-28T12:48:13.117+0000: [GC (Allocation Failure) 2020-10-28T12:48:13.117+0000: [ParNew: 34436K->4K(38720K), 0.0018677 secs] 208416K->173984K(328688K), 0.0019267 secs] [Times: user=0.01 sys=0.00, real=0.01 secs] 
2020-10-28T12:48:13.172+0000: [GC (Allocation Failure) 2020-10-28T12:48:13.172+0000: [ParNew: 34436K->8K(38720K), 0.0018971 secs] 208416K->173988K(328688K), 0.0019559 secs] [Times: user=0.01 sys=0.00, real=0.00 secs] 
2020-10-28T12:48:13.193+0000: [GC (Allocation Failure) 2020-10-28T12:48:13.193+0000: [ParNew: 13018K->8K(38720K), 0.0018112 secs] 186998K->173988K(328688K), 0.0018672 secs] [Times: user=0.00 sys=0.00, real=0.00 secs] 
2020-10-28T12:48:13.202+0000: [GC (Allocation Failure) 2020-10-28T12:48:13.202+0000: [ParNew: 34440K->7K(38720K), 0.0256050 secs] 208420K->206756K(328688K), 0.0256710 secs] [Times: user=0.04 sys=0.01, real=0.03 secs] 
2020-10-28T12:48:13.230+0000: [GC (CMS Initial Mark) [1 CMS-initial-mark: 206748K(289968K)] 208127K(328688K), 0.0019880 secs] [Times: user=0.00 sys=0.00, real=0.00 secs] 
2020-10-28T12:48:13.232+0000: [CMS-concurrent-mark-start]
2020-10-28T12:48:13.299+0000: [CMS-concurrent-mark: 0.068/0.068 secs] [Times: user=0.13 sys=0.00, real=0.07 secs] 
2020-10-28T12:48:13.299+0000: [CMS-concurrent-preclean-start]
2020-10-28T12:48:13.301+0000: [CMS-concurrent-preclean: 0.002/0.002 secs] [Times: user=0.00 sys=0.00, real=0.00 secs] 
2020-10-28T12:48:13.301+0000: [CMS-concurrent-abortable-preclean-start]
2020-10-28T12:48:13.307+0000: [GC (Allocation Failure) 2020-10-28T12:48:13.307+0000: [ParNew: 34439K->8K(38720K), 0.0015207 secs] 241188K->206756K(328688K), 0.0015628 secs] [Times: user=0.00 sys=0.00, real=0.00 secs] 
2020-10-28T12:48:13.359+0000: [GC (Allocation Failure) 2020-10-28T12:48:13.359+0000: [ParNew: 34440K->8K(38720K), 0.0018817 secs] 241188K->206757K(328688K), 0.0019588 secs] [Times: user=0.01 sys=0.00, real=0.00 secs] 
2020-10-28T12:48:13.410+0000: [GC (Allocation Failure) 2020-10-28T12:48:13.410+0000: [ParNew: 34440K->8K(38720K), 0.0018701 secs] 241189K->206757K(328688K), 0.0019283 secs] [Times: user=0.00 sys=0.00, real=0.00 secs] 
2020-10-28T12:48:13.462+0000: [GC (Allocation Failure) 2020-10-28T12:48:13.462+0000: [ParNew: 34440K->5K(38720K), 0.0019194 secs] 241189K->206758K(328688K), 0.0019791 secs] [Times: user=0.01 sys=0.00, real=0.00 secs] 
2020-10-28T12:48:13.512+0000: [GC (Allocation Failure) 2020-10-28T12:48:13.512+0000: [ParNew: 34437K->4K(38720K), 0.0018743 secs] 241190K->206757K(328688K), 0.0019347 secs] [Times: user=0.00 sys=0.00, real=0.00 secs] 
2020-10-28T12:48:13.563+0000: [GC (Allocation Failure) 2020-10-28T12:48:13.563+0000: [ParNew: 34436K->4K(38720K), 0.0018880 secs] 241189K->206757K(328688K), 0.0019475 secs] [Times: user=0.01 sys=0.00, real=0.00 secs] 
2020-10-28T12:48:13.614+0000: [GC (Allocation Failure) 2020-10-28T12:48:13.614+0000: [ParNew: 34436K->4K(38720K), 0.0018567 secs] 241189K->206757K(328688K), 0.0019163 secs] [Times: user=0.00 sys=0.00, real=0.00 secs] 
2020-10-28T12:48:13.665+0000: [GC (Allocation Failure) 2020-10-28T12:48:13.665+0000: [ParNew: 34436K->4K(38720K), 0.0018981 secs] 241189K->206757K(328688K), 0.0019567 secs] [Times: user=0.00 sys=0.00, real=0.01 secs] 
2020-10-28T12:48:13.715+0000: [GC (Allocation Failure) 2020-10-28T12:48:13.715+0000: [ParNew: 34436K->4K(38720K), 0.0018403 secs] 241189K->206757K(328688K), 0.0018979 secs] [Times: user=0.00 sys=0.00, real=0.00 secs] 
2020-10-28T12:48:13.761+0000: [GC (Allocation Failure) 2020-10-28T12:48:13.761+0000: [ParNew: 29608K->4K(38720K), 0.0018862 secs] 236362K->206757K(328688K), 0.0019447 secs] [Times: user=0.00 sys=0.00, real=0.00 secs] 
2020-10-28T12:48:13.773+0000: [GC (Allocation Failure) 2020-10-28T12:48:13.773+0000: [ParNew: 34436K->4K(38720K), 0.0258863 secs] 241189K->239525K(328688K), 0.0259540 secs] [Times: user=0.03 sys=0.02, real=0.03 secs] 
2020-10-28T12:48:13.799+0000: [CMS-concurrent-abortable-preclean: 0.012/0.498 secs] [Times: user=0.54 sys=0.02, real=0.50 secs] 
2020-10-28T12:48:13.799+0000: [GC (CMS Final Remark) [YG occupancy: 688 K (38720 K)]2020-10-28T12:48:13.799+0000: [Rescan (parallel) , 0.0017565 secs]2020-10-28T12:48:13.801+0000: [weak refs processing, 0.0000277 secs]2020-10-28T12:48:13.801+0000: [class unloading, 0.0069787 secs]2020-10-28T12:48:13.808+0000: [scrub symbol table, 0.0074018 secs]2020-10-28T12:48:13.815+0000: [scrub string table, 0.0005947 secs][1 CMS-remark: 239521K(289968K)] 240210K(328688K), 0.0168505 secs] [Times: user=0.02 sys=0.00, real=0.01 secs] 
2020-10-28T12:48:13.816+0000: [CMS-concurrent-sweep-start]
2020-10-28T12:48:13.827+0000: [CMS-concurrent-sweep: 0.011/0.011 secs] [Times: user=0.02 sys=0.00, real=0.02 secs] 
2020-10-28T12:48:13.828+0000: [CMS-concurrent-reset-start]
2020-10-28T12:48:13.838+0000: [CMS-concurrent-reset: 0.011/0.011 secs] [Times: user=0.02 sys=0.00, real=0.01 secs] 
2020-10-28T12:48:13.877+0000: [GC (Allocation Failure) 2020-10-28T12:48:13.877+0000: [ParNew: 34436K->4K(38720K), 0.0021688 secs] 265765K->231333K(424272K), 0.0022276 secs] [Times: user=0.00 sys=0.00, real=0.01 secs] 
2020-10-28T12:48:13.928+0000: [GC (Allocation Failure) 2020-10-28T12:48:13.928+0000: [ParNew: 34436K->4K(38720K), 0.0021758 secs] 265765K->231333K(424272K), 0.0022467 secs] [Times: user=0.01 sys=0.00, real=0.00 secs] 
2020-10-28T12:48:13.978+0000: [GC (Allocation Failure) 2020-10-28T12:48:13.978+0000: [ParNew: 34436K->4K(38720K), 0.0021433 secs] 265765K->231333K(424272K), 0.0022026 secs] [Times: user=0.00 sys=0.00, real=0.00 secs] 
2020-10-28T12:48:14.028+0000: [GC (Allocation Failure) 2020-10-28T12:48:14.028+0000: [ParNew: 34436K->4K(38720K), 0.0021696 secs] 265765K->231333K(424272K), 0.0022299 secs] [Times: user=0.00 sys=0.00, real=0.00 secs] 
2020-10-28T12:48:14.096+0000: [GC (Allocation Failure) 2020-10-28T12:48:14.096+0000: [ParNew: 34436K->4K(38720K), 0.0021559 secs] 265765K->231333K(424272K), 0.0022162 secs] [Times: user=0.00 sys=0.00, real=0.01 secs] 
2020-10-28T12:48:14.156+0000: [GC (Allocation Failure) 2020-10-28T12:48:14.156+0000: [ParNew: 34436K->4K(38720K), 0.0025488 secs] 265765K->231333K(424272K), 0.0026089 secs] [Times: user=0.01 sys=0.00, real=0.01 secs] 
2020-10-28T12:48:14.209+0000: [GC (Allocation Failure) 2020-10-28T12:48:14.209+0000: [ParNew: 34436K->4K(38720K), 0.0021288 secs] 265765K->231333K(424272K), 0.0021866 secs] [Times: user=0.01 sys=0.00, real=0.00 secs] 
2020-10-28T12:48:14.262+0000: [GC (Allocation Failure) 2020-10-28T12:48:14.262+0000: [ParNew: 34424K->4K(38720K), 0.0022185 secs] 265753K->231333K(424272K), 0.0022811 secs] [Times: user=0.00 sys=0.00, real=0.00 secs] 
2020-10-28T12:48:14.313+0000: [GC (Allocation Failure) 2020-10-28T12:48:14.313+0000: [ParNew: 34436K->4K(38720K), 0.0021683 secs] 265765K->231333K(424272K), 0.0022294 secs] [Times: user=0.00 sys=0.00, real=0.00 secs] 
2020-10-28T12:48:14.364+0000: [GC (Allocation Failure) 2020-10-28T12:48:14.364+0000: [ParNew: 34436K->4K(38720K), 0.0021481 secs] 265765K->231333K(424272K), 0.0022069 secs] [Times: user=0.01 sys=0.00, real=0.01 secs] 
2020-10-28T12:48:14.421+0000: [GC (Allocation Failure) 2020-10-28T12:48:14.421+0000: [ParNew: 34436K->4K(38720K), 0.0021471 secs] 265765K->231333K(424272K), 0.0022196 secs] [Times: user=0.00 sys=0.00, real=0.00 secs] 
2020-10-28T12:48:14.482+0000: [GC (Allocation Failure) 2020-10-28T12:48:14.482+0000: [ParNew: 34436K->4K(38720K), 0.0044911 secs] 265765K->231333K(424272K), 0.0045521 secs] [Times: user=0.01 sys=0.00, real=0.01 secs] 
2020-10-28T12:48:14.547+0000: [GC (Allocation Failure) 2020-10-28T12:48:14.547+0000: [ParNew: 34436K->4K(38720K), 0.0021812 secs] 265765K->231333K(424272K), 0.0022429 secs] [Times: user=0.01 sys=0.00, real=0.00 secs] 
2020-10-28T12:48:14.592+0000: [GC (Allocation Failure) 2020-10-28T12:48:14.592+0000: [ParNew: 30974K->4K(38720K), 0.0021421 secs] 262304K->231334K(424272K), 0.0022006 secs] [Times: user=0.00 sys=0.00, real=0.00 secs] 
2020-10-28T12:48:14.602+0000: [GC (Allocation Failure) 2020-10-28T12:48:14.602+0000: [ParNew: 34436K->4K(38720K), 0.0267785 secs] 265766K->264102K(424272K), 0.0268391 secs] [Times: user=0.05 sys=0.00, real=0.03 secs] 
2020-10-28T12:48:14.630+0000: [GC (CMS Initial Mark) [1 CMS-initial-mark: 264098K(385552K)] 264786K(424272K), 0.0017412 secs] [Times: user=0.01 sys=0.00, real=0.00 secs] 
2020-10-28T12:48:14.631+0000: [CMS-concurrent-mark-start]
2020-10-28T12:48:14.697+0000: [CMS-concurrent-mark: 0.066/0.066 secs] [Times: user=0.12 sys=0.01, real=0.07 secs] 
2020-10-28T12:48:14.697+0000: [CMS-concurrent-preclean-start]
2020-10-28T12:48:14.700+0000: [CMS-concurrent-preclean: 0.002/0.002 secs] [Times: user=0.00 sys=0.00, real=0.00 secs] 
2020-10-28T12:48:14.700+0000: [CMS-concurrent-abortable-preclean-start]
2020-10-28T12:48:14.705+0000: [GC (Allocation Failure) 2020-10-28T12:48:14.705+0000: [ParNew: 34436K->4K(38720K), 0.0018720 secs] 298534K->264102K(424272K), 0.0019134 secs] [Times: user=0.00 sys=0.00, real=0.01 secs] 
2020-10-28T12:48:14.756+0000: [GC (Allocation Failure) 2020-10-28T12:48:14.756+0000: [ParNew: 34436K->4K(38720K), 0.0036176 secs] 298534K->264102K(424272K), 0.0036898 secs] [Times: user=0.01 sys=0.00, real=0.01 secs] 
2020-10-28T12:48:14.842+0000: [GC (Allocation Failure) 2020-10-28T12:48:14.842+0000: [ParNew: 34436K->4K(38720K), 0.0021680 secs] 298534K->264102K(424272K), 0.0022474 secs] [Times: user=0.00 sys=0.00, real=0.00 secs] 
2020-10-28T12:48:14.922+0000: [GC (Allocation Failure) 2020-10-28T12:48:14.922+0000: [ParNew: 34436K->8K(38720K), 0.0021298 secs] 298534K->264106K(424272K), 0.0021998 secs] [Times: user=0.00 sys=0.00, real=0.00 secs] 
2020-10-28T12:48:14.971+0000: [GC (Allocation Failure) 2020-10-28T12:48:14.971+0000: [ParNew: 34440K->6K(38720K), 0.0021246 secs] 298538K->264104K(424272K), 0.0021855 secs] [Times: user=0.00 sys=0.00, real=0.00 secs] 
2020-10-28T12:48:15.022+0000: [GC (Allocation Failure) 2020-10-28T12:48:15.022+0000: [ParNew: 34438K->6K(38720K), 0.0021466 secs] 298536K->264105K(424272K), 0.0022063 secs] [Times: user=0.00 sys=0.00, real=0.00 secs] 
2020-10-28T12:48:15.071+0000: [GC (Allocation Failure) 2020-10-28T12:48:15.071+0000: [ParNew: 34438K->7K(38720K), 0.0021794 secs] 298537K->264105K(424272K), 0.0022377 secs] [Times: user=0.00 sys=0.00, real=0.00 secs] 
2020-10-28T12:48:15.122+0000: [GC (Allocation Failure) 2020-10-28T12:48:15.122+0000: [ParNew: 34439K->7K(38720K), 0.0021166 secs] 298537K->264106K(424272K), 0.0021750 secs] [Times: user=0.00 sys=0.00, real=0.00 secs] 
2020-10-28T12:48:15.170+0000: [GC (Allocation Failure) 2020-10-28T12:48:15.170+0000: [ParNew: 34439K->7K(38720K), 0.0020985 secs] 298538K->264106K(424272K), 0.0021575 secs] [Times: user=0.00 sys=0.00, real=0.00 secs] 
2020-10-28T12:48:15.219+0000: [GC (Allocation Failure) 2020-10-28T12:48:15.219+0000: [ParNew: 34439K->5K(38720K), 0.0021594 secs] 298538K->264107K(424272K), 0.0022186 secs] [Times: user=0.00 sys=0.00, real=0.00 secs] 
2020-10-28T12:48:15.268+0000: [GC (Allocation Failure) 2020-10-28T12:48:15.269+0000: [ParNew: 34437K->2K(38720K), 0.0096863 secs] 298539K->264104K(424272K), 0.0097711 secs] [Times: user=0.01 sys=0.00, real=0.01 secs] 
2020-10-28T12:48:15.325+0000: [GC (Allocation Failure) 2020-10-28T12:48:15.325+0000: [ParNew: 34434K->4K(38720K), 0.0021674 secs] 298536K->264106K(424272K), 0.0022360 secs] [Times: user=0.00 sys=0.00, real=0.01 secs] 
2020-10-28T12:48:15.375+0000: [GC (Allocation Failure) 2020-10-28T12:48:15.375+0000: [ParNew: 34436K->4K(38720K), 0.0021263 secs] 298538K->264106K(424272K), 0.0021869 secs] [Times: user=0.00 sys=0.00, real=0.00 secs] 
2020-10-28T12:48:15.423+0000: [GC (Allocation Failure) 2020-10-28T12:48:15.423+0000: [ParNew: 34436K->4K(38720K), 0.0021069 secs] 298538K->264106K(424272K), 0.0021662 secs] [Times: user=0.01 sys=0.00, real=0.00 secs] 
2020-10-28T12:48:15.472+0000: [GC (Allocation Failure) 2020-10-28T12:48:15.472+0000: [ParNew: 34436K->4K(38720K), 0.0021492 secs] 298538K->264106K(424272K), 0.0022085 secs] [Times: user=0.01 sys=0.00, real=0.00 secs] 
2020-10-28T12:48:15.524+0000: [GC (Allocation Failure) 2020-10-28T12:48:15.524+0000: [ParNew: 34436K->4K(38720K), 0.0021314 secs] 298538K->264106K(424272K), 0.0021915 secs] [Times: user=0.01 sys=0.00, real=0.01 secs] 
2020-10-28T12:48:15.573+0000: [GC (Allocation Failure) 2020-10-28T12:48:15.573+0000: [ParNew: 34436K->4K(38720K), 0.0021656 secs] 298538K->264106K(424272K), 0.0022254 secs] [Times: user=0.00 sys=0.00, real=0.00 secs] 
2020-10-28T12:48:15.621+0000: [GC (Allocation Failure) 2020-10-28T12:48:15.621+0000: [ParNew: 34436K->4K(38720K), 0.0021451 secs] 298538K->264106K(424272K), 0.0022034 secs] [Times: user=0.00 sys=0.00, real=0.00 secs] 
2020-10-28T12:48:15.670+0000: [GC (Allocation Failure) 2020-10-28T12:48:15.670+0000: [ParNew: 34436K->4K(38720K), 0.0021231 secs] 298538K->264106K(424272K), 0.0021812 secs] [Times: user=0.00 sys=0.00, real=0.00 secs] 
2020-10-28T12:48:15.727+0000: [GC (Allocation Failure) 2020-10-28T12:48:15.727+0000: [ParNew: 34436K->4K(38720K), 0.0021248 secs] 298538K->264106K(424272K), 0.0021867 secs] [Times: user=0.00 sys=0.00, real=0.00 secs] 
2020-10-28T12:48:15.776+0000: [GC (Allocation Failure) 2020-10-28T12:48:15.776+0000: [ParNew: 34436K->4K(38720K), 0.0021392 secs] 298538K->264106K(424272K), 0.0021986 secs] [Times: user=0.01 sys=0.00, real=0.01 secs] 
2020-10-28T12:48:15.825+0000: [GC (Allocation Failure) 2020-10-28T12:48:15.825+0000: [ParNew: 34436K->2K(38720K), 0.0061481 secs] 298538K->264104K(424272K), 0.0062196 secs] [Times: user=0.01 sys=0.00, real=0.01 secs] 
2020-10-28T12:48:15.880+0000: [GC (Allocation Failure) 2020-10-28T12:48:15.880+0000: [ParNew: 34434K->4K(38720K), 0.0021700 secs] 298536K->264106K(424272K), 0.0022293 secs] [Times: user=0.00 sys=0.00, real=0.00 secs] 
2020-10-28T12:48:15.920+0000: [GC (Allocation Failure) 2020-10-28T12:48:15.920+0000: [ParNew: 27546K->4K(38720K), 0.0021221 secs] 291649K->264106K(424272K), 0.0021817 secs] [Times: user=0.01 sys=0.00, real=0.00 secs] 
2020-10-28T12:48:15.929+0000: [GC (Allocation Failure) 2020-10-28T12:48:15.929+0000: [ParNew: 34436K->4K(38720K), 0.0263628 secs] 298538K->296874K(424272K), 0.0264237 secs] [Times: user=0.04 sys=0.01, real=0.02 secs] 
2020-10-28T12:48:15.955+0000: [CMS-concurrent-abortable-preclean: 0.033/1.256 secs] [Times: user=1.48 sys=0.04, real=1.25 secs] 
2020-10-28T12:48:15.958+0000: [GC (CMS Final Remark) [YG occupancy: 2058 K (38720 K)]2020-10-28T12:48:15.958+0000: [Rescan (parallel) , 0.0025886 secs]2020-10-28T12:48:15.960+0000: [weak refs processing, 0.0000293 secs]2020-10-28T12:48:15.960+0000: [class unloading, 0.0070109 secs]2020-10-28T12:48:15.967+0000: [scrub symbol table, 0.0073698 secs]2020-10-28T12:48:15.975+0000: [scrub string table, 0.0005995 secs][1 CMS-remark: 296870K(385552K)] 298928K(424272K), 0.0176970 secs] [Times: user=0.02 sys=0.00, real=0.01 secs] 
2020-10-28T12:48:15.975+0000: [CMS-concurrent-sweep-start]
2020-10-28T12:48:15.986+0000: [CMS-concurrent-sweep: 0.011/0.011 secs] [Times: user=0.02 sys=0.00, real=0.02 secs] 
2020-10-28T12:48:15.986+0000: [CMS-concurrent-reset-start]
2020-10-28T12:48:15.997+0000: [CMS-concurrent-reset: 0.011/0.011 secs] [Times: user=0.02 sys=0.00, real=0.00 secs] 
2020-10-28T12:48:16.031+0000: [GC (Allocation Failure) 2020-10-28T12:48:16.031+0000: [ParNew: 34436K->4K(38720K), 0.0023612 secs] 314922K->280490K(506200K), 0.0024201 secs] [Times: user=0.01 sys=0.00, real=0.00 secs] 
2020-10-28T12:48:16.079+0000: [GC (Allocation Failure) 2020-10-28T12:48:16.079+0000: [ParNew: 34436K->4K(38720K), 0.0023815 secs] 314922K->280490K(506200K), 0.0024404 secs] [Times: user=0.00 sys=0.00, real=0.00 secs] 
2020-10-28T12:48:16.128+0000: [GC (Allocation Failure) 2020-10-28T12:48:16.128+0000: [ParNew: 34436K->4K(38720K), 0.0023686 secs] 314922K->280490K(506200K), 0.0024258 secs] [Times: user=0.00 sys=0.00, real=0.00 secs] 
2020-10-28T12:48:16.176+0000: [GC (Allocation Failure) 2020-10-28T12:48:16.176+0000: [ParNew: 34436K->4K(38720K), 0.0023698 secs] 314922K->280490K(506200K), 0.0024281 secs] [Times: user=0.00 sys=0.00, real=0.01 secs] 
2020-10-28T12:48:16.225+0000: [GC (Allocation Failure) 2020-10-28T12:48:16.225+0000: [ParNew: 34436K->4K(38720K), 0.0023735 secs] 314922K->280490K(506200K), 0.0024305 secs] [Times: user=0.00 sys=0.00, real=0.01 secs] 
2020-10-28T12:48:16.273+0000: [GC (Allocation Failure) 2020-10-28T12:48:16.273+0000: [ParNew: 34436K->4K(38720K), 0.0023470 secs] 314922K->280490K(506200K), 0.0024064 secs] [Times: user=0.00 sys=0.00, real=0.00 secs] 
2020-10-28T12:48:16.322+0000: [GC (Allocation Failure) 2020-10-28T12:48:16.322+0000: [ParNew: 34436K->4K(38720K), 0.0025742 secs] 314922K->280490K(506200K), 0.0026336 secs] [Times: user=0.00 sys=0.00, real=0.00 secs] 
2020-10-28T12:48:16.372+0000: [GC (Allocation Failure) 2020-10-28T12:48:16.372+0000: [ParNew: 34436K->4K(38720K), 0.0023774 secs] 314922K->280490K(506200K), 0.0024373 secs] [Times: user=0.01 sys=0.00, real=0.00 secs] 
2020-10-28T12:48:16.421+0000: [GC (Allocation Failure) 2020-10-28T12:48:16.421+0000: [ParNew: 34436K->4K(38720K), 0.0023745 secs] 314922K->280490K(506200K), 0.0024328 secs] [Times: user=0.01 sys=0.00, real=0.00 secs] 
2020-10-28T12:48:16.469+0000: [GC (Allocation Failure) 2020-10-28T12:48:16.469+0000: [ParNew: 34436K->4K(38720K), 0.0023993 secs] 314922K->280490K(506200K), 0.0024760 secs] [Times: user=0.01 sys=0.00, real=0.00 secs] 
2020-10-28T12:48:16.517+0000: [GC (Allocation Failure) 2020-10-28T12:48:16.517+0000: [ParNew: 34436K->4K(38720K), 0.0023929 secs] 314922K->280490K(506200K), 0.0024478 secs] [Times: user=0.01 sys=0.00, real=0.01 secs] 
2020-10-28T12:48:16.566+0000: [GC (Allocation Failure) 2020-10-28T12:48:16.566+0000: [ParNew: 34436K->4K(38720K), 0.0023632 secs] 314922K->280490K(506200K), 0.0024211 secs] [Times: user=0.01 sys=0.00, real=0.00 secs] 
2020-10-28T12:48:16.614+0000: [GC (Allocation Failure) 2020-10-28T12:48:16.614+0000: [ParNew: 34436K->4K(38720K), 0.0023569 secs] 314922K->280490K(506200K), 0.0024151 secs] [Times: user=0.01 sys=0.00, real=0.00 secs] 
2020-10-28T12:48:16.663+0000: [GC (Allocation Failure) 2020-10-28T12:48:16.663+0000: [ParNew: 34436K->4K(38720K), 0.0024450 secs] 314922K->280490K(506200K), 0.0025112 secs] [Times: user=0.01 sys=0.00, real=0.00 secs] 
2020-10-28T12:48:16.711+0000: [GC (Allocation Failure) 2020-10-28T12:48:16.711+0000: [ParNew: 34436K->4K(38720K), 0.0023651 secs] 314922K->280490K(506200K), 0.0024245 secs] [Times: user=0.01 sys=0.00, real=0.00 secs] 
2020-10-28T12:48:16.760+0000: [GC (Allocation Failure) 2020-10-28T12:48:16.760+0000: [ParNew: 34436K->4K(38720K), 0.0024355 secs] 314922K->280490K(506200K), 0.0024942 secs] [Times: user=0.00 sys=0.00, real=0.00 secs] 
2020-10-28T12:48:16.808+0000: [GC (Allocation Failure) 2020-10-28T12:48:16.808+0000: [ParNew: 34436K->4K(38720K), 0.0024335 secs] 314922K->280490K(506200K), 0.0024938 secs] [Times: user=0.00 sys=0.00, real=0.00 secs] 
2020-10-28T12:48:16.885+0000: [GC (Allocation Failure) 2020-10-28T12:48:16.885+0000: [ParNew: 34436K->4K(38720K), 0.0067326 secs] 314922K->280490K(506200K), 0.0068008 secs] [Times: user=0.01 sys=0.00, real=0.01 secs] 
2020-10-28T12:48:16.973+0000: [GC (Allocation Failure) 2020-10-28T12:48:16.973+0000: [ParNew: 34436K->4K(38720K), 0.0066762 secs] 314922K->280490K(506200K), 0.0067627 secs] [Times: user=0.01 sys=0.00, real=0.01 secs] 
2020-10-28T12:48:17.113+0000: [GC (Allocation Failure) 2020-10-28T12:48:17.113+0000: [ParNew: 34436K->4K(38720K), 0.0051474 secs] 380458K->346026K(506200K), 0.0052263 secs] [Times: user=0.00 sys=0.00, real=0.01 secs] 
2020-10-28T12:48:17.124+0000: [GC (CMS Initial Mark) [1 CMS-initial-mark: 346022K(467480K)] 346715K(506200K), 0.0027902 secs] [Times: user=0.00 sys=0.00, real=0.01 secs] 
2020-10-28T12:48:17.127+0000: [CMS-concurrent-mark-start]
2020-10-28T12:48:17.206+0000: [GC (Allocation Failure) 2020-10-28T12:48:17.206+0000: [ParNew: 34436K->2K(38720K), 0.0089381 secs] 380458K->346024K(506200K), 0.0090084 secs] [Times: user=0.00 sys=0.00, real=0.00 secs] 
2020-10-28T12:48:17.278+0000: [CMS-concurrent-mark: 0.142/0.151 secs] [Times: user=0.21 sys=0.01, real=0.15 secs] 
2020-10-28T12:48:17.279+0000: [CMS-concurrent-preclean-start]
2020-10-28T12:48:17.281+0000: [CMS-concurrent-preclean: 0.002/0.002 secs] [Times: user=0.00 sys=0.00, real=0.00 secs] 
2020-10-28T12:48:17.281+0000: [CMS-concurrent-abortable-preclean-start]
2020-10-28T12:48:17.300+0000: [GC (Allocation Failure) 2020-10-28T12:48:17.300+0000: [ParNew: 34434K->4K(38720K), 0.0024132 secs] 380456K->346026K(506200K), 0.0024897 secs] [Times: user=0.01 sys=0.00, real=0.00 secs] 
2020-10-28T12:48:17.389+0000: [CMS-concurrent-abortable-preclean: 0.005/0.108 secs] [Times: user=0.11 sys=0.00, real=0.11 secs] 
2020-10-28T12:48:17.391+0000: [GC (CMS Final Remark) [YG occupancy: 33228 K (38720 K)]2020-10-28T12:48:17.391+0000: [Rescan (parallel) , 0.0491776 secs]2020-10-28T12:48:17.440+0000: [weak refs processing, 0.0000487 secs]2020-10-28T12:48:17.440+0000: [class unloading, 0.0103289 secs]2020-10-28T12:48:17.450+0000: [scrub symbol table, 0.0092977 secs]2020-10-28T12:48:17.460+0000: [scrub string table, 0.0008605 secs][1 CMS-remark: 346022K(467480K)] 379250K(506200K), 0.0699199 secs] [Times: user=0.07 sys=0.00, real=0.07 secs] 
2020-10-28T12:48:17.465+0000: [CMS-concurrent-sweep-start]
2020-10-28T12:48:17.474+0000: [GC (Allocation Failure) 2020-10-28T12:48:17.474+0000: [ParNew: 34436K->4K(38720K), 0.0059199 secs] 380458K->346026K(506200K), 0.0059892 secs] [Times: user=0.01 sys=0.00, real=0.01 secs] 
2020-10-28T12:48:17.488+0000: [CMS-concurrent-sweep: 0.022/0.022 secs] [Times: user=0.02 sys=0.00, real=0.03 secs] 
2020-10-28T12:48:17.488+0000: [CMS-concurrent-reset-start]
2020-10-28T12:48:17.522+0000: [CMS-concurrent-reset: 0.034/0.034 secs] [Times: user=0.02 sys=0.00, real=0.03 secs] 
2020-10-28T12:48:17.649+0000: [GC (Allocation Failure) 2020-10-28T12:48:17.649+0000: [ParNew: 34436K->4K(38720K), 0.0072577 secs] 380458K->346026K(615428K), 0.0073434 secs] [Times: user=0.00 sys=0.00, real=0.00 secs] 
2020-10-28T12:48:17.755+0000: [GC (Allocation Failure) 2020-10-28T12:48:17.755+0000: [ParNew: 34436K->2K(38720K), 0.0076122 secs] 380458K->346024K(615428K), 0.0076978 secs] [Times: user=0.00 sys=0.00, real=0.01 secs] 
2020-10-28T12:48:17.912+0000: [GC (Allocation Failure) 2020-10-28T12:48:17.912+0000: [ParNew: 34434K->4K(38720K), 0.0041592 secs] 380456K->346026K(615428K), 0.0042393 secs] [Times: user=0.01 sys=0.00, real=0.00 secs] 
2020-10-28T12:48:17.987+0000: [GC (Allocation Failure) 2020-10-28T12:48:17.987+0000: [ParNew: 34436K->4K(38720K), 0.0026900 secs] 380458K->346026K(615428K), 0.0027507 secs] [Times: user=0.01 sys=0.00, real=0.00 secs] 
2020-10-28T12:48:18.036+0000: [GC (Allocation Failure) 2020-10-28T12:48:18.036+0000: [ParNew: 34436K->4K(38720K), 0.0026927 secs] 380458K->346026K(615428K), 0.0027525 secs] [Times: user=0.00 sys=0.00, real=0.01 secs] 
2020-10-28T12:48:18.086+0000: [GC (Allocation Failure) 2020-10-28T12:48:18.086+0000: [ParNew: 34436K->4K(38720K), 0.0026970 secs] 380458K->346026K(615428K), 0.0027543 secs] [Times: user=0.01 sys=0.00, real=0.00 secs] 
2020-10-28T12:48:18.135+0000: [GC (Allocation Failure) 2020-10-28T12:48:18.135+0000: [ParNew: 34436K->4K(38720K), 0.0026688 secs] 380458K->346026K(615428K), 0.0027276 secs] [Times: user=0.00 sys=0.00, real=0.00 secs] 
2020-10-28T12:48:18.183+0000: [GC (Allocation Failure) 2020-10-28T12:48:18.183+0000: [ParNew: 34436K->4K(38720K), 0.0027000 secs] 380458K->346026K(615428K), 0.0027601 secs] [Times: user=0.00 sys=0.00, real=0.01 secs] 
2020-10-28T12:48:18.232+0000: [GC (Allocation Failure) 2020-10-28T12:48:18.232+0000: [ParNew: 34436K->4K(38720K), 0.0027186 secs] 380458K->346026K(615428K), 0.0027781 secs] [Times: user=0.01 sys=0.00, real=0.00 secs] 
2020-10-28T12:48:18.282+0000: [GC (Allocation Failure) 2020-10-28T12:48:18.282+0000: [ParNew: 34436K->4K(38720K), 0.0026961 secs] 380458K->346026K(615428K), 0.0027561 secs] [Times: user=0.01 sys=0.00, real=0.00 secs] 
2020-10-28T12:48:18.332+0000: [GC (Allocation Failure) 2020-10-28T12:48:18.332+0000: [ParNew: 34436K->4K(38720K), 0.0030513 secs] 380458K->346026K(615428K), 0.0031275 secs] [Times: user=0.01 sys=0.00, real=0.00 secs] 
2020-10-28T12:48:18.382+0000: [GC (Allocation Failure) 2020-10-28T12:48:18.382+0000: [ParNew: 34436K->4K(38720K), 0.0027005 secs] 380458K->346026K(615428K), 0.0027597 secs] [Times: user=0.01 sys=0.00, real=0.00 secs] 
2020-10-28T12:48:18.432+0000: [GC (Allocation Failure) 2020-10-28T12:48:18.432+0000: [ParNew: 34436K->4K(38720K), 0.0027608 secs] 380458K->346026K(615428K), 0.0028219 secs] [Times: user=0.01 sys=0.00, real=0.00 secs] 
2020-10-28T12:48:18.481+0000: [GC (Allocation Failure) 2020-10-28T12:48:18.481+0000: [ParNew: 34436K->4K(38720K), 0.0027217 secs] 380458K->346026K(615428K), 0.0027809 secs] [Times: user=0.01 sys=0.00, real=0.00 secs] 
2020-10-28T12:48:18.531+0000: [GC (Allocation Failure) 2020-10-28T12:48:18.531+0000: [ParNew: 34436K->4K(38720K), 0.0027295 secs] 380458K->346026K(615428K), 0.0027901 secs] [Times: user=0.01 sys=0.00, real=0.00 secs] 
2020-10-28T12:48:18.580+0000: [GC (Allocation Failure) 2020-10-28T12:48:18.580+0000: [ParNew: 34436K->4K(38720K), 0.0027109 secs] 380458K->346026K(615428K), 0.0027703 secs] [Times: user=0.00 sys=0.00, real=0.00 secs] 
2020-10-28T12:48:18.630+0000: [GC (Allocation Failure) 2020-10-28T12:48:18.630+0000: [ParNew: 34436K->4K(38720K), 0.0026846 secs] 380458K->346026K(615428K), 0.0027433 secs] [Times: user=0.00 sys=0.00, real=0.00 secs] 
2020-10-28T12:48:18.679+0000: [GC (Allocation Failure) 2020-10-28T12:48:18.679+0000: [ParNew: 34436K->4K(38720K), 0.0026879 secs] 380458K->346026K(615428K), 0.0027462 secs] [Times: user=0.01 sys=0.00, real=0.00 secs] 
2020-10-28T12:48:18.728+0000: [GC (Allocation Failure) 2020-10-28T12:48:18.728+0000: [ParNew: 34436K->4K(38720K), 0.0026933 secs] 380458K->346026K(615428K), 0.0027525 secs] [Times: user=0.01 sys=0.00, real=0.00 secs] 
2020-10-28T12:48:18.777+0000: [GC (Allocation Failure) 2020-10-28T12:48:18.777+0000: [ParNew: 34436K->4K(38720K), 0.0027032 secs] 380458K->346026K(615428K), 0.0027612 secs] [Times: user=0.01 sys=0.00, real=0.01 secs] 
2020-10-28T12:48:18.826+0000: [GC (Allocation Failure) 2020-10-28T12:48:18.826+0000: [ParNew: 34436K->4K(38720K), 0.0027028 secs] 380458K->346027K(615428K), 0.0027605 secs] [Times: user=0.01 sys=0.00, real=0.00 secs] 
2020-10-28T12:48:18.876+0000: [GC (Allocation Failure) 2020-10-28T12:48:18.876+0000: [ParNew: 34436K->4K(38720K), 0.0027011 secs] 380459K->346027K(615428K), 0.0027591 secs] [Times: user=0.01 sys=0.00, real=0.01 secs] 
2020-10-28T12:48:18.925+0000: [GC (Allocation Failure) 2020-10-28T12:48:18.925+0000: [ParNew: 34436K->4K(38720K), 0.0026923 secs] 380459K->346027K(615428K), 0.0027517 secs] [Times: user=0.00 sys=0.00, real=0.01 secs] 
2020-10-28T12:48:18.974+0000: [GC (Allocation Failure) 2020-10-28T12:48:18.974+0000: [ParNew: 34436K->4K(38720K), 0.0026828 secs] 380459K->346027K(615428K), 0.0027409 secs] [Times: user=0.00 sys=0.00, real=0.00 secs] 
2020-10-28T12:48:19.008+0000: [GC (Allocation Failure) 2020-10-28T12:48:19.008+0000: [ParNew: 23449K->4K(38720K), 0.0027834 secs] 369472K->346027K(615428K), 0.0028413 secs] [Times: user=0.01 sys=0.00, real=0.00 secs] 
2020-10-28T12:48:19.018+0000: [GC (Allocation Failure) 2020-10-28T12:48:19.018+0000: [ParNew: 34436K->4K(38720K), 0.0266018 secs] 380459K->378795K(615428K), 0.0266631 secs] [Times: user=0.04 sys=0.02, real=0.02 secs] 
2020-10-28T12:48:19.046+0000: [GC (CMS Initial Mark) [1 CMS-initial-mark: 378790K(576708K)] 379479K(615428K), 0.0017922 secs] [Times: user=0.00 sys=0.00, real=0.00 secs] 
2020-10-28T12:48:19.047+0000: [CMS-concurrent-mark-start]
2020-10-28T12:48:19.138+0000: [CMS-concurrent-mark: 0.079/0.090 secs] [Times: user=0.16 sys=0.01, real=0.09 secs] 
2020-10-28T12:48:19.138+0000: [GC (Allocation Failure) 2020-10-28T12:48:19.138+0000: [ParNew: 34436K->185K(38720K), 0.0031438 secs] 413227K->378976K(615428K), 0.0031863 secs] [Times: user=0.00 sys=0.00, real=0.00 secs] 
2020-10-28T12:48:19.141+0000: [CMS-concurrent-preclean-start]
2020-10-28T12:48:19.147+0000: [CMS-concurrent-preclean: 0.006/0.006 secs] [Times: user=0.01 sys=0.00, real=0.01 secs] 
2020-10-28T12:48:19.147+0000: [CMS-concurrent-abortable-preclean-start]
2020-10-28T12:48:19.210+0000: [GC (Allocation Failure) 2020-10-28T12:48:19.210+0000: [ParNew: 34617K->68K(38720K), 0.0061291 secs] 413408K->378859K(615428K), 0.0061923 secs] [Times: user=0.02 sys=0.00, real=0.00 secs] 
2020-10-28T12:48:19.285+0000: [GC (Allocation Failure) 2020-10-28T12:48:19.285+0000: [ParNew: 34500K->93K(38720K), 0.0028786 secs] 413291K->378884K(615428K), 0.0029557 secs] [Times: user=0.00 sys=0.00, real=0.01 secs] 
2020-10-28T12:48:19.340+0000: [GC (Allocation Failure) 2020-10-28T12:48:19.340+0000: [ParNew: 34525K->99K(38720K), 0.0029287 secs] 413316K->378890K(615428K), 0.0029890 secs] [Times: user=0.00 sys=0.00, real=0.00 secs] 
2020-10-28T12:48:19.392+0000: [GC (Allocation Failure) 2020-10-28T12:48:19.392+0000: [ParNew: 34531K->101K(38720K), 0.0028827 secs] 413322K->378892K(615428K), 0.0029427 secs] [Times: user=0.01 sys=0.00, real=0.00 secs] 
2020-10-28T12:48:19.444+0000: [GC (Allocation Failure) 2020-10-28T12:48:19.444+0000: [ParNew: 34533K->101K(38720K), 0.0029111 secs] 413324K->378892K(615428K), 0.0029743 secs] [Times: user=0.01 sys=0.00, real=0.01 secs] 
2020-10-28T12:48:19.495+0000: [GC (Allocation Failure) 2020-10-28T12:48:19.495+0000: [ParNew: 34533K->68K(38720K), 0.0031262 secs] 413324K->378919K(615428K), 0.0031854 secs] [Times: user=0.01 sys=0.00, real=0.01 secs] 
2020-10-28T12:48:19.548+0000: [GC (Allocation Failure) 2020-10-28T12:48:19.548+0000: [ParNew: 34500K->18K(38720K), 0.0027443 secs] 413351K->378877K(615428K), 0.0028028 secs] [Times: user=0.01 sys=0.00, real=0.00 secs] 
2020-10-28T12:48:19.601+0000: [GC (Allocation Failure) 2020-10-28T12:48:19.601+0000: [ParNew: 34450K->4K(38720K), 0.0027257 secs] 413309K->378864K(615428K), 0.0027884 secs] [Times: user=0.00 sys=0.00, real=0.00 secs] 
2020-10-28T12:48:19.651+0000: [GC (Allocation Failure) 2020-10-28T12:48:19.651+0000: [ParNew: 34436K->4K(38720K), 0.0026714 secs] 413296K->378863K(615428K), 0.0027312 secs] [Times: user=0.01 sys=0.00, real=0.00 secs] 
2020-10-28T12:48:19.701+0000: [GC (Allocation Failure) 2020-10-28T12:48:19.701+0000: [ParNew: 34436K->4K(38720K), 0.0027146 secs] 413295K->378863K(615428K), 0.0027930 secs] [Times: user=0.01 sys=0.00, real=0.00 secs] 
2020-10-28T12:48:19.751+0000: [GC (Allocation Failure) 2020-10-28T12:48:19.751+0000: [ParNew: 34436K->4K(38720K), 0.0027039 secs] 413295K->378863K(615428K), 0.0027649 secs] [Times: user=0.01 sys=0.00, real=0.00 secs] 
2020-10-28T12:48:19.801+0000: [GC (Allocation Failure) 2020-10-28T12:48:19.801+0000: [ParNew: 34436K->4K(38720K), 0.0026945 secs] 413295K->378863K(615428K), 0.0027552 secs] [Times: user=0.00 sys=0.00, real=0.00 secs] 
2020-10-28T12:48:19.850+0000: [GC (Allocation Failure) 2020-10-28T12:48:19.850+0000: [ParNew: 34436K->4K(38720K), 0.0026939 secs] 413295K->378863K(615428K), 0.0027449 secs] [Times: user=0.01 sys=0.00, real=0.00 secs] 
2020-10-28T12:48:19.901+0000: [GC (Allocation Failure) 2020-10-28T12:48:19.901+0000: [ParNew: 34436K->4K(38720K), 0.0026896 secs] 413295K->378863K(615428K), 0.0027562 secs] [Times: user=0.00 sys=0.00, real=0.00 secs] 
2020-10-28T12:48:19.951+0000: [GC (Allocation Failure) 2020-10-28T12:48:19.951+0000: [ParNew: 34436K->4K(38720K), 0.0027041 secs] 413295K->378863K(615428K), 0.0027639 secs] [Times: user=0.01 sys=0.00, real=0.00 secs] 
2020-10-28T12:48:20.001+0000: [GC (Allocation Failure) 2020-10-28T12:48:20.001+0000: [ParNew: 34436K->4K(38720K), 0.0027424 secs] 413295K->378863K(615428K), 0.0028039 secs] [Times: user=0.00 sys=0.00, real=0.00 secs] 
2020-10-28T12:48:20.056+0000: [GC (Allocation Failure) 2020-10-28T12:48:20.056+0000: [ParNew: 34436K->4K(38720K), 0.0026786 secs] 413295K->378863K(615428K), 0.0027382 secs] [Times: user=0.00 sys=0.00, real=0.01 secs] 
2020-10-28T12:48:20.106+0000: [GC (Allocation Failure) 2020-10-28T12:48:20.106+0000: [ParNew: 34436K->4K(38720K), 0.0026584 secs] 413295K->378863K(615428K), 0.0027180 secs] [Times: user=0.01 sys=0.00, real=0.00 secs] 
2020-10-28T12:48:20.155+0000: [GC (Allocation Failure) 2020-10-28T12:48:20.155+0000: [ParNew: 34436K->4K(38720K), 0.0026830 secs] 413295K->378863K(615428K), 0.0027442 secs] [Times: user=0.01 sys=0.00, real=0.01 secs] 
2020-10-28T12:48:20.206+0000: [GC (Allocation Failure) 2020-10-28T12:48:20.206+0000: [ParNew: 34436K->4K(38720K), 0.0026800 secs] 413295K->378863K(615428K), 0.0027396 secs] [Times: user=0.01 sys=0.00, real=0.00 secs] 
2020-10-28T12:48:20.255+0000: [GC (Allocation Failure) 2020-10-28T12:48:20.255+0000: [ParNew: 34436K->4K(38720K), 0.0026621 secs] 413295K->378863K(615428K), 0.0027219 secs] [Times: user=0.01 sys=0.00, real=0.01 secs] 
2020-10-28T12:48:20.310+0000: [GC (Allocation Failure) 2020-10-28T12:48:20.310+0000: [ParNew: 34436K->4K(38720K), 0.0027123 secs] 413295K->378863K(615428K), 0.0027760 secs] [Times: user=0.00 sys=0.00, real=0.00 secs] 
2020-10-28T12:48:20.361+0000: [GC (Allocation Failure) 2020-10-28T12:48:20.361+0000: [ParNew: 34436K->4K(38720K), 0.0027289 secs] 413295K->378863K(615428K), 0.0027904 secs] [Times: user=0.01 sys=0.00, real=0.00 secs] 
2020-10-28T12:48:20.371+0000: [GC (Allocation Failure) 2020-10-28T12:48:20.371+0000: [ParNew: 34436K->4K(38720K), 0.0268850 secs] 413295K->411631K(615428K), 0.0269491 secs] [Times: user=0.04 sys=0.01, real=0.03 secs] 
2020-10-28T12:48:20.451+0000: [GC (Allocation Failure) 2020-10-28T12:48:20.452+0000: [ParNew: 34436K->4K(38720K), 0.0026585 secs] 446063K->411631K(615428K), 0.0027190 secs] [Times: user=0.01 sys=0.00, real=0.00 secs] 
2020-10-28T12:48:20.502+0000: [GC (Allocation Failure) 2020-10-28T12:48:20.502+0000: [ParNew: 34436K->4K(38720K), 0.0026648 secs] 446063K->411631K(615428K), 0.0027439 secs] [Times: user=0.01 sys=0.00, real=0.00 secs] 
2020-10-28T12:48:20.552+0000: [GC (Allocation Failure) 2020-10-28T12:48:20.552+0000: [ParNew: 34436K->4K(38720K), 0.0026816 secs] 446063K->411631K(615428K), 0.0027409 secs] [Times: user=0.01 sys=0.00, real=0.00 secs] 
2020-10-28T12:48:20.602+0000: [GC (Allocation Failure) 2020-10-28T12:48:20.602+0000: [ParNew: 34436K->4K(38720K), 0.0026723 secs] 446063K->411631K(615428K), 0.0027328 secs] [Times: user=0.01 sys=0.00, real=0.00 secs] 
2020-10-28T12:48:20.651+0000: [GC (Allocation Failure) 2020-10-28T12:48:20.651+0000: [ParNew: 34436K->4K(38720K), 0.0026704 secs] 446063K->411631K(615428K), 0.0027308 secs] [Times: user=0.00 sys=0.00, real=0.00 secs] 
2020-10-28T12:48:20.701+0000: [GC (Allocation Failure) 2020-10-28T12:48:20.701+0000: [ParNew: 34436K->2K(38720K), 0.0210432 secs] 446063K->411629K(615428K), 0.0211289 secs] [Times: user=0.02 sys=0.00, real=0.02 secs] 
2020-10-28T12:48:20.809+0000: [GC (Allocation Failure) 2020-10-28T12:48:20.809+0000: [ParNew: 34434K->2K(38720K), 0.0056272 secs] 446061K->411629K(615428K), 0.0057000 secs] [Times: user=0.01 sys=0.00, real=0.00 secs] 
2020-10-28T12:48:20.898+0000: [GC (Allocation Failure) 2020-10-28T12:48:20.898+0000: [ParNew: 34434K->4K(38720K), 0.0027019 secs] 446061K->411631K(615428K), 0.0027743 secs] [Times: user=0.01 sys=0.00, real=0.00 secs] 
2020-10-28T12:48:20.948+0000: [GC (Allocation Failure) 2020-10-28T12:48:20.948+0000: [ParNew: 34436K->4K(38720K), 0.0026723 secs] 446063K->411631K(615428K), 0.0027314 secs] [Times: user=0.01 sys=0.00, real=0.00 secs] 
2020-10-28T12:48:20.997+0000: [GC (Allocation Failure) 2020-10-28T12:48:20.997+0000: [ParNew: 34436K->4K(38720K), 0.0026951 secs] 446063K->411631K(615428K), 0.0027554 secs] [Times: user=0.00 sys=0.00, real=0.01 secs] 
2020-10-28T12:48:22.211+0000: [CMS-concurrent-abortable-preclean: 0.112/3.063 secs] [Times: user=4.05 sys=0.07, real=3.06 secs] 
2020-10-28T12:48:22.211+0000: [GC (CMS Final Remark) [YG occupancy: 22038 K (38720 K)]2020-10-28T12:48:22.211+0000: [Rescan (parallel) , 0.0142557 secs]2020-10-28T12:48:22.225+0000: [weak refs processing, 0.0000406 secs]2020-10-28T12:48:22.226+0000: [class unloading, 0.0068526 secs]2020-10-28T12:48:22.232+0000: [scrub symbol table, 0.0074542 secs]2020-10-28T12:48:22.240+0000: [scrub string table, 0.0005993 secs][1 CMS-remark: 411627K(576708K)] 433666K(615428K), 0.0293229 secs] [Times: user=0.05 sys=0.00, real=0.03 secs] 
2020-10-28T12:48:22.242+0000: [CMS-concurrent-sweep-start]
2020-10-28T12:48:22.252+0000: [CMS-concurrent-sweep: 0.010/0.011 secs] [Times: user=0.02 sys=0.00, real=0.01 secs] 
2020-10-28T12:48:22.252+0000: [CMS-concurrent-reset-start]
2020-10-28T12:48:22.262+0000: [CMS-concurrent-reset: 0.010/0.010 secs] [Times: user=0.02 sys=0.00, real=0.01 secs] 
2020-10-28T12:48:22.677+0000: [GC (Allocation Failure) 2020-10-28T12:48:22.677+0000: [ParNew: 34436K->107K(38720K), 0.0033023 secs] 445996K->411668K(724656K), 0.0033796 secs] [Times: user=0.00 sys=0.00, real=0.01 secs] 
2020-10-28T12:48:24.004+0000: [GC (Allocation Failure) 2020-10-28T12:48:24.004+0000: [ParNew: 34539K->1138K(38720K), 0.0061983 secs] 446100K->412699K(724656K), 0.0062654 secs] [Times: user=0.01 sys=0.00, real=0.01 secs] 
2020-10-28T12:48:24.182+0000: [GC (Allocation Failure) 2020-10-28T12:48:24.183+0000: [ParNew: 35570K->2493K(38720K), 0.0056010 secs] 447131K->414054K(724656K), 0.0056966 secs] [Times: user=0.02 sys=0.00, real=0.01 secs] 
2020-10-28T12:48:24.356+0000: [GC (Allocation Failure) 2020-10-28T12:48:24.356+0000: [ParNew: 36766K->1651K(38720K), 0.0099426 secs] 448327K->414004K(724656K), 0.0100204 secs] [Times: user=0.02 sys=0.00, real=0.02 secs] 
2020-10-28T12:48:24.526+0000: [GC (Allocation Failure) 2020-10-28T12:48:24.526+0000: [ParNew: 36083K->2316K(38720K), 0.0136031 secs] 448436K->414669K(724656K), 0.0136655 secs] [Times: user=0.03 sys=0.00, real=0.01 secs] 
2020-10-28T12:48:24.688+0000: [GC (Allocation Failure) 2020-10-28T12:48:24.688+0000: [ParNew: 36748K->2341K(38720K), 0.0054588 secs] 449101K->414694K(724656K), 0.0055169 secs] [Times: user=0.01 sys=0.00, real=0.00 secs] 
2020-10-28T12:48:24.882+0000: [GC (Allocation Failure) 2020-10-28T12:48:24.882+0000: [ParNew: 36773K->2524K(38720K), 0.0141798 secs] 449126K->414878K(724656K), 0.0142450 secs] [Times: user=0.03 sys=0.00, real=0.01 secs] 
2020-10-28T12:48:25.306+0000: [GC (Allocation Failure) 2020-10-28T12:48:25.306+0000: [ParNew: 36956K->2695K(38720K), 0.0079140 secs] 449310K->415048K(724656K), 0.0079879 secs] [Times: user=0.01 sys=0.00, real=0.00 secs] 
2020-10-28T12:48:25.568+0000: [GC (Allocation Failure) 2020-10-28T12:48:25.568+0000: [ParNew: 37127K->3346K(38720K), 0.0094650 secs] 449480K->416084K(724656K), 0.0095480 secs] [Times: user=0.02 sys=0.00, real=0.01 secs] 
2020-10-28T12:48:26.033+0000: [GC (Allocation Failure) 2020-10-28T12:48:26.033+0000: [ParNew: 37778K->3872K(38720K), 0.0105766 secs] 450516K->417330K(724656K), 0.0106390 secs] [Times: user=0.03 sys=0.00, real=0.01 secs] 
2020-10-28T12:48:26.490+0000: [GC (Allocation Failure) 2020-10-28T12:48:26.490+0000: [ParNew: 38304K->4224K(38720K), 0.0287253 secs] 451762K->420851K(724656K), 0.0288096 secs] [Times: user=0.06 sys=0.00, real=0.03 secs] 
2020-10-28T12:48:26.633+0000: [GC (Allocation Failure) 2020-10-28T12:48:26.633+0000: [ParNew: 38656K->2878K(38720K), 0.0094416 secs] 455283K->422229K(724656K), 0.0095216 secs] [Times: user=0.02 sys=0.00, real=0.01 secs] 
2020-10-28T12:48:26.744+0000: [GC (Allocation Failure) 2020-10-28T12:48:26.744+0000: [ParNew: 37310K->1414K(38720K), 0.0037122 secs] 456661K->420764K(724656K), 0.0037744 secs] [Times: user=0.01 sys=0.00, real=0.01 secs] 
2020-10-28T12:48:26.834+0000: [GC (Allocation Failure) 2020-10-28T12:48:26.834+0000: [ParNew: 35846K->1437K(38720K), 0.0073781 secs] 455196K->420787K(724656K), 0.0074589 secs] [Times: user=0.01 sys=0.00, real=0.01 secs] 
2020-10-28T12:48:26.932+0000: [GC (Allocation Failure) 2020-10-28T12:48:26.933+0000: [ParNew: 35869K->1639K(38720K), 0.0038058 secs] 455219K->420990K(724656K), 0.0038685 secs] [Times: user=0.00 sys=0.00, real=0.00 secs] 
2020-10-28T12:48:27.010+0000: [GC (Allocation Failure) 2020-10-28T12:48:27.010+0000: [ParNew: 36071K->2161K(38720K), 0.0038184 secs] 455422K->421512K(724656K), 0.0038785 secs] [Times: user=0.01 sys=0.00, real=0.00 secs] 
2020-10-28T12:48:27.093+0000: [GC (Allocation Failure) 2020-10-28T12:48:27.093+0000: [ParNew: 36593K->2633K(38720K), 0.0038396 secs] 455944K->421984K(724656K), 0.0038925 secs] [Times: user=0.00 sys=0.00, real=0.00 secs] 
2020-10-28T12:48:27.158+0000: [GC (Allocation Failure) 2020-10-28T12:48:27.158+0000: [ParNew: 37065K->2102K(38720K), 0.0039548 secs] 456416K->422028K(724656K), 0.0040139 secs] [Times: user=0.01 sys=0.00, real=0.00 secs] 
2020-10-28T12:48:27.222+0000: [GC (Allocation Failure) 2020-10-28T12:48:27.222+0000: [ParNew: 36534K->3079K(38720K), 0.0069987 secs] 456460K->423004K(724656K), 0.0070625 secs] [Times: user=0.01 sys=0.00, real=0.01 secs] 
2020-10-28T12:48:27.290+0000: [GC (Allocation Failure) 2020-10-28T12:48:27.290+0000: [ParNew: 37511K->4122K(38720K), 0.0043166 secs] 457436K->425072K(724656K), 0.0043789 secs] [Times: user=0.01 sys=0.00, real=0.00 secs] 
2020-10-28T12:48:27.369+0000: [GC (Allocation Failure) 2020-10-28T12:48:27.369+0000: [ParNew: 38554K->2054K(38720K), 0.0040583 secs] 459504K->425052K(724656K), 0.0041201 secs] [Times: user=0.01 sys=0.00, real=0.00 secs] 
2020-10-28T12:48:27.442+0000: [GC (Allocation Failure) 2020-10-28T12:48:27.442+0000: [ParNew: 36486K->2054K(38720K), 0.0036201 secs] 459484K->425052K(724656K), 0.0036917 secs] [Times: user=0.01 sys=0.00, real=0.00 secs] 
2020-10-28T12:48:27.506+0000: [GC (Allocation Failure) 2020-10-28T12:48:27.506+0000: [ParNew: 36486K->1046K(38720K), 0.0034649 secs] 459484K->424044K(724656K), 0.0035258 secs] [Times: user=0.00 sys=0.00, real=0.00 secs] 
2020-10-28T12:48:27.567+0000: [GC (Allocation Failure) 2020-10-28T12:48:27.568+0000: [ParNew: 35478K->3078K(38720K), 0.0038822 secs] 458476K->426076K(724656K), 0.0039580 secs] [Times: user=0.00 sys=0.00, real=0.00 secs] 
2020-10-28T12:48:27.640+0000: [GC (Allocation Failure) 2020-10-28T12:48:27.640+0000: [ParNew: 37510K->2054K(38720K), 0.0039483 secs] 460508K->426076K(724656K), 0.0040297 secs] [Times: user=0.01 sys=0.00, real=0.00 secs] 
2020-10-28T12:48:27.706+0000: [GC (Allocation Failure) 2020-10-28T12:48:27.706+0000: [ParNew: 36486K->2054K(38720K), 0.0038586 secs] 460508K->426076K(724656K), 0.0039552 secs] [Times: user=0.00 sys=0.00, real=0.00 secs] 
2020-10-28T12:48:27.771+0000: [GC (Allocation Failure) 2020-10-28T12:48:27.771+0000: [ParNew: 36486K->4102K(38720K), 0.0046297 secs] 460508K->430172K(724656K), 0.0046930 secs] [Times: user=0.01 sys=0.00, real=0.00 secs] 
2020-10-28T12:48:27.838+0000: [GC (Allocation Failure) 2020-10-28T12:48:27.838+0000: [ParNew: 38534K->4102K(38720K), 0.0045868 secs] 464604K->432221K(724656K), 0.0046484 secs] [Times: user=0.01 sys=0.00, real=0.00 secs] 
2020-10-28T12:48:27.906+0000: [GC (Allocation Failure) 2020-10-28T12:48:27.906+0000: [ParNew: 38534K->2054K(38720K), 0.0080083 secs] 466653K->432221K(724656K), 0.0080762 secs] [Times: user=0.01 sys=0.00, real=0.00 secs] 
2020-10-28T12:48:28.015+0000: [GC (Allocation Failure) 2020-10-28T12:48:28.015+0000: [ParNew: 36486K->2054K(38720K), 0.0070894 secs] 466653K->432221K(724656K), 0.0071528 secs] [Times: user=0.01 sys=0.00, real=0.01 secs] 
2020-10-28T12:48:28.094+0000: [GC (Allocation Failure) 2020-10-28T12:48:28.094+0000: [ParNew: 36486K->2054K(38720K), 0.0071223 secs] 466653K->432221K(724656K), 0.0071856 secs] [Times: user=0.01 sys=0.00, real=0.01 secs] 
2020-10-28T12:48:28.198+0000: [GC (Allocation Failure) 2020-10-28T12:48:28.198+0000: [ParNew: 36486K->2052K(38720K), 0.0070289 secs] 466653K->432219K(724656K), 0.0070913 secs] [Times: user=0.02 sys=0.00, real=0.00 secs] 
2020-10-28T12:48:28.278+0000: [GC (Allocation Failure) 2020-10-28T12:48:28.278+0000: [ParNew: 36484K->2054K(38720K), 0.0036353 secs] 466651K->432221K(724656K), 0.0036932 secs] [Times: user=0.00 sys=0.00, real=0.00 secs] 
2020-10-28T12:48:28.339+0000: [GC (Allocation Failure) 2020-10-28T12:48:28.339+0000: [ParNew: 36486K->6K(38720K), 0.0036479 secs] 466653K->432221K(724656K), 0.0037089 secs] [Times: user=0.01 sys=0.00, real=0.00 secs] 
2020-10-28T12:48:28.402+0000: [GC (Allocation Failure) 2020-10-28T12:48:28.402+0000: [ParNew: 34438K->6K(38720K), 0.0031891 secs] 466653K->432221K(724656K), 0.0032510 secs] [Times: user=0.00 sys=0.00, real=0.00 secs] 
2020-10-28T12:48:28.470+0000: [GC (Allocation Failure) 2020-10-28T12:48:28.470+0000: [ParNew: 34438K->6K(38720K), 0.0031329 secs] 466653K->432221K(724656K), 0.0031922 secs] [Times: user=0.01 sys=0.00, real=0.00 secs] 
2020-10-28T12:48:28.560+0000: [GC (Allocation Failure) 2020-10-28T12:48:28.560+0000: [ParNew: 34438K->6K(38720K), 0.0031813 secs] 466653K->432221K(724656K), 0.0032405 secs] [Times: user=0.01 sys=0.00, real=0.00 secs] 
2020-10-28T12:48:28.614+0000: [GC (Allocation Failure) 2020-10-28T12:48:28.614+0000: [ParNew: 34438K->6K(38720K), 0.0031596 secs] 466653K->432221K(724656K), 0.0032201 secs] [Times: user=0.00 sys=0.00, real=0.00 secs] 
2020-10-28T12:48:28.666+0000: [GC (Allocation Failure) 2020-10-28T12:48:28.666+0000: [ParNew: 34438K->6K(38720K), 0.0067341 secs] 466653K->432221K(724656K), 0.0067949 secs] [Times: user=0.02 sys=0.00, real=0.00 secs] 
2020-10-28T12:48:28.714+0000: [GC (Allocation Failure) 2020-10-28T12:48:28.714+0000: [ParNew: 34438K->4102K(38720K), 0.0045334 secs] 466653K->440413K(724656K), 0.0045931 secs] [Times: user=0.01 sys=0.00, real=0.01 secs] 
2020-10-28T12:48:28.761+0000: [GC (Allocation Failure) 2020-10-28T12:48:28.761+0000: [ParNew: 38534K->6K(38720K), 0.0031684 secs] 474845K->436317K(724656K), 0.0032290 secs] [Times: user=0.01 sys=0.00, real=0.00 secs] 
2020-10-28T12:48:28.796+0000: [GC (Allocation Failure) 2020-10-28T12:48:28.796+0000: [ParNew: 34438K->4102K(38720K), 0.0078421 secs] 470749K->448605K(724656K), 0.0079163 secs] [Times: user=0.01 sys=0.00, real=0.01 secs] 
2020-10-28T12:48:28.813+0000: [GC (CMS Initial Mark) [1 CMS-initial-mark: 444503K(685936K)] 452992K(724656K), 0.0041117 secs] [Times: user=0.00 sys=0.00, real=0.00 secs] 
2020-10-28T12:48:28.817+0000: [CMS-concurrent-mark-start]
2020-10-28T12:48:28.870+0000: [GC (Allocation Failure) 2020-10-28T12:48:28.870+0000: [ParNew: 38534K->6K(38720K), 0.0058959 secs] 483037K->448605K(724656K), 0.0059580 secs] [Times: user=0.01 sys=0.01, real=0.00 secs] 
2020-10-28T12:48:28.922+0000: [GC (Allocation Failure) 2020-10-28T12:48:28.922+0000: [ParNew: 34438K->6K(38720K), 0.0031539 secs] 483037K->448605K(724656K), 0.0032230 secs] [Times: user=0.01 sys=0.00, real=0.00 secs] 
2020-10-28T12:48:28.989+0000: [CMS-concurrent-mark: 0.162/0.172 secs] [Times: user=0.32 sys=0.01, real=0.18 secs] 
2020-10-28T12:48:28.989+0000: [GC (Allocation Failure) 2020-10-28T12:48:28.990+0000: [ParNew: 34438K->6K(38720K), 0.0031523 secs] 483037K->448605K(724656K), 0.0031963 secs] [Times: user=0.01 sys=0.00, real=0.00 secs] 
2020-10-28T12:48:28.993+0000: [CMS-concurrent-preclean-start]
2020-10-28T12:48:29.003+0000: [CMS-concurrent-preclean: 0.010/0.010 secs] [Times: user=0.02 sys=0.00, real=0.01 secs] 
2020-10-28T12:48:29.003+0000: [CMS-concurrent-abortable-preclean-start]
2020-10-28T12:48:29.040+0000: [GC (Allocation Failure) 2020-10-28T12:48:29.040+0000: [ParNew: 34438K->6K(38720K), 0.0031933 secs] 483037K->448605K(724656K), 0.0032545 secs] [Times: user=0.01 sys=0.00, real=0.00 secs] 
2020-10-28T12:48:29.073+0000: [CMS-concurrent-abortable-preclean: 0.012/0.070 secs] [Times: user=0.13 sys=0.00, real=0.07 secs] 
2020-10-28T12:48:29.086+0000: [GC (CMS Final Remark) [YG occupancy: 23258 K (38720 K)]2020-10-28T12:48:29.086+0000: [Rescan (parallel) , 0.0185905 secs]2020-10-28T12:48:29.104+0000: [weak refs processing, 0.0000848 secs]2020-10-28T12:48:29.104+0000: [class unloading, 0.0085122 secs]2020-10-28T12:48:29.113+0000: [scrub symbol table, 0.0085283 secs]2020-10-28T12:48:29.121+0000: [scrub string table, 0.0006542 secs][1 CMS-remark: 448599K(685936K)] 471858K(724656K), 0.0364997 secs] [Times: user=0.06 sys=0.00, real=0.03 secs] 
2020-10-28T12:48:29.126+0000: [CMS-concurrent-sweep-start]
2020-10-28T12:48:29.163+0000: [GC (Allocation Failure) 2020-10-28T12:48:29.164+0000: [ParNew: 34438K->10K(38720K), 0.0034762 secs] 482125K->447697K(724656K), 0.0035366 secs] [Times: user=0.00 sys=0.00, real=0.01 secs] 
2020-10-28T12:48:29.170+0000: [CMS-concurrent-sweep: 0.040/0.044 secs] [Times: user=0.09 sys=0.00, real=0.04 secs] 
2020-10-28T12:48:29.170+0000: [CMS-concurrent-reset-start]
2020-10-28T12:48:29.181+0000: [CMS-concurrent-reset: 0.011/0.011 secs] [Times: user=0.02 sys=0.00, real=0.01 secs] 
2020-10-28T12:48:29.220+0000: [GC (Allocation Failure) 2020-10-28T12:48:29.220+0000: [ParNew: 34442K->15K(38720K), 0.0032378 secs] 278465K->244039K(724656K), 0.0032980 secs] [Times: user=0.01 sys=0.00, real=0.00 secs] 
2020-10-28T12:48:29.271+0000: [GC (Allocation Failure) 2020-10-28T12:48:29.271+0000: [ParNew: 34447K->18K(38720K), 0.0032214 secs] 278471K->244041K(724656K), 0.0032811 secs] [Times: user=0.01 sys=0.00, real=0.00 secs] 
2020-10-28T12:48:29.318+0000: [GC (Allocation Failure) 2020-10-28T12:48:29.318+0000: [ParNew: 34450K->11K(38720K), 0.0031844 secs] 278473K->244035K(724656K), 0.0032439 secs] [Times: user=0.01 sys=0.00, real=0.00 secs] 
2020-10-28T12:48:29.363+0000: [GC (Allocation Failure) 2020-10-28T12:48:29.363+0000: [ParNew: 34443K->12K(38720K), 0.0031831 secs] 278467K->244036K(724656K), 0.0032409 secs] [Times: user=0.00 sys=0.00, real=0.01 secs] 
2020-10-28T12:48:29.414+0000: [GC (Allocation Failure) 2020-10-28T12:48:29.414+0000: [ParNew: 34444K->13K(38720K), 0.0032205 secs] 278468K->244037K(724656K), 0.0032892 secs] [Times: user=0.01 sys=0.00, real=0.00 secs] 
2020-10-28T12:48:29.458+0000: [GC (Allocation Failure) 2020-10-28T12:48:29.458+0000: [ParNew: 34445K->9K(38720K), 0.0079571 secs] 278469K->244038K(724656K), 0.0080275 secs] [Times: user=0.01 sys=0.00, real=0.01 secs] 
2020-10-28T12:48:29.508+0000: [GC (Allocation Failure) 2020-10-28T12:48:29.508+0000: [ParNew: 34441K->6K(38720K), 0.0032286 secs] 278470K->244035K(724656K), 0.0032905 secs] [Times: user=0.00 sys=0.00, real=0.00 secs] 
2020-10-28T12:48:29.552+0000: [GC (Allocation Failure) 2020-10-28T12:48:29.552+0000: [ParNew: 34438K->6K(38720K), 0.0032870 secs] 278467K->244035K(724656K), 0.0033470 secs] [Times: user=0.00 sys=0.00, real=0.00 secs] 
2020-10-28T12:48:29.610+0000: [GC (Allocation Failure) 2020-10-28T12:48:29.610+0000: [ParNew: 34438K->6K(38720K), 0.0032241 secs] 278467K->244035K(724656K), 0.0032829 secs] [Times: user=0.01 sys=0.00, real=0.00 secs] 
2020-10-28T12:48:29.666+0000: [GC (Allocation Failure) 2020-10-28T12:48:29.666+0000: [ParNew: 34438K->6K(38720K), 0.0031765 secs] 278467K->244035K(724656K), 0.0032412 secs] [Times: user=0.00 sys=0.00, real=0.00 secs] 
2020-10-28T12:48:29.711+0000: [GC (Allocation Failure) 2020-10-28T12:48:29.711+0000: [ParNew: 34438K->6K(38720K), 0.0032037 secs] 278467K->244035K(724656K), 0.0032624 secs] [Times: user=0.01 sys=0.00, real=0.00 secs] 
2020-10-28T12:48:29.758+0000: [GC (Allocation Failure) 2020-10-28T12:48:29.758+0000: [ParNew: 34438K->6K(38720K), 0.0031876 secs] 278467K->244035K(724656K), 0.0032480 secs] [Times: user=0.01 sys=0.00, real=0.00 secs] 
2020-10-28T12:48:29.806+0000: [GC (Allocation Failure) 2020-10-28T12:48:29.806+0000: [ParNew: 34438K->6K(38720K), 0.0032070 secs] 278467K->244035K(724656K), 0.0032682 secs] [Times: user=0.01 sys=0.00, real=0.00 secs] 
2020-10-28T12:48:29.854+0000: [GC (Allocation Failure) 2020-10-28T12:48:29.854+0000: [ParNew: 34438K->6K(38720K), 0.0031780 secs] 278467K->244035K(724656K), 0.0032305 secs] [Times: user=0.00 sys=0.00, real=0.00 secs] 
2020-10-28T12:48:29.902+0000: [GC (Allocation Failure) 2020-10-28T12:48:29.902+0000: [ParNew: 34438K->6K(38720K), 0.0051332 secs] 278467K->244035K(724656K), 0.0051943 secs] [Times: user=0.01 sys=0.00, real=0.01 secs] 
2020-10-28T12:48:29.952+0000: [GC (Allocation Failure) 2020-10-28T12:48:29.952+0000: [ParNew: 34438K->6K(38720K), 0.0031718 secs] 278467K->244035K(724656K), 0.0032327 secs] [Times: user=0.01 sys=0.00, real=0.00 secs] 
2020-10-28T12:48:30.000+0000: [GC (Allocation Failure) 2020-10-28T12:48:30.000+0000: [ParNew: 34438K->6K(38720K), 0.0032369 secs] 278467K->244035K(724656K), 0.0032978 secs] [Times: user=0.01 sys=0.00, real=0.00 secs] 
2020-10-28T12:48:30.046+0000: [GC (Allocation Failure) 2020-10-28T12:48:30.046+0000: [ParNew: 34438K->6K(38720K), 0.0031496 secs] 278467K->244035K(724656K), 0.0032103 secs] [Times: user=0.00 sys=0.00, real=0.00 secs] 
2020-10-28T12:48:30.095+0000: [GC (Allocation Failure) 2020-10-28T12:48:30.095+0000: [ParNew: 34438K->6K(38720K), 0.0032646 secs] 278467K->244035K(724656K), 0.0033250 secs] [Times: user=0.01 sys=0.00, real=0.01 secs] 
2020-10-28T12:48:30.144+0000: [GC (Allocation Failure) 2020-10-28T12:48:30.144+0000: [ParNew: 34438K->6K(38720K), 0.0032244 secs] 278467K->244035K(724656K), 0.0032831 secs] [Times: user=0.01 sys=0.00, real=0.01 secs] 
2020-10-28T12:48:30.182+0000: [GC (Allocation Failure) 2020-10-28T12:48:30.182+0000: [ParNew: 34438K->6K(38720K), 0.0051679 secs] 278467K->252227K(724656K), 0.0052299 secs] [Times: user=0.01 sys=0.00, real=0.01 secs] 
2020-10-28T12:48:30.233+0000: [GC (Allocation Failure) 2020-10-28T12:48:30.233+0000: [ParNew: 34438K->6K(38720K), 0.0032822 secs] 286659K->252227K(724656K), 0.0033427 secs] [Times: user=0.00 sys=0.00, real=0.00 secs] 
2020-10-28T12:48:30.274+0000: [GC (Allocation Failure) 2020-10-28T12:48:30.274+0000: [ParNew: 34438K->6K(38720K), 0.0050715 secs] 286659K->260419K(724656K), 0.0051287 secs] [Times: user=0.01 sys=0.00, real=0.01 secs] 
2020-10-28T12:48:30.320+0000: [GC (Allocation Failure) 2020-10-28T12:48:30.320+0000: [ParNew: 34438K->6K(38720K), 0.0031824 secs] 294851K->260419K(724656K), 0.0032429 secs] [Times: user=0.00 sys=0.00, real=0.00 secs] 
2020-10-28T12:48:30.362+0000: [GC (Allocation Failure) 2020-10-28T12:48:30.362+0000: [ParNew: 34438K->6K(38720K), 0.0050842 secs] 294851K->268611K(724656K), 0.0051496 secs] [Times: user=0.01 sys=0.00, real=0.01 secs] 
2020-10-28T12:48:30.414+0000: [GC (Allocation Failure) 2020-10-28T12:48:30.414+0000: [ParNew: 34438K->6K(38720K), 0.0032233 secs] 303043K->268611K(724656K), 0.0032841 secs] [Times: user=0.00 sys=0.00, real=0.00 secs] 
2020-10-28T12:48:30.454+0000: [GC (Allocation Failure) 2020-10-28T12:48:30.454+0000: [ParNew: 34438K->6K(38720K), 0.0051226 secs] 303043K->276804K(724656K), 0.0051865 secs] [Times: user=0.01 sys=0.00, real=0.01 secs] 
2020-10-28T12:48:30.500+0000: [GC (Allocation Failure) 2020-10-28T12:48:30.500+0000: [ParNew: 34438K->6K(38720K), 0.0031866 secs] 311236K->276803K(724656K), 0.0032463 secs] [Times: user=0.01 sys=0.00, real=0.00 secs] 
2020-10-28T12:48:30.544+0000: [GC (Allocation Failure) 2020-10-28T12:48:30.544+0000: [ParNew: 34438K->6K(38720K), 0.0032097 secs] 311235K->276803K(724656K), 0.0032716 secs] [Times: user=0.01 sys=0.00, real=0.01 secs] 
2020-10-28T12:48:30.594+0000: [GC (Allocation Failure) 2020-10-28T12:48:30.594+0000: [ParNew: 34438K->6K(38720K), 0.0031527 secs] 311235K->276803K(724656K), 0.0032117 secs] [Times: user=0.01 sys=0.00, real=0.00 secs] 
2020-10-28T12:48:30.638+0000: [GC (Allocation Failure) 2020-10-28T12:48:30.638+0000: [ParNew: 34438K->6K(38720K), 0.0032544 secs] 311235K->276804K(724656K), 0.0033179 secs] [Times: user=0.00 sys=0.01, real=0.00 secs] 
2020-10-28T12:48:30.690+0000: [GC (Allocation Failure) 2020-10-28T12:48:30.690+0000: [ParNew: 34438K->6K(38720K), 0.0032315 secs] 311236K->276803K(724656K), 0.0032936 secs] [Times: user=0.01 sys=0.00, real=0.00 secs] 
2020-10-28T12:48:30.758+0000: [GC (Allocation Failure) 2020-10-28T12:48:30.758+0000: [ParNew: 34438K->6K(38720K), 0.0047226 secs] 311235K->276804K(724656K), 0.0047840 secs] [Times: user=0.01 sys=0.00, real=0.00 secs] 
2020-10-28T12:48:30.804+0000: [GC (Allocation Failure) 2020-10-28T12:48:30.804+0000: [ParNew: 34438K->6K(38720K), 0.0031879 secs] 311236K->276804K(724656K), 0.0032492 secs] [Times: user=0.01 sys=0.00, real=0.01 secs] 
2020-10-28T12:48:30.854+0000: [GC (Allocation Failure) 2020-10-28T12:48:30.854+0000: [ParNew: 34438K->6K(38720K), 0.0031441 secs] 311236K->276804K(724656K), 0.0032046 secs] [Times: user=0.01 sys=0.00, real=0.00 secs] 
2020-10-28T12:48:30.897+0000: [GC (Allocation Failure) 2020-10-28T12:48:30.897+0000: [ParNew: 34438K->6K(38720K), 0.0031682 secs] 311236K->276804K(724656K), 0.0032287 secs] [Times: user=0.00 sys=0.00, real=0.01 secs] 
2020-10-28T12:48:30.946+0000: [GC (Allocation Failure) 2020-10-28T12:48:30.946+0000: [ParNew: 34438K->6K(38720K), 0.0031839 secs] 311236K->276804K(724656K), 0.0032446 secs] [Times: user=0.00 sys=0.00, real=0.00 secs] 
2020-10-28T12:48:30.994+0000: [GC (Allocation Failure) 2020-10-28T12:48:30.994+0000: [ParNew: 34438K->6K(38720K), 0.0031605 secs] 311236K->276804K(724656K), 0.0032574 secs] [Times: user=0.01 sys=0.00, real=0.00 secs] 
2020-10-28T12:48:31.038+0000: [GC (Allocation Failure) 2020-10-28T12:48:31.038+0000: [ParNew: 34438K->6K(38720K), 0.0032259 secs] 311236K->276804K(724656K), 0.0033166 secs] [Times: user=0.00 sys=0.00, real=0.00 secs] 
2020-10-28T12:48:31.083+0000: [GC (Allocation Failure) 2020-10-28T12:48:31.083+0000: [ParNew: 34438K->6K(38720K), 0.0031743 secs] 311236K->276804K(724656K), 0.0032458 secs] [Times: user=0.00 sys=0.00, real=0.01 secs] 
2020-10-28T12:48:31.130+0000: [GC (Allocation Failure) 2020-10-28T12:48:31.130+0000: [ParNew: 34438K->6K(38720K), 0.0031856 secs] 311236K->276804K(724656K), 0.0032459 secs] [Times: user=0.01 sys=0.01, real=0.00 secs] 
2020-10-28T12:48:31.174+0000: [GC (Allocation Failure) 2020-10-28T12:48:31.174+0000: [ParNew: 34438K->6K(38720K), 0.0031653 secs] 311236K->276804K(724656K), 0.0032255 secs] [Times: user=0.01 sys=0.00, real=0.00 secs] 
2020-10-28T12:48:31.224+0000: [GC (Allocation Failure) 2020-10-28T12:48:31.224+0000: [ParNew: 34438K->6K(38720K), 0.0031770 secs] 311236K->276804K(724656K), 0.0032395 secs] [Times: user=0.01 sys=0.00, real=0.01 secs] 
2020-10-28T12:48:31.268+0000: [GC (Allocation Failure) 2020-10-28T12:48:31.268+0000: [ParNew: 34438K->6K(38720K), 0.0032071 secs] 311236K->276804K(724656K), 0.0032681 secs] [Times: user=0.00 sys=0.00, real=0.00 secs] 
2020-10-28T12:48:31.318+0000: [GC (Allocation Failure) 2020-10-28T12:48:31.318+0000: [ParNew: 34438K->6K(38720K), 0.0031527 secs] 311236K->276804K(724656K), 0.0032128 secs] [Times: user=0.01 sys=0.01, real=0.00 secs] 
2020-10-28T12:48:31.370+0000: [GC (Allocation Failure) 2020-10-28T12:48:31.370+0000: [ParNew: 34438K->6K(38720K), 0.0031690 secs] 311236K->276804K(724656K), 0.0032299 secs] [Times: user=0.01 sys=0.00, real=0.00 secs] 
2020-10-28T12:48:31.418+0000: [GC (Allocation Failure) 2020-10-28T12:48:31.418+0000: [ParNew: 34438K->6K(38720K), 0.0031497 secs] 311236K->276804K(724656K), 0.0032090 secs] [Times: user=0.01 sys=0.00, real=0.00 secs] 
2020-10-28T12:48:31.469+0000: [GC (Allocation Failure) 2020-10-28T12:48:31.469+0000: [ParNew: 34438K->6K(38720K), 0.0031630 secs] 311236K->276804K(724656K), 0.0032233 secs] [Times: user=0.01 sys=0.00, real=0.00 secs] 
2020-10-28T12:48:31.513+0000: [GC (Allocation Failure) 2020-10-28T12:48:31.513+0000: [ParNew: 34438K->6K(38720K), 0.0031711 secs] 311236K->276804K(724656K), 0.0032321 secs] [Times: user=0.01 sys=0.00, real=0.00 secs] 
2020-10-28T12:48:31.562+0000: [GC (Allocation Failure) 2020-10-28T12:48:31.562+0000: [ParNew: 34438K->6K(38720K), 0.0031713 secs] 311236K->276804K(724656K), 0.0032323 secs] [Times: user=0.01 sys=0.00, real=0.00 secs] 
2020-10-28T12:48:31.609+0000: [GC (Allocation Failure) 2020-10-28T12:48:31.610+0000: [ParNew: 34438K->6K(38720K), 0.0031401 secs] 311236K->276804K(724656K), 0.0031992 secs] [Times: user=0.01 sys=0.00, real=0.00 secs] 
2020-10-28T12:48:31.654+0000: [GC (Allocation Failure) 2020-10-28T12:48:31.654+0000: [ParNew: 34438K->6K(38720K), 0.0031437 secs] 311236K->276804K(724656K), 0.0032023 secs] [Times: user=0.01 sys=0.00, real=0.00 secs] 
2020-10-28T12:48:31.702+0000: [GC (Allocation Failure) 2020-10-28T12:48:31.702+0000: [ParNew: 34438K->6K(38720K), 0.0031833 secs] 311236K->276804K(724656K), 0.0032438 secs] [Times: user=0.01 sys=0.00, real=0.00 secs] 
2020-10-28T12:48:31.750+0000: [GC (Allocation Failure) 2020-10-28T12:48:31.750+0000: [ParNew: 34438K->6K(38720K), 0.0031652 secs] 311236K->276804K(724656K), 0.0032241 secs] [Times: user=0.01 sys=0.00, real=0.00 secs] 
2020-10-28T12:48:31.794+0000: [GC (Allocation Failure) 2020-10-28T12:48:31.794+0000: [ParNew: 34438K->6K(38720K), 0.0032089 secs] 311236K->276804K(724656K), 0.0032682 secs] [Times: user=0.00 sys=0.00, real=0.00 secs] 
2020-10-28T12:48:31.844+0000: [GC (Allocation Failure) 2020-10-28T12:48:31.844+0000: [ParNew: 34438K->6K(38720K), 0.0032076 secs] 311236K->276804K(724656K), 0.0032679 secs] [Times: user=0.01 sys=0.00, real=0.01 secs] 
2020-10-28T12:48:31.888+0000: [GC (Allocation Failure) 2020-10-28T12:48:31.888+0000: [ParNew: 34438K->6K(38720K), 0.0032773 secs] 311236K->276804K(724656K), 0.0033514 secs] [Times: user=0.00 sys=0.00, real=0.00 secs] 
2020-10-28T12:48:31.937+0000: [GC (Allocation Failure) 2020-10-28T12:48:31.937+0000: [ParNew: 34438K->6K(38720K), 0.0032163 secs] 311236K->276804K(724656K), 0.0032768 secs] [Times: user=0.01 sys=0.00, real=0.01 secs] 
2020-10-28T12:48:31.982+0000: [GC (Allocation Failure) 2020-10-28T12:48:31.982+0000: [ParNew: 34438K->6K(38720K), 0.0031646 secs] 311236K->276804K(724656K), 0.0032256 secs] [Times: user=0.01 sys=0.00, real=0.00 secs] 
2020-10-28T12:48:32.022+0000: [GC (Allocation Failure) 2020-10-28T12:48:32.022+0000: [ParNew: 31253K->6K(38720K), 0.0031688 secs] 308052K->276804K(724656K), 0.0032305 secs] [Times: user=0.01 sys=0.00, real=0.00 secs] 
2020-10-28T12:48:32.032+0000: [GC (Allocation Failure) 2020-10-28T12:48:32.032+0000: [ParNew: 34438K->6K(38720K), 0.0077530 secs] 311236K->309572K(724656K), 0.0078261 secs] [Times: user=0.01 sys=0.00, real=0.01 secs] 
2020-10-28T12:48:32.050+0000: [GC (CMS Initial Mark) [1 CMS-initial-mark: 309566K(685936K)] 317676K(724656K), 0.0064530 secs] [Times: user=0.01 sys=0.00, real=0.00 secs] 
2020-10-28T12:48:32.056+0000: [CMS-concurrent-mark-start]
2020-10-28T12:48:32.094+0000: [GC (Allocation Failure) 2020-10-28T12:48:32.094+0000: [ParNew: 34438K->6K(38720K), 0.0031197 secs] 344004K->309572K(724656K), 0.0031794 secs] [Times: user=0.00 sys=0.00, real=0.00 secs] 
2020-10-28T12:48:32.108+0000: [GC (Allocation Failure) 2020-10-28T12:48:32.108+0000: [ParNew: 6290K->6K(38720K), 0.0027639 secs] 315856K->309572K(724656K), 0.0028123 secs] [Times: user=0.00 sys=0.00, real=0.00 secs] 
2020-10-28T12:48:32.122+0000: [GC (Allocation Failure) 2020-10-28T12:48:32.122+0000: [ParNew: 34438K->6K(38720K), 0.0087246 secs] 344004K->342340K(724656K), 0.0087852 secs] [Times: user=0.02 sys=0.00, real=0.01 secs] 
2020-10-28T12:48:32.184+0000: [GC (Allocation Failure) 2020-10-28T12:48:32.184+0000: [ParNew: 34438K->6K(38720K), 0.0031293 secs] 376772K->342340K(724656K), 0.0031882 secs] [Times: user=0.00 sys=0.00, real=0.01 secs] 
2020-10-28T12:48:32.246+0000: [CMS-concurrent-mark: 0.157/0.190 secs] [Times: user=0.35 sys=0.01, real=0.20 secs] 
2020-10-28T12:48:32.247+0000: [GC (Allocation Failure) 2020-10-28T12:48:32.247+0000: [ParNew: 34438K->6K(38720K), 0.0031732 secs] 376772K->342340K(724656K), 0.0032169 secs] [Times: user=0.01 sys=0.00, real=0.00 secs] 
2020-10-28T12:48:32.250+0000: [CMS-concurrent-preclean-start]
2020-10-28T12:48:32.253+0000: [CMS-concurrent-preclean: 0.003/0.003 secs] [Times: user=0.00 sys=0.00, real=0.00 secs] 
2020-10-28T12:48:32.253+0000: [CMS-concurrent-abortable-preclean-start]
2020-10-28T12:48:32.257+0000: [GC (Allocation Failure) 2020-10-28T12:48:32.257+0000: [ParNew: 34438K->6K(38720K), 0.0082993 secs] 376772K->375108K(724656K), 0.0083468 secs] [Times: user=0.02 sys=0.00, real=0.02 secs] 
2020-10-28T12:48:32.314+0000: [GC (Allocation Failure) 2020-10-28T12:48:32.314+0000: [ParNew: 34438K->6K(38720K), 0.0031437 secs] 409540K->375108K(724656K), 0.0032075 secs] [Times: user=0.01 sys=0.00, real=0.00 secs] 
2020-10-28T12:48:32.359+0000: [GC (Allocation Failure) 2020-10-28T12:48:32.359+0000: [ParNew: 34438K->6K(38720K), 0.0032285 secs] 409540K->375108K(724656K), 0.0032867 secs] [Times: user=0.00 sys=0.00, real=0.00 secs] 
2020-10-28T12:48:32.390+0000: [GC (Allocation Failure) 2020-10-28T12:48:32.390+0000: [ParNew: 18372K->6K(38720K), 0.0031337 secs] 393474K->375108K(724656K), 0.0031927 secs] [Times: user=0.01 sys=0.00, real=0.00 secs] 
2020-10-28T12:48:32.400+0000: [GC (Allocation Failure) 2020-10-28T12:48:32.400+0000: [ParNew: 34438K->6K(38720K), 0.0086761 secs] 409540K->407876K(724656K), 0.0087370 secs] [Times: user=0.02 sys=0.00, real=0.01 secs] 
2020-10-28T12:48:32.409+0000: [CMS-concurrent-abortable-preclean: 0.012/0.156 secs] [Times: user=0.30 sys=0.00, real=0.16 secs] 
2020-10-28T12:48:32.414+0000: [GC (CMS Final Remark) [YG occupancy: 3987 K (38720 K)]2020-10-28T12:48:32.414+0000: [Rescan (parallel) , 0.0046715 secs]2020-10-28T12:48:32.419+0000: [weak refs processing, 0.0000301 secs]2020-10-28T12:48:32.419+0000: [class unloading, 0.0084970 secs]2020-10-28T12:48:32.427+0000: [scrub symbol table, 0.0084591 secs]2020-10-28T12:48:32.436+0000: [scrub string table, 0.0006278 secs][1 CMS-remark: 407870K(685936K)] 411857K(724656K), 0.0223837 secs] [Times: user=0.02 sys=0.00, real=0.02 secs] 
2020-10-28T12:48:32.436+0000: [CMS-concurrent-sweep-start]
2020-10-28T12:48:32.462+0000: [CMS-concurrent-sweep: 0.026/0.026 secs] [Times: user=0.05 sys=0.00, real=0.03 secs] 
2020-10-28T12:48:32.463+0000: [CMS-concurrent-reset-start]
2020-10-28T12:48:32.490+0000: [GC (Allocation Failure) 2020-10-28T12:48:32.490+0000: [ParNew: 34438K->6K(38720K), 0.0032088 secs] 419594K->385162K(724656K), 0.0032763 secs] [Times: user=0.00 sys=0.00, real=0.00 secs] 
2020-10-28T12:48:32.498+0000: [CMS-concurrent-reset: 0.032/0.036 secs] [Times: user=0.06 sys=0.00, real=0.04 secs] 
2020-10-28T12:48:32.542+0000: [GC (Allocation Failure) 2020-10-28T12:48:32.542+0000: [ParNew: 34438K->6K(38720K), 0.0031691 secs] 419594K->385162K(724656K), 0.0032376 secs] [Times: user=0.01 sys=0.00, real=0.00 secs] 
2020-10-28T12:48:32.599+0000: [GC (Allocation Failure) 2020-10-28T12:48:32.599+0000: [ParNew: 34438K->6K(38720K), 0.0032731 secs] 419594K->385162K(724656K), 0.0033324 secs] [Times: user=0.00 sys=0.00, real=0.00 secs] 
2020-10-28T12:48:32.657+0000: [GC (Allocation Failure) 2020-10-28T12:48:32.662+0000: [ParNew: 34438K->6K(38720K), 0.0049448 secs] 419594K->385162K(724656K), 0.0094416 secs] [Times: user=0.01 sys=0.00, real=0.02 secs] 
2020-10-28T12:48:32.715+0000: [GC (Allocation Failure) 2020-10-28T12:48:32.715+0000: [ParNew: 34438K->6K(38720K), 0.0033298 secs] 419594K->385162K(724656K), 0.0033919 secs] [Times: user=0.01 sys=0.00, real=0.01 secs] 
2020-10-28T12:48:32.770+0000: [GC (Allocation Failure) 2020-10-28T12:48:32.770+0000: [ParNew: 34438K->6K(38720K), 0.0033137 secs] 419594K->385162K(724656K), 0.0033750 secs] [Times: user=0.01 sys=0.00, real=0.00 secs] 
2020-10-28T12:48:32.822+0000: [GC (Allocation Failure) 2020-10-28T12:48:32.822+0000: [ParNew: 34438K->6K(38720K), 0.0032268 secs] 419594K->385162K(724656K), 0.0032834 secs] [Times: user=0.00 sys=0.01, real=0.00 secs] 
2020-10-28T12:48:32.870+0000: [GC (Allocation Failure) 2020-10-28T12:48:32.870+0000: [ParNew: 34438K->6K(38720K), 0.0032566 secs] 419594K->385162K(724656K), 0.0033143 secs] [Times: user=0.01 sys=0.00, real=0.00 secs] 
2020-10-28T12:48:32.916+0000: [GC (Allocation Failure) 2020-10-28T12:48:32.916+0000: [ParNew: 34438K->6K(38720K), 0.0032235 secs] 419594K->385162K(724656K), 0.0032806 secs] [Times: user=0.00 sys=0.00, real=0.01 secs] 
2020-10-28T12:48:32.961+0000: [GC (Allocation Failure) 2020-10-28T12:48:32.961+0000: [ParNew: 34438K->6K(38720K), 0.0032007 secs] 419594K->385162K(724656K), 0.0032584 secs] [Times: user=0.00 sys=0.00, real=0.00 secs] 
2020-10-28T12:48:33.010+0000: [GC (Allocation Failure) 2020-10-28T12:48:33.010+0000: [ParNew: 34438K->6K(38720K), 0.0031874 secs] 419594K->385162K(724656K), 0.0032405 secs] [Times: user=0.01 sys=0.00, real=0.00 secs] 
2020-10-28T12:48:33.056+0000: [GC (Allocation Failure) 2020-10-28T12:48:33.056+0000: [ParNew: 34438K->6K(38720K), 0.0032255 secs] 419594K->385162K(724656K), 0.0032854 secs] [Times: user=0.00 sys=0.00, real=0.01 secs] 
2020-10-28T12:48:33.106+0000: [GC (Allocation Failure) 2020-10-28T12:48:33.106+0000: [ParNew: 34438K->6K(38720K), 0.0031798 secs] 419594K->385162K(724656K), 0.0032320 secs] [Times: user=0.01 sys=0.00, real=0.00 secs] 
2020-10-28T12:48:33.131+0000: [GC (Allocation Failure) 2020-10-28T12:48:33.131+0000: [ParNew: 18799K->6K(38720K), 0.0031866 secs] 403955K->385162K(724656K), 0.0032442 secs] [Times: user=0.01 sys=0.00, real=0.00 secs] 
2020-10-28T12:48:33.142+0000: [GC (Allocation Failure) 2020-10-28T12:48:33.142+0000: [ParNew: 34438K->6K(38720K), 0.0089849 secs] 419594K->417931K(724656K), 0.0090496 secs] [Times: user=0.01 sys=0.00, real=0.01 secs] 
2020-10-28T12:48:33.160+0000: [GC (CMS Initial Mark) [1 CMS-initial-mark: 417924K(685936K)] 422033K(724656K), 0.0039758 secs] [Times: user=0.01 sys=0.00, real=0.00 secs] 
2020-10-28T12:48:33.164+0000: [CMS-concurrent-mark-start]
2020-10-28T12:48:33.210+0000: [GC (Allocation Failure) 2020-10-28T12:48:33.210+0000: [ParNew: 34438K->6K(38720K), 0.0030540 secs] 452363K->417931K(724656K), 0.0031247 secs] [Times: user=0.00 sys=0.00, real=0.00 secs] 
2020-10-28T12:48:33.273+0000: [GC (Allocation Failure) 2020-10-28T12:48:33.273+0000: [ParNew: 34438K->7K(38720K), 0.0031560 secs] 452363K->417932K(724656K), 0.0032120 secs] [Times: user=0.01 sys=0.00, real=0.00 secs] 
2020-10-28T12:48:33.350+0000: [CMS-concurrent-mark: 0.176/0.186 secs] [Times: user=0.35 sys=0.00, real=0.19 secs] 
2020-10-28T12:48:33.350+0000: [GC (Allocation Failure) 2020-10-28T12:48:33.350+0000: [ParNew: 34439K->7K(38720K), 0.0031926 secs] 452364K->417932K(724656K), 0.0032359 secs] [Times: user=0.00 sys=0.00, real=0.00 secs] 
2020-10-28T12:48:33.354+0000: [CMS-concurrent-preclean-start]
2020-10-28T12:48:33.374+0000: [CMS-concurrent-preclean: 0.020/0.020 secs] [Times: user=0.03 sys=0.01, real=0.02 secs] 
2020-10-28T12:48:33.374+0000: [CMS-concurrent-abortable-preclean-start]
2020-10-28T12:48:33.386+0000: [GC (Allocation Failure) 2020-10-28T12:48:33.386+0000: [ParNew: 34439K->6K(38720K), 0.0063446 secs] 452364K->434316K(724656K), 0.0063962 secs] [Times: user=0.01 sys=0.00, real=0.00 secs] 
2020-10-28T12:48:33.438+0000: [GC (Allocation Failure) 2020-10-28T12:48:33.438+0000: [ParNew: 34438K->6K(38720K), 0.0032225 secs] 468748K->434316K(724656K), 0.0032771 secs] [Times: user=0.01 sys=0.00, real=0.00 secs] 
2020-10-28T12:48:33.486+0000: [GC (Allocation Failure) 2020-10-28T12:48:33.486+0000: [ParNew: 34438K->6K(38720K), 0.0031559 secs] 468748K->434316K(724656K), 0.0032160 secs] [Times: user=0.01 sys=0.00, real=0.00 secs] 
2020-10-28T12:48:33.525+0000: [GC (Allocation Failure) 2020-10-28T12:48:33.525+0000: [ParNew: 23808K->6K(38720K), 0.0032551 secs] 458118K->434316K(724656K), 0.0033165 secs] [Times: user=0.01 sys=0.00, real=0.01 secs] 
2020-10-28T12:48:33.558+0000: [GC (Allocation Failure) 2020-10-28T12:48:33.558+0000: [ParNew: 34438K->6K(38720K), 0.0132227 secs] 468748K->450700K(724656K), 0.0132873 secs] [Times: user=0.02 sys=0.00, real=0.01 secs] 
2020-10-28T12:48:33.617+0000: [GC (Allocation Failure) 2020-10-28T12:48:33.617+0000: [ParNew: 34438K->6K(38720K), 0.0031873 secs] 485132K->450700K(724656K), 0.0032450 secs] [Times: user=0.00 sys=0.00, real=0.01 secs] 
2020-10-28T12:48:33.663+0000: [GC (Allocation Failure) 2020-10-28T12:48:33.663+0000: [ParNew: 34438K->6K(38720K), 0.0031965 secs] 485132K->450700K(724656K), 0.0032837 secs] [Times: user=0.01 sys=0.00, real=0.01 secs] 
2020-10-28T12:48:33.709+0000: [GC (Allocation Failure) 2020-10-28T12:48:33.709+0000: [ParNew: 34438K->6K(38720K), 0.0031904 secs] 485132K->450700K(724656K), 0.0032488 secs] [Times: user=0.01 sys=0.00, real=0.00 secs] 
2020-10-28T12:48:33.758+0000: [GC (Allocation Failure) 2020-10-28T12:48:33.758+0000: [ParNew: 34438K->6K(38720K), 0.0031278 secs] 485132K->450700K(724656K), 0.0031876 secs] [Times: user=0.01 sys=0.00, real=0.00 secs] 
2020-10-28T12:48:33.803+0000: [GC (Allocation Failure) 2020-10-28T12:48:33.803+0000: [ParNew: 34438K->6K(38720K), 0.0031864 secs] 485132K->450700K(724656K), 0.0032419 secs] [Times: user=0.01 sys=0.00, real=0.01 secs] 
2020-10-28T12:48:33.850+0000: [GC (Allocation Failure) 2020-10-28T12:48:33.850+0000: [ParNew: 34438K->6K(38720K), 0.0031366 secs] 485132K->450700K(724656K), 0.0031962 secs] [Times: user=0.00 sys=0.00, real=0.00 secs] 
2020-10-28T12:48:33.898+0000: [GC (Allocation Failure) 2020-10-28T12:48:33.898+0000: [ParNew: 34438K->6K(38720K), 0.0031726 secs] 485132K->450700K(724656K), 0.0032324 secs] [Times: user=0.00 sys=0.00, real=0.00 secs] 
2020-10-28T12:48:33.946+0000: [GC (Allocation Failure) 2020-10-28T12:48:33.946+0000: [ParNew: 34438K->6K(38720K), 0.0031349 secs] 485132K->450700K(724656K), 0.0031901 secs] [Times: user=0.01 sys=0.00, real=0.00 secs] 
2020-10-28T12:48:33.992+0000: [GC (Allocation Failure) 2020-10-28T12:48:33.992+0000: [ParNew: 34438K->6K(38720K), 0.0031966 secs] 485132K->450700K(724656K), 0.0032545 secs] [Times: user=0.01 sys=0.00, real=0.00 secs] 
2020-10-28T12:48:34.037+0000: [GC (Allocation Failure) 2020-10-28T12:48:34.037+0000: [ParNew: 34438K->6K(38720K), 0.0031899 secs] 485132K->450700K(724656K), 0.0032513 secs] [Times: user=0.01 sys=0.00, real=0.01 secs] 
2020-10-28T12:48:34.083+0000: [GC (Allocation Failure) 2020-10-28T12:48:34.083+0000: [ParNew: 34438K->6K(38720K), 0.0031656 secs] 485132K->450700K(724656K), 0.0032235 secs] [Times: user=0.00 sys=0.00, real=0.01 secs] 
2020-10-28T12:48:34.129+0000: [GC (Allocation Failure) 2020-10-28T12:48:34.129+0000: [ParNew: 34438K->6K(38720K), 0.0030891 secs] 485132K->450700K(724656K), 0.0031442 secs] [Times: user=0.01 sys=0.00, real=0.00 secs] 
2020-10-28T12:48:34.178+0000: [GC (Allocation Failure) 2020-10-28T12:48:34.178+0000: [ParNew: 34438K->6K(38720K), 0.0031437 secs] 485132K->450700K(724656K), 0.0031973 secs] [Times: user=0.00 sys=0.00, real=0.00 secs] 
2020-10-28T12:48:34.226+0000: [GC (Allocation Failure) 2020-10-28T12:48:34.226+0000: [ParNew: 34438K->6K(38720K), 0.0031287 secs] 485132K->450700K(724656K), 0.0031838 secs] [Times: user=0.01 sys=0.00, real=0.00 secs] 
2020-10-28T12:48:34.271+0000: [GC (Allocation Failure) 2020-10-28T12:48:34.271+0000: [ParNew: 34438K->6K(38720K), 0.0031277 secs] 485132K->450700K(724656K), 0.0031841 secs] [Times: user=0.01 sys=0.00, real=0.00 secs] 
2020-10-28T12:48:34.322+0000: [GC (Allocation Failure) 2020-10-28T12:48:34.322+0000: [ParNew: 34438K->6K(38720K), 0.0031376 secs] 485132K->450700K(724656K), 0.0031981 secs] [Times: user=0.00 sys=0.00, real=0.00 secs] 
2020-10-28T12:48:34.372+0000: [GC (Allocation Failure) 2020-10-28T12:48:34.372+0000: [ParNew: 34438K->6K(38720K), 0.0031410 secs] 485132K->450700K(724656K), 0.0031949 secs] [Times: user=0.00 sys=0.00, real=0.00 secs] 
2020-10-28T12:48:34.422+0000: [GC (Allocation Failure) 2020-10-28T12:48:34.422+0000: [ParNew: 34438K->6K(38720K), 0.0031199 secs] 485132K->450700K(724656K), 0.0031799 secs] [Times: user=0.01 sys=0.00, real=0.00 secs] 
2020-10-28T12:48:34.470+0000: [GC (Allocation Failure) 2020-10-28T12:48:34.470+0000: [ParNew: 34438K->6K(38720K), 0.0031445 secs] 485132K->450700K(724656K), 0.0032123 secs] [Times: user=0.01 sys=0.00, real=0.00 secs] 
2020-10-28T12:48:34.515+0000: [GC (Allocation Failure) 2020-10-28T12:48:34.515+0000: [ParNew: 34438K->6K(38720K), 0.0031434 secs] 485132K->450700K(724656K), 0.0031983 secs] [Times: user=0.01 sys=0.00, real=0.01 secs] 
2020-10-28T12:48:34.565+0000: [GC (Allocation Failure) 2020-10-28T12:48:34.565+0000: [ParNew: 34438K->6K(38720K), 0.0031701 secs] 485132K->450700K(724656K), 0.0032306 secs] [Times: user=0.01 sys=0.00, real=0.01 secs] 
2020-10-28T12:48:34.614+0000: [GC (Allocation Failure) 2020-10-28T12:48:34.614+0000: [ParNew: 34438K->6K(38720K), 0.0031280 secs] 485132K->450700K(724656K), 0.0031875 secs] [Times: user=0.00 sys=0.00, real=0.00 secs] 
2020-10-28T12:48:34.662+0000: [GC (Allocation Failure) 2020-10-28T12:48:34.662+0000: [ParNew: 34438K->6K(38720K), 0.0031083 secs] 485132K->450700K(724656K), 0.0031621 secs] [Times: user=0.00 sys=0.00, real=0.00 secs] 
2020-10-28T12:48:34.709+0000: [GC (Allocation Failure) 2020-10-28T12:48:34.709+0000: [ParNew: 34438K->6K(38720K), 0.0031226 secs] 485132K->450700K(724656K), 0.0031793 secs] [Times: user=0.00 sys=0.00, real=0.00 secs] 
2020-10-28T12:48:34.755+0000: [GC (Allocation Failure) 2020-10-28T12:48:34.755+0000: [ParNew: 34438K->6K(38720K), 0.0031537 secs] 485132K->450700K(724656K), 0.0032085 secs] [Times: user=0.01 sys=0.00, real=0.01 secs] 
2020-10-28T12:48:34.804+0000: [GC (Allocation Failure) 2020-10-28T12:48:34.804+0000: [ParNew: 34438K->6K(38720K), 0.0031335 secs] 485132K->450700K(724656K), 0.0031875 secs] [Times: user=0.01 sys=0.00, real=0.01 secs] 
2020-10-28T12:48:34.850+0000: [GC (Allocation Failure) 2020-10-28T12:48:34.850+0000: [ParNew: 34438K->6K(38720K), 0.0031119 secs] 485132K->450700K(724656K), 0.0031686 secs] [Times: user=0.01 sys=0.01, real=0.00 secs] 
2020-10-28T12:48:34.902+0000: [GC (Allocation Failure) 2020-10-28T12:48:34.902+0000: [ParNew: 34438K->6K(38720K), 0.0031354 secs] 485132K->450700K(724656K), 0.0031904 secs] [Times: user=0.01 sys=0.00, real=0.00 secs] 
2020-10-28T12:48:34.952+0000: [GC (Allocation Failure) 2020-10-28T12:48:34.952+0000: [ParNew: 34438K->6K(38720K), 0.0031234 secs] 485132K->450700K(724656K), 0.0031783 secs] [Times: user=0.01 sys=0.00, real=0.00 secs] 
2020-10-28T12:48:34.997+0000: [GC (Allocation Failure) 2020-10-28T12:48:34.997+0000: [ParNew: 34438K->6K(38720K), 0.0031835 secs] 485132K->450700K(724656K), 0.0032408 secs] [Times: user=0.01 sys=0.00, real=0.01 secs] 
2020-10-28T12:48:35.043+0000: [GC (Allocation Failure) 2020-10-28T12:48:35.043+0000: [ParNew: 34438K->6K(38720K), 0.0031931 secs] 485132K->450700K(724656K), 0.0032494 secs] [Times: user=0.01 sys=0.00, real=0.01 secs] 
2020-10-28T12:48:35.089+0000: [GC (Allocation Failure) 2020-10-28T12:48:35.089+0000: [ParNew: 34438K->6K(38720K), 0.0031699 secs] 485132K->450700K(724656K), 0.0032375 secs] [Times: user=0.01 sys=0.00, real=0.00 secs] 
2020-10-28T12:48:35.141+0000: [GC (Allocation Failure) 2020-10-28T12:48:35.141+0000: [ParNew: 34438K->6K(38720K), 0.0031285 secs] 485132K->450700K(724656K), 0.0032086 secs] [Times: user=0.01 sys=0.00, real=0.00 secs] 
2020-10-28T12:48:35.191+0000: [GC (Allocation Failure) 2020-10-28T12:48:35.191+0000: [ParNew: 34438K->6K(38720K), 0.0031494 secs] 485132K->450700K(724656K), 0.0032045 secs] [Times: user=0.01 sys=0.00, real=0.00 secs] 
2020-10-28T12:48:35.248+0000: [GC (Allocation Failure) 2020-10-28T12:48:35.248+0000: [ParNew: 34438K->6K(38720K), 0.0031917 secs] 485132K->450700K(724656K), 0.0032524 secs] [Times: user=0.00 sys=0.00, real=0.00 secs] 
2020-10-28T12:48:35.302+0000: [GC (Allocation Failure) 2020-10-28T12:48:35.302+0000: [ParNew: 34438K->6K(38720K), 0.0032217 secs] 485132K->450700K(724656K), 0.0032761 secs] [Times: user=0.01 sys=0.00, real=0.00 secs] 
2020-10-28T12:48:35.350+0000: [GC (Allocation Failure) 2020-10-28T12:48:35.350+0000: [ParNew: 34438K->6K(38720K), 0.0031605 secs] 485132K->450700K(724656K), 0.0032190 secs] [Times: user=0.01 sys=0.00, real=0.00 secs] 
2020-10-28T12:48:35.395+0000: [GC (Allocation Failure) 2020-10-28T12:48:35.395+0000: [ParNew: 34438K->6K(38720K), 0.0031372 secs] 485132K->450700K(724656K), 0.0031984 secs] [Times: user=0.00 sys=0.00, real=0.01 secs] 
2020-10-28T12:48:35.446+0000: [GC (Allocation Failure) 2020-10-28T12:48:35.446+0000: [ParNew: 34438K->6K(38720K), 0.0031306 secs] 485132K->450700K(724656K), 0.0031976 secs] [Times: user=0.01 sys=0.01, real=0.00 secs] 
2020-10-28T12:48:35.498+0000: [GC (Allocation Failure) 2020-10-28T12:48:35.498+0000: [ParNew: 34438K->6K(38720K), 0.0031292 secs] 485132K->450700K(724656K), 0.0031880 secs] [Times: user=0.00 sys=0.00, real=0.00 secs] 
2020-10-28T12:48:35.543+0000: [GC (Allocation Failure) 2020-10-28T12:48:35.543+0000: [ParNew: 34438K->6K(38720K), 0.0031404 secs] 485132K->450700K(724656K), 0.0032098 secs] [Times: user=0.00 sys=0.00, real=0.01 secs] 
2020-10-28T12:48:35.588+0000: [GC (Allocation Failure) 2020-10-28T12:48:35.588+0000: [ParNew: 34438K->6K(38720K), 0.0031829 secs] 485132K->450700K(724656K), 0.0032392 secs] [Times: user=0.01 sys=0.00, real=0.00 secs] 
2020-10-28T12:48:35.634+0000: [GC (Allocation Failure) 2020-10-28T12:48:35.634+0000: [ParNew: 34438K->6K(38720K), 0.0031137 secs] 485132K->450700K(724656K), 0.0031696 secs] [Times: user=0.01 sys=0.00, real=0.00 secs] 
2020-10-28T12:48:35.683+0000: [GC (Allocation Failure) 2020-10-28T12:48:35.683+0000: [ParNew: 34438K->6K(38720K), 0.0031625 secs] 485132K->450700K(724656K), 0.0032258 secs] [Times: user=0.01 sys=0.00, real=0.01 secs] 
2020-10-28T12:48:35.733+0000: [GC (Allocation Failure) 2020-10-28T12:48:35.733+0000: [ParNew: 34438K->6K(38720K), 0.0031151 secs] 485132K->450700K(724656K), 0.0031720 secs] [Times: user=0.01 sys=0.00, real=0.00 secs] 
2020-10-28T12:48:35.782+0000: [GC (Allocation Failure) 2020-10-28T12:48:35.782+0000: [ParNew: 34438K->6K(38720K), 0.0031058 secs] 485132K->450700K(724656K), 0.0031673 secs] [Times: user=0.01 sys=0.00, real=0.00 secs] 
2020-10-28T12:48:35.827+0000: [GC (Allocation Failure) 2020-10-28T12:48:35.827+0000: [ParNew: 34438K->6K(38720K), 0.0031408 secs] 485132K->450700K(724656K), 0.0032033 secs] [Times: user=0.00 sys=0.00, real=0.00 secs] 
2020-10-28T12:48:35.878+0000: [GC (Allocation Failure) 2020-10-28T12:48:35.878+0000: [ParNew: 34438K->6K(38720K), 0.0031130 secs] 485132K->450700K(724656K), 0.0031729 secs] [Times: user=0.00 sys=0.00, real=0.00 secs] 
2020-10-28T12:48:35.923+0000: [GC (Allocation Failure) 2020-10-28T12:48:35.923+0000: [ParNew: 34438K->6K(38720K), 0.0031507 secs] 485132K->450700K(724656K), 0.0032107 secs] [Times: user=0.00 sys=0.00, real=0.01 secs] 
2020-10-28T12:48:35.972+0000: [GC (Allocation Failure) 2020-10-28T12:48:35.972+0000: [ParNew: 34438K->6K(38720K), 0.0031231 secs] 485132K->450700K(724656K), 0.0031835 secs] [Times: user=0.01 sys=0.00, real=0.00 secs] 
2020-10-28T12:48:36.021+0000: [GC (Allocation Failure) 2020-10-28T12:48:36.021+0000: [ParNew: 34438K->6K(38720K), 0.0031198 secs] 485132K->450700K(724656K), 0.0031799 secs] [Times: user=0.01 sys=0.00, real=0.00 secs] 
2020-10-28T12:48:36.069+0000: [GC (Allocation Failure) 2020-10-28T12:48:36.069+0000: [ParNew: 34438K->6K(38720K), 0.0031388 secs] 485132K->450700K(724656K), 0.0031993 secs] [Times: user=0.01 sys=0.00, real=0.00 secs] 
2020-10-28T12:48:36.117+0000: [GC (Allocation Failure) 2020-10-28T12:48:36.117+0000: [ParNew: 34438K->6K(38720K), 0.0031241 secs] 485132K->450700K(724656K), 0.0031863 secs] [Times: user=0.01 sys=0.00, real=0.01 secs] 
2020-10-28T12:48:36.166+0000: [GC (Allocation Failure) 2020-10-28T12:48:36.166+0000: [ParNew: 34438K->6K(38720K), 0.0031136 secs] 485132K->450700K(724656K), 0.0031741 secs] [Times: user=0.01 sys=0.00, real=0.00 secs] 
2020-10-28T12:48:36.211+0000: [GC (Allocation Failure) 2020-10-28T12:48:36.211+0000: [ParNew: 34438K->6K(38720K), 0.0032470 secs] 485132K->450700K(724656K), 0.0033092 secs] [Times: user=0.01 sys=0.00, real=0.00 secs] 
2020-10-28T12:48:36.260+0000: [GC (Allocation Failure) 2020-10-28T12:48:36.260+0000: [ParNew: 34438K->6K(38720K), 0.0031432 secs] 485132K->450700K(724656K), 0.0032040 secs] [Times: user=0.01 sys=0.00, real=0.00 secs] 
2020-10-28T12:48:36.310+0000: [GC (Allocation Failure) 2020-10-28T12:48:36.310+0000: [ParNew: 34438K->6K(38720K), 0.0031068 secs] 485132K->450700K(724656K), 0.0031670 secs] [Times: user=0.01 sys=0.00, real=0.00 secs] 
2020-10-28T12:48:36.359+0000: [GC (Allocation Failure) 2020-10-28T12:48:36.359+0000: [ParNew: 34438K->6K(38720K), 0.0031281 secs] 485132K->450700K(724656K), 0.0031886 secs] [Times: user=0.00 sys=0.00, real=0.00 secs] 
2020-10-28T12:48:36.410+0000: [GC (Allocation Failure) 2020-10-28T12:48:36.410+0000: [ParNew: 34438K->6K(38720K), 0.0031001 secs] 485132K->450700K(724656K), 0.0031628 secs] [Times: user=0.01 sys=0.00, real=0.00 secs] 
2020-10-28T12:48:36.454+0000: [GC (Allocation Failure) 2020-10-28T12:48:36.455+0000: [ParNew: 34438K->6K(38720K), 0.0031164 secs] 485132K->450700K(724656K), 0.0031758 secs] [Times: user=0.00 sys=0.00, real=0.01 secs] 
2020-10-28T12:48:36.500+0000: [GC (Allocation Failure) 2020-10-28T12:48:36.500+0000: [ParNew: 34438K->6K(38720K), 0.0032174 secs] 485132K->450700K(724656K), 0.0032779 secs] [Times: user=0.00 sys=0.00, real=0.00 secs] 
2020-10-28T12:48:36.546+0000: [GC (Allocation Failure) 2020-10-28T12:48:36.546+0000: [ParNew: 34438K->6K(38720K), 0.0030993 secs] 485132K->450700K(724656K), 0.0031590 secs] [Times: user=0.00 sys=0.00, real=0.00 secs] 
2020-10-28T12:48:36.594+0000: [GC (Allocation Failure) 2020-10-28T12:48:36.594+0000: [ParNew: 34438K->6K(38720K), 0.0030972 secs] 485132K->450700K(724656K), 0.0031582 secs] [Times: user=0.01 sys=0.00, real=0.00 secs] 
2020-10-28T12:48:36.643+0000: [GC (Allocation Failure) 2020-10-28T12:48:36.643+0000: [ParNew: 34438K->6K(38720K), 0.0031144 secs] 485132K->450700K(724656K), 0.0031752 secs] [Times: user=0.00 sys=0.00, real=0.01 secs] 
2020-10-28T12:48:36.687+0000: [GC (Allocation Failure) 2020-10-28T12:48:36.687+0000: [ParNew: 34438K->6K(38720K), 0.0032103 secs] 485132K->450700K(724656K), 0.0032695 secs] [Times: user=0.01 sys=0.00, real=0.00 secs] 
2020-10-28T12:48:36.732+0000: [GC (Allocation Failure) 2020-10-28T12:48:36.732+0000: [ParNew: 34438K->6K(38720K), 0.0031119 secs] 485132K->450700K(724656K), 0.0031713 secs] [Times: user=0.00 sys=0.00, real=0.00 secs] 
2020-10-28T12:48:36.777+0000: [GC (Allocation Failure) 2020-10-28T12:48:36.777+0000: [ParNew: 34438K->6K(38720K), 0.0031579 secs] 485132K->450700K(724656K), 0.0032183 secs] [Times: user=0.00 sys=0.00, real=0.01 secs] 
2020-10-28T12:48:36.824+0000: [GC (Allocation Failure) 2020-10-28T12:48:36.824+0000: [ParNew: 31842K->6K(38720K), 0.0031239 secs] 482536K->450701K(724656K), 0.0031837 secs] [Times: user=0.01 sys=0.00, real=0.01 secs] 
2020-10-28T12:48:36.838+0000: [GC (Allocation Failure) 2020-10-28T12:48:36.838+0000: [ParNew: 34438K->6K(38720K), 0.0266750 secs] 485133K->483469K(724656K), 0.0267393 secs] [Times: user=0.04 sys=0.02, real=0.02 secs] 
2020-10-28T12:48:36.864+0000: [CMS-concurrent-abortable-preclean: 0.135/3.490 secs] [Times: user=6.41 sys=0.22, real=3.49 secs] 
2020-10-28T12:48:36.879+0000: [GC (CMS Final Remark) [YG occupancy: 10261 K (38720 K)]2020-10-28T12:48:36.879+0000: [Rescan (parallel) , 0.0088910 secs]2020-10-28T12:48:36.888+0000: [weak refs processing, 0.0000305 secs]2020-10-28T12:48:36.888+0000: [class unloading, 0.0085495 secs]2020-10-28T12:48:36.896+0000: [scrub symbol table, 0.0084097 secs]2020-10-28T12:48:36.905+0000: [scrub string table, 0.0006297 secs][1 CMS-remark: 483463K(685936K)] 493724K(724656K), 0.0266154 secs] [Times: user=0.03 sys=0.00, real=0.02 secs] 
2020-10-28T12:48:36.909+0000: [CMS-concurrent-sweep-start]
2020-10-28T12:48:36.946+0000: [GC (Allocation Failure) 2020-10-28T12:48:36.946+0000: [ParNew: 34438K->6K(38720K), 0.0031327 secs] 517900K->483468K(724656K), 0.0031950 secs] [Times: user=0.00 sys=0.00, real=0.00 secs] 
2020-10-28T12:48:36.958+0000: [CMS-concurrent-sweep: 0.032/0.048 secs] [Times: user=0.09 sys=0.01, real=0.05 secs] 
2020-10-28T12:48:36.966+0000: [CMS-concurrent-reset-start]
2020-10-28T12:48:36.976+0000: [CMS-concurrent-reset: 0.011/0.011 secs] [Times: user=0.02 sys=0.00, real=0.00 secs] 
2020-10-28T12:48:36.997+0000: [GC (Allocation Failure) 2020-10-28T12:48:36.997+0000: [ParNew: 34438K->6K(38720K), 0.0035297 secs] 517900K->483468K(844492K), 0.0035838 secs] [Times: user=0.01 sys=0.00, real=0.01 secs] 
2020-10-28T12:48:37.046+0000: [GC (Allocation Failure) 2020-10-28T12:48:37.046+0000: [ParNew: 34438K->6K(38720K), 0.0035002 secs] 517900K->483468K(844492K), 0.0035584 secs] [Times: user=0.00 sys=0.00, real=0.00 secs] 
2020-10-28T12:48:37.088+0000: [GC (Allocation Failure) 2020-10-28T12:48:37.088+0000: [ParNew: 32096K->6K(38720K), 0.0035228 secs] 515558K->483468K(844492K), 0.0035837 secs] [Times: user=0.01 sys=0.00, real=0.00 secs] 
2020-10-28T12:48:37.098+0000: [GC (Allocation Failure) 2020-10-28T12:48:37.099+0000: [ParNew: 34438K->6K(38720K), 0.0271618 secs] 517900K->516236K(844492K), 0.0272192 secs] [Times: user=0.04 sys=0.01, real=0.03 secs] 
2020-10-28T12:48:37.134+0000: [GC (CMS Initial Mark) [1 CMS-initial-mark: 516230K(805772K)] 522866K(844492K), 0.0056485 secs] [Times: user=0.01 sys=0.00, real=0.01 secs] 
2020-10-28T12:48:37.139+0000: [CMS-concurrent-mark-start]
2020-10-28T12:48:37.150+0000: [GC (Allocation Failure) 2020-10-28T12:48:37.150+0000: [ParNew: 12988K->6K(38720K), 0.0032780 secs] 529219K->516236K(844492K), 0.0033206 secs] [Times: user=0.00 sys=0.00, real=0.00 secs] 
2020-10-28T12:48:37.159+0000: [GC (Allocation Failure) 2020-10-28T12:48:37.159+0000: [ParNew: 34438K->6K(38720K), 0.0274569 secs] 550668K->549004K(844492K), 0.0275196 secs] [Times: user=0.04 sys=0.00, real=0.03 secs] 
2020-10-28T12:48:37.238+0000: [GC (Allocation Failure) 2020-10-28T12:48:37.238+0000: [ParNew: 34438K->6K(38720K), 0.0034053 secs] 583436K->549004K(844492K), 0.0034641 secs] [Times: user=0.00 sys=0.00, real=0.00 secs] 
2020-10-28T12:48:37.295+0000: [GC (Allocation Failure) 2020-10-28T12:48:37.295+0000: [ParNew: 34438K->6K(38720K), 0.0049322 secs] 583436K->549004K(844492K), 0.0050048 secs] [Times: user=0.01 sys=0.00, real=0.01 secs] 
2020-10-28T12:48:37.359+0000: [CMS-concurrent-mark: 0.159/0.220 secs] [Times: user=0.40 sys=0.01, real=0.22 secs] 
2020-10-28T12:48:37.359+0000: [GC (Allocation Failure) 2020-10-28T12:48:37.360+0000: [ParNew: 34438K->6K(38720K), 0.0034794 secs] 583436K->549004K(844492K), 0.0035226 secs] [Times: user=0.01 sys=0.00, real=0.00 secs] 
2020-10-28T12:48:37.376+0000: [CMS-concurrent-preclean-start]
2020-10-28T12:48:37.379+0000: [CMS-concurrent-preclean: 0.003/0.003 secs] [Times: user=0.00 sys=0.00, real=0.01 secs] 
2020-10-28T12:48:37.379+0000: [CMS-concurrent-abortable-preclean-start]
2020-10-28T12:48:37.394+0000: [GC (Allocation Failure) 2020-10-28T12:48:37.394+0000: [ParNew: 20431K->6K(38720K), 0.0032011 secs] 569430K->549004K(844492K), 0.0032535 secs] [Times: user=0.00 sys=0.00, real=0.00 secs] 
2020-10-28T12:48:37.404+0000: [GC (Allocation Failure) 2020-10-28T12:48:37.404+0000: [ParNew: 34438K->6K(38720K), 0.0271677 secs] 583436K->581772K(844492K), 0.0272396 secs] [Times: user=0.03 sys=0.02, real=0.03 secs] 
2020-10-28T12:48:37.431+0000: [CMS-concurrent-abortable-preclean: 0.013/0.051 secs] [Times: user=0.08 sys=0.02, real=0.05 secs] 
2020-10-28T12:48:37.435+0000: [GC (CMS Final Remark) [YG occupancy: 2798 K (38720 K)]2020-10-28T12:48:37.435+0000: [Rescan (parallel) , 0.0041427 secs]2020-10-28T12:48:37.440+0000: [weak refs processing, 0.0000296 secs]2020-10-28T12:48:37.440+0000: [class unloading, 0.0084714 secs]2020-10-28T12:48:37.448+0000: [scrub symbol table, 0.0084656 secs]2020-10-28T12:48:37.457+0000: [scrub string table, 0.0006343 secs][1 CMS-remark: 581766K(805772K)] 584565K(844492K), 0.0218443 secs] [Times: user=0.03 sys=0.00, real=0.02 secs] 
2020-10-28T12:48:37.469+0000: [CMS-concurrent-sweep-start]
2020-10-28T12:48:37.498+0000: [CMS-concurrent-sweep: 0.029/0.029 secs] [Times: user=0.06 sys=0.00, real=0.03 secs] 
2020-10-28T12:48:37.499+0000: [CMS-concurrent-reset-start]
2020-10-28T12:48:37.504+0000: [GC (Allocation Failure) 2020-10-28T12:48:37.504+0000: [ParNew: 34438K->6K(38720K), 0.0038122 secs] 583436K->549004K(953720K), 0.0038633 secs] [Times: user=0.01 sys=0.00, real=0.01 secs] 
2020-10-28T12:48:37.535+0000: [CMS-concurrent-reset: 0.018/0.036 secs] [Times: user=0.07 sys=0.00, real=0.03 secs] 
2020-10-28T12:48:37.554+0000: [GC (Allocation Failure) 2020-10-28T12:48:37.554+0000: [ParNew: 34438K->6K(38720K), 0.0038509 secs] 583436K->549004K(953720K), 0.0039077 secs] [Times: user=0.01 sys=0.00, real=0.01 secs] 
2020-10-28T12:48:37.599+0000: [GC (Allocation Failure) 2020-10-28T12:48:37.599+0000: [ParNew: 34438K->6K(38720K), 0.0038437 secs] 583436K->549004K(953720K), 0.0039035 secs] [Times: user=0.01 sys=0.00, real=0.00 secs] 
2020-10-28T12:48:37.646+0000: [GC (Allocation Failure) 2020-10-28T12:48:37.646+0000: [ParNew: 34438K->6K(38720K), 0.0039166 secs] 583436K->549004K(953720K), 0.0039778 secs] [Times: user=0.01 sys=0.00, real=0.00 secs] 
2020-10-28T12:48:37.691+0000: [GC (Allocation Failure) 2020-10-28T12:48:37.691+0000: [ParNew: 34438K->6K(38720K), 0.0038759 secs] 583436K->549004K(953720K), 0.0039355 secs] [Times: user=0.01 sys=0.00, real=0.00 secs] 
2020-10-28T12:48:37.739+0000: [GC (Allocation Failure) 2020-10-28T12:48:37.739+0000: [ParNew: 34438K->6K(38720K), 0.0038509 secs] 583436K->549004K(953720K), 0.0039106 secs] [Times: user=0.00 sys=0.00, real=0.00 secs] 
2020-10-28T12:48:37.789+0000: [GC (Allocation Failure) 2020-10-28T12:48:37.789+0000: [ParNew: 34438K->6K(38720K), 0.0039149 secs] 583436K->549004K(953720K), 0.0039969 secs] [Times: user=0.01 sys=0.00, real=0.00 secs] 
2020-10-28T12:48:37.837+0000: [GC (Allocation Failure) 2020-10-28T12:48:37.837+0000: [ParNew: 34438K->6K(38720K), 0.0038511 secs] 583436K->549004K(953720K), 0.0039127 secs] [Times: user=0.01 sys=0.00, real=0.01 secs] 
2020-10-28T12:48:37.882+0000: [GC (Allocation Failure) 2020-10-28T12:48:37.882+0000: [ParNew: 34438K->6K(38720K), 0.0039078 secs] 583436K->549004K(953720K), 0.0039680 secs] [Times: user=0.01 sys=0.00, real=0.01 secs] 
2020-10-28T12:48:37.938+0000: [GC (Allocation Failure) 2020-10-28T12:48:37.938+0000: [ParNew: 34438K->6K(38720K), 0.0039349 secs] 583436K->549004K(953720K), 0.0039968 secs] [Times: user=0.01 sys=0.00, real=0.00 secs] 
2020-10-28T12:48:37.990+0000: [GC (Allocation Failure) 2020-10-28T12:48:37.990+0000: [ParNew: 34438K->6K(38720K), 0.0038495 secs] 583436K->549004K(953720K), 0.0039081 secs] [Times: user=0.01 sys=0.00, real=0.00 secs] 
2020-10-28T12:48:38.036+0000: [GC (Allocation Failure) 2020-10-28T12:48:38.036+0000: [ParNew: 34438K->6K(38720K), 0.0038481 secs] 583436K->549004K(953720K), 0.0039108 secs] [Times: user=0.01 sys=0.00, real=0.01 secs] 
2020-10-28T12:48:38.081+0000: [GC (Allocation Failure) 2020-10-28T12:48:38.081+0000: [ParNew: 34438K->6K(38720K), 0.0038686 secs] 583436K->549004K(953720K), 0.0039287 secs] [Times: user=0.00 sys=0.00, real=0.00 secs] 
2020-10-28T12:48:38.125+0000: [GC (Allocation Failure) 2020-10-28T12:48:38.125+0000: [ParNew: 34438K->6K(38720K), 0.0038477 secs] 583436K->549004K(953720K), 0.0039108 secs] [Times: user=0.00 sys=0.00, real=0.00 secs] 
2020-10-28T12:48:38.175+0000: [GC (Allocation Failure) 2020-10-28T12:48:38.175+0000: [ParNew: 34438K->6K(38720K), 0.0038513 secs] 583436K->549004K(953720K), 0.0039096 secs] [Times: user=0.00 sys=0.00, real=0.01 secs] 
2020-10-28T12:48:38.222+0000: [GC (Allocation Failure) 2020-10-28T12:48:38.222+0000: [ParNew: 34438K->6K(38720K), 0.0039349 secs] 583436K->549004K(953720K), 0.0039946 secs] [Times: user=0.01 sys=0.00, real=0.01 secs] 
2020-10-28T12:48:38.267+0000: [GC (Allocation Failure) 2020-10-28T12:48:38.267+0000: [ParNew: 34438K->6K(38720K), 0.0038890 secs] 583436K->549004K(953720K), 0.0039505 secs] [Times: user=0.01 sys=0.00, real=0.00 secs] 
2020-10-28T12:48:38.314+0000: [GC (Allocation Failure) 2020-10-28T12:48:38.314+0000: [ParNew: 34438K->6K(38720K), 0.0038462 secs] 583436K->549004K(953720K), 0.0039058 secs] [Times: user=0.00 sys=0.00, real=0.01 secs] 
2020-10-28T12:48:38.359+0000: [GC (Allocation Failure) 2020-10-28T12:48:38.359+0000: [ParNew: 34438K->6K(38720K), 0.0039060 secs] 583436K->549004K(953720K), 0.0039667 secs] [Times: user=0.01 sys=0.00, real=0.00 secs] 
2020-10-28T12:48:38.405+0000: [GC (Allocation Failure) 2020-10-28T12:48:38.405+0000: [ParNew: 34438K->6K(38720K), 0.0048653 secs] 583436K->549004K(953720K), 0.0049264 secs] [Times: user=0.01 sys=0.00, real=0.01 secs] 
2020-10-28T12:48:38.454+0000: [GC (Allocation Failure) 2020-10-28T12:48:38.454+0000: [ParNew: 34438K->6K(38720K), 0.0038770 secs] 583436K->549004K(953720K), 0.0039384 secs] [Times: user=0.00 sys=0.00, real=0.01 secs] 
2020-10-28T12:48:38.506+0000: [GC (Allocation Failure) 2020-10-28T12:48:38.506+0000: [ParNew: 34438K->6K(38720K), 0.0038851 secs] 583436K->549004K(953720K), 0.0039439 secs] [Times: user=0.01 sys=0.00, real=0.00 secs] 
2020-10-28T12:48:38.551+0000: [GC (Allocation Failure) 2020-10-28T12:48:38.551+0000: [ParNew: 34438K->6K(38720K), 0.0038319 secs] 583436K->549004K(953720K), 0.0038934 secs] [Times: user=0.01 sys=0.00, real=0.00 secs] 
2020-10-28T12:48:38.598+0000: [GC (Allocation Failure) 2020-10-28T12:48:38.598+0000: [ParNew: 34438K->6K(38720K), 0.0038899 secs] 583436K->549004K(953720K), 0.0039522 secs] [Times: user=0.01 sys=0.00, real=0.00 secs] 
2020-10-28T12:48:38.642+0000: [GC (Allocation Failure) 2020-10-28T12:48:38.642+0000: [ParNew: 34438K->6K(38720K), 0.0038377 secs] 583436K->549004K(953720K), 0.0038988 secs] [Times: user=0.00 sys=0.00, real=0.01 secs] 
2020-10-28T12:48:38.690+0000: [GC (Allocation Failure) 2020-10-28T12:48:38.690+0000: [ParNew: 34438K->6K(38720K), 0.0038390 secs] 583436K->549004K(953720K), 0.0038973 secs] [Times: user=0.01 sys=0.00, real=0.00 secs] 
2020-10-28T12:48:38.738+0000: [GC (Allocation Failure) 2020-10-28T12:48:38.738+0000: [ParNew: 34438K->6K(38720K), 0.0038371 secs] 583436K->549004K(953720K), 0.0038956 secs] [Times: user=0.01 sys=0.00, real=0.00 secs] 
2020-10-28T12:48:38.770+0000: [GC (Allocation Failure) 2020-10-28T12:48:38.770+0000: [ParNew: 18825K->6K(38720K), 0.0038318 secs] 567824K->549004K(953720K), 0.0038904 secs] [Times: user=0.01 sys=0.00, real=0.00 secs] 
2020-10-28T12:48:38.780+0000: [GC (Allocation Failure) 2020-10-28T12:48:38.780+0000: [ParNew: 34438K->6K(38720K), 0.0086135 secs] 583436K->581772K(953720K), 0.0086745 secs] [Times: user=0.01 sys=0.00, real=0.01 secs] 
2020-10-28T12:48:38.800+0000: [GC (CMS Initial Mark) [1 CMS-initial-mark: 581766K(915000K)] 587201K(953720K), 0.0048692 secs] [Times: user=0.01 sys=0.00, real=0.00 secs] 
2020-10-28T12:48:38.805+0000: [CMS-concurrent-mark-start]
2020-10-28T12:48:38.851+0000: [GC (Allocation Failure) 2020-10-28T12:48:38.851+0000: [ParNew: 34438K->6K(38720K), 0.0038107 secs] 616204K->581772K(953720K), 0.0038652 secs] [Times: user=0.01 sys=0.00, real=0.00 secs] 
2020-10-28T12:48:38.904+0000: [GC (Allocation Failure) 2020-10-28T12:48:38.904+0000: [ParNew: 34438K->6K(38720K), 0.0037937 secs] 616204K->581772K(953720K), 0.0038548 secs] [Times: user=0.01 sys=0.00, real=0.01 secs] 
2020-10-28T12:48:38.972+0000: [CMS-concurrent-mark: 0.149/0.167 secs] [Times: user=0.32 sys=0.01, real=0.17 secs] 
2020-10-28T12:48:38.972+0000: [GC (Allocation Failure) 2020-10-28T12:48:38.972+0000: [ParNew: 34438K->6K(38720K), 0.0039506 secs] 616204K->581772K(953720K), 0.0040066 secs] [Times: user=0.00 sys=0.00, real=0.00 secs] 
2020-10-28T12:48:38.976+0000: [CMS-concurrent-preclean-start]
2020-10-28T12:48:38.979+0000: [CMS-concurrent-preclean: 0.003/0.003 secs] [Times: user=0.01 sys=0.00, real=0.01 secs] 
2020-10-28T12:48:39.009+0000: [GC (CMS Final Remark) [YG occupancy: 21036 K (38720 K)]2020-10-28T12:48:39.009+0000: [Rescan (parallel) , 0.0168010 secs]2020-10-28T12:48:39.026+0000: [weak refs processing, 0.0000349 secs]2020-10-28T12:48:39.026+0000: [class unloading, 0.0087312 secs]2020-10-28T12:48:39.035+0000: [scrub symbol table, 0.0086115 secs]2020-10-28T12:48:39.044+0000: [scrub string table, 0.0006564 secs][1 CMS-remark: 581766K(915000K)] 602803K(953720K), 0.0349939 secs] [Times: user=0.06 sys=0.00, real=0.03 secs] 
2020-10-28T12:48:39.045+0000: [CMS-concurrent-sweep-start]
2020-10-28T12:48:39.067+0000: [GC (Allocation Failure) 2020-10-28T12:48:39.067+0000: [ParNew: 34438K->11K(38720K), 0.0039588 secs] 616204K->581777K(953720K), 0.0040190 secs] [Times: user=0.01 sys=0.00, real=0.00 secs] 
2020-10-28T12:48:39.073+0000: [CMS-concurrent-sweep: 0.024/0.028 secs] [Times: user=0.05 sys=0.00, real=0.03 secs] 
2020-10-28T12:48:39.079+0000: [CMS-concurrent-reset-start]
2020-10-28T12:48:39.096+0000: [CMS-concurrent-reset: 0.017/0.017 secs] [Times: user=0.04 sys=0.00, real=0.01 secs] 
2020-10-28T12:48:39.124+0000: [GC (Allocation Failure) 2020-10-28T12:48:39.124+0000: [ParNew: 34443K->6K(38720K), 0.0041794 secs] 616209K->581773K(1008332K), 0.0042411 secs] [Times: user=0.01 sys=0.00, real=0.01 secs] 
2020-10-28T12:48:39.169+0000: [GC (Allocation Failure) 2020-10-28T12:48:39.169+0000: [ParNew: 34438K->6K(38720K), 0.0040849 secs] 616205K->581772K(1008332K), 0.0041614 secs] [Times: user=0.01 sys=0.00, real=0.00 secs] 
2020-10-28T12:48:39.218+0000: [GC (Allocation Failure) 2020-10-28T12:48:39.218+0000: [ParNew: 34438K->6K(38720K), 0.0041036 secs] 616204K->581772K(1008332K), 0.0041626 secs] [Times: user=0.01 sys=0.00, real=0.00 secs] 
2020-10-28T12:48:39.267+0000: [GC (Allocation Failure) 2020-10-28T12:48:39.267+0000: [ParNew: 34438K->6K(38720K), 0.0041336 secs] 616204K->581772K(1008332K), 0.0041957 secs] [Times: user=0.01 sys=0.00, real=0.00 secs] 
2020-10-28T12:48:39.294+0000: [GC (Allocation Failure) 2020-10-28T12:48:39.294+0000: [ParNew: 15006K->6K(38720K), 0.0041311 secs] 596773K->581772K(1008332K), 0.0041994 secs] [Times: user=0.00 sys=0.00, real=0.01 secs] 
2020-10-28T12:48:39.307+0000: [GC (Allocation Failure) 2020-10-28T12:48:39.307+0000: [ParNew: 34438K->6K(38720K), 0.0283014 secs] 616204K->614540K(1008332K), 0.0283662 secs] [Times: user=0.03 sys=0.02, real=0.02 secs] 
2020-10-28T12:48:39.336+0000: [GC (CMS Initial Mark) [1 CMS-initial-mark: 614534K(969612K)] 614649K(1008332K), 0.0016824 secs] [Times: user=0.01 sys=0.00, real=0.01 secs] 
2020-10-28T12:48:39.338+0000: [CMS-concurrent-mark-start]
2020-10-28T12:48:39.390+0000: [GC (Allocation Failure) 2020-10-28T12:48:39.390+0000: [ParNew: 34438K->6K(38720K), 0.0039943 secs] 648972K->614540K(1008332K), 0.0040552 secs] [Times: user=0.01 sys=0.00, real=0.00 secs] 
2020-10-28T12:48:39.445+0000: [GC (Allocation Failure) 2020-10-28T12:48:39.445+0000: [ParNew: 29738K->6K(38720K), 0.0040491 secs] 644272K->614540K(1008332K), 0.0041296 secs] [Times: user=0.01 sys=0.00, real=0.01 secs] 
2020-10-28T12:48:39.461+0000: [GC (Allocation Failure) 2020-10-28T12:48:39.461+0000: [ParNew: 34438K->6K(38720K), 0.0273220 secs] 648972K->647308K(1008332K), 0.0273850 secs] [Times: user=0.03 sys=0.02, real=0.03 secs] 
2020-10-28T12:48:39.548+0000: [CMS-concurrent-mark: 0.163/0.210 secs] [Times: user=0.36 sys=0.03, real=0.21 secs] 
2020-10-28T12:48:39.548+0000: [GC (Allocation Failure) 2020-10-28T12:48:39.548+0000: [ParNew: 34438K->6K(38720K), 0.0040393 secs] 681740K->647308K(1008332K), 0.0040828 secs] [Times: user=0.01 sys=0.00, real=0.00 secs] 
2020-10-28T12:48:39.552+0000: [CMS-concurrent-preclean-start]
2020-10-28T12:48:39.555+0000: [CMS-concurrent-preclean: 0.003/0.003 secs] [Times: user=0.01 sys=0.00, real=0.00 secs] 
2020-10-28T12:48:39.565+0000: [GC (CMS Final Remark) [YG occupancy: 10037 K (38720 K)]2020-10-28T12:48:39.565+0000: [Rescan (parallel) , 0.0090921 secs]2020-10-28T12:48:39.574+0000: [weak refs processing, 0.0000329 secs]2020-10-28T12:48:39.574+0000: [class unloading, 0.0085305 secs]2020-10-28T12:48:39.583+0000: [scrub symbol table, 0.0085207 secs]2020-10-28T12:48:39.591+0000: [scrub string table, 0.0006345 secs][1 CMS-remark: 647302K(969612K)] 657339K(1008332K), 0.0269208 secs] [Times: user=0.03 sys=0.00, real=0.03 secs] 
2020-10-28T12:48:39.597+0000: [CMS-concurrent-sweep-start]
2020-10-28T12:48:39.635+0000: [GC (Allocation Failure) 2020-10-28T12:48:39.635+0000: [ParNew: 34438K->6K(38720K), 0.0041632 secs] 681740K->647308K(1008332K), 0.0042359 secs] [Times: user=0.01 sys=0.00, real=0.01 secs] 
2020-10-28T12:48:39.640+0000: [CMS-concurrent-sweep: 0.031/0.042 secs] [Times: user=0.07 sys=0.01, real=0.04 secs] 
2020-10-28T12:48:39.640+0000: [CMS-concurrent-reset-start]
2020-10-28T12:48:39.676+0000: [CMS-concurrent-reset: 0.035/0.035 secs] [Times: user=0.07 sys=0.00, real=0.03 secs] 
2020-10-28T12:48:39.686+0000: [GC (Allocation Failure) 2020-10-28T12:48:39.686+0000: [ParNew: 27507K->6K(38720K), 0.0043810 secs] 658425K->630924K(1090252K), 0.0044269 secs] [Times: user=0.01 sys=0.00, real=0.00 secs] 
2020-10-28T12:48:39.696+0000: [GC (Allocation Failure) 2020-10-28T12:48:39.696+0000: [ParNew: 34438K->6K(38720K), 0.0271806 secs] 665356K->663692K(1090252K), 0.0272390 secs] [Times: user=0.04 sys=0.02, real=0.03 secs] 
2020-10-28T12:48:39.766+0000: [GC (Allocation Failure) 2020-10-28T12:48:39.766+0000: [ParNew: 34438K->6K(38720K), 0.0042998 secs] 698124K->663692K(1090252K), 0.0043648 secs] [Times: user=0.01 sys=0.00, real=0.00 secs] 
2020-10-28T12:48:39.819+0000: [GC (Allocation Failure) 2020-10-28T12:48:39.819+0000: [ParNew: 34438K->6K(38720K), 0.0042720 secs] 698124K->663692K(1090252K), 0.0043291 secs] [Times: user=0.01 sys=0.00, real=0.00 secs] 
2020-10-28T12:48:39.868+0000: [GC (Allocation Failure) 2020-10-28T12:48:39.868+0000: [ParNew: 34438K->6K(38720K), 0.0043418 secs] 698124K->663692K(1090252K), 0.0044038 secs] [Times: user=0.01 sys=0.00, real=0.00 secs] 
2020-10-28T12:48:39.916+0000: [GC (Allocation Failure) 2020-10-28T12:48:39.916+0000: [ParNew: 34438K->6K(38720K), 0.0042964 secs] 698124K->663692K(1090252K), 0.0043553 secs] [Times: user=0.01 sys=0.00, real=0.01 secs] 
2020-10-28T12:48:39.966+0000: [GC (Allocation Failure) 2020-10-28T12:48:39.966+0000: [ParNew: 34438K->6K(38720K), 0.0042661 secs] 698124K->663692K(1090252K), 0.0043285 secs] [Times: user=0.01 sys=0.00, real=0.00 secs] 
2020-10-28T12:48:40.014+0000: [GC (Allocation Failure) 2020-10-28T12:48:40.014+0000: [ParNew: 34438K->6K(38720K), 0.0043609 secs] 698124K->663692K(1090252K), 0.0044223 secs] [Times: user=0.01 sys=0.00, real=0.01 secs] 
2020-10-28T12:48:40.059+0000: [GC (Allocation Failure) 2020-10-28T12:48:40.059+0000: [ParNew: 34438K->6K(38720K), 0.0043819 secs] 698124K->663692K(1090252K), 0.0044453 secs] [Times: user=0.01 sys=0.00, real=0.00 secs] 
2020-10-28T12:48:40.106+0000: [GC (Allocation Failure) 2020-10-28T12:48:40.106+0000: [ParNew: 34438K->6K(38720K), 0.0042822 secs] 698124K->663692K(1090252K), 0.0043432 secs] [Times: user=0.01 sys=0.00, real=0.00 secs] 
2020-10-28T12:48:40.154+0000: [GC (Allocation Failure) 2020-10-28T12:48:40.154+0000: [ParNew: 34438K->6K(38720K), 0.0042846 secs] 698124K->663692K(1090252K), 0.0043443 secs] [Times: user=0.00 sys=0.00, real=0.01 secs] 
2020-10-28T12:48:40.198+0000: [GC (Allocation Failure) 2020-10-28T12:48:40.198+0000: [ParNew: 34438K->6K(38720K), 0.0043438 secs] 698124K->663692K(1090252K), 0.0044058 secs] [Times: user=0.00 sys=0.00, real=0.00 secs] 
2020-10-28T12:48:40.243+0000: [GC (Allocation Failure) 2020-10-28T12:48:40.243+0000: [ParNew: 34438K->6K(38720K), 0.0042895 secs] 698124K->663692K(1090252K), 0.0043511 secs] [Times: user=0.01 sys=0.00, real=0.01 secs] 
2020-10-28T12:48:40.294+0000: [GC (Allocation Failure) 2020-10-28T12:48:40.294+0000: [ParNew: 34438K->6K(38720K), 0.0042832 secs] 698124K->663692K(1090252K), 0.0043562 secs] [Times: user=0.01 sys=0.00, real=0.01 secs] 
2020-10-28T12:48:40.340+0000: [GC (Allocation Failure) 2020-10-28T12:48:40.340+0000: [ParNew: 34423K->6K(38720K), 0.0043824 secs] 698110K->663692K(1090252K), 0.0044430 secs] [Times: user=0.01 sys=0.00, real=0.00 secs] 
2020-10-28T12:48:40.390+0000: [GC (Allocation Failure) 2020-10-28T12:48:40.390+0000: [ParNew: 34438K->6K(38720K), 0.0042941 secs] 698124K->663692K(1090252K), 0.0043558 secs] [Times: user=0.00 sys=0.00, real=0.00 secs] 
2020-10-28T12:48:40.435+0000: [GC (Allocation Failure) 2020-10-28T12:48:40.435+0000: [ParNew: 34438K->6K(38720K), 0.0042839 secs] 698124K->663692K(1090252K), 0.0043462 secs] [Times: user=0.00 sys=0.00, real=0.01 secs] 
2020-10-28T12:48:40.485+0000: [GC (Allocation Failure) 2020-10-28T12:48:40.485+0000: [ParNew: 34438K->6K(38720K), 0.0042720 secs] 698124K->663692K(1090252K), 0.0043331 secs] [Times: user=0.00 sys=0.00, real=0.01 secs] 
2020-10-28T12:48:40.530+0000: [GC (Allocation Failure) 2020-10-28T12:48:40.530+0000: [ParNew: 34438K->6K(38720K), 0.0042790 secs] 698124K->663692K(1090252K), 0.0043393 secs] [Times: user=0.00 sys=0.00, real=0.00 secs] 
2020-10-28T12:48:40.582+0000: [GC (Allocation Failure) 2020-10-28T12:48:40.582+0000: [ParNew: 34438K->6K(38720K), 0.0043141 secs] 698124K->663692K(1090252K), 0.0043755 secs] [Times: user=0.00 sys=0.00, real=0.01 secs] 
2020-10-28T12:48:40.630+0000: [GC (Allocation Failure) 2020-10-28T12:48:40.630+0000: [ParNew: 34438K->6K(38720K), 0.0042640 secs] 698124K->663692K(1090252K), 0.0043239 secs] [Times: user=0.01 sys=0.00, real=0.00 secs] 
2020-10-28T12:48:40.678+0000: [GC (Allocation Failure) 2020-10-28T12:48:40.678+0000: [ParNew: 34438K->6K(38720K), 0.0042581 secs] 698124K->663692K(1090252K), 0.0043178 secs] [Times: user=0.01 sys=0.00, real=0.00 secs] 
2020-10-28T12:48:40.731+0000: [GC (Allocation Failure) 2020-10-28T12:48:40.731+0000: [ParNew: 34438K->6K(38720K), 0.0043703 secs] 698124K->663692K(1090252K), 0.0044326 secs] [Times: user=0.01 sys=0.00, real=0.00 secs] 
2020-10-28T12:48:40.781+0000: [GC (Allocation Failure) 2020-10-28T12:48:40.781+0000: [ParNew: 34438K->6K(38720K), 0.0043238 secs] 698124K->663692K(1090252K), 0.0043841 secs] [Times: user=0.01 sys=0.00, real=0.00 secs] 
2020-10-28T12:48:40.834+0000: [GC (Allocation Failure) 2020-10-28T12:48:40.834+0000: [ParNew: 34438K->6K(38720K), 0.0043148 secs] 698124K->663692K(1090252K), 0.0043711 secs] [Times: user=0.01 sys=0.00, real=0.01 secs] 
2020-10-28T12:48:40.886+0000: [GC (Allocation Failure) 2020-10-28T12:48:40.886+0000: [ParNew: 34438K->6K(38720K), 0.0043051 secs] 698124K->663692K(1090252K), 0.0043660 secs] [Times: user=0.01 sys=0.00, real=0.00 secs] 
2020-10-28T12:48:40.933+0000: [GC (Allocation Failure) 2020-10-28T12:48:40.933+0000: [ParNew: 34438K->6K(38720K), 0.0043432 secs] 698124K->663692K(1090252K), 0.0044144 secs] [Times: user=0.01 sys=0.00, real=0.00 secs] 
2020-10-28T12:48:40.981+0000: [GC (Allocation Failure) 2020-10-28T12:48:40.981+0000: [ParNew: 34438K->6K(38720K), 0.0042778 secs] 698124K->663692K(1090252K), 0.0043386 secs] [Times: user=0.01 sys=0.00, real=0.01 secs] 
2020-10-28T12:48:41.027+0000: [GC (Allocation Failure) 2020-10-28T12:48:41.027+0000: [ParNew: 34438K->6K(38720K), 0.0042883 secs] 698124K->663692K(1090252K), 0.0043558 secs] [Times: user=0.01 sys=0.00, real=0.00 secs] 
2020-10-28T12:48:41.074+0000: [GC (Allocation Failure) 2020-10-28T12:48:41.074+0000: [ParNew: 34438K->6K(38720K), 0.0042758 secs] 698124K->663692K(1090252K), 0.0043380 secs] [Times: user=0.01 sys=0.00, real=0.01 secs] 
2020-10-28T12:48:41.122+0000: [GC (Allocation Failure) 2020-10-28T12:48:41.122+0000: [ParNew: 34438K->6K(38720K), 0.0043043 secs] 698124K->663692K(1090252K), 0.0043649 secs] [Times: user=0.01 sys=0.00, real=0.01 secs] 
2020-10-28T12:48:41.167+0000: [GC (Allocation Failure) 2020-10-28T12:48:41.167+0000: [ParNew: 34438K->6K(38720K), 0.0043126 secs] 698124K->663692K(1090252K), 0.0043742 secs] [Times: user=0.01 sys=0.00, real=0.00 secs] 
2020-10-28T12:48:41.222+0000: [GC (Allocation Failure) 2020-10-28T12:48:41.222+0000: [ParNew: 34438K->6K(38720K), 0.0042645 secs] 698124K->663692K(1090252K), 0.0043258 secs] [Times: user=0.01 sys=0.00, real=0.01 secs] 
2020-10-28T12:48:41.267+0000: [GC (Allocation Failure) 2020-10-28T12:48:41.267+0000: [ParNew: 34438K->6K(38720K), 0.0042724 secs] 698124K->663692K(1090252K), 0.0043332 secs] [Times: user=0.01 sys=0.00, real=0.00 secs] 
2020-10-28T12:48:41.318+0000: [GC (Allocation Failure) 2020-10-28T12:48:41.318+0000: [ParNew: 34438K->6K(38720K), 0.0042913 secs] 698124K->663692K(1090252K), 0.0043440 secs] [Times: user=0.01 sys=0.00, real=0.00 secs] 
2020-10-28T12:48:41.363+0000: [GC (Allocation Failure) 2020-10-28T12:48:41.363+0000: [ParNew: 34438K->6K(38720K), 0.0042643 secs] 698124K->663692K(1090252K), 0.0043247 secs] [Times: user=0.01 sys=0.00, real=0.01 secs] 
2020-10-28T12:48:41.410+0000: [GC (Allocation Failure) 2020-10-28T12:48:41.410+0000: [ParNew: 34438K->6K(38720K), 0.0044084 secs] 698124K->663692K(1090252K), 0.0044673 secs] [Times: user=0.01 sys=0.00, real=0.00 secs] 
2020-10-28T12:48:41.458+0000: [GC (Allocation Failure) 2020-10-28T12:48:41.458+0000: [ParNew: 34438K->6K(38720K), 0.0042505 secs] 698124K->663692K(1090252K), 0.0043107 secs] [Times: user=0.01 sys=0.00, real=0.00 secs] 
2020-10-28T12:48:41.503+0000: [GC (Allocation Failure) 2020-10-28T12:48:41.503+0000: [ParNew: 34438K->6K(38720K), 0.0120689 secs] 698124K->663692K(1090252K), 0.0121426 secs] [Times: user=0.02 sys=0.00, real=0.01 secs] 
2020-10-28T12:48:41.556+0000: [GC (Allocation Failure) 2020-10-28T12:48:41.556+0000: [ParNew: 34438K->6K(38720K), 0.0042976 secs] 698124K->663692K(1090252K), 0.0043604 secs] [Times: user=0.01 sys=0.00, real=0.01 secs] 
2020-10-28T12:48:41.607+0000: [GC (Allocation Failure) 2020-10-28T12:48:41.607+0000: [ParNew: 34438K->6K(38720K), 0.0051129 secs] 698124K->663692K(1090252K), 0.0051756 secs] [Times: user=0.01 sys=0.00, real=0.00 secs] 
2020-10-28T12:48:41.653+0000: [GC (Allocation Failure) 2020-10-28T12:48:41.653+0000: [ParNew: 34438K->6K(38720K), 0.0042959 secs] 698124K->663692K(1090252K), 0.0043562 secs] [Times: user=0.01 sys=0.00, real=0.00 secs] 
2020-10-28T12:48:41.702+0000: [GC (Allocation Failure) 2020-10-28T12:48:41.702+0000: [ParNew: 34438K->6K(38720K), 0.0043188 secs] 698124K->663692K(1090252K), 0.0043808 secs] [Times: user=0.01 sys=0.00, real=0.01 secs] 
2020-10-28T12:48:41.750+0000: [GC (Allocation Failure) 2020-10-28T12:48:41.750+0000: [ParNew: 34438K->6K(38720K), 0.0042944 secs] 698124K->663692K(1090252K), 0.0043544 secs] [Times: user=0.01 sys=0.00, real=0.00 secs] 
2020-10-28T12:48:41.795+0000: [GC (Allocation Failure) 2020-10-28T12:48:41.795+0000: [ParNew: 34438K->6K(38720K), 0.0043177 secs] 698124K->663692K(1090252K), 0.0043796 secs] [Times: user=0.01 sys=0.00, real=0.01 secs] 
2020-10-28T12:48:41.840+0000: [GC (Allocation Failure) 2020-10-28T12:48:41.840+0000: [ParNew: 34438K->6K(38720K), 0.0043412 secs] 698124K->663692K(1090252K), 0.0044016 secs] [Times: user=0.00 sys=0.00, real=0.00 secs] 
2020-10-28T12:48:41.886+0000: [GC (Allocation Failure) 2020-10-28T12:48:41.886+0000: [ParNew: 34438K->6K(38720K), 0.0042695 secs] 698124K->663692K(1090252K), 0.0043301 secs] [Times: user=0.00 sys=0.00, real=0.00 secs] 
2020-10-28T12:48:41.909+0000: [GC (Allocation Failure) 2020-10-28T12:48:41.909+0000: [ParNew: 16233K->6K(38720K), 0.0042015 secs] 679920K->663692K(1090252K), 0.0042586 secs] [Times: user=0.01 sys=0.00, real=0.00 secs] 
2020-10-28T12:48:41.921+0000: [GC (Allocation Failure) 2020-10-28T12:48:41.921+0000: [ParNew: 34438K->6K(38720K), 0.0313916 secs] 698124K->696460K(1090252K), 0.0314546 secs] [Times: user=0.04 sys=0.02, real=0.03 secs] 
2020-10-28T12:48:41.964+0000: [GC (CMS Initial Mark) [1 CMS-initial-mark: 696454K(1051532K)] 704643K(1090252K), 0.0063718 secs] [Times: user=0.01 sys=0.00, real=0.01 secs] 
2020-10-28T12:48:41.971+0000: [CMS-concurrent-mark-start]
2020-10-28T12:48:42.007+0000: [GC (Allocation Failure) 2020-10-28T12:48:42.008+0000: [ParNew: 34438K->6K(38720K), 0.0042441 secs] 730892K->696460K(1090252K), 0.0043185 secs] [Times: user=0.01 sys=0.00, real=0.00 secs] 
2020-10-28T12:48:42.066+0000: [GC (Allocation Failure) 2020-10-28T12:48:42.066+0000: [ParNew: 34438K->6K(38720K), 0.0041936 secs] 730892K->696460K(1090252K), 0.0042539 secs] [Times: user=0.01 sys=0.00, real=0.00 secs] 
2020-10-28T12:48:42.134+0000: [CMS-concurrent-mark: 0.139/0.163 secs] [Times: user=0.30 sys=0.00, real=0.16 secs] 
2020-10-28T12:48:42.134+0000: [GC (Allocation Failure) 2020-10-28T12:48:42.134+0000: [ParNew: 34438K->6K(38720K), 0.0042165 secs] 730892K->696460K(1090252K), 0.0042599 secs] [Times: user=0.01 sys=0.00, real=0.01 secs] 
2020-10-28T12:48:42.138+0000: [CMS-concurrent-preclean-start]
2020-10-28T12:48:42.158+0000: [CMS-concurrent-preclean: 0.012/0.013 secs] [Times: user=0.04 sys=0.00, real=0.02 secs] 
2020-10-28T12:48:42.158+0000: [CMS-concurrent-abortable-preclean-start]
2020-10-28T12:48:42.182+0000: [GC (Allocation Failure) 2020-10-28T12:48:42.182+0000: [ParNew: 34438K->6K(38720K), 0.0040982 secs] 730892K->696460K(1090252K), 0.0041529 secs] [Times: user=0.01 sys=0.00, real=0.01 secs] 
2020-10-28T12:48:42.235+0000: [GC (Allocation Failure) 2020-10-28T12:48:42.235+0000: [ParNew: 34438K->6K(38720K), 0.0042107 secs] 730892K->696461K(1090252K), 0.0042725 secs] [Times: user=0.01 sys=0.00, real=0.01 secs] 
2020-10-28T12:48:42.267+0000: [GC (Allocation Failure) 2020-10-28T12:48:42.267+0000: [ParNew: 21821K->6K(38720K), 0.0042214 secs] 718276K->696461K(1090252K), 0.0042809 secs] [Times: user=0.01 sys=0.00, real=0.00 secs] 
2020-10-28T12:48:42.279+0000: [GC (Allocation Failure) 2020-10-28T12:48:42.279+0000: [ParNew: 34438K->6K(38720K), 0.0282420 secs] 730893K->729229K(1090252K), 0.0283072 secs] [Times: user=0.04 sys=0.02, real=0.03 secs] 
2020-10-28T12:48:42.313+0000: [CMS-concurrent-abortable-preclean: 0.012/0.155 secs] [Times: user=0.29 sys=0.02, real=0.15 secs] 
2020-10-28T12:48:42.320+0000: [GC (CMS Final Remark) [YG occupancy: 7985 K (38720 K)]2020-10-28T12:48:42.320+0000: [Rescan (parallel) , 0.0078263 secs]2020-10-28T12:48:42.328+0000: [weak refs processing, 0.0000311 secs]2020-10-28T12:48:42.328+0000: [class unloading, 0.0088049 secs]2020-10-28T12:48:42.337+0000: [scrub symbol table, 0.0086313 secs]2020-10-28T12:48:42.346+0000: [scrub string table, 0.0006787 secs][1 CMS-remark: 729223K(1051532K)] 737208K(1090252K), 0.0260805 secs] [Times: user=0.04 sys=0.00, real=0.03 secs] 
2020-10-28T12:48:42.346+0000: [CMS-concurrent-sweep-start]
2020-10-28T12:48:42.384+0000: [GC (Allocation Failure) 2020-10-28T12:48:42.384+0000: [ParNew: 34438K->6K(38720K), 0.0041604 secs] 763661K->729229K(1090252K), 0.0042218 secs] [Times: user=0.01 sys=0.00, real=0.01 secs] 
2020-10-28T12:48:42.403+0000: [CMS-concurrent-sweep: 0.039/0.057 secs] [Times: user=0.11 sys=0.00, real=0.05 secs] 
2020-10-28T12:48:42.404+0000: [CMS-concurrent-reset-start]
2020-10-28T12:48:42.435+0000: [CMS-concurrent-reset: 0.031/0.031 secs] [Times: user=0.06 sys=0.00, real=0.03 secs] 
2020-10-28T12:48:42.442+0000: [GC (Allocation Failure) 2020-10-28T12:48:42.442+0000: [ParNew: 34438K->6K(38720K), 0.0045377 secs] 714508K->680076K(1172172K), 0.0045802 secs] [Times: user=0.01 sys=0.00, real=0.01 secs] 
2020-10-28T12:48:42.491+0000: [GC (Allocation Failure) 2020-10-28T12:48:42.491+0000: [ParNew: 33014K->6K(38720K), 0.0045908 secs] 713085K->680076K(1172172K), 0.0046507 secs] [Times: user=0.01 sys=0.00, real=0.00 secs] 
2020-10-28T12:48:42.502+0000: [GC (Allocation Failure) 2020-10-28T12:48:42.502+0000: [ParNew: 34438K->6K(38720K), 0.0086317 secs] 714508K->712844K(1172172K), 0.0086951 secs] [Times: user=0.02 sys=0.00, real=0.01 secs] 
2020-10-28T12:48:42.554+0000: [GC (Allocation Failure) 2020-10-28T12:48:42.554+0000: [ParNew: 34438K->6K(38720K), 0.0045424 secs] 747276K->712844K(1172172K), 0.0046027 secs] [Times: user=0.01 sys=0.00, real=0.01 secs] 
2020-10-28T12:48:42.599+0000: [GC (Allocation Failure) 2020-10-28T12:48:42.599+0000: [ParNew: 34438K->6K(38720K), 0.0045594 secs] 747276K->712844K(1172172K), 0.0046180 secs] [Times: user=0.00 sys=0.00, real=0.00 secs] 
2020-10-28T12:48:42.623+0000: [GC (Allocation Failure) 2020-10-28T12:48:42.623+0000: [ParNew: 12376K->6K(38720K), 0.0042811 secs] 725215K->712844K(1172172K), 0.0043332 secs] [Times: user=0.01 sys=0.00, real=0.01 secs] 
2020-10-28T12:48:42.634+0000: [GC (Allocation Failure) 2020-10-28T12:48:42.634+0000: [ParNew: 34438K->6K(38720K), 0.0282986 secs] 747276K->745612K(1172172K), 0.0283578 secs] [Times: user=0.05 sys=0.01, real=0.03 secs] 
2020-10-28T12:48:42.678+0000: [GC (CMS Initial Mark) [1 CMS-initial-mark: 745606K(1133452K)] 754430K(1172172K), 0.0066962 secs] [Times: user=0.01 sys=0.00, real=0.00 secs] 
2020-10-28T12:48:42.684+0000: [CMS-concurrent-mark-start]
2020-10-28T12:48:42.726+0000: [GC (Allocation Failure) 2020-10-28T12:48:42.726+0000: [ParNew: 34438K->6K(38720K), 0.0044301 secs] 780044K->745612K(1172172K), 0.0044957 secs] [Times: user=0.01 sys=0.00, real=0.00 secs] 
2020-10-28T12:48:42.786+0000: [GC (Allocation Failure) 2020-10-28T12:48:42.786+0000: [ParNew: 34438K->6K(38720K), 0.0045006 secs] 780044K->745612K(1172172K), 0.0045611 secs] [Times: user=0.01 sys=0.00, real=0.00 secs] 
2020-10-28T12:48:42.848+0000: [CMS-concurrent-mark: 0.152/0.164 secs] [Times: user=0.31 sys=0.01, real=0.17 secs] 
2020-10-28T12:48:42.848+0000: [GC (Allocation Failure) 2020-10-28T12:48:42.848+0000: [ParNew: 34438K->6K(38720K), 0.0045099 secs] 780044K->745613K(1172172K), 0.0045535 secs] [Times: user=0.01 sys=0.00, real=0.00 secs] 
2020-10-28T12:48:42.853+0000: [CMS-concurrent-preclean-start]
2020-10-28T12:48:42.856+0000: [CMS-concurrent-preclean: 0.003/0.003 secs] [Times: user=0.00 sys=0.00, real=0.00 secs] 
2020-10-28T12:48:42.858+0000: [GC (CMS Final Remark) [YG occupancy: 1602 K (38720 K)]2020-10-28T12:48:42.858+0000: [Rescan (parallel) , 0.0031696 secs]2020-10-28T12:48:42.861+0000: [weak refs processing, 0.0000275 secs]2020-10-28T12:48:42.861+0000: [class unloading, 0.0084501 secs]2020-10-28T12:48:42.869+0000: [scrub symbol table, 0.0085131 secs]2020-10-28T12:48:42.878+0000: [scrub string table, 0.0006303 secs][1 CMS-remark: 745606K(1133452K)] 747209K(1172172K), 0.0208903 secs] [Times: user=0.02 sys=0.00, real=0.02 secs] 
2020-10-28T12:48:42.878+0000: [CMS-concurrent-sweep-start]
2020-10-28T12:48:42.892+0000: [CMS-concurrent-sweep: 0.014/0.014 secs] [Times: user=0.03 sys=0.00, real=0.01 secs] 
2020-10-28T12:48:42.893+0000: [CMS-concurrent-reset-start]
2020-10-28T12:48:42.903+0000: [CMS-concurrent-reset: 0.011/0.011 secs] [Times: user=0.02 sys=0.00, real=0.01 secs] 
2020-10-28T12:48:42.933+0000: [GC (Allocation Failure) 2020-10-28T12:48:42.933+0000: [ParNew: 34438K->6K(38720K), 0.0049704 secs] 780044K->745612K(1281400K), 0.0050307 secs] [Times: user=0.01 sys=0.00, real=0.01 secs] 
2020-10-28T12:48:42.982+0000: [GC (Allocation Failure) 2020-10-28T12:48:42.982+0000: [ParNew: 34438K->6K(38720K), 0.0049359 secs] 780044K->745612K(1281400K), 0.0049970 secs] [Times: user=0.01 sys=0.00, real=0.01 secs] 
2020-10-28T12:48:43.027+0000: [GC (Allocation Failure) 2020-10-28T12:48:43.027+0000: [ParNew: 34438K->6K(38720K), 0.0049869 secs] 780044K->745612K(1281400K), 0.0050635 secs] [Times: user=0.00 sys=0.00, real=0.00 secs] 
2020-10-28T12:48:43.073+0000: [GC (Allocation Failure) 2020-10-28T12:48:43.073+0000: [ParNew: 34438K->6K(38720K), 0.0049809 secs] 780044K->745613K(1281400K), 0.0050422 secs] [Times: user=0.01 sys=0.00, real=0.01 secs] 
2020-10-28T12:48:43.124+0000: [GC (Allocation Failure) 2020-10-28T12:48:43.124+0000: [ParNew: 34438K->6K(38720K), 0.0049745 secs] 780045K->745613K(1281400K), 0.0050354 secs] [Times: user=0.01 sys=0.01, real=0.01 secs] 
2020-10-28T12:48:43.174+0000: [GC (Allocation Failure) 2020-10-28T12:48:43.174+0000: [ParNew: 34438K->6K(38720K), 0.0049601 secs] 780045K->745613K(1281400K), 0.0050199 secs] [Times: user=0.01 sys=0.00, real=0.01 secs] 
2020-10-28T12:48:43.223+0000: [GC (Allocation Failure) 2020-10-28T12:48:43.223+0000: [ParNew: 34438K->6K(38720K), 0.0049515 secs] 780045K->745613K(1281400K), 0.0050111 secs] [Times: user=0.01 sys=0.00, real=0.01 secs] 
2020-10-28T12:48:43.273+0000: [GC (Allocation Failure) 2020-10-28T12:48:43.273+0000: [ParNew: 34438K->6K(38720K), 0.0049485 secs] 780045K->745613K(1281400K), 0.0050085 secs] [Times: user=0.01 sys=0.00, real=0.01 secs] 
2020-10-28T12:48:43.322+0000: [GC (Allocation Failure) 2020-10-28T12:48:43.322+0000: [ParNew: 34438K->6K(38720K), 0.0049613 secs] 780045K->745613K(1281400K), 0.0050168 secs] [Times: user=0.01 sys=0.00, real=0.01 secs] 
2020-10-28T12:48:43.372+0000: [GC (Allocation Failure) 2020-10-28T12:48:43.372+0000: [ParNew: 34438K->6K(38720K), 0.0050346 secs] 780045K->745613K(1281400K), 0.0050964 secs] [Times: user=0.01 sys=0.00, real=0.00 secs] 
2020-10-28T12:48:43.422+0000: [GC (Allocation Failure) 2020-10-28T12:48:43.422+0000: [ParNew: 34438K->6K(38720K), 0.0049717 secs] 780045K->745613K(1281400K), 0.0050308 secs] [Times: user=0.01 sys=0.00, real=0.01 secs] 
2020-10-28T12:48:43.470+0000: [GC (Allocation Failure) 2020-10-28T12:48:43.470+0000: [ParNew: 34438K->6K(38720K), 0.0049497 secs] 780045K->745613K(1281400K), 0.0050109 secs] [Times: user=0.01 sys=0.00, real=0.00 secs] 
2020-10-28T12:48:43.519+0000: [GC (Allocation Failure) 2020-10-28T12:48:43.519+0000: [ParNew: 34438K->6K(38720K), 0.0049469 secs] 780045K->745613K(1281400K), 0.0050070 secs] [Times: user=0.01 sys=0.00, real=0.00 secs] 
2020-10-28T12:48:43.570+0000: [GC (Allocation Failure) 2020-10-28T12:48:43.570+0000: [ParNew: 34438K->6K(38720K), 0.0049863 secs] 780045K->745613K(1281400K), 0.0050478 secs] [Times: user=0.01 sys=0.00, real=0.00 secs] 
2020-10-28T12:48:43.622+0000: [GC (Allocation Failure) 2020-10-28T12:48:43.622+0000: [ParNew: 34438K->6K(38720K), 0.0049361 secs] 780045K->745613K(1281400K), 0.0049968 secs] [Times: user=0.01 sys=0.00, real=0.01 secs] 
2020-10-28T12:48:43.674+0000: [GC (Allocation Failure) 2020-10-28T12:48:43.674+0000: [ParNew: 34438K->6K(38720K), 0.0049446 secs] 780045K->745613K(1281400K), 0.0050032 secs] [Times: user=0.01 sys=0.00, real=0.01 secs] 
2020-10-28T12:48:43.719+0000: [GC (Allocation Failure) 2020-10-28T12:48:43.719+0000: [ParNew: 34438K->6K(38720K), 0.0049251 secs] 780045K->745613K(1281400K), 0.0049982 secs] [Times: user=0.01 sys=0.00, real=0.00 secs] 
2020-10-28T12:48:43.770+0000: [GC (Allocation Failure) 2020-10-28T12:48:43.770+0000: [ParNew: 34438K->6K(38720K), 0.0049285 secs] 780045K->745613K(1281400K), 0.0049879 secs] [Times: user=0.00 sys=0.00, real=0.00 secs] 
2020-10-28T12:48:43.820+0000: [GC (Allocation Failure) 2020-10-28T12:48:43.820+0000: [ParNew: 34438K->6K(38720K), 0.0057012 secs] 780045K->745613K(1281400K), 0.0057805 secs] [Times: user=0.01 sys=0.00, real=0.01 secs] 
2020-10-28T12:48:43.874+0000: [GC (Allocation Failure) 2020-10-28T12:48:43.874+0000: [ParNew: 34438K->6K(38720K), 0.0050005 secs] 780045K->745613K(1281400K), 0.0050591 secs] [Times: user=0.01 sys=0.00, real=0.01 secs] 
2020-10-28T12:48:43.930+0000: [GC (Allocation Failure) 2020-10-28T12:48:43.930+0000: [ParNew: 34438K->6K(38720K), 0.0069059 secs] 780045K->745613K(1281400K), 0.0070094 secs] [Times: user=0.01 sys=0.00, real=0.00 secs] 
2020-10-28T12:48:43.981+0000: [GC (Allocation Failure) 2020-10-28T12:48:43.981+0000: [ParNew: 34438K->6K(38720K), 0.0049311 secs] 780045K->745613K(1281400K), 0.0049940 secs] [Times: user=0.01 sys=0.00, real=0.01 secs] 
2020-10-28T12:48:44.030+0000: [GC (Allocation Failure) 2020-10-28T12:48:44.030+0000: [ParNew: 34438K->6K(38720K), 0.0049597 secs] 780045K->745613K(1281400K), 0.0050278 secs] [Times: user=0.01 sys=0.00, real=0.00 secs] 
2020-10-28T12:48:44.078+0000: [GC (Allocation Failure) 2020-10-28T12:48:44.078+0000: [ParNew: 34438K->6K(38720K), 0.0049204 secs] 780045K->745613K(1281400K), 0.0049794 secs] [Times: user=0.01 sys=0.00, real=0.00 secs] 
2020-10-28T12:48:44.126+0000: [GC (Allocation Failure) 2020-10-28T12:48:44.126+0000: [ParNew: 34438K->6K(38720K), 0.0049402 secs] 780045K->745613K(1281400K), 0.0049996 secs] [Times: user=0.01 sys=0.00, real=0.00 secs] 
2020-10-28T12:48:44.174+0000: [GC (Allocation Failure) 2020-10-28T12:48:44.174+0000: [ParNew: 34438K->6K(38720K), 0.0049270 secs] 780045K->745613K(1281400K), 0.0049864 secs] [Times: user=0.01 sys=0.00, real=0.01 secs] 
2020-10-28T12:48:44.225+0000: [GC (Allocation Failure) 2020-10-28T12:48:44.225+0000: [ParNew: 34438K->6K(38720K), 0.0049412 secs] 780045K->745613K(1281400K), 0.0050006 secs] [Times: user=0.01 sys=0.00, real=0.01 secs] 
2020-10-28T12:48:44.271+0000: [GC (Allocation Failure) 2020-10-28T12:48:44.271+0000: [ParNew: 34438K->6K(38720K), 0.0049521 secs] 780045K->745613K(1281400K), 0.0050123 secs] [Times: user=0.01 sys=0.00, real=0.00 secs] 
2020-10-28T12:48:44.317+0000: [GC (Allocation Failure) 2020-10-28T12:48:44.317+0000: [ParNew: 34438K->6K(38720K), 0.0050214 secs] 780045K->745613K(1281400K), 0.0050807 secs] [Times: user=0.01 sys=0.00, real=0.01 secs] 
2020-10-28T12:48:44.363+0000: [GC (Allocation Failure) 2020-10-28T12:48:44.363+0000: [ParNew: 34438K->6K(38720K), 0.0049545 secs] 780045K->745613K(1281400K), 0.0050141 secs] [Times: user=0.01 sys=0.00, real=0.01 secs] 
2020-10-28T12:48:44.417+0000: [GC (Allocation Failure) 2020-10-28T12:48:44.417+0000: [ParNew: 34438K->6K(38720K), 0.0050048 secs] 780045K->745613K(1281400K), 0.0050643 secs] [Times: user=0.01 sys=0.00, real=0.01 secs] 
2020-10-28T12:48:44.469+0000: [GC (Allocation Failure) 2020-10-28T12:48:44.470+0000: [ParNew: 34438K->6K(38720K), 0.0049750 secs] 780045K->745613K(1281400K), 0.0050372 secs] [Times: user=0.01 sys=0.00, real=0.00 secs] 
2020-10-28T12:48:44.515+0000: [GC (Allocation Failure) 2020-10-28T12:48:44.515+0000: [ParNew: 34438K->6K(38720K), 0.0049565 secs] 780045K->745613K(1281400K), 0.0050155 secs] [Times: user=0.01 sys=0.00, real=0.01 secs] 
2020-10-28T12:48:44.577+0000: [GC (Allocation Failure) 2020-10-28T12:48:44.577+0000: [ParNew: 34438K->6K(38720K), 0.0049646 secs] 780045K->745613K(1281400K), 0.0050252 secs] [Times: user=0.01 sys=0.00, real=0.01 secs] 
2020-10-28T12:48:44.622+0000: [GC (Allocation Failure) 2020-10-28T12:48:44.622+0000: [ParNew: 34438K->6K(38720K), 0.0049690 secs] 780045K->745613K(1281400K), 0.0050277 secs] [Times: user=0.01 sys=0.00, real=0.01 secs] 
2020-10-28T12:48:44.668+0000: [GC (Allocation Failure) 2020-10-28T12:48:44.668+0000: [ParNew: 34438K->6K(38720K), 0.0050259 secs] 780045K->745613K(1281400K), 0.0050844 secs] [Times: user=0.01 sys=0.00, real=0.00 secs] 
2020-10-28T12:48:44.714+0000: [GC (Allocation Failure) 2020-10-28T12:48:44.714+0000: [ParNew: 34438K->6K(38720K), 0.0049577 secs] 780045K->745613K(1281400K), 0.0050162 secs] [Times: user=0.01 sys=0.00, real=0.01 secs] 
2020-10-28T12:48:44.763+0000: [GC (Allocation Failure) 2020-10-28T12:48:44.763+0000: [ParNew: 34438K->6K(38720K), 0.0049696 secs] 780045K->745613K(1281400K), 0.0050293 secs] [Times: user=0.01 sys=0.00, real=0.01 secs] 
2020-10-28T12:48:44.813+0000: [GC (Allocation Failure) 2020-10-28T12:48:44.813+0000: [ParNew: 34438K->6K(38720K), 0.0052485 secs] 780045K->745613K(1281400K), 0.0053086 secs] [Times: user=0.01 sys=0.00, real=0.01 secs] 
2020-10-28T12:48:44.862+0000: [GC (Allocation Failure) 2020-10-28T12:48:44.862+0000: [ParNew: 34438K->6K(38720K), 0.0049718 secs] 780045K->745613K(1281400K), 0.0050325 secs] [Times: user=0.01 sys=0.00, real=0.01 secs] 
2020-10-28T12:48:44.907+0000: [GC (Allocation Failure) 2020-10-28T12:48:44.907+0000: [ParNew: 34438K->6K(38720K), 0.0049270 secs] 780045K->745613K(1281400K), 0.0049856 secs] [Times: user=0.01 sys=0.00, real=0.00 secs] 
2020-10-28T12:48:44.953+0000: [GC (Allocation Failure) 2020-10-28T12:48:44.953+0000: [ParNew: 34438K->8K(38720K), 0.0049523 secs] 780045K->745615K(1281400K), 0.0050269 secs] [Times: user=0.01 sys=0.00, real=0.01 secs] 
2020-10-28T12:48:44.999+0000: [GC (Allocation Failure) 2020-10-28T12:48:44.999+0000: [ParNew: 34440K->6K(38720K), 0.0050425 secs] 780047K->745613K(1281400K), 0.0051022 secs] [Times: user=0.01 sys=0.00, real=0.00 secs] 
2020-10-28T12:48:45.045+0000: [GC (Allocation Failure) 2020-10-28T12:48:45.045+0000: [ParNew: 34438K->6K(38720K), 0.0049695 secs] 780045K->745613K(1281400K), 0.0050300 secs] [Times: user=0.01 sys=0.00, real=0.01 secs] 
2020-10-28T12:48:45.095+0000: [GC (Allocation Failure) 2020-10-28T12:48:45.095+0000: [ParNew: 34438K->6K(38720K), 0.0049513 secs] 780045K->745613K(1281400K), 0.0050228 secs] [Times: user=0.01 sys=0.00, real=0.01 secs] 
2020-10-28T12:48:45.141+0000: [GC (Allocation Failure) 2020-10-28T12:48:45.141+0000: [ParNew: 34438K->6K(38720K), 0.0049612 secs] 780045K->745613K(1281400K), 0.0050369 secs] [Times: user=0.01 sys=0.00, real=0.01 secs] 
2020-10-28T12:48:45.190+0000: [GC (Allocation Failure) 2020-10-28T12:48:45.190+0000: [ParNew: 34438K->6K(38720K), 0.0049727 secs] 780045K->745613K(1281400K), 0.0050334 secs] [Times: user=0.01 sys=0.00, real=0.00 secs] 
2020-10-28T12:48:45.238+0000: [GC (Allocation Failure) 2020-10-28T12:48:45.238+0000: [ParNew: 34438K->6K(38720K), 0.0050125 secs] 780045K->745613K(1281400K), 0.0050751 secs] [Times: user=0.01 sys=0.00, real=0.00 secs] 
2020-10-28T12:48:45.291+0000: [GC (Allocation Failure) 2020-10-28T12:48:45.291+0000: [ParNew: 34438K->6K(38720K), 0.0050043 secs] 780045K->745613K(1281400K), 0.0050774 secs] [Times: user=0.01 sys=0.00, real=0.00 secs] 
2020-10-28T12:48:45.342+0000: [GC (Allocation Failure) 2020-10-28T12:48:45.342+0000: [ParNew: 34438K->6K(38720K), 0.0050863 secs] 780045K->745613K(1281400K), 0.0051475 secs] [Times: user=0.01 sys=0.00, real=0.01 secs] 
2020-10-28T12:48:45.392+0000: [GC (Allocation Failure) 2020-10-28T12:48:45.392+0000: [ParNew: 34438K->6K(38720K), 0.0050327 secs] 780045K->745613K(1281400K), 0.0050972 secs] [Times: user=0.01 sys=0.00, real=0.00 secs] 
2020-10-28T12:48:45.437+0000: [GC (Allocation Failure) 2020-10-28T12:48:45.437+0000: [ParNew: 34438K->6K(38720K), 0.0049841 secs] 780045K->745613K(1281400K), 0.0050452 secs] [Times: user=0.01 sys=0.00, real=0.01 secs] 
2020-10-28T12:48:45.483+0000: [GC (Allocation Failure) 2020-10-28T12:48:45.483+0000: [ParNew: 34438K->6K(38720K), 0.0049606 secs] 780045K->745613K(1281400K), 0.0050219 secs] [Times: user=0.01 sys=0.00, real=0.01 secs] 
2020-10-28T12:48:45.534+0000: [GC (Allocation Failure) 2020-10-28T12:48:45.534+0000: [ParNew: 34438K->6K(38720K), 0.0049776 secs] 780045K->745613K(1281400K), 0.0050403 secs] [Times: user=0.01 sys=0.00, real=0.01 secs] 
2020-10-28T12:48:45.582+0000: [GC (Allocation Failure) 2020-10-28T12:48:45.582+0000: [ParNew: 34438K->6K(38720K), 0.0049702 secs] 780045K->745613K(1281400K), 0.0050323 secs] [Times: user=0.01 sys=0.00, real=0.01 secs] 
2020-10-28T12:48:45.630+0000: [GC (Allocation Failure) 2020-10-28T12:48:45.630+0000: [ParNew: 34438K->6K(38720K), 0.0050032 secs] 780045K->745613K(1281400K), 0.0050644 secs] [Times: user=0.01 sys=0.00, real=0.00 secs] 
2020-10-28T12:48:45.675+0000: [GC (Allocation Failure) 2020-10-28T12:48:45.675+0000: [ParNew: 34438K->6K(38720K), 0.0050199 secs] 780045K->745613K(1281400K), 0.0050813 secs] [Times: user=0.01 sys=0.00, real=0.01 secs] 
2020-10-28T12:48:45.734+0000: [GC (Allocation Failure) 2020-10-28T12:48:45.734+0000: [ParNew: 34438K->6K(38720K), 0.0049702 secs] 780045K->745613K(1281400K), 0.0050306 secs] [Times: user=0.01 sys=0.00, real=0.01 secs] 
2020-10-28T12:48:45.780+0000: [GC (Allocation Failure) 2020-10-28T12:48:45.780+0000: [ParNew: 34438K->6K(38720K), 0.0050136 secs] 780045K->745613K(1281400K), 0.0050757 secs] [Times: user=0.01 sys=0.00, real=0.00 secs] 
2020-10-28T12:48:45.826+0000: [GC (Allocation Failure) 2020-10-28T12:48:45.826+0000: [ParNew: 34438K->6K(38720K), 0.0050274 secs] 780045K->745613K(1281400K), 0.0050884 secs] [Times: user=0.01 sys=0.00, real=0.00 secs] 
2020-10-28T12:48:45.872+0000: [GC (Allocation Failure) 2020-10-28T12:48:45.872+0000: [ParNew: 34438K->6K(38720K), 0.0049545 secs] 780045K->745613K(1281400K), 0.0050144 secs] [Times: user=0.01 sys=0.00, real=0.00 secs] 
2020-10-28T12:48:45.922+0000: [GC (Allocation Failure) 2020-10-28T12:48:45.922+0000: [ParNew: 34438K->6K(38720K), 0.0049384 secs] 780045K->745613K(1281400K), 0.0049971 secs] [Times: user=0.01 sys=0.00, real=0.01 secs] 
2020-10-28T12:48:45.967+0000: [GC (Allocation Failure) 2020-10-28T12:48:45.967+0000: [ParNew: 34438K->6K(38720K), 0.0050176 secs] 780045K->745613K(1281400K), 0.0050781 secs] [Times: user=0.01 sys=0.00, real=0.00 secs] 
2020-10-28T12:48:46.018+0000: [GC (Allocation Failure) 2020-10-28T12:48:46.018+0000: [ParNew: 34438K->6K(38720K), 0.0050172 secs] 780045K->745613K(1281400K), 0.0050784 secs] [Times: user=0.01 sys=0.00, real=0.00 secs] 
2020-10-28T12:48:46.064+0000: [GC (Allocation Failure) 2020-10-28T12:48:46.064+0000: [ParNew: 34438K->6K(38720K), 0.0049797 secs] 780045K->745613K(1281400K), 0.0050424 secs] [Times: user=0.01 sys=0.00, real=0.01 secs] 
2020-10-28T12:48:46.109+0000: [GC (Allocation Failure) 2020-10-28T12:48:46.109+0000: [ParNew: 34438K->6K(38720K), 0.0049786 secs] 780045K->745613K(1281400K), 0.0050406 secs] [Times: user=0.01 sys=0.00, real=0.00 secs] 
2020-10-28T12:48:46.158+0000: [GC (Allocation Failure) 2020-10-28T12:48:46.158+0000: [ParNew: 34438K->6K(38720K), 0.0050013 secs] 780045K->745613K(1281400K), 0.0050601 secs] [Times: user=0.01 sys=0.00, real=0.00 secs] 
2020-10-28T12:48:46.204+0000: [GC (Allocation Failure) 2020-10-28T12:48:46.204+0000: [ParNew: 34438K->6K(38720K), 0.0050530 secs] 780045K->745613K(1281400K), 0.0051130 secs] [Times: user=0.01 sys=0.00, real=0.01 secs] 
2020-10-28T12:48:46.254+0000: [GC (Allocation Failure) 2020-10-28T12:48:46.254+0000: [ParNew: 34438K->6K(38720K), 0.0050007 secs] 780045K->745613K(1281400K), 0.0050616 secs] [Times: user=0.01 sys=0.00, real=0.01 secs] 
2020-10-28T12:48:46.299+0000: [GC (Allocation Failure) 2020-10-28T12:48:46.299+0000: [ParNew: 34438K->6K(38720K), 0.0050035 secs] 780045K->745613K(1281400K), 0.0050632 secs] [Times: user=0.01 sys=0.00, real=0.00 secs] 
2020-10-28T12:48:46.346+0000: [GC (Allocation Failure) 2020-10-28T12:48:46.346+0000: [ParNew: 34438K->6K(38720K), 0.0049925 secs] 780045K->745613K(1281400K), 0.0050527 secs] [Times: user=0.01 sys=0.00, real=0.00 secs] 
2020-10-28T12:48:46.427+0000: [GC (Allocation Failure) 2020-10-28T12:48:46.427+0000: [ParNew: 34438K->6K(38720K), 0.0049478 secs] 780045K->745613K(1281400K), 0.0050293 secs] [Times: user=0.01 sys=0.00, real=0.00 secs] 
2020-10-28T12:48:46.486+0000: [GC (Allocation Failure) 2020-10-28T12:48:46.486+0000: [ParNew: 34438K->6K(38720K), 0.0049769 secs] 780045K->745613K(1281400K), 0.0050612 secs] [Times: user=0.01 sys=0.00, real=0.00 secs] 
2020-10-28T12:48:46.538+0000: [GC (Allocation Failure) 2020-10-28T12:48:46.538+0000: [ParNew: 34438K->6K(38720K), 0.0049367 secs] 780045K->745613K(1281400K), 0.0049979 secs] [Times: user=0.01 sys=0.00, real=0.00 secs] 
2020-10-28T12:48:46.583+0000: [GC (Allocation Failure) 2020-10-28T12:48:46.583+0000: [ParNew: 34438K->6K(38720K), 0.0049358 secs] 780045K->745613K(1281400K), 0.0049949 secs] [Times: user=0.01 sys=0.00, real=0.01 secs] 
2020-10-28T12:48:46.633+0000: [GC (Allocation Failure) 2020-10-28T12:48:46.633+0000: [ParNew: 34438K->6K(38720K), 0.0049618 secs] 780045K->745613K(1281400K), 0.0050223 secs] [Times: user=0.01 sys=0.00, real=0.01 secs] 
2020-10-28T12:48:46.678+0000: [GC (Allocation Failure) 2020-10-28T12:48:46.679+0000: [ParNew: 34438K->6K(38720K), 0.0049415 secs] 780045K->745613K(1281400K), 0.0050015 secs] [Times: user=0.01 sys=0.00, real=0.00 secs] 
2020-10-28T12:48:46.730+0000: [GC (Allocation Failure) 2020-10-28T12:48:46.730+0000: [ParNew: 34438K->6K(38720K), 0.0049791 secs] 780045K->745613K(1281400K), 0.0050400 secs] [Times: user=0.01 sys=0.00, real=0.00 secs] 
2020-10-28T12:48:46.775+0000: [GC (Allocation Failure) 2020-10-28T12:48:46.775+0000: [ParNew: 34438K->6K(38720K), 0.0049611 secs] 780045K->745613K(1281400K), 0.0050200 secs] [Times: user=0.01 sys=0.00, real=0.01 secs] 
2020-10-28T12:48:46.825+0000: [GC (Allocation Failure) 2020-10-28T12:48:46.825+0000: [ParNew: 34438K->6K(38720K), 0.0049708 secs] 780045K->745613K(1281400K), 0.0050302 secs] [Times: user=0.01 sys=0.00, real=0.01 secs] 
2020-10-28T12:48:46.875+0000: [GC (Allocation Failure) 2020-10-28T12:48:46.875+0000: [ParNew: 34438K->6K(38720K), 0.0049311 secs] 780045K->745613K(1281400K), 0.0049890 secs] [Times: user=0.01 sys=0.00, real=0.01 secs] 
2020-10-28T12:48:46.921+0000: [GC (Allocation Failure) 2020-10-28T12:48:46.921+0000: [ParNew: 34438K->6K(38720K), 0.0049702 secs] 780045K->745613K(1281400K), 0.0050467 secs] [Times: user=0.01 sys=0.00, real=0.01 secs] 
2020-10-28T12:48:46.932+0000: [GC (Allocation Failure) 2020-10-28T12:48:46.932+0000: [ParNew: 34438K->6K(38720K), 0.0304319 secs] 780045K->778381K(1281400K), 0.0305080 secs] [Times: user=0.04 sys=0.02, real=0.03 secs] 
2020-10-28T12:48:47.004+0000: [GC (Allocation Failure) 2020-10-28T12:48:47.004+0000: [ParNew: 34438K->6K(38720K), 0.0049196 secs] 812813K->778381K(1281400K), 0.0049812 secs] [Times: user=0.01 sys=0.00, real=0.01 secs] 
2020-10-28T12:48:47.055+0000: [GC (Allocation Failure) 2020-10-28T12:48:47.056+0000: [ParNew: 34438K->6K(38720K), 0.0049366 secs] 812813K->778381K(1281400K), 0.0049962 secs] [Times: user=0.01 sys=0.00, real=0.01 secs] 
2020-10-28T12:48:47.101+0000: [GC (Allocation Failure) 2020-10-28T12:48:47.101+0000: [ParNew: 34438K->6K(38720K), 0.0048930 secs] 812813K->778381K(1281400K), 0.0049552 secs] [Times: user=0.01 sys=0.00, real=0.01 secs] 
2020-10-28T12:48:47.150+0000: [GC (Allocation Failure) 2020-10-28T12:48:47.150+0000: [ParNew: 34438K->6K(38720K), 0.0048966 secs] 812813K->778381K(1281400K), 0.0049591 secs] [Times: user=0.01 sys=0.00, real=0.00 secs] 
2020-10-28T12:48:47.186+0000: [GC (Allocation Failure) 2020-10-28T12:48:47.186+0000: [ParNew: 22532K->6K(38720K), 0.0048813 secs] 800907K->778381K(1281400K), 0.0049433 secs] [Times: user=0.01 sys=0.00, real=0.00 secs] 
2020-10-28T12:48:47.197+0000: [GC (Allocation Failure) 2020-10-28T12:48:47.197+0000: [ParNew: 34438K->6K(38720K), 0.0295634 secs] 812813K->811149K(1281400K), 0.0296282 secs] [Times: user=0.04 sys=0.02, real=0.04 secs] 
2020-10-28T12:48:47.272+0000: [GC (Allocation Failure) 2020-10-28T12:48:47.272+0000: [ParNew: 34438K->6K(38720K), 0.0048949 secs] 845581K->811149K(1281400K), 0.0049558 secs] [Times: user=0.01 sys=0.00, real=0.00 secs] 
2020-10-28T12:48:47.319+0000: [GC (Allocation Failure) 2020-10-28T12:48:47.319+0000: [ParNew: 34438K->6K(38720K), 0.0048319 secs] 845581K->811149K(1281400K), 0.0048830 secs] [Times: user=0.01 sys=0.00, real=0.00 secs] 
2020-10-28T12:48:47.368+0000: [GC (Allocation Failure) 2020-10-28T12:48:47.368+0000: [ParNew: 34438K->6K(38720K), 0.0048705 secs] 845581K->811149K(1281400K), 0.0049397 secs] [Times: user=0.01 sys=0.00, real=0.00 secs] 
2020-10-28T12:48:47.418+0000: [GC (Allocation Failure) 2020-10-28T12:48:47.418+0000: [ParNew: 34438K->6K(38720K), 0.0048483 secs] 845581K->811149K(1281400K), 0.0049059 secs] [Times: user=0.00 sys=0.00, real=0.00 secs] 
2020-10-28T12:48:47.438+0000: [GC (Allocation Failure) 2020-10-28T12:48:47.438+0000: [ParNew: 11196K->6K(38720K), 0.0044493 secs] 822339K->811149K(1281400K), 0.0044991 secs] [Times: user=0.01 sys=0.00, real=0.00 secs] 
2020-10-28T12:48:47.448+0000: [GC (Allocation Failure) 2020-10-28T12:48:47.448+0000: [ParNew: 34438K->6K(38720K), 0.0282254 secs] 845581K->843917K(1281400K), 0.0282840 secs] [Times: user=0.05 sys=0.00, real=0.02 secs] 
2020-10-28T12:48:47.517+0000: [GC (Allocation Failure) 2020-10-28T12:48:47.517+0000: [ParNew: 34438K->6K(38720K), 0.0047743 secs] 878349K->843917K(1281400K), 0.0048347 secs] [Times: user=0.01 sys=0.00, real=0.01 secs] 
2020-10-28T12:48:47.568+0000: [GC (Allocation Failure) 2020-10-28T12:48:47.569+0000: [ParNew: 34438K->6K(38720K), 0.0070982 secs] 878349K->843917K(1281400K), 0.0071690 secs] [Times: user=0.01 sys=0.00, real=0.00 secs] 
2020-10-28T12:48:47.600+0000: [GC (Allocation Failure) 2020-10-28T12:48:47.600+0000: [ParNew: 16983K->6K(38720K), 0.0046896 secs] 860895K->843917K(1281400K), 0.0047497 secs] [Times: user=0.01 sys=0.00, real=0.00 secs] 
2020-10-28T12:48:47.611+0000: [GC (Allocation Failure) 2020-10-28T12:48:47.611+0000: [ParNew: 34438K->6K(38720K), 0.0292344 secs] 878349K->876685K(1281400K), 0.0292975 secs] [Times: user=0.05 sys=0.01, real=0.03 secs] 
2020-10-28T12:48:47.665+0000: [GC (CMS Initial Mark) [1 CMS-initial-mark: 876679K(1242680K)] 894379K(1281400K), 0.0119090 secs] [Times: user=0.02 sys=0.00, real=0.01 secs] 
2020-10-28T12:48:47.682+0000: [CMS-concurrent-mark-start]
2020-10-28T12:48:47.702+0000: [GC (Allocation Failure) 2020-10-28T12:48:47.702+0000: [ParNew: 34438K->6K(38720K), 0.0046947 secs] 911117K->876685K(1281400K), 0.0047516 secs] [Times: user=0.01 sys=0.00, real=0.01 secs] 
2020-10-28T12:48:47.755+0000: [GC (Allocation Failure) 2020-10-28T12:48:47.755+0000: [ParNew: 34438K->6K(38720K), 0.0047010 secs] 911117K->876685K(1281400K), 0.0047610 secs] [Times: user=0.01 sys=0.00, real=0.01 secs] 
2020-10-28T12:48:47.814+0000: [GC (Allocation Failure) 2020-10-28T12:48:47.814+0000: [ParNew: 34438K->6K(38720K), 0.0047504 secs] 911117K->876685K(1281400K), 0.0048121 secs] [Times: user=0.01 sys=0.00, real=0.01 secs] 
2020-10-28T12:48:47.884+0000: [CMS-concurrent-mark: 0.173/0.202 secs] [Times: user=0.37 sys=0.01, real=0.20 secs] 
2020-10-28T12:48:47.884+0000: [GC (Allocation Failure) 2020-10-28T12:48:47.884+0000: [ParNew: 34438K->6K(38720K), 0.0047688 secs] 911117K->876685K(1281400K), 0.0048122 secs] [Times: user=0.01 sys=0.00, real=0.01 secs] 
2020-10-28T12:48:47.889+0000: [CMS-concurrent-preclean-start]
2020-10-28T12:48:47.904+0000: [CMS-concurrent-preclean: 0.015/0.015 secs] [Times: user=0.02 sys=0.01, real=0.01 secs] 
2020-10-28T12:48:47.904+0000: [CMS-concurrent-abortable-preclean-start]
2020-10-28T12:48:47.933+0000: [GC (Allocation Failure) 2020-10-28T12:48:47.933+0000: [ParNew: 34438K->6K(38720K), 0.0050119 secs] 911117K->876685K(1281400K), 0.0050803 secs] [Times: user=0.01 sys=0.00, real=0.01 secs] 
2020-10-28T12:48:47.984+0000: [GC (Allocation Failure) 2020-10-28T12:48:47.984+0000: [ParNew: 34438K->6K(38720K), 0.0048448 secs] 911117K->876685K(1281400K), 0.0049085 secs] [Times: user=0.01 sys=0.00, real=0.01 secs] 
2020-10-28T12:48:48.037+0000: [GC (Allocation Failure) 2020-10-28T12:48:48.037+0000: [ParNew: 34438K->6K(38720K), 0.0047758 secs] 911117K->876685K(1281400K), 0.0048455 secs] [Times: user=0.01 sys=0.00, real=0.01 secs] 
2020-10-28T12:48:48.087+0000: [GC (Allocation Failure) 2020-10-28T12:48:48.087+0000: [ParNew: 34438K->6K(38720K), 0.0047064 secs] 911117K->876685K(1281400K), 0.0047675 secs] [Times: user=0.01 sys=0.00, real=0.00 secs] 
2020-10-28T12:48:48.134+0000: [GC (Allocation Failure) 2020-10-28T12:48:48.134+0000: [ParNew: 34438K->6K(38720K), 0.0047698 secs] 911117K->876685K(1281400K), 0.0048538 secs] [Times: user=0.01 sys=0.00, real=0.01 secs] 
2020-10-28T12:48:48.186+0000: [GC (Allocation Failure) 2020-10-28T12:48:48.186+0000: [ParNew: 34438K->6K(38720K), 0.0047557 secs] 911117K->876685K(1281400K), 0.0048152 secs] [Times: user=0.01 sys=0.00, real=0.00 secs] 
2020-10-28T12:48:48.232+0000: [GC (Allocation Failure) 2020-10-28T12:48:48.232+0000: [ParNew: 34438K->6K(38720K), 0.0047481 secs] 911117K->876685K(1281400K), 0.0048089 secs] [Times: user=0.01 sys=0.00, real=0.00 secs] 
2020-10-28T12:48:48.282+0000: [GC (Allocation Failure) 2020-10-28T12:48:48.282+0000: [ParNew: 34438K->6K(38720K), 0.0046563 secs] 911117K->876685K(1281400K), 0.0047156 secs] [Times: user=0.01 sys=0.00, real=0.01 secs] 
2020-10-28T12:48:48.333+0000: [GC (Allocation Failure) 2020-10-28T12:48:48.333+0000: [ParNew: 34438K->6K(38720K), 0.0049568 secs] 911117K->876685K(1281400K), 0.0050183 secs] [Times: user=0.01 sys=0.00, real=0.01 secs] 
2020-10-28T12:48:48.386+0000: [GC (Allocation Failure) 2020-10-28T12:48:48.386+0000: [ParNew: 34438K->6K(38720K), 0.0048193 secs] 911117K->876685K(1281400K), 0.0048790 secs] [Times: user=0.01 sys=0.00, real=0.00 secs] 
2020-10-28T12:48:48.438+0000: [GC (Allocation Failure) 2020-10-28T12:48:48.438+0000: [ParNew: 34438K->6K(38720K), 0.0047682 secs] 911117K->876685K(1281400K), 0.0048297 secs] [Times: user=0.01 sys=0.00, real=0.00 secs] 
2020-10-28T12:48:48.485+0000: [GC (Allocation Failure) 2020-10-28T12:48:48.485+0000: [ParNew: 34438K->6K(38720K), 0.0046881 secs] 911117K->876685K(1281400K), 0.0047485 secs] [Times: user=0.01 sys=0.00, real=0.00 secs] 
2020-10-28T12:48:48.533+0000: [GC (Allocation Failure) 2020-10-28T12:48:48.533+0000: [ParNew: 34438K->6K(38720K), 0.0047746 secs] 911117K->876685K(1281400K), 0.0048328 secs] [Times: user=0.01 sys=0.00, real=0.01 secs] 
2020-10-28T12:48:48.585+0000: [GC (Allocation Failure) 2020-10-28T12:48:48.585+0000: [ParNew: 34438K->6K(38720K), 0.0047007 secs] 911117K->876685K(1281400K), 0.0047609 secs] [Times: user=0.01 sys=0.00, real=0.01 secs] 
2020-10-28T12:48:48.632+0000: [GC (Allocation Failure) 2020-10-28T12:48:48.632+0000: [ParNew: 34438K->6K(38720K), 0.0047162 secs] 911117K->876685K(1281400K), 0.0047775 secs] [Times: user=0.01 sys=0.00, real=0.00 secs] 
2020-10-28T12:48:48.679+0000: [GC (Allocation Failure) 2020-10-28T12:48:48.679+0000: [ParNew: 34438K->6K(38720K), 0.0046915 secs] 911117K->876685K(1281400K), 0.0047515 secs] [Times: user=0.01 sys=0.00, real=0.00 secs] 
2020-10-28T12:48:48.730+0000: [GC (Allocation Failure) 2020-10-28T12:48:48.730+0000: [ParNew: 34438K->6K(38720K), 0.0046973 secs] 911117K->876685K(1281400K), 0.0047586 secs] [Times: user=0.01 sys=0.00, real=0.00 secs] 
2020-10-28T12:48:48.777+0000: [GC (Allocation Failure) 2020-10-28T12:48:48.777+0000: [ParNew: 34438K->6K(38720K), 0.0046874 secs] 911117K->876685K(1281400K), 0.0047484 secs] [Times: user=0.01 sys=0.00, real=0.01 secs] 
2020-10-28T12:48:48.830+0000: [GC (Allocation Failure) 2020-10-28T12:48:48.830+0000: [ParNew: 34438K->6K(38720K), 0.0047056 secs] 911117K->876685K(1281400K), 0.0047679 secs] [Times: user=0.01 sys=0.00, real=0.00 secs] 
2020-10-28T12:48:48.878+0000: [GC (Allocation Failure) 2020-10-28T12:48:48.878+0000: [ParNew: 34438K->6K(38720K), 0.0113369 secs] 911117K->876685K(1281400K), 0.0114004 secs] [Times: user=0.01 sys=0.00, real=0.01 secs] 
2020-10-28T12:48:48.942+0000: [GC (Allocation Failure) 2020-10-28T12:48:48.942+0000: [ParNew: 34438K->6K(38720K), 0.0054199 secs] 911117K->876685K(1281400K), 0.0054799 secs] [Times: user=0.01 sys=0.00, real=0.01 secs] 
2020-10-28T12:48:48.947+0000: [CMS-concurrent-abortable-preclean: 0.069/1.043 secs] [Times: user=1.92 sys=0.07, real=1.05 secs] 
2020-10-28T12:48:48.962+0000: [GC (CMS Final Remark) [YG occupancy: 2709 K (38720 K)]2020-10-28T12:48:48.962+0000: [Rescan (parallel) , 0.0042725 secs]2020-10-28T12:48:48.966+0000: [weak refs processing, 0.0000338 secs]2020-10-28T12:48:48.966+0000: [class unloading, 0.0085852 secs]2020-10-28T12:48:48.974+0000: [scrub symbol table, 0.0084538 secs]2020-10-28T12:48:48.983+0000: [scrub string table, 0.0006373 secs][1 CMS-remark: 876679K(1242680K)] 879389K(1281400K), 0.0220962 secs] [Times: user=0.03 sys=0.00, real=0.02 secs] 
2020-10-28T12:48:48.997+0000: [CMS-concurrent-sweep-start]
2020-10-28T12:48:49.037+0000: [CMS-concurrent-sweep: 0.040/0.040 secs] [Times: user=0.08 sys=0.00, real=0.04 secs] 
2020-10-28T12:48:49.047+0000: [CMS-concurrent-reset-start]
2020-10-28T12:48:49.082+0000: [GC (Allocation Failure) 2020-10-28T12:48:49.082+0000: [ParNew: 34438K->24K(38720K), 0.0142321 secs] 911117K->876703K(1499856K), 0.0142944 secs] [Times: user=0.03 sys=0.00, real=0.01 secs] 
2020-10-28T12:48:49.099+0000: [CMS-concurrent-reset: 0.038/0.052 secs] [Times: user=0.11 sys=0.00, real=0.05 secs] 
2020-10-28T12:48:49.218+0000: [GC (Allocation Failure) 2020-10-28T12:48:49.218+0000: [ParNew: 34456K->7K(38720K), 0.0116807 secs] 911135K->876687K(1499856K), 0.0117532 secs] [Times: user=0.03 sys=0.00, real=0.01 secs] 
2020-10-28T12:48:49.322+0000: [GC (Allocation Failure) 2020-10-28T12:48:49.322+0000: [ParNew: 34439K->8K(38720K), 0.0082730 secs] 911119K->876687K(1499856K), 0.0083410 secs] [Times: user=0.01 sys=0.00, real=0.01 secs] 
2020-10-28T12:48:49.448+0000: [GC (Allocation Failure) 2020-10-28T12:48:49.448+0000: [ParNew: 34440K->8K(38720K), 0.0149804 secs] 911119K->876687K(1499856K), 0.0150699 secs] [Times: user=0.03 sys=0.00, real=0.01 secs] 
2020-10-28T12:48:49.574+0000: [GC (Allocation Failure) 2020-10-28T12:48:49.574+0000: [ParNew: 34440K->6K(38720K), 0.0079533 secs] 911119K->876686K(1499856K), 0.0080159 secs] [Times: user=0.02 sys=0.00, real=0.01 secs] 
2020-10-28T12:48:49.794+0000: [GC (Allocation Failure) 2020-10-28T12:48:49.794+0000: [ParNew: 34438K->7K(38720K), 0.0057781 secs] 911118K->876687K(1499856K), 0.0058607 secs] [Times: user=0.02 sys=0.00, real=0.01 secs] 
2020-10-28T12:48:50.002+0000: [GC (Allocation Failure) 2020-10-28T12:48:50.002+0000: [ParNew: 34439K->6K(38720K), 0.0058188 secs] 911119K->876686K(1499856K), 0.0058811 secs] [Times: user=0.01 sys=0.00, real=0.01 secs] 
2020-10-28T12:48:50.211+0000: [GC (Allocation Failure) 2020-10-28T12:48:50.211+0000: [ParNew: 34438K->6K(38720K), 0.0056991 secs] 911118K->876686K(1499856K), 0.0057811 secs] [Times: user=0.01 sys=0.00, real=0.00 secs] 
2020-10-28T12:48:50.446+0000: [GC (Allocation Failure) 2020-10-28T12:48:50.446+0000: [ParNew: 34438K->6K(38720K), 0.0058202 secs] 911118K->876686K(1499856K), 0.0058812 secs] [Times: user=0.01 sys=0.00, real=0.00 secs] 
2020-10-28T12:48:51.628+0000: [GC (Allocation Failure) 2020-10-28T12:48:51.628+0000: [ParNew: 34438K->184K(38720K), 0.0059794 secs] 911118K->876866K(1499856K), 0.0060513 secs] [Times: user=0.02 sys=0.00, real=0.00 secs] 
2020-10-28T12:48:51.890+0000: [GC (Allocation Failure) 2020-10-28T12:48:51.890+0000: [ParNew: 34616K->52K(38720K), 0.0058431 secs] 911298K->876735K(1499856K), 0.0059070 secs] [Times: user=0.01 sys=0.00, real=0.00 secs] 
2020-10-28T12:48:52.053+0000: [GC (Allocation Failure) 2020-10-28T12:48:52.053+0000: [ParNew: 34484K->49K(38720K), 0.0059261 secs] 911167K->876732K(1499856K), 0.0060116 secs] [Times: user=0.02 sys=0.00, real=0.01 secs] 
2020-10-28T12:48:52.202+0000: [GC (Allocation Failure) 2020-10-28T12:48:52.202+0000: [ParNew: 34481K->47K(38720K), 0.0059180 secs] 911164K->876730K(1499856K), 0.0059832 secs] [Times: user=0.01 sys=0.00, real=0.01 secs] 
2020-10-28T12:48:52.334+0000: [GC (Allocation Failure) 2020-10-28T12:48:52.334+0000: [ParNew: 34479K->51K(38720K), 0.0061552 secs] 911162K->876735K(1499856K), 0.0062194 secs] [Times: user=0.01 sys=0.00, real=0.01 secs] 
2020-10-28T12:48:52.437+0000: [GC (Allocation Failure) 2020-10-28T12:48:52.437+0000: [ParNew: 34484K->52K(38720K), 0.0058500 secs] 911167K->876737K(1499856K), 0.0059118 secs] [Times: user=0.01 sys=0.00, real=0.01 secs] 
2020-10-28T12:48:52.559+0000: [GC (Allocation Failure) 2020-10-28T12:48:52.559+0000: [ParNew: 34484K->34K(38720K), 0.0060353 secs] 911169K->876749K(1499856K), 0.0060979 secs] [Times: user=0.02 sys=0.00, real=0.00 secs] 
2020-10-28T12:48:52.656+0000: [GC (Allocation Failure) 2020-10-28T12:48:52.656+0000: [ParNew: 34466K->9K(38720K), 0.0057695 secs] 911181K->876726K(1499856K), 0.0058351 secs] [Times: user=0.01 sys=0.00, real=0.01 secs] 
2020-10-28T12:48:52.734+0000: [GC (Allocation Failure) 2020-10-28T12:48:52.734+0000: [ParNew: 34441K->4K(38720K), 0.0056817 secs] 911158K->876722K(1499856K), 0.0057441 secs] [Times: user=0.01 sys=0.00, real=0.01 secs] 
2020-10-28T12:48:52.824+0000: [GC (Allocation Failure) 2020-10-28T12:48:52.824+0000: [ParNew: 34436K->4K(38720K), 0.0056718 secs] 911154K->876722K(1499856K), 0.0057357 secs] [Times: user=0.02 sys=0.00, real=0.01 secs] 
2020-10-28T12:48:52.881+0000: [GC (Allocation Failure) 2020-10-28T12:48:52.881+0000: [ParNew: 34436K->4K(38720K), 0.0056979 secs] 911154K->876722K(1499856K), 0.0057607 secs] [Times: user=0.01 sys=0.00, real=0.01 secs] 
2020-10-28T12:48:52.929+0000: [GC (Allocation Failure) 2020-10-28T12:48:52.929+0000: [ParNew: 34436K->4K(38720K), 0.0056875 secs] 911154K->876722K(1499856K), 0.0057498 secs] [Times: user=0.01 sys=0.00, real=0.00 secs] 
2020-10-28T12:48:52.985+0000: [GC (Allocation Failure) 2020-10-28T12:48:52.985+0000: [ParNew: 34436K->4K(38720K), 0.0057108 secs] 911154K->876722K(1499856K), 0.0057983 secs] [Times: user=0.02 sys=0.00, real=0.00 secs] 
2020-10-28T12:48:53.044+0000: [GC (Allocation Failure) 2020-10-28T12:48:53.044+0000: [ParNew: 34436K->4K(38720K), 0.0057741 secs] 911154K->876723K(1499856K), 0.0058372 secs] [Times: user=0.01 sys=0.00, real=0.01 secs] 
2020-10-28T12:48:53.094+0000: [GC (Allocation Failure) 2020-10-28T12:48:53.094+0000: [ParNew: 34436K->4K(38720K), 0.0057210 secs] 911155K->876723K(1499856K), 0.0057834 secs] [Times: user=0.01 sys=0.00, real=0.01 secs] 
2020-10-28T12:48:53.141+0000: [GC (Allocation Failure) 2020-10-28T12:48:53.141+0000: [ParNew: 34436K->4K(38720K), 0.0056928 secs] 911155K->876723K(1499856K), 0.0057549 secs] [Times: user=0.01 sys=0.00, real=0.01 secs] 
2020-10-28T12:48:53.190+0000: [GC (Allocation Failure) 2020-10-28T12:48:53.190+0000: [ParNew: 34436K->2K(38720K), 0.0056472 secs] 911155K->876721K(1499856K), 0.0057199 secs] [Times: user=0.01 sys=0.00, real=0.00 secs] 
2020-10-28T12:48:53.238+0000: [GC (Allocation Failure) 2020-10-28T12:48:53.238+0000: [ParNew: 34434K->4K(38720K), 0.0056745 secs] 911153K->876723K(1499856K), 0.0057376 secs] [Times: user=0.01 sys=0.00, real=0.00 secs] 
2020-10-28T12:48:53.286+0000: [GC (Allocation Failure) 2020-10-28T12:48:53.286+0000: [ParNew: 34436K->4K(38720K), 0.0058090 secs] 911155K->876723K(1499856K), 0.0058727 secs] [Times: user=0.01 sys=0.00, real=0.00 secs] 
2020-10-28T12:48:53.338+0000: [GC (Allocation Failure) 2020-10-28T12:48:53.338+0000: [ParNew: 34436K->4K(38720K), 0.0058028 secs] 911155K->876723K(1499856K), 0.0058639 secs] [Times: user=0.01 sys=0.00, real=0.00 secs] 
2020-10-28T12:48:53.391+0000: [GC (Allocation Failure) 2020-10-28T12:48:53.391+0000: [ParNew: 34436K->4K(38720K), 0.0057019 secs] 911155K->876723K(1499856K), 0.0057650 secs] [Times: user=0.01 sys=0.00, real=0.00 secs] 
2020-10-28T12:48:53.439+0000: [GC (Allocation Failure) 2020-10-28T12:48:53.439+0000: [ParNew: 34436K->4K(38720K), 0.0056516 secs] 911155K->876723K(1499856K), 0.0057151 secs] [Times: user=0.01 sys=0.00, real=0.00 secs] 
2020-10-28T12:48:53.491+0000: [GC (Allocation Failure) 2020-10-28T12:48:53.491+0000: [ParNew: 34436K->4K(38720K), 0.0056793 secs] 911155K->876723K(1499856K), 0.0057417 secs] [Times: user=0.01 sys=0.00, real=0.00 secs] 
2020-10-28T12:48:53.542+0000: [GC (Allocation Failure) 2020-10-28T12:48:53.542+0000: [ParNew: 34436K->4K(38720K), 0.0056527 secs] 911155K->876723K(1499856K), 0.0057158 secs] [Times: user=0.01 sys=0.00, real=0.01 secs] 
2020-10-28T12:48:53.606+0000: [GC (Allocation Failure) 2020-10-28T12:48:53.606+0000: [ParNew: 34436K->2K(38720K), 0.0098457 secs] 911155K->876721K(1499856K), 0.0099228 secs] [Times: user=0.01 sys=0.00, real=0.00 secs] 
2020-10-28T12:48:53.658+0000: [GC (Allocation Failure) 2020-10-28T12:48:53.658+0000: [ParNew: 34434K->2K(38720K), 0.0056922 secs] 911153K->876721K(1499856K), 0.0057586 secs] [Times: user=0.01 sys=0.00, real=0.00 secs] 
2020-10-28T12:48:53.710+0000: [GC (Allocation Failure) 2020-10-28T12:48:53.710+0000: [ParNew: 34434K->4K(38720K), 0.0057202 secs] 911153K->876723K(1499856K), 0.0057798 secs] [Times: user=0.01 sys=0.00, real=0.00 secs] 
2020-10-28T12:48:53.757+0000: [GC (Allocation Failure) 2020-10-28T12:48:53.757+0000: [ParNew: 34436K->2K(38720K), 0.0057712 secs] 911155K->876721K(1499856K), 0.0058316 secs] [Times: user=0.01 sys=0.00, real=0.01 secs] 
2020-10-28T12:48:53.805+0000: [GC (Allocation Failure) 2020-10-28T12:48:53.805+0000: [ParNew: 34434K->4K(38720K), 0.0056891 secs] 911153K->876723K(1499856K), 0.0057507 secs] [Times: user=0.01 sys=0.00, real=0.01 secs] 
2020-10-28T12:48:53.853+0000: [GC (Allocation Failure) 2020-10-28T12:48:53.853+0000: [ParNew: 34436K->2K(38720K), 0.0057565 secs] 911155K->876721K(1499856K), 0.0058204 secs] [Times: user=0.01 sys=0.00, real=0.01 secs] 
2020-10-28T12:48:53.903+0000: [GC (Allocation Failure) 2020-10-28T12:48:53.903+0000: [ParNew: 34434K->4K(38720K), 0.0057393 secs] 911153K->876723K(1499856K), 0.0058035 secs] [Times: user=0.01 sys=0.00, real=0.01 secs] 
2020-10-28T12:48:53.950+0000: [GC (Allocation Failure) 2020-10-28T12:48:53.950+0000: [ParNew: 34436K->4K(38720K), 0.0056810 secs] 911155K->876723K(1499856K), 0.0057449 secs] [Times: user=0.02 sys=0.00, real=0.00 secs] 
2020-10-28T12:48:54.002+0000: [GC (Allocation Failure) 2020-10-28T12:48:54.002+0000: [ParNew: 34436K->4K(38720K), 0.0057548 secs] 911155K->876723K(1499856K), 0.0058185 secs] [Times: user=0.01 sys=0.00, real=0.01 secs] 
2020-10-28T12:48:54.050+0000: [GC (Allocation Failure) 2020-10-28T12:48:54.050+0000: [ParNew: 34436K->4K(38720K), 0.0057010 secs] 911155K->876723K(1499856K), 0.0057655 secs] [Times: user=0.01 sys=0.00, real=0.00 secs] 
2020-10-28T12:48:54.098+0000: [GC (Allocation Failure) 2020-10-28T12:48:54.098+0000: [ParNew: 34436K->4K(38720K), 0.0056816 secs] 911155K->876723K(1499856K), 0.0057435 secs] [Times: user=0.01 sys=0.00, real=0.00 secs] 
2020-10-28T12:48:54.145+0000: [GC (Allocation Failure) 2020-10-28T12:48:54.145+0000: [ParNew: 34436K->2K(38720K), 0.0057568 secs] 911155K->876721K(1499856K), 0.0058319 secs] [Times: user=0.02 sys=0.00, real=0.01 secs] 
2020-10-28T12:48:54.197+0000: [GC (Allocation Failure) 2020-10-28T12:48:54.197+0000: [ParNew: 34434K->4K(38720K), 0.0056829 secs] 911153K->876723K(1499856K), 0.0057446 secs] [Times: user=0.01 sys=0.00, real=0.01 secs] 
2020-10-28T12:48:54.246+0000: [GC (Allocation Failure) 2020-10-28T12:48:54.246+0000: [ParNew: 34436K->2K(38720K), 0.0057094 secs] 911155K->876721K(1499856K), 0.0057720 secs] [Times: user=0.01 sys=0.00, real=0.00 secs] 
2020-10-28T12:48:54.294+0000: [GC (Allocation Failure) 2020-10-28T12:48:54.294+0000: [ParNew: 34434K->4K(38720K), 0.0056544 secs] 911153K->876723K(1499856K), 0.0057160 secs] [Times: user=0.01 sys=0.00, real=0.01 secs] 
2020-10-28T12:48:54.346+0000: [GC (Allocation Failure) 2020-10-28T12:48:54.346+0000: [ParNew: 34436K->2K(38720K), 0.0058587 secs] 911155K->876721K(1499856K), 0.0059206 secs] [Times: user=0.01 sys=0.00, real=0.00 secs] 
2020-10-28T12:48:54.393+0000: [GC (Allocation Failure) 2020-10-28T12:48:54.393+0000: [ParNew: 34434K->4K(38720K), 0.0056773 secs] 911153K->876723K(1499856K), 0.0057383 secs] [Times: user=0.01 sys=0.00, real=0.01 secs] 
2020-10-28T12:48:54.442+0000: [GC (Allocation Failure) 2020-10-28T12:48:54.442+0000: [ParNew: 34436K->4K(38720K), 0.0056514 secs] 911155K->876723K(1499856K), 0.0057119 secs] [Times: user=0.01 sys=0.00, real=0.01 secs] 
2020-10-28T12:48:54.493+0000: [GC (Allocation Failure) 2020-10-28T12:48:54.493+0000: [ParNew: 34436K->4K(38720K), 0.0056739 secs] 911155K->876723K(1499856K), 0.0057350 secs] [Times: user=0.01 sys=0.00, real=0.01 secs] 
2020-10-28T12:48:54.542+0000: [GC (Allocation Failure) 2020-10-28T12:48:54.542+0000: [ParNew: 34436K->4K(38720K), 0.0056913 secs] 911155K->876723K(1499856K), 0.0057531 secs] [Times: user=0.02 sys=0.00, real=0.01 secs] 
2020-10-28T12:48:54.590+0000: [GC (GCLocker Initiated GC) 2020-10-28T12:48:54.590+0000: [ParNew: 34436K->4K(38720K), 0.0056999 secs] 911155K->876723K(1499856K), 0.0057620 secs] [Times: user=0.01 sys=0.00, real=0.00 secs] 
2020-10-28T12:48:54.642+0000: [GC (Allocation Failure) 2020-10-28T12:48:54.642+0000: [ParNew: 34436K->4K(38720K), 0.0056390 secs] 911155K->876723K(1499856K), 0.0057006 secs] [Times: user=0.01 sys=0.00, real=0.01 secs] 
2020-10-28T12:48:54.690+0000: [GC (Allocation Failure) 2020-10-28T12:48:54.690+0000: [ParNew: 34436K->4K(38720K), 0.0056703 secs] 911155K->876723K(1499856K), 0.0057316 secs] [Times: user=0.01 sys=0.00, real=0.00 secs] 
2020-10-28T12:48:54.742+0000: [GC (Allocation Failure) 2020-10-28T12:48:54.742+0000: [ParNew: 34436K->4K(38720K), 0.0056470 secs] 911155K->876723K(1499856K), 0.0057102 secs] [Times: user=0.02 sys=0.00, real=0.01 secs] 
2020-10-28T12:48:54.793+0000: [GC (Allocation Failure) 2020-10-28T12:48:54.793+0000: [ParNew: 34436K->4K(38720K), 0.0057295 secs] 911155K->876723K(1499856K), 0.0057908 secs] [Times: user=0.01 sys=0.00, real=0.01 secs] 
2020-10-28T12:48:54.841+0000: [GC (Allocation Failure) 2020-10-28T12:48:54.841+0000: [ParNew: 34436K->4K(38720K), 0.0056703 secs] 911155K->876723K(1499856K), 0.0057326 secs] [Times: user=0.01 sys=0.00, real=0.01 secs] 
2020-10-28T12:48:54.894+0000: [GC (Allocation Failure) 2020-10-28T12:48:54.894+0000: [ParNew: 34436K->4K(38720K), 0.0056579 secs] 911155K->876723K(1499856K), 0.0057176 secs] [Times: user=0.01 sys=0.00, real=0.01 secs] 
2020-10-28T12:48:54.946+0000: [GC (Allocation Failure) 2020-10-28T12:48:54.946+0000: [ParNew: 34436K->4K(38720K), 0.0056638 secs] 911155K->876723K(1499856K), 0.0057247 secs] [Times: user=0.01 sys=0.00, real=0.00 secs] 
2020-10-28T12:48:54.994+0000: [GC (Allocation Failure) 2020-10-28T12:48:54.994+0000: [ParNew: 34436K->4K(38720K), 0.0056885 secs] 911155K->876723K(1499856K), 0.0057511 secs] [Times: user=0.01 sys=0.00, real=0.01 secs] 
2020-10-28T12:48:55.042+0000: [GC (Allocation Failure) 2020-10-28T12:48:55.042+0000: [ParNew: 34436K->4K(38720K), 0.0057306 secs] 911155K->876723K(1499856K), 0.0057915 secs] [Times: user=0.01 sys=0.00, real=0.01 secs] 
2020-10-28T12:48:55.089+0000: [GC (Allocation Failure) 2020-10-28T12:48:55.089+0000: [ParNew: 34436K->4K(38720K), 0.0056461 secs] 911155K->876723K(1499856K), 0.0057067 secs] [Times: user=0.02 sys=0.00, real=0.00 secs] 
2020-10-28T12:48:55.138+0000: [GC (Allocation Failure) 2020-10-28T12:48:55.138+0000: [ParNew: 34436K->4K(38720K), 0.0056481 secs] 911155K->876723K(1499856K), 0.0057098 secs] [Times: user=0.01 sys=0.00, real=0.00 secs] 
2020-10-28T12:48:55.185+0000: [GC (Allocation Failure) 2020-10-28T12:48:55.185+0000: [ParNew: 34436K->4K(38720K), 0.0057729 secs] 911155K->876723K(1499856K), 0.0058327 secs] [Times: user=0.01 sys=0.00, real=0.01 secs] 
2020-10-28T12:48:55.233+0000: [GC (Allocation Failure) 2020-10-28T12:48:55.233+0000: [ParNew: 34436K->4K(38720K), 0.0057413 secs] 911155K->876723K(1499856K), 0.0058030 secs] [Times: user=0.01 sys=0.00, real=0.01 secs] 
2020-10-28T12:48:55.291+0000: [GC (Allocation Failure) 2020-10-28T12:48:55.291+0000: [ParNew: 34436K->4K(38720K), 0.0056672 secs] 911155K->876723K(1499856K), 0.0057293 secs] [Times: user=0.01 sys=0.00, real=0.00 secs] 
2020-10-28T12:48:55.346+0000: [GC (Allocation Failure) 2020-10-28T12:48:55.346+0000: [ParNew: 34436K->2K(38720K), 0.0057769 secs] 911155K->876721K(1499856K), 0.0058404 secs] [Times: user=0.01 sys=0.00, real=0.00 secs] 
2020-10-28T12:48:55.393+0000: [GC (Allocation Failure) 2020-10-28T12:48:55.393+0000: [ParNew: 34434K->4K(38720K), 0.0056867 secs] 911153K->876723K(1499856K), 0.0057486 secs] [Times: user=0.01 sys=0.00, real=0.01 secs] 
2020-10-28T12:48:55.445+0000: [GC (Allocation Failure) 2020-10-28T12:48:55.445+0000: [ParNew: 34436K->4K(38720K), 0.0057077 secs] 911155K->876723K(1499856K), 0.0057710 secs] [Times: user=0.01 sys=0.00, real=0.01 secs] 
2020-10-28T12:48:55.493+0000: [GC (GCLocker Initiated GC) 2020-10-28T12:48:55.493+0000: [ParNew: 34436K->2K(38720K), 0.0056513 secs] 911155K->876721K(1499856K), 0.0057121 secs] [Times: user=0.02 sys=0.00, real=0.01 secs] 
2020-10-28T12:48:55.541+0000: [GC (Allocation Failure) 2020-10-28T12:48:55.541+0000: [ParNew: 34434K->4K(38720K), 0.0056547 secs] 911153K->876723K(1499856K), 0.0057162 secs] [Times: user=0.01 sys=0.00, real=0.01 secs] 
2020-10-28T12:48:55.594+0000: [GC (Allocation Failure) 2020-10-28T12:48:55.594+0000: [ParNew: 34436K->4K(38720K), 0.0056888 secs] 911155K->876723K(1499856K), 0.0057531 secs] [Times: user=0.01 sys=0.00, real=0.01 secs] 
2020-10-28T12:48:55.641+0000: [GC (Allocation Failure) 2020-10-28T12:48:55.641+0000: [ParNew: 34436K->4K(38720K), 0.0056765 secs] 911155K->876723K(1499856K), 0.0057379 secs] [Times: user=0.01 sys=0.00, real=0.01 secs] 
2020-10-28T12:48:55.689+0000: [GC (Allocation Failure) 2020-10-28T12:48:55.689+0000: [ParNew: 34436K->4K(38720K), 0.0056854 secs] 911155K->876723K(1499856K), 0.0057473 secs] [Times: user=0.01 sys=0.00, real=0.00 secs] 
2020-10-28T12:48:55.745+0000: [GC (Allocation Failure) 2020-10-28T12:48:55.745+0000: [ParNew: 34436K->4K(38720K), 0.0057081 secs] 911155K->876723K(1499856K), 0.0057868 secs] [Times: user=0.01 sys=0.00, real=0.01 secs] 
2020-10-28T12:48:55.794+0000: [GC (Allocation Failure) 2020-10-28T12:48:55.794+0000: [ParNew: 34436K->4K(38720K), 0.0056629 secs] 911155K->876723K(1499856K), 0.0057258 secs] [Times: user=0.01 sys=0.00, real=0.01 secs] 
2020-10-28T12:48:55.841+0000: [GC (Allocation Failure) 2020-10-28T12:48:55.841+0000: [ParNew: 34436K->4K(38720K), 0.0056765 secs] 911155K->876723K(1499856K), 0.0057377 secs] [Times: user=0.02 sys=0.00, real=0.01 secs] 
2020-10-28T12:48:55.890+0000: [GC (Allocation Failure) 2020-10-28T12:48:55.890+0000: [ParNew: 34436K->4K(38720K), 0.0056471 secs] 911155K->876723K(1499856K), 0.0057068 secs] [Times: user=0.01 sys=0.00, real=0.00 secs] 
2020-10-28T12:48:55.937+0000: [GC (Allocation Failure) 2020-10-28T12:48:55.937+0000: [ParNew: 34436K->4K(38720K), 0.0056400 secs] 911155K->876723K(1499856K), 0.0057012 secs] [Times: user=0.01 sys=0.00, real=0.01 secs] 
2020-10-28T12:48:55.986+0000: [GC (Allocation Failure) 2020-10-28T12:48:55.986+0000: [ParNew: 34436K->4K(38720K), 0.0056627 secs] 911155K->876723K(1499856K), 0.0057425 secs] [Times: user=0.01 sys=0.00, real=0.00 secs] 
2020-10-28T12:48:56.037+0000: [GC (Allocation Failure) 2020-10-28T12:48:56.037+0000: [ParNew: 34436K->4K(38720K), 0.0056498 secs] 911155K->876723K(1499856K), 0.0057122 secs] [Times: user=0.02 sys=0.00, real=0.01 secs] 
2020-10-28T12:48:56.086+0000: [GC (Allocation Failure) 2020-10-28T12:48:56.086+0000: [ParNew: 34436K->4K(38720K), 0.0056348 secs] 911155K->876723K(1499856K), 0.0056975 secs] [Times: user=0.01 sys=0.00, real=0.00 secs] 
2020-10-28T12:48:56.134+0000: [GC (Allocation Failure) 2020-10-28T12:48:56.134+0000: [ParNew: 34436K->4K(38720K), 0.0056604 secs] 911155K->876723K(1499856K), 0.0057221 secs] [Times: user=0.01 sys=0.00, real=0.01 secs] 
2020-10-28T12:48:56.181+0000: [GC (Allocation Failure) 2020-10-28T12:48:56.181+0000: [ParNew: 34436K->2K(38720K), 0.0057343 secs] 911155K->876721K(1499856K), 0.0057991 secs] [Times: user=0.01 sys=0.00, real=0.01 secs] 
2020-10-28T12:48:56.234+0000: [GC (Allocation Failure) 2020-10-28T12:48:56.234+0000: [ParNew: 34434K->4K(38720K), 0.0057852 secs] 911153K->876723K(1499856K), 0.0058500 secs] [Times: user=0.01 sys=0.00, real=0.01 secs] 
2020-10-28T12:48:56.286+0000: [GC (Allocation Failure) 2020-10-28T12:48:56.286+0000: [ParNew: 34436K->4K(38720K), 0.0056805 secs] 911155K->876723K(1499856K), 0.0057431 secs] [Times: user=0.02 sys=0.00, real=0.00 secs] 
2020-10-28T12:48:56.337+0000: [GC (Allocation Failure) 2020-10-28T12:48:56.338+0000: [ParNew: 34436K->4K(38720K), 0.0060971 secs] 911155K->876723K(1499856K), 0.0062451 secs] [Times: user=0.01 sys=0.00, real=0.01 secs] 
2020-10-28T12:48:56.403+0000: [GC (GCLocker Initiated GC) 2020-10-28T12:48:56.403+0000: [ParNew: 34436K->4K(38720K), 0.0133944 secs] 911155K->876723K(1499856K), 0.0134651 secs] [Times: user=0.01 sys=0.00, real=0.01 secs] 
2020-10-28T12:48:56.470+0000: [GC (Allocation Failure) 2020-10-28T12:48:56.470+0000: [ParNew: 34436K->4K(38720K), 0.0060715 secs] 911155K->876723K(1499856K), 0.0061360 secs] [Times: user=0.01 sys=0.00, real=0.00 secs] 
2020-10-28T12:48:56.521+0000: [GC (GCLocker Initiated GC) 2020-10-28T12:48:56.522+0000: [ParNew: 34436K->4K(38720K), 0.0057195 secs] 911155K->876723K(1499856K), 0.0057919 secs] [Times: user=0.02 sys=0.00, real=0.01 secs] 
2020-10-28T12:48:56.569+0000: [GC (Allocation Failure) 2020-10-28T12:48:56.569+0000: [ParNew: 34436K->4K(38720K), 0.0056958 secs] 911155K->876723K(1499856K), 0.0057574 secs] [Times: user=0.01 sys=0.00, real=0.00 secs] 
2020-10-28T12:48:56.631+0000: [GC (Allocation Failure) 2020-10-28T12:48:56.631+0000: [ParNew: 34436K->4K(38720K), 0.0056611 secs] 911155K->876723K(1499856K), 0.0057216 secs] [Times: user=0.01 sys=0.00, real=0.00 secs] 
2020-10-28T12:48:56.682+0000: [GC (GCLocker Initiated GC) 2020-10-28T12:48:56.682+0000: [ParNew: 34436K->4K(38720K), 0.0056397 secs] 911155K->876723K(1499856K), 0.0057014 secs] [Times: user=0.01 sys=0.00, real=0.01 secs] 
2020-10-28T12:48:56.733+0000: [GC (Allocation Failure) 2020-10-28T12:48:56.733+0000: [ParNew: 34436K->4K(38720K), 0.0056931 secs] 911155K->876723K(1499856K), 0.0057536 secs] [Times: user=0.02 sys=0.00, real=0.01 secs] 
2020-10-28T12:48:56.781+0000: [GC (Allocation Failure) 2020-10-28T12:48:56.781+0000: [ParNew: 34436K->4K(38720K), 0.0056971 secs] 911155K->876723K(1499856K), 0.0057602 secs] [Times: user=0.01 sys=0.00, real=0.01 secs] 
2020-10-28T12:48:56.833+0000: [GC (Allocation Failure) 2020-10-28T12:48:56.833+0000: [ParNew: 34436K->4K(38720K), 0.0056698 secs] 911155K->876723K(1499856K), 0.0057304 secs] [Times: user=0.01 sys=0.00, real=0.01 secs] 
2020-10-28T12:48:56.884+0000: [GC (Allocation Failure) 2020-10-28T12:48:56.884+0000: [ParNew: 34436K->4K(38720K), 0.0056457 secs] 911155K->876723K(1499856K), 0.0057055 secs] [Times: user=0.02 sys=0.00, real=0.01 secs] 
2020-10-28T12:48:56.931+0000: [GC (Allocation Failure) 2020-10-28T12:48:56.931+0000: [ParNew: 34436K->4K(38720K), 0.0056530 secs] 911155K->876723K(1499856K), 0.0057163 secs] [Times: user=0.01 sys=0.00, real=0.00 secs] 
2020-10-28T12:48:56.985+0000: [GC (Allocation Failure) 2020-10-28T12:48:56.985+0000: [ParNew: 34436K->4K(38720K), 0.0057146 secs] 911155K->876723K(1499856K), 0.0057800 secs] [Times: user=0.01 sys=0.00, real=0.01 secs] 
2020-10-28T12:48:57.034+0000: [GC (Allocation Failure) 2020-10-28T12:48:57.034+0000: [ParNew: 34436K->4K(38720K), 0.0056873 secs] 911155K->876723K(1499856K), 0.0057498 secs] [Times: user=0.01 sys=0.00, real=0.01 secs] 
2020-10-28T12:48:57.081+0000: [GC (Allocation Failure) 2020-10-28T12:48:57.081+0000: [ParNew: 34436K->4K(38720K), 0.0057046 secs] 911155K->876723K(1499856K), 0.0057668 secs] [Times: user=0.01 sys=0.00, real=0.01 secs] 
2020-10-28T12:48:57.129+0000: [GC (Allocation Failure) 2020-10-28T12:48:57.129+0000: [ParNew: 34436K->4K(38720K), 0.0056738 secs] 911155K->876723K(1499856K), 0.0057492 secs] [Times: user=0.02 sys=0.00, real=0.00 secs] 
2020-10-28T12:48:57.178+0000: [GC (GCLocker Initiated GC) 2020-10-28T12:48:57.178+0000: [ParNew: 34436K->4K(38720K), 0.0056658 secs] 911155K->876723K(1499856K), 0.0057277 secs] [Times: user=0.01 sys=0.00, real=0.00 secs] 
2020-10-28T12:48:57.226+0000: [GC (Allocation Failure) 2020-10-28T12:48:57.226+0000: [ParNew: 34436K->4K(38720K), 0.0056927 secs] 911155K->876723K(1499856K), 0.0057524 secs] [Times: user=0.01 sys=0.00, real=0.00 secs] 
2020-10-28T12:48:57.277+0000: [GC (Allocation Failure) 2020-10-28T12:48:57.277+0000: [ParNew: 34436K->4K(38720K), 0.0057211 secs] 911155K->876723K(1499856K), 0.0057828 secs] [Times: user=0.02 sys=0.00, real=0.01 secs] 
2020-10-28T12:48:57.329+0000: [GC (Allocation Failure) 2020-10-28T12:48:57.329+0000: [ParNew: 34436K->4K(38720K), 0.0059431 secs] 911155K->876723K(1499856K), 0.0060039 secs] [Times: user=0.01 sys=0.00, real=0.00 secs] 
2020-10-28T12:48:57.378+0000: [GC (Allocation Failure) 2020-10-28T12:48:57.378+0000: [ParNew: 34436K->2K(38720K), 0.0057299 secs] 911155K->876721K(1499856K), 0.0057914 secs] [Times: user=0.01 sys=0.00, real=0.00 secs] 
2020-10-28T12:48:57.426+0000: [GC (GCLocker Initiated GC) 2020-10-28T12:48:57.426+0000: [ParNew: 34434K->4K(38720K), 0.0057762 secs] 911153K->876723K(1499856K), 0.0058386 secs] [Times: user=0.01 sys=0.00, real=0.00 secs] 
2020-10-28T12:48:57.518+0000: [GC (Allocation Failure) 2020-10-28T12:48:57.518+0000: [ParNew: 34436K->12K(38720K), 0.0058086 secs] 911155K->876732K(1499856K), 0.0058965 secs] [Times: user=0.01 sys=0.00, real=0.00 secs] 
2020-10-28T12:48:57.585+0000: [GC (Allocation Failure) 2020-10-28T12:48:57.585+0000: [ParNew: 34444K->12K(38720K), 0.0057865 secs] 911164K->876731K(1499856K), 0.0058723 secs] [Times: user=0.02 sys=0.00, real=0.01 secs] 
2020-10-28T12:48:57.666+0000: [GC (Allocation Failure) 2020-10-28T12:48:57.666+0000: [ParNew: 34444K->11K(38720K), 0.0057446 secs] 911163K->876730K(1499856K), 0.0058093 secs] [Times: user=0.02 sys=0.00, real=0.00 secs] 
2020-10-28T12:48:57.728+0000: [GC (Allocation Failure) 2020-10-28T12:48:57.728+0000: [ParNew: 34443K->12K(38720K), 0.0065517 secs] 911162K->876732K(1499856K), 0.0066163 secs] [Times: user=0.02 sys=0.00, real=0.00 secs] 
2020-10-28T12:48:58.958+0000: [GC (Allocation Failure) 2020-10-28T12:48:58.958+0000: [ParNew: 34444K->1426K(38720K), 0.0092206 secs] 911164K->878146K(1499856K), 0.0092966 secs] [Times: user=0.02 sys=0.01, real=0.01 secs] 
2020-10-28T12:48:59.305+0000: [GC (Allocation Failure) 2020-10-28T12:48:59.305+0000: [ParNew: 35858K->3486K(38720K), 0.0110739 secs] 912578K->880205K(1499856K), 0.0111422 secs] [Times: user=0.02 sys=0.00, real=0.01 secs] 
2020-10-28T12:48:59.387+0000: [GC (Allocation Failure) 2020-10-28T12:48:59.387+0000: [ParNew: 37918K->1994K(38720K), 0.0138776 secs] 914637K->881572K(1499856K), 0.0139437 secs] [Times: user=0.03 sys=0.00, real=0.01 secs] 
2020-10-28T12:48:59.458+0000: [GC (Allocation Failure) 2020-10-28T12:48:59.458+0000: [ParNew: 36426K->1715K(38720K), 0.0063388 secs] 916004K->881293K(1499856K), 0.0064023 secs] [Times: user=0.01 sys=0.00, real=0.00 secs] 
2020-10-28T12:48:59.522+0000: [GC (Allocation Failure) 2020-10-28T12:48:59.522+0000: [ParNew: 36147K->1774K(38720K), 0.0060240 secs] 915725K->881352K(1499856K), 0.0060891 secs] [Times: user=0.01 sys=0.00, real=0.01 secs] 
2020-10-28T12:48:59.590+0000: [GC (Allocation Failure) 2020-10-28T12:48:59.590+0000: [ParNew: 36206K->1724K(38720K), 0.0062987 secs] 915784K->881302K(1499856K), 0.0063625 secs] [Times: user=0.01 sys=0.00, real=0.00 secs] 
2020-10-28T12:48:59.660+0000: [GC (Allocation Failure) 2020-10-28T12:48:59.660+0000: [ParNew: 36156K->2332K(38720K), 0.0062262 secs] 915734K->881910K(1499856K), 0.0062911 secs] [Times: user=0.01 sys=0.00, real=0.01 secs] 
2020-10-28T12:48:59.735+0000: [GC (Allocation Failure) 2020-10-28T12:48:59.735+0000: [ParNew: 36764K->2461K(38720K), 0.0064337 secs] 916342K->882551K(1499856K), 0.0064975 secs] [Times: user=0.01 sys=0.00, real=0.01 secs] 
2020-10-28T12:48:59.790+0000: [GC (Allocation Failure) 2020-10-28T12:48:59.790+0000: [ParNew: 36893K->2311K(38720K), 0.0064950 secs] 916983K->883570K(1499856K), 0.0065597 secs] [Times: user=0.01 sys=0.00, real=0.00 secs] 
2020-10-28T12:48:59.853+0000: [GC (Allocation Failure) 2020-10-28T12:48:59.853+0000: [ParNew: 36743K->1542K(38720K), 0.0062033 secs] 918002K->883824K(1499856K), 0.0062615 secs] [Times: user=0.01 sys=0.00, real=0.01 secs] 
2020-10-28T12:48:59.904+0000: [GC (Allocation Failure) 2020-10-28T12:48:59.904+0000: [ParNew: 35974K->1542K(38720K), 0.0060017 secs] 918256K->883824K(1499856K), 0.0060632 secs] [Times: user=0.02 sys=0.00, real=0.01 secs] 
2020-10-28T12:48:59.970+0000: [GC (Allocation Failure) 2020-10-28T12:48:59.970+0000: [ParNew: 35974K->1542K(38720K), 0.0060158 secs] 918256K->883824K(1499856K), 0.0060859 secs] [Times: user=0.02 sys=0.00, real=0.00 secs] 
2020-10-28T12:49:00.038+0000: [GC (Allocation Failure) 2020-10-28T12:49:00.038+0000: [ParNew: 35974K->1540K(38720K), 0.0083146 secs] 918256K->883822K(1499856K), 0.0083787 secs] [Times: user=0.02 sys=0.00, real=0.01 secs] 
2020-10-28T12:49:00.136+0000: [GC (Allocation Failure) 2020-10-28T12:49:00.136+0000: [ParNew: 35972K->2054K(38720K), 0.0061818 secs] 918254K->884336K(1499856K), 0.0062669 secs] [Times: user=0.02 sys=0.00, real=0.01 secs] 
2020-10-28T12:49:00.214+0000: [GC (Allocation Failure) 2020-10-28T12:49:00.214+0000: [ParNew: 36486K->3078K(38720K), 0.0077407 secs] 918768K->886384K(1499856K), 0.0078174 secs] [Times: user=0.01 sys=0.00, real=0.01 secs] 
2020-10-28T12:49:00.286+0000: [GC (Allocation Failure) 2020-10-28T12:49:00.286+0000: [ParNew: 37510K->4102K(38720K), 0.0072994 secs] 920816K->890481K(1499856K), 0.0073631 secs] [Times: user=0.01 sys=0.00, real=0.00 secs] 
2020-10-28T12:49:00.353+0000: [GC (Allocation Failure) 2020-10-28T12:49:00.354+0000: [ParNew: 38534K->6K(38720K), 0.0079870 secs] 924913K->890481K(1499856K), 0.0080854 secs] [Times: user=0.01 sys=0.01, real=0.01 secs] 
2020-10-28T12:49:00.418+0000: [GC (Allocation Failure) 2020-10-28T12:49:00.418+0000: [ParNew: 34438K->4K(38720K), 0.0120481 secs] 924913K->890479K(1499856K), 0.0121340 secs] [Times: user=0.02 sys=0.00, real=0.01 secs] 
2020-10-28T12:49:00.486+0000: [GC (Allocation Failure) 2020-10-28T12:49:00.486+0000: [ParNew: 34436K->6K(38720K), 0.0120555 secs] 924911K->890481K(1499856K), 0.0121405 secs] [Times: user=0.02 sys=0.00, real=0.01 secs] 
2020-10-28T12:49:00.554+0000: [GC (Allocation Failure) 2020-10-28T12:49:00.554+0000: [ParNew: 34438K->6K(38720K), 0.0127765 secs] 924913K->890481K(1499856K), 0.0128596 secs] [Times: user=0.02 sys=0.00, real=0.02 secs] 
2020-10-28T12:49:00.630+0000: [GC (Allocation Failure) 2020-10-28T12:49:00.630+0000: [ParNew: 34438K->4K(38720K), 0.0118983 secs] 924913K->890479K(1499856K), 0.0119831 secs] [Times: user=0.02 sys=0.00, real=0.01 secs] 
2020-10-28T12:49:00.719+0000: [GC (Allocation Failure) 2020-10-28T12:49:00.719+0000: [ParNew: 34436K->6K(38720K), 0.0122651 secs] 924911K->890481K(1499856K), 0.0123401 secs] [Times: user=0.02 sys=0.00, real=0.01 secs] 
2020-10-28T12:49:00.790+0000: [GC (Allocation Failure) 2020-10-28T12:49:00.790+0000: [ParNew: 34438K->2052K(38720K), 0.0060825 secs] 924913K->892527K(1499856K), 0.0061451 secs] [Times: user=0.01 sys=0.00, real=0.00 secs] 
2020-10-28T12:49:00.844+0000: [GC (Allocation Failure) 2020-10-28T12:49:00.844+0000: [ParNew: 36484K->2054K(38720K), 0.0063202 secs] 926959K->892529K(1499856K), 0.0063846 secs] [Times: user=0.01 sys=0.00, real=0.01 secs] 
2020-10-28T12:49:00.892+0000: [GC (Allocation Failure) 2020-10-28T12:49:00.892+0000: [ParNew: 36486K->2054K(38720K), 0.0061810 secs] 926961K->892529K(1499856K), 0.0062441 secs] [Times: user=0.01 sys=0.00, real=0.01 secs] 
2020-10-28T12:49:00.944+0000: [GC (Allocation Failure) 2020-10-28T12:49:00.944+0000: [ParNew: 36486K->2054K(38720K), 0.0062269 secs] 926961K->892529K(1499856K), 0.0062904 secs] [Times: user=0.02 sys=0.00, real=0.01 secs] 
2020-10-28T12:49:00.994+0000: [GC (Allocation Failure) 2020-10-28T12:49:00.994+0000: [ParNew: 36486K->2052K(38720K), 0.0061911 secs] 926961K->892527K(1499856K), 0.0062547 secs] [Times: user=0.01 sys=0.00, real=0.01 secs] 
2020-10-28T12:49:01.037+0000: [GC (Allocation Failure) 2020-10-28T12:49:01.038+0000: [ParNew: 36484K->2054K(38720K), 0.0070712 secs] 926959K->896625K(1499856K), 0.0071386 secs] [Times: user=0.01 sys=0.00, real=0.00 secs] 
2020-10-28T12:49:01.086+0000: [GC (Allocation Failure) 2020-10-28T12:49:01.086+0000: [ParNew: 32934K->6K(38720K), 0.0061114 secs] 927505K->896625K(1499856K), 0.0061665 secs] [Times: user=0.01 sys=0.00, real=0.00 secs] 
2020-10-28T12:49:01.128+0000: [GC (Allocation Failure) 2020-10-28T12:49:01.128+0000: [ParNew: 34438K->4102K(38720K), 0.0066763 secs] 931057K->900721K(1499856K), 0.0067421 secs] [Times: user=0.01 sys=0.00, real=0.00 secs] 
2020-10-28T12:49:01.174+0000: [GC (Allocation Failure) 2020-10-28T12:49:01.174+0000: [ParNew: 38534K->4102K(38720K), 0.0075609 secs] 935153K->904818K(1499856K), 0.0076264 secs] [Times: user=0.02 sys=0.00, real=0.01 secs] 
2020-10-28T12:49:01.221+0000: [GC (Allocation Failure) 2020-10-28T12:49:01.222+0000: [ParNew: 38534K->6K(38720K), 0.0067057 secs] 939250K->904818K(1499856K), 0.0067699 secs] [Times: user=0.01 sys=0.00, real=0.01 secs] 
2020-10-28T12:49:01.273+0000: [GC (Allocation Failure) 2020-10-28T12:49:01.273+0000: [ParNew: 34438K->6K(38720K), 0.0057598 secs] 939250K->904818K(1499856K), 0.0058225 secs] [Times: user=0.01 sys=0.00, real=0.01 secs] 
2020-10-28T12:49:01.322+0000: [GC (Allocation Failure) 2020-10-28T12:49:01.322+0000: [ParNew: 34438K->6K(38720K), 0.0057696 secs] 939250K->904818K(1499856K), 0.0058242 secs] [Times: user=0.01 sys=0.00, real=0.01 secs] 
2020-10-28T12:49:01.370+0000: [GC (Allocation Failure) 2020-10-28T12:49:01.370+0000: [ParNew: 34438K->6K(38720K), 0.0057078 secs] 939250K->904818K(1499856K), 0.0057709 secs] [Times: user=0.01 sys=0.00, real=0.00 secs] 
2020-10-28T12:49:01.416+0000: [GC (Allocation Failure) 2020-10-28T12:49:01.416+0000: [ParNew: 34438K->6K(38720K), 0.0057378 secs] 939250K->904818K(1499856K), 0.0057985 secs] [Times: user=0.01 sys=0.00, real=0.01 secs] 
2020-10-28T12:49:01.462+0000: [GC (Allocation Failure) 2020-10-28T12:49:01.462+0000: [ParNew: 34438K->6K(38720K), 0.0057639 secs] 939250K->904818K(1499856K), 0.0058440 secs] [Times: user=0.01 sys=0.00, real=0.01 secs] 
2020-10-28T12:49:01.514+0000: [GC (Allocation Failure) 2020-10-28T12:49:01.514+0000: [ParNew: 34438K->6K(38720K), 0.0057312 secs] 939250K->904818K(1499856K), 0.0057932 secs] [Times: user=0.01 sys=0.00, real=0.01 secs] 
2020-10-28T12:49:01.562+0000: [GC (Allocation Failure) 2020-10-28T12:49:01.562+0000: [ParNew: 34438K->6K(38720K), 0.0057317 secs] 939250K->904818K(1499856K), 0.0057983 secs] [Times: user=0.01 sys=0.00, real=0.01 secs] 
2020-10-28T12:49:01.614+0000: [GC (Allocation Failure) 2020-10-28T12:49:01.614+0000: [ParNew: 34438K->6K(38720K), 0.0057684 secs] 939250K->904818K(1499856K), 0.0058314 secs] [Times: user=0.01 sys=0.00, real=0.01 secs] 
2020-10-28T12:49:01.659+0000: [GC (Allocation Failure) 2020-10-28T12:49:01.659+0000: [ParNew: 34438K->6K(38720K), 0.0057965 secs] 939250K->904818K(1499856K), 0.0058598 secs] [Times: user=0.01 sys=0.00, real=0.00 secs] 
2020-10-28T12:49:01.705+0000: [GC (Allocation Failure) 2020-10-28T12:49:01.705+0000: [ParNew: 34438K->4100K(38720K), 0.0066036 secs] 939250K->908912K(1499856K), 0.0066790 secs] [Times: user=0.01 sys=0.00, real=0.01 secs] 
2020-10-28T12:49:01.753+0000: [GC (Allocation Failure) 2020-10-28T12:49:01.753+0000: [ParNew: 38532K->6K(38720K), 0.0067136 secs] 943344K->908914K(1499856K), 0.0067767 secs] [Times: user=0.02 sys=0.00, real=0.01 secs] 
2020-10-28T12:49:01.800+0000: [GC (Allocation Failure) 2020-10-28T12:49:01.800+0000: [ParNew: 34438K->6K(38720K), 0.0057596 secs] 943346K->908914K(1499856K), 0.0058215 secs] [Times: user=0.01 sys=0.00, real=0.01 secs] 
2020-10-28T12:49:01.851+0000: [GC (Allocation Failure) 2020-10-28T12:49:01.851+0000: [ParNew: 34438K->6K(38720K), 0.0057372 secs] 943346K->908914K(1499856K), 0.0057983 secs] [Times: user=0.01 sys=0.00, real=0.00 secs] 
2020-10-28T12:49:01.901+0000: [GC (Allocation Failure) 2020-10-28T12:49:01.901+0000: [ParNew: 34438K->4K(38720K), 0.0058221 secs] 943346K->908912K(1499856K), 0.0058849 secs] [Times: user=0.02 sys=0.00, real=0.01 secs] 
2020-10-28T12:49:01.954+0000: [GC (Allocation Failure) 2020-10-28T12:49:01.954+0000: [ParNew: 34436K->6K(38720K), 0.0059509 secs] 943344K->908914K(1499856K), 0.0060146 secs] [Times: user=0.02 sys=0.00, real=0.01 secs] 
2020-10-28T12:49:02.002+0000: [GC (Allocation Failure) 2020-10-28T12:49:02.002+0000: [ParNew: 34438K->6K(38720K), 0.0059035 secs] 943346K->908914K(1499856K), 0.0059691 secs] [Times: user=0.02 sys=0.00, real=0.01 secs] 
2020-10-28T12:49:02.054+0000: [GC (Allocation Failure) 2020-10-28T12:49:02.054+0000: [ParNew: 34438K->6K(38720K), 0.0057927 secs] 943346K->908914K(1499856K), 0.0058551 secs] [Times: user=0.01 sys=0.00, real=0.01 secs] 
2020-10-28T12:49:02.104+0000: [GC (Allocation Failure) 2020-10-28T12:49:02.104+0000: [ParNew: 34438K->6K(38720K), 0.0057987 secs] 943346K->908914K(1499856K), 0.0058608 secs] [Times: user=0.01 sys=0.00, real=0.01 secs] 
2020-10-28T12:49:02.150+0000: [GC (Allocation Failure) 2020-10-28T12:49:02.150+0000: [ParNew: 34438K->4K(38720K), 0.0058131 secs] 943346K->908912K(1499856K), 0.0058760 secs] [Times: user=0.02 sys=0.00, real=0.00 secs] 
2020-10-28T12:49:02.196+0000: [GC (Allocation Failure) 2020-10-28T12:49:02.196+0000: [ParNew: 34436K->6K(38720K), 0.0058622 secs] 943344K->908914K(1499856K), 0.0059371 secs] [Times: user=0.01 sys=0.00, real=0.01 secs] 
2020-10-28T12:49:02.246+0000: [GC (Allocation Failure) 2020-10-28T12:49:02.246+0000: [ParNew: 34438K->6K(38720K), 0.0057567 secs] 943346K->908914K(1499856K), 0.0058211 secs] [Times: user=0.01 sys=0.00, real=0.00 secs] 
2020-10-28T12:49:02.298+0000: [GC (Allocation Failure) 2020-10-28T12:49:02.298+0000: [ParNew: 34438K->6K(38720K), 0.0057581 secs] 943346K->908914K(1499856K), 0.0058229 secs] [Times: user=0.02 sys=0.00, real=0.00 secs] 
2020-10-28T12:49:02.343+0000: [GC (Allocation Failure) 2020-10-28T12:49:02.343+0000: [ParNew: 34438K->6K(38720K), 0.0078557 secs] 943346K->917106K(1499856K), 0.0079221 secs] [Times: user=0.01 sys=0.00, real=0.01 secs] 
2020-10-28T12:49:02.392+0000: [GC (Allocation Failure) 2020-10-28T12:49:02.392+0000: [ParNew: 34438K->6K(38720K), 0.0057430 secs] 951538K->917106K(1499856K), 0.0058063 secs] [Times: user=0.01 sys=0.00, real=0.01 secs] 
2020-10-28T12:49:02.442+0000: [GC (Allocation Failure) 2020-10-28T12:49:02.442+0000: [ParNew: 34438K->6K(38720K), 0.0057355 secs] 951538K->917106K(1499856K), 0.0057984 secs] [Times: user=0.01 sys=0.00, real=0.01 secs] 
2020-10-28T12:49:02.488+0000: [GC (Allocation Failure) 2020-10-28T12:49:02.488+0000: [ParNew: 34438K->6K(38720K), 0.0057667 secs] 951538K->917107K(1499856K), 0.0058301 secs] [Times: user=0.01 sys=0.00, real=0.00 secs] 
2020-10-28T12:49:02.530+0000: [GC (Allocation Failure) 2020-10-28T12:49:02.530+0000: [ParNew: 34438K->6K(38720K), 0.0114612 secs] 951539K->925299K(1499856K), 0.0115278 secs] [Times: user=0.02 sys=0.00, real=0.01 secs] 
2020-10-28T12:49:02.583+0000: [GC (Allocation Failure) 2020-10-28T12:49:02.583+0000: [ParNew: 34438K->6K(38720K), 0.0057325 secs] 959731K->925299K(1499856K), 0.0057953 secs] [Times: user=0.01 sys=0.00, real=0.01 secs] 
2020-10-28T12:49:02.633+0000: [GC (Allocation Failure) 2020-10-28T12:49:02.633+0000: [ParNew: 34438K->7K(38720K), 0.0164908 secs] 959731K->925300K(1499856K), 0.0165742 secs] [Times: user=0.01 sys=0.00, real=0.02 secs] 
2020-10-28T12:49:02.698+0000: [GC (Allocation Failure) 2020-10-28T12:49:02.698+0000: [ParNew: 34439K->6K(38720K), 0.0159087 secs] 959732K->933491K(1499856K), 0.0159940 secs] [Times: user=0.02 sys=0.01, real=0.01 secs] 
2020-10-28T12:49:02.766+0000: [GC (Allocation Failure) 2020-10-28T12:49:02.766+0000: [ParNew: 34438K->6K(38720K), 0.0115812 secs] 967923K->933491K(1499856K), 0.0116567 secs] [Times: user=0.01 sys=0.00, real=0.00 secs] 
2020-10-28T12:49:02.818+0000: [GC (Allocation Failure) 2020-10-28T12:49:02.818+0000: [ParNew: 34438K->6K(38720K), 0.0059932 secs] 967923K->933491K(1499856K), 0.0060555 secs] [Times: user=0.01 sys=0.00, real=0.00 secs] 
2020-10-28T12:49:02.869+0000: [GC (Allocation Failure) 2020-10-28T12:49:02.869+0000: [ParNew: 34438K->6K(38720K), 0.0057213 secs] 967923K->933491K(1499856K), 0.0057825 secs] [Times: user=0.01 sys=0.00, real=0.00 secs] 
2020-10-28T12:49:02.914+0000: [GC (Allocation Failure) 2020-10-28T12:49:02.914+0000: [ParNew: 34438K->6K(38720K), 0.0057116 secs] 967923K->933491K(1499856K), 0.0057751 secs] [Times: user=0.01 sys=0.00, real=0.01 secs] 
2020-10-28T12:49:02.964+0000: [GC (Allocation Failure) 2020-10-28T12:49:02.964+0000: [ParNew: 34438K->6K(38720K), 0.0057179 secs] 967923K->933491K(1499856K), 0.0057800 secs] [Times: user=0.01 sys=0.00, real=0.01 secs] 
2020-10-28T12:49:03.014+0000: [GC (Allocation Failure) 2020-10-28T12:49:03.014+0000: [ParNew: 34438K->6K(38720K), 0.0057161 secs] 967923K->933491K(1499856K), 0.0057792 secs] [Times: user=0.01 sys=0.00, real=0.01 secs] 
2020-10-28T12:49:03.060+0000: [GC (Allocation Failure) 2020-10-28T12:49:03.060+0000: [ParNew: 34438K->4K(38720K), 0.0058791 secs] 967923K->933489K(1499856K), 0.0059435 secs] [Times: user=0.01 sys=0.00, real=0.01 secs] 
2020-10-28T12:49:03.113+0000: [GC (Allocation Failure) 2020-10-28T12:49:03.113+0000: [ParNew: 34436K->6K(38720K), 0.0057476 secs] 967921K->933491K(1499856K), 0.0058097 secs] [Times: user=0.01 sys=0.00, real=0.01 secs] 
2020-10-28T12:49:03.162+0000: [GC (Allocation Failure) 2020-10-28T12:49:03.162+0000: [ParNew: 34438K->6K(38720K), 0.0056862 secs] 967923K->933491K(1499856K), 0.0057476 secs] [Times: user=0.01 sys=0.00, real=0.01 secs] 
2020-10-28T12:49:03.213+0000: [GC (Allocation Failure) 2020-10-28T12:49:03.213+0000: [ParNew: 34438K->6K(38720K), 0.0057600 secs] 967923K->933491K(1499856K), 0.0058241 secs] [Times: user=0.01 sys=0.00, real=0.01 secs] 
2020-10-28T12:49:03.256+0000: [GC (Allocation Failure) 2020-10-28T12:49:03.256+0000: [ParNew: 27430K->4K(38720K), 0.0058909 secs] 960916K->933489K(1499856K), 0.0059558 secs] [Times: user=0.02 sys=0.00, real=0.01 secs] 
2020-10-28T12:49:03.294+0000: [GC (Allocation Failure) 2020-10-28T12:49:03.294+0000: [ParNew: 34436K->6K(38720K), 0.0111136 secs] 967921K->941683K(1499856K), 0.0111789 secs] [Times: user=0.02 sys=0.00, real=0.01 secs] 
2020-10-28T12:49:03.353+0000: [GC (Allocation Failure) 2020-10-28T12:49:03.353+0000: [ParNew: 34438K->6K(38720K), 0.0058900 secs] 976115K->941683K(1499856K), 0.0059546 secs] [Times: user=0.01 sys=0.00, real=0.01 secs] 
2020-10-28T12:49:03.402+0000: [GC (Allocation Failure) 2020-10-28T12:49:03.402+0000: [ParNew: 34438K->6K(38720K), 0.0056719 secs] 976115K->941683K(1499856K), 0.0057337 secs] [Times: user=0.01 sys=0.00, real=0.01 secs] 
2020-10-28T12:49:03.450+0000: [GC (Allocation Failure) 2020-10-28T12:49:03.450+0000: [ParNew: 34438K->6K(38720K), 0.0057241 secs] 976115K->941683K(1499856K), 0.0057863 secs] [Times: user=0.01 sys=0.00, real=0.00 secs] 
2020-10-28T12:49:03.500+0000: [GC (Allocation Failure) 2020-10-28T12:49:03.500+0000: [ParNew: 34438K->6K(38720K), 0.0057365 secs] 976115K->941683K(1499856K), 0.0058007 secs] [Times: user=0.01 sys=0.00, real=0.01 secs] 
2020-10-28T12:49:03.549+0000: [GC (Allocation Failure) 2020-10-28T12:49:03.549+0000: [ParNew: 34438K->6K(38720K), 0.0057198 secs] 976115K->941683K(1499856K), 0.0057833 secs] [Times: user=0.01 sys=0.00, real=0.00 secs] 
2020-10-28T12:49:03.597+0000: [GC (Allocation Failure) 2020-10-28T12:49:03.597+0000: [ParNew: 34438K->6K(38720K), 0.0057077 secs] 976115K->941683K(1499856K), 0.0057702 secs] [Times: user=0.01 sys=0.00, real=0.01 secs] 
2020-10-28T12:49:03.647+0000: [GC (Allocation Failure) 2020-10-28T12:49:03.647+0000: [ParNew: 34438K->6K(38720K), 0.0056854 secs] 976115K->941683K(1499856K), 0.0057470 secs] [Times: user=0.01 sys=0.00, real=0.00 secs] 
2020-10-28T12:49:03.698+0000: [GC (Allocation Failure) 2020-10-28T12:49:03.698+0000: [ParNew: 34438K->6K(38720K), 0.0057137 secs] 976115K->941683K(1499856K), 0.0057778 secs] [Times: user=0.01 sys=0.00, real=0.00 secs] 
2020-10-28T12:49:03.746+0000: [GC (Allocation Failure) 2020-10-28T12:49:03.746+0000: [ParNew: 34438K->6K(38720K), 0.0056709 secs] 976115K->941683K(1499856K), 0.0057333 secs] [Times: user=0.01 sys=0.00, real=0.00 secs] 
2020-10-28T12:49:03.792+0000: [GC (Allocation Failure) 2020-10-28T12:49:03.792+0000: [ParNew: 34438K->6K(38720K), 0.0057330 secs] 976115K->941683K(1499856K), 0.0057969 secs] [Times: user=0.01 sys=0.00, real=0.01 secs] 
2020-10-28T12:49:03.842+0000: [GC (Allocation Failure) 2020-10-28T12:49:03.842+0000: [ParNew: 34438K->4K(38720K), 0.0080623 secs] 976115K->941681K(1499856K), 0.0081289 secs] [Times: user=0.01 sys=0.00, real=0.01 secs] 
2020-10-28T12:49:03.892+0000: [GC (Allocation Failure) 2020-10-28T12:49:03.892+0000: [ParNew: 34436K->6K(38720K), 0.0057252 secs] 976113K->941683K(1499856K), 0.0057871 secs] [Times: user=0.01 sys=0.00, real=0.01 secs] 
2020-10-28T12:49:03.938+0000: [GC (Allocation Failure) 2020-10-28T12:49:03.938+0000: [ParNew: 34438K->6K(38720K), 0.0057009 secs] 976115K->941683K(1499856K), 0.0057634 secs] [Times: user=0.01 sys=0.00, real=0.00 secs] 
2020-10-28T12:49:03.990+0000: [GC (Allocation Failure) 2020-10-28T12:49:03.990+0000: [ParNew: 34438K->6K(38720K), 0.0057506 secs] 976115K->941683K(1499856K), 0.0058136 secs] [Times: user=0.02 sys=0.00, real=0.00 secs] 
2020-10-28T12:49:04.038+0000: [GC (Allocation Failure) 2020-10-28T12:49:04.038+0000: [ParNew: 34438K->6K(38720K), 0.0057086 secs] 976115K->941683K(1499856K), 0.0057720 secs] [Times: user=0.01 sys=0.00, real=0.00 secs] 
2020-10-28T12:49:04.090+0000: [GC (Allocation Failure) 2020-10-28T12:49:04.090+0000: [ParNew: 34438K->6K(38720K), 0.0056975 secs] 976115K->941683K(1499856K), 0.0057605 secs] [Times: user=0.01 sys=0.00, real=0.00 secs] 
2020-10-28T12:49:04.135+0000: [GC (Allocation Failure) 2020-10-28T12:49:04.135+0000: [ParNew: 34438K->6K(38720K), 0.0056801 secs] 976115K->941683K(1499856K), 0.0057428 secs] [Times: user=0.01 sys=0.00, real=0.01 secs] 
2020-10-28T12:49:04.185+0000: [GC (Allocation Failure) 2020-10-28T12:49:04.185+0000: [ParNew: 34438K->6K(38720K), 0.0057169 secs] 976115K->941683K(1499856K), 0.0057783 secs] [Times: user=0.02 sys=0.00, real=0.01 secs] 
2020-10-28T12:49:04.235+0000: [GC (Allocation Failure) 2020-10-28T12:49:04.235+0000: [ParNew: 34438K->6K(38720K), 0.0056884 secs] 976115K->941683K(1499856K), 0.0057500 secs] [Times: user=0.01 sys=0.00, real=0.01 secs] 
2020-10-28T12:49:04.282+0000: [GC (Allocation Failure) 2020-10-28T12:49:04.282+0000: [ParNew: 34438K->6K(38720K), 0.0057175 secs] 976115K->941683K(1499856K), 0.0057790 secs] [Times: user=0.01 sys=0.00, real=0.01 secs] 
2020-10-28T12:49:04.328+0000: [GC (Allocation Failure) 2020-10-28T12:49:04.328+0000: [ParNew: 34438K->6K(38720K), 0.0059652 secs] 976115K->941683K(1499856K), 0.0060281 secs] [Times: user=0.01 sys=0.00, real=0.00 secs] 
2020-10-28T12:49:04.378+0000: [GC (Allocation Failure) 2020-10-28T12:49:04.379+0000: [ParNew: 34438K->6K(38720K), 0.0057109 secs] 976115K->941683K(1499856K), 0.0057733 secs] [Times: user=0.01 sys=0.00, real=0.00 secs] 
2020-10-28T12:49:04.430+0000: [GC (Allocation Failure) 2020-10-28T12:49:04.430+0000: [ParNew: 34438K->6K(38720K), 0.0056839 secs] 976115K->941683K(1499856K), 0.0057451 secs] [Times: user=0.01 sys=0.00, real=0.00 secs] 
2020-10-28T12:49:04.478+0000: [GC (Allocation Failure) 2020-10-28T12:49:04.478+0000: [ParNew: 34438K->6K(38720K), 0.0057058 secs] 976115K->941684K(1499856K), 0.0057681 secs] [Times: user=0.01 sys=0.00, real=0.00 secs] 
2020-10-28T12:49:04.527+0000: [GC (Allocation Failure) 2020-10-28T12:49:04.528+0000: [ParNew: 34438K->6K(38720K), 0.0057007 secs] 976116K->941683K(1499856K), 0.0057762 secs] [Times: user=0.01 sys=0.00, real=0.00 secs] 
2020-10-28T12:49:04.573+0000: [GC (Allocation Failure) 2020-10-28T12:49:04.573+0000: [ParNew: 34438K->6K(38720K), 0.0056914 secs] 976115K->941684K(1499856K), 0.0057616 secs] [Times: user=0.00 sys=0.01, real=0.01 secs] 
2020-10-28T12:49:04.624+0000: [GC (Allocation Failure) 2020-10-28T12:49:04.624+0000: [ParNew: 34438K->6K(38720K), 0.0056948 secs] 976116K->941684K(1499856K), 0.0057582 secs] [Times: user=0.01 sys=0.00, real=0.01 secs] 
2020-10-28T12:49:04.670+0000: [GC (Allocation Failure) 2020-10-28T12:49:04.670+0000: [ParNew: 34438K->4K(38720K), 0.0056920 secs] 976116K->941682K(1499856K), 0.0057542 secs] [Times: user=0.01 sys=0.00, real=0.00 secs] 
2020-10-28T12:49:04.723+0000: [GC (Allocation Failure) 2020-10-28T12:49:04.723+0000: [ParNew: 34436K->6K(38720K), 0.0056994 secs] 976114K->941684K(1499856K), 0.0057626 secs] [Times: user=0.02 sys=0.00, real=0.01 secs] 
2020-10-28T12:49:04.773+0000: [GC (Allocation Failure) 2020-10-28T12:49:04.773+0000: [ParNew: 34438K->6K(38720K), 0.0057370 secs] 976116K->941684K(1499856K), 0.0057991 secs] [Times: user=0.01 sys=0.00, real=0.01 secs] 
2020-10-28T12:49:04.818+0000: [GC (Allocation Failure) 2020-10-28T12:49:04.818+0000: [ParNew: 34438K->6K(38720K), 0.0057122 secs] 976116K->941684K(1499856K), 0.0057740 secs] [Times: user=0.01 sys=0.00, real=0.00 secs] 
2020-10-28T12:49:04.864+0000: [GC (Allocation Failure) 2020-10-28T12:49:04.864+0000: [ParNew: 34438K->6K(38720K), 0.0057680 secs] 976116K->941684K(1499856K), 0.0058299 secs] [Times: user=0.01 sys=0.00, real=0.01 secs] 
2020-10-28T12:49:04.911+0000: [GC (Allocation Failure) 2020-10-28T12:49:04.911+0000: [ParNew: 34438K->6K(38720K), 0.0057267 secs] 976116K->941684K(1499856K), 0.0057945 secs] [Times: user=0.01 sys=0.00, real=0.00 secs] 
2020-10-28T12:49:04.957+0000: [GC (Allocation Failure) 2020-10-28T12:49:04.957+0000: [ParNew: 34438K->6K(38720K), 0.0056699 secs] 976116K->941684K(1499856K), 0.0057309 secs] [Times: user=0.01 sys=0.00, real=0.01 secs] 
2020-10-28T12:49:05.010+0000: [GC (Allocation Failure) 2020-10-28T12:49:05.010+0000: [ParNew: 34438K->6K(38720K), 0.0056999 secs] 976116K->941684K(1499856K), 0.0057626 secs] [Times: user=0.02 sys=0.00, real=0.00 secs] 
2020-10-28T12:49:05.062+0000: [GC (Allocation Failure) 2020-10-28T12:49:05.062+0000: [ParNew: 34438K->6K(38720K), 0.0056861 secs] 976116K->941684K(1499856K), 0.0057479 secs] [Times: user=0.01 sys=0.00, real=0.01 secs] 
2020-10-28T12:49:05.108+0000: [GC (Allocation Failure) 2020-10-28T12:49:05.108+0000: [ParNew: 34438K->6K(38720K), 0.0056611 secs] 976116K->941684K(1499856K), 0.0057221 secs] [Times: user=0.01 sys=0.00, real=0.00 secs] 
2020-10-28T12:49:05.141+0000: [GC (Allocation Failure) 2020-10-28T12:49:05.141+0000: [ParNew: 18693K->6K(38720K), 0.0056505 secs] 960371K->941684K(1499856K), 0.0057143 secs] [Times: user=0.01 sys=0.00, real=0.01 secs] 
2020-10-28T12:49:05.171+0000: [GC (Allocation Failure) 2020-10-28T12:49:05.171+0000: [ParNew: 34438K->6K(38720K), 0.0172323 secs] 976116K->958068K(1499856K), 0.0172953 secs] [Times: user=0.02 sys=0.01, real=0.02 secs] 
2020-10-28T12:49:05.218+0000: [GC (Allocation Failure) 2020-10-28T12:49:05.218+0000: [ParNew: 34438K->6K(38720K), 0.0174045 secs] 992500K->974452K(1499856K), 0.0174718 secs] [Times: user=0.03 sys=0.00, real=0.01 secs] 
2020-10-28T12:49:05.286+0000: [GC (Allocation Failure) 2020-10-28T12:49:05.286+0000: [ParNew: 34438K->6K(38720K), 0.0056265 secs] 1008884K->974452K(1499856K), 0.0056840 secs] [Times: user=0.01 sys=0.00, real=0.00 secs] 
2020-10-28T12:49:05.332+0000: [GC (Allocation Failure) 2020-10-28T12:49:05.332+0000: [ParNew: 34438K->6K(38720K), 0.0058214 secs] 1008884K->974452K(1499856K), 0.0058831 secs] [Times: user=0.01 sys=0.00, real=0.01 secs] 
2020-10-28T12:49:05.382+0000: [GC (Allocation Failure) 2020-10-28T12:49:05.382+0000: [ParNew: 34438K->6K(38720K), 0.0056389 secs] 1008884K->974452K(1499856K), 0.0057006 secs] [Times: user=0.01 sys=0.00, real=0.01 secs] 
2020-10-28T12:49:05.430+0000: [GC (Allocation Failure) 2020-10-28T12:49:05.430+0000: [ParNew: 34438K->6K(38720K), 0.0055704 secs] 1008884K->974452K(1499856K), 0.0056302 secs] [Times: user=0.01 sys=0.00, real=0.00 secs] 
2020-10-28T12:49:05.475+0000: [GC (Allocation Failure) 2020-10-28T12:49:05.475+0000: [ParNew: 34438K->6K(38720K), 0.0055845 secs] 1008884K->974452K(1499856K), 0.0056454 secs] [Times: user=0.01 sys=0.00, real=0.01 secs] 
2020-10-28T12:49:05.521+0000: [GC (Allocation Failure) 2020-10-28T12:49:05.521+0000: [ParNew: 34438K->6K(38720K), 0.0056933 secs] 1008884K->974452K(1499856K), 0.0057770 secs] [Times: user=0.01 sys=0.00, real=0.01 secs] 
2020-10-28T12:49:05.570+0000: [GC (Allocation Failure) 2020-10-28T12:49:05.570+0000: [ParNew: 34438K->6K(38720K), 0.0056485 secs] 1008884K->974452K(1499856K), 0.0057099 secs] [Times: user=0.02 sys=0.00, real=0.00 secs] 
2020-10-28T12:49:05.620+0000: [GC (Allocation Failure) 2020-10-28T12:49:05.620+0000: [ParNew: 34438K->4K(38720K), 0.0056716 secs] 1008884K->974450K(1499856K), 0.0057335 secs] [Times: user=0.01 sys=0.00, real=0.00 secs] 
2020-10-28T12:49:05.670+0000: [GC (Allocation Failure) 2020-10-28T12:49:05.670+0000: [ParNew: 24711K->6K(38720K), 0.0056565 secs] 999158K->974452K(1499856K), 0.0057408 secs] [Times: user=0.01 sys=0.00, real=0.00 secs] 
2020-10-28T12:49:05.717+0000: [GC (Allocation Failure) 2020-10-28T12:49:05.717+0000: [ParNew: 34438K->6K(38720K), 0.0256042 secs] 1008884K->990836K(1499856K), 0.0256862 secs] [Times: user=0.03 sys=0.01, real=0.03 secs] 
2020-10-28T12:49:05.794+0000: [GC (Allocation Failure) 2020-10-28T12:49:05.794+0000: [ParNew: 34438K->6K(38720K), 0.0120492 secs] 1025268K->990836K(1499856K), 0.0121355 secs] [Times: user=0.01 sys=0.00, real=0.02 secs] 
2020-10-28T12:49:05.848+0000: [GC (Allocation Failure) 2020-10-28T12:49:05.848+0000: [ParNew: 34438K->6K(38720K), 0.0056508 secs] 1025268K->990836K(1499856K), 0.0057137 secs] [Times: user=0.01 sys=0.00, real=0.00 secs] 
2020-10-28T12:49:05.894+0000: [GC (Allocation Failure) 2020-10-28T12:49:05.894+0000: [ParNew: 34438K->6K(38720K), 0.0055789 secs] 1025268K->990836K(1499856K), 0.0056405 secs] [Times: user=0.02 sys=0.00, real=0.01 secs] 
2020-10-28T12:49:05.940+0000: [GC (Allocation Failure) 2020-10-28T12:49:05.940+0000: [ParNew: 34438K->6K(38720K), 0.0055697 secs] 1025268K->990836K(1499856K), 0.0056399 secs] [Times: user=0.01 sys=0.00, real=0.01 secs] 
2020-10-28T12:49:05.986+0000: [GC (Allocation Failure) 2020-10-28T12:49:05.986+0000: [ParNew: 34438K->6K(38720K), 0.0065695 secs] 1025268K->990836K(1499856K), 0.0066336 secs] [Times: user=0.01 sys=0.00, real=0.00 secs] 
2020-10-28T12:49:06.033+0000: [GC (Allocation Failure) 2020-10-28T12:49:06.034+0000: [ParNew: 34438K->6K(38720K), 0.0055380 secs] 1025268K->990836K(1499856K), 0.0055998 secs] [Times: user=0.01 sys=0.00, real=0.01 secs] 
2020-10-28T12:49:06.080+0000: [GC (Allocation Failure) 2020-10-28T12:49:06.080+0000: [ParNew: 34438K->6K(38720K), 0.0055655 secs] 1025268K->990836K(1499856K), 0.0056277 secs] [Times: user=0.01 sys=0.00, real=0.00 secs] 
2020-10-28T12:49:06.126+0000: [GC (Allocation Failure) 2020-10-28T12:49:06.126+0000: [ParNew: 34438K->6K(38720K), 0.0055273 secs] 1025268K->990836K(1499856K), 0.0055883 secs] [Times: user=0.01 sys=0.00, real=0.00 secs] 
2020-10-28T12:49:06.171+0000: [GC (Allocation Failure) 2020-10-28T12:49:06.171+0000: [ParNew: 34438K->4K(38720K), 0.0056095 secs] 1025268K->990834K(1499856K), 0.0056701 secs] [Times: user=0.01 sys=0.00, real=0.00 secs] 
2020-10-28T12:49:06.214+0000: [GC (Allocation Failure) 2020-10-28T12:49:06.214+0000: [ParNew: 28428K->6K(38720K), 0.0056027 secs] 1019258K->990836K(1499856K), 0.0056567 secs] [Times: user=0.01 sys=0.00, real=0.01 secs] 
2020-10-28T12:49:06.246+0000: [GC (Allocation Failure) 2020-10-28T12:49:06.246+0000: [ParNew: 34438K->6K(38720K), 0.0170657 secs] 1025268K->1007220K(1499856K), 0.0171318 secs] [Times: user=0.02 sys=0.00, real=0.01 secs] 
2020-10-28T12:49:06.303+0000: [GC (Allocation Failure) 2020-10-28T12:49:06.303+0000: [ParNew: 34438K->6K(38720K), 0.0055376 secs] 1041652K->1007220K(1499856K), 0.0056014 secs] [Times: user=0.02 sys=0.00, real=0.01 secs] 
2020-10-28T12:49:06.354+0000: [GC (Allocation Failure) 2020-10-28T12:49:06.354+0000: [ParNew: 34438K->6K(38720K), 0.0056536 secs] 1041652K->1007220K(1499856K), 0.0057232 secs] [Times: user=0.01 sys=0.00, real=0.01 secs] 
2020-10-28T12:49:06.406+0000: [GC (Allocation Failure) 2020-10-28T12:49:06.406+0000: [ParNew: 34438K->6K(38720K), 0.0055251 secs] 1041652K->1007220K(1499856K), 0.0055868 secs] [Times: user=0.01 sys=0.00, real=0.00 secs] 
2020-10-28T12:49:06.452+0000: [GC (Allocation Failure) 2020-10-28T12:49:06.452+0000: [ParNew: 34438K->6K(38720K), 0.0055497 secs] 1041652K->1007220K(1499856K), 0.0056108 secs] [Times: user=0.01 sys=0.00, real=0.00 secs] 
2020-10-28T12:49:06.502+0000: [GC (Allocation Failure) 2020-10-28T12:49:06.502+0000: [ParNew: 34438K->6K(38720K), 0.0055643 secs] 1041652K->1007220K(1499856K), 0.0056256 secs] [Times: user=0.01 sys=0.00, real=0.01 secs] 
2020-10-28T12:49:06.550+0000: [GC (Allocation Failure) 2020-10-28T12:49:06.550+0000: [ParNew: 34438K->6K(38720K), 0.0054825 secs] 1041652K->1007221K(1499856K), 0.0055449 secs] [Times: user=0.01 sys=0.00, real=0.00 secs] 
2020-10-28T12:49:06.595+0000: [GC (Allocation Failure) 2020-10-28T12:49:06.595+0000: [ParNew: 34438K->4K(38720K), 0.0055170 secs] 1041653K->1007219K(1499856K), 0.0055778 secs] [Times: user=0.01 sys=0.00, real=0.01 secs] 
2020-10-28T12:49:06.644+0000: [GC (Allocation Failure) 2020-10-28T12:49:06.644+0000: [ParNew: 34436K->6K(38720K), 0.0055223 secs] 1041651K->1007221K(1499856K), 0.0055850 secs] [Times: user=0.01 sys=0.00, real=0.01 secs] 
2020-10-28T12:49:06.694+0000: [GC (Allocation Failure) 2020-10-28T12:49:06.694+0000: [ParNew: 34438K->6K(38720K), 0.0054905 secs] 1041653K->1007221K(1499856K), 0.0055522 secs] [Times: user=0.01 sys=0.00, real=0.01 secs] 
2020-10-28T12:49:06.746+0000: [GC (Allocation Failure) 2020-10-28T12:49:06.746+0000: [ParNew: 34438K->6K(38720K), 0.0054914 secs] 1041653K->1007221K(1499856K), 0.0055515 secs] [Times: user=0.01 sys=0.00, real=0.00 secs] 
2020-10-28T12:49:06.794+0000: [GC (Allocation Failure) 2020-10-28T12:49:06.794+0000: [ParNew: 34438K->6K(38720K), 0.0055258 secs] 1041653K->1007221K(1499856K), 0.0055880 secs] [Times: user=0.01 sys=0.00, real=0.01 secs] 
2020-10-28T12:49:06.840+0000: [GC (Allocation Failure) 2020-10-28T12:49:06.840+0000: [ParNew: 34438K->6K(38720K), 0.0055189 secs] 1041653K->1007221K(1499856K), 0.0055799 secs] [Times: user=0.01 sys=0.00, real=0.00 secs] 
2020-10-28T12:49:06.890+0000: [GC (Allocation Failure) 2020-10-28T12:49:06.890+0000: [ParNew: 34438K->6K(38720K), 0.0055356 secs] 1041653K->1007221K(1499856K), 0.0055977 secs] [Times: user=0.01 sys=0.00, real=0.00 secs] 
2020-10-28T12:49:06.936+0000: [GC (Allocation Failure) 2020-10-28T12:49:06.936+0000: [ParNew: 34438K->6K(38720K), 0.0055105 secs] 1041653K->1007221K(1499856K), 0.0055793 secs] [Times: user=0.01 sys=0.00, real=0.01 secs] 
2020-10-28T12:49:06.987+0000: [GC (Allocation Failure) 2020-10-28T12:49:06.987+0000: [ParNew: 34438K->4K(38720K), 0.0068016 secs] 1041653K->1007219K(1499856K), 0.0068699 secs] [Times: user=0.01 sys=0.00, real=0.00 secs] 
2020-10-28T12:49:07.035+0000: [GC (Allocation Failure) 2020-10-28T12:49:07.035+0000: [ParNew: 34436K->6K(38720K), 0.0055032 secs] 1041651K->1007221K(1499856K), 0.0055651 secs] [Times: user=0.01 sys=0.00, real=0.01 secs] 
2020-10-28T12:49:07.086+0000: [GC (Allocation Failure) 2020-10-28T12:49:07.086+0000: [ParNew: 34438K->6K(38720K), 0.0054933 secs] 1041653K->1007221K(1499856K), 0.0055555 secs] [Times: user=0.01 sys=0.00, real=0.00 secs] 
2020-10-28T12:49:07.137+0000: [GC (Allocation Failure) 2020-10-28T12:49:07.137+0000: [ParNew: 34438K->6K(38720K), 0.0062280 secs] 1041653K->1007221K(1499856K), 0.0062909 secs] [Times: user=0.02 sys=0.00, real=0.01 secs] 
2020-10-28T12:49:07.187+0000: [GC (Allocation Failure) 2020-10-28T12:49:07.187+0000: [ParNew: 34438K->6K(38720K), 0.0055342 secs] 1041653K->1007221K(1499856K), 0.0055975 secs] [Times: user=0.02 sys=0.00, real=0.00 secs] 
2020-10-28T12:49:07.234+0000: [GC (Allocation Failure) 2020-10-28T12:49:07.234+0000: [ParNew: 34438K->6K(38720K), 0.0054809 secs] 1041653K->1007221K(1499856K), 0.0055442 secs] [Times: user=0.02 sys=0.00, real=0.01 secs] 
2020-10-28T12:49:07.282+0000: [GC (Allocation Failure) 2020-10-28T12:49:07.282+0000: [ParNew: 34438K->6K(38720K), 0.0055024 secs] 1041653K->1007221K(1499856K), 0.0055649 secs] [Times: user=0.01 sys=0.00, real=0.01 secs] 
2020-10-28T12:49:07.330+0000: [GC (Allocation Failure) 2020-10-28T12:49:07.330+0000: [ParNew: 34438K->4K(38720K), 0.0056073 secs] 1041653K->1007219K(1499856K), 0.0056659 secs] [Times: user=0.01 sys=0.00, real=0.00 secs] 
2020-10-28T12:49:07.376+0000: [GC (Allocation Failure) 2020-10-28T12:49:07.376+0000: [ParNew: 34436K->6K(38720K), 0.0056337 secs] 1041651K->1007221K(1499856K), 0.0056983 secs] [Times: user=0.01 sys=0.00, real=0.01 secs] 
2020-10-28T12:49:07.426+0000: [GC (Allocation Failure) 2020-10-28T12:49:07.426+0000: [ParNew: 34438K->6K(38720K), 0.0055764 secs] 1041653K->1007221K(1499856K), 0.0056392 secs] [Times: user=0.01 sys=0.00, real=0.00 secs] 
2020-10-28T12:49:07.472+0000: [GC (Allocation Failure) 2020-10-28T12:49:07.472+0000: [ParNew: 34438K->6K(38720K), 0.0055525 secs] 1041653K->1007221K(1499856K), 0.0056136 secs] [Times: user=0.01 sys=0.00, real=0.00 secs] 
2020-10-28T12:49:07.517+0000: [GC (Allocation Failure) 2020-10-28T12:49:07.517+0000: [ParNew: 34438K->6K(38720K), 0.0055242 secs] 1041653K->1007221K(1499856K), 0.0055875 secs] [Times: user=0.01 sys=0.00, real=0.01 secs] 
2020-10-28T12:49:07.563+0000: [GC (Allocation Failure) 2020-10-28T12:49:07.563+0000: [ParNew: 34438K->4K(38720K), 0.0055911 secs] 1041653K->1007219K(1499856K), 0.0056537 secs] [Times: user=0.01 sys=0.00, real=0.01 secs] 
2020-10-28T12:49:07.610+0000: [GC (Allocation Failure) 2020-10-28T12:49:07.610+0000: [ParNew: 34436K->6K(38720K), 0.0054811 secs] 1041651K->1007221K(1499856K), 0.0055415 secs] [Times: user=0.01 sys=0.00, real=0.00 secs] 
2020-10-28T12:49:07.662+0000: [GC (Allocation Failure) 2020-10-28T12:49:07.662+0000: [ParNew: 34438K->4K(38720K), 0.0055246 secs] 1041653K->1007219K(1499856K), 0.0055895 secs] [Times: user=0.01 sys=0.00, real=0.01 secs] 
2020-10-28T12:49:07.710+0000: [GC (Allocation Failure) 2020-10-28T12:49:07.710+0000: [ParNew: 34436K->6K(38720K), 0.0054889 secs] 1041651K->1007221K(1499856K), 0.0055490 secs] [Times: user=0.01 sys=0.00, real=0.00 secs] 
2020-10-28T12:49:07.755+0000: [GC (Allocation Failure) 2020-10-28T12:49:07.755+0000: [ParNew: 34438K->6K(38720K), 0.0055297 secs] 1041653K->1007221K(1499856K), 0.0055902 secs] [Times: user=0.01 sys=0.00, real=0.01 secs] 
2020-10-28T12:49:07.801+0000: [GC (Allocation Failure) 2020-10-28T12:49:07.801+0000: [ParNew: 34438K->6K(38720K), 0.0056038 secs] 1041653K->1007221K(1499856K), 0.0056672 secs] [Times: user=0.01 sys=0.00, real=0.01 secs] 
2020-10-28T12:49:07.851+0000: [GC (Allocation Failure) 2020-10-28T12:49:07.851+0000: [ParNew: 34438K->6K(38720K), 0.0054721 secs] 1041653K->1007221K(1499856K), 0.0055346 secs] [Times: user=0.01 sys=0.00, real=0.00 secs] 
2020-10-28T12:49:07.900+0000: [GC (Allocation Failure) 2020-10-28T12:49:07.900+0000: [ParNew: 34438K->6K(38720K), 0.0055084 secs] 1041653K->1007221K(1499856K), 0.0055717 secs] [Times: user=0.01 sys=0.00, real=0.01 secs] 
2020-10-28T12:49:07.946+0000: [GC (Allocation Failure) 2020-10-28T12:49:07.946+0000: [ParNew: 34438K->6K(38720K), 0.0063783 secs] 1041653K->1007221K(1499856K), 0.0064489 secs] [Times: user=0.01 sys=0.00, real=0.00 secs] 
2020-10-28T12:49:07.997+0000: [GC (Allocation Failure) 2020-10-28T12:49:07.997+0000: [ParNew: 34438K->4K(38720K), 0.0056906 secs] 1041653K->1007219K(1499856K), 0.0057519 secs] [Times: user=0.01 sys=0.00, real=0.01 secs] 
2020-10-28T12:49:08.050+0000: [GC (Allocation Failure) 2020-10-28T12:49:08.050+0000: [ParNew: 34436K->6K(38720K), 0.0055427 secs] 1041651K->1007221K(1499856K), 0.0056050 secs] [Times: user=0.01 sys=0.00, real=0.00 secs] 
2020-10-28T12:49:08.095+0000: [GC (Allocation Failure) 2020-10-28T12:49:08.095+0000: [ParNew: 34438K->6K(38720K), 0.0055085 secs] 1041653K->1007221K(1499856K), 0.0055699 secs] [Times: user=0.01 sys=0.00, real=0.01 secs] 
2020-10-28T12:49:08.141+0000: [GC (Allocation Failure) 2020-10-28T12:49:08.141+0000: [ParNew: 34438K->6K(38720K), 0.0055554 secs] 1041653K->1007221K(1499856K), 0.0056275 secs] [Times: user=0.01 sys=0.00, real=0.01 secs] 
2020-10-28T12:49:08.194+0000: [GC (Allocation Failure) 2020-10-28T12:49:08.194+0000: [ParNew: 34438K->6K(38720K), 0.0054860 secs] 1041653K->1007221K(1499856K), 0.0055467 secs] [Times: user=0.01 sys=0.00, real=0.01 secs] 
2020-10-28T12:49:08.242+0000: [GC (Allocation Failure) 2020-10-28T12:49:08.242+0000: [ParNew: 34438K->8K(38720K), 0.0055161 secs] 1041653K->1007223K(1499856K), 0.0055797 secs] [Times: user=0.01 sys=0.00, real=0.01 secs] 
2020-10-28T12:49:08.287+0000: [GC (Allocation Failure) 2020-10-28T12:49:08.287+0000: [ParNew: 34440K->6K(38720K), 0.0055566 secs] 1041655K->1007221K(1499856K), 0.0056201 secs] [Times: user=0.01 sys=0.00, real=0.00 secs] 
2020-10-28T12:49:08.333+0000: [GC (Allocation Failure) 2020-10-28T12:49:08.333+0000: [ParNew: 34438K->6K(38720K), 0.0057329 secs] 1041653K->1007221K(1499856K), 0.0057947 secs] [Times: user=0.01 sys=0.00, real=0.01 secs] 
2020-10-28T12:49:08.382+0000: [GC (Allocation Failure) 2020-10-28T12:49:08.382+0000: [ParNew: 34438K->6K(38720K), 0.0055637 secs] 1041653K->1007221K(1499856K), 0.0056271 secs] [Times: user=0.01 sys=0.00, real=0.01 secs] 
2020-10-28T12:49:08.432+0000: [GC (Allocation Failure) 2020-10-28T12:49:08.432+0000: [ParNew: 34438K->6K(38720K), 0.0055264 secs] 1041653K->1007221K(1499856K), 0.0055876 secs] [Times: user=0.02 sys=0.00, real=0.01 secs] 
2020-10-28T12:49:08.477+0000: [GC (Allocation Failure) 2020-10-28T12:49:08.477+0000: [ParNew: 34438K->6K(38720K), 0.0056362 secs] 1041653K->1007221K(1499856K), 0.0057017 secs] [Times: user=0.02 sys=0.00, real=0.01 secs] 
2020-10-28T12:49:08.527+0000: [GC (Allocation Failure) 2020-10-28T12:49:08.527+0000: [ParNew: 34438K->6K(38720K), 0.0055944 secs] 1041653K->1007222K(1499856K), 0.0056588 secs] [Times: user=0.01 sys=0.00, real=0.00 secs] 
2020-10-28T12:49:08.574+0000: [GC (Allocation Failure) 2020-10-28T12:49:08.574+0000: [ParNew: 34438K->6K(38720K), 0.0055017 secs] 1041654K->1007222K(1499856K), 0.0055633 secs] [Times: user=0.01 sys=0.00, real=0.01 secs] 
2020-10-28T12:49:08.625+0000: [GC (Allocation Failure) 2020-10-28T12:49:08.625+0000: [ParNew: 34438K->4K(38720K), 0.0055947 secs] 1041654K->1007220K(1499856K), 0.0056585 secs] [Times: user=0.02 sys=0.00, real=0.01 secs] 
2020-10-28T12:49:08.671+0000: [GC (Allocation Failure) 2020-10-28T12:49:08.671+0000: [ParNew: 34436K->4K(38720K), 0.0055501 secs] 1041652K->1007220K(1499856K), 0.0056144 secs] [Times: user=0.01 sys=0.00, real=0.00 secs] 
2020-10-28T12:49:08.734+0000: [GC (Allocation Failure) 2020-10-28T12:49:08.734+0000: [ParNew: 34436K->6K(38720K), 0.0056306 secs] 1041652K->1007222K(1499856K), 0.0057180 secs] [Times: user=0.01 sys=0.00, real=0.01 secs] 
2020-10-28T12:49:08.783+0000: [GC (Allocation Failure) 2020-10-28T12:49:08.783+0000: [ParNew: 34438K->6K(38720K), 0.0054988 secs] 1041654K->1007222K(1499856K), 0.0055610 secs] [Times: user=0.01 sys=0.00, real=0.01 secs] 
2020-10-28T12:49:08.829+0000: [GC (Allocation Failure) 2020-10-28T12:49:08.829+0000: [ParNew: 34438K->4K(38720K), 0.0055842 secs] 1041654K->1007220K(1499856K), 0.0056458 secs] [Times: user=0.01 sys=0.00, real=0.00 secs] 
2020-10-28T12:49:08.876+0000: [GC (Allocation Failure) 2020-10-28T12:49:08.876+0000: [ParNew: 34436K->6K(38720K), 0.0054993 secs] 1041652K->1007222K(1499856K), 0.0055595 secs] [Times: user=0.02 sys=0.00, real=0.01 secs] 
2020-10-28T12:49:08.926+0000: [GC (Allocation Failure) 2020-10-28T12:49:08.926+0000: [ParNew: 34438K->6K(38720K), 0.0055155 secs] 1041654K->1007222K(1499856K), 0.0055775 secs] [Times: user=0.01 sys=0.00, real=0.00 secs] 
2020-10-28T12:49:08.971+0000: [GC (Allocation Failure) 2020-10-28T12:49:08.971+0000: [ParNew: 34438K->6K(38720K), 0.0054996 secs] 1041654K->1007222K(1499856K), 0.0055611 secs] [Times: user=0.01 sys=0.00, real=0.00 secs] 
2020-10-28T12:49:09.032+0000: [GC (Allocation Failure) 2020-10-28T12:49:09.032+0000: [ParNew: 34438K->6K(38720K), 0.0055828 secs] 1041654K->1007222K(1499856K), 0.0056562 secs] [Times: user=0.01 sys=0.00, real=0.01 secs] 
2020-10-28T12:49:09.094+0000: [GC (Allocation Failure) 2020-10-28T12:49:09.094+0000: [ParNew: 34438K->6K(38720K), 0.0055414 secs] 1041654K->1007222K(1499856K), 0.0056036 secs] [Times: user=0.02 sys=0.00, real=0.01 secs] 
2020-10-28T12:49:09.144+0000: [GC (Allocation Failure) 2020-10-28T12:49:09.145+0000: [ParNew: 34438K->6K(38720K), 0.0055707 secs] 1041654K->1007222K(1499856K), 0.0056343 secs] [Times: user=0.01 sys=0.00, real=0.01 secs] 
2020-10-28T12:49:09.194+0000: [GC (Allocation Failure) 2020-10-28T12:49:09.194+0000: [ParNew: 34438K->6K(38720K), 0.0055516 secs] 1041654K->1007222K(1499856K), 0.0056173 secs] [Times: user=0.01 sys=0.00, real=0.01 secs] 
2020-10-28T12:49:09.245+0000: [GC (Allocation Failure) 2020-10-28T12:49:09.245+0000: [ParNew: 34438K->6K(38720K), 0.0055543 secs] 1041654K->1007222K(1499856K), 0.0056324 secs] [Times: user=0.01 sys=0.00, real=0.01 secs] 
2020-10-28T12:49:09.291+0000: [GC (Allocation Failure) 2020-10-28T12:49:09.291+0000: [ParNew: 34438K->6K(38720K), 0.0056493 secs] 1041654K->1007222K(1499856K), 0.0057130 secs] [Times: user=0.01 sys=0.00, real=0.00 secs] 
2020-10-28T12:49:09.343+0000: [GC (Allocation Failure) 2020-10-28T12:49:09.343+0000: [ParNew: 34438K->6K(38720K), 0.0058697 secs] 1041654K->1007222K(1499856K), 0.0059320 secs] [Times: user=0.01 sys=0.00, real=0.01 secs] 
2020-10-28T12:49:09.393+0000: [GC (Allocation Failure) 2020-10-28T12:49:09.393+0000: [ParNew: 34438K->6K(38720K), 0.0055745 secs] 1041654K->1007222K(1499856K), 0.0056358 secs] [Times: user=0.01 sys=0.00, real=0.01 secs] 
2020-10-28T12:49:09.438+0000: [GC (Allocation Failure) 2020-10-28T12:49:09.438+0000: [ParNew: 34438K->6K(38720K), 0.0055658 secs] 1041654K->1007222K(1499856K), 0.0056290 secs] [Times: user=0.01 sys=0.00, real=0.00 secs] 
2020-10-28T12:49:09.488+0000: [GC (Allocation Failure) 2020-10-28T12:49:09.488+0000: [ParNew: 34438K->6K(38720K), 0.0055665 secs] 1041654K->1007222K(1499856K), 0.0056293 secs] [Times: user=0.01 sys=0.00, real=0.00 secs] 
2020-10-28T12:49:09.538+0000: [GC (Allocation Failure) 2020-10-28T12:49:09.539+0000: [ParNew: 34438K->6K(38720K), 0.0055467 secs] 1041654K->1007222K(1499856K), 0.0056114 secs] [Times: user=0.02 sys=0.00, real=0.00 secs] 
2020-10-28T12:49:09.586+0000: [GC (Allocation Failure) 2020-10-28T12:49:09.586+0000: [ParNew: 34438K->6K(38720K), 0.0055833 secs] 1041654K->1007222K(1499856K), 0.0056441 secs] [Times: user=0.01 sys=0.00, real=0.00 secs] 
2020-10-28T12:49:09.635+0000: [GC (Allocation Failure) 2020-10-28T12:49:09.635+0000: [ParNew: 34438K->6K(38720K), 0.0055548 secs] 1041654K->1007222K(1499856K), 0.0056168 secs] [Times: user=0.01 sys=0.00, real=0.01 secs] 
2020-10-28T12:49:09.685+0000: [GC (Allocation Failure) 2020-10-28T12:49:09.685+0000: [ParNew: 34438K->6K(38720K), 0.0056032 secs] 1041654K->1007222K(1499856K), 0.0056663 secs] [Times: user=0.02 sys=0.00, real=0.01 secs] 
2020-10-28T12:49:09.739+0000: [GC (Allocation Failure) 2020-10-28T12:49:09.739+0000: [ParNew: 34438K->6K(38720K), 0.0056122 secs] 1041654K->1007222K(1499856K), 0.0056736 secs] [Times: user=0.01 sys=0.00, real=0.00 secs] 
2020-10-28T12:49:09.785+0000: [GC (Allocation Failure) 2020-10-28T12:49:09.785+0000: [ParNew: 34438K->6K(38720K), 0.0055784 secs] 1041654K->1007222K(1499856K), 0.0056418 secs] [Times: user=0.01 sys=0.00, real=0.01 secs] 
2020-10-28T12:49:09.831+0000: [GC (Allocation Failure) 2020-10-28T12:49:09.831+0000: [ParNew: 34438K->6K(38720K), 0.0055128 secs] 1041654K->1007222K(1499856K), 0.0055743 secs] [Times: user=0.01 sys=0.00, real=0.00 secs] 
2020-10-28T12:49:09.878+0000: [GC (Allocation Failure) 2020-10-28T12:49:09.878+0000: [ParNew: 34438K->6K(38720K), 0.0054820 secs] 1041654K->1007222K(1499856K), 0.0055430 secs] [Times: user=0.01 sys=0.00, real=0.00 secs] 
2020-10-28T12:49:09.926+0000: [GC (Allocation Failure) 2020-10-28T12:49:09.926+0000: [ParNew: 34438K->6K(38720K), 0.0054993 secs] 1041654K->1007222K(1499856K), 0.0055722 secs] [Times: user=0.02 sys=0.00, real=0.00 secs] 
2020-10-28T12:49:09.976+0000: [GC (Allocation Failure) 2020-10-28T12:49:09.976+0000: [ParNew: 34438K->6K(38720K), 0.0055031 secs] 1041654K->1007222K(1499856K), 0.0055665 secs] [Times: user=0.01 sys=0.00, real=0.01 secs] 
2020-10-28T12:49:10.022+0000: [GC (Allocation Failure) 2020-10-28T12:49:10.022+0000: [ParNew: 34438K->6K(38720K), 0.0055351 secs] 1041654K->1007222K(1499856K), 0.0055969 secs] [Times: user=0.01 sys=0.00, real=0.01 secs] 
2020-10-28T12:49:10.072+0000: [GC (Allocation Failure) 2020-10-28T12:49:10.072+0000: [ParNew: 34438K->6K(38720K), 0.0056066 secs] 1041654K->1007222K(1499856K), 0.0056696 secs] [Times: user=0.01 sys=0.00, real=0.01 secs] 
2020-10-28T12:49:10.122+0000: [GC (Allocation Failure) 2020-10-28T12:49:10.122+0000: [ParNew: 34438K->4K(38720K), 0.0055994 secs] 1041654K->1007220K(1499856K), 0.0056633 secs] [Times: user=0.01 sys=0.00, real=0.01 secs] 
2020-10-28T12:49:10.170+0000: [GC (Allocation Failure) 2020-10-28T12:49:10.170+0000: [ParNew: 34436K->6K(38720K), 0.0054927 secs] 1041652K->1007222K(1499856K), 0.0055542 secs] [Times: user=0.01 sys=0.00, real=0.00 secs] 
2020-10-28T12:49:10.215+0000: [GC (Allocation Failure) 2020-10-28T12:49:10.215+0000: [ParNew: 34438K->6K(38720K), 0.0055454 secs] 1041654K->1007222K(1499856K), 0.0056069 secs] [Times: user=0.01 sys=0.00, real=0.01 secs] 
2020-10-28T12:49:10.264+0000: [GC (Allocation Failure) 2020-10-28T12:49:10.264+0000: [ParNew: 34438K->4K(38720K), 0.0186684 secs] 1041654K->1007220K(1499856K), 0.0187416 secs] [Times: user=0.02 sys=0.00, real=0.02 secs] 
2020-10-28T12:49:10.334+0000: [GC (Allocation Failure) 2020-10-28T12:49:10.334+0000: [ParNew: 34436K->4K(38720K), 0.0056847 secs] 1041652K->1007220K(1499856K), 0.0057596 secs] [Times: user=0.02 sys=0.00, real=0.01 secs] 
2020-10-28T12:49:10.380+0000: [GC (Allocation Failure) 2020-10-28T12:49:10.380+0000: [ParNew: 34436K->6K(38720K), 0.0055263 secs] 1041652K->1007222K(1499856K), 0.0055888 secs] [Times: user=0.01 sys=0.00, real=0.00 secs] 
2020-10-28T12:49:10.425+0000: [GC (Allocation Failure) 2020-10-28T12:49:10.426+0000: [ParNew: 34438K->6K(38720K), 0.0055060 secs] 1041654K->1007222K(1499856K), 0.0055681 secs] [Times: user=0.01 sys=0.00, real=0.00 secs] 
2020-10-28T12:49:10.475+0000: [GC (Allocation Failure) 2020-10-28T12:49:10.475+0000: [ParNew: 34438K->6K(38720K), 0.0055256 secs] 1041654K->1007222K(1499856K), 0.0055893 secs] [Times: user=0.01 sys=0.00, real=0.01 secs] 
2020-10-28T12:49:10.525+0000: [GC (Allocation Failure) 2020-10-28T12:49:10.525+0000: [ParNew: 34438K->6K(38720K), 0.0055106 secs] 1041654K->1007222K(1499856K), 0.0055733 secs] [Times: user=0.01 sys=0.00, real=0.01 secs] 
2020-10-28T12:49:10.577+0000: [GC (Allocation Failure) 2020-10-28T12:49:10.577+0000: [ParNew: 34438K->6K(38720K), 0.0054965 secs] 1041654K->1007222K(1499856K), 0.0055582 secs] [Times: user=0.01 sys=0.00, real=0.01 secs] 
2020-10-28T12:49:10.627+0000: [GC (Allocation Failure) 2020-10-28T12:49:10.627+0000: [ParNew: 34438K->6K(38720K), 0.0054998 secs] 1041654K->1007222K(1499856K), 0.0055607 secs] [Times: user=0.01 sys=0.00, real=0.00 secs] 
2020-10-28T12:49:10.672+0000: [GC (Allocation Failure) 2020-10-28T12:49:10.672+0000: [ParNew: 34438K->6K(38720K), 0.0055565 secs] 1041654K->1007222K(1499856K), 0.0056198 secs] [Times: user=0.01 sys=0.00, real=0.01 secs] 
2020-10-28T12:49:10.734+0000: [GC (Allocation Failure) 2020-10-28T12:49:10.734+0000: [ParNew: 34438K->6K(38720K), 0.0055074 secs] 1041654K->1007222K(1499856K), 0.0055725 secs] [Times: user=0.01 sys=0.00, real=0.01 secs] 
2020-10-28T12:49:10.782+0000: [GC (Allocation Failure) 2020-10-28T12:49:10.782+0000: [ParNew: 34438K->4K(38720K), 0.0055801 secs] 1041654K->1007220K(1499856K), 0.0056451 secs] [Times: user=0.01 sys=0.00, real=0.01 secs] 
2020-10-28T12:49:10.828+0000: [GC (Allocation Failure) 2020-10-28T12:49:10.828+0000: [ParNew: 34436K->6K(38720K), 0.0055100 secs] 1041652K->1007222K(1499856K), 0.0055731 secs] [Times: user=0.01 sys=0.00, real=0.00 secs] 
2020-10-28T12:49:10.877+0000: [GC (Allocation Failure) 2020-10-28T12:49:10.877+0000: [ParNew: 34438K->6K(38720K), 0.0055248 secs] 1041654K->1007222K(1499856K), 0.0056022 secs] [Times: user=0.01 sys=0.00, real=0.01 secs] 
2020-10-28T12:49:10.923+0000: [GC (Allocation Failure) 2020-10-28T12:49:10.923+0000: [ParNew: 34438K->6K(38720K), 0.0054773 secs] 1041654K->1007222K(1499856K), 0.0055400 secs] [Times: user=0.02 sys=0.00, real=0.01 secs] 
2020-10-28T12:49:10.978+0000: [GC (Allocation Failure) 2020-10-28T12:49:10.978+0000: [ParNew: 34438K->6K(38720K), 0.0055019 secs] 1041654K->1007222K(1499856K), 0.0055649 secs] [Times: user=0.01 sys=0.00, real=0.00 secs] 
2020-10-28T12:49:11.031+0000: [GC (Allocation Failure) 2020-10-28T12:49:11.031+0000: [ParNew: 34438K->6K(38720K), 0.0055184 secs] 1041654K->1007222K(1499856K), 0.0055818 secs] [Times: user=0.01 sys=0.00, real=0.00 secs] 
2020-10-28T12:49:11.077+0000: [GC (Allocation Failure) 2020-10-28T12:49:11.077+0000: [ParNew: 34438K->6K(38720K), 0.0055081 secs] 1041654K->1007223K(1499856K), 0.0055708 secs] [Times: user=0.01 sys=0.00, real=0.01 secs] 
2020-10-28T12:49:11.126+0000: [GC (Allocation Failure) 2020-10-28T12:49:11.126+0000: [ParNew: 34438K->6K(38720K), 0.0055536 secs] 1041655K->1007223K(1499856K), 0.0056159 secs] [Times: user=0.01 sys=0.00, real=0.00 secs] 
2020-10-28T12:49:11.177+0000: [GC (Allocation Failure) 2020-10-28T12:49:11.177+0000: [ParNew: 34438K->6K(38720K), 0.0055413 secs] 1041655K->1007223K(1499856K), 0.0056065 secs] [Times: user=0.01 sys=0.00, real=0.01 secs] 
2020-10-28T12:49:11.230+0000: [GC (Allocation Failure) 2020-10-28T12:49:11.230+0000: [ParNew: 34438K->6K(38720K), 0.0055025 secs] 1041655K->1007222K(1499856K), 0.0055639 secs] [Times: user=0.01 sys=0.00, real=0.00 secs] 
2020-10-28T12:49:11.281+0000: [GC (Allocation Failure) 2020-10-28T12:49:11.281+0000: [ParNew: 34438K->6K(38720K), 0.0055229 secs] 1041654K->1007223K(1499856K), 0.0055848 secs] [Times: user=0.01 sys=0.00, real=0.01 secs] 
2020-10-28T12:49:11.329+0000: [GC (Allocation Failure) 2020-10-28T12:49:11.329+0000: [ParNew: 34438K->6K(38720K), 0.0055968 secs] 1041655K->1007223K(1499856K), 0.0056530 secs] [Times: user=0.01 sys=0.00, real=0.00 secs] 
2020-10-28T12:49:11.378+0000: [GC (Allocation Failure) 2020-10-28T12:49:11.378+0000: [ParNew: 34438K->6K(38720K), 0.0055123 secs] 1041655K->1007223K(1499856K), 0.0055722 secs] [Times: user=0.01 sys=0.00, real=0.00 secs] 
2020-10-28T12:49:11.424+0000: [GC (Allocation Failure) 2020-10-28T12:49:11.424+0000: [ParNew: 34438K->6K(38720K), 0.0055438 secs] 1041655K->1007223K(1499856K), 0.0056029 secs] [Times: user=0.01 sys=0.00, real=0.01 secs] 
2020-10-28T12:49:11.469+0000: [GC (Allocation Failure) 2020-10-28T12:49:11.469+0000: [ParNew: 34438K->6K(38720K), 0.0055864 secs] 1041655K->1007223K(1499856K), 0.0056487 secs] [Times: user=0.01 sys=0.00, real=0.00 secs] 
2020-10-28T12:49:11.518+0000: [GC (Allocation Failure) 2020-10-28T12:49:11.518+0000: [ParNew: 34438K->4K(38720K), 0.0055223 secs] 1041655K->1007221K(1499856K), 0.0055855 secs] [Times: user=0.01 sys=0.00, real=0.00 secs] 
2020-10-28T12:49:11.568+0000: [GC (Allocation Failure) 2020-10-28T12:49:11.568+0000: [ParNew: 34436K->6K(38720K), 0.0055925 secs] 1041653K->1007223K(1499856K), 0.0056547 secs] [Times: user=0.01 sys=0.00, real=0.00 secs] 
2020-10-28T12:49:11.614+0000: [GC (Allocation Failure) 2020-10-28T12:49:11.614+0000: [ParNew: 34438K->6K(38720K), 0.0055128 secs] 1041655K->1007223K(1499856K), 0.0055742 secs] [Times: user=0.01 sys=0.00, real=0.01 secs] 
2020-10-28T12:49:11.663+0000: [GC (Allocation Failure) 2020-10-28T12:49:11.663+0000: [ParNew: 34438K->6K(38720K), 0.0055340 secs] 1041655K->1007223K(1499856K), 0.0055966 secs] [Times: user=0.01 sys=0.00, real=0.01 secs] 
2020-10-28T12:49:11.713+0000: [GC (Allocation Failure) 2020-10-28T12:49:11.713+0000: [ParNew: 34438K->6K(38720K), 0.0056436 secs] 1041655K->1007223K(1499856K), 0.0057069 secs] [Times: user=0.02 sys=0.00, real=0.01 secs] 
2020-10-28T12:49:11.764+0000: [GC (Allocation Failure) 2020-10-28T12:49:11.764+0000: [ParNew: 34438K->6K(38720K), 0.0055466 secs] 1041655K->1007223K(1499856K), 0.0056207 secs] [Times: user=0.01 sys=0.00, real=0.01 secs] 
2020-10-28T12:49:11.814+0000: [GC (Allocation Failure) 2020-10-28T12:49:11.814+0000: [ParNew: 34438K->6K(38720K), 0.0055043 secs] 1041655K->1007223K(1499856K), 0.0055665 secs] [Times: user=0.01 sys=0.00, real=0.01 secs] 
2020-10-28T12:49:11.866+0000: [GC (Allocation Failure) 2020-10-28T12:49:11.866+0000: [ParNew: 34438K->6K(38720K), 0.0054732 secs] 1041655K->1007223K(1499856K), 0.0055347 secs] [Times: user=0.01 sys=0.00, real=0.00 secs] 
2020-10-28T12:49:11.918+0000: [GC (Allocation Failure) 2020-10-28T12:49:11.918+0000: [ParNew: 34438K->4K(38720K), 0.0055422 secs] 1041655K->1007221K(1499856K), 0.0056036 secs] [Times: user=0.01 sys=0.00, real=0.00 secs] 
2020-10-28T12:49:11.963+0000: [GC (Allocation Failure) 2020-10-28T12:49:11.964+0000: [ParNew: 34436K->6K(38720K), 0.0054907 secs] 1041653K->1007223K(1499856K), 0.0055507 secs] [Times: user=0.01 sys=0.00, real=0.01 secs] 
2020-10-28T12:49:12.016+0000: [GC (Allocation Failure) 2020-10-28T12:49:12.016+0000: [ParNew: 34438K->6K(38720K), 0.0055354 secs] 1041655K->1007223K(1499856K), 0.0055969 secs] [Times: user=0.01 sys=0.00, real=0.01 secs] 
2020-10-28T12:49:12.070+0000: [GC (Allocation Failure) 2020-10-28T12:49:12.070+0000: [ParNew: 34438K->6K(38720K), 0.0055668 secs] 1041655K->1007223K(1499856K), 0.0056376 secs] [Times: user=0.02 sys=0.00, real=0.00 secs] 
2020-10-28T12:49:12.121+0000: [GC (Allocation Failure) 2020-10-28T12:49:12.121+0000: [ParNew: 34438K->6K(38720K), 0.0055769 secs] 1041655K->1007223K(1499856K), 0.0056380 secs] [Times: user=0.01 sys=0.00, real=0.01 secs] 
2020-10-28T12:49:12.174+0000: [GC (Allocation Failure) 2020-10-28T12:49:12.174+0000: [ParNew: 34438K->6K(38720K), 0.0055292 secs] 1041655K->1007223K(1499856K), 0.0055913 secs] [Times: user=0.02 sys=0.00, real=0.01 secs] 
2020-10-28T12:49:12.219+0000: [GC (Allocation Failure) 2020-10-28T12:49:12.219+0000: [ParNew: 34438K->6K(38720K), 0.0054960 secs] 1041655K->1007223K(1499856K), 0.0055578 secs] [Times: user=0.02 sys=0.00, real=0.00 secs] 
2020-10-28T12:49:12.268+0000: [GC (Allocation Failure) 2020-10-28T12:49:12.269+0000: [ParNew: 34438K->6K(38720K), 0.0055080 secs] 1041655K->1007223K(1499856K), 0.0055698 secs] [Times: user=0.01 sys=0.00, real=0.00 secs] 
2020-10-28T12:49:12.322+0000: [GC (Allocation Failure) 2020-10-28T12:49:12.322+0000: [ParNew: 34438K->6K(38720K), 0.0054710 secs] 1041655K->1007223K(1499856K), 0.0055320 secs] [Times: user=0.01 sys=0.00, real=0.01 secs] 
2020-10-28T12:49:12.368+0000: [GC (Allocation Failure) 2020-10-28T12:49:12.368+0000: [ParNew: 34438K->6K(38720K), 0.0055381 secs] 1041655K->1007223K(1499856K), 0.0056101 secs] [Times: user=0.01 sys=0.00, real=0.00 secs] 
2020-10-28T12:49:12.418+0000: [GC (Allocation Failure) 2020-10-28T12:49:12.418+0000: [ParNew: 34438K->6K(38720K), 0.0054744 secs] 1041655K->1007223K(1499856K), 0.0055351 secs] [Times: user=0.01 sys=0.00, real=0.00 secs] 
2020-10-28T12:49:12.470+0000: [GC (Allocation Failure) 2020-10-28T12:49:12.470+0000: [ParNew: 34438K->6K(38720K), 0.0054843 secs] 1041655K->1007223K(1499856K), 0.0055458 secs] [Times: user=0.02 sys=0.00, real=0.00 secs] 
2020-10-28T12:49:12.519+0000: [GC (Allocation Failure) 2020-10-28T12:49:12.519+0000: [ParNew: 34438K->6K(38720K), 0.0054951 secs] 1041655K->1007223K(1499856K), 0.0055572 secs] [Times: user=0.01 sys=0.00, real=0.00 secs] 
2020-10-28T12:49:12.566+0000: [GC (Allocation Failure) 2020-10-28T12:49:12.566+0000: [ParNew: 34438K->6K(38720K), 0.0055051 secs] 1041655K->1007223K(1499856K), 0.0055663 secs] [Times: user=0.01 sys=0.00, real=0.00 secs] 
2020-10-28T12:49:12.618+0000: [GC (Allocation Failure) 2020-10-28T12:49:12.618+0000: [ParNew: 34438K->6K(38720K), 0.0055353 secs] 1041655K->1007223K(1499856K), 0.0055993 secs] [Times: user=0.01 sys=0.00, real=0.00 secs] 
2020-10-28T12:49:12.663+0000: [GC (Allocation Failure) 2020-10-28T12:49:12.663+0000: [ParNew: 34438K->6K(38720K), 0.0055103 secs] 1041655K->1007223K(1499856K), 0.0055727 secs] [Times: user=0.01 sys=0.00, real=0.01 secs] 
2020-10-28T12:49:12.712+0000: [GC (Allocation Failure) 2020-10-28T12:49:12.712+0000: [ParNew: 34438K->6K(38720K), 0.0055101 secs] 1041655K->1007223K(1499856K), 0.0055950 secs] [Times: user=0.01 sys=0.00, real=0.01 secs] 
2020-10-28T12:49:12.758+0000: [GC (Allocation Failure) 2020-10-28T12:49:12.758+0000: [ParNew: 34438K->6K(38720K), 0.0055651 secs] 1041655K->1007223K(1499856K), 0.0056272 secs] [Times: user=0.01 sys=0.00, real=0.00 secs] 
2020-10-28T12:49:12.810+0000: [GC (Allocation Failure) 2020-10-28T12:49:12.810+0000: [ParNew: 34438K->6K(38720K), 0.0055195 secs] 1041655K->1007223K(1499856K), 0.0055891 secs] [Times: user=0.01 sys=0.00, real=0.00 secs] 
2020-10-28T12:49:12.859+0000: [GC (Allocation Failure) 2020-10-28T12:49:12.859+0000: [ParNew: 34438K->6K(38720K), 0.0055503 secs] 1041655K->1007223K(1499856K), 0.0056126 secs] [Times: user=0.02 sys=0.00, real=0.00 secs] 
2020-10-28T12:49:12.910+0000: [GC (Allocation Failure) 2020-10-28T12:49:12.910+0000: [ParNew: 34438K->6K(38720K), 0.0055518 secs] 1041655K->1007223K(1499856K), 0.0056152 secs] [Times: user=0.01 sys=0.00, real=0.00 secs] 
2020-10-28T12:49:12.956+0000: [GC (Allocation Failure) 2020-10-28T12:49:12.956+0000: [ParNew: 34438K->6K(38720K), 0.0056084 secs] 1041655K->1007223K(1499856K), 0.0056715 secs] [Times: user=0.01 sys=0.00, real=0.01 secs] 
2020-10-28T12:49:13.002+0000: [GC (Allocation Failure) 2020-10-28T12:49:13.002+0000: [ParNew: 34438K->4K(38720K), 0.0055939 secs] 1041655K->1007221K(1499856K), 0.0056551 secs] [Times: user=0.01 sys=0.00, real=0.01 secs] 
2020-10-28T12:49:13.052+0000: [GC (Allocation Failure) 2020-10-28T12:49:13.052+0000: [ParNew: 34436K->6K(38720K), 0.0055644 secs] 1041653K->1007223K(1499856K), 0.0056256 secs] [Times: user=0.02 sys=0.00, real=0.01 secs] 
2020-10-28T12:49:13.102+0000: [GC (Allocation Failure) 2020-10-28T12:49:13.102+0000: [ParNew: 34438K->6K(38720K), 0.0055441 secs] 1041655K->1007223K(1499856K), 0.0056064 secs] [Times: user=0.01 sys=0.00, real=0.01 secs] 
2020-10-28T12:49:13.147+0000: [GC (Allocation Failure) 2020-10-28T12:49:13.147+0000: [ParNew: 34438K->6K(38720K), 0.0055190 secs] 1041655K->1007223K(1499856K), 0.0055810 secs] [Times: user=0.02 sys=0.00, real=0.00 secs] 
2020-10-28T12:49:13.193+0000: [GC (Allocation Failure) 2020-10-28T12:49:13.193+0000: [ParNew: 34438K->4K(38720K), 0.0055342 secs] 1041655K->1007221K(1499856K), 0.0056112 secs] [Times: user=0.01 sys=0.00, real=0.01 secs] 
2020-10-28T12:49:13.242+0000: [GC (Allocation Failure) 2020-10-28T12:49:13.242+0000: [ParNew: 34436K->6K(38720K), 0.0055106 secs] 1041653K->1007223K(1499856K), 0.0055718 secs] [Times: user=0.01 sys=0.00, real=0.01 secs] 
2020-10-28T12:49:13.288+0000: [GC (Allocation Failure) 2020-10-28T12:49:13.288+0000: [ParNew: 34438K->6K(38720K), 0.0055094 secs] 1041655K->1007223K(1499856K), 0.0055788 secs] [Times: user=0.01 sys=0.00, real=0.00 secs] 
2020-10-28T12:49:13.338+0000: [GC (Allocation Failure) 2020-10-28T12:49:13.338+0000: [ParNew: 34438K->6K(38720K), 0.0056947 secs] 1041655K->1007223K(1499856K), 0.0057492 secs] [Times: user=0.01 sys=0.00, real=0.00 secs] 
2020-10-28T12:49:13.386+0000: [GC (Allocation Failure) 2020-10-28T12:49:13.386+0000: [ParNew: 34438K->6K(38720K), 0.0054976 secs] 1041655K->1007223K(1499856K), 0.0055586 secs] [Times: user=0.01 sys=0.00, real=0.00 secs] 
2020-10-28T12:49:13.431+0000: [GC (Allocation Failure) 2020-10-28T12:49:13.431+0000: [ParNew: 34438K->6K(38720K), 0.0054829 secs] 1041655K->1007223K(1499856K), 0.0055439 secs] [Times: user=0.01 sys=0.00, real=0.00 secs] 
2020-10-28T12:49:13.481+0000: [GC (Allocation Failure) 2020-10-28T12:49:13.481+0000: [ParNew: 34438K->6K(38720K), 0.0055126 secs] 1041655K->1007223K(1499856K), 0.0055734 secs] [Times: user=0.01 sys=0.00, real=0.01 secs] 
2020-10-28T12:49:13.526+0000: [GC (Allocation Failure) 2020-10-28T12:49:13.526+0000: [ParNew: 34438K->6K(38720K), 0.0054993 secs] 1041655K->1007223K(1499856K), 0.0055608 secs] [Times: user=0.01 sys=0.00, real=0.00 secs] 
2020-10-28T12:49:13.572+0000: [GC (Allocation Failure) 2020-10-28T12:49:13.572+0000: [ParNew: 34438K->6K(38720K), 0.0055104 secs] 1041655K->1007223K(1499856K), 0.0055886 secs] [Times: user=0.01 sys=0.00, real=0.00 secs] 
2020-10-28T12:49:13.618+0000: [GC (Allocation Failure) 2020-10-28T12:49:13.618+0000: [ParNew: 34438K->6K(38720K), 0.0055496 secs] 1041655K->1007223K(1499856K), 0.0056121 secs] [Times: user=0.01 sys=0.00, real=0.00 secs] 
2020-10-28T12:49:13.670+0000: [GC (Allocation Failure) 2020-10-28T12:49:13.670+0000: [ParNew: 34438K->6K(38720K), 0.0055347 secs] 1041655K->1007223K(1499856K), 0.0055966 secs] [Times: user=0.01 sys=0.00, real=0.00 secs] 
2020-10-28T12:49:13.720+0000: [GC (Allocation Failure) 2020-10-28T12:49:13.720+0000: [ParNew: 34438K->4K(38720K), 0.0055546 secs] 1041655K->1007221K(1499856K), 0.0056165 secs] [Times: user=0.01 sys=0.00, real=0.01 secs] 
2020-10-28T12:49:13.770+0000: [GC (Allocation Failure) 2020-10-28T12:49:13.770+0000: [ParNew: 34436K->6K(38720K), 0.0055723 secs] 1041653K->1007223K(1499856K), 0.0056369 secs] [Times: user=0.01 sys=0.00, real=0.00 secs] 
2020-10-28T12:49:13.816+0000: [GC (Allocation Failure) 2020-10-28T12:49:13.816+0000: [ParNew: 34438K->6K(38720K), 0.0055018 secs] 1041655K->1007223K(1499856K), 0.0055631 secs] [Times: user=0.01 sys=0.00, real=0.01 secs] 
2020-10-28T12:49:13.865+0000: [GC (Allocation Failure) 2020-10-28T12:49:13.865+0000: [ParNew: 34438K->6K(38720K), 0.0055252 secs] 1041655K->1007223K(1499856K), 0.0055893 secs] [Times: user=0.01 sys=0.00, real=0.01 secs] 
2020-10-28T12:49:13.911+0000: [GC (Allocation Failure) 2020-10-28T12:49:13.911+0000: [ParNew: 34438K->6K(38720K), 0.0055499 secs] 1041655K->1007223K(1499856K), 0.0056108 secs] [Times: user=0.01 sys=0.00, real=0.00 secs] 
2020-10-28T12:49:13.956+0000: [GC (Allocation Failure) 2020-10-28T12:49:13.956+0000: [ParNew: 34438K->6K(38720K), 0.0055864 secs] 1041655K->1007223K(1499856K), 0.0056851 secs] [Times: user=0.01 sys=0.00, real=0.01 secs] 
2020-10-28T12:49:14.006+0000: [GC (Allocation Failure) 2020-10-28T12:49:14.006+0000: [ParNew: 34438K->6K(38720K), 0.0056113 secs] 1041655K->1007223K(1499856K), 0.0056738 secs] [Times: user=0.01 sys=0.00, real=0.00 secs] 
2020-10-28T12:49:14.058+0000: [GC (Allocation Failure) 2020-10-28T12:49:14.058+0000: [ParNew: 34438K->6K(38720K), 0.0055318 secs] 1041655K->1007223K(1499856K), 0.0055926 secs] [Times: user=0.02 sys=0.00, real=0.00 secs] 
2020-10-28T12:49:14.106+0000: [GC (Allocation Failure) 2020-10-28T12:49:14.106+0000: [ParNew: 34438K->6K(38720K), 0.0055197 secs] 1041655K->1007223K(1499856K), 0.0055816 secs] [Times: user=0.01 sys=0.00, real=0.00 secs] 
2020-10-28T12:49:14.154+0000: [GC (Allocation Failure) 2020-10-28T12:49:14.154+0000: [ParNew: 34438K->6K(38720K), 0.0055334 secs] 1041655K->1007223K(1499856K), 0.0055939 secs] [Times: user=0.01 sys=0.00, real=0.01 secs] 
2020-10-28T12:49:14.203+0000: [GC (Allocation Failure) 2020-10-28T12:49:14.203+0000: [ParNew: 34438K->6K(38720K), 0.0061394 secs] 1041655K->1007223K(1499856K), 0.0062020 secs] [Times: user=0.02 sys=0.00, real=0.01 secs] 
2020-10-28T12:49:14.250+0000: [GC (Allocation Failure) 2020-10-28T12:49:14.250+0000: [ParNew: 34438K->6K(38720K), 0.0054977 secs] 1041655K->1007223K(1499856K), 0.0055599 secs] [Times: user=0.01 sys=0.00, real=0.00 secs] 
2020-10-28T12:49:14.295+0000: [GC (Allocation Failure) 2020-10-28T12:49:14.295+0000: [ParNew: 34438K->6K(38720K), 0.0054798 secs] 1041655K->1007223K(1499856K), 0.0055410 secs] [Times: user=0.01 sys=0.00, real=0.01 secs] 
2020-10-28T12:49:14.342+0000: [GC (Allocation Failure) 2020-10-28T12:49:14.342+0000: [ParNew: 34438K->4K(38720K), 0.0057591 secs] 1041655K->1007221K(1499856K), 0.0058383 secs] [Times: user=0.02 sys=0.00, real=0.01 secs] 
2020-10-28T12:49:14.392+0000: [GC (Allocation Failure) 2020-10-28T12:49:14.392+0000: [ParNew: 34436K->6K(38720K), 0.0055507 secs] 1041653K->1007223K(1499856K), 0.0056238 secs] [Times: user=0.01 sys=0.00, real=0.01 secs] 
2020-10-28T12:49:14.442+0000: [GC (Allocation Failure) 2020-10-28T12:49:14.442+0000: [ParNew: 34438K->6K(38720K), 0.0055721 secs] 1041655K->1007223K(1499856K), 0.0056356 secs] [Times: user=0.01 sys=0.00, real=0.01 secs] 
2020-10-28T12:49:14.488+0000: [GC (Allocation Failure) 2020-10-28T12:49:14.488+0000: [ParNew: 34438K->6K(38720K), 0.0055771 secs] 1041655K->1007223K(1499856K), 0.0056525 secs] [Times: user=0.01 sys=0.00, real=0.00 secs] 
2020-10-28T12:49:14.537+0000: [GC (Allocation Failure) 2020-10-28T12:49:14.537+0000: [ParNew: 34438K->6K(38720K), 0.0055495 secs] 1041655K->1007223K(1499856K), 0.0056103 secs] [Times: user=0.01 sys=0.00, real=0.01 secs] 
2020-10-28T12:49:14.582+0000: [GC (Allocation Failure) 2020-10-28T12:49:14.582+0000: [ParNew: 34438K->6K(38720K), 0.0055132 secs] 1041655K->1007223K(1499856K), 0.0055747 secs] [Times: user=0.01 sys=0.00, real=0.01 secs] 
2020-10-28T12:49:14.628+0000: [GC (Allocation Failure) 2020-10-28T12:49:14.628+0000: [ParNew: 34438K->6K(38720K), 0.0054778 secs] 1041655K->1007223K(1499856K), 0.0055388 secs] [Times: user=0.01 sys=0.00, real=0.00 secs] 
2020-10-28T12:49:14.680+0000: [GC (Allocation Failure) 2020-10-28T12:49:14.680+0000: [ParNew: 34438K->6K(38720K), 0.0055717 secs] 1041655K->1007223K(1499856K), 0.0056355 secs] [Times: user=0.01 sys=0.00, real=0.01 secs] 
2020-10-28T12:49:14.730+0000: [GC (Allocation Failure) 2020-10-28T12:49:14.730+0000: [ParNew: 34438K->6K(38720K), 0.0054854 secs] 1041655K->1007223K(1499856K), 0.0055455 secs] [Times: user=0.01 sys=0.00, real=0.00 secs] 
2020-10-28T12:49:14.794+0000: [GC (Allocation Failure) 2020-10-28T12:49:14.794+0000: [ParNew: 34438K->6K(38720K), 0.0055249 secs] 1041655K->1007223K(1499856K), 0.0055878 secs] [Times: user=0.01 sys=0.00, real=0.01 secs] 
2020-10-28T12:49:14.844+0000: [GC (Allocation Failure) 2020-10-28T12:49:14.844+0000: [ParNew: 34438K->6K(38720K), 0.0054988 secs] 1041655K->1007223K(1499856K), 0.0055614 secs] [Times: user=0.01 sys=0.00, real=0.01 secs] 
2020-10-28T12:49:14.893+0000: [GC (Allocation Failure) 2020-10-28T12:49:14.893+0000: [ParNew: 34438K->6K(38720K), 0.0054947 secs] 1041655K->1007223K(1499856K), 0.0055563 secs] [Times: user=0.01 sys=0.00, real=0.01 secs] 
2020-10-28T12:49:14.944+0000: [GC (Allocation Failure) 2020-10-28T12:49:14.944+0000: [ParNew: 34438K->6K(38720K), 0.0054993 secs] 1041655K->1007223K(1499856K), 0.0055621 secs] [Times: user=0.02 sys=0.00, real=0.01 secs] 
2020-10-28T12:49:14.989+0000: [GC (Allocation Failure) 2020-10-28T12:49:14.989+0000: [ParNew: 34438K->6K(38720K), 0.0055473 secs] 1041655K->1007223K(1499856K), 0.0056096 secs] [Times: user=0.01 sys=0.00, real=0.00 secs] 
2020-10-28T12:49:15.038+0000: [GC (Allocation Failure) 2020-10-28T12:49:15.038+0000: [ParNew: 34438K->4K(38720K), 0.0055206 secs] 1041655K->1007221K(1499856K), 0.0055834 secs] [Times: user=0.01 sys=0.00, real=0.00 secs] 
2020-10-28T12:49:15.089+0000: [GC (Allocation Failure) 2020-10-28T12:49:15.089+0000: [ParNew: 34436K->6K(38720K), 0.0055759 secs] 1041653K->1007223K(1499856K), 0.0056394 secs] [Times: user=0.01 sys=0.00, real=0.00 secs] 
2020-10-28T12:49:15.140+0000: [GC (Allocation Failure) 2020-10-28T12:49:15.140+0000: [ParNew: 34438K->6K(38720K), 0.0055256 secs] 1041655K->1007223K(1499856K), 0.0055895 secs] [Times: user=0.01 sys=0.00, real=0.01 secs] 
2020-10-28T12:49:15.186+0000: [GC (Allocation Failure) 2020-10-28T12:49:15.186+0000: [ParNew: 34438K->6K(38720K), 0.0055068 secs] 1041655K->1007223K(1499856K), 0.0055680 secs] [Times: user=0.01 sys=0.00, real=0.00 secs] 
2020-10-28T12:49:15.234+0000: [GC (Allocation Failure) 2020-10-28T12:49:15.234+0000: [ParNew: 34438K->6K(38720K), 0.0055569 secs] 1041655K->1007223K(1499856K), 0.0056192 secs] [Times: user=0.01 sys=0.00, real=0.01 secs] 
2020-10-28T12:49:15.286+0000: [GC (Allocation Failure) 2020-10-28T12:49:15.286+0000: [ParNew: 34438K->6K(38720K), 0.0056052 secs] 1041655K->1007223K(1499856K), 0.0056622 secs] [Times: user=0.02 sys=0.00, real=0.00 secs] 
2020-10-28T12:49:15.337+0000: [GC (Allocation Failure) 2020-10-28T12:49:15.337+0000: [ParNew: 34438K->4K(38720K), 0.0056229 secs] 1041655K->1007221K(1499856K), 0.0056816 secs] [Times: user=0.01 sys=0.00, real=0.01 secs] 
2020-10-28T12:49:15.386+0000: [GC (Allocation Failure) 2020-10-28T12:49:15.386+0000: [ParNew: 34436K->6K(38720K), 0.0055222 secs] 1041653K->1007223K(1499856K), 0.0055845 secs] [Times: user=0.01 sys=0.00, real=0.00 secs] 
2020-10-28T12:49:15.434+0000: [GC (Allocation Failure) 2020-10-28T12:49:15.434+0000: [ParNew: 34438K->6K(38720K), 0.0055256 secs] 1041655K->1007224K(1499856K), 0.0055875 secs] [Times: user=0.01 sys=0.00, real=0.01 secs] 
2020-10-28T12:49:15.483+0000: [GC (Allocation Failure) 2020-10-28T12:49:15.483+0000: [ParNew: 34438K->6K(38720K), 0.0055048 secs] 1041656K->1007224K(1499856K), 0.0055670 secs] [Times: user=0.01 sys=0.00, real=0.01 secs] 
2020-10-28T12:49:15.534+0000: [GC (Allocation Failure) 2020-10-28T12:49:15.534+0000: [ParNew: 34438K->4K(38720K), 0.0055295 secs] 1041656K->1007222K(1499856K), 0.0055927 secs] [Times: user=0.01 sys=0.00, real=0.01 secs] 
2020-10-28T12:49:15.582+0000: [GC (Allocation Failure) 2020-10-28T12:49:15.582+0000: [ParNew: 34436K->6K(38720K), 0.0054751 secs] 1041654K->1007224K(1499856K), 0.0055369 secs] [Times: user=0.01 sys=0.00, real=0.01 secs] 
2020-10-28T12:49:15.631+0000: [GC (Allocation Failure) 2020-10-28T12:49:15.631+0000: [ParNew: 34438K->6K(38720K), 0.0054924 secs] 1041656K->1007224K(1499856K), 0.0055544 secs] [Times: user=0.01 sys=0.00, real=0.00 secs] 
2020-10-28T12:49:15.677+0000: [GC (Allocation Failure) 2020-10-28T12:49:15.677+0000: [ParNew: 34438K->6K(38720K), 0.0054826 secs] 1041656K->1007224K(1499856K), 0.0055435 secs] [Times: user=0.01 sys=0.00, real=0.01 secs] 
2020-10-28T12:49:15.729+0000: [GC (Allocation Failure) 2020-10-28T12:49:15.729+0000: [ParNew: 34438K->6K(38720K), 0.0055062 secs] 1041656K->1007224K(1499856K), 0.0055699 secs] [Times: user=0.02 sys=0.00, real=0.00 secs] 
2020-10-28T12:49:15.778+0000: [GC (Allocation Failure) 2020-10-28T12:49:15.778+0000: [ParNew: 34438K->6K(38720K), 0.0055459 secs] 1041656K->1007224K(1499856K), 0.0056090 secs] [Times: user=0.01 sys=0.00, real=0.00 secs] 
2020-10-28T12:49:15.827+0000: [GC (Allocation Failure) 2020-10-28T12:49:15.828+0000: [ParNew: 34438K->6K(38720K), 0.0054950 secs] 1041656K->1007224K(1499856K), 0.0055571 secs] [Times: user=0.01 sys=0.00, real=0.00 secs] 
2020-10-28T12:49:15.874+0000: [GC (Allocation Failure) 2020-10-28T12:49:15.874+0000: [ParNew: 34438K->6K(38720K), 0.0054741 secs] 1041656K->1007224K(1499856K), 0.0055363 secs] [Times: user=0.01 sys=0.00, real=0.01 secs] 
2020-10-28T12:49:15.926+0000: [GC (Allocation Failure) 2020-10-28T12:49:15.926+0000: [ParNew: 34438K->6K(38720K), 0.0055560 secs] 1041656K->1007224K(1499856K), 0.0056202 secs] [Times: user=0.01 sys=0.00, real=0.00 secs] 
2020-10-28T12:49:15.972+0000: [GC (Allocation Failure) 2020-10-28T12:49:15.972+0000: [ParNew: 34438K->6K(38720K), 0.0056298 secs] 1041656K->1007224K(1499856K), 0.0056900 secs] [Times: user=0.01 sys=0.00, real=0.00 secs] 
2020-10-28T12:49:16.022+0000: [GC (Allocation Failure) 2020-10-28T12:49:16.022+0000: [ParNew: 34438K->4K(38720K), 0.0055601 secs] 1041656K->1007222K(1499856K), 0.0056209 secs] [Times: user=0.01 sys=0.00, real=0.01 secs] 
2020-10-28T12:49:16.070+0000: [GC (Allocation Failure) 2020-10-28T12:49:16.070+0000: [ParNew: 34436K->6K(38720K), 0.0056135 secs] 1041654K->1007224K(1499856K), 0.0056756 secs] [Times: user=0.01 sys=0.00, real=0.00 secs] 
2020-10-28T12:49:16.115+0000: [GC (Allocation Failure) 2020-10-28T12:49:16.115+0000: [ParNew: 34438K->6K(38720K), 0.0055036 secs] 1041656K->1007224K(1499856K), 0.0055661 secs] [Times: user=0.01 sys=0.00, real=0.01 secs] 
2020-10-28T12:49:16.166+0000: [GC (Allocation Failure) 2020-10-28T12:49:16.166+0000: [ParNew: 34438K->4K(38720K), 0.0055178 secs] 1041656K->1007222K(1499856K), 0.0055806 secs] [Times: user=0.01 sys=0.00, real=0.00 secs] 
2020-10-28T12:49:16.212+0000: [GC (Allocation Failure) 2020-10-28T12:49:16.212+0000: [ParNew: 34436K->6K(38720K), 0.0055138 secs] 1041654K->1007224K(1499856K), 0.0055840 secs] [Times: user=0.01 sys=0.00, real=0.00 secs] 
2020-10-28T12:49:16.261+0000: [GC (Allocation Failure) 2020-10-28T12:49:16.261+0000: [ParNew: 34438K->6K(38720K), 0.0056086 secs] 1041656K->1007224K(1499856K), 0.0056713 secs] [Times: user=0.01 sys=0.00, real=0.01 secs] 
2020-10-28T12:49:16.311+0000: [GC (Allocation Failure) 2020-10-28T12:49:16.311+0000: [ParNew: 34438K->6K(38720K), 0.0056016 secs] 1041656K->1007224K(1499856K), 0.0056644 secs] [Times: user=0.01 sys=0.00, real=0.00 secs] 
2020-10-28T12:49:16.357+0000: [GC (Allocation Failure) 2020-10-28T12:49:16.357+0000: [ParNew: 34438K->6K(38720K), 0.0056288 secs] 1041656K->1007224K(1499856K), 0.0056903 secs] [Times: user=0.01 sys=0.00, real=0.01 secs] 
2020-10-28T12:49:16.403+0000: [GC (Allocation Failure) 2020-10-28T12:49:16.403+0000: [ParNew: 34438K->6K(38720K), 0.0055558 secs] 1041656K->1007224K(1499856K), 0.0056185 secs] [Times: user=0.01 sys=0.00, real=0.01 secs] 
2020-10-28T12:49:16.453+0000: [GC (Allocation Failure) 2020-10-28T12:49:16.453+0000: [ParNew: 34438K->4K(38720K), 0.0056225 secs] 1041656K->1007222K(1499856K), 0.0056861 secs] [Times: user=0.01 sys=0.00, real=0.01 secs] 
2020-10-28T12:49:16.499+0000: [GC (Allocation Failure) 2020-10-28T12:49:16.499+0000: [ParNew: 34436K->6K(38720K), 0.0055596 secs] 1041654K->1007224K(1499856K), 0.0056215 secs] [Times: user=0.01 sys=0.00, real=0.00 secs] 
2020-10-28T12:49:16.549+0000: [GC (Allocation Failure) 2020-10-28T12:49:16.549+0000: [ParNew: 34438K->6K(38720K), 0.0055255 secs] 1041656K->1007224K(1499856K), 0.0055863 secs] [Times: user=0.01 sys=0.00, real=0.00 secs] 
2020-10-28T12:49:16.595+0000: [GC (Allocation Failure) 2020-10-28T12:49:16.595+0000: [ParNew: 34438K->6K(38720K), 0.0055287 secs] 1041656K->1007224K(1499856K), 0.0056095 secs] [Times: user=0.01 sys=0.00, real=0.01 secs] 
2020-10-28T12:49:16.640+0000: [GC (Allocation Failure) 2020-10-28T12:49:16.641+0000: [ParNew: 34438K->6K(38720K), 0.0054953 secs] 1041656K->1007224K(1499856K), 0.0055563 secs] [Times: user=0.01 sys=0.00, real=0.01 secs] 
2020-10-28T12:49:16.686+0000: [GC (Allocation Failure) 2020-10-28T12:49:16.686+0000: [ParNew: 34438K->6K(38720K), 0.0055748 secs] 1041656K->1007224K(1499856K), 0.0056493 secs] [Times: user=0.01 sys=0.00, real=0.00 secs] 
2020-10-28T12:49:16.732+0000: [GC (Allocation Failure) 2020-10-28T12:49:16.732+0000: [ParNew: 34438K->6K(38720K), 0.0054680 secs] 1041656K->1007224K(1499856K), 0.0055303 secs] [Times: user=0.01 sys=0.00, real=0.00 secs] 
2020-10-28T12:49:16.778+0000: [GC (Allocation Failure) 2020-10-28T12:49:16.778+0000: [ParNew: 34438K->6K(38720K), 0.0054831 secs] 1041656K->1007224K(1499856K), 0.0055464 secs] [Times: user=0.01 sys=0.00, real=0.00 secs] 
2020-10-28T12:49:16.823+0000: [GC (Allocation Failure) 2020-10-28T12:49:16.823+0000: [ParNew: 34438K->4K(38720K), 0.0055648 secs] 1041656K->1007222K(1499856K), 0.0056278 secs] [Times: user=0.01 sys=0.00, real=0.01 secs] 
2020-10-28T12:49:16.869+0000: [GC (Allocation Failure) 2020-10-28T12:49:16.869+0000: [ParNew: 34436K->4K(38720K), 0.0055409 secs] 1041654K->1007222K(1499856K), 0.0056023 secs] [Times: user=0.01 sys=0.00, real=0.00 secs] 
2020-10-28T12:49:16.915+0000: [GC (Allocation Failure) 2020-10-28T12:49:16.915+0000: [ParNew: 34436K->6K(38720K), 0.0055155 secs] 1041654K->1007224K(1499856K), 0.0055770 secs] [Times: user=0.01 sys=0.00, real=0.01 secs] 
2020-10-28T12:49:16.964+0000: [GC (Allocation Failure) 2020-10-28T12:49:16.964+0000: [ParNew: 34438K->6K(38720K), 0.0055362 secs] 1041656K->1007224K(1499856K), 0.0055982 secs] [Times: user=0.01 sys=0.00, real=0.01 secs] 
2020-10-28T12:49:17.014+0000: [GC (Allocation Failure) 2020-10-28T12:49:17.014+0000: [ParNew: 34438K->6K(38720K), 0.0065079 secs] 1041656K->1007224K(1499856K), 0.0065701 secs] [Times: user=0.01 sys=0.00, real=0.01 secs] 
2020-10-28T12:49:17.064+0000: [GC (Allocation Failure) 2020-10-28T12:49:17.065+0000: [ParNew: 34438K->6K(38720K), 0.0054977 secs] 1041656K->1007224K(1499856K), 0.0055637 secs] [Times: user=0.01 sys=0.00, real=0.01 secs] 
2020-10-28T12:49:17.114+0000: [GC (Allocation Failure) 2020-10-28T12:49:17.114+0000: [ParNew: 34438K->6K(38720K), 0.0055288 secs] 1041656K->1007224K(1499856K), 0.0055911 secs] [Times: user=0.01 sys=0.00, real=0.01 secs] 
2020-10-28T12:49:17.160+0000: [GC (Allocation Failure) 2020-10-28T12:49:17.160+0000: [ParNew: 34438K->6K(38720K), 0.0055394 secs] 1041656K->1007224K(1499856K), 0.0056038 secs] [Times: user=0.01 sys=0.00, real=0.01 secs] 
2020-10-28T12:49:17.213+0000: [GC (Allocation Failure) 2020-10-28T12:49:17.213+0000: [ParNew: 34438K->6K(38720K), 0.0055069 secs] 1041656K->1007224K(1499856K), 0.0055682 secs] [Times: user=0.01 sys=0.00, real=0.01 secs] 
2020-10-28T12:49:17.262+0000: [GC (Allocation Failure) 2020-10-28T12:49:17.262+0000: [ParNew: 34438K->4K(38720K), 0.0055148 secs] 1041656K->1007222K(1499856K), 0.0055765 secs] [Times: user=0.01 sys=0.00, real=0.01 secs] 
2020-10-28T12:49:17.307+0000: [GC (Allocation Failure) 2020-10-28T12:49:17.307+0000: [ParNew: 34436K->6K(38720K), 0.0055725 secs] 1041654K->1007224K(1499856K), 0.0056344 secs] [Times: user=0.01 sys=0.00, real=0.00 secs] 
2020-10-28T12:49:17.354+0000: [GC (Allocation Failure) 2020-10-28T12:49:17.354+0000: [ParNew: 34438K->6K(38720K), 0.0054963 secs] 1041656K->1007224K(1499856K), 0.0055590 secs] [Times: user=0.01 sys=0.00, real=0.01 secs] 
2020-10-28T12:49:17.402+0000: [GC (Allocation Failure) 2020-10-28T12:49:17.402+0000: [ParNew: 34438K->6K(38720K), 0.0054732 secs] 1041656K->1007224K(1499856K), 0.0055341 secs] [Times: user=0.02 sys=0.00, real=0.01 secs] 
2020-10-28T12:49:17.453+0000: [GC (Allocation Failure) 2020-10-28T12:49:17.453+0000: [ParNew: 34438K->6K(38720K), 0.0055263 secs] 1041656K->1007224K(1499856K), 0.0056043 secs] [Times: user=0.01 sys=0.00, real=0.01 secs] 
2020-10-28T12:49:17.502+0000: [GC (Allocation Failure) 2020-10-28T12:49:17.502+0000: [ParNew: 34438K->6K(38720K), 0.0054954 secs] 1041656K->1007224K(1499856K), 0.0055576 secs] [Times: user=0.01 sys=0.00, real=0.01 secs] 
2020-10-28T12:49:17.547+0000: [GC (Allocation Failure) 2020-10-28T12:49:17.547+0000: [ParNew: 34438K->6K(38720K), 0.0055378 secs] 1041656K->1007224K(1499856K), 0.0056003 secs] [Times: user=0.01 sys=0.00, real=0.00 secs] 
2020-10-28T12:49:17.598+0000: [GC (Allocation Failure) 2020-10-28T12:49:17.598+0000: [ParNew: 34438K->6K(38720K), 0.0055586 secs] 1041656K->1007224K(1499856K), 0.0056348 secs] [Times: user=0.01 sys=0.00, real=0.00 secs] 
2020-10-28T12:49:17.644+0000: [GC (Allocation Failure) 2020-10-28T12:49:17.644+0000: [ParNew: 34438K->6K(38720K), 0.0054741 secs] 1041656K->1007224K(1499856K), 0.0055348 secs] [Times: user=0.01 sys=0.00, real=0.01 secs] 
2020-10-28T12:49:17.690+0000: [GC (Allocation Failure) 2020-10-28T12:49:17.690+0000: [ParNew: 34438K->4K(38720K), 0.0055756 secs] 1041656K->1007222K(1499856K), 0.0056399 secs] [Times: user=0.01 sys=0.00, real=0.00 secs] 
2020-10-28T12:49:17.739+0000: [GC (Allocation Failure) 2020-10-28T12:49:17.739+0000: [ParNew: 34436K->6K(38720K), 0.0054988 secs] 1041654K->1007224K(1499856K), 0.0055605 secs] [Times: user=0.02 sys=0.00, real=0.00 secs] 
2020-10-28T12:49:17.790+0000: [GC (Allocation Failure) 2020-10-28T12:49:17.790+0000: [ParNew: 34438K->6K(38720K), 0.0055074 secs] 1041656K->1007224K(1499856K), 0.0055713 secs] [Times: user=0.01 sys=0.00, real=0.00 secs] 
2020-10-28T12:49:17.836+0000: [GC (Allocation Failure) 2020-10-28T12:49:17.836+0000: [ParNew: 34438K->6K(38720K), 0.0054957 secs] 1041656K->1007224K(1499856K), 0.0055585 secs] [Times: user=0.01 sys=0.00, real=0.01 secs] 
2020-10-28T12:49:17.882+0000: [GC (Allocation Failure) 2020-10-28T12:49:17.882+0000: [ParNew: 34438K->6K(38720K), 0.0054879 secs] 1041656K->1007224K(1499856K), 0.0055490 secs] [Times: user=0.01 sys=0.00, real=0.01 secs] 
2020-10-28T12:49:17.931+0000: [GC (Allocation Failure) 2020-10-28T12:49:17.931+0000: [ParNew: 34438K->6K(38720K), 0.0055215 secs] 1041656K->1007224K(1499856K), 0.0055837 secs] [Times: user=0.01 sys=0.00, real=0.00 secs] 
2020-10-28T12:49:17.978+0000: [GC (Allocation Failure) 2020-10-28T12:49:17.978+0000: [ParNew: 34438K->6K(38720K), 0.0055656 secs] 1041656K->1007224K(1499856K), 0.0056280 secs] [Times: user=0.01 sys=0.00, real=0.00 secs] 
2020-10-28T12:49:18.027+0000: [GC (Allocation Failure) 2020-10-28T12:49:18.027+0000: [ParNew: 34438K->6K(38720K), 0.0064370 secs] 1041656K->1007224K(1499856K), 0.0064970 secs] [Times: user=0.01 sys=0.00, real=0.00 secs] 
2020-10-28T12:49:18.076+0000: [GC (Allocation Failure) 2020-10-28T12:49:18.076+0000: [ParNew: 34438K->6K(38720K), 0.0088053 secs] 1041656K->1007224K(1499856K), 0.0088811 secs] [Times: user=0.01 sys=0.00, real=0.01 secs] 
2020-10-28T12:49:18.126+0000: [GC (Allocation Failure) 2020-10-28T12:49:18.126+0000: [ParNew: 34438K->6K(38720K), 0.0055727 secs] 1041656K->1007224K(1499856K), 0.0056355 secs] [Times: user=0.01 sys=0.00, real=0.00 secs] 
2020-10-28T12:49:18.174+0000: [GC (Allocation Failure) 2020-10-28T12:49:18.174+0000: [ParNew: 34438K->6K(38720K), 0.0054955 secs] 1041656K->1007224K(1499856K), 0.0055561 secs] [Times: user=0.01 sys=0.00, real=0.01 secs] 
2020-10-28T12:49:18.219+0000: [GC (Allocation Failure) 2020-10-28T12:49:18.219+0000: [ParNew: 34438K->6K(38720K), 0.0055210 secs] 1041656K->1007224K(1499856K), 0.0055822 secs] [Times: user=0.01 sys=0.00, real=0.00 secs] 
2020-10-28T12:49:18.269+0000: [GC (Allocation Failure) 2020-10-28T12:49:18.269+0000: [ParNew: 34438K->6K(38720K), 0.0055624 secs] 1041656K->1007224K(1499856K), 0.0056238 secs] [Times: user=0.01 sys=0.00, real=0.00 secs] 
2020-10-28T12:49:18.318+0000: [GC (Allocation Failure) 2020-10-28T12:49:18.318+0000: [ParNew: 34438K->6K(38720K), 0.0054887 secs] 1041656K->1007224K(1499856K), 0.0055484 secs] [Times: user=0.01 sys=0.00, real=0.00 secs] 
2020-10-28T12:49:18.364+0000: [GC (Allocation Failure) 2020-10-28T12:49:18.364+0000: [ParNew: 34438K->6K(38720K), 0.0055599 secs] 1041656K->1007224K(1499856K), 0.0056234 secs] [Times: user=0.01 sys=0.00, real=0.01 secs] 
2020-10-28T12:49:18.414+0000: [GC (Allocation Failure) 2020-10-28T12:49:18.414+0000: [ParNew: 34438K->6K(38720K), 0.0055276 secs] 1041656K->1007224K(1499856K), 0.0055895 secs] [Times: user=0.01 sys=0.00, real=0.01 secs] 
2020-10-28T12:49:18.460+0000: [GC (Allocation Failure) 2020-10-28T12:49:18.460+0000: [ParNew: 34438K->6K(38720K), 0.0055423 secs] 1041656K->1007224K(1499856K), 0.0056165 secs] [Times: user=0.02 sys=0.00, real=0.00 secs] 
2020-10-28T12:49:18.505+0000: [GC (Allocation Failure) 2020-10-28T12:49:18.505+0000: [ParNew: 34438K->6K(38720K), 0.0055464 secs] 1041656K->1007224K(1499856K), 0.0056182 secs] [Times: user=0.01 sys=0.00, real=0.01 secs] 
2020-10-28T12:49:18.555+0000: [GC (Allocation Failure) 2020-10-28T12:49:18.555+0000: [ParNew: 34438K->6K(38720K), 0.0054917 secs] 1041656K->1007224K(1499856K), 0.0055533 secs] [Times: user=0.01 sys=0.00, real=0.01 secs] 
2020-10-28T12:49:18.604+0000: [GC (Allocation Failure) 2020-10-28T12:49:18.604+0000: [ParNew: 34438K->6K(38720K), 0.0055299 secs] 1041656K->1007224K(1499856K), 0.0055908 secs] [Times: user=0.01 sys=0.00, real=0.01 secs] 
2020-10-28T12:49:18.650+0000: [GC (Allocation Failure) 2020-10-28T12:49:18.650+0000: [ParNew: 34438K->6K(38720K), 0.0055117 secs] 1041656K->1007224K(1499856K), 0.0055733 secs] [Times: user=0.01 sys=0.00, real=0.00 secs] 
2020-10-28T12:49:18.696+0000: [GC (Allocation Failure) 2020-10-28T12:49:18.696+0000: [ParNew: 34438K->6K(38720K), 0.0055939 secs] 1041656K->1007224K(1499856K), 0.0056546 secs] [Times: user=0.01 sys=0.00, real=0.01 secs] 
2020-10-28T12:49:18.746+0000: [GC (Allocation Failure) 2020-10-28T12:49:18.746+0000: [ParNew: 34438K->6K(38720K), 0.0054915 secs] 1041656K->1007224K(1499856K), 0.0055540 secs] [Times: user=0.01 sys=0.00, real=0.00 secs] 
2020-10-28T12:49:18.791+0000: [GC (Allocation Failure) 2020-10-28T12:49:18.791+0000: [ParNew: 34438K->6K(38720K), 0.0055267 secs] 1041656K->1007224K(1499856K), 0.0055877 secs] [Times: user=0.01 sys=0.00, real=0.00 secs] 
2020-10-28T12:49:18.837+0000: [GC (Allocation Failure) 2020-10-28T12:49:18.837+0000: [ParNew: 34438K->6K(38720K), 0.0055594 secs] 1041656K->1007224K(1499856K), 0.0056413 secs] [Times: user=0.01 sys=0.00, real=0.01 secs] 
2020-10-28T12:49:18.887+0000: [GC (Allocation Failure) 2020-10-28T12:49:18.888+0000: [ParNew: 34438K->6K(38720K), 0.0055333 secs] 1041656K->1007224K(1499856K), 0.0055939 secs] [Times: user=0.02 sys=0.00, real=0.00 secs] 
2020-10-28T12:49:18.933+0000: [GC (Allocation Failure) 2020-10-28T12:49:18.933+0000: [ParNew: 34438K->6K(38720K), 0.0055941 secs] 1041656K->1007224K(1499856K), 0.0056641 secs] [Times: user=0.01 sys=0.00, real=0.01 secs] 
2020-10-28T12:49:18.979+0000: [GC (Allocation Failure) 2020-10-28T12:49:18.979+0000: [ParNew: 34438K->6K(38720K), 0.0055167 secs] 1041656K->1007224K(1499856K), 0.0055782 secs] [Times: user=0.01 sys=0.00, real=0.00 secs] 
2020-10-28T12:49:19.026+0000: [GC (Allocation Failure) 2020-10-28T12:49:19.026+0000: [ParNew: 34438K->6K(38720K), 0.0055299 secs] 1041656K->1007224K(1499856K), 0.0055897 secs] [Times: user=0.01 sys=0.00, real=0.00 secs] 
2020-10-28T12:49:19.083+0000: [GC (Allocation Failure) 2020-10-28T12:49:19.083+0000: [ParNew: 34438K->24K(38720K), 0.0056521 secs] 1041656K->1007242K(1499856K), 0.0057122 secs] [Times: user=0.01 sys=0.00, real=0.01 secs] 
2020-10-28T12:49:19.134+0000: [GC (Allocation Failure) 2020-10-28T12:49:19.134+0000: [ParNew: 34456K->6K(38720K), 0.0056218 secs] 1041674K->1007224K(1499856K), 0.0056847 secs] [Times: user=0.01 sys=0.00, real=0.01 secs] 
2020-10-28T12:49:19.186+0000: [GC (Allocation Failure) 2020-10-28T12:49:19.186+0000: [ParNew: 34438K->6K(38720K), 0.0055550 secs] 1041656K->1007224K(1499856K), 0.0056176 secs] [Times: user=0.01 sys=0.00, real=0.00 secs] 
2020-10-28T12:49:19.231+0000: [GC (Allocation Failure) 2020-10-28T12:49:19.231+0000: [ParNew: 34438K->6K(38720K), 0.0055163 secs] 1041656K->1007224K(1499856K), 0.0055775 secs] [Times: user=0.01 sys=0.00, real=0.00 secs] 
2020-10-28T12:49:19.281+0000: [GC (Allocation Failure) 2020-10-28T12:49:19.281+0000: [ParNew: 34438K->6K(38720K), 0.0055011 secs] 1041656K->1007224K(1499856K), 0.0055620 secs] [Times: user=0.01 sys=0.00, real=0.01 secs] 
2020-10-28T12:49:19.332+0000: [GC (Allocation Failure) 2020-10-28T12:49:19.332+0000: [ParNew: 34438K->6K(38720K), 0.0055195 secs] 1041656K->1007224K(1499856K), 0.0055740 secs] [Times: user=0.01 sys=0.00, real=0.01 secs] 
2020-10-28T12:49:19.378+0000: [GC (Allocation Failure) 2020-10-28T12:49:19.378+0000: [ParNew: 34438K->6K(38720K), 0.0055056 secs] 1041656K->1007224K(1499856K), 0.0055677 secs] [Times: user=0.01 sys=0.00, real=0.00 secs] 
2020-10-28T12:49:19.426+0000: [GC (Allocation Failure) 2020-10-28T12:49:19.426+0000: [ParNew: 34438K->6K(38720K), 0.0054999 secs] 1041656K->1007224K(1499856K), 0.0055602 secs] [Times: user=0.01 sys=0.00, real=0.00 secs] 
2020-10-28T12:49:19.477+0000: [GC (Allocation Failure) 2020-10-28T12:49:19.478+0000: [ParNew: 34438K->6K(38720K), 0.0054822 secs] 1041656K->1007224K(1499856K), 0.0055432 secs] [Times: user=0.02 sys=0.00, real=0.00 secs] 
2020-10-28T12:49:19.523+0000: [GC (Allocation Failure) 2020-10-28T12:49:19.523+0000: [ParNew: 34438K->6K(38720K), 0.0054592 secs] 1041656K->1007224K(1499856K), 0.0055206 secs] [Times: user=0.02 sys=0.00, real=0.01 secs] 
2020-10-28T12:49:19.574+0000: [GC (Allocation Failure) 2020-10-28T12:49:19.574+0000: [ParNew: 34438K->6K(38720K), 0.0054631 secs] 1041656K->1007224K(1499856K), 0.0055237 secs] [Times: user=0.01 sys=0.00, real=0.01 secs] 
2020-10-28T12:49:19.628+0000: [GC (Allocation Failure) 2020-10-28T12:49:19.628+0000: [ParNew: 34438K->6K(38720K), 0.0056346 secs] 1041656K->1007224K(1499856K), 0.0056965 secs] [Times: user=0.01 sys=0.00, real=0.00 secs] 
2020-10-28T12:49:19.690+0000: [GC (Allocation Failure) 2020-10-28T12:49:19.690+0000: [ParNew: 34438K->6K(38720K), 0.0055806 secs] 1041656K->1007225K(1499856K), 0.0056434 secs] [Times: user=0.01 sys=0.00, real=0.00 secs] 
2020-10-28T12:49:19.757+0000: [GC (Allocation Failure) 2020-10-28T12:49:19.757+0000: [ParNew: 34438K->6K(38720K), 0.0055801 secs] 1041657K->1007225K(1499856K), 0.0056544 secs] [Times: user=0.01 sys=0.00, real=0.01 secs] 
2020-10-28T12:49:19.820+0000: [GC (Allocation Failure) 2020-10-28T12:49:19.820+0000: [ParNew: 34438K->6K(38720K), 0.0054908 secs] 1041657K->1007225K(1499856K), 0.0055520 secs] [Times: user=0.01 sys=0.00, real=0.01 secs] 
2020-10-28T12:49:19.871+0000: [GC (Allocation Failure) 2020-10-28T12:49:19.871+0000: [ParNew: 34438K->7K(38720K), 0.0056398 secs] 1041657K->1007225K(1499856K), 0.0057015 secs] [Times: user=0.01 sys=0.00, real=0.00 secs] 
2020-10-28T12:49:19.930+0000: [GC (Allocation Failure) 2020-10-28T12:49:19.930+0000: [ParNew: 34439K->7K(38720K), 0.0055143 secs] 1041657K->1007225K(1499856K), 0.0055758 secs] [Times: user=0.01 sys=0.00, real=0.00 secs] 
2020-10-28T12:49:19.994+0000: [GC (Allocation Failure) 2020-10-28T12:49:19.994+0000: [ParNew: 34439K->4K(38720K), 0.0055748 secs] 1041657K->1007225K(1499856K), 0.0056355 secs] [Times: user=0.02 sys=0.00, real=0.01 secs] 
2020-10-28T12:49:20.053+0000: [GC (Allocation Failure) 2020-10-28T12:49:20.053+0000: [ParNew: 34436K->4K(38720K), 0.0055719 secs] 1041657K->1007224K(1499856K), 0.0056349 secs] [Times: user=0.01 sys=0.00, real=0.01 secs] 
2020-10-28T12:49:20.116+0000: [GC (Allocation Failure) 2020-10-28T12:49:20.116+0000: [ParNew: 34436K->4K(38720K), 0.0056399 secs] 1041656K->1007224K(1499856K), 0.0057039 secs] [Times: user=0.01 sys=0.00, real=0.01 secs] 
2020-10-28T12:49:20.171+0000: [GC (Allocation Failure) 2020-10-28T12:49:20.171+0000: [ParNew: 34436K->4K(38720K), 0.0054968 secs] 1041656K->1007224K(1499856K), 0.0055584 secs] [Times: user=0.01 sys=0.00, real=0.00 secs] 
2020-10-28T12:49:20.246+0000: [GC (Allocation Failure) 2020-10-28T12:49:20.246+0000: [ParNew: 34436K->6K(38720K), 0.0056038 secs] 1041656K->1007226K(1499856K), 0.0056649 secs] [Times: user=0.01 sys=0.00, real=0.00 secs] 
2020-10-28T12:49:20.358+0000: [GC (Allocation Failure) 2020-10-28T12:49:20.358+0000: [ParNew: 34438K->6K(38720K), 0.0055923 secs] 1041658K->1007226K(1499856K), 0.0056534 secs] [Times: user=0.01 sys=0.00, real=0.00 secs] 
2020-10-28T12:49:20.458+0000: [GC (Allocation Failure) 2020-10-28T12:49:20.458+0000: [ParNew: 34438K->6K(38720K), 0.0055470 secs] 1041658K->1007226K(1499856K), 0.0056095 secs] [Times: user=0.01 sys=0.00, real=0.00 secs] 
2020-10-28T12:49:20.521+0000: [GC (Allocation Failure) 2020-10-28T12:49:20.521+0000: [ParNew: 34438K->6K(38720K), 0.0055329 secs] 1041658K->1007227K(1499856K), 0.0055944 secs] [Times: user=0.01 sys=0.00, real=0.01 secs] 
2020-10-28T12:49:20.614+0000: [GC (Allocation Failure) 2020-10-28T12:49:20.614+0000: [ParNew: 34438K->6K(38720K), 0.0077119 secs] 1041659K->1007227K(1499856K), 0.0077758 secs] [Times: user=0.01 sys=0.00, real=0.01 secs] 
2020-10-28T12:49:20.719+0000: [GC (Allocation Failure) 2020-10-28T12:49:20.719+0000: [ParNew: 34438K->6K(38720K), 0.0056051 secs] 1041659K->1007227K(1499856K), 0.0056656 secs] [Times: user=0.01 sys=0.00, real=0.00 secs] 
2020-10-28T12:49:20.900+0000: [GC (Allocation Failure) 2020-10-28T12:49:20.900+0000: [ParNew: 34438K->4K(38720K), 0.0056144 secs] 1041659K->1007227K(1499856K), 0.0056775 secs] [Times: user=0.01 sys=0.00, real=0.00 secs] 
2020-10-28T12:49:21.058+0000: [GC (Allocation Failure) 2020-10-28T12:49:21.058+0000: [ParNew: 34436K->4K(38720K), 0.0056089 secs] 1041659K->1007227K(1499856K), 0.0056724 secs] [Times: user=0.01 sys=0.00, real=0.00 secs] 
2020-10-28T12:49:21.222+0000: [GC (Allocation Failure) 2020-10-28T12:49:21.222+0000: [ParNew: 34436K->4K(38720K), 0.0054823 secs] 1041659K->1007227K(1499856K), 0.0055460 secs] [Times: user=0.02 sys=0.00, real=0.01 secs] 
2020-10-28T12:49:21.426+0000: [GC (Allocation Failure) 2020-10-28T12:49:21.426+0000: [ParNew: 34436K->4K(38720K), 0.0055187 secs] 1041659K->1007227K(1499856K), 0.0055809 secs] [Times: user=0.01 sys=0.00, real=0.00 secs] 
2020-10-28T12:49:21.605+0000: [GC (Allocation Failure) 2020-10-28T12:49:21.605+0000: [ParNew: 34436K->4K(38720K), 0.0055621 secs] 1041659K->1007227K(1499856K), 0.0056243 secs] [Times: user=0.02 sys=0.00, real=0.01 secs] 
2020-10-28T12:49:21.750+0000: [GC (Allocation Failure) 2020-10-28T12:49:21.750+0000: [ParNew: 34436K->4K(38720K), 0.0054933 secs] 1041659K->1007228K(1499856K), 0.0055558 secs] [Times: user=0.01 sys=0.00, real=0.00 secs] 
2020-10-28T12:49:21.962+0000: [GC (Allocation Failure) 2020-10-28T12:49:21.962+0000: [ParNew: 34436K->142K(38720K), 0.0057133 secs] 1041660K->1007367K(1499856K), 0.0057811 secs] [Times: user=0.01 sys=0.00, real=0.01 secs] 
2020-10-28T12:49:22.130+0000: [GC (Allocation Failure) 2020-10-28T12:49:22.130+0000: [ParNew: 34574K->18K(38720K), 0.0056906 secs] 1041799K->1007242K(1499856K), 0.0057581 secs] [Times: user=0.01 sys=0.00, real=0.00 secs] 
2020-10-28T12:49:22.408+0000: [GC (Allocation Failure) 2020-10-28T12:49:22.408+0000: [ParNew: 34450K->19K(38720K), 0.0056141 secs] 1041674K->1007244K(1499856K), 0.0056844 secs] [Times: user=0.02 sys=0.00, real=0.00 secs] 
2020-10-28T12:49:22.599+0000: [GC (Allocation Failure) 2020-10-28T12:49:22.599+0000: [ParNew: 34451K->21K(38720K), 0.0055673 secs] 1041676K->1007246K(1499856K), 0.0056305 secs] [Times: user=0.01 sys=0.00, real=0.00 secs] 
2020-10-28T12:49:22.782+0000: [GC (Allocation Failure) 2020-10-28T12:49:22.782+0000: [ParNew: 34453K->22K(38720K), 0.0055539 secs] 1041678K->1007246K(1499856K), 0.0056307 secs] [Times: user=0.01 sys=0.00, real=0.01 secs] 
2020-10-28T12:49:22.914+0000: [GC (Allocation Failure) 2020-10-28T12:49:22.914+0000: [ParNew: 34454K->22K(38720K), 0.0056416 secs] 1041678K->1007247K(1499856K), 0.0057056 secs] [Times: user=0.01 sys=0.00, real=0.01 secs] 
2020-10-28T12:49:23.014+0000: [GC (Allocation Failure) 2020-10-28T12:49:23.014+0000: [ParNew: 34454K->15K(38720K), 0.0057784 secs] 1041679K->1007253K(1499856K), 0.0058406 secs] [Times: user=0.01 sys=0.00, real=0.01 secs] 
2020-10-28T12:49:23.106+0000: [GC (Allocation Failure) 2020-10-28T12:49:23.106+0000: [ParNew: 34447K->7K(38720K), 0.0077782 secs] 1041685K->1007244K(1499856K), 0.0078546 secs] [Times: user=0.02 sys=0.00, real=0.00 secs] 
2020-10-28T12:49:23.188+0000: [GC (Allocation Failure) 2020-10-28T12:49:23.188+0000: [ParNew: 34439K->4K(38720K), 0.0055070 secs] 1041676K->1007243K(1499856K), 0.0055711 secs] [Times: user=0.01 sys=0.00, real=0.00 secs] 
2020-10-28T12:49:23.236+0000: [GC (Allocation Failure) 2020-10-28T12:49:23.236+0000: [ParNew: 34436K->4K(38720K), 0.0055348 secs] 1041675K->1007243K(1499856K), 0.0055986 secs] [Times: user=0.01 sys=0.00, real=0.01 secs] 
2020-10-28T12:49:23.286+0000: [GC (Allocation Failure) 2020-10-28T12:49:23.286+0000: [ParNew: 34436K->4K(38720K), 0.0054626 secs] 1041675K->1007243K(1499856K), 0.0055267 secs] [Times: user=0.01 sys=0.00, real=0.00 secs] 
2020-10-28T12:49:23.344+0000: [GC (Allocation Failure) 2020-10-28T12:49:23.344+0000: [ParNew: 34436K->4K(38720K), 0.0057623 secs] 1041675K->1007244K(1499856K), 0.0058206 secs] [Times: user=0.01 sys=0.00, real=0.01 secs] 
2020-10-28T12:49:23.418+0000: [GC (Allocation Failure) 2020-10-28T12:49:23.418+0000: [ParNew: 34436K->4K(38720K), 0.0056030 secs] 1041676K->1007244K(1499856K), 0.0056643 secs] [Times: user=0.01 sys=0.00, real=0.00 secs] 
2020-10-28T12:49:23.494+0000: [GC (Allocation Failure) 2020-10-28T12:49:23.494+0000: [ParNew: 34436K->4K(38720K), 0.0055719 secs] 1041676K->1007244K(1499856K), 0.0056387 secs] [Times: user=0.01 sys=0.00, real=0.01 secs] 
2020-10-28T12:49:23.550+0000: [GC (Allocation Failure) 2020-10-28T12:49:23.550+0000: [ParNew: 34436K->4K(38720K), 0.0055535 secs] 1041676K->1007244K(1499856K), 0.0056181 secs] [Times: user=0.01 sys=0.00, real=0.00 secs] 
2020-10-28T12:49:23.630+0000: [GC (Allocation Failure) 2020-10-28T12:49:23.630+0000: [ParNew: 34436K->2K(38720K), 0.0055190 secs] 1041676K->1007242K(1499856K), 0.0055819 secs] [Times: user=0.02 sys=0.00, real=0.00 secs] 
2020-10-28T12:49:23.679+0000: [GC (Allocation Failure) 2020-10-28T12:49:23.679+0000: [ParNew: 34434K->4K(38720K), 0.0055485 secs] 1041674K->1007244K(1499856K), 0.0056137 secs] [Times: user=0.01 sys=0.00, real=0.00 secs] 
2020-10-28T12:49:23.738+0000: [GC (Allocation Failure) 2020-10-28T12:49:23.738+0000: [ParNew: 34436K->4K(38720K), 0.0055057 secs] 1041676K->1007244K(1499856K), 0.0055686 secs] [Times: user=0.01 sys=0.00, real=0.00 secs] 
2020-10-28T12:49:23.782+0000: [GC (Allocation Failure) 2020-10-28T12:49:23.782+0000: [ParNew: 34436K->4K(38720K), 0.0117698 secs] 1041676K->1007244K(1499856K), 0.0118473 secs] [Times: user=0.02 sys=0.00, real=0.01 secs] 
2020-10-28T12:49:23.847+0000: [GC (Allocation Failure) 2020-10-28T12:49:23.847+0000: [ParNew: 34436K->4K(38720K), 0.0056131 secs] 1041676K->1007244K(1499856K), 0.0056768 secs] [Times: user=0.01 sys=0.00, real=0.00 secs] 
2020-10-28T12:49:23.903+0000: [GC (Allocation Failure) 2020-10-28T12:49:23.903+0000: [ParNew: 34436K->4K(38720K), 0.0055234 secs] 1041676K->1007244K(1499856K), 0.0055876 secs] [Times: user=0.01 sys=0.00, real=0.01 secs] 
2020-10-28T12:49:23.954+0000: [GC (Allocation Failure) 2020-10-28T12:49:23.954+0000: [ParNew: 34436K->4K(38720K), 0.0054549 secs] 1041676K->1007244K(1499856K), 0.0055188 secs] [Times: user=0.01 sys=0.00, real=0.01 secs] 
2020-10-28T12:49:24.014+0000: [GC (Allocation Failure) 2020-10-28T12:49:24.014+0000: [ParNew: 34436K->4K(38720K), 0.0054900 secs] 1041676K->1007244K(1499856K), 0.0055528 secs] [Times: user=0.01 sys=0.00, real=0.01 secs] 
2020-10-28T12:49:24.070+0000: [GC (Allocation Failure) 2020-10-28T12:49:24.070+0000: [ParNew: 34436K->4K(38720K), 0.0055548 secs] 1041676K->1007244K(1499856K), 0.0056191 secs] [Times: user=0.01 sys=0.00, real=0.00 secs] 
2020-10-28T12:49:24.124+0000: [GC (Allocation Failure) 2020-10-28T12:49:24.124+0000: [ParNew: 34436K->4K(38720K), 0.0055131 secs] 1041676K->1007244K(1499856K), 0.0055779 secs] [Times: user=0.01 sys=0.00, real=0.01 secs] 
2020-10-28T12:49:24.174+0000: [GC (Allocation Failure) 2020-10-28T12:49:24.174+0000: [ParNew: 34436K->4K(38720K), 0.0054736 secs] 1041676K->1007244K(1499856K), 0.0055368 secs] [Times: user=0.01 sys=0.00, real=0.01 secs] 
2020-10-28T12:49:24.227+0000: [GC (Allocation Failure) 2020-10-28T12:49:24.227+0000: [ParNew: 34436K->4K(38720K), 0.0054553 secs] 1041676K->1007244K(1499856K), 0.0055157 secs] [Times: user=0.01 sys=0.00, real=0.00 secs] 
2020-10-28T12:49:24.279+0000: [GC (Allocation Failure) 2020-10-28T12:49:24.280+0000: [ParNew: 34436K->4K(38720K), 0.0054877 secs] 1041676K->1007244K(1499856K), 0.0055502 secs] [Times: user=0.01 sys=0.00, real=0.00 secs] 
2020-10-28T12:49:24.338+0000: [GC (Allocation Failure) 2020-10-28T12:49:24.338+0000: [ParNew: 34436K->4K(38720K), 0.0056960 secs] 1041676K->1007244K(1499856K), 0.0057592 secs] [Times: user=0.01 sys=0.00, real=0.00 secs] 
2020-10-28T12:49:24.386+0000: [GC (Allocation Failure) 2020-10-28T12:49:24.386+0000: [ParNew: 34436K->4K(38720K), 0.0078872 secs] 1041676K->1007244K(1499856K), 0.0079514 secs] [Times: user=0.01 sys=0.00, real=0.00 secs] 
2020-10-28T12:49:24.430+0000: [GC (Allocation Failure) 2020-10-28T12:49:24.430+0000: [ParNew: 34436K->4K(38720K), 0.0054918 secs] 1041676K->1007244K(1499856K), 0.0055546 secs] [Times: user=0.01 sys=0.00, real=0.00 secs] 
2020-10-28T12:49:24.478+0000: [GC (Allocation Failure) 2020-10-28T12:49:24.478+0000: [ParNew: 34436K->4K(38720K), 0.0055083 secs] 1041676K->1007244K(1499856K), 0.0055720 secs] [Times: user=0.01 sys=0.00, real=0.00 secs] 
2020-10-28T12:49:24.518+0000: [GC (Allocation Failure) 2020-10-28T12:49:24.518+0000: [ParNew: 34436K->4K(38720K), 0.0055788 secs] 1041676K->1007244K(1499856K), 0.0056418 secs] [Times: user=0.01 sys=0.00, real=0.00 secs] 
2020-10-28T12:49:24.559+0000: [GC (Allocation Failure) 2020-10-28T12:49:24.559+0000: [ParNew: 34436K->4K(38720K), 0.0054755 secs] 1041676K->1007244K(1499856K), 0.0055358 secs] [Times: user=0.01 sys=0.00, real=0.00 secs] 
2020-10-28T12:49:24.599+0000: [GC (Allocation Failure) 2020-10-28T12:49:24.599+0000: [ParNew: 34436K->4K(38720K), 0.0054759 secs] 1041676K->1007245K(1499856K), 0.0055364 secs] [Times: user=0.01 sys=0.00, real=0.00 secs] 
2020-10-28T12:49:24.646+0000: [GC (Allocation Failure) 2020-10-28T12:49:24.646+0000: [ParNew: 34436K->4K(38720K), 0.0055103 secs] 1041677K->1007245K(1499856K), 0.0055739 secs] [Times: user=0.01 sys=0.00, real=0.00 secs] 
2020-10-28T12:49:24.686+0000: [GC (Allocation Failure) 2020-10-28T12:49:24.686+0000: [ParNew: 34436K->4K(38720K), 0.0054945 secs] 1041677K->1007245K(1499856K), 0.0055572 secs] [Times: user=0.01 sys=0.00, real=0.00 secs] 
2020-10-28T12:49:24.731+0000: [GC (Allocation Failure) 2020-10-28T12:49:24.731+0000: [ParNew: 34436K->4K(38720K), 0.0054563 secs] 1041677K->1007245K(1499856K), 0.0055169 secs] [Times: user=0.01 sys=0.00, real=0.00 secs] 
2020-10-28T12:49:24.771+0000: [GC (Allocation Failure) 2020-10-28T12:49:24.771+0000: [ParNew: 34436K->4K(38720K), 0.0056244 secs] 1041677K->1007245K(1499856K), 0.0056877 secs] [Times: user=0.01 sys=0.00, real=0.00 secs] 
2020-10-28T12:49:24.816+0000: [GC (Allocation Failure) 2020-10-28T12:49:24.816+0000: [ParNew: 34436K->4K(38720K), 0.0054981 secs] 1041677K->1007245K(1499856K), 0.0055625 secs] [Times: user=0.01 sys=0.00, real=0.01 secs] 
2020-10-28T12:49:24.856+0000: [GC (Allocation Failure) 2020-10-28T12:49:24.856+0000: [ParNew: 34436K->4K(38720K), 0.0055892 secs] 1041677K->1007245K(1499856K), 0.0056529 secs] [Times: user=0.01 sys=0.00, real=0.01 secs] 
2020-10-28T12:49:24.897+0000: [GC (Allocation Failure) 2020-10-28T12:49:24.897+0000: [ParNew: 34436K->4K(38720K), 0.0055437 secs] 1041677K->1007245K(1499856K), 0.0056194 secs] [Times: user=0.01 sys=0.00, real=0.01 secs] 
2020-10-28T12:49:24.938+0000: [GC (Allocation Failure) 2020-10-28T12:49:24.938+0000: [ParNew: 34436K->4K(38720K), 0.0055003 secs] 1041677K->1007245K(1499856K), 0.0055634 secs] [Times: user=0.01 sys=0.00, real=0.00 secs] 
2020-10-28T12:49:24.979+0000: [GC (Allocation Failure) 2020-10-28T12:49:24.979+0000: [ParNew: 34436K->4K(38720K), 0.0054922 secs] 1041677K->1007245K(1499856K), 0.0055543 secs] [Times: user=0.01 sys=0.00, real=0.00 secs] 
2020-10-28T12:49:25.024+0000: [GC (Allocation Failure) 2020-10-28T12:49:25.024+0000: [ParNew: 34436K->4K(38720K), 0.0055349 secs] 1041677K->1007245K(1499856K), 0.0055963 secs] [Times: user=0.01 sys=0.00, real=0.01 secs] 
2020-10-28T12:49:25.065+0000: [GC (Allocation Failure) 2020-10-28T12:49:25.065+0000: [ParNew: 34436K->4K(38720K), 0.0054915 secs] 1041677K->1007245K(1499856K), 0.0055555 secs] [Times: user=0.01 sys=0.00, real=0.01 secs] 
2020-10-28T12:49:25.105+0000: [GC (Allocation Failure) 2020-10-28T12:49:25.105+0000: [ParNew: 34436K->4K(38720K), 0.0054779 secs] 1041677K->1007245K(1499856K), 0.0055546 secs] [Times: user=0.01 sys=0.00, real=0.01 secs] 
2020-10-28T12:49:25.146+0000: [GC (Allocation Failure) 2020-10-28T12:49:25.147+0000: [ParNew: 34436K->4K(38720K), 0.0054774 secs] 1041677K->1007245K(1499856K), 0.0055381 secs] [Times: user=0.01 sys=0.00, real=0.00 secs] 
2020-10-28T12:49:25.191+0000: [GC (Allocation Failure) 2020-10-28T12:49:25.191+0000: [ParNew: 34436K->4K(38720K), 0.0054820 secs] 1041677K->1007245K(1499856K), 0.0055461 secs] [Times: user=0.01 sys=0.00, real=0.00 secs] 
2020-10-28T12:49:25.232+0000: [GC (Allocation Failure) 2020-10-28T12:49:25.232+0000: [ParNew: 34436K->4K(38720K), 0.0055035 secs] 1041677K->1007245K(1499856K), 0.0055663 secs] [Times: user=0.01 sys=0.00, real=0.01 secs] 
2020-10-28T12:49:25.281+0000: [GC (Allocation Failure) 2020-10-28T12:49:25.281+0000: [ParNew: 34436K->4K(38720K), 0.0054800 secs] 1041677K->1007245K(1499856K), 0.0055389 secs] [Times: user=0.01 sys=0.00, real=0.01 secs] 
2020-10-28T12:49:25.322+0000: [GC (Allocation Failure) 2020-10-28T12:49:25.322+0000: [ParNew: 34436K->4K(38720K), 0.0055550 secs] 1041677K->1007245K(1499856K), 0.0056090 secs] [Times: user=0.01 sys=0.00, real=0.01 secs] 
2020-10-28T12:49:25.366+0000: [GC (Allocation Failure) 2020-10-28T12:49:25.366+0000: [ParNew: 34436K->4K(38720K), 0.0055253 secs] 1041677K->1007245K(1499856K), 0.0055890 secs] [Times: user=0.01 sys=0.00, real=0.00 secs] 
2020-10-28T12:49:25.406+0000: [GC (Allocation Failure) 2020-10-28T12:49:25.406+0000: [ParNew: 34436K->4K(38720K), 0.0055210 secs] 1041677K->1007245K(1499856K), 0.0055847 secs] [Times: user=0.01 sys=0.00, real=0.00 secs] 
2020-10-28T12:49:25.450+0000: [GC (Allocation Failure) 2020-10-28T12:49:25.450+0000: [ParNew: 34436K->4K(38720K), 0.0055031 secs] 1041677K->1007245K(1499856K), 0.0055653 secs] [Times: user=0.02 sys=0.00, real=0.00 secs] 
2020-10-28T12:49:25.498+0000: [GC (Allocation Failure) 2020-10-28T12:49:25.498+0000: [ParNew: 34436K->4K(38720K), 0.0054621 secs] 1041677K->1007245K(1499856K), 0.0055252 secs] [Times: user=0.01 sys=0.00, real=0.00 secs] 
2020-10-28T12:49:25.545+0000: [GC (Allocation Failure) 2020-10-28T12:49:25.545+0000: [ParNew: 34436K->4K(38720K), 0.0054836 secs] 1041677K->1007245K(1499856K), 0.0055458 secs] [Times: user=0.01 sys=0.00, real=0.01 secs] 
2020-10-28T12:49:25.589+0000: [GC (Allocation Failure) 2020-10-28T12:49:25.589+0000: [ParNew: 34436K->4K(38720K), 0.0055177 secs] 1041677K->1007245K(1499856K), 0.0055907 secs] [Times: user=0.01 sys=0.00, real=0.00 secs] 
2020-10-28T12:49:25.634+0000: [GC (Allocation Failure) 2020-10-28T12:49:25.634+0000: [ParNew: 34436K->4K(38720K), 0.0055166 secs] 1041677K->1007245K(1499856K), 0.0055797 secs] [Times: user=0.01 sys=0.00, real=0.01 secs] 
2020-10-28T12:49:25.714+0000: [GC (Allocation Failure) 2020-10-28T12:49:25.714+0000: [ParNew: 34436K->4K(38720K), 0.0055224 secs] 1041677K->1007245K(1499856K), 0.0055855 secs] [Times: user=0.01 sys=0.00, real=0.01 secs] 
2020-10-28T12:49:25.790+0000: [GC (Allocation Failure) 2020-10-28T12:49:25.790+0000: [ParNew: 34436K->4K(38720K), 0.0054586 secs] 1041677K->1007245K(1499856K), 0.0055209 secs] [Times: user=0.01 sys=0.00, real=0.00 secs] 
2020-10-28T12:49:25.835+0000: [GC (Allocation Failure) 2020-10-28T12:49:25.835+0000: [ParNew: 34436K->4K(38720K), 0.0054798 secs] 1041677K->1007245K(1499856K), 0.0055436 secs] [Times: user=0.01 sys=0.00, real=0.01 secs] 
2020-10-28T12:49:25.875+0000: [GC (Allocation Failure) 2020-10-28T12:49:25.875+0000: [ParNew: 34436K->4K(38720K), 0.0056016 secs] 1041677K->1007245K(1499856K), 0.0056632 secs] [Times: user=0.01 sys=0.00, real=0.01 secs] 
2020-10-28T12:49:25.916+0000: [GC (Allocation Failure) 2020-10-28T12:49:25.916+0000: [ParNew: 34436K->4K(38720K), 0.0054861 secs] 1041677K->1007245K(1499856K), 0.0055483 secs] [Times: user=0.01 sys=0.00, real=0.01 secs] 
2020-10-28T12:49:25.958+0000: [GC (Allocation Failure) 2020-10-28T12:49:25.958+0000: [ParNew: 34436K->4K(38720K), 0.0054851 secs] 1041677K->1007245K(1499856K), 0.0055464 secs] [Times: user=0.01 sys=0.00, real=0.00 secs] 
2020-10-28T12:49:25.998+0000: [GC (Allocation Failure) 2020-10-28T12:49:25.998+0000: [ParNew: 34436K->4K(38720K), 0.0055148 secs] 1041677K->1007246K(1499856K), 0.0055795 secs] [Times: user=0.01 sys=0.00, real=0.00 secs] 
2020-10-28T12:49:26.042+0000: [GC (Allocation Failure) 2020-10-28T12:49:26.042+0000: [ParNew: 34436K->4K(38720K), 0.0055165 secs] 1041678K->1007246K(1499856K), 0.0055791 secs] [Times: user=0.01 sys=0.00, real=0.01 secs] 
2020-10-28T12:49:26.090+0000: [GC (Allocation Failure) 2020-10-28T12:49:26.090+0000: [ParNew: 34436K->6K(38720K), 0.0055301 secs] 1041678K->1007249K(1499856K), 0.0055943 secs] [Times: user=0.02 sys=0.00, real=0.00 secs] 
2020-10-28T12:49:26.132+0000: [GC (Allocation Failure) 2020-10-28T12:49:26.132+0000: [ParNew: 34438K->4K(38720K), 0.0055766 secs] 1041681K->1007246K(1499856K), 0.0056385 secs] [Times: user=0.02 sys=0.00, real=0.00 secs] 
2020-10-28T12:49:26.173+0000: [GC (Allocation Failure) 2020-10-28T12:49:26.173+0000: [ParNew: 34436K->4K(38720K), 0.0055216 secs] 1041678K->1007246K(1499856K), 0.0055857 secs] [Times: user=0.01 sys=0.00, real=0.01 secs] 
2020-10-28T12:49:26.218+0000: [GC (Allocation Failure) 2020-10-28T12:49:26.218+0000: [ParNew: 34436K->6K(38720K), 0.0054759 secs] 1041678K->1007249K(1499856K), 0.0055374 secs] [Times: user=0.01 sys=0.00, real=0.00 secs] 
2020-10-28T12:49:26.276+0000: [GC (Allocation Failure) 2020-10-28T12:49:26.276+0000: [ParNew: 34438K->6K(38720K), 0.0055276 secs] 1041681K->1007249K(1499856K), 0.0055945 secs] [Times: user=0.01 sys=0.00, real=0.01 secs] 
2020-10-28T12:49:26.323+0000: [GC (Allocation Failure) 2020-10-28T12:49:26.323+0000: [ParNew: 34438K->6K(38720K), 0.0054918 secs] 1041681K->1007249K(1499856K), 0.0055608 secs] [Times: user=0.01 sys=0.00, real=0.01 secs] 
2020-10-28T12:49:26.371+0000: [GC (Allocation Failure) 2020-10-28T12:49:26.371+0000: [ParNew: 34438K->4K(38720K), 0.0055074 secs] 1041681K->1007248K(1499856K), 0.0055697 secs] [Times: user=0.01 sys=0.00, real=0.00 secs] 
2020-10-28T12:49:26.419+0000: [GC (Allocation Failure) 2020-10-28T12:49:26.419+0000: [ParNew: 34436K->4K(38720K), 0.0055009 secs] 1041680K->1007248K(1499856K), 0.0055708 secs] [Times: user=0.01 sys=0.00, real=0.00 secs] 
2020-10-28T12:49:26.466+0000: [GC (Allocation Failure) 2020-10-28T12:49:26.466+0000: [ParNew: 34436K->4K(38720K), 0.0054930 secs] 1041680K->1007248K(1499856K), 0.0055559 secs] [Times: user=0.02 sys=0.00, real=0.00 secs] 
2020-10-28T12:49:26.750+0000: [GC (Allocation Failure) 2020-10-28T12:49:26.750+0000: [ParNew: 34436K->3074K(38720K), 0.0189002 secs] 1041680K->1010319K(1499856K), 0.0189926 secs] [Times: user=0.04 sys=0.00, real=0.02 secs] 
2020-10-28T12:49:26.865+0000: [GC (Allocation Failure) 2020-10-28T12:49:26.865+0000: [ParNew: 37506K->671K(38720K), 0.0158821 secs] 1044751K->1010653K(1499856K), 0.0159704 secs] [Times: user=0.03 sys=0.00, real=0.02 secs] 
2020-10-28T12:49:26.937+0000: [GC (Allocation Failure) 2020-10-28T12:49:26.937+0000: [ParNew: 35103K->882K(38720K), 0.0057895 secs] 1045085K->1010864K(1499856K), 0.0058513 secs] [Times: user=0.01 sys=0.00, real=0.01 secs] 
2020-10-28T12:49:27.001+0000: [GC (Allocation Failure) 2020-10-28T12:49:27.001+0000: [ParNew: 35314K->1363K(38720K), 0.0058704 secs] 1045296K->1011345K(1499856K), 0.0059329 secs] [Times: user=0.01 sys=0.00, real=0.01 secs] 
2020-10-28T12:49:27.074+0000: [GC (Allocation Failure) 2020-10-28T12:49:27.074+0000: [ParNew: 35795K->1610K(38720K), 0.0058550 secs] 1045777K->1011592K(1499856K), 0.0059164 secs] [Times: user=0.01 sys=0.00, real=0.01 secs] 
2020-10-28T12:49:27.134+0000: [GC (Allocation Failure) 2020-10-28T12:49:27.134+0000: [ParNew: 36042K->2119K(38720K), 0.0064762 secs] 1046024K->1012101K(1499856K), 0.0065397 secs] [Times: user=0.02 sys=0.00, real=0.01 secs] 
2020-10-28T12:49:27.233+0000: [GC (Allocation Failure) 2020-10-28T12:49:27.233+0000: [ParNew: 36551K->1597K(38720K), 0.0059253 secs] 1046533K->1011579K(1499856K), 0.0060127 secs] [Times: user=0.02 sys=0.00, real=0.01 secs] 
2020-10-28T12:49:27.311+0000: [GC (Allocation Failure) 2020-10-28T12:49:27.311+0000: [ParNew: 36029K->1578K(38720K), 0.0071611 secs] 1046011K->1011614K(1499856K), 0.0072245 secs] [Times: user=0.01 sys=0.00, real=0.01 secs] 
2020-10-28T12:49:27.386+0000: [GC (Allocation Failure) 2020-10-28T12:49:27.386+0000: [ParNew: 36010K->1547K(38720K), 0.0059327 secs] 1046046K->1011583K(1499856K), 0.0060154 secs] [Times: user=0.01 sys=0.00, real=0.00 secs] 
2020-10-28T12:49:27.452+0000: [GC (Allocation Failure) 2020-10-28T12:49:27.452+0000: [ParNew: 35979K->4K(38720K), 0.0120627 secs] 1046015K->1010040K(1499856K), 0.0121265 secs] [Times: user=0.03 sys=0.00, real=0.01 secs] 
2020-10-28T12:49:27.527+0000: [GC (Allocation Failure) 2020-10-28T12:49:27.528+0000: [ParNew: 34436K->6K(38720K), 0.0055382 secs] 1044472K->1010042K(1499856K), 0.0056201 secs] [Times: user=0.01 sys=0.00, real=0.00 secs] 
2020-10-28T12:49:27.592+0000: [GC (Allocation Failure) 2020-10-28T12:49:27.592+0000: [ParNew: 34438K->6K(38720K), 0.0055670 secs] 1044474K->1010042K(1499856K), 0.0056490 secs] [Times: user=0.01 sys=0.00, real=0.00 secs] 
2020-10-28T12:49:27.662+0000: [GC (Allocation Failure) 2020-10-28T12:49:27.662+0000: [ParNew: 34438K->6K(38720K), 0.0055212 secs] 1044474K->1010042K(1499856K), 0.0056024 secs] [Times: user=0.01 sys=0.00, real=0.01 secs] 
2020-10-28T12:49:27.734+0000: [GC (Allocation Failure) 2020-10-28T12:49:27.734+0000: [ParNew: 34438K->6K(38720K), 0.0055488 secs] 1044474K->1010042K(1499856K), 0.0056318 secs] [Times: user=0.01 sys=0.00, real=0.01 secs] 
2020-10-28T12:49:27.801+0000: [GC (Allocation Failure) 2020-10-28T12:49:27.801+0000: [ParNew: 34438K->6K(38720K), 0.0118461 secs] 1044474K->1010042K(1499856K), 0.0119325 secs] [Times: user=0.01 sys=0.01, real=0.01 secs] 
2020-10-28T12:49:27.878+0000: [GC (Allocation Failure) 2020-10-28T12:49:27.878+0000: [ParNew: 34438K->6K(38720K), 0.0065716 secs] 1044474K->1010042K(1499856K), 0.0066464 secs] [Times: user=0.01 sys=0.00, real=0.00 secs] 
2020-10-28T12:49:27.940+0000: [GC (Allocation Failure) 2020-10-28T12:49:27.940+0000: [ParNew: 34438K->6K(38720K), 0.0059142 secs] 1044474K->1010042K(1499856K), 0.0059768 secs] [Times: user=0.01 sys=0.00, real=0.01 secs] 
2020-10-28T12:49:28.010+0000: [GC (Allocation Failure) 2020-10-28T12:49:28.010+0000: [ParNew: 34438K->6K(38720K), 0.0055885 secs] 1044474K->1010042K(1499856K), 0.0056506 secs] [Times: user=0.01 sys=0.00, real=0.00 secs] 
2020-10-28T12:49:28.074+0000: [GC (Allocation Failure) 2020-10-28T12:49:28.074+0000: [ParNew: 34438K->6K(38720K), 0.0055910 secs] 1044474K->1010043K(1499856K), 0.0056542 secs] [Times: user=0.01 sys=0.00, real=0.01 secs] 
2020-10-28T12:49:28.134+0000: [GC (Allocation Failure) 2020-10-28T12:49:28.134+0000: [ParNew: 34438K->6K(38720K), 0.0055605 secs] 1044475K->1010042K(1499856K), 0.0056257 secs] [Times: user=0.01 sys=0.00, real=0.01 secs] 
2020-10-28T12:49:28.190+0000: [GC (Allocation Failure) 2020-10-28T12:49:28.190+0000: [ParNew: 34438K->6K(38720K), 0.0056014 secs] 1044474K->1010043K(1499856K), 0.0056658 secs] [Times: user=0.01 sys=0.00, real=0.00 secs] 
2020-10-28T12:49:28.245+0000: [GC (Allocation Failure) 2020-10-28T12:49:28.245+0000: [ParNew: 34438K->6K(38720K), 0.0056372 secs] 1044475K->1010042K(1499856K), 0.0057009 secs] [Times: user=0.01 sys=0.00, real=0.01 secs] 
2020-10-28T12:49:28.298+0000: [GC (Allocation Failure) 2020-10-28T12:49:28.298+0000: [ParNew: 34438K->6K(38720K), 0.0055482 secs] 1044474K->1010042K(1499856K), 0.0056100 secs] [Times: user=0.01 sys=0.00, real=0.00 secs] 
2020-10-28T12:49:28.353+0000: [GC (Allocation Failure) 2020-10-28T12:49:28.353+0000: [ParNew: 34438K->6K(38720K), 0.0056675 secs] 1044474K->1010043K(1499856K), 0.0057315 secs] [Times: user=0.02 sys=0.00, real=0.01 secs] 
2020-10-28T12:49:28.410+0000: [GC (Allocation Failure) 2020-10-28T12:49:28.410+0000: [ParNew: 34438K->6K(38720K), 0.0055972 secs] 1044475K->1010043K(1499856K), 0.0056837 secs] [Times: user=0.01 sys=0.00, real=0.00 secs] 
2020-10-28T12:49:28.465+0000: [GC (Allocation Failure) 2020-10-28T12:49:28.465+0000: [ParNew: 34438K->6K(38720K), 0.0055309 secs] 1044475K->1010043K(1499856K), 0.0055918 secs] [Times: user=0.01 sys=0.00, real=0.01 secs] 
2020-10-28T12:49:28.525+0000: [GC (Allocation Failure) 2020-10-28T12:49:28.525+0000: [ParNew: 34438K->6K(38720K), 0.0055462 secs] 1044475K->1010043K(1499856K), 0.0056088 secs] [Times: user=0.00 sys=0.01, real=0.01 secs] 
2020-10-28T12:49:28.585+0000: [GC (Allocation Failure) 2020-10-28T12:49:28.585+0000: [ParNew: 34438K->4K(38720K), 0.0088218 secs] 1044475K->1010041K(1499856K), 0.0088845 secs] [Times: user=0.01 sys=0.00, real=0.01 secs] 
2020-10-28T12:49:28.655+0000: [GC (Allocation Failure) 2020-10-28T12:49:28.655+0000: [ParNew: 34436K->6K(38720K), 0.0116437 secs] 1044473K->1010043K(1499856K), 0.0117283 secs] [Times: user=0.02 sys=0.00, real=0.02 secs] 
2020-10-28T12:49:28.726+0000: [GC (Allocation Failure) 2020-10-28T12:49:28.727+0000: [ParNew: 34438K->6K(38720K), 0.0121767 secs] 1044475K->1010043K(1499856K), 0.0122609 secs] [Times: user=0.02 sys=0.00, real=0.01 secs] 
2020-10-28T12:49:28.798+0000: [GC (Allocation Failure) 2020-10-28T12:49:28.798+0000: [ParNew: 34438K->6K(38720K), 0.0055617 secs] 1044475K->1010043K(1499856K), 0.0056437 secs] [Times: user=0.01 sys=0.00, real=0.00 secs] 
2020-10-28T12:49:28.858+0000: [GC (Allocation Failure) 2020-10-28T12:49:28.858+0000: [ParNew: 34438K->6K(38720K), 0.0056677 secs] 1044475K->1010043K(1499856K), 0.0057504 secs] [Times: user=0.02 sys=0.00, real=0.00 secs] 
2020-10-28T12:49:28.922+0000: [GC (Allocation Failure) 2020-10-28T12:49:28.922+0000: [ParNew: 34438K->6K(38720K), 0.0055171 secs] 1044475K->1010043K(1499856K), 0.0055992 secs] [Times: user=0.01 sys=0.00, real=0.01 secs] 
2020-10-28T12:49:28.987+0000: [GC (Allocation Failure) 2020-10-28T12:49:28.988+0000: [ParNew: 34438K->6K(38720K), 0.0055706 secs] 1044475K->1010043K(1499856K), 0.0056594 secs] [Times: user=0.02 sys=0.00, real=0.00 secs] 
2020-10-28T12:49:29.054+0000: [GC (Allocation Failure) 2020-10-28T12:49:29.054+0000: [ParNew: 34438K->6K(38720K), 0.0055769 secs] 1044475K->1010043K(1499856K), 0.0056582 secs] [Times: user=0.01 sys=0.00, real=0.01 secs] 
2020-10-28T12:49:29.126+0000: [GC (Allocation Failure) 2020-10-28T12:49:29.126+0000: [ParNew: 34438K->12K(38720K), 0.0056038 secs] 1044475K->1010049K(1499856K), 0.0056682 secs] [Times: user=0.01 sys=0.00, real=0.00 secs] 
2020-10-28T12:49:29.174+0000: [GC (Allocation Failure) 2020-10-28T12:49:29.174+0000: [ParNew: 34444K->12K(38720K), 0.0055421 secs] 1044481K->1010050K(1499856K), 0.0056024 secs] [Times: user=0.01 sys=0.00, real=0.01 secs] 
2020-10-28T12:49:29.222+0000: [GC (Allocation Failure) 2020-10-28T12:49:29.222+0000: [ParNew: 34444K->13K(38720K), 0.0056141 secs] 1044482K->1010051K(1499856K), 0.0056781 secs] [Times: user=0.01 sys=0.00, real=0.01 secs] 
2020-10-28T12:49:29.274+0000: [GC (Allocation Failure) 2020-10-28T12:49:29.274+0000: [ParNew: 34445K->14K(38720K), 0.0055631 secs] 1044483K->1010051K(1499856K), 0.0056260 secs] [Times: user=0.01 sys=0.00, real=0.01 secs] 
2020-10-28T12:49:29.322+0000: [GC (Allocation Failure) 2020-10-28T12:49:29.322+0000: [ParNew: 34446K->14K(38720K), 0.0055288 secs] 1044483K->1010052K(1499856K), 0.0055968 secs] [Times: user=0.01 sys=0.00, real=0.01 secs] 
2020-10-28T12:49:29.371+0000: [GC (Allocation Failure) 2020-10-28T12:49:29.371+0000: [ParNew: 34446K->14K(38720K), 0.0055390 secs] 1044484K->1010052K(1499856K), 0.0056006 secs] [Times: user=0.01 sys=0.00, real=0.00 secs] 
2020-10-28T12:49:29.417+0000: [GC (Allocation Failure) 2020-10-28T12:49:29.417+0000: [ParNew: 34446K->9K(38720K), 0.0057143 secs] 1044484K->1010052K(1499856K), 0.0057674 secs] [Times: user=0.01 sys=0.00, real=0.01 secs] 
2020-10-28T12:49:29.467+0000: [GC (Allocation Failure) 2020-10-28T12:49:29.467+0000: [ParNew: 34441K->6K(38720K), 0.0055058 secs] 1044484K->1010049K(1499856K), 0.0055668 secs] [Times: user=0.01 sys=0.00, real=0.00 secs] 
2020-10-28T12:49:29.518+0000: [GC (Allocation Failure) 2020-10-28T12:49:29.518+0000: [ParNew: 34438K->6K(38720K), 0.0055015 secs] 1044481K->1010049K(1499856K), 0.0055627 secs] [Times: user=0.02 sys=0.00, real=0.00 secs] 
2020-10-28T12:49:29.563+0000: [GC (Allocation Failure) 2020-10-28T12:49:29.564+0000: [ParNew: 34438K->6K(38720K), 0.0055709 secs] 1044481K->1010049K(1499856K), 0.0056315 secs] [Times: user=0.01 sys=0.00, real=0.01 secs] 
2020-10-28T12:49:29.609+0000: [GC (Allocation Failure) 2020-10-28T12:49:29.609+0000: [ParNew: 34438K->6K(38720K), 0.0054929 secs] 1044481K->1010049K(1499856K), 0.0055568 secs] [Times: user=0.01 sys=0.00, real=0.00 secs] 
2020-10-28T12:49:29.658+0000: [GC (Allocation Failure) 2020-10-28T12:49:29.658+0000: [ParNew: 34438K->6K(38720K), 0.0055689 secs] 1044481K->1010049K(1499856K), 0.0056305 secs] [Times: user=0.01 sys=0.00, real=0.00 secs] 
2020-10-28T12:49:29.707+0000: [GC (Allocation Failure) 2020-10-28T12:49:29.707+0000: [ParNew: 34438K->6K(38720K), 0.0055272 secs] 1044481K->1010049K(1499856K), 0.0055875 secs] [Times: user=0.01 sys=0.00, real=0.00 secs] 
2020-10-28T12:49:29.753+0000: [GC (Allocation Failure) 2020-10-28T12:49:29.753+0000: [ParNew: 34438K->6K(38720K), 0.0057865 secs] 1044481K->1010049K(1499856K), 0.0058722 secs] [Times: user=0.01 sys=0.00, real=0.01 secs] 
2020-10-28T12:49:29.807+0000: [GC (Allocation Failure) 2020-10-28T12:49:29.807+0000: [ParNew: 34438K->6K(38720K), 0.0056240 secs] 1044481K->1010049K(1499856K), 0.0056876 secs] [Times: user=0.02 sys=0.00, real=0.00 secs] 
2020-10-28T12:49:29.866+0000: [GC (Allocation Failure) 2020-10-28T12:49:29.866+0000: [ParNew: 34438K->6K(38720K), 0.0055434 secs] 1044481K->1010049K(1499856K), 0.0056050 secs] [Times: user=0.01 sys=0.00, real=0.00 secs] 
2020-10-28T12:49:29.911+0000: [GC (Allocation Failure) 2020-10-28T12:49:29.911+0000: [ParNew: 34438K->6K(38720K), 0.0054946 secs] 1044481K->1010049K(1499856K), 0.0055578 secs] [Times: user=0.01 sys=0.00, real=0.00 secs] 
2020-10-28T12:49:29.957+0000: [GC (Allocation Failure) 2020-10-28T12:49:29.957+0000: [ParNew: 34438K->6K(38720K), 0.0055413 secs] 1044481K->1010049K(1499856K), 0.0056049 secs] [Times: user=0.01 sys=0.00, real=0.01 secs] 
2020-10-28T12:49:30.002+0000: [GC (Allocation Failure) 2020-10-28T12:49:30.002+0000: [ParNew: 34438K->6K(38720K), 0.0055377 secs] 1044481K->1010049K(1499856K), 0.0056003 secs] [Times: user=0.01 sys=0.00, real=0.01 secs] 
2020-10-28T12:49:30.054+0000: [GC (Allocation Failure) 2020-10-28T12:49:30.054+0000: [ParNew: 34438K->6K(38720K), 0.0054718 secs] 1044481K->1010049K(1499856K), 0.0055329 secs] [Times: user=0.02 sys=0.00, real=0.01 secs] 
2020-10-28T12:49:30.102+0000: [GC (Allocation Failure) 2020-10-28T12:49:30.102+0000: [ParNew: 34438K->6K(38720K), 0.0055652 secs] 1044481K->1010049K(1499856K), 0.0056286 secs] [Times: user=0.01 sys=0.00, real=0.01 secs] 
2020-10-28T12:49:30.150+0000: [GC (Allocation Failure) 2020-10-28T12:49:30.150+0000: [ParNew: 34438K->6K(38720K), 0.0055408 secs] 1044481K->1010049K(1499856K), 0.0056025 secs] [Times: user=0.02 sys=0.00, real=0.00 secs] 
2020-10-28T12:49:30.196+0000: [GC (Allocation Failure) 2020-10-28T12:49:30.196+0000: [ParNew: 34438K->6K(38720K), 0.0055632 secs] 1044481K->1010049K(1499856K), 0.0056254 secs] [Times: user=0.01 sys=0.00, real=0.01 secs] 
2020-10-28T12:49:30.242+0000: [GC (Allocation Failure) 2020-10-28T12:49:30.242+0000: [ParNew: 34438K->6K(38720K), 0.0055060 secs] 1044481K->1010049K(1499856K), 0.0055689 secs] [Times: user=0.01 sys=0.00, real=0.01 secs] 
2020-10-28T12:49:30.292+0000: [GC (Allocation Failure) 2020-10-28T12:49:30.292+0000: [ParNew: 34438K->6K(38720K), 0.0055247 secs] 1044481K->1010049K(1499856K), 0.0055868 secs] [Times: user=0.01 sys=0.00, real=0.00 secs] 
2020-10-28T12:49:30.338+0000: [GC (Allocation Failure) 2020-10-28T12:49:30.338+0000: [ParNew: 34438K->8K(38720K), 0.0055053 secs] 1044481K->1010051K(1499856K), 0.0055656 secs] [Times: user=0.01 sys=0.00, real=0.00 secs] 
2020-10-28T12:49:30.388+0000: [GC (Allocation Failure) 2020-10-28T12:49:30.388+0000: [ParNew: 34440K->6K(38720K), 0.0055330 secs] 1044483K->1010049K(1499856K), 0.0055957 secs] [Times: user=0.01 sys=0.00, real=0.00 secs] 
2020-10-28T12:49:30.441+0000: [GC (Allocation Failure) 2020-10-28T12:49:30.441+0000: [ParNew: 34438K->8K(38720K), 0.0056258 secs] 1044481K->1010051K(1499856K), 0.0056899 secs] [Times: user=0.01 sys=0.00, real=0.01 secs] 
2020-10-28T12:49:30.487+0000: [GC (Allocation Failure) 2020-10-28T12:49:30.487+0000: [ParNew: 34440K->8K(38720K), 0.0055788 secs] 1044483K->1010052K(1499856K), 0.0056417 secs] [Times: user=0.01 sys=0.00, real=0.00 secs] 
2020-10-28T12:49:30.538+0000: [GC (Allocation Failure) 2020-10-28T12:49:30.538+0000: [ParNew: 34440K->8K(38720K), 0.0054963 secs] 1044484K->1010052K(1499856K), 0.0055592 secs] [Times: user=0.02 sys=0.00, real=0.00 secs] 
2020-10-28T12:49:30.586+0000: [GC (Allocation Failure) 2020-10-28T12:49:30.586+0000: [ParNew: 34440K->6K(38720K), 0.0055152 secs] 1044484K->1010050K(1499856K), 0.0055773 secs] [Times: user=0.01 sys=0.00, real=0.00 secs] 
2020-10-28T12:49:30.638+0000: [GC (Allocation Failure) 2020-10-28T12:49:30.638+0000: [ParNew: 34438K->8K(38720K), 0.0055973 secs] 1044482K->1010052K(1499856K), 0.0056612 secs] [Times: user=0.01 sys=0.00, real=0.00 secs] 
2020-10-28T12:49:30.686+0000: [GC (Allocation Failure) 2020-10-28T12:49:30.686+0000: [ParNew: 34440K->8K(38720K), 0.0056810 secs] 1044484K->1010052K(1499856K), 0.0057476 secs] [Times: user=0.01 sys=0.00, real=0.00 secs] 
2020-10-28T12:49:30.742+0000: [GC (Allocation Failure) 2020-10-28T12:49:30.742+0000: [ParNew: 34440K->5K(38720K), 0.0055563 secs] 1044484K->1010051K(1499856K), 0.0056187 secs] [Times: user=0.02 sys=0.00, real=0.01 secs] 
2020-10-28T12:49:30.794+0000: [GC (Allocation Failure) 2020-10-28T12:49:30.794+0000: [ParNew: 34437K->6K(38720K), 0.0055297 secs] 1044483K->1010052K(1499856K), 0.0055915 secs] [Times: user=0.01 sys=0.00, real=0.01 secs] 
2020-10-28T12:49:30.842+0000: [GC (Allocation Failure) 2020-10-28T12:49:30.842+0000: [ParNew: 34438K->6K(38720K), 0.0055240 secs] 1044484K->1010052K(1499856K), 0.0055858 secs] [Times: user=0.01 sys=0.00, real=0.01 secs] 
2020-10-28T12:49:30.887+0000: [GC (Allocation Failure) 2020-10-28T12:49:30.887+0000: [ParNew: 34438K->6K(38720K), 0.0054975 secs] 1044484K->1010052K(1499856K), 0.0055599 secs] [Times: user=0.01 sys=0.00, real=0.00 secs] 
2020-10-28T12:49:30.933+0000: [GC (Allocation Failure) 2020-10-28T12:49:30.933+0000: [ParNew: 34438K->6K(38720K), 0.0055377 secs] 1044484K->1010052K(1499856K), 0.0056008 secs] [Times: user=0.01 sys=0.00, real=0.01 secs] 
2020-10-28T12:49:30.978+0000: [GC (Allocation Failure) 2020-10-28T12:49:30.978+0000: [ParNew: 34438K->6K(38720K), 0.0054965 secs] 1044484K->1010052K(1499856K), 0.0055640 secs] [Times: user=0.01 sys=0.00, real=0.00 secs] 
2020-10-28T12:49:31.031+0000: [GC (Allocation Failure) 2020-10-28T12:49:31.031+0000: [ParNew: 34438K->6K(38720K), 0.0055675 secs] 1044484K->1010052K(1499856K), 0.0056425 secs] [Times: user=0.01 sys=0.00, real=0.00 secs] 
2020-10-28T12:49:31.077+0000: [GC (Allocation Failure) 2020-10-28T12:49:31.077+0000: [ParNew: 34438K->6K(38720K), 0.0055842 secs] 1044484K->1010052K(1499856K), 0.0056473 secs] [Times: user=0.01 sys=0.00, real=0.01 secs] 
2020-10-28T12:49:31.123+0000: [GC (Allocation Failure) 2020-10-28T12:49:31.123+0000: [ParNew: 34438K->6K(38720K), 0.0055276 secs] 1044484K->1010052K(1499856K), 0.0055879 secs] [Times: user=0.01 sys=0.00, real=0.01 secs] 
2020-10-28T12:49:31.168+0000: [GC (Allocation Failure) 2020-10-28T12:49:31.168+0000: [ParNew: 34438K->6K(38720K), 0.0055539 secs] 1044484K->1010052K(1499856K), 0.0056167 secs] [Times: user=0.01 sys=0.00, real=0.00 secs] 
2020-10-28T12:49:31.218+0000: [GC (Allocation Failure) 2020-10-28T12:49:31.218+0000: [ParNew: 34438K->4K(38720K), 0.0055858 secs] 1044484K->1010050K(1499856K), 0.0056486 secs] [Times: user=0.01 sys=0.00, real=0.00 secs] 
2020-10-28T12:49:31.266+0000: [GC (Allocation Failure) 2020-10-28T12:49:31.266+0000: [ParNew: 34436K->6K(38720K), 0.0056437 secs] 1044482K->1010052K(1499856K), 0.0057052 secs] [Times: user=0.01 sys=0.00, real=0.00 secs] 
2020-10-28T12:49:31.314+0000: [GC (Allocation Failure) 2020-10-28T12:49:31.314+0000: [ParNew: 34438K->6K(38720K), 0.0055891 secs] 1044484K->1010052K(1499856K), 0.0056503 secs] [Times: user=0.01 sys=0.00, real=0.01 secs] 
2020-10-28T12:49:31.364+0000: [GC (Allocation Failure) 2020-10-28T12:49:31.364+0000: [ParNew: 34438K->6K(38720K), 0.0055588 secs] 1044484K->1010052K(1499856K), 0.0056231 secs] [Times: user=0.01 sys=0.00, real=0.01 secs] 
2020-10-28T12:49:31.415+0000: [GC (Allocation Failure) 2020-10-28T12:49:31.416+0000: [ParNew: 34438K->6K(38720K), 0.0056208 secs] 1044484K->1010052K(1499856K), 0.0056843 secs] [Times: user=0.01 sys=0.00, real=0.01 secs] 
2020-10-28T12:49:31.461+0000: [GC (Allocation Failure) 2020-10-28T12:49:31.461+0000: [ParNew: 34438K->6K(38720K), 0.0055738 secs] 1044484K->1010052K(1499856K), 0.0056400 secs] [Times: user=0.01 sys=0.00, real=0.01 secs] 
2020-10-28T12:49:31.510+0000: [GC (Allocation Failure) 2020-10-28T12:49:31.510+0000: [ParNew: 34438K->6K(38720K), 0.0055223 secs] 1044484K->1010052K(1499856K), 0.0055853 secs] [Times: user=0.01 sys=0.00, real=0.00 secs] 
2020-10-28T12:49:31.558+0000: [GC (Allocation Failure) 2020-10-28T12:49:31.558+0000: [ParNew: 34438K->6K(38720K), 0.0054940 secs] 1044484K->1010052K(1499856K), 0.0055552 secs] [Times: user=0.02 sys=0.00, real=0.00 secs] 
2020-10-28T12:49:31.610+0000: [GC (Allocation Failure) 2020-10-28T12:49:31.610+0000: [ParNew: 34438K->6K(38720K), 0.0055012 secs] 1044484K->1010052K(1499856K), 0.0055624 secs] [Times: user=0.01 sys=0.00, real=0.00 secs] 
2020-10-28T12:49:31.656+0000: [GC (Allocation Failure) 2020-10-28T12:49:31.656+0000: [ParNew: 34438K->6K(38720K), 0.0057388 secs] 1044484K->1010052K(1499856K), 0.0058028 secs] [Times: user=0.02 sys=0.00, real=0.01 secs] 
2020-10-28T12:49:31.710+0000: [GC (Allocation Failure) 2020-10-28T12:49:31.710+0000: [ParNew: 34438K->6K(38720K), 0.0055616 secs] 1044484K->1010052K(1499856K), 0.0056259 secs] [Times: user=0.01 sys=0.00, real=0.00 secs] 
2020-10-28T12:49:31.756+0000: [GC (Allocation Failure) 2020-10-28T12:49:31.756+0000: [ParNew: 34438K->6K(38720K), 0.0054961 secs] 1044484K->1010052K(1499856K), 0.0055589 secs] [Times: user=0.01 sys=0.00, real=0.01 secs] 
2020-10-28T12:49:31.801+0000: [GC (Allocation Failure) 2020-10-28T12:49:31.801+0000: [ParNew: 34438K->4K(38720K), 0.0055748 secs] 1044484K->1010050K(1499856K), 0.0056546 secs] [Times: user=0.00 sys=0.01, real=0.01 secs] 
2020-10-28T12:49:31.847+0000: [GC (Allocation Failure) 2020-10-28T12:49:31.847+0000: [ParNew: 34436K->6K(38720K), 0.0055699 secs] 1044482K->1010052K(1499856K), 0.0056323 secs] [Times: user=0.01 sys=0.00, real=0.00 secs] 
2020-10-28T12:49:31.893+0000: [GC (Allocation Failure) 2020-10-28T12:49:31.893+0000: [ParNew: 34438K->6K(38720K), 0.0055504 secs] 1044484K->1010052K(1499856K), 0.0056250 secs] [Times: user=0.01 sys=0.00, real=0.01 secs] 
2020-10-28T12:49:31.943+0000: [GC (Allocation Failure) 2020-10-28T12:49:31.943+0000: [ParNew: 34438K->6K(38720K), 0.0054897 secs] 1044484K->1010052K(1499856K), 0.0055515 secs] [Times: user=0.01 sys=0.00, real=0.01 secs] 
2020-10-28T12:49:31.993+0000: [GC (Allocation Failure) 2020-10-28T12:49:31.993+0000: [ParNew: 34438K->6K(38720K), 0.0055402 secs] 1044484K->1010052K(1499856K), 0.0056012 secs] [Times: user=0.01 sys=0.00, real=0.01 secs] 
2020-10-28T12:49:32.042+0000: [GC (Allocation Failure) 2020-10-28T12:49:32.042+0000: [ParNew: 34438K->6K(38720K), 0.0055385 secs] 1044484K->1010052K(1499856K), 0.0055993 secs] [Times: user=0.01 sys=0.00, real=0.01 secs] 
2020-10-28T12:49:32.097+0000: [GC (Allocation Failure) 2020-10-28T12:49:32.097+0000: [ParNew: 34438K->6K(38720K), 0.0055178 secs] 1044484K->1010052K(1499856K), 0.0055794 secs] [Times: user=0.01 sys=0.00, real=0.01 secs] 
2020-10-28T12:49:32.150+0000: [GC (Allocation Failure) 2020-10-28T12:49:32.150+0000: [ParNew: 34438K->6K(38720K), 0.0055946 secs] 1044484K->1010052K(1499856K), 0.0056579 secs] [Times: user=0.01 sys=0.00, real=0.00 secs] 
2020-10-28T12:49:32.200+0000: [GC (Allocation Failure) 2020-10-28T12:49:32.200+0000: [ParNew: 34438K->6K(38720K), 0.0056018 secs] 1044484K->1010052K(1499856K), 0.0056641 secs] [Times: user=0.01 sys=0.00, real=0.00 secs] 
2020-10-28T12:49:32.247+0000: [GC (Allocation Failure) 2020-10-28T12:49:32.247+0000: [ParNew: 34438K->6K(38720K), 0.0055441 secs] 1044484K->1010052K(1499856K), 0.0056073 secs] [Times: user=0.01 sys=0.00, real=0.00 secs] 
2020-10-28T12:49:32.296+0000: [GC (Allocation Failure) 2020-10-28T12:49:32.296+0000: [ParNew: 34438K->6K(38720K), 0.0055540 secs] 1044484K->1010052K(1499856K), 0.0056172 secs] [Times: user=0.01 sys=0.00, real=0.01 secs] 
2020-10-28T12:49:32.345+0000: [GC (Allocation Failure) 2020-10-28T12:49:32.345+0000: [ParNew: 34438K->6K(38720K), 0.0058420 secs] 1044484K->1010052K(1499856K), 0.0059028 secs] [Times: user=0.01 sys=0.00, real=0.01 secs] 
2020-10-28T12:49:32.394+0000: [GC (Allocation Failure) 2020-10-28T12:49:32.394+0000: [ParNew: 34438K->6K(38720K), 0.0055549 secs] 1044484K->1010052K(1499856K), 0.0056169 secs] [Times: user=0.01 sys=0.00, real=0.01 secs] 
2020-10-28T12:49:32.442+0000: [GC (Allocation Failure) 2020-10-28T12:49:32.442+0000: [ParNew: 34438K->6K(38720K), 0.0055019 secs] 1044484K->1010052K(1499856K), 0.0055636 secs] [Times: user=0.02 sys=0.00, real=0.01 secs] 
2020-10-28T12:49:32.494+0000: [GC (Allocation Failure) 2020-10-28T12:49:32.494+0000: [ParNew: 34438K->6K(38720K), 0.0055301 secs] 1044484K->1010052K(1499856K), 0.0056013 secs] [Times: user=0.01 sys=0.00, real=0.01 secs] 
2020-10-28T12:49:32.546+0000: [GC (Allocation Failure) 2020-10-28T12:49:32.546+0000: [ParNew: 34438K->6K(38720K), 0.0055293 secs] 1044484K->1010052K(1499856K), 0.0055925 secs] [Times: user=0.01 sys=0.00, real=0.00 secs] 
2020-10-28T12:49:32.594+0000: [GC (Allocation Failure) 2020-10-28T12:49:32.594+0000: [ParNew: 34438K->6K(38720K), 0.0056432 secs] 1044484K->1010052K(1499856K), 0.0057086 secs] [Times: user=0.01 sys=0.00, real=0.01 secs] 
2020-10-28T12:49:32.640+0000: [GC (Allocation Failure) 2020-10-28T12:49:32.640+0000: [ParNew: 34438K->6K(38720K), 0.0056365 secs] 1044484K->1010052K(1499856K), 0.0057001 secs] [Times: user=0.01 sys=0.00, real=0.01 secs] 
2020-10-28T12:49:32.690+0000: [GC (Allocation Failure) 2020-10-28T12:49:32.690+0000: [ParNew: 34438K->6K(38720K), 0.0055418 secs] 1044484K->1010052K(1499856K), 0.0056041 secs] [Times: user=0.01 sys=0.00, real=0.00 secs] 
2020-10-28T12:49:32.735+0000: [GC (Allocation Failure) 2020-10-28T12:49:32.735+0000: [ParNew: 34438K->4K(38720K), 0.0055612 secs] 1044484K->1010050K(1499856K), 0.0056247 secs] [Times: user=0.01 sys=0.00, real=0.01 secs] 
2020-10-28T12:49:32.782+0000: [GC (Allocation Failure) 2020-10-28T12:49:32.782+0000: [ParNew: 34436K->6K(38720K), 0.0055201 secs] 1044482K->1010052K(1499856K), 0.0055817 secs] [Times: user=0.01 sys=0.00, real=0.01 secs] 
2020-10-28T12:49:32.830+0000: [GC (Allocation Failure) 2020-10-28T12:49:32.830+0000: [ParNew: 34438K->6K(38720K), 0.0078733 secs] 1044484K->1010052K(1499856K), 0.0079479 secs] [Times: user=0.01 sys=0.00, real=0.01 secs] 
2020-10-28T12:49:32.884+0000: [GC (Allocation Failure) 2020-10-28T12:49:32.884+0000: [ParNew: 34438K->6K(38720K), 0.0055939 secs] 1044484K->1010052K(1499856K), 0.0056550 secs] [Times: user=0.01 sys=0.00, real=0.01 secs] 
2020-10-28T12:49:32.934+0000: [GC (Allocation Failure) 2020-10-28T12:49:32.934+0000: [ParNew: 34438K->6K(38720K), 0.0055331 secs] 1044484K->1010052K(1499856K), 0.0055966 secs] [Times: user=0.01 sys=0.00, real=0.01 secs] 
2020-10-28T12:49:32.982+0000: [GC (Allocation Failure) 2020-10-28T12:49:32.982+0000: [ParNew: 34438K->6K(38720K), 0.0055423 secs] 1044484K->1010052K(1499856K), 0.0056039 secs] [Times: user=0.01 sys=0.00, real=0.01 secs] 
2020-10-28T12:49:33.033+0000: [GC (Allocation Failure) 2020-10-28T12:49:33.033+0000: [ParNew: 34438K->6K(38720K), 0.0055339 secs] 1044484K->1010052K(1499856K), 0.0056083 secs] [Times: user=0.02 sys=0.00, real=0.01 secs] 
2020-10-28T12:49:33.086+0000: [GC (Allocation Failure) 2020-10-28T12:49:33.086+0000: [ParNew: 34438K->6K(38720K), 0.0057027 secs] 1044484K->1010052K(1499856K), 0.0057659 secs] [Times: user=0.01 sys=0.00, real=0.00 secs] 
2020-10-28T12:49:33.134+0000: [GC (Allocation Failure) 2020-10-28T12:49:33.134+0000: [ParNew: 34438K->6K(38720K), 0.0055351 secs] 1044484K->1010052K(1499856K), 0.0055977 secs] [Times: user=0.01 sys=0.00, real=0.01 secs] 
2020-10-28T12:49:33.183+0000: [GC (Allocation Failure) 2020-10-28T12:49:33.183+0000: [ParNew: 34438K->6K(38720K), 0.0055698 secs] 1044484K->1010052K(1499856K), 0.0056332 secs] [Times: user=0.01 sys=0.00, real=0.01 secs] 
2020-10-28T12:49:33.234+0000: [GC (Allocation Failure) 2020-10-28T12:49:33.234+0000: [ParNew: 34438K->6K(38720K), 0.0055755 secs] 1044484K->1010052K(1499856K), 0.0056378 secs] [Times: user=0.01 sys=0.00, real=0.01 secs] 
2020-10-28T12:49:33.281+0000: [GC (Allocation Failure) 2020-10-28T12:49:33.281+0000: [ParNew: 34438K->6K(38720K), 0.0055472 secs] 1044484K->1010052K(1499856K), 0.0056087 secs] [Times: user=0.01 sys=0.00, real=0.01 secs] 
2020-10-28T12:49:33.328+0000: [GC (Allocation Failure) 2020-10-28T12:49:33.328+0000: [ParNew: 34438K->6K(38720K), 0.0057020 secs] 1044484K->1010052K(1499856K), 0.0057738 secs] [Times: user=0.02 sys=0.00, real=0.00 secs] 
2020-10-28T12:49:33.378+0000: [GC (Allocation Failure) 2020-10-28T12:49:33.378+0000: [ParNew: 34438K->6K(38720K), 0.0055295 secs] 1044484K->1010053K(1499856K), 0.0055926 secs] [Times: user=0.01 sys=0.00, real=0.00 secs] 
2020-10-28T12:49:33.424+0000: [GC (Allocation Failure) 2020-10-28T12:49:33.424+0000: [ParNew: 34438K->6K(38720K), 0.0055691 secs] 1044485K->1010053K(1499856K), 0.0056326 secs] [Times: user=0.01 sys=0.01, real=0.01 secs] 
2020-10-28T12:49:33.469+0000: [GC (Allocation Failure) 2020-10-28T12:49:33.470+0000: [ParNew: 34438K->6K(38720K), 0.0055891 secs] 1044485K->1010053K(1499856K), 0.0056496 secs] [Times: user=0.01 sys=0.00, real=0.00 secs] 
2020-10-28T12:49:33.519+0000: [GC (Allocation Failure) 2020-10-28T12:49:33.519+0000: [ParNew: 34438K->6K(38720K), 0.0055070 secs] 1044485K->1010053K(1499856K), 0.0055695 secs] [Times: user=0.01 sys=0.00, real=0.00 secs] 
2020-10-28T12:49:33.566+0000: [GC (Allocation Failure) 2020-10-28T12:49:33.566+0000: [ParNew: 34428K->6K(38720K), 0.0055597 secs] 1044476K->1010053K(1499856K), 0.0056228 secs] [Times: user=0.02 sys=0.00, real=0.00 secs] 
2020-10-28T12:49:33.612+0000: [GC (Allocation Failure) 2020-10-28T12:49:33.612+0000: [ParNew: 34438K->6K(38720K), 0.0055986 secs] 1044485K->1010053K(1499856K), 0.0056614 secs] [Times: user=0.01 sys=0.00, real=0.00 secs] 
2020-10-28T12:49:33.662+0000: [GC (Allocation Failure) 2020-10-28T12:49:33.662+0000: [ParNew: 34438K->6K(38720K), 0.0055293 secs] 1044485K->1010053K(1499856K), 0.0055919 secs] [Times: user=0.01 sys=0.00, real=0.01 secs] 
2020-10-28T12:49:33.707+0000: [GC (Allocation Failure) 2020-10-28T12:49:33.707+0000: [ParNew: 34438K->6K(38720K), 0.0055212 secs] 1044485K->1010053K(1499856K), 0.0055941 secs] [Times: user=0.01 sys=0.00, real=0.00 secs] 
2020-10-28T12:49:33.756+0000: [GC (Allocation Failure) 2020-10-28T12:49:33.756+0000: [ParNew: 34438K->6K(38720K), 0.0055180 secs] 1044485K->1010053K(1499856K), 0.0055799 secs] [Times: user=0.01 sys=0.00, real=0.01 secs] 
2020-10-28T12:49:33.807+0000: [GC (Allocation Failure) 2020-10-28T12:49:33.807+0000: [ParNew: 34438K->6K(38720K), 0.0054837 secs] 1044485K->1010053K(1499856K), 0.0055443 secs] [Times: user=0.01 sys=0.00, real=0.00 secs] 
2020-10-28T12:49:33.856+0000: [GC (Allocation Failure) 2020-10-28T12:49:33.856+0000: [ParNew: 34438K->6K(38720K), 0.0055547 secs] 1044485K->1010053K(1499856K), 0.0056176 secs] [Times: user=0.02 sys=0.00, real=0.01 secs] 
2020-10-28T12:49:33.906+0000: [GC (Allocation Failure) 2020-10-28T12:49:33.906+0000: [ParNew: 34438K->6K(38720K), 0.0055438 secs] 1044485K->1010053K(1499856K), 0.0056053 secs] [Times: user=0.02 sys=0.00, real=0.00 secs] 
2020-10-28T12:49:33.952+0000: [GC (Allocation Failure) 2020-10-28T12:49:33.952+0000: [ParNew: 34438K->6K(38720K), 0.0054982 secs] 1044485K->1010053K(1499856K), 0.0055602 secs] [Times: user=0.01 sys=0.00, real=0.00 secs] 
2020-10-28T12:49:33.998+0000: [GC (Allocation Failure) 2020-10-28T12:49:33.998+0000: [ParNew: 34438K->6K(38720K), 0.0055313 secs] 1044485K->1010053K(1499856K), 0.0055945 secs] [Times: user=0.01 sys=0.00, real=0.00 secs] 
2020-10-28T12:49:34.044+0000: [GC (Allocation Failure) 2020-10-28T12:49:34.044+0000: [ParNew: 34438K->6K(38720K), 0.0055337 secs] 1044485K->1010053K(1499856K), 0.0055971 secs] [Times: user=0.01 sys=0.00, real=0.01 secs] 
2020-10-28T12:49:34.102+0000: [GC (Allocation Failure) 2020-10-28T12:49:34.102+0000: [ParNew: 34438K->6K(38720K), 0.0054896 secs] 1044485K->1010053K(1499856K), 0.0055723 secs] [Times: user=0.01 sys=0.00, real=0.01 secs] 
2020-10-28T12:49:34.155+0000: [GC (Allocation Failure) 2020-10-28T12:49:34.155+0000: [ParNew: 34438K->6K(38720K), 0.0055802 secs] 1044485K->1010053K(1499856K), 0.0056423 secs] [Times: user=0.01 sys=0.00, real=0.01 secs] 
2020-10-28T12:49:34.202+0000: [GC (Allocation Failure) 2020-10-28T12:49:34.202+0000: [ParNew: 34438K->6K(38720K), 0.0055502 secs] 1044485K->1010053K(1499856K), 0.0056137 secs] [Times: user=0.01 sys=0.00, real=0.01 secs] 
2020-10-28T12:49:34.252+0000: [GC (Allocation Failure) 2020-10-28T12:49:34.252+0000: [ParNew: 34438K->6K(38720K), 0.0055586 secs] 1044485K->1010053K(1499856K), 0.0056218 secs] [Times: user=0.01 sys=0.00, real=0.01 secs] 
2020-10-28T12:49:34.302+0000: [GC (Allocation Failure) 2020-10-28T12:49:34.302+0000: [ParNew: 34438K->6K(38720K), 0.0055541 secs] 1044485K->1010053K(1499856K), 0.0056166 secs] [Times: user=0.02 sys=0.00, real=0.01 secs] 
2020-10-28T12:49:34.350+0000: [GC (Allocation Failure) 2020-10-28T12:49:34.350+0000: [ParNew: 34438K->6K(38720K), 0.0055885 secs] 1044485K->1010053K(1499856K), 0.0056504 secs] [Times: user=0.01 sys=0.00, real=0.00 secs] 
2020-10-28T12:49:34.402+0000: [GC (Allocation Failure) 2020-10-28T12:49:34.402+0000: [ParNew: 34438K->6K(38720K), 0.0055331 secs] 1044485K->1010053K(1499856K), 0.0055955 secs] [Times: user=0.01 sys=0.00, real=0.01 secs] 
2020-10-28T12:49:34.453+0000: [GC (Allocation Failure) 2020-10-28T12:49:34.453+0000: [ParNew: 34438K->6K(38720K), 0.0055442 secs] 1044485K->1010053K(1499856K), 0.0056071 secs] [Times: user=0.02 sys=0.00, real=0.01 secs] 
2020-10-28T12:49:34.502+0000: [GC (Allocation Failure) 2020-10-28T12:49:34.502+0000: [ParNew: 34438K->6K(38720K), 0.0055062 secs] 1044485K->1010053K(1499856K), 0.0055671 secs] [Times: user=0.02 sys=0.00, real=0.01 secs] 
2020-10-28T12:49:34.552+0000: [GC (Allocation Failure) 2020-10-28T12:49:34.552+0000: [ParNew: 34438K->6K(38720K), 0.0055047 secs] 1044485K->1010053K(1499856K), 0.0055668 secs] [Times: user=0.01 sys=0.00, real=0.00 secs] 
2020-10-28T12:49:34.598+0000: [GC (Allocation Failure) 2020-10-28T12:49:34.598+0000: [ParNew: 34438K->6K(38720K), 0.0055674 secs] 1044485K->1010053K(1499856K), 0.0056320 secs] [Times: user=0.01 sys=0.00, real=0.00 secs] 
2020-10-28T12:49:34.649+0000: [GC (Allocation Failure) 2020-10-28T12:49:34.649+0000: [ParNew: 34438K->6K(38720K), 0.0055569 secs] 1044485K->1010053K(1499856K), 0.0056302 secs] [Times: user=0.01 sys=0.00, real=0.00 secs] 
2020-10-28T12:49:34.698+0000: [GC (Allocation Failure) 2020-10-28T12:49:34.698+0000: [ParNew: 34438K->6K(38720K), 0.0055204 secs] 1044485K->1010053K(1499856K), 0.0055828 secs] [Times: user=0.01 sys=0.00, real=0.00 secs] 
2020-10-28T12:49:34.743+0000: [GC (Allocation Failure) 2020-10-28T12:49:34.743+0000: [ParNew: 34438K->6K(38720K), 0.0055350 secs] 1044485K->1010053K(1499856K), 0.0055980 secs] [Times: user=0.01 sys=0.00, real=0.01 secs] 
2020-10-28T12:49:34.789+0000: [GC (Allocation Failure) 2020-10-28T12:49:34.789+0000: [ParNew: 34438K->6K(38720K), 0.0055504 secs] 1044485K->1010053K(1499856K), 0.0056123 secs] [Times: user=0.01 sys=0.00, real=0.00 secs] 
2020-10-28T12:49:34.835+0000: [GC (Allocation Failure) 2020-10-28T12:49:34.835+0000: [ParNew: 34438K->4K(38720K), 0.0055346 secs] 1044485K->1010051K(1499856K), 0.0055968 secs] [Times: user=0.01 sys=0.00, real=0.01 secs] 
2020-10-28T12:49:34.880+0000: [GC (Allocation Failure) 2020-10-28T12:49:34.880+0000: [ParNew: 34436K->6K(38720K), 0.0055133 secs] 1044483K->1010053K(1499856K), 0.0055989 secs] [Times: user=0.01 sys=0.00, real=0.01 secs] 
2020-10-28T12:49:34.930+0000: [GC (Allocation Failure) 2020-10-28T12:49:34.930+0000: [ParNew: 34438K->6K(38720K), 0.0054987 secs] 1044485K->1010053K(1499856K), 0.0055607 secs] [Times: user=0.01 sys=0.00, real=0.00 secs] 
2020-10-28T12:49:34.979+0000: [GC (Allocation Failure) 2020-10-28T12:49:34.979+0000: [ParNew: 34438K->6K(38720K), 0.0055537 secs] 1044485K->1010053K(1499856K), 0.0056157 secs] [Times: user=0.02 sys=0.00, real=0.00 secs] 
2020-10-28T12:49:35.025+0000: [GC (Allocation Failure) 2020-10-28T12:49:35.025+0000: [ParNew: 34438K->6K(38720K), 0.0055217 secs] 1044485K->1010053K(1499856K), 0.0055837 secs] [Times: user=0.02 sys=0.00, real=0.01 secs] 
2020-10-28T12:49:35.075+0000: [GC (Allocation Failure) 2020-10-28T12:49:35.075+0000: [ParNew: 34438K->6K(38720K), 0.0054995 secs] 1044485K->1010053K(1499856K), 0.0055594 secs] [Times: user=0.01 sys=0.00, real=0.01 secs] 
2020-10-28T12:49:35.124+0000: [GC (Allocation Failure) 2020-10-28T12:49:35.124+0000: [ParNew: 34438K->6K(38720K), 0.0055692 secs] 1044485K->1010053K(1499856K), 0.0056309 secs] [Times: user=0.01 sys=0.00, real=0.01 secs] 
2020-10-28T12:49:35.170+0000: [GC (Allocation Failure) 2020-10-28T12:49:35.170+0000: [ParNew: 34438K->6K(38720K), 0.0055451 secs] 1044485K->1010053K(1499856K), 0.0056077 secs] [Times: user=0.01 sys=0.00, real=0.00 secs] 
2020-10-28T12:49:35.218+0000: [GC (Allocation Failure) 2020-10-28T12:49:35.218+0000: [ParNew: 34438K->6K(38720K), 0.0055292 secs] 1044485K->1010053K(1499856K), 0.0055904 secs] [Times: user=0.01 sys=0.00, real=0.00 secs] 
2020-10-28T12:49:35.263+0000: [GC (Allocation Failure) 2020-10-28T12:49:35.263+0000: [ParNew: 34438K->4K(38720K), 0.0106003 secs] 1044485K->1010051K(1499856K), 0.0106631 secs] [Times: user=0.01 sys=0.00, real=0.01 secs] 
2020-10-28T12:49:35.318+0000: [GC (Allocation Failure) 2020-10-28T12:49:35.318+0000: [ParNew: 34436K->6K(38720K), 0.0056613 secs] 1044483K->1010053K(1499856K), 0.0057220 secs] [Times: user=0.01 sys=0.00, real=0.00 secs] 
2020-10-28T12:49:35.365+0000: [GC (Allocation Failure) 2020-10-28T12:49:35.365+0000: [ParNew: 34438K->6K(38720K), 0.0055317 secs] 1044485K->1010053K(1499856K), 0.0055937 secs] [Times: user=0.01 sys=0.00, real=0.01 secs] 
2020-10-28T12:49:35.415+0000: [GC (Allocation Failure) 2020-10-28T12:49:35.416+0000: [ParNew: 34438K->6K(38720K), 0.0055445 secs] 1044485K->1010053K(1499856K), 0.0056065 secs] [Times: user=0.01 sys=0.00, real=0.01 secs] 
2020-10-28T12:49:35.462+0000: [GC (Allocation Failure) 2020-10-28T12:49:35.462+0000: [ParNew: 34438K->6K(38720K), 0.0055782 secs] 1044485K->1010053K(1499856K), 0.0056412 secs] [Times: user=0.01 sys=0.00, real=0.01 secs] 
2020-10-28T12:49:35.512+0000: [GC (Allocation Failure) 2020-10-28T12:49:35.512+0000: [ParNew: 34438K->6K(38720K), 0.0055160 secs] 1044485K->1010053K(1499856K), 0.0055877 secs] [Times: user=0.01 sys=0.00, real=0.01 secs] 
2020-10-28T12:49:35.558+0000: [GC (Allocation Failure) 2020-10-28T12:49:35.558+0000: [ParNew: 34438K->6K(38720K), 0.0054897 secs] 1044485K->1010053K(1499856K), 0.0055494 secs] [Times: user=0.01 sys=0.00, real=0.00 secs] 
2020-10-28T12:49:35.610+0000: [GC (Allocation Failure) 2020-10-28T12:49:35.610+0000: [ParNew: 34438K->6K(38720K), 0.0055273 secs] 1044485K->1010053K(1499856K), 0.0055903 secs] [Times: user=0.01 sys=0.00, real=0.00 secs] 
2020-10-28T12:49:35.658+0000: [GC (Allocation Failure) 2020-10-28T12:49:35.658+0000: [ParNew: 34438K->6K(38720K), 0.0055134 secs] 1044485K->1010053K(1499856K), 0.0055742 secs] [Times: user=0.01 sys=0.00, real=0.00 secs] 
2020-10-28T12:49:35.713+0000: [GC (Allocation Failure) 2020-10-28T12:49:35.713+0000: [ParNew: 34438K->6K(38720K), 0.0055319 secs] 1044485K->1010053K(1499856K), 0.0055928 secs] [Times: user=0.01 sys=0.00, real=0.01 secs] 
2020-10-28T12:49:35.762+0000: [GC (Allocation Failure) 2020-10-28T12:49:35.762+0000: [ParNew: 34438K->6K(38720K), 0.0054856 secs] 1044485K->1010053K(1499856K), 0.0055469 secs] [Times: user=0.01 sys=0.00, real=0.01 secs] 
2020-10-28T12:49:35.812+0000: [GC (Allocation Failure) 2020-10-28T12:49:35.812+0000: [ParNew: 34438K->6K(38720K), 0.0056657 secs] 1044485K->1010053K(1499856K), 0.0057285 secs] [Times: user=0.01 sys=0.00, real=0.00 secs] 
2020-10-28T12:49:35.857+0000: [GC (Allocation Failure) 2020-10-28T12:49:35.857+0000: [ParNew: 34438K->6K(38720K), 0.0054870 secs] 1044485K->1010053K(1499856K), 0.0055496 secs] [Times: user=0.01 sys=0.01, real=0.01 secs] 
2020-10-28T12:49:35.918+0000: [GC (Allocation Failure) 2020-10-28T12:49:35.918+0000: [ParNew: 34438K->6K(38720K), 0.0055819 secs] 1044485K->1010053K(1499856K), 0.0056455 secs] [Times: user=0.01 sys=0.00, real=0.00 secs] 
2020-10-28T12:49:35.969+0000: [GC (Allocation Failure) 2020-10-28T12:49:35.969+0000: [ParNew: 34438K->6K(38720K), 0.0055671 secs] 1044485K->1010053K(1499856K), 0.0056284 secs] [Times: user=0.01 sys=0.00, real=0.00 secs] 
2020-10-28T12:49:36.018+0000: [GC (Allocation Failure) 2020-10-28T12:49:36.018+0000: [ParNew: 34438K->6K(38720K), 0.0055200 secs] 1044485K->1010053K(1499856K), 0.0055822 secs] [Times: user=0.01 sys=0.00, real=0.00 secs] 
2020-10-28T12:49:36.067+0000: [GC (Allocation Failure) 2020-10-28T12:49:36.067+0000: [ParNew: 34438K->6K(38720K), 0.0054980 secs] 1044485K->1010053K(1499856K), 0.0055717 secs] [Times: user=0.02 sys=0.00, real=0.00 secs] 
2020-10-28T12:49:36.112+0000: [GC (Allocation Failure) 2020-10-28T12:49:36.112+0000: [ParNew: 34438K->6K(38720K), 0.0055077 secs] 1044485K->1010053K(1499856K), 0.0055697 secs] [Times: user=0.01 sys=0.00, real=0.01 secs] 
2020-10-28T12:49:36.158+0000: [GC (Allocation Failure) 2020-10-28T12:49:36.158+0000: [ParNew: 34438K->6K(38720K), 0.0055220 secs] 1044485K->1010053K(1499856K), 0.0055827 secs] [Times: user=0.01 sys=0.00, real=0.00 secs] 
2020-10-28T12:49:36.210+0000: [GC (Allocation Failure) 2020-10-28T12:49:36.210+0000: [ParNew: 34438K->6K(38720K), 0.0055316 secs] 1044485K->1010053K(1499856K), 0.0055959 secs] [Times: user=0.01 sys=0.00, real=0.00 secs] 
2020-10-28T12:49:36.258+0000: [GC (Allocation Failure) 2020-10-28T12:49:36.258+0000: [ParNew: 34438K->6K(38720K), 0.0055202 secs] 1044485K->1010053K(1499856K), 0.0055834 secs] [Times: user=0.01 sys=0.00, real=0.00 secs] 
2020-10-28T12:49:36.306+0000: [GC (Allocation Failure) 2020-10-28T12:49:36.306+0000: [ParNew: 34438K->6K(38720K), 0.0055816 secs] 1044485K->1010053K(1499856K), 0.0056454 secs] [Times: user=0.01 sys=0.00, real=0.00 secs] 
2020-10-28T12:49:36.352+0000: [GC (Allocation Failure) 2020-10-28T12:49:36.352+0000: [ParNew: 34438K->6K(38720K), 0.0056402 secs] 1044485K->1010053K(1499856K), 0.0057021 secs] [Times: user=0.02 sys=0.00, real=0.01 secs] 
2020-10-28T12:49:36.402+0000: [GC (Allocation Failure) 2020-10-28T12:49:36.402+0000: [ParNew: 34438K->6K(38720K), 0.0055034 secs] 1044485K->1010053K(1499856K), 0.0055659 secs] [Times: user=0.01 sys=0.00, real=0.01 secs] 
2020-10-28T12:49:36.448+0000: [GC (Allocation Failure) 2020-10-28T12:49:36.448+0000: [ParNew: 34438K->6K(38720K), 0.0055670 secs] 1044485K->1010053K(1499856K), 0.0056392 secs] [Times: user=0.01 sys=0.00, real=0.00 secs] 
2020-10-28T12:49:36.498+0000: [GC (Allocation Failure) 2020-10-28T12:49:36.498+0000: [ParNew: 34438K->6K(38720K), 0.0056902 secs] 1044485K->1010053K(1499856K), 0.0057530 secs] [Times: user=0.01 sys=0.00, real=0.00 secs] 
2020-10-28T12:49:36.546+0000: [GC (Allocation Failure) 2020-10-28T12:49:36.546+0000: [ParNew: 34438K->6K(38720K), 0.0055371 secs] 1044485K->1010053K(1499856K), 0.0055997 secs] [Times: user=0.01 sys=0.00, real=0.00 secs] 
2020-10-28T12:49:36.595+0000: [GC (Allocation Failure) 2020-10-28T12:49:36.595+0000: [ParNew: 34438K->6K(38720K), 0.0055542 secs] 1044485K->1010053K(1499856K), 0.0056156 secs] [Times: user=0.01 sys=0.00, real=0.01 secs] 
2020-10-28T12:49:36.644+0000: [GC (Allocation Failure) 2020-10-28T12:49:36.644+0000: [ParNew: 34438K->6K(38720K), 0.0055598 secs] 1044485K->1010053K(1499856K), 0.0056230 secs] [Times: user=0.01 sys=0.00, real=0.01 secs] 
2020-10-28T12:49:36.693+0000: [GC (Allocation Failure) 2020-10-28T12:49:36.693+0000: [ParNew: 34438K->6K(38720K), 0.0055972 secs] 1044485K->1010053K(1499856K), 0.0056592 secs] [Times: user=0.01 sys=0.00, real=0.01 secs] 
2020-10-28T12:49:36.742+0000: [GC (Allocation Failure) 2020-10-28T12:49:36.742+0000: [ParNew: 34438K->6K(38720K), 0.0055450 secs] 1044485K->1010053K(1499856K), 0.0056076 secs] [Times: user=0.01 sys=0.00, real=0.01 secs] 
2020-10-28T12:49:36.790+0000: [GC (Allocation Failure) 2020-10-28T12:49:36.790+0000: [ParNew: 34438K->6K(38720K), 0.0055619 secs] 1044485K->1010053K(1499856K), 0.0056237 secs] [Times: user=0.01 sys=0.00, real=0.00 secs] 
2020-10-28T12:49:36.842+0000: [GC (Allocation Failure) 2020-10-28T12:49:36.842+0000: [ParNew: 34438K->6K(38720K), 0.0055914 secs] 1044485K->1010053K(1499856K), 0.0056540 secs] [Times: user=0.01 sys=0.00, real=0.01 secs] 
2020-10-28T12:49:36.892+0000: [GC (Allocation Failure) 2020-10-28T12:49:36.892+0000: [ParNew: 34438K->6K(38720K), 0.0056387 secs] 1044485K->1010053K(1499856K), 0.0057030 secs] [Times: user=0.01 sys=0.00, real=0.01 secs] 
2020-10-28T12:49:36.945+0000: [GC (Allocation Failure) 2020-10-28T12:49:36.945+0000: [ParNew: 34438K->6K(38720K), 0.0056869 secs] 1044485K->1010053K(1499856K), 0.0057415 secs] [Times: user=0.01 sys=0.00, real=0.01 secs] 
2020-10-28T12:49:36.994+0000: [GC (Allocation Failure) 2020-10-28T12:49:36.994+0000: [ParNew: 34438K->6K(38720K), 0.0056003 secs] 1044485K->1010053K(1499856K), 0.0056619 secs] [Times: user=0.02 sys=0.00, real=0.01 secs] 
2020-10-28T12:49:37.042+0000: [GC (Allocation Failure) 2020-10-28T12:49:37.042+0000: [ParNew: 34438K->6K(38720K), 0.0055276 secs] 1044485K->1010053K(1499856K), 0.0055907 secs] [Times: user=0.01 sys=0.00, real=0.01 secs] 
2020-10-28T12:49:37.088+0000: [GC (Allocation Failure) 2020-10-28T12:49:37.088+0000: [ParNew: 34438K->6K(38720K), 0.0056518 secs] 1044485K->1010053K(1499856K), 0.0057139 secs] [Times: user=0.01 sys=0.00, real=0.00 secs] 
2020-10-28T12:49:37.138+0000: [GC (Allocation Failure) 2020-10-28T12:49:37.138+0000: [ParNew: 34438K->6K(38720K), 0.0055107 secs] 1044485K->1010053K(1499856K), 0.0055709 secs] [Times: user=0.01 sys=0.00, real=0.00 secs] 
2020-10-28T12:49:37.186+0000: [GC (Allocation Failure) 2020-10-28T12:49:37.186+0000: [ParNew: 34438K->6K(38720K), 0.0055428 secs] 1044485K->1010053K(1499856K), 0.0056055 secs] [Times: user=0.01 sys=0.00, real=0.00 secs] 
2020-10-28T12:49:37.235+0000: [GC (Allocation Failure) 2020-10-28T12:49:37.235+0000: [ParNew: 34438K->6K(38720K), 0.0055637 secs] 1044485K->1010054K(1499856K), 0.0056250 secs] [Times: user=0.01 sys=0.00, real=0.01 secs] 
2020-10-28T12:49:37.281+0000: [GC (Allocation Failure) 2020-10-28T12:49:37.281+0000: [ParNew: 34438K->6K(38720K), 0.0055552 secs] 1044486K->1010054K(1499856K), 0.0056175 secs] [Times: user=0.01 sys=0.00, real=0.01 secs] 
2020-10-28T12:49:37.327+0000: [GC (Allocation Failure) 2020-10-28T12:49:37.327+0000: [ParNew: 34438K->6K(38720K), 0.0055434 secs] 1044486K->1010054K(1499856K), 0.0056054 secs] [Times: user=0.01 sys=0.00, real=0.00 secs] 
2020-10-28T12:49:37.374+0000: [GC (Allocation Failure) 2020-10-28T12:49:37.374+0000: [ParNew: 34438K->6K(38720K), 0.0055432 secs] 1044486K->1010054K(1499856K), 0.0056056 secs] [Times: user=0.01 sys=0.00, real=0.01 secs] 
2020-10-28T12:49:37.426+0000: [GC (Allocation Failure) 2020-10-28T12:49:37.426+0000: [ParNew: 34438K->6K(38720K), 0.0056002 secs] 1044486K->1010054K(1499856K), 0.0056644 secs] [Times: user=0.01 sys=0.00, real=0.00 secs] 
2020-10-28T12:49:37.472+0000: [GC (Allocation Failure) 2020-10-28T12:49:37.472+0000: [ParNew: 34438K->6K(38720K), 0.0056170 secs] 1044486K->1010054K(1499856K), 0.0056790 secs] [Times: user=0.01 sys=0.00, real=0.00 secs] 
2020-10-28T12:49:37.517+0000: [GC (Allocation Failure) 2020-10-28T12:49:37.518+0000: [ParNew: 34438K->6K(38720K), 0.0055181 secs] 1044486K->1010054K(1499856K), 0.0055942 secs] [Times: user=0.00 sys=0.01, real=0.01 secs] 
2020-10-28T12:49:37.566+0000: [GC (Allocation Failure) 2020-10-28T12:49:37.566+0000: [ParNew: 34438K->6K(38720K), 0.0055325 secs] 1044486K->1010054K(1499856K), 0.0055936 secs] [Times: user=0.01 sys=0.00, real=0.00 secs] 
2020-10-28T12:49:37.616+0000: [GC (Allocation Failure) 2020-10-28T12:49:37.616+0000: [ParNew: 34438K->6K(38720K), 0.0055541 secs] 1044486K->1010054K(1499856K), 0.0056172 secs] [Times: user=0.01 sys=0.00, real=0.01 secs] 
2020-10-28T12:49:37.666+0000: [GC (Allocation Failure) 2020-10-28T12:49:37.666+0000: [ParNew: 34438K->6K(38720K), 0.0055312 secs] 1044486K->1010054K(1499856K), 0.0055937 secs] [Times: user=0.01 sys=0.00, real=0.00 secs] 
2020-10-28T12:49:37.716+0000: [GC (Allocation Failure) 2020-10-28T12:49:37.716+0000: [ParNew: 34438K->6K(38720K), 0.0055589 secs] 1044486K->1010054K(1499856K), 0.0056205 secs] [Times: user=0.02 sys=0.00, real=0.01 secs] 
2020-10-28T12:49:37.766+0000: [GC (Allocation Failure) 2020-10-28T12:49:37.766+0000: [ParNew: 34438K->6K(38720K), 0.0055880 secs] 1044486K->1010054K(1499856K), 0.0056581 secs] [Times: user=0.01 sys=0.00, real=0.00 secs] 
2020-10-28T12:49:37.822+0000: [GC (Allocation Failure) 2020-10-28T12:49:37.822+0000: [ParNew: 34438K->6K(38720K), 0.0056015 secs] 1044486K->1010054K(1499856K), 0.0056539 secs] [Times: user=0.01 sys=0.00, real=0.01 secs] 
2020-10-28T12:49:37.868+0000: [GC (Allocation Failure) 2020-10-28T12:49:37.868+0000: [ParNew: 34438K->6K(38720K), 0.0055139 secs] 1044486K->1010054K(1499856K), 0.0055763 secs] [Times: user=0.02 sys=0.00, real=0.00 secs] 
2020-10-28T12:49:37.914+0000: [GC (Allocation Failure) 2020-10-28T12:49:37.914+0000: [ParNew: 34438K->6K(38720K), 0.0054941 secs] 1044486K->1010054K(1499856K), 0.0055567 secs] [Times: user=0.01 sys=0.00, real=0.01 secs] 
2020-10-28T12:49:37.963+0000: [GC (Allocation Failure) 2020-10-28T12:49:37.963+0000: [ParNew: 34438K->6K(38720K), 0.0055654 secs] 1044486K->1010054K(1499856K), 0.0056294 secs] [Times: user=0.01 sys=0.00, real=0.01 secs] 
2020-10-28T12:49:38.008+0000: [GC (Allocation Failure) 2020-10-28T12:49:38.009+0000: [ParNew: 34438K->6K(38720K), 0.0055717 secs] 1044486K->1010054K(1499856K), 0.0056360 secs] [Times: user=0.02 sys=0.00, real=0.00 secs] 
2020-10-28T12:49:38.055+0000: [GC (Allocation Failure) 2020-10-28T12:49:38.055+0000: [ParNew: 34438K->6K(38720K), 0.0055382 secs] 1044486K->1010054K(1499856K), 0.0056009 secs] [Times: user=0.01 sys=0.00, real=0.01 secs] 
2020-10-28T12:49:38.113+0000: [GC (Allocation Failure) 2020-10-28T12:49:38.113+0000: [ParNew: 34438K->6K(38720K), 0.0055510 secs] 1044486K->1010054K(1499856K), 0.0056122 secs] [Times: user=0.01 sys=0.00, real=0.01 secs] 
2020-10-28T12:49:38.159+0000: [GC (Allocation Failure) 2020-10-28T12:49:38.159+0000: [ParNew: 34438K->6K(38720K), 0.0055245 secs] 1044486K->1010054K(1499856K), 0.0055871 secs] [Times: user=0.01 sys=0.00, real=0.00 secs] 
2020-10-28T12:49:38.210+0000: [GC (Allocation Failure) 2020-10-28T12:49:38.210+0000: [ParNew: 34438K->6K(38720K), 0.0062696 secs] 1044486K->1010054K(1499856K), 0.0063311 secs] [Times: user=0.01 sys=0.00, real=0.00 secs] 
2020-10-28T12:49:38.262+0000: [GC (Allocation Failure) 2020-10-28T12:49:38.262+0000: [ParNew: 34438K->6K(38720K), 0.0055358 secs] 1044486K->1010054K(1499856K), 0.0055979 secs] [Times: user=0.01 sys=0.00, real=0.01 secs] 
2020-10-28T12:49:38.307+0000: [GC (Allocation Failure) 2020-10-28T12:49:38.307+0000: [ParNew: 34438K->6K(38720K), 0.0055104 secs] 1044486K->1010054K(1499856K), 0.0055718 secs] [Times: user=0.01 sys=0.00, real=0.00 secs] 
2020-10-28T12:49:38.358+0000: [GC (Allocation Failure) 2020-10-28T12:49:38.358+0000: [ParNew: 34438K->6K(38720K), 0.0056890 secs] 1044486K->1010054K(1499856K), 0.0058336 secs] [Times: user=0.01 sys=0.00, real=0.00 secs] 
2020-10-28T12:49:38.403+0000: [GC (Allocation Failure) 2020-10-28T12:49:38.403+0000: [ParNew: 34438K->6K(38720K), 0.0055235 secs] 1044486K->1010054K(1499856K), 0.0055865 secs] [Times: user=0.01 sys=0.00, real=0.01 secs] 
2020-10-28T12:49:38.455+0000: [GC (Allocation Failure) 2020-10-28T12:49:38.455+0000: [ParNew: 34438K->6K(38720K), 0.0055187 secs] 1044486K->1010054K(1499856K), 0.0055823 secs] [Times: user=0.01 sys=0.00, real=0.01 secs] 
2020-10-28T12:49:38.507+0000: [GC (Allocation Failure) 2020-10-28T12:49:38.507+0000: [ParNew: 34438K->6K(38720K), 0.0055087 secs] 1044486K->1010054K(1499856K), 0.0055704 secs] [Times: user=0.01 sys=0.00, real=0.00 secs] 
2020-10-28T12:49:38.554+0000: [GC (Allocation Failure) 2020-10-28T12:49:38.554+0000: [ParNew: 34438K->6K(38720K), 0.0055124 secs] 1044486K->1010054K(1499856K), 0.0055750 secs] [Times: user=0.01 sys=0.00, real=0.01 secs] 
2020-10-28T12:49:38.604+0000: [GC (Allocation Failure) 2020-10-28T12:49:38.604+0000: [ParNew: 34438K->6K(38720K), 0.0055830 secs] 1044486K->1010054K(1499856K), 0.0056437 secs] [Times: user=0.02 sys=0.00, real=0.01 secs] 
2020-10-28T12:49:38.653+0000: [GC (Allocation Failure) 2020-10-28T12:49:38.653+0000: [ParNew: 34438K->6K(38720K), 0.0055321 secs] 1044486K->1010054K(1499856K), 0.0056066 secs] [Times: user=0.01 sys=0.00, real=0.01 secs] 
2020-10-28T12:49:38.703+0000: [GC (Allocation Failure) 2020-10-28T12:49:38.703+0000: [ParNew: 34438K->6K(38720K), 0.0055034 secs] 1044486K->1010054K(1499856K), 0.0055639 secs] [Times: user=0.01 sys=0.00, real=0.01 secs] 
2020-10-28T12:49:38.753+0000: [GC (Allocation Failure) 2020-10-28T12:49:38.753+0000: [ParNew: 34438K->6K(38720K), 0.0055316 secs] 1044486K->1010054K(1499856K), 0.0055943 secs] [Times: user=0.01 sys=0.00, real=0.01 secs] 
2020-10-28T12:49:38.798+0000: [GC (Allocation Failure) 2020-10-28T12:49:38.798+0000: [ParNew: 34438K->6K(38720K), 0.0055702 secs] 1044486K->1010054K(1499856K), 0.0056413 secs] [Times: user=0.01 sys=0.00, real=0.00 secs] 
2020-10-28T12:49:38.850+0000: [GC (Allocation Failure) 2020-10-28T12:49:38.850+0000: [ParNew: 34438K->8K(38720K), 0.0057283 secs] 1044486K->1010056K(1499856K), 0.0057920 secs] [Times: user=0.01 sys=0.00, real=0.00 secs] 
2020-10-28T12:49:38.906+0000: [GC (Allocation Failure) 2020-10-28T12:49:38.906+0000: [ParNew: 34440K->6K(38720K), 0.0055398 secs] 1044488K->1010054K(1499856K), 0.0056291 secs] [Times: user=0.01 sys=0.00, real=0.00 secs] 
2020-10-28T12:49:38.958+0000: [GC (Allocation Failure) 2020-10-28T12:49:38.958+0000: [ParNew: 34438K->6K(38720K), 0.0056229 secs] 1044486K->1010054K(1499856K), 0.0056848 secs] [Times: user=0.01 sys=0.00, real=0.00 secs] 
2020-10-28T12:49:39.007+0000: [GC (Allocation Failure) 2020-10-28T12:49:39.007+0000: [ParNew: 34438K->6K(38720K), 0.0054952 secs] 1044486K->1010054K(1499856K), 0.0055577 secs] [Times: user=0.01 sys=0.00, real=0.00 secs] 
2020-10-28T12:49:39.056+0000: [GC (Allocation Failure) 2020-10-28T12:49:39.056+0000: [ParNew: 34438K->6K(38720K), 0.0055627 secs] 1044486K->1010054K(1499856K), 0.0056261 secs] [Times: user=0.01 sys=0.00, real=0.01 secs] 
2020-10-28T12:49:39.120+0000: [GC (Allocation Failure) 2020-10-28T12:49:39.120+0000: [ParNew: 34438K->6K(38720K), 0.0056077 secs] 1044486K->1010054K(1499856K), 0.0056701 secs] [Times: user=0.01 sys=0.00, real=0.00 secs] 
2020-10-28T12:49:39.178+0000: [GC (Allocation Failure) 2020-10-28T12:49:39.178+0000: [ParNew: 34438K->6K(38720K), 0.0115679 secs] 1044486K->1010054K(1499856K), 0.0116447 secs] [Times: user=0.02 sys=0.00, real=0.01 secs] 
2020-10-28T12:49:39.232+0000: [GC (Allocation Failure) 2020-10-28T12:49:39.232+0000: [ParNew: 34438K->6K(38720K), 0.0055706 secs] 1044486K->1010054K(1499856K), 0.0056345 secs] [Times: user=0.01 sys=0.00, real=0.01 secs] 
2020-10-28T12:49:39.278+0000: [GC (Allocation Failure) 2020-10-28T12:49:39.278+0000: [ParNew: 34438K->6K(38720K), 0.0055323 secs] 1044486K->1010054K(1499856K), 0.0055941 secs] [Times: user=0.01 sys=0.00, real=0.00 secs] 
2020-10-28T12:49:39.328+0000: [GC (Allocation Failure) 2020-10-28T12:49:39.328+0000: [ParNew: 34438K->6K(38720K), 0.0056164 secs] 1044486K->1010054K(1499856K), 0.0056785 secs] [Times: user=0.02 sys=0.00, real=0.00 secs] 
2020-10-28T12:49:39.378+0000: [GC (Allocation Failure) 2020-10-28T12:49:39.378+0000: [ParNew: 34438K->4K(38720K), 0.0055696 secs] 1044486K->1010052K(1499856K), 0.0056337 secs] [Times: user=0.01 sys=0.00, real=0.00 secs] 
2020-10-28T12:49:39.430+0000: [GC (Allocation Failure) 2020-10-28T12:49:39.430+0000: [ParNew: 34436K->4K(38720K), 0.0055719 secs] 1044484K->1010052K(1499856K), 0.0056338 secs] [Times: user=0.01 sys=0.00, real=0.00 secs] 
2020-10-28T12:49:39.478+0000: [GC (Allocation Failure) 2020-10-28T12:49:39.478+0000: [ParNew: 34436K->6K(38720K), 0.0055353 secs] 1044484K->1010054K(1499856K), 0.0055991 secs] [Times: user=0.01 sys=0.00, real=0.00 secs] 
2020-10-28T12:49:39.524+0000: [GC (Allocation Failure) 2020-10-28T12:49:39.524+0000: [ParNew: 34438K->4K(38720K), 0.0055815 secs] 1044486K->1010052K(1499856K), 0.0056441 secs] [Times: user=0.01 sys=0.00, real=0.01 secs] 
2020-10-28T12:49:39.576+0000: [GC (Allocation Failure) 2020-10-28T12:49:39.576+0000: [ParNew: 34436K->6K(38720K), 0.0055780 secs] 1044484K->1010054K(1499856K), 0.0056427 secs] [Times: user=0.01 sys=0.00, real=0.01 secs] 
2020-10-28T12:49:39.625+0000: [GC (Allocation Failure) 2020-10-28T12:49:39.625+0000: [ParNew: 34438K->6K(38720K), 0.0055103 secs] 1044486K->1010054K(1499856K), 0.0055723 secs] [Times: user=0.01 sys=0.00, real=0.01 secs] 
2020-10-28T12:49:39.674+0000: [GC (Allocation Failure) 2020-10-28T12:49:39.674+0000: [ParNew: 34438K->6K(38720K), 0.0055130 secs] 1044486K->1010054K(1499856K), 0.0055736 secs] [Times: user=0.01 sys=0.00, real=0.01 secs] 
2020-10-28T12:49:39.722+0000: [GC (Allocation Failure) 2020-10-28T12:49:39.722+0000: [ParNew: 34438K->6K(38720K), 0.0054864 secs] 1044486K->1010054K(1499856K), 0.0055462 secs] [Times: user=0.01 sys=0.00, real=0.01 secs] 
2020-10-28T12:49:39.771+0000: [GC (Allocation Failure) 2020-10-28T12:49:39.771+0000: [ParNew: 34438K->6K(38720K), 0.0090258 secs] 1044486K->1010054K(1499856K), 0.0090967 secs] [Times: user=0.01 sys=0.00, real=0.01 secs] 
2020-10-28T12:49:39.827+0000: [GC (Allocation Failure) 2020-10-28T12:49:39.827+0000: [ParNew: 34438K->6K(38720K), 0.0055322 secs] 1044486K->1010054K(1499856K), 0.0055912 secs] [Times: user=0.01 sys=0.00, real=0.00 secs] 
2020-10-28T12:49:39.874+0000: [GC (Allocation Failure) 2020-10-28T12:49:39.874+0000: [ParNew: 34438K->6K(38720K), 0.0055242 secs] 1044486K->1010054K(1499856K), 0.0055872 secs] [Times: user=0.01 sys=0.00, real=0.01 secs] 
2020-10-28T12:49:39.919+0000: [GC (Allocation Failure) 2020-10-28T12:49:39.919+0000: [ParNew: 34438K->6K(38720K), 0.0055144 secs] 1044486K->1010054K(1499856K), 0.0055762 secs] [Times: user=0.01 sys=0.00, real=0.00 secs] 
2020-10-28T12:49:39.965+0000: [GC (Allocation Failure) 2020-10-28T12:49:39.965+0000: [ParNew: 34438K->6K(38720K), 0.0055543 secs] 1044486K->1010054K(1499856K), 0.0056163 secs] [Times: user=0.01 sys=0.00, real=0.01 secs] 
2020-10-28T12:49:40.018+0000: [GC (Allocation Failure) 2020-10-28T12:49:40.018+0000: [ParNew: 34438K->6K(38720K), 0.0055744 secs] 1044486K->1010054K(1499856K), 0.0056364 secs] [Times: user=0.01 sys=0.00, real=0.00 secs] 
2020-10-28T12:49:40.070+0000: [GC (Allocation Failure) 2020-10-28T12:49:40.070+0000: [ParNew: 34438K->6K(38720K), 0.0063879 secs] 1044486K->1010054K(1499856K), 0.0064503 secs] [Times: user=0.01 sys=0.00, real=0.00 secs] 
2020-10-28T12:49:40.118+0000: [GC (Allocation Failure) 2020-10-28T12:49:40.118+0000: [ParNew: 34438K->6K(38720K), 0.0055291 secs] 1044486K->1010054K(1499856K), 0.0055922 secs] [Times: user=0.01 sys=0.00, real=0.00 secs] 
2020-10-28T12:49:40.167+0000: [GC (Allocation Failure) 2020-10-28T12:49:40.167+0000: [ParNew: 34438K->6K(38720K), 0.0055221 secs] 1044486K->1010054K(1499856K), 0.0055840 secs] [Times: user=0.01 sys=0.00, real=0.00 secs] 
2020-10-28T12:49:40.217+0000: [GC (Allocation Failure) 2020-10-28T12:49:40.217+0000: [ParNew: 34438K->6K(38720K), 0.0055937 secs] 1044486K->1010054K(1499856K), 0.0056552 secs] [Times: user=0.01 sys=0.00, real=0.01 secs] 
2020-10-28T12:49:40.273+0000: [GC (Allocation Failure) 2020-10-28T12:49:40.273+0000: [ParNew: 34438K->6K(38720K), 0.0056033 secs] 1044486K->1010054K(1499856K), 0.0056615 secs] [Times: user=0.01 sys=0.00, real=0.01 secs] 
2020-10-28T12:49:40.324+0000: [GC (Allocation Failure) 2020-10-28T12:49:40.324+0000: [ParNew: 34438K->6K(38720K), 0.0055664 secs] 1044486K->1010054K(1499856K), 0.0056277 secs] [Times: user=0.01 sys=0.00, real=0.01 secs] 
2020-10-28T12:49:40.370+0000: [GC (Allocation Failure) 2020-10-28T12:49:40.370+0000: [ParNew: 34438K->6K(38720K), 0.0055064 secs] 1044486K->1010054K(1499856K), 0.0055687 secs] [Times: user=0.01 sys=0.00, real=0.00 secs] 
2020-10-28T12:49:40.418+0000: [GC (Allocation Failure) 2020-10-28T12:49:40.418+0000: [ParNew: 34438K->6K(38720K), 0.0055117 secs] 1044486K->1010054K(1499856K), 0.0055730 secs] [Times: user=0.02 sys=0.00, real=0.00 secs] 
2020-10-28T12:49:40.467+0000: [GC (Allocation Failure) 2020-10-28T12:49:40.467+0000: [ParNew: 34438K->6K(38720K), 0.0055200 secs] 1044486K->1010054K(1499856K), 0.0055828 secs] [Times: user=0.01 sys=0.00, real=0.00 secs] 
2020-10-28T12:49:40.514+0000: [GC (Allocation Failure) 2020-10-28T12:49:40.514+0000: [ParNew: 34438K->6K(38720K), 0.0054963 secs] 1044486K->1010054K(1499856K), 0.0055573 secs] [Times: user=0.01 sys=0.00, real=0.01 secs] 
2020-10-28T12:49:40.562+0000: [GC (Allocation Failure) 2020-10-28T12:49:40.562+0000: [ParNew: 34438K->6K(38720K), 0.0055168 secs] 1044486K->1010054K(1499856K), 0.0055777 secs] [Times: user=0.01 sys=0.00, real=0.01 secs] 
2020-10-28T12:49:40.607+0000: [GC (Allocation Failure) 2020-10-28T12:49:40.607+0000: [ParNew: 34438K->6K(38720K), 0.0055615 secs] 1044486K->1010054K(1499856K), 0.0056474 secs] [Times: user=0.01 sys=0.00, real=0.00 secs] 
2020-10-28T12:49:40.658+0000: [GC (Allocation Failure) 2020-10-28T12:49:40.658+0000: [ParNew: 34438K->6K(38720K), 0.0056168 secs] 1044486K->1010054K(1499856K), 0.0056790 secs] [Times: user=0.01 sys=0.00, real=0.00 secs] 
2020-10-28T12:49:40.718+0000: [GC (Allocation Failure) 2020-10-28T12:49:40.718+0000: [ParNew: 34438K->6K(38720K), 0.0055620 secs] 1044486K->1010054K(1499856K), 0.0056440 secs] [Times: user=0.01 sys=0.00, real=0.00 secs] 
2020-10-28T12:49:40.764+0000: [GC (Allocation Failure) 2020-10-28T12:49:40.764+0000: [ParNew: 34438K->6K(38720K), 0.0055009 secs] 1044486K->1010054K(1499856K), 0.0055633 secs] [Times: user=0.01 sys=0.00, real=0.01 secs] 
2020-10-28T12:49:40.813+0000: [GC (Allocation Failure) 2020-10-28T12:49:40.813+0000: [ParNew: 34438K->6K(38720K), 0.0066883 secs] 1044486K->1010054K(1499856K), 0.0067539 secs] [Times: user=0.02 sys=0.00, real=0.01 secs] 
2020-10-28T12:49:40.862+0000: [GC (Allocation Failure) 2020-10-28T12:49:40.862+0000: [ParNew: 34438K->6K(38720K), 0.0056233 secs] 1044486K->1010054K(1499856K), 0.0056855 secs] [Times: user=0.01 sys=0.00, real=0.01 secs] 
2020-10-28T12:49:40.907+0000: [GC (Allocation Failure) 2020-10-28T12:49:40.908+0000: [ParNew: 34438K->6K(38720K), 0.0055251 secs] 1044486K->1010054K(1499856K), 0.0055868 secs] [Times: user=0.01 sys=0.00, real=0.00 secs] 
2020-10-28T12:49:40.959+0000: [GC (Allocation Failure) 2020-10-28T12:49:40.959+0000: [ParNew: 34438K->6K(38720K), 0.0055147 secs] 1044486K->1010054K(1499856K), 0.0055772 secs] [Times: user=0.01 sys=0.00, real=0.00 secs] 
2020-10-28T12:49:41.004+0000: [GC (Allocation Failure) 2020-10-28T12:49:41.004+0000: [ParNew: 34438K->6K(38720K), 0.0055062 secs] 1044486K->1010054K(1499856K), 0.0055671 secs] [Times: user=0.01 sys=0.00, real=0.01 secs] 
2020-10-28T12:49:41.053+0000: [GC (Allocation Failure) 2020-10-28T12:49:41.053+0000: [ParNew: 34438K->6K(38720K), 0.0055416 secs] 1044486K->1010054K(1499856K), 0.0056046 secs] [Times: user=0.01 sys=0.00, real=0.01 secs] 
2020-10-28T12:49:41.103+0000: [GC (Allocation Failure) 2020-10-28T12:49:41.103+0000: [ParNew: 34438K->6K(38720K), 0.0054875 secs] 1044486K->1010054K(1499856K), 0.0055499 secs] [Times: user=0.01 sys=0.00, real=0.01 secs] 
2020-10-28T12:49:41.150+0000: [GC (Allocation Failure) 2020-10-28T12:49:41.150+0000: [ParNew: 34438K->6K(38720K), 0.0055652 secs] 1044486K->1010054K(1499856K), 0.0056289 secs] [Times: user=0.01 sys=0.00, real=0.00 secs] 
2020-10-28T12:49:41.200+0000: [GC (Allocation Failure) 2020-10-28T12:49:41.200+0000: [ParNew: 34438K->6K(38720K), 0.0055719 secs] 1044486K->1010054K(1499856K), 0.0056358 secs] [Times: user=0.01 sys=0.00, real=0.00 secs] 
2020-10-28T12:49:41.250+0000: [GC (Allocation Failure) 2020-10-28T12:49:41.250+0000: [ParNew: 34438K->6K(38720K), 0.0055626 secs] 1044486K->1010054K(1499856K), 0.0056252 secs] [Times: user=0.02 sys=0.00, real=0.00 secs] 
2020-10-28T12:49:41.298+0000: [GC (Allocation Failure) 2020-10-28T12:49:41.298+0000: [ParNew: 34438K->6K(38720K), 0.0055885 secs] 1044486K->1010054K(1499856K), 0.0056514 secs] [Times: user=0.01 sys=0.00, real=0.00 secs] 
2020-10-28T12:49:41.344+0000: [GC (Allocation Failure) 2020-10-28T12:49:41.344+0000: [ParNew: 34438K->6K(38720K), 0.0058131 secs] 1044486K->1010054K(1499856K), 0.0058692 secs] [Times: user=0.01 sys=0.00, real=0.01 secs] 
2020-10-28T12:49:41.390+0000: [GC (Allocation Failure) 2020-10-28T12:49:41.390+0000: [ParNew: 34438K->6K(38720K), 0.0055537 secs] 1044486K->1010054K(1499856K), 0.0056147 secs] [Times: user=0.01 sys=0.00, real=0.00 secs] 
2020-10-28T12:49:41.442+0000: [GC (Allocation Failure) 2020-10-28T12:49:41.443+0000: [ParNew: 34438K->6K(38720K), 0.0055799 secs] 1044486K->1010054K(1499856K), 0.0056418 secs] [Times: user=0.01 sys=0.00, real=0.01 secs] 
2020-10-28T12:49:41.488+0000: [GC (Allocation Failure) 2020-10-28T12:49:41.488+0000: [ParNew: 34438K->6K(38720K), 0.0055165 secs] 1044486K->1010054K(1499856K), 0.0055920 secs] [Times: user=0.01 sys=0.00, real=0.00 secs] 
2020-10-28T12:49:41.538+0000: [GC (Allocation Failure) 2020-10-28T12:49:41.538+0000: [ParNew: 34438K->6K(38720K), 0.0055320 secs] 1044486K->1010054K(1499856K), 0.0055950 secs] [Times: user=0.01 sys=0.00, real=0.00 secs] 
2020-10-28T12:49:41.583+0000: [GC (Allocation Failure) 2020-10-28T12:49:41.583+0000: [ParNew: 34438K->6K(38720K), 0.0055627 secs] 1044486K->1010055K(1499856K), 0.0056292 secs] [Times: user=0.01 sys=0.00, real=0.01 secs] 
2020-10-28T12:49:41.629+0000: [GC (Allocation Failure) 2020-10-28T12:49:41.629+0000: [ParNew: 34438K->6K(38720K), 0.0055505 secs] 1044487K->1010055K(1499856K), 0.0056119 secs] [Times: user=0.01 sys=0.00, real=0.00 secs] 
2020-10-28T12:49:41.682+0000: [GC (Allocation Failure) 2020-10-28T12:49:41.682+0000: [ParNew: 34438K->6K(38720K), 0.0055132 secs] 1044487K->1010055K(1499856K), 0.0055768 secs] [Times: user=0.01 sys=0.00, real=0.01 secs] 
2020-10-28T12:49:41.733+0000: [GC (Allocation Failure) 2020-10-28T12:49:41.733+0000: [ParNew: 34438K->6K(38720K), 0.0055438 secs] 1044487K->1010055K(1499856K), 0.0056054 secs] [Times: user=0.01 sys=0.00, real=0.01 secs] 
2020-10-28T12:49:41.786+0000: [GC (Allocation Failure) 2020-10-28T12:49:41.786+0000: [ParNew: 34438K->10K(38720K), 0.0055716 secs] 1044487K->1010059K(1499856K), 0.0056329 secs] [Times: user=0.01 sys=0.00, real=0.00 secs] 
2020-10-28T12:49:41.840+0000: [GC (Allocation Failure) 2020-10-28T12:49:41.840+0000: [ParNew: 34442K->10K(38720K), 0.0056087 secs] 1044491K->1010059K(1499856K), 0.0056714 secs] [Times: user=0.01 sys=0.00, real=0.01 secs] 
2020-10-28T12:49:41.890+0000: [GC (Allocation Failure) 2020-10-28T12:49:41.890+0000: [ParNew: 34431K->12K(38720K), 0.0055731 secs] 1044480K->1010061K(1499856K), 0.0056377 secs] [Times: user=0.01 sys=0.00, real=0.00 secs] 
2020-10-28T12:49:41.946+0000: [GC (Allocation Failure) 2020-10-28T12:49:41.946+0000: [ParNew: 34444K->10K(38720K), 0.0056090 secs] 1044493K->1010059K(1499856K), 0.0056724 secs] [Times: user=0.01 sys=0.00, real=0.00 secs] 
2020-10-28T12:49:41.992+0000: [GC (Allocation Failure) 2020-10-28T12:49:41.992+0000: [ParNew: 34442K->14K(38720K), 0.0055600 secs] 1044491K->1010063K(1499856K), 0.0056240 secs] [Times: user=0.01 sys=0.00, real=0.00 secs] 
2020-10-28T12:49:42.037+0000: [GC (Allocation Failure) 2020-10-28T12:49:42.037+0000: [ParNew: 34446K->10K(38720K), 0.0055800 secs] 1044495K->1010059K(1499856K), 0.0056381 secs] [Times: user=0.01 sys=0.00, real=0.01 secs] 
2020-10-28T12:49:42.084+0000: [GC (Allocation Failure) 2020-10-28T12:49:42.084+0000: [ParNew: 34442K->8K(38720K), 0.0055883 secs] 1044491K->1010062K(1499856K), 0.0056484 secs] [Times: user=0.01 sys=0.00, real=0.01 secs] 
2020-10-28T12:49:42.134+0000: [GC (Allocation Failure) 2020-10-28T12:49:42.134+0000: [ParNew: 34440K->6K(38720K), 0.0055489 secs] 1044494K->1010061K(1499856K), 0.0056125 secs] [Times: user=0.01 sys=0.00, real=0.01 secs] 
2020-10-28T12:49:42.180+0000: [GC (Allocation Failure) 2020-10-28T12:49:42.180+0000: [ParNew: 34438K->4K(38720K), 0.0055541 secs] 1044493K->1010060K(1499856K), 0.0056166 secs] [Times: user=0.01 sys=0.01, real=0.01 secs] 
2020-10-28T12:49:42.230+0000: [GC (Allocation Failure) 2020-10-28T12:49:42.230+0000: [ParNew: 34436K->6K(38720K), 0.0055090 secs] 1044492K->1010061K(1499856K), 0.0055731 secs] [Times: user=0.02 sys=0.00, real=0.00 secs] 
2020-10-28T12:49:42.275+0000: [GC (Allocation Failure) 2020-10-28T12:49:42.275+0000: [ParNew: 34438K->6K(38720K), 0.0055419 secs] 1044493K->1010061K(1499856K), 0.0056145 secs] [Times: user=0.01 sys=0.00, real=0.01 secs] 
2020-10-28T12:49:42.325+0000: [GC (Allocation Failure) 2020-10-28T12:49:42.325+0000: [ParNew: 34438K->6K(38720K), 0.0055788 secs] 1044493K->1010061K(1499856K), 0.0056418 secs] [Times: user=0.01 sys=0.00, real=0.01 secs] 
2020-10-28T12:49:42.374+0000: [GC (Allocation Failure) 2020-10-28T12:49:42.374+0000: [ParNew: 34438K->6K(38720K), 0.0056078 secs] 1044493K->1010061K(1499856K), 0.0056714 secs] [Times: user=0.01 sys=0.00, real=0.01 secs] 
2020-10-28T12:49:42.419+0000: [GC (Allocation Failure) 2020-10-28T12:49:42.419+0000: [ParNew: 34438K->6K(38720K), 0.0055768 secs] 1044493K->1010061K(1499856K), 0.0056410 secs] [Times: user=0.01 sys=0.00, real=0.00 secs] 
2020-10-28T12:49:42.465+0000: [GC (Allocation Failure) 2020-10-28T12:49:42.465+0000: [ParNew: 34438K->6K(38720K), 0.0055067 secs] 1044493K->1010061K(1499856K), 0.0055687 secs] [Times: user=0.01 sys=0.00, real=0.01 secs] 
2020-10-28T12:49:42.514+0000: [GC (Allocation Failure) 2020-10-28T12:49:42.514+0000: [ParNew: 34438K->6K(38720K), 0.0055403 secs] 1044493K->1010061K(1499856K), 0.0056040 secs] [Times: user=0.01 sys=0.00, real=0.01 secs] 
2020-10-28T12:49:42.559+0000: [GC (Allocation Failure) 2020-10-28T12:49:42.560+0000: [ParNew: 34438K->4K(38720K), 0.0055223 secs] 1044493K->1010059K(1499856K), 0.0055849 secs] [Times: user=0.02 sys=0.00, real=0.00 secs] 
2020-10-28T12:49:42.610+0000: [GC (Allocation Failure) 2020-10-28T12:49:42.610+0000: [ParNew: 34436K->6K(38720K), 0.0055865 secs] 1044491K->1010061K(1499856K), 0.0056557 secs] [Times: user=0.01 sys=0.00, real=0.00 secs] 
2020-10-28T12:49:42.660+0000: [GC (Allocation Failure) 2020-10-28T12:49:42.660+0000: [ParNew: 34438K->6K(38720K), 0.0055233 secs] 1044493K->1010061K(1499856K), 0.0055866 secs] [Times: user=0.02 sys=0.00, real=0.01 secs] 
2020-10-28T12:49:42.706+0000: [GC (Allocation Failure) 2020-10-28T12:49:42.706+0000: [ParNew: 34438K->6K(38720K), 0.0055512 secs] 1044493K->1010061K(1499856K), 0.0056142 secs] [Times: user=0.01 sys=0.00, real=0.00 secs] 
2020-10-28T12:49:42.752+0000: [GC (Allocation Failure) 2020-10-28T12:49:42.752+0000: [ParNew: 34438K->6K(38720K), 0.0055947 secs] 1044493K->1010061K(1499856K), 0.0056582 secs] [Times: user=0.01 sys=0.00, real=0.01 secs] 
2020-10-28T12:49:42.798+0000: [GC (Allocation Failure) 2020-10-28T12:49:42.798+0000: [ParNew: 34438K->4K(38720K), 0.0055575 secs] 1044493K->1010059K(1499856K), 0.0056280 secs] [Times: user=0.01 sys=0.00, real=0.00 secs] 
2020-10-28T12:49:42.850+0000: [GC (Allocation Failure) 2020-10-28T12:49:42.850+0000: [ParNew: 34436K->6K(38720K), 0.0055245 secs] 1044491K->1010061K(1499856K), 0.0055868 secs] [Times: user=0.01 sys=0.00, real=0.00 secs] 
2020-10-28T12:49:42.899+0000: [GC (Allocation Failure) 2020-10-28T12:49:42.899+0000: [ParNew: 34438K->6K(38720K), 0.0055006 secs] 1044493K->1010061K(1499856K), 0.0055624 secs] [Times: user=0.01 sys=0.00, real=0.00 secs] 
2020-10-28T12:49:42.952+0000: [GC (Allocation Failure) 2020-10-28T12:49:42.953+0000: [ParNew: 34438K->6K(38720K), 0.0056663 secs] 1044493K->1010061K(1499856K), 0.0057311 secs] [Times: user=0.01 sys=0.00, real=0.01 secs] 
2020-10-28T12:49:43.002+0000: [GC (Allocation Failure) 2020-10-28T12:49:43.002+0000: [ParNew: 34438K->6K(38720K), 0.0055049 secs] 1044493K->1010061K(1499856K), 0.0055671 secs] [Times: user=0.01 sys=0.00, real=0.01 secs] 
2020-10-28T12:49:43.051+0000: [GC (Allocation Failure) 2020-10-28T12:49:43.051+0000: [ParNew: 34438K->6K(38720K), 0.0055056 secs] 1044493K->1010061K(1499856K), 0.0055685 secs] [Times: user=0.01 sys=0.00, real=0.00 secs] 
2020-10-28T12:49:43.102+0000: [GC (Allocation Failure) 2020-10-28T12:49:43.102+0000: [ParNew: 34438K->6K(38720K), 0.0054952 secs] 1044493K->1010061K(1499856K), 0.0055574 secs] [Times: user=0.02 sys=0.00, real=0.01 secs] 
2020-10-28T12:49:43.151+0000: [GC (Allocation Failure) 2020-10-28T12:49:43.151+0000: [ParNew: 34438K->6K(38720K), 0.0055742 secs] 1044493K->1010061K(1499856K), 0.0056379 secs] [Times: user=0.01 sys=0.00, real=0.00 secs] 
2020-10-28T12:49:43.198+0000: [GC (Allocation Failure) 2020-10-28T12:49:43.198+0000: [ParNew: 34438K->6K(38720K), 0.0055523 secs] 1044493K->1010061K(1499856K), 0.0056156 secs] [Times: user=0.01 sys=0.00, real=0.00 secs] 
2020-10-28T12:49:43.250+0000: [GC (Allocation Failure) 2020-10-28T12:49:43.250+0000: [ParNew: 34438K->6K(38720K), 0.0055961 secs] 1044493K->1010061K(1499856K), 0.0056599 secs] [Times: user=0.01 sys=0.00, real=0.00 secs] 
2020-10-28T12:49:43.296+0000: [GC (Allocation Failure) 2020-10-28T12:49:43.296+0000: [ParNew: 34438K->6K(38720K), 0.0055074 secs] 1044493K->1010061K(1499856K), 0.0055684 secs] [Times: user=0.01 sys=0.00, real=0.01 secs] 
2020-10-28T12:49:43.346+0000: [GC (Allocation Failure) 2020-10-28T12:49:43.346+0000: [ParNew: 34438K->6K(38720K), 0.0060200 secs] 1044493K->1010061K(1499856K), 0.0060737 secs] [Times: user=0.01 sys=0.00, real=0.00 secs] 
2020-10-28T12:49:43.392+0000: [GC (Allocation Failure) 2020-10-28T12:49:43.392+0000: [ParNew: 34438K->6K(38720K), 0.0056100 secs] 1044493K->1010061K(1499856K), 0.0056714 secs] [Times: user=0.01 sys=0.00, real=0.01 secs] 
2020-10-28T12:49:43.443+0000: [GC (Allocation Failure) 2020-10-28T12:49:43.443+0000: [ParNew: 34438K->6K(38720K), 0.0054982 secs] 1044493K->1010061K(1499856K), 0.0055593 secs] [Times: user=0.01 sys=0.00, real=0.01 secs] 
2020-10-28T12:49:43.488+0000: [GC (Allocation Failure) 2020-10-28T12:49:43.488+0000: [ParNew: 34438K->6K(38720K), 0.0055498 secs] 1044493K->1010061K(1499856K), 0.0056216 secs] [Times: user=0.01 sys=0.00, real=0.00 secs] 
2020-10-28T12:49:43.534+0000: [GC (Allocation Failure) 2020-10-28T12:49:43.534+0000: [ParNew: 34438K->6K(38720K), 0.0055073 secs] 1044493K->1010061K(1499856K), 0.0055680 secs] [Times: user=0.01 sys=0.00, real=0.01 secs] 
2020-10-28T12:49:43.584+0000: [GC (Allocation Failure) 2020-10-28T12:49:43.584+0000: [ParNew: 34438K->6K(38720K), 0.0054895 secs] 1044493K->1010061K(1499856K), 0.0055508 secs] [Times: user=0.01 sys=0.00, real=0.01 secs] 
2020-10-28T12:49:43.629+0000: [GC (Allocation Failure) 2020-10-28T12:49:43.629+0000: [ParNew: 34438K->6K(38720K), 0.0055438 secs] 1044493K->1010061K(1499856K), 0.0056064 secs] [Times: user=0.01 sys=0.00, real=0.00 secs] 
2020-10-28T12:49:43.682+0000: [GC (Allocation Failure) 2020-10-28T12:49:43.682+0000: [ParNew: 34438K->6K(38720K), 0.0055092 secs] 1044493K->1010061K(1499856K), 0.0055717 secs] [Times: user=0.01 sys=0.00, real=0.01 secs] 
2020-10-28T12:49:43.727+0000: [GC (Allocation Failure) 2020-10-28T12:49:43.727+0000: [ParNew: 34438K->6K(38720K), 0.0055489 secs] 1044493K->1010061K(1499856K), 0.0056119 secs] [Times: user=0.02 sys=0.00, real=0.00 secs] 
2020-10-28T12:49:43.777+0000: [GC (Allocation Failure) 2020-10-28T12:49:43.777+0000: [ParNew: 34438K->6K(38720K), 0.0056309 secs] 1044493K->1010061K(1499856K), 0.0056928 secs] [Times: user=0.01 sys=0.00, real=0.01 secs] 
2020-10-28T12:49:43.833+0000: [GC (Allocation Failure) 2020-10-28T12:49:43.833+0000: [ParNew: 34438K->6K(38720K), 0.0127775 secs] 1044493K->1010061K(1499856K), 0.0128629 secs] [Times: user=0.01 sys=0.00, real=0.02 secs] 
2020-10-28T12:49:43.888+0000: [GC (Allocation Failure) 2020-10-28T12:49:43.888+0000: [ParNew: 34438K->6K(38720K), 0.0055422 secs] 1044493K->1010061K(1499856K), 0.0056032 secs] [Times: user=0.01 sys=0.00, real=0.00 secs] 
2020-10-28T12:49:43.952+0000: [GC (Allocation Failure) 2020-10-28T12:49:43.952+0000: [ParNew: 34438K->6K(38720K), 0.0055475 secs] 1044493K->1010061K(1499856K), 0.0056481 secs] [Times: user=0.01 sys=0.00, real=0.01 secs] 
2020-10-28T12:49:44.014+0000: [GC (Allocation Failure) 2020-10-28T12:49:44.014+0000: [ParNew: 34438K->6K(38720K), 0.0055977 secs] 1044493K->1010061K(1499856K), 0.0056814 secs] [Times: user=0.01 sys=0.00, real=0.01 secs] 
2020-10-28T12:49:44.070+0000: [GC (Allocation Failure) 2020-10-28T12:49:44.070+0000: [ParNew: 34438K->6K(38720K), 0.0055474 secs] 1044493K->1010061K(1499856K), 0.0056096 secs] [Times: user=0.01 sys=0.00, real=0.00 secs] 
2020-10-28T12:49:44.120+0000: [GC (Allocation Failure) 2020-10-28T12:49:44.120+0000: [ParNew: 34438K->6K(38720K), 0.0055487 secs] 1044493K->1010061K(1499856K), 0.0056129 secs] [Times: user=0.01 sys=0.00, real=0.01 secs] 
2020-10-28T12:49:44.173+0000: [GC (Allocation Failure) 2020-10-28T12:49:44.173+0000: [ParNew: 34438K->6K(38720K), 0.0055843 secs] 1044493K->1010061K(1499856K), 0.0056456 secs] [Times: user=0.00 sys=0.00, real=0.01 secs] 
2020-10-28T12:49:44.220+0000: [GC (Allocation Failure) 2020-10-28T12:49:44.220+0000: [ParNew: 34438K->6K(38720K), 0.0055121 secs] 1044493K->1010061K(1499856K), 0.0055738 secs] [Times: user=0.01 sys=0.00, real=0.00 secs] 
2020-10-28T12:49:44.265+0000: [GC (Allocation Failure) 2020-10-28T12:49:44.265+0000: [ParNew: 34438K->6K(38720K), 0.0055098 secs] 1044493K->1010061K(1499856K), 0.0055707 secs] [Times: user=0.00 sys=0.00, real=0.01 secs] 
2020-10-28T12:49:44.311+0000: [GC (Allocation Failure) 2020-10-28T12:49:44.311+0000: [ParNew: 34438K->6K(38720K), 0.0055794 secs] 1044493K->1010061K(1499856K), 0.0056429 secs] [Times: user=0.01 sys=0.00, real=0.00 secs] 
2020-10-28T12:49:44.361+0000: [GC (Allocation Failure) 2020-10-28T12:49:44.361+0000: [ParNew: 34438K->6K(38720K), 0.0102623 secs] 1044493K->1010061K(1499856K), 0.0103238 secs] [Times: user=0.01 sys=0.00, real=0.01 secs] 
2020-10-28T12:49:44.418+0000: [GC (Allocation Failure) 2020-10-28T12:49:44.418+0000: [ParNew: 34438K->6K(38720K), 0.0055076 secs] 1044493K->1010061K(1499856K), 0.0055699 secs] [Times: user=0.01 sys=0.00, real=0.00 secs] 
2020-10-28T12:49:44.466+0000: [GC (Allocation Failure) 2020-10-28T12:49:44.466+0000: [ParNew: 34438K->6K(38720K), 0.0055658 secs] 1044493K->1010061K(1499856K), 0.0056282 secs] [Times: user=0.01 sys=0.00, real=0.00 secs] 
2020-10-28T12:49:44.517+0000: [GC (Allocation Failure) 2020-10-28T12:49:44.517+0000: [ParNew: 34438K->6K(38720K), 0.0055144 secs] 1044493K->1010061K(1499856K), 0.0055766 secs] [Times: user=0.01 sys=0.00, real=0.01 secs] 
2020-10-28T12:49:44.564+0000: [GC (Allocation Failure) 2020-10-28T12:49:44.564+0000: [ParNew: 34438K->6K(38720K), 0.0055099 secs] 1044493K->1010061K(1499856K), 0.0055710 secs] [Times: user=0.01 sys=0.00, real=0.01 secs] 
2020-10-28T12:49:44.614+0000: [GC (Allocation Failure) 2020-10-28T12:49:44.614+0000: [ParNew: 34438K->6K(38720K), 0.0056499 secs] 1044493K->1010061K(1499856K), 0.0057139 secs] [Times: user=0.01 sys=0.00, real=0.01 secs] 
2020-10-28T12:49:44.666+0000: [GC (Allocation Failure) 2020-10-28T12:49:44.666+0000: [ParNew: 34438K->6K(38720K), 0.0055368 secs] 1044493K->1010061K(1499856K), 0.0056004 secs] [Times: user=0.01 sys=0.00, real=0.00 secs] 
2020-10-28T12:49:44.711+0000: [GC (Allocation Failure) 2020-10-28T12:49:44.712+0000: [ParNew: 34438K->6K(38720K), 0.0055544 secs] 1044493K->1010061K(1499856K), 0.0056280 secs] [Times: user=0.01 sys=0.00, real=0.00 secs] 
2020-10-28T12:49:44.757+0000: [GC (Allocation Failure) 2020-10-28T12:49:44.757+0000: [ParNew: 34438K->6K(38720K), 0.0054684 secs] 1044493K->1010061K(1499856K), 0.0055289 secs] [Times: user=0.01 sys=0.00, real=0.01 secs] 
2020-10-28T12:49:44.807+0000: [GC (Allocation Failure) 2020-10-28T12:49:44.807+0000: [ParNew: 34438K->6K(38720K), 0.0055032 secs] 1044493K->1010061K(1499856K), 0.0055663 secs] [Times: user=0.01 sys=0.00, real=0.00 secs] 
2020-10-28T12:49:44.852+0000: [GC (Allocation Failure) 2020-10-28T12:49:44.852+0000: [ParNew: 34438K->6K(38720K), 0.0055524 secs] 1044493K->1010061K(1499856K), 0.0056150 secs] [Times: user=0.02 sys=0.00, real=0.01 secs] 
2020-10-28T12:49:44.898+0000: [GC (Allocation Failure) 2020-10-28T12:49:44.898+0000: [ParNew: 34438K->6K(38720K), 0.0055300 secs] 1044493K->1010061K(1499856K), 0.0055921 secs] [Times: user=0.01 sys=0.00, real=0.00 secs] 
2020-10-28T12:49:44.967+0000: [GC (Allocation Failure) 2020-10-28T12:49:44.967+0000: [ParNew: 34438K->6K(38720K), 0.0056021 secs] 1044493K->1010061K(1499856K), 0.0056871 secs] [Times: user=0.01 sys=0.00, real=0.00 secs] 
2020-10-28T12:49:45.029+0000: [GC (Allocation Failure) 2020-10-28T12:49:45.029+0000: [ParNew: 34438K->6K(38720K), 0.0055220 secs] 1044493K->1010061K(1499856K), 0.0056092 secs] [Times: user=0.01 sys=0.00, real=0.00 secs] 
2020-10-28T12:49:45.091+0000: [GC (Allocation Failure) 2020-10-28T12:49:45.091+0000: [ParNew: 34438K->6K(38720K), 0.0055998 secs] 1044493K->1010061K(1499856K), 0.0056794 secs] [Times: user=0.01 sys=0.00, real=0.00 secs] 
2020-10-28T12:49:45.138+0000: [GC (Allocation Failure) 2020-10-28T12:49:45.138+0000: [ParNew: 34438K->6K(38720K), 0.0055105 secs] 1044493K->1010061K(1499856K), 0.0055733 secs] [Times: user=0.01 sys=0.00, real=0.00 secs] 
2020-10-28T12:49:45.187+0000: [GC (Allocation Failure) 2020-10-28T12:49:45.187+0000: [ParNew: 34438K->6K(38720K), 0.0055182 secs] 1044493K->1010061K(1499856K), 0.0055810 secs] [Times: user=0.01 sys=0.00, real=0.00 secs] 
2020-10-28T12:49:45.234+0000: [GC (Allocation Failure) 2020-10-28T12:49:45.234+0000: [ParNew: 34438K->6K(38720K), 0.0055517 secs] 1044493K->1010061K(1499856K), 0.0056136 secs] [Times: user=0.01 sys=0.00, real=0.01 secs] 
2020-10-28T12:49:45.286+0000: [GC (Allocation Failure) 2020-10-28T12:49:45.286+0000: [ParNew: 34438K->6K(38720K), 0.0055200 secs] 1044493K->1010061K(1499856K), 0.0055839 secs] [Times: user=0.01 sys=0.00, real=0.00 secs] 
2020-10-28T12:49:45.331+0000: [GC (Allocation Failure) 2020-10-28T12:49:45.331+0000: [ParNew: 34438K->6K(38720K), 0.0055785 secs] 1044493K->1010061K(1499856K), 0.0056408 secs] [Times: user=0.01 sys=0.00, real=0.00 secs] 
2020-10-28T12:49:45.378+0000: [GC (Allocation Failure) 2020-10-28T12:49:45.378+0000: [ParNew: 34438K->6K(38720K), 0.0056248 secs] 1044493K->1010061K(1499856K), 0.0057030 secs] [Times: user=0.01 sys=0.00, real=0.00 secs] 
2020-10-28T12:49:45.428+0000: [GC (Allocation Failure) 2020-10-28T12:49:45.428+0000: [ParNew: 34438K->6K(38720K), 0.0055216 secs] 1044493K->1010061K(1499856K), 0.0055858 secs] [Times: user=0.02 sys=0.00, real=0.00 secs] 
2020-10-28T12:49:45.473+0000: [GC (Allocation Failure) 2020-10-28T12:49:45.473+0000: [ParNew: 34438K->4K(38720K), 0.0056374 secs] 1044493K->1010059K(1499856K), 0.0056993 secs] [Times: user=0.01 sys=0.00, real=0.01 secs] 
2020-10-28T12:49:45.524+0000: [GC (Allocation Failure) 2020-10-28T12:49:45.524+0000: [ParNew: 34436K->6K(38720K), 0.0055185 secs] 1044491K->1010061K(1499856K), 0.0055806 secs] [Times: user=0.01 sys=0.00, real=0.01 secs] 
2020-10-28T12:49:45.570+0000: [GC (Allocation Failure) 2020-10-28T12:49:45.570+0000: [ParNew: 34438K->6K(38720K), 0.0055620 secs] 1044493K->1010061K(1499856K), 0.0056393 secs] [Times: user=0.01 sys=0.00, real=0.00 secs] 
2020-10-28T12:49:45.615+0000: [GC (Allocation Failure) 2020-10-28T12:49:45.615+0000: [ParNew: 34438K->6K(38720K), 0.0055709 secs] 1044493K->1010061K(1499856K), 0.0056460 secs] [Times: user=0.02 sys=0.00, real=0.01 secs] 
2020-10-28T12:49:45.661+0000: [GC (Allocation Failure) 2020-10-28T12:49:45.661+0000: [ParNew: 34438K->6K(38720K), 0.0055164 secs] 1044493K->1010062K(1499856K), 0.0055775 secs] [Times: user=0.01 sys=0.00, real=0.01 secs] 
2020-10-28T12:49:45.718+0000: [GC (Allocation Failure) 2020-10-28T12:49:45.718+0000: [ParNew: 34438K->6K(38720K), 0.0055317 secs] 1044494K->1010061K(1499856K), 0.0055887 secs] [Times: user=0.01 sys=0.00, real=0.00 secs] 
2020-10-28T12:49:45.764+0000: [GC (Allocation Failure) 2020-10-28T12:49:45.764+0000: [ParNew: 34438K->6K(38720K), 0.0055430 secs] 1044493K->1010061K(1499856K), 0.0056049 secs] [Times: user=0.01 sys=0.00, real=0.01 secs] 
2020-10-28T12:49:45.809+0000: [GC (Allocation Failure) 2020-10-28T12:49:45.809+0000: [ParNew: 34438K->6K(38720K), 0.0058507 secs] 1044493K->1010061K(1499856K), 0.0059141 secs] [Times: user=0.01 sys=0.00, real=0.00 secs] 
2020-10-28T12:49:45.859+0000: [GC (Allocation Failure) 2020-10-28T12:49:45.859+0000: [ParNew: 34438K->6K(38720K), 0.0055294 secs] 1044493K->1010061K(1499856K), 0.0055935 secs] [Times: user=0.01 sys=0.00, real=0.00 secs] 
2020-10-28T12:49:45.905+0000: [GC (Allocation Failure) 2020-10-28T12:49:45.905+0000: [ParNew: 34438K->6K(38720K), 0.0055697 secs] 1044493K->1010061K(1499856K), 0.0056310 secs] [Times: user=0.01 sys=0.00, real=0.01 secs] 
2020-10-28T12:49:45.951+0000: [GC (Allocation Failure) 2020-10-28T12:49:45.951+0000: [ParNew: 34438K->6K(38720K), 0.0055407 secs] 1044493K->1010061K(1499856K), 0.0056036 secs] [Times: user=0.01 sys=0.00, real=0.00 secs] 
2020-10-28T12:49:45.996+0000: [GC (Allocation Failure) 2020-10-28T12:49:45.996+0000: [ParNew: 34438K->6K(38720K), 0.0055579 secs] 1044493K->1010061K(1499856K), 0.0056222 secs] [Times: user=0.01 sys=0.00, real=0.01 secs] 
2020-10-28T12:49:46.046+0000: [GC (Allocation Failure) 2020-10-28T12:49:46.046+0000: [ParNew: 34438K->6K(38720K), 0.0055078 secs] 1044493K->1010061K(1499856K), 0.0055702 secs] [Times: user=0.01 sys=0.00, real=0.00 secs] 
2020-10-28T12:49:46.094+0000: [GC (Allocation Failure) 2020-10-28T12:49:46.094+0000: [ParNew: 34438K->6K(38720K), 0.0055053 secs] 1044493K->1010061K(1499856K), 0.0055664 secs] [Times: user=0.01 sys=0.00, real=0.01 secs] 
2020-10-28T12:49:46.142+0000: [GC (Allocation Failure) 2020-10-28T12:49:46.142+0000: [ParNew: 34438K->6K(38720K), 0.0055259 secs] 1044493K->1010061K(1499856K), 0.0055888 secs] [Times: user=0.01 sys=0.00, real=0.01 secs] 
2020-10-28T12:49:46.190+0000: [GC (Allocation Failure) 2020-10-28T12:49:46.190+0000: [ParNew: 34438K->6K(38720K), 0.0055447 secs] 1044493K->1010061K(1499856K), 0.0056063 secs] [Times: user=0.01 sys=0.00, real=0.00 secs] 
2020-10-28T12:49:46.235+0000: [GC (Allocation Failure) 2020-10-28T12:49:46.235+0000: [ParNew: 34438K->6K(38720K), 0.0055626 secs] 1044493K->1010061K(1499856K), 0.0056260 secs] [Times: user=0.01 sys=0.00, real=0.01 secs] 
2020-10-28T12:49:46.285+0000: [GC (Allocation Failure) 2020-10-28T12:49:46.285+0000: [ParNew: 34438K->6K(38720K), 0.0055322 secs] 1044493K->1010061K(1499856K), 0.0055957 secs] [Times: user=0.01 sys=0.00, real=0.01 secs] 
2020-10-28T12:49:46.331+0000: [GC (Allocation Failure) 2020-10-28T12:49:46.331+0000: [ParNew: 34438K->6K(38720K), 0.0055611 secs] 1044493K->1010061K(1499856K), 0.0056256 secs] [Times: user=0.02 sys=0.00, real=0.00 secs] 
2020-10-28T12:49:46.382+0000: [GC (Allocation Failure) 2020-10-28T12:49:46.382+0000: [ParNew: 34438K->6K(38720K), 0.0117438 secs] 1044493K->1010061K(1499856K), 0.0118313 secs] [Times: user=0.01 sys=0.00, real=0.01 secs] 
2020-10-28T12:49:46.450+0000: [GC (Allocation Failure) 2020-10-28T12:49:46.450+0000: [ParNew: 34438K->4K(38720K), 0.0118229 secs] 1044493K->1010059K(1499856K), 0.0119069 secs] [Times: user=0.01 sys=0.00, real=0.01 secs] 
2020-10-28T12:49:46.506+0000: [GC (Allocation Failure) 2020-10-28T12:49:46.506+0000: [ParNew: 34436K->6K(38720K), 0.0055093 secs] 1044491K->1010061K(1499856K), 0.0055633 secs] [Times: user=0.01 sys=0.00, real=0.00 secs] 
2020-10-28T12:49:46.552+0000: [GC (Allocation Failure) 2020-10-28T12:49:46.552+0000: [ParNew: 34438K->6K(38720K), 0.0055269 secs] 1044493K->1010061K(1499856K), 0.0055990 secs] [Times: user=0.01 sys=0.00, real=0.00 secs] 
2020-10-28T12:49:46.602+0000: [GC (Allocation Failure) 2020-10-28T12:49:46.602+0000: [ParNew: 34438K->6K(38720K), 0.0054971 secs] 1044493K->1010061K(1499856K), 0.0055583 secs] [Times: user=0.01 sys=0.00, real=0.01 secs] 
2020-10-28T12:49:46.647+0000: [GC (Allocation Failure) 2020-10-28T12:49:46.647+0000: [ParNew: 34438K->6K(38720K), 0.0056672 secs] 1044493K->1010061K(1499856K), 0.0057282 secs] [Times: user=0.01 sys=0.00, real=0.00 secs] 
2020-10-28T12:49:46.693+0000: [GC (Allocation Failure) 2020-10-28T12:49:46.693+0000: [ParNew: 34438K->6K(38720K), 0.0055417 secs] 1044493K->1010061K(1499856K), 0.0056053 secs] [Times: user=0.02 sys=0.00, real=0.01 secs] 
2020-10-28T12:49:46.742+0000: [GC (Allocation Failure) 2020-10-28T12:49:46.742+0000: [ParNew: 34438K->6K(38720K), 0.0055266 secs] 1044493K->1010061K(1499856K), 0.0055882 secs] [Times: user=0.01 sys=0.00, real=0.01 secs] 
2020-10-28T12:49:46.792+0000: [GC (Allocation Failure) 2020-10-28T12:49:46.792+0000: [ParNew: 34438K->6K(38720K), 0.0055520 secs] 1044493K->1010061K(1499856K), 0.0056136 secs] [Times: user=0.01 sys=0.00, real=0.00 secs] 
2020-10-28T12:49:46.845+0000: [GC (Allocation Failure) 2020-10-28T12:49:46.845+0000: [ParNew: 34438K->6K(38720K), 0.0055783 secs] 1044493K->1010061K(1499856K), 0.0056412 secs] [Times: user=0.01 sys=0.00, real=0.01 secs] 
2020-10-28T12:49:46.891+0000: [GC (Allocation Failure) 2020-10-28T12:49:46.891+0000: [ParNew: 34438K->6K(38720K), 0.0055982 secs] 1044493K->1010061K(1499856K), 0.0056626 secs] [Times: user=0.01 sys=0.00, real=0.00 secs] 
2020-10-28T12:49:46.937+0000: [GC (Allocation Failure) 2020-10-28T12:49:46.937+0000: [ParNew: 34438K->6K(38720K), 0.0055054 secs] 1044493K->1010061K(1499856K), 0.0055663 secs] [Times: user=0.01 sys=0.00, real=0.01 secs] 
2020-10-28T12:49:46.986+0000: [GC (Allocation Failure) 2020-10-28T12:49:46.986+0000: [ParNew: 34438K->6K(38720K), 0.0054902 secs] 1044493K->1010061K(1499856K), 0.0055529 secs] [Times: user=0.01 sys=0.00, real=0.00 secs] 
2020-10-28T12:49:47.032+0000: [GC (Allocation Failure) 2020-10-28T12:49:47.032+0000: [ParNew: 34438K->6K(38720K), 0.0056067 secs] 1044493K->1010061K(1499856K), 0.0056801 secs] [Times: user=0.01 sys=0.00, real=0.01 secs] 
2020-10-28T12:49:47.082+0000: [GC (Allocation Failure) 2020-10-28T12:49:47.082+0000: [ParNew: 34438K->6K(38720K), 0.0056361 secs] 1044493K->1010061K(1499856K), 0.0056986 secs] [Times: user=0.01 sys=0.00, real=0.01 secs] 
2020-10-28T12:49:47.130+0000: [GC (Allocation Failure) 2020-10-28T12:49:47.130+0000: [ParNew: 34438K->6K(38720K), 0.0056198 secs] 1044493K->1010061K(1499856K), 0.0056850 secs] [Times: user=0.01 sys=0.00, real=0.00 secs] 
2020-10-28T12:49:47.180+0000: [GC (Allocation Failure) 2020-10-28T12:49:47.180+0000: [ParNew: 34438K->6K(38720K), 0.0055387 secs] 1044493K->1010061K(1499856K), 0.0056026 secs] [Times: user=0.02 sys=0.00, real=0.00 secs] 
2020-10-28T12:49:47.226+0000: [GC (Allocation Failure) 2020-10-28T12:49:47.226+0000: [ParNew: 34438K->6K(38720K), 0.0055575 secs] 1044493K->1010062K(1499856K), 0.0056191 secs] [Times: user=0.02 sys=0.00, real=0.00 secs] 
2020-10-28T12:49:47.274+0000: [GC (Allocation Failure) 2020-10-28T12:49:47.274+0000: [ParNew: 34438K->6K(38720K), 0.0054939 secs] 1044494K->1010062K(1499856K), 0.0055545 secs] [Times: user=0.01 sys=0.00, real=0.01 secs] 
2020-10-28T12:49:47.322+0000: [GC (Allocation Failure) 2020-10-28T12:49:47.322+0000: [ParNew: 34438K->6K(38720K), 0.0055827 secs] 1044494K->1010062K(1499856K), 0.0056432 secs] [Times: user=0.01 sys=0.00, real=0.01 secs] 
2020-10-28T12:49:47.372+0000: [GC (Allocation Failure) 2020-10-28T12:49:47.372+0000: [ParNew: 34438K->6K(38720K), 0.0056639 secs] 1044494K->1010062K(1499856K), 0.0057232 secs] [Times: user=0.01 sys=0.00, real=0.01 secs] 
2020-10-28T12:49:47.423+0000: [GC (Allocation Failure) 2020-10-28T12:49:47.423+0000: [ParNew: 34438K->6K(38720K), 0.0055029 secs] 1044494K->1010062K(1499856K), 0.0055723 secs] [Times: user=0.01 sys=0.00, real=0.01 secs] 
2020-10-28T12:49:47.469+0000: [GC (Allocation Failure) 2020-10-28T12:49:47.469+0000: [ParNew: 34438K->6K(38720K), 0.0055570 secs] 1044494K->1010062K(1499856K), 0.0056205 secs] [Times: user=0.01 sys=0.00, real=0.00 secs] 
2020-10-28T12:49:47.519+0000: [GC (Allocation Failure) 2020-10-28T12:49:47.519+0000: [ParNew: 34438K->6K(38720K), 0.0055451 secs] 1044494K->1010062K(1499856K), 0.0056076 secs] [Times: user=0.01 sys=0.00, real=0.00 secs] 
2020-10-28T12:49:47.564+0000: [GC (Allocation Failure) 2020-10-28T12:49:47.564+0000: [ParNew: 34438K->6K(38720K), 0.0055089 secs] 1044494K->1010062K(1499856K), 0.0055892 secs] [Times: user=0.01 sys=0.01, real=0.01 secs] 
2020-10-28T12:49:47.614+0000: [GC (Allocation Failure) 2020-10-28T12:49:47.614+0000: [ParNew: 34438K->6K(38720K), 0.0054812 secs] 1044494K->1010062K(1499856K), 0.0055424 secs] [Times: user=0.01 sys=0.00, real=0.01 secs] 
2020-10-28T12:49:47.666+0000: [GC (Allocation Failure) 2020-10-28T12:49:47.666+0000: [ParNew: 34438K->6K(38720K), 0.0055131 secs] 1044494K->1010062K(1499856K), 0.0055755 secs] [Times: user=0.01 sys=0.00, real=0.00 secs] 
2020-10-28T12:49:47.714+0000: [GC (Allocation Failure) 2020-10-28T12:49:47.714+0000: [ParNew: 34438K->6K(38720K), 0.0055667 secs] 1044494K->1010062K(1499856K), 0.0056294 secs] [Times: user=0.01 sys=0.00, real=0.01 secs] 
2020-10-28T12:49:47.759+0000: [GC (Allocation Failure) 2020-10-28T12:49:47.759+0000: [ParNew: 34438K->6K(38720K), 0.0055055 secs] 1044494K->1010062K(1499856K), 0.0055680 secs] [Times: user=0.01 sys=0.00, real=0.00 secs] 
2020-10-28T12:49:47.810+0000: [GC (Allocation Failure) 2020-10-28T12:49:47.810+0000: [ParNew: 34438K->6K(38720K), 0.0055535 secs] 1044494K->1010062K(1499856K), 0.0056155 secs] [Times: user=0.02 sys=0.00, real=0.00 secs] 
2020-10-28T12:49:47.855+0000: [GC (Allocation Failure) 2020-10-28T12:49:47.855+0000: [ParNew: 34438K->6K(38720K), 0.0055263 secs] 1044494K->1010062K(1499856K), 0.0055891 secs] [Times: user=0.01 sys=0.00, real=0.01 secs] 
2020-10-28T12:49:47.902+0000: [GC (Allocation Failure) 2020-10-28T12:49:47.902+0000: [ParNew: 34438K->6K(38720K), 0.0055205 secs] 1044494K->1010062K(1499856K), 0.0055819 secs] [Times: user=0.01 sys=0.00, real=0.01 secs] 
2020-10-28T12:49:47.956+0000: [GC (Allocation Failure) 2020-10-28T12:49:47.956+0000: [ParNew: 34438K->6K(38720K), 0.0056031 secs] 1044494K->1010062K(1499856K), 0.0056675 secs] [Times: user=0.01 sys=0.00, real=0.01 secs] 
2020-10-28T12:49:48.026+0000: [GC (Allocation Failure) 2020-10-28T12:49:48.026+0000: [ParNew: 34438K->8K(38720K), 0.0055663 secs] 1044494K->1010064K(1499856K), 0.0056305 secs] [Times: user=0.02 sys=0.00, real=0.00 secs] 
2020-10-28T12:49:48.085+0000: [GC (Allocation Failure) 2020-10-28T12:49:48.085+0000: [ParNew: 34440K->6K(38720K), 0.0055747 secs] 1044496K->1010062K(1499856K), 0.0056360 secs] [Times: user=0.01 sys=0.00, real=0.01 secs] 
2020-10-28T12:49:48.150+0000: [GC (Allocation Failure) 2020-10-28T12:49:48.150+0000: [ParNew: 34438K->6K(38720K), 0.0055235 secs] 1044494K->1010062K(1499856K), 0.0055849 secs] [Times: user=0.01 sys=0.00, real=0.00 secs] 
2020-10-28T12:49:48.212+0000: [GC (Allocation Failure) 2020-10-28T12:49:48.212+0000: [ParNew: 34438K->6K(38720K), 0.0055612 secs] 1044494K->1010062K(1499856K), 0.0056237 secs] [Times: user=0.01 sys=0.00, real=0.01 secs] 
2020-10-28T12:49:48.274+0000: [GC (Allocation Failure) 2020-10-28T12:49:48.274+0000: [ParNew: 34438K->6K(38720K), 0.0055504 secs] 1044494K->1010062K(1499856K), 0.0056157 secs] [Times: user=0.01 sys=0.00, real=0.01 secs] 
2020-10-28T12:49:48.340+0000: [GC (Allocation Failure) 2020-10-28T12:49:48.340+0000: [ParNew: 34438K->4K(38720K), 0.0056055 secs] 1044494K->1010061K(1499856K), 0.0056693 secs] [Times: user=0.02 sys=0.00, real=0.01 secs] 
2020-10-28T12:49:48.430+0000: [GC (Allocation Failure) 2020-10-28T12:49:48.430+0000: [ParNew: 34436K->6K(38720K), 0.0055570 secs] 1044493K->1010063K(1499856K), 0.0056196 secs] [Times: user=0.01 sys=0.00, real=0.00 secs] 
2020-10-28T12:49:48.594+0000: [GC (Allocation Failure) 2020-10-28T12:49:48.594+0000: [ParNew: 34438K->6K(38720K), 0.0055782 secs] 1044495K->1010063K(1499856K), 0.0056522 secs] [Times: user=0.01 sys=0.00, real=0.01 secs] 
2020-10-28T12:49:48.793+0000: [GC (Allocation Failure) 2020-10-28T12:49:48.793+0000: [ParNew: 34438K->6K(38720K), 0.0055491 secs] 1044495K->1010063K(1499856K), 0.0056141 secs] [Times: user=0.02 sys=0.00, real=0.01 secs] 
2020-10-28T12:49:48.950+0000: [GC (Allocation Failure) 2020-10-28T12:49:48.950+0000: [ParNew: 34438K->6K(38720K), 0.0055484 secs] 1044495K->1010063K(1499856K), 0.0056129 secs] [Times: user=0.01 sys=0.00, real=0.00 secs] 
2020-10-28T12:49:49.137+0000: [GC (Allocation Failure) 2020-10-28T12:49:49.137+0000: [ParNew: 34438K->6K(38720K), 0.0055423 secs] 1044495K->1010063K(1499856K), 0.0056065 secs] [Times: user=0.02 sys=0.00, real=0.01 secs] 
2020-10-28T12:49:49.471+0000: [GC (Allocation Failure) 2020-10-28T12:49:49.471+0000: [ParNew: 34438K->4K(38720K), 0.0055483 secs] 1044495K->1010062K(1499856K), 0.0056132 secs] [Times: user=0.01 sys=0.00, real=0.00 secs] 
2020-10-28T12:49:50.103+0000: [GC (Allocation Failure) 2020-10-28T12:49:50.103+0000: [ParNew: 34436K->6K(38720K), 0.0055674 secs] 1044494K->1010064K(1499856K), 0.0056521 secs] [Times: user=0.01 sys=0.00, real=0.01 secs] 
2020-10-28T12:49:50.252+0000: [GC (Allocation Failure) 2020-10-28T12:49:50.252+0000: [ParNew: 34438K->4K(38720K), 0.0055613 secs] 1044496K->1010064K(1499856K), 0.0056274 secs] [Times: user=0.01 sys=0.00, real=0.01 secs] 
2020-10-28T12:49:50.338+0000: [GC (Allocation Failure) 2020-10-28T12:49:50.338+0000: [ParNew: 34436K->4K(38720K), 0.0054893 secs] 1044496K->1010064K(1499856K), 0.0055534 secs] [Times: user=0.01 sys=0.00, real=0.00 secs] 
2020-10-28T12:49:50.463+0000: [GC (Allocation Failure) 2020-10-28T12:49:50.463+0000: [ParNew: 34436K->4K(38720K), 0.0054928 secs] 1044496K->1010064K(1499856K), 0.0055571 secs] [Times: user=0.01 sys=0.00, real=0.01 secs] 
2020-10-28T12:49:50.530+0000: [GC (Allocation Failure) 2020-10-28T12:49:50.530+0000: [ParNew: 34436K->4K(38720K), 0.0054913 secs] 1044496K->1010064K(1499856K), 0.0055544 secs] [Times: user=0.01 sys=0.00, real=0.00 secs] 
2020-10-28T12:49:50.586+0000: [GC (Allocation Failure) 2020-10-28T12:49:50.586+0000: [ParNew: 34436K->4K(38720K), 0.0055498 secs] 1044496K->1010065K(1499856K), 0.0056154 secs] [Times: user=0.01 sys=0.00, real=0.00 secs] 
2020-10-28T12:49:50.646+0000: [GC (Allocation Failure) 2020-10-28T12:49:50.646+0000: [ParNew: 34436K->4K(38720K), 0.0055185 secs] 1044497K->1010065K(1499856K), 0.0055817 secs] [Times: user=0.01 sys=0.00, real=0.00 secs] 
2020-10-28T12:49:50.700+0000: [GC (Allocation Failure) 2020-10-28T12:49:50.700+0000: [ParNew: 34436K->4K(38720K), 0.0154918 secs] 1044497K->1010066K(1499856K), 0.0155585 secs] [Times: user=0.01 sys=0.00, real=0.01 secs] 
2020-10-28T12:49:50.770+0000: [GC (Allocation Failure) 2020-10-28T12:49:50.770+0000: [ParNew: 34436K->4K(38720K), 0.0055151 secs] 1044498K->1010066K(1499856K), 0.0055881 secs] [Times: user=0.01 sys=0.00, real=0.00 secs] 
2020-10-28T12:49:50.838+0000: [GC (Allocation Failure) 2020-10-28T12:49:50.838+0000: [ParNew: 34436K->4K(38720K), 0.0055335 secs] 1044498K->1010066K(1499856K), 0.0055985 secs] [Times: user=0.01 sys=0.00, real=0.00 secs] 
2020-10-28T12:49:50.900+0000: [GC (Allocation Failure) 2020-10-28T12:49:50.900+0000: [ParNew: 34436K->4K(38720K), 0.0054858 secs] 1044498K->1010066K(1499856K), 0.0055503 secs] [Times: user=0.01 sys=0.00, real=0.01 secs] 
2020-10-28T12:49:50.963+0000: [GC (Allocation Failure) 2020-10-28T12:49:50.963+0000: [ParNew: 34436K->4K(38720K), 0.0054905 secs] 1044498K->1010066K(1499856K), 0.0055534 secs] [Times: user=0.01 sys=0.00, real=0.01 secs] 
2020-10-28T12:49:51.023+0000: [GC (Allocation Failure) 2020-10-28T12:49:51.023+0000: [ParNew: 34436K->4K(38720K), 0.0055426 secs] 1044498K->1010066K(1499856K), 0.0056037 secs] [Times: user=0.01 sys=0.00, real=0.01 secs] 
2020-10-28T12:49:51.076+0000: [GC (Allocation Failure) 2020-10-28T12:49:51.076+0000: [ParNew: 34436K->4K(38720K), 0.0055165 secs] 1044498K->1010066K(1499856K), 0.0055918 secs] [Times: user=0.01 sys=0.00, real=0.01 secs] 
2020-10-28T12:49:51.135+0000: [GC (Allocation Failure) 2020-10-28T12:49:51.135+0000: [ParNew: 34436K->4K(38720K), 0.0054827 secs] 1044498K->1010066K(1499856K), 0.0055470 secs] [Times: user=0.01 sys=0.00, real=0.01 secs] 
2020-10-28T12:49:51.182+0000: [GC (Allocation Failure) 2020-10-28T12:49:51.182+0000: [ParNew: 34436K->4K(38720K), 0.0055317 secs] 1044498K->1010066K(1499856K), 0.0055935 secs] [Times: user=0.01 sys=0.00, real=0.01 secs] 
2020-10-28T12:49:51.228+0000: [GC (Allocation Failure) 2020-10-28T12:49:51.228+0000: [ParNew: 34436K->4K(38720K), 0.0054918 secs] 1044498K->1010066K(1499856K), 0.0055534 secs] [Times: user=0.02 sys=0.00, real=0.00 secs] 
2020-10-28T12:49:51.282+0000: [GC (Allocation Failure) 2020-10-28T12:49:51.282+0000: [ParNew: 34436K->4K(38720K), 0.0055199 secs] 1044498K->1010066K(1499856K), 0.0055837 secs] [Times: user=0.01 sys=0.00, real=0.01 secs] 
2020-10-28T12:49:51.333+0000: [GC (Allocation Failure) 2020-10-28T12:49:51.333+0000: [ParNew: 34436K->4K(38720K), 0.0054939 secs] 1044498K->1010066K(1499856K), 0.0055546 secs] [Times: user=0.01 sys=0.00, real=0.01 secs] 
2020-10-28T12:49:51.380+0000: [GC (Allocation Failure) 2020-10-28T12:49:51.380+0000: [ParNew: 34436K->4K(38720K), 0.0055395 secs] 1044498K->1010066K(1499856K), 0.0056025 secs] [Times: user=0.01 sys=0.00, real=0.01 secs] 
2020-10-28T12:49:51.427+0000: [GC (Allocation Failure) 2020-10-28T12:49:51.427+0000: [ParNew: 34436K->4K(38720K), 0.0054773 secs] 1044498K->1010066K(1499856K), 0.0055401 secs] [Times: user=0.01 sys=0.00, real=0.00 secs] 
2020-10-28T12:49:51.478+0000: [GC (Allocation Failure) 2020-10-28T12:49:51.478+0000: [ParNew: 34436K->4K(38720K), 0.0055975 secs] 1044498K->1010066K(1499856K), 0.0056623 secs] [Times: user=0.01 sys=0.00, real=0.00 secs] 
2020-10-28T12:49:51.534+0000: [GC (Allocation Failure) 2020-10-28T12:49:51.534+0000: [ParNew: 34436K->4K(38720K), 0.0054863 secs] 1044498K->1010066K(1499856K), 0.0055486 secs] [Times: user=0.01 sys=0.00, real=0.01 secs] 
2020-10-28T12:49:51.584+0000: [GC (Allocation Failure) 2020-10-28T12:49:51.584+0000: [ParNew: 34436K->4K(38720K), 0.0054934 secs] 1044498K->1010066K(1499856K), 0.0055543 secs] [Times: user=0.01 sys=0.00, real=0.01 secs] 
2020-10-28T12:49:51.632+0000: [GC (Allocation Failure) 2020-10-28T12:49:51.632+0000: [ParNew: 34436K->4K(38720K), 0.0055605 secs] 1044498K->1010066K(1499856K), 0.0056241 secs] [Times: user=0.01 sys=0.00, real=0.01 secs] 
2020-10-28T12:49:51.686+0000: [GC (Allocation Failure) 2020-10-28T12:49:51.686+0000: [ParNew: 34436K->4K(38720K), 0.0054864 secs] 1044498K->1010066K(1499856K), 0.0055501 secs] [Times: user=0.01 sys=0.00, real=0.00 secs] 
2020-10-28T12:49:51.734+0000: [GC (Allocation Failure) 2020-10-28T12:49:51.734+0000: [ParNew: 34436K->4K(38720K), 0.0055125 secs] 1044498K->1010066K(1499856K), 0.0055761 secs] [Times: user=0.01 sys=0.00, real=0.01 secs] 
2020-10-28T12:49:51.786+0000: [GC (Allocation Failure) 2020-10-28T12:49:51.786+0000: [ParNew: 34436K->4K(38720K), 0.0055132 secs] 1044498K->1010066K(1499856K), 0.0055772 secs] [Times: user=0.01 sys=0.00, real=0.00 secs] 
2020-10-28T12:49:51.832+0000: [GC (Allocation Failure) 2020-10-28T12:49:51.832+0000: [ParNew: 34436K->4K(38720K), 0.0057699 secs] 1044498K->1010066K(1499856K), 0.0058323 secs] [Times: user=0.01 sys=0.00, real=0.01 secs] 
2020-10-28T12:49:51.882+0000: [GC (Allocation Failure) 2020-10-28T12:49:51.882+0000: [ParNew: 34436K->4K(38720K), 0.0054995 secs] 1044498K->1010066K(1499856K), 0.0055637 secs] [Times: user=0.01 sys=0.00, real=0.01 secs] 
2020-10-28T12:49:51.934+0000: [GC (Allocation Failure) 2020-10-28T12:49:51.934+0000: [ParNew: 34436K->4K(38720K), 0.0054916 secs] 1044498K->1010066K(1499856K), 0.0055549 secs] [Times: user=0.01 sys=0.00, real=0.01 secs] 
2020-10-28T12:49:51.985+0000: [GC (Allocation Failure) 2020-10-28T12:49:51.985+0000: [ParNew: 34436K->4K(38720K), 0.0054993 secs] 1044498K->1010066K(1499856K), 0.0055621 secs] [Times: user=0.01 sys=0.00, real=0.01 secs] 
2020-10-28T12:49:52.032+0000: [GC (Allocation Failure) 2020-10-28T12:49:52.032+0000: [ParNew: 34436K->4K(38720K), 0.0055372 secs] 1044498K->1010066K(1499856K), 0.0056128 secs] [Times: user=0.01 sys=0.00, real=0.01 secs] 
2020-10-28T12:49:52.083+0000: [GC (Allocation Failure) 2020-10-28T12:49:52.083+0000: [ParNew: 34436K->4K(38720K), 0.0054667 secs] 1044498K->1010066K(1499856K), 0.0055298 secs] [Times: user=0.01 sys=0.00, real=0.01 secs] 
2020-10-28T12:49:52.134+0000: [GC (Allocation Failure) 2020-10-28T12:49:52.134+0000: [ParNew: 34436K->4K(38720K), 0.0054903 secs] 1044498K->1010066K(1499856K), 0.0055541 secs] [Times: user=0.01 sys=0.00, real=0.01 secs] 
2020-10-28T12:49:52.184+0000: [GC (Allocation Failure) 2020-10-28T12:49:52.184+0000: [ParNew: 34436K->4K(38720K), 0.0054862 secs] 1044498K->1010066K(1499856K), 0.0055475 secs] [Times: user=0.01 sys=0.00, real=0.01 secs] 
2020-10-28T12:49:52.238+0000: [GC (Allocation Failure) 2020-10-28T12:49:52.238+0000: [ParNew: 34436K->4K(38720K), 0.0055186 secs] 1044498K->1010066K(1499856K), 0.0055840 secs] [Times: user=0.01 sys=0.00, real=0.00 secs] 
2020-10-28T12:49:52.286+0000: [GC (Allocation Failure) 2020-10-28T12:49:52.286+0000: [ParNew: 34436K->4K(38720K), 0.0054854 secs] 1044498K->1010066K(1499856K), 0.0055478 secs] [Times: user=0.02 sys=0.00, real=0.00 secs] 
2020-10-28T12:49:52.333+0000: [GC (Allocation Failure) 2020-10-28T12:49:52.333+0000: [ParNew: 34436K->4K(38720K), 0.0054975 secs] 1044498K->1010066K(1499856K), 0.0055597 secs] [Times: user=0.01 sys=0.00, real=0.01 secs] 
2020-10-28T12:49:52.380+0000: [GC (Allocation Failure) 2020-10-28T12:49:52.380+0000: [ParNew: 34436K->4K(38720K), 0.0055528 secs] 1044498K->1010066K(1499856K), 0.0056153 secs] [Times: user=0.01 sys=0.00, real=0.01 secs] 
2020-10-28T12:49:52.430+0000: [GC (Allocation Failure) 2020-10-28T12:49:52.430+0000: [ParNew: 34436K->4K(38720K), 0.0054342 secs] 1044498K->1010066K(1499856K), 0.0054955 secs] [Times: user=0.01 sys=0.00, real=0.00 secs] 
2020-10-28T12:49:52.480+0000: [GC (Allocation Failure) 2020-10-28T12:49:52.481+0000: [ParNew: 34436K->4K(38720K), 0.0056104 secs] 1044498K->1010066K(1499856K), 0.0056742 secs] [Times: user=0.01 sys=0.00, real=0.01 secs] 
2020-10-28T12:49:52.528+0000: [GC (Allocation Failure) 2020-10-28T12:49:52.528+0000: [ParNew: 34436K->4K(38720K), 0.0055052 secs] 1044498K->1010067K(1499856K), 0.0055675 secs] [Times: user=0.01 sys=0.00, real=0.00 secs] 
2020-10-28T12:49:52.575+0000: [GC (Allocation Failure) 2020-10-28T12:49:52.575+0000: [ParNew: 34436K->4K(38720K), 0.0055544 secs] 1044499K->1010067K(1499856K), 0.0056192 secs] [Times: user=0.01 sys=0.00, real=0.01 secs] 
2020-10-28T12:49:52.622+0000: [GC (Allocation Failure) 2020-10-28T12:49:52.622+0000: [ParNew: 34436K->4K(38720K), 0.0055205 secs] 1044499K->1010067K(1499856K), 0.0055888 secs] [Times: user=0.01 sys=0.00, real=0.01 secs] 
2020-10-28T12:49:52.675+0000: [GC (Allocation Failure) 2020-10-28T12:49:52.676+0000: [ParNew: 34436K->4K(38720K), 0.0055120 secs] 1044499K->1010067K(1499856K), 0.0055749 secs] [Times: user=0.01 sys=0.00, real=0.01 secs] 
2020-10-28T12:49:52.729+0000: [GC (Allocation Failure) 2020-10-28T12:49:52.729+0000: [ParNew: 34436K->4K(38720K), 0.0054883 secs] 1044499K->1010067K(1499856K), 0.0055504 secs] [Times: user=0.01 sys=0.00, real=0.00 secs] 
2020-10-28T12:49:52.782+0000: [GC (Allocation Failure) 2020-10-28T12:49:52.782+0000: [ParNew: 34436K->4K(38720K), 0.0055214 secs] 1044499K->1010067K(1499856K), 0.0055831 secs] [Times: user=0.01 sys=0.00, real=0.01 secs] 
2020-10-28T12:49:53.563+0000: [GC (Allocation Failure) 2020-10-28T12:49:53.563+0000: [ParNew: 34436K->1373K(38720K), 0.0154326 secs] 1044499K->1011436K(1499856K), 0.0155094 secs] [Times: user=0.03 sys=0.00, real=0.02 secs] 
2020-10-28T12:49:53.868+0000: [GC (Allocation Failure) 2020-10-28T12:49:53.868+0000: [ParNew: 35805K->3661K(38720K), 0.0197263 secs] 1045868K->1013725K(1499856K), 0.0198134 secs] [Times: user=0.04 sys=0.00, real=0.02 secs] 
2020-10-28T12:49:53.961+0000: [GC (Allocation Failure) 2020-10-28T12:49:53.961+0000: [ParNew: 38093K->1545K(38720K), 0.0136323 secs] 1048157K->1014429K(1499856K), 0.0136964 secs] [Times: user=0.03 sys=0.00, real=0.01 secs] 
2020-10-28T12:49:54.047+0000: [GC (Allocation Failure) 2020-10-28T12:49:54.047+0000: [ParNew: 35977K->1652K(38720K), 0.0059158 secs] 1048861K->1014536K(1499856K), 0.0059913 secs] [Times: user=0.01 sys=0.00, real=0.00 secs] 
2020-10-28T12:49:54.126+0000: [GC (Allocation Failure) 2020-10-28T12:49:54.126+0000: [ParNew: 36084K->2046K(38720K), 0.0060046 secs] 1048968K->1014931K(1499856K), 0.0060691 secs] [Times: user=0.02 sys=0.00, real=0.00 secs] 
2020-10-28T12:49:54.207+0000: [GC (Allocation Failure) 2020-10-28T12:49:54.207+0000: [ParNew: 36478K->2624K(38720K), 0.0061372 secs] 1049363K->1015509K(1499856K), 0.0062000 secs] [Times: user=0.01 sys=0.00, real=0.00 secs] 
2020-10-28T12:49:54.286+0000: [GC (Allocation Failure) 2020-10-28T12:49:54.286+0000: [ParNew: 37056K->2576K(38720K), 0.0062533 secs] 1049941K->1015973K(1499856K), 0.0063381 secs] [Times: user=0.02 sys=0.00, real=0.00 secs] 
2020-10-28T12:49:54.365+0000: [GC (Allocation Failure) 2020-10-28T12:49:54.365+0000: [ParNew: 37008K->5K(38720K), 0.0127274 secs] 1050405K->1014938K(1499856K), 0.0128241 secs] [Times: user=0.02 sys=0.00, real=0.01 secs] 
2020-10-28T12:49:54.435+0000: [GC (Allocation Failure) 2020-10-28T12:49:54.435+0000: [ParNew: 34437K->6K(38720K), 0.0055445 secs] 1049370K->1014939K(1499856K), 0.0056293 secs] [Times: user=0.01 sys=0.00, real=0.01 secs] 
2020-10-28T12:49:54.504+0000: [GC (Allocation Failure) 2020-10-28T12:49:54.504+0000: [ParNew: 34438K->6K(38720K), 0.0055873 secs] 1049371K->1014939K(1499856K), 0.0056506 secs] [Times: user=0.00 sys=0.00, real=0.01 secs] 
2020-10-28T12:49:54.568+0000: [GC (Allocation Failure) 2020-10-28T12:49:54.568+0000: [ParNew: 34438K->6K(38720K), 0.0056744 secs] 1049371K->1014939K(1499856K), 0.0057376 secs] [Times: user=0.01 sys=0.00, real=0.00 secs] 
2020-10-28T12:49:54.631+0000: [GC (Allocation Failure) 2020-10-28T12:49:54.631+0000: [ParNew: 34438K->6K(38720K), 0.0055367 secs] 1049371K->1014939K(1499856K), 0.0056011 secs] [Times: user=0.01 sys=0.00, real=0.00 secs] 
2020-10-28T12:49:54.691+0000: [GC (Allocation Failure) 2020-10-28T12:49:54.691+0000: [ParNew: 34438K->6K(38720K), 0.0055388 secs] 1049371K->1014939K(1499856K), 0.0056032 secs] [Times: user=0.01 sys=0.00, real=0.00 secs] 
2020-10-28T12:49:54.758+0000: [GC (Allocation Failure) 2020-10-28T12:49:54.758+0000: [ParNew: 34438K->4K(38720K), 0.0056054 secs] 1049371K->1014937K(1499856K), 0.0056821 secs] [Times: user=0.01 sys=0.00, real=0.00 secs] 
2020-10-28T12:49:54.826+0000: [GC (Allocation Failure) 2020-10-28T12:49:54.826+0000: [ParNew: 34436K->6K(38720K), 0.0055723 secs] 1049369K->1014939K(1499856K), 0.0056665 secs] [Times: user=0.01 sys=0.00, real=0.00 secs] 
2020-10-28T12:49:54.892+0000: [GC (Allocation Failure) 2020-10-28T12:49:54.892+0000: [ParNew: 34438K->6K(38720K), 0.0118695 secs] 1049371K->1014939K(1499856K), 0.0119536 secs] [Times: user=0.02 sys=0.00, real=0.01 secs] 
2020-10-28T12:49:54.957+0000: [GC (Allocation Failure) 2020-10-28T12:49:54.957+0000: [ParNew: 34438K->6K(38720K), 0.0118679 secs] 1049371K->1014939K(1499856K), 0.0119577 secs] [Times: user=0.02 sys=0.00, real=0.02 secs] 
2020-10-28T12:49:55.030+0000: [GC (Allocation Failure) 2020-10-28T12:49:55.030+0000: [ParNew: 34438K->6K(38720K), 0.0118974 secs] 1049371K->1014939K(1499856K), 0.0119846 secs] [Times: user=0.03 sys=0.00, real=0.01 secs] 
2020-10-28T12:49:55.102+0000: [GC (Allocation Failure) 2020-10-28T12:49:55.102+0000: [ParNew: 34438K->6K(38720K), 0.0120294 secs] 1049371K->1014940K(1499856K), 0.0121158 secs] [Times: user=0.02 sys=0.00, real=0.01 secs] 
2020-10-28T12:49:55.171+0000: [GC (Allocation Failure) 2020-10-28T12:49:55.171+0000: [ParNew: 34438K->6K(38720K), 0.0121321 secs] 1049372K->1014940K(1499856K), 0.0122180 secs] [Times: user=0.02 sys=0.00, real=0.01 secs] 
2020-10-28T12:49:55.247+0000: [GC (Allocation Failure) 2020-10-28T12:49:55.248+0000: [ParNew: 34438K->6K(38720K), 0.0117868 secs] 1049372K->1014940K(1499856K), 0.0118723 secs] [Times: user=0.02 sys=0.00, real=0.01 secs] 
2020-10-28T12:49:55.327+0000: [GC (Allocation Failure) 2020-10-28T12:49:55.327+0000: [ParNew: 34438K->6K(38720K), 0.0086014 secs] 1049372K->1014940K(1499856K), 0.0086957 secs] [Times: user=0.01 sys=0.00, real=0.00 secs] 
2020-10-28T12:49:55.389+0000: [GC (Allocation Failure) 2020-10-28T12:49:55.389+0000: [ParNew: 34438K->6K(38720K), 0.0056386 secs] 1049372K->1014940K(1499856K), 0.0057015 secs] [Times: user=0.01 sys=0.00, real=0.00 secs] 
2020-10-28T12:49:55.457+0000: [GC (Allocation Failure) 2020-10-28T12:49:55.457+0000: [ParNew: 34438K->6K(38720K), 0.0055611 secs] 1049372K->1014940K(1499856K), 0.0056256 secs] [Times: user=0.01 sys=0.00, real=0.01 secs] 
2020-10-28T12:49:55.562+0000: [GC (Allocation Failure) 2020-10-28T12:49:55.562+0000: [ParNew: 34438K->6K(38720K), 0.0076972 secs] 1049372K->1014940K(1499856K), 0.0077751 secs] [Times: user=0.01 sys=0.00, real=0.01 secs] 
2020-10-28T12:49:55.660+0000: [GC (Allocation Failure) 2020-10-28T12:49:55.660+0000: [ParNew: 34438K->6K(38720K), 0.0120932 secs] 1049372K->1014940K(1499856K), 0.0121816 secs] [Times: user=0.02 sys=0.00, real=0.01 secs] 
2020-10-28T12:49:55.742+0000: [GC (Allocation Failure) 2020-10-28T12:49:55.742+0000: [ParNew: 34438K->4K(38720K), 0.0117449 secs] 1049372K->1014938K(1499856K), 0.0118434 secs] [Times: user=0.02 sys=0.00, real=0.01 secs] 
2020-10-28T12:49:55.815+0000: [GC (Allocation Failure) 2020-10-28T12:49:55.815+0000: [ParNew: 34436K->6K(38720K), 0.0117518 secs] 1049370K->1014940K(1499856K), 0.0118376 secs] [Times: user=0.02 sys=0.00, real=0.02 secs] 
2020-10-28T12:49:55.888+0000: [GC (Allocation Failure) 2020-10-28T12:49:55.888+0000: [ParNew: 34438K->6K(38720K), 0.0124844 secs] 1049372K->1014940K(1499856K), 0.0125678 secs] [Times: user=0.02 sys=0.00, real=0.01 secs] 
2020-10-28T12:49:55.973+0000: [GC (Allocation Failure) 2020-10-28T12:49:55.973+0000: [ParNew: 34438K->6K(38720K), 0.0117610 secs] 1049372K->1014940K(1499856K), 0.0118453 secs] [Times: user=0.02 sys=0.00, real=0.01 secs] 
2020-10-28T12:49:56.046+0000: [GC (Allocation Failure) 2020-10-28T12:49:56.046+0000: [ParNew: 34438K->6K(38720K), 0.0055631 secs] 1049372K->1014940K(1499856K), 0.0056270 secs] [Times: user=0.02 sys=0.00, real=0.00 secs] 
2020-10-28T12:49:56.119+0000: [GC (Allocation Failure) 2020-10-28T12:49:56.119+0000: [ParNew: 34438K->6K(38720K), 0.0055828 secs] 1049372K->1014940K(1499856K), 0.0056453 secs] [Times: user=0.01 sys=0.00, real=0.00 secs] 
2020-10-28T12:49:56.179+0000: [GC (Allocation Failure) 2020-10-28T12:49:56.179+0000: [ParNew: 34438K->6K(38720K), 0.0055899 secs] 1049372K->1014940K(1499856K), 0.0056553 secs] [Times: user=0.01 sys=0.00, real=0.00 secs] 
2020-10-28T12:49:56.242+0000: [GC (Allocation Failure) 2020-10-28T12:49:56.242+0000: [ParNew: 34438K->6K(38720K), 0.0055353 secs] 1049372K->1014940K(1499856K), 0.0055982 secs] [Times: user=0.01 sys=0.00, real=0.01 secs] 
2020-10-28T12:49:56.292+0000: [GC (Allocation Failure) 2020-10-28T12:49:56.292+0000: [ParNew: 34438K->6K(38720K), 0.0055931 secs] 1049372K->1014941K(1499856K), 0.0056561 secs] [Times: user=0.01 sys=0.00, real=0.01 secs] 
2020-10-28T12:49:56.339+0000: [GC (Allocation Failure) 2020-10-28T12:49:56.339+0000: [ParNew: 34438K->6K(38720K), 0.0055297 secs] 1049373K->1014941K(1499856K), 0.0055910 secs] [Times: user=0.01 sys=0.00, real=0.00 secs] 
2020-10-28T12:49:56.391+0000: [GC (Allocation Failure) 2020-10-28T12:49:56.391+0000: [ParNew: 34438K->7K(38720K), 0.0056882 secs] 1049373K->1014941K(1499856K), 0.0057491 secs] [Times: user=0.02 sys=0.00, real=0.00 secs] 
2020-10-28T12:49:56.442+0000: [GC (Allocation Failure) 2020-10-28T12:49:56.442+0000: [ParNew: 34439K->6K(38720K), 0.0055821 secs] 1049373K->1014941K(1499856K), 0.0056456 secs] [Times: user=0.01 sys=0.00, real=0.01 secs] 
2020-10-28T12:49:56.492+0000: [GC (Allocation Failure) 2020-10-28T12:49:56.492+0000: [ParNew: 34438K->6K(38720K), 0.0054955 secs] 1049373K->1014941K(1499856K), 0.0055595 secs] [Times: user=0.01 sys=0.00, real=0.00 secs] 
2020-10-28T12:49:56.537+0000: [GC (Allocation Failure) 2020-10-28T12:49:56.537+0000: [ParNew: 34438K->6K(38720K), 0.0055166 secs] 1049373K->1014941K(1499856K), 0.0055796 secs] [Times: user=0.02 sys=0.00, real=0.01 secs] 
2020-10-28T12:49:56.585+0000: [GC (Allocation Failure) 2020-10-28T12:49:56.585+0000: [ParNew: 34438K->6K(38720K), 0.0054860 secs] 1049373K->1014941K(1499856K), 0.0055491 secs] [Times: user=0.01 sys=0.00, real=0.01 secs] 
2020-10-28T12:49:56.634+0000: [GC (Allocation Failure) 2020-10-28T12:49:56.634+0000: [ParNew: 34438K->6K(38720K), 0.0055454 secs] 1049373K->1014941K(1499856K), 0.0056071 secs] [Times: user=0.02 sys=0.00, real=0.01 secs] 
2020-10-28T12:49:56.680+0000: [GC (Allocation Failure) 2020-10-28T12:49:56.680+0000: [ParNew: 34438K->6K(38720K), 0.0055387 secs] 1049373K->1014941K(1499856K), 0.0056106 secs] [Times: user=0.01 sys=0.00, real=0.01 secs] 
2020-10-28T12:49:56.729+0000: [GC (Allocation Failure) 2020-10-28T12:49:56.729+0000: [ParNew: 34438K->6K(38720K), 0.0055035 secs] 1049373K->1014941K(1499856K), 0.0055672 secs] [Times: user=0.01 sys=0.00, real=0.00 secs] 
2020-10-28T12:49:56.775+0000: [GC (Allocation Failure) 2020-10-28T12:49:56.775+0000: [ParNew: 34438K->6K(38720K), 0.0055708 secs] 1049373K->1014941K(1499856K), 0.0056343 secs] [Times: user=0.01 sys=0.00, real=0.01 secs] 
2020-10-28T12:49:56.824+0000: [GC (Allocation Failure) 2020-10-28T12:49:56.824+0000: [ParNew: 34438K->4K(38720K), 0.0055746 secs] 1049373K->1014939K(1499856K), 0.0056374 secs] [Times: user=0.01 sys=0.00, real=0.01 secs] 
2020-10-28T12:49:56.878+0000: [GC (Allocation Failure) 2020-10-28T12:49:56.878+0000: [ParNew: 34436K->6K(38720K), 0.0055943 secs] 1049371K->1014941K(1499856K), 0.0056568 secs] [Times: user=0.01 sys=0.00, real=0.00 secs] 
2020-10-28T12:49:56.923+0000: [GC (Allocation Failure) 2020-10-28T12:49:56.923+0000: [ParNew: 34438K->6K(38720K), 0.0055696 secs] 1049373K->1014941K(1499856K), 0.0056317 secs] [Times: user=0.01 sys=0.00, real=0.01 secs] 
2020-10-28T12:49:56.971+0000: [GC (Allocation Failure) 2020-10-28T12:49:56.972+0000: [ParNew: 34438K->6K(38720K), 0.0080358 secs] 1049373K->1014941K(1499856K), 0.0080993 secs] [Times: user=0.01 sys=0.00, real=0.01 secs] 
2020-10-28T12:49:57.022+0000: [GC (Allocation Failure) 2020-10-28T12:49:57.022+0000: [ParNew: 34438K->6K(38720K), 0.0055396 secs] 1049373K->1014941K(1499856K), 0.0056027 secs] [Times: user=0.01 sys=0.00, real=0.01 secs] 
2020-10-28T12:49:57.083+0000: [GC (Allocation Failure) 2020-10-28T12:49:57.083+0000: [ParNew: 34438K->6K(38720K), 0.0055397 secs] 1049373K->1014941K(1499856K), 0.0056046 secs] [Times: user=0.01 sys=0.00, real=0.01 secs] 
2020-10-28T12:49:57.133+0000: [GC (Allocation Failure) 2020-10-28T12:49:57.133+0000: [ParNew: 34438K->6K(38720K), 0.0055391 secs] 1049373K->1014941K(1499856K), 0.0056249 secs] [Times: user=0.01 sys=0.00, real=0.01 secs] 
2020-10-28T12:49:57.179+0000: [GC (Allocation Failure) 2020-10-28T12:49:57.179+0000: [ParNew: 34438K->6K(38720K), 0.0055399 secs] 1049373K->1014941K(1499856K), 0.0056034 secs] [Times: user=0.01 sys=0.00, real=0.00 secs] 
2020-10-28T12:49:57.226+0000: [GC (Allocation Failure) 2020-10-28T12:49:57.226+0000: [ParNew: 34438K->6K(38720K), 0.0055085 secs] 1049373K->1014941K(1499856K), 0.0055710 secs] [Times: user=0.01 sys=0.00, real=0.00 secs] 
2020-10-28T12:49:57.271+0000: [GC (Allocation Failure) 2020-10-28T12:49:57.271+0000: [ParNew: 34438K->6K(38720K), 0.0054851 secs] 1049373K->1014941K(1499856K), 0.0055460 secs] [Times: user=0.01 sys=0.00, real=0.00 secs] 
2020-10-28T12:49:57.318+0000: [GC (Allocation Failure) 2020-10-28T12:49:57.318+0000: [ParNew: 34438K->6K(38720K), 0.0054915 secs] 1049373K->1014941K(1499856K), 0.0055530 secs] [Times: user=0.01 sys=0.00, real=0.00 secs] 
2020-10-28T12:49:57.370+0000: [GC (Allocation Failure) 2020-10-28T12:49:57.370+0000: [ParNew: 34438K->6K(38720K), 0.0055828 secs] 1049373K->1014941K(1499856K), 0.0056458 secs] [Times: user=0.01 sys=0.00, real=0.00 secs] 
2020-10-28T12:49:57.416+0000: [GC (Allocation Failure) 2020-10-28T12:49:57.416+0000: [ParNew: 34438K->6K(38720K), 0.0056482 secs] 1049373K->1014941K(1499856K), 0.0057107 secs] [Times: user=0.01 sys=0.00, real=0.01 secs] 
2020-10-28T12:49:57.468+0000: [GC (Allocation Failure) 2020-10-28T12:49:57.468+0000: [ParNew: 34438K->6K(38720K), 0.0055645 secs] 1049373K->1014941K(1499856K), 0.0056268 secs] [Times: user=0.02 sys=0.00, real=0.00 secs] 
2020-10-28T12:49:57.514+0000: [GC (Allocation Failure) 2020-10-28T12:49:57.514+0000: [ParNew: 34438K->6K(38720K), 0.0055332 secs] 1049373K->1014941K(1499856K), 0.0055947 secs] [Times: user=0.01 sys=0.00, real=0.01 secs] 
2020-10-28T12:49:57.562+0000: [GC (Allocation Failure) 2020-10-28T12:49:57.562+0000: [ParNew: 34438K->6K(38720K), 0.0055381 secs] 1049373K->1014941K(1499856K), 0.0055984 secs] [Times: user=0.02 sys=0.00, real=0.01 secs] 
2020-10-28T12:49:57.612+0000: [GC (Allocation Failure) 2020-10-28T12:49:57.612+0000: [ParNew: 34438K->6K(38720K), 0.0055344 secs] 1049373K->1014941K(1499856K), 0.0055979 secs] [Times: user=0.01 sys=0.00, real=0.01 secs] 
2020-10-28T12:49:57.662+0000: [GC (Allocation Failure) 2020-10-28T12:49:57.662+0000: [ParNew: 34438K->6K(38720K), 0.0055557 secs] 1049373K->1014941K(1499856K), 0.0056268 secs] [Times: user=0.01 sys=0.00, real=0.01 secs] 
2020-10-28T12:49:57.710+0000: [GC (Allocation Failure) 2020-10-28T12:49:57.710+0000: [ParNew: 34438K->6K(38720K), 0.0055640 secs] 1049373K->1014941K(1499856K), 0.0056270 secs] [Times: user=0.02 sys=0.00, real=0.00 secs] 
2020-10-28T12:49:57.755+0000: [GC (Allocation Failure) 2020-10-28T12:49:57.755+0000: [ParNew: 34438K->6K(38720K), 0.0056010 secs] 1049373K->1014941K(1499856K), 0.0056638 secs] [Times: user=0.01 sys=0.00, real=0.01 secs] 
2020-10-28T12:49:57.806+0000: [GC (Allocation Failure) 2020-10-28T12:49:57.806+0000: [ParNew: 34438K->6K(38720K), 0.0055448 secs] 1049373K->1014941K(1499856K), 0.0056094 secs] [Times: user=0.01 sys=0.00, real=0.00 secs] 
2020-10-28T12:49:57.855+0000: [GC (Allocation Failure) 2020-10-28T12:49:57.855+0000: [ParNew: 34438K->6K(38720K), 0.0056119 secs] 1049373K->1014941K(1499856K), 0.0056754 secs] [Times: user=0.01 sys=0.00, real=0.01 secs] 
2020-10-28T12:49:57.902+0000: [GC (Allocation Failure) 2020-10-28T12:49:57.902+0000: [ParNew: 34438K->6K(38720K), 0.0055235 secs] 1049373K->1014941K(1499856K), 0.0055850 secs] [Times: user=0.02 sys=0.00, real=0.01 secs] 
2020-10-28T12:49:57.951+0000: [GC (Allocation Failure) 2020-10-28T12:49:57.951+0000: [ParNew: 34438K->4K(38720K), 0.0055231 secs] 1049373K->1014939K(1499856K), 0.0055851 secs] [Times: user=0.01 sys=0.00, real=0.00 secs] 
2020-10-28T12:49:57.998+0000: [GC (Allocation Failure) 2020-10-28T12:49:57.998+0000: [ParNew: 34436K->6K(38720K), 0.0055126 secs] 1049371K->1014941K(1499856K), 0.0055743 secs] [Times: user=0.01 sys=0.00, real=0.00 secs] 
2020-10-28T12:49:58.048+0000: [GC (Allocation Failure) 2020-10-28T12:49:58.048+0000: [ParNew: 34438K->6K(38720K), 0.0055298 secs] 1049373K->1014941K(1499856K), 0.0056045 secs] [Times: user=0.01 sys=0.00, real=0.00 secs] 
2020-10-28T12:49:58.093+0000: [GC (Allocation Failure) 2020-10-28T12:49:58.093+0000: [ParNew: 34438K->6K(38720K), 0.0055849 secs] 1049373K->1014941K(1499856K), 0.0056460 secs] [Times: user=0.01 sys=0.00, real=0.01 secs] 
2020-10-28T12:49:58.140+0000: [GC (Allocation Failure) 2020-10-28T12:49:58.140+0000: [ParNew: 34438K->6K(38720K), 0.0055934 secs] 1049373K->1014941K(1499856K), 0.0056754 secs] [Times: user=0.01 sys=0.00, real=0.01 secs] 
2020-10-28T12:49:58.192+0000: [GC (Allocation Failure) 2020-10-28T12:49:58.192+0000: [ParNew: 34438K->6K(38720K), 0.0056101 secs] 1049373K->1014941K(1499856K), 0.0056734 secs] [Times: user=0.01 sys=0.00, real=0.01 secs] 
2020-10-28T12:49:58.242+0000: [GC (Allocation Failure) 2020-10-28T12:49:58.242+0000: [ParNew: 34438K->6K(38720K), 0.0055555 secs] 1049373K->1014941K(1499856K), 0.0056175 secs] [Times: user=0.01 sys=0.00, real=0.01 secs] 
2020-10-28T12:49:58.294+0000: [GC (Allocation Failure) 2020-10-28T12:49:58.294+0000: [ParNew: 34438K->6K(38720K), 0.0055447 secs] 1049373K->1014941K(1499856K), 0.0056084 secs] [Times: user=0.01 sys=0.00, real=0.01 secs] 
2020-10-28T12:49:58.342+0000: [GC (Allocation Failure) 2020-10-28T12:49:58.342+0000: [ParNew: 34438K->6K(38720K), 0.0055936 secs] 1049373K->1014941K(1499856K), 0.0056579 secs] [Times: user=0.01 sys=0.00, real=0.01 secs] 
2020-10-28T12:49:58.388+0000: [GC (Allocation Failure) 2020-10-28T12:49:58.388+0000: [ParNew: 34438K->6K(38720K), 0.0055918 secs] 1049373K->1014941K(1499856K), 0.0056669 secs] [Times: user=0.01 sys=0.00, real=0.00 secs] 
2020-10-28T12:49:58.434+0000: [GC (Allocation Failure) 2020-10-28T12:49:58.434+0000: [ParNew: 34438K->6K(38720K), 0.0055425 secs] 1049373K->1014941K(1499856K), 0.0056038 secs] [Times: user=0.01 sys=0.00, real=0.01 secs] 
2020-10-28T12:49:58.479+0000: [GC (Allocation Failure) 2020-10-28T12:49:58.479+0000: [ParNew: 34438K->6K(38720K), 0.0056067 secs] 1049373K->1014941K(1499856K), 0.0056691 secs] [Times: user=0.01 sys=0.00, real=0.00 secs] 
2020-10-28T12:49:58.530+0000: [GC (Allocation Failure) 2020-10-28T12:49:58.530+0000: [ParNew: 34438K->6K(38720K), 0.0055164 secs] 1049373K->1014941K(1499856K), 0.0055774 secs] [Times: user=0.02 sys=0.00, real=0.00 secs] 
2020-10-28T12:49:58.582+0000: [GC (Allocation Failure) 2020-10-28T12:49:58.582+0000: [ParNew: 34438K->6K(38720K), 0.0055923 secs] 1049373K->1014941K(1499856K), 0.0056548 secs] [Times: user=0.01 sys=0.00, real=0.01 secs] 
2020-10-28T12:49:58.630+0000: [GC (Allocation Failure) 2020-10-28T12:49:58.630+0000: [ParNew: 34438K->6K(38720K), 0.0055763 secs] 1049373K->1014941K(1499856K), 0.0056382 secs] [Times: user=0.02 sys=0.00, real=0.00 secs] 
2020-10-28T12:49:58.681+0000: [GC (Allocation Failure) 2020-10-28T12:49:58.681+0000: [ParNew: 34438K->6K(38720K), 0.0055144 secs] 1049373K->1014941K(1499856K), 0.0055776 secs] [Times: user=0.02 sys=0.00, real=0.01 secs] 
2020-10-28T12:49:58.731+0000: [GC (Allocation Failure) 2020-10-28T12:49:58.731+0000: [ParNew: 34438K->6K(38720K), 0.0056037 secs] 1049373K->1014942K(1499856K), 0.0056665 secs] [Times: user=0.01 sys=0.00, real=0.00 secs] 
2020-10-28T12:49:58.782+0000: [GC (Allocation Failure) 2020-10-28T12:49:58.782+0000: [ParNew: 34438K->6K(38720K), 0.0055768 secs] 1049374K->1014942K(1499856K), 0.0056380 secs] [Times: user=0.01 sys=0.00, real=0.01 secs] 
2020-10-28T12:49:58.834+0000: [GC (Allocation Failure) 2020-10-28T12:49:58.834+0000: [ParNew: 34438K->6K(38720K), 0.0055549 secs] 1049374K->1014942K(1499856K), 0.0056154 secs] [Times: user=0.02 sys=0.00, real=0.01 secs] 
2020-10-28T12:49:58.883+0000: [GC (Allocation Failure) 2020-10-28T12:49:58.883+0000: [ParNew: 34438K->6K(38720K), 0.0055615 secs] 1049374K->1014942K(1499856K), 0.0056250 secs] [Times: user=0.02 sys=0.00, real=0.01 secs] 
2020-10-28T12:49:58.929+0000: [GC (Allocation Failure) 2020-10-28T12:49:58.929+0000: [ParNew: 34438K->6K(38720K), 0.0055278 secs] 1049374K->1014942K(1499856K), 0.0055988 secs] [Times: user=0.01 sys=0.00, real=0.00 secs] 
2020-10-28T12:49:58.978+0000: [GC (Allocation Failure) 2020-10-28T12:49:58.978+0000: [ParNew: 34438K->6K(38720K), 0.0054837 secs] 1049374K->1014942K(1499856K), 0.0055449 secs] [Times: user=0.01 sys=0.00, real=0.00 secs] 
2020-10-28T12:49:59.027+0000: [GC (Allocation Failure) 2020-10-28T12:49:59.027+0000: [ParNew: 34438K->6K(38720K), 0.0055519 secs] 1049374K->1014942K(1499856K), 0.0056143 secs] [Times: user=0.01 sys=0.00, real=0.00 secs] 
2020-10-28T12:49:59.089+0000: [GC (Allocation Failure) 2020-10-28T12:49:59.089+0000: [ParNew: 34438K->30K(38720K), 0.0056408 secs] 1049374K->1014966K(1499856K), 0.0057096 secs] [Times: user=0.01 sys=0.00, real=0.00 secs] 
2020-10-28T12:49:59.143+0000: [GC (Allocation Failure) 2020-10-28T12:49:59.143+0000: [ParNew: 34462K->15K(38720K), 0.0056030 secs] 1049398K->1014951K(1499856K), 0.0056730 secs] [Times: user=0.02 sys=0.00, real=0.01 secs] 
2020-10-28T12:49:59.188+0000: [GC (Allocation Failure) 2020-10-28T12:49:59.188+0000: [ParNew: 34447K->14K(38720K), 0.0056012 secs] 1049383K->1014950K(1499856K), 0.0056648 secs] [Times: user=0.01 sys=0.00, real=0.00 secs] 
2020-10-28T12:49:59.238+0000: [GC (Allocation Failure) 2020-10-28T12:49:59.238+0000: [ParNew: 34446K->14K(38720K), 0.0055714 secs] 1049382K->1014950K(1499856K), 0.0056328 secs] [Times: user=0.01 sys=0.00, real=0.00 secs] 
2020-10-28T12:49:59.284+0000: [GC (Allocation Failure) 2020-10-28T12:49:59.284+0000: [ParNew: 34446K->14K(38720K), 0.0057027 secs] 1049382K->1014949K(1499856K), 0.0057666 secs] [Times: user=0.01 sys=0.00, real=0.01 secs] 
2020-10-28T12:49:59.334+0000: [GC (Allocation Failure) 2020-10-28T12:49:59.334+0000: [ParNew: 34446K->14K(38720K), 0.0055761 secs] 1049381K->1014950K(1499856K), 0.0056392 secs] [Times: user=0.01 sys=0.00, real=0.01 secs] 
2020-10-28T12:49:59.380+0000: [GC (Allocation Failure) 2020-10-28T12:49:59.380+0000: [ParNew: 34446K->9K(38720K), 0.0056980 secs] 1049382K->1014950K(1499856K), 0.0057563 secs] [Times: user=0.01 sys=0.00, real=0.01 secs] 
2020-10-28T12:49:59.432+0000: [GC (Allocation Failure) 2020-10-28T12:49:59.432+0000: [ParNew: 34441K->6K(38720K), 0.0055453 secs] 1049382K->1014947K(1499856K), 0.0055986 secs] [Times: user=0.01 sys=0.00, real=0.00 secs] 
2020-10-28T12:49:59.478+0000: [GC (Allocation Failure) 2020-10-28T12:49:59.478+0000: [ParNew: 34438K->6K(38720K), 0.0055584 secs] 1049379K->1014947K(1499856K), 0.0056209 secs] [Times: user=0.01 sys=0.00, real=0.00 secs] 
2020-10-28T12:49:59.524+0000: [GC (Allocation Failure) 2020-10-28T12:49:59.524+0000: [ParNew: 34438K->6K(38720K), 0.0055367 secs] 1049379K->1014947K(1499856K), 0.0055969 secs] [Times: user=0.01 sys=0.00, real=0.01 secs] 
2020-10-28T12:49:59.570+0000: [GC (Allocation Failure) 2020-10-28T12:49:59.570+0000: [ParNew: 34438K->6K(38720K), 0.0055750 secs] 1049379K->1014947K(1499856K), 0.0056375 secs] [Times: user=0.01 sys=0.00, real=0.00 secs] 
2020-10-28T12:49:59.618+0000: [GC (Allocation Failure) 2020-10-28T12:49:59.618+0000: [ParNew: 34438K->6K(38720K), 0.0055640 secs] 1049379K->1014947K(1499856K), 0.0056258 secs] [Times: user=0.01 sys=0.00, real=0.00 secs] 
2020-10-28T12:49:59.669+0000: [GC (Allocation Failure) 2020-10-28T12:49:59.669+0000: [ParNew: 34438K->6K(38720K), 0.0055562 secs] 1049379K->1014947K(1499856K), 0.0056188 secs] [Times: user=0.01 sys=0.00, real=0.00 secs] 
2020-10-28T12:49:59.718+0000: [GC (Allocation Failure) 2020-10-28T12:49:59.718+0000: [ParNew: 34438K->6K(38720K), 0.0055666 secs] 1049379K->1014948K(1499856K), 0.0056299 secs] [Times: user=0.01 sys=0.00, real=0.00 secs] 
2020-10-28T12:49:59.768+0000: [GC (Allocation Failure) 2020-10-28T12:49:59.768+0000: [ParNew: 34438K->6K(38720K), 0.0055610 secs] 1049380K->1014948K(1499856K), 0.0056233 secs] [Times: user=0.01 sys=0.00, real=0.00 secs] 
2020-10-28T12:49:59.818+0000: [GC (Allocation Failure) 2020-10-28T12:49:59.818+0000: [ParNew: 34438K->6K(38720K), 0.0059553 secs] 1049380K->1014948K(1499856K), 0.0060251 secs] [Times: user=0.01 sys=0.00, real=0.00 secs] 
2020-10-28T12:49:59.867+0000: [GC (Allocation Failure) 2020-10-28T12:49:59.867+0000: [ParNew: 34438K->6K(38720K), 0.0055231 secs] 1049380K->1014948K(1499856K), 0.0055853 secs] [Times: user=0.01 sys=0.00, real=0.00 secs] 
2020-10-28T12:49:59.914+0000: [GC (Allocation Failure) 2020-10-28T12:49:59.914+0000: [ParNew: 34438K->6K(38720K), 0.0055429 secs] 1049380K->1014948K(1499856K), 0.0056046 secs] [Times: user=0.01 sys=0.00, real=0.01 secs] 
2020-10-28T12:49:59.963+0000: [GC (Allocation Failure) 2020-10-28T12:49:59.963+0000: [ParNew: 34438K->6K(38720K), 0.0055463 secs] 1049380K->1014948K(1499856K), 0.0056090 secs] [Times: user=0.01 sys=0.00, real=0.01 secs] 
2020-10-28T12:50:00.009+0000: [GC (Allocation Failure) 2020-10-28T12:50:00.009+0000: [ParNew: 34438K->6K(38720K), 0.0055824 secs] 1049380K->1014948K(1499856K), 0.0056466 secs] [Times: user=0.02 sys=0.00, real=0.00 secs] 
2020-10-28T12:50:00.065+0000: [GC (Allocation Failure) 2020-10-28T12:50:00.065+0000: [ParNew: 34438K->6K(38720K), 0.0055727 secs] 1049380K->1014948K(1499856K), 0.0056393 secs] [Times: user=0.01 sys=0.00, real=0.01 secs] 
2020-10-28T12:50:00.114+0000: [GC (Allocation Failure) 2020-10-28T12:50:00.114+0000: [ParNew: 34438K->6K(38720K), 0.0065886 secs] 1049380K->1014948K(1499856K), 0.0066531 secs] [Times: user=0.01 sys=0.00, real=0.01 secs] 
2020-10-28T12:50:00.164+0000: [GC (Allocation Failure) 2020-10-28T12:50:00.164+0000: [ParNew: 34438K->4K(38720K), 0.0055374 secs] 1049380K->1014946K(1499856K), 0.0056017 secs] [Times: user=0.01 sys=0.00, real=0.01 secs] 
2020-10-28T12:50:00.214+0000: [GC (Allocation Failure) 2020-10-28T12:50:00.214+0000: [ParNew: 34436K->6K(38720K), 0.0055359 secs] 1049378K->1014948K(1499856K), 0.0055984 secs] [Times: user=0.01 sys=0.00, real=0.01 secs] 
2020-10-28T12:50:00.262+0000: [GC (Allocation Failure) 2020-10-28T12:50:00.262+0000: [ParNew: 34438K->4K(38720K), 0.0062702 secs] 1049380K->1014946K(1499856K), 0.0063437 secs] [Times: user=0.01 sys=0.00, real=0.01 secs] 
2020-10-28T12:50:00.319+0000: [GC (Allocation Failure) 2020-10-28T12:50:00.319+0000: [ParNew: 34436K->6K(38720K), 0.0055133 secs] 1049378K->1014948K(1499856K), 0.0055761 secs] [Times: user=0.01 sys=0.00, real=0.00 secs] 
2020-10-28T12:50:00.370+0000: [GC (Allocation Failure) 2020-10-28T12:50:00.370+0000: [ParNew: 34438K->6K(38720K), 0.0055135 secs] 1049380K->1014948K(1499856K), 0.0055741 secs] [Times: user=0.01 sys=0.00, real=0.00 secs] 
2020-10-28T12:50:00.416+0000: [GC (Allocation Failure) 2020-10-28T12:50:00.416+0000: [ParNew: 34438K->6K(38720K), 0.0055541 secs] 1049380K->1014948K(1499856K), 0.0056158 secs] [Times: user=0.01 sys=0.00, real=0.01 secs] 
2020-10-28T12:50:00.466+0000: [GC (Allocation Failure) 2020-10-28T12:50:00.466+0000: [ParNew: 34438K->6K(38720K), 0.0055351 secs] 1049380K->1014948K(1499856K), 0.0055966 secs] [Times: user=0.01 sys=0.00, real=0.00 secs] 
2020-10-28T12:50:00.517+0000: [GC (Allocation Failure) 2020-10-28T12:50:00.517+0000: [ParNew: 34438K->6K(38720K), 0.0055701 secs] 1049380K->1014948K(1499856K), 0.0056343 secs] [Times: user=0.01 sys=0.00, real=0.01 secs] 
2020-10-28T12:50:00.566+0000: [GC (Allocation Failure) 2020-10-28T12:50:00.566+0000: [ParNew: 34438K->6K(38720K), 0.0055477 secs] 1049380K->1014948K(1499856K), 0.0056112 secs] [Times: user=0.01 sys=0.00, real=0.00 secs] 
2020-10-28T12:50:00.614+0000: [GC (Allocation Failure) 2020-10-28T12:50:00.614+0000: [ParNew: 34438K->6K(38720K), 0.0055683 secs] 1049380K->1014948K(1499856K), 0.0056314 secs] [Times: user=0.01 sys=0.00, real=0.01 secs] 
2020-10-28T12:50:00.662+0000: [GC (Allocation Failure) 2020-10-28T12:50:00.662+0000: [ParNew: 34438K->6K(38720K), 0.0055742 secs] 1049380K->1014948K(1499856K), 0.0056365 secs] [Times: user=0.01 sys=0.00, real=0.01 secs] 
2020-10-28T12:50:00.717+0000: [GC (Allocation Failure) 2020-10-28T12:50:00.717+0000: [ParNew: 34438K->6K(38720K), 0.0056094 secs] 1049380K->1014948K(1499856K), 0.0056729 secs] [Times: user=0.01 sys=0.00, real=0.01 secs] 
2020-10-28T12:50:00.766+0000: [GC (Allocation Failure) 2020-10-28T12:50:00.766+0000: [ParNew: 34438K->6K(38720K), 0.0054992 secs] 1049380K->1014948K(1499856K), 0.0055623 secs] [Times: user=0.01 sys=0.00, real=0.00 secs] 
2020-10-28T12:50:00.814+0000: [GC (Allocation Failure) 2020-10-28T12:50:00.814+0000: [ParNew: 34438K->6K(38720K), 0.0055594 secs] 1049380K->1014948K(1499856K), 0.0056236 secs] [Times: user=0.01 sys=0.00, real=0.01 secs] 
2020-10-28T12:50:00.864+0000: [GC (Allocation Failure) 2020-10-28T12:50:00.865+0000: [ParNew: 34438K->6K(38720K), 0.0056046 secs] 1049380K->1014948K(1499856K), 0.0056690 secs] [Times: user=0.01 sys=0.00, real=0.01 secs] 
2020-10-28T12:50:00.912+0000: [GC (Allocation Failure) 2020-10-28T12:50:00.912+0000: [ParNew: 34438K->6K(38720K), 0.0055318 secs] 1049380K->1014948K(1499856K), 0.0055943 secs] [Times: user=0.01 sys=0.00, real=0.00 secs] 
2020-10-28T12:50:00.961+0000: [GC (Allocation Failure) 2020-10-28T12:50:00.961+0000: [ParNew: 34438K->6K(38720K), 0.0055652 secs] 1049380K->1014948K(1499856K), 0.0056268 secs] [Times: user=0.01 sys=0.00, real=0.01 secs] 
2020-10-28T12:50:01.012+0000: [GC (Allocation Failure) 2020-10-28T12:50:01.012+0000: [ParNew: 34438K->6K(38720K), 0.0056020 secs] 1049380K->1014948K(1499856K), 0.0056647 secs] [Times: user=0.01 sys=0.00, real=0.01 secs] 
2020-10-28T12:50:01.062+0000: [GC (Allocation Failure) 2020-10-28T12:50:01.062+0000: [ParNew: 34438K->6K(38720K), 0.0055167 secs] 1049380K->1014948K(1499856K), 0.0055778 secs] [Times: user=0.01 sys=0.00, real=0.01 secs] 
2020-10-28T12:50:01.107+0000: [GC (Allocation Failure) 2020-10-28T12:50:01.107+0000: [ParNew: 34438K->6K(38720K), 0.0055682 secs] 1049380K->1014948K(1499856K), 0.0056476 secs] [Times: user=0.01 sys=0.00, real=0.00 secs] 
2020-10-28T12:50:01.158+0000: [GC (Allocation Failure) 2020-10-28T12:50:01.158+0000: [ParNew: 34438K->6K(38720K), 0.0055209 secs] 1049380K->1014948K(1499856K), 0.0055846 secs] [Times: user=0.02 sys=0.00, real=0.00 secs] 
2020-10-28T12:50:01.209+0000: [GC (Allocation Failure) 2020-10-28T12:50:01.209+0000: [ParNew: 34434K->6K(38720K), 0.0055685 secs] 1049377K->1014948K(1499856K), 0.0056347 secs] [Times: user=0.01 sys=0.00, real=0.00 secs] 
2020-10-28T12:50:01.258+0000: [GC (Allocation Failure) 2020-10-28T12:50:01.258+0000: [ParNew: 34438K->6K(38720K), 0.0056660 secs] 1049380K->1014948K(1499856K), 0.0057325 secs] [Times: user=0.01 sys=0.00, real=0.00 secs] 
2020-10-28T12:50:01.310+0000: [GC (Allocation Failure) 2020-10-28T12:50:01.310+0000: [ParNew: 34438K->4K(38720K), 0.0055709 secs] 1049380K->1014946K(1499856K), 0.0056363 secs] [Times: user=0.01 sys=0.00, real=0.00 secs] 
2020-10-28T12:50:01.358+0000: [GC (Allocation Failure) 2020-10-28T12:50:01.358+0000: [ParNew: 34436K->6K(38720K), 0.0057111 secs] 1049378K->1014948K(1499856K), 0.0057662 secs] [Times: user=0.01 sys=0.00, real=0.00 secs] 
2020-10-28T12:50:01.404+0000: [GC (Allocation Failure) 2020-10-28T12:50:01.404+0000: [ParNew: 34438K->6K(38720K), 0.0055866 secs] 1049380K->1014948K(1499856K), 0.0056485 secs] [Times: user=0.01 sys=0.00, real=0.01 secs] 
2020-10-28T12:50:01.454+0000: [GC (Allocation Failure) 2020-10-28T12:50:01.454+0000: [ParNew: 34438K->6K(38720K), 0.0055469 secs] 1049380K->1014948K(1499856K), 0.0056101 secs] [Times: user=0.01 sys=0.00, real=0.01 secs] 
2020-10-28T12:50:01.503+0000: [GC (Allocation Failure) 2020-10-28T12:50:01.503+0000: [ParNew: 34438K->6K(38720K), 0.0055962 secs] 1049380K->1014948K(1499856K), 0.0056599 secs] [Times: user=0.01 sys=0.00, real=0.01 secs] 
2020-10-28T12:50:01.554+0000: [GC (Allocation Failure) 2020-10-28T12:50:01.554+0000: [ParNew: 34438K->6K(38720K), 0.0055195 secs] 1049380K->1014948K(1499856K), 0.0055804 secs] [Times: user=0.01 sys=0.00, real=0.01 secs] 
2020-10-28T12:50:01.599+0000: [GC (Allocation Failure) 2020-10-28T12:50:01.599+0000: [ParNew: 34438K->6K(38720K), 0.0055960 secs] 1049380K->1014948K(1499856K), 0.0056582 secs] [Times: user=0.01 sys=0.00, real=0.00 secs] 
2020-10-28T12:50:01.650+0000: [GC (Allocation Failure) 2020-10-28T12:50:01.650+0000: [ParNew: 34438K->6K(38720K), 0.0056099 secs] 1049380K->1014948K(1499856K), 0.0056741 secs] [Times: user=0.01 sys=0.00, real=0.00 secs] 
2020-10-28T12:50:01.699+0000: [GC (Allocation Failure) 2020-10-28T12:50:01.699+0000: [ParNew: 34438K->6K(38720K), 0.0057096 secs] 1049380K->1014948K(1499856K), 0.0057743 secs] [Times: user=0.01 sys=0.00, real=0.00 secs] 
2020-10-28T12:50:01.750+0000: [GC (Allocation Failure) 2020-10-28T12:50:01.750+0000: [ParNew: 34438K->6K(38720K), 0.0056392 secs] 1049380K->1014948K(1499856K), 0.0057016 secs] [Times: user=0.01 sys=0.00, real=0.00 secs] 
2020-10-28T12:50:01.799+0000: [GC (Allocation Failure) 2020-10-28T12:50:01.799+0000: [ParNew: 34438K->6K(38720K), 0.0055978 secs] 1049380K->1014948K(1499856K), 0.0056694 secs] [Times: user=0.01 sys=0.00, real=0.00 secs] 
2020-10-28T12:50:01.850+0000: [GC (Allocation Failure) 2020-10-28T12:50:01.850+0000: [ParNew: 34438K->6K(38720K), 0.0057343 secs] 1049380K->1014948K(1499856K), 0.0058006 secs] [Times: user=0.01 sys=0.00, real=0.00 secs] 
2020-10-28T12:50:01.895+0000: [GC (Allocation Failure) 2020-10-28T12:50:01.895+0000: [ParNew: 34438K->6K(38720K), 0.0056353 secs] 1049380K->1014948K(1499856K), 0.0057011 secs] [Times: user=0.01 sys=0.00, real=0.01 secs] 
2020-10-28T12:50:01.946+0000: [GC (Allocation Failure) 2020-10-28T12:50:01.946+0000: [ParNew: 34438K->6K(38720K), 0.0055454 secs] 1049380K->1014948K(1499856K), 0.0056090 secs] [Times: user=0.01 sys=0.00, real=0.00 secs] 
2020-10-28T12:50:01.998+0000: [GC (Allocation Failure) 2020-10-28T12:50:01.998+0000: [ParNew: 34438K->6K(38720K), 0.0056625 secs] 1049380K->1014948K(1499856K), 0.0057166 secs] [Times: user=0.01 sys=0.00, real=0.00 secs] 
2020-10-28T12:50:02.048+0000: [GC (Allocation Failure) 2020-10-28T12:50:02.048+0000: [ParNew: 34438K->6K(38720K), 0.0055479 secs] 1049380K->1014948K(1499856K), 0.0056134 secs] [Times: user=0.01 sys=0.00, real=0.00 secs] 
2020-10-28T12:50:02.098+0000: [GC (Allocation Failure) 2020-10-28T12:50:02.098+0000: [ParNew: 34438K->6K(38720K), 0.0055629 secs] 1049380K->1014948K(1499856K), 0.0056258 secs] [Times: user=0.01 sys=0.00, real=0.00 secs] 
2020-10-28T12:50:02.148+0000: [GC (Allocation Failure) 2020-10-28T12:50:02.148+0000: [ParNew: 34438K->6K(38720K), 0.0055821 secs] 1049380K->1014948K(1499856K), 0.0056459 secs] [Times: user=0.01 sys=0.00, real=0.00 secs] 
2020-10-28T12:50:02.193+0000: [GC (Allocation Failure) 2020-10-28T12:50:02.193+0000: [ParNew: 34438K->6K(38720K), 0.0055507 secs] 1049380K->1014948K(1499856K), 0.0056286 secs] [Times: user=0.02 sys=0.00, real=0.01 secs] 
2020-10-28T12:50:02.244+0000: [GC (Allocation Failure) 2020-10-28T12:50:02.244+0000: [ParNew: 34438K->6K(38720K), 0.0056364 secs] 1049380K->1014948K(1499856K), 0.0056995 secs] [Times: user=0.01 sys=0.00, real=0.01 secs] 
2020-10-28T12:50:02.290+0000: [GC (Allocation Failure) 2020-10-28T12:50:02.290+0000: [ParNew: 34438K->6K(38720K), 0.0055974 secs] 1049380K->1014948K(1499856K), 0.0056644 secs] [Times: user=0.01 sys=0.00, real=0.00 secs] 
2020-10-28T12:50:02.338+0000: [GC (Allocation Failure) 2020-10-28T12:50:02.338+0000: [ParNew: 34438K->6K(38720K), 0.0055412 secs] 1049380K->1014948K(1499856K), 0.0056058 secs] [Times: user=0.01 sys=0.00, real=0.00 secs] 
2020-10-28T12:50:02.390+0000: [GC (Allocation Failure) 2020-10-28T12:50:02.390+0000: [ParNew: 34438K->6K(38720K), 0.0055685 secs] 1049380K->1014948K(1499856K), 0.0056317 secs] [Times: user=0.01 sys=0.00, real=0.00 secs] 
2020-10-28T12:50:02.442+0000: [GC (Allocation Failure) 2020-10-28T12:50:02.442+0000: [ParNew: 34438K->6K(38720K), 0.0055795 secs] 1049380K->1014948K(1499856K), 0.0056441 secs] [Times: user=0.01 sys=0.00, real=0.01 secs] 
2020-10-28T12:50:02.491+0000: [GC (Allocation Failure) 2020-10-28T12:50:02.491+0000: [ParNew: 34438K->6K(38720K), 0.0055581 secs] 1049380K->1014948K(1499856K), 0.0056211 secs] [Times: user=0.01 sys=0.00, real=0.00 secs] 
2020-10-28T12:50:02.536+0000: [GC (Allocation Failure) 2020-10-28T12:50:02.536+0000: [ParNew: 34438K->6K(38720K), 0.0056141 secs] 1049380K->1014948K(1499856K), 0.0056765 secs] [Times: user=0.01 sys=0.00, real=0.01 secs] 
2020-10-28T12:50:02.586+0000: [GC (Allocation Failure) 2020-10-28T12:50:02.586+0000: [ParNew: 34438K->6K(38720K), 0.0055332 secs] 1049380K->1014948K(1499856K), 0.0055974 secs] [Times: user=0.01 sys=0.00, real=0.00 secs] 
2020-10-28T12:50:02.631+0000: [GC (Allocation Failure) 2020-10-28T12:50:02.631+0000: [ParNew: 34438K->6K(38720K), 0.0055541 secs] 1049380K->1014948K(1499856K), 0.0056179 secs] [Times: user=0.01 sys=0.00, real=0.00 secs] 
2020-10-28T12:50:02.676+0000: [GC (Allocation Failure) 2020-10-28T12:50:02.677+0000: [ParNew: 34438K->6K(38720K), 0.0055403 secs] 1049380K->1014948K(1499856K), 0.0056022 secs] [Times: user=0.01 sys=0.00, real=0.01 secs] 
2020-10-28T12:50:02.726+0000: [GC (Allocation Failure) 2020-10-28T12:50:02.726+0000: [ParNew: 34438K->6K(38720K), 0.0055583 secs] 1049380K->1014948K(1499856K), 0.0056212 secs] [Times: user=0.01 sys=0.00, real=0.00 secs] 
2020-10-28T12:50:02.771+0000: [GC (Allocation Failure) 2020-10-28T12:50:02.771+0000: [ParNew: 34438K->6K(38720K), 0.0055951 secs] 1049380K->1014949K(1499856K), 0.0056607 secs] [Times: user=0.01 sys=0.00, real=0.00 secs] 
2020-10-28T12:50:02.818+0000: [GC (Allocation Failure) 2020-10-28T12:50:02.818+0000: [ParNew: 34438K->6K(38720K), 0.0056373 secs] 1049381K->1014949K(1499856K), 0.0056984 secs] [Times: user=0.01 sys=0.00, real=0.00 secs] 
2020-10-28T12:50:02.866+0000: [GC (Allocation Failure) 2020-10-28T12:50:02.866+0000: [ParNew: 34438K->6K(38720K), 0.0055633 secs] 1049381K->1014949K(1499856K), 0.0056237 secs] [Times: user=0.01 sys=0.00, real=0.00 secs] 
2020-10-28T12:50:02.915+0000: [GC (Allocation Failure) 2020-10-28T12:50:02.915+0000: [ParNew: 34438K->6K(38720K), 0.0055524 secs] 1049381K->1014949K(1499856K), 0.0056173 secs] [Times: user=0.01 sys=0.01, real=0.01 secs] 
2020-10-28T12:50:02.962+0000: [GC (Allocation Failure) 2020-10-28T12:50:02.962+0000: [ParNew: 34438K->6K(38720K), 0.0055218 secs] 1049381K->1014949K(1499856K), 0.0055846 secs] [Times: user=0.01 sys=0.00, real=0.01 secs] 
2020-10-28T12:50:03.012+0000: [GC (Allocation Failure) 2020-10-28T12:50:03.012+0000: [ParNew: 34438K->6K(38720K), 0.0055328 secs] 1049381K->1014949K(1499856K), 0.0055968 secs] [Times: user=0.01 sys=0.00, real=0.01 secs] 
2020-10-28T12:50:03.062+0000: [GC (Allocation Failure) 2020-10-28T12:50:03.062+0000: [ParNew: 34438K->6K(38720K), 0.0093543 secs] 1049381K->1014949K(1499856K), 0.0094290 secs] [Times: user=0.01 sys=0.00, real=0.01 secs] 
2020-10-28T12:50:03.113+0000: [GC (Allocation Failure) 2020-10-28T12:50:03.114+0000: [ParNew: 34438K->6K(38720K), 0.0055419 secs] 1049381K->1014949K(1499856K), 0.0056046 secs] [Times: user=0.01 sys=0.00, real=0.01 secs] 
2020-10-28T12:50:03.161+0000: [GC (Allocation Failure) 2020-10-28T12:50:03.161+0000: [ParNew: 34438K->6K(38720K), 0.0056835 secs] 1049381K->1014949K(1499856K), 0.0057445 secs] [Times: user=0.02 sys=0.00, real=0.01 secs] 
2020-10-28T12:50:03.211+0000: [GC (Allocation Failure) 2020-10-28T12:50:03.211+0000: [ParNew: 34438K->6K(38720K), 0.0055290 secs] 1049381K->1014949K(1499856K), 0.0055920 secs] [Times: user=0.01 sys=0.00, real=0.00 secs] 
2020-10-28T12:50:03.256+0000: [GC (Allocation Failure) 2020-10-28T12:50:03.256+0000: [ParNew: 34438K->6K(38720K), 0.0055740 secs] 1049381K->1014949K(1499856K), 0.0056361 secs] [Times: user=0.01 sys=0.00, real=0.01 secs] 
2020-10-28T12:50:03.303+0000: [GC (Allocation Failure) 2020-10-28T12:50:03.303+0000: [ParNew: 34438K->6K(38720K), 0.0055503 secs] 1049381K->1014949K(1499856K), 0.0056144 secs] [Times: user=0.01 sys=0.00, real=0.01 secs] 
2020-10-28T12:50:03.349+0000: [GC (Allocation Failure) 2020-10-28T12:50:03.349+0000: [ParNew: 34438K->6K(38720K), 0.0056688 secs] 1049381K->1014949K(1499856K), 0.0057298 secs] [Times: user=0.01 sys=0.00, real=0.00 secs] 
2020-10-28T12:50:03.401+0000: [GC (Allocation Failure) 2020-10-28T12:50:03.401+0000: [ParNew: 34438K->6K(38720K), 0.0055537 secs] 1049381K->1014949K(1499856K), 0.0056155 secs] [Times: user=0.01 sys=0.01, real=0.01 secs] 
2020-10-28T12:50:03.447+0000: [GC (Allocation Failure) 2020-10-28T12:50:03.447+0000: [ParNew: 34438K->6K(38720K), 0.0055507 secs] 1049381K->1014949K(1499856K), 0.0056132 secs] [Times: user=0.01 sys=0.00, real=0.00 secs] 
2020-10-28T12:50:03.493+0000: [GC (Allocation Failure) 2020-10-28T12:50:03.493+0000: [ParNew: 34438K->6K(38720K), 0.0055663 secs] 1049381K->1014949K(1499856K), 0.0056280 secs] [Times: user=0.01 sys=0.00, real=0.01 secs] 
2020-10-28T12:50:03.542+0000: [GC (Allocation Failure) 2020-10-28T12:50:03.542+0000: [ParNew: 34438K->6K(38720K), 0.0055503 secs] 1049381K->1014949K(1499856K), 0.0056142 secs] [Times: user=0.01 sys=0.00, real=0.01 secs] 
2020-10-28T12:50:03.594+0000: [GC (Allocation Failure) 2020-10-28T12:50:03.594+0000: [ParNew: 34438K->6K(38720K), 0.0055726 secs] 1049381K->1014949K(1499856K), 0.0056347 secs] [Times: user=0.01 sys=0.00, real=0.01 secs] 
2020-10-28T12:50:03.643+0000: [GC (Allocation Failure) 2020-10-28T12:50:03.643+0000: [ParNew: 34438K->6K(38720K), 0.0055311 secs] 1049381K->1014949K(1499856K), 0.0056057 secs] [Times: user=0.01 sys=0.00, real=0.01 secs] 
2020-10-28T12:50:03.694+0000: [GC (Allocation Failure) 2020-10-28T12:50:03.694+0000: [ParNew: 34438K->6K(38720K), 0.0056026 secs] 1049381K->1014949K(1499856K), 0.0056680 secs] [Times: user=0.01 sys=0.00, real=0.01 secs] 
2020-10-28T12:50:03.742+0000: [GC (Allocation Failure) 2020-10-28T12:50:03.742+0000: [ParNew: 34438K->4K(38720K), 0.0056335 secs] 1049381K->1014947K(1499856K), 0.0056983 secs] [Times: user=0.01 sys=0.00, real=0.01 secs] 
2020-10-28T12:50:03.790+0000: [GC (Allocation Failure) 2020-10-28T12:50:03.790+0000: [ParNew: 34436K->6K(38720K), 0.0055122 secs] 1049379K->1014949K(1499856K), 0.0055745 secs] [Times: user=0.01 sys=0.00, real=0.00 secs] 
2020-10-28T12:50:03.842+0000: [GC (Allocation Failure) 2020-10-28T12:50:03.842+0000: [ParNew: 34438K->6K(38720K), 0.0055820 secs] 1049381K->1014949K(1499856K), 0.0056439 secs] [Times: user=0.01 sys=0.00, real=0.01 secs] 
2020-10-28T12:50:03.890+0000: [GC (Allocation Failure) 2020-10-28T12:50:03.890+0000: [ParNew: 34438K->6K(38720K), 0.0055510 secs] 1049381K->1014949K(1499856K), 0.0056139 secs] [Times: user=0.01 sys=0.00, real=0.00 secs] 
2020-10-28T12:50:03.940+0000: [GC (Allocation Failure) 2020-10-28T12:50:03.940+0000: [ParNew: 34438K->6K(38720K), 0.0055210 secs] 1049381K->1014949K(1499856K), 0.0055843 secs] [Times: user=0.02 sys=0.00, real=0.00 secs] 
2020-10-28T12:50:03.990+0000: [GC (Allocation Failure) 2020-10-28T12:50:03.990+0000: [ParNew: 34438K->6K(38720K), 0.0055118 secs] 1049381K->1014949K(1499856K), 0.0055755 secs] [Times: user=0.01 sys=0.00, real=0.00 secs] 
2020-10-28T12:50:04.040+0000: [GC (Allocation Failure) 2020-10-28T12:50:04.040+0000: [ParNew: 34438K->6K(38720K), 0.0055450 secs] 1049381K->1014949K(1499856K), 0.0056086 secs] [Times: user=0.01 sys=0.00, real=0.00 secs] 
2020-10-28T12:50:04.087+0000: [GC (Allocation Failure) 2020-10-28T12:50:04.087+0000: [ParNew: 34438K->6K(38720K), 0.0055277 secs] 1049381K->1014949K(1499856K), 0.0055886 secs] [Times: user=0.01 sys=0.00, real=0.00 secs] 
2020-10-28T12:50:04.136+0000: [GC (Allocation Failure) 2020-10-28T12:50:04.136+0000: [ParNew: 34438K->6K(38720K), 0.0055638 secs] 1049381K->1014949K(1499856K), 0.0056271 secs] [Times: user=0.01 sys=0.00, real=0.01 secs] 
2020-10-28T12:50:04.181+0000: [GC (Allocation Failure) 2020-10-28T12:50:04.181+0000: [ParNew: 34438K->6K(38720K), 0.0055930 secs] 1049381K->1014949K(1499856K), 0.0056570 secs] [Times: user=0.01 sys=0.00, real=0.01 secs] 
2020-10-28T12:50:04.230+0000: [GC (Allocation Failure) 2020-10-28T12:50:04.230+0000: [ParNew: 34438K->6K(38720K), 0.0055120 secs] 1049381K->1014949K(1499856K), 0.0055747 secs] [Times: user=0.01 sys=0.00, real=0.00 secs] 
2020-10-28T12:50:04.279+0000: [GC (Allocation Failure) 2020-10-28T12:50:04.279+0000: [ParNew: 34438K->6K(38720K), 0.0055539 secs] 1049381K->1014949K(1499856K), 0.0056171 secs] [Times: user=0.01 sys=0.00, real=0.00 secs] 
2020-10-28T12:50:04.325+0000: [GC (Allocation Failure) 2020-10-28T12:50:04.325+0000: [ParNew: 34438K->4K(38720K), 0.0057218 secs] 1049381K->1014947K(1499856K), 0.0057860 secs] [Times: user=0.01 sys=0.00, real=0.01 secs] 
2020-10-28T12:50:04.371+0000: [GC (Allocation Failure) 2020-10-28T12:50:04.371+0000: [ParNew: 34436K->6K(38720K), 0.0055801 secs] 1049379K->1014949K(1499856K), 0.0056439 secs] [Times: user=0.01 sys=0.00, real=0.00 secs] 
2020-10-28T12:50:04.422+0000: [GC (Allocation Failure) 2020-10-28T12:50:04.422+0000: [ParNew: 34438K->6K(38720K), 0.0055571 secs] 1049381K->1014949K(1499856K), 0.0056201 secs] [Times: user=0.01 sys=0.00, real=0.01 secs] 
2020-10-28T12:50:04.471+0000: [GC (Allocation Failure) 2020-10-28T12:50:04.471+0000: [ParNew: 34438K->6K(38720K), 0.0055363 secs] 1049381K->1014949K(1499856K), 0.0055979 secs] [Times: user=0.01 sys=0.00, real=0.00 secs] 
2020-10-28T12:50:04.518+0000: [GC (Allocation Failure) 2020-10-28T12:50:04.518+0000: [ParNew: 34438K->6K(38720K), 0.0056189 secs] 1049381K->1014949K(1499856K), 0.0056812 secs] [Times: user=0.01 sys=0.00, real=0.00 secs] 
2020-10-28T12:50:04.563+0000: [GC (Allocation Failure) 2020-10-28T12:50:04.563+0000: [ParNew: 34438K->6K(38720K), 0.0055668 secs] 1049381K->1014949K(1499856K), 0.0056284 secs] [Times: user=0.01 sys=0.00, real=0.01 secs] 
2020-10-28T12:50:04.609+0000: [GC (Allocation Failure) 2020-10-28T12:50:04.609+0000: [ParNew: 34438K->6K(38720K), 0.0056469 secs] 1049381K->1014949K(1499856K), 0.0057091 secs] [Times: user=0.01 sys=0.00, real=0.00 secs] 
2020-10-28T12:50:04.655+0000: [GC (Allocation Failure) 2020-10-28T12:50:04.655+0000: [ParNew: 34438K->6K(38720K), 0.0056333 secs] 1049381K->1014949K(1499856K), 0.0057005 secs] [Times: user=0.01 sys=0.00, real=0.01 secs] 
2020-10-28T12:50:04.705+0000: [GC (Allocation Failure) 2020-10-28T12:50:04.705+0000: [ParNew: 34438K->6K(38720K), 0.0056629 secs] 1049381K->1014949K(1499856K), 0.0057390 secs] [Times: user=0.01 sys=0.00, real=0.01 secs] 
2020-10-28T12:50:04.754+0000: [GC (Allocation Failure) 2020-10-28T12:50:04.754+0000: [ParNew: 34438K->6K(38720K), 0.0055608 secs] 1049381K->1014949K(1499856K), 0.0056231 secs] [Times: user=0.01 sys=0.00, real=0.01 secs] 
2020-10-28T12:50:04.804+0000: [GC (Allocation Failure) 2020-10-28T12:50:04.804+0000: [ParNew: 34438K->6K(38720K), 0.0056195 secs] 1049381K->1014949K(1499856K), 0.0056840 secs] [Times: user=0.01 sys=0.00, real=0.01 secs] 
2020-10-28T12:50:04.853+0000: [GC (Allocation Failure) 2020-10-28T12:50:04.853+0000: [ParNew: 34438K->6K(38720K), 0.0055452 secs] 1049381K->1014949K(1499856K), 0.0056091 secs] [Times: user=0.01 sys=0.00, real=0.01 secs] 
2020-10-28T12:50:04.898+0000: [GC (Allocation Failure) 2020-10-28T12:50:04.898+0000: [ParNew: 34438K->6K(38720K), 0.0055138 secs] 1049381K->1014949K(1499856K), 0.0055769 secs] [Times: user=0.01 sys=0.00, real=0.00 secs] 
2020-10-28T12:50:04.950+0000: [GC (Allocation Failure) 2020-10-28T12:50:04.950+0000: [ParNew: 34438K->6K(38720K), 0.0055299 secs] 1049381K->1014949K(1499856K), 0.0055938 secs] [Times: user=0.01 sys=0.00, real=0.00 secs] 
2020-10-28T12:50:04.998+0000: [GC (Allocation Failure) 2020-10-28T12:50:04.998+0000: [ParNew: 34438K->6K(38720K), 0.0055443 secs] 1049381K->1014949K(1499856K), 0.0056088 secs] [Times: user=0.01 sys=0.00, real=0.00 secs] 
2020-10-28T12:50:05.048+0000: [GC (Allocation Failure) 2020-10-28T12:50:05.048+0000: [ParNew: 34438K->6K(38720K), 0.0055327 secs] 1049381K->1014949K(1499856K), 0.0055949 secs] [Times: user=0.01 sys=0.00, real=0.00 secs] 
2020-10-28T12:50:05.097+0000: [GC (Allocation Failure) 2020-10-28T12:50:05.097+0000: [ParNew: 34438K->6K(38720K), 0.0055406 secs] 1049381K->1014949K(1499856K), 0.0056034 secs] [Times: user=0.01 sys=0.00, real=0.00 secs] 
2020-10-28T12:50:05.150+0000: [GC (Allocation Failure) 2020-10-28T12:50:05.150+0000: [ParNew: 34438K->6K(38720K), 0.0055488 secs] 1049381K->1014949K(1499856K), 0.0056129 secs] [Times: user=0.01 sys=0.00, real=0.00 secs] 
2020-10-28T12:50:05.195+0000: [GC (Allocation Failure) 2020-10-28T12:50:05.195+0000: [ParNew: 34438K->6K(38720K), 0.0055456 secs] 1049381K->1014949K(1499856K), 0.0056067 secs] [Times: user=0.01 sys=0.00, real=0.01 secs] 
2020-10-28T12:50:05.245+0000: [GC (Allocation Failure) 2020-10-28T12:50:05.245+0000: [ParNew: 34438K->6K(38720K), 0.0055464 secs] 1049381K->1014949K(1499856K), 0.0056097 secs] [Times: user=0.01 sys=0.00, real=0.01 secs] 
2020-10-28T12:50:05.298+0000: [GC (Allocation Failure) 2020-10-28T12:50:05.298+0000: [ParNew: 34438K->4K(38720K), 0.0056248 secs] 1049381K->1014947K(1499856K), 0.0056907 secs] [Times: user=0.01 sys=0.00, real=0.00 secs] 
2020-10-28T12:50:05.343+0000: [GC (Allocation Failure) 2020-10-28T12:50:05.343+0000: [ParNew: 34436K->6K(38720K), 0.0055674 secs] 1049379K->1014949K(1499856K), 0.0056297 secs] [Times: user=0.01 sys=0.00, real=0.01 secs] 
2020-10-28T12:50:05.394+0000: [GC (Allocation Failure) 2020-10-28T12:50:05.394+0000: [ParNew: 34438K->6K(38720K), 0.0055193 secs] 1049381K->1014949K(1499856K), 0.0055807 secs] [Times: user=0.01 sys=0.00, real=0.01 secs] 
2020-10-28T12:50:05.442+0000: [GC (Allocation Failure) 2020-10-28T12:50:05.442+0000: [ParNew: 34438K->6K(38720K), 0.0055941 secs] 1049381K->1014949K(1499856K), 0.0056610 secs] [Times: user=0.01 sys=0.00, real=0.01 secs] 
2020-10-28T12:50:05.494+0000: [GC (Allocation Failure) 2020-10-28T12:50:05.494+0000: [ParNew: 34438K->6K(38720K), 0.0055086 secs] 1049381K->1014949K(1499856K), 0.0055711 secs] [Times: user=0.01 sys=0.00, real=0.01 secs] 
2020-10-28T12:50:05.542+0000: [GC (Allocation Failure) 2020-10-28T12:50:05.542+0000: [ParNew: 34438K->6K(38720K), 0.0055462 secs] 1049381K->1014949K(1499856K), 0.0056081 secs] [Times: user=0.01 sys=0.00, real=0.01 secs] 
2020-10-28T12:50:05.590+0000: [GC (Allocation Failure) 2020-10-28T12:50:05.590+0000: [ParNew: 34438K->6K(38720K), 0.0055271 secs] 1049381K->1014949K(1499856K), 0.0055884 secs] [Times: user=0.01 sys=0.00, real=0.00 secs] 
2020-10-28T12:50:05.637+0000: [GC (Allocation Failure) 2020-10-28T12:50:05.637+0000: [ParNew: 34438K->6K(38720K), 0.0056176 secs] 1049381K->1014949K(1499856K), 0.0056942 secs] [Times: user=0.01 sys=0.00, real=0.01 secs] 
2020-10-28T12:50:05.688+0000: [GC (Allocation Failure) 2020-10-28T12:50:05.688+0000: [ParNew: 34438K->6K(38720K), 0.0055341 secs] 1049381K->1014949K(1499856K), 0.0055972 secs] [Times: user=0.01 sys=0.00, real=0.00 secs] 
2020-10-28T12:50:05.746+0000: [GC (Allocation Failure) 2020-10-28T12:50:05.746+0000: [ParNew: 34438K->6K(38720K), 0.0055388 secs] 1049381K->1014949K(1499856K), 0.0056036 secs] [Times: user=0.01 sys=0.00, real=0.00 secs] 
2020-10-28T12:50:05.794+0000: [GC (Allocation Failure) 2020-10-28T12:50:05.794+0000: [ParNew: 34438K->6K(38720K), 0.0055201 secs] 1049381K->1014949K(1499856K), 0.0055821 secs] [Times: user=0.01 sys=0.00, real=0.01 secs] 
2020-10-28T12:50:05.842+0000: [GC (Allocation Failure) 2020-10-28T12:50:05.842+0000: [ParNew: 34438K->6K(38720K), 0.0055245 secs] 1049381K->1014949K(1499856K), 0.0055876 secs] [Times: user=0.01 sys=0.00, real=0.01 secs] 
2020-10-28T12:50:05.891+0000: [GC (Allocation Failure) 2020-10-28T12:50:05.891+0000: [ParNew: 34438K->6K(38720K), 0.0055284 secs] 1049381K->1014949K(1499856K), 0.0055896 secs] [Times: user=0.01 sys=0.00, real=0.00 secs] 
2020-10-28T12:50:05.936+0000: [GC (Allocation Failure) 2020-10-28T12:50:05.936+0000: [ParNew: 34438K->6K(38720K), 0.0055662 secs] 1049381K->1014949K(1499856K), 0.0056271 secs] [Times: user=0.01 sys=0.00, real=0.01 secs] 
2020-10-28T12:50:05.986+0000: [GC (Allocation Failure) 2020-10-28T12:50:05.986+0000: [ParNew: 34438K->6K(38720K), 0.0055285 secs] 1049381K->1014949K(1499856K), 0.0055912 secs] [Times: user=0.01 sys=0.00, real=0.00 secs] 
2020-10-28T12:50:06.031+0000: [GC (Allocation Failure) 2020-10-28T12:50:06.031+0000: [ParNew: 34438K->6K(38720K), 0.0055973 secs] 1049381K->1014949K(1499856K), 0.0056550 secs] [Times: user=0.01 sys=0.00, real=0.00 secs] 
2020-10-28T12:50:06.090+0000: [GC (Allocation Failure) 2020-10-28T12:50:06.090+0000: [ParNew: 34438K->6K(38720K), 0.0055762 secs] 1049381K->1014949K(1499856K), 0.0056513 secs] [Times: user=0.01 sys=0.00, real=0.00 secs] 
2020-10-28T12:50:06.139+0000: [GC (Allocation Failure) 2020-10-28T12:50:06.139+0000: [ParNew: 34438K->6K(38720K), 0.0055246 secs] 1049381K->1014949K(1499856K), 0.0055871 secs] [Times: user=0.01 sys=0.00, real=0.00 secs] 
2020-10-28T12:50:06.188+0000: [GC (Allocation Failure) 2020-10-28T12:50:06.188+0000: [ParNew: 34438K->6K(38720K), 0.0055272 secs] 1049381K->1014949K(1499856K), 0.0055892 secs] [Times: user=0.01 sys=0.00, real=0.00 secs] 
2020-10-28T12:50:06.233+0000: [GC (Allocation Failure) 2020-10-28T12:50:06.233+0000: [ParNew: 34438K->6K(38720K), 0.0055987 secs] 1049381K->1014950K(1499856K), 0.0056607 secs] [Times: user=0.01 sys=0.00, real=0.01 secs] 
2020-10-28T12:50:06.286+0000: [GC (Allocation Failure) 2020-10-28T12:50:06.286+0000: [ParNew: 34438K->6K(38720K), 0.0055785 secs] 1049382K->1014949K(1499856K), 0.0056417 secs] [Times: user=0.01 sys=0.00, real=0.00 secs] 
2020-10-28T12:50:06.334+0000: [GC (Allocation Failure) 2020-10-28T12:50:06.334+0000: [ParNew: 34438K->4K(38720K), 0.0056072 secs] 1049381K->1014947K(1499856K), 0.0056702 secs] [Times: user=0.01 sys=0.00, real=0.01 secs] 
2020-10-28T12:50:06.386+0000: [GC (Allocation Failure) 2020-10-28T12:50:06.386+0000: [ParNew: 34436K->6K(38720K), 0.0056838 secs] 1049379K->1014949K(1499856K), 0.0057488 secs] [Times: user=0.01 sys=0.00, real=0.00 secs] 
2020-10-28T12:50:06.435+0000: [GC (Allocation Failure) 2020-10-28T12:50:06.435+0000: [ParNew: 34438K->6K(38720K), 0.0055592 secs] 1049381K->1014950K(1499856K), 0.0056215 secs] [Times: user=0.01 sys=0.00, real=0.01 secs] 
2020-10-28T12:50:06.483+0000: [GC (Allocation Failure) 2020-10-28T12:50:06.483+0000: [ParNew: 34438K->6K(38720K), 0.0055995 secs] 1049382K->1014950K(1499856K), 0.0056623 secs] [Times: user=0.01 sys=0.00, real=0.01 secs] 
2020-10-28T12:50:06.537+0000: [GC (Allocation Failure) 2020-10-28T12:50:06.537+0000: [ParNew: 34438K->6K(38720K), 0.0056417 secs] 1049382K->1014950K(1499856K), 0.0057184 secs] [Times: user=0.01 sys=0.00, real=0.01 secs] 
2020-10-28T12:50:06.586+0000: [GC (Allocation Failure) 2020-10-28T12:50:06.586+0000: [ParNew: 34438K->6K(38720K), 0.0055717 secs] 1049382K->1014950K(1499856K), 0.0056354 secs] [Times: user=0.01 sys=0.00, real=0.00 secs] 
2020-10-28T12:50:06.635+0000: [GC (Allocation Failure) 2020-10-28T12:50:06.635+0000: [ParNew: 34438K->4K(38720K), 0.0055589 secs] 1049382K->1014948K(1499856K), 0.0056216 secs] [Times: user=0.01 sys=0.00, real=0.01 secs] 
2020-10-28T12:50:06.686+0000: [GC (Allocation Failure) 2020-10-28T12:50:06.686+0000: [ParNew: 34436K->6K(38720K), 0.0055508 secs] 1049380K->1014950K(1499856K), 0.0056115 secs] [Times: user=0.01 sys=0.00, real=0.00 secs] 
2020-10-28T12:50:06.735+0000: [GC (Allocation Failure) 2020-10-28T12:50:06.735+0000: [ParNew: 34438K->6K(38720K), 0.0056190 secs] 1049382K->1014950K(1499856K), 0.0056833 secs] [Times: user=0.01 sys=0.00, real=0.01 secs] 
2020-10-28T12:50:06.785+0000: [GC (Allocation Failure) 2020-10-28T12:50:06.785+0000: [ParNew: 34438K->6K(38720K), 0.0055905 secs] 1049382K->1014950K(1499856K), 0.0056539 secs] [Times: user=0.01 sys=0.00, real=0.01 secs] 
2020-10-28T12:50:06.837+0000: [GC (Allocation Failure) 2020-10-28T12:50:06.837+0000: [ParNew: 34438K->6K(38720K), 0.0055617 secs] 1049382K->1014950K(1499856K), 0.0056259 secs] [Times: user=0.01 sys=0.00, real=0.01 secs] 
2020-10-28T12:50:06.883+0000: [GC (Allocation Failure) 2020-10-28T12:50:06.883+0000: [ParNew: 34438K->6K(38720K), 0.0056786 secs] 1049382K->1014950K(1499856K), 0.0057619 secs] [Times: user=0.01 sys=0.00, real=0.01 secs] 
2020-10-28T12:50:06.928+0000: [GC (Allocation Failure) 2020-10-28T12:50:06.928+0000: [ParNew: 34438K->6K(38720K), 0.0056465 secs] 1049382K->1014950K(1499856K), 0.0057089 secs] [Times: user=0.01 sys=0.00, real=0.00 secs] 
2020-10-28T12:50:06.978+0000: [GC (Allocation Failure) 2020-10-28T12:50:06.978+0000: [ParNew: 34438K->6K(38720K), 0.0055322 secs] 1049382K->1014950K(1499856K), 0.0055950 secs] [Times: user=0.01 sys=0.00, real=0.00 secs] 
2020-10-28T12:50:07.023+0000: [GC (Allocation Failure) 2020-10-28T12:50:07.023+0000: [ParNew: 34438K->6K(38720K), 0.0055600 secs] 1049382K->1014950K(1499856K), 0.0056240 secs] [Times: user=0.01 sys=0.00, real=0.01 secs] 
2020-10-28T12:50:07.074+0000: [GC (Allocation Failure) 2020-10-28T12:50:07.074+0000: [ParNew: 34438K->6K(38720K), 0.0055797 secs] 1049382K->1014950K(1499856K), 0.0056436 secs] [Times: user=0.01 sys=0.00, real=0.01 secs] 
2020-10-28T12:50:07.120+0000: [GC (Allocation Failure) 2020-10-28T12:50:07.120+0000: [ParNew: 34438K->6K(38720K), 0.0056409 secs] 1049382K->1014950K(1499856K), 0.0057042 secs] [Times: user=0.01 sys=0.00, real=0.01 secs] 
2020-10-28T12:50:07.171+0000: [GC (Allocation Failure) 2020-10-28T12:50:07.171+0000: [ParNew: 34438K->6K(38720K), 0.0055355 secs] 1049382K->1014950K(1499856K), 0.0055973 secs] [Times: user=0.01 sys=0.00, real=0.00 secs] 
2020-10-28T12:50:07.222+0000: [GC (Allocation Failure) 2020-10-28T12:50:07.222+0000: [ParNew: 34438K->6K(38720K), 0.0055445 secs] 1049382K->1014950K(1499856K), 0.0056073 secs] [Times: user=0.01 sys=0.00, real=0.01 secs] 
2020-10-28T12:50:07.267+0000: [GC (Allocation Failure) 2020-10-28T12:50:07.267+0000: [ParNew: 34438K->6K(38720K), 0.0056194 secs] 1049382K->1014950K(1499856K), 0.0056836 secs] [Times: user=0.01 sys=0.00, real=0.00 secs] 
2020-10-28T12:50:07.316+0000: [GC (Allocation Failure) 2020-10-28T12:50:07.316+0000: [ParNew: 34438K->6K(38720K), 0.0056485 secs] 1049382K->1014950K(1499856K), 0.0057111 secs] [Times: user=0.01 sys=0.00, real=0.01 secs] 
2020-10-28T12:50:07.363+0000: [GC (Allocation Failure) 2020-10-28T12:50:07.363+0000: [ParNew: 34438K->6K(38720K), 0.0058549 secs] 1049382K->1014950K(1499856K), 0.0059108 secs] [Times: user=0.02 sys=0.00, real=0.01 secs] 
2020-10-28T12:50:07.410+0000: [GC (Allocation Failure) 2020-10-28T12:50:07.410+0000: [ParNew: 34438K->6K(38720K), 0.0055046 secs] 1049382K->1014950K(1499856K), 0.0055662 secs] [Times: user=0.01 sys=0.00, real=0.00 secs] 
2020-10-28T12:50:07.455+0000: [GC (Allocation Failure) 2020-10-28T12:50:07.455+0000: [ParNew: 34438K->6K(38720K), 0.0055131 secs] 1049382K->1014950K(1499856K), 0.0055829 secs] [Times: user=0.01 sys=0.00, real=0.01 secs] 
2020-10-28T12:50:07.501+0000: [GC (Allocation Failure) 2020-10-28T12:50:07.501+0000: [ParNew: 34438K->6K(38720K), 0.0055761 secs] 1049382K->1014950K(1499856K), 0.0056374 secs] [Times: user=0.01 sys=0.00, real=0.01 secs] 
2020-10-28T12:50:07.554+0000: [GC (Allocation Failure) 2020-10-28T12:50:07.554+0000: [ParNew: 34438K->6K(38720K), 0.0055278 secs] 1049382K->1014950K(1499856K), 0.0055906 secs] [Times: user=0.01 sys=0.00, real=0.01 secs] 
2020-10-28T12:50:07.600+0000: [GC (Allocation Failure) 2020-10-28T12:50:07.600+0000: [ParNew: 34438K->6K(38720K), 0.0056064 secs] 1049382K->1014950K(1499856K), 0.0056693 secs] [Times: user=0.01 sys=0.00, real=0.01 secs] 
2020-10-28T12:50:07.647+0000: [GC (Allocation Failure) 2020-10-28T12:50:07.647+0000: [ParNew: 34438K->6K(38720K), 0.0056259 secs] 1049382K->1014950K(1499856K), 0.0056821 secs] [Times: user=0.02 sys=0.00, real=0.00 secs] 
2020-10-28T12:50:07.698+0000: [GC (Allocation Failure) 2020-10-28T12:50:07.698+0000: [ParNew: 34438K->6K(38720K), 0.0055937 secs] 1049382K->1014950K(1499856K), 0.0056558 secs] [Times: user=0.01 sys=0.00, real=0.00 secs] 
2020-10-28T12:50:07.750+0000: [GC (Allocation Failure) 2020-10-28T12:50:07.750+0000: [ParNew: 34438K->6K(38720K), 0.0055426 secs] 1049382K->1014950K(1499856K), 0.0056029 secs] [Times: user=0.01 sys=0.00, real=0.00 secs] 
2020-10-28T12:50:07.802+0000: [GC (Allocation Failure) 2020-10-28T12:50:07.802+0000: [ParNew: 34438K->4K(38720K), 0.0056094 secs] 1049382K->1014948K(1499856K), 0.0056720 secs] [Times: user=0.01 sys=0.00, real=0.01 secs] 
2020-10-28T12:50:07.854+0000: [GC (Allocation Failure) 2020-10-28T12:50:07.854+0000: [ParNew: 34436K->6K(38720K), 0.0056362 secs] 1049380K->1014950K(1499856K), 0.0056983 secs] [Times: user=0.01 sys=0.00, real=0.01 secs] 
2020-10-28T12:50:07.903+0000: [GC (Allocation Failure) 2020-10-28T12:50:07.904+0000: [ParNew: 34438K->6K(38720K), 0.0055364 secs] 1049382K->1014950K(1499856K), 0.0055981 secs] [Times: user=0.02 sys=0.00, real=0.01 secs] 
2020-10-28T12:50:07.958+0000: [GC (Allocation Failure) 2020-10-28T12:50:07.958+0000: [ParNew: 34438K->6K(38720K), 0.0056073 secs] 1049382K->1014950K(1499856K), 0.0056638 secs] [Times: user=0.01 sys=0.00, real=0.00 secs] 
2020-10-28T12:50:08.003+0000: [GC (Allocation Failure) 2020-10-28T12:50:08.003+0000: [ParNew: 34438K->6K(38720K), 0.0055705 secs] 1049382K->1014950K(1499856K), 0.0056322 secs] [Times: user=0.01 sys=0.00, real=0.01 secs] 
2020-10-28T12:50:08.049+0000: [GC (Allocation Failure) 2020-10-28T12:50:08.050+0000: [ParNew: 34438K->6K(38720K), 0.0055189 secs] 1049382K->1014950K(1499856K), 0.0055928 secs] [Times: user=0.01 sys=0.00, real=0.00 secs] 
2020-10-28T12:50:08.095+0000: [GC (Allocation Failure) 2020-10-28T12:50:08.095+0000: [ParNew: 34438K->6K(38720K), 0.0055576 secs] 1049382K->1014950K(1499856K), 0.0056188 secs] [Times: user=0.01 sys=0.00, real=0.01 secs] 
2020-10-28T12:50:08.146+0000: [GC (Allocation Failure) 2020-10-28T12:50:08.146+0000: [ParNew: 34438K->6K(38720K), 0.0055317 secs] 1049382K->1014950K(1499856K), 0.0055943 secs] [Times: user=0.01 sys=0.00, real=0.00 secs] 
2020-10-28T12:50:08.200+0000: [GC (Allocation Failure) 2020-10-28T12:50:08.200+0000: [ParNew: 34438K->6K(38720K), 0.0062122 secs] 1049382K->1014950K(1499856K), 0.0062905 secs] [Times: user=0.01 sys=0.00, real=0.01 secs] 
2020-10-28T12:50:08.254+0000: [GC (Allocation Failure) 2020-10-28T12:50:08.254+0000: [ParNew: 34438K->6K(38720K), 0.0055337 secs] 1049382K->1014950K(1499856K), 0.0055972 secs] [Times: user=0.01 sys=0.00, real=0.01 secs] 
2020-10-28T12:50:08.302+0000: [GC (Allocation Failure) 2020-10-28T12:50:08.302+0000: [ParNew: 34438K->6K(38720K), 0.0055559 secs] 1049382K->1014950K(1499856K), 0.0056169 secs] [Times: user=0.01 sys=0.00, real=0.01 secs] 
2020-10-28T12:50:08.348+0000: [GC (Allocation Failure) 2020-10-28T12:50:08.348+0000: [ParNew: 34438K->6K(38720K), 0.0054985 secs] 1049382K->1014950K(1499856K), 0.0055731 secs] [Times: user=0.01 sys=0.00, real=0.00 secs] 
2020-10-28T12:50:08.394+0000: [GC (Allocation Failure) 2020-10-28T12:50:08.394+0000: [ParNew: 34438K->6K(38720K), 0.0055514 secs] 1049382K->1014950K(1499856K), 0.0056140 secs] [Times: user=0.01 sys=0.00, real=0.01 secs] 
2020-10-28T12:50:08.446+0000: [GC (Allocation Failure) 2020-10-28T12:50:08.446+0000: [ParNew: 34438K->4K(38720K), 0.0055331 secs] 1049382K->1014948K(1499856K), 0.0055982 secs] [Times: user=0.01 sys=0.00, real=0.00 secs] 
2020-10-28T12:50:08.495+0000: [GC (Allocation Failure) 2020-10-28T12:50:08.495+0000: [ParNew: 34436K->6K(38720K), 0.0055589 secs] 1049380K->1014950K(1499856K), 0.0056201 secs] [Times: user=0.01 sys=0.00, real=0.01 secs] 
2020-10-28T12:50:08.546+0000: [GC (Allocation Failure) 2020-10-28T12:50:08.546+0000: [ParNew: 34438K->6K(38720K), 0.0055318 secs] 1049382K->1014950K(1499856K), 0.0055945 secs] [Times: user=0.01 sys=0.00, real=0.00 secs] 
2020-10-28T12:50:08.592+0000: [GC (Allocation Failure) 2020-10-28T12:50:08.592+0000: [ParNew: 34438K->6K(38720K), 0.0055279 secs] 1049382K->1014950K(1499856K), 0.0056286 secs] [Times: user=0.01 sys=0.00, real=0.00 secs] 
2020-10-28T12:50:08.642+0000: [GC (Allocation Failure) 2020-10-28T12:50:08.642+0000: [ParNew: 34438K->6K(38720K), 0.0056099 secs] 1049382K->1014950K(1499856K), 0.0056742 secs] [Times: user=0.01 sys=0.00, real=0.01 secs] 
2020-10-28T12:50:08.691+0000: [GC (Allocation Failure) 2020-10-28T12:50:08.691+0000: [ParNew: 34438K->6K(38720K), 0.0055281 secs] 1049382K->1014950K(1499856K), 0.0055889 secs] [Times: user=0.02 sys=0.00, real=0.00 secs] 
2020-10-28T12:50:08.742+0000: [GC (Allocation Failure) 2020-10-28T12:50:08.742+0000: [ParNew: 34438K->6K(38720K), 0.0055462 secs] 1049382K->1014950K(1499856K), 0.0056074 secs] [Times: user=0.01 sys=0.00, real=0.01 secs] 
2020-10-28T12:50:08.791+0000: [GC (Allocation Failure) 2020-10-28T12:50:08.791+0000: [ParNew: 34438K->6K(38720K), 0.0055152 secs] 1049382K->1014950K(1499856K), 0.0055760 secs] [Times: user=0.01 sys=0.00, real=0.00 secs] 
2020-10-28T12:50:08.840+0000: [GC (Allocation Failure) 2020-10-28T12:50:08.840+0000: [ParNew: 34438K->6K(38720K), 0.0054948 secs] 1049382K->1014950K(1499856K), 0.0055558 secs] [Times: user=0.01 sys=0.00, real=0.01 secs] 
2020-10-28T12:50:08.889+0000: [GC (Allocation Failure) 2020-10-28T12:50:08.889+0000: [ParNew: 34438K->6K(38720K), 0.0055098 secs] 1049382K->1014950K(1499856K), 0.0055720 secs] [Times: user=0.02 sys=0.00, real=0.00 secs] 
2020-10-28T12:50:08.938+0000: [GC (Allocation Failure) 2020-10-28T12:50:08.938+0000: [ParNew: 34438K->6K(38720K), 0.0055476 secs] 1049382K->1014950K(1499856K), 0.0056094 secs] [Times: user=0.02 sys=0.00, real=0.00 secs] 
2020-10-28T12:50:08.984+0000: [GC (Allocation Failure) 2020-10-28T12:50:08.984+0000: [ParNew: 34438K->6K(38720K), 0.0056221 secs] 1049382K->1014950K(1499856K), 0.0056866 secs] [Times: user=0.01 sys=0.00, real=0.01 secs] 
2020-10-28T12:50:09.030+0000: [GC (Allocation Failure) 2020-10-28T12:50:09.030+0000: [ParNew: 34438K->6K(38720K), 0.0055604 secs] 1049382K->1014950K(1499856K), 0.0056234 secs] [Times: user=0.01 sys=0.00, real=0.00 secs] 
2020-10-28T12:50:09.080+0000: [GC (Allocation Failure) 2020-10-28T12:50:09.080+0000: [ParNew: 34438K->6K(38720K), 0.0055763 secs] 1049382K->1014950K(1499856K), 0.0056365 secs] [Times: user=0.01 sys=0.00, real=0.01 secs] 
2020-10-28T12:50:09.134+0000: [GC (Allocation Failure) 2020-10-28T12:50:09.134+0000: [ParNew: 34438K->6K(38720K), 0.0055611 secs] 1049382K->1014950K(1499856K), 0.0056246 secs] [Times: user=0.01 sys=0.00, real=0.01 secs] 
2020-10-28T12:50:09.184+0000: [GC (Allocation Failure) 2020-10-28T12:50:09.184+0000: [ParNew: 34438K->6K(38720K), 0.0055673 secs] 1049382K->1014950K(1499856K), 0.0056289 secs] [Times: user=0.01 sys=0.00, real=0.01 secs] 
2020-10-28T12:50:09.230+0000: [GC (Allocation Failure) 2020-10-28T12:50:09.230+0000: [ParNew: 34438K->6K(38720K), 0.0056319 secs] 1049382K->1014950K(1499856K), 0.0056959 secs] [Times: user=0.01 sys=0.00, real=0.00 secs] 
2020-10-28T12:50:09.278+0000: [GC (Allocation Failure) 2020-10-28T12:50:09.278+0000: [ParNew: 34438K->6K(38720K), 0.0055423 secs] 1049382K->1014950K(1499856K), 0.0056194 secs] [Times: user=0.01 sys=0.00, real=0.00 secs] 
2020-10-28T12:50:09.325+0000: [GC (Allocation Failure) 2020-10-28T12:50:09.325+0000: [ParNew: 34438K->6K(38720K), 0.0056965 secs] 1049382K->1014950K(1499856K), 0.0057576 secs] [Times: user=0.01 sys=0.00, real=0.01 secs] 
2020-10-28T12:50:09.372+0000: [GC (Allocation Failure) 2020-10-28T12:50:09.372+0000: [ParNew: 34438K->6K(38720K), 0.0055572 secs] 1049382K->1014950K(1499856K), 0.0056160 secs] [Times: user=0.01 sys=0.00, real=0.00 secs] 
2020-10-28T12:50:09.422+0000: [GC (Allocation Failure) 2020-10-28T12:50:09.422+0000: [ParNew: 34438K->6K(38720K), 0.0055450 secs] 1049382K->1014950K(1499856K), 0.0056072 secs] [Times: user=0.01 sys=0.00, real=0.01 secs] 
2020-10-28T12:50:09.467+0000: [GC (Allocation Failure) 2020-10-28T12:50:09.467+0000: [ParNew: 34438K->6K(38720K), 0.0055763 secs] 1049382K->1014950K(1499856K), 0.0056400 secs] [Times: user=0.01 sys=0.00, real=0.00 secs] 
2020-10-28T12:50:09.517+0000: [GC (Allocation Failure) 2020-10-28T12:50:09.517+0000: [ParNew: 34438K->6K(38720K), 0.0055530 secs] 1049382K->1014950K(1499856K), 0.0056166 secs] [Times: user=0.01 sys=0.00, real=0.01 secs] 
2020-10-28T12:50:09.566+0000: [GC (Allocation Failure) 2020-10-28T12:50:09.566+0000: [ParNew: 34438K->6K(38720K), 0.0055471 secs] 1049382K->1014950K(1499856K), 0.0056085 secs] [Times: user=0.01 sys=0.00, real=0.00 secs] 
2020-10-28T12:50:09.614+0000: [GC (Allocation Failure) 2020-10-28T12:50:09.614+0000: [ParNew: 34438K->6K(38720K), 0.0055191 secs] 1049382K->1014950K(1499856K), 0.0055800 secs] [Times: user=0.02 sys=0.00, real=0.01 secs] 
2020-10-28T12:50:09.662+0000: [GC (Allocation Failure) 2020-10-28T12:50:09.662+0000: [ParNew: 34438K->6K(38720K), 0.0055423 secs] 1049382K->1014950K(1499856K), 0.0056039 secs] [Times: user=0.01 sys=0.00, real=0.01 secs] 
2020-10-28T12:50:09.707+0000: [GC (Allocation Failure) 2020-10-28T12:50:09.707+0000: [ParNew: 34438K->6K(38720K), 0.0055624 secs] 1049382K->1014950K(1499856K), 0.0056249 secs] [Times: user=0.01 sys=0.00, real=0.00 secs] 
2020-10-28T12:50:09.754+0000: [GC (Allocation Failure) 2020-10-28T12:50:09.754+0000: [ParNew: 34438K->6K(38720K), 0.0055238 secs] 1049382K->1014950K(1499856K), 0.0055892 secs] [Times: user=0.01 sys=0.00, real=0.01 secs] 
2020-10-28T12:50:09.799+0000: [GC (Allocation Failure) 2020-10-28T12:50:09.799+0000: [ParNew: 34438K->6K(38720K), 0.0055505 secs] 1049382K->1014950K(1499856K), 0.0056127 secs] [Times: user=0.01 sys=0.00, real=0.00 secs] 
2020-10-28T12:50:09.853+0000: [GC (Allocation Failure) 2020-10-28T12:50:09.853+0000: [ParNew: 34438K->6K(38720K), 0.0098369 secs] 1049382K->1014950K(1499856K), 0.0099106 secs] [Times: user=0.01 sys=0.00, real=0.01 secs] 
2020-10-28T12:50:09.906+0000: [GC (Allocation Failure) 2020-10-28T12:50:09.906+0000: [ParNew: 34438K->6K(38720K), 0.0055211 secs] 1049382K->1014950K(1499856K), 0.0055850 secs] [Times: user=0.01 sys=0.00, real=0.00 secs] 
2020-10-28T12:50:09.951+0000: [GC (Allocation Failure) 2020-10-28T12:50:09.951+0000: [ParNew: 34438K->6K(38720K), 0.0055301 secs] 1049382K->1014950K(1499856K), 0.0055932 secs] [Times: user=0.01 sys=0.00, real=0.00 secs] 
2020-10-28T12:50:10.000+0000: [GC (Allocation Failure) 2020-10-28T12:50:10.000+0000: [ParNew: 34438K->6K(38720K), 0.0055703 secs] 1049382K->1014950K(1499856K), 0.0056348 secs] [Times: user=0.01 sys=0.00, real=0.01 secs] 
2020-10-28T12:50:10.047+0000: [GC (Allocation Failure) 2020-10-28T12:50:10.047+0000: [ParNew: 34438K->6K(38720K), 0.0055641 secs] 1049382K->1014950K(1499856K), 0.0056336 secs] [Times: user=0.01 sys=0.00, real=0.00 secs] 
2020-10-28T12:50:10.094+0000: [GC (Allocation Failure) 2020-10-28T12:50:10.094+0000: [ParNew: 34438K->6K(38720K), 0.0056214 secs] 1049382K->1014950K(1499856K), 0.0056840 secs] [Times: user=0.01 sys=0.00, real=0.01 secs] 
2020-10-28T12:50:10.143+0000: [GC (Allocation Failure) 2020-10-28T12:50:10.143+0000: [ParNew: 34438K->6K(38720K), 0.0065037 secs] 1049382K->1014950K(1499856K), 0.0065785 secs] [Times: user=0.01 sys=0.00, real=0.01 secs] 
2020-10-28T12:50:10.194+0000: [GC (Allocation Failure) 2020-10-28T12:50:10.194+0000: [ParNew: 34438K->6K(38720K), 0.0055478 secs] 1049382K->1014950K(1499856K), 0.0056110 secs] [Times: user=0.01 sys=0.00, real=0.01 secs] 
2020-10-28T12:50:10.239+0000: [GC (Allocation Failure) 2020-10-28T12:50:10.239+0000: [ParNew: 34438K->6K(38720K), 0.0055718 secs] 1049382K->1014950K(1499856K), 0.0056343 secs] [Times: user=0.01 sys=0.00, real=0.00 secs] 
2020-10-28T12:50:10.298+0000: [GC (Allocation Failure) 2020-10-28T12:50:10.298+0000: [ParNew: 34438K->6K(38720K), 0.0055595 secs] 1049382K->1014950K(1499856K), 0.0056230 secs] [Times: user=0.01 sys=0.00, real=0.00 secs] 
2020-10-28T12:50:10.346+0000: [GC (Allocation Failure) 2020-10-28T12:50:10.346+0000: [ParNew: 34438K->6K(38720K), 0.0055256 secs] 1049382K->1014950K(1499856K), 0.0055894 secs] [Times: user=0.01 sys=0.00, real=0.00 secs] 
2020-10-28T12:50:10.398+0000: [GC (Allocation Failure) 2020-10-28T12:50:10.398+0000: [ParNew: 34438K->6K(38720K), 0.0055109 secs] 1049382K->1014950K(1499856K), 0.0055733 secs] [Times: user=0.01 sys=0.00, real=0.00 secs] 
2020-10-28T12:50:10.450+0000: [GC (Allocation Failure) 2020-10-28T12:50:10.450+0000: [ParNew: 34438K->6K(38720K), 0.0055207 secs] 1049382K->1014950K(1499856K), 0.0055816 secs] [Times: user=0.02 sys=0.00, real=0.00 secs] 
2020-10-28T12:50:10.498+0000: [GC (Allocation Failure) 2020-10-28T12:50:10.498+0000: [ParNew: 34438K->6K(38720K), 0.0055500 secs] 1049382K->1014950K(1499856K), 0.0056104 secs] [Times: user=0.01 sys=0.00, real=0.00 secs] 
2020-10-28T12:50:10.546+0000: [GC (Allocation Failure) 2020-10-28T12:50:10.546+0000: [ParNew: 34438K->6K(38720K), 0.0055541 secs] 1049382K->1014950K(1499856K), 0.0056166 secs] [Times: user=0.01 sys=0.00, real=0.00 secs] 
2020-10-28T12:50:10.598+0000: [GC (Allocation Failure) 2020-10-28T12:50:10.598+0000: [ParNew: 34438K->6K(38720K), 0.0055261 secs] 1049382K->1014950K(1499856K), 0.0055872 secs] [Times: user=0.01 sys=0.00, real=0.00 secs] 
2020-10-28T12:50:10.645+0000: [GC (Allocation Failure) 2020-10-28T12:50:10.645+0000: [ParNew: 34438K->6K(38720K), 0.0055977 secs] 1049382K->1014950K(1499856K), 0.0056595 secs] [Times: user=0.01 sys=0.00, real=0.01 secs] 
2020-10-28T12:50:10.694+0000: [GC (Allocation Failure) 2020-10-28T12:50:10.694+0000: [ParNew: 34438K->6K(38720K), 0.0055640 secs] 1049382K->1014950K(1499856K), 0.0056282 secs] [Times: user=0.01 sys=0.00, real=0.01 secs] 
2020-10-28T12:50:10.750+0000: [GC (Allocation Failure) 2020-10-28T12:50:10.750+0000: [ParNew: 34438K->6K(38720K), 0.0055381 secs] 1049382K->1014950K(1499856K), 0.0056022 secs] [Times: user=0.01 sys=0.00, real=0.00 secs] 
2020-10-28T12:50:10.796+0000: [GC (Allocation Failure) 2020-10-28T12:50:10.796+0000: [ParNew: 34438K->6K(38720K), 0.0055803 secs] 1049382K->1014950K(1499856K), 0.0056427 secs] [Times: user=0.01 sys=0.00, real=0.01 secs] 
2020-10-28T12:50:10.847+0000: [GC (Allocation Failure) 2020-10-28T12:50:10.847+0000: [ParNew: 34438K->6K(38720K), 0.0055490 secs] 1049382K->1014950K(1499856K), 0.0056119 secs] [Times: user=0.01 sys=0.00, real=0.00 secs] 
2020-10-28T12:50:10.897+0000: [GC (Allocation Failure) 2020-10-28T12:50:10.897+0000: [ParNew: 34438K->6K(38720K), 0.0055332 secs] 1049382K->1014950K(1499856K), 0.0055943 secs] [Times: user=0.01 sys=0.00, real=0.01 secs] 
2020-10-28T12:50:10.948+0000: [GC (Allocation Failure) 2020-10-28T12:50:10.948+0000: [ParNew: 34438K->6K(38720K), 0.0055472 secs] 1049382K->1014950K(1499856K), 0.0056083 secs] [Times: user=0.01 sys=0.00, real=0.00 secs] 
2020-10-28T12:50:10.998+0000: [GC (Allocation Failure) 2020-10-28T12:50:10.998+0000: [ParNew: 34438K->6K(38720K), 0.0055546 secs] 1049382K->1014950K(1499856K), 0.0056182 secs] [Times: user=0.01 sys=0.00, real=0.00 secs] 
2020-10-28T12:50:11.049+0000: [GC (Allocation Failure) 2020-10-28T12:50:11.049+0000: [ParNew: 34438K->4K(38720K), 0.0055647 secs] 1049382K->1014948K(1499856K), 0.0056274 secs] [Times: user=0.01 sys=0.00, real=0.00 secs] 
2020-10-28T12:50:11.098+0000: [GC (Allocation Failure) 2020-10-28T12:50:11.098+0000: [ParNew: 34436K->6K(38720K), 0.0055597 secs] 1049380K->1014950K(1499856K), 0.0056322 secs] [Times: user=0.02 sys=0.00, real=0.00 secs] 
2020-10-28T12:50:11.147+0000: [GC (Allocation Failure) 2020-10-28T12:50:11.147+0000: [ParNew: 34438K->6K(38720K), 0.0055482 secs] 1049382K->1014950K(1499856K), 0.0056190 secs] [Times: user=0.01 sys=0.00, real=0.00 secs] 
2020-10-28T12:50:11.199+0000: [GC (Allocation Failure) 2020-10-28T12:50:11.199+0000: [ParNew: 34438K->4K(38720K), 0.0055744 secs] 1049382K->1014948K(1499856K), 0.0056393 secs] [Times: user=0.01 sys=0.00, real=0.00 secs] 
2020-10-28T12:50:11.250+0000: [GC (Allocation Failure) 2020-10-28T12:50:11.250+0000: [ParNew: 34436K->6K(38720K), 0.0055369 secs] 1049380K->1014950K(1499856K), 0.0056003 secs] [Times: user=0.01 sys=0.00, real=0.00 secs] 
2020-10-28T12:50:11.300+0000: [GC (Allocation Failure) 2020-10-28T12:50:11.300+0000: [ParNew: 34438K->6K(38720K), 0.0055428 secs] 1049382K->1014950K(1499856K), 0.0056052 secs] [Times: user=0.01 sys=0.00, real=0.00 secs] 
2020-10-28T12:50:11.350+0000: [GC (Allocation Failure) 2020-10-28T12:50:11.350+0000: [ParNew: 34438K->6K(38720K), 0.0056574 secs] 1049382K->1014950K(1499856K), 0.0057204 secs] [Times: user=0.01 sys=0.00, real=0.00 secs] 
2020-10-28T12:50:11.402+0000: [GC (Allocation Failure) 2020-10-28T12:50:11.402+0000: [ParNew: 34438K->6K(38720K), 0.0055702 secs] 1049382K->1014950K(1499856K), 0.0056323 secs] [Times: user=0.01 sys=0.00, real=0.01 secs] 
2020-10-28T12:50:11.448+0000: [GC (Allocation Failure) 2020-10-28T12:50:11.448+0000: [ParNew: 34438K->6K(38720K), 0.0055537 secs] 1049382K->1014950K(1499856K), 0.0056177 secs] [Times: user=0.01 sys=0.00, real=0.00 secs] 
2020-10-28T12:50:11.498+0000: [GC (Allocation Failure) 2020-10-28T12:50:11.498+0000: [ParNew: 34438K->6K(38720K), 0.0055410 secs] 1049382K->1014950K(1499856K), 0.0056027 secs] [Times: user=0.01 sys=0.00, real=0.00 secs] 
2020-10-28T12:50:11.543+0000: [GC (Allocation Failure) 2020-10-28T12:50:11.543+0000: [ParNew: 34438K->6K(38720K), 0.0055177 secs] 1049382K->1014950K(1499856K), 0.0055792 secs] [Times: user=0.01 sys=0.00, real=0.01 secs] 
2020-10-28T12:50:11.592+0000: [GC (Allocation Failure) 2020-10-28T12:50:11.592+0000: [ParNew: 34438K->6K(38720K), 0.0055734 secs] 1049382K->1014950K(1499856K), 0.0056364 secs] [Times: user=0.01 sys=0.00, real=0.01 secs] 
2020-10-28T12:50:11.642+0000: [GC (Allocation Failure) 2020-10-28T12:50:11.642+0000: [ParNew: 34438K->6K(38720K), 0.0055139 secs] 1049382K->1014950K(1499856K), 0.0055768 secs] [Times: user=0.01 sys=0.00, real=0.01 secs] 
2020-10-28T12:50:11.687+0000: [GC (Allocation Failure) 2020-10-28T12:50:11.687+0000: [ParNew: 34438K->6K(38720K), 0.0055948 secs] 1049382K->1014950K(1499856K), 0.0056559 secs] [Times: user=0.01 sys=0.00, real=0.00 secs] 
2020-10-28T12:50:11.737+0000: [GC (Allocation Failure) 2020-10-28T12:50:11.737+0000: [ParNew: 34438K->6K(38720K), 0.0055136 secs] 1049382K->1014950K(1499856K), 0.0055771 secs] [Times: user=0.01 sys=0.00, real=0.01 secs] 
2020-10-28T12:50:11.782+0000: [GC (Allocation Failure) 2020-10-28T12:50:11.782+0000: [ParNew: 34438K->6K(38720K), 0.0055542 secs] 1049382K->1014950K(1499856K), 0.0056158 secs] [Times: user=0.01 sys=0.00, real=0.01 secs] 
2020-10-28T12:50:11.828+0000: [GC (Allocation Failure) 2020-10-28T12:50:11.828+0000: [ParNew: 34438K->6K(38720K), 0.0055633 secs] 1049382K->1014950K(1499856K), 0.0056324 secs] [Times: user=0.01 sys=0.00, real=0.00 secs] 
2020-10-28T12:50:11.878+0000: [GC (Allocation Failure) 2020-10-28T12:50:11.878+0000: [ParNew: 34438K->6K(38720K), 0.0055596 secs] 1049382K->1014950K(1499856K), 0.0056217 secs] [Times: user=0.01 sys=0.00, real=0.00 secs] 
2020-10-28T12:50:11.926+0000: [GC (Allocation Failure) 2020-10-28T12:50:11.926+0000: [ParNew: 34438K->6K(38720K), 0.0055429 secs] 1049382K->1014950K(1499856K), 0.0056071 secs] [Times: user=0.01 sys=0.00, real=0.00 secs] 
2020-10-28T12:50:11.971+0000: [GC (Allocation Failure) 2020-10-28T12:50:11.971+0000: [ParNew: 34438K->6K(38720K), 0.0055300 secs] 1049382K->1014950K(1499856K), 0.0055921 secs] [Times: user=0.01 sys=0.00, real=0.00 secs] 
2020-10-28T12:50:12.020+0000: [GC (Allocation Failure) 2020-10-28T12:50:12.020+0000: [ParNew: 34438K->6K(38720K), 0.0055182 secs] 1049382K->1014950K(1499856K), 0.0055941 secs] [Times: user=0.02 sys=0.00, real=0.01 secs] 
2020-10-28T12:50:12.066+0000: [GC (Allocation Failure) 2020-10-28T12:50:12.066+0000: [ParNew: 34438K->6K(38720K), 0.0055795 secs] 1049382K->1014950K(1499856K), 0.0056424 secs] [Times: user=0.01 sys=0.00, real=0.00 secs] 
2020-10-28T12:50:12.119+0000: [GC (Allocation Failure) 2020-10-28T12:50:12.119+0000: [ParNew: 34438K->6K(38720K), 0.0055142 secs] 1049382K->1014950K(1499856K), 0.0055752 secs] [Times: user=0.01 sys=0.00, real=0.00 secs] 
2020-10-28T12:50:12.166+0000: [GC (Allocation Failure) 2020-10-28T12:50:12.166+0000: [ParNew: 34438K->6K(38720K), 0.0056013 secs] 1049382K->1014950K(1499856K), 0.0056622 secs] [Times: user=0.01 sys=0.00, real=0.00 secs] 
2020-10-28T12:50:12.215+0000: [GC (Allocation Failure) 2020-10-28T12:50:12.215+0000: [ParNew: 34438K->6K(38720K), 0.0055160 secs] 1049382K->1014950K(1499856K), 0.0055776 secs] [Times: user=0.01 sys=0.00, real=0.01 secs] 
2020-10-28T12:50:12.261+0000: [GC (Allocation Failure) 2020-10-28T12:50:12.261+0000: [ParNew: 34438K->6K(38720K), 0.0055571 secs] 1049382K->1014950K(1499856K), 0.0056176 secs] [Times: user=0.02 sys=0.00, real=0.01 secs] 
2020-10-28T12:50:12.306+0000: [GC (Allocation Failure) 2020-10-28T12:50:12.306+0000: [ParNew: 34438K->4K(38720K), 0.0055840 secs] 1049382K->1014948K(1499856K), 0.0056469 secs] [Times: user=0.02 sys=0.00, real=0.00 secs] 
2020-10-28T12:50:12.357+0000: [GC (Allocation Failure) 2020-10-28T12:50:12.357+0000: [ParNew: 34428K->4K(38720K), 0.0059288 secs] 1049373K->1014948K(1499856K), 0.0059908 secs] [Times: user=0.01 sys=0.00, real=0.01 secs] 
2020-10-28T12:50:12.406+0000: [GC (Allocation Failure) 2020-10-28T12:50:12.406+0000: [ParNew: 34436K->6K(38720K), 0.0055640 secs] 1049380K->1014950K(1499856K), 0.0056260 secs] [Times: user=0.01 sys=0.00, real=0.00 secs] 
2020-10-28T12:50:12.456+0000: [GC (Allocation Failure) 2020-10-28T12:50:12.456+0000: [ParNew: 34438K->6K(38720K), 0.0055475 secs] 1049382K->1014950K(1499856K), 0.0056104 secs] [Times: user=0.01 sys=0.00, real=0.01 secs] 
2020-10-28T12:50:12.505+0000: [GC (Allocation Failure) 2020-10-28T12:50:12.505+0000: [ParNew: 34438K->6K(38720K), 0.0055555 secs] 1049382K->1014950K(1499856K), 0.0056354 secs] [Times: user=0.01 sys=0.00, real=0.01 secs] 
2020-10-28T12:50:12.555+0000: [GC (Allocation Failure) 2020-10-28T12:50:12.555+0000: [ParNew: 34438K->6K(38720K), 0.0055751 secs] 1049382K->1014950K(1499856K), 0.0056400 secs] [Times: user=0.01 sys=0.00, real=0.01 secs] 
2020-10-28T12:50:12.606+0000: [GC (Allocation Failure) 2020-10-28T12:50:12.606+0000: [ParNew: 34438K->6K(38720K), 0.0055775 secs] 1049382K->1014950K(1499856K), 0.0056423 secs] [Times: user=0.01 sys=0.00, real=0.00 secs] 
2020-10-28T12:50:12.651+0000: [GC (Allocation Failure) 2020-10-28T12:50:12.651+0000: [ParNew: 34438K->6K(38720K), 0.0056160 secs] 1049382K->1014950K(1499856K), 0.0056783 secs] [Times: user=0.01 sys=0.00, real=0.00 secs] 
2020-10-28T12:50:12.701+0000: [GC (Allocation Failure) 2020-10-28T12:50:12.701+0000: [ParNew: 34438K->6K(38720K), 0.0055489 secs] 1049382K->1014950K(1499856K), 0.0056104 secs] [Times: user=0.01 sys=0.00, real=0.01 secs] 
2020-10-28T12:50:12.750+0000: [GC (Allocation Failure) 2020-10-28T12:50:12.750+0000: [ParNew: 34438K->6K(38720K), 0.0056991 secs] 1049382K->1014950K(1499856K), 0.0057597 secs] [Times: user=0.01 sys=0.00, real=0.00 secs] 
2020-10-28T12:50:12.801+0000: [GC (Allocation Failure) 2020-10-28T12:50:12.801+0000: [ParNew: 34438K->6K(38720K), 0.0055654 secs] 1049382K->1014950K(1499856K), 0.0056232 secs] [Times: user=0.01 sys=0.00, real=0.01 secs] 
2020-10-28T12:50:12.850+0000: [GC (Allocation Failure) 2020-10-28T12:50:12.850+0000: [ParNew: 34438K->6K(38720K), 0.0056219 secs] 1049382K->1014950K(1499856K), 0.0056875 secs] [Times: user=0.01 sys=0.00, real=0.00 secs] 
2020-10-28T12:50:12.902+0000: [GC (Allocation Failure) 2020-10-28T12:50:12.902+0000: [ParNew: 34438K->6K(38720K), 0.0055442 secs] 1049382K->1014950K(1499856K), 0.0056079 secs] [Times: user=0.01 sys=0.00, real=0.01 secs] 
2020-10-28T12:50:12.954+0000: [GC (Allocation Failure) 2020-10-28T12:50:12.954+0000: [ParNew: 34438K->6K(38720K), 0.0055844 secs] 1049382K->1014950K(1499856K), 0.0056497 secs] [Times: user=0.02 sys=0.00, real=0.01 secs] 
2020-10-28T12:50:12.999+0000: [GC (Allocation Failure) 2020-10-28T12:50:12.999+0000: [ParNew: 34438K->6K(38720K), 0.0055597 secs] 1049382K->1014950K(1499856K), 0.0056217 secs] [Times: user=0.01 sys=0.00, real=0.00 secs] 
2020-10-28T12:50:13.050+0000: [GC (Allocation Failure) 2020-10-28T12:50:13.050+0000: [ParNew: 34438K->6K(38720K), 0.0056079 secs] 1049382K->1014950K(1499856K), 0.0056731 secs] [Times: user=0.02 sys=0.00, real=0.00 secs] 
2020-10-28T12:50:13.098+0000: [GC (Allocation Failure) 2020-10-28T12:50:13.098+0000: [ParNew: 34438K->6K(38720K), 0.0055536 secs] 1049382K->1014950K(1499856K), 0.0056173 secs] [Times: user=0.02 sys=0.00, real=0.00 secs] 
2020-10-28T12:50:13.143+0000: [GC (Allocation Failure) 2020-10-28T12:50:13.143+0000: [ParNew: 34438K->6K(38720K), 0.0055644 secs] 1049382K->1014950K(1499856K), 0.0056274 secs] [Times: user=0.02 sys=0.00, real=0.01 secs] 
2020-10-28T12:50:13.194+0000: [GC (Allocation Failure) 2020-10-28T12:50:13.194+0000: [ParNew: 34438K->6K(38720K), 0.0055846 secs] 1049382K->1014950K(1499856K), 0.0056487 secs] [Times: user=0.01 sys=0.00, real=0.01 secs] 
2020-10-28T12:50:13.240+0000: [GC (Allocation Failure) 2020-10-28T12:50:13.241+0000: [ParNew: 34438K->6K(38720K), 0.0055552 secs] 1049382K->1014950K(1499856K), 0.0056180 secs] [Times: user=0.01 sys=0.00, real=0.01 secs] 
2020-10-28T12:50:13.290+0000: [GC (Allocation Failure) 2020-10-28T12:50:13.290+0000: [ParNew: 34438K->6K(38720K), 0.0055524 secs] 1049382K->1014950K(1499856K), 0.0056162 secs] [Times: user=0.01 sys=0.00, real=0.00 secs] 
2020-10-28T12:50:13.339+0000: [GC (Allocation Failure) 2020-10-28T12:50:13.339+0000: [ParNew: 34438K->6K(38720K), 0.0055377 secs] 1049382K->1014950K(1499856K), 0.0055998 secs] [Times: user=0.01 sys=0.00, real=0.00 secs] 
2020-10-28T12:50:13.386+0000: [GC (Allocation Failure) 2020-10-28T12:50:13.386+0000: [ParNew: 34438K->6K(38720K), 0.0056617 secs] 1049382K->1014950K(1499856K), 0.0057245 secs] [Times: user=0.01 sys=0.00, real=0.00 secs] 
2020-10-28T12:50:13.432+0000: [GC (Allocation Failure) 2020-10-28T12:50:13.432+0000: [ParNew: 34438K->6K(38720K), 0.0055442 secs] 1049382K->1014950K(1499856K), 0.0056052 secs] [Times: user=0.01 sys=0.00, real=0.01 secs] 
2020-10-28T12:50:13.482+0000: [GC (Allocation Failure) 2020-10-28T12:50:13.482+0000: [ParNew: 34438K->6K(38720K), 0.0057073 secs] 1049382K->1014950K(1499856K), 0.0057714 secs] [Times: user=0.01 sys=0.00, real=0.01 secs] 
2020-10-28T12:50:13.532+0000: [GC (Allocation Failure) 2020-10-28T12:50:13.532+0000: [ParNew: 34438K->6K(38720K), 0.0055637 secs] 1049382K->1014950K(1499856K), 0.0056262 secs] [Times: user=0.01 sys=0.00, real=0.00 secs] 
2020-10-28T12:50:13.577+0000: [GC (Allocation Failure) 2020-10-28T12:50:13.577+0000: [ParNew: 34438K->6K(38720K), 0.0055412 secs] 1049382K->1014950K(1499856K), 0.0056019 secs] [Times: user=0.01 sys=0.00, real=0.01 secs] 
2020-10-28T12:50:13.623+0000: [GC (Allocation Failure) 2020-10-28T12:50:13.623+0000: [ParNew: 34438K->6K(38720K), 0.0055457 secs] 1049382K->1014950K(1499856K), 0.0056093 secs] [Times: user=0.02 sys=0.00, real=0.01 secs] 
2020-10-28T12:50:13.675+0000: [GC (Allocation Failure) 2020-10-28T12:50:13.675+0000: [ParNew: 34438K->6K(38720K), 0.0055673 secs] 1049382K->1014950K(1499856K), 0.0056312 secs] [Times: user=0.01 sys=0.00, real=0.01 secs] 
2020-10-28T12:50:13.720+0000: [GC (Allocation Failure) 2020-10-28T12:50:13.720+0000: [ParNew: 34438K->4K(38720K), 0.0056235 secs] 1049382K->1014948K(1499856K), 0.0056872 secs] [Times: user=0.01 sys=0.00, real=0.01 secs] 
2020-10-28T12:50:13.769+0000: [GC (Allocation Failure) 2020-10-28T12:50:13.769+0000: [ParNew: 34436K->6K(38720K), 0.0055660 secs] 1049380K->1014950K(1499856K), 0.0056408 secs] [Times: user=0.01 sys=0.00, real=0.00 secs] 
2020-10-28T12:50:13.821+0000: [GC (Allocation Failure) 2020-10-28T12:50:13.821+0000: [ParNew: 34438K->6K(38720K), 0.0056125 secs] 1049382K->1014950K(1499856K), 0.0056736 secs] [Times: user=0.01 sys=0.00, real=0.01 secs] 
2020-10-28T12:50:13.870+0000: [GC (Allocation Failure) 2020-10-28T12:50:13.870+0000: [ParNew: 34438K->6K(38720K), 0.0055250 secs] 1049382K->1014950K(1499856K), 0.0055872 secs] [Times: user=0.01 sys=0.00, real=0.00 secs] 
2020-10-28T12:50:13.918+0000: [GC (Allocation Failure) 2020-10-28T12:50:13.918+0000: [ParNew: 34438K->6K(38720K), 0.0055741 secs] 1049382K->1014950K(1499856K), 0.0056356 secs] [Times: user=0.01 sys=0.00, real=0.00 secs] 
2020-10-28T12:50:13.966+0000: [GC (Allocation Failure) 2020-10-28T12:50:13.966+0000: [ParNew: 34438K->6K(38720K), 0.0055240 secs] 1049382K->1014951K(1499856K), 0.0055869 secs] [Times: user=0.01 sys=0.00, real=0.00 secs] 
2020-10-28T12:50:14.017+0000: [GC (Allocation Failure) 2020-10-28T12:50:14.017+0000: [ParNew: 34438K->6K(38720K), 0.0055931 secs] 1049383K->1014950K(1499856K), 0.0056574 secs] [Times: user=0.01 sys=0.00, real=0.01 secs] 
2020-10-28T12:50:14.063+0000: [GC (Allocation Failure) 2020-10-28T12:50:14.063+0000: [ParNew: 34438K->6K(38720K), 0.0055990 secs] 1049382K->1014950K(1499856K), 0.0056638 secs] [Times: user=0.01 sys=0.00, real=0.01 secs] 
2020-10-28T12:50:14.109+0000: [GC (Allocation Failure) 2020-10-28T12:50:14.109+0000: [ParNew: 34438K->6K(38720K), 0.0055611 secs] 1049382K->1014950K(1499856K), 0.0056240 secs] [Times: user=0.02 sys=0.00, real=0.00 secs] 
2020-10-28T12:50:14.160+0000: [GC (Allocation Failure) 2020-10-28T12:50:14.160+0000: [ParNew: 34438K->6K(38720K), 0.0055636 secs] 1049382K->1014950K(1499856K), 0.0056395 secs] [Times: user=0.01 sys=0.00, real=0.01 secs] 
2020-10-28T12:50:14.207+0000: [GC (Allocation Failure) 2020-10-28T12:50:14.207+0000: [ParNew: 34438K->6K(38720K), 0.0056524 secs] 1049382K->1014951K(1499856K), 0.0057160 secs] [Times: user=0.01 sys=0.00, real=0.00 secs] 
2020-10-28T12:50:14.253+0000: [GC (Allocation Failure) 2020-10-28T12:50:14.253+0000: [ParNew: 34438K->6K(38720K), 0.0055964 secs] 1049383K->1014951K(1499856K), 0.0056593 secs] [Times: user=0.01 sys=0.00, real=0.01 secs] 
2020-10-28T12:50:14.302+0000: [GC (Allocation Failure) 2020-10-28T12:50:14.302+0000: [ParNew: 34438K->6K(38720K), 0.0055419 secs] 1049383K->1014951K(1499856K), 0.0056029 secs] [Times: user=0.01 sys=0.00, real=0.01 secs] 
2020-10-28T12:50:14.355+0000: [GC (Allocation Failure) 2020-10-28T12:50:14.355+0000: [ParNew: 34438K->6K(38720K), 0.0057955 secs] 1049383K->1014951K(1499856K), 0.0058582 secs] [Times: user=0.01 sys=0.00, real=0.01 secs] 
2020-10-28T12:50:14.418+0000: [GC (Allocation Failure) 2020-10-28T12:50:14.418+0000: [ParNew: 34438K->6K(38720K), 0.0078850 secs] 1049383K->1014951K(1499856K), 0.0079452 secs] [Times: user=0.01 sys=0.00, real=0.01 secs] 
2020-10-28T12:50:14.482+0000: [GC (Allocation Failure) 2020-10-28T12:50:14.482+0000: [ParNew: 34438K->6K(38720K), 0.0056004 secs] 1049383K->1014951K(1499856K), 0.0056631 secs] [Times: user=0.02 sys=0.00, real=0.01 secs] 
2020-10-28T12:50:14.533+0000: [GC (Allocation Failure) 2020-10-28T12:50:14.534+0000: [ParNew: 34438K->6K(38720K), 0.0055731 secs] 1049383K->1014951K(1499856K), 0.0056510 secs] [Times: user=0.01 sys=0.00, real=0.01 secs] 
2020-10-28T12:50:14.596+0000: [GC (Allocation Failure) 2020-10-28T12:50:14.596+0000: [ParNew: 34438K->6K(38720K), 0.0056689 secs] 1049383K->1014951K(1499856K), 0.0057330 secs] [Times: user=0.01 sys=0.00, real=0.01 secs] 
2020-10-28T12:50:14.658+0000: [GC (Allocation Failure) 2020-10-28T12:50:14.658+0000: [ParNew: 34438K->6K(38720K), 0.0055289 secs] 1049383K->1014951K(1499856K), 0.0055987 secs] [Times: user=0.01 sys=0.00, real=0.00 secs] 
2020-10-28T12:50:14.720+0000: [GC (Allocation Failure) 2020-10-28T12:50:14.720+0000: [ParNew: 34438K->4K(38720K), 0.0055953 secs] 1049383K->1014950K(1499856K), 0.0056585 secs] [Times: user=0.01 sys=0.00, real=0.01 secs] 
2020-10-28T12:50:14.784+0000: [GC (Allocation Failure) 2020-10-28T12:50:14.784+0000: [ParNew: 34436K->6K(38720K), 0.0055218 secs] 1049382K->1014952K(1499856K), 0.0055833 secs] [Times: user=0.01 sys=0.00, real=0.01 secs] 
2020-10-28T12:50:14.838+0000: [GC (Allocation Failure) 2020-10-28T12:50:14.838+0000: [ParNew: 34438K->4K(38720K), 0.0056299 secs] 1049384K->1014950K(1499856K), 0.0056927 secs] [Times: user=0.01 sys=0.00, real=0.00 secs] 
2020-10-28T12:50:14.892+0000: [GC (Allocation Failure) 2020-10-28T12:50:14.892+0000: [ParNew: 34436K->6K(38720K), 0.0056175 secs] 1049382K->1014952K(1499856K), 0.0056804 secs] [Times: user=0.01 sys=0.00, real=0.01 secs] 
2020-10-28T12:50:14.952+0000: [GC (Allocation Failure) 2020-10-28T12:50:14.952+0000: [ParNew: 34438K->6K(38720K), 0.0055245 secs] 1049384K->1014952K(1499856K), 0.0055865 secs] [Times: user=0.01 sys=0.00, real=0.01 secs] 
2020-10-28T12:50:15.012+0000: [GC (Allocation Failure) 2020-10-28T12:50:15.012+0000: [ParNew: 34438K->6K(38720K), 0.0055561 secs] 1049384K->1014952K(1499856K), 0.0056349 secs] [Times: user=0.01 sys=0.00, real=0.01 secs] 
2020-10-28T12:50:15.071+0000: [GC (Allocation Failure) 2020-10-28T12:50:15.071+0000: [ParNew: 34438K->4K(38720K), 0.0056025 secs] 1049384K->1014950K(1499856K), 0.0056642 secs] [Times: user=0.01 sys=0.00, real=0.00 secs] 
2020-10-28T12:50:15.141+0000: [GC (Allocation Failure) 2020-10-28T12:50:15.141+0000: [ParNew: 34436K->6K(38720K), 0.0056160 secs] 1049382K->1014952K(1499856K), 0.0057012 secs] [Times: user=0.01 sys=0.00, real=0.01 secs] 
2020-10-28T12:50:15.218+0000: [GC (Allocation Failure) 2020-10-28T12:50:15.218+0000: [ParNew: 34438K->4K(38720K), 0.0156427 secs] 1049384K->1014950K(1499856K), 0.0157298 secs] [Times: user=0.01 sys=0.00, real=0.01 secs] 
2020-10-28T12:50:15.342+0000: [GC (Allocation Failure) 2020-10-28T12:50:15.342+0000: [ParNew: 34436K->4K(38720K), 0.0156431 secs] 1049382K->1014950K(1499856K), 0.0157311 secs] [Times: user=0.02 sys=0.00, real=0.01 secs] 
2020-10-28T12:50:15.427+0000: [GC (Allocation Failure) 2020-10-28T12:50:15.427+0000: [ParNew: 34436K->6K(38720K), 0.0119271 secs] 1049382K->1014952K(1499856K), 0.0120124 secs] [Times: user=0.01 sys=0.00, real=0.01 secs] 
2020-10-28T12:50:15.511+0000: [GC (Allocation Failure) 2020-10-28T12:50:15.511+0000: [ParNew: 34438K->6K(38720K), 0.0121589 secs] 1049384K->1014952K(1499856K), 0.0122486 secs] [Times: user=0.01 sys=0.00, real=0.01 secs] 
2020-10-28T12:50:15.594+0000: [GC (Allocation Failure) 2020-10-28T12:50:15.594+0000: [ParNew: 34438K->4K(38720K), 0.0155590 secs] 1049384K->1014950K(1499856K), 0.0156436 secs] [Times: user=0.01 sys=0.00, real=0.02 secs] 
2020-10-28T12:50:15.678+0000: [GC (Allocation Failure) 2020-10-28T12:50:15.678+0000: [ParNew: 34436K->6K(38720K), 0.0123360 secs] 1049382K->1014952K(1499856K), 0.0124198 secs] [Times: user=0.02 sys=0.00, real=0.01 secs] 
2020-10-28T12:50:15.774+0000: [GC (Allocation Failure) 2020-10-28T12:50:15.774+0000: [ParNew: 34438K->4K(38720K), 0.0169722 secs] 1049384K->1014950K(1499856K), 0.0170705 secs] [Times: user=0.02 sys=0.00, real=0.02 secs] 
2020-10-28T12:50:15.876+0000: [GC (Allocation Failure) 2020-10-28T12:50:15.876+0000: [ParNew: 34436K->6K(38720K), 0.0123084 secs] 1049382K->1014952K(1499856K), 0.0123956 secs] [Times: user=0.02 sys=0.00, real=0.02 secs] 
2020-10-28T12:50:15.988+0000: [GC (Allocation Failure) 2020-10-28T12:50:15.988+0000: [ParNew: 34438K->6K(38720K), 0.0117672 secs] 1049384K->1014952K(1499856K), 0.0118517 secs] [Times: user=0.01 sys=0.00, real=0.01 secs] 
2020-10-28T12:50:16.118+0000: [GC (Allocation Failure) 2020-10-28T12:50:16.118+0000: [ParNew: 34438K->6K(38720K), 0.0055137 secs] 1049384K->1014952K(1499856K), 0.0055781 secs] [Times: user=0.01 sys=0.00, real=0.00 secs] 
2020-10-28T12:50:16.214+0000: [GC (Allocation Failure) 2020-10-28T12:50:16.214+0000: [ParNew: 34438K->6K(38720K), 0.0055162 secs] 1049384K->1014952K(1499856K), 0.0056022 secs] [Times: user=0.01 sys=0.00, real=0.01 secs] 
2020-10-28T12:50:16.384+0000: [GC (Allocation Failure) 2020-10-28T12:50:16.384+0000: [ParNew: 34438K->6K(38720K), 0.0055701 secs] 1049384K->1014952K(1499856K), 0.0056368 secs] [Times: user=0.01 sys=0.00, real=0.01 secs] 
2020-10-28T12:50:16.543+0000: [GC (Allocation Failure) 2020-10-28T12:50:16.543+0000: [ParNew: 34438K->6K(38720K), 0.0055201 secs] 1049384K->1014952K(1499856K), 0.0055819 secs] [Times: user=0.01 sys=0.00, real=0.01 secs] 
2020-10-28T12:50:16.658+0000: [GC (Allocation Failure) 2020-10-28T12:50:16.658+0000: [ParNew: 34438K->6K(38720K), 0.0055586 secs] 1049384K->1014952K(1499856K), 0.0056214 secs] [Times: user=0.01 sys=0.00, real=0.00 secs] 
2020-10-28T12:50:17.221+0000: [GC (Allocation Failure) 2020-10-28T12:50:17.221+0000: [ParNew: 34438K->165K(38720K), 0.0057290 secs] 1049384K->1015113K(1499856K), 0.0057865 secs] [Times: user=0.01 sys=0.00, real=0.01 secs] 
2020-10-28T12:50:18.460+0000: [GC (Allocation Failure) 2020-10-28T12:50:18.460+0000: [ParNew: 34597K->395K(38720K), 0.0063246 secs] 1049545K->1015343K(1499856K), 0.0063801 secs] [Times: user=0.01 sys=0.00, real=0.01 secs] 
2020-10-28T12:50:19.336+0000: [GC (Allocation Failure) 2020-10-28T12:50:19.336+0000: [ParNew: 34821K->3205K(38720K), 0.0113026 secs] 1049770K->1018154K(1499856K), 0.0113897 secs] [Times: user=0.02 sys=0.00, real=0.02 secs] 
2020-10-28T12:50:19.522+0000: [GC (Allocation Failure) 2020-10-28T12:50:19.522+0000: [ParNew: 37637K->1965K(38720K), 0.0410959 secs] 1052586K->1019321K(1499856K), 0.0411962 secs] [Times: user=0.08 sys=0.00, real=0.04 secs] 
2020-10-28T12:50:19.646+0000: [GC (Allocation Failure) 2020-10-28T12:50:19.646+0000: [ParNew: 36397K->1827K(38720K), 0.0136813 secs] 1053753K->1019184K(1499856K), 0.0137715 secs] [Times: user=0.03 sys=0.00, real=0.01 secs] 
2020-10-28T12:50:19.734+0000: [GC (Allocation Failure) 2020-10-28T12:50:19.734+0000: [ParNew: 36259K->2481K(38720K), 0.0140410 secs] 1053616K->1019838K(1499856K), 0.0141331 secs] [Times: user=0.03 sys=0.00, real=0.02 secs] 
2020-10-28T12:50:19.826+0000: [GC (Allocation Failure) 2020-10-28T12:50:19.826+0000: [ParNew: 36913K->2082K(38720K), 0.0145425 secs] 1054270K->1020348K(1499856K), 0.0146340 secs] [Times: user=0.03 sys=0.00, real=0.01 secs] 
2020-10-28T12:50:19.922+0000: [GC (Allocation Failure) 2020-10-28T12:50:19.922+0000: [ParNew: 36514K->2506K(38720K), 0.0133593 secs] 1054780K->1020771K(1499856K), 0.0134539 secs] [Times: user=0.03 sys=0.00, real=0.01 secs] 
2020-10-28T12:50:20.024+0000: [GC (Allocation Failure) 2020-10-28T12:50:20.024+0000: [ParNew: 36938K->1651K(38720K), 0.0122750 secs] 1055203K->1019916K(1499856K), 0.0123728 secs] [Times: user=0.03 sys=0.00, real=0.01 secs] 
2020-10-28T12:50:20.103+0000: [GC (Allocation Failure) 2020-10-28T12:50:20.104+0000: [ParNew: 36083K->1565K(38720K), 0.0120453 secs] 1054348K->1019831K(1499856K), 0.0121335 secs] [Times: user=0.02 sys=0.00, real=0.01 secs] 
2020-10-28T12:50:20.181+0000: [GC (Allocation Failure) 2020-10-28T12:50:20.181+0000: [ParNew: 35997K->1032K(38720K), 0.0057362 secs] 1054263K->1019297K(1499856K), 0.0058008 secs] [Times: user=0.01 sys=0.00, real=0.01 secs] 
2020-10-28T12:50:20.251+0000: [GC (Allocation Failure) 2020-10-28T12:50:20.251+0000: [ParNew: 35464K->6K(38720K), 0.0054798 secs] 1053729K->1018271K(1499856K), 0.0055661 secs] [Times: user=0.02 sys=0.00, real=0.00 secs] 
2020-10-28T12:50:20.319+0000: [GC (Allocation Failure) 2020-10-28T12:50:20.319+0000: [ParNew: 34438K->6K(38720K), 0.0054961 secs] 1052703K->1018271K(1499856K), 0.0055613 secs] [Times: user=0.01 sys=0.00, real=0.00 secs] 
2020-10-28T12:50:20.390+0000: [GC (Allocation Failure) 2020-10-28T12:50:20.390+0000: [ParNew: 34438K->6K(38720K), 0.0055638 secs] 1052703K->1018271K(1499856K), 0.0056285 secs] [Times: user=0.01 sys=0.00, real=0.00 secs] 
2020-10-28T12:50:20.460+0000: [GC (Allocation Failure) 2020-10-28T12:50:20.460+0000: [ParNew: 34438K->6K(38720K), 0.0054843 secs] 1052703K->1018272K(1499856K), 0.0055485 secs] [Times: user=0.01 sys=0.00, real=0.01 secs] 
2020-10-28T12:50:20.528+0000: [GC (Allocation Failure) 2020-10-28T12:50:20.528+0000: [ParNew: 34438K->6K(38720K), 0.0094434 secs] 1052704K->1018272K(1499856K), 0.0095263 secs] [Times: user=0.01 sys=0.00, real=0.00 secs] 
2020-10-28T12:50:20.591+0000: [GC (Allocation Failure) 2020-10-28T12:50:20.591+0000: [ParNew: 34438K->6K(38720K), 0.0054875 secs] 1052704K->1018271K(1499856K), 0.0055531 secs] [Times: user=0.01 sys=0.00, real=0.00 secs] 
2020-10-28T12:50:20.655+0000: [GC (Allocation Failure) 2020-10-28T12:50:20.655+0000: [ParNew: 34438K->6K(38720K), 0.0055362 secs] 1052703K->1018272K(1499856K), 0.0056012 secs] [Times: user=0.01 sys=0.00, real=0.01 secs] 
2020-10-28T12:50:20.734+0000: [GC (Allocation Failure) 2020-10-28T12:50:20.734+0000: [ParNew: 34438K->6K(38720K), 0.0077189 secs] 1052704K->1018272K(1499856K), 0.0077844 secs] [Times: user=0.01 sys=0.00, real=0.01 secs] 
2020-10-28T12:50:20.823+0000: [GC (Allocation Failure) 2020-10-28T12:50:20.823+0000: [ParNew: 34438K->6K(38720K), 0.0056010 secs] 1052704K->1018272K(1499856K), 0.0056693 secs] [Times: user=0.01 sys=0.00, real=0.01 secs] 
2020-10-28T12:50:20.893+0000: [GC (Allocation Failure) 2020-10-28T12:50:20.893+0000: [ParNew: 34438K->6K(38720K), 0.0054789 secs] 1052704K->1018272K(1499856K), 0.0055438 secs] [Times: user=0.01 sys=0.00, real=0.01 secs] 
2020-10-28T12:50:20.962+0000: [GC (Allocation Failure) 2020-10-28T12:50:20.962+0000: [ParNew: 34438K->6K(38720K), 0.0127481 secs] 1052704K->1018272K(1499856K), 0.0128273 secs] [Times: user=0.02 sys=0.00, real=0.01 secs] 
2020-10-28T12:50:21.035+0000: [GC (Allocation Failure) 2020-10-28T12:50:21.035+0000: [ParNew: 34438K->6K(38720K), 0.0122417 secs] 1052704K->1018272K(1499856K), 0.0123356 secs] [Times: user=0.02 sys=0.00, real=0.02 secs] 
2020-10-28T12:50:21.101+0000: [GC (Allocation Failure) 2020-10-28T12:50:21.101+0000: [ParNew: 34438K->6K(38720K), 0.0115689 secs] 1052704K->1018272K(1499856K), 0.0116564 secs] [Times: user=0.02 sys=0.00, real=0.01 secs] 
2020-10-28T12:50:21.177+0000: [GC (Allocation Failure) 2020-10-28T12:50:21.177+0000: [ParNew: 34438K->6K(38720K), 0.0114228 secs] 1052704K->1018272K(1499856K), 0.0115099 secs] [Times: user=0.03 sys=0.00, real=0.02 secs] 
2020-10-28T12:50:21.256+0000: [GC (Allocation Failure) 2020-10-28T12:50:21.256+0000: [ParNew: 34438K->6K(38720K), 0.0116256 secs] 1052704K->1018272K(1499856K), 0.0117159 secs] [Times: user=0.02 sys=0.00, real=0.02 secs] 
2020-10-28T12:50:21.325+0000: [GC (Allocation Failure) 2020-10-28T12:50:21.325+0000: [ParNew: 34438K->6K(38720K), 0.0119633 secs] 1052704K->1018272K(1499856K), 0.0120525 secs] [Times: user=0.03 sys=0.00, real=0.01 secs] 
2020-10-28T12:50:21.410+0000: [GC (Allocation Failure) 2020-10-28T12:50:21.410+0000: [ParNew: 34438K->6K(38720K), 0.0160371 secs] 1052704K->1018272K(1499856K), 0.0161278 secs] [Times: user=0.03 sys=0.00, real=0.02 secs] 
2020-10-28T12:50:21.481+0000: [GC (Allocation Failure) 2020-10-28T12:50:21.481+0000: [ParNew: 34438K->6K(38720K), 0.0114587 secs] 1052704K->1018272K(1499856K), 0.0115467 secs] [Times: user=0.02 sys=0.00, real=0.01 secs] 
2020-10-28T12:50:21.558+0000: [GC (Allocation Failure) 2020-10-28T12:50:21.558+0000: [ParNew: 34438K->6K(38720K), 0.0055250 secs] 1052704K->1018272K(1499856K), 0.0055926 secs] [Times: user=0.01 sys=0.00, real=0.00 secs] 
2020-10-28T12:50:21.622+0000: [GC (Allocation Failure) 2020-10-28T12:50:21.622+0000: [ParNew: 34438K->6K(38720K), 0.0055424 secs] 1052704K->1018272K(1499856K), 0.0056081 secs] [Times: user=0.01 sys=0.00, real=0.01 secs] 
2020-10-28T12:50:21.678+0000: [GC (Allocation Failure) 2020-10-28T12:50:21.678+0000: [ParNew: 34438K->6K(38720K), 0.0054748 secs] 1052704K->1018272K(1499856K), 0.0055404 secs] [Times: user=0.01 sys=0.00, real=0.00 secs] 
2020-10-28T12:50:21.734+0000: [GC (Allocation Failure) 2020-10-28T12:50:21.734+0000: [ParNew: 34438K->6K(38720K), 0.0055245 secs] 1052704K->1018272K(1499856K), 0.0055905 secs] [Times: user=0.01 sys=0.00, real=0.01 secs] 
2020-10-28T12:50:21.780+0000: [GC (Allocation Failure) 2020-10-28T12:50:21.780+0000: [ParNew: 34438K->6K(38720K), 0.0055308 secs] 1052704K->1018272K(1499856K), 0.0055968 secs] [Times: user=0.01 sys=0.00, real=0.00 secs] 
2020-10-28T12:50:21.830+0000: [GC (Allocation Failure) 2020-10-28T12:50:21.830+0000: [ParNew: 34438K->6K(38720K), 0.0056003 secs] 1052704K->1018272K(1499856K), 0.0056697 secs] [Times: user=0.01 sys=0.01, real=0.00 secs] 
2020-10-28T12:50:21.877+0000: [GC (Allocation Failure) 2020-10-28T12:50:21.878+0000: [ParNew: 34438K->6K(38720K), 0.0055295 secs] 1052704K->1018272K(1499856K), 0.0055943 secs] [Times: user=0.01 sys=0.00, real=0.00 secs] 
2020-10-28T12:50:21.930+0000: [GC (Allocation Failure) 2020-10-28T12:50:21.930+0000: [ParNew: 34438K->6K(38720K), 0.0055289 secs] 1052704K->1018273K(1499856K), 0.0055948 secs] [Times: user=0.01 sys=0.00, real=0.00 secs] 
2020-10-28T12:50:21.980+0000: [GC (Allocation Failure) 2020-10-28T12:50:21.980+0000: [ParNew: 34438K->6K(38720K), 0.0055188 secs] 1052705K->1018273K(1499856K), 0.0055856 secs] [Times: user=0.02 sys=0.00, real=0.00 secs] 
2020-10-28T12:50:22.025+0000: [GC (Allocation Failure) 2020-10-28T12:50:22.025+0000: [ParNew: 34438K->6K(38720K), 0.0056851 secs] 1052705K->1018273K(1499856K), 0.0057551 secs] [Times: user=0.01 sys=0.00, real=0.01 secs] 
2020-10-28T12:50:22.075+0000: [GC (Allocation Failure) 2020-10-28T12:50:22.075+0000: [ParNew: 34438K->6K(38720K), 0.0055597 secs] 1052705K->1018272K(1499856K), 0.0056252 secs] [Times: user=0.01 sys=0.00, real=0.01 secs] 
2020-10-28T12:50:22.121+0000: [GC (Allocation Failure) 2020-10-28T12:50:22.121+0000: [ParNew: 34438K->6K(38720K), 0.0056052 secs] 1052704K->1018273K(1499856K), 0.0056782 secs] [Times: user=0.01 sys=0.00, real=0.01 secs] 
2020-10-28T12:50:22.167+0000: [GC (Allocation Failure) 2020-10-28T12:50:22.167+0000: [ParNew: 34438K->6K(38720K), 0.0055519 secs] 1052705K->1018273K(1499856K), 0.0056203 secs] [Times: user=0.01 sys=0.00, real=0.00 secs] 
2020-10-28T12:50:22.213+0000: [GC (Allocation Failure) 2020-10-28T12:50:22.213+0000: [ParNew: 34438K->6K(38720K), 0.0063840 secs] 1052705K->1018273K(1499856K), 0.0064507 secs] [Times: user=0.02 sys=0.00, real=0.01 secs] 
2020-10-28T12:50:22.265+0000: [GC (Allocation Failure) 2020-10-28T12:50:22.265+0000: [ParNew: 34438K->6K(38720K), 0.0054954 secs] 1052705K->1018273K(1499856K), 0.0055615 secs] [Times: user=0.01 sys=0.00, real=0.01 secs] 
2020-10-28T12:50:22.313+0000: [GC (Allocation Failure) 2020-10-28T12:50:22.313+0000: [ParNew: 34438K->6K(38720K), 0.0054720 secs] 1052705K->1018273K(1499856K), 0.0055364 secs] [Times: user=0.01 sys=0.00, real=0.01 secs] 
2020-10-28T12:50:22.362+0000: [GC (Allocation Failure) 2020-10-28T12:50:22.362+0000: [ParNew: 34438K->6K(38720K), 0.0058131 secs] 1052705K->1018273K(1499856K), 0.0058786 secs] [Times: user=0.01 sys=0.00, real=0.01 secs] 
2020-10-28T12:50:22.408+0000: [GC (Allocation Failure) 2020-10-28T12:50:22.408+0000: [ParNew: 34438K->6K(38720K), 0.0055124 secs] 1052705K->1018273K(1499856K), 0.0055783 secs] [Times: user=0.01 sys=0.01, real=0.00 secs] 
2020-10-28T12:50:22.454+0000: [GC (Allocation Failure) 2020-10-28T12:50:22.454+0000: [ParNew: 34438K->6K(38720K), 0.0054804 secs] 1052705K->1018273K(1499856K), 0.0055448 secs] [Times: user=0.01 sys=0.00, real=0.01 secs] 
2020-10-28T12:50:22.505+0000: [GC (Allocation Failure) 2020-10-28T12:50:22.505+0000: [ParNew: 34438K->6K(38720K), 0.0055296 secs] 1052705K->1018273K(1499856K), 0.0056083 secs] [Times: user=0.01 sys=0.00, real=0.01 secs] 
2020-10-28T12:50:22.558+0000: [GC (Allocation Failure) 2020-10-28T12:50:22.558+0000: [ParNew: 34438K->6K(38720K), 0.0054784 secs] 1052705K->1018273K(1499856K), 0.0055439 secs] [Times: user=0.01 sys=0.00, real=0.00 secs] 
2020-10-28T12:50:22.606+0000: [GC (Allocation Failure) 2020-10-28T12:50:22.606+0000: [ParNew: 34438K->6K(38720K), 0.0054444 secs] 1052705K->1018273K(1499856K), 0.0055090 secs] [Times: user=0.01 sys=0.00, real=0.00 secs] 
2020-10-28T12:50:22.658+0000: [GC (Allocation Failure) 2020-10-28T12:50:22.658+0000: [ParNew: 34438K->6K(38720K), 0.0054913 secs] 1052705K->1018273K(1499856K), 0.0055547 secs] [Times: user=0.01 sys=0.00, real=0.00 secs] 
2020-10-28T12:50:22.707+0000: [GC (Allocation Failure) 2020-10-28T12:50:22.707+0000: [ParNew: 34438K->6K(38720K), 0.0054755 secs] 1052705K->1018273K(1499856K), 0.0055403 secs] [Times: user=0.02 sys=0.00, real=0.00 secs] 
2020-10-28T12:50:22.753+0000: [GC (Allocation Failure) 2020-10-28T12:50:22.753+0000: [ParNew: 34438K->6K(38720K), 0.0054945 secs] 1052705K->1018273K(1499856K), 0.0055571 secs] [Times: user=0.01 sys=0.00, real=0.01 secs] 
2020-10-28T12:50:22.802+0000: [GC (Allocation Failure) 2020-10-28T12:50:22.802+0000: [ParNew: 34438K->6K(38720K), 0.0054726 secs] 1052705K->1018273K(1499856K), 0.0055375 secs] [Times: user=0.01 sys=0.00, real=0.01 secs] 
2020-10-28T12:50:22.850+0000: [GC (Allocation Failure) 2020-10-28T12:50:22.850+0000: [ParNew: 34438K->6K(38720K), 0.0055052 secs] 1052705K->1018273K(1499856K), 0.0055697 secs] [Times: user=0.01 sys=0.00, real=0.00 secs] 
2020-10-28T12:50:22.898+0000: [GC (Allocation Failure) 2020-10-28T12:50:22.898+0000: [ParNew: 34438K->6K(38720K), 0.0054976 secs] 1052705K->1018273K(1499856K), 0.0055640 secs] [Times: user=0.01 sys=0.01, real=0.00 secs] 
2020-10-28T12:50:22.946+0000: [GC (Allocation Failure) 2020-10-28T12:50:22.946+0000: [ParNew: 34438K->6K(38720K), 0.0054991 secs] 1052705K->1018273K(1499856K), 0.0055654 secs] [Times: user=0.01 sys=0.00, real=0.00 secs] 
2020-10-28T12:50:22.994+0000: [GC (Allocation Failure) 2020-10-28T12:50:22.994+0000: [ParNew: 34438K->6K(38720K), 0.0055451 secs] 1052705K->1018273K(1499856K), 0.0056072 secs] [Times: user=0.01 sys=0.00, real=0.01 secs] 
2020-10-28T12:50:23.040+0000: [GC (Allocation Failure) 2020-10-28T12:50:23.040+0000: [ParNew: 34438K->6K(38720K), 0.0056265 secs] 1052705K->1018273K(1499856K), 0.0056925 secs] [Times: user=0.00 sys=0.00, real=0.01 secs] 
2020-10-28T12:50:23.091+0000: [GC (Allocation Failure) 2020-10-28T12:50:23.091+0000: [ParNew: 34438K->6K(38720K), 0.0056556 secs] 1052705K->1018273K(1499856K), 0.0057237 secs] [Times: user=0.01 sys=0.00, real=0.00 secs] 
2020-10-28T12:50:23.141+0000: [GC (Allocation Failure) 2020-10-28T12:50:23.141+0000: [ParNew: 34438K->6K(38720K), 0.0056793 secs] 1052705K->1018273K(1499856K), 0.0057460 secs] [Times: user=0.01 sys=0.00, real=0.01 secs] 
2020-10-28T12:50:23.190+0000: [GC (Allocation Failure) 2020-10-28T12:50:23.190+0000: [ParNew: 34438K->6K(38720K), 0.0055415 secs] 1052705K->1018273K(1499856K), 0.0056043 secs] [Times: user=0.01 sys=0.00, real=0.00 secs] 
2020-10-28T12:50:23.238+0000: [GC (Allocation Failure) 2020-10-28T12:50:23.238+0000: [ParNew: 34438K->6K(38720K), 0.0055469 secs] 1052705K->1018273K(1499856K), 0.0056141 secs] [Times: user=0.01 sys=0.00, real=0.00 secs] 
2020-10-28T12:50:23.284+0000: [GC (Allocation Failure) 2020-10-28T12:50:23.284+0000: [ParNew: 34438K->6K(38720K), 0.0055921 secs] 1052705K->1018273K(1499856K), 0.0056578 secs] [Times: user=0.01 sys=0.00, real=0.01 secs] 
2020-10-28T12:50:23.334+0000: [GC (Allocation Failure) 2020-10-28T12:50:23.334+0000: [ParNew: 34438K->6K(38720K), 0.0056361 secs] 1052705K->1018273K(1499856K), 0.0057032 secs] [Times: user=0.01 sys=0.00, real=0.01 secs] 
2020-10-28T12:50:23.383+0000: [GC (Allocation Failure) 2020-10-28T12:50:23.383+0000: [ParNew: 34438K->6K(38720K), 0.0055352 secs] 1052705K->1018273K(1499856K), 0.0055952 secs] [Times: user=0.01 sys=0.00, real=0.01 secs] 
2020-10-28T12:50:23.445+0000: [GC (Allocation Failure) 2020-10-28T12:50:23.445+0000: [ParNew: 34438K->6K(38720K), 0.0055370 secs] 1052705K->1018274K(1499856K), 0.0056030 secs] [Times: user=0.01 sys=0.00, real=0.01 secs] 
2020-10-28T12:50:23.491+0000: [GC (Allocation Failure) 2020-10-28T12:50:23.491+0000: [ParNew: 34438K->6K(38720K), 0.0056086 secs] 1052706K->1018273K(1499856K), 0.0056792 secs] [Times: user=0.01 sys=0.00, real=0.00 secs] 
2020-10-28T12:50:23.542+0000: [GC (Allocation Failure) 2020-10-28T12:50:23.542+0000: [ParNew: 34438K->6K(38720K), 0.0055436 secs] 1052705K->1018273K(1499856K), 0.0056100 secs] [Times: user=0.01 sys=0.00, real=0.01 secs] 
2020-10-28T12:50:23.590+0000: [GC (Allocation Failure) 2020-10-28T12:50:23.590+0000: [ParNew: 34438K->6K(38720K), 0.0055996 secs] 1052705K->1018273K(1499856K), 0.0056653 secs] [Times: user=0.01 sys=0.00, real=0.00 secs] 
2020-10-28T12:50:23.642+0000: [GC (Allocation Failure) 2020-10-28T12:50:23.642+0000: [ParNew: 34438K->6K(38720K), 0.0055277 secs] 1052705K->1018273K(1499856K), 0.0055930 secs] [Times: user=0.01 sys=0.00, real=0.01 secs] 
2020-10-28T12:50:23.687+0000: [GC (Allocation Failure) 2020-10-28T12:50:23.687+0000: [ParNew: 34438K->6K(38720K), 0.0055476 secs] 1052705K->1018273K(1499856K), 0.0056142 secs] [Times: user=0.01 sys=0.00, real=0.00 secs] 
2020-10-28T12:50:23.738+0000: [GC (Allocation Failure) 2020-10-28T12:50:23.738+0000: [ParNew: 34438K->6K(38720K), 0.0055712 secs] 1052705K->1018273K(1499856K), 0.0056368 secs] [Times: user=0.01 sys=0.00, real=0.00 secs] 
2020-10-28T12:50:23.786+0000: [GC (Allocation Failure) 2020-10-28T12:50:23.786+0000: [ParNew: 34438K->6K(38720K), 0.0055030 secs] 1052705K->1018273K(1499856K), 0.0055696 secs] [Times: user=0.01 sys=0.00, real=0.00 secs] 
2020-10-28T12:50:23.836+0000: [GC (Allocation Failure) 2020-10-28T12:50:23.836+0000: [ParNew: 34438K->6K(38720K), 0.0054819 secs] 1052705K->1018273K(1499856K), 0.0055463 secs] [Times: user=0.02 sys=0.00, real=0.01 secs] 
2020-10-28T12:50:23.885+0000: [GC (Allocation Failure) 2020-10-28T12:50:23.885+0000: [ParNew: 34438K->6K(38720K), 0.0054794 secs] 1052705K->1018273K(1499856K), 0.0055456 secs] [Times: user=0.01 sys=0.00, real=0.01 secs] 
2020-10-28T12:50:23.934+0000: [GC (Allocation Failure) 2020-10-28T12:50:23.934+0000: [ParNew: 34438K->6K(38720K), 0.0055285 secs] 1052705K->1018273K(1499856K), 0.0055943 secs] [Times: user=0.01 sys=0.00, real=0.01 secs] 
2020-10-28T12:50:23.982+0000: [GC (Allocation Failure) 2020-10-28T12:50:23.982+0000: [ParNew: 34438K->6K(38720K), 0.0054671 secs] 1052705K->1018273K(1499856K), 0.0055309 secs] [Times: user=0.01 sys=0.00, real=0.01 secs] 
2020-10-28T12:50:24.034+0000: [GC (Allocation Failure) 2020-10-28T12:50:24.034+0000: [ParNew: 34438K->6K(38720K), 0.0055074 secs] 1052705K->1018273K(1499856K), 0.0055745 secs] [Times: user=0.02 sys=0.00, real=0.01 secs] 
2020-10-28T12:50:24.083+0000: [GC (Allocation Failure) 2020-10-28T12:50:24.083+0000: [ParNew: 34438K->6K(38720K), 0.0054561 secs] 1052705K->1018273K(1499856K), 0.0055206 secs] [Times: user=0.01 sys=0.00, real=0.01 secs] 
2020-10-28T12:50:24.134+0000: [GC (Allocation Failure) 2020-10-28T12:50:24.134+0000: [ParNew: 34438K->6K(38720K), 0.0054281 secs] 1052705K->1018273K(1499856K), 0.0054928 secs] [Times: user=0.01 sys=0.00, real=0.01 secs] 
2020-10-28T12:50:24.188+0000: [GC (Allocation Failure) 2020-10-28T12:50:24.188+0000: [ParNew: 34438K->6K(38720K), 0.0055164 secs] 1052705K->1018273K(1499856K), 0.0055817 secs] [Times: user=0.01 sys=0.00, real=0.00 secs] 
2020-10-28T12:50:24.238+0000: [GC (Allocation Failure) 2020-10-28T12:50:24.238+0000: [ParNew: 34438K->6K(38720K), 0.0054660 secs] 1052705K->1018274K(1499856K), 0.0055314 secs] [Times: user=0.02 sys=0.00, real=0.00 secs] 
2020-10-28T12:50:24.290+0000: [GC (Allocation Failure) 2020-10-28T12:50:24.290+0000: [ParNew: 34438K->6K(38720K), 0.0054940 secs] 1052706K->1018274K(1499856K), 0.0055575 secs] [Times: user=0.01 sys=0.00, real=0.00 secs] 
2020-10-28T12:50:24.336+0000: [GC (Allocation Failure) 2020-10-28T12:50:24.336+0000: [ParNew: 34438K->6K(38720K), 0.0060409 secs] 1052706K->1018274K(1499856K), 0.0061064 secs] [Times: user=0.01 sys=0.00, real=0.01 secs] 
2020-10-28T12:50:24.387+0000: [GC (Allocation Failure) 2020-10-28T12:50:24.387+0000: [ParNew: 34438K->6K(38720K), 0.0055026 secs] 1052706K->1018274K(1499856K), 0.0055696 secs] [Times: user=0.01 sys=0.00, real=0.00 secs] 
2020-10-28T12:50:24.433+0000: [GC (Allocation Failure) 2020-10-28T12:50:24.433+0000: [ParNew: 34438K->6K(38720K), 0.0055037 secs] 1052706K->1018274K(1499856K), 0.0055692 secs] [Times: user=0.01 sys=0.00, real=0.01 secs] 
2020-10-28T12:50:24.483+0000: [GC (Allocation Failure) 2020-10-28T12:50:24.483+0000: [ParNew: 34438K->6K(38720K), 0.0054552 secs] 1052706K->1018274K(1499856K), 0.0055211 secs] [Times: user=0.01 sys=0.00, real=0.01 secs] 
2020-10-28T12:50:24.528+0000: [GC (Allocation Failure) 2020-10-28T12:50:24.528+0000: [ParNew: 34438K->6K(38720K), 0.0056091 secs] 1052706K->1018274K(1499856K), 0.0056788 secs] [Times: user=0.01 sys=0.00, real=0.00 secs] 
2020-10-28T12:50:24.574+0000: [GC (Allocation Failure) 2020-10-28T12:50:24.574+0000: [ParNew: 34438K->6K(38720K), 0.0054829 secs] 1052706K->1018274K(1499856K), 0.0055481 secs] [Times: user=0.01 sys=0.00, real=0.01 secs] 
2020-10-28T12:50:24.620+0000: [GC (Allocation Failure) 2020-10-28T12:50:24.620+0000: [ParNew: 34438K->6K(38720K), 0.0054785 secs] 1052706K->1018274K(1499856K), 0.0055440 secs] [Times: user=0.01 sys=0.00, real=0.01 secs] 
2020-10-28T12:50:24.670+0000: [GC (Allocation Failure) 2020-10-28T12:50:24.670+0000: [ParNew: 34438K->6K(38720K), 0.0055029 secs] 1052706K->1018274K(1499856K), 0.0055678 secs] [Times: user=0.01 sys=0.00, real=0.00 secs] 
2020-10-28T12:50:24.715+0000: [GC (Allocation Failure) 2020-10-28T12:50:24.716+0000: [ParNew: 34438K->6K(38720K), 0.0054656 secs] 1052706K->1018274K(1499856K), 0.0055300 secs] [Times: user=0.01 sys=0.00, real=0.01 secs] 
2020-10-28T12:50:24.765+0000: [GC (Allocation Failure) 2020-10-28T12:50:24.765+0000: [ParNew: 34438K->6K(38720K), 0.0054734 secs] 1052706K->1018274K(1499856K), 0.0055379 secs] [Times: user=0.01 sys=0.00, real=0.01 secs] 
2020-10-28T12:50:24.814+0000: [GC (Allocation Failure) 2020-10-28T12:50:24.814+0000: [ParNew: 34438K->6K(38720K), 0.0055249 secs] 1052706K->1018274K(1499856K), 0.0055914 secs] [Times: user=0.01 sys=0.00, real=0.01 secs] 
2020-10-28T12:50:24.862+0000: [GC (Allocation Failure) 2020-10-28T12:50:24.862+0000: [ParNew: 34438K->6K(38720K), 0.0054713 secs] 1052706K->1018274K(1499856K), 0.0055370 secs] [Times: user=0.01 sys=0.00, real=0.01 secs] 
2020-10-28T12:50:24.910+0000: [GC (Allocation Failure) 2020-10-28T12:50:24.910+0000: [ParNew: 34438K->6K(38720K), 0.0054808 secs] 1052706K->1018274K(1499856K), 0.0055458 secs] [Times: user=0.01 sys=0.00, real=0.00 secs] 
2020-10-28T12:50:24.955+0000: [GC (Allocation Failure) 2020-10-28T12:50:24.955+0000: [ParNew: 34438K->6K(38720K), 0.0054990 secs] 1052706K->1018274K(1499856K), 0.0055637 secs] [Times: user=0.01 sys=0.00, real=0.01 secs] 
2020-10-28T12:50:25.002+0000: [GC (Allocation Failure) 2020-10-28T12:50:25.002+0000: [ParNew: 34438K->6K(38720K), 0.0055325 secs] 1052706K->1018274K(1499856K), 0.0056002 secs] [Times: user=0.01 sys=0.00, real=0.01 secs] 
2020-10-28T12:50:25.054+0000: [GC (Allocation Failure) 2020-10-28T12:50:25.054+0000: [ParNew: 34438K->6K(38720K), 0.0055018 secs] 1052706K->1018274K(1499856K), 0.0055656 secs] [Times: user=0.01 sys=0.00, real=0.01 secs] 
2020-10-28T12:50:25.099+0000: [GC (Allocation Failure) 2020-10-28T12:50:25.100+0000: [ParNew: 34438K->6K(38720K), 0.0055417 secs] 1052706K->1018274K(1499856K), 0.0056072 secs] [Times: user=0.02 sys=0.00, real=0.00 secs] 
2020-10-28T12:50:25.146+0000: [GC (Allocation Failure) 2020-10-28T12:50:25.146+0000: [ParNew: 34438K->6K(38720K), 0.0056083 secs] 1052706K->1018274K(1499856K), 0.0056743 secs] [Times: user=0.01 sys=0.00, real=0.00 secs] 
2020-10-28T12:50:25.196+0000: [GC (Allocation Failure) 2020-10-28T12:50:25.196+0000: [ParNew: 34438K->6K(38720K), 0.0055956 secs] 1052706K->1018274K(1499856K), 0.0056743 secs] [Times: user=0.02 sys=0.00, real=0.01 secs] 
2020-10-28T12:50:25.246+0000: [GC (Allocation Failure) 2020-10-28T12:50:25.246+0000: [ParNew: 34438K->6K(38720K), 0.0055954 secs] 1052706K->1018274K(1499856K), 0.0056630 secs] [Times: user=0.01 sys=0.00, real=0.00 secs] 
2020-10-28T12:50:25.298+0000: [GC (Allocation Failure) 2020-10-28T12:50:25.298+0000: [ParNew: 34438K->6K(38720K), 0.0056129 secs] 1052706K->1018274K(1499856K), 0.0056804 secs] [Times: user=0.01 sys=0.00, real=0.00 secs] 
2020-10-28T12:50:25.350+0000: [GC (Allocation Failure) 2020-10-28T12:50:25.350+0000: [ParNew: 34438K->6K(38720K), 0.0055528 secs] 1052706K->1018274K(1499856K), 0.0056178 secs] [Times: user=0.01 sys=0.00, real=0.00 secs] 
2020-10-28T12:50:25.400+0000: [GC (Allocation Failure) 2020-10-28T12:50:25.400+0000: [ParNew: 34438K->6K(38720K), 0.0055596 secs] 1052706K->1018274K(1499856K), 0.0056204 secs] [Times: user=0.01 sys=0.00, real=0.01 secs] 
2020-10-28T12:50:25.454+0000: [GC (Allocation Failure) 2020-10-28T12:50:25.454+0000: [ParNew: 34438K->6K(38720K), 0.0062985 secs] 1052706K->1018274K(1499856K), 0.0063621 secs] [Times: user=0.01 sys=0.00, real=0.01 secs] 
2020-10-28T12:50:25.502+0000: [GC (Allocation Failure) 2020-10-28T12:50:25.502+0000: [ParNew: 34438K->6K(38720K), 0.0055125 secs] 1052706K->1018274K(1499856K), 0.0055759 secs] [Times: user=0.01 sys=0.00, real=0.01 secs] 
2020-10-28T12:50:25.550+0000: [GC (Allocation Failure) 2020-10-28T12:50:25.550+0000: [ParNew: 34438K->6K(38720K), 0.0055108 secs] 1052706K->1018274K(1499856K), 0.0055809 secs] [Times: user=0.01 sys=0.00, real=0.00 secs] 
2020-10-28T12:50:25.598+0000: [GC (Allocation Failure) 2020-10-28T12:50:25.598+0000: [ParNew: 34438K->6K(38720K), 0.0055535 secs] 1052706K->1018274K(1499856K), 0.0056307 secs] [Times: user=0.01 sys=0.00, real=0.00 secs] 
2020-10-28T12:50:25.643+0000: [GC (Allocation Failure) 2020-10-28T12:50:25.643+0000: [ParNew: 34438K->6K(38720K), 0.0054745 secs] 1052706K->1018274K(1499856K), 0.0055398 secs] [Times: user=0.01 sys=0.00, real=0.01 secs] 
2020-10-28T12:50:25.690+0000: [GC (Allocation Failure) 2020-10-28T12:50:25.690+0000: [ParNew: 34438K->6K(38720K), 0.0054499 secs] 1052706K->1018274K(1499856K), 0.0055147 secs] [Times: user=0.01 sys=0.00, real=0.00 secs] 
2020-10-28T12:50:25.740+0000: [GC (Allocation Failure) 2020-10-28T12:50:25.740+0000: [ParNew: 34438K->6K(38720K), 0.0054979 secs] 1052706K->1018274K(1499856K), 0.0055632 secs] [Times: user=0.02 sys=0.00, real=0.00 secs] 
2020-10-28T12:50:25.786+0000: [GC (Allocation Failure) 2020-10-28T12:50:25.786+0000: [ParNew: 34438K->6K(38720K), 0.0054789 secs] 1052706K->1018274K(1499856K), 0.0055420 secs] [Times: user=0.01 sys=0.00, real=0.00 secs] 
2020-10-28T12:50:25.834+0000: [GC (Allocation Failure) 2020-10-28T12:50:25.834+0000: [ParNew: 34438K->6K(38720K), 0.0054975 secs] 1052706K->1018274K(1499856K), 0.0055653 secs] [Times: user=0.01 sys=0.00, real=0.01 secs] 
2020-10-28T12:50:25.880+0000: [GC (Allocation Failure) 2020-10-28T12:50:25.880+0000: [ParNew: 34438K->6K(38720K), 0.0054868 secs] 1052706K->1018274K(1499856K), 0.0055533 secs] [Times: user=0.01 sys=0.00, real=0.00 secs] 
2020-10-28T12:50:25.925+0000: [GC (Allocation Failure) 2020-10-28T12:50:25.925+0000: [ParNew: 34438K->6K(38720K), 0.0054963 secs] 1052706K->1018274K(1499856K), 0.0055626 secs] [Times: user=0.01 sys=0.00, real=0.01 secs] 
2020-10-28T12:50:25.978+0000: [GC (Allocation Failure) 2020-10-28T12:50:25.978+0000: [ParNew: 34438K->6K(38720K), 0.0054609 secs] 1052706K->1018274K(1499856K), 0.0055251 secs] [Times: user=0.01 sys=0.00, real=0.00 secs] 
2020-10-28T12:50:26.023+0000: [GC (Allocation Failure) 2020-10-28T12:50:26.023+0000: [ParNew: 34438K->6K(38720K), 0.0055157 secs] 1052706K->1018274K(1499856K), 0.0055832 secs] [Times: user=0.01 sys=0.00, real=0.01 secs] 
2020-10-28T12:50:26.074+0000: [GC (Allocation Failure) 2020-10-28T12:50:26.074+0000: [ParNew: 34438K->6K(38720K), 0.0055327 secs] 1052706K->1018274K(1499856K), 0.0055995 secs] [Times: user=0.01 sys=0.00, real=0.01 secs] 
2020-10-28T12:50:26.130+0000: [GC (Allocation Failure) 2020-10-28T12:50:26.130+0000: [ParNew: 34438K->6K(38720K), 0.0055156 secs] 1052706K->1018274K(1499856K), 0.0055825 secs] [Times: user=0.01 sys=0.00, real=0.00 secs] 
2020-10-28T12:50:26.178+0000: [GC (Allocation Failure) 2020-10-28T12:50:26.178+0000: [ParNew: 34438K->6K(38720K), 0.0055080 secs] 1052706K->1018274K(1499856K), 0.0055729 secs] [Times: user=0.01 sys=0.00, real=0.00 secs] 
2020-10-28T12:50:26.224+0000: [GC (Allocation Failure) 2020-10-28T12:50:26.224+0000: [ParNew: 34438K->6K(38720K), 0.0072201 secs] 1052706K->1018274K(1499856K), 0.0072835 secs] [Times: user=0.01 sys=0.00, real=0.01 secs] 
2020-10-28T12:50:26.274+0000: [GC (Allocation Failure) 2020-10-28T12:50:26.274+0000: [ParNew: 34438K->6K(38720K), 0.0054740 secs] 1052706K->1018274K(1499856K), 0.0055385 secs] [Times: user=0.01 sys=0.00, real=0.01 secs] 
2020-10-28T12:50:26.319+0000: [GC (Allocation Failure) 2020-10-28T12:50:26.319+0000: [ParNew: 34438K->6K(38720K), 0.0055596 secs] 1052706K->1018274K(1499856K), 0.0056341 secs] [Times: user=0.01 sys=0.00, real=0.00 secs] 
2020-10-28T12:50:26.369+0000: [GC (Allocation Failure) 2020-10-28T12:50:26.369+0000: [ParNew: 34438K->6K(38720K), 0.0057271 secs] 1052706K->1018275K(1499856K), 0.0058059 secs] [Times: user=0.01 sys=0.00, real=0.00 secs] 
2020-10-28T12:50:26.415+0000: [GC (Allocation Failure) 2020-10-28T12:50:26.415+0000: [ParNew: 34438K->6K(38720K), 0.0055847 secs] 1052707K->1018274K(1499856K), 0.0056588 secs] [Times: user=0.01 sys=0.00, real=0.01 secs] 
2020-10-28T12:50:26.465+0000: [GC (Allocation Failure) 2020-10-28T12:50:26.465+0000: [ParNew: 34438K->6K(38720K), 0.0055567 secs] 1052706K->1018275K(1499856K), 0.0056351 secs] [Times: user=0.01 sys=0.00, real=0.01 secs] 
2020-10-28T12:50:26.514+0000: [GC (Allocation Failure) 2020-10-28T12:50:26.514+0000: [ParNew: 34438K->6K(38720K), 0.0054915 secs] 1052707K->1018275K(1499856K), 0.0055502 secs] [Times: user=0.01 sys=0.00, real=0.01 secs] 
2020-10-28T12:50:26.561+0000: [GC (Allocation Failure) 2020-10-28T12:50:26.561+0000: [ParNew: 34438K->6K(38720K), 0.0054562 secs] 1052707K->1018275K(1499856K), 0.0055346 secs] [Times: user=0.01 sys=0.00, real=0.01 secs] 
2020-10-28T12:50:26.607+0000: [GC (Allocation Failure) 2020-10-28T12:50:26.607+0000: [ParNew: 34438K->6K(38720K), 0.0055808 secs] 1052707K->1018275K(1499856K), 0.0056444 secs] [Times: user=0.01 sys=0.00, real=0.00 secs] 
2020-10-28T12:50:26.654+0000: [GC (Allocation Failure) 2020-10-28T12:50:26.654+0000: [ParNew: 34438K->6K(38720K), 0.0054777 secs] 1052707K->1018275K(1499856K), 0.0055416 secs] [Times: user=0.01 sys=0.00, real=0.01 secs] 
2020-10-28T12:50:26.704+0000: [GC (Allocation Failure) 2020-10-28T12:50:26.704+0000: [ParNew: 34438K->6K(38720K), 0.0054812 secs] 1052707K->1018275K(1499856K), 0.0055457 secs] [Times: user=0.01 sys=0.00, real=0.01 secs] 
2020-10-28T12:50:26.754+0000: [GC (Allocation Failure) 2020-10-28T12:50:26.754+0000: [ParNew: 34438K->6K(38720K), 0.0054676 secs] 1052707K->1018275K(1499856K), 0.0055320 secs] [Times: user=0.01 sys=0.00, real=0.01 secs] 
2020-10-28T12:50:26.802+0000: [GC (Allocation Failure) 2020-10-28T12:50:26.802+0000: [ParNew: 34438K->6K(38720K), 0.0054531 secs] 1052707K->1018275K(1499856K), 0.0055179 secs] [Times: user=0.02 sys=0.00, real=0.01 secs] 
2020-10-28T12:50:26.848+0000: [GC (Allocation Failure) 2020-10-28T12:50:26.848+0000: [ParNew: 34438K->6K(38720K), 0.0054533 secs] 1052707K->1018275K(1499856K), 0.0055170 secs] [Times: user=0.01 sys=0.00, real=0.00 secs] 
2020-10-28T12:50:26.897+0000: [GC (Allocation Failure) 2020-10-28T12:50:26.897+0000: [ParNew: 34438K->6K(38720K), 0.0054784 secs] 1052707K->1018275K(1499856K), 0.0055434 secs] [Times: user=0.01 sys=0.00, real=0.01 secs] 
2020-10-28T12:50:26.946+0000: [GC (Allocation Failure) 2020-10-28T12:50:26.946+0000: [ParNew: 34438K->6K(38720K), 0.0056072 secs] 1052707K->1018275K(1499856K), 0.0056735 secs] [Times: user=0.01 sys=0.00, real=0.00 secs] 
2020-10-28T12:50:26.996+0000: [GC (Allocation Failure) 2020-10-28T12:50:26.996+0000: [ParNew: 34438K->6K(38720K), 0.0055469 secs] 1052707K->1018275K(1499856K), 0.0056138 secs] [Times: user=0.01 sys=0.00, real=0.01 secs] 
2020-10-28T12:50:27.046+0000: [GC (Allocation Failure) 2020-10-28T12:50:27.046+0000: [ParNew: 34438K->6K(38720K), 0.0054885 secs] 1052707K->1018275K(1499856K), 0.0055531 secs] [Times: user=0.01 sys=0.00, real=0.00 secs] 
2020-10-28T12:50:27.091+0000: [GC (Allocation Failure) 2020-10-28T12:50:27.091+0000: [ParNew: 34438K->6K(38720K), 0.0054493 secs] 1052707K->1018275K(1499856K), 0.0055143 secs] [Times: user=0.01 sys=0.00, real=0.00 secs] 
2020-10-28T12:50:27.141+0000: [GC (Allocation Failure) 2020-10-28T12:50:27.141+0000: [ParNew: 34438K->6K(38720K), 0.0055084 secs] 1052707K->1018275K(1499856K), 0.0055724 secs] [Times: user=0.01 sys=0.00, real=0.01 secs] 
2020-10-28T12:50:27.187+0000: [GC (Allocation Failure) 2020-10-28T12:50:27.187+0000: [ParNew: 34438K->6K(38720K), 0.0065139 secs] 1052707K->1018275K(1499856K), 0.0065896 secs] [Times: user=0.01 sys=0.00, real=0.00 secs] 
2020-10-28T12:50:27.253+0000: [GC (Allocation Failure) 2020-10-28T12:50:27.253+0000: [ParNew: 34438K->6K(38720K), 0.0088971 secs] 1052707K->1018275K(1499856K), 0.0089896 secs] [Times: user=0.01 sys=0.00, real=0.01 secs] 
2020-10-28T12:50:27.320+0000: [GC (Allocation Failure) 2020-10-28T12:50:27.320+0000: [ParNew: 34438K->6K(38720K), 0.0055380 secs] 1052707K->1018275K(1499856K), 0.0056122 secs] [Times: user=0.01 sys=0.00, real=0.01 secs] 
2020-10-28T12:50:27.374+0000: [GC (Allocation Failure) 2020-10-28T12:50:27.374+0000: [ParNew: 34438K->6K(38720K), 0.0055132 secs] 1052707K->1018275K(1499856K), 0.0055817 secs] [Times: user=0.01 sys=0.00, real=0.01 secs] 
2020-10-28T12:50:27.424+0000: [GC (Allocation Failure) 2020-10-28T12:50:27.424+0000: [ParNew: 34438K->6K(38720K), 0.0055269 secs] 1052707K->1018275K(1499856K), 0.0055911 secs] [Times: user=0.01 sys=0.00, real=0.01 secs] 
2020-10-28T12:50:27.474+0000: [GC (Allocation Failure) 2020-10-28T12:50:27.474+0000: [ParNew: 34438K->6K(38720K), 0.0054834 secs] 1052707K->1018275K(1499856K), 0.0055487 secs] [Times: user=0.01 sys=0.00, real=0.01 secs] 
2020-10-28T12:50:27.519+0000: [GC (Allocation Failure) 2020-10-28T12:50:27.519+0000: [ParNew: 34438K->6K(38720K), 0.0054963 secs] 1052707K->1018275K(1499856K), 0.0055631 secs] [Times: user=0.01 sys=0.00, real=0.00 secs] 
2020-10-28T12:50:27.565+0000: [GC (Allocation Failure) 2020-10-28T12:50:27.565+0000: [ParNew: 34438K->6K(38720K), 0.0056148 secs] 1052707K->1018275K(1499856K), 0.0056795 secs] [Times: user=0.01 sys=0.00, real=0.01 secs] 
2020-10-28T12:50:27.614+0000: [GC (Allocation Failure) 2020-10-28T12:50:27.614+0000: [ParNew: 34438K->6K(38720K), 0.0055075 secs] 1052707K->1018275K(1499856K), 0.0055722 secs] [Times: user=0.01 sys=0.00, real=0.01 secs] 
2020-10-28T12:50:27.662+0000: [GC (Allocation Failure) 2020-10-28T12:50:27.662+0000: [ParNew: 34438K->6K(38720K), 0.0054674 secs] 1052707K->1018275K(1499856K), 0.0055323 secs] [Times: user=0.01 sys=0.00, real=0.01 secs] 
2020-10-28T12:50:27.707+0000: [GC (Allocation Failure) 2020-10-28T12:50:27.707+0000: [ParNew: 34438K->6K(38720K), 0.0054873 secs] 1052707K->1018275K(1499856K), 0.0055545 secs] [Times: user=0.01 sys=0.00, real=0.00 secs] 
2020-10-28T12:50:27.758+0000: [GC (Allocation Failure) 2020-10-28T12:50:27.758+0000: [ParNew: 34438K->6K(38720K), 0.0054975 secs] 1052707K->1018275K(1499856K), 0.0055628 secs] [Times: user=0.01 sys=0.00, real=0.00 secs] 
2020-10-28T12:50:27.806+0000: [GC (Allocation Failure) 2020-10-28T12:50:27.806+0000: [ParNew: 34438K->6K(38720K), 0.0054619 secs] 1052707K->1018275K(1499856K), 0.0055259 secs] [Times: user=0.01 sys=0.00, real=0.00 secs] 
2020-10-28T12:50:27.855+0000: [GC (Allocation Failure) 2020-10-28T12:50:27.855+0000: [ParNew: 34438K->6K(38720K), 0.0055120 secs] 1052707K->1018275K(1499856K), 0.0055776 secs] [Times: user=0.01 sys=0.00, real=0.01 secs] 
2020-10-28T12:50:27.905+0000: [GC (Allocation Failure) 2020-10-28T12:50:27.905+0000: [ParNew: 34438K->6K(38720K), 0.0054910 secs] 1052707K->1018275K(1499856K), 0.0055556 secs] [Times: user=0.01 sys=0.00, real=0.01 secs] 
2020-10-28T12:50:27.954+0000: [GC (Allocation Failure) 2020-10-28T12:50:27.954+0000: [ParNew: 34438K->6K(38720K), 0.0055255 secs] 1052707K->1018275K(1499856K), 0.0055926 secs] [Times: user=0.01 sys=0.00, real=0.01 secs] 
2020-10-28T12:50:28.001+0000: [GC (Allocation Failure) 2020-10-28T12:50:28.001+0000: [ParNew: 34438K->6K(38720K), 0.0054962 secs] 1052707K->1018275K(1499856K), 0.0055625 secs] [Times: user=0.01 sys=0.00, real=0.01 secs] 
2020-10-28T12:50:28.054+0000: [GC (Allocation Failure) 2020-10-28T12:50:28.054+0000: [ParNew: 34438K->6K(38720K), 0.0054988 secs] 1052707K->1018275K(1499856K), 0.0055661 secs] [Times: user=0.01 sys=0.00, real=0.01 secs] 
2020-10-28T12:50:28.105+0000: [GC (Allocation Failure) 2020-10-28T12:50:28.105+0000: [ParNew: 34438K->6K(38720K), 0.0054767 secs] 1052707K->1018275K(1499856K), 0.0055411 secs] [Times: user=0.01 sys=0.00, real=0.01 secs] 
2020-10-28T12:50:28.154+0000: [GC (Allocation Failure) 2020-10-28T12:50:28.154+0000: [ParNew: 34438K->6K(38720K), 0.0055955 secs] 1052707K->1018275K(1499856K), 0.0056607 secs] [Times: user=0.01 sys=0.01, real=0.01 secs] 
2020-10-28T12:50:28.199+0000: [GC (Allocation Failure) 2020-10-28T12:50:28.200+0000: [ParNew: 34438K->6K(38720K), 0.0054695 secs] 1052707K->1018275K(1499856K), 0.0055510 secs] [Times: user=0.01 sys=0.00, real=0.00 secs] 
2020-10-28T12:50:28.255+0000: [GC (Allocation Failure) 2020-10-28T12:50:28.255+0000: [ParNew: 34438K->6K(38720K), 0.0054987 secs] 1052707K->1018275K(1499856K), 0.0055641 secs] [Times: user=0.01 sys=0.00, real=0.01 secs] 
2020-10-28T12:50:28.301+0000: [GC (Allocation Failure) 2020-10-28T12:50:28.301+0000: [ParNew: 34438K->6K(38720K), 0.0088172 secs] 1052707K->1018275K(1499856K), 0.0088853 secs] [Times: user=0.01 sys=0.00, real=0.01 secs] 
2020-10-28T12:50:28.354+0000: [GC (Allocation Failure) 2020-10-28T12:50:28.354+0000: [ParNew: 34438K->6K(38720K), 0.0055299 secs] 1052707K->1018275K(1499856K), 0.0055955 secs] [Times: user=0.01 sys=0.00, real=0.01 secs] 
2020-10-28T12:50:28.402+0000: [GC (Allocation Failure) 2020-10-28T12:50:28.402+0000: [ParNew: 34438K->6K(38720K), 0.0054582 secs] 1052707K->1018275K(1499856K), 0.0055241 secs] [Times: user=0.01 sys=0.00, real=0.01 secs] 
2020-10-28T12:50:28.447+0000: [GC (Allocation Failure) 2020-10-28T12:50:28.447+0000: [ParNew: 34438K->6K(38720K), 0.0054579 secs] 1052707K->1018275K(1499856K), 0.0055242 secs] [Times: user=0.01 sys=0.00, real=0.00 secs] 
2020-10-28T12:50:28.494+0000: [GC (Allocation Failure) 2020-10-28T12:50:28.494+0000: [ParNew: 34438K->6K(38720K), 0.0054570 secs] 1052707K->1018275K(1499856K), 0.0055220 secs] [Times: user=0.01 sys=0.00, real=0.01 secs] 
2020-10-28T12:50:28.543+0000: [GC (Allocation Failure) 2020-10-28T12:50:28.543+0000: [ParNew: 34438K->6K(38720K), 0.0054226 secs] 1052707K->1018275K(1499856K), 0.0054872 secs] [Times: user=0.01 sys=0.01, real=0.01 secs] 
2020-10-28T12:50:28.594+0000: [GC (Allocation Failure) 2020-10-28T12:50:28.594+0000: [ParNew: 34438K->6K(38720K), 0.0055084 secs] 1052707K->1018275K(1499856K), 0.0055736 secs] [Times: user=0.01 sys=0.00, real=0.01 secs] 
2020-10-28T12:50:28.643+0000: [GC (Allocation Failure) 2020-10-28T12:50:28.643+0000: [ParNew: 34438K->6K(38720K), 0.0054855 secs] 1052707K->1018275K(1499856K), 0.0055493 secs] [Times: user=0.01 sys=0.00, real=0.01 secs] 
2020-10-28T12:50:28.694+0000: [GC (Allocation Failure) 2020-10-28T12:50:28.694+0000: [ParNew: 34438K->6K(38720K), 0.0055117 secs] 1052707K->1018275K(1499856K), 0.0055767 secs] [Times: user=0.01 sys=0.00, real=0.01 secs] 
2020-10-28T12:50:28.740+0000: [GC (Allocation Failure) 2020-10-28T12:50:28.740+0000: [ParNew: 34438K->6K(38720K), 0.0055004 secs] 1052707K->1018275K(1499856K), 0.0055717 secs] [Times: user=0.02 sys=0.00, real=0.00 secs] 
2020-10-28T12:50:28.785+0000: [GC (Allocation Failure) 2020-10-28T12:50:28.785+0000: [ParNew: 34438K->6K(38720K), 0.0054807 secs] 1052707K->1018275K(1499856K), 0.0055432 secs] [Times: user=0.02 sys=0.00, real=0.01 secs] 
2020-10-28T12:50:28.836+0000: [GC (Allocation Failure) 2020-10-28T12:50:28.836+0000: [ParNew: 34438K->6K(38720K), 0.0054672 secs] 1052707K->1018275K(1499856K), 0.0055315 secs] [Times: user=0.01 sys=0.00, real=0.01 secs] 
2020-10-28T12:50:28.885+0000: [GC (Allocation Failure) 2020-10-28T12:50:28.885+0000: [ParNew: 34438K->6K(38720K), 0.0054633 secs] 1052707K->1018275K(1499856K), 0.0055276 secs] [Times: user=0.01 sys=0.00, real=0.01 secs] 
2020-10-28T12:50:28.935+0000: [GC (Allocation Failure) 2020-10-28T12:50:28.935+0000: [ParNew: 34438K->6K(38720K), 0.0055211 secs] 1052707K->1018275K(1499856K), 0.0055862 secs] [Times: user=0.01 sys=0.00, real=0.01 secs] 
2020-10-28T12:50:28.984+0000: [GC (Allocation Failure) 2020-10-28T12:50:28.984+0000: [ParNew: 34438K->6K(38720K), 0.0054807 secs] 1052707K->1018275K(1499856K), 0.0055466 secs] [Times: user=0.01 sys=0.00, real=0.01 secs] 
2020-10-28T12:50:29.034+0000: [GC (Allocation Failure) 2020-10-28T12:50:29.034+0000: [ParNew: 34438K->6K(38720K), 0.0055410 secs] 1052707K->1018275K(1499856K), 0.0056067 secs] [Times: user=0.01 sys=0.00, real=0.01 secs] 
2020-10-28T12:50:29.091+0000: [GC (Allocation Failure) 2020-10-28T12:50:29.091+0000: [ParNew: 34438K->10K(38720K), 0.0055227 secs] 1052707K->1018279K(1499856K), 0.0055864 secs] [Times: user=0.01 sys=0.00, real=0.00 secs] 
2020-10-28T12:50:29.145+0000: [GC (Allocation Failure) 2020-10-28T12:50:29.145+0000: [ParNew: 34442K->11K(38720K), 0.0055112 secs] 1052711K->1018281K(1499856K), 0.0055902 secs] [Times: user=0.01 sys=0.00, real=0.01 secs] 
2020-10-28T12:50:29.194+0000: [GC (Allocation Failure) 2020-10-28T12:50:29.194+0000: [ParNew: 34443K->13K(38720K), 0.0054998 secs] 1052713K->1018282K(1499856K), 0.0055645 secs] [Times: user=0.01 sys=0.00, real=0.01 secs] 
2020-10-28T12:50:29.242+0000: [GC (Allocation Failure) 2020-10-28T12:50:29.242+0000: [ParNew: 34445K->13K(38720K), 0.0055490 secs] 1052714K->1018283K(1499856K), 0.0056130 secs] [Times: user=0.01 sys=0.00, real=0.01 secs] 
2020-10-28T12:50:29.294+0000: [GC (Allocation Failure) 2020-10-28T12:50:29.294+0000: [ParNew: 34445K->13K(38720K), 0.0055267 secs] 1052715K->1018283K(1499856K), 0.0055939 secs] [Times: user=0.02 sys=0.00, real=0.01 secs] 
2020-10-28T12:50:29.347+0000: [GC (Allocation Failure) 2020-10-28T12:50:29.347+0000: [ParNew: 34445K->13K(38720K), 0.0054794 secs] 1052715K->1018283K(1499856K), 0.0055437 secs] [Times: user=0.01 sys=0.00, real=0.00 secs] 
2020-10-28T12:50:29.397+0000: [GC (Allocation Failure) 2020-10-28T12:50:29.397+0000: [ParNew: 34445K->9K(38720K), 0.0056852 secs] 1052715K->1018284K(1499856K), 0.0057533 secs] [Times: user=0.01 sys=0.00, real=0.01 secs] 
2020-10-28T12:50:29.446+0000: [GC (Allocation Failure) 2020-10-28T12:50:29.446+0000: [ParNew: 34441K->6K(38720K), 0.0055182 secs] 1052716K->1018280K(1499856K), 0.0055818 secs] [Times: user=0.01 sys=0.00, real=0.00 secs] 
2020-10-28T12:50:29.496+0000: [GC (Allocation Failure) 2020-10-28T12:50:29.496+0000: [ParNew: 34438K->6K(38720K), 0.0055963 secs] 1052712K->1018281K(1499856K), 0.0056617 secs] [Times: user=0.01 sys=0.00, real=0.01 secs] 
2020-10-28T12:50:29.546+0000: [GC (Allocation Failure) 2020-10-28T12:50:29.546+0000: [ParNew: 34438K->6K(38720K), 0.0055143 secs] 1052713K->1018281K(1499856K), 0.0055782 secs] [Times: user=0.01 sys=0.00, real=0.00 secs] 
2020-10-28T12:50:29.594+0000: [GC (Allocation Failure) 2020-10-28T12:50:29.594+0000: [ParNew: 34438K->6K(38720K), 0.0055222 secs] 1052713K->1018281K(1499856K), 0.0055873 secs] [Times: user=0.01 sys=0.00, real=0.01 secs] 
2020-10-28T12:50:29.639+0000: [GC (Allocation Failure) 2020-10-28T12:50:29.639+0000: [ParNew: 34438K->6K(38720K), 0.0054698 secs] 1052713K->1018281K(1499856K), 0.0055346 secs] [Times: user=0.01 sys=0.00, real=0.00 secs] 
2020-10-28T12:50:29.692+0000: [GC (Allocation Failure) 2020-10-28T12:50:29.692+0000: [ParNew: 34438K->6K(38720K), 0.0054886 secs] 1052713K->1018281K(1499856K), 0.0055537 secs] [Times: user=0.01 sys=0.00, real=0.00 secs] 
2020-10-28T12:50:29.737+0000: [GC (Allocation Failure) 2020-10-28T12:50:29.737+0000: [ParNew: 34438K->6K(38720K), 0.0054899 secs] 1052713K->1018281K(1499856K), 0.0055541 secs] [Times: user=0.01 sys=0.00, real=0.01 secs] 
2020-10-28T12:50:29.787+0000: [GC (Allocation Failure) 2020-10-28T12:50:29.787+0000: [ParNew: 34438K->6K(38720K), 0.0054152 secs] 1052713K->1018281K(1499856K), 0.0054785 secs] [Times: user=0.01 sys=0.00, real=0.00 secs] 
2020-10-28T12:50:29.834+0000: [GC (Allocation Failure) 2020-10-28T12:50:29.834+0000: [ParNew: 34438K->6K(38720K), 0.0054440 secs] 1052713K->1018281K(1499856K), 0.0055087 secs] [Times: user=0.01 sys=0.00, real=0.01 secs] 
2020-10-28T12:50:29.879+0000: [GC (Allocation Failure) 2020-10-28T12:50:29.879+0000: [ParNew: 34438K->6K(38720K), 0.0054585 secs] 1052713K->1018281K(1499856K), 0.0055275 secs] [Times: user=0.01 sys=0.00, real=0.00 secs] 
2020-10-28T12:50:29.932+0000: [GC (Allocation Failure) 2020-10-28T12:50:29.932+0000: [ParNew: 34438K->6K(38720K), 0.0062626 secs] 1052713K->1018281K(1499856K), 0.0063270 secs] [Times: user=0.01 sys=0.00, real=0.01 secs] 
2020-10-28T12:50:29.983+0000: [GC (Allocation Failure) 2020-10-28T12:50:29.983+0000: [ParNew: 34438K->6K(38720K), 0.0054914 secs] 1052713K->1018281K(1499856K), 0.0055557 secs] [Times: user=0.01 sys=0.00, real=0.01 secs] 
2020-10-28T12:50:30.030+0000: [GC (Allocation Failure) 2020-10-28T12:50:30.030+0000: [ParNew: 34438K->6K(38720K), 0.0054939 secs] 1052713K->1018281K(1499856K), 0.0055694 secs] [Times: user=0.01 sys=0.00, real=0.00 secs] 
2020-10-28T12:50:30.078+0000: [GC (Allocation Failure) 2020-10-28T12:50:30.078+0000: [ParNew: 34438K->6K(38720K), 0.0055489 secs] 1052713K->1018281K(1499856K), 0.0056132 secs] [Times: user=0.01 sys=0.00, real=0.00 secs] 
2020-10-28T12:50:30.127+0000: [GC (Allocation Failure) 2020-10-28T12:50:30.127+0000: [ParNew: 34438K->6K(38720K), 0.0055745 secs] 1052713K->1018281K(1499856K), 0.0056395 secs] [Times: user=0.01 sys=0.00, real=0.00 secs] 
2020-10-28T12:50:30.174+0000: [GC (Allocation Failure) 2020-10-28T12:50:30.174+0000: [ParNew: 34438K->6K(38720K), 0.0055592 secs] 1052713K->1018281K(1499856K), 0.0056240 secs] [Times: user=0.01 sys=0.00, real=0.01 secs] 
2020-10-28T12:50:30.219+0000: [GC (Allocation Failure) 2020-10-28T12:50:30.219+0000: [ParNew: 34438K->6K(38720K), 0.0055274 secs] 1052713K->1018281K(1499856K), 0.0055945 secs] [Times: user=0.01 sys=0.00, real=0.00 secs] 
2020-10-28T12:50:30.265+0000: [GC (Allocation Failure) 2020-10-28T12:50:30.265+0000: [ParNew: 34438K->6K(38720K), 0.0083090 secs] 1052713K->1018281K(1499856K), 0.0083888 secs] [Times: user=0.02 sys=0.00, real=0.01 secs] 
2020-10-28T12:50:30.322+0000: [GC (Allocation Failure) 2020-10-28T12:50:30.322+0000: [ParNew: 34438K->6K(38720K), 0.0055115 secs] 1052713K->1018281K(1499856K), 0.0055759 secs] [Times: user=0.01 sys=0.00, real=0.01 secs] 
2020-10-28T12:50:30.374+0000: [GC (Allocation Failure) 2020-10-28T12:50:30.374+0000: [ParNew: 34438K->6K(38720K), 0.0056971 secs] 1052713K->1018281K(1499856K), 0.0057618 secs] [Times: user=0.02 sys=0.00, real=0.01 secs] 
2020-10-28T12:50:30.426+0000: [GC (Allocation Failure) 2020-10-28T12:50:30.426+0000: [ParNew: 34438K->6K(38720K), 0.0055062 secs] 1052713K->1018281K(1499856K), 0.0055699 secs] [Times: user=0.01 sys=0.00, real=0.00 secs] 
2020-10-28T12:50:30.474+0000: [GC (Allocation Failure) 2020-10-28T12:50:30.474+0000: [ParNew: 34438K->6K(38720K), 0.0055645 secs] 1052713K->1018281K(1499856K), 0.0056281 secs] [Times: user=0.01 sys=0.00, real=0.01 secs] 
2020-10-28T12:50:30.526+0000: [GC (Allocation Failure) 2020-10-28T12:50:30.526+0000: [ParNew: 34438K->6K(38720K), 0.0055132 secs] 1052713K->1018281K(1499856K), 0.0055782 secs] [Times: user=0.01 sys=0.00, real=0.00 secs] 
2020-10-28T12:50:30.578+0000: [GC (Allocation Failure) 2020-10-28T12:50:30.578+0000: [ParNew: 34438K->6K(38720K), 0.0056522 secs] 1052713K->1018281K(1499856K), 0.0057182 secs] [Times: user=0.02 sys=0.00, real=0.00 secs] 
2020-10-28T12:50:30.627+0000: [GC (Allocation Failure) 2020-10-28T12:50:30.628+0000: [ParNew: 34438K->6K(38720K), 0.0055827 secs] 1052713K->1018281K(1499856K), 0.0056482 secs] [Times: user=0.01 sys=0.00, real=0.00 secs] 
2020-10-28T12:50:30.678+0000: [GC (Allocation Failure) 2020-10-28T12:50:30.678+0000: [ParNew: 34438K->6K(38720K), 0.0056594 secs] 1052713K->1018281K(1499856K), 0.0057384 secs] [Times: user=0.01 sys=0.00, real=0.00 secs] 
2020-10-28T12:50:30.730+0000: [GC (Allocation Failure) 2020-10-28T12:50:30.730+0000: [ParNew: 34438K->6K(38720K), 0.0055391 secs] 1052713K->1018281K(1499856K), 0.0056052 secs] [Times: user=0.01 sys=0.00, real=0.00 secs] 
2020-10-28T12:50:30.775+0000: [GC (Allocation Failure) 2020-10-28T12:50:30.775+0000: [ParNew: 34438K->6K(38720K), 0.0055472 secs] 1052713K->1018281K(1499856K), 0.0056126 secs] [Times: user=0.01 sys=0.00, real=0.01 secs] 
2020-10-28T12:50:30.826+0000: [GC (Allocation Failure) 2020-10-28T12:50:30.826+0000: [ParNew: 34438K->6K(38720K), 0.0055759 secs] 1052713K->1018281K(1499856K), 0.0056437 secs] [Times: user=0.01 sys=0.00, real=0.00 secs] 
2020-10-28T12:50:30.876+0000: [GC (Allocation Failure) 2020-10-28T12:50:30.876+0000: [ParNew: 34438K->6K(38720K), 0.0055099 secs] 1052713K->1018281K(1499856K), 0.0055748 secs] [Times: user=0.01 sys=0.00, real=0.01 secs] 
2020-10-28T12:50:30.925+0000: [GC (Allocation Failure) 2020-10-28T12:50:30.926+0000: [ParNew: 34438K->6K(38720K), 0.0054785 secs] 1052713K->1018281K(1499856K), 0.0055439 secs] [Times: user=0.01 sys=0.00, real=0.00 secs] 
2020-10-28T12:50:30.978+0000: [GC (Allocation Failure) 2020-10-28T12:50:30.978+0000: [ParNew: 34438K->6K(38720K), 0.0054796 secs] 1052713K->1018281K(1499856K), 0.0055578 secs] [Times: user=0.01 sys=0.00, real=0.00 secs] 
2020-10-28T12:50:31.029+0000: [GC (Allocation Failure) 2020-10-28T12:50:31.029+0000: [ParNew: 34438K->6K(38720K), 0.0055781 secs] 1052713K->1018281K(1499856K), 0.0056420 secs] [Times: user=0.01 sys=0.00, real=0.00 secs] 
2020-10-28T12:50:31.078+0000: [GC (Allocation Failure) 2020-10-28T12:50:31.078+0000: [ParNew: 34438K->6K(38720K), 0.0055040 secs] 1052713K->1018281K(1499856K), 0.0055699 secs] [Times: user=0.01 sys=0.00, real=0.00 secs] 
2020-10-28T12:50:31.130+0000: [GC (Allocation Failure) 2020-10-28T12:50:31.130+0000: [ParNew: 34438K->6K(38720K), 0.0056782 secs] 1052713K->1018281K(1499856K), 0.0057408 secs] [Times: user=0.01 sys=0.00, real=0.00 secs] 
2020-10-28T12:50:31.180+0000: [GC (Allocation Failure) 2020-10-28T12:50:31.180+0000: [ParNew: 34438K->6K(38720K), 0.0055731 secs] 1052713K->1018281K(1499856K), 0.0056492 secs] [Times: user=0.01 sys=0.00, real=0.01 secs] 
2020-10-28T12:50:31.230+0000: [GC (Allocation Failure) 2020-10-28T12:50:31.230+0000: [ParNew: 34438K->6K(38720K), 0.0056201 secs] 1052713K->1018281K(1499856K), 0.0056863 secs] [Times: user=0.01 sys=0.00, real=0.00 secs] 
2020-10-28T12:50:31.282+0000: [GC (Allocation Failure) 2020-10-28T12:50:31.282+0000: [ParNew: 34438K->6K(38720K), 0.0055475 secs] 1052713K->1018281K(1499856K), 0.0056115 secs] [Times: user=0.01 sys=0.00, real=0.01 secs] 
2020-10-28T12:50:31.328+0000: [GC (Allocation Failure) 2020-10-28T12:50:31.328+0000: [ParNew: 34438K->6K(38720K), 0.0055257 secs] 1052713K->1018281K(1499856K), 0.0055921 secs] [Times: user=0.01 sys=0.00, real=0.00 secs] 
2020-10-28T12:50:31.378+0000: [GC (Allocation Failure) 2020-10-28T12:50:31.378+0000: [ParNew: 34438K->6K(38720K), 0.0077947 secs] 1052713K->1018281K(1499856K), 0.0078672 secs] [Times: user=0.01 sys=0.00, real=0.01 secs] 
2020-10-28T12:50:31.426+0000: [GC (Allocation Failure) 2020-10-28T12:50:31.426+0000: [ParNew: 34438K->6K(38720K), 0.0054513 secs] 1052713K->1018281K(1499856K), 0.0055169 secs] [Times: user=0.01 sys=0.00, real=0.00 secs] 
2020-10-28T12:50:31.475+0000: [GC (Allocation Failure) 2020-10-28T12:50:31.475+0000: [ParNew: 34275K->6K(38720K), 0.0054178 secs] 1052550K->1018281K(1499856K), 0.0054815 secs] [Times: user=0.01 sys=0.00, real=0.01 secs] 
2020-10-28T12:50:31.525+0000: [GC (Allocation Failure) 2020-10-28T12:50:31.525+0000: [ParNew: 34438K->6K(38720K), 0.0055225 secs] 1052713K->1018281K(1499856K), 0.0055887 secs] [Times: user=0.01 sys=0.00, real=0.01 secs] 
2020-10-28T12:50:31.578+0000: [GC (Allocation Failure) 2020-10-28T12:50:31.578+0000: [ParNew: 34438K->6K(38720K), 0.0054617 secs] 1052713K->1018281K(1499856K), 0.0055257 secs] [Times: user=0.01 sys=0.00, real=0.00 secs] 
2020-10-28T12:50:31.628+0000: [GC (Allocation Failure) 2020-10-28T12:50:31.628+0000: [ParNew: 34438K->6K(38720K), 0.0055084 secs] 1052713K->1018281K(1499856K), 0.0055726 secs] [Times: user=0.01 sys=0.00, real=0.00 secs] 
2020-10-28T12:50:31.678+0000: [GC (Allocation Failure) 2020-10-28T12:50:31.678+0000: [ParNew: 34438K->6K(38720K), 0.0055335 secs] 1052713K->1018281K(1499856K), 0.0055996 secs] [Times: user=0.02 sys=0.00, real=0.00 secs] 
2020-10-28T12:50:31.724+0000: [GC (Allocation Failure) 2020-10-28T12:50:31.724+0000: [ParNew: 34438K->6K(38720K), 0.0055054 secs] 1052713K->1018281K(1499856K), 0.0055702 secs] [Times: user=0.00 sys=0.00, real=0.01 secs] 
2020-10-28T12:50:31.772+0000: [GC (Allocation Failure) 2020-10-28T12:50:31.772+0000: [ParNew: 34438K->6K(38720K), 0.0054810 secs] 1052713K->1018281K(1499856K), 0.0055454 secs] [Times: user=0.01 sys=0.00, real=0.00 secs] 
2020-10-28T12:50:31.826+0000: [GC (Allocation Failure) 2020-10-28T12:50:31.826+0000: [ParNew: 34438K->6K(38720K), 0.0055037 secs] 1052713K->1018281K(1499856K), 0.0055669 secs] [Times: user=0.01 sys=0.00, real=0.00 secs] 
2020-10-28T12:50:31.878+0000: [GC (Allocation Failure) 2020-10-28T12:50:31.878+0000: [ParNew: 34438K->6K(38720K), 0.0054805 secs] 1052713K->1018281K(1499856K), 0.0055552 secs] [Times: user=0.01 sys=0.00, real=0.00 secs] 
2020-10-28T12:50:31.930+0000: [GC (Allocation Failure) 2020-10-28T12:50:31.930+0000: [ParNew: 34438K->8K(38720K), 0.0054604 secs] 1052713K->1018283K(1499856K), 0.0055263 secs] [Times: user=0.01 sys=0.00, real=0.00 secs] 
2020-10-28T12:50:31.978+0000: [GC (Allocation Failure) 2020-10-28T12:50:31.978+0000: [ParNew: 34440K->6K(38720K), 0.0054878 secs] 1052715K->1018281K(1499856K), 0.0055541 secs] [Times: user=0.01 sys=0.00, real=0.00 secs] 
2020-10-28T12:50:32.034+0000: [GC (Allocation Failure) 2020-10-28T12:50:32.034+0000: [ParNew: 34438K->6K(38720K), 0.0056242 secs] 1052713K->1018281K(1499856K), 0.0056906 secs] [Times: user=0.01 sys=0.00, real=0.01 secs] 
2020-10-28T12:50:32.082+0000: [GC (Allocation Failure) 2020-10-28T12:50:32.082+0000: [ParNew: 34438K->6K(38720K), 0.0056584 secs] 1052713K->1018281K(1499856K), 0.0057241 secs] [Times: user=0.01 sys=0.00, real=0.01 secs] 
2020-10-28T12:50:32.130+0000: [GC (Allocation Failure) 2020-10-28T12:50:32.130+0000: [ParNew: 34438K->6K(38720K), 0.0055206 secs] 1052713K->1018281K(1499856K), 0.0055864 secs] [Times: user=0.01 sys=0.00, real=0.00 secs] 
2020-10-28T12:50:32.178+0000: [GC (Allocation Failure) 2020-10-28T12:50:32.178+0000: [ParNew: 34438K->6K(38720K), 0.0055519 secs] 1052713K->1018281K(1499856K), 0.0056203 secs] [Times: user=0.01 sys=0.00, real=0.00 secs] 
2020-10-28T12:50:32.226+0000: [GC (Allocation Failure) 2020-10-28T12:50:32.226+0000: [ParNew: 34438K->6K(38720K), 0.0054788 secs] 1052713K->1018281K(1499856K), 0.0055459 secs] [Times: user=0.01 sys=0.00, real=0.00 secs] 
2020-10-28T12:50:32.272+0000: [GC (Allocation Failure) 2020-10-28T12:50:32.272+0000: [ParNew: 34438K->6K(38720K), 0.0054946 secs] 1052713K->1018281K(1499856K), 0.0055601 secs] [Times: user=0.01 sys=0.00, real=0.00 secs] 
2020-10-28T12:50:32.318+0000: [GC (Allocation Failure) 2020-10-28T12:50:32.318+0000: [ParNew: 34438K->6K(38720K), 0.0055056 secs] 1052713K->1018282K(1499856K), 0.0055711 secs] [Times: user=0.01 sys=0.00, real=0.00 secs] 
2020-10-28T12:50:32.365+0000: [GC (Allocation Failure) 2020-10-28T12:50:32.365+0000: [ParNew: 34438K->6K(38720K), 0.0062944 secs] 1052714K->1018282K(1499856K), 0.0063597 secs] [Times: user=0.01 sys=0.00, real=0.01 secs] 
2020-10-28T12:50:32.412+0000: [GC (Allocation Failure) 2020-10-28T12:50:32.412+0000: [ParNew: 34438K->6K(38720K), 0.0054478 secs] 1052714K->1018282K(1499856K), 0.0055137 secs] [Times: user=0.01 sys=0.00, real=0.00 secs] 
2020-10-28T12:50:32.462+0000: [GC (Allocation Failure) 2020-10-28T12:50:32.462+0000: [ParNew: 34438K->6K(38720K), 0.0055273 secs] 1052714K->1018282K(1499856K), 0.0055945 secs] [Times: user=0.01 sys=0.00, real=0.01 secs] 
2020-10-28T12:50:32.507+0000: [GC (Allocation Failure) 2020-10-28T12:50:32.507+0000: [ParNew: 34438K->6K(38720K), 0.0054957 secs] 1052714K->1018282K(1499856K), 0.0055603 secs] [Times: user=0.01 sys=0.00, real=0.00 secs] 
2020-10-28T12:50:32.557+0000: [GC (Allocation Failure) 2020-10-28T12:50:32.557+0000: [ParNew: 34438K->6K(38720K), 0.0054833 secs] 1052714K->1018282K(1499856K), 0.0055485 secs] [Times: user=0.01 sys=0.00, real=0.01 secs] 
2020-10-28T12:50:32.602+0000: [GC (Allocation Failure) 2020-10-28T12:50:32.602+0000: [ParNew: 34438K->6K(38720K), 0.0054933 secs] 1052714K->1018282K(1499856K), 0.0055591 secs] [Times: user=0.02 sys=0.00, real=0.01 secs] 
2020-10-28T12:50:32.648+0000: [GC (Allocation Failure) 2020-10-28T12:50:32.648+0000: [ParNew: 34438K->6K(38720K), 0.0055036 secs] 1052714K->1018282K(1499856K), 0.0055694 secs] [Times: user=0.01 sys=0.00, real=0.00 secs] 
2020-10-28T12:50:32.702+0000: [GC (Allocation Failure) 2020-10-28T12:50:32.702+0000: [ParNew: 34438K->6K(38720K), 0.0055477 secs] 1052714K->1018282K(1499856K), 0.0056140 secs] [Times: user=0.01 sys=0.00, real=0.01 secs] 
2020-10-28T12:50:32.748+0000: [GC (Allocation Failure) 2020-10-28T12:50:32.748+0000: [ParNew: 34438K->6K(38720K), 0.0054943 secs] 1052714K->1018282K(1499856K), 0.0055729 secs] [Times: user=0.01 sys=0.00, real=0.00 secs] 
2020-10-28T12:50:32.798+0000: [GC (Allocation Failure) 2020-10-28T12:50:32.798+0000: [ParNew: 34438K->6K(38720K), 0.0054561 secs] 1052714K->1018282K(1499856K), 0.0055320 secs] [Times: user=0.01 sys=0.00, real=0.00 secs] 
2020-10-28T12:50:32.847+0000: [GC (Allocation Failure) 2020-10-28T12:50:32.847+0000: [ParNew: 34438K->6K(38720K), 0.0054907 secs] 1052714K->1018282K(1499856K), 0.0055557 secs] [Times: user=0.01 sys=0.00, real=0.00 secs] 
2020-10-28T12:50:32.897+0000: [GC (Allocation Failure) 2020-10-28T12:50:32.897+0000: [ParNew: 34438K->6K(38720K), 0.0054676 secs] 1052714K->1018282K(1499856K), 0.0055317 secs] [Times: user=0.01 sys=0.00, real=0.01 secs] 
2020-10-28T12:50:32.946+0000: [GC (Allocation Failure) 2020-10-28T12:50:32.946+0000: [ParNew: 34438K->6K(38720K), 0.0055132 secs] 1052714K->1018282K(1499856K), 0.0055784 secs] [Times: user=0.02 sys=0.00, real=0.00 secs] 
2020-10-28T12:50:32.994+0000: [GC (Allocation Failure) 2020-10-28T12:50:32.994+0000: [ParNew: 34438K->6K(38720K), 0.0054529 secs] 1052714K->1018282K(1499856K), 0.0055173 secs] [Times: user=0.01 sys=0.00, real=0.01 secs] 
2020-10-28T12:50:33.042+0000: [GC (Allocation Failure) 2020-10-28T12:50:33.042+0000: [ParNew: 34438K->6K(38720K), 0.0054998 secs] 1052714K->1018282K(1499856K), 0.0055654 secs] [Times: user=0.01 sys=0.00, real=0.01 secs] 
2020-10-28T12:50:33.087+0000: [GC (Allocation Failure) 2020-10-28T12:50:33.087+0000: [ParNew: 34438K->6K(38720K), 0.0055503 secs] 1052714K->1018282K(1499856K), 0.0056171 secs] [Times: user=0.01 sys=0.00, real=0.00 secs] 
2020-10-28T12:50:33.137+0000: [GC (Allocation Failure) 2020-10-28T12:50:33.137+0000: [ParNew: 34438K->6K(38720K), 0.0055964 secs] 1052714K->1018282K(1499856K), 0.0056640 secs] [Times: user=0.01 sys=0.00, real=0.01 secs] 
2020-10-28T12:50:33.182+0000: [GC (Allocation Failure) 2020-10-28T12:50:33.182+0000: [ParNew: 34438K->6K(38720K), 0.0054532 secs] 1052714K->1018282K(1499856K), 0.0055178 secs] [Times: user=0.01 sys=0.00, real=0.01 secs] 
2020-10-28T12:50:33.228+0000: [GC (Allocation Failure) 2020-10-28T12:50:33.228+0000: [ParNew: 34438K->6K(38720K), 0.0054988 secs] 1052714K->1018282K(1499856K), 0.0055717 secs] [Times: user=0.01 sys=0.00, real=0.00 secs] 
2020-10-28T12:50:33.277+0000: [GC (Allocation Failure) 2020-10-28T12:50:33.277+0000: [ParNew: 34438K->6K(38720K), 0.0055196 secs] 1052714K->1018282K(1499856K), 0.0055861 secs] [Times: user=0.02 sys=0.00, real=0.01 secs] 
2020-10-28T12:50:33.331+0000: [GC (Allocation Failure) 2020-10-28T12:50:33.331+0000: [ParNew: 34438K->6K(38720K), 0.0054651 secs] 1052714K->1018282K(1499856K), 0.0055284 secs] [Times: user=0.01 sys=0.00, real=0.00 secs] 
2020-10-28T12:50:33.382+0000: [GC (Allocation Failure) 2020-10-28T12:50:33.382+0000: [ParNew: 34438K->6K(38720K), 0.0054649 secs] 1052714K->1018282K(1499856K), 0.0055217 secs] [Times: user=0.01 sys=0.00, real=0.01 secs] 
2020-10-28T12:50:33.430+0000: [GC (Allocation Failure) 2020-10-28T12:50:33.430+0000: [ParNew: 34438K->6K(38720K), 0.0054523 secs] 1052714K->1018282K(1499856K), 0.0055154 secs] [Times: user=0.01 sys=0.00, real=0.00 secs] 
2020-10-28T12:50:33.475+0000: [GC (Allocation Failure) 2020-10-28T12:50:33.475+0000: [ParNew: 34438K->6K(38720K), 0.0054931 secs] 1052714K->1018282K(1499856K), 0.0055573 secs] [Times: user=0.01 sys=0.00, real=0.01 secs] 
2020-10-28T12:50:33.521+0000: [GC (Allocation Failure) 2020-10-28T12:50:33.521+0000: [ParNew: 34438K->6K(38720K), 0.0055788 secs] 1052714K->1018282K(1499856K), 0.0056470 secs] [Times: user=0.01 sys=0.00, real=0.01 secs] 
2020-10-28T12:50:33.574+0000: [GC (Allocation Failure) 2020-10-28T12:50:33.574+0000: [ParNew: 34438K->6K(38720K), 0.0054657 secs] 1052714K->1018282K(1499856K), 0.0055301 secs] [Times: user=0.01 sys=0.00, real=0.01 secs] 
2020-10-28T12:50:33.621+0000: [GC (Allocation Failure) 2020-10-28T12:50:33.621+0000: [ParNew: 34438K->6K(38720K), 0.0054912 secs] 1052714K->1018282K(1499856K), 0.0055550 secs] [Times: user=0.01 sys=0.00, real=0.01 secs] 
2020-10-28T12:50:33.671+0000: [GC (Allocation Failure) 2020-10-28T12:50:33.671+0000: [ParNew: 34438K->6K(38720K), 0.0054987 secs] 1052714K->1018282K(1499856K), 0.0055641 secs] [Times: user=0.01 sys=0.00, real=0.00 secs] 
2020-10-28T12:50:33.718+0000: [GC (Allocation Failure) 2020-10-28T12:50:33.718+0000: [ParNew: 34438K->6K(38720K), 0.0054812 secs] 1052714K->1018282K(1499856K), 0.0055457 secs] [Times: user=0.01 sys=0.00, real=0.00 secs] 
2020-10-28T12:50:33.763+0000: [GC (Allocation Failure) 2020-10-28T12:50:33.763+0000: [ParNew: 34438K->6K(38720K), 0.0054737 secs] 1052714K->1018282K(1499856K), 0.0055366 secs] [Times: user=0.01 sys=0.00, real=0.01 secs] 
2020-10-28T12:50:33.813+0000: [GC (Allocation Failure) 2020-10-28T12:50:33.813+0000: [ParNew: 34438K->6K(38720K), 0.0054850 secs] 1052714K->1018282K(1499856K), 0.0055492 secs] [Times: user=0.01 sys=0.00, real=0.01 secs] 
2020-10-28T12:50:33.862+0000: [GC (Allocation Failure) 2020-10-28T12:50:33.862+0000: [ParNew: 34438K->6K(38720K), 0.0055017 secs] 1052714K->1018282K(1499856K), 0.0055673 secs] [Times: user=0.01 sys=0.00, real=0.01 secs] 
2020-10-28T12:50:33.910+0000: [GC (Allocation Failure) 2020-10-28T12:50:33.910+0000: [ParNew: 34438K->6K(38720K), 0.0054997 secs] 1052714K->1018282K(1499856K), 0.0055656 secs] [Times: user=0.01 sys=0.00, real=0.00 secs] 
2020-10-28T12:50:33.960+0000: [GC (Allocation Failure) 2020-10-28T12:50:33.960+0000: [ParNew: 34438K->6K(38720K), 0.0054848 secs] 1052714K->1018282K(1499856K), 0.0055490 secs] [Times: user=0.01 sys=0.00, real=0.00 secs] 
2020-10-28T12:50:34.009+0000: [GC (Allocation Failure) 2020-10-28T12:50:34.009+0000: [ParNew: 34438K->6K(38720K), 0.0054769 secs] 1052714K->1018282K(1499856K), 0.0055529 secs] [Times: user=0.01 sys=0.00, real=0.00 secs] 
2020-10-28T12:50:34.060+0000: [GC (Allocation Failure) 2020-10-28T12:50:34.060+0000: [ParNew: 34438K->6K(38720K), 0.0054476 secs] 1052714K->1018282K(1499856K), 0.0055098 secs] [Times: user=0.02 sys=0.00, real=0.00 secs] 
2020-10-28T12:50:34.109+0000: [GC (Allocation Failure) 2020-10-28T12:50:34.109+0000: [ParNew: 34438K->6K(38720K), 0.0054888 secs] 1052714K->1018282K(1499856K), 0.0055526 secs] [Times: user=0.01 sys=0.00, real=0.00 secs] 
2020-10-28T12:50:34.155+0000: [GC (Allocation Failure) 2020-10-28T12:50:34.155+0000: [ParNew: 34438K->6K(38720K), 0.0054844 secs] 1052714K->1018282K(1499856K), 0.0055499 secs] [Times: user=0.01 sys=0.00, real=0.01 secs] 
2020-10-28T12:50:34.200+0000: [GC (Allocation Failure) 2020-10-28T12:50:34.200+0000: [ParNew: 34438K->6K(38720K), 0.0054824 secs] 1052714K->1018282K(1499856K), 0.0055467 secs] [Times: user=0.01 sys=0.00, real=0.01 secs] 
2020-10-28T12:50:34.251+0000: [GC (Allocation Failure) 2020-10-28T12:50:34.251+0000: [ParNew: 34438K->6K(38720K), 0.0054639 secs] 1052714K->1018282K(1499856K), 0.0055296 secs] [Times: user=0.01 sys=0.00, real=0.00 secs] 
2020-10-28T12:50:34.298+0000: [GC (Allocation Failure) 2020-10-28T12:50:34.298+0000: [ParNew: 34438K->6K(38720K), 0.0055005 secs] 1052714K->1018282K(1499856K), 0.0055660 secs] [Times: user=0.01 sys=0.00, real=0.00 secs] 
2020-10-28T12:50:34.347+0000: [GC (Allocation Failure) 2020-10-28T12:50:34.347+0000: [ParNew: 34438K->6K(38720K), 0.0055659 secs] 1052714K->1018282K(1499856K), 0.0056308 secs] [Times: user=0.02 sys=0.00, real=0.00 secs] 
2020-10-28T12:50:34.393+0000: [GC (Allocation Failure) 2020-10-28T12:50:34.393+0000: [ParNew: 34438K->6K(38720K), 0.0056680 secs] 1052714K->1018282K(1499856K), 0.0057559 secs] [Times: user=0.01 sys=0.00, real=0.01 secs] 
2020-10-28T12:50:34.439+0000: [GC (Allocation Failure) 2020-10-28T12:50:34.439+0000: [ParNew: 34438K->6K(38720K), 0.0055451 secs] 1052714K->1018282K(1499856K), 0.0056095 secs] [Times: user=0.01 sys=0.00, real=0.00 secs] 
2020-10-28T12:50:34.485+0000: [GC (Allocation Failure) 2020-10-28T12:50:34.485+0000: [ParNew: 34438K->6K(38720K), 0.0054641 secs] 1052714K->1018282K(1499856K), 0.0055288 secs] [Times: user=0.01 sys=0.00, real=0.01 secs] 
2020-10-28T12:50:34.534+0000: [GC (Allocation Failure) 2020-10-28T12:50:34.534+0000: [ParNew: 34438K->6K(38720K), 0.0054545 secs] 1052714K->1018282K(1499856K), 0.0055188 secs] [Times: user=0.01 sys=0.00, real=0.01 secs] 
2020-10-28T12:50:34.586+0000: [GC (Allocation Failure) 2020-10-28T12:50:34.586+0000: [ParNew: 34438K->6K(38720K), 0.0054893 secs] 1052714K->1018282K(1499856K), 0.0055525 secs] [Times: user=0.01 sys=0.00, real=0.00 secs] 
2020-10-28T12:50:34.635+0000: [GC (Allocation Failure) 2020-10-28T12:50:34.635+0000: [ParNew: 34438K->6K(38720K), 0.0054780 secs] 1052714K->1018282K(1499856K), 0.0055424 secs] [Times: user=0.01 sys=0.00, real=0.01 secs] 
2020-10-28T12:50:34.686+0000: [GC (Allocation Failure) 2020-10-28T12:50:34.686+0000: [ParNew: 34438K->6K(38720K), 0.0055171 secs] 1052714K->1018282K(1499856K), 0.0055821 secs] [Times: user=0.02 sys=0.00, real=0.00 secs] 
2020-10-28T12:50:34.734+0000: [GC (Allocation Failure) 2020-10-28T12:50:34.734+0000: [ParNew: 34438K->6K(38720K), 0.0054690 secs] 1052714K->1018282K(1499856K), 0.0055340 secs] [Times: user=0.01 sys=0.00, real=0.01 secs] 
2020-10-28T12:50:34.785+0000: [GC (Allocation Failure) 2020-10-28T12:50:34.785+0000: [ParNew: 34438K->6K(38720K), 0.0055098 secs] 1052714K->1018282K(1499856K), 0.0055744 secs] [Times: user=0.01 sys=0.00, real=0.01 secs] 
2020-10-28T12:50:34.834+0000: [GC (Allocation Failure) 2020-10-28T12:50:34.834+0000: [ParNew: 34438K->6K(38720K), 0.0055661 secs] 1052714K->1018282K(1499856K), 0.0056327 secs] [Times: user=0.01 sys=0.00, real=0.01 secs] 
2020-10-28T12:50:34.880+0000: [GC (Allocation Failure) 2020-10-28T12:50:34.880+0000: [ParNew: 34438K->6K(38720K), 0.0054741 secs] 1052714K->1018282K(1499856K), 0.0055389 secs] [Times: user=0.02 sys=0.00, real=0.00 secs] 
2020-10-28T12:50:34.925+0000: [GC (Allocation Failure) 2020-10-28T12:50:34.925+0000: [ParNew: 34438K->6K(38720K), 0.0055057 secs] 1052714K->1018282K(1499856K), 0.0055705 secs] [Times: user=0.02 sys=0.00, real=0.01 secs] 
2020-10-28T12:50:34.971+0000: [GC (Allocation Failure) 2020-10-28T12:50:34.971+0000: [ParNew: 34438K->6K(38720K), 0.0054727 secs] 1052714K->1018282K(1499856K), 0.0055361 secs] [Times: user=0.01 sys=0.00, real=0.00 secs] 
2020-10-28T12:50:35.020+0000: [GC (Allocation Failure) 2020-10-28T12:50:35.020+0000: [ParNew: 34438K->6K(38720K), 0.0055273 secs] 1052714K->1018282K(1499856K), 0.0055912 secs] [Times: user=0.01 sys=0.00, real=0.01 secs] 
2020-10-28T12:50:35.066+0000: [GC (Allocation Failure) 2020-10-28T12:50:35.066+0000: [ParNew: 34438K->6K(38720K), 0.0055436 secs] 1052714K->1018282K(1499856K), 0.0056081 secs] [Times: user=0.01 sys=0.00, real=0.00 secs] 
2020-10-28T12:50:35.118+0000: [GC (Allocation Failure) 2020-10-28T12:50:35.118+0000: [ParNew: 34438K->8K(38720K), 0.0054725 secs] 1052714K->1018284K(1499856K), 0.0055376 secs] [Times: user=0.01 sys=0.00, real=0.00 secs] 
2020-10-28T12:50:35.166+0000: [GC (Allocation Failure) 2020-10-28T12:50:35.166+0000: [ParNew: 34440K->6K(38720K), 0.0055613 secs] 1052716K->1018282K(1499856K), 0.0056266 secs] [Times: user=0.01 sys=0.00, real=0.00 secs] 
2020-10-28T12:50:35.216+0000: [GC (Allocation Failure) 2020-10-28T12:50:35.216+0000: [ParNew: 34438K->6K(38720K), 0.0054841 secs] 1052714K->1018282K(1499856K), 0.0055485 secs] [Times: user=0.01 sys=0.00, real=0.01 secs] 
2020-10-28T12:50:35.262+0000: [GC (Allocation Failure) 2020-10-28T12:50:35.262+0000: [ParNew: 34438K->6K(38720K), 0.0110513 secs] 1052714K->1018282K(1499856K), 0.0111247 secs] [Times: user=0.01 sys=0.00, real=0.01 secs] 
2020-10-28T12:50:35.322+0000: [GC (Allocation Failure) 2020-10-28T12:50:35.322+0000: [ParNew: 34438K->6K(38720K), 0.0055308 secs] 1052714K->1018282K(1499856K), 0.0055983 secs] [Times: user=0.01 sys=0.00, real=0.01 secs] 
2020-10-28T12:50:35.369+0000: [GC (Allocation Failure) 2020-10-28T12:50:35.369+0000: [ParNew: 34438K->6K(38720K), 0.0062570 secs] 1052714K->1018282K(1499856K), 0.0063266 secs] [Times: user=0.02 sys=0.00, real=0.00 secs] 
2020-10-28T12:50:35.415+0000: [GC (Allocation Failure) 2020-10-28T12:50:35.415+0000: [ParNew: 34438K->6K(38720K), 0.0054656 secs] 1052714K->1018282K(1499856K), 0.0055308 secs] [Times: user=0.01 sys=0.00, real=0.01 secs] 
2020-10-28T12:50:35.466+0000: [GC (Allocation Failure) 2020-10-28T12:50:35.466+0000: [ParNew: 34438K->6K(38720K), 0.0054762 secs] 1052714K->1018282K(1499856K), 0.0055427 secs] [Times: user=0.01 sys=0.00, real=0.00 secs] 
2020-10-28T12:50:35.511+0000: [GC (Allocation Failure) 2020-10-28T12:50:35.511+0000: [ParNew: 34438K->6K(38720K), 0.0055484 secs] 1052714K->1018282K(1499856K), 0.0056165 secs] [Times: user=0.01 sys=0.00, real=0.00 secs] 
2020-10-28T12:50:35.561+0000: [GC (Allocation Failure) 2020-10-28T12:50:35.561+0000: [ParNew: 34438K->6K(38720K), 0.0054824 secs] 1052714K->1018282K(1499856K), 0.0055471 secs] [Times: user=0.01 sys=0.00, real=0.01 secs] 
2020-10-28T12:50:35.606+0000: [GC (Allocation Failure) 2020-10-28T12:50:35.606+0000: [ParNew: 34438K->6K(38720K), 0.0055437 secs] 1052714K->1018282K(1499856K), 0.0056111 secs] [Times: user=0.01 sys=0.00, real=0.00 secs] 
2020-10-28T12:50:35.654+0000: [GC (Allocation Failure) 2020-10-28T12:50:35.654+0000: [ParNew: 34438K->6K(38720K), 0.0054496 secs] 1052714K->1018282K(1499856K), 0.0055146 secs] [Times: user=0.01 sys=0.00, real=0.01 secs] 
2020-10-28T12:50:35.709+0000: [GC (Allocation Failure) 2020-10-28T12:50:35.709+0000: [ParNew: 34438K->6K(38720K), 0.0055981 secs] 1052714K->1018282K(1499856K), 0.0056644 secs] [Times: user=0.01 sys=0.00, real=0.00 secs] 
2020-10-28T12:50:35.758+0000: [GC (Allocation Failure) 2020-10-28T12:50:35.758+0000: [ParNew: 34438K->6K(38720K), 0.0054626 secs] 1052714K->1018282K(1499856K), 0.0055267 secs] [Times: user=0.01 sys=0.00, real=0.00 secs] 
2020-10-28T12:50:35.807+0000: [GC (Allocation Failure) 2020-10-28T12:50:35.807+0000: [ParNew: 34438K->6K(38720K), 0.0054433 secs] 1052714K->1018282K(1499856K), 0.0055073 secs] [Times: user=0.01 sys=0.00, real=0.00 secs] 
2020-10-28T12:50:35.858+0000: [GC (Allocation Failure) 2020-10-28T12:50:35.858+0000: [ParNew: 34438K->6K(38720K), 0.0054732 secs] 1052714K->1018282K(1499856K), 0.0055386 secs] [Times: user=0.01 sys=0.00, real=0.00 secs] 
2020-10-28T12:50:35.903+0000: [GC (Allocation Failure) 2020-10-28T12:50:35.903+0000: [ParNew: 34438K->6K(38720K), 0.0054585 secs] 1052714K->1018282K(1499856K), 0.0055224 secs] [Times: user=0.01 sys=0.00, real=0.01 secs] 
2020-10-28T12:50:35.955+0000: [GC (Allocation Failure) 2020-10-28T12:50:35.955+0000: [ParNew: 34438K->6K(38720K), 0.0054731 secs] 1052714K->1018282K(1499856K), 0.0055391 secs] [Times: user=0.01 sys=0.00, real=0.01 secs] 
2020-10-28T12:50:36.002+0000: [GC (Allocation Failure) 2020-10-28T12:50:36.002+0000: [ParNew: 34438K->6K(38720K), 0.0055364 secs] 1052714K->1018282K(1499856K), 0.0056033 secs] [Times: user=0.01 sys=0.00, real=0.01 secs] 
2020-10-28T12:50:36.047+0000: [GC (Allocation Failure) 2020-10-28T12:50:36.047+0000: [ParNew: 34438K->6K(38720K), 0.0055498 secs] 1052714K->1018282K(1499856K), 0.0056142 secs] [Times: user=0.01 sys=0.00, real=0.00 secs] 
2020-10-28T12:50:36.097+0000: [GC (Allocation Failure) 2020-10-28T12:50:36.097+0000: [ParNew: 34438K->6K(38720K), 0.0055934 secs] 1052714K->1018282K(1499856K), 0.0056607 secs] [Times: user=0.01 sys=0.00, real=0.01 secs] 
2020-10-28T12:50:36.146+0000: [GC (Allocation Failure) 2020-10-28T12:50:36.146+0000: [ParNew: 34438K->6K(38720K), 0.0054982 secs] 1052714K->1018282K(1499856K), 0.0055632 secs] [Times: user=0.01 sys=0.00, real=0.00 secs] 
2020-10-28T12:50:36.194+0000: [GC (Allocation Failure) 2020-10-28T12:50:36.194+0000: [ParNew: 34438K->6K(38720K), 0.0055191 secs] 1052714K->1018282K(1499856K), 0.0055889 secs] [Times: user=0.01 sys=0.00, real=0.01 secs] 
2020-10-28T12:50:36.239+0000: [GC (Allocation Failure) 2020-10-28T12:50:36.239+0000: [ParNew: 34438K->6K(38720K), 0.0054924 secs] 1052714K->1018282K(1499856K), 0.0055595 secs] [Times: user=0.01 sys=0.00, real=0.00 secs] 
2020-10-28T12:50:36.290+0000: [GC (Allocation Failure) 2020-10-28T12:50:36.290+0000: [ParNew: 34438K->6K(38720K), 0.0054849 secs] 1052714K->1018282K(1499856K), 0.0055502 secs] [Times: user=0.01 sys=0.00, real=0.00 secs] 
2020-10-28T12:50:36.345+0000: [GC (Allocation Failure) 2020-10-28T12:50:36.345+0000: [ParNew: 34438K->6K(38720K), 0.0054518 secs] 1052714K->1018282K(1499856K), 0.0055148 secs] [Times: user=0.02 sys=0.00, real=0.01 secs] 
2020-10-28T12:50:36.398+0000: [GC (Allocation Failure) 2020-10-28T12:50:36.398+0000: [ParNew: 34438K->6K(38720K), 0.0055561 secs] 1052714K->1018282K(1499856K), 0.0056218 secs] [Times: user=0.01 sys=0.00, real=0.00 secs] 
2020-10-28T12:50:36.445+0000: [GC (Allocation Failure) 2020-10-28T12:50:36.445+0000: [ParNew: 34438K->6K(38720K), 0.0054649 secs] 1052714K->1018282K(1499856K), 0.0055287 secs] [Times: user=0.01 sys=0.00, real=0.01 secs] 
2020-10-28T12:50:36.494+0000: [GC (Allocation Failure) 2020-10-28T12:50:36.494+0000: [ParNew: 34438K->6K(38720K), 0.0054410 secs] 1052714K->1018282K(1499856K), 0.0055040 secs] [Times: user=0.01 sys=0.00, real=0.01 secs] 
2020-10-28T12:50:36.546+0000: [GC (Allocation Failure) 2020-10-28T12:50:36.546+0000: [ParNew: 34438K->6K(38720K), 0.0054568 secs] 1052714K->1018282K(1499856K), 0.0055201 secs] [Times: user=0.02 sys=0.00, real=0.00 secs] 
2020-10-28T12:50:36.591+0000: [GC (Allocation Failure) 2020-10-28T12:50:36.591+0000: [ParNew: 34438K->6K(38720K), 0.0054644 secs] 1052714K->1018282K(1499856K), 0.0055288 secs] [Times: user=0.02 sys=0.00, real=0.00 secs] 
2020-10-28T12:50:36.641+0000: [GC (Allocation Failure) 2020-10-28T12:50:36.641+0000: [ParNew: 34438K->6K(38720K), 0.0054650 secs] 1052714K->1018282K(1499856K), 0.0055285 secs] [Times: user=0.01 sys=0.00, real=0.01 secs] 
2020-10-28T12:50:36.689+0000: [GC (Allocation Failure) 2020-10-28T12:50:36.689+0000: [ParNew: 34438K->6K(38720K), 0.0054885 secs] 1052714K->1018282K(1499856K), 0.0055523 secs] [Times: user=0.01 sys=0.00, real=0.00 secs] 
2020-10-28T12:50:36.738+0000: [GC (Allocation Failure) 2020-10-28T12:50:36.738+0000: [ParNew: 34438K->6K(38720K), 0.0054707 secs] 1052714K->1018282K(1499856K), 0.0055348 secs] [Times: user=0.01 sys=0.00, real=0.00 secs] 
2020-10-28T12:50:36.786+0000: [GC (Allocation Failure) 2020-10-28T12:50:36.786+0000: [ParNew: 34438K->6K(38720K), 0.0055087 secs] 1052714K->1018282K(1499856K), 0.0055737 secs] [Times: user=0.01 sys=0.00, real=0.00 secs] 
2020-10-28T12:50:36.841+0000: [GC (Allocation Failure) 2020-10-28T12:50:36.841+0000: [ParNew: 34438K->6K(38720K), 0.0055157 secs] 1052714K->1018282K(1499856K), 0.0055815 secs] [Times: user=0.01 sys=0.00, real=0.01 secs] 
2020-10-28T12:50:36.890+0000: [GC (Allocation Failure) 2020-10-28T12:50:36.890+0000: [ParNew: 34438K->6K(38720K), 0.0054964 secs] 1052714K->1018282K(1499856K), 0.0055638 secs] [Times: user=0.01 sys=0.00, real=0.00 secs] 
2020-10-28T12:50:36.942+0000: [GC (Allocation Failure) 2020-10-28T12:50:36.942+0000: [ParNew: 34438K->6K(38720K), 0.0056074 secs] 1052714K->1018282K(1499856K), 0.0056763 secs] [Times: user=0.01 sys=0.00, real=0.01 secs] 
2020-10-28T12:50:36.988+0000: [GC (Allocation Failure) 2020-10-28T12:50:36.988+0000: [ParNew: 34438K->6K(38720K), 0.0055545 secs] 1052714K->1018282K(1499856K), 0.0056227 secs] [Times: user=0.02 sys=0.00, real=0.00 secs] 
2020-10-28T12:50:37.034+0000: [GC (Allocation Failure) 2020-10-28T12:50:37.034+0000: [ParNew: 34438K->6K(38720K), 0.0056158 secs] 1052714K->1018282K(1499856K), 0.0056919 secs] [Times: user=0.01 sys=0.00, real=0.01 secs] 
2020-10-28T12:50:37.082+0000: [GC (Allocation Failure) 2020-10-28T12:50:37.082+0000: [ParNew: 34438K->6K(38720K), 0.0054997 secs] 1052714K->1018282K(1499856K), 0.0055650 secs] [Times: user=0.01 sys=0.00, real=0.01 secs] 
2020-10-28T12:50:37.131+0000: [GC (Allocation Failure) 2020-10-28T12:50:37.131+0000: [ParNew: 34438K->6K(38720K), 0.0055472 secs] 1052714K->1018282K(1499856K), 0.0056134 secs] [Times: user=0.01 sys=0.00, real=0.00 secs] 
2020-10-28T12:50:37.182+0000: [GC (Allocation Failure) 2020-10-28T12:50:37.182+0000: [ParNew: 34438K->6K(38720K), 0.0055076 secs] 1052714K->1018282K(1499856K), 0.0055772 secs] [Times: user=0.02 sys=0.00, real=0.01 secs] 
2020-10-28T12:50:37.232+0000: [GC (Allocation Failure) 2020-10-28T12:50:37.232+0000: [ParNew: 34438K->6K(38720K), 0.0055165 secs] 1052714K->1018282K(1499856K), 0.0055849 secs] [Times: user=0.01 sys=0.00, real=0.01 secs] 
2020-10-28T12:50:37.282+0000: [GC (Allocation Failure) 2020-10-28T12:50:37.282+0000: [ParNew: 34438K->6K(38720K), 0.0055134 secs] 1052714K->1018282K(1499856K), 0.0055788 secs] [Times: user=0.01 sys=0.00, real=0.01 secs] 
2020-10-28T12:50:37.330+0000: [GC (Allocation Failure) 2020-10-28T12:50:37.330+0000: [ParNew: 34438K->6K(38720K), 0.0055372 secs] 1052714K->1018282K(1499856K), 0.0056016 secs] [Times: user=0.01 sys=0.00, real=0.00 secs] 
2020-10-28T12:50:37.382+0000: [GC (Allocation Failure) 2020-10-28T12:50:37.382+0000: [ParNew: 34438K->6K(38720K), 0.0055197 secs] 1052714K->1018282K(1499856K), 0.0055788 secs] [Times: user=0.01 sys=0.00, real=0.01 secs] 
2020-10-28T12:50:37.430+0000: [GC (Allocation Failure) 2020-10-28T12:50:37.430+0000: [ParNew: 34438K->6K(38720K), 0.0054716 secs] 1052714K->1018282K(1499856K), 0.0055374 secs] [Times: user=0.01 sys=0.00, real=0.00 secs] 
2020-10-28T12:50:37.475+0000: [GC (Allocation Failure) 2020-10-28T12:50:37.475+0000: [ParNew: 34438K->6K(38720K), 0.0054549 secs] 1052714K->1018282K(1499856K), 0.0055181 secs] [Times: user=0.01 sys=0.00, real=0.01 secs] 
2020-10-28T12:50:37.526+0000: [GC (Allocation Failure) 2020-10-28T12:50:37.526+0000: [ParNew: 34438K->6K(38720K), 0.0054957 secs] 1052714K->1018282K(1499856K), 0.0055627 secs] [Times: user=0.01 sys=0.00, real=0.00 secs] 
2020-10-28T12:50:37.571+0000: [GC (Allocation Failure) 2020-10-28T12:50:37.571+0000: [ParNew: 34438K->6K(38720K), 0.0055065 secs] 1052714K->1018282K(1499856K), 0.0055734 secs] [Times: user=0.01 sys=0.00, real=0.00 secs] 
2020-10-28T12:50:37.617+0000: [GC (Allocation Failure) 2020-10-28T12:50:37.617+0000: [ParNew: 34438K->6K(38720K), 0.0056155 secs] 1052714K->1018282K(1499856K), 0.0056838 secs] [Times: user=0.01 sys=0.00, real=0.01 secs] 
2020-10-28T12:50:37.667+0000: [GC (Allocation Failure) 2020-10-28T12:50:37.667+0000: [ParNew: 34438K->6K(38720K), 0.0055098 secs] 1052714K->1018282K(1499856K), 0.0055764 secs] [Times: user=0.01 sys=0.00, real=0.00 secs] 
2020-10-28T12:50:37.713+0000: [GC (Allocation Failure) 2020-10-28T12:50:37.713+0000: [ParNew: 34438K->6K(38720K), 0.0056099 secs] 1052714K->1018282K(1499856K), 0.0056779 secs] [Times: user=0.01 sys=0.00, real=0.01 secs] 
2020-10-28T12:50:37.762+0000: [GC (Allocation Failure) 2020-10-28T12:50:37.762+0000: [ParNew: 34438K->6K(38720K), 0.0054664 secs] 1052714K->1018282K(1499856K), 0.0055398 secs] [Times: user=0.01 sys=0.00, real=0.01 secs] 
2020-10-28T12:50:37.818+0000: [GC (Allocation Failure) 2020-10-28T12:50:37.818+0000: [ParNew: 34438K->6K(38720K), 0.0061036 secs] 1052714K->1018282K(1499856K), 0.0061825 secs] [Times: user=0.01 sys=0.00, real=0.00 secs] 
2020-10-28T12:50:37.869+0000: [GC (Allocation Failure) 2020-10-28T12:50:37.869+0000: [ParNew: 34438K->6K(38720K), 0.0054633 secs] 1052714K->1018282K(1499856K), 0.0055289 secs] [Times: user=0.01 sys=0.00, real=0.00 secs] 
2020-10-28T12:50:37.918+0000: [GC (Allocation Failure) 2020-10-28T12:50:37.918+0000: [ParNew: 34438K->6K(38720K), 0.0054903 secs] 1052714K->1018282K(1499856K), 0.0055561 secs] [Times: user=0.01 sys=0.00, real=0.00 secs] 
2020-10-28T12:50:37.968+0000: [GC (Allocation Failure) 2020-10-28T12:50:37.968+0000: [ParNew: 34438K->6K(38720K), 0.0055396 secs] 1052714K->1018282K(1499856K), 0.0056055 secs] [Times: user=0.01 sys=0.00, real=0.00 secs] 
2020-10-28T12:50:38.014+0000: [GC (Allocation Failure) 2020-10-28T12:50:38.014+0000: [ParNew: 34438K->6K(38720K), 0.0055076 secs] 1052714K->1018282K(1499856K), 0.0055703 secs] [Times: user=0.01 sys=0.00, real=0.01 secs] 
2020-10-28T12:50:38.063+0000: [GC (Allocation Failure) 2020-10-28T12:50:38.063+0000: [ParNew: 34438K->6K(38720K), 0.0054884 secs] 1052714K->1018282K(1499856K), 0.0055544 secs] [Times: user=0.01 sys=0.00, real=0.01 secs] 
2020-10-28T12:50:38.110+0000: [GC (Allocation Failure) 2020-10-28T12:50:38.110+0000: [ParNew: 34438K->6K(38720K), 0.0056187 secs] 1052714K->1018282K(1499856K), 0.0056865 secs] [Times: user=0.02 sys=0.00, real=0.00 secs] 
2020-10-28T12:50:38.155+0000: [GC (Allocation Failure) 2020-10-28T12:50:38.155+0000: [ParNew: 34438K->6K(38720K), 0.0055462 secs] 1052714K->1018282K(1499856K), 0.0056097 secs] [Times: user=0.02 sys=0.00, real=0.01 secs] 
2020-10-28T12:50:38.202+0000: [GC (Allocation Failure) 2020-10-28T12:50:38.202+0000: [ParNew: 34438K->6K(38720K), 0.0055309 secs] 1052714K->1018282K(1499856K), 0.0055992 secs] [Times: user=0.01 sys=0.00, real=0.01 secs] 
2020-10-28T12:50:38.258+0000: [GC (Allocation Failure) 2020-10-28T12:50:38.258+0000: [ParNew: 34438K->6K(38720K), 0.0055472 secs] 1052714K->1018282K(1499856K), 0.0056318 secs] [Times: user=0.02 sys=0.00, real=0.00 secs] 
2020-10-28T12:50:38.305+0000: [GC (Allocation Failure) 2020-10-28T12:50:38.305+0000: [ParNew: 34438K->6K(38720K), 0.0054573 secs] 1052714K->1018282K(1499856K), 0.0055199 secs] [Times: user=0.02 sys=0.00, real=0.01 secs] 
2020-10-28T12:50:38.354+0000: [GC (Allocation Failure) 2020-10-28T12:50:38.354+0000: [ParNew: 34438K->6K(38720K), 0.0055822 secs] 1052714K->1018282K(1499856K), 0.0056364 secs] [Times: user=0.01 sys=0.00, real=0.01 secs] 
2020-10-28T12:50:38.402+0000: [GC (Allocation Failure) 2020-10-28T12:50:38.402+0000: [ParNew: 34438K->6K(38720K), 0.0054778 secs] 1052714K->1018282K(1499856K), 0.0055336 secs] [Times: user=0.01 sys=0.00, real=0.01 secs] 
2020-10-28T12:50:38.450+0000: [GC (Allocation Failure) 2020-10-28T12:50:38.450+0000: [ParNew: 34438K->6K(38720K), 0.0054678 secs] 1052714K->1018282K(1499856K), 0.0055324 secs] [Times: user=0.01 sys=0.00, real=0.00 secs] 
2020-10-28T12:50:38.495+0000: [GC (Allocation Failure) 2020-10-28T12:50:38.495+0000: [ParNew: 34438K->6K(38720K), 0.0054755 secs] 1052714K->1018282K(1499856K), 0.0055382 secs] [Times: user=0.01 sys=0.00, real=0.01 secs] 
2020-10-28T12:50:38.545+0000: [GC (Allocation Failure) 2020-10-28T12:50:38.545+0000: [ParNew: 34438K->6K(38720K), 0.0055727 secs] 1052714K->1018282K(1499856K), 0.0056493 secs] [Times: user=0.01 sys=0.01, real=0.01 secs] 
2020-10-28T12:50:38.592+0000: [GC (Allocation Failure) 2020-10-28T12:50:38.592+0000: [ParNew: 34438K->6K(38720K), 0.0054612 secs] 1052714K->1018282K(1499856K), 0.0055247 secs] [Times: user=0.01 sys=0.00, real=0.00 secs] 
2020-10-28T12:50:38.642+0000: [GC (Allocation Failure) 2020-10-28T12:50:38.642+0000: [ParNew: 34438K->6K(38720K), 0.0054705 secs] 1052714K->1018282K(1499856K), 0.0055359 secs] [Times: user=0.01 sys=0.00, real=0.01 secs] 
2020-10-28T12:50:38.688+0000: [GC (Allocation Failure) 2020-10-28T12:50:38.688+0000: [ParNew: 34438K->6K(38720K), 0.0055050 secs] 1052714K->1018282K(1499856K), 0.0055715 secs] [Times: user=0.01 sys=0.00, real=0.00 secs] 
2020-10-28T12:50:38.738+0000: [GC (Allocation Failure) 2020-10-28T12:50:38.738+0000: [ParNew: 34438K->6K(38720K), 0.0055012 secs] 1052714K->1018282K(1499856K), 0.0055687 secs] [Times: user=0.01 sys=0.00, real=0.00 secs] 
2020-10-28T12:50:38.783+0000: [GC (Allocation Failure) 2020-10-28T12:50:38.783+0000: [ParNew: 34438K->6K(38720K), 0.0054858 secs] 1052714K->1018282K(1499856K), 0.0055508 secs] [Times: user=0.01 sys=0.00, real=0.01 secs] 
2020-10-28T12:50:38.833+0000: [GC (Allocation Failure) 2020-10-28T12:50:38.833+0000: [ParNew: 34438K->6K(38720K), 0.0055473 secs] 1052714K->1018282K(1499856K), 0.0056143 secs] [Times: user=0.01 sys=0.00, real=0.01 secs] 
2020-10-28T12:50:38.879+0000: [GC (Allocation Failure) 2020-10-28T12:50:38.879+0000: [ParNew: 34438K->6K(38720K), 0.0054885 secs] 1052714K->1018282K(1499856K), 0.0055538 secs] [Times: user=0.01 sys=0.00, real=0.00 secs] 
2020-10-28T12:50:38.930+0000: [GC (Allocation Failure) 2020-10-28T12:50:38.930+0000: [ParNew: 34438K->6K(38720K), 0.0054680 secs] 1052714K->1018282K(1499856K), 0.0055329 secs] [Times: user=0.01 sys=0.00, real=0.00 secs] 
2020-10-28T12:50:38.975+0000: [GC (Allocation Failure) 2020-10-28T12:50:38.975+0000: [ParNew: 34438K->6K(38720K), 0.0054743 secs] 1052714K->1018282K(1499856K), 0.0055401 secs] [Times: user=0.01 sys=0.00, real=0.01 secs] 
2020-10-28T12:50:39.021+0000: [GC (Allocation Failure) 2020-10-28T12:50:39.021+0000: [ParNew: 34438K->6K(38720K), 0.0055110 secs] 1052714K->1018282K(1499856K), 0.0055754 secs] [Times: user=0.01 sys=0.00, real=0.01 secs] 
2020-10-28T12:50:39.072+0000: [GC (Allocation Failure) 2020-10-28T12:50:39.072+0000: [ParNew: 34438K->21K(38720K), 0.0055143 secs] 1052714K->1018297K(1499856K), 0.0055791 secs] [Times: user=0.02 sys=0.00, real=0.01 secs] 
2020-10-28T12:50:39.121+0000: [GC (Allocation Failure) 2020-10-28T12:50:39.121+0000: [ParNew: 34453K->6K(38720K), 0.0055781 secs] 1052729K->1018282K(1499856K), 0.0056433 secs] [Times: user=0.01 sys=0.00, real=0.01 secs] 
2020-10-28T12:50:39.170+0000: [GC (Allocation Failure) 2020-10-28T12:50:39.170+0000: [ParNew: 34438K->6K(38720K), 0.0055186 secs] 1052714K->1018282K(1499856K), 0.0055846 secs] [Times: user=0.01 sys=0.00, real=0.00 secs] 
2020-10-28T12:50:39.216+0000: [GC (Allocation Failure) 2020-10-28T12:50:39.216+0000: [ParNew: 34438K->6K(38720K), 0.0054705 secs] 1052714K->1018282K(1499856K), 0.0055360 secs] [Times: user=0.01 sys=0.00, real=0.01 secs] 
2020-10-28T12:50:39.262+0000: [GC (Allocation Failure) 2020-10-28T12:50:39.262+0000: [ParNew: 34438K->6K(38720K), 0.0055539 secs] 1052714K->1018282K(1499856K), 0.0056188 secs] [Times: user=0.01 sys=0.00, real=0.01 secs] 
2020-10-28T12:50:39.313+0000: [GC (Allocation Failure) 2020-10-28T12:50:39.313+0000: [ParNew: 34438K->6K(38720K), 0.0055603 secs] 1052714K->1018282K(1499856K), 0.0056258 secs] [Times: user=0.01 sys=0.00, real=0.01 secs] 
2020-10-28T12:50:39.364+0000: [GC (Allocation Failure) 2020-10-28T12:50:39.364+0000: [ParNew: 34438K->6K(38720K), 0.0059119 secs] 1052714K->1018282K(1499856K), 0.0059908 secs] [Times: user=0.01 sys=0.00, real=0.01 secs] 
2020-10-28T12:50:39.418+0000: [GC (Allocation Failure) 2020-10-28T12:50:39.418+0000: [ParNew: 34438K->6K(38720K), 0.0055277 secs] 1052714K->1018282K(1499856K), 0.0055927 secs] [Times: user=0.01 sys=0.00, real=0.00 secs] 
2020-10-28T12:50:39.467+0000: [GC (Allocation Failure) 2020-10-28T12:50:39.467+0000: [ParNew: 34438K->6K(38720K), 0.0055307 secs] 1052714K->1018282K(1499856K), 0.0055951 secs] [Times: user=0.01 sys=0.00, real=0.00 secs] 
2020-10-28T12:50:39.517+0000: [GC (Allocation Failure) 2020-10-28T12:50:39.517+0000: [ParNew: 34438K->6K(38720K), 0.0055006 secs] 1052714K->1018282K(1499856K), 0.0055654 secs] [Times: user=0.01 sys=0.00, real=0.01 secs] 
2020-10-28T12:50:39.563+0000: [GC (Allocation Failure) 2020-10-28T12:50:39.563+0000: [ParNew: 34438K->6K(38720K), 0.0054949 secs] 1052714K->1018282K(1499856K), 0.0055592 secs] [Times: user=0.01 sys=0.00, real=0.01 secs] 
2020-10-28T12:50:39.612+0000: [GC (Allocation Failure) 2020-10-28T12:50:39.612+0000: [ParNew: 34438K->6K(38720K), 0.0055042 secs] 1052714K->1018282K(1499856K), 0.0055715 secs] [Times: user=0.01 sys=0.00, real=0.01 secs] 
2020-10-28T12:50:39.658+0000: [GC (Allocation Failure) 2020-10-28T12:50:39.658+0000: [ParNew: 34438K->6K(38720K), 0.0055068 secs] 1052714K->1018282K(1499856K), 0.0055708 secs] [Times: user=0.02 sys=0.00, real=0.00 secs] 
2020-10-28T12:50:39.706+0000: [GC (Allocation Failure) 2020-10-28T12:50:39.706+0000: [ParNew: 34438K->6K(38720K), 0.0054543 secs] 1052714K->1018282K(1499856K), 0.0055189 secs] [Times: user=0.01 sys=0.00, real=0.00 secs] 
2020-10-28T12:50:39.751+0000: [GC (Allocation Failure) 2020-10-28T12:50:39.751+0000: [ParNew: 34438K->6K(38720K), 0.0055143 secs] 1052714K->1018282K(1499856K), 0.0055871 secs] [Times: user=0.01 sys=0.00, real=0.00 secs] 
2020-10-28T12:50:39.798+0000: [GC (Allocation Failure) 2020-10-28T12:50:39.798+0000: [ParNew: 34438K->6K(38720K), 0.0057504 secs] 1052714K->1018282K(1499856K), 0.0058415 secs] [Times: user=0.01 sys=0.00, real=0.00 secs] 
2020-10-28T12:50:39.852+0000: [GC (Allocation Failure) 2020-10-28T12:50:39.852+0000: [ParNew: 34438K->6K(38720K), 0.0055462 secs] 1052714K->1018282K(1499856K), 0.0056050 secs] [Times: user=0.01 sys=0.00, real=0.00 secs] 
2020-10-28T12:50:39.898+0000: [GC (Allocation Failure) 2020-10-28T12:50:39.898+0000: [ParNew: 34438K->6K(38720K), 0.0054510 secs] 1052714K->1018282K(1499856K), 0.0055173 secs] [Times: user=0.01 sys=0.00, real=0.00 secs] 
2020-10-28T12:50:39.944+0000: [GC (Allocation Failure) 2020-10-28T12:50:39.944+0000: [ParNew: 34438K->6K(38720K), 0.0135311 secs] 1052714K->1018282K(1499856K), 0.0136143 secs] [Times: user=0.01 sys=0.00, real=0.02 secs] 
2020-10-28T12:50:39.998+0000: [GC (Allocation Failure) 2020-10-28T12:50:39.998+0000: [ParNew: 34438K->6K(38720K), 0.0054712 secs] 1052714K->1018282K(1499856K), 0.0055356 secs] [Times: user=0.01 sys=0.00, real=0.00 secs] 
2020-10-28T12:50:40.043+0000: [GC (Allocation Failure) 2020-10-28T12:50:40.043+0000: [ParNew: 34438K->6K(38720K), 0.0054715 secs] 1052714K->1018282K(1499856K), 0.0055384 secs] [Times: user=0.01 sys=0.00, real=0.01 secs] 
2020-10-28T12:50:40.093+0000: [GC (Allocation Failure) 2020-10-28T12:50:40.093+0000: [ParNew: 34438K->6K(38720K), 0.0055120 secs] 1052714K->1018282K(1499856K), 0.0055768 secs] [Times: user=0.01 sys=0.00, real=0.01 secs] 
2020-10-28T12:50:40.139+0000: [GC (Allocation Failure) 2020-10-28T12:50:40.139+0000: [ParNew: 34438K->6K(38720K), 0.0055188 secs] 1052714K->1018282K(1499856K), 0.0055839 secs] [Times: user=0.01 sys=0.00, real=0.00 secs] 
2020-10-28T12:50:40.190+0000: [GC (Allocation Failure) 2020-10-28T12:50:40.190+0000: [ParNew: 34438K->6K(38720K), 0.0054672 secs] 1052714K->1018282K(1499856K), 0.0055315 secs] [Times: user=0.01 sys=0.00, real=0.00 secs] 
2020-10-28T12:50:40.235+0000: [GC (Allocation Failure) 2020-10-28T12:50:40.235+0000: [ParNew: 34438K->6K(38720K), 0.0054450 secs] 1052714K->1018282K(1499856K), 0.0055080 secs] [Times: user=0.01 sys=0.00, real=0.01 secs] 
2020-10-28T12:50:40.296+0000: [GC (Allocation Failure) 2020-10-28T12:50:40.296+0000: [ParNew: 34438K->6K(38720K), 0.0122955 secs] 1052714K->1018282K(1499856K), 0.0123663 secs] [Times: user=0.01 sys=0.00, real=0.02 secs] 
2020-10-28T12:50:40.362+0000: [GC (Allocation Failure) 2020-10-28T12:50:40.362+0000: [ParNew: 34438K->6K(38720K), 0.0117831 secs] 1052714K->1018282K(1499856K), 0.0118728 secs] [Times: user=0.01 sys=0.00, real=0.01 secs] 
2020-10-28T12:50:40.432+0000: [GC (Allocation Failure) 2020-10-28T12:50:40.432+0000: [ParNew: 34438K->6K(38720K), 0.0112257 secs] 1052714K->1018282K(1499856K), 0.0113050 secs] [Times: user=0.01 sys=0.00, real=0.01 secs] 
2020-10-28T12:50:40.506+0000: [GC (Allocation Failure) 2020-10-28T12:50:40.506+0000: [ParNew: 34438K->6K(38720K), 0.0054829 secs] 1052714K->1018282K(1499856K), 0.0055472 secs] [Times: user=0.01 sys=0.00, real=0.00 secs] 
2020-10-28T12:50:40.561+0000: [GC (Allocation Failure) 2020-10-28T12:50:40.561+0000: [ParNew: 34438K->6K(38720K), 0.0054767 secs] 1052714K->1018283K(1499856K), 0.0055421 secs] [Times: user=0.02 sys=0.00, real=0.01 secs] 
2020-10-28T12:50:40.650+0000: [GC (Allocation Failure) 2020-10-28T12:50:40.650+0000: [ParNew: 34438K->6K(38720K), 0.0054568 secs] 1052715K->1018283K(1499856K), 0.0055202 secs] [Times: user=0.01 sys=0.00, real=0.00 secs] 
2020-10-28T12:50:40.718+0000: [GC (Allocation Failure) 2020-10-28T12:50:40.718+0000: [ParNew: 34438K->6K(38720K), 0.0077070 secs] 1052715K->1018282K(1499856K), 0.0077948 secs] [Times: user=0.01 sys=0.00, real=0.01 secs] 
2020-10-28T12:50:40.799+0000: [GC (Allocation Failure) 2020-10-28T12:50:40.799+0000: [ParNew: 34438K->6K(38720K), 0.0054611 secs] 1052714K->1018283K(1499856K), 0.0055273 secs] [Times: user=0.01 sys=0.00, real=0.00 secs] 
2020-10-28T12:50:40.874+0000: [GC (Allocation Failure) 2020-10-28T12:50:40.874+0000: [ParNew: 34438K->6K(38720K), 0.0055307 secs] 1052715K->1018284K(1499856K), 0.0055958 secs] [Times: user=0.01 sys=0.00, real=0.01 secs] 
2020-10-28T12:50:40.935+0000: [GC (Allocation Failure) 2020-10-28T12:50:40.935+0000: [ParNew: 34438K->6K(38720K), 0.0055151 secs] 1052716K->1018284K(1499856K), 0.0055792 secs] [Times: user=0.01 sys=0.00, real=0.01 secs] 
2020-10-28T12:50:40.989+0000: [GC (Allocation Failure) 2020-10-28T12:50:40.989+0000: [ParNew: 34438K->6K(38720K), 0.0054753 secs] 1052716K->1018284K(1499856K), 0.0055413 secs] [Times: user=0.01 sys=0.00, real=0.00 secs] 
2020-10-28T12:50:41.051+0000: [GC (Allocation Failure) 2020-10-28T12:50:41.051+0000: [ParNew: 34438K->6K(38720K), 0.0054770 secs] 1052716K->1018284K(1499856K), 0.0055413 secs] [Times: user=0.01 sys=0.00, real=0.00 secs] 
2020-10-28T12:50:41.105+0000: [GC (Allocation Failure) 2020-10-28T12:50:41.105+0000: [ParNew: 34438K->6K(38720K), 0.0054770 secs] 1052716K->1018284K(1499856K), 0.0055418 secs] [Times: user=0.01 sys=0.00, real=0.01 secs] 
2020-10-28T12:50:41.167+0000: [GC (Allocation Failure) 2020-10-28T12:50:41.167+0000: [ParNew: 34438K->6K(38720K), 0.0054976 secs] 1052716K->1018284K(1499856K), 0.0055773 secs] [Times: user=0.01 sys=0.00, real=0.00 secs] 
2020-10-28T12:50:41.221+0000: [GC (Allocation Failure) 2020-10-28T12:50:41.221+0000: [ParNew: 34438K->6K(38720K), 0.0055119 secs] 1052716K->1018284K(1499856K), 0.0055764 secs] [Times: user=0.01 sys=0.00, real=0.01 secs] 
2020-10-28T12:50:41.286+0000: [GC (Allocation Failure) 2020-10-28T12:50:41.286+0000: [ParNew: 34438K->6K(38720K), 0.0055018 secs] 1052716K->1018284K(1499856K), 0.0055680 secs] [Times: user=0.01 sys=0.00, real=0.00 secs] 
2020-10-28T12:50:41.336+0000: [GC (Allocation Failure) 2020-10-28T12:50:41.336+0000: [ParNew: 34438K->4K(38720K), 0.0056990 secs] 1052716K->1018282K(1499856K), 0.0057615 secs] [Times: user=0.01 sys=0.00, real=0.01 secs] 
2020-10-28T12:50:41.446+0000: [GC (Allocation Failure) 2020-10-28T12:50:41.446+0000: [ParNew: 34436K->6K(38720K), 0.0054527 secs] 1052714K->1018284K(1499856K), 0.0055175 secs] [Times: user=0.01 sys=0.00, real=0.00 secs] 
2020-10-28T12:50:41.526+0000: [GC (Allocation Failure) 2020-10-28T12:50:41.526+0000: [ParNew: 34438K->6K(38720K), 0.0054791 secs] 1052716K->1018284K(1499856K), 0.0055440 secs] [Times: user=0.01 sys=0.00, real=0.00 secs] 
2020-10-28T12:50:41.616+0000: [GC (Allocation Failure) 2020-10-28T12:50:41.616+0000: [ParNew: 34438K->6K(38720K), 0.0055018 secs] 1052716K->1018284K(1499856K), 0.0055685 secs] [Times: user=0.01 sys=0.00, real=0.01 secs] 
2020-10-28T12:50:41.703+0000: [GC (Allocation Failure) 2020-10-28T12:50:41.703+0000: [ParNew: 34438K->6K(38720K), 0.0055292 secs] 1052716K->1018284K(1499856K), 0.0055964 secs] [Times: user=0.01 sys=0.00, real=0.01 secs] 
2020-10-28T12:50:41.838+0000: [GC (Allocation Failure) 2020-10-28T12:50:41.838+0000: [ParNew: 34438K->6K(38720K), 0.0055619 secs] 1052716K->1018284K(1499856K), 0.0056264 secs] [Times: user=0.01 sys=0.00, real=0.00 secs] 
2020-10-28T12:50:42.546+0000: [GC (Allocation Failure) 2020-10-28T12:50:42.546+0000: [ParNew: 34438K->6K(38720K), 0.0055104 secs] 1052716K->1018284K(1499856K), 0.0055791 secs] [Times: user=0.01 sys=0.00, real=0.00 secs] 
2020-10-28T12:50:42.794+0000: [GC (Allocation Failure) 2020-10-28T12:50:42.794+0000: [ParNew: 34438K->4K(38720K), 0.0055316 secs] 1052716K->1018284K(1499856K), 0.0055998 secs] [Times: user=0.02 sys=0.00, real=0.01 secs] 
2020-10-28T12:50:43.254+0000: [GC (Allocation Failure) 2020-10-28T12:50:43.254+0000: [ParNew: 34436K->6K(38720K), 0.0055529 secs] 1052716K->1018285K(1499856K), 0.0056205 secs] [Times: user=0.01 sys=0.00, real=0.01 secs] 
2020-10-28T12:50:43.542+0000: [GC (Allocation Failure) 2020-10-28T12:50:43.542+0000: [ParNew: 34438K->8K(38720K), 0.0054763 secs] 1052717K->1018287K(1499856K), 0.0055438 secs] [Times: user=0.01 sys=0.00, real=0.01 secs] 
2020-10-28T12:50:43.654+0000: [GC (Allocation Failure) 2020-10-28T12:50:43.654+0000: [ParNew: 34440K->8K(38720K), 0.0054866 secs] 1052719K->1018287K(1499856K), 0.0055500 secs] [Times: user=0.01 sys=0.00, real=0.01 secs] 
2020-10-28T12:50:43.755+0000: [GC (Allocation Failure) 2020-10-28T12:50:43.755+0000: [ParNew: 34440K->4K(38720K), 0.0054897 secs] 1052719K->1018284K(1499856K), 0.0055574 secs] [Times: user=0.01 sys=0.00, real=0.01 secs] 
2020-10-28T12:50:43.848+0000: [GC (Allocation Failure) 2020-10-28T12:50:43.848+0000: [ParNew: 34436K->4K(38720K), 0.0107736 secs] 1052716K->1018285K(1499856K), 0.0108387 secs] [Times: user=0.01 sys=0.00, real=0.01 secs] 
2020-10-28T12:50:43.952+0000: [GC (Allocation Failure) 2020-10-28T12:50:43.952+0000: [ParNew: 34436K->4K(38720K), 0.0055629 secs] 1052717K->1018285K(1499856K), 0.0056285 secs] [Times: user=0.01 sys=0.00, real=0.01 secs] 
2020-10-28T12:50:44.045+0000: [GC (Allocation Failure) 2020-10-28T12:50:44.045+0000: [ParNew: 34436K->4K(38720K), 0.0054894 secs] 1052717K->1018286K(1499856K), 0.0055453 secs] [Times: user=0.01 sys=0.00, real=0.01 secs] 
2020-10-28T12:50:45.962+0000: [GC (Allocation Failure) 2020-10-28T12:50:45.962+0000: [ParNew: 34436K->1592K(38720K), 0.0130050 secs] 1052718K->1019875K(1499856K), 0.0131084 secs] [Times: user=0.02 sys=0.00, real=0.01 secs] 
2020-10-28T12:50:46.650+0000: [GC (Allocation Failure) 2020-10-28T12:50:46.650+0000: [ParNew: 36024K->2634K(38720K), 0.0084417 secs] 1054307K->1020917K(1499856K), 0.0085105 secs] [Times: user=0.02 sys=0.00, real=0.01 secs] 
2020-10-28T12:50:46.827+0000: [GC (Allocation Failure) 2020-10-28T12:50:46.827+0000: [ParNew: 37066K->3428K(38720K), 0.0138670 secs] 1055349K->1022636K(1499856K), 0.0139356 secs] [Times: user=0.03 sys=0.00, real=0.01 secs] 
2020-10-28T12:50:47.017+0000: [GC (Allocation Failure) 2020-10-28T12:50:47.017+0000: [ParNew: 37860K->2661K(38720K), 0.0145169 secs] 1057068K->1023351K(1499856K), 0.0145913 secs] [Times: user=0.03 sys=0.00, real=0.02 secs] 
2020-10-28T12:50:47.433+0000: [GC (Allocation Failure) 2020-10-28T12:50:47.433+0000: [ParNew: 37093K->2312K(38720K), 0.0095524 secs] 1057783K->1023002K(1499856K), 0.0096197 secs] [Times: user=0.01 sys=0.00, real=0.01 secs] 
2020-10-28T12:50:48.005+0000: [GC (Allocation Failure) 2020-10-28T12:50:48.005+0000: [ParNew: 36744K->2043K(38720K), 0.0100518 secs] 1057434K->1022988K(1499856K), 0.0101235 secs] [Times: user=0.02 sys=0.00, real=0.01 secs] 
Heap
 par new generation   total 38720K, used 24359K [0x00000006a0000000, 0x00000006a2a00000, 0x00000006aa660000)
  eden space 34432K,  64% used [0x00000006a0000000, 0x00000006a15cb040, 0x00000006a21a0000)
  from space 4288K,  47% used [0x00000006a25d0000, 0x00000006a27cedf0, 0x00000006a2a00000)
  to   space 4288K,   0% used [0x00000006a21a0000, 0x00000006a21a0000, 0x00000006a25d0000)
 concurrent mark-sweep generation total 1461136K, used 1020944K [0x00000006aa660000, 0x0000000703944000, 0x00000007c0000000)
 Metaspace       used 78558K, capacity 80067K, committed 80212K, reserved 1118208K
  class space    used 10574K, capacity 10829K, committed 10864K, reserved 1048576K
End of LogType:stdout



Container: container_1603889045947_0001_01_000001 on ip-10-0-61-174.ec2.internal_8041
=======================================================================================
LogType:stderr
Log Upload Time:mer ott 28 12:50:52 +0000 2020
LogLength:12188
Log Contents:
SLF4J: Class path contains multiple SLF4J bindings.
SLF4J: Found binding in [jar:file:/mnt/yarn/usercache/hadoop/filecache/11/__spark_libs__6247018580722835299.zip/slf4j-log4j12-1.7.16.jar!/org/slf4j/impl/StaticLoggerBinder.class]
SLF4J: Found binding in [jar:file:/usr/lib/hadoop/lib/slf4j-log4j12-1.7.10.jar!/org/slf4j/impl/StaticLoggerBinder.class]
SLF4J: See http://www.slf4j.org/codes.html#multiple_bindings for an explanation.
SLF4J: Actual binding is of type [org.slf4j.impl.Log4jLoggerFactory]
20/10/28 12:47:36 INFO SignalUtils: Registered signal handler for TERM
20/10/28 12:47:36 INFO SignalUtils: Registered signal handler for HUP
20/10/28 12:47:36 INFO SignalUtils: Registered signal handler for INT
20/10/28 12:47:36 INFO SecurityManager: Changing view acls to: yarn,hadoop
20/10/28 12:47:36 INFO SecurityManager: Changing modify acls to: yarn,hadoop
20/10/28 12:47:36 INFO SecurityManager: Changing view acls groups to: 
20/10/28 12:47:36 INFO SecurityManager: Changing modify acls groups to: 
20/10/28 12:47:36 INFO SecurityManager: SecurityManager: authentication disabled; ui acls disabled; users  with view permissions: Set(yarn, hadoop); groups with view permissions: Set(); users  with modify permissions: Set(yarn, hadoop); groups with modify permissions: Set()
20/10/28 12:47:37 INFO ApplicationMaster: Preparing Local resources
20/10/28 12:47:38 INFO ApplicationMaster: ApplicationAttemptId: appattempt_1603889045947_0001_000001
20/10/28 12:47:38 INFO ApplicationMaster: Starting the user application in a separate Thread
20/10/28 12:47:38 INFO ApplicationMaster: Waiting for spark context initialization...
20/10/28 12:47:39 INFO SparkContext: Running Spark version 2.4.0
20/10/28 12:47:39 INFO SparkContext: Submitted application: SpectralRegressionSpark.py
20/10/28 12:47:39 INFO SecurityManager: Changing view acls to: yarn,hadoop
20/10/28 12:47:39 INFO SecurityManager: Changing modify acls to: yarn,hadoop
20/10/28 12:47:39 INFO SecurityManager: Changing view acls groups to: 
20/10/28 12:47:39 INFO SecurityManager: Changing modify acls groups to: 
20/10/28 12:47:39 INFO SecurityManager: SecurityManager: authentication disabled; ui acls disabled; users  with view permissions: Set(yarn, hadoop); groups with view permissions: Set(); users  with modify permissions: Set(yarn, hadoop); groups with modify permissions: Set()
20/10/28 12:47:40 INFO Utils: Successfully started service 'sparkDriver' on port 46575.
20/10/28 12:47:40 INFO SparkEnv: Registering MapOutputTracker
20/10/28 12:47:40 INFO SparkEnv: Registering BlockManagerMaster
20/10/28 12:47:40 INFO BlockManagerMasterEndpoint: Using org.apache.spark.storage.DefaultTopologyMapper for getting topology information
20/10/28 12:47:40 INFO BlockManagerMasterEndpoint: BlockManagerMasterEndpoint up
20/10/28 12:47:40 INFO DiskBlockManager: Created local directory at /mnt/yarn/usercache/hadoop/appcache/application_1603889045947_0001/blockmgr-ddf8987b-bbab-497a-980e-c1a53dc2cd7a
20/10/28 12:47:40 INFO MemoryStore: MemoryStore started with capacity 424.4 MB
20/10/28 12:47:40 INFO SparkEnv: Registering OutputCommitCoordinator
20/10/28 12:47:40 INFO JettyUtils: Adding filter org.apache.hadoop.yarn.server.webproxy.amfilter.AmIpFilter to /jobs, /jobs/json, /jobs/job, /jobs/job/json, /stages, /stages/json, /stages/stage, /stages/stage/json, /stages/pool, /stages/pool/json, /storage, /storage/json, /storage/rdd, /storage/rdd/json, /environment, /environment/json, /executors, /executors/json, /executors/threadDump, /executors/threadDump/json, /static, /, /api, /jobs/job/kill, /stages/stage/kill.
20/10/28 12:47:40 INFO Utils: Successfully started service 'SparkUI' on port 44351.
20/10/28 12:47:41 INFO SparkUI: Bound SparkUI to 0.0.0.0, and started at http://ip-10-0-61-174.ec2.internal:44351
20/10/28 12:47:41 INFO YarnClusterScheduler: Created YarnClusterScheduler
20/10/28 12:47:41 INFO SchedulerExtensionServices: Starting Yarn extension services with app application_1603889045947_0001 and attemptId Some(appattempt_1603889045947_0001_000001)
20/10/28 12:47:41 INFO Utils: Using initial executors = 0, max of spark.dynamicAllocation.initialExecutors, spark.dynamicAllocation.minExecutors and spark.executor.instances
20/10/28 12:47:41 INFO Utils: Successfully started service 'org.apache.spark.network.netty.NettyBlockTransferService' on port 37671.
20/10/28 12:47:41 INFO NettyBlockTransferService: Server created on ip-10-0-61-174.ec2.internal:37671
20/10/28 12:47:41 INFO BlockManager: Using org.apache.spark.storage.RandomBlockReplicationPolicy for block replication policy
20/10/28 12:47:41 INFO BlockManagerMaster: Registering BlockManager BlockManagerId(driver, ip-10-0-61-174.ec2.internal, 37671, None)
20/10/28 12:47:41 INFO BlockManagerMasterEndpoint: Registering block manager ip-10-0-61-174.ec2.internal:37671 with 424.4 MB RAM, BlockManagerId(driver, ip-10-0-61-174.ec2.internal, 37671, None)
20/10/28 12:47:41 INFO BlockManagerMaster: Registered BlockManager BlockManagerId(driver, ip-10-0-61-174.ec2.internal, 37671, None)
20/10/28 12:47:41 INFO BlockManager: external shuffle service port = 7337
20/10/28 12:47:41 INFO BlockManager: Initialized BlockManager: BlockManagerId(driver, ip-10-0-61-174.ec2.internal, 37671, None)
20/10/28 12:47:41 INFO JettyUtils: Adding filter org.apache.hadoop.yarn.server.webproxy.amfilter.AmIpFilter to /metrics/json.
20/10/28 12:47:41 INFO EventLoggingListener: Logging events to hdfs:/var/log/spark/apps/application_1603889045947_0001_1
20/10/28 12:47:41 INFO Utils: Using initial executors = 0, max of spark.dynamicAllocation.initialExecutors, spark.dynamicAllocation.minExecutors and spark.executor.instances
20/10/28 12:47:41 WARN YarnSchedulerBackend$YarnSchedulerEndpoint: Attempted to request executors before the AM has registered!
20/10/28 12:47:42 INFO RMProxy: Connecting to ResourceManager at ip-10-0-46-196.ec2.internal/10.0.46.196:8030
20/10/28 12:47:42 INFO YarnRMClient: Registering the ApplicationMaster
20/10/28 12:47:42 INFO ApplicationMaster: 
===============================================================================
YARN executor launch context:
  env:
    CLASSPATH -> /usr/lib/hadoop-lzo/lib/*:/usr/lib/hadoop/hadoop-aws.jar:/usr/share/aws/aws-java-sdk/*:/usr/share/aws/emr/emrfs/conf:/usr/share/aws/emr/emrfs/lib/*:/usr/share/aws/emr/emrfs/auxlib/*:/usr/share/aws/emr/goodies/lib/emr-spark-goodies.jar:/usr/share/aws/emr/security/conf:/usr/share/aws/emr/security/lib/*:/usr/share/aws/hmclient/lib/aws-glue-datacatalog-spark-client.jar:/usr/share/java/Hive-JSON-Serde/hive-openx-serde.jar:/usr/share/aws/sagemaker-spark-sdk/lib/sagemaker-spark-sdk.jar:/usr/share/aws/emr/s3select/lib/emr-s3-select-spark-connector.jar<CPS>{{PWD}}<CPS>{{PWD}}/__spark_conf__<CPS>{{PWD}}/__spark_libs__/*<CPS>$HADOOP_CONF_DIR<CPS>$HADOOP_COMMON_HOME/*<CPS>$HADOOP_COMMON_HOME/lib/*<CPS>$HADOOP_HDFS_HOME/*<CPS>$HADOOP_HDFS_HOME/lib/*<CPS>$HADOOP_MAPRED_HOME/*<CPS>$HADOOP_MAPRED_HOME/lib/*<CPS>$HADOOP_YARN_HOME/*<CPS>$HADOOP_YARN_HOME/lib/*<CPS>/usr/lib/hadoop-lzo/lib/*<CPS>/usr/share/aws/emr/emrfs/conf<CPS>/usr/share/aws/emr/emrfs/lib/*<CPS>/usr/share/aws/emr/emrfs/auxlib/*<CPS>/usr/share/aws/emr/lib/*<CPS>/usr/share/aws/emr/ddb/lib/emr-ddb-hadoop.jar<CPS>/usr/share/aws/emr/goodies/lib/emr-hadoop-goodies.jar<CPS>/usr/share/aws/emr/cloudwatch-sink/lib/*<CPS>/usr/share/aws/aws-java-sdk/*<CPS>$HADOOP_MAPRED_HOME/share/hadoop/mapreduce/*<CPS>$HADOOP_MAPRED_HOME/share/hadoop/mapreduce/lib/*<CPS>/usr/lib/hadoop-lzo/lib/*<CPS>/usr/share/aws/emr/emrfs/conf<CPS>/usr/share/aws/emr/emrfs/lib/*<CPS>/usr/share/aws/emr/emrfs/auxlib/*<CPS>/usr/share/aws/emr/lib/*<CPS>/usr/share/aws/emr/ddb/lib/emr-ddb-hadoop.jar<CPS>/usr/share/aws/emr/goodies/lib/emr-hadoop-goodies.jar<CPS>/usr/share/aws/emr/cloudwatch-sink/lib/*<CPS>/usr/share/aws/aws-java-sdk/*<CPS>{{PWD}}/__spark_conf__/__hadoop_conf__
    SPARK_YARN_STAGING_DIR -> hdfs://ip-10-0-46-196.ec2.internal:8020/user/hadoop/.sparkStaging/application_1603889045947_0001
    SPARK_USER -> hadoop
    PYTHONPATH -> {{PWD}}/pyspark.zip<CPS>{{PWD}}/py4j-0.10.7-src.zip
    SPARK_PUBLIC_DNS -> ip-10-0-61-174.ec2.internal

  command:
    LD_LIBRARY_PATH=\"/usr/lib/hadoop/lib/native:/usr/lib/hadoop-lzo/lib/native:$LD_LIBRARY_PATH\" \ 
      {{JAVA_HOME}}/bin/java \ 
      -server \ 
      -Xmx4608m \ 
      '-verbose:gc' \ 
      '-XX:+PrintGCDetails' \ 
      '-XX:+PrintGCDateStamps' \ 
      '-XX:+UseConcMarkSweepGC' \ 
      '-XX:CMSInitiatingOccupancyFraction=70' \ 
      '-XX:MaxHeapFreeRatio=70' \ 
      '-XX:+CMSClassUnloadingEnabled' \ 
      '-XX:OnOutOfMemoryError=kill -9 %p' \ 
      -Djava.io.tmpdir={{PWD}}/tmp \ 
      '-Dspark.history.ui.port=18080' \ 
      '-Dspark.ui.port=0' \ 
      '-Dspark.driver.port=46575' \ 
      -Dspark.yarn.app.container.log.dir=<LOG_DIR> \ 
      org.apache.spark.executor.CoarseGrainedExecutorBackend \ 
      --driver-url \ 
      spark://CoarseGrainedScheduler@ip-10-0-61-174.ec2.internal:46575 \ 
      --executor-id \ 
      <executorId> \ 
      --hostname \ 
      <hostname> \ 
      --cores \ 
      4 \ 
      --app-id \ 
      application_1603889045947_0001 \ 
      --user-class-path \ 
      file:$PWD/__app__.jar \ 
      1><LOG_DIR>/stdout \ 
      2><LOG_DIR>/stderr

  resources:
    pyspark.zip -> resource { scheme: "hdfs" host: "ip-10-0-46-196.ec2.internal" port: 8020 file: "/user/hadoop/.sparkStaging/application_1603889045947_0001/pyspark.zip" } size: 589684 timestamp: 1603889248885 type: FILE visibility: PRIVATE
    py4j-0.10.7-src.zip -> resource { scheme: "hdfs" host: "ip-10-0-46-196.ec2.internal" port: 8020 file: "/user/hadoop/.sparkStaging/application_1603889045947_0001/py4j-0.10.7-src.zip" } size: 42437 timestamp: 1603889248925 type: FILE visibility: PRIVATE
    __spark_libs__ -> resource { scheme: "hdfs" host: "ip-10-0-46-196.ec2.internal" port: 8020 file: "/user/hadoop/.sparkStaging/application_1603889045947_0001/__spark_libs__6247018580722835299.zip" } size: 229091301 timestamp: 1603889248651 type: ARCHIVE visibility: PRIVATE
    __spark_conf__ -> resource { scheme: "hdfs" host: "ip-10-0-46-196.ec2.internal" port: 8020 file: "/user/hadoop/.sparkStaging/application_1603889045947_0001/__spark_conf__.zip" } size: 210451 timestamp: 1603889249121 type: ARCHIVE visibility: PRIVATE

===============================================================================
20/10/28 12:47:42 INFO Utils: Using initial executors = 0, max of spark.dynamicAllocation.initialExecutors, spark.dynamicAllocation.minExecutors and spark.executor.instances
20/10/28 12:47:42 INFO YarnSchedulerBackend$YarnSchedulerEndpoint: ApplicationMaster registered as NettyRpcEndpointRef(spark://YarnAM@ip-10-0-61-174.ec2.internal:46575)
20/10/28 12:47:43 INFO ApplicationMaster: Started progress reporter thread with (heartbeat : 3000, initial allocation : 200) intervals
20/10/28 12:47:43 INFO YarnClusterSchedulerBackend: SchedulerBackend is ready for scheduling beginning after reached minRegisteredResourcesRatio: 0.8
20/10/28 12:47:43 INFO YarnClusterScheduler: YarnClusterScheduler.postStartHook done
20/10/28 12:47:43 INFO SharedState: loading hive config file: file:/mnt/yarn/usercache/hadoop/filecache/12/__spark_conf__.zip/__hadoop_conf__/hive-site.xml
20/10/28 12:47:43 INFO SharedState: Setting hive.metastore.warehouse.dir ('null') to the value of spark.sql.warehouse.dir ('hdfs:///user/spark/warehouse').
20/10/28 12:47:43 INFO SharedState: Warehouse path is 'hdfs:///user/spark/warehouse'.
20/10/28 12:47:43 INFO JettyUtils: Adding filter org.apache.hadoop.yarn.server.webproxy.amfilter.AmIpFilter to /SQL.
20/10/28 12:47:43 INFO JettyUtils: Adding filter org.apache.hadoop.yarn.server.webproxy.amfilter.AmIpFilter to /SQL/json.
20/10/28 12:47:43 INFO JettyUtils: Adding filter org.apache.hadoop.yarn.server.webproxy.amfilter.AmIpFilter to /SQL/execution.
20/10/28 12:47:43 INFO JettyUtils: Adding filter org.apache.hadoop.yarn.server.webproxy.amfilter.AmIpFilter to /SQL/execution/json.
20/10/28 12:47:43 INFO JettyUtils: Adding filter org.apache.hadoop.yarn.server.webproxy.amfilter.AmIpFilter to /static/sql.
20/10/28 12:47:44 INFO StateStoreCoordinatorRef: Registered StateStoreCoordinator endpoint
End of LogType:stderr

LogType:stdout
Log Upload Time:mer ott 28 12:50:52 +0000 2020
LogLength:1080
Log Contents:



 *******



 BEGIN



 *******



s3://spectral-regression-spark-bucket/spectral_data_class.csv
Loading DataFrame from file...

Schema of original DataFrame:
root
 |-- spectroFlux_u: double (nullable = true)
 |-- spectroFlux_g: double (nullable = true)
 |-- spectroFlux_r: double (nullable = true)
 |-- spectroFlux_i: double (nullable = true)
 |-- spectroFlux_z: double (nullable = true)
 |-- source_class: string (nullable = true)
 |-- redshift: double (nullable = true)


Schema of DataFrame with differences between spectral classes:
root
 |-- redshift: double (nullable = true)
 |-- u_g: double (nullable = true)
 |-- g_r: double (nullable = true)
 |-- r_i: double (nullable = true)
 |-- i_z: double (nullable = true)


Schema of DataFrame ready for regression models:
root
 |-- redshift: double (nullable = true)
 |-- features: vector (nullable = true)


Training Linear Regressor on training data...
...done.


Evaluating model on test data...


Root Mean Squared Error (RMSE) on test data = 0.840363425263

Time elapsed: 173.169011116



 *******



 END



 *******



End of LogType:stdout

