

Container: container_1603959726485_0008_01_000001 on ip-10-0-45-238.ec2.internal_8041
=======================================================================================
LogType:stderr
Log Upload Time:gio ott 29 10:27:41 +0000 2020
LogLength:12188
Log Contents:
SLF4J: Class path contains multiple SLF4J bindings.
SLF4J: Found binding in [jar:file:/mnt/yarn/usercache/hadoop/filecache/37/__spark_libs__2329522056030091727.zip/slf4j-log4j12-1.7.16.jar!/org/slf4j/impl/StaticLoggerBinder.class]
SLF4J: Found binding in [jar:file:/usr/lib/hadoop/lib/slf4j-log4j12-1.7.10.jar!/org/slf4j/impl/StaticLoggerBinder.class]
SLF4J: See http://www.slf4j.org/codes.html#multiple_bindings for an explanation.
SLF4J: Actual binding is of type [org.slf4j.impl.Log4jLoggerFactory]
20/10/29 10:25:41 INFO SignalUtils: Registered signal handler for TERM
20/10/29 10:25:41 INFO SignalUtils: Registered signal handler for HUP
20/10/29 10:25:41 INFO SignalUtils: Registered signal handler for INT
20/10/29 10:25:41 INFO SecurityManager: Changing view acls to: yarn,hadoop
20/10/29 10:25:41 INFO SecurityManager: Changing modify acls to: yarn,hadoop
20/10/29 10:25:41 INFO SecurityManager: Changing view acls groups to: 
20/10/29 10:25:41 INFO SecurityManager: Changing modify acls groups to: 
20/10/29 10:25:41 INFO SecurityManager: SecurityManager: authentication disabled; ui acls disabled; users  with view permissions: Set(yarn, hadoop); groups with view permissions: Set(); users  with modify permissions: Set(yarn, hadoop); groups with modify permissions: Set()
20/10/29 10:25:42 INFO ApplicationMaster: Preparing Local resources
20/10/29 10:25:43 INFO ApplicationMaster: ApplicationAttemptId: appattempt_1603959726485_0008_000001
20/10/29 10:25:43 INFO ApplicationMaster: Starting the user application in a separate Thread
20/10/29 10:25:43 INFO ApplicationMaster: Waiting for spark context initialization...
20/10/29 10:25:44 INFO SparkContext: Running Spark version 2.4.0
20/10/29 10:25:44 INFO SparkContext: Submitted application: SpectralRegressionSpark.py
20/10/29 10:25:44 INFO SecurityManager: Changing view acls to: yarn,hadoop
20/10/29 10:25:44 INFO SecurityManager: Changing modify acls to: yarn,hadoop
20/10/29 10:25:44 INFO SecurityManager: Changing view acls groups to: 
20/10/29 10:25:44 INFO SecurityManager: Changing modify acls groups to: 
20/10/29 10:25:44 INFO SecurityManager: SecurityManager: authentication disabled; ui acls disabled; users  with view permissions: Set(yarn, hadoop); groups with view permissions: Set(); users  with modify permissions: Set(yarn, hadoop); groups with modify permissions: Set()
20/10/29 10:25:45 INFO Utils: Successfully started service 'sparkDriver' on port 39907.
20/10/29 10:25:45 INFO SparkEnv: Registering MapOutputTracker
20/10/29 10:25:45 INFO SparkEnv: Registering BlockManagerMaster
20/10/29 10:25:45 INFO BlockManagerMasterEndpoint: Using org.apache.spark.storage.DefaultTopologyMapper for getting topology information
20/10/29 10:25:45 INFO BlockManagerMasterEndpoint: BlockManagerMasterEndpoint up
20/10/29 10:25:45 INFO DiskBlockManager: Created local directory at /mnt/yarn/usercache/hadoop/appcache/application_1603959726485_0008/blockmgr-a7a398c1-b497-4c86-b454-01c13d05bc26
20/10/29 10:25:45 INFO MemoryStore: MemoryStore started with capacity 424.4 MB
20/10/29 10:25:45 INFO SparkEnv: Registering OutputCommitCoordinator
20/10/29 10:25:45 INFO JettyUtils: Adding filter org.apache.hadoop.yarn.server.webproxy.amfilter.AmIpFilter to /jobs, /jobs/json, /jobs/job, /jobs/job/json, /stages, /stages/json, /stages/stage, /stages/stage/json, /stages/pool, /stages/pool/json, /storage, /storage/json, /storage/rdd, /storage/rdd/json, /environment, /environment/json, /executors, /executors/json, /executors/threadDump, /executors/threadDump/json, /static, /, /api, /jobs/job/kill, /stages/stage/kill.
20/10/29 10:25:45 INFO Utils: Successfully started service 'SparkUI' on port 40991.
20/10/29 10:25:45 INFO SparkUI: Bound SparkUI to 0.0.0.0, and started at http://ip-10-0-45-238.ec2.internal:40991
20/10/29 10:25:45 INFO YarnClusterScheduler: Created YarnClusterScheduler
20/10/29 10:25:45 INFO SchedulerExtensionServices: Starting Yarn extension services with app application_1603959726485_0008 and attemptId Some(appattempt_1603959726485_0008_000001)
20/10/29 10:25:45 INFO Utils: Using initial executors = 0, max of spark.dynamicAllocation.initialExecutors, spark.dynamicAllocation.minExecutors and spark.executor.instances
20/10/29 10:25:46 INFO Utils: Successfully started service 'org.apache.spark.network.netty.NettyBlockTransferService' on port 33403.
20/10/29 10:25:46 INFO NettyBlockTransferService: Server created on ip-10-0-45-238.ec2.internal:33403
20/10/29 10:25:46 INFO BlockManager: Using org.apache.spark.storage.RandomBlockReplicationPolicy for block replication policy
20/10/29 10:25:46 INFO BlockManagerMaster: Registering BlockManager BlockManagerId(driver, ip-10-0-45-238.ec2.internal, 33403, None)
20/10/29 10:25:46 INFO BlockManagerMasterEndpoint: Registering block manager ip-10-0-45-238.ec2.internal:33403 with 424.4 MB RAM, BlockManagerId(driver, ip-10-0-45-238.ec2.internal, 33403, None)
20/10/29 10:25:46 INFO BlockManagerMaster: Registered BlockManager BlockManagerId(driver, ip-10-0-45-238.ec2.internal, 33403, None)
20/10/29 10:25:46 INFO BlockManager: external shuffle service port = 7337
20/10/29 10:25:46 INFO BlockManager: Initialized BlockManager: BlockManagerId(driver, ip-10-0-45-238.ec2.internal, 33403, None)
20/10/29 10:25:46 INFO JettyUtils: Adding filter org.apache.hadoop.yarn.server.webproxy.amfilter.AmIpFilter to /metrics/json.
20/10/29 10:25:46 INFO EventLoggingListener: Logging events to hdfs:/var/log/spark/apps/application_1603959726485_0008_1
20/10/29 10:25:46 INFO Utils: Using initial executors = 0, max of spark.dynamicAllocation.initialExecutors, spark.dynamicAllocation.minExecutors and spark.executor.instances
20/10/29 10:25:46 WARN YarnSchedulerBackend$YarnSchedulerEndpoint: Attempted to request executors before the AM has registered!
20/10/29 10:25:46 INFO RMProxy: Connecting to ResourceManager at ip-10-0-51-133.ec2.internal/10.0.51.133:8030
20/10/29 10:25:47 INFO YarnRMClient: Registering the ApplicationMaster
20/10/29 10:25:47 INFO ApplicationMaster: 
===============================================================================
YARN executor launch context:
  env:
    CLASSPATH -> /usr/lib/hadoop-lzo/lib/*:/usr/lib/hadoop/hadoop-aws.jar:/usr/share/aws/aws-java-sdk/*:/usr/share/aws/emr/emrfs/conf:/usr/share/aws/emr/emrfs/lib/*:/usr/share/aws/emr/emrfs/auxlib/*:/usr/share/aws/emr/goodies/lib/emr-spark-goodies.jar:/usr/share/aws/emr/security/conf:/usr/share/aws/emr/security/lib/*:/usr/share/aws/hmclient/lib/aws-glue-datacatalog-spark-client.jar:/usr/share/java/Hive-JSON-Serde/hive-openx-serde.jar:/usr/share/aws/sagemaker-spark-sdk/lib/sagemaker-spark-sdk.jar:/usr/share/aws/emr/s3select/lib/emr-s3-select-spark-connector.jar<CPS>{{PWD}}<CPS>{{PWD}}/__spark_conf__<CPS>{{PWD}}/__spark_libs__/*<CPS>$HADOOP_CONF_DIR<CPS>$HADOOP_COMMON_HOME/*<CPS>$HADOOP_COMMON_HOME/lib/*<CPS>$HADOOP_HDFS_HOME/*<CPS>$HADOOP_HDFS_HOME/lib/*<CPS>$HADOOP_MAPRED_HOME/*<CPS>$HADOOP_MAPRED_HOME/lib/*<CPS>$HADOOP_YARN_HOME/*<CPS>$HADOOP_YARN_HOME/lib/*<CPS>/usr/lib/hadoop-lzo/lib/*<CPS>/usr/share/aws/emr/emrfs/conf<CPS>/usr/share/aws/emr/emrfs/lib/*<CPS>/usr/share/aws/emr/emrfs/auxlib/*<CPS>/usr/share/aws/emr/lib/*<CPS>/usr/share/aws/emr/ddb/lib/emr-ddb-hadoop.jar<CPS>/usr/share/aws/emr/goodies/lib/emr-hadoop-goodies.jar<CPS>/usr/share/aws/emr/cloudwatch-sink/lib/*<CPS>/usr/share/aws/aws-java-sdk/*<CPS>$HADOOP_MAPRED_HOME/share/hadoop/mapreduce/*<CPS>$HADOOP_MAPRED_HOME/share/hadoop/mapreduce/lib/*<CPS>/usr/lib/hadoop-lzo/lib/*<CPS>/usr/share/aws/emr/emrfs/conf<CPS>/usr/share/aws/emr/emrfs/lib/*<CPS>/usr/share/aws/emr/emrfs/auxlib/*<CPS>/usr/share/aws/emr/lib/*<CPS>/usr/share/aws/emr/ddb/lib/emr-ddb-hadoop.jar<CPS>/usr/share/aws/emr/goodies/lib/emr-hadoop-goodies.jar<CPS>/usr/share/aws/emr/cloudwatch-sink/lib/*<CPS>/usr/share/aws/aws-java-sdk/*<CPS>{{PWD}}/__spark_conf__/__hadoop_conf__
    SPARK_YARN_STAGING_DIR -> hdfs://ip-10-0-51-133.ec2.internal:8020/user/hadoop/.sparkStaging/application_1603959726485_0008
    SPARK_USER -> hadoop
    PYTHONPATH -> {{PWD}}/pyspark.zip<CPS>{{PWD}}/py4j-0.10.7-src.zip
    SPARK_PUBLIC_DNS -> ip-10-0-45-238.ec2.internal

  command:
    LD_LIBRARY_PATH=\"/usr/lib/hadoop/lib/native:/usr/lib/hadoop-lzo/lib/native:$LD_LIBRARY_PATH\" \ 
      {{JAVA_HOME}}/bin/java \ 
      -server \ 
      -Xmx1024m \ 
      '-verbose:gc' \ 
      '-XX:+PrintGCDetails' \ 
      '-XX:+PrintGCDateStamps' \ 
      '-XX:+UseConcMarkSweepGC' \ 
      '-XX:CMSInitiatingOccupancyFraction=70' \ 
      '-XX:MaxHeapFreeRatio=70' \ 
      '-XX:+CMSClassUnloadingEnabled' \ 
      '-XX:OnOutOfMemoryError=kill -9 %p' \ 
      -Djava.io.tmpdir={{PWD}}/tmp \ 
      '-Dspark.driver.port=39907' \ 
      '-Dspark.history.ui.port=18080' \ 
      '-Dspark.ui.port=0' \ 
      -Dspark.yarn.app.container.log.dir=<LOG_DIR> \ 
      org.apache.spark.executor.CoarseGrainedExecutorBackend \ 
      --driver-url \ 
      spark://CoarseGrainedScheduler@ip-10-0-45-238.ec2.internal:39907 \ 
      --executor-id \ 
      <executorId> \ 
      --hostname \ 
      <hostname> \ 
      --cores \ 
      2 \ 
      --app-id \ 
      application_1603959726485_0008 \ 
      --user-class-path \ 
      file:$PWD/__app__.jar \ 
      1><LOG_DIR>/stdout \ 
      2><LOG_DIR>/stderr

  resources:
    pyspark.zip -> resource { scheme: "hdfs" host: "ip-10-0-51-133.ec2.internal" port: 8020 file: "/user/hadoop/.sparkStaging/application_1603959726485_0008/pyspark.zip" } size: 589684 timestamp: 1603967133622 type: FILE visibility: PRIVATE
    py4j-0.10.7-src.zip -> resource { scheme: "hdfs" host: "ip-10-0-51-133.ec2.internal" port: 8020 file: "/user/hadoop/.sparkStaging/application_1603959726485_0008/py4j-0.10.7-src.zip" } size: 42437 timestamp: 1603967133674 type: FILE visibility: PRIVATE
    __spark_libs__ -> resource { scheme: "hdfs" host: "ip-10-0-51-133.ec2.internal" port: 8020 file: "/user/hadoop/.sparkStaging/application_1603959726485_0008/__spark_libs__2329522056030091727.zip" } size: 229091301 timestamp: 1603967133233 type: ARCHIVE visibility: PRIVATE
    __spark_conf__ -> resource { scheme: "hdfs" host: "ip-10-0-51-133.ec2.internal" port: 8020 file: "/user/hadoop/.sparkStaging/application_1603959726485_0008/__spark_conf__.zip" } size: 210445 timestamp: 1603967134422 type: ARCHIVE visibility: PRIVATE

===============================================================================
20/10/29 10:25:47 INFO Utils: Using initial executors = 0, max of spark.dynamicAllocation.initialExecutors, spark.dynamicAllocation.minExecutors and spark.executor.instances
20/10/29 10:25:47 INFO YarnSchedulerBackend$YarnSchedulerEndpoint: ApplicationMaster registered as NettyRpcEndpointRef(spark://YarnAM@ip-10-0-45-238.ec2.internal:39907)
20/10/29 10:25:47 INFO ApplicationMaster: Started progress reporter thread with (heartbeat : 3000, initial allocation : 200) intervals
20/10/29 10:25:47 INFO YarnClusterSchedulerBackend: SchedulerBackend is ready for scheduling beginning after reached minRegisteredResourcesRatio: 0.8
20/10/29 10:25:47 INFO YarnClusterScheduler: YarnClusterScheduler.postStartHook done
20/10/29 10:25:47 INFO SharedState: loading hive config file: file:/mnt/yarn/usercache/hadoop/filecache/38/__spark_conf__.zip/__hadoop_conf__/hive-site.xml
20/10/29 10:25:47 INFO SharedState: Setting hive.metastore.warehouse.dir ('null') to the value of spark.sql.warehouse.dir ('hdfs:///user/spark/warehouse').
20/10/29 10:25:47 INFO SharedState: Warehouse path is 'hdfs:///user/spark/warehouse'.
20/10/29 10:25:47 INFO JettyUtils: Adding filter org.apache.hadoop.yarn.server.webproxy.amfilter.AmIpFilter to /SQL.
20/10/29 10:25:47 INFO JettyUtils: Adding filter org.apache.hadoop.yarn.server.webproxy.amfilter.AmIpFilter to /SQL/json.
20/10/29 10:25:47 INFO JettyUtils: Adding filter org.apache.hadoop.yarn.server.webproxy.amfilter.AmIpFilter to /SQL/execution.
20/10/29 10:25:47 INFO JettyUtils: Adding filter org.apache.hadoop.yarn.server.webproxy.amfilter.AmIpFilter to /SQL/execution/json.
20/10/29 10:25:47 INFO JettyUtils: Adding filter org.apache.hadoop.yarn.server.webproxy.amfilter.AmIpFilter to /static/sql.
20/10/29 10:25:48 INFO StateStoreCoordinatorRef: Registered StateStoreCoordinator endpoint
End of LogType:stderr

LogType:stdout
Log Upload Time:gio ott 29 10:27:41 +0000 2020
LogLength:1296
Log Contents:



 *******



 BEGIN



 *******



s3://spectral-regression-spark-bucket/spectral_data_class.csv
Loading DataFrame from file...

Schema of original DataFrame:
root
 |-- spectroFlux_u: double (nullable = true)
 |-- spectroFlux_g: double (nullable = true)
 |-- spectroFlux_r: double (nullable = true)
 |-- spectroFlux_i: double (nullable = true)
 |-- spectroFlux_z: double (nullable = true)
 |-- source_class: string (nullable = true)
 |-- redshift: double (nullable = true)


Schema of DataFrame with differences between spectral classes:
root
 |-- source_class: string (nullable = true)
 |-- redshift: double (nullable = true)
 |-- u_g: double (nullable = true)
 |-- g_r: double (nullable = true)
 |-- r_i: double (nullable = true)
 |-- i_z: double (nullable = true)


Schema of DataFrame without old columns:
root
 |-- source_class: string (nullable = true)
 |-- redshift: double (nullable = true)
 |-- features: vector (nullable = true)


Schema of DataFrame ready for regression models:
root
 |-- redshift: double (nullable = true)
 |-- features: vector (nullable = true)


Training Linear Regressor on training data...
...done.


Evaluating model on test data...


Root Mean Squared Error (RMSE) on test data = 0.872083345766

Time elapsed: 99.5408008099



 *******



 END



 *******



End of LogType:stdout



Container: container_1603959726485_0008_01_000004 on ip-10-0-47-24.ec2.internal_8041
======================================================================================
LogType:stderr
Log Upload Time:gio ott 29 10:27:41 +0000 2020
LogLength:15868
Log Contents:
SLF4J: Class path contains multiple SLF4J bindings.
SLF4J: Found binding in [jar:file:/mnt/yarn/usercache/hadoop/filecache/28/__spark_libs__2329522056030091727.zip/slf4j-log4j12-1.7.16.jar!/org/slf4j/impl/StaticLoggerBinder.class]
SLF4J: Found binding in [jar:file:/usr/lib/hadoop/lib/slf4j-log4j12-1.7.10.jar!/org/slf4j/impl/StaticLoggerBinder.class]
SLF4J: See http://www.slf4j.org/codes.html#multiple_bindings for an explanation.
SLF4J: Actual binding is of type [org.slf4j.impl.Log4jLoggerFactory]
20/10/29 10:26:24 INFO CoarseGrainedExecutorBackend: Started daemon with process name: 21705@ip-10-0-47-24
20/10/29 10:26:24 INFO SignalUtils: Registered signal handler for TERM
20/10/29 10:26:24 INFO SignalUtils: Registered signal handler for HUP
20/10/29 10:26:24 INFO SignalUtils: Registered signal handler for INT
20/10/29 10:26:25 INFO SecurityManager: Changing view acls to: yarn,hadoop
20/10/29 10:26:25 INFO SecurityManager: Changing modify acls to: yarn,hadoop
20/10/29 10:26:25 INFO SecurityManager: Changing view acls groups to: 
20/10/29 10:26:25 INFO SecurityManager: Changing modify acls groups to: 
20/10/29 10:26:25 INFO SecurityManager: SecurityManager: authentication disabled; ui acls disabled; users  with view permissions: Set(yarn, hadoop); groups with view permissions: Set(); users  with modify permissions: Set(yarn, hadoop); groups with modify permissions: Set()
20/10/29 10:26:27 INFO TransportClientFactory: Successfully created connection to ip-10-0-45-238.ec2.internal/10.0.45.238:39907 after 100 ms (0 ms spent in bootstraps)
20/10/29 10:26:28 INFO SecurityManager: Changing view acls to: yarn,hadoop
20/10/29 10:26:28 INFO SecurityManager: Changing modify acls to: yarn,hadoop
20/10/29 10:26:28 INFO SecurityManager: Changing view acls groups to: 
20/10/29 10:26:28 INFO SecurityManager: Changing modify acls groups to: 
20/10/29 10:26:28 INFO SecurityManager: SecurityManager: authentication disabled; ui acls disabled; users  with view permissions: Set(yarn, hadoop); groups with view permissions: Set(); users  with modify permissions: Set(yarn, hadoop); groups with modify permissions: Set()
20/10/29 10:26:28 INFO TransportClientFactory: Successfully created connection to ip-10-0-45-238.ec2.internal/10.0.45.238:39907 after 3 ms (0 ms spent in bootstraps)
20/10/29 10:26:28 INFO DiskBlockManager: Created local directory at /mnt/yarn/usercache/hadoop/appcache/application_1603959726485_0008/blockmgr-6cecffcf-4f51-4be5-90f2-bd5312d98089
20/10/29 10:26:28 INFO MemoryStore: MemoryStore started with capacity 424.4 MB
20/10/29 10:26:28 INFO CoarseGrainedExecutorBackend: Connecting to driver: spark://CoarseGrainedScheduler@ip-10-0-45-238.ec2.internal:39907
20/10/29 10:26:28 INFO CoarseGrainedExecutorBackend: Successfully registered with driver
20/10/29 10:26:28 INFO Executor: Starting executor ID 2 on host ip-10-0-47-24.ec2.internal
20/10/29 10:26:28 INFO Utils: Successfully started service 'org.apache.spark.network.netty.NettyBlockTransferService' on port 34685.
20/10/29 10:26:28 INFO NettyBlockTransferService: Server created on ip-10-0-47-24.ec2.internal:34685
20/10/29 10:26:28 INFO BlockManager: Using org.apache.spark.storage.RandomBlockReplicationPolicy for block replication policy
20/10/29 10:26:28 INFO BlockManagerMaster: Registering BlockManager BlockManagerId(2, ip-10-0-47-24.ec2.internal, 34685, None)
20/10/29 10:26:28 INFO BlockManagerMaster: Registered BlockManager BlockManagerId(2, ip-10-0-47-24.ec2.internal, 34685, None)
20/10/29 10:26:28 INFO BlockManager: external shuffle service port = 7337
20/10/29 10:26:28 INFO BlockManager: Registering executor with local external shuffle service.
20/10/29 10:26:28 INFO TransportClientFactory: Successfully created connection to ip-10-0-47-24.ec2.internal/10.0.47.24:7337 after 3 ms (0 ms spent in bootstraps)
20/10/29 10:26:28 INFO BlockManager: Initialized BlockManager: BlockManagerId(2, ip-10-0-47-24.ec2.internal, 34685, None)
20/10/29 10:26:28 INFO CoarseGrainedExecutorBackend: Got assigned task 3
20/10/29 10:26:28 INFO Executor: Running task 2.0 in stage 1.0 (TID 3)
20/10/29 10:26:29 INFO TorrentBroadcast: Started reading broadcast variable 4
20/10/29 10:26:29 INFO TransportClientFactory: Successfully created connection to ip-10-0-45-238.ec2.internal/10.0.45.238:33403 after 5 ms (0 ms spent in bootstraps)
20/10/29 10:26:29 INFO MemoryStore: Block broadcast_4_piece0 stored as bytes in memory (estimated size 17.1 KB, free 424.4 MB)
20/10/29 10:26:29 INFO TorrentBroadcast: Reading broadcast variable 4 took 147 ms
20/10/29 10:26:29 INFO MemoryStore: Block broadcast_4 stored as values in memory (estimated size 43.4 KB, free 424.4 MB)
20/10/29 10:26:30 INFO CodeGenerator: Code generated in 544.51115 ms
20/10/29 10:26:30 INFO CodeGenerator: Code generated in 62.258787 ms
20/10/29 10:26:30 INFO CodeGenerator: Code generated in 34.21274 ms
20/10/29 10:26:32 INFO CodeGenerator: Code generated in 13.594167 ms
20/10/29 10:26:32 INFO FileScanRDD: Reading File path: s3://spectral-regression-spark-bucket/spectral_data_class.csv, range: 268435456-319010350, partition values: [empty row]
20/10/29 10:26:32 INFO CodeGenerator: Code generated in 14.83678 ms
20/10/29 10:26:32 INFO TorrentBroadcast: Started reading broadcast variable 2
20/10/29 10:26:32 INFO TransportClientFactory: Successfully created connection to ip-10-0-63-237.ec2.internal/10.0.63.237:44869 after 2 ms (0 ms spent in bootstraps)
20/10/29 10:26:32 INFO MemoryStore: Block broadcast_2_piece0 stored as bytes in memory (estimated size 36.7 KB, free 424.3 MB)
20/10/29 10:26:32 INFO TorrentBroadcast: Reading broadcast variable 2 took 123 ms
20/10/29 10:26:32 INFO MemoryStore: Block broadcast_2 stored as values in memory (estimated size 576.5 KB, free 423.7 MB)
20/10/29 10:26:35 INFO S3NativeFileSystem: Opening 's3://spectral-regression-spark-bucket/spectral_data_class.csv' for reading
20/10/29 10:26:35 INFO GPLNativeCodeLoader: Loaded native gpl library
20/10/29 10:26:35 INFO LzoCodec: Successfully loaded & initialized native-lzo library [hadoop-lzo rev 1546b8dc0ca6f1ffd26a812d52bd7b80915e0a25]
20/10/29 10:26:40 INFO JniLoader: successfully loaded /mnt/yarn/usercache/hadoop/appcache/application_1603959726485_0008/container_1603959726485_0008_01_000004/tmp/jniloader949608092831652896netlib-native_system-linux-x86_64.so
20/10/29 10:26:41 INFO Executor: Finished task 2.0 in stage 1.0 (TID 3). 2418 bytes result sent to driver
20/10/29 10:26:46 INFO CoarseGrainedExecutorBackend: Got assigned task 4
20/10/29 10:26:46 INFO Executor: Running task 0.0 in stage 2.0 (TID 4)
20/10/29 10:26:46 INFO CoarseGrainedExecutorBackend: Got assigned task 6
20/10/29 10:26:46 INFO Executor: Running task 2.0 in stage 2.0 (TID 6)
20/10/29 10:26:46 INFO TorrentBroadcast: Started reading broadcast variable 6
20/10/29 10:26:46 INFO MemoryStore: Block broadcast_6_piece0 stored as bytes in memory (estimated size 18.7 KB, free 423.8 MB)
20/10/29 10:26:46 INFO TorrentBroadcast: Reading broadcast variable 6 took 12 ms
20/10/29 10:26:46 INFO MemoryStore: Block broadcast_6 stored as values in memory (estimated size 44.9 KB, free 423.8 MB)
20/10/29 10:26:46 INFO CodeGenerator: Code generated in 59.419265 ms
20/10/29 10:26:46 INFO CodeGenerator: Code generated in 27.225161 ms
20/10/29 10:26:46 INFO FileScanRDD: Reading File path: s3://spectral-regression-spark-bucket/spectral_data_class.csv, range: 161602326-242403489, partition values: [empty row]
20/10/29 10:26:46 INFO FileScanRDD: Reading File path: s3://spectral-regression-spark-bucket/spectral_data_class.csv, range: 0-80801163, partition values: [empty row]
20/10/29 10:26:46 INFO TorrentBroadcast: Started reading broadcast variable 5
20/10/29 10:26:46 INFO MemoryStore: Block broadcast_5_piece0 stored as bytes in memory (estimated size 36.7 KB, free 423.6 MB)
20/10/29 10:26:46 INFO TorrentBroadcast: Reading broadcast variable 5 took 8 ms
20/10/29 10:26:46 INFO MemoryStore: Block broadcast_5 stored as values in memory (estimated size 576.5 KB, free 423.0 MB)
20/10/29 10:26:46 INFO S3NativeFileSystem: Opening 's3://spectral-regression-spark-bucket/spectral_data_class.csv' for reading
20/10/29 10:26:46 INFO S3NativeFileSystem: Opening 's3://spectral-regression-spark-bucket/spectral_data_class.csv' for reading
20/10/29 10:26:59 INFO Executor: Finished task 0.0 in stage 2.0 (TID 4). 2405 bytes result sent to driver
20/10/29 10:26:59 INFO Executor: Finished task 2.0 in stage 2.0 (TID 6). 2405 bytes result sent to driver
20/10/29 10:26:59 INFO CoarseGrainedExecutorBackend: Got assigned task 8
20/10/29 10:26:59 INFO CoarseGrainedExecutorBackend: Got assigned task 10
20/10/29 10:26:59 INFO Executor: Running task 0.0 in stage 3.0 (TID 8)
20/10/29 10:26:59 INFO Executor: Running task 2.0 in stage 3.0 (TID 10)
20/10/29 10:26:59 INFO TorrentBroadcast: Started reading broadcast variable 7
20/10/29 10:26:59 INFO MemoryStore: Block broadcast_7_piece0 stored as bytes in memory (estimated size 18.5 KB, free 423.1 MB)
20/10/29 10:26:59 INFO TorrentBroadcast: Reading broadcast variable 7 took 16 ms
20/10/29 10:26:59 INFO MemoryStore: Block broadcast_7 stored as values in memory (estimated size 44.1 KB, free 423.1 MB)
20/10/29 10:26:59 INFO FileScanRDD: Reading File path: s3://spectral-regression-spark-bucket/spectral_data_class.csv, range: 161602326-242403489, partition values: [empty row]
20/10/29 10:26:59 INFO FileScanRDD: Reading File path: s3://spectral-regression-spark-bucket/spectral_data_class.csv, range: 0-80801163, partition values: [empty row]
20/10/29 10:26:59 INFO S3NativeFileSystem: Opening 's3://spectral-regression-spark-bucket/spectral_data_class.csv' for reading
20/10/29 10:26:59 INFO S3NativeFileSystem: Opening 's3://spectral-regression-spark-bucket/spectral_data_class.csv' for reading
20/10/29 10:27:11 INFO Executor: Finished task 2.0 in stage 3.0 (TID 10). 1965 bytes result sent to driver
20/10/29 10:27:11 INFO Executor: Finished task 0.0 in stage 3.0 (TID 8). 1922 bytes result sent to driver
20/10/29 10:27:11 INFO CoarseGrainedExecutorBackend: Got assigned task 13
20/10/29 10:27:11 INFO Executor: Running task 1.0 in stage 4.0 (TID 13)
20/10/29 10:27:11 INFO CoarseGrainedExecutorBackend: Got assigned task 15
20/10/29 10:27:11 INFO Executor: Running task 3.0 in stage 4.0 (TID 15)
20/10/29 10:27:11 INFO TorrentBroadcast: Started reading broadcast variable 9
20/10/29 10:27:11 INFO MemoryStore: Block broadcast_9_piece0 stored as bytes in memory (estimated size 17.1 KB, free 423.1 MB)
20/10/29 10:27:11 INFO TorrentBroadcast: Reading broadcast variable 9 took 9 ms
20/10/29 10:27:11 INFO MemoryStore: Block broadcast_9 stored as values in memory (estimated size 40.0 KB, free 423.1 MB)
20/10/29 10:27:12 INFO CodeGenerator: Code generated in 95.218314 ms
20/10/29 10:27:12 INFO FileScanRDD: Reading File path: s3://spectral-regression-spark-bucket/spectral_data_class.csv, range: 242403489-319010350, partition values: [empty row]
20/10/29 10:27:12 INFO FileScanRDD: Reading File path: s3://spectral-regression-spark-bucket/spectral_data_class.csv, range: 80801163-161602326, partition values: [empty row]
20/10/29 10:27:12 INFO TorrentBroadcast: Started reading broadcast variable 8
20/10/29 10:27:12 INFO MemoryStore: Block broadcast_8_piece0 stored as bytes in memory (estimated size 36.7 KB, free 422.9 MB)
20/10/29 10:27:12 INFO TorrentBroadcast: Reading broadcast variable 8 took 11 ms
20/10/29 10:27:12 INFO MemoryStore: Block broadcast_8 stored as values in memory (estimated size 576.5 KB, free 422.4 MB)
20/10/29 10:27:12 INFO S3NativeFileSystem: Opening 's3://spectral-regression-spark-bucket/spectral_data_class.csv' for reading
20/10/29 10:27:12 INFO S3NativeFileSystem: Opening 's3://spectral-regression-spark-bucket/spectral_data_class.csv' for reading
20/10/29 10:27:22 INFO Executor: Finished task 1.0 in stage 4.0 (TID 13). 2607 bytes result sent to driver
20/10/29 10:27:22 INFO Executor: Finished task 3.0 in stage 4.0 (TID 15). 2607 bytes result sent to driver
20/10/29 10:27:23 INFO CoarseGrainedExecutorBackend: Got assigned task 17
20/10/29 10:27:23 INFO Executor: Running task 0.0 in stage 6.0 (TID 17)
20/10/29 10:27:23 INFO CoarseGrainedExecutorBackend: Got assigned task 19
20/10/29 10:27:23 INFO Executor: Running task 2.0 in stage 6.0 (TID 19)
20/10/29 10:27:23 INFO MapOutputTrackerWorker: Updating epoch to 1 and clearing cache
20/10/29 10:27:23 INFO TorrentBroadcast: Started reading broadcast variable 12
20/10/29 10:27:23 INFO MemoryStore: Block broadcast_12_piece0 stored as bytes in memory (estimated size 19.1 KB, free 422.5 MB)
20/10/29 10:27:23 INFO TorrentBroadcast: Reading broadcast variable 12 took 10 ms
20/10/29 10:27:23 INFO MemoryStore: Block broadcast_12 stored as values in memory (estimated size 45.6 KB, free 422.5 MB)
20/10/29 10:27:23 INFO CodeGenerator: Code generated in 59.308317 ms
20/10/29 10:27:23 INFO FileScanRDD: Reading File path: s3://spectral-regression-spark-bucket/spectral_data_class.csv, range: 0-80801163, partition values: [empty row]
20/10/29 10:27:23 INFO FileScanRDD: Reading File path: s3://spectral-regression-spark-bucket/spectral_data_class.csv, range: 161602326-242403489, partition values: [empty row]
20/10/29 10:27:23 INFO TorrentBroadcast: Started reading broadcast variable 11
20/10/29 10:27:23 INFO MemoryStore: Block broadcast_11_piece0 stored as bytes in memory (estimated size 36.7 KB, free 422.3 MB)
20/10/29 10:27:23 INFO TorrentBroadcast: Reading broadcast variable 11 took 12 ms
20/10/29 10:27:23 INFO MemoryStore: Block broadcast_11 stored as values in memory (estimated size 576.5 KB, free 421.8 MB)
20/10/29 10:27:23 INFO S3NativeFileSystem: Opening 's3://spectral-regression-spark-bucket/spectral_data_class.csv' for reading
20/10/29 10:27:23 INFO S3NativeFileSystem: Opening 's3://spectral-regression-spark-bucket/spectral_data_class.csv' for reading
20/10/29 10:27:33 INFO Executor: Finished task 2.0 in stage 6.0 (TID 19). 2448 bytes result sent to driver
20/10/29 10:27:34 INFO Executor: Finished task 0.0 in stage 6.0 (TID 17). 2448 bytes result sent to driver
20/10/29 10:27:35 INFO CoarseGrainedExecutorBackend: Got assigned task 21
20/10/29 10:27:35 INFO Executor: Running task 0.0 in stage 7.0 (TID 21)
20/10/29 10:27:35 INFO TorrentBroadcast: Started reading broadcast variable 13
20/10/29 10:27:35 INFO MemoryStore: Block broadcast_13_piece0 stored as bytes in memory (estimated size 38.2 KB, free 422.5 MB)
20/10/29 10:27:35 INFO TorrentBroadcast: Reading broadcast variable 13 took 10 ms
20/10/29 10:27:35 INFO MemoryStore: Block broadcast_13 stored as values in memory (estimated size 127.7 KB, free 422.4 MB)
20/10/29 10:27:36 INFO HadoopMapRedCommitProtocol: Using output committer class org.apache.hadoop.mapred.DirectFileOutputCommitter
20/10/29 10:27:37 INFO FileOutputCommitter: File Output Committer Algorithm version is 1
20/10/29 10:27:37 INFO FileOutputCommitter: FileOutputCommitter skip cleanup _temporary folders under output directory:false, ignore cleanup failures: false
20/10/29 10:27:37 INFO DirectFileOutputCommitter: Direct Write: DISABLED
20/10/29 10:27:37 INFO PythonRunner: Times: total = 511, boot = 452, init = 59, finish = 0
20/10/29 10:27:38 INFO FileOutputCommitter: Saved output of task 'attempt_20201029102734_0039_m_000000_0' to s3a://spectral-regression-spark-bucket/results_4xc4large_linear_291020-102734_galaxy-qso/_temporary/0/task_20201029102734_0039_m_000000
20/10/29 10:27:38 INFO SparkHadoopMapRedUtil: attempt_20201029102734_0039_m_000000_0: Committed
20/10/29 10:27:38 INFO Executor: Finished task 0.0 in stage 7.0 (TID 21). 1766 bytes result sent to driver
20/10/29 10:27:40 INFO CoarseGrainedExecutorBackend: Driver commanded a shutdown
20/10/29 10:27:40 INFO MemoryStore: MemoryStore cleared
20/10/29 10:27:40 INFO BlockManager: BlockManager stopped
20/10/29 10:27:40 INFO ShutdownHookManager: Shutdown hook called
End of LogType:stderr

LogType:stdout
Log Upload Time:gio ott 29 10:27:41 +0000 2020
LogLength:533606
Log Contents:
2020-10-29T10:26:24.166+0000: [GC (Allocation Failure) 2020-10-29T10:26:24.166+0000: [ParNew: 16384K->2048K(18432K), 0.0063766 secs] 16384K->2379K(59392K), 0.0064641 secs] [Times: user=0.01 sys=0.00, real=0.00 secs] 
2020-10-29T10:26:24.298+0000: [GC (Allocation Failure) 2020-10-29T10:26:24.298+0000: [ParNew: 18432K->1946K(18432K), 0.0068447 secs] 18763K->3631K(59392K), 0.0068925 secs] [Times: user=0.01 sys=0.00, real=0.01 secs] 
2020-10-29T10:26:24.431+0000: [GC (Allocation Failure) 2020-10-29T10:26:24.431+0000: [ParNew: 18330K->1459K(18432K), 0.0013841 secs] 20015K->3144K(59392K), 0.0014294 secs] [Times: user=0.00 sys=0.00, real=0.01 secs] 
2020-10-29T10:26:24.582+0000: [GC (Allocation Failure) 2020-10-29T10:26:24.582+0000: [ParNew: 17843K->1960K(18432K), 0.0043842 secs] 19528K->4026K(59392K), 0.0044406 secs] [Times: user=0.01 sys=0.00, real=0.01 secs] 
2020-10-29T10:26:24.716+0000: [GC (Allocation Failure) 2020-10-29T10:26:24.717+0000: [ParNew: 18344K->1190K(18432K), 0.0062287 secs] 20410K->3798K(59392K), 0.0062940 secs] [Times: user=0.01 sys=0.00, real=0.00 secs] 
2020-10-29T10:26:24.841+0000: [GC (Allocation Failure) 2020-10-29T10:26:24.841+0000: [ParNew: 17574K->1468K(18432K), 0.0036923 secs] 20182K->4077K(59392K), 0.0037559 secs] [Times: user=0.01 sys=0.00, real=0.01 secs] 
2020-10-29T10:26:24.933+0000: [GC (Allocation Failure) 2020-10-29T10:26:24.933+0000: [ParNew: 17852K->1207K(18432K), 0.0041735 secs] 20461K->4358K(59392K), 0.0042335 secs] [Times: user=0.00 sys=0.00, real=0.00 secs] 
2020-10-29T10:26:25.005+0000: [GC (Allocation Failure) 2020-10-29T10:26:25.005+0000: [ParNew: 17591K->971K(18432K), 0.0018984 secs] 20742K->4123K(59392K), 0.0019439 secs] [Times: user=0.00 sys=0.00, real=0.00 secs] 
2020-10-29T10:26:25.066+0000: [GC (Allocation Failure) 2020-10-29T10:26:25.066+0000: [ParNew: 17355K->801K(18432K), 0.0013164 secs] 20507K->3952K(59392K), 0.0013766 secs] [Times: user=0.01 sys=0.00, real=0.00 secs] 
2020-10-29T10:26:25.197+0000: [GC (Allocation Failure) 2020-10-29T10:26:25.197+0000: [ParNew: 17185K->1524K(18432K), 0.0018886 secs] 20336K->4675K(59392K), 0.0019347 secs] [Times: user=0.00 sys=0.00, real=0.00 secs] 
2020-10-29T10:26:25.315+0000: [GC (Allocation Failure) 2020-10-29T10:26:25.316+0000: [ParNew: 17908K->1290K(18432K), 0.0023124 secs] 21059K->4751K(59392K), 0.0023598 secs] [Times: user=0.00 sys=0.00, real=0.00 secs] 
2020-10-29T10:26:25.481+0000: [GC (Allocation Failure) 2020-10-29T10:26:25.481+0000: [ParNew: 17674K->1395K(18432K), 0.0022668 secs] 21135K->4857K(59392K), 0.0023194 secs] [Times: user=0.00 sys=0.00, real=0.00 secs] 
2020-10-29T10:26:25.594+0000: [GC (Allocation Failure) 2020-10-29T10:26:25.594+0000: [ParNew: 17779K->1330K(18432K), 0.0034089 secs] 21241K->5051K(59392K), 0.0034727 secs] [Times: user=0.00 sys=0.00, real=0.00 secs] 
2020-10-29T10:26:25.705+0000: [GC (Allocation Failure) 2020-10-29T10:26:25.705+0000: [ParNew: 17714K->998K(18432K), 0.0033312 secs] 21435K->5139K(59392K), 0.0033783 secs] [Times: user=0.00 sys=0.01, real=0.00 secs] 
2020-10-29T10:26:25.793+0000: [GC (Allocation Failure) 2020-10-29T10:26:25.793+0000: [ParNew: 17382K->1146K(18432K), 0.0039116 secs] 21523K->5287K(59392K), 0.0039606 secs] [Times: user=0.01 sys=0.00, real=0.00 secs] 
2020-10-29T10:26:25.890+0000: [GC (Allocation Failure) 2020-10-29T10:26:25.890+0000: [ParNew: 17530K->1444K(18432K), 0.0018896 secs] 21671K->5585K(59392K), 0.0019356 secs] [Times: user=0.00 sys=0.00, real=0.00 secs] 
2020-10-29T10:26:25.970+0000: [GC (Allocation Failure) 2020-10-29T10:26:25.970+0000: [ParNew: 17828K->1338K(18432K), 0.0021884 secs] 21969K->5479K(59392K), 0.0022557 secs] [Times: user=0.01 sys=0.00, real=0.01 secs] 
2020-10-29T10:26:26.028+0000: [GC (Allocation Failure) 2020-10-29T10:26:26.028+0000: [ParNew: 17722K->987K(18432K), 0.0027826 secs] 21863K->5475K(59392K), 0.0028303 secs] [Times: user=0.00 sys=0.00, real=0.00 secs] 
2020-10-29T10:26:26.103+0000: [GC (Allocation Failure) 2020-10-29T10:26:26.103+0000: [ParNew: 17371K->1284K(18432K), 0.0027887 secs] 21859K->5772K(59392K), 0.0028475 secs] [Times: user=0.00 sys=0.00, real=0.01 secs] 
2020-10-29T10:26:27.795+0000: [GC (Allocation Failure) 2020-10-29T10:26:27.795+0000: [ParNew: 17668K->1813K(18432K), 0.0031415 secs] 22156K->6522K(59392K), 0.0031908 secs] [Times: user=0.01 sys=0.00, real=0.00 secs] 
2020-10-29T10:26:27.865+0000: [GC (Allocation Failure) 2020-10-29T10:26:27.865+0000: [ParNew: 18197K->1091K(18432K), 0.0031587 secs] 22906K->6261K(59392K), 0.0032059 secs] [Times: user=0.00 sys=0.00, real=0.00 secs] 
2020-10-29T10:26:27.964+0000: [GC (Allocation Failure) 2020-10-29T10:26:27.964+0000: [ParNew: 17475K->1279K(18432K), 0.0023120 secs] 39029K->22834K(59392K), 0.0023769 secs] [Times: user=0.00 sys=0.00, real=0.00 secs] 
2020-10-29T10:26:27.970+0000: [GC (CMS Initial Mark) [1 CMS-initial-mark: 21554K(40960K)] 22834K(59392K), 0.0015870 secs] [Times: user=0.01 sys=0.00, real=0.00 secs] 
2020-10-29T10:26:27.972+0000: [CMS-concurrent-mark-start]
2020-10-29T10:26:27.988+0000: [CMS-concurrent-mark: 0.016/0.016 secs] [Times: user=0.02 sys=0.01, real=0.02 secs] 
2020-10-29T10:26:27.988+0000: [CMS-concurrent-preclean-start]
2020-10-29T10:26:27.988+0000: [CMS-concurrent-preclean: 0.001/0.001 secs] [Times: user=0.00 sys=0.00, real=0.00 secs] 
2020-10-29T10:26:27.989+0000: [GC (CMS Final Remark) [YG occupancy: 2934 K (18432 K)]2020-10-29T10:26:27.989+0000: [Rescan (parallel) , 0.0009944 secs]2020-10-29T10:26:27.990+0000: [weak refs processing, 0.0000340 secs]2020-10-29T10:26:27.990+0000: [class unloading, 0.0022139 secs]2020-10-29T10:26:27.992+0000: [scrub symbol table, 0.0023246 secs]2020-10-29T10:26:27.994+0000: [scrub string table, 0.0002410 secs][1 CMS-remark: 21554K(40960K)] 24488K(59392K), 0.0058921 secs] [Times: user=0.00 sys=0.00, real=0.01 secs] 
2020-10-29T10:26:27.995+0000: [CMS-concurrent-sweep-start]
2020-10-29T10:26:27.997+0000: [CMS-concurrent-sweep: 0.002/0.002 secs] [Times: user=0.01 sys=0.00, real=0.00 secs] 
2020-10-29T10:26:27.997+0000: [CMS-concurrent-reset-start]
2020-10-29T10:26:28.052+0000: [CMS-concurrent-reset: 0.055/0.055 secs] [Times: user=0.08 sys=0.02, real=0.05 secs] 
2020-10-29T10:26:28.072+0000: [GC (Allocation Failure) 2020-10-29T10:26:28.072+0000: [ParNew: 17663K->998K(18432K), 0.0027266 secs] 38807K->22398K(59392K), 0.0027853 secs] [Times: user=0.01 sys=0.00, real=0.00 secs] 
2020-10-29T10:26:28.218+0000: [GC (Allocation Failure) 2020-10-29T10:26:28.218+0000: [ParNew: 17382K->1545K(18432K), 0.0023426 secs] 55166K->39329K(59392K), 0.0023906 secs] [Times: user=0.00 sys=0.00, real=0.00 secs] 
2020-10-29T10:26:28.220+0000: [GC (CMS Initial Mark) [1 CMS-initial-mark: 37784K(40960K)] 39593K(59392K), 0.0008749 secs] [Times: user=0.00 sys=0.00, real=0.00 secs] 
2020-10-29T10:26:28.221+0000: [CMS-concurrent-mark-start]
2020-10-29T10:26:28.235+0000: [CMS-concurrent-mark: 0.013/0.013 secs] [Times: user=0.02 sys=0.01, real=0.02 secs] 
2020-10-29T10:26:28.235+0000: [CMS-concurrent-preclean-start]
2020-10-29T10:26:28.235+0000: [CMS-concurrent-preclean: 0.000/0.000 secs] [Times: user=0.00 sys=0.00, real=0.00 secs] 
2020-10-29T10:26:28.235+0000: [GC (CMS Final Remark) [YG occupancy: 2154 K (18432 K)]2020-10-29T10:26:28.235+0000: [Rescan (parallel) , 0.0008739 secs]2020-10-29T10:26:28.236+0000: [weak refs processing, 0.0000250 secs]2020-10-29T10:26:28.236+0000: [class unloading, 0.0022034 secs]2020-10-29T10:26:28.239+0000: [scrub symbol table, 0.0025056 secs]2020-10-29T10:26:28.241+0000: [scrub string table, 0.0002454 secs][1 CMS-remark: 37784K(40960K)] 39939K(59392K), 0.0059613 secs] [Times: user=0.00 sys=0.00, real=0.00 secs] 
2020-10-29T10:26:28.242+0000: [CMS-concurrent-sweep-start]
2020-10-29T10:26:28.244+0000: [CMS-concurrent-sweep: 0.002/0.002 secs] [Times: user=0.01 sys=0.00, real=0.00 secs] 
2020-10-29T10:26:28.244+0000: [CMS-concurrent-reset-start]
2020-10-29T10:26:28.246+0000: [CMS-concurrent-reset: 0.002/0.002 secs] [Times: user=0.00 sys=0.00, real=0.01 secs] 
2020-10-29T10:26:28.312+0000: [GC (Allocation Failure) 2020-10-29T10:26:28.312+0000: [ParNew: 17929K->1407K(18432K), 0.0034253 secs] 55665K->39518K(81328K), 0.0034924 secs] [Times: user=0.00 sys=0.00, real=0.01 secs] 
2020-10-29T10:26:28.391+0000: [GC (Allocation Failure) 2020-10-29T10:26:28.391+0000: [ParNew: 17791K->993K(18432K), 0.0019010 secs] 55902K->39103K(81328K), 0.0019649 secs] [Times: user=0.01 sys=0.00, real=0.01 secs] 
2020-10-29T10:26:28.464+0000: [GC (Allocation Failure) 2020-10-29T10:26:28.464+0000: [ParNew: 17377K->1646K(18432K), 0.0021083 secs] 55487K->39756K(81328K), 0.0021696 secs] [Times: user=0.01 sys=0.00, real=0.01 secs] 
2020-10-29T10:26:28.518+0000: [GC (Allocation Failure) 2020-10-29T10:26:28.518+0000: [ParNew: 18030K->1250K(18432K), 0.0025920 secs] 56140K->39710K(81328K), 0.0026413 secs] [Times: user=0.01 sys=0.00, real=0.00 secs] 
2020-10-29T10:26:28.560+0000: [GC (Allocation Failure) 2020-10-29T10:26:28.560+0000: [ParNew: 17634K->1188K(18432K), 0.0017870 secs] 56094K->39648K(81328K), 0.0018345 secs] [Times: user=0.01 sys=0.00, real=0.00 secs] 
2020-10-29T10:26:28.669+0000: [GC (Allocation Failure) 2020-10-29T10:26:28.669+0000: [ParNew: 17572K->1170K(18432K), 0.0028733 secs] 56032K->39762K(81328K), 0.0029471 secs] [Times: user=0.01 sys=0.00, real=0.00 secs] 
2020-10-29T10:26:28.873+0000: [GC (Allocation Failure) 2020-10-29T10:26:28.873+0000: [ParNew: 17554K->1827K(18432K), 0.0032085 secs] 56146K->40419K(81328K), 0.0032740 secs] [Times: user=0.01 sys=0.00, real=0.00 secs] 
2020-10-29T10:26:28.990+0000: [GC (Allocation Failure) 2020-10-29T10:26:28.990+0000: [ParNew: 18211K->1505K(18432K), 0.0089980 secs] 73187K->57808K(81328K), 0.0090608 secs] [Times: user=0.02 sys=0.00, real=0.01 secs] 
2020-10-29T10:26:29.002+0000: [GC (CMS Initial Mark) [1 CMS-initial-mark: 56302K(62896K)] 58184K(81328K), 0.0015545 secs] [Times: user=0.00 sys=0.00, real=0.00 secs] 
2020-10-29T10:26:29.004+0000: [CMS-concurrent-mark-start]
2020-10-29T10:26:29.032+0000: [CMS-concurrent-mark: 0.028/0.028 secs] [Times: user=0.06 sys=0.00, real=0.03 secs] 
2020-10-29T10:26:29.032+0000: [CMS-concurrent-preclean-start]
2020-10-29T10:26:29.033+0000: [CMS-concurrent-preclean: 0.001/0.001 secs] [Times: user=0.00 sys=0.00, real=0.01 secs] 
2020-10-29T10:26:29.036+0000: [GC (CMS Final Remark) [YG occupancy: 2948 K (18432 K)]2020-10-29T10:26:29.036+0000: [Rescan (parallel) , 0.0023778 secs]2020-10-29T10:26:29.039+0000: [weak refs processing, 0.0000382 secs]2020-10-29T10:26:29.039+0000: [class unloading, 0.0039631 secs]2020-10-29T10:26:29.043+0000: [scrub symbol table, 0.0042200 secs]2020-10-29T10:26:29.047+0000: [scrub string table, 0.0004142 secs][1 CMS-remark: 56302K(62896K)] 59251K(81328K), 0.0111338 secs] [Times: user=0.02 sys=0.00, real=0.01 secs] 
2020-10-29T10:26:29.055+0000: [CMS-concurrent-sweep-start]
2020-10-29T10:26:29.059+0000: [CMS-concurrent-sweep: 0.003/0.003 secs] [Times: user=0.01 sys=0.00, real=0.00 secs] 
2020-10-29T10:26:29.059+0000: [CMS-concurrent-reset-start]
2020-10-29T10:26:29.060+0000: [CMS-concurrent-reset: 0.002/0.002 secs] [Times: user=0.01 sys=0.00, real=0.00 secs] 
2020-10-29T10:26:29.164+0000: [GC (Allocation Failure) 2020-10-29T10:26:29.164+0000: [ParNew: 17889K->1159K(18432K), 0.0048394 secs] 74094K->57364K(112108K), 0.0049053 secs] [Times: user=0.01 sys=0.00, real=0.01 secs] 
2020-10-29T10:26:29.301+0000: [GC (Allocation Failure) 2020-10-29T10:26:29.301+0000: [ParNew: 17543K->1177K(18432K), 0.0054092 secs] 90132K->74038K(112108K), 0.0054740 secs] [Times: user=0.01 sys=0.00, real=0.01 secs] 
2020-10-29T10:26:29.307+0000: [GC (CMS Initial Mark) [1 CMS-initial-mark: 72861K(93676K)] 74038K(112108K), 0.0015328 secs] [Times: user=0.00 sys=0.01, real=0.00 secs] 
2020-10-29T10:26:29.308+0000: [CMS-concurrent-mark-start]
2020-10-29T10:26:29.340+0000: [CMS-concurrent-mark: 0.032/0.032 secs] [Times: user=0.07 sys=0.00, real=0.03 secs] 
2020-10-29T10:26:29.340+0000: [CMS-concurrent-preclean-start]
2020-10-29T10:26:29.341+0000: [CMS-concurrent-preclean: 0.001/0.001 secs] [Times: user=0.00 sys=0.00, real=0.00 secs] 
2020-10-29T10:26:29.341+0000: [CMS-concurrent-abortable-preclean-start]
2020-10-29T10:26:29.432+0000: [GC (Allocation Failure) 2020-10-29T10:26:29.432+0000: [ParNew: 17561K->1466K(18432K), 0.0052821 secs] 90422K->74327K(112108K), 0.0053417 secs] [Times: user=0.01 sys=0.00, real=0.01 secs] 
2020-10-29T10:26:29.536+0000: [GC (Allocation Failure) 2020-10-29T10:26:29.536+0000: [ParNew: 17850K->1439K(18432K), 0.0064738 secs] 90711K->74601K(112108K), 0.0065245 secs] [Times: user=0.01 sys=0.00, real=0.00 secs] 
2020-10-29T10:26:29.634+0000: [GC (Allocation Failure) 2020-10-29T10:26:29.634+0000: [ParNew: 17823K->1710K(18432K), 0.0034371 secs] 90985K->75225K(112108K), 0.0034877 secs] [Times: user=0.00 sys=0.00, real=0.00 secs] 
2020-10-29T10:26:29.711+0000: [GC (Allocation Failure) 2020-10-29T10:26:29.711+0000: [ParNew: 18094K->1114K(18432K), 0.0067935 secs] 91609K->75307K(112108K), 0.0068648 secs] [Times: user=0.01 sys=0.00, real=0.01 secs] 
2020-10-29T10:26:29.810+0000: [GC (Allocation Failure) 2020-10-29T10:26:29.810+0000: [ParNew: 17498K->1093K(18432K), 0.0023272 secs] 91691K->75286K(112108K), 0.0023874 secs] [Times: user=0.00 sys=0.00, real=0.01 secs] 
2020-10-29T10:26:29.977+0000: [CMS-concurrent-abortable-preclean: 0.090/0.635 secs] [Times: user=1.13 sys=0.05, real=0.64 secs] 
2020-10-29T10:26:29.984+0000: [GC (CMS Final Remark) [YG occupancy: 17477 K (18432 K)]2020-10-29T10:26:29.985+0000: [Rescan (parallel) , 0.0036951 secs]2020-10-29T10:26:29.988+0000: [weak refs processing, 0.0000372 secs]2020-10-29T10:26:29.988+0000: [class unloading, 0.0039657 secs]2020-10-29T10:26:29.992+0000: [scrub symbol table, 0.0043450 secs]2020-10-29T10:26:29.997+0000: [scrub string table, 0.0003609 secs][1 CMS-remark: 74193K(93676K)] 91670K(112108K), 0.0125329 secs] [Times: user=0.02 sys=0.00, real=0.01 secs] 
2020-10-29T10:26:29.997+0000: [CMS-concurrent-sweep-start]
2020-10-29T10:26:30.000+0000: [CMS-concurrent-sweep: 0.003/0.003 secs] [Times: user=0.00 sys=0.00, real=0.00 secs] 
2020-10-29T10:26:30.001+0000: [CMS-concurrent-reset-start]
2020-10-29T10:26:30.002+0000: [CMS-concurrent-reset: 0.002/0.002 secs] [Times: user=0.00 sys=0.00, real=0.00 secs] 
2020-10-29T10:26:30.002+0000: [GC (Allocation Failure) 2020-10-29T10:26:30.002+0000: [ParNew: 17477K->1652K(18432K), 0.0053675 secs] 91654K->76157K(142064K), 0.0054114 secs] [Times: user=0.01 sys=0.00, real=0.01 secs] 
2020-10-29T10:26:30.101+0000: [GC (Allocation Failure) 2020-10-29T10:26:30.101+0000: [ParNew: 18036K->1304K(18432K), 0.0048756 secs] 92541K->76719K(142064K), 0.0049350 secs] [Times: user=0.01 sys=0.00, real=0.01 secs] 
2020-10-29T10:26:30.264+0000: [GC (Allocation Failure) 2020-10-29T10:26:30.264+0000: [ParNew: 17688K->1183K(18432K), 0.0058385 secs] 93103K->76598K(142064K), 0.0059067 secs] [Times: user=0.01 sys=0.00, real=0.01 secs] 
2020-10-29T10:26:30.487+0000: [GC (Allocation Failure) 2020-10-29T10:26:30.487+0000: [ParNew: 17567K->1375K(18432K), 0.0136110 secs] 92982K->76935K(142064K), 0.0136821 secs] [Times: user=0.03 sys=0.00, real=0.01 secs] 
2020-10-29T10:26:30.611+0000: [GC (Allocation Failure) 2020-10-29T10:26:30.611+0000: [ParNew: 17759K->997K(18432K), 0.0025771 secs] 93319K->76557K(142064K), 0.0026459 secs] [Times: user=0.01 sys=0.00, real=0.01 secs] 
2020-10-29T10:26:30.701+0000: [GC (Allocation Failure) 2020-10-29T10:26:30.701+0000: [ParNew: 17381K->1423K(18432K), 0.0024589 secs] 92941K->76983K(142064K), 0.0025247 secs] [Times: user=0.00 sys=0.00, real=0.00 secs] 
2020-10-29T10:26:30.813+0000: [GC (Allocation Failure) 2020-10-29T10:26:30.813+0000: [ParNew: 17807K->1133K(18432K), 0.0039785 secs] 93367K->76862K(142064K), 0.0040293 secs] [Times: user=0.01 sys=0.00, real=0.00 secs] 
2020-10-29T10:26:30.916+0000: [GC (Allocation Failure) 2020-10-29T10:26:30.916+0000: [ParNew: 17517K->1136K(18432K), 0.0053721 secs] 93246K->76866K(142064K), 0.0054328 secs] [Times: user=0.01 sys=0.00, real=0.00 secs] 
2020-10-29T10:26:30.990+0000: [GC (Allocation Failure) 2020-10-29T10:26:30.990+0000: [ParNew: 17520K->2047K(18432K), 0.0029630 secs] 93250K->78108K(142064K), 0.0030130 secs] [Times: user=0.00 sys=0.00, real=0.01 secs] 
2020-10-29T10:26:31.060+0000: [GC (Allocation Failure) 2020-10-29T10:26:31.060+0000: [ParNew: 18431K->934K(18432K), 0.0049550 secs] 94492K->77566K(142064K), 0.0050075 secs] [Times: user=0.01 sys=0.00, real=0.01 secs] 
2020-10-29T10:26:31.133+0000: [GC (Allocation Failure) 2020-10-29T10:26:31.133+0000: [ParNew: 17318K->687K(18432K), 0.0017819 secs] 93950K->77319K(142064K), 0.0018464 secs] [Times: user=0.01 sys=0.00, real=0.00 secs] 
2020-10-29T10:26:31.202+0000: [GC (Allocation Failure) 2020-10-29T10:26:31.202+0000: [ParNew: 17071K->1525K(18432K), 0.0021250 secs] 93703K->78157K(142064K), 0.0021744 secs] [Times: user=0.00 sys=0.00, real=0.00 secs] 
2020-10-29T10:26:31.273+0000: [GC (Allocation Failure) 2020-10-29T10:26:31.273+0000: [ParNew: 17909K->635K(18432K), 0.0054000 secs] 94541K->78068K(142064K), 0.0054507 secs] [Times: user=0.01 sys=0.00, real=0.00 secs] 
2020-10-29T10:26:31.360+0000: [GC (Allocation Failure) 2020-10-29T10:26:31.360+0000: [ParNew: 17019K->592K(18432K), 0.0033969 secs] 94452K->78025K(142064K), 0.0034488 secs] [Times: user=0.00 sys=0.00, real=0.00 secs] 
2020-10-29T10:26:31.416+0000: [GC (Allocation Failure) 2020-10-29T10:26:31.416+0000: [ParNew: 16976K->600K(18432K), 0.0034646 secs] 94409K->78032K(142064K), 0.0035169 secs] [Times: user=0.00 sys=0.00, real=0.00 secs] 
2020-10-29T10:26:31.520+0000: [GC (Allocation Failure) 2020-10-29T10:26:31.520+0000: [ParNew: 16984K->703K(18432K), 0.0037917 secs] 94416K->78136K(142064K), 0.0038407 secs] [Times: user=0.01 sys=0.00, real=0.00 secs] 
2020-10-29T10:26:31.594+0000: [GC (Allocation Failure) 2020-10-29T10:26:31.594+0000: [ParNew: 17087K->733K(18432K), 0.0031887 secs] 94520K->78166K(142064K), 0.0032546 secs] [Times: user=0.00 sys=0.00, real=0.00 secs] 
2020-10-29T10:26:31.704+0000: [GC (Allocation Failure) 2020-10-29T10:26:31.704+0000: [ParNew: 17117K->840K(18432K), 0.0076848 secs] 94550K->78273K(142064K), 0.0077353 secs] [Times: user=0.01 sys=0.00, real=0.01 secs] 
2020-10-29T10:26:31.791+0000: [GC (Allocation Failure) 2020-10-29T10:26:31.791+0000: [ParNew: 17224K->661K(18432K), 0.0039158 secs] 94657K->78133K(142064K), 0.0039636 secs] [Times: user=0.01 sys=0.00, real=0.01 secs] 
2020-10-29T10:26:31.950+0000: [GC (Allocation Failure) 2020-10-29T10:26:31.950+0000: [ParNew: 17045K->1203K(18432K), 0.0035813 secs] 94517K->78768K(142064K), 0.0036491 secs] [Times: user=0.01 sys=0.00, real=0.01 secs] 
2020-10-29T10:26:32.030+0000: [GC (Allocation Failure) 2020-10-29T10:26:32.030+0000: [ParNew: 17587K->1475K(18432K), 0.0031972 secs] 95152K->79073K(142064K), 0.0032484 secs] [Times: user=0.01 sys=0.00, real=0.01 secs] 
2020-10-29T10:26:32.139+0000: [GC (Allocation Failure) 2020-10-29T10:26:32.139+0000: [ParNew: 17859K->1727K(18432K), 0.0038510 secs] 95457K->79571K(142064K), 0.0039016 secs] [Times: user=0.01 sys=0.00, real=0.00 secs] 
2020-10-29T10:26:32.246+0000: [GC (Allocation Failure) 2020-10-29T10:26:32.246+0000: [ParNew: 18111K->871K(18432K), 0.0043290 secs] 95955K->79238K(142064K), 0.0043790 secs] [Times: user=0.01 sys=0.00, real=0.00 secs] 
2020-10-29T10:26:32.463+0000: [GC (Allocation Failure) 2020-10-29T10:26:32.463+0000: [ParNew: 17255K->2048K(18432K), 0.0069541 secs] 95622K->81288K(142064K), 0.0070216 secs] [Times: user=0.01 sys=0.00, real=0.01 secs] 
2020-10-29T10:26:32.582+0000: [GC (Allocation Failure) 2020-10-29T10:26:32.582+0000: [ParNew: 18432K->1883K(18432K), 0.0128287 secs] 97672K->83203K(142064K), 0.0128903 secs] [Times: user=0.03 sys=0.00, real=0.02 secs] 
2020-10-29T10:26:32.852+0000: [GC (Allocation Failure) 2020-10-29T10:26:32.852+0000: [ParNew: 18267K->1342K(18432K), 0.0075190 secs] 115971K->99046K(142064K), 0.0075707 secs] [Times: user=0.01 sys=0.00, real=0.01 secs] 
2020-10-29T10:26:32.860+0000: [GC (CMS Initial Mark) [1 CMS-initial-mark: 97704K(123632K)] 99372K(142064K), 0.0020054 secs] [Times: user=0.01 sys=0.00, real=0.00 secs] 
2020-10-29T10:26:32.862+0000: [CMS-concurrent-mark-start]
2020-10-29T10:26:32.903+0000: [CMS-concurrent-mark: 0.040/0.041 secs] [Times: user=0.07 sys=0.00, real=0.04 secs] 
2020-10-29T10:26:32.903+0000: [CMS-concurrent-preclean-start]
2020-10-29T10:26:32.905+0000: [CMS-concurrent-preclean: 0.001/0.001 secs] [Times: user=0.00 sys=0.00, real=0.01 secs] 
2020-10-29T10:26:32.905+0000: [CMS-concurrent-abortable-preclean-start]
2020-10-29T10:26:32.970+0000: [GC (Allocation Failure) 2020-10-29T10:26:32.970+0000: [ParNew: 17726K->1588K(18432K), 0.0036475 secs] 115430K->99542K(142064K), 0.0036974 secs] [Times: user=0.01 sys=0.00, real=0.01 secs] 
2020-10-29T10:26:33.056+0000: [GC (Allocation Failure) 2020-10-29T10:26:33.056+0000: [ParNew: 17972K->1696K(18432K), 0.0048141 secs] 115926K->100261K(142064K), 0.0048663 secs] [Times: user=0.01 sys=0.00, real=0.00 secs] 
2020-10-29T10:26:33.123+0000: [GC (Allocation Failure) 2020-10-29T10:26:33.124+0000: [ParNew: 18080K->1382K(18432K), 0.0033793 secs] 116645K->100469K(142064K), 0.0034224 secs] [Times: user=0.01 sys=0.00, real=0.01 secs] 
2020-10-29T10:26:33.172+0000: [GC (Allocation Failure) 2020-10-29T10:26:33.172+0000: [ParNew: 17766K->585K(18432K), 0.0017689 secs] 116853K->99672K(142064K), 0.0018208 secs] [Times: user=0.00 sys=0.00, real=0.01 secs] 
2020-10-29T10:26:33.232+0000: [GC (Allocation Failure) 2020-10-29T10:26:33.232+0000: [ParNew: 16969K->783K(18432K), 0.0022153 secs] 116056K->99871K(142064K), 0.0022807 secs] [Times: user=0.01 sys=0.00, real=0.01 secs] 
2020-10-29T10:26:33.305+0000: [GC (Allocation Failure) 2020-10-29T10:26:33.305+0000: [ParNew: 17167K->830K(18432K), 0.0023949 secs] 116255K->99917K(142064K), 0.0024612 secs] [Times: user=0.00 sys=0.00, real=0.00 secs] 
2020-10-29T10:26:33.378+0000: [GC (Allocation Failure) 2020-10-29T10:26:33.378+0000: [ParNew: 17214K->1632K(18432K), 0.0035095 secs] 116301K->100720K(142064K), 0.0035601 secs] [Times: user=0.01 sys=0.00, real=0.00 secs] 
2020-10-29T10:26:33.463+0000: [GC (Allocation Failure) 2020-10-29T10:26:33.463+0000: [ParNew: 18016K->1050K(18432K), 0.0043262 secs] 117104K->100651K(142064K), 0.0043774 secs] [Times: user=0.01 sys=0.00, real=0.01 secs] 
2020-10-29T10:26:33.566+0000: [GC (Allocation Failure) 2020-10-29T10:26:33.566+0000: [ParNew: 17434K->1186K(18432K), 0.0054924 secs] 117035K->100786K(142064K), 0.0055505 secs] [Times: user=0.01 sys=0.00, real=0.00 secs] 
2020-10-29T10:26:33.697+0000: [CMS-concurrent-abortable-preclean: 0.115/0.793 secs] [Times: user=1.33 sys=0.06, real=0.79 secs] 
2020-10-29T10:26:33.697+0000: [GC (CMS Final Remark) [YG occupancy: 16924 K (18432 K)]2020-10-29T10:26:33.697+0000: [Rescan (parallel) , 0.0046471 secs]2020-10-29T10:26:33.702+0000: [weak refs processing, 0.0000393 secs]2020-10-29T10:26:33.702+0000: [class unloading, 0.0057816 secs]2020-10-29T10:26:33.708+0000: [scrub symbol table, 0.0067837 secs]2020-10-29T10:26:33.715+0000: [scrub string table, 0.0004351 secs][1 CMS-remark: 99600K(123632K)] 116524K(142064K), 0.0178137 secs] [Times: user=0.02 sys=0.00, real=0.02 secs] 
2020-10-29T10:26:33.715+0000: [CMS-concurrent-sweep-start]
2020-10-29T10:26:33.723+0000: [CMS-concurrent-sweep: 0.008/0.008 secs] [Times: user=0.01 sys=0.00, real=0.00 secs] 
2020-10-29T10:26:33.723+0000: [CMS-concurrent-reset-start]
2020-10-29T10:26:33.728+0000: [CMS-concurrent-reset: 0.005/0.005 secs] [Times: user=0.01 sys=0.00, real=0.01 secs] 
2020-10-29T10:26:33.731+0000: [GC (Allocation Failure) 2020-10-29T10:26:33.731+0000: [ParNew: 17570K->1164K(18432K), 0.0031865 secs] 115954K->99724K(182408K), 0.0032376 secs] [Times: user=0.01 sys=0.00, real=0.01 secs] 
2020-10-29T10:26:33.838+0000: [GC (Allocation Failure) 2020-10-29T10:26:33.838+0000: [ParNew: 17548K->1516K(18432K), 0.0030895 secs] 116108K->100076K(182408K), 0.0031586 secs] [Times: user=0.01 sys=0.00, real=0.00 secs] 
2020-10-29T10:26:33.916+0000: [GC (Allocation Failure) 2020-10-29T10:26:33.916+0000: [ParNew: 17900K->1399K(18432K), 0.0039010 secs] 116460K->100397K(182408K), 0.0039686 secs] [Times: user=0.00 sys=0.00, real=0.00 secs] 
2020-10-29T10:26:33.973+0000: [GC (Allocation Failure) 2020-10-29T10:26:33.973+0000: [ParNew: 17783K->1226K(18432K), 0.0026547 secs] 116781K->100314K(182408K), 0.0027053 secs] [Times: user=0.00 sys=0.00, real=0.00 secs] 
2020-10-29T10:26:34.058+0000: [GC (Allocation Failure) 2020-10-29T10:26:34.058+0000: [ParNew: 17610K->845K(18432K), 0.0029035 secs] 116698K->100081K(182408K), 0.0029666 secs] [Times: user=0.00 sys=0.00, real=0.00 secs] 
2020-10-29T10:26:34.296+0000: [GC (Allocation Failure) 2020-10-29T10:26:34.296+0000: [ParNew: 17229K->2047K(18432K), 0.0054475 secs] 116465K->101718K(182408K), 0.0055004 secs] [Times: user=0.01 sys=0.00, real=0.00 secs] 
2020-10-29T10:26:34.426+0000: [GC (Allocation Failure) 2020-10-29T10:26:34.426+0000: [ParNew: 18431K->2048K(18432K), 0.0136300 secs] 118102K->103858K(182408K), 0.0136984 secs] [Times: user=0.02 sys=0.01, real=0.01 secs] 
2020-10-29T10:26:34.508+0000: [GC (Allocation Failure) 2020-10-29T10:26:34.508+0000: [ParNew: 18432K->1284K(18432K), 0.0064545 secs] 120242K->104215K(182408K), 0.0065075 secs] [Times: user=0.01 sys=0.00, real=0.01 secs] 
2020-10-29T10:26:34.602+0000: [GC (Allocation Failure) 2020-10-29T10:26:34.602+0000: [ParNew: 17668K->949K(18432K), 0.0025626 secs] 120599K->103880K(182408K), 0.0026144 secs] [Times: user=0.01 sys=0.00, real=0.01 secs] 
2020-10-29T10:26:34.677+0000: [GC (Allocation Failure) 2020-10-29T10:26:34.677+0000: [ParNew: 17333K->926K(18432K), 0.0025339 secs] 120264K->103857K(182408K), 0.0026031 secs] [Times: user=0.00 sys=0.00, real=0.00 secs] 
2020-10-29T10:26:34.763+0000: [GC (Allocation Failure) 2020-10-29T10:26:34.763+0000: [ParNew: 17310K->906K(18432K), 0.0028232 secs] 120241K->103837K(182408K), 0.0028869 secs] [Times: user=0.00 sys=0.00, real=0.01 secs] 
2020-10-29T10:26:34.870+0000: [GC (Allocation Failure) 2020-10-29T10:26:34.870+0000: [ParNew: 17290K->1281K(18432K), 0.0029250 secs] 120221K->104211K(182408K), 0.0029959 secs] [Times: user=0.01 sys=0.00, real=0.01 secs] 
2020-10-29T10:26:34.952+0000: [GC (Allocation Failure) 2020-10-29T10:26:34.952+0000: [ParNew: 17459K->1387K(18432K), 0.0031924 secs] 120390K->104318K(182408K), 0.0032603 secs] [Times: user=0.01 sys=0.00, real=0.01 secs] 
2020-10-29T10:26:35.020+0000: [GC (Allocation Failure) 2020-10-29T10:26:35.020+0000: [ParNew: 17771K->1100K(18432K), 0.0034502 secs] 120702K->104193K(182408K), 0.0035046 secs] [Times: user=0.00 sys=0.00, real=0.00 secs] 
2020-10-29T10:26:35.101+0000: [GC (Allocation Failure) 2020-10-29T10:26:35.101+0000: [ParNew: 17484K->1465K(18432K), 0.0033948 secs] 120577K->104558K(182408K), 0.0034474 secs] [Times: user=0.01 sys=0.00, real=0.00 secs] 
2020-10-29T10:26:35.350+0000: [GC (Allocation Failure) 2020-10-29T10:26:35.350+0000: [ParNew: 17849K->2048K(18432K), 0.0053904 secs] 120942K->105790K(182408K), 0.0054389 secs] [Times: user=0.01 sys=0.00, real=0.01 secs] 
2020-10-29T10:26:35.464+0000: [GC (Allocation Failure) 2020-10-29T10:26:35.464+0000: [ParNew: 18432K->1717K(18432K), 0.0063908 secs] 122174K->106920K(182408K), 0.0064384 secs] [Times: user=0.02 sys=0.00, real=0.01 secs] 
2020-10-29T10:26:35.603+0000: [GC (Allocation Failure) 2020-10-29T10:26:35.603+0000: [ParNew: 18101K->1073K(18432K), 0.0028149 secs] 123304K->106276K(182408K), 0.0028684 secs] [Times: user=0.01 sys=0.00, real=0.01 secs] 
2020-10-29T10:26:35.852+0000: [GC (Allocation Failure) 2020-10-29T10:26:35.852+0000: [ParNew: 17457K->671K(18432K), 0.0080748 secs] 122660K->114066K(182408K), 0.0081520 secs] [Times: user=0.02 sys=0.00, real=0.01 secs] 
2020-10-29T10:26:36.017+0000: [GC (Allocation Failure) 2020-10-29T10:26:36.017+0000: [ParNew: 17055K->850K(18432K), 0.0034540 secs] 130450K->114246K(182408K), 0.0035184 secs] [Times: user=0.00 sys=0.00, real=0.00 secs] 
2020-10-29T10:26:36.140+0000: [GC (Allocation Failure) 2020-10-29T10:26:36.140+0000: [ParNew: 17234K->793K(18432K), 0.0037160 secs] 130630K->114189K(182408K), 0.0037696 secs] [Times: user=0.00 sys=0.00, real=0.00 secs] 
2020-10-29T10:26:36.250+0000: [GC (Allocation Failure) 2020-10-29T10:26:36.250+0000: [ParNew: 17177K->1118K(18432K), 0.0024190 secs] 130573K->114513K(182408K), 0.0024708 secs] [Times: user=0.00 sys=0.00, real=0.00 secs] 
2020-10-29T10:26:36.329+0000: [GC (Allocation Failure) 2020-10-29T10:26:36.329+0000: [ParNew: 17502K->1032K(18432K), 0.0026704 secs] 130897K->114556K(182408K), 0.0027232 secs] [Times: user=0.00 sys=0.00, real=0.00 secs] 
2020-10-29T10:26:36.398+0000: [GC (Allocation Failure) 2020-10-29T10:26:36.398+0000: [ParNew: 17416K->1189K(18432K), 0.0023572 secs] 130940K->115000K(182408K), 0.0024368 secs] [Times: user=0.00 sys=0.00, real=0.00 secs] 
2020-10-29T10:26:36.461+0000: [GC (Allocation Failure) 2020-10-29T10:26:36.461+0000: [ParNew: 17573K->45K(18432K), 0.0022730 secs] 131384K->114899K(182408K), 0.0023355 secs] [Times: user=0.01 sys=0.00, real=0.00 secs] 
2020-10-29T10:26:36.464+0000: [GC (CMS Initial Mark) [1 CMS-initial-mark: 114854K(163976K)] 114899K(182408K), 0.0011350 secs] [Times: user=0.00 sys=0.00, real=0.00 secs] 
2020-10-29T10:26:36.466+0000: [CMS-concurrent-mark-start]
2020-10-29T10:26:36.534+0000: [CMS-concurrent-mark: 0.069/0.069 secs] [Times: user=0.13 sys=0.00, real=0.07 secs] 
2020-10-29T10:26:36.534+0000: [CMS-concurrent-preclean-start]
2020-10-29T10:26:36.536+0000: [CMS-concurrent-preclean: 0.001/0.001 secs] [Times: user=0.00 sys=0.00, real=0.00 secs] 
2020-10-29T10:26:36.536+0000: [CMS-concurrent-abortable-preclean-start]
2020-10-29T10:26:36.546+0000: [GC (Allocation Failure) 2020-10-29T10:26:36.546+0000: [ParNew: 16429K->11K(18432K), 0.0010928 secs] 131283K->114866K(182408K), 0.0011306 secs] [Times: user=0.00 sys=0.00, real=0.00 secs] 
2020-10-29T10:26:36.616+0000: [GC (Allocation Failure) 2020-10-29T10:26:36.616+0000: [ParNew: 16395K->7K(18432K), 0.0015688 secs] 131250K->114862K(182408K), 0.0016390 secs] [Times: user=0.00 sys=0.00, real=0.00 secs] 
2020-10-29T10:26:36.677+0000: [GC (Allocation Failure) 2020-10-29T10:26:36.677+0000: [ParNew: 16391K->10K(18432K), 0.0015043 secs] 131246K->114865K(182408K), 0.0015744 secs] [Times: user=0.01 sys=0.00, real=0.00 secs] 
2020-10-29T10:26:36.718+0000: [GC (Allocation Failure) 2020-10-29T10:26:36.718+0000: [ParNew: 16394K->10K(18432K), 0.0026124 secs] 131249K->116912K(182408K), 0.0026654 secs] [Times: user=0.00 sys=0.00, real=0.00 secs] 
2020-10-29T10:26:36.754+0000: [GC (Allocation Failure) 2020-10-29T10:26:36.754+0000: [ParNew: 16394K->13K(18432K), 0.0015402 secs] 133296K->116916K(182408K), 0.0015924 secs] [Times: user=0.00 sys=0.00, real=0.00 secs] 
2020-10-29T10:26:36.781+0000: [GC (Allocation Failure) 2020-10-29T10:26:36.781+0000: [ParNew: 16397K->9K(18432K), 0.0015041 secs] 133300K->116912K(182408K), 0.0015559 secs] [Times: user=0.00 sys=0.00, real=0.00 secs] 
2020-10-29T10:26:36.804+0000: [GC (Allocation Failure) 2020-10-29T10:26:36.805+0000: [ParNew: 16393K->6K(18432K), 0.0015184 secs] 133296K->116914K(182408K), 0.0015702 secs] [Times: user=0.00 sys=0.00, real=0.00 secs] 
2020-10-29T10:26:36.830+0000: [GC (Allocation Failure) 2020-10-29T10:26:36.830+0000: [ParNew: 16390K->6K(18432K), 0.0015485 secs] 133298K->116913K(182408K), 0.0016010 secs] [Times: user=0.00 sys=0.00, real=0.00 secs] 
2020-10-29T10:26:36.852+0000: [GC (Allocation Failure) 2020-10-29T10:26:36.852+0000: [ParNew: 16061K->6K(18432K), 0.0015450 secs] 132968K->116913K(182408K), 0.0015961 secs] [Times: user=0.01 sys=0.00, real=0.01 secs] 
2020-10-29T10:26:36.866+0000: [GC (Allocation Failure) 2020-10-29T10:26:36.866+0000: [ParNew: 16390K->4K(18432K), 0.0071420 secs] 133297K->125105K(182408K), 0.0071940 secs] [Times: user=0.01 sys=0.00, real=0.01 secs] 
2020-10-29T10:26:36.873+0000: [CMS-concurrent-abortable-preclean: 0.007/0.337 secs] [Times: user=0.51 sys=0.03, real=0.34 secs] 
2020-10-29T10:26:36.879+0000: [GC (CMS Final Remark) [YG occupancy: 2287 K (18432 K)]2020-10-29T10:26:36.879+0000: [Rescan (parallel) , 0.0029457 secs]2020-10-29T10:26:36.882+0000: [weak refs processing, 0.0000811 secs]2020-10-29T10:26:36.882+0000: [class unloading, 0.0072973 secs]2020-10-29T10:26:36.889+0000: [scrub symbol table, 0.0088515 secs]2020-10-29T10:26:36.898+0000: [scrub string table, 0.0005375 secs][1 CMS-remark: 125101K(163976K)] 127388K(182408K), 0.0198466 secs] [Times: user=0.02 sys=0.00, real=0.02 secs] 
2020-10-29T10:26:36.899+0000: [CMS-concurrent-sweep-start]
2020-10-29T10:26:36.911+0000: [CMS-concurrent-sweep: 0.012/0.012 secs] [Times: user=0.02 sys=0.00, real=0.01 secs] 
2020-10-29T10:26:36.911+0000: [CMS-concurrent-reset-start]
2020-10-29T10:26:36.913+0000: [CMS-concurrent-reset: 0.002/0.002 secs] [Times: user=0.01 sys=0.00, real=0.01 secs] 
2020-10-29T10:26:36.929+0000: [GC (Allocation Failure) 2020-10-29T10:26:36.929+0000: [ParNew: 16388K->4K(18432K), 0.0022391 secs] 139870K->123486K(224236K), 0.0022904 secs] [Times: user=0.00 sys=0.00, real=0.00 secs] 
2020-10-29T10:26:36.957+0000: [GC (Allocation Failure) 2020-10-29T10:26:36.957+0000: [ParNew: 16388K->4K(18432K), 0.0015987 secs] 139870K->123486K(224236K), 0.0016488 secs] [Times: user=0.00 sys=0.00, real=0.00 secs] 
2020-10-29T10:26:36.979+0000: [GC (Allocation Failure) 2020-10-29T10:26:36.979+0000: [ParNew: 16388K->4K(18432K), 0.0038478 secs] 139870K->127582K(224236K), 0.0038980 secs] [Times: user=0.00 sys=0.00, real=0.00 secs] 
2020-10-29T10:26:37.018+0000: [GC (Allocation Failure) 2020-10-29T10:26:37.018+0000: [ParNew: 16388K->4K(18432K), 0.0017515 secs] 143966K->127582K(224236K), 0.0018056 secs] [Times: user=0.00 sys=0.00, real=0.00 secs] 
2020-10-29T10:26:37.055+0000: [GC (Allocation Failure) 2020-10-29T10:26:37.055+0000: [ParNew: 16388K->2K(18432K), 0.0032449 secs] 143966K->127580K(224236K), 0.0032978 secs] [Times: user=0.01 sys=0.00, real=0.00 secs] 
2020-10-29T10:26:37.094+0000: [GC (Allocation Failure) 2020-10-29T10:26:37.094+0000: [ParNew: 16386K->2K(18432K), 0.0031826 secs] 143964K->127580K(224236K), 0.0032331 secs] [Times: user=0.01 sys=0.00, real=0.00 secs] 
2020-10-29T10:26:37.123+0000: [GC (Allocation Failure) 2020-10-29T10:26:37.123+0000: [ParNew: 16386K->4K(18432K), 0.0015760 secs] 143964K->127583K(224236K), 0.0016184 secs] [Times: user=0.00 sys=0.00, real=0.01 secs] 
2020-10-29T10:26:37.152+0000: [GC (Allocation Failure) 2020-10-29T10:26:37.152+0000: [ParNew: 16388K->4K(18432K), 0.0016034 secs] 143967K->127583K(224236K), 0.0016480 secs] [Times: user=0.00 sys=0.00, real=0.01 secs] 
2020-10-29T10:26:37.172+0000: [GC (Allocation Failure) 2020-10-29T10:26:37.172+0000: [ParNew: 16388K->4K(18432K), 0.0016170 secs] 143967K->127583K(224236K), 0.0016681 secs] [Times: user=0.00 sys=0.00, real=0.01 secs] 
2020-10-29T10:26:37.193+0000: [GC (Allocation Failure) 2020-10-29T10:26:37.193+0000: [ParNew: 16388K->4K(18432K), 0.0015444 secs] 143967K->127583K(224236K), 0.0015919 secs] [Times: user=0.01 sys=0.00, real=0.00 secs] 
2020-10-29T10:26:37.214+0000: [GC (Allocation Failure) 2020-10-29T10:26:37.214+0000: [ParNew: 16388K->2K(18432K), 0.0015667 secs] 143967K->127581K(224236K), 0.0016182 secs] [Times: user=0.00 sys=0.00, real=0.00 secs] 
2020-10-29T10:26:37.236+0000: [GC (Allocation Failure) 2020-10-29T10:26:37.236+0000: [ParNew: 16386K->2K(18432K), 0.0016570 secs] 143965K->127581K(224236K), 0.0017085 secs] [Times: user=0.01 sys=0.00, real=0.00 secs] 
2020-10-29T10:26:37.257+0000: [GC (Allocation Failure) 2020-10-29T10:26:37.257+0000: [ParNew: 16386K->4K(18432K), 0.0016105 secs] 143965K->127583K(224236K), 0.0016610 secs] [Times: user=0.00 sys=0.00, real=0.00 secs] 
2020-10-29T10:26:37.275+0000: [GC (Allocation Failure) 2020-10-29T10:26:37.275+0000: [ParNew: 14765K->4K(18432K), 0.0016005 secs] 142344K->127583K(224236K), 0.0016501 secs] [Times: user=0.00 sys=0.00, real=0.00 secs] 
2020-10-29T10:26:37.287+0000: [GC (Allocation Failure) 2020-10-29T10:26:37.287+0000: [ParNew: 16388K->4K(18432K), 0.0072045 secs] 143967K->135775K(224236K), 0.0072533 secs] [Times: user=0.01 sys=0.00, real=0.01 secs] 
2020-10-29T10:26:37.296+0000: [GC (CMS Initial Mark) [1 CMS-initial-mark: 135771K(205804K)] 136103K(224236K), 0.0013023 secs] [Times: user=0.01 sys=0.00, real=0.00 secs] 
2020-10-29T10:26:37.298+0000: [CMS-concurrent-mark-start]
2020-10-29T10:26:37.327+0000: [GC (Allocation Failure) 2020-10-29T10:26:37.327+0000: [ParNew: 16388K->6K(18432K), 0.0015761 secs] 152159K->135777K(224236K), 0.0016293 secs] [Times: user=0.01 sys=0.00, real=0.00 secs] 
2020-10-29T10:26:37.348+0000: [CMS-concurrent-mark: 0.048/0.050 secs] [Times: user=0.08 sys=0.01, real=0.05 secs] 
2020-10-29T10:26:37.348+0000: [CMS-concurrent-preclean-start]
2020-10-29T10:26:37.349+0000: [CMS-concurrent-preclean: 0.001/0.002 secs] [Times: user=0.01 sys=0.00, real=0.00 secs] 
2020-10-29T10:26:37.349+0000: [CMS-concurrent-abortable-preclean-start]
2020-10-29T10:26:37.355+0000: [GC (Allocation Failure) 2020-10-29T10:26:37.355+0000: [ParNew: 16390K->4K(18432K), 0.0012390 secs] 152161K->135775K(224236K), 0.0012782 secs] [Times: user=0.00 sys=0.00, real=0.00 secs] 
2020-10-29T10:26:37.378+0000: [GC (Allocation Failure) 2020-10-29T10:26:37.378+0000: [ParNew: 16388K->6K(18432K), 0.0014753 secs] 152159K->135777K(224236K), 0.0015260 secs] [Times: user=0.00 sys=0.00, real=0.00 secs] 
2020-10-29T10:26:37.399+0000: [GC (Allocation Failure) 2020-10-29T10:26:37.399+0000: [ParNew: 16390K->10K(18432K), 0.0016085 secs] 152161K->135781K(224236K), 0.0016601 secs] [Times: user=0.00 sys=0.00, real=0.00 secs] 
2020-10-29T10:26:37.419+0000: [GC (Allocation Failure) 2020-10-29T10:26:37.420+0000: [ParNew: 16394K->10K(18432K), 0.0015638 secs] 152165K->135782K(224236K), 0.0016145 secs] [Times: user=0.00 sys=0.00, real=0.00 secs] 
2020-10-29T10:26:37.437+0000: [GC (Allocation Failure) 2020-10-29T10:26:37.437+0000: [ParNew: 16394K->12K(18432K), 0.0070634 secs] 152166K->143976K(224236K), 0.0071165 secs] [Times: user=0.01 sys=0.00, real=0.00 secs] 
2020-10-29T10:26:37.463+0000: [GC (Allocation Failure) 2020-10-29T10:26:37.463+0000: [ParNew: 16396K->8K(18432K), 0.0015737 secs] 160360K->143973K(224236K), 0.0016246 secs] [Times: user=0.01 sys=0.00, real=0.01 secs] 
2020-10-29T10:26:37.483+0000: [GC (Allocation Failure) 2020-10-29T10:26:37.483+0000: [ParNew: 16392K->10K(18432K), 0.0016193 secs] 160357K->143975K(224236K), 0.0016706 secs] [Times: user=0.00 sys=0.00, real=0.01 secs] 
2020-10-29T10:26:37.505+0000: [GC (Allocation Failure) 2020-10-29T10:26:37.505+0000: [ParNew: 16394K->10K(18432K), 0.0015719 secs] 160359K->143975K(224236K), 0.0016232 secs] [Times: user=0.00 sys=0.00, real=0.00 secs] 
2020-10-29T10:26:37.527+0000: [GC (Allocation Failure) 2020-10-29T10:26:37.527+0000: [ParNew: 16394K->5K(18432K), 0.0015876 secs] 160359K->143974K(224236K), 0.0016434 secs] [Times: user=0.00 sys=0.00, real=0.00 secs] 
2020-10-29T10:26:37.548+0000: [GC (Allocation Failure) 2020-10-29T10:26:37.548+0000: [ParNew: 16389K->4K(18432K), 0.0015924 secs] 160358K->143973K(224236K), 0.0016441 secs] [Times: user=0.00 sys=0.00, real=0.00 secs] 
2020-10-29T10:26:37.573+0000: [GC (Allocation Failure) 2020-10-29T10:26:37.573+0000: [ParNew: 16388K->4K(18432K), 0.0015512 secs] 160357K->143973K(224236K), 0.0016027 secs] [Times: user=0.00 sys=0.00, real=0.00 secs] 
2020-10-29T10:26:37.593+0000: [GC (Allocation Failure) 2020-10-29T10:26:37.593+0000: [ParNew: 16388K->4K(18432K), 0.0014517 secs] 160357K->143973K(224236K), 0.0015002 secs] [Times: user=0.00 sys=0.00, real=0.00 secs] 
2020-10-29T10:26:37.613+0000: [GC (Allocation Failure) 2020-10-29T10:26:37.613+0000: [ParNew: 15420K->4K(18432K), 0.0015695 secs] 159390K->143973K(224236K), 0.0016201 secs] [Times: user=0.01 sys=0.00, real=0.00 secs] 
2020-10-29T10:26:37.626+0000: [GC (Allocation Failure) 2020-10-29T10:26:37.626+0000: [ParNew: 16388K->4K(18432K), 0.0072854 secs] 160357K->152166K(224236K), 0.0073378 secs] [Times: user=0.01 sys=0.00, real=0.01 secs] 
2020-10-29T10:26:37.634+0000: [CMS-concurrent-abortable-preclean: 0.011/0.284 secs] [Times: user=0.35 sys=0.01, real=0.29 secs] 
2020-10-29T10:26:37.636+0000: [GC (CMS Final Remark) [YG occupancy: 330 K (18432 K)]2020-10-29T10:26:37.636+0000: [Rescan (parallel) , 0.0012027 secs]2020-10-29T10:26:37.638+0000: [weak refs processing, 0.0000257 secs]2020-10-29T10:26:37.638+0000: [class unloading, 0.0072539 secs]2020-10-29T10:26:37.645+0000: [scrub symbol table, 0.0088044 secs]2020-10-29T10:26:37.654+0000: [scrub string table, 0.0005531 secs][1 CMS-remark: 152162K(205804K)] 152492K(224236K), 0.0179409 secs] [Times: user=0.02 sys=0.00, real=0.02 secs] 
2020-10-29T10:26:37.654+0000: [CMS-concurrent-sweep-start]
2020-10-29T10:26:37.666+0000: [CMS-concurrent-sweep: 0.011/0.011 secs] [Times: user=0.02 sys=0.00, real=0.01 secs] 
2020-10-29T10:26:37.666+0000: [CMS-concurrent-reset-start]
2020-10-29T10:26:37.668+0000: [CMS-concurrent-reset: 0.002/0.002 secs] [Times: user=0.01 sys=0.00, real=0.00 secs] 
2020-10-29T10:26:37.679+0000: [GC (Allocation Failure) 2020-10-29T10:26:37.679+0000: [ParNew: 16388K->4K(18432K), 0.0016915 secs] 165395K->149011K(266780K), 0.0017328 secs] [Times: user=0.00 sys=0.00, real=0.00 secs] 
2020-10-29T10:26:37.705+0000: [GC (Allocation Failure) 2020-10-29T10:26:37.705+0000: [ParNew: 16388K->4K(18432K), 0.0016267 secs] 165395K->149011K(266780K), 0.0016743 secs] [Times: user=0.01 sys=0.00, real=0.00 secs] 
2020-10-29T10:26:37.725+0000: [GC (Allocation Failure) 2020-10-29T10:26:37.725+0000: [ParNew: 16388K->4K(18432K), 0.0016545 secs] 165395K->149011K(266780K), 0.0017027 secs] [Times: user=0.00 sys=0.00, real=0.00 secs] 
2020-10-29T10:26:37.744+0000: [GC (Allocation Failure) 2020-10-29T10:26:37.744+0000: [ParNew: 16388K->4K(18432K), 0.0017086 secs] 165395K->149011K(266780K), 0.0017668 secs] [Times: user=0.00 sys=0.01, real=0.01 secs] 
2020-10-29T10:26:37.765+0000: [GC (Allocation Failure) 2020-10-29T10:26:37.765+0000: [ParNew: 16388K->4K(18432K), 0.0017325 secs] 165395K->149011K(266780K), 0.0017827 secs] [Times: user=0.01 sys=0.00, real=0.00 secs] 
2020-10-29T10:26:37.785+0000: [GC (Allocation Failure) 2020-10-29T10:26:37.785+0000: [ParNew: 16388K->4K(18432K), 0.0016971 secs] 165395K->149011K(266780K), 0.0017486 secs] [Times: user=0.00 sys=0.00, real=0.00 secs] 
2020-10-29T10:26:37.807+0000: [GC (Allocation Failure) 2020-10-29T10:26:37.807+0000: [ParNew: 16388K->4K(18432K), 0.0016329 secs] 165395K->149011K(266780K), 0.0016808 secs] [Times: user=0.01 sys=0.00, real=0.00 secs] 
2020-10-29T10:26:37.827+0000: [GC (Allocation Failure) 2020-10-29T10:26:37.827+0000: [ParNew: 16388K->4K(18432K), 0.0016859 secs] 165395K->149011K(266780K), 0.0017370 secs] [Times: user=0.00 sys=0.00, real=0.00 secs] 
2020-10-29T10:26:37.847+0000: [GC (Allocation Failure) 2020-10-29T10:26:37.847+0000: [ParNew: 16388K->4K(18432K), 0.0017209 secs] 165395K->149011K(266780K), 0.0017731 secs] [Times: user=0.00 sys=0.00, real=0.00 secs] 
2020-10-29T10:26:37.868+0000: [GC (Allocation Failure) 2020-10-29T10:26:37.868+0000: [ParNew: 16388K->4K(18432K), 0.0016576 secs] 165395K->149011K(266780K), 0.0017064 secs] [Times: user=0.01 sys=0.00, real=0.00 secs] 
2020-10-29T10:26:37.888+0000: [GC (Allocation Failure) 2020-10-29T10:26:37.888+0000: [ParNew: 16388K->4K(18432K), 0.0017100 secs] 165395K->149011K(266780K), 0.0017603 secs] [Times: user=0.01 sys=0.00, real=0.00 secs] 
2020-10-29T10:26:37.907+0000: [GC (Allocation Failure) 2020-10-29T10:26:37.907+0000: [ParNew: 16388K->4K(18432K), 0.0016869 secs] 165395K->149011K(266780K), 0.0017351 secs] [Times: user=0.00 sys=0.00, real=0.00 secs] 
2020-10-29T10:26:37.927+0000: [GC (Allocation Failure) 2020-10-29T10:26:37.927+0000: [ParNew: 16388K->4K(18432K), 0.0016754 secs] 165395K->149011K(266780K), 0.0017216 secs] [Times: user=0.00 sys=0.00, real=0.00 secs] 
2020-10-29T10:26:37.939+0000: [GC (Allocation Failure) 2020-10-29T10:26:37.939+0000: [ParNew: 16388K->4K(18432K), 0.0070189 secs] 165395K->157203K(266780K), 0.0070623 secs] [Times: user=0.01 sys=0.00, real=0.01 secs] 
2020-10-29T10:26:37.948+0000: [GC (CMS Initial Mark) [1 CMS-initial-mark: 157199K(248348K)] 157531K(266780K), 0.0011695 secs] [Times: user=0.00 sys=0.00, real=0.00 secs] 
2020-10-29T10:26:37.950+0000: [CMS-concurrent-mark-start]
2020-10-29T10:26:37.979+0000: [GC (Allocation Failure) 2020-10-29T10:26:37.979+0000: [ParNew: 16388K->4K(18432K), 0.0016052 secs] 173587K->157203K(266780K), 0.0016572 secs] [Times: user=0.00 sys=0.00, real=0.00 secs] 
2020-10-29T10:26:37.995+0000: [CMS-concurrent-mark: 0.044/0.045 secs] [Times: user=0.09 sys=0.01, real=0.05 secs] 
2020-10-29T10:26:37.995+0000: [CMS-concurrent-preclean-start]
2020-10-29T10:26:37.997+0000: [CMS-concurrent-preclean: 0.002/0.002 secs] [Times: user=0.00 sys=0.00, real=0.00 secs] 
2020-10-29T10:26:37.997+0000: [CMS-concurrent-abortable-preclean-start]
2020-10-29T10:26:38.007+0000: [GC (Allocation Failure) 2020-10-29T10:26:38.007+0000: [ParNew: 16388K->4K(18432K), 0.0014960 secs] 173587K->157203K(266780K), 0.0015416 secs] [Times: user=0.01 sys=0.00, real=0.00 secs] 
2020-10-29T10:26:38.027+0000: [GC (Allocation Failure) 2020-10-29T10:26:38.027+0000: [ParNew: 16388K->4K(18432K), 0.0016129 secs] 173587K->157203K(266780K), 0.0016735 secs] [Times: user=0.00 sys=0.00, real=0.00 secs] 
2020-10-29T10:26:38.047+0000: [GC (Allocation Failure) 2020-10-29T10:26:38.047+0000: [ParNew: 16388K->4K(18432K), 0.0016485 secs] 173587K->157203K(266780K), 0.0016977 secs] [Times: user=0.00 sys=0.00, real=0.00 secs] 
2020-10-29T10:26:38.067+0000: [GC (Allocation Failure) 2020-10-29T10:26:38.067+0000: [ParNew: 16388K->4K(18432K), 0.0017036 secs] 173587K->157203K(266780K), 0.0017560 secs] [Times: user=0.00 sys=0.00, real=0.00 secs] 
2020-10-29T10:26:38.087+0000: [GC (Allocation Failure) 2020-10-29T10:26:38.087+0000: [ParNew: 16388K->4K(18432K), 0.0016411 secs] 173587K->157203K(266780K), 0.0016909 secs] [Times: user=0.01 sys=0.00, real=0.00 secs] 
2020-10-29T10:26:38.107+0000: [GC (Allocation Failure) 2020-10-29T10:26:38.107+0000: [ParNew: 16388K->4K(18432K), 0.0015741 secs] 173587K->157203K(266780K), 0.0016205 secs] [Times: user=0.00 sys=0.00, real=0.00 secs] 
2020-10-29T10:26:38.133+0000: [GC (Allocation Failure) 2020-10-29T10:26:38.133+0000: [ParNew: 16388K->4K(18432K), 0.0016296 secs] 173587K->157203K(266780K), 0.0016798 secs] [Times: user=0.01 sys=0.00, real=0.00 secs] 
2020-10-29T10:26:38.164+0000: [GC (Allocation Failure) 2020-10-29T10:26:38.164+0000: [ParNew: 16388K->10K(18432K), 0.0025019 secs] 173587K->157209K(266780K), 0.0025548 secs] [Times: user=0.01 sys=0.00, real=0.01 secs] 
2020-10-29T10:26:38.187+0000: [GC (Allocation Failure) 2020-10-29T10:26:38.187+0000: [ParNew: 16394K->11K(18432K), 0.0016967 secs] 173593K->157210K(266780K), 0.0017483 secs] [Times: user=0.00 sys=0.00, real=0.00 secs] 
2020-10-29T10:26:38.208+0000: [GC (Allocation Failure) 2020-10-29T10:26:38.208+0000: [ParNew: 16395K->13K(18432K), 0.0016804 secs] 173594K->157213K(266780K), 0.0017316 secs] [Times: user=0.00 sys=0.00, real=0.00 secs] 
2020-10-29T10:26:38.237+0000: [GC (Allocation Failure) 2020-10-29T10:26:38.237+0000: [ParNew: 16397K->10K(18432K), 0.0016883 secs] 189981K->173594K(266780K), 0.0017405 secs] [Times: user=0.01 sys=0.00, real=0.00 secs] 
2020-10-29T10:26:38.258+0000: [GC (Allocation Failure) 2020-10-29T10:26:38.258+0000: [ParNew: 16394K->13K(18432K), 0.0016332 secs] 189978K->173596K(266780K), 0.0016811 secs] [Times: user=0.01 sys=0.00, real=0.00 secs] 
2020-10-29T10:26:38.278+0000: [GC (Allocation Failure) 2020-10-29T10:26:38.278+0000: [ParNew: 16397K->11K(18432K), 0.0016322 secs] 189980K->173594K(266780K), 0.0016832 secs] [Times: user=0.00 sys=0.00, real=0.00 secs] 
2020-10-29T10:26:38.298+0000: [GC (Allocation Failure) 2020-10-29T10:26:38.298+0000: [ParNew: 16395K->6K(18432K), 0.0015856 secs] 189978K->173596K(266780K), 0.0016321 secs] [Times: user=0.00 sys=0.00, real=0.00 secs] 
2020-10-29T10:26:38.318+0000: [GC (Allocation Failure) 2020-10-29T10:26:38.318+0000: [ParNew: 16390K->4K(18432K), 0.0016757 secs] 189980K->173594K(266780K), 0.0017267 secs] [Times: user=0.01 sys=0.00, real=0.00 secs] 
2020-10-29T10:26:38.339+0000: [GC (Allocation Failure) 2020-10-29T10:26:38.339+0000: [ParNew: 16388K->4K(18432K), 0.0016630 secs] 189978K->173594K(266780K), 0.0017138 secs] [Times: user=0.01 sys=0.00, real=0.00 secs] 
2020-10-29T10:26:38.358+0000: [GC (Allocation Failure) 2020-10-29T10:26:38.358+0000: [ParNew: 16388K->4K(18432K), 0.0016457 secs] 189978K->173594K(266780K), 0.0016952 secs] [Times: user=0.01 sys=0.00, real=0.00 secs] 
2020-10-29T10:26:38.379+0000: [GC (Allocation Failure) 2020-10-29T10:26:38.379+0000: [ParNew: 16388K->4K(18432K), 0.0015267 secs] 189978K->173594K(266780K), 0.0015748 secs] [Times: user=0.00 sys=0.00, real=0.00 secs] 
2020-10-29T10:26:38.399+0000: [GC (Allocation Failure) 2020-10-29T10:26:38.399+0000: [ParNew: 16388K->4K(18432K), 0.0015926 secs] 189978K->173594K(266780K), 0.0016388 secs] [Times: user=0.00 sys=0.00, real=0.00 secs] 
2020-10-29T10:26:38.420+0000: [GC (Allocation Failure) 2020-10-29T10:26:38.420+0000: [ParNew: 16388K->4K(18432K), 0.0016786 secs] 189978K->173594K(266780K), 0.0017290 secs] [Times: user=0.00 sys=0.00, real=0.00 secs] 
2020-10-29T10:26:38.447+0000: [GC (Allocation Failure) 2020-10-29T10:26:38.447+0000: [ParNew: 16388K->4K(18432K), 0.0016393 secs] 189978K->173594K(266780K), 0.0016917 secs] [Times: user=0.00 sys=0.00, real=0.00 secs] 
2020-10-29T10:26:38.473+0000: [GC (Allocation Failure) 2020-10-29T10:26:38.473+0000: [ParNew: 16388K->4K(18432K), 0.0016403 secs] 189978K->173594K(266780K), 0.0016918 secs] [Times: user=0.00 sys=0.00, real=0.00 secs] 
2020-10-29T10:26:38.493+0000: [GC (Allocation Failure) 2020-10-29T10:26:38.493+0000: [ParNew: 16388K->4K(18432K), 0.0016733 secs] 189978K->173594K(266780K), 0.0017233 secs] [Times: user=0.00 sys=0.00, real=0.00 secs] 
2020-10-29T10:26:38.514+0000: [GC (Allocation Failure) 2020-10-29T10:26:38.514+0000: [ParNew: 16388K->4K(18432K), 0.0016456 secs] 189978K->173594K(266780K), 0.0017102 secs] [Times: user=0.00 sys=0.00, real=0.00 secs] 
2020-10-29T10:26:38.534+0000: [GC (Allocation Failure) 2020-10-29T10:26:38.534+0000: [ParNew: 16388K->4K(18432K), 0.0016954 secs] 189978K->173594K(266780K), 0.0017464 secs] [Times: user=0.01 sys=0.00, real=0.00 secs] 
2020-10-29T10:26:38.553+0000: [GC (Allocation Failure) 2020-10-29T10:26:38.553+0000: [ParNew: 16388K->4K(18432K), 0.0015448 secs] 189978K->173594K(266780K), 0.0015939 secs] [Times: user=0.00 sys=0.00, real=0.00 secs] 
2020-10-29T10:26:38.569+0000: [GC (Allocation Failure) 2020-10-29T10:26:38.569+0000: [ParNew: 12128K->4K(18432K), 0.0015933 secs] 185718K->173594K(266780K), 0.0016408 secs] [Times: user=0.01 sys=0.00, real=0.00 secs] 
2020-10-29T10:26:38.580+0000: [GC (Allocation Failure) 2020-10-29T10:26:38.580+0000: [ParNew: 16388K->4K(18432K), 0.0069688 secs] 189978K->181786K(266780K), 0.0070164 secs] [Times: user=0.01 sys=0.00, real=0.01 secs] 
2020-10-29T10:26:38.587+0000: [CMS-concurrent-abortable-preclean: 0.024/0.591 secs] [Times: user=0.70 sys=0.02, real=0.59 secs] 
2020-10-29T10:26:38.588+0000: [GC (CMS Final Remark) [YG occupancy: 329 K (18432 K)]2020-10-29T10:26:38.588+0000: [Rescan (parallel) , 0.0011746 secs]2020-10-29T10:26:38.590+0000: [weak refs processing, 0.0000254 secs]2020-10-29T10:26:38.590+0000: [class unloading, 0.0071354 secs]2020-10-29T10:26:38.597+0000: [scrub symbol table, 0.0089425 secs]2020-10-29T10:26:38.606+0000: [scrub string table, 0.0005451 secs][1 CMS-remark: 181782K(248348K)] 182112K(266780K), 0.0179312 secs] [Times: user=0.02 sys=0.00, real=0.02 secs] 
2020-10-29T10:26:38.606+0000: [CMS-concurrent-sweep-start]
2020-10-29T10:26:38.618+0000: [CMS-concurrent-sweep: 0.011/0.011 secs] [Times: user=0.02 sys=0.00, real=0.01 secs] 
2020-10-29T10:26:38.618+0000: [CMS-concurrent-reset-start]
2020-10-29T10:26:38.620+0000: [CMS-concurrent-reset: 0.002/0.002 secs] [Times: user=0.01 sys=0.00, real=0.00 secs] 
2020-10-29T10:26:38.630+0000: [GC (Allocation Failure) 2020-10-29T10:26:38.630+0000: [ParNew: 16388K->4K(18432K), 0.0018017 secs] 194074K->177690K(314576K), 0.0018454 secs] [Times: user=0.00 sys=0.00, real=0.00 secs] 
2020-10-29T10:26:38.650+0000: [GC (Allocation Failure) 2020-10-29T10:26:38.650+0000: [ParNew: 16388K->4K(18432K), 0.0019130 secs] 194074K->177690K(314576K), 0.0019811 secs] [Times: user=0.01 sys=0.00, real=0.00 secs] 
2020-10-29T10:26:38.678+0000: [GC (Allocation Failure) 2020-10-29T10:26:38.678+0000: [ParNew: 16388K->4K(18432K), 0.0017401 secs] 194074K->177690K(314576K), 0.0017911 secs] [Times: user=0.00 sys=0.00, real=0.00 secs] 
2020-10-29T10:26:38.698+0000: [GC (Allocation Failure) 2020-10-29T10:26:38.698+0000: [ParNew: 16388K->4K(18432K), 0.0016765 secs] 194074K->177690K(314576K), 0.0017232 secs] [Times: user=0.00 sys=0.00, real=0.00 secs] 
2020-10-29T10:26:38.717+0000: [GC (Allocation Failure) 2020-10-29T10:26:38.718+0000: [ParNew: 16388K->4K(18432K), 0.0017335 secs] 194074K->177690K(314576K), 0.0017836 secs] [Times: user=0.00 sys=0.00, real=0.00 secs] 
2020-10-29T10:26:38.737+0000: [GC (Allocation Failure) 2020-10-29T10:26:38.737+0000: [ParNew: 16388K->4K(18432K), 0.0018824 secs] 194074K->177690K(314576K), 0.0019520 secs] [Times: user=0.00 sys=0.00, real=0.00 secs] 
2020-10-29T10:26:38.757+0000: [GC (Allocation Failure) 2020-10-29T10:26:38.757+0000: [ParNew: 16388K->4K(18432K), 0.0017586 secs] 194074K->177690K(314576K), 0.0018098 secs] [Times: user=0.01 sys=0.00, real=0.00 secs] 
2020-10-29T10:26:38.777+0000: [GC (Allocation Failure) 2020-10-29T10:26:38.777+0000: [ParNew: 16388K->4K(18432K), 0.0017956 secs] 194074K->177690K(314576K), 0.0018463 secs] [Times: user=0.01 sys=0.00, real=0.00 secs] 
2020-10-29T10:26:38.796+0000: [GC (Allocation Failure) 2020-10-29T10:26:38.796+0000: [ParNew: 16388K->4K(18432K), 0.0018162 secs] 194074K->177690K(314576K), 0.0018687 secs] [Times: user=0.01 sys=0.00, real=0.00 secs] 
2020-10-29T10:26:38.816+0000: [GC (Allocation Failure) 2020-10-29T10:26:38.816+0000: [ParNew: 16388K->4K(18432K), 0.0017452 secs] 194074K->177690K(314576K), 0.0017945 secs] [Times: user=0.00 sys=0.00, real=0.00 secs] 
2020-10-29T10:26:38.835+0000: [GC (Allocation Failure) 2020-10-29T10:26:38.835+0000: [ParNew: 16388K->4K(18432K), 0.0017812 secs] 194074K->177690K(314576K), 0.0018294 secs] [Times: user=0.00 sys=0.00, real=0.00 secs] 
2020-10-29T10:26:38.855+0000: [GC (Allocation Failure) 2020-10-29T10:26:38.855+0000: [ParNew: 16388K->4K(18432K), 0.0017437 secs] 194074K->177690K(314576K), 0.0017930 secs] [Times: user=0.00 sys=0.00, real=0.00 secs] 
2020-10-29T10:26:38.875+0000: [GC (Allocation Failure) 2020-10-29T10:26:38.875+0000: [ParNew: 16388K->4K(18432K), 0.0017683 secs] 194074K->177690K(314576K), 0.0018192 secs] [Times: user=0.00 sys=0.00, real=0.00 secs] 
2020-10-29T10:26:38.888+0000: [GC (Allocation Failure) 2020-10-29T10:26:38.888+0000: [ParNew: 10489K->4K(18432K), 0.0016594 secs] 188175K->177690K(314576K), 0.0017012 secs] [Times: user=0.01 sys=0.00, real=0.00 secs] 
2020-10-29T10:26:38.899+0000: [GC (Allocation Failure) 2020-10-29T10:26:38.899+0000: [ParNew: 16388K->4K(18432K), 0.0074189 secs] 194074K->185882K(314576K), 0.0074687 secs] [Times: user=0.01 sys=0.00, real=0.01 secs] 
2020-10-29T10:26:38.908+0000: [GC (CMS Initial Mark) [1 CMS-initial-mark: 185878K(296144K)] 187509K(314576K), 0.0021609 secs] [Times: user=0.01 sys=0.00, real=0.00 secs] 
2020-10-29T10:26:38.911+0000: [CMS-concurrent-mark-start]
2020-10-29T10:26:38.936+0000: [GC (Allocation Failure) 2020-10-29T10:26:38.936+0000: [ParNew: 16388K->4K(18432K), 0.0016366 secs] 202266K->185882K(314576K), 0.0016889 secs] [Times: user=0.00 sys=0.00, real=0.00 secs] 
2020-10-29T10:26:38.957+0000: [CMS-concurrent-mark: 0.044/0.046 secs] [Times: user=0.09 sys=0.00, real=0.05 secs] 
2020-10-29T10:26:38.957+0000: [CMS-concurrent-preclean-start]
2020-10-29T10:26:38.959+0000: [CMS-concurrent-preclean: 0.002/0.002 secs] [Times: user=0.00 sys=0.00, real=0.00 secs] 
2020-10-29T10:26:38.959+0000: [CMS-concurrent-abortable-preclean-start]
2020-10-29T10:26:38.964+0000: [GC (Allocation Failure) 2020-10-29T10:26:38.964+0000: [ParNew: 16388K->4K(18432K), 0.0014048 secs] 202266K->185882K(314576K), 0.0014438 secs] [Times: user=0.00 sys=0.00, real=0.01 secs] 
2020-10-29T10:26:38.983+0000: [GC (Allocation Failure) 2020-10-29T10:26:38.983+0000: [ParNew: 16388K->4K(18432K), 0.0016675 secs] 202266K->185882K(314576K), 0.0017171 secs] [Times: user=0.00 sys=0.00, real=0.01 secs] 
2020-10-29T10:26:39.003+0000: [GC (Allocation Failure) 2020-10-29T10:26:39.003+0000: [ParNew: 16388K->4K(18432K), 0.0017227 secs] 202266K->185882K(314576K), 0.0017731 secs] [Times: user=0.00 sys=0.00, real=0.01 secs] 
2020-10-29T10:26:39.023+0000: [GC (Allocation Failure) 2020-10-29T10:26:39.023+0000: [ParNew: 16388K->4K(18432K), 0.0018077 secs] 202266K->185882K(314576K), 0.0018595 secs] [Times: user=0.01 sys=0.00, real=0.01 secs] 
2020-10-29T10:26:39.043+0000: [GC (Allocation Failure) 2020-10-29T10:26:39.043+0000: [ParNew: 16388K->4K(18432K), 0.0017631 secs] 202266K->185882K(314576K), 0.0018147 secs] [Times: user=0.01 sys=0.00, real=0.01 secs] 
2020-10-29T10:26:39.063+0000: [GC (Allocation Failure) 2020-10-29T10:26:39.063+0000: [ParNew: 16388K->4K(18432K), 0.0017531 secs] 202266K->185882K(314576K), 0.0018036 secs] [Times: user=0.00 sys=0.00, real=0.01 secs] 
2020-10-29T10:26:39.083+0000: [GC (Allocation Failure) 2020-10-29T10:26:39.083+0000: [ParNew: 16388K->4K(18432K), 0.0017709 secs] 202266K->185882K(314576K), 0.0018214 secs] [Times: user=0.00 sys=0.00, real=0.01 secs] 
2020-10-29T10:26:39.103+0000: [GC (Allocation Failure) 2020-10-29T10:26:39.103+0000: [ParNew: 16388K->4K(18432K), 0.0017986 secs] 202266K->185882K(314576K), 0.0018674 secs] [Times: user=0.01 sys=0.00, real=0.01 secs] 
2020-10-29T10:26:39.125+0000: [GC (Allocation Failure) 2020-10-29T10:26:39.125+0000: [ParNew: 16388K->4K(18432K), 0.0013370 secs] 202266K->185882K(314576K), 0.0013809 secs] [Times: user=0.00 sys=0.00, real=0.00 secs] 
2020-10-29T10:26:39.126+0000: [CMS-concurrent-abortable-preclean: 0.010/0.167 secs] [Times: user=0.19 sys=0.00, real=0.17 secs] 
2020-10-29T10:26:39.128+0000: [GC (CMS Final Remark) [YG occupancy: 329 K (18432 K)]2020-10-29T10:26:39.128+0000: [Rescan (parallel) , 0.0010066 secs]2020-10-29T10:26:39.129+0000: [weak refs processing, 0.0000242 secs]2020-10-29T10:26:39.129+0000: [class unloading, 0.0071061 secs]2020-10-29T10:26:39.137+0000: [scrub symbol table, 0.0088023 secs]2020-10-29T10:26:39.145+0000: [scrub string table, 0.0005317 secs][1 CMS-remark: 185878K(296144K)] 186207K(314576K), 0.0175690 secs] [Times: user=0.02 sys=0.00, real=0.02 secs] 
2020-10-29T10:26:39.148+0000: [CMS-concurrent-sweep-start]
2020-10-29T10:26:39.160+0000: [CMS-concurrent-sweep: 0.011/0.011 secs] [Times: user=0.02 sys=0.00, real=0.01 secs] 
2020-10-29T10:26:39.160+0000: [CMS-concurrent-reset-start]
2020-10-29T10:26:39.161+0000: [CMS-concurrent-reset: 0.002/0.002 secs] [Times: user=0.01 sys=0.00, real=0.00 secs] 
2020-10-29T10:26:39.170+0000: [GC (Allocation Failure) 2020-10-29T10:26:39.170+0000: [ParNew: 16388K->4K(18432K), 0.0018313 secs] 202266K->185882K(328232K), 0.0018735 secs] [Times: user=0.00 sys=0.00, real=0.00 secs] 
2020-10-29T10:26:39.189+0000: [GC (Allocation Failure) 2020-10-29T10:26:39.189+0000: [ParNew: 16388K->4K(18432K), 0.0018233 secs] 202266K->185882K(328232K), 0.0018754 secs] [Times: user=0.00 sys=0.00, real=0.00 secs] 
2020-10-29T10:26:39.209+0000: [GC (Allocation Failure) 2020-10-29T10:26:39.209+0000: [ParNew: 16388K->4K(18432K), 0.0018169 secs] 202266K->185882K(328232K), 0.0018691 secs] [Times: user=0.00 sys=0.00, real=0.00 secs] 
2020-10-29T10:26:39.223+0000: [GC (Allocation Failure) 2020-10-29T10:26:39.223+0000: [ParNew: 11123K->4K(18432K), 0.0017812 secs] 197001K->185882K(328232K), 0.0018319 secs] [Times: user=0.00 sys=0.00, real=0.01 secs] 
2020-10-29T10:26:39.235+0000: [GC (Allocation Failure) 2020-10-29T10:26:39.235+0000: [ParNew: 16388K->4K(18432K), 0.0074263 secs] 202266K->194074K(328232K), 0.0074790 secs] [Times: user=0.01 sys=0.01, real=0.00 secs] 
2020-10-29T10:26:39.244+0000: [GC (CMS Initial Mark) [1 CMS-initial-mark: 194070K(309800K)] 194399K(328232K), 0.0012230 secs] [Times: user=0.01 sys=0.00, real=0.00 secs] 
2020-10-29T10:26:39.246+0000: [CMS-concurrent-mark-start]
2020-10-29T10:26:39.274+0000: [GC (Allocation Failure) 2020-10-29T10:26:39.274+0000: [ParNew: 16388K->4K(18432K), 0.0017113 secs] 210458K->194074K(328232K), 0.0017640 secs] [Times: user=0.01 sys=0.00, real=0.00 secs] 
2020-10-29T10:26:39.293+0000: [CMS-concurrent-mark: 0.045/0.047 secs] [Times: user=0.09 sys=0.00, real=0.05 secs] 
2020-10-29T10:26:39.293+0000: [CMS-concurrent-preclean-start]
2020-10-29T10:26:39.295+0000: [CMS-concurrent-preclean: 0.002/0.002 secs] [Times: user=0.00 sys=0.00, real=0.00 secs] 
2020-10-29T10:26:39.295+0000: [CMS-concurrent-abortable-preclean-start]
2020-10-29T10:26:39.301+0000: [GC (Allocation Failure) 2020-10-29T10:26:39.301+0000: [ParNew: 16388K->4K(18432K), 0.0014789 secs] 210458K->194074K(328232K), 0.0015264 secs] [Times: user=0.00 sys=0.00, real=0.00 secs] 
2020-10-29T10:26:39.320+0000: [GC (Allocation Failure) 2020-10-29T10:26:39.320+0000: [ParNew: 16388K->4K(18432K), 0.0018376 secs] 210458K->194074K(328232K), 0.0018896 secs] [Times: user=0.01 sys=0.00, real=0.00 secs] 
2020-10-29T10:26:39.341+0000: [GC (Allocation Failure) 2020-10-29T10:26:39.341+0000: [ParNew: 16388K->4K(18432K), 0.0015714 secs] 210458K->194074K(328232K), 0.0016178 secs] [Times: user=0.00 sys=0.00, real=0.00 secs] 
2020-10-29T10:26:39.360+0000: [GC (Allocation Failure) 2020-10-29T10:26:39.360+0000: [ParNew: 16388K->4K(18432K), 0.0017099 secs] 210458K->194074K(328232K), 0.0017604 secs] [Times: user=0.00 sys=0.00, real=0.00 secs] 
2020-10-29T10:26:39.380+0000: [GC (Allocation Failure) 2020-10-29T10:26:39.380+0000: [ParNew: 16388K->4K(18432K), 0.0021705 secs] 210458K->194074K(328232K), 0.0022322 secs] [Times: user=0.00 sys=0.00, real=0.00 secs] 
2020-10-29T10:26:39.401+0000: [GC (Allocation Failure) 2020-10-29T10:26:39.401+0000: [ParNew: 16388K->4K(18432K), 0.0018246 secs] 210458K->194074K(328232K), 0.0018784 secs] [Times: user=0.01 sys=0.00, real=0.00 secs] 
2020-10-29T10:26:39.430+0000: [GC (Allocation Failure) 2020-10-29T10:26:39.430+0000: [ParNew: 16388K->4K(18432K), 0.0029187 secs] 210458K->194074K(328232K), 0.0029890 secs] [Times: user=0.01 sys=0.00, real=0.01 secs] 
2020-10-29T10:26:39.463+0000: [GC (Allocation Failure) 2020-10-29T10:26:39.463+0000: [ParNew: 16388K->4K(18432K), 0.0018227 secs] 210458K->194074K(328232K), 0.0018914 secs] [Times: user=0.01 sys=0.00, real=0.01 secs] 
2020-10-29T10:26:39.496+0000: [GC (Allocation Failure) 2020-10-29T10:26:39.496+0000: [ParNew: 16388K->2K(18432K), 0.0035832 secs] 210458K->194072K(328232K), 0.0036535 secs] [Times: user=0.01 sys=0.00, real=0.00 secs] 
2020-10-29T10:26:39.531+0000: [GC (Allocation Failure) 2020-10-29T10:26:39.531+0000: [ParNew: 16386K->4K(18432K), 0.0018178 secs] 210456K->194074K(328232K), 0.0018772 secs] [Times: user=0.00 sys=0.00, real=0.01 secs] 
2020-10-29T10:26:39.551+0000: [GC (Allocation Failure) 2020-10-29T10:26:39.551+0000: [ParNew: 16388K->4K(18432K), 0.0017650 secs] 210458K->194074K(328232K), 0.0018153 secs] [Times: user=0.00 sys=0.00, real=0.01 secs] 
2020-10-29T10:26:39.571+0000: [GC (Allocation Failure) 2020-10-29T10:26:39.571+0000: [ParNew: 16388K->4K(18432K), 0.0017774 secs] 210458K->194074K(328232K), 0.0018271 secs] [Times: user=0.01 sys=0.00, real=0.01 secs] 
2020-10-29T10:26:39.588+0000: [GC (Allocation Failure) 2020-10-29T10:26:39.588+0000: [ParNew: 13434K->4K(18432K), 0.0017544 secs] 207504K->194074K(328232K), 0.0018054 secs] [Times: user=0.01 sys=0.00, real=0.00 secs] 
2020-10-29T10:26:39.600+0000: [GC (Allocation Failure) 2020-10-29T10:26:39.600+0000: [ParNew: 16388K->4K(18432K), 0.0069989 secs] 210458K->202266K(328232K), 0.0070448 secs] [Times: user=0.00 sys=0.00, real=0.01 secs] 
2020-10-29T10:26:39.607+0000: [CMS-concurrent-abortable-preclean: 0.014/0.313 secs] [Times: user=0.45 sys=0.01, real=0.31 secs] 
2020-10-29T10:26:39.608+0000: [GC (CMS Final Remark) [YG occupancy: 981 K (18432 K)]2020-10-29T10:26:39.608+0000: [Rescan (parallel) , 0.0016784 secs]2020-10-29T10:26:39.610+0000: [weak refs processing, 0.0000295 secs]2020-10-29T10:26:39.610+0000: [class unloading, 0.0071985 secs]2020-10-29T10:26:39.617+0000: [scrub symbol table, 0.0094503 secs]2020-10-29T10:26:39.627+0000: [scrub string table, 0.0005469 secs][1 CMS-remark: 202262K(309800K)] 203244K(328232K), 0.0190241 secs] [Times: user=0.03 sys=0.00, real=0.02 secs] 
2020-10-29T10:26:39.628+0000: [CMS-concurrent-sweep-start]
2020-10-29T10:26:39.639+0000: [CMS-concurrent-sweep: 0.011/0.011 secs] [Times: user=0.02 sys=0.00, real=0.01 secs] 
2020-10-29T10:26:39.639+0000: [CMS-concurrent-reset-start]
2020-10-29T10:26:39.641+0000: [CMS-concurrent-reset: 0.002/0.002 secs] [Times: user=0.00 sys=0.00, real=0.00 secs] 
2020-10-29T10:26:39.650+0000: [GC (Allocation Failure) 2020-10-29T10:26:39.650+0000: [ParNew: 16388K->4K(18432K), 0.0018156 secs] 218617K->202233K(355484K), 0.0018575 secs] [Times: user=0.00 sys=0.00, real=0.00 secs] 
2020-10-29T10:26:39.670+0000: [GC (Allocation Failure) 2020-10-29T10:26:39.670+0000: [ParNew: 16388K->4K(18432K), 0.0018417 secs] 218617K->202233K(355484K), 0.0018908 secs] [Times: user=0.01 sys=0.00, real=0.00 secs] 
2020-10-29T10:26:39.691+0000: [GC (Allocation Failure) 2020-10-29T10:26:39.691+0000: [ParNew: 16388K->4K(18432K), 0.0017912 secs] 218617K->202233K(355484K), 0.0018709 secs] [Times: user=0.00 sys=0.00, real=0.01 secs] 
2020-10-29T10:26:39.722+0000: [GC (Allocation Failure) 2020-10-29T10:26:39.722+0000: [ParNew: 16388K->4K(18432K), 0.0018422 secs] 218617K->202233K(355484K), 0.0019134 secs] [Times: user=0.01 sys=0.00, real=0.00 secs] 
2020-10-29T10:26:39.755+0000: [GC (Allocation Failure) 2020-10-29T10:26:39.755+0000: [ParNew: 16388K->4K(18432K), 0.0018813 secs] 218617K->202233K(355484K), 0.0019521 secs] [Times: user=0.00 sys=0.00, real=0.00 secs] 
2020-10-29T10:26:39.797+0000: [GC (Allocation Failure) 2020-10-29T10:26:39.797+0000: [ParNew: 16388K->47K(18432K), 0.0020393 secs] 218617K->202276K(355484K), 0.0021085 secs] [Times: user=0.01 sys=0.00, real=0.00 secs] 
2020-10-29T10:26:39.841+0000: [GC (Allocation Failure) 2020-10-29T10:26:39.841+0000: [ParNew: 16431K->145K(18432K), 0.0041942 secs] 218660K->202374K(355484K), 0.0042473 secs] [Times: user=0.01 sys=0.00, real=0.01 secs] 
2020-10-29T10:26:39.867+0000: [GC (Allocation Failure) 2020-10-29T10:26:39.867+0000: [ParNew: 16529K->100K(18432K), 0.0020339 secs] 218758K->202330K(355484K), 0.0020877 secs] [Times: user=0.00 sys=0.00, real=0.00 secs] 
2020-10-29T10:26:39.904+0000: [GC (Allocation Failure) 2020-10-29T10:26:39.904+0000: [ParNew: 16484K->92K(18432K), 0.0020306 secs] 251482K->235089K(355484K), 0.0020832 secs] [Times: user=0.01 sys=0.00, real=0.00 secs] 
2020-10-29T10:26:39.907+0000: [GC (CMS Initial Mark) [1 CMS-initial-mark: 234997K(337052K)] 235409K(355484K), 0.0011272 secs] [Times: user=0.00 sys=0.00, real=0.00 secs] 
2020-10-29T10:26:39.908+0000: [CMS-concurrent-mark-start]
2020-10-29T10:26:39.943+0000: [GC (Allocation Failure) 2020-10-29T10:26:39.943+0000: [ParNew: 16476K->96K(18432K), 0.0018906 secs] 251473K->235094K(355484K), 0.0019434 secs] [Times: user=0.00 sys=0.00, real=0.01 secs] 
2020-10-29T10:26:39.954+0000: [CMS-concurrent-mark: 0.044/0.046 secs] [Times: user=0.09 sys=0.00, real=0.05 secs] 
2020-10-29T10:26:39.954+0000: [CMS-concurrent-preclean-start]
2020-10-29T10:26:39.956+0000: [CMS-concurrent-preclean: 0.002/0.002 secs] [Times: user=0.00 sys=0.01, real=0.00 secs] 
2020-10-29T10:26:39.956+0000: [CMS-concurrent-abortable-preclean-start]
2020-10-29T10:26:39.967+0000: [GC (Allocation Failure) 2020-10-29T10:26:39.967+0000: [ParNew: 16480K->98K(18432K), 0.0017491 secs] 251478K->235096K(355484K), 0.0017947 secs] [Times: user=0.01 sys=0.00, real=0.00 secs] 
2020-10-29T10:26:39.987+0000: [GC (Allocation Failure) 2020-10-29T10:26:39.987+0000: [ParNew: 16482K->99K(18432K), 0.0020921 secs] 251480K->235105K(355484K), 0.0021436 secs] [Times: user=0.00 sys=0.00, real=0.00 secs] 
2020-10-29T10:26:40.008+0000: [GC (Allocation Failure) 2020-10-29T10:26:40.008+0000: [ParNew: 16483K->38K(18432K), 0.0021086 secs] 251489K->235101K(355484K), 0.0021766 secs] [Times: user=0.01 sys=0.00, real=0.00 secs] 
2020-10-29T10:26:40.028+0000: [GC (Allocation Failure) 2020-10-29T10:26:40.028+0000: [ParNew: 14392K->9K(18432K), 0.0017385 secs] 249455K->235073K(355484K), 0.0017892 secs] [Times: user=0.00 sys=0.00, real=0.00 secs] 
2020-10-29T10:26:40.036+0000: [CMS-concurrent-abortable-preclean: 0.014/0.079 secs] [Times: user=0.10 sys=0.00, real=0.08 secs] 
2020-10-29T10:26:40.036+0000: [GC (CMS Final Remark) [YG occupancy: 13063 K (18432 K)]2020-10-29T10:26:40.036+0000: [Rescan (parallel) , 0.0042368 secs]2020-10-29T10:26:40.040+0000: [weak refs processing, 0.0000271 secs]2020-10-29T10:26:40.040+0000: [class unloading, 0.0073002 secs]2020-10-29T10:26:40.048+0000: [scrub symbol table, 0.0089658 secs]2020-10-29T10:26:40.057+0000: [scrub string table, 0.0005492 secs][1 CMS-remark: 235063K(337052K)] 248126K(355484K), 0.0211933 secs] [Times: user=0.03 sys=0.00, real=0.02 secs] 
2020-10-29T10:26:40.057+0000: [CMS-concurrent-sweep-start]
2020-10-29T10:26:40.074+0000: [CMS-concurrent-sweep: 0.017/0.017 secs] [Times: user=0.03 sys=0.00, real=0.02 secs] 
2020-10-29T10:26:40.076+0000: [CMS-concurrent-reset-start]
2020-10-29T10:26:40.077+0000: [CMS-concurrent-reset: 0.002/0.002 secs] [Times: user=0.01 sys=0.00, real=0.00 secs] 
2020-10-29T10:26:40.283+0000: [GC (Allocation Failure) 2020-10-29T10:26:40.283+0000: [ParNew: 16393K->42K(18432K), 0.0077681 secs] 251456K->243296K(410204K), 0.0078548 secs] [Times: user=0.01 sys=0.00, real=0.01 secs] 
2020-10-29T10:26:40.756+0000: [GC (Allocation Failure) 2020-10-29T10:26:40.756+0000: [ParNew: 16426K->194K(18432K), 0.0022715 secs] 259680K->243449K(410204K), 0.0023217 secs] [Times: user=0.00 sys=0.00, real=0.00 secs] 
2020-10-29T10:26:40.900+0000: [GC (Allocation Failure) 2020-10-29T10:26:40.900+0000: [ParNew: 16578K->45K(18432K), 0.0035652 secs] 259833K->243300K(410204K), 0.0036227 secs] [Times: user=0.00 sys=0.00, real=0.00 secs] 
2020-10-29T10:26:40.989+0000: [GC (Allocation Failure) 2020-10-29T10:26:40.989+0000: [ParNew: 16429K->64K(18432K), 0.0021393 secs] 259684K->243319K(410204K), 0.0022120 secs] [Times: user=0.01 sys=0.00, real=0.00 secs] 
2020-10-29T10:26:41.061+0000: [GC (Allocation Failure) 2020-10-29T10:26:41.061+0000: [ParNew: 16448K->64K(18432K), 0.0021553 secs] 259703K->243319K(410204K), 0.0022211 secs] [Times: user=0.01 sys=0.00, real=0.00 secs] 
2020-10-29T10:26:41.123+0000: [GC (Allocation Failure) 2020-10-29T10:26:41.123+0000: [ParNew: 16448K->63K(18432K), 0.0021980 secs] 259703K->243319K(410204K), 0.0022580 secs] [Times: user=0.00 sys=0.00, real=0.01 secs] 
2020-10-29T10:26:41.164+0000: [GC (Allocation Failure) 2020-10-29T10:26:41.164+0000: [ParNew: 16447K->40K(18432K), 0.0022080 secs] 259703K->243300K(410204K), 0.0022832 secs] [Times: user=0.00 sys=0.00, real=0.01 secs] 
2020-10-29T10:26:41.202+0000: [GC (Allocation Failure) 2020-10-29T10:26:41.202+0000: [ParNew: 16424K->39K(18432K), 0.0022970 secs] 259684K->243336K(410204K), 0.0023702 secs] [Times: user=0.01 sys=0.00, real=0.00 secs] 
2020-10-29T10:26:41.226+0000: [GC (Allocation Failure) 2020-10-29T10:26:41.226+0000: [ParNew: 16423K->10K(18432K), 0.0020161 secs] 259720K->243309K(410204K), 0.0020711 secs] [Times: user=0.00 sys=0.00, real=0.00 secs] 
2020-10-29T10:26:41.248+0000: [GC (Allocation Failure) 2020-10-29T10:26:41.248+0000: [ParNew: 16394K->4K(18432K), 0.0019758 secs] 259693K->243303K(410204K), 0.0020278 secs] [Times: user=0.01 sys=0.00, real=0.00 secs] 
2020-10-29T10:26:41.270+0000: [GC (Allocation Failure) 2020-10-29T10:26:41.270+0000: [ParNew: 16388K->4K(18432K), 0.0019345 secs] 259687K->243303K(410204K), 0.0019849 secs] [Times: user=0.00 sys=0.00, real=0.00 secs] 
2020-10-29T10:26:41.292+0000: [GC (Allocation Failure) 2020-10-29T10:26:41.292+0000: [ParNew: 16388K->4K(18432K), 0.0019776 secs] 259687K->243303K(410204K), 0.0020307 secs] [Times: user=0.00 sys=0.00, real=0.01 secs] 
2020-10-29T10:26:41.314+0000: [GC (Allocation Failure) 2020-10-29T10:26:41.314+0000: [ParNew: 16388K->4K(18432K), 0.0019343 secs] 259687K->243303K(410204K), 0.0019844 secs] [Times: user=0.01 sys=0.00, real=0.00 secs] 
2020-10-29T10:26:41.336+0000: [GC (Allocation Failure) 2020-10-29T10:26:41.336+0000: [ParNew: 16388K->4K(18432K), 0.0019507 secs] 259687K->243303K(410204K), 0.0020019 secs] [Times: user=0.00 sys=0.00, real=0.00 secs] 
2020-10-29T10:26:41.358+0000: [GC (Allocation Failure) 2020-10-29T10:26:41.358+0000: [ParNew: 16388K->4K(18432K), 0.0019659 secs] 259687K->243303K(410204K), 0.0020174 secs] [Times: user=0.00 sys=0.00, real=0.00 secs] 
2020-10-29T10:26:41.380+0000: [GC (Allocation Failure) 2020-10-29T10:26:41.380+0000: [ParNew: 16388K->4K(18432K), 0.0019511 secs] 259687K->243303K(410204K), 0.0020049 secs] [Times: user=0.01 sys=0.00, real=0.00 secs] 
2020-10-29T10:26:41.403+0000: [GC (Allocation Failure) 2020-10-29T10:26:41.403+0000: [ParNew: 16388K->4K(18432K), 0.0019837 secs] 259687K->243303K(410204K), 0.0020370 secs] [Times: user=0.00 sys=0.00, real=0.01 secs] 
2020-10-29T10:26:41.425+0000: [GC (Allocation Failure) 2020-10-29T10:26:41.425+0000: [ParNew: 16388K->4K(18432K), 0.0020066 secs] 259687K->243303K(410204K), 0.0020579 secs] [Times: user=0.01 sys=0.00, real=0.00 secs] 
2020-10-29T10:26:41.447+0000: [GC (Allocation Failure) 2020-10-29T10:26:41.447+0000: [ParNew: 16388K->4K(18432K), 0.0020245 secs] 259687K->243303K(410204K), 0.0020773 secs] [Times: user=0.00 sys=0.00, real=0.00 secs] 
2020-10-29T10:26:41.469+0000: [GC (Allocation Failure) 2020-10-29T10:26:41.469+0000: [ParNew: 16388K->4K(18432K), 0.0019497 secs] 259687K->243303K(410204K), 0.0020012 secs] [Times: user=0.00 sys=0.00, real=0.00 secs] 
2020-10-29T10:26:41.491+0000: [GC (Allocation Failure) 2020-10-29T10:26:41.491+0000: [ParNew: 16388K->4K(18432K), 0.0019656 secs] 259687K->243303K(410204K), 0.0020166 secs] [Times: user=0.01 sys=0.00, real=0.01 secs] 
2020-10-29T10:26:41.513+0000: [GC (Allocation Failure) 2020-10-29T10:26:41.513+0000: [ParNew: 16388K->4K(18432K), 0.0021179 secs] 259687K->243303K(410204K), 0.0021843 secs] [Times: user=0.00 sys=0.00, real=0.00 secs] 
2020-10-29T10:26:41.535+0000: [GC (Allocation Failure) 2020-10-29T10:26:41.535+0000: [ParNew: 16388K->4K(18432K), 0.0020086 secs] 259687K->243303K(410204K), 0.0020592 secs] [Times: user=0.01 sys=0.00, real=0.00 secs] 
2020-10-29T10:26:41.557+0000: [GC (Allocation Failure) 2020-10-29T10:26:41.557+0000: [ParNew: 16388K->4K(18432K), 0.0019791 secs] 259687K->243303K(410204K), 0.0020314 secs] [Times: user=0.00 sys=0.00, real=0.00 secs] 
2020-10-29T10:26:41.579+0000: [GC (Allocation Failure) 2020-10-29T10:26:41.579+0000: [ParNew: 16388K->4K(18432K), 0.0020886 secs] 259687K->243303K(410204K), 0.0021384 secs] [Times: user=0.00 sys=0.00, real=0.00 secs] 
2020-10-29T10:26:41.601+0000: [GC (Allocation Failure) 2020-10-29T10:26:41.601+0000: [ParNew: 16388K->4K(18432K), 0.0020060 secs] 259687K->243303K(410204K), 0.0020601 secs] [Times: user=0.01 sys=0.00, real=0.00 secs] 
2020-10-29T10:26:41.624+0000: [GC (Allocation Failure) 2020-10-29T10:26:41.624+0000: [ParNew: 16388K->4K(18432K), 0.0019699 secs] 259687K->243303K(410204K), 0.0020242 secs] [Times: user=0.00 sys=0.00, real=0.01 secs] 
2020-10-29T10:26:41.646+0000: [GC (Allocation Failure) 2020-10-29T10:26:41.646+0000: [ParNew: 16388K->4K(18432K), 0.0019519 secs] 259687K->243303K(410204K), 0.0020037 secs] [Times: user=0.01 sys=0.00, real=0.00 secs] 
2020-10-29T10:26:41.668+0000: [GC (Allocation Failure) 2020-10-29T10:26:41.668+0000: [ParNew: 16388K->4K(18432K), 0.0019636 secs] 259687K->243303K(410204K), 0.0020150 secs] [Times: user=0.00 sys=0.00, real=0.00 secs] 
2020-10-29T10:26:41.690+0000: [GC (Allocation Failure) 2020-10-29T10:26:41.690+0000: [ParNew: 16388K->4K(18432K), 0.0019302 secs] 259687K->243303K(410204K), 0.0019824 secs] [Times: user=0.00 sys=0.00, real=0.00 secs] 
2020-10-29T10:26:41.712+0000: [GC (Allocation Failure) 2020-10-29T10:26:41.712+0000: [ParNew: 16388K->4K(18432K), 0.0019844 secs] 259687K->243303K(410204K), 0.0020349 secs] [Times: user=0.01 sys=0.00, real=0.01 secs] 
2020-10-29T10:26:41.734+0000: [GC (Allocation Failure) 2020-10-29T10:26:41.734+0000: [ParNew: 16388K->4K(18432K), 0.0019710 secs] 259687K->243303K(410204K), 0.0020206 secs] [Times: user=0.00 sys=0.00, real=0.00 secs] 
2020-10-29T10:26:41.755+0000: [GC (Allocation Failure) 2020-10-29T10:26:41.756+0000: [ParNew: 16388K->4K(18432K), 0.0019506 secs] 259687K->243303K(410204K), 0.0020021 secs] [Times: user=0.01 sys=0.00, real=0.00 secs] 
2020-10-29T10:26:45.052+0000: [GC (Allocation Failure) 2020-10-29T10:26:45.052+0000: [ParNew: 16388K->136K(18432K), 0.0022124 secs] 259687K->243436K(410204K), 0.0022630 secs] [Times: user=0.00 sys=0.00, real=0.01 secs] 
2020-10-29T10:26:46.195+0000: [GC (Allocation Failure) 2020-10-29T10:26:46.195+0000: [ParNew: 16520K->468K(18432K), 0.0035272 secs] 259820K->243768K(410204K), 0.0035830 secs] [Times: user=0.01 sys=0.00, real=0.00 secs] 
2020-10-29T10:26:46.310+0000: [GC (Allocation Failure) 2020-10-29T10:26:46.310+0000: [ParNew: 16852K->1085K(18432K), 0.0035135 secs] 260152K->244384K(410204K), 0.0035674 secs] [Times: user=0.00 sys=0.00, real=0.01 secs] 
2020-10-29T10:26:46.468+0000: [GC (Allocation Failure) 2020-10-29T10:26:46.469+0000: [ParNew: 17469K->1708K(18432K), 0.0044354 secs] 260768K->245008K(410204K), 0.0044924 secs] [Times: user=0.01 sys=0.00, real=0.01 secs] 
2020-10-29T10:26:46.650+0000: [GC (Allocation Failure) 2020-10-29T10:26:46.650+0000: [ParNew: 18092K->2048K(18432K), 0.0126764 secs] 261392K->246036K(410204K), 0.0127550 secs] [Times: user=0.03 sys=0.00, real=0.01 secs] 
2020-10-29T10:26:46.712+0000: [GC (Allocation Failure) 2020-10-29T10:26:46.713+0000: [ParNew: 18432K->1549K(18432K), 0.0120684 secs] 262420K->247199K(410204K), 0.0121261 secs] [Times: user=0.02 sys=0.00, real=0.01 secs] 
2020-10-29T10:26:46.786+0000: [GC (Allocation Failure) 2020-10-29T10:26:46.786+0000: [ParNew: 17933K->645K(18432K), 0.0042138 secs] 263583K->246295K(410204K), 0.0042909 secs] [Times: user=0.01 sys=0.00, real=0.00 secs] 
2020-10-29T10:26:46.859+0000: [GC (Allocation Failure) 2020-10-29T10:26:46.859+0000: [ParNew: 17029K->900K(18432K), 0.0022998 secs] 262679K->246550K(410204K), 0.0023549 secs] [Times: user=0.00 sys=0.00, real=0.00 secs] 
2020-10-29T10:26:46.916+0000: [GC (Allocation Failure) 2020-10-29T10:26:46.917+0000: [ParNew: 17284K->1315K(18432K), 0.0022395 secs] 262934K->246965K(410204K), 0.0023154 secs] [Times: user=0.01 sys=0.00, real=0.00 secs] 
2020-10-29T10:26:46.962+0000: [GC (Allocation Failure) 2020-10-29T10:26:46.963+0000: [ParNew: 17699K->1036K(18432K), 0.0022403 secs] 263349K->247210K(410204K), 0.0023155 secs] [Times: user=0.01 sys=0.00, real=0.01 secs] 
2020-10-29T10:26:47.012+0000: [GC (Allocation Failure) 2020-10-29T10:26:47.012+0000: [ParNew: 17420K->5K(18432K), 0.0021817 secs] 263594K->246694K(410204K), 0.0022586 secs] [Times: user=0.01 sys=0.00, real=0.01 secs] 
2020-10-29T10:26:47.072+0000: [GC (Allocation Failure) 2020-10-29T10:26:47.072+0000: [ParNew: 16389K->2K(18432K), 0.0040623 secs] 263078K->246691K(410204K), 0.0041352 secs] [Times: user=0.00 sys=0.00, real=0.01 secs] 
2020-10-29T10:26:47.120+0000: [GC (Allocation Failure) 2020-10-29T10:26:47.120+0000: [ParNew: 15944K->4K(18432K), 0.0041551 secs] 262633K->246693K(410204K), 0.0042270 secs] [Times: user=0.01 sys=0.00, real=0.01 secs] 
2020-10-29T10:26:47.165+0000: [GC (Allocation Failure) 2020-10-29T10:26:47.165+0000: [ParNew: 16388K->1028K(18432K), 0.0052950 secs] 263077K->247717K(410204K), 0.0053728 secs] [Times: user=0.01 sys=0.00, real=0.00 secs] 
2020-10-29T10:26:47.212+0000: [GC (Allocation Failure) 2020-10-29T10:26:47.213+0000: [ParNew: 17412K->1026K(18432K), 0.0047176 secs] 264101K->249763K(410204K), 0.0047919 secs] [Times: user=0.01 sys=0.00, real=0.00 secs] 
2020-10-29T10:26:47.307+0000: [GC (Allocation Failure) 2020-10-29T10:26:47.307+0000: [ParNew: 17410K->4K(18432K), 0.0021174 secs] 266147K->248741K(410204K), 0.0021935 secs] [Times: user=0.01 sys=0.00, real=0.00 secs] 
2020-10-29T10:26:47.368+0000: [GC (Allocation Failure) 2020-10-29T10:26:47.369+0000: [ParNew: 16388K->2K(18432K), 0.0039658 secs] 265125K->248739K(410204K), 0.0040381 secs] [Times: user=0.01 sys=0.00, real=0.01 secs] 
2020-10-29T10:26:47.423+0000: [GC (Allocation Failure) 2020-10-29T10:26:47.423+0000: [ParNew: 16386K->2K(18432K), 0.0040458 secs] 265123K->248739K(410204K), 0.0041167 secs] [Times: user=0.00 sys=0.00, real=0.01 secs] 
2020-10-29T10:26:47.478+0000: [GC (Allocation Failure) 2020-10-29T10:26:47.479+0000: [ParNew: 16386K->4K(18432K), 0.0019787 secs] 265123K->248741K(410204K), 0.0020469 secs] [Times: user=0.00 sys=0.00, real=0.00 secs] 
2020-10-29T10:26:47.531+0000: [GC (Allocation Failure) 2020-10-29T10:26:47.531+0000: [ParNew: 16388K->4K(18432K), 0.0020280 secs] 265125K->248741K(410204K), 0.0021009 secs] [Times: user=0.01 sys=0.00, real=0.01 secs] 
2020-10-29T10:26:47.572+0000: [GC (Allocation Failure) 2020-10-29T10:26:47.573+0000: [ParNew: 16388K->2K(18432K), 0.0040650 secs] 265125K->248739K(410204K), 0.0041367 secs] [Times: user=0.01 sys=0.00, real=0.00 secs] 
2020-10-29T10:26:47.616+0000: [GC (Allocation Failure) 2020-10-29T10:26:47.617+0000: [ParNew: 16208K->4K(18432K), 0.0057454 secs] 264946K->248741K(410204K), 0.0058188 secs] [Times: user=0.01 sys=0.00, real=0.00 secs] 
2020-10-29T10:26:47.662+0000: [GC (Allocation Failure) 2020-10-29T10:26:47.662+0000: [ParNew: 16388K->4K(18432K), 0.0023609 secs] 265125K->250789K(410204K), 0.0024162 secs] [Times: user=0.01 sys=0.00, real=0.01 secs] 
2020-10-29T10:26:47.691+0000: [GC (Allocation Failure) 2020-10-29T10:26:47.691+0000: [ParNew: 16388K->4K(18432K), 0.0032026 secs] 267173K->252837K(410204K), 0.0032687 secs] [Times: user=0.00 sys=0.00, real=0.01 secs] 
2020-10-29T10:26:47.724+0000: [GC (Allocation Failure) 2020-10-29T10:26:47.725+0000: [ParNew: 16388K->4K(18432K), 0.0019986 secs] 269221K->252837K(410204K), 0.0020740 secs] [Times: user=0.01 sys=0.00, real=0.00 secs] 
2020-10-29T10:26:47.748+0000: [GC (Allocation Failure) 2020-10-29T10:26:47.748+0000: [ParNew: 16388K->4K(18432K), 0.0020043 secs] 269221K->252837K(410204K), 0.0020590 secs] [Times: user=0.00 sys=0.00, real=0.00 secs] 
2020-10-29T10:26:47.783+0000: [GC (Allocation Failure) 2020-10-29T10:26:47.783+0000: [ParNew: 16388K->4K(18432K), 0.0020183 secs] 269221K->252837K(410204K), 0.0020726 secs] [Times: user=0.00 sys=0.00, real=0.01 secs] 
2020-10-29T10:26:47.819+0000: [GC (Allocation Failure) 2020-10-29T10:26:47.819+0000: [ParNew: 16388K->4K(18432K), 0.0022145 secs] 269221K->252837K(410204K), 0.0022710 secs] [Times: user=0.00 sys=0.00, real=0.00 secs] 
2020-10-29T10:26:47.867+0000: [GC (Allocation Failure) 2020-10-29T10:26:47.867+0000: [ParNew: 16388K->4K(18432K), 0.0020088 secs] 269221K->252837K(410204K), 0.0020829 secs] [Times: user=0.01 sys=0.00, real=0.00 secs] 
2020-10-29T10:26:47.906+0000: [GC (Allocation Failure) 2020-10-29T10:26:47.906+0000: [ParNew: 16388K->4K(18432K), 0.0020180 secs] 269221K->252838K(410204K), 0.0020811 secs] [Times: user=0.01 sys=0.00, real=0.00 secs] 
2020-10-29T10:26:47.935+0000: [GC (Allocation Failure) 2020-10-29T10:26:47.935+0000: [ParNew: 16388K->4K(18432K), 0.0020396 secs] 269222K->252838K(410204K), 0.0021377 secs] [Times: user=0.00 sys=0.00, real=0.00 secs] 
2020-10-29T10:26:47.960+0000: [GC (Allocation Failure) 2020-10-29T10:26:47.960+0000: [ParNew: 16388K->4K(18432K), 0.0019740 secs] 269222K->252838K(410204K), 0.0020290 secs] [Times: user=0.00 sys=0.00, real=0.00 secs] 
2020-10-29T10:26:47.989+0000: [GC (Allocation Failure) 2020-10-29T10:26:47.989+0000: [ParNew: 16388K->4K(18432K), 0.0019772 secs] 269222K->252838K(410204K), 0.0020307 secs] [Times: user=0.00 sys=0.00, real=0.00 secs] 
2020-10-29T10:26:48.027+0000: [GC (Allocation Failure) 2020-10-29T10:26:48.027+0000: [ParNew: 16388K->2K(18432K), 0.0041257 secs] 269222K->252836K(410204K), 0.0041818 secs] [Times: user=0.01 sys=0.00, real=0.00 secs] 
2020-10-29T10:26:48.066+0000: [GC (Allocation Failure) 2020-10-29T10:26:48.066+0000: [ParNew: 16386K->4K(18432K), 0.0028935 secs] 269220K->252838K(410204K), 0.0029631 secs] [Times: user=0.00 sys=0.00, real=0.00 secs] 
2020-10-29T10:26:48.096+0000: [GC (Allocation Failure) 2020-10-29T10:26:48.096+0000: [ParNew: 16388K->4K(18432K), 0.0020373 secs] 269222K->252838K(410204K), 0.0020912 secs] [Times: user=0.00 sys=0.00, real=0.00 secs] 
2020-10-29T10:26:48.123+0000: [GC (Allocation Failure) 2020-10-29T10:26:48.123+0000: [ParNew: 16388K->4K(18432K), 0.0020001 secs] 269222K->252838K(410204K), 0.0020553 secs] [Times: user=0.00 sys=0.00, real=0.01 secs] 
2020-10-29T10:26:48.148+0000: [GC (Allocation Failure) 2020-10-29T10:26:48.148+0000: [ParNew: 16388K->4K(18432K), 0.0020527 secs] 269222K->252838K(410204K), 0.0021075 secs] [Times: user=0.00 sys=0.00, real=0.00 secs] 
2020-10-29T10:26:48.177+0000: [GC (Allocation Failure) 2020-10-29T10:26:48.177+0000: [ParNew: 16388K->4K(18432K), 0.0038367 secs] 269222K->252838K(410204K), 0.0039052 secs] [Times: user=0.01 sys=0.00, real=0.00 secs] 
2020-10-29T10:26:48.209+0000: [GC (Allocation Failure) 2020-10-29T10:26:48.209+0000: [ParNew: 16388K->4K(18432K), 0.0020045 secs] 269222K->252838K(410204K), 0.0020776 secs] [Times: user=0.01 sys=0.00, real=0.00 secs] 
2020-10-29T10:26:48.236+0000: [GC (Allocation Failure) 2020-10-29T10:26:48.236+0000: [ParNew: 16388K->4K(18432K), 0.0019921 secs] 269222K->252838K(410204K), 0.0020428 secs] [Times: user=0.00 sys=0.00, real=0.00 secs] 
2020-10-29T10:26:48.261+0000: [GC (Allocation Failure) 2020-10-29T10:26:48.261+0000: [ParNew: 16388K->4K(18432K), 0.0043430 secs] 269222K->256934K(410204K), 0.0044146 secs] [Times: user=0.00 sys=0.00, real=0.01 secs] 
2020-10-29T10:26:48.291+0000: [GC (Allocation Failure) 2020-10-29T10:26:48.291+0000: [ParNew: 16388K->4K(18432K), 0.0020135 secs] 273318K->256934K(410204K), 0.0020867 secs] [Times: user=0.00 sys=0.00, real=0.01 secs] 
2020-10-29T10:26:48.320+0000: [GC (Allocation Failure) 2020-10-29T10:26:48.321+0000: [ParNew: 16388K->4K(18432K), 0.0019782 secs] 273318K->256934K(410204K), 0.0020318 secs] [Times: user=0.01 sys=0.00, real=0.00 secs] 
2020-10-29T10:26:48.358+0000: [GC (Allocation Failure) 2020-10-29T10:26:48.358+0000: [ParNew: 16388K->4K(18432K), 0.0041206 secs] 273318K->256934K(410204K), 0.0041753 secs] [Times: user=0.00 sys=0.00, real=0.00 secs] 
2020-10-29T10:26:48.397+0000: [GC (Allocation Failure) 2020-10-29T10:26:48.397+0000: [ParNew: 16388K->4K(18432K), 0.0022415 secs] 273318K->256934K(410204K), 0.0022983 secs] [Times: user=0.01 sys=0.00, real=0.00 secs] 
2020-10-29T10:26:48.427+0000: [GC (Allocation Failure) 2020-10-29T10:26:48.427+0000: [ParNew: 16388K->4K(18432K), 0.0020146 secs] 273318K->256934K(410204K), 0.0020695 secs] [Times: user=0.01 sys=0.00, real=0.00 secs] 
2020-10-29T10:26:48.454+0000: [GC (Allocation Failure) 2020-10-29T10:26:48.454+0000: [ParNew: 16388K->8K(18432K), 0.0019894 secs] 273318K->256938K(410204K), 0.0020463 secs] [Times: user=0.01 sys=0.00, real=0.00 secs] 
2020-10-29T10:26:48.496+0000: [GC (Allocation Failure) 2020-10-29T10:26:48.496+0000: [ParNew: 16392K->8K(18432K), 0.0020228 secs] 273322K->256939K(410204K), 0.0020782 secs] [Times: user=0.01 sys=0.00, real=0.00 secs] 
2020-10-29T10:26:48.522+0000: [GC (Allocation Failure) 2020-10-29T10:26:48.522+0000: [ParNew: 16392K->7K(18432K), 0.0020613 secs] 273323K->256938K(410204K), 0.0021221 secs] [Times: user=0.01 sys=0.00, real=0.00 secs] 
2020-10-29T10:26:48.544+0000: [GC (Allocation Failure) 2020-10-29T10:26:48.544+0000: [ParNew: 16391K->8K(18432K), 0.0042063 secs] 273322K->261034K(410204K), 0.0042627 secs] [Times: user=0.01 sys=0.00, real=0.01 secs] 
2020-10-29T10:26:48.572+0000: [GC (Allocation Failure) 2020-10-29T10:26:48.572+0000: [ParNew: 16392K->8K(18432K), 0.0019939 secs] 277418K->261035K(410204K), 0.0020469 secs] [Times: user=0.01 sys=0.00, real=0.01 secs] 
2020-10-29T10:26:48.590+0000: [GC (Allocation Failure) 2020-10-29T10:26:48.590+0000: [ParNew: 16392K->8K(18432K), 0.0019632 secs] 277419K->261035K(410204K), 0.0020140 secs] [Times: user=0.00 sys=0.00, real=0.00 secs] 
2020-10-29T10:26:48.618+0000: [GC (Allocation Failure) 2020-10-29T10:26:48.618+0000: [ParNew: 16392K->5K(18432K), 0.0020128 secs] 277419K->261036K(410204K), 0.0020666 secs] [Times: user=0.00 sys=0.00, real=0.00 secs] 
2020-10-29T10:26:48.650+0000: [GC (Allocation Failure) 2020-10-29T10:26:48.650+0000: [ParNew: 16389K->4K(18432K), 0.0043578 secs] 277420K->261034K(410204K), 0.0044144 secs] [Times: user=0.00 sys=0.00, real=0.01 secs] 
2020-10-29T10:26:48.673+0000: [GC (Allocation Failure) 2020-10-29T10:26:48.673+0000: [ParNew: 16388K->4K(18432K), 0.0019952 secs] 277418K->261034K(410204K), 0.0020505 secs] [Times: user=0.00 sys=0.00, real=0.00 secs] 
2020-10-29T10:26:48.691+0000: [GC (Allocation Failure) 2020-10-29T10:26:48.691+0000: [ParNew: 16388K->4K(18432K), 0.0019447 secs] 277418K->261034K(410204K), 0.0019963 secs] [Times: user=0.00 sys=0.00, real=0.01 secs] 
2020-10-29T10:26:48.712+0000: [GC (Allocation Failure) 2020-10-29T10:26:48.713+0000: [ParNew: 16388K->4K(18432K), 0.0019389 secs] 277418K->261034K(410204K), 0.0019914 secs] [Times: user=0.00 sys=0.00, real=0.00 secs] 
2020-10-29T10:26:48.732+0000: [GC (Allocation Failure) 2020-10-29T10:26:48.733+0000: [ParNew: 16388K->4K(18432K), 0.0019300 secs] 277418K->261034K(410204K), 0.0019797 secs] [Times: user=0.00 sys=0.00, real=0.00 secs] 
2020-10-29T10:26:48.750+0000: [GC (Allocation Failure) 2020-10-29T10:26:48.750+0000: [ParNew: 16388K->4K(18432K), 0.0019987 secs] 277418K->261034K(410204K), 0.0020511 secs] [Times: user=0.01 sys=0.00, real=0.00 secs] 
2020-10-29T10:26:48.767+0000: [GC (Allocation Failure) 2020-10-29T10:26:48.767+0000: [ParNew: 16388K->4K(18432K), 0.0019806 secs] 277418K->261034K(410204K), 0.0020257 secs] [Times: user=0.00 sys=0.00, real=0.00 secs] 
2020-10-29T10:26:48.784+0000: [GC (Allocation Failure) 2020-10-29T10:26:48.784+0000: [ParNew: 16388K->4K(18432K), 0.0019417 secs] 277418K->261034K(410204K), 0.0020084 secs] [Times: user=0.00 sys=0.01, real=0.01 secs] 
2020-10-29T10:26:48.804+0000: [GC (Allocation Failure) 2020-10-29T10:26:48.805+0000: [ParNew: 16388K->4K(18432K), 0.0019418 secs] 277418K->261034K(410204K), 0.0019914 secs] [Times: user=0.01 sys=0.00, real=0.00 secs] 
2020-10-29T10:26:48.825+0000: [GC (Allocation Failure) 2020-10-29T10:26:48.825+0000: [ParNew: 16388K->4K(18432K), 0.0019750 secs] 277418K->261034K(410204K), 0.0020496 secs] [Times: user=0.01 sys=0.00, real=0.00 secs] 
2020-10-29T10:26:48.851+0000: [GC (Allocation Failure) 2020-10-29T10:26:48.851+0000: [ParNew: 16388K->4K(18432K), 0.0020192 secs] 277418K->261034K(410204K), 0.0020747 secs] [Times: user=0.00 sys=0.00, real=0.01 secs] 
2020-10-29T10:26:48.872+0000: [GC (Allocation Failure) 2020-10-29T10:26:48.873+0000: [ParNew: 16388K->4K(18432K), 0.0019872 secs] 277418K->261034K(410204K), 0.0020413 secs] [Times: user=0.01 sys=0.00, real=0.00 secs] 
2020-10-29T10:26:48.892+0000: [GC (Allocation Failure) 2020-10-29T10:26:48.893+0000: [ParNew: 16388K->4K(18432K), 0.0020067 secs] 277418K->261034K(410204K), 0.0020610 secs] [Times: user=0.00 sys=0.00, real=0.00 secs] 
2020-10-29T10:26:48.910+0000: [GC (Allocation Failure) 2020-10-29T10:26:48.910+0000: [ParNew: 16388K->4K(18432K), 0.0019941 secs] 277418K->261034K(410204K), 0.0020491 secs] [Times: user=0.01 sys=0.00, real=0.00 secs] 
2020-10-29T10:26:48.932+0000: [GC (Allocation Failure) 2020-10-29T10:26:48.932+0000: [ParNew: 16388K->4K(18432K), 0.0019758 secs] 277418K->261034K(410204K), 0.0020289 secs] [Times: user=0.01 sys=0.00, real=0.01 secs] 
2020-10-29T10:26:48.952+0000: [GC (Allocation Failure) 2020-10-29T10:26:48.953+0000: [ParNew: 16388K->4K(18432K), 0.0020083 secs] 277418K->261035K(410204K), 0.0020613 secs] [Times: user=0.00 sys=0.00, real=0.00 secs] 
2020-10-29T10:26:48.973+0000: [GC (Allocation Failure) 2020-10-29T10:26:48.973+0000: [ParNew: 16388K->4K(18432K), 0.0019780 secs] 277419K->261035K(410204K), 0.0020330 secs] [Times: user=0.00 sys=0.00, real=0.00 secs] 
2020-10-29T10:26:48.999+0000: [GC (Allocation Failure) 2020-10-29T10:26:48.999+0000: [ParNew: 16388K->4K(18432K), 0.0019738 secs] 277419K->261035K(410204K), 0.0020265 secs] [Times: user=0.00 sys=0.00, real=0.00 secs] 
2020-10-29T10:26:49.018+0000: [GC (Allocation Failure) 2020-10-29T10:26:49.018+0000: [ParNew: 16388K->4K(18432K), 0.0019977 secs] 277419K->261035K(410204K), 0.0020530 secs] [Times: user=0.01 sys=0.00, real=0.00 secs] 
2020-10-29T10:26:49.040+0000: [GC (Allocation Failure) 2020-10-29T10:26:49.041+0000: [ParNew: 16388K->4K(18432K), 0.0019787 secs] 277419K->261035K(410204K), 0.0020350 secs] [Times: user=0.00 sys=0.00, real=0.00 secs] 
2020-10-29T10:26:49.064+0000: [GC (Allocation Failure) 2020-10-29T10:26:49.065+0000: [ParNew: 16388K->4K(18432K), 0.0019609 secs] 277419K->261035K(410204K), 0.0020146 secs] [Times: user=0.00 sys=0.00, real=0.00 secs] 
2020-10-29T10:26:49.085+0000: [GC (Allocation Failure) 2020-10-29T10:26:49.085+0000: [ParNew: 16388K->4K(18432K), 0.0020093 secs] 277419K->261035K(410204K), 0.0020703 secs] [Times: user=0.01 sys=0.00, real=0.00 secs] 
2020-10-29T10:26:49.104+0000: [GC (Allocation Failure) 2020-10-29T10:26:49.105+0000: [ParNew: 16388K->4K(18432K), 0.0019968 secs] 277419K->261035K(410204K), 0.0020511 secs] [Times: user=0.00 sys=0.00, real=0.00 secs] 
2020-10-29T10:26:49.124+0000: [GC (Allocation Failure) 2020-10-29T10:26:49.125+0000: [ParNew: 16388K->4K(18432K), 0.0022009 secs] 277419K->261035K(410204K), 0.0022631 secs] [Times: user=0.00 sys=0.00, real=0.00 secs] 
2020-10-29T10:26:49.144+0000: [GC (Allocation Failure) 2020-10-29T10:26:49.145+0000: [ParNew: 16388K->6K(18432K), 0.0019720 secs] 277419K->261037K(410204K), 0.0020252 secs] [Times: user=0.01 sys=0.00, real=0.00 secs] 
2020-10-29T10:26:49.164+0000: [GC (Allocation Failure) 2020-10-29T10:26:49.165+0000: [ParNew: 16390K->4K(18432K), 0.0019583 secs] 277421K->261035K(410204K), 0.0020191 secs] [Times: user=0.00 sys=0.00, real=0.00 secs] 
2020-10-29T10:26:49.184+0000: [GC (Allocation Failure) 2020-10-29T10:26:49.185+0000: [ParNew: 16388K->4K(18432K), 0.0019618 secs] 277419K->261035K(410204K), 0.0020133 secs] [Times: user=0.00 sys=0.00, real=0.00 secs] 
2020-10-29T10:26:49.202+0000: [GC (Allocation Failure) 2020-10-29T10:26:49.202+0000: [ParNew: 16388K->4K(18432K), 0.0019268 secs] 277419K->261035K(410204K), 0.0019752 secs] [Times: user=0.00 sys=0.00, real=0.00 secs] 
2020-10-29T10:26:49.219+0000: [GC (Allocation Failure) 2020-10-29T10:26:49.219+0000: [ParNew: 16388K->4K(18432K), 0.0019434 secs] 277419K->261035K(410204K), 0.0019951 secs] [Times: user=0.00 sys=0.00, real=0.00 secs] 
2020-10-29T10:26:49.236+0000: [GC (Allocation Failure) 2020-10-29T10:26:49.236+0000: [ParNew: 16388K->4K(18432K), 0.0019839 secs] 277419K->261035K(410204K), 0.0020334 secs] [Times: user=0.01 sys=0.00, real=0.00 secs] 
2020-10-29T10:26:49.254+0000: [GC (Allocation Failure) 2020-10-29T10:26:49.254+0000: [ParNew: 16388K->4K(18432K), 0.0019626 secs] 277419K->261035K(410204K), 0.0020159 secs] [Times: user=0.00 sys=0.00, real=0.00 secs] 
2020-10-29T10:26:49.276+0000: [GC (Allocation Failure) 2020-10-29T10:26:49.277+0000: [ParNew: 16388K->4K(18432K), 0.0019538 secs] 277419K->261035K(410204K), 0.0020082 secs] [Times: user=0.00 sys=0.00, real=0.00 secs] 
2020-10-29T10:26:49.294+0000: [GC (Allocation Failure) 2020-10-29T10:26:49.294+0000: [ParNew: 16388K->4K(18432K), 0.0019434 secs] 277419K->261035K(410204K), 0.0019957 secs] [Times: user=0.01 sys=0.00, real=0.00 secs] 
2020-10-29T10:26:49.312+0000: [GC (Allocation Failure) 2020-10-29T10:26:49.312+0000: [ParNew: 16388K->4K(18432K), 0.0019746 secs] 277419K->261035K(410204K), 0.0020268 secs] [Times: user=0.01 sys=0.00, real=0.01 secs] 
2020-10-29T10:26:49.330+0000: [GC (Allocation Failure) 2020-10-29T10:26:49.330+0000: [ParNew: 16388K->4K(18432K), 0.0019941 secs] 277419K->261035K(410204K), 0.0020482 secs] [Times: user=0.00 sys=0.00, real=0.00 secs] 
2020-10-29T10:26:49.348+0000: [GC (Allocation Failure) 2020-10-29T10:26:49.349+0000: [ParNew: 16388K->4K(18432K), 0.0020019 secs] 277419K->261035K(410204K), 0.0020565 secs] [Times: user=0.01 sys=0.00, real=0.00 secs] 
2020-10-29T10:26:49.370+0000: [GC (Allocation Failure) 2020-10-29T10:26:49.370+0000: [ParNew: 16388K->4K(18432K), 0.0019769 secs] 277419K->261035K(410204K), 0.0020296 secs] [Times: user=0.00 sys=0.00, real=0.00 secs] 
2020-10-29T10:26:49.388+0000: [GC (Allocation Failure) 2020-10-29T10:26:49.388+0000: [ParNew: 16388K->4K(18432K), 0.0019721 secs] 277419K->261035K(410204K), 0.0020255 secs] [Times: user=0.00 sys=0.00, real=0.00 secs] 
2020-10-29T10:26:49.407+0000: [GC (Allocation Failure) 2020-10-29T10:26:49.407+0000: [ParNew: 16388K->4K(18432K), 0.0020221 secs] 277419K->261035K(410204K), 0.0020757 secs] [Times: user=0.00 sys=0.00, real=0.00 secs] 
2020-10-29T10:26:49.424+0000: [GC (Allocation Failure) 2020-10-29T10:26:49.424+0000: [ParNew: 16388K->4K(18432K), 0.0019521 secs] 277419K->261035K(410204K), 0.0020039 secs] [Times: user=0.00 sys=0.00, real=0.00 secs] 
2020-10-29T10:26:49.442+0000: [GC (Allocation Failure) 2020-10-29T10:26:49.442+0000: [ParNew: 16388K->4K(18432K), 0.0019406 secs] 277419K->261036K(410204K), 0.0019918 secs] [Times: user=0.01 sys=0.00, real=0.00 secs] 
2020-10-29T10:26:49.459+0000: [GC (Allocation Failure) 2020-10-29T10:26:49.459+0000: [ParNew: 16388K->4K(18432K), 0.0024956 secs] 277420K->261036K(410204K), 0.0025493 secs] [Times: user=0.00 sys=0.00, real=0.00 secs] 
2020-10-29T10:26:49.479+0000: [GC (Allocation Failure) 2020-10-29T10:26:49.479+0000: [ParNew: 16388K->4K(18432K), 0.0019870 secs] 277420K->261036K(410204K), 0.0020553 secs] [Times: user=0.00 sys=0.00, real=0.00 secs] 
2020-10-29T10:26:49.496+0000: [GC (Allocation Failure) 2020-10-29T10:26:49.496+0000: [ParNew: 16388K->4K(18432K), 0.0019327 secs] 277420K->261036K(410204K), 0.0019807 secs] [Times: user=0.01 sys=0.00, real=0.00 secs] 
2020-10-29T10:26:49.513+0000: [GC (Allocation Failure) 2020-10-29T10:26:49.513+0000: [ParNew: 16388K->4K(18432K), 0.0019599 secs] 277420K->261036K(410204K), 0.0020163 secs] [Times: user=0.00 sys=0.00, real=0.00 secs] 
2020-10-29T10:26:49.531+0000: [GC (Allocation Failure) 2020-10-29T10:26:49.531+0000: [ParNew: 16388K->4K(18432K), 0.0018468 secs] 277420K->261036K(410204K), 0.0018981 secs] [Times: user=0.00 sys=0.00, real=0.01 secs] 
2020-10-29T10:26:49.548+0000: [GC (Allocation Failure) 2020-10-29T10:26:49.549+0000: [ParNew: 16388K->4K(18432K), 0.0019582 secs] 277420K->261036K(410204K), 0.0020105 secs] [Times: user=0.00 sys=0.00, real=0.00 secs] 
2020-10-29T10:26:49.566+0000: [GC (Allocation Failure) 2020-10-29T10:26:49.566+0000: [ParNew: 16388K->4K(18432K), 0.0019521 secs] 277420K->261036K(410204K), 0.0019993 secs] [Times: user=0.00 sys=0.00, real=0.00 secs] 
2020-10-29T10:26:49.588+0000: [GC (Allocation Failure) 2020-10-29T10:26:49.588+0000: [ParNew: 16388K->4K(18432K), 0.0019415 secs] 277420K->261036K(410204K), 0.0019957 secs] [Times: user=0.00 sys=0.00, real=0.00 secs] 
2020-10-29T10:26:49.606+0000: [GC (Allocation Failure) 2020-10-29T10:26:49.606+0000: [ParNew: 16388K->4K(18432K), 0.0019698 secs] 277420K->261036K(410204K), 0.0020238 secs] [Times: user=0.01 sys=0.00, real=0.00 secs] 
2020-10-29T10:26:49.624+0000: [GC (Allocation Failure) 2020-10-29T10:26:49.625+0000: [ParNew: 16388K->4K(18432K), 0.0019516 secs] 277420K->261036K(410204K), 0.0020052 secs] [Times: user=0.00 sys=0.00, real=0.00 secs] 
2020-10-29T10:26:49.642+0000: [GC (Allocation Failure) 2020-10-29T10:26:49.642+0000: [ParNew: 16388K->4K(18432K), 0.0019973 secs] 277420K->261036K(410204K), 0.0020514 secs] [Times: user=0.01 sys=0.00, real=0.00 secs] 
2020-10-29T10:26:49.660+0000: [GC (Allocation Failure) 2020-10-29T10:26:49.661+0000: [ParNew: 16388K->4K(18432K), 0.0020141 secs] 277420K->261036K(410204K), 0.0020677 secs] [Times: user=0.00 sys=0.00, real=0.00 secs] 
2020-10-29T10:26:49.678+0000: [GC (Allocation Failure) 2020-10-29T10:26:49.678+0000: [ParNew: 16388K->4K(18432K), 0.0019320 secs] 277420K->261036K(410204K), 0.0019873 secs] [Times: user=0.01 sys=0.00, real=0.00 secs] 
2020-10-29T10:26:49.695+0000: [GC (Allocation Failure) 2020-10-29T10:26:49.695+0000: [ParNew: 16388K->4K(18432K), 0.0018920 secs] 277420K->261036K(410204K), 0.0019398 secs] [Times: user=0.00 sys=0.00, real=0.00 secs] 
2020-10-29T10:26:49.716+0000: [GC (Allocation Failure) 2020-10-29T10:26:49.716+0000: [ParNew: 16388K->4K(18432K), 0.0019285 secs] 277420K->261036K(410204K), 0.0019803 secs] [Times: user=0.01 sys=0.00, real=0.00 secs] 
2020-10-29T10:26:49.737+0000: [GC (Allocation Failure) 2020-10-29T10:26:49.738+0000: [ParNew: 16388K->4K(18432K), 0.0019618 secs] 277420K->261036K(410204K), 0.0020154 secs] [Times: user=0.00 sys=0.00, real=0.00 secs] 
2020-10-29T10:26:49.756+0000: [GC (Allocation Failure) 2020-10-29T10:26:49.757+0000: [ParNew: 16388K->4K(18432K), 0.0019639 secs] 277420K->261036K(410204K), 0.0020164 secs] [Times: user=0.00 sys=0.00, real=0.00 secs] 
2020-10-29T10:26:49.776+0000: [GC (Allocation Failure) 2020-10-29T10:26:49.777+0000: [ParNew: 16388K->4K(18432K), 0.0019163 secs] 277420K->261036K(410204K), 0.0019678 secs] [Times: user=0.01 sys=0.00, real=0.00 secs] 
2020-10-29T10:26:49.805+0000: [GC (Allocation Failure) 2020-10-29T10:26:49.805+0000: [ParNew: 16388K->6K(18432K), 0.0020061 secs] 277420K->261038K(410204K), 0.0020598 secs] [Times: user=0.00 sys=0.00, real=0.00 secs] 
2020-10-29T10:26:49.827+0000: [GC (Allocation Failure) 2020-10-29T10:26:49.827+0000: [ParNew: 16390K->6K(18432K), 0.0019900 secs] 277422K->261038K(410204K), 0.0020438 secs] [Times: user=0.00 sys=0.00, real=0.00 secs] 
2020-10-29T10:26:49.844+0000: [GC (Allocation Failure) 2020-10-29T10:26:49.844+0000: [ParNew: 16390K->6K(18432K), 0.0019991 secs] 277422K->261038K(410204K), 0.0020525 secs] [Times: user=0.01 sys=0.00, real=0.01 secs] 
2020-10-29T10:26:49.864+0000: [GC (Allocation Failure) 2020-10-29T10:26:49.865+0000: [ParNew: 16390K->7K(18432K), 0.0019966 secs] 277422K->261039K(410204K), 0.0020501 secs] [Times: user=0.00 sys=0.00, real=0.00 secs] 
2020-10-29T10:26:49.882+0000: [GC (Allocation Failure) 2020-10-29T10:26:49.882+0000: [ParNew: 16391K->7K(18432K), 0.0019734 secs] 277423K->261039K(410204K), 0.0020331 secs] [Times: user=0.01 sys=0.00, real=0.00 secs] 
2020-10-29T10:26:49.904+0000: [GC (Allocation Failure) 2020-10-29T10:26:49.905+0000: [ParNew: 16391K->7K(18432K), 0.0019615 secs] 277423K->261039K(410204K), 0.0020146 secs] [Times: user=0.00 sys=0.00, real=0.00 secs] 
2020-10-29T10:26:49.924+0000: [GC (Allocation Failure) 2020-10-29T10:26:49.924+0000: [ParNew: 16391K->4K(18432K), 0.0019615 secs] 277423K->261040K(410204K), 0.0020123 secs] [Times: user=0.00 sys=0.00, real=0.00 secs] 
2020-10-29T10:26:49.942+0000: [GC (Allocation Failure) 2020-10-29T10:26:49.942+0000: [ParNew: 16388K->4K(18432K), 0.0019370 secs] 277424K->261039K(410204K), 0.0019878 secs] [Times: user=0.00 sys=0.00, real=0.00 secs] 
2020-10-29T10:26:49.959+0000: [GC (Allocation Failure) 2020-10-29T10:26:49.959+0000: [ParNew: 16388K->4K(18432K), 0.0019681 secs] 277423K->261039K(410204K), 0.0020183 secs] [Times: user=0.01 sys=0.00, real=0.00 secs] 
2020-10-29T10:26:49.976+0000: [GC (Allocation Failure) 2020-10-29T10:26:49.976+0000: [ParNew: 16388K->4K(18432K), 0.0019793 secs] 277423K->261039K(410204K), 0.0020410 secs] [Times: user=0.00 sys=0.00, real=0.00 secs] 
2020-10-29T10:26:49.996+0000: [GC (Allocation Failure) 2020-10-29T10:26:49.996+0000: [ParNew: 16388K->4K(18432K), 0.0019562 secs] 277423K->261039K(410204K), 0.0020074 secs] [Times: user=0.00 sys=0.00, real=0.00 secs] 
2020-10-29T10:26:50.016+0000: [GC (Allocation Failure) 2020-10-29T10:26:50.017+0000: [ParNew: 16388K->4K(18432K), 0.0019648 secs] 277423K->261039K(410204K), 0.0020182 secs] [Times: user=0.00 sys=0.00, real=0.00 secs] 
2020-10-29T10:26:50.041+0000: [GC (Allocation Failure) 2020-10-29T10:26:50.041+0000: [ParNew: 16388K->4K(18432K), 0.0019972 secs] 277423K->261039K(410204K), 0.0020521 secs] [Times: user=0.01 sys=0.00, real=0.00 secs] 
2020-10-29T10:26:50.058+0000: [GC (Allocation Failure) 2020-10-29T10:26:50.058+0000: [ParNew: 16388K->4K(18432K), 0.0019538 secs] 277423K->261039K(410204K), 0.0020057 secs] [Times: user=0.00 sys=0.00, real=0.00 secs] 
2020-10-29T10:26:50.075+0000: [GC (Allocation Failure) 2020-10-29T10:26:50.075+0000: [ParNew: 16388K->4K(18432K), 0.0019315 secs] 277423K->261039K(410204K), 0.0019835 secs] [Times: user=0.00 sys=0.00, real=0.00 secs] 
2020-10-29T10:26:50.092+0000: [GC (Allocation Failure) 2020-10-29T10:26:50.092+0000: [ParNew: 16388K->4K(18432K), 0.0019843 secs] 277423K->261039K(410204K), 0.0020365 secs] [Times: user=0.00 sys=0.01, real=0.01 secs] 
2020-10-29T10:26:50.112+0000: [GC (Allocation Failure) 2020-10-29T10:26:50.112+0000: [ParNew: 16388K->6K(18432K), 0.0019526 secs] 277423K->261041K(410204K), 0.0020043 secs] [Times: user=0.01 sys=0.00, real=0.00 secs] 
2020-10-29T10:26:50.132+0000: [GC (Allocation Failure) 2020-10-29T10:26:50.133+0000: [ParNew: 16390K->4K(18432K), 0.0019362 secs] 277425K->261039K(410204K), 0.0019888 secs] [Times: user=0.00 sys=0.00, real=0.00 secs] 
2020-10-29T10:26:50.152+0000: [GC (Allocation Failure) 2020-10-29T10:26:50.153+0000: [ParNew: 16388K->4K(18432K), 0.0019477 secs] 277423K->261039K(410204K), 0.0019988 secs] [Times: user=0.01 sys=0.00, real=0.00 secs] 
2020-10-29T10:26:50.170+0000: [GC (Allocation Failure) 2020-10-29T10:26:50.170+0000: [ParNew: 16388K->4K(18432K), 0.0019643 secs] 277423K->261039K(410204K), 0.0020151 secs] [Times: user=0.01 sys=0.00, real=0.00 secs] 
2020-10-29T10:26:50.188+0000: [GC (Allocation Failure) 2020-10-29T10:26:50.189+0000: [ParNew: 16388K->4K(18432K), 0.0019742 secs] 277423K->261039K(410204K), 0.0020278 secs] [Times: user=0.00 sys=0.00, real=0.00 secs] 
2020-10-29T10:26:50.208+0000: [GC (Allocation Failure) 2020-10-29T10:26:50.209+0000: [ParNew: 16377K->4K(18432K), 0.0019956 secs] 277412K->261039K(410204K), 0.0020505 secs] [Times: user=0.00 sys=0.00, real=0.00 secs] 
2020-10-29T10:26:50.228+0000: [GC (Allocation Failure) 2020-10-29T10:26:50.229+0000: [ParNew: 16388K->4K(18432K), 0.0019964 secs] 277423K->261039K(410204K), 0.0020498 secs] [Times: user=0.00 sys=0.00, real=0.00 secs] 
2020-10-29T10:26:50.240+0000: [GC (Allocation Failure) 2020-10-29T10:26:50.240+0000: [ParNew: 16388K->4K(18432K), 0.0075550 secs] 277423K->269231K(410204K), 0.0076054 secs] [Times: user=0.01 sys=0.00, real=0.01 secs] 
2020-10-29T10:26:50.264+0000: [GC (Allocation Failure) 2020-10-29T10:26:50.265+0000: [ParNew: 16388K->4K(18432K), 0.0020159 secs] 285615K->269231K(410204K), 0.0020667 secs] [Times: user=0.00 sys=0.00, real=0.00 secs] 
2020-10-29T10:26:50.282+0000: [GC (Allocation Failure) 2020-10-29T10:26:50.282+0000: [ParNew: 16388K->4K(18432K), 0.0018735 secs] 285615K->269231K(410204K), 0.0019223 secs] [Times: user=0.00 sys=0.00, real=0.00 secs] 
2020-10-29T10:26:50.300+0000: [GC (Allocation Failure) 2020-10-29T10:26:50.300+0000: [ParNew: 16388K->4K(18432K), 0.0019176 secs] 285615K->269231K(410204K), 0.0019672 secs] [Times: user=0.01 sys=0.00, real=0.00 secs] 
2020-10-29T10:26:50.320+0000: [GC (Allocation Failure) 2020-10-29T10:26:50.320+0000: [ParNew: 16388K->4K(18432K), 0.0019184 secs] 285615K->269231K(410204K), 0.0019671 secs] [Times: user=0.00 sys=0.00, real=0.00 secs] 
2020-10-29T10:26:50.338+0000: [GC (Allocation Failure) 2020-10-29T10:26:50.338+0000: [ParNew: 16388K->4K(18432K), 0.0019027 secs] 285615K->269231K(410204K), 0.0019520 secs] [Times: user=0.01 sys=0.00, real=0.00 secs] 
2020-10-29T10:26:50.355+0000: [GC (Allocation Failure) 2020-10-29T10:26:50.355+0000: [ParNew: 16388K->4K(18432K), 0.0019859 secs] 285615K->269231K(410204K), 0.0020751 secs] [Times: user=0.00 sys=0.00, real=0.00 secs] 
2020-10-29T10:26:50.372+0000: [GC (Allocation Failure) 2020-10-29T10:26:50.372+0000: [ParNew: 16388K->4K(18432K), 0.0019658 secs] 285615K->269231K(410204K), 0.0020172 secs] [Times: user=0.00 sys=0.00, real=0.01 secs] 
2020-10-29T10:26:50.392+0000: [GC (Allocation Failure) 2020-10-29T10:26:50.393+0000: [ParNew: 16388K->4K(18432K), 0.0019590 secs] 285615K->269231K(410204K), 0.0020132 secs] [Times: user=0.00 sys=0.00, real=0.00 secs] 
2020-10-29T10:26:50.413+0000: [GC (Allocation Failure) 2020-10-29T10:26:50.413+0000: [ParNew: 16388K->4K(18432K), 0.0019480 secs] 285615K->269231K(410204K), 0.0019993 secs] [Times: user=0.01 sys=0.00, real=0.00 secs] 
2020-10-29T10:26:50.432+0000: [GC (Allocation Failure) 2020-10-29T10:26:50.432+0000: [ParNew: 16388K->4K(18432K), 0.0019683 secs] 285615K->269231K(410204K), 0.0020227 secs] [Times: user=0.01 sys=0.00, real=0.01 secs] 
2020-10-29T10:26:50.453+0000: [GC (Allocation Failure) 2020-10-29T10:26:50.453+0000: [ParNew: 16388K->4K(18432K), 0.0019675 secs] 285615K->269231K(410204K), 0.0020207 secs] [Times: user=0.00 sys=0.00, real=0.00 secs] 
2020-10-29T10:26:50.472+0000: [GC (Allocation Failure) 2020-10-29T10:26:50.472+0000: [ParNew: 16388K->4K(18432K), 0.0019202 secs] 285615K->269231K(410204K), 0.0019704 secs] [Times: user=0.00 sys=0.00, real=0.00 secs] 
2020-10-29T10:26:50.490+0000: [GC (Allocation Failure) 2020-10-29T10:26:50.490+0000: [ParNew: 16388K->4K(18432K), 0.0019339 secs] 285615K->269231K(410204K), 0.0019855 secs] [Times: user=0.01 sys=0.00, real=0.00 secs] 
2020-10-29T10:26:50.512+0000: [GC (Allocation Failure) 2020-10-29T10:26:50.512+0000: [ParNew: 16388K->4K(18432K), 0.0020119 secs] 285615K->269231K(410204K), 0.0020643 secs] [Times: user=0.01 sys=0.00, real=0.00 secs] 
2020-10-29T10:26:50.531+0000: [GC (Allocation Failure) 2020-10-29T10:26:50.531+0000: [ParNew: 16388K->4K(18432K), 0.0019856 secs] 285615K->269231K(410204K), 0.0020383 secs] [Times: user=0.00 sys=0.00, real=0.01 secs] 
2020-10-29T10:26:50.548+0000: [GC (Allocation Failure) 2020-10-29T10:26:50.548+0000: [ParNew: 16388K->4K(18432K), 0.0019467 secs] 285615K->269231K(410204K), 0.0019987 secs] [Times: user=0.01 sys=0.00, real=0.00 secs] 
2020-10-29T10:26:50.568+0000: [GC (Allocation Failure) 2020-10-29T10:26:50.568+0000: [ParNew: 16388K->4K(18432K), 0.0019868 secs] 285615K->269231K(410204K), 0.0020411 secs] [Times: user=0.01 sys=0.00, real=0.00 secs] 
2020-10-29T10:26:50.585+0000: [GC (Allocation Failure) 2020-10-29T10:26:50.585+0000: [ParNew: 16388K->4K(18432K), 0.0019713 secs] 285615K->269231K(410204K), 0.0020246 secs] [Times: user=0.00 sys=0.00, real=0.00 secs] 
2020-10-29T10:26:50.603+0000: [GC (Allocation Failure) 2020-10-29T10:26:50.603+0000: [ParNew: 16388K->4K(18432K), 0.0019764 secs] 285615K->269231K(410204K), 0.0020288 secs] [Times: user=0.00 sys=0.00, real=0.01 secs] 
2020-10-29T10:26:50.620+0000: [GC (Allocation Failure) 2020-10-29T10:26:50.620+0000: [ParNew: 16388K->4K(18432K), 0.0019503 secs] 285615K->269231K(410204K), 0.0020012 secs] [Times: user=0.01 sys=0.00, real=0.00 secs] 
2020-10-29T10:26:50.640+0000: [GC (Allocation Failure) 2020-10-29T10:26:50.640+0000: [ParNew: 16388K->4K(18432K), 0.0019097 secs] 285615K->269231K(410204K), 0.0019586 secs] [Times: user=0.01 sys=0.00, real=0.00 secs] 
2020-10-29T10:26:50.658+0000: [GC (Allocation Failure) 2020-10-29T10:26:50.658+0000: [ParNew: 16388K->4K(18432K), 0.0019525 secs] 285615K->269231K(410204K), 0.0020039 secs] [Times: user=0.00 sys=0.00, real=0.00 secs] 
2020-10-29T10:26:50.676+0000: [GC (Allocation Failure) 2020-10-29T10:26:50.676+0000: [ParNew: 16388K->4K(18432K), 0.0019636 secs] 285615K->269231K(410204K), 0.0020147 secs] [Times: user=0.00 sys=0.00, real=0.00 secs] 
2020-10-29T10:26:50.696+0000: [GC (Allocation Failure) 2020-10-29T10:26:50.697+0000: [ParNew: 16388K->4K(18432K), 0.0019269 secs] 285615K->269231K(410204K), 0.0019786 secs] [Times: user=0.00 sys=0.00, real=0.00 secs] 
2020-10-29T10:26:50.731+0000: [GC (Allocation Failure) 2020-10-29T10:26:50.731+0000: [ParNew: 16388K->4K(18432K), 0.0019772 secs] 301999K->285615K(410204K), 0.0020315 secs] [Times: user=0.01 sys=0.00, real=0.01 secs] 
2020-10-29T10:26:50.733+0000: [GC (CMS Initial Mark) [1 CMS-initial-mark: 285611K(391772K)] 285793K(410204K), 0.0011518 secs] [Times: user=0.00 sys=0.00, real=0.00 secs] 
2020-10-29T10:26:50.734+0000: [CMS-concurrent-mark-start]
2020-10-29T10:26:50.769+0000: [GC (Allocation Failure) 2020-10-29T10:26:50.769+0000: [ParNew: 16388K->4K(18432K), 0.0019612 secs] 301999K->285615K(410204K), 0.0020180 secs] [Times: user=0.00 sys=0.00, real=0.00 secs] 
2020-10-29T10:26:50.804+0000: [GC (Allocation Failure) 2020-10-29T10:26:50.804+0000: [ParNew: 16388K->4K(18432K), 0.0019979 secs] 301999K->285615K(410204K), 0.0020536 secs] [Times: user=0.00 sys=0.00, real=0.01 secs] 
2020-10-29T10:26:50.830+0000: [CMS-concurrent-mark: 0.080/0.095 secs] [Times: user=0.18 sys=0.01, real=0.09 secs] 
2020-10-29T10:26:50.830+0000: [GC (Allocation Failure) 2020-10-29T10:26:50.830+0000: [ParNew: 16388K->4K(18432K), 0.0019357 secs] 301999K->285615K(410204K), 0.0019762 secs] [Times: user=0.00 sys=0.00, real=0.00 secs] 
2020-10-29T10:26:50.840+0000: [CMS-concurrent-preclean-start]
2020-10-29T10:26:50.842+0000: [CMS-concurrent-preclean: 0.002/0.002 secs] [Times: user=0.02 sys=0.00, real=0.01 secs] 
2020-10-29T10:26:50.842+0000: [CMS-concurrent-abortable-preclean-start]
2020-10-29T10:26:50.848+0000: [GC (Allocation Failure) 2020-10-29T10:26:50.848+0000: [ParNew: 16388K->4K(18432K), 0.0018010 secs] 301999K->285615K(410204K), 0.0018484 secs] [Times: user=0.01 sys=0.00, real=0.00 secs] 
2020-10-29T10:26:50.850+0000: [CMS-concurrent-abortable-preclean: 0.001/0.009 secs] [Times: user=0.02 sys=0.00, real=0.01 secs] 
2020-10-29T10:26:50.852+0000: [GC (CMS Final Remark) [YG occupancy: 341 K (18432 K)]2020-10-29T10:26:50.852+0000: [Rescan (parallel) , 0.0012533 secs]2020-10-29T10:26:50.854+0000: [weak refs processing, 0.0000569 secs]2020-10-29T10:26:50.854+0000: [class unloading, 0.0077641 secs]2020-10-29T10:26:50.862+0000: [scrub symbol table, 0.0090465 secs]2020-10-29T10:26:50.871+0000: [scrub string table, 0.0005559 secs][1 CMS-remark: 285611K(391772K)] 285952K(410204K), 0.0187875 secs] [Times: user=0.02 sys=0.01, real=0.01 secs] 
2020-10-29T10:26:50.876+0000: [CMS-concurrent-sweep-start]
2020-10-29T10:26:50.892+0000: [GC (Allocation Failure) 2020-10-29T10:26:50.892+0000: [ParNew: 16388K->4K(18432K), 0.0020024 secs] 301779K->285395K(410204K), 0.0020561 secs] [Times: user=0.01 sys=0.00, real=0.01 secs] 
2020-10-29T10:26:50.898+0000: [CMS-concurrent-sweep: 0.019/0.021 secs] [Times: user=0.03 sys=0.00, real=0.02 secs] 
2020-10-29T10:26:50.904+0000: [CMS-concurrent-reset-start]
2020-10-29T10:26:50.906+0000: [CMS-concurrent-reset: 0.002/0.002 secs] [Times: user=0.00 sys=0.00, real=0.00 secs] 
2020-10-29T10:26:50.912+0000: [GC (Allocation Failure) 2020-10-29T10:26:50.912+0000: [ParNew: 16388K->4K(18432K), 0.0019695 secs] 252947K->236563K(412700K), 0.0020136 secs] [Times: user=0.01 sys=0.00, real=0.00 secs] 
2020-10-29T10:26:50.932+0000: [GC (Allocation Failure) 2020-10-29T10:26:50.933+0000: [ParNew: 16388K->4K(18432K), 0.0018974 secs] 252947K->236563K(412700K), 0.0019462 secs] [Times: user=0.00 sys=0.00, real=0.00 secs] 
2020-10-29T10:26:50.950+0000: [GC (Allocation Failure) 2020-10-29T10:26:50.950+0000: [ParNew: 16388K->4K(18432K), 0.0018853 secs] 252947K->236563K(412700K), 0.0019345 secs] [Times: user=0.01 sys=0.00, real=0.00 secs] 
2020-10-29T10:26:50.968+0000: [GC (Allocation Failure) 2020-10-29T10:26:50.969+0000: [ParNew: 16388K->4K(18432K), 0.0030254 secs] 252947K->236563K(412700K), 0.0030913 secs] [Times: user=0.00 sys=0.00, real=0.00 secs] 
2020-10-29T10:26:50.987+0000: [GC (Allocation Failure) 2020-10-29T10:26:50.987+0000: [ParNew: 16388K->4K(18432K), 0.0020080 secs] 252947K->236563K(412700K), 0.0020629 secs] [Times: user=0.00 sys=0.00, real=0.00 secs] 
2020-10-29T10:26:51.014+0000: [GC (Allocation Failure) 2020-10-29T10:26:51.014+0000: [ParNew: 16388K->4K(18432K), 0.0019758 secs] 252947K->236563K(412700K), 0.0020620 secs] [Times: user=0.00 sys=0.00, real=0.00 secs] 
2020-10-29T10:26:51.036+0000: [GC (Allocation Failure) 2020-10-29T10:26:51.037+0000: [ParNew: 16388K->4K(18432K), 0.0019747 secs] 252947K->236563K(412700K), 0.0020480 secs] [Times: user=0.01 sys=0.00, real=0.00 secs] 
2020-10-29T10:26:51.057+0000: [GC (Allocation Failure) 2020-10-29T10:26:51.057+0000: [ParNew: 16388K->4K(18432K), 0.0019768 secs] 252947K->236563K(412700K), 0.0020312 secs] [Times: user=0.00 sys=0.00, real=0.00 secs] 
2020-10-29T10:26:51.076+0000: [GC (Allocation Failure) 2020-10-29T10:26:51.077+0000: [ParNew: 16388K->4K(18432K), 0.0019294 secs] 252947K->236563K(412700K), 0.0019816 secs] [Times: user=0.00 sys=0.00, real=0.00 secs] 
2020-10-29T10:26:51.094+0000: [GC (Allocation Failure) 2020-10-29T10:26:51.094+0000: [ParNew: 16388K->4K(18432K), 0.0019543 secs] 252947K->236563K(412700K), 0.0020067 secs] [Times: user=0.00 sys=0.00, real=0.00 secs] 
2020-10-29T10:26:51.111+0000: [GC (Allocation Failure) 2020-10-29T10:26:51.111+0000: [ParNew: 16388K->4K(18432K), 0.0019606 secs] 252947K->236563K(412700K), 0.0020086 secs] [Times: user=0.01 sys=0.00, real=0.01 secs] 
2020-10-29T10:26:51.132+0000: [GC (Allocation Failure) 2020-10-29T10:26:51.133+0000: [ParNew: 16388K->4K(18432K), 0.0019691 secs] 252947K->236563K(412700K), 0.0020162 secs] [Times: user=0.00 sys=0.00, real=0.00 secs] 
2020-10-29T10:26:51.143+0000: [GC (Allocation Failure) 2020-10-29T10:26:51.143+0000: [ParNew: 16388K->4K(18432K), 0.0029261 secs] 252947K->244755K(412700K), 0.0029794 secs] [Times: user=0.00 sys=0.00, real=0.01 secs] 
2020-10-29T10:26:51.161+0000: [GC (Allocation Failure) 2020-10-29T10:26:51.161+0000: [ParNew: 16388K->4K(18432K), 0.0019242 secs] 261139K->244755K(412700K), 0.0019722 secs] [Times: user=0.00 sys=0.00, real=0.00 secs] 
2020-10-29T10:26:51.180+0000: [GC (Allocation Failure) 2020-10-29T10:26:51.181+0000: [ParNew: 16388K->6K(18432K), 0.0019023 secs] 261139K->244757K(412700K), 0.0019518 secs] [Times: user=0.01 sys=0.00, real=0.00 secs] 
2020-10-29T10:26:51.198+0000: [GC (Allocation Failure) 2020-10-29T10:26:51.198+0000: [ParNew: 16390K->4K(18432K), 0.0019383 secs] 261141K->244755K(412700K), 0.0019919 secs] [Times: user=0.00 sys=0.00, real=0.00 secs] 
2020-10-29T10:26:51.216+0000: [GC (Allocation Failure) 2020-10-29T10:26:51.217+0000: [ParNew: 16388K->4K(18432K), 0.0019675 secs] 261139K->244755K(412700K), 0.0020196 secs] [Times: user=0.00 sys=0.00, real=0.00 secs] 
2020-10-29T10:26:51.234+0000: [GC (Allocation Failure) 2020-10-29T10:26:51.234+0000: [ParNew: 16388K->4K(18432K), 0.0019482 secs] 261139K->244755K(412700K), 0.0020003 secs] [Times: user=0.00 sys=0.00, real=0.00 secs] 
2020-10-29T10:26:51.252+0000: [GC (Allocation Failure) 2020-10-29T10:26:51.253+0000: [ParNew: 16388K->4K(18432K), 0.0019037 secs] 261139K->244755K(412700K), 0.0019532 secs] [Times: user=0.01 sys=0.00, real=0.00 secs] 
2020-10-29T10:26:51.270+0000: [GC (Allocation Failure) 2020-10-29T10:26:51.270+0000: [ParNew: 16388K->4K(18432K), 0.0019070 secs] 261139K->244755K(412700K), 0.0019582 secs] [Times: user=0.00 sys=0.00, real=0.00 secs] 
2020-10-29T10:26:51.287+0000: [GC (Allocation Failure) 2020-10-29T10:26:51.287+0000: [ParNew: 16388K->4K(18432K), 0.0019601 secs] 261139K->244755K(412700K), 0.0020097 secs] [Times: user=0.01 sys=0.00, real=0.00 secs] 
2020-10-29T10:26:51.308+0000: [GC (Allocation Failure) 2020-10-29T10:26:51.308+0000: [ParNew: 16388K->4K(18432K), 0.0019355 secs] 261139K->244755K(412700K), 0.0019876 secs] [Times: user=0.01 sys=0.00, real=0.00 secs] 
2020-10-29T10:26:51.326+0000: [GC (Allocation Failure) 2020-10-29T10:26:51.326+0000: [ParNew: 16388K->4K(18432K), 0.0019392 secs] 261139K->244755K(412700K), 0.0019909 secs] [Times: user=0.01 sys=0.00, real=0.00 secs] 
2020-10-29T10:26:51.344+0000: [GC (Allocation Failure) 2020-10-29T10:26:51.344+0000: [ParNew: 16388K->4K(18432K), 0.0019094 secs] 261139K->244755K(412700K), 0.0019592 secs] [Times: user=0.00 sys=0.00, real=0.00 secs] 
2020-10-29T10:26:51.364+0000: [GC (Allocation Failure) 2020-10-29T10:26:51.364+0000: [ParNew: 16388K->4K(18432K), 0.0019174 secs] 261139K->244755K(412700K), 0.0019693 secs] [Times: user=0.01 sys=0.00, real=0.01 secs] 
2020-10-29T10:26:51.381+0000: [GC (Allocation Failure) 2020-10-29T10:26:51.381+0000: [ParNew: 16388K->4K(18432K), 0.0019104 secs] 261139K->244755K(412700K), 0.0019576 secs] [Times: user=0.01 sys=0.00, real=0.00 secs] 
2020-10-29T10:26:51.400+0000: [GC (Allocation Failure) 2020-10-29T10:26:51.401+0000: [ParNew: 16388K->4K(18432K), 0.0019390 secs] 261139K->244755K(412700K), 0.0019912 secs] [Times: user=0.00 sys=0.00, real=0.00 secs] 
2020-10-29T10:26:51.418+0000: [GC (Allocation Failure) 2020-10-29T10:26:51.418+0000: [ParNew: 16388K->4K(18432K), 0.0019764 secs] 261139K->244755K(412700K), 0.0020288 secs] [Times: user=0.01 sys=0.00, real=0.00 secs] 
2020-10-29T10:26:51.435+0000: [GC (Allocation Failure) 2020-10-29T10:26:51.435+0000: [ParNew: 16388K->4K(18432K), 0.0019445 secs] 261139K->244755K(412700K), 0.0019963 secs] [Times: user=0.00 sys=0.00, real=0.00 secs] 
2020-10-29T10:26:51.452+0000: [GC (Allocation Failure) 2020-10-29T10:26:51.452+0000: [ParNew: 16388K->4K(18432K), 0.0019264 secs] 261139K->244755K(412700K), 0.0019756 secs] [Times: user=0.00 sys=0.00, real=0.01 secs] 
2020-10-29T10:26:51.463+0000: [GC (Allocation Failure) 2020-10-29T10:26:51.463+0000: [ParNew: 16388K->4K(18432K), 0.0026752 secs] 261139K->252947K(412700K), 0.0027257 secs] [Times: user=0.01 sys=0.00, real=0.01 secs] 
2020-10-29T10:26:51.481+0000: [GC (Allocation Failure) 2020-10-29T10:26:51.481+0000: [ParNew: 16388K->4K(18432K), 0.0019700 secs] 269331K->252947K(412700K), 0.0020248 secs] [Times: user=0.01 sys=0.00, real=0.00 secs] 
2020-10-29T10:26:51.498+0000: [GC (Allocation Failure) 2020-10-29T10:26:51.498+0000: [ParNew: 16388K->4K(18432K), 0.0019625 secs] 269331K->252947K(412700K), 0.0020149 secs] [Times: user=0.00 sys=0.00, real=0.00 secs] 
2020-10-29T10:26:51.516+0000: [GC (Allocation Failure) 2020-10-29T10:26:51.517+0000: [ParNew: 16388K->4K(18432K), 0.0019815 secs] 269331K->252947K(412700K), 0.0020343 secs] [Times: user=0.00 sys=0.00, real=0.00 secs] 
2020-10-29T10:26:51.535+0000: [GC (Allocation Failure) 2020-10-29T10:26:51.535+0000: [ParNew: 16388K->4K(18432K), 0.0026869 secs] 269331K->252947K(412700K), 0.0027383 secs] [Times: user=0.00 sys=0.00, real=0.00 secs] 
2020-10-29T10:26:51.556+0000: [GC (Allocation Failure) 2020-10-29T10:26:51.556+0000: [ParNew: 16388K->4K(18432K), 0.0019233 secs] 269331K->252947K(412700K), 0.0019743 secs] [Times: user=0.00 sys=0.00, real=0.00 secs] 
2020-10-29T10:26:51.576+0000: [GC (Allocation Failure) 2020-10-29T10:26:51.577+0000: [ParNew: 16388K->4K(18432K), 0.0019666 secs] 269331K->252947K(412700K), 0.0020193 secs] [Times: user=0.01 sys=0.00, real=0.00 secs] 
2020-10-29T10:26:51.594+0000: [GC (Allocation Failure) 2020-10-29T10:26:51.594+0000: [ParNew: 16388K->4K(18432K), 0.0019300 secs] 269331K->252947K(412700K), 0.0019819 secs] [Times: user=0.01 sys=0.00, real=0.00 secs] 
2020-10-29T10:26:51.616+0000: [GC (Allocation Failure) 2020-10-29T10:26:51.616+0000: [ParNew: 16388K->4K(18432K), 0.0019419 secs] 269331K->252947K(412700K), 0.0019937 secs] [Times: user=0.01 sys=0.00, real=0.00 secs] 
2020-10-29T10:26:51.636+0000: [GC (Allocation Failure) 2020-10-29T10:26:51.637+0000: [ParNew: 16388K->4K(18432K), 0.0019077 secs] 269331K->252947K(412700K), 0.0019578 secs] [Times: user=0.00 sys=0.00, real=0.00 secs] 
2020-10-29T10:26:51.654+0000: [GC (Allocation Failure) 2020-10-29T10:26:51.654+0000: [ParNew: 16388K->6K(18432K), 0.0020558 secs] 269331K->252949K(412700K), 0.0021140 secs] [Times: user=0.00 sys=0.00, real=0.00 secs] 
2020-10-29T10:26:51.665+0000: [GC (Allocation Failure) 2020-10-29T10:26:51.665+0000: [ParNew: 16390K->4K(18432K), 0.0027441 secs] 269333K->261139K(412700K), 0.0027883 secs] [Times: user=0.00 sys=0.00, real=0.00 secs] 
2020-10-29T10:26:51.683+0000: [GC (Allocation Failure) 2020-10-29T10:26:51.683+0000: [ParNew: 16388K->4K(18432K), 0.0019469 secs] 277523K->261139K(412700K), 0.0019960 secs] [Times: user=0.00 sys=0.00, real=0.01 secs] 
2020-10-29T10:26:51.700+0000: [GC (Allocation Failure) 2020-10-29T10:26:51.700+0000: [ParNew: 16388K->4K(18432K), 0.0018827 secs] 277523K->261139K(412700K), 0.0019325 secs] [Times: user=0.00 sys=0.00, real=0.00 secs] 
2020-10-29T10:26:51.720+0000: [GC (Allocation Failure) 2020-10-29T10:26:51.721+0000: [ParNew: 16388K->4K(18432K), 0.0019738 secs] 277523K->261139K(412700K), 0.0020239 secs] [Times: user=0.00 sys=0.00, real=0.00 secs] 
2020-10-29T10:26:51.738+0000: [GC (Allocation Failure) 2020-10-29T10:26:51.738+0000: [ParNew: 16388K->4K(18432K), 0.0018963 secs] 277523K->261139K(412700K), 0.0019473 secs] [Times: user=0.00 sys=0.00, real=0.00 secs] 
2020-10-29T10:26:51.755+0000: [GC (Allocation Failure) 2020-10-29T10:26:51.755+0000: [ParNew: 16388K->4K(18432K), 0.0019547 secs] 277523K->261139K(412700K), 0.0020067 secs] [Times: user=0.00 sys=0.00, real=0.00 secs] 
2020-10-29T10:26:51.772+0000: [GC (Allocation Failure) 2020-10-29T10:26:51.772+0000: [ParNew: 16388K->4K(18432K), 0.0019947 secs] 277523K->261139K(412700K), 0.0020489 secs] [Times: user=0.01 sys=0.00, real=0.01 secs] 
2020-10-29T10:26:51.789+0000: [GC (Allocation Failure) 2020-10-29T10:26:51.789+0000: [ParNew: 16388K->4K(18432K), 0.0019428 secs] 277523K->261139K(412700K), 0.0019953 secs] [Times: user=0.00 sys=0.00, real=0.00 secs] 
2020-10-29T10:26:51.806+0000: [GC (Allocation Failure) 2020-10-29T10:26:51.806+0000: [ParNew: 16388K->4K(18432K), 0.0018872 secs] 277523K->261139K(412700K), 0.0019372 secs] [Times: user=0.00 sys=0.00, real=0.00 secs] 
2020-10-29T10:26:51.824+0000: [GC (Allocation Failure) 2020-10-29T10:26:51.825+0000: [ParNew: 16388K->4K(18432K), 0.0018666 secs] 277523K->261139K(412700K), 0.0019148 secs] [Times: user=0.00 sys=0.00, real=0.00 secs] 
2020-10-29T10:26:51.844+0000: [GC (Allocation Failure) 2020-10-29T10:26:51.845+0000: [ParNew: 16388K->4K(18432K), 0.0018794 secs] 277523K->261139K(412700K), 0.0019297 secs] [Times: user=0.01 sys=0.00, real=0.00 secs] 
2020-10-29T10:26:51.868+0000: [GC (Allocation Failure) 2020-10-29T10:26:51.868+0000: [ParNew: 16388K->4K(18432K), 0.0019348 secs] 277523K->261139K(412700K), 0.0019871 secs] [Times: user=0.00 sys=0.00, real=0.00 secs] 
2020-10-29T10:26:51.886+0000: [GC (Allocation Failure) 2020-10-29T10:26:51.886+0000: [ParNew: 16388K->4K(18432K), 0.0018997 secs] 277523K->261139K(412700K), 0.0019501 secs] [Times: user=0.00 sys=0.00, real=0.00 secs] 
2020-10-29T10:26:51.903+0000: [GC (Allocation Failure) 2020-10-29T10:26:51.903+0000: [ParNew: 16388K->4K(18432K), 0.0019123 secs] 277523K->261139K(412700K), 0.0019642 secs] [Times: user=0.01 sys=0.00, real=0.01 secs] 
2020-10-29T10:26:51.920+0000: [GC (Allocation Failure) 2020-10-29T10:26:51.920+0000: [ParNew: 16388K->4K(18432K), 0.0019995 secs] 277523K->261139K(412700K), 0.0020610 secs] [Times: user=0.00 sys=0.00, real=0.00 secs] 
2020-10-29T10:26:51.940+0000: [GC (Allocation Failure) 2020-10-29T10:26:51.941+0000: [ParNew: 16388K->4K(18432K), 0.0019551 secs] 277523K->261139K(412700K), 0.0020085 secs] [Times: user=0.00 sys=0.00, real=0.00 secs] 
2020-10-29T10:26:51.960+0000: [GC (Allocation Failure) 2020-10-29T10:26:51.960+0000: [ParNew: 16388K->4K(18432K), 0.0019373 secs] 277523K->261139K(412700K), 0.0019981 secs] [Times: user=0.00 sys=0.00, real=0.00 secs] 
2020-10-29T10:26:51.980+0000: [GC (Allocation Failure) 2020-10-29T10:26:51.981+0000: [ParNew: 16388K->4K(18432K), 0.0019250 secs] 277523K->261139K(412700K), 0.0019768 secs] [Times: user=0.00 sys=0.00, real=0.00 secs] 
2020-10-29T10:26:52.000+0000: [GC (Allocation Failure) 2020-10-29T10:26:52.001+0000: [ParNew: 16388K->4K(18432K), 0.0019703 secs] 277523K->261139K(412700K), 0.0020237 secs] [Times: user=0.01 sys=0.00, real=0.00 secs] 
2020-10-29T10:26:52.018+0000: [GC (Allocation Failure) 2020-10-29T10:26:52.018+0000: [ParNew: 16388K->4K(18432K), 0.0019721 secs] 277523K->261139K(412700K), 0.0020244 secs] [Times: user=0.00 sys=0.00, real=0.00 secs] 
2020-10-29T10:26:52.035+0000: [GC (Allocation Failure) 2020-10-29T10:26:52.035+0000: [ParNew: 16388K->4K(18432K), 0.0019983 secs] 277523K->261139K(412700K), 0.0020511 secs] [Times: user=0.00 sys=0.00, real=0.00 secs] 
2020-10-29T10:26:52.052+0000: [GC (Allocation Failure) 2020-10-29T10:26:52.052+0000: [ParNew: 16388K->4K(18432K), 0.0019801 secs] 277523K->261139K(412700K), 0.0020314 secs] [Times: user=0.01 sys=0.00, real=0.01 secs] 
2020-10-29T10:26:52.072+0000: [GC (Allocation Failure) 2020-10-29T10:26:52.072+0000: [ParNew: 16388K->4K(18432K), 0.0019300 secs] 277523K->261139K(412700K), 0.0019830 secs] [Times: user=0.01 sys=0.00, real=0.00 secs] 
2020-10-29T10:26:52.090+0000: [GC (Allocation Failure) 2020-10-29T10:26:52.090+0000: [ParNew: 16388K->4K(18432K), 0.0019453 secs] 277523K->261139K(412700K), 0.0019962 secs] [Times: user=0.01 sys=0.00, real=0.00 secs] 
2020-10-29T10:26:52.108+0000: [GC (Allocation Failure) 2020-10-29T10:26:52.109+0000: [ParNew: 16388K->4K(18432K), 0.0019051 secs] 277523K->261139K(412700K), 0.0019555 secs] [Times: user=0.00 sys=0.00, real=0.00 secs] 
2020-10-29T10:26:52.126+0000: [GC (Allocation Failure) 2020-10-29T10:26:52.126+0000: [ParNew: 16388K->4K(18432K), 0.0019230 secs] 277523K->261139K(412700K), 0.0019743 secs] [Times: user=0.00 sys=0.00, real=0.00 secs] 
2020-10-29T10:26:52.143+0000: [GC (Allocation Failure) 2020-10-29T10:26:52.143+0000: [ParNew: 16388K->4K(18432K), 0.0019015 secs] 277523K->261139K(412700K), 0.0019690 secs] [Times: user=0.01 sys=0.00, real=0.01 secs] 
2020-10-29T10:26:52.160+0000: [GC (Allocation Failure) 2020-10-29T10:26:52.161+0000: [ParNew: 16388K->4K(18432K), 0.0019526 secs] 277523K->261139K(412700K), 0.0020048 secs] [Times: user=0.00 sys=0.00, real=0.00 secs] 
2020-10-29T10:26:52.180+0000: [GC (Allocation Failure) 2020-10-29T10:26:52.181+0000: [ParNew: 16388K->4K(18432K), 0.0019506 secs] 277523K->261139K(412700K), 0.0020022 secs] [Times: user=0.00 sys=0.00, real=0.00 secs] 
2020-10-29T10:26:52.192+0000: [GC (Allocation Failure) 2020-10-29T10:26:52.192+0000: [ParNew: 16388K->4K(18432K), 0.0026999 secs] 277523K->269331K(412700K), 0.0027490 secs] [Times: user=0.00 sys=0.00, real=0.00 secs] 
2020-10-29T10:26:52.204+0000: [GC (Allocation Failure) 2020-10-29T10:26:52.204+0000: [ParNew: 8357K->4K(18432K), 0.0019243 secs] 277685K->269331K(412700K), 0.0019715 secs] [Times: user=0.00 sys=0.00, real=0.00 secs] 
2020-10-29T10:26:52.216+0000: [GC (Allocation Failure) 2020-10-29T10:26:52.217+0000: [ParNew: 16388K->4K(18432K), 0.0077529 secs] 285715K->277523K(412700K), 0.0078065 secs] [Times: user=0.01 sys=0.00, real=0.00 secs] 
2020-10-29T10:26:52.225+0000: [GC (CMS Initial Mark) [1 CMS-initial-mark: 277519K(394268K)] 277702K(412700K), 0.0013310 secs] [Times: user=0.00 sys=0.00, real=0.00 secs] 
2020-10-29T10:26:52.226+0000: [CMS-concurrent-mark-start]
2020-10-29T10:26:52.253+0000: [GC (Allocation Failure) 2020-10-29T10:26:52.253+0000: [ParNew: 16388K->4K(18432K), 0.0019155 secs] 293907K->277523K(412700K), 0.0019696 secs] [Times: user=0.00 sys=0.00, real=0.00 secs] 
2020-10-29T10:26:52.276+0000: [CMS-concurrent-mark: 0.048/0.050 secs] [Times: user=0.10 sys=0.00, real=0.05 secs] 
2020-10-29T10:26:52.276+0000: [CMS-concurrent-preclean-start]
2020-10-29T10:26:52.278+0000: [CMS-concurrent-preclean: 0.002/0.002 secs] [Times: user=0.00 sys=0.00, real=0.00 secs] 
2020-10-29T10:26:52.278+0000: [CMS-concurrent-abortable-preclean-start]
2020-10-29T10:26:52.284+0000: [GC (Allocation Failure) 2020-10-29T10:26:52.285+0000: [ParNew: 16388K->4K(18432K), 0.0015820 secs] 293907K->277523K(412700K), 0.0016228 secs] [Times: user=0.01 sys=0.00, real=0.00 secs] 
2020-10-29T10:26:52.304+0000: [GC (Allocation Failure) 2020-10-29T10:26:52.305+0000: [ParNew: 16388K->4K(18432K), 0.0018997 secs] 293907K->277523K(412700K), 0.0019729 secs] [Times: user=0.00 sys=0.00, real=0.00 secs] 
2020-10-29T10:26:52.324+0000: [GC (Allocation Failure) 2020-10-29T10:26:52.324+0000: [ParNew: 16388K->4K(18432K), 0.0019223 secs] 293907K->277523K(412700K), 0.0019755 secs] [Times: user=0.01 sys=0.00, real=0.00 secs] 
2020-10-29T10:26:52.342+0000: [GC (Allocation Failure) 2020-10-29T10:26:52.342+0000: [ParNew: 16388K->4K(18432K), 0.0019048 secs] 293907K->277523K(412700K), 0.0019580 secs] [Times: user=0.00 sys=0.00, real=0.00 secs] 
2020-10-29T10:26:52.360+0000: [GC (Allocation Failure) 2020-10-29T10:26:52.360+0000: [ParNew: 16388K->4K(18432K), 0.0019520 secs] 293907K->277523K(412700K), 0.0020056 secs] [Times: user=0.00 sys=0.00, real=0.00 secs] 
2020-10-29T10:26:52.380+0000: [GC (Allocation Failure) 2020-10-29T10:26:52.381+0000: [ParNew: 16388K->4K(18432K), 0.0019296 secs] 293907K->277523K(412700K), 0.0019813 secs] [Times: user=0.01 sys=0.00, real=0.00 secs] 
2020-10-29T10:26:52.400+0000: [GC (Allocation Failure) 2020-10-29T10:26:52.400+0000: [ParNew: 16388K->4K(18432K), 0.0019859 secs] 293907K->277523K(412700K), 0.0020387 secs] [Times: user=0.01 sys=0.00, real=0.00 secs] 
2020-10-29T10:26:52.418+0000: [GC (Allocation Failure) 2020-10-29T10:26:52.418+0000: [ParNew: 16388K->4K(18432K), 0.0019613 secs] 293907K->277523K(412700K), 0.0020154 secs] [Times: user=0.00 sys=0.00, real=0.00 secs] 
2020-10-29T10:26:52.436+0000: [GC (Allocation Failure) 2020-10-29T10:26:52.436+0000: [ParNew: 16388K->4K(18432K), 0.0019391 secs] 293907K->277523K(412700K), 0.0020050 secs] [Times: user=0.00 sys=0.00, real=0.00 secs] 
2020-10-29T10:26:52.455+0000: [GC (Allocation Failure) 2020-10-29T10:26:52.455+0000: [ParNew: 16388K->2K(18432K), 0.0038799 secs] 293907K->277521K(412700K), 0.0039418 secs] [Times: user=0.01 sys=0.00, real=0.00 secs] 
2020-10-29T10:26:52.474+0000: [GC (Allocation Failure) 2020-10-29T10:26:52.474+0000: [ParNew: 16386K->4K(18432K), 0.0018976 secs] 293905K->277523K(412700K), 0.0019507 secs] [Times: user=0.00 sys=0.00, real=0.00 secs] 
2020-10-29T10:26:52.492+0000: [GC (Allocation Failure) 2020-10-29T10:26:52.492+0000: [ParNew: 16388K->4K(18432K), 0.0019338 secs] 293907K->277523K(412700K), 0.0019882 secs] [Times: user=0.01 sys=0.00, real=0.01 secs] 
2020-10-29T10:26:52.509+0000: [GC (Allocation Failure) 2020-10-29T10:26:52.509+0000: [ParNew: 16388K->4K(18432K), 0.0018398 secs] 293907K->277523K(412700K), 0.0018911 secs] [Times: user=0.00 sys=0.00, real=0.00 secs] 
2020-10-29T10:26:52.529+0000: [GC (Allocation Failure) 2020-10-29T10:26:52.529+0000: [ParNew: 16388K->4K(18432K), 0.0019407 secs] 293907K->277523K(412700K), 0.0019940 secs] [Times: user=0.00 sys=0.00, real=0.00 secs] 
2020-10-29T10:26:52.546+0000: [GC (Allocation Failure) 2020-10-29T10:26:52.546+0000: [ParNew: 16388K->4K(18432K), 0.0019070 secs] 293907K->277523K(412700K), 0.0019599 secs] [Times: user=0.00 sys=0.00, real=0.00 secs] 
2020-10-29T10:26:52.564+0000: [GC (Allocation Failure) 2020-10-29T10:26:52.565+0000: [ParNew: 16388K->4K(18432K), 0.0018168 secs] 293907K->277523K(412700K), 0.0018676 secs] [Times: user=0.00 sys=0.00, real=0.00 secs] 
2020-10-29T10:26:52.582+0000: [GC (Allocation Failure) 2020-10-29T10:26:52.582+0000: [ParNew: 16388K->4K(18432K), 0.0018283 secs] 293907K->277523K(412700K), 0.0018790 secs] [Times: user=0.00 sys=0.00, real=0.00 secs] 
2020-10-29T10:26:52.600+0000: [GC (Allocation Failure) 2020-10-29T10:26:52.600+0000: [ParNew: 16388K->4K(18432K), 0.0019321 secs] 293907K->277523K(412700K), 0.0019844 secs] [Times: user=0.01 sys=0.00, real=0.00 secs] 
2020-10-29T10:26:52.620+0000: [GC (Allocation Failure) 2020-10-29T10:26:52.621+0000: [ParNew: 16388K->4K(18432K), 0.0019566 secs] 293907K->277523K(412700K), 0.0020098 secs] [Times: user=0.01 sys=0.00, real=0.00 secs] 
2020-10-29T10:26:52.639+0000: [GC (Allocation Failure) 2020-10-29T10:26:52.639+0000: [ParNew: 16388K->4K(18432K), 0.0019161 secs] 293907K->277523K(412700K), 0.0019669 secs] [Times: user=0.01 sys=0.00, real=0.00 secs] 
2020-10-29T10:26:52.658+0000: [GC (Allocation Failure) 2020-10-29T10:26:52.658+0000: [ParNew: 16388K->4K(18432K), 0.0019073 secs] 293907K->277523K(412700K), 0.0019594 secs] [Times: user=0.00 sys=0.00, real=0.00 secs] 
2020-10-29T10:26:52.676+0000: [GC (Allocation Failure) 2020-10-29T10:26:52.676+0000: [ParNew: 16388K->4K(18432K), 0.0019347 secs] 293907K->277523K(412700K), 0.0019881 secs] [Times: user=0.01 sys=0.00, real=0.00 secs] 
2020-10-29T10:26:52.694+0000: [GC (Allocation Failure) 2020-10-29T10:26:52.694+0000: [ParNew: 16388K->4K(18432K), 0.0018998 secs] 293907K->277523K(412700K), 0.0019526 secs] [Times: user=0.00 sys=0.00, real=0.00 secs] 
2020-10-29T10:26:52.712+0000: [GC (Allocation Failure) 2020-10-29T10:26:52.713+0000: [ParNew: 16388K->4K(18432K), 0.0019641 secs] 293907K->277523K(412700K), 0.0020170 secs] [Times: user=0.00 sys=0.00, real=0.00 secs] 
2020-10-29T10:26:52.730+0000: [GC (Allocation Failure) 2020-10-29T10:26:52.730+0000: [ParNew: 16388K->4K(18432K), 0.0018989 secs] 293907K->277523K(412700K), 0.0019586 secs] [Times: user=0.00 sys=0.00, real=0.00 secs] 
2020-10-29T10:26:52.752+0000: [GC (Allocation Failure) 2020-10-29T10:26:52.752+0000: [ParNew: 16027K->4K(18432K), 0.0020072 secs] 293547K->277523K(412700K), 0.0020621 secs] [Times: user=0.01 sys=0.00, real=0.01 secs] 
2020-10-29T10:26:52.764+0000: [GC (Allocation Failure) 2020-10-29T10:26:52.765+0000: [ParNew: 16388K->4K(18432K), 0.0075020 secs] 293907K->285715K(412700K), 0.0075573 secs] [Times: user=0.01 sys=0.00, real=0.00 secs] 
2020-10-29T10:26:52.772+0000: [CMS-concurrent-abortable-preclean: 0.028/0.495 secs] [Times: user=0.88 sys=0.04, real=0.49 secs] 
2020-10-29T10:26:52.772+0000: [GC (CMS Final Remark) [YG occupancy: 330 K (18432 K)]2020-10-29T10:26:52.772+0000: [Rescan (parallel) , 0.0016227 secs]2020-10-29T10:26:52.774+0000: [weak refs processing, 0.0000262 secs]2020-10-29T10:26:52.774+0000: [class unloading, 0.0077155 secs]2020-10-29T10:26:52.782+0000: [scrub symbol table, 0.0089638 secs]2020-10-29T10:26:52.791+0000: [scrub string table, 0.0005519 secs][1 CMS-remark: 285711K(394268K)] 286042K(412700K), 0.0189919 secs] [Times: user=0.02 sys=0.00, real=0.01 secs] 
2020-10-29T10:26:52.791+0000: [CMS-concurrent-sweep-start]
2020-10-29T10:26:52.812+0000: [CMS-concurrent-sweep: 0.020/0.020 secs] [Times: user=0.04 sys=0.00, real=0.02 secs] 
2020-10-29T10:26:52.812+0000: [CMS-concurrent-reset-start]
2020-10-29T10:26:52.813+0000: [GC (Allocation Failure) 2020-10-29T10:26:52.813+0000: [ParNew: 16388K->4K(18432K), 0.0020774 secs] 302007K->285623K(494464K), 0.0021203 secs] [Times: user=0.01 sys=0.00, real=0.00 secs] 
2020-10-29T10:26:52.824+0000: [CMS-concurrent-reset: 0.002/0.012 secs] [Times: user=0.02 sys=0.01, real=0.01 secs] 
2020-10-29T10:26:52.831+0000: [GC (Allocation Failure) 2020-10-29T10:26:52.831+0000: [ParNew: 16388K->4K(18432K), 0.0021681 secs] 302007K->285623K(494464K), 0.0022179 secs] [Times: user=0.00 sys=0.00, real=0.01 secs] 
2020-10-29T10:26:52.852+0000: [GC (Allocation Failure) 2020-10-29T10:26:52.853+0000: [ParNew: 16388K->4K(18432K), 0.0021531 secs] 302007K->285623K(494464K), 0.0022047 secs] [Times: user=0.00 sys=0.00, real=0.00 secs] 
2020-10-29T10:26:52.870+0000: [GC (Allocation Failure) 2020-10-29T10:26:52.870+0000: [ParNew: 16388K->4K(18432K), 0.0021934 secs] 302007K->285623K(494464K), 0.0022581 secs] [Times: user=0.00 sys=0.00, real=0.01 secs] 
2020-10-29T10:26:52.888+0000: [GC (Allocation Failure) 2020-10-29T10:26:52.888+0000: [ParNew: 12906K->4K(18432K), 0.0021244 secs] 298525K->285623K(494464K), 0.0021760 secs] [Times: user=0.00 sys=0.00, real=0.00 secs] 
2020-10-29T10:26:52.899+0000: [GC (Allocation Failure) 2020-10-29T10:26:52.899+0000: [ParNew: 16388K->4K(18432K), 0.0078158 secs] 302007K->293815K(494464K), 0.0078664 secs] [Times: user=0.01 sys=0.00, real=0.01 secs] 
2020-10-29T10:26:52.925+0000: [GC (Allocation Failure) 2020-10-29T10:26:52.925+0000: [ParNew: 16388K->4K(18432K), 0.0021401 secs] 310199K->293815K(494464K), 0.0021941 secs] [Times: user=0.00 sys=0.00, real=0.00 secs] 
2020-10-29T10:26:52.942+0000: [GC (Allocation Failure) 2020-10-29T10:26:52.942+0000: [ParNew: 16388K->4K(18432K), 0.0021454 secs] 310199K->293815K(494464K), 0.0021967 secs] [Times: user=0.00 sys=0.00, real=0.00 secs] 
2020-10-29T10:26:52.959+0000: [GC (Allocation Failure) 2020-10-29T10:26:52.959+0000: [ParNew: 16388K->4K(18432K), 0.0021716 secs] 310199K->293815K(494464K), 0.0022256 secs] [Times: user=0.01 sys=0.00, real=0.00 secs] 
2020-10-29T10:26:52.980+0000: [GC (Allocation Failure) 2020-10-29T10:26:52.981+0000: [ParNew: 16388K->4K(18432K), 0.0021690 secs] 310199K->293815K(494464K), 0.0022233 secs] [Times: user=0.01 sys=0.00, real=0.00 secs] 
2020-10-29T10:26:52.998+0000: [GC (Allocation Failure) 2020-10-29T10:26:52.998+0000: [ParNew: 16388K->4K(18432K), 0.0021648 secs] 310199K->293815K(494464K), 0.0022173 secs] [Times: user=0.01 sys=0.00, real=0.00 secs] 
2020-10-29T10:26:53.015+0000: [GC (Allocation Failure) 2020-10-29T10:26:53.016+0000: [ParNew: 16388K->4K(18432K), 0.0021726 secs] 310199K->293815K(494464K), 0.0022243 secs] [Times: user=0.00 sys=0.00, real=0.00 secs] 
2020-10-29T10:26:53.033+0000: [GC (Allocation Failure) 2020-10-29T10:26:53.033+0000: [ParNew: 16388K->4K(18432K), 0.0021288 secs] 310199K->293815K(494464K), 0.0021816 secs] [Times: user=0.00 sys=0.00, real=0.00 secs] 
2020-10-29T10:26:53.052+0000: [GC (Allocation Failure) 2020-10-29T10:26:53.053+0000: [ParNew: 16388K->4K(18432K), 0.0021013 secs] 310199K->293815K(494464K), 0.0021505 secs] [Times: user=0.01 sys=0.00, real=0.00 secs] 
2020-10-29T10:26:53.071+0000: [GC (Allocation Failure) 2020-10-29T10:26:53.071+0000: [ParNew: 16388K->4K(18432K), 0.0021247 secs] 310199K->293815K(494464K), 0.0021761 secs] [Times: user=0.00 sys=0.00, real=0.01 secs] 
2020-10-29T10:26:53.088+0000: [GC (Allocation Failure) 2020-10-29T10:26:53.088+0000: [ParNew: 16388K->4K(18432K), 0.0021537 secs] 310199K->293815K(494464K), 0.0022063 secs] [Times: user=0.01 sys=0.00, real=0.00 secs] 
2020-10-29T10:26:53.106+0000: [GC (Allocation Failure) 2020-10-29T10:26:53.106+0000: [ParNew: 16388K->4K(18432K), 0.0020753 secs] 310199K->293815K(494464K), 0.0021257 secs] [Times: user=0.00 sys=0.00, real=0.00 secs] 
2020-10-29T10:26:53.123+0000: [GC (Allocation Failure) 2020-10-29T10:26:53.123+0000: [ParNew: 16388K->4K(18432K), 0.0021807 secs] 310199K->293815K(494464K), 0.0022318 secs] [Times: user=0.00 sys=0.00, real=0.01 secs] 
2020-10-29T10:26:53.141+0000: [GC (Allocation Failure) 2020-10-29T10:26:53.141+0000: [ParNew: 16388K->4K(18432K), 0.0021225 secs] 310199K->293815K(494464K), 0.0021729 secs] [Times: user=0.01 sys=0.00, real=0.00 secs] 
2020-10-29T10:26:53.171+0000: [GC (Allocation Failure) 2020-10-29T10:26:53.171+0000: [ParNew: 16388K->4K(18432K), 0.0021581 secs] 342967K->326583K(494464K), 0.0022150 secs] [Times: user=0.01 sys=0.00, real=0.01 secs] 
2020-10-29T10:26:53.174+0000: [GC (CMS Initial Mark) [1 CMS-initial-mark: 326579K(476032K)] 326776K(494464K), 0.0011946 secs] [Times: user=0.00 sys=0.00, real=0.00 secs] 
2020-10-29T10:26:53.175+0000: [CMS-concurrent-mark-start]
2020-10-29T10:26:53.196+0000: [GC (Allocation Failure) 2020-10-29T10:26:53.196+0000: [ParNew: 16388K->4K(18432K), 0.0021271 secs] 342967K->326583K(494464K), 0.0021811 secs] [Times: user=0.01 sys=0.00, real=0.00 secs] 
2020-10-29T10:26:53.217+0000: [GC (Allocation Failure) 2020-10-29T10:26:53.217+0000: [ParNew: 16388K->4K(18432K), 0.0021436 secs] 342967K->326583K(494464K), 0.0022136 secs] [Times: user=0.01 sys=0.00, real=0.00 secs] 
2020-10-29T10:26:53.240+0000: [GC (Allocation Failure) 2020-10-29T10:26:53.241+0000: [ParNew: 16388K->4K(18432K), 0.0021039 secs] 342967K->326583K(494464K), 0.0021566 secs] [Times: user=0.01 sys=0.00, real=0.00 secs] 
2020-10-29T10:26:53.266+0000: [CMS-concurrent-mark: 0.082/0.091 secs] [Times: user=0.17 sys=0.00, real=0.09 secs] 
2020-10-29T10:26:53.267+0000: [GC (Allocation Failure) 2020-10-29T10:26:53.267+0000: [ParNew: 16388K->4K(18432K), 0.0021022 secs] 342967K->326583K(494464K), 0.0021419 secs] [Times: user=0.01 sys=0.00, real=0.00 secs] 
2020-10-29T10:26:53.269+0000: [CMS-concurrent-preclean-start]
2020-10-29T10:26:53.270+0000: [CMS-concurrent-preclean: 0.001/0.001 secs] [Times: user=0.00 sys=0.00, real=0.00 secs] 
2020-10-29T10:26:53.276+0000: [GC (CMS Final Remark) [YG occupancy: 6904 K (18432 K)]2020-10-29T10:26:53.276+0000: [Rescan (parallel) , 0.0053928 secs]2020-10-29T10:26:53.282+0000: [weak refs processing, 0.0000255 secs]2020-10-29T10:26:53.282+0000: [class unloading, 0.0076819 secs]2020-10-29T10:26:53.290+0000: [scrub symbol table, 0.0089317 secs]2020-10-29T10:26:53.299+0000: [scrub string table, 0.0005577 secs][1 CMS-remark: 326579K(476032K)] 333483K(494464K), 0.0227002 secs] [Times: user=0.03 sys=0.00, real=0.02 secs] 
2020-10-29T10:26:53.299+0000: [CMS-concurrent-sweep-start]
2020-10-29T10:26:53.312+0000: [CMS-concurrent-sweep: 0.012/0.012 secs] [Times: user=0.02 sys=0.00, real=0.01 secs] 
2020-10-29T10:26:53.312+0000: [CMS-concurrent-reset-start]
2020-10-29T10:26:53.314+0000: [CMS-concurrent-reset: 0.002/0.002 secs] [Times: user=0.01 sys=0.00, real=0.01 secs] 
2020-10-29T10:26:53.316+0000: [GC (Allocation Failure) 2020-10-29T10:26:53.316+0000: [ParNew: 16388K->4K(18432K), 0.0023494 secs] 342967K->326583K(562732K), 0.0023893 secs] [Times: user=0.01 sys=0.00, real=0.00 secs] 
2020-10-29T10:26:53.334+0000: [GC (Allocation Failure) 2020-10-29T10:26:53.334+0000: [ParNew: 16388K->4K(18432K), 0.0023336 secs] 342967K->326583K(562732K), 0.0023860 secs] [Times: user=0.01 sys=0.00, real=0.00 secs] 
2020-10-29T10:26:53.352+0000: [GC (Allocation Failure) 2020-10-29T10:26:53.352+0000: [ParNew: 16388K->4K(18432K), 0.0022331 secs] 342967K->326583K(562732K), 0.0022815 secs] [Times: user=0.00 sys=0.00, real=0.01 secs] 
2020-10-29T10:26:53.373+0000: [GC (Allocation Failure) 2020-10-29T10:26:53.373+0000: [ParNew: 16388K->4K(18432K), 0.0023522 secs] 342967K->326583K(562732K), 0.0024230 secs] [Times: user=0.01 sys=0.00, real=0.00 secs] 
2020-10-29T10:26:53.384+0000: [GC (Allocation Failure) 2020-10-29T10:26:53.384+0000: [ParNew: 16388K->4K(18432K), 0.0082292 secs] 342967K->334775K(562732K), 0.0082921 secs] [Times: user=0.02 sys=0.00, real=0.01 secs] 
2020-10-29T10:26:53.407+0000: [GC (Allocation Failure) 2020-10-29T10:26:53.407+0000: [ParNew: 16388K->4K(18432K), 0.0023259 secs] 351159K->334775K(562732K), 0.0023788 secs] [Times: user=0.01 sys=0.00, real=0.00 secs] 
2020-10-29T10:26:53.425+0000: [GC (Allocation Failure) 2020-10-29T10:26:53.425+0000: [ParNew: 16388K->4K(18432K), 0.0022525 secs] 351159K->334775K(562732K), 0.0023192 secs] [Times: user=0.01 sys=0.00, real=0.00 secs] 
2020-10-29T10:26:53.442+0000: [GC (Allocation Failure) 2020-10-29T10:26:53.442+0000: [ParNew: 16388K->4K(18432K), 0.0023303 secs] 351159K->334775K(562732K), 0.0023839 secs] [Times: user=0.00 sys=0.00, real=0.01 secs] 
2020-10-29T10:26:53.460+0000: [GC (Allocation Failure) 2020-10-29T10:26:53.461+0000: [ParNew: 16388K->4K(18432K), 0.0022311 secs] 351159K->334775K(562732K), 0.0022818 secs] [Times: user=0.01 sys=0.00, real=0.00 secs] 
2020-10-29T10:26:53.478+0000: [GC (Allocation Failure) 2020-10-29T10:26:53.478+0000: [ParNew: 16388K->4K(18432K), 0.0022852 secs] 351159K->334775K(562732K), 0.0023528 secs] [Times: user=0.00 sys=0.00, real=0.00 secs] 
2020-10-29T10:26:53.496+0000: [GC (Allocation Failure) 2020-10-29T10:26:53.496+0000: [ParNew: 16388K->4K(18432K), 0.0023264 secs] 351159K->334775K(562732K), 0.0024024 secs] [Times: user=0.00 sys=0.00, real=0.00 secs] 
2020-10-29T10:26:53.513+0000: [GC (Allocation Failure) 2020-10-29T10:26:53.513+0000: [ParNew: 16388K->4K(18432K), 0.0022575 secs] 351159K->334775K(562732K), 0.0023096 secs] [Times: user=0.00 sys=0.00, real=0.00 secs] 
2020-10-29T10:26:53.531+0000: [GC (Allocation Failure) 2020-10-29T10:26:53.531+0000: [ParNew: 16388K->4K(18432K), 0.0023262 secs] 351159K->334775K(562732K), 0.0023786 secs] [Times: user=0.01 sys=0.00, real=0.01 secs] 
2020-10-29T10:26:53.548+0000: [GC (Allocation Failure) 2020-10-29T10:26:53.548+0000: [ParNew: 16388K->4K(18432K), 0.0022986 secs] 351159K->334775K(562732K), 0.0023508 secs] [Times: user=0.00 sys=0.00, real=0.00 secs] 
2020-10-29T10:26:53.566+0000: [GC (Allocation Failure) 2020-10-29T10:26:53.566+0000: [ParNew: 16388K->4K(18432K), 0.0022749 secs] 351159K->334775K(562732K), 0.0023274 secs] [Times: user=0.00 sys=0.00, real=0.00 secs] 
2020-10-29T10:26:53.583+0000: [GC (Allocation Failure) 2020-10-29T10:26:53.583+0000: [ParNew: 16388K->4K(18432K), 0.0023283 secs] 351159K->334775K(562732K), 0.0023801 secs] [Times: user=0.01 sys=0.00, real=0.01 secs] 
2020-10-29T10:26:53.594+0000: [GC (Allocation Failure) 2020-10-29T10:26:53.594+0000: [ParNew: 16388K->4K(18432K), 0.0076698 secs] 351159K->342967K(562732K), 0.0077218 secs] [Times: user=0.01 sys=0.01, real=0.00 secs] 
2020-10-29T10:26:53.617+0000: [GC (Allocation Failure) 2020-10-29T10:26:53.617+0000: [ParNew: 16388K->4K(18432K), 0.0022762 secs] 359351K->342967K(562732K), 0.0023254 secs] [Times: user=0.01 sys=0.00, real=0.00 secs] 
2020-10-29T10:26:53.634+0000: [GC (Allocation Failure) 2020-10-29T10:26:53.634+0000: [ParNew: 16388K->4K(18432K), 0.0022970 secs] 359351K->342967K(562732K), 0.0023466 secs] [Times: user=0.00 sys=0.00, real=0.00 secs] 
2020-10-29T10:26:53.652+0000: [GC (Allocation Failure) 2020-10-29T10:26:53.652+0000: [ParNew: 16388K->4K(18432K), 0.0022516 secs] 359351K->342967K(562732K), 0.0023025 secs] [Times: user=0.00 sys=0.00, real=0.00 secs] 
2020-10-29T10:26:53.672+0000: [GC (Allocation Failure) 2020-10-29T10:26:53.673+0000: [ParNew: 16388K->4K(18432K), 0.0022495 secs] 359351K->342967K(562732K), 0.0023003 secs] [Times: user=0.01 sys=0.00, real=0.00 secs] 
2020-10-29T10:26:53.690+0000: [GC (Allocation Failure) 2020-10-29T10:26:53.690+0000: [ParNew: 16388K->4K(18432K), 0.0021632 secs] 359351K->342967K(562732K), 0.0022199 secs] [Times: user=0.00 sys=0.00, real=0.01 secs] 
2020-10-29T10:26:53.707+0000: [GC (Allocation Failure) 2020-10-29T10:26:53.707+0000: [ParNew: 16388K->4K(18432K), 0.0022425 secs] 359351K->342967K(562732K), 0.0022917 secs] [Times: user=0.01 sys=0.00, real=0.00 secs] 
2020-10-29T10:26:53.725+0000: [GC (Allocation Failure) 2020-10-29T10:26:53.725+0000: [ParNew: 16388K->4K(18432K), 0.0022574 secs] 359351K->342967K(562732K), 0.0023115 secs] [Times: user=0.00 sys=0.00, real=0.00 secs] 
2020-10-29T10:26:53.744+0000: [GC (Allocation Failure) 2020-10-29T10:26:53.745+0000: [ParNew: 16388K->4K(18432K), 0.0023089 secs] 359351K->342967K(562732K), 0.0023605 secs] [Times: user=0.00 sys=0.00, real=0.00 secs] 
2020-10-29T10:26:53.764+0000: [GC (Allocation Failure) 2020-10-29T10:26:53.765+0000: [ParNew: 16388K->4K(18432K), 0.0022652 secs] 359351K->342967K(562732K), 0.0023170 secs] [Times: user=0.00 sys=0.00, real=0.00 secs] 
2020-10-29T10:26:53.782+0000: [GC (Allocation Failure) 2020-10-29T10:26:53.782+0000: [ParNew: 16388K->4K(18432K), 0.0022436 secs] 359351K->342967K(562732K), 0.0023026 secs] [Times: user=0.01 sys=0.00, real=0.01 secs] 
2020-10-29T10:26:53.800+0000: [GC (Allocation Failure) 2020-10-29T10:26:53.800+0000: [ParNew: 16388K->4K(18432K), 0.0023071 secs] 359351K->342967K(562732K), 0.0023608 secs] [Times: user=0.00 sys=0.00, real=0.00 secs] 
2020-10-29T10:26:53.818+0000: [GC (Allocation Failure) 2020-10-29T10:26:53.818+0000: [ParNew: 16388K->4K(18432K), 0.0022641 secs] 359351K->342967K(562732K), 0.0023149 secs] [Times: user=0.01 sys=0.00, real=0.00 secs] 
2020-10-29T10:26:53.836+0000: [GC (Allocation Failure) 2020-10-29T10:26:53.837+0000: [ParNew: 16388K->4K(18432K), 0.0023196 secs] 359351K->342967K(562732K), 0.0023732 secs] [Times: user=0.00 sys=0.00, real=0.00 secs] 
2020-10-29T10:26:53.856+0000: [GC (Allocation Failure) 2020-10-29T10:26:53.856+0000: [ParNew: 16388K->4K(18432K), 0.0022779 secs] 359351K->342967K(562732K), 0.0023587 secs] [Times: user=0.00 sys=0.00, real=0.00 secs] 
2020-10-29T10:26:53.876+0000: [GC (Allocation Failure) 2020-10-29T10:26:53.877+0000: [ParNew: 16388K->4K(18432K), 0.0022917 secs] 359351K->342967K(562732K), 0.0023447 secs] [Times: user=0.00 sys=0.00, real=0.00 secs] 
2020-10-29T10:26:53.898+0000: [GC (Allocation Failure) 2020-10-29T10:26:53.898+0000: [ParNew: 16388K->6K(18432K), 0.0023074 secs] 359351K->342969K(562732K), 0.0023820 secs] [Times: user=0.01 sys=0.00, real=0.00 secs] 
2020-10-29T10:26:53.911+0000: [GC (Allocation Failure) 2020-10-29T10:26:53.911+0000: [ParNew: 16390K->4K(18432K), 0.0077785 secs] 359353K->351159K(562732K), 0.0078271 secs] [Times: user=0.02 sys=0.00, real=0.01 secs] 
2020-10-29T10:26:53.936+0000: [GC (Allocation Failure) 2020-10-29T10:26:53.937+0000: [ParNew: 16388K->4K(18432K), 0.0022714 secs] 367543K->351159K(562732K), 0.0023247 secs] [Times: user=0.01 sys=0.00, real=0.00 secs] 
2020-10-29T10:26:53.954+0000: [GC (Allocation Failure) 2020-10-29T10:26:53.954+0000: [ParNew: 16388K->4K(18432K), 0.0022832 secs] 367543K->351159K(562732K), 0.0023361 secs] [Times: user=0.01 sys=0.00, real=0.00 secs] 
2020-10-29T10:26:53.972+0000: [GC (Allocation Failure) 2020-10-29T10:26:53.972+0000: [ParNew: 16388K->4K(18432K), 0.0022477 secs] 367543K->351159K(562732K), 0.0022983 secs] [Times: user=0.00 sys=0.00, real=0.01 secs] 
2020-10-29T10:26:53.992+0000: [GC (Allocation Failure) 2020-10-29T10:26:53.993+0000: [ParNew: 16388K->4K(18432K), 0.0022846 secs] 367543K->351159K(562732K), 0.0023365 secs] [Times: user=0.01 sys=0.00, real=0.00 secs] 
2020-10-29T10:26:54.021+0000: [GC (Allocation Failure) 2020-10-29T10:26:54.021+0000: [ParNew: 16388K->4K(18432K), 0.0022861 secs] 400311K->383927K(562732K), 0.0023416 secs] [Times: user=0.00 sys=0.00, real=0.00 secs] 
2020-10-29T10:26:54.024+0000: [GC (CMS Initial Mark) [1 CMS-initial-mark: 383923K(544300K)] 384123K(562732K), 0.0012331 secs] [Times: user=0.00 sys=0.00, real=0.00 secs] 
2020-10-29T10:26:54.026+0000: [CMS-concurrent-mark-start]
2020-10-29T10:26:54.055+0000: [GC (Allocation Failure) 2020-10-29T10:26:54.055+0000: [ParNew: 16388K->4K(18432K), 0.0022531 secs] 400311K->383927K(562732K), 0.0023079 secs] [Times: user=0.00 sys=0.00, real=0.00 secs] 
2020-10-29T10:26:54.076+0000: [CMS-concurrent-mark: 0.048/0.051 secs] [Times: user=0.10 sys=0.00, real=0.05 secs] 
2020-10-29T10:26:54.077+0000: [CMS-concurrent-preclean-start]
2020-10-29T10:26:54.079+0000: [CMS-concurrent-preclean: 0.002/0.002 secs] [Times: user=0.00 sys=0.00, real=0.00 secs] 
2020-10-29T10:26:54.079+0000: [CMS-concurrent-abortable-preclean-start]
2020-10-29T10:26:54.083+0000: [GC (Allocation Failure) 2020-10-29T10:26:54.083+0000: [ParNew: 16388K->4K(18432K), 0.0019252 secs] 400311K->383927K(562732K), 0.0019728 secs] [Times: user=0.01 sys=0.00, real=0.01 secs] 
2020-10-29T10:26:54.104+0000: [GC (Allocation Failure) 2020-10-29T10:26:54.104+0000: [ParNew: 16388K->4K(18432K), 0.0021680 secs] 400311K->383927K(562732K), 0.0022207 secs] [Times: user=0.00 sys=0.00, real=0.00 secs] 
2020-10-29T10:26:54.122+0000: [GC (Allocation Failure) 2020-10-29T10:26:54.122+0000: [ParNew: 16388K->4K(18432K), 0.0022506 secs] 400311K->383927K(562732K), 0.0023024 secs] [Times: user=0.01 sys=0.00, real=0.01 secs] 
2020-10-29T10:26:54.141+0000: [GC (Allocation Failure) 2020-10-29T10:26:54.141+0000: [ParNew: 16388K->4K(18432K), 0.0022539 secs] 400311K->383927K(562732K), 0.0023058 secs] [Times: user=0.00 sys=0.00, real=0.00 secs] 
2020-10-29T10:26:54.160+0000: [GC (Allocation Failure) 2020-10-29T10:26:54.161+0000: [ParNew: 16388K->4K(18432K), 0.0022494 secs] 400311K->383927K(562732K), 0.0023019 secs] [Times: user=0.00 sys=0.00, real=0.00 secs] 
2020-10-29T10:26:54.180+0000: [GC (Allocation Failure) 2020-10-29T10:26:54.180+0000: [ParNew: 16388K->4K(18432K), 0.0020544 secs] 400311K->383927K(562732K), 0.0021119 secs] [Times: user=0.00 sys=0.00, real=0.00 secs] 
2020-10-29T10:26:54.208+0000: [GC (Allocation Failure) 2020-10-29T10:26:54.209+0000: [ParNew: 16388K->4K(18432K), 0.0022475 secs] 400311K->383927K(562732K), 0.0023007 secs] [Times: user=0.01 sys=0.00, real=0.00 secs] 
2020-10-29T10:26:54.228+0000: [GC (Allocation Failure) 2020-10-29T10:26:54.229+0000: [ParNew: 16388K->4K(18432K), 0.0022471 secs] 400311K->383927K(562732K), 0.0022996 secs] [Times: user=0.00 sys=0.00, real=0.00 secs] 
2020-10-29T10:26:54.247+0000: [GC (Allocation Failure) 2020-10-29T10:26:54.247+0000: [ParNew: 16388K->4K(18432K), 0.0022477 secs] 400311K->383927K(562732K), 0.0022995 secs] [Times: user=0.01 sys=0.00, real=0.00 secs] 
2020-10-29T10:26:54.260+0000: [GC (Allocation Failure) 2020-10-29T10:26:54.261+0000: [ParNew: 16388K->4K(18432K), 0.0079847 secs] 400311K->392119K(562732K), 0.0080402 secs] [Times: user=0.01 sys=0.00, real=0.01 secs] 
2020-10-29T10:26:54.285+0000: [GC (Allocation Failure) 2020-10-29T10:26:54.285+0000: [ParNew: 16388K->4K(18432K), 0.0022359 secs] 408503K->392119K(562732K), 0.0022873 secs] [Times: user=0.01 sys=0.00, real=0.00 secs] 
2020-10-29T10:26:54.303+0000: [GC (Allocation Failure) 2020-10-29T10:26:54.303+0000: [ParNew: 16388K->4K(18432K), 0.0023199 secs] 408503K->392119K(562732K), 0.0023791 secs] [Times: user=0.01 sys=0.00, real=0.01 secs] 
2020-10-29T10:26:54.327+0000: [GC (Allocation Failure) 2020-10-29T10:26:54.327+0000: [ParNew: 16388K->6K(18432K), 0.0033611 secs] 408503K->392121K(562732K), 0.0034109 secs] [Times: user=0.01 sys=0.00, real=0.00 secs] 
2020-10-29T10:26:54.348+0000: [GC (Allocation Failure) 2020-10-29T10:26:54.348+0000: [ParNew: 16390K->4K(18432K), 0.0023411 secs] 408505K->392119K(562732K), 0.0023932 secs] [Times: user=0.01 sys=0.00, real=0.00 secs] 
2020-10-29T10:26:54.369+0000: [GC (Allocation Failure) 2020-10-29T10:26:54.369+0000: [ParNew: 16388K->2K(18432K), 0.0037792 secs] 408503K->392117K(562732K), 0.0038396 secs] [Times: user=0.01 sys=0.00, real=0.00 secs] 
2020-10-29T10:26:54.392+0000: [GC (Allocation Failure) 2020-10-29T10:26:54.393+0000: [ParNew: 16386K->4K(18432K), 0.0022589 secs] 408501K->392119K(562732K), 0.0023074 secs] [Times: user=0.00 sys=0.00, real=0.00 secs] 
2020-10-29T10:26:54.413+0000: [GC (Allocation Failure) 2020-10-29T10:26:54.413+0000: [ParNew: 16388K->4K(18432K), 0.0029105 secs] 408503K->392119K(562732K), 0.0029635 secs] [Times: user=0.01 sys=0.00, real=0.00 secs] 
2020-10-29T10:26:54.435+0000: [GC (Allocation Failure) 2020-10-29T10:26:54.435+0000: [ParNew: 16388K->4K(18432K), 0.0023554 secs] 408503K->392119K(562732K), 0.0024125 secs] [Times: user=0.00 sys=0.00, real=0.00 secs] 
2020-10-29T10:26:54.456+0000: [GC (Allocation Failure) 2020-10-29T10:26:54.457+0000: [ParNew: 16388K->4K(18432K), 0.0027940 secs] 408503K->392119K(562732K), 0.0028442 secs] [Times: user=0.00 sys=0.00, real=0.00 secs] 
2020-10-29T10:26:54.480+0000: [GC (Allocation Failure) 2020-10-29T10:26:54.480+0000: [ParNew: 16388K->4K(18432K), 0.0022706 secs] 408503K->392119K(562732K), 0.0023234 secs] [Times: user=0.00 sys=0.00, real=0.00 secs] 
2020-10-29T10:26:54.496+0000: [GC (Allocation Failure) 2020-10-29T10:26:54.497+0000: [ParNew: 11808K->4K(18432K), 0.0020475 secs] 403924K->392119K(562732K), 0.0020940 secs] [Times: user=0.00 sys=0.00, real=0.00 secs] 
2020-10-29T10:26:54.508+0000: [GC (Allocation Failure) 2020-10-29T10:26:54.509+0000: [ParNew: 16388K->4K(18432K), 0.0078036 secs] 408503K->400311K(562732K), 0.0078719 secs] [Times: user=0.01 sys=0.01, real=0.01 secs] 
2020-10-29T10:26:54.516+0000: [CMS-concurrent-abortable-preclean: 0.032/0.438 secs] [Times: user=0.76 sys=0.04, real=0.44 secs] 
2020-10-29T10:26:54.517+0000: [GC (CMS Final Remark) [YG occupancy: 329 K (18432 K)]2020-10-29T10:26:54.517+0000: [Rescan (parallel) , 0.0014732 secs]2020-10-29T10:26:54.518+0000: [weak refs processing, 0.0000266 secs]2020-10-29T10:26:54.518+0000: [class unloading, 0.0078296 secs]2020-10-29T10:26:54.526+0000: [scrub symbol table, 0.0092970 secs]2020-10-29T10:26:54.535+0000: [scrub string table, 0.0005811 secs][1 CMS-remark: 400307K(544300K)] 400636K(562732K), 0.0193239 secs] [Times: user=0.02 sys=0.00, real=0.02 secs] 
2020-10-29T10:26:54.536+0000: [CMS-concurrent-sweep-start]
2020-10-29T10:26:54.556+0000: [CMS-concurrent-sweep: 0.020/0.020 secs] [Times: user=0.03 sys=0.00, real=0.02 secs] 
2020-10-29T10:26:54.556+0000: [CMS-concurrent-reset-start]
2020-10-29T10:26:54.558+0000: [GC (Allocation Failure) 2020-10-29T10:26:54.558+0000: [ParNew: 16388K->4K(18432K), 0.0025592 secs] 400311K->383927K(658308K), 0.0026049 secs] [Times: user=0.00 sys=0.00, real=0.00 secs] 
2020-10-29T10:26:54.569+0000: [CMS-concurrent-reset: 0.002/0.012 secs] [Times: user=0.03 sys=0.00, real=0.01 secs] 
2020-10-29T10:26:54.580+0000: [GC (Allocation Failure) 2020-10-29T10:26:54.580+0000: [ParNew: 16388K->4K(18432K), 0.0025514 secs] 400311K->383927K(658308K), 0.0026039 secs] [Times: user=0.01 sys=0.00, real=0.00 secs] 
2020-10-29T10:26:54.600+0000: [GC (Allocation Failure) 2020-10-29T10:26:54.601+0000: [ParNew: 16388K->4K(18432K), 0.0025836 secs] 400311K->383927K(658308K), 0.0026351 secs] [Times: user=0.01 sys=0.00, real=0.00 secs] 
2020-10-29T10:26:54.619+0000: [GC (Allocation Failure) 2020-10-29T10:26:54.619+0000: [ParNew: 16388K->4K(18432K), 0.0025666 secs] 400311K->383927K(658308K), 0.0026157 secs] [Times: user=0.00 sys=0.00, real=0.00 secs] 
2020-10-29T10:26:54.640+0000: [GC (Allocation Failure) 2020-10-29T10:26:54.641+0000: [ParNew: 16388K->4K(18432K), 0.0026119 secs] 400311K->383927K(658308K), 0.0026653 secs] [Times: user=0.01 sys=0.00, real=0.00 secs] 
2020-10-29T10:26:54.658+0000: [GC (Allocation Failure) 2020-10-29T10:26:54.658+0000: [ParNew: 16388K->4K(18432K), 0.0033969 secs] 400311K->383927K(658308K), 0.0034610 secs] [Times: user=0.00 sys=0.00, real=0.00 secs] 
2020-10-29T10:26:54.680+0000: [GC (Allocation Failure) 2020-10-29T10:26:54.680+0000: [ParNew: 16388K->4K(18432K), 0.0025901 secs] 400311K->383927K(658308K), 0.0026574 secs] [Times: user=0.00 sys=0.00, real=0.00 secs] 
2020-10-29T10:26:54.700+0000: [GC (Allocation Failure) 2020-10-29T10:26:54.701+0000: [ParNew: 16388K->4K(18432K), 0.0025016 secs] 400311K->383927K(658308K), 0.0025521 secs] [Times: user=0.01 sys=0.00, real=0.00 secs] 
2020-10-29T10:26:54.720+0000: [GC (Allocation Failure) 2020-10-29T10:26:54.721+0000: [ParNew: 16388K->4K(18432K), 0.0025402 secs] 400311K->383927K(658308K), 0.0025931 secs] [Times: user=0.00 sys=0.00, real=0.00 secs] 
2020-10-29T10:26:54.741+0000: [GC (Allocation Failure) 2020-10-29T10:26:54.741+0000: [ParNew: 16388K->4K(18432K), 0.0025711 secs] 400311K->383927K(658308K), 0.0026204 secs] [Times: user=0.01 sys=0.00, real=0.00 secs] 
2020-10-29T10:26:54.759+0000: [GC (Allocation Failure) 2020-10-29T10:26:54.759+0000: [ParNew: 16388K->4K(18432K), 0.0024737 secs] 400311K->383927K(658308K), 0.0025199 secs] [Times: user=0.00 sys=0.00, real=0.00 secs] 
2020-10-29T10:26:54.780+0000: [GC (Allocation Failure) 2020-10-29T10:26:54.781+0000: [ParNew: 16388K->4K(18432K), 0.0025049 secs] 400311K->383927K(658308K), 0.0025584 secs] [Times: user=0.00 sys=0.00, real=0.00 secs] 
2020-10-29T10:26:54.799+0000: [GC (Allocation Failure) 2020-10-29T10:26:54.799+0000: [ParNew: 16388K->4K(18432K), 0.0024997 secs] 400311K->383927K(658308K), 0.0025522 secs] [Times: user=0.01 sys=0.00, real=0.00 secs] 
2020-10-29T10:26:54.817+0000: [GC (Allocation Failure) 2020-10-29T10:26:54.817+0000: [ParNew: 16388K->4K(18432K), 0.0025581 secs] 400311K->383927K(658308K), 0.0026109 secs] [Times: user=0.00 sys=0.00, real=0.00 secs] 
2020-10-29T10:26:54.835+0000: [GC (Allocation Failure) 2020-10-29T10:26:54.835+0000: [ParNew: 16388K->4K(18432K), 0.0025038 secs] 400311K->383927K(658308K), 0.0025543 secs] [Times: user=0.00 sys=0.00, real=0.00 secs] 
2020-10-29T10:26:54.853+0000: [GC (Allocation Failure) 2020-10-29T10:26:54.853+0000: [ParNew: 16388K->4K(18432K), 0.0023375 secs] 400311K->383927K(658308K), 0.0023835 secs] [Times: user=0.01 sys=0.00, real=0.00 secs] 
2020-10-29T10:26:54.872+0000: [GC (Allocation Failure) 2020-10-29T10:26:54.873+0000: [ParNew: 16388K->4K(18432K), 0.0025128 secs] 400311K->383927K(658308K), 0.0025729 secs] [Times: user=0.00 sys=0.00, real=0.00 secs] 
2020-10-29T10:26:54.893+0000: [GC (Allocation Failure) 2020-10-29T10:26:54.893+0000: [ParNew: 16388K->4K(18432K), 0.0024679 secs] 400311K->383927K(658308K), 0.0025158 secs] [Times: user=0.00 sys=0.00, real=0.00 secs] 
2020-10-29T10:26:54.912+0000: [GC (Allocation Failure) 2020-10-29T10:26:54.913+0000: [ParNew: 16388K->4K(18432K), 0.0025527 secs] 400311K->383927K(658308K), 0.0026072 secs] [Times: user=0.01 sys=0.00, real=0.00 secs] 
2020-10-29T10:26:54.931+0000: [GC (Allocation Failure) 2020-10-29T10:26:54.931+0000: [ParNew: 16388K->4K(18432K), 0.0025703 secs] 400311K->383927K(658308K), 0.0026242 secs] [Times: user=0.00 sys=0.00, real=0.01 secs] 
2020-10-29T10:26:54.952+0000: [GC (Allocation Failure) 2020-10-29T10:26:54.953+0000: [ParNew: 16388K->4K(18432K), 0.0024907 secs] 400311K->383927K(658308K), 0.0025488 secs] [Times: user=0.01 sys=0.00, real=0.00 secs] 
2020-10-29T10:26:54.972+0000: [GC (Allocation Failure) 2020-10-29T10:26:54.973+0000: [ParNew: 16388K->4K(18432K), 0.0025082 secs] 400311K->383927K(658308K), 0.0025584 secs] [Times: user=0.00 sys=0.00, real=0.00 secs] 
2020-10-29T10:26:54.992+0000: [GC (Allocation Failure) 2020-10-29T10:26:54.993+0000: [ParNew: 16388K->4K(18432K), 0.0024838 secs] 400311K->383927K(658308K), 0.0025335 secs] [Times: user=0.01 sys=0.00, real=0.00 secs] 
2020-10-29T10:26:55.011+0000: [GC (Allocation Failure) 2020-10-29T10:26:55.011+0000: [ParNew: 16388K->4K(18432K), 0.0025084 secs] 400311K->383928K(658308K), 0.0025580 secs] [Times: user=0.00 sys=0.00, real=0.01 secs] 
2020-10-29T10:26:55.032+0000: [GC (Allocation Failure) 2020-10-29T10:26:55.033+0000: [ParNew: 16388K->4K(18432K), 0.0025944 secs] 400312K->383928K(658308K), 0.0026443 secs] [Times: user=0.00 sys=0.00, real=0.00 secs] 
2020-10-29T10:26:55.051+0000: [GC (Allocation Failure) 2020-10-29T10:26:55.051+0000: [ParNew: 16388K->4K(18432K), 0.0024632 secs] 400312K->383928K(658308K), 0.0025102 secs] [Times: user=0.00 sys=0.00, real=0.01 secs] 
2020-10-29T10:26:55.062+0000: [GC (Allocation Failure) 2020-10-29T10:26:55.062+0000: [ParNew: 16388K->4K(18432K), 0.0032543 secs] 400312K->392120K(658308K), 0.0033003 secs] [Times: user=0.00 sys=0.00, real=0.01 secs] 
2020-10-29T10:26:55.080+0000: [GC (Allocation Failure) 2020-10-29T10:26:55.081+0000: [ParNew: 12777K->4K(18432K), 0.0025295 secs] 404894K->392120K(658308K), 0.0025865 secs] [Times: user=0.00 sys=0.00, real=0.00 secs] 
2020-10-29T10:26:55.096+0000: [GC (Allocation Failure) 2020-10-29T10:26:55.096+0000: [ParNew: 16388K->4K(18432K), 0.0081658 secs] 408504K->400312K(658308K), 0.0082348 secs] [Times: user=0.01 sys=0.01, real=0.01 secs] 
2020-10-29T10:26:55.121+0000: [GC (Allocation Failure) 2020-10-29T10:26:55.121+0000: [ParNew: 16388K->4K(18432K), 0.0024812 secs] 416696K->400312K(658308K), 0.0025291 secs] [Times: user=0.00 sys=0.00, real=0.00 secs] 
2020-10-29T10:26:55.139+0000: [GC (Allocation Failure) 2020-10-29T10:26:55.139+0000: [ParNew: 16388K->4K(18432K), 0.0024406 secs] 416696K->400312K(658308K), 0.0024871 secs] [Times: user=0.01 sys=0.00, real=0.00 secs] 
2020-10-29T10:26:55.157+0000: [GC (Allocation Failure) 2020-10-29T10:26:55.157+0000: [ParNew: 16388K->4K(18432K), 0.0024407 secs] 416696K->400312K(658308K), 0.0024869 secs] [Times: user=0.00 sys=0.00, real=0.00 secs] 
2020-10-29T10:26:55.175+0000: [GC (Allocation Failure) 2020-10-29T10:26:55.175+0000: [ParNew: 16388K->4K(18432K), 0.0025099 secs] 416696K->400312K(658308K), 0.0025659 secs] [Times: user=0.00 sys=0.00, real=0.00 secs] 
2020-10-29T10:26:55.193+0000: [GC (Allocation Failure) 2020-10-29T10:26:55.193+0000: [ParNew: 16388K->4K(18432K), 0.0025600 secs] 416696K->400312K(658308K), 0.0026167 secs] [Times: user=0.00 sys=0.00, real=0.00 secs] 
2020-10-29T10:26:55.211+0000: [GC (Allocation Failure) 2020-10-29T10:26:55.211+0000: [ParNew: 16388K->4K(18432K), 0.0025700 secs] 416696K->400312K(658308K), 0.0026269 secs] [Times: user=0.00 sys=0.00, real=0.01 secs] 
2020-10-29T10:26:55.229+0000: [GC (Allocation Failure) 2020-10-29T10:26:55.229+0000: [ParNew: 16388K->4K(18432K), 0.0025433 secs] 416696K->400312K(658308K), 0.0025938 secs] [Times: user=0.01 sys=0.00, real=0.00 secs] 
2020-10-29T10:26:55.247+0000: [GC (Allocation Failure) 2020-10-29T10:26:55.247+0000: [ParNew: 16388K->4K(18432K), 0.0025206 secs] 416696K->400312K(658308K), 0.0025849 secs] [Times: user=0.00 sys=0.00, real=0.00 secs] 
2020-10-29T10:26:55.265+0000: [GC (Allocation Failure) 2020-10-29T10:26:55.265+0000: [ParNew: 16388K->4K(18432K), 0.0025008 secs] 416696K->400312K(658308K), 0.0025485 secs] [Times: user=0.01 sys=0.00, real=0.00 secs] 
2020-10-29T10:26:55.283+0000: [GC (Allocation Failure) 2020-10-29T10:26:55.283+0000: [ParNew: 16388K->4K(18432K), 0.0025380 secs] 416696K->400312K(658308K), 0.0025886 secs] [Times: user=0.00 sys=0.00, real=0.01 secs] 
2020-10-29T10:26:55.304+0000: [GC (Allocation Failure) 2020-10-29T10:26:55.305+0000: [ParNew: 16387K->4K(18432K), 0.0026417 secs] 416695K->400312K(658308K), 0.0026900 secs] [Times: user=0.00 sys=0.00, real=0.00 secs] 
2020-10-29T10:26:55.327+0000: [GC (Allocation Failure) 2020-10-29T10:26:55.327+0000: [ParNew: 16388K->4K(18432K), 0.0025293 secs] 416696K->400312K(658308K), 0.0025803 secs] [Times: user=0.01 sys=0.00, real=0.00 secs] 
2020-10-29T10:26:55.345+0000: [GC (Allocation Failure) 2020-10-29T10:26:55.345+0000: [ParNew: 16388K->4K(18432K), 0.0025173 secs] 416696K->400312K(658308K), 0.0025949 secs] [Times: user=0.01 sys=0.00, real=0.00 secs] 
2020-10-29T10:26:55.364+0000: [GC (Allocation Failure) 2020-10-29T10:26:55.365+0000: [ParNew: 16388K->4K(18432K), 0.0025057 secs] 416696K->400312K(658308K), 0.0025573 secs] [Times: user=0.01 sys=0.00, real=0.00 secs] 
2020-10-29T10:26:55.382+0000: [GC (Allocation Failure) 2020-10-29T10:26:55.382+0000: [ParNew: 16388K->4K(18432K), 0.0024993 secs] 416696K->400312K(658308K), 0.0025566 secs] [Times: user=0.00 sys=0.00, real=0.01 secs] 
2020-10-29T10:26:55.400+0000: [GC (Allocation Failure) 2020-10-29T10:26:55.401+0000: [ParNew: 16388K->4K(18432K), 0.0024518 secs] 416696K->400312K(658308K), 0.0024998 secs] [Times: user=0.01 sys=0.00, real=0.00 secs] 
2020-10-29T10:26:55.419+0000: [GC (Allocation Failure) 2020-10-29T10:26:55.419+0000: [ParNew: 16388K->4K(18432K), 0.0024438 secs] 416696K->400312K(658308K), 0.0024891 secs] [Times: user=0.00 sys=0.00, real=0.00 secs] 
2020-10-29T10:26:55.440+0000: [GC (Allocation Failure) 2020-10-29T10:26:55.440+0000: [ParNew: 16378K->4K(18432K), 0.0024851 secs] 416686K->400312K(658308K), 0.0025600 secs] [Times: user=0.00 sys=0.00, real=0.00 secs] 
2020-10-29T10:26:55.459+0000: [GC (Allocation Failure) 2020-10-29T10:26:55.459+0000: [ParNew: 16388K->4K(18432K), 0.0024512 secs] 416696K->400312K(658308K), 0.0024963 secs] [Times: user=0.00 sys=0.00, real=0.00 secs] 
2020-10-29T10:26:55.477+0000: [GC (Allocation Failure) 2020-10-29T10:26:55.477+0000: [ParNew: 16388K->4K(18432K), 0.0024832 secs] 416696K->400312K(658308K), 0.0025346 secs] [Times: user=0.01 sys=0.00, real=0.00 secs] 
2020-10-29T10:26:55.495+0000: [GC (Allocation Failure) 2020-10-29T10:26:55.495+0000: [ParNew: 16388K->4K(18432K), 0.0025152 secs] 416696K->400312K(658308K), 0.0025761 secs] [Times: user=0.00 sys=0.00, real=0.00 secs] 
2020-10-29T10:26:55.512+0000: [GC (Allocation Failure) 2020-10-29T10:26:55.512+0000: [ParNew: 16388K->4K(18432K), 0.0024934 secs] 416696K->400312K(658308K), 0.0025455 secs] [Times: user=0.00 sys=0.00, real=0.01 secs] 
2020-10-29T10:26:55.532+0000: [GC (Allocation Failure) 2020-10-29T10:26:55.532+0000: [ParNew: 16388K->4K(18432K), 0.0025510 secs] 416696K->400312K(658308K), 0.0026079 secs] [Times: user=0.01 sys=0.00, real=0.01 secs] 
2020-10-29T10:26:55.550+0000: [GC (Allocation Failure) 2020-10-29T10:26:55.550+0000: [ParNew: 16388K->4K(18432K), 0.0025438 secs] 416696K->400312K(658308K), 0.0025994 secs] [Times: user=0.00 sys=0.00, real=0.01 secs] 
2020-10-29T10:26:55.568+0000: [GC (Allocation Failure) 2020-10-29T10:26:55.568+0000: [ParNew: 16388K->4K(18432K), 0.0025181 secs] 416696K->400312K(658308K), 0.0025710 secs] [Times: user=0.01 sys=0.00, real=0.00 secs] 
2020-10-29T10:26:55.586+0000: [GC (Allocation Failure) 2020-10-29T10:26:55.586+0000: [ParNew: 16388K->4K(18432K), 0.0025633 secs] 416696K->400312K(658308K), 0.0026238 secs] [Times: user=0.00 sys=0.00, real=0.00 secs] 
2020-10-29T10:26:55.604+0000: [GC (Allocation Failure) 2020-10-29T10:26:55.605+0000: [ParNew: 16388K->4K(18432K), 0.0024360 secs] 416696K->400312K(658308K), 0.0025081 secs] [Times: user=0.01 sys=0.00, real=0.00 secs] 
2020-10-29T10:26:55.622+0000: [GC (Allocation Failure) 2020-10-29T10:26:55.622+0000: [ParNew: 16388K->4K(18432K), 0.0025553 secs] 416696K->400312K(658308K), 0.0026081 secs] [Times: user=0.01 sys=0.00, real=0.01 secs] 
2020-10-29T10:26:55.644+0000: [GC (Allocation Failure) 2020-10-29T10:26:55.644+0000: [ParNew: 16388K->4K(18432K), 0.0025356 secs] 416696K->400312K(658308K), 0.0025900 secs] [Times: user=0.00 sys=0.00, real=0.01 secs] 
2020-10-29T10:26:55.663+0000: [GC (Allocation Failure) 2020-10-29T10:26:55.663+0000: [ParNew: 16388K->4K(18432K), 0.0025406 secs] 416696K->400312K(658308K), 0.0025879 secs] [Times: user=0.00 sys=0.00, real=0.01 secs] 
2020-10-29T10:26:55.676+0000: [GC (Allocation Failure) 2020-10-29T10:26:55.676+0000: [ParNew: 16388K->4K(18432K), 0.0083889 secs] 416696K->408504K(658308K), 0.0084398 secs] [Times: user=0.02 sys=0.00, real=0.00 secs] 
2020-10-29T10:26:55.700+0000: [GC (Allocation Failure) 2020-10-29T10:26:55.701+0000: [ParNew: 16388K->4K(18432K), 0.0025287 secs] 424888K->408504K(658308K), 0.0025793 secs] [Times: user=0.00 sys=0.00, real=0.00 secs] 
2020-10-29T10:26:55.728+0000: [GC (Allocation Failure) 2020-10-29T10:26:55.728+0000: [ParNew: 16388K->4K(18432K), 0.0025112 secs] 424888K->408504K(658308K), 0.0025585 secs] [Times: user=0.00 sys=0.00, real=0.00 secs] 
2020-10-29T10:26:55.752+0000: [GC (Allocation Failure) 2020-10-29T10:26:55.753+0000: [ParNew: 16388K->4K(18432K), 0.0025469 secs] 424888K->408504K(658308K), 0.0025989 secs] [Times: user=0.01 sys=0.00, real=0.00 secs] 
2020-10-29T10:26:55.770+0000: [GC (Allocation Failure) 2020-10-29T10:26:55.770+0000: [ParNew: 16388K->4K(18432K), 0.0025330 secs] 424888K->408504K(658308K), 0.0025872 secs] [Times: user=0.00 sys=0.00, real=0.01 secs] 
2020-10-29T10:26:55.788+0000: [GC (Allocation Failure) 2020-10-29T10:26:55.788+0000: [ParNew: 16388K->4K(18432K), 0.0025030 secs] 424888K->408504K(658308K), 0.0025749 secs] [Times: user=0.00 sys=0.00, real=0.00 secs] 
2020-10-29T10:26:55.808+0000: [GC (Allocation Failure) 2020-10-29T10:26:55.809+0000: [ParNew: 16388K->4K(18432K), 0.0024539 secs] 424888K->408504K(658308K), 0.0025014 secs] [Times: user=0.00 sys=0.00, real=0.00 secs] 
2020-10-29T10:26:55.827+0000: [GC (Allocation Failure) 2020-10-29T10:26:55.827+0000: [ParNew: 16388K->4K(18432K), 0.0025536 secs] 424888K->408504K(658308K), 0.0026077 secs] [Times: user=0.00 sys=0.00, real=0.00 secs] 
2020-10-29T10:26:55.845+0000: [GC (Allocation Failure) 2020-10-29T10:26:55.845+0000: [ParNew: 16388K->4K(18432K), 0.0024997 secs] 424888K->408504K(658308K), 0.0025502 secs] [Times: user=0.01 sys=0.00, real=0.00 secs] 
2020-10-29T10:26:55.862+0000: [GC (Allocation Failure) 2020-10-29T10:26:55.862+0000: [ParNew: 16388K->4K(18432K), 0.0025437 secs] 424888K->408504K(658308K), 0.0026005 secs] [Times: user=0.00 sys=0.00, real=0.01 secs] 
2020-10-29T10:26:55.880+0000: [GC (Allocation Failure) 2020-10-29T10:26:55.880+0000: [ParNew: 16388K->4K(18432K), 0.0025540 secs] 424888K->408504K(658308K), 0.0026103 secs] [Times: user=0.01 sys=0.00, real=0.00 secs] 
2020-10-29T10:26:55.898+0000: [GC (Allocation Failure) 2020-10-29T10:26:55.898+0000: [ParNew: 16388K->4K(18432K), 0.0025441 secs] 424888K->408504K(658308K), 0.0025954 secs] [Times: user=0.00 sys=0.00, real=0.00 secs] 
2020-10-29T10:26:55.916+0000: [GC (Allocation Failure) 2020-10-29T10:26:55.917+0000: [ParNew: 16388K->4K(18432K), 0.0024947 secs] 424888K->408504K(658308K), 0.0025442 secs] [Times: user=0.01 sys=0.00, real=0.00 secs] 
2020-10-29T10:26:55.927+0000: [GC (Allocation Failure) 2020-10-29T10:26:55.927+0000: [ParNew: 8225K->4K(18432K), 0.0024374 secs] 416726K->408504K(658308K), 0.0024780 secs] [Times: user=0.01 sys=0.00, real=0.00 secs] 
2020-10-29T10:26:55.938+0000: [GC (Allocation Failure) 2020-10-29T10:26:55.938+0000: [ParNew: 16388K->4K(18432K), 0.0079658 secs] 424888K->416696K(658308K), 0.0080188 secs] [Times: user=0.01 sys=0.01, real=0.01 secs] 
2020-10-29T10:26:55.961+0000: [GC (Allocation Failure) 2020-10-29T10:26:55.961+0000: [ParNew: 16388K->4K(18432K), 0.0025124 secs] 433080K->416696K(658308K), 0.0025637 secs] [Times: user=0.01 sys=0.00, real=0.00 secs] 
2020-10-29T10:26:55.979+0000: [GC (Allocation Failure) 2020-10-29T10:26:55.979+0000: [ParNew: 16388K->4K(18432K), 0.0025274 secs] 433080K->416696K(658308K), 0.0025810 secs] [Times: user=0.00 sys=0.00, real=0.00 secs] 
2020-10-29T10:26:56.000+0000: [GC (Allocation Failure) 2020-10-29T10:26:56.001+0000: [ParNew: 16388K->4K(18432K), 0.0025177 secs] 433080K->416696K(658308K), 0.0025713 secs] [Times: user=0.01 sys=0.00, real=0.00 secs] 
2020-10-29T10:26:56.020+0000: [GC (Allocation Failure) 2020-10-29T10:26:56.021+0000: [ParNew: 16388K->4K(18432K), 0.0024913 secs] 433080K->416696K(658308K), 0.0025433 secs] [Times: user=0.00 sys=0.00, real=0.00 secs] 
2020-10-29T10:26:56.038+0000: [GC (Allocation Failure) 2020-10-29T10:26:56.038+0000: [ParNew: 16388K->4K(18432K), 0.0025005 secs] 433080K->416696K(658308K), 0.0025540 secs] [Times: user=0.00 sys=0.00, real=0.00 secs] 
2020-10-29T10:26:56.056+0000: [GC (Allocation Failure) 2020-10-29T10:26:56.057+0000: [ParNew: 16388K->4K(18432K), 0.0024672 secs] 433080K->416696K(658308K), 0.0025205 secs] [Times: user=0.00 sys=0.00, real=0.00 secs] 
2020-10-29T10:26:56.076+0000: [GC (Allocation Failure) 2020-10-29T10:26:56.077+0000: [ParNew: 16388K->4K(18432K), 0.0024838 secs] 433080K->416696K(658308K), 0.0025364 secs] [Times: user=0.00 sys=0.00, real=0.00 secs] 
2020-10-29T10:26:56.094+0000: [GC (Allocation Failure) 2020-10-29T10:26:56.094+0000: [ParNew: 16388K->4K(18432K), 0.0024924 secs] 433080K->416696K(658308K), 0.0025488 secs] [Times: user=0.00 sys=0.00, real=0.00 secs] 
2020-10-29T10:26:56.112+0000: [GC (Allocation Failure) 2020-10-29T10:26:56.113+0000: [ParNew: 16388K->4K(18432K), 0.0025141 secs] 433080K->416696K(658308K), 0.0025685 secs] [Times: user=0.01 sys=0.00, real=0.00 secs] 
2020-10-29T10:26:56.130+0000: [GC (Allocation Failure) 2020-10-29T10:26:56.130+0000: [ParNew: 16388K->4K(18432K), 0.0025006 secs] 433080K->416696K(658308K), 0.0025543 secs] [Times: user=0.00 sys=0.00, real=0.01 secs] 
2020-10-29T10:26:56.149+0000: [GC (Allocation Failure) 2020-10-29T10:26:56.149+0000: [ParNew: 16388K->4K(18432K), 0.0024520 secs] 433080K->416696K(658308K), 0.0025058 secs] [Times: user=0.01 sys=0.00, real=0.00 secs] 
2020-10-29T10:26:56.167+0000: [GC (Allocation Failure) 2020-10-29T10:26:56.167+0000: [ParNew: 16388K->4K(18432K), 0.0024968 secs] 433080K->416696K(658308K), 0.0025511 secs] [Times: user=0.00 sys=0.00, real=0.00 secs] 
2020-10-29T10:26:56.188+0000: [GC (Allocation Failure) 2020-10-29T10:26:56.189+0000: [ParNew: 16388K->4K(18432K), 0.0024700 secs] 433080K->416696K(658308K), 0.0025243 secs] [Times: user=0.01 sys=0.00, real=0.00 secs] 
2020-10-29T10:26:56.208+0000: [GC (Allocation Failure) 2020-10-29T10:26:56.209+0000: [ParNew: 16388K->4K(18432K), 0.0024826 secs] 433080K->416696K(658308K), 0.0025351 secs] [Times: user=0.00 sys=0.00, real=0.00 secs] 
2020-10-29T10:26:56.226+0000: [GC (Allocation Failure) 2020-10-29T10:26:56.226+0000: [ParNew: 16388K->4K(18432K), 0.0024742 secs] 433080K->416696K(658308K), 0.0025259 secs] [Times: user=0.00 sys=0.00, real=0.00 secs] 
2020-10-29T10:26:56.244+0000: [GC (Allocation Failure) 2020-10-29T10:26:56.245+0000: [ParNew: 16388K->4K(18432K), 0.0024732 secs] 433080K->416696K(658308K), 0.0025269 secs] [Times: user=0.01 sys=0.00, real=0.00 secs] 
2020-10-29T10:26:56.262+0000: [GC (Allocation Failure) 2020-10-29T10:26:56.262+0000: [ParNew: 16388K->4K(18432K), 0.0024525 secs] 433080K->416696K(658308K), 0.0025013 secs] [Times: user=0.00 sys=0.00, real=0.01 secs] 
2020-10-29T10:26:56.280+0000: [GC (Allocation Failure) 2020-10-29T10:26:56.281+0000: [ParNew: 16388K->4K(18432K), 0.0024747 secs] 433080K->416696K(658308K), 0.0025369 secs] [Times: user=0.01 sys=0.00, real=0.00 secs] 
2020-10-29T10:26:56.292+0000: [GC (Allocation Failure) 2020-10-29T10:26:56.292+0000: [ParNew: 8658K->4K(18432K), 0.0022852 secs] 425351K->416696K(658308K), 0.0023333 secs] [Times: user=0.01 sys=0.00, real=0.00 secs] 
2020-10-29T10:26:56.303+0000: [GC (Allocation Failure) 2020-10-29T10:26:56.303+0000: [ParNew: 16388K->4K(18432K), 0.0082294 secs] 433080K->424888K(658308K), 0.0082831 secs] [Times: user=0.01 sys=0.00, real=0.01 secs] 
2020-10-29T10:26:56.326+0000: [GC (Allocation Failure) 2020-10-29T10:26:56.326+0000: [ParNew: 16388K->4K(18432K), 0.0025025 secs] 441272K->424888K(658308K), 0.0025540 secs] [Times: user=0.01 sys=0.00, real=0.00 secs] 
2020-10-29T10:26:56.344+0000: [GC (Allocation Failure) 2020-10-29T10:26:56.344+0000: [ParNew: 16388K->4K(18432K), 0.0025075 secs] 441272K->424888K(658308K), 0.0025603 secs] [Times: user=0.01 sys=0.00, real=0.01 secs] 
2020-10-29T10:26:56.362+0000: [GC (Allocation Failure) 2020-10-29T10:26:56.362+0000: [ParNew: 16388K->4K(18432K), 0.0024989 secs] 441272K->424888K(658308K), 0.0025531 secs] [Times: user=0.00 sys=0.00, real=0.01 secs] 
2020-10-29T10:26:56.380+0000: [GC (Allocation Failure) 2020-10-29T10:26:56.381+0000: [ParNew: 16388K->4K(18432K), 0.0024207 secs] 441272K->424888K(658308K), 0.0024715 secs] [Times: user=0.01 sys=0.00, real=0.00 secs] 
2020-10-29T10:26:56.399+0000: [GC (Allocation Failure) 2020-10-29T10:26:56.399+0000: [ParNew: 16388K->4K(18432K), 0.0024433 secs] 441272K->424888K(658308K), 0.0024938 secs] [Times: user=0.01 sys=0.00, real=0.00 secs] 
2020-10-29T10:26:56.416+0000: [GC (Allocation Failure) 2020-10-29T10:26:56.416+0000: [ParNew: 16388K->4K(18432K), 0.0024356 secs] 441272K->424888K(658308K), 0.0024861 secs] [Times: user=0.00 sys=0.00, real=0.00 secs] 
2020-10-29T10:26:56.437+0000: [GC (Allocation Failure) 2020-10-29T10:26:56.437+0000: [ParNew: 16388K->4K(18432K), 0.0024634 secs] 441272K->424888K(658308K), 0.0025167 secs] [Times: user=0.01 sys=0.00, real=0.00 secs] 
2020-10-29T10:26:56.456+0000: [GC (Allocation Failure) 2020-10-29T10:26:56.456+0000: [ParNew: 16388K->4K(18432K), 0.0025333 secs] 441272K->424888K(658308K), 0.0025883 secs] [Times: user=0.00 sys=0.00, real=0.00 secs] 
2020-10-29T10:26:56.474+0000: [GC (Allocation Failure) 2020-10-29T10:26:56.474+0000: [ParNew: 16388K->4K(18432K), 0.0025072 secs] 441272K->424888K(658308K), 0.0025610 secs] [Times: user=0.00 sys=0.00, real=0.00 secs] 
2020-10-29T10:26:56.511+0000: [GC (Allocation Failure) 2020-10-29T10:26:56.511+0000: [ParNew: 16388K->4K(18432K), 0.0025405 secs] 441272K->424888K(658308K), 0.0025964 secs] [Times: user=0.01 sys=0.00, real=0.01 secs] 
2020-10-29T10:26:56.544+0000: [GC (Allocation Failure) 2020-10-29T10:26:56.545+0000: [ParNew: 16388K->4K(18432K), 0.0024825 secs] 441272K->424888K(658308K), 0.0025364 secs] [Times: user=0.00 sys=0.00, real=0.00 secs] 
2020-10-29T10:26:56.577+0000: [GC (Allocation Failure) 2020-10-29T10:26:56.577+0000: [ParNew: 16388K->4K(18432K), 0.0024801 secs] 441272K->424888K(658308K), 0.0025519 secs] [Times: user=0.01 sys=0.00, real=0.00 secs] 
2020-10-29T10:26:56.608+0000: [GC (Allocation Failure) 2020-10-29T10:26:56.609+0000: [ParNew: 16388K->4K(18432K), 0.0025367 secs] 441272K->424888K(658308K), 0.0025865 secs] [Times: user=0.01 sys=0.00, real=0.00 secs] 
2020-10-29T10:26:56.644+0000: [GC (Allocation Failure) 2020-10-29T10:26:56.645+0000: [ParNew: 16388K->4K(18432K), 0.0024659 secs] 441272K->424888K(658308K), 0.0025195 secs] [Times: user=0.01 sys=0.00, real=0.00 secs] 
2020-10-29T10:26:56.674+0000: [GC (Allocation Failure) 2020-10-29T10:26:56.674+0000: [ParNew: 16388K->4K(18432K), 0.0025611 secs] 441272K->424888K(658308K), 0.0026159 secs] [Times: user=0.01 sys=0.00, real=0.00 secs] 
2020-10-29T10:26:56.708+0000: [GC (Allocation Failure) 2020-10-29T10:26:56.709+0000: [ParNew: 16388K->4K(18432K), 0.0025103 secs] 441272K->424890K(658308K), 0.0025662 secs] [Times: user=0.01 sys=0.00, real=0.00 secs] 
2020-10-29T10:26:56.740+0000: [GC (Allocation Failure) 2020-10-29T10:26:56.741+0000: [ParNew: 16388K->4K(18432K), 0.0026187 secs] 441274K->424890K(658308K), 0.0026747 secs] [Times: user=0.00 sys=0.00, real=0.00 secs] 
2020-10-29T10:26:56.766+0000: [GC (Allocation Failure) 2020-10-29T10:26:56.766+0000: [ParNew: 13269K->4K(18432K), 0.0025254 secs] 438155K->424890K(658308K), 0.0025808 secs] [Times: user=0.00 sys=0.00, real=0.00 secs] 
2020-10-29T10:26:56.784+0000: [GC (Allocation Failure) 2020-10-29T10:26:56.785+0000: [ParNew: 16388K->4K(18432K), 0.0082138 secs] 441274K->433082K(658308K), 0.0082737 secs] [Times: user=0.02 sys=0.00, real=0.01 secs] 
2020-10-29T10:26:56.821+0000: [GC (Allocation Failure) 2020-10-29T10:26:56.821+0000: [ParNew: 16388K->4K(18432K), 0.0024959 secs] 449466K->433082K(658308K), 0.0025524 secs] [Times: user=0.00 sys=0.00, real=0.00 secs] 
2020-10-29T10:26:56.876+0000: [GC (Allocation Failure) 2020-10-29T10:26:56.876+0000: [ParNew: 16388K->4K(18432K), 0.0025212 secs] 449466K->433082K(658308K), 0.0025763 secs] [Times: user=0.00 sys=0.00, real=0.00 secs] 
2020-10-29T10:26:57.408+0000: [GC (Allocation Failure) 2020-10-29T10:26:57.408+0000: [ParNew: 16388K->4K(18432K), 0.0077382 secs] 449466K->433082K(658308K), 0.0078091 secs] [Times: user=0.02 sys=0.00, real=0.01 secs] 
2020-10-29T10:26:57.617+0000: [GC (Allocation Failure) 2020-10-29T10:26:57.617+0000: [ParNew: 16388K->145K(18432K), 0.0026104 secs] 449466K->433223K(658308K), 0.0026690 secs] [Times: user=0.00 sys=0.00, real=0.00 secs] 
2020-10-29T10:26:57.701+0000: [GC (Allocation Failure) 2020-10-29T10:26:57.701+0000: [ParNew: 16529K->19K(18432K), 0.0025467 secs] 449607K->433097K(658308K), 0.0026221 secs] [Times: user=0.00 sys=0.00, real=0.00 secs] 
2020-10-29T10:26:57.795+0000: [GC (Allocation Failure) 2020-10-29T10:26:57.795+0000: [ParNew: 16403K->20K(18432K), 0.0025612 secs] 449481K->433098K(658308K), 0.0026405 secs] [Times: user=0.00 sys=0.00, real=0.00 secs] 
2020-10-29T10:26:57.853+0000: [GC (Allocation Failure) 2020-10-29T10:26:57.853+0000: [ParNew: 16404K->21K(18432K), 0.0025301 secs] 449482K->433099K(658308K), 0.0026073 secs] [Times: user=0.01 sys=0.00, real=0.00 secs] 
2020-10-29T10:26:57.914+0000: [GC (Allocation Failure) 2020-10-29T10:26:57.914+0000: [ParNew: 16405K->21K(18432K), 0.0026011 secs] 449483K->433100K(658308K), 0.0026791 secs] [Times: user=0.01 sys=0.00, real=0.00 secs] 
2020-10-29T10:26:57.989+0000: [GC (Allocation Failure) 2020-10-29T10:26:57.989+0000: [ParNew: 16405K->20K(18432K), 0.0025709 secs] 449484K->433099K(658308K), 0.0026477 secs] [Times: user=0.01 sys=0.00, real=0.00 secs] 
2020-10-29T10:26:58.073+0000: [GC (Allocation Failure) 2020-10-29T10:26:58.073+0000: [ParNew: 16404K->6K(18432K), 0.0053918 secs] 449483K->433098K(658308K), 0.0054693 secs] [Times: user=0.01 sys=0.00, real=0.00 secs] 
2020-10-29T10:26:58.131+0000: [GC (Allocation Failure) 2020-10-29T10:26:58.131+0000: [ParNew: 16390K->4K(18432K), 0.0024672 secs] 449482K->433096K(658308K), 0.0025226 secs] [Times: user=0.00 sys=0.00, real=0.01 secs] 
2020-10-29T10:26:58.209+0000: [GC (Allocation Failure) 2020-10-29T10:26:58.209+0000: [ParNew: 16388K->4K(18432K), 0.0028233 secs] 449480K->433096K(658308K), 0.0028822 secs] [Times: user=0.00 sys=0.00, real=0.00 secs] 
2020-10-29T10:26:58.250+0000: [GC (Allocation Failure) 2020-10-29T10:26:58.251+0000: [ParNew: 16388K->2K(18432K), 0.0027887 secs] 449480K->433094K(658308K), 0.0028605 secs] [Times: user=0.01 sys=0.00, real=0.01 secs] 
2020-10-29T10:26:58.287+0000: [GC (Allocation Failure) 2020-10-29T10:26:58.287+0000: [ParNew: 16386K->4K(18432K), 0.0024798 secs] 449478K->433096K(658308K), 0.0025562 secs] [Times: user=0.01 sys=0.00, real=0.00 secs] 
2020-10-29T10:26:58.319+0000: [GC (Allocation Failure) 2020-10-29T10:26:58.320+0000: [ParNew: 16388K->4K(18432K), 0.0024719 secs] 449480K->433096K(658308K), 0.0025292 secs] [Times: user=0.01 sys=0.00, real=0.00 secs] 
2020-10-29T10:26:58.368+0000: [GC (Allocation Failure) 2020-10-29T10:26:58.368+0000: [ParNew: 16388K->4K(18432K), 0.0024551 secs] 449480K->433096K(658308K), 0.0025297 secs] [Times: user=0.00 sys=0.00, real=0.00 secs] 
2020-10-29T10:26:58.426+0000: [GC (Allocation Failure) 2020-10-29T10:26:58.426+0000: [ParNew: 16388K->4K(18432K), 0.0024809 secs] 449480K->433096K(658308K), 0.0025474 secs] [Times: user=0.01 sys=0.00, real=0.00 secs] 
2020-10-29T10:26:58.457+0000: [GC (Allocation Failure) 2020-10-29T10:26:58.457+0000: [ParNew: 16388K->4K(18432K), 0.0024702 secs] 449480K->433096K(658308K), 0.0025475 secs] [Times: user=0.00 sys=0.00, real=0.00 secs] 
2020-10-29T10:26:58.498+0000: [GC (Allocation Failure) 2020-10-29T10:26:58.498+0000: [ParNew: 16388K->4K(18432K), 0.0025192 secs] 449480K->433096K(658308K), 0.0025917 secs] [Times: user=0.00 sys=0.00, real=0.00 secs] 
2020-10-29T10:26:58.524+0000: [GC (Allocation Failure) 2020-10-29T10:26:58.525+0000: [ParNew: 16388K->4K(18432K), 0.0024656 secs] 449480K->433096K(658308K), 0.0025223 secs] [Times: user=0.01 sys=0.00, real=0.00 secs] 
2020-10-29T10:26:58.544+0000: [GC (Allocation Failure) 2020-10-29T10:26:58.544+0000: [ParNew: 16388K->4K(18432K), 0.0025426 secs] 449480K->433096K(658308K), 0.0025997 secs] [Times: user=0.00 sys=0.00, real=0.01 secs] 
2020-10-29T10:26:58.562+0000: [GC (Allocation Failure) 2020-10-29T10:26:58.562+0000: [ParNew: 16388K->4K(18432K), 0.0025165 secs] 449480K->433096K(658308K), 0.0025736 secs] [Times: user=0.00 sys=0.00, real=0.01 secs] 
2020-10-29T10:26:58.588+0000: [GC (Allocation Failure) 2020-10-29T10:26:58.589+0000: [ParNew: 16388K->4K(18432K), 0.0024660 secs] 449480K->433097K(658308K), 0.0025218 secs] [Times: user=0.00 sys=0.00, real=0.00 secs] 
2020-10-29T10:26:58.607+0000: [GC (Allocation Failure) 2020-10-29T10:26:58.607+0000: [ParNew: 16388K->4K(18432K), 0.0025140 secs] 449481K->433097K(658308K), 0.0025690 secs] [Times: user=0.01 sys=0.00, real=0.00 secs] 
2020-10-29T10:26:58.628+0000: [GC (Allocation Failure) 2020-10-29T10:26:58.629+0000: [ParNew: 16388K->4K(18432K), 0.0024533 secs] 449481K->433097K(658308K), 0.0025075 secs] [Times: user=0.01 sys=0.00, real=0.00 secs] 
2020-10-29T10:26:58.648+0000: [GC (Allocation Failure) 2020-10-29T10:26:58.649+0000: [ParNew: 16388K->4K(18432K), 0.0025027 secs] 449481K->433097K(658308K), 0.0025573 secs] [Times: user=0.00 sys=0.00, real=0.00 secs] 
2020-10-29T10:26:58.668+0000: [GC (Allocation Failure) 2020-10-29T10:26:58.669+0000: [ParNew: 16388K->4K(18432K), 0.0024462 secs] 449481K->433097K(658308K), 0.0025131 secs] [Times: user=0.01 sys=0.00, real=0.00 secs] 
2020-10-29T10:26:58.687+0000: [GC (Allocation Failure) 2020-10-29T10:26:58.687+0000: [ParNew: 16388K->4K(18432K), 0.0024685 secs] 449481K->433097K(658308K), 0.0025215 secs] [Times: user=0.00 sys=0.00, real=0.00 secs] 
2020-10-29T10:26:58.706+0000: [GC (Allocation Failure) 2020-10-29T10:26:58.706+0000: [ParNew: 16388K->4K(18432K), 0.0024471 secs] 449481K->433097K(658308K), 0.0025013 secs] [Times: user=0.01 sys=0.00, real=0.00 secs] 
2020-10-29T10:26:58.724+0000: [GC (Allocation Failure) 2020-10-29T10:26:58.724+0000: [ParNew: 16388K->4K(18432K), 0.0024853 secs] 449481K->433097K(658308K), 0.0025397 secs] [Times: user=0.00 sys=0.00, real=0.01 secs] 
2020-10-29T10:26:58.743+0000: [GC (Allocation Failure) 2020-10-29T10:26:58.743+0000: [ParNew: 16388K->4K(18432K), 0.0024770 secs] 449481K->433097K(658308K), 0.0025308 secs] [Times: user=0.01 sys=0.00, real=0.01 secs] 
2020-10-29T10:26:58.765+0000: [GC (Allocation Failure) 2020-10-29T10:26:58.765+0000: [ParNew: 16388K->4K(18432K), 0.0024994 secs] 449481K->433097K(658308K), 0.0025550 secs] [Times: user=0.01 sys=0.00, real=0.00 secs] 
2020-10-29T10:26:58.784+0000: [GC (Allocation Failure) 2020-10-29T10:26:58.785+0000: [ParNew: 16388K->4K(18432K), 0.0024559 secs] 449481K->433097K(658308K), 0.0025099 secs] [Times: user=0.00 sys=0.00, real=0.00 secs] 
2020-10-29T10:26:58.804+0000: [GC (Allocation Failure) 2020-10-29T10:26:58.805+0000: [ParNew: 16388K->4K(18432K), 0.0024712 secs] 449481K->433097K(658308K), 0.0025250 secs] [Times: user=0.01 sys=0.00, real=0.00 secs] 
2020-10-29T10:26:58.824+0000: [GC (Allocation Failure) 2020-10-29T10:26:58.825+0000: [ParNew: 16388K->4K(18432K), 0.0024521 secs] 449481K->433097K(658308K), 0.0025069 secs] [Times: user=0.00 sys=0.00, real=0.00 secs] 
2020-10-29T10:26:58.843+0000: [GC (Allocation Failure) 2020-10-29T10:26:58.843+0000: [ParNew: 16388K->4K(18432K), 0.0024933 secs] 449481K->433097K(658308K), 0.0025563 secs] [Times: user=0.00 sys=0.00, real=0.01 secs] 
2020-10-29T10:26:58.862+0000: [GC (Allocation Failure) 2020-10-29T10:26:58.862+0000: [ParNew: 16388K->2K(18432K), 0.0024615 secs] 449481K->433095K(658308K), 0.0025158 secs] [Times: user=0.01 sys=0.00, real=0.01 secs] 
2020-10-29T10:26:58.880+0000: [GC (Allocation Failure) 2020-10-29T10:26:58.880+0000: [ParNew: 16386K->4K(18432K), 0.0024537 secs] 449479K->433097K(658308K), 0.0025072 secs] [Times: user=0.00 sys=0.00, real=0.00 secs] 
2020-10-29T10:26:58.900+0000: [GC (Allocation Failure) 2020-10-29T10:26:58.901+0000: [ParNew: 16388K->4K(18432K), 0.0025133 secs] 449481K->433097K(658308K), 0.0025685 secs] [Times: user=0.00 sys=0.00, real=0.00 secs] 
2020-10-29T10:26:58.920+0000: [GC (Allocation Failure) 2020-10-29T10:26:58.921+0000: [ParNew: 16388K->4K(18432K), 0.0024553 secs] 449481K->433097K(658308K), 0.0025110 secs] [Times: user=0.01 sys=0.00, real=0.00 secs] 
2020-10-29T10:26:58.939+0000: [GC (Allocation Failure) 2020-10-29T10:26:58.939+0000: [ParNew: 16388K->4K(18432K), 0.0024900 secs] 449481K->433097K(658308K), 0.0025439 secs] [Times: user=0.00 sys=0.00, real=0.00 secs] 
2020-10-29T10:26:58.958+0000: [GC (Allocation Failure) 2020-10-29T10:26:58.958+0000: [ParNew: 16388K->4K(18432K), 0.0024654 secs] 449481K->433097K(658308K), 0.0025207 secs] [Times: user=0.00 sys=0.00, real=0.00 secs] 
2020-10-29T10:26:58.980+0000: [GC (Allocation Failure) 2020-10-29T10:26:58.981+0000: [ParNew: 16388K->4K(18432K), 0.0024556 secs] 449481K->433097K(658308K), 0.0025068 secs] [Times: user=0.00 sys=0.00, real=0.00 secs] 
2020-10-29T10:26:59.000+0000: [GC (Allocation Failure) 2020-10-29T10:26:59.001+0000: [ParNew: 16388K->4K(18432K), 0.0024543 secs] 449481K->433097K(658308K), 0.0025083 secs] [Times: user=0.01 sys=0.00, real=0.00 secs] 
2020-10-29T10:26:59.020+0000: [GC (Allocation Failure) 2020-10-29T10:26:59.020+0000: [ParNew: 16388K->4K(18432K), 0.0024423 secs] 449481K->433097K(658308K), 0.0024966 secs] [Times: user=0.00 sys=0.00, real=0.00 secs] 
2020-10-29T10:26:59.040+0000: [GC (Allocation Failure) 2020-10-29T10:26:59.041+0000: [ParNew: 16388K->4K(18432K), 0.0024712 secs] 449481K->433097K(658308K), 0.0025252 secs] [Times: user=0.01 sys=0.00, real=0.00 secs] 
2020-10-29T10:26:59.059+0000: [GC (Allocation Failure) 2020-10-29T10:26:59.059+0000: [ParNew: 16388K->4K(18432K), 0.0024962 secs] 449481K->433097K(658308K), 0.0025506 secs] [Times: user=0.00 sys=0.00, real=0.00 secs] 
2020-10-29T10:26:59.080+0000: [GC (Allocation Failure) 2020-10-29T10:26:59.081+0000: [ParNew: 16388K->4K(18432K), 0.0024664 secs] 449481K->433097K(658308K), 0.0025214 secs] [Times: user=0.00 sys=0.00, real=0.00 secs] 
2020-10-29T10:26:59.099+0000: [GC (Allocation Failure) 2020-10-29T10:26:59.099+0000: [ParNew: 16388K->4K(18432K), 0.0025024 secs] 449481K->433097K(658308K), 0.0025573 secs] [Times: user=0.00 sys=0.00, real=0.00 secs] 
2020-10-29T10:26:59.118+0000: [GC (Allocation Failure) 2020-10-29T10:26:59.118+0000: [ParNew: 16388K->2K(18432K), 0.0025414 secs] 449481K->433095K(658308K), 0.0025962 secs] [Times: user=0.01 sys=0.00, real=0.00 secs] 
2020-10-29T10:26:59.141+0000: [GC (Allocation Failure) 2020-10-29T10:26:59.141+0000: [ParNew: 16386K->2K(18432K), 0.0024535 secs] 449479K->433095K(658308K), 0.0025076 secs] [Times: user=0.00 sys=0.00, real=0.00 secs] 
2020-10-29T10:26:59.160+0000: [GC (Allocation Failure) 2020-10-29T10:26:59.161+0000: [ParNew: 16386K->4K(18432K), 0.0024633 secs] 449479K->433097K(658308K), 0.0025172 secs] [Times: user=0.00 sys=0.00, real=0.00 secs] 
2020-10-29T10:26:59.179+0000: [GC (Allocation Failure) 2020-10-29T10:26:59.179+0000: [ParNew: 16388K->4K(18432K), 0.0025124 secs] 449481K->433097K(658308K), 0.0025667 secs] [Times: user=0.01 sys=0.00, real=0.00 secs] 
2020-10-29T10:26:59.200+0000: [GC (Allocation Failure) 2020-10-29T10:26:59.201+0000: [ParNew: 16388K->4K(18432K), 0.0024620 secs] 449481K->433097K(658308K), 0.0025179 secs] [Times: user=0.01 sys=0.00, real=0.00 secs] 
2020-10-29T10:26:59.221+0000: [GC (Allocation Failure) 2020-10-29T10:26:59.221+0000: [ParNew: 16388K->4K(18432K), 0.0024982 secs] 449481K->433097K(658308K), 0.0025484 secs] [Times: user=0.00 sys=0.00, real=0.00 secs] 
2020-10-29T10:26:59.239+0000: [GC (Allocation Failure) 2020-10-29T10:26:59.239+0000: [ParNew: 16388K->4K(18432K), 0.0025178 secs] 449481K->433097K(658308K), 0.0025729 secs] [Times: user=0.01 sys=0.00, real=0.00 secs] 
2020-10-29T10:26:59.260+0000: [GC (Allocation Failure) 2020-10-29T10:26:59.261+0000: [ParNew: 16388K->4K(18432K), 0.0024865 secs] 449481K->433097K(658308K), 0.0025425 secs] [Times: user=0.00 sys=0.00, real=0.00 secs] 
2020-10-29T10:26:59.279+0000: [GC (Allocation Failure) 2020-10-29T10:26:59.279+0000: [ParNew: 16388K->4K(18432K), 0.0024935 secs] 449481K->433097K(658308K), 0.0025487 secs] [Times: user=0.01 sys=0.00, real=0.00 secs] 
2020-10-29T10:26:59.298+0000: [GC (Allocation Failure) 2020-10-29T10:26:59.298+0000: [ParNew: 16388K->4K(18432K), 0.0025178 secs] 449481K->433097K(658308K), 0.0025738 secs] [Times: user=0.01 sys=0.00, real=0.00 secs] 
2020-10-29T10:26:59.318+0000: [GC (Allocation Failure) 2020-10-29T10:26:59.318+0000: [ParNew: 16388K->4K(18432K), 0.0025330 secs] 449481K->433097K(658308K), 0.0025912 secs] [Times: user=0.01 sys=0.00, real=0.00 secs] 
2020-10-29T10:26:59.340+0000: [GC (Allocation Failure) 2020-10-29T10:26:59.341+0000: [ParNew: 16388K->4K(18432K), 0.0024584 secs] 449481K->433097K(658308K), 0.0025138 secs] [Times: user=0.01 sys=0.00, real=0.00 secs] 
2020-10-29T10:26:59.359+0000: [GC (Allocation Failure) 2020-10-29T10:26:59.359+0000: [ParNew: 16388K->4K(18432K), 0.0024735 secs] 449481K->433097K(658308K), 0.0025274 secs] [Times: user=0.00 sys=0.00, real=0.00 secs] 
2020-10-29T10:26:59.378+0000: [GC (Allocation Failure) 2020-10-29T10:26:59.378+0000: [ParNew: 16388K->4K(18432K), 0.0024444 secs] 449481K->433097K(658308K), 0.0024991 secs] [Times: user=0.01 sys=0.00, real=0.00 secs] 
2020-10-29T10:26:59.400+0000: [GC (Allocation Failure) 2020-10-29T10:26:59.401+0000: [ParNew: 16388K->4K(18432K), 0.0024502 secs] 449481K->433097K(658308K), 0.0025038 secs] [Times: user=0.01 sys=0.00, real=0.00 secs] 
2020-10-29T10:26:59.420+0000: [GC (Allocation Failure) 2020-10-29T10:26:59.421+0000: [ParNew: 16388K->4K(18432K), 0.0024604 secs] 449481K->433097K(658308K), 0.0025160 secs] [Times: user=0.01 sys=0.00, real=0.00 secs] 
2020-10-29T10:26:59.440+0000: [GC (Allocation Failure) 2020-10-29T10:26:59.441+0000: [ParNew: 16388K->4K(18432K), 0.0024581 secs] 449481K->433097K(658308K), 0.0025133 secs] [Times: user=0.00 sys=0.00, real=0.00 secs] 
2020-10-29T10:26:59.494+0000: [GC (Allocation Failure) 2020-10-29T10:26:59.494+0000: [ParNew: 16388K->6K(18432K), 0.0039028 secs] 449481K->433099K(658308K), 0.0039619 secs] [Times: user=0.01 sys=0.00, real=0.00 secs] 
2020-10-29T10:26:59.536+0000: [GC (Allocation Failure) 2020-10-29T10:26:59.536+0000: [ParNew: 16390K->4K(18432K), 0.0024760 secs] 449483K->433097K(658308K), 0.0025307 secs] [Times: user=0.00 sys=0.00, real=0.00 secs] 
2020-10-29T10:26:59.633+0000: [GC (Allocation Failure) 2020-10-29T10:26:59.633+0000: [ParNew: 16388K->102K(18432K), 0.0030038 secs] 449481K->433196K(658308K), 0.0030869 secs] [Times: user=0.01 sys=0.00, real=0.00 secs] 
2020-10-29T10:26:59.817+0000: [GC (Allocation Failure) 2020-10-29T10:26:59.817+0000: [ParNew: 16486K->1445K(18432K), 0.0048612 secs] 449580K->434538K(658308K), 0.0049327 secs] [Times: user=0.01 sys=0.00, real=0.00 secs] 
2020-10-29T10:26:59.868+0000: [GC (Allocation Failure) 2020-10-29T10:26:59.868+0000: [ParNew: 17829K->310K(18432K), 0.0075444 secs] 450922K->434748K(658308K), 0.0076210 secs] [Times: user=0.01 sys=0.00, real=0.01 secs] 
2020-10-29T10:26:59.920+0000: [GC (Allocation Failure) 2020-10-29T10:26:59.920+0000: [ParNew: 16694K->432K(18432K), 0.0025721 secs] 451132K->434869K(658308K), 0.0026279 secs] [Times: user=0.00 sys=0.00, real=0.00 secs] 
2020-10-29T10:26:59.949+0000: [GC (Allocation Failure) 2020-10-29T10:26:59.949+0000: [ParNew: 16816K->791K(18432K), 0.0026456 secs] 451253K->435228K(658308K), 0.0027074 secs] [Times: user=0.01 sys=0.00, real=0.00 secs] 
2020-10-29T10:26:59.977+0000: [GC (Allocation Failure) 2020-10-29T10:26:59.977+0000: [ParNew: 17175K->1040K(18432K), 0.0026664 secs] 451612K->435477K(658308K), 0.0027222 secs] [Times: user=0.00 sys=0.00, real=0.00 secs] 
2020-10-29T10:27:00.005+0000: [GC (Allocation Failure) 2020-10-29T10:27:00.005+0000: [ParNew: 17424K->1541K(18432K), 0.0028365 secs] 451861K->435991K(658308K), 0.0029076 secs] [Times: user=0.01 sys=0.00, real=0.00 secs] 
2020-10-29T10:27:00.048+0000: [GC (Allocation Failure) 2020-10-29T10:27:00.049+0000: [ParNew: 17925K->4K(18432K), 0.0026884 secs] 452375K->435477K(658308K), 0.0027670 secs] [Times: user=0.01 sys=0.00, real=0.00 secs] 
2020-10-29T10:27:00.084+0000: [GC (Allocation Failure) 2020-10-29T10:27:00.085+0000: [ParNew: 16388K->4K(18432K), 0.0025193 secs] 451861K->435477K(658308K), 0.0025757 secs] [Times: user=0.01 sys=0.00, real=0.00 secs] 
2020-10-29T10:27:00.108+0000: [GC (Allocation Failure) 2020-10-29T10:27:00.109+0000: [ParNew: 16388K->4K(18432K), 0.0024853 secs] 451861K->435477K(658308K), 0.0025733 secs] [Times: user=0.01 sys=0.00, real=0.00 secs] 
2020-10-29T10:27:00.131+0000: [GC (Allocation Failure) 2020-10-29T10:27:00.131+0000: [ParNew: 16388K->1030K(18432K), 0.0027602 secs] 451861K->437527K(658308K), 0.0028160 secs] [Times: user=0.01 sys=0.00, real=0.01 secs] 
2020-10-29T10:27:00.158+0000: [GC (Allocation Failure) 2020-10-29T10:27:00.159+0000: [ParNew: 17414K->4K(18432K), 0.0027245 secs] 453911K->437528K(658308K), 0.0027822 secs] [Times: user=0.01 sys=0.00, real=0.00 secs] 
2020-10-29T10:27:00.188+0000: [GC (Allocation Failure) 2020-10-29T10:27:00.188+0000: [ParNew: 16388K->4K(18432K), 0.0025663 secs] 453912K->437528K(658308K), 0.0026254 secs] [Times: user=0.01 sys=0.00, real=0.00 secs] 
2020-10-29T10:27:00.216+0000: [GC (Allocation Failure) 2020-10-29T10:27:00.217+0000: [ParNew: 16388K->4K(18432K), 0.0024859 secs] 453912K->437528K(658308K), 0.0025626 secs] [Times: user=0.00 sys=0.00, real=0.00 secs] 
2020-10-29T10:27:00.249+0000: [GC (Allocation Failure) 2020-10-29T10:27:00.249+0000: [ParNew: 16388K->4K(18432K), 0.0025728 secs] 453912K->437528K(658308K), 0.0026520 secs] [Times: user=0.01 sys=0.00, real=0.00 secs] 
2020-10-29T10:27:00.276+0000: [GC (Allocation Failure) 2020-10-29T10:27:00.276+0000: [ParNew: 16388K->4K(18432K), 0.0024902 secs] 453912K->437528K(658308K), 0.0025701 secs] [Times: user=0.00 sys=0.00, real=0.00 secs] 
2020-10-29T10:27:00.305+0000: [GC (Allocation Failure) 2020-10-29T10:27:00.305+0000: [ParNew: 16388K->4K(18432K), 0.0024998 secs] 453912K->437528K(658308K), 0.0025745 secs] [Times: user=0.01 sys=0.00, real=0.00 secs] 
2020-10-29T10:27:00.328+0000: [GC (Allocation Failure) 2020-10-29T10:27:00.329+0000: [ParNew: 14498K->4K(18432K), 0.0025930 secs] 452022K->437528K(658308K), 0.0026723 secs] [Times: user=0.00 sys=0.00, real=0.00 secs] 
2020-10-29T10:27:00.369+0000: [GC (Allocation Failure) 2020-10-29T10:27:00.369+0000: [ParNew: 16388K->4K(18432K), 0.0028640 secs] 453912K->439576K(658308K), 0.0029195 secs] [Times: user=0.00 sys=0.00, real=0.00 secs] 
2020-10-29T10:27:00.401+0000: [GC (Allocation Failure) 2020-10-29T10:27:00.401+0000: [ParNew: 16388K->4K(18432K), 0.0024832 secs] 455960K->439576K(658308K), 0.0025306 secs] [Times: user=0.01 sys=0.00, real=0.00 secs] 
2020-10-29T10:27:00.425+0000: [GC (Allocation Failure) 2020-10-29T10:27:00.425+0000: [ParNew: 16388K->4K(18432K), 0.0026170 secs] 455960K->439576K(658308K), 0.0026918 secs] [Times: user=0.00 sys=0.00, real=0.00 secs] 
2020-10-29T10:27:00.448+0000: [GC (Allocation Failure) 2020-10-29T10:27:00.448+0000: [ParNew: 16388K->4K(18432K), 0.0028526 secs] 455960K->441624K(658308K), 0.0029077 secs] [Times: user=0.01 sys=0.00, real=0.00 secs] 
2020-10-29T10:27:00.477+0000: [GC (Allocation Failure) 2020-10-29T10:27:00.477+0000: [ParNew: 16388K->4K(18432K), 0.0025639 secs] 458008K->441624K(658308K), 0.0026487 secs] [Times: user=0.01 sys=0.00, real=0.00 secs] 
2020-10-29T10:27:00.504+0000: [GC (Allocation Failure) 2020-10-29T10:27:00.505+0000: [ParNew: 16388K->4K(18432K), 0.0025026 secs] 458008K->441624K(658308K), 0.0025750 secs] [Times: user=0.00 sys=0.00, real=0.00 secs] 
2020-10-29T10:27:00.530+0000: [GC (Allocation Failure) 2020-10-29T10:27:00.530+0000: [ParNew: 16388K->4K(18432K), 0.0028675 secs] 458008K->441624K(658308K), 0.0029563 secs] [Times: user=0.00 sys=0.00, real=0.01 secs] 
2020-10-29T10:27:00.569+0000: [GC (Allocation Failure) 2020-10-29T10:27:00.569+0000: [ParNew: 16388K->4K(18432K), 0.0053803 secs] 458008K->441624K(658308K), 0.0054377 secs] [Times: user=0.01 sys=0.00, real=0.01 secs] 
2020-10-29T10:27:00.608+0000: [GC (Allocation Failure) 2020-10-29T10:27:00.608+0000: [ParNew: 16388K->4K(18432K), 0.0079417 secs] 458008K->441624K(658308K), 0.0080215 secs] [Times: user=0.02 sys=0.00, real=0.01 secs] 
2020-10-29T10:27:00.654+0000: [GC (Allocation Failure) 2020-10-29T10:27:00.654+0000: [ParNew: 16388K->2K(18432K), 0.0053554 secs] 458008K->441622K(658308K), 0.0054325 secs] [Times: user=0.01 sys=0.00, real=0.00 secs] 
2020-10-29T10:27:00.692+0000: [GC (Allocation Failure) 2020-10-29T10:27:00.692+0000: [ParNew: 16386K->4K(18432K), 0.0047118 secs] 458006K->441624K(658308K), 0.0047796 secs] [Times: user=0.01 sys=0.00, real=0.00 secs] 
2020-10-29T10:27:00.729+0000: [GC (Allocation Failure) 2020-10-29T10:27:00.729+0000: [ParNew: 16388K->4K(18432K), 0.0024942 secs] 458008K->441624K(658308K), 0.0025505 secs] [Times: user=0.00 sys=0.00, real=0.00 secs] 
2020-10-29T10:27:00.764+0000: [GC (Allocation Failure) 2020-10-29T10:27:00.765+0000: [ParNew: 16388K->4K(18432K), 0.0024801 secs] 458008K->441624K(658308K), 0.0025363 secs] [Times: user=0.01 sys=0.00, real=0.00 secs] 
2020-10-29T10:27:00.786+0000: [GC (Allocation Failure) 2020-10-29T10:27:00.786+0000: [ParNew: 16388K->4K(18432K), 0.0025368 secs] 458008K->441624K(658308K), 0.0026316 secs] [Times: user=0.01 sys=0.00, real=0.00 secs] 
2020-10-29T10:27:00.810+0000: [GC (Allocation Failure) 2020-10-29T10:27:00.810+0000: [ParNew: 16388K->4K(18432K), 0.0025610 secs] 458008K->441624K(658308K), 0.0026270 secs] [Times: user=0.01 sys=0.00, real=0.01 secs] 
2020-10-29T10:27:00.836+0000: [GC (Allocation Failure) 2020-10-29T10:27:00.837+0000: [ParNew: 16388K->4K(18432K), 0.0025487 secs] 458008K->441624K(658308K), 0.0026045 secs] [Times: user=0.00 sys=0.00, real=0.00 secs] 
2020-10-29T10:27:00.860+0000: [GC (Allocation Failure) 2020-10-29T10:27:00.860+0000: [ParNew: 16388K->4K(18432K), 0.0024950 secs] 458008K->441624K(658308K), 0.0025702 secs] [Times: user=0.00 sys=0.00, real=0.00 secs] 
2020-10-29T10:27:00.891+0000: [GC (Allocation Failure) 2020-10-29T10:27:00.891+0000: [ParNew: 16388K->4K(18432K), 0.0025367 secs] 458008K->441624K(658308K), 0.0026287 secs] [Times: user=0.00 sys=0.00, real=0.01 secs] 
2020-10-29T10:27:00.923+0000: [GC (Allocation Failure) 2020-10-29T10:27:00.923+0000: [ParNew: 16388K->4K(18432K), 0.0025369 secs] 458008K->441624K(658308K), 0.0026317 secs] [Times: user=0.01 sys=0.00, real=0.01 secs] 
2020-10-29T10:27:00.954+0000: [GC (Allocation Failure) 2020-10-29T10:27:00.954+0000: [ParNew: 16388K->4K(18432K), 0.0025358 secs] 458008K->441624K(658308K), 0.0026096 secs] [Times: user=0.01 sys=0.00, real=0.00 secs] 
2020-10-29T10:27:00.991+0000: [GC (Allocation Failure) 2020-10-29T10:27:00.991+0000: [ParNew: 16388K->4K(18432K), 0.0025295 secs] 458008K->441624K(658308K), 0.0026021 secs] [Times: user=0.01 sys=0.00, real=0.01 secs] 
2020-10-29T10:27:01.015+0000: [GC (Allocation Failure) 2020-10-29T10:27:01.016+0000: [ParNew: 16388K->4K(18432K), 0.0032671 secs] 458008K->445720K(658308K), 0.0033421 secs] [Times: user=0.01 sys=0.00, real=0.00 secs] 
2020-10-29T10:27:01.049+0000: [GC (Allocation Failure) 2020-10-29T10:27:01.049+0000: [ParNew: 16388K->4K(18432K), 0.0052431 secs] 462104K->445720K(658308K), 0.0053230 secs] [Times: user=0.01 sys=0.00, real=0.01 secs] 
2020-10-29T10:27:01.081+0000: [GC (Allocation Failure) 2020-10-29T10:27:01.081+0000: [ParNew: 16388K->4K(18432K), 0.0059942 secs] 462104K->445720K(658308K), 0.0060688 secs] [Times: user=0.00 sys=0.00, real=0.01 secs] 
2020-10-29T10:27:01.104+0000: [GC (Allocation Failure) 2020-10-29T10:27:01.104+0000: [ParNew: 16388K->4K(18432K), 0.0075762 secs] 462104K->445720K(658308K), 0.0076620 secs] [Times: user=0.01 sys=0.00, real=0.01 secs] 
2020-10-29T10:27:01.132+0000: [GC (Allocation Failure) 2020-10-29T10:27:01.132+0000: [ParNew: 16388K->4K(18432K), 0.0052590 secs] 462104K->445720K(658308K), 0.0053367 secs] [Times: user=0.01 sys=0.00, real=0.01 secs] 
2020-10-29T10:27:01.158+0000: [GC (Allocation Failure) 2020-10-29T10:27:01.158+0000: [ParNew: 13967K->4K(18432K), 0.0051448 secs] 459684K->445720K(658308K), 0.0052189 secs] [Times: user=0.01 sys=0.00, real=0.00 secs] 
2020-10-29T10:27:01.180+0000: [GC (Allocation Failure) 2020-10-29T10:27:01.180+0000: [ParNew: 16388K->4K(18432K), 0.0104268 secs] 462104K->449816K(658308K), 0.0104983 secs] [Times: user=0.02 sys=0.00, real=0.01 secs] 
2020-10-29T10:27:01.197+0000: [GC (CMS Initial Mark) [1 CMS-initial-mark: 449812K(639876K)] 456334K(658308K), 0.0050165 secs] [Times: user=0.01 sys=0.00, real=0.00 secs] 
2020-10-29T10:27:01.202+0000: [CMS-concurrent-mark-start]
2020-10-29T10:27:01.224+0000: [GC (Allocation Failure) 2020-10-29T10:27:01.224+0000: [ParNew: 16388K->4K(18432K), 0.0023960 secs] 466200K->449816K(658308K), 0.0024477 secs] [Times: user=0.01 sys=0.00, real=0.01 secs] 
2020-10-29T10:27:01.245+0000: [GC (Allocation Failure) 2020-10-29T10:27:01.245+0000: [ParNew: 16388K->4K(18432K), 0.0024672 secs] 466200K->449816K(658308K), 0.0025215 secs] [Times: user=0.01 sys=0.00, real=0.00 secs] 
2020-10-29T10:27:01.269+0000: [GC (Allocation Failure) 2020-10-29T10:27:01.269+0000: [ParNew: 16388K->4K(18432K), 0.0024315 secs] 466200K->449816K(658308K), 0.0024868 secs] [Times: user=0.00 sys=0.00, real=0.00 secs] 
2020-10-29T10:27:01.290+0000: [GC (Allocation Failure) 2020-10-29T10:27:01.290+0000: [ParNew: 16388K->4K(18432K), 0.0024701 secs] 466200K->449816K(658308K), 0.0025263 secs] [Times: user=0.01 sys=0.00, real=0.01 secs] 
2020-10-29T10:27:01.299+0000: [CMS-concurrent-mark: 0.083/0.097 secs] [Times: user=0.19 sys=0.00, real=0.10 secs] 
2020-10-29T10:27:01.299+0000: [CMS-concurrent-preclean-start]
2020-10-29T10:27:01.309+0000: [CMS-concurrent-preclean: 0.010/0.010 secs] [Times: user=0.02 sys=0.00, real=0.01 secs] 
2020-10-29T10:27:01.309+0000: [CMS-concurrent-abortable-preclean-start]
2020-10-29T10:27:01.313+0000: [GC (Allocation Failure) 2020-10-29T10:27:01.313+0000: [ParNew: 16388K->4K(18432K), 0.0021687 secs] 466200K->449816K(658308K), 0.0022117 secs] [Times: user=0.00 sys=0.00, real=0.00 secs] 
2020-10-29T10:27:01.331+0000: [GC (Allocation Failure) 2020-10-29T10:27:01.331+0000: [ParNew: 16388K->4K(18432K), 0.0025591 secs] 466200K->449817K(658308K), 0.0026145 secs] [Times: user=0.00 sys=0.00, real=0.01 secs] 
2020-10-29T10:27:01.352+0000: [GC (Allocation Failure) 2020-10-29T10:27:01.353+0000: [ParNew: 16388K->4K(18432K), 0.0024770 secs] 466201K->449817K(658308K), 0.0025324 secs] [Times: user=0.01 sys=0.00, real=0.00 secs] 
2020-10-29T10:27:01.371+0000: [GC (Allocation Failure) 2020-10-29T10:27:01.371+0000: [ParNew: 16388K->4K(18432K), 0.0024798 secs] 466201K->449817K(658308K), 0.0025329 secs] [Times: user=0.01 sys=0.00, real=0.01 secs] 
2020-10-29T10:27:01.392+0000: [GC (Allocation Failure) 2020-10-29T10:27:01.393+0000: [ParNew: 16388K->4K(18432K), 0.0024919 secs] 466201K->449817K(658308K), 0.0025465 secs] [Times: user=0.00 sys=0.00, real=0.00 secs] 
2020-10-29T10:27:01.411+0000: [GC (Allocation Failure) 2020-10-29T10:27:01.411+0000: [ParNew: 16388K->4K(18432K), 0.0025265 secs] 466201K->449817K(658308K), 0.0025828 secs] [Times: user=0.00 sys=0.00, real=0.01 secs] 
2020-10-29T10:27:01.429+0000: [GC (Allocation Failure) 2020-10-29T10:27:01.429+0000: [ParNew: 16388K->4K(18432K), 0.0025123 secs] 466201K->449817K(658308K), 0.0025681 secs] [Times: user=0.01 sys=0.00, real=0.00 secs] 
2020-10-29T10:27:01.448+0000: [GC (Allocation Failure) 2020-10-29T10:27:01.448+0000: [ParNew: 16388K->4K(18432K), 0.0024666 secs] 466201K->449817K(658308K), 0.0025211 secs] [Times: user=0.00 sys=0.00, real=0.00 secs] 
2020-10-29T10:27:01.467+0000: [GC (Allocation Failure) 2020-10-29T10:27:01.467+0000: [ParNew: 16388K->4K(18432K), 0.0024484 secs] 466201K->449817K(658308K), 0.0025084 secs] [Times: user=0.01 sys=0.00, real=0.00 secs] 
2020-10-29T10:27:01.488+0000: [GC (Allocation Failure) 2020-10-29T10:27:01.489+0000: [ParNew: 16388K->4K(18432K), 0.0025095 secs] 466201K->449817K(658308K), 0.0025645 secs] [Times: user=0.00 sys=0.00, real=0.00 secs] 
2020-10-29T10:27:01.508+0000: [GC (Allocation Failure) 2020-10-29T10:27:01.508+0000: [ParNew: 16388K->4K(18432K), 0.0024966 secs] 466201K->449817K(658308K), 0.0025516 secs] [Times: user=0.01 sys=0.00, real=0.00 secs] 
2020-10-29T10:27:01.526+0000: [GC (Allocation Failure) 2020-10-29T10:27:01.526+0000: [ParNew: 16388K->4K(18432K), 0.0025289 secs] 466201K->449817K(658308K), 0.0025863 secs] [Times: user=0.00 sys=0.00, real=0.00 secs] 
2020-10-29T10:27:01.549+0000: [GC (Allocation Failure) 2020-10-29T10:27:01.549+0000: [ParNew: 16388K->4K(18432K), 0.0024939 secs] 466201K->449817K(658308K), 0.0025493 secs] [Times: user=0.00 sys=0.00, real=0.00 secs] 
2020-10-29T10:27:01.568+0000: [GC (Allocation Failure) 2020-10-29T10:27:01.569+0000: [ParNew: 16388K->4K(18432K), 0.0025050 secs] 466201K->449817K(658308K), 0.0025602 secs] [Times: user=0.01 sys=0.00, real=0.00 secs] 
2020-10-29T10:27:01.587+0000: [GC (Allocation Failure) 2020-10-29T10:27:01.587+0000: [ParNew: 16388K->4K(18432K), 0.0025587 secs] 466201K->449817K(658308K), 0.0026164 secs] [Times: user=0.00 sys=0.00, real=0.00 secs] 
2020-10-29T10:27:01.607+0000: [GC (Allocation Failure) 2020-10-29T10:27:01.607+0000: [ParNew: 16388K->4K(18432K), 0.0025928 secs] 466201K->449817K(658308K), 0.0026471 secs] [Times: user=0.00 sys=0.00, real=0.00 secs] 
2020-10-29T10:27:01.628+0000: [GC (Allocation Failure) 2020-10-29T10:27:01.629+0000: [ParNew: 16388K->4K(18432K), 0.0025181 secs] 466201K->449817K(658308K), 0.0025748 secs] [Times: user=0.00 sys=0.00, real=0.00 secs] 
2020-10-29T10:27:01.648+0000: [GC (Allocation Failure) 2020-10-29T10:27:01.648+0000: [ParNew: 16388K->4K(18432K), 0.0025095 secs] 466201K->449817K(658308K), 0.0025643 secs] [Times: user=0.01 sys=0.00, real=0.00 secs] 
2020-10-29T10:27:01.668+0000: [GC (Allocation Failure) 2020-10-29T10:27:01.669+0000: [ParNew: 16388K->4K(18432K), 0.0024933 secs] 466201K->449817K(658308K), 0.0025480 secs] [Times: user=0.00 sys=0.00, real=0.00 secs] 
2020-10-29T10:27:01.687+0000: [GC (Allocation Failure) 2020-10-29T10:27:01.687+0000: [ParNew: 16388K->4K(18432K), 0.0025632 secs] 466201K->449817K(658308K), 0.0026191 secs] [Times: user=0.01 sys=0.00, real=0.00 secs] 
2020-10-29T10:27:01.708+0000: [GC (Allocation Failure) 2020-10-29T10:27:01.709+0000: [ParNew: 16388K->4K(18432K), 0.0025440 secs] 466201K->449817K(658308K), 0.0026004 secs] [Times: user=0.00 sys=0.00, real=0.00 secs] 
2020-10-29T10:27:01.728+0000: [GC (Allocation Failure) 2020-10-29T10:27:01.728+0000: [ParNew: 16388K->4K(18432K), 0.0025146 secs] 466201K->449817K(658308K), 0.0025689 secs] [Times: user=0.00 sys=0.00, real=0.00 secs] 
2020-10-29T10:27:01.746+0000: [GC (Allocation Failure) 2020-10-29T10:27:01.746+0000: [ParNew: 16388K->4K(18432K), 0.0025075 secs] 466201K->449817K(658308K), 0.0025620 secs] [Times: user=0.01 sys=0.00, real=0.00 secs] 
2020-10-29T10:27:01.772+0000: [GC (Allocation Failure) 2020-10-29T10:27:01.773+0000: [ParNew: 16388K->4K(18432K), 0.0024993 secs] 466201K->449817K(658308K), 0.0025547 secs] [Times: user=0.01 sys=0.00, real=0.00 secs] 
2020-10-29T10:27:01.796+0000: [GC (Allocation Failure) 2020-10-29T10:27:01.796+0000: [ParNew: 16388K->4K(18432K), 0.0024965 secs] 466201K->449817K(658308K), 0.0025518 secs] [Times: user=0.01 sys=0.00, real=0.00 secs] 
2020-10-29T10:27:01.816+0000: [GC (Allocation Failure) 2020-10-29T10:27:01.817+0000: [ParNew: 16388K->4K(18432K), 0.0025119 secs] 466201K->449817K(658308K), 0.0025677 secs] [Times: user=0.00 sys=0.00, real=0.00 secs] 
2020-10-29T10:27:01.835+0000: [GC (Allocation Failure) 2020-10-29T10:27:01.835+0000: [ParNew: 16388K->4K(18432K), 0.0025097 secs] 466201K->449817K(658308K), 0.0025659 secs] [Times: user=0.00 sys=0.00, real=0.00 secs] 
2020-10-29T10:27:01.854+0000: [GC (Allocation Failure) 2020-10-29T10:27:01.854+0000: [ParNew: 16388K->4K(18432K), 0.0025290 secs] 466201K->449817K(658308K), 0.0025846 secs] [Times: user=0.00 sys=0.00, real=0.00 secs] 
2020-10-29T10:27:01.876+0000: [GC (Allocation Failure) 2020-10-29T10:27:01.877+0000: [ParNew: 16388K->4K(18432K), 0.0025033 secs] 466201K->449817K(658308K), 0.0025594 secs] [Times: user=0.00 sys=0.00, real=0.00 secs] 
2020-10-29T10:27:01.895+0000: [GC (Allocation Failure) 2020-10-29T10:27:01.895+0000: [ParNew: 16388K->4K(18432K), 0.0025188 secs] 466201K->449817K(658308K), 0.0025734 secs] [Times: user=0.01 sys=0.00, real=0.00 secs] 
2020-10-29T10:27:01.914+0000: [GC (Allocation Failure) 2020-10-29T10:27:01.914+0000: [ParNew: 16388K->4K(18432K), 0.0025882 secs] 466201K->449817K(658308K), 0.0026438 secs] [Times: user=0.00 sys=0.00, real=0.00 secs] 
2020-10-29T10:27:01.932+0000: [GC (Allocation Failure) 2020-10-29T10:27:01.932+0000: [ParNew: 16388K->4K(18432K), 0.0025081 secs] 466201K->449817K(658308K), 0.0025627 secs] [Times: user=0.00 sys=0.01, real=0.01 secs] 
2020-10-29T10:27:01.951+0000: [GC (Allocation Failure) 2020-10-29T10:27:01.951+0000: [ParNew: 16388K->4K(18432K), 0.0025692 secs] 466201K->449817K(658308K), 0.0026398 secs] [Times: user=0.01 sys=0.00, real=0.01 secs] 
2020-10-29T10:27:01.972+0000: [GC (Allocation Failure) 2020-10-29T10:27:01.973+0000: [ParNew: 16388K->4K(18432K), 0.0025265 secs] 466201K->449817K(658308K), 0.0025834 secs] [Times: user=0.00 sys=0.00, real=0.00 secs] 
2020-10-29T10:27:01.992+0000: [GC (Allocation Failure) 2020-10-29T10:27:01.992+0000: [ParNew: 16388K->4K(18432K), 0.0025103 secs] 466201K->449817K(658308K), 0.0025909 secs] [Times: user=0.01 sys=0.00, real=0.01 secs] 
2020-10-29T10:27:02.011+0000: [GC (Allocation Failure) 2020-10-29T10:27:02.011+0000: [ParNew: 16388K->4K(18432K), 0.0025075 secs] 466201K->449817K(658308K), 0.0025629 secs] [Times: user=0.00 sys=0.00, real=0.01 secs] 
2020-10-29T10:27:02.030+0000: [GC (Allocation Failure) 2020-10-29T10:27:02.030+0000: [ParNew: 16388K->4K(18432K), 0.0025581 secs] 466201K->449817K(658308K), 0.0026213 secs] [Times: user=0.01 sys=0.00, real=0.01 secs] 
2020-10-29T10:27:02.049+0000: [GC (Allocation Failure) 2020-10-29T10:27:02.049+0000: [ParNew: 16388K->4K(18432K), 0.0024729 secs] 466201K->449817K(658308K), 0.0025271 secs] [Times: user=0.00 sys=0.00, real=0.00 secs] 
2020-10-29T10:27:02.068+0000: [GC (Allocation Failure) 2020-10-29T10:27:02.069+0000: [ParNew: 16388K->4K(18432K), 0.0025409 secs] 466201K->449817K(658308K), 0.0025983 secs] [Times: user=0.01 sys=0.00, real=0.00 secs] 
2020-10-29T10:27:02.088+0000: [GC (Allocation Failure) 2020-10-29T10:27:02.088+0000: [ParNew: 16388K->4K(18432K), 0.0025631 secs] 466201K->449817K(658308K), 0.0026275 secs] [Times: user=0.00 sys=0.00, real=0.00 secs] 
2020-10-29T10:27:02.108+0000: [GC (Allocation Failure) 2020-10-29T10:27:02.109+0000: [ParNew: 16388K->4K(18432K), 0.0025085 secs] 466201K->449817K(658308K), 0.0025632 secs] [Times: user=0.00 sys=0.00, real=0.00 secs] 
2020-10-29T10:27:02.128+0000: [GC (Allocation Failure) 2020-10-29T10:27:02.129+0000: [ParNew: 16388K->4K(18432K), 0.0025234 secs] 466201K->449817K(658308K), 0.0025800 secs] [Times: user=0.00 sys=0.00, real=0.00 secs] 
2020-10-29T10:27:02.147+0000: [GC (Allocation Failure) 2020-10-29T10:27:02.147+0000: [ParNew: 16388K->4K(18432K), 0.0024939 secs] 466201K->449817K(658308K), 0.0025488 secs] [Times: user=0.01 sys=0.00, real=0.00 secs] 
2020-10-29T10:27:02.166+0000: [GC (Allocation Failure) 2020-10-29T10:27:02.166+0000: [ParNew: 16388K->4K(18432K), 0.0025395 secs] 466201K->449817K(658308K), 0.0025952 secs] [Times: user=0.00 sys=0.00, real=0.00 secs] 
2020-10-29T10:27:02.188+0000: [GC (Allocation Failure) 2020-10-29T10:27:02.188+0000: [ParNew: 16388K->4K(18432K), 0.0025422 secs] 466201K->449817K(658308K), 0.0025986 secs] [Times: user=0.01 sys=0.00, real=0.00 secs] 
2020-10-29T10:27:02.208+0000: [GC (Allocation Failure) 2020-10-29T10:27:02.208+0000: [ParNew: 16388K->4K(18432K), 0.0025455 secs] 466201K->449817K(658308K), 0.0026109 secs] [Times: user=0.01 sys=0.00, real=0.00 secs] 
2020-10-29T10:27:02.226+0000: [GC (Allocation Failure) 2020-10-29T10:27:02.226+0000: [ParNew: 16388K->4K(18432K), 0.0025485 secs] 466201K->449817K(658308K), 0.0026118 secs] [Times: user=0.00 sys=0.00, real=0.00 secs] 
2020-10-29T10:27:02.248+0000: [GC (Allocation Failure) 2020-10-29T10:27:02.249+0000: [ParNew: 16388K->4K(18432K), 0.0024876 secs] 466201K->449817K(658308K), 0.0025423 secs] [Times: user=0.00 sys=0.00, real=0.00 secs] 
2020-10-29T10:27:02.267+0000: [GC (Allocation Failure) 2020-10-29T10:27:02.267+0000: [ParNew: 16388K->4K(18432K), 0.0024773 secs] 466201K->449817K(658308K), 0.0025316 secs] [Times: user=0.01 sys=0.00, real=0.00 secs] 
2020-10-29T10:27:02.288+0000: [GC (Allocation Failure) 2020-10-29T10:27:02.289+0000: [ParNew: 16388K->4K(18432K), 0.0025217 secs] 466201K->449817K(658308K), 0.0025784 secs] [Times: user=0.00 sys=0.00, real=0.00 secs] 
2020-10-29T10:27:02.308+0000: [GC (Allocation Failure) 2020-10-29T10:27:02.308+0000: [ParNew: 16388K->4K(18432K), 0.0025131 secs] 466201K->449817K(658308K), 0.0025692 secs] [Times: user=0.01 sys=0.00, real=0.00 secs] 
2020-10-29T10:27:02.328+0000: [GC (Allocation Failure) 2020-10-29T10:27:02.329+0000: [ParNew: 16388K->4K(18432K), 0.0025003 secs] 466201K->449817K(658308K), 0.0025559 secs] [Times: user=0.00 sys=0.00, real=0.00 secs] 
2020-10-29T10:27:02.348+0000: [GC (Allocation Failure) 2020-10-29T10:27:02.349+0000: [ParNew: 16388K->4K(18432K), 0.0024339 secs] 466201K->449817K(658308K), 0.0024870 secs] [Times: user=0.01 sys=0.00, real=0.00 secs] 
2020-10-29T10:27:02.367+0000: [GC (Allocation Failure) 2020-10-29T10:27:02.367+0000: [ParNew: 16388K->4K(18432K), 0.0024736 secs] 466201K->449817K(658308K), 0.0025262 secs] [Times: user=0.00 sys=0.00, real=0.00 secs] 
2020-10-29T10:27:02.388+0000: [GC (Allocation Failure) 2020-10-29T10:27:02.389+0000: [ParNew: 16388K->4K(18432K), 0.0025736 secs] 466201K->449817K(658308K), 0.0026402 secs] [Times: user=0.00 sys=0.01, real=0.00 secs] 
2020-10-29T10:27:02.409+0000: [GC (Allocation Failure) 2020-10-29T10:27:02.409+0000: [ParNew: 16388K->4K(18432K), 0.0025146 secs] 466201K->449817K(658308K), 0.0025695 secs] [Times: user=0.01 sys=0.00, real=0.00 secs] 
2020-10-29T10:27:02.427+0000: [GC (Allocation Failure) 2020-10-29T10:27:02.427+0000: [ParNew: 16388K->4K(18432K), 0.0025303 secs] 466201K->449817K(658308K), 0.0025862 secs] [Times: user=0.00 sys=0.00, real=0.00 secs] 
2020-10-29T10:27:02.446+0000: [GC (Allocation Failure) 2020-10-29T10:27:02.446+0000: [ParNew: 16388K->4K(18432K), 0.0025259 secs] 466201K->449817K(658308K), 0.0025803 secs] [Times: user=0.00 sys=0.00, real=0.00 secs] 
2020-10-29T10:27:02.465+0000: [GC (Allocation Failure) 2020-10-29T10:27:02.465+0000: [ParNew: 16388K->2K(18432K), 0.0051889 secs] 466201K->449815K(658308K), 0.0052454 secs] [Times: user=0.01 sys=0.00, real=0.00 secs] 
2020-10-29T10:27:02.487+0000: [GC (Allocation Failure) 2020-10-29T10:27:02.487+0000: [ParNew: 16386K->4K(18432K), 0.0025176 secs] 466199K->449817K(658308K), 0.0025734 secs] [Times: user=0.00 sys=0.00, real=0.00 secs] 
2020-10-29T10:27:02.508+0000: [GC (Allocation Failure) 2020-10-29T10:27:02.509+0000: [ParNew: 16388K->4K(18432K), 0.0024820 secs] 466201K->449817K(658308K), 0.0025369 secs] [Times: user=0.00 sys=0.00, real=0.00 secs] 
2020-10-29T10:27:02.527+0000: [GC (Allocation Failure) 2020-10-29T10:27:02.527+0000: [ParNew: 16388K->4K(18432K), 0.0025235 secs] 466201K->449817K(658308K), 0.0025782 secs] [Times: user=0.01 sys=0.00, real=0.00 secs] 
2020-10-29T10:27:02.546+0000: [GC (Allocation Failure) 2020-10-29T10:27:02.546+0000: [ParNew: 16388K->4K(18432K), 0.0025103 secs] 466201K->449817K(658308K), 0.0025637 secs] [Times: user=0.01 sys=0.00, real=0.00 secs] 
2020-10-29T10:27:02.565+0000: [GC (Allocation Failure) 2020-10-29T10:27:02.565+0000: [ParNew: 16388K->4K(18432K), 0.0024767 secs] 466201K->449817K(658308K), 0.0025308 secs] [Times: user=0.00 sys=0.00, real=0.00 secs] 
2020-10-29T10:27:02.583+0000: [GC (Allocation Failure) 2020-10-29T10:27:02.583+0000: [ParNew: 16388K->4K(18432K), 0.0024882 secs] 466201K->449817K(658308K), 0.0025443 secs] [Times: user=0.01 sys=0.00, real=0.01 secs] 
2020-10-29T10:27:02.602+0000: [GC (Allocation Failure) 2020-10-29T10:27:02.602+0000: [ParNew: 16388K->4K(18432K), 0.0025043 secs] 466201K->449817K(658308K), 0.0025577 secs] [Times: user=0.00 sys=0.00, real=0.01 secs] 
2020-10-29T10:27:02.621+0000: [GC (Allocation Failure) 2020-10-29T10:27:02.621+0000: [ParNew: 16388K->4K(18432K), 0.0025317 secs] 466201K->449817K(658308K), 0.0025867 secs] [Times: user=0.01 sys=0.00, real=0.00 secs] 
2020-10-29T10:27:02.640+0000: [GC (Allocation Failure) 2020-10-29T10:27:02.640+0000: [ParNew: 16388K->4K(18432K), 0.0024517 secs] 466201K->449817K(658308K), 0.0025045 secs] [Times: user=0.01 sys=0.00, real=0.00 secs] 
2020-10-29T10:27:02.660+0000: [GC (Allocation Failure) 2020-10-29T10:27:02.661+0000: [ParNew: 16388K->4K(18432K), 0.0024713 secs] 466201K->449817K(658308K), 0.0025268 secs] [Times: user=0.01 sys=0.00, real=0.00 secs] 
2020-10-29T10:27:02.679+0000: [GC (Allocation Failure) 2020-10-29T10:27:02.679+0000: [ParNew: 16388K->4K(18432K), 0.0024929 secs] 466201K->449817K(658308K), 0.0025499 secs] [Times: user=0.01 sys=0.00, real=0.00 secs] 
2020-10-29T10:27:02.704+0000: [GC (Allocation Failure) 2020-10-29T10:27:02.704+0000: [ParNew: 16388K->4K(18432K), 0.0024697 secs] 466201K->449817K(658308K), 0.0025252 secs] [Times: user=0.00 sys=0.00, real=0.00 secs] 
2020-10-29T10:27:02.724+0000: [GC (Allocation Failure) 2020-10-29T10:27:02.724+0000: [ParNew: 16388K->4K(18432K), 0.0024648 secs] 466201K->449817K(658308K), 0.0025187 secs] [Times: user=0.01 sys=0.00, real=0.01 secs] 
2020-10-29T10:27:02.744+0000: [GC (Allocation Failure) 2020-10-29T10:27:02.744+0000: [ParNew: 16388K->4K(18432K), 0.0024736 secs] 466201K->449817K(658308K), 0.0025276 secs] [Times: user=0.00 sys=0.00, real=0.01 secs] 
2020-10-29T10:27:02.763+0000: [GC (Allocation Failure) 2020-10-29T10:27:02.763+0000: [ParNew: 16388K->4K(18432K), 0.0024556 secs] 466201K->449817K(658308K), 0.0025097 secs] [Times: user=0.01 sys=0.00, real=0.01 secs] 
2020-10-29T10:27:02.781+0000: [GC (Allocation Failure) 2020-10-29T10:27:02.781+0000: [ParNew: 16388K->4K(18432K), 0.0023899 secs] 466201K->449817K(658308K), 0.0024427 secs] [Times: user=0.00 sys=0.00, real=0.00 secs] 
2020-10-29T10:27:02.799+0000: [GC (Allocation Failure) 2020-10-29T10:27:02.800+0000: [ParNew: 16388K->4K(18432K), 0.0023860 secs] 466201K->449817K(658308K), 0.0024375 secs] [Times: user=0.01 sys=0.00, real=0.00 secs] 
2020-10-29T10:27:02.820+0000: [GC (Allocation Failure) 2020-10-29T10:27:02.821+0000: [ParNew: 16388K->4K(18432K), 0.0024370 secs] 466201K->449817K(658308K), 0.0025180 secs] [Times: user=0.00 sys=0.00, real=0.00 secs] 
2020-10-29T10:27:02.840+0000: [GC (Allocation Failure) 2020-10-29T10:27:02.841+0000: [ParNew: 16388K->4K(18432K), 0.0024321 secs] 466201K->449817K(658308K), 0.0024863 secs] [Times: user=0.01 sys=0.00, real=0.00 secs] 
2020-10-29T10:27:02.860+0000: [GC (Allocation Failure) 2020-10-29T10:27:02.861+0000: [ParNew: 16388K->4K(18432K), 0.0024904 secs] 466201K->449817K(658308K), 0.0025452 secs] [Times: user=0.00 sys=0.00, real=0.00 secs] 
2020-10-29T10:27:02.879+0000: [GC (Allocation Failure) 2020-10-29T10:27:02.879+0000: [ParNew: 16388K->4K(18432K), 0.0024380 secs] 466201K->449817K(658308K), 0.0024909 secs] [Times: user=0.01 sys=0.00, real=0.00 secs] 
2020-10-29T10:27:02.897+0000: [GC (Allocation Failure) 2020-10-29T10:27:02.897+0000: [ParNew: 16388K->4K(18432K), 0.0024629 secs] 466201K->449817K(658308K), 0.0025157 secs] [Times: user=0.00 sys=0.00, real=0.00 secs] 
2020-10-29T10:27:02.916+0000: [GC (Allocation Failure) 2020-10-29T10:27:02.916+0000: [ParNew: 16388K->4K(18432K), 0.0024443 secs] 466201K->449817K(658308K), 0.0024972 secs] [Times: user=0.00 sys=0.00, real=0.00 secs] 
2020-10-29T10:27:02.936+0000: [GC (Allocation Failure) 2020-10-29T10:27:02.937+0000: [ParNew: 16388K->4K(18432K), 0.0023912 secs] 466201K->449817K(658308K), 0.0024435 secs] [Times: user=0.01 sys=0.00, real=0.00 secs] 
2020-10-29T10:27:02.956+0000: [GC (Allocation Failure) 2020-10-29T10:27:02.957+0000: [ParNew: 16388K->4K(18432K), 0.0025074 secs] 466201K->449817K(658308K), 0.0025611 secs] [Times: user=0.01 sys=0.00, real=0.00 secs] 
2020-10-29T10:27:02.976+0000: [GC (Allocation Failure) 2020-10-29T10:27:02.977+0000: [ParNew: 16388K->4K(18432K), 0.0024436 secs] 466201K->449817K(658308K), 0.0024976 secs] [Times: user=0.01 sys=0.00, real=0.00 secs] 
2020-10-29T10:27:02.996+0000: [GC (Allocation Failure) 2020-10-29T10:27:02.996+0000: [ParNew: 16388K->4K(18432K), 0.0024722 secs] 466201K->449817K(658308K), 0.0025256 secs] [Times: user=0.00 sys=0.00, real=0.00 secs] 
2020-10-29T10:27:03.016+0000: [GC (Allocation Failure) 2020-10-29T10:27:03.017+0000: [ParNew: 16388K->4K(18432K), 0.0023762 secs] 466201K->449817K(658308K), 0.0024264 secs] [Times: user=0.01 sys=0.00, real=0.00 secs] 
2020-10-29T10:27:03.035+0000: [GC (Allocation Failure) 2020-10-29T10:27:03.035+0000: [ParNew: 16388K->4K(18432K), 0.0024487 secs] 466201K->449817K(658308K), 0.0025004 secs] [Times: user=0.00 sys=0.00, real=0.00 secs] 
2020-10-29T10:27:03.056+0000: [GC (Allocation Failure) 2020-10-29T10:27:03.057+0000: [ParNew: 16388K->4K(18432K), 0.0023361 secs] 466201K->449818K(658308K), 0.0023857 secs] [Times: user=0.00 sys=0.00, real=0.00 secs] 
2020-10-29T10:27:03.075+0000: [GC (Allocation Failure) 2020-10-29T10:27:03.075+0000: [ParNew: 16388K->4K(18432K), 0.0023632 secs] 466202K->449818K(658308K), 0.0024134 secs] [Times: user=0.01 sys=0.00, real=0.00 secs] 
2020-10-29T10:27:03.094+0000: [GC (Allocation Failure) 2020-10-29T10:27:03.094+0000: [ParNew: 16388K->4K(18432K), 0.0024082 secs] 466202K->449818K(658308K), 0.0024750 secs] [Times: user=0.01 sys=0.00, real=0.00 secs] 
2020-10-29T10:27:03.116+0000: [GC (Allocation Failure) 2020-10-29T10:27:03.116+0000: [ParNew: 16388K->4K(18432K), 0.0023693 secs] 466202K->449818K(658308K), 0.0024208 secs] [Times: user=0.01 sys=0.00, real=0.00 secs] 
2020-10-29T10:27:03.134+0000: [GC (Allocation Failure) 2020-10-29T10:27:03.134+0000: [ParNew: 16388K->4K(18432K), 0.0024699 secs] 466202K->449818K(658308K), 0.0025244 secs] [Times: user=0.00 sys=0.00, real=0.00 secs] 
2020-10-29T10:27:03.154+0000: [GC (Allocation Failure) 2020-10-29T10:27:03.154+0000: [ParNew: 16388K->4K(18432K), 0.0024939 secs] 466202K->449818K(658308K), 0.0025473 secs] [Times: user=0.00 sys=0.00, real=0.00 secs] 
2020-10-29T10:27:03.173+0000: [GC (Allocation Failure) 2020-10-29T10:27:03.173+0000: [ParNew: 16388K->4K(18432K), 0.0024459 secs] 466202K->449818K(658308K), 0.0024999 secs] [Times: user=0.00 sys=0.00, real=0.00 secs] 
2020-10-29T10:27:03.192+0000: [GC (Allocation Failure) 2020-10-29T10:27:03.193+0000: [ParNew: 16388K->4K(18432K), 0.0025365 secs] 466202K->449818K(658308K), 0.0025924 secs] [Times: user=0.01 sys=0.00, real=0.00 secs] 
2020-10-29T10:27:03.224+0000: [GC (Allocation Failure) 2020-10-29T10:27:03.225+0000: [ParNew: 16388K->8K(18432K), 0.0026148 secs] 466202K->449822K(658308K), 0.0026685 secs] [Times: user=0.01 sys=0.00, real=0.00 secs] 
2020-10-29T10:27:03.227+0000: [CMS-concurrent-abortable-preclean: 0.159/1.918 secs] [Times: user=3.44 sys=0.14, real=1.92 secs] 
2020-10-29T10:27:03.228+0000: [GC (CMS Final Remark) [YG occupancy: 603 K (18432 K)]2020-10-29T10:27:03.228+0000: [Rescan (parallel) , 0.0021458 secs]2020-10-29T10:27:03.231+0000: [weak refs processing, 0.0000655 secs]2020-10-29T10:27:03.231+0000: [class unloading, 0.0081182 secs]2020-10-29T10:27:03.239+0000: [scrub symbol table, 0.0090415 secs]2020-10-29T10:27:03.248+0000: [scrub string table, 0.0005754 secs][1 CMS-remark: 449814K(639876K)] 450418K(658308K), 0.0200740 secs] [Times: user=0.02 sys=0.00, real=0.02 secs] 
2020-10-29T10:27:03.252+0000: [CMS-concurrent-sweep-start]
2020-10-29T10:27:03.267+0000: [GC (Allocation Failure) 2020-10-29T10:27:03.267+0000: [ParNew: 16392K->11K(18432K), 0.0025648 secs] 465873K->449491K(658308K), 0.0026202 secs] [Times: user=0.01 sys=0.00, real=0.00 secs] 
2020-10-29T10:27:03.274+0000: [CMS-concurrent-sweep: 0.020/0.022 secs] [Times: user=0.04 sys=0.00, real=0.03 secs] 
2020-10-29T10:27:03.274+0000: [CMS-concurrent-reset-start]
2020-10-29T10:27:03.276+0000: [CMS-concurrent-reset: 0.002/0.002 secs] [Times: user=0.01 sys=0.00, real=0.00 secs] 
2020-10-29T10:27:03.292+0000: [GC (Allocation Failure) 2020-10-29T10:27:03.292+0000: [ParNew: 16395K->14K(18432K), 0.0025570 secs] 247003K->230622K(658308K), 0.0026103 secs] [Times: user=0.00 sys=0.00, real=0.00 secs] 
2020-10-29T10:27:03.311+0000: [GC (Allocation Failure) 2020-10-29T10:27:03.311+0000: [ParNew: 16398K->8K(18432K), 0.0026087 secs] 247006K->230617K(658308K), 0.0026698 secs] [Times: user=0.01 sys=0.00, real=0.01 secs] 
2020-10-29T10:27:03.329+0000: [GC (Allocation Failure) 2020-10-29T10:27:03.329+0000: [ParNew: 16392K->14K(18432K), 0.0025288 secs] 247001K->230622K(658308K), 0.0025800 secs] [Times: user=0.01 sys=0.00, real=0.00 secs] 
2020-10-29T10:27:03.347+0000: [GC (Allocation Failure) 2020-10-29T10:27:03.347+0000: [ParNew: 16398K->10K(18432K), 0.0025784 secs] 247006K->230619K(658308K), 0.0026323 secs] [Times: user=0.01 sys=0.00, real=0.00 secs] 
2020-10-29T10:27:03.368+0000: [GC (Allocation Failure) 2020-10-29T10:27:03.368+0000: [ParNew: 16394K->6K(18432K), 0.0025766 secs] 247003K->230618K(658308K), 0.0026296 secs] [Times: user=0.00 sys=0.00, real=0.00 secs] 
2020-10-29T10:27:03.386+0000: [GC (Allocation Failure) 2020-10-29T10:27:03.386+0000: [ParNew: 16390K->4K(18432K), 0.0029594 secs] 247002K->230619K(658308K), 0.0030134 secs] [Times: user=0.01 sys=0.00, real=0.00 secs] 
2020-10-29T10:27:03.404+0000: [GC (Allocation Failure) 2020-10-29T10:27:03.404+0000: [ParNew: 16388K->4K(18432K), 0.0025471 secs] 247003K->230618K(658308K), 0.0026032 secs] [Times: user=0.01 sys=0.00, real=0.00 secs] 
2020-10-29T10:27:03.424+0000: [GC (Allocation Failure) 2020-10-29T10:27:03.425+0000: [ParNew: 16388K->4K(18432K), 0.0025479 secs] 247002K->230618K(658308K), 0.0026030 secs] [Times: user=0.01 sys=0.00, real=0.00 secs] 
2020-10-29T10:27:03.445+0000: [GC (Allocation Failure) 2020-10-29T10:27:03.445+0000: [ParNew: 16388K->4K(18432K), 0.0025470 secs] 247002K->230618K(658308K), 0.0026025 secs] [Times: user=0.00 sys=0.00, real=0.00 secs] 
2020-10-29T10:27:03.478+0000: [GC (Allocation Failure) 2020-10-29T10:27:03.478+0000: [ParNew: 16388K->4K(18432K), 0.0026313 secs] 263386K->247002K(658308K), 0.0027101 secs] [Times: user=0.01 sys=0.00, real=0.00 secs] 
2020-10-29T10:27:03.498+0000: [GC (CMS Initial Mark) [1 CMS-initial-mark: 246998K(639876K)] 261538K(658308K), 0.0092453 secs] [Times: user=0.02 sys=0.00, real=0.01 secs] 
2020-10-29T10:27:03.507+0000: [CMS-concurrent-mark-start]
2020-10-29T10:27:03.520+0000: [GC (Allocation Failure) 2020-10-29T10:27:03.521+0000: [ParNew: 16388K->4K(18432K), 0.0024447 secs] 263386K->247002K(658308K), 0.0025006 secs] [Times: user=0.01 sys=0.00, real=0.00 secs] 
2020-10-29T10:27:03.541+0000: [GC (Allocation Failure) 2020-10-29T10:27:03.541+0000: [ParNew: 16388K->4K(18432K), 0.0025077 secs] 263386K->247002K(658308K), 0.0025626 secs] [Times: user=0.01 sys=0.00, real=0.00 secs] 
2020-10-29T10:27:03.565+0000: [GC (Allocation Failure) 2020-10-29T10:27:03.565+0000: [ParNew: 16388K->4K(18432K), 0.0024680 secs] 263386K->247002K(658308K), 0.0025222 secs] [Times: user=0.00 sys=0.00, real=0.00 secs] 
2020-10-29T10:27:03.579+0000: [CMS-concurrent-mark: 0.052/0.072 secs] [Times: user=0.12 sys=0.00, real=0.07 secs] 
2020-10-29T10:27:03.579+0000: [CMS-concurrent-preclean-start]
2020-10-29T10:27:03.581+0000: [CMS-concurrent-preclean: 0.002/0.002 secs] [Times: user=0.01 sys=0.01, real=0.00 secs] 
2020-10-29T10:27:03.581+0000: [CMS-concurrent-abortable-preclean-start]
2020-10-29T10:27:03.592+0000: [GC (Allocation Failure) 2020-10-29T10:27:03.593+0000: [ParNew: 16388K->4K(18432K), 0.0023096 secs] 263386K->247002K(658308K), 0.0023593 secs] [Times: user=0.00 sys=0.00, real=0.00 secs] 
2020-10-29T10:27:03.612+0000: [GC (Allocation Failure) 2020-10-29T10:27:03.612+0000: [ParNew: 16388K->4K(18432K), 0.0025127 secs] 263386K->247002K(658308K), 0.0025665 secs] [Times: user=0.01 sys=0.00, real=0.01 secs] 
2020-10-29T10:27:03.631+0000: [GC (Allocation Failure) 2020-10-29T10:27:03.631+0000: [ParNew: 16388K->4K(18432K), 0.0025730 secs] 263386K->247002K(658308K), 0.0026277 secs] [Times: user=0.00 sys=0.00, real=0.01 secs] 
2020-10-29T10:27:03.650+0000: [GC (Allocation Failure) 2020-10-29T10:27:03.650+0000: [ParNew: 16388K->4K(18432K), 0.0025952 secs] 263386K->247002K(658308K), 0.0026513 secs] [Times: user=0.01 sys=0.00, real=0.01 secs] 
2020-10-29T10:27:03.669+0000: [GC (Allocation Failure) 2020-10-29T10:27:03.669+0000: [ParNew: 16388K->4K(18432K), 0.0025174 secs] 263386K->247002K(658308K), 0.0025717 secs] [Times: user=0.00 sys=0.00, real=0.00 secs] 
2020-10-29T10:27:03.688+0000: [GC (Allocation Failure) 2020-10-29T10:27:03.688+0000: [ParNew: 16388K->4K(18432K), 0.0024818 secs] 263386K->247002K(658308K), 0.0025425 secs] [Times: user=0.01 sys=0.00, real=0.00 secs] 
2020-10-29T10:27:03.706+0000: [GC (Allocation Failure) 2020-10-29T10:27:03.706+0000: [ParNew: 16388K->4K(18432K), 0.0025482 secs] 263386K->247002K(658308K), 0.0026028 secs] [Times: user=0.00 sys=0.00, real=0.00 secs] 
2020-10-29T10:27:03.725+0000: [GC (Allocation Failure) 2020-10-29T10:27:03.725+0000: [ParNew: 16388K->4K(18432K), 0.0024769 secs] 263386K->247003K(658308K), 0.0025307 secs] [Times: user=0.00 sys=0.00, real=0.00 secs] 
2020-10-29T10:27:03.744+0000: [GC (Allocation Failure) 2020-10-29T10:27:03.744+0000: [ParNew: 16388K->4K(18432K), 0.0025277 secs] 263387K->247003K(658308K), 0.0025823 secs] [Times: user=0.01 sys=0.00, real=0.01 secs] 
2020-10-29T10:27:03.764+0000: [GC (Allocation Failure) 2020-10-29T10:27:03.765+0000: [ParNew: 16388K->4K(18432K), 0.0025235 secs] 263387K->247003K(658308K), 0.0025780 secs] [Times: user=0.00 sys=0.00, real=0.00 secs] 
2020-10-29T10:27:03.783+0000: [GC (Allocation Failure) 2020-10-29T10:27:03.783+0000: [ParNew: 16388K->4K(18432K), 0.0025366 secs] 263387K->247003K(658308K), 0.0026029 secs] [Times: user=0.01 sys=0.00, real=0.01 secs] 
2020-10-29T10:27:03.802+0000: [GC (Allocation Failure) 2020-10-29T10:27:03.802+0000: [ParNew: 16388K->4K(18432K), 0.0026106 secs] 263387K->247003K(658308K), 0.0026661 secs] [Times: user=0.00 sys=0.00, real=0.01 secs] 
2020-10-29T10:27:03.821+0000: [GC (Allocation Failure) 2020-10-29T10:27:03.821+0000: [ParNew: 16388K->4K(18432K), 0.0025079 secs] 263387K->247003K(658308K), 0.0025631 secs] [Times: user=0.01 sys=0.00, real=0.00 secs] 
2020-10-29T10:27:03.839+0000: [GC (Allocation Failure) 2020-10-29T10:27:03.839+0000: [ParNew: 16388K->4K(18432K), 0.0025640 secs] 263387K->247003K(658308K), 0.0026197 secs] [Times: user=0.00 sys=0.00, real=0.00 secs] 
2020-10-29T10:27:03.858+0000: [GC (Allocation Failure) 2020-10-29T10:27:03.858+0000: [ParNew: 16388K->4K(18432K), 0.0025659 secs] 263387K->247003K(658308K), 0.0026221 secs] [Times: user=0.00 sys=0.00, real=0.00 secs] 
2020-10-29T10:27:03.877+0000: [GC (Allocation Failure) 2020-10-29T10:27:03.877+0000: [ParNew: 16388K->4K(18432K), 0.0025822 secs] 263387K->247003K(658308K), 0.0026382 secs] [Times: user=0.01 sys=0.00, real=0.00 secs] 
2020-10-29T10:27:03.896+0000: [GC (Allocation Failure) 2020-10-29T10:27:03.896+0000: [ParNew: 16388K->4K(18432K), 0.0025618 secs] 263387K->247003K(658308K), 0.0026199 secs] [Times: user=0.01 sys=0.00, real=0.00 secs] 
2020-10-29T10:27:03.915+0000: [GC (Allocation Failure) 2020-10-29T10:27:03.915+0000: [ParNew: 16388K->4K(18432K), 0.0025359 secs] 263387K->247003K(658308K), 0.0025899 secs] [Times: user=0.00 sys=0.00, real=0.00 secs] 
2020-10-29T10:27:03.928+0000: [GC (Allocation Failure) 2020-10-29T10:27:03.928+0000: [ParNew: 16388K->4K(18432K), 0.0034895 secs] 263387K->255195K(658308K), 0.0035462 secs] [Times: user=0.01 sys=0.00, real=0.00 secs] 
2020-10-29T10:27:03.948+0000: [GC (Allocation Failure) 2020-10-29T10:27:03.948+0000: [ParNew: 16388K->4K(18432K), 0.0024901 secs] 271579K->255195K(658308K), 0.0025442 secs] [Times: user=0.00 sys=0.00, real=0.00 secs] 
2020-10-29T10:27:03.967+0000: [GC (Allocation Failure) 2020-10-29T10:27:03.967+0000: [ParNew: 16388K->4K(18432K), 0.0024460 secs] 271579K->255195K(658308K), 0.0024991 secs] [Times: user=0.00 sys=0.00, real=0.00 secs] 
2020-10-29T10:27:03.986+0000: [GC (Allocation Failure) 2020-10-29T10:27:03.986+0000: [ParNew: 16388K->4K(18432K), 0.0024716 secs] 271579K->255195K(658308K), 0.0025423 secs] [Times: user=0.00 sys=0.00, real=0.00 secs] 
2020-10-29T10:27:04.008+0000: [GC (Allocation Failure) 2020-10-29T10:27:04.008+0000: [ParNew: 16388K->4K(18432K), 0.0025166 secs] 271579K->255195K(658308K), 0.0025714 secs] [Times: user=0.01 sys=0.00, real=0.00 secs] 
2020-10-29T10:27:04.028+0000: [GC (Allocation Failure) 2020-10-29T10:27:04.029+0000: [ParNew: 16388K->4K(18432K), 0.0025444 secs] 271579K->255195K(658308K), 0.0025990 secs] [Times: user=0.00 sys=0.00, real=0.00 secs] 
2020-10-29T10:27:04.048+0000: [GC (Allocation Failure) 2020-10-29T10:27:04.048+0000: [ParNew: 16388K->4K(18432K), 0.0025549 secs] 271579K->255195K(658308K), 0.0026097 secs] [Times: user=0.01 sys=0.00, real=0.00 secs] 
2020-10-29T10:27:04.066+0000: [GC (Allocation Failure) 2020-10-29T10:27:04.066+0000: [ParNew: 16388K->4K(18432K), 0.0025376 secs] 271579K->255195K(658308K), 0.0025920 secs] [Times: user=0.00 sys=0.01, real=0.00 secs] 
2020-10-29T10:27:04.088+0000: [GC (Allocation Failure) 2020-10-29T10:27:04.089+0000: [ParNew: 16388K->4K(18432K), 0.0025321 secs] 271579K->255195K(658308K), 0.0025869 secs] [Times: user=0.00 sys=0.00, real=0.00 secs] 
2020-10-29T10:27:04.108+0000: [GC (Allocation Failure) 2020-10-29T10:27:04.108+0000: [ParNew: 16388K->4K(18432K), 0.0025383 secs] 271579K->255195K(658308K), 0.0025933 secs] [Times: user=0.01 sys=0.00, real=0.00 secs] 
2020-10-29T10:27:04.127+0000: [GC (Allocation Failure) 2020-10-29T10:27:04.127+0000: [ParNew: 16388K->4K(18432K), 0.0025259 secs] 271579K->255195K(658308K), 0.0025798 secs] [Times: user=0.01 sys=0.00, real=0.00 secs] 
2020-10-29T10:27:04.148+0000: [GC (Allocation Failure) 2020-10-29T10:27:04.149+0000: [ParNew: 16388K->4K(18432K), 0.0025184 secs] 271579K->255195K(658308K), 0.0025727 secs] [Times: user=0.00 sys=0.00, real=0.00 secs] 
2020-10-29T10:27:04.168+0000: [GC (Allocation Failure) 2020-10-29T10:27:04.169+0000: [ParNew: 16388K->4K(18432K), 0.0025303 secs] 271579K->255195K(658308K), 0.0025868 secs] [Times: user=0.00 sys=0.00, real=0.00 secs] 
2020-10-29T10:27:04.187+0000: [GC (Allocation Failure) 2020-10-29T10:27:04.187+0000: [ParNew: 16388K->4K(18432K), 0.0025320 secs] 271579K->255195K(658308K), 0.0025861 secs] [Times: user=0.01 sys=0.00, real=0.00 secs] 
2020-10-29T10:27:04.205+0000: [GC (Allocation Failure) 2020-10-29T10:27:04.206+0000: [ParNew: 16388K->4K(18432K), 0.0024940 secs] 271579K->255195K(658308K), 0.0025580 secs] [Times: user=0.01 sys=0.00, real=0.00 secs] 
2020-10-29T10:27:04.225+0000: [GC (Allocation Failure) 2020-10-29T10:27:04.225+0000: [ParNew: 16388K->4K(18432K), 0.0033600 secs] 271579K->263387K(658308K), 0.0034141 secs] [Times: user=0.01 sys=0.00, real=0.00 secs] 
2020-10-29T10:27:04.245+0000: [GC (Allocation Failure) 2020-10-29T10:27:04.245+0000: [ParNew: 16388K->4K(18432K), 0.0025706 secs] 279771K->263387K(658308K), 0.0026248 secs] [Times: user=0.00 sys=0.00, real=0.00 secs] 
2020-10-29T10:27:04.264+0000: [GC (Allocation Failure) 2020-10-29T10:27:04.265+0000: [ParNew: 16388K->4K(18432K), 0.0024953 secs] 279771K->263387K(658308K), 0.0025495 secs] [Times: user=0.00 sys=0.00, real=0.00 secs] 
2020-10-29T10:27:04.283+0000: [GC (Allocation Failure) 2020-10-29T10:27:04.283+0000: [ParNew: 16388K->4K(18432K), 0.0024614 secs] 279771K->263387K(658308K), 0.0025139 secs] [Times: user=0.01 sys=0.00, real=0.01 secs] 
2020-10-29T10:27:04.304+0000: [GC (Allocation Failure) 2020-10-29T10:27:04.305+0000: [ParNew: 16388K->4K(18432K), 0.0025891 secs] 279771K->263387K(658308K), 0.0026436 secs] [Times: user=0.00 sys=0.00, real=0.00 secs] 
2020-10-29T10:27:04.324+0000: [GC (Allocation Failure) 2020-10-29T10:27:04.325+0000: [ParNew: 16388K->4K(18432K), 0.0026703 secs] 279771K->263387K(658308K), 0.0027274 secs] [Times: user=0.01 sys=0.00, real=0.00 secs] 
2020-10-29T10:27:04.344+0000: [GC (Allocation Failure) 2020-10-29T10:27:04.344+0000: [ParNew: 16388K->4K(18432K), 0.0025683 secs] 279771K->263387K(658308K), 0.0026240 secs] [Times: user=0.01 sys=0.00, real=0.01 secs] 
2020-10-29T10:27:04.362+0000: [GC (Allocation Failure) 2020-10-29T10:27:04.362+0000: [ParNew: 16388K->4K(18432K), 0.0024491 secs] 279771K->263387K(658308K), 0.0025105 secs] [Times: user=0.01 sys=0.00, real=0.01 secs] 
2020-10-29T10:27:04.380+0000: [GC (Allocation Failure) 2020-10-29T10:27:04.380+0000: [ParNew: 16388K->4K(18432K), 0.0024462 secs] 279771K->263387K(658308K), 0.0024987 secs] [Times: user=0.00 sys=0.00, real=0.00 secs] 
2020-10-29T10:27:04.400+0000: [GC (Allocation Failure) 2020-10-29T10:27:04.400+0000: [ParNew: 16388K->4K(18432K), 0.0023842 secs] 279771K->263387K(658308K), 0.0024348 secs] [Times: user=0.00 sys=0.00, real=0.00 secs] 
2020-10-29T10:27:04.420+0000: [GC (Allocation Failure) 2020-10-29T10:27:04.421+0000: [ParNew: 16388K->4K(18432K), 0.0025418 secs] 279771K->263387K(658308K), 0.0025973 secs] [Times: user=0.00 sys=0.00, real=0.00 secs] 
2020-10-29T10:27:04.440+0000: [GC (Allocation Failure) 2020-10-29T10:27:04.441+0000: [ParNew: 16388K->4K(18432K), 0.0025377 secs] 279771K->263387K(658308K), 0.0025926 secs] [Times: user=0.01 sys=0.00, real=0.00 secs] 
2020-10-29T10:27:04.459+0000: [GC (Allocation Failure) 2020-10-29T10:27:04.459+0000: [ParNew: 16388K->4K(18432K), 0.0025849 secs] 279771K->263387K(658308K), 0.0026415 secs] [Times: user=0.00 sys=0.00, real=0.00 secs] 
2020-10-29T10:27:04.472+0000: [GC (Allocation Failure) 2020-10-29T10:27:04.472+0000: [ParNew: 10648K->4K(18432K), 0.0025666 secs] 274032K->263387K(658308K), 0.0026238 secs] [Times: user=0.01 sys=0.00, real=0.01 secs] 
2020-10-29T10:27:04.484+0000: [GC (Allocation Failure) 2020-10-29T10:27:04.484+0000: [ParNew: 16388K->4K(18432K), 0.0035882 secs] 279771K->271579K(658308K), 0.0036488 secs] [Times: user=0.00 sys=0.00, real=0.01 secs] 
2020-10-29T10:27:04.488+0000: [CMS-concurrent-abortable-preclean: 0.067/0.906 secs] [Times: user=1.61 sys=0.08, real=0.91 secs] 
2020-10-29T10:27:04.492+0000: [GC (CMS Final Remark) [YG occupancy: 978 K (18432 K)]2020-10-29T10:27:04.492+0000: [Rescan (parallel) , 0.0022791 secs]2020-10-29T10:27:04.494+0000: [weak refs processing, 0.0000279 secs]2020-10-29T10:27:04.494+0000: [class unloading, 0.0080033 secs]2020-10-29T10:27:04.503+0000: [scrub symbol table, 0.0093786 secs]2020-10-29T10:27:04.512+0000: [scrub string table, 0.0006038 secs][1 CMS-remark: 271575K(639876K)] 272553K(658308K), 0.0204157 secs] [Times: user=0.02 sys=0.00, real=0.03 secs] 
2020-10-29T10:27:04.520+0000: [CMS-concurrent-sweep-start]
2020-10-29T10:27:04.531+0000: [GC (Allocation Failure) 2020-10-29T10:27:04.531+0000: [ParNew: 16388K->4K(18432K), 0.0026475 secs] 287940K->271556K(658308K), 0.0027026 secs] [Times: user=0.00 sys=0.00, real=0.01 secs] 
2020-10-29T10:27:04.538+0000: [CMS-concurrent-sweep: 0.014/0.017 secs] [Times: user=0.03 sys=0.00, real=0.02 secs] 
2020-10-29T10:27:04.538+0000: [CMS-concurrent-reset-start]
2020-10-29T10:27:04.539+0000: [CMS-concurrent-reset: 0.002/0.002 secs] [Times: user=0.00 sys=0.00, real=0.00 secs] 
2020-10-29T10:27:04.556+0000: [GC (Allocation Failure) 2020-10-29T10:27:04.556+0000: [ParNew: 16388K->4K(18432K), 0.0025679 secs] 277521K->261137K(658308K), 0.0026198 secs] [Times: user=0.01 sys=0.00, real=0.00 secs] 
2020-10-29T10:27:04.574+0000: [GC (Allocation Failure) 2020-10-29T10:27:04.574+0000: [ParNew: 16388K->4K(18432K), 0.0025664 secs] 277521K->261137K(658308K), 0.0026211 secs] [Times: user=0.00 sys=0.00, real=0.00 secs] 
2020-10-29T10:27:04.592+0000: [GC (Allocation Failure) 2020-10-29T10:27:04.593+0000: [ParNew: 16388K->4K(18432K), 0.0025056 secs] 277521K->261137K(658308K), 0.0025591 secs] [Times: user=0.01 sys=0.00, real=0.00 secs] 
2020-10-29T10:27:04.612+0000: [GC (Allocation Failure) 2020-10-29T10:27:04.613+0000: [ParNew: 16388K->4K(18432K), 0.0025372 secs] 277521K->261137K(658308K), 0.0025912 secs] [Times: user=0.00 sys=0.00, real=0.00 secs] 
2020-10-29T10:27:04.630+0000: [GC (Allocation Failure) 2020-10-29T10:27:04.630+0000: [ParNew: 16388K->4K(18432K), 0.0025936 secs] 277521K->261137K(658308K), 0.0026496 secs] [Times: user=0.01 sys=0.00, real=0.01 secs] 
2020-10-29T10:27:04.648+0000: [GC (Allocation Failure) 2020-10-29T10:27:04.648+0000: [ParNew: 16388K->4K(18432K), 0.0025865 secs] 277521K->261137K(658308K), 0.0026430 secs] [Times: user=0.00 sys=0.00, real=0.00 secs] 
2020-10-29T10:27:04.666+0000: [GC (Allocation Failure) 2020-10-29T10:27:04.666+0000: [ParNew: 16388K->4K(18432K), 0.0025349 secs] 277521K->261137K(658308K), 0.0026116 secs] [Times: user=0.01 sys=0.00, real=0.00 secs] 
2020-10-29T10:27:04.683+0000: [GC (Allocation Failure) 2020-10-29T10:27:04.683+0000: [ParNew: 16388K->4K(18432K), 0.0025981 secs] 277521K->261137K(658308K), 0.0026573 secs] [Times: user=0.00 sys=0.00, real=0.01 secs] 
2020-10-29T10:27:04.704+0000: [GC (Allocation Failure) 2020-10-29T10:27:04.705+0000: [ParNew: 16388K->4K(18432K), 0.0025134 secs] 277521K->261137K(658308K), 0.0025673 secs] [Times: user=0.01 sys=0.00, real=0.00 secs] 
2020-10-29T10:27:04.724+0000: [GC (Allocation Failure) 2020-10-29T10:27:04.725+0000: [ParNew: 16388K->4K(18432K), 0.0025371 secs] 277521K->261137K(658308K), 0.0025918 secs] [Times: user=0.00 sys=0.00, real=0.00 secs] 
2020-10-29T10:27:04.742+0000: [GC (Allocation Failure) 2020-10-29T10:27:04.742+0000: [ParNew: 16388K->4K(18432K), 0.0025265 secs] 277521K->261137K(658308K), 0.0025813 secs] [Times: user=0.00 sys=0.00, real=0.01 secs] 
2020-10-29T10:27:04.760+0000: [GC (Allocation Failure) 2020-10-29T10:27:04.760+0000: [ParNew: 16388K->4K(18432K), 0.0025069 secs] 277521K->261137K(658308K), 0.0025593 secs] [Times: user=0.00 sys=0.00, real=0.00 secs] 
2020-10-29T10:27:04.790+0000: [GC (Allocation Failure) 2020-10-29T10:27:04.790+0000: [ParNew: 16388K->4K(18432K), 0.0036913 secs] 277521K->261137K(658308K), 0.0037608 secs] [Times: user=0.00 sys=0.00, real=0.01 secs] 
2020-10-29T10:27:04.809+0000: [GC (Allocation Failure) 2020-10-29T10:27:04.809+0000: [ParNew: 16388K->4K(18432K), 0.0024920 secs] 277521K->261137K(658308K), 0.0025444 secs] [Times: user=0.00 sys=0.00, real=0.00 secs] 
2020-10-29T10:27:04.826+0000: [GC (Allocation Failure) 2020-10-29T10:27:04.826+0000: [ParNew: 16388K->4K(18432K), 0.0025316 secs] 277521K->261137K(658308K), 0.0025838 secs] [Times: user=0.01 sys=0.00, real=0.00 secs] 
2020-10-29T10:27:04.844+0000: [GC (Allocation Failure) 2020-10-29T10:27:04.844+0000: [ParNew: 16388K->4K(18432K), 0.0025179 secs] 277521K->261137K(658308K), 0.0025708 secs] [Times: user=0.00 sys=0.00, real=0.01 secs] 
2020-10-29T10:27:04.861+0000: [GC (Allocation Failure) 2020-10-29T10:27:04.862+0000: [ParNew: 16388K->4K(18432K), 0.0024565 secs] 277521K->261137K(658308K), 0.0025051 secs] [Times: user=0.00 sys=0.00, real=0.00 secs] 
2020-10-29T10:27:04.881+0000: [GC (Allocation Failure) 2020-10-29T10:27:04.881+0000: [ParNew: 16388K->4K(18432K), 0.0025288 secs] 277521K->261137K(658308K), 0.0025833 secs] [Times: user=0.00 sys=0.00, real=0.00 secs] 
2020-10-29T10:27:04.899+0000: [GC (Allocation Failure) 2020-10-29T10:27:04.899+0000: [ParNew: 16388K->4K(18432K), 0.0025457 secs] 277521K->261137K(658308K), 0.0025986 secs] [Times: user=0.01 sys=0.00, real=0.00 secs] 
2020-10-29T10:27:04.917+0000: [GC (Allocation Failure) 2020-10-29T10:27:04.917+0000: [ParNew: 16388K->4K(18432K), 0.0025748 secs] 277521K->261137K(658308K), 0.0026293 secs] [Times: user=0.00 sys=0.00, real=0.00 secs] 
2020-10-29T10:27:04.934+0000: [GC (Allocation Failure) 2020-10-29T10:27:04.934+0000: [ParNew: 16388K->4K(18432K), 0.0026548 secs] 277521K->261137K(658308K), 0.0027084 secs] [Times: user=0.01 sys=0.00, real=0.00 secs] 
2020-10-29T10:27:04.952+0000: [GC (Allocation Failure) 2020-10-29T10:27:04.952+0000: [ParNew: 16388K->4K(18432K), 0.0025411 secs] 277521K->261137K(658308K), 0.0025923 secs] [Times: user=0.00 sys=0.00, real=0.01 secs] 
2020-10-29T10:27:04.970+0000: [GC (Allocation Failure) 2020-10-29T10:27:04.970+0000: [ParNew: 16388K->4K(18432K), 0.0025655 secs] 277521K->261137K(658308K), 0.0026201 secs] [Times: user=0.01 sys=0.00, real=0.01 secs] 
2020-10-29T10:27:04.988+0000: [GC (Allocation Failure) 2020-10-29T10:27:04.988+0000: [ParNew: 16388K->4K(18432K), 0.0030693 secs] 277521K->261137K(658308K), 0.0031234 secs] [Times: user=0.00 sys=0.00, real=0.00 secs] 
2020-10-29T10:27:05.007+0000: [GC (Allocation Failure) 2020-10-29T10:27:05.007+0000: [ParNew: 16374K->4K(18432K), 0.0025479 secs] 277508K->261137K(658308K), 0.0026083 secs] [Times: user=0.00 sys=0.00, real=0.00 secs] 
2020-10-29T10:27:05.020+0000: [GC (Allocation Failure) 2020-10-29T10:27:05.021+0000: [ParNew: 16388K->4K(18432K), 0.0033518 secs] 277521K->269329K(658308K), 0.0034047 secs] [Times: user=0.01 sys=0.00, real=0.00 secs] 
2020-10-29T10:27:05.040+0000: [GC (Allocation Failure) 2020-10-29T10:27:05.041+0000: [ParNew: 16388K->4K(18432K), 0.0025326 secs] 285713K->269329K(658308K), 0.0025878 secs] [Times: user=0.00 sys=0.00, real=0.00 secs] 
2020-10-29T10:27:05.062+0000: [GC (Allocation Failure) 2020-10-29T10:27:05.062+0000: [ParNew: 16388K->4K(18432K), 0.0025775 secs] 285713K->269329K(658308K), 0.0026312 secs] [Times: user=0.01 sys=0.00, real=0.01 secs] 
2020-10-29T10:27:05.084+0000: [GC (Allocation Failure) 2020-10-29T10:27:05.084+0000: [ParNew: 16388K->4K(18432K), 0.0025553 secs] 285713K->269329K(658308K), 0.0026102 secs] [Times: user=0.01 sys=0.00, real=0.01 secs] 
2020-10-29T10:27:05.096+0000: [GC (Allocation Failure) 2020-10-29T10:27:05.097+0000: [ParNew: 16388K->4K(18432K), 0.0034540 secs] 285713K->277521K(658308K), 0.0035109 secs] [Times: user=0.01 sys=0.00, real=0.00 secs] 
2020-10-29T10:27:05.117+0000: [GC (Allocation Failure) 2020-10-29T10:27:05.117+0000: [ParNew: 16388K->4K(18432K), 0.0025607 secs] 293905K->277521K(658308K), 0.0026148 secs] [Times: user=0.00 sys=0.00, real=0.00 secs] 
2020-10-29T10:27:05.134+0000: [GC (Allocation Failure) 2020-10-29T10:27:05.134+0000: [ParNew: 16388K->4K(18432K), 0.0026033 secs] 293905K->277521K(658308K), 0.0026583 secs] [Times: user=0.01 sys=0.00, real=0.00 secs] 
2020-10-29T10:27:05.152+0000: [GC (Allocation Failure) 2020-10-29T10:27:05.152+0000: [ParNew: 16388K->4K(18432K), 0.0025402 secs] 293905K->277521K(658308K), 0.0025940 secs] [Times: user=0.00 sys=0.00, real=0.01 secs] 
2020-10-29T10:27:05.170+0000: [GC (Allocation Failure) 2020-10-29T10:27:05.170+0000: [ParNew: 16388K->4K(18432K), 0.0025703 secs] 293905K->277521K(658308K), 0.0026237 secs] [Times: user=0.00 sys=0.00, real=0.01 secs] 
2020-10-29T10:27:05.188+0000: [GC (Allocation Failure) 2020-10-29T10:27:05.188+0000: [ParNew: 16388K->4K(18432K), 0.0026007 secs] 293905K->277521K(658308K), 0.0026568 secs] [Times: user=0.01 sys=0.00, real=0.00 secs] 
2020-10-29T10:27:05.205+0000: [GC (Allocation Failure) 2020-10-29T10:27:05.205+0000: [ParNew: 16388K->4K(18432K), 0.0025374 secs] 293905K->277521K(658308K), 0.0025923 secs] [Times: user=0.00 sys=0.00, real=0.00 secs] 
2020-10-29T10:27:05.224+0000: [GC (Allocation Failure) 2020-10-29T10:27:05.224+0000: [ParNew: 16388K->4K(18432K), 0.0025407 secs] 293905K->277521K(658308K), 0.0025921 secs] [Times: user=0.01 sys=0.00, real=0.00 secs] 
2020-10-29T10:27:05.242+0000: [GC (Allocation Failure) 2020-10-29T10:27:05.242+0000: [ParNew: 16388K->4K(18432K), 0.0025590 secs] 293905K->277521K(658308K), 0.0026134 secs] [Times: user=0.00 sys=0.00, real=0.01 secs] 
2020-10-29T10:27:05.260+0000: [GC (Allocation Failure) 2020-10-29T10:27:05.260+0000: [ParNew: 16388K->4K(18432K), 0.0025229 secs] 293905K->277521K(658308K), 0.0025762 secs] [Times: user=0.01 sys=0.00, real=0.00 secs] 
2020-10-29T10:27:05.280+0000: [GC (Allocation Failure) 2020-10-29T10:27:05.281+0000: [ParNew: 16388K->4K(18432K), 0.0025350 secs] 293905K->277521K(658308K), 0.0025883 secs] [Times: user=0.00 sys=0.00, real=0.00 secs] 
2020-10-29T10:27:05.298+0000: [GC (Allocation Failure) 2020-10-29T10:27:05.298+0000: [ParNew: 16388K->4K(18432K), 0.0025923 secs] 293905K->277521K(658308K), 0.0026470 secs] [Times: user=0.01 sys=0.00, real=0.00 secs] 
2020-10-29T10:27:05.320+0000: [GC (Allocation Failure) 2020-10-29T10:27:05.320+0000: [ParNew: 16388K->4K(18432K), 0.0025355 secs] 293905K->277521K(658308K), 0.0025888 secs] [Times: user=0.00 sys=0.00, real=0.00 secs] 
2020-10-29T10:27:05.340+0000: [GC (Allocation Failure) 2020-10-29T10:27:05.341+0000: [ParNew: 16388K->4K(18432K), 0.0024990 secs] 293905K->277521K(658308K), 0.0025508 secs] [Times: user=0.01 sys=0.00, real=0.00 secs] 
2020-10-29T10:27:05.358+0000: [GC (Allocation Failure) 2020-10-29T10:27:05.358+0000: [ParNew: 16388K->4K(18432K), 0.0025159 secs] 293905K->277521K(658308K), 0.0025667 secs] [Times: user=0.00 sys=0.00, real=0.00 secs] 
2020-10-29T10:27:05.376+0000: [GC (Allocation Failure) 2020-10-29T10:27:05.376+0000: [ParNew: 16388K->4K(18432K), 0.0025696 secs] 293905K->277521K(658308K), 0.0026546 secs] [Times: user=0.00 sys=0.01, real=0.00 secs] 
2020-10-29T10:27:05.397+0000: [GC (Allocation Failure) 2020-10-29T10:27:05.397+0000: [ParNew: 16388K->4K(18432K), 0.0025440 secs] 293905K->277521K(658308K), 0.0025997 secs] [Times: user=0.00 sys=0.00, real=0.00 secs] 
2020-10-29T10:27:05.414+0000: [GC (Allocation Failure) 2020-10-29T10:27:05.415+0000: [ParNew: 16388K->4K(18432K), 0.0025487 secs] 293905K->277521K(658308K), 0.0026029 secs] [Times: user=0.01 sys=0.00, real=0.00 secs] 
2020-10-29T10:27:05.432+0000: [GC (Allocation Failure) 2020-10-29T10:27:05.432+0000: [ParNew: 16388K->4K(18432K), 0.0025586 secs] 293905K->277521K(658308K), 0.0026153 secs] [Times: user=0.00 sys=0.00, real=0.01 secs] 
2020-10-29T10:27:05.451+0000: [GC (Allocation Failure) 2020-10-29T10:27:05.451+0000: [ParNew: 16388K->4K(18432K), 0.0025549 secs] 293905K->277521K(658308K), 0.0026101 secs] [Times: user=0.01 sys=0.00, real=0.01 secs] 
2020-10-29T10:27:05.472+0000: [GC (Allocation Failure) 2020-10-29T10:27:05.473+0000: [ParNew: 16388K->4K(18432K), 0.0025329 secs] 293905K->277521K(658308K), 0.0025863 secs] [Times: user=0.01 sys=0.00, real=0.00 secs] 
2020-10-29T10:27:05.490+0000: [GC (Allocation Failure) 2020-10-29T10:27:05.490+0000: [ParNew: 16388K->4K(18432K), 0.0025458 secs] 293905K->277521K(658308K), 0.0026013 secs] [Times: user=0.00 sys=0.00, real=0.01 secs] 
2020-10-29T10:27:05.508+0000: [GC (Allocation Failure) 2020-10-29T10:27:05.508+0000: [ParNew: 16388K->4K(18432K), 0.0026057 secs] 293905K->277521K(658308K), 0.0026611 secs] [Times: user=0.01 sys=0.00, real=0.00 secs] 
2020-10-29T10:27:05.526+0000: [GC (Allocation Failure) 2020-10-29T10:27:05.526+0000: [ParNew: 16388K->4K(18432K), 0.0025610 secs] 293905K->277521K(658308K), 0.0026256 secs] [Times: user=0.00 sys=0.00, real=0.00 secs] 
2020-10-29T10:27:05.544+0000: [GC (Allocation Failure) 2020-10-29T10:27:05.545+0000: [ParNew: 16388K->4K(18432K), 0.0028276 secs] 293905K->277521K(658308K), 0.0028836 secs] [Times: user=0.00 sys=0.00, real=0.00 secs] 
2020-10-29T10:27:05.564+0000: [GC (Allocation Failure) 2020-10-29T10:27:05.565+0000: [ParNew: 16388K->4K(18432K), 0.0025298 secs] 293905K->277521K(658308K), 0.0025843 secs] [Times: user=0.00 sys=0.00, real=0.00 secs] 
2020-10-29T10:27:05.582+0000: [GC (Allocation Failure) 2020-10-29T10:27:05.582+0000: [ParNew: 16388K->4K(18432K), 0.0025165 secs] 293905K->277521K(658308K), 0.0025698 secs] [Times: user=0.00 sys=0.00, real=0.01 secs] 
2020-10-29T10:27:05.600+0000: [GC (Allocation Failure) 2020-10-29T10:27:05.600+0000: [ParNew: 16388K->4K(18432K), 0.0025523 secs] 293905K->277521K(658308K), 0.0026065 secs] [Times: user=0.01 sys=0.00, real=0.00 secs] 
2020-10-29T10:27:05.618+0000: [GC (Allocation Failure) 2020-10-29T10:27:05.618+0000: [ParNew: 16388K->4K(18432K), 0.0025123 secs] 293905K->277521K(658308K), 0.0025648 secs] [Times: user=0.00 sys=0.00, real=0.00 secs] 
2020-10-29T10:27:05.632+0000: [GC (Allocation Failure) 2020-10-29T10:27:05.633+0000: [ParNew: 16388K->4K(18432K), 0.0034361 secs] 293905K->285713K(658308K), 0.0034919 secs] [Times: user=0.01 sys=0.00, real=0.00 secs] 
2020-10-29T10:27:05.652+0000: [GC (Allocation Failure) 2020-10-29T10:27:05.653+0000: [ParNew: 16388K->4K(18432K), 0.0025975 secs] 302097K->285713K(658308K), 0.0026522 secs] [Times: user=0.01 sys=0.00, real=0.00 secs] 
2020-10-29T10:27:05.665+0000: [GC (Allocation Failure) 2020-10-29T10:27:05.665+0000: [ParNew: 16388K->4K(18432K), 0.0034846 secs] 302097K->293905K(658308K), 0.0035406 secs] [Times: user=0.00 sys=0.00, real=0.00 secs] 
2020-10-29T10:27:05.668+0000: [GC (CMS Initial Mark) [1 CMS-initial-mark: 293901K(639876K)] 294055K(658308K), 0.0012591 secs] [Times: user=0.01 sys=0.00, real=0.00 secs] 
2020-10-29T10:27:05.670+0000: [CMS-concurrent-mark-start]
2020-10-29T10:27:05.690+0000: [GC (Allocation Failure) 2020-10-29T10:27:05.690+0000: [ParNew: 16388K->4K(18432K), 0.0025148 secs] 310289K->293905K(658308K), 0.0025795 secs] [Times: user=0.00 sys=0.00, real=0.01 secs] 
2020-10-29T10:27:05.712+0000: [GC (Allocation Failure) 2020-10-29T10:27:05.713+0000: [ParNew: 16388K->4K(18432K), 0.0025976 secs] 310289K->293905K(658308K), 0.0026535 secs] [Times: user=0.00 sys=0.00, real=0.00 secs] 
2020-10-29T10:27:05.737+0000: [GC (Allocation Failure) 2020-10-29T10:27:05.737+0000: [ParNew: 16388K->4K(18432K), 0.0026197 secs] 310289K->293905K(658308K), 0.0026870 secs] [Times: user=0.00 sys=0.00, real=0.00 secs] 
2020-10-29T10:27:05.764+0000: [GC (Allocation Failure) 2020-10-29T10:27:05.765+0000: [ParNew: 16388K->4K(18432K), 0.0025337 secs] 310289K->293905K(658308K), 0.0025909 secs] [Times: user=0.00 sys=0.00, real=0.00 secs] 
2020-10-29T10:27:05.779+0000: [CMS-concurrent-mark: 0.092/0.109 secs] [Times: user=0.19 sys=0.01, real=0.11 secs] 
2020-10-29T10:27:05.779+0000: [CMS-concurrent-preclean-start]
2020-10-29T10:27:05.781+0000: [CMS-concurrent-preclean: 0.003/0.003 secs] [Times: user=0.01 sys=0.00, real=0.00 secs] 
2020-10-29T10:27:05.781+0000: [CMS-concurrent-abortable-preclean-start]
2020-10-29T10:27:05.789+0000: [GC (Allocation Failure) 2020-10-29T10:27:05.789+0000: [ParNew: 16388K->4K(18432K), 0.0025627 secs] 310289K->293905K(658308K), 0.0026168 secs] [Times: user=0.01 sys=0.00, real=0.00 secs] 
2020-10-29T10:27:05.807+0000: [GC (Allocation Failure) 2020-10-29T10:27:05.807+0000: [ParNew: 16388K->4K(18432K), 0.0025554 secs] 310289K->293905K(658308K), 0.0026110 secs] [Times: user=0.01 sys=0.00, real=0.00 secs] 
2020-10-29T10:27:05.829+0000: [GC (Allocation Failure) 2020-10-29T10:27:05.829+0000: [ParNew: 16388K->4K(18432K), 0.0025940 secs] 310289K->293905K(658308K), 0.0026497 secs] [Times: user=0.01 sys=0.00, real=0.00 secs] 
2020-10-29T10:27:05.847+0000: [GC (Allocation Failure) 2020-10-29T10:27:05.847+0000: [ParNew: 16388K->4K(18432K), 0.0026023 secs] 310289K->293905K(658308K), 0.0026584 secs] [Times: user=0.01 sys=0.00, real=0.00 secs] 
2020-10-29T10:27:05.868+0000: [GC (Allocation Failure) 2020-10-29T10:27:05.868+0000: [ParNew: 16375K->4K(18432K), 0.0025914 secs] 310277K->293905K(658308K), 0.0026475 secs] [Times: user=0.01 sys=0.00, real=0.00 secs] 
2020-10-29T10:27:05.887+0000: [GC (Allocation Failure) 2020-10-29T10:27:05.887+0000: [ParNew: 16388K->4K(18432K), 0.0025477 secs] 310289K->293905K(658308K), 0.0026048 secs] [Times: user=0.00 sys=0.00, real=0.00 secs] 
2020-10-29T10:27:05.906+0000: [GC (Allocation Failure) 2020-10-29T10:27:05.906+0000: [ParNew: 16388K->4K(18432K), 0.0025202 secs] 310289K->293905K(658308K), 0.0025752 secs] [Times: user=0.01 sys=0.00, real=0.00 secs] 
2020-10-29T10:27:05.928+0000: [GC (Allocation Failure) 2020-10-29T10:27:05.929+0000: [ParNew: 16388K->4K(18432K), 0.0024953 secs] 310289K->293905K(658308K), 0.0025490 secs] [Times: user=0.00 sys=0.00, real=0.00 secs] 
2020-10-29T10:27:05.948+0000: [GC (Allocation Failure) 2020-10-29T10:27:05.949+0000: [ParNew: 16388K->4K(18432K), 0.0024956 secs] 310289K->293905K(658308K), 0.0025497 secs] [Times: user=0.01 sys=0.00, real=0.00 secs] 
2020-10-29T10:27:05.967+0000: [GC (Allocation Failure) 2020-10-29T10:27:05.967+0000: [ParNew: 16388K->4K(18432K), 0.0026497 secs] 310289K->293905K(658308K), 0.0027167 secs] [Times: user=0.01 sys=0.00, real=0.00 secs] 
2020-10-29T10:27:05.986+0000: [GC (Allocation Failure) 2020-10-29T10:27:05.986+0000: [ParNew: 16388K->4K(18432K), 0.0025459 secs] 310289K->293905K(658308K), 0.0026013 secs] [Times: user=0.00 sys=0.00, real=0.00 secs] 
2020-10-29T10:27:06.012+0000: [GC (Allocation Failure) 2020-10-29T10:27:06.013+0000: [ParNew: 16388K->4K(18432K), 0.0025571 secs] 343057K->326673K(658308K), 0.0026137 secs] [Times: user=0.00 sys=0.00, real=0.00 secs] 
2020-10-29T10:27:06.031+0000: [GC (Allocation Failure) 2020-10-29T10:27:06.031+0000: [ParNew: 16388K->4K(18432K), 0.0025818 secs] 343057K->326673K(658308K), 0.0026465 secs] [Times: user=0.01 sys=0.00, real=0.01 secs] 
2020-10-29T10:27:06.050+0000: [GC (Allocation Failure) 2020-10-29T10:27:06.050+0000: [ParNew: 16388K->4K(18432K), 0.0025710 secs] 343057K->326673K(658308K), 0.0026260 secs] [Times: user=0.00 sys=0.00, real=0.01 secs] 
2020-10-29T10:27:06.069+0000: [GC (Allocation Failure) 2020-10-29T10:27:06.069+0000: [ParNew: 16388K->4K(18432K), 0.0025792 secs] 343057K->326673K(658308K), 0.0026331 secs] [Times: user=0.01 sys=0.00, real=0.00 secs] 
2020-10-29T10:27:06.088+0000: [GC (Allocation Failure) 2020-10-29T10:27:06.089+0000: [ParNew: 16388K->4K(18432K), 0.0025560 secs] 343057K->326673K(658308K), 0.0026103 secs] [Times: user=0.01 sys=0.00, real=0.00 secs] 
2020-10-29T10:27:06.107+0000: [GC (Allocation Failure) 2020-10-29T10:27:06.107+0000: [ParNew: 16388K->4K(18432K), 0.0026136 secs] 343057K->326673K(658308K), 0.0026846 secs] [Times: user=0.00 sys=0.00, real=0.00 secs] 
2020-10-29T10:27:06.126+0000: [GC (Allocation Failure) 2020-10-29T10:27:06.127+0000: [ParNew: 16388K->4K(18432K), 0.0025919 secs] 343057K->326674K(658308K), 0.0026493 secs] [Times: user=0.01 sys=0.00, real=0.00 secs] 
2020-10-29T10:27:06.148+0000: [GC (Allocation Failure) 2020-10-29T10:27:06.149+0000: [ParNew: 16388K->4K(18432K), 0.0024959 secs] 343058K->326674K(658308K), 0.0025503 secs] [Times: user=0.00 sys=0.00, real=0.00 secs] 
2020-10-29T10:27:06.168+0000: [GC (Allocation Failure) 2020-10-29T10:27:06.169+0000: [ParNew: 16388K->4K(18432K), 0.0024550 secs] 343058K->326674K(658308K), 0.0025096 secs] [Times: user=0.00 sys=0.00, real=0.00 secs] 
2020-10-29T10:27:06.188+0000: [GC (Allocation Failure) 2020-10-29T10:27:06.189+0000: [ParNew: 16388K->4K(18432K), 0.0024629 secs] 343058K->326674K(658308K), 0.0025155 secs] [Times: user=0.01 sys=0.00, real=0.00 secs] 
2020-10-29T10:27:06.200+0000: [GC (Allocation Failure) 2020-10-29T10:27:06.200+0000: [ParNew: 16388K->4K(18432K), 0.0033354 secs] 343058K->334866K(658308K), 0.0033888 secs] [Times: user=0.00 sys=0.00, real=0.00 secs] 
2020-10-29T10:27:06.220+0000: [GC (Allocation Failure) 2020-10-29T10:27:06.220+0000: [ParNew: 16388K->4K(18432K), 0.0025381 secs] 351250K->334866K(658308K), 0.0025917 secs] [Times: user=0.01 sys=0.00, real=0.00 secs] 
2020-10-29T10:27:06.240+0000: [GC (Allocation Failure) 2020-10-29T10:27:06.241+0000: [ParNew: 16388K->4K(18432K), 0.0025313 secs] 351250K->334866K(658308K), 0.0025855 secs] [Times: user=0.01 sys=0.00, real=0.00 secs] 
2020-10-29T10:27:06.259+0000: [GC (Allocation Failure) 2020-10-29T10:27:06.259+0000: [ParNew: 16388K->4K(18432K), 0.0025607 secs] 351250K->334866K(658308K), 0.0026148 secs] [Times: user=0.00 sys=0.00, real=0.00 secs] 
2020-10-29T10:27:06.278+0000: [GC (Allocation Failure) 2020-10-29T10:27:06.278+0000: [ParNew: 16388K->4K(18432K), 0.0024513 secs] 351250K->334866K(658308K), 0.0025048 secs] [Times: user=0.01 sys=0.00, real=0.00 secs] 
2020-10-29T10:27:06.296+0000: [GC (Allocation Failure) 2020-10-29T10:27:06.296+0000: [ParNew: 16388K->4K(18432K), 0.0025642 secs] 351250K->334866K(658308K), 0.0026179 secs] [Times: user=0.00 sys=0.00, real=0.00 secs] 
2020-10-29T10:27:06.315+0000: [GC (Allocation Failure) 2020-10-29T10:27:06.316+0000: [ParNew: 16388K->4K(18432K), 0.0025581 secs] 351250K->334866K(658308K), 0.0026140 secs] [Times: user=0.01 sys=0.00, real=0.00 secs] 
2020-10-29T10:27:06.336+0000: [GC (Allocation Failure) 2020-10-29T10:27:06.337+0000: [ParNew: 16388K->4K(18432K), 0.0025690 secs] 351250K->334866K(658308K), 0.0026240 secs] [Times: user=0.00 sys=0.00, real=0.00 secs] 
2020-10-29T10:27:06.355+0000: [GC (Allocation Failure) 2020-10-29T10:27:06.355+0000: [ParNew: 16388K->4K(18432K), 0.0025543 secs] 351250K->334866K(658308K), 0.0026094 secs] [Times: user=0.01 sys=0.00, real=0.00 secs] 
2020-10-29T10:27:06.376+0000: [GC (Allocation Failure) 2020-10-29T10:27:06.377+0000: [ParNew: 16388K->4K(18432K), 0.0025198 secs] 351250K->334866K(658308K), 0.0025751 secs] [Times: user=0.01 sys=0.00, real=0.00 secs] 
2020-10-29T10:27:06.392+0000: [GC (Allocation Failure) 2020-10-29T10:27:06.392+0000: [ParNew: 16388K->4K(18432K), 0.0035345 secs] 351250K->343058K(658308K), 0.0036073 secs] [Times: user=0.01 sys=0.00, real=0.01 secs] 
2020-10-29T10:27:06.412+0000: [GC (Allocation Failure) 2020-10-29T10:27:06.412+0000: [ParNew: 16388K->4K(18432K), 0.0025783 secs] 359442K->343058K(658308K), 0.0026348 secs] [Times: user=0.01 sys=0.00, real=0.01 secs] 
2020-10-29T10:27:06.432+0000: [GC (Allocation Failure) 2020-10-29T10:27:06.433+0000: [ParNew: 16388K->4K(18432K), 0.0025789 secs] 359442K->343058K(658308K), 0.0026370 secs] [Times: user=0.01 sys=0.00, real=0.00 secs] 
2020-10-29T10:27:06.452+0000: [GC (Allocation Failure) 2020-10-29T10:27:06.453+0000: [ParNew: 16388K->4K(18432K), 0.0025467 secs] 359442K->343058K(658308K), 0.0026032 secs] [Times: user=0.01 sys=0.00, real=0.00 secs] 
2020-10-29T10:27:06.471+0000: [GC (Allocation Failure) 2020-10-29T10:27:06.471+0000: [ParNew: 16388K->4K(18432K), 0.0025730 secs] 359442K->343058K(658308K), 0.0026355 secs] [Times: user=0.00 sys=0.00, real=0.01 secs] 
2020-10-29T10:27:06.490+0000: [GC (Allocation Failure) 2020-10-29T10:27:06.490+0000: [ParNew: 16388K->4K(18432K), 0.0025712 secs] 359442K->343058K(658308K), 0.0026279 secs] [Times: user=0.00 sys=0.00, real=0.01 secs] 
2020-10-29T10:27:06.512+0000: [GC (Allocation Failure) 2020-10-29T10:27:06.513+0000: [ParNew: 16388K->4K(18432K), 0.0025548 secs] 359442K->343058K(658308K), 0.0026107 secs] [Times: user=0.01 sys=0.00, real=0.00 secs] 
2020-10-29T10:27:06.533+0000: [GC (Allocation Failure) 2020-10-29T10:27:06.533+0000: [ParNew: 16388K->4K(18432K), 0.0025868 secs] 359442K->343058K(658308K), 0.0026447 secs] [Times: user=0.00 sys=0.00, real=0.00 secs] 
2020-10-29T10:27:06.551+0000: [GC (Allocation Failure) 2020-10-29T10:27:06.551+0000: [ParNew: 16388K->4K(18432K), 0.0026342 secs] 359442K->343058K(658308K), 0.0026914 secs] [Times: user=0.01 sys=0.00, real=0.01 secs] 
2020-10-29T10:27:06.570+0000: [GC (Allocation Failure) 2020-10-29T10:27:06.570+0000: [ParNew: 16388K->4K(18432K), 0.0025850 secs] 359442K->343058K(658308K), 0.0026535 secs] [Times: user=0.01 sys=0.00, real=0.01 secs] 
2020-10-29T10:27:06.589+0000: [GC (Allocation Failure) 2020-10-29T10:27:06.589+0000: [ParNew: 16388K->4K(18432K), 0.0025497 secs] 359442K->343058K(658308K), 0.0026064 secs] [Times: user=0.00 sys=0.00, real=0.00 secs] 
2020-10-29T10:27:06.609+0000: [GC (Allocation Failure) 2020-10-29T10:27:06.609+0000: [ParNew: 16388K->4K(18432K), 0.0025583 secs] 359442K->343058K(658308K), 0.0026131 secs] [Times: user=0.00 sys=0.00, real=0.00 secs] 
2020-10-29T10:27:06.628+0000: [GC (Allocation Failure) 2020-10-29T10:27:06.628+0000: [ParNew: 16388K->4K(18432K), 0.0025614 secs] 359442K->343058K(658308K), 0.0026164 secs] [Times: user=0.00 sys=0.00, real=0.00 secs] 
2020-10-29T10:27:06.647+0000: [GC (Allocation Failure) 2020-10-29T10:27:06.647+0000: [ParNew: 16388K->4K(18432K), 0.0025822 secs] 359442K->343058K(658308K), 0.0026544 secs] [Times: user=0.01 sys=0.00, real=0.00 secs] 
2020-10-29T10:27:06.666+0000: [GC (Allocation Failure) 2020-10-29T10:27:06.666+0000: [ParNew: 16388K->4K(18432K), 0.0025464 secs] 359442K->343058K(658308K), 0.0026021 secs] [Times: user=0.00 sys=0.00, real=0.00 secs] 
2020-10-29T10:27:06.688+0000: [GC (Allocation Failure) 2020-10-29T10:27:06.689+0000: [ParNew: 16388K->4K(18432K), 0.0025374 secs] 359442K->343058K(658308K), 0.0025924 secs] [Times: user=0.00 sys=0.00, real=0.00 secs] 
2020-10-29T10:27:06.708+0000: [GC (Allocation Failure) 2020-10-29T10:27:06.708+0000: [ParNew: 16388K->4K(18432K), 0.0025530 secs] 359442K->343058K(658308K), 0.0026075 secs] [Times: user=0.01 sys=0.00, real=0.00 secs] 
2020-10-29T10:27:06.726+0000: [GC (Allocation Failure) 2020-10-29T10:27:06.726+0000: [ParNew: 16388K->4K(18432K), 0.0025807 secs] 359442K->343058K(658308K), 0.0026384 secs] [Times: user=0.01 sys=0.00, real=0.00 secs] 
2020-10-29T10:27:06.745+0000: [GC (Allocation Failure) 2020-10-29T10:27:06.745+0000: [ParNew: 16388K->4K(18432K), 0.0026593 secs] 359442K->343058K(658308K), 0.0027163 secs] [Times: user=0.01 sys=0.00, real=0.00 secs] 
2020-10-29T10:27:06.768+0000: [GC (Allocation Failure) 2020-10-29T10:27:06.768+0000: [ParNew: 14951K->4K(18432K), 0.0026160 secs] 358005K->343058K(658308K), 0.0026754 secs] [Times: user=0.01 sys=0.00, real=0.00 secs] 
2020-10-29T10:27:06.781+0000: [GC (Allocation Failure) 2020-10-29T10:27:06.781+0000: [ParNew: 16388K->4K(18432K), 0.0034449 secs] 359442K->351250K(658308K), 0.0035019 secs] [Times: user=0.00 sys=0.00, real=0.00 secs] 
2020-10-29T10:27:06.784+0000: [CMS-concurrent-abortable-preclean: 0.079/1.003 secs] [Times: user=1.82 sys=0.05, real=1.00 secs] 
2020-10-29T10:27:06.784+0000: [GC (CMS Final Remark) [YG occupancy: 186 K (18432 K)]2020-10-29T10:27:06.784+0000: [Rescan (parallel) , 0.0018622 secs]2020-10-29T10:27:06.786+0000: [weak refs processing, 0.0000260 secs]2020-10-29T10:27:06.786+0000: [class unloading, 0.0080286 secs]2020-10-29T10:27:06.794+0000: [scrub symbol table, 0.0096355 secs]2020-10-29T10:27:06.804+0000: [scrub string table, 0.0005779 secs][1 CMS-remark: 351246K(639876K)] 351432K(658308K), 0.0202574 secs] [Times: user=0.02 sys=0.00, real=0.02 secs] 
2020-10-29T10:27:06.812+0000: [CMS-concurrent-sweep-start]
2020-10-29T10:27:06.823+0000: [GC (Allocation Failure) 2020-10-29T10:27:06.823+0000: [ParNew: 16388K->4K(18432K), 0.0025990 secs] 367634K->351250K(658308K), 0.0026535 secs] [Times: user=0.00 sys=0.00, real=0.01 secs] 
2020-10-29T10:27:06.841+0000: [CMS-concurrent-sweep: 0.026/0.030 secs] [Times: user=0.06 sys=0.00, real=0.03 secs] 
2020-10-29T10:27:06.841+0000: [CMS-concurrent-reset-start]
2020-10-29T10:27:06.843+0000: [CMS-concurrent-reset: 0.002/0.002 secs] [Times: user=0.00 sys=0.00, real=0.00 secs] 
2020-10-29T10:27:06.848+0000: [GC (Allocation Failure) 2020-10-29T10:27:06.848+0000: [ParNew: 16388K->4K(18432K), 0.0025628 secs] 367633K->351249K(658308K), 0.0026056 secs] [Times: user=0.01 sys=0.00, real=0.00 secs] 
2020-10-29T10:27:06.872+0000: [GC (Allocation Failure) 2020-10-29T10:27:06.873+0000: [ParNew: 16388K->4K(18432K), 0.0025664 secs] 400402K->384018K(658308K), 0.0026230 secs] [Times: user=0.01 sys=0.00, real=0.00 secs] 
2020-10-29T10:27:06.876+0000: [GC (CMS Initial Mark) [1 CMS-initial-mark: 384013K(639876K)] 384987K(658308K), 0.0017726 secs] [Times: user=0.00 sys=0.00, real=0.00 secs] 
2020-10-29T10:27:06.878+0000: [CMS-concurrent-mark-start]
2020-10-29T10:27:06.912+0000: [GC (Allocation Failure) 2020-10-29T10:27:06.912+0000: [ParNew: 16388K->4K(18432K), 0.0025431 secs] 400402K->384018K(658308K), 0.0026003 secs] [Times: user=0.01 sys=0.00, real=0.01 secs] 
2020-10-29T10:27:06.935+0000: [GC (Allocation Failure) 2020-10-29T10:27:06.935+0000: [ParNew: 16388K->4K(18432K), 0.0024969 secs] 400402K->384018K(658308K), 0.0025518 secs] [Times: user=0.00 sys=0.00, real=0.00 secs] 
2020-10-29T10:27:06.948+0000: [CMS-concurrent-mark: 0.054/0.070 secs] [Times: user=0.13 sys=0.00, real=0.07 secs] 
2020-10-29T10:27:06.948+0000: [CMS-concurrent-preclean-start]
2020-10-29T10:27:06.955+0000: [CMS-concurrent-preclean: 0.007/0.007 secs] [Times: user=0.01 sys=0.00, real=0.01 secs] 
2020-10-29T10:27:06.955+0000: [CMS-concurrent-abortable-preclean-start]
2020-10-29T10:27:06.960+0000: [GC (Allocation Failure) 2020-10-29T10:27:06.960+0000: [ParNew: 16388K->4K(18432K), 0.0021883 secs] 400402K->384018K(658308K), 0.0022331 secs] [Times: user=0.01 sys=0.00, real=0.00 secs] 
2020-10-29T10:27:06.980+0000: [GC (Allocation Failure) 2020-10-29T10:27:06.981+0000: [ParNew: 16388K->4K(18432K), 0.0025162 secs] 400402K->384018K(658308K), 0.0025709 secs] [Times: user=0.01 sys=0.00, real=0.00 secs] 
2020-10-29T10:27:07.001+0000: [GC (Allocation Failure) 2020-10-29T10:27:07.001+0000: [ParNew: 16388K->4K(18432K), 0.0025106 secs] 400402K->384018K(658308K), 0.0025667 secs] [Times: user=0.01 sys=0.00, real=0.00 secs] 
2020-10-29T10:27:07.020+0000: [GC (Allocation Failure) 2020-10-29T10:27:07.020+0000: [ParNew: 16388K->4K(18432K), 0.0025257 secs] 400402K->384018K(658308K), 0.0025809 secs] [Times: user=0.00 sys=0.00, real=0.00 secs] 
2020-10-29T10:27:07.039+0000: [GC (Allocation Failure) 2020-10-29T10:27:07.039+0000: [ParNew: 16388K->4K(18432K), 0.0025377 secs] 400402K->384018K(658308K), 0.0026019 secs] [Times: user=0.01 sys=0.00, real=0.00 secs] 
2020-10-29T10:27:07.060+0000: [GC (Allocation Failure) 2020-10-29T10:27:07.061+0000: [ParNew: 16388K->4K(18432K), 0.0025487 secs] 400402K->384018K(658308K), 0.0026041 secs] [Times: user=0.01 sys=0.00, real=0.00 secs] 
2020-10-29T10:27:07.080+0000: [GC (Allocation Failure) 2020-10-29T10:27:07.080+0000: [ParNew: 16388K->4K(18432K), 0.0025277 secs] 400402K->384018K(658308K), 0.0025815 secs] [Times: user=0.00 sys=0.00, real=0.00 secs] 
2020-10-29T10:27:07.100+0000: [GC (Allocation Failure) 2020-10-29T10:27:07.101+0000: [ParNew: 16388K->4K(18432K), 0.0025101 secs] 400402K->384018K(658308K), 0.0025664 secs] [Times: user=0.00 sys=0.00, real=0.00 secs] 
2020-10-29T10:27:07.119+0000: [GC (Allocation Failure) 2020-10-29T10:27:07.119+0000: [ParNew: 16388K->4K(18432K), 0.0025034 secs] 400402K->384018K(658308K), 0.0025572 secs] [Times: user=0.01 sys=0.00, real=0.00 secs] 
2020-10-29T10:27:07.132+0000: [GC (Allocation Failure) 2020-10-29T10:27:07.132+0000: [ParNew: 16388K->4K(18432K), 0.0033264 secs] 400402K->392210K(658308K), 0.0033819 secs] [Times: user=0.00 sys=0.00, real=0.01 secs] 
2020-10-29T10:27:07.152+0000: [GC (Allocation Failure) 2020-10-29T10:27:07.153+0000: [ParNew: 16388K->4K(18432K), 0.0024974 secs] 408594K->392210K(658308K), 0.0025522 secs] [Times: user=0.01 sys=0.00, real=0.00 secs] 
2020-10-29T10:27:07.172+0000: [GC (Allocation Failure) 2020-10-29T10:27:07.173+0000: [ParNew: 16388K->4K(18432K), 0.0025232 secs] 408594K->392210K(658308K), 0.0025796 secs] [Times: user=0.01 sys=0.00, real=0.00 secs] 
2020-10-29T10:27:07.191+0000: [GC (Allocation Failure) 2020-10-29T10:27:07.191+0000: [ParNew: 16388K->4K(18432K), 0.0026556 secs] 408594K->392210K(658308K), 0.0027127 secs] [Times: user=0.00 sys=0.00, real=0.01 secs] 
2020-10-29T10:27:07.210+0000: [GC (Allocation Failure) 2020-10-29T10:27:07.210+0000: [ParNew: 16388K->4K(18432K), 0.0025608 secs] 408594K->392210K(658308K), 0.0026185 secs] [Times: user=0.01 sys=0.00, real=0.01 secs] 
2020-10-29T10:27:07.232+0000: [GC (Allocation Failure) 2020-10-29T10:27:07.233+0000: [ParNew: 16388K->4K(18432K), 0.0025607 secs] 408594K->392210K(658308K), 0.0026168 secs] [Times: user=0.01 sys=0.00, real=0.00 secs] 
2020-10-29T10:27:07.253+0000: [GC (Allocation Failure) 2020-10-29T10:27:07.254+0000: [ParNew: 16388K->4K(18432K), 0.0025067 secs] 408594K->392210K(658308K), 0.0025643 secs] [Times: user=0.00 sys=0.00, real=0.00 secs] 
2020-10-29T10:27:07.272+0000: [GC (Allocation Failure) 2020-10-29T10:27:07.272+0000: [ParNew: 16388K->4K(18432K), 0.0025316 secs] 408594K->392210K(658308K), 0.0025892 secs] [Times: user=0.01 sys=0.00, real=0.01 secs] 
2020-10-29T10:27:07.290+0000: [GC (Allocation Failure) 2020-10-29T10:27:07.290+0000: [ParNew: 16388K->4K(18432K), 0.0025480 secs] 408594K->392210K(658308K), 0.0026054 secs] [Times: user=0.01 sys=0.00, real=0.01 secs] 
2020-10-29T10:27:07.309+0000: [GC (Allocation Failure) 2020-10-29T10:27:07.309+0000: [ParNew: 16388K->4K(18432K), 0.0025111 secs] 408594K->392210K(658308K), 0.0025680 secs] [Times: user=0.00 sys=0.00, real=0.00 secs] 
2020-10-29T10:27:07.332+0000: [GC (Allocation Failure) 2020-10-29T10:27:07.332+0000: [ParNew: 16388K->4K(18432K), 0.0025710 secs] 408594K->392210K(658308K), 0.0026259 secs] [Times: user=0.01 sys=0.00, real=0.01 secs] 
2020-10-29T10:27:07.352+0000: [GC (Allocation Failure) 2020-10-29T10:27:07.353+0000: [ParNew: 16388K->4K(18432K), 0.0025436 secs] 408594K->392210K(658308K), 0.0026014 secs] [Times: user=0.00 sys=0.00, real=0.00 secs] 
2020-10-29T10:27:07.371+0000: [GC (Allocation Failure) 2020-10-29T10:27:07.371+0000: [ParNew: 16388K->4K(18432K), 0.0025220 secs] 408594K->392210K(658308K), 0.0025788 secs] [Times: user=0.01 sys=0.00, real=0.01 secs] 
2020-10-29T10:27:07.383+0000: [GC (Allocation Failure) 2020-10-29T10:27:07.383+0000: [ParNew: 16388K->4K(18432K), 0.0034163 secs] 408594K->400402K(658308K), 0.0034715 secs] [Times: user=0.01 sys=0.00, real=0.01 secs] 
2020-10-29T10:27:07.404+0000: [GC (Allocation Failure) 2020-10-29T10:27:07.404+0000: [ParNew: 16388K->4K(18432K), 0.0024608 secs] 416786K->400402K(658308K), 0.0025139 secs] [Times: user=0.01 sys=0.00, real=0.01 secs] 
2020-10-29T10:27:07.424+0000: [GC (Allocation Failure) 2020-10-29T10:27:07.425+0000: [ParNew: 16388K->4K(18432K), 0.0024744 secs] 416786K->400402K(658308K), 0.0025291 secs] [Times: user=0.00 sys=0.00, real=0.00 secs] 
2020-10-29T10:27:07.443+0000: [GC (Allocation Failure) 2020-10-29T10:27:07.443+0000: [ParNew: 16388K->4K(18432K), 0.0025421 secs] 416786K->400402K(658308K), 0.0025981 secs] [Times: user=0.01 sys=0.00, real=0.01 secs] 
2020-10-29T10:27:07.464+0000: [GC (Allocation Failure) 2020-10-29T10:27:07.465+0000: [ParNew: 16388K->4K(18432K), 0.0025126 secs] 416786K->400402K(658308K), 0.0025680 secs] [Times: user=0.01 sys=0.00, real=0.00 secs] 
2020-10-29T10:27:07.484+0000: [GC (Allocation Failure) 2020-10-29T10:27:07.485+0000: [ParNew: 16388K->4K(18432K), 0.0025135 secs] 416786K->400402K(658308K), 0.0025676 secs] [Times: user=0.00 sys=0.00, real=0.00 secs] 
2020-10-29T10:27:07.504+0000: [GC (Allocation Failure) 2020-10-29T10:27:07.505+0000: [ParNew: 16388K->4K(18432K), 0.0025308 secs] 416786K->400402K(658308K), 0.0025859 secs] [Times: user=0.01 sys=0.00, real=0.00 secs] 
2020-10-29T10:27:07.523+0000: [GC (Allocation Failure) 2020-10-29T10:27:07.523+0000: [ParNew: 16388K->4K(18432K), 0.0025644 secs] 416786K->400402K(658308K), 0.0026211 secs] [Times: user=0.00 sys=0.00, real=0.01 secs] 
2020-10-29T10:27:07.542+0000: [GC (Allocation Failure) 2020-10-29T10:27:07.542+0000: [ParNew: 16388K->4K(18432K), 0.0025490 secs] 416786K->400402K(658308K), 0.0026052 secs] [Times: user=0.01 sys=0.00, real=0.01 secs] 
2020-10-29T10:27:07.561+0000: [GC (Allocation Failure) 2020-10-29T10:27:07.561+0000: [ParNew: 16388K->4K(18432K), 0.0024882 secs] 416786K->400402K(658308K), 0.0025438 secs] [Times: user=0.01 sys=0.00, real=0.00 secs] 
2020-10-29T10:27:07.580+0000: [GC (Allocation Failure) 2020-10-29T10:27:07.580+0000: [ParNew: 16388K->4K(18432K), 0.0025106 secs] 416786K->400402K(658308K), 0.0025652 secs] [Times: user=0.00 sys=0.00, real=0.00 secs] 
2020-10-29T10:27:07.598+0000: [GC (Allocation Failure) 2020-10-29T10:27:07.598+0000: [ParNew: 16388K->4K(18432K), 0.0025720 secs] 416786K->400402K(658308K), 0.0026284 secs] [Times: user=0.00 sys=0.00, real=0.00 secs] 
2020-10-29T10:27:07.621+0000: [GC (Allocation Failure) 2020-10-29T10:27:07.621+0000: [ParNew: 16388K->4K(18432K), 0.0025518 secs] 416786K->400402K(658308K), 0.0026105 secs] [Times: user=0.00 sys=0.00, real=0.00 secs] 
2020-10-29T10:27:07.640+0000: [GC (Allocation Failure) 2020-10-29T10:27:07.641+0000: [ParNew: 16388K->4K(18432K), 0.0025074 secs] 416786K->400402K(658308K), 0.0025634 secs] [Times: user=0.00 sys=0.00, real=0.00 secs] 
2020-10-29T10:27:07.659+0000: [GC (Allocation Failure) 2020-10-29T10:27:07.659+0000: [ParNew: 16388K->4K(18432K), 0.0025687 secs] 416786K->400402K(658308K), 0.0026255 secs] [Times: user=0.01 sys=0.00, real=0.00 secs] 
2020-10-29T10:27:07.678+0000: [GC (Allocation Failure) 2020-10-29T10:27:07.678+0000: [ParNew: 16388K->4K(18432K), 0.0025880 secs] 416786K->400402K(658308K), 0.0026607 secs] [Times: user=0.00 sys=0.00, real=0.00 secs] 
2020-10-29T10:27:07.700+0000: [GC (Allocation Failure) 2020-10-29T10:27:07.701+0000: [ParNew: 16388K->4K(18432K), 0.0025744 secs] 416786K->400402K(658308K), 0.0026328 secs] [Times: user=0.00 sys=0.00, real=0.00 secs] 
2020-10-29T10:27:07.720+0000: [GC (Allocation Failure) 2020-10-29T10:27:07.720+0000: [ParNew: 16388K->4K(18432K), 0.0024962 secs] 416786K->400402K(658308K), 0.0025509 secs] [Times: user=0.01 sys=0.00, real=0.00 secs] 
2020-10-29T10:27:07.738+0000: [GC (Allocation Failure) 2020-10-29T10:27:07.738+0000: [ParNew: 16388K->4K(18432K), 0.0025227 secs] 416786K->400402K(658308K), 0.0025761 secs] [Times: user=0.00 sys=0.00, real=0.00 secs] 
2020-10-29T10:27:07.758+0000: [GC (Allocation Failure) 2020-10-29T10:27:07.758+0000: [ParNew: 16388K->4K(18432K), 0.0024634 secs] 416786K->400402K(658308K), 0.0025172 secs] [Times: user=0.00 sys=0.00, real=0.00 secs] 
2020-10-29T10:27:07.780+0000: [GC (Allocation Failure) 2020-10-29T10:27:07.781+0000: [ParNew: 16388K->4K(18432K), 0.0025137 secs] 416786K->400402K(658308K), 0.0026141 secs] [Times: user=0.01 sys=0.00, real=0.00 secs] 
2020-10-29T10:27:07.804+0000: [GC (Allocation Failure) 2020-10-29T10:27:07.805+0000: [ParNew: 16388K->4K(18432K), 0.0025123 secs] 416786K->400402K(658308K), 0.0025665 secs] [Times: user=0.01 sys=0.00, real=0.00 secs] 
2020-10-29T10:27:07.824+0000: [GC (Allocation Failure) 2020-10-29T10:27:07.825+0000: [ParNew: 16388K->4K(18432K), 0.0024912 secs] 416786K->400402K(658308K), 0.0025455 secs] [Times: user=0.01 sys=0.00, real=0.00 secs] 
2020-10-29T10:27:07.844+0000: [GC (Allocation Failure) 2020-10-29T10:27:07.845+0000: [ParNew: 16388K->4K(18432K), 0.0023920 secs] 416786K->400402K(658308K), 0.0024423 secs] [Times: user=0.00 sys=0.00, real=0.00 secs] 
2020-10-29T10:27:07.865+0000: [GC (Allocation Failure) 2020-10-29T10:27:07.865+0000: [ParNew: 16388K->4K(18432K), 0.0024094 secs] 416786K->400402K(658308K), 0.0024619 secs] [Times: user=0.01 sys=0.00, real=0.00 secs] 
2020-10-29T10:27:07.880+0000: [GC (Allocation Failure) 2020-10-29T10:27:07.881+0000: [ParNew: 16388K->4K(18432K), 0.0033926 secs] 416786K->408594K(658308K), 0.0034473 secs] [Times: user=0.01 sys=0.00, real=0.00 secs] 
2020-10-29T10:27:07.903+0000: [GC (Allocation Failure) 2020-10-29T10:27:07.903+0000: [ParNew: 16388K->4K(18432K), 0.0025487 secs] 424978K->408594K(658308K), 0.0026045 secs] [Times: user=0.00 sys=0.00, real=0.01 secs] 
2020-10-29T10:27:07.924+0000: [GC (Allocation Failure) 2020-10-29T10:27:07.925+0000: [ParNew: 16337K->4K(18432K), 0.0024823 secs] 424927K->408594K(658308K), 0.0025367 secs] [Times: user=0.01 sys=0.00, real=0.00 secs] 
2020-10-29T10:27:07.944+0000: [GC (Allocation Failure) 2020-10-29T10:27:07.945+0000: [ParNew: 16388K->4K(18432K), 0.0024609 secs] 424978K->408594K(658308K), 0.0025133 secs] [Times: user=0.00 sys=0.00, real=0.00 secs] 
2020-10-29T10:27:07.960+0000: [GC (Allocation Failure) 2020-10-29T10:27:07.960+0000: [ParNew: 16388K->6K(18432K), 0.0034606 secs] 424978K->416788K(658308K), 0.0035162 secs] [Times: user=0.00 sys=0.00, real=0.00 secs] 
2020-10-29T10:27:07.980+0000: [GC (Allocation Failure) 2020-10-29T10:27:07.980+0000: [ParNew: 16390K->6K(18432K), 0.0025354 secs] 433172K->416788K(658308K), 0.0025912 secs] [Times: user=0.01 sys=0.00, real=0.00 secs] 
2020-10-29T10:27:08.000+0000: [GC (Allocation Failure) 2020-10-29T10:27:08.001+0000: [ParNew: 16390K->6K(18432K), 0.0024902 secs] 433172K->416789K(658308K), 0.0025460 secs] [Times: user=0.01 sys=0.00, real=0.00 secs] 
2020-10-29T10:27:08.019+0000: [GC (Allocation Failure) 2020-10-29T10:27:08.019+0000: [ParNew: 16390K->7K(18432K), 0.0025152 secs] 433173K->416789K(658308K), 0.0025696 secs] [Times: user=0.00 sys=0.00, real=0.00 secs] 
2020-10-29T10:27:08.040+0000: [GC (Allocation Failure) 2020-10-29T10:27:08.041+0000: [ParNew: 16391K->7K(18432K), 0.0024828 secs] 433173K->416789K(658308K), 0.0025374 secs] [Times: user=0.01 sys=0.00, real=0.00 secs] 
2020-10-29T10:27:08.059+0000: [GC (Allocation Failure) 2020-10-29T10:27:08.059+0000: [ParNew: 16391K->6K(18432K), 0.0025560 secs] 433173K->416789K(658308K), 0.0026114 secs] [Times: user=0.00 sys=0.00, real=0.00 secs] 
2020-10-29T10:27:08.077+0000: [GC (Allocation Failure) 2020-10-29T10:27:08.077+0000: [ParNew: 16390K->4K(18432K), 0.0025353 secs] 433173K->416790K(658308K), 0.0025906 secs] [Times: user=0.00 sys=0.00, real=0.00 secs] 
2020-10-29T10:27:08.096+0000: [GC (Allocation Failure) 2020-10-29T10:27:08.096+0000: [ParNew: 16388K->4K(18432K), 0.0025315 secs] 433174K->416789K(658308K), 0.0025877 secs] [Times: user=0.00 sys=0.00, real=0.00 secs] 
2020-10-29T10:27:08.116+0000: [GC (Allocation Failure) 2020-10-29T10:27:08.117+0000: [ParNew: 16388K->4K(18432K), 0.0025243 secs] 433173K->416789K(658308K), 0.0025807 secs] [Times: user=0.00 sys=0.00, real=0.00 secs] 
2020-10-29T10:27:08.136+0000: [GC (Allocation Failure) 2020-10-29T10:27:08.137+0000: [ParNew: 16388K->4K(18432K), 0.0025151 secs] 433173K->416789K(658308K), 0.0025718 secs] [Times: user=0.00 sys=0.00, real=0.00 secs] 
2020-10-29T10:27:08.155+0000: [GC (Allocation Failure) 2020-10-29T10:27:08.155+0000: [ParNew: 16388K->4K(18432K), 0.0025580 secs] 433173K->416789K(658308K), 0.0026213 secs] [Times: user=0.01 sys=0.00, real=0.00 secs] 
2020-10-29T10:27:08.174+0000: [GC (Allocation Failure) 2020-10-29T10:27:08.174+0000: [ParNew: 16388K->4K(18432K), 0.0025363 secs] 433173K->416789K(658308K), 0.0025937 secs] [Times: user=0.00 sys=0.01, real=0.00 secs] 
2020-10-29T10:27:08.192+0000: [GC (Allocation Failure) 2020-10-29T10:27:08.192+0000: [ParNew: 16388K->4K(18432K), 0.0026190 secs] 433173K->416789K(658308K), 0.0026772 secs] [Times: user=0.00 sys=0.00, real=0.00 secs] 
2020-10-29T10:27:08.212+0000: [GC (Allocation Failure) 2020-10-29T10:27:08.213+0000: [ParNew: 16388K->4K(18432K), 0.0024866 secs] 433173K->416789K(658308K), 0.0025420 secs] [Times: user=0.00 sys=0.00, real=0.00 secs] 
2020-10-29T10:27:08.231+0000: [GC (Allocation Failure) 2020-10-29T10:27:08.231+0000: [ParNew: 16341K->4K(18432K), 0.0025180 secs] 433126K->416789K(658308K), 0.0025736 secs] [Times: user=0.01 sys=0.00, real=0.01 secs] 
2020-10-29T10:27:08.252+0000: [GC (Allocation Failure) 2020-10-29T10:27:08.253+0000: [ParNew: 16388K->4K(18432K), 0.0025098 secs] 433173K->416789K(658308K), 0.0025652 secs] [Times: user=0.01 sys=0.00, real=0.00 secs] 
2020-10-29T10:27:08.271+0000: [GC (Allocation Failure) 2020-10-29T10:27:08.271+0000: [ParNew: 16388K->4K(18432K), 0.0025588 secs] 433173K->416789K(658308K), 0.0026169 secs] [Times: user=0.00 sys=0.00, real=0.01 secs] 
2020-10-29T10:27:08.290+0000: [GC (Allocation Failure) 2020-10-29T10:27:08.290+0000: [ParNew: 16388K->4K(18432K), 0.0025266 secs] 433173K->416789K(658308K), 0.0025837 secs] [Times: user=0.01 sys=0.00, real=0.01 secs] 
2020-10-29T10:27:08.312+0000: [GC (Allocation Failure) 2020-10-29T10:27:08.313+0000: [ParNew: 16388K->4K(18432K), 0.0024929 secs] 433173K->416789K(658308K), 0.0025471 secs] [Times: user=0.01 sys=0.00, real=0.00 secs] 
2020-10-29T10:27:08.331+0000: [GC (Allocation Failure) 2020-10-29T10:27:08.331+0000: [ParNew: 16388K->4K(18432K), 0.0025354 secs] 433173K->416789K(658308K), 0.0025955 secs] [Times: user=0.00 sys=0.00, real=0.01 secs] 
2020-10-29T10:27:08.350+0000: [GC (Allocation Failure) 2020-10-29T10:27:08.350+0000: [ParNew: 16388K->4K(18432K), 0.0025277 secs] 433173K->416789K(658308K), 0.0025832 secs] [Times: user=0.00 sys=0.00, real=0.01 secs] 
2020-10-29T10:27:08.369+0000: [GC (Allocation Failure) 2020-10-29T10:27:08.369+0000: [ParNew: 16388K->4K(18432K), 0.0025363 secs] 433173K->416789K(658308K), 0.0025919 secs] [Times: user=0.01 sys=0.00, real=0.00 secs] 
2020-10-29T10:27:08.388+0000: [GC (Allocation Failure) 2020-10-29T10:27:08.389+0000: [ParNew: 16388K->4K(18432K), 0.0028915 secs] 433173K->416789K(658308K), 0.0029609 secs] [Times: user=0.00 sys=0.00, real=0.00 secs] 
2020-10-29T10:27:08.408+0000: [GC (Allocation Failure) 2020-10-29T10:27:08.409+0000: [ParNew: 16388K->4K(18432K), 0.0024939 secs] 433173K->416789K(658308K), 0.0025491 secs] [Times: user=0.01 sys=0.00, real=0.00 secs] 
2020-10-29T10:27:08.427+0000: [GC (Allocation Failure) 2020-10-29T10:27:08.427+0000: [ParNew: 16388K->4K(18432K), 0.0025620 secs] 433173K->416789K(658308K), 0.0026178 secs] [Times: user=0.00 sys=0.00, real=0.00 secs] 
2020-10-29T10:27:08.446+0000: [GC (Allocation Failure) 2020-10-29T10:27:08.446+0000: [ParNew: 16388K->4K(18432K), 0.0025213 secs] 433173K->416789K(658308K), 0.0025773 secs] [Times: user=0.01 sys=0.00, real=0.00 secs] 
2020-10-29T10:27:08.464+0000: [GC (Allocation Failure) 2020-10-29T10:27:08.465+0000: [ParNew: 16388K->4K(18432K), 0.0024855 secs] 433173K->416789K(658308K), 0.0025402 secs] [Times: user=0.00 sys=0.00, real=0.00 secs] 
2020-10-29T10:27:08.484+0000: [GC (Allocation Failure) 2020-10-29T10:27:08.485+0000: [ParNew: 16388K->4K(18432K), 0.0025434 secs] 433173K->416789K(658308K), 0.0025980 secs] [Times: user=0.01 sys=0.00, real=0.00 secs] 
2020-10-29T10:27:08.503+0000: [GC (Allocation Failure) 2020-10-29T10:27:08.503+0000: [ParNew: 16388K->4K(18432K), 0.0025131 secs] 433173K->416789K(658308K), 0.0025678 secs] [Times: user=0.01 sys=0.00, real=0.01 secs] 
2020-10-29T10:27:08.528+0000: [GC (Allocation Failure) 2020-10-29T10:27:08.528+0000: [ParNew: 16388K->4K(18432K), 0.0025294 secs] 433173K->416789K(658308K), 0.0025865 secs] [Times: user=0.00 sys=0.00, real=0.00 secs] 
2020-10-29T10:27:08.543+0000: [GC (Allocation Failure) 2020-10-29T10:27:08.543+0000: [ParNew: 11712K->4K(18432K), 0.0025272 secs] 428497K->416789K(658308K), 0.0025814 secs] [Times: user=0.01 sys=0.00, real=0.01 secs] 
2020-10-29T10:27:08.556+0000: [GC (Allocation Failure) 2020-10-29T10:27:08.556+0000: [ParNew: 16388K->4K(18432K), 0.0034717 secs] 433173K->424981K(658308K), 0.0035268 secs] [Times: user=0.00 sys=0.00, real=0.00 secs] 
2020-10-29T10:27:08.559+0000: [CMS-concurrent-abortable-preclean: 0.134/1.604 secs] [Times: user=2.89 sys=0.10, real=1.60 secs] 
2020-10-29T10:27:08.559+0000: [GC (CMS Final Remark) [YG occupancy: 330 K (18432 K)]2020-10-29T10:27:08.559+0000: [Rescan (parallel) , 0.0015693 secs]2020-10-29T10:27:08.561+0000: [weak refs processing, 0.0000268 secs]2020-10-29T10:27:08.561+0000: [class unloading, 0.0079384 secs]2020-10-29T10:27:08.569+0000: [scrub symbol table, 0.0091494 secs]2020-10-29T10:27:08.578+0000: [scrub string table, 0.0005625 secs][1 CMS-remark: 424977K(639876K)] 425307K(658308K), 0.0193619 secs] [Times: user=0.02 sys=0.00, real=0.02 secs] 
2020-10-29T10:27:08.584+0000: [CMS-concurrent-sweep-start]
2020-10-29T10:27:08.598+0000: [GC (Allocation Failure) 2020-10-29T10:27:08.598+0000: [ParNew: 16388K->4K(18432K), 0.0024985 secs] 441365K->424981K(658308K), 0.0025542 secs] [Times: user=0.00 sys=0.00, real=0.00 secs] 
2020-10-29T10:27:08.613+0000: [CMS-concurrent-sweep: 0.022/0.029 secs] [Times: user=0.05 sys=0.01, real=0.03 secs] 
2020-10-29T10:27:08.613+0000: [CMS-concurrent-reset-start]
2020-10-29T10:27:08.615+0000: [CMS-concurrent-reset: 0.002/0.002 secs] [Times: user=0.00 sys=0.00, real=0.00 secs] 
2020-10-29T10:27:08.620+0000: [GC (Allocation Failure) 2020-10-29T10:27:08.621+0000: [ParNew: 16388K->4K(18432K), 0.0026344 secs] 424980K->408596K(699424K), 0.0026828 secs] [Times: user=0.01 sys=0.00, real=0.00 secs] 
2020-10-29T10:27:08.638+0000: [GC (Allocation Failure) 2020-10-29T10:27:08.638+0000: [ParNew: 16388K->4K(18432K), 0.0026152 secs] 424980K->408596K(699424K), 0.0026699 secs] [Times: user=0.00 sys=0.00, real=0.00 secs] 
2020-10-29T10:27:08.656+0000: [GC (Allocation Failure) 2020-10-29T10:27:08.656+0000: [ParNew: 16388K->4K(18432K), 0.0026624 secs] 424980K->408596K(699424K), 0.0027191 secs] [Times: user=0.01 sys=0.00, real=0.00 secs] 
2020-10-29T10:27:08.676+0000: [GC (Allocation Failure) 2020-10-29T10:27:08.677+0000: [ParNew: 16388K->4K(18432K), 0.0026091 secs] 424980K->408596K(699424K), 0.0026646 secs] [Times: user=0.01 sys=0.00, real=0.00 secs] 
2020-10-29T10:27:08.696+0000: [GC (Allocation Failure) 2020-10-29T10:27:08.697+0000: [ParNew: 16388K->4K(18432K), 0.0026101 secs] 424980K->408597K(699424K), 0.0026653 secs] [Times: user=0.00 sys=0.00, real=0.00 secs] 
2020-10-29T10:27:08.717+0000: [GC (Allocation Failure) 2020-10-29T10:27:08.717+0000: [ParNew: 16388K->4K(18432K), 0.0026578 secs] 424981K->408597K(699424K), 0.0027144 secs] [Times: user=0.01 sys=0.00, real=0.00 secs] 
2020-10-29T10:27:08.735+0000: [GC (Allocation Failure) 2020-10-29T10:27:08.735+0000: [ParNew: 16388K->4K(18432K), 0.0032201 secs] 424981K->408597K(699424K), 0.0032753 secs] [Times: user=0.00 sys=0.00, real=0.00 secs] 
2020-10-29T10:27:08.756+0000: [GC (Allocation Failure) 2020-10-29T10:27:08.757+0000: [ParNew: 16388K->4K(18432K), 0.0026657 secs] 424981K->408597K(699424K), 0.0027226 secs] [Times: user=0.00 sys=0.00, real=0.00 secs] 
2020-10-29T10:27:08.776+0000: [GC (Allocation Failure) 2020-10-29T10:27:08.777+0000: [ParNew: 16388K->4K(18432K), 0.0026033 secs] 424981K->408597K(699424K), 0.0026588 secs] [Times: user=0.01 sys=0.00, real=0.00 secs] 
2020-10-29T10:27:08.794+0000: [GC (Allocation Failure) 2020-10-29T10:27:08.794+0000: [ParNew: 16388K->4K(18432K), 0.0026275 secs] 424981K->408597K(699424K), 0.0026830 secs] [Times: user=0.01 sys=0.00, real=0.00 secs] 
2020-10-29T10:27:08.805+0000: [GC (Allocation Failure) 2020-10-29T10:27:08.806+0000: [ParNew: 16388K->4K(18432K), 0.0034772 secs] 424981K->416789K(699424K), 0.0035379 secs] [Times: user=0.01 sys=0.00, real=0.00 secs] 
2020-10-29T10:27:08.809+0000: [GC (CMS Initial Mark) [1 CMS-initial-mark: 416785K(680992K)] 416925K(699424K), 0.0013601 secs] [Times: user=0.00 sys=0.00, real=0.00 secs] 
2020-10-29T10:27:08.811+0000: [CMS-concurrent-mark-start]
2020-10-29T10:27:08.831+0000: [GC (Allocation Failure) 2020-10-29T10:27:08.831+0000: [ParNew: 16388K->4K(18432K), 0.0025839 secs] 433173K->416789K(699424K), 0.0026400 secs] [Times: user=0.00 sys=0.00, real=0.01 secs] 
2020-10-29T10:27:08.855+0000: [GC (Allocation Failure) 2020-10-29T10:27:08.855+0000: [ParNew: 16388K->4K(18432K), 0.0026124 secs] 433173K->416789K(699424K), 0.0026684 secs] [Times: user=0.00 sys=0.00, real=0.00 secs] 
2020-10-29T10:27:08.876+0000: [GC (Allocation Failure) 2020-10-29T10:27:08.876+0000: [ParNew: 16388K->4K(18432K), 0.0026139 secs] 433173K->416789K(699424K), 0.0026690 secs] [Times: user=0.00 sys=0.00, real=0.00 secs] 
2020-10-29T10:27:08.900+0000: [GC (Allocation Failure) 2020-10-29T10:27:08.900+0000: [ParNew: 16388K->4K(18432K), 0.0026061 secs] 433173K->416789K(699424K), 0.0026613 secs] [Times: user=0.00 sys=0.00, real=0.00 secs] 
2020-10-29T10:27:08.912+0000: [CMS-concurrent-mark: 0.090/0.101 secs] [Times: user=0.20 sys=0.00, real=0.10 secs] 
2020-10-29T10:27:08.912+0000: [CMS-concurrent-preclean-start]
2020-10-29T10:27:08.914+0000: [CMS-concurrent-preclean: 0.003/0.003 secs] [Times: user=0.00 sys=0.00, real=0.01 secs] 
2020-10-29T10:27:08.915+0000: [CMS-concurrent-abortable-preclean-start]
2020-10-29T10:27:08.921+0000: [GC (Allocation Failure) 2020-10-29T10:27:08.922+0000: [ParNew: 16388K->4K(18432K), 0.0025047 secs] 433173K->416789K(699424K), 0.0025537 secs] [Times: user=0.00 sys=0.00, real=0.00 secs] 
2020-10-29T10:27:08.940+0000: [GC (Allocation Failure) 2020-10-29T10:27:08.941+0000: [ParNew: 16388K->4K(18432K), 0.0026148 secs] 433173K->416789K(699424K), 0.0026695 secs] [Times: user=0.00 sys=0.00, real=0.00 secs] 
2020-10-29T10:27:08.959+0000: [GC (Allocation Failure) 2020-10-29T10:27:08.959+0000: [ParNew: 16388K->4K(18432K), 0.0027084 secs] 433173K->416789K(699424K), 0.0027639 secs] [Times: user=0.01 sys=0.00, real=0.00 secs] 
2020-10-29T10:27:08.980+0000: [GC (Allocation Failure) 2020-10-29T10:27:08.981+0000: [ParNew: 16388K->4K(18432K), 0.0026463 secs] 433173K->416789K(699424K), 0.0027036 secs] [Times: user=0.00 sys=0.00, real=0.00 secs] 
2020-10-29T10:27:08.999+0000: [GC (Allocation Failure) 2020-10-29T10:27:08.999+0000: [ParNew: 16388K->4K(18432K), 0.0026545 secs] 433173K->416789K(699424K), 0.0027113 secs] [Times: user=0.01 sys=0.00, real=0.00 secs] 
2020-10-29T10:27:09.020+0000: [GC (Allocation Failure) 2020-10-29T10:27:09.021+0000: [ParNew: 16388K->4K(18432K), 0.0026155 secs] 433173K->416789K(699424K), 0.0026714 secs] [Times: user=0.01 sys=0.00, real=0.00 secs] 
2020-10-29T10:27:09.039+0000: [GC (Allocation Failure) 2020-10-29T10:27:09.039+0000: [ParNew: 16388K->4K(18432K), 0.0026445 secs] 433173K->416789K(699424K), 0.0027016 secs] [Times: user=0.01 sys=0.00, real=0.00 secs] 
2020-10-29T10:27:09.060+0000: [GC (Allocation Failure) 2020-10-29T10:27:09.061+0000: [ParNew: 16388K->4K(18432K), 0.0026561 secs] 433173K->416789K(699424K), 0.0027125 secs] [Times: user=0.01 sys=0.00, real=0.00 secs] 
2020-10-29T10:27:09.080+0000: [GC (Allocation Failure) 2020-10-29T10:27:09.081+0000: [ParNew: 16388K->4K(18432K), 0.0025709 secs] 433173K->416789K(699424K), 0.0026260 secs] [Times: user=0.01 sys=0.00, real=0.00 secs] 
2020-10-29T10:27:09.099+0000: [GC (Allocation Failure) 2020-10-29T10:27:09.099+0000: [ParNew: 16388K->4K(18432K), 0.0026402 secs] 433173K->416789K(699424K), 0.0026970 secs] [Times: user=0.00 sys=0.00, real=0.00 secs] 
2020-10-29T10:27:09.117+0000: [GC (Allocation Failure) 2020-10-29T10:27:09.117+0000: [ParNew: 16388K->4K(18432K), 0.0025566 secs] 433173K->416789K(699424K), 0.0026099 secs] [Times: user=0.01 sys=0.00, real=0.00 secs] 
2020-10-29T10:27:09.139+0000: [GC (Allocation Failure) 2020-10-29T10:27:09.139+0000: [ParNew: 16388K->4K(18432K), 0.0026016 secs] 433173K->416789K(699424K), 0.0026716 secs] [Times: user=0.00 sys=0.00, real=0.00 secs] 
2020-10-29T10:27:09.158+0000: [GC (Allocation Failure) 2020-10-29T10:27:09.158+0000: [ParNew: 16388K->4K(18432K), 0.0026242 secs] 433173K->416789K(699424K), 0.0026797 secs] [Times: user=0.01 sys=0.00, real=0.00 secs] 
2020-10-29T10:27:09.180+0000: [GC (Allocation Failure) 2020-10-29T10:27:09.181+0000: [ParNew: 16388K->4K(18432K), 0.0026095 secs] 433173K->416789K(699424K), 0.0026658 secs] [Times: user=0.00 sys=0.01, real=0.00 secs] 
2020-10-29T10:27:09.200+0000: [GC (Allocation Failure) 2020-10-29T10:27:09.201+0000: [ParNew: 16388K->4K(18432K), 0.0026414 secs] 433173K->416789K(699424K), 0.0026977 secs] [Times: user=0.01 sys=0.00, real=0.00 secs] 
2020-10-29T10:27:09.219+0000: [GC (Allocation Failure) 2020-10-29T10:27:09.219+0000: [ParNew: 16388K->4K(18432K), 0.0026172 secs] 433173K->416789K(699424K), 0.0026655 secs] [Times: user=0.00 sys=0.00, real=0.00 secs] 
2020-10-29T10:27:09.231+0000: [GC (Allocation Failure) 2020-10-29T10:27:09.231+0000: [ParNew: 16388K->4K(18432K), 0.0081228 secs] 433173K->424981K(699424K), 0.0081854 secs] [Times: user=0.02 sys=0.00, real=0.01 secs] 
2020-10-29T10:27:09.260+0000: [GC (Allocation Failure) 2020-10-29T10:27:09.260+0000: [ParNew: 16388K->4K(18432K), 0.0026026 secs] 441365K->424981K(699424K), 0.0026576 secs] [Times: user=0.01 sys=0.00, real=0.00 secs] 
2020-10-29T10:27:09.279+0000: [GC (Allocation Failure) 2020-10-29T10:27:09.279+0000: [ParNew: 16388K->4K(18432K), 0.0024624 secs] 441365K->424981K(699424K), 0.0025146 secs] [Times: user=0.01 sys=0.00, real=0.00 secs] 
2020-10-29T10:27:09.298+0000: [GC (Allocation Failure) 2020-10-29T10:27:09.298+0000: [ParNew: 16388K->4K(18432K), 0.0025705 secs] 441365K->424981K(699424K), 0.0026258 secs] [Times: user=0.00 sys=0.00, real=0.00 secs] 
2020-10-29T10:27:09.320+0000: [GC (Allocation Failure) 2020-10-29T10:27:09.320+0000: [ParNew: 16388K->4K(18432K), 0.0025967 secs] 441365K->424981K(699424K), 0.0026521 secs] [Times: user=0.01 sys=0.00, real=0.00 secs] 
2020-10-29T10:27:09.340+0000: [GC (Allocation Failure) 2020-10-29T10:27:09.341+0000: [ParNew: 16388K->4K(18432K), 0.0026545 secs] 441365K->424981K(699424K), 0.0027111 secs] [Times: user=0.00 sys=0.00, real=0.00 secs] 
2020-10-29T10:27:09.360+0000: [GC (Allocation Failure) 2020-10-29T10:27:09.361+0000: [ParNew: 16388K->4K(18432K), 0.0025866 secs] 441365K->424981K(699424K), 0.0026411 secs] [Times: user=0.00 sys=0.00, real=0.00 secs] 
2020-10-29T10:27:09.380+0000: [GC (Allocation Failure) 2020-10-29T10:27:09.381+0000: [ParNew: 16388K->4K(18432K), 0.0027206 secs] 441365K->424981K(699424K), 0.0027750 secs] [Times: user=0.00 sys=0.00, real=0.00 secs] 
2020-10-29T10:27:09.400+0000: [GC (Allocation Failure) 2020-10-29T10:27:09.400+0000: [ParNew: 16388K->4K(18432K), 0.0026036 secs] 441365K->424981K(699424K), 0.0026590 secs] [Times: user=0.01 sys=0.00, real=0.00 secs] 
2020-10-29T10:27:09.420+0000: [GC (Allocation Failure) 2020-10-29T10:27:09.421+0000: [ParNew: 16388K->4K(18432K), 0.0025808 secs] 441365K->424981K(699424K), 0.0026364 secs] [Times: user=0.01 sys=0.00, real=0.00 secs] 
2020-10-29T10:27:09.448+0000: [GC (Allocation Failure) 2020-10-29T10:27:09.448+0000: [ParNew: 16388K->4K(18432K), 0.0026133 secs] 441365K->424981K(699424K), 0.0026694 secs] [Times: user=0.01 sys=0.00, real=0.00 secs] 
2020-10-29T10:27:09.481+0000: [GC (Allocation Failure) 2020-10-29T10:27:09.481+0000: [ParNew: 16388K->4K(18432K), 0.0025858 secs] 441365K->424981K(699424K), 0.0026414 secs] [Times: user=0.00 sys=0.00, real=0.00 secs] 
2020-10-29T10:27:09.515+0000: [GC (Allocation Failure) 2020-10-29T10:27:09.515+0000: [ParNew: 16388K->4K(18432K), 0.0026196 secs] 441365K->424981K(699424K), 0.0026766 secs] [Times: user=0.00 sys=0.00, real=0.00 secs] 
2020-10-29T10:27:09.548+0000: [GC (Allocation Failure) 2020-10-29T10:27:09.549+0000: [ParNew: 16388K->4K(18432K), 0.0030665 secs] 441365K->424981K(699424K), 0.0031240 secs] [Times: user=0.00 sys=0.00, real=0.00 secs] 
2020-10-29T10:27:09.583+0000: [GC (Allocation Failure) 2020-10-29T10:27:09.583+0000: [ParNew: 16388K->4K(18432K), 0.0026280 secs] 441365K->424981K(699424K), 0.0026843 secs] [Times: user=0.01 sys=0.00, real=0.01 secs] 
2020-10-29T10:27:09.616+0000: [GC (Allocation Failure) 2020-10-29T10:27:09.617+0000: [ParNew: 16388K->4K(18432K), 0.0025983 secs] 441365K->424981K(699424K), 0.0026537 secs] [Times: user=0.00 sys=0.00, real=0.00 secs] 
2020-10-29T10:27:09.652+0000: [GC (Allocation Failure) 2020-10-29T10:27:09.653+0000: [ParNew: 16388K->4K(18432K), 0.0026158 secs] 441365K->424982K(699424K), 0.0026720 secs] [Times: user=0.01 sys=0.00, real=0.00 secs] 
2020-10-29T10:27:09.684+0000: [GC (Allocation Failure) 2020-10-29T10:27:09.684+0000: [ParNew: 16388K->4K(18432K), 0.0026062 secs] 441366K->424982K(699424K), 0.0026767 secs] [Times: user=0.01 sys=0.00, real=0.01 secs] 
2020-10-29T10:27:09.714+0000: [GC (Allocation Failure) 2020-10-29T10:27:09.714+0000: [ParNew: 16388K->4K(18432K), 0.0026348 secs] 441366K->424982K(699424K), 0.0026904 secs] [Times: user=0.01 sys=0.00, real=0.00 secs] 
2020-10-29T10:27:09.736+0000: [GC (Allocation Failure) 2020-10-29T10:27:09.737+0000: [ParNew: 16388K->4K(18432K), 0.0084471 secs] 441366K->433174K(699424K), 0.0085097 secs] [Times: user=0.01 sys=0.01, real=0.01 secs] 
2020-10-29T10:27:09.776+0000: [GC (Allocation Failure) 2020-10-29T10:27:09.776+0000: [ParNew: 16388K->4K(18432K), 0.0025822 secs] 449558K->433174K(699424K), 0.0026382 secs] [Times: user=0.00 sys=0.01, real=0.00 secs] 
2020-10-29T10:27:09.813+0000: [GC (Allocation Failure) 2020-10-29T10:27:09.813+0000: [ParNew: 16388K->4K(18432K), 0.0026190 secs] 449558K->433174K(699424K), 0.0026766 secs] [Times: user=0.00 sys=0.00, real=0.00 secs] 
2020-10-29T10:27:10.289+0000: [GC (Allocation Failure) 2020-10-29T10:27:10.289+0000: [ParNew: 16388K->4K(18432K), 0.0025929 secs] 449558K->433174K(699424K), 0.0026497 secs] [Times: user=0.00 sys=0.00, real=0.00 secs] 
2020-10-29T10:27:10.291+0000: [CMS-concurrent-abortable-preclean: 0.076/1.377 secs] [Times: user=2.58 sys=0.07, real=1.37 secs] 
2020-10-29T10:27:10.292+0000: [GC (CMS Final Remark) [YG occupancy: 241 K (18432 K)]2020-10-29T10:27:10.292+0000: [Rescan (parallel) , 0.0016952 secs]2020-10-29T10:27:10.294+0000: [weak refs processing, 0.0000271 secs]2020-10-29T10:27:10.294+0000: [class unloading, 0.0079558 secs]2020-10-29T10:27:10.302+0000: [scrub symbol table, 0.0097056 secs]2020-10-29T10:27:10.311+0000: [scrub string table, 0.0005679 secs][1 CMS-remark: 433170K(680992K)] 433412K(699424K), 0.0200871 secs] [Times: user=0.02 sys=0.00, real=0.02 secs] 
2020-10-29T10:27:10.312+0000: [CMS-concurrent-sweep-start]
2020-10-29T10:27:10.323+0000: [CMS-concurrent-sweep: 0.011/0.011 secs] [Times: user=0.02 sys=0.00, real=0.01 secs] 
2020-10-29T10:27:10.323+0000: [CMS-concurrent-reset-start]
2020-10-29T10:27:10.332+0000: [CMS-concurrent-reset: 0.009/0.009 secs] [Times: user=0.02 sys=0.00, real=0.01 secs] 
2020-10-29T10:27:10.411+0000: [GC (Allocation Failure) 2020-10-29T10:27:10.411+0000: [ParNew: 16388K->4K(18432K), 0.0026689 secs] 433174K->416790K(713080K), 0.0027286 secs] [Times: user=0.00 sys=0.00, real=0.01 secs] 
2020-10-29T10:27:10.448+0000: [GC (Allocation Failure) 2020-10-29T10:27:10.448+0000: [ParNew: 16388K->4K(18432K), 0.0026433 secs] 433174K->416790K(713080K), 0.0027003 secs] [Times: user=0.01 sys=0.00, real=0.00 secs] 
2020-10-29T10:27:10.485+0000: [GC (Allocation Failure) 2020-10-29T10:27:10.485+0000: [ParNew: 16388K->4K(18432K), 0.0026593 secs] 433174K->416790K(713080K), 0.0027165 secs] [Times: user=0.01 sys=0.00, real=0.00 secs] 
2020-10-29T10:27:10.524+0000: [GC (Allocation Failure) 2020-10-29T10:27:10.525+0000: [ParNew: 16388K->4K(18432K), 0.0026601 secs] 433174K->416790K(713080K), 0.0027187 secs] [Times: user=0.00 sys=0.00, real=0.00 secs] 
2020-10-29T10:27:10.561+0000: [GC (Allocation Failure) 2020-10-29T10:27:10.561+0000: [ParNew: 16388K->4K(18432K), 0.0026685 secs] 433174K->416790K(713080K), 0.0027267 secs] [Times: user=0.00 sys=0.00, real=0.00 secs] 
2020-10-29T10:27:10.596+0000: [GC (Allocation Failure) 2020-10-29T10:27:10.596+0000: [ParNew: 16388K->4K(18432K), 0.0026273 secs] 433174K->416792K(713080K), 0.0026912 secs] [Times: user=0.00 sys=0.00, real=0.00 secs] 
2020-10-29T10:27:10.628+0000: [GC (Allocation Failure) 2020-10-29T10:27:10.629+0000: [ParNew: 16388K->4K(18432K), 0.0026167 secs] 433176K->416792K(713080K), 0.0026744 secs] [Times: user=0.00 sys=0.00, real=0.00 secs] 
2020-10-29T10:27:10.649+0000: [GC (Allocation Failure) 2020-10-29T10:27:10.649+0000: [ParNew: 16388K->4K(18432K), 0.0026062 secs] 433176K->416792K(713080K), 0.0026622 secs] [Times: user=0.01 sys=0.00, real=0.00 secs] 
2020-10-29T10:27:10.672+0000: [GC (Allocation Failure) 2020-10-29T10:27:10.673+0000: [ParNew: 16388K->4K(18432K), 0.0026250 secs] 433176K->416792K(713080K), 0.0026816 secs] [Times: user=0.00 sys=0.00, real=0.00 secs] 
2020-10-29T10:27:10.696+0000: [GC (Allocation Failure) 2020-10-29T10:27:10.696+0000: [ParNew: 16388K->4K(18432K), 0.0026920 secs] 433176K->416792K(713080K), 0.0027476 secs] [Times: user=0.01 sys=0.00, real=0.00 secs] 
2020-10-29T10:27:10.720+0000: [GC (Allocation Failure) 2020-10-29T10:27:10.720+0000: [ParNew: 16388K->4K(18432K), 0.0032631 secs] 433176K->416792K(713080K), 0.0033293 secs] [Times: user=0.01 sys=0.00, real=0.00 secs] 
2020-10-29T10:27:10.743+0000: [GC (Allocation Failure) 2020-10-29T10:27:10.743+0000: [ParNew: 16388K->4K(18432K), 0.0026763 secs] 433176K->416792K(713080K), 0.0027338 secs] [Times: user=0.00 sys=0.00, real=0.01 secs] 
2020-10-29T10:27:10.764+0000: [GC (Allocation Failure) 2020-10-29T10:27:10.764+0000: [ParNew: 16388K->4K(18432K), 0.0026581 secs] 433176K->416792K(713080K), 0.0027159 secs] [Times: user=0.00 sys=0.00, real=0.01 secs] 
2020-10-29T10:27:10.784+0000: [GC (Allocation Failure) 2020-10-29T10:27:10.784+0000: [ParNew: 16388K->2K(18432K), 0.0026608 secs] 433176K->416790K(713080K), 0.0027170 secs] [Times: user=0.00 sys=0.00, real=0.01 secs] 
2020-10-29T10:27:10.808+0000: [GC (Allocation Failure) 2020-10-29T10:27:10.808+0000: [ParNew: 16386K->4K(18432K), 0.0026416 secs] 433174K->416792K(713080K), 0.0026977 secs] [Times: user=0.00 sys=0.00, real=0.00 secs] 
2020-10-29T10:27:10.829+0000: [GC (Allocation Failure) 2020-10-29T10:27:10.829+0000: [ParNew: 16388K->4K(18432K), 0.0026242 secs] 433176K->416792K(713080K), 0.0026817 secs] [Times: user=0.00 sys=0.00, real=0.00 secs] 
2020-10-29T10:27:10.849+0000: [GC (Allocation Failure) 2020-10-29T10:27:10.849+0000: [ParNew: 16388K->4K(18432K), 0.0026237 secs] 433176K->416792K(713080K), 0.0026784 secs] [Times: user=0.00 sys=0.00, real=0.00 secs] 
2020-10-29T10:27:10.869+0000: [GC (Allocation Failure) 2020-10-29T10:27:10.869+0000: [ParNew: 16388K->4K(18432K), 0.0026597 secs] 433176K->416792K(713080K), 0.0027154 secs] [Times: user=0.00 sys=0.00, real=0.00 secs] 
2020-10-29T10:27:10.889+0000: [GC (Allocation Failure) 2020-10-29T10:27:10.889+0000: [ParNew: 16388K->4K(18432K), 0.0026257 secs] 433176K->416792K(713080K), 0.0026815 secs] [Times: user=0.00 sys=0.00, real=0.00 secs] 
2020-10-29T10:27:10.910+0000: [GC (Allocation Failure) 2020-10-29T10:27:10.910+0000: [ParNew: 16388K->4K(18432K), 0.0026559 secs] 433176K->416792K(713080K), 0.0027138 secs] [Times: user=0.00 sys=0.00, real=0.01 secs] 
2020-10-29T10:27:10.930+0000: [GC (Allocation Failure) 2020-10-29T10:27:10.930+0000: [ParNew: 16388K->4K(18432K), 0.0026513 secs] 433176K->416792K(713080K), 0.0027079 secs] [Times: user=0.00 sys=0.00, real=0.01 secs] 
2020-10-29T10:27:10.952+0000: [GC (Allocation Failure) 2020-10-29T10:27:10.953+0000: [ParNew: 16388K->4K(18432K), 0.0026458 secs] 433176K->416792K(713080K), 0.0027031 secs] [Times: user=0.01 sys=0.00, real=0.00 secs] 
2020-10-29T10:27:10.976+0000: [GC (Allocation Failure) 2020-10-29T10:27:10.977+0000: [ParNew: 16388K->4K(18432K), 0.0026372 secs] 433176K->416792K(713080K), 0.0026934 secs] [Times: user=0.01 sys=0.00, real=0.00 secs] 
2020-10-29T10:27:10.998+0000: [GC (Allocation Failure) 2020-10-29T10:27:10.998+0000: [ParNew: 16388K->4K(18432K), 0.0026287 secs] 433176K->416792K(713080K), 0.0026858 secs] [Times: user=0.00 sys=0.00, real=0.00 secs] 
2020-10-29T10:27:11.020+0000: [GC (Allocation Failure) 2020-10-29T10:27:11.021+0000: [ParNew: 16388K->4K(18432K), 0.0026636 secs] 433176K->416792K(713080K), 0.0027203 secs] [Times: user=0.01 sys=0.00, real=0.00 secs] 
2020-10-29T10:27:11.041+0000: [GC (Allocation Failure) 2020-10-29T10:27:11.041+0000: [ParNew: 16388K->4K(18432K), 0.0026141 secs] 433176K->416792K(713080K), 0.0026695 secs] [Times: user=0.01 sys=0.00, real=0.00 secs] 
2020-10-29T10:27:11.064+0000: [GC (Allocation Failure) 2020-10-29T10:27:11.065+0000: [ParNew: 16388K->4K(18432K), 0.0026197 secs] 433176K->416792K(713080K), 0.0026751 secs] [Times: user=0.01 sys=0.00, real=0.00 secs] 
2020-10-29T10:27:11.087+0000: [GC (Allocation Failure) 2020-10-29T10:27:11.087+0000: [ParNew: 16388K->4K(18432K), 0.0025986 secs] 433176K->416792K(713080K), 0.0026529 secs] [Times: user=0.00 sys=0.00, real=0.00 secs] 
2020-10-29T10:27:11.107+0000: [GC (Allocation Failure) 2020-10-29T10:27:11.107+0000: [ParNew: 16388K->4K(18432K), 0.0026362 secs] 433176K->416792K(713080K), 0.0026930 secs] [Times: user=0.00 sys=0.00, real=0.00 secs] 
2020-10-29T10:27:11.128+0000: [GC (Allocation Failure) 2020-10-29T10:27:11.129+0000: [ParNew: 16388K->4K(18432K), 0.0026022 secs] 433176K->416792K(713080K), 0.0026574 secs] [Times: user=0.00 sys=0.00, real=0.00 secs] 
2020-10-29T10:27:11.149+0000: [GC (Allocation Failure) 2020-10-29T10:27:11.149+0000: [ParNew: 16388K->4K(18432K), 0.0026191 secs] 433176K->416792K(713080K), 0.0026739 secs] [Times: user=0.00 sys=0.00, real=0.00 secs] 
2020-10-29T10:27:11.169+0000: [GC (Allocation Failure) 2020-10-29T10:27:11.169+0000: [ParNew: 16388K->4K(18432K), 0.0026225 secs] 433176K->416792K(713080K), 0.0026791 secs] [Times: user=0.00 sys=0.00, real=0.00 secs] 
2020-10-29T10:27:11.189+0000: [GC (Allocation Failure) 2020-10-29T10:27:11.189+0000: [ParNew: 16388K->4K(18432K), 0.0026023 secs] 433176K->416792K(713080K), 0.0026576 secs] [Times: user=0.00 sys=0.00, real=0.00 secs] 
2020-10-29T10:27:11.210+0000: [GC (Allocation Failure) 2020-10-29T10:27:11.210+0000: [ParNew: 16388K->4K(18432K), 0.0026075 secs] 433176K->416792K(713080K), 0.0026592 secs] [Times: user=0.00 sys=0.00, real=0.00 secs] 
2020-10-29T10:27:11.230+0000: [GC (Allocation Failure) 2020-10-29T10:27:11.230+0000: [ParNew: 16388K->4K(18432K), 0.0026302 secs] 433176K->416792K(713080K), 0.0026863 secs] [Times: user=0.00 sys=0.00, real=0.01 secs] 
2020-10-29T10:27:11.250+0000: [GC (Allocation Failure) 2020-10-29T10:27:11.250+0000: [ParNew: 16388K->4K(18432K), 0.0026780 secs] 433176K->416792K(713080K), 0.0027352 secs] [Times: user=0.00 sys=0.00, real=0.01 secs] 
2020-10-29T10:27:11.278+0000: [GC (Allocation Failure) 2020-10-29T10:27:11.278+0000: [ParNew: 16388K->4K(18432K), 0.0026771 secs] 433176K->416792K(713080K), 0.0027318 secs] [Times: user=0.00 sys=0.00, real=0.00 secs] 
2020-10-29T10:27:11.302+0000: [GC (Allocation Failure) 2020-10-29T10:27:11.302+0000: [ParNew: 16388K->4K(18432K), 0.0026609 secs] 433176K->416792K(713080K), 0.0027168 secs] [Times: user=0.01 sys=0.00, real=0.01 secs] 
2020-10-29T10:27:11.325+0000: [GC (Allocation Failure) 2020-10-29T10:27:11.325+0000: [ParNew: 16388K->4K(18432K), 0.0026490 secs] 433176K->416792K(713080K), 0.0027069 secs] [Times: user=0.00 sys=0.00, real=0.00 secs] 
2020-10-29T10:27:11.349+0000: [GC (Allocation Failure) 2020-10-29T10:27:11.349+0000: [ParNew: 16388K->4K(18432K), 0.0026337 secs] 433176K->416792K(713080K), 0.0026915 secs] [Times: user=0.00 sys=0.00, real=0.00 secs] 
2020-10-29T10:27:12.030+0000: [GC (Allocation Failure) 2020-10-29T10:27:12.030+0000: [ParNew: 16388K->1283K(18432K), 0.0053963 secs] 433176K->418071K(713080K), 0.0054741 secs] [Times: user=0.01 sys=0.00, real=0.01 secs] 
2020-10-29T10:27:12.144+0000: [GC (Allocation Failure) 2020-10-29T10:27:12.144+0000: [ParNew: 17667K->2047K(18432K), 0.0077568 secs] 434455K->419642K(713080K), 0.0078129 secs] [Times: user=0.02 sys=0.00, real=0.01 secs] 
2020-10-29T10:27:12.296+0000: [GC (Allocation Failure) 2020-10-29T10:27:12.297+0000: [ParNew: 18431K->960K(18432K), 0.0061964 secs] 436026K->419884K(713080K), 0.0062655 secs] [Times: user=0.01 sys=0.00, real=0.00 secs] 
2020-10-29T10:27:12.333+0000: [GC (Allocation Failure) 2020-10-29T10:27:12.333+0000: [ParNew: 17344K->792K(18432K), 0.0029931 secs] 436268K->419716K(713080K), 0.0030693 secs] [Times: user=0.01 sys=0.00, real=0.00 secs] 
2020-10-29T10:27:12.365+0000: [GC (Allocation Failure) 2020-10-29T10:27:12.365+0000: [ParNew: 17176K->855K(18432K), 0.0028528 secs] 436100K->419779K(713080K), 0.0029095 secs] [Times: user=0.01 sys=0.00, real=0.00 secs] 
2020-10-29T10:27:12.389+0000: [GC (Allocation Failure) 2020-10-29T10:27:12.389+0000: [ParNew: 17239K->1130K(18432K), 0.0034564 secs] 436163K->420054K(713080K), 0.0035128 secs] [Times: user=0.01 sys=0.00, real=0.01 secs] 
2020-10-29T10:27:12.416+0000: [GC (Allocation Failure) 2020-10-29T10:27:12.416+0000: [ParNew: 17514K->1379K(18432K), 0.0029412 secs] 436438K->420304K(713080K), 0.0029958 secs] [Times: user=0.00 sys=0.00, real=0.00 secs] 
2020-10-29T10:27:12.441+0000: [GC (Allocation Failure) 2020-10-29T10:27:12.441+0000: [ParNew: 17763K->1089K(18432K), 0.0030250 secs] 436688K->420461K(713080K), 0.0030810 secs] [Times: user=0.01 sys=0.00, real=0.00 secs] 
2020-10-29T10:27:12.466+0000: [GC (Allocation Failure) 2020-10-29T10:27:12.466+0000: [ParNew: 17473K->1616K(18432K), 0.0029109 secs] 436845K->420989K(713080K), 0.0029655 secs] [Times: user=0.01 sys=0.00, real=0.00 secs] 
2020-10-29T10:27:12.492+0000: [GC (Allocation Failure) 2020-10-29T10:27:12.492+0000: [ParNew: 18000K->1044K(18432K), 0.0031994 secs] 437373K->420928K(713080K), 0.0032533 secs] [Times: user=0.00 sys=0.00, real=0.01 secs] 
2020-10-29T10:27:12.520+0000: [GC (Allocation Failure) 2020-10-29T10:27:12.520+0000: [ParNew: 17428K->5K(18432K), 0.0027360 secs] 437312K->420401K(713080K), 0.0028200 secs] [Times: user=0.00 sys=0.00, real=0.00 secs] 
2020-10-29T10:27:12.544+0000: [GC (Allocation Failure) 2020-10-29T10:27:12.544+0000: [ParNew: 16389K->1028K(18432K), 0.0028783 secs] 436785K->422448K(713080K), 0.0029326 secs] [Times: user=0.01 sys=0.00, real=0.01 secs] 
2020-10-29T10:27:12.572+0000: [GC (Allocation Failure) 2020-10-29T10:27:12.572+0000: [ParNew: 17412K->4K(18432K), 0.0026038 secs] 438832K->421424K(713080K), 0.0026603 secs] [Times: user=0.01 sys=0.00, real=0.00 secs] 
2020-10-29T10:27:12.600+0000: [GC (Allocation Failure) 2020-10-29T10:27:12.601+0000: [ParNew: 16388K->4K(18432K), 0.0027051 secs] 437808K->421424K(713080K), 0.0027612 secs] [Times: user=0.00 sys=0.00, real=0.00 secs] 
2020-10-29T10:27:12.624+0000: [GC (Allocation Failure) 2020-10-29T10:27:12.624+0000: [ParNew: 16388K->4K(18432K), 0.0026517 secs] 437808K->421424K(713080K), 0.0027479 secs] [Times: user=0.00 sys=0.00, real=0.01 secs] 
2020-10-29T10:27:12.644+0000: [GC (Allocation Failure) 2020-10-29T10:27:12.644+0000: [ParNew: 16388K->4K(18432K), 0.0026703 secs] 437808K->421424K(713080K), 0.0027255 secs] [Times: user=0.00 sys=0.00, real=0.01 secs] 
2020-10-29T10:27:12.664+0000: [GC (Allocation Failure) 2020-10-29T10:27:12.665+0000: [ParNew: 16388K->1028K(18432K), 0.0029468 secs] 437808K->423472K(713080K), 0.0030032 secs] [Times: user=0.01 sys=0.00, real=0.00 secs] 
2020-10-29T10:27:12.687+0000: [GC (Allocation Failure) 2020-10-29T10:27:12.687+0000: [ParNew: 17412K->4K(18432K), 0.0026746 secs] 439856K->422448K(713080K), 0.0027298 secs] [Times: user=0.01 sys=0.00, real=0.00 secs] 
2020-10-29T10:27:12.708+0000: [GC (Allocation Failure) 2020-10-29T10:27:12.709+0000: [ParNew: 16388K->4K(18432K), 0.0026134 secs] 438832K->422448K(713080K), 0.0026678 secs] [Times: user=0.01 sys=0.00, real=0.00 secs] 
2020-10-29T10:27:12.732+0000: [GC (Allocation Failure) 2020-10-29T10:27:12.732+0000: [ParNew: 16388K->4K(18432K), 0.0026572 secs] 438832K->422448K(713080K), 0.0027141 secs] [Times: user=0.01 sys=0.00, real=0.01 secs] 
2020-10-29T10:27:12.752+0000: [GC (Allocation Failure) 2020-10-29T10:27:12.752+0000: [ParNew: 16388K->4K(18432K), 0.0027355 secs] 438832K->422448K(713080K), 0.0027900 secs] [Times: user=0.00 sys=0.00, real=0.01 secs] 
2020-10-29T10:27:12.776+0000: [GC (Allocation Failure) 2020-10-29T10:27:12.776+0000: [ParNew: 16388K->4K(18432K), 0.0030383 secs] 438832K->424496K(713080K), 0.0030957 secs] [Times: user=0.01 sys=0.00, real=0.00 secs] 
2020-10-29T10:27:12.799+0000: [GC (Allocation Failure) 2020-10-29T10:27:12.799+0000: [ParNew: 16388K->4K(18432K), 0.0026474 secs] 440880K->424496K(713080K), 0.0027046 secs] [Times: user=0.01 sys=0.00, real=0.00 secs] 
2020-10-29T10:27:12.828+0000: [GC (Allocation Failure) 2020-10-29T10:27:12.828+0000: [ParNew: 16388K->4K(18432K), 0.0027024 secs] 440880K->424496K(713080K), 0.0027816 secs] [Times: user=0.00 sys=0.00, real=0.00 secs] 
2020-10-29T10:27:12.852+0000: [GC (Allocation Failure) 2020-10-29T10:27:12.852+0000: [ParNew: 16388K->4K(18432K), 0.0027026 secs] 440880K->424496K(713080K), 0.0027876 secs] [Times: user=0.01 sys=0.00, real=0.01 secs] 
2020-10-29T10:27:12.876+0000: [GC (Allocation Failure) 2020-10-29T10:27:12.877+0000: [ParNew: 16388K->4K(18432K), 0.0026629 secs] 440880K->424496K(713080K), 0.0027379 secs] [Times: user=0.00 sys=0.00, real=0.00 secs] 
2020-10-29T10:27:12.917+0000: [GC (Allocation Failure) 2020-10-29T10:27:12.917+0000: [ParNew: 16388K->2K(18432K), 0.0055348 secs] 440880K->424494K(713080K), 0.0056028 secs] [Times: user=0.01 sys=0.00, real=0.00 secs] 
2020-10-29T10:27:12.941+0000: [GC (Allocation Failure) 2020-10-29T10:27:12.941+0000: [ParNew: 16386K->4K(18432K), 0.0026528 secs] 440878K->424496K(713080K), 0.0027071 secs] [Times: user=0.00 sys=0.00, real=0.00 secs] 
2020-10-29T10:27:12.979+0000: [GC (Allocation Failure) 2020-10-29T10:27:12.980+0000: [ParNew: 16388K->4K(18432K), 0.0026847 secs] 440880K->424496K(713080K), 0.0027633 secs] [Times: user=0.00 sys=0.00, real=0.00 secs] 
2020-10-29T10:27:13.007+0000: [GC (Allocation Failure) 2020-10-29T10:27:13.007+0000: [ParNew: 16388K->2K(18432K), 0.0055189 secs] 440880K->424494K(713080K), 0.0055860 secs] [Times: user=0.01 sys=0.00, real=0.00 secs] 
2020-10-29T10:27:13.041+0000: [GC (Allocation Failure) 2020-10-29T10:27:13.042+0000: [ParNew: 16386K->4K(18432K), 0.0030057 secs] 440878K->426544K(713080K), 0.0030808 secs] [Times: user=0.00 sys=0.00, real=0.01 secs] 
2020-10-29T10:27:13.077+0000: [GC (Allocation Failure) 2020-10-29T10:27:13.077+0000: [ParNew: 16388K->6K(18432K), 0.0027047 secs] 442928K->426547K(713080K), 0.0027782 secs] [Times: user=0.00 sys=0.00, real=0.00 secs] 
2020-10-29T10:27:13.111+0000: [GC (Allocation Failure) 2020-10-29T10:27:13.111+0000: [ParNew: 16390K->4K(18432K), 0.0027153 secs] 442931K->426544K(713080K), 0.0027939 secs] [Times: user=0.01 sys=0.00, real=0.01 secs] 
2020-10-29T10:27:13.150+0000: [GC (Allocation Failure) 2020-10-29T10:27:13.150+0000: [ParNew: 16388K->2K(18432K), 0.0054769 secs] 442928K->426542K(713080K), 0.0055525 secs] [Times: user=0.01 sys=0.00, real=0.01 secs] 
2020-10-29T10:27:13.180+0000: [GC (Allocation Failure) 2020-10-29T10:27:13.181+0000: [ParNew: 16386K->4K(18432K), 0.0055450 secs] 442926K->426544K(713080K), 0.0056201 secs] [Times: user=0.01 sys=0.00, real=0.01 secs] 
2020-10-29T10:27:13.217+0000: [GC (Allocation Failure) 2020-10-29T10:27:13.217+0000: [ParNew: 16388K->4K(18432K), 0.0062267 secs] 442928K->426544K(713080K), 0.0063033 secs] [Times: user=0.01 sys=0.00, real=0.00 secs] 
2020-10-29T10:27:13.252+0000: [GC (Allocation Failure) 2020-10-29T10:27:13.253+0000: [ParNew: 16388K->4K(18432K), 0.0026349 secs] 442928K->426545K(713080K), 0.0026905 secs] [Times: user=0.01 sys=0.00, real=0.00 secs] 
2020-10-29T10:27:13.272+0000: [GC (Allocation Failure) 2020-10-29T10:27:13.272+0000: [ParNew: 16388K->4K(18432K), 0.0026457 secs] 442929K->426545K(713080K), 0.0027019 secs] [Times: user=0.00 sys=0.00, real=0.00 secs] 
2020-10-29T10:27:13.291+0000: [GC (Allocation Failure) 2020-10-29T10:27:13.291+0000: [ParNew: 16388K->4K(18432K), 0.0026589 secs] 442929K->426545K(713080K), 0.0027153 secs] [Times: user=0.01 sys=0.00, real=0.01 secs] 
2020-10-29T10:27:13.310+0000: [GC (Allocation Failure) 2020-10-29T10:27:13.310+0000: [ParNew: 16388K->4K(18432K), 0.0025944 secs] 442929K->426545K(713080K), 0.0026479 secs] [Times: user=0.00 sys=0.00, real=0.00 secs] 
2020-10-29T10:27:13.332+0000: [GC (Allocation Failure) 2020-10-29T10:27:13.333+0000: [ParNew: 16388K->4K(18432K), 0.0026284 secs] 442929K->426545K(713080K), 0.0026940 secs] [Times: user=0.01 sys=0.00, real=0.00 secs] 
2020-10-29T10:27:13.350+0000: [GC (Allocation Failure) 2020-10-29T10:27:13.350+0000: [ParNew: 16388K->4K(18432K), 0.0026461 secs] 442929K->426545K(713080K), 0.0027001 secs] [Times: user=0.00 sys=0.00, real=0.01 secs] 
2020-10-29T10:27:13.368+0000: [GC (Allocation Failure) 2020-10-29T10:27:13.368+0000: [ParNew: 16388K->4K(18432K), 0.0033969 secs] 442929K->430641K(713080K), 0.0034549 secs] [Times: user=0.01 sys=0.00, real=0.00 secs] 
2020-10-29T10:27:13.386+0000: [GC (Allocation Failure) 2020-10-29T10:27:13.387+0000: [ParNew: 16388K->4K(18432K), 0.0027288 secs] 447025K->430641K(713080K), 0.0027849 secs] [Times: user=0.00 sys=0.00, real=0.00 secs] 
2020-10-29T10:27:13.404+0000: [GC (Allocation Failure) 2020-10-29T10:27:13.404+0000: [ParNew: 16388K->4K(18432K), 0.0026742 secs] 447025K->430641K(713080K), 0.0027320 secs] [Times: user=0.01 sys=0.00, real=0.00 secs] 
2020-10-29T10:27:13.422+0000: [GC (Allocation Failure) 2020-10-29T10:27:13.422+0000: [ParNew: 16388K->4K(18432K), 0.0026542 secs] 447025K->430641K(713080K), 0.0027091 secs] [Times: user=0.00 sys=0.00, real=0.01 secs] 
2020-10-29T10:27:13.439+0000: [GC (Allocation Failure) 2020-10-29T10:27:13.439+0000: [ParNew: 16388K->4K(18432K), 0.0026567 secs] 447025K->430641K(713080K), 0.0027125 secs] [Times: user=0.01 sys=0.00, real=0.00 secs] 
2020-10-29T10:27:13.460+0000: [GC (Allocation Failure) 2020-10-29T10:27:13.460+0000: [ParNew: 16388K->4K(18432K), 0.0026266 secs] 447025K->430641K(713080K), 0.0026816 secs] [Times: user=0.01 sys=0.00, real=0.00 secs] 
2020-10-29T10:27:13.480+0000: [GC (Allocation Failure) 2020-10-29T10:27:13.481+0000: [ParNew: 16388K->4K(18432K), 0.0026295 secs] 447025K->430641K(713080K), 0.0026844 secs] [Times: user=0.00 sys=0.00, real=0.00 secs] 
2020-10-29T10:27:13.498+0000: [GC (Allocation Failure) 2020-10-29T10:27:13.498+0000: [ParNew: 16388K->4K(18432K), 0.0025525 secs] 447025K->430641K(713080K), 0.0026047 secs] [Times: user=0.01 sys=0.00, real=0.00 secs] 
2020-10-29T10:27:13.515+0000: [GC (Allocation Failure) 2020-10-29T10:27:13.515+0000: [ParNew: 16388K->4K(18432K), 0.0025633 secs] 447025K->430641K(713080K), 0.0026149 secs] [Times: user=0.00 sys=0.00, real=0.00 secs] 
2020-10-29T10:27:13.536+0000: [GC (Allocation Failure) 2020-10-29T10:27:13.536+0000: [ParNew: 16388K->4K(18432K), 0.0026512 secs] 447025K->430641K(713080K), 0.0027059 secs] [Times: user=0.01 sys=0.00, real=0.00 secs] 
2020-10-29T10:27:13.553+0000: [GC (Allocation Failure) 2020-10-29T10:27:13.553+0000: [ParNew: 16388K->4K(18432K), 0.0026961 secs] 447025K->430641K(713080K), 0.0027586 secs] [Times: user=0.00 sys=0.00, real=0.00 secs] 
2020-10-29T10:27:13.572+0000: [GC (Allocation Failure) 2020-10-29T10:27:13.573+0000: [ParNew: 16388K->4K(18432K), 0.0026471 secs] 447025K->430641K(713080K), 0.0027032 secs] [Times: user=0.00 sys=0.01, real=0.00 secs] 
2020-10-29T10:27:13.592+0000: [GC (Allocation Failure) 2020-10-29T10:27:13.593+0000: [ParNew: 16388K->4K(18432K), 0.0026640 secs] 447025K->430641K(713080K), 0.0027213 secs] [Times: user=0.01 sys=0.00, real=0.00 secs] 
2020-10-29T10:27:13.612+0000: [GC (Allocation Failure) 2020-10-29T10:27:13.613+0000: [ParNew: 16388K->4K(18432K), 0.0026790 secs] 447025K->430641K(713080K), 0.0027361 secs] [Times: user=0.00 sys=0.00, real=0.00 secs] 
2020-10-29T10:27:13.630+0000: [GC (Allocation Failure) 2020-10-29T10:27:13.630+0000: [ParNew: 16388K->4K(18432K), 0.0027362 secs] 447025K->430641K(713080K), 0.0027987 secs] [Times: user=0.01 sys=0.00, real=0.01 secs] 
2020-10-29T10:27:13.647+0000: [GC (Allocation Failure) 2020-10-29T10:27:13.647+0000: [ParNew: 16388K->4K(18432K), 0.0026387 secs] 447025K->430641K(713080K), 0.0026941 secs] [Times: user=0.01 sys=0.00, real=0.00 secs] 
2020-10-29T10:27:13.668+0000: [GC (Allocation Failure) 2020-10-29T10:27:13.668+0000: [ParNew: 16388K->4K(18432K), 0.0026428 secs] 447025K->430641K(713080K), 0.0026985 secs] [Times: user=0.00 sys=0.00, real=0.00 secs] 
2020-10-29T10:27:13.686+0000: [GC (Allocation Failure) 2020-10-29T10:27:13.686+0000: [ParNew: 16388K->4K(18432K), 0.0026991 secs] 447025K->430641K(713080K), 0.0027541 secs] [Times: user=0.01 sys=0.00, real=0.00 secs] 
2020-10-29T10:27:13.703+0000: [GC (Allocation Failure) 2020-10-29T10:27:13.703+0000: [ParNew: 16388K->4K(18432K), 0.0026619 secs] 447025K->430641K(713080K), 0.0027179 secs] [Times: user=0.00 sys=0.00, real=0.01 secs] 
2020-10-29T10:27:13.720+0000: [GC (Allocation Failure) 2020-10-29T10:27:13.720+0000: [ParNew: 16382K->4K(18432K), 0.0027070 secs] 447020K->430641K(713080K), 0.0027645 secs] [Times: user=0.00 sys=0.00, real=0.00 secs] 
2020-10-29T10:27:13.738+0000: [GC (Allocation Failure) 2020-10-29T10:27:13.738+0000: [ParNew: 16388K->4K(18432K), 0.0026908 secs] 447025K->430641K(713080K), 0.0027454 secs] [Times: user=0.01 sys=0.00, real=0.00 secs] 
2020-10-29T10:27:13.756+0000: [GC (Allocation Failure) 2020-10-29T10:27:13.756+0000: [ParNew: 16388K->4K(18432K), 0.0026444 secs] 447025K->430641K(713080K), 0.0026990 secs] [Times: user=0.00 sys=0.00, real=0.00 secs] 
2020-10-29T10:27:13.774+0000: [GC (Allocation Failure) 2020-10-29T10:27:13.774+0000: [ParNew: 16388K->4K(18432K), 0.0026289 secs] 447025K->430641K(713080K), 0.0026836 secs] [Times: user=0.00 sys=0.00, real=0.00 secs] 
2020-10-29T10:27:13.791+0000: [GC (Allocation Failure) 2020-10-29T10:27:13.791+0000: [ParNew: 16388K->4K(18432K), 0.0026522 secs] 447025K->430641K(713080K), 0.0027107 secs] [Times: user=0.01 sys=0.00, real=0.01 secs] 
2020-10-29T10:27:13.815+0000: [GC (Allocation Failure) 2020-10-29T10:27:13.815+0000: [ParNew: 16388K->4K(18432K), 0.0027029 secs] 447025K->430641K(713080K), 0.0027597 secs] [Times: user=0.01 sys=0.00, real=0.00 secs] 
2020-10-29T10:27:13.833+0000: [GC (Allocation Failure) 2020-10-29T10:27:13.833+0000: [ParNew: 16388K->4K(18432K), 0.0026499 secs] 447025K->430641K(713080K), 0.0027061 secs] [Times: user=0.01 sys=0.00, real=0.00 secs] 
2020-10-29T10:27:13.850+0000: [GC (Allocation Failure) 2020-10-29T10:27:13.850+0000: [ParNew: 16388K->4K(18432K), 0.0026322 secs] 447025K->430641K(713080K), 0.0026879 secs] [Times: user=0.00 sys=0.00, real=0.01 secs] 
2020-10-29T10:27:13.868+0000: [GC (Allocation Failure) 2020-10-29T10:27:13.868+0000: [ParNew: 16388K->4K(18432K), 0.0026558 secs] 447025K->430641K(713080K), 0.0027104 secs] [Times: user=0.01 sys=0.00, real=0.00 secs] 
2020-10-29T10:27:13.888+0000: [GC (Allocation Failure) 2020-10-29T10:27:13.889+0000: [ParNew: 16388K->4K(18432K), 0.0026833 secs] 447025K->430641K(713080K), 0.0027391 secs] [Times: user=0.01 sys=0.00, real=0.00 secs] 
2020-10-29T10:27:13.906+0000: [GC (Allocation Failure) 2020-10-29T10:27:13.906+0000: [ParNew: 16388K->4K(18432K), 0.0026816 secs] 447025K->430641K(713080K), 0.0027623 secs] [Times: user=0.01 sys=0.00, real=0.00 secs] 
2020-10-29T10:27:13.924+0000: [GC (Allocation Failure) 2020-10-29T10:27:13.925+0000: [ParNew: 16388K->4K(18432K), 0.0026393 secs] 447025K->430641K(713080K), 0.0026934 secs] [Times: user=0.00 sys=0.00, real=0.00 secs] 
2020-10-29T10:27:13.942+0000: [GC (Allocation Failure) 2020-10-29T10:27:13.942+0000: [ParNew: 16388K->4K(18432K), 0.0026445 secs] 447025K->430641K(713080K), 0.0027038 secs] [Times: user=0.00 sys=0.00, real=0.01 secs] 
2020-10-29T10:27:13.960+0000: [GC (Allocation Failure) 2020-10-29T10:27:13.960+0000: [ParNew: 16388K->4K(18432K), 0.0026803 secs] 447025K->430641K(713080K), 0.0027359 secs] [Times: user=0.01 sys=0.00, real=0.00 secs] 
2020-10-29T10:27:13.980+0000: [GC (Allocation Failure) 2020-10-29T10:27:13.981+0000: [ParNew: 16388K->4K(18432K), 0.0026470 secs] 447025K->430641K(713080K), 0.0027019 secs] [Times: user=0.00 sys=0.00, real=0.00 secs] 
2020-10-29T10:27:14.000+0000: [GC (Allocation Failure) 2020-10-29T10:27:14.001+0000: [ParNew: 16388K->4K(18432K), 0.0026468 secs] 447025K->430641K(713080K), 0.0027035 secs] [Times: user=0.01 sys=0.00, real=0.00 secs] 
2020-10-29T10:27:14.018+0000: [GC (Allocation Failure) 2020-10-29T10:27:14.018+0000: [ParNew: 16388K->4K(18432K), 0.0026419 secs] 447025K->430641K(713080K), 0.0027082 secs] [Times: user=0.01 sys=0.00, real=0.00 secs] 
2020-10-29T10:27:14.036+0000: [GC (Allocation Failure) 2020-10-29T10:27:14.037+0000: [ParNew: 16388K->4K(18432K), 0.0026317 secs] 447025K->430641K(713080K), 0.0026869 secs] [Times: user=0.01 sys=0.00, real=0.00 secs] 
2020-10-29T10:27:14.054+0000: [GC (Allocation Failure) 2020-10-29T10:27:14.054+0000: [ParNew: 16388K->4K(18432K), 0.0026197 secs] 447025K->430641K(713080K), 0.0026737 secs] [Times: user=0.01 sys=0.00, real=0.00 secs] 
2020-10-29T10:27:14.071+0000: [GC (Allocation Failure) 2020-10-29T10:27:14.071+0000: [ParNew: 16388K->4K(18432K), 0.0026726 secs] 447025K->430641K(713080K), 0.0027263 secs] [Times: user=0.00 sys=0.00, real=0.01 secs] 
2020-10-29T10:27:14.096+0000: [GC (Allocation Failure) 2020-10-29T10:27:14.096+0000: [ParNew: 16388K->4K(18432K), 0.0027051 secs] 447025K->430641K(713080K), 0.0027621 secs] [Times: user=0.00 sys=0.00, real=0.00 secs] 
2020-10-29T10:27:14.116+0000: [GC (Allocation Failure) 2020-10-29T10:27:14.117+0000: [ParNew: 16388K->4K(18432K), 0.0026491 secs] 447025K->430641K(713080K), 0.0027056 secs] [Times: user=0.01 sys=0.00, real=0.00 secs] 
2020-10-29T10:27:14.136+0000: [GC (Allocation Failure) 2020-10-29T10:27:14.137+0000: [ParNew: 16388K->4K(18432K), 0.0026783 secs] 447025K->430641K(713080K), 0.0027370 secs] [Times: user=0.00 sys=0.00, real=0.00 secs] 
2020-10-29T10:27:14.154+0000: [GC (Allocation Failure) 2020-10-29T10:27:14.154+0000: [ParNew: 16388K->4K(18432K), 0.0026356 secs] 447025K->430641K(713080K), 0.0026914 secs] [Times: user=0.01 sys=0.00, real=0.00 secs] 
2020-10-29T10:27:14.171+0000: [GC (Allocation Failure) 2020-10-29T10:27:14.171+0000: [ParNew: 16388K->4K(18432K), 0.0026336 secs] 447025K->430641K(713080K), 0.0026875 secs] [Times: user=0.01 sys=0.00, real=0.01 secs] 
2020-10-29T10:27:14.188+0000: [GC (Allocation Failure) 2020-10-29T10:27:14.188+0000: [ParNew: 16388K->4K(18432K), 0.0026393 secs] 447025K->430641K(713080K), 0.0027087 secs] [Times: user=0.00 sys=0.00, real=0.00 secs] 
2020-10-29T10:27:14.208+0000: [GC (Allocation Failure) 2020-10-29T10:27:14.209+0000: [ParNew: 16388K->4K(18432K), 0.0026825 secs] 447025K->430641K(713080K), 0.0027369 secs] [Times: user=0.01 sys=0.00, real=0.00 secs] 
2020-10-29T10:27:14.228+0000: [GC (Allocation Failure) 2020-10-29T10:27:14.229+0000: [ParNew: 16388K->4K(18432K), 0.0026321 secs] 447025K->430641K(713080K), 0.0026865 secs] [Times: user=0.00 sys=0.00, real=0.00 secs] 
2020-10-29T10:27:14.246+0000: [GC (Allocation Failure) 2020-10-29T10:27:14.246+0000: [ParNew: 16388K->4K(18432K), 0.0027263 secs] 447025K->430641K(713080K), 0.0027818 secs] [Times: user=0.01 sys=0.00, real=0.00 secs] 
2020-10-29T10:27:14.263+0000: [GC (Allocation Failure) 2020-10-29T10:27:14.263+0000: [ParNew: 16388K->4K(18432K), 0.0026362 secs] 447025K->430641K(713080K), 0.0026917 secs] [Times: user=0.00 sys=0.00, real=0.01 secs] 
2020-10-29T10:27:14.280+0000: [GC (Allocation Failure) 2020-10-29T10:27:14.280+0000: [ParNew: 16388K->4K(18432K), 0.0026415 secs] 447025K->430641K(713080K), 0.0026967 secs] [Times: user=0.00 sys=0.00, real=0.00 secs] 
2020-10-29T10:27:14.297+0000: [GC (Allocation Failure) 2020-10-29T10:27:14.298+0000: [ParNew: 16388K->4K(18432K), 0.0026230 secs] 447025K->430641K(713080K), 0.0026783 secs] [Times: user=0.00 sys=0.00, real=0.00 secs] 
2020-10-29T10:27:14.316+0000: [GC (Allocation Failure) 2020-10-29T10:27:14.316+0000: [ParNew: 16388K->4K(18432K), 0.0026049 secs] 447025K->430641K(713080K), 0.0026576 secs] [Times: user=0.00 sys=0.00, real=0.00 secs] 
2020-10-29T10:27:14.336+0000: [GC (Allocation Failure) 2020-10-29T10:27:14.337+0000: [ParNew: 16388K->4K(18432K), 0.0026165 secs] 447025K->430642K(713080K), 0.0026703 secs] [Times: user=0.01 sys=0.00, real=0.00 secs] 
2020-10-29T10:27:14.356+0000: [GC (Allocation Failure) 2020-10-29T10:27:14.357+0000: [ParNew: 16388K->4K(18432K), 0.0026381 secs] 447026K->430642K(713080K), 0.0026947 secs] [Times: user=0.00 sys=0.00, real=0.00 secs] 
2020-10-29T10:27:14.374+0000: [GC (Allocation Failure) 2020-10-29T10:27:14.374+0000: [ParNew: 16388K->4K(18432K), 0.0027030 secs] 447026K->430642K(713080K), 0.0027682 secs] [Times: user=0.00 sys=0.00, real=0.00 secs] 
2020-10-29T10:27:14.391+0000: [GC (Allocation Failure) 2020-10-29T10:27:14.391+0000: [ParNew: 16388K->4K(18432K), 0.0029522 secs] 447026K->430642K(713080K), 0.0030040 secs] [Times: user=0.01 sys=0.00, real=0.01 secs] 
2020-10-29T10:27:14.412+0000: [GC (Allocation Failure) 2020-10-29T10:27:14.413+0000: [ParNew: 16388K->4K(18432K), 0.0026105 secs] 447026K->430642K(713080K), 0.0026643 secs] [Times: user=0.01 sys=0.00, real=0.00 secs] 
2020-10-29T10:27:14.430+0000: [GC (Allocation Failure) 2020-10-29T10:27:14.430+0000: [ParNew: 16388K->4K(18432K), 0.0026355 secs] 447026K->430642K(713080K), 0.0026980 secs] [Times: user=0.00 sys=0.00, real=0.01 secs] 
2020-10-29T10:27:14.448+0000: [GC (Allocation Failure) 2020-10-29T10:27:14.449+0000: [ParNew: 16388K->4K(18432K), 0.0026333 secs] 447026K->430642K(713080K), 0.0026873 secs] [Times: user=0.00 sys=0.00, real=0.00 secs] 
2020-10-29T10:27:14.466+0000: [GC (Allocation Failure) 2020-10-29T10:27:14.466+0000: [ParNew: 16388K->4K(18432K), 0.0026446 secs] 447026K->430642K(713080K), 0.0027166 secs] [Times: user=0.00 sys=0.00, real=0.00 secs] 
2020-10-29T10:27:14.483+0000: [GC (Allocation Failure) 2020-10-29T10:27:14.483+0000: [ParNew: 16388K->4K(18432K), 0.0026483 secs] 447026K->430642K(713080K), 0.0027031 secs] [Times: user=0.01 sys=0.00, real=0.01 secs] 
2020-10-29T10:27:14.500+0000: [GC (Allocation Failure) 2020-10-29T10:27:14.500+0000: [ParNew: 16388K->4K(18432K), 0.0026357 secs] 447026K->430642K(713080K), 0.0026887 secs] [Times: user=0.00 sys=0.00, real=0.00 secs] 
2020-10-29T10:27:14.520+0000: [GC (Allocation Failure) 2020-10-29T10:27:14.521+0000: [ParNew: 16388K->4K(18432K), 0.0026341 secs] 447026K->430642K(713080K), 0.0026885 secs] [Times: user=0.00 sys=0.00, real=0.00 secs] 
2020-10-29T10:27:14.540+0000: [GC (Allocation Failure) 2020-10-29T10:27:14.541+0000: [ParNew: 16388K->4K(18432K), 0.0026473 secs] 447026K->430642K(713080K), 0.0027025 secs] [Times: user=0.01 sys=0.00, real=0.00 secs] 
2020-10-29T10:27:14.559+0000: [GC (Allocation Failure) 2020-10-29T10:27:14.559+0000: [ParNew: 16388K->4K(18432K), 0.0026498 secs] 447026K->430642K(713080K), 0.0027040 secs] [Times: user=0.01 sys=0.00, real=0.00 secs] 
2020-10-29T10:27:14.576+0000: [GC (Allocation Failure) 2020-10-29T10:27:14.576+0000: [ParNew: 16388K->4K(18432K), 0.0026406 secs] 447026K->430642K(713080K), 0.0026955 secs] [Times: user=0.00 sys=0.00, real=0.00 secs] 
2020-10-29T10:27:14.593+0000: [GC (Allocation Failure) 2020-10-29T10:27:14.593+0000: [ParNew: 16388K->4K(18432K), 0.0026249 secs] 447026K->430642K(713080K), 0.0026782 secs] [Times: user=0.00 sys=0.00, real=0.00 secs] 
2020-10-29T10:27:14.610+0000: [GC (Allocation Failure) 2020-10-29T10:27:14.610+0000: [ParNew: 16388K->4K(18432K), 0.0034449 secs] 447026K->430642K(713080K), 0.0034996 secs] [Times: user=0.01 sys=0.00, real=0.01 secs] 
2020-10-29T10:27:14.632+0000: [GC (Allocation Failure) 2020-10-29T10:27:14.632+0000: [ParNew: 16388K->4K(18432K), 0.0026365 secs] 447026K->430642K(713080K), 0.0026928 secs] [Times: user=0.01 sys=0.00, real=0.00 secs] 
2020-10-29T10:27:14.650+0000: [GC (Allocation Failure) 2020-10-29T10:27:14.650+0000: [ParNew: 16388K->4K(18432K), 0.0026396 secs] 447026K->430642K(713080K), 0.0027095 secs] [Times: user=0.01 sys=0.00, real=0.01 secs] 
2020-10-29T10:27:14.667+0000: [GC (Allocation Failure) 2020-10-29T10:27:14.667+0000: [ParNew: 16388K->4K(18432K), 0.0026467 secs] 447026K->430642K(713080K), 0.0027009 secs] [Times: user=0.00 sys=0.00, real=0.00 secs] 
2020-10-29T10:27:14.684+0000: [GC (Allocation Failure) 2020-10-29T10:27:14.684+0000: [ParNew: 16388K->4K(18432K), 0.0026748 secs] 447026K->430642K(713080K), 0.0027315 secs] [Times: user=0.00 sys=0.00, real=0.01 secs] 
2020-10-29T10:27:14.702+0000: [GC (Allocation Failure) 2020-10-29T10:27:14.702+0000: [ParNew: 16388K->4K(18432K), 0.0027022 secs] 447026K->430642K(713080K), 0.0027596 secs] [Times: user=0.01 sys=0.00, real=0.01 secs] 
2020-10-29T10:27:14.719+0000: [GC (Allocation Failure) 2020-10-29T10:27:14.719+0000: [ParNew: 16388K->4K(18432K), 0.0026886 secs] 447026K->430642K(713080K), 0.0027563 secs] [Times: user=0.00 sys=0.00, real=0.00 secs] 
2020-10-29T10:27:14.736+0000: [GC (Allocation Failure) 2020-10-29T10:27:14.736+0000: [ParNew: 16388K->4K(18432K), 0.0027012 secs] 447026K->430642K(713080K), 0.0027599 secs] [Times: user=0.01 sys=0.00, real=0.00 secs] 
2020-10-29T10:27:14.754+0000: [GC (Allocation Failure) 2020-10-29T10:27:14.754+0000: [ParNew: 16388K->4K(18432K), 0.0026951 secs] 447026K->430642K(713080K), 0.0027528 secs] [Times: user=0.00 sys=0.00, real=0.00 secs] 
2020-10-29T10:27:14.771+0000: [GC (Allocation Failure) 2020-10-29T10:27:14.771+0000: [ParNew: 16388K->4K(18432K), 0.0026770 secs] 447026K->430642K(713080K), 0.0027325 secs] [Times: user=0.01 sys=0.00, real=0.01 secs] 
2020-10-29T10:27:14.792+0000: [GC (Allocation Failure) 2020-10-29T10:27:14.793+0000: [ParNew: 16388K->4K(18432K), 0.0026379 secs] 447026K->430642K(713080K), 0.0026921 secs] [Times: user=0.00 sys=0.00, real=0.00 secs] 
2020-10-29T10:27:14.812+0000: [GC (Allocation Failure) 2020-10-29T10:27:14.813+0000: [ParNew: 16388K->4K(18432K), 0.0026740 secs] 447026K->430642K(713080K), 0.0027290 secs] [Times: user=0.00 sys=0.00, real=0.00 secs] 
2020-10-29T10:27:14.832+0000: [GC (Allocation Failure) 2020-10-29T10:27:14.833+0000: [ParNew: 16388K->4K(18432K), 0.0027063 secs] 447026K->430642K(713080K), 0.0027622 secs] [Times: user=0.00 sys=0.00, real=0.00 secs] 
2020-10-29T10:27:14.852+0000: [GC (Allocation Failure) 2020-10-29T10:27:14.853+0000: [ParNew: 16388K->4K(18432K), 0.0026222 secs] 447026K->430642K(713080K), 0.0026769 secs] [Times: user=0.01 sys=0.00, real=0.00 secs] 
2020-10-29T10:27:14.870+0000: [GC (Allocation Failure) 2020-10-29T10:27:14.870+0000: [ParNew: 16388K->4K(18432K), 0.0026614 secs] 447026K->430642K(713080K), 0.0027153 secs] [Times: user=0.00 sys=0.00, real=0.01 secs] 
2020-10-29T10:27:14.887+0000: [GC (Allocation Failure) 2020-10-29T10:27:14.887+0000: [ParNew: 16388K->4K(18432K), 0.0032423 secs] 447026K->430642K(713080K), 0.0032978 secs] [Times: user=0.01 sys=0.00, real=0.00 secs] 
2020-10-29T10:27:14.908+0000: [GC (Allocation Failure) 2020-10-29T10:27:14.909+0000: [ParNew: 16388K->4K(18432K), 0.0026151 secs] 447026K->430642K(713080K), 0.0026699 secs] [Times: user=0.01 sys=0.00, real=0.00 secs] 
2020-10-29T10:27:14.928+0000: [GC (Allocation Failure) 2020-10-29T10:27:14.929+0000: [ParNew: 16388K->4K(18432K), 0.0026089 secs] 447026K->430642K(713080K), 0.0026633 secs] [Times: user=0.01 sys=0.00, real=0.00 secs] 
2020-10-29T10:27:14.948+0000: [GC (Allocation Failure) 2020-10-29T10:27:14.949+0000: [ParNew: 16388K->4K(18432K), 0.0026131 secs] 447026K->430642K(713080K), 0.0026677 secs] [Times: user=0.00 sys=0.00, real=0.00 secs] 
2020-10-29T10:27:14.966+0000: [GC (Allocation Failure) 2020-10-29T10:27:14.966+0000: [ParNew: 16388K->4K(18432K), 0.0026672 secs] 447026K->430642K(713080K), 0.0027208 secs] [Times: user=0.00 sys=0.00, real=0.00 secs] 
2020-10-29T10:27:14.987+0000: [GC (Allocation Failure) 2020-10-29T10:27:14.987+0000: [ParNew: 16388K->4K(18432K), 0.0026496 secs] 447026K->430642K(713080K), 0.0027054 secs] [Times: user=0.01 sys=0.00, real=0.00 secs] 
2020-10-29T10:27:15.005+0000: [GC (Allocation Failure) 2020-10-29T10:27:15.005+0000: [ParNew: 16388K->4K(18432K), 0.0026306 secs] 447026K->430642K(713080K), 0.0026852 secs] [Times: user=0.01 sys=0.00, real=0.00 secs] 
2020-10-29T10:27:15.024+0000: [GC (Allocation Failure) 2020-10-29T10:27:15.025+0000: [ParNew: 16388K->4K(18432K), 0.0026341 secs] 447026K->430642K(713080K), 0.0026880 secs] [Times: user=0.01 sys=0.00, real=0.00 secs] 
2020-10-29T10:27:15.044+0000: [GC (Allocation Failure) 2020-10-29T10:27:15.044+0000: [ParNew: 16388K->4K(18432K), 0.0026555 secs] 447026K->430642K(713080K), 0.0027081 secs] [Times: user=0.01 sys=0.00, real=0.00 secs] 
2020-10-29T10:27:15.062+0000: [GC (Allocation Failure) 2020-10-29T10:27:15.062+0000: [ParNew: 16388K->4K(18432K), 0.0026131 secs] 447026K->430642K(713080K), 0.0026648 secs] [Times: user=0.00 sys=0.00, real=0.01 secs] 
2020-10-29T10:27:15.079+0000: [GC (Allocation Failure) 2020-10-29T10:27:15.079+0000: [ParNew: 16388K->4K(18432K), 0.0026158 secs] 447026K->430642K(713080K), 0.0026781 secs] [Times: user=0.00 sys=0.00, real=0.00 secs] 
2020-10-29T10:27:15.097+0000: [GC (Allocation Failure) 2020-10-29T10:27:15.097+0000: [ParNew: 16388K->4K(18432K), 0.0026541 secs] 447026K->430642K(713080K), 0.0027081 secs] [Times: user=0.01 sys=0.00, real=0.00 secs] 
2020-10-29T10:27:15.116+0000: [GC (Allocation Failure) 2020-10-29T10:27:15.117+0000: [ParNew: 16388K->4K(18432K), 0.0026234 secs] 447026K->430642K(713080K), 0.0026766 secs] [Times: user=0.00 sys=0.00, real=0.00 secs] 
2020-10-29T10:27:15.134+0000: [GC (Allocation Failure) 2020-10-29T10:27:15.134+0000: [ParNew: 16388K->4K(18432K), 0.0026534 secs] 447026K->430642K(713080K), 0.0027079 secs] [Times: user=0.01 sys=0.00, real=0.00 secs] 
2020-10-29T10:27:15.152+0000: [GC (Allocation Failure) 2020-10-29T10:27:15.153+0000: [ParNew: 16388K->4K(18432K), 0.0026531 secs] 447026K->430642K(713080K), 0.0027089 secs] [Times: user=0.00 sys=0.00, real=0.00 secs] 
2020-10-29T10:27:15.172+0000: [GC (Allocation Failure) 2020-10-29T10:27:15.172+0000: [ParNew: 16388K->4K(18432K), 0.0026437 secs] 447026K->430642K(713080K), 0.0026991 secs] [Times: user=0.00 sys=0.00, real=0.00 secs] 
2020-10-29T10:27:15.190+0000: [GC (Allocation Failure) 2020-10-29T10:27:15.190+0000: [ParNew: 16388K->4K(18432K), 0.0026774 secs] 447026K->430642K(713080K), 0.0027349 secs] [Times: user=0.01 sys=0.00, real=0.01 secs] 
2020-10-29T10:27:15.208+0000: [GC (Allocation Failure) 2020-10-29T10:27:15.209+0000: [ParNew: 16388K->4K(18432K), 0.0026174 secs] 447026K->430642K(713080K), 0.0026726 secs] [Times: user=0.00 sys=0.00, real=0.00 secs] 
2020-10-29T10:27:15.226+0000: [GC (Allocation Failure) 2020-10-29T10:27:15.226+0000: [ParNew: 16388K->4K(18432K), 0.0026696 secs] 447026K->430642K(713080K), 0.0027191 secs] [Times: user=0.00 sys=0.00, real=0.00 secs] 
2020-10-29T10:27:15.244+0000: [GC (Allocation Failure) 2020-10-29T10:27:15.245+0000: [ParNew: 16388K->4K(18432K), 0.0026066 secs] 447026K->430642K(713080K), 0.0026621 secs] [Times: user=0.01 sys=0.00, real=0.00 secs] 
2020-10-29T10:27:15.262+0000: [GC (Allocation Failure) 2020-10-29T10:27:15.262+0000: [ParNew: 16388K->4K(18432K), 0.0026758 secs] 447026K->430642K(713080K), 0.0027303 secs] [Times: user=0.00 sys=0.00, real=0.01 secs] 
2020-10-29T10:27:15.284+0000: [GC (Allocation Failure) 2020-10-29T10:27:15.284+0000: [ParNew: 16388K->4K(18432K), 0.0026296 secs] 447026K->430642K(713080K), 0.0026846 secs] [Times: user=0.01 sys=0.00, real=0.01 secs] 
2020-10-29T10:27:15.304+0000: [GC (Allocation Failure) 2020-10-29T10:27:15.305+0000: [ParNew: 16388K->4K(18432K), 0.0025887 secs] 447026K->430642K(713080K), 0.0026414 secs] [Times: user=0.01 sys=0.00, real=0.00 secs] 
2020-10-29T10:27:15.322+0000: [GC (Allocation Failure) 2020-10-29T10:27:15.322+0000: [ParNew: 16388K->4K(18432K), 0.0026728 secs] 447026K->430642K(713080K), 0.0027281 secs] [Times: user=0.00 sys=0.00, real=0.01 secs] 
2020-10-29T10:27:15.339+0000: [GC (Allocation Failure) 2020-10-29T10:27:15.339+0000: [ParNew: 16388K->4K(18432K), 0.0026500 secs] 447026K->430642K(713080K), 0.0027108 secs] [Times: user=0.01 sys=0.00, real=0.00 secs] 
2020-10-29T10:27:15.360+0000: [GC (Allocation Failure) 2020-10-29T10:27:15.360+0000: [ParNew: 16388K->4K(18432K), 0.0025963 secs] 447026K->430642K(713080K), 0.0026500 secs] [Times: user=0.00 sys=0.00, real=0.00 secs] 
2020-10-29T10:27:15.380+0000: [GC (Allocation Failure) 2020-10-29T10:27:15.381+0000: [ParNew: 16388K->4K(18432K), 0.0025920 secs] 447026K->430642K(713080K), 0.0026456 secs] [Times: user=0.00 sys=0.00, real=0.00 secs] 
2020-10-29T10:27:15.400+0000: [GC (Allocation Failure) 2020-10-29T10:27:15.400+0000: [ParNew: 16388K->4K(18432K), 0.0026145 secs] 447026K->430642K(713080K), 0.0026701 secs] [Times: user=0.00 sys=0.00, real=0.00 secs] 
2020-10-29T10:27:15.420+0000: [GC (Allocation Failure) 2020-10-29T10:27:15.421+0000: [ParNew: 16388K->4K(18432K), 0.0026376 secs] 447026K->430642K(713080K), 0.0026937 secs] [Times: user=0.01 sys=0.00, real=0.00 secs] 
2020-10-29T10:27:15.440+0000: [GC (Allocation Failure) 2020-10-29T10:27:15.441+0000: [ParNew: 16388K->4K(18432K), 0.0026055 secs] 447026K->430642K(713080K), 0.0026612 secs] [Times: user=0.01 sys=0.00, real=0.00 secs] 
2020-10-29T10:27:15.460+0000: [GC (Allocation Failure) 2020-10-29T10:27:15.460+0000: [ParNew: 16388K->4K(18432K), 0.0026751 secs] 463410K->447026K(713080K), 0.0027314 secs] [Times: user=0.00 sys=0.00, real=0.00 secs] 
2020-10-29T10:27:15.463+0000: [GC (CMS Initial Mark) [1 CMS-initial-mark: 447022K(694648K)] 447216K(713080K), 0.0016324 secs] [Times: user=0.01 sys=0.00, real=0.01 secs] 
2020-10-29T10:27:15.465+0000: [CMS-concurrent-mark-start]
2020-10-29T10:27:15.489+0000: [GC (Allocation Failure) 2020-10-29T10:27:15.489+0000: [ParNew: 16388K->4K(18432K), 0.0024992 secs] 463410K->447026K(713080K), 0.0025553 secs] [Times: user=0.00 sys=0.00, real=0.00 secs] 
2020-10-29T10:27:15.520+0000: [GC (Allocation Failure) 2020-10-29T10:27:15.521+0000: [ParNew: 16388K->4K(18432K), 0.0025465 secs] 463410K->447026K(713080K), 0.0026013 secs] [Times: user=0.00 sys=0.00, real=0.00 secs] 
2020-10-29T10:27:15.534+0000: [CMS-concurrent-mark: 0.061/0.069 secs] [Times: user=0.12 sys=0.01, real=0.07 secs] 
2020-10-29T10:27:15.534+0000: [CMS-concurrent-preclean-start]
2020-10-29T10:27:15.536+0000: [CMS-concurrent-preclean: 0.003/0.003 secs] [Times: user=0.01 sys=0.00, real=0.00 secs] 
2020-10-29T10:27:15.537+0000: [CMS-concurrent-abortable-preclean-start]
2020-10-29T10:27:15.541+0000: [GC (Allocation Failure) 2020-10-29T10:27:15.541+0000: [ParNew: 16388K->4K(18432K), 0.0023569 secs] 463410K->447026K(713080K), 0.0024019 secs] [Times: user=0.01 sys=0.00, real=0.00 secs] 
2020-10-29T10:27:15.559+0000: [GC (Allocation Failure) 2020-10-29T10:27:15.559+0000: [ParNew: 16388K->4K(18432K), 0.0026315 secs] 463410K->447026K(713080K), 0.0026842 secs] [Times: user=0.00 sys=0.00, real=0.00 secs] 
2020-10-29T10:27:15.578+0000: [GC (Allocation Failure) 2020-10-29T10:27:15.578+0000: [ParNew: 16388K->4K(18432K), 0.0026338 secs] 463410K->447026K(713080K), 0.0026913 secs] [Times: user=0.01 sys=0.00, real=0.00 secs] 
2020-10-29T10:27:15.596+0000: [GC (Allocation Failure) 2020-10-29T10:27:15.596+0000: [ParNew: 16388K->4K(18432K), 0.0026659 secs] 463410K->447026K(713080K), 0.0027232 secs] [Times: user=0.00 sys=0.00, real=0.00 secs] 
2020-10-29T10:27:15.616+0000: [GC (Allocation Failure) 2020-10-29T10:27:15.617+0000: [ParNew: 16388K->4K(18432K), 0.0026515 secs] 463410K->447026K(713080K), 0.0027067 secs] [Times: user=0.01 sys=0.00, real=0.00 secs] 
2020-10-29T10:27:15.636+0000: [GC (Allocation Failure) 2020-10-29T10:27:15.637+0000: [ParNew: 16388K->4K(18432K), 0.0026168 secs] 463410K->447026K(713080K), 0.0026726 secs] [Times: user=0.00 sys=0.00, real=0.00 secs] 
2020-10-29T10:27:15.656+0000: [GC (Allocation Failure) 2020-10-29T10:27:15.657+0000: [ParNew: 16388K->4K(18432K), 0.0026742 secs] 463410K->447026K(713080K), 0.0027298 secs] [Times: user=0.00 sys=0.00, real=0.00 secs] 
2020-10-29T10:27:15.675+0000: [GC (Allocation Failure) 2020-10-29T10:27:15.675+0000: [ParNew: 16388K->4K(18432K), 0.0026044 secs] 463410K->447026K(713080K), 0.0026663 secs] [Times: user=0.01 sys=0.00, real=0.00 secs] 
2020-10-29T10:27:15.693+0000: [GC (Allocation Failure) 2020-10-29T10:27:15.693+0000: [ParNew: 16388K->4K(18432K), 0.0026289 secs] 463410K->447026K(713080K), 0.0026841 secs] [Times: user=0.00 sys=0.00, real=0.00 secs] 
2020-10-29T10:27:15.712+0000: [GC (Allocation Failure) 2020-10-29T10:27:15.713+0000: [ParNew: 16388K->4K(18432K), 0.0026477 secs] 463410K->447026K(713080K), 0.0027058 secs] [Times: user=0.01 sys=0.00, real=0.00 secs] 
2020-10-29T10:27:15.733+0000: [GC (Allocation Failure) 2020-10-29T10:27:15.733+0000: [ParNew: 16388K->4K(18432K), 0.0026539 secs] 463410K->447026K(713080K), 0.0027124 secs] [Times: user=0.00 sys=0.00, real=0.00 secs] 
2020-10-29T10:27:15.751+0000: [GC (Allocation Failure) 2020-10-29T10:27:15.751+0000: [ParNew: 16388K->4K(18432K), 0.0026690 secs] 463410K->447026K(713080K), 0.0027414 secs] [Times: user=0.01 sys=0.00, real=0.01 secs] 
2020-10-29T10:27:15.774+0000: [GC (Allocation Failure) 2020-10-29T10:27:15.774+0000: [ParNew: 16388K->4K(18432K), 0.0026554 secs] 463410K->447026K(713080K), 0.0027113 secs] [Times: user=0.01 sys=0.00, real=0.00 secs] 
2020-10-29T10:27:15.793+0000: [GC (Allocation Failure) 2020-10-29T10:27:15.793+0000: [ParNew: 16388K->4K(18432K), 0.0026931 secs] 463410K->447026K(713080K), 0.0027490 secs] [Times: user=0.01 sys=0.00, real=0.00 secs] 
2020-10-29T10:27:15.811+0000: [GC (Allocation Failure) 2020-10-29T10:27:15.811+0000: [ParNew: 16388K->4K(18432K), 0.0026414 secs] 463410K->447027K(713080K), 0.0026964 secs] [Times: user=0.00 sys=0.00, real=0.01 secs] 
2020-10-29T10:27:15.832+0000: [GC (Allocation Failure) 2020-10-29T10:27:15.833+0000: [ParNew: 16388K->4K(18432K), 0.0026247 secs] 463411K->447027K(713080K), 0.0026808 secs] [Times: user=0.00 sys=0.00, real=0.00 secs] 
2020-10-29T10:27:15.851+0000: [GC (Allocation Failure) 2020-10-29T10:27:15.851+0000: [ParNew: 16388K->4K(18432K), 0.0025966 secs] 463411K->447027K(713080K), 0.0026508 secs] [Times: user=0.01 sys=0.00, real=0.01 secs] 
2020-10-29T10:27:15.869+0000: [GC (Allocation Failure) 2020-10-29T10:27:15.869+0000: [ParNew: 16388K->4K(18432K), 0.0025880 secs] 463411K->447027K(713080K), 0.0026414 secs] [Times: user=0.00 sys=0.00, real=0.00 secs] 
2020-10-29T10:27:15.887+0000: [GC (Allocation Failure) 2020-10-29T10:27:15.887+0000: [ParNew: 16388K->4K(18432K), 0.0026338 secs] 463411K->447027K(713080K), 0.0026884 secs] [Times: user=0.01 sys=0.00, real=0.00 secs] 
2020-10-29T10:27:15.908+0000: [GC (Allocation Failure) 2020-10-29T10:27:15.909+0000: [ParNew: 16388K->4K(18432K), 0.0025935 secs] 463411K->447027K(713080K), 0.0026471 secs] [Times: user=0.01 sys=0.00, real=0.00 secs] 
2020-10-29T10:27:15.928+0000: [GC (Allocation Failure) 2020-10-29T10:27:15.929+0000: [ParNew: 16388K->4K(18432K), 0.0026347 secs] 463411K->447027K(713080K), 0.0026900 secs] [Times: user=0.00 sys=0.00, real=0.00 secs] 
2020-10-29T10:27:15.948+0000: [GC (Allocation Failure) 2020-10-29T10:27:15.949+0000: [ParNew: 16388K->4K(18432K), 0.0026294 secs] 463411K->447027K(713080K), 0.0026848 secs] [Times: user=0.01 sys=0.00, real=0.00 secs] 
2020-10-29T10:27:15.967+0000: [GC (Allocation Failure) 2020-10-29T10:27:15.967+0000: [ParNew: 16388K->4K(18432K), 0.0027178 secs] 463411K->447027K(713080K), 0.0027730 secs] [Times: user=0.01 sys=0.00, real=0.00 secs] 
2020-10-29T10:27:15.988+0000: [GC (Allocation Failure) 2020-10-29T10:27:15.989+0000: [ParNew: 16388K->4K(18432K), 0.0025799 secs] 463411K->447027K(713080K), 0.0026356 secs] [Times: user=0.00 sys=0.00, real=0.00 secs] 
2020-10-29T10:27:16.007+0000: [GC (Allocation Failure) 2020-10-29T10:27:16.007+0000: [ParNew: 16388K->4K(18432K), 0.0026336 secs] 463411K->447027K(713080K), 0.0026876 secs] [Times: user=0.01 sys=0.00, real=0.00 secs] 
2020-10-29T10:27:16.028+0000: [GC (Allocation Failure) 2020-10-29T10:27:16.028+0000: [ParNew: 16388K->4K(18432K), 0.0026414 secs] 463411K->447027K(713080K), 0.0026974 secs] [Times: user=0.00 sys=0.00, real=0.00 secs] 
2020-10-29T10:27:16.048+0000: [GC (Allocation Failure) 2020-10-29T10:27:16.048+0000: [ParNew: 16388K->4K(18432K), 0.0026053 secs] 463411K->447027K(713080K), 0.0026599 secs] [Times: user=0.00 sys=0.00, real=0.00 secs] 
2020-10-29T10:27:16.068+0000: [GC (Allocation Failure) 2020-10-29T10:27:16.069+0000: [ParNew: 16388K->4K(18432K), 0.0026318 secs] 463411K->447027K(713080K), 0.0026878 secs] [Times: user=0.01 sys=0.00, real=0.00 secs] 
2020-10-29T10:27:16.087+0000: [GC (Allocation Failure) 2020-10-29T10:27:16.087+0000: [ParNew: 16388K->4K(18432K), 0.0026582 secs] 463411K->447027K(713080K), 0.0027201 secs] [Times: user=0.00 sys=0.00, real=0.00 secs] 
2020-10-29T10:27:16.108+0000: [GC (Allocation Failure) 2020-10-29T10:27:16.109+0000: [ParNew: 16388K->4K(18432K), 0.0025824 secs] 463411K->447027K(713080K), 0.0026346 secs] [Times: user=0.01 sys=0.00, real=0.00 secs] 
2020-10-29T10:27:16.129+0000: [GC (Allocation Failure) 2020-10-29T10:27:16.129+0000: [ParNew: 16388K->4K(18432K), 0.0025593 secs] 463411K->447027K(713080K), 0.0026244 secs] [Times: user=0.01 sys=0.00, real=0.00 secs] 
2020-10-29T10:27:16.148+0000: [GC (Allocation Failure) 2020-10-29T10:27:16.149+0000: [ParNew: 16388K->4K(18432K), 0.0025753 secs] 463411K->447027K(713080K), 0.0026301 secs] [Times: user=0.01 sys=0.00, real=0.00 secs] 
2020-10-29T10:27:16.167+0000: [GC (Allocation Failure) 2020-10-29T10:27:16.167+0000: [ParNew: 16388K->4K(18432K), 0.0025308 secs] 463411K->447027K(713080K), 0.0026002 secs] [Times: user=0.00 sys=0.00, real=0.00 secs] 
2020-10-29T10:27:16.188+0000: [GC (Allocation Failure) 2020-10-29T10:27:16.189+0000: [ParNew: 16388K->4K(18432K), 0.0026323 secs] 463411K->447027K(713080K), 0.0026896 secs] [Times: user=0.00 sys=0.00, real=0.00 secs] 
2020-10-29T10:27:16.207+0000: [GC (Allocation Failure) 2020-10-29T10:27:16.207+0000: [ParNew: 16388K->4K(18432K), 0.0025706 secs] 463411K->447027K(713080K), 0.0026241 secs] [Times: user=0.01 sys=0.00, real=0.00 secs] 
2020-10-29T10:27:16.225+0000: [GC (Allocation Failure) 2020-10-29T10:27:16.225+0000: [ParNew: 16388K->4K(18432K), 0.0025903 secs] 463411K->447027K(713080K), 0.0026445 secs] [Times: user=0.01 sys=0.00, real=0.00 secs] 
2020-10-29T10:27:16.244+0000: [GC (Allocation Failure) 2020-10-29T10:27:16.244+0000: [ParNew: 16388K->4K(18432K), 0.0025552 secs] 463411K->447027K(713080K), 0.0026084 secs] [Times: user=0.01 sys=0.00, real=0.01 secs] 
2020-10-29T10:27:16.262+0000: [GC (Allocation Failure) 2020-10-29T10:27:16.262+0000: [ParNew: 16388K->4K(18432K), 0.0026115 secs] 463411K->447027K(713080K), 0.0026672 secs] [Times: user=0.01 sys=0.00, real=0.01 secs] 
2020-10-29T10:27:16.284+0000: [GC (Allocation Failure) 2020-10-29T10:27:16.285+0000: [ParNew: 16388K->4K(18432K), 0.0025425 secs] 463411K->447027K(713080K), 0.0025954 secs] [Times: user=0.01 sys=0.00, real=0.00 secs] 
2020-10-29T10:27:16.303+0000: [GC (Allocation Failure) 2020-10-29T10:27:16.303+0000: [ParNew: 16388K->4K(18432K), 0.0027148 secs] 463411K->447027K(713080K), 0.0027721 secs] [Times: user=0.00 sys=0.00, real=0.01 secs] 
2020-10-29T10:27:16.324+0000: [GC (Allocation Failure) 2020-10-29T10:27:16.325+0000: [ParNew: 16388K->4K(18432K), 0.0026029 secs] 463411K->447027K(713080K), 0.0026576 secs] [Times: user=0.00 sys=0.00, real=0.00 secs] 
2020-10-29T10:27:16.343+0000: [GC (Allocation Failure) 2020-10-29T10:27:16.343+0000: [ParNew: 16388K->4K(18432K), 0.0026231 secs] 463411K->447027K(713080K), 0.0026781 secs] [Times: user=0.01 sys=0.00, real=0.01 secs] 
2020-10-29T10:27:16.361+0000: [GC (Allocation Failure) 2020-10-29T10:27:16.361+0000: [ParNew: 16388K->4K(18432K), 0.0026003 secs] 463411K->447027K(713080K), 0.0026550 secs] [Times: user=0.01 sys=0.01, real=0.00 secs] 
2020-10-29T10:27:16.380+0000: [GC (Allocation Failure) 2020-10-29T10:27:16.381+0000: [ParNew: 16388K->4K(18432K), 0.0026346 secs] 463411K->447027K(713080K), 0.0026905 secs] [Times: user=0.01 sys=0.00, real=0.00 secs] 
2020-10-29T10:27:16.399+0000: [GC (Allocation Failure) 2020-10-29T10:27:16.399+0000: [ParNew: 16388K->4K(18432K), 0.0025970 secs] 463411K->447027K(713080K), 0.0026519 secs] [Times: user=0.00 sys=0.00, real=0.00 secs] 
2020-10-29T10:27:16.418+0000: [GC (Allocation Failure) 2020-10-29T10:27:16.418+0000: [ParNew: 16388K->4K(18432K), 0.0026572 secs] 463411K->447027K(713080K), 0.0027101 secs] [Times: user=0.01 sys=0.00, real=0.00 secs] 
2020-10-29T10:27:16.436+0000: [GC (Allocation Failure) 2020-10-29T10:27:16.436+0000: [ParNew: 16388K->4K(18432K), 0.0025797 secs] 463411K->447027K(713080K), 0.0026344 secs] [Times: user=0.01 sys=0.00, real=0.00 secs] 
2020-10-29T10:27:16.454+0000: [GC (Allocation Failure) 2020-10-29T10:27:16.454+0000: [ParNew: 16388K->4K(18432K), 0.0025253 secs] 463411K->447027K(713080K), 0.0025780 secs] [Times: user=0.00 sys=0.00, real=0.00 secs] 
2020-10-29T10:27:16.476+0000: [GC (Allocation Failure) 2020-10-29T10:27:16.477+0000: [ParNew: 16388K->4K(18432K), 0.0024567 secs] 463411K->447027K(713080K), 0.0025103 secs] [Times: user=0.01 sys=0.00, real=0.00 secs] 
2020-10-29T10:27:16.495+0000: [GC (Allocation Failure) 2020-10-29T10:27:16.495+0000: [ParNew: 16388K->4K(18432K), 0.0024675 secs] 463411K->447027K(713080K), 0.0025199 secs] [Times: user=0.00 sys=0.00, real=0.00 secs] 
2020-10-29T10:27:16.513+0000: [GC (Allocation Failure) 2020-10-29T10:27:16.513+0000: [ParNew: 16388K->4K(18432K), 0.0026679 secs] 463411K->447027K(713080K), 0.0027285 secs] [Times: user=0.00 sys=0.00, real=0.00 secs] 
2020-10-29T10:27:16.531+0000: [GC (Allocation Failure) 2020-10-29T10:27:16.531+0000: [ParNew: 16388K->4K(18432K), 0.0025924 secs] 463411K->447027K(713080K), 0.0026467 secs] [Times: user=0.01 sys=0.00, real=0.01 secs] 
2020-10-29T10:27:16.549+0000: [GC (Allocation Failure) 2020-10-29T10:27:16.549+0000: [ParNew: 16388K->4K(18432K), 0.0026718 secs] 463411K->447027K(713080K), 0.0027277 secs] [Times: user=0.00 sys=0.00, real=0.00 secs] 
2020-10-29T10:27:16.567+0000: [GC (Allocation Failure) 2020-10-29T10:27:16.567+0000: [ParNew: 16388K->4K(18432K), 0.0026693 secs] 463411K->447027K(713080K), 0.0027253 secs] [Times: user=0.01 sys=0.00, real=0.00 secs] 
2020-10-29T10:27:16.586+0000: [GC (Allocation Failure) 2020-10-29T10:27:16.586+0000: [ParNew: 16388K->4K(18432K), 0.0026075 secs] 463411K->447027K(713080K), 0.0026625 secs] [Times: user=0.00 sys=0.00, real=0.00 secs] 
2020-10-29T10:27:16.606+0000: [GC (Allocation Failure) 2020-10-29T10:27:16.606+0000: [ParNew: 16388K->4K(18432K), 0.0027355 secs] 463411K->447027K(713080K), 0.0027897 secs] [Times: user=0.00 sys=0.00, real=0.00 secs] 
2020-10-29T10:27:16.625+0000: [GC (Allocation Failure) 2020-10-29T10:27:16.625+0000: [ParNew: 16388K->4K(18432K), 0.0025998 secs] 463411K->447027K(713080K), 0.0026701 secs] [Times: user=0.01 sys=0.00, real=0.00 secs] 
2020-10-29T10:27:16.643+0000: [GC (Allocation Failure) 2020-10-29T10:27:16.643+0000: [ParNew: 16388K->4K(18432K), 0.0025747 secs] 463411K->447027K(713080K), 0.0026289 secs] [Times: user=0.00 sys=0.00, real=0.01 secs] 
2020-10-29T10:27:16.661+0000: [GC (Allocation Failure) 2020-10-29T10:27:16.662+0000: [ParNew: 16388K->4K(18432K), 0.0026624 secs] 463411K->447027K(713080K), 0.0027179 secs] [Times: user=0.01 sys=0.00, real=0.00 secs] 
2020-10-29T10:27:16.680+0000: [GC (Allocation Failure) 2020-10-29T10:27:16.681+0000: [ParNew: 16388K->4K(18432K), 0.0026081 secs] 463411K->447027K(713080K), 0.0026636 secs] [Times: user=0.00 sys=0.00, real=0.00 secs] 
2020-10-29T10:27:16.699+0000: [GC (Allocation Failure) 2020-10-29T10:27:16.699+0000: [ParNew: 16388K->4K(18432K), 0.0025630 secs] 463411K->447027K(713080K), 0.0026162 secs] [Times: user=0.01 sys=0.00, real=0.00 secs] 
2020-10-29T10:27:16.724+0000: [GC (Allocation Failure) 2020-10-29T10:27:16.724+0000: [ParNew: 16388K->4K(18432K), 0.0026576 secs] 479795K->463411K(713080K), 0.0027125 secs] [Times: user=0.01 sys=0.00, real=0.01 secs] 
2020-10-29T10:27:16.742+0000: [GC (Allocation Failure) 2020-10-29T10:27:16.742+0000: [ParNew: 16388K->4K(18432K), 0.0026507 secs] 479795K->463411K(713080K), 0.0027063 secs] [Times: user=0.00 sys=0.00, real=0.01 secs] 
2020-10-29T10:27:16.764+0000: [GC (Allocation Failure) 2020-10-29T10:27:16.764+0000: [ParNew: 16388K->4K(18432K), 0.0026680 secs] 479795K->463411K(713080K), 0.0027255 secs] [Times: user=0.01 sys=0.00, real=0.00 secs] 
2020-10-29T10:27:16.783+0000: [GC (Allocation Failure) 2020-10-29T10:27:16.783+0000: [ParNew: 16388K->4K(18432K), 0.0025831 secs] 479795K->463411K(713080K), 0.0026374 secs] [Times: user=0.00 sys=0.00, real=0.01 secs] 
2020-10-29T10:27:16.801+0000: [GC (Allocation Failure) 2020-10-29T10:27:16.801+0000: [ParNew: 16388K->4K(18432K), 0.0026227 secs] 479795K->463411K(713080K), 0.0026796 secs] [Times: user=0.01 sys=0.00, real=0.00 secs] 
2020-10-29T10:27:16.825+0000: [GC (Allocation Failure) 2020-10-29T10:27:16.825+0000: [ParNew: 16388K->4K(18432K), 0.0026456 secs] 479795K->463411K(713080K), 0.0027262 secs] [Times: user=0.00 sys=0.00, real=0.00 secs] 
2020-10-29T10:27:16.845+0000: [GC (Allocation Failure) 2020-10-29T10:27:16.845+0000: [ParNew: 16388K->4K(18432K), 0.0026120 secs] 479795K->463411K(713080K), 0.0026681 secs] [Times: user=0.00 sys=0.00, real=0.00 secs] 
2020-10-29T10:27:16.864+0000: [GC (Allocation Failure) 2020-10-29T10:27:16.865+0000: [ParNew: 16388K->4K(18432K), 0.0025147 secs] 479795K->463411K(713080K), 0.0025737 secs] [Times: user=0.01 sys=0.00, real=0.00 secs] 
2020-10-29T10:27:16.882+0000: [GC (Allocation Failure) 2020-10-29T10:27:16.882+0000: [ParNew: 16388K->4K(18432K), 0.0024815 secs] 479795K->463411K(713080K), 0.0025326 secs] [Times: user=0.01 sys=0.00, real=0.01 secs] 
2020-10-29T10:27:16.900+0000: [GC (Allocation Failure) 2020-10-29T10:27:16.900+0000: [ParNew: 16388K->4K(18432K), 0.0024865 secs] 479795K->463411K(713080K), 0.0025474 secs] [Times: user=0.01 sys=0.00, real=0.00 secs] 
2020-10-29T10:27:16.920+0000: [GC (Allocation Failure) 2020-10-29T10:27:16.921+0000: [ParNew: 16388K->4K(18432K), 0.0025514 secs] 479795K->463411K(713080K), 0.0026044 secs] [Times: user=0.00 sys=0.00, real=0.00 secs] 
2020-10-29T10:27:16.940+0000: [GC (Allocation Failure) 2020-10-29T10:27:16.941+0000: [ParNew: 16388K->4K(18432K), 0.0024637 secs] 479795K->463411K(713080K), 0.0025146 secs] [Times: user=0.00 sys=0.00, real=0.00 secs] 
2020-10-29T10:27:16.959+0000: [GC (Allocation Failure) 2020-10-29T10:27:16.959+0000: [ParNew: 16388K->4K(18432K), 0.0025964 secs] 479795K->463411K(713080K), 0.0026490 secs] [Times: user=0.01 sys=0.00, real=0.00 secs] 
2020-10-29T10:27:16.977+0000: [GC (Allocation Failure) 2020-10-29T10:27:16.977+0000: [ParNew: 16388K->4K(18432K), 0.0024512 secs] 479795K->463411K(713080K), 0.0025027 secs] [Times: user=0.00 sys=0.00, real=0.00 secs] 
2020-10-29T10:27:16.995+0000: [GC (Allocation Failure) 2020-10-29T10:27:16.995+0000: [ParNew: 16388K->4K(18432K), 0.0026233 secs] 479795K->463411K(713080K), 0.0026794 secs] [Times: user=0.01 sys=0.00, real=0.00 secs] 
2020-10-29T10:27:17.013+0000: [GC (Allocation Failure) 2020-10-29T10:27:17.013+0000: [ParNew: 16388K->4K(18432K), 0.0026009 secs] 479795K->463411K(713080K), 0.0026561 secs] [Times: user=0.00 sys=0.00, real=0.00 secs] 
2020-10-29T10:27:17.032+0000: [GC (Allocation Failure) 2020-10-29T10:27:17.033+0000: [ParNew: 16388K->4K(18432K), 0.0025866 secs] 479795K->463411K(713080K), 0.0026418 secs] [Times: user=0.01 sys=0.00, real=0.00 secs] 
2020-10-29T10:27:17.052+0000: [GC (Allocation Failure) 2020-10-29T10:27:17.053+0000: [ParNew: 16388K->4K(18432K), 0.0025871 secs] 479795K->463411K(713080K), 0.0026422 secs] [Times: user=0.00 sys=0.00, real=0.00 secs] 
2020-10-29T10:27:17.070+0000: [GC (Allocation Failure) 2020-10-29T10:27:17.071+0000: [ParNew: 16388K->4K(18432K), 0.0026468 secs] 479795K->463411K(713080K), 0.0027027 secs] [Times: user=0.01 sys=0.00, real=0.01 secs] 
2020-10-29T10:27:17.089+0000: [GC (Allocation Failure) 2020-10-29T10:27:17.089+0000: [ParNew: 16388K->4K(18432K), 0.0025779 secs] 479795K->463411K(713080K), 0.0026333 secs] [Times: user=0.01 sys=0.00, real=0.00 secs] 
2020-10-29T10:27:17.107+0000: [GC (Allocation Failure) 2020-10-29T10:27:17.107+0000: [ParNew: 16388K->4K(18432K), 0.0025092 secs] 479795K->463411K(713080K), 0.0025611 secs] [Times: user=0.01 sys=0.00, real=0.00 secs] 
2020-10-29T10:27:17.125+0000: [GC (Allocation Failure) 2020-10-29T10:27:17.126+0000: [ParNew: 16388K->4K(18432K), 0.0025072 secs] 479795K->463411K(713080K), 0.0025598 secs] [Times: user=0.00 sys=0.00, real=0.00 secs] 
2020-10-29T10:27:17.144+0000: [GC (Allocation Failure) 2020-10-29T10:27:17.144+0000: [ParNew: 16388K->4K(18432K), 0.0025373 secs] 479795K->463411K(713080K), 0.0025881 secs] [Times: user=0.01 sys=0.00, real=0.01 secs] 
2020-10-29T10:27:17.164+0000: [GC (Allocation Failure) 2020-10-29T10:27:17.165+0000: [ParNew: 16388K->4K(18432K), 0.0024954 secs] 479795K->463411K(713080K), 0.0025482 secs] [Times: user=0.00 sys=0.00, real=0.00 secs] 
2020-10-29T10:27:17.183+0000: [GC (Allocation Failure) 2020-10-29T10:27:17.183+0000: [ParNew: 16388K->4K(18432K), 0.0025321 secs] 479795K->463411K(713080K), 0.0025837 secs] [Times: user=0.01 sys=0.00, real=0.01 secs] 
2020-10-29T10:27:17.204+0000: [GC (Allocation Failure) 2020-10-29T10:27:17.204+0000: [ParNew: 16388K->4K(18432K), 0.0025692 secs] 479795K->463411K(713080K), 0.0026214 secs] [Times: user=0.00 sys=0.00, real=0.01 secs] 
2020-10-29T10:27:17.224+0000: [GC (Allocation Failure) 2020-10-29T10:27:17.224+0000: [ParNew: 16388K->4K(18432K), 0.0025663 secs] 479795K->463411K(713080K), 0.0026355 secs] [Times: user=0.01 sys=0.00, real=0.01 secs] 
2020-10-29T10:27:17.244+0000: [GC (Allocation Failure) 2020-10-29T10:27:17.245+0000: [ParNew: 16388K->4K(18432K), 0.0025673 secs] 479795K->463411K(713080K), 0.0026200 secs] [Times: user=0.01 sys=0.00, real=0.00 secs] 
2020-10-29T10:27:17.263+0000: [GC (Allocation Failure) 2020-10-29T10:27:17.263+0000: [ParNew: 16388K->4K(18432K), 0.0026041 secs] 479795K->463411K(713080K), 0.0026589 secs] [Times: user=0.01 sys=0.00, real=0.01 secs] 
2020-10-29T10:27:17.281+0000: [GC (Allocation Failure) 2020-10-29T10:27:17.281+0000: [ParNew: 16388K->4K(18432K), 0.0025509 secs] 479795K->463411K(713080K), 0.0026048 secs] [Times: user=0.00 sys=0.00, real=0.00 secs] 
2020-10-29T10:27:17.299+0000: [GC (Allocation Failure) 2020-10-29T10:27:17.299+0000: [ParNew: 16388K->4K(18432K), 0.0025051 secs] 479795K->463411K(713080K), 0.0025563 secs] [Times: user=0.01 sys=0.00, real=0.00 secs] 
2020-10-29T10:27:17.320+0000: [GC (Allocation Failure) 2020-10-29T10:27:17.321+0000: [ParNew: 16388K->4K(18432K), 0.0025374 secs] 479795K->463411K(713080K), 0.0025891 secs] [Times: user=0.01 sys=0.00, real=0.00 secs] 
2020-10-29T10:27:17.339+0000: [GC (Allocation Failure) 2020-10-29T10:27:17.339+0000: [ParNew: 16388K->4K(18432K), 0.0025294 secs] 479795K->463411K(713080K), 0.0025812 secs] [Times: user=0.01 sys=0.00, real=0.00 secs] 
2020-10-29T10:27:17.357+0000: [GC (Allocation Failure) 2020-10-29T10:27:17.357+0000: [ParNew: 16388K->4K(18432K), 0.0025394 secs] 479795K->463411K(713080K), 0.0025933 secs] [Times: user=0.00 sys=0.00, real=0.00 secs] 
2020-10-29T10:27:17.375+0000: [GC (Allocation Failure) 2020-10-29T10:27:17.375+0000: [ParNew: 16388K->4K(18432K), 0.0026111 secs] 479795K->463411K(713080K), 0.0026652 secs] [Times: user=0.01 sys=0.00, real=0.00 secs] 
2020-10-29T10:27:17.394+0000: [GC (Allocation Failure) 2020-10-29T10:27:17.395+0000: [ParNew: 16388K->4K(18432K), 0.0045916 secs] 479795K->463411K(713080K), 0.0046761 secs] [Times: user=0.00 sys=0.00, real=0.00 secs] 
2020-10-29T10:27:17.415+0000: [GC (Allocation Failure) 2020-10-29T10:27:17.415+0000: [ParNew: 16388K->4K(18432K), 0.0025767 secs] 479795K->463411K(713080K), 0.0026352 secs] [Times: user=0.01 sys=0.00, real=0.00 secs] 
2020-10-29T10:27:17.437+0000: [GC (Allocation Failure) 2020-10-29T10:27:17.437+0000: [ParNew: 16388K->4K(18432K), 0.0026593 secs] 479795K->463411K(713080K), 0.0027170 secs] [Times: user=0.01 sys=0.00, real=0.00 secs] 
2020-10-29T10:27:17.455+0000: [GC (Allocation Failure) 2020-10-29T10:27:17.455+0000: [ParNew: 16388K->4K(18432K), 0.0026339 secs] 479795K->463411K(713080K), 0.0026970 secs] [Times: user=0.00 sys=0.00, real=0.00 secs] 
2020-10-29T10:27:17.473+0000: [GC (Allocation Failure) 2020-10-29T10:27:17.473+0000: [ParNew: 16388K->4K(18432K), 0.0025849 secs] 479795K->463411K(713080K), 0.0026396 secs] [Times: user=0.01 sys=0.00, real=0.00 secs] 
2020-10-29T10:27:17.491+0000: [GC (Allocation Failure) 2020-10-29T10:27:17.491+0000: [ParNew: 16388K->4K(18432K), 0.0026252 secs] 479795K->463411K(713080K), 0.0026804 secs] [Times: user=0.00 sys=0.00, real=0.01 secs] 
2020-10-29T10:27:17.510+0000: [GC (Allocation Failure) 2020-10-29T10:27:17.510+0000: [ParNew: 16388K->4K(18432K), 0.0025459 secs] 479795K->463411K(713080K), 0.0025983 secs] [Times: user=0.01 sys=0.00, real=0.01 secs] 
2020-10-29T10:27:17.532+0000: [GC (Allocation Failure) 2020-10-29T10:27:17.532+0000: [ParNew: 16388K->4K(18432K), 0.0025295 secs] 479795K->463411K(713080K), 0.0025816 secs] [Times: user=0.01 sys=0.00, real=0.01 secs] 
2020-10-29T10:27:17.551+0000: [GC (Allocation Failure) 2020-10-29T10:27:17.551+0000: [ParNew: 16388K->4K(18432K), 0.0026384 secs] 479795K->463411K(713080K), 0.0026923 secs] [Times: user=0.01 sys=0.00, real=0.01 secs] 
2020-10-29T10:27:17.570+0000: [GC (Allocation Failure) 2020-10-29T10:27:17.570+0000: [ParNew: 16388K->4K(18432K), 0.0026805 secs] 479795K->463411K(713080K), 0.0027378 secs] [Times: user=0.00 sys=0.00, real=0.01 secs] 
2020-10-29T10:27:17.589+0000: [GC (Allocation Failure) 2020-10-29T10:27:17.589+0000: [ParNew: 16388K->4K(18432K), 0.0026115 secs] 479795K->463411K(713080K), 0.0026658 secs] [Times: user=0.01 sys=0.00, real=0.00 secs] 
2020-10-29T10:27:17.608+0000: [GC (Allocation Failure) 2020-10-29T10:27:17.609+0000: [ParNew: 16388K->4K(18432K), 0.0026121 secs] 479795K->463411K(713080K), 0.0026673 secs] [Times: user=0.00 sys=0.01, real=0.00 secs] 
2020-10-29T10:27:17.627+0000: [GC (Allocation Failure) 2020-10-29T10:27:17.627+0000: [ParNew: 16388K->4K(18432K), 0.0026111 secs] 479795K->463411K(713080K), 0.0026804 secs] [Times: user=0.00 sys=0.00, real=0.00 secs] 
2020-10-29T10:27:17.648+0000: [GC (Allocation Failure) 2020-10-29T10:27:17.648+0000: [ParNew: 16388K->4K(18432K), 0.0025593 secs] 479795K->463411K(713080K), 0.0026133 secs] [Times: user=0.00 sys=0.00, real=0.00 secs] 
2020-10-29T10:27:17.667+0000: [GC (Allocation Failure) 2020-10-29T10:27:17.667+0000: [ParNew: 16388K->4K(18432K), 0.0025989 secs] 479795K->463411K(713080K), 0.0026537 secs] [Times: user=0.01 sys=0.00, real=0.00 secs] 
2020-10-29T10:27:17.688+0000: [GC (Allocation Failure) 2020-10-29T10:27:17.689+0000: [ParNew: 16388K->4K(18432K), 0.0026232 secs] 479795K->463411K(713080K), 0.0026780 secs] [Times: user=0.01 sys=0.00, real=0.00 secs] 
2020-10-29T10:27:17.708+0000: [GC (Allocation Failure) 2020-10-29T10:27:17.709+0000: [ParNew: 16388K->4K(18432K), 0.0025492 secs] 479795K->463411K(713080K), 0.0026030 secs] [Times: user=0.00 sys=0.00, real=0.00 secs] 
2020-10-29T10:27:17.727+0000: [GC (Allocation Failure) 2020-10-29T10:27:17.727+0000: [ParNew: 16388K->4K(18432K), 0.0026225 secs] 479795K->463411K(713080K), 0.0026803 secs] [Times: user=0.01 sys=0.00, real=0.00 secs] 
2020-10-29T10:27:17.749+0000: [GC (Allocation Failure) 2020-10-29T10:27:17.749+0000: [ParNew: 16388K->4K(18432K), 0.0025973 secs] 479795K->463411K(713080K), 0.0026596 secs] [Times: user=0.01 sys=0.00, real=0.00 secs] 
2020-10-29T10:27:17.768+0000: [GC (Allocation Failure) 2020-10-29T10:27:17.769+0000: [ParNew: 16388K->4K(18432K), 0.0026136 secs] 479795K->463411K(713080K), 0.0026699 secs] [Times: user=0.00 sys=0.00, real=0.00 secs] 
2020-10-29T10:27:17.787+0000: [GC (Allocation Failure) 2020-10-29T10:27:17.787+0000: [ParNew: 16388K->4K(18432K), 0.0026807 secs] 479795K->463411K(713080K), 0.0027425 secs] [Times: user=0.01 sys=0.00, real=0.00 secs] 
2020-10-29T10:27:17.805+0000: [GC (Allocation Failure) 2020-10-29T10:27:17.805+0000: [ParNew: 16388K->4K(18432K), 0.0026538 secs] 479795K->463411K(713080K), 0.0027124 secs] [Times: user=0.00 sys=0.00, real=0.00 secs] 
2020-10-29T10:27:17.824+0000: [GC (Allocation Failure) 2020-10-29T10:27:17.824+0000: [ParNew: 16388K->4K(18432K), 0.0025201 secs] 479795K->463411K(713080K), 0.0025734 secs] [Times: user=0.00 sys=0.00, real=0.01 secs] 
2020-10-29T10:27:17.844+0000: [GC (Allocation Failure) 2020-10-29T10:27:17.844+0000: [ParNew: 16388K->4K(18432K), 0.0026295 secs] 479795K->463411K(713080K), 0.0026856 secs] [Times: user=0.01 sys=0.00, real=0.01 secs] 
2020-10-29T10:27:17.862+0000: [GC (Allocation Failure) 2020-10-29T10:27:17.862+0000: [ParNew: 16388K->4K(18432K), 0.0026371 secs] 479795K->463411K(713080K), 0.0026922 secs] [Times: user=0.00 sys=0.00, real=0.01 secs] 
2020-10-29T10:27:17.884+0000: [GC (Allocation Failure) 2020-10-29T10:27:17.884+0000: [ParNew: 16388K->4K(18432K), 0.0025285 secs] 479795K->463411K(713080K), 0.0025814 secs] [Times: user=0.00 sys=0.00, real=0.00 secs] 
2020-10-29T10:27:17.902+0000: [GC (Allocation Failure) 2020-10-29T10:27:17.902+0000: [ParNew: 16388K->4K(18432K), 0.0025147 secs] 479795K->463411K(713080K), 0.0025869 secs] [Times: user=0.01 sys=0.00, real=0.01 secs] 
2020-10-29T10:27:17.924+0000: [GC (Allocation Failure) 2020-10-29T10:27:17.924+0000: [ParNew: 16388K->4K(18432K), 0.0026058 secs] 479795K->463411K(713080K), 0.0026609 secs] [Times: user=0.01 sys=0.00, real=0.01 secs] 
2020-10-29T10:27:17.944+0000: [GC (Allocation Failure) 2020-10-29T10:27:17.945+0000: [ParNew: 16388K->4K(18432K), 0.0025183 secs] 479795K->463411K(713080K), 0.0025824 secs] [Times: user=0.00 sys=0.00, real=0.00 secs] 
2020-10-29T10:27:17.964+0000: [GC (Allocation Failure) 2020-10-29T10:27:17.965+0000: [ParNew: 16388K->4K(18432K), 0.0025716 secs] 479795K->463411K(713080K), 0.0026255 secs] [Times: user=0.01 sys=0.00, real=0.00 secs] 
2020-10-29T10:27:17.982+0000: [GC (Allocation Failure) 2020-10-29T10:27:17.983+0000: [ParNew: 16388K->4K(18432K), 0.0025690 secs] 479795K->463411K(713080K), 0.0026226 secs] [Times: user=0.00 sys=0.00, real=0.01 secs] 
2020-10-29T10:27:18.004+0000: [GC (Allocation Failure) 2020-10-29T10:27:18.005+0000: [ParNew: 16388K->4K(18432K), 0.0025623 secs] 479795K->463411K(713080K), 0.0026168 secs] [Times: user=0.01 sys=0.00, real=0.00 secs] 
2020-10-29T10:27:18.024+0000: [GC (Allocation Failure) 2020-10-29T10:27:18.025+0000: [ParNew: 16388K->4K(18432K), 0.0025704 secs] 479795K->463411K(713080K), 0.0026243 secs] [Times: user=0.01 sys=0.00, real=0.00 secs] 
2020-10-29T10:27:18.044+0000: [GC (Allocation Failure) 2020-10-29T10:27:18.045+0000: [ParNew: 16388K->4K(18432K), 0.0025899 secs] 479795K->463411K(713080K), 0.0026446 secs] [Times: user=0.01 sys=0.00, real=0.00 secs] 
2020-10-29T10:27:18.062+0000: [GC (Allocation Failure) 2020-10-29T10:27:18.063+0000: [ParNew: 16388K->4K(18432K), 0.0026234 secs] 479795K->463412K(713080K), 0.0026778 secs] [Times: user=0.00 sys=0.00, real=0.01 secs] 
2020-10-29T10:27:18.082+0000: [GC (Allocation Failure) 2020-10-29T10:27:18.082+0000: [ParNew: 16388K->4K(18432K), 0.0026169 secs] 479796K->463412K(713080K), 0.0026711 secs] [Times: user=0.00 sys=0.00, real=0.01 secs] 
2020-10-29T10:27:18.104+0000: [GC (Allocation Failure) 2020-10-29T10:27:18.105+0000: [ParNew: 16388K->4K(18432K), 0.0026092 secs] 479796K->463412K(713080K), 0.0026652 secs] [Times: user=0.01 sys=0.00, real=0.00 secs] 
2020-10-29T10:27:18.124+0000: [GC (Allocation Failure) 2020-10-29T10:27:18.125+0000: [ParNew: 16388K->4K(18432K), 0.0026108 secs] 479796K->463412K(713080K), 0.0026668 secs] [Times: user=0.01 sys=0.00, real=0.00 secs] 
2020-10-29T10:27:18.145+0000: [GC (Allocation Failure) 2020-10-29T10:27:18.145+0000: [ParNew: 16388K->4K(18432K), 0.0026155 secs] 479796K->463412K(713080K), 0.0026707 secs] [Times: user=0.00 sys=0.00, real=0.00 secs] 
2020-10-29T10:27:18.164+0000: [GC (Allocation Failure) 2020-10-29T10:27:18.164+0000: [ParNew: 16388K->4K(18432K), 0.0026422 secs] 479796K->463412K(713080K), 0.0026973 secs] [Times: user=0.01 sys=0.00, real=0.01 secs] 
2020-10-29T10:27:18.183+0000: [GC (Allocation Failure) 2020-10-29T10:27:18.183+0000: [ParNew: 16388K->4K(18432K), 0.0033913 secs] 479796K->463412K(713080K), 0.0034493 secs] [Times: user=0.00 sys=0.00, real=0.01 secs] 
2020-10-29T10:27:18.204+0000: [GC (Allocation Failure) 2020-10-29T10:27:18.205+0000: [ParNew: 16388K->4K(18432K), 0.0026379 secs] 479796K->463412K(713080K), 0.0026935 secs] [Times: user=0.01 sys=0.00, real=0.00 secs] 
2020-10-29T10:27:18.224+0000: [GC (Allocation Failure) 2020-10-29T10:27:18.225+0000: [ParNew: 16388K->4K(18432K), 0.0026142 secs] 479796K->463412K(713080K), 0.0026705 secs] [Times: user=0.01 sys=0.00, real=0.00 secs] 
2020-10-29T10:27:18.244+0000: [GC (Allocation Failure) 2020-10-29T10:27:18.245+0000: [ParNew: 16388K->4K(18432K), 0.0025889 secs] 479796K->463412K(713080K), 0.0026437 secs] [Times: user=0.01 sys=0.00, real=0.00 secs] 
2020-10-29T10:27:18.264+0000: [GC (Allocation Failure) 2020-10-29T10:27:18.265+0000: [ParNew: 16388K->4K(18432K), 0.0026282 secs] 479796K->463412K(713080K), 0.0026838 secs] [Times: user=0.00 sys=0.00, real=0.00 secs] 
2020-10-29T10:27:18.283+0000: [GC (Allocation Failure) 2020-10-29T10:27:18.283+0000: [ParNew: 16388K->4K(18432K), 0.0026577 secs] 479796K->463412K(713080K), 0.0027135 secs] [Times: user=0.01 sys=0.00, real=0.01 secs] 
2020-10-29T10:27:18.302+0000: [GC (Allocation Failure) 2020-10-29T10:27:18.302+0000: [ParNew: 16388K->4K(18432K), 0.0026080 secs] 479796K->463412K(713080K), 0.0026630 secs] [Times: user=0.01 sys=0.00, real=0.01 secs] 
2020-10-29T10:27:18.320+0000: [GC (Allocation Failure) 2020-10-29T10:27:18.320+0000: [ParNew: 16388K->4K(18432K), 0.0026173 secs] 479796K->463412K(713080K), 0.0026726 secs] [Times: user=0.00 sys=0.00, real=0.00 secs] 
2020-10-29T10:27:18.338+0000: [GC (Allocation Failure) 2020-10-29T10:27:18.338+0000: [ParNew: 16388K->4K(18432K), 0.0026263 secs] 479796K->463412K(713080K), 0.0026815 secs] [Times: user=0.01 sys=0.00, real=0.00 secs] 
2020-10-29T10:27:18.357+0000: [GC (Allocation Failure) 2020-10-29T10:27:18.357+0000: [ParNew: 16388K->4K(18432K), 0.0025438 secs] 479796K->463412K(713080K), 0.0025982 secs] [Times: user=0.00 sys=0.00, real=0.00 secs] 
2020-10-29T10:27:18.376+0000: [GC (Allocation Failure) 2020-10-29T10:27:18.376+0000: [ParNew: 16388K->4K(18432K), 0.0026022 secs] 479796K->463412K(713080K), 0.0026561 secs] [Times: user=0.01 sys=0.00, real=0.00 secs] 
2020-10-29T10:27:18.396+0000: [GC (Allocation Failure) 2020-10-29T10:27:18.397+0000: [ParNew: 16388K->4K(18432K), 0.0027879 secs] 479796K->463412K(713080K), 0.0028402 secs] [Times: user=0.00 sys=0.00, real=0.00 secs] 
2020-10-29T10:27:18.415+0000: [GC (Allocation Failure) 2020-10-29T10:27:18.415+0000: [ParNew: 16388K->4K(18432K), 0.0025585 secs] 479796K->463412K(713080K), 0.0026117 secs] [Times: user=0.01 sys=0.00, real=0.00 secs] 
2020-10-29T10:27:18.434+0000: [GC (Allocation Failure) 2020-10-29T10:27:18.434+0000: [ParNew: 16388K->4K(18432K), 0.0025988 secs] 479796K->463412K(713080K), 0.0026542 secs] [Times: user=0.01 sys=0.00, real=0.00 secs] 
2020-10-29T10:27:18.452+0000: [GC (Allocation Failure) 2020-10-29T10:27:18.453+0000: [ParNew: 16388K->4K(18432K), 0.0025753 secs] 479796K->463412K(713080K), 0.0026298 secs] [Times: user=0.00 sys=0.00, real=0.00 secs] 
2020-10-29T10:27:18.471+0000: [GC (Allocation Failure) 2020-10-29T10:27:18.471+0000: [ParNew: 16388K->4K(18432K), 0.0025988 secs] 479796K->463412K(713080K), 0.0026524 secs] [Times: user=0.01 sys=0.00, real=0.01 secs] 
2020-10-29T10:27:18.490+0000: [GC (Allocation Failure) 2020-10-29T10:27:18.490+0000: [ParNew: 16388K->4K(18432K), 0.0026259 secs] 479796K->463412K(713080K), 0.0026824 secs] [Times: user=0.00 sys=0.00, real=0.00 secs] 
2020-10-29T10:27:18.508+0000: [GC (Allocation Failure) 2020-10-29T10:27:18.508+0000: [ParNew: 16388K->4K(18432K), 0.0026362 secs] 479796K->463412K(713080K), 0.0026907 secs] [Times: user=0.01 sys=0.00, real=0.00 secs] 
2020-10-29T10:27:18.529+0000: [GC (Allocation Failure) 2020-10-29T10:27:18.529+0000: [ParNew: 16388K->4K(18432K), 0.0026126 secs] 479796K->463412K(713080K), 0.0026876 secs] [Times: user=0.00 sys=0.00, real=0.00 secs] 
2020-10-29T10:27:18.548+0000: [GC (Allocation Failure) 2020-10-29T10:27:18.548+0000: [ParNew: 16388K->4K(18432K), 0.0026300 secs] 479796K->463412K(713080K), 0.0026857 secs] [Times: user=0.00 sys=0.00, real=0.00 secs] 
2020-10-29T10:27:18.568+0000: [GC (Allocation Failure) 2020-10-29T10:27:18.569+0000: [ParNew: 16388K->4K(18432K), 0.0026063 secs] 479796K->463412K(713080K), 0.0026612 secs] [Times: user=0.01 sys=0.00, real=0.00 secs] 
2020-10-29T10:27:18.588+0000: [GC (Allocation Failure) 2020-10-29T10:27:18.589+0000: [ParNew: 16388K->4K(18432K), 0.0026248 secs] 479796K->463412K(713080K), 0.0026807 secs] [Times: user=0.00 sys=0.00, real=0.00 secs] 
2020-10-29T10:27:18.608+0000: [GC (Allocation Failure) 2020-10-29T10:27:18.609+0000: [ParNew: 16388K->4K(18432K), 0.0026192 secs] 479796K->463412K(713080K), 0.0026750 secs] [Times: user=0.01 sys=0.00, real=0.00 secs] 
2020-10-29T10:27:18.628+0000: [GC (Allocation Failure) 2020-10-29T10:27:18.629+0000: [ParNew: 16388K->4K(18432K), 0.0026110 secs] 479796K->463412K(713080K), 0.0026669 secs] [Times: user=0.00 sys=0.00, real=0.00 secs] 
2020-10-29T10:27:18.647+0000: [GC (Allocation Failure) 2020-10-29T10:27:18.647+0000: [ParNew: 16274K->4K(18432K), 0.0026250 secs] 479682K->463412K(713080K), 0.0026805 secs] [Times: user=0.00 sys=0.00, real=0.00 secs] 
2020-10-29T10:27:18.665+0000: [GC (Allocation Failure) 2020-10-29T10:27:18.665+0000: [ParNew: 16388K->4K(18432K), 0.0026197 secs] 479796K->463412K(713080K), 0.0026748 secs] [Times: user=0.00 sys=0.00, real=0.00 secs] 
2020-10-29T10:27:18.683+0000: [GC (Allocation Failure) 2020-10-29T10:27:18.683+0000: [ParNew: 16388K->4K(18432K), 0.0026815 secs] 479796K->463412K(713080K), 0.0027464 secs] [Times: user=0.01 sys=0.00, real=0.01 secs] 
2020-10-29T10:27:18.704+0000: [GC (Allocation Failure) 2020-10-29T10:27:18.705+0000: [ParNew: 16388K->4K(18432K), 0.0025980 secs] 479796K->463412K(713080K), 0.0026533 secs] [Times: user=0.00 sys=0.00, real=0.00 secs] 
2020-10-29T10:27:18.727+0000: [GC (Allocation Failure) 2020-10-29T10:27:18.727+0000: [ParNew: 16388K->4K(18432K), 0.0026054 secs] 479796K->463412K(713080K), 0.0026613 secs] [Times: user=0.01 sys=0.00, real=0.00 secs] 
2020-10-29T10:27:18.745+0000: [GC (Allocation Failure) 2020-10-29T10:27:18.745+0000: [ParNew: 16388K->4K(18432K), 0.0024866 secs] 479796K->463412K(713080K), 0.0025396 secs] [Times: user=0.00 sys=0.00, real=0.00 secs] 
2020-10-29T10:27:18.763+0000: [GC (Allocation Failure) 2020-10-29T10:27:18.763+0000: [ParNew: 16388K->4K(18432K), 0.0026315 secs] 479796K->463412K(713080K), 0.0026875 secs] [Times: user=0.00 sys=0.00, real=0.01 secs] 
2020-10-29T10:27:18.784+0000: [GC (Allocation Failure) 2020-10-29T10:27:18.785+0000: [ParNew: 16388K->4K(18432K), 0.0025845 secs] 479796K->463412K(713080K), 0.0026397 secs] [Times: user=0.01 sys=0.00, real=0.00 secs] 
2020-10-29T10:27:18.803+0000: [GC (Allocation Failure) 2020-10-29T10:27:18.803+0000: [ParNew: 16388K->4K(18432K), 0.0025808 secs] 479796K->463412K(713080K), 0.0026345 secs] [Times: user=0.00 sys=0.00, real=0.01 secs] 
2020-10-29T10:27:18.823+0000: [GC (Allocation Failure) 2020-10-29T10:27:18.823+0000: [ParNew: 16388K->4K(18432K), 0.0026099 secs] 479796K->463412K(713080K), 0.0026633 secs] [Times: user=0.01 sys=0.00, real=0.01 secs] 
2020-10-29T10:27:18.841+0000: [GC (Allocation Failure) 2020-10-29T10:27:18.841+0000: [ParNew: 16388K->4K(18432K), 0.0025507 secs] 479796K->463412K(713080K), 0.0026034 secs] [Times: user=0.00 sys=0.00, real=0.00 secs] 
2020-10-29T10:27:18.859+0000: [GC (Allocation Failure) 2020-10-29T10:27:18.859+0000: [ParNew: 16388K->4K(18432K), 0.0025941 secs] 479796K->463412K(713080K), 0.0026478 secs] [Times: user=0.01 sys=0.00, real=0.00 secs] 
2020-10-29T10:27:18.880+0000: [GC (Allocation Failure) 2020-10-29T10:27:18.881+0000: [ParNew: 16388K->4K(18432K), 0.0025347 secs] 479796K->463412K(713080K), 0.0025869 secs] [Times: user=0.00 sys=0.00, real=0.00 secs] 
2020-10-29T10:27:18.900+0000: [GC (Allocation Failure) 2020-10-29T10:27:18.901+0000: [ParNew: 16388K->4K(18432K), 0.0025936 secs] 479796K->463412K(713080K), 0.0026496 secs] [Times: user=0.01 sys=0.00, real=0.00 secs] 
2020-10-29T10:27:18.920+0000: [GC (Allocation Failure) 2020-10-29T10:27:18.921+0000: [ParNew: 16388K->4K(18432K), 0.0026668 secs] 479796K->463412K(713080K), 0.0027236 secs] [Times: user=0.01 sys=0.00, real=0.00 secs] 
2020-10-29T10:27:18.940+0000: [GC (Allocation Failure) 2020-10-29T10:27:18.941+0000: [ParNew: 16388K->4K(18432K), 0.0026058 secs] 479796K->463412K(713080K), 0.0026607 secs] [Times: user=0.00 sys=0.00, real=0.00 secs] 
2020-10-29T10:27:18.959+0000: [GC (Allocation Failure) 2020-10-29T10:27:18.959+0000: [ParNew: 16388K->4K(18432K), 0.0027138 secs] 479796K->463412K(713080K), 0.0027692 secs] [Times: user=0.00 sys=0.00, real=0.00 secs] 
2020-10-29T10:27:18.980+0000: [GC (Allocation Failure) 2020-10-29T10:27:18.981+0000: [ParNew: 16388K->4K(18432K), 0.0026106 secs] 479796K->463412K(713080K), 0.0026662 secs] [Times: user=0.00 sys=0.00, real=0.00 secs] 
2020-10-29T10:27:18.999+0000: [GC (Allocation Failure) 2020-10-29T10:27:18.999+0000: [ParNew: 16388K->4K(18432K), 0.0026419 secs] 479796K->463412K(713080K), 0.0026988 secs] [Times: user=0.01 sys=0.00, real=0.00 secs] 
2020-10-29T10:27:19.020+0000: [GC (Allocation Failure) 2020-10-29T10:27:19.021+0000: [ParNew: 16388K->4K(18432K), 0.0026294 secs] 479796K->463412K(713080K), 0.0026858 secs] [Times: user=0.01 sys=0.00, real=0.00 secs] 
2020-10-29T10:27:19.039+0000: [GC (Allocation Failure) 2020-10-29T10:27:19.039+0000: [ParNew: 16388K->4K(18432K), 0.0026655 secs] 479796K->463412K(713080K), 0.0027218 secs] [Times: user=0.01 sys=0.00, real=0.00 secs] 
2020-10-29T10:27:19.057+0000: [GC (Allocation Failure) 2020-10-29T10:27:19.057+0000: [ParNew: 16388K->4K(18432K), 0.0026121 secs] 479796K->463412K(713080K), 0.0026672 secs] [Times: user=0.00 sys=0.00, real=0.00 secs] 
2020-10-29T10:27:19.075+0000: [GC (Allocation Failure) 2020-10-29T10:27:19.075+0000: [ParNew: 16388K->4K(18432K), 0.0031973 secs] 479796K->463412K(713080K), 0.0032532 secs] [Times: user=0.01 sys=0.00, real=0.00 secs] 
2020-10-29T10:27:19.094+0000: [GC (Allocation Failure) 2020-10-29T10:27:19.094+0000: [ParNew: 16388K->4K(18432K), 0.0026224 secs] 479796K->463412K(713080K), 0.0026763 secs] [Times: user=0.00 sys=0.00, real=0.00 secs] 
2020-10-29T10:27:19.116+0000: [GC (Allocation Failure) 2020-10-29T10:27:19.117+0000: [ParNew: 16388K->4K(18432K), 0.0025808 secs] 479796K->463412K(713080K), 0.0026349 secs] [Times: user=0.01 sys=0.00, real=0.00 secs] 
2020-10-29T10:27:19.135+0000: [GC (Allocation Failure) 2020-10-29T10:27:19.135+0000: [ParNew: 16388K->4K(18432K), 0.0027024 secs] 479796K->463412K(713080K), 0.0027571 secs] [Times: user=0.00 sys=0.00, real=0.00 secs] 
2020-10-29T10:27:19.153+0000: [GC (Allocation Failure) 2020-10-29T10:27:19.153+0000: [ParNew: 16388K->4K(18432K), 0.0026032 secs] 479796K->463412K(713080K), 0.0026591 secs] [Times: user=0.01 sys=0.00, real=0.00 secs] 
2020-10-29T10:27:19.176+0000: [GC (Allocation Failure) 2020-10-29T10:27:19.176+0000: [ParNew: 16388K->4K(18432K), 0.0026290 secs] 479796K->463412K(713080K), 0.0026850 secs] [Times: user=0.01 sys=0.00, real=0.00 secs] 
2020-10-29T10:27:19.194+0000: [GC (Allocation Failure) 2020-10-29T10:27:19.194+0000: [ParNew: 16388K->4K(18432K), 0.0026775 secs] 479796K->463412K(713080K), 0.0027336 secs] [Times: user=0.01 sys=0.00, real=0.00 secs] 
2020-10-29T10:27:19.213+0000: [GC (Allocation Failure) 2020-10-29T10:27:19.213+0000: [ParNew: 16388K->4K(18432K), 0.0026414 secs] 479796K->463412K(713080K), 0.0026993 secs] [Times: user=0.01 sys=0.00, real=0.00 secs] 
2020-10-29T10:27:19.232+0000: [GC (Allocation Failure) 2020-10-29T10:27:19.233+0000: [ParNew: 16388K->4K(18432K), 0.0026231 secs] 479796K->463412K(713080K), 0.0026712 secs] [Times: user=0.00 sys=0.00, real=0.00 secs] 
2020-10-29T10:27:19.252+0000: [GC (Allocation Failure) 2020-10-29T10:27:19.252+0000: [ParNew: 16388K->4K(18432K), 0.0025636 secs] 479796K->463412K(713080K), 0.0026178 secs] [Times: user=0.00 sys=0.00, real=0.00 secs] 
2020-10-29T10:27:19.271+0000: [GC (Allocation Failure) 2020-10-29T10:27:19.271+0000: [ParNew: 16388K->4K(18432K), 0.0026681 secs] 479796K->463412K(713080K), 0.0027262 secs] [Times: user=0.01 sys=0.00, real=0.01 secs] 
2020-10-29T10:27:19.289+0000: [GC (Allocation Failure) 2020-10-29T10:27:19.289+0000: [ParNew: 16388K->4K(18432K), 0.0026481 secs] 479796K->463412K(713080K), 0.0027050 secs] [Times: user=0.00 sys=0.00, real=0.00 secs] 
2020-10-29T10:27:19.309+0000: [GC (Allocation Failure) 2020-10-29T10:27:19.309+0000: [ParNew: 16388K->4K(18432K), 0.0026558 secs] 479796K->463412K(713080K), 0.0027220 secs] [Times: user=0.01 sys=0.00, real=0.00 secs] 
2020-10-29T10:27:19.328+0000: [GC (Allocation Failure) 2020-10-29T10:27:19.329+0000: [ParNew: 16388K->4K(18432K), 0.0026605 secs] 479796K->463412K(713080K), 0.0027160 secs] [Times: user=0.00 sys=0.00, real=0.00 secs] 
2020-10-29T10:27:19.347+0000: [GC (Allocation Failure) 2020-10-29T10:27:19.347+0000: [ParNew: 16388K->4K(18432K), 0.0026283 secs] 479796K->463412K(713080K), 0.0026910 secs] [Times: user=0.01 sys=0.00, real=0.00 secs] 
2020-10-29T10:27:19.365+0000: [GC (Allocation Failure) 2020-10-29T10:27:19.365+0000: [ParNew: 16388K->4K(18432K), 0.0026296 secs] 479796K->463412K(713080K), 0.0026862 secs] [Times: user=0.00 sys=0.00, real=0.00 secs] 
2020-10-29T10:27:19.383+0000: [GC (Allocation Failure) 2020-10-29T10:27:19.383+0000: [ParNew: 16388K->4K(18432K), 0.0026469 secs] 479796K->463412K(713080K), 0.0027160 secs] [Times: user=0.01 sys=0.00, real=0.01 secs] 
2020-10-29T10:27:19.402+0000: [GC (Allocation Failure) 2020-10-29T10:27:19.402+0000: [ParNew: 16388K->4K(18432K), 0.0026775 secs] 479796K->463412K(713080K), 0.0027346 secs] [Times: user=0.00 sys=0.00, real=0.01 secs] 
2020-10-29T10:27:19.424+0000: [GC (Allocation Failure) 2020-10-29T10:27:19.424+0000: [ParNew: 16388K->4K(18432K), 0.0026135 secs] 479796K->463412K(713080K), 0.0026687 secs] [Times: user=0.01 sys=0.00, real=0.00 secs] 
2020-10-29T10:27:19.444+0000: [GC (Allocation Failure) 2020-10-29T10:27:19.445+0000: [ParNew: 16388K->4K(18432K), 0.0026126 secs] 479796K->463412K(713080K), 0.0026685 secs] [Times: user=0.01 sys=0.01, real=0.00 secs] 
2020-10-29T10:27:19.463+0000: [GC (Allocation Failure) 2020-10-29T10:27:19.463+0000: [ParNew: 16388K->4K(18432K), 0.0026572 secs] 479796K->463412K(713080K), 0.0027133 secs] [Times: user=0.00 sys=0.00, real=0.01 secs] 
2020-10-29T10:27:19.481+0000: [GC (Allocation Failure) 2020-10-29T10:27:19.482+0000: [ParNew: 16388K->4K(18432K), 0.0026695 secs] 479796K->463412K(713080K), 0.0027401 secs] [Times: user=0.01 sys=0.00, real=0.00 secs] 
2020-10-29T10:27:19.500+0000: [GC (Allocation Failure) 2020-10-29T10:27:19.500+0000: [ParNew: 16388K->4K(18432K), 0.0026247 secs] 479796K->463412K(713080K), 0.0026804 secs] [Times: user=0.00 sys=0.00, real=0.00 secs] 
2020-10-29T10:27:19.519+0000: [GC (Allocation Failure) 2020-10-29T10:27:19.519+0000: [ParNew: 16388K->4K(18432K), 0.0026197 secs] 479796K->463412K(713080K), 0.0026759 secs] [Times: user=0.00 sys=0.00, real=0.00 secs] 
2020-10-29T10:27:19.537+0000: [GC (Allocation Failure) 2020-10-29T10:27:19.537+0000: [ParNew: 16388K->4K(18432K), 0.0026313 secs] 479796K->463412K(713080K), 0.0026877 secs] [Times: user=0.01 sys=0.00, real=0.00 secs] 
2020-10-29T10:27:19.555+0000: [GC (Allocation Failure) 2020-10-29T10:27:19.555+0000: [ParNew: 16388K->4K(18432K), 0.0026373 secs] 479796K->463412K(713080K), 0.0026937 secs] [Times: user=0.01 sys=0.00, real=0.00 secs] 
2020-10-29T10:27:19.574+0000: [GC (Allocation Failure) 2020-10-29T10:27:19.574+0000: [ParNew: 16388K->4K(18432K), 0.0026244 secs] 479796K->463412K(713080K), 0.0026818 secs] [Times: user=0.00 sys=0.00, real=0.00 secs] 
2020-10-29T10:27:19.592+0000: [GC (Allocation Failure) 2020-10-29T10:27:19.592+0000: [ParNew: 16388K->4K(18432K), 0.0026312 secs] 479796K->463412K(713080K), 0.0026871 secs] [Times: user=0.01 sys=0.00, real=0.01 secs] 
2020-10-29T10:27:19.612+0000: [GC (Allocation Failure) 2020-10-29T10:27:19.613+0000: [ParNew: 16388K->4K(18432K), 0.0026320 secs] 479796K->463412K(713080K), 0.0026893 secs] [Times: user=0.00 sys=0.00, real=0.00 secs] 
2020-10-29T10:27:19.631+0000: [GC (Allocation Failure) 2020-10-29T10:27:19.631+0000: [ParNew: 16388K->4K(18432K), 0.0026340 secs] 479796K->463412K(713080K), 0.0026908 secs] [Times: user=0.01 sys=0.00, real=0.01 secs] 
2020-10-29T10:27:19.652+0000: [GC (Allocation Failure) 2020-10-29T10:27:19.653+0000: [ParNew: 16388K->4K(18432K), 0.0026039 secs] 479796K->463412K(713080K), 0.0026589 secs] [Times: user=0.00 sys=0.00, real=0.00 secs] 
2020-10-29T10:27:19.673+0000: [GC (Allocation Failure) 2020-10-29T10:27:19.673+0000: [ParNew: 16388K->4K(18432K), 0.0026275 secs] 479796K->463412K(713080K), 0.0026834 secs] [Times: user=0.01 sys=0.00, real=0.00 secs] 
2020-10-29T10:27:19.691+0000: [GC (Allocation Failure) 2020-10-29T10:27:19.691+0000: [ParNew: 16388K->4K(18432K), 0.0026816 secs] 479796K->463412K(713080K), 0.0027379 secs] [Times: user=0.01 sys=0.00, real=0.01 secs] 
2020-10-29T10:27:19.712+0000: [GC (Allocation Failure) 2020-10-29T10:27:19.713+0000: [ParNew: 16388K->4K(18432K), 0.0026533 secs] 479796K->463412K(713080K), 0.0027089 secs] [Times: user=0.01 sys=0.00, real=0.00 secs] 
2020-10-29T10:27:19.733+0000: [GC (Allocation Failure) 2020-10-29T10:27:19.733+0000: [ParNew: 16388K->4K(18432K), 0.0026377 secs] 479796K->463412K(713080K), 0.0026935 secs] [Times: user=0.01 sys=0.00, real=0.00 secs] 
2020-10-29T10:27:19.752+0000: [GC (Allocation Failure) 2020-10-29T10:27:19.753+0000: [ParNew: 16388K->4K(18432K), 0.0026621 secs] 479796K->463412K(713080K), 0.0027184 secs] [Times: user=0.00 sys=0.00, real=0.00 secs] 
2020-10-29T10:27:19.771+0000: [GC (Allocation Failure) 2020-10-29T10:27:19.771+0000: [ParNew: 16388K->4K(18432K), 0.0026913 secs] 479796K->463412K(713080K), 0.0027603 secs] [Times: user=0.01 sys=0.00, real=0.01 secs] 
2020-10-29T10:27:19.799+0000: [GC (Allocation Failure) 2020-10-29T10:27:19.799+0000: [ParNew: 16388K->6K(18432K), 0.0026659 secs] 479796K->463414K(713080K), 0.0027221 secs] [Times: user=0.01 sys=0.00, real=0.00 secs] 
2020-10-29T10:27:19.817+0000: [GC (Allocation Failure) 2020-10-29T10:27:19.818+0000: [ParNew: 16390K->6K(18432K), 0.0026174 secs] 479798K->463414K(713080K), 0.0026733 secs] [Times: user=0.01 sys=0.00, real=0.00 secs] 
2020-10-29T10:27:19.840+0000: [GC (Allocation Failure) 2020-10-29T10:27:19.840+0000: [ParNew: 16390K->7K(18432K), 0.0026713 secs] 479798K->463415K(713080K), 0.0027267 secs] [Times: user=0.01 sys=0.00, real=0.00 secs] 
2020-10-29T10:27:19.860+0000: [GC (Allocation Failure) 2020-10-29T10:27:19.861+0000: [ParNew: 16391K->7K(18432K), 0.0026685 secs] 479799K->463416K(713080K), 0.0027244 secs] [Times: user=0.00 sys=0.00, real=0.00 secs] 
2020-10-29T10:27:19.880+0000: [GC (Allocation Failure) 2020-10-29T10:27:19.881+0000: [ParNew: 16391K->7K(18432K), 0.0026071 secs] 479800K->463416K(713080K), 0.0026626 secs] [Times: user=0.00 sys=0.00, real=0.00 secs] 
2020-10-29T10:27:19.900+0000: [GC (Allocation Failure) 2020-10-29T10:27:19.901+0000: [ParNew: 16391K->7K(18432K), 0.0026304 secs] 479800K->463416K(713080K), 0.0026856 secs] [Times: user=0.01 sys=0.00, real=0.00 secs] 
2020-10-29T10:27:19.923+0000: [GC (Allocation Failure) 2020-10-29T10:27:19.923+0000: [ParNew: 16391K->4K(18432K), 0.0026709 secs] 479800K->463417K(713080K), 0.0027258 secs] [Times: user=0.01 sys=0.00, real=0.01 secs] 
2020-10-29T10:27:19.943+0000: [GC (Allocation Failure) 2020-10-29T10:27:19.943+0000: [ParNew: 16388K->4K(18432K), 0.0025915 secs] 479801K->463416K(713080K), 0.0026449 secs] [Times: user=0.01 sys=0.00, real=0.01 secs] 
2020-10-29T10:27:19.961+0000: [GC (Allocation Failure) 2020-10-29T10:27:19.961+0000: [ParNew: 16388K->4K(18432K), 0.0025228 secs] 479800K->463416K(713080K), 0.0025743 secs] [Times: user=0.00 sys=0.00, real=0.00 secs] 
2020-10-29T10:27:19.979+0000: [GC (Allocation Failure) 2020-10-29T10:27:19.979+0000: [ParNew: 16388K->4K(18432K), 0.0025815 secs] 479800K->463416K(713080K), 0.0026524 secs] [Times: user=0.01 sys=0.00, real=0.00 secs] 
2020-10-29T10:27:19.998+0000: [GC (Allocation Failure) 2020-10-29T10:27:19.998+0000: [ParNew: 16388K->4K(18432K), 0.0025976 secs] 479800K->463416K(713080K), 0.0026516 secs] [Times: user=0.00 sys=0.00, real=0.00 secs] 
2020-10-29T10:27:20.016+0000: [GC (Allocation Failure) 2020-10-29T10:27:20.016+0000: [ParNew: 16388K->4K(18432K), 0.0026673 secs] 479800K->463416K(713080K), 0.0027241 secs] [Times: user=0.00 sys=0.01, real=0.00 secs] 
2020-10-29T10:27:20.034+0000: [GC (Allocation Failure) 2020-10-29T10:27:20.035+0000: [ParNew: 16388K->4K(18432K), 0.0026709 secs] 479800K->463416K(713080K), 0.0027277 secs] [Times: user=0.01 sys=0.00, real=0.00 secs] 
2020-10-29T10:27:20.054+0000: [GC (Allocation Failure) 2020-10-29T10:27:20.054+0000: [ParNew: 16388K->4K(18432K), 0.0026104 secs] 479800K->463416K(713080K), 0.0026643 secs] [Times: user=0.01 sys=0.00, real=0.00 secs] 
2020-10-29T10:27:20.072+0000: [GC (Allocation Failure) 2020-10-29T10:27:20.072+0000: [ParNew: 16388K->4K(18432K), 0.0026134 secs] 479800K->463416K(713080K), 0.0026687 secs] [Times: user=0.00 sys=0.00, real=0.01 secs] 
2020-10-29T10:27:20.091+0000: [GC (Allocation Failure) 2020-10-29T10:27:20.091+0000: [ParNew: 16388K->4K(18432K), 0.0026563 secs] 479800K->463416K(713080K), 0.0027125 secs] [Times: user=0.01 sys=0.00, real=0.01 secs] 
2020-10-29T10:27:20.113+0000: [GC (Allocation Failure) 2020-10-29T10:27:20.113+0000: [ParNew: 16388K->4K(18432K), 0.0043536 secs] 479800K->463416K(713080K), 0.0044078 secs] [Times: user=0.00 sys=0.00, real=0.00 secs] 
2020-10-29T10:27:20.133+0000: [GC (Allocation Failure) 2020-10-29T10:27:20.133+0000: [ParNew: 16388K->4K(18432K), 0.0026135 secs] 479800K->463416K(713080K), 0.0026695 secs] [Times: user=0.01 sys=0.00, real=0.00 secs] 
2020-10-29T10:27:20.152+0000: [GC (Allocation Failure) 2020-10-29T10:27:20.153+0000: [ParNew: 16388K->4K(18432K), 0.0026351 secs] 479800K->463416K(713080K), 0.0026906 secs] [Times: user=0.01 sys=0.00, real=0.00 secs] 
2020-10-29T10:27:20.172+0000: [GC (Allocation Failure) 2020-10-29T10:27:20.173+0000: [ParNew: 16388K->4K(18432K), 0.0025885 secs] 479800K->463416K(713080K), 0.0026432 secs] [Times: user=0.00 sys=0.00, real=0.00 secs] 
2020-10-29T10:27:20.192+0000: [GC (Allocation Failure) 2020-10-29T10:27:20.193+0000: [ParNew: 16388K->4K(18432K), 0.0025958 secs] 479800K->463416K(713080K), 0.0026489 secs] [Times: user=0.01 sys=0.00, real=0.00 secs] 
2020-10-29T10:27:20.213+0000: [GC (Allocation Failure) 2020-10-29T10:27:20.213+0000: [ParNew: 16388K->4K(18432K), 0.0026028 secs] 479800K->463416K(713080K), 0.0026580 secs] [Times: user=0.00 sys=0.00, real=0.00 secs] 
2020-10-29T10:27:20.231+0000: [GC (Allocation Failure) 2020-10-29T10:27:20.231+0000: [ParNew: 16388K->4K(18432K), 0.0026021 secs] 479800K->463416K(713080K), 0.0026563 secs] [Times: user=0.01 sys=0.00, real=0.01 secs] 
2020-10-29T10:27:20.249+0000: [GC (Allocation Failure) 2020-10-29T10:27:20.249+0000: [ParNew: 16388K->4K(18432K), 0.0025980 secs] 479800K->463416K(713080K), 0.0026536 secs] [Times: user=0.01 sys=0.00, real=0.00 secs] 
2020-10-29T10:27:20.268+0000: [GC (Allocation Failure) 2020-10-29T10:27:20.269+0000: [ParNew: 16388K->4K(18432K), 0.0025885 secs] 479800K->463416K(713080K), 0.0026441 secs] [Times: user=0.01 sys=0.00, real=0.00 secs] 
2020-10-29T10:27:20.288+0000: [GC (Allocation Failure) 2020-10-29T10:27:20.288+0000: [ParNew: 16388K->4K(18432K), 0.0026066 secs] 479800K->463416K(713080K), 0.0026609 secs] [Times: user=0.01 sys=0.00, real=0.00 secs] 
2020-10-29T10:27:20.308+0000: [GC (Allocation Failure) 2020-10-29T10:27:20.309+0000: [ParNew: 16388K->4K(18432K), 0.0025865 secs] 479800K->463416K(713080K), 0.0026414 secs] [Times: user=0.00 sys=0.00, real=0.00 secs] 
2020-10-29T10:27:20.328+0000: [GC (Allocation Failure) 2020-10-29T10:27:20.329+0000: [ParNew: 16388K->4K(18432K), 0.0025978 secs] 479800K->463416K(713080K), 0.0026527 secs] [Times: user=0.01 sys=0.00, real=0.00 secs] 
2020-10-29T10:27:20.347+0000: [GC (Allocation Failure) 2020-10-29T10:27:20.347+0000: [ParNew: 16388K->4K(18432K), 0.0026357 secs] 479800K->463416K(713080K), 0.0026913 secs] [Times: user=0.00 sys=0.00, real=0.00 secs] 
2020-10-29T10:27:20.365+0000: [GC (Allocation Failure) 2020-10-29T10:27:20.366+0000: [ParNew: 16388K->4K(18432K), 0.0026038 secs] 479800K->463416K(713080K), 0.0026592 secs] [Times: user=0.01 sys=0.00, real=0.00 secs] 
2020-10-29T10:27:20.384+0000: [GC (Allocation Failure) 2020-10-29T10:27:20.384+0000: [ParNew: 16388K->4K(18432K), 0.0026444 secs] 479800K->463416K(713080K), 0.0027003 secs] [Times: user=0.00 sys=0.00, real=0.01 secs] 
2020-10-29T10:27:20.404+0000: [GC (Allocation Failure) 2020-10-29T10:27:20.405+0000: [ParNew: 16388K->4K(18432K), 0.0026328 secs] 479800K->463416K(713080K), 0.0026818 secs] [Times: user=0.00 sys=0.00, real=0.00 secs] 
2020-10-29T10:27:20.423+0000: [GC (Allocation Failure) 2020-10-29T10:27:20.423+0000: [ParNew: 16388K->4K(18432K), 0.0025973 secs] 479800K->463416K(713080K), 0.0026498 secs] [Times: user=0.01 sys=0.00, real=0.01 secs] 
2020-10-29T10:27:20.441+0000: [GC (Allocation Failure) 2020-10-29T10:27:20.441+0000: [ParNew: 16388K->4K(18432K), 0.0025988 secs] 479800K->463416K(713080K), 0.0026543 secs] [Times: user=0.00 sys=0.00, real=0.00 secs] 
2020-10-29T10:27:20.460+0000: [GC (Allocation Failure) 2020-10-29T10:27:20.460+0000: [ParNew: 16388K->4K(18432K), 0.0026309 secs] 479800K->463416K(713080K), 0.0026884 secs] [Times: user=0.01 sys=0.00, real=0.00 secs] 
2020-10-29T10:27:20.481+0000: [GC (Allocation Failure) 2020-10-29T10:27:20.481+0000: [ParNew: 16388K->4K(18432K), 0.0026023 secs] 479800K->463416K(713080K), 0.0026577 secs] [Times: user=0.00 sys=0.00, real=0.00 secs] 
2020-10-29T10:27:20.500+0000: [GC (Allocation Failure) 2020-10-29T10:27:20.501+0000: [ParNew: 16388K->4K(18432K), 0.0026054 secs] 479800K->463416K(713080K), 0.0026599 secs] [Times: user=0.01 sys=0.00, real=0.00 secs] 
2020-10-29T10:27:20.519+0000: [GC (Allocation Failure) 2020-10-29T10:27:20.519+0000: [ParNew: 16388K->4K(18432K), 0.0026050 secs] 479800K->463416K(713080K), 0.0026703 secs] [Times: user=0.00 sys=0.00, real=0.00 secs] 
2020-10-29T10:27:20.537+0000: [GC (Allocation Failure) 2020-10-29T10:27:20.537+0000: [ParNew: 16388K->4K(18432K), 0.0026121 secs] 479800K->463416K(713080K), 0.0026662 secs] [Times: user=0.01 sys=0.00, real=0.00 secs] 
 CMS: abort preclean due to time 2020-10-29T10:27:20.541+0000: [CMS-concurrent-abortable-preclean: 0.411/5.005 secs] [Times: user=8.98 sys=0.34, real=5.00 secs] 
2020-10-29T10:27:20.544+0000: [GC (CMS Final Remark) [YG occupancy: 999 K (18432 K)]2020-10-29T10:27:20.544+0000: [Rescan (parallel) , 0.0019037 secs]2020-10-29T10:27:20.546+0000: [weak refs processing, 0.0000756 secs]2020-10-29T10:27:20.546+0000: [class unloading, 0.0082040 secs]2020-10-29T10:27:20.555+0000: [scrub symbol table, 0.0092720 secs]2020-10-29T10:27:20.564+0000: [scrub string table, 0.0005988 secs][1 CMS-remark: 463412K(694648K)] 464411K(713080K), 0.0201791 secs] [Times: user=0.03 sys=0.00, real=0.02 secs] 
2020-10-29T10:27:20.568+0000: [CMS-concurrent-sweep-start]
2020-10-29T10:27:20.583+0000: [GC (Allocation Failure) 2020-10-29T10:27:20.583+0000: [ParNew: 16388K->4K(18432K), 0.0026142 secs] 479313K->462929K(713080K), 0.0026704 secs] [Times: user=0.01 sys=0.00, real=0.01 secs] 
2020-10-29T10:27:20.598+0000: [CMS-concurrent-sweep: 0.025/0.030 secs] [Times: user=0.06 sys=0.00, real=0.03 secs] 
2020-10-29T10:27:20.598+0000: [CMS-concurrent-reset-start]
2020-10-29T10:27:20.600+0000: [CMS-concurrent-reset: 0.002/0.002 secs] [Times: user=0.00 sys=0.00, real=0.00 secs] 
2020-10-29T10:27:20.603+0000: [GC (Allocation Failure) 2020-10-29T10:27:20.603+0000: [ParNew: 16388K->4K(18432K), 0.0027221 secs] 450539K->434155K(742020K), 0.0027662 secs] [Times: user=0.00 sys=0.00, real=0.01 secs] 
2020-10-29T10:27:20.622+0000: [GC (Allocation Failure) 2020-10-29T10:27:20.622+0000: [ParNew: 16388K->4K(18432K), 0.0026918 secs] 450539K->434155K(742020K), 0.0027459 secs] [Times: user=0.01 sys=0.00, real=0.01 secs] 
2020-10-29T10:27:20.644+0000: [GC (Allocation Failure) 2020-10-29T10:27:20.644+0000: [ParNew: 16388K->4K(18432K), 0.0027319 secs] 450539K->434155K(742020K), 0.0027869 secs] [Times: user=0.01 sys=0.00, real=0.01 secs] 
2020-10-29T10:27:20.662+0000: [GC (Allocation Failure) 2020-10-29T10:27:20.662+0000: [ParNew: 16388K->4K(18432K), 0.0027087 secs] 450539K->434155K(742020K), 0.0027641 secs] [Times: user=0.01 sys=0.00, real=0.01 secs] 
2020-10-29T10:27:20.679+0000: [GC (Allocation Failure) 2020-10-29T10:27:20.679+0000: [ParNew: 16388K->4K(18432K), 0.0027189 secs] 450539K->434155K(742020K), 0.0027744 secs] [Times: user=0.00 sys=0.00, real=0.00 secs] 
2020-10-29T10:27:20.696+0000: [GC (Allocation Failure) 2020-10-29T10:27:20.696+0000: [ParNew: 16388K->4K(18432K), 0.0027183 secs] 450539K->434155K(742020K), 0.0027737 secs] [Times: user=0.01 sys=0.00, real=0.00 secs] 
2020-10-29T10:27:20.716+0000: [GC (Allocation Failure) 2020-10-29T10:27:20.716+0000: [ParNew: 16388K->4K(18432K), 0.0026722 secs] 450539K->434155K(742020K), 0.0027261 secs] [Times: user=0.00 sys=0.00, real=0.00 secs] 
2020-10-29T10:27:20.735+0000: [GC (Allocation Failure) 2020-10-29T10:27:20.735+0000: [ParNew: 16388K->4K(18432K), 0.0026985 secs] 450539K->434155K(742020K), 0.0027533 secs] [Times: user=0.01 sys=0.00, real=0.00 secs] 
2020-10-29T10:27:20.752+0000: [GC (Allocation Failure) 2020-10-29T10:27:20.752+0000: [ParNew: 16388K->4K(18432K), 0.0027006 secs] 450539K->434155K(742020K), 0.0027529 secs] [Times: user=0.01 sys=0.00, real=0.01 secs] 
2020-10-29T10:27:20.772+0000: [GC (Allocation Failure) 2020-10-29T10:27:20.773+0000: [ParNew: 16388K->4K(18432K), 0.0027080 secs] 450539K->434155K(742020K), 0.0027620 secs] [Times: user=0.01 sys=0.00, real=0.00 secs] 
2020-10-29T10:27:20.790+0000: [GC (Allocation Failure) 2020-10-29T10:27:20.790+0000: [ParNew: 16388K->4K(18432K), 0.0027915 secs] 450539K->434155K(742020K), 0.0028473 secs] [Times: user=0.00 sys=0.00, real=0.01 secs] 
2020-10-29T10:27:20.808+0000: [GC (Allocation Failure) 2020-10-29T10:27:20.808+0000: [ParNew: 16388K->4K(18432K), 0.0027211 secs] 450539K->434155K(742020K), 0.0027847 secs] [Times: user=0.01 sys=0.00, real=0.00 secs] 
2020-10-29T10:27:20.825+0000: [GC (Allocation Failure) 2020-10-29T10:27:20.825+0000: [ParNew: 16388K->4K(18432K), 0.0027182 secs] 450539K->434155K(742020K), 0.0027729 secs] [Times: user=0.00 sys=0.00, real=0.00 secs] 
2020-10-29T10:27:20.842+0000: [GC (Allocation Failure) 2020-10-29T10:27:20.842+0000: [ParNew: 16388K->4K(18432K), 0.0027199 secs] 450539K->434155K(742020K), 0.0027822 secs] [Times: user=0.01 sys=0.00, real=0.01 secs] 
2020-10-29T10:27:20.860+0000: [GC (Allocation Failure) 2020-10-29T10:27:20.861+0000: [ParNew: 16388K->4K(18432K), 0.0027038 secs] 450539K->434155K(742020K), 0.0027577 secs] [Times: user=0.00 sys=0.00, real=0.00 secs] 
2020-10-29T10:27:20.878+0000: [GC (Allocation Failure) 2020-10-29T10:27:20.878+0000: [ParNew: 16388K->4K(18432K), 0.0026968 secs] 450539K->434155K(742020K), 0.0027511 secs] [Times: user=0.01 sys=0.00, real=0.00 secs] 
2020-10-29T10:27:20.895+0000: [GC (Allocation Failure) 2020-10-29T10:27:20.895+0000: [ParNew: 16388K->4K(18432K), 0.0027644 secs] 450539K->434155K(742020K), 0.0028192 secs] [Times: user=0.01 sys=0.00, real=0.00 secs] 
2020-10-29T10:27:20.913+0000: [GC (Allocation Failure) 2020-10-29T10:27:20.913+0000: [ParNew: 16388K->4K(18432K), 0.0027394 secs] 450539K->434155K(742020K), 0.0028032 secs] [Times: user=0.01 sys=0.00, real=0.00 secs] 
2020-10-29T10:27:20.930+0000: [GC (Allocation Failure) 2020-10-29T10:27:20.930+0000: [ParNew: 16388K->4K(18432K), 0.0034575 secs] 450539K->434155K(742020K), 0.0035143 secs] [Times: user=0.00 sys=0.00, real=0.01 secs] 
2020-10-29T10:27:20.949+0000: [GC (Allocation Failure) 2020-10-29T10:27:20.949+0000: [ParNew: 16388K->4K(18432K), 0.0026799 secs] 450539K->434155K(742020K), 0.0027355 secs] [Times: user=0.01 sys=0.00, real=0.00 secs] 
2020-10-29T10:27:20.968+0000: [GC (Allocation Failure) 2020-10-29T10:27:20.969+0000: [ParNew: 16388K->4K(18432K), 0.0026885 secs] 450539K->434155K(742020K), 0.0027442 secs] [Times: user=0.01 sys=0.00, real=0.00 secs] 
2020-10-29T10:27:20.986+0000: [GC (Allocation Failure) 2020-10-29T10:27:20.986+0000: [ParNew: 16388K->4K(18432K), 0.0027276 secs] 450539K->434155K(742020K), 0.0027846 secs] [Times: user=0.01 sys=0.00, real=0.00 secs] 
2020-10-29T10:27:21.004+0000: [GC (Allocation Failure) 2020-10-29T10:27:21.004+0000: [ParNew: 16388K->4K(18432K), 0.0027154 secs] 450539K->434155K(742020K), 0.0027726 secs] [Times: user=0.00 sys=0.00, real=0.01 secs] 
2020-10-29T10:27:21.021+0000: [GC (Allocation Failure) 2020-10-29T10:27:21.021+0000: [ParNew: 16388K->4K(18432K), 0.0027198 secs] 450539K->434155K(742020K), 0.0027761 secs] [Times: user=0.01 sys=0.00, real=0.00 secs] 
2020-10-29T10:27:21.038+0000: [GC (Allocation Failure) 2020-10-29T10:27:21.038+0000: [ParNew: 16388K->4K(18432K), 0.0027271 secs] 450539K->434155K(742020K), 0.0027828 secs] [Times: user=0.00 sys=0.00, real=0.00 secs] 
2020-10-29T10:27:21.076+0000: [GC (Allocation Failure) 2020-10-29T10:27:21.077+0000: [ParNew: 16388K->4K(18432K), 0.0027549 secs] 450539K->434155K(742020K), 0.0028116 secs] [Times: user=0.01 sys=0.00, real=0.00 secs] 
2020-10-29T10:27:21.137+0000: [GC (Allocation Failure) 2020-10-29T10:27:21.137+0000: [ParNew: 16388K->4K(18432K), 0.0027202 secs] 450539K->434155K(742020K), 0.0027983 secs] [Times: user=0.00 sys=0.00, real=0.00 secs] 
2020-10-29T10:27:21.173+0000: [GC (Allocation Failure) 2020-10-29T10:27:21.173+0000: [ParNew: 16388K->4K(18432K), 0.0026869 secs] 450539K->434155K(742020K), 0.0027430 secs] [Times: user=0.00 sys=0.00, real=0.00 secs] 
2020-10-29T10:27:21.208+0000: [GC (Allocation Failure) 2020-10-29T10:27:21.208+0000: [ParNew: 16388K->4K(18432K), 0.0027096 secs] 450539K->434155K(742020K), 0.0027865 secs] [Times: user=0.00 sys=0.00, real=0.00 secs] 
2020-10-29T10:27:21.244+0000: [GC (Allocation Failure) 2020-10-29T10:27:21.244+0000: [ParNew: 16388K->6K(18432K), 0.0028161 secs] 450539K->434157K(742020K), 0.0029057 secs] [Times: user=0.00 sys=0.00, real=0.01 secs] 
2020-10-29T10:27:21.280+0000: [GC (Allocation Failure) 2020-10-29T10:27:21.280+0000: [ParNew: 16390K->4K(18432K), 0.0027996 secs] 450541K->434155K(742020K), 0.0028678 secs] [Times: user=0.01 sys=0.00, real=0.00 secs] 
2020-10-29T10:27:21.663+0000: [GC (Allocation Failure) 2020-10-29T10:27:21.663+0000: [ParNew: 16388K->4K(18432K), 0.0028080 secs] 450539K->434157K(742020K), 0.0028841 secs] [Times: user=0.00 sys=0.00, real=0.01 secs] 
2020-10-29T10:27:22.373+0000: [GC (Allocation Failure) 2020-10-29T10:27:22.373+0000: [ParNew: 16388K->68K(18432K), 0.0027995 secs] 450541K->434222K(742020K), 0.0028491 secs] [Times: user=0.01 sys=0.00, real=0.00 secs] 
2020-10-29T10:27:23.170+0000: [GC (Allocation Failure) 2020-10-29T10:27:23.170+0000: [ParNew: 16452K->596K(18432K), 0.0036690 secs] 450606K->434750K(742020K), 0.0037516 secs] [Times: user=0.00 sys=0.00, real=0.01 secs] 
2020-10-29T10:27:23.315+0000: [GC (Allocation Failure) 2020-10-29T10:27:23.315+0000: [ParNew: 16980K->2048K(18432K), 0.0115310 secs] 451134K->436442K(742020K), 0.0116045 secs] [Times: user=0.03 sys=0.00, real=0.01 secs] 
2020-10-29T10:27:23.370+0000: [GC (Allocation Failure) 2020-10-29T10:27:23.370+0000: [ParNew: 18432K->848K(18432K), 0.0067636 secs] 452826K->437165K(742020K), 0.0068250 secs] [Times: user=0.01 sys=0.00, real=0.01 secs] 
2020-10-29T10:27:23.403+0000: [GC (Allocation Failure) 2020-10-29T10:27:23.403+0000: [ParNew: 17232K->535K(18432K), 0.0029235 secs] 453549K->436852K(742020K), 0.0029805 secs] [Times: user=0.01 sys=0.00, real=0.01 secs] 
2020-10-29T10:27:23.428+0000: [GC (Allocation Failure) 2020-10-29T10:27:23.428+0000: [ParNew: 16919K->1147K(18432K), 0.0029838 secs] 453236K->437464K(742020K), 0.0030577 secs] [Times: user=0.01 sys=0.00, real=0.00 secs] 
2020-10-29T10:27:23.456+0000: [GC (Allocation Failure) 2020-10-29T10:27:23.456+0000: [ParNew: 17531K->801K(18432K), 0.0028702 secs] 453848K->437130K(742020K), 0.0029284 secs] [Times: user=0.01 sys=0.00, real=0.00 secs] 
2020-10-29T10:27:23.481+0000: [GC (Allocation Failure) 2020-10-29T10:27:23.482+0000: [ParNew: 17185K->1032K(18432K), 0.0029447 secs] 453514K->437361K(742020K), 0.0030029 secs] [Times: user=0.01 sys=0.00, real=0.01 secs] 
2020-10-29T10:27:23.511+0000: [GC (Allocation Failure) 2020-10-29T10:27:23.511+0000: [ParNew: 17416K->1028K(18432K), 0.0029559 secs] 453745K->437357K(742020K), 0.0030133 secs] [Times: user=0.00 sys=0.00, real=0.01 secs] 
2020-10-29T10:27:23.539+0000: [GC (Allocation Failure) 2020-10-29T10:27:23.539+0000: [ParNew: 17412K->1028K(18432K), 0.0029787 secs] 453741K->437869K(742020K), 0.0030364 secs] [Times: user=0.01 sys=0.00, real=0.00 secs] 
2020-10-29T10:27:23.563+0000: [GC (Allocation Failure) 2020-10-29T10:27:23.563+0000: [ParNew: 17412K->1028K(18432K), 0.0029336 secs] 454253K->438381K(742020K), 0.0030059 secs] [Times: user=0.01 sys=0.00, real=0.01 secs] 
2020-10-29T10:27:23.592+0000: [GC (Allocation Failure) 2020-10-29T10:27:23.592+0000: [ParNew: 17412K->4K(18432K), 0.0029548 secs] 454765K->438381K(742020K), 0.0030121 secs] [Times: user=0.01 sys=0.00, real=0.01 secs] 
2020-10-29T10:27:23.617+0000: [GC (Allocation Failure) 2020-10-29T10:27:23.617+0000: [ParNew: 16388K->1028K(18432K), 0.0030238 secs] 454765K->440429K(742020K), 0.0030830 secs] [Times: user=0.00 sys=0.00, real=0.00 secs] 
2020-10-29T10:27:23.642+0000: [GC (Allocation Failure) 2020-10-29T10:27:23.642+0000: [ParNew: 17412K->4K(18432K), 0.0027603 secs] 456813K->439405K(742020K), 0.0028182 secs] [Times: user=0.00 sys=0.00, real=0.01 secs] 
2020-10-29T10:27:23.670+0000: [GC (Allocation Failure) 2020-10-29T10:27:23.670+0000: [ParNew: 16388K->4K(18432K), 0.0027296 secs] 455789K->439405K(742020K), 0.0028044 secs] [Times: user=0.01 sys=0.00, real=0.01 secs] 
2020-10-29T10:27:23.691+0000: [GC (Allocation Failure) 2020-10-29T10:27:23.691+0000: [ParNew: 16388K->4K(18432K), 0.0026594 secs] 455789K->439405K(742020K), 0.0027175 secs] [Times: user=0.01 sys=0.00, real=0.01 secs] 
2020-10-29T10:27:23.711+0000: [GC (Allocation Failure) 2020-10-29T10:27:23.711+0000: [ParNew: 16388K->4K(18432K), 0.0027156 secs] 455789K->439405K(742020K), 0.0027806 secs] [Times: user=0.01 sys=0.00, real=0.01 secs] 
2020-10-29T10:27:23.731+0000: [GC (Allocation Failure) 2020-10-29T10:27:23.731+0000: [ParNew: 16388K->4K(18432K), 0.0026917 secs] 455789K->439405K(742020K), 0.0027464 secs] [Times: user=0.01 sys=0.00, real=0.01 secs] 
2020-10-29T10:27:23.752+0000: [GC (Allocation Failure) 2020-10-29T10:27:23.753+0000: [ParNew: 16388K->4K(18432K), 0.0027091 secs] 455789K->439405K(742020K), 0.0027652 secs] [Times: user=0.01 sys=0.00, real=0.00 secs] 
2020-10-29T10:27:23.773+0000: [GC (Allocation Failure) 2020-10-29T10:27:23.773+0000: [ParNew: 16230K->4K(18432K), 0.0027040 secs] 455631K->439405K(742020K), 0.0027593 secs] [Times: user=0.01 sys=0.00, real=0.00 secs] 
2020-10-29T10:27:23.792+0000: [GC (Allocation Failure) 2020-10-29T10:27:23.793+0000: [ParNew: 16388K->4K(18432K), 0.0031054 secs] 455789K->441453K(742020K), 0.0031612 secs] [Times: user=0.00 sys=0.00, real=0.00 secs] 
2020-10-29T10:27:23.812+0000: [GC (Allocation Failure) 2020-10-29T10:27:23.812+0000: [ParNew: 16388K->4K(18432K), 0.0031079 secs] 457837K->443501K(742020K), 0.0031660 secs] [Times: user=0.00 sys=0.00, real=0.01 secs] 
2020-10-29T10:27:23.815+0000: [GC (CMS Initial Mark) [1 CMS-initial-mark: 443497K(723588K)] 443653K(742020K), 0.0013226 secs] [Times: user=0.00 sys=0.00, real=0.00 secs] 
2020-10-29T10:27:23.816+0000: [CMS-concurrent-mark-start]
2020-10-29T10:27:23.845+0000: [GC (Allocation Failure) 2020-10-29T10:27:23.845+0000: [ParNew: 16388K->4K(18432K), 0.0027474 secs] 459885K->443501K(742020K), 0.0028068 secs] [Times: user=0.01 sys=0.00, real=0.00 secs] 
2020-10-29T10:27:23.874+0000: [GC (Allocation Failure) 2020-10-29T10:27:23.874+0000: [ParNew: 16388K->4K(18432K), 0.0027329 secs] 459885K->443501K(742020K), 0.0027904 secs] [Times: user=0.01 sys=0.00, real=0.00 secs] 
2020-10-29T10:27:23.913+0000: [GC (Allocation Failure) 2020-10-29T10:27:23.913+0000: [ParNew: 16388K->4K(18432K), 0.0027296 secs] 459885K->443501K(742020K), 0.0027883 secs] [Times: user=0.01 sys=0.00, real=0.00 secs] 
2020-10-29T10:27:23.931+0000: [CMS-concurrent-mark: 0.098/0.115 secs] [Times: user=0.23 sys=0.00, real=0.11 secs] 
2020-10-29T10:27:23.931+0000: [CMS-concurrent-preclean-start]
2020-10-29T10:27:23.934+0000: [CMS-concurrent-preclean: 0.003/0.003 secs] [Times: user=0.00 sys=0.00, real=0.01 secs] 
2020-10-29T10:27:23.934+0000: [CMS-concurrent-abortable-preclean-start]
2020-10-29T10:27:23.950+0000: [GC (Allocation Failure) 2020-10-29T10:27:23.950+0000: [ParNew: 16388K->4K(18432K), 0.0027200 secs] 459885K->443501K(742020K), 0.0027769 secs] [Times: user=0.01 sys=0.00, real=0.01 secs] 
2020-10-29T10:27:23.980+0000: [GC (Allocation Failure) 2020-10-29T10:27:23.981+0000: [ParNew: 16388K->2K(18432K), 0.0045334 secs] 459885K->443500K(742020K), 0.0046056 secs] [Times: user=0.00 sys=0.00, real=0.01 secs] 
2020-10-29T10:27:24.010+0000: [GC (Allocation Failure) 2020-10-29T10:27:24.010+0000: [ParNew: 16386K->4K(18432K), 0.0027187 secs] 459884K->443502K(742020K), 0.0027942 secs] [Times: user=0.01 sys=0.00, real=0.01 secs] 
2020-10-29T10:27:24.037+0000: [GC (Allocation Failure) 2020-10-29T10:27:24.037+0000: [ParNew: 16388K->4K(18432K), 0.0027473 secs] 459886K->443502K(742020K), 0.0028291 secs] [Times: user=0.00 sys=0.00, real=0.00 secs] 
2020-10-29T10:27:24.062+0000: [GC (Allocation Failure) 2020-10-29T10:27:24.062+0000: [ParNew: 16388K->4K(18432K), 0.0027221 secs] 459886K->443502K(742020K), 0.0027990 secs] [Times: user=0.00 sys=0.00, real=0.01 secs] 
2020-10-29T10:27:24.092+0000: [GC (Allocation Failure) 2020-10-29T10:27:24.092+0000: [ParNew: 16388K->4K(18432K), 0.0027312 secs] 459886K->443502K(742020K), 0.0028092 secs] [Times: user=0.01 sys=0.00, real=0.01 secs] 
2020-10-29T10:27:24.121+0000: [GC (Allocation Failure) 2020-10-29T10:27:24.121+0000: [ParNew: 16388K->4K(18432K), 0.0026994 secs] 459886K->443502K(742020K), 0.0027804 secs] [Times: user=0.01 sys=0.00, real=0.00 secs] 
2020-10-29T10:27:24.148+0000: [GC (Allocation Failure) 2020-10-29T10:27:24.149+0000: [ParNew: 16388K->4K(18432K), 0.0026978 secs] 459886K->443502K(742020K), 0.0027875 secs] [Times: user=0.01 sys=0.00, real=0.00 secs] 
2020-10-29T10:27:24.186+0000: [GC (Allocation Failure) 2020-10-29T10:27:24.186+0000: [ParNew: 16388K->4K(18432K), 0.0027501 secs] 459886K->443502K(742020K), 0.0028387 secs] [Times: user=0.01 sys=0.00, real=0.00 secs] 
2020-10-29T10:27:24.228+0000: [GC (Allocation Failure) 2020-10-29T10:27:24.229+0000: [ParNew: 16388K->4K(18432K), 0.0027237 secs] 459886K->443502K(742020K), 0.0027979 secs] [Times: user=0.00 sys=0.00, real=0.00 secs] 
2020-10-29T10:27:24.266+0000: [GC (Allocation Failure) 2020-10-29T10:27:24.266+0000: [ParNew: 16388K->4K(18432K), 0.0027615 secs] 459886K->443502K(742020K), 0.0028384 secs] [Times: user=0.01 sys=0.00, real=0.00 secs] 
2020-10-29T10:27:24.304+0000: [GC (Allocation Failure) 2020-10-29T10:27:24.304+0000: [ParNew: 16388K->4K(18432K), 0.0027301 secs] 459886K->443502K(742020K), 0.0028053 secs] [Times: user=0.01 sys=0.00, real=0.01 secs] 
2020-10-29T10:27:24.342+0000: [GC (Allocation Failure) 2020-10-29T10:27:24.342+0000: [ParNew: 16388K->4K(18432K), 0.0027796 secs] 459886K->443502K(742020K), 0.0028573 secs] [Times: user=0.01 sys=0.00, real=0.01 secs] 
2020-10-29T10:27:24.368+0000: [GC (Allocation Failure) 2020-10-29T10:27:24.369+0000: [ParNew: 16388K->4K(18432K), 0.0027361 secs] 459886K->443502K(742020K), 0.0027925 secs] [Times: user=0.01 sys=0.00, real=0.00 secs] 
2020-10-29T10:27:24.389+0000: [GC (Allocation Failure) 2020-10-29T10:27:24.389+0000: [ParNew: 16388K->4K(18432K), 0.0027093 secs] 459886K->443502K(742020K), 0.0027656 secs] [Times: user=0.01 sys=0.00, real=0.00 secs] 
2020-10-29T10:27:24.407+0000: [GC (Allocation Failure) 2020-10-29T10:27:24.407+0000: [ParNew: 16388K->4K(18432K), 0.0034717 secs] 459886K->447598K(742020K), 0.0035273 secs] [Times: user=0.01 sys=0.00, real=0.00 secs] 
2020-10-29T10:27:24.428+0000: [GC (Allocation Failure) 2020-10-29T10:27:24.429+0000: [ParNew: 16388K->4K(18432K), 0.0027265 secs] 463982K->447598K(742020K), 0.0028068 secs] [Times: user=0.00 sys=0.00, real=0.00 secs] 
2020-10-29T10:27:24.452+0000: [GC (Allocation Failure) 2020-10-29T10:27:24.452+0000: [ParNew: 16388K->4K(18432K), 0.0027553 secs] 463982K->447598K(742020K), 0.0028115 secs] [Times: user=0.01 sys=0.00, real=0.01 secs] 
2020-10-29T10:27:24.471+0000: [GC (Allocation Failure) 2020-10-29T10:27:24.471+0000: [ParNew: 16388K->4K(18432K), 0.0027750 secs] 463982K->447598K(742020K), 0.0028321 secs] [Times: user=0.00 sys=0.00, real=0.01 secs] 
2020-10-29T10:27:24.489+0000: [GC (Allocation Failure) 2020-10-29T10:27:24.490+0000: [ParNew: 16388K->4K(18432K), 0.0027588 secs] 463982K->447598K(742020K), 0.0028159 secs] [Times: user=0.01 sys=0.00, real=0.00 secs] 
2020-10-29T10:27:24.505+0000: [GC (Allocation Failure) 2020-10-29T10:27:24.505+0000: [ParNew: 16388K->4K(18432K), 0.0034413 secs] 463982K->451694K(742020K), 0.0034971 secs] [Times: user=0.01 sys=0.00, real=0.00 secs] 
2020-10-29T10:27:24.528+0000: [GC (Allocation Failure) 2020-10-29T10:27:24.529+0000: [ParNew: 16388K->4K(18432K), 0.0027054 secs] 468078K->451694K(742020K), 0.0027610 secs] [Times: user=0.00 sys=0.00, real=0.00 secs] 
2020-10-29T10:27:24.548+0000: [GC (Allocation Failure) 2020-10-29T10:27:24.549+0000: [ParNew: 16388K->4K(18432K), 0.0026254 secs] 468078K->451694K(742020K), 0.0026787 secs] [Times: user=0.01 sys=0.00, real=0.00 secs] 
2020-10-29T10:27:24.567+0000: [GC (Allocation Failure) 2020-10-29T10:27:24.567+0000: [ParNew: 16388K->4K(18432K), 0.0027239 secs] 468078K->451694K(742020K), 0.0027851 secs] [Times: user=0.00 sys=0.00, real=0.00 secs] 
2020-10-29T10:27:24.586+0000: [GC (Allocation Failure) 2020-10-29T10:27:24.586+0000: [ParNew: 16388K->4K(18432K), 0.0027736 secs] 468078K->451694K(742020K), 0.0028312 secs] [Times: user=0.00 sys=0.00, real=0.00 secs] 
2020-10-29T10:27:24.605+0000: [GC (Allocation Failure) 2020-10-29T10:27:24.605+0000: [ParNew: 16388K->4K(18432K), 0.0027249 secs] 468078K->451694K(742020K), 0.0027800 secs] [Times: user=0.01 sys=0.00, real=0.00 secs] 
2020-10-29T10:27:24.628+0000: [GC (Allocation Failure) 2020-10-29T10:27:24.628+0000: [ParNew: 16388K->4K(18432K), 0.0027187 secs] 468078K->451694K(742020K), 0.0027735 secs] [Times: user=0.01 sys=0.00, real=0.00 secs] 
2020-10-29T10:27:24.647+0000: [GC (Allocation Failure) 2020-10-29T10:27:24.647+0000: [ParNew: 16388K->4K(18432K), 0.0026567 secs] 468078K->451694K(742020K), 0.0027091 secs] [Times: user=0.00 sys=0.00, real=0.00 secs] 
2020-10-29T10:27:24.666+0000: [GC (Allocation Failure) 2020-10-29T10:27:24.666+0000: [ParNew: 16388K->4K(18432K), 0.0035256 secs] 468078K->451694K(742020K), 0.0035808 secs] [Times: user=0.00 sys=0.00, real=0.00 secs] 
2020-10-29T10:27:24.686+0000: [GC (Allocation Failure) 2020-10-29T10:27:24.686+0000: [ParNew: 16388K->4K(18432K), 0.0026771 secs] 468078K->451694K(742020K), 0.0027305 secs] [Times: user=0.00 sys=0.00, real=0.00 secs] 
2020-10-29T10:27:24.705+0000: [GC (Allocation Failure) 2020-10-29T10:27:24.705+0000: [ParNew: 16388K->4K(18432K), 0.0027693 secs] 468078K->451694K(742020K), 0.0028346 secs] [Times: user=0.01 sys=0.00, real=0.00 secs] 
2020-10-29T10:27:24.724+0000: [GC (Allocation Failure) 2020-10-29T10:27:24.724+0000: [ParNew: 16388K->4K(18432K), 0.0027728 secs] 468078K->451694K(742020K), 0.0028301 secs] [Times: user=0.01 sys=0.00, real=0.01 secs] 
2020-10-29T10:27:24.744+0000: [GC (Allocation Failure) 2020-10-29T10:27:24.745+0000: [ParNew: 16388K->4K(18432K), 0.0027465 secs] 468078K->451694K(742020K), 0.0028029 secs] [Times: user=0.00 sys=0.00, real=0.00 secs] 
2020-10-29T10:27:24.764+0000: [GC (Allocation Failure) 2020-10-29T10:27:24.764+0000: [ParNew: 16388K->4K(18432K), 0.0027570 secs] 468078K->451694K(742020K), 0.0028152 secs] [Times: user=0.00 sys=0.00, real=0.01 secs] 
2020-10-29T10:27:24.784+0000: [GC (Allocation Failure) 2020-10-29T10:27:24.785+0000: [ParNew: 16388K->4K(18432K), 0.0027530 secs] 468078K->451694K(742020K), 0.0028122 secs] [Times: user=0.00 sys=0.00, real=0.00 secs] 
2020-10-29T10:27:24.805+0000: [GC (Allocation Failure) 2020-10-29T10:27:24.805+0000: [ParNew: 16388K->4K(18432K), 0.0027587 secs] 468078K->451694K(742020K), 0.0028169 secs] [Times: user=0.01 sys=0.00, real=0.00 secs] 
2020-10-29T10:27:24.823+0000: [GC (Allocation Failure) 2020-10-29T10:27:24.823+0000: [ParNew: 16388K->4K(18432K), 0.0028034 secs] 468078K->451694K(742020K), 0.0028632 secs] [Times: user=0.00 sys=0.00, real=0.01 secs] 
2020-10-29T10:27:24.845+0000: [GC (Allocation Failure) 2020-10-29T10:27:24.845+0000: [ParNew: 16388K->4K(18432K), 0.0028062 secs] 468078K->451694K(742020K), 0.0028665 secs] [Times: user=0.00 sys=0.00, real=0.00 secs] 
2020-10-29T10:27:24.864+0000: [GC (Allocation Failure) 2020-10-29T10:27:24.864+0000: [ParNew: 16388K->4K(18432K), 0.0027568 secs] 468078K->451694K(742020K), 0.0028150 secs] [Times: user=0.01 sys=0.00, real=0.01 secs] 
2020-10-29T10:27:24.883+0000: [GC (Allocation Failure) 2020-10-29T10:27:24.883+0000: [ParNew: 16388K->4K(18432K), 0.0027672 secs] 468078K->451694K(742020K), 0.0028275 secs] [Times: user=0.01 sys=0.00, real=0.01 secs] 
2020-10-29T10:27:24.902+0000: [GC (Allocation Failure) 2020-10-29T10:27:24.902+0000: [ParNew: 16388K->4K(18432K), 0.0027163 secs] 468078K->451694K(742020K), 0.0027711 secs] [Times: user=0.00 sys=0.00, real=0.01 secs] 
2020-10-29T10:27:24.924+0000: [GC (Allocation Failure) 2020-10-29T10:27:24.924+0000: [ParNew: 16388K->4K(18432K), 0.0027156 secs] 468078K->451694K(742020K), 0.0027716 secs] [Times: user=0.00 sys=0.00, real=0.01 secs] 
2020-10-29T10:27:24.943+0000: [GC (Allocation Failure) 2020-10-29T10:27:24.943+0000: [ParNew: 16388K->4K(18432K), 0.0027284 secs] 468078K->451694K(742020K), 0.0027833 secs] [Times: user=0.01 sys=0.00, real=0.01 secs] 
2020-10-29T10:27:24.962+0000: [GC (Allocation Failure) 2020-10-29T10:27:24.962+0000: [ParNew: 16388K->4K(18432K), 0.0027236 secs] 468078K->451694K(742020K), 0.0027771 secs] [Times: user=0.00 sys=0.00, real=0.01 secs] 
2020-10-29T10:27:24.983+0000: [GC (Allocation Failure) 2020-10-29T10:27:24.983+0000: [ParNew: 16388K->4K(18432K), 0.0027064 secs] 468078K->451695K(742020K), 0.0027634 secs] [Times: user=0.00 sys=0.00, real=0.01 secs] 
2020-10-29T10:27:25.004+0000: [GC (Allocation Failure) 2020-10-29T10:27:25.005+0000: [ParNew: 16388K->4K(18432K), 0.0026596 secs] 468079K->451695K(742020K), 0.0027241 secs] [Times: user=0.00 sys=0.00, real=0.00 secs] 
2020-10-29T10:27:25.023+0000: [GC (Allocation Failure) 2020-10-29T10:27:25.024+0000: [ParNew: 16388K->4K(18432K), 0.0027565 secs] 468079K->451695K(742020K), 0.0028127 secs] [Times: user=0.01 sys=0.00, real=0.01 secs] 
2020-10-29T10:27:25.043+0000: [GC (Allocation Failure) 2020-10-29T10:27:25.043+0000: [ParNew: 16388K->4K(18432K), 0.0027441 secs] 468079K->451695K(742020K), 0.0028141 secs] [Times: user=0.01 sys=0.00, real=0.01 secs] 
2020-10-29T10:27:25.064+0000: [GC (Allocation Failure) 2020-10-29T10:27:25.065+0000: [ParNew: 16388K->4K(18432K), 0.0027614 secs] 468079K->451695K(742020K), 0.0028164 secs] [Times: user=0.00 sys=0.00, real=0.00 secs] 
2020-10-29T10:27:25.084+0000: [GC (Allocation Failure) 2020-10-29T10:27:25.084+0000: [ParNew: 16388K->4K(18432K), 0.0026897 secs] 468079K->451695K(742020K), 0.0027448 secs] [Times: user=0.01 sys=0.00, real=0.01 secs] 
2020-10-29T10:27:25.103+0000: [GC (Allocation Failure) 2020-10-29T10:27:25.103+0000: [ParNew: 16388K->4K(18432K), 0.0027147 secs] 468079K->451695K(742020K), 0.0027696 secs] [Times: user=0.01 sys=0.00, real=0.01 secs] 
2020-10-29T10:27:25.122+0000: [GC (Allocation Failure) 2020-10-29T10:27:25.122+0000: [ParNew: 16388K->4K(18432K), 0.0027646 secs] 468079K->451695K(742020K), 0.0028209 secs] [Times: user=0.00 sys=0.00, real=0.01 secs] 
2020-10-29T10:27:25.145+0000: [GC (Allocation Failure) 2020-10-29T10:27:25.145+0000: [ParNew: 16388K->4K(18432K), 0.0027518 secs] 468079K->451695K(742020K), 0.0028102 secs] [Times: user=0.00 sys=0.00, real=0.00 secs] 
2020-10-29T10:27:25.164+0000: [GC (Allocation Failure) 2020-10-29T10:27:25.165+0000: [ParNew: 16388K->4K(18432K), 0.0027793 secs] 468079K->451695K(742020K), 0.0028406 secs] [Times: user=0.00 sys=0.00, real=0.00 secs] 
2020-10-29T10:27:25.183+0000: [GC (Allocation Failure) 2020-10-29T10:27:25.183+0000: [ParNew: 16388K->4K(18432K), 0.0028188 secs] 468079K->451695K(742020K), 0.0028775 secs] [Times: user=0.01 sys=0.00, real=0.01 secs] 
2020-10-29T10:27:25.204+0000: [GC (Allocation Failure) 2020-10-29T10:27:25.205+0000: [ParNew: 16388K->4K(18432K), 0.0027957 secs] 468079K->451695K(742020K), 0.0028556 secs] [Times: user=0.00 sys=0.00, real=0.00 secs] 
2020-10-29T10:27:25.224+0000: [GC (Allocation Failure) 2020-10-29T10:27:25.224+0000: [ParNew: 16388K->4K(18432K), 0.0028824 secs] 468079K->451695K(742020K), 0.0029430 secs] [Times: user=0.00 sys=0.00, real=0.01 secs] 
2020-10-29T10:27:25.243+0000: [GC (Allocation Failure) 2020-10-29T10:27:25.244+0000: [ParNew: 16388K->4K(18432K), 0.0027987 secs] 468079K->451695K(742020K), 0.0028600 secs] [Times: user=0.01 sys=0.00, real=0.01 secs] 
2020-10-29T10:27:25.263+0000: [GC (Allocation Failure) 2020-10-29T10:27:25.263+0000: [ParNew: 16388K->4K(18432K), 0.0028279 secs] 468079K->451695K(742020K), 0.0028927 secs] [Times: user=0.01 sys=0.00, real=0.01 secs] 
2020-10-29T10:27:25.284+0000: [GC (Allocation Failure) 2020-10-29T10:27:25.285+0000: [ParNew: 16388K->4K(18432K), 0.0028013 secs] 468079K->451695K(742020K), 0.0028621 secs] [Times: user=0.00 sys=0.00, real=0.00 secs] 
2020-10-29T10:27:25.304+0000: [GC (Allocation Failure) 2020-10-29T10:27:25.304+0000: [ParNew: 16388K->4K(18432K), 0.0027516 secs] 468079K->451695K(742020K), 0.0028077 secs] [Times: user=0.01 sys=0.00, real=0.01 secs] 
2020-10-29T10:27:25.323+0000: [GC (Allocation Failure) 2020-10-29T10:27:25.323+0000: [ParNew: 16388K->4K(18432K), 0.0027719 secs] 468079K->451695K(742020K), 0.0028286 secs] [Times: user=0.01 sys=0.00, real=0.01 secs] 
2020-10-29T10:27:25.341+0000: [GC (Allocation Failure) 2020-10-29T10:27:25.341+0000: [ParNew: 16388K->4K(18432K), 0.0026708 secs] 468079K->451695K(742020K), 0.0027260 secs] [Times: user=0.00 sys=0.00, real=0.00 secs] 
2020-10-29T10:27:25.360+0000: [GC (Allocation Failure) 2020-10-29T10:27:25.360+0000: [ParNew: 16388K->4K(18432K), 0.0027154 secs] 468079K->451695K(742020K), 0.0027712 secs] [Times: user=0.01 sys=0.00, real=0.00 secs] 
2020-10-29T10:27:25.380+0000: [GC (Allocation Failure) 2020-10-29T10:27:25.381+0000: [ParNew: 16388K->4K(18432K), 0.0027029 secs] 468079K->451695K(742020K), 0.0027677 secs] [Times: user=0.00 sys=0.00, real=0.00 secs] 
2020-10-29T10:27:25.401+0000: [GC (Allocation Failure) 2020-10-29T10:27:25.401+0000: [ParNew: 16388K->4K(18432K), 0.0027151 secs] 468079K->451695K(742020K), 0.0027711 secs] [Times: user=0.00 sys=0.00, real=0.00 secs] 
2020-10-29T10:27:25.419+0000: [GC (Allocation Failure) 2020-10-29T10:27:25.419+0000: [ParNew: 16388K->4K(18432K), 0.0027919 secs] 468079K->451695K(742020K), 0.0028483 secs] [Times: user=0.01 sys=0.00, real=0.00 secs] 
2020-10-29T10:27:25.440+0000: [GC (Allocation Failure) 2020-10-29T10:27:25.441+0000: [ParNew: 16388K->4K(18432K), 0.0027353 secs] 468079K->451695K(742020K), 0.0027925 secs] [Times: user=0.01 sys=0.00, real=0.00 secs] 
2020-10-29T10:27:25.460+0000: [GC (Allocation Failure) 2020-10-29T10:27:25.461+0000: [ParNew: 16388K->4K(18432K), 0.0027051 secs] 468079K->451695K(742020K), 0.0027614 secs] [Times: user=0.00 sys=0.00, real=0.00 secs] 
2020-10-29T10:27:25.479+0000: [GC (Allocation Failure) 2020-10-29T10:27:25.479+0000: [ParNew: 16388K->4K(18432K), 0.0027571 secs] 468079K->451695K(742020K), 0.0028147 secs] [Times: user=0.01 sys=0.00, real=0.00 secs] 
2020-10-29T10:27:25.500+0000: [GC (Allocation Failure) 2020-10-29T10:27:25.501+0000: [ParNew: 16388K->4K(18432K), 0.0027535 secs] 468079K->451695K(742020K), 0.0028120 secs] [Times: user=0.01 sys=0.00, real=0.00 secs] 
2020-10-29T10:27:25.520+0000: [GC (Allocation Failure) 2020-10-29T10:27:25.521+0000: [ParNew: 16388K->4K(18432K), 0.0027658 secs] 468079K->451695K(742020K), 0.0028218 secs] [Times: user=0.01 sys=0.00, real=0.00 secs] 
2020-10-29T10:27:25.540+0000: [GC (Allocation Failure) 2020-10-29T10:27:25.540+0000: [ParNew: 16388K->4K(18432K), 0.0027347 secs] 468079K->451695K(742020K), 0.0027910 secs] [Times: user=0.01 sys=0.00, real=0.00 secs] 
2020-10-29T10:27:25.559+0000: [GC (Allocation Failure) 2020-10-29T10:27:25.559+0000: [ParNew: 16388K->4K(18432K), 0.0027778 secs] 468079K->451695K(742020K), 0.0028341 secs] [Times: user=0.00 sys=0.00, real=0.00 secs] 
2020-10-29T10:27:25.581+0000: [GC (Allocation Failure) 2020-10-29T10:27:25.581+0000: [ParNew: 16388K->4K(18432K), 0.0027771 secs] 468079K->451695K(742020K), 0.0028361 secs] [Times: user=0.00 sys=0.00, real=0.00 secs] 
2020-10-29T10:27:25.600+0000: [GC (Allocation Failure) 2020-10-29T10:27:25.600+0000: [ParNew: 16388K->4K(18432K), 0.0027490 secs] 468079K->451695K(742020K), 0.0028055 secs] [Times: user=0.01 sys=0.00, real=0.00 secs] 
2020-10-29T10:27:25.620+0000: [GC (Allocation Failure) 2020-10-29T10:27:25.621+0000: [ParNew: 16388K->4K(18432K), 0.0027052 secs] 468079K->451695K(742020K), 0.0027609 secs] [Times: user=0.00 sys=0.00, real=0.00 secs] 
2020-10-29T10:27:25.640+0000: [GC (Allocation Failure) 2020-10-29T10:27:25.641+0000: [ParNew: 16388K->4K(18432K), 0.0027029 secs] 468079K->451695K(742020K), 0.0027575 secs] [Times: user=0.00 sys=0.00, real=0.00 secs] 
2020-10-29T10:27:25.660+0000: [GC (Allocation Failure) 2020-10-29T10:27:25.660+0000: [ParNew: 16388K->4K(18432K), 0.0027496 secs] 468079K->451695K(742020K), 0.0028241 secs] [Times: user=0.00 sys=0.00, real=0.00 secs] 
2020-10-29T10:27:25.679+0000: [GC (Allocation Failure) 2020-10-29T10:27:25.679+0000: [ParNew: 16388K->4K(18432K), 0.0027691 secs] 468079K->451695K(742020K), 0.0028261 secs] [Times: user=0.00 sys=0.00, real=0.00 secs] 
2020-10-29T10:27:25.698+0000: [GC (Allocation Failure) 2020-10-29T10:27:25.698+0000: [ParNew: 16388K->4K(18432K), 0.0027806 secs] 468079K->451695K(742020K), 0.0028415 secs] [Times: user=0.01 sys=0.00, real=0.00 secs] 
2020-10-29T10:27:25.717+0000: [GC (Allocation Failure) 2020-10-29T10:27:25.717+0000: [ParNew: 16388K->4K(18432K), 0.0036877 secs] 468079K->451695K(742020K), 0.0037487 secs] [Times: user=0.01 sys=0.00, real=0.00 secs] 
2020-10-29T10:27:25.740+0000: [GC (Allocation Failure) 2020-10-29T10:27:25.741+0000: [ParNew: 16388K->4K(18432K), 0.0026863 secs] 468079K->451695K(742020K), 0.0027426 secs] [Times: user=0.01 sys=0.00, real=0.00 secs] 
2020-10-29T10:27:25.760+0000: [GC (Allocation Failure) 2020-10-29T10:27:25.760+0000: [ParNew: 16388K->4K(18432K), 0.0026849 secs] 468079K->451695K(742020K), 0.0027473 secs] [Times: user=0.00 sys=0.00, real=0.00 secs] 
2020-10-29T10:27:25.779+0000: [GC (Allocation Failure) 2020-10-29T10:27:25.779+0000: [ParNew: 16388K->4K(18432K), 0.0027365 secs] 468079K->451695K(742020K), 0.0027944 secs] [Times: user=0.01 sys=0.00, real=0.00 secs] 
2020-10-29T10:27:25.798+0000: [GC (Allocation Failure) 2020-10-29T10:27:25.798+0000: [ParNew: 16388K->4K(18432K), 0.0027528 secs] 468079K->451695K(742020K), 0.0028095 secs] [Times: user=0.00 sys=0.00, real=0.00 secs] 
2020-10-29T10:27:25.820+0000: [GC (Allocation Failure) 2020-10-29T10:27:25.821+0000: [ParNew: 16388K->4K(18432K), 0.0027472 secs] 468079K->451695K(742020K), 0.0028045 secs] [Times: user=0.00 sys=0.00, real=0.00 secs] 
2020-10-29T10:27:25.840+0000: [GC (Allocation Failure) 2020-10-29T10:27:25.841+0000: [ParNew: 16388K->4K(18432K), 0.0027041 secs] 468079K->451695K(742020K), 0.0027660 secs] [Times: user=0.01 sys=0.00, real=0.00 secs] 
2020-10-29T10:27:25.867+0000: [GC (Allocation Failure) 2020-10-29T10:27:25.867+0000: [ParNew: 16388K->4K(18432K), 0.0027369 secs] 468079K->451695K(742020K), 0.0028051 secs] [Times: user=0.01 sys=0.00, real=0.00 secs] 
2020-10-29T10:27:25.889+0000: [GC (Allocation Failure) 2020-10-29T10:27:25.889+0000: [ParNew: 16388K->4K(18432K), 0.0027245 secs] 468079K->451695K(742020K), 0.0027819 secs] [Times: user=0.01 sys=0.00, real=0.00 secs] 
2020-10-29T10:27:25.908+0000: [GC (Allocation Failure) 2020-10-29T10:27:25.908+0000: [ParNew: 16388K->4K(18432K), 0.0028179 secs] 468079K->451695K(742020K), 0.0028768 secs] [Times: user=0.00 sys=0.00, real=0.00 secs] 
2020-10-29T10:27:25.927+0000: [GC (Allocation Failure) 2020-10-29T10:27:25.927+0000: [ParNew: 16388K->4K(18432K), 0.0027416 secs] 468079K->451695K(742020K), 0.0027990 secs] [Times: user=0.01 sys=0.00, real=0.00 secs] 
2020-10-29T10:27:25.946+0000: [GC (Allocation Failure) 2020-10-29T10:27:25.946+0000: [ParNew: 16388K->4K(18432K), 0.0027275 secs] 468079K->451695K(742020K), 0.0027844 secs] [Times: user=0.00 sys=0.00, real=0.00 secs] 
2020-10-29T10:27:25.965+0000: [GC (Allocation Failure) 2020-10-29T10:27:25.965+0000: [ParNew: 16388K->4K(18432K), 0.0026378 secs] 468079K->451695K(742020K), 0.0026907 secs] [Times: user=0.01 sys=0.00, real=0.00 secs] 
2020-10-29T10:27:25.984+0000: [GC (Allocation Failure) 2020-10-29T10:27:25.984+0000: [ParNew: 16388K->4K(18432K), 0.0027569 secs] 468079K->451695K(742020K), 0.0028310 secs] [Times: user=0.00 sys=0.00, real=0.01 secs] 
2020-10-29T10:27:26.004+0000: [GC (Allocation Failure) 2020-10-29T10:27:26.005+0000: [ParNew: 16388K->4K(18432K), 0.0027618 secs] 468079K->451695K(742020K), 0.0028205 secs] [Times: user=0.00 sys=0.00, real=0.00 secs] 
2020-10-29T10:27:26.024+0000: [GC (Allocation Failure) 2020-10-29T10:27:26.024+0000: [ParNew: 16388K->4K(18432K), 0.0027788 secs] 468079K->451695K(742020K), 0.0028372 secs] [Times: user=0.01 sys=0.00, real=0.01 secs] 
2020-10-29T10:27:26.043+0000: [GC (Allocation Failure) 2020-10-29T10:27:26.043+0000: [ParNew: 16388K->4K(18432K), 0.0026857 secs] 468079K->451695K(742020K), 0.0027396 secs] [Times: user=0.00 sys=0.00, real=0.01 secs] 
2020-10-29T10:27:26.061+0000: [GC (Allocation Failure) 2020-10-29T10:27:26.061+0000: [ParNew: 16388K->4K(18432K), 0.0026620 secs] 468079K->451695K(742020K), 0.0027174 secs] [Times: user=0.01 sys=0.00, real=0.00 secs] 
2020-10-29T10:27:26.084+0000: [GC (Allocation Failure) 2020-10-29T10:27:26.084+0000: [ParNew: 16388K->4K(18432K), 0.0027794 secs] 468079K->451695K(742020K), 0.0028345 secs] [Times: user=0.00 sys=0.00, real=0.01 secs] 
2020-10-29T10:27:26.103+0000: [GC (Allocation Failure) 2020-10-29T10:27:26.103+0000: [ParNew: 16388K->4K(18432K), 0.0027338 secs] 468079K->451695K(742020K), 0.0027898 secs] [Times: user=0.00 sys=0.00, real=0.01 secs] 
2020-10-29T10:27:26.124+0000: [GC (Allocation Failure) 2020-10-29T10:27:26.124+0000: [ParNew: 16388K->4K(18432K), 0.0027255 secs] 468079K->451695K(742020K), 0.0027879 secs] [Times: user=0.00 sys=0.00, real=0.01 secs] 
2020-10-29T10:27:26.145+0000: [GC (Allocation Failure) 2020-10-29T10:27:26.145+0000: [ParNew: 16388K->4K(18432K), 0.0026791 secs] 468079K->451695K(742020K), 0.0027337 secs] [Times: user=0.01 sys=0.00, real=0.00 secs] 
2020-10-29T10:27:26.163+0000: [GC (Allocation Failure) 2020-10-29T10:27:26.163+0000: [ParNew: 16388K->4K(18432K), 0.0027155 secs] 468079K->451695K(742020K), 0.0027715 secs] [Times: user=0.01 sys=0.00, real=0.01 secs] 
2020-10-29T10:27:26.184+0000: [GC (Allocation Failure) 2020-10-29T10:27:26.185+0000: [ParNew: 16388K->4K(18432K), 0.0027229 secs] 468079K->451695K(742020K), 0.0028032 secs] [Times: user=0.01 sys=0.00, real=0.00 secs] 
2020-10-29T10:27:26.204+0000: [GC (Allocation Failure) 2020-10-29T10:27:26.204+0000: [ParNew: 16388K->4K(18432K), 0.0027260 secs] 468079K->451695K(742020K), 0.0027852 secs] [Times: user=0.01 sys=0.00, real=0.01 secs] 
2020-10-29T10:27:26.222+0000: [GC (Allocation Failure) 2020-10-29T10:27:26.222+0000: [ParNew: 16388K->4K(18432K), 0.0027730 secs] 468079K->451695K(742020K), 0.0028303 secs] [Times: user=0.01 sys=0.00, real=0.01 secs] 
2020-10-29T10:27:26.244+0000: [GC (Allocation Failure) 2020-10-29T10:27:26.245+0000: [ParNew: 16388K->4K(18432K), 0.0027039 secs] 468079K->451695K(742020K), 0.0027595 secs] [Times: user=0.00 sys=0.00, real=0.00 secs] 
2020-10-29T10:27:26.264+0000: [GC (Allocation Failure) 2020-10-29T10:27:26.265+0000: [ParNew: 16388K->4K(18432K), 0.0027188 secs] 468079K->451695K(742020K), 0.0027741 secs] [Times: user=0.01 sys=0.00, real=0.00 secs] 
2020-10-29T10:27:26.283+0000: [GC (Allocation Failure) 2020-10-29T10:27:26.283+0000: [ParNew: 16388K->4K(18432K), 0.0026965 secs] 468079K->451695K(742020K), 0.0027514 secs] [Times: user=0.01 sys=0.00, real=0.01 secs] 
2020-10-29T10:27:26.302+0000: [GC (Allocation Failure) 2020-10-29T10:27:26.302+0000: [ParNew: 16388K->4K(18432K), 0.0027135 secs] 468079K->451695K(742020K), 0.0027697 secs] [Times: user=0.00 sys=0.00, real=0.01 secs] 
2020-10-29T10:27:26.324+0000: [GC (Allocation Failure) 2020-10-29T10:27:26.325+0000: [ParNew: 16388K->4K(18432K), 0.0027240 secs] 468079K->451695K(742020K), 0.0027780 secs] [Times: user=0.00 sys=0.00, real=0.00 secs] 
2020-10-29T10:27:26.343+0000: [GC (Allocation Failure) 2020-10-29T10:27:26.344+0000: [ParNew: 16388K->4K(18432K), 0.0026705 secs] 468079K->451695K(742020K), 0.0027248 secs] [Times: user=0.01 sys=0.00, real=0.01 secs] 
2020-10-29T10:27:26.362+0000: [GC (Allocation Failure) 2020-10-29T10:27:26.362+0000: [ParNew: 16388K->4K(18432K), 0.0026301 secs] 468079K->451695K(742020K), 0.0026847 secs] [Times: user=0.00 sys=0.00, real=0.01 secs] 
2020-10-29T10:27:26.384+0000: [GC (Allocation Failure) 2020-10-29T10:27:26.385+0000: [ParNew: 16388K->4K(18432K), 0.0026838 secs] 468079K->451695K(742020K), 0.0027393 secs] [Times: user=0.00 sys=0.00, real=0.00 secs] 
2020-10-29T10:27:26.405+0000: [GC (Allocation Failure) 2020-10-29T10:27:26.405+0000: [ParNew: 16388K->4K(18432K), 0.0027331 secs] 468079K->451695K(742020K), 0.0027902 secs] [Times: user=0.01 sys=0.00, real=0.00 secs] 
2020-10-29T10:27:26.423+0000: [GC (Allocation Failure) 2020-10-29T10:27:26.423+0000: [ParNew: 16388K->4K(18432K), 0.0027081 secs] 468079K->451695K(742020K), 0.0027634 secs] [Times: user=0.00 sys=0.00, real=0.01 secs] 
2020-10-29T10:27:26.442+0000: [GC (Allocation Failure) 2020-10-29T10:27:26.442+0000: [ParNew: 16388K->4K(18432K), 0.0026903 secs] 468079K->451695K(742020K), 0.0027452 secs] [Times: user=0.01 sys=0.00, real=0.01 secs] 
2020-10-29T10:27:26.464+0000: [GC (Allocation Failure) 2020-10-29T10:27:26.465+0000: [ParNew: 16388K->4K(18432K), 0.0027626 secs] 468079K->451695K(742020K), 0.0028190 secs] [Times: user=0.01 sys=0.00, real=0.00 secs] 
2020-10-29T10:27:26.484+0000: [GC (Allocation Failure) 2020-10-29T10:27:26.485+0000: [ParNew: 16388K->4K(18432K), 0.0027122 secs] 468079K->451695K(742020K), 0.0027691 secs] [Times: user=0.00 sys=0.00, real=0.00 secs] 
2020-10-29T10:27:26.503+0000: [GC (Allocation Failure) 2020-10-29T10:27:26.503+0000: [ParNew: 16388K->4K(18432K), 0.0027347 secs] 468079K->451695K(742020K), 0.0027893 secs] [Times: user=0.00 sys=0.00, real=0.01 secs] 
2020-10-29T10:27:26.524+0000: [GC (Allocation Failure) 2020-10-29T10:27:26.525+0000: [ParNew: 16388K->4K(18432K), 0.0026932 secs] 468079K->451695K(742020K), 0.0027485 secs] [Times: user=0.01 sys=0.00, real=0.00 secs] 
2020-10-29T10:27:26.544+0000: [GC (Allocation Failure) 2020-10-29T10:27:26.544+0000: [ParNew: 16388K->4K(18432K), 0.0026664 secs] 468079K->451695K(742020K), 0.0027197 secs] [Times: user=0.00 sys=0.00, real=0.01 secs] 
2020-10-29T10:27:26.562+0000: [GC (Allocation Failure) 2020-10-29T10:27:26.562+0000: [ParNew: 16388K->4K(18432K), 0.0027120 secs] 468079K->451695K(742020K), 0.0027619 secs] [Times: user=0.01 sys=0.00, real=0.01 secs] 
2020-10-29T10:27:26.585+0000: [GC (Allocation Failure) 2020-10-29T10:27:26.585+0000: [ParNew: 16388K->4K(18432K), 0.0027252 secs] 468079K->451695K(742020K), 0.0027740 secs] [Times: user=0.01 sys=0.00, real=0.00 secs] 
2020-10-29T10:27:26.604+0000: [GC (Allocation Failure) 2020-10-29T10:27:26.604+0000: [ParNew: 16388K->4K(18432K), 0.0032128 secs] 468079K->451695K(742020K), 0.0032729 secs] [Times: user=0.01 sys=0.00, real=0.01 secs] 
2020-10-29T10:27:26.624+0000: [GC (Allocation Failure) 2020-10-29T10:27:26.624+0000: [ParNew: 16388K->4K(18432K), 0.0027396 secs] 468079K->451695K(742020K), 0.0027983 secs] [Times: user=0.00 sys=0.00, real=0.01 secs] 
2020-10-29T10:27:26.644+0000: [GC (Allocation Failure) 2020-10-29T10:27:26.645+0000: [ParNew: 16388K->4K(18432K), 0.0027007 secs] 468079K->451695K(742020K), 0.0027586 secs] [Times: user=0.01 sys=0.00, real=0.00 secs] 
2020-10-29T10:27:26.664+0000: [GC (Allocation Failure) 2020-10-29T10:27:26.664+0000: [ParNew: 16388K->4K(18432K), 0.0027172 secs] 468079K->451695K(742020K), 0.0027724 secs] [Times: user=0.00 sys=0.00, real=0.01 secs] 
2020-10-29T10:27:26.683+0000: [GC (Allocation Failure) 2020-10-29T10:27:26.683+0000: [ParNew: 16388K->4K(18432K), 0.0027392 secs] 468079K->451695K(742020K), 0.0027953 secs] [Times: user=0.00 sys=0.00, real=0.01 secs] 
2020-10-29T10:27:26.705+0000: [GC (Allocation Failure) 2020-10-29T10:27:26.705+0000: [ParNew: 16388K->4K(18432K), 0.0026682 secs] 468079K->451696K(742020K), 0.0027214 secs] [Times: user=0.01 sys=0.00, real=0.00 secs] 
2020-10-29T10:27:26.723+0000: [GC (Allocation Failure) 2020-10-29T10:27:26.723+0000: [ParNew: 16388K->4K(18432K), 0.0025946 secs] 468080K->451696K(742020K), 0.0026484 secs] [Times: user=0.00 sys=0.00, real=0.01 secs] 
2020-10-29T10:27:26.742+0000: [GC (Allocation Failure) 2020-10-29T10:27:26.742+0000: [ParNew: 16388K->4K(18432K), 0.0026802 secs] 468080K->451696K(742020K), 0.0027349 secs] [Times: user=0.01 sys=0.00, real=0.01 secs] 
2020-10-29T10:27:26.761+0000: [GC (Allocation Failure) 2020-10-29T10:27:26.761+0000: [ParNew: 16388K->4K(18432K), 0.0026716 secs] 468080K->451696K(742020K), 0.0027262 secs] [Times: user=0.00 sys=0.00, real=0.00 secs] 
2020-10-29T10:27:26.784+0000: [GC (Allocation Failure) 2020-10-29T10:27:26.785+0000: [ParNew: 16388K->4K(18432K), 0.0026915 secs] 468080K->451696K(742020K), 0.0027467 secs] [Times: user=0.01 sys=0.00, real=0.00 secs] 
2020-10-29T10:27:26.805+0000: [GC (Allocation Failure) 2020-10-29T10:27:26.805+0000: [ParNew: 16388K->4K(18432K), 0.0027188 secs] 468080K->451696K(742020K), 0.0027754 secs] [Times: user=0.01 sys=0.00, real=0.00 secs] 
2020-10-29T10:27:26.823+0000: [GC (Allocation Failure) 2020-10-29T10:27:26.823+0000: [ParNew: 16388K->4K(18432K), 0.0027189 secs] 468080K->451696K(742020K), 0.0027739 secs] [Times: user=0.00 sys=0.00, real=0.01 secs] 
2020-10-29T10:27:26.844+0000: [GC (Allocation Failure) 2020-10-29T10:27:26.845+0000: [ParNew: 16388K->4K(18432K), 0.0026880 secs] 468080K->451696K(742020K), 0.0027428 secs] [Times: user=0.01 sys=0.00, real=0.00 secs] 
2020-10-29T10:27:26.863+0000: [GC (Allocation Failure) 2020-10-29T10:27:26.863+0000: [ParNew: 16388K->4K(18432K), 0.0026689 secs] 468080K->451696K(742020K), 0.0027234 secs] [Times: user=0.00 sys=0.00, real=0.01 secs] 
2020-10-29T10:27:26.884+0000: [GC (Allocation Failure) 2020-10-29T10:27:26.885+0000: [ParNew: 16388K->4K(18432K), 0.0026209 secs] 468080K->451696K(742020K), 0.0026825 secs] [Times: user=0.00 sys=0.00, real=0.00 secs] 
2020-10-29T10:27:26.904+0000: [GC (Allocation Failure) 2020-10-29T10:27:26.904+0000: [ParNew: 16388K->4K(18432K), 0.0027552 secs] 468080K->451696K(742020K), 0.0028095 secs] [Times: user=0.00 sys=0.00, real=0.01 secs] 
2020-10-29T10:27:26.924+0000: [GC (Allocation Failure) 2020-10-29T10:27:26.925+0000: [ParNew: 16388K->4K(18432K), 0.0026581 secs] 468080K->451696K(742020K), 0.0027138 secs] [Times: user=0.01 sys=0.00, real=0.00 secs] 
2020-10-29T10:27:26.944+0000: [GC (Allocation Failure) 2020-10-29T10:27:26.944+0000: [ParNew: 16388K->4K(18432K), 0.0027013 secs] 468080K->451696K(742020K), 0.0027718 secs] [Times: user=0.00 sys=0.00, real=0.01 secs] 
2020-10-29T10:27:26.962+0000: [GC (Allocation Failure) 2020-10-29T10:27:26.963+0000: [ParNew: 16388K->4K(18432K), 0.0027090 secs] 468080K->451696K(742020K), 0.0027632 secs] [Times: user=0.01 sys=0.00, real=0.01 secs] 
2020-10-29T10:27:26.984+0000: [GC (Allocation Failure) 2020-10-29T10:27:26.985+0000: [ParNew: 16388K->4K(18432K), 0.0026253 secs] 468080K->451696K(742020K), 0.0026775 secs] [Times: user=0.01 sys=0.00, real=0.00 secs] 
2020-10-29T10:27:27.004+0000: [GC (Allocation Failure) 2020-10-29T10:27:27.005+0000: [ParNew: 16388K->4K(18432K), 0.0027031 secs] 468080K->451696K(742020K), 0.0027595 secs] [Times: user=0.00 sys=0.00, real=0.00 secs] 
2020-10-29T10:27:27.025+0000: [GC (Allocation Failure) 2020-10-29T10:27:27.025+0000: [ParNew: 16388K->4K(18432K), 0.0027295 secs] 468080K->451696K(742020K), 0.0027864 secs] [Times: user=0.01 sys=0.00, real=0.00 secs] 
2020-10-29T10:27:27.043+0000: [GC (Allocation Failure) 2020-10-29T10:27:27.043+0000: [ParNew: 16388K->4K(18432K), 0.0027492 secs] 468080K->451696K(742020K), 0.0028050 secs] [Times: user=0.01 sys=0.00, real=0.01 secs] 
2020-10-29T10:27:27.062+0000: [GC (Allocation Failure) 2020-10-29T10:27:27.062+0000: [ParNew: 16388K->4K(18432K), 0.0027090 secs] 468080K->451696K(742020K), 0.0027657 secs] [Times: user=0.00 sys=0.00, real=0.01 secs] 
2020-10-29T10:27:27.084+0000: [GC (Allocation Failure) 2020-10-29T10:27:27.084+0000: [ParNew: 16388K->4K(18432K), 0.0026339 secs] 468080K->451696K(742020K), 0.0026872 secs] [Times: user=0.00 sys=0.00, real=0.01 secs] 
2020-10-29T10:27:27.104+0000: [GC (Allocation Failure) 2020-10-29T10:27:27.105+0000: [ParNew: 16388K->4K(18432K), 0.0026545 secs] 468080K->451696K(742020K), 0.0027094 secs] [Times: user=0.00 sys=0.00, real=0.00 secs] 
2020-10-29T10:27:27.123+0000: [GC (Allocation Failure) 2020-10-29T10:27:27.123+0000: [ParNew: 16388K->4K(18432K), 0.0026169 secs] 468080K->451696K(742020K), 0.0026708 secs] [Times: user=0.01 sys=0.00, real=0.01 secs] 
2020-10-29T10:27:27.145+0000: [GC (Allocation Failure) 2020-10-29T10:27:27.145+0000: [ParNew: 16388K->4K(18432K), 0.0027203 secs] 468080K->451696K(742020K), 0.0027754 secs] [Times: user=0.01 sys=0.00, real=0.00 secs] 
2020-10-29T10:27:27.164+0000: [GC (Allocation Failure) 2020-10-29T10:27:27.164+0000: [ParNew: 16388K->4K(18432K), 0.0026843 secs] 468080K->451696K(742020K), 0.0027397 secs] [Times: user=0.00 sys=0.00, real=0.01 secs] 
2020-10-29T10:27:27.185+0000: [GC (Allocation Failure) 2020-10-29T10:27:27.185+0000: [ParNew: 16388K->4K(18432K), 0.0027209 secs] 468080K->451696K(742020K), 0.0027780 secs] [Times: user=0.00 sys=0.00, real=0.00 secs] 
2020-10-29T10:27:27.203+0000: [GC (Allocation Failure) 2020-10-29T10:27:27.203+0000: [ParNew: 16388K->4K(18432K), 0.0027561 secs] 468080K->451696K(742020K), 0.0028120 secs] [Times: user=0.01 sys=0.00, real=0.01 secs] 
2020-10-29T10:27:27.222+0000: [GC (Allocation Failure) 2020-10-29T10:27:27.222+0000: [ParNew: 16388K->4K(18432K), 0.0025972 secs] 468080K->451696K(742020K), 0.0026495 secs] [Times: user=0.00 sys=0.00, real=0.01 secs] 
2020-10-29T10:27:27.244+0000: [GC (Allocation Failure) 2020-10-29T10:27:27.244+0000: [ParNew: 16388K->4K(18432K), 0.0026437 secs] 468080K->451696K(742020K), 0.0026931 secs] [Times: user=0.00 sys=0.00, real=0.00 secs] 
2020-10-29T10:27:27.263+0000: [GC (Allocation Failure) 2020-10-29T10:27:27.263+0000: [ParNew: 16388K->4K(18432K), 0.0027185 secs] 468080K->451696K(742020K), 0.0027730 secs] [Times: user=0.01 sys=0.00, real=0.01 secs] 
2020-10-29T10:27:27.282+0000: [GC (Allocation Failure) 2020-10-29T10:27:27.282+0000: [ParNew: 16388K->4K(18432K), 0.0027335 secs] 468080K->451696K(742020K), 0.0027909 secs] [Times: user=0.00 sys=0.00, real=0.01 secs] 
2020-10-29T10:27:27.304+0000: [GC (Allocation Failure) 2020-10-29T10:27:27.305+0000: [ParNew: 16388K->4K(18432K), 0.0027190 secs] 468080K->451696K(742020K), 0.0027741 secs] [Times: user=0.01 sys=0.00, real=0.00 secs] 
2020-10-29T10:27:27.327+0000: [GC (Allocation Failure) 2020-10-29T10:27:27.327+0000: [ParNew: 16388K->4K(18432K), 0.0027155 secs] 468080K->451696K(742020K), 0.0027716 secs] [Times: user=0.00 sys=0.00, real=0.00 secs] 
2020-10-29T10:27:27.348+0000: [GC (Allocation Failure) 2020-10-29T10:27:27.349+0000: [ParNew: 16388K->4K(18432K), 0.0026895 secs] 468080K->451696K(742020K), 0.0027449 secs] [Times: user=0.00 sys=0.00, real=0.00 secs] 
2020-10-29T10:27:27.369+0000: [GC (Allocation Failure) 2020-10-29T10:27:27.369+0000: [ParNew: 16388K->4K(18432K), 0.0026635 secs] 468080K->451696K(742020K), 0.0027218 secs] [Times: user=0.01 sys=0.00, real=0.00 secs] 
2020-10-29T10:27:27.388+0000: [GC (Allocation Failure) 2020-10-29T10:27:27.389+0000: [ParNew: 16388K->4K(18432K), 0.0027193 secs] 468080K->451696K(742020K), 0.0027750 secs] [Times: user=0.00 sys=0.00, real=0.00 secs] 
2020-10-29T10:27:27.408+0000: [GC (Allocation Failure) 2020-10-29T10:27:27.408+0000: [ParNew: 16388K->4K(18432K), 0.0027123 secs] 468080K->451696K(742020K), 0.0027678 secs] [Times: user=0.01 sys=0.00, real=0.00 secs] 
2020-10-29T10:27:27.427+0000: [GC (Allocation Failure) 2020-10-29T10:27:27.427+0000: [ParNew: 16388K->4K(18432K), 0.0026764 secs] 468080K->451696K(742020K), 0.0027315 secs] [Times: user=0.00 sys=0.00, real=0.00 secs] 
2020-10-29T10:27:27.446+0000: [GC (Allocation Failure) 2020-10-29T10:27:27.446+0000: [ParNew: 16388K->4K(18432K), 0.0027310 secs] 468080K->451696K(742020K), 0.0027963 secs] [Times: user=0.01 sys=0.00, real=0.00 secs] 
2020-10-29T10:27:27.464+0000: [GC (Allocation Failure) 2020-10-29T10:27:27.464+0000: [ParNew: 16388K->4K(18432K), 0.0026839 secs] 468080K->451696K(742020K), 0.0027482 secs] [Times: user=0.01 sys=0.01, real=0.01 secs] 
2020-10-29T10:27:27.483+0000: [GC (Allocation Failure) 2020-10-29T10:27:27.483+0000: [ParNew: 16388K->4K(18432K), 0.0026822 secs] 468080K->451696K(742020K), 0.0027359 secs] [Times: user=0.00 sys=0.00, real=0.01 secs] 
2020-10-29T10:27:27.504+0000: [GC (Allocation Failure) 2020-10-29T10:27:27.504+0000: [ParNew: 16388K->4K(18432K), 0.0025653 secs] 468080K->451696K(742020K), 0.0026167 secs] [Times: user=0.00 sys=0.00, real=0.00 secs] 
2020-10-29T10:27:27.524+0000: [GC (Allocation Failure) 2020-10-29T10:27:27.524+0000: [ParNew: 16388K->4K(18432K), 0.0026748 secs] 468080K->451696K(742020K), 0.0027299 secs] [Times: user=0.01 sys=0.00, real=0.01 secs] 
2020-10-29T10:27:27.543+0000: [GC (Allocation Failure) 2020-10-29T10:27:27.543+0000: [ParNew: 16388K->4K(18432K), 0.0027514 secs] 468080K->451696K(742020K), 0.0028068 secs] [Times: user=0.00 sys=0.00, real=0.01 secs] 
2020-10-29T10:27:27.564+0000: [GC (Allocation Failure) 2020-10-29T10:27:27.565+0000: [ParNew: 16388K->4K(18432K), 0.0026514 secs] 468080K->451696K(742020K), 0.0027052 secs] [Times: user=0.00 sys=0.00, real=0.00 secs] 
2020-10-29T10:27:27.587+0000: [GC (Allocation Failure) 2020-10-29T10:27:27.588+0000: [ParNew: 16388K->4K(18432K), 0.0027956 secs] 468080K->451696K(742020K), 0.0028521 secs] [Times: user=0.00 sys=0.00, real=0.00 secs] 
2020-10-29T10:27:27.607+0000: [GC (Allocation Failure) 2020-10-29T10:27:27.607+0000: [ParNew: 16381K->4K(18432K), 0.0027939 secs] 468073K->451696K(742020K), 0.0028708 secs] [Times: user=0.01 sys=0.00, real=0.00 secs] 
2020-10-29T10:27:27.625+0000: [GC (Allocation Failure) 2020-10-29T10:27:27.625+0000: [ParNew: 16388K->4K(18432K), 0.0027409 secs] 468080K->451696K(742020K), 0.0027978 secs] [Times: user=0.00 sys=0.00, real=0.00 secs] 
2020-10-29T10:27:27.644+0000: [GC (Allocation Failure) 2020-10-29T10:27:27.645+0000: [ParNew: 16388K->4K(18432K), 0.0027399 secs] 468080K->451696K(742020K), 0.0027953 secs] [Times: user=0.00 sys=0.00, real=0.00 secs] 
2020-10-29T10:27:27.663+0000: [GC (Allocation Failure) 2020-10-29T10:27:27.663+0000: [ParNew: 16388K->4K(18432K), 0.0027211 secs] 468080K->451696K(742020K), 0.0027763 secs] [Times: user=0.01 sys=0.00, real=0.01 secs] 
2020-10-29T10:27:27.684+0000: [GC (Allocation Failure) 2020-10-29T10:27:27.685+0000: [ParNew: 16388K->4K(18432K), 0.0027084 secs] 468080K->451696K(742020K), 0.0027648 secs] [Times: user=0.01 sys=0.00, real=0.00 secs] 
2020-10-29T10:27:27.704+0000: [GC (Allocation Failure) 2020-10-29T10:27:27.704+0000: [ParNew: 16388K->4K(18432K), 0.0027569 secs] 468080K->451696K(742020K), 0.0028149 secs] [Times: user=0.00 sys=0.00, real=0.01 secs] 
2020-10-29T10:27:27.723+0000: [GC (Allocation Failure) 2020-10-29T10:27:27.723+0000: [ParNew: 16388K->4K(18432K), 0.0027299 secs] 468080K->451696K(742020K), 0.0027878 secs] [Times: user=0.00 sys=0.00, real=0.01 secs] 
2020-10-29T10:27:27.745+0000: [GC (Allocation Failure) 2020-10-29T10:27:27.745+0000: [ParNew: 16388K->4K(18432K), 0.0027040 secs] 468080K->451696K(742020K), 0.0027597 secs] [Times: user=0.00 sys=0.00, real=0.00 secs] 
2020-10-29T10:27:27.764+0000: [GC (Allocation Failure) 2020-10-29T10:27:27.764+0000: [ParNew: 16388K->4K(18432K), 0.0027084 secs] 468080K->451696K(742020K), 0.0027628 secs] [Times: user=0.01 sys=0.00, real=0.01 secs] 
2020-10-29T10:27:27.784+0000: [GC (Allocation Failure) 2020-10-29T10:27:27.785+0000: [ParNew: 16388K->4K(18432K), 0.0026668 secs] 468080K->451696K(742020K), 0.0027212 secs] [Times: user=0.01 sys=0.00, real=0.00 secs] 
2020-10-29T10:27:27.803+0000: [GC (Allocation Failure) 2020-10-29T10:27:27.803+0000: [ParNew: 16388K->4K(18432K), 0.0026816 secs] 468080K->451696K(742020K), 0.0027354 secs] [Times: user=0.00 sys=0.00, real=0.01 secs] 
2020-10-29T10:27:27.822+0000: [GC (Allocation Failure) 2020-10-29T10:27:27.822+0000: [ParNew: 16388K->4K(18432K), 0.0026328 secs] 468080K->451696K(742020K), 0.0026866 secs] [Times: user=0.01 sys=0.00, real=0.01 secs] 
2020-10-29T10:27:27.841+0000: [GC (Allocation Failure) 2020-10-29T10:27:27.841+0000: [ParNew: 16388K->4K(18432K), 0.0027220 secs] 468080K->451696K(742020K), 0.0027770 secs] [Times: user=0.00 sys=0.00, real=0.00 secs] 
2020-10-29T10:27:27.860+0000: [GC (Allocation Failure) 2020-10-29T10:27:27.860+0000: [ParNew: 16388K->4K(18432K), 0.0026712 secs] 468080K->451696K(742020K), 0.0027181 secs] [Times: user=0.01 sys=0.00, real=0.00 secs] 
2020-10-29T10:27:27.881+0000: [GC (Allocation Failure) 2020-10-29T10:27:27.881+0000: [ParNew: 16388K->4K(18432K), 0.0026932 secs] 468080K->451696K(742020K), 0.0027492 secs] [Times: user=0.01 sys=0.00, real=0.00 secs] 
2020-10-29T10:27:27.900+0000: [GC (Allocation Failure) 2020-10-29T10:27:27.900+0000: [ParNew: 16388K->4K(18432K), 0.0027349 secs] 468080K->451696K(742020K), 0.0027901 secs] [Times: user=0.00 sys=0.00, real=0.00 secs] 
2020-10-29T10:27:27.920+0000: [GC (Allocation Failure) 2020-10-29T10:27:27.921+0000: [ParNew: 16388K->4K(18432K), 0.0026964 secs] 468080K->451696K(742020K), 0.0027517 secs] [Times: user=0.00 sys=0.00, real=0.00 secs] 
2020-10-29T10:27:27.941+0000: [GC (Allocation Failure) 2020-10-29T10:27:27.941+0000: [ParNew: 16388K->4K(18432K), 0.0027273 secs] 468080K->451696K(742020K), 0.0027833 secs] [Times: user=0.01 sys=0.00, real=0.00 secs] 
2020-10-29T10:27:27.960+0000: [GC (Allocation Failure) 2020-10-29T10:27:27.961+0000: [ParNew: 16388K->4K(18432K), 0.0027053 secs] 468080K->451696K(742020K), 0.0027620 secs] [Times: user=0.00 sys=0.00, real=0.00 secs] 
2020-10-29T10:27:27.979+0000: [GC (Allocation Failure) 2020-10-29T10:27:27.979+0000: [ParNew: 16388K->4K(18432K), 0.0027556 secs] 468080K->451696K(742020K), 0.0028120 secs] [Times: user=0.01 sys=0.00, real=0.00 secs] 
2020-10-29T10:27:28.000+0000: [GC (Allocation Failure) 2020-10-29T10:27:28.001+0000: [ParNew: 16388K->4K(18432K), 0.0027277 secs] 468080K->451696K(742020K), 0.0027984 secs] [Times: user=0.01 sys=0.00, real=0.00 secs] 
2020-10-29T10:27:28.020+0000: [GC (Allocation Failure) 2020-10-29T10:27:28.021+0000: [ParNew: 16388K->4K(18432K), 0.0027376 secs] 468080K->451696K(742020K), 0.0027959 secs] [Times: user=0.00 sys=0.00, real=0.00 secs] 
2020-10-29T10:27:28.039+0000: [GC (Allocation Failure) 2020-10-29T10:27:28.039+0000: [ParNew: 16388K->4K(18432K), 0.0027504 secs] 468080K->451696K(742020K), 0.0028080 secs] [Times: user=0.00 sys=0.00, real=0.00 secs] 
2020-10-29T10:27:28.058+0000: [GC (Allocation Failure) 2020-10-29T10:27:28.058+0000: [ParNew: 16388K->4K(18432K), 0.0027583 secs] 468080K->451696K(742020K), 0.0028145 secs] [Times: user=0.01 sys=0.00, real=0.00 secs] 
2020-10-29T10:27:28.080+0000: [GC (Allocation Failure) 2020-10-29T10:27:28.081+0000: [ParNew: 16388K->4K(18432K), 0.0027142 secs] 468080K->451696K(742020K), 0.0027703 secs] [Times: user=0.01 sys=0.00, real=0.00 secs] 
2020-10-29T10:27:28.100+0000: [GC (Allocation Failure) 2020-10-29T10:27:28.100+0000: [ParNew: 16388K->4K(18432K), 0.0027685 secs] 468080K->451696K(742020K), 0.0028308 secs] [Times: user=0.00 sys=0.00, real=0.00 secs] 
2020-10-29T10:27:28.119+0000: [GC (Allocation Failure) 2020-10-29T10:27:28.119+0000: [ParNew: 16388K->4K(18432K), 0.0026603 secs] 468080K->451696K(742020K), 0.0027151 secs] [Times: user=0.01 sys=0.00, real=0.00 secs] 
2020-10-29T10:27:28.138+0000: [GC (Allocation Failure) 2020-10-29T10:27:28.138+0000: [ParNew: 16388K->4K(18432K), 0.0027767 secs] 468080K->451696K(742020K), 0.0028354 secs] [Times: user=0.00 sys=0.00, real=0.00 secs] 
2020-10-29T10:27:28.162+0000: [GC (Allocation Failure) 2020-10-29T10:27:28.162+0000: [ParNew: 16388K->4K(18432K), 0.0025919 secs] 468080K->451696K(742020K), 0.0026495 secs] [Times: user=0.01 sys=0.00, real=0.01 secs] 
2020-10-29T10:27:28.165+0000: [CMS-concurrent-abortable-preclean: 0.354/4.230 secs] [Times: user=7.73 sys=0.20, real=4.23 secs] 
2020-10-29T10:27:28.168+0000: [GC (CMS Final Remark) [YG occupancy: 331 K (18432 K)]2020-10-29T10:27:28.168+0000: [Rescan (parallel) , 0.0016855 secs]2020-10-29T10:27:28.170+0000: [weak refs processing, 0.0001817 secs]2020-10-29T10:27:28.170+0000: [class unloading, 0.0110518 secs]2020-10-29T10:27:28.181+0000: [scrub symbol table, 0.0097979 secs]2020-10-29T10:27:28.191+0000: [scrub string table, 0.0005754 secs][1 CMS-remark: 451692K(723588K)] 452023K(742020K), 0.0234695 secs] [Times: user=0.02 sys=0.00, real=0.02 secs] 
2020-10-29T10:27:28.192+0000: [CMS-concurrent-sweep-start]
2020-10-29T10:27:28.206+0000: [CMS-concurrent-sweep: 0.014/0.014 secs] [Times: user=0.02 sys=0.00, real=0.01 secs] 
2020-10-29T10:27:28.206+0000: [CMS-concurrent-reset-start]
2020-10-29T10:27:28.208+0000: [CMS-concurrent-reset: 0.002/0.002 secs] [Times: user=0.00 sys=0.00, real=0.00 secs] 
2020-10-29T10:27:28.217+0000: [GC (Allocation Failure) 2020-10-29T10:27:28.217+0000: [ParNew: 16388K->4K(18432K), 0.0028167 secs] 309809K->293425K(742020K), 0.0028661 secs] [Times: user=0.00 sys=0.00, real=0.00 secs] 
2020-10-29T10:27:28.234+0000: [GC (Allocation Failure) 2020-10-29T10:27:28.234+0000: [ParNew: 16388K->4K(18432K), 0.0027664 secs] 309809K->293425K(742020K), 0.0028222 secs] [Times: user=0.01 sys=0.00, real=0.00 secs] 
2020-10-29T10:27:28.252+0000: [GC (Allocation Failure) 2020-10-29T10:27:28.252+0000: [ParNew: 16388K->4K(18432K), 0.0027343 secs] 309809K->293425K(742020K), 0.0028059 secs] [Times: user=0.00 sys=0.00, real=0.00 secs] 
2020-10-29T10:27:28.272+0000: [GC (Allocation Failure) 2020-10-29T10:27:28.273+0000: [ParNew: 16388K->4K(18432K), 0.0027133 secs] 309809K->293425K(742020K), 0.0027686 secs] [Times: user=0.00 sys=0.00, real=0.00 secs] 
2020-10-29T10:27:28.290+0000: [GC (Allocation Failure) 2020-10-29T10:27:28.290+0000: [ParNew: 16388K->4K(18432K), 0.0027069 secs] 309809K->293425K(742020K), 0.0027620 secs] [Times: user=0.01 sys=0.00, real=0.01 secs] 
2020-10-29T10:27:28.308+0000: [GC (Allocation Failure) 2020-10-29T10:27:28.309+0000: [ParNew: 16388K->4K(18432K), 0.0026723 secs] 309809K->293425K(742020K), 0.0027392 secs] [Times: user=0.00 sys=0.00, real=0.00 secs] 
2020-10-29T10:27:28.326+0000: [GC (Allocation Failure) 2020-10-29T10:27:28.326+0000: [ParNew: 16388K->4K(18432K), 0.0026928 secs] 309809K->293425K(742020K), 0.0027459 secs] [Times: user=0.01 sys=0.00, real=0.00 secs] 
2020-10-29T10:27:28.344+0000: [GC (Allocation Failure) 2020-10-29T10:27:28.345+0000: [ParNew: 16388K->4K(18432K), 0.0026753 secs] 309809K->293425K(742020K), 0.0027296 secs] [Times: user=0.00 sys=0.00, real=0.00 secs] 
2020-10-29T10:27:28.362+0000: [GC (Allocation Failure) 2020-10-29T10:27:28.362+0000: [ParNew: 16388K->4K(18432K), 0.0026608 secs] 309809K->293425K(742020K), 0.0027142 secs] [Times: user=0.01 sys=0.00, real=0.01 secs] 
2020-10-29T10:27:28.380+0000: [GC (Allocation Failure) 2020-10-29T10:27:28.380+0000: [ParNew: 16388K->4K(18432K), 0.0026886 secs] 309809K->293425K(742020K), 0.0027410 secs] [Times: user=0.01 sys=0.00, real=0.00 secs] 
2020-10-29T10:27:28.398+0000: [GC (Allocation Failure) 2020-10-29T10:27:28.398+0000: [ParNew: 16388K->4K(18432K), 0.0031211 secs] 309809K->293425K(742020K), 0.0031844 secs] [Times: user=0.01 sys=0.00, real=0.00 secs] 
2020-10-29T10:27:28.417+0000: [GC (Allocation Failure) 2020-10-29T10:27:28.417+0000: [ParNew: 16388K->4K(18432K), 0.0026818 secs] 309809K->293425K(742020K), 0.0027375 secs] [Times: user=0.01 sys=0.00, real=0.00 secs] 
2020-10-29T10:27:28.436+0000: [GC (Allocation Failure) 2020-10-29T10:27:28.437+0000: [ParNew: 16388K->4K(18432K), 0.0026998 secs] 309809K->293425K(742020K), 0.0027555 secs] [Times: user=0.00 sys=0.00, real=0.00 secs] 
2020-10-29T10:27:28.456+0000: [GC (Allocation Failure) 2020-10-29T10:27:28.457+0000: [ParNew: 16388K->4K(18432K), 0.0026696 secs] 309809K->293425K(742020K), 0.0027232 secs] [Times: user=0.01 sys=0.00, real=0.00 secs] 
2020-10-29T10:27:28.475+0000: [GC (Allocation Failure) 2020-10-29T10:27:28.475+0000: [ParNew: 16388K->4K(18432K), 0.0027492 secs] 309809K->293425K(742020K), 0.0028053 secs] [Times: user=0.01 sys=0.00, real=0.00 secs] 
2020-10-29T10:27:28.493+0000: [GC (Allocation Failure) 2020-10-29T10:27:28.493+0000: [ParNew: 16388K->4K(18432K), 0.0026739 secs] 309809K->293425K(742020K), 0.0027293 secs] [Times: user=0.00 sys=0.00, real=0.00 secs] 
2020-10-29T10:27:28.510+0000: [GC (Allocation Failure) 2020-10-29T10:27:28.510+0000: [ParNew: 16388K->4K(18432K), 0.0026875 secs] 309809K->293425K(742020K), 0.0027421 secs] [Times: user=0.01 sys=0.00, real=0.01 secs] 
2020-10-29T10:27:28.532+0000: [GC (Allocation Failure) 2020-10-29T10:27:28.532+0000: [ParNew: 16388K->4K(18432K), 0.0030314 secs] 309809K->293425K(742020K), 0.0030957 secs] [Times: user=0.01 sys=0.00, real=0.01 secs] 
2020-10-29T10:27:28.553+0000: [GC (Allocation Failure) 2020-10-29T10:27:28.553+0000: [ParNew: 16388K->4K(18432K), 0.0041094 secs] 309809K->293425K(742020K), 0.0041644 secs] [Times: user=0.00 sys=0.00, real=0.00 secs] 
2020-10-29T10:27:28.572+0000: [GC (Allocation Failure) 2020-10-29T10:27:28.572+0000: [ParNew: 16388K->4K(18432K), 0.0028463 secs] 309809K->293425K(742020K), 0.0029315 secs] [Times: user=0.01 sys=0.00, real=0.01 secs] 
2020-10-29T10:27:28.594+0000: [GC (Allocation Failure) 2020-10-29T10:27:28.594+0000: [ParNew: 16388K->4K(18432K), 0.0027293 secs] 309809K->293425K(742020K), 0.0027853 secs] [Times: user=0.00 sys=0.00, real=0.00 secs] 
2020-10-29T10:27:28.616+0000: [GC (Allocation Failure) 2020-10-29T10:27:28.616+0000: [ParNew: 16388K->4K(18432K), 0.0027026 secs] 309809K->293425K(742020K), 0.0027584 secs] [Times: user=0.00 sys=0.00, real=0.00 secs] 
2020-10-29T10:27:28.635+0000: [GC (Allocation Failure) 2020-10-29T10:27:28.635+0000: [ParNew: 16388K->4K(18432K), 0.0026963 secs] 309809K->293425K(742020K), 0.0027502 secs] [Times: user=0.01 sys=0.00, real=0.00 secs] 
2020-10-29T10:27:28.656+0000: [GC (Allocation Failure) 2020-10-29T10:27:28.656+0000: [ParNew: 16388K->4K(18432K), 0.0026421 secs] 309809K->293425K(742020K), 0.0027188 secs] [Times: user=0.00 sys=0.01, real=0.00 secs] 
2020-10-29T10:27:28.674+0000: [GC (Allocation Failure) 2020-10-29T10:27:28.674+0000: [ParNew: 16388K->4K(18432K), 0.0027049 secs] 309809K->293425K(742020K), 0.0027599 secs] [Times: user=0.01 sys=0.00, real=0.00 secs] 
2020-10-29T10:27:28.692+0000: [GC (Allocation Failure) 2020-10-29T10:27:28.692+0000: [ParNew: 16388K->4K(18432K), 0.0026737 secs] 309809K->293425K(742020K), 0.0027274 secs] [Times: user=0.00 sys=0.00, real=0.01 secs] 
2020-10-29T10:27:28.713+0000: [GC (Allocation Failure) 2020-10-29T10:27:28.713+0000: [ParNew: 16388K->4K(18432K), 0.0027096 secs] 309809K->293425K(742020K), 0.0027650 secs] [Times: user=0.01 sys=0.00, real=0.00 secs] 
2020-10-29T10:27:28.730+0000: [GC (Allocation Failure) 2020-10-29T10:27:28.730+0000: [ParNew: 16388K->4K(18432K), 0.0027581 secs] 309809K->293425K(742020K), 0.0028165 secs] [Times: user=0.00 sys=0.00, real=0.01 secs] 
2020-10-29T10:27:28.752+0000: [GC (Allocation Failure) 2020-10-29T10:27:28.752+0000: [ParNew: 16388K->4K(18432K), 0.0027429 secs] 309809K->293425K(742020K), 0.0028032 secs] [Times: user=0.00 sys=0.00, real=0.01 secs] 
2020-10-29T10:27:28.772+0000: [GC (Allocation Failure) 2020-10-29T10:27:28.773+0000: [ParNew: 16388K->4K(18432K), 0.0027115 secs] 309809K->293425K(742020K), 0.0027678 secs] [Times: user=0.00 sys=0.00, real=0.00 secs] 
2020-10-29T10:27:28.790+0000: [GC (Allocation Failure) 2020-10-29T10:27:28.790+0000: [ParNew: 16388K->4K(18432K), 0.0027103 secs] 309809K->293425K(742020K), 0.0027647 secs] [Times: user=0.01 sys=0.00, real=0.01 secs] 
2020-10-29T10:27:28.812+0000: [GC (Allocation Failure) 2020-10-29T10:27:28.812+0000: [ParNew: 16388K->4K(18432K), 0.0027364 secs] 309809K->293425K(742020K), 0.0027911 secs] [Times: user=0.00 sys=0.00, real=0.01 secs] 
2020-10-29T10:27:28.830+0000: [GC (Allocation Failure) 2020-10-29T10:27:28.830+0000: [ParNew: 16388K->4K(18432K), 0.0026803 secs] 309809K->293425K(742020K), 0.0027341 secs] [Times: user=0.00 sys=0.00, real=0.01 secs] 
2020-10-29T10:27:28.843+0000: [GC (Allocation Failure) 2020-10-29T10:27:28.843+0000: [ParNew: 10904K->4K(18432K), 0.0026384 secs] 304325K->293425K(742020K), 0.0026892 secs] [Times: user=0.01 sys=0.00, real=0.01 secs] 
2020-10-29T10:27:28.858+0000: [GC (Allocation Failure) 2020-10-29T10:27:28.859+0000: [ParNew: 16388K->4K(18432K), 0.0040821 secs] 309809K->301617K(742020K), 0.0041383 secs] [Times: user=0.01 sys=0.00, real=0.00 secs] 
2020-10-29T10:27:28.863+0000: [GC (CMS Initial Mark) [1 CMS-initial-mark: 301613K(723588K)] 301774K(742020K), 0.0027050 secs] [Times: user=0.00 sys=0.00, real=0.01 secs] 
2020-10-29T10:27:28.867+0000: [CMS-concurrent-mark-start]
2020-10-29T10:27:28.891+0000: [GC (Allocation Failure) 2020-10-29T10:27:28.891+0000: [ParNew: 16388K->4K(18432K), 0.0026188 secs] 318001K->301617K(742020K), 0.0026688 secs] [Times: user=0.00 sys=0.00, real=0.01 secs] 
2020-10-29T10:27:28.926+0000: [CMS-concurrent-mark: 0.056/0.059 secs] [Times: user=0.12 sys=0.00, real=0.06 secs] 
2020-10-29T10:27:28.926+0000: [CMS-concurrent-preclean-start]
2020-10-29T10:27:28.928+0000: [GC (Allocation Failure) 2020-10-29T10:27:28.928+0000: [ParNew: 16388K->4K(18432K), 0.0024059 secs] 318001K->301617K(742020K), 0.0024502 secs] [Times: user=0.01 sys=0.00, real=0.00 secs] 
2020-10-29T10:27:28.931+0000: [CMS-concurrent-preclean: 0.003/0.005 secs] [Times: user=0.01 sys=0.00, real=0.00 secs] 
2020-10-29T10:27:28.940+0000: [GC (CMS Final Remark) [YG occupancy: 6174 K (18432 K)]2020-10-29T10:27:28.940+0000: [Rescan (parallel) , 0.0056382 secs]2020-10-29T10:27:28.946+0000: [weak refs processing, 0.0000309 secs]2020-10-29T10:27:28.946+0000: [class unloading, 0.0084951 secs]2020-10-29T10:27:28.954+0000: [scrub symbol table, 0.0091770 secs]2020-10-29T10:27:28.964+0000: [scrub string table, 0.0005743 secs][1 CMS-remark: 301613K(723588K)] 307788K(742020K), 0.0240515 secs] [Times: user=0.03 sys=0.00, real=0.02 secs] 
2020-10-29T10:27:28.964+0000: [CMS-concurrent-sweep-start]
2020-10-29T10:27:28.978+0000: [GC (Allocation Failure) 2020-10-29T10:27:28.978+0000: [ParNew: 16388K->4K(18432K), 0.0027741 secs] 317930K->301546K(742020K), 0.0028287 secs] [Times: user=0.01 sys=0.00, real=0.00 secs] 
2020-10-29T10:27:28.985+0000: [CMS-concurrent-sweep: 0.018/0.021 secs] [Times: user=0.04 sys=0.00, real=0.02 secs] 
2020-10-29T10:27:28.985+0000: [CMS-concurrent-reset-start]
2020-10-29T10:27:28.993+0000: [CMS-concurrent-reset: 0.008/0.008 secs] [Times: user=0.01 sys=0.00, real=0.01 secs] 
2020-10-29T10:27:29.000+0000: [GC (Allocation Failure) 2020-10-29T10:27:29.001+0000: [ParNew: 16388K->4K(18432K), 0.0026926 secs] 303440K->287056K(742020K), 0.0027432 secs] [Times: user=0.00 sys=0.00, real=0.00 secs] 
2020-10-29T10:27:29.020+0000: [GC (Allocation Failure) 2020-10-29T10:27:29.021+0000: [ParNew: 16388K->4K(18432K), 0.0027101 secs] 303440K->287056K(742020K), 0.0027619 secs] [Times: user=0.01 sys=0.00, real=0.00 secs] 
2020-10-29T10:27:29.038+0000: [GC (Allocation Failure) 2020-10-29T10:27:29.038+0000: [ParNew: 16388K->4K(18432K), 0.0035850 secs] 303440K->287056K(742020K), 0.0036391 secs] [Times: user=0.00 sys=0.00, real=0.00 secs] 
2020-10-29T10:27:29.061+0000: [GC (Allocation Failure) 2020-10-29T10:27:29.061+0000: [ParNew: 16388K->2K(18432K), 0.0044893 secs] 303440K->287054K(742020K), 0.0045434 secs] [Times: user=0.00 sys=0.00, real=0.01 secs] 
2020-10-29T10:27:29.080+0000: [GC (Allocation Failure) 2020-10-29T10:27:29.080+0000: [ParNew: 16386K->4K(18432K), 0.0027232 secs] 303438K->287056K(742020K), 0.0027792 secs] [Times: user=0.01 sys=0.00, real=0.00 secs] 
2020-10-29T10:27:29.097+0000: [GC (Allocation Failure) 2020-10-29T10:27:29.097+0000: [ParNew: 15231K->4K(18432K), 0.0027011 secs] 302283K->287056K(742020K), 0.0027563 secs] [Times: user=0.01 sys=0.00, real=0.00 secs] 
2020-10-29T10:27:29.108+0000: [GC (Allocation Failure) 2020-10-29T10:27:29.108+0000: [ParNew: 16388K->4K(18432K), 0.0036486 secs] 303440K->295248K(742020K), 0.0037035 secs] [Times: user=0.01 sys=0.00, real=0.00 secs] 
2020-10-29T10:27:29.112+0000: [GC (CMS Initial Mark) [1 CMS-initial-mark: 295244K(723588K)] 295574K(742020K), 0.0013608 secs] [Times: user=0.00 sys=0.00, real=0.00 secs] 
2020-10-29T10:27:29.114+0000: [CMS-concurrent-mark-start]
2020-10-29T10:27:29.135+0000: [GC (Allocation Failure) 2020-10-29T10:27:29.135+0000: [ParNew: 16388K->4K(18432K), 0.0027157 secs] 311632K->295248K(742020K), 0.0027723 secs] [Times: user=0.00 sys=0.00, real=0.00 secs] 
2020-10-29T10:27:29.160+0000: [GC (Allocation Failure) 2020-10-29T10:27:29.161+0000: [ParNew: 16388K->4K(18432K), 0.0027032 secs] 311632K->295248K(742020K), 0.0027595 secs] [Times: user=0.01 sys=0.00, real=0.00 secs] 
2020-10-29T10:27:29.183+0000: [GC (Allocation Failure) 2020-10-29T10:27:29.183+0000: [ParNew: 16388K->4K(18432K), 0.0027081 secs] 311632K->295248K(742020K), 0.0027645 secs] [Times: user=0.01 sys=0.00, real=0.01 secs] 
2020-10-29T10:27:29.205+0000: [GC (Allocation Failure) 2020-10-29T10:27:29.205+0000: [ParNew: 16388K->4K(18432K), 0.0026666 secs] 311632K->295248K(742020K), 0.0027220 secs] [Times: user=0.01 sys=0.00, real=0.00 secs] 
2020-10-29T10:27:29.221+0000: [CMS-concurrent-mark: 0.082/0.107 secs] [Times: user=0.20 sys=0.01, real=0.10 secs] 
2020-10-29T10:27:29.221+0000: [CMS-concurrent-preclean-start]
2020-10-29T10:27:29.224+0000: [CMS-concurrent-preclean: 0.003/0.003 secs] [Times: user=0.01 sys=0.00, real=0.00 secs] 
2020-10-29T10:27:29.224+0000: [CMS-concurrent-abortable-preclean-start]
2020-10-29T10:27:29.228+0000: [GC (Allocation Failure) 2020-10-29T10:27:29.228+0000: [ParNew: 16388K->4K(18432K), 0.0024436 secs] 311632K->295248K(742020K), 0.0025193 secs] [Times: user=0.00 sys=0.00, real=0.00 secs] 
2020-10-29T10:27:29.247+0000: [GC (Allocation Failure) 2020-10-29T10:27:29.248+0000: [ParNew: 16388K->4K(18432K), 0.0026064 secs] 311632K->295248K(742020K), 0.0026583 secs] [Times: user=0.01 sys=0.00, real=0.00 secs] 
2020-10-29T10:27:29.250+0000: [CMS-concurrent-abortable-preclean: 0.012/0.027 secs] [Times: user=0.05 sys=0.00, real=0.03 secs] 
2020-10-29T10:27:29.250+0000: [GC (CMS Final Remark) [YG occupancy: 195 K (18432 K)]2020-10-29T10:27:29.250+0000: [Rescan (parallel) , 0.0016342 secs]2020-10-29T10:27:29.252+0000: [weak refs processing, 0.0000258 secs]2020-10-29T10:27:29.252+0000: [class unloading, 0.0085029 secs]2020-10-29T10:27:29.261+0000: [scrub symbol table, 0.0091590 secs]2020-10-29T10:27:29.270+0000: [scrub string table, 0.0005780 secs][1 CMS-remark: 295244K(723588K)] 295440K(742020K), 0.0200181 secs] [Times: user=0.02 sys=0.00, real=0.02 secs] 
2020-10-29T10:27:29.271+0000: [CMS-concurrent-sweep-start]
2020-10-29T10:27:29.283+0000: [CMS-concurrent-sweep: 0.013/0.013 secs] [Times: user=0.02 sys=0.00, real=0.01 secs] 
2020-10-29T10:27:29.283+0000: [CMS-concurrent-reset-start]
2020-10-29T10:27:29.285+0000: [CMS-concurrent-reset: 0.002/0.002 secs] [Times: user=0.01 sys=0.00, real=0.01 secs] 
2020-10-29T10:27:29.295+0000: [GC (Allocation Failure) 2020-10-29T10:27:29.296+0000: [ParNew: 16388K->4K(18432K), 0.0027435 secs] 311632K->295248K(742020K), 0.0028167 secs] [Times: user=0.00 sys=0.00, real=0.00 secs] 
2020-10-29T10:27:29.316+0000: [GC (Allocation Failure) 2020-10-29T10:27:29.317+0000: [ParNew: 16388K->4K(18432K), 0.0027453 secs] 344400K->328016K(742020K), 0.0028011 secs] [Times: user=0.00 sys=0.00, real=0.00 secs] 
2020-10-29T10:27:29.321+0000: [GC (CMS Initial Mark) [1 CMS-initial-mark: 328012K(723588K)] 328162K(742020K), 0.0012949 secs] [Times: user=0.01 sys=0.00, real=0.00 secs] 
2020-10-29T10:27:29.322+0000: [CMS-concurrent-mark-start]
2020-10-29T10:27:29.347+0000: [GC (Allocation Failure) 2020-10-29T10:27:29.347+0000: [ParNew: 16388K->4K(18432K), 0.0027035 secs] 344400K->328016K(742020K), 0.0027603 secs] [Times: user=0.01 sys=0.00, real=0.00 secs] 
2020-10-29T10:27:29.369+0000: [GC (Allocation Failure) 2020-10-29T10:27:29.369+0000: [ParNew: 16388K->4K(18432K), 0.0027087 secs] 344400K->328016K(742020K), 0.0027649 secs] [Times: user=0.00 sys=0.00, real=0.00 secs] 
2020-10-29T10:27:29.390+0000: [GC (Allocation Failure) 2020-10-29T10:27:29.391+0000: [ParNew: 16388K->4K(18432K), 0.0026913 secs] 344400K->328016K(742020K), 0.0027474 secs] [Times: user=0.01 sys=0.00, real=0.01 secs] 
2020-10-29T10:27:29.416+0000: [GC (Allocation Failure) 2020-10-29T10:27:29.417+0000: [ParNew: 16388K->4K(18432K), 0.0027650 secs] 344400K->328016K(742020K), 0.0028236 secs] [Times: user=0.01 sys=0.00, real=0.00 secs] 
2020-10-29T10:27:29.423+0000: [CMS-concurrent-mark: 0.075/0.102 secs] [Times: user=0.19 sys=0.00, real=0.10 secs] 
2020-10-29T10:27:29.424+0000: [CMS-concurrent-preclean-start]
2020-10-29T10:27:29.426+0000: [CMS-concurrent-preclean: 0.003/0.003 secs] [Times: user=0.01 sys=0.00, real=0.01 secs] 
2020-10-29T10:27:29.426+0000: [CMS-concurrent-abortable-preclean-start]
2020-10-29T10:27:29.441+0000: [GC (Allocation Failure) 2020-10-29T10:27:29.441+0000: [ParNew: 16388K->4K(18432K), 0.0027100 secs] 344400K->328016K(742020K), 0.0027662 secs] [Times: user=0.01 sys=0.00, real=0.00 secs] 
2020-10-29T10:27:29.459+0000: [GC (Allocation Failure) 2020-10-29T10:27:29.459+0000: [ParNew: 16388K->4K(18432K), 0.0027395 secs] 344400K->328016K(742020K), 0.0027952 secs] [Times: user=0.00 sys=0.00, real=0.00 secs] 
2020-10-29T10:27:29.478+0000: [GC (Allocation Failure) 2020-10-29T10:27:29.478+0000: [ParNew: 16388K->4K(18432K), 0.0026983 secs] 344400K->328016K(742020K), 0.0027530 secs] [Times: user=0.01 sys=0.00, real=0.00 secs] 
2020-10-29T10:27:29.500+0000: [GC (Allocation Failure) 2020-10-29T10:27:29.501+0000: [ParNew: 16388K->4K(18432K), 0.0027194 secs] 344400K->328016K(742020K), 0.0027763 secs] [Times: user=0.01 sys=0.00, real=0.00 secs] 
2020-10-29T10:27:29.519+0000: [GC (Allocation Failure) 2020-10-29T10:27:29.520+0000: [ParNew: 16388K->4K(18432K), 0.0027304 secs] 344400K->328016K(742020K), 0.0028012 secs] [Times: user=0.00 sys=0.00, real=0.00 secs] 
2020-10-29T10:27:29.538+0000: [GC (Allocation Failure) 2020-10-29T10:27:29.538+0000: [ParNew: 16388K->4K(18432K), 0.0026915 secs] 344400K->328016K(742020K), 0.0027456 secs] [Times: user=0.01 sys=0.00, real=0.00 secs] 
2020-10-29T10:27:29.557+0000: [GC (Allocation Failure) 2020-10-29T10:27:29.557+0000: [ParNew: 11325K->4K(18432K), 0.0025943 secs] 339338K->328016K(742020K), 0.0026465 secs] [Times: user=0.01 sys=0.00, real=0.00 secs] 
2020-10-29T10:27:29.569+0000: [GC (Allocation Failure) 2020-10-29T10:27:29.569+0000: [ParNew: 16388K->4K(18432K), 0.0035784 secs] 344400K->336208K(742020K), 0.0036309 secs] [Times: user=0.00 sys=0.00, real=0.00 secs] 
2020-10-29T10:27:29.572+0000: [CMS-concurrent-abortable-preclean: 0.015/0.146 secs] [Times: user=0.26 sys=0.01, real=0.14 secs] 
2020-10-29T10:27:29.572+0000: [GC (CMS Final Remark) [YG occupancy: 203 K (18432 K)]2020-10-29T10:27:29.572+0000: [Rescan (parallel) , 0.0019293 secs]2020-10-29T10:27:29.574+0000: [weak refs processing, 0.0000256 secs]2020-10-29T10:27:29.574+0000: [class unloading, 0.0086318 secs]2020-10-29T10:27:29.583+0000: [scrub symbol table, 0.0091880 secs]2020-10-29T10:27:29.592+0000: [scrub string table, 0.0005928 secs][1 CMS-remark: 336204K(723588K)] 336408K(742020K), 0.0204802 secs] [Times: user=0.02 sys=0.00, real=0.02 secs] 
2020-10-29T10:27:29.593+0000: [CMS-concurrent-sweep-start]
2020-10-29T10:27:29.605+0000: [CMS-concurrent-sweep: 0.012/0.012 secs] [Times: user=0.02 sys=0.00, real=0.01 secs] 
2020-10-29T10:27:29.605+0000: [CMS-concurrent-reset-start]
2020-10-29T10:27:29.607+0000: [CMS-concurrent-reset: 0.002/0.002 secs] [Times: user=0.00 sys=0.00, real=0.00 secs] 
2020-10-29T10:27:29.616+0000: [GC (Allocation Failure) 2020-10-29T10:27:29.616+0000: [ParNew: 16388K->4K(18432K), 0.0027208 secs] 352592K->336208K(742020K), 0.0027689 secs] [Times: user=0.01 sys=0.00, real=0.00 secs] 
2020-10-29T10:27:29.634+0000: [GC (Allocation Failure) 2020-10-29T10:27:29.634+0000: [ParNew: 16388K->4K(18432K), 0.0027621 secs] 352592K->336208K(742020K), 0.0028316 secs] [Times: user=0.01 sys=0.00, real=0.00 secs] 
2020-10-29T10:27:29.656+0000: [GC (Allocation Failure) 2020-10-29T10:27:29.657+0000: [ParNew: 16388K->4K(18432K), 0.0027262 secs] 352592K->336208K(742020K), 0.0027818 secs] [Times: user=0.00 sys=0.00, real=0.00 secs] 
2020-10-29T10:27:29.674+0000: [GC (Allocation Failure) 2020-10-29T10:27:29.674+0000: [ParNew: 16388K->4K(18432K), 0.0027109 secs] 352592K->336208K(742020K), 0.0027648 secs] [Times: user=0.01 sys=0.00, real=0.00 secs] 
2020-10-29T10:27:29.692+0000: [GC (Allocation Failure) 2020-10-29T10:27:29.692+0000: [ParNew: 16388K->4K(18432K), 0.0027393 secs] 352592K->336208K(742020K), 0.0027963 secs] [Times: user=0.01 sys=0.00, real=0.01 secs] 
2020-10-29T10:27:29.712+0000: [GC (Allocation Failure) 2020-10-29T10:27:29.713+0000: [ParNew: 16388K->4K(18432K), 0.0027111 secs] 352592K->336208K(742020K), 0.0027673 secs] [Times: user=0.01 sys=0.00, real=0.00 secs] 
2020-10-29T10:27:29.733+0000: [GC (Allocation Failure) 2020-10-29T10:27:29.733+0000: [ParNew: 16388K->4K(18432K), 0.0027301 secs] 352592K->336208K(742020K), 0.0027861 secs] [Times: user=0.00 sys=0.00, real=0.00 secs] 
2020-10-29T10:27:29.751+0000: [GC (Allocation Failure) 2020-10-29T10:27:29.751+0000: [ParNew: 16388K->4K(18432K), 0.0027474 secs] 352592K->336208K(742020K), 0.0028195 secs] [Times: user=0.00 sys=0.00, real=0.01 secs] 
2020-10-29T10:27:29.768+0000: [GC (Allocation Failure) 2020-10-29T10:27:29.768+0000: [ParNew: 16388K->4K(18432K), 0.0027411 secs] 352592K->336208K(742020K), 0.0028129 secs] [Times: user=0.01 sys=0.00, real=0.00 secs] 
2020-10-29T10:27:29.796+0000: [GC (Allocation Failure) 2020-10-29T10:27:29.796+0000: [ParNew: 16388K->8K(18432K), 0.0028762 secs] 352592K->336212K(742020K), 0.0029331 secs] [Times: user=0.01 sys=0.00, real=0.00 secs] 
2020-10-29T10:27:29.814+0000: [GC (Allocation Failure) 2020-10-29T10:27:29.814+0000: [ParNew: 16392K->8K(18432K), 0.0027198 secs] 352596K->336212K(742020K), 0.0027759 secs] [Times: user=0.00 sys=0.00, real=0.00 secs] 
2020-10-29T10:27:29.832+0000: [GC (Allocation Failure) 2020-10-29T10:27:29.833+0000: [ParNew: 16392K->8K(18432K), 0.0027026 secs] 352596K->336212K(742020K), 0.0027557 secs] [Times: user=0.00 sys=0.00, real=0.00 secs] 
2020-10-29T10:27:29.848+0000: [GC (Allocation Failure) 2020-10-29T10:27:29.848+0000: [ParNew: 14161K->6K(18432K), 0.0026459 secs] 350366K->336210K(742020K), 0.0026966 secs] [Times: user=0.00 sys=0.00, real=0.00 secs] 
2020-10-29T10:27:29.859+0000: [GC (Allocation Failure) 2020-10-29T10:27:29.860+0000: [ParNew: 16390K->8K(18432K), 0.0036304 secs] 352594K->344405K(742020K), 0.0037014 secs] [Times: user=0.00 sys=0.00, real=0.00 secs] 
2020-10-29T10:27:29.880+0000: [GC (Allocation Failure) 2020-10-29T10:27:29.881+0000: [ParNew: 16392K->7K(18432K), 0.0027270 secs] 360789K->344403K(742020K), 0.0027802 secs] [Times: user=0.00 sys=0.00, real=0.00 secs] 
2020-10-29T10:27:29.900+0000: [GC (Allocation Failure) 2020-10-29T10:27:29.901+0000: [ParNew: 16391K->4K(18432K), 0.0027900 secs] 360787K->344404K(742020K), 0.0028459 secs] [Times: user=0.00 sys=0.00, real=0.00 secs] 
2020-10-29T10:27:29.920+0000: [GC (Allocation Failure) 2020-10-29T10:27:29.921+0000: [ParNew: 16388K->4K(18432K), 0.0026764 secs] 360788K->344403K(742020K), 0.0027307 secs] [Times: user=0.01 sys=0.00, real=0.00 secs] 
2020-10-29T10:27:29.938+0000: [GC (Allocation Failure) 2020-10-29T10:27:29.938+0000: [ParNew: 16388K->4K(18432K), 0.0026505 secs] 360787K->344403K(742020K), 0.0027043 secs] [Times: user=0.00 sys=0.00, real=0.00 secs] 
2020-10-29T10:27:29.956+0000: [GC (Allocation Failure) 2020-10-29T10:27:29.956+0000: [ParNew: 16388K->4K(18432K), 0.0027426 secs] 360787K->344403K(742020K), 0.0027991 secs] [Times: user=0.01 sys=0.00, real=0.00 secs] 
2020-10-29T10:27:29.974+0000: [GC (Allocation Failure) 2020-10-29T10:27:29.974+0000: [ParNew: 16388K->4K(18432K), 0.0027665 secs] 360787K->344403K(742020K), 0.0028248 secs] [Times: user=0.00 sys=0.00, real=0.00 secs] 
2020-10-29T10:27:29.992+0000: [GC (Allocation Failure) 2020-10-29T10:27:29.993+0000: [ParNew: 16388K->4K(18432K), 0.0026827 secs] 360787K->344403K(742020K), 0.0027368 secs] [Times: user=0.00 sys=0.00, real=0.00 secs] 
2020-10-29T10:27:30.010+0000: [GC (Allocation Failure) 2020-10-29T10:27:30.010+0000: [ParNew: 16388K->4K(18432K), 0.0027737 secs] 360787K->344403K(742020K), 0.0028375 secs] [Times: user=0.01 sys=0.00, real=0.01 secs] 
2020-10-29T10:27:30.028+0000: [GC (Allocation Failure) 2020-10-29T10:27:30.028+0000: [ParNew: 16388K->4K(18432K), 0.0027767 secs] 360787K->344403K(742020K), 0.0028345 secs] [Times: user=0.00 sys=0.00, real=0.00 secs] 
2020-10-29T10:27:30.048+0000: [GC (Allocation Failure) 2020-10-29T10:27:30.049+0000: [ParNew: 16388K->4K(18432K), 0.0027162 secs] 360787K->344403K(742020K), 0.0027727 secs] [Times: user=0.01 sys=0.00, real=0.00 secs] 
2020-10-29T10:27:30.066+0000: [GC (Allocation Failure) 2020-10-29T10:27:30.066+0000: [ParNew: 16388K->4K(18432K), 0.0027276 secs] 360787K->344403K(742020K), 0.0027848 secs] [Times: user=0.00 sys=0.00, real=0.00 secs] 
2020-10-29T10:27:30.084+0000: [GC (Allocation Failure) 2020-10-29T10:27:30.084+0000: [ParNew: 16388K->4K(18432K), 0.0027458 secs] 360787K->344403K(742020K), 0.0028017 secs] [Times: user=0.01 sys=0.00, real=0.01 secs] 
2020-10-29T10:27:30.105+0000: [GC (Allocation Failure) 2020-10-29T10:27:30.105+0000: [ParNew: 16388K->4K(18432K), 0.0027447 secs] 360787K->344403K(742020K), 0.0028011 secs] [Times: user=0.00 sys=0.00, real=0.00 secs] 
2020-10-29T10:27:30.123+0000: [GC (Allocation Failure) 2020-10-29T10:27:30.123+0000: [ParNew: 16388K->2K(18432K), 0.0056340 secs] 360787K->344401K(742020K), 0.0056909 secs] [Times: user=0.01 sys=0.00, real=0.01 secs] 
2020-10-29T10:27:30.143+0000: [GC (Allocation Failure) 2020-10-29T10:27:30.143+0000: [ParNew: 10263K->4K(18432K), 0.0026486 secs] 354663K->344403K(742020K), 0.0026988 secs] [Times: user=0.00 sys=0.00, real=0.01 secs] 
2020-10-29T10:27:30.154+0000: [GC (Allocation Failure) 2020-10-29T10:27:30.154+0000: [ParNew: 16388K->4K(18432K), 0.0036476 secs] 360787K->352595K(742020K), 0.0037047 secs] [Times: user=0.01 sys=0.00, real=0.00 secs] 
2020-10-29T10:27:30.173+0000: [GC (Allocation Failure) 2020-10-29T10:27:30.173+0000: [ParNew: 16388K->4K(18432K), 0.0027112 secs] 368979K->352595K(742020K), 0.0027801 secs] [Times: user=0.00 sys=0.00, real=0.00 secs] 
2020-10-29T10:27:30.191+0000: [GC (Allocation Failure) 2020-10-29T10:27:30.191+0000: [ParNew: 16388K->4K(18432K), 0.0027740 secs] 368979K->352595K(742020K), 0.0028313 secs] [Times: user=0.01 sys=0.00, real=0.01 secs] 
2020-10-29T10:27:30.209+0000: [GC (Allocation Failure) 2020-10-29T10:27:30.209+0000: [ParNew: 16388K->4K(18432K), 0.0027672 secs] 368979K->352595K(742020K), 0.0028244 secs] [Times: user=0.00 sys=0.00, real=0.00 secs] 
2020-10-29T10:27:30.228+0000: [GC (Allocation Failure) 2020-10-29T10:27:30.229+0000: [ParNew: 16388K->4K(18432K), 0.0026825 secs] 368979K->352595K(742020K), 0.0027650 secs] [Times: user=0.00 sys=0.00, real=0.00 secs] 
2020-10-29T10:27:30.248+0000: [GC (Allocation Failure) 2020-10-29T10:27:30.249+0000: [ParNew: 16388K->4K(18432K), 0.0026867 secs] 368979K->352595K(742020K), 0.0027413 secs] [Times: user=0.01 sys=0.00, real=0.00 secs] 
2020-10-29T10:27:30.266+0000: [GC (Allocation Failure) 2020-10-29T10:27:30.266+0000: [ParNew: 16388K->4K(18432K), 0.0026229 secs] 368979K->352595K(742020K), 0.0026756 secs] [Times: user=0.01 sys=0.00, real=0.00 secs] 
2020-10-29T10:27:30.287+0000: [GC (Allocation Failure) 2020-10-29T10:27:30.287+0000: [ParNew: 16388K->4K(18432K), 0.0027356 secs] 401747K->385363K(742020K), 0.0027921 secs] [Times: user=0.00 sys=0.00, real=0.00 secs] 
2020-10-29T10:27:30.293+0000: [GC (CMS Initial Mark) [1 CMS-initial-mark: 385359K(723588K)] 385542K(742020K), 0.0012869 secs] [Times: user=0.01 sys=0.00, real=0.00 secs] 
2020-10-29T10:27:30.294+0000: [CMS-concurrent-mark-start]
2020-10-29T10:27:30.316+0000: [GC (Allocation Failure) 2020-10-29T10:27:30.316+0000: [ParNew: 16388K->4K(18432K), 0.0026853 secs] 401747K->385363K(742020K), 0.0027414 secs] [Times: user=0.01 sys=0.00, real=0.00 secs] 
2020-10-29T10:27:30.340+0000: [GC (Allocation Failure) 2020-10-29T10:27:30.341+0000: [ParNew: 16388K->4K(18432K), 0.0027025 secs] 401747K->385363K(742020K), 0.0027605 secs] [Times: user=0.01 sys=0.00, real=0.00 secs] 
2020-10-29T10:27:30.364+0000: [GC (Allocation Failure) 2020-10-29T10:27:30.364+0000: [ParNew: 16388K->4K(18432K), 0.0026892 secs] 401747K->385363K(742020K), 0.0027454 secs] [Times: user=0.00 sys=0.00, real=0.01 secs] 
2020-10-29T10:27:30.385+0000: [GC (Allocation Failure) 2020-10-29T10:27:30.385+0000: [ParNew: 16388K->4K(18432K), 0.0026848 secs] 401747K->385363K(742020K), 0.0027402 secs] [Times: user=0.00 sys=0.00, real=0.00 secs] 
2020-10-29T10:27:30.408+0000: [GC (Allocation Failure) 2020-10-29T10:27:30.408+0000: [ParNew: 16388K->4K(18432K), 0.0027436 secs] 401747K->385363K(742020K), 0.0027993 secs] [Times: user=0.01 sys=0.00, real=0.00 secs] 
2020-10-29T10:27:30.421+0000: [CMS-concurrent-mark: 0.100/0.127 secs] [Times: user=0.24 sys=0.01, real=0.12 secs] 
2020-10-29T10:27:30.421+0000: [CMS-concurrent-preclean-start]
2020-10-29T10:27:30.424+0000: [CMS-concurrent-preclean: 0.003/0.003 secs] [Times: user=0.00 sys=0.00, real=0.01 secs] 
2020-10-29T10:27:30.424+0000: [CMS-concurrent-abortable-preclean-start]
2020-10-29T10:27:30.428+0000: [GC (Allocation Failure) 2020-10-29T10:27:30.428+0000: [ParNew: 16388K->4K(18432K), 0.0023324 secs] 401747K->385363K(742020K), 0.0023744 secs] [Times: user=0.00 sys=0.00, real=0.00 secs] 
2020-10-29T10:27:30.447+0000: [GC (Allocation Failure) 2020-10-29T10:27:30.447+0000: [ParNew: 16388K->4K(18432K), 0.0027445 secs] 401747K->385364K(742020K), 0.0028007 secs] [Times: user=0.01 sys=0.00, real=0.00 secs] 
2020-10-29T10:27:30.468+0000: [GC (Allocation Failure) 2020-10-29T10:27:30.469+0000: [ParNew: 16388K->4K(18432K), 0.0027209 secs] 401748K->385364K(742020K), 0.0027740 secs] [Times: user=0.01 sys=0.00, real=0.00 secs] 
2020-10-29T10:27:30.488+0000: [GC (Allocation Failure) 2020-10-29T10:27:30.489+0000: [ParNew: 16388K->4K(18432K), 0.0026853 secs] 401748K->385364K(742020K), 0.0027398 secs] [Times: user=0.01 sys=0.00, real=0.00 secs] 
2020-10-29T10:27:30.508+0000: [GC (Allocation Failure) 2020-10-29T10:27:30.508+0000: [ParNew: 16388K->4K(18432K), 0.0027315 secs] 401748K->385364K(742020K), 0.0027863 secs] [Times: user=0.00 sys=0.00, real=0.00 secs] 
2020-10-29T10:27:30.528+0000: [GC (Allocation Failure) 2020-10-29T10:27:30.529+0000: [ParNew: 16388K->4K(18432K), 0.0026939 secs] 401748K->385364K(742020K), 0.0027486 secs] [Times: user=0.01 sys=0.00, real=0.00 secs] 
2020-10-29T10:27:30.549+0000: [GC (Allocation Failure) 2020-10-29T10:27:30.549+0000: [ParNew: 16388K->4K(18432K), 0.0027461 secs] 401748K->385364K(742020K), 0.0028010 secs] [Times: user=0.01 sys=0.00, real=0.00 secs] 
2020-10-29T10:27:30.562+0000: [GC (Allocation Failure) 2020-10-29T10:27:30.562+0000: [ParNew: 8870K->4K(18432K), 0.0024765 secs] 394230K->385364K(742020K), 0.0025246 secs] [Times: user=0.00 sys=0.00, real=0.01 secs] 
2020-10-29T10:27:30.577+0000: [GC (Allocation Failure) 2020-10-29T10:27:30.577+0000: [ParNew: 16388K->4K(18432K), 0.0037581 secs] 401748K->393556K(742020K), 0.0038145 secs] [Times: user=0.00 sys=0.01, real=0.00 secs] 
2020-10-29T10:27:30.580+0000: [CMS-concurrent-abortable-preclean: 0.015/0.156 secs] [Times: user=0.28 sys=0.01, real=0.15 secs] 
2020-10-29T10:27:30.582+0000: [GC (CMS Final Remark) [YG occupancy: 329 K (18432 K)]2020-10-29T10:27:30.582+0000: [Rescan (parallel) , 0.0018611 secs]2020-10-29T10:27:30.584+0000: [weak refs processing, 0.0000329 secs]2020-10-29T10:27:30.584+0000: [class unloading, 0.0084681 secs]2020-10-29T10:27:30.593+0000: [scrub symbol table, 0.0092454 secs]2020-10-29T10:27:30.602+0000: [scrub string table, 0.0005721 secs][1 CMS-remark: 393552K(723588K)] 393881K(742020K), 0.0203044 secs] [Times: user=0.02 sys=0.00, real=0.02 secs] 
2020-10-29T10:27:30.608+0000: [CMS-concurrent-sweep-start]
2020-10-29T10:27:30.623+0000: [GC (Allocation Failure) 2020-10-29T10:27:30.623+0000: [ParNew: 16388K->4K(18432K), 0.0027246 secs] 409939K->393555K(742020K), 0.0027795 secs] [Times: user=0.01 sys=0.00, real=0.01 secs] 
2020-10-29T10:27:30.633+0000: [CMS-concurrent-sweep: 0.015/0.024 secs] [Times: user=0.05 sys=0.00, real=0.03 secs] 
2020-10-29T10:27:30.633+0000: [CMS-concurrent-reset-start]
2020-10-29T10:27:30.635+0000: [CMS-concurrent-reset: 0.002/0.002 secs] [Times: user=0.00 sys=0.00, real=0.00 secs] 
2020-10-29T10:27:30.644+0000: [GC (Allocation Failure) 2020-10-29T10:27:30.644+0000: [ParNew: 16388K->4K(18432K), 0.0027812 secs] 393555K->377171K(742020K), 0.0028339 secs] [Times: user=0.01 sys=0.00, real=0.01 secs] 
2020-10-29T10:27:30.662+0000: [GC (Allocation Failure) 2020-10-29T10:27:30.662+0000: [ParNew: 16388K->4K(18432K), 0.0027761 secs] 393555K->377171K(742020K), 0.0028330 secs] [Times: user=0.00 sys=0.00, real=0.01 secs] 
2020-10-29T10:27:30.680+0000: [GC (Allocation Failure) 2020-10-29T10:27:30.680+0000: [ParNew: 16388K->4K(18432K), 0.0027306 secs] 393555K->377171K(742020K), 0.0027856 secs] [Times: user=0.01 sys=0.00, real=0.00 secs] 
2020-10-29T10:27:30.700+0000: [GC (Allocation Failure) 2020-10-29T10:27:30.701+0000: [ParNew: 16388K->4K(18432K), 0.0027656 secs] 393555K->377171K(742020K), 0.0028208 secs] [Times: user=0.00 sys=0.00, real=0.00 secs] 
2020-10-29T10:27:30.716+0000: [GC (Allocation Failure) 2020-10-29T10:27:30.717+0000: [ParNew: 9945K->4K(18432K), 0.0026983 secs] 387112K->377171K(742020K), 0.0027520 secs] [Times: user=0.01 sys=0.00, real=0.00 secs] 
2020-10-29T10:27:30.732+0000: [GC (Allocation Failure) 2020-10-29T10:27:30.732+0000: [ParNew: 16388K->4K(18432K), 0.0035976 secs] 393555K->385363K(742020K), 0.0036544 secs] [Times: user=0.01 sys=0.00, real=0.01 secs] 
2020-10-29T10:27:30.753+0000: [GC (Allocation Failure) 2020-10-29T10:27:30.753+0000: [ParNew: 16388K->4K(18432K), 0.0027418 secs] 401747K->385363K(742020K), 0.0027998 secs] [Times: user=0.00 sys=0.00, real=0.00 secs] 
2020-10-29T10:27:30.770+0000: [GC (Allocation Failure) 2020-10-29T10:27:30.771+0000: [ParNew: 16388K->4K(18432K), 0.0027821 secs] 401747K->385363K(742020K), 0.0028396 secs] [Times: user=0.01 sys=0.00, real=0.01 secs] 
2020-10-29T10:27:30.792+0000: [GC (Allocation Failure) 2020-10-29T10:27:30.792+0000: [ParNew: 16388K->4K(18432K), 0.0027377 secs] 401747K->385363K(742020K), 0.0027989 secs] [Times: user=0.00 sys=0.01, real=0.01 secs] 
2020-10-29T10:27:30.812+0000: [GC (Allocation Failure) 2020-10-29T10:27:30.813+0000: [ParNew: 16388K->4K(18432K), 0.0027193 secs] 401747K->385363K(742020K), 0.0027746 secs] [Times: user=0.01 sys=0.00, real=0.00 secs] 
2020-10-29T10:27:30.832+0000: [GC (Allocation Failure) 2020-10-29T10:27:30.833+0000: [ParNew: 16388K->4K(18432K), 0.0027411 secs] 401747K->385363K(742020K), 0.0028079 secs] [Times: user=0.00 sys=0.00, real=0.00 secs] 
2020-10-29T10:27:30.851+0000: [GC (Allocation Failure) 2020-10-29T10:27:30.851+0000: [ParNew: 16388K->4K(18432K), 0.0027617 secs] 401747K->385363K(742020K), 0.0028171 secs] [Times: user=0.01 sys=0.00, real=0.01 secs] 
2020-10-29T10:27:30.869+0000: [GC (Allocation Failure) 2020-10-29T10:27:30.869+0000: [ParNew: 16388K->4K(18432K), 0.0047532 secs] 401747K->385363K(742020K), 0.0048201 secs] [Times: user=0.00 sys=0.00, real=0.01 secs] 
2020-10-29T10:27:30.892+0000: [GC (Allocation Failure) 2020-10-29T10:27:30.893+0000: [ParNew: 16388K->4K(18432K), 0.0027159 secs] 401747K->385363K(742020K), 0.0027699 secs] [Times: user=0.00 sys=0.00, real=0.00 secs] 
2020-10-29T10:27:30.912+0000: [GC (Allocation Failure) 2020-10-29T10:27:30.913+0000: [ParNew: 16388K->4K(18432K), 0.0027292 secs] 401747K->385363K(742020K), 0.0027839 secs] [Times: user=0.01 sys=0.00, real=0.00 secs] 
2020-10-29T10:27:30.930+0000: [GC (Allocation Failure) 2020-10-29T10:27:30.930+0000: [ParNew: 16388K->4K(18432K), 0.0027310 secs] 401747K->385363K(742020K), 0.0027849 secs] [Times: user=0.01 sys=0.00, real=0.01 secs] 
2020-10-29T10:27:30.948+0000: [GC (Allocation Failure) 2020-10-29T10:27:30.948+0000: [ParNew: 16388K->4K(18432K), 0.0027586 secs] 401747K->385363K(742020K), 0.0028214 secs] [Times: user=0.01 sys=0.00, real=0.00 secs] 
2020-10-29T10:27:30.968+0000: [GC (Allocation Failure) 2020-10-29T10:27:30.969+0000: [ParNew: 16388K->4K(18432K), 0.0027045 secs] 401747K->385363K(742020K), 0.0027586 secs] [Times: user=0.01 sys=0.00, real=0.00 secs] 
2020-10-29T10:27:30.988+0000: [GC (Allocation Failure) 2020-10-29T10:27:30.989+0000: [ParNew: 16388K->4K(18432K), 0.0026815 secs] 401747K->385363K(742020K), 0.0027353 secs] [Times: user=0.01 sys=0.00, real=0.00 secs] 
2020-10-29T10:27:31.008+0000: [GC (Allocation Failure) 2020-10-29T10:27:31.009+0000: [ParNew: 16388K->4K(18432K), 0.0027681 secs] 401747K->385363K(742020K), 0.0028239 secs] [Times: user=0.00 sys=0.00, real=0.00 secs] 
2020-10-29T10:27:31.029+0000: [GC (Allocation Failure) 2020-10-29T10:27:31.029+0000: [ParNew: 16376K->4K(18432K), 0.0027613 secs] 401736K->385363K(742020K), 0.0028210 secs] [Times: user=0.01 sys=0.00, real=0.00 secs] 
2020-10-29T10:27:31.047+0000: [GC (Allocation Failure) 2020-10-29T10:27:31.047+0000: [ParNew: 16388K->4K(18432K), 0.0027605 secs] 401747K->385363K(742020K), 0.0028176 secs] [Times: user=0.00 sys=0.00, real=0.00 secs] 
2020-10-29T10:27:31.068+0000: [GC (Allocation Failure) 2020-10-29T10:27:31.068+0000: [ParNew: 16388K->4K(18432K), 0.0027315 secs] 401747K->385363K(742020K), 0.0027877 secs] [Times: user=0.00 sys=0.00, real=0.00 secs] 
2020-10-29T10:27:31.088+0000: [GC (Allocation Failure) 2020-10-29T10:27:31.089+0000: [ParNew: 16388K->4K(18432K), 0.0027963 secs] 401747K->385363K(742020K), 0.0028589 secs] [Times: user=0.01 sys=0.00, real=0.00 secs] 
2020-10-29T10:27:31.108+0000: [GC (Allocation Failure) 2020-10-29T10:27:31.109+0000: [ParNew: 16388K->4K(18432K), 0.0027266 secs] 401747K->385363K(742020K), 0.0027833 secs] [Times: user=0.01 sys=0.00, real=0.00 secs] 
2020-10-29T10:27:31.128+0000: [GC (Allocation Failure) 2020-10-29T10:27:31.129+0000: [ParNew: 16388K->4K(18432K), 0.0027141 secs] 401747K->385363K(742020K), 0.0027700 secs] [Times: user=0.00 sys=0.00, real=0.00 secs] 
2020-10-29T10:27:31.146+0000: [GC (Allocation Failure) 2020-10-29T10:27:31.147+0000: [ParNew: 16388K->4K(18432K), 0.0027295 secs] 401747K->385363K(742020K), 0.0027859 secs] [Times: user=0.01 sys=0.00, real=0.00 secs] 
2020-10-29T10:27:31.169+0000: [GC (Allocation Failure) 2020-10-29T10:27:31.169+0000: [ParNew: 16388K->4K(18432K), 0.0027011 secs] 401747K->385363K(742020K), 0.0027572 secs] [Times: user=0.00 sys=0.00, real=0.00 secs] 
2020-10-29T10:27:31.186+0000: [GC (Allocation Failure) 2020-10-29T10:27:31.186+0000: [ParNew: 16388K->4K(18432K), 0.0027479 secs] 401747K->385363K(742020K), 0.0028047 secs] [Times: user=0.01 sys=0.00, real=0.00 secs] 
2020-10-29T10:27:31.208+0000: [GC (Allocation Failure) 2020-10-29T10:27:31.208+0000: [ParNew: 16388K->4K(18432K), 0.0027248 secs] 401747K->385363K(742020K), 0.0027811 secs] [Times: user=0.00 sys=0.00, real=0.00 secs] 
2020-10-29T10:27:31.228+0000: [GC (Allocation Failure) 2020-10-29T10:27:31.229+0000: [ParNew: 16388K->4K(18432K), 0.0027279 secs] 401747K->385363K(742020K), 0.0027846 secs] [Times: user=0.01 sys=0.00, real=0.00 secs] 
2020-10-29T10:27:31.248+0000: [GC (Allocation Failure) 2020-10-29T10:27:31.249+0000: [ParNew: 16388K->4K(18432K), 0.0027188 secs] 401747K->385363K(742020K), 0.0027724 secs] [Times: user=0.00 sys=0.00, real=0.00 secs] 
2020-10-29T10:27:31.269+0000: [GC (Allocation Failure) 2020-10-29T10:27:31.269+0000: [ParNew: 16388K->4K(18432K), 0.0027200 secs] 401747K->385363K(742020K), 0.0027764 secs] [Times: user=0.00 sys=0.00, real=0.00 secs] 
2020-10-29T10:27:31.288+0000: [GC (Allocation Failure) 2020-10-29T10:27:31.289+0000: [ParNew: 15674K->4K(18432K), 0.0027340 secs] 401034K->385363K(742020K), 0.0027917 secs] [Times: user=0.00 sys=0.00, real=0.00 secs] 
2020-10-29T10:27:31.300+0000: [GC (Allocation Failure) 2020-10-29T10:27:31.301+0000: [ParNew: 16388K->4K(18432K), 0.0036126 secs] 401747K->393555K(742020K), 0.0036659 secs] [Times: user=0.01 sys=0.00, real=0.00 secs] 
2020-10-29T10:27:31.320+0000: [GC (Allocation Failure) 2020-10-29T10:27:31.321+0000: [ParNew: 16388K->4K(18432K), 0.0027250 secs] 409939K->393555K(742020K), 0.0027805 secs] [Times: user=0.00 sys=0.00, real=0.00 secs] 
2020-10-29T10:27:31.336+0000: [GC (Allocation Failure) 2020-10-29T10:27:31.336+0000: [ParNew: 11933K->4K(18432K), 0.0026985 secs] 405485K->393555K(742020K), 0.0027495 secs] [Times: user=0.00 sys=0.00, real=0.00 secs] 
2020-10-29T10:27:31.348+0000: [GC (Allocation Failure) 2020-10-29T10:27:31.349+0000: [ParNew: 16388K->4K(18432K), 0.0036838 secs] 409939K->401747K(742020K), 0.0037405 secs] [Times: user=0.01 sys=0.00, real=0.00 secs] 
2020-10-29T10:27:31.369+0000: [GC (Allocation Failure) 2020-10-29T10:27:31.369+0000: [ParNew: 16388K->4K(18432K), 0.0026903 secs] 418131K->401747K(742020K), 0.0027416 secs] [Times: user=0.01 sys=0.00, real=0.00 secs] 
2020-10-29T10:27:31.389+0000: [GC (Allocation Failure) 2020-10-29T10:27:31.389+0000: [ParNew: 16388K->4K(18432K), 0.0027169 secs] 418131K->401747K(742020K), 0.0027708 secs] [Times: user=0.00 sys=0.00, real=0.00 secs] 
2020-10-29T10:27:31.408+0000: [GC (Allocation Failure) 2020-10-29T10:27:31.409+0000: [ParNew: 16388K->4K(18432K), 0.0026954 secs] 418131K->401747K(742020K), 0.0027500 secs] [Times: user=0.01 sys=0.00, real=0.00 secs] 
2020-10-29T10:27:31.426+0000: [GC (Allocation Failure) 2020-10-29T10:27:31.426+0000: [ParNew: 16388K->4K(18432K), 0.0027388 secs] 418131K->401747K(742020K), 0.0027945 secs] [Times: user=0.01 sys=0.00, real=0.00 secs] 
2020-10-29T10:27:31.448+0000: [GC (Allocation Failure) 2020-10-29T10:27:31.448+0000: [ParNew: 16388K->4K(18432K), 0.0027444 secs] 418131K->401748K(742020K), 0.0028013 secs] [Times: user=0.01 sys=0.00, real=0.00 secs] 
2020-10-29T10:27:31.466+0000: [GC (Allocation Failure) 2020-10-29T10:27:31.466+0000: [ParNew: 16388K->4K(18432K), 0.0027594 secs] 418132K->401748K(742020K), 0.0028156 secs] [Times: user=0.00 sys=0.00, real=0.00 secs] 
2020-10-29T10:27:31.484+0000: [GC (Allocation Failure) 2020-10-29T10:27:31.484+0000: [ParNew: 16388K->4K(18432K), 0.0027607 secs] 418132K->401748K(742020K), 0.0028162 secs] [Times: user=0.01 sys=0.00, real=0.01 secs] 
2020-10-29T10:27:31.502+0000: [GC (Allocation Failure) 2020-10-29T10:27:31.502+0000: [ParNew: 16377K->4K(18432K), 0.0027157 secs] 418121K->401748K(742020K), 0.0027714 secs] [Times: user=0.00 sys=0.00, real=0.01 secs] 
2020-10-29T10:27:31.520+0000: [GC (Allocation Failure) 2020-10-29T10:27:31.520+0000: [ParNew: 16388K->4K(18432K), 0.0027652 secs] 418132K->401748K(742020K), 0.0028231 secs] [Times: user=0.01 sys=0.00, real=0.00 secs] 
2020-10-29T10:27:31.537+0000: [GC (Allocation Failure) 2020-10-29T10:27:31.537+0000: [ParNew: 16388K->4K(18432K), 0.0027195 secs] 418132K->401748K(742020K), 0.0027762 secs] [Times: user=0.00 sys=0.00, real=0.00 secs] 
2020-10-29T10:27:31.555+0000: [GC (Allocation Failure) 2020-10-29T10:27:31.555+0000: [ParNew: 16388K->4K(18432K), 0.0027588 secs] 418132K->401748K(742020K), 0.0028367 secs] [Times: user=0.01 sys=0.00, real=0.00 secs] 
2020-10-29T10:27:31.577+0000: [GC (Allocation Failure) 2020-10-29T10:27:31.577+0000: [ParNew: 16388K->4K(18432K), 0.0027129 secs] 418132K->401748K(742020K), 0.0027681 secs] [Times: user=0.00 sys=0.00, real=0.00 secs] 
2020-10-29T10:27:31.595+0000: [GC (Allocation Failure) 2020-10-29T10:27:31.595+0000: [ParNew: 16388K->4K(18432K), 0.0027353 secs] 418132K->401748K(742020K), 0.0027899 secs] [Times: user=0.00 sys=0.00, real=0.00 secs] 
2020-10-29T10:27:31.616+0000: [GC (Allocation Failure) 2020-10-29T10:27:31.617+0000: [ParNew: 16388K->4K(18432K), 0.0027458 secs] 418132K->401748K(742020K), 0.0028068 secs] [Times: user=0.01 sys=0.00, real=0.00 secs] 
2020-10-29T10:27:31.634+0000: [GC (Allocation Failure) 2020-10-29T10:27:31.634+0000: [ParNew: 16388K->4K(18432K), 0.0026413 secs] 418132K->401748K(742020K), 0.0027055 secs] [Times: user=0.00 sys=0.00, real=0.00 secs] 
2020-10-29T10:27:31.652+0000: [GC (Allocation Failure) 2020-10-29T10:27:31.653+0000: [ParNew: 16388K->4K(18432K), 0.0027376 secs] 418132K->401748K(742020K), 0.0027946 secs] [Times: user=0.01 sys=0.00, real=0.00 secs] 
2020-10-29T10:27:31.672+0000: [GC (Allocation Failure) 2020-10-29T10:27:31.673+0000: [ParNew: 16388K->4K(18432K), 0.0027167 secs] 418132K->401748K(742020K), 0.0027727 secs] [Times: user=0.01 sys=0.00, real=0.00 secs] 
2020-10-29T10:27:31.690+0000: [GC (Allocation Failure) 2020-10-29T10:27:31.690+0000: [ParNew: 16388K->4K(18432K), 0.0027057 secs] 418132K->401748K(742020K), 0.0027567 secs] [Times: user=0.00 sys=0.00, real=0.01 secs] 
2020-10-29T10:27:31.712+0000: [GC (Allocation Failure) 2020-10-29T10:27:31.712+0000: [ParNew: 16388K->4K(18432K), 0.0027157 secs] 418132K->401748K(742020K), 0.0027688 secs] [Times: user=0.00 sys=0.00, real=0.01 secs] 
2020-10-29T10:27:31.732+0000: [GC (Allocation Failure) 2020-10-29T10:27:31.732+0000: [ParNew: 16388K->4K(18432K), 0.0026539 secs] 418132K->401748K(742020K), 0.0027048 secs] [Times: user=0.01 sys=0.00, real=0.01 secs] 
2020-10-29T10:27:31.749+0000: [GC (Allocation Failure) 2020-10-29T10:27:31.749+0000: [ParNew: 16388K->4K(18432K), 0.0026837 secs] 418132K->401748K(742020K), 0.0027353 secs] [Times: user=0.00 sys=0.00, real=0.00 secs] 
2020-10-29T10:27:31.767+0000: [GC (Allocation Failure) 2020-10-29T10:27:31.767+0000: [ParNew: 16388K->4K(18432K), 0.0027336 secs] 418132K->401748K(742020K), 0.0027867 secs] [Times: user=0.01 sys=0.00, real=0.00 secs] 
2020-10-29T10:27:31.788+0000: [GC (Allocation Failure) 2020-10-29T10:27:31.789+0000: [ParNew: 16388K->4K(18432K), 0.0026764 secs] 418132K->401748K(742020K), 0.0027317 secs] [Times: user=0.00 sys=0.00, real=0.00 secs] 
2020-10-29T10:27:31.808+0000: [GC (Allocation Failure) 2020-10-29T10:27:31.809+0000: [ParNew: 16388K->4K(18432K), 0.0026784 secs] 418132K->401748K(742020K), 0.0027307 secs] [Times: user=0.01 sys=0.00, real=0.00 secs] 
2020-10-29T10:27:31.826+0000: [GC (Allocation Failure) 2020-10-29T10:27:31.826+0000: [ParNew: 16388K->4K(18432K), 0.0027277 secs] 418132K->401748K(742020K), 0.0027823 secs] [Times: user=0.00 sys=0.00, real=0.00 secs] 
2020-10-29T10:27:31.844+0000: [GC (Allocation Failure) 2020-10-29T10:27:31.844+0000: [ParNew: 16388K->4K(18432K), 0.0027059 secs] 418132K->401748K(742020K), 0.0027601 secs] [Times: user=0.01 sys=0.00, real=0.01 secs] 
2020-10-29T10:27:31.867+0000: [GC (Allocation Failure) 2020-10-29T10:27:31.867+0000: [ParNew: 13467K->4K(18432K), 0.0027359 secs] 415211K->401748K(742020K), 0.0027898 secs] [Times: user=0.00 sys=0.00, real=0.00 secs] 
2020-10-29T10:27:31.878+0000: [GC (Allocation Failure) 2020-10-29T10:27:31.878+0000: [ParNew: 16388K->4K(18432K), 0.0037312 secs] 418132K->409940K(742020K), 0.0038010 secs] [Times: user=0.01 sys=0.00, real=0.00 secs] 
2020-10-29T10:27:31.901+0000: [GC (Allocation Failure) 2020-10-29T10:27:31.901+0000: [ParNew: 16388K->4K(18432K), 0.0027593 secs] 426324K->409940K(742020K), 0.0028163 secs] [Times: user=0.01 sys=0.00, real=0.00 secs] 
2020-10-29T10:27:31.920+0000: [GC (Allocation Failure) 2020-10-29T10:27:31.921+0000: [ParNew: 16388K->4K(18432K), 0.0027086 secs] 426324K->409940K(742020K), 0.0027642 secs] [Times: user=0.01 sys=0.00, real=0.00 secs] 
2020-10-29T10:27:31.940+0000: [GC (Allocation Failure) 2020-10-29T10:27:31.941+0000: [ParNew: 16388K->4K(18432K), 0.0027470 secs] 426324K->409940K(742020K), 0.0028043 secs] [Times: user=0.01 sys=0.01, real=0.00 secs] 
2020-10-29T10:27:31.959+0000: [GC (Allocation Failure) 2020-10-29T10:27:31.959+0000: [ParNew: 16388K->4K(18432K), 0.0027631 secs] 426324K->409940K(742020K), 0.0028206 secs] [Times: user=0.01 sys=0.00, real=0.00 secs] 
2020-10-29T10:27:31.976+0000: [GC (Allocation Failure) 2020-10-29T10:27:31.976+0000: [ParNew: 16388K->4K(18432K), 0.0027036 secs] 426324K->409940K(742020K), 0.0027571 secs] [Times: user=0.00 sys=0.00, real=0.00 secs] 
2020-10-29T10:27:31.996+0000: [GC (Allocation Failure) 2020-10-29T10:27:31.997+0000: [ParNew: 16388K->4K(18432K), 0.0027420 secs] 426324K->409940K(742020K), 0.0027987 secs] [Times: user=0.01 sys=0.00, real=0.00 secs] 
2020-10-29T10:27:32.016+0000: [GC (Allocation Failure) 2020-10-29T10:27:32.017+0000: [ParNew: 16388K->4K(18432K), 0.0027177 secs] 426324K->409940K(742020K), 0.0027743 secs] [Times: user=0.00 sys=0.00, real=0.00 secs] 
2020-10-29T10:27:32.036+0000: [GC (Allocation Failure) 2020-10-29T10:27:32.037+0000: [ParNew: 16388K->4K(18432K), 0.0027159 secs] 426324K->409940K(742020K), 0.0027715 secs] [Times: user=0.01 sys=0.00, real=0.00 secs] 
2020-10-29T10:27:32.054+0000: [GC (Allocation Failure) 2020-10-29T10:27:32.054+0000: [ParNew: 16388K->4K(18432K), 0.0026605 secs] 426324K->409940K(742020K), 0.0027112 secs] [Times: user=0.00 sys=0.00, real=0.00 secs] 
2020-10-29T10:27:32.076+0000: [GC (Allocation Failure) 2020-10-29T10:27:32.076+0000: [ParNew: 16388K->4K(18432K), 0.0027429 secs] 426324K->409940K(742020K), 0.0027985 secs] [Times: user=0.00 sys=0.00, real=0.00 secs] 
2020-10-29T10:27:32.096+0000: [GC (Allocation Failure) 2020-10-29T10:27:32.097+0000: [ParNew: 16388K->4K(18432K), 0.0027186 secs] 426324K->409940K(742020K), 0.0027745 secs] [Times: user=0.01 sys=0.00, real=0.00 secs] 
2020-10-29T10:27:32.116+0000: [GC (Allocation Failure) 2020-10-29T10:27:32.116+0000: [ParNew: 16388K->4K(18432K), 0.0026972 secs] 426324K->409940K(742020K), 0.0027527 secs] [Times: user=0.00 sys=0.00, real=0.00 secs] 
2020-10-29T10:27:32.134+0000: [GC (Allocation Failure) 2020-10-29T10:27:32.134+0000: [ParNew: 16388K->4K(18432K), 0.0027070 secs] 426324K->409940K(742020K), 0.0027616 secs] [Times: user=0.00 sys=0.00, real=0.00 secs] 
2020-10-29T10:27:32.152+0000: [GC (Allocation Failure) 2020-10-29T10:27:32.152+0000: [ParNew: 16388K->4K(18432K), 0.0026959 secs] 426324K->409940K(742020K), 0.0027491 secs] [Times: user=0.01 sys=0.00, real=0.01 secs] 
2020-10-29T10:27:32.173+0000: [GC (Allocation Failure) 2020-10-29T10:27:32.173+0000: [ParNew: 16388K->4K(18432K), 0.0027408 secs] 426324K->409940K(742020K), 0.0027962 secs] [Times: user=0.01 sys=0.00, real=0.00 secs] 
2020-10-29T10:27:32.190+0000: [GC (Allocation Failure) 2020-10-29T10:27:32.190+0000: [ParNew: 16388K->4K(18432K), 0.0027353 secs] 426324K->409940K(742020K), 0.0027918 secs] [Times: user=0.01 sys=0.00, real=0.01 secs] 
2020-10-29T10:27:32.208+0000: [GC (Allocation Failure) 2020-10-29T10:27:32.208+0000: [ParNew: 16388K->4K(18432K), 0.0026079 secs] 426324K->409940K(742020K), 0.0026597 secs] [Times: user=0.01 sys=0.00, real=0.00 secs] 
2020-10-29T10:27:32.226+0000: [GC (Allocation Failure) 2020-10-29T10:27:32.226+0000: [ParNew: 16388K->4K(18432K), 0.0026231 secs] 426324K->409940K(742020K), 0.0026745 secs] [Times: user=0.01 sys=0.00, real=0.00 secs] 
2020-10-29T10:27:32.237+0000: [GC (Allocation Failure) 2020-10-29T10:27:32.237+0000: [ParNew: 16388K->4K(18432K), 0.0029870 secs] 426324K->418132K(742020K), 0.0030356 secs] [Times: user=0.00 sys=0.00, real=0.00 secs] 
2020-10-29T10:27:32.255+0000: [GC (Allocation Failure) 2020-10-29T10:27:32.255+0000: [ParNew: 16388K->4K(18432K), 0.0026935 secs] 434516K->418132K(742020K), 0.0027548 secs] [Times: user=0.01 sys=0.00, real=0.00 secs] 
2020-10-29T10:27:32.276+0000: [GC (Allocation Failure) 2020-10-29T10:27:32.277+0000: [ParNew: 16388K->4K(18432K), 0.0026250 secs] 434516K->418132K(742020K), 0.0026754 secs] [Times: user=0.00 sys=0.00, real=0.00 secs] 
2020-10-29T10:27:32.294+0000: [GC (Allocation Failure) 2020-10-29T10:27:32.294+0000: [ParNew: 16388K->4K(18432K), 0.0027518 secs] 434516K->418132K(742020K), 0.0028074 secs] [Times: user=0.01 sys=0.00, real=0.00 secs] 
2020-10-29T10:27:32.312+0000: [GC (Allocation Failure) 2020-10-29T10:27:32.312+0000: [ParNew: 16388K->4K(18432K), 0.0028402 secs] 434516K->418132K(742020K), 0.0029009 secs] [Times: user=0.00 sys=0.00, real=0.01 secs] 
2020-10-29T10:27:32.332+0000: [GC (Allocation Failure) 2020-10-29T10:27:32.333+0000: [ParNew: 16388K->4K(18432K), 0.0026956 secs] 434516K->418132K(742020K), 0.0027487 secs] [Times: user=0.01 sys=0.00, real=0.00 secs] 
2020-10-29T10:27:32.350+0000: [GC (Allocation Failure) 2020-10-29T10:27:32.350+0000: [ParNew: 16388K->4K(18432K), 0.0027155 secs] 434516K->418132K(742020K), 0.0027683 secs] [Times: user=0.00 sys=0.00, real=0.01 secs] 
2020-10-29T10:27:32.372+0000: [GC (Allocation Failure) 2020-10-29T10:27:32.372+0000: [ParNew: 16388K->4K(18432K), 0.0026222 secs] 434516K->418132K(742020K), 0.0026727 secs] [Times: user=0.00 sys=0.00, real=0.01 secs] 
2020-10-29T10:27:32.390+0000: [GC (Allocation Failure) 2020-10-29T10:27:32.390+0000: [ParNew: 16388K->4K(18432K), 0.0026959 secs] 434516K->418132K(742020K), 0.0027569 secs] [Times: user=0.01 sys=0.00, real=0.01 secs] 
2020-10-29T10:27:32.408+0000: [GC (Allocation Failure) 2020-10-29T10:27:32.408+0000: [ParNew: 16388K->4K(18432K), 0.0027137 secs] 434516K->418132K(742020K), 0.0027694 secs] [Times: user=0.00 sys=0.00, real=0.00 secs] 
2020-10-29T10:27:32.430+0000: [GC (Allocation Failure) 2020-10-29T10:27:32.430+0000: [ParNew: 16388K->4K(18432K), 0.0027618 secs] 434516K->418132K(742020K), 0.0028181 secs] [Times: user=0.01 sys=0.00, real=0.01 secs] 
2020-10-29T10:27:32.448+0000: [GC (Allocation Failure) 2020-10-29T10:27:32.448+0000: [ParNew: 16388K->4K(18432K), 0.0027040 secs] 434516K->418132K(742020K), 0.0027569 secs] [Times: user=0.00 sys=0.00, real=0.00 secs] 
2020-10-29T10:27:32.468+0000: [GC (Allocation Failure) 2020-10-29T10:27:32.469+0000: [ParNew: 16388K->4K(18432K), 0.0026713 secs] 434516K->418132K(742020K), 0.0027255 secs] [Times: user=0.01 sys=0.00, real=0.00 secs] 
2020-10-29T10:27:32.486+0000: [GC (Allocation Failure) 2020-10-29T10:27:32.486+0000: [ParNew: 16388K->4K(18432K), 0.0026218 secs] 434516K->418132K(742020K), 0.0026718 secs] [Times: user=0.00 sys=0.00, real=0.00 secs] 
2020-10-29T10:27:32.502+0000: [GC (Allocation Failure) 2020-10-29T10:27:32.502+0000: [ParNew: 12419K->2K(18432K), 0.0043822 secs] 430548K->418130K(742020K), 0.0044402 secs] [Times: user=0.00 sys=0.00, real=0.01 secs] 
2020-10-29T10:27:32.514+0000: [GC (Allocation Failure) 2020-10-29T10:27:32.514+0000: [ParNew: 16386K->4K(18432K), 0.0037333 secs] 434514K->426324K(742020K), 0.0037878 secs] [Times: user=0.00 sys=0.00, real=0.00 secs] 
2020-10-29T10:27:32.533+0000: [GC (Allocation Failure) 2020-10-29T10:27:32.533+0000: [ParNew: 16388K->4K(18432K), 0.0026980 secs] 442708K->426324K(742020K), 0.0027505 secs] [Times: user=0.01 sys=0.00, real=0.00 secs] 
2020-10-29T10:27:32.551+0000: [GC (Allocation Failure) 2020-10-29T10:27:32.551+0000: [ParNew: 16388K->4K(18432K), 0.0026956 secs] 442708K->426324K(742020K), 0.0027503 secs] [Times: user=0.00 sys=0.00, real=0.01 secs] 
2020-10-29T10:27:32.573+0000: [GC (Allocation Failure) 2020-10-29T10:27:32.573+0000: [ParNew: 16388K->4K(18432K), 0.0027100 secs] 442708K->426324K(742020K), 0.0027662 secs] [Times: user=0.01 sys=0.00, real=0.00 secs] 
2020-10-29T10:27:32.591+0000: [GC (Allocation Failure) 2020-10-29T10:27:32.591+0000: [ParNew: 16388K->4K(18432K), 0.0027360 secs] 442708K->426324K(742020K), 0.0027907 secs] [Times: user=0.00 sys=0.00, real=0.01 secs] 
2020-10-29T10:27:32.608+0000: [GC (Allocation Failure) 2020-10-29T10:27:32.608+0000: [ParNew: 16388K->4K(18432K), 0.0027022 secs] 442708K->426324K(742020K), 0.0027639 secs] [Times: user=0.01 sys=0.00, real=0.00 secs] 
2020-10-29T10:27:32.628+0000: [GC (Allocation Failure) 2020-10-29T10:27:32.629+0000: [ParNew: 16388K->4K(18432K), 0.0026960 secs] 442708K->426324K(742020K), 0.0027496 secs] [Times: user=0.01 sys=0.00, real=0.00 secs] 
2020-10-29T10:27:32.646+0000: [GC (Allocation Failure) 2020-10-29T10:27:32.646+0000: [ParNew: 16388K->4K(18432K), 0.0027019 secs] 442708K->426324K(742020K), 0.0027551 secs] [Times: user=0.01 sys=0.00, real=0.00 secs] 
2020-10-29T10:27:32.664+0000: [GC (Allocation Failure) 2020-10-29T10:27:32.664+0000: [ParNew: 16388K->4K(18432K), 0.0026698 secs] 442708K->426324K(742020K), 0.0027229 secs] [Times: user=0.00 sys=0.00, real=0.01 secs] 
2020-10-29T10:27:32.684+0000: [GC (Allocation Failure) 2020-10-29T10:27:32.685+0000: [ParNew: 16384K->4K(18432K), 0.0027042 secs] 442704K->426324K(742020K), 0.0027589 secs] [Times: user=0.00 sys=0.00, real=0.00 secs] 
2020-10-29T10:27:32.712+0000: [GC (Allocation Failure) 2020-10-29T10:27:32.712+0000: [ParNew: 16388K->4K(18432K), 0.0027791 secs] 442708K->426324K(742020K), 0.0028347 secs] [Times: user=0.00 sys=0.00, real=0.01 secs] 
2020-10-29T10:27:32.748+0000: [GC (Allocation Failure) 2020-10-29T10:27:32.749+0000: [ParNew: 16388K->4K(18432K), 0.0027206 secs] 442708K->426324K(742020K), 0.0027770 secs] [Times: user=0.01 sys=0.00, real=0.00 secs] 
2020-10-29T10:27:32.779+0000: [GC (Allocation Failure) 2020-10-29T10:27:32.779+0000: [ParNew: 16388K->4K(18432K), 0.0027285 secs] 442708K->426324K(742020K), 0.0027840 secs] [Times: user=0.01 sys=0.00, real=0.00 secs] 
2020-10-29T10:27:32.813+0000: [GC (Allocation Failure) 2020-10-29T10:27:32.813+0000: [ParNew: 16388K->4K(18432K), 0.0027401 secs] 442708K->426324K(742020K), 0.0027953 secs] [Times: user=0.00 sys=0.00, real=0.00 secs] 
2020-10-29T10:27:32.845+0000: [GC (Allocation Failure) 2020-10-29T10:27:32.845+0000: [ParNew: 16388K->4K(18432K), 0.0027049 secs] 442708K->426324K(742020K), 0.0027653 secs] [Times: user=0.01 sys=0.00, real=0.00 secs] 
2020-10-29T10:27:32.880+0000: [GC (Allocation Failure) 2020-10-29T10:27:32.880+0000: [ParNew: 16388K->4K(18432K), 0.0027143 secs] 442708K->426324K(742020K), 0.0027709 secs] [Times: user=0.00 sys=0.00, real=0.00 secs] 
2020-10-29T10:27:32.912+0000: [GC (Allocation Failure) 2020-10-29T10:27:32.912+0000: [ParNew: 16388K->4K(18432K), 0.0027315 secs] 442708K->426325K(742020K), 0.0028007 secs] [Times: user=0.01 sys=0.00, real=0.01 secs] 
2020-10-29T10:27:32.944+0000: [GC (Allocation Failure) 2020-10-29T10:27:32.944+0000: [ParNew: 16388K->4K(18432K), 0.0027178 secs] 442709K->426325K(742020K), 0.0027739 secs] [Times: user=0.01 sys=0.00, real=0.00 secs] 
2020-10-29T10:27:32.976+0000: [GC (Allocation Failure) 2020-10-29T10:27:32.977+0000: [ParNew: 16388K->4K(18432K), 0.0027370 secs] 442709K->426325K(742020K), 0.0027930 secs] [Times: user=0.01 sys=0.00, real=0.00 secs] 
2020-10-29T10:27:33.008+0000: [GC (Allocation Failure) 2020-10-29T10:27:33.009+0000: [ParNew: 16388K->4K(18432K), 0.0027360 secs] 442709K->426325K(742020K), 0.0027922 secs] [Times: user=0.01 sys=0.00, real=0.00 secs] 
2020-10-29T10:27:33.040+0000: [GC (Allocation Failure) 2020-10-29T10:27:33.040+0000: [ParNew: 16388K->4K(18432K), 0.0027145 secs] 442709K->426325K(742020K), 0.0027706 secs] [Times: user=0.01 sys=0.00, real=0.00 secs] 
2020-10-29T10:27:33.064+0000: [GC (Allocation Failure) 2020-10-29T10:27:33.065+0000: [ParNew: 11576K->4K(18432K), 0.0027187 secs] 437898K->426325K(742020K), 0.0027749 secs] [Times: user=0.00 sys=0.00, real=0.00 secs] 
2020-10-29T10:27:33.081+0000: [GC (Allocation Failure) 2020-10-29T10:27:33.081+0000: [ParNew: 16388K->4K(18432K), 0.0036996 secs] 442709K->434517K(742020K), 0.0037569 secs] [Times: user=0.01 sys=0.00, real=0.01 secs] 
2020-10-29T10:27:33.116+0000: [GC (Allocation Failure) 2020-10-29T10:27:33.116+0000: [ParNew: 16388K->4K(18432K), 0.0027339 secs] 450901K->434517K(742020K), 0.0027909 secs] [Times: user=0.00 sys=0.00, real=0.00 secs] 
2020-10-29T10:27:33.149+0000: [GC (Allocation Failure) 2020-10-29T10:27:33.149+0000: [ParNew: 16388K->4K(18432K), 0.0027309 secs] 450901K->434517K(742020K), 0.0027878 secs] [Times: user=0.00 sys=0.00, real=0.00 secs] 
2020-10-29T10:27:33.573+0000: [GC (Allocation Failure) 2020-10-29T10:27:33.573+0000: [ParNew: 16388K->4K(18432K), 0.0027540 secs] 450901K->434517K(742020K), 0.0028134 secs] [Times: user=0.01 sys=0.00, real=0.00 secs] 
2020-10-29T10:27:33.725+0000: [GC (Allocation Failure) 2020-10-29T10:27:33.725+0000: [ParNew: 16388K->4K(18432K), 0.0027350 secs] 450901K->434518K(742020K), 0.0027941 secs] [Times: user=0.00 sys=0.00, real=0.00 secs] 
2020-10-29T10:27:33.788+0000: [GC (Allocation Failure) 2020-10-29T10:27:33.788+0000: [ParNew: 16388K->4K(18432K), 0.0027150 secs] 450902K->434518K(742020K), 0.0027719 secs] [Times: user=0.00 sys=0.01, real=0.00 secs] 
2020-10-29T10:27:33.832+0000: [GC (Allocation Failure) 2020-10-29T10:27:33.833+0000: [ParNew: 16388K->4K(18432K), 0.0027021 secs] 450902K->434518K(742020K), 0.0027606 secs] [Times: user=0.01 sys=0.00, real=0.00 secs] 
2020-10-29T10:27:33.872+0000: [GC (Allocation Failure) 2020-10-29T10:27:33.873+0000: [ParNew: 16388K->4K(18432K), 0.0027262 secs] 450902K->434518K(742020K), 0.0027830 secs] [Times: user=0.00 sys=0.00, real=0.00 secs] 
2020-10-29T10:27:33.916+0000: [GC (Allocation Failure) 2020-10-29T10:27:33.916+0000: [ParNew: 16388K->4K(18432K), 0.0027466 secs] 450902K->434518K(742020K), 0.0028041 secs] [Times: user=0.01 sys=0.00, real=0.00 secs] 
2020-10-29T10:27:33.997+0000: [GC (Allocation Failure) 2020-10-29T10:27:33.997+0000: [ParNew: 16388K->4K(18432K), 0.0059410 secs] 450902K->434520K(742020K), 0.0060057 secs] [Times: user=0.01 sys=0.00, real=0.00 secs] 
2020-10-29T10:27:34.120+0000: [GC (Allocation Failure) 2020-10-29T10:27:34.120+0000: [ParNew: 16388K->16K(18432K), 0.0028462 secs] 450904K->434532K(742020K), 0.0029023 secs] [Times: user=0.00 sys=0.00, real=0.00 secs] 
2020-10-29T10:27:35.895+0000: [GC (Allocation Failure) 2020-10-29T10:27:35.895+0000: [ParNew: 16400K->1537K(18432K), 0.0048453 secs] 450916K->436053K(742020K), 0.0049057 secs] [Times: user=0.01 sys=0.00, real=0.00 secs] 
2020-10-29T10:27:36.401+0000: [GC (Allocation Failure) 2020-10-29T10:27:36.401+0000: [ParNew: 17921K->1295K(18432K), 0.0076855 secs] 452437K->436728K(742020K), 0.0077638 secs] [Times: user=0.01 sys=0.00, real=0.01 secs] 
2020-10-29T10:27:36.467+0000: [GC (Allocation Failure) 2020-10-29T10:27:36.467+0000: [ParNew: 17679K->805K(18432K), 0.0048858 secs] 453112K->436609K(742020K), 0.0049442 secs] [Times: user=0.01 sys=0.00, real=0.00 secs] 
2020-10-29T10:27:36.568+0000: [GC (Allocation Failure) 2020-10-29T10:27:36.568+0000: [ParNew: 17189K->1066K(18432K), 0.0039985 secs] 452993K->436870K(742020K), 0.0040877 secs] [Times: user=0.01 sys=0.00, real=0.00 secs] 
2020-10-29T10:27:36.637+0000: [GC (Allocation Failure) 2020-10-29T10:27:36.637+0000: [ParNew: 17450K->769K(18432K), 0.0039679 secs] 453254K->436573K(742020K), 0.0040259 secs] [Times: user=0.01 sys=0.00, real=0.00 secs] 
2020-10-29T10:27:36.707+0000: [GC (Allocation Failure) 2020-10-29T10:27:36.708+0000: [ParNew: 17153K->1751K(18432K), 0.0056568 secs] 452957K->437554K(742020K), 0.0057397 secs] [Times: user=0.02 sys=0.00, real=0.01 secs] 
2020-10-29T10:27:36.811+0000: [GC (Allocation Failure) 2020-10-29T10:27:36.811+0000: [ParNew: 18135K->1661K(18432K), 0.0081707 secs] 453938K->438659K(742020K), 0.0082298 secs] [Times: user=0.01 sys=0.00, real=0.01 secs] 
2020-10-29T10:27:36.923+0000: [GC (Allocation Failure) 2020-10-29T10:27:36.923+0000: [ParNew: 18045K->1258K(18432K), 0.0089484 secs] 455043K->438256K(742020K), 0.0090091 secs] [Times: user=0.02 sys=0.00, real=0.01 secs] 
2020-10-29T10:27:37.143+0000: [GC (Allocation Failure) 2020-10-29T10:27:37.143+0000: [ParNew: 17642K->1617K(18432K), 0.0097001 secs] 454640K->438779K(742020K), 0.0097858 secs] [Times: user=0.02 sys=0.00, real=0.02 secs] 
2020-10-29T10:27:37.238+0000: [GC (Allocation Failure) 2020-10-29T10:27:37.238+0000: [ParNew: 18001K->1304K(18432K), 0.0058329 secs] 455163K->438901K(742020K), 0.0058893 secs] [Times: user=0.01 sys=0.00, real=0.00 secs] 
2020-10-29T10:27:37.297+0000: [GC (Allocation Failure) 2020-10-29T10:27:37.297+0000: [ParNew: 17688K->932K(18432K), 0.0055748 secs] 455285K->438958K(742020K), 0.0056350 secs] [Times: user=0.01 sys=0.00, real=0.00 secs] 
2020-10-29T10:27:37.990+0000: [GC (Allocation Failure) 2020-10-29T10:27:37.990+0000: [ParNew: 17316K->852K(18432K), 0.0044099 secs] 455342K->438878K(742020K), 0.0044715 secs] [Times: user=0.01 sys=0.00, real=0.01 secs] 
Heap
 par new generation   total 18432K, used 14456K [0x00000000c0000000, 0x00000000c1400000, 0x00000000ca660000)
  eden space 16384K,  83% used [0x00000000c0000000, 0x00000000c0d490a0, 0x00000000c1000000)
  from space 2048K,  41% used [0x00000000c1200000, 0x00000000c12d50a0, 0x00000000c1400000)
  to   space 2048K,   0% used [0x00000000c1000000, 0x00000000c1000000, 0x00000000c1200000)
 concurrent mark-sweep generation total 723588K, used 438026K [0x00000000ca660000, 0x00000000f6901000, 0x0000000100000000)
 Metaspace       used 77670K, capacity 79012K, committed 79304K, reserved 1118208K
  class space    used 10470K, capacity 10720K, committed 10752K, reserved 1048576K
End of LogType:stdout



Container: container_1603959726485_0008_01_000002 on ip-10-0-63-237.ec2.internal_8041
=======================================================================================
LogType:stderr
Log Upload Time:gio ott 29 10:27:41 +0000 2020
LogLength:17813
Log Contents:
SLF4J: Class path contains multiple SLF4J bindings.
SLF4J: Found binding in [jar:file:/mnt/yarn/usercache/hadoop/filecache/38/__spark_libs__2329522056030091727.zip/slf4j-log4j12-1.7.16.jar!/org/slf4j/impl/StaticLoggerBinder.class]
SLF4J: Found binding in [jar:file:/usr/lib/hadoop/lib/slf4j-log4j12-1.7.10.jar!/org/slf4j/impl/StaticLoggerBinder.class]
SLF4J: See http://www.slf4j.org/codes.html#multiple_bindings for an explanation.
SLF4J: Actual binding is of type [org.slf4j.impl.Log4jLoggerFactory]
20/10/29 10:26:01 INFO CoarseGrainedExecutorBackend: Started daemon with process name: 24381@ip-10-0-63-237
20/10/29 10:26:01 INFO SignalUtils: Registered signal handler for TERM
20/10/29 10:26:01 INFO SignalUtils: Registered signal handler for HUP
20/10/29 10:26:01 INFO SignalUtils: Registered signal handler for INT
20/10/29 10:26:02 INFO SecurityManager: Changing view acls to: yarn,hadoop
20/10/29 10:26:02 INFO SecurityManager: Changing modify acls to: yarn,hadoop
20/10/29 10:26:02 INFO SecurityManager: Changing view acls groups to: 
20/10/29 10:26:02 INFO SecurityManager: Changing modify acls groups to: 
20/10/29 10:26:02 INFO SecurityManager: SecurityManager: authentication disabled; ui acls disabled; users  with view permissions: Set(yarn, hadoop); groups with view permissions: Set(); users  with modify permissions: Set(yarn, hadoop); groups with modify permissions: Set()
20/10/29 10:26:02 INFO TransportClientFactory: Successfully created connection to ip-10-0-45-238.ec2.internal/10.0.45.238:39907 after 97 ms (0 ms spent in bootstraps)
20/10/29 10:26:02 INFO SecurityManager: Changing view acls to: yarn,hadoop
20/10/29 10:26:02 INFO SecurityManager: Changing modify acls to: yarn,hadoop
20/10/29 10:26:02 INFO SecurityManager: Changing view acls groups to: 
20/10/29 10:26:02 INFO SecurityManager: Changing modify acls groups to: 
20/10/29 10:26:02 INFO SecurityManager: SecurityManager: authentication disabled; ui acls disabled; users  with view permissions: Set(yarn, hadoop); groups with view permissions: Set(); users  with modify permissions: Set(yarn, hadoop); groups with modify permissions: Set()
20/10/29 10:26:03 INFO TransportClientFactory: Successfully created connection to ip-10-0-45-238.ec2.internal/10.0.45.238:39907 after 3 ms (0 ms spent in bootstraps)
20/10/29 10:26:03 INFO DiskBlockManager: Created local directory at /mnt/yarn/usercache/hadoop/appcache/application_1603959726485_0008/blockmgr-a0a3dd84-d4ba-402b-a45d-ee46fea312e2
20/10/29 10:26:03 INFO MemoryStore: MemoryStore started with capacity 424.4 MB
20/10/29 10:26:03 INFO CoarseGrainedExecutorBackend: Connecting to driver: spark://CoarseGrainedScheduler@ip-10-0-45-238.ec2.internal:39907
20/10/29 10:26:03 INFO CoarseGrainedExecutorBackend: Successfully registered with driver
20/10/29 10:26:03 INFO Executor: Starting executor ID 1 on host ip-10-0-63-237.ec2.internal
20/10/29 10:26:03 INFO Utils: Successfully started service 'org.apache.spark.network.netty.NettyBlockTransferService' on port 44869.
20/10/29 10:26:03 INFO NettyBlockTransferService: Server created on ip-10-0-63-237.ec2.internal:44869
20/10/29 10:26:03 INFO BlockManager: Using org.apache.spark.storage.RandomBlockReplicationPolicy for block replication policy
20/10/29 10:26:03 INFO BlockManagerMaster: Registering BlockManager BlockManagerId(1, ip-10-0-63-237.ec2.internal, 44869, None)
20/10/29 10:26:03 INFO BlockManagerMaster: Registered BlockManager BlockManagerId(1, ip-10-0-63-237.ec2.internal, 44869, None)
20/10/29 10:26:03 INFO BlockManager: external shuffle service port = 7337
20/10/29 10:26:03 INFO BlockManager: Registering executor with local external shuffle service.
20/10/29 10:26:03 INFO TransportClientFactory: Successfully created connection to ip-10-0-63-237.ec2.internal/10.0.63.237:7337 after 1 ms (0 ms spent in bootstraps)
20/10/29 10:26:03 INFO BlockManager: Initialized BlockManager: BlockManagerId(1, ip-10-0-63-237.ec2.internal, 44869, None)
20/10/29 10:26:03 INFO CoarseGrainedExecutorBackend: Got assigned task 0
20/10/29 10:26:03 INFO Executor: Running task 0.0 in stage 0.0 (TID 0)
20/10/29 10:26:03 INFO TorrentBroadcast: Started reading broadcast variable 1
20/10/29 10:26:04 INFO TransportClientFactory: Successfully created connection to ip-10-0-45-238.ec2.internal/10.0.45.238:33403 after 2 ms (0 ms spent in bootstraps)
20/10/29 10:26:04 INFO MemoryStore: Block broadcast_1_piece0 stored as bytes in memory (estimated size 15.8 KB, free 424.4 MB)
20/10/29 10:26:04 INFO TorrentBroadcast: Reading broadcast variable 1 took 147 ms
20/10/29 10:26:04 INFO MemoryStore: Block broadcast_1 stored as values in memory (estimated size 40.3 KB, free 424.4 MB)
20/10/29 10:26:05 INFO CodeGenerator: Code generated in 587.863497 ms
20/10/29 10:26:05 INFO CodeGenerator: Code generated in 69.477345 ms
20/10/29 10:26:05 INFO CodeGenerator: Code generated in 26.225707 ms
20/10/29 10:26:05 INFO FileScanRDD: Reading File path: s3://spectral-regression-spark-bucket/spectral_data_class.csv, range: 0-134217728, partition values: [empty row]
20/10/29 10:26:05 INFO CodeGenerator: Code generated in 16.017023 ms
20/10/29 10:26:05 INFO TorrentBroadcast: Started reading broadcast variable 0
20/10/29 10:26:05 INFO MemoryStore: Block broadcast_0_piece0 stored as bytes in memory (estimated size 36.7 KB, free 424.3 MB)
20/10/29 10:26:05 INFO TorrentBroadcast: Reading broadcast variable 0 took 23 ms
20/10/29 10:26:05 INFO MemoryStore: Block broadcast_0 stored as values in memory (estimated size 576.5 KB, free 423.7 MB)
20/10/29 10:26:08 INFO S3NativeFileSystem: Opening 's3://spectral-regression-spark-bucket/spectral_data_class.csv' for reading
20/10/29 10:26:08 INFO GPLNativeCodeLoader: Loaded native gpl library
20/10/29 10:26:08 INFO LzoCodec: Successfully loaded & initialized native-lzo library [hadoop-lzo rev 1546b8dc0ca6f1ffd26a812d52bd7b80915e0a25]
20/10/29 10:26:19 INFO Executor: Finished task 0.0 in stage 0.0 (TID 0). 1984 bytes result sent to driver
20/10/29 10:26:20 INFO CoarseGrainedExecutorBackend: Got assigned task 1
20/10/29 10:26:20 INFO CoarseGrainedExecutorBackend: Got assigned task 2
20/10/29 10:26:20 INFO Executor: Running task 0.0 in stage 1.0 (TID 1)
20/10/29 10:26:20 INFO Executor: Running task 1.0 in stage 1.0 (TID 2)
20/10/29 10:26:20 INFO TorrentBroadcast: Started reading broadcast variable 4
20/10/29 10:26:20 INFO MemoryStore: Block broadcast_4_piece0 stored as bytes in memory (estimated size 17.1 KB, free 423.8 MB)
20/10/29 10:26:20 INFO TorrentBroadcast: Reading broadcast variable 4 took 11 ms
20/10/29 10:26:20 INFO MemoryStore: Block broadcast_4 stored as values in memory (estimated size 43.4 KB, free 423.7 MB)
20/10/29 10:26:20 INFO CodeGenerator: Code generated in 91.916743 ms
20/10/29 10:26:22 INFO CodeGenerator: Code generated in 35.344491 ms
20/10/29 10:26:22 INFO FileScanRDD: Reading File path: s3://spectral-regression-spark-bucket/spectral_data_class.csv, range: 0-134217728, partition values: [empty row]
20/10/29 10:26:22 INFO TorrentBroadcast: Started reading broadcast variable 2
20/10/29 10:26:22 INFO FileScanRDD: Reading File path: s3://spectral-regression-spark-bucket/spectral_data_class.csv, range: 134217728-268435456, partition values: [empty row]
20/10/29 10:26:22 INFO MemoryStore: Block broadcast_2_piece0 stored as bytes in memory (estimated size 36.7 KB, free 423.6 MB)
20/10/29 10:26:22 INFO TorrentBroadcast: Reading broadcast variable 2 took 15 ms
20/10/29 10:26:22 INFO MemoryStore: Block broadcast_2 stored as values in memory (estimated size 576.5 KB, free 423.0 MB)
20/10/29 10:26:22 INFO S3NativeFileSystem: Opening 's3://spectral-regression-spark-bucket/spectral_data_class.csv' for reading
20/10/29 10:26:22 INFO S3NativeFileSystem: Opening 's3://spectral-regression-spark-bucket/spectral_data_class.csv' for reading
20/10/29 10:26:34 INFO UnsafeExternalSorter: Thread 36 spilling sort data of 192.0 MB to disk (0  time so far)
20/10/29 10:26:37 INFO UnsafeExternalSorter: Thread 28 spilling sort data of 192.0 MB to disk (0  time so far)
20/10/29 10:26:40 INFO JniLoader: successfully loaded /mnt/yarn/usercache/hadoop/appcache/application_1603959726485_0008/container_1603959726485_0008_01_000002/tmp/jniloader6178582693191464404netlib-native_system-linux-x86_64.so
20/10/29 10:26:44 INFO Executor: Finished task 0.0 in stage 1.0 (TID 1). 2504 bytes result sent to driver
20/10/29 10:26:44 INFO Executor: Finished task 1.0 in stage 1.0 (TID 2). 2461 bytes result sent to driver
20/10/29 10:26:46 INFO CoarseGrainedExecutorBackend: Got assigned task 5
20/10/29 10:26:46 INFO Executor: Running task 1.0 in stage 2.0 (TID 5)
20/10/29 10:26:46 INFO TorrentBroadcast: Started reading broadcast variable 6
20/10/29 10:26:46 INFO CoarseGrainedExecutorBackend: Got assigned task 7
20/10/29 10:26:46 INFO Executor: Running task 3.0 in stage 2.0 (TID 7)
20/10/29 10:26:46 INFO MemoryStore: Block broadcast_6_piece0 stored as bytes in memory (estimated size 18.7 KB, free 423.8 MB)
20/10/29 10:26:46 INFO TorrentBroadcast: Reading broadcast variable 6 took 19 ms
20/10/29 10:26:46 INFO MemoryStore: Block broadcast_6 stored as values in memory (estimated size 44.9 KB, free 423.8 MB)
20/10/29 10:26:46 INFO CodeGenerator: Code generated in 100.980636 ms
20/10/29 10:26:46 INFO CodeGenerator: Code generated in 19.116259 ms
20/10/29 10:26:46 INFO FileScanRDD: Reading File path: s3://spectral-regression-spark-bucket/spectral_data_class.csv, range: 242403489-319010350, partition values: [empty row]
20/10/29 10:26:46 INFO FileScanRDD: Reading File path: s3://spectral-regression-spark-bucket/spectral_data_class.csv, range: 80801163-161602326, partition values: [empty row]
20/10/29 10:26:46 INFO TorrentBroadcast: Started reading broadcast variable 5
20/10/29 10:26:46 INFO MemoryStore: Block broadcast_5_piece0 stored as bytes in memory (estimated size 36.7 KB, free 423.6 MB)
20/10/29 10:26:46 INFO TorrentBroadcast: Reading broadcast variable 5 took 8 ms
20/10/29 10:26:46 INFO MemoryStore: Block broadcast_5 stored as values in memory (estimated size 576.5 KB, free 423.0 MB)
20/10/29 10:26:46 INFO S3NativeFileSystem: Opening 's3://spectral-regression-spark-bucket/spectral_data_class.csv' for reading
20/10/29 10:26:46 INFO S3NativeFileSystem: Opening 's3://spectral-regression-spark-bucket/spectral_data_class.csv' for reading
20/10/29 10:26:57 INFO Executor: Finished task 1.0 in stage 2.0 (TID 5). 2405 bytes result sent to driver
20/10/29 10:26:57 INFO Executor: Finished task 3.0 in stage 2.0 (TID 7). 2405 bytes result sent to driver
20/10/29 10:26:59 INFO CoarseGrainedExecutorBackend: Got assigned task 9
20/10/29 10:26:59 INFO CoarseGrainedExecutorBackend: Got assigned task 11
20/10/29 10:26:59 INFO Executor: Running task 1.0 in stage 3.0 (TID 9)
20/10/29 10:26:59 INFO Executor: Running task 3.0 in stage 3.0 (TID 11)
20/10/29 10:26:59 INFO TorrentBroadcast: Started reading broadcast variable 7
20/10/29 10:26:59 INFO MemoryStore: Block broadcast_7_piece0 stored as bytes in memory (estimated size 18.5 KB, free 423.1 MB)
20/10/29 10:26:59 INFO TorrentBroadcast: Reading broadcast variable 7 took 9 ms
20/10/29 10:26:59 INFO MemoryStore: Block broadcast_7 stored as values in memory (estimated size 44.1 KB, free 423.1 MB)
20/10/29 10:26:59 INFO FileScanRDD: Reading File path: s3://spectral-regression-spark-bucket/spectral_data_class.csv, range: 80801163-161602326, partition values: [empty row]
20/10/29 10:26:59 INFO FileScanRDD: Reading File path: s3://spectral-regression-spark-bucket/spectral_data_class.csv, range: 242403489-319010350, partition values: [empty row]
20/10/29 10:26:59 INFO S3NativeFileSystem: Opening 's3://spectral-regression-spark-bucket/spectral_data_class.csv' for reading
20/10/29 10:26:59 INFO S3NativeFileSystem: Opening 's3://spectral-regression-spark-bucket/spectral_data_class.csv' for reading
20/10/29 10:27:10 INFO Executor: Finished task 1.0 in stage 3.0 (TID 9). 1922 bytes result sent to driver
20/10/29 10:27:10 INFO Executor: Finished task 3.0 in stage 3.0 (TID 11). 1922 bytes result sent to driver
20/10/29 10:27:11 INFO CoarseGrainedExecutorBackend: Got assigned task 12
20/10/29 10:27:11 INFO Executor: Running task 0.0 in stage 4.0 (TID 12)
20/10/29 10:27:11 INFO CoarseGrainedExecutorBackend: Got assigned task 14
20/10/29 10:27:11 INFO Executor: Running task 2.0 in stage 4.0 (TID 14)
20/10/29 10:27:11 INFO TorrentBroadcast: Started reading broadcast variable 9
20/10/29 10:27:11 INFO MemoryStore: Block broadcast_9_piece0 stored as bytes in memory (estimated size 17.1 KB, free 423.1 MB)
20/10/29 10:27:11 INFO TorrentBroadcast: Reading broadcast variable 9 took 7 ms
20/10/29 10:27:11 INFO MemoryStore: Block broadcast_9 stored as values in memory (estimated size 40.0 KB, free 423.1 MB)
20/10/29 10:27:12 INFO CodeGenerator: Code generated in 93.970853 ms
20/10/29 10:27:12 INFO FileScanRDD: Reading File path: s3://spectral-regression-spark-bucket/spectral_data_class.csv, range: 161602326-242403489, partition values: [empty row]
20/10/29 10:27:12 INFO TorrentBroadcast: Started reading broadcast variable 8
20/10/29 10:27:12 INFO FileScanRDD: Reading File path: s3://spectral-regression-spark-bucket/spectral_data_class.csv, range: 0-80801163, partition values: [empty row]
20/10/29 10:27:12 INFO MemoryStore: Block broadcast_8_piece0 stored as bytes in memory (estimated size 36.7 KB, free 422.9 MB)
20/10/29 10:27:12 INFO TorrentBroadcast: Reading broadcast variable 8 took 19 ms
20/10/29 10:27:12 INFO MemoryStore: Block broadcast_8 stored as values in memory (estimated size 576.5 KB, free 422.4 MB)
20/10/29 10:27:12 INFO S3NativeFileSystem: Opening 's3://spectral-regression-spark-bucket/spectral_data_class.csv' for reading
20/10/29 10:27:12 INFO S3NativeFileSystem: Opening 's3://spectral-regression-spark-bucket/spectral_data_class.csv' for reading
20/10/29 10:27:22 INFO Executor: Finished task 2.0 in stage 4.0 (TID 14). 2651 bytes result sent to driver
20/10/29 10:27:22 INFO Executor: Finished task 0.0 in stage 4.0 (TID 12). 2608 bytes result sent to driver
20/10/29 10:27:22 INFO CoarseGrainedExecutorBackend: Got assigned task 16
20/10/29 10:27:22 INFO Executor: Running task 0.0 in stage 5.0 (TID 16)
20/10/29 10:27:22 INFO MapOutputTrackerWorker: Updating epoch to 1 and clearing cache
20/10/29 10:27:22 INFO TorrentBroadcast: Started reading broadcast variable 10
20/10/29 10:27:22 INFO MemoryStore: Block broadcast_10_piece0 stored as bytes in memory (estimated size 3.8 KB, free 422.5 MB)
20/10/29 10:27:22 INFO TorrentBroadcast: Reading broadcast variable 10 took 7 ms
20/10/29 10:27:22 INFO MemoryStore: Block broadcast_10 stored as values in memory (estimated size 7.1 KB, free 422.5 MB)
20/10/29 10:27:22 INFO MapOutputTrackerWorker: Don't have map outputs for shuffle 0, fetching them
20/10/29 10:27:22 INFO MapOutputTrackerWorker: Doing the fetch; tracker endpoint = NettyRpcEndpointRef(spark://MapOutputTracker@ip-10-0-45-238.ec2.internal:39907)
20/10/29 10:27:22 INFO MapOutputTrackerWorker: Got the output locations
20/10/29 10:27:22 INFO ShuffleBlockFetcherIterator: Getting 4 non-empty blocks including 2 local blocks and 2 remote blocks
20/10/29 10:27:22 INFO TransportClientFactory: Successfully created connection to ip-10-0-47-24.ec2.internal/10.0.47.24:7337 after 1 ms (0 ms spent in bootstraps)
20/10/29 10:27:22 INFO ShuffleBlockFetcherIterator: Started 1 remote fetches in 22 ms
20/10/29 10:27:22 INFO CodeGenerator: Code generated in 12.221095 ms
20/10/29 10:27:22 INFO Executor: Finished task 0.0 in stage 5.0 (TID 16). 1825 bytes result sent to driver
20/10/29 10:27:23 INFO CoarseGrainedExecutorBackend: Got assigned task 18
20/10/29 10:27:23 INFO CoarseGrainedExecutorBackend: Got assigned task 20
20/10/29 10:27:23 INFO Executor: Running task 3.0 in stage 6.0 (TID 20)
20/10/29 10:27:23 INFO Executor: Running task 1.0 in stage 6.0 (TID 18)
20/10/29 10:27:23 INFO TorrentBroadcast: Started reading broadcast variable 12
20/10/29 10:27:23 INFO MemoryStore: Block broadcast_12_piece0 stored as bytes in memory (estimated size 19.1 KB, free 422.5 MB)
20/10/29 10:27:23 INFO TorrentBroadcast: Reading broadcast variable 12 took 8 ms
20/10/29 10:27:23 INFO MemoryStore: Block broadcast_12 stored as values in memory (estimated size 45.6 KB, free 422.5 MB)
20/10/29 10:27:23 INFO CodeGenerator: Code generated in 91.402306 ms
20/10/29 10:27:23 INFO FileScanRDD: Reading File path: s3://spectral-regression-spark-bucket/spectral_data_class.csv, range: 242403489-319010350, partition values: [empty row]
20/10/29 10:27:23 INFO TorrentBroadcast: Started reading broadcast variable 11
20/10/29 10:27:23 INFO MemoryStore: Block broadcast_11_piece0 stored as bytes in memory (estimated size 36.7 KB, free 422.4 MB)
20/10/29 10:27:23 INFO FileScanRDD: Reading File path: s3://spectral-regression-spark-bucket/spectral_data_class.csv, range: 80801163-161602326, partition values: [empty row]
20/10/29 10:27:23 INFO TorrentBroadcast: Reading broadcast variable 11 took 42 ms
20/10/29 10:27:23 INFO MemoryStore: Block broadcast_11 stored as values in memory (estimated size 576.5 KB, free 421.8 MB)
20/10/29 10:27:23 INFO S3NativeFileSystem: Opening 's3://spectral-regression-spark-bucket/spectral_data_class.csv' for reading
20/10/29 10:27:23 INFO S3NativeFileSystem: Opening 's3://spectral-regression-spark-bucket/spectral_data_class.csv' for reading
20/10/29 10:27:33 INFO Executor: Finished task 3.0 in stage 6.0 (TID 20). 2448 bytes result sent to driver
20/10/29 10:27:33 INFO Executor: Finished task 1.0 in stage 6.0 (TID 18). 2405 bytes result sent to driver
20/10/29 10:27:40 INFO CoarseGrainedExecutorBackend: Driver commanded a shutdown
20/10/29 10:27:40 INFO MemoryStore: MemoryStore cleared
20/10/29 10:27:40 INFO BlockManager: BlockManager stopped
20/10/29 10:27:40 INFO ShutdownHookManager: Shutdown hook called
End of LogType:stderr

LogType:stdout
Log Upload Time:gio ott 29 10:27:41 +0000 2020
LogLength:778671
Log Contents:
2020-10-29T10:26:00.540+0000: [GC (Allocation Failure) 2020-10-29T10:26:00.540+0000: [ParNew: 16384K->2048K(18432K), 0.0037507 secs] 16384K->2376K(59392K), 0.0038288 secs] [Times: user=0.01 sys=0.00, real=0.01 secs] 
2020-10-29T10:26:00.674+0000: [GC (Allocation Failure) 2020-10-29T10:26:00.675+0000: [ParNew: 18432K->1948K(18432K), 0.0067097 secs] 18760K->3629K(59392K), 0.0067581 secs] [Times: user=0.01 sys=0.01, real=0.00 secs] 
2020-10-29T10:26:00.804+0000: [GC (Allocation Failure) 2020-10-29T10:26:00.804+0000: [ParNew: 18332K->1460K(18432K), 0.0014059 secs] 20013K->3141K(59392K), 0.0014500 secs] [Times: user=0.00 sys=0.00, real=0.00 secs] 
2020-10-29T10:26:00.965+0000: [GC (Allocation Failure) 2020-10-29T10:26:00.965+0000: [ParNew: 17844K->1960K(18432K), 0.0039934 secs] 19525K->4021K(59392K), 0.0040469 secs] [Times: user=0.01 sys=0.00, real=0.00 secs] 
2020-10-29T10:26:01.099+0000: [GC (Allocation Failure) 2020-10-29T10:26:01.099+0000: [ParNew: 18344K->1190K(18432K), 0.0038176 secs] 20405K->3796K(59392K), 0.0038727 secs] [Times: user=0.00 sys=0.01, real=0.01 secs] 
2020-10-29T10:26:01.216+0000: [GC (Allocation Failure) 2020-10-29T10:26:01.216+0000: [ParNew: 17574K->1741K(18432K), 0.0019986 secs] 20180K->4347K(59392K), 0.0020463 secs] [Times: user=0.00 sys=0.00, real=0.00 secs] 
2020-10-29T10:26:01.312+0000: [GC (Allocation Failure) 2020-10-29T10:26:01.312+0000: [ParNew: 18125K->1207K(18432K), 0.0036556 secs] 20731K->4354K(59392K), 0.0037019 secs] [Times: user=0.00 sys=0.00, real=0.00 secs] 
2020-10-29T10:26:01.384+0000: [GC (Allocation Failure) 2020-10-29T10:26:01.384+0000: [ParNew: 17591K->817K(18432K), 0.0032133 secs] 20738K->3965K(59392K), 0.0032681 secs] [Times: user=0.00 sys=0.00, real=0.00 secs] 
2020-10-29T10:26:01.461+0000: [GC (Allocation Failure) 2020-10-29T10:26:01.462+0000: [ParNew: 17201K->813K(18432K), 0.0018272 secs] 20349K->3960K(59392K), 0.0018843 secs] [Times: user=0.01 sys=0.00, real=0.01 secs] 
2020-10-29T10:26:01.565+0000: [GC (Allocation Failure) 2020-10-29T10:26:01.565+0000: [ParNew: 17197K->1532K(18432K), 0.0024279 secs] 20344K->4679K(59392K), 0.0024760 secs] [Times: user=0.00 sys=0.00, real=0.00 secs] 
2020-10-29T10:26:01.668+0000: [GC (Allocation Failure) 2020-10-29T10:26:01.668+0000: [ParNew: 17916K->1292K(18432K), 0.0024622 secs] 21063K->4750K(59392K), 0.0025111 secs] [Times: user=0.00 sys=0.00, real=0.00 secs] 
2020-10-29T10:26:01.839+0000: [GC (Allocation Failure) 2020-10-29T10:26:01.839+0000: [ParNew: 17676K->1214K(18432K), 0.0021892 secs] 21134K->4672K(59392K), 0.0022350 secs] [Times: user=0.01 sys=0.00, real=0.00 secs] 
2020-10-29T10:26:01.950+0000: [GC (Allocation Failure) 2020-10-29T10:26:01.950+0000: [ParNew: 17598K->1571K(18432K), 0.0057927 secs] 21056K->5104K(59392K), 0.0058361 secs] [Times: user=0.01 sys=0.00, real=0.00 secs] 
2020-10-29T10:26:02.089+0000: [GC (Allocation Failure) 2020-10-29T10:26:02.089+0000: [ParNew: 17955K->1121K(18432K), 0.0041227 secs] 21488K->5266K(59392K), 0.0041813 secs] [Times: user=0.01 sys=0.00, real=0.01 secs] 
2020-10-29T10:26:02.183+0000: [GC (Allocation Failure) 2020-10-29T10:26:02.183+0000: [ParNew: 17505K->1129K(18432K), 0.0019547 secs] 21650K->5274K(59392K), 0.0020155 secs] [Times: user=0.01 sys=0.00, real=0.00 secs] 
2020-10-29T10:26:02.260+0000: [GC (Allocation Failure) 2020-10-29T10:26:02.260+0000: [ParNew: 17513K->1311K(18432K), 0.0019364 secs] 21658K->5456K(59392K), 0.0019994 secs] [Times: user=0.01 sys=0.00, real=0.00 secs] 
2020-10-29T10:26:02.345+0000: [GC (Allocation Failure) 2020-10-29T10:26:02.345+0000: [ParNew: 17695K->1309K(18432K), 0.0023387 secs] 21840K->5454K(59392K), 0.0024046 secs] [Times: user=0.01 sys=0.00, real=0.00 secs] 
2020-10-29T10:26:02.401+0000: [GC (Allocation Failure) 2020-10-29T10:26:02.401+0000: [ParNew: 17693K->989K(18432K), 0.0029065 secs] 21838K->5473K(59392K), 0.0029549 secs] [Times: user=0.00 sys=0.00, real=0.01 secs] 
2020-10-29T10:26:02.472+0000: [GC (Allocation Failure) 2020-10-29T10:26:02.472+0000: [ParNew: 17373K->1497K(18432K), 0.0022828 secs] 21857K->5980K(59392K), 0.0023464 secs] [Times: user=0.01 sys=0.00, real=0.00 secs] 
2020-10-29T10:26:02.573+0000: [GC (Allocation Failure) 2020-10-29T10:26:02.573+0000: [ParNew: 17881K->1528K(18432K), 0.0033067 secs] 22364K->6234K(59392K), 0.0033566 secs] [Times: user=0.01 sys=0.00, real=0.00 secs] 
2020-10-29T10:26:02.641+0000: [GC (Allocation Failure) 2020-10-29T10:26:02.641+0000: [ParNew: 17912K->1162K(18432K), 0.0032465 secs] 22618K->6330K(59392K), 0.0032933 secs] [Times: user=0.01 sys=0.00, real=0.01 secs] 
2020-10-29T10:26:02.922+0000: [GC (Allocation Failure) 2020-10-29T10:26:02.922+0000: [ParNew: 17546K->1223K(18432K), 0.0019610 secs] 39098K->22775K(59392K), 0.0020118 secs] [Times: user=0.01 sys=0.00, real=0.01 secs] 
2020-10-29T10:26:02.925+0000: [GC (CMS Initial Mark) [1 CMS-initial-mark: 21551K(40960K)] 23284K(59392K), 0.0009757 secs] [Times: user=0.00 sys=0.00, real=0.00 secs] 
2020-10-29T10:26:02.926+0000: [CMS-concurrent-mark-start]
2020-10-29T10:26:02.939+0000: [CMS-concurrent-mark: 0.013/0.013 secs] [Times: user=0.02 sys=0.00, real=0.01 secs] 
2020-10-29T10:26:02.939+0000: [CMS-concurrent-preclean-start]
2020-10-29T10:26:02.940+0000: [CMS-concurrent-preclean: 0.000/0.000 secs] [Times: user=0.00 sys=0.00, real=0.00 secs] 
2020-10-29T10:26:02.940+0000: [GC (CMS Final Remark) [YG occupancy: 2723 K (18432 K)]2020-10-29T10:26:02.940+0000: [Rescan (parallel) , 0.0007667 secs]2020-10-29T10:26:02.940+0000: [weak refs processing, 0.0000298 secs]2020-10-29T10:26:02.940+0000: [class unloading, 0.0022451 secs]2020-10-29T10:26:02.943+0000: [scrub symbol table, 0.0023728 secs]2020-10-29T10:26:02.945+0000: [scrub string table, 0.0002365 secs][1 CMS-remark: 21551K(40960K)] 24275K(59392K), 0.0057314 secs] [Times: user=0.01 sys=0.00, real=0.01 secs] 
2020-10-29T10:26:02.945+0000: [CMS-concurrent-sweep-start]
2020-10-29T10:26:02.948+0000: [CMS-concurrent-sweep: 0.002/0.002 secs] [Times: user=0.00 sys=0.00, real=0.00 secs] 
2020-10-29T10:26:02.948+0000: [CMS-concurrent-reset-start]
2020-10-29T10:26:02.982+0000: [CMS-concurrent-reset: 0.034/0.034 secs] [Times: user=0.04 sys=0.04, real=0.04 secs] 
2020-10-29T10:26:03.027+0000: [GC (Allocation Failure) 2020-10-29T10:26:03.028+0000: [ParNew: 17607K->1017K(18432K), 0.0035301 secs] 38751K->22390K(59392K), 0.0036032 secs] [Times: user=0.00 sys=0.00, real=0.01 secs] 
2020-10-29T10:26:03.180+0000: [GC (Allocation Failure) 2020-10-29T10:26:03.180+0000: [ParNew: 17401K->1561K(18432K), 0.0021409 secs] 55158K->39318K(59392K), 0.0022067 secs] [Times: user=0.01 sys=0.00, real=0.00 secs] 
2020-10-29T10:26:03.182+0000: [GC (CMS Initial Mark) [1 CMS-initial-mark: 37757K(40960K)] 39318K(59392K), 0.0008358 secs] [Times: user=0.00 sys=0.00, real=0.00 secs] 
2020-10-29T10:26:03.183+0000: [CMS-concurrent-mark-start]
2020-10-29T10:26:03.195+0000: [CMS-concurrent-mark: 0.011/0.011 secs] [Times: user=0.02 sys=0.00, real=0.01 secs] 
2020-10-29T10:26:03.195+0000: [CMS-concurrent-preclean-start]
2020-10-29T10:26:03.195+0000: [CMS-concurrent-preclean: 0.000/0.000 secs] [Times: user=0.00 sys=0.00, real=0.00 secs] 
2020-10-29T10:26:03.195+0000: [GC (CMS Final Remark) [YG occupancy: 3437 K (18432 K)]2020-10-29T10:26:03.195+0000: [Rescan (parallel) , 0.0010602 secs]2020-10-29T10:26:03.196+0000: [weak refs processing, 0.0000277 secs]2020-10-29T10:26:03.197+0000: [class unloading, 0.0023116 secs]2020-10-29T10:26:03.199+0000: [scrub symbol table, 0.0024708 secs]2020-10-29T10:26:03.201+0000: [scrub string table, 0.0002492 secs][1 CMS-remark: 37757K(40960K)] 41194K(59392K), 0.0062267 secs] [Times: user=0.01 sys=0.00, real=0.00 secs] 
2020-10-29T10:26:03.202+0000: [CMS-concurrent-sweep-start]
2020-10-29T10:26:03.204+0000: [CMS-concurrent-sweep: 0.002/0.002 secs] [Times: user=0.01 sys=0.00, real=0.01 secs] 
2020-10-29T10:26:03.204+0000: [CMS-concurrent-reset-start]
2020-10-29T10:26:03.207+0000: [CMS-concurrent-reset: 0.003/0.003 secs] [Times: user=0.00 sys=0.00, real=0.00 secs] 
2020-10-29T10:26:03.264+0000: [GC (Allocation Failure) 2020-10-29T10:26:03.265+0000: [ParNew: 17945K->1386K(18432K), 0.0031896 secs] 55653K->39464K(81280K), 0.0032533 secs] [Times: user=0.01 sys=0.00, real=0.00 secs] 
2020-10-29T10:26:03.355+0000: [GC (Allocation Failure) 2020-10-29T10:26:03.355+0000: [ParNew: 17770K->997K(18432K), 0.0019209 secs] 55848K->39075K(81280K), 0.0019884 secs] [Times: user=0.00 sys=0.00, real=0.00 secs] 
2020-10-29T10:26:03.428+0000: [GC (Allocation Failure) 2020-10-29T10:26:03.428+0000: [ParNew: 17381K->1709K(18432K), 0.0020643 secs] 55459K->39787K(81280K), 0.0021131 secs] [Times: user=0.01 sys=0.00, real=0.00 secs] 
2020-10-29T10:26:03.482+0000: [GC (Allocation Failure) 2020-10-29T10:26:03.482+0000: [ParNew: 18093K->1193K(18432K), 0.0028606 secs] 56171K->39737K(81280K), 0.0029112 secs] [Times: user=0.01 sys=0.00, real=0.00 secs] 
2020-10-29T10:26:03.528+0000: [GC (Allocation Failure) 2020-10-29T10:26:03.528+0000: [ParNew: 17577K->1023K(18432K), 0.0015729 secs] 56121K->39567K(81280K), 0.0016226 secs] [Times: user=0.01 sys=0.00, real=0.00 secs] 
2020-10-29T10:26:03.647+0000: [GC (Allocation Failure) 2020-10-29T10:26:03.647+0000: [ParNew: 17407K->1088K(18432K), 0.0022235 secs] 55951K->39632K(81280K), 0.0022763 secs] [Times: user=0.00 sys=0.00, real=0.00 secs] 
2020-10-29T10:26:03.772+0000: [GC (Allocation Failure) 2020-10-29T10:26:03.772+0000: [ParNew: 17472K->1878K(18432K), 0.0053448 secs] 56016K->40421K(81280K), 0.0053866 secs] [Times: user=0.01 sys=0.00, real=0.00 secs] 
2020-10-29T10:26:03.880+0000: [GC (Allocation Failure) 2020-10-29T10:26:03.880+0000: [ParNew: 18262K->1534K(18432K), 0.0090622 secs] 73189K->57714K(81280K), 0.0091165 secs] [Times: user=0.01 sys=0.00, real=0.01 secs] 
2020-10-29T10:26:03.890+0000: [GC (CMS Initial Mark) [1 CMS-initial-mark: 56179K(62848K)] 57714K(81280K), 0.0006902 secs] [Times: user=0.01 sys=0.00, real=0.01 secs] 
2020-10-29T10:26:03.891+0000: [CMS-concurrent-mark-start]
2020-10-29T10:26:03.912+0000: [CMS-concurrent-mark: 0.022/0.022 secs] [Times: user=0.04 sys=0.00, real=0.02 secs] 
2020-10-29T10:26:03.912+0000: [CMS-concurrent-preclean-start]
2020-10-29T10:26:03.913+0000: [CMS-concurrent-preclean: 0.001/0.001 secs] [Times: user=0.00 sys=0.00, real=0.00 secs] 
2020-10-29T10:26:03.914+0000: [GC (CMS Final Remark) [YG occupancy: 3365 K (18432 K)]2020-10-29T10:26:03.914+0000: [Rescan (parallel) , 0.0022588 secs]2020-10-29T10:26:03.916+0000: [weak refs processing, 0.0000314 secs]2020-10-29T10:26:03.916+0000: [class unloading, 0.0027706 secs]2020-10-29T10:26:03.919+0000: [scrub symbol table, 0.0033997 secs]2020-10-29T10:26:03.922+0000: [scrub string table, 0.0003021 secs][1 CMS-remark: 56179K(62848K)] 59545K(81280K), 0.0088430 secs] [Times: user=0.01 sys=0.00, real=0.01 secs] 
2020-10-29T10:26:03.923+0000: [CMS-concurrent-sweep-start]
2020-10-29T10:26:03.926+0000: [CMS-concurrent-sweep: 0.003/0.003 secs] [Times: user=0.01 sys=0.00, real=0.00 secs] 
2020-10-29T10:26:03.926+0000: [CMS-concurrent-reset-start]
2020-10-29T10:26:03.928+0000: [CMS-concurrent-reset: 0.002/0.002 secs] [Times: user=0.00 sys=0.00, real=0.00 secs] 
2020-10-29T10:26:04.007+0000: [GC (Allocation Failure) 2020-10-29T10:26:04.007+0000: [ParNew: 17918K->1333K(18432K), 0.0024444 secs] 73999K->57414K(111904K), 0.0024883 secs] [Times: user=0.01 sys=0.00, real=0.00 secs] 
2020-10-29T10:26:04.140+0000: [GC (Allocation Failure) 2020-10-29T10:26:04.140+0000: [ParNew: 17717K->1200K(18432K), 0.0027830 secs] 90182K->73977K(111904K), 0.0028268 secs] [Times: user=0.00 sys=0.00, real=0.01 secs] 
2020-10-29T10:26:04.143+0000: [GC (CMS Initial Mark) [1 CMS-initial-mark: 72777K(93472K)] 74198K(111904K), 0.0008012 secs] [Times: user=0.00 sys=0.00, real=0.00 secs] 
2020-10-29T10:26:04.144+0000: [CMS-concurrent-mark-start]
2020-10-29T10:26:04.161+0000: [CMS-concurrent-mark: 0.016/0.016 secs] [Times: user=0.03 sys=0.00, real=0.01 secs] 
2020-10-29T10:26:04.161+0000: [CMS-concurrent-preclean-start]
2020-10-29T10:26:04.161+0000: [CMS-concurrent-preclean: 0.000/0.001 secs] [Times: user=0.00 sys=0.00, real=0.00 secs] 
2020-10-29T10:26:04.162+0000: [GC (CMS Final Remark) [YG occupancy: 1863 K (18432 K)]2020-10-29T10:26:04.162+0000: [Rescan (parallel) , 0.0008655 secs]2020-10-29T10:26:04.162+0000: [weak refs processing, 0.0000354 secs]2020-10-29T10:26:04.162+0000: [class unloading, 0.0029712 secs]2020-10-29T10:26:04.165+0000: [scrub symbol table, 0.0036107 secs]2020-10-29T10:26:04.169+0000: [scrub string table, 0.0003009 secs][1 CMS-remark: 72777K(93472K)] 74641K(111904K), 0.0078731 secs] [Times: user=0.01 sys=0.00, real=0.01 secs] 
2020-10-29T10:26:04.170+0000: [CMS-concurrent-sweep-start]
2020-10-29T10:26:04.173+0000: [CMS-concurrent-sweep: 0.004/0.004 secs] [Times: user=0.00 sys=0.00, real=0.01 secs] 
2020-10-29T10:26:04.173+0000: [CMS-concurrent-reset-start]
2020-10-29T10:26:04.175+0000: [CMS-concurrent-reset: 0.002/0.002 secs] [Times: user=0.01 sys=0.00, real=0.00 secs] 
2020-10-29T10:26:04.283+0000: [GC (Allocation Failure) 2020-10-29T10:26:04.283+0000: [ParNew: 17584K->1357K(18432K), 0.0023308 secs] 90347K->74120K(139708K), 0.0023923 secs] [Times: user=0.01 sys=0.00, real=0.00 secs] 
2020-10-29T10:26:04.399+0000: [GC (Allocation Failure) 2020-10-29T10:26:04.399+0000: [ParNew: 17741K->1664K(18432K), 0.0034317 secs] 90504K->74738K(139708K), 0.0035107 secs] [Times: user=0.01 sys=0.00, real=0.01 secs] 
2020-10-29T10:26:04.492+0000: [GC (Allocation Failure) 2020-10-29T10:26:04.492+0000: [ParNew: 18048K->1657K(18432K), 0.0056380 secs] 91122K->75111K(139708K), 0.0056963 secs] [Times: user=0.01 sys=0.00, real=0.00 secs] 
2020-10-29T10:26:04.602+0000: [GC (Allocation Failure) 2020-10-29T10:26:04.602+0000: [ParNew: 18041K->1145K(18432K), 0.0074877 secs] 91495K->75274K(139708K), 0.0075597 secs] [Times: user=0.02 sys=0.00, real=0.01 secs] 
2020-10-29T10:26:04.802+0000: [GC (Allocation Failure) 2020-10-29T10:26:04.802+0000: [ParNew: 17529K->1675K(18432K), 0.0030902 secs] 91658K->75804K(139708K), 0.0031399 secs] [Times: user=0.01 sys=0.00, real=0.01 secs] 
2020-10-29T10:26:04.922+0000: [GC (Allocation Failure) 2020-10-29T10:26:04.922+0000: [ParNew: 18059K->1230K(18432K), 0.0073577 secs] 92188K->76310K(139708K), 0.0074090 secs] [Times: user=0.01 sys=0.00, real=0.01 secs] 
2020-10-29T10:26:05.062+0000: [GC (Allocation Failure) 2020-10-29T10:26:05.062+0000: [ParNew: 17614K->1024K(18432K), 0.0023777 secs] 92694K->76105K(139708K), 0.0024472 secs] [Times: user=0.00 sys=0.00, real=0.00 secs] 
2020-10-29T10:26:05.288+0000: [GC (Allocation Failure) 2020-10-29T10:26:05.288+0000: [ParNew: 17408K->1540K(18432K), 0.0036825 secs] 92489K->76620K(139708K), 0.0037482 secs] [Times: user=0.00 sys=0.00, real=0.01 secs] 
2020-10-29T10:26:05.483+0000: [GC (Allocation Failure) 2020-10-29T10:26:05.483+0000: [ParNew: 17924K->1350K(18432K), 0.0034980 secs] 93004K->76775K(139708K), 0.0035418 secs] [Times: user=0.00 sys=0.00, real=0.00 secs] 
2020-10-29T10:26:05.541+0000: [GC (Allocation Failure) 2020-10-29T10:26:05.541+0000: [ParNew: 17734K->1132K(18432K), 0.0023787 secs] 93159K->76558K(139708K), 0.0024374 secs] [Times: user=0.00 sys=0.00, real=0.01 secs] 
2020-10-29T10:26:05.642+0000: [GC (Allocation Failure) 2020-10-29T10:26:05.642+0000: [ParNew: 17516K->1263K(18432K), 0.0031505 secs] 92942K->76688K(139708K), 0.0032013 secs] [Times: user=0.01 sys=0.00, real=0.01 secs] 
2020-10-29T10:26:05.724+0000: [GC (Allocation Failure) 2020-10-29T10:26:05.724+0000: [ParNew: 17647K->1443K(18432K), 0.0034982 secs] 93072K->77080K(139708K), 0.0035483 secs] [Times: user=0.01 sys=0.00, real=0.00 secs] 
2020-10-29T10:26:05.903+0000: [GC (Allocation Failure) 2020-10-29T10:26:05.903+0000: [ParNew: 17827K->1689K(18432K), 0.0041150 secs] 93464K->77325K(139708K), 0.0041816 secs] [Times: user=0.01 sys=0.00, real=0.00 secs] 
2020-10-29T10:26:06.031+0000: [GC (Allocation Failure) 2020-10-29T10:26:06.031+0000: [ParNew: 18073K->1427K(18432K), 0.0055505 secs] 93709K->78310K(139708K), 0.0056263 secs] [Times: user=0.00 sys=0.00, real=0.00 secs] 
2020-10-29T10:26:06.126+0000: [GC (Allocation Failure) 2020-10-29T10:26:06.126+0000: [ParNew: 17811K->1668K(18432K), 0.0024508 secs] 94694K->78551K(139708K), 0.0025006 secs] [Times: user=0.01 sys=0.00, real=0.00 secs] 
2020-10-29T10:26:06.193+0000: [GC (Allocation Failure) 2020-10-29T10:26:06.193+0000: [ParNew: 18052K->983K(18432K), 0.0048113 secs] 94935K->78377K(139708K), 0.0048701 secs] [Times: user=0.01 sys=0.00, real=0.00 secs] 
2020-10-29T10:26:06.254+0000: [GC (Allocation Failure) 2020-10-29T10:26:06.254+0000: [ParNew: 17367K->478K(18432K), 0.0016924 secs] 94761K->77873K(139708K), 0.0017421 secs] [Times: user=0.00 sys=0.00, real=0.00 secs] 
2020-10-29T10:26:06.324+0000: [GC (Allocation Failure) 2020-10-29T10:26:06.324+0000: [ParNew: 16862K->788K(18432K), 0.0038041 secs] 94257K->78183K(139708K), 0.0038544 secs] [Times: user=0.00 sys=0.00, real=0.00 secs] 
2020-10-29T10:26:06.384+0000: [GC (Allocation Failure) 2020-10-29T10:26:06.384+0000: [ParNew: 17172K->843K(18432K), 0.0023316 secs] 94567K->78238K(139708K), 0.0023834 secs] [Times: user=0.00 sys=0.00, real=0.00 secs] 
2020-10-29T10:26:06.443+0000: [GC (Allocation Failure) 2020-10-29T10:26:06.443+0000: [ParNew: 17227K->1526K(18432K), 0.0026216 secs] 94622K->78921K(139708K), 0.0026714 secs] [Times: user=0.01 sys=0.00, real=0.00 secs] 
2020-10-29T10:26:06.508+0000: [GC (Allocation Failure) 2020-10-29T10:26:06.508+0000: [ParNew: 17910K->1155K(18432K), 0.0034600 secs] 95305K->79064K(139708K), 0.0035054 secs] [Times: user=0.00 sys=0.00, real=0.01 secs] 
2020-10-29T10:26:06.607+0000: [GC (Allocation Failure) 2020-10-29T10:26:06.608+0000: [ParNew: 17539K->1244K(18432K), 0.0036781 secs] 95448K->79152K(139708K), 0.0037279 secs] [Times: user=0.00 sys=0.00, real=0.01 secs] 
2020-10-29T10:26:06.711+0000: [GC (Allocation Failure) 2020-10-29T10:26:06.711+0000: [ParNew: 17628K->1212K(18432K), 0.0029650 secs] 95536K->79294K(139708K), 0.0030173 secs] [Times: user=0.01 sys=0.00, real=0.00 secs] 
2020-10-29T10:26:06.800+0000: [GC (Allocation Failure) 2020-10-29T10:26:06.800+0000: [ParNew: 17596K->1551K(18432K), 0.0027189 secs] 95678K->79633K(139708K), 0.0027693 secs] [Times: user=0.01 sys=0.00, real=0.01 secs] 
2020-10-29T10:26:06.867+0000: [GC (Allocation Failure) 2020-10-29T10:26:06.867+0000: [ParNew: 17935K->1466K(18432K), 0.0036636 secs] 96017K->80030K(139708K), 0.0037344 secs] [Times: user=0.01 sys=0.00, real=0.01 secs] 
2020-10-29T10:26:06.927+0000: [GC (Allocation Failure) 2020-10-29T10:26:06.928+0000: [ParNew: 17850K->1229K(18432K), 0.0022501 secs] 96414K->79880K(139708K), 0.0023168 secs] [Times: user=0.00 sys=0.00, real=0.00 secs] 
2020-10-29T10:26:07.022+0000: [GC (Allocation Failure) 2020-10-29T10:26:07.022+0000: [ParNew: 17613K->1125K(18432K), 0.0030871 secs] 96264K->79861K(139708K), 0.0031563 secs] [Times: user=0.00 sys=0.01, real=0.01 secs] 
2020-10-29T10:26:07.252+0000: [GC (Allocation Failure) 2020-10-29T10:26:07.252+0000: [ParNew: 17509K->2048K(18432K), 0.0059593 secs] 96245K->81348K(139708K), 0.0060114 secs] [Times: user=0.01 sys=0.00, real=0.00 secs] 
2020-10-29T10:26:07.393+0000: [GC (Allocation Failure) 2020-10-29T10:26:07.393+0000: [ParNew: 18432K->1857K(18432K), 0.0115754 secs] 97732K->83194K(139708K), 0.0116265 secs] [Times: user=0.02 sys=0.00, real=0.01 secs] 
2020-10-29T10:26:07.489+0000: [GC (Allocation Failure) 2020-10-29T10:26:07.489+0000: [ParNew: 18241K->1825K(18432K), 0.0059231 secs] 99578K->84390K(139708K), 0.0059749 secs] [Times: user=0.01 sys=0.00, real=0.01 secs] 
2020-10-29T10:26:07.573+0000: [GC (Allocation Failure) 2020-10-29T10:26:07.573+0000: [ParNew: 18209K->984K(18432K), 0.0020608 secs] 100774K->83549K(139708K), 0.0021151 secs] [Times: user=0.00 sys=0.00, real=0.00 secs] 
2020-10-29T10:26:07.576+0000: [GC (CMS Initial Mark) [1 CMS-initial-mark: 82564K(121276K)] 83550K(139708K), 0.0009558 secs] [Times: user=0.01 sys=0.00, real=0.00 secs] 
2020-10-29T10:26:07.577+0000: [CMS-concurrent-mark-start]
2020-10-29T10:26:07.610+0000: [CMS-concurrent-mark: 0.030/0.033 secs] [Times: user=0.05 sys=0.00, real=0.04 secs] 
2020-10-29T10:26:07.610+0000: [CMS-concurrent-preclean-start]
2020-10-29T10:26:07.611+0000: [CMS-concurrent-preclean: 0.001/0.001 secs] [Times: user=0.00 sys=0.00, real=0.00 secs] 
2020-10-29T10:26:07.611+0000: [CMS-concurrent-abortable-preclean-start]
2020-10-29T10:26:07.710+0000: [GC (Allocation Failure) 2020-10-29T10:26:07.710+0000: [ParNew: 17368K->814K(18432K), 0.0041628 secs] 99933K->83379K(139708K), 0.0042348 secs] [Times: user=0.01 sys=0.00, real=0.01 secs] 
2020-10-29T10:26:07.769+0000: [CMS-concurrent-abortable-preclean: 0.022/0.157 secs] [Times: user=0.32 sys=0.01, real=0.15 secs] 
2020-10-29T10:26:07.769+0000: [GC (CMS Final Remark) [YG occupancy: 9937 K (18432 K)]2020-10-29T10:26:07.769+0000: [Rescan (parallel) , 0.0024292 secs]2020-10-29T10:26:07.772+0000: [weak refs processing, 0.0000791 secs]2020-10-29T10:26:07.772+0000: [class unloading, 0.0075158 secs]2020-10-29T10:26:07.779+0000: [scrub symbol table, 0.0069036 secs]2020-10-29T10:26:07.786+0000: [scrub string table, 0.0004735 secs][1 CMS-remark: 82564K(121276K)] 92502K(139708K), 0.0175288 secs] [Times: user=0.03 sys=0.00, real=0.02 secs] 
2020-10-29T10:26:07.790+0000: [CMS-concurrent-sweep-start]
2020-10-29T10:26:07.804+0000: [CMS-concurrent-sweep: 0.014/0.014 secs] [Times: user=0.03 sys=0.00, real=0.01 secs] 
2020-10-29T10:26:07.805+0000: [CMS-concurrent-reset-start]
2020-10-29T10:26:07.814+0000: [CMS-concurrent-reset: 0.010/0.010 secs] [Times: user=0.02 sys=0.00, real=0.01 secs] 
2020-10-29T10:26:07.826+0000: [GC (Allocation Failure) 2020-10-29T10:26:07.826+0000: [ParNew: 17198K->1528K(18432K), 0.0065144 secs] 98719K->83049K(154304K), 0.0065734 secs] [Times: user=0.02 sys=0.00, real=0.01 secs] 
2020-10-29T10:26:07.936+0000: [GC (Allocation Failure) 2020-10-29T10:26:07.936+0000: [ParNew: 17912K->1246K(18432K), 0.0117117 secs] 99433K->83252K(154304K), 0.0117640 secs] [Times: user=0.02 sys=0.00, real=0.01 secs] 
2020-10-29T10:26:08.027+0000: [GC (Allocation Failure) 2020-10-29T10:26:08.027+0000: [ParNew: 17630K->788K(18432K), 0.0043978 secs] 99636K->82794K(154304K), 0.0044656 secs] [Times: user=0.01 sys=0.00, real=0.01 secs] 
2020-10-29T10:26:08.098+0000: [GC (Allocation Failure) 2020-10-29T10:26:08.098+0000: [ParNew: 17172K->834K(18432K), 0.0025262 secs] 99178K->82840K(154304K), 0.0025964 secs] [Times: user=0.01 sys=0.00, real=0.00 secs] 
2020-10-29T10:26:08.189+0000: [GC (Allocation Failure) 2020-10-29T10:26:08.190+0000: [ParNew: 17218K->1125K(18432K), 0.0029377 secs] 99224K->83132K(154304K), 0.0030033 secs] [Times: user=0.00 sys=0.00, real=0.01 secs] 
2020-10-29T10:26:08.540+0000: [GC (Allocation Failure) 2020-10-29T10:26:08.540+0000: [ParNew: 17509K->2048K(18432K), 0.0048102 secs] 99515K->84434K(154304K), 0.0048622 secs] [Times: user=0.01 sys=0.00, real=0.01 secs] 
2020-10-29T10:26:08.699+0000: [GC (Allocation Failure) 2020-10-29T10:26:08.699+0000: [ParNew: 18432K->1301K(18432K), 0.0057610 secs] 100818K->84920K(154304K), 0.0058299 secs] [Times: user=0.01 sys=0.00, real=0.01 secs] 
2020-10-29T10:26:08.801+0000: [GC (Allocation Failure) 2020-10-29T10:26:08.801+0000: [ParNew: 17685K->1082K(18432K), 0.0024697 secs] 101304K->84700K(154304K), 0.0025200 secs] [Times: user=0.01 sys=0.00, real=0.01 secs] 
2020-10-29T10:26:09.034+0000: [GC (Allocation Failure) 2020-10-29T10:26:09.034+0000: [ParNew: 17466K->872K(18432K), 0.0079594 secs] 101084K->92682K(154304K), 0.0080131 secs] [Times: user=0.02 sys=0.00, real=0.01 secs] 
2020-10-29T10:26:09.270+0000: [GC (Allocation Failure) 2020-10-29T10:26:09.270+0000: [ParNew: 17256K->838K(18432K), 0.0042115 secs] 109066K->92648K(154304K), 0.0042831 secs] [Times: user=0.00 sys=0.00, real=0.01 secs] 
2020-10-29T10:26:09.416+0000: [GC (Allocation Failure) 2020-10-29T10:26:09.416+0000: [ParNew: 17222K->859K(18432K), 0.0022382 secs] 109032K->92670K(154304K), 0.0023088 secs] [Times: user=0.01 sys=0.00, real=0.00 secs] 
2020-10-29T10:26:09.541+0000: [GC (Allocation Failure) 2020-10-29T10:26:09.541+0000: [ParNew: 17243K->1179K(18432K), 0.0034811 secs] 109054K->92989K(154304K), 0.0035319 secs] [Times: user=0.01 sys=0.00, real=0.01 secs] 
2020-10-29T10:26:09.630+0000: [GC (Allocation Failure) 2020-10-29T10:26:09.630+0000: [ParNew: 17563K->969K(18432K), 0.0025304 secs] 109373K->93001K(154304K), 0.0025831 secs] [Times: user=0.01 sys=0.00, real=0.00 secs] 
2020-10-29T10:26:09.698+0000: [GC (Allocation Failure) 2020-10-29T10:26:09.698+0000: [ParNew: 17353K->1230K(18432K), 0.0021252 secs] 109385K->93480K(154304K), 0.0021899 secs] [Times: user=0.00 sys=0.00, real=0.00 secs] 
2020-10-29T10:26:09.769+0000: [GC (Allocation Failure) 2020-10-29T10:26:09.769+0000: [ParNew: 17614K->56K(18432K), 0.0027032 secs] 109864K->93360K(154304K), 0.0027561 secs] [Times: user=0.00 sys=0.00, real=0.01 secs] 
2020-10-29T10:26:09.836+0000: [GC (Allocation Failure) 2020-10-29T10:26:09.836+0000: [ParNew: 16440K->14K(18432K), 0.0013288 secs] 109744K->93317K(154304K), 0.0013983 secs] [Times: user=0.01 sys=0.00, real=0.00 secs] 
2020-10-29T10:26:09.889+0000: [GC (Allocation Failure) 2020-10-29T10:26:09.889+0000: [ParNew: 16398K->6K(18432K), 0.0014283 secs] 109701K->93310K(154304K), 0.0014997 secs] [Times: user=0.00 sys=0.00, real=0.01 secs] 
2020-10-29T10:26:09.938+0000: [GC (Allocation Failure) 2020-10-29T10:26:09.938+0000: [ParNew: 16390K->6K(18432K), 0.0013942 secs] 109694K->93309K(154304K), 0.0014588 secs] [Times: user=0.01 sys=0.00, real=0.00 secs] 
2020-10-29T10:26:09.981+0000: [GC (Allocation Failure) 2020-10-29T10:26:09.981+0000: [ParNew: 16390K->6K(18432K), 0.0024707 secs] 109693K->95357K(154304K), 0.0025402 secs] [Times: user=0.01 sys=0.00, real=0.01 secs] 
2020-10-29T10:26:09.987+0000: [GC (CMS Initial Mark) [1 CMS-initial-mark: 95351K(135872K)] 96014K(154304K), 0.0014155 secs] [Times: user=0.01 sys=0.00, real=0.00 secs] 
2020-10-29T10:26:09.989+0000: [CMS-concurrent-mark-start]
2020-10-29T10:26:10.041+0000: [GC (Allocation Failure) 2020-10-29T10:26:10.041+0000: [ParNew: 16390K->6K(18432K), 0.0026403 secs] 111741K->95357K(154304K), 0.0026928 secs] [Times: user=0.01 sys=0.00, real=0.01 secs] 
2020-10-29T10:26:10.062+0000: [CMS-concurrent-mark: 0.064/0.074 secs] [Times: user=0.14 sys=0.00, real=0.08 secs] 
2020-10-29T10:26:10.062+0000: [CMS-concurrent-preclean-start]
2020-10-29T10:26:10.064+0000: [CMS-concurrent-preclean: 0.001/0.001 secs] [Times: user=0.00 sys=0.00, real=0.00 secs] 
2020-10-29T10:26:10.064+0000: [CMS-concurrent-abortable-preclean-start]
2020-10-29T10:26:10.097+0000: [GC (Allocation Failure) 2020-10-29T10:26:10.097+0000: [ParNew: 16390K->8K(18432K), 0.0027482 secs] 111741K->95359K(154304K), 0.0028024 secs] [Times: user=0.01 sys=0.00, real=0.00 secs] 
2020-10-29T10:26:10.132+0000: [GC (Allocation Failure) 2020-10-29T10:26:10.132+0000: [ParNew: 16392K->6K(18432K), 0.0025742 secs] 111743K->95360K(154304K), 0.0026212 secs] [Times: user=0.01 sys=0.00, real=0.00 secs] 
2020-10-29T10:26:10.160+0000: [GC (Allocation Failure) 2020-10-29T10:26:10.160+0000: [ParNew: 16390K->6K(18432K), 0.0011428 secs] 111744K->95360K(154304K), 0.0011897 secs] [Times: user=0.01 sys=0.00, real=0.00 secs] 
2020-10-29T10:26:10.184+0000: [GC (Allocation Failure) 2020-10-29T10:26:10.184+0000: [ParNew: 16390K->7K(18432K), 0.0011303 secs] 111744K->95361K(154304K), 0.0011762 secs] [Times: user=0.00 sys=0.00, real=0.00 secs] 
2020-10-29T10:26:10.206+0000: [GC (Allocation Failure) 2020-10-29T10:26:10.206+0000: [ParNew: 16391K->9K(18432K), 0.0013530 secs] 111745K->95363K(154304K), 0.0014052 secs] [Times: user=0.00 sys=0.00, real=0.00 secs] 
2020-10-29T10:26:10.229+0000: [GC (Allocation Failure) 2020-10-29T10:26:10.229+0000: [ParNew: 16393K->8K(18432K), 0.0013227 secs] 111747K->95364K(154304K), 0.0013734 secs] [Times: user=0.00 sys=0.00, real=0.01 secs] 
2020-10-29T10:26:10.245+0000: [GC (Allocation Failure) 2020-10-29T10:26:10.245+0000: [ParNew: 10837K->5K(18432K), 0.0012692 secs] 106193K->95362K(154304K), 0.0013166 secs] [Times: user=0.00 sys=0.00, real=0.00 secs] 
2020-10-29T10:26:10.261+0000: [GC (Allocation Failure) 2020-10-29T10:26:10.261+0000: [ParNew: 16389K->11K(18432K), 0.0070057 secs] 111746K->103560K(154304K), 0.0070609 secs] [Times: user=0.01 sys=0.00, real=0.01 secs] 
2020-10-29T10:26:10.268+0000: [CMS-concurrent-abortable-preclean: 0.006/0.204 secs] [Times: user=0.31 sys=0.01, real=0.20 secs] 
2020-10-29T10:26:10.272+0000: [GC (CMS Final Remark) [YG occupancy: 1638 K (18432 K)]2020-10-29T10:26:10.272+0000: [Rescan (parallel) , 0.0020731 secs]2020-10-29T10:26:10.274+0000: [weak refs processing, 0.0000566 secs]2020-10-29T10:26:10.274+0000: [class unloading, 0.0064023 secs]2020-10-29T10:26:10.281+0000: [scrub symbol table, 0.0081003 secs]2020-10-29T10:26:10.289+0000: [scrub string table, 0.0005333 secs][1 CMS-remark: 103548K(135872K)] 105187K(154304K), 0.0173146 secs] [Times: user=0.02 sys=0.00, real=0.01 secs] 
2020-10-29T10:26:10.293+0000: [CMS-concurrent-sweep-start]
2020-10-29T10:26:10.302+0000: [CMS-concurrent-sweep: 0.007/0.009 secs] [Times: user=0.01 sys=0.01, real=0.00 secs] 
2020-10-29T10:26:10.302+0000: [CMS-concurrent-reset-start]
2020-10-29T10:26:10.304+0000: [CMS-concurrent-reset: 0.002/0.002 secs] [Times: user=0.01 sys=0.00, real=0.01 secs] 
2020-10-29T10:26:10.323+0000: [GC (Allocation Failure) 2020-10-29T10:26:10.323+0000: [ParNew: 16395K->9K(18432K), 0.0015030 secs] 119421K->103037K(190144K), 0.0015562 secs] [Times: user=0.01 sys=0.00, real=0.00 secs] 
2020-10-29T10:26:10.361+0000: [GC (Allocation Failure) 2020-10-29T10:26:10.361+0000: [ParNew: 16393K->6K(18432K), 0.0029948 secs] 119421K->103034K(190144K), 0.0030473 secs] [Times: user=0.01 sys=0.00, real=0.01 secs] 
2020-10-29T10:26:10.402+0000: [GC (Allocation Failure) 2020-10-29T10:26:10.402+0000: [ParNew: 16390K->4K(18432K), 0.0028935 secs] 119418K->103033K(190144K), 0.0029463 secs] [Times: user=0.01 sys=0.00, real=0.01 secs] 
2020-10-29T10:26:10.441+0000: [GC (Allocation Failure) 2020-10-29T10:26:10.441+0000: [ParNew: 16388K->6K(18432K), 0.0029135 secs] 119417K->103035K(190144K), 0.0029650 secs] [Times: user=0.00 sys=0.00, real=0.01 secs] 
2020-10-29T10:26:10.472+0000: [GC (Allocation Failure) 2020-10-29T10:26:10.472+0000: [ParNew: 16390K->6K(18432K), 0.0078536 secs] 119419K->107131K(190144K), 0.0079076 secs] [Times: user=0.01 sys=0.00, real=0.00 secs] 
2020-10-29T10:26:10.511+0000: [GC (Allocation Failure) 2020-10-29T10:26:10.511+0000: [ParNew: 16390K->4K(18432K), 0.0014245 secs] 123515K->107132K(190144K), 0.0014732 secs] [Times: user=0.00 sys=0.00, real=0.00 secs] 
2020-10-29T10:26:10.530+0000: [GC (Allocation Failure) 2020-10-29T10:26:10.530+0000: [ParNew: 16388K->4K(18432K), 0.0013955 secs] 123516K->107132K(190144K), 0.0014446 secs] [Times: user=0.01 sys=0.00, real=0.01 secs] 
2020-10-29T10:26:10.551+0000: [GC (Allocation Failure) 2020-10-29T10:26:10.551+0000: [ParNew: 16388K->4K(18432K), 0.0014051 secs] 123516K->107132K(190144K), 0.0014480 secs] [Times: user=0.00 sys=0.00, real=0.00 secs] 
2020-10-29T10:26:10.571+0000: [GC (Allocation Failure) 2020-10-29T10:26:10.571+0000: [ParNew: 16388K->4K(18432K), 0.0013845 secs] 123516K->107132K(190144K), 0.0014289 secs] [Times: user=0.00 sys=0.00, real=0.00 secs] 
2020-10-29T10:26:10.592+0000: [GC (Allocation Failure) 2020-10-29T10:26:10.592+0000: [ParNew: 16388K->4K(18432K), 0.0013731 secs] 123516K->107132K(190144K), 0.0014185 secs] [Times: user=0.00 sys=0.00, real=0.00 secs] 
2020-10-29T10:26:10.613+0000: [GC (Allocation Failure) 2020-10-29T10:26:10.613+0000: [ParNew: 16388K->4K(18432K), 0.0014233 secs] 123516K->107132K(190144K), 0.0014651 secs] [Times: user=0.00 sys=0.00, real=0.00 secs] 
2020-10-29T10:26:10.633+0000: [GC (Allocation Failure) 2020-10-29T10:26:10.633+0000: [ParNew: 16388K->4K(18432K), 0.0014867 secs] 123516K->107132K(190144K), 0.0015324 secs] [Times: user=0.00 sys=0.00, real=0.00 secs] 
2020-10-29T10:26:10.654+0000: [GC (Allocation Failure) 2020-10-29T10:26:10.654+0000: [ParNew: 16388K->4K(18432K), 0.0017549 secs] 123516K->107132K(190144K), 0.0018675 secs] [Times: user=0.01 sys=0.00, real=0.00 secs] 
2020-10-29T10:26:10.676+0000: [GC (Allocation Failure) 2020-10-29T10:26:10.676+0000: [ParNew: 16388K->4K(18432K), 0.0014762 secs] 123516K->107132K(190144K), 0.0015264 secs] [Times: user=0.00 sys=0.00, real=0.00 secs] 
2020-10-29T10:26:10.697+0000: [GC (Allocation Failure) 2020-10-29T10:26:10.697+0000: [ParNew: 16388K->4K(18432K), 0.0013093 secs] 123516K->107132K(190144K), 0.0013522 secs] [Times: user=0.00 sys=0.00, real=0.00 secs] 
2020-10-29T10:26:10.720+0000: [GC (Allocation Failure) 2020-10-29T10:26:10.720+0000: [ParNew: 16388K->4K(18432K), 0.0013605 secs] 123516K->107132K(190144K), 0.0014062 secs] [Times: user=0.00 sys=0.00, real=0.00 secs] 
2020-10-29T10:26:10.740+0000: [GC (Allocation Failure) 2020-10-29T10:26:10.740+0000: [ParNew: 16388K->8K(18432K), 0.0014023 secs] 123516K->107136K(190144K), 0.0014633 secs] [Times: user=0.00 sys=0.00, real=0.00 secs] 
2020-10-29T10:26:10.751+0000: [GC (Allocation Failure) 2020-10-29T10:26:10.751+0000: [ParNew: 8526K->6K(18432K), 0.0011580 secs] 115655K->107134K(190144K), 0.0011961 secs] [Times: user=0.01 sys=0.00, real=0.00 secs] 
2020-10-29T10:26:10.762+0000: [GC (Allocation Failure) 2020-10-29T10:26:10.762+0000: [ParNew: 16390K->7K(18432K), 0.0067457 secs] 123518K->115327K(190144K), 0.0067853 secs] [Times: user=0.01 sys=0.00, real=0.01 secs] 
2020-10-29T10:26:10.769+0000: [GC (CMS Initial Mark) [1 CMS-initial-mark: 115320K(171712K)] 115652K(190144K), 0.0010838 secs] [Times: user=0.00 sys=0.00, real=0.01 secs] 
2020-10-29T10:26:10.771+0000: [CMS-concurrent-mark-start]
2020-10-29T10:26:10.804+0000: [CMS-concurrent-mark: 0.034/0.034 secs] [Times: user=0.06 sys=0.00, real=0.03 secs] 
2020-10-29T10:26:10.805+0000: [GC (Allocation Failure) 2020-10-29T10:26:10.805+0000: [ParNew: 16391K->7K(18432K), 0.0013289 secs] 131711K->115328K(190144K), 0.0013651 secs] [Times: user=0.00 sys=0.00, real=0.00 secs] 
2020-10-29T10:26:10.806+0000: [CMS-concurrent-preclean-start]
2020-10-29T10:26:10.807+0000: [CMS-concurrent-preclean: 0.001/0.001 secs] [Times: user=0.00 sys=0.00, real=0.00 secs] 
2020-10-29T10:26:10.809+0000: [GC (CMS Final Remark) [YG occupancy: 659 K (18432 K)]2020-10-29T10:26:10.809+0000: [Rescan (parallel) , 0.0010424 secs]2020-10-29T10:26:10.810+0000: [weak refs processing, 0.0000255 secs]2020-10-29T10:26:10.810+0000: [class unloading, 0.0060778 secs]2020-10-29T10:26:10.816+0000: [scrub symbol table, 0.0079603 secs]2020-10-29T10:26:10.824+0000: [scrub string table, 0.0005066 secs][1 CMS-remark: 115320K(171712K)] 115979K(190144K), 0.0157034 secs] [Times: user=0.02 sys=0.00, real=0.02 secs] 
2020-10-29T10:26:10.825+0000: [CMS-concurrent-sweep-start]
2020-10-29T10:26:10.835+0000: [CMS-concurrent-sweep: 0.010/0.010 secs] [Times: user=0.02 sys=0.00, real=0.01 secs] 
2020-10-29T10:26:10.835+0000: [CMS-concurrent-reset-start]
2020-10-29T10:26:10.836+0000: [CMS-concurrent-reset: 0.002/0.002 secs] [Times: user=0.00 sys=0.00, real=0.00 secs] 
2020-10-29T10:26:10.847+0000: [GC (Allocation Failure) 2020-10-29T10:26:10.847+0000: [ParNew: 16391K->7K(18432K), 0.0014271 secs] 128629K->112245K(205496K), 0.0014666 secs] [Times: user=0.01 sys=0.00, real=0.00 secs] 
2020-10-29T10:26:10.866+0000: [GC (Allocation Failure) 2020-10-29T10:26:10.866+0000: [ParNew: 16391K->7K(18432K), 0.0014210 secs] 128629K->112245K(205496K), 0.0014655 secs] [Times: user=0.01 sys=0.00, real=0.00 secs] 
2020-10-29T10:26:10.885+0000: [GC (Allocation Failure) 2020-10-29T10:26:10.885+0000: [ParNew: 16391K->4K(18432K), 0.0014652 secs] 128629K->112247K(205496K), 0.0015099 secs] [Times: user=0.00 sys=0.00, real=0.00 secs] 
2020-10-29T10:26:10.904+0000: [GC (Allocation Failure) 2020-10-29T10:26:10.904+0000: [ParNew: 16388K->4K(18432K), 0.0013958 secs] 128631K->112246K(205496K), 0.0014444 secs] [Times: user=0.00 sys=0.00, real=0.00 secs] 
2020-10-29T10:26:10.921+0000: [GC (Allocation Failure) 2020-10-29T10:26:10.922+0000: [ParNew: 13751K->4K(18432K), 0.0014038 secs] 125993K->112246K(205496K), 0.0014512 secs] [Times: user=0.00 sys=0.00, real=0.01 secs] 
2020-10-29T10:26:10.933+0000: [GC (Allocation Failure) 2020-10-29T10:26:10.933+0000: [ParNew: 16388K->4K(18432K), 0.0071840 secs] 128630K->120438K(205496K), 0.0072369 secs] [Times: user=0.02 sys=0.00, real=0.00 secs] 
2020-10-29T10:26:10.958+0000: [GC (Allocation Failure) 2020-10-29T10:26:10.959+0000: [ParNew: 16388K->4K(18432K), 0.0013854 secs] 136822K->120438K(205496K), 0.0014313 secs] [Times: user=0.01 sys=0.00, real=0.00 secs] 
2020-10-29T10:26:10.977+0000: [GC (Allocation Failure) 2020-10-29T10:26:10.978+0000: [ParNew: 16388K->4K(18432K), 0.0015005 secs] 136822K->120438K(205496K), 0.0015470 secs] [Times: user=0.01 sys=0.00, real=0.00 secs] 
2020-10-29T10:26:10.998+0000: [GC (Allocation Failure) 2020-10-29T10:26:10.998+0000: [ParNew: 16388K->4K(18432K), 0.0014413 secs] 136822K->120438K(205496K), 0.0014915 secs] [Times: user=0.00 sys=0.00, real=0.00 secs] 
2020-10-29T10:26:11.017+0000: [GC (Allocation Failure) 2020-10-29T10:26:11.017+0000: [ParNew: 16388K->4K(18432K), 0.0014283 secs] 136822K->120438K(205496K), 0.0014786 secs] [Times: user=0.00 sys=0.00, real=0.00 secs] 
2020-10-29T10:26:11.039+0000: [GC (Allocation Failure) 2020-10-29T10:26:11.039+0000: [ParNew: 16388K->4K(18432K), 0.0014837 secs] 136822K->120438K(205496K), 0.0015350 secs] [Times: user=0.00 sys=0.00, real=0.00 secs] 
2020-10-29T10:26:11.058+0000: [GC (Allocation Failure) 2020-10-29T10:26:11.058+0000: [ParNew: 16388K->4K(18432K), 0.0014274 secs] 136822K->120438K(205496K), 0.0014760 secs] [Times: user=0.00 sys=0.00, real=0.00 secs] 
2020-10-29T10:26:11.077+0000: [GC (Allocation Failure) 2020-10-29T10:26:11.077+0000: [ParNew: 16388K->4K(18432K), 0.0013818 secs] 136822K->120438K(205496K), 0.0014273 secs] [Times: user=0.00 sys=0.00, real=0.00 secs] 
2020-10-29T10:26:11.096+0000: [GC (Allocation Failure) 2020-10-29T10:26:11.096+0000: [ParNew: 16388K->4K(18432K), 0.0013713 secs] 136822K->120438K(205496K), 0.0014127 secs] [Times: user=0.00 sys=0.00, real=0.00 secs] 
2020-10-29T10:26:11.108+0000: [GC (Allocation Failure) 2020-10-29T10:26:11.108+0000: [ParNew: 16388K->4K(18432K), 0.0065668 secs] 136822K->128630K(205496K), 0.0066076 secs] [Times: user=0.01 sys=0.01, real=0.01 secs] 
2020-10-29T10:26:11.117+0000: [GC (CMS Initial Mark) [1 CMS-initial-mark: 128626K(187064K)] 128958K(205496K), 0.0010383 secs] [Times: user=0.01 sys=0.00, real=0.00 secs] 
2020-10-29T10:26:11.118+0000: [CMS-concurrent-mark-start]
2020-10-29T10:26:11.147+0000: [GC (Allocation Failure) 2020-10-29T10:26:11.147+0000: [ParNew: 16388K->4K(18432K), 0.0013558 secs] 145014K->128630K(205496K), 0.0014072 secs] [Times: user=0.01 sys=0.00, real=0.00 secs] 
2020-10-29T10:26:11.157+0000: [CMS-concurrent-mark: 0.037/0.038 secs] [Times: user=0.07 sys=0.00, real=0.04 secs] 
2020-10-29T10:26:11.157+0000: [CMS-concurrent-preclean-start]
2020-10-29T10:26:11.158+0000: [CMS-concurrent-preclean: 0.001/0.001 secs] [Times: user=0.00 sys=0.00, real=0.00 secs] 
2020-10-29T10:26:11.158+0000: [CMS-concurrent-abortable-preclean-start]
2020-10-29T10:26:11.179+0000: [GC (Allocation Failure) 2020-10-29T10:26:11.179+0000: [ParNew: 16388K->4K(18432K), 0.0013013 secs] 145014K->128631K(205496K), 0.0013471 secs] [Times: user=0.00 sys=0.00, real=0.00 secs] 
2020-10-29T10:26:11.198+0000: [GC (Allocation Failure) 2020-10-29T10:26:11.198+0000: [ParNew: 16388K->4K(18432K), 0.0014063 secs] 145015K->128631K(205496K), 0.0014595 secs] [Times: user=0.00 sys=0.00, real=0.00 secs] 
2020-10-29T10:26:11.221+0000: [GC (Allocation Failure) 2020-10-29T10:26:11.221+0000: [ParNew: 16388K->4K(18432K), 0.0014425 secs] 145015K->128631K(205496K), 0.0014957 secs] [Times: user=0.00 sys=0.00, real=0.01 secs] 
2020-10-29T10:26:11.249+0000: [GC (Allocation Failure) 2020-10-29T10:26:11.249+0000: [ParNew: 16388K->4K(18432K), 0.0014240 secs] 145015K->128631K(205496K), 0.0014830 secs] [Times: user=0.00 sys=0.00, real=0.00 secs] 
2020-10-29T10:26:11.268+0000: [GC (Allocation Failure) 2020-10-29T10:26:11.268+0000: [ParNew: 16388K->4K(18432K), 0.0012463 secs] 145015K->128631K(205496K), 0.0012935 secs] [Times: user=0.00 sys=0.00, real=0.00 secs] 
2020-10-29T10:26:11.287+0000: [GC (Allocation Failure) 2020-10-29T10:26:11.287+0000: [ParNew: 16388K->4K(18432K), 0.0011597 secs] 145015K->128631K(205496K), 0.0012019 secs] [Times: user=0.00 sys=0.00, real=0.00 secs] 
2020-10-29T10:26:11.305+0000: [GC (Allocation Failure) 2020-10-29T10:26:11.305+0000: [ParNew: 16388K->4K(18432K), 0.0013325 secs] 145015K->128631K(205496K), 0.0013817 secs] [Times: user=0.00 sys=0.00, real=0.00 secs] 
2020-10-29T10:26:11.324+0000: [GC (Allocation Failure) 2020-10-29T10:26:11.324+0000: [ParNew: 16388K->4K(18432K), 0.0012683 secs] 145015K->128631K(205496K), 0.0013148 secs] [Times: user=0.00 sys=0.00, real=0.00 secs] 
2020-10-29T10:26:11.345+0000: [GC (Allocation Failure) 2020-10-29T10:26:11.345+0000: [ParNew: 16388K->4K(18432K), 0.0010556 secs] 145015K->128631K(205496K), 0.0011061 secs] [Times: user=0.00 sys=0.00, real=0.00 secs] 
2020-10-29T10:26:11.366+0000: [GC (Allocation Failure) 2020-10-29T10:26:11.366+0000: [ParNew: 16388K->4K(18432K), 0.0012994 secs] 145015K->128631K(205496K), 0.0013484 secs] [Times: user=0.01 sys=0.00, real=0.00 secs] 
2020-10-29T10:26:11.384+0000: [GC (Allocation Failure) 2020-10-29T10:26:11.385+0000: [ParNew: 16388K->4K(18432K), 0.0011834 secs] 145015K->128631K(205496K), 0.0012270 secs] [Times: user=0.00 sys=0.00, real=0.00 secs] 
2020-10-29T10:26:11.403+0000: [GC (Allocation Failure) 2020-10-29T10:26:11.403+0000: [ParNew: 16388K->4K(18432K), 0.0011827 secs] 145015K->128631K(205496K), 0.0012447 secs] [Times: user=0.00 sys=0.00, real=0.00 secs] 
2020-10-29T10:26:11.422+0000: [GC (Allocation Failure) 2020-10-29T10:26:11.422+0000: [ParNew: 16388K->4K(18432K), 0.0011833 secs] 145015K->128631K(205496K), 0.0012263 secs] [Times: user=0.00 sys=0.00, real=0.01 secs] 
2020-10-29T10:26:11.441+0000: [GC (Allocation Failure) 2020-10-29T10:26:11.441+0000: [ParNew: 16388K->4K(18432K), 0.0011509 secs] 145015K->128631K(205496K), 0.0011943 secs] [Times: user=0.00 sys=0.00, real=0.01 secs] 
2020-10-29T10:26:11.452+0000: [GC (Allocation Failure) 2020-10-29T10:26:11.452+0000: [ParNew: 16388K->4K(18432K), 0.0068280 secs] 145015K->136823K(205496K), 0.0068711 secs] [Times: user=0.01 sys=0.01, real=0.00 secs] 
2020-10-29T10:26:11.477+0000: [GC (Allocation Failure) 2020-10-29T10:26:11.477+0000: [ParNew: 16388K->4K(18432K), 0.0012716 secs] 153207K->136823K(205496K), 0.0013120 secs] [Times: user=0.00 sys=0.00, real=0.00 secs] 
2020-10-29T10:26:11.500+0000: [GC (Allocation Failure) 2020-10-29T10:26:11.500+0000: [ParNew: 16388K->4K(18432K), 0.0012793 secs] 153207K->136823K(205496K), 0.0013271 secs] [Times: user=0.00 sys=0.00, real=0.00 secs] 
2020-10-29T10:26:11.531+0000: [GC (Allocation Failure) 2020-10-29T10:26:11.531+0000: [ParNew: 16388K->4K(18432K), 0.0013355 secs] 153207K->136823K(205496K), 0.0013844 secs] [Times: user=0.00 sys=0.00, real=0.00 secs] 
2020-10-29T10:26:11.551+0000: [GC (Allocation Failure) 2020-10-29T10:26:11.551+0000: [ParNew: 16388K->4K(18432K), 0.0010534 secs] 153207K->136823K(205496K), 0.0010946 secs] [Times: user=0.00 sys=0.00, real=0.00 secs] 
2020-10-29T10:26:11.569+0000: [GC (Allocation Failure) 2020-10-29T10:26:11.569+0000: [ParNew: 16388K->4K(18432K), 0.0011924 secs] 153207K->136823K(205496K), 0.0012368 secs] [Times: user=0.00 sys=0.00, real=0.01 secs] 
2020-10-29T10:26:11.588+0000: [GC (Allocation Failure) 2020-10-29T10:26:11.588+0000: [ParNew: 16388K->4K(18432K), 0.0011137 secs] 153207K->136823K(205496K), 0.0011603 secs] [Times: user=0.00 sys=0.00, real=0.00 secs] 
2020-10-29T10:26:11.607+0000: [GC (Allocation Failure) 2020-10-29T10:26:11.607+0000: [ParNew: 16388K->4K(18432K), 0.0010213 secs] 153207K->136823K(205496K), 0.0010589 secs] [Times: user=0.00 sys=0.00, real=0.00 secs] 
2020-10-29T10:26:11.626+0000: [GC (Allocation Failure) 2020-10-29T10:26:11.626+0000: [ParNew: 16388K->4K(18432K), 0.0011085 secs] 153207K->136823K(205496K), 0.0011486 secs] [Times: user=0.00 sys=0.00, real=0.00 secs] 
2020-10-29T10:26:11.644+0000: [GC (Allocation Failure) 2020-10-29T10:26:11.644+0000: [ParNew: 16388K->4K(18432K), 0.0010699 secs] 153207K->136823K(205496K), 0.0011104 secs] [Times: user=0.00 sys=0.00, real=0.00 secs] 
2020-10-29T10:26:11.663+0000: [GC (Allocation Failure) 2020-10-29T10:26:11.663+0000: [ParNew: 16388K->4K(18432K), 0.0014201 secs] 153207K->136823K(205496K), 0.0014713 secs] [Times: user=0.00 sys=0.00, real=0.00 secs] 
2020-10-29T10:26:11.682+0000: [GC (Allocation Failure) 2020-10-29T10:26:11.682+0000: [ParNew: 16388K->4K(18432K), 0.0011093 secs] 153207K->136823K(205496K), 0.0011499 secs] [Times: user=0.00 sys=0.00, real=0.01 secs] 
2020-10-29T10:26:11.701+0000: [GC (Allocation Failure) 2020-10-29T10:26:11.701+0000: [ParNew: 16388K->4K(18432K), 0.0010910 secs] 153207K->136823K(205496K), 0.0011323 secs] [Times: user=0.00 sys=0.00, real=0.00 secs] 
2020-10-29T10:26:11.730+0000: [GC (Allocation Failure) 2020-10-29T10:26:11.730+0000: [ParNew: 16388K->4K(18432K), 0.0014322 secs] 169592K->153208K(205496K), 0.0014940 secs] [Times: user=0.01 sys=0.00, real=0.01 secs] 
2020-10-29T10:26:11.749+0000: [GC (Allocation Failure) 2020-10-29T10:26:11.749+0000: [ParNew: 16388K->4K(18432K), 0.0012083 secs] 169592K->153208K(205496K), 0.0012542 secs] [Times: user=0.01 sys=0.00, real=0.00 secs] 
2020-10-29T10:26:11.771+0000: [GC (Allocation Failure) 2020-10-29T10:26:11.771+0000: [ParNew: 16388K->4K(18432K), 0.0013189 secs] 169592K->153208K(205496K), 0.0013712 secs] [Times: user=0.00 sys=0.00, real=0.00 secs] 
2020-10-29T10:26:11.795+0000: [GC (Allocation Failure) 2020-10-29T10:26:11.795+0000: [ParNew: 16388K->8K(18432K), 0.0011302 secs] 169592K->153212K(205496K), 0.0011747 secs] [Times: user=0.01 sys=0.00, real=0.00 secs] 
2020-10-29T10:26:11.813+0000: [GC (Allocation Failure) 2020-10-29T10:26:11.813+0000: [ParNew: 16392K->6K(18432K), 0.0010311 secs] 169596K->153210K(205496K), 0.0010684 secs] [Times: user=0.00 sys=0.00, real=0.00 secs] 
2020-10-29T10:26:11.832+0000: [GC (Allocation Failure) 2020-10-29T10:26:11.832+0000: [ParNew: 16390K->8K(18432K), 0.0010152 secs] 169594K->153212K(205496K), 0.0010538 secs] [Times: user=0.00 sys=0.00, real=0.00 secs] 
2020-10-29T10:26:11.852+0000: [GC (Allocation Failure) 2020-10-29T10:26:11.852+0000: [ParNew: 16392K->8K(18432K), 0.0011201 secs] 169596K->153212K(205496K), 0.0011623 secs] [Times: user=0.00 sys=0.00, real=0.00 secs] 
2020-10-29T10:26:11.871+0000: [GC (Allocation Failure) 2020-10-29T10:26:11.871+0000: [ParNew: 16392K->8K(18432K), 0.0011001 secs] 169596K->153213K(205496K), 0.0011419 secs] [Times: user=0.00 sys=0.00, real=0.00 secs] 
2020-10-29T10:26:11.889+0000: [GC (Allocation Failure) 2020-10-29T10:26:11.889+0000: [ParNew: 16392K->8K(18432K), 0.0013216 secs] 169597K->153213K(205496K), 0.0013696 secs] [Times: user=0.00 sys=0.00, real=0.01 secs] 
2020-10-29T10:26:11.908+0000: [GC (Allocation Failure) 2020-10-29T10:26:11.908+0000: [ParNew: 16392K->6K(18432K), 0.0013957 secs] 169597K->153214K(205496K), 0.0014462 secs] [Times: user=0.00 sys=0.00, real=0.00 secs] 
2020-10-29T10:26:11.927+0000: [GC (Allocation Failure) 2020-10-29T10:26:11.927+0000: [ParNew: 16390K->4K(18432K), 0.0010842 secs] 169598K->153212K(205496K), 0.0011272 secs] [Times: user=0.00 sys=0.00, real=0.00 secs] 
2020-10-29T10:26:11.947+0000: [GC (Allocation Failure) 2020-10-29T10:26:11.947+0000: [ParNew: 16388K->4K(18432K), 0.0011930 secs] 169596K->153212K(205496K), 0.0012377 secs] [Times: user=0.01 sys=0.00, real=0.00 secs] 
2020-10-29T10:26:11.968+0000: [GC (Allocation Failure) 2020-10-29T10:26:11.968+0000: [ParNew: 16388K->4K(18432K), 0.0012285 secs] 169596K->153213K(205496K), 0.0012742 secs] [Times: user=0.00 sys=0.00, real=0.00 secs] 
2020-10-29T10:26:11.987+0000: [GC (Allocation Failure) 2020-10-29T10:26:11.987+0000: [ParNew: 16388K->4K(18432K), 0.0011756 secs] 169597K->153213K(205496K), 0.0012196 secs] [Times: user=0.00 sys=0.00, real=0.00 secs] 
2020-10-29T10:26:12.006+0000: [GC (Allocation Failure) 2020-10-29T10:26:12.006+0000: [ParNew: 16388K->4K(18432K), 0.0012511 secs] 169597K->153213K(205496K), 0.0012974 secs] [Times: user=0.00 sys=0.00, real=0.00 secs] 
2020-10-29T10:26:12.024+0000: [GC (Allocation Failure) 2020-10-29T10:26:12.024+0000: [ParNew: 16388K->4K(18432K), 0.0012639 secs] 169597K->153213K(205496K), 0.0013114 secs] [Times: user=0.00 sys=0.00, real=0.00 secs] 
2020-10-29T10:26:12.044+0000: [GC (Allocation Failure) 2020-10-29T10:26:12.044+0000: [ParNew: 16388K->4K(18432K), 0.0011687 secs] 169597K->153213K(205496K), 0.0012143 secs] [Times: user=0.00 sys=0.00, real=0.00 secs] 
2020-10-29T10:26:12.063+0000: [GC (Allocation Failure) 2020-10-29T10:26:12.063+0000: [ParNew: 16388K->4K(18432K), 0.0011999 secs] 169597K->153213K(205496K), 0.0012444 secs] [Times: user=0.01 sys=0.00, real=0.00 secs] 
2020-10-29T10:26:12.079+0000: [GC (Allocation Failure) 2020-10-29T10:26:12.079+0000: [ParNew: 13765K->4K(18432K), 0.0011899 secs] 166974K->153213K(205496K), 0.0012362 secs] [Times: user=0.00 sys=0.00, real=0.00 secs] 
2020-10-29T10:26:12.090+0000: [GC (Allocation Failure) 2020-10-29T10:26:12.090+0000: [ParNew: 16388K->4K(18432K), 0.0068320 secs] 169597K->161405K(205496K), 0.0068852 secs] [Times: user=0.01 sys=0.00, real=0.01 secs] 
2020-10-29T10:26:12.097+0000: [CMS-concurrent-abortable-preclean: 0.032/0.939 secs] [Times: user=1.10 sys=0.03, real=0.94 secs] 
2020-10-29T10:26:12.098+0000: [GC (CMS Final Remark) [YG occupancy: 329 K (18432 K)]2020-10-29T10:26:12.098+0000: [Rescan (parallel) , 0.0008235 secs]2020-10-29T10:26:12.099+0000: [weak refs processing, 0.0000262 secs]2020-10-29T10:26:12.099+0000: [class unloading, 0.0062427 secs]2020-10-29T10:26:12.105+0000: [scrub symbol table, 0.0078097 secs]2020-10-29T10:26:12.113+0000: [scrub string table, 0.0005169 secs][1 CMS-remark: 161401K(187064K)] 161731K(205496K), 0.0155081 secs] [Times: user=0.01 sys=0.00, real=0.02 secs] 
2020-10-29T10:26:12.114+0000: [CMS-concurrent-sweep-start]
2020-10-29T10:26:12.124+0000: [CMS-concurrent-sweep: 0.010/0.011 secs] [Times: user=0.02 sys=0.00, real=0.01 secs] 
2020-10-29T10:26:12.125+0000: [CMS-concurrent-reset-start]
2020-10-29T10:26:12.126+0000: [CMS-concurrent-reset: 0.002/0.002 secs] [Times: user=0.01 sys=0.00, real=0.00 secs] 
2020-10-29T10:26:12.136+0000: [GC (Allocation Failure) 2020-10-29T10:26:12.136+0000: [ParNew: 16388K->4K(18432K), 0.0015680 secs] 173693K->157309K(280608K), 0.0016081 secs] [Times: user=0.00 sys=0.00, real=0.00 secs] 
2020-10-29T10:26:12.155+0000: [GC (Allocation Failure) 2020-10-29T10:26:12.155+0000: [ParNew: 16388K->4K(18432K), 0.0014774 secs] 173693K->157309K(280608K), 0.0015215 secs] [Times: user=0.00 sys=0.00, real=0.00 secs] 
2020-10-29T10:26:12.174+0000: [GC (Allocation Failure) 2020-10-29T10:26:12.174+0000: [ParNew: 16388K->4K(18432K), 0.0015731 secs] 173693K->157309K(280608K), 0.0016184 secs] [Times: user=0.00 sys=0.00, real=0.00 secs] 
2020-10-29T10:26:12.193+0000: [GC (Allocation Failure) 2020-10-29T10:26:12.193+0000: [ParNew: 16388K->4K(18432K), 0.0015150 secs] 173693K->157309K(280608K), 0.0015544 secs] [Times: user=0.00 sys=0.00, real=0.00 secs] 
2020-10-29T10:26:12.212+0000: [GC (Allocation Failure) 2020-10-29T10:26:12.212+0000: [ParNew: 16388K->4K(18432K), 0.0014540 secs] 173693K->157309K(280608K), 0.0014941 secs] [Times: user=0.00 sys=0.00, real=0.00 secs] 
2020-10-29T10:26:12.231+0000: [GC (Allocation Failure) 2020-10-29T10:26:12.231+0000: [ParNew: 16388K->4K(18432K), 0.0012298 secs] 173693K->157309K(280608K), 0.0012756 secs] [Times: user=0.00 sys=0.00, real=0.00 secs] 
2020-10-29T10:26:12.254+0000: [GC (Allocation Failure) 2020-10-29T10:26:12.254+0000: [ParNew: 16388K->4K(18432K), 0.0015230 secs] 173693K->157309K(280608K), 0.0015906 secs] [Times: user=0.01 sys=0.00, real=0.00 secs] 
2020-10-29T10:26:12.273+0000: [GC (Allocation Failure) 2020-10-29T10:26:12.273+0000: [ParNew: 16388K->4K(18432K), 0.0015413 secs] 173693K->157309K(280608K), 0.0015801 secs] [Times: user=0.01 sys=0.00, real=0.00 secs] 
2020-10-29T10:26:12.292+0000: [GC (Allocation Failure) 2020-10-29T10:26:12.292+0000: [ParNew: 16388K->4K(18432K), 0.0014401 secs] 173693K->157309K(280608K), 0.0014807 secs] [Times: user=0.01 sys=0.00, real=0.00 secs] 
2020-10-29T10:26:12.311+0000: [GC (Allocation Failure) 2020-10-29T10:26:12.311+0000: [ParNew: 16388K->4K(18432K), 0.0014767 secs] 173693K->157309K(280608K), 0.0015236 secs] [Times: user=0.00 sys=0.00, real=0.00 secs] 
2020-10-29T10:26:12.329+0000: [GC (Allocation Failure) 2020-10-29T10:26:12.329+0000: [ParNew: 16388K->4K(18432K), 0.0016087 secs] 173693K->157309K(280608K), 0.0016590 secs] [Times: user=0.00 sys=0.00, real=0.01 secs] 
2020-10-29T10:26:12.348+0000: [GC (Allocation Failure) 2020-10-29T10:26:12.348+0000: [ParNew: 16388K->4K(18432K), 0.0015636 secs] 173693K->157309K(280608K), 0.0016118 secs] [Times: user=0.00 sys=0.00, real=0.00 secs] 
2020-10-29T10:26:12.367+0000: [GC (Allocation Failure) 2020-10-29T10:26:12.367+0000: [ParNew: 16388K->4K(18432K), 0.0014664 secs] 173693K->157309K(280608K), 0.0015100 secs] [Times: user=0.00 sys=0.00, real=0.00 secs] 
2020-10-29T10:26:12.385+0000: [GC (Allocation Failure) 2020-10-29T10:26:12.385+0000: [ParNew: 16388K->4K(18432K), 0.0015144 secs] 173693K->157309K(280608K), 0.0015717 secs] [Times: user=0.00 sys=0.00, real=0.00 secs] 
2020-10-29T10:26:12.404+0000: [GC (Allocation Failure) 2020-10-29T10:26:12.404+0000: [ParNew: 16388K->4K(18432K), 0.0012208 secs] 173693K->157309K(280608K), 0.0012599 secs] [Times: user=0.00 sys=0.00, real=0.00 secs] 
2020-10-29T10:26:12.422+0000: [GC (Allocation Failure) 2020-10-29T10:26:12.422+0000: [ParNew: 16388K->4K(18432K), 0.0012318 secs] 173693K->157309K(280608K), 0.0012680 secs] [Times: user=0.00 sys=0.00, real=0.01 secs] 
2020-10-29T10:26:12.440+0000: [GC (Allocation Failure) 2020-10-29T10:26:12.440+0000: [ParNew: 16388K->4K(18432K), 0.0014957 secs] 173693K->157309K(280608K), 0.0015431 secs] [Times: user=0.00 sys=0.00, real=0.00 secs] 
2020-10-29T10:26:12.461+0000: [GC (Allocation Failure) 2020-10-29T10:26:12.461+0000: [ParNew: 16388K->4K(18432K), 0.0014909 secs] 173693K->157309K(280608K), 0.0015538 secs] [Times: user=0.01 sys=0.00, real=0.01 secs] 
2020-10-29T10:26:12.480+0000: [GC (Allocation Failure) 2020-10-29T10:26:12.480+0000: [ParNew: 16388K->4K(18432K), 0.0014318 secs] 173693K->157309K(280608K), 0.0014736 secs] [Times: user=0.01 sys=0.00, real=0.00 secs] 
2020-10-29T10:26:12.495+0000: [GC (Allocation Failure) 2020-10-29T10:26:12.495+0000: [ParNew: 12831K->4K(18432K), 0.0014850 secs] 170136K->157309K(280608K), 0.0015236 secs] [Times: user=0.00 sys=0.00, real=0.00 secs] 
2020-10-29T10:26:12.506+0000: [GC (Allocation Failure) 2020-10-29T10:26:12.506+0000: [ParNew: 16388K->4K(18432K), 0.0068121 secs] 173693K->165501K(280608K), 0.0068548 secs] [Times: user=0.02 sys=0.00, real=0.01 secs] 
2020-10-29T10:26:12.514+0000: [GC (CMS Initial Mark) [1 CMS-initial-mark: 165497K(262176K)] 165827K(280608K), 0.0010580 secs] [Times: user=0.00 sys=0.00, real=0.00 secs] 
2020-10-29T10:26:12.515+0000: [CMS-concurrent-mark-start]
2020-10-29T10:26:12.552+0000: [CMS-concurrent-mark: 0.036/0.036 secs] [Times: user=0.06 sys=0.00, real=0.04 secs] 
2020-10-29T10:26:12.552+0000: [GC (Allocation Failure) 2020-10-29T10:26:12.552+0000: [ParNew: 16388K->4K(18432K), 0.0014912 secs] 181885K->165501K(280608K), 0.0015277 secs] [Times: user=0.00 sys=0.00, real=0.00 secs] 
2020-10-29T10:26:12.553+0000: [CMS-concurrent-preclean-start]
2020-10-29T10:26:12.554+0000: [CMS-concurrent-preclean: 0.001/0.001 secs] [Times: user=0.00 sys=0.00, real=0.00 secs] 
2020-10-29T10:26:12.558+0000: [GC (CMS Final Remark) [YG occupancy: 657 K (18432 K)]2020-10-29T10:26:12.558+0000: [Rescan (parallel) , 0.0011167 secs]2020-10-29T10:26:12.559+0000: [weak refs processing, 0.0000291 secs]2020-10-29T10:26:12.559+0000: [class unloading, 0.0061485 secs]2020-10-29T10:26:12.566+0000: [scrub symbol table, 0.0078261 secs]2020-10-29T10:26:12.573+0000: [scrub string table, 0.0004935 secs][1 CMS-remark: 165497K(262176K)] 166154K(280608K), 0.0157014 secs] [Times: user=0.02 sys=0.00, real=0.02 secs] 
2020-10-29T10:26:12.574+0000: [CMS-concurrent-sweep-start]
2020-10-29T10:26:12.581+0000: [CMS-concurrent-sweep: 0.007/0.007 secs] [Times: user=0.01 sys=0.00, real=0.00 secs] 
2020-10-29T10:26:12.581+0000: [CMS-concurrent-reset-start]
2020-10-29T10:26:12.583+0000: [CMS-concurrent-reset: 0.002/0.002 secs] [Times: user=0.00 sys=0.00, real=0.01 secs] 
2020-10-29T10:26:12.597+0000: [GC (Allocation Failure) 2020-10-29T10:26:12.597+0000: [ParNew: 16388K->4K(18432K), 0.0016321 secs] 181851K->165467K(294208K), 0.0016728 secs] [Times: user=0.00 sys=0.00, real=0.00 secs] 
2020-10-29T10:26:12.616+0000: [GC (Allocation Failure) 2020-10-29T10:26:12.616+0000: [ParNew: 16388K->4K(18432K), 0.0015071 secs] 181851K->165467K(294208K), 0.0015462 secs] [Times: user=0.00 sys=0.00, real=0.00 secs] 
2020-10-29T10:26:12.634+0000: [GC (Allocation Failure) 2020-10-29T10:26:12.634+0000: [ParNew: 16388K->4K(18432K), 0.0012470 secs] 181851K->165467K(294208K), 0.0012830 secs] [Times: user=0.00 sys=0.00, real=0.00 secs] 
2020-10-29T10:26:12.653+0000: [GC (Allocation Failure) 2020-10-29T10:26:12.653+0000: [ParNew: 16388K->4K(18432K), 0.0013913 secs] 181851K->165468K(294208K), 0.0014412 secs] [Times: user=0.00 sys=0.00, real=0.00 secs] 
2020-10-29T10:26:12.672+0000: [GC (Allocation Failure) 2020-10-29T10:26:12.672+0000: [ParNew: 16388K->4K(18432K), 0.0014942 secs] 181852K->165468K(294208K), 0.0015417 secs] [Times: user=0.00 sys=0.00, real=0.00 secs] 
2020-10-29T10:26:12.690+0000: [GC (Allocation Failure) 2020-10-29T10:26:12.690+0000: [ParNew: 16388K->4K(18432K), 0.0014734 secs] 181852K->165468K(294208K), 0.0015137 secs] [Times: user=0.00 sys=0.00, real=0.00 secs] 
2020-10-29T10:26:12.709+0000: [GC (Allocation Failure) 2020-10-29T10:26:12.709+0000: [ParNew: 16388K->4K(18432K), 0.0016200 secs] 181852K->165468K(294208K), 0.0016712 secs] [Times: user=0.00 sys=0.00, real=0.01 secs] 
2020-10-29T10:26:12.728+0000: [GC (Allocation Failure) 2020-10-29T10:26:12.728+0000: [ParNew: 16385K->4K(18432K), 0.0016339 secs] 181849K->165468K(294208K), 0.0016851 secs] [Times: user=0.00 sys=0.00, real=0.00 secs] 
2020-10-29T10:26:12.746+0000: [GC (Allocation Failure) 2020-10-29T10:26:12.746+0000: [ParNew: 16388K->4K(18432K), 0.0015557 secs] 181852K->165468K(294208K), 0.0016010 secs] [Times: user=0.00 sys=0.00, real=0.00 secs] 
2020-10-29T10:26:12.765+0000: [GC (Allocation Failure) 2020-10-29T10:26:12.765+0000: [ParNew: 16388K->4K(18432K), 0.0015738 secs] 181852K->165468K(294208K), 0.0016238 secs] [Times: user=0.00 sys=0.00, real=0.00 secs] 
2020-10-29T10:26:12.784+0000: [GC (Allocation Failure) 2020-10-29T10:26:12.784+0000: [ParNew: 16388K->4K(18432K), 0.0014264 secs] 181852K->165468K(294208K), 0.0014699 secs] [Times: user=0.00 sys=0.00, real=0.00 secs] 
2020-10-29T10:26:12.803+0000: [GC (Allocation Failure) 2020-10-29T10:26:12.803+0000: [ParNew: 16388K->4K(18432K), 0.0015906 secs] 181852K->165468K(294208K), 0.0016363 secs] [Times: user=0.00 sys=0.00, real=0.00 secs] 
2020-10-29T10:26:12.821+0000: [GC (Allocation Failure) 2020-10-29T10:26:12.821+0000: [ParNew: 16388K->4K(18432K), 0.0014770 secs] 181852K->165468K(294208K), 0.0015179 secs] [Times: user=0.00 sys=0.00, real=0.01 secs] 
2020-10-29T10:26:12.840+0000: [GC (Allocation Failure) 2020-10-29T10:26:12.840+0000: [ParNew: 16388K->4K(18432K), 0.0014738 secs] 181852K->165468K(294208K), 0.0015211 secs] [Times: user=0.00 sys=0.00, real=0.00 secs] 
2020-10-29T10:26:12.859+0000: [GC (Allocation Failure) 2020-10-29T10:26:12.859+0000: [ParNew: 16388K->4K(18432K), 0.0015271 secs] 181852K->165468K(294208K), 0.0015730 secs] [Times: user=0.00 sys=0.00, real=0.00 secs] 
2020-10-29T10:26:12.871+0000: [GC (Allocation Failure) 2020-10-29T10:26:12.871+0000: [ParNew: 16388K->4K(18432K), 0.0069875 secs] 181852K->173660K(294208K), 0.0070308 secs] [Times: user=0.01 sys=0.00, real=0.00 secs] 
2020-10-29T10:26:12.878+0000: [GC (CMS Initial Mark) [1 CMS-initial-mark: 173656K(275776K)] 173987K(294208K), 0.0010800 secs] [Times: user=0.00 sys=0.00, real=0.00 secs] 
2020-10-29T10:26:12.879+0000: [CMS-concurrent-mark-start]
2020-10-29T10:26:12.910+0000: [GC (Allocation Failure) 2020-10-29T10:26:12.910+0000: [ParNew: 16388K->4K(18432K), 0.0015037 secs] 190044K->173660K(294208K), 0.0015551 secs] [Times: user=0.00 sys=0.00, real=0.01 secs] 
2020-10-29T10:26:12.917+0000: [CMS-concurrent-mark: 0.036/0.038 secs] [Times: user=0.07 sys=0.00, real=0.04 secs] 
2020-10-29T10:26:12.917+0000: [CMS-concurrent-preclean-start]
2020-10-29T10:26:12.919+0000: [CMS-concurrent-preclean: 0.001/0.001 secs] [Times: user=0.01 sys=0.00, real=0.00 secs] 
2020-10-29T10:26:12.919+0000: [CMS-concurrent-abortable-preclean-start]
2020-10-29T10:26:12.932+0000: [GC (Allocation Failure) 2020-10-29T10:26:12.932+0000: [ParNew: 16388K->4K(18432K), 0.0016546 secs] 190044K->173660K(294208K), 0.0017080 secs] [Times: user=0.01 sys=0.00, real=0.00 secs] 
2020-10-29T10:26:12.952+0000: [GC (Allocation Failure) 2020-10-29T10:26:12.952+0000: [ParNew: 16388K->4K(18432K), 0.0015401 secs] 190044K->173660K(294208K), 0.0015922 secs] [Times: user=0.00 sys=0.00, real=0.00 secs] 
2020-10-29T10:26:12.971+0000: [GC (Allocation Failure) 2020-10-29T10:26:12.971+0000: [ParNew: 16388K->4K(18432K), 0.0014752 secs] 190044K->173660K(294208K), 0.0015415 secs] [Times: user=0.00 sys=0.00, real=0.00 secs] 
2020-10-29T10:26:12.990+0000: [GC (Allocation Failure) 2020-10-29T10:26:12.990+0000: [ParNew: 16388K->4K(18432K), 0.0015826 secs] 190044K->173660K(294208K), 0.0016327 secs] [Times: user=0.00 sys=0.00, real=0.01 secs] 
2020-10-29T10:26:13.009+0000: [GC (Allocation Failure) 2020-10-29T10:26:13.009+0000: [ParNew: 16388K->4K(18432K), 0.0015213 secs] 190044K->173660K(294208K), 0.0015671 secs] [Times: user=0.00 sys=0.00, real=0.01 secs] 
2020-10-29T10:26:13.028+0000: [GC (Allocation Failure) 2020-10-29T10:26:13.028+0000: [ParNew: 16386K->4K(18432K), 0.0013418 secs] 190042K->173660K(294208K), 0.0013865 secs] [Times: user=0.01 sys=0.00, real=0.00 secs] 
2020-10-29T10:26:13.050+0000: [GC (Allocation Failure) 2020-10-29T10:26:13.050+0000: [ParNew: 16388K->4K(18432K), 0.0015382 secs] 190044K->173660K(294208K), 0.0015885 secs] [Times: user=0.01 sys=0.00, real=0.00 secs] 
2020-10-29T10:26:13.073+0000: [GC (Allocation Failure) 2020-10-29T10:26:13.073+0000: [ParNew: 16388K->4K(18432K), 0.0014819 secs] 190044K->173660K(294208K), 0.0015295 secs] [Times: user=0.01 sys=0.00, real=0.00 secs] 
2020-10-29T10:26:13.092+0000: [GC (Allocation Failure) 2020-10-29T10:26:13.092+0000: [ParNew: 16388K->4K(18432K), 0.0015148 secs] 190044K->173660K(294208K), 0.0015630 secs] [Times: user=0.01 sys=0.00, real=0.00 secs] 
2020-10-29T10:26:13.111+0000: [GC (Allocation Failure) 2020-10-29T10:26:13.111+0000: [ParNew: 16388K->4K(18432K), 0.0012620 secs] 190044K->173660K(294208K), 0.0013038 secs] [Times: user=0.01 sys=0.00, real=0.00 secs] 
2020-10-29T10:26:13.130+0000: [GC (Allocation Failure) 2020-10-29T10:26:13.130+0000: [ParNew: 16388K->4K(18432K), 0.0012194 secs] 190044K->173660K(294208K), 0.0012568 secs] [Times: user=0.00 sys=0.00, real=0.00 secs] 
2020-10-29T10:26:13.149+0000: [GC (Allocation Failure) 2020-10-29T10:26:13.149+0000: [ParNew: 16388K->4K(18432K), 0.0012953 secs] 190044K->173660K(294208K), 0.0013367 secs] [Times: user=0.00 sys=0.00, real=0.01 secs] 
2020-10-29T10:26:13.168+0000: [GC (Allocation Failure) 2020-10-29T10:26:13.168+0000: [ParNew: 16388K->4K(18432K), 0.0012539 secs] 190044K->173660K(294208K), 0.0013130 secs] [Times: user=0.00 sys=0.00, real=0.00 secs] 
2020-10-29T10:26:13.186+0000: [GC (Allocation Failure) 2020-10-29T10:26:13.186+0000: [ParNew: 16388K->4K(18432K), 0.0012486 secs] 190044K->173660K(294208K), 0.0013066 secs] [Times: user=0.00 sys=0.00, real=0.00 secs] 
2020-10-29T10:26:13.205+0000: [GC (Allocation Failure) 2020-10-29T10:26:13.205+0000: [ParNew: 16388K->4K(18432K), 0.0012697 secs] 190044K->173660K(294208K), 0.0013099 secs] [Times: user=0.00 sys=0.00, real=0.00 secs] 
2020-10-29T10:26:13.220+0000: [GC (Allocation Failure) 2020-10-29T10:26:13.220+0000: [ParNew: 12781K->4K(18432K), 0.0011256 secs] 186438K->173660K(294208K), 0.0011618 secs] [Times: user=0.00 sys=0.00, real=0.00 secs] 
2020-10-29T10:26:13.231+0000: [GC (Allocation Failure) 2020-10-29T10:26:13.231+0000: [ParNew: 16388K->4K(18432K), 0.0071726 secs] 190044K->181852K(294208K), 0.0072099 secs] [Times: user=0.01 sys=0.00, real=0.00 secs] 
2020-10-29T10:26:13.238+0000: [CMS-concurrent-abortable-preclean: 0.014/0.319 secs] [Times: user=0.36 sys=0.01, real=0.32 secs] 
2020-10-29T10:26:13.241+0000: [GC (CMS Final Remark) [YG occupancy: 329 K (18432 K)]2020-10-29T10:26:13.242+0000: [Rescan (parallel) , 0.0009250 secs]2020-10-29T10:26:13.242+0000: [weak refs processing, 0.0000249 secs]2020-10-29T10:26:13.242+0000: [class unloading, 0.0062478 secs]2020-10-29T10:26:13.249+0000: [scrub symbol table, 0.0078515 secs]2020-10-29T10:26:13.257+0000: [scrub string table, 0.0005243 secs][1 CMS-remark: 181848K(275776K)] 182178K(294208K), 0.0156634 secs] [Times: user=0.02 sys=0.00, real=0.02 secs] 
2020-10-29T10:26:13.257+0000: [CMS-concurrent-sweep-start]
2020-10-29T10:26:13.266+0000: [CMS-concurrent-sweep: 0.009/0.009 secs] [Times: user=0.01 sys=0.00, real=0.01 secs] 
2020-10-29T10:26:13.266+0000: [CMS-concurrent-reset-start]
2020-10-29T10:26:13.268+0000: [CMS-concurrent-reset: 0.002/0.002 secs] [Times: user=0.01 sys=0.00, real=0.00 secs] 
2020-10-29T10:26:13.280+0000: [GC (Allocation Failure) 2020-10-29T10:26:13.280+0000: [ParNew: 16388K->4K(18432K), 0.0016475 secs] 198236K->181852K(321516K), 0.0016867 secs] [Times: user=0.00 sys=0.00, real=0.00 secs] 
2020-10-29T10:26:13.299+0000: [GC (Allocation Failure) 2020-10-29T10:26:13.299+0000: [ParNew: 16388K->4K(18432K), 0.0015091 secs] 198236K->181852K(321516K), 0.0015486 secs] [Times: user=0.00 sys=0.00, real=0.00 secs] 
2020-10-29T10:26:13.317+0000: [GC (Allocation Failure) 2020-10-29T10:26:13.317+0000: [ParNew: 16388K->4K(18432K), 0.0014989 secs] 198236K->181852K(321516K), 0.0015394 secs] [Times: user=0.00 sys=0.00, real=0.00 secs] 
2020-10-29T10:26:13.336+0000: [GC (Allocation Failure) 2020-10-29T10:26:13.336+0000: [ParNew: 16388K->4K(18432K), 0.0015463 secs] 198236K->181852K(321516K), 0.0015870 secs] [Times: user=0.00 sys=0.00, real=0.00 secs] 
2020-10-29T10:26:13.355+0000: [GC (Allocation Failure) 2020-10-29T10:26:13.355+0000: [ParNew: 16388K->4K(18432K), 0.0015830 secs] 198236K->181852K(321516K), 0.0016266 secs] [Times: user=0.00 sys=0.00, real=0.00 secs] 
2020-10-29T10:26:13.373+0000: [GC (Allocation Failure) 2020-10-29T10:26:13.374+0000: [ParNew: 16388K->4K(18432K), 0.0015476 secs] 198236K->181852K(321516K), 0.0015935 secs] [Times: user=0.00 sys=0.00, real=0.00 secs] 
2020-10-29T10:26:13.392+0000: [GC (Allocation Failure) 2020-10-29T10:26:13.392+0000: [ParNew: 16388K->4K(18432K), 0.0015338 secs] 198236K->181852K(321516K), 0.0015787 secs] [Times: user=0.00 sys=0.00, real=0.00 secs] 
2020-10-29T10:26:13.411+0000: [GC (Allocation Failure) 2020-10-29T10:26:13.411+0000: [ParNew: 16388K->4K(18432K), 0.0015712 secs] 198236K->181852K(321516K), 0.0016156 secs] [Times: user=0.01 sys=0.00, real=0.00 secs] 
2020-10-29T10:26:13.430+0000: [GC (Allocation Failure) 2020-10-29T10:26:13.430+0000: [ParNew: 16388K->4K(18432K), 0.0013586 secs] 198236K->181852K(321516K), 0.0013965 secs] [Times: user=0.00 sys=0.00, real=0.01 secs] 
2020-10-29T10:26:13.451+0000: [GC (Allocation Failure) 2020-10-29T10:26:13.451+0000: [ParNew: 16388K->4K(18432K), 0.0015050 secs] 198236K->181852K(321516K), 0.0015762 secs] [Times: user=0.00 sys=0.00, real=0.00 secs] 
2020-10-29T10:26:13.489+0000: [GC (Allocation Failure) 2020-10-29T10:26:13.489+0000: [ParNew: 16388K->4K(18432K), 0.0016687 secs] 231004K->214620K(321516K), 0.0017229 secs] [Times: user=0.00 sys=0.00, real=0.01 secs] 
2020-10-29T10:26:13.494+0000: [GC (CMS Initial Mark) [1 CMS-initial-mark: 214616K(303084K)] 214948K(321516K), 0.0009854 secs] [Times: user=0.01 sys=0.00, real=0.00 secs] 
2020-10-29T10:26:13.495+0000: [CMS-concurrent-mark-start]
2020-10-29T10:26:13.523+0000: [GC (Allocation Failure) 2020-10-29T10:26:13.523+0000: [ParNew: 16388K->4K(18432K), 0.0015485 secs] 231004K->214620K(321516K), 0.0015984 secs] [Times: user=0.00 sys=0.00, real=0.00 secs] 
2020-10-29T10:26:13.533+0000: [CMS-concurrent-mark: 0.036/0.038 secs] [Times: user=0.07 sys=0.00, real=0.04 secs] 
2020-10-29T10:26:13.533+0000: [CMS-concurrent-preclean-start]
2020-10-29T10:26:13.535+0000: [CMS-concurrent-preclean: 0.001/0.001 secs] [Times: user=0.00 sys=0.00, real=0.00 secs] 
2020-10-29T10:26:13.535+0000: [CMS-concurrent-abortable-preclean-start]
2020-10-29T10:26:13.546+0000: [GC (Allocation Failure) 2020-10-29T10:26:13.546+0000: [ParNew: 16388K->4K(18432K), 0.0014249 secs] 231004K->214620K(321516K), 0.0014621 secs] [Times: user=0.00 sys=0.00, real=0.00 secs] 
2020-10-29T10:26:13.565+0000: [GC (Allocation Failure) 2020-10-29T10:26:13.565+0000: [ParNew: 16388K->4K(18432K), 0.0014790 secs] 231004K->214620K(321516K), 0.0015253 secs] [Times: user=0.00 sys=0.00, real=0.00 secs] 
2020-10-29T10:26:13.584+0000: [GC (Allocation Failure) 2020-10-29T10:26:13.584+0000: [ParNew: 16388K->4K(18432K), 0.0015582 secs] 231004K->214620K(321516K), 0.0016081 secs] [Times: user=0.00 sys=0.00, real=0.00 secs] 
2020-10-29T10:26:13.604+0000: [GC (Allocation Failure) 2020-10-29T10:26:13.604+0000: [ParNew: 16388K->4K(18432K), 0.0015145 secs] 231004K->214620K(321516K), 0.0015632 secs] [Times: user=0.00 sys=0.00, real=0.00 secs] 
2020-10-29T10:26:13.615+0000: [GC (Allocation Failure) 2020-10-29T10:26:13.615+0000: [ParNew: 16388K->4K(18432K), 0.0069163 secs] 231004K->222812K(321516K), 0.0069552 secs] [Times: user=0.01 sys=0.01, real=0.01 secs] 
2020-10-29T10:26:13.645+0000: [GC (Allocation Failure) 2020-10-29T10:26:13.645+0000: [ParNew: 16388K->4K(18432K), 0.0033698 secs] 239196K->222812K(321516K), 0.0034234 secs] [Times: user=0.01 sys=0.00, real=0.00 secs] 
2020-10-29T10:26:13.667+0000: [GC (Allocation Failure) 2020-10-29T10:26:13.667+0000: [ParNew: 16388K->4K(18432K), 0.0016624 secs] 239196K->222812K(321516K), 0.0017141 secs] [Times: user=0.00 sys=0.00, real=0.00 secs] 
2020-10-29T10:26:13.686+0000: [GC (Allocation Failure) 2020-10-29T10:26:13.686+0000: [ParNew: 16388K->4K(18432K), 0.0015088 secs] 239196K->222812K(321516K), 0.0015573 secs] [Times: user=0.00 sys=0.00, real=0.00 secs] 
2020-10-29T10:26:13.706+0000: [GC (Allocation Failure) 2020-10-29T10:26:13.706+0000: [ParNew: 16388K->4K(18432K), 0.0014631 secs] 239196K->222812K(321516K), 0.0015078 secs] [Times: user=0.00 sys=0.00, real=0.00 secs] 
2020-10-29T10:26:13.725+0000: [GC (Allocation Failure) 2020-10-29T10:26:13.725+0000: [ParNew: 16388K->4K(18432K), 0.0014492 secs] 239196K->222812K(321516K), 0.0015031 secs] [Times: user=0.00 sys=0.00, real=0.00 secs] 
2020-10-29T10:26:13.744+0000: [GC (Allocation Failure) 2020-10-29T10:26:13.744+0000: [ParNew: 16388K->4K(18432K), 0.0014548 secs] 239196K->222812K(321516K), 0.0015017 secs] [Times: user=0.01 sys=0.00, real=0.00 secs] 
2020-10-29T10:26:13.763+0000: [GC (Allocation Failure) 2020-10-29T10:26:13.763+0000: [ParNew: 16388K->4K(18432K), 0.0014735 secs] 239196K->222812K(321516K), 0.0015194 secs] [Times: user=0.01 sys=0.00, real=0.00 secs] 
2020-10-29T10:26:13.782+0000: [GC (Allocation Failure) 2020-10-29T10:26:13.782+0000: [ParNew: 16388K->4K(18432K), 0.0014776 secs] 239196K->222812K(321516K), 0.0015231 secs] [Times: user=0.00 sys=0.00, real=0.01 secs] 
2020-10-29T10:26:13.801+0000: [GC (Allocation Failure) 2020-10-29T10:26:13.801+0000: [ParNew: 16388K->4K(18432K), 0.0013788 secs] 239196K->222812K(321516K), 0.0014214 secs] [Times: user=0.00 sys=0.00, real=0.00 secs] 
2020-10-29T10:26:13.819+0000: [GC (Allocation Failure) 2020-10-29T10:26:13.819+0000: [ParNew: 16388K->4K(18432K), 0.0012962 secs] 239196K->222812K(321516K), 0.0013355 secs] [Times: user=0.00 sys=0.00, real=0.00 secs] 
2020-10-29T10:26:13.843+0000: [GC (Allocation Failure) 2020-10-29T10:26:13.843+0000: [ParNew: 16388K->4K(18432K), 0.0013496 secs] 239196K->222812K(321516K), 0.0014079 secs] [Times: user=0.01 sys=0.00, real=0.00 secs] 
2020-10-29T10:26:13.862+0000: [GC (Allocation Failure) 2020-10-29T10:26:13.862+0000: [ParNew: 16388K->4K(18432K), 0.0012877 secs] 239196K->222812K(321516K), 0.0013296 secs] [Times: user=0.00 sys=0.00, real=0.00 secs] 
2020-10-29T10:26:13.885+0000: [GC (Allocation Failure) 2020-10-29T10:26:13.885+0000: [ParNew: 16388K->4K(18432K), 0.0014170 secs] 239196K->222812K(321516K), 0.0014714 secs] [Times: user=0.00 sys=0.00, real=0.00 secs] 
2020-10-29T10:26:13.916+0000: [GC (Allocation Failure) 2020-10-29T10:26:13.916+0000: [ParNew: 16388K->4K(18432K), 0.0014831 secs] 239196K->222812K(321516K), 0.0015482 secs] [Times: user=0.00 sys=0.00, real=0.00 secs] 
2020-10-29T10:26:13.947+0000: [GC (Allocation Failure) 2020-10-29T10:26:13.947+0000: [ParNew: 16388K->4K(18432K), 0.0014558 secs] 239196K->222812K(321516K), 0.0015021 secs] [Times: user=0.00 sys=0.00, real=0.00 secs] 
2020-10-29T10:26:13.966+0000: [GC (Allocation Failure) 2020-10-29T10:26:13.966+0000: [ParNew: 16388K->4K(18432K), 0.0013869 secs] 239196K->222812K(321516K), 0.0014315 secs] [Times: user=0.00 sys=0.00, real=0.00 secs] 
2020-10-29T10:26:13.985+0000: [GC (Allocation Failure) 2020-10-29T10:26:13.985+0000: [ParNew: 16388K->4K(18432K), 0.0013323 secs] 239196K->222812K(321516K), 0.0013757 secs] [Times: user=0.00 sys=0.00, real=0.00 secs] 
2020-10-29T10:26:14.003+0000: [GC (Allocation Failure) 2020-10-29T10:26:14.003+0000: [ParNew: 16388K->4K(18432K), 0.0014089 secs] 239196K->222812K(321516K), 0.0014777 secs] [Times: user=0.00 sys=0.00, real=0.00 secs] 
2020-10-29T10:26:14.015+0000: [GC (Allocation Failure) 2020-10-29T10:26:14.015+0000: [ParNew: 16388K->4K(18432K), 0.0068542 secs] 239196K->231005K(321516K), 0.0069001 secs] [Times: user=0.01 sys=0.00, real=0.00 secs] 
2020-10-29T10:26:14.040+0000: [GC (Allocation Failure) 2020-10-29T10:26:14.040+0000: [ParNew: 16388K->4K(18432K), 0.0014810 secs] 247389K->231005K(321516K), 0.0015271 secs] [Times: user=0.00 sys=0.00, real=0.00 secs] 
2020-10-29T10:26:14.059+0000: [GC (Allocation Failure) 2020-10-29T10:26:14.059+0000: [ParNew: 16388K->4K(18432K), 0.0012923 secs] 247389K->231005K(321516K), 0.0013326 secs] [Times: user=0.00 sys=0.00, real=0.00 secs] 
2020-10-29T10:26:14.077+0000: [GC (Allocation Failure) 2020-10-29T10:26:14.077+0000: [ParNew: 16388K->4K(18432K), 0.0013691 secs] 247389K->231005K(321516K), 0.0014168 secs] [Times: user=0.00 sys=0.00, real=0.00 secs] 
2020-10-29T10:26:14.097+0000: [GC (Allocation Failure) 2020-10-29T10:26:14.097+0000: [ParNew: 16388K->4K(18432K), 0.0014157 secs] 247389K->231005K(321516K), 0.0014596 secs] [Times: user=0.00 sys=0.00, real=0.00 secs] 
2020-10-29T10:26:14.116+0000: [GC (Allocation Failure) 2020-10-29T10:26:14.116+0000: [ParNew: 16388K->4K(18432K), 0.0013380 secs] 247389K->231005K(321516K), 0.0013818 secs] [Times: user=0.00 sys=0.00, real=0.00 secs] 
2020-10-29T10:26:14.134+0000: [GC (Allocation Failure) 2020-10-29T10:26:14.134+0000: [ParNew: 16388K->4K(18432K), 0.0012804 secs] 247389K->231005K(321516K), 0.0013195 secs] [Times: user=0.00 sys=0.00, real=0.00 secs] 
2020-10-29T10:26:14.153+0000: [GC (Allocation Failure) 2020-10-29T10:26:14.153+0000: [ParNew: 16388K->4K(18432K), 0.0012065 secs] 247389K->231005K(321516K), 0.0012450 secs] [Times: user=0.00 sys=0.00, real=0.00 secs] 
2020-10-29T10:26:14.173+0000: [GC (Allocation Failure) 2020-10-29T10:26:14.173+0000: [ParNew: 16388K->4K(18432K), 0.0012938 secs] 247389K->231005K(321516K), 0.0013483 secs] [Times: user=0.01 sys=0.00, real=0.00 secs] 
2020-10-29T10:26:14.193+0000: [GC (Allocation Failure) 2020-10-29T10:26:14.193+0000: [ParNew: 16383K->4K(18432K), 0.0014415 secs] 247384K->231005K(321516K), 0.0014865 secs] [Times: user=0.00 sys=0.00, real=0.00 secs] 
2020-10-29T10:26:14.212+0000: [GC (Allocation Failure) 2020-10-29T10:26:14.212+0000: [ParNew: 16388K->4K(18432K), 0.0014656 secs] 247389K->231005K(321516K), 0.0015120 secs] [Times: user=0.01 sys=0.00, real=0.00 secs] 
2020-10-29T10:26:14.231+0000: [GC (Allocation Failure) 2020-10-29T10:26:14.231+0000: [ParNew: 16388K->4K(18432K), 0.0013183 secs] 247389K->231005K(321516K), 0.0013724 secs] [Times: user=0.01 sys=0.00, real=0.00 secs] 
2020-10-29T10:26:14.249+0000: [GC (Allocation Failure) 2020-10-29T10:26:14.249+0000: [ParNew: 16388K->4K(18432K), 0.0013006 secs] 247389K->231005K(321516K), 0.0013394 secs] [Times: user=0.01 sys=0.00, real=0.01 secs] 
2020-10-29T10:26:14.268+0000: [GC (Allocation Failure) 2020-10-29T10:26:14.268+0000: [ParNew: 16388K->4K(18432K), 0.0011739 secs] 247389K->231005K(321516K), 0.0012110 secs] [Times: user=0.00 sys=0.00, real=0.00 secs] 
2020-10-29T10:26:14.286+0000: [GC (Allocation Failure) 2020-10-29T10:26:14.286+0000: [ParNew: 16388K->4K(18432K), 0.0011854 secs] 247389K->231006K(321516K), 0.0012214 secs] [Times: user=0.00 sys=0.00, real=0.00 secs] 
2020-10-29T10:26:14.305+0000: [GC (Allocation Failure) 2020-10-29T10:26:14.305+0000: [ParNew: 16388K->4K(18432K), 0.0011582 secs] 247390K->231006K(321516K), 0.0011948 secs] [Times: user=0.00 sys=0.00, real=0.00 secs] 
2020-10-29T10:26:14.323+0000: [GC (Allocation Failure) 2020-10-29T10:26:14.323+0000: [ParNew: 16388K->4K(18432K), 0.0012855 secs] 247390K->231006K(321516K), 0.0013268 secs] [Times: user=0.00 sys=0.00, real=0.00 secs] 
2020-10-29T10:26:14.342+0000: [GC (Allocation Failure) 2020-10-29T10:26:14.342+0000: [ParNew: 16388K->4K(18432K), 0.0013834 secs] 247390K->231006K(321516K), 0.0014250 secs] [Times: user=0.01 sys=0.00, real=0.01 secs] 
2020-10-29T10:26:14.360+0000: [GC (Allocation Failure) 2020-10-29T10:26:14.360+0000: [ParNew: 16388K->4K(18432K), 0.0013232 secs] 247390K->231006K(321516K), 0.0013658 secs] [Times: user=0.01 sys=0.00, real=0.00 secs] 
2020-10-29T10:26:14.379+0000: [GC (Allocation Failure) 2020-10-29T10:26:14.379+0000: [ParNew: 16388K->4K(18432K), 0.0012193 secs] 247390K->231006K(321516K), 0.0012571 secs] [Times: user=0.01 sys=0.00, real=0.00 secs] 
2020-10-29T10:26:14.397+0000: [GC (Allocation Failure) 2020-10-29T10:26:14.397+0000: [ParNew: 16388K->4K(18432K), 0.0011739 secs] 247390K->231006K(321516K), 0.0012100 secs] [Times: user=0.01 sys=0.00, real=0.00 secs] 
2020-10-29T10:26:14.428+0000: [GC (Allocation Failure) 2020-10-29T10:26:14.428+0000: [ParNew: 16388K->6K(18432K), 0.0029996 secs] 247390K->231008K(321516K), 0.0030590 secs] [Times: user=0.01 sys=0.00, real=0.01 secs] 
2020-10-29T10:26:14.460+0000: [GC (Allocation Failure) 2020-10-29T10:26:14.460+0000: [ParNew: 16390K->6K(18432K), 0.0029160 secs] 247392K->231008K(321516K), 0.0029589 secs] [Times: user=0.01 sys=0.00, real=0.01 secs] 
2020-10-29T10:26:14.475+0000: [GC (Allocation Failure) 2020-10-29T10:26:14.475+0000: [ParNew: 16390K->9K(18432K), 0.0068459 secs] 247392K->239203K(321516K), 0.0068846 secs] [Times: user=0.01 sys=0.00, real=0.00 secs] 
2020-10-29T10:26:14.499+0000: [GC (Allocation Failure) 2020-10-29T10:26:14.499+0000: [ParNew: 16393K->6K(18432K), 0.0014614 secs] 255587K->239200K(321516K), 0.0015007 secs] [Times: user=0.00 sys=0.00, real=0.00 secs] 
2020-10-29T10:26:14.517+0000: [GC (Allocation Failure) 2020-10-29T10:26:14.517+0000: [ParNew: 16388K->6K(18432K), 0.0014918 secs] 255582K->239200K(321516K), 0.0015371 secs] [Times: user=0.00 sys=0.00, real=0.00 secs] 
2020-10-29T10:26:14.535+0000: [GC (Allocation Failure) 2020-10-29T10:26:14.535+0000: [ParNew: 16390K->7K(18432K), 0.0013682 secs] 255584K->239201K(321516K), 0.0014114 secs] [Times: user=0.00 sys=0.00, real=0.00 secs] 
2020-10-29T10:26:14.553+0000: [GC (Allocation Failure) 2020-10-29T10:26:14.553+0000: [ParNew: 16391K->4K(18432K), 0.0012775 secs] 255585K->239202K(321516K), 0.0013150 secs] [Times: user=0.00 sys=0.00, real=0.00 secs] 
2020-10-29T10:26:14.571+0000: [GC (Allocation Failure) 2020-10-29T10:26:14.571+0000: [ParNew: 16388K->4K(18432K), 0.0012851 secs] 255586K->239201K(321516K), 0.0013246 secs] [Times: user=0.00 sys=0.00, real=0.00 secs] 
2020-10-29T10:26:14.589+0000: [GC (Allocation Failure) 2020-10-29T10:26:14.589+0000: [ParNew: 16388K->4K(18432K), 0.0013239 secs] 255585K->239201K(321516K), 0.0013642 secs] [Times: user=0.00 sys=0.00, real=0.00 secs] 
2020-10-29T10:26:14.607+0000: [GC (Allocation Failure) 2020-10-29T10:26:14.607+0000: [ParNew: 16388K->4K(18432K), 0.0013965 secs] 255585K->239201K(321516K), 0.0014405 secs] [Times: user=0.00 sys=0.00, real=0.00 secs] 
2020-10-29T10:26:14.625+0000: [GC (Allocation Failure) 2020-10-29T10:26:14.625+0000: [ParNew: 16388K->4K(18432K), 0.0014495 secs] 255585K->239201K(321516K), 0.0014938 secs] [Times: user=0.00 sys=0.00, real=0.00 secs] 
2020-10-29T10:26:14.643+0000: [GC (Allocation Failure) 2020-10-29T10:26:14.643+0000: [ParNew: 16388K->4K(18432K), 0.0014206 secs] 255585K->239201K(321516K), 0.0014661 secs] [Times: user=0.00 sys=0.00, real=0.00 secs] 
2020-10-29T10:26:14.661+0000: [GC (Allocation Failure) 2020-10-29T10:26:14.661+0000: [ParNew: 16388K->4K(18432K), 0.0014115 secs] 255585K->239201K(321516K), 0.0014573 secs] [Times: user=0.00 sys=0.00, real=0.00 secs] 
2020-10-29T10:26:14.679+0000: [GC (Allocation Failure) 2020-10-29T10:26:14.679+0000: [ParNew: 16388K->4K(18432K), 0.0014296 secs] 255585K->239201K(321516K), 0.0014747 secs] [Times: user=0.00 sys=0.00, real=0.00 secs] 
2020-10-29T10:26:14.698+0000: [GC (Allocation Failure) 2020-10-29T10:26:14.698+0000: [ParNew: 16388K->4K(18432K), 0.0014303 secs] 255585K->239201K(321516K), 0.0014790 secs] [Times: user=0.00 sys=0.00, real=0.00 secs] 
2020-10-29T10:26:14.716+0000: [GC (Allocation Failure) 2020-10-29T10:26:14.716+0000: [ParNew: 16388K->4K(18432K), 0.0013688 secs] 255585K->239201K(321516K), 0.0014268 secs] [Times: user=0.00 sys=0.00, real=0.00 secs] 
2020-10-29T10:26:14.734+0000: [GC (Allocation Failure) 2020-10-29T10:26:14.734+0000: [ParNew: 16388K->4K(18432K), 0.0013767 secs] 255585K->239201K(321516K), 0.0014293 secs] [Times: user=0.00 sys=0.00, real=0.00 secs] 
2020-10-29T10:26:14.752+0000: [GC (Allocation Failure) 2020-10-29T10:26:14.752+0000: [ParNew: 16388K->4K(18432K), 0.0012563 secs] 255585K->239201K(321516K), 0.0012999 secs] [Times: user=0.00 sys=0.00, real=0.00 secs] 
2020-10-29T10:26:14.769+0000: [GC (Allocation Failure) 2020-10-29T10:26:14.769+0000: [ParNew: 16388K->4K(18432K), 0.0013651 secs] 255585K->239201K(321516K), 0.0014084 secs] [Times: user=0.00 sys=0.00, real=0.01 secs] 
2020-10-29T10:26:14.787+0000: [GC (Allocation Failure) 2020-10-29T10:26:14.787+0000: [ParNew: 16388K->4K(18432K), 0.0013493 secs] 255585K->239201K(321516K), 0.0013908 secs] [Times: user=0.00 sys=0.00, real=0.00 secs] 
2020-10-29T10:26:14.805+0000: [GC (Allocation Failure) 2020-10-29T10:26:14.805+0000: [ParNew: 16388K->4K(18432K), 0.0015014 secs] 255585K->239201K(321516K), 0.0015614 secs] [Times: user=0.00 sys=0.00, real=0.00 secs] 
2020-10-29T10:26:14.823+0000: [GC (Allocation Failure) 2020-10-29T10:26:14.823+0000: [ParNew: 16388K->4K(18432K), 0.0014534 secs] 255585K->239201K(321516K), 0.0015011 secs] [Times: user=0.00 sys=0.00, real=0.00 secs] 
2020-10-29T10:26:14.841+0000: [GC (Allocation Failure) 2020-10-29T10:26:14.841+0000: [ParNew: 16388K->4K(18432K), 0.0013834 secs] 255585K->239201K(321516K), 0.0014311 secs] [Times: user=0.00 sys=0.00, real=0.01 secs] 
2020-10-29T10:26:14.859+0000: [GC (Allocation Failure) 2020-10-29T10:26:14.859+0000: [ParNew: 16388K->4K(18432K), 0.0015138 secs] 255585K->239201K(321516K), 0.0015638 secs] [Times: user=0.01 sys=0.00, real=0.00 secs] 
2020-10-29T10:26:14.877+0000: [GC (Allocation Failure) 2020-10-29T10:26:14.877+0000: [ParNew: 16388K->4K(18432K), 0.0014648 secs] 255585K->239201K(321516K), 0.0015114 secs] [Times: user=0.01 sys=0.00, real=0.00 secs] 
2020-10-29T10:26:14.895+0000: [GC (Allocation Failure) 2020-10-29T10:26:14.895+0000: [ParNew: 16388K->4K(18432K), 0.0014451 secs] 255585K->239201K(321516K), 0.0014904 secs] [Times: user=0.00 sys=0.00, real=0.00 secs] 
2020-10-29T10:26:14.907+0000: [GC (Allocation Failure) 2020-10-29T10:26:14.907+0000: [ParNew: 16388K->4K(18432K), 0.0070364 secs] 255585K->247393K(321516K), 0.0070812 secs] [Times: user=0.01 sys=0.00, real=0.01 secs] 
2020-10-29T10:26:14.933+0000: [GC (Allocation Failure) 2020-10-29T10:26:14.933+0000: [ParNew: 16388K->4K(18432K), 0.0016261 secs] 263777K->247393K(321516K), 0.0016735 secs] [Times: user=0.01 sys=0.00, real=0.00 secs] 
2020-10-29T10:26:14.951+0000: [GC (Allocation Failure) 2020-10-29T10:26:14.951+0000: [ParNew: 16388K->4K(18432K), 0.0013967 secs] 263777K->247393K(321516K), 0.0014408 secs] [Times: user=0.01 sys=0.00, real=0.00 secs] 
2020-10-29T10:26:14.969+0000: [GC (Allocation Failure) 2020-10-29T10:26:14.969+0000: [ParNew: 16388K->4K(18432K), 0.0014843 secs] 263777K->247393K(321516K), 0.0015376 secs] [Times: user=0.01 sys=0.00, real=0.01 secs] 
2020-10-29T10:26:14.987+0000: [GC (Allocation Failure) 2020-10-29T10:26:14.987+0000: [ParNew: 16388K->4K(18432K), 0.0014275 secs] 263777K->247393K(321516K), 0.0014715 secs] [Times: user=0.01 sys=0.00, real=0.00 secs] 
2020-10-29T10:26:15.005+0000: [GC (Allocation Failure) 2020-10-29T10:26:15.005+0000: [ParNew: 16388K->4K(18432K), 0.0013690 secs] 263777K->247393K(321516K), 0.0014127 secs] [Times: user=0.01 sys=0.00, real=0.00 secs] 
2020-10-29T10:26:15.023+0000: [GC (Allocation Failure) 2020-10-29T10:26:15.023+0000: [ParNew: 16388K->4K(18432K), 0.0013681 secs] 263777K->247394K(321516K), 0.0014108 secs] [Times: user=0.01 sys=0.00, real=0.00 secs] 
2020-10-29T10:26:15.041+0000: [GC (Allocation Failure) 2020-10-29T10:26:15.041+0000: [ParNew: 16388K->4K(18432K), 0.0013761 secs] 263778K->247394K(321516K), 0.0014200 secs] [Times: user=0.01 sys=0.00, real=0.01 secs] 
2020-10-29T10:26:15.059+0000: [GC (Allocation Failure) 2020-10-29T10:26:15.059+0000: [ParNew: 16388K->4K(18432K), 0.0014146 secs] 263778K->247394K(321516K), 0.0014600 secs] [Times: user=0.01 sys=0.00, real=0.00 secs] 
2020-10-29T10:26:15.077+0000: [GC (Allocation Failure) 2020-10-29T10:26:15.077+0000: [ParNew: 16388K->4K(18432K), 0.0014157 secs] 263778K->247394K(321516K), 0.0014673 secs] [Times: user=0.01 sys=0.00, real=0.00 secs] 
2020-10-29T10:26:15.095+0000: [GC (Allocation Failure) 2020-10-29T10:26:15.095+0000: [ParNew: 16388K->4K(18432K), 0.0014469 secs] 263778K->247394K(321516K), 0.0015033 secs] [Times: user=0.00 sys=0.00, real=0.00 secs] 
2020-10-29T10:26:15.113+0000: [GC (Allocation Failure) 2020-10-29T10:26:15.113+0000: [ParNew: 16388K->4K(18432K), 0.0014331 secs] 263778K->247394K(321516K), 0.0014904 secs] [Times: user=0.00 sys=0.00, real=0.00 secs] 
2020-10-29T10:26:15.131+0000: [GC (Allocation Failure) 2020-10-29T10:26:15.131+0000: [ParNew: 16388K->4K(18432K), 0.0013326 secs] 263778K->247394K(321516K), 0.0013740 secs] [Times: user=0.00 sys=0.00, real=0.00 secs] 
2020-10-29T10:26:15.149+0000: [GC (Allocation Failure) 2020-10-29T10:26:15.149+0000: [ParNew: 16388K->4K(18432K), 0.0013288 secs] 263778K->247394K(321516K), 0.0013706 secs] [Times: user=0.00 sys=0.00, real=0.01 secs] 
2020-10-29T10:26:15.167+0000: [GC (Allocation Failure) 2020-10-29T10:26:15.167+0000: [ParNew: 16388K->4K(18432K), 0.0013410 secs] 263778K->247394K(321516K), 0.0013824 secs] [Times: user=0.00 sys=0.00, real=0.00 secs] 
2020-10-29T10:26:15.185+0000: [GC (Allocation Failure) 2020-10-29T10:26:15.185+0000: [ParNew: 16388K->4K(18432K), 0.0014602 secs] 263778K->247394K(321516K), 0.0015056 secs] [Times: user=0.00 sys=0.00, real=0.00 secs] 
2020-10-29T10:26:15.203+0000: [GC (Allocation Failure) 2020-10-29T10:26:15.203+0000: [ParNew: 16388K->4K(18432K), 0.0014182 secs] 263778K->247394K(321516K), 0.0014632 secs] [Times: user=0.01 sys=0.00, real=0.00 secs] 
2020-10-29T10:26:15.220+0000: [GC (Allocation Failure) 2020-10-29T10:26:15.220+0000: [ParNew: 16388K->4K(18432K), 0.0014127 secs] 263778K->247394K(321516K), 0.0014573 secs] [Times: user=0.01 sys=0.00, real=0.00 secs] 
2020-10-29T10:26:15.239+0000: [GC (Allocation Failure) 2020-10-29T10:26:15.239+0000: [ParNew: 16388K->4K(18432K), 0.0014563 secs] 263778K->247394K(321516K), 0.0015014 secs] [Times: user=0.00 sys=0.00, real=0.00 secs] 
2020-10-29T10:26:15.257+0000: [GC (Allocation Failure) 2020-10-29T10:26:15.257+0000: [ParNew: 16388K->4K(18432K), 0.0013248 secs] 263778K->247394K(321516K), 0.0013647 secs] [Times: user=0.00 sys=0.00, real=0.00 secs] 
2020-10-29T10:26:15.274+0000: [GC (Allocation Failure) 2020-10-29T10:26:15.274+0000: [ParNew: 16388K->4K(18432K), 0.0013577 secs] 263778K->247394K(321516K), 0.0014007 secs] [Times: user=0.00 sys=0.00, real=0.00 secs] 
2020-10-29T10:26:15.292+0000: [GC (Allocation Failure) 2020-10-29T10:26:15.292+0000: [ParNew: 16388K->4K(18432K), 0.0012772 secs] 263778K->247394K(321516K), 0.0013167 secs] [Times: user=0.00 sys=0.00, real=0.00 secs] 
2020-10-29T10:26:15.310+0000: [GC (Allocation Failure) 2020-10-29T10:26:15.310+0000: [ParNew: 16388K->4K(18432K), 0.0013222 secs] 263778K->247394K(321516K), 0.0013641 secs] [Times: user=0.01 sys=0.00, real=0.00 secs] 
2020-10-29T10:26:15.328+0000: [GC (Allocation Failure) 2020-10-29T10:26:15.328+0000: [ParNew: 16388K->4K(18432K), 0.0014030 secs] 263778K->247394K(321516K), 0.0014486 secs] [Times: user=0.00 sys=0.00, real=0.00 secs] 
2020-10-29T10:26:15.346+0000: [GC (Allocation Failure) 2020-10-29T10:26:15.346+0000: [ParNew: 16388K->4K(18432K), 0.0014861 secs] 263778K->247394K(321516K), 0.0015308 secs] [Times: user=0.00 sys=0.00, real=0.00 secs] 
2020-10-29T10:26:15.364+0000: [GC (Allocation Failure) 2020-10-29T10:26:15.364+0000: [ParNew: 16388K->4K(18432K), 0.0012960 secs] 263778K->247394K(321516K), 0.0013373 secs] [Times: user=0.00 sys=0.00, real=0.00 secs] 
2020-10-29T10:26:15.382+0000: [GC (Allocation Failure) 2020-10-29T10:26:15.382+0000: [ParNew: 16388K->4K(18432K), 0.0012997 secs] 263778K->247394K(321516K), 0.0013391 secs] [Times: user=0.00 sys=0.00, real=0.01 secs] 
2020-10-29T10:26:15.399+0000: [GC (Allocation Failure) 2020-10-29T10:26:15.400+0000: [ParNew: 16388K->4K(18432K), 0.0013314 secs] 263778K->247394K(321516K), 0.0013726 secs] [Times: user=0.00 sys=0.00, real=0.00 secs] 
2020-10-29T10:26:15.417+0000: [GC (Allocation Failure) 2020-10-29T10:26:15.417+0000: [ParNew: 16388K->4K(18432K), 0.0013432 secs] 263778K->247394K(321516K), 0.0013863 secs] [Times: user=0.00 sys=0.00, real=0.00 secs] 
2020-10-29T10:26:15.429+0000: [GC (Allocation Failure) 2020-10-29T10:26:15.429+0000: [ParNew: 16388K->4K(18432K), 0.0066761 secs] 263778K->255586K(321516K), 0.0067173 secs] [Times: user=0.01 sys=0.00, real=0.01 secs] 
2020-10-29T10:26:15.452+0000: [GC (Allocation Failure) 2020-10-29T10:26:15.452+0000: [ParNew: 16388K->4K(18432K), 0.0013744 secs] 271970K->255586K(321516K), 0.0014161 secs] [Times: user=0.00 sys=0.00, real=0.00 secs] 
2020-10-29T10:26:15.470+0000: [GC (Allocation Failure) 2020-10-29T10:26:15.470+0000: [ParNew: 16388K->4K(18432K), 0.0012362 secs] 271970K->255586K(321516K), 0.0012741 secs] [Times: user=0.00 sys=0.00, real=0.01 secs] 
2020-10-29T10:26:15.487+0000: [GC (Allocation Failure) 2020-10-29T10:26:15.487+0000: [ParNew: 16388K->4K(18432K), 0.0013782 secs] 271970K->255586K(321516K), 0.0014278 secs] [Times: user=0.00 sys=0.00, real=0.00 secs] 
2020-10-29T10:26:15.505+0000: [GC (Allocation Failure) 2020-10-29T10:26:15.505+0000: [ParNew: 16388K->4K(18432K), 0.0014596 secs] 271970K->255586K(321516K), 0.0015047 secs] [Times: user=0.00 sys=0.00, real=0.00 secs] 
2020-10-29T10:26:15.523+0000: [GC (Allocation Failure) 2020-10-29T10:26:15.523+0000: [ParNew: 16388K->4K(18432K), 0.0014034 secs] 271970K->255586K(321516K), 0.0014479 secs] [Times: user=0.00 sys=0.00, real=0.00 secs] 
2020-10-29T10:26:15.541+0000: [GC (Allocation Failure) 2020-10-29T10:26:15.541+0000: [ParNew: 16388K->4K(18432K), 0.0018600 secs] 271970K->255586K(321516K), 0.0019243 secs] [Times: user=0.00 sys=0.00, real=0.01 secs] 
2020-10-29T10:26:15.562+0000: [GC (Allocation Failure) 2020-10-29T10:26:15.562+0000: [ParNew: 16388K->4K(18432K), 0.0014139 secs] 271970K->255586K(321516K), 0.0014583 secs] [Times: user=0.00 sys=0.00, real=0.01 secs] 
2020-10-29T10:26:15.579+0000: [GC (Allocation Failure) 2020-10-29T10:26:15.579+0000: [ParNew: 16388K->4K(18432K), 0.0012925 secs] 271970K->255586K(321516K), 0.0013330 secs] [Times: user=0.00 sys=0.00, real=0.00 secs] 
2020-10-29T10:26:15.597+0000: [GC (Allocation Failure) 2020-10-29T10:26:15.597+0000: [ParNew: 16388K->4K(18432K), 0.0012473 secs] 271970K->255586K(321516K), 0.0012847 secs] [Times: user=0.00 sys=0.00, real=0.00 secs] 
2020-10-29T10:26:15.614+0000: [GC (Allocation Failure) 2020-10-29T10:26:15.614+0000: [ParNew: 16388K->4K(18432K), 0.0012346 secs] 271970K->255586K(321516K), 0.0012737 secs] [Times: user=0.00 sys=0.00, real=0.00 secs] 
2020-10-29T10:26:15.632+0000: [GC (Allocation Failure) 2020-10-29T10:26:15.632+0000: [ParNew: 16388K->4K(18432K), 0.0012736 secs] 271970K->255586K(321516K), 0.0013214 secs] [Times: user=0.00 sys=0.00, real=0.00 secs] 
2020-10-29T10:26:15.649+0000: [GC (Allocation Failure) 2020-10-29T10:26:15.649+0000: [ParNew: 16388K->4K(18432K), 0.0012018 secs] 271970K->255586K(321516K), 0.0012400 secs] [Times: user=0.00 sys=0.00, real=0.01 secs] 
2020-10-29T10:26:15.667+0000: [GC (Allocation Failure) 2020-10-29T10:26:15.667+0000: [ParNew: 16388K->2K(18432K), 0.0028112 secs] 271970K->255584K(321516K), 0.0028588 secs] [Times: user=0.00 sys=0.00, real=0.00 secs] 
2020-10-29T10:26:15.687+0000: [GC (Allocation Failure) 2020-10-29T10:26:15.687+0000: [ParNew: 16386K->4K(18432K), 0.0015778 secs] 271968K->255586K(321516K), 0.0016210 secs] [Times: user=0.00 sys=0.00, real=0.00 secs] 
2020-10-29T10:26:15.707+0000: [GC (Allocation Failure) 2020-10-29T10:26:15.707+0000: [ParNew: 16388K->2K(18432K), 0.0020114 secs] 271970K->255584K(321516K), 0.0020551 secs] [Times: user=0.01 sys=0.00, real=0.00 secs] 
2020-10-29T10:26:15.728+0000: [GC (Allocation Failure) 2020-10-29T10:26:15.728+0000: [ParNew: 16386K->4K(18432K), 0.0014559 secs] 271968K->255586K(321516K), 0.0015070 secs] [Times: user=0.01 sys=0.00, real=0.00 secs] 
2020-10-29T10:26:15.747+0000: [GC (Allocation Failure) 2020-10-29T10:26:15.747+0000: [ParNew: 16388K->4K(18432K), 0.0013207 secs] 271970K->255586K(321516K), 0.0013666 secs] [Times: user=0.00 sys=0.00, real=0.00 secs] 
2020-10-29T10:26:15.767+0000: [GC (Allocation Failure) 2020-10-29T10:26:15.767+0000: [ParNew: 16388K->4K(18432K), 0.0016611 secs] 271970K->255586K(321516K), 0.0017096 secs] [Times: user=0.00 sys=0.00, real=0.00 secs] 
2020-10-29T10:26:15.786+0000: [GC (Allocation Failure) 2020-10-29T10:26:15.786+0000: [ParNew: 16388K->4K(18432K), 0.0015256 secs] 271970K->255586K(321516K), 0.0015667 secs] [Times: user=0.00 sys=0.00, real=0.00 secs] 
2020-10-29T10:26:15.807+0000: [GC (Allocation Failure) 2020-10-29T10:26:15.807+0000: [ParNew: 16388K->4K(18432K), 0.0014985 secs] 271970K->255586K(321516K), 0.0015432 secs] [Times: user=0.00 sys=0.00, real=0.00 secs] 
2020-10-29T10:26:15.826+0000: [GC (Allocation Failure) 2020-10-29T10:26:15.826+0000: [ParNew: 16388K->4K(18432K), 0.0015981 secs] 271970K->255586K(321516K), 0.0016467 secs] [Times: user=0.01 sys=0.00, real=0.00 secs] 
2020-10-29T10:26:15.845+0000: [GC (Allocation Failure) 2020-10-29T10:26:15.845+0000: [ParNew: 16388K->4K(18432K), 0.0015320 secs] 271970K->255586K(321516K), 0.0015960 secs] [Times: user=0.00 sys=0.01, real=0.00 secs] 
2020-10-29T10:26:15.863+0000: [GC (Allocation Failure) 2020-10-29T10:26:15.863+0000: [ParNew: 16388K->4K(18432K), 0.0012910 secs] 271970K->255586K(321516K), 0.0013297 secs] [Times: user=0.00 sys=0.00, real=0.00 secs] 
2020-10-29T10:26:15.881+0000: [GC (Allocation Failure) 2020-10-29T10:26:15.881+0000: [ParNew: 16388K->4K(18432K), 0.0012509 secs] 271970K->255586K(321516K), 0.0012894 secs] [Times: user=0.00 sys=0.00, real=0.00 secs] 
2020-10-29T10:26:15.898+0000: [GC (Allocation Failure) 2020-10-29T10:26:15.898+0000: [ParNew: 16388K->4K(18432K), 0.0015534 secs] 271970K->255586K(321516K), 0.0015914 secs] [Times: user=0.00 sys=0.00, real=0.00 secs] 
2020-10-29T10:26:15.917+0000: [GC (Allocation Failure) 2020-10-29T10:26:15.917+0000: [ParNew: 16388K->4K(18432K), 0.0012652 secs] 271970K->255586K(321516K), 0.0013022 secs] [Times: user=0.00 sys=0.00, real=0.00 secs] 
2020-10-29T10:26:15.935+0000: [GC (Allocation Failure) 2020-10-29T10:26:15.935+0000: [ParNew: 16388K->4K(18432K), 0.0012113 secs] 271970K->255586K(321516K), 0.0012483 secs] [Times: user=0.00 sys=0.00, real=0.00 secs] 
2020-10-29T10:26:15.953+0000: [GC (Allocation Failure) 2020-10-29T10:26:15.953+0000: [ParNew: 16388K->4K(18432K), 0.0013579 secs] 271970K->255586K(321516K), 0.0013976 secs] [Times: user=0.00 sys=0.00, real=0.00 secs] 
2020-10-29T10:26:15.972+0000: [GC (Allocation Failure) 2020-10-29T10:26:15.972+0000: [ParNew: 16388K->4K(18432K), 0.0012519 secs] 271970K->255586K(321516K), 0.0012892 secs] [Times: user=0.00 sys=0.00, real=0.00 secs] 
2020-10-29T10:26:15.990+0000: [GC (Allocation Failure) 2020-10-29T10:26:15.990+0000: [ParNew: 16388K->4K(18432K), 0.0014214 secs] 271970K->255586K(321516K), 0.0014635 secs] [Times: user=0.00 sys=0.00, real=0.01 secs] 
2020-10-29T10:26:16.008+0000: [GC (Allocation Failure) 2020-10-29T10:26:16.008+0000: [ParNew: 16388K->4K(18432K), 0.0014451 secs] 271970K->255586K(321516K), 0.0014861 secs] [Times: user=0.00 sys=0.00, real=0.00 secs] 
2020-10-29T10:26:16.027+0000: [GC (Allocation Failure) 2020-10-29T10:26:16.027+0000: [ParNew: 16388K->4K(18432K), 0.0014613 secs] 271970K->255586K(321516K), 0.0015028 secs] [Times: user=0.00 sys=0.00, real=0.00 secs] 
2020-10-29T10:26:16.047+0000: [GC (Allocation Failure) 2020-10-29T10:26:16.047+0000: [ParNew: 16388K->4K(18432K), 0.0014410 secs] 271970K->255586K(321516K), 0.0014859 secs] [Times: user=0.00 sys=0.00, real=0.00 secs] 
2020-10-29T10:26:16.065+0000: [GC (Allocation Failure) 2020-10-29T10:26:16.065+0000: [ParNew: 16388K->4K(18432K), 0.0013399 secs] 271970K->255586K(321516K), 0.0013822 secs] [Times: user=0.00 sys=0.00, real=0.00 secs] 
2020-10-29T10:26:16.084+0000: [GC (Allocation Failure) 2020-10-29T10:26:16.084+0000: [ParNew: 16388K->4K(18432K), 0.0013111 secs] 271970K->255586K(321516K), 0.0013511 secs] [Times: user=0.00 sys=0.00, real=0.00 secs] 
2020-10-29T10:26:16.103+0000: [GC (Allocation Failure) 2020-10-29T10:26:16.103+0000: [ParNew: 16388K->4K(18432K), 0.0014813 secs] 271970K->255586K(321516K), 0.0015239 secs] [Times: user=0.00 sys=0.00, real=0.00 secs] 
2020-10-29T10:26:16.121+0000: [GC (Allocation Failure) 2020-10-29T10:26:16.121+0000: [ParNew: 16388K->4K(18432K), 0.0014679 secs] 271970K->255586K(321516K), 0.0015098 secs] [Times: user=0.01 sys=0.00, real=0.01 secs] 
2020-10-29T10:26:16.139+0000: [GC (Allocation Failure) 2020-10-29T10:26:16.139+0000: [ParNew: 16388K->4K(18432K), 0.0015392 secs] 271970K->255586K(321516K), 0.0015837 secs] [Times: user=0.00 sys=0.00, real=0.00 secs] 
2020-10-29T10:26:16.151+0000: [GC (Allocation Failure) 2020-10-29T10:26:16.151+0000: [ParNew: 16388K->4K(18432K), 0.0069445 secs] 271970K->263778K(321516K), 0.0069849 secs] [Times: user=0.02 sys=0.00, real=0.00 secs] 
2020-10-29T10:26:16.175+0000: [GC (Allocation Failure) 2020-10-29T10:26:16.175+0000: [ParNew: 16388K->4K(18432K), 0.0014800 secs] 280162K->263778K(321516K), 0.0015243 secs] [Times: user=0.01 sys=0.00, real=0.00 secs] 
2020-10-29T10:26:16.193+0000: [GC (Allocation Failure) 2020-10-29T10:26:16.193+0000: [ParNew: 16388K->4K(18432K), 0.0014985 secs] 280162K->263778K(321516K), 0.0015419 secs] [Times: user=0.01 sys=0.00, real=0.00 secs] 
2020-10-29T10:26:16.212+0000: [GC (Allocation Failure) 2020-10-29T10:26:16.213+0000: [ParNew: 16388K->4K(18432K), 0.0018236 secs] 280162K->263778K(321516K), 0.0018819 secs] [Times: user=0.00 sys=0.00, real=0.00 secs] 
2020-10-29T10:26:16.232+0000: [GC (Allocation Failure) 2020-10-29T10:26:16.232+0000: [ParNew: 16388K->4K(18432K), 0.0015417 secs] 280162K->263778K(321516K), 0.0015866 secs] [Times: user=0.00 sys=0.00, real=0.00 secs] 
2020-10-29T10:26:16.252+0000: [GC (Allocation Failure) 2020-10-29T10:26:16.252+0000: [ParNew: 16388K->2K(18432K), 0.0024405 secs] 280162K->263776K(321516K), 0.0024825 secs] [Times: user=0.00 sys=0.00, real=0.00 secs] 
2020-10-29T10:26:16.271+0000: [GC (Allocation Failure) 2020-10-29T10:26:16.271+0000: [ParNew: 16386K->4K(18432K), 0.0015236 secs] 280160K->263778K(321516K), 0.0015683 secs] [Times: user=0.00 sys=0.00, real=0.00 secs] 
2020-10-29T10:26:16.290+0000: [GC (Allocation Failure) 2020-10-29T10:26:16.290+0000: [ParNew: 16388K->4K(18432K), 0.0015170 secs] 280162K->263778K(321516K), 0.0015620 secs] [Times: user=0.00 sys=0.01, real=0.01 secs] 
2020-10-29T10:26:16.308+0000: [GC (Allocation Failure) 2020-10-29T10:26:16.308+0000: [ParNew: 16388K->4K(18432K), 0.0014757 secs] 280162K->263778K(321516K), 0.0015204 secs] [Times: user=0.00 sys=0.00, real=0.00 secs] 
2020-10-29T10:26:16.327+0000: [GC (Allocation Failure) 2020-10-29T10:26:16.327+0000: [ParNew: 16388K->4K(18432K), 0.0014066 secs] 280162K->263778K(321516K), 0.0014488 secs] [Times: user=0.00 sys=0.00, real=0.00 secs] 
2020-10-29T10:26:16.345+0000: [GC (Allocation Failure) 2020-10-29T10:26:16.345+0000: [ParNew: 16388K->4K(18432K), 0.0013487 secs] 280162K->263778K(321516K), 0.0014091 secs] [Times: user=0.00 sys=0.00, real=0.00 secs] 
2020-10-29T10:26:16.364+0000: [GC (Allocation Failure) 2020-10-29T10:26:16.364+0000: [ParNew: 16388K->4K(18432K), 0.0013626 secs] 280162K->263778K(321516K), 0.0014035 secs] [Times: user=0.00 sys=0.00, real=0.00 secs] 
2020-10-29T10:26:16.382+0000: [GC (Allocation Failure) 2020-10-29T10:26:16.382+0000: [ParNew: 16388K->4K(18432K), 0.0013539 secs] 280162K->263778K(321516K), 0.0013993 secs] [Times: user=0.00 sys=0.00, real=0.01 secs] 
2020-10-29T10:26:16.400+0000: [GC (Allocation Failure) 2020-10-29T10:26:16.400+0000: [ParNew: 16388K->4K(18432K), 0.0013162 secs] 280162K->263778K(321516K), 0.0013588 secs] [Times: user=0.00 sys=0.00, real=0.00 secs] 
2020-10-29T10:26:16.419+0000: [GC (Allocation Failure) 2020-10-29T10:26:16.419+0000: [ParNew: 16388K->4K(18432K), 0.0014733 secs] 280162K->263778K(321516K), 0.0015150 secs] [Times: user=0.00 sys=0.00, real=0.00 secs] 
2020-10-29T10:26:16.437+0000: [GC (Allocation Failure) 2020-10-29T10:26:16.437+0000: [ParNew: 16388K->4K(18432K), 0.0014897 secs] 280162K->263778K(321516K), 0.0015331 secs] [Times: user=0.00 sys=0.00, real=0.00 secs] 
2020-10-29T10:26:16.455+0000: [GC (Allocation Failure) 2020-10-29T10:26:16.455+0000: [ParNew: 16388K->4K(18432K), 0.0014766 secs] 280162K->263778K(321516K), 0.0015306 secs] [Times: user=0.01 sys=0.00, real=0.00 secs] 
2020-10-29T10:26:16.467+0000: [GC (Allocation Failure) 2020-10-29T10:26:16.467+0000: [ParNew: 16388K->4K(18432K), 0.0068992 secs] 280162K->271970K(321516K), 0.0069433 secs] [Times: user=0.01 sys=0.00, real=0.01 secs] 
2020-10-29T10:26:16.492+0000: [GC (Allocation Failure) 2020-10-29T10:26:16.492+0000: [ParNew: 16388K->4K(18432K), 0.0017471 secs] 288354K->271970K(321516K), 0.0018060 secs] [Times: user=0.01 sys=0.00, real=0.00 secs] 
2020-10-29T10:26:16.511+0000: [GC (Allocation Failure) 2020-10-29T10:26:16.511+0000: [ParNew: 16388K->4K(18432K), 0.0015169 secs] 288354K->271970K(321516K), 0.0015636 secs] [Times: user=0.00 sys=0.00, real=0.00 secs] 
2020-10-29T10:26:16.529+0000: [GC (Allocation Failure) 2020-10-29T10:26:16.529+0000: [ParNew: 16388K->4K(18432K), 0.0014878 secs] 288354K->271970K(321516K), 0.0015553 secs] [Times: user=0.00 sys=0.00, real=0.01 secs] 
2020-10-29T10:26:16.549+0000: [GC (Allocation Failure) 2020-10-29T10:26:16.549+0000: [ParNew: 16388K->4K(18432K), 0.0014779 secs] 288354K->271970K(321516K), 0.0015216 secs] [Times: user=0.00 sys=0.00, real=0.01 secs] 
2020-10-29T10:26:16.568+0000: [GC (Allocation Failure) 2020-10-29T10:26:16.568+0000: [ParNew: 16388K->4K(18432K), 0.0014863 secs] 288354K->271970K(321516K), 0.0015323 secs] [Times: user=0.00 sys=0.00, real=0.00 secs] 
2020-10-29T10:26:16.586+0000: [GC (Allocation Failure) 2020-10-29T10:26:16.586+0000: [ParNew: 16388K->4K(18432K), 0.0014121 secs] 288354K->271970K(321516K), 0.0014562 secs] [Times: user=0.00 sys=0.00, real=0.00 secs] 
2020-10-29T10:26:16.604+0000: [GC (Allocation Failure) 2020-10-29T10:26:16.604+0000: [ParNew: 16388K->4K(18432K), 0.0014514 secs] 288354K->271970K(321516K), 0.0014971 secs] [Times: user=0.00 sys=0.00, real=0.00 secs] 
2020-10-29T10:26:16.623+0000: [GC (Allocation Failure) 2020-10-29T10:26:16.623+0000: [ParNew: 16388K->4K(18432K), 0.0014890 secs] 288354K->271970K(321516K), 0.0015347 secs] [Times: user=0.00 sys=0.00, real=0.00 secs] 
2020-10-29T10:26:16.642+0000: [GC (Allocation Failure) 2020-10-29T10:26:16.642+0000: [ParNew: 16388K->4K(18432K), 0.0015250 secs] 288354K->271970K(321516K), 0.0015755 secs] [Times: user=0.00 sys=0.00, real=0.01 secs] 
2020-10-29T10:26:16.660+0000: [GC (Allocation Failure) 2020-10-29T10:26:16.660+0000: [ParNew: 16388K->4K(18432K), 0.0017571 secs] 288354K->271970K(321516K), 0.0018284 secs] [Times: user=0.00 sys=0.00, real=0.00 secs] 
2020-10-29T10:26:16.907+0000: [GC (Allocation Failure) 2020-10-29T10:26:16.907+0000: [ParNew: 16388K->4K(18432K), 0.0016259 secs] 288354K->271970K(321516K), 0.0016837 secs] [Times: user=0.01 sys=0.00, real=0.00 secs] 
2020-10-29T10:26:16.925+0000: [GC (Allocation Failure) 2020-10-29T10:26:16.925+0000: [ParNew: 16388K->4K(18432K), 0.0015463 secs] 288354K->271970K(321516K), 0.0015956 secs] [Times: user=0.00 sys=0.00, real=0.00 secs] 
2020-10-29T10:26:16.945+0000: [GC (Allocation Failure) 2020-10-29T10:26:16.945+0000: [ParNew: 16388K->2K(18432K), 0.0038030 secs] 288354K->271968K(321516K), 0.0038630 secs] [Times: user=0.00 sys=0.00, real=0.00 secs] 
2020-10-29T10:26:16.967+0000: [GC (Allocation Failure) 2020-10-29T10:26:16.967+0000: [ParNew: 16386K->4K(18432K), 0.0015021 secs] 288352K->271970K(321516K), 0.0015508 secs] [Times: user=0.00 sys=0.00, real=0.00 secs] 
2020-10-29T10:26:16.985+0000: [GC (Allocation Failure) 2020-10-29T10:26:16.985+0000: [ParNew: 16388K->4K(18432K), 0.0013867 secs] 288354K->271970K(321516K), 0.0014341 secs] [Times: user=0.00 sys=0.00, real=0.00 secs] 
2020-10-29T10:26:16.999+0000: [GC (Allocation Failure) 2020-10-29T10:26:16.999+0000: [ParNew: 10161K->4K(18432K), 0.0016889 secs] 282128K->271970K(321516K), 0.0017532 secs] [Times: user=0.00 sys=0.00, real=0.00 secs] 
2020-10-29T10:26:17.013+0000: [GC (Allocation Failure) 2020-10-29T10:26:17.013+0000: [ParNew: 16388K->4K(18432K), 0.0071244 secs] 288354K->280162K(321516K), 0.0071738 secs] [Times: user=0.01 sys=0.01, real=0.00 secs] 
2020-10-29T10:26:17.021+0000: [CMS-concurrent-abortable-preclean: 0.157/3.486 secs] [Times: user=3.72 sys=0.14, real=3.48 secs] 
2020-10-29T10:26:17.021+0000: [GC (CMS Final Remark) [YG occupancy: 345 K (18432 K)]2020-10-29T10:26:17.021+0000: [Rescan (parallel) , 0.0009651 secs]2020-10-29T10:26:17.022+0000: [weak refs processing, 0.0000250 secs]2020-10-29T10:26:17.022+0000: [class unloading, 0.0061752 secs]2020-10-29T10:26:17.028+0000: [scrub symbol table, 0.0083591 secs]2020-10-29T10:26:17.036+0000: [scrub string table, 0.0005255 secs][1 CMS-remark: 280158K(303084K)] 280503K(321516K), 0.0161312 secs] [Times: user=0.02 sys=0.00, real=0.02 secs] 
2020-10-29T10:26:17.042+0000: [CMS-concurrent-sweep-start]
2020-10-29T10:26:17.051+0000: [CMS-concurrent-sweep: 0.009/0.009 secs] [Times: user=0.01 sys=0.00, real=0.01 secs] 
2020-10-29T10:26:17.052+0000: [CMS-concurrent-reset-start]
2020-10-29T10:26:17.054+0000: [CMS-concurrent-reset: 0.002/0.002 secs] [Times: user=0.01 sys=0.00, real=0.00 secs] 
2020-10-29T10:26:17.058+0000: [GC (Allocation Failure) 2020-10-29T10:26:17.058+0000: [ParNew: 16388K->4K(18432K), 0.0020125 secs] 296546K->280162K(485364K), 0.0020510 secs] [Times: user=0.01 sys=0.00, real=0.00 secs] 
2020-10-29T10:26:17.077+0000: [GC (Allocation Failure) 2020-10-29T10:26:17.077+0000: [ParNew: 16388K->4K(18432K), 0.0018081 secs] 296546K->280162K(485364K), 0.0018495 secs] [Times: user=0.01 sys=0.00, real=0.00 secs] 
2020-10-29T10:26:17.095+0000: [GC (Allocation Failure) 2020-10-29T10:26:17.095+0000: [ParNew: 16388K->4K(18432K), 0.0018710 secs] 296546K->280162K(485364K), 0.0019118 secs] [Times: user=0.00 sys=0.00, real=0.00 secs] 
2020-10-29T10:26:17.114+0000: [GC (Allocation Failure) 2020-10-29T10:26:17.114+0000: [ParNew: 16388K->4K(18432K), 0.0018719 secs] 296546K->280162K(485364K), 0.0019138 secs] [Times: user=0.00 sys=0.00, real=0.00 secs] 
2020-10-29T10:26:17.135+0000: [GC (Allocation Failure) 2020-10-29T10:26:17.135+0000: [ParNew: 16388K->4K(18432K), 0.0017070 secs] 296546K->280162K(485364K), 0.0017463 secs] [Times: user=0.01 sys=0.00, real=0.00 secs] 
2020-10-29T10:26:17.153+0000: [GC (Allocation Failure) 2020-10-29T10:26:17.153+0000: [ParNew: 16388K->4K(18432K), 0.0018541 secs] 296546K->280162K(485364K), 0.0018979 secs] [Times: user=0.01 sys=0.00, real=0.00 secs] 
2020-10-29T10:26:17.172+0000: [GC (Allocation Failure) 2020-10-29T10:26:17.172+0000: [ParNew: 16388K->4K(18432K), 0.0018505 secs] 296546K->280162K(485364K), 0.0019037 secs] [Times: user=0.01 sys=0.00, real=0.00 secs] 
2020-10-29T10:26:17.190+0000: [GC (Allocation Failure) 2020-10-29T10:26:17.190+0000: [ParNew: 16388K->4K(18432K), 0.0017932 secs] 296546K->280162K(485364K), 0.0018344 secs] [Times: user=0.01 sys=0.00, real=0.00 secs] 
2020-10-29T10:26:17.209+0000: [GC (Allocation Failure) 2020-10-29T10:26:17.209+0000: [ParNew: 16388K->4K(18432K), 0.0017001 secs] 296546K->280162K(485364K), 0.0017379 secs] [Times: user=0.01 sys=0.00, real=0.01 secs] 
2020-10-29T10:26:17.227+0000: [GC (Allocation Failure) 2020-10-29T10:26:17.227+0000: [ParNew: 16388K->4K(18432K), 0.0017290 secs] 296546K->280162K(485364K), 0.0017693 secs] [Times: user=0.01 sys=0.00, real=0.00 secs] 
2020-10-29T10:26:17.245+0000: [GC (Allocation Failure) 2020-10-29T10:26:17.245+0000: [ParNew: 16388K->4K(18432K), 0.0018446 secs] 296546K->280162K(485364K), 0.0018865 secs] [Times: user=0.01 sys=0.00, real=0.00 secs] 
2020-10-29T10:26:17.264+0000: [GC (Allocation Failure) 2020-10-29T10:26:17.264+0000: [ParNew: 16388K->4K(18432K), 0.0019053 secs] 296546K->280162K(485364K), 0.0019532 secs] [Times: user=0.01 sys=0.00, real=0.00 secs] 
2020-10-29T10:26:17.282+0000: [GC (Allocation Failure) 2020-10-29T10:26:17.282+0000: [ParNew: 16388K->4K(18432K), 0.0018780 secs] 296546K->280162K(485364K), 0.0019178 secs] [Times: user=0.01 sys=0.00, real=0.01 secs] 
2020-10-29T10:26:17.300+0000: [GC (Allocation Failure) 2020-10-29T10:26:17.300+0000: [ParNew: 16388K->4K(18432K), 0.0017794 secs] 296546K->280162K(485364K), 0.0018248 secs] [Times: user=0.01 sys=0.00, real=0.00 secs] 
2020-10-29T10:26:17.315+0000: [GC (Allocation Failure) 2020-10-29T10:26:17.315+0000: [ParNew: 13126K->4K(18432K), 0.0016291 secs] 293284K->280162K(485364K), 0.0016759 secs] [Times: user=0.00 sys=0.00, real=0.00 secs] 
2020-10-29T10:26:17.326+0000: [GC (Allocation Failure) 2020-10-29T10:26:17.326+0000: [ParNew: 16388K->4K(18432K), 0.0071554 secs] 296546K->288354K(485364K), 0.0071951 secs] [Times: user=0.01 sys=0.00, real=0.01 secs] 
2020-10-29T10:26:17.334+0000: [GC (CMS Initial Mark) [1 CMS-initial-mark: 288350K(466932K)] 289006K(485364K), 0.0015124 secs] [Times: user=0.00 sys=0.00, real=0.00 secs] 
2020-10-29T10:26:17.336+0000: [CMS-concurrent-mark-start]
2020-10-29T10:26:17.361+0000: [GC (Allocation Failure) 2020-10-29T10:26:17.361+0000: [ParNew: 16388K->4K(18432K), 0.0019277 secs] 304738K->288354K(485364K), 0.0019774 secs] [Times: user=0.00 sys=0.00, real=0.01 secs] 
2020-10-29T10:26:17.373+0000: [CMS-concurrent-mark: 0.035/0.037 secs] [Times: user=0.07 sys=0.00, real=0.04 secs] 
2020-10-29T10:26:17.373+0000: [CMS-concurrent-preclean-start]
2020-10-29T10:26:17.375+0000: [CMS-concurrent-preclean: 0.002/0.002 secs] [Times: user=0.00 sys=0.00, real=0.00 secs] 
2020-10-29T10:26:17.375+0000: [CMS-concurrent-abortable-preclean-start]
2020-10-29T10:26:17.386+0000: [GC (Allocation Failure) 2020-10-29T10:26:17.386+0000: [ParNew: 16388K->4K(18432K), 0.0017216 secs] 304738K->288354K(485364K), 0.0017616 secs] [Times: user=0.00 sys=0.00, real=0.00 secs] 
2020-10-29T10:26:17.404+0000: [GC (Allocation Failure) 2020-10-29T10:26:17.404+0000: [ParNew: 16388K->4K(18432K), 0.0017162 secs] 304738K->288354K(485364K), 0.0017590 secs] [Times: user=0.00 sys=0.00, real=0.00 secs] 
2020-10-29T10:26:17.423+0000: [GC (Allocation Failure) 2020-10-29T10:26:17.423+0000: [ParNew: 16388K->4K(18432K), 0.0016636 secs] 304738K->288354K(485364K), 0.0017056 secs] [Times: user=0.00 sys=0.00, real=0.00 secs] 
2020-10-29T10:26:17.441+0000: [GC (Allocation Failure) 2020-10-29T10:26:17.441+0000: [ParNew: 16388K->4K(18432K), 0.0019355 secs] 304738K->288354K(485364K), 0.0019859 secs] [Times: user=0.01 sys=0.00, real=0.01 secs] 
2020-10-29T10:26:17.460+0000: [GC (Allocation Failure) 2020-10-29T10:26:17.460+0000: [ParNew: 16388K->4K(18432K), 0.0016417 secs] 304738K->288354K(485364K), 0.0016848 secs] [Times: user=0.01 sys=0.00, real=0.00 secs] 
2020-10-29T10:26:17.479+0000: [GC (Allocation Failure) 2020-10-29T10:26:17.479+0000: [ParNew: 16388K->4K(18432K), 0.0015497 secs] 304738K->288354K(485364K), 0.0015868 secs] [Times: user=0.00 sys=0.00, real=0.00 secs] 
2020-10-29T10:26:17.497+0000: [GC (Allocation Failure) 2020-10-29T10:26:17.497+0000: [ParNew: 16388K->4K(18432K), 0.0016570 secs] 304738K->288354K(485364K), 0.0016982 secs] [Times: user=0.00 sys=0.00, real=0.00 secs] 
2020-10-29T10:26:17.515+0000: [GC (Allocation Failure) 2020-10-29T10:26:17.515+0000: [ParNew: 16388K->4K(18432K), 0.0016004 secs] 304738K->288354K(485364K), 0.0016424 secs] [Times: user=0.00 sys=0.00, real=0.00 secs] 
2020-10-29T10:26:17.534+0000: [GC (Allocation Failure) 2020-10-29T10:26:17.534+0000: [ParNew: 16388K->4K(18432K), 0.0015532 secs] 304738K->288354K(485364K), 0.0015919 secs] [Times: user=0.00 sys=0.00, real=0.00 secs] 
2020-10-29T10:26:17.552+0000: [GC (Allocation Failure) 2020-10-29T10:26:17.552+0000: [ParNew: 16388K->4K(18432K), 0.0015369 secs] 304738K->288354K(485364K), 0.0015746 secs] [Times: user=0.00 sys=0.00, real=0.00 secs] 
2020-10-29T10:26:17.571+0000: [GC (Allocation Failure) 2020-10-29T10:26:17.571+0000: [ParNew: 16388K->4K(18432K), 0.0015210 secs] 304738K->288354K(485364K), 0.0015594 secs] [Times: user=0.00 sys=0.00, real=0.00 secs] 
2020-10-29T10:26:17.589+0000: [GC (Allocation Failure) 2020-10-29T10:26:17.589+0000: [ParNew: 16388K->4K(18432K), 0.0016052 secs] 304738K->288354K(485364K), 0.0016454 secs] [Times: user=0.01 sys=0.00, real=0.01 secs] 
2020-10-29T10:26:17.607+0000: [GC (Allocation Failure) 2020-10-29T10:26:17.607+0000: [ParNew: 16388K->4K(18432K), 0.0015820 secs] 304738K->288354K(485364K), 0.0016211 secs] [Times: user=0.01 sys=0.00, real=0.00 secs] 
2020-10-29T10:26:17.619+0000: [GC (Allocation Failure) 2020-10-29T10:26:17.619+0000: [ParNew: 16388K->4K(18432K), 0.0072420 secs] 304738K->296546K(485364K), 0.0072986 secs] [Times: user=0.01 sys=0.00, real=0.01 secs] 
2020-10-29T10:26:17.643+0000: [GC (Allocation Failure) 2020-10-29T10:26:17.643+0000: [ParNew: 16388K->4K(18432K), 0.0016790 secs] 312930K->296546K(485364K), 0.0017198 secs] [Times: user=0.00 sys=0.00, real=0.00 secs] 
2020-10-29T10:26:17.661+0000: [GC (Allocation Failure) 2020-10-29T10:26:17.661+0000: [ParNew: 16388K->4K(18432K), 0.0016571 secs] 312930K->296546K(485364K), 0.0016972 secs] [Times: user=0.00 sys=0.00, real=0.01 secs] 
2020-10-29T10:26:17.680+0000: [GC (Allocation Failure) 2020-10-29T10:26:17.680+0000: [ParNew: 16388K->4K(18432K), 0.0016897 secs] 312930K->296546K(485364K), 0.0017457 secs] [Times: user=0.01 sys=0.00, real=0.00 secs] 
2020-10-29T10:26:17.699+0000: [GC (Allocation Failure) 2020-10-29T10:26:17.699+0000: [ParNew: 16388K->4K(18432K), 0.0016910 secs] 312930K->296546K(485364K), 0.0017307 secs] [Times: user=0.01 sys=0.00, real=0.00 secs] 
2020-10-29T10:26:17.752+0000: [GC (Allocation Failure) 2020-10-29T10:26:17.752+0000: [ParNew: 16388K->4K(18432K), 0.0019784 secs] 378466K->362082K(485364K), 0.0020300 secs] [Times: user=0.00 sys=0.00, real=0.00 secs] 
2020-10-29T10:26:17.771+0000: [GC (Allocation Failure) 2020-10-29T10:26:17.771+0000: [ParNew: 16388K->4K(18432K), 0.0017323 secs] 378466K->362082K(485364K), 0.0017775 secs] [Times: user=0.00 sys=0.00, real=0.00 secs] 
2020-10-29T10:26:17.789+0000: [GC (Allocation Failure) 2020-10-29T10:26:17.789+0000: [ParNew: 16388K->4K(18432K), 0.0016414 secs] 378466K->362082K(485364K), 0.0016851 secs] [Times: user=0.00 sys=0.00, real=0.01 secs] 
2020-10-29T10:26:17.808+0000: [GC (Allocation Failure) 2020-10-29T10:26:17.808+0000: [ParNew: 16388K->4K(18432K), 0.0017926 secs] 378466K->362082K(485364K), 0.0018393 secs] [Times: user=0.00 sys=0.00, real=0.00 secs] 
2020-10-29T10:26:17.827+0000: [GC (Allocation Failure) 2020-10-29T10:26:17.827+0000: [ParNew: 16388K->4K(18432K), 0.0016627 secs] 378466K->362082K(485364K), 0.0017075 secs] [Times: user=0.00 sys=0.00, real=0.00 secs] 
2020-10-29T10:26:17.845+0000: [GC (Allocation Failure) 2020-10-29T10:26:17.845+0000: [ParNew: 16388K->4K(18432K), 0.0016673 secs] 378466K->362082K(485364K), 0.0017076 secs] [Times: user=0.00 sys=0.00, real=0.00 secs] 
2020-10-29T10:26:17.864+0000: [GC (Allocation Failure) 2020-10-29T10:26:17.864+0000: [ParNew: 16388K->4K(18432K), 0.0017498 secs] 378466K->362082K(485364K), 0.0017949 secs] [Times: user=0.00 sys=0.00, real=0.00 secs] 
2020-10-29T10:26:17.882+0000: [GC (Allocation Failure) 2020-10-29T10:26:17.883+0000: [ParNew: 16388K->4K(18432K), 0.0017586 secs] 378466K->362082K(485364K), 0.0018046 secs] [Times: user=0.00 sys=0.01, real=0.00 secs] 
2020-10-29T10:26:17.901+0000: [GC (Allocation Failure) 2020-10-29T10:26:17.901+0000: [ParNew: 16388K->4K(18432K), 0.0017359 secs] 378466K->362082K(485364K), 0.0017809 secs] [Times: user=0.00 sys=0.00, real=0.01 secs] 
2020-10-29T10:26:17.920+0000: [GC (Allocation Failure) 2020-10-29T10:26:17.920+0000: [ParNew: 16388K->4K(18432K), 0.0017835 secs] 378466K->362082K(485364K), 0.0018285 secs] [Times: user=0.01 sys=0.00, real=0.00 secs] 
2020-10-29T10:26:17.931+0000: [GC (Allocation Failure) 2020-10-29T10:26:17.931+0000: [ParNew: 16388K->4K(18432K), 0.0073287 secs] 378466K->370274K(485364K), 0.0073719 secs] [Times: user=0.01 sys=0.00, real=0.00 secs] 
2020-10-29T10:26:17.955+0000: [GC (Allocation Failure) 2020-10-29T10:26:17.955+0000: [ParNew: 16388K->4K(18432K), 0.0018590 secs] 386658K->370274K(485364K), 0.0019075 secs] [Times: user=0.00 sys=0.00, real=0.00 secs] 
2020-10-29T10:26:17.974+0000: [GC (Allocation Failure) 2020-10-29T10:26:17.974+0000: [ParNew: 16388K->4K(18432K), 0.0018430 secs] 386658K->370274K(485364K), 0.0018995 secs] [Times: user=0.00 sys=0.00, real=0.00 secs] 
2020-10-29T10:26:17.993+0000: [GC (Allocation Failure) 2020-10-29T10:26:17.993+0000: [ParNew: 16388K->4K(18432K), 0.0018708 secs] 386658K->370274K(485364K), 0.0019198 secs] [Times: user=0.00 sys=0.00, real=0.00 secs] 
2020-10-29T10:26:18.012+0000: [GC (Allocation Failure) 2020-10-29T10:26:18.012+0000: [ParNew: 16388K->4K(18432K), 0.0018366 secs] 386658K->370274K(485364K), 0.0018858 secs] [Times: user=0.00 sys=0.00, real=0.00 secs] 
2020-10-29T10:26:18.030+0000: [GC (Allocation Failure) 2020-10-29T10:26:18.031+0000: [ParNew: 16388K->4K(18432K), 0.0019542 secs] 386658K->370274K(485364K), 0.0020093 secs] [Times: user=0.00 sys=0.00, real=0.00 secs] 
2020-10-29T10:26:18.050+0000: [GC (Allocation Failure) 2020-10-29T10:26:18.050+0000: [ParNew: 16388K->4K(18432K), 0.0017885 secs] 386658K->370274K(485364K), 0.0018356 secs] [Times: user=0.00 sys=0.00, real=0.01 secs] 
2020-10-29T10:26:18.068+0000: [GC (Allocation Failure) 2020-10-29T10:26:18.068+0000: [ParNew: 16388K->4K(18432K), 0.0017815 secs] 386658K->370274K(485364K), 0.0018294 secs] [Times: user=0.01 sys=0.00, real=0.00 secs] 
2020-10-29T10:26:18.087+0000: [GC (Allocation Failure) 2020-10-29T10:26:18.087+0000: [ParNew: 16388K->4K(18432K), 0.0018479 secs] 386658K->370274K(485364K), 0.0018941 secs] [Times: user=0.01 sys=0.00, real=0.00 secs] 
2020-10-29T10:26:18.106+0000: [GC (Allocation Failure) 2020-10-29T10:26:18.106+0000: [ParNew: 16388K->4K(18432K), 0.0019011 secs] 386658K->370274K(485364K), 0.0019513 secs] [Times: user=0.01 sys=0.00, real=0.00 secs] 
2020-10-29T10:26:18.124+0000: [GC (Allocation Failure) 2020-10-29T10:26:18.124+0000: [ParNew: 16388K->4K(18432K), 0.0018194 secs] 386658K->370274K(485364K), 0.0018656 secs] [Times: user=0.00 sys=0.00, real=0.00 secs] 
2020-10-29T10:26:18.143+0000: [GC (Allocation Failure) 2020-10-29T10:26:18.143+0000: [ParNew: 16388K->4K(18432K), 0.0018431 secs] 386658K->370274K(485364K), 0.0018996 secs] [Times: user=0.00 sys=0.00, real=0.00 secs] 
2020-10-29T10:26:18.261+0000: [CMS-concurrent-abortable-preclean: 0.050/0.886 secs] [Times: user=1.06 sys=0.06, real=0.88 secs] 
2020-10-29T10:26:18.262+0000: [GC (CMS Final Remark) [YG occupancy: 14103 K (18432 K)]2020-10-29T10:26:18.262+0000: [Rescan (parallel) , 0.0097901 secs]2020-10-29T10:26:18.272+0000: [weak refs processing, 0.0000434 secs]2020-10-29T10:26:18.272+0000: [class unloading, 0.0061587 secs]2020-10-29T10:26:18.278+0000: [scrub symbol table, 0.0078232 secs]2020-10-29T10:26:18.286+0000: [scrub string table, 0.0005250 secs][1 CMS-remark: 370270K(466932K)] 384374K(485364K), 0.0244516 secs] [Times: user=0.03 sys=0.00, real=0.02 secs] 
2020-10-29T10:26:18.290+0000: [CMS-concurrent-sweep-start]
2020-10-29T10:26:18.310+0000: [CMS-concurrent-sweep: 0.017/0.020 secs] [Times: user=0.04 sys=0.00, real=0.01 secs] 
2020-10-29T10:26:18.310+0000: [CMS-concurrent-reset-start]
2020-10-29T10:26:18.312+0000: [CMS-concurrent-reset: 0.002/0.002 secs] [Times: user=0.00 sys=0.01, real=0.00 secs] 
2020-10-29T10:26:18.490+0000: [GC (Allocation Failure) 2020-10-29T10:26:18.490+0000: [ParNew: 16388K->42K(18432K), 0.0023682 secs] 370241K->353895K(608188K), 0.0024390 secs] [Times: user=0.00 sys=0.00, real=0.01 secs] 
2020-10-29T10:26:19.069+0000: [GC (Allocation Failure) 2020-10-29T10:26:19.069+0000: [ParNew: 16426K->14K(18432K), 0.0023454 secs] 370279K->353867K(608188K), 0.0024003 secs] [Times: user=0.01 sys=0.00, real=0.01 secs] 
2020-10-29T10:26:20.194+0000: [GC (Allocation Failure) 2020-10-29T10:26:20.194+0000: [ParNew: 16398K->254K(18432K), 0.0027697 secs] 370251K->354107K(608188K), 0.0028150 secs] [Times: user=0.00 sys=0.00, real=0.00 secs] 
2020-10-29T10:26:20.294+0000: [GC (Allocation Failure) 2020-10-29T10:26:20.295+0000: [ParNew: 16638K->664K(18432K), 0.0034176 secs] 370491K->354517K(608188K), 0.0034843 secs] [Times: user=0.01 sys=0.00, real=0.00 secs] 
2020-10-29T10:26:20.478+0000: [GC (Allocation Failure) 2020-10-29T10:26:20.478+0000: [ParNew: 17048K->1102K(18432K), 0.0053652 secs] 370901K->354955K(608188K), 0.0054158 secs] [Times: user=0.01 sys=0.00, real=0.01 secs] 
2020-10-29T10:26:20.564+0000: [GC (Allocation Failure) 2020-10-29T10:26:20.564+0000: [ParNew: 17486K->2048K(18432K), 0.0040495 secs] 371339K->355994K(608188K), 0.0041279 secs] [Times: user=0.01 sys=0.00, real=0.00 secs] 
2020-10-29T10:26:20.634+0000: [GC (Allocation Failure) 2020-10-29T10:26:20.634+0000: [ParNew: 18432K->1188K(18432K), 0.0052743 secs] 372378K->355898K(608188K), 0.0053524 secs] [Times: user=0.02 sys=0.00, real=0.00 secs] 
2020-10-29T10:26:20.706+0000: [GC (Allocation Failure) 2020-10-29T10:26:20.706+0000: [ParNew: 17572K->596K(18432K), 0.0028966 secs] 372282K->355306K(608188K), 0.0029479 secs] [Times: user=0.01 sys=0.00, real=0.00 secs] 
2020-10-29T10:26:20.785+0000: [GC (Allocation Failure) 2020-10-29T10:26:20.785+0000: [ParNew: 16980K->1253K(18432K), 0.0033851 secs] 371690K->355964K(608188K), 0.0034544 secs] [Times: user=0.01 sys=0.00, real=0.00 secs] 
2020-10-29T10:26:20.859+0000: [GC (Allocation Failure) 2020-10-29T10:26:20.859+0000: [ParNew: 17637K->697K(18432K), 0.0039187 secs] 372348K->356093K(608188K), 0.0039916 secs] [Times: user=0.00 sys=0.00, real=0.01 secs] 
2020-10-29T10:26:20.944+0000: [GC (Allocation Failure) 2020-10-29T10:26:20.944+0000: [ParNew: 17081K->576K(18432K), 0.0030953 secs] 372477K->355973K(608188K), 0.0031627 secs] [Times: user=0.01 sys=0.00, real=0.00 secs] 
2020-10-29T10:26:21.007+0000: [GC (Allocation Failure) 2020-10-29T10:26:21.007+0000: [ParNew: 16960K->612K(18432K), 0.0031236 secs] 372357K->356009K(608188K), 0.0031817 secs] [Times: user=0.01 sys=0.00, real=0.00 secs] 
2020-10-29T10:26:21.085+0000: [GC (Allocation Failure) 2020-10-29T10:26:21.085+0000: [ParNew: 16996K->666K(18432K), 0.0033431 secs] 372393K->356063K(608188K), 0.0033932 secs] [Times: user=0.01 sys=0.00, real=0.00 secs] 
2020-10-29T10:26:21.139+0000: [GC (Allocation Failure) 2020-10-29T10:26:21.139+0000: [ParNew: 17050K->622K(18432K), 0.0034511 secs] 372447K->356019K(608188K), 0.0034998 secs] [Times: user=0.01 sys=0.00, real=0.01 secs] 
2020-10-29T10:26:21.220+0000: [GC (Allocation Failure) 2020-10-29T10:26:21.220+0000: [ParNew: 17006K->927K(18432K), 0.0040393 secs] 372403K->356323K(608188K), 0.0041056 secs] [Times: user=0.01 sys=0.00, real=0.01 secs] 
2020-10-29T10:26:21.295+0000: [GC (Allocation Failure) 2020-10-29T10:26:21.295+0000: [ParNew: 17311K->577K(18432K), 0.0037107 secs] 372707K->356012K(608188K), 0.0037618 secs] [Times: user=0.00 sys=0.00, real=0.00 secs] 
2020-10-29T10:26:21.399+0000: [GC (Allocation Failure) 2020-10-29T10:26:21.400+0000: [ParNew: 16961K->899K(18432K), 0.0087474 secs] 372396K->356426K(608188K), 0.0088112 secs] [Times: user=0.02 sys=0.00, real=0.01 secs] 
2020-10-29T10:26:21.520+0000: [GC (Allocation Failure) 2020-10-29T10:26:21.520+0000: [ParNew: 17283K->1629K(18432K), 0.0047461 secs] 372810K->357190K(608188K), 0.0047991 secs] [Times: user=0.01 sys=0.00, real=0.01 secs] 
2020-10-29T10:26:21.620+0000: [GC (Allocation Failure) 2020-10-29T10:26:21.620+0000: [ParNew: 18013K->1565K(18432K), 0.0050967 secs] 373574K->357313K(608188K), 0.0051488 secs] [Times: user=0.01 sys=0.00, real=0.01 secs] 
2020-10-29T10:26:21.710+0000: [GC (Allocation Failure) 2020-10-29T10:26:21.710+0000: [ParNew: 17949K->1234K(18432K), 0.0080608 secs] 373697K->357294K(608188K), 0.0081145 secs] [Times: user=0.01 sys=0.00, real=0.00 secs] 
2020-10-29T10:26:21.892+0000: [GC (Allocation Failure) 2020-10-29T10:26:21.892+0000: [ParNew: 17618K->2048K(18432K), 0.0075401 secs] 373678K->358633K(608188K), 0.0076025 secs] [Times: user=0.02 sys=0.00, real=0.00 secs] 
2020-10-29T10:26:22.022+0000: [GC (Allocation Failure) 2020-10-29T10:26:22.022+0000: [ParNew: 18432K->2047K(18432K), 0.0094556 secs] 375017K->360830K(608188K), 0.0095193 secs] [Times: user=0.02 sys=0.00, real=0.02 secs] 
2020-10-29T10:26:22.180+0000: [GC (Allocation Failure) 2020-10-29T10:26:22.180+0000: [ParNew: 18431K->1841K(18432K), 0.0127536 secs] 377214K->360623K(608188K), 0.0128149 secs] [Times: user=0.03 sys=0.00, real=0.02 secs] 
2020-10-29T10:26:22.360+0000: [GC (Allocation Failure) 2020-10-29T10:26:22.360+0000: [ParNew: 18225K->1243K(18432K), 0.0081650 secs] 377007K->361357K(608188K), 0.0082362 secs] [Times: user=0.02 sys=0.00, real=0.01 secs] 
2020-10-29T10:26:22.433+0000: [GC (Allocation Failure) 2020-10-29T10:26:22.433+0000: [ParNew: 17627K->786K(18432K), 0.0026049 secs] 377741K->360900K(608188K), 0.0026686 secs] [Times: user=0.00 sys=0.00, real=0.00 secs] 
2020-10-29T10:26:22.490+0000: [GC (Allocation Failure) 2020-10-29T10:26:22.490+0000: [ParNew: 17170K->1058K(18432K), 0.0026091 secs] 377284K->361172K(608188K), 0.0026807 secs] [Times: user=0.00 sys=0.00, real=0.01 secs] 
2020-10-29T10:26:22.542+0000: [GC (Allocation Failure) 2020-10-29T10:26:22.542+0000: [ParNew: 17442K->1245K(18432K), 0.0026336 secs] 377556K->361359K(608188K), 0.0026901 secs] [Times: user=0.00 sys=0.00, real=0.01 secs] 
2020-10-29T10:26:22.585+0000: [GC (Allocation Failure) 2020-10-29T10:26:22.585+0000: [ParNew: 17629K->1882K(18432K), 0.0056210 secs] 377743K->361996K(608188K), 0.0056757 secs] [Times: user=0.02 sys=0.00, real=0.01 secs] 
2020-10-29T10:26:22.640+0000: [GC (Allocation Failure) 2020-10-29T10:26:22.640+0000: [ParNew: 18266K->1491K(18432K), 0.0029233 secs] 378380K->362041K(608188K), 0.0029767 secs] [Times: user=0.00 sys=0.00, real=0.01 secs] 
2020-10-29T10:26:22.682+0000: [GC (Allocation Failure) 2020-10-29T10:26:22.682+0000: [ParNew: 17875K->643K(18432K), 0.0027524 secs] 378425K->361771K(608188K), 0.0028051 secs] [Times: user=0.00 sys=0.00, real=0.00 secs] 
2020-10-29T10:26:22.718+0000: [GC (Allocation Failure) 2020-10-29T10:26:22.718+0000: [ParNew: 17027K->1058K(18432K), 0.0025710 secs] 378155K->362187K(608188K), 0.0026206 secs] [Times: user=0.00 sys=0.00, real=0.00 secs] 
2020-10-29T10:26:22.762+0000: [GC (Allocation Failure) 2020-10-29T10:26:22.762+0000: [ParNew: 17442K->10K(18432K), 0.0025279 secs] 378571K->361658K(608188K), 0.0026005 secs] [Times: user=0.01 sys=0.00, real=0.00 secs] 
2020-10-29T10:26:22.801+0000: [GC (Allocation Failure) 2020-10-29T10:26:22.801+0000: [ParNew: 16358K->1028K(18432K), 0.0027382 secs] 378006K->363699K(608188K), 0.0027828 secs] [Times: user=0.01 sys=0.00, real=0.01 secs] 
2020-10-29T10:26:22.826+0000: [GC (Allocation Failure) 2020-10-29T10:26:22.826+0000: [ParNew: 17412K->1028K(18432K), 0.0026822 secs] 380083K->364724K(608188K), 0.0027323 secs] [Times: user=0.01 sys=0.00, real=0.00 secs] 
2020-10-29T10:26:22.858+0000: [GC (Allocation Failure) 2020-10-29T10:26:22.858+0000: [ParNew: 17412K->4K(18432K), 0.0024421 secs] 381108K->363700K(608188K), 0.0024965 secs] [Times: user=0.01 sys=0.00, real=0.00 secs] 
2020-10-29T10:26:22.887+0000: [GC (Allocation Failure) 2020-10-29T10:26:22.887+0000: [ParNew: 16388K->4K(18432K), 0.0023686 secs] 380084K->363700K(608188K), 0.0024197 secs] [Times: user=0.00 sys=0.00, real=0.00 secs] 
2020-10-29T10:26:22.910+0000: [GC (Allocation Failure) 2020-10-29T10:26:22.910+0000: [ParNew: 16388K->4K(18432K), 0.0023339 secs] 380084K->363700K(608188K), 0.0023815 secs] [Times: user=0.01 sys=0.00, real=0.01 secs] 
2020-10-29T10:26:22.933+0000: [GC (Allocation Failure) 2020-10-29T10:26:22.933+0000: [ParNew: 16388K->4K(18432K), 0.0024029 secs] 380084K->363700K(608188K), 0.0024527 secs] [Times: user=0.00 sys=0.00, real=0.00 secs] 
2020-10-29T10:26:22.954+0000: [GC (Allocation Failure) 2020-10-29T10:26:22.954+0000: [ParNew: 16388K->4K(18432K), 0.0024734 secs] 380084K->363700K(608188K), 0.0025253 secs] [Times: user=0.00 sys=0.00, real=0.00 secs] 
2020-10-29T10:26:22.974+0000: [GC (Allocation Failure) 2020-10-29T10:26:22.974+0000: [ParNew: 16388K->4K(18432K), 0.0023359 secs] 380084K->363700K(608188K), 0.0023852 secs] [Times: user=0.01 sys=0.00, real=0.00 secs] 
2020-10-29T10:26:22.994+0000: [GC (Allocation Failure) 2020-10-29T10:26:22.994+0000: [ParNew: 16388K->4K(18432K), 0.0024148 secs] 380084K->363700K(608188K), 0.0024656 secs] [Times: user=0.00 sys=0.00, real=0.00 secs] 
2020-10-29T10:26:23.014+0000: [GC (Allocation Failure) 2020-10-29T10:26:23.014+0000: [ParNew: 16388K->4K(18432K), 0.0026233 secs] 380084K->365748K(608188K), 0.0026729 secs] [Times: user=0.00 sys=0.00, real=0.00 secs] 
2020-10-29T10:26:23.042+0000: [GC (Allocation Failure) 2020-10-29T10:26:23.042+0000: [ParNew: 16388K->20K(18432K), 0.0027790 secs] 382132K->367812K(608188K), 0.0028335 secs] [Times: user=0.00 sys=0.00, real=0.00 secs] 
2020-10-29T10:26:23.070+0000: [GC (Allocation Failure) 2020-10-29T10:26:23.070+0000: [ParNew: 16404K->4K(18432K), 0.0039397 secs] 384196K->367796K(608188K), 0.0039917 secs] [Times: user=0.01 sys=0.00, real=0.00 secs] 
2020-10-29T10:26:23.102+0000: [GC (Allocation Failure) 2020-10-29T10:26:23.102+0000: [ParNew: 16374K->4K(18432K), 0.0024064 secs] 384166K->367796K(608188K), 0.0024589 secs] [Times: user=0.00 sys=0.00, real=0.00 secs] 
2020-10-29T10:26:23.142+0000: [GC (Allocation Failure) 2020-10-29T10:26:23.142+0000: [ParNew: 16388K->4K(18432K), 0.0023930 secs] 384180K->367796K(608188K), 0.0024461 secs] [Times: user=0.00 sys=0.00, real=0.00 secs] 
2020-10-29T10:26:23.174+0000: [GC (Allocation Failure) 2020-10-29T10:26:23.174+0000: [ParNew: 16388K->4K(18432K), 0.0023960 secs] 384180K->367796K(608188K), 0.0024502 secs] [Times: user=0.00 sys=0.00, real=0.00 secs] 
2020-10-29T10:26:23.202+0000: [GC (Allocation Failure) 2020-10-29T10:26:23.202+0000: [ParNew: 16388K->4K(18432K), 0.0050676 secs] 384180K->367796K(608188K), 0.0051167 secs] [Times: user=0.01 sys=0.00, real=0.00 secs] 
2020-10-29T10:26:23.246+0000: [GC (Allocation Failure) 2020-10-29T10:26:23.246+0000: [ParNew: 16388K->4K(18432K), 0.0068634 secs] 384180K->367796K(608188K), 0.0069140 secs] [Times: user=0.01 sys=0.00, real=0.01 secs] 
2020-10-29T10:26:23.288+0000: [GC (Allocation Failure) 2020-10-29T10:26:23.288+0000: [ParNew: 16388K->6K(18432K), 0.0035385 secs] 384180K->367798K(608188K), 0.0036025 secs] [Times: user=0.00 sys=0.00, real=0.01 secs] 
2020-10-29T10:26:23.313+0000: [GC (Allocation Failure) 2020-10-29T10:26:23.313+0000: [ParNew: 16390K->20K(18432K), 0.0023890 secs] 384182K->367812K(608188K), 0.0024452 secs] [Times: user=0.01 sys=0.00, real=0.00 secs] 
2020-10-29T10:26:23.350+0000: [GC (Allocation Failure) 2020-10-29T10:26:23.350+0000: [ParNew: 16404K->4K(18432K), 0.0049889 secs] 384196K->367796K(608188K), 0.0050383 secs] [Times: user=0.01 sys=0.00, real=0.00 secs] 
2020-10-29T10:26:23.389+0000: [GC (Allocation Failure) 2020-10-29T10:26:23.389+0000: [ParNew: 16388K->4K(18432K), 0.0049314 secs] 384180K->367796K(608188K), 0.0050197 secs] [Times: user=0.01 sys=0.00, real=0.01 secs] 
2020-10-29T10:26:23.436+0000: [GC (Allocation Failure) 2020-10-29T10:26:23.437+0000: [ParNew: 16388K->4K(18432K), 0.0049174 secs] 384180K->367796K(608188K), 0.0049865 secs] [Times: user=0.01 sys=0.00, real=0.00 secs] 
2020-10-29T10:26:23.470+0000: [GC (Allocation Failure) 2020-10-29T10:26:23.470+0000: [ParNew: 16388K->4K(18432K), 0.0049052 secs] 384180K->367796K(608188K), 0.0049733 secs] [Times: user=0.01 sys=0.00, real=0.00 secs] 
2020-10-29T10:26:23.509+0000: [GC (Allocation Failure) 2020-10-29T10:26:23.509+0000: [ParNew: 16388K->2K(18432K), 0.0048306 secs] 384180K->367795K(608188K), 0.0048961 secs] [Times: user=0.01 sys=0.00, real=0.01 secs] 
2020-10-29T10:26:23.548+0000: [GC (Allocation Failure) 2020-10-29T10:26:23.548+0000: [ParNew: 16386K->4K(18432K), 0.0023819 secs] 384179K->367797K(608188K), 0.0024334 secs] [Times: user=0.01 sys=0.00, real=0.01 secs] 
2020-10-29T10:26:23.570+0000: [GC (Allocation Failure) 2020-10-29T10:26:23.570+0000: [ParNew: 16388K->4K(18432K), 0.0023713 secs] 384181K->367797K(608188K), 0.0024182 secs] [Times: user=0.00 sys=0.00, real=0.01 secs] 
2020-10-29T10:26:23.594+0000: [GC (Allocation Failure) 2020-10-29T10:26:23.594+0000: [ParNew: 16388K->4K(18432K), 0.0023412 secs] 384181K->367797K(608188K), 0.0023906 secs] [Times: user=0.01 sys=0.00, real=0.00 secs] 
2020-10-29T10:26:23.615+0000: [GC (Allocation Failure) 2020-10-29T10:26:23.615+0000: [ParNew: 16388K->4K(18432K), 0.0022528 secs] 384181K->367797K(608188K), 0.0022952 secs] [Times: user=0.00 sys=0.00, real=0.00 secs] 
2020-10-29T10:26:23.634+0000: [GC (Allocation Failure) 2020-10-29T10:26:23.634+0000: [ParNew: 16388K->4K(18432K), 0.0025907 secs] 384181K->371893K(608188K), 0.0026313 secs] [Times: user=0.01 sys=0.00, real=0.00 secs] 
2020-10-29T10:26:23.653+0000: [GC (Allocation Failure) 2020-10-29T10:26:23.653+0000: [ParNew: 16388K->4K(18432K), 0.0022918 secs] 388277K->371893K(608188K), 0.0023486 secs] [Times: user=0.00 sys=0.00, real=0.00 secs] 
2020-10-29T10:26:23.671+0000: [GC (Allocation Failure) 2020-10-29T10:26:23.671+0000: [ParNew: 16388K->4K(18432K), 0.0022849 secs] 388277K->371893K(608188K), 0.0023346 secs] [Times: user=0.01 sys=0.00, real=0.00 secs] 
2020-10-29T10:26:23.690+0000: [GC (Allocation Failure) 2020-10-29T10:26:23.690+0000: [ParNew: 16388K->4K(18432K), 0.0022143 secs] 388277K->371893K(608188K), 0.0022540 secs] [Times: user=0.01 sys=0.00, real=0.00 secs] 
2020-10-29T10:26:23.710+0000: [GC (Allocation Failure) 2020-10-29T10:26:23.710+0000: [ParNew: 16388K->4K(18432K), 0.0022986 secs] 388277K->371893K(608188K), 0.0023429 secs] [Times: user=0.01 sys=0.00, real=0.00 secs] 
2020-10-29T10:26:23.730+0000: [GC (Allocation Failure) 2020-10-29T10:26:23.730+0000: [ParNew: 16388K->4K(18432K), 0.0023683 secs] 388277K->371893K(608188K), 0.0024165 secs] [Times: user=0.00 sys=0.00, real=0.00 secs] 
2020-10-29T10:26:23.751+0000: [GC (Allocation Failure) 2020-10-29T10:26:23.751+0000: [ParNew: 16388K->4K(18432K), 0.0023639 secs] 388277K->371893K(608188K), 0.0024117 secs] [Times: user=0.00 sys=0.00, real=0.00 secs] 
2020-10-29T10:26:23.768+0000: [GC (Allocation Failure) 2020-10-29T10:26:23.768+0000: [ParNew: 14208K->4K(18432K), 0.0022645 secs] 386098K->371893K(608188K), 0.0023118 secs] [Times: user=0.01 sys=0.00, real=0.00 secs] 
2020-10-29T10:26:23.786+0000: [GC (Allocation Failure) 2020-10-29T10:26:23.786+0000: [ParNew: 16388K->4K(18432K), 0.0029830 secs] 388277K->375989K(608188K), 0.0030294 secs] [Times: user=0.00 sys=0.00, real=0.00 secs] 
2020-10-29T10:26:23.805+0000: [GC (Allocation Failure) 2020-10-29T10:26:23.805+0000: [ParNew: 16388K->4K(18432K), 0.0023904 secs] 392373K->375989K(608188K), 0.0024372 secs] [Times: user=0.01 sys=0.00, real=0.00 secs] 
2020-10-29T10:26:23.824+0000: [GC (Allocation Failure) 2020-10-29T10:26:23.824+0000: [ParNew: 16388K->4K(18432K), 0.0021508 secs] 392373K->375989K(608188K), 0.0021944 secs] [Times: user=0.01 sys=0.00, real=0.00 secs] 
2020-10-29T10:26:23.842+0000: [GC (Allocation Failure) 2020-10-29T10:26:23.842+0000: [ParNew: 16388K->4K(18432K), 0.0022397 secs] 392373K->375989K(608188K), 0.0022841 secs] [Times: user=0.00 sys=0.00, real=0.01 secs] 
2020-10-29T10:26:23.860+0000: [GC (Allocation Failure) 2020-10-29T10:26:23.860+0000: [ParNew: 16388K->4K(18432K), 0.0022246 secs] 392373K->375989K(608188K), 0.0022647 secs] [Times: user=0.01 sys=0.00, real=0.01 secs] 
2020-10-29T10:26:23.879+0000: [GC (Allocation Failure) 2020-10-29T10:26:23.879+0000: [ParNew: 16388K->4K(18432K), 0.0021390 secs] 392373K->375989K(608188K), 0.0021815 secs] [Times: user=0.01 sys=0.00, real=0.00 secs] 
2020-10-29T10:26:23.898+0000: [GC (Allocation Failure) 2020-10-29T10:26:23.898+0000: [ParNew: 16388K->4K(18432K), 0.0022447 secs] 392373K->375989K(608188K), 0.0022893 secs] [Times: user=0.00 sys=0.00, real=0.00 secs] 
2020-10-29T10:26:23.923+0000: [GC (Allocation Failure) 2020-10-29T10:26:23.923+0000: [ParNew: 16388K->4K(18432K), 0.0023965 secs] 392373K->375989K(608188K), 0.0024480 secs] [Times: user=0.00 sys=0.00, real=0.00 secs] 
2020-10-29T10:26:23.950+0000: [GC (Allocation Failure) 2020-10-29T10:26:23.950+0000: [ParNew: 16388K->4K(18432K), 0.0024411 secs] 392373K->375989K(608188K), 0.0025075 secs] [Times: user=0.01 sys=0.00, real=0.01 secs] 
2020-10-29T10:26:23.970+0000: [GC (Allocation Failure) 2020-10-29T10:26:23.970+0000: [ParNew: 16388K->4K(18432K), 0.0023353 secs] 392373K->375989K(608188K), 0.0023845 secs] [Times: user=0.01 sys=0.00, real=0.00 secs] 
2020-10-29T10:26:23.988+0000: [GC (Allocation Failure) 2020-10-29T10:26:23.988+0000: [ParNew: 16388K->4K(18432K), 0.0022517 secs] 392373K->375989K(608188K), 0.0022980 secs] [Times: user=0.01 sys=0.00, real=0.01 secs] 
2020-10-29T10:26:24.016+0000: [GC (Allocation Failure) 2020-10-29T10:26:24.016+0000: [ParNew: 16388K->4K(18432K), 0.0023883 secs] 392373K->375989K(608188K), 0.0024561 secs] [Times: user=0.01 sys=0.00, real=0.00 secs] 
2020-10-29T10:26:24.038+0000: [GC (Allocation Failure) 2020-10-29T10:26:24.038+0000: [ParNew: 16388K->4K(18432K), 0.0025313 secs] 392373K->375990K(608188K), 0.0025941 secs] [Times: user=0.01 sys=0.00, real=0.00 secs] 
2020-10-29T10:26:24.056+0000: [GC (Allocation Failure) 2020-10-29T10:26:24.056+0000: [ParNew: 16388K->4K(18432K), 0.0023200 secs] 392374K->375990K(608188K), 0.0023674 secs] [Times: user=0.01 sys=0.00, real=0.00 secs] 
2020-10-29T10:26:24.073+0000: [GC (Allocation Failure) 2020-10-29T10:26:24.073+0000: [ParNew: 16388K->4K(18432K), 0.0023316 secs] 392374K->375990K(608188K), 0.0023827 secs] [Times: user=0.00 sys=0.00, real=0.00 secs] 
2020-10-29T10:26:24.091+0000: [GC (Allocation Failure) 2020-10-29T10:26:24.091+0000: [ParNew: 16388K->4K(18432K), 0.0022861 secs] 392374K->375990K(608188K), 0.0023299 secs] [Times: user=0.01 sys=0.00, real=0.00 secs] 
2020-10-29T10:26:24.108+0000: [GC (Allocation Failure) 2020-10-29T10:26:24.108+0000: [ParNew: 16388K->4K(18432K), 0.0022501 secs] 392374K->375990K(608188K), 0.0022944 secs] [Times: user=0.00 sys=0.00, real=0.01 secs] 
2020-10-29T10:26:24.126+0000: [GC (Allocation Failure) 2020-10-29T10:26:24.126+0000: [ParNew: 16388K->4K(18432K), 0.0021989 secs] 392374K->375990K(608188K), 0.0022422 secs] [Times: user=0.01 sys=0.00, real=0.00 secs] 
2020-10-29T10:26:24.146+0000: [GC (Allocation Failure) 2020-10-29T10:26:24.146+0000: [ParNew: 16388K->4K(18432K), 0.0024097 secs] 392374K->375990K(608188K), 0.0024608 secs] [Times: user=0.00 sys=0.00, real=0.00 secs] 
2020-10-29T10:26:24.166+0000: [GC (Allocation Failure) 2020-10-29T10:26:24.166+0000: [ParNew: 16388K->20K(18432K), 0.0022878 secs] 392374K->376006K(608188K), 0.0023342 secs] [Times: user=0.00 sys=0.00, real=0.00 secs] 
2020-10-29T10:26:24.186+0000: [GC (Allocation Failure) 2020-10-29T10:26:24.186+0000: [ParNew: 16404K->4K(18432K), 0.0022515 secs] 392390K->375990K(608188K), 0.0022969 secs] [Times: user=0.00 sys=0.00, real=0.00 secs] 
2020-10-29T10:26:24.209+0000: [GC (Allocation Failure) 2020-10-29T10:26:24.209+0000: [ParNew: 16388K->4K(18432K), 0.0024233 secs] 392374K->375990K(608188K), 0.0024719 secs] [Times: user=0.01 sys=0.00, real=0.01 secs] 
2020-10-29T10:26:24.234+0000: [GC (Allocation Failure) 2020-10-29T10:26:24.234+0000: [ParNew: 16388K->4K(18432K), 0.0023480 secs] 392374K->375990K(608188K), 0.0024141 secs] [Times: user=0.01 sys=0.00, real=0.00 secs] 
2020-10-29T10:26:24.257+0000: [GC (Allocation Failure) 2020-10-29T10:26:24.257+0000: [ParNew: 16388K->2K(18432K), 0.0041513 secs] 392374K->375988K(608188K), 0.0042062 secs] [Times: user=0.00 sys=0.00, real=0.00 secs] 
2020-10-29T10:26:24.282+0000: [GC (Allocation Failure) 2020-10-29T10:26:24.282+0000: [ParNew: 16386K->4K(18432K), 0.0023493 secs] 392372K->375990K(608188K), 0.0023973 secs] [Times: user=0.01 sys=0.00, real=0.00 secs] 
2020-10-29T10:26:24.300+0000: [GC (Allocation Failure) 2020-10-29T10:26:24.300+0000: [ParNew: 16388K->4K(18432K), 0.0020834 secs] 392374K->375990K(608188K), 0.0021261 secs] [Times: user=0.01 sys=0.00, real=0.00 secs] 
2020-10-29T10:26:24.318+0000: [GC (Allocation Failure) 2020-10-29T10:26:24.318+0000: [ParNew: 16388K->4K(18432K), 0.0022193 secs] 392374K->375990K(608188K), 0.0022634 secs] [Times: user=0.00 sys=0.00, real=0.00 secs] 
2020-10-29T10:26:24.338+0000: [GC (Allocation Failure) 2020-10-29T10:26:24.338+0000: [ParNew: 16388K->4K(18432K), 0.0021476 secs] 392374K->375990K(608188K), 0.0021848 secs] [Times: user=0.00 sys=0.00, real=0.00 secs] 
2020-10-29T10:26:24.358+0000: [GC (Allocation Failure) 2020-10-29T10:26:24.358+0000: [ParNew: 16388K->4K(18432K), 0.0021910 secs] 392374K->375990K(608188K), 0.0022317 secs] [Times: user=0.00 sys=0.00, real=0.00 secs] 
2020-10-29T10:26:24.376+0000: [GC (Allocation Failure) 2020-10-29T10:26:24.376+0000: [ParNew: 16388K->4K(18432K), 0.0021611 secs] 392374K->375990K(608188K), 0.0022003 secs] [Times: user=0.00 sys=0.00, real=0.00 secs] 
2020-10-29T10:26:24.394+0000: [GC (Allocation Failure) 2020-10-29T10:26:24.394+0000: [ParNew: 16388K->4K(18432K), 0.0021718 secs] 392374K->375990K(608188K), 0.0022138 secs] [Times: user=0.00 sys=0.00, real=0.00 secs] 
2020-10-29T10:26:24.411+0000: [GC (Allocation Failure) 2020-10-29T10:26:24.411+0000: [ParNew: 16388K->6K(18432K), 0.0021868 secs] 392374K->375992K(608188K), 0.0022302 secs] [Times: user=0.01 sys=0.00, real=0.00 secs] 
2020-10-29T10:26:24.428+0000: [GC (Allocation Failure) 2020-10-29T10:26:24.428+0000: [ParNew: 16390K->4K(18432K), 0.0020581 secs] 392376K->375990K(608188K), 0.0020983 secs] [Times: user=0.00 sys=0.00, real=0.01 secs] 
2020-10-29T10:26:24.446+0000: [GC (Allocation Failure) 2020-10-29T10:26:24.446+0000: [ParNew: 16388K->4K(18432K), 0.0019198 secs] 392374K->375990K(608188K), 0.0019589 secs] [Times: user=0.01 sys=0.00, real=0.00 secs] 
2020-10-29T10:26:24.463+0000: [GC (Allocation Failure) 2020-10-29T10:26:24.463+0000: [ParNew: 16388K->4K(18432K), 0.0020822 secs] 392374K->375991K(608188K), 0.0021225 secs] [Times: user=0.00 sys=0.00, real=0.00 secs] 
2020-10-29T10:26:24.480+0000: [GC (Allocation Failure) 2020-10-29T10:26:24.480+0000: [ParNew: 16388K->4K(18432K), 0.0019709 secs] 392375K->375991K(608188K), 0.0020105 secs] [Times: user=0.01 sys=0.00, real=0.01 secs] 
2020-10-29T10:26:24.498+0000: [GC (Allocation Failure) 2020-10-29T10:26:24.498+0000: [ParNew: 16388K->4K(18432K), 0.0018934 secs] 392375K->375991K(608188K), 0.0019317 secs] [Times: user=0.01 sys=0.00, real=0.00 secs] 
2020-10-29T10:26:24.516+0000: [GC (Allocation Failure) 2020-10-29T10:26:24.516+0000: [ParNew: 16388K->4K(18432K), 0.0021484 secs] 392375K->375991K(608188K), 0.0021915 secs] [Times: user=0.00 sys=0.00, real=0.00 secs] 
2020-10-29T10:26:24.533+0000: [GC (Allocation Failure) 2020-10-29T10:26:24.533+0000: [ParNew: 16388K->4K(18432K), 0.0021616 secs] 392375K->375991K(608188K), 0.0022005 secs] [Times: user=0.00 sys=0.00, real=0.00 secs] 
2020-10-29T10:26:24.550+0000: [GC (Allocation Failure) 2020-10-29T10:26:24.550+0000: [ParNew: 16388K->4K(18432K), 0.0020408 secs] 392375K->375991K(608188K), 0.0020781 secs] [Times: user=0.01 sys=0.00, real=0.01 secs] 
2020-10-29T10:26:24.571+0000: [GC (Allocation Failure) 2020-10-29T10:26:24.571+0000: [ParNew: 16388K->4K(18432K), 0.0021209 secs] 392375K->375991K(608188K), 0.0021794 secs] [Times: user=0.00 sys=0.00, real=0.00 secs] 
2020-10-29T10:26:24.591+0000: [GC (Allocation Failure) 2020-10-29T10:26:24.591+0000: [ParNew: 16388K->4K(18432K), 0.0024101 secs] 392375K->375991K(608188K), 0.0024613 secs] [Times: user=0.01 sys=0.00, real=0.00 secs] 
2020-10-29T10:26:24.608+0000: [GC (Allocation Failure) 2020-10-29T10:26:24.608+0000: [ParNew: 16388K->4K(18432K), 0.0023058 secs] 392375K->375991K(608188K), 0.0023486 secs] [Times: user=0.00 sys=0.00, real=0.01 secs] 
2020-10-29T10:26:24.630+0000: [GC (Allocation Failure) 2020-10-29T10:26:24.630+0000: [ParNew: 16388K->4K(18432K), 0.0023696 secs] 392375K->375991K(608188K), 0.0024203 secs] [Times: user=0.01 sys=0.00, real=0.00 secs] 
2020-10-29T10:26:24.654+0000: [GC (Allocation Failure) 2020-10-29T10:26:24.654+0000: [ParNew: 16388K->4K(18432K), 0.0024107 secs] 392375K->375991K(608188K), 0.0024795 secs] [Times: user=0.01 sys=0.00, real=0.00 secs] 
2020-10-29T10:26:24.672+0000: [GC (Allocation Failure) 2020-10-29T10:26:24.672+0000: [ParNew: 16388K->4K(18432K), 0.0023752 secs] 392375K->375991K(608188K), 0.0024242 secs] [Times: user=0.01 sys=0.00, real=0.00 secs] 
2020-10-29T10:26:24.689+0000: [GC (Allocation Failure) 2020-10-29T10:26:24.689+0000: [ParNew: 16388K->4K(18432K), 0.0023918 secs] 392375K->375991K(608188K), 0.0024471 secs] [Times: user=0.00 sys=0.00, real=0.01 secs] 
2020-10-29T10:26:24.710+0000: [GC (Allocation Failure) 2020-10-29T10:26:24.710+0000: [ParNew: 16388K->4K(18432K), 0.0022908 secs] 392375K->375991K(608188K), 0.0023343 secs] [Times: user=0.01 sys=0.00, real=0.00 secs] 
2020-10-29T10:26:24.730+0000: [GC (Allocation Failure) 2020-10-29T10:26:24.730+0000: [ParNew: 16388K->6K(18432K), 0.0022752 secs] 392375K->375993K(608188K), 0.0023164 secs] [Times: user=0.01 sys=0.00, real=0.00 secs] 
2020-10-29T10:26:24.750+0000: [GC (Allocation Failure) 2020-10-29T10:26:24.750+0000: [ParNew: 16390K->4K(18432K), 0.0022474 secs] 392377K->375991K(608188K), 0.0022890 secs] [Times: user=0.00 sys=0.00, real=0.00 secs] 
2020-10-29T10:26:24.768+0000: [GC (Allocation Failure) 2020-10-29T10:26:24.768+0000: [ParNew: 16388K->4K(18432K), 0.0022622 secs] 392375K->375991K(608188K), 0.0023027 secs] [Times: user=0.00 sys=0.00, real=0.00 secs] 
2020-10-29T10:26:24.785+0000: [GC (Allocation Failure) 2020-10-29T10:26:24.785+0000: [ParNew: 16388K->4K(18432K), 0.0022104 secs] 392375K->375991K(608188K), 0.0022477 secs] [Times: user=0.00 sys=0.00, real=0.00 secs] 
2020-10-29T10:26:24.802+0000: [GC (Allocation Failure) 2020-10-29T10:26:24.802+0000: [ParNew: 16388K->4K(18432K), 0.0022032 secs] 392375K->375991K(608188K), 0.0022414 secs] [Times: user=0.01 sys=0.00, real=0.00 secs] 
2020-10-29T10:26:24.823+0000: [GC (Allocation Failure) 2020-10-29T10:26:24.823+0000: [ParNew: 16388K->4K(18432K), 0.0022306 secs] 392375K->375991K(608188K), 0.0022736 secs] [Times: user=0.01 sys=0.00, real=0.00 secs] 
2020-10-29T10:26:24.846+0000: [GC (Allocation Failure) 2020-10-29T10:26:24.846+0000: [ParNew: 16388K->4K(18432K), 0.0022584 secs] 392375K->375991K(608188K), 0.0023023 secs] [Times: user=0.01 sys=0.00, real=0.00 secs] 
2020-10-29T10:26:24.864+0000: [GC (Allocation Failure) 2020-10-29T10:26:24.864+0000: [ParNew: 16388K->4K(18432K), 0.0022689 secs] 392375K->375991K(608188K), 0.0023105 secs] [Times: user=0.01 sys=0.00, real=0.00 secs] 
2020-10-29T10:26:24.882+0000: [GC (Allocation Failure) 2020-10-29T10:26:24.882+0000: [ParNew: 16388K->4K(18432K), 0.0021372 secs] 392375K->375991K(608188K), 0.0021784 secs] [Times: user=0.01 sys=0.00, real=0.00 secs] 
2020-10-29T10:26:24.900+0000: [GC (Allocation Failure) 2020-10-29T10:26:24.900+0000: [ParNew: 16388K->4K(18432K), 0.0020497 secs] 392375K->375991K(608188K), 0.0020901 secs] [Times: user=0.01 sys=0.00, real=0.00 secs] 
2020-10-29T10:26:24.917+0000: [GC (Allocation Failure) 2020-10-29T10:26:24.917+0000: [ParNew: 16388K->4K(18432K), 0.0022774 secs] 392375K->375991K(608188K), 0.0023217 secs] [Times: user=0.00 sys=0.00, real=0.00 secs] 
2020-10-29T10:26:24.938+0000: [GC (Allocation Failure) 2020-10-29T10:26:24.938+0000: [ParNew: 16388K->4K(18432K), 0.0022238 secs] 392375K->375991K(608188K), 0.0022680 secs] [Times: user=0.01 sys=0.00, real=0.00 secs] 
2020-10-29T10:26:24.955+0000: [GC (Allocation Failure) 2020-10-29T10:26:24.955+0000: [ParNew: 16388K->4K(18432K), 0.0021961 secs] 392375K->375991K(608188K), 0.0022386 secs] [Times: user=0.01 sys=0.00, real=0.00 secs] 
2020-10-29T10:26:24.973+0000: [GC (Allocation Failure) 2020-10-29T10:26:24.973+0000: [ParNew: 16388K->4K(18432K), 0.0021658 secs] 392375K->375991K(608188K), 0.0022088 secs] [Times: user=0.00 sys=0.00, real=0.00 secs] 
2020-10-29T10:26:24.990+0000: [GC (Allocation Failure) 2020-10-29T10:26:24.990+0000: [ParNew: 16388K->4K(18432K), 0.0023163 secs] 392375K->375991K(608188K), 0.0023624 secs] [Times: user=0.00 sys=0.00, real=0.01 secs] 
2020-10-29T10:26:25.010+0000: [GC (Allocation Failure) 2020-10-29T10:26:25.010+0000: [ParNew: 16388K->4K(18432K), 0.0022760 secs] 392375K->375991K(608188K), 0.0023192 secs] [Times: user=0.00 sys=0.00, real=0.00 secs] 
2020-10-29T10:26:25.028+0000: [GC (Allocation Failure) 2020-10-29T10:26:25.028+0000: [ParNew: 16388K->4K(18432K), 0.0022791 secs] 392375K->375991K(608188K), 0.0023256 secs] [Times: user=0.01 sys=0.00, real=0.00 secs] 
2020-10-29T10:26:25.046+0000: [GC (Allocation Failure) 2020-10-29T10:26:25.046+0000: [ParNew: 16388K->4K(18432K), 0.0021371 secs] 392375K->375991K(608188K), 0.0021806 secs] [Times: user=0.01 sys=0.00, real=0.00 secs] 
2020-10-29T10:26:25.063+0000: [GC (Allocation Failure) 2020-10-29T10:26:25.064+0000: [ParNew: 16388K->4K(18432K), 0.0020658 secs] 392375K->375991K(608188K), 0.0021070 secs] [Times: user=0.01 sys=0.00, real=0.00 secs] 
2020-10-29T10:26:25.082+0000: [GC (Allocation Failure) 2020-10-29T10:26:25.082+0000: [ParNew: 16388K->4K(18432K), 0.0021754 secs] 392375K->375991K(608188K), 0.0022193 secs] [Times: user=0.00 sys=0.00, real=0.00 secs] 
2020-10-29T10:26:25.102+0000: [GC (Allocation Failure) 2020-10-29T10:26:25.102+0000: [ParNew: 16388K->4K(18432K), 0.0022972 secs] 392375K->375991K(608188K), 0.0023501 secs] [Times: user=0.01 sys=0.00, real=0.01 secs] 
2020-10-29T10:26:25.119+0000: [GC (Allocation Failure) 2020-10-29T10:26:25.119+0000: [ParNew: 16388K->4K(18432K), 0.0021613 secs] 392375K->375991K(608188K), 0.0022189 secs] [Times: user=0.01 sys=0.00, real=0.00 secs] 
2020-10-29T10:26:25.136+0000: [GC (Allocation Failure) 2020-10-29T10:26:25.136+0000: [ParNew: 16388K->4K(18432K), 0.0024378 secs] 392375K->375991K(608188K), 0.0024834 secs] [Times: user=0.01 sys=0.00, real=0.00 secs] 
2020-10-29T10:26:25.154+0000: [GC (Allocation Failure) 2020-10-29T10:26:25.154+0000: [ParNew: 16388K->4K(18432K), 0.0023100 secs] 392375K->375991K(608188K), 0.0023577 secs] [Times: user=0.00 sys=0.00, real=0.00 secs] 
2020-10-29T10:26:25.172+0000: [GC (Allocation Failure) 2020-10-29T10:26:25.172+0000: [ParNew: 16388K->4K(18432K), 0.0022484 secs] 392375K->375991K(608188K), 0.0022933 secs] [Times: user=0.00 sys=0.01, real=0.00 secs] 
2020-10-29T10:26:25.190+0000: [GC (Allocation Failure) 2020-10-29T10:26:25.190+0000: [ParNew: 16388K->4K(18432K), 0.0021685 secs] 392375K->375991K(608188K), 0.0022112 secs] [Times: user=0.00 sys=0.00, real=0.00 secs] 
2020-10-29T10:26:25.212+0000: [GC (Allocation Failure) 2020-10-29T10:26:25.212+0000: [ParNew: 16388K->4K(18432K), 0.0023660 secs] 392375K->375991K(608188K), 0.0024161 secs] [Times: user=0.00 sys=0.00, real=0.00 secs] 
2020-10-29T10:26:25.230+0000: [GC (Allocation Failure) 2020-10-29T10:26:25.230+0000: [ParNew: 16388K->4K(18432K), 0.0023875 secs] 392375K->375991K(608188K), 0.0024377 secs] [Times: user=0.01 sys=0.00, real=0.01 secs] 
2020-10-29T10:26:25.247+0000: [GC (Allocation Failure) 2020-10-29T10:26:25.247+0000: [ParNew: 16388K->4K(18432K), 0.0023471 secs] 392375K->375991K(608188K), 0.0023956 secs] [Times: user=0.00 sys=0.00, real=0.00 secs] 
2020-10-29T10:26:25.277+0000: [GC (Allocation Failure) 2020-10-29T10:26:25.277+0000: [ParNew: 16388K->4K(18432K), 0.0023894 secs] 392375K->375991K(608188K), 0.0024402 secs] [Times: user=0.01 sys=0.00, real=0.00 secs] 
2020-10-29T10:26:25.295+0000: [GC (Allocation Failure) 2020-10-29T10:26:25.296+0000: [ParNew: 16388K->4K(18432K), 0.0022962 secs] 392375K->375991K(608188K), 0.0023435 secs] [Times: user=0.01 sys=0.00, real=0.00 secs] 
2020-10-29T10:26:25.313+0000: [GC (Allocation Failure) 2020-10-29T10:26:25.313+0000: [ParNew: 16388K->4K(18432K), 0.0022196 secs] 392375K->375991K(608188K), 0.0022636 secs] [Times: user=0.00 sys=0.00, real=0.00 secs] 
2020-10-29T10:26:25.330+0000: [GC (Allocation Failure) 2020-10-29T10:26:25.330+0000: [ParNew: 16388K->4K(18432K), 0.0022185 secs] 392375K->375991K(608188K), 0.0022608 secs] [Times: user=0.01 sys=0.00, real=0.01 secs] 
2020-10-29T10:26:25.347+0000: [GC (Allocation Failure) 2020-10-29T10:26:25.347+0000: [ParNew: 16388K->4K(18432K), 0.0022281 secs] 392375K->375991K(608188K), 0.0022728 secs] [Times: user=0.00 sys=0.00, real=0.00 secs] 
2020-10-29T10:26:25.366+0000: [GC (Allocation Failure) 2020-10-29T10:26:25.366+0000: [ParNew: 16388K->4K(18432K), 0.0022324 secs] 392375K->375991K(608188K), 0.0022774 secs] [Times: user=0.00 sys=0.00, real=0.00 secs] 
2020-10-29T10:26:25.385+0000: [GC (Allocation Failure) 2020-10-29T10:26:25.385+0000: [ParNew: 16388K->4K(18432K), 0.0022885 secs] 392375K->375991K(608188K), 0.0023377 secs] [Times: user=0.00 sys=0.00, real=0.00 secs] 
2020-10-29T10:26:25.410+0000: [GC (Allocation Failure) 2020-10-29T10:26:25.410+0000: [ParNew: 16388K->4K(18432K), 0.0023914 secs] 392375K->375991K(608188K), 0.0024445 secs] [Times: user=0.01 sys=0.00, real=0.00 secs] 
2020-10-29T10:26:25.434+0000: [GC (Allocation Failure) 2020-10-29T10:26:25.434+0000: [ParNew: 16388K->4K(18432K), 0.0023839 secs] 392375K->375991K(608188K), 0.0024599 secs] [Times: user=0.00 sys=0.00, real=0.00 secs] 
2020-10-29T10:26:25.459+0000: [GC (Allocation Failure) 2020-10-29T10:26:25.459+0000: [ParNew: 16388K->4K(18432K), 0.0024156 secs] 392375K->375991K(608188K), 0.0024811 secs] [Times: user=0.00 sys=0.00, real=0.00 secs] 
2020-10-29T10:26:25.484+0000: [GC (Allocation Failure) 2020-10-29T10:26:25.484+0000: [ParNew: 16388K->4K(18432K), 0.0023626 secs] 392375K->375991K(608188K), 0.0024242 secs] [Times: user=0.00 sys=0.00, real=0.00 secs] 
2020-10-29T10:26:25.510+0000: [GC (Allocation Failure) 2020-10-29T10:26:25.510+0000: [ParNew: 16388K->4K(18432K), 0.0023150 secs] 392375K->375991K(608188K), 0.0023832 secs] [Times: user=0.01 sys=0.00, real=0.01 secs] 
2020-10-29T10:26:25.533+0000: [GC (Allocation Failure) 2020-10-29T10:26:25.533+0000: [ParNew: 16388K->4K(18432K), 0.0022506 secs] 392375K->375991K(608188K), 0.0023078 secs] [Times: user=0.00 sys=0.00, real=0.00 secs] 
2020-10-29T10:26:25.559+0000: [GC (Allocation Failure) 2020-10-29T10:26:25.559+0000: [ParNew: 16388K->4K(18432K), 0.0022624 secs] 392375K->375991K(608188K), 0.0023183 secs] [Times: user=0.01 sys=0.00, real=0.00 secs] 
2020-10-29T10:26:25.582+0000: [GC (Allocation Failure) 2020-10-29T10:26:25.582+0000: [ParNew: 16388K->4K(18432K), 0.0023705 secs] 392375K->375991K(608188K), 0.0024361 secs] [Times: user=0.00 sys=0.00, real=0.00 secs] 
2020-10-29T10:26:25.614+0000: [GC (Allocation Failure) 2020-10-29T10:26:25.614+0000: [ParNew: 16388K->4K(18432K), 0.0023479 secs] 392375K->375991K(608188K), 0.0023966 secs] [Times: user=0.00 sys=0.00, real=0.00 secs] 
2020-10-29T10:26:25.638+0000: [GC (Allocation Failure) 2020-10-29T10:26:25.638+0000: [ParNew: 16388K->4K(18432K), 0.0022357 secs] 392375K->375991K(608188K), 0.0022795 secs] [Times: user=0.01 sys=0.00, real=0.00 secs] 
2020-10-29T10:26:25.658+0000: [GC (Allocation Failure) 2020-10-29T10:26:25.658+0000: [ParNew: 16388K->4K(18432K), 0.0019929 secs] 392375K->375991K(608188K), 0.0020311 secs] [Times: user=0.00 sys=0.00, real=0.00 secs] 
2020-10-29T10:26:25.678+0000: [GC (Allocation Failure) 2020-10-29T10:26:25.678+0000: [ParNew: 16388K->4K(18432K), 0.0021516 secs] 392375K->375991K(608188K), 0.0022006 secs] [Times: user=0.00 sys=0.00, real=0.00 secs] 
2020-10-29T10:26:25.702+0000: [GC (Allocation Failure) 2020-10-29T10:26:25.702+0000: [ParNew: 16388K->4K(18432K), 0.0023522 secs] 408759K->392375K(608188K), 0.0024045 secs] [Times: user=0.01 sys=0.00, real=0.00 secs] 
2020-10-29T10:26:25.705+0000: [GC (CMS Initial Mark) [1 CMS-initial-mark: 392371K(589756K)] 392375K(608188K), 0.0011673 secs] [Times: user=0.00 sys=0.00, real=0.00 secs] 
2020-10-29T10:26:25.706+0000: [CMS-concurrent-mark-start]
2020-10-29T10:26:25.738+0000: [GC (Allocation Failure) 2020-10-29T10:26:25.738+0000: [ParNew: 16388K->4K(18432K), 0.0022501 secs] 408759K->392375K(608188K), 0.0023030 secs] [Times: user=0.00 sys=0.00, real=0.00 secs] 
2020-10-29T10:26:25.760+0000: [GC (Allocation Failure) 2020-10-29T10:26:25.760+0000: [ParNew: 16388K->4K(18432K), 0.0023490 secs] 408759K->392375K(608188K), 0.0023970 secs] [Times: user=0.01 sys=0.00, real=0.01 secs] 
2020-10-29T10:26:25.768+0000: [CMS-concurrent-mark: 0.053/0.061 secs] [Times: user=0.11 sys=0.01, real=0.06 secs] 
2020-10-29T10:26:25.768+0000: [CMS-concurrent-preclean-start]
2020-10-29T10:26:25.770+0000: [CMS-concurrent-preclean: 0.002/0.002 secs] [Times: user=0.00 sys=0.00, real=0.00 secs] 
2020-10-29T10:26:25.770+0000: [CMS-concurrent-abortable-preclean-start]
2020-10-29T10:26:25.784+0000: [GC (Allocation Failure) 2020-10-29T10:26:25.784+0000: [ParNew: 16388K->4K(18432K), 0.0020204 secs] 408759K->392375K(608188K), 0.0020621 secs] [Times: user=0.00 sys=0.00, real=0.00 secs] 
2020-10-29T10:26:25.801+0000: [GC (Allocation Failure) 2020-10-29T10:26:25.801+0000: [ParNew: 16388K->4K(18432K), 0.0022566 secs] 408759K->392375K(608188K), 0.0023057 secs] [Times: user=0.01 sys=0.00, real=0.01 secs] 
2020-10-29T10:26:25.822+0000: [GC (Allocation Failure) 2020-10-29T10:26:25.822+0000: [ParNew: 16388K->4K(18432K), 0.0021920 secs] 408759K->392375K(608188K), 0.0022408 secs] [Times: user=0.00 sys=0.00, real=0.00 secs] 
2020-10-29T10:26:25.841+0000: [GC (Allocation Failure) 2020-10-29T10:26:25.841+0000: [ParNew: 16388K->4K(18432K), 0.0023137 secs] 408759K->392375K(608188K), 0.0023618 secs] [Times: user=0.00 sys=0.00, real=0.01 secs] 
2020-10-29T10:26:25.862+0000: [GC (Allocation Failure) 2020-10-29T10:26:25.862+0000: [ParNew: 16388K->4K(18432K), 0.0022708 secs] 408759K->392375K(608188K), 0.0023175 secs] [Times: user=0.00 sys=0.00, real=0.00 secs] 
2020-10-29T10:26:25.882+0000: [GC (Allocation Failure) 2020-10-29T10:26:25.882+0000: [ParNew: 16388K->4K(18432K), 0.0021911 secs] 408759K->392375K(608188K), 0.0022455 secs] [Times: user=0.01 sys=0.00, real=0.00 secs] 
2020-10-29T10:26:25.900+0000: [GC (Allocation Failure) 2020-10-29T10:26:25.900+0000: [ParNew: 16388K->4K(18432K), 0.0021355 secs] 408759K->392375K(608188K), 0.0021803 secs] [Times: user=0.00 sys=0.00, real=0.01 secs] 
2020-10-29T10:26:25.918+0000: [GC (Allocation Failure) 2020-10-29T10:26:25.918+0000: [ParNew: 16388K->4K(18432K), 0.0021876 secs] 408759K->392375K(608188K), 0.0022323 secs] [Times: user=0.00 sys=0.00, real=0.00 secs] 
2020-10-29T10:26:25.936+0000: [GC (Allocation Failure) 2020-10-29T10:26:25.936+0000: [ParNew: 16388K->4K(18432K), 0.0021498 secs] 408759K->392375K(608188K), 0.0021949 secs] [Times: user=0.01 sys=0.00, real=0.00 secs] 
2020-10-29T10:26:25.958+0000: [GC (Allocation Failure) 2020-10-29T10:26:25.958+0000: [ParNew: 16388K->4K(18432K), 0.0020377 secs] 408759K->392375K(608188K), 0.0020808 secs] [Times: user=0.01 sys=0.00, real=0.00 secs] 
2020-10-29T10:26:25.976+0000: [GC (Allocation Failure) 2020-10-29T10:26:25.976+0000: [ParNew: 16388K->4K(18432K), 0.0019473 secs] 408759K->392375K(608188K), 0.0019886 secs] [Times: user=0.00 sys=0.00, real=0.00 secs] 
2020-10-29T10:26:25.993+0000: [GC (Allocation Failure) 2020-10-29T10:26:25.993+0000: [ParNew: 16388K->4K(18432K), 0.0019831 secs] 408759K->392375K(608188K), 0.0020395 secs] [Times: user=0.01 sys=0.00, real=0.00 secs] 
2020-10-29T10:26:26.014+0000: [GC (Allocation Failure) 2020-10-29T10:26:26.014+0000: [ParNew: 16388K->4K(18432K), 0.0022487 secs] 408759K->392375K(608188K), 0.0022988 secs] [Times: user=0.01 sys=0.00, real=0.00 secs] 
2020-10-29T10:26:26.034+0000: [GC (Allocation Failure) 2020-10-29T10:26:26.034+0000: [ParNew: 16388K->4K(18432K), 0.0022847 secs] 408759K->392375K(608188K), 0.0023337 secs] [Times: user=0.00 sys=0.00, real=0.00 secs] 
2020-10-29T10:26:26.053+0000: [GC (Allocation Failure) 2020-10-29T10:26:26.053+0000: [ParNew: 16388K->4K(18432K), 0.0020300 secs] 408759K->392375K(608188K), 0.0020753 secs] [Times: user=0.00 sys=0.00, real=0.00 secs] 
2020-10-29T10:26:26.071+0000: [GC (Allocation Failure) 2020-10-29T10:26:26.071+0000: [ParNew: 16388K->4K(18432K), 0.0019045 secs] 408759K->392375K(608188K), 0.0019469 secs] [Times: user=0.00 sys=0.00, real=0.00 secs] 
2020-10-29T10:26:26.088+0000: [GC (Allocation Failure) 2020-10-29T10:26:26.088+0000: [ParNew: 16388K->4K(18432K), 0.0019010 secs] 408759K->392375K(608188K), 0.0019409 secs] [Times: user=0.01 sys=0.00, real=0.01 secs] 
2020-10-29T10:26:26.106+0000: [GC (Allocation Failure) 2020-10-29T10:26:26.106+0000: [ParNew: 16388K->4K(18432K), 0.0018884 secs] 408759K->392375K(608188K), 0.0019275 secs] [Times: user=0.00 sys=0.00, real=0.00 secs] 
2020-10-29T10:26:26.124+0000: [GC (Allocation Failure) 2020-10-29T10:26:26.124+0000: [ParNew: 16388K->4K(18432K), 0.0019905 secs] 408759K->392375K(608188K), 0.0020347 secs] [Times: user=0.01 sys=0.00, real=0.00 secs] 
2020-10-29T10:26:26.148+0000: [GC (Allocation Failure) 2020-10-29T10:26:26.148+0000: [ParNew: 16388K->4K(18432K), 0.0024343 secs] 425143K->408759K(608188K), 0.0024870 secs] [Times: user=0.01 sys=0.00, real=0.00 secs] 
2020-10-29T10:26:26.170+0000: [GC (Allocation Failure) 2020-10-29T10:26:26.170+0000: [ParNew: 16388K->4K(18432K), 0.0022071 secs] 425143K->408759K(608188K), 0.0022545 secs] [Times: user=0.00 sys=0.00, real=0.01 secs] 
2020-10-29T10:26:26.190+0000: [GC (Allocation Failure) 2020-10-29T10:26:26.190+0000: [ParNew: 16388K->4K(18432K), 0.0019805 secs] 425143K->408759K(608188K), 0.0020249 secs] [Times: user=0.01 sys=0.00, real=0.00 secs] 
2020-10-29T10:26:26.210+0000: [GC (Allocation Failure) 2020-10-29T10:26:26.210+0000: [ParNew: 16388K->4K(18432K), 0.0019892 secs] 425143K->408759K(608188K), 0.0020323 secs] [Times: user=0.00 sys=0.00, real=0.00 secs] 
2020-10-29T10:26:26.232+0000: [GC (Allocation Failure) 2020-10-29T10:26:26.232+0000: [ParNew: 16388K->4K(18432K), 0.0019142 secs] 425143K->408759K(608188K), 0.0019559 secs] [Times: user=0.00 sys=0.00, real=0.00 secs] 
2020-10-29T10:26:26.251+0000: [GC (Allocation Failure) 2020-10-29T10:26:26.251+0000: [ParNew: 16388K->4K(18432K), 0.0020687 secs] 425143K->408759K(608188K), 0.0021121 secs] [Times: user=0.01 sys=0.00, real=0.00 secs] 
2020-10-29T10:26:26.274+0000: [GC (Allocation Failure) 2020-10-29T10:26:26.274+0000: [ParNew: 16388K->4K(18432K), 0.0032881 secs] 425143K->408759K(608188K), 0.0033369 secs] [Times: user=0.00 sys=0.00, real=0.00 secs] 
2020-10-29T10:26:26.303+0000: [GC (Allocation Failure) 2020-10-29T10:26:26.303+0000: [ParNew: 16388K->4K(18432K), 0.0022071 secs] 425143K->408759K(608188K), 0.0022565 secs] [Times: user=0.00 sys=0.00, real=0.00 secs] 
2020-10-29T10:26:26.321+0000: [GC (Allocation Failure) 2020-10-29T10:26:26.321+0000: [ParNew: 16388K->4K(18432K), 0.0020268 secs] 425143K->408759K(608188K), 0.0020712 secs] [Times: user=0.01 sys=0.00, real=0.01 secs] 
2020-10-29T10:26:26.338+0000: [GC (Allocation Failure) 2020-10-29T10:26:26.338+0000: [ParNew: 16388K->4K(18432K), 0.0018636 secs] 425143K->408759K(608188K), 0.0019023 secs] [Times: user=0.00 sys=0.00, real=0.00 secs] 
2020-10-29T10:26:26.356+0000: [GC (Allocation Failure) 2020-10-29T10:26:26.356+0000: [ParNew: 16388K->4K(18432K), 0.0018196 secs] 425143K->408759K(608188K), 0.0018595 secs] [Times: user=0.00 sys=0.00, real=0.00 secs] 
2020-10-29T10:26:26.374+0000: [GC (Allocation Failure) 2020-10-29T10:26:26.374+0000: [ParNew: 16388K->4K(18432K), 0.0018868 secs] 425143K->408759K(608188K), 0.0019264 secs] [Times: user=0.01 sys=0.00, real=0.00 secs] 
2020-10-29T10:26:26.391+0000: [GC (Allocation Failure) 2020-10-29T10:26:26.391+0000: [ParNew: 16388K->4K(18432K), 0.0018994 secs] 425143K->408760K(608188K), 0.0019432 secs] [Times: user=0.00 sys=0.00, real=0.00 secs] 
2020-10-29T10:26:26.410+0000: [GC (Allocation Failure) 2020-10-29T10:26:26.410+0000: [ParNew: 16388K->4K(18432K), 0.0018732 secs] 425144K->408760K(608188K), 0.0019272 secs] [Times: user=0.01 sys=0.00, real=0.01 secs] 
2020-10-29T10:26:26.430+0000: [GC (Allocation Failure) 2020-10-29T10:26:26.430+0000: [ParNew: 16388K->4K(18432K), 0.0019039 secs] 425144K->408760K(608188K), 0.0019458 secs] [Times: user=0.00 sys=0.00, real=0.00 secs] 
2020-10-29T10:26:26.448+0000: [GC (Allocation Failure) 2020-10-29T10:26:26.448+0000: [ParNew: 16388K->4K(18432K), 0.0021064 secs] 425144K->408760K(608188K), 0.0021506 secs] [Times: user=0.01 sys=0.00, real=0.00 secs] 
2020-10-29T10:26:26.465+0000: [GC (Allocation Failure) 2020-10-29T10:26:26.466+0000: [ParNew: 16388K->4K(18432K), 0.0019301 secs] 425144K->408760K(608188K), 0.0019693 secs] [Times: user=0.00 sys=0.00, real=0.00 secs] 
2020-10-29T10:26:26.483+0000: [GC (Allocation Failure) 2020-10-29T10:26:26.483+0000: [ParNew: 16388K->4K(18432K), 0.0019825 secs] 425144K->408760K(608188K), 0.0020254 secs] [Times: user=0.01 sys=0.00, real=0.00 secs] 
2020-10-29T10:26:26.502+0000: [GC (Allocation Failure) 2020-10-29T10:26:26.502+0000: [ParNew: 16388K->4K(18432K), 0.0020601 secs] 425144K->408760K(608188K), 0.0021039 secs] [Times: user=0.00 sys=0.00, real=0.00 secs] 
2020-10-29T10:26:26.530+0000: [GC (Allocation Failure) 2020-10-29T10:26:26.530+0000: [ParNew: 16388K->4K(18432K), 0.0023531 secs] 425144K->408760K(608188K), 0.0024060 secs] [Times: user=0.00 sys=0.00, real=0.01 secs] 
2020-10-29T10:26:26.563+0000: [GC (Allocation Failure) 2020-10-29T10:26:26.563+0000: [ParNew: 16388K->2K(18432K), 0.0046233 secs] 425144K->408758K(608188K), 0.0046903 secs] [Times: user=0.01 sys=0.00, real=0.00 secs] 
2020-10-29T10:26:26.586+0000: [GC (Allocation Failure) 2020-10-29T10:26:26.586+0000: [ParNew: 16386K->4K(18432K), 0.0021672 secs] 425142K->408760K(608188K), 0.0022132 secs] [Times: user=0.00 sys=0.00, real=0.00 secs] 
2020-10-29T10:26:26.606+0000: [GC (Allocation Failure) 2020-10-29T10:26:26.606+0000: [ParNew: 16388K->4K(18432K), 0.0022444 secs] 425144K->408760K(608188K), 0.0022932 secs] [Times: user=0.00 sys=0.00, real=0.00 secs] 
2020-10-29T10:26:26.625+0000: [GC (Allocation Failure) 2020-10-29T10:26:26.625+0000: [ParNew: 16388K->4K(18432K), 0.0020537 secs] 425144K->408760K(608188K), 0.0021032 secs] [Times: user=0.01 sys=0.00, real=0.00 secs] 
2020-10-29T10:26:26.642+0000: [GC (Allocation Failure) 2020-10-29T10:26:26.643+0000: [ParNew: 16388K->4K(18432K), 0.0018177 secs] 425144K->408760K(608188K), 0.0018570 secs] [Times: user=0.00 sys=0.00, real=0.00 secs] 
2020-10-29T10:26:26.662+0000: [GC (Allocation Failure) 2020-10-29T10:26:26.662+0000: [ParNew: 16388K->4K(18432K), 0.0018880 secs] 425144K->408760K(608188K), 0.0019283 secs] [Times: user=0.00 sys=0.00, real=0.00 secs] 
2020-10-29T10:26:26.680+0000: [GC (Allocation Failure) 2020-10-29T10:26:26.680+0000: [ParNew: 16388K->4K(18432K), 0.0019005 secs] 425144K->408760K(608188K), 0.0019397 secs] [Times: user=0.01 sys=0.00, real=0.00 secs] 
2020-10-29T10:26:26.698+0000: [GC (Allocation Failure) 2020-10-29T10:26:26.698+0000: [ParNew: 16388K->4K(18432K), 0.0018292 secs] 425144K->408760K(608188K), 0.0018680 secs] [Times: user=0.00 sys=0.00, real=0.00 secs] 
2020-10-29T10:26:26.718+0000: [GC (Allocation Failure) 2020-10-29T10:26:26.718+0000: [ParNew: 16388K->4K(18432K), 0.0018503 secs] 425144K->408760K(608188K), 0.0018890 secs] [Times: user=0.00 sys=0.00, real=0.00 secs] 
2020-10-29T10:26:26.738+0000: [GC (Allocation Failure) 2020-10-29T10:26:26.738+0000: [ParNew: 16388K->4K(18432K), 0.0018169 secs] 425144K->408760K(608188K), 0.0018557 secs] [Times: user=0.01 sys=0.00, real=0.00 secs] 
2020-10-29T10:26:26.758+0000: [GC (Allocation Failure) 2020-10-29T10:26:26.758+0000: [ParNew: 16388K->4K(18432K), 0.0018203 secs] 425144K->408760K(608188K), 0.0018588 secs] [Times: user=0.00 sys=0.00, real=0.00 secs] 
2020-10-29T10:26:26.778+0000: [GC (Allocation Failure) 2020-10-29T10:26:26.778+0000: [ParNew: 16388K->4K(18432K), 0.0021797 secs] 425144K->408760K(608188K), 0.0022292 secs] [Times: user=0.01 sys=0.00, real=0.00 secs] 
2020-10-29T10:26:26.797+0000: [GC (Allocation Failure) 2020-10-29T10:26:26.797+0000: [ParNew: 16388K->4K(18432K), 0.0020658 secs] 425144K->408760K(608188K), 0.0021076 secs] [Times: user=0.00 sys=0.00, real=0.00 secs] 
2020-10-29T10:26:26.815+0000: [GC (Allocation Failure) 2020-10-29T10:26:26.815+0000: [ParNew: 16388K->4K(18432K), 0.0019733 secs] 425144K->408760K(608188K), 0.0020167 secs] [Times: user=0.01 sys=0.00, real=0.00 secs] 
2020-10-29T10:26:26.834+0000: [GC (Allocation Failure) 2020-10-29T10:26:26.834+0000: [ParNew: 16388K->4K(18432K), 0.0018418 secs] 425144K->408760K(608188K), 0.0018816 secs] [Times: user=0.00 sys=0.00, real=0.00 secs] 
2020-10-29T10:26:26.854+0000: [GC (Allocation Failure) 2020-10-29T10:26:26.854+0000: [ParNew: 16388K->4K(18432K), 0.0018128 secs] 425144K->408760K(608188K), 0.0018523 secs] [Times: user=0.00 sys=0.00, real=0.00 secs] 
2020-10-29T10:26:26.872+0000: [GC (Allocation Failure) 2020-10-29T10:26:26.872+0000: [ParNew: 16388K->4K(18432K), 0.0019661 secs] 425144K->408760K(608188K), 0.0020094 secs] [Times: user=0.01 sys=0.00, real=0.00 secs] 
2020-10-29T10:26:26.893+0000: [GC (Allocation Failure) 2020-10-29T10:26:26.893+0000: [ParNew: 16388K->4K(18432K), 0.0018500 secs] 425144K->408760K(608188K), 0.0018900 secs] [Times: user=0.00 sys=0.00, real=0.00 secs] 
2020-10-29T10:26:26.913+0000: [GC (Allocation Failure) 2020-10-29T10:26:26.913+0000: [ParNew: 16388K->4K(18432K), 0.0019114 secs] 425144K->408760K(608188K), 0.0019537 secs] [Times: user=0.01 sys=0.00, real=0.00 secs] 
2020-10-29T10:26:26.931+0000: [GC (Allocation Failure) 2020-10-29T10:26:26.931+0000: [ParNew: 16388K->4K(18432K), 0.0018517 secs] 425144K->408760K(608188K), 0.0018919 secs] [Times: user=0.01 sys=0.00, real=0.00 secs] 
2020-10-29T10:26:26.949+0000: [GC (Allocation Failure) 2020-10-29T10:26:26.949+0000: [ParNew: 16388K->4K(18432K), 0.0021984 secs] 425144K->408760K(608188K), 0.0022696 secs] [Times: user=0.00 sys=0.00, real=0.01 secs] 
2020-10-29T10:26:26.970+0000: [GC (Allocation Failure) 2020-10-29T10:26:26.970+0000: [ParNew: 16388K->4K(18432K), 0.0024064 secs] 425144K->408760K(608188K), 0.0024582 secs] [Times: user=0.01 sys=0.00, real=0.00 secs] 
2020-10-29T10:26:26.990+0000: [GC (Allocation Failure) 2020-10-29T10:26:26.990+0000: [ParNew: 16388K->4K(18432K), 0.0021892 secs] 425144K->408760K(608188K), 0.0022391 secs] [Times: user=0.01 sys=0.00, real=0.00 secs] 
2020-10-29T10:26:27.009+0000: [GC (Allocation Failure) 2020-10-29T10:26:27.010+0000: [ParNew: 16388K->4K(18432K), 0.0021921 secs] 425144K->408760K(608188K), 0.0022413 secs] [Times: user=0.00 sys=0.00, real=0.01 secs] 
2020-10-29T10:26:27.030+0000: [GC (Allocation Failure) 2020-10-29T10:26:27.030+0000: [ParNew: 16388K->4K(18432K), 0.0020942 secs] 425144K->408760K(608188K), 0.0021404 secs] [Times: user=0.00 sys=0.00, real=0.00 secs] 
2020-10-29T10:26:27.054+0000: [GC (Allocation Failure) 2020-10-29T10:26:27.054+0000: [ParNew: 16388K->4K(18432K), 0.0019973 secs] 425144K->408760K(608188K), 0.0020552 secs] [Times: user=0.01 sys=0.00, real=0.00 secs] 
2020-10-29T10:26:27.074+0000: [GC (Allocation Failure) 2020-10-29T10:26:27.074+0000: [ParNew: 16388K->4K(18432K), 0.0019296 secs] 425144K->408760K(608188K), 0.0019730 secs] [Times: user=0.01 sys=0.00, real=0.00 secs] 
2020-10-29T10:26:27.094+0000: [GC (Allocation Failure) 2020-10-29T10:26:27.094+0000: [ParNew: 16388K->4K(18432K), 0.0019530 secs] 425144K->408760K(608188K), 0.0019962 secs] [Times: user=0.00 sys=0.00, real=0.00 secs] 
2020-10-29T10:26:27.112+0000: [GC (Allocation Failure) 2020-10-29T10:26:27.112+0000: [ParNew: 16388K->4K(18432K), 0.0019680 secs] 425144K->408760K(608188K), 0.0020107 secs] [Times: user=0.00 sys=0.00, real=0.00 secs] 
2020-10-29T10:26:27.130+0000: [GC (Allocation Failure) 2020-10-29T10:26:27.130+0000: [ParNew: 16388K->4K(18432K), 0.0020141 secs] 425144K->408760K(608188K), 0.0020589 secs] [Times: user=0.00 sys=0.00, real=0.00 secs] 
2020-10-29T10:26:27.150+0000: [GC (Allocation Failure) 2020-10-29T10:26:27.150+0000: [ParNew: 16388K->4K(18432K), 0.0021449 secs] 425144K->408760K(608188K), 0.0021928 secs] [Times: user=0.00 sys=0.00, real=0.00 secs] 
2020-10-29T10:26:27.168+0000: [GC (Allocation Failure) 2020-10-29T10:26:27.168+0000: [ParNew: 16388K->4K(18432K), 0.0019630 secs] 425144K->408760K(608188K), 0.0020069 secs] [Times: user=0.01 sys=0.00, real=0.00 secs] 
2020-10-29T10:26:27.186+0000: [GC (Allocation Failure) 2020-10-29T10:26:27.186+0000: [ParNew: 16388K->4K(18432K), 0.0019307 secs] 425144K->408760K(608188K), 0.0019714 secs] [Times: user=0.00 sys=0.00, real=0.00 secs] 
2020-10-29T10:26:27.206+0000: [GC (Allocation Failure) 2020-10-29T10:26:27.206+0000: [ParNew: 16388K->4K(18432K), 0.0018903 secs] 425144K->408760K(608188K), 0.0019298 secs] [Times: user=0.00 sys=0.00, real=0.00 secs] 
2020-10-29T10:26:27.224+0000: [GC (Allocation Failure) 2020-10-29T10:26:27.224+0000: [ParNew: 16388K->4K(18432K), 0.0019717 secs] 425144K->408760K(608188K), 0.0020131 secs] [Times: user=0.01 sys=0.00, real=0.00 secs] 
2020-10-29T10:26:27.242+0000: [GC (Allocation Failure) 2020-10-29T10:26:27.242+0000: [ParNew: 16388K->4K(18432K), 0.0019650 secs] 425144K->408760K(608188K), 0.0020055 secs] [Times: user=0.00 sys=0.00, real=0.00 secs] 
2020-10-29T10:26:27.262+0000: [GC (Allocation Failure) 2020-10-29T10:26:27.262+0000: [ParNew: 16388K->4K(18432K), 0.0020333 secs] 425144K->408760K(608188K), 0.0020755 secs] [Times: user=0.01 sys=0.00, real=0.00 secs] 
2020-10-29T10:26:27.280+0000: [GC (Allocation Failure) 2020-10-29T10:26:27.280+0000: [ParNew: 16388K->4K(18432K), 0.0020933 secs] 425144K->408760K(608188K), 0.0021361 secs] [Times: user=0.00 sys=0.00, real=0.00 secs] 
2020-10-29T10:26:27.298+0000: [GC (Allocation Failure) 2020-10-29T10:26:27.298+0000: [ParNew: 16388K->4K(18432K), 0.0018733 secs] 425144K->408760K(608188K), 0.0019113 secs] [Times: user=0.00 sys=0.00, real=0.00 secs] 
2020-10-29T10:26:27.315+0000: [GC (Allocation Failure) 2020-10-29T10:26:27.315+0000: [ParNew: 16388K->4K(18432K), 0.0019433 secs] 425144K->408760K(608188K), 0.0019844 secs] [Times: user=0.01 sys=0.00, real=0.00 secs] 
2020-10-29T10:26:27.334+0000: [GC (Allocation Failure) 2020-10-29T10:26:27.334+0000: [ParNew: 16388K->4K(18432K), 0.0019403 secs] 425144K->408760K(608188K), 0.0019825 secs] [Times: user=0.00 sys=0.00, real=0.00 secs] 
2020-10-29T10:26:27.354+0000: [GC (Allocation Failure) 2020-10-29T10:26:27.354+0000: [ParNew: 16388K->4K(18432K), 0.0021507 secs] 425144K->408760K(608188K), 0.0021976 secs] [Times: user=0.01 sys=0.00, real=0.00 secs] 
2020-10-29T10:26:27.374+0000: [GC (Allocation Failure) 2020-10-29T10:26:27.374+0000: [ParNew: 16388K->4K(18432K), 0.0019726 secs] 425144K->408760K(608188K), 0.0020125 secs] [Times: user=0.01 sys=0.00, real=0.00 secs] 
2020-10-29T10:26:27.394+0000: [GC (Allocation Failure) 2020-10-29T10:26:27.394+0000: [ParNew: 16388K->4K(18432K), 0.0020672 secs] 425144K->408760K(608188K), 0.0021116 secs] [Times: user=0.00 sys=0.00, real=0.00 secs] 
2020-10-29T10:26:27.412+0000: [GC (Allocation Failure) 2020-10-29T10:26:27.412+0000: [ParNew: 16388K->4K(18432K), 0.0020170 secs] 425144K->408760K(608188K), 0.0020598 secs] [Times: user=0.00 sys=0.00, real=0.00 secs] 
2020-10-29T10:26:27.430+0000: [GC (Allocation Failure) 2020-10-29T10:26:27.430+0000: [ParNew: 16388K->4K(18432K), 0.0019326 secs] 425144K->408760K(608188K), 0.0019727 secs] [Times: user=0.00 sys=0.00, real=0.00 secs] 
2020-10-29T10:26:27.448+0000: [GC (Allocation Failure) 2020-10-29T10:26:27.448+0000: [ParNew: 16388K->4K(18432K), 0.0020945 secs] 425144K->408760K(608188K), 0.0021638 secs] [Times: user=0.00 sys=0.00, real=0.00 secs] 
2020-10-29T10:26:27.466+0000: [GC (Allocation Failure) 2020-10-29T10:26:27.466+0000: [ParNew: 16388K->4K(18432K), 0.0018955 secs] 425144K->408760K(608188K), 0.0019392 secs] [Times: user=0.00 sys=0.00, real=0.00 secs] 
2020-10-29T10:26:27.486+0000: [GC (Allocation Failure) 2020-10-29T10:26:27.486+0000: [ParNew: 16388K->4K(18432K), 0.0018131 secs] 425144K->408760K(608188K), 0.0018528 secs] [Times: user=0.00 sys=0.00, real=0.00 secs] 
2020-10-29T10:26:27.503+0000: [GC (Allocation Failure) 2020-10-29T10:26:27.503+0000: [ParNew: 16388K->4K(18432K), 0.0017923 secs] 425144K->408760K(608188K), 0.0018309 secs] [Times: user=0.00 sys=0.00, real=0.00 secs] 
2020-10-29T10:26:27.522+0000: [GC (Allocation Failure) 2020-10-29T10:26:27.522+0000: [ParNew: 16388K->4K(18432K), 0.0020875 secs] 425144K->408760K(608188K), 0.0021317 secs] [Times: user=0.00 sys=0.00, real=0.00 secs] 
2020-10-29T10:26:27.540+0000: [GC (Allocation Failure) 2020-10-29T10:26:27.540+0000: [ParNew: 16388K->4K(18432K), 0.0019930 secs] 425144K->408760K(608188K), 0.0020351 secs] [Times: user=0.00 sys=0.00, real=0.01 secs] 
2020-10-29T10:26:27.558+0000: [GC (Allocation Failure) 2020-10-29T10:26:27.558+0000: [ParNew: 16388K->4K(18432K), 0.0020055 secs] 425144K->408760K(608188K), 0.0020477 secs] [Times: user=0.01 sys=0.00, real=0.00 secs] 
2020-10-29T10:26:27.576+0000: [GC (Allocation Failure) 2020-10-29T10:26:27.576+0000: [ParNew: 16388K->4K(18432K), 0.0019009 secs] 425144K->408760K(608188K), 0.0019395 secs] [Times: user=0.00 sys=0.00, real=0.00 secs] 
2020-10-29T10:26:27.597+0000: [GC (Allocation Failure) 2020-10-29T10:26:27.597+0000: [ParNew: 16388K->4K(18432K), 0.0021755 secs] 425144K->408760K(608188K), 0.0022225 secs] [Times: user=0.01 sys=0.00, real=0.00 secs] 
2020-10-29T10:26:27.615+0000: [GC (Allocation Failure) 2020-10-29T10:26:27.615+0000: [ParNew: 16388K->4K(18432K), 0.0018652 secs] 425144K->408760K(608188K), 0.0019060 secs] [Times: user=0.00 sys=0.00, real=0.00 secs] 
2020-10-29T10:26:27.632+0000: [GC (Allocation Failure) 2020-10-29T10:26:27.632+0000: [ParNew: 16388K->4K(18432K), 0.0028163 secs] 425144K->408760K(608188K), 0.0028599 secs] [Times: user=0.00 sys=0.00, real=0.00 secs] 
2020-10-29T10:26:27.651+0000: [GC (Allocation Failure) 2020-10-29T10:26:27.651+0000: [ParNew: 16388K->4K(18432K), 0.0019580 secs] 425144K->408760K(608188K), 0.0020021 secs] [Times: user=0.01 sys=0.00, real=0.00 secs] 
2020-10-29T10:26:27.669+0000: [GC (Allocation Failure) 2020-10-29T10:26:27.669+0000: [ParNew: 16388K->4K(18432K), 0.0019594 secs] 425144K->408760K(608188K), 0.0020004 secs] [Times: user=0.00 sys=0.00, real=0.01 secs] 
2020-10-29T10:26:27.687+0000: [GC (Allocation Failure) 2020-10-29T10:26:27.687+0000: [ParNew: 16388K->4K(18432K), 0.0018839 secs] 425144K->408760K(608188K), 0.0019240 secs] [Times: user=0.00 sys=0.00, real=0.00 secs] 
2020-10-29T10:26:27.704+0000: [GC (Allocation Failure) 2020-10-29T10:26:27.705+0000: [ParNew: 16388K->4K(18432K), 0.0018696 secs] 425144K->408760K(608188K), 0.0019184 secs] [Times: user=0.00 sys=0.00, real=0.00 secs] 
2020-10-29T10:26:27.722+0000: [GC (Allocation Failure) 2020-10-29T10:26:27.722+0000: [ParNew: 16388K->4K(18432K), 0.0018781 secs] 425144K->408760K(608188K), 0.0019150 secs] [Times: user=0.01 sys=0.00, real=0.01 secs] 
2020-10-29T10:26:27.740+0000: [GC (Allocation Failure) 2020-10-29T10:26:27.740+0000: [ParNew: 16388K->4K(18432K), 0.0018876 secs] 425144K->408760K(608188K), 0.0019290 secs] [Times: user=0.00 sys=0.00, real=0.00 secs] 
2020-10-29T10:26:27.757+0000: [GC (Allocation Failure) 2020-10-29T10:26:27.757+0000: [ParNew: 16388K->4K(18432K), 0.0021359 secs] 425144K->408760K(608188K), 0.0021805 secs] [Times: user=0.01 sys=0.00, real=0.00 secs] 
2020-10-29T10:26:27.778+0000: [GC (Allocation Failure) 2020-10-29T10:26:27.778+0000: [ParNew: 16388K->4K(18432K), 0.0020269 secs] 425144K->408760K(608188K), 0.0020712 secs] [Times: user=0.00 sys=0.00, real=0.00 secs] 
2020-10-29T10:26:27.798+0000: [GC (Allocation Failure) 2020-10-29T10:26:27.798+0000: [ParNew: 16388K->4K(18432K), 0.0020440 secs] 425144K->408760K(608188K), 0.0020892 secs] [Times: user=0.00 sys=0.00, real=0.00 secs] 
2020-10-29T10:26:27.816+0000: [GC (Allocation Failure) 2020-10-29T10:26:27.816+0000: [ParNew: 16388K->4K(18432K), 0.0024774 secs] 425144K->408760K(608188K), 0.0025309 secs] [Times: user=0.01 sys=0.00, real=0.00 secs] 
2020-10-29T10:26:27.834+0000: [GC (Allocation Failure) 2020-10-29T10:26:27.834+0000: [ParNew: 16388K->4K(18432K), 0.0024148 secs] 425144K->408760K(608188K), 0.0024679 secs] [Times: user=0.00 sys=0.00, real=0.00 secs] 
2020-10-29T10:26:27.854+0000: [GC (Allocation Failure) 2020-10-29T10:26:27.854+0000: [ParNew: 16388K->4K(18432K), 0.0023545 secs] 425144K->408760K(608188K), 0.0024065 secs] [Times: user=0.00 sys=0.00, real=0.00 secs] 
2020-10-29T10:26:27.872+0000: [GC (Allocation Failure) 2020-10-29T10:26:27.872+0000: [ParNew: 16388K->4K(18432K), 0.0019606 secs] 425144K->408760K(608188K), 0.0020051 secs] [Times: user=0.00 sys=0.00, real=0.00 secs] 
2020-10-29T10:26:27.894+0000: [GC (Allocation Failure) 2020-10-29T10:26:27.894+0000: [ParNew: 16388K->4K(18432K), 0.0021069 secs] 425144K->408760K(608188K), 0.0021538 secs] [Times: user=0.00 sys=0.00, real=0.00 secs] 
2020-10-29T10:26:27.912+0000: [GC (Allocation Failure) 2020-10-29T10:26:27.912+0000: [ParNew: 16388K->4K(18432K), 0.0021076 secs] 425144K->408760K(608188K), 0.0021541 secs] [Times: user=0.00 sys=0.00, real=0.00 secs] 
2020-10-29T10:26:27.930+0000: [GC (Allocation Failure) 2020-10-29T10:26:27.930+0000: [ParNew: 16388K->4K(18432K), 0.0021139 secs] 425144K->408760K(608188K), 0.0021613 secs] [Times: user=0.00 sys=0.00, real=0.01 secs] 
2020-10-29T10:26:27.950+0000: [GC (Allocation Failure) 2020-10-29T10:26:27.950+0000: [ParNew: 16388K->4K(18432K), 0.0020205 secs] 425144K->408760K(608188K), 0.0020653 secs] [Times: user=0.01 sys=0.00, real=0.00 secs] 
2020-10-29T10:26:27.968+0000: [GC (Allocation Failure) 2020-10-29T10:26:27.968+0000: [ParNew: 16388K->4K(18432K), 0.0019727 secs] 425144K->408760K(608188K), 0.0020158 secs] [Times: user=0.01 sys=0.00, real=0.00 secs] 
2020-10-29T10:26:27.990+0000: [GC (Allocation Failure) 2020-10-29T10:26:27.990+0000: [ParNew: 16388K->4K(18432K), 0.0018822 secs] 425144K->408760K(608188K), 0.0019246 secs] [Times: user=0.00 sys=0.00, real=0.01 secs] 
2020-10-29T10:26:28.007+0000: [GC (Allocation Failure) 2020-10-29T10:26:28.007+0000: [ParNew: 16388K->4K(18432K), 0.0018874 secs] 425144K->408760K(608188K), 0.0019278 secs] [Times: user=0.01 sys=0.00, real=0.00 secs] 
2020-10-29T10:26:28.026+0000: [GC (Allocation Failure) 2020-10-29T10:26:28.026+0000: [ParNew: 16388K->4K(18432K), 0.0020003 secs] 425144K->408760K(608188K), 0.0020438 secs] [Times: user=0.01 sys=0.00, real=0.00 secs] 
2020-10-29T10:26:28.045+0000: [GC (Allocation Failure) 2020-10-29T10:26:28.045+0000: [ParNew: 16388K->4K(18432K), 0.0019619 secs] 425144K->408760K(608188K), 0.0020044 secs] [Times: user=0.00 sys=0.00, real=0.00 secs] 
2020-10-29T10:26:28.062+0000: [GC (Allocation Failure) 2020-10-29T10:26:28.062+0000: [ParNew: 16388K->4K(18432K), 0.0019109 secs] 425144K->408760K(608188K), 0.0019501 secs] [Times: user=0.00 sys=0.00, real=0.00 secs] 
2020-10-29T10:26:28.081+0000: [GC (Allocation Failure) 2020-10-29T10:26:28.081+0000: [ParNew: 16388K->4K(18432K), 0.0020622 secs] 425144K->408760K(608188K), 0.0021067 secs] [Times: user=0.01 sys=0.00, real=0.01 secs] 
2020-10-29T10:26:28.102+0000: [GC (Allocation Failure) 2020-10-29T10:26:28.102+0000: [ParNew: 16388K->4K(18432K), 0.0022676 secs] 425144K->408760K(608188K), 0.0023236 secs] [Times: user=0.01 sys=0.00, real=0.01 secs] 
2020-10-29T10:26:28.122+0000: [GC (Allocation Failure) 2020-10-29T10:26:28.122+0000: [ParNew: 16388K->4K(18432K), 0.0019999 secs] 425144K->408760K(608188K), 0.0020423 secs] [Times: user=0.01 sys=0.00, real=0.00 secs] 
2020-10-29T10:26:28.140+0000: [GC (Allocation Failure) 2020-10-29T10:26:28.140+0000: [ParNew: 16388K->4K(18432K), 0.0020805 secs] 425144K->408760K(608188K), 0.0021251 secs] [Times: user=0.00 sys=0.00, real=0.00 secs] 
2020-10-29T10:26:28.158+0000: [GC (Allocation Failure) 2020-10-29T10:26:28.158+0000: [ParNew: 16388K->4K(18432K), 0.0022025 secs] 425144K->408760K(608188K), 0.0022509 secs] [Times: user=0.00 sys=0.00, real=0.00 secs] 
2020-10-29T10:26:28.185+0000: [GC (Allocation Failure) 2020-10-29T10:26:28.185+0000: [ParNew: 16388K->6K(18432K), 0.0022318 secs] 425144K->408762K(608188K), 0.0022938 secs] [Times: user=0.00 sys=0.00, real=0.00 secs] 
2020-10-29T10:26:28.210+0000: [GC (Allocation Failure) 2020-10-29T10:26:28.210+0000: [ParNew: 16390K->6K(18432K), 0.0021656 secs] 425146K->408762K(608188K), 0.0022143 secs] [Times: user=0.01 sys=0.00, real=0.00 secs] 
2020-10-29T10:26:28.232+0000: [GC (Allocation Failure) 2020-10-29T10:26:28.232+0000: [ParNew: 16390K->4K(18432K), 0.0021888 secs] 425146K->408761K(608188K), 0.0022377 secs] [Times: user=0.00 sys=0.00, real=0.00 secs] 
2020-10-29T10:26:28.251+0000: [GC (Allocation Failure) 2020-10-29T10:26:28.251+0000: [ParNew: 16388K->4K(18432K), 0.0020626 secs] 425145K->408761K(608188K), 0.0021153 secs] [Times: user=0.00 sys=0.00, real=0.00 secs] 
2020-10-29T10:26:28.270+0000: [GC (Allocation Failure) 2020-10-29T10:26:28.270+0000: [ParNew: 16388K->4K(18432K), 0.0019730 secs] 425145K->408761K(608188K), 0.0020158 secs] [Times: user=0.01 sys=0.00, real=0.00 secs] 
2020-10-29T10:26:28.288+0000: [GC (Allocation Failure) 2020-10-29T10:26:28.288+0000: [ParNew: 16388K->4K(18432K), 0.0019880 secs] 425145K->408761K(608188K), 0.0020313 secs] [Times: user=0.01 sys=0.00, real=0.01 secs] 
2020-10-29T10:26:28.306+0000: [GC (Allocation Failure) 2020-10-29T10:26:28.306+0000: [ParNew: 16388K->4K(18432K), 0.0021182 secs] 425145K->408761K(608188K), 0.0021654 secs] [Times: user=0.00 sys=0.00, real=0.00 secs] 
2020-10-29T10:26:28.324+0000: [GC (Allocation Failure) 2020-10-29T10:26:28.324+0000: [ParNew: 16388K->4K(18432K), 0.0021709 secs] 425145K->408761K(608188K), 0.0022215 secs] [Times: user=0.00 sys=0.00, real=0.00 secs] 
2020-10-29T10:26:28.342+0000: [GC (Allocation Failure) 2020-10-29T10:26:28.342+0000: [ParNew: 16388K->4K(18432K), 0.0020956 secs] 425145K->408761K(608188K), 0.0021422 secs] [Times: user=0.00 sys=0.00, real=0.01 secs] 
2020-10-29T10:26:28.359+0000: [GC (Allocation Failure) 2020-10-29T10:26:28.359+0000: [ParNew: 16388K->4K(18432K), 0.0020905 secs] 425145K->408761K(608188K), 0.0021367 secs] [Times: user=0.01 sys=0.00, real=0.00 secs] 
2020-10-29T10:26:28.378+0000: [GC (Allocation Failure) 2020-10-29T10:26:28.378+0000: [ParNew: 16388K->4K(18432K), 0.0021070 secs] 425145K->408761K(608188K), 0.0021543 secs] [Times: user=0.00 sys=0.00, real=0.00 secs] 
2020-10-29T10:26:28.396+0000: [GC (Allocation Failure) 2020-10-29T10:26:28.396+0000: [ParNew: 16388K->4K(18432K), 0.0029275 secs] 425145K->408761K(608188K), 0.0029786 secs] [Times: user=0.01 sys=0.00, real=0.00 secs] 
2020-10-29T10:26:28.418+0000: [GC (Allocation Failure) 2020-10-29T10:26:28.418+0000: [ParNew: 16388K->4K(18432K), 0.0022712 secs] 425145K->408761K(608188K), 0.0023338 secs] [Times: user=0.00 sys=0.00, real=0.00 secs] 
2020-10-29T10:26:28.436+0000: [GC (Allocation Failure) 2020-10-29T10:26:28.436+0000: [ParNew: 16388K->4K(18432K), 0.0020603 secs] 425145K->408761K(608188K), 0.0021042 secs] [Times: user=0.01 sys=0.00, real=0.00 secs] 
2020-10-29T10:26:28.453+0000: [GC (Allocation Failure) 2020-10-29T10:26:28.453+0000: [ParNew: 16388K->4K(18432K), 0.0023285 secs] 425145K->408761K(608188K), 0.0023789 secs] [Times: user=0.00 sys=0.00, real=0.00 secs] 
2020-10-29T10:26:28.474+0000: [GC (Allocation Failure) 2020-10-29T10:26:28.474+0000: [ParNew: 16388K->4K(18432K), 0.0022978 secs] 425145K->408761K(608188K), 0.0023481 secs] [Times: user=0.00 sys=0.00, real=0.00 secs] 
2020-10-29T10:26:28.493+0000: [GC (Allocation Failure) 2020-10-29T10:26:28.493+0000: [ParNew: 16388K->4K(18432K), 0.0021000 secs] 425145K->408761K(608188K), 0.0021479 secs] [Times: user=0.00 sys=0.00, real=0.00 secs] 
2020-10-29T10:26:28.514+0000: [GC (Allocation Failure) 2020-10-29T10:26:28.514+0000: [ParNew: 16388K->4K(18432K), 0.0023479 secs] 425145K->408761K(608188K), 0.0024006 secs] [Times: user=0.00 sys=0.00, real=0.00 secs] 
2020-10-29T10:26:28.534+0000: [GC (Allocation Failure) 2020-10-29T10:26:28.534+0000: [ParNew: 16388K->4K(18432K), 0.0020966 secs] 425145K->408761K(608188K), 0.0021437 secs] [Times: user=0.00 sys=0.00, real=0.00 secs] 
2020-10-29T10:26:28.554+0000: [GC (Allocation Failure) 2020-10-29T10:26:28.554+0000: [ParNew: 16388K->4K(18432K), 0.0023125 secs] 425145K->408761K(608188K), 0.0023642 secs] [Times: user=0.01 sys=0.00, real=0.00 secs] 
2020-10-29T10:26:28.574+0000: [GC (Allocation Failure) 2020-10-29T10:26:28.574+0000: [ParNew: 16388K->4K(18432K), 0.0021156 secs] 425145K->408761K(608188K), 0.0021629 secs] [Times: user=0.01 sys=0.00, real=0.00 secs] 
2020-10-29T10:26:28.592+0000: [GC (Allocation Failure) 2020-10-29T10:26:28.592+0000: [ParNew: 16388K->4K(18432K), 0.0021733 secs] 425145K->408761K(608188K), 0.0022213 secs] [Times: user=0.00 sys=0.00, real=0.00 secs] 
2020-10-29T10:26:28.610+0000: [GC (Allocation Failure) 2020-10-29T10:26:28.610+0000: [ParNew: 16388K->4K(18432K), 0.0020301 secs] 425145K->408761K(608188K), 0.0020705 secs] [Times: user=0.01 sys=0.00, real=0.01 secs] 
2020-10-29T10:26:28.628+0000: [GC (Allocation Failure) 2020-10-29T10:26:28.628+0000: [ParNew: 16388K->4K(18432K), 0.0020183 secs] 425145K->408761K(608188K), 0.0020610 secs] [Times: user=0.00 sys=0.00, real=0.00 secs] 
2020-10-29T10:26:28.645+0000: [GC (Allocation Failure) 2020-10-29T10:26:28.645+0000: [ParNew: 16388K->4K(18432K), 0.0021170 secs] 425145K->408761K(608188K), 0.0021646 secs] [Times: user=0.01 sys=0.00, real=0.00 secs] 
2020-10-29T10:26:28.663+0000: [GC (Allocation Failure) 2020-10-29T10:26:28.663+0000: [ParNew: 16388K->4K(18432K), 0.0021210 secs] 425145K->408761K(608188K), 0.0021625 secs] [Times: user=0.00 sys=0.00, real=0.00 secs] 
2020-10-29T10:26:28.681+0000: [GC (Allocation Failure) 2020-10-29T10:26:28.681+0000: [ParNew: 16388K->4K(18432K), 0.0021002 secs] 425145K->408761K(608188K), 0.0021449 secs] [Times: user=0.01 sys=0.00, real=0.01 secs] 
2020-10-29T10:26:28.699+0000: [GC (Allocation Failure) 2020-10-29T10:26:28.699+0000: [ParNew: 16388K->4K(18432K), 0.0019844 secs] 425145K->408761K(608188K), 0.0020300 secs] [Times: user=0.00 sys=0.00, real=0.00 secs] 
2020-10-29T10:26:28.722+0000: [GC (Allocation Failure) 2020-10-29T10:26:28.722+0000: [ParNew: 16388K->4K(18432K), 0.0020069 secs] 425145K->408761K(608188K), 0.0020516 secs] [Times: user=0.00 sys=0.00, real=0.00 secs] 
2020-10-29T10:26:28.740+0000: [GC (Allocation Failure) 2020-10-29T10:26:28.740+0000: [ParNew: 16388K->4K(18432K), 0.0018771 secs] 425145K->408761K(608188K), 0.0019172 secs] [Times: user=0.00 sys=0.00, real=0.00 secs] 
2020-10-29T10:26:28.758+0000: [GC (Allocation Failure) 2020-10-29T10:26:28.758+0000: [ParNew: 16388K->4K(18432K), 0.0018096 secs] 425145K->408761K(608188K), 0.0018491 secs] [Times: user=0.00 sys=0.00, real=0.00 secs] 
2020-10-29T10:26:28.778+0000: [GC (Allocation Failure) 2020-10-29T10:26:28.778+0000: [ParNew: 16388K->4K(18432K), 0.0019052 secs] 425145K->408761K(608188K), 0.0019455 secs] [Times: user=0.01 sys=0.00, real=0.00 secs] 
2020-10-29T10:26:28.796+0000: [GC (Allocation Failure) 2020-10-29T10:26:28.796+0000: [ParNew: 16388K->4K(18432K), 0.0020593 secs] 425145K->408761K(608188K), 0.0020990 secs] [Times: user=0.00 sys=0.00, real=0.00 secs] 
2020-10-29T10:26:28.813+0000: [GC (Allocation Failure) 2020-10-29T10:26:28.813+0000: [ParNew: 16388K->4K(18432K), 0.0018497 secs] 425145K->408761K(608188K), 0.0018890 secs] [Times: user=0.01 sys=0.00, real=0.00 secs] 
2020-10-29T10:26:28.831+0000: [GC (Allocation Failure) 2020-10-29T10:26:28.831+0000: [ParNew: 16388K->4K(18432K), 0.0018078 secs] 425145K->408761K(608188K), 0.0018461 secs] [Times: user=0.01 sys=0.00, real=0.00 secs] 
2020-10-29T10:26:28.848+0000: [GC (Allocation Failure) 2020-10-29T10:26:28.848+0000: [ParNew: 16388K->4K(18432K), 0.0019403 secs] 425145K->408761K(608188K), 0.0019838 secs] [Times: user=0.01 sys=0.00, real=0.00 secs] 
2020-10-29T10:26:28.866+0000: [GC (Allocation Failure) 2020-10-29T10:26:28.866+0000: [ParNew: 16388K->4K(18432K), 0.0018703 secs] 425145K->408761K(608188K), 0.0019092 secs] [Times: user=0.01 sys=0.00, real=0.00 secs] 
2020-10-29T10:26:28.884+0000: [GC (Allocation Failure) 2020-10-29T10:26:28.884+0000: [ParNew: 16388K->4K(18432K), 0.0019153 secs] 425145K->408761K(608188K), 0.0019549 secs] [Times: user=0.00 sys=0.00, real=0.00 secs] 
2020-10-29T10:26:28.901+0000: [GC (Allocation Failure) 2020-10-29T10:26:28.901+0000: [ParNew: 16388K->4K(18432K), 0.0018812 secs] 425145K->408761K(608188K), 0.0019195 secs] [Times: user=0.01 sys=0.00, real=0.01 secs] 
2020-10-29T10:26:28.922+0000: [GC (Allocation Failure) 2020-10-29T10:26:28.922+0000: [ParNew: 16388K->4K(18432K), 0.0018108 secs] 425145K->408761K(608188K), 0.0018468 secs] [Times: user=0.00 sys=0.00, real=0.00 secs] 
2020-10-29T10:26:28.940+0000: [GC (Allocation Failure) 2020-10-29T10:26:28.940+0000: [ParNew: 16388K->4K(18432K), 0.0018005 secs] 425145K->408761K(608188K), 0.0018379 secs] [Times: user=0.01 sys=0.00, real=0.00 secs] 
2020-10-29T10:26:28.957+0000: [GC (Allocation Failure) 2020-10-29T10:26:28.957+0000: [ParNew: 16388K->4K(18432K), 0.0019307 secs] 425145K->408761K(608188K), 0.0019760 secs] [Times: user=0.01 sys=0.00, real=0.00 secs] 
2020-10-29T10:26:28.978+0000: [GC (Allocation Failure) 2020-10-29T10:26:28.978+0000: [ParNew: 16388K->4K(18432K), 0.0020221 secs] 425145K->408761K(608188K), 0.0020664 secs] [Times: user=0.01 sys=0.00, real=0.00 secs] 
2020-10-29T10:26:28.998+0000: [GC (Allocation Failure) 2020-10-29T10:26:28.998+0000: [ParNew: 16388K->4K(18432K), 0.0019287 secs] 425145K->408761K(608188K), 0.0019703 secs] [Times: user=0.00 sys=0.00, real=0.00 secs] 
2020-10-29T10:26:29.016+0000: [GC (Allocation Failure) 2020-10-29T10:26:29.017+0000: [ParNew: 16388K->4K(18432K), 0.0019659 secs] 425145K->408761K(608188K), 0.0020086 secs] [Times: user=0.01 sys=0.00, real=0.00 secs] 
2020-10-29T10:26:29.038+0000: [GC (Allocation Failure) 2020-10-29T10:26:29.038+0000: [ParNew: 16388K->4K(18432K), 0.0020146 secs] 425145K->408761K(608188K), 0.0020575 secs] [Times: user=0.00 sys=0.00, real=0.00 secs] 
2020-10-29T10:26:29.057+0000: [GC (Allocation Failure) 2020-10-29T10:26:29.057+0000: [ParNew: 16388K->4K(18432K), 0.0020779 secs] 425145K->408761K(608188K), 0.0021233 secs] [Times: user=0.00 sys=0.00, real=0.00 secs] 
2020-10-29T10:26:29.075+0000: [GC (Allocation Failure) 2020-10-29T10:26:29.075+0000: [ParNew: 16388K->4K(18432K), 0.0018599 secs] 425145K->408761K(608188K), 0.0019007 secs] [Times: user=0.00 sys=0.00, real=0.00 secs] 
2020-10-29T10:26:29.092+0000: [GC (Allocation Failure) 2020-10-29T10:26:29.093+0000: [ParNew: 16388K->4K(18432K), 0.0018831 secs] 425145K->408761K(608188K), 0.0019401 secs] [Times: user=0.00 sys=0.00, real=0.00 secs] 
2020-10-29T10:26:29.111+0000: [GC (Allocation Failure) 2020-10-29T10:26:29.111+0000: [ParNew: 16388K->2K(18432K), 0.0036531 secs] 425145K->408759K(608188K), 0.0037047 secs] [Times: user=0.01 sys=0.00, real=0.00 secs] 
2020-10-29T10:26:29.131+0000: [GC (Allocation Failure) 2020-10-29T10:26:29.131+0000: [ParNew: 16386K->4K(18432K), 0.0020059 secs] 425143K->408761K(608188K), 0.0020564 secs] [Times: user=0.00 sys=0.00, real=0.00 secs] 
2020-10-29T10:26:29.149+0000: [GC (Allocation Failure) 2020-10-29T10:26:29.149+0000: [ParNew: 16388K->4K(18432K), 0.0018896 secs] 425145K->408761K(608188K), 0.0019295 secs] [Times: user=0.01 sys=0.00, real=0.01 secs] 
2020-10-29T10:26:29.170+0000: [GC (Allocation Failure) 2020-10-29T10:26:29.170+0000: [ParNew: 16388K->4K(18432K), 0.0021063 secs] 425145K->408761K(608188K), 0.0021529 secs] [Times: user=0.01 sys=0.00, real=0.00 secs] 
2020-10-29T10:26:29.190+0000: [GC (Allocation Failure) 2020-10-29T10:26:29.190+0000: [ParNew: 16388K->4K(18432K), 0.0019128 secs] 425145K->408761K(608188K), 0.0019531 secs] [Times: user=0.01 sys=0.00, real=0.00 secs] 
2020-10-29T10:26:29.208+0000: [GC (Allocation Failure) 2020-10-29T10:26:29.208+0000: [ParNew: 16388K->4K(18432K), 0.0021195 secs] 425145K->408761K(608188K), 0.0021646 secs] [Times: user=0.00 sys=0.00, real=0.00 secs] 
2020-10-29T10:26:29.226+0000: [GC (Allocation Failure) 2020-10-29T10:26:29.226+0000: [ParNew: 16388K->4K(18432K), 0.0020681 secs] 425145K->408761K(608188K), 0.0021117 secs] [Times: user=0.01 sys=0.00, real=0.00 secs] 
2020-10-29T10:26:29.243+0000: [GC (Allocation Failure) 2020-10-29T10:26:29.243+0000: [ParNew: 16388K->4K(18432K), 0.0018266 secs] 425145K->408761K(608188K), 0.0018663 secs] [Times: user=0.00 sys=0.00, real=0.00 secs] 
2020-10-29T10:26:29.261+0000: [GC (Allocation Failure) 2020-10-29T10:26:29.261+0000: [ParNew: 16388K->4K(18432K), 0.0020876 secs] 425145K->408761K(608188K), 0.0021311 secs] [Times: user=0.00 sys=0.00, real=0.01 secs] 
2020-10-29T10:26:29.272+0000: [GC (Allocation Failure) 2020-10-29T10:26:29.272+0000: [ParNew: 16388K->4K(18432K), 0.0076952 secs] 425145K->416953K(608188K), 0.0077624 secs] [Times: user=0.01 sys=0.00, real=0.00 secs] 
2020-10-29T10:26:29.296+0000: [GC (Allocation Failure) 2020-10-29T10:26:29.296+0000: [ParNew: 16388K->4K(18432K), 0.0019746 secs] 433337K->416953K(608188K), 0.0020138 secs] [Times: user=0.01 sys=0.00, real=0.00 secs] 
2020-10-29T10:26:29.314+0000: [GC (Allocation Failure) 2020-10-29T10:26:29.314+0000: [ParNew: 16388K->4K(18432K), 0.0018418 secs] 433337K->416953K(608188K), 0.0018805 secs] [Times: user=0.00 sys=0.00, real=0.00 secs] 
2020-10-29T10:26:29.334+0000: [GC (Allocation Failure) 2020-10-29T10:26:29.334+0000: [ParNew: 16388K->4K(18432K), 0.0018562 secs] 433337K->416953K(608188K), 0.0018959 secs] [Times: user=0.00 sys=0.00, real=0.00 secs] 
2020-10-29T10:26:29.354+0000: [GC (Allocation Failure) 2020-10-29T10:26:29.354+0000: [ParNew: 16388K->4K(18432K), 0.0019265 secs] 433337K->416953K(608188K), 0.0019685 secs] [Times: user=0.01 sys=0.00, real=0.00 secs] 
2020-10-29T10:26:29.374+0000: [GC (Allocation Failure) 2020-10-29T10:26:29.374+0000: [ParNew: 16388K->4K(18432K), 0.0018777 secs] 433337K->416953K(608188K), 0.0019187 secs] [Times: user=0.00 sys=0.00, real=0.00 secs] 
2020-10-29T10:26:29.392+0000: [GC (Allocation Failure) 2020-10-29T10:26:29.392+0000: [ParNew: 16388K->4K(18432K), 0.0018559 secs] 433337K->416953K(608188K), 0.0018964 secs] [Times: user=0.01 sys=0.00, real=0.00 secs] 
2020-10-29T10:26:29.409+0000: [GC (Allocation Failure) 2020-10-29T10:26:29.409+0000: [ParNew: 16388K->4K(18432K), 0.0020086 secs] 433337K->416953K(608188K), 0.0020513 secs] [Times: user=0.01 sys=0.00, real=0.01 secs] 
2020-10-29T10:26:29.426+0000: [GC (Allocation Failure) 2020-10-29T10:26:29.426+0000: [ParNew: 16388K->4K(18432K), 0.0020038 secs] 433337K->416953K(608188K), 0.0020483 secs] [Times: user=0.01 sys=0.00, real=0.00 secs] 
2020-10-29T10:26:29.455+0000: [GC (Allocation Failure) 2020-10-29T10:26:29.455+0000: [ParNew: 16388K->4K(18432K), 0.0023738 secs] 466105K->449721K(608188K), 0.0024309 secs] [Times: user=0.01 sys=0.00, real=0.00 secs] 
2020-10-29T10:26:29.478+0000: [GC (Allocation Failure) 2020-10-29T10:26:29.478+0000: [ParNew: 16388K->4K(18432K), 0.0023668 secs] 466105K->449721K(608188K), 0.0024183 secs] [Times: user=0.01 sys=0.00, real=0.00 secs] 
2020-10-29T10:26:29.496+0000: [GC (Allocation Failure) 2020-10-29T10:26:29.496+0000: [ParNew: 16388K->4K(18432K), 0.0018253 secs] 466105K->449721K(608188K), 0.0018761 secs] [Times: user=0.00 sys=0.00, real=0.00 secs] 
2020-10-29T10:26:29.518+0000: [GC (Allocation Failure) 2020-10-29T10:26:29.518+0000: [ParNew: 16388K->4K(18432K), 0.0019071 secs] 466105K->449721K(608188K), 0.0019489 secs] [Times: user=0.00 sys=0.00, real=0.00 secs] 
2020-10-29T10:26:29.536+0000: [GC (Allocation Failure) 2020-10-29T10:26:29.536+0000: [ParNew: 16388K->4K(18432K), 0.0018480 secs] 466105K->449721K(608188K), 0.0018888 secs] [Times: user=0.00 sys=0.00, real=0.00 secs] 
2020-10-29T10:26:29.554+0000: [GC (Allocation Failure) 2020-10-29T10:26:29.554+0000: [ParNew: 16388K->4K(18432K), 0.0019366 secs] 466105K->449721K(608188K), 0.0019792 secs] [Times: user=0.00 sys=0.00, real=0.00 secs] 
2020-10-29T10:26:29.572+0000: [GC (Allocation Failure) 2020-10-29T10:26:29.572+0000: [ParNew: 16388K->4K(18432K), 0.0020998 secs] 466105K->449721K(608188K), 0.0021483 secs] [Times: user=0.01 sys=0.00, real=0.00 secs] 
2020-10-29T10:26:29.590+0000: [GC (Allocation Failure) 2020-10-29T10:26:29.590+0000: [ParNew: 16388K->4K(18432K), 0.0019323 secs] 466105K->449722K(608188K), 0.0019730 secs] [Times: user=0.01 sys=0.00, real=0.01 secs] 
2020-10-29T10:26:29.607+0000: [GC (Allocation Failure) 2020-10-29T10:26:29.607+0000: [ParNew: 16357K->4K(18432K), 0.0018053 secs] 466075K->449722K(608188K), 0.0018599 secs] [Times: user=0.00 sys=0.00, real=0.00 secs] 
2020-10-29T10:26:29.625+0000: [GC (Allocation Failure) 2020-10-29T10:26:29.625+0000: [ParNew: 16388K->4K(18432K), 0.0021096 secs] 466106K->449722K(608188K), 0.0021562 secs] [Times: user=0.01 sys=0.00, real=0.00 secs] 
2020-10-29T10:26:29.646+0000: [GC (Allocation Failure) 2020-10-29T10:26:29.646+0000: [ParNew: 16388K->4K(18432K), 0.0020684 secs] 466106K->449722K(608188K), 0.0021146 secs] [Times: user=0.00 sys=0.00, real=0.00 secs] 
2020-10-29T10:26:29.664+0000: [GC (Allocation Failure) 2020-10-29T10:26:29.664+0000: [ParNew: 16388K->4K(18432K), 0.0020459 secs] 466106K->449722K(608188K), 0.0021069 secs] [Times: user=0.01 sys=0.00, real=0.00 secs] 
2020-10-29T10:26:29.675+0000: [GC (Allocation Failure) 2020-10-29T10:26:29.675+0000: [ParNew: 16388K->4K(18432K), 0.0077081 secs] 466106K->457914K(608188K), 0.0077510 secs] [Times: user=0.02 sys=0.01, real=0.01 secs] 
2020-10-29T10:26:29.699+0000: [GC (Allocation Failure) 2020-10-29T10:26:29.699+0000: [ParNew: 16388K->4K(18432K), 0.0019530 secs] 474298K->457914K(608188K), 0.0019941 secs] [Times: user=0.00 sys=0.00, real=0.00 secs] 
2020-10-29T10:26:29.716+0000: [GC (Allocation Failure) 2020-10-29T10:26:29.716+0000: [ParNew: 16388K->4K(18432K), 0.0019326 secs] 474298K->457914K(608188K), 0.0019752 secs] [Times: user=0.01 sys=0.00, real=0.00 secs] 
2020-10-29T10:26:29.733+0000: [GC (Allocation Failure) 2020-10-29T10:26:29.733+0000: [ParNew: 16388K->4K(18432K), 0.0019822 secs] 474298K->457914K(608188K), 0.0020252 secs] [Times: user=0.00 sys=0.00, real=0.00 secs] 
2020-10-29T10:26:29.751+0000: [GC (Allocation Failure) 2020-10-29T10:26:29.751+0000: [ParNew: 16388K->4K(18432K), 0.0017928 secs] 474298K->457914K(608188K), 0.0018325 secs] [Times: user=0.00 sys=0.00, real=0.00 secs] 
2020-10-29T10:26:29.772+0000: [GC (Allocation Failure) 2020-10-29T10:26:29.772+0000: [ParNew: 16388K->4K(18432K), 0.0017921 secs] 474298K->457914K(608188K), 0.0018308 secs] [Times: user=0.00 sys=0.00, real=0.00 secs] 
2020-10-29T10:26:29.790+0000: [GC (Allocation Failure) 2020-10-29T10:26:29.790+0000: [ParNew: 16388K->4K(18432K), 0.0019449 secs] 474298K->457914K(608188K), 0.0019881 secs] [Times: user=0.00 sys=0.00, real=0.01 secs] 
2020-10-29T10:26:29.808+0000: [GC (Allocation Failure) 2020-10-29T10:26:29.808+0000: [ParNew: 16388K->4K(18432K), 0.0019144 secs] 474298K->457914K(608188K), 0.0019552 secs] [Times: user=0.01 sys=0.00, real=0.00 secs] 
2020-10-29T10:26:29.826+0000: [GC (Allocation Failure) 2020-10-29T10:26:29.826+0000: [ParNew: 16388K->4K(18432K), 0.0019384 secs] 474298K->457914K(608188K), 0.0019801 secs] [Times: user=0.00 sys=0.00, real=0.00 secs] 
2020-10-29T10:26:29.846+0000: [GC (Allocation Failure) 2020-10-29T10:26:29.846+0000: [ParNew: 16388K->4K(18432K), 0.0075890 secs] 474298K->466106K(608188K), 0.0076331 secs] [Times: user=0.01 sys=0.01, real=0.01 secs] 
2020-10-29T10:26:29.870+0000: [GC (Allocation Failure) 2020-10-29T10:26:29.870+0000: [ParNew: 16388K->4K(18432K), 0.0019463 secs] 482490K->466106K(608188K), 0.0019857 secs] [Times: user=0.01 sys=0.00, real=0.00 secs] 
2020-10-29T10:26:29.888+0000: [GC (Allocation Failure) 2020-10-29T10:26:29.888+0000: [ParNew: 16388K->4K(18432K), 0.0018383 secs] 482490K->466106K(608188K), 0.0018774 secs] [Times: user=0.00 sys=0.00, real=0.00 secs] 
2020-10-29T10:26:29.906+0000: [GC (Allocation Failure) 2020-10-29T10:26:29.906+0000: [ParNew: 16388K->4K(18432K), 0.0018684 secs] 482490K->466106K(608188K), 0.0019064 secs] [Times: user=0.00 sys=0.01, real=0.00 secs] 
2020-10-29T10:26:29.926+0000: [GC (Allocation Failure) 2020-10-29T10:26:29.926+0000: [ParNew: 16388K->4K(18432K), 0.0017968 secs] 482490K->466106K(608188K), 0.0018348 secs] [Times: user=0.00 sys=0.00, real=0.00 secs] 
2020-10-29T10:26:29.946+0000: [GC (Allocation Failure) 2020-10-29T10:26:29.946+0000: [ParNew: 16388K->4K(18432K), 0.0017798 secs] 482490K->466106K(608188K), 0.0018183 secs] [Times: user=0.00 sys=0.00, real=0.00 secs] 
2020-10-29T10:26:29.964+0000: [GC (Allocation Failure) 2020-10-29T10:26:29.964+0000: [ParNew: 16388K->4K(18432K), 0.0019120 secs] 482490K->466106K(608188K), 0.0019532 secs] [Times: user=0.00 sys=0.00, real=0.00 secs] 
2020-10-29T10:26:29.981+0000: [GC (Allocation Failure) 2020-10-29T10:26:29.981+0000: [ParNew: 16388K->4K(18432K), 0.0017932 secs] 482490K->466106K(608188K), 0.0018322 secs] [Times: user=0.01 sys=0.00, real=0.01 secs] 
2020-10-29T10:26:30.002+0000: [GC (Allocation Failure) 2020-10-29T10:26:30.002+0000: [ParNew: 16388K->4K(18432K), 0.0018211 secs] 482490K->466106K(608188K), 0.0018596 secs] [Times: user=0.00 sys=0.00, real=0.00 secs] 
2020-10-29T10:26:30.022+0000: [GC (Allocation Failure) 2020-10-29T10:26:30.022+0000: [ParNew: 16388K->4K(18432K), 0.0021007 secs] 482490K->466106K(608188K), 0.0021486 secs] [Times: user=0.01 sys=0.00, real=0.00 secs] 
2020-10-29T10:26:30.040+0000: [GC (Allocation Failure) 2020-10-29T10:26:30.040+0000: [ParNew: 16388K->4K(18432K), 0.0019585 secs] 482490K->466106K(608188K), 0.0020073 secs] [Times: user=0.00 sys=0.00, real=0.00 secs] 
2020-10-29T10:26:30.058+0000: [GC (Allocation Failure) 2020-10-29T10:26:30.058+0000: [ParNew: 16388K->4K(18432K), 0.0022446 secs] 482490K->466106K(608188K), 0.0022866 secs] [Times: user=0.00 sys=0.00, real=0.00 secs] 
2020-10-29T10:26:30.075+0000: [GC (Allocation Failure) 2020-10-29T10:26:30.075+0000: [ParNew: 16388K->4K(18432K), 0.0020303 secs] 482490K->466106K(608188K), 0.0020763 secs] [Times: user=0.01 sys=0.00, real=0.00 secs] 
2020-10-29T10:26:30.093+0000: [GC (Allocation Failure) 2020-10-29T10:26:30.093+0000: [ParNew: 16388K->4K(18432K), 0.0020357 secs] 482490K->466106K(608188K), 0.0020806 secs] [Times: user=0.01 sys=0.00, real=0.00 secs] 
2020-10-29T10:26:30.111+0000: [GC (Allocation Failure) 2020-10-29T10:26:30.111+0000: [ParNew: 16388K->4K(18432K), 0.0019414 secs] 482490K->466106K(608188K), 0.0019814 secs] [Times: user=0.00 sys=0.00, real=0.00 secs] 
2020-10-29T10:26:30.130+0000: [GC (Allocation Failure) 2020-10-29T10:26:30.130+0000: [ParNew: 16388K->4K(18432K), 0.0019167 secs] 482490K->466106K(608188K), 0.0019584 secs] [Times: user=0.01 sys=0.00, real=0.00 secs] 
2020-10-29T10:26:30.148+0000: [GC (Allocation Failure) 2020-10-29T10:26:30.148+0000: [ParNew: 16388K->4K(18432K), 0.0019152 secs] 482490K->466106K(608188K), 0.0019569 secs] [Times: user=0.00 sys=0.00, real=0.00 secs] 
2020-10-29T10:26:30.166+0000: [GC (Allocation Failure) 2020-10-29T10:26:30.166+0000: [ParNew: 16388K->4K(18432K), 0.0021592 secs] 482490K->466106K(608188K), 0.0022073 secs] [Times: user=0.00 sys=0.00, real=0.00 secs] 
2020-10-29T10:26:30.184+0000: [GC (Allocation Failure) 2020-10-29T10:26:30.184+0000: [ParNew: 16388K->4K(18432K), 0.0020799 secs] 482490K->466106K(608188K), 0.0021376 secs] [Times: user=0.01 sys=0.00, real=0.00 secs] 
2020-10-29T10:26:30.202+0000: [GC (Allocation Failure) 2020-10-29T10:26:30.202+0000: [ParNew: 16388K->4K(18432K), 0.0022266 secs] 482490K->466106K(608188K), 0.0022674 secs] [Times: user=0.00 sys=0.00, real=0.01 secs] 
2020-10-29T10:26:30.219+0000: [GC (Allocation Failure) 2020-10-29T10:26:30.219+0000: [ParNew: 16388K->4K(18432K), 0.0021269 secs] 482490K->466106K(608188K), 0.0021739 secs] [Times: user=0.00 sys=0.00, real=0.00 secs] 
2020-10-29T10:26:30.238+0000: [GC (Allocation Failure) 2020-10-29T10:26:30.238+0000: [ParNew: 16388K->4K(18432K), 0.0022632 secs] 482490K->466106K(608188K), 0.0023131 secs] [Times: user=0.01 sys=0.00, real=0.00 secs] 
2020-10-29T10:26:30.260+0000: [GC (Allocation Failure) 2020-10-29T10:26:30.260+0000: [ParNew: 16388K->4K(18432K), 0.0029052 secs] 482490K->466106K(608188K), 0.0029570 secs] [Times: user=0.01 sys=0.00, real=0.01 secs] 
2020-10-29T10:26:30.282+0000: [GC (Allocation Failure) 2020-10-29T10:26:30.282+0000: [ParNew: 16388K->4K(18432K), 0.0021136 secs] 482490K->466106K(608188K), 0.0021581 secs] [Times: user=0.01 sys=0.00, real=0.01 secs] 
2020-10-29T10:26:30.302+0000: [GC (Allocation Failure) 2020-10-29T10:26:30.302+0000: [ParNew: 16388K->4K(18432K), 0.0020138 secs] 482490K->466106K(608188K), 0.0020581 secs] [Times: user=0.00 sys=0.00, real=0.00 secs] 
2020-10-29T10:26:30.320+0000: [GC (Allocation Failure) 2020-10-29T10:26:30.320+0000: [ParNew: 16388K->4K(18432K), 0.0020019 secs] 482490K->466106K(608188K), 0.0020506 secs] [Times: user=0.01 sys=0.00, real=0.00 secs] 
2020-10-29T10:26:30.337+0000: [GC (Allocation Failure) 2020-10-29T10:26:30.337+0000: [ParNew: 16388K->4K(18432K), 0.0018517 secs] 482490K->466106K(608188K), 0.0018899 secs] [Times: user=0.00 sys=0.00, real=0.00 secs] 
2020-10-29T10:26:30.358+0000: [GC (Allocation Failure) 2020-10-29T10:26:30.358+0000: [ParNew: 16388K->4K(18432K), 0.0019134 secs] 482490K->466106K(608188K), 0.0019598 secs] [Times: user=0.01 sys=0.00, real=0.00 secs] 
2020-10-29T10:26:30.374+0000: [GC (Allocation Failure) 2020-10-29T10:26:30.374+0000: [ParNew: 14429K->4K(18432K), 0.0018600 secs] 480531K->466106K(608188K), 0.0019004 secs] [Times: user=0.00 sys=0.00, real=0.00 secs] 
2020-10-29T10:26:30.384+0000: [GC (Allocation Failure) 2020-10-29T10:26:30.384+0000: [ParNew: 16388K->4K(18432K), 0.0076504 secs] 482490K->474298K(608188K), 0.0076912 secs] [Times: user=0.01 sys=0.00, real=0.01 secs] 
2020-10-29T10:26:30.392+0000: [CMS-concurrent-abortable-preclean: 0.313/4.622 secs] [Times: user=8.29 sys=0.38, real=4.63 secs] 
2020-10-29T10:26:30.394+0000: [GC (CMS Final Remark) [YG occupancy: 329 K (18432 K)]2020-10-29T10:26:30.394+0000: [Rescan (parallel) , 0.0014190 secs]2020-10-29T10:26:30.396+0000: [weak refs processing, 0.0000578 secs]2020-10-29T10:26:30.396+0000: [class unloading, 0.0097652 secs]2020-10-29T10:26:30.406+0000: [scrub symbol table, 0.0091270 secs]2020-10-29T10:26:30.415+0000: [scrub string table, 0.0005663 secs][1 CMS-remark: 474294K(589756K)] 474624K(608188K), 0.0210345 secs] [Times: user=0.02 sys=0.01, real=0.02 secs] 
2020-10-29T10:26:30.422+0000: [CMS-concurrent-sweep-start]
2020-10-29T10:26:30.434+0000: [GC (Allocation Failure) 2020-10-29T10:26:30.434+0000: [ParNew: 16388K->4K(18432K), 0.0023392 secs] 490110K->473726K(608188K), 0.0023823 secs] [Times: user=0.01 sys=0.00, real=0.00 secs] 
2020-10-29T10:26:30.440+0000: [CMS-concurrent-sweep: 0.016/0.018 secs] [Times: user=0.03 sys=0.00, real=0.01 secs] 
2020-10-29T10:26:30.441+0000: [CMS-concurrent-reset-start]
2020-10-29T10:26:30.442+0000: [CMS-concurrent-reset: 0.002/0.002 secs] [Times: user=0.01 sys=0.00, real=0.01 secs] 
2020-10-29T10:26:30.458+0000: [GC (Allocation Failure) 2020-10-29T10:26:30.458+0000: [ParNew: 16253K->4K(18432K), 0.0024804 secs] 408308K->392059K(671860K), 0.0025295 secs] [Times: user=0.00 sys=0.00, real=0.00 secs] 
2020-10-29T10:26:30.470+0000: [GC (Allocation Failure) 2020-10-29T10:26:30.470+0000: [ParNew: 16388K->4K(18432K), 0.0033578 secs] 408443K->400251K(671860K), 0.0034043 secs] [Times: user=0.01 sys=0.00, real=0.00 secs] 
2020-10-29T10:26:30.477+0000: [GC (CMS Initial Mark) [1 CMS-initial-mark: 400247K(653428K)] 400577K(671860K), 0.0012707 secs] [Times: user=0.00 sys=0.00, real=0.00 secs] 
2020-10-29T10:26:30.478+0000: [CMS-concurrent-mark-start]
2020-10-29T10:26:30.501+0000: [GC (Allocation Failure) 2020-10-29T10:26:30.501+0000: [ParNew: 16388K->4K(18432K), 0.0024278 secs] 416635K->400251K(671860K), 0.0024804 secs] [Times: user=0.01 sys=0.00, real=0.01 secs] 
2020-10-29T10:26:30.522+0000: [GC (Allocation Failure) 2020-10-29T10:26:30.522+0000: [ParNew: 16388K->4K(18432K), 0.0024563 secs] 416635K->400251K(671860K), 0.0025060 secs] [Times: user=0.01 sys=0.00, real=0.01 secs] 
2020-10-29T10:26:30.539+0000: [GC (Allocation Failure) 2020-10-29T10:26:30.539+0000: [ParNew: 16388K->4K(18432K), 0.0024377 secs] 416635K->400251K(671860K), 0.0024857 secs] [Times: user=0.00 sys=0.00, real=0.00 secs] 
2020-10-29T10:26:30.562+0000: [GC (Allocation Failure) 2020-10-29T10:26:30.562+0000: [ParNew: 16388K->4K(18432K), 0.0024814 secs] 416635K->400251K(671860K), 0.0025321 secs] [Times: user=0.00 sys=0.00, real=0.00 secs] 
2020-10-29T10:26:30.589+0000: [GC (Allocation Failure) 2020-10-29T10:26:30.589+0000: [ParNew: 16388K->4K(18432K), 0.0024871 secs] 416635K->400251K(671860K), 0.0025607 secs] [Times: user=0.01 sys=0.00, real=0.01 secs] 
2020-10-29T10:26:30.601+0000: [CMS-concurrent-mark: 0.091/0.123 secs] [Times: user=0.23 sys=0.00, real=0.12 secs] 
2020-10-29T10:26:30.601+0000: [CMS-concurrent-preclean-start]
2020-10-29T10:26:30.603+0000: [CMS-concurrent-preclean: 0.002/0.002 secs] [Times: user=0.00 sys=0.00, real=0.01 secs] 
2020-10-29T10:26:30.603+0000: [CMS-concurrent-abortable-preclean-start]
2020-10-29T10:26:30.612+0000: [GC (Allocation Failure) 2020-10-29T10:26:30.612+0000: [ParNew: 16388K->4K(18432K), 0.0021848 secs] 416635K->400251K(671860K), 0.0022255 secs] [Times: user=0.00 sys=0.00, real=0.00 secs] 
2020-10-29T10:26:30.632+0000: [GC (Allocation Failure) 2020-10-29T10:26:30.632+0000: [ParNew: 16388K->4K(18432K), 0.0022500 secs] 416635K->400251K(671860K), 0.0022955 secs] [Times: user=0.00 sys=0.00, real=0.00 secs] 
2020-10-29T10:26:30.650+0000: [GC (Allocation Failure) 2020-10-29T10:26:30.650+0000: [ParNew: 16388K->4K(18432K), 0.0022461 secs] 416635K->400251K(671860K), 0.0022928 secs] [Times: user=0.01 sys=0.00, real=0.00 secs] 
2020-10-29T10:26:30.670+0000: [GC (Allocation Failure) 2020-10-29T10:26:30.670+0000: [ParNew: 16388K->4K(18432K), 0.0022709 secs] 416635K->400251K(671860K), 0.0023193 secs] [Times: user=0.00 sys=0.00, real=0.00 secs] 
2020-10-29T10:26:30.690+0000: [GC (Allocation Failure) 2020-10-29T10:26:30.690+0000: [ParNew: 16388K->4K(18432K), 0.0023162 secs] 416635K->400251K(671860K), 0.0023636 secs] [Times: user=0.01 sys=0.00, real=0.00 secs] 
2020-10-29T10:26:30.712+0000: [GC (Allocation Failure) 2020-10-29T10:26:30.712+0000: [ParNew: 16388K->4K(18432K), 0.0022731 secs] 416635K->400251K(671860K), 0.0023204 secs] [Times: user=0.00 sys=0.00, real=0.00 secs] 
2020-10-29T10:26:30.730+0000: [GC (Allocation Failure) 2020-10-29T10:26:30.730+0000: [ParNew: 16388K->4K(18432K), 0.0019659 secs] 416635K->400251K(671860K), 0.0020074 secs] [Times: user=0.01 sys=0.00, real=0.00 secs] 
2020-10-29T10:26:30.750+0000: [GC (Allocation Failure) 2020-10-29T10:26:30.750+0000: [ParNew: 16388K->4K(18432K), 0.0019547 secs] 416635K->400251K(671860K), 0.0019954 secs] [Times: user=0.00 sys=0.00, real=0.00 secs] 
2020-10-29T10:26:30.770+0000: [GC (Allocation Failure) 2020-10-29T10:26:30.770+0000: [ParNew: 16388K->4K(18432K), 0.0019411 secs] 416635K->400251K(671860K), 0.0019809 secs] [Times: user=0.01 sys=0.00, real=0.00 secs] 
2020-10-29T10:26:30.790+0000: [GC (Allocation Failure) 2020-10-29T10:26:30.790+0000: [ParNew: 16388K->4K(18432K), 0.0019430 secs] 416635K->400251K(671860K), 0.0019822 secs] [Times: user=0.01 sys=0.00, real=0.00 secs] 
2020-10-29T10:26:30.808+0000: [GC (Allocation Failure) 2020-10-29T10:26:30.808+0000: [ParNew: 16388K->4K(18432K), 0.0024382 secs] 416635K->400251K(671860K), 0.0024871 secs] [Times: user=0.00 sys=0.00, real=0.01 secs] 
2020-10-29T10:26:30.826+0000: [GC (Allocation Failure) 2020-10-29T10:26:30.826+0000: [ParNew: 16388K->4K(18432K), 0.0024761 secs] 416635K->400251K(671860K), 0.0025262 secs] [Times: user=0.01 sys=0.00, real=0.00 secs] 
2020-10-29T10:26:30.846+0000: [GC (Allocation Failure) 2020-10-29T10:26:30.846+0000: [ParNew: 16388K->4K(18432K), 0.0022703 secs] 416635K->400251K(671860K), 0.0023184 secs] [Times: user=0.00 sys=0.00, real=0.00 secs] 
2020-10-29T10:26:30.865+0000: [GC (Allocation Failure) 2020-10-29T10:26:30.865+0000: [ParNew: 16388K->4K(18432K), 0.0021263 secs] 416635K->400251K(671860K), 0.0021763 secs] [Times: user=0.00 sys=0.00, real=0.00 secs] 
2020-10-29T10:26:30.882+0000: [GC (Allocation Failure) 2020-10-29T10:26:30.882+0000: [ParNew: 16388K->4K(18432K), 0.0021208 secs] 416635K->400251K(671860K), 0.0021633 secs] [Times: user=0.00 sys=0.00, real=0.00 secs] 
2020-10-29T10:26:30.900+0000: [GC (Allocation Failure) 2020-10-29T10:26:30.900+0000: [ParNew: 16388K->4K(18432K), 0.0020559 secs] 416635K->400251K(671860K), 0.0021108 secs] [Times: user=0.00 sys=0.00, real=0.01 secs] 
2020-10-29T10:26:30.918+0000: [GC (Allocation Failure) 2020-10-29T10:26:30.918+0000: [ParNew: 16388K->4K(18432K), 0.0019207 secs] 416635K->400251K(671860K), 0.0019593 secs] [Times: user=0.01 sys=0.00, real=0.00 secs] 
2020-10-29T10:26:30.936+0000: [GC (Allocation Failure) 2020-10-29T10:26:30.936+0000: [ParNew: 16388K->4K(18432K), 0.0019491 secs] 416635K->400251K(671860K), 0.0019872 secs] [Times: user=0.01 sys=0.00, real=0.00 secs] 
2020-10-29T10:26:30.954+0000: [GC (Allocation Failure) 2020-10-29T10:26:30.954+0000: [ParNew: 16388K->4K(18432K), 0.0019821 secs] 416635K->400251K(671860K), 0.0020215 secs] [Times: user=0.01 sys=0.00, real=0.00 secs] 
2020-10-29T10:26:30.972+0000: [GC (Allocation Failure) 2020-10-29T10:26:30.972+0000: [ParNew: 16388K->4K(18432K), 0.0020642 secs] 416635K->400251K(671860K), 0.0021067 secs] [Times: user=0.00 sys=0.00, real=0.00 secs] 
2020-10-29T10:26:30.990+0000: [GC (Allocation Failure) 2020-10-29T10:26:30.990+0000: [ParNew: 16388K->4K(18432K), 0.0019674 secs] 416635K->400251K(671860K), 0.0020076 secs] [Times: user=0.00 sys=0.00, real=0.01 secs] 
2020-10-29T10:26:31.010+0000: [GC (Allocation Failure) 2020-10-29T10:26:31.010+0000: [ParNew: 16388K->4K(18432K), 0.0019887 secs] 416635K->400251K(671860K), 0.0020289 secs] [Times: user=0.00 sys=0.00, real=0.00 secs] 
2020-10-29T10:26:31.030+0000: [GC (Allocation Failure) 2020-10-29T10:26:31.030+0000: [ParNew: 16388K->4K(18432K), 0.0020473 secs] 416635K->400251K(671860K), 0.0020884 secs] [Times: user=0.00 sys=0.00, real=0.00 secs] 
2020-10-29T10:26:31.050+0000: [GC (Allocation Failure) 2020-10-29T10:26:31.050+0000: [ParNew: 16388K->4K(18432K), 0.0019999 secs] 416635K->400251K(671860K), 0.0020402 secs] [Times: user=0.00 sys=0.00, real=0.00 secs] 
2020-10-29T10:26:31.070+0000: [GC (Allocation Failure) 2020-10-29T10:26:31.070+0000: [ParNew: 16144K->4K(18432K), 0.0019707 secs] 416392K->400251K(671860K), 0.0020107 secs] [Times: user=0.00 sys=0.00, real=0.00 secs] 
2020-10-29T10:26:31.090+0000: [GC (Allocation Failure) 2020-10-29T10:26:31.090+0000: [ParNew: 16388K->2K(18432K), 0.0054273 secs] 416635K->408441K(671860K), 0.0054846 secs] [Times: user=0.01 sys=0.00, real=0.00 secs] 
2020-10-29T10:26:31.096+0000: [CMS-concurrent-abortable-preclean: 0.034/0.492 secs] [Times: user=0.86 sys=0.05, real=0.49 secs] 
2020-10-29T10:26:31.116+0000: [GC (CMS Final Remark) [YG occupancy: 6632 K (18432 K)]2020-10-29T10:26:31.117+0000: [Rescan (parallel) , 0.0147652 secs]2020-10-29T10:26:31.131+0000: [weak refs processing, 0.0000396 secs]2020-10-29T10:26:31.131+0000: [class unloading, 0.0092870 secs]2020-10-29T10:26:31.141+0000: [scrub symbol table, 0.0090017 secs]2020-10-29T10:26:31.150+0000: [scrub string table, 0.0005913 secs][1 CMS-remark: 408439K(653428K)] 415071K(671860K), 0.0338943 secs] [Times: user=0.03 sys=0.00, real=0.04 secs] 
2020-10-29T10:26:31.154+0000: [CMS-concurrent-sweep-start]
2020-10-29T10:26:31.164+0000: [GC (Allocation Failure) 2020-10-29T10:26:31.164+0000: [ParNew: 16386K->4K(18432K), 0.0024737 secs] 424781K->408399K(671860K), 0.0025187 secs] [Times: user=0.00 sys=0.00, real=0.00 secs] 
2020-10-29T10:26:31.169+0000: [CMS-concurrent-sweep: 0.012/0.015 secs] [Times: user=0.03 sys=0.00, real=0.01 secs] 
2020-10-29T10:26:31.176+0000: [CMS-concurrent-reset-start]
2020-10-29T10:26:31.178+0000: [CMS-concurrent-reset: 0.002/0.002 secs] [Times: user=0.00 sys=0.00, real=0.00 secs] 
2020-10-29T10:26:31.186+0000: [GC (Allocation Failure) 2020-10-29T10:26:31.186+0000: [ParNew: 16388K->4K(18432K), 0.0024578 secs] 391950K->375566K(671860K), 0.0024966 secs] [Times: user=0.00 sys=0.00, real=0.00 secs] 
2020-10-29T10:26:31.204+0000: [GC (Allocation Failure) 2020-10-29T10:26:31.204+0000: [ParNew: 16388K->4K(18432K), 0.0022463 secs] 391950K->375566K(671860K), 0.0022879 secs] [Times: user=0.01 sys=0.00, real=0.00 secs] 
2020-10-29T10:26:31.221+0000: [GC (Allocation Failure) 2020-10-29T10:26:31.221+0000: [ParNew: 16388K->4K(18432K), 0.0022239 secs] 391950K->375566K(671860K), 0.0022655 secs] [Times: user=0.00 sys=0.00, real=0.01 secs] 
2020-10-29T10:26:31.239+0000: [GC (Allocation Failure) 2020-10-29T10:26:31.239+0000: [ParNew: 16388K->6K(18432K), 0.0023804 secs] 391950K->375568K(671860K), 0.0024226 secs] [Times: user=0.01 sys=0.00, real=0.00 secs] 
2020-10-29T10:26:31.257+0000: [GC (Allocation Failure) 2020-10-29T10:26:31.257+0000: [ParNew: 16390K->4K(18432K), 0.0022546 secs] 391952K->375566K(671860K), 0.0023160 secs] [Times: user=0.00 sys=0.00, real=0.00 secs] 
2020-10-29T10:26:31.278+0000: [GC (Allocation Failure) 2020-10-29T10:26:31.278+0000: [ParNew: 16388K->6K(18432K), 0.0022159 secs] 391950K->375568K(671860K), 0.0022531 secs] [Times: user=0.01 sys=0.00, real=0.00 secs] 
2020-10-29T10:26:31.295+0000: [GC (Allocation Failure) 2020-10-29T10:26:31.295+0000: [ParNew: 16390K->4K(18432K), 0.0021649 secs] 391952K->375566K(671860K), 0.0022021 secs] [Times: user=0.00 sys=0.00, real=0.00 secs] 
2020-10-29T10:26:31.314+0000: [GC (Allocation Failure) 2020-10-29T10:26:31.314+0000: [ParNew: 16388K->4K(18432K), 0.0020955 secs] 391950K->375566K(671860K), 0.0021307 secs] [Times: user=0.01 sys=0.00, real=0.00 secs] 
2020-10-29T10:26:31.334+0000: [GC (Allocation Failure) 2020-10-29T10:26:31.334+0000: [ParNew: 16388K->4K(18432K), 0.0021884 secs] 391950K->375566K(671860K), 0.0022284 secs] [Times: user=0.00 sys=0.00, real=0.00 secs] 
2020-10-29T10:26:31.354+0000: [GC (Allocation Failure) 2020-10-29T10:26:31.354+0000: [ParNew: 16388K->4K(18432K), 0.0022575 secs] 391950K->375566K(671860K), 0.0022986 secs] [Times: user=0.01 sys=0.00, real=0.00 secs] 
2020-10-29T10:26:31.365+0000: [GC (Allocation Failure) 2020-10-29T10:26:31.365+0000: [ParNew: 16388K->4K(18432K), 0.0029218 secs] 391950K->383758K(671860K), 0.0029590 secs] [Times: user=0.01 sys=0.00, real=0.00 secs] 
2020-10-29T10:26:31.368+0000: [GC (CMS Initial Mark) [1 CMS-initial-mark: 383754K(653428K)] 383899K(671860K), 0.0011902 secs] [Times: user=0.00 sys=0.00, real=0.00 secs] 
2020-10-29T10:26:31.369+0000: [CMS-concurrent-mark-start]
2020-10-29T10:26:31.389+0000: [GC (Allocation Failure) 2020-10-29T10:26:31.389+0000: [ParNew: 16388K->4K(18432K), 0.0023165 secs] 400142K->383758K(671860K), 0.0023635 secs] [Times: user=0.00 sys=0.00, real=0.01 secs] 
2020-10-29T10:26:31.412+0000: [GC (Allocation Failure) 2020-10-29T10:26:31.412+0000: [ParNew: 16388K->4K(18432K), 0.0022423 secs] 400142K->383758K(671860K), 0.0022893 secs] [Times: user=0.00 sys=0.00, real=0.00 secs] 
2020-10-29T10:26:31.434+0000: [GC (Allocation Failure) 2020-10-29T10:26:31.434+0000: [ParNew: 16388K->4K(18432K), 0.0021798 secs] 400142K->383758K(671860K), 0.0022198 secs] [Times: user=0.00 sys=0.00, real=0.00 secs] 
2020-10-29T10:26:31.455+0000: [GC (Allocation Failure) 2020-10-29T10:26:31.455+0000: [ParNew: 16388K->4K(18432K), 0.0022698 secs] 400142K->383758K(671860K), 0.0023129 secs] [Times: user=0.00 sys=0.00, real=0.00 secs] 
2020-10-29T10:26:31.464+0000: [CMS-concurrent-mark: 0.076/0.095 secs] [Times: user=0.17 sys=0.01, real=0.10 secs] 
2020-10-29T10:26:31.464+0000: [CMS-concurrent-preclean-start]
2020-10-29T10:26:31.475+0000: [CMS-concurrent-preclean: 0.011/0.011 secs] [Times: user=0.03 sys=0.00, real=0.01 secs] 
2020-10-29T10:26:31.475+0000: [CMS-concurrent-abortable-preclean-start]
2020-10-29T10:26:31.477+0000: [GC (Allocation Failure) 2020-10-29T10:26:31.477+0000: [ParNew: 16388K->4K(18432K), 0.0020875 secs] 400142K->383758K(671860K), 0.0021243 secs] [Times: user=0.01 sys=0.00, real=0.00 secs] 
2020-10-29T10:26:31.498+0000: [GC (Allocation Failure) 2020-10-29T10:26:31.498+0000: [ParNew: 16388K->4K(18432K), 0.0022029 secs] 400142K->383758K(671860K), 0.0022502 secs] [Times: user=0.00 sys=0.00, real=0.00 secs] 
2020-10-29T10:26:31.501+0000: [CMS-concurrent-abortable-preclean: 0.004/0.025 secs] [Times: user=0.04 sys=0.00, real=0.02 secs] 
2020-10-29T10:26:31.501+0000: [GC (CMS Final Remark) [YG occupancy: 134 K (18432 K)]2020-10-29T10:26:31.501+0000: [Rescan (parallel) , 0.0013867 secs]2020-10-29T10:26:31.502+0000: [weak refs processing, 0.0000256 secs]2020-10-29T10:26:31.502+0000: [class unloading, 0.0076424 secs]2020-10-29T10:26:31.510+0000: [scrub symbol table, 0.0089990 secs]2020-10-29T10:26:31.519+0000: [scrub string table, 0.0006315 secs][1 CMS-remark: 383754K(653428K)] 383889K(671860K), 0.0187812 secs] [Times: user=0.02 sys=0.00, real=0.02 secs] 
2020-10-29T10:26:31.520+0000: [CMS-concurrent-sweep-start]
2020-10-29T10:26:31.538+0000: [CMS-concurrent-sweep: 0.018/0.018 secs] [Times: user=0.03 sys=0.00, real=0.02 secs] 
2020-10-29T10:26:31.538+0000: [CMS-concurrent-reset-start]
2020-10-29T10:26:31.540+0000: [CMS-concurrent-reset: 0.002/0.002 secs] [Times: user=0.01 sys=0.00, real=0.00 secs] 
2020-10-29T10:26:31.542+0000: [GC (Allocation Failure) 2020-10-29T10:26:31.542+0000: [ParNew: 16388K->4K(18432K), 0.0024381 secs] 400142K->383758K(671860K), 0.0024751 secs] [Times: user=0.00 sys=0.00, real=0.00 secs] 
2020-10-29T10:26:31.562+0000: [GC (Allocation Failure) 2020-10-29T10:26:31.562+0000: [ParNew: 16388K->4K(18432K), 0.0022140 secs] 400142K->383758K(671860K), 0.0022553 secs] [Times: user=0.00 sys=0.00, real=0.00 secs] 
2020-10-29T10:26:31.582+0000: [GC (Allocation Failure) 2020-10-29T10:26:31.582+0000: [ParNew: 16388K->4K(18432K), 0.0021617 secs] 400142K->383758K(671860K), 0.0022023 secs] [Times: user=0.00 sys=0.00, real=0.00 secs] 
2020-10-29T10:26:31.602+0000: [GC (Allocation Failure) 2020-10-29T10:26:31.602+0000: [ParNew: 16388K->4K(18432K), 0.0022200 secs] 400142K->383758K(671860K), 0.0022617 secs] [Times: user=0.00 sys=0.00, real=0.00 secs] 
2020-10-29T10:26:31.619+0000: [GC (Allocation Failure) 2020-10-29T10:26:31.619+0000: [ParNew: 16388K->4K(18432K), 0.0021568 secs] 400142K->383758K(671860K), 0.0021970 secs] [Times: user=0.00 sys=0.00, real=0.00 secs] 
2020-10-29T10:26:31.636+0000: [GC (Allocation Failure) 2020-10-29T10:26:31.636+0000: [ParNew: 16388K->4K(18432K), 0.0021418 secs] 400142K->383758K(671860K), 0.0021779 secs] [Times: user=0.01 sys=0.00, real=0.00 secs] 
2020-10-29T10:26:31.654+0000: [GC (Allocation Failure) 2020-10-29T10:26:31.654+0000: [ParNew: 16376K->4K(18432K), 0.0021607 secs] 400131K->383758K(671860K), 0.0021985 secs] [Times: user=0.01 sys=0.00, real=0.00 secs] 
2020-10-29T10:26:31.671+0000: [GC (Allocation Failure) 2020-10-29T10:26:31.671+0000: [ParNew: 16388K->4K(18432K), 0.0022257 secs] 400142K->383758K(671860K), 0.0022649 secs] [Times: user=0.00 sys=0.00, real=0.00 secs] 
2020-10-29T10:26:31.688+0000: [GC (Allocation Failure) 2020-10-29T10:26:31.688+0000: [ParNew: 16388K->4K(18432K), 0.0021470 secs] 400142K->383758K(671860K), 0.0021851 secs] [Times: user=0.00 sys=0.00, real=0.01 secs] 
2020-10-29T10:26:31.705+0000: [GC (Allocation Failure) 2020-10-29T10:26:31.705+0000: [ParNew: 16388K->4K(18432K), 0.0022414 secs] 400142K->383758K(671860K), 0.0022821 secs] [Times: user=0.01 sys=0.00, real=0.00 secs] 
2020-10-29T10:26:31.717+0000: [GC (Allocation Failure) 2020-10-29T10:26:31.717+0000: [ParNew: 9318K->4K(18432K), 0.0018021 secs] 393072K->383758K(671860K), 0.0018388 secs] [Times: user=0.00 sys=0.00, real=0.00 secs] 
2020-10-29T10:26:31.727+0000: [GC (Allocation Failure) 2020-10-29T10:26:31.727+0000: [ParNew: 16388K->4K(18432K), 0.0026913 secs] 400142K->391950K(671860K), 0.0027377 secs] [Times: user=0.01 sys=0.00, real=0.00 secs] 
2020-10-29T10:26:31.730+0000: [GC (CMS Initial Mark) [1 CMS-initial-mark: 391946K(653428K)] 392087K(671860K), 0.0011839 secs] [Times: user=0.00 sys=0.00, real=0.01 secs] 
2020-10-29T10:26:31.731+0000: [CMS-concurrent-mark-start]
2020-10-29T10:26:31.753+0000: [GC (Allocation Failure) 2020-10-29T10:26:31.753+0000: [ParNew: 16388K->4K(18432K), 0.0023046 secs] 408334K->391950K(671860K), 0.0023518 secs] [Times: user=0.00 sys=0.00, real=0.00 secs] 
2020-10-29T10:26:31.778+0000: [GC (Allocation Failure) 2020-10-29T10:26:31.778+0000: [ParNew: 16388K->4K(18432K), 0.0022724 secs] 408334K->391950K(671860K), 0.0023159 secs] [Times: user=0.00 sys=0.00, real=0.00 secs] 
2020-10-29T10:26:31.801+0000: [GC (Allocation Failure) 2020-10-29T10:26:31.801+0000: [ParNew: 16388K->4K(18432K), 0.0022244 secs] 408334K->391950K(671860K), 0.0022690 secs] [Times: user=0.00 sys=0.00, real=0.01 secs] 
2020-10-29T10:26:31.813+0000: [CMS-concurrent-mark: 0.069/0.082 secs] [Times: user=0.15 sys=0.01, real=0.08 secs] 
2020-10-29T10:26:31.813+0000: [CMS-concurrent-preclean-start]
2020-10-29T10:26:31.816+0000: [CMS-concurrent-preclean: 0.002/0.002 secs] [Times: user=0.00 sys=0.00, real=0.00 secs] 
2020-10-29T10:26:31.816+0000: [CMS-concurrent-abortable-preclean-start]
2020-10-29T10:26:31.826+0000: [GC (Allocation Failure) 2020-10-29T10:26:31.826+0000: [ParNew: 16388K->4K(18432K), 0.0020410 secs] 408334K->391950K(671860K), 0.0020791 secs] [Times: user=0.01 sys=0.00, real=0.00 secs] 
2020-10-29T10:26:31.844+0000: [GC (Allocation Failure) 2020-10-29T10:26:31.844+0000: [ParNew: 16388K->4K(18432K), 0.0019618 secs] 408334K->391950K(671860K), 0.0020007 secs] [Times: user=0.00 sys=0.00, real=0.00 secs] 
2020-10-29T10:26:31.862+0000: [GC (Allocation Failure) 2020-10-29T10:26:31.862+0000: [ParNew: 16388K->4K(18432K), 0.0019561 secs] 408334K->391950K(671860K), 0.0019942 secs] [Times: user=0.01 sys=0.00, real=0.01 secs] 
2020-10-29T10:26:31.879+0000: [GC (Allocation Failure) 2020-10-29T10:26:31.879+0000: [ParNew: 16388K->4K(18432K), 0.0021107 secs] 408334K->391950K(671860K), 0.0021531 secs] [Times: user=0.00 sys=0.00, real=0.00 secs] 
2020-10-29T10:26:31.897+0000: [GC (Allocation Failure) 2020-10-29T10:26:31.897+0000: [ParNew: 16388K->4K(18432K), 0.0020815 secs] 408334K->391950K(671860K), 0.0021237 secs] [Times: user=0.00 sys=0.00, real=0.00 secs] 
2020-10-29T10:26:31.918+0000: [GC (Allocation Failure) 2020-10-29T10:26:31.918+0000: [ParNew: 16388K->4K(18432K), 0.0021921 secs] 408334K->391950K(671860K), 0.0022383 secs] [Times: user=0.00 sys=0.00, real=0.00 secs] 
2020-10-29T10:26:31.936+0000: [GC (Allocation Failure) 2020-10-29T10:26:31.936+0000: [ParNew: 16388K->4K(18432K), 0.0022832 secs] 408334K->391950K(671860K), 0.0023310 secs] [Times: user=0.01 sys=0.00, real=0.00 secs] 
2020-10-29T10:26:31.958+0000: [GC (Allocation Failure) 2020-10-29T10:26:31.958+0000: [ParNew: 16388K->4K(18432K), 0.0023010 secs] 408334K->391950K(671860K), 0.0023558 secs] [Times: user=0.01 sys=0.00, real=0.00 secs] 
2020-10-29T10:26:31.980+0000: [GC (Allocation Failure) 2020-10-29T10:26:31.980+0000: [ParNew: 16388K->4K(18432K), 0.0021336 secs] 408334K->391950K(671860K), 0.0021773 secs] [Times: user=0.00 sys=0.00, real=0.01 secs] 
2020-10-29T10:26:31.998+0000: [GC (Allocation Failure) 2020-10-29T10:26:31.998+0000: [ParNew: 16388K->4K(18432K), 0.0021987 secs] 408334K->391950K(671860K), 0.0022436 secs] [Times: user=0.01 sys=0.00, real=0.00 secs] 
2020-10-29T10:26:32.015+0000: [GC (Allocation Failure) 2020-10-29T10:26:32.015+0000: [ParNew: 16388K->4K(18432K), 0.0020428 secs] 408334K->391950K(671860K), 0.0020845 secs] [Times: user=0.01 sys=0.00, real=0.00 secs] 
2020-10-29T10:26:32.033+0000: [GC (Allocation Failure) 2020-10-29T10:26:32.034+0000: [ParNew: 16388K->4K(18432K), 0.0021451 secs] 408334K->391950K(671860K), 0.0021936 secs] [Times: user=0.01 sys=0.00, real=0.00 secs] 
2020-10-29T10:26:32.054+0000: [GC (Allocation Failure) 2020-10-29T10:26:32.054+0000: [ParNew: 16388K->4K(18432K), 0.0019484 secs] 408334K->391950K(671860K), 0.0019869 secs] [Times: user=0.00 sys=0.00, real=0.00 secs] 
2020-10-29T10:26:32.074+0000: [GC (Allocation Failure) 2020-10-29T10:26:32.074+0000: [ParNew: 16388K->4K(18432K), 0.0019283 secs] 408334K->391950K(671860K), 0.0019673 secs] [Times: user=0.01 sys=0.00, real=0.00 secs] 
2020-10-29T10:26:32.092+0000: [GC (Allocation Failure) 2020-10-29T10:26:32.092+0000: [ParNew: 16388K->4K(18432K), 0.0019270 secs] 408334K->391950K(671860K), 0.0019666 secs] [Times: user=0.01 sys=0.00, real=0.00 secs] 
2020-10-29T10:26:32.110+0000: [GC (Allocation Failure) 2020-10-29T10:26:32.110+0000: [ParNew: 16388K->4K(18432K), 0.0019101 secs] 408334K->391950K(671860K), 0.0019492 secs] [Times: user=0.00 sys=0.00, real=0.00 secs] 
2020-10-29T10:26:32.128+0000: [GC (Allocation Failure) 2020-10-29T10:26:32.128+0000: [ParNew: 16388K->4K(18432K), 0.0019356 secs] 408334K->391950K(671860K), 0.0019732 secs] [Times: user=0.01 sys=0.00, real=0.00 secs] 
2020-10-29T10:26:32.146+0000: [GC (Allocation Failure) 2020-10-29T10:26:32.146+0000: [ParNew: 16388K->4K(18432K), 0.0019384 secs] 408334K->391950K(671860K), 0.0019782 secs] [Times: user=0.00 sys=0.00, real=0.00 secs] 
2020-10-29T10:26:32.164+0000: [GC (Allocation Failure) 2020-10-29T10:26:32.164+0000: [ParNew: 16388K->4K(18432K), 0.0019471 secs] 408334K->391950K(671860K), 0.0019856 secs] [Times: user=0.00 sys=0.00, real=0.00 secs] 
2020-10-29T10:26:32.186+0000: [GC (Allocation Failure) 2020-10-29T10:26:32.186+0000: [ParNew: 16388K->4K(18432K), 0.0021020 secs] 408334K->391950K(671860K), 0.0021472 secs] [Times: user=0.01 sys=0.00, real=0.00 secs] 
2020-10-29T10:26:32.206+0000: [GC (Allocation Failure) 2020-10-29T10:26:32.206+0000: [ParNew: 16388K->4K(18432K), 0.0020465 secs] 408334K->391950K(671860K), 0.0020898 secs] [Times: user=0.00 sys=0.00, real=0.00 secs] 
2020-10-29T10:26:32.224+0000: [GC (Allocation Failure) 2020-10-29T10:26:32.224+0000: [ParNew: 16388K->4K(18432K), 0.0020092 secs] 408334K->391950K(671860K), 0.0020520 secs] [Times: user=0.01 sys=0.00, real=0.00 secs] 
2020-10-29T10:26:32.242+0000: [GC (Allocation Failure) 2020-10-29T10:26:32.242+0000: [ParNew: 16388K->4K(18432K), 0.0022147 secs] 408334K->391950K(671860K), 0.0022599 secs] [Times: user=0.01 sys=0.00, real=0.01 secs] 
2020-10-29T10:26:32.262+0000: [GC (Allocation Failure) 2020-10-29T10:26:32.262+0000: [ParNew: 16388K->4K(18432K), 0.0021825 secs] 408334K->391950K(671860K), 0.0022265 secs] [Times: user=0.00 sys=0.00, real=0.00 secs] 
2020-10-29T10:26:32.280+0000: [GC (Allocation Failure) 2020-10-29T10:26:32.280+0000: [ParNew: 16388K->4K(18432K), 0.0019995 secs] 408334K->391950K(671860K), 0.0020489 secs] [Times: user=0.00 sys=0.00, real=0.01 secs] 
2020-10-29T10:26:32.292+0000: [GC (Allocation Failure) 2020-10-29T10:26:32.292+0000: [ParNew: 9314K->4K(18432K), 0.0017851 secs] 401260K->391950K(671860K), 0.0018215 secs] [Times: user=0.00 sys=0.00, real=0.00 secs] 
2020-10-29T10:26:32.306+0000: [GC (Allocation Failure) 2020-10-29T10:26:32.306+0000: [ParNew: 16376K->4K(18432K), 0.0026472 secs] 408323K->400142K(671860K), 0.0026841 secs] [Times: user=0.00 sys=0.00, real=0.00 secs] 
2020-10-29T10:26:32.309+0000: [CMS-concurrent-abortable-preclean: 0.035/0.493 secs] [Times: user=0.86 sys=0.05, real=0.49 secs] 
2020-10-29T10:26:32.318+0000: [GC (CMS Final Remark) [YG occupancy: 5936 K (18432 K)]2020-10-29T10:26:32.318+0000: [Rescan (parallel) , 0.0049848 secs]2020-10-29T10:26:32.323+0000: [weak refs processing, 0.0000257 secs]2020-10-29T10:26:32.323+0000: [class unloading, 0.0076336 secs]2020-10-29T10:26:32.331+0000: [scrub symbol table, 0.0089502 secs]2020-10-29T10:26:32.340+0000: [scrub string table, 0.0005583 secs][1 CMS-remark: 400138K(653428K)] 406075K(671860K), 0.0222414 secs] [Times: user=0.02 sys=0.00, real=0.02 secs] 
2020-10-29T10:26:32.344+0000: [CMS-concurrent-sweep-start]
2020-10-29T10:26:32.353+0000: [GC (Allocation Failure) 2020-10-29T10:26:32.353+0000: [ParNew: 16388K->4K(18432K), 0.0024194 secs] 416526K->400142K(671860K), 0.0024775 secs] [Times: user=0.00 sys=0.00, real=0.00 secs] 
2020-10-29T10:26:32.361+0000: [CMS-concurrent-sweep: 0.015/0.017 secs] [Times: user=0.03 sys=0.00, real=0.01 secs] 
2020-10-29T10:26:32.361+0000: [CMS-concurrent-reset-start]
2020-10-29T10:26:32.371+0000: [CMS-concurrent-reset: 0.010/0.010 secs] [Times: user=0.02 sys=0.00, real=0.02 secs] 
2020-10-29T10:26:32.378+0000: [GC (Allocation Failure) 2020-10-29T10:26:32.378+0000: [ParNew: 16388K->4K(18432K), 0.0025078 secs] 416526K->400142K(685332K), 0.0025463 secs] [Times: user=0.01 sys=0.01, real=0.00 secs] 
2020-10-29T10:26:32.390+0000: [GC (Allocation Failure) 2020-10-29T10:26:32.390+0000: [ParNew: 8827K->4K(18432K), 0.0023362 secs] 408966K->400142K(685332K), 0.0023729 secs] [Times: user=0.01 sys=0.00, real=0.00 secs] 
2020-10-29T10:26:32.402+0000: [GC (Allocation Failure) 2020-10-29T10:26:32.402+0000: [ParNew: 16388K->4K(18432K), 0.0031004 secs] 416526K->408334K(685332K), 0.0031400 secs] [Times: user=0.01 sys=0.00, real=0.00 secs] 
2020-10-29T10:26:32.406+0000: [GC (CMS Initial Mark) [1 CMS-initial-mark: 408330K(666900K)] 408660K(685332K), 0.0011772 secs] [Times: user=0.00 sys=0.00, real=0.00 secs] 
2020-10-29T10:26:32.407+0000: [CMS-concurrent-mark-start]
2020-10-29T10:26:32.427+0000: [GC (Allocation Failure) 2020-10-29T10:26:32.427+0000: [ParNew: 16388K->4K(18432K), 0.0022496 secs] 424718K->408334K(685332K), 0.0022922 secs] [Times: user=0.01 sys=0.00, real=0.00 secs] 
2020-10-29T10:26:32.450+0000: [GC (Allocation Failure) 2020-10-29T10:26:32.450+0000: [ParNew: 16388K->4K(18432K), 0.0023677 secs] 424718K->408334K(685332K), 0.0024141 secs] [Times: user=0.00 sys=0.00, real=0.01 secs] 
2020-10-29T10:26:32.470+0000: [GC (Allocation Failure) 2020-10-29T10:26:32.470+0000: [ParNew: 16388K->4K(18432K), 0.0022098 secs] 424718K->408334K(685332K), 0.0022601 secs] [Times: user=0.01 sys=0.00, real=0.01 secs] 
2020-10-29T10:26:32.492+0000: [GC (Allocation Failure) 2020-10-29T10:26:32.492+0000: [ParNew: 16388K->4K(18432K), 0.0024582 secs] 424718K->408334K(685332K), 0.0025067 secs] [Times: user=0.00 sys=0.00, real=0.00 secs] 
2020-10-29T10:26:32.498+0000: [CMS-concurrent-mark: 0.073/0.090 secs] [Times: user=0.17 sys=0.00, real=0.09 secs] 
2020-10-29T10:26:32.498+0000: [CMS-concurrent-preclean-start]
2020-10-29T10:26:32.508+0000: [CMS-concurrent-preclean: 0.010/0.010 secs] [Times: user=0.02 sys=0.00, real=0.01 secs] 
2020-10-29T10:26:32.508+0000: [CMS-concurrent-abortable-preclean-start]
2020-10-29T10:26:32.514+0000: [GC (Allocation Failure) 2020-10-29T10:26:32.514+0000: [ParNew: 16388K->4K(18432K), 0.0021262 secs] 424718K->408334K(685332K), 0.0021645 secs] [Times: user=0.00 sys=0.00, real=0.00 secs] 
2020-10-29T10:26:32.517+0000: [CMS-concurrent-abortable-preclean: 0.002/0.008 secs] [Times: user=0.02 sys=0.00, real=0.01 secs] 
2020-10-29T10:26:32.517+0000: [GC (CMS Final Remark) [YG occupancy: 189 K (18432 K)]2020-10-29T10:26:32.517+0000: [Rescan (parallel) , 0.0014144 secs]2020-10-29T10:26:32.518+0000: [weak refs processing, 0.0000253 secs]2020-10-29T10:26:32.518+0000: [class unloading, 0.0076236 secs]2020-10-29T10:26:32.526+0000: [scrub symbol table, 0.0090101 secs]2020-10-29T10:26:32.535+0000: [scrub string table, 0.0005496 secs][1 CMS-remark: 408330K(666900K)] 408520K(685332K), 0.0187146 secs] [Times: user=0.02 sys=0.00, real=0.02 secs] 
2020-10-29T10:26:32.542+0000: [CMS-concurrent-sweep-start]
2020-10-29T10:26:32.558+0000: [GC (Allocation Failure) 2020-10-29T10:26:32.558+0000: [ParNew: 16388K->15K(18432K), 0.0063638 secs] 424718K->408346K(685332K), 0.0064094 secs] [Times: user=0.01 sys=0.00, real=0.01 secs] 
2020-10-29T10:26:32.577+0000: [CMS-concurrent-sweep: 0.025/0.035 secs] [Times: user=0.05 sys=0.00, real=0.03 secs] 
2020-10-29T10:26:32.577+0000: [CMS-concurrent-reset-start]
2020-10-29T10:26:32.579+0000: [CMS-concurrent-reset: 0.002/0.002 secs] [Times: user=0.01 sys=0.00, real=0.00 secs] 
2020-10-29T10:26:32.590+0000: [GC (Allocation Failure) 2020-10-29T10:26:32.590+0000: [ParNew: 16399K->7K(18432K), 0.0025342 secs] 424729K->408337K(698984K), 0.0025736 secs] [Times: user=0.01 sys=0.00, real=0.00 secs] 
2020-10-29T10:26:32.610+0000: [GC (Allocation Failure) 2020-10-29T10:26:32.610+0000: [ParNew: 16391K->6K(18432K), 0.0024198 secs] 424721K->408336K(698984K), 0.0024652 secs] [Times: user=0.00 sys=0.00, real=0.00 secs] 
2020-10-29T10:26:32.630+0000: [GC (Allocation Failure) 2020-10-29T10:26:32.630+0000: [ParNew: 16390K->6K(18432K), 0.0022133 secs] 424720K->408336K(698984K), 0.0022538 secs] [Times: user=0.01 sys=0.00, real=0.01 secs] 
2020-10-29T10:26:32.647+0000: [GC (Allocation Failure) 2020-10-29T10:26:32.647+0000: [ParNew: 16390K->6K(18432K), 0.0037830 secs] 424720K->408336K(698984K), 0.0038233 secs] [Times: user=0.00 sys=0.00, real=0.01 secs] 
2020-10-29T10:26:32.666+0000: [GC (Allocation Failure) 2020-10-29T10:26:32.666+0000: [ParNew: 16390K->6K(18432K), 0.0025314 secs] 424720K->408336K(698984K), 0.0025814 secs] [Times: user=0.00 sys=0.00, real=0.00 secs] 
2020-10-29T10:26:32.699+0000: [GC (Allocation Failure) 2020-10-29T10:26:32.699+0000: [ParNew: 16390K->322K(18432K), 0.0028549 secs] 424720K->408654K(698984K), 0.0029092 secs] [Times: user=0.00 sys=0.00, real=0.01 secs] 
2020-10-29T10:26:32.719+0000: [GC (Allocation Failure) 2020-10-29T10:26:32.719+0000: [ParNew: 16706K->275K(18432K), 0.0028634 secs] 425038K->408608K(698984K), 0.0029196 secs] [Times: user=0.01 sys=0.00, real=0.00 secs] 
2020-10-29T10:26:32.741+0000: [GC (Allocation Failure) 2020-10-29T10:26:32.741+0000: [ParNew: 16659K->311K(18432K), 0.0028716 secs] 424992K->408644K(698984K), 0.0029238 secs] [Times: user=0.00 sys=0.00, real=0.01 secs] 
2020-10-29T10:26:32.762+0000: [GC (Allocation Failure) 2020-10-29T10:26:32.762+0000: [ParNew: 16695K->427K(18432K), 0.0029272 secs] 441412K->425144K(698984K), 0.0029795 secs] [Times: user=0.00 sys=0.00, real=0.00 secs] 
2020-10-29T10:26:32.789+0000: [GC (Allocation Failure) 2020-10-29T10:26:32.789+0000: [ParNew: 16811K->535K(18432K), 0.0029167 secs] 441528K->425252K(698984K), 0.0029656 secs] [Times: user=0.01 sys=0.00, real=0.01 secs] 
2020-10-29T10:26:32.808+0000: [GC (Allocation Failure) 2020-10-29T10:26:32.808+0000: [ParNew: 16919K->425K(18432K), 0.0027012 secs] 441636K->425142K(698984K), 0.0027381 secs] [Times: user=0.00 sys=0.00, real=0.01 secs] 
2020-10-29T10:26:32.825+0000: [GC (Allocation Failure) 2020-10-29T10:26:32.825+0000: [ParNew: 16809K->257K(18432K), 0.0029786 secs] 441526K->425199K(698984K), 0.0030210 secs] [Times: user=0.01 sys=0.00, real=0.00 secs] 
2020-10-29T10:26:32.843+0000: [GC (Allocation Failure) 2020-10-29T10:26:32.843+0000: [ParNew: 16641K->79K(18432K), 0.0027376 secs] 441583K->425023K(698984K), 0.0027838 secs] [Times: user=0.00 sys=0.00, real=0.00 secs] 
2020-10-29T10:26:32.860+0000: [GC (Allocation Failure) 2020-10-29T10:26:32.861+0000: [ParNew: 16463K->69K(18432K), 0.0025276 secs] 441407K->425015K(698984K), 0.0025691 secs] [Times: user=0.01 sys=0.00, real=0.01 secs] 
2020-10-29T10:26:32.878+0000: [GC (Allocation Failure) 2020-10-29T10:26:32.878+0000: [ParNew: 16453K->56K(18432K), 0.0025070 secs] 441399K->425034K(698984K), 0.0025537 secs] [Times: user=0.00 sys=0.00, real=0.00 secs] 
2020-10-29T10:26:32.895+0000: [GC (Allocation Failure) 2020-10-29T10:26:32.895+0000: [ParNew: 16440K->24K(18432K), 0.0024510 secs] 441418K->425026K(698984K), 0.0025039 secs] [Times: user=0.01 sys=0.00, real=0.00 secs] 
2020-10-29T10:26:32.912+0000: [GC (Allocation Failure) 2020-10-29T10:26:32.912+0000: [ParNew: 16408K->6K(18432K), 0.0022183 secs] 441410K->425009K(698984K), 0.0022560 secs] [Times: user=0.01 sys=0.00, real=0.00 secs] 
2020-10-29T10:26:32.929+0000: [GC (Allocation Failure) 2020-10-29T10:26:32.929+0000: [ParNew: 16390K->4K(18432K), 0.0022635 secs] 441393K->425006K(698984K), 0.0023031 secs] [Times: user=0.01 sys=0.00, real=0.01 secs] 
2020-10-29T10:26:32.942+0000: [GC (Allocation Failure) 2020-10-29T10:26:32.942+0000: [ParNew: 10942K->4K(18432K), 0.0021310 secs] 435944K->425006K(698984K), 0.0021656 secs] [Times: user=0.00 sys=0.00, real=0.00 secs] 
2020-10-29T10:26:32.952+0000: [GC (Allocation Failure) 2020-10-29T10:26:32.952+0000: [ParNew: 16388K->4K(18432K), 0.0028302 secs] 441390K->433198K(698984K), 0.0028728 secs] [Times: user=0.01 sys=0.00, real=0.00 secs] 
2020-10-29T10:26:32.970+0000: [GC (Allocation Failure) 2020-10-29T10:26:32.970+0000: [ParNew: 16388K->4K(18432K), 0.0020944 secs] 449582K->433198K(698984K), 0.0021301 secs] [Times: user=0.00 sys=0.00, real=0.01 secs] 
2020-10-29T10:26:32.990+0000: [GC (Allocation Failure) 2020-10-29T10:26:32.990+0000: [ParNew: 16388K->4K(18432K), 0.0021025 secs] 449582K->433198K(698984K), 0.0021405 secs] [Times: user=0.00 sys=0.00, real=0.00 secs] 
2020-10-29T10:26:33.007+0000: [GC (Allocation Failure) 2020-10-29T10:26:33.007+0000: [ParNew: 16388K->4K(18432K), 0.0022812 secs] 449582K->433198K(698984K), 0.0023221 secs] [Times: user=0.00 sys=0.00, real=0.00 secs] 
2020-10-29T10:26:33.024+0000: [GC (Allocation Failure) 2020-10-29T10:26:33.024+0000: [ParNew: 16388K->4K(18432K), 0.0026088 secs] 449582K->433198K(698984K), 0.0026626 secs] [Times: user=0.00 sys=0.00, real=0.00 secs] 
2020-10-29T10:26:33.046+0000: [GC (Allocation Failure) 2020-10-29T10:26:33.046+0000: [ParNew: 16388K->4K(18432K), 0.0024010 secs] 449582K->433198K(698984K), 0.0024434 secs] [Times: user=0.00 sys=0.00, real=0.00 secs] 
2020-10-29T10:26:33.064+0000: [GC (Allocation Failure) 2020-10-29T10:26:33.064+0000: [ParNew: 16388K->4K(18432K), 0.0024509 secs] 449582K->433199K(698984K), 0.0024913 secs] [Times: user=0.01 sys=0.01, real=0.00 secs] 
2020-10-29T10:26:33.082+0000: [GC (Allocation Failure) 2020-10-29T10:26:33.082+0000: [ParNew: 16388K->4K(18432K), 0.0022560 secs] 449583K->433199K(698984K), 0.0022977 secs] [Times: user=0.00 sys=0.00, real=0.01 secs] 
2020-10-29T10:26:33.099+0000: [GC (Allocation Failure) 2020-10-29T10:26:33.099+0000: [ParNew: 16388K->4K(18432K), 0.0024335 secs] 449583K->433199K(698984K), 0.0024816 secs] [Times: user=0.01 sys=0.00, real=0.00 secs] 
2020-10-29T10:26:33.116+0000: [GC (Allocation Failure) 2020-10-29T10:26:33.116+0000: [ParNew: 16388K->4K(18432K), 0.0025885 secs] 449583K->433199K(698984K), 0.0026414 secs] [Times: user=0.00 sys=0.00, real=0.00 secs] 
2020-10-29T10:26:33.138+0000: [GC (Allocation Failure) 2020-10-29T10:26:33.138+0000: [ParNew: 16388K->4K(18432K), 0.0025466 secs] 449583K->433199K(698984K), 0.0025997 secs] [Times: user=0.01 sys=0.00, real=0.00 secs] 
2020-10-29T10:26:33.155+0000: [GC (Allocation Failure) 2020-10-29T10:26:33.155+0000: [ParNew: 16388K->4K(18432K), 0.0024761 secs] 449583K->433199K(698984K), 0.0025243 secs] [Times: user=0.01 sys=0.00, real=0.00 secs] 
2020-10-29T10:26:33.174+0000: [GC (Allocation Failure) 2020-10-29T10:26:33.174+0000: [ParNew: 16388K->4K(18432K), 0.0024020 secs] 449583K->433199K(698984K), 0.0024482 secs] [Times: user=0.00 sys=0.00, real=0.00 secs] 
2020-10-29T10:26:33.194+0000: [GC (Allocation Failure) 2020-10-29T10:26:33.194+0000: [ParNew: 16388K->4K(18432K), 0.0023245 secs] 449583K->433199K(698984K), 0.0023695 secs] [Times: user=0.01 sys=0.00, real=0.00 secs] 
2020-10-29T10:26:33.212+0000: [GC (Allocation Failure) 2020-10-29T10:26:33.212+0000: [ParNew: 16388K->4K(18432K), 0.0023137 secs] 449583K->433199K(698984K), 0.0023578 secs] [Times: user=0.01 sys=0.00, real=0.00 secs] 
2020-10-29T10:26:33.230+0000: [GC (Allocation Failure) 2020-10-29T10:26:33.230+0000: [ParNew: 16388K->4K(18432K), 0.0022597 secs] 449583K->433199K(698984K), 0.0023022 secs] [Times: user=0.00 sys=0.00, real=0.00 secs] 
2020-10-29T10:26:33.250+0000: [GC (Allocation Failure) 2020-10-29T10:26:33.250+0000: [ParNew: 16388K->4K(18432K), 0.0021142 secs] 449583K->433199K(698984K), 0.0021535 secs] [Times: user=0.01 sys=0.00, real=0.00 secs] 
2020-10-29T10:26:33.270+0000: [GC (Allocation Failure) 2020-10-29T10:26:33.270+0000: [ParNew: 16388K->4K(18432K), 0.0021371 secs] 449583K->433199K(698984K), 0.0021767 secs] [Times: user=0.00 sys=0.00, real=0.00 secs] 
2020-10-29T10:26:33.290+0000: [GC (Allocation Failure) 2020-10-29T10:26:33.290+0000: [ParNew: 16388K->4K(18432K), 0.0021148 secs] 449583K->433199K(698984K), 0.0021538 secs] [Times: user=0.01 sys=0.00, real=0.00 secs] 
2020-10-29T10:26:33.307+0000: [GC (Allocation Failure) 2020-10-29T10:26:33.307+0000: [ParNew: 16388K->4K(18432K), 0.0022088 secs] 449583K->433199K(698984K), 0.0022488 secs] [Times: user=0.01 sys=0.00, real=0.00 secs] 
2020-10-29T10:26:33.324+0000: [GC (Allocation Failure) 2020-10-29T10:26:33.324+0000: [ParNew: 16388K->4K(18432K), 0.0023035 secs] 449583K->433199K(698984K), 0.0023445 secs] [Times: user=0.00 sys=0.00, real=0.00 secs] 
2020-10-29T10:26:33.342+0000: [GC (Allocation Failure) 2020-10-29T10:26:33.342+0000: [ParNew: 16388K->4K(18432K), 0.0022769 secs] 449583K->433199K(698984K), 0.0023175 secs] [Times: user=0.01 sys=0.00, real=0.00 secs] 
2020-10-29T10:26:33.360+0000: [GC (Allocation Failure) 2020-10-29T10:26:33.360+0000: [ParNew: 16388K->4K(18432K), 0.0023398 secs] 449583K->433199K(698984K), 0.0023901 secs] [Times: user=0.00 sys=0.00, real=0.00 secs] 
2020-10-29T10:26:33.376+0000: [GC (Allocation Failure) 2020-10-29T10:26:33.377+0000: [ParNew: 16388K->4K(18432K), 0.0024248 secs] 449583K->433199K(698984K), 0.0024745 secs] [Times: user=0.01 sys=0.00, real=0.00 secs] 
2020-10-29T10:26:33.394+0000: [GC (Allocation Failure) 2020-10-29T10:26:33.394+0000: [ParNew: 16388K->4K(18432K), 0.0023492 secs] 449583K->433199K(698984K), 0.0023912 secs] [Times: user=0.00 sys=0.00, real=0.00 secs] 
2020-10-29T10:26:33.412+0000: [GC (Allocation Failure) 2020-10-29T10:26:33.412+0000: [ParNew: 16388K->4K(18432K), 0.0025207 secs] 449583K->433199K(698984K), 0.0025723 secs] [Times: user=0.01 sys=0.00, real=0.00 secs] 
2020-10-29T10:26:33.430+0000: [GC (Allocation Failure) 2020-10-29T10:26:33.430+0000: [ParNew: 16388K->4K(18432K), 0.0024256 secs] 449583K->433199K(698984K), 0.0024676 secs] [Times: user=0.01 sys=0.00, real=0.00 secs] 
2020-10-29T10:26:33.450+0000: [GC (Allocation Failure) 2020-10-29T10:26:33.450+0000: [ParNew: 16388K->4K(18432K), 0.0023721 secs] 449583K->433199K(698984K), 0.0024132 secs] [Times: user=0.00 sys=0.00, real=0.00 secs] 
2020-10-29T10:26:33.470+0000: [GC (Allocation Failure) 2020-10-29T10:26:33.470+0000: [ParNew: 16388K->4K(18432K), 0.0023909 secs] 449583K->433199K(698984K), 0.0024334 secs] [Times: user=0.01 sys=0.00, real=0.00 secs] 
2020-10-29T10:26:33.482+0000: [GC (Allocation Failure) 2020-10-29T10:26:33.482+0000: [ParNew: 16388K->4K(18432K), 0.0029351 secs] 449583K->441391K(698984K), 0.0029752 secs] [Times: user=0.01 sys=0.00, real=0.00 secs] 
2020-10-29T10:26:33.500+0000: [GC (Allocation Failure) 2020-10-29T10:26:33.500+0000: [ParNew: 16388K->4K(18432K), 0.0024163 secs] 457775K->441391K(698984K), 0.0024592 secs] [Times: user=0.00 sys=0.00, real=0.01 secs] 
2020-10-29T10:26:33.518+0000: [GC (Allocation Failure) 2020-10-29T10:26:33.518+0000: [ParNew: 16388K->4K(18432K), 0.0023809 secs] 457775K->441391K(698984K), 0.0024267 secs] [Times: user=0.01 sys=0.00, real=0.00 secs] 
2020-10-29T10:26:33.538+0000: [GC (Allocation Failure) 2020-10-29T10:26:33.538+0000: [ParNew: 16388K->4K(18432K), 0.0022605 secs] 457775K->441391K(698984K), 0.0022984 secs] [Times: user=0.00 sys=0.00, real=0.00 secs] 
2020-10-29T10:26:33.558+0000: [GC (Allocation Failure) 2020-10-29T10:26:33.558+0000: [ParNew: 16388K->4K(18432K), 0.0023887 secs] 457775K->441391K(698984K), 0.0024331 secs] [Times: user=0.00 sys=0.00, real=0.00 secs] 
2020-10-29T10:26:33.578+0000: [GC (Allocation Failure) 2020-10-29T10:26:33.578+0000: [ParNew: 16388K->4K(18432K), 0.0024021 secs] 457775K->441391K(698984K), 0.0024455 secs] [Times: user=0.00 sys=0.00, real=0.00 secs] 
2020-10-29T10:26:33.596+0000: [GC (Allocation Failure) 2020-10-29T10:26:33.596+0000: [ParNew: 16388K->4K(18432K), 0.0077333 secs] 457775K->441391K(698984K), 0.0077755 secs] [Times: user=0.01 sys=0.00, real=0.01 secs] 
2020-10-29T10:26:33.614+0000: [GC (Allocation Failure) 2020-10-29T10:26:33.614+0000: [ParNew: 16388K->4K(18432K), 0.0031680 secs] 457775K->449583K(698984K), 0.0032110 secs] [Times: user=0.00 sys=0.00, real=0.00 secs] 
2020-10-29T10:26:33.632+0000: [GC (Allocation Failure) 2020-10-29T10:26:33.632+0000: [ParNew: 16388K->4K(18432K), 0.0024703 secs] 465967K->449583K(698984K), 0.0025195 secs] [Times: user=0.01 sys=0.00, real=0.00 secs] 
2020-10-29T10:26:33.650+0000: [GC (Allocation Failure) 2020-10-29T10:26:33.650+0000: [ParNew: 16388K->4K(18432K), 0.0023963 secs] 465967K->449583K(698984K), 0.0024517 secs] [Times: user=0.01 sys=0.00, real=0.00 secs] 
2020-10-29T10:26:33.667+0000: [GC (Allocation Failure) 2020-10-29T10:26:33.667+0000: [ParNew: 16388K->4K(18432K), 0.0023493 secs] 465967K->449583K(698984K), 0.0023930 secs] [Times: user=0.00 sys=0.00, real=0.00 secs] 
2020-10-29T10:26:33.685+0000: [GC (Allocation Failure) 2020-10-29T10:26:33.685+0000: [ParNew: 16388K->4K(18432K), 0.0023547 secs] 465967K->449583K(698984K), 0.0023980 secs] [Times: user=0.01 sys=0.00, real=0.00 secs] 
2020-10-29T10:26:33.702+0000: [GC (Allocation Failure) 2020-10-29T10:26:33.702+0000: [ParNew: 16388K->4K(18432K), 0.0023688 secs] 465967K->449583K(698984K), 0.0024122 secs] [Times: user=0.00 sys=0.00, real=0.01 secs] 
2020-10-29T10:26:33.719+0000: [GC (Allocation Failure) 2020-10-29T10:26:33.719+0000: [ParNew: 16388K->4K(18432K), 0.0023636 secs] 465967K->449583K(698984K), 0.0024079 secs] [Times: user=0.01 sys=0.00, real=0.00 secs] 
2020-10-29T10:26:33.736+0000: [GC (Allocation Failure) 2020-10-29T10:26:33.736+0000: [ParNew: 16388K->4K(18432K), 0.0024238 secs] 465967K->449583K(698984K), 0.0024689 secs] [Times: user=0.00 sys=0.00, real=0.00 secs] 
2020-10-29T10:26:33.754+0000: [GC (Allocation Failure) 2020-10-29T10:26:33.754+0000: [ParNew: 16388K->4K(18432K), 0.0023717 secs] 465967K->449583K(698984K), 0.0024124 secs] [Times: user=0.00 sys=0.00, real=0.00 secs] 
2020-10-29T10:26:33.771+0000: [GC (Allocation Failure) 2020-10-29T10:26:33.772+0000: [ParNew: 16388K->4K(18432K), 0.0023848 secs] 465967K->449583K(698984K), 0.0024440 secs] [Times: user=0.01 sys=0.00, real=0.00 secs] 
2020-10-29T10:26:33.789+0000: [GC (Allocation Failure) 2020-10-29T10:26:33.789+0000: [ParNew: 16388K->4K(18432K), 0.0025109 secs] 465967K->449583K(698984K), 0.0025549 secs] [Times: user=0.00 sys=0.00, real=0.01 secs] 
2020-10-29T10:26:33.806+0000: [GC (Allocation Failure) 2020-10-29T10:26:33.806+0000: [ParNew: 16388K->4K(18432K), 0.0024401 secs] 465967K->449583K(698984K), 0.0024878 secs] [Times: user=0.01 sys=0.00, real=0.00 secs] 
2020-10-29T10:26:33.826+0000: [GC (Allocation Failure) 2020-10-29T10:26:33.826+0000: [ParNew: 16388K->4K(18432K), 0.0024781 secs] 465967K->449583K(698984K), 0.0025263 secs] [Times: user=0.01 sys=0.00, real=0.00 secs] 
2020-10-29T10:26:33.846+0000: [GC (Allocation Failure) 2020-10-29T10:26:33.846+0000: [ParNew: 16388K->4K(18432K), 0.0024496 secs] 465967K->449583K(698984K), 0.0024937 secs] [Times: user=0.00 sys=0.00, real=0.00 secs] 
2020-10-29T10:26:33.864+0000: [GC (Allocation Failure) 2020-10-29T10:26:33.864+0000: [ParNew: 16388K->4K(18432K), 0.0023868 secs] 465967K->449583K(698984K), 0.0024303 secs] [Times: user=0.00 sys=0.00, real=0.00 secs] 
2020-10-29T10:26:33.882+0000: [GC (Allocation Failure) 2020-10-29T10:26:33.882+0000: [ParNew: 16388K->4K(18432K), 0.0024631 secs] 465967K->449583K(698984K), 0.0025112 secs] [Times: user=0.01 sys=0.00, real=0.00 secs] 
2020-10-29T10:26:33.900+0000: [GC (Allocation Failure) 2020-10-29T10:26:33.900+0000: [ParNew: 16388K->4K(18432K), 0.0024260 secs] 465967K->449583K(698984K), 0.0024689 secs] [Times: user=0.01 sys=0.00, real=0.00 secs] 
2020-10-29T10:26:33.918+0000: [GC (Allocation Failure) 2020-10-29T10:26:33.918+0000: [ParNew: 16388K->4K(18432K), 0.0022672 secs] 465967K->449583K(698984K), 0.0023052 secs] [Times: user=0.00 sys=0.00, real=0.00 secs] 
2020-10-29T10:26:33.935+0000: [GC (Allocation Failure) 2020-10-29T10:26:33.935+0000: [ParNew: 16388K->4K(18432K), 0.0021988 secs] 465967K->449583K(698984K), 0.0022351 secs] [Times: user=0.00 sys=0.00, real=0.00 secs] 
2020-10-29T10:26:33.952+0000: [GC (Allocation Failure) 2020-10-29T10:26:33.952+0000: [ParNew: 16388K->4K(18432K), 0.0032122 secs] 465967K->449583K(698984K), 0.0032518 secs] [Times: user=0.01 sys=0.00, real=0.00 secs] 
2020-10-29T10:26:33.970+0000: [GC (Allocation Failure) 2020-10-29T10:26:33.970+0000: [ParNew: 16388K->4K(18432K), 0.0022980 secs] 465967K->449583K(698984K), 0.0023376 secs] [Times: user=0.00 sys=0.00, real=0.01 secs] 
2020-10-29T10:26:33.990+0000: [GC (Allocation Failure) 2020-10-29T10:26:33.990+0000: [ParNew: 16388K->4K(18432K), 0.0023602 secs] 465967K->449583K(698984K), 0.0024143 secs] [Times: user=0.00 sys=0.00, real=0.00 secs] 
2020-10-29T10:26:34.010+0000: [GC (Allocation Failure) 2020-10-29T10:26:34.010+0000: [ParNew: 16388K->4K(18432K), 0.0023590 secs] 465967K->449583K(698984K), 0.0024044 secs] [Times: user=0.01 sys=0.00, real=0.00 secs] 
2020-10-29T10:26:34.030+0000: [GC (Allocation Failure) 2020-10-29T10:26:34.030+0000: [ParNew: 16388K->4K(18432K), 0.0022296 secs] 465967K->449583K(698984K), 0.0022696 secs] [Times: user=0.00 sys=0.01, real=0.00 secs] 
2020-10-29T10:26:34.046+0000: [GC (Allocation Failure) 2020-10-29T10:26:34.046+0000: [ParNew: 10971K->4K(18432K), 0.0018591 secs] 460550K->449583K(698984K), 0.0018956 secs] [Times: user=0.00 sys=0.00, real=0.00 secs] 
2020-10-29T10:26:34.056+0000: [GC (Allocation Failure) 2020-10-29T10:26:34.056+0000: [ParNew: 16388K->4K(18432K), 0.0076864 secs] 465967K->457775K(698984K), 0.0077229 secs] [Times: user=0.01 sys=0.00, real=0.01 secs] 
2020-10-29T10:26:34.082+0000: [GC (Allocation Failure) 2020-10-29T10:26:34.082+0000: [ParNew: 16388K->4K(18432K), 0.0021125 secs] 474159K->457775K(698984K), 0.0021495 secs] [Times: user=0.00 sys=0.00, real=0.00 secs] 
2020-10-29T10:26:34.101+0000: [GC (Allocation Failure) 2020-10-29T10:26:34.101+0000: [ParNew: 16388K->4K(18432K), 0.0022387 secs] 474159K->457775K(698984K), 0.0022851 secs] [Times: user=0.00 sys=0.00, real=0.01 secs] 
2020-10-29T10:26:34.118+0000: [GC (Allocation Failure) 2020-10-29T10:26:34.118+0000: [ParNew: 16388K->4K(18432K), 0.0022417 secs] 474159K->457775K(698984K), 0.0022809 secs] [Times: user=0.00 sys=0.00, real=0.00 secs] 
2020-10-29T10:26:34.135+0000: [GC (Allocation Failure) 2020-10-29T10:26:34.135+0000: [ParNew: 16388K->4K(18432K), 0.0021654 secs] 474159K->457775K(698984K), 0.0022013 secs] [Times: user=0.01 sys=0.00, real=0.00 secs] 
2020-10-29T10:26:34.152+0000: [GC (Allocation Failure) 2020-10-29T10:26:34.152+0000: [ParNew: 16388K->4K(18432K), 0.0020731 secs] 474159K->457775K(698984K), 0.0021100 secs] [Times: user=0.00 sys=0.00, real=0.00 secs] 
2020-10-29T10:26:34.169+0000: [GC (Allocation Failure) 2020-10-29T10:26:34.169+0000: [ParNew: 16388K->4K(18432K), 0.0020806 secs] 474159K->457775K(698984K), 0.0021180 secs] [Times: user=0.00 sys=0.00, real=0.01 secs] 
2020-10-29T10:26:34.186+0000: [GC (Allocation Failure) 2020-10-29T10:26:34.186+0000: [ParNew: 16388K->4K(18432K), 0.0022345 secs] 474159K->457775K(698984K), 0.0022821 secs] [Times: user=0.01 sys=0.00, real=0.00 secs] 
2020-10-29T10:26:34.206+0000: [GC (Allocation Failure) 2020-10-29T10:26:34.206+0000: [ParNew: 16388K->4K(18432K), 0.0024139 secs] 474159K->457775K(698984K), 0.0024620 secs] [Times: user=0.00 sys=0.00, real=0.00 secs] 
2020-10-29T10:26:34.226+0000: [GC (Allocation Failure) 2020-10-29T10:26:34.226+0000: [ParNew: 16388K->4K(18432K), 0.0021635 secs] 474159K->457775K(698984K), 0.0022036 secs] [Times: user=0.01 sys=0.00, real=0.00 secs] 
2020-10-29T10:26:34.246+0000: [GC (Allocation Failure) 2020-10-29T10:26:34.246+0000: [ParNew: 16158K->14K(18432K), 0.0024963 secs] 473929K->457785K(698984K), 0.0025399 secs] [Times: user=0.00 sys=0.00, real=0.00 secs] 
2020-10-29T10:26:34.278+0000: [GC (Allocation Failure) 2020-10-29T10:26:34.278+0000: [ParNew: 16398K->1162K(18432K), 0.0027296 secs] 474169K->458933K(698984K), 0.0027785 secs] [Times: user=0.01 sys=0.00, real=0.00 secs] 
2020-10-29T10:26:34.310+0000: [GC (Allocation Failure) 2020-10-29T10:26:34.310+0000: [ParNew: 17546K->7K(18432K), 0.0027765 secs] 475317K->458907K(698984K), 0.0028267 secs] [Times: user=0.00 sys=0.00, real=0.00 secs] 
2020-10-29T10:26:34.342+0000: [GC (Allocation Failure) 2020-10-29T10:26:34.342+0000: [ParNew: 16391K->4K(18432K), 0.0025193 secs] 475291K->458903K(698984K), 0.0025732 secs] [Times: user=0.00 sys=0.00, real=0.00 secs] 
2020-10-29T10:26:34.372+0000: [GC (Allocation Failure) 2020-10-29T10:26:34.372+0000: [ParNew: 16388K->4K(18432K), 0.0025002 secs] 475287K->458903K(698984K), 0.0025491 secs] [Times: user=0.00 sys=0.00, real=0.00 secs] 
2020-10-29T10:26:34.406+0000: [GC (Allocation Failure) 2020-10-29T10:26:34.406+0000: [ParNew: 16388K->4K(18432K), 0.0024302 secs] 475287K->458903K(698984K), 0.0024704 secs] [Times: user=0.00 sys=0.00, real=0.00 secs] 
2020-10-29T10:26:34.438+0000: [GC (Allocation Failure) 2020-10-29T10:26:34.438+0000: [ParNew: 16388K->4K(18432K), 0.0023504 secs] 475287K->458903K(698984K), 0.0023951 secs] [Times: user=0.01 sys=0.00, real=0.00 secs] 
2020-10-29T10:26:34.475+0000: [GC (Allocation Failure) 2020-10-29T10:26:34.475+0000: [ParNew: 16388K->2K(18432K), 0.0041780 secs] 475287K->458901K(698984K), 0.0042307 secs] [Times: user=0.01 sys=0.00, real=0.00 secs] 
2020-10-29T10:26:34.510+0000: [GC (Allocation Failure) 2020-10-29T10:26:34.510+0000: [ParNew: 16386K->4K(18432K), 0.0025222 secs] 475285K->458903K(698984K), 0.0025744 secs] [Times: user=0.01 sys=0.00, real=0.01 secs] 
2020-10-29T10:26:34.542+0000: [GC (Allocation Failure) 2020-10-29T10:26:34.542+0000: [ParNew: 16388K->4K(18432K), 0.0025062 secs] 475287K->458903K(698984K), 0.0025572 secs] [Times: user=0.00 sys=0.00, real=0.00 secs] 
2020-10-29T10:26:34.578+0000: [GC (Allocation Failure) 2020-10-29T10:26:34.578+0000: [ParNew: 16388K->4K(18432K), 0.0025361 secs] 475287K->458903K(698984K), 0.0025839 secs] [Times: user=0.00 sys=0.00, real=0.00 secs] 
2020-10-29T10:26:34.610+0000: [GC (Allocation Failure) 2020-10-29T10:26:34.610+0000: [ParNew: 16388K->4K(18432K), 0.0025025 secs] 475287K->458903K(698984K), 0.0025543 secs] [Times: user=0.00 sys=0.00, real=0.00 secs] 
2020-10-29T10:26:34.641+0000: [GC (Allocation Failure) 2020-10-29T10:26:34.641+0000: [ParNew: 16388K->4K(18432K), 0.0024984 secs] 475287K->458903K(698984K), 0.0025491 secs] [Times: user=0.00 sys=0.00, real=0.01 secs] 
2020-10-29T10:26:34.672+0000: [GC (Allocation Failure) 2020-10-29T10:26:34.672+0000: [ParNew: 16388K->4K(18432K), 0.0024957 secs] 475287K->458903K(698984K), 0.0025442 secs] [Times: user=0.00 sys=0.00, real=0.00 secs] 
2020-10-29T10:26:34.706+0000: [GC (Allocation Failure) 2020-10-29T10:26:34.706+0000: [ParNew: 16388K->4K(18432K), 0.0024266 secs] 475287K->458903K(698984K), 0.0024734 secs] [Times: user=0.01 sys=0.00, real=0.00 secs] 
2020-10-29T10:26:34.747+0000: [GC (Allocation Failure) 2020-10-29T10:26:34.747+0000: [ParNew: 16388K->4K(18432K), 0.0025322 secs] 475287K->458903K(698984K), 0.0025858 secs] [Times: user=0.01 sys=0.00, real=0.00 secs] 
2020-10-29T10:26:34.777+0000: [GC (Allocation Failure) 2020-10-29T10:26:34.777+0000: [ParNew: 16388K->2K(18432K), 0.0050054 secs] 475287K->458901K(698984K), 0.0050584 secs] [Times: user=0.01 sys=0.00, real=0.00 secs] 
2020-10-29T10:26:34.811+0000: [GC (Allocation Failure) 2020-10-29T10:26:34.811+0000: [ParNew: 16386K->4K(18432K), 0.0025352 secs] 475285K->458903K(698984K), 0.0025952 secs] [Times: user=0.00 sys=0.00, real=0.00 secs] 
2020-10-29T10:26:34.842+0000: [GC (Allocation Failure) 2020-10-29T10:26:34.842+0000: [ParNew: 16388K->4K(18432K), 0.0025156 secs] 475287K->458903K(698984K), 0.0025682 secs] [Times: user=0.00 sys=0.00, real=0.01 secs] 
2020-10-29T10:26:34.899+0000: [GC (Allocation Failure) 2020-10-29T10:26:34.899+0000: [ParNew: 16388K->4K(18432K), 0.0025229 secs] 475287K->458903K(698984K), 0.0025765 secs] [Times: user=0.01 sys=0.00, real=0.00 secs] 
2020-10-29T10:26:34.931+0000: [GC (Allocation Failure) 2020-10-29T10:26:34.931+0000: [ParNew: 16388K->4K(18432K), 0.0051156 secs] 475287K->458903K(698984K), 0.0051759 secs] [Times: user=0.01 sys=0.00, real=0.00 secs] 
2020-10-29T10:26:34.975+0000: [GC (Allocation Failure) 2020-10-29T10:26:34.975+0000: [ParNew: 16388K->4K(18432K), 0.0024969 secs] 475287K->458903K(698984K), 0.0025464 secs] [Times: user=0.01 sys=0.00, real=0.00 secs] 
2020-10-29T10:26:35.010+0000: [GC (Allocation Failure) 2020-10-29T10:26:35.010+0000: [ParNew: 16388K->4K(18432K), 0.0024698 secs] 475287K->458903K(698984K), 0.0025193 secs] [Times: user=0.00 sys=0.00, real=0.01 secs] 
2020-10-29T10:26:35.050+0000: [GC (Allocation Failure) 2020-10-29T10:26:35.050+0000: [ParNew: 11828K->4K(18432K), 0.0023744 secs] 470728K->458903K(698984K), 0.0024344 secs] [Times: user=0.00 sys=0.00, real=0.00 secs] 
2020-10-29T10:26:35.068+0000: [GC (Allocation Failure) 2020-10-29T10:26:35.068+0000: [ParNew: 16388K->4K(18432K), 0.0081745 secs] 475287K->467095K(698984K), 0.0082277 secs] [Times: user=0.02 sys=0.00, real=0.01 secs] 
2020-10-29T10:26:35.105+0000: [GC (Allocation Failure) 2020-10-29T10:26:35.105+0000: [ParNew: 16388K->4K(18432K), 0.0023924 secs] 483479K->467095K(698984K), 0.0024351 secs] [Times: user=0.01 sys=0.00, real=0.00 secs] 
2020-10-29T10:26:35.136+0000: [GC (Allocation Failure) 2020-10-29T10:26:35.136+0000: [ParNew: 16388K->4K(18432K), 0.0024829 secs] 483479K->467095K(698984K), 0.0025329 secs] [Times: user=0.01 sys=0.00, real=0.00 secs] 
2020-10-29T10:26:35.170+0000: [GC (Allocation Failure) 2020-10-29T10:26:35.170+0000: [ParNew: 16388K->4K(18432K), 0.0023933 secs] 483479K->467095K(698984K), 0.0024405 secs] [Times: user=0.00 sys=0.00, real=0.00 secs] 
2020-10-29T10:26:35.203+0000: [GC (Allocation Failure) 2020-10-29T10:26:35.203+0000: [ParNew: 16388K->4K(18432K), 0.0024752 secs] 483479K->467095K(698984K), 0.0025272 secs] [Times: user=0.01 sys=0.00, real=0.00 secs] 
2020-10-29T10:26:35.238+0000: [GC (Allocation Failure) 2020-10-29T10:26:35.238+0000: [ParNew: 16388K->4K(18432K), 0.0024133 secs] 483479K->467095K(698984K), 0.0024573 secs] [Times: user=0.01 sys=0.00, real=0.00 secs] 
2020-10-29T10:26:35.270+0000: [GC (Allocation Failure) 2020-10-29T10:26:35.270+0000: [ParNew: 16388K->4K(18432K), 0.0024395 secs] 483479K->467095K(698984K), 0.0024876 secs] [Times: user=0.01 sys=0.00, real=0.00 secs] 
2020-10-29T10:26:35.306+0000: [GC (Allocation Failure) 2020-10-29T10:26:35.306+0000: [ParNew: 16388K->4K(18432K), 0.0024620 secs] 483479K->467095K(698984K), 0.0025088 secs] [Times: user=0.00 sys=0.00, real=0.00 secs] 
2020-10-29T10:26:35.372+0000: [GC (Allocation Failure) 2020-10-29T10:26:35.372+0000: [ParNew: 16388K->4K(18432K), 0.0025242 secs] 483479K->467095K(698984K), 0.0025952 secs] [Times: user=0.01 sys=0.00, real=0.00 secs] 
2020-10-29T10:26:35.422+0000: [GC (Allocation Failure) 2020-10-29T10:26:35.422+0000: [ParNew: 16388K->4K(18432K), 0.0025237 secs] 483479K->467095K(698984K), 0.0025943 secs] [Times: user=0.01 sys=0.00, real=0.00 secs] 
2020-10-29T10:26:35.457+0000: [GC (Allocation Failure) 2020-10-29T10:26:35.457+0000: [ParNew: 16388K->4K(18432K), 0.0025461 secs] 483479K->467095K(698984K), 0.0026000 secs] [Times: user=0.01 sys=0.00, real=0.00 secs] 
2020-10-29T10:26:35.483+0000: [GC (Allocation Failure) 2020-10-29T10:26:35.483+0000: [ParNew: 16388K->4K(18432K), 0.0025009 secs] 483479K->467095K(698984K), 0.0025538 secs] [Times: user=0.00 sys=0.00, real=0.00 secs] 
2020-10-29T10:26:35.514+0000: [GC (Allocation Failure) 2020-10-29T10:26:35.514+0000: [ParNew: 16388K->4K(18432K), 0.0024888 secs] 483479K->467095K(698984K), 0.0025420 secs] [Times: user=0.00 sys=0.01, real=0.00 secs] 
2020-10-29T10:26:35.546+0000: [GC (Allocation Failure) 2020-10-29T10:26:35.546+0000: [ParNew: 16388K->4K(18432K), 0.0025290 secs] 483479K->467095K(698984K), 0.0025724 secs] [Times: user=0.01 sys=0.00, real=0.00 secs] 
2020-10-29T10:26:35.581+0000: [GC (Allocation Failure) 2020-10-29T10:26:35.581+0000: [ParNew: 16388K->2K(18432K), 0.0052174 secs] 483479K->467093K(698984K), 0.0052727 secs] [Times: user=0.01 sys=0.00, real=0.01 secs] 
2020-10-29T10:26:35.614+0000: [GC (Allocation Failure) 2020-10-29T10:26:35.615+0000: [ParNew: 16386K->4K(18432K), 0.0024814 secs] 483477K->467095K(698984K), 0.0025250 secs] [Times: user=0.00 sys=0.00, real=0.00 secs] 
2020-10-29T10:26:35.646+0000: [GC (GCLocker Initiated GC) 2020-10-29T10:26:35.646+0000: [ParNew: 16388K->4K(18432K), 0.0025005 secs] 483479K->467095K(698984K), 0.0025414 secs] [Times: user=0.01 sys=0.00, real=0.00 secs] 
2020-10-29T10:26:35.668+0000: [GC (Allocation Failure) 2020-10-29T10:26:35.668+0000: [ParNew: 10624K->6K(18432K), 0.0024337 secs] 477716K->467097K(698984K), 0.0024724 secs] [Times: user=0.01 sys=0.00, real=0.01 secs] 
2020-10-29T10:26:35.685+0000: [GC (Allocation Failure) 2020-10-29T10:26:35.685+0000: [ParNew: 16390K->4K(18432K), 0.0082539 secs] 483481K->475287K(698984K), 0.0082973 secs] [Times: user=0.02 sys=0.00, real=0.01 secs] 
2020-10-29T10:26:35.730+0000: [GC (Allocation Failure) 2020-10-29T10:26:35.730+0000: [ParNew: 16388K->4K(18432K), 0.0025086 secs] 491671K->475288K(698984K), 0.0025517 secs] [Times: user=0.00 sys=0.00, real=0.00 secs] 
2020-10-29T10:26:35.759+0000: [GC (GCLocker Initiated GC) 2020-10-29T10:26:35.759+0000: [ParNew: 16388K->4K(18432K), 0.0024873 secs] 491672K->475288K(698984K), 0.0025309 secs] [Times: user=0.00 sys=0.00, real=0.00 secs] 
2020-10-29T10:26:35.789+0000: [GC (Allocation Failure) 2020-10-29T10:26:35.789+0000: [ParNew: 16388K->4K(18432K), 0.0025092 secs] 491672K->475288K(698984K), 0.0025529 secs] [Times: user=0.01 sys=0.00, real=0.01 secs] 
2020-10-29T10:26:35.822+0000: [GC (Allocation Failure) 2020-10-29T10:26:35.822+0000: [ParNew: 16388K->4K(18432K), 0.0024893 secs] 491672K->475288K(698984K), 0.0025308 secs] [Times: user=0.01 sys=0.00, real=0.00 secs] 
2020-10-29T10:26:35.853+0000: [GC (Allocation Failure) 2020-10-29T10:26:35.853+0000: [ParNew: 16388K->4K(18432K), 0.0025250 secs] 491672K->475288K(698984K), 0.0025681 secs] [Times: user=0.00 sys=0.00, real=0.00 secs] 
2020-10-29T10:26:35.883+0000: [GC (Allocation Failure) 2020-10-29T10:26:35.883+0000: [ParNew: 16388K->4K(18432K), 0.0024533 secs] 491672K->475289K(698984K), 0.0024944 secs] [Times: user=0.00 sys=0.00, real=0.00 secs] 
2020-10-29T10:26:35.915+0000: [GC (Allocation Failure) 2020-10-29T10:26:35.915+0000: [ParNew: 16388K->4K(18432K), 0.0024746 secs] 491673K->475289K(698984K), 0.0025164 secs] [Times: user=0.00 sys=0.00, real=0.00 secs] 
2020-10-29T10:26:35.946+0000: [GC (Allocation Failure) 2020-10-29T10:26:35.946+0000: [ParNew: 16388K->4K(18432K), 0.0024845 secs] 491673K->475289K(698984K), 0.0025266 secs] [Times: user=0.00 sys=0.00, real=0.00 secs] 
2020-10-29T10:26:35.975+0000: [GC (Allocation Failure) 2020-10-29T10:26:35.975+0000: [ParNew: 16388K->4K(18432K), 0.0025074 secs] 491673K->475289K(698984K), 0.0025584 secs] [Times: user=0.01 sys=0.00, real=0.00 secs] 
2020-10-29T10:26:36.005+0000: [GC (Allocation Failure) 2020-10-29T10:26:36.005+0000: [ParNew: 16388K->4K(18432K), 0.0025156 secs] 491673K->475289K(698984K), 0.0025583 secs] [Times: user=0.00 sys=0.00, real=0.00 secs] 
2020-10-29T10:26:36.038+0000: [GC (Allocation Failure) 2020-10-29T10:26:36.038+0000: [ParNew: 16388K->4K(18432K), 0.0024789 secs] 491673K->475289K(698984K), 0.0025221 secs] [Times: user=0.00 sys=0.00, real=0.00 secs] 
2020-10-29T10:26:36.069+0000: [GC (Allocation Failure) 2020-10-29T10:26:36.069+0000: [ParNew: 16388K->4K(18432K), 0.0024889 secs] 491673K->475289K(698984K), 0.0025313 secs] [Times: user=0.01 sys=0.00, real=0.01 secs] 
2020-10-29T10:26:36.102+0000: [GC (Allocation Failure) 2020-10-29T10:26:36.102+0000: [ParNew: 16388K->4K(18432K), 0.0024917 secs] 491673K->475289K(698984K), 0.0025349 secs] [Times: user=0.00 sys=0.00, real=0.00 secs] 
2020-10-29T10:26:36.134+0000: [GC (Allocation Failure) 2020-10-29T10:26:36.134+0000: [ParNew: 16388K->4K(18432K), 0.0024969 secs] 491673K->475289K(698984K), 0.0025394 secs] [Times: user=0.01 sys=0.00, real=0.00 secs] 
2020-10-29T10:26:36.165+0000: [GC (Allocation Failure) 2020-10-29T10:26:36.165+0000: [ParNew: 16388K->4K(18432K), 0.0024988 secs] 491673K->475289K(698984K), 0.0025410 secs] [Times: user=0.01 sys=0.00, real=0.00 secs] 
2020-10-29T10:26:36.186+0000: [GC (Allocation Failure) 2020-10-29T10:26:36.186+0000: [ParNew: 16388K->4K(18432K), 0.0081439 secs] 491673K->483481K(698984K), 0.0081865 secs] [Times: user=0.01 sys=0.01, real=0.01 secs] 
2020-10-29T10:26:36.198+0000: [GC (CMS Initial Mark) [1 CMS-initial-mark: 483476K(680552K)] 483481K(698984K), 0.0013119 secs] [Times: user=0.01 sys=0.00, real=0.00 secs] 
2020-10-29T10:26:36.200+0000: [CMS-concurrent-mark-start]
2020-10-29T10:26:36.248+0000: [CMS-concurrent-mark: 0.048/0.048 secs] [Times: user=0.08 sys=0.00, real=0.05 secs] 
2020-10-29T10:26:36.248+0000: [CMS-concurrent-preclean-start]
2020-10-29T10:26:36.250+0000: [CMS-concurrent-preclean: 0.002/0.002 secs] [Times: user=0.01 sys=0.00, real=0.00 secs] 
2020-10-29T10:26:36.250+0000: [CMS-concurrent-abortable-preclean-start]
2020-10-29T10:26:36.258+0000: [GC (Allocation Failure) 2020-10-29T10:26:36.258+0000: [ParNew: 16388K->4K(18432K), 0.0023744 secs] 499865K->483481K(698984K), 0.0024124 secs] [Times: user=0.00 sys=0.00, real=0.00 secs] 
2020-10-29T10:26:36.290+0000: [GC (Allocation Failure) 2020-10-29T10:26:36.290+0000: [ParNew: 16388K->4K(18432K), 0.0024897 secs] 499865K->483481K(698984K), 0.0025335 secs] [Times: user=0.01 sys=0.00, real=0.00 secs] 
2020-10-29T10:26:36.322+0000: [GC (Allocation Failure) 2020-10-29T10:26:36.322+0000: [ParNew: 16388K->4K(18432K), 0.0024810 secs] 499865K->483481K(698984K), 0.0025238 secs] [Times: user=0.00 sys=0.00, real=0.00 secs] 
2020-10-29T10:26:36.352+0000: [GC (Allocation Failure) 2020-10-29T10:26:36.352+0000: [ParNew: 16388K->4K(18432K), 0.0024560 secs] 499865K->483481K(698984K), 0.0024986 secs] [Times: user=0.00 sys=0.00, real=0.00 secs] 
2020-10-29T10:26:36.383+0000: [GC (Allocation Failure) 2020-10-29T10:26:36.383+0000: [ParNew: 16388K->4K(18432K), 0.0024534 secs] 499865K->483481K(698984K), 0.0024949 secs] [Times: user=0.00 sys=0.00, real=0.00 secs] 
2020-10-29T10:26:36.421+0000: [GC (Allocation Failure) 2020-10-29T10:26:36.421+0000: [ParNew: 16388K->4K(18432K), 0.0024955 secs] 499865K->483481K(698984K), 0.0025382 secs] [Times: user=0.01 sys=0.00, real=0.01 secs] 
2020-10-29T10:26:36.453+0000: [GC (Allocation Failure) 2020-10-29T10:26:36.453+0000: [ParNew: 16388K->4K(18432K), 0.0020376 secs] 499865K->483481K(698984K), 0.0020798 secs] [Times: user=0.00 sys=0.00, real=0.00 secs] 
2020-10-29T10:26:36.455+0000: [CMS-concurrent-abortable-preclean: 0.010/0.205 secs] [Times: user=0.35 sys=0.03, real=0.21 secs] 
2020-10-29T10:26:36.459+0000: [GC (CMS Final Remark) [YG occupancy: 331 K (18432 K)]2020-10-29T10:26:36.459+0000: [Rescan (parallel) , 0.0014199 secs]2020-10-29T10:26:36.460+0000: [weak refs processing, 0.0000256 secs]2020-10-29T10:26:36.460+0000: [class unloading, 0.0077652 secs]2020-10-29T10:26:36.468+0000: [scrub symbol table, 0.0090293 secs]2020-10-29T10:26:36.477+0000: [scrub string table, 0.0005553 secs][1 CMS-remark: 483477K(680552K)] 483808K(698984K), 0.0188910 secs] [Times: user=0.02 sys=0.00, real=0.02 secs] 
2020-10-29T10:26:36.478+0000: [CMS-concurrent-sweep-start]
2020-10-29T10:26:36.488+0000: [CMS-concurrent-sweep: 0.010/0.010 secs] [Times: user=0.01 sys=0.00, real=0.01 secs] 
2020-10-29T10:26:36.488+0000: [CMS-concurrent-reset-start]
2020-10-29T10:26:36.490+0000: [CMS-concurrent-reset: 0.002/0.002 secs] [Times: user=0.00 sys=0.00, real=0.00 secs] 
2020-10-29T10:26:36.517+0000: [GC (Allocation Failure) 2020-10-29T10:26:36.517+0000: [ParNew: 16388K->4K(18432K), 0.0029025 secs] 499862K->483478K(824224K), 0.0029440 secs] [Times: user=0.00 sys=0.00, real=0.00 secs] 
2020-10-29T10:26:36.549+0000: [GC (Allocation Failure) 2020-10-29T10:26:36.549+0000: [ParNew: 16388K->4K(18432K), 0.0029477 secs] 499862K->483478K(824224K), 0.0029916 secs] [Times: user=0.01 sys=0.00, real=0.01 secs] 
2020-10-29T10:26:36.579+0000: [GC (GCLocker Initiated GC) 2020-10-29T10:26:36.579+0000: [ParNew: 16388K->4K(18432K), 0.0028580 secs] 499862K->483478K(824224K), 0.0029003 secs] [Times: user=0.01 sys=0.00, real=0.00 secs] 
2020-10-29T10:26:36.617+0000: [GC (Allocation Failure) 2020-10-29T10:26:36.617+0000: [ParNew: 16388K->4K(18432K), 0.0028801 secs] 499862K->483478K(824224K), 0.0029224 secs] [Times: user=0.00 sys=0.00, real=0.00 secs] 
2020-10-29T10:26:36.659+0000: [GC (Allocation Failure) 2020-10-29T10:26:36.659+0000: [ParNew: 16388K->4K(18432K), 0.0028745 secs] 499862K->483478K(824224K), 0.0029183 secs] [Times: user=0.01 sys=0.00, real=0.01 secs] 
2020-10-29T10:26:36.726+0000: [GC (Allocation Failure) 2020-10-29T10:26:36.726+0000: [ParNew: 16388K->88K(18432K), 0.0030689 secs] 565398K->549099K(824224K), 0.0031204 secs] [Times: user=0.00 sys=0.00, real=0.00 secs] 
2020-10-29T10:26:36.731+0000: [GC (CMS Initial Mark) [1 CMS-initial-mark: 549010K(805792K)] 549415K(824224K), 0.0012068 secs] [Times: user=0.00 sys=0.00, real=0.00 secs] 
2020-10-29T10:26:36.732+0000: [CMS-concurrent-mark-start]
2020-10-29T10:26:36.763+0000: [GC (Allocation Failure) 2020-10-29T10:26:36.763+0000: [ParNew: 16472K->71K(18432K), 0.0027505 secs] 565483K->549081K(824224K), 0.0028033 secs] [Times: user=0.00 sys=0.00, real=0.00 secs] 
2020-10-29T10:26:36.780+0000: [CMS-concurrent-mark: 0.045/0.048 secs] [Times: user=0.09 sys=0.00, real=0.04 secs] 
2020-10-29T10:26:36.780+0000: [CMS-concurrent-preclean-start]
2020-10-29T10:26:36.783+0000: [CMS-concurrent-preclean: 0.003/0.003 secs] [Times: user=0.01 sys=0.00, real=0.01 secs] 
2020-10-29T10:26:36.783+0000: [CMS-concurrent-abortable-preclean-start]
2020-10-29T10:26:36.790+0000: [GC (Allocation Failure) 2020-10-29T10:26:36.790+0000: [ParNew: 16455K->264K(18432K), 0.0024897 secs] 565465K->549275K(824224K), 0.0025296 secs] [Times: user=0.01 sys=0.00, real=0.00 secs] 
2020-10-29T10:26:36.814+0000: [GC (Allocation Failure) 2020-10-29T10:26:36.814+0000: [ParNew: 16648K->265K(18432K), 0.0027616 secs] 565659K->549275K(824224K), 0.0028089 secs] [Times: user=0.01 sys=0.00, real=0.00 secs] 
2020-10-29T10:26:36.834+0000: [GC (Allocation Failure) 2020-10-29T10:26:36.834+0000: [ParNew: 16649K->265K(18432K), 0.0026420 secs] 565659K->549275K(824224K), 0.0026863 secs] [Times: user=0.00 sys=0.00, real=0.00 secs] 
2020-10-29T10:26:36.854+0000: [GC (Allocation Failure) 2020-10-29T10:26:36.854+0000: [ParNew: 16649K->521K(18432K), 0.0027737 secs] 565659K->549531K(824224K), 0.0028249 secs] [Times: user=0.00 sys=0.00, real=0.00 secs] 
2020-10-29T10:26:36.878+0000: [GC (Allocation Failure) 2020-10-29T10:26:36.878+0000: [ParNew: 16905K->518K(18432K), 0.0027965 secs] 565915K->549533K(824224K), 0.0028454 secs] [Times: user=0.00 sys=0.00, real=0.00 secs] 
2020-10-29T10:26:36.897+0000: [GC (Allocation Failure) 2020-10-29T10:26:36.897+0000: [ParNew: 16902K->1028K(18432K), 0.0027775 secs] 565917K->550042K(824224K), 0.0028267 secs] [Times: user=0.01 sys=0.00, real=0.00 secs] 
2020-10-29T10:26:36.917+0000: [GC (Allocation Failure) 2020-10-29T10:26:36.917+0000: [ParNew: 17412K->4K(18432K), 0.0028252 secs] 566426K->549531K(824224K), 0.0028752 secs] [Times: user=0.01 sys=0.00, real=0.00 secs] 
2020-10-29T10:26:36.938+0000: [GC (Allocation Failure) 2020-10-29T10:26:36.938+0000: [ParNew: 16388K->4K(18432K), 0.0026792 secs] 565915K->549531K(824224K), 0.0027288 secs] [Times: user=0.01 sys=0.00, real=0.00 secs] 
2020-10-29T10:26:36.961+0000: [GC (Allocation Failure) 2020-10-29T10:26:36.961+0000: [ParNew: 16388K->1028K(18432K), 0.0030440 secs] 565915K->551579K(824224K), 0.0030953 secs] [Times: user=0.01 sys=0.00, real=0.01 secs] 
2020-10-29T10:26:36.981+0000: [GC (Allocation Failure) 2020-10-29T10:26:36.981+0000: [ParNew: 17412K->4K(18432K), 0.0026982 secs] 567963K->550555K(824224K), 0.0027445 secs] [Times: user=0.01 sys=0.00, real=0.01 secs] 
2020-10-29T10:26:36.999+0000: [GC (Allocation Failure) 2020-10-29T10:26:36.999+0000: [ParNew: 16388K->4K(18432K), 0.0024729 secs] 566939K->550555K(824224K), 0.0025166 secs] [Times: user=0.00 sys=0.00, real=0.00 secs] 
2020-10-29T10:26:37.022+0000: [GC (Allocation Failure) 2020-10-29T10:26:37.022+0000: [ParNew: 16388K->4K(18432K), 0.0025630 secs] 566939K->550555K(824224K), 0.0026090 secs] [Times: user=0.00 sys=0.00, real=0.01 secs] 
2020-10-29T10:26:37.041+0000: [GC (Allocation Failure) 2020-10-29T10:26:37.041+0000: [ParNew: 16388K->4K(18432K), 0.0029574 secs] 566939K->550555K(824224K), 0.0030223 secs] [Times: user=0.00 sys=0.00, real=0.01 secs] 
2020-10-29T10:26:37.060+0000: [GC (Allocation Failure) 2020-10-29T10:26:37.060+0000: [ParNew: 16388K->4K(18432K), 0.0026767 secs] 566939K->550555K(824224K), 0.0027247 secs] [Times: user=0.01 sys=0.00, real=0.01 secs] 
2020-10-29T10:26:37.082+0000: [GC (Allocation Failure) 2020-10-29T10:26:37.082+0000: [ParNew: 16388K->4K(18432K), 0.0026793 secs] 566939K->550555K(824224K), 0.0027274 secs] [Times: user=0.01 sys=0.00, real=0.00 secs] 
2020-10-29T10:26:37.101+0000: [GC (Allocation Failure) 2020-10-29T10:26:37.101+0000: [ParNew: 16388K->4K(18432K), 0.0028692 secs] 566939K->550555K(824224K), 0.0029216 secs] [Times: user=0.01 sys=0.00, real=0.01 secs] 
2020-10-29T10:26:37.121+0000: [GC (Allocation Failure) 2020-10-29T10:26:37.121+0000: [ParNew: 16388K->4K(18432K), 0.0028802 secs] 566939K->550555K(824224K), 0.0029336 secs] [Times: user=0.00 sys=0.00, real=0.01 secs] 
2020-10-29T10:26:37.139+0000: [GC (Allocation Failure) 2020-10-29T10:26:37.139+0000: [ParNew: 16388K->4K(18432K), 0.0027592 secs] 566939K->550555K(824224K), 0.0028104 secs] [Times: user=0.01 sys=0.00, real=0.01 secs] 
2020-10-29T10:26:37.162+0000: [GC (Allocation Failure) 2020-10-29T10:26:37.162+0000: [ParNew: 16388K->4K(18432K), 0.0045962 secs] 566939K->550555K(824224K), 0.0046453 secs] [Times: user=0.01 sys=0.00, real=0.00 secs] 
2020-10-29T10:26:37.186+0000: [GC (Allocation Failure) 2020-10-29T10:26:37.186+0000: [ParNew: 16388K->4K(18432K), 0.0031136 secs] 566939K->552603K(824224K), 0.0031648 secs] [Times: user=0.01 sys=0.00, real=0.00 secs] 
2020-10-29T10:26:37.206+0000: [GC (Allocation Failure) 2020-10-29T10:26:37.206+0000: [ParNew: 16388K->4K(18432K), 0.0027770 secs] 568987K->552603K(824224K), 0.0028274 secs] [Times: user=0.01 sys=0.00, real=0.00 secs] 
2020-10-29T10:26:37.226+0000: [GC (Allocation Failure) 2020-10-29T10:26:37.226+0000: [ParNew: 16388K->4K(18432K), 0.0025012 secs] 568987K->552603K(824224K), 0.0025444 secs] [Times: user=0.00 sys=0.00, real=0.00 secs] 
2020-10-29T10:26:37.244+0000: [GC (Allocation Failure) 2020-10-29T10:26:37.244+0000: [ParNew: 16388K->4K(18432K), 0.0025081 secs] 568987K->552603K(824224K), 0.0025507 secs] [Times: user=0.01 sys=0.00, real=0.00 secs] 
2020-10-29T10:26:37.263+0000: [GC (Allocation Failure) 2020-10-29T10:26:37.263+0000: [ParNew: 16388K->4K(18432K), 0.0027100 secs] 568987K->552603K(824224K), 0.0027595 secs] [Times: user=0.00 sys=0.00, real=0.00 secs] 
2020-10-29T10:26:37.286+0000: [GC (Allocation Failure) 2020-10-29T10:26:37.286+0000: [ParNew: 16388K->4K(18432K), 0.0026973 secs] 568987K->552603K(824224K), 0.0027462 secs] [Times: user=0.00 sys=0.00, real=0.00 secs] 
2020-10-29T10:26:37.306+0000: [GC (Allocation Failure) 2020-10-29T10:26:37.306+0000: [ParNew: 16388K->4K(18432K), 0.0027976 secs] 568987K->552603K(824224K), 0.0028491 secs] [Times: user=0.01 sys=0.00, real=0.00 secs] 
2020-10-29T10:26:37.326+0000: [GC (Allocation Failure) 2020-10-29T10:26:37.326+0000: [ParNew: 16388K->4K(18432K), 0.0028044 secs] 568987K->552603K(824224K), 0.0028572 secs] [Times: user=0.01 sys=0.01, real=0.00 secs] 
2020-10-29T10:26:37.345+0000: [GC (Allocation Failure) 2020-10-29T10:26:37.345+0000: [ParNew: 16388K->4K(18432K), 0.0028447 secs] 568987K->552603K(824224K), 0.0028974 secs] [Times: user=0.01 sys=0.00, real=0.00 secs] 
2020-10-29T10:26:37.364+0000: [GC (Allocation Failure) 2020-10-29T10:26:37.364+0000: [ParNew: 16388K->4K(18432K), 0.0028391 secs] 568987K->552603K(824224K), 0.0028923 secs] [Times: user=0.00 sys=0.00, real=0.00 secs] 
2020-10-29T10:26:37.383+0000: [GC (Allocation Failure) 2020-10-29T10:26:37.383+0000: [ParNew: 16388K->4K(18432K), 0.0028188 secs] 568987K->552603K(824224K), 0.0028726 secs] [Times: user=0.01 sys=0.00, real=0.00 secs] 
2020-10-29T10:26:37.402+0000: [GC (Allocation Failure) 2020-10-29T10:26:37.402+0000: [ParNew: 16388K->4K(18432K), 0.0026532 secs] 568987K->552603K(824224K), 0.0027031 secs] [Times: user=0.00 sys=0.00, real=0.01 secs] 
2020-10-29T10:26:37.420+0000: [GC (Allocation Failure) 2020-10-29T10:26:37.420+0000: [ParNew: 16388K->4K(18432K), 0.0025971 secs] 568987K->552603K(824224K), 0.0026469 secs] [Times: user=0.01 sys=0.00, real=0.01 secs] 
2020-10-29T10:26:37.439+0000: [GC (Allocation Failure) 2020-10-29T10:26:37.439+0000: [ParNew: 16388K->4K(18432K), 0.0027798 secs] 568987K->552603K(824224K), 0.0028323 secs] [Times: user=0.01 sys=0.00, real=0.00 secs] 
2020-10-29T10:26:37.462+0000: [GC (Allocation Failure) 2020-10-29T10:26:37.462+0000: [ParNew: 16388K->4K(18432K), 0.0027906 secs] 568987K->552603K(824224K), 0.0028579 secs] [Times: user=0.00 sys=0.00, real=0.01 secs] 
2020-10-29T10:26:37.481+0000: [GC (Allocation Failure) 2020-10-29T10:26:37.481+0000: [ParNew: 16388K->4K(18432K), 0.0028653 secs] 568987K->552603K(824224K), 0.0029171 secs] [Times: user=0.01 sys=0.00, real=0.01 secs] 
2020-10-29T10:26:37.502+0000: [GC (Allocation Failure) 2020-10-29T10:26:37.502+0000: [ParNew: 16388K->4K(18432K), 0.0025137 secs] 568987K->552603K(824224K), 0.0025564 secs] [Times: user=0.01 sys=0.00, real=0.00 secs] 
2020-10-29T10:26:37.521+0000: [GC (Allocation Failure) 2020-10-29T10:26:37.521+0000: [ParNew: 16388K->4K(18432K), 0.0024771 secs] 568987K->552603K(824224K), 0.0025200 secs] [Times: user=0.00 sys=0.00, real=0.01 secs] 
2020-10-29T10:26:37.542+0000: [GC (Allocation Failure) 2020-10-29T10:26:37.542+0000: [ParNew: 16364K->4K(18432K), 0.0026067 secs] 568963K->552603K(824224K), 0.0026539 secs] [Times: user=0.00 sys=0.00, real=0.00 secs] 
2020-10-29T10:26:37.562+0000: [GC (Allocation Failure) 2020-10-29T10:26:37.562+0000: [ParNew: 16211K->4K(18432K), 0.0028089 secs] 568811K->552603K(824224K), 0.0028836 secs] [Times: user=0.01 sys=0.00, real=0.00 secs] 
2020-10-29T10:26:37.578+0000: [GC (Allocation Failure) 2020-10-29T10:26:37.578+0000: [ParNew: 16388K->4K(18432K), 0.0035275 secs] 568987K->556699K(824224K), 0.0035815 secs] [Times: user=0.01 sys=0.00, real=0.00 secs] 
2020-10-29T10:26:37.598+0000: [GC (Allocation Failure) 2020-10-29T10:26:37.598+0000: [ParNew: 16388K->4K(18432K), 0.0026352 secs] 573083K->556699K(824224K), 0.0026793 secs] [Times: user=0.00 sys=0.00, real=0.00 secs] 
2020-10-29T10:26:37.617+0000: [GC (Allocation Failure) 2020-10-29T10:26:37.617+0000: [ParNew: 16388K->4K(18432K), 0.0025828 secs] 573083K->556699K(824224K), 0.0026404 secs] [Times: user=0.01 sys=0.00, real=0.00 secs] 
2020-10-29T10:26:37.638+0000: [GC (Allocation Failure) 2020-10-29T10:26:37.638+0000: [ParNew: 16388K->4K(18432K), 0.0025626 secs] 573083K->556699K(824224K), 0.0026092 secs] [Times: user=0.01 sys=0.00, real=0.00 secs] 
2020-10-29T10:26:37.661+0000: [GC (Allocation Failure) 2020-10-29T10:26:37.661+0000: [ParNew: 16388K->10K(18432K), 0.0025678 secs] 573083K->556705K(824224K), 0.0026114 secs] [Times: user=0.01 sys=0.00, real=0.01 secs] 
2020-10-29T10:26:37.663+0000: [CMS-concurrent-abortable-preclean: 0.077/0.881 secs] [Times: user=1.56 sys=0.06, real=0.88 secs] 
2020-10-29T10:26:37.666+0000: [GC (CMS Final Remark) [YG occupancy: 363 K (18432 K)]2020-10-29T10:26:37.666+0000: [Rescan (parallel) , 0.0017639 secs]2020-10-29T10:26:37.668+0000: [weak refs processing, 0.0000331 secs]2020-10-29T10:26:37.668+0000: [class unloading, 0.0077637 secs]2020-10-29T10:26:37.676+0000: [scrub symbol table, 0.0091133 secs]2020-10-29T10:26:37.685+0000: [scrub string table, 0.0005715 secs][1 CMS-remark: 556695K(805792K)] 557059K(824224K), 0.0193587 secs] [Times: user=0.02 sys=0.00, real=0.02 secs] 
2020-10-29T10:26:37.686+0000: [CMS-concurrent-sweep-start]
2020-10-29T10:26:37.705+0000: [CMS-concurrent-sweep: 0.019/0.019 secs] [Times: user=0.04 sys=0.00, real=0.02 secs] 
2020-10-29T10:26:37.705+0000: [CMS-concurrent-reset-start]
2020-10-29T10:26:37.707+0000: [CMS-concurrent-reset: 0.002/0.002 secs] [Times: user=0.00 sys=0.00, real=0.00 secs] 
2020-10-29T10:26:37.740+0000: [GC (Allocation Failure) 2020-10-29T10:26:37.740+0000: [ParNew: 16394K->1127K(18432K), 0.0069944 secs] 571966K->556700K(896640K), 0.0070483 secs] [Times: user=0.01 sys=0.00, real=0.01 secs] 
2020-10-29T10:26:37.795+0000: [GC (Allocation Failure) 2020-10-29T10:26:37.795+0000: [ParNew: 17511K->5K(18432K), 0.0032674 secs] 573084K->556702K(896640K), 0.0033210 secs] [Times: user=0.00 sys=0.00, real=0.00 secs] 
2020-10-29T10:26:37.829+0000: [GC (Allocation Failure) 2020-10-29T10:26:37.829+0000: [ParNew: 16389K->4K(18432K), 0.0030487 secs] 573086K->556701K(896640K), 0.0031204 secs] [Times: user=0.01 sys=0.00, real=0.01 secs] 
2020-10-29T10:26:37.862+0000: [GC (Allocation Failure) 2020-10-29T10:26:37.862+0000: [ParNew: 16388K->4K(18432K), 0.0030931 secs] 573085K->556701K(896640K), 0.0031457 secs] [Times: user=0.00 sys=0.00, real=0.01 secs] 
2020-10-29T10:26:37.893+0000: [GC (Allocation Failure) 2020-10-29T10:26:37.893+0000: [ParNew: 16388K->4K(18432K), 0.0030711 secs] 573085K->556701K(896640K), 0.0031245 secs] [Times: user=0.00 sys=0.00, real=0.00 secs] 
2020-10-29T10:26:37.924+0000: [GC (Allocation Failure) 2020-10-29T10:26:37.924+0000: [ParNew: 16388K->4K(18432K), 0.0029728 secs] 573085K->556701K(896640K), 0.0030208 secs] [Times: user=0.00 sys=0.00, real=0.00 secs] 
2020-10-29T10:26:37.954+0000: [GC (Allocation Failure) 2020-10-29T10:26:37.954+0000: [ParNew: 16388K->4K(18432K), 0.0028924 secs] 573085K->556701K(896640K), 0.0029367 secs] [Times: user=0.00 sys=0.00, real=0.00 secs] 
2020-10-29T10:26:37.986+0000: [GC (Allocation Failure) 2020-10-29T10:26:37.986+0000: [ParNew: 16388K->4K(18432K), 0.0029875 secs] 573085K->556701K(896640K), 0.0030381 secs] [Times: user=0.00 sys=0.00, real=0.00 secs] 
2020-10-29T10:26:38.018+0000: [GC (Allocation Failure) 2020-10-29T10:26:38.018+0000: [ParNew: 16388K->4K(18432K), 0.0029949 secs] 573085K->556701K(896640K), 0.0030451 secs] [Times: user=0.01 sys=0.00, real=0.00 secs] 
2020-10-29T10:26:38.050+0000: [GC (Allocation Failure) 2020-10-29T10:26:38.050+0000: [ParNew: 16388K->4K(18432K), 0.0028573 secs] 573085K->556701K(896640K), 0.0029039 secs] [Times: user=0.01 sys=0.00, real=0.01 secs] 
2020-10-29T10:26:38.081+0000: [GC (Allocation Failure) 2020-10-29T10:26:38.081+0000: [ParNew: 16388K->4K(18432K), 0.0028652 secs] 573085K->556701K(896640K), 0.0029124 secs] [Times: user=0.00 sys=0.00, real=0.01 secs] 
2020-10-29T10:26:38.112+0000: [GC (Allocation Failure) 2020-10-29T10:26:38.112+0000: [ParNew: 16388K->4K(18432K), 0.0029387 secs] 573085K->556701K(896640K), 0.0029851 secs] [Times: user=0.00 sys=0.00, real=0.00 secs] 
2020-10-29T10:26:38.143+0000: [GC (Allocation Failure) 2020-10-29T10:26:38.143+0000: [ParNew: 16388K->4K(18432K), 0.0028045 secs] 573085K->556701K(896640K), 0.0028444 secs] [Times: user=0.00 sys=0.00, real=0.00 secs] 
2020-10-29T10:26:38.174+0000: [GC (Allocation Failure) 2020-10-29T10:26:38.174+0000: [ParNew: 16388K->4K(18432K), 0.0028223 secs] 573085K->556701K(896640K), 0.0028657 secs] [Times: user=0.01 sys=0.00, real=0.00 secs] 
2020-10-29T10:26:38.206+0000: [GC (Allocation Failure) 2020-10-29T10:26:38.206+0000: [ParNew: 16388K->4K(18432K), 0.0029895 secs] 573085K->556701K(896640K), 0.0030407 secs] [Times: user=0.00 sys=0.00, real=0.00 secs] 
2020-10-29T10:26:38.238+0000: [GC (Allocation Failure) 2020-10-29T10:26:38.238+0000: [ParNew: 16388K->4K(18432K), 0.0030238 secs] 573085K->556701K(896640K), 0.0030765 secs] [Times: user=0.01 sys=0.00, real=0.00 secs] 
2020-10-29T10:26:38.266+0000: [GC (Allocation Failure) 2020-10-29T10:26:38.266+0000: [ParNew: 16388K->4K(18432K), 0.0031276 secs] 573085K->556701K(896640K), 0.0031791 secs] [Times: user=0.00 sys=0.00, real=0.00 secs] 
2020-10-29T10:26:38.298+0000: [GC (Allocation Failure) 2020-10-29T10:26:38.298+0000: [ParNew: 16388K->4K(18432K), 0.0029424 secs] 573085K->556701K(896640K), 0.0029891 secs] [Times: user=0.01 sys=0.00, real=0.00 secs] 
2020-10-29T10:26:38.331+0000: [GC (Allocation Failure) 2020-10-29T10:26:38.331+0000: [ParNew: 16388K->4K(18432K), 0.0030143 secs] 573085K->556701K(896640K), 0.0030657 secs] [Times: user=0.01 sys=0.00, real=0.00 secs] 
2020-10-29T10:26:38.362+0000: [GC (Allocation Failure) 2020-10-29T10:26:38.362+0000: [ParNew: 16388K->4K(18432K), 0.0029420 secs] 573085K->556701K(896640K), 0.0029914 secs] [Times: user=0.00 sys=0.00, real=0.00 secs] 
2020-10-29T10:26:38.394+0000: [GC (Allocation Failure) 2020-10-29T10:26:38.394+0000: [ParNew: 16388K->4K(18432K), 0.0030480 secs] 573085K->556701K(896640K), 0.0030997 secs] [Times: user=0.01 sys=0.00, real=0.00 secs] 
2020-10-29T10:26:38.430+0000: [GC (Allocation Failure) 2020-10-29T10:26:38.430+0000: [ParNew: 16388K->4K(18432K), 0.0047855 secs] 573085K->556701K(896640K), 0.0048439 secs] [Times: user=0.01 sys=0.00, real=0.00 secs] 
2020-10-29T10:26:38.492+0000: [GC (Allocation Failure) 2020-10-29T10:26:38.492+0000: [ParNew: 16388K->4K(18432K), 0.0030289 secs] 573085K->556701K(896640K), 0.0031035 secs] [Times: user=0.01 sys=0.00, real=0.00 secs] 
2020-10-29T10:26:38.525+0000: [GC (Allocation Failure) 2020-10-29T10:26:38.525+0000: [ParNew: 16388K->4K(18432K), 0.0030117 secs] 573085K->556701K(896640K), 0.0030632 secs] [Times: user=0.01 sys=0.00, real=0.00 secs] 
2020-10-29T10:26:38.556+0000: [GC (Allocation Failure) 2020-10-29T10:26:38.556+0000: [ParNew: 16388K->2K(18432K), 0.0058101 secs] 573085K->556699K(896640K), 0.0058692 secs] [Times: user=0.01 sys=0.00, real=0.00 secs] 
2020-10-29T10:26:38.598+0000: [GC (Allocation Failure) 2020-10-29T10:26:38.598+0000: [ParNew: 16386K->4K(18432K), 0.0030194 secs] 573083K->556701K(896640K), 0.0030709 secs] [Times: user=0.00 sys=0.00, real=0.00 secs] 
2020-10-29T10:26:38.630+0000: [GC (Allocation Failure) 2020-10-29T10:26:38.630+0000: [ParNew: 16388K->4K(18432K), 0.0030069 secs] 573085K->556701K(896640K), 0.0030604 secs] [Times: user=0.01 sys=0.00, real=0.00 secs] 
2020-10-29T10:26:38.681+0000: [GC (Allocation Failure) 2020-10-29T10:26:38.681+0000: [ParNew: 16388K->4K(18432K), 0.0031045 secs] 573085K->556701K(896640K), 0.0031986 secs] [Times: user=0.00 sys=0.00, real=0.01 secs] 
2020-10-29T10:26:38.714+0000: [GC (Allocation Failure) 2020-10-29T10:26:38.714+0000: [ParNew: 16388K->4K(18432K), 0.0030504 secs] 573085K->556701K(896640K), 0.0031042 secs] [Times: user=0.01 sys=0.00, real=0.00 secs] 
2020-10-29T10:26:38.746+0000: [GC (Allocation Failure) 2020-10-29T10:26:38.746+0000: [ParNew: 16388K->4K(18432K), 0.0030391 secs] 573085K->556701K(896640K), 0.0030923 secs] [Times: user=0.01 sys=0.00, real=0.00 secs] 
2020-10-29T10:26:38.776+0000: [GC (Allocation Failure) 2020-10-29T10:26:38.776+0000: [ParNew: 16388K->4K(18432K), 0.0030428 secs] 573085K->556701K(896640K), 0.0030956 secs] [Times: user=0.01 sys=0.00, real=0.00 secs] 
2020-10-29T10:26:38.805+0000: [GC (Allocation Failure) 2020-10-29T10:26:38.805+0000: [ParNew: 16388K->4K(18432K), 0.0030364 secs] 573085K->556701K(896640K), 0.0030814 secs] [Times: user=0.01 sys=0.00, real=0.00 secs] 
2020-10-29T10:26:38.833+0000: [GC (Allocation Failure) 2020-10-29T10:26:38.833+0000: [ParNew: 16388K->4K(18432K), 0.0030284 secs] 573085K->556701K(896640K), 0.0030811 secs] [Times: user=0.00 sys=0.00, real=0.00 secs] 
2020-10-29T10:26:38.862+0000: [GC (Allocation Failure) 2020-10-29T10:26:38.862+0000: [ParNew: 16388K->4K(18432K), 0.0030372 secs] 573085K->556701K(896640K), 0.0030896 secs] [Times: user=0.00 sys=0.00, real=0.00 secs] 
2020-10-29T10:26:38.892+0000: [GC (Allocation Failure) 2020-10-29T10:26:38.892+0000: [ParNew: 16388K->4K(18432K), 0.0030805 secs] 573085K->556701K(896640K), 0.0031236 secs] [Times: user=0.00 sys=0.00, real=0.00 secs] 
2020-10-29T10:26:38.926+0000: [GC (GCLocker Initiated GC) 2020-10-29T10:26:38.926+0000: [ParNew: 16603K->4K(18432K), 0.0030107 secs] 573300K->556701K(896640K), 0.0030542 secs] [Times: user=0.01 sys=0.00, real=0.00 secs] 
2020-10-29T10:26:38.954+0000: [GC (Allocation Failure) 2020-10-29T10:26:38.955+0000: [ParNew: 16388K->4K(18432K), 0.0030023 secs] 573085K->556701K(896640K), 0.0030429 secs] [Times: user=0.01 sys=0.00, real=0.00 secs] 
2020-10-29T10:26:38.986+0000: [GC (Allocation Failure) 2020-10-29T10:26:38.986+0000: [ParNew: 16388K->4K(18432K), 0.0029638 secs] 573085K->556701K(896640K), 0.0030062 secs] [Times: user=0.01 sys=0.00, real=0.00 secs] 
2020-10-29T10:26:39.016+0000: [GC (GCLocker Initiated GC) 2020-10-29T10:26:39.016+0000: [ParNew: 16388K->4K(18432K), 0.0030164 secs] 573085K->556701K(896640K), 0.0030587 secs] [Times: user=0.00 sys=0.00, real=0.00 secs] 
2020-10-29T10:26:39.045+0000: [GC (Allocation Failure) 2020-10-29T10:26:39.045+0000: [ParNew: 16388K->4K(18432K), 0.0036783 secs] 573085K->556701K(896640K), 0.0037204 secs] [Times: user=0.00 sys=0.00, real=0.00 secs] 
2020-10-29T10:26:39.078+0000: [GC (Allocation Failure) 2020-10-29T10:26:39.078+0000: [ParNew: 16388K->4K(18432K), 0.0029574 secs] 573085K->556701K(896640K), 0.0029987 secs] [Times: user=0.00 sys=0.00, real=0.00 secs] 
2020-10-29T10:26:39.111+0000: [GC (Allocation Failure) 2020-10-29T10:26:39.111+0000: [ParNew: 16388K->4K(18432K), 0.0029204 secs] 573086K->556701K(896640K), 0.0029604 secs] [Times: user=0.00 sys=0.00, real=0.00 secs] 
2020-10-29T10:26:39.147+0000: [GC (GCLocker Initiated GC) 2020-10-29T10:26:39.147+0000: [ParNew: 16388K->4K(18432K), 0.0030092 secs] 573085K->556701K(896640K), 0.0030566 secs] [Times: user=0.01 sys=0.00, real=0.01 secs] 
2020-10-29T10:26:39.176+0000: [GC (Allocation Failure) 2020-10-29T10:26:39.176+0000: [ParNew: 16388K->4K(18432K), 0.0029763 secs] 573085K->556701K(896640K), 0.0030178 secs] [Times: user=0.00 sys=0.00, real=0.00 secs] 
2020-10-29T10:26:39.207+0000: [GC (GCLocker Initiated GC) 2020-10-29T10:26:39.207+0000: [ParNew: 16388K->4K(18432K), 0.0030020 secs] 573085K->556701K(896640K), 0.0030460 secs] [Times: user=0.00 sys=0.00, real=0.00 secs] 
2020-10-29T10:26:39.236+0000: [GC (Allocation Failure) 2020-10-29T10:26:39.236+0000: [ParNew: 16388K->4K(18432K), 0.0030275 secs] 573085K->556701K(896640K), 0.0030690 secs] [Times: user=0.01 sys=0.00, real=0.00 secs] 
2020-10-29T10:26:39.265+0000: [GC (Allocation Failure) 2020-10-29T10:26:39.265+0000: [ParNew: 16388K->4K(18432K), 0.0030303 secs] 573085K->556701K(896640K), 0.0030748 secs] [Times: user=0.01 sys=0.00, real=0.00 secs] 
2020-10-29T10:26:39.298+0000: [GC (Allocation Failure) 2020-10-29T10:26:39.298+0000: [ParNew: 16388K->4K(18432K), 0.0029760 secs] 573085K->556701K(896640K), 0.0030185 secs] [Times: user=0.00 sys=0.00, real=0.00 secs] 
2020-10-29T10:26:39.328+0000: [GC (Allocation Failure) 2020-10-29T10:26:39.328+0000: [ParNew: 16388K->4K(18432K), 0.0029403 secs] 573085K->556701K(896640K), 0.0029799 secs] [Times: user=0.01 sys=0.00, real=0.01 secs] 
2020-10-29T10:26:39.357+0000: [GC (Allocation Failure) 2020-10-29T10:26:39.357+0000: [ParNew: 16388K->4K(18432K), 0.0029951 secs] 573086K->556701K(896640K), 0.0030378 secs] [Times: user=0.01 sys=0.00, real=0.00 secs] 
2020-10-29T10:26:39.385+0000: [GC (Allocation Failure) 2020-10-29T10:26:39.385+0000: [ParNew: 16388K->4K(18432K), 0.0029755 secs] 573085K->556701K(896640K), 0.0030160 secs] [Times: user=0.01 sys=0.00, real=0.00 secs] 
2020-10-29T10:26:39.414+0000: [GC (Allocation Failure) 2020-10-29T10:26:39.414+0000: [ParNew: 16388K->4K(18432K), 0.0029131 secs] 573086K->556701K(896640K), 0.0029550 secs] [Times: user=0.00 sys=0.00, real=0.00 secs] 
2020-10-29T10:26:39.443+0000: [GC (Allocation Failure) 2020-10-29T10:26:39.443+0000: [ParNew: 16388K->4K(18432K), 0.0029625 secs] 573085K->556701K(896640K), 0.0030043 secs] [Times: user=0.00 sys=0.00, real=0.00 secs] 
2020-10-29T10:26:39.475+0000: [GC (Allocation Failure) 2020-10-29T10:26:39.475+0000: [ParNew: 16388K->4K(18432K), 0.0030219 secs] 573086K->556701K(896640K), 0.0030654 secs] [Times: user=0.00 sys=0.00, real=0.00 secs] 
2020-10-29T10:26:39.506+0000: [GC (Allocation Failure) 2020-10-29T10:26:39.506+0000: [ParNew: 16388K->4K(18432K), 0.0029959 secs] 573085K->556701K(896640K), 0.0030392 secs] [Times: user=0.01 sys=0.00, real=0.00 secs] 
2020-10-29T10:26:39.535+0000: [GC (Allocation Failure) 2020-10-29T10:26:39.535+0000: [ParNew: 16388K->4K(18432K), 0.0030332 secs] 573085K->556701K(896640K), 0.0030836 secs] [Times: user=0.01 sys=0.00, real=0.00 secs] 
2020-10-29T10:26:39.564+0000: [GC (Allocation Failure) 2020-10-29T10:26:39.564+0000: [ParNew: 16388K->4K(18432K), 0.0030441 secs] 573085K->556701K(896640K), 0.0030880 secs] [Times: user=0.00 sys=0.00, real=0.00 secs] 
2020-10-29T10:26:39.610+0000: [GC (Allocation Failure) 2020-10-29T10:26:39.610+0000: [ParNew: 16388K->4K(18432K), 0.0030217 secs] 589469K->573085K(896640K), 0.0030718 secs] [Times: user=0.00 sys=0.00, real=0.01 secs] 
2020-10-29T10:26:39.641+0000: [GC (Allocation Failure) 2020-10-29T10:26:39.641+0000: [ParNew: 16388K->4K(18432K), 0.0030146 secs] 589469K->573085K(896640K), 0.0030596 secs] [Times: user=0.00 sys=0.00, real=0.01 secs] 
2020-10-29T10:26:39.673+0000: [GC (Allocation Failure) 2020-10-29T10:26:39.673+0000: [ParNew: 16388K->4K(18432K), 0.0029726 secs] 589469K->573085K(896640K), 0.0030138 secs] [Times: user=0.00 sys=0.00, real=0.00 secs] 
2020-10-29T10:26:39.704+0000: [GC (Allocation Failure) 2020-10-29T10:26:39.704+0000: [ParNew: 16388K->4K(18432K), 0.0030229 secs] 589469K->573085K(896640K), 0.0030653 secs] [Times: user=0.00 sys=0.00, real=0.00 secs] 
2020-10-29T10:26:39.734+0000: [GC (Allocation Failure) 2020-10-29T10:26:39.734+0000: [ParNew: 16388K->4K(18432K), 0.0029420 secs] 589469K->573085K(896640K), 0.0029835 secs] [Times: user=0.01 sys=0.00, real=0.00 secs] 
2020-10-29T10:26:39.766+0000: [GC (Allocation Failure) 2020-10-29T10:26:39.766+0000: [ParNew: 16388K->4K(18432K), 0.0029778 secs] 589469K->573085K(896640K), 0.0030194 secs] [Times: user=0.00 sys=0.00, real=0.00 secs] 
2020-10-29T10:26:39.795+0000: [GC (Allocation Failure) 2020-10-29T10:26:39.795+0000: [ParNew: 16388K->4K(18432K), 0.0029440 secs] 589469K->573086K(896640K), 0.0029859 secs] [Times: user=0.01 sys=0.00, real=0.00 secs] 
2020-10-29T10:26:39.824+0000: [GC (GCLocker Initiated GC) 2020-10-29T10:26:39.824+0000: [ParNew: 16388K->4K(18432K), 0.0029982 secs] 589470K->573086K(896640K), 0.0030406 secs] [Times: user=0.01 sys=0.00, real=0.00 secs] 
2020-10-29T10:26:39.860+0000: [GC (Allocation Failure) 2020-10-29T10:26:39.860+0000: [ParNew: 16388K->4K(18432K), 0.0037774 secs] 589470K->573086K(896640K), 0.0038435 secs] [Times: user=0.01 sys=0.00, real=0.01 secs] 
2020-10-29T10:26:39.897+0000: [GC (Allocation Failure) 2020-10-29T10:26:39.897+0000: [ParNew: 16375K->134K(18432K), 0.0037311 secs] 589457K->573216K(896640K), 0.0037763 secs] [Times: user=0.01 sys=0.00, real=0.00 secs] 
2020-10-29T10:26:39.917+0000: [GC (Allocation Failure) 2020-10-29T10:26:39.917+0000: [ParNew: 16518K->132K(18432K), 0.0032944 secs] 589600K->573214K(896640K), 0.0033391 secs] [Times: user=0.00 sys=0.00, real=0.00 secs] 
2020-10-29T10:26:39.938+0000: [GC (Allocation Failure) 2020-10-29T10:26:39.938+0000: [ParNew: 16516K->134K(18432K), 0.0030856 secs] 589598K->573216K(896640K), 0.0031326 secs] [Times: user=0.01 sys=0.00, real=0.00 secs] 
2020-10-29T10:26:39.962+0000: [GC (Allocation Failure) 2020-10-29T10:26:39.962+0000: [ParNew: 16518K->264K(18432K), 0.0038338 secs] 589600K->573346K(896640K), 0.0038954 secs] [Times: user=0.01 sys=0.00, real=0.00 secs] 
2020-10-29T10:26:39.986+0000: [GC (Allocation Failure) 2020-10-29T10:26:39.986+0000: [ParNew: 16648K->265K(18432K), 0.0029601 secs] 589730K->573347K(896640K), 0.0030043 secs] [Times: user=0.00 sys=0.00, real=0.00 secs] 
2020-10-29T10:26:40.006+0000: [GC (Allocation Failure) 2020-10-29T10:26:40.006+0000: [ParNew: 16649K->520K(18432K), 0.0036519 secs] 589731K->573602K(896640K), 0.0036974 secs] [Times: user=0.01 sys=0.00, real=0.00 secs] 
2020-10-29T10:26:40.025+0000: [GC (Allocation Failure) 2020-10-29T10:26:40.025+0000: [ParNew: 16904K->519K(18432K), 0.0028682 secs] 589986K->573602K(896640K), 0.0029079 secs] [Times: user=0.01 sys=0.00, real=0.00 secs] 
2020-10-29T10:26:40.043+0000: [GC (Allocation Failure) 2020-10-29T10:26:40.043+0000: [ParNew: 16903K->518K(18432K), 0.0028906 secs] 589986K->573601K(896640K), 0.0029292 secs] [Times: user=0.00 sys=0.00, real=0.00 secs] 
2020-10-29T10:26:40.062+0000: [GC (Allocation Failure) 2020-10-29T10:26:40.062+0000: [ParNew: 16902K->518K(18432K), 0.0028296 secs] 589985K->573601K(896640K), 0.0028731 secs] [Times: user=0.01 sys=0.00, real=0.00 secs] 
2020-10-29T10:26:40.080+0000: [GC (Allocation Failure) 2020-10-29T10:26:40.080+0000: [ParNew: 16902K->4K(18432K), 0.0029855 secs] 589985K->573089K(896640K), 0.0030319 secs] [Times: user=0.01 sys=0.00, real=0.01 secs] 
2020-10-29T10:26:40.098+0000: [GC (Allocation Failure) 2020-10-29T10:26:40.098+0000: [ParNew: 16388K->4K(18432K), 0.0028038 secs] 589473K->573089K(896640K), 0.0028413 secs] [Times: user=0.01 sys=0.00, real=0.00 secs] 
2020-10-29T10:26:40.118+0000: [GC (Allocation Failure) 2020-10-29T10:26:40.118+0000: [ParNew: 16388K->6K(18432K), 0.0027255 secs] 589473K->573091K(896640K), 0.0027619 secs] [Times: user=0.00 sys=0.00, real=0.00 secs] 
2020-10-29T10:26:40.136+0000: [GC (Allocation Failure) 2020-10-29T10:26:40.136+0000: [ParNew: 16390K->4K(18432K), 0.0027528 secs] 589475K->573089K(896640K), 0.0027911 secs] [Times: user=0.01 sys=0.00, real=0.00 secs] 
2020-10-29T10:26:40.154+0000: [GC (Allocation Failure) 2020-10-29T10:26:40.154+0000: [ParNew: 16388K->4K(18432K), 0.0026572 secs] 589473K->573089K(896640K), 0.0026955 secs] [Times: user=0.00 sys=0.00, real=0.00 secs] 
2020-10-29T10:26:40.174+0000: [GC (Allocation Failure) 2020-10-29T10:26:40.174+0000: [ParNew: 16388K->4K(18432K), 0.0026510 secs] 589473K->573089K(896640K), 0.0027134 secs] [Times: user=0.01 sys=0.00, real=0.00 secs] 
2020-10-29T10:26:40.194+0000: [GC (Allocation Failure) 2020-10-29T10:26:40.194+0000: [ParNew: 16388K->4K(18432K), 0.0027045 secs] 589473K->573089K(896640K), 0.0027447 secs] [Times: user=0.00 sys=0.01, real=0.00 secs] 
2020-10-29T10:26:40.212+0000: [GC (Allocation Failure) 2020-10-29T10:26:40.212+0000: [ParNew: 16388K->4K(18432K), 0.0027207 secs] 589473K->573089K(896640K), 0.0027620 secs] [Times: user=0.01 sys=0.00, real=0.00 secs] 
2020-10-29T10:26:40.231+0000: [GC (Allocation Failure) 2020-10-29T10:26:40.231+0000: [ParNew: 16388K->4K(18432K), 0.0028092 secs] 589473K->573089K(896640K), 0.0028527 secs] [Times: user=0.00 sys=0.00, real=0.00 secs] 
2020-10-29T10:26:40.259+0000: [GC (Allocation Failure) 2020-10-29T10:26:40.259+0000: [ParNew: 16388K->1167K(18432K), 0.0036272 secs] 589473K->576300K(896640K), 0.0036737 secs] [Times: user=0.01 sys=0.00, real=0.01 secs] 
2020-10-29T10:26:40.310+0000: [GC (Allocation Failure) 2020-10-29T10:26:40.310+0000: [ParNew: 17551K->37K(18432K), 0.0034435 secs] 592684K->576247K(896640K), 0.0034922 secs] [Times: user=0.01 sys=0.00, real=0.01 secs] 
2020-10-29T10:26:40.370+0000: [GC (Allocation Failure) 2020-10-29T10:26:40.370+0000: [ParNew: 16421K->25K(18432K), 0.0063844 secs] 592631K->576235K(896640K), 0.0064383 secs] [Times: user=0.01 sys=0.00, real=0.00 secs] 
2020-10-29T10:26:40.434+0000: [GC (Allocation Failure) 2020-10-29T10:26:40.434+0000: [ParNew: 16409K->24K(18432K), 0.0029932 secs] 592619K->576234K(896640K), 0.0030462 secs] [Times: user=0.01 sys=0.00, real=0.00 secs] 
2020-10-29T10:26:40.473+0000: [GC (Allocation Failure) 2020-10-29T10:26:40.473+0000: [ParNew: 16408K->24K(18432K), 0.0029990 secs] 592618K->576234K(896640K), 0.0030522 secs] [Times: user=0.01 sys=0.00, real=0.00 secs] 
2020-10-29T10:26:40.510+0000: [GC (Allocation Failure) 2020-10-29T10:26:40.510+0000: [ParNew: 16408K->24K(18432K), 0.0029981 secs] 592618K->576234K(896640K), 0.0030515 secs] [Times: user=0.00 sys=0.00, real=0.00 secs] 
2020-10-29T10:26:40.543+0000: [GC (Allocation Failure) 2020-10-29T10:26:40.543+0000: [ParNew: 16408K->24K(18432K), 0.0029458 secs] 592618K->576234K(896640K), 0.0029959 secs] [Times: user=0.01 sys=0.00, real=0.00 secs] 
2020-10-29T10:26:40.578+0000: [GC (Allocation Failure) 2020-10-29T10:26:40.578+0000: [ParNew: 16408K->4K(18432K), 0.0030008 secs] 592618K->576234K(896640K), 0.0030502 secs] [Times: user=0.00 sys=0.00, real=0.00 secs] 
2020-10-29T10:26:40.610+0000: [GC (Allocation Failure) 2020-10-29T10:26:40.610+0000: [ParNew: 16388K->4K(18432K), 0.0029710 secs] 592618K->576234K(896640K), 0.0030207 secs] [Times: user=0.00 sys=0.00, real=0.00 secs] 
2020-10-29T10:26:40.639+0000: [GC (Allocation Failure) 2020-10-29T10:26:40.639+0000: [ParNew: 16388K->29K(18432K), 0.0030420 secs] 592618K->576260K(896640K), 0.0030936 secs] [Times: user=0.01 sys=0.00, real=0.00 secs] 
2020-10-29T10:26:40.674+0000: [GC (Allocation Failure) 2020-10-29T10:26:40.674+0000: [ParNew: 16413K->168K(18432K), 0.0034465 secs] 592644K->576399K(896640K), 0.0034917 secs] [Times: user=0.00 sys=0.00, real=0.00 secs] 
2020-10-29T10:26:40.710+0000: [GC (Allocation Failure) 2020-10-29T10:26:40.710+0000: [ParNew: 16552K->52K(18432K), 0.0031355 secs] 592783K->576283K(896640K), 0.0031857 secs] [Times: user=0.00 sys=0.00, real=0.00 secs] 
2020-10-29T10:26:40.746+0000: [GC (Allocation Failure) 2020-10-29T10:26:40.746+0000: [ParNew: 16436K->47K(18432K), 0.0031614 secs] 592667K->576278K(896640K), 0.0032165 secs] [Times: user=0.01 sys=0.00, real=0.00 secs] 
2020-10-29T10:26:40.779+0000: [GC (Allocation Failure) 2020-10-29T10:26:40.779+0000: [ParNew: 16431K->45K(18432K), 0.0030722 secs] 592662K->576276K(896640K), 0.0031236 secs] [Times: user=0.00 sys=0.00, real=0.00 secs] 
2020-10-29T10:26:40.838+0000: [GC (Allocation Failure) 2020-10-29T10:26:40.838+0000: [ParNew: 16429K->1122K(18432K), 0.0034985 secs] 592660K->579401K(896640K), 0.0035533 secs] [Times: user=0.01 sys=0.00, real=0.00 secs] 
2020-10-29T10:26:40.957+0000: [GC (Allocation Failure) 2020-10-29T10:26:40.957+0000: [ParNew: 17506K->15K(18432K), 0.0035554 secs] 595785K->579406K(896640K), 0.0036331 secs] [Times: user=0.01 sys=0.00, real=0.00 secs] 
2020-10-29T10:26:41.089+0000: [GC (Allocation Failure) 2020-10-29T10:26:41.089+0000: [ParNew: 16399K->8K(18432K), 0.0030426 secs] 595790K->579399K(896640K), 0.0031093 secs] [Times: user=0.01 sys=0.00, real=0.01 secs] 
2020-10-29T10:26:41.217+0000: [GC (GCLocker Initiated GC) 2020-10-29T10:26:41.217+0000: [ParNew: 16392K->6K(18432K), 0.0030324 secs] 595783K->579397K(896640K), 0.0031060 secs] [Times: user=0.00 sys=0.00, real=0.00 secs] 
2020-10-29T10:26:41.300+0000: [GC (Allocation Failure) 2020-10-29T10:26:41.300+0000: [ParNew: 16390K->6K(18432K), 0.0030116 secs] 595781K->579397K(896640K), 0.0030655 secs] [Times: user=0.00 sys=0.00, real=0.01 secs] 
2020-10-29T10:26:41.358+0000: [GC (GCLocker Initiated GC) 2020-10-29T10:26:41.358+0000: [ParNew: 16390K->6K(18432K), 0.0031971 secs] 595781K->579397K(896640K), 0.0032521 secs] [Times: user=0.01 sys=0.00, real=0.00 secs] 
2020-10-29T10:26:41.391+0000: [GC (GCLocker Initiated GC) 2020-10-29T10:26:41.391+0000: [ParNew: 16390K->6K(18432K), 0.0045591 secs] 595781K->579397K(896640K), 0.0046260 secs] [Times: user=0.00 sys=0.00, real=0.00 secs] 
2020-10-29T10:26:41.426+0000: [GC (Allocation Failure) 2020-10-29T10:26:41.426+0000: [ParNew: 16390K->6K(18432K), 0.0029942 secs] 595781K->579399K(896640K), 0.0030612 secs] [Times: user=0.00 sys=0.00, real=0.00 secs] 
2020-10-29T10:26:41.458+0000: [GC (Allocation Failure) 2020-10-29T10:26:41.458+0000: [ParNew: 16390K->4K(18432K), 0.0030129 secs] 595783K->579397K(896640K), 0.0030861 secs] [Times: user=0.00 sys=0.00, real=0.00 secs] 
2020-10-29T10:26:41.505+0000: [GC (Allocation Failure) 2020-10-29T10:26:41.505+0000: [ParNew: 16388K->4K(18432K), 0.0030281 secs] 595781K->579398K(896640K), 0.0030831 secs] [Times: user=0.01 sys=0.00, real=0.00 secs] 
2020-10-29T10:26:41.568+0000: [GC (Allocation Failure) 2020-10-29T10:26:41.568+0000: [ParNew: 16388K->4K(18432K), 0.0030172 secs] 595782K->579398K(896640K), 0.0030723 secs] [Times: user=0.00 sys=0.00, real=0.01 secs] 
2020-10-29T10:26:41.602+0000: [GC (Allocation Failure) 2020-10-29T10:26:41.602+0000: [ParNew: 16388K->4K(18432K), 0.0029627 secs] 595782K->579398K(896640K), 0.0030153 secs] [Times: user=0.01 sys=0.00, real=0.00 secs] 
2020-10-29T10:26:41.634+0000: [GC (Allocation Failure) 2020-10-29T10:26:41.634+0000: [ParNew: 16388K->4K(18432K), 0.0064955 secs] 595782K->579398K(896640K), 0.0065759 secs] [Times: user=0.01 sys=0.00, real=0.00 secs] 
2020-10-29T10:26:41.670+0000: [GC (Allocation Failure) 2020-10-29T10:26:41.670+0000: [ParNew: 16388K->4K(18432K), 0.0029097 secs] 595782K->579398K(896640K), 0.0029611 secs] [Times: user=0.01 sys=0.00, real=0.00 secs] 
2020-10-29T10:26:41.698+0000: [GC (Allocation Failure) 2020-10-29T10:26:41.698+0000: [ParNew: 16388K->4K(18432K), 0.0029792 secs] 595782K->579398K(896640K), 0.0030297 secs] [Times: user=0.00 sys=0.00, real=0.00 secs] 
2020-10-29T10:26:41.722+0000: [GC (Allocation Failure) 2020-10-29T10:26:41.722+0000: [ParNew: 16388K->4K(18432K), 0.0029653 secs] 595782K->579398K(896640K), 0.0030167 secs] [Times: user=0.00 sys=0.00, real=0.00 secs] 
2020-10-29T10:26:41.744+0000: [GC (Allocation Failure) 2020-10-29T10:26:41.744+0000: [ParNew: 16388K->4K(18432K), 0.0027698 secs] 595782K->579398K(896640K), 0.0028157 secs] [Times: user=0.01 sys=0.00, real=0.00 secs] 
2020-10-29T10:26:41.766+0000: [GC (Allocation Failure) 2020-10-29T10:26:41.766+0000: [ParNew: 16388K->4K(18432K), 0.0028851 secs] 595782K->579398K(896640K), 0.0029379 secs] [Times: user=0.00 sys=0.00, real=0.00 secs] 
2020-10-29T10:26:41.788+0000: [GC (Allocation Failure) 2020-10-29T10:26:41.788+0000: [ParNew: 16388K->4K(18432K), 0.0029100 secs] 595782K->579398K(896640K), 0.0029584 secs] [Times: user=0.00 sys=0.00, real=0.01 secs] 
2020-10-29T10:26:41.810+0000: [GC (Allocation Failure) 2020-10-29T10:26:41.810+0000: [ParNew: 16388K->4K(18432K), 0.0029307 secs] 595782K->579398K(896640K), 0.0029799 secs] [Times: user=0.01 sys=0.00, real=0.01 secs] 
2020-10-29T10:26:41.832+0000: [GC (Allocation Failure) 2020-10-29T10:26:41.832+0000: [ParNew: 16388K->4K(18432K), 0.0029604 secs] 595782K->579398K(896640K), 0.0030097 secs] [Times: user=0.01 sys=0.00, real=0.00 secs] 
2020-10-29T10:26:41.858+0000: [GC (Allocation Failure) 2020-10-29T10:26:41.858+0000: [ParNew: 16388K->4K(18432K), 0.0029200 secs] 595782K->579398K(896640K), 0.0029714 secs] [Times: user=0.01 sys=0.00, real=0.00 secs] 
2020-10-29T10:26:41.881+0000: [GC (Allocation Failure) 2020-10-29T10:26:41.881+0000: [ParNew: 16388K->4K(18432K), 0.0030085 secs] 595782K->579398K(896640K), 0.0030598 secs] [Times: user=0.00 sys=0.00, real=0.01 secs] 
2020-10-29T10:26:41.903+0000: [GC (Allocation Failure) 2020-10-29T10:26:41.903+0000: [ParNew: 16388K->4K(18432K), 0.0029653 secs] 595782K->579398K(896640K), 0.0030167 secs] [Times: user=0.01 sys=0.00, real=0.00 secs] 
2020-10-29T10:26:41.926+0000: [GC (Allocation Failure) 2020-10-29T10:26:41.926+0000: [ParNew: 16388K->4K(18432K), 0.0028332 secs] 595782K->579398K(896640K), 0.0028784 secs] [Times: user=0.01 sys=0.00, real=0.00 secs] 
2020-10-29T10:26:41.954+0000: [GC (Allocation Failure) 2020-10-29T10:26:41.954+0000: [ParNew: 16388K->4K(18432K), 0.0029460 secs] 595782K->579398K(896640K), 0.0030005 secs] [Times: user=0.00 sys=0.00, real=0.00 secs] 
2020-10-29T10:26:41.977+0000: [GC (Allocation Failure) 2020-10-29T10:26:41.977+0000: [ParNew: 16388K->4K(18432K), 0.0029736 secs] 595782K->579398K(896640K), 0.0030249 secs] [Times: user=0.01 sys=0.00, real=0.00 secs] 
2020-10-29T10:26:42.000+0000: [GC (Allocation Failure) 2020-10-29T10:26:42.000+0000: [ParNew: 16388K->4K(18432K), 0.0029712 secs] 595782K->579398K(896640K), 0.0030219 secs] [Times: user=0.00 sys=0.00, real=0.01 secs] 
2020-10-29T10:26:42.022+0000: [GC (Allocation Failure) 2020-10-29T10:26:42.022+0000: [ParNew: 16388K->4K(18432K), 0.0029780 secs] 595782K->579398K(896640K), 0.0030318 secs] [Times: user=0.01 sys=0.00, real=0.01 secs] 
2020-10-29T10:26:42.045+0000: [GC (GCLocker Initiated GC) 2020-10-29T10:26:42.045+0000: [ParNew: 16388K->4K(18432K), 0.0029902 secs] 595782K->579398K(896640K), 0.0030472 secs] [Times: user=0.00 sys=0.00, real=0.00 secs] 
2020-10-29T10:26:42.067+0000: [GC (Allocation Failure) 2020-10-29T10:26:42.068+0000: [ParNew: 16388K->4K(18432K), 0.0029054 secs] 595782K->579398K(896640K), 0.0029547 secs] [Times: user=0.01 sys=0.00, real=0.01 secs] 
2020-10-29T10:26:42.094+0000: [GC (Allocation Failure) 2020-10-29T10:26:42.094+0000: [ParNew: 16388K->4K(18432K), 0.0029951 secs] 595782K->579398K(896640K), 0.0030447 secs] [Times: user=0.00 sys=0.00, real=0.00 secs] 
2020-10-29T10:26:42.118+0000: [GC (Allocation Failure) 2020-10-29T10:26:42.118+0000: [ParNew: 16388K->4K(18432K), 0.0028861 secs] 595782K->579398K(896640K), 0.0029349 secs] [Times: user=0.00 sys=0.00, real=0.00 secs] 
2020-10-29T10:26:42.144+0000: [GC (Allocation Failure) 2020-10-29T10:26:42.144+0000: [ParNew: 16388K->4K(18432K), 0.0028672 secs] 595782K->579398K(896640K), 0.0029133 secs] [Times: user=0.01 sys=0.00, real=0.00 secs] 
2020-10-29T10:26:42.169+0000: [GC (Allocation Failure) 2020-10-29T10:26:42.169+0000: [ParNew: 16388K->4K(18432K), 0.0029034 secs] 595782K->579398K(896640K), 0.0029498 secs] [Times: user=0.00 sys=0.00, real=0.01 secs] 
2020-10-29T10:26:42.191+0000: [GC (Allocation Failure) 2020-10-29T10:26:42.191+0000: [ParNew: 16388K->4K(18432K), 0.0028991 secs] 595782K->579398K(896640K), 0.0029479 secs] [Times: user=0.01 sys=0.00, real=0.00 secs] 
2020-10-29T10:26:42.214+0000: [GC (Allocation Failure) 2020-10-29T10:26:42.214+0000: [ParNew: 16388K->4K(18432K), 0.0029167 secs] 595782K->579398K(896640K), 0.0029657 secs] [Times: user=0.01 sys=0.00, real=0.00 secs] 
2020-10-29T10:26:42.237+0000: [GC (GCLocker Initiated GC) 2020-10-29T10:26:42.237+0000: [ParNew: 16388K->4K(18432K), 0.0029336 secs] 595782K->579398K(896640K), 0.0029967 secs] [Times: user=0.00 sys=0.00, real=0.00 secs] 
2020-10-29T10:26:42.262+0000: [GC (Allocation Failure) 2020-10-29T10:26:42.262+0000: [ParNew: 16388K->4K(18432K), 0.0029528 secs] 595782K->579398K(896640K), 0.0030017 secs] [Times: user=0.01 sys=0.00, real=0.00 secs] 
2020-10-29T10:26:42.286+0000: [GC (Allocation Failure) 2020-10-29T10:26:42.286+0000: [ParNew: 16388K->4K(18432K), 0.0029899 secs] 595782K->579398K(896640K), 0.0030421 secs] [Times: user=0.01 sys=0.00, real=0.00 secs] 
2020-10-29T10:26:42.308+0000: [GC (Allocation Failure) 2020-10-29T10:26:42.308+0000: [ParNew: 16388K->4K(18432K), 0.0029896 secs] 595782K->579398K(896640K), 0.0030429 secs] [Times: user=0.01 sys=0.00, real=0.01 secs] 
2020-10-29T10:26:42.331+0000: [GC (Allocation Failure) 2020-10-29T10:26:42.331+0000: [ParNew: 16388K->4K(18432K), 0.0029515 secs] 595782K->579398K(896640K), 0.0030023 secs] [Times: user=0.00 sys=0.00, real=0.00 secs] 
2020-10-29T10:26:42.353+0000: [GC (Allocation Failure) 2020-10-29T10:26:42.353+0000: [ParNew: 16388K->4K(18432K), 0.0029132 secs] 595782K->579398K(896640K), 0.0029619 secs] [Times: user=0.01 sys=0.00, real=0.00 secs] 
2020-10-29T10:26:42.375+0000: [GC (Allocation Failure) 2020-10-29T10:26:42.375+0000: [ParNew: 16388K->4K(18432K), 0.0030104 secs] 595782K->579398K(896640K), 0.0030612 secs] [Times: user=0.00 sys=0.00, real=0.00 secs] 
2020-10-29T10:26:42.398+0000: [GC (Allocation Failure) 2020-10-29T10:26:42.398+0000: [ParNew: 16388K->4K(18432K), 0.0029989 secs] 595782K->579398K(896640K), 0.0030539 secs] [Times: user=0.01 sys=0.00, real=0.00 secs] 
2020-10-29T10:26:42.422+0000: [GC (Allocation Failure) 2020-10-29T10:26:42.422+0000: [ParNew: 16388K->4K(18432K), 0.0029748 secs] 595782K->579398K(896640K), 0.0030259 secs] [Times: user=0.00 sys=0.00, real=0.00 secs] 
2020-10-29T10:26:42.445+0000: [GC (Allocation Failure) 2020-10-29T10:26:42.445+0000: [ParNew: 16388K->4K(18432K), 0.0030129 secs] 595782K->579398K(896640K), 0.0030679 secs] [Times: user=0.01 sys=0.00, real=0.00 secs] 
2020-10-29T10:26:42.470+0000: [GC (Allocation Failure) 2020-10-29T10:26:42.470+0000: [ParNew: 16388K->4K(18432K), 0.0029777 secs] 595782K->579398K(896640K), 0.0030287 secs] [Times: user=0.01 sys=0.00, real=0.00 secs] 
2020-10-29T10:26:42.492+0000: [GC (Allocation Failure) 2020-10-29T10:26:42.492+0000: [ParNew: 16388K->4K(18432K), 0.0029486 secs] 595782K->579398K(896640K), 0.0029976 secs] [Times: user=0.01 sys=0.00, real=0.00 secs] 
2020-10-29T10:26:42.518+0000: [GC (Allocation Failure) 2020-10-29T10:26:42.518+0000: [ParNew: 16388K->4K(18432K), 0.0029585 secs] 595782K->579398K(896640K), 0.0030111 secs] [Times: user=0.01 sys=0.00, real=0.00 secs] 
2020-10-29T10:26:42.546+0000: [GC (Allocation Failure) 2020-10-29T10:26:42.546+0000: [ParNew: 16388K->4K(18432K), 0.0060509 secs] 595782K->579398K(896640K), 0.0061064 secs] [Times: user=0.01 sys=0.00, real=0.01 secs] 
2020-10-29T10:26:42.578+0000: [GC (Allocation Failure) 2020-10-29T10:26:42.578+0000: [ParNew: 16388K->4K(18432K), 0.0030347 secs] 595782K->579398K(896640K), 0.0030895 secs] [Times: user=0.01 sys=0.00, real=0.00 secs] 
2020-10-29T10:26:42.600+0000: [GC (Allocation Failure) 2020-10-29T10:26:42.600+0000: [ParNew: 16388K->4K(18432K), 0.0029666 secs] 595782K->579398K(896640K), 0.0030180 secs] [Times: user=0.01 sys=0.00, real=0.01 secs] 
2020-10-29T10:26:42.626+0000: [GC (Allocation Failure) 2020-10-29T10:26:42.626+0000: [ParNew: 16388K->4K(18432K), 0.0029763 secs] 595782K->579398K(896640K), 0.0030513 secs] [Times: user=0.00 sys=0.01, real=0.00 secs] 
2020-10-29T10:26:42.650+0000: [GC (Allocation Failure) 2020-10-29T10:26:42.650+0000: [ParNew: 16388K->4K(18432K), 0.0029004 secs] 595782K->579398K(896640K), 0.0029505 secs] [Times: user=0.01 sys=0.00, real=0.01 secs] 
2020-10-29T10:26:42.672+0000: [GC (Allocation Failure) 2020-10-29T10:26:42.672+0000: [ParNew: 16388K->4K(18432K), 0.0028972 secs] 595782K->579398K(896640K), 0.0029457 secs] [Times: user=0.00 sys=0.00, real=0.00 secs] 
2020-10-29T10:26:42.695+0000: [GC (Allocation Failure) 2020-10-29T10:26:42.695+0000: [ParNew: 16388K->4K(18432K), 0.0030177 secs] 595782K->579398K(896640K), 0.0030689 secs] [Times: user=0.00 sys=0.00, real=0.00 secs] 
2020-10-29T10:26:42.717+0000: [GC (Allocation Failure) 2020-10-29T10:26:42.717+0000: [ParNew: 16388K->4K(18432K), 0.0030258 secs] 595782K->579399K(896640K), 0.0030785 secs] [Times: user=0.01 sys=0.00, real=0.00 secs] 
2020-10-29T10:26:42.742+0000: [GC (Allocation Failure) 2020-10-29T10:26:42.742+0000: [ParNew: 16388K->4K(18432K), 0.0029943 secs] 595783K->579399K(896640K), 0.0030458 secs] [Times: user=0.01 sys=0.00, real=0.00 secs] 
2020-10-29T10:26:42.766+0000: [GC (Allocation Failure) 2020-10-29T10:26:42.766+0000: [ParNew: 16388K->4K(18432K), 0.0029821 secs] 595783K->579399K(896640K), 0.0030363 secs] [Times: user=0.01 sys=0.00, real=0.00 secs] 
2020-10-29T10:26:42.790+0000: [GC (Allocation Failure) 2020-10-29T10:26:42.790+0000: [ParNew: 16388K->4K(18432K), 0.0029938 secs] 595783K->579399K(896640K), 0.0030463 secs] [Times: user=0.01 sys=0.00, real=0.00 secs] 
2020-10-29T10:26:42.812+0000: [GC (Allocation Failure) 2020-10-29T10:26:42.812+0000: [ParNew: 16388K->4K(18432K), 0.0030064 secs] 595783K->579399K(896640K), 0.0030550 secs] [Times: user=0.01 sys=0.00, real=0.00 secs] 
2020-10-29T10:26:42.837+0000: [GC (GCLocker Initiated GC) 2020-10-29T10:26:42.837+0000: [ParNew: 16388K->4K(18432K), 0.0029871 secs] 595783K->579399K(896640K), 0.0030421 secs] [Times: user=0.01 sys=0.00, real=0.00 secs] 
2020-10-29T10:26:42.859+0000: [GC (Allocation Failure) 2020-10-29T10:26:42.859+0000: [ParNew: 16388K->4K(18432K), 0.0028986 secs] 595783K->579399K(896640K), 0.0029483 secs] [Times: user=0.01 sys=0.00, real=0.01 secs] 
2020-10-29T10:26:42.881+0000: [GC (Allocation Failure) 2020-10-29T10:26:42.881+0000: [ParNew: 16388K->4K(18432K), 0.0029287 secs] 595783K->579399K(896640K), 0.0029772 secs] [Times: user=0.01 sys=0.00, real=0.01 secs] 
2020-10-29T10:26:42.903+0000: [GC (Allocation Failure) 2020-10-29T10:26:42.903+0000: [ParNew: 16388K->4K(18432K), 0.0028944 secs] 595783K->579399K(896640K), 0.0029434 secs] [Times: user=0.00 sys=0.00, real=0.00 secs] 
2020-10-29T10:26:42.925+0000: [GC (Allocation Failure) 2020-10-29T10:26:42.925+0000: [ParNew: 16388K->4K(18432K), 0.0028820 secs] 595783K->579399K(896640K), 0.0029306 secs] [Times: user=0.00 sys=0.00, real=0.00 secs] 
2020-10-29T10:26:42.947+0000: [GC (Allocation Failure) 2020-10-29T10:26:42.947+0000: [ParNew: 16388K->4K(18432K), 0.0028311 secs] 595783K->579399K(896640K), 0.0028748 secs] [Times: user=0.01 sys=0.00, real=0.00 secs] 
2020-10-29T10:26:42.970+0000: [GC (Allocation Failure) 2020-10-29T10:26:42.970+0000: [ParNew: 16388K->4K(18432K), 0.0028890 secs] 595783K->579399K(896640K), 0.0029380 secs] [Times: user=0.00 sys=0.00, real=0.00 secs] 
2020-10-29T10:26:42.994+0000: [GC (Allocation Failure) 2020-10-29T10:26:42.994+0000: [ParNew: 16388K->4K(18432K), 0.0028349 secs] 595783K->579399K(896640K), 0.0028806 secs] [Times: user=0.00 sys=0.00, real=0.00 secs] 
2020-10-29T10:26:43.016+0000: [GC (Allocation Failure) 2020-10-29T10:26:43.016+0000: [ParNew: 16388K->4K(18432K), 0.0029488 secs] 595783K->579399K(896640K), 0.0029993 secs] [Times: user=0.00 sys=0.00, real=0.00 secs] 
2020-10-29T10:26:43.038+0000: [GC (Allocation Failure) 2020-10-29T10:26:43.038+0000: [ParNew: 16388K->4K(18432K), 0.0029795 secs] 595783K->579399K(896640K), 0.0030373 secs] [Times: user=0.00 sys=0.00, real=0.00 secs] 
2020-10-29T10:26:43.061+0000: [GC (Allocation Failure) 2020-10-29T10:26:43.061+0000: [ParNew: 16388K->4K(18432K), 0.0029992 secs] 595783K->579399K(896640K), 0.0030519 secs] [Times: user=0.01 sys=0.00, real=0.01 secs] 
2020-10-29T10:26:43.083+0000: [GC (Allocation Failure) 2020-10-29T10:26:43.083+0000: [ParNew: 16388K->4K(18432K), 0.0029561 secs] 595783K->579399K(896640K), 0.0030060 secs] [Times: user=0.00 sys=0.00, real=0.00 secs] 
2020-10-29T10:26:43.106+0000: [GC (Allocation Failure) 2020-10-29T10:26:43.106+0000: [ParNew: 16388K->4K(18432K), 0.0028950 secs] 595783K->579399K(896640K), 0.0029428 secs] [Times: user=0.01 sys=0.00, real=0.00 secs] 
2020-10-29T10:26:43.129+0000: [GC (Allocation Failure) 2020-10-29T10:26:43.129+0000: [ParNew: 16388K->4K(18432K), 0.0029464 secs] 595783K->579399K(896640K), 0.0030038 secs] [Times: user=0.01 sys=0.00, real=0.01 secs] 
2020-10-29T10:26:43.151+0000: [GC (Allocation Failure) 2020-10-29T10:26:43.151+0000: [ParNew: 16388K->4K(18432K), 0.0029146 secs] 595783K->579399K(896640K), 0.0029634 secs] [Times: user=0.00 sys=0.00, real=0.00 secs] 
2020-10-29T10:26:43.173+0000: [GC (Allocation Failure) 2020-10-29T10:26:43.173+0000: [ParNew: 16388K->4K(18432K), 0.0029878 secs] 595783K->579399K(896640K), 0.0030399 secs] [Times: user=0.01 sys=0.00, real=0.00 secs] 
2020-10-29T10:26:43.195+0000: [GC (Allocation Failure) 2020-10-29T10:26:43.195+0000: [ParNew: 16388K->4K(18432K), 0.0030098 secs] 595783K->579399K(896640K), 0.0030607 secs] [Times: user=0.00 sys=0.00, real=0.00 secs] 
2020-10-29T10:26:43.218+0000: [GC (Allocation Failure) 2020-10-29T10:26:43.218+0000: [ParNew: 16388K->4K(18432K), 0.0029771 secs] 595783K->579399K(896640K), 0.0030244 secs] [Times: user=0.01 sys=0.00, real=0.00 secs] 
2020-10-29T10:26:43.240+0000: [GC (Allocation Failure) 2020-10-29T10:26:43.240+0000: [ParNew: 16388K->4K(18432K), 0.0041608 secs] 595783K->579399K(896640K), 0.0042087 secs] [Times: user=0.01 sys=0.00, real=0.01 secs] 
2020-10-29T10:26:43.266+0000: [GC (Allocation Failure) 2020-10-29T10:26:43.266+0000: [ParNew: 16388K->4K(18432K), 0.0028445 secs] 595783K->579399K(896640K), 0.0028969 secs] [Times: user=0.00 sys=0.00, real=0.00 secs] 
2020-10-29T10:26:43.287+0000: [GC (Allocation Failure) 2020-10-29T10:26:43.287+0000: [ParNew: 16388K->4K(18432K), 0.0029594 secs] 595783K->579399K(896640K), 0.0030082 secs] [Times: user=0.00 sys=0.00, real=0.01 secs] 
2020-10-29T10:26:43.310+0000: [GC (Allocation Failure) 2020-10-29T10:26:43.310+0000: [ParNew: 16388K->4K(18432K), 0.0029642 secs] 595783K->579399K(896640K), 0.0030174 secs] [Times: user=0.00 sys=0.00, real=0.00 secs] 
2020-10-29T10:26:43.334+0000: [GC (Allocation Failure) 2020-10-29T10:26:43.334+0000: [ParNew: 16388K->4K(18432K), 0.0029246 secs] 595783K->579399K(896640K), 0.0029724 secs] [Times: user=0.01 sys=0.00, real=0.00 secs] 
2020-10-29T10:26:43.358+0000: [GC (Allocation Failure) 2020-10-29T10:26:43.358+0000: [ParNew: 16388K->4K(18432K), 0.0029255 secs] 595783K->579399K(896640K), 0.0029737 secs] [Times: user=0.01 sys=0.00, real=0.00 secs] 
2020-10-29T10:26:43.382+0000: [GC (Allocation Failure) 2020-10-29T10:26:43.382+0000: [ParNew: 16388K->4K(18432K), 0.0029537 secs] 595783K->579399K(896640K), 0.0030051 secs] [Times: user=0.00 sys=0.00, real=0.00 secs] 
2020-10-29T10:26:43.405+0000: [GC (Allocation Failure) 2020-10-29T10:26:43.405+0000: [ParNew: 16388K->4K(18432K), 0.0029666 secs] 595783K->579399K(896640K), 0.0030182 secs] [Times: user=0.01 sys=0.00, real=0.00 secs] 
2020-10-29T10:26:43.426+0000: [GC (Allocation Failure) 2020-10-29T10:26:43.427+0000: [ParNew: 16388K->4K(18432K), 0.0029373 secs] 595783K->579399K(896640K), 0.0029878 secs] [Times: user=0.00 sys=0.00, real=0.00 secs] 
2020-10-29T10:26:43.450+0000: [GC (GCLocker Initiated GC) 2020-10-29T10:26:43.450+0000: [ParNew: 16388K->4K(18432K), 0.0029672 secs] 595783K->579399K(896640K), 0.0030177 secs] [Times: user=0.01 sys=0.00, real=0.00 secs] 
2020-10-29T10:26:43.478+0000: [GC (Allocation Failure) 2020-10-29T10:26:43.478+0000: [ParNew: 16388K->4K(18432K), 0.0029435 secs] 595783K->579399K(896640K), 0.0029945 secs] [Times: user=0.01 sys=0.00, real=0.00 secs] 
2020-10-29T10:26:43.502+0000: [GC (Allocation Failure) 2020-10-29T10:26:43.502+0000: [ParNew: 16388K->4K(18432K), 0.0047454 secs] 595783K->579399K(896640K), 0.0047964 secs] [Times: user=0.00 sys=0.00, real=0.00 secs] 
2020-10-29T10:26:43.530+0000: [GC (Allocation Failure) 2020-10-29T10:26:43.530+0000: [ParNew: 16388K->4K(18432K), 0.0029425 secs] 595783K->579399K(896640K), 0.0029929 secs] [Times: user=0.01 sys=0.00, real=0.00 secs] 
2020-10-29T10:26:43.553+0000: [GC (Allocation Failure) 2020-10-29T10:26:43.553+0000: [ParNew: 16388K->4K(18432K), 0.0029400 secs] 595783K->579399K(896640K), 0.0029894 secs] [Times: user=0.01 sys=0.00, real=0.00 secs] 
2020-10-29T10:26:43.575+0000: [GC (Allocation Failure) 2020-10-29T10:26:43.575+0000: [ParNew: 16388K->4K(18432K), 0.0029121 secs] 595783K->579399K(896640K), 0.0029718 secs] [Times: user=0.00 sys=0.00, real=0.00 secs] 
2020-10-29T10:26:43.598+0000: [GC (Allocation Failure) 2020-10-29T10:26:43.598+0000: [ParNew: 16388K->4K(18432K), 0.0029985 secs] 595783K->579399K(896640K), 0.0030516 secs] [Times: user=0.01 sys=0.00, real=0.00 secs] 
2020-10-29T10:26:43.626+0000: [GC (Allocation Failure) 2020-10-29T10:26:43.626+0000: [ParNew: 16388K->4K(18432K), 0.0029315 secs] 595783K->579399K(896640K), 0.0029824 secs] [Times: user=0.00 sys=0.00, real=0.00 secs] 
2020-10-29T10:26:43.650+0000: [GC (Allocation Failure) 2020-10-29T10:26:43.650+0000: [ParNew: 16388K->4K(18432K), 0.0029561 secs] 595783K->579399K(896640K), 0.0030083 secs] [Times: user=0.01 sys=0.00, real=0.00 secs] 
2020-10-29T10:26:43.674+0000: [GC (Allocation Failure) 2020-10-29T10:26:43.674+0000: [ParNew: 16388K->4K(18432K), 0.0029478 secs] 595783K->579399K(896640K), 0.0029984 secs] [Times: user=0.01 sys=0.00, real=0.00 secs] 
2020-10-29T10:26:43.701+0000: [GC (GCLocker Initiated GC) 2020-10-29T10:26:43.701+0000: [ParNew: 16388K->4K(18432K), 0.0030720 secs] 595783K->579399K(896640K), 0.0031211 secs] [Times: user=0.01 sys=0.00, real=0.01 secs] 
2020-10-29T10:26:43.726+0000: [GC (Allocation Failure) 2020-10-29T10:26:43.726+0000: [ParNew: 16388K->4K(18432K), 0.0029486 secs] 595783K->579399K(896640K), 0.0029990 secs] [Times: user=0.00 sys=0.00, real=0.00 secs] 
2020-10-29T10:26:43.748+0000: [GC (Allocation Failure) 2020-10-29T10:26:43.748+0000: [ParNew: 16388K->4K(18432K), 0.0029787 secs] 595783K->579399K(896640K), 0.0030297 secs] [Times: user=0.01 sys=0.00, real=0.01 secs] 
2020-10-29T10:26:43.771+0000: [GC (Allocation Failure) 2020-10-29T10:26:43.771+0000: [ParNew: 16388K->4K(18432K), 0.0028735 secs] 595783K->579399K(896640K), 0.0029251 secs] [Times: user=0.00 sys=0.00, real=0.00 secs] 
2020-10-29T10:26:43.793+0000: [GC (Allocation Failure) 2020-10-29T10:26:43.793+0000: [ParNew: 16388K->4K(18432K), 0.0029450 secs] 595783K->579399K(896640K), 0.0030064 secs] [Times: user=0.01 sys=0.00, real=0.00 secs] 
2020-10-29T10:26:43.818+0000: [GC (GCLocker Initiated GC) 2020-10-29T10:26:43.818+0000: [ParNew: 16388K->4K(18432K), 0.0029303 secs] 595783K->579399K(896640K), 0.0029821 secs] [Times: user=0.00 sys=0.00, real=0.00 secs] 
2020-10-29T10:26:43.840+0000: [GC (Allocation Failure) 2020-10-29T10:26:43.840+0000: [ParNew: 16388K->4K(18432K), 0.0029914 secs] 595783K->579399K(896640K), 0.0030437 secs] [Times: user=0.01 sys=0.00, real=0.01 secs] 
2020-10-29T10:26:43.862+0000: [GC (Allocation Failure) 2020-10-29T10:26:43.862+0000: [ParNew: 16388K->4K(18432K), 0.0029744 secs] 595783K->579399K(896640K), 0.0030263 secs] [Times: user=0.01 sys=0.00, real=0.01 secs] 
2020-10-29T10:26:43.884+0000: [GC (Allocation Failure) 2020-10-29T10:26:43.884+0000: [ParNew: 16388K->4K(18432K), 0.0029533 secs] 595783K->579399K(896640K), 0.0030091 secs] [Times: user=0.00 sys=0.00, real=0.00 secs] 
2020-10-29T10:26:43.907+0000: [GC (Allocation Failure) 2020-10-29T10:26:43.907+0000: [ParNew: 16388K->4K(18432K), 0.0030421 secs] 595783K->579399K(896640K), 0.0030940 secs] [Times: user=0.00 sys=0.00, real=0.00 secs] 
2020-10-29T10:26:43.930+0000: [GC (Allocation Failure) 2020-10-29T10:26:43.930+0000: [ParNew: 16388K->4K(18432K), 0.0029845 secs] 595783K->579399K(896640K), 0.0030383 secs] [Times: user=0.00 sys=0.00, real=0.00 secs] 
2020-10-29T10:26:43.952+0000: [GC (Allocation Failure) 2020-10-29T10:26:43.952+0000: [ParNew: 16388K->4K(18432K), 0.0029831 secs] 595783K->579399K(896640K), 0.0030328 secs] [Times: user=0.01 sys=0.00, real=0.00 secs] 
2020-10-29T10:26:43.978+0000: [GC (Allocation Failure) 2020-10-29T10:26:43.978+0000: [ParNew: 16388K->4K(18432K), 0.0030052 secs] 595783K->579399K(896640K), 0.0030550 secs] [Times: user=0.00 sys=0.00, real=0.00 secs] 
2020-10-29T10:26:44.000+0000: [GC (Allocation Failure) 2020-10-29T10:26:44.000+0000: [ParNew: 16388K->4K(18432K), 0.0028834 secs] 595783K->579399K(896640K), 0.0029275 secs] [Times: user=0.01 sys=0.00, real=0.01 secs] 
2020-10-29T10:26:44.026+0000: [GC (Allocation Failure) 2020-10-29T10:26:44.026+0000: [ParNew: 16388K->4K(18432K), 0.0028926 secs] 595783K->579399K(896640K), 0.0029402 secs] [Times: user=0.00 sys=0.00, real=0.00 secs] 
2020-10-29T10:26:44.049+0000: [GC (Allocation Failure) 2020-10-29T10:26:44.049+0000: [ParNew: 16388K->4K(18432K), 0.0028509 secs] 595783K->579399K(896640K), 0.0028961 secs] [Times: user=0.00 sys=0.00, real=0.01 secs] 
2020-10-29T10:26:44.071+0000: [GC (Allocation Failure) 2020-10-29T10:26:44.071+0000: [ParNew: 16388K->4K(18432K), 0.0028739 secs] 595783K->579399K(896640K), 0.0029210 secs] [Times: user=0.00 sys=0.00, real=0.00 secs] 
2020-10-29T10:26:44.094+0000: [GC (Allocation Failure) 2020-10-29T10:26:44.094+0000: [ParNew: 16388K->4K(18432K), 0.0029206 secs] 595783K->579399K(896640K), 0.0029667 secs] [Times: user=0.01 sys=0.00, real=0.00 secs] 
2020-10-29T10:26:44.116+0000: [GC (Allocation Failure) 2020-10-29T10:26:44.116+0000: [ParNew: 16388K->4K(18432K), 0.0028869 secs] 595783K->579399K(896640K), 0.0029352 secs] [Times: user=0.00 sys=0.00, real=0.00 secs] 
2020-10-29T10:26:44.138+0000: [GC (Allocation Failure) 2020-10-29T10:26:44.138+0000: [ParNew: 16388K->4K(18432K), 0.0029126 secs] 595783K->579399K(896640K), 0.0029694 secs] [Times: user=0.00 sys=0.00, real=0.00 secs] 
2020-10-29T10:26:44.160+0000: [GC (Allocation Failure) 2020-10-29T10:26:44.160+0000: [ParNew: 16388K->4K(18432K), 0.0029463 secs] 595783K->579399K(896640K), 0.0029954 secs] [Times: user=0.01 sys=0.00, real=0.01 secs] 
2020-10-29T10:26:44.186+0000: [GC (Allocation Failure) 2020-10-29T10:26:44.186+0000: [ParNew: 16388K->4K(18432K), 0.0029804 secs] 595783K->579399K(896640K), 0.0030396 secs] [Times: user=0.00 sys=0.00, real=0.00 secs] 
2020-10-29T10:26:44.210+0000: [GC (Allocation Failure) 2020-10-29T10:26:44.210+0000: [ParNew: 16388K->4K(18432K), 0.0028551 secs] 595783K->579399K(896640K), 0.0029004 secs] [Times: user=0.00 sys=0.00, real=0.00 secs] 
2020-10-29T10:26:44.234+0000: [GC (Allocation Failure) 2020-10-29T10:26:44.234+0000: [ParNew: 16388K->4K(18432K), 0.0028944 secs] 595783K->579399K(896640K), 0.0029419 secs] [Times: user=0.00 sys=0.00, real=0.00 secs] 
2020-10-29T10:26:44.256+0000: [GC (Allocation Failure) 2020-10-29T10:26:44.256+0000: [ParNew: 16388K->4K(18432K), 0.0028710 secs] 595783K->579399K(896640K), 0.0029164 secs] [Times: user=0.01 sys=0.00, real=0.00 secs] 
2020-10-29T10:26:44.279+0000: [GC (Allocation Failure) 2020-10-29T10:26:44.279+0000: [ParNew: 16388K->4K(18432K), 0.0028433 secs] 595783K->579399K(896640K), 0.0028906 secs] [Times: user=0.01 sys=0.00, real=0.00 secs] 
2020-10-29T10:26:44.302+0000: [GC (Allocation Failure) 2020-10-29T10:26:44.302+0000: [ParNew: 16388K->4K(18432K), 0.0028581 secs] 595783K->579399K(896640K), 0.0029039 secs] [Times: user=0.01 sys=0.00, real=0.00 secs] 
2020-10-29T10:26:44.324+0000: [GC (Allocation Failure) 2020-10-29T10:26:44.324+0000: [ParNew: 16388K->4K(18432K), 0.0028505 secs] 595783K->579399K(896640K), 0.0028941 secs] [Times: user=0.01 sys=0.00, real=0.00 secs] 
2020-10-29T10:26:44.345+0000: [GC (Allocation Failure) 2020-10-29T10:26:44.345+0000: [ParNew: 16388K->4K(18432K), 0.0028797 secs] 595783K->579399K(896640K), 0.0029231 secs] [Times: user=0.01 sys=0.00, real=0.00 secs] 
2020-10-29T10:26:44.418+0000: [GC (Allocation Failure) 2020-10-29T10:26:44.418+0000: [ParNew: 16388K->17K(18432K), 0.0030484 secs] 595783K->579413K(896640K), 0.0030957 secs] [Times: user=0.01 sys=0.00, real=0.00 secs] 
2020-10-29T10:26:44.474+0000: [GC (Allocation Failure) 2020-10-29T10:26:44.474+0000: [ParNew: 16401K->10K(18432K), 0.0030164 secs] 595797K->579405K(896640K), 0.0031081 secs] [Times: user=0.01 sys=0.01, real=0.00 secs] 
2020-10-29T10:26:44.526+0000: [GC (Allocation Failure) 2020-10-29T10:26:44.526+0000: [ParNew: 16394K->12K(18432K), 0.0030240 secs] 595789K->579407K(896640K), 0.0030948 secs] [Times: user=0.01 sys=0.00, real=0.00 secs] 
2020-10-29T10:26:44.569+0000: [GC (Allocation Failure) 2020-10-29T10:26:44.569+0000: [ParNew: 16396K->13K(18432K), 0.0029812 secs] 595791K->579408K(896640K), 0.0030650 secs] [Times: user=0.01 sys=0.00, real=0.01 secs] 
2020-10-29T10:26:44.610+0000: [GC (Allocation Failure) 2020-10-29T10:26:44.610+0000: [ParNew: 16397K->13K(18432K), 0.0030618 secs] 595792K->579408K(896640K), 0.0031406 secs] [Times: user=0.01 sys=0.00, real=0.01 secs] 
2020-10-29T10:26:44.651+0000: [GC (Allocation Failure) 2020-10-29T10:26:44.651+0000: [ParNew: 16397K->13K(18432K), 0.0030291 secs] 595792K->579408K(896640K), 0.0031051 secs] [Times: user=0.01 sys=0.00, real=0.00 secs] 
2020-10-29T10:26:44.692+0000: [GC (Allocation Failure) 2020-10-29T10:26:44.692+0000: [ParNew: 16397K->8K(18432K), 0.0031095 secs] 595792K->579412K(896640K), 0.0031655 secs] [Times: user=0.01 sys=0.00, real=0.00 secs] 
2020-10-29T10:26:44.719+0000: [GC (Allocation Failure) 2020-10-29T10:26:44.719+0000: [ParNew: 16392K->4K(18432K), 0.0029314 secs] 595796K->579408K(896640K), 0.0029787 secs] [Times: user=0.00 sys=0.00, real=0.00 secs] 
2020-10-29T10:26:44.744+0000: [GC (Allocation Failure) 2020-10-29T10:26:44.744+0000: [ParNew: 16388K->4K(18432K), 0.0028690 secs] 595792K->579408K(896640K), 0.0029147 secs] [Times: user=0.00 sys=0.00, real=0.00 secs] 
2020-10-29T10:26:44.769+0000: [GC (Allocation Failure) 2020-10-29T10:26:44.769+0000: [ParNew: 16388K->4K(18432K), 0.0029177 secs] 595792K->579408K(896640K), 0.0029663 secs] [Times: user=0.00 sys=0.00, real=0.01 secs] 
2020-10-29T10:26:44.793+0000: [GC (Allocation Failure) 2020-10-29T10:26:44.793+0000: [ParNew: 16388K->4K(18432K), 0.0029380 secs] 595792K->579408K(896640K), 0.0029831 secs] [Times: user=0.00 sys=0.00, real=0.00 secs] 
2020-10-29T10:26:44.818+0000: [GC (Allocation Failure) 2020-10-29T10:26:44.818+0000: [ParNew: 16388K->4K(18432K), 0.0028749 secs] 595792K->579408K(896640K), 0.0029165 secs] [Times: user=0.00 sys=0.00, real=0.00 secs] 
2020-10-29T10:26:44.842+0000: [GC (Allocation Failure) 2020-10-29T10:26:44.842+0000: [ParNew: 16388K->4K(18432K), 0.0028505 secs] 595792K->579408K(896640K), 0.0028977 secs] [Times: user=0.01 sys=0.00, real=0.01 secs] 
2020-10-29T10:26:44.866+0000: [GC (Allocation Failure) 2020-10-29T10:26:44.866+0000: [ParNew: 16388K->4K(18432K), 0.0028094 secs] 595792K->579408K(896640K), 0.0028543 secs] [Times: user=0.01 sys=0.00, real=0.00 secs] 
2020-10-29T10:26:44.890+0000: [GC (Allocation Failure) 2020-10-29T10:26:44.890+0000: [ParNew: 16388K->4K(18432K), 0.0029490 secs] 595792K->579408K(896640K), 0.0029988 secs] [Times: user=0.01 sys=0.00, real=0.01 secs] 
2020-10-29T10:26:44.914+0000: [GC (Allocation Failure) 2020-10-29T10:26:44.914+0000: [ParNew: 16388K->4K(18432K), 0.0029722 secs] 595792K->579408K(896640K), 0.0030221 secs] [Times: user=0.00 sys=0.00, real=0.00 secs] 
2020-10-29T10:26:44.939+0000: [GC (Allocation Failure) 2020-10-29T10:26:44.939+0000: [ParNew: 16388K->4K(18432K), 0.0028606 secs] 595792K->579408K(896640K), 0.0029074 secs] [Times: user=0.00 sys=0.00, real=0.00 secs] 
2020-10-29T10:26:44.962+0000: [GC (Allocation Failure) 2020-10-29T10:26:44.963+0000: [ParNew: 16388K->4K(18432K), 0.0027893 secs] 595792K->579408K(896640K), 0.0028327 secs] [Times: user=0.01 sys=0.00, real=0.00 secs] 
2020-10-29T10:26:46.184+0000: [GC (Allocation Failure) 2020-10-29T10:26:46.184+0000: [ParNew: 16388K->451K(18432K), 0.0035415 secs] 595792K->579854K(896640K), 0.0035908 secs] [Times: user=0.01 sys=0.00, real=0.00 secs] 
2020-10-29T10:26:46.340+0000: [GC (Allocation Failure) 2020-10-29T10:26:46.340+0000: [ParNew: 16835K->1326K(18432K), 0.0050694 secs] 596238K->580730K(896640K), 0.0051374 secs] [Times: user=0.01 sys=0.00, real=0.01 secs] 
2020-10-29T10:26:46.560+0000: [GC (Allocation Failure) 2020-10-29T10:26:46.560+0000: [ParNew: 17710K->2048K(18432K), 0.0071850 secs] 597114K->581890K(896640K), 0.0072544 secs] [Times: user=0.01 sys=0.00, real=0.01 secs] 
2020-10-29T10:26:46.597+0000: [GC (Allocation Failure) 2020-10-29T10:26:46.597+0000: [ParNew: 18432K->1512K(18432K), 0.0076331 secs] 598274K->583182K(896640K), 0.0076840 secs] [Times: user=0.02 sys=0.00, real=0.01 secs] 
2020-10-29T10:26:46.634+0000: [GC (Allocation Failure) 2020-10-29T10:26:46.634+0000: [ParNew: 17896K->508K(18432K), 0.0031832 secs] 599566K->582178K(896640K), 0.0032383 secs] [Times: user=0.01 sys=0.00, real=0.00 secs] 
2020-10-29T10:26:46.664+0000: [GC (Allocation Failure) 2020-10-29T10:26:46.664+0000: [ParNew: 16892K->554K(18432K), 0.0031170 secs] 598562K->582223K(896640K), 0.0031703 secs] [Times: user=0.00 sys=0.00, real=0.00 secs] 
2020-10-29T10:26:46.690+0000: [GC (Allocation Failure) 2020-10-29T10:26:46.690+0000: [ParNew: 16938K->895K(18432K), 0.0031152 secs] 598607K->582565K(896640K), 0.0031666 secs] [Times: user=0.00 sys=0.00, real=0.00 secs] 
2020-10-29T10:26:46.718+0000: [GC (Allocation Failure) 2020-10-29T10:26:46.718+0000: [ParNew: 17279K->1058K(18432K), 0.0030709 secs] 598949K->582728K(896640K), 0.0031202 secs] [Times: user=0.00 sys=0.00, real=0.00 secs] 
2020-10-29T10:26:46.742+0000: [GC (Allocation Failure) 2020-10-29T10:26:46.742+0000: [ParNew: 17442K->526K(18432K), 0.0030597 secs] 599112K->582464K(896640K), 0.0031077 secs] [Times: user=0.01 sys=0.00, real=0.01 secs] 
2020-10-29T10:26:46.766+0000: [GC (Allocation Failure) 2020-10-29T10:26:46.766+0000: [ParNew: 16910K->1028K(18432K), 0.0030050 secs] 598848K->582966K(896640K), 0.0030532 secs] [Times: user=0.00 sys=0.00, real=0.00 secs] 
2020-10-29T10:26:46.794+0000: [GC (Allocation Failure) 2020-10-29T10:26:46.794+0000: [ParNew: 17412K->1028K(18432K), 0.0031857 secs] 599350K->583478K(896640K), 0.0032379 secs] [Times: user=0.00 sys=0.00, real=0.00 secs] 
2020-10-29T10:26:46.820+0000: [GC (Allocation Failure) 2020-10-29T10:26:46.820+0000: [ParNew: 17412K->4K(18432K), 0.0029776 secs] 599862K->582966K(896640K), 0.0030216 secs] [Times: user=0.00 sys=0.00, real=0.01 secs] 
2020-10-29T10:26:46.844+0000: [GC (Allocation Failure) 2020-10-29T10:26:46.844+0000: [ParNew: 16388K->4K(18432K), 0.0027990 secs] 599350K->582966K(896640K), 0.0028445 secs] [Times: user=0.01 sys=0.00, real=0.00 secs] 
2020-10-29T10:26:46.870+0000: [GC (Allocation Failure) 2020-10-29T10:26:46.870+0000: [ParNew: 16388K->4K(18432K), 0.0028099 secs] 599350K->582966K(896640K), 0.0028564 secs] [Times: user=0.01 sys=0.00, real=0.00 secs] 
2020-10-29T10:26:46.898+0000: [GC (Allocation Failure) 2020-10-29T10:26:46.898+0000: [ParNew: 16388K->4K(18432K), 0.0030103 secs] 599350K->582966K(896640K), 0.0030614 secs] [Times: user=0.01 sys=0.00, real=0.00 secs] 
2020-10-29T10:26:46.921+0000: [GC (Allocation Failure) 2020-10-29T10:26:46.921+0000: [ParNew: 16388K->4K(18432K), 0.0029515 secs] 599350K->582966K(896640K), 0.0030011 secs] [Times: user=0.01 sys=0.00, real=0.01 secs] 
2020-10-29T10:26:46.944+0000: [GC (Allocation Failure) 2020-10-29T10:26:46.944+0000: [ParNew: 16388K->1028K(18432K), 0.0033550 secs] 599350K->585014K(896640K), 0.0034255 secs] [Times: user=0.00 sys=0.00, real=0.00 secs] 
2020-10-29T10:26:46.966+0000: [GC (Allocation Failure) 2020-10-29T10:26:46.966+0000: [ParNew: 17412K->4K(18432K), 0.0029105 secs] 601398K->583990K(896640K), 0.0029605 secs] [Times: user=0.00 sys=0.00, real=0.00 secs] 
2020-10-29T10:26:46.986+0000: [GC (Allocation Failure) 2020-10-29T10:26:46.986+0000: [ParNew: 16388K->4K(18432K), 0.0026711 secs] 600374K->583990K(896640K), 0.0027234 secs] [Times: user=0.00 sys=0.00, real=0.00 secs] 
2020-10-29T10:26:47.006+0000: [GC (Allocation Failure) 2020-10-29T10:26:47.006+0000: [ParNew: 16388K->4K(18432K), 0.0028493 secs] 600374K->583990K(896640K), 0.0028976 secs] [Times: user=0.01 sys=0.00, real=0.00 secs] 
2020-10-29T10:26:47.026+0000: [GC (Allocation Failure) 2020-10-29T10:26:47.026+0000: [ParNew: 16388K->4K(18432K), 0.0027645 secs] 600374K->583990K(896640K), 0.0028076 secs] [Times: user=0.00 sys=0.00, real=0.00 secs] 
2020-10-29T10:26:47.050+0000: [GC (Allocation Failure) 2020-10-29T10:26:47.050+0000: [ParNew: 16388K->4K(18432K), 0.0028197 secs] 600374K->583990K(896640K), 0.0028639 secs] [Times: user=0.01 sys=0.00, real=0.01 secs] 
2020-10-29T10:26:47.077+0000: [GC (Allocation Failure) 2020-10-29T10:26:47.077+0000: [ParNew: 16388K->4K(18432K), 0.0030704 secs] 600374K->583990K(896640K), 0.0031252 secs] [Times: user=0.01 sys=0.00, real=0.00 secs] 
2020-10-29T10:26:47.100+0000: [GC (Allocation Failure) 2020-10-29T10:26:47.100+0000: [ParNew: 16388K->4K(18432K), 0.0031126 secs] 600374K->583990K(896640K), 0.0031672 secs] [Times: user=0.01 sys=0.00, real=0.01 secs] 
2020-10-29T10:26:47.126+0000: [GC (Allocation Failure) 2020-10-29T10:26:47.126+0000: [ParNew: 16388K->4K(18432K), 0.0030368 secs] 600374K->583990K(896640K), 0.0030926 secs] [Times: user=0.01 sys=0.00, real=0.00 secs] 
2020-10-29T10:26:47.161+0000: [GC (Allocation Failure) 2020-10-29T10:26:47.161+0000: [ParNew: 16388K->4K(18432K), 0.0036681 secs] 600374K->583990K(896640K), 0.0037242 secs] [Times: user=0.01 sys=0.00, real=0.01 secs] 
2020-10-29T10:26:47.190+0000: [GC (Allocation Failure) 2020-10-29T10:26:47.190+0000: [ParNew: 16388K->4K(18432K), 0.0029650 secs] 600374K->583990K(896640K), 0.0030326 secs] [Times: user=0.01 sys=0.00, real=0.00 secs] 
2020-10-29T10:26:47.218+0000: [GC (Allocation Failure) 2020-10-29T10:26:47.218+0000: [ParNew: 16388K->4K(18432K), 0.0067366 secs] 600374K->583990K(896640K), 0.0068044 secs] [Times: user=0.01 sys=0.00, real=0.01 secs] 
2020-10-29T10:26:47.249+0000: [GC (Allocation Failure) 2020-10-29T10:26:47.249+0000: [ParNew: 16388K->4K(18432K), 0.0089047 secs] 600374K->583990K(896640K), 0.0089610 secs] [Times: user=0.02 sys=0.00, real=0.01 secs] 
2020-10-29T10:26:47.290+0000: [GC (Allocation Failure) 2020-10-29T10:26:47.290+0000: [ParNew: 16388K->4K(18432K), 0.0030560 secs] 600374K->583990K(896640K), 0.0031077 secs] [Times: user=0.00 sys=0.00, real=0.01 secs] 
2020-10-29T10:26:47.322+0000: [GC (Allocation Failure) 2020-10-29T10:26:47.322+0000: [ParNew: 16388K->4K(18432K), 0.0033410 secs] 600374K->586038K(896640K), 0.0034092 secs] [Times: user=0.00 sys=0.00, real=0.01 secs] 
2020-10-29T10:26:47.357+0000: [GC (Allocation Failure) 2020-10-29T10:26:47.357+0000: [ParNew: 16388K->4K(18432K), 0.0030188 secs] 602422K->586039K(896640K), 0.0030837 secs] [Times: user=0.01 sys=0.00, real=0.00 secs] 
2020-10-29T10:26:47.392+0000: [GC (Allocation Failure) 2020-10-29T10:26:47.392+0000: [ParNew: 16388K->2K(18432K), 0.0062815 secs] 602423K->586037K(896640K), 0.0063374 secs] [Times: user=0.01 sys=0.00, real=0.00 secs] 
2020-10-29T10:26:47.430+0000: [GC (Allocation Failure) 2020-10-29T10:26:47.430+0000: [ParNew: 16386K->2K(18432K), 0.0066291 secs] 602421K->586037K(896640K), 0.0067069 secs] [Times: user=0.01 sys=0.00, real=0.00 secs] 
2020-10-29T10:26:47.472+0000: [GC (Allocation Failure) 2020-10-29T10:26:47.472+0000: [ParNew: 16386K->4K(18432K), 0.0101408 secs] 602421K->586039K(896640K), 0.0102131 secs] [Times: user=0.02 sys=0.00, real=0.01 secs] 
2020-10-29T10:26:47.514+0000: [GC (Allocation Failure) 2020-10-29T10:26:47.514+0000: [ParNew: 16388K->4K(18432K), 0.0065700 secs] 602423K->586039K(896640K), 0.0066664 secs] [Times: user=0.01 sys=0.00, real=0.00 secs] 
2020-10-29T10:26:47.553+0000: [GC (Allocation Failure) 2020-10-29T10:26:47.553+0000: [ParNew: 16388K->4K(18432K), 0.0031265 secs] 602423K->586039K(896640K), 0.0031846 secs] [Times: user=0.01 sys=0.00, real=0.00 secs] 
2020-10-29T10:26:47.586+0000: [GC (Allocation Failure) 2020-10-29T10:26:47.586+0000: [ParNew: 16388K->4K(18432K), 0.0030269 secs] 602423K->586039K(896640K), 0.0030833 secs] [Times: user=0.01 sys=0.00, real=0.00 secs] 
2020-10-29T10:26:47.605+0000: [GC (Allocation Failure) 2020-10-29T10:26:47.605+0000: [ParNew: 16388K->4K(18432K), 0.0029927 secs] 602423K->586039K(896640K), 0.0030447 secs] [Times: user=0.01 sys=0.00, real=0.00 secs] 
2020-10-29T10:26:47.624+0000: [GC (Allocation Failure) 2020-10-29T10:26:47.624+0000: [ParNew: 16388K->4K(18432K), 0.0029898 secs] 602423K->586039K(896640K), 0.0030452 secs] [Times: user=0.00 sys=0.00, real=0.00 secs] 
2020-10-29T10:26:47.643+0000: [GC (Allocation Failure) 2020-10-29T10:26:47.643+0000: [ParNew: 16388K->4K(18432K), 0.0029225 secs] 602423K->586039K(896640K), 0.0029722 secs] [Times: user=0.00 sys=0.00, real=0.00 secs] 
2020-10-29T10:26:47.660+0000: [GC (Allocation Failure) 2020-10-29T10:26:47.660+0000: [ParNew: 16388K->4K(18432K), 0.0029581 secs] 602423K->586039K(896640K), 0.0030099 secs] [Times: user=0.01 sys=0.00, real=0.01 secs] 
2020-10-29T10:26:47.677+0000: [GC (Allocation Failure) 2020-10-29T10:26:47.677+0000: [ParNew: 16388K->4K(18432K), 0.0028632 secs] 602423K->586039K(896640K), 0.0029103 secs] [Times: user=0.01 sys=0.00, real=0.00 secs] 
2020-10-29T10:26:47.695+0000: [GC (Allocation Failure) 2020-10-29T10:26:47.695+0000: [ParNew: 16388K->4K(18432K), 0.0028639 secs] 602423K->586039K(896640K), 0.0029133 secs] [Times: user=0.01 sys=0.00, real=0.00 secs] 
2020-10-29T10:26:47.712+0000: [GC (Allocation Failure) 2020-10-29T10:26:47.712+0000: [ParNew: 16388K->4K(18432K), 0.0029138 secs] 602423K->586039K(896640K), 0.0029633 secs] [Times: user=0.00 sys=0.00, real=0.00 secs] 
2020-10-29T10:26:47.730+0000: [GC (Allocation Failure) 2020-10-29T10:26:47.730+0000: [ParNew: 16388K->4K(18432K), 0.0029223 secs] 602423K->586039K(896640K), 0.0029726 secs] [Times: user=0.00 sys=0.00, real=0.01 secs] 
2020-10-29T10:26:47.747+0000: [GC (Allocation Failure) 2020-10-29T10:26:47.747+0000: [ParNew: 16388K->4K(18432K), 0.0029289 secs] 602423K->586039K(896640K), 0.0029825 secs] [Times: user=0.01 sys=0.01, real=0.01 secs] 
2020-10-29T10:26:47.766+0000: [GC (Allocation Failure) 2020-10-29T10:26:47.766+0000: [ParNew: 16388K->4K(18432K), 0.0029126 secs] 602423K->586039K(896640K), 0.0029599 secs] [Times: user=0.01 sys=0.00, real=0.00 secs] 
2020-10-29T10:26:47.786+0000: [GC (Allocation Failure) 2020-10-29T10:26:47.786+0000: [ParNew: 16388K->4K(18432K), 0.0028304 secs] 602423K->586039K(896640K), 0.0028765 secs] [Times: user=0.00 sys=0.00, real=0.00 secs] 
2020-10-29T10:26:47.806+0000: [GC (Allocation Failure) 2020-10-29T10:26:47.806+0000: [ParNew: 16388K->4K(18432K), 0.0028902 secs] 602423K->586039K(896640K), 0.0029350 secs] [Times: user=0.00 sys=0.00, real=0.00 secs] 
2020-10-29T10:26:47.826+0000: [GC (Allocation Failure) 2020-10-29T10:26:47.826+0000: [ParNew: 16388K->4K(18432K), 0.0028436 secs] 602423K->586039K(896640K), 0.0028900 secs] [Times: user=0.01 sys=0.00, real=0.00 secs] 
2020-10-29T10:26:47.844+0000: [GC (Allocation Failure) 2020-10-29T10:26:47.844+0000: [ParNew: 16388K->4K(18432K), 0.0028174 secs] 602423K->586039K(896640K), 0.0028595 secs] [Times: user=0.01 sys=0.00, real=0.00 secs] 
2020-10-29T10:26:47.862+0000: [GC (Allocation Failure) 2020-10-29T10:26:47.862+0000: [ParNew: 16388K->4K(18432K), 0.0027140 secs] 602423K->586039K(896640K), 0.0027548 secs] [Times: user=0.00 sys=0.00, real=0.00 secs] 
2020-10-29T10:26:47.880+0000: [GC (Allocation Failure) 2020-10-29T10:26:47.880+0000: [ParNew: 16388K->4K(18432K), 0.0027415 secs] 602423K->586039K(896640K), 0.0027865 secs] [Times: user=0.00 sys=0.00, real=0.01 secs] 
2020-10-29T10:26:47.897+0000: [GC (Allocation Failure) 2020-10-29T10:26:47.897+0000: [ParNew: 16388K->4K(18432K), 0.0028413 secs] 602423K->586039K(896640K), 0.0028881 secs] [Times: user=0.01 sys=0.00, real=0.00 secs] 
2020-10-29T10:26:47.914+0000: [GC (Allocation Failure) 2020-10-29T10:26:47.914+0000: [ParNew: 16388K->4K(18432K), 0.0029075 secs] 602423K->586039K(896640K), 0.0029636 secs] [Times: user=0.01 sys=0.00, real=0.00 secs] 
2020-10-29T10:26:47.932+0000: [GC (Allocation Failure) 2020-10-29T10:26:47.932+0000: [ParNew: 16388K->4K(18432K), 0.0028646 secs] 602423K->586039K(896640K), 0.0029103 secs] [Times: user=0.00 sys=0.00, real=0.00 secs] 
2020-10-29T10:26:47.949+0000: [GC (Allocation Failure) 2020-10-29T10:26:47.949+0000: [ParNew: 16388K->4K(18432K), 0.0029670 secs] 602423K->586039K(896640K), 0.0030183 secs] [Times: user=0.01 sys=0.00, real=0.01 secs] 
2020-10-29T10:26:47.966+0000: [GC (Allocation Failure) 2020-10-29T10:26:47.966+0000: [ParNew: 16388K->4K(18432K), 0.0029174 secs] 602423K->586039K(896640K), 0.0029831 secs] [Times: user=0.00 sys=0.00, real=0.00 secs] 
2020-10-29T10:26:47.984+0000: [GC (Allocation Failure) 2020-10-29T10:26:47.984+0000: [ParNew: 16388K->4K(18432K), 0.0029092 secs] 602423K->586039K(896640K), 0.0029576 secs] [Times: user=0.00 sys=0.00, real=0.00 secs] 
2020-10-29T10:26:48.002+0000: [GC (Allocation Failure) 2020-10-29T10:26:48.002+0000: [ParNew: 16388K->4K(18432K), 0.0029035 secs] 602423K->586039K(896640K), 0.0029626 secs] [Times: user=0.01 sys=0.00, real=0.00 secs] 
2020-10-29T10:26:48.020+0000: [GC (Allocation Failure) 2020-10-29T10:26:48.020+0000: [ParNew: 16388K->4K(18432K), 0.0029173 secs] 602423K->586039K(896640K), 0.0029663 secs] [Times: user=0.01 sys=0.00, real=0.01 secs] 
2020-10-29T10:26:48.038+0000: [GC (Allocation Failure) 2020-10-29T10:26:48.038+0000: [ParNew: 16388K->4K(18432K), 0.0029288 secs] 602423K->586039K(896640K), 0.0029841 secs] [Times: user=0.00 sys=0.00, real=0.00 secs] 
2020-10-29T10:26:48.056+0000: [GC (Allocation Failure) 2020-10-29T10:26:48.056+0000: [ParNew: 16388K->4K(18432K), 0.0027914 secs] 602423K->586039K(896640K), 0.0028377 secs] [Times: user=0.01 sys=0.00, real=0.00 secs] 
2020-10-29T10:26:48.073+0000: [GC (Allocation Failure) 2020-10-29T10:26:48.073+0000: [ParNew: 16388K->4K(18432K), 0.0027434 secs] 602423K->586039K(896640K), 0.0027870 secs] [Times: user=0.01 sys=0.00, real=0.00 secs] 
2020-10-29T10:26:48.090+0000: [GC (Allocation Failure) 2020-10-29T10:26:48.090+0000: [ParNew: 16388K->4K(18432K), 0.0027158 secs] 602423K->586039K(896640K), 0.0027589 secs] [Times: user=0.01 sys=0.00, real=0.00 secs] 
2020-10-29T10:26:48.108+0000: [GC (Allocation Failure) 2020-10-29T10:26:48.108+0000: [ParNew: 16388K->4K(18432K), 0.0027878 secs] 602423K->586039K(896640K), 0.0028477 secs] [Times: user=0.00 sys=0.00, real=0.01 secs] 
2020-10-29T10:26:48.125+0000: [GC (Allocation Failure) 2020-10-29T10:26:48.125+0000: [ParNew: 16388K->4K(18432K), 0.0027026 secs] 602423K->586039K(896640K), 0.0027443 secs] [Times: user=0.01 sys=0.00, real=0.00 secs] 
2020-10-29T10:26:48.146+0000: [GC (Allocation Failure) 2020-10-29T10:26:48.146+0000: [ParNew: 16388K->4K(18432K), 0.0027708 secs] 602423K->586039K(896640K), 0.0028166 secs] [Times: user=0.01 sys=0.00, real=0.00 secs] 
2020-10-29T10:26:48.163+0000: [GC (Allocation Failure) 2020-10-29T10:26:48.163+0000: [ParNew: 16388K->4K(18432K), 0.0027843 secs] 602423K->586039K(896640K), 0.0028246 secs] [Times: user=0.00 sys=0.00, real=0.00 secs] 
2020-10-29T10:26:48.182+0000: [GC (Allocation Failure) 2020-10-29T10:26:48.182+0000: [ParNew: 16388K->4K(18432K), 0.0027478 secs] 602423K->586039K(896640K), 0.0027914 secs] [Times: user=0.00 sys=0.00, real=0.00 secs] 
2020-10-29T10:26:48.200+0000: [GC (Allocation Failure) 2020-10-29T10:26:48.200+0000: [ParNew: 16388K->4K(18432K), 0.0028152 secs] 602423K->586039K(896640K), 0.0028581 secs] [Times: user=0.01 sys=0.00, real=0.01 secs] 
2020-10-29T10:26:48.218+0000: [GC (Allocation Failure) 2020-10-29T10:26:48.218+0000: [ParNew: 16388K->4K(18432K), 0.0027020 secs] 602423K->586039K(896640K), 0.0027425 secs] [Times: user=0.01 sys=0.00, real=0.00 secs] 
2020-10-29T10:26:48.235+0000: [GC (Allocation Failure) 2020-10-29T10:26:48.235+0000: [ParNew: 16388K->4K(18432K), 0.0027462 secs] 602423K->586039K(896640K), 0.0027912 secs] [Times: user=0.01 sys=0.00, real=0.00 secs] 
2020-10-29T10:26:48.252+0000: [GC (Allocation Failure) 2020-10-29T10:26:48.252+0000: [ParNew: 16388K->4K(18432K), 0.0028263 secs] 602423K->586039K(896640K), 0.0028697 secs] [Times: user=0.01 sys=0.00, real=0.00 secs] 
2020-10-29T10:26:48.270+0000: [GC (Allocation Failure) 2020-10-29T10:26:48.270+0000: [ParNew: 16388K->4K(18432K), 0.0027698 secs] 602423K->586039K(896640K), 0.0028129 secs] [Times: user=0.00 sys=0.00, real=0.00 secs] 
2020-10-29T10:26:48.288+0000: [GC (Allocation Failure) 2020-10-29T10:26:48.288+0000: [ParNew: 16388K->4K(18432K), 0.0027519 secs] 602423K->586039K(896640K), 0.0027939 secs] [Times: user=0.01 sys=0.00, real=0.01 secs] 
2020-10-29T10:26:48.306+0000: [GC (Allocation Failure) 2020-10-29T10:26:48.306+0000: [ParNew: 16388K->4K(18432K), 0.0025710 secs] 602423K->586039K(896640K), 0.0026126 secs] [Times: user=0.00 sys=0.00, real=0.00 secs] 
2020-10-29T10:26:48.326+0000: [GC (Allocation Failure) 2020-10-29T10:26:48.326+0000: [ParNew: 16388K->4K(18432K), 0.0032499 secs] 602423K->586039K(896640K), 0.0032930 secs] [Times: user=0.01 sys=0.00, real=0.00 secs] 
2020-10-29T10:26:48.346+0000: [GC (Allocation Failure) 2020-10-29T10:26:48.346+0000: [ParNew: 16388K->4K(18432K), 0.0025938 secs] 602423K->586039K(896640K), 0.0026352 secs] [Times: user=0.00 sys=0.00, real=0.00 secs] 
2020-10-29T10:26:48.366+0000: [GC (Allocation Failure) 2020-10-29T10:26:48.366+0000: [ParNew: 16388K->4K(18432K), 0.0025685 secs] 602423K->586039K(896640K), 0.0026102 secs] [Times: user=0.01 sys=0.00, real=0.00 secs] 
2020-10-29T10:26:48.386+0000: [GC (Allocation Failure) 2020-10-29T10:26:48.386+0000: [ParNew: 16388K->4K(18432K), 0.0026760 secs] 602423K->586039K(896640K), 0.0027191 secs] [Times: user=0.01 sys=0.00, real=0.00 secs] 
2020-10-29T10:26:48.403+0000: [GC (Allocation Failure) 2020-10-29T10:26:48.403+0000: [ParNew: 16388K->4K(18432K), 0.0027232 secs] 602423K->586039K(896640K), 0.0027681 secs] [Times: user=0.00 sys=0.00, real=0.00 secs] 
2020-10-29T10:26:48.421+0000: [GC (Allocation Failure) 2020-10-29T10:26:48.421+0000: [ParNew: 16388K->4K(18432K), 0.0027910 secs] 602423K->586039K(896640K), 0.0028357 secs] [Times: user=0.00 sys=0.00, real=0.01 secs] 
2020-10-29T10:26:48.438+0000: [GC (Allocation Failure) 2020-10-29T10:26:48.438+0000: [ParNew: 16388K->4K(18432K), 0.0027514 secs] 602423K->586039K(896640K), 0.0028142 secs] [Times: user=0.00 sys=0.00, real=0.00 secs] 
2020-10-29T10:26:48.458+0000: [GC (Allocation Failure) 2020-10-29T10:26:48.458+0000: [ParNew: 16388K->4K(18432K), 0.0047428 secs] 602423K->586039K(896640K), 0.0047969 secs] [Times: user=0.01 sys=0.00, real=0.01 secs] 
2020-10-29T10:26:48.478+0000: [GC (Allocation Failure) 2020-10-29T10:26:48.478+0000: [ParNew: 16388K->4K(18432K), 0.0028327 secs] 602423K->586039K(896640K), 0.0028805 secs] [Times: user=0.01 sys=0.00, real=0.00 secs] 
2020-10-29T10:26:48.498+0000: [GC (Allocation Failure) 2020-10-29T10:26:48.498+0000: [ParNew: 16388K->4K(18432K), 0.0027286 secs] 602423K->586039K(896640K), 0.0027754 secs] [Times: user=0.00 sys=0.00, real=0.00 secs] 
2020-10-29T10:26:48.518+0000: [GC (Allocation Failure) 2020-10-29T10:26:48.518+0000: [ParNew: 16388K->4K(18432K), 0.0028774 secs] 602423K->586039K(896640K), 0.0029274 secs] [Times: user=0.01 sys=0.00, real=0.00 secs] 
2020-10-29T10:26:48.536+0000: [GC (Allocation Failure) 2020-10-29T10:26:48.536+0000: [ParNew: 16388K->4K(18432K), 0.0028229 secs] 602423K->586039K(896640K), 0.0028702 secs] [Times: user=0.01 sys=0.00, real=0.00 secs] 
2020-10-29T10:26:48.554+0000: [GC (Allocation Failure) 2020-10-29T10:26:48.554+0000: [ParNew: 16388K->4K(18432K), 0.0028047 secs] 602423K->586039K(896640K), 0.0028498 secs] [Times: user=0.00 sys=0.00, real=0.00 secs] 
2020-10-29T10:26:48.572+0000: [GC (Allocation Failure) 2020-10-29T10:26:48.572+0000: [ParNew: 16388K->4K(18432K), 0.0028041 secs] 602423K->586039K(896640K), 0.0028493 secs] [Times: user=0.01 sys=0.00, real=0.00 secs] 
2020-10-29T10:26:48.590+0000: [GC (Allocation Failure) 2020-10-29T10:26:48.590+0000: [ParNew: 16388K->4K(18432K), 0.0027361 secs] 602423K->586039K(896640K), 0.0027776 secs] [Times: user=0.01 sys=0.00, real=0.00 secs] 
2020-10-29T10:26:48.608+0000: [GC (Allocation Failure) 2020-10-29T10:26:48.608+0000: [ParNew: 16388K->4K(18432K), 0.0028772 secs] 602423K->586039K(896640K), 0.0029271 secs] [Times: user=0.01 sys=0.00, real=0.01 secs] 
2020-10-29T10:26:48.625+0000: [GC (Allocation Failure) 2020-10-29T10:26:48.625+0000: [ParNew: 16388K->4K(18432K), 0.0029490 secs] 602423K->586039K(896640K), 0.0029961 secs] [Times: user=0.00 sys=0.00, real=0.00 secs] 
2020-10-29T10:26:48.646+0000: [GC (Allocation Failure) 2020-10-29T10:26:48.646+0000: [ParNew: 16388K->4K(18432K), 0.0046893 secs] 602423K->586039K(896640K), 0.0047424 secs] [Times: user=0.01 sys=0.00, real=0.01 secs] 
2020-10-29T10:26:48.665+0000: [GC (Allocation Failure) 2020-10-29T10:26:48.666+0000: [ParNew: 16388K->4K(18432K), 0.0029723 secs] 602423K->586039K(896640K), 0.0030274 secs] [Times: user=0.00 sys=0.00, real=0.00 secs] 
2020-10-29T10:26:48.683+0000: [GC (Allocation Failure) 2020-10-29T10:26:48.683+0000: [ParNew: 16388K->4K(18432K), 0.0028884 secs] 602423K->586039K(896640K), 0.0029387 secs] [Times: user=0.01 sys=0.00, real=0.00 secs] 
2020-10-29T10:26:48.702+0000: [GC (Allocation Failure) 2020-10-29T10:26:48.702+0000: [ParNew: 16388K->4K(18432K), 0.0028930 secs] 602423K->586040K(896640K), 0.0029505 secs] [Times: user=0.01 sys=0.00, real=0.00 secs] 
2020-10-29T10:26:48.720+0000: [GC (Allocation Failure) 2020-10-29T10:26:48.720+0000: [ParNew: 16388K->4K(18432K), 0.0029586 secs] 602424K->586040K(896640K), 0.0030076 secs] [Times: user=0.00 sys=0.00, real=0.01 secs] 
2020-10-29T10:26:48.738+0000: [GC (Allocation Failure) 2020-10-29T10:26:48.738+0000: [ParNew: 16388K->4K(18432K), 0.0029345 secs] 602424K->586040K(896640K), 0.0029851 secs] [Times: user=0.00 sys=0.00, real=0.00 secs] 
2020-10-29T10:26:48.756+0000: [GC (Allocation Failure) 2020-10-29T10:26:48.756+0000: [ParNew: 16388K->4K(18432K), 0.0029577 secs] 602424K->586040K(896640K), 0.0030070 secs] [Times: user=0.00 sys=0.00, real=0.00 secs] 
2020-10-29T10:26:48.774+0000: [GC (Allocation Failure) 2020-10-29T10:26:48.774+0000: [ParNew: 16388K->4K(18432K), 0.0027572 secs] 602424K->586040K(896640K), 0.0028027 secs] [Times: user=0.01 sys=0.00, real=0.00 secs] 
2020-10-29T10:26:48.791+0000: [GC (Allocation Failure) 2020-10-29T10:26:48.791+0000: [ParNew: 16388K->4K(18432K), 0.0028391 secs] 602424K->586040K(896640K), 0.0028856 secs] [Times: user=0.00 sys=0.00, real=0.00 secs] 
2020-10-29T10:26:48.809+0000: [GC (Allocation Failure) 2020-10-29T10:26:48.809+0000: [ParNew: 16388K->4K(18432K), 0.0030923 secs] 602424K->586040K(896640K), 0.0031398 secs] [Times: user=0.01 sys=0.00, real=0.01 secs] 
2020-10-29T10:26:48.827+0000: [GC (Allocation Failure) 2020-10-29T10:26:48.827+0000: [ParNew: 16388K->4K(18432K), 0.0029020 secs] 602424K->586040K(896640K), 0.0029498 secs] [Times: user=0.00 sys=0.00, real=0.00 secs] 
2020-10-29T10:26:48.844+0000: [GC (Allocation Failure) 2020-10-29T10:26:48.844+0000: [ParNew: 16388K->4K(18432K), 0.0029065 secs] 602424K->586040K(896640K), 0.0029536 secs] [Times: user=0.01 sys=0.00, real=0.00 secs] 
2020-10-29T10:26:48.862+0000: [GC (Allocation Failure) 2020-10-29T10:26:48.862+0000: [ParNew: 16388K->4K(18432K), 0.0030026 secs] 602424K->586040K(896640K), 0.0030569 secs] [Times: user=0.00 sys=0.00, real=0.01 secs] 
2020-10-29T10:26:48.879+0000: [GC (Allocation Failure) 2020-10-29T10:26:48.879+0000: [ParNew: 16388K->4K(18432K), 0.0029294 secs] 602424K->586040K(896640K), 0.0029751 secs] [Times: user=0.01 sys=0.00, real=0.00 secs] 
2020-10-29T10:26:48.898+0000: [GC (Allocation Failure) 2020-10-29T10:26:48.898+0000: [ParNew: 16388K->4K(18432K), 0.0028922 secs] 602424K->586040K(896640K), 0.0029396 secs] [Times: user=0.01 sys=0.00, real=0.00 secs] 
2020-10-29T10:26:48.916+0000: [GC (Allocation Failure) 2020-10-29T10:26:48.916+0000: [ParNew: 16388K->4K(18432K), 0.0028584 secs] 602424K->586040K(896640K), 0.0029007 secs] [Times: user=0.00 sys=0.00, real=0.00 secs] 
2020-10-29T10:26:48.933+0000: [GC (Allocation Failure) 2020-10-29T10:26:48.933+0000: [ParNew: 16388K->4K(18432K), 0.0027374 secs] 602424K->586040K(896640K), 0.0027782 secs] [Times: user=0.00 sys=0.00, real=0.00 secs] 
2020-10-29T10:26:48.954+0000: [GC (Allocation Failure) 2020-10-29T10:26:48.954+0000: [ParNew: 16388K->4K(18432K), 0.0027869 secs] 602424K->586040K(896640K), 0.0028318 secs] [Times: user=0.01 sys=0.00, real=0.00 secs] 
2020-10-29T10:26:48.974+0000: [GC (Allocation Failure) 2020-10-29T10:26:48.974+0000: [ParNew: 16388K->4K(18432K), 0.0027574 secs] 602424K->586040K(896640K), 0.0027991 secs] [Times: user=0.01 sys=0.00, real=0.00 secs] 
2020-10-29T10:26:48.994+0000: [GC (Allocation Failure) 2020-10-29T10:26:48.994+0000: [ParNew: 16388K->4K(18432K), 0.0027674 secs] 602424K->586040K(896640K), 0.0028085 secs] [Times: user=0.01 sys=0.00, real=0.00 secs] 
2020-10-29T10:26:49.012+0000: [GC (Allocation Failure) 2020-10-29T10:26:49.012+0000: [ParNew: 16388K->4K(18432K), 0.0027576 secs] 602424K->586040K(896640K), 0.0028021 secs] [Times: user=0.00 sys=0.00, real=0.00 secs] 
2020-10-29T10:26:49.030+0000: [GC (Allocation Failure) 2020-10-29T10:26:49.030+0000: [ParNew: 16388K->4K(18432K), 0.0028852 secs] 602424K->586040K(896640K), 0.0029341 secs] [Times: user=0.01 sys=0.00, real=0.00 secs] 
2020-10-29T10:26:49.048+0000: [GC (Allocation Failure) 2020-10-29T10:26:49.048+0000: [ParNew: 16388K->4K(18432K), 0.0029672 secs] 602424K->586040K(896640K), 0.0030240 secs] [Times: user=0.00 sys=0.00, real=0.01 secs] 
2020-10-29T10:26:49.070+0000: [GC (Allocation Failure) 2020-10-29T10:26:49.070+0000: [ParNew: 16388K->4K(18432K), 0.0028893 secs] 602424K->586040K(896640K), 0.0029424 secs] [Times: user=0.00 sys=0.00, real=0.01 secs] 
2020-10-29T10:26:49.087+0000: [GC (Allocation Failure) 2020-10-29T10:26:49.087+0000: [ParNew: 16388K->4K(18432K), 0.0029450 secs] 602424K->586040K(896640K), 0.0029954 secs] [Times: user=0.00 sys=0.00, real=0.01 secs] 
2020-10-29T10:26:49.106+0000: [GC (Allocation Failure) 2020-10-29T10:26:49.106+0000: [ParNew: 16388K->4K(18432K), 0.0029393 secs] 602424K->586040K(896640K), 0.0029888 secs] [Times: user=0.01 sys=0.00, real=0.00 secs] 
2020-10-29T10:26:49.124+0000: [GC (Allocation Failure) 2020-10-29T10:26:49.124+0000: [ParNew: 16388K->4K(18432K), 0.0029264 secs] 602424K->586040K(896640K), 0.0029761 secs] [Times: user=0.00 sys=0.00, real=0.00 secs] 
2020-10-29T10:26:49.142+0000: [GC (Allocation Failure) 2020-10-29T10:26:49.142+0000: [ParNew: 16388K->4K(18432K), 0.0028917 secs] 602424K->586040K(896640K), 0.0029402 secs] [Times: user=0.01 sys=0.00, real=0.00 secs] 
2020-10-29T10:26:49.161+0000: [GC (Allocation Failure) 2020-10-29T10:26:49.161+0000: [ParNew: 16388K->4K(18432K), 0.0046263 secs] 602424K->586040K(896640K), 0.0046862 secs] [Times: user=0.00 sys=0.00, real=0.01 secs] 
2020-10-29T10:26:49.182+0000: [GC (Allocation Failure) 2020-10-29T10:26:49.182+0000: [ParNew: 16388K->4K(18432K), 0.0028552 secs] 602424K->586040K(896640K), 0.0029114 secs] [Times: user=0.01 sys=0.00, real=0.00 secs] 
2020-10-29T10:26:49.202+0000: [GC (Allocation Failure) 2020-10-29T10:26:49.202+0000: [ParNew: 16388K->4K(18432K), 0.0028983 secs] 602424K->586040K(896640K), 0.0029482 secs] [Times: user=0.00 sys=0.00, real=0.00 secs] 
2020-10-29T10:26:49.220+0000: [GC (Allocation Failure) 2020-10-29T10:26:49.220+0000: [ParNew: 16388K->4K(18432K), 0.0029320 secs] 602424K->586040K(896640K), 0.0029820 secs] [Times: user=0.00 sys=0.00, real=0.01 secs] 
2020-10-29T10:26:49.238+0000: [GC (Allocation Failure) 2020-10-29T10:26:49.238+0000: [ParNew: 16388K->4K(18432K), 0.0028633 secs] 602424K->586040K(896640K), 0.0029097 secs] [Times: user=0.00 sys=0.00, real=0.00 secs] 
2020-10-29T10:26:49.258+0000: [GC (Allocation Failure) 2020-10-29T10:26:49.258+0000: [ParNew: 16388K->4K(18432K), 0.0029260 secs] 602424K->586040K(896640K), 0.0029757 secs] [Times: user=0.00 sys=0.00, real=0.00 secs] 
2020-10-29T10:26:49.276+0000: [GC (Allocation Failure) 2020-10-29T10:26:49.276+0000: [ParNew: 16388K->4K(18432K), 0.0032077 secs] 602424K->586040K(896640K), 0.0032645 secs] [Times: user=0.00 sys=0.00, real=0.00 secs] 
2020-10-29T10:26:49.298+0000: [GC (Allocation Failure) 2020-10-29T10:26:49.298+0000: [ParNew: 16388K->4K(18432K), 0.0029503 secs] 602424K->586040K(896640K), 0.0030003 secs] [Times: user=0.00 sys=0.00, real=0.00 secs] 
2020-10-29T10:26:49.315+0000: [GC (Allocation Failure) 2020-10-29T10:26:49.315+0000: [ParNew: 16388K->4K(18432K), 0.0030324 secs] 602424K->586040K(896640K), 0.0030799 secs] [Times: user=0.01 sys=0.00, real=0.00 secs] 
2020-10-29T10:26:49.334+0000: [GC (Allocation Failure) 2020-10-29T10:26:49.334+0000: [ParNew: 16388K->4K(18432K), 0.0028802 secs] 602424K->586040K(896640K), 0.0029292 secs] [Times: user=0.00 sys=0.00, real=0.00 secs] 
2020-10-29T10:26:49.354+0000: [GC (Allocation Failure) 2020-10-29T10:26:49.354+0000: [ParNew: 16388K->4K(18432K), 0.0029249 secs] 602424K->586040K(896640K), 0.0029741 secs] [Times: user=0.01 sys=0.00, real=0.00 secs] 
2020-10-29T10:26:49.374+0000: [GC (Allocation Failure) 2020-10-29T10:26:49.374+0000: [ParNew: 16388K->4K(18432K), 0.0027922 secs] 602424K->586040K(896640K), 0.0028368 secs] [Times: user=0.01 sys=0.00, real=0.00 secs] 
2020-10-29T10:26:49.392+0000: [GC (Allocation Failure) 2020-10-29T10:26:49.392+0000: [ParNew: 16388K->4K(18432K), 0.0028127 secs] 602424K->586040K(896640K), 0.0028588 secs] [Times: user=0.01 sys=0.00, real=0.00 secs] 
2020-10-29T10:26:49.410+0000: [GC (Allocation Failure) 2020-10-29T10:26:49.410+0000: [ParNew: 16388K->4K(18432K), 0.0029295 secs] 602424K->586040K(896640K), 0.0029794 secs] [Times: user=0.00 sys=0.00, real=0.00 secs] 
2020-10-29T10:26:49.428+0000: [GC (Allocation Failure) 2020-10-29T10:26:49.428+0000: [ParNew: 16388K->4K(18432K), 0.0028696 secs] 602424K->586040K(896640K), 0.0029172 secs] [Times: user=0.01 sys=0.00, real=0.01 secs] 
2020-10-29T10:26:49.445+0000: [GC (Allocation Failure) 2020-10-29T10:26:49.445+0000: [ParNew: 16388K->4K(18432K), 0.0029332 secs] 602424K->586040K(896640K), 0.0029826 secs] [Times: user=0.00 sys=0.00, real=0.00 secs] 
2020-10-29T10:26:49.463+0000: [GC (Allocation Failure) 2020-10-29T10:26:49.463+0000: [ParNew: 16388K->4K(18432K), 0.0028745 secs] 602424K->586040K(896640K), 0.0029227 secs] [Times: user=0.01 sys=0.00, real=0.00 secs] 
2020-10-29T10:26:49.482+0000: [GC (Allocation Failure) 2020-10-29T10:26:49.482+0000: [ParNew: 16388K->4K(18432K), 0.0028261 secs] 602424K->586040K(896640K), 0.0028729 secs] [Times: user=0.01 sys=0.00, real=0.00 secs] 
2020-10-29T10:26:49.502+0000: [GC (Allocation Failure) 2020-10-29T10:26:49.502+0000: [ParNew: 16388K->4K(18432K), 0.0028308 secs] 602424K->586040K(896640K), 0.0028781 secs] [Times: user=0.00 sys=0.00, real=0.00 secs] 
2020-10-29T10:26:49.520+0000: [GC (Allocation Failure) 2020-10-29T10:26:49.520+0000: [ParNew: 16388K->4K(18432K), 0.0028007 secs] 602424K->586040K(896640K), 0.0028466 secs] [Times: user=0.01 sys=0.00, real=0.01 secs] 
2020-10-29T10:26:49.537+0000: [GC (Allocation Failure) 2020-10-29T10:26:49.537+0000: [ParNew: 16388K->4K(18432K), 0.0028445 secs] 602424K->586040K(896640K), 0.0028912 secs] [Times: user=0.00 sys=0.00, real=0.00 secs] 
2020-10-29T10:26:49.555+0000: [GC (Allocation Failure) 2020-10-29T10:26:49.555+0000: [ParNew: 16388K->4K(18432K), 0.0029323 secs] 602424K->586040K(896640K), 0.0029834 secs] [Times: user=0.01 sys=0.00, real=0.00 secs] 
2020-10-29T10:26:49.574+0000: [GC (Allocation Failure) 2020-10-29T10:26:49.574+0000: [ParNew: 16388K->4K(18432K), 0.0028978 secs] 602424K->586040K(896640K), 0.0029478 secs] [Times: user=0.01 sys=0.00, real=0.00 secs] 
2020-10-29T10:26:49.594+0000: [GC (Allocation Failure) 2020-10-29T10:26:49.594+0000: [ParNew: 16388K->4K(18432K), 0.0027344 secs] 602424K->586040K(896640K), 0.0027798 secs] [Times: user=0.01 sys=0.00, real=0.00 secs] 
2020-10-29T10:26:49.614+0000: [GC (Allocation Failure) 2020-10-29T10:26:49.614+0000: [ParNew: 16388K->4K(18432K), 0.0029600 secs] 602424K->586040K(896640K), 0.0030128 secs] [Times: user=0.00 sys=0.00, real=0.00 secs] 
2020-10-29T10:26:49.634+0000: [GC (Allocation Failure) 2020-10-29T10:26:49.634+0000: [ParNew: 16388K->4K(18432K), 0.0029999 secs] 602424K->586040K(896640K), 0.0030528 secs] [Times: user=0.01 sys=0.00, real=0.00 secs] 
2020-10-29T10:26:49.652+0000: [GC (Allocation Failure) 2020-10-29T10:26:49.652+0000: [ParNew: 16388K->4K(18432K), 0.0030905 secs] 602424K->586040K(896640K), 0.0031455 secs] [Times: user=0.01 sys=0.00, real=0.00 secs] 
2020-10-29T10:26:49.670+0000: [GC (Allocation Failure) 2020-10-29T10:26:49.670+0000: [ParNew: 16388K->4K(18432K), 0.0030172 secs] 602424K->586040K(896640K), 0.0030702 secs] [Times: user=0.01 sys=0.00, real=0.01 secs] 
2020-10-29T10:26:49.690+0000: [GC (Allocation Failure) 2020-10-29T10:26:49.690+0000: [ParNew: 16388K->4K(18432K), 0.0030194 secs] 602424K->586040K(896640K), 0.0030734 secs] [Times: user=0.01 sys=0.00, real=0.00 secs] 
2020-10-29T10:26:49.708+0000: [GC (Allocation Failure) 2020-10-29T10:26:49.708+0000: [ParNew: 16388K->4K(18432K), 0.0029744 secs] 602424K->586040K(896640K), 0.0030307 secs] [Times: user=0.00 sys=0.00, real=0.01 secs] 
2020-10-29T10:26:49.730+0000: [GC (Allocation Failure) 2020-10-29T10:26:49.730+0000: [ParNew: 16388K->4K(18432K), 0.0030101 secs] 602424K->586040K(896640K), 0.0030639 secs] [Times: user=0.00 sys=0.00, real=0.01 secs] 
2020-10-29T10:26:49.750+0000: [GC (Allocation Failure) 2020-10-29T10:26:49.750+0000: [ParNew: 16388K->4K(18432K), 0.0028377 secs] 602424K->586040K(896640K), 0.0028856 secs] [Times: user=0.01 sys=0.00, real=0.00 secs] 
2020-10-29T10:26:49.770+0000: [GC (Allocation Failure) 2020-10-29T10:26:49.770+0000: [ParNew: 16388K->4K(18432K), 0.0027767 secs] 602424K->586040K(896640K), 0.0028226 secs] [Times: user=0.01 sys=0.00, real=0.00 secs] 
2020-10-29T10:26:49.790+0000: [GC (Allocation Failure) 2020-10-29T10:26:49.790+0000: [ParNew: 16388K->4K(18432K), 0.0027547 secs] 602424K->586040K(896640K), 0.0028001 secs] [Times: user=0.00 sys=0.00, real=0.00 secs] 
2020-10-29T10:26:49.810+0000: [GC (Allocation Failure) 2020-10-29T10:26:49.810+0000: [ParNew: 16388K->4K(18432K), 0.0027385 secs] 602424K->586040K(896640K), 0.0027845 secs] [Times: user=0.01 sys=0.00, real=0.00 secs] 
2020-10-29T10:26:49.828+0000: [GC (Allocation Failure) 2020-10-29T10:26:49.828+0000: [ParNew: 16388K->4K(18432K), 0.0028792 secs] 602424K->586040K(896640K), 0.0029272 secs] [Times: user=0.00 sys=0.00, real=0.01 secs] 
2020-10-29T10:26:49.845+0000: [GC (Allocation Failure) 2020-10-29T10:26:49.845+0000: [ParNew: 16388K->4K(18432K), 0.0028700 secs] 602424K->586040K(896640K), 0.0029184 secs] [Times: user=0.01 sys=0.00, real=0.00 secs] 
2020-10-29T10:26:49.863+0000: [GC (Allocation Failure) 2020-10-29T10:26:49.863+0000: [ParNew: 16388K->4K(18432K), 0.0030218 secs] 602424K->586040K(896640K), 0.0030762 secs] [Times: user=0.00 sys=0.00, real=0.00 secs] 
2020-10-29T10:26:49.884+0000: [GC (Allocation Failure) 2020-10-29T10:26:49.884+0000: [ParNew: 16388K->4K(18432K), 0.0042070 secs] 602424K->586040K(896640K), 0.0042544 secs] [Times: user=0.01 sys=0.00, real=0.00 secs] 
2020-10-29T10:26:49.903+0000: [GC (Allocation Failure) 2020-10-29T10:26:49.903+0000: [ParNew: 16388K->4K(18432K), 0.0030279 secs] 602424K->586040K(896640K), 0.0030829 secs] [Times: user=0.00 sys=0.00, real=0.00 secs] 
2020-10-29T10:26:49.921+0000: [GC (Allocation Failure) 2020-10-29T10:26:49.921+0000: [ParNew: 16388K->4K(18432K), 0.0029376 secs] 602424K->586040K(896640K), 0.0029880 secs] [Times: user=0.01 sys=0.00, real=0.01 secs] 
2020-10-29T10:26:49.939+0000: [GC (Allocation Failure) 2020-10-29T10:26:49.939+0000: [ParNew: 16388K->4K(18432K), 0.0028520 secs] 602424K->586040K(896640K), 0.0028995 secs] [Times: user=0.00 sys=0.00, real=0.00 secs] 
2020-10-29T10:26:49.956+0000: [GC (Allocation Failure) 2020-10-29T10:26:49.956+0000: [ParNew: 16388K->4K(18432K), 0.0029360 secs] 602424K->586040K(896640K), 0.0029865 secs] [Times: user=0.01 sys=0.00, real=0.00 secs] 
2020-10-29T10:26:49.974+0000: [GC (Allocation Failure) 2020-10-29T10:26:49.974+0000: [ParNew: 16388K->4K(18432K), 0.0029422 secs] 602424K->586040K(896640K), 0.0029929 secs] [Times: user=0.01 sys=0.00, real=0.00 secs] 
2020-10-29T10:26:49.992+0000: [GC (Allocation Failure) 2020-10-29T10:26:49.992+0000: [ParNew: 16388K->4K(18432K), 0.0029777 secs] 602424K->586040K(896640K), 0.0030270 secs] [Times: user=0.01 sys=0.00, real=0.00 secs] 
2020-10-29T10:26:50.009+0000: [GC (Allocation Failure) 2020-10-29T10:26:50.009+0000: [ParNew: 16388K->4K(18432K), 0.0030361 secs] 602424K->586040K(896640K), 0.0030902 secs] [Times: user=0.01 sys=0.00, real=0.01 secs] 
2020-10-29T10:26:50.027+0000: [GC (Allocation Failure) 2020-10-29T10:26:50.027+0000: [ParNew: 16388K->4K(18432K), 0.0028416 secs] 602424K->586040K(896640K), 0.0028847 secs] [Times: user=0.01 sys=0.00, real=0.00 secs] 
2020-10-29T10:26:50.044+0000: [GC (Allocation Failure) 2020-10-29T10:26:50.044+0000: [ParNew: 16388K->4K(18432K), 0.0027962 secs] 602424K->586040K(896640K), 0.0028378 secs] [Times: user=0.00 sys=0.00, real=0.00 secs] 
2020-10-29T10:26:50.066+0000: [GC (Allocation Failure) 2020-10-29T10:26:50.066+0000: [ParNew: 16388K->4K(18432K), 0.0026612 secs] 602424K->586040K(896640K), 0.0027033 secs] [Times: user=0.00 sys=0.00, real=0.00 secs] 
2020-10-29T10:26:50.086+0000: [GC (Allocation Failure) 2020-10-29T10:26:50.086+0000: [ParNew: 16388K->4K(18432K), 0.0026185 secs] 602424K->586040K(896640K), 0.0026594 secs] [Times: user=0.00 sys=0.00, real=0.00 secs] 
2020-10-29T10:26:50.105+0000: [GC (Allocation Failure) 2020-10-29T10:26:50.105+0000: [ParNew: 16388K->4K(18432K), 0.0025940 secs] 602424K->586041K(896640K), 0.0026362 secs] [Times: user=0.01 sys=0.00, real=0.00 secs] 
2020-10-29T10:26:50.126+0000: [GC (Allocation Failure) 2020-10-29T10:26:50.126+0000: [ParNew: 16388K->4K(18432K), 0.0026350 secs] 602425K->586041K(896640K), 0.0026762 secs] [Times: user=0.00 sys=0.00, real=0.00 secs] 
2020-10-29T10:26:50.143+0000: [GC (Allocation Failure) 2020-10-29T10:26:50.144+0000: [ParNew: 16388K->4K(18432K), 0.0027443 secs] 602425K->586041K(896640K), 0.0027883 secs] [Times: user=0.01 sys=0.00, real=0.00 secs] 
2020-10-29T10:26:50.161+0000: [GC (Allocation Failure) 2020-10-29T10:26:50.161+0000: [ParNew: 16388K->4K(18432K), 0.0026590 secs] 602425K->586041K(896640K), 0.0027015 secs] [Times: user=0.00 sys=0.00, real=0.01 secs] 
2020-10-29T10:26:50.178+0000: [GC (Allocation Failure) 2020-10-29T10:26:50.178+0000: [ParNew: 16388K->4K(18432K), 0.0028125 secs] 602425K->586041K(896640K), 0.0028584 secs] [Times: user=0.01 sys=0.00, real=0.00 secs] 
2020-10-29T10:26:50.198+0000: [GC (Allocation Failure) 2020-10-29T10:26:50.198+0000: [ParNew: 16388K->4K(18432K), 0.0027932 secs] 602425K->586041K(896640K), 0.0028365 secs] [Times: user=0.01 sys=0.00, real=0.00 secs] 
2020-10-29T10:26:50.216+0000: [GC (Allocation Failure) 2020-10-29T10:26:50.216+0000: [ParNew: 16388K->4K(18432K), 0.0027522 secs] 602425K->586041K(896640K), 0.0027946 secs] [Times: user=0.00 sys=0.00, real=0.00 secs] 
2020-10-29T10:26:50.234+0000: [GC (Allocation Failure) 2020-10-29T10:26:50.234+0000: [ParNew: 16388K->4K(18432K), 0.0027574 secs] 602425K->586041K(896640K), 0.0028008 secs] [Times: user=0.01 sys=0.00, real=0.00 secs] 
2020-10-29T10:26:50.252+0000: [GC (Allocation Failure) 2020-10-29T10:26:50.252+0000: [ParNew: 16388K->4K(18432K), 0.0028651 secs] 602425K->586041K(896640K), 0.0029116 secs] [Times: user=0.00 sys=0.00, real=0.00 secs] 
2020-10-29T10:26:50.269+0000: [GC (Allocation Failure) 2020-10-29T10:26:50.269+0000: [ParNew: 16388K->4K(18432K), 0.0029163 secs] 602425K->586041K(896640K), 0.0029727 secs] [Times: user=0.01 sys=0.00, real=0.01 secs] 
2020-10-29T10:26:50.294+0000: [GC (Allocation Failure) 2020-10-29T10:26:50.294+0000: [ParNew: 16388K->4K(18432K), 0.0062771 secs] 602425K->586041K(896640K), 0.0063241 secs] [Times: user=0.01 sys=0.00, real=0.00 secs] 
2020-10-29T10:26:50.329+0000: [GC (Allocation Failure) 2020-10-29T10:26:50.329+0000: [ParNew: 16388K->2K(18432K), 0.0062921 secs] 602425K->586039K(896640K), 0.0063461 secs] [Times: user=0.01 sys=0.00, real=0.01 secs] 
2020-10-29T10:26:50.362+0000: [GC (Allocation Failure) 2020-10-29T10:26:50.362+0000: [ParNew: 16386K->4K(18432K), 0.0029582 secs] 602423K->586041K(896640K), 0.0030110 secs] [Times: user=0.00 sys=0.00, real=0.00 secs] 
2020-10-29T10:26:50.380+0000: [GC (Allocation Failure) 2020-10-29T10:26:50.380+0000: [ParNew: 16388K->4K(18432K), 0.0028502 secs] 602425K->586041K(896640K), 0.0028952 secs] [Times: user=0.01 sys=0.00, real=0.01 secs] 
2020-10-29T10:26:50.398+0000: [GC (Allocation Failure) 2020-10-29T10:26:50.398+0000: [ParNew: 16388K->4K(18432K), 0.0028773 secs] 602425K->586041K(896640K), 0.0029242 secs] [Times: user=0.01 sys=0.00, real=0.00 secs] 
2020-10-29T10:26:50.415+0000: [GC (Allocation Failure) 2020-10-29T10:26:50.415+0000: [ParNew: 16388K->4K(18432K), 0.0029406 secs] 602425K->586041K(896640K), 0.0029909 secs] [Times: user=0.01 sys=0.00, real=0.00 secs] 
2020-10-29T10:26:50.433+0000: [GC (Allocation Failure) 2020-10-29T10:26:50.433+0000: [ParNew: 16388K->4K(18432K), 0.0028858 secs] 602425K->586041K(896640K), 0.0029346 secs] [Times: user=0.01 sys=0.00, real=0.00 secs] 
2020-10-29T10:26:50.451+0000: [GC (Allocation Failure) 2020-10-29T10:26:50.451+0000: [ParNew: 16388K->4K(18432K), 0.0029296 secs] 602425K->586041K(896640K), 0.0029803 secs] [Times: user=0.00 sys=0.00, real=0.00 secs] 
2020-10-29T10:26:50.468+0000: [GC (Allocation Failure) 2020-10-29T10:26:50.468+0000: [ParNew: 16388K->4K(18432K), 0.0028486 secs] 602425K->586041K(896640K), 0.0028967 secs] [Times: user=0.01 sys=0.00, real=0.01 secs] 
2020-10-29T10:26:50.486+0000: [GC (Allocation Failure) 2020-10-29T10:26:50.486+0000: [ParNew: 16388K->4K(18432K), 0.0027873 secs] 602425K->586041K(896640K), 0.0028407 secs] [Times: user=0.01 sys=0.00, real=0.00 secs] 
2020-10-29T10:26:50.506+0000: [GC (Allocation Failure) 2020-10-29T10:26:50.506+0000: [ParNew: 16388K->4K(18432K), 0.0028051 secs] 602425K->586041K(896640K), 0.0028504 secs] [Times: user=0.01 sys=0.00, real=0.00 secs] 
2020-10-29T10:26:50.524+0000: [GC (Allocation Failure) 2020-10-29T10:26:50.524+0000: [ParNew: 16388K->4K(18432K), 0.0028228 secs] 602425K->586041K(896640K), 0.0028653 secs] [Times: user=0.01 sys=0.00, real=0.00 secs] 
2020-10-29T10:26:50.542+0000: [GC (Allocation Failure) 2020-10-29T10:26:50.542+0000: [ParNew: 16388K->4K(18432K), 0.0026895 secs] 602425K->586041K(896640K), 0.0027340 secs] [Times: user=0.00 sys=0.00, real=0.00 secs] 
2020-10-29T10:26:50.560+0000: [GC (Allocation Failure) 2020-10-29T10:26:50.560+0000: [ParNew: 16388K->4K(18432K), 0.0027528 secs] 602425K->586041K(896640K), 0.0027968 secs] [Times: user=0.01 sys=0.00, real=0.01 secs] 
2020-10-29T10:26:50.582+0000: [GC (Allocation Failure) 2020-10-29T10:26:50.582+0000: [ParNew: 16388K->4K(18432K), 0.0028084 secs] 602425K->586041K(896640K), 0.0028545 secs] [Times: user=0.01 sys=0.00, real=0.01 secs] 
2020-10-29T10:26:50.601+0000: [GC (Allocation Failure) 2020-10-29T10:26:50.601+0000: [ParNew: 16388K->4K(18432K), 0.0030029 secs] 602425K->586041K(896640K), 0.0030559 secs] [Times: user=0.00 sys=0.00, real=0.01 secs] 
2020-10-29T10:26:50.619+0000: [GC (Allocation Failure) 2020-10-29T10:26:50.619+0000: [ParNew: 16388K->4K(18432K), 0.0028465 secs] 602425K->586041K(896640K), 0.0028941 secs] [Times: user=0.01 sys=0.00, real=0.00 secs] 
2020-10-29T10:26:50.637+0000: [GC (Allocation Failure) 2020-10-29T10:26:50.637+0000: [ParNew: 16388K->4K(18432K), 0.0030282 secs] 602425K->586041K(896640K), 0.0030813 secs] [Times: user=0.01 sys=0.00, real=0.00 secs] 
2020-10-29T10:26:50.658+0000: [GC (Allocation Failure) 2020-10-29T10:26:50.658+0000: [ParNew: 16388K->4K(18432K), 0.0028771 secs] 602425K->586041K(896640K), 0.0029335 secs] [Times: user=0.00 sys=0.00, real=0.00 secs] 
2020-10-29T10:26:50.676+0000: [GC (Allocation Failure) 2020-10-29T10:26:50.676+0000: [ParNew: 16388K->4K(18432K), 0.0030128 secs] 602425K->586041K(896640K), 0.0030635 secs] [Times: user=0.00 sys=0.00, real=0.00 secs] 
2020-10-29T10:26:50.694+0000: [GC (Allocation Failure) 2020-10-29T10:26:50.694+0000: [ParNew: 16388K->4K(18432K), 0.0029286 secs] 602425K->586041K(896640K), 0.0029783 secs] [Times: user=0.01 sys=0.00, real=0.00 secs] 
2020-10-29T10:26:50.712+0000: [GC (Allocation Failure) 2020-10-29T10:26:50.712+0000: [ParNew: 16388K->4K(18432K), 0.0028568 secs] 602425K->586041K(896640K), 0.0029027 secs] [Times: user=0.01 sys=0.00, real=0.00 secs] 
2020-10-29T10:26:50.730+0000: [GC (Allocation Failure) 2020-10-29T10:26:50.730+0000: [ParNew: 16388K->4K(18432K), 0.0028837 secs] 602425K->586041K(896640K), 0.0029262 secs] [Times: user=0.00 sys=0.00, real=0.01 secs] 
2020-10-29T10:26:50.747+0000: [GC (Allocation Failure) 2020-10-29T10:26:50.747+0000: [ParNew: 16388K->4K(18432K), 0.0027294 secs] 602425K->586041K(896640K), 0.0027729 secs] [Times: user=0.01 sys=0.00, real=0.00 secs] 
2020-10-29T10:26:50.766+0000: [GC (Allocation Failure) 2020-10-29T10:26:50.766+0000: [ParNew: 16388K->4K(18432K), 0.0027664 secs] 602425K->586041K(896640K), 0.0028123 secs] [Times: user=0.00 sys=0.00, real=0.00 secs] 
2020-10-29T10:26:50.784+0000: [GC (Allocation Failure) 2020-10-29T10:26:50.784+0000: [ParNew: 16388K->4K(18432K), 0.0028183 secs] 602425K->586041K(896640K), 0.0028652 secs] [Times: user=0.01 sys=0.00, real=0.00 secs] 
2020-10-29T10:26:50.805+0000: [GC (Allocation Failure) 2020-10-29T10:26:50.805+0000: [ParNew: 16388K->4K(18432K), 0.0028743 secs] 602425K->586041K(896640K), 0.0029187 secs] [Times: user=0.00 sys=0.00, real=0.00 secs] 
2020-10-29T10:26:50.823+0000: [GC (Allocation Failure) 2020-10-29T10:26:50.823+0000: [ParNew: 16388K->4K(18432K), 0.0028167 secs] 602425K->586041K(896640K), 0.0028618 secs] [Times: user=0.01 sys=0.00, real=0.00 secs] 
2020-10-29T10:26:50.842+0000: [GC (Allocation Failure) 2020-10-29T10:26:50.842+0000: [ParNew: 16388K->4K(18432K), 0.0028402 secs] 602425K->586041K(896640K), 0.0028866 secs] [Times: user=0.00 sys=0.00, real=0.00 secs] 
2020-10-29T10:26:50.860+0000: [GC (Allocation Failure) 2020-10-29T10:26:50.860+0000: [ParNew: 16388K->4K(18432K), 0.0027907 secs] 602425K->586041K(896640K), 0.0028352 secs] [Times: user=0.01 sys=0.00, real=0.01 secs] 
2020-10-29T10:26:50.881+0000: [GC (Allocation Failure) 2020-10-29T10:26:50.881+0000: [ParNew: 16388K->4K(18432K), 0.0027469 secs] 602425K->586041K(896640K), 0.0027883 secs] [Times: user=0.00 sys=0.00, real=0.01 secs] 
2020-10-29T10:26:50.899+0000: [GC (Allocation Failure) 2020-10-29T10:26:50.899+0000: [ParNew: 16388K->4K(18432K), 0.0028905 secs] 602425K->586041K(896640K), 0.0029393 secs] [Times: user=0.01 sys=0.00, real=0.00 secs] 
2020-10-29T10:26:50.916+0000: [GC (Allocation Failure) 2020-10-29T10:26:50.916+0000: [ParNew: 16388K->4K(18432K), 0.0028497 secs] 602425K->586041K(896640K), 0.0028945 secs] [Times: user=0.00 sys=0.00, real=0.00 secs] 
2020-10-29T10:26:50.934+0000: [GC (Allocation Failure) 2020-10-29T10:26:50.934+0000: [ParNew: 16388K->4K(18432K), 0.0029586 secs] 602425K->586041K(896640K), 0.0030081 secs] [Times: user=0.01 sys=0.00, real=0.00 secs] 
2020-10-29T10:26:50.954+0000: [GC (Allocation Failure) 2020-10-29T10:26:50.954+0000: [ParNew: 16388K->4K(18432K), 0.0028883 secs] 602425K->586041K(896640K), 0.0029355 secs] [Times: user=0.01 sys=0.00, real=0.00 secs] 
2020-10-29T10:26:50.974+0000: [GC (Allocation Failure) 2020-10-29T10:26:50.974+0000: [ParNew: 16388K->4K(18432K), 0.0030895 secs] 602425K->586041K(896640K), 0.0031428 secs] [Times: user=0.00 sys=0.00, real=0.00 secs] 
2020-10-29T10:26:50.994+0000: [GC (Allocation Failure) 2020-10-29T10:26:50.994+0000: [ParNew: 16388K->4K(18432K), 0.0029318 secs] 602425K->586041K(896640K), 0.0029821 secs] [Times: user=0.01 sys=0.00, real=0.00 secs] 
2020-10-29T10:26:51.012+0000: [GC (Allocation Failure) 2020-10-29T10:26:51.012+0000: [ParNew: 16388K->4K(18432K), 0.0028529 secs] 602425K->586041K(896640K), 0.0029022 secs] [Times: user=0.00 sys=0.00, real=0.00 secs] 
2020-10-29T10:26:51.029+0000: [GC (Allocation Failure) 2020-10-29T10:26:51.030+0000: [ParNew: 16388K->4K(18432K), 0.0028576 secs] 602425K->586041K(896640K), 0.0029054 secs] [Times: user=0.01 sys=0.00, real=0.01 secs] 
2020-10-29T10:26:51.047+0000: [GC (Allocation Failure) 2020-10-29T10:26:51.047+0000: [ParNew: 16388K->4K(18432K), 0.0027873 secs] 602425K->586041K(896640K), 0.0028351 secs] [Times: user=0.00 sys=0.00, real=0.00 secs] 
2020-10-29T10:26:51.071+0000: [GC (Allocation Failure) 2020-10-29T10:26:51.071+0000: [ParNew: 16388K->4K(18432K), 0.0030156 secs] 618809K->602425K(896640K), 0.0030714 secs] [Times: user=0.01 sys=0.00, real=0.00 secs] 
2020-10-29T10:26:51.074+0000: [GC (CMS Initial Mark) [1 CMS-initial-mark: 602421K(878208K)] 602647K(896640K), 0.0012040 secs] [Times: user=0.00 sys=0.00, real=0.00 secs] 
2020-10-29T10:26:51.075+0000: [CMS-concurrent-mark-start]
2020-10-29T10:26:51.098+0000: [GC (Allocation Failure) 2020-10-29T10:26:51.098+0000: [ParNew: 16388K->4K(18432K), 0.0028025 secs] 618809K->602425K(896640K), 0.0028520 secs] [Times: user=0.00 sys=0.00, real=0.00 secs] 
2020-10-29T10:26:51.128+0000: [GC (Allocation Failure) 2020-10-29T10:26:51.128+0000: [ParNew: 16388K->4K(18432K), 0.0030802 secs] 618809K->602425K(896640K), 0.0031386 secs] [Times: user=0.01 sys=0.00, real=0.01 secs] 
2020-10-29T10:26:51.135+0000: [CMS-concurrent-mark: 0.054/0.060 secs] [Times: user=0.12 sys=0.00, real=0.06 secs] 
2020-10-29T10:26:51.135+0000: [CMS-concurrent-preclean-start]
2020-10-29T10:26:51.138+0000: [CMS-concurrent-preclean: 0.003/0.003 secs] [Times: user=0.00 sys=0.00, real=0.00 secs] 
2020-10-29T10:26:51.138+0000: [CMS-concurrent-abortable-preclean-start]
2020-10-29T10:26:51.150+0000: [GC (Allocation Failure) 2020-10-29T10:26:51.150+0000: [ParNew: 16388K->4K(18432K), 0.0026476 secs] 618809K->602425K(896640K), 0.0026911 secs] [Times: user=0.01 sys=0.00, real=0.01 secs] 
2020-10-29T10:26:51.168+0000: [GC (Allocation Failure) 2020-10-29T10:26:51.168+0000: [ParNew: 16388K->4K(18432K), 0.0027711 secs] 618809K->602425K(896640K), 0.0028196 secs] [Times: user=0.01 sys=0.00, real=0.01 secs] 
2020-10-29T10:26:51.187+0000: [GC (Allocation Failure) 2020-10-29T10:26:51.187+0000: [ParNew: 16388K->4K(18432K), 0.0027320 secs] 618809K->602425K(896640K), 0.0027806 secs] [Times: user=0.00 sys=0.00, real=0.00 secs] 
2020-10-29T10:26:51.206+0000: [GC (Allocation Failure) 2020-10-29T10:26:51.206+0000: [ParNew: 16388K->4K(18432K), 0.0025959 secs] 618809K->602425K(896640K), 0.0026403 secs] [Times: user=0.01 sys=0.00, real=0.00 secs] 
2020-10-29T10:26:51.225+0000: [GC (Allocation Failure) 2020-10-29T10:26:51.225+0000: [ParNew: 16388K->4K(18432K), 0.0025515 secs] 618809K->602425K(896640K), 0.0025956 secs] [Times: user=0.01 sys=0.00, real=0.00 secs] 
2020-10-29T10:26:51.246+0000: [GC (Allocation Failure) 2020-10-29T10:26:51.246+0000: [ParNew: 16388K->4K(18432K), 0.0026907 secs] 618809K->602425K(896640K), 0.0027343 secs] [Times: user=0.00 sys=0.00, real=0.00 secs] 
2020-10-29T10:26:51.265+0000: [GC (Allocation Failure) 2020-10-29T10:26:51.265+0000: [ParNew: 16388K->4K(18432K), 0.0027904 secs] 618809K->602425K(896640K), 0.0028396 secs] [Times: user=0.00 sys=0.00, real=0.00 secs] 
2020-10-29T10:26:51.283+0000: [GC (Allocation Failure) 2020-10-29T10:26:51.283+0000: [ParNew: 16388K->4K(18432K), 0.0028984 secs] 618809K->602425K(896640K), 0.0029473 secs] [Times: user=0.01 sys=0.00, real=0.00 secs] 
2020-10-29T10:26:51.302+0000: [GC (Allocation Failure) 2020-10-29T10:26:51.302+0000: [ParNew: 16388K->4K(18432K), 0.0026591 secs] 618809K->602425K(896640K), 0.0027054 secs] [Times: user=0.00 sys=0.00, real=0.01 secs] 
2020-10-29T10:26:51.322+0000: [GC (Allocation Failure) 2020-10-29T10:26:51.322+0000: [ParNew: 16388K->4K(18432K), 0.0027897 secs] 618809K->602425K(896640K), 0.0028394 secs] [Times: user=0.01 sys=0.00, real=0.00 secs] 
2020-10-29T10:26:51.341+0000: [GC (Allocation Failure) 2020-10-29T10:26:51.341+0000: [ParNew: 16388K->4K(18432K), 0.0026888 secs] 618809K->602425K(896640K), 0.0027371 secs] [Times: user=0.00 sys=0.00, real=0.01 secs] 
2020-10-29T10:26:51.362+0000: [GC (Allocation Failure) 2020-10-29T10:26:51.362+0000: [ParNew: 16388K->4K(18432K), 0.0025326 secs] 618809K->602425K(896640K), 0.0025773 secs] [Times: user=0.01 sys=0.01, real=0.00 secs] 
2020-10-29T10:26:51.382+0000: [GC (Allocation Failure) 2020-10-29T10:26:51.382+0000: [ParNew: 16388K->4K(18432K), 0.0026088 secs] 618809K->602425K(896640K), 0.0026552 secs] [Times: user=0.00 sys=0.00, real=0.00 secs] 
2020-10-29T10:26:51.402+0000: [GC (Allocation Failure) 2020-10-29T10:26:51.402+0000: [ParNew: 16388K->4K(18432K), 0.0026670 secs] 618809K->602425K(896640K), 0.0027150 secs] [Times: user=0.00 sys=0.00, real=0.00 secs] 
2020-10-29T10:26:51.422+0000: [GC (Allocation Failure) 2020-10-29T10:26:51.422+0000: [ParNew: 16388K->4K(18432K), 0.0027135 secs] 618809K->602425K(896640K), 0.0027625 secs] [Times: user=0.01 sys=0.00, real=0.00 secs] 
2020-10-29T10:26:51.440+0000: [GC (Allocation Failure) 2020-10-29T10:26:51.440+0000: [ParNew: 16388K->4K(18432K), 0.0025568 secs] 618809K->602425K(896640K), 0.0026029 secs] [Times: user=0.00 sys=0.00, real=0.01 secs] 
2020-10-29T10:26:51.459+0000: [GC (Allocation Failure) 2020-10-29T10:26:51.459+0000: [ParNew: 16388K->4K(18432K), 0.0024687 secs] 618809K->602425K(896640K), 0.0025123 secs] [Times: user=0.01 sys=0.00, real=0.00 secs] 
2020-10-29T10:26:51.477+0000: [GC (Allocation Failure) 2020-10-29T10:26:51.477+0000: [ParNew: 16381K->4K(18432K), 0.0025469 secs] 618803K->602425K(896640K), 0.0025870 secs] [Times: user=0.00 sys=0.00, real=0.00 secs] 
2020-10-29T10:26:51.495+0000: [GC (Allocation Failure) 2020-10-29T10:26:51.495+0000: [ParNew: 16388K->4K(18432K), 0.0024240 secs] 618809K->602425K(896640K), 0.0024678 secs] [Times: user=0.01 sys=0.00, real=0.00 secs] 
2020-10-29T10:26:51.514+0000: [GC (Allocation Failure) 2020-10-29T10:26:51.514+0000: [ParNew: 16388K->4K(18432K), 0.0025358 secs] 618809K->602425K(896640K), 0.0025913 secs] [Times: user=0.00 sys=0.00, real=0.00 secs] 
2020-10-29T10:26:51.533+0000: [GC (Allocation Failure) 2020-10-29T10:26:51.533+0000: [ParNew: 16388K->4K(18432K), 0.0026221 secs] 618809K->602425K(896640K), 0.0026677 secs] [Times: user=0.01 sys=0.00, real=0.00 secs] 
2020-10-29T10:26:51.554+0000: [GC (Allocation Failure) 2020-10-29T10:26:51.554+0000: [ParNew: 16388K->4K(18432K), 0.0030082 secs] 618809K->602425K(896640K), 0.0030622 secs] [Times: user=0.00 sys=0.00, real=0.00 secs] 
2020-10-29T10:26:51.573+0000: [GC (Allocation Failure) 2020-10-29T10:26:51.573+0000: [ParNew: 16388K->4K(18432K), 0.0026787 secs] 618809K->602425K(896640K), 0.0027242 secs] [Times: user=0.01 sys=0.00, real=0.00 secs] 
2020-10-29T10:26:51.591+0000: [GC (Allocation Failure) 2020-10-29T10:26:51.591+0000: [ParNew: 16388K->4K(18432K), 0.0026215 secs] 618809K->602425K(896640K), 0.0026678 secs] [Times: user=0.00 sys=0.00, real=0.00 secs] 
2020-10-29T10:26:51.610+0000: [GC (Allocation Failure) 2020-10-29T10:26:51.610+0000: [ParNew: 16388K->4K(18432K), 0.0026328 secs] 618809K->602425K(896640K), 0.0026785 secs] [Times: user=0.00 sys=0.00, real=0.00 secs] 
2020-10-29T10:26:51.629+0000: [GC (Allocation Failure) 2020-10-29T10:26:51.629+0000: [ParNew: 16388K->4K(18432K), 0.0025022 secs] 618809K->602425K(896640K), 0.0025458 secs] [Times: user=0.01 sys=0.00, real=0.01 secs] 
2020-10-29T10:26:51.647+0000: [GC (Allocation Failure) 2020-10-29T10:26:51.647+0000: [ParNew: 16388K->4K(18432K), 0.0036147 secs] 618809K->602425K(896640K), 0.0036705 secs] [Times: user=0.00 sys=0.00, real=0.01 secs] 
2020-10-29T10:26:51.670+0000: [GC (Allocation Failure) 2020-10-29T10:26:51.670+0000: [ParNew: 16388K->4K(18432K), 0.0026816 secs] 618809K->602425K(896640K), 0.0027292 secs] [Times: user=0.01 sys=0.00, real=0.00 secs] 
2020-10-29T10:26:51.689+0000: [GC (Allocation Failure) 2020-10-29T10:26:51.689+0000: [ParNew: 16388K->4K(18432K), 0.0026855 secs] 618809K->602425K(896640K), 0.0027328 secs] [Times: user=0.00 sys=0.00, real=0.01 secs] 
2020-10-29T10:26:51.710+0000: [GC (Allocation Failure) 2020-10-29T10:26:51.710+0000: [ParNew: 16388K->4K(18432K), 0.0025694 secs] 618809K->602425K(896640K), 0.0026158 secs] [Times: user=0.00 sys=0.00, real=0.00 secs] 
2020-10-29T10:26:51.729+0000: [GC (Allocation Failure) 2020-10-29T10:26:51.729+0000: [ParNew: 16388K->4K(18432K), 0.0026960 secs] 618809K->602425K(896640K), 0.0027494 secs] [Times: user=0.00 sys=0.00, real=0.01 secs] 
2020-10-29T10:26:51.747+0000: [GC (Allocation Failure) 2020-10-29T10:26:51.747+0000: [ParNew: 16388K->4K(18432K), 0.0025659 secs] 618809K->602425K(896640K), 0.0026111 secs] [Times: user=0.01 sys=0.00, real=0.00 secs] 
2020-10-29T10:26:51.766+0000: [GC (Allocation Failure) 2020-10-29T10:26:51.766+0000: [ParNew: 16388K->4K(18432K), 0.0025140 secs] 618809K->602425K(896640K), 0.0025564 secs] [Times: user=0.01 sys=0.01, real=0.00 secs] 
2020-10-29T10:26:51.784+0000: [GC (Allocation Failure) 2020-10-29T10:26:51.784+0000: [ParNew: 16388K->4K(18432K), 0.0024678 secs] 618809K->602425K(896640K), 0.0025107 secs] [Times: user=0.00 sys=0.00, real=0.00 secs] 
2020-10-29T10:26:51.806+0000: [GC (Allocation Failure) 2020-10-29T10:26:51.806+0000: [ParNew: 16388K->4K(18432K), 0.0026337 secs] 618809K->602425K(896640K), 0.0026810 secs] [Times: user=0.01 sys=0.00, real=0.00 secs] 
2020-10-29T10:26:51.826+0000: [GC (Allocation Failure) 2020-10-29T10:26:51.826+0000: [ParNew: 16388K->4K(18432K), 0.0026599 secs] 618809K->602425K(896640K), 0.0027071 secs] [Times: user=0.01 sys=0.00, real=0.00 secs] 
2020-10-29T10:26:51.845+0000: [GC (Allocation Failure) 2020-10-29T10:26:51.845+0000: [ParNew: 16388K->4K(18432K), 0.0026604 secs] 618809K->602425K(896640K), 0.0027228 secs] [Times: user=0.00 sys=0.00, real=0.00 secs] 
2020-10-29T10:26:51.863+0000: [GC (Allocation Failure) 2020-10-29T10:26:51.863+0000: [ParNew: 16388K->4K(18432K), 0.0026998 secs] 618809K->602425K(896640K), 0.0027469 secs] [Times: user=0.01 sys=0.00, real=0.00 secs] 
2020-10-29T10:26:51.881+0000: [GC (Allocation Failure) 2020-10-29T10:26:51.881+0000: [ParNew: 16388K->4K(18432K), 0.0025309 secs] 618809K->602425K(896640K), 0.0025751 secs] [Times: user=0.00 sys=0.00, real=0.01 secs] 
2020-10-29T10:26:51.902+0000: [GC (Allocation Failure) 2020-10-29T10:26:51.902+0000: [ParNew: 16388K->4K(18432K), 0.0024548 secs] 618809K->602425K(896640K), 0.0024975 secs] [Times: user=0.01 sys=0.00, real=0.00 secs] 
2020-10-29T10:26:51.921+0000: [GC (Allocation Failure) 2020-10-29T10:26:51.921+0000: [ParNew: 16388K->4K(18432K), 0.0025969 secs] 618809K->602425K(896640K), 0.0026436 secs] [Times: user=0.00 sys=0.00, real=0.01 secs] 
2020-10-29T10:26:51.943+0000: [GC (Allocation Failure) 2020-10-29T10:26:51.943+0000: [ParNew: 16388K->4K(18432K), 0.0029176 secs] 618809K->602425K(896640K), 0.0029809 secs] [Times: user=0.01 sys=0.00, real=0.00 secs] 
2020-10-29T10:26:51.962+0000: [GC (Allocation Failure) 2020-10-29T10:26:51.962+0000: [ParNew: 16388K->4K(18432K), 0.0026515 secs] 618809K->602425K(896640K), 0.0027052 secs] [Times: user=0.01 sys=0.00, real=0.01 secs] 
2020-10-29T10:26:51.982+0000: [GC (Allocation Failure) 2020-10-29T10:26:51.982+0000: [ParNew: 16388K->4K(18432K), 0.0027650 secs] 618809K->602425K(896640K), 0.0028333 secs] [Times: user=0.00 sys=0.00, real=0.00 secs] 
2020-10-29T10:26:52.001+0000: [GC (Allocation Failure) 2020-10-29T10:26:52.001+0000: [ParNew: 16388K->4K(18432K), 0.0025842 secs] 618809K->602425K(896640K), 0.0026277 secs] [Times: user=0.01 sys=0.00, real=0.01 secs] 
2020-10-29T10:26:52.019+0000: [GC (Allocation Failure) 2020-10-29T10:26:52.019+0000: [ParNew: 16388K->4K(18432K), 0.0026454 secs] 618809K->602425K(896640K), 0.0026925 secs] [Times: user=0.00 sys=0.00, real=0.00 secs] 
2020-10-29T10:26:52.038+0000: [GC (Allocation Failure) 2020-10-29T10:26:52.038+0000: [ParNew: 16388K->4K(18432K), 0.0030550 secs] 618809K->602425K(896640K), 0.0031062 secs] [Times: user=0.01 sys=0.00, real=0.00 secs] 
2020-10-29T10:26:52.058+0000: [GC (Allocation Failure) 2020-10-29T10:26:52.058+0000: [ParNew: 16388K->4K(18432K), 0.0028719 secs] 618809K->602425K(896640K), 0.0029227 secs] [Times: user=0.00 sys=0.00, real=0.00 secs] 
2020-10-29T10:26:52.077+0000: [GC (Allocation Failure) 2020-10-29T10:26:52.077+0000: [ParNew: 16388K->4K(18432K), 0.0027371 secs] 618809K->602425K(896640K), 0.0027867 secs] [Times: user=0.01 sys=0.00, real=0.00 secs] 
2020-10-29T10:26:52.095+0000: [GC (Allocation Failure) 2020-10-29T10:26:52.095+0000: [ParNew: 16388K->4K(18432K), 0.0029196 secs] 618809K->602425K(896640K), 0.0029720 secs] [Times: user=0.00 sys=0.00, real=0.00 secs] 
2020-10-29T10:26:52.114+0000: [GC (Allocation Failure) 2020-10-29T10:26:52.114+0000: [ParNew: 16388K->4K(18432K), 0.0030149 secs] 618809K->602425K(896640K), 0.0030705 secs] [Times: user=0.01 sys=0.00, real=0.00 secs] 
2020-10-29T10:26:52.132+0000: [GC (Allocation Failure) 2020-10-29T10:26:52.132+0000: [ParNew: 16388K->4K(18432K), 0.0030168 secs] 618809K->602425K(896640K), 0.0030958 secs] [Times: user=0.00 sys=0.00, real=0.00 secs] 
2020-10-29T10:26:52.154+0000: [GC (Allocation Failure) 2020-10-29T10:26:52.154+0000: [ParNew: 16388K->4K(18432K), 0.0029331 secs] 618809K->602425K(896640K), 0.0029850 secs] [Times: user=0.00 sys=0.00, real=0.00 secs] 
2020-10-29T10:26:52.173+0000: [GC (Allocation Failure) 2020-10-29T10:26:52.173+0000: [ParNew: 16388K->4K(18432K), 0.0026546 secs] 618809K->602425K(896640K), 0.0026993 secs] [Times: user=0.01 sys=0.00, real=0.00 secs] 
2020-10-29T10:26:52.191+0000: [GC (Allocation Failure) 2020-10-29T10:26:52.191+0000: [ParNew: 16388K->4K(18432K), 0.0026599 secs] 618809K->602425K(896640K), 0.0027097 secs] [Times: user=0.00 sys=0.00, real=0.00 secs] 
2020-10-29T10:26:52.210+0000: [GC (Allocation Failure) 2020-10-29T10:26:52.210+0000: [ParNew: 16388K->4K(18432K), 0.0027182 secs] 618809K->602425K(896640K), 0.0027652 secs] [Times: user=0.00 sys=0.00, real=0.00 secs] 
2020-10-29T10:26:52.230+0000: [GC (Allocation Failure) 2020-10-29T10:26:52.230+0000: [ParNew: 16388K->4K(18432K), 0.0026843 secs] 618809K->602425K(896640K), 0.0027310 secs] [Times: user=0.01 sys=0.00, real=0.00 secs] 
2020-10-29T10:26:52.250+0000: [GC (Allocation Failure) 2020-10-29T10:26:52.250+0000: [ParNew: 16388K->4K(18432K), 0.0028962 secs] 618809K->602425K(896640K), 0.0029485 secs] [Times: user=0.00 sys=0.00, real=0.00 secs] 
2020-10-29T10:26:52.269+0000: [GC (Allocation Failure) 2020-10-29T10:26:52.269+0000: [ParNew: 16388K->4K(18432K), 0.0028710 secs] 618809K->602425K(896640K), 0.0029207 secs] [Times: user=0.01 sys=0.00, real=0.01 secs] 
2020-10-29T10:26:52.288+0000: [GC (Allocation Failure) 2020-10-29T10:26:52.288+0000: [ParNew: 16388K->4K(18432K), 0.0029115 secs] 618809K->602425K(896640K), 0.0029621 secs] [Times: user=0.01 sys=0.00, real=0.01 secs] 
2020-10-29T10:26:52.306+0000: [GC (Allocation Failure) 2020-10-29T10:26:52.306+0000: [ParNew: 16388K->4K(18432K), 0.0027259 secs] 618809K->602425K(896640K), 0.0027750 secs] [Times: user=0.01 sys=0.00, real=0.00 secs] 
2020-10-29T10:26:52.325+0000: [GC (Allocation Failure) 2020-10-29T10:26:52.325+0000: [ParNew: 16388K->4K(18432K), 0.0028558 secs] 618809K->602425K(896640K), 0.0029060 secs] [Times: user=0.01 sys=0.00, real=0.00 secs] 
2020-10-29T10:26:52.343+0000: [GC (Allocation Failure) 2020-10-29T10:26:52.343+0000: [ParNew: 16388K->4K(18432K), 0.0027897 secs] 618809K->602425K(896640K), 0.0028382 secs] [Times: user=0.00 sys=0.00, real=0.00 secs] 
2020-10-29T10:26:52.362+0000: [GC (Allocation Failure) 2020-10-29T10:26:52.362+0000: [ParNew: 16388K->4K(18432K), 0.0028033 secs] 618809K->602425K(896640K), 0.0028518 secs] [Times: user=0.01 sys=0.00, real=0.00 secs] 
2020-10-29T10:26:52.381+0000: [GC (Allocation Failure) 2020-10-29T10:26:52.381+0000: [ParNew: 16388K->4K(18432K), 0.0027407 secs] 618809K->602425K(896640K), 0.0027867 secs] [Times: user=0.00 sys=0.00, real=0.01 secs] 
2020-10-29T10:26:52.399+0000: [GC (Allocation Failure) 2020-10-29T10:26:52.399+0000: [ParNew: 16388K->4K(18432K), 0.0027123 secs] 618809K->602426K(896640K), 0.0027592 secs] [Times: user=0.01 sys=0.00, real=0.00 secs] 
2020-10-29T10:26:52.417+0000: [GC (Allocation Failure) 2020-10-29T10:26:52.417+0000: [ParNew: 16388K->4K(18432K), 0.0026462 secs] 618810K->602426K(896640K), 0.0026920 secs] [Times: user=0.01 sys=0.00, real=0.00 secs] 
2020-10-29T10:26:52.436+0000: [GC (Allocation Failure) 2020-10-29T10:26:52.436+0000: [ParNew: 16388K->4K(18432K), 0.0027537 secs] 618810K->602426K(896640K), 0.0027993 secs] [Times: user=0.00 sys=0.00, real=0.00 secs] 
2020-10-29T10:26:52.454+0000: [GC (Allocation Failure) 2020-10-29T10:26:52.454+0000: [ParNew: 16388K->4K(18432K), 0.0026386 secs] 618810K->602426K(896640K), 0.0026862 secs] [Times: user=0.01 sys=0.00, real=0.00 secs] 
2020-10-29T10:26:52.474+0000: [GC (Allocation Failure) 2020-10-29T10:26:52.474+0000: [ParNew: 16388K->4K(18432K), 0.0026034 secs] 618810K->602426K(896640K), 0.0026489 secs] [Times: user=0.00 sys=0.00, real=0.00 secs] 
2020-10-29T10:26:52.493+0000: [GC (Allocation Failure) 2020-10-29T10:26:52.493+0000: [ParNew: 16388K->4K(18432K), 0.0029116 secs] 618810K->602426K(896640K), 0.0029645 secs] [Times: user=0.01 sys=0.00, real=0.00 secs] 
2020-10-29T10:26:52.511+0000: [GC (Allocation Failure) 2020-10-29T10:26:52.511+0000: [ParNew: 16388K->4K(18432K), 0.0027506 secs] 618810K->602426K(896640K), 0.0027985 secs] [Times: user=0.01 sys=0.00, real=0.00 secs] 
2020-10-29T10:26:52.530+0000: [GC (Allocation Failure) 2020-10-29T10:26:52.530+0000: [ParNew: 16388K->4K(18432K), 0.0026733 secs] 618810K->602426K(896640K), 0.0027365 secs] [Times: user=0.00 sys=0.00, real=0.01 secs] 
2020-10-29T10:26:52.548+0000: [GC (Allocation Failure) 2020-10-29T10:26:52.548+0000: [ParNew: 16388K->4K(18432K), 0.0027036 secs] 618810K->602426K(896640K), 0.0027744 secs] [Times: user=0.01 sys=0.00, real=0.01 secs] 
2020-10-29T10:26:52.579+0000: [GC (Allocation Failure) 2020-10-29T10:26:52.579+0000: [ParNew: 16388K->8K(18432K), 0.0027574 secs] 618810K->602430K(896640K), 0.0028116 secs] [Times: user=0.00 sys=0.00, real=0.00 secs] 
2020-10-29T10:26:52.598+0000: [GC (Allocation Failure) 2020-10-29T10:26:52.598+0000: [ParNew: 16392K->8K(18432K), 0.0025973 secs] 618814K->602430K(896640K), 0.0026431 secs] [Times: user=0.01 sys=0.00, real=0.00 secs] 
2020-10-29T10:26:52.617+0000: [GC (Allocation Failure) 2020-10-29T10:26:52.617+0000: [ParNew: 16392K->6K(18432K), 0.0025638 secs] 618814K->602428K(896640K), 0.0026156 secs] [Times: user=0.00 sys=0.00, real=0.00 secs] 
2020-10-29T10:26:52.637+0000: [GC (Allocation Failure) 2020-10-29T10:26:52.637+0000: [ParNew: 16390K->8K(18432K), 0.0031185 secs] 618812K->602430K(896640K), 0.0031741 secs] [Times: user=0.01 sys=0.00, real=0.00 secs] 
2020-10-29T10:26:52.656+0000: [GC (Allocation Failure) 2020-10-29T10:26:52.656+0000: [ParNew: 16392K->9K(18432K), 0.0028782 secs] 618814K->602431K(896640K), 0.0029284 secs] [Times: user=0.00 sys=0.00, real=0.00 secs] 
2020-10-29T10:26:52.674+0000: [GC (Allocation Failure) 2020-10-29T10:26:52.674+0000: [ParNew: 16393K->6K(18432K), 0.0027847 secs] 618815K->602428K(896640K), 0.0028312 secs] [Times: user=0.00 sys=0.00, real=0.00 secs] 
2020-10-29T10:26:52.693+0000: [GC (Allocation Failure) 2020-10-29T10:26:52.693+0000: [ParNew: 16390K->4K(18432K), 0.0029538 secs] 618812K->602429K(896640K), 0.0030036 secs] [Times: user=0.01 sys=0.00, real=0.00 secs] 
2020-10-29T10:26:52.712+0000: [GC (Allocation Failure) 2020-10-29T10:26:52.713+0000: [ParNew: 16388K->4K(18432K), 0.0028079 secs] 618813K->602428K(896640K), 0.0028585 secs] [Times: user=0.00 sys=0.00, real=0.00 secs] 
2020-10-29T10:26:52.734+0000: [GC (Allocation Failure) 2020-10-29T10:26:52.734+0000: [ParNew: 16388K->4K(18432K), 0.0026281 secs] 618812K->602428K(896640K), 0.0026729 secs] [Times: user=0.00 sys=0.00, real=0.00 secs] 
2020-10-29T10:26:52.754+0000: [GC (Allocation Failure) 2020-10-29T10:26:52.754+0000: [ParNew: 16388K->4K(18432K), 0.0025007 secs] 618812K->602429K(896640K), 0.0025425 secs] [Times: user=0.01 sys=0.00, real=0.00 secs] 
2020-10-29T10:26:52.774+0000: [GC (Allocation Failure) 2020-10-29T10:26:52.774+0000: [ParNew: 16388K->4K(18432K), 0.0027398 secs] 618813K->602429K(896640K), 0.0027892 secs] [Times: user=0.00 sys=0.00, real=0.00 secs] 
2020-10-29T10:26:52.792+0000: [GC (Allocation Failure) 2020-10-29T10:26:52.792+0000: [ParNew: 16388K->4K(18432K), 0.0026585 secs] 618813K->602429K(896640K), 0.0027042 secs] [Times: user=0.01 sys=0.00, real=0.00 secs] 
2020-10-29T10:26:52.811+0000: [GC (Allocation Failure) 2020-10-29T10:26:52.811+0000: [ParNew: 16388K->4K(18432K), 0.0025967 secs] 618813K->602429K(896640K), 0.0026385 secs] [Times: user=0.00 sys=0.00, real=0.00 secs] 
2020-10-29T10:26:52.830+0000: [GC (Allocation Failure) 2020-10-29T10:26:52.830+0000: [ParNew: 16388K->4K(18432K), 0.0027654 secs] 618813K->602429K(896640K), 0.0028142 secs] [Times: user=0.00 sys=0.00, real=0.00 secs] 
2020-10-29T10:26:52.850+0000: [GC (Allocation Failure) 2020-10-29T10:26:52.850+0000: [ParNew: 16388K->4K(18432K), 0.0027828 secs] 618813K->602429K(896640K), 0.0028329 secs] [Times: user=0.01 sys=0.00, real=0.00 secs] 
2020-10-29T10:26:52.869+0000: [GC (Allocation Failure) 2020-10-29T10:26:52.869+0000: [ParNew: 16388K->4K(18432K), 0.0028687 secs] 618813K->602429K(896640K), 0.0029175 secs] [Times: user=0.00 sys=0.00, real=0.01 secs] 
2020-10-29T10:26:52.887+0000: [GC (Allocation Failure) 2020-10-29T10:26:52.887+0000: [ParNew: 16388K->4K(18432K), 0.0029398 secs] 618813K->602429K(896640K), 0.0029897 secs] [Times: user=0.01 sys=0.00, real=0.01 secs] 
2020-10-29T10:26:52.906+0000: [GC (Allocation Failure) 2020-10-29T10:26:52.906+0000: [ParNew: 16388K->4K(18432K), 0.0028210 secs] 618813K->602429K(896640K), 0.0028720 secs] [Times: user=0.00 sys=0.00, real=0.00 secs] 
2020-10-29T10:26:52.925+0000: [GC (Allocation Failure) 2020-10-29T10:26:52.925+0000: [ParNew: 16388K->4K(18432K), 0.0028012 secs] 618813K->602429K(896640K), 0.0028509 secs] [Times: user=0.01 sys=0.00, real=0.00 secs] 
2020-10-29T10:26:52.946+0000: [GC (Allocation Failure) 2020-10-29T10:26:52.946+0000: [ParNew: 16388K->4K(18432K), 0.0027809 secs] 618813K->602429K(896640K), 0.0028287 secs] [Times: user=0.01 sys=0.00, real=0.00 secs] 
2020-10-29T10:26:52.965+0000: [GC (Allocation Failure) 2020-10-29T10:26:52.965+0000: [ParNew: 16388K->4K(18432K), 0.0026408 secs] 618813K->602429K(896640K), 0.0026852 secs] [Times: user=0.01 sys=0.00, real=0.00 secs] 
2020-10-29T10:26:52.986+0000: [GC (Allocation Failure) 2020-10-29T10:26:52.986+0000: [ParNew: 16388K->4K(18432K), 0.0028161 secs] 618813K->602429K(896640K), 0.0028670 secs] [Times: user=0.01 sys=0.00, real=0.00 secs] 
2020-10-29T10:26:53.005+0000: [GC (Allocation Failure) 2020-10-29T10:26:53.005+0000: [ParNew: 16388K->4K(18432K), 0.0027221 secs] 618813K->602429K(896640K), 0.0027672 secs] [Times: user=0.00 sys=0.00, real=0.00 secs] 
2020-10-29T10:26:53.023+0000: [GC (Allocation Failure) 2020-10-29T10:26:53.023+0000: [ParNew: 16388K->4K(18432K), 0.0027538 secs] 618813K->602429K(896640K), 0.0028030 secs] [Times: user=0.01 sys=0.00, real=0.00 secs] 
2020-10-29T10:26:53.041+0000: [GC (Allocation Failure) 2020-10-29T10:26:53.041+0000: [ParNew: 16388K->4K(18432K), 0.0030362 secs] 618813K->602429K(896640K), 0.0030853 secs] [Times: user=0.01 sys=0.00, real=0.01 secs] 
2020-10-29T10:26:53.060+0000: [GC (Allocation Failure) 2020-10-29T10:26:53.060+0000: [ParNew: 16388K->4K(18432K), 0.0027167 secs] 618813K->602429K(896640K), 0.0027667 secs] [Times: user=0.00 sys=0.00, real=0.01 secs] 
2020-10-29T10:26:53.082+0000: [GC (Allocation Failure) 2020-10-29T10:26:53.082+0000: [ParNew: 16388K->4K(18432K), 0.0027379 secs] 618813K->602429K(896640K), 0.0027883 secs] [Times: user=0.01 sys=0.00, real=0.00 secs] 
2020-10-29T10:26:53.101+0000: [GC (Allocation Failure) 2020-10-29T10:26:53.101+0000: [ParNew: 16388K->4K(18432K), 0.0028799 secs] 618813K->602429K(896640K), 0.0029307 secs] [Times: user=0.01 sys=0.00, real=0.01 secs] 
2020-10-29T10:26:53.119+0000: [GC (Allocation Failure) 2020-10-29T10:26:53.119+0000: [ParNew: 16388K->4K(18432K), 0.0027307 secs] 618813K->602429K(896640K), 0.0027806 secs] [Times: user=0.00 sys=0.00, real=0.00 secs] 
2020-10-29T10:26:53.140+0000: [GC (Allocation Failure) 2020-10-29T10:26:53.140+0000: [ParNew: 16388K->4K(18432K), 0.0025974 secs] 618813K->602429K(896640K), 0.0026421 secs] [Times: user=0.00 sys=0.00, real=0.01 secs] 
2020-10-29T10:26:53.159+0000: [GC (Allocation Failure) 2020-10-29T10:26:53.159+0000: [ParNew: 16388K->4K(18432K), 0.0026388 secs] 618813K->602429K(896640K), 0.0026854 secs] [Times: user=0.01 sys=0.00, real=0.00 secs] 
2020-10-29T10:26:53.178+0000: [GC (Allocation Failure) 2020-10-29T10:26:53.178+0000: [ParNew: 16388K->4K(18432K), 0.0026254 secs] 618813K->602429K(896640K), 0.0026738 secs] [Times: user=0.01 sys=0.00, real=0.00 secs] 
2020-10-29T10:26:53.198+0000: [GC (Allocation Failure) 2020-10-29T10:26:53.198+0000: [ParNew: 16388K->4K(18432K), 0.0027660 secs] 618813K->602429K(896640K), 0.0028146 secs] [Times: user=0.00 sys=0.00, real=0.00 secs] 
2020-10-29T10:26:53.217+0000: [GC (Allocation Failure) 2020-10-29T10:26:53.217+0000: [ParNew: 16388K->4K(18432K), 0.0029509 secs] 618813K->602429K(896640K), 0.0030047 secs] [Times: user=0.01 sys=0.00, real=0.00 secs] 
2020-10-29T10:26:53.238+0000: [GC (Allocation Failure) 2020-10-29T10:26:53.238+0000: [ParNew: 16388K->4K(18432K), 0.0028937 secs] 618813K->602429K(896640K), 0.0029455 secs] [Times: user=0.01 sys=0.00, real=0.00 secs] 
2020-10-29T10:26:53.257+0000: [GC (Allocation Failure) 2020-10-29T10:26:53.257+0000: [ParNew: 16388K->4K(18432K), 0.0028848 secs] 618813K->602429K(896640K), 0.0029346 secs] [Times: user=0.01 sys=0.00, real=0.00 secs] 
2020-10-29T10:26:53.276+0000: [GC (Allocation Failure) 2020-10-29T10:26:53.276+0000: [ParNew: 16388K->4K(18432K), 0.0029276 secs] 618813K->602429K(896640K), 0.0029782 secs] [Times: user=0.01 sys=0.00, real=0.00 secs] 
2020-10-29T10:26:53.295+0000: [GC (Allocation Failure) 2020-10-29T10:26:53.295+0000: [ParNew: 16388K->4K(18432K), 0.0031015 secs] 618813K->602429K(896640K), 0.0031548 secs] [Times: user=0.01 sys=0.00, real=0.00 secs] 
2020-10-29T10:26:53.314+0000: [GC (Allocation Failure) 2020-10-29T10:26:53.314+0000: [ParNew: 16388K->4K(18432K), 0.0027116 secs] 618813K->602429K(896640K), 0.0027601 secs] [Times: user=0.00 sys=0.00, real=0.00 secs] 
2020-10-29T10:26:53.334+0000: [GC (Allocation Failure) 2020-10-29T10:26:53.334+0000: [ParNew: 16388K->4K(18432K), 0.0026859 secs] 618813K->602429K(896640K), 0.0027425 secs] [Times: user=0.01 sys=0.00, real=0.00 secs] 
2020-10-29T10:26:53.353+0000: [GC (Allocation Failure) 2020-10-29T10:26:53.353+0000: [ParNew: 16388K->4K(18432K), 0.0025104 secs] 618813K->602429K(896640K), 0.0025544 secs] [Times: user=0.00 sys=0.00, real=0.00 secs] 
2020-10-29T10:26:53.374+0000: [GC (Allocation Failure) 2020-10-29T10:26:53.374+0000: [ParNew: 16388K->4K(18432K), 0.0024919 secs] 618813K->602429K(896640K), 0.0025336 secs] [Times: user=0.00 sys=0.00, real=0.00 secs] 
2020-10-29T10:26:53.393+0000: [GC (Allocation Failure) 2020-10-29T10:26:53.393+0000: [ParNew: 16388K->4K(18432K), 0.0025633 secs] 618813K->602429K(896640K), 0.0026122 secs] [Times: user=0.01 sys=0.00, real=0.00 secs] 
2020-10-29T10:26:53.414+0000: [GC (Allocation Failure) 2020-10-29T10:26:53.414+0000: [ParNew: 16388K->4K(18432K), 0.0024464 secs] 618813K->602429K(896640K), 0.0024878 secs] [Times: user=0.00 sys=0.00, real=0.00 secs] 
2020-10-29T10:26:53.433+0000: [GC (Allocation Failure) 2020-10-29T10:26:53.433+0000: [ParNew: 16388K->4K(18432K), 0.0026096 secs] 618813K->602429K(896640K), 0.0026547 secs] [Times: user=0.00 sys=0.00, real=0.00 secs] 
2020-10-29T10:26:53.452+0000: [GC (Allocation Failure) 2020-10-29T10:26:53.452+0000: [ParNew: 16388K->4K(18432K), 0.0027939 secs] 618813K->602429K(896640K), 0.0028429 secs] [Times: user=0.00 sys=0.00, real=0.00 secs] 
2020-10-29T10:26:53.470+0000: [GC (Allocation Failure) 2020-10-29T10:26:53.470+0000: [ParNew: 16388K->4K(18432K), 0.0027641 secs] 618813K->602429K(896640K), 0.0028106 secs] [Times: user=0.01 sys=0.00, real=0.01 secs] 
2020-10-29T10:26:53.488+0000: [GC (Allocation Failure) 2020-10-29T10:26:53.488+0000: [ParNew: 16388K->4K(18432K), 0.0026180 secs] 618813K->602429K(896640K), 0.0026627 secs] [Times: user=0.00 sys=0.00, real=0.01 secs] 
2020-10-29T10:26:53.510+0000: [GC (Allocation Failure) 2020-10-29T10:26:53.510+0000: [ParNew: 16388K->4K(18432K), 0.0025279 secs] 618813K->602429K(896640K), 0.0025733 secs] [Times: user=0.00 sys=0.00, real=0.00 secs] 
2020-10-29T10:26:53.530+0000: [GC (Allocation Failure) 2020-10-29T10:26:53.530+0000: [ParNew: 16388K->4K(18432K), 0.0027605 secs] 618813K->602429K(896640K), 0.0028107 secs] [Times: user=0.01 sys=0.00, real=0.00 secs] 
2020-10-29T10:26:53.549+0000: [GC (Allocation Failure) 2020-10-29T10:26:53.549+0000: [ParNew: 16388K->4K(18432K), 0.0025627 secs] 618813K->602429K(896640K), 0.0026048 secs] [Times: user=0.00 sys=0.00, real=0.01 secs] 
2020-10-29T10:26:53.567+0000: [GC (Allocation Failure) 2020-10-29T10:26:53.567+0000: [ParNew: 16388K->4K(18432K), 0.0026240 secs] 618813K->602429K(896640K), 0.0026686 secs] [Times: user=0.00 sys=0.00, real=0.00 secs] 
2020-10-29T10:26:53.585+0000: [GC (Allocation Failure) 2020-10-29T10:26:53.585+0000: [ParNew: 16388K->4K(18432K), 0.0026001 secs] 618813K->602429K(896640K), 0.0026449 secs] [Times: user=0.01 sys=0.00, real=0.00 secs] 
2020-10-29T10:26:53.606+0000: [GC (Allocation Failure) 2020-10-29T10:26:53.606+0000: [ParNew: 16388K->4K(18432K), 0.0026535 secs] 618813K->602429K(896640K), 0.0026996 secs] [Times: user=0.01 sys=0.00, real=0.00 secs] 
2020-10-29T10:26:53.625+0000: [GC (Allocation Failure) 2020-10-29T10:26:53.625+0000: [ParNew: 16388K->4K(18432K), 0.0028109 secs] 618813K->602429K(896640K), 0.0028613 secs] [Times: user=0.01 sys=0.00, real=0.00 secs] 
2020-10-29T10:26:53.643+0000: [GC (Allocation Failure) 2020-10-29T10:26:53.643+0000: [ParNew: 16388K->4K(18432K), 0.0027024 secs] 618813K->602429K(896640K), 0.0027506 secs] [Times: user=0.01 sys=0.00, real=0.00 secs] 
2020-10-29T10:26:53.662+0000: [GC (Allocation Failure) 2020-10-29T10:26:53.662+0000: [ParNew: 16388K->4K(18432K), 0.0028155 secs] 618813K->602429K(896640K), 0.0028682 secs] [Times: user=0.01 sys=0.00, real=0.00 secs] 
2020-10-29T10:26:53.681+0000: [GC (Allocation Failure) 2020-10-29T10:26:53.681+0000: [ParNew: 16388K->4K(18432K), 0.0028705 secs] 618813K->602429K(896640K), 0.0029209 secs] [Times: user=0.01 sys=0.00, real=0.01 secs] 
2020-10-29T10:26:53.702+0000: [GC (Allocation Failure) 2020-10-29T10:26:53.702+0000: [ParNew: 16388K->4K(18432K), 0.0028545 secs] 618813K->602429K(896640K), 0.0029073 secs] [Times: user=0.00 sys=0.00, real=0.00 secs] 
2020-10-29T10:26:53.722+0000: [GC (Allocation Failure) 2020-10-29T10:26:53.722+0000: [ParNew: 16388K->4K(18432K), 0.0029364 secs] 618813K->602429K(896640K), 0.0029888 secs] [Times: user=0.01 sys=0.00, real=0.00 secs] 
2020-10-29T10:26:53.742+0000: [GC (Allocation Failure) 2020-10-29T10:26:53.742+0000: [ParNew: 16388K->4K(18432K), 0.0027472 secs] 618813K->602429K(896640K), 0.0027974 secs] [Times: user=0.00 sys=0.00, real=0.00 secs] 
2020-10-29T10:26:53.762+0000: [GC (Allocation Failure) 2020-10-29T10:26:53.762+0000: [ParNew: 16388K->4K(18432K), 0.0027580 secs] 618813K->602429K(896640K), 0.0028077 secs] [Times: user=0.01 sys=0.00, real=0.00 secs] 
2020-10-29T10:26:53.782+0000: [GC (Allocation Failure) 2020-10-29T10:26:53.782+0000: [ParNew: 16388K->4K(18432K), 0.0029516 secs] 618813K->602429K(896640K), 0.0030075 secs] [Times: user=0.01 sys=0.00, real=0.00 secs] 
2020-10-29T10:26:53.801+0000: [GC (Allocation Failure) 2020-10-29T10:26:53.801+0000: [ParNew: 16388K->4K(18432K), 0.0029565 secs] 618813K->602429K(896640K), 0.0030109 secs] [Times: user=0.01 sys=0.00, real=0.01 secs] 
2020-10-29T10:26:53.821+0000: [GC (Allocation Failure) 2020-10-29T10:26:53.821+0000: [ParNew: 16388K->4K(18432K), 0.0030615 secs] 618813K->602429K(896640K), 0.0031166 secs] [Times: user=0.01 sys=0.00, real=0.01 secs] 
2020-10-29T10:26:53.839+0000: [GC (Allocation Failure) 2020-10-29T10:26:53.839+0000: [ParNew: 16388K->4K(18432K), 0.0026233 secs] 618813K->602429K(896640K), 0.0026808 secs] [Times: user=0.00 sys=0.00, real=0.00 secs] 
2020-10-29T10:26:53.858+0000: [GC (Allocation Failure) 2020-10-29T10:26:53.858+0000: [ParNew: 16388K->4K(18432K), 0.0026545 secs] 618813K->602429K(896640K), 0.0027026 secs] [Times: user=0.00 sys=0.00, real=0.00 secs] 
2020-10-29T10:26:53.877+0000: [GC (Allocation Failure) 2020-10-29T10:26:53.877+0000: [ParNew: 16388K->4K(18432K), 0.0027124 secs] 618813K->602429K(896640K), 0.0027616 secs] [Times: user=0.01 sys=0.00, real=0.00 secs] 
2020-10-29T10:26:53.895+0000: [GC (Allocation Failure) 2020-10-29T10:26:53.895+0000: [ParNew: 16388K->4K(18432K), 0.0037825 secs] 618813K->602429K(896640K), 0.0038307 secs] [Times: user=0.01 sys=0.00, real=0.00 secs] 
2020-10-29T10:26:53.914+0000: [GC (Allocation Failure) 2020-10-29T10:26:53.914+0000: [ParNew: 16388K->4K(18432K), 0.0028882 secs] 618813K->602429K(896640K), 0.0029665 secs] [Times: user=0.01 sys=0.00, real=0.00 secs] 
2020-10-29T10:26:53.933+0000: [GC (Allocation Failure) 2020-10-29T10:26:53.933+0000: [ParNew: 16388K->4K(18432K), 0.0028915 secs] 618813K->602429K(896640K), 0.0029426 secs] [Times: user=0.00 sys=0.00, real=0.00 secs] 
2020-10-29T10:26:53.954+0000: [GC (Allocation Failure) 2020-10-29T10:26:53.954+0000: [ParNew: 16388K->4K(18432K), 0.0025747 secs] 618813K->602429K(896640K), 0.0026214 secs] [Times: user=0.00 sys=0.00, real=0.00 secs] 
2020-10-29T10:26:53.973+0000: [GC (Allocation Failure) 2020-10-29T10:26:53.973+0000: [ParNew: 16388K->4K(18432K), 0.0027325 secs] 618813K->602429K(896640K), 0.0027814 secs] [Times: user=0.00 sys=0.00, real=0.00 secs] 
2020-10-29T10:26:53.994+0000: [GC (Allocation Failure) 2020-10-29T10:26:53.994+0000: [ParNew: 16388K->4K(18432K), 0.0028999 secs] 618813K->602429K(896640K), 0.0029502 secs] [Times: user=0.01 sys=0.00, real=0.00 secs] 
2020-10-29T10:26:54.014+0000: [GC (Allocation Failure) 2020-10-29T10:26:54.014+0000: [ParNew: 16388K->4K(18432K), 0.0027672 secs] 618813K->602429K(896640K), 0.0028175 secs] [Times: user=0.01 sys=0.00, real=0.00 secs] 
2020-10-29T10:26:54.033+0000: [GC (Allocation Failure) 2020-10-29T10:26:54.033+0000: [ParNew: 16388K->4K(18432K), 0.0028592 secs] 618813K->602429K(896640K), 0.0029155 secs] [Times: user=0.00 sys=0.00, real=0.00 secs] 
2020-10-29T10:26:54.052+0000: [GC (Allocation Failure) 2020-10-29T10:26:54.052+0000: [ParNew: 16388K->4K(18432K), 0.0039674 secs] 618813K->602429K(896640K), 0.0040123 secs] [Times: user=0.00 sys=0.00, real=0.00 secs] 
2020-10-29T10:26:54.071+0000: [GC (Allocation Failure) 2020-10-29T10:26:54.071+0000: [ParNew: 16388K->4K(18432K), 0.0025935 secs] 618813K->602429K(896640K), 0.0026480 secs] [Times: user=0.01 sys=0.00, real=0.00 secs] 
2020-10-29T10:26:54.089+0000: [GC (Allocation Failure) 2020-10-29T10:26:54.089+0000: [ParNew: 16388K->4K(18432K), 0.0026041 secs] 618813K->602429K(896640K), 0.0026484 secs] [Times: user=0.00 sys=0.00, real=0.01 secs] 
2020-10-29T10:26:54.110+0000: [GC (Allocation Failure) 2020-10-29T10:26:54.110+0000: [ParNew: 16388K->4K(18432K), 0.0025046 secs] 618813K->602429K(896640K), 0.0025486 secs] [Times: user=0.00 sys=0.00, real=0.00 secs] 
2020-10-29T10:26:54.129+0000: [GC (Allocation Failure) 2020-10-29T10:26:54.129+0000: [ParNew: 16388K->4K(18432K), 0.0026340 secs] 618813K->602429K(896640K), 0.0026766 secs] [Times: user=0.00 sys=0.00, real=0.01 secs] 
2020-10-29T10:26:54.147+0000: [GC (Allocation Failure) 2020-10-29T10:26:54.147+0000: [ParNew: 16388K->4K(18432K), 0.0026362 secs] 618813K->602429K(896640K), 0.0026783 secs] [Times: user=0.01 sys=0.00, real=0.01 secs] 
2020-10-29T10:26:54.166+0000: [GC (Allocation Failure) 2020-10-29T10:26:54.166+0000: [ParNew: 16388K->4K(18432K), 0.0026004 secs] 618813K->602429K(896640K), 0.0026439 secs] [Times: user=0.00 sys=0.00, real=0.00 secs] 
2020-10-29T10:26:54.186+0000: [GC (Allocation Failure) 2020-10-29T10:26:54.186+0000: [ParNew: 16388K->4K(18432K), 0.0029586 secs] 618813K->602429K(896640K), 0.0030130 secs] [Times: user=0.01 sys=0.00, real=0.00 secs] 
2020-10-29T10:26:54.205+0000: [GC (Allocation Failure) 2020-10-29T10:26:54.205+0000: [ParNew: 16388K->4K(18432K), 0.0029459 secs] 618813K->602429K(896640K), 0.0029972 secs] [Times: user=0.01 sys=0.00, real=0.00 secs] 
2020-10-29T10:26:54.223+0000: [GC (Allocation Failure) 2020-10-29T10:26:54.223+0000: [ParNew: 16388K->4K(18432K), 0.0026115 secs] 618813K->602429K(896640K), 0.0026546 secs] [Times: user=0.00 sys=0.00, real=0.00 secs] 
2020-10-29T10:26:54.241+0000: [GC (Allocation Failure) 2020-10-29T10:26:54.242+0000: [ParNew: 16388K->4K(18432K), 0.0027442 secs] 618813K->602429K(896640K), 0.0028162 secs] [Times: user=0.01 sys=0.00, real=0.01 secs] 
2020-10-29T10:26:54.260+0000: [GC (Allocation Failure) 2020-10-29T10:26:54.260+0000: [ParNew: 16388K->4K(18432K), 0.0029123 secs] 618813K->602429K(896640K), 0.0029787 secs] [Times: user=0.01 sys=0.00, real=0.01 secs] 
2020-10-29T10:26:54.282+0000: [GC (Allocation Failure) 2020-10-29T10:26:54.282+0000: [ParNew: 16388K->4K(18432K), 0.0030121 secs] 618813K->602429K(896640K), 0.0030663 secs] [Times: user=0.00 sys=0.00, real=0.01 secs] 
2020-10-29T10:26:54.302+0000: [GC (Allocation Failure) 2020-10-29T10:26:54.302+0000: [ParNew: 16388K->4K(18432K), 0.0028840 secs] 618813K->602429K(896640K), 0.0029332 secs] [Times: user=0.01 sys=0.00, real=0.00 secs] 
2020-10-29T10:26:54.322+0000: [GC (Allocation Failure) 2020-10-29T10:26:54.322+0000: [ParNew: 16388K->4K(18432K), 0.0026393 secs] 618813K->602429K(896640K), 0.0026840 secs] [Times: user=0.00 sys=0.00, real=0.00 secs] 
2020-10-29T10:26:54.341+0000: [GC (Allocation Failure) 2020-10-29T10:26:54.341+0000: [ParNew: 16388K->4K(18432K), 0.0028282 secs] 618813K->602429K(896640K), 0.0028782 secs] [Times: user=0.01 sys=0.00, real=0.01 secs] 
2020-10-29T10:26:54.359+0000: [GC (Allocation Failure) 2020-10-29T10:26:54.359+0000: [ParNew: 16388K->4K(18432K), 0.0029705 secs] 618813K->602429K(896640K), 0.0030240 secs] [Times: user=0.00 sys=0.00, real=0.01 secs] 
2020-10-29T10:26:54.382+0000: [GC (Allocation Failure) 2020-10-29T10:26:54.382+0000: [ParNew: 16388K->4K(18432K), 0.0029739 secs] 618813K->602429K(896640K), 0.0030270 secs] [Times: user=0.00 sys=0.00, real=0.01 secs] 
2020-10-29T10:26:54.401+0000: [GC (Allocation Failure) 2020-10-29T10:26:54.401+0000: [ParNew: 16388K->4K(18432K), 0.0028522 secs] 618813K->602429K(896640K), 0.0029047 secs] [Times: user=0.01 sys=0.00, real=0.01 secs] 
2020-10-29T10:26:54.419+0000: [GC (Allocation Failure) 2020-10-29T10:26:54.419+0000: [ParNew: 16388K->4K(18432K), 0.0026666 secs] 618813K->602429K(896640K), 0.0027110 secs] [Times: user=0.00 sys=0.00, real=0.00 secs] 
2020-10-29T10:26:54.437+0000: [GC (Allocation Failure) 2020-10-29T10:26:54.437+0000: [ParNew: 16388K->4K(18432K), 0.0026760 secs] 618813K->602429K(896640K), 0.0027331 secs] [Times: user=0.00 sys=0.00, real=0.00 secs] 
2020-10-29T10:26:54.455+0000: [GC (Allocation Failure) 2020-10-29T10:26:54.455+0000: [ParNew: 16388K->4K(18432K), 0.0030151 secs] 618813K->602429K(896640K), 0.0030685 secs] [Times: user=0.01 sys=0.00, real=0.00 secs] 
2020-10-29T10:26:54.474+0000: [GC (Allocation Failure) 2020-10-29T10:26:54.474+0000: [ParNew: 16388K->4K(18432K), 0.0030575 secs] 618813K->602429K(896640K), 0.0031135 secs] [Times: user=0.00 sys=0.00, real=0.00 secs] 
2020-10-29T10:26:54.492+0000: [GC (Allocation Failure) 2020-10-29T10:26:54.492+0000: [ParNew: 16388K->4K(18432K), 0.0029436 secs] 618813K->602429K(896640K), 0.0030103 secs] [Times: user=0.00 sys=0.00, real=0.00 secs] 
2020-10-29T10:26:54.511+0000: [GC (Allocation Failure) 2020-10-29T10:26:54.511+0000: [ParNew: 16388K->4K(18432K), 0.0028020 secs] 618813K->602429K(896640K), 0.0028527 secs] [Times: user=0.01 sys=0.00, real=0.00 secs] 
2020-10-29T10:26:54.530+0000: [GC (Allocation Failure) 2020-10-29T10:26:54.530+0000: [ParNew: 16388K->4K(18432K), 0.0028289 secs] 618813K->602429K(896640K), 0.0028790 secs] [Times: user=0.00 sys=0.00, real=0.01 secs] 
2020-10-29T10:26:54.548+0000: [GC (Allocation Failure) 2020-10-29T10:26:54.549+0000: [ParNew: 16388K->4K(18432K), 0.0030848 secs] 618813K->602429K(896640K), 0.0031408 secs] [Times: user=0.01 sys=0.00, real=0.01 secs] 
2020-10-29T10:26:54.570+0000: [GC (Allocation Failure) 2020-10-29T10:26:54.570+0000: [ParNew: 16388K->4K(18432K), 0.0029993 secs] 618813K->602429K(896640K), 0.0030544 secs] [Times: user=0.01 sys=0.00, real=0.00 secs] 
2020-10-29T10:26:54.590+0000: [GC (Allocation Failure) 2020-10-29T10:26:54.590+0000: [ParNew: 16388K->4K(18432K), 0.0027874 secs] 618813K->602429K(896640K), 0.0028400 secs] [Times: user=0.01 sys=0.00, real=0.00 secs] 
2020-10-29T10:26:54.609+0000: [GC (Allocation Failure) 2020-10-29T10:26:54.609+0000: [ParNew: 16388K->4K(18432K), 0.0025965 secs] 618813K->602429K(896640K), 0.0026419 secs] [Times: user=0.00 sys=0.00, real=0.01 secs] 
2020-10-29T10:26:54.630+0000: [GC (Allocation Failure) 2020-10-29T10:26:54.630+0000: [ParNew: 16388K->4K(18432K), 0.0027847 secs] 618813K->602429K(896640K), 0.0028341 secs] [Times: user=0.00 sys=0.00, real=0.00 secs] 
2020-10-29T10:26:54.649+0000: [GC (Allocation Failure) 2020-10-29T10:26:54.649+0000: [ParNew: 16388K->4K(18432K), 0.0029974 secs] 618813K->602429K(896640K), 0.0030509 secs] [Times: user=0.01 sys=0.00, real=0.01 secs] 
2020-10-29T10:26:54.672+0000: [GC (Allocation Failure) 2020-10-29T10:26:54.672+0000: [ParNew: 16388K->4K(18432K), 0.0030199 secs] 618813K->602429K(896640K), 0.0030736 secs] [Times: user=0.01 sys=0.00, real=0.00 secs] 
2020-10-29T10:26:54.691+0000: [GC (Allocation Failure) 2020-10-29T10:26:54.691+0000: [ParNew: 16388K->4K(18432K), 0.0026885 secs] 618813K->602429K(896640K), 0.0027380 secs] [Times: user=0.00 sys=0.00, real=0.00 secs] 
2020-10-29T10:26:54.710+0000: [GC (Allocation Failure) 2020-10-29T10:26:54.710+0000: [ParNew: 16388K->4K(18432K), 0.0026956 secs] 618813K->602429K(896640K), 0.0027441 secs] [Times: user=0.00 sys=0.00, real=0.00 secs] 
2020-10-29T10:26:54.730+0000: [GC (Allocation Failure) 2020-10-29T10:26:54.730+0000: [ParNew: 16388K->4K(18432K), 0.0027799 secs] 618813K->602429K(896640K), 0.0028296 secs] [Times: user=0.01 sys=0.00, real=0.00 secs] 
2020-10-29T10:26:54.748+0000: [GC (Allocation Failure) 2020-10-29T10:26:54.748+0000: [ParNew: 16388K->4K(18432K), 0.0026849 secs] 618813K->602430K(896640K), 0.0027307 secs] [Times: user=0.00 sys=0.00, real=0.01 secs] 
2020-10-29T10:26:54.767+0000: [GC (Allocation Failure) 2020-10-29T10:26:54.767+0000: [ParNew: 16388K->4K(18432K), 0.0027750 secs] 618814K->602430K(896640K), 0.0028244 secs] [Times: user=0.01 sys=0.00, real=0.00 secs] 
2020-10-29T10:26:54.786+0000: [GC (Allocation Failure) 2020-10-29T10:26:54.786+0000: [ParNew: 16388K->4K(18432K), 0.0027763 secs] 618814K->602430K(896640K), 0.0028242 secs] [Times: user=0.00 sys=0.00, real=0.00 secs] 
2020-10-29T10:26:54.809+0000: [GC (Allocation Failure) 2020-10-29T10:26:54.809+0000: [ParNew: 16368K->4K(18432K), 0.0027429 secs] 618794K->602430K(896640K), 0.0027862 secs] [Times: user=0.01 sys=0.00, real=0.01 secs] 
2020-10-29T10:26:54.830+0000: [GC (Allocation Failure) 2020-10-29T10:26:54.830+0000: [ParNew: 16388K->4K(18432K), 0.0026761 secs] 618814K->602430K(896640K), 0.0027213 secs] [Times: user=0.01 sys=0.00, real=0.00 secs] 
2020-10-29T10:26:54.849+0000: [GC (Allocation Failure) 2020-10-29T10:26:54.849+0000: [ParNew: 16388K->4K(18432K), 0.0027697 secs] 618814K->602430K(896640K), 0.0028222 secs] [Times: user=0.00 sys=0.00, real=0.01 secs] 
2020-10-29T10:26:54.867+0000: [GC (Allocation Failure) 2020-10-29T10:26:54.867+0000: [ParNew: 16388K->4K(18432K), 0.0027576 secs] 618814K->602430K(896640K), 0.0028077 secs] [Times: user=0.00 sys=0.00, real=0.01 secs] 
2020-10-29T10:26:54.886+0000: [GC (Allocation Failure) 2020-10-29T10:26:54.886+0000: [ParNew: 16388K->4K(18432K), 0.0027949 secs] 618814K->602430K(896640K), 0.0028455 secs] [Times: user=0.00 sys=0.00, real=0.00 secs] 
2020-10-29T10:26:54.906+0000: [GC (Allocation Failure) 2020-10-29T10:26:54.906+0000: [ParNew: 16388K->4K(18432K), 0.0028057 secs] 618814K->602430K(896640K), 0.0028559 secs] [Times: user=0.00 sys=0.00, real=0.00 secs] 
2020-10-29T10:26:54.926+0000: [GC (Allocation Failure) 2020-10-29T10:26:54.926+0000: [ParNew: 16388K->4K(18432K), 0.0027529 secs] 618814K->602430K(896640K), 0.0028015 secs] [Times: user=0.01 sys=0.00, real=0.00 secs] 
2020-10-29T10:26:54.946+0000: [GC (Allocation Failure) 2020-10-29T10:26:54.946+0000: [ParNew: 16388K->4K(18432K), 0.0027060 secs] 618814K->602430K(896640K), 0.0027514 secs] [Times: user=0.01 sys=0.00, real=0.00 secs] 
2020-10-29T10:26:54.965+0000: [GC (Allocation Failure) 2020-10-29T10:26:54.965+0000: [ParNew: 16388K->4K(18432K), 0.0027616 secs] 618814K->602430K(896640K), 0.0028096 secs] [Times: user=0.01 sys=0.00, real=0.00 secs] 
2020-10-29T10:26:54.986+0000: [GC (Allocation Failure) 2020-10-29T10:26:54.986+0000: [ParNew: 16388K->4K(18432K), 0.0027278 secs] 618814K->602430K(896640K), 0.0027749 secs] [Times: user=0.00 sys=0.00, real=0.00 secs] 
2020-10-29T10:26:55.005+0000: [GC (Allocation Failure) 2020-10-29T10:26:55.005+0000: [ParNew: 16388K->4K(18432K), 0.0028844 secs] 618814K->602430K(896640K), 0.0029354 secs] [Times: user=0.01 sys=0.00, real=0.00 secs] 
2020-10-29T10:26:55.023+0000: [GC (Allocation Failure) 2020-10-29T10:26:55.023+0000: [ParNew: 16388K->4K(18432K), 0.0026602 secs] 618814K->602430K(896640K), 0.0027079 secs] [Times: user=0.00 sys=0.00, real=0.00 secs] 
2020-10-29T10:26:55.042+0000: [GC (Allocation Failure) 2020-10-29T10:26:55.042+0000: [ParNew: 16388K->4K(18432K), 0.0030540 secs] 618814K->602430K(896640K), 0.0031487 secs] [Times: user=0.00 sys=0.00, real=0.01 secs] 
2020-10-29T10:26:55.062+0000: [GC (Allocation Failure) 2020-10-29T10:26:55.062+0000: [ParNew: 16388K->4K(18432K), 0.0028149 secs] 618814K->602430K(896640K), 0.0028634 secs] [Times: user=0.01 sys=0.00, real=0.00 secs] 
2020-10-29T10:26:55.082+0000: [GC (Allocation Failure) 2020-10-29T10:26:55.082+0000: [ParNew: 16388K->4K(18432K), 0.0027519 secs] 618814K->602430K(896640K), 0.0027992 secs] [Times: user=0.01 sys=0.00, real=0.00 secs] 
2020-10-29T10:26:55.101+0000: [GC (Allocation Failure) 2020-10-29T10:26:55.101+0000: [ParNew: 16388K->4K(18432K), 0.0030368 secs] 618814K->602430K(896640K), 0.0030903 secs] [Times: user=0.00 sys=0.00, real=0.01 secs] 
2020-10-29T10:26:55.122+0000: [GC (Allocation Failure) 2020-10-29T10:26:55.122+0000: [ParNew: 16388K->4K(18432K), 0.0028807 secs] 618814K->602430K(896640K), 0.0029320 secs] [Times: user=0.01 sys=0.00, real=0.00 secs] 
2020-10-29T10:26:55.142+0000: [GC (Allocation Failure) 2020-10-29T10:26:55.142+0000: [ParNew: 16388K->4K(18432K), 0.0029584 secs] 618814K->602430K(896640K), 0.0030109 secs] [Times: user=0.01 sys=0.00, real=0.00 secs] 
2020-10-29T10:26:55.161+0000: [GC (Allocation Failure) 2020-10-29T10:26:55.161+0000: [ParNew: 16388K->4K(18432K), 0.0029510 secs] 618814K->602430K(896640K), 0.0030101 secs] [Times: user=0.01 sys=0.00, real=0.01 secs] 
2020-10-29T10:26:55.179+0000: [GC (Allocation Failure) 2020-10-29T10:26:55.179+0000: [ParNew: 16388K->4K(18432K), 0.0026481 secs] 618814K->602430K(896640K), 0.0026965 secs] [Times: user=0.00 sys=0.00, real=0.00 secs] 
2020-10-29T10:26:55.198+0000: [GC (Allocation Failure) 2020-10-29T10:26:55.198+0000: [ParNew: 16388K->4K(18432K), 0.0027256 secs] 618814K->602430K(896640K), 0.0027725 secs] [Times: user=0.00 sys=0.00, real=0.00 secs] 
2020-10-29T10:26:55.218+0000: [GC (Allocation Failure) 2020-10-29T10:26:55.218+0000: [ParNew: 16388K->4K(18432K), 0.0027032 secs] 618814K->602430K(896640K), 0.0027516 secs] [Times: user=0.00 sys=0.00, real=0.00 secs] 
2020-10-29T10:26:55.240+0000: [GC (Allocation Failure) 2020-10-29T10:26:55.240+0000: [ParNew: 16388K->4K(18432K), 0.0028818 secs] 618814K->602430K(896640K), 0.0029321 secs] [Times: user=0.00 sys=0.00, real=0.01 secs] 
2020-10-29T10:26:55.262+0000: [GC (Allocation Failure) 2020-10-29T10:26:55.262+0000: [ParNew: 16388K->4K(18432K), 0.0028821 secs] 618814K->602430K(896640K), 0.0029324 secs] [Times: user=0.01 sys=0.00, real=0.00 secs] 
2020-10-29T10:26:55.282+0000: [GC (Allocation Failure) 2020-10-29T10:26:55.282+0000: [ParNew: 16388K->4K(18432K), 0.0027835 secs] 618814K->602430K(896640K), 0.0028337 secs] [Times: user=0.01 sys=0.00, real=0.00 secs] 
2020-10-29T10:26:55.301+0000: [GC (Allocation Failure) 2020-10-29T10:26:55.301+0000: [ParNew: 16388K->4K(18432K), 0.0028523 secs] 618814K->602430K(896640K), 0.0029028 secs] [Times: user=0.01 sys=0.00, real=0.01 secs] 
2020-10-29T10:26:55.319+0000: [GC (Allocation Failure) 2020-10-29T10:26:55.319+0000: [ParNew: 16388K->4K(18432K), 0.0026792 secs] 618814K->602430K(896640K), 0.0027276 secs] [Times: user=0.00 sys=0.00, real=0.00 secs] 
2020-10-29T10:26:55.337+0000: [GC (Allocation Failure) 2020-10-29T10:26:55.337+0000: [ParNew: 16388K->4K(18432K), 0.0028765 secs] 618814K->602430K(896640K), 0.0029301 secs] [Times: user=0.01 sys=0.00, real=0.00 secs] 
2020-10-29T10:26:55.355+0000: [GC (Allocation Failure) 2020-10-29T10:26:55.356+0000: [ParNew: 16388K->4K(18432K), 0.0028049 secs] 618814K->602430K(896640K), 0.0028540 secs] [Times: user=0.01 sys=0.00, real=0.00 secs] 
2020-10-29T10:26:55.374+0000: [GC (Allocation Failure) 2020-10-29T10:26:55.374+0000: [ParNew: 16388K->4K(18432K), 0.0027467 secs] 618814K->602430K(896640K), 0.0027956 secs] [Times: user=0.00 sys=0.00, real=0.00 secs] 
2020-10-29T10:26:55.392+0000: [GC (Allocation Failure) 2020-10-29T10:26:55.392+0000: [ParNew: 16388K->4K(18432K), 0.0026570 secs] 618814K->602430K(896640K), 0.0027043 secs] [Times: user=0.01 sys=0.00, real=0.00 secs] 
2020-10-29T10:26:55.410+0000: [GC (Allocation Failure) 2020-10-29T10:26:55.410+0000: [ParNew: 16388K->4K(18432K), 0.0025165 secs] 618814K->602430K(896640K), 0.0025573 secs] [Times: user=0.00 sys=0.00, real=0.00 secs] 
2020-10-29T10:26:55.429+0000: [GC (Allocation Failure) 2020-10-29T10:26:55.429+0000: [ParNew: 16388K->4K(18432K), 0.0026152 secs] 618814K->602430K(896640K), 0.0026601 secs] [Times: user=0.01 sys=0.00, real=0.01 secs] 
2020-10-29T10:26:55.447+0000: [GC (Allocation Failure) 2020-10-29T10:26:55.447+0000: [ParNew: 16388K->4K(18432K), 0.0026017 secs] 618814K->602430K(896640K), 0.0026480 secs] [Times: user=0.00 sys=0.00, real=0.00 secs] 
2020-10-29T10:26:55.465+0000: [GC (Allocation Failure) 2020-10-29T10:26:55.466+0000: [ParNew: 16388K->4K(18432K), 0.0027236 secs] 618814K->602430K(896640K), 0.0027894 secs] [Times: user=0.01 sys=0.00, real=0.00 secs] 
2020-10-29T10:26:55.486+0000: [GC (Allocation Failure) 2020-10-29T10:26:55.486+0000: [ParNew: 16388K->4K(18432K), 0.0025482 secs] 618814K->602430K(896640K), 0.0025983 secs] [Times: user=0.01 sys=0.00, real=0.00 secs] 
2020-10-29T10:26:55.506+0000: [GC (Allocation Failure) 2020-10-29T10:26:55.506+0000: [ParNew: 16388K->4K(18432K), 0.0028246 secs] 618814K->602430K(896640K), 0.0028763 secs] [Times: user=0.01 sys=0.00, real=0.00 secs] 
2020-10-29T10:26:55.525+0000: [GC (Allocation Failure) 2020-10-29T10:26:55.525+0000: [ParNew: 16388K->4K(18432K), 0.0029133 secs] 618814K->602430K(896640K), 0.0029643 secs] [Times: user=0.00 sys=0.00, real=0.00 secs] 
2020-10-29T10:26:55.546+0000: [GC (Allocation Failure) 2020-10-29T10:26:55.546+0000: [ParNew: 16388K->4K(18432K), 0.0027339 secs] 618814K->602430K(896640K), 0.0027813 secs] [Times: user=0.00 sys=0.00, real=0.00 secs] 
2020-10-29T10:26:55.566+0000: [GC (Allocation Failure) 2020-10-29T10:26:55.566+0000: [ParNew: 16388K->4K(18432K), 0.0024372 secs] 618814K->602430K(896640K), 0.0024848 secs] [Times: user=0.01 sys=0.00, real=0.00 secs] 
2020-10-29T10:26:55.569+0000: [CMS-concurrent-abortable-preclean: 0.417/4.430 secs] [Times: user=8.02 sys=0.30, real=4.43 secs] 
2020-10-29T10:26:55.569+0000: [GC (CMS Final Remark) [YG occupancy: 150 K (18432 K)]2020-10-29T10:26:55.569+0000: [Rescan (parallel) , 0.0016568 secs]2020-10-29T10:26:55.570+0000: [weak refs processing, 0.0000834 secs]2020-10-29T10:26:55.571+0000: [class unloading, 0.0081861 secs]2020-10-29T10:26:55.579+0000: [scrub symbol table, 0.0091796 secs]2020-10-29T10:26:55.588+0000: [scrub string table, 0.0005680 secs][1 CMS-remark: 602426K(878208K)] 602576K(896640K), 0.0197774 secs] [Times: user=0.02 sys=0.00, real=0.02 secs] 
2020-10-29T10:26:55.589+0000: [CMS-concurrent-sweep-start]
2020-10-29T10:26:55.617+0000: [CMS-concurrent-sweep: 0.028/0.028 secs] [Times: user=0.05 sys=0.00, real=0.03 secs] 
2020-10-29T10:26:55.617+0000: [CMS-concurrent-reset-start]
2020-10-29T10:26:55.618+0000: [CMS-concurrent-reset: 0.002/0.002 secs] [Times: user=0.01 sys=0.00, real=0.00 secs] 
2020-10-29T10:26:55.662+0000: [GC (Allocation Failure) 2020-10-29T10:26:55.662+0000: [ParNew: 16388K->6K(18432K), 0.0031021 secs] 458333K->441951K(896640K), 0.0031589 secs] [Times: user=0.01 sys=0.00, real=0.00 secs] 
2020-10-29T10:26:55.717+0000: [GC (Allocation Failure) 2020-10-29T10:26:55.717+0000: [ParNew: 16390K->4K(18432K), 0.0054480 secs] 458335K->441949K(896640K), 0.0055039 secs] [Times: user=0.01 sys=0.00, real=0.01 secs] 
2020-10-29T10:26:55.768+0000: [GC (Allocation Failure) 2020-10-29T10:26:55.768+0000: [ParNew: 16388K->6K(18432K), 0.0030172 secs] 458333K->441951K(896640K), 0.0030742 secs] [Times: user=0.01 sys=0.00, real=0.01 secs] 
2020-10-29T10:26:55.802+0000: [GC (Allocation Failure) 2020-10-29T10:26:55.802+0000: [ParNew: 16390K->6K(18432K), 0.0028520 secs] 458335K->441951K(896640K), 0.0028988 secs] [Times: user=0.00 sys=0.00, real=0.01 secs] 
2020-10-29T10:26:55.834+0000: [GC (Allocation Failure) 2020-10-29T10:26:55.834+0000: [ParNew: 16390K->4K(18432K), 0.0029465 secs] 458335K->441949K(896640K), 0.0029977 secs] [Times: user=0.00 sys=0.00, real=0.00 secs] 
2020-10-29T10:26:56.157+0000: [GC (Allocation Failure) 2020-10-29T10:26:56.157+0000: [ParNew: 16388K->6K(18432K), 0.0031089 secs] 458333K->441951K(896640K), 0.0031680 secs] [Times: user=0.00 sys=0.00, real=0.00 secs] 
2020-10-29T10:26:56.392+0000: [GC (Allocation Failure) 2020-10-29T10:26:56.392+0000: [ParNew: 16390K->142K(18432K), 0.0032126 secs] 458335K->442089K(896640K), 0.0032672 secs] [Times: user=0.01 sys=0.00, real=0.00 secs] 
2020-10-29T10:26:56.549+0000: [GC (Allocation Failure) 2020-10-29T10:26:56.550+0000: [ParNew: 16526K->22K(18432K), 0.0031286 secs] 458473K->441970K(896640K), 0.0031868 secs] [Times: user=0.00 sys=0.00, real=0.01 secs] 
2020-10-29T10:26:56.654+0000: [GC (Allocation Failure) 2020-10-29T10:26:56.654+0000: [ParNew: 16406K->20K(18432K), 0.0030223 secs] 458354K->441968K(896640K), 0.0030808 secs] [Times: user=0.01 sys=0.00, real=0.00 secs] 
2020-10-29T10:26:56.703+0000: [GC (Allocation Failure) 2020-10-29T10:26:56.703+0000: [ParNew: 16404K->21K(18432K), 0.0031191 secs] 458352K->441968K(896640K), 0.0032001 secs] [Times: user=0.00 sys=0.00, real=0.00 secs] 
2020-10-29T10:26:56.737+0000: [GC (Allocation Failure) 2020-10-29T10:26:56.737+0000: [ParNew: 16405K->21K(18432K), 0.0030538 secs] 458352K->441968K(896640K), 0.0031107 secs] [Times: user=0.01 sys=0.00, real=0.00 secs] 
2020-10-29T10:26:56.791+0000: [GC (Allocation Failure) 2020-10-29T10:26:56.792+0000: [ParNew: 16405K->21K(18432K), 0.0045092 secs] 458352K->441969K(896640K), 0.0045751 secs] [Times: user=0.01 sys=0.00, real=0.00 secs] 
2020-10-29T10:26:56.840+0000: [GC (Allocation Failure) 2020-10-29T10:26:56.840+0000: [ParNew: 16405K->13K(18432K), 0.0030862 secs] 458353K->441973K(896640K), 0.0031408 secs] [Times: user=0.01 sys=0.00, real=0.01 secs] 
2020-10-29T10:26:56.869+0000: [GC (Allocation Failure) 2020-10-29T10:26:56.869+0000: [ParNew: 16397K->4K(18432K), 0.0028939 secs] 458357K->441965K(896640K), 0.0029470 secs] [Times: user=0.01 sys=0.00, real=0.01 secs] 
2020-10-29T10:26:56.902+0000: [GC (Allocation Failure) 2020-10-29T10:26:56.902+0000: [ParNew: 16388K->4K(18432K), 0.0028714 secs] 458349K->441965K(896640K), 0.0029242 secs] [Times: user=0.01 sys=0.00, real=0.00 secs] 
2020-10-29T10:26:56.925+0000: [GC (Allocation Failure) 2020-10-29T10:26:56.925+0000: [ParNew: 16388K->4K(18432K), 0.0029407 secs] 458349K->441965K(896640K), 0.0029948 secs] [Times: user=0.00 sys=0.00, real=0.00 secs] 
2020-10-29T10:26:56.944+0000: [GC (Allocation Failure) 2020-10-29T10:26:56.944+0000: [ParNew: 16388K->4K(18432K), 0.0030127 secs] 458349K->441965K(896640K), 0.0030663 secs] [Times: user=0.01 sys=0.00, real=0.00 secs] 
2020-10-29T10:26:56.962+0000: [GC (Allocation Failure) 2020-10-29T10:26:56.962+0000: [ParNew: 16388K->4K(18432K), 0.0028631 secs] 458349K->441965K(896640K), 0.0029126 secs] [Times: user=0.00 sys=0.00, real=0.01 secs] 
2020-10-29T10:26:56.982+0000: [GC (Allocation Failure) 2020-10-29T10:26:56.982+0000: [ParNew: 16388K->4K(18432K), 0.0028076 secs] 458349K->441966K(896640K), 0.0028526 secs] [Times: user=0.00 sys=0.00, real=0.00 secs] 
2020-10-29T10:26:57.002+0000: [GC (Allocation Failure) 2020-10-29T10:26:57.002+0000: [ParNew: 16388K->4K(18432K), 0.0027780 secs] 458350K->441966K(896640K), 0.0028223 secs] [Times: user=0.00 sys=0.00, real=0.00 secs] 
2020-10-29T10:26:57.020+0000: [GC (Allocation Failure) 2020-10-29T10:26:57.020+0000: [ParNew: 16388K->4K(18432K), 0.0029155 secs] 458350K->441966K(896640K), 0.0029682 secs] [Times: user=0.01 sys=0.00, real=0.01 secs] 
2020-10-29T10:26:57.037+0000: [GC (Allocation Failure) 2020-10-29T10:26:57.037+0000: [ParNew: 16388K->4K(18432K), 0.0028427 secs] 458350K->441966K(896640K), 0.0028880 secs] [Times: user=0.00 sys=0.00, real=0.00 secs] 
2020-10-29T10:26:57.055+0000: [GC (Allocation Failure) 2020-10-29T10:26:57.055+0000: [ParNew: 16388K->4K(18432K), 0.0027124 secs] 458350K->441966K(896640K), 0.0027569 secs] [Times: user=0.00 sys=0.00, real=0.00 secs] 
2020-10-29T10:26:57.074+0000: [GC (Allocation Failure) 2020-10-29T10:26:57.074+0000: [ParNew: 16388K->4K(18432K), 0.0028309 secs] 458350K->441966K(896640K), 0.0028785 secs] [Times: user=0.01 sys=0.00, real=0.00 secs] 
2020-10-29T10:26:57.094+0000: [GC (Allocation Failure) 2020-10-29T10:26:57.094+0000: [ParNew: 16388K->4K(18432K), 0.0028389 secs] 458350K->441966K(896640K), 0.0028852 secs] [Times: user=0.00 sys=0.00, real=0.00 secs] 
2020-10-29T10:26:57.114+0000: [GC (Allocation Failure) 2020-10-29T10:26:57.114+0000: [ParNew: 16388K->4K(18432K), 0.0026902 secs] 458350K->441966K(896640K), 0.0027357 secs] [Times: user=0.01 sys=0.00, real=0.00 secs] 
2020-10-29T10:26:57.132+0000: [GC (Allocation Failure) 2020-10-29T10:26:57.132+0000: [ParNew: 16388K->4K(18432K), 0.0027657 secs] 458350K->441966K(896640K), 0.0028116 secs] [Times: user=0.00 sys=0.00, real=0.00 secs] 
2020-10-29T10:26:57.149+0000: [GC (Allocation Failure) 2020-10-29T10:26:57.149+0000: [ParNew: 16388K->4K(18432K), 0.0027537 secs] 458350K->441966K(896640K), 0.0027968 secs] [Times: user=0.01 sys=0.00, real=0.01 secs] 
2020-10-29T10:26:57.166+0000: [GC (Allocation Failure) 2020-10-29T10:26:57.166+0000: [ParNew: 16388K->4K(18432K), 0.0027194 secs] 458350K->441966K(896640K), 0.0027639 secs] [Times: user=0.00 sys=0.00, real=0.00 secs] 
2020-10-29T10:26:57.186+0000: [GC (Allocation Failure) 2020-10-29T10:26:57.186+0000: [ParNew: 16388K->4K(18432K), 0.0027257 secs] 458350K->441966K(896640K), 0.0027695 secs] [Times: user=0.01 sys=0.00, real=0.00 secs] 
2020-10-29T10:26:57.204+0000: [GC (Allocation Failure) 2020-10-29T10:26:57.204+0000: [ParNew: 16388K->4K(18432K), 0.0028416 secs] 458350K->441966K(896640K), 0.0028895 secs] [Times: user=0.00 sys=0.00, real=0.00 secs] 
2020-10-29T10:26:57.222+0000: [GC (Allocation Failure) 2020-10-29T10:26:57.222+0000: [ParNew: 16388K->4K(18432K), 0.0027001 secs] 458350K->441966K(896640K), 0.0027434 secs] [Times: user=0.01 sys=0.00, real=0.00 secs] 
2020-10-29T10:26:57.242+0000: [GC (Allocation Failure) 2020-10-29T10:26:57.242+0000: [ParNew: 16388K->4K(18432K), 0.0026980 secs] 458350K->441966K(896640K), 0.0027440 secs] [Times: user=0.00 sys=0.00, real=0.00 secs] 
2020-10-29T10:26:57.262+0000: [GC (Allocation Failure) 2020-10-29T10:26:57.262+0000: [ParNew: 16388K->4K(18432K), 0.0028992 secs] 458350K->441966K(896640K), 0.0029490 secs] [Times: user=0.01 sys=0.00, real=0.00 secs] 
2020-10-29T10:26:57.280+0000: [GC (Allocation Failure) 2020-10-29T10:26:57.280+0000: [ParNew: 16388K->4K(18432K), 0.0028393 secs] 458350K->441966K(896640K), 0.0028911 secs] [Times: user=0.00 sys=0.00, real=0.01 secs] 
2020-10-29T10:26:57.298+0000: [GC (Allocation Failure) 2020-10-29T10:26:57.298+0000: [ParNew: 16388K->4K(18432K), 0.0028954 secs] 458350K->441966K(896640K), 0.0029465 secs] [Times: user=0.00 sys=0.00, real=0.00 secs] 
2020-10-29T10:26:57.316+0000: [GC (Allocation Failure) 2020-10-29T10:26:57.316+0000: [ParNew: 16388K->4K(18432K), 0.0029790 secs] 458350K->441966K(896640K), 0.0030331 secs] [Times: user=0.01 sys=0.00, real=0.00 secs] 
2020-10-29T10:26:57.334+0000: [GC (Allocation Failure) 2020-10-29T10:26:57.334+0000: [ParNew: 16388K->4K(18432K), 0.0029325 secs] 458350K->441966K(896640K), 0.0029858 secs] [Times: user=0.00 sys=0.00, real=0.00 secs] 
2020-10-29T10:26:57.352+0000: [GC (Allocation Failure) 2020-10-29T10:26:57.352+0000: [ParNew: 16388K->4K(18432K), 0.0028454 secs] 458350K->441966K(896640K), 0.0028940 secs] [Times: user=0.01 sys=0.00, real=0.00 secs] 
2020-10-29T10:26:57.369+0000: [GC (Allocation Failure) 2020-10-29T10:26:57.369+0000: [ParNew: 16388K->4K(18432K), 0.0028347 secs] 458350K->441966K(896640K), 0.0028830 secs] [Times: user=0.00 sys=0.00, real=0.01 secs] 
2020-10-29T10:26:57.386+0000: [GC (Allocation Failure) 2020-10-29T10:26:57.386+0000: [ParNew: 16388K->4K(18432K), 0.0029470 secs] 458350K->441966K(896640K), 0.0030003 secs] [Times: user=0.01 sys=0.00, real=0.00 secs] 
2020-10-29T10:26:57.404+0000: [GC (Allocation Failure) 2020-10-29T10:26:57.404+0000: [ParNew: 16388K->4K(18432K), 0.0028517 secs] 458350K->441966K(896640K), 0.0029011 secs] [Times: user=0.01 sys=0.00, real=0.00 secs] 
2020-10-29T10:26:57.422+0000: [GC (Allocation Failure) 2020-10-29T10:26:57.422+0000: [ParNew: 16388K->4K(18432K), 0.0027891 secs] 458350K->441966K(896640K), 0.0028326 secs] [Times: user=0.01 sys=0.00, real=0.00 secs] 
2020-10-29T10:26:57.442+0000: [GC (Allocation Failure) 2020-10-29T10:26:57.442+0000: [ParNew: 16388K->4K(18432K), 0.0028643 secs] 458350K->441966K(896640K), 0.0029135 secs] [Times: user=0.00 sys=0.00, real=0.00 secs] 
2020-10-29T10:26:57.460+0000: [GC (Allocation Failure) 2020-10-29T10:26:57.460+0000: [ParNew: 16388K->4K(18432K), 0.0028408 secs] 458350K->441966K(896640K), 0.0028866 secs] [Times: user=0.01 sys=0.00, real=0.01 secs] 
2020-10-29T10:26:57.478+0000: [GC (Allocation Failure) 2020-10-29T10:26:57.478+0000: [ParNew: 16388K->4K(18432K), 0.0027336 secs] 458350K->441966K(896640K), 0.0027793 secs] [Times: user=0.00 sys=0.00, real=0.00 secs] 
2020-10-29T10:26:57.495+0000: [GC (Allocation Failure) 2020-10-29T10:26:57.495+0000: [ParNew: 16388K->4K(18432K), 0.0027903 secs] 458350K->441966K(896640K), 0.0028376 secs] [Times: user=0.01 sys=0.00, real=0.00 secs] 
2020-10-29T10:26:57.512+0000: [GC (Allocation Failure) 2020-10-29T10:26:57.512+0000: [ParNew: 16388K->4K(18432K), 0.0028206 secs] 458350K->441966K(896640K), 0.0028664 secs] [Times: user=0.00 sys=0.00, real=0.00 secs] 
2020-10-29T10:26:57.529+0000: [GC (Allocation Failure) 2020-10-29T10:26:57.530+0000: [ParNew: 16388K->4K(18432K), 0.0027831 secs] 458350K->441966K(896640K), 0.0028269 secs] [Times: user=0.01 sys=0.00, real=0.01 secs] 
2020-10-29T10:26:57.547+0000: [GC (Allocation Failure) 2020-10-29T10:26:57.547+0000: [ParNew: 16388K->4K(18432K), 0.0027199 secs] 458350K->441966K(896640K), 0.0027735 secs] [Times: user=0.00 sys=0.00, real=0.00 secs] 
2020-10-29T10:26:57.564+0000: [GC (Allocation Failure) 2020-10-29T10:26:57.564+0000: [ParNew: 16388K->4K(18432K), 0.0028699 secs] 458350K->441966K(896640K), 0.0029169 secs] [Times: user=0.01 sys=0.00, real=0.00 secs] 
2020-10-29T10:26:57.581+0000: [GC (Allocation Failure) 2020-10-29T10:26:57.581+0000: [ParNew: 16388K->4K(18432K), 0.0027797 secs] 458350K->441966K(896640K), 0.0028265 secs] [Times: user=0.01 sys=0.00, real=0.01 secs] 
2020-10-29T10:26:57.602+0000: [GC (Allocation Failure) 2020-10-29T10:26:57.602+0000: [ParNew: 16388K->4K(18432K), 0.0028742 secs] 458350K->441966K(896640K), 0.0029226 secs] [Times: user=0.01 sys=0.00, real=0.00 secs] 
2020-10-29T10:26:57.620+0000: [GC (Allocation Failure) 2020-10-29T10:26:57.620+0000: [ParNew: 16388K->4K(18432K), 0.0028666 secs] 458350K->441966K(896640K), 0.0029164 secs] [Times: user=0.00 sys=0.00, real=0.01 secs] 
2020-10-29T10:26:57.637+0000: [GC (Allocation Failure) 2020-10-29T10:26:57.637+0000: [ParNew: 16388K->4K(18432K), 0.0028979 secs] 458350K->441966K(896640K), 0.0029479 secs] [Times: user=0.01 sys=0.00, real=0.00 secs] 
2020-10-29T10:26:57.654+0000: [GC (Allocation Failure) 2020-10-29T10:26:57.654+0000: [ParNew: 16388K->4K(18432K), 0.0028467 secs] 458350K->441966K(896640K), 0.0028949 secs] [Times: user=0.01 sys=0.00, real=0.00 secs] 
2020-10-29T10:26:57.676+0000: [GC (Allocation Failure) 2020-10-29T10:26:57.676+0000: [ParNew: 16388K->4K(18432K), 0.0028752 secs] 458350K->441966K(896640K), 0.0029484 secs] [Times: user=0.01 sys=0.00, real=0.00 secs] 
2020-10-29T10:26:57.698+0000: [GC (Allocation Failure) 2020-10-29T10:26:57.698+0000: [ParNew: 16388K->4K(18432K), 0.0028373 secs] 458350K->441966K(896640K), 0.0028837 secs] [Times: user=0.01 sys=0.00, real=0.00 secs] 
2020-10-29T10:26:57.716+0000: [GC (Allocation Failure) 2020-10-29T10:26:57.716+0000: [ParNew: 16388K->4K(18432K), 0.0028184 secs] 458350K->441966K(896640K), 0.0028638 secs] [Times: user=0.01 sys=0.00, real=0.00 secs] 
2020-10-29T10:26:57.734+0000: [GC (Allocation Failure) 2020-10-29T10:26:57.734+0000: [ParNew: 16388K->4K(18432K), 0.0029259 secs] 458350K->441966K(896640K), 0.0029785 secs] [Times: user=0.00 sys=0.00, real=0.00 secs] 
2020-10-29T10:26:57.752+0000: [GC (Allocation Failure) 2020-10-29T10:26:57.752+0000: [ParNew: 16388K->4K(18432K), 0.0029410 secs] 458350K->441966K(896640K), 0.0029910 secs] [Times: user=0.01 sys=0.00, real=0.00 secs] 
2020-10-29T10:26:57.770+0000: [GC (Allocation Failure) 2020-10-29T10:26:57.770+0000: [ParNew: 16388K->4K(18432K), 0.0028593 secs] 458350K->441966K(896640K), 0.0029061 secs] [Times: user=0.00 sys=0.00, real=0.00 secs] 
2020-10-29T10:26:57.788+0000: [GC (Allocation Failure) 2020-10-29T10:26:57.788+0000: [ParNew: 16388K->4K(18432K), 0.0028974 secs] 458350K->441966K(896640K), 0.0029466 secs] [Times: user=0.01 sys=0.00, real=0.01 secs] 
2020-10-29T10:26:57.806+0000: [GC (Allocation Failure) 2020-10-29T10:26:57.806+0000: [ParNew: 16388K->4K(18432K), 0.0028988 secs] 458350K->441966K(896640K), 0.0029507 secs] [Times: user=0.01 sys=0.00, real=0.00 secs] 
2020-10-29T10:26:57.826+0000: [GC (Allocation Failure) 2020-10-29T10:26:57.826+0000: [ParNew: 16388K->4K(18432K), 0.0029508 secs] 458350K->441966K(896640K), 0.0030037 secs] [Times: user=0.01 sys=0.00, real=0.00 secs] 
2020-10-29T10:26:57.846+0000: [GC (Allocation Failure) 2020-10-29T10:26:57.846+0000: [ParNew: 16388K->4K(18432K), 0.0029201 secs] 458350K->441966K(896640K), 0.0029728 secs] [Times: user=0.00 sys=0.00, real=0.00 secs] 
2020-10-29T10:26:57.884+0000: [GC (Allocation Failure) 2020-10-29T10:26:57.885+0000: [ParNew: 16388K->4K(18432K), 0.0030825 secs] 458350K->441966K(896640K), 0.0031381 secs] [Times: user=0.01 sys=0.00, real=0.00 secs] 
2020-10-29T10:26:57.927+0000: [GC (Allocation Failure) 2020-10-29T10:26:57.927+0000: [ParNew: 16388K->4K(18432K), 0.0029904 secs] 458350K->441966K(896640K), 0.0030477 secs] [Times: user=0.00 sys=0.00, real=0.00 secs] 
2020-10-29T10:26:59.699+0000: [GC (Allocation Failure) 2020-10-29T10:26:59.699+0000: [ParNew: 16344K->1288K(18432K), 0.0044179 secs] 458307K->443251K(896640K), 0.0044774 secs] [Times: user=0.01 sys=0.00, real=0.01 secs] 
2020-10-29T10:26:59.819+0000: [GC (Allocation Failure) 2020-10-29T10:26:59.819+0000: [ParNew: 17672K->620K(18432K), 0.0051501 secs] 459635K->443728K(896640K), 0.0052300 secs] [Times: user=0.01 sys=0.00, real=0.01 secs] 
2020-10-29T10:26:59.863+0000: [GC (Allocation Failure) 2020-10-29T10:26:59.863+0000: [ParNew: 17004K->780K(18432K), 0.0064940 secs] 460112K->443888K(896640K), 0.0065623 secs] [Times: user=0.01 sys=0.00, real=0.00 secs] 
2020-10-29T10:26:59.925+0000: [GC (Allocation Failure) 2020-10-29T10:26:59.925+0000: [ParNew: 17164K->788K(18432K), 0.0070513 secs] 460272K->443896K(896640K), 0.0071360 secs] [Times: user=0.02 sys=0.00, real=0.01 secs] 
2020-10-29T10:26:59.981+0000: [GC (Allocation Failure) 2020-10-29T10:26:59.981+0000: [ParNew: 17172K->1076K(18432K), 0.0083265 secs] 460280K->444184K(896640K), 0.0084001 secs] [Times: user=0.02 sys=0.00, real=0.01 secs] 
2020-10-29T10:27:00.034+0000: [GC (Allocation Failure) 2020-10-29T10:27:00.034+0000: [ParNew: 17460K->1261K(18432K), 0.0067247 secs] 460568K->444369K(896640K), 0.0068045 secs] [Times: user=0.01 sys=0.00, real=0.00 secs] 
2020-10-29T10:27:00.084+0000: [GC (Allocation Failure) 2020-10-29T10:27:00.084+0000: [ParNew: 17645K->1555K(18432K), 0.0068756 secs] 460753K->444663K(896640K), 0.0069515 secs] [Times: user=0.01 sys=0.00, real=0.01 secs] 
2020-10-29T10:27:00.135+0000: [GC (Allocation Failure) 2020-10-29T10:27:00.135+0000: [ParNew: 17939K->802K(18432K), 0.0069732 secs] 461047K->444539K(896640K), 0.0070492 secs] [Times: user=0.01 sys=0.00, real=0.00 secs] 
2020-10-29T10:27:00.189+0000: [GC (Allocation Failure) 2020-10-29T10:27:00.189+0000: [ParNew: 17186K->1609K(18432K), 0.0033458 secs] 460923K->445857K(896640K), 0.0034151 secs] [Times: user=0.01 sys=0.00, real=0.01 secs] 
2020-10-29T10:27:00.245+0000: [GC (Allocation Failure) 2020-10-29T10:27:00.245+0000: [ParNew: 17993K->18K(18432K), 0.0030901 secs] 462241K->444779K(896640K), 0.0031473 secs] [Times: user=0.01 sys=0.00, real=0.00 secs] 
2020-10-29T10:27:00.290+0000: [GC (Allocation Failure) 2020-10-29T10:27:00.290+0000: [ParNew: 16402K->1029K(18432K), 0.0032022 secs] 461163K->445790K(896640K), 0.0032782 secs] [Times: user=0.01 sys=0.00, real=0.01 secs] 
2020-10-29T10:27:00.325+0000: [GC (Allocation Failure) 2020-10-29T10:27:00.325+0000: [ParNew: 17413K->4K(18432K), 0.0055151 secs] 462174K->445789K(896640K), 0.0055703 secs] [Times: user=0.01 sys=0.00, real=0.01 secs] 
2020-10-29T10:27:00.374+0000: [GC (Allocation Failure) 2020-10-29T10:27:00.374+0000: [ParNew: 16388K->4K(18432K), 0.0032171 secs] 462173K->445789K(896640K), 0.0032746 secs] [Times: user=0.01 sys=0.00, real=0.00 secs] 
2020-10-29T10:27:00.410+0000: [GC (Allocation Failure) 2020-10-29T10:27:00.410+0000: [ParNew: 16388K->4K(18432K), 0.0030014 secs] 462173K->445789K(896640K), 0.0030589 secs] [Times: user=0.01 sys=0.00, real=0.00 secs] 
2020-10-29T10:27:00.435+0000: [GC (Allocation Failure) 2020-10-29T10:27:00.435+0000: [ParNew: 16388K->4K(18432K), 0.0029742 secs] 462173K->445789K(896640K), 0.0030297 secs] [Times: user=0.01 sys=0.00, real=0.00 secs] 
2020-10-29T10:27:00.462+0000: [GC (Allocation Failure) 2020-10-29T10:27:00.462+0000: [ParNew: 16388K->4K(18432K), 0.0029916 secs] 462173K->445789K(896640K), 0.0030487 secs] [Times: user=0.00 sys=0.00, real=0.00 secs] 
2020-10-29T10:27:00.495+0000: [GC (Allocation Failure) 2020-10-29T10:27:00.495+0000: [ParNew: 16388K->1028K(18432K), 0.0033249 secs] 462173K->447837K(896640K), 0.0033995 secs] [Times: user=0.01 sys=0.00, real=0.00 secs] 
2020-10-29T10:27:00.522+0000: [GC (Allocation Failure) 2020-10-29T10:27:00.522+0000: [ParNew: 17412K->4K(18432K), 0.0030192 secs] 464221K->446813K(896640K), 0.0030757 secs] [Times: user=0.01 sys=0.00, real=0.00 secs] 
2020-10-29T10:27:00.549+0000: [GC (Allocation Failure) 2020-10-29T10:27:00.549+0000: [ParNew: 16388K->4K(18432K), 0.0030865 secs] 463197K->446813K(896640K), 0.0031540 secs] [Times: user=0.01 sys=0.00, real=0.01 secs] 
2020-10-29T10:27:00.576+0000: [GC (Allocation Failure) 2020-10-29T10:27:00.576+0000: [ParNew: 16388K->4K(18432K), 0.0043960 secs] 463197K->446813K(896640K), 0.0044660 secs] [Times: user=0.00 sys=0.00, real=0.00 secs] 
2020-10-29T10:27:00.615+0000: [GC (Allocation Failure) 2020-10-29T10:27:00.615+0000: [ParNew: 16388K->4K(18432K), 0.0050634 secs] 463197K->448861K(896640K), 0.0051327 secs] [Times: user=0.01 sys=0.00, real=0.00 secs] 
2020-10-29T10:27:00.641+0000: [GC (Allocation Failure) 2020-10-29T10:27:00.641+0000: [ParNew: 16388K->4K(18432K), 0.0031124 secs] 465245K->448861K(896640K), 0.0031868 secs] [Times: user=0.01 sys=0.00, real=0.01 secs] 
2020-10-29T10:27:00.670+0000: [GC (Allocation Failure) 2020-10-29T10:27:00.670+0000: [ParNew: 16388K->4K(18432K), 0.0030283 secs] 465245K->448861K(896640K), 0.0031104 secs] [Times: user=0.01 sys=0.00, real=0.00 secs] 
2020-10-29T10:27:00.699+0000: [GC (Allocation Failure) 2020-10-29T10:27:00.699+0000: [ParNew: 16388K->4K(18432K), 0.0030454 secs] 465245K->448861K(896640K), 0.0031191 secs] [Times: user=0.00 sys=0.00, real=0.00 secs] 
2020-10-29T10:27:00.726+0000: [GC (Allocation Failure) 2020-10-29T10:27:00.726+0000: [ParNew: 16388K->4K(18432K), 0.0030704 secs] 465245K->448861K(896640K), 0.0031337 secs] [Times: user=0.00 sys=0.00, real=0.00 secs] 
2020-10-29T10:27:00.754+0000: [GC (Allocation Failure) 2020-10-29T10:27:00.754+0000: [ParNew: 16388K->4K(18432K), 0.0033168 secs] 465245K->448861K(896640K), 0.0033743 secs] [Times: user=0.01 sys=0.00, real=0.00 secs] 
2020-10-29T10:27:00.780+0000: [GC (Allocation Failure) 2020-10-29T10:27:00.780+0000: [ParNew: 16388K->4K(18432K), 0.0064793 secs] 465245K->448861K(896640K), 0.0065367 secs] [Times: user=0.01 sys=0.00, real=0.01 secs] 
2020-10-29T10:27:00.808+0000: [GC (Allocation Failure) 2020-10-29T10:27:00.808+0000: [ParNew: 16388K->4K(18432K), 0.0063614 secs] 465245K->448861K(896640K), 0.0064262 secs] [Times: user=0.02 sys=0.00, real=0.01 secs] 
2020-10-29T10:27:00.837+0000: [GC (Allocation Failure) 2020-10-29T10:27:00.837+0000: [ParNew: 16388K->4K(18432K), 0.0084157 secs] 465245K->448861K(896640K), 0.0084898 secs] [Times: user=0.02 sys=0.00, real=0.01 secs] 
2020-10-29T10:27:00.865+0000: [GC (Allocation Failure) 2020-10-29T10:27:00.865+0000: [ParNew: 16388K->4K(18432K), 0.0095922 secs] 465245K->448861K(896640K), 0.0096668 secs] [Times: user=0.02 sys=0.00, real=0.01 secs] 
2020-10-29T10:27:00.895+0000: [GC (Allocation Failure) 2020-10-29T10:27:00.895+0000: [ParNew: 16388K->4K(18432K), 0.0029616 secs] 465245K->448861K(896640K), 0.0030289 secs] [Times: user=0.00 sys=0.00, real=0.00 secs] 
2020-10-29T10:27:00.924+0000: [GC (Allocation Failure) 2020-10-29T10:27:00.924+0000: [ParNew: 16388K->4K(18432K), 0.0030240 secs] 465245K->448861K(896640K), 0.0030964 secs] [Times: user=0.01 sys=0.00, real=0.00 secs] 
2020-10-29T10:27:00.944+0000: [GC (Allocation Failure) 2020-10-29T10:27:00.944+0000: [ParNew: 16388K->4K(18432K), 0.0033687 secs] 465245K->450909K(896640K), 0.0034478 secs] [Times: user=0.00 sys=0.00, real=0.00 secs] 
2020-10-29T10:27:00.974+0000: [GC (Allocation Failure) 2020-10-29T10:27:00.974+0000: [ParNew: 16388K->4K(18432K), 0.0029468 secs] 467293K->450909K(896640K), 0.0030129 secs] [Times: user=0.01 sys=0.00, real=0.00 secs] 
2020-10-29T10:27:00.998+0000: [GC (Allocation Failure) 2020-10-29T10:27:00.998+0000: [ParNew: 16388K->4K(18432K), 0.0029681 secs] 467293K->450909K(896640K), 0.0030384 secs] [Times: user=0.01 sys=0.00, real=0.00 secs] 
2020-10-29T10:27:01.025+0000: [GC (Allocation Failure) 2020-10-29T10:27:01.025+0000: [ParNew: 16388K->4K(18432K), 0.0030244 secs] 467293K->450909K(896640K), 0.0030940 secs] [Times: user=0.01 sys=0.00, real=0.00 secs] 
2020-10-29T10:27:01.059+0000: [GC (Allocation Failure) 2020-10-29T10:27:01.059+0000: [ParNew: 16388K->4K(18432K), 0.0030082 secs] 467293K->450909K(896640K), 0.0030813 secs] [Times: user=0.01 sys=0.00, real=0.00 secs] 
2020-10-29T10:27:01.094+0000: [GC (Allocation Failure) 2020-10-29T10:27:01.094+0000: [ParNew: 16388K->4K(18432K), 0.0029960 secs] 467293K->450909K(896640K), 0.0030642 secs] [Times: user=0.01 sys=0.00, real=0.00 secs] 
2020-10-29T10:27:01.128+0000: [GC (Allocation Failure) 2020-10-29T10:27:01.128+0000: [ParNew: 16388K->4K(18432K), 0.0029976 secs] 467293K->450909K(896640K), 0.0030690 secs] [Times: user=0.01 sys=0.00, real=0.01 secs] 
2020-10-29T10:27:01.166+0000: [GC (Allocation Failure) 2020-10-29T10:27:01.166+0000: [ParNew: 16388K->4K(18432K), 0.0029805 secs] 467293K->450909K(896640K), 0.0030534 secs] [Times: user=0.00 sys=0.00, real=0.00 secs] 
2020-10-29T10:27:01.200+0000: [GC (Allocation Failure) 2020-10-29T10:27:01.200+0000: [ParNew: 16388K->4K(18432K), 0.0029792 secs] 467293K->450909K(896640K), 0.0030348 secs] [Times: user=0.01 sys=0.00, real=0.01 secs] 
2020-10-29T10:27:01.234+0000: [GC (Allocation Failure) 2020-10-29T10:27:01.234+0000: [ParNew: 16388K->4K(18432K), 0.0039860 secs] 467293K->455005K(896640K), 0.0040416 secs] [Times: user=0.00 sys=0.00, real=0.00 secs] 
2020-10-29T10:27:01.264+0000: [GC (Allocation Failure) 2020-10-29T10:27:01.264+0000: [ParNew: 16388K->4K(18432K), 0.0030128 secs] 471389K->455005K(896640K), 0.0030687 secs] [Times: user=0.01 sys=0.00, real=0.00 secs] 
2020-10-29T10:27:01.294+0000: [GC (Allocation Failure) 2020-10-29T10:27:01.294+0000: [ParNew: 16388K->4K(18432K), 0.0035835 secs] 471389K->455005K(896640K), 0.0036461 secs] [Times: user=0.00 sys=0.00, real=0.00 secs] 
2020-10-29T10:27:01.326+0000: [GC (Allocation Failure) 2020-10-29T10:27:01.326+0000: [ParNew: 16388K->4K(18432K), 0.0029858 secs] 471389K->455005K(896640K), 0.0030572 secs] [Times: user=0.01 sys=0.00, real=0.00 secs] 
2020-10-29T10:27:01.358+0000: [GC (Allocation Failure) 2020-10-29T10:27:01.358+0000: [ParNew: 16388K->4K(18432K), 0.0030274 secs] 471389K->455005K(896640K), 0.0031039 secs] [Times: user=0.01 sys=0.00, real=0.00 secs] 
2020-10-29T10:27:01.393+0000: [GC (Allocation Failure) 2020-10-29T10:27:01.393+0000: [ParNew: 16388K->4K(18432K), 0.0030740 secs] 471389K->455005K(896640K), 0.0031570 secs] [Times: user=0.01 sys=0.00, real=0.00 secs] 
2020-10-29T10:27:01.430+0000: [GC (Allocation Failure) 2020-10-29T10:27:01.430+0000: [ParNew: 16388K->4K(18432K), 0.0065339 secs] 471389K->455006K(896640K), 0.0066098 secs] [Times: user=0.01 sys=0.00, real=0.00 secs] 
2020-10-29T10:27:01.455+0000: [GC (Allocation Failure) 2020-10-29T10:27:01.455+0000: [ParNew: 16388K->2K(18432K), 0.0058767 secs] 471390K->455004K(896640K), 0.0059401 secs] [Times: user=0.01 sys=0.00, real=0.00 secs] 
2020-10-29T10:27:01.484+0000: [GC (Allocation Failure) 2020-10-29T10:27:01.484+0000: [ParNew: 16386K->4K(18432K), 0.0059292 secs] 471388K->455006K(896640K), 0.0059859 secs] [Times: user=0.01 sys=0.00, real=0.00 secs] 
2020-10-29T10:27:01.510+0000: [GC (Allocation Failure) 2020-10-29T10:27:01.510+0000: [ParNew: 16388K->2K(18432K), 0.0062437 secs] 471390K->455004K(896640K), 0.0063134 secs] [Times: user=0.01 sys=0.00, real=0.00 secs] 
2020-10-29T10:27:01.538+0000: [GC (Allocation Failure) 2020-10-29T10:27:01.538+0000: [ParNew: 16386K->4K(18432K), 0.0030009 secs] 471388K->455006K(896640K), 0.0030545 secs] [Times: user=0.01 sys=0.00, real=0.00 secs] 
2020-10-29T10:27:01.569+0000: [GC (Allocation Failure) 2020-10-29T10:27:01.569+0000: [ParNew: 16388K->2K(18432K), 0.0063391 secs] 471390K->455004K(896640K), 0.0063936 secs] [Times: user=0.01 sys=0.00, real=0.01 secs] 
2020-10-29T10:27:01.603+0000: [GC (Allocation Failure) 2020-10-29T10:27:01.603+0000: [ParNew: 16386K->2K(18432K), 0.0061833 secs] 471388K->455004K(896640K), 0.0062378 secs] [Times: user=0.01 sys=0.00, real=0.00 secs] 
2020-10-29T10:27:01.636+0000: [GC (Allocation Failure) 2020-10-29T10:27:01.636+0000: [ParNew: 16386K->4K(18432K), 0.0036779 secs] 471388K->455006K(896640K), 0.0037431 secs] [Times: user=0.01 sys=0.00, real=0.00 secs] 
2020-10-29T10:27:01.658+0000: [GC (Allocation Failure) 2020-10-29T10:27:01.658+0000: [ParNew: 16388K->4K(18432K), 0.0028815 secs] 471390K->455006K(896640K), 0.0029314 secs] [Times: user=0.01 sys=0.00, real=0.00 secs] 
2020-10-29T10:27:01.678+0000: [GC (Allocation Failure) 2020-10-29T10:27:01.678+0000: [ParNew: 16388K->4K(18432K), 0.0025578 secs] 471390K->455006K(896640K), 0.0026137 secs] [Times: user=0.00 sys=0.00, real=0.00 secs] 
2020-10-29T10:27:01.695+0000: [GC (Allocation Failure) 2020-10-29T10:27:01.695+0000: [ParNew: 16388K->4K(18432K), 0.0026364 secs] 471390K->455006K(896640K), 0.0026792 secs] [Times: user=0.00 sys=0.00, real=0.00 secs] 
2020-10-29T10:27:01.714+0000: [GC (Allocation Failure) 2020-10-29T10:27:01.714+0000: [ParNew: 16388K->4K(18432K), 0.0026839 secs] 471390K->455006K(896640K), 0.0027272 secs] [Times: user=0.00 sys=0.00, real=0.00 secs] 
2020-10-29T10:27:01.734+0000: [GC (Allocation Failure) 2020-10-29T10:27:01.734+0000: [ParNew: 16388K->4K(18432K), 0.0027053 secs] 471390K->455006K(896640K), 0.0027517 secs] [Times: user=0.01 sys=0.00, real=0.00 secs] 
2020-10-29T10:27:01.752+0000: [GC (Allocation Failure) 2020-10-29T10:27:01.752+0000: [ParNew: 16388K->4K(18432K), 0.0027110 secs] 471390K->455006K(896640K), 0.0027522 secs] [Times: user=0.01 sys=0.00, real=0.00 secs] 
2020-10-29T10:27:01.769+0000: [GC (Allocation Failure) 2020-10-29T10:27:01.769+0000: [ParNew: 16388K->4K(18432K), 0.0027458 secs] 471390K->455006K(896640K), 0.0027908 secs] [Times: user=0.00 sys=0.00, real=0.01 secs] 
2020-10-29T10:27:01.786+0000: [GC (Allocation Failure) 2020-10-29T10:27:01.786+0000: [ParNew: 16388K->4K(18432K), 0.0026495 secs] 471390K->455006K(896640K), 0.0026931 secs] [Times: user=0.01 sys=0.00, real=0.00 secs] 
2020-10-29T10:27:01.806+0000: [GC (Allocation Failure) 2020-10-29T10:27:01.806+0000: [ParNew: 16388K->4K(18432K), 0.0026312 secs] 471390K->455006K(896640K), 0.0026722 secs] [Times: user=0.01 sys=0.00, real=0.00 secs] 
2020-10-29T10:27:01.826+0000: [GC (Allocation Failure) 2020-10-29T10:27:01.826+0000: [ParNew: 16388K->4K(18432K), 0.0026135 secs] 471390K->455006K(896640K), 0.0026534 secs] [Times: user=0.00 sys=0.00, real=0.00 secs] 
2020-10-29T10:27:01.846+0000: [GC (Allocation Failure) 2020-10-29T10:27:01.846+0000: [ParNew: 16388K->4K(18432K), 0.0027718 secs] 471390K->455006K(896640K), 0.0028174 secs] [Times: user=0.00 sys=0.00, real=0.00 secs] 
2020-10-29T10:27:01.864+0000: [GC (Allocation Failure) 2020-10-29T10:27:01.864+0000: [ParNew: 16388K->4K(18432K), 0.0028908 secs] 471390K->455006K(896640K), 0.0029370 secs] [Times: user=0.01 sys=0.00, real=0.00 secs] 
2020-10-29T10:27:01.881+0000: [GC (Allocation Failure) 2020-10-29T10:27:01.881+0000: [ParNew: 16388K->4K(18432K), 0.0025946 secs] 471390K->455006K(896640K), 0.0026378 secs] [Times: user=0.01 sys=0.00, real=0.01 secs] 
2020-10-29T10:27:01.902+0000: [GC (Allocation Failure) 2020-10-29T10:27:01.902+0000: [ParNew: 16388K->4K(18432K), 0.0028116 secs] 471390K->455006K(896640K), 0.0028579 secs] [Times: user=0.00 sys=0.00, real=0.01 secs] 
2020-10-29T10:27:01.919+0000: [GC (Allocation Failure) 2020-10-29T10:27:01.919+0000: [ParNew: 16388K->4K(18432K), 0.0029059 secs] 471390K->455006K(896640K), 0.0029735 secs] [Times: user=0.01 sys=0.00, real=0.01 secs] 
2020-10-29T10:27:01.937+0000: [GC (Allocation Failure) 2020-10-29T10:27:01.937+0000: [ParNew: 16388K->4K(18432K), 0.0030481 secs] 471390K->455006K(896640K), 0.0031011 secs] [Times: user=0.00 sys=0.00, real=0.00 secs] 
2020-10-29T10:27:01.958+0000: [GC (Allocation Failure) 2020-10-29T10:27:01.958+0000: [ParNew: 16388K->4K(18432K), 0.0030014 secs] 471390K->455006K(896640K), 0.0030581 secs] [Times: user=0.01 sys=0.00, real=0.00 secs] 
2020-10-29T10:27:01.978+0000: [GC (Allocation Failure) 2020-10-29T10:27:01.978+0000: [ParNew: 16388K->4K(18432K), 0.0030251 secs] 471390K->455006K(896640K), 0.0030818 secs] [Times: user=0.01 sys=0.00, real=0.00 secs] 
2020-10-29T10:27:01.996+0000: [GC (Allocation Failure) 2020-10-29T10:27:01.996+0000: [ParNew: 16388K->4K(18432K), 0.0030453 secs] 471390K->455006K(896640K), 0.0031039 secs] [Times: user=0.00 sys=0.00, real=0.00 secs] 
2020-10-29T10:27:02.013+0000: [GC (Allocation Failure) 2020-10-29T10:27:02.013+0000: [ParNew: 16388K->4K(18432K), 0.0030368 secs] 471390K->455006K(896640K), 0.0030929 secs] [Times: user=0.01 sys=0.00, real=0.00 secs] 
2020-10-29T10:27:02.034+0000: [GC (Allocation Failure) 2020-10-29T10:27:02.034+0000: [ParNew: 16388K->4K(18432K), 0.0030113 secs] 471390K->455006K(896640K), 0.0030665 secs] [Times: user=0.01 sys=0.00, real=0.00 secs] 
2020-10-29T10:27:02.052+0000: [GC (Allocation Failure) 2020-10-29T10:27:02.052+0000: [ParNew: 16388K->4K(18432K), 0.0031760 secs] 471390K->455006K(896640K), 0.0032457 secs] [Times: user=0.00 sys=0.00, real=0.00 secs] 
2020-10-29T10:27:02.074+0000: [GC (Allocation Failure) 2020-10-29T10:27:02.074+0000: [ParNew: 16388K->4K(18432K), 0.0030248 secs] 471390K->455006K(896640K), 0.0030804 secs] [Times: user=0.01 sys=0.00, real=0.00 secs] 
2020-10-29T10:27:02.093+0000: [GC (Allocation Failure) 2020-10-29T10:27:02.093+0000: [ParNew: 16388K->2K(18432K), 0.0050284 secs] 471390K->455004K(896640K), 0.0051092 secs] [Times: user=0.01 sys=0.00, real=0.00 secs] 
2020-10-29T10:27:02.113+0000: [GC (Allocation Failure) 2020-10-29T10:27:02.113+0000: [ParNew: 16386K->4K(18432K), 0.0030742 secs] 471388K->455006K(896640K), 0.0031303 secs] [Times: user=0.00 sys=0.00, real=0.00 secs] 
2020-10-29T10:27:02.134+0000: [GC (Allocation Failure) 2020-10-29T10:27:02.134+0000: [ParNew: 16388K->4K(18432K), 0.0030555 secs] 471390K->455006K(896640K), 0.0031125 secs] [Times: user=0.00 sys=0.00, real=0.00 secs] 
2020-10-29T10:27:02.154+0000: [GC (Allocation Failure) 2020-10-29T10:27:02.154+0000: [ParNew: 16388K->4K(18432K), 0.0029853 secs] 471390K->455006K(896640K), 0.0030386 secs] [Times: user=0.00 sys=0.00, real=0.00 secs] 
2020-10-29T10:27:02.174+0000: [GC (Allocation Failure) 2020-10-29T10:27:02.174+0000: [ParNew: 16388K->4K(18432K), 0.0030142 secs] 471390K->455006K(896640K), 0.0030696 secs] [Times: user=0.01 sys=0.00, real=0.00 secs] 
2020-10-29T10:27:02.194+0000: [GC (Allocation Failure) 2020-10-29T10:27:02.194+0000: [ParNew: 16388K->4K(18432K), 0.0029794 secs] 471390K->455006K(896640K), 0.0030266 secs] [Times: user=0.01 sys=0.00, real=0.00 secs] 
2020-10-29T10:27:02.214+0000: [GC (Allocation Failure) 2020-10-29T10:27:02.214+0000: [ParNew: 16388K->4K(18432K), 0.0029148 secs] 471390K->455006K(896640K), 0.0029641 secs] [Times: user=0.00 sys=0.00, real=0.00 secs] 
2020-10-29T10:27:02.232+0000: [GC (Allocation Failure) 2020-10-29T10:27:02.232+0000: [ParNew: 16388K->4K(18432K), 0.0028558 secs] 471390K->455006K(896640K), 0.0029016 secs] [Times: user=0.00 sys=0.00, real=0.00 secs] 
2020-10-29T10:27:02.249+0000: [GC (Allocation Failure) 2020-10-29T10:27:02.250+0000: [ParNew: 16388K->4K(18432K), 0.0029091 secs] 471390K->455006K(896640K), 0.0029574 secs] [Times: user=0.01 sys=0.00, real=0.01 secs] 
2020-10-29T10:27:02.267+0000: [GC (Allocation Failure) 2020-10-29T10:27:02.267+0000: [ParNew: 16388K->4K(18432K), 0.0030249 secs] 471390K->455006K(896640K), 0.0030799 secs] [Times: user=0.01 sys=0.00, real=0.00 secs] 
2020-10-29T10:27:02.286+0000: [GC (Allocation Failure) 2020-10-29T10:27:02.286+0000: [ParNew: 16388K->4K(18432K), 0.0029789 secs] 471390K->455006K(896640K), 0.0030339 secs] [Times: user=0.00 sys=0.00, real=0.00 secs] 
2020-10-29T10:27:02.304+0000: [GC (Allocation Failure) 2020-10-29T10:27:02.304+0000: [ParNew: 16388K->4K(18432K), 0.0029090 secs] 471390K->455006K(896640K), 0.0029595 secs] [Times: user=0.01 sys=0.00, real=0.00 secs] 
2020-10-29T10:27:02.325+0000: [GC (Allocation Failure) 2020-10-29T10:27:02.325+0000: [ParNew: 16388K->4K(18432K), 0.0028938 secs] 471390K->455006K(896640K), 0.0029420 secs] [Times: user=0.00 sys=0.00, real=0.00 secs] 
2020-10-29T10:27:02.344+0000: [GC (Allocation Failure) 2020-10-29T10:27:02.344+0000: [ParNew: 16388K->4K(18432K), 0.0029120 secs] 471390K->455006K(896640K), 0.0029614 secs] [Times: user=0.01 sys=0.00, real=0.00 secs] 
2020-10-29T10:27:02.362+0000: [GC (Allocation Failure) 2020-10-29T10:27:02.362+0000: [ParNew: 16388K->4K(18432K), 0.0029801 secs] 471390K->455006K(896640K), 0.0030348 secs] [Times: user=0.00 sys=0.00, real=0.00 secs] 
2020-10-29T10:27:02.382+0000: [GC (Allocation Failure) 2020-10-29T10:27:02.382+0000: [ParNew: 16388K->4K(18432K), 0.0029341 secs] 471390K->455006K(896640K), 0.0029929 secs] [Times: user=0.00 sys=0.00, real=0.00 secs] 
2020-10-29T10:27:02.400+0000: [GC (Allocation Failure) 2020-10-29T10:27:02.400+0000: [ParNew: 16388K->4K(18432K), 0.0028860 secs] 471390K->455006K(896640K), 0.0029317 secs] [Times: user=0.01 sys=0.00, real=0.01 secs] 
2020-10-29T10:27:02.417+0000: [GC (Allocation Failure) 2020-10-29T10:27:02.417+0000: [ParNew: 16388K->4K(18432K), 0.0028931 secs] 471390K->455006K(896640K), 0.0029407 secs] [Times: user=0.00 sys=0.00, real=0.00 secs] 
2020-10-29T10:27:02.434+0000: [GC (Allocation Failure) 2020-10-29T10:27:02.434+0000: [ParNew: 16388K->4K(18432K), 0.0030230 secs] 471390K->455006K(896640K), 0.0030764 secs] [Times: user=0.01 sys=0.00, real=0.00 secs] 
2020-10-29T10:27:02.454+0000: [GC (Allocation Failure) 2020-10-29T10:27:02.454+0000: [ParNew: 16388K->4K(18432K), 0.0029448 secs] 471390K->455006K(896640K), 0.0029952 secs] [Times: user=0.00 sys=0.00, real=0.00 secs] 
2020-10-29T10:27:02.474+0000: [GC (Allocation Failure) 2020-10-29T10:27:02.474+0000: [ParNew: 16388K->4K(18432K), 0.0029704 secs] 471390K->455006K(896640K), 0.0030242 secs] [Times: user=0.01 sys=0.00, real=0.00 secs] 
2020-10-29T10:27:02.492+0000: [GC (Allocation Failure) 2020-10-29T10:27:02.492+0000: [ParNew: 16388K->4K(18432K), 0.0030790 secs] 471390K->455006K(896640K), 0.0031327 secs] [Times: user=0.01 sys=0.00, real=0.00 secs] 
2020-10-29T10:27:02.509+0000: [GC (Allocation Failure) 2020-10-29T10:27:02.509+0000: [ParNew: 16388K->4K(18432K), 0.0029797 secs] 471390K->455006K(896640K), 0.0030326 secs] [Times: user=0.01 sys=0.00, real=0.01 secs] 
2020-10-29T10:27:02.527+0000: [GC (Allocation Failure) 2020-10-29T10:27:02.527+0000: [ParNew: 16388K->4K(18432K), 0.0029936 secs] 471390K->455006K(896640K), 0.0030490 secs] [Times: user=0.01 sys=0.00, real=0.00 secs] 
2020-10-29T10:27:02.546+0000: [GC (Allocation Failure) 2020-10-29T10:27:02.546+0000: [ParNew: 16388K->4K(18432K), 0.0030005 secs] 471390K->455006K(896640K), 0.0030558 secs] [Times: user=0.00 sys=0.00, real=0.00 secs] 
2020-10-29T10:27:02.577+0000: [GC (Allocation Failure) 2020-10-29T10:27:02.577+0000: [ParNew: 16388K->8K(18432K), 0.0030532 secs] 471390K->455010K(896640K), 0.0031105 secs] [Times: user=0.00 sys=0.00, real=0.00 secs] 
2020-10-29T10:27:02.598+0000: [GC (Allocation Failure) 2020-10-29T10:27:02.598+0000: [ParNew: 16392K->8K(18432K), 0.0030101 secs] 471394K->455010K(896640K), 0.0030574 secs] [Times: user=0.01 sys=0.00, real=0.00 secs] 
2020-10-29T10:27:02.618+0000: [GC (Allocation Failure) 2020-10-29T10:27:02.618+0000: [ParNew: 16392K->7K(18432K), 0.0029752 secs] 471394K->455009K(896640K), 0.0030279 secs] [Times: user=0.00 sys=0.00, real=0.00 secs] 
2020-10-29T10:27:02.636+0000: [GC (Allocation Failure) 2020-10-29T10:27:02.636+0000: [ParNew: 16391K->7K(18432K), 0.0030175 secs] 471393K->455010K(896640K), 0.0030727 secs] [Times: user=0.01 sys=0.00, real=0.00 secs] 
2020-10-29T10:27:02.654+0000: [GC (Allocation Failure) 2020-10-29T10:27:02.654+0000: [ParNew: 16391K->7K(18432K), 0.0029176 secs] 471394K->455010K(896640K), 0.0029668 secs] [Times: user=0.01 sys=0.00, real=0.00 secs] 
2020-10-29T10:27:02.671+0000: [GC (Allocation Failure) 2020-10-29T10:27:02.671+0000: [ParNew: 16391K->7K(18432K), 0.0029884 secs] 471394K->455009K(896640K), 0.0030658 secs] [Times: user=0.00 sys=0.00, real=0.00 secs] 
2020-10-29T10:27:02.690+0000: [GC (Allocation Failure) 2020-10-29T10:27:02.690+0000: [ParNew: 16391K->4K(18432K), 0.0030353 secs] 471393K->455010K(896640K), 0.0030896 secs] [Times: user=0.00 sys=0.00, real=0.00 secs] 
2020-10-29T10:27:02.710+0000: [GC (Allocation Failure) 2020-10-29T10:27:02.710+0000: [ParNew: 16388K->4K(18432K), 0.0028346 secs] 471394K->455009K(896640K), 0.0028774 secs] [Times: user=0.01 sys=0.00, real=0.00 secs] 
2020-10-29T10:27:02.732+0000: [GC (Allocation Failure) 2020-10-29T10:27:02.732+0000: [ParNew: 16388K->4K(18432K), 0.0028441 secs] 471393K->455009K(896640K), 0.0028915 secs] [Times: user=0.00 sys=0.00, real=0.00 secs] 
2020-10-29T10:27:02.750+0000: [GC (Allocation Failure) 2020-10-29T10:27:02.750+0000: [ParNew: 16388K->4K(18432K), 0.0028451 secs] 471393K->455009K(896640K), 0.0028898 secs] [Times: user=0.01 sys=0.00, real=0.00 secs] 
2020-10-29T10:27:02.770+0000: [GC (Allocation Failure) 2020-10-29T10:27:02.770+0000: [ParNew: 16388K->4K(18432K), 0.0030147 secs] 471393K->455009K(896640K), 0.0030702 secs] [Times: user=0.00 sys=0.00, real=0.00 secs] 
2020-10-29T10:27:02.790+0000: [GC (Allocation Failure) 2020-10-29T10:27:02.790+0000: [ParNew: 16388K->4K(18432K), 0.0029903 secs] 471393K->455009K(896640K), 0.0030453 secs] [Times: user=0.01 sys=0.00, real=0.00 secs] 
2020-10-29T10:27:02.810+0000: [GC (Allocation Failure) 2020-10-29T10:27:02.810+0000: [ParNew: 16388K->4K(18432K), 0.0030373 secs] 471393K->455009K(896640K), 0.0030862 secs] [Times: user=0.00 sys=0.00, real=0.00 secs] 
2020-10-29T10:27:02.828+0000: [GC (Allocation Failure) 2020-10-29T10:27:02.828+0000: [ParNew: 16388K->4K(18432K), 0.0030329 secs] 471393K->455009K(896640K), 0.0030886 secs] [Times: user=0.01 sys=0.00, real=0.01 secs] 
2020-10-29T10:27:02.846+0000: [GC (Allocation Failure) 2020-10-29T10:27:02.846+0000: [ParNew: 16388K->4K(18432K), 0.0029291 secs] 471393K->455009K(896640K), 0.0029782 secs] [Times: user=0.01 sys=0.00, real=0.00 secs] 
2020-10-29T10:27:02.864+0000: [GC (Allocation Failure) 2020-10-29T10:27:02.864+0000: [ParNew: 16388K->4K(18432K), 0.0027941 secs] 471393K->455009K(896640K), 0.0028375 secs] [Times: user=0.00 sys=0.00, real=0.00 secs] 
2020-10-29T10:27:02.881+0000: [GC (Allocation Failure) 2020-10-29T10:27:02.881+0000: [ParNew: 16388K->4K(18432K), 0.0028656 secs] 471393K->455009K(896640K), 0.0029138 secs] [Times: user=0.01 sys=0.00, real=0.01 secs] 
2020-10-29T10:27:02.902+0000: [GC (Allocation Failure) 2020-10-29T10:27:02.902+0000: [ParNew: 16388K->4K(18432K), 0.0029499 secs] 471393K->455009K(896640K), 0.0030018 secs] [Times: user=0.00 sys=0.00, real=0.00 secs] 
2020-10-29T10:27:02.920+0000: [GC (Allocation Failure) 2020-10-29T10:27:02.920+0000: [ParNew: 16388K->4K(18432K), 0.0029425 secs] 471393K->455009K(896640K), 0.0029913 secs] [Times: user=0.00 sys=0.00, real=0.01 secs] 
2020-10-29T10:27:02.938+0000: [GC (Allocation Failure) 2020-10-29T10:27:02.938+0000: [ParNew: 16388K->4K(18432K), 0.0030093 secs] 471393K->455009K(896640K), 0.0030598 secs] [Times: user=0.00 sys=0.00, real=0.00 secs] 
2020-10-29T10:27:02.955+0000: [GC (Allocation Failure) 2020-10-29T10:27:02.955+0000: [ParNew: 16388K->4K(18432K), 0.0029798 secs] 471393K->455009K(896640K), 0.0030516 secs] [Times: user=0.01 sys=0.00, real=0.00 secs] 
2020-10-29T10:27:02.974+0000: [GC (Allocation Failure) 2020-10-29T10:27:02.974+0000: [ParNew: 16388K->4K(18432K), 0.0028930 secs] 471393K->455009K(896640K), 0.0029421 secs] [Times: user=0.00 sys=0.00, real=0.00 secs] 
2020-10-29T10:27:02.992+0000: [GC (Allocation Failure) 2020-10-29T10:27:02.992+0000: [ParNew: 16388K->4K(18432K), 0.0029735 secs] 471393K->455009K(896640K), 0.0030271 secs] [Times: user=0.01 sys=0.00, real=0.00 secs] 
2020-10-29T10:27:03.018+0000: [GC (Allocation Failure) 2020-10-29T10:27:03.018+0000: [ParNew: 16388K->4K(18432K), 0.0046811 secs] 471393K->455009K(896640K), 0.0047350 secs] [Times: user=0.01 sys=0.00, real=0.01 secs] 
2020-10-29T10:27:03.051+0000: [GC (Allocation Failure) 2020-10-29T10:27:03.051+0000: [ParNew: 16388K->4K(18432K), 0.0032603 secs] 471393K->455009K(896640K), 0.0033160 secs] [Times: user=0.01 sys=0.00, real=0.00 secs] 
2020-10-29T10:27:03.070+0000: [GC (Allocation Failure) 2020-10-29T10:27:03.070+0000: [ParNew: 16388K->4K(18432K), 0.0030004 secs] 471393K->455009K(896640K), 0.0030542 secs] [Times: user=0.01 sys=0.00, real=0.01 secs] 
2020-10-29T10:27:03.090+0000: [GC (Allocation Failure) 2020-10-29T10:27:03.090+0000: [ParNew: 16388K->4K(18432K), 0.0030415 secs] 471393K->455009K(896640K), 0.0030949 secs] [Times: user=0.01 sys=0.00, real=0.00 secs] 
2020-10-29T10:27:03.110+0000: [GC (Allocation Failure) 2020-10-29T10:27:03.110+0000: [ParNew: 16388K->4K(18432K), 0.0029266 secs] 471393K->455009K(896640K), 0.0029952 secs] [Times: user=0.00 sys=0.01, real=0.01 secs] 
2020-10-29T10:27:03.130+0000: [GC (Allocation Failure) 2020-10-29T10:27:03.130+0000: [ParNew: 16388K->4K(18432K), 0.0028082 secs] 471393K->455009K(896640K), 0.0028497 secs] [Times: user=0.00 sys=0.00, real=0.00 secs] 
2020-10-29T10:27:03.148+0000: [GC (Allocation Failure) 2020-10-29T10:27:03.148+0000: [ParNew: 16388K->4K(18432K), 0.0028996 secs] 471393K->455009K(896640K), 0.0029634 secs] [Times: user=0.00 sys=0.00, real=0.01 secs] 
2020-10-29T10:27:03.165+0000: [GC (Allocation Failure) 2020-10-29T10:27:03.165+0000: [ParNew: 16388K->4K(18432K), 0.0029028 secs] 471393K->455009K(896640K), 0.0029512 secs] [Times: user=0.01 sys=0.00, real=0.00 secs] 
2020-10-29T10:27:03.186+0000: [GC (Allocation Failure) 2020-10-29T10:27:03.186+0000: [ParNew: 16388K->4K(18432K), 0.0028281 secs] 471393K->455009K(896640K), 0.0028725 secs] [Times: user=0.01 sys=0.00, real=0.00 secs] 
2020-10-29T10:27:03.210+0000: [GC (Allocation Failure) 2020-10-29T10:27:03.210+0000: [ParNew: 16388K->9K(18432K), 0.0030090 secs] 471393K->455015K(896640K), 0.0030684 secs] [Times: user=0.01 sys=0.00, real=0.00 secs] 
2020-10-29T10:27:03.230+0000: [GC (Allocation Failure) 2020-10-29T10:27:03.230+0000: [ParNew: 16393K->10K(18432K), 0.0029040 secs] 471399K->455016K(896640K), 0.0029571 secs] [Times: user=0.01 sys=0.00, real=0.01 secs] 
2020-10-29T10:27:03.247+0000: [GC (Allocation Failure) 2020-10-29T10:27:03.247+0000: [ParNew: 16394K->10K(18432K), 0.0028239 secs] 471400K->455016K(896640K), 0.0028690 secs] [Times: user=0.01 sys=0.00, real=0.01 secs] 
2020-10-29T10:27:03.265+0000: [GC (Allocation Failure) 2020-10-29T10:27:03.265+0000: [ParNew: 16394K->11K(18432K), 0.0029952 secs] 471400K->455017K(896640K), 0.0030456 secs] [Times: user=0.00 sys=0.00, real=0.00 secs] 
2020-10-29T10:27:03.286+0000: [GC (Allocation Failure) 2020-10-29T10:27:03.286+0000: [ParNew: 16395K->11K(18432K), 0.0029330 secs] 471401K->455017K(896640K), 0.0029837 secs] [Times: user=0.01 sys=0.00, real=0.00 secs] 
2020-10-29T10:27:03.306+0000: [GC (Allocation Failure) 2020-10-29T10:27:03.306+0000: [ParNew: 16395K->11K(18432K), 0.0030154 secs] 471401K->455017K(896640K), 0.0030784 secs] [Times: user=0.00 sys=0.00, real=0.00 secs] 
2020-10-29T10:27:03.324+0000: [GC (Allocation Failure) 2020-10-29T10:27:03.324+0000: [ParNew: 16395K->7K(18432K), 0.0030643 secs] 471401K->455015K(896640K), 0.0031169 secs] [Times: user=0.01 sys=0.00, real=0.00 secs] 
2020-10-29T10:27:03.346+0000: [GC (Allocation Failure) 2020-10-29T10:27:03.346+0000: [ParNew: 16391K->5K(18432K), 0.0030966 secs] 471399K->455017K(896640K), 0.0031482 secs] [Times: user=0.00 sys=0.00, real=0.00 secs] 
2020-10-29T10:27:03.364+0000: [GC (Allocation Failure) 2020-10-29T10:27:03.364+0000: [ParNew: 16389K->4K(18432K), 0.0029587 secs] 471401K->455016K(896640K), 0.0030146 secs] [Times: user=0.01 sys=0.00, real=0.00 secs] 
2020-10-29T10:27:03.381+0000: [GC (Allocation Failure) 2020-10-29T10:27:03.381+0000: [ParNew: 16388K->4K(18432K), 0.0027997 secs] 471400K->455016K(896640K), 0.0028439 secs] [Times: user=0.01 sys=0.00, real=0.01 secs] 
2020-10-29T10:27:03.402+0000: [GC (Allocation Failure) 2020-10-29T10:27:03.402+0000: [ParNew: 16388K->4K(18432K), 0.0027520 secs] 471400K->455016K(896640K), 0.0027951 secs] [Times: user=0.00 sys=0.00, real=0.00 secs] 
2020-10-29T10:27:03.422+0000: [GC (Allocation Failure) 2020-10-29T10:27:03.422+0000: [ParNew: 16388K->4K(18432K), 0.0029347 secs] 471400K->455016K(896640K), 0.0029886 secs] [Times: user=0.01 sys=0.00, real=0.00 secs] 
2020-10-29T10:27:03.440+0000: [GC (Allocation Failure) 2020-10-29T10:27:03.440+0000: [ParNew: 16388K->4K(18432K), 0.0029334 secs] 471400K->455016K(896640K), 0.0029835 secs] [Times: user=0.00 sys=0.00, real=0.01 secs] 
2020-10-29T10:27:03.457+0000: [GC (Allocation Failure) 2020-10-29T10:27:03.457+0000: [ParNew: 16388K->4K(18432K), 0.0029144 secs] 471400K->455016K(896640K), 0.0029610 secs] [Times: user=0.01 sys=0.00, real=0.00 secs] 
2020-10-29T10:27:03.475+0000: [GC (Allocation Failure) 2020-10-29T10:27:03.475+0000: [ParNew: 16388K->4K(18432K), 0.0028048 secs] 471400K->455016K(896640K), 0.0028461 secs] [Times: user=0.00 sys=0.00, real=0.00 secs] 
2020-10-29T10:27:03.493+0000: [GC (Allocation Failure) 2020-10-29T10:27:03.493+0000: [ParNew: 16388K->4K(18432K), 0.0028489 secs] 471400K->455016K(896640K), 0.0029047 secs] [Times: user=0.01 sys=0.00, real=0.00 secs] 
2020-10-29T10:27:03.510+0000: [GC (Allocation Failure) 2020-10-29T10:27:03.510+0000: [ParNew: 16388K->4K(18432K), 0.0028326 secs] 471400K->455016K(896640K), 0.0028811 secs] [Times: user=0.00 sys=0.00, real=0.01 secs] 
2020-10-29T10:27:03.530+0000: [GC (Allocation Failure) 2020-10-29T10:27:03.530+0000: [ParNew: 16388K->4K(18432K), 0.0027446 secs] 471400K->455016K(896640K), 0.0027911 secs] [Times: user=0.00 sys=0.00, real=0.00 secs] 
2020-10-29T10:27:03.548+0000: [GC (Allocation Failure) 2020-10-29T10:27:03.548+0000: [ParNew: 16388K->4K(18432K), 0.0026259 secs] 471400K->455016K(896640K), 0.0026684 secs] [Times: user=0.01 sys=0.00, real=0.01 secs] 
2020-10-29T10:27:03.565+0000: [GC (Allocation Failure) 2020-10-29T10:27:03.565+0000: [ParNew: 16388K->4K(18432K), 0.0027490 secs] 471400K->455016K(896640K), 0.0027943 secs] [Times: user=0.00 sys=0.00, real=0.00 secs] 
2020-10-29T10:27:03.582+0000: [GC (Allocation Failure) 2020-10-29T10:27:03.582+0000: [ParNew: 16388K->4K(18432K), 0.0028328 secs] 471400K->455016K(896640K), 0.0028800 secs] [Times: user=0.01 sys=0.00, real=0.01 secs] 
2020-10-29T10:27:03.599+0000: [GC (Allocation Failure) 2020-10-29T10:27:03.599+0000: [ParNew: 16388K->4K(18432K), 0.0028228 secs] 471400K->455016K(896640K), 0.0028651 secs] [Times: user=0.01 sys=0.00, real=0.01 secs] 
2020-10-29T10:27:03.618+0000: [GC (Allocation Failure) 2020-10-29T10:27:03.618+0000: [ParNew: 16388K->4K(18432K), 0.0028711 secs] 471400K->455016K(896640K), 0.0029210 secs] [Times: user=0.01 sys=0.01, real=0.00 secs] 
2020-10-29T10:27:03.638+0000: [GC (Allocation Failure) 2020-10-29T10:27:03.638+0000: [ParNew: 16388K->4K(18432K), 0.0029222 secs] 471400K->455016K(896640K), 0.0029695 secs] [Times: user=0.01 sys=0.00, real=0.00 secs] 
2020-10-29T10:27:03.656+0000: [GC (Allocation Failure) 2020-10-29T10:27:03.656+0000: [ParNew: 16388K->4K(18432K), 0.0029041 secs] 471400K->455016K(896640K), 0.0029503 secs] [Times: user=0.00 sys=0.00, real=0.00 secs] 
2020-10-29T10:27:03.673+0000: [GC (Allocation Failure) 2020-10-29T10:27:03.674+0000: [ParNew: 16388K->4K(18432K), 0.0026897 secs] 471400K->455016K(896640K), 0.0027327 secs] [Times: user=0.01 sys=0.00, real=0.00 secs] 
2020-10-29T10:27:03.691+0000: [GC (Allocation Failure) 2020-10-29T10:27:03.691+0000: [ParNew: 16388K->4K(18432K), 0.0026747 secs] 471400K->455016K(896640K), 0.0027149 secs] [Times: user=0.01 sys=0.00, real=0.00 secs] 
2020-10-29T10:27:03.712+0000: [GC (Allocation Failure) 2020-10-29T10:27:03.712+0000: [ParNew: 16388K->4K(18432K), 0.0028606 secs] 471400K->455016K(896640K), 0.0029077 secs] [Times: user=0.00 sys=0.00, real=0.00 secs] 
2020-10-29T10:27:03.730+0000: [GC (Allocation Failure) 2020-10-29T10:27:03.730+0000: [ParNew: 16388K->4K(18432K), 0.0029575 secs] 471400K->455016K(896640K), 0.0030103 secs] [Times: user=0.00 sys=0.01, real=0.01 secs] 
2020-10-29T10:27:03.748+0000: [GC (Allocation Failure) 2020-10-29T10:27:03.748+0000: [ParNew: 16388K->4K(18432K), 0.0028704 secs] 471400K->455016K(896640K), 0.0029172 secs] [Times: user=0.01 sys=0.00, real=0.01 secs] 
2020-10-29T10:27:03.766+0000: [GC (Allocation Failure) 2020-10-29T10:27:03.766+0000: [ParNew: 16388K->4K(18432K), 0.0025714 secs] 471400K->455016K(896640K), 0.0026143 secs] [Times: user=0.00 sys=0.00, real=0.00 secs] 
2020-10-29T10:27:03.786+0000: [GC (Allocation Failure) 2020-10-29T10:27:03.786+0000: [ParNew: 16388K->4K(18432K), 0.0027399 secs] 471400K->455016K(896640K), 0.0027877 secs] [Times: user=0.01 sys=0.00, real=0.00 secs] 
2020-10-29T10:27:03.808+0000: [GC (Allocation Failure) 2020-10-29T10:27:03.808+0000: [ParNew: 16388K->4K(18432K), 0.0029154 secs] 471400K->455016K(896640K), 0.0029644 secs] [Times: user=0.00 sys=0.00, real=0.01 secs] 
2020-10-29T10:27:03.825+0000: [GC (Allocation Failure) 2020-10-29T10:27:03.825+0000: [ParNew: 16388K->4K(18432K), 0.0026457 secs] 471400K->455016K(896640K), 0.0026896 secs] [Times: user=0.00 sys=0.00, real=0.00 secs] 
2020-10-29T10:27:03.846+0000: [GC (Allocation Failure) 2020-10-29T10:27:03.846+0000: [ParNew: 16388K->4K(18432K), 0.0026136 secs] 471400K->455016K(896640K), 0.0026567 secs] [Times: user=0.00 sys=0.00, real=0.00 secs] 
2020-10-29T10:27:03.864+0000: [GC (Allocation Failure) 2020-10-29T10:27:03.864+0000: [ParNew: 16388K->4K(18432K), 0.0027697 secs] 471400K->455016K(896640K), 0.0028153 secs] [Times: user=0.00 sys=0.00, real=0.00 secs] 
2020-10-29T10:27:03.881+0000: [GC (Allocation Failure) 2020-10-29T10:27:03.881+0000: [ParNew: 16388K->4K(18432K), 0.0026401 secs] 471400K->455016K(896640K), 0.0026831 secs] [Times: user=0.01 sys=0.00, real=0.01 secs] 
2020-10-29T10:27:03.902+0000: [GC (Allocation Failure) 2020-10-29T10:27:03.902+0000: [ParNew: 16388K->4K(18432K), 0.0025925 secs] 471400K->455016K(896640K), 0.0026344 secs] [Times: user=0.01 sys=0.00, real=0.01 secs] 
2020-10-29T10:27:03.922+0000: [GC (Allocation Failure) 2020-10-29T10:27:03.922+0000: [ParNew: 16388K->4K(18432K), 0.0026257 secs] 471400K->455016K(896640K), 0.0026673 secs] [Times: user=0.01 sys=0.00, real=0.00 secs] 
2020-10-29T10:27:03.940+0000: [GC (Allocation Failure) 2020-10-29T10:27:03.940+0000: [ParNew: 16388K->4K(18432K), 0.0025999 secs] 471400K->455016K(896640K), 0.0026405 secs] [Times: user=0.00 sys=0.00, real=0.01 secs] 
2020-10-29T10:27:03.957+0000: [GC (Allocation Failure) 2020-10-29T10:27:03.957+0000: [ParNew: 16388K->4K(18432K), 0.0027771 secs] 471400K->455016K(896640K), 0.0028228 secs] [Times: user=0.01 sys=0.00, real=0.00 secs] 
2020-10-29T10:27:03.978+0000: [GC (Allocation Failure) 2020-10-29T10:27:03.978+0000: [ParNew: 16388K->4K(18432K), 0.0027733 secs] 471400K->455016K(896640K), 0.0028183 secs] [Times: user=0.01 sys=0.00, real=0.00 secs] 
2020-10-29T10:27:03.998+0000: [GC (Allocation Failure) 2020-10-29T10:27:03.998+0000: [ParNew: 16388K->4K(18432K), 0.0027449 secs] 471400K->455016K(896640K), 0.0027891 secs] [Times: user=0.00 sys=0.00, real=0.00 secs] 
2020-10-29T10:27:04.018+0000: [GC (Allocation Failure) 2020-10-29T10:27:04.018+0000: [ParNew: 16388K->4K(18432K), 0.0028153 secs] 471400K->455016K(896640K), 0.0028632 secs] [Times: user=0.00 sys=0.00, real=0.00 secs] 
2020-10-29T10:27:04.036+0000: [GC (Allocation Failure) 2020-10-29T10:27:04.036+0000: [ParNew: 16388K->4K(18432K), 0.0027725 secs] 471400K->455016K(896640K), 0.0028164 secs] [Times: user=0.01 sys=0.00, real=0.00 secs] 
2020-10-29T10:27:04.053+0000: [GC (Allocation Failure) 2020-10-29T10:27:04.053+0000: [ParNew: 16388K->4K(18432K), 0.0030503 secs] 471400K->455016K(896640K), 0.0030937 secs] [Times: user=0.00 sys=0.00, real=0.00 secs] 
2020-10-29T10:27:04.071+0000: [GC (Allocation Failure) 2020-10-29T10:27:04.071+0000: [ParNew: 16388K->4K(18432K), 0.0028054 secs] 471400K->455016K(896640K), 0.0028494 secs] [Times: user=0.01 sys=0.00, real=0.00 secs] 
2020-10-29T10:27:04.089+0000: [GC (Allocation Failure) 2020-10-29T10:27:04.089+0000: [ParNew: 16388K->4K(18432K), 0.0027711 secs] 471400K->455016K(896640K), 0.0028142 secs] [Times: user=0.00 sys=0.00, real=0.01 secs] 
2020-10-29T10:27:04.110+0000: [GC (Allocation Failure) 2020-10-29T10:27:04.110+0000: [ParNew: 16388K->4K(18432K), 0.0027641 secs] 471400K->455016K(896640K), 0.0028088 secs] [Times: user=0.01 sys=0.00, real=0.00 secs] 
2020-10-29T10:27:04.130+0000: [GC (Allocation Failure) 2020-10-29T10:27:04.130+0000: [ParNew: 16388K->4K(18432K), 0.0028597 secs] 471400K->455016K(896640K), 0.0029102 secs] [Times: user=0.01 sys=0.00, real=0.00 secs] 
2020-10-29T10:27:04.154+0000: [GC (Allocation Failure) 2020-10-29T10:27:04.154+0000: [ParNew: 16388K->4K(18432K), 0.0028701 secs] 471400K->455016K(896640K), 0.0029159 secs] [Times: user=0.00 sys=0.00, real=0.00 secs] 
2020-10-29T10:27:04.174+0000: [GC (Allocation Failure) 2020-10-29T10:27:04.174+0000: [ParNew: 16388K->4K(18432K), 0.0027214 secs] 471400K->455016K(896640K), 0.0027674 secs] [Times: user=0.00 sys=0.00, real=0.00 secs] 
2020-10-29T10:27:04.192+0000: [GC (Allocation Failure) 2020-10-29T10:27:04.192+0000: [ParNew: 16388K->4K(18432K), 0.0026944 secs] 471400K->455016K(896640K), 0.0027512 secs] [Times: user=0.00 sys=0.00, real=0.00 secs] 
2020-10-29T10:27:04.210+0000: [GC (Allocation Failure) 2020-10-29T10:27:04.210+0000: [ParNew: 16388K->4K(18432K), 0.0029498 secs] 471400K->455016K(896640K), 0.0030013 secs] [Times: user=0.01 sys=0.00, real=0.00 secs] 
2020-10-29T10:27:04.230+0000: [GC (Allocation Failure) 2020-10-29T10:27:04.230+0000: [ParNew: 16388K->4K(18432K), 0.0027889 secs] 471400K->455016K(896640K), 0.0028340 secs] [Times: user=0.01 sys=0.00, real=0.00 secs] 
2020-10-29T10:27:04.250+0000: [GC (Allocation Failure) 2020-10-29T10:27:04.250+0000: [ParNew: 16388K->4K(18432K), 0.0027759 secs] 471400K->455016K(896640K), 0.0028191 secs] [Times: user=0.00 sys=0.00, real=0.00 secs] 
2020-10-29T10:27:04.268+0000: [GC (Allocation Failure) 2020-10-29T10:27:04.268+0000: [ParNew: 16388K->4K(18432K), 0.0028278 secs] 471400K->455016K(896640K), 0.0028747 secs] [Times: user=0.01 sys=0.00, real=0.01 secs] 
2020-10-29T10:27:04.285+0000: [GC (Allocation Failure) 2020-10-29T10:27:04.285+0000: [ParNew: 16388K->4K(18432K), 0.0028541 secs] 471400K->455016K(896640K), 0.0029042 secs] [Times: user=0.00 sys=0.00, real=0.00 secs] 
2020-10-29T10:27:04.303+0000: [GC (Allocation Failure) 2020-10-29T10:27:04.303+0000: [ParNew: 16388K->4K(18432K), 0.0027804 secs] 471400K->455016K(896640K), 0.0028311 secs] [Times: user=0.01 sys=0.00, real=0.00 secs] 
2020-10-29T10:27:04.321+0000: [GC (Allocation Failure) 2020-10-29T10:27:04.321+0000: [ParNew: 16388K->4K(18432K), 0.0027429 secs] 471400K->455016K(896640K), 0.0027852 secs] [Times: user=0.01 sys=0.00, real=0.01 secs] 
2020-10-29T10:27:04.338+0000: [GC (Allocation Failure) 2020-10-29T10:27:04.338+0000: [ParNew: 16388K->4K(18432K), 0.0027128 secs] 471400K->455016K(896640K), 0.0027586 secs] [Times: user=0.01 sys=0.00, real=0.00 secs] 
2020-10-29T10:27:04.358+0000: [GC (Allocation Failure) 2020-10-29T10:27:04.358+0000: [ParNew: 16388K->4K(18432K), 0.0028134 secs] 471400K->455016K(896640K), 0.0028620 secs] [Times: user=0.01 sys=0.00, real=0.00 secs] 
2020-10-29T10:27:04.376+0000: [GC (Allocation Failure) 2020-10-29T10:27:04.376+0000: [ParNew: 16388K->4K(18432K), 0.0026475 secs] 471400K->455016K(896640K), 0.0026907 secs] [Times: user=0.00 sys=0.00, real=0.00 secs] 
2020-10-29T10:27:04.393+0000: [GC (Allocation Failure) 2020-10-29T10:27:04.393+0000: [ParNew: 16388K->4K(18432K), 0.0026828 secs] 471400K->455016K(896640K), 0.0027281 secs] [Times: user=0.00 sys=0.00, real=0.00 secs] 
2020-10-29T10:27:04.414+0000: [GC (Allocation Failure) 2020-10-29T10:27:04.414+0000: [ParNew: 16388K->4K(18432K), 0.0026945 secs] 471400K->455016K(896640K), 0.0027361 secs] [Times: user=0.00 sys=0.00, real=0.00 secs] 
2020-10-29T10:27:04.432+0000: [GC (Allocation Failure) 2020-10-29T10:27:04.432+0000: [ParNew: 16388K->4K(18432K), 0.0027823 secs] 471400K->455016K(896640K), 0.0028237 secs] [Times: user=0.01 sys=0.00, real=0.00 secs] 
2020-10-29T10:27:04.450+0000: [GC (Allocation Failure) 2020-10-29T10:27:04.450+0000: [ParNew: 16388K->4K(18432K), 0.0025770 secs] 471400K->455017K(896640K), 0.0026181 secs] [Times: user=0.00 sys=0.00, real=0.00 secs] 
2020-10-29T10:27:04.470+0000: [GC (Allocation Failure) 2020-10-29T10:27:04.470+0000: [ParNew: 16388K->4K(18432K), 0.0025557 secs] 471401K->455017K(896640K), 0.0025979 secs] [Times: user=0.00 sys=0.00, real=0.00 secs] 
2020-10-29T10:27:04.490+0000: [GC (Allocation Failure) 2020-10-29T10:27:04.490+0000: [ParNew: 16388K->4K(18432K), 0.0025411 secs] 471401K->455017K(896640K), 0.0025825 secs] [Times: user=0.01 sys=0.00, real=0.00 secs] 
2020-10-29T10:27:04.508+0000: [GC (Allocation Failure) 2020-10-29T10:27:04.508+0000: [ParNew: 16388K->4K(18432K), 0.0028018 secs] 471401K->455017K(896640K), 0.0028478 secs] [Times: user=0.00 sys=0.00, real=0.01 secs] 
2020-10-29T10:27:04.526+0000: [GC (Allocation Failure) 2020-10-29T10:27:04.526+0000: [ParNew: 16388K->4K(18432K), 0.0027809 secs] 471401K->455017K(896640K), 0.0028268 secs] [Times: user=0.01 sys=0.00, real=0.00 secs] 
2020-10-29T10:27:04.544+0000: [GC (Allocation Failure) 2020-10-29T10:27:04.544+0000: [ParNew: 16388K->4K(18432K), 0.0028586 secs] 471401K->455017K(896640K), 0.0029044 secs] [Times: user=0.00 sys=0.00, real=0.00 secs] 
2020-10-29T10:27:04.561+0000: [GC (Allocation Failure) 2020-10-29T10:27:04.561+0000: [ParNew: 16388K->4K(18432K), 0.0027974 secs] 471401K->455017K(896640K), 0.0028396 secs] [Times: user=0.00 sys=0.00, real=0.01 secs] 
2020-10-29T10:27:04.579+0000: [GC (Allocation Failure) 2020-10-29T10:27:04.579+0000: [ParNew: 16388K->4K(18432K), 0.0027133 secs] 471401K->455017K(896640K), 0.0027572 secs] [Times: user=0.00 sys=0.00, real=0.00 secs] 
2020-10-29T10:27:04.598+0000: [GC (Allocation Failure) 2020-10-29T10:27:04.598+0000: [ParNew: 16388K->4K(18432K), 0.0027576 secs] 471401K->455017K(896640K), 0.0028018 secs] [Times: user=0.01 sys=0.00, real=0.00 secs] 
2020-10-29T10:27:04.618+0000: [GC (Allocation Failure) 2020-10-29T10:27:04.618+0000: [ParNew: 16388K->4K(18432K), 0.0027265 secs] 471401K->455017K(896640K), 0.0027679 secs] [Times: user=0.00 sys=0.00, real=0.00 secs] 
2020-10-29T10:27:04.638+0000: [GC (Allocation Failure) 2020-10-29T10:27:04.638+0000: [ParNew: 16388K->4K(18432K), 0.0026695 secs] 471401K->455017K(896640K), 0.0027097 secs] [Times: user=0.00 sys=0.00, real=0.00 secs] 
2020-10-29T10:27:04.658+0000: [GC (Allocation Failure) 2020-10-29T10:27:04.658+0000: [ParNew: 16388K->4K(18432K), 0.0028714 secs] 471401K->455017K(896640K), 0.0029203 secs] [Times: user=0.01 sys=0.00, real=0.00 secs] 
2020-10-29T10:27:04.678+0000: [GC (Allocation Failure) 2020-10-29T10:27:04.678+0000: [ParNew: 16388K->4K(18432K), 0.0027957 secs] 471401K->455017K(896640K), 0.0028416 secs] [Times: user=0.01 sys=0.00, real=0.00 secs] 
2020-10-29T10:27:04.698+0000: [GC (Allocation Failure) 2020-10-29T10:27:04.698+0000: [ParNew: 16388K->4K(18432K), 0.0026138 secs] 471401K->455017K(896640K), 0.0026574 secs] [Times: user=0.00 sys=0.00, real=0.00 secs] 
2020-10-29T10:27:04.718+0000: [GC (Allocation Failure) 2020-10-29T10:27:04.718+0000: [ParNew: 16388K->4K(18432K), 0.0026860 secs] 471401K->455017K(896640K), 0.0027310 secs] [Times: user=0.01 sys=0.00, real=0.00 secs] 
2020-10-29T10:27:04.736+0000: [GC (Allocation Failure) 2020-10-29T10:27:04.736+0000: [ParNew: 16388K->4K(18432K), 0.0027212 secs] 471401K->455017K(896640K), 0.0027660 secs] [Times: user=0.01 sys=0.00, real=0.00 secs] 
2020-10-29T10:27:04.754+0000: [GC (Allocation Failure) 2020-10-29T10:27:04.754+0000: [ParNew: 16388K->4K(18432K), 0.0025836 secs] 471401K->455017K(896640K), 0.0026267 secs] [Times: user=0.01 sys=0.00, real=0.00 secs] 
2020-10-29T10:27:04.772+0000: [GC (Allocation Failure) 2020-10-29T10:27:04.772+0000: [ParNew: 16388K->4K(18432K), 0.0026122 secs] 471401K->455017K(896640K), 0.0026551 secs] [Times: user=0.00 sys=0.00, real=0.00 secs] 
2020-10-29T10:27:04.790+0000: [GC (Allocation Failure) 2020-10-29T10:27:04.790+0000: [ParNew: 16388K->4K(18432K), 0.0027158 secs] 471401K->455017K(896640K), 0.0027614 secs] [Times: user=0.00 sys=0.00, real=0.00 secs] 
2020-10-29T10:27:04.808+0000: [GC (Allocation Failure) 2020-10-29T10:27:04.808+0000: [ParNew: 16388K->4K(18432K), 0.0034951 secs] 471401K->455017K(896640K), 0.0035392 secs] [Times: user=0.01 sys=0.00, real=0.01 secs] 
2020-10-29T10:27:04.826+0000: [GC (Allocation Failure) 2020-10-29T10:27:04.826+0000: [ParNew: 16388K->4K(18432K), 0.0029132 secs] 471401K->455017K(896640K), 0.0029586 secs] [Times: user=0.00 sys=0.00, real=0.00 secs] 
2020-10-29T10:27:04.843+0000: [GC (Allocation Failure) 2020-10-29T10:27:04.843+0000: [ParNew: 16388K->4K(18432K), 0.0027891 secs] 471401K->455017K(896640K), 0.0028373 secs] [Times: user=0.00 sys=0.01, real=0.00 secs] 
2020-10-29T10:27:04.861+0000: [GC (Allocation Failure) 2020-10-29T10:27:04.861+0000: [ParNew: 16388K->4K(18432K), 0.0027663 secs] 471401K->455017K(896640K), 0.0028107 secs] [Times: user=0.01 sys=0.00, real=0.01 secs] 
2020-10-29T10:27:04.878+0000: [GC (Allocation Failure) 2020-10-29T10:27:04.878+0000: [ParNew: 16388K->4K(18432K), 0.0026793 secs] 471401K->455017K(896640K), 0.0027209 secs] [Times: user=0.00 sys=0.00, real=0.00 secs] 
2020-10-29T10:27:04.895+0000: [GC (Allocation Failure) 2020-10-29T10:27:04.895+0000: [ParNew: 16388K->4K(18432K), 0.0027141 secs] 471401K->455017K(896640K), 0.0027674 secs] [Times: user=0.00 sys=0.00, real=0.00 secs] 
2020-10-29T10:27:04.914+0000: [GC (Allocation Failure) 2020-10-29T10:27:04.914+0000: [ParNew: 16388K->4K(18432K), 0.0029438 secs] 471401K->455017K(896640K), 0.0029975 secs] [Times: user=0.00 sys=0.00, real=0.00 secs] 
2020-10-29T10:27:04.932+0000: [GC (Allocation Failure) 2020-10-29T10:27:04.932+0000: [ParNew: 16363K->4K(18432K), 0.0027731 secs] 471376K->455017K(896640K), 0.0028136 secs] [Times: user=0.00 sys=0.00, real=0.00 secs] 
2020-10-29T10:27:04.949+0000: [GC (Allocation Failure) 2020-10-29T10:27:04.949+0000: [ParNew: 16388K->4K(18432K), 0.0028887 secs] 471401K->455017K(896640K), 0.0029344 secs] [Times: user=0.01 sys=0.00, real=0.01 secs] 
2020-10-29T10:27:04.967+0000: [GC (Allocation Failure) 2020-10-29T10:27:04.967+0000: [ParNew: 16388K->4K(18432K), 0.0027383 secs] 471401K->455017K(896640K), 0.0027804 secs] [Times: user=0.00 sys=0.00, real=0.00 secs] 
2020-10-29T10:27:04.988+0000: [GC (Allocation Failure) 2020-10-29T10:27:04.988+0000: [ParNew: 16388K->4K(18432K), 0.0027477 secs] 471401K->455017K(896640K), 0.0027937 secs] [Times: user=0.00 sys=0.00, real=0.01 secs] 
2020-10-29T10:27:05.006+0000: [GC (Allocation Failure) 2020-10-29T10:27:05.006+0000: [ParNew: 16388K->4K(18432K), 0.0028362 secs] 471401K->455017K(896640K), 0.0028856 secs] [Times: user=0.00 sys=0.00, real=0.00 secs] 
2020-10-29T10:27:05.026+0000: [GC (Allocation Failure) 2020-10-29T10:27:05.026+0000: [ParNew: 16388K->4K(18432K), 0.0028098 secs] 471401K->455017K(896640K), 0.0028567 secs] [Times: user=0.00 sys=0.00, real=0.00 secs] 
2020-10-29T10:27:05.046+0000: [GC (Allocation Failure) 2020-10-29T10:27:05.046+0000: [ParNew: 16388K->4K(18432K), 0.0028729 secs] 471401K->455017K(896640K), 0.0029668 secs] [Times: user=0.01 sys=0.00, real=0.00 secs] 
2020-10-29T10:27:05.066+0000: [GC (Allocation Failure) 2020-10-29T10:27:05.066+0000: [ParNew: 16388K->4K(18432K), 0.0029185 secs] 471401K->455017K(896640K), 0.0029707 secs] [Times: user=0.01 sys=0.00, real=0.00 secs] 
2020-10-29T10:27:05.086+0000: [GC (Allocation Failure) 2020-10-29T10:27:05.086+0000: [ParNew: 16388K->4K(18432K), 0.0029077 secs] 471401K->455017K(896640K), 0.0029585 secs] [Times: user=0.01 sys=0.00, real=0.00 secs] 
2020-10-29T10:27:05.106+0000: [GC (Allocation Failure) 2020-10-29T10:27:05.106+0000: [ParNew: 16388K->4K(18432K), 0.0027461 secs] 471401K->455017K(896640K), 0.0027933 secs] [Times: user=0.01 sys=0.00, real=0.00 secs] 
2020-10-29T10:27:05.124+0000: [GC (Allocation Failure) 2020-10-29T10:27:05.124+0000: [ParNew: 16388K->4K(18432K), 0.0028568 secs] 471401K->455017K(896640K), 0.0029058 secs] [Times: user=0.01 sys=0.00, real=0.00 secs] 
2020-10-29T10:27:05.142+0000: [GC (Allocation Failure) 2020-10-29T10:27:05.142+0000: [ParNew: 16388K->4K(18432K), 0.0027077 secs] 471401K->455017K(896640K), 0.0027532 secs] [Times: user=0.00 sys=0.00, real=0.00 secs] 
2020-10-29T10:27:05.162+0000: [GC (Allocation Failure) 2020-10-29T10:27:05.162+0000: [ParNew: 16388K->4K(18432K), 0.0027853 secs] 471401K->455017K(896640K), 0.0028327 secs] [Times: user=0.00 sys=0.00, real=0.00 secs] 
2020-10-29T10:27:05.182+0000: [GC (Allocation Failure) 2020-10-29T10:27:05.182+0000: [ParNew: 16388K->4K(18432K), 0.0029618 secs] 471401K->455017K(896640K), 0.0030129 secs] [Times: user=0.01 sys=0.00, real=0.00 secs] 
2020-10-29T10:27:05.200+0000: [GC (Allocation Failure) 2020-10-29T10:27:05.200+0000: [ParNew: 16388K->4K(18432K), 0.0026756 secs] 471401K->455017K(896640K), 0.0027214 secs] [Times: user=0.00 sys=0.00, real=0.01 secs] 
2020-10-29T10:27:05.218+0000: [GC (Allocation Failure) 2020-10-29T10:27:05.218+0000: [ParNew: 16388K->4K(18432K), 0.0027968 secs] 471401K->455017K(896640K), 0.0028458 secs] [Times: user=0.01 sys=0.00, real=0.00 secs] 
2020-10-29T10:27:05.238+0000: [GC (Allocation Failure) 2020-10-29T10:27:05.238+0000: [ParNew: 16388K->4K(18432K), 0.0028064 secs] 471401K->455017K(896640K), 0.0028558 secs] [Times: user=0.00 sys=0.00, real=0.00 secs] 
2020-10-29T10:27:05.258+0000: [GC (Allocation Failure) 2020-10-29T10:27:05.258+0000: [ParNew: 16388K->4K(18432K), 0.0028377 secs] 471401K->455017K(896640K), 0.0028874 secs] [Times: user=0.01 sys=0.00, real=0.00 secs] 
2020-10-29T10:27:05.276+0000: [GC (Allocation Failure) 2020-10-29T10:27:05.276+0000: [ParNew: 16388K->4K(18432K), 0.0027120 secs] 471401K->455017K(896640K), 0.0027666 secs] [Times: user=0.00 sys=0.00, real=0.00 secs] 
2020-10-29T10:27:05.293+0000: [GC (Allocation Failure) 2020-10-29T10:27:05.293+0000: [ParNew: 16388K->4K(18432K), 0.0028757 secs] 471401K->455017K(896640K), 0.0029252 secs] [Times: user=0.01 sys=0.00, real=0.00 secs] 
2020-10-29T10:27:05.311+0000: [GC (Allocation Failure) 2020-10-29T10:27:05.311+0000: [ParNew: 16388K->4K(18432K), 0.0028016 secs] 471401K->455017K(896640K), 0.0028482 secs] [Times: user=0.00 sys=0.00, real=0.00 secs] 
2020-10-29T10:27:05.328+0000: [GC (Allocation Failure) 2020-10-29T10:27:05.329+0000: [ParNew: 16388K->4K(18432K), 0.0029041 secs] 471401K->455017K(896640K), 0.0029550 secs] [Times: user=0.01 sys=0.00, real=0.01 secs] 
2020-10-29T10:27:05.346+0000: [GC (Allocation Failure) 2020-10-29T10:27:05.346+0000: [ParNew: 16388K->4K(18432K), 0.0028318 secs] 471401K->455017K(896640K), 0.0028810 secs] [Times: user=0.01 sys=0.00, real=0.00 secs] 
2020-10-29T10:27:05.363+0000: [GC (Allocation Failure) 2020-10-29T10:27:05.364+0000: [ParNew: 16388K->4K(18432K), 0.0029492 secs] 471401K->455017K(896640K), 0.0030000 secs] [Times: user=0.00 sys=0.00, real=0.00 secs] 
2020-10-29T10:27:05.381+0000: [GC (Allocation Failure) 2020-10-29T10:27:05.381+0000: [ParNew: 16388K->4K(18432K), 0.0029674 secs] 471401K->455017K(896640K), 0.0030175 secs] [Times: user=0.01 sys=0.00, real=0.01 secs] 
2020-10-29T10:27:05.399+0000: [GC (Allocation Failure) 2020-10-29T10:27:05.399+0000: [ParNew: 16388K->4K(18432K), 0.0028827 secs] 471401K->455017K(896640K), 0.0029322 secs] [Times: user=0.00 sys=0.00, real=0.00 secs] 
2020-10-29T10:27:05.416+0000: [GC (Allocation Failure) 2020-10-29T10:27:05.416+0000: [ParNew: 16388K->4K(18432K), 0.0029121 secs] 471401K->455017K(896640K), 0.0029591 secs] [Times: user=0.01 sys=0.00, real=0.00 secs] 
2020-10-29T10:27:05.438+0000: [GC (Allocation Failure) 2020-10-29T10:27:05.438+0000: [ParNew: 16388K->4K(18432K), 0.0028559 secs] 471401K->455017K(896640K), 0.0029040 secs] [Times: user=0.00 sys=0.00, real=0.00 secs] 
2020-10-29T10:27:05.458+0000: [GC (Allocation Failure) 2020-10-29T10:27:05.458+0000: [ParNew: 16388K->4K(18432K), 0.0028257 secs] 471401K->455017K(896640K), 0.0028722 secs] [Times: user=0.01 sys=0.00, real=0.00 secs] 
2020-10-29T10:27:05.476+0000: [GC (Allocation Failure) 2020-10-29T10:27:05.476+0000: [ParNew: 16388K->4K(18432K), 0.0029386 secs] 471401K->455017K(896640K), 0.0029839 secs] [Times: user=0.00 sys=0.00, real=0.00 secs] 
2020-10-29T10:27:05.494+0000: [GC (Allocation Failure) 2020-10-29T10:27:05.494+0000: [ParNew: 16388K->4K(18432K), 0.0027098 secs] 471401K->455017K(896640K), 0.0027518 secs] [Times: user=0.00 sys=0.00, real=0.00 secs] 
2020-10-29T10:27:05.512+0000: [GC (Allocation Failure) 2020-10-29T10:27:05.512+0000: [ParNew: 16388K->4K(18432K), 0.0028086 secs] 471401K->455017K(896640K), 0.0028554 secs] [Times: user=0.01 sys=0.00, real=0.00 secs] 
2020-10-29T10:27:05.529+0000: [GC (Allocation Failure) 2020-10-29T10:27:05.529+0000: [ParNew: 16388K->4K(18432K), 0.0029244 secs] 471401K->455017K(896640K), 0.0029714 secs] [Times: user=0.01 sys=0.00, real=0.01 secs] 
2020-10-29T10:27:05.550+0000: [GC (Allocation Failure) 2020-10-29T10:27:05.550+0000: [ParNew: 16388K->4K(18432K), 0.0029115 secs] 471401K->455017K(896640K), 0.0029624 secs] [Times: user=0.00 sys=0.00, real=0.00 secs] 
2020-10-29T10:27:05.568+0000: [GC (Allocation Failure) 2020-10-29T10:27:05.568+0000: [ParNew: 16388K->4K(18432K), 0.0028575 secs] 471401K->455017K(896640K), 0.0029027 secs] [Times: user=0.01 sys=0.00, real=0.01 secs] 
2020-10-29T10:27:05.585+0000: [GC (Allocation Failure) 2020-10-29T10:27:05.585+0000: [ParNew: 16388K->4K(18432K), 0.0027285 secs] 471401K->455017K(896640K), 0.0027731 secs] [Times: user=0.00 sys=0.00, real=0.00 secs] 
2020-10-29T10:27:05.603+0000: [GC (Allocation Failure) 2020-10-29T10:27:05.603+0000: [ParNew: 16388K->4K(18432K), 0.0027931 secs] 471401K->455017K(896640K), 0.0028375 secs] [Times: user=0.01 sys=0.00, real=0.00 secs] 
2020-10-29T10:27:05.620+0000: [GC (Allocation Failure) 2020-10-29T10:27:05.620+0000: [ParNew: 16388K->4K(18432K), 0.0027327 secs] 471401K->455017K(896640K), 0.0027756 secs] [Times: user=0.00 sys=0.00, real=0.01 secs] 
2020-10-29T10:27:05.637+0000: [GC (Allocation Failure) 2020-10-29T10:27:05.637+0000: [ParNew: 16388K->4K(18432K), 0.0026224 secs] 471401K->455017K(896640K), 0.0026666 secs] [Times: user=0.01 sys=0.00, real=0.00 secs] 
2020-10-29T10:27:05.655+0000: [GC (Allocation Failure) 2020-10-29T10:27:05.655+0000: [ParNew: 16388K->4K(18432K), 0.0026276 secs] 471401K->455017K(896640K), 0.0026689 secs] [Times: user=0.01 sys=0.00, real=0.00 secs] 
2020-10-29T10:27:05.674+0000: [GC (Allocation Failure) 2020-10-29T10:27:05.674+0000: [ParNew: 16388K->4K(18432K), 0.0026016 secs] 471401K->455017K(896640K), 0.0026442 secs] [Times: user=0.00 sys=0.00, real=0.00 secs] 
2020-10-29T10:27:05.694+0000: [GC (Allocation Failure) 2020-10-29T10:27:05.694+0000: [ParNew: 16388K->4K(18432K), 0.0027122 secs] 471401K->455017K(896640K), 0.0027574 secs] [Times: user=0.01 sys=0.00, real=0.00 secs] 
2020-10-29T10:27:05.714+0000: [GC (Allocation Failure) 2020-10-29T10:27:05.714+0000: [ParNew: 16388K->4K(18432K), 0.0026498 secs] 471401K->455017K(896640K), 0.0026938 secs] [Times: user=0.00 sys=0.00, real=0.00 secs] 
2020-10-29T10:27:05.732+0000: [GC (Allocation Failure) 2020-10-29T10:27:05.732+0000: [ParNew: 16388K->4K(18432K), 0.0026021 secs] 471401K->455017K(896640K), 0.0026431 secs] [Times: user=0.01 sys=0.00, real=0.00 secs] 
2020-10-29T10:27:05.749+0000: [GC (Allocation Failure) 2020-10-29T10:27:05.749+0000: [ParNew: 16388K->4K(18432K), 0.0025417 secs] 471401K->455017K(896640K), 0.0025846 secs] [Times: user=0.00 sys=0.00, real=0.01 secs] 
2020-10-29T10:27:05.766+0000: [GC (Allocation Failure) 2020-10-29T10:27:05.766+0000: [ParNew: 16388K->4K(18432K), 0.0027140 secs] 471401K->455017K(896640K), 0.0027577 secs] [Times: user=0.01 sys=0.00, real=0.00 secs] 
2020-10-29T10:27:05.784+0000: [GC (Allocation Failure) 2020-10-29T10:27:05.784+0000: [ParNew: 16388K->4K(18432K), 0.0028504 secs] 471401K->455017K(896640K), 0.0029050 secs] [Times: user=0.01 sys=0.00, real=0.00 secs] 
2020-10-29T10:27:05.801+0000: [GC (Allocation Failure) 2020-10-29T10:27:05.801+0000: [ParNew: 16388K->4K(18432K), 0.0029417 secs] 471401K->455017K(896640K), 0.0029915 secs] [Times: user=0.01 sys=0.00, real=0.01 secs] 
2020-10-29T10:27:05.822+0000: [GC (Allocation Failure) 2020-10-29T10:27:05.822+0000: [ParNew: 16388K->4K(18432K), 0.0028310 secs] 471401K->455017K(896640K), 0.0028740 secs] [Times: user=0.01 sys=0.00, real=0.00 secs] 
2020-10-29T10:27:05.840+0000: [GC (Allocation Failure) 2020-10-29T10:27:05.840+0000: [ParNew: 16388K->4K(18432K), 0.0028886 secs] 471401K->455017K(896640K), 0.0029345 secs] [Times: user=0.00 sys=0.00, real=0.01 secs] 
2020-10-29T10:27:05.857+0000: [GC (Allocation Failure) 2020-10-29T10:27:05.857+0000: [ParNew: 16388K->4K(18432K), 0.0029023 secs] 471401K->455017K(896640K), 0.0029500 secs] [Times: user=0.01 sys=0.00, real=0.00 secs] 
2020-10-29T10:27:05.878+0000: [GC (Allocation Failure) 2020-10-29T10:27:05.878+0000: [ParNew: 16388K->4K(18432K), 0.0029685 secs] 471401K->455017K(896640K), 0.0030238 secs] [Times: user=0.01 sys=0.00, real=0.00 secs] 
2020-10-29T10:27:05.898+0000: [GC (Allocation Failure) 2020-10-29T10:27:05.898+0000: [ParNew: 16388K->4K(18432K), 0.0028203 secs] 471401K->455017K(896640K), 0.0028651 secs] [Times: user=0.00 sys=0.00, real=0.00 secs] 
2020-10-29T10:27:05.916+0000: [GC (Allocation Failure) 2020-10-29T10:27:05.916+0000: [ParNew: 16388K->4K(18432K), 0.0028049 secs] 471401K->455017K(896640K), 0.0028466 secs] [Times: user=0.00 sys=0.00, real=0.00 secs] 
2020-10-29T10:27:05.934+0000: [GC (Allocation Failure) 2020-10-29T10:27:05.934+0000: [ParNew: 16388K->4K(18432K), 0.0026749 secs] 471401K->455017K(896640K), 0.0027234 secs] [Times: user=0.00 sys=0.00, real=0.00 secs] 
2020-10-29T10:27:05.952+0000: [GC (Allocation Failure) 2020-10-29T10:27:05.952+0000: [ParNew: 16388K->4K(18432K), 0.0028316 secs] 471401K->455017K(896640K), 0.0028782 secs] [Times: user=0.01 sys=0.00, real=0.00 secs] 
2020-10-29T10:27:05.970+0000: [GC (Allocation Failure) 2020-10-29T10:27:05.970+0000: [ParNew: 16388K->4K(18432K), 0.0028149 secs] 471401K->455017K(896640K), 0.0028615 secs] [Times: user=0.01 sys=0.00, real=0.00 secs] 
2020-10-29T10:27:05.988+0000: [GC (Allocation Failure) 2020-10-29T10:27:05.988+0000: [ParNew: 16388K->4K(18432K), 0.0027540 secs] 471401K->455017K(896640K), 0.0027972 secs] [Times: user=0.01 sys=0.00, real=0.01 secs] 
2020-10-29T10:27:06.005+0000: [GC (Allocation Failure) 2020-10-29T10:27:06.005+0000: [ParNew: 16388K->4K(18432K), 0.0028866 secs] 471401K->455017K(896640K), 0.0029344 secs] [Times: user=0.00 sys=0.00, real=0.00 secs] 
2020-10-29T10:27:06.026+0000: [GC (Allocation Failure) 2020-10-29T10:27:06.026+0000: [ParNew: 16388K->4K(18432K), 0.0028055 secs] 471401K->455017K(896640K), 0.0028489 secs] [Times: user=0.00 sys=0.00, real=0.00 secs] 
2020-10-29T10:27:06.044+0000: [GC (Allocation Failure) 2020-10-29T10:27:06.044+0000: [ParNew: 16388K->4K(18432K), 0.0031304 secs] 471401K->455017K(896640K), 0.0031737 secs] [Times: user=0.01 sys=0.00, real=0.00 secs] 
2020-10-29T10:27:06.062+0000: [GC (Allocation Failure) 2020-10-29T10:27:06.062+0000: [ParNew: 16388K->4K(18432K), 0.0029331 secs] 471401K->455017K(896640K), 0.0029846 secs] [Times: user=0.01 sys=0.00, real=0.00 secs] 
2020-10-29T10:27:06.082+0000: [GC (Allocation Failure) 2020-10-29T10:27:06.082+0000: [ParNew: 16388K->4K(18432K), 0.0029019 secs] 471401K->455017K(896640K), 0.0029515 secs] [Times: user=0.01 sys=0.00, real=0.00 secs] 
2020-10-29T10:27:06.100+0000: [GC (Allocation Failure) 2020-10-29T10:27:06.100+0000: [ParNew: 16388K->4K(18432K), 0.0030026 secs] 471401K->455017K(896640K), 0.0030560 secs] [Times: user=0.01 sys=0.00, real=0.01 secs] 
2020-10-29T10:27:06.118+0000: [GC (Allocation Failure) 2020-10-29T10:27:06.118+0000: [ParNew: 16388K->4K(18432K), 0.0028457 secs] 471401K->455017K(896640K), 0.0028941 secs] [Times: user=0.00 sys=0.00, real=0.00 secs] 
2020-10-29T10:27:06.135+0000: [GC (Allocation Failure) 2020-10-29T10:27:06.135+0000: [ParNew: 16388K->4K(18432K), 0.0029087 secs] 471401K->455017K(896640K), 0.0029560 secs] [Times: user=0.01 sys=0.00, real=0.00 secs] 
2020-10-29T10:27:06.153+0000: [GC (Allocation Failure) 2020-10-29T10:27:06.153+0000: [ParNew: 16388K->4K(18432K), 0.0027843 secs] 471401K->455017K(896640K), 0.0028306 secs] [Times: user=0.00 sys=0.00, real=0.00 secs] 
2020-10-29T10:27:06.173+0000: [GC (Allocation Failure) 2020-10-29T10:27:06.173+0000: [ParNew: 16388K->4K(18432K), 0.0026239 secs] 471401K->455017K(896640K), 0.0026675 secs] [Times: user=0.01 sys=0.00, real=0.00 secs] 
2020-10-29T10:27:06.191+0000: [GC (Allocation Failure) 2020-10-29T10:27:06.191+0000: [ParNew: 16388K->4K(18432K), 0.0030779 secs] 471401K->455017K(896640K), 0.0031479 secs] [Times: user=0.01 sys=0.00, real=0.00 secs] 
2020-10-29T10:27:06.208+0000: [GC (Allocation Failure) 2020-10-29T10:27:06.208+0000: [ParNew: 16388K->4K(18432K), 0.0031044 secs] 471401K->455017K(896640K), 0.0031598 secs] [Times: user=0.01 sys=0.00, real=0.01 secs] 
2020-10-29T10:27:06.226+0000: [GC (Allocation Failure) 2020-10-29T10:27:06.226+0000: [ParNew: 16388K->4K(18432K), 0.0029229 secs] 471401K->455017K(896640K), 0.0029797 secs] [Times: user=0.01 sys=0.01, real=0.00 secs] 
2020-10-29T10:27:06.245+0000: [GC (Allocation Failure) 2020-10-29T10:27:06.245+0000: [ParNew: 16388K->4K(18432K), 0.0028795 secs] 471401K->455017K(896640K), 0.0029237 secs] [Times: user=0.00 sys=0.00, real=0.00 secs] 
2020-10-29T10:27:06.262+0000: [GC (Allocation Failure) 2020-10-29T10:27:06.262+0000: [ParNew: 16388K->4K(18432K), 0.0028550 secs] 471401K->455017K(896640K), 0.0028995 secs] [Times: user=0.01 sys=0.00, real=0.01 secs] 
2020-10-29T10:27:06.282+0000: [GC (Allocation Failure) 2020-10-29T10:27:06.282+0000: [ParNew: 16388K->4K(18432K), 0.0030125 secs] 471401K->455017K(896640K), 0.0030670 secs] [Times: user=0.01 sys=0.00, real=0.00 secs] 
2020-10-29T10:27:06.302+0000: [GC (Allocation Failure) 2020-10-29T10:27:06.302+0000: [ParNew: 16388K->4K(18432K), 0.0027327 secs] 471401K->455017K(896640K), 0.0027801 secs] [Times: user=0.01 sys=0.00, real=0.00 secs] 
2020-10-29T10:27:06.320+0000: [GC (Allocation Failure) 2020-10-29T10:27:06.320+0000: [ParNew: 16388K->4K(18432K), 0.0029815 secs] 471401K->455017K(896640K), 0.0030338 secs] [Times: user=0.00 sys=0.00, real=0.01 secs] 
2020-10-29T10:27:06.338+0000: [GC (Allocation Failure) 2020-10-29T10:27:06.338+0000: [ParNew: 16388K->4K(18432K), 0.0029439 secs] 471401K->455017K(896640K), 0.0029953 secs] [Times: user=0.01 sys=0.00, real=0.00 secs] 
2020-10-29T10:27:06.358+0000: [GC (Allocation Failure) 2020-10-29T10:27:06.358+0000: [ParNew: 16388K->4K(18432K), 0.0028492 secs] 471401K->455017K(896640K), 0.0028954 secs] [Times: user=0.00 sys=0.00, real=0.00 secs] 
2020-10-29T10:27:06.376+0000: [GC (Allocation Failure) 2020-10-29T10:27:06.376+0000: [ParNew: 16388K->4K(18432K), 0.0028949 secs] 471401K->455017K(896640K), 0.0029402 secs] [Times: user=0.01 sys=0.00, real=0.00 secs] 
2020-10-29T10:27:06.393+0000: [GC (Allocation Failure) 2020-10-29T10:27:06.393+0000: [ParNew: 16388K->4K(18432K), 0.0027538 secs] 471401K->455017K(896640K), 0.0027969 secs] [Times: user=0.00 sys=0.00, real=0.00 secs] 
2020-10-29T10:27:06.411+0000: [GC (Allocation Failure) 2020-10-29T10:27:06.411+0000: [ParNew: 16388K->4K(18432K), 0.0028947 secs] 471401K->455017K(896640K), 0.0029452 secs] [Times: user=0.00 sys=0.00, real=0.00 secs] 
2020-10-29T10:27:06.428+0000: [GC (Allocation Failure) 2020-10-29T10:27:06.428+0000: [ParNew: 16388K->4K(18432K), 0.0029363 secs] 471401K->455017K(896640K), 0.0029844 secs] [Times: user=0.01 sys=0.00, real=0.01 secs] 
2020-10-29T10:27:06.446+0000: [GC (Allocation Failure) 2020-10-29T10:27:06.446+0000: [ParNew: 16388K->4K(18432K), 0.0028123 secs] 471401K->455017K(896640K), 0.0028590 secs] [Times: user=0.00 sys=0.00, real=0.00 secs] 
2020-10-29T10:27:06.466+0000: [GC (Allocation Failure) 2020-10-29T10:27:06.466+0000: [ParNew: 16388K->4K(18432K), 0.0028804 secs] 471401K->455017K(896640K), 0.0029285 secs] [Times: user=0.01 sys=0.00, real=0.00 secs] 
2020-10-29T10:27:06.486+0000: [GC (Allocation Failure) 2020-10-29T10:27:06.486+0000: [ParNew: 16388K->4K(18432K), 0.0028662 secs] 471401K->455017K(896640K), 0.0029157 secs] [Times: user=0.01 sys=0.00, real=0.00 secs] 
2020-10-29T10:27:06.506+0000: [GC (Allocation Failure) 2020-10-29T10:27:06.506+0000: [ParNew: 16388K->4K(18432K), 0.0028668 secs] 471401K->455017K(896640K), 0.0029156 secs] [Times: user=0.00 sys=0.00, real=0.00 secs] 
2020-10-29T10:27:06.524+0000: [GC (Allocation Failure) 2020-10-29T10:27:06.524+0000: [ParNew: 16388K->4K(18432K), 0.0029169 secs] 471401K->455017K(896640K), 0.0029704 secs] [Times: user=0.01 sys=0.00, real=0.00 secs] 
2020-10-29T10:27:06.542+0000: [GC (Allocation Failure) 2020-10-29T10:27:06.542+0000: [ParNew: 16388K->4K(18432K), 0.0028033 secs] 471401K->455017K(896640K), 0.0028506 secs] [Times: user=0.00 sys=0.00, real=0.00 secs] 
2020-10-29T10:27:06.562+0000: [GC (Allocation Failure) 2020-10-29T10:27:06.562+0000: [ParNew: 16388K->4K(18432K), 0.0028722 secs] 471401K->455017K(896640K), 0.0029224 secs] [Times: user=0.01 sys=0.00, real=0.00 secs] 
2020-10-29T10:27:06.582+0000: [GC (Allocation Failure) 2020-10-29T10:27:06.582+0000: [ParNew: 16388K->4K(18432K), 0.0027223 secs] 471401K->455017K(896640K), 0.0027689 secs] [Times: user=0.01 sys=0.00, real=0.00 secs] 
2020-10-29T10:27:06.600+0000: [GC (Allocation Failure) 2020-10-29T10:27:06.600+0000: [ParNew: 16388K->4K(18432K), 0.0028900 secs] 471401K->455017K(896640K), 0.0029399 secs] [Times: user=0.01 sys=0.00, real=0.01 secs] 
2020-10-29T10:27:06.618+0000: [GC (Allocation Failure) 2020-10-29T10:27:06.618+0000: [ParNew: 16388K->4K(18432K), 0.0028048 secs] 471401K->455017K(896640K), 0.0028511 secs] [Times: user=0.01 sys=0.00, real=0.00 secs] 
2020-10-29T10:27:06.636+0000: [GC (Allocation Failure) 2020-10-29T10:27:06.636+0000: [ParNew: 16388K->4K(18432K), 0.0028261 secs] 471401K->455017K(896640K), 0.0028793 secs] [Times: user=0.01 sys=0.00, real=0.00 secs] 
2020-10-29T10:27:06.653+0000: [GC (Allocation Failure) 2020-10-29T10:27:06.653+0000: [ParNew: 16388K->4K(18432K), 0.0029034 secs] 471401K->455017K(896640K), 0.0029533 secs] [Times: user=0.00 sys=0.00, real=0.00 secs] 
2020-10-29T10:27:06.674+0000: [GC (Allocation Failure) 2020-10-29T10:27:06.674+0000: [ParNew: 16388K->4K(18432K), 0.0028983 secs] 471401K->455017K(896640K), 0.0029480 secs] [Times: user=0.00 sys=0.00, real=0.00 secs] 
2020-10-29T10:27:06.692+0000: [GC (Allocation Failure) 2020-10-29T10:27:06.692+0000: [ParNew: 16388K->4K(18432K), 0.0029291 secs] 471401K->455017K(896640K), 0.0029797 secs] [Times: user=0.01 sys=0.00, real=0.00 secs] 
2020-10-29T10:27:06.714+0000: [GC (Allocation Failure) 2020-10-29T10:27:06.714+0000: [ParNew: 16388K->4K(18432K), 0.0029887 secs] 471401K->455017K(896640K), 0.0030418 secs] [Times: user=0.00 sys=0.00, real=0.00 secs] 
2020-10-29T10:27:06.732+0000: [GC (Allocation Failure) 2020-10-29T10:27:06.732+0000: [ParNew: 16388K->4K(18432K), 0.0028941 secs] 471401K->455017K(896640K), 0.0029398 secs] [Times: user=0.00 sys=0.00, real=0.00 secs] 
2020-10-29T10:27:06.750+0000: [GC (Allocation Failure) 2020-10-29T10:27:06.750+0000: [ParNew: 16388K->4K(18432K), 0.0028570 secs] 471401K->455017K(896640K), 0.0029021 secs] [Times: user=0.00 sys=0.00, real=0.01 secs] 
2020-10-29T10:27:06.770+0000: [GC (Allocation Failure) 2020-10-29T10:27:06.770+0000: [ParNew: 16388K->4K(18432K), 0.0027960 secs] 471401K->455018K(896640K), 0.0028424 secs] [Times: user=0.00 sys=0.00, real=0.00 secs] 
2020-10-29T10:27:06.790+0000: [GC (Allocation Failure) 2020-10-29T10:27:06.790+0000: [ParNew: 16388K->4K(18432K), 0.0027721 secs] 471402K->455018K(896640K), 0.0028160 secs] [Times: user=0.01 sys=0.00, real=0.00 secs] 
2020-10-29T10:27:06.810+0000: [GC (Allocation Failure) 2020-10-29T10:27:06.810+0000: [ParNew: 16388K->4K(18432K), 0.0033746 secs] 471402K->455018K(896640K), 0.0034236 secs] [Times: user=0.01 sys=0.00, real=0.00 secs] 
2020-10-29T10:27:06.828+0000: [GC (Allocation Failure) 2020-10-29T10:27:06.828+0000: [ParNew: 16388K->4K(18432K), 0.0029852 secs] 471402K->455018K(896640K), 0.0030326 secs] [Times: user=0.00 sys=0.00, real=0.01 secs] 
2020-10-29T10:27:06.846+0000: [GC (Allocation Failure) 2020-10-29T10:27:06.846+0000: [ParNew: 16388K->4K(18432K), 0.0027917 secs] 471402K->455018K(896640K), 0.0028366 secs] [Times: user=0.01 sys=0.00, real=0.00 secs] 
2020-10-29T10:27:06.866+0000: [GC (Allocation Failure) 2020-10-29T10:27:06.866+0000: [ParNew: 16388K->4K(18432K), 0.0027653 secs] 471402K->455018K(896640K), 0.0028098 secs] [Times: user=0.00 sys=0.00, real=0.00 secs] 
2020-10-29T10:27:06.884+0000: [GC (Allocation Failure) 2020-10-29T10:27:06.884+0000: [ParNew: 16388K->4K(18432K), 0.0028658 secs] 471402K->455018K(896640K), 0.0029113 secs] [Times: user=0.01 sys=0.00, real=0.00 secs] 
2020-10-29T10:27:06.901+0000: [GC (Allocation Failure) 2020-10-29T10:27:06.901+0000: [ParNew: 16388K->4K(18432K), 0.0027780 secs] 471402K->455018K(896640K), 0.0028246 secs] [Times: user=0.01 sys=0.00, real=0.01 secs] 
2020-10-29T10:27:06.922+0000: [GC (Allocation Failure) 2020-10-29T10:27:06.922+0000: [ParNew: 16388K->4K(18432K), 0.0028159 secs] 471402K->455018K(896640K), 0.0028627 secs] [Times: user=0.01 sys=0.00, real=0.00 secs] 
2020-10-29T10:27:06.944+0000: [GC (Allocation Failure) 2020-10-29T10:27:06.944+0000: [ParNew: 16388K->4K(18432K), 0.0029298 secs] 471402K->455018K(896640K), 0.0030485 secs] [Times: user=0.00 sys=0.00, real=0.00 secs] 
2020-10-29T10:27:06.965+0000: [GC (Allocation Failure) 2020-10-29T10:27:06.965+0000: [ParNew: 16388K->4K(18432K), 0.0028605 secs] 471402K->455018K(896640K), 0.0029073 secs] [Times: user=0.00 sys=0.00, real=0.00 secs] 
2020-10-29T10:27:06.986+0000: [GC (Allocation Failure) 2020-10-29T10:27:06.986+0000: [ParNew: 16388K->4K(18432K), 0.0029017 secs] 471402K->455018K(896640K), 0.0029514 secs] [Times: user=0.01 sys=0.00, real=0.00 secs] 
2020-10-29T10:27:07.006+0000: [GC (Allocation Failure) 2020-10-29T10:27:07.006+0000: [ParNew: 16388K->4K(18432K), 0.0029085 secs] 471402K->455018K(896640K), 0.0029581 secs] [Times: user=0.01 sys=0.00, real=0.00 secs] 
2020-10-29T10:27:07.026+0000: [GC (Allocation Failure) 2020-10-29T10:27:07.026+0000: [ParNew: 16388K->4K(18432K), 0.0029076 secs] 471402K->455018K(896640K), 0.0029580 secs] [Times: user=0.01 sys=0.00, real=0.00 secs] 
2020-10-29T10:27:07.046+0000: [GC (Allocation Failure) 2020-10-29T10:27:07.046+0000: [ParNew: 16388K->4K(18432K), 0.0031871 secs] 471402K->455018K(896640K), 0.0032723 secs] [Times: user=0.01 sys=0.01, real=0.00 secs] 
2020-10-29T10:27:07.064+0000: [GC (Allocation Failure) 2020-10-29T10:27:07.064+0000: [ParNew: 16388K->4K(18432K), 0.0030590 secs] 471402K->455018K(896640K), 0.0031154 secs] [Times: user=0.01 sys=0.00, real=0.00 secs] 
2020-10-29T10:27:07.086+0000: [GC (Allocation Failure) 2020-10-29T10:27:07.086+0000: [ParNew: 16388K->4K(18432K), 0.0030122 secs] 471402K->455018K(896640K), 0.0030683 secs] [Times: user=0.01 sys=0.00, real=0.00 secs] 
2020-10-29T10:27:07.104+0000: [GC (Allocation Failure) 2020-10-29T10:27:07.104+0000: [ParNew: 16388K->4K(18432K), 0.0036908 secs] 471402K->455018K(896640K), 0.0037478 secs] [Times: user=0.00 sys=0.00, real=0.00 secs] 
2020-10-29T10:27:07.122+0000: [GC (Allocation Failure) 2020-10-29T10:27:07.122+0000: [ParNew: 16388K->4K(18432K), 0.0030230 secs] 471402K->455018K(896640K), 0.0030802 secs] [Times: user=0.01 sys=0.00, real=0.00 secs] 
2020-10-29T10:27:07.140+0000: [GC (Allocation Failure) 2020-10-29T10:27:07.140+0000: [ParNew: 16388K->4K(18432K), 0.0030464 secs] 471402K->455018K(896640K), 0.0031044 secs] [Times: user=0.00 sys=0.00, real=0.01 secs] 
2020-10-29T10:27:07.162+0000: [GC (Allocation Failure) 2020-10-29T10:27:07.162+0000: [ParNew: 16388K->4K(18432K), 0.0030030 secs] 471402K->455018K(896640K), 0.0030557 secs] [Times: user=0.00 sys=0.00, real=0.01 secs] 
2020-10-29T10:27:07.179+0000: [GC (Allocation Failure) 2020-10-29T10:27:07.180+0000: [ParNew: 16388K->4K(18432K), 0.0030855 secs] 471402K->455018K(896640K), 0.0031316 secs] [Times: user=0.01 sys=0.00, real=0.01 secs] 
2020-10-29T10:27:07.198+0000: [GC (Allocation Failure) 2020-10-29T10:27:07.198+0000: [ParNew: 16388K->4K(18432K), 0.0030648 secs] 471402K->455018K(896640K), 0.0031271 secs] [Times: user=0.01 sys=0.00, real=0.00 secs] 
2020-10-29T10:27:07.215+0000: [GC (Allocation Failure) 2020-10-29T10:27:07.215+0000: [ParNew: 16388K->4K(18432K), 0.0030810 secs] 471402K->455018K(896640K), 0.0031376 secs] [Times: user=0.00 sys=0.00, real=0.00 secs] 
2020-10-29T10:27:07.233+0000: [GC (Allocation Failure) 2020-10-29T10:27:07.233+0000: [ParNew: 16388K->4K(18432K), 0.0030090 secs] 471402K->455018K(896640K), 0.0030654 secs] [Times: user=0.01 sys=0.00, real=0.00 secs] 
2020-10-29T10:27:07.254+0000: [GC (Allocation Failure) 2020-10-29T10:27:07.254+0000: [ParNew: 16388K->4K(18432K), 0.0029014 secs] 471402K->455018K(896640K), 0.0029543 secs] [Times: user=0.01 sys=0.00, real=0.00 secs] 
2020-10-29T10:27:07.272+0000: [GC (Allocation Failure) 2020-10-29T10:27:07.272+0000: [ParNew: 16388K->4K(18432K), 0.0029262 secs] 471402K->455018K(896640K), 0.0029757 secs] [Times: user=0.00 sys=0.00, real=0.00 secs] 
2020-10-29T10:27:07.290+0000: [GC (Allocation Failure) 2020-10-29T10:27:07.290+0000: [ParNew: 16388K->4K(18432K), 0.0029342 secs] 471402K->455018K(896640K), 0.0029872 secs] [Times: user=0.00 sys=0.00, real=0.00 secs] 
2020-10-29T10:27:07.308+0000: [GC (Allocation Failure) 2020-10-29T10:27:07.308+0000: [ParNew: 16388K->4K(18432K), 0.0029320 secs] 471402K->455018K(896640K), 0.0029965 secs] [Times: user=0.01 sys=0.00, real=0.01 secs] 
2020-10-29T10:27:07.330+0000: [GC (Allocation Failure) 2020-10-29T10:27:07.330+0000: [ParNew: 16372K->4K(18432K), 0.0031100 secs] 471386K->455018K(896640K), 0.0031620 secs] [Times: user=0.00 sys=0.00, real=0.01 secs] 
2020-10-29T10:27:07.348+0000: [GC (Allocation Failure) 2020-10-29T10:27:07.348+0000: [ParNew: 16388K->4K(18432K), 0.0029749 secs] 471402K->455018K(896640K), 0.0030282 secs] [Times: user=0.01 sys=0.00, real=0.01 secs] 
2020-10-29T10:27:07.366+0000: [GC (Allocation Failure) 2020-10-29T10:27:07.366+0000: [ParNew: 16388K->4K(18432K), 0.0029844 secs] 471402K->455018K(896640K), 0.0030384 secs] [Times: user=0.00 sys=0.00, real=0.00 secs] 
2020-10-29T10:27:07.384+0000: [GC (Allocation Failure) 2020-10-29T10:27:07.384+0000: [ParNew: 16388K->4K(18432K), 0.0029100 secs] 471402K->455018K(896640K), 0.0029587 secs] [Times: user=0.01 sys=0.00, real=0.00 secs] 
2020-10-29T10:27:07.402+0000: [GC (Allocation Failure) 2020-10-29T10:27:07.402+0000: [ParNew: 16388K->4K(18432K), 0.0029153 secs] 471402K->455018K(896640K), 0.0029661 secs] [Times: user=0.01 sys=0.00, real=0.00 secs] 
2020-10-29T10:27:07.420+0000: [GC (Allocation Failure) 2020-10-29T10:27:07.420+0000: [ParNew: 16388K->4K(18432K), 0.0029636 secs] 471402K->455018K(896640K), 0.0030194 secs] [Times: user=0.00 sys=0.00, real=0.01 secs] 
2020-10-29T10:27:07.438+0000: [GC (Allocation Failure) 2020-10-29T10:27:07.438+0000: [ParNew: 16388K->4K(18432K), 0.0030223 secs] 471402K->455018K(896640K), 0.0030979 secs] [Times: user=0.01 sys=0.00, real=0.00 secs] 
2020-10-29T10:27:07.455+0000: [GC (Allocation Failure) 2020-10-29T10:27:07.455+0000: [ParNew: 16388K->4K(18432K), 0.0030470 secs] 471402K->455018K(896640K), 0.0031022 secs] [Times: user=0.00 sys=0.00, real=0.00 secs] 
2020-10-29T10:27:07.474+0000: [GC (Allocation Failure) 2020-10-29T10:27:07.474+0000: [ParNew: 16388K->4K(18432K), 0.0029990 secs] 471402K->455018K(896640K), 0.0030562 secs] [Times: user=0.01 sys=0.00, real=0.00 secs] 
2020-10-29T10:27:07.494+0000: [GC (Allocation Failure) 2020-10-29T10:27:07.494+0000: [ParNew: 16388K->4K(18432K), 0.0029853 secs] 471402K->455018K(896640K), 0.0030383 secs] [Times: user=0.00 sys=0.00, real=0.00 secs] 
2020-10-29T10:27:07.514+0000: [GC (Allocation Failure) 2020-10-29T10:27:07.514+0000: [ParNew: 16388K->4K(18432K), 0.0029479 secs] 471402K->455018K(896640K), 0.0030003 secs] [Times: user=0.01 sys=0.00, real=0.00 secs] 
2020-10-29T10:27:07.532+0000: [GC (Allocation Failure) 2020-10-29T10:27:07.532+0000: [ParNew: 16388K->4K(18432K), 0.0030242 secs] 471402K->455018K(896640K), 0.0030830 secs] [Times: user=0.00 sys=0.00, real=0.00 secs] 
2020-10-29T10:27:07.550+0000: [GC (Allocation Failure) 2020-10-29T10:27:07.550+0000: [ParNew: 16388K->4K(18432K), 0.0030873 secs] 471402K->455018K(896640K), 0.0031416 secs] [Times: user=0.01 sys=0.00, real=0.01 secs] 
2020-10-29T10:27:07.570+0000: [GC (Allocation Failure) 2020-10-29T10:27:07.570+0000: [ParNew: 16388K->4K(18432K), 0.0030118 secs] 471402K->455018K(896640K), 0.0030674 secs] [Times: user=0.00 sys=0.00, real=0.00 secs] 
2020-10-29T10:27:07.590+0000: [GC (Allocation Failure) 2020-10-29T10:27:07.590+0000: [ParNew: 16388K->4K(18432K), 0.0030396 secs] 471402K->455018K(896640K), 0.0030954 secs] [Times: user=0.01 sys=0.00, real=0.01 secs] 
2020-10-29T10:27:07.608+0000: [GC (Allocation Failure) 2020-10-29T10:27:07.608+0000: [ParNew: 16388K->4K(18432K), 0.0029821 secs] 471402K->455018K(896640K), 0.0030362 secs] [Times: user=0.00 sys=0.00, real=0.01 secs] 
2020-10-29T10:27:07.625+0000: [GC (Allocation Failure) 2020-10-29T10:27:07.625+0000: [ParNew: 16388K->4K(18432K), 0.0029514 secs] 471402K->455018K(896640K), 0.0029998 secs] [Times: user=0.01 sys=0.00, real=0.00 secs] 
2020-10-29T10:27:07.646+0000: [GC (Allocation Failure) 2020-10-29T10:27:07.646+0000: [ParNew: 16388K->4K(18432K), 0.0030195 secs] 471402K->455018K(896640K), 0.0030775 secs] [Times: user=0.01 sys=0.00, real=0.00 secs] 
2020-10-29T10:27:07.666+0000: [GC (Allocation Failure) 2020-10-29T10:27:07.666+0000: [ParNew: 16388K->4K(18432K), 0.0030070 secs] 471402K->455018K(896640K), 0.0030615 secs] [Times: user=0.01 sys=0.00, real=0.00 secs] 
2020-10-29T10:27:07.686+0000: [GC (Allocation Failure) 2020-10-29T10:27:07.686+0000: [ParNew: 16388K->4K(18432K), 0.0029878 secs] 471402K->455018K(896640K), 0.0030416 secs] [Times: user=0.01 sys=0.00, real=0.00 secs] 
2020-10-29T10:27:07.706+0000: [GC (Allocation Failure) 2020-10-29T10:27:07.706+0000: [ParNew: 16388K->4K(18432K), 0.0028231 secs] 471402K->455018K(896640K), 0.0028753 secs] [Times: user=0.00 sys=0.00, real=0.00 secs] 
2020-10-29T10:27:07.724+0000: [GC (Allocation Failure) 2020-10-29T10:27:07.724+0000: [ParNew: 16388K->4K(18432K), 0.0027845 secs] 471402K->455018K(896640K), 0.0028282 secs] [Times: user=0.01 sys=0.00, real=0.00 secs] 
2020-10-29T10:27:07.742+0000: [GC (Allocation Failure) 2020-10-29T10:27:07.742+0000: [ParNew: 16388K->4K(18432K), 0.0027870 secs] 471402K->455018K(896640K), 0.0028320 secs] [Times: user=0.01 sys=0.00, real=0.00 secs] 
2020-10-29T10:27:07.760+0000: [GC (Allocation Failure) 2020-10-29T10:27:07.760+0000: [ParNew: 16388K->4K(18432K), 0.0030075 secs] 471402K->455018K(896640K), 0.0030617 secs] [Times: user=0.00 sys=0.00, real=0.01 secs] 
2020-10-29T10:27:07.777+0000: [GC (Allocation Failure) 2020-10-29T10:27:07.777+0000: [ParNew: 16388K->4K(18432K), 0.0029820 secs] 471402K->455018K(896640K), 0.0030365 secs] [Times: user=0.01 sys=0.00, real=0.00 secs] 
2020-10-29T10:27:07.795+0000: [GC (Allocation Failure) 2020-10-29T10:27:07.795+0000: [ParNew: 16388K->4K(18432K), 0.0029093 secs] 471402K->455018K(896640K), 0.0029579 secs] [Times: user=0.00 sys=0.00, real=0.00 secs] 
2020-10-29T10:27:07.813+0000: [GC (Allocation Failure) 2020-10-29T10:27:07.813+0000: [ParNew: 16388K->4K(18432K), 0.0028248 secs] 471402K->455018K(896640K), 0.0028693 secs] [Times: user=0.01 sys=0.00, real=0.00 secs] 
2020-10-29T10:27:07.830+0000: [GC (Allocation Failure) 2020-10-29T10:27:07.830+0000: [ParNew: 16388K->4K(18432K), 0.0028674 secs] 471402K->455018K(896640K), 0.0029165 secs] [Times: user=0.01 sys=0.00, real=0.01 secs] 
2020-10-29T10:27:07.850+0000: [GC (Allocation Failure) 2020-10-29T10:27:07.850+0000: [ParNew: 16388K->4K(18432K), 0.0030024 secs] 471402K->455018K(896640K), 0.0030592 secs] [Times: user=0.01 sys=0.00, real=0.00 secs] 
2020-10-29T10:27:07.868+0000: [GC (Allocation Failure) 2020-10-29T10:27:07.868+0000: [ParNew: 16388K->4K(18432K), 0.0030590 secs] 471402K->455018K(896640K), 0.0031158 secs] [Times: user=0.00 sys=0.00, real=0.01 secs] 
2020-10-29T10:27:07.886+0000: [GC (Allocation Failure) 2020-10-29T10:27:07.886+0000: [ParNew: 16388K->4K(18432K), 0.0029080 secs] 471402K->455018K(896640K), 0.0029594 secs] [Times: user=0.01 sys=0.00, real=0.00 secs] 
2020-10-29T10:27:07.906+0000: [GC (Allocation Failure) 2020-10-29T10:27:07.906+0000: [ParNew: 16388K->4K(18432K), 0.0027939 secs] 471402K->455018K(896640K), 0.0028386 secs] [Times: user=0.01 sys=0.00, real=0.00 secs] 
2020-10-29T10:27:07.924+0000: [GC (Allocation Failure) 2020-10-29T10:27:07.924+0000: [ParNew: 16388K->4K(18432K), 0.0028669 secs] 471402K->455018K(896640K), 0.0029138 secs] [Times: user=0.00 sys=0.00, real=0.00 secs] 
2020-10-29T10:27:07.942+0000: [GC (Allocation Failure) 2020-10-29T10:27:07.942+0000: [ParNew: 16388K->4K(18432K), 0.0029623 secs] 471402K->455018K(896640K), 0.0030148 secs] [Times: user=0.01 sys=0.00, real=0.00 secs] 
2020-10-29T10:27:07.962+0000: [GC (Allocation Failure) 2020-10-29T10:27:07.962+0000: [ParNew: 16388K->4K(18432K), 0.0029729 secs] 471402K->455018K(896640K), 0.0030275 secs] [Times: user=0.00 sys=0.00, real=0.00 secs] 
2020-10-29T10:27:07.980+0000: [GC (Allocation Failure) 2020-10-29T10:27:07.980+0000: [ParNew: 16388K->4K(18432K), 0.0028001 secs] 471402K->455018K(896640K), 0.0028409 secs] [Times: user=0.01 sys=0.00, real=0.01 secs] 
2020-10-29T10:27:07.998+0000: [GC (Allocation Failure) 2020-10-29T10:27:07.998+0000: [ParNew: 16388K->4K(18432K), 0.0028937 secs] 471402K->455018K(896640K), 0.0029449 secs] [Times: user=0.00 sys=0.00, real=0.00 secs] 
2020-10-29T10:27:08.018+0000: [GC (Allocation Failure) 2020-10-29T10:27:08.018+0000: [ParNew: 16388K->6K(18432K), 0.0028751 secs] 471402K->455020K(896640K), 0.0029267 secs] [Times: user=0.00 sys=0.00, real=0.00 secs] 
2020-10-29T10:27:08.038+0000: [GC (Allocation Failure) 2020-10-29T10:27:08.038+0000: [ParNew: 16390K->4K(18432K), 0.0029286 secs] 471404K->455018K(896640K), 0.0029796 secs] [Times: user=0.01 sys=0.00, real=0.00 secs] 
2020-10-29T10:27:08.057+0000: [GC (Allocation Failure) 2020-10-29T10:27:08.057+0000: [ParNew: 16388K->4K(18432K), 0.0028850 secs] 471402K->455018K(896640K), 0.0029487 secs] [Times: user=0.00 sys=0.00, real=0.00 secs] 
2020-10-29T10:27:08.074+0000: [GC (Allocation Failure) 2020-10-29T10:27:08.074+0000: [ParNew: 16388K->4K(18432K), 0.0029482 secs] 471402K->455018K(896640K), 0.0029966 secs] [Times: user=0.01 sys=0.00, real=0.00 secs] 
2020-10-29T10:27:08.091+0000: [GC (Allocation Failure) 2020-10-29T10:27:08.092+0000: [ParNew: 16388K->4K(18432K), 0.0029646 secs] 471402K->455018K(896640K), 0.0030146 secs] [Times: user=0.00 sys=0.00, real=0.00 secs] 
2020-10-29T10:27:08.109+0000: [GC (Allocation Failure) 2020-10-29T10:27:08.109+0000: [ParNew: 16388K->4K(18432K), 0.0030305 secs] 471402K->455018K(896640K), 0.0030853 secs] [Times: user=0.01 sys=0.00, real=0.01 secs] 
2020-10-29T10:27:08.127+0000: [GC (Allocation Failure) 2020-10-29T10:27:08.127+0000: [ParNew: 16388K->4K(18432K), 0.0029901 secs] 471402K->455019K(896640K), 0.0030603 secs] [Times: user=0.01 sys=0.00, real=0.00 secs] 
2020-10-29T10:27:08.145+0000: [GC (Allocation Failure) 2020-10-29T10:27:08.145+0000: [ParNew: 16388K->4K(18432K), 0.0030675 secs] 471403K->455019K(896640K), 0.0031216 secs] [Times: user=0.01 sys=0.00, real=0.00 secs] 
2020-10-29T10:27:08.166+0000: [GC (Allocation Failure) 2020-10-29T10:27:08.166+0000: [ParNew: 16388K->4K(18432K), 0.0029720 secs] 471403K->455019K(896640K), 0.0030259 secs] [Times: user=0.00 sys=0.00, real=0.00 secs] 
2020-10-29T10:27:08.184+0000: [GC (Allocation Failure) 2020-10-29T10:27:08.184+0000: [ParNew: 16388K->4K(18432K), 0.0030268 secs] 471403K->455019K(896640K), 0.0030763 secs] [Times: user=0.01 sys=0.00, real=0.00 secs] 
2020-10-29T10:27:08.202+0000: [GC (Allocation Failure) 2020-10-29T10:27:08.202+0000: [ParNew: 16388K->4K(18432K), 0.0029785 secs] 471403K->455019K(896640K), 0.0030312 secs] [Times: user=0.00 sys=0.00, real=0.01 secs] 
2020-10-29T10:27:08.219+0000: [GC (Allocation Failure) 2020-10-29T10:27:08.219+0000: [ParNew: 16388K->4K(18432K), 0.0030294 secs] 471403K->455019K(896640K), 0.0030839 secs] [Times: user=0.01 sys=0.00, real=0.01 secs] 
2020-10-29T10:27:08.237+0000: [GC (Allocation Failure) 2020-10-29T10:27:08.237+0000: [ParNew: 16388K->4K(18432K), 0.0029774 secs] 471403K->455019K(896640K), 0.0030316 secs] [Times: user=0.00 sys=0.00, real=0.00 secs] 
2020-10-29T10:27:08.255+0000: [GC (Allocation Failure) 2020-10-29T10:27:08.255+0000: [ParNew: 16388K->4K(18432K), 0.0029578 secs] 471403K->455019K(896640K), 0.0030095 secs] [Times: user=0.01 sys=0.00, real=0.00 secs] 
2020-10-29T10:27:08.272+0000: [GC (Allocation Failure) 2020-10-29T10:27:08.272+0000: [ParNew: 16388K->4K(18432K), 0.0030158 secs] 471403K->455019K(896640K), 0.0030703 secs] [Times: user=0.00 sys=0.00, real=0.00 secs] 
2020-10-29T10:27:08.290+0000: [GC (Allocation Failure) 2020-10-29T10:27:08.290+0000: [ParNew: 16388K->4K(18432K), 0.0030202 secs] 471403K->455019K(896640K), 0.0030762 secs] [Times: user=0.01 sys=0.00, real=0.01 secs] 
2020-10-29T10:27:08.308+0000: [GC (Allocation Failure) 2020-10-29T10:27:08.308+0000: [ParNew: 16388K->4K(18432K), 0.0030351 secs] 471403K->455019K(896640K), 0.0030930 secs] [Times: user=0.00 sys=0.00, real=0.01 secs] 
2020-10-29T10:27:08.326+0000: [GC (Allocation Failure) 2020-10-29T10:27:08.326+0000: [ParNew: 16388K->4K(18432K), 0.0030311 secs] 471403K->455019K(896640K), 0.0030935 secs] [Times: user=0.01 sys=0.00, real=0.00 secs] 
2020-10-29T10:27:08.348+0000: [GC (Allocation Failure) 2020-10-29T10:27:08.348+0000: [ParNew: 16388K->4K(18432K), 0.0031103 secs] 471403K->455019K(896640K), 0.0031692 secs] [Times: user=0.01 sys=0.00, real=0.01 secs] 
2020-10-29T10:27:08.366+0000: [GC (Allocation Failure) 2020-10-29T10:27:08.366+0000: [ParNew: 16388K->4K(18432K), 0.0030400 secs] 471403K->455019K(896640K), 0.0030979 secs] [Times: user=0.00 sys=0.00, real=0.00 secs] 
2020-10-29T10:27:08.384+0000: [GC (Allocation Failure) 2020-10-29T10:27:08.384+0000: [ParNew: 16388K->4K(18432K), 0.0032323 secs] 471403K->455019K(896640K), 0.0032909 secs] [Times: user=0.01 sys=0.00, real=0.00 secs] 
2020-10-29T10:27:08.402+0000: [GC (Allocation Failure) 2020-10-29T10:27:08.402+0000: [ParNew: 16388K->4K(18432K), 0.0030870 secs] 471403K->455019K(896640K), 0.0031535 secs] [Times: user=0.00 sys=0.00, real=0.00 secs] 
2020-10-29T10:27:08.420+0000: [GC (Allocation Failure) 2020-10-29T10:27:08.420+0000: [ParNew: 16388K->4K(18432K), 0.0030725 secs] 471403K->455019K(896640K), 0.0031288 secs] [Times: user=0.00 sys=0.00, real=0.01 secs] 
2020-10-29T10:27:08.442+0000: [GC (Allocation Failure) 2020-10-29T10:27:08.442+0000: [ParNew: 16388K->4K(18432K), 0.0030119 secs] 471403K->455019K(896640K), 0.0030659 secs] [Times: user=0.01 sys=0.00, real=0.01 secs] 
2020-10-29T10:27:08.460+0000: [GC (Allocation Failure) 2020-10-29T10:27:08.460+0000: [ParNew: 16388K->4K(18432K), 0.0029220 secs] 471403K->455019K(896640K), 0.0029844 secs] [Times: user=0.00 sys=0.00, real=0.01 secs] 
2020-10-29T10:27:08.480+0000: [GC (Allocation Failure) 2020-10-29T10:27:08.480+0000: [ParNew: 16388K->4K(18432K), 0.0035768 secs] 471403K->455019K(896640K), 0.0036255 secs] [Times: user=0.01 sys=0.00, real=0.01 secs] 
2020-10-29T10:27:08.499+0000: [GC (Allocation Failure) 2020-10-29T10:27:08.499+0000: [ParNew: 16388K->4K(18432K), 0.0026332 secs] 471403K->455019K(896640K), 0.0026784 secs] [Times: user=0.00 sys=0.00, real=0.00 secs] 
2020-10-29T10:27:08.516+0000: [GC (Allocation Failure) 2020-10-29T10:27:08.516+0000: [ParNew: 16388K->4K(18432K), 0.0026633 secs] 471403K->455019K(896640K), 0.0027088 secs] [Times: user=0.00 sys=0.00, real=0.00 secs] 
2020-10-29T10:27:08.533+0000: [GC (Allocation Failure) 2020-10-29T10:27:08.533+0000: [ParNew: 16388K->4K(18432K), 0.0026108 secs] 471403K->455019K(896640K), 0.0026526 secs] [Times: user=0.01 sys=0.00, real=0.00 secs] 
2020-10-29T10:27:08.550+0000: [GC (Allocation Failure) 2020-10-29T10:27:08.550+0000: [ParNew: 16388K->4K(18432K), 0.0025432 secs] 471403K->455019K(896640K), 0.0025850 secs] [Times: user=0.01 sys=0.00, real=0.00 secs] 
2020-10-29T10:27:08.567+0000: [GC (Allocation Failure) 2020-10-29T10:27:08.567+0000: [ParNew: 16388K->4K(18432K), 0.0026280 secs] 471403K->455019K(896640K), 0.0026682 secs] [Times: user=0.01 sys=0.00, real=0.00 secs] 
2020-10-29T10:27:08.586+0000: [GC (Allocation Failure) 2020-10-29T10:27:08.586+0000: [ParNew: 16388K->4K(18432K), 0.0026457 secs] 471403K->455019K(896640K), 0.0026912 secs] [Times: user=0.00 sys=0.00, real=0.00 secs] 
2020-10-29T10:27:08.604+0000: [GC (Allocation Failure) 2020-10-29T10:27:08.604+0000: [ParNew: 16388K->4K(18432K), 0.0026113 secs] 471403K->455019K(896640K), 0.0026535 secs] [Times: user=0.01 sys=0.00, real=0.00 secs] 
2020-10-29T10:27:08.622+0000: [GC (Allocation Failure) 2020-10-29T10:27:08.622+0000: [ParNew: 16388K->4K(18432K), 0.0027092 secs] 471403K->455019K(896640K), 0.0027535 secs] [Times: user=0.00 sys=0.00, real=0.00 secs] 
2020-10-29T10:27:08.642+0000: [GC (Allocation Failure) 2020-10-29T10:27:08.642+0000: [ParNew: 16388K->4K(18432K), 0.0026850 secs] 471403K->455019K(896640K), 0.0027261 secs] [Times: user=0.00 sys=0.00, real=0.00 secs] 
2020-10-29T10:27:08.662+0000: [GC (Allocation Failure) 2020-10-29T10:27:08.662+0000: [ParNew: 16388K->4K(18432K), 0.0028182 secs] 471403K->455019K(896640K), 0.0028660 secs] [Times: user=0.01 sys=0.00, real=0.00 secs] 
2020-10-29T10:27:08.682+0000: [GC (Allocation Failure) 2020-10-29T10:27:08.682+0000: [ParNew: 16388K->4K(18432K), 0.0027816 secs] 471403K->455019K(896640K), 0.0028272 secs] [Times: user=0.00 sys=0.00, real=0.00 secs] 
2020-10-29T10:27:08.702+0000: [GC (Allocation Failure) 2020-10-29T10:27:08.702+0000: [ParNew: 16388K->4K(18432K), 0.0028124 secs] 471403K->455019K(896640K), 0.0028600 secs] [Times: user=0.01 sys=0.00, real=0.00 secs] 
2020-10-29T10:27:08.720+0000: [GC (Allocation Failure) 2020-10-29T10:27:08.720+0000: [ParNew: 16388K->4K(18432K), 0.0027975 secs] 471403K->455019K(896640K), 0.0028428 secs] [Times: user=0.00 sys=0.00, real=0.01 secs] 
2020-10-29T10:27:08.738+0000: [GC (Allocation Failure) 2020-10-29T10:27:08.738+0000: [ParNew: 16388K->4K(18432K), 0.0027856 secs] 471403K->455019K(896640K), 0.0028270 secs] [Times: user=0.01 sys=0.00, real=0.00 secs] 
2020-10-29T10:27:08.758+0000: [GC (Allocation Failure) 2020-10-29T10:27:08.758+0000: [ParNew: 16388K->4K(18432K), 0.0030125 secs] 471403K->455019K(896640K), 0.0030687 secs] [Times: user=0.01 sys=0.00, real=0.00 secs] 
2020-10-29T10:27:08.776+0000: [GC (Allocation Failure) 2020-10-29T10:27:08.776+0000: [ParNew: 16388K->4K(18432K), 0.0029495 secs] 471403K->455019K(896640K), 0.0030097 secs] [Times: user=0.01 sys=0.00, real=0.00 secs] 
2020-10-29T10:27:08.794+0000: [GC (Allocation Failure) 2020-10-29T10:27:08.794+0000: [ParNew: 16388K->4K(18432K), 0.0029464 secs] 471403K->455019K(896640K), 0.0029997 secs] [Times: user=0.01 sys=0.00, real=0.00 secs] 
2020-10-29T10:27:08.815+0000: [GC (Allocation Failure) 2020-10-29T10:27:08.815+0000: [ParNew: 16388K->4K(18432K), 0.0029550 secs] 471403K->455019K(896640K), 0.0030019 secs] [Times: user=0.00 sys=0.00, real=0.00 secs] 
2020-10-29T10:27:08.834+0000: [GC (Allocation Failure) 2020-10-29T10:27:08.834+0000: [ParNew: 16388K->4K(18432K), 0.0029016 secs] 471403K->455019K(896640K), 0.0029534 secs] [Times: user=0.01 sys=0.00, real=0.00 secs] 
2020-10-29T10:27:08.852+0000: [GC (Allocation Failure) 2020-10-29T10:27:08.852+0000: [ParNew: 16388K->4K(18432K), 0.0027216 secs] 471403K->455019K(896640K), 0.0027665 secs] [Times: user=0.00 sys=0.00, real=0.00 secs] 
2020-10-29T10:27:08.869+0000: [GC (Allocation Failure) 2020-10-29T10:27:08.869+0000: [ParNew: 16388K->4K(18432K), 0.0030678 secs] 471403K->455019K(896640K), 0.0031240 secs] [Times: user=0.01 sys=0.00, real=0.01 secs] 
2020-10-29T10:27:08.890+0000: [GC (Allocation Failure) 2020-10-29T10:27:08.890+0000: [ParNew: 16388K->4K(18432K), 0.0030664 secs] 471403K->455019K(896640K), 0.0031248 secs] [Times: user=0.00 sys=0.00, real=0.00 secs] 
2020-10-29T10:27:08.910+0000: [GC (Allocation Failure) 2020-10-29T10:27:08.910+0000: [ParNew: 16388K->4K(18432K), 0.0029471 secs] 471403K->455019K(896640K), 0.0029985 secs] [Times: user=0.01 sys=0.00, real=0.00 secs] 
2020-10-29T10:27:08.928+0000: [GC (Allocation Failure) 2020-10-29T10:27:08.928+0000: [ParNew: 16388K->4K(18432K), 0.0029433 secs] 471403K->455019K(896640K), 0.0030167 secs] [Times: user=0.00 sys=0.00, real=0.01 secs] 
2020-10-29T10:27:08.946+0000: [GC (Allocation Failure) 2020-10-29T10:27:08.946+0000: [ParNew: 16388K->4K(18432K), 0.0029341 secs] 471403K->455019K(896640K), 0.0029844 secs] [Times: user=0.01 sys=0.00, real=0.00 secs] 
2020-10-29T10:27:08.964+0000: [GC (Allocation Failure) 2020-10-29T10:27:08.964+0000: [ParNew: 16388K->4K(18432K), 0.0029155 secs] 471403K->455019K(896640K), 0.0029630 secs] [Times: user=0.01 sys=0.00, real=0.00 secs] 
2020-10-29T10:27:08.982+0000: [GC (Allocation Failure) 2020-10-29T10:27:08.982+0000: [ParNew: 16388K->4K(18432K), 0.0028276 secs] 471403K->455019K(896640K), 0.0028733 secs] [Times: user=0.00 sys=0.00, real=0.01 secs] 
2020-10-29T10:27:09.002+0000: [GC (Allocation Failure) 2020-10-29T10:27:09.002+0000: [ParNew: 16388K->4K(18432K), 0.0028341 secs] 471403K->455019K(896640K), 0.0028825 secs] [Times: user=0.01 sys=0.00, real=0.01 secs] 
2020-10-29T10:27:09.019+0000: [GC (Allocation Failure) 2020-10-29T10:27:09.019+0000: [ParNew: 16388K->4K(18432K), 0.0027819 secs] 471403K->455019K(896640K), 0.0028384 secs] [Times: user=0.00 sys=0.00, real=0.00 secs] 
2020-10-29T10:27:09.038+0000: [GC (Allocation Failure) 2020-10-29T10:27:09.038+0000: [ParNew: 16388K->4K(18432K), 0.0026625 secs] 471403K->455019K(896640K), 0.0027061 secs] [Times: user=0.01 sys=0.00, real=0.00 secs] 
2020-10-29T10:27:09.056+0000: [GC (Allocation Failure) 2020-10-29T10:27:09.056+0000: [ParNew: 16388K->4K(18432K), 0.0029211 secs] 471403K->455019K(896640K), 0.0029638 secs] [Times: user=0.00 sys=0.00, real=0.00 secs] 
2020-10-29T10:27:09.074+0000: [GC (Allocation Failure) 2020-10-29T10:27:09.074+0000: [ParNew: 16388K->4K(18432K), 0.0026575 secs] 471403K->455019K(896640K), 0.0026969 secs] [Times: user=0.01 sys=0.00, real=0.00 secs] 
2020-10-29T10:27:09.091+0000: [GC (Allocation Failure) 2020-10-29T10:27:09.091+0000: [ParNew: 16388K->4K(18432K), 0.0027247 secs] 471403K->455019K(896640K), 0.0027848 secs] [Times: user=0.01 sys=0.00, real=0.00 secs] 
2020-10-29T10:27:09.108+0000: [GC (Allocation Failure) 2020-10-29T10:27:09.108+0000: [ParNew: 16388K->4K(18432K), 0.0026855 secs] 471403K->455019K(896640K), 0.0027331 secs] [Times: user=0.01 sys=0.00, real=0.01 secs] 
2020-10-29T10:27:09.135+0000: [GC (Allocation Failure) 2020-10-29T10:27:09.135+0000: [ParNew: 16388K->4K(18432K), 0.0029684 secs] 471403K->455019K(896640K), 0.0030374 secs] [Times: user=0.00 sys=0.00, real=0.00 secs] 
2020-10-29T10:27:09.170+0000: [GC (Allocation Failure) 2020-10-29T10:27:09.170+0000: [ParNew: 16388K->4K(18432K), 0.0029010 secs] 471403K->455019K(896640K), 0.0029702 secs] [Times: user=0.01 sys=0.00, real=0.01 secs] 
2020-10-29T10:27:09.206+0000: [GC (Allocation Failure) 2020-10-29T10:27:09.206+0000: [ParNew: 16388K->4K(18432K), 0.0029725 secs] 471403K->455019K(896640K), 0.0030249 secs] [Times: user=0.00 sys=0.00, real=0.00 secs] 
2020-10-29T10:27:09.241+0000: [GC (Allocation Failure) 2020-10-29T10:27:09.241+0000: [ParNew: 16388K->4K(18432K), 0.0028482 secs] 471403K->455019K(896640K), 0.0028979 secs] [Times: user=0.01 sys=0.00, real=0.01 secs] 
2020-10-29T10:27:09.270+0000: [GC (Allocation Failure) 2020-10-29T10:27:09.270+0000: [ParNew: 16388K->4K(18432K), 0.0028277 secs] 471403K->455019K(896640K), 0.0028769 secs] [Times: user=0.00 sys=0.00, real=0.00 secs] 
2020-10-29T10:27:09.301+0000: [GC (Allocation Failure) 2020-10-29T10:27:09.301+0000: [ParNew: 16388K->4K(18432K), 0.0030319 secs] 471403K->455019K(896640K), 0.0030866 secs] [Times: user=0.00 sys=0.00, real=0.01 secs] 
2020-10-29T10:27:09.333+0000: [GC (Allocation Failure) 2020-10-29T10:27:09.333+0000: [ParNew: 16388K->2K(18432K), 0.0028668 secs] 471403K->455019K(896640K), 0.0029166 secs] [Times: user=0.00 sys=0.00, real=0.00 secs] 
2020-10-29T10:27:09.363+0000: [GC (Allocation Failure) 2020-10-29T10:27:09.363+0000: [ParNew: 16386K->4K(18432K), 0.0029454 secs] 471403K->455021K(896640K), 0.0029971 secs] [Times: user=0.00 sys=0.00, real=0.00 secs] 
2020-10-29T10:27:09.398+0000: [GC (Allocation Failure) 2020-10-29T10:27:09.398+0000: [ParNew: 16388K->4K(18432K), 0.0029977 secs] 471405K->455021K(896640K), 0.0030528 secs] [Times: user=0.01 sys=0.00, real=0.00 secs] 
2020-10-29T10:27:09.659+0000: [GC (Allocation Failure) 2020-10-29T10:27:09.659+0000: [ParNew: 16388K->4K(18432K), 0.0030209 secs] 471405K->455021K(896640K), 0.0030787 secs] [Times: user=0.01 sys=0.00, real=0.00 secs] 
2020-10-29T10:27:09.870+0000: [GC (Allocation Failure) 2020-10-29T10:27:09.870+0000: [ParNew: 16388K->4K(18432K), 0.0029782 secs] 471405K->455021K(896640K), 0.0030356 secs] [Times: user=0.01 sys=0.00, real=0.00 secs] 
2020-10-29T10:27:09.945+0000: [GC (Allocation Failure) 2020-10-29T10:27:09.945+0000: [ParNew: 16388K->4K(18432K), 0.0030704 secs] 471405K->455021K(896640K), 0.0031266 secs] [Times: user=0.01 sys=0.00, real=0.00 secs] 
2020-10-29T10:27:09.978+0000: [GC (Allocation Failure) 2020-10-29T10:27:09.978+0000: [ParNew: 16388K->4K(18432K), 0.0029804 secs] 471405K->455021K(896640K), 0.0030373 secs] [Times: user=0.01 sys=0.00, real=0.00 secs] 
2020-10-29T10:27:09.998+0000: [GC (Allocation Failure) 2020-10-29T10:27:09.998+0000: [ParNew: 16388K->4K(18432K), 0.0029563 secs] 471405K->455021K(896640K), 0.0030114 secs] [Times: user=0.01 sys=0.00, real=0.00 secs] 
2020-10-29T10:27:10.022+0000: [GC (Allocation Failure) 2020-10-29T10:27:10.022+0000: [ParNew: 16388K->4K(18432K), 0.0029896 secs] 471405K->455021K(896640K), 0.0030461 secs] [Times: user=0.01 sys=0.00, real=0.00 secs] 
2020-10-29T10:27:10.042+0000: [GC (Allocation Failure) 2020-10-29T10:27:10.042+0000: [ParNew: 16388K->4K(18432K), 0.0031187 secs] 471405K->455022K(896640K), 0.0031736 secs] [Times: user=0.01 sys=0.00, real=0.00 secs] 
2020-10-29T10:27:10.066+0000: [GC (Allocation Failure) 2020-10-29T10:27:10.066+0000: [ParNew: 16388K->4K(18432K), 0.0029852 secs] 471406K->455022K(896640K), 0.0030408 secs] [Times: user=0.01 sys=0.00, real=0.00 secs] 
2020-10-29T10:27:10.087+0000: [GC (Allocation Failure) 2020-10-29T10:27:10.087+0000: [ParNew: 16388K->4K(18432K), 0.0029560 secs] 471406K->455022K(896640K), 0.0030097 secs] [Times: user=0.01 sys=0.00, real=0.00 secs] 
2020-10-29T10:27:10.107+0000: [GC (Allocation Failure) 2020-10-29T10:27:10.107+0000: [ParNew: 16388K->4K(18432K), 0.0030726 secs] 471406K->455022K(896640K), 0.0031250 secs] [Times: user=0.01 sys=0.00, real=0.00 secs] 
2020-10-29T10:27:10.130+0000: [GC (Allocation Failure) 2020-10-29T10:27:10.130+0000: [ParNew: 16388K->4K(18432K), 0.0029604 secs] 471406K->455022K(896640K), 0.0030151 secs] [Times: user=0.01 sys=0.00, real=0.00 secs] 
2020-10-29T10:27:10.154+0000: [GC (Allocation Failure) 2020-10-29T10:27:10.154+0000: [ParNew: 16388K->4K(18432K), 0.0030069 secs] 471406K->455022K(896640K), 0.0030650 secs] [Times: user=0.00 sys=0.00, real=0.00 secs] 
2020-10-29T10:27:10.178+0000: [GC (Allocation Failure) 2020-10-29T10:27:10.178+0000: [ParNew: 16388K->4K(18432K), 0.0029811 secs] 471406K->455022K(896640K), 0.0030377 secs] [Times: user=0.00 sys=0.00, real=0.00 secs] 
2020-10-29T10:27:10.202+0000: [GC (Allocation Failure) 2020-10-29T10:27:10.202+0000: [ParNew: 16388K->4K(18432K), 0.0029272 secs] 471406K->455022K(896640K), 0.0029775 secs] [Times: user=0.01 sys=0.00, real=0.00 secs] 
2020-10-29T10:27:10.223+0000: [GC (Allocation Failure) 2020-10-29T10:27:10.223+0000: [ParNew: 16388K->4K(18432K), 0.0028743 secs] 471406K->455022K(896640K), 0.0029237 secs] [Times: user=0.01 sys=0.00, real=0.00 secs] 
2020-10-29T10:27:10.246+0000: [GC (Allocation Failure) 2020-10-29T10:27:10.246+0000: [ParNew: 16388K->4K(18432K), 0.0029237 secs] 471406K->455022K(896640K), 0.0029739 secs] [Times: user=0.01 sys=0.00, real=0.00 secs] 
2020-10-29T10:27:10.270+0000: [GC (Allocation Failure) 2020-10-29T10:27:10.270+0000: [ParNew: 16388K->4K(18432K), 0.0029096 secs] 471406K->455022K(896640K), 0.0029688 secs] [Times: user=0.00 sys=0.00, real=0.00 secs] 
2020-10-29T10:27:10.290+0000: [GC (Allocation Failure) 2020-10-29T10:27:10.291+0000: [ParNew: 16388K->4K(18432K), 0.0028726 secs] 471406K->455022K(896640K), 0.0029215 secs] [Times: user=0.00 sys=0.00, real=0.00 secs] 
2020-10-29T10:27:10.311+0000: [GC (Allocation Failure) 2020-10-29T10:27:10.311+0000: [ParNew: 16388K->4K(18432K), 0.0031982 secs] 471406K->455022K(896640K), 0.0032464 secs] [Times: user=0.00 sys=0.00, real=0.00 secs] 
2020-10-29T10:27:10.332+0000: [GC (Allocation Failure) 2020-10-29T10:27:10.332+0000: [ParNew: 16388K->4K(18432K), 0.0029331 secs] 471406K->455022K(896640K), 0.0029863 secs] [Times: user=0.01 sys=0.00, real=0.00 secs] 
2020-10-29T10:27:10.354+0000: [GC (Allocation Failure) 2020-10-29T10:27:10.354+0000: [ParNew: 16388K->4K(18432K), 0.0028956 secs] 471406K->455022K(896640K), 0.0029456 secs] [Times: user=0.00 sys=0.00, real=0.00 secs] 
2020-10-29T10:27:10.378+0000: [GC (Allocation Failure) 2020-10-29T10:27:10.378+0000: [ParNew: 16388K->4K(18432K), 0.0029518 secs] 471406K->455022K(896640K), 0.0030064 secs] [Times: user=0.01 sys=0.00, real=0.00 secs] 
2020-10-29T10:27:10.398+0000: [GC (Allocation Failure) 2020-10-29T10:27:10.398+0000: [ParNew: 16388K->4K(18432K), 0.0029568 secs] 471406K->455022K(896640K), 0.0030079 secs] [Times: user=0.00 sys=0.00, real=0.00 secs] 
2020-10-29T10:27:10.419+0000: [GC (Allocation Failure) 2020-10-29T10:27:10.419+0000: [ParNew: 16388K->4K(18432K), 0.0029040 secs] 471406K->455022K(896640K), 0.0029529 secs] [Times: user=0.00 sys=0.00, real=0.00 secs] 
2020-10-29T10:27:10.439+0000: [GC (Allocation Failure) 2020-10-29T10:27:10.439+0000: [ParNew: 16388K->4K(18432K), 0.0028685 secs] 471406K->455022K(896640K), 0.0029182 secs] [Times: user=0.00 sys=0.00, real=0.00 secs] 
2020-10-29T10:27:10.462+0000: [GC (Allocation Failure) 2020-10-29T10:27:10.462+0000: [ParNew: 16388K->4K(18432K), 0.0030083 secs] 471406K->455022K(896640K), 0.0030643 secs] [Times: user=0.00 sys=0.00, real=0.00 secs] 
2020-10-29T10:27:10.486+0000: [GC (Allocation Failure) 2020-10-29T10:27:10.486+0000: [ParNew: 16388K->4K(18432K), 0.0029715 secs] 471406K->455022K(896640K), 0.0030271 secs] [Times: user=0.01 sys=0.00, real=0.00 secs] 
2020-10-29T10:27:10.510+0000: [GC (Allocation Failure) 2020-10-29T10:27:10.510+0000: [ParNew: 16388K->4K(18432K), 0.0029929 secs] 471406K->455022K(896640K), 0.0030510 secs] [Times: user=0.01 sys=0.00, real=0.00 secs] 
2020-10-29T10:27:10.531+0000: [GC (Allocation Failure) 2020-10-29T10:27:10.531+0000: [ParNew: 16388K->4K(18432K), 0.0029799 secs] 471406K->455022K(896640K), 0.0030357 secs] [Times: user=0.00 sys=0.00, real=0.00 secs] 
2020-10-29T10:27:10.551+0000: [GC (Allocation Failure) 2020-10-29T10:27:10.551+0000: [ParNew: 16388K->4K(18432K), 0.0030432 secs] 471406K->455022K(896640K), 0.0030983 secs] [Times: user=0.00 sys=0.00, real=0.00 secs] 
2020-10-29T10:27:10.572+0000: [GC (Allocation Failure) 2020-10-29T10:27:10.572+0000: [ParNew: 16388K->4K(18432K), 0.0029660 secs] 471406K->455022K(896640K), 0.0030194 secs] [Times: user=0.00 sys=0.00, real=0.00 secs] 
2020-10-29T10:27:10.592+0000: [GC (Allocation Failure) 2020-10-29T10:27:10.592+0000: [ParNew: 16388K->4K(18432K), 0.0029360 secs] 471406K->455022K(896640K), 0.0029871 secs] [Times: user=0.00 sys=0.00, real=0.00 secs] 
2020-10-29T10:27:10.616+0000: [GC (Allocation Failure) 2020-10-29T10:27:10.616+0000: [ParNew: 16388K->4K(18432K), 0.0029905 secs] 471406K->455022K(896640K), 0.0030440 secs] [Times: user=0.01 sys=0.00, real=0.00 secs] 
2020-10-29T10:27:10.637+0000: [GC (Allocation Failure) 2020-10-29T10:27:10.637+0000: [ParNew: 16388K->4K(18432K), 0.0029241 secs] 471406K->455022K(896640K), 0.0029741 secs] [Times: user=0.00 sys=0.00, real=0.00 secs] 
2020-10-29T10:27:10.658+0000: [GC (Allocation Failure) 2020-10-29T10:27:10.658+0000: [ParNew: 16388K->4K(18432K), 0.0028477 secs] 471406K->455022K(896640K), 0.0028955 secs] [Times: user=0.00 sys=0.00, real=0.00 secs] 
2020-10-29T10:27:10.678+0000: [GC (Allocation Failure) 2020-10-29T10:27:10.678+0000: [ParNew: 16388K->4K(18432K), 0.0028174 secs] 471406K->455022K(896640K), 0.0028652 secs] [Times: user=0.00 sys=0.00, real=0.00 secs] 
2020-10-29T10:27:10.698+0000: [GC (Allocation Failure) 2020-10-29T10:27:10.698+0000: [ParNew: 16388K->4K(18432K), 0.0028461 secs] 471406K->455022K(896640K), 0.0028933 secs] [Times: user=0.00 sys=0.00, real=0.00 secs] 
2020-10-29T10:27:10.722+0000: [GC (Allocation Failure) 2020-10-29T10:27:10.722+0000: [ParNew: 16388K->4K(18432K), 0.0029116 secs] 471406K->455022K(896640K), 0.0029582 secs] [Times: user=0.01 sys=0.00, real=0.00 secs] 
2020-10-29T10:27:10.743+0000: [GC (Allocation Failure) 2020-10-29T10:27:10.743+0000: [ParNew: 16388K->4K(18432K), 0.0028183 secs] 471406K->455022K(896640K), 0.0028673 secs] [Times: user=0.01 sys=0.00, real=0.00 secs] 
2020-10-29T10:27:10.767+0000: [GC (Allocation Failure) 2020-10-29T10:27:10.767+0000: [ParNew: 16388K->4K(18432K), 0.0029646 secs] 471406K->455022K(896640K), 0.0030115 secs] [Times: user=0.01 sys=0.00, real=0.00 secs] 
2020-10-29T10:27:11.926+0000: [GC (Allocation Failure) 2020-10-29T10:27:11.926+0000: [ParNew: 16388K->568K(18432K), 0.0051803 secs] 471406K->455586K(896640K), 0.0052419 secs] [Times: user=0.01 sys=0.00, real=0.01 secs] 
2020-10-29T10:27:12.088+0000: [GC (Allocation Failure) 2020-10-29T10:27:12.088+0000: [ParNew: 16952K->838K(18432K), 0.0039179 secs] 471970K->455857K(896640K), 0.0039889 secs] [Times: user=0.01 sys=0.00, real=0.01 secs] 
2020-10-29T10:27:12.245+0000: [GC (Allocation Failure) 2020-10-29T10:27:12.245+0000: [ParNew: 17222K->2048K(18432K), 0.0065552 secs] 472241K->457404K(896640K), 0.0066116 secs] [Times: user=0.02 sys=0.00, real=0.01 secs] 
2020-10-29T10:27:12.301+0000: [GC (Allocation Failure) 2020-10-29T10:27:12.301+0000: [ParNew: 18432K->1279K(18432K), 0.0087045 secs] 473788K->458450K(896640K), 0.0087615 secs] [Times: user=0.02 sys=0.00, real=0.01 secs] 
2020-10-29T10:27:12.346+0000: [GC (Allocation Failure) 2020-10-29T10:27:12.346+0000: [ParNew: 17663K->1119K(18432K), 0.0032205 secs] 474834K->458290K(896640K), 0.0032777 secs] [Times: user=0.01 sys=0.00, real=0.00 secs] 
2020-10-29T10:27:12.373+0000: [GC (Allocation Failure) 2020-10-29T10:27:12.373+0000: [ParNew: 17503K->946K(18432K), 0.0030997 secs] 474674K->458117K(896640K), 0.0031513 secs] [Times: user=0.00 sys=0.00, real=0.00 secs] 
2020-10-29T10:27:12.402+0000: [GC (Allocation Failure) 2020-10-29T10:27:12.402+0000: [ParNew: 17330K->1090K(18432K), 0.0031436 secs] 474501K->458260K(896640K), 0.0031964 secs] [Times: user=0.00 sys=0.00, real=0.01 secs] 
2020-10-29T10:27:12.426+0000: [GC (Allocation Failure) 2020-10-29T10:27:12.426+0000: [ParNew: 17474K->1028K(18432K), 0.0029881 secs] 474644K->458198K(896640K), 0.0030325 secs] [Times: user=0.01 sys=0.00, real=0.00 secs] 
2020-10-29T10:27:12.454+0000: [GC (Allocation Failure) 2020-10-29T10:27:12.454+0000: [ParNew: 17412K->1544K(18432K), 0.0032881 secs] 474582K->458714K(896640K), 0.0033452 secs] [Times: user=0.00 sys=0.00, real=0.00 secs] 
2020-10-29T10:27:12.478+0000: [GC (Allocation Failure) 2020-10-29T10:27:12.478+0000: [ParNew: 17928K->596K(18432K), 0.0033663 secs] 475098K->458497K(896640K), 0.0034202 secs] [Times: user=0.01 sys=0.00, real=0.00 secs] 
2020-10-29T10:27:12.506+0000: [GC (Allocation Failure) 2020-10-29T10:27:12.506+0000: [ParNew: 16980K->1045K(18432K), 0.0032943 secs] 474881K->458946K(896640K), 0.0033472 secs] [Times: user=0.00 sys=0.00, real=0.00 secs] 
2020-10-29T10:27:12.534+0000: [GC (Allocation Failure) 2020-10-29T10:27:12.534+0000: [ParNew: 17429K->5K(18432K), 0.0031384 secs] 475330K->458418K(896640K), 0.0031925 secs] [Times: user=0.00 sys=0.00, real=0.00 secs] 
2020-10-29T10:27:12.567+0000: [GC (Allocation Failure) 2020-10-29T10:27:12.567+0000: [ParNew: 16389K->8K(18432K), 0.0029884 secs] 474802K->458420K(896640K), 0.0030407 secs] [Times: user=0.01 sys=0.00, real=0.00 secs] 
2020-10-29T10:27:12.591+0000: [GC (Allocation Failure) 2020-10-29T10:27:12.591+0000: [ParNew: 16392K->9K(18432K), 0.0029352 secs] 474804K->458421K(896640K), 0.0029856 secs] [Times: user=0.00 sys=0.00, real=0.00 secs] 
2020-10-29T10:27:12.622+0000: [GC (Allocation Failure) 2020-10-29T10:27:12.622+0000: [ParNew: 16393K->7K(18432K), 0.0030045 secs] 474805K->458420K(896640K), 0.0030595 secs] [Times: user=0.00 sys=0.00, real=0.00 secs] 
2020-10-29T10:27:12.646+0000: [GC (Allocation Failure) 2020-10-29T10:27:12.646+0000: [ParNew: 16391K->7K(18432K), 0.0029765 secs] 474804K->458420K(896640K), 0.0030306 secs] [Times: user=0.01 sys=0.00, real=0.00 secs] 
2020-10-29T10:27:12.670+0000: [GC (Allocation Failure) 2020-10-29T10:27:12.670+0000: [ParNew: 16391K->7K(18432K), 0.0029193 secs] 474804K->458420K(896640K), 0.0029702 secs] [Times: user=0.01 sys=0.00, real=0.00 secs] 
2020-10-29T10:27:12.690+0000: [GC (Allocation Failure) 2020-10-29T10:27:12.690+0000: [ParNew: 16391K->7K(18432K), 0.0027836 secs] 474804K->458420K(896640K), 0.0028301 secs] [Times: user=0.00 sys=0.00, real=0.01 secs] 
2020-10-29T10:27:12.710+0000: [GC (Allocation Failure) 2020-10-29T10:27:12.710+0000: [ParNew: 16391K->4K(18432K), 0.0029196 secs] 474804K->458421K(896640K), 0.0029660 secs] [Times: user=0.00 sys=0.00, real=0.01 secs] 
2020-10-29T10:27:12.734+0000: [GC (Allocation Failure) 2020-10-29T10:27:12.734+0000: [ParNew: 16388K->4K(18432K), 0.0030179 secs] 474805K->458420K(896640K), 0.0030710 secs] [Times: user=0.01 sys=0.00, real=0.00 secs] 
2020-10-29T10:27:12.754+0000: [GC (Allocation Failure) 2020-10-29T10:27:12.754+0000: [ParNew: 16388K->4K(18432K), 0.0029415 secs] 474804K->458420K(896640K), 0.0029922 secs] [Times: user=0.01 sys=0.00, real=0.00 secs] 
2020-10-29T10:27:12.774+0000: [GC (Allocation Failure) 2020-10-29T10:27:12.774+0000: [ParNew: 16388K->4K(18432K), 0.0029229 secs] 474804K->458420K(896640K), 0.0029736 secs] [Times: user=0.01 sys=0.00, real=0.00 secs] 
2020-10-29T10:27:12.802+0000: [GC (Allocation Failure) 2020-10-29T10:27:12.802+0000: [ParNew: 16388K->4K(18432K), 0.0029643 secs] 474804K->458420K(896640K), 0.0030190 secs] [Times: user=0.01 sys=0.00, real=0.01 secs] 
2020-10-29T10:27:12.830+0000: [GC (Allocation Failure) 2020-10-29T10:27:12.830+0000: [ParNew: 16388K->4K(18432K), 0.0029812 secs] 474804K->458420K(896640K), 0.0030290 secs] [Times: user=0.01 sys=0.00, real=0.00 secs] 
2020-10-29T10:27:12.854+0000: [GC (Allocation Failure) 2020-10-29T10:27:12.854+0000: [ParNew: 16388K->4K(18432K), 0.0029664 secs] 474804K->458420K(896640K), 0.0030273 secs] [Times: user=0.01 sys=0.00, real=0.00 secs] 
2020-10-29T10:27:12.880+0000: [GC (Allocation Failure) 2020-10-29T10:27:12.880+0000: [ParNew: 16388K->4K(18432K), 0.0030372 secs] 474804K->458420K(896640K), 0.0030929 secs] [Times: user=0.01 sys=0.00, real=0.01 secs] 
2020-10-29T10:27:12.906+0000: [GC (Allocation Failure) 2020-10-29T10:27:12.906+0000: [ParNew: 16388K->4K(18432K), 0.0046917 secs] 474804K->458420K(896640K), 0.0047416 secs] [Times: user=0.01 sys=0.00, real=0.01 secs] 
2020-10-29T10:27:12.937+0000: [GC (Allocation Failure) 2020-10-29T10:27:12.937+0000: [ParNew: 16388K->4K(18432K), 0.0028269 secs] 474804K->458420K(896640K), 0.0028905 secs] [Times: user=0.01 sys=0.00, real=0.00 secs] 
2020-10-29T10:27:12.962+0000: [GC (Allocation Failure) 2020-10-29T10:27:12.962+0000: [ParNew: 16388K->4K(18432K), 0.0029330 secs] 474804K->458420K(896640K), 0.0029981 secs] [Times: user=0.00 sys=0.00, real=0.00 secs] 
2020-10-29T10:27:12.998+0000: [GC (Allocation Failure) 2020-10-29T10:27:12.998+0000: [ParNew: 16388K->4K(18432K), 0.0029758 secs] 474804K->458420K(896640K), 0.0030461 secs] [Times: user=0.01 sys=0.00, real=0.00 secs] 
2020-10-29T10:27:13.034+0000: [GC (Allocation Failure) 2020-10-29T10:27:13.034+0000: [ParNew: 16388K->4K(18432K), 0.0029818 secs] 474804K->458420K(896640K), 0.0030545 secs] [Times: user=0.01 sys=0.00, real=0.00 secs] 
2020-10-29T10:27:13.070+0000: [GC (Allocation Failure) 2020-10-29T10:27:13.070+0000: [ParNew: 16388K->4K(18432K), 0.0029833 secs] 474804K->458420K(896640K), 0.0030502 secs] [Times: user=0.01 sys=0.00, real=0.01 secs] 
2020-10-29T10:27:13.109+0000: [GC (Allocation Failure) 2020-10-29T10:27:13.109+0000: [ParNew: 16388K->4K(18432K), 0.0030385 secs] 474804K->458420K(896640K), 0.0031026 secs] [Times: user=0.01 sys=0.00, real=0.01 secs] 
2020-10-29T10:27:13.137+0000: [GC (Allocation Failure) 2020-10-29T10:27:13.137+0000: [ParNew: 16388K->4K(18432K), 0.0031019 secs] 474804K->458420K(896640K), 0.0031738 secs] [Times: user=0.01 sys=0.00, real=0.00 secs] 
2020-10-29T10:27:13.166+0000: [GC (Allocation Failure) 2020-10-29T10:27:13.166+0000: [ParNew: 16388K->4K(18432K), 0.0030225 secs] 474804K->458420K(896640K), 0.0030949 secs] [Times: user=0.00 sys=0.00, real=0.00 secs] 
2020-10-29T10:27:13.193+0000: [GC (Allocation Failure) 2020-10-29T10:27:13.193+0000: [ParNew: 16388K->4K(18432K), 0.0030336 secs] 474804K->458420K(896640K), 0.0031033 secs] [Times: user=0.01 sys=0.00, real=0.00 secs] 
2020-10-29T10:27:13.222+0000: [GC (Allocation Failure) 2020-10-29T10:27:13.222+0000: [ParNew: 16388K->2K(18432K), 0.0061732 secs] 474804K->458418K(896640K), 0.0062439 secs] [Times: user=0.01 sys=0.00, real=0.00 secs] 
2020-10-29T10:27:13.251+0000: [GC (Allocation Failure) 2020-10-29T10:27:13.251+0000: [ParNew: 16386K->4K(18432K), 0.0029507 secs] 474802K->458420K(896640K), 0.0030170 secs] [Times: user=0.01 sys=0.00, real=0.00 secs] 
2020-10-29T10:27:13.279+0000: [GC (Allocation Failure) 2020-10-29T10:27:13.279+0000: [ParNew: 16388K->4K(18432K), 0.0030180 secs] 474804K->458420K(896640K), 0.0030902 secs] [Times: user=0.01 sys=0.00, real=0.00 secs] 
2020-10-29T10:27:13.302+0000: [GC (Allocation Failure) 2020-10-29T10:27:13.302+0000: [ParNew: 16388K->4K(18432K), 0.0029757 secs] 474804K->458420K(896640K), 0.0030581 secs] [Times: user=0.00 sys=0.00, real=0.01 secs] 
2020-10-29T10:27:13.330+0000: [GC (Allocation Failure) 2020-10-29T10:27:13.330+0000: [ParNew: 16388K->4K(18432K), 0.0030539 secs] 474804K->458420K(896640K), 0.0031290 secs] [Times: user=0.01 sys=0.00, real=0.00 secs] 
2020-10-29T10:27:13.358+0000: [GC (Allocation Failure) 2020-10-29T10:27:13.358+0000: [ParNew: 16388K->4K(18432K), 0.0030605 secs] 474804K->458420K(896640K), 0.0031335 secs] [Times: user=0.01 sys=0.00, real=0.00 secs] 
2020-10-29T10:27:13.394+0000: [GC (Allocation Failure) 2020-10-29T10:27:13.394+0000: [ParNew: 16388K->4K(18432K), 0.0030416 secs] 474804K->458420K(896640K), 0.0031159 secs] [Times: user=0.01 sys=0.00, real=0.00 secs] 
2020-10-29T10:27:13.430+0000: [GC (Allocation Failure) 2020-10-29T10:27:13.430+0000: [ParNew: 16388K->4K(18432K), 0.0030390 secs] 474804K->458420K(896640K), 0.0030964 secs] [Times: user=0.00 sys=0.00, real=0.00 secs] 
2020-10-29T10:27:13.452+0000: [GC (Allocation Failure) 2020-10-29T10:27:13.453+0000: [ParNew: 16388K->4K(18432K), 0.0029886 secs] 474804K->458420K(896640K), 0.0030431 secs] [Times: user=0.00 sys=0.00, real=0.00 secs] 
2020-10-29T10:27:13.472+0000: [GC (Allocation Failure) 2020-10-29T10:27:13.472+0000: [ParNew: 16388K->4K(18432K), 0.0028599 secs] 474804K->458420K(896640K), 0.0029037 secs] [Times: user=0.00 sys=0.00, real=0.00 secs] 
2020-10-29T10:27:13.490+0000: [GC (Allocation Failure) 2020-10-29T10:27:13.490+0000: [ParNew: 16388K->4K(18432K), 0.0028286 secs] 474804K->458420K(896640K), 0.0028814 secs] [Times: user=0.01 sys=0.00, real=0.01 secs] 
2020-10-29T10:27:13.504+0000: [GC (Allocation Failure) 2020-10-29T10:27:13.504+0000: [ParNew: 16388K->4K(18432K), 0.0033295 secs] 474804K->462516K(896640K), 0.0033747 secs] [Times: user=0.01 sys=0.00, real=0.00 secs] 
2020-10-29T10:27:13.522+0000: [GC (Allocation Failure) 2020-10-29T10:27:13.522+0000: [ParNew: 16388K->4K(18432K), 0.0028220 secs] 478900K->462516K(896640K), 0.0028666 secs] [Times: user=0.01 sys=0.00, real=0.00 secs] 
2020-10-29T10:27:13.540+0000: [GC (Allocation Failure) 2020-10-29T10:27:13.540+0000: [ParNew: 16388K->4K(18432K), 0.0029848 secs] 478900K->462516K(896640K), 0.0030354 secs] [Times: user=0.00 sys=0.00, real=0.01 secs] 
2020-10-29T10:27:13.558+0000: [GC (Allocation Failure) 2020-10-29T10:27:13.558+0000: [ParNew: 16388K->4K(18432K), 0.0029232 secs] 478900K->462516K(896640K), 0.0029745 secs] [Times: user=0.01 sys=0.00, real=0.00 secs] 
2020-10-29T10:27:13.578+0000: [GC (Allocation Failure) 2020-10-29T10:27:13.578+0000: [ParNew: 16388K->4K(18432K), 0.0028365 secs] 478900K->462516K(896640K), 0.0028840 secs] [Times: user=0.00 sys=0.00, real=0.00 secs] 
2020-10-29T10:27:13.596+0000: [GC (Allocation Failure) 2020-10-29T10:27:13.596+0000: [ParNew: 16388K->4K(18432K), 0.0029432 secs] 478900K->462516K(896640K), 0.0029947 secs] [Times: user=0.01 sys=0.00, real=0.00 secs] 
2020-10-29T10:27:13.613+0000: [GC (Allocation Failure) 2020-10-29T10:27:13.613+0000: [ParNew: 16388K->4K(18432K), 0.0028981 secs] 478900K->462517K(896640K), 0.0029490 secs] [Times: user=0.00 sys=0.00, real=0.00 secs] 
2020-10-29T10:27:13.634+0000: [GC (Allocation Failure) 2020-10-29T10:27:13.634+0000: [ParNew: 16388K->4K(18432K), 0.0027864 secs] 478901K->462517K(896640K), 0.0028343 secs] [Times: user=0.00 sys=0.00, real=0.00 secs] 
2020-10-29T10:27:13.654+0000: [GC (Allocation Failure) 2020-10-29T10:27:13.654+0000: [ParNew: 16388K->4K(18432K), 0.0028767 secs] 478901K->462517K(896640K), 0.0029270 secs] [Times: user=0.01 sys=0.00, real=0.00 secs] 
2020-10-29T10:27:13.674+0000: [GC (Allocation Failure) 2020-10-29T10:27:13.674+0000: [ParNew: 16388K->4K(18432K), 0.0028643 secs] 478901K->462517K(896640K), 0.0029131 secs] [Times: user=0.00 sys=0.00, real=0.00 secs] 
2020-10-29T10:27:13.694+0000: [GC (Allocation Failure) 2020-10-29T10:27:13.694+0000: [ParNew: 16388K->4K(18432K), 0.0028930 secs] 478901K->462517K(896640K), 0.0029425 secs] [Times: user=0.01 sys=0.00, real=0.00 secs] 
2020-10-29T10:27:13.712+0000: [GC (Allocation Failure) 2020-10-29T10:27:13.712+0000: [ParNew: 16388K->4K(18432K), 0.0029286 secs] 478901K->462517K(896640K), 0.0029778 secs] [Times: user=0.01 sys=0.00, real=0.00 secs] 
2020-10-29T10:27:13.730+0000: [GC (Allocation Failure) 2020-10-29T10:27:13.730+0000: [ParNew: 16388K->4K(18432K), 0.0029602 secs] 478901K->462517K(896640K), 0.0030105 secs] [Times: user=0.01 sys=0.00, real=0.00 secs] 
2020-10-29T10:27:13.750+0000: [GC (Allocation Failure) 2020-10-29T10:27:13.750+0000: [ParNew: 16388K->4K(18432K), 0.0028984 secs] 478901K->462517K(896640K), 0.0029502 secs] [Times: user=0.01 sys=0.00, real=0.00 secs] 
2020-10-29T10:27:13.768+0000: [GC (Allocation Failure) 2020-10-29T10:27:13.768+0000: [ParNew: 16388K->4K(18432K), 0.0028512 secs] 478901K->462517K(896640K), 0.0028983 secs] [Times: user=0.00 sys=0.00, real=0.01 secs] 
2020-10-29T10:27:13.786+0000: [GC (Allocation Failure) 2020-10-29T10:27:13.786+0000: [ParNew: 16388K->4K(18432K), 0.0029223 secs] 478901K->462517K(896640K), 0.0029726 secs] [Times: user=0.01 sys=0.00, real=0.00 secs] 
2020-10-29T10:27:13.806+0000: [GC (Allocation Failure) 2020-10-29T10:27:13.806+0000: [ParNew: 16388K->4K(18432K), 0.0029725 secs] 478901K->462517K(896640K), 0.0030249 secs] [Times: user=0.00 sys=0.00, real=0.00 secs] 
2020-10-29T10:27:13.824+0000: [GC (Allocation Failure) 2020-10-29T10:27:13.824+0000: [ParNew: 16388K->4K(18432K), 0.0029814 secs] 478901K->462517K(896640K), 0.0030308 secs] [Times: user=0.01 sys=0.00, real=0.00 secs] 
2020-10-29T10:27:13.842+0000: [GC (Allocation Failure) 2020-10-29T10:27:13.842+0000: [ParNew: 16388K->4K(18432K), 0.0029636 secs] 478901K->462517K(896640K), 0.0030150 secs] [Times: user=0.01 sys=0.00, real=0.00 secs] 
2020-10-29T10:27:13.862+0000: [GC (Allocation Failure) 2020-10-29T10:27:13.862+0000: [ParNew: 16388K->4K(18432K), 0.0029981 secs] 478901K->462517K(896640K), 0.0030522 secs] [Times: user=0.01 sys=0.00, real=0.00 secs] 
2020-10-29T10:27:13.880+0000: [GC (Allocation Failure) 2020-10-29T10:27:13.880+0000: [ParNew: 16388K->4K(18432K), 0.0029801 secs] 478901K->462517K(896640K), 0.0030328 secs] [Times: user=0.00 sys=0.00, real=0.01 secs] 
2020-10-29T10:27:13.898+0000: [GC (Allocation Failure) 2020-10-29T10:27:13.898+0000: [ParNew: 16388K->4K(18432K), 0.0029576 secs] 478901K->462517K(896640K), 0.0030065 secs] [Times: user=0.01 sys=0.00, real=0.00 secs] 
2020-10-29T10:27:13.916+0000: [GC (Allocation Failure) 2020-10-29T10:27:13.916+0000: [ParNew: 16388K->4K(18432K), 0.0029712 secs] 478901K->462517K(896640K), 0.0030178 secs] [Times: user=0.00 sys=0.00, real=0.00 secs] 
2020-10-29T10:27:13.933+0000: [GC (Allocation Failure) 2020-10-29T10:27:13.933+0000: [ParNew: 16388K->4K(18432K), 0.0027659 secs] 478901K->462517K(896640K), 0.0028112 secs] [Times: user=0.01 sys=0.00, real=0.00 secs] 
2020-10-29T10:27:13.954+0000: [GC (Allocation Failure) 2020-10-29T10:27:13.954+0000: [ParNew: 16388K->4K(18432K), 0.0026242 secs] 478901K->462517K(896640K), 0.0026683 secs] [Times: user=0.01 sys=0.00, real=0.00 secs] 
2020-10-29T10:27:13.972+0000: [GC (Allocation Failure) 2020-10-29T10:27:13.972+0000: [ParNew: 16388K->4K(18432K), 0.0026744 secs] 478901K->462517K(896640K), 0.0027176 secs] [Times: user=0.00 sys=0.00, real=0.00 secs] 
2020-10-29T10:27:13.989+0000: [GC (Allocation Failure) 2020-10-29T10:27:13.989+0000: [ParNew: 16388K->4K(18432K), 0.0029160 secs] 478901K->462517K(896640K), 0.0029662 secs] [Times: user=0.01 sys=0.00, real=0.01 secs] 
2020-10-29T10:27:14.010+0000: [GC (Allocation Failure) 2020-10-29T10:27:14.010+0000: [ParNew: 16388K->4K(18432K), 0.0028620 secs] 478901K->462517K(896640K), 0.0029110 secs] [Times: user=0.00 sys=0.00, real=0.00 secs] 
2020-10-29T10:27:14.028+0000: [GC (Allocation Failure) 2020-10-29T10:27:14.028+0000: [ParNew: 16388K->4K(18432K), 0.0027857 secs] 478901K->462517K(896640K), 0.0028271 secs] [Times: user=0.01 sys=0.00, real=0.01 secs] 
2020-10-29T10:27:14.046+0000: [GC (Allocation Failure) 2020-10-29T10:27:14.046+0000: [ParNew: 16388K->4K(18432K), 0.0057487 secs] 478901K->462517K(896640K), 0.0057962 secs] [Times: user=0.00 sys=0.00, real=0.01 secs] 
2020-10-29T10:27:14.067+0000: [GC (Allocation Failure) 2020-10-29T10:27:14.067+0000: [ParNew: 16388K->4K(18432K), 0.0029107 secs] 478901K->462517K(896640K), 0.0029585 secs] [Times: user=0.01 sys=0.00, real=0.00 secs] 
2020-10-29T10:27:14.084+0000: [GC (Allocation Failure) 2020-10-29T10:27:14.084+0000: [ParNew: 16388K->4K(18432K), 0.0029556 secs] 478901K->462517K(896640K), 0.0030072 secs] [Times: user=0.00 sys=0.00, real=0.00 secs] 
2020-10-29T10:27:14.102+0000: [GC (Allocation Failure) 2020-10-29T10:27:14.102+0000: [ParNew: 16388K->4K(18432K), 0.0029379 secs] 478901K->462517K(896640K), 0.0029842 secs] [Times: user=0.01 sys=0.00, real=0.01 secs] 
2020-10-29T10:27:14.122+0000: [GC (Allocation Failure) 2020-10-29T10:27:14.122+0000: [ParNew: 16388K->4K(18432K), 0.0028835 secs] 478901K->462517K(896640K), 0.0029307 secs] [Times: user=0.00 sys=0.00, real=0.00 secs] 
2020-10-29T10:27:14.140+0000: [GC (Allocation Failure) 2020-10-29T10:27:14.140+0000: [ParNew: 16388K->4K(18432K), 0.0028268 secs] 478901K->462517K(896640K), 0.0028797 secs] [Times: user=0.01 sys=0.00, real=0.01 secs] 
2020-10-29T10:27:14.158+0000: [GC (Allocation Failure) 2020-10-29T10:27:14.158+0000: [ParNew: 16388K->4K(18432K), 0.0029422 secs] 478901K->462517K(896640K), 0.0029934 secs] [Times: user=0.01 sys=0.00, real=0.00 secs] 
2020-10-29T10:27:14.176+0000: [GC (Allocation Failure) 2020-10-29T10:27:14.176+0000: [ParNew: 16388K->4K(18432K), 0.0029199 secs] 478901K->462517K(896640K), 0.0029688 secs] [Times: user=0.01 sys=0.00, real=0.00 secs] 
2020-10-29T10:27:14.197+0000: [GC (Allocation Failure) 2020-10-29T10:27:14.197+0000: [ParNew: 16388K->4K(18432K), 0.0029300 secs] 478901K->462517K(896640K), 0.0029792 secs] [Times: user=0.01 sys=0.00, real=0.00 secs] 
2020-10-29T10:27:14.215+0000: [GC (Allocation Failure) 2020-10-29T10:27:14.215+0000: [ParNew: 16388K->4K(18432K), 0.0028622 secs] 478901K->462517K(896640K), 0.0029087 secs] [Times: user=0.01 sys=0.00, real=0.00 secs] 
2020-10-29T10:27:14.234+0000: [GC (Allocation Failure) 2020-10-29T10:27:14.234+0000: [ParNew: 16388K->4K(18432K), 0.0028515 secs] 478901K->462517K(896640K), 0.0028986 secs] [Times: user=0.01 sys=0.00, real=0.00 secs] 
2020-10-29T10:27:14.254+0000: [GC (Allocation Failure) 2020-10-29T10:27:14.254+0000: [ParNew: 16388K->4K(18432K), 0.0029018 secs] 478901K->462517K(896640K), 0.0029514 secs] [Times: user=0.01 sys=0.00, real=0.00 secs] 
2020-10-29T10:27:14.274+0000: [GC (Allocation Failure) 2020-10-29T10:27:14.274+0000: [ParNew: 16388K->4K(18432K), 0.0029753 secs] 478901K->462517K(896640K), 0.0030282 secs] [Times: user=0.01 sys=0.00, real=0.00 secs] 
2020-10-29T10:27:14.292+0000: [GC (Allocation Failure) 2020-10-29T10:27:14.292+0000: [ParNew: 16388K->4K(18432K), 0.0029089 secs] 478901K->462517K(896640K), 0.0029587 secs] [Times: user=0.01 sys=0.00, real=0.00 secs] 
2020-10-29T10:27:14.310+0000: [GC (Allocation Failure) 2020-10-29T10:27:14.310+0000: [ParNew: 16388K->4K(18432K), 0.0028466 secs] 478901K->462517K(896640K), 0.0028945 secs] [Times: user=0.01 sys=0.00, real=0.01 secs] 
2020-10-29T10:27:14.328+0000: [GC (Allocation Failure) 2020-10-29T10:27:14.328+0000: [ParNew: 16388K->4K(18432K), 0.0029803 secs] 478901K->462517K(896640K), 0.0030335 secs] [Times: user=0.01 sys=0.00, real=0.01 secs] 
2020-10-29T10:27:14.345+0000: [GC (Allocation Failure) 2020-10-29T10:27:14.345+0000: [ParNew: 16388K->4K(18432K), 0.0029412 secs] 478901K->462517K(896640K), 0.0030027 secs] [Times: user=0.00 sys=0.00, real=0.00 secs] 
2020-10-29T10:27:14.363+0000: [GC (Allocation Failure) 2020-10-29T10:27:14.363+0000: [ParNew: 16388K->4K(18432K), 0.0029313 secs] 478901K->462517K(896640K), 0.0029878 secs] [Times: user=0.01 sys=0.00, real=0.00 secs] 
2020-10-29T10:27:14.382+0000: [GC (Allocation Failure) 2020-10-29T10:27:14.382+0000: [ParNew: 16388K->4K(18432K), 0.0028918 secs] 478901K->462517K(896640K), 0.0029383 secs] [Times: user=0.01 sys=0.00, real=0.00 secs] 
2020-10-29T10:27:14.400+0000: [GC (Allocation Failure) 2020-10-29T10:27:14.400+0000: [ParNew: 16388K->4K(18432K), 0.0029421 secs] 478901K->462517K(896640K), 0.0029894 secs] [Times: user=0.00 sys=0.00, real=0.01 secs] 
2020-10-29T10:27:14.417+0000: [GC (Allocation Failure) 2020-10-29T10:27:14.417+0000: [ParNew: 16388K->4K(18432K), 0.0029929 secs] 478901K->462517K(896640K), 0.0030436 secs] [Times: user=0.01 sys=0.00, real=0.00 secs] 
2020-10-29T10:27:14.435+0000: [GC (Allocation Failure) 2020-10-29T10:27:14.435+0000: [ParNew: 16388K->4K(18432K), 0.0029639 secs] 478901K->462517K(896640K), 0.0030154 secs] [Times: user=0.00 sys=0.00, real=0.00 secs] 
2020-10-29T10:27:14.454+0000: [GC (Allocation Failure) 2020-10-29T10:27:14.454+0000: [ParNew: 16388K->4K(18432K), 0.0028269 secs] 478901K->462517K(896640K), 0.0028750 secs] [Times: user=0.01 sys=0.00, real=0.00 secs] 
2020-10-29T10:27:14.472+0000: [GC (Allocation Failure) 2020-10-29T10:27:14.472+0000: [ParNew: 16388K->4K(18432K), 0.0028248 secs] 478901K->462517K(896640K), 0.0028712 secs] [Times: user=0.00 sys=0.00, real=0.00 secs] 
2020-10-29T10:27:14.490+0000: [GC (Allocation Failure) 2020-10-29T10:27:14.490+0000: [ParNew: 16388K->4K(18432K), 0.0026542 secs] 478901K->462517K(896640K), 0.0026987 secs] [Times: user=0.01 sys=0.00, real=0.00 secs] 
2020-10-29T10:27:14.508+0000: [GC (Allocation Failure) 2020-10-29T10:27:14.508+0000: [ParNew: 16388K->4K(18432K), 0.0028085 secs] 478901K->462517K(896640K), 0.0028562 secs] [Times: user=0.01 sys=0.00, real=0.01 secs] 
2020-10-29T10:27:14.525+0000: [GC (Allocation Failure) 2020-10-29T10:27:14.525+0000: [ParNew: 16388K->4K(18432K), 0.0027232 secs] 478901K->462517K(896640K), 0.0027682 secs] [Times: user=0.00 sys=0.00, real=0.00 secs] 
2020-10-29T10:27:14.543+0000: [GC (Allocation Failure) 2020-10-29T10:27:14.543+0000: [ParNew: 16388K->4K(18432K), 0.0027491 secs] 478901K->462517K(896640K), 0.0027942 secs] [Times: user=0.01 sys=0.00, real=0.00 secs] 
2020-10-29T10:27:14.562+0000: [GC (Allocation Failure) 2020-10-29T10:27:14.562+0000: [ParNew: 16388K->4K(18432K), 0.0028167 secs] 478901K->462517K(896640K), 0.0028623 secs] [Times: user=0.00 sys=0.00, real=0.00 secs] 
2020-10-29T10:27:14.582+0000: [GC (Allocation Failure) 2020-10-29T10:27:14.582+0000: [ParNew: 16388K->4K(18432K), 0.0028332 secs] 478901K->462517K(896640K), 0.0028814 secs] [Times: user=0.00 sys=0.00, real=0.00 secs] 
2020-10-29T10:27:14.600+0000: [GC (Allocation Failure) 2020-10-29T10:27:14.600+0000: [ParNew: 16388K->4K(18432K), 0.0029764 secs] 478901K->462517K(896640K), 0.0030309 secs] [Times: user=0.01 sys=0.00, real=0.01 secs] 
2020-10-29T10:27:14.618+0000: [GC (Allocation Failure) 2020-10-29T10:27:14.618+0000: [ParNew: 16388K->4K(18432K), 0.0029134 secs] 478901K->462517K(896640K), 0.0029636 secs] [Times: user=0.00 sys=0.00, real=0.00 secs] 
2020-10-29T10:27:14.635+0000: [GC (Allocation Failure) 2020-10-29T10:27:14.635+0000: [ParNew: 16388K->4K(18432K), 0.0028087 secs] 478901K->462517K(896640K), 0.0028675 secs] [Times: user=0.01 sys=0.00, real=0.00 secs] 
2020-10-29T10:27:14.653+0000: [GC (Allocation Failure) 2020-10-29T10:27:14.653+0000: [ParNew: 16388K->4K(18432K), 0.0028561 secs] 478901K->462517K(896640K), 0.0029036 secs] [Times: user=0.00 sys=0.00, real=0.00 secs] 
2020-10-29T10:27:14.674+0000: [GC (Allocation Failure) 2020-10-29T10:27:14.674+0000: [ParNew: 16388K->4K(18432K), 0.0030154 secs] 478901K->462517K(896640K), 0.0030702 secs] [Times: user=0.01 sys=0.00, real=0.00 secs] 
2020-10-29T10:27:14.692+0000: [GC (Allocation Failure) 2020-10-29T10:27:14.692+0000: [ParNew: 16388K->4K(18432K), 0.0029332 secs] 478901K->462517K(896640K), 0.0029829 secs] [Times: user=0.00 sys=0.00, real=0.00 secs] 
2020-10-29T10:27:14.710+0000: [GC (Allocation Failure) 2020-10-29T10:27:14.710+0000: [ParNew: 16388K->4K(18432K), 0.0027500 secs] 478901K->462517K(896640K), 0.0027902 secs] [Times: user=0.01 sys=0.00, real=0.01 secs] 
2020-10-29T10:27:14.730+0000: [GC (Allocation Failure) 2020-10-29T10:27:14.730+0000: [ParNew: 16388K->4K(18432K), 0.0028350 secs] 478901K->462517K(896640K), 0.0028842 secs] [Times: user=0.01 sys=0.00, real=0.00 secs] 
2020-10-29T10:27:14.750+0000: [GC (Allocation Failure) 2020-10-29T10:27:14.750+0000: [ParNew: 16388K->4K(18432K), 0.0028268 secs] 478901K->462517K(896640K), 0.0028714 secs] [Times: user=0.00 sys=0.00, real=0.00 secs] 
2020-10-29T10:27:14.768+0000: [GC (Allocation Failure) 2020-10-29T10:27:14.768+0000: [ParNew: 16388K->4K(18432K), 0.0028531 secs] 478901K->462517K(896640K), 0.0029004 secs] [Times: user=0.01 sys=0.00, real=0.01 secs] 
2020-10-29T10:27:14.785+0000: [GC (Allocation Failure) 2020-10-29T10:27:14.785+0000: [ParNew: 16388K->4K(18432K), 0.0028898 secs] 478901K->462517K(896640K), 0.0029359 secs] [Times: user=0.00 sys=0.00, real=0.00 secs] 
2020-10-29T10:27:14.803+0000: [GC (Allocation Failure) 2020-10-29T10:27:14.803+0000: [ParNew: 16388K->4K(18432K), 0.0028170 secs] 478901K->462517K(896640K), 0.0028636 secs] [Times: user=0.01 sys=0.00, real=0.00 secs] 
2020-10-29T10:27:14.821+0000: [GC (Allocation Failure) 2020-10-29T10:27:14.821+0000: [ParNew: 16388K->4K(18432K), 0.0028653 secs] 478901K->462517K(896640K), 0.0029142 secs] [Times: user=0.00 sys=0.00, real=0.01 secs] 
2020-10-29T10:27:14.842+0000: [GC (Allocation Failure) 2020-10-29T10:27:14.842+0000: [ParNew: 16388K->4K(18432K), 0.0027334 secs] 478901K->462517K(896640K), 0.0027785 secs] [Times: user=0.01 sys=0.00, real=0.00 secs] 
2020-10-29T10:27:14.860+0000: [GC (Allocation Failure) 2020-10-29T10:27:14.860+0000: [ParNew: 16388K->4K(18432K), 0.0029103 secs] 478901K->462517K(896640K), 0.0029591 secs] [Times: user=0.01 sys=0.00, real=0.01 secs] 
2020-10-29T10:27:14.877+0000: [GC (Allocation Failure) 2020-10-29T10:27:14.877+0000: [ParNew: 16388K->4K(18432K), 0.0028878 secs] 478901K->462517K(896640K), 0.0029360 secs] [Times: user=0.00 sys=0.00, real=0.00 secs] 
2020-10-29T10:27:14.898+0000: [GC (Allocation Failure) 2020-10-29T10:27:14.898+0000: [ParNew: 16388K->4K(18432K), 0.0028972 secs] 478901K->462517K(896640K), 0.0029467 secs] [Times: user=0.01 sys=0.00, real=0.00 secs] 
2020-10-29T10:27:14.918+0000: [GC (Allocation Failure) 2020-10-29T10:27:14.918+0000: [ParNew: 16388K->4K(18432K), 0.0028957 secs] 478901K->462517K(896640K), 0.0029448 secs] [Times: user=0.00 sys=0.00, real=0.00 secs] 
2020-10-29T10:27:14.936+0000: [GC (Allocation Failure) 2020-10-29T10:27:14.936+0000: [ParNew: 16388K->4K(18432K), 0.0029660 secs] 478901K->462517K(896640K), 0.0030158 secs] [Times: user=0.01 sys=0.00, real=0.00 secs] 
2020-10-29T10:27:14.958+0000: [GC (Allocation Failure) 2020-10-29T10:27:14.958+0000: [ParNew: 16388K->4K(18432K), 0.0029278 secs] 478901K->462517K(896640K), 0.0029784 secs] [Times: user=0.01 sys=0.00, real=0.00 secs] 
2020-10-29T10:27:14.976+0000: [GC (Allocation Failure) 2020-10-29T10:27:14.976+0000: [ParNew: 16388K->4K(18432K), 0.0029174 secs] 478901K->462517K(896640K), 0.0029672 secs] [Times: user=0.01 sys=0.00, real=0.00 secs] 
2020-10-29T10:27:14.994+0000: [GC (Allocation Failure) 2020-10-29T10:27:14.994+0000: [ParNew: 16388K->4K(18432K), 0.0029801 secs] 478901K->462517K(896640K), 0.0030334 secs] [Times: user=0.00 sys=0.00, real=0.00 secs] 
2020-10-29T10:27:15.011+0000: [GC (Allocation Failure) 2020-10-29T10:27:15.011+0000: [ParNew: 16388K->4K(18432K), 0.0030076 secs] 478901K->462517K(896640K), 0.0030592 secs] [Times: user=0.01 sys=0.00, real=0.00 secs] 
2020-10-29T10:27:15.030+0000: [GC (Allocation Failure) 2020-10-29T10:27:15.030+0000: [ParNew: 16388K->4K(18432K), 0.0028384 secs] 478901K->462517K(896640K), 0.0028859 secs] [Times: user=0.01 sys=0.00, real=0.00 secs] 
2020-10-29T10:27:15.048+0000: [GC (Allocation Failure) 2020-10-29T10:27:15.048+0000: [ParNew: 16388K->4K(18432K), 0.0029226 secs] 478901K->462517K(896640K), 0.0029685 secs] [Times: user=0.01 sys=0.00, real=0.01 secs] 
2020-10-29T10:27:15.066+0000: [GC (Allocation Failure) 2020-10-29T10:27:15.066+0000: [ParNew: 16388K->4K(18432K), 0.0026550 secs] 478901K->462517K(896640K), 0.0026991 secs] [Times: user=0.00 sys=0.00, real=0.00 secs] 
2020-10-29T10:27:15.084+0000: [GC (Allocation Failure) 2020-10-29T10:27:15.084+0000: [ParNew: 16388K->4K(18432K), 0.0028889 secs] 478901K->462517K(896640K), 0.0029404 secs] [Times: user=0.01 sys=0.00, real=0.00 secs] 
2020-10-29T10:27:15.101+0000: [GC (Allocation Failure) 2020-10-29T10:27:15.101+0000: [ParNew: 16388K->4K(18432K), 0.0028627 secs] 478901K->462517K(896640K), 0.0029094 secs] [Times: user=0.01 sys=0.00, real=0.01 secs] 
2020-10-29T10:27:15.122+0000: [GC (Allocation Failure) 2020-10-29T10:27:15.122+0000: [ParNew: 16388K->4K(18432K), 0.0030163 secs] 478901K->462517K(896640K), 0.0030686 secs] [Times: user=0.01 sys=0.00, real=0.00 secs] 
2020-10-29T10:27:15.140+0000: [GC (Allocation Failure) 2020-10-29T10:27:15.140+0000: [ParNew: 16388K->4K(18432K), 0.0028475 secs] 478901K->462517K(896640K), 0.0028953 secs] [Times: user=0.00 sys=0.00, real=0.01 secs] 
2020-10-29T10:27:15.158+0000: [GC (Allocation Failure) 2020-10-29T10:27:15.158+0000: [ParNew: 16388K->4K(18432K), 0.0028717 secs] 478901K->462517K(896640K), 0.0029200 secs] [Times: user=0.01 sys=0.00, real=0.00 secs] 
2020-10-29T10:27:15.178+0000: [GC (Allocation Failure) 2020-10-29T10:27:15.178+0000: [ParNew: 16388K->4K(18432K), 0.0030502 secs] 478901K->462517K(896640K), 0.0031033 secs] [Times: user=0.01 sys=0.00, real=0.00 secs] 
2020-10-29T10:27:15.200+0000: [GC (Allocation Failure) 2020-10-29T10:27:15.200+0000: [ParNew: 16388K->4K(18432K), 0.0029440 secs] 478901K->462517K(896640K), 0.0029938 secs] [Times: user=0.00 sys=0.00, real=0.01 secs] 
2020-10-29T10:27:15.218+0000: [GC (Allocation Failure) 2020-10-29T10:27:15.218+0000: [ParNew: 16388K->4K(18432K), 0.0029018 secs] 478901K->462517K(896640K), 0.0029523 secs] [Times: user=0.00 sys=0.00, real=0.00 secs] 
2020-10-29T10:27:15.236+0000: [GC (Allocation Failure) 2020-10-29T10:27:15.236+0000: [ParNew: 16388K->4K(18432K), 0.0029638 secs] 478901K->462517K(896640K), 0.0030107 secs] [Times: user=0.01 sys=0.00, real=0.00 secs] 
2020-10-29T10:27:15.254+0000: [GC (Allocation Failure) 2020-10-29T10:27:15.254+0000: [ParNew: 16388K->4K(18432K), 0.0029449 secs] 478901K->462517K(896640K), 0.0029970 secs] [Times: user=0.01 sys=0.00, real=0.00 secs] 
2020-10-29T10:27:15.271+0000: [GC (Allocation Failure) 2020-10-29T10:27:15.271+0000: [ParNew: 16388K->4K(18432K), 0.0030700 secs] 478901K->462517K(896640K), 0.0031241 secs] [Times: user=0.00 sys=0.00, real=0.00 secs] 
2020-10-29T10:27:15.290+0000: [GC (Allocation Failure) 2020-10-29T10:27:15.290+0000: [ParNew: 16388K->4K(18432K), 0.0031031 secs] 478901K->462518K(896640K), 0.0031654 secs] [Times: user=0.00 sys=0.00, real=0.01 secs] 
2020-10-29T10:27:15.308+0000: [GC (Allocation Failure) 2020-10-29T10:27:15.308+0000: [ParNew: 16388K->4K(18432K), 0.0030802 secs] 478902K->462518K(896640K), 0.0031468 secs] [Times: user=0.01 sys=0.00, real=0.01 secs] 
2020-10-29T10:27:15.326+0000: [GC (Allocation Failure) 2020-10-29T10:27:15.326+0000: [ParNew: 16388K->4K(18432K), 0.0030504 secs] 478902K->462518K(896640K), 0.0031061 secs] [Times: user=0.00 sys=0.00, real=0.00 secs] 
2020-10-29T10:27:15.344+0000: [GC (Allocation Failure) 2020-10-29T10:27:15.344+0000: [ParNew: 16388K->4K(18432K), 0.0029988 secs] 478902K->462518K(896640K), 0.0030523 secs] [Times: user=0.00 sys=0.00, real=0.00 secs] 
2020-10-29T10:27:15.362+0000: [GC (Allocation Failure) 2020-10-29T10:27:15.362+0000: [ParNew: 16388K->4K(18432K), 0.0029390 secs] 478902K->462518K(896640K), 0.0029885 secs] [Times: user=0.01 sys=0.00, real=0.01 secs] 
2020-10-29T10:27:15.382+0000: [GC (Allocation Failure) 2020-10-29T10:27:15.382+0000: [ParNew: 16388K->4K(18432K), 0.0029221 secs] 478902K->462518K(896640K), 0.0029703 secs] [Times: user=0.00 sys=0.00, real=0.00 secs] 
2020-10-29T10:27:15.406+0000: [GC (Allocation Failure) 2020-10-29T10:27:15.406+0000: [ParNew: 16388K->4K(18432K), 0.0030264 secs] 478902K->462518K(896640K), 0.0030834 secs] [Times: user=0.00 sys=0.00, real=0.00 secs] 
2020-10-29T10:27:15.424+0000: [GC (Allocation Failure) 2020-10-29T10:27:15.424+0000: [ParNew: 16388K->4K(18432K), 0.0030726 secs] 478902K->462518K(896640K), 0.0031229 secs] [Times: user=0.01 sys=0.00, real=0.00 secs] 
2020-10-29T10:27:15.442+0000: [GC (Allocation Failure) 2020-10-29T10:27:15.442+0000: [ParNew: 16388K->4K(18432K), 0.0029122 secs] 478902K->462518K(896640K), 0.0029611 secs] [Times: user=0.01 sys=0.00, real=0.01 secs] 
2020-10-29T10:27:15.460+0000: [GC (Allocation Failure) 2020-10-29T10:27:15.460+0000: [ParNew: 16388K->4K(18432K), 0.0029567 secs] 478902K->462518K(896640K), 0.0030081 secs] [Times: user=0.00 sys=0.00, real=0.01 secs] 
2020-10-29T10:27:15.477+0000: [GC (Allocation Failure) 2020-10-29T10:27:15.477+0000: [ParNew: 16388K->4K(18432K), 0.0029234 secs] 478902K->462518K(896640K), 0.0029968 secs] [Times: user=0.01 sys=0.00, real=0.00 secs] 
2020-10-29T10:27:15.498+0000: [GC (Allocation Failure) 2020-10-29T10:27:15.498+0000: [ParNew: 16388K->4K(18432K), 0.0029441 secs] 478902K->462518K(896640K), 0.0029920 secs] [Times: user=0.01 sys=0.00, real=0.00 secs] 
2020-10-29T10:27:15.516+0000: [GC (Allocation Failure) 2020-10-29T10:27:15.516+0000: [ParNew: 16388K->4K(18432K), 0.0030756 secs] 478902K->462518K(896640K), 0.0031306 secs] [Times: user=0.00 sys=0.00, real=0.00 secs] 
2020-10-29T10:27:15.534+0000: [GC (Allocation Failure) 2020-10-29T10:27:15.534+0000: [ParNew: 16388K->4K(18432K), 0.0029826 secs] 478902K->462518K(896640K), 0.0030443 secs] [Times: user=0.01 sys=0.00, real=0.00 secs] 
2020-10-29T10:27:15.554+0000: [GC (Allocation Failure) 2020-10-29T10:27:15.554+0000: [ParNew: 16388K->4K(18432K), 0.0029473 secs] 478902K->462518K(896640K), 0.0029955 secs] [Times: user=0.00 sys=0.00, real=0.00 secs] 
2020-10-29T10:27:15.574+0000: [GC (Allocation Failure) 2020-10-29T10:27:15.574+0000: [ParNew: 16388K->4K(18432K), 0.0028594 secs] 478902K->462518K(896640K), 0.0029054 secs] [Times: user=0.01 sys=0.00, real=0.00 secs] 
2020-10-29T10:27:15.594+0000: [GC (Allocation Failure) 2020-10-29T10:27:15.594+0000: [ParNew: 16388K->4K(18432K), 0.0029610 secs] 478902K->462518K(896640K), 0.0030121 secs] [Times: user=0.00 sys=0.00, real=0.00 secs] 
2020-10-29T10:27:15.614+0000: [GC (Allocation Failure) 2020-10-29T10:27:15.614+0000: [ParNew: 16388K->4K(18432K), 0.0029019 secs] 478902K->462518K(896640K), 0.0029512 secs] [Times: user=0.00 sys=0.00, real=0.00 secs] 
2020-10-29T10:27:15.632+0000: [GC (Allocation Failure) 2020-10-29T10:27:15.632+0000: [ParNew: 16388K->4K(18432K), 0.0029584 secs] 478902K->462518K(896640K), 0.0030082 secs] [Times: user=0.01 sys=0.00, real=0.00 secs] 
2020-10-29T10:27:15.650+0000: [GC (Allocation Failure) 2020-10-29T10:27:15.650+0000: [ParNew: 16388K->4K(18432K), 0.0029296 secs] 478902K->462518K(896640K), 0.0029826 secs] [Times: user=0.00 sys=0.00, real=0.00 secs] 
2020-10-29T10:27:15.669+0000: [GC (Allocation Failure) 2020-10-29T10:27:15.669+0000: [ParNew: 16388K->4K(18432K), 0.0030675 secs] 478902K->462518K(896640K), 0.0031246 secs] [Times: user=0.01 sys=0.00, real=0.01 secs] 
2020-10-29T10:27:15.690+0000: [GC (Allocation Failure) 2020-10-29T10:27:15.690+0000: [ParNew: 16388K->4K(18432K), 0.0029014 secs] 478902K->462518K(896640K), 0.0029512 secs] [Times: user=0.00 sys=0.00, real=0.00 secs] 
2020-10-29T10:27:15.708+0000: [GC (Allocation Failure) 2020-10-29T10:27:15.708+0000: [ParNew: 16388K->4K(18432K), 0.0029373 secs] 478902K->462518K(896640K), 0.0029880 secs] [Times: user=0.01 sys=0.00, real=0.01 secs] 
2020-10-29T10:27:15.726+0000: [GC (Allocation Failure) 2020-10-29T10:27:15.726+0000: [ParNew: 16372K->4K(18432K), 0.0029225 secs] 478886K->462518K(896640K), 0.0029686 secs] [Times: user=0.00 sys=0.00, real=0.00 secs] 
2020-10-29T10:27:15.749+0000: [GC (Allocation Failure) 2020-10-29T10:27:15.749+0000: [ParNew: 16388K->4K(18432K), 0.0029827 secs] 478902K->462518K(896640K), 0.0030333 secs] [Times: user=0.01 sys=0.00, real=0.01 secs] 
2020-10-29T10:27:15.766+0000: [GC (Allocation Failure) 2020-10-29T10:27:15.766+0000: [ParNew: 16388K->4K(18432K), 0.0028362 secs] 478902K->462518K(896640K), 0.0028826 secs] [Times: user=0.00 sys=0.00, real=0.00 secs] 
2020-10-29T10:27:15.784+0000: [GC (Allocation Failure) 2020-10-29T10:27:15.784+0000: [ParNew: 16388K->4K(18432K), 0.0028320 secs] 478902K->462518K(896640K), 0.0028759 secs] [Times: user=0.01 sys=0.00, real=0.00 secs] 
2020-10-29T10:27:15.801+0000: [GC (Allocation Failure) 2020-10-29T10:27:15.801+0000: [ParNew: 16373K->4K(18432K), 0.0028806 secs] 478887K->462518K(896640K), 0.0029246 secs] [Times: user=0.00 sys=0.00, real=0.01 secs] 
2020-10-29T10:27:15.822+0000: [GC (Allocation Failure) 2020-10-29T10:27:15.822+0000: [ParNew: 16388K->4K(18432K), 0.0027643 secs] 478902K->462518K(896640K), 0.0028086 secs] [Times: user=0.01 sys=0.00, real=0.00 secs] 
2020-10-29T10:27:15.840+0000: [GC (Allocation Failure) 2020-10-29T10:27:15.840+0000: [ParNew: 16388K->4K(18432K), 0.0026059 secs] 478902K->462518K(896640K), 0.0026482 secs] [Times: user=0.01 sys=0.00, real=0.01 secs] 
2020-10-29T10:27:15.857+0000: [GC (Allocation Failure) 2020-10-29T10:27:15.857+0000: [ParNew: 16388K->4K(18432K), 0.0027414 secs] 478902K->462518K(896640K), 0.0028033 secs] [Times: user=0.00 sys=0.00, real=0.00 secs] 
2020-10-29T10:27:15.878+0000: [GC (Allocation Failure) 2020-10-29T10:27:15.878+0000: [ParNew: 16388K->4K(18432K), 0.0030175 secs] 478902K->462518K(896640K), 0.0030800 secs] [Times: user=0.01 sys=0.00, real=0.00 secs] 
2020-10-29T10:27:15.896+0000: [GC (Allocation Failure) 2020-10-29T10:27:15.896+0000: [ParNew: 16388K->4K(18432K), 0.0030806 secs] 478902K->462518K(896640K), 0.0031430 secs] [Times: user=0.00 sys=0.00, real=0.00 secs] 
2020-10-29T10:27:15.914+0000: [GC (Allocation Failure) 2020-10-29T10:27:15.914+0000: [ParNew: 16388K->4K(18432K), 0.0029584 secs] 478902K->462518K(896640K), 0.0030101 secs] [Times: user=0.00 sys=0.00, real=0.00 secs] 
2020-10-29T10:27:15.932+0000: [GC (Allocation Failure) 2020-10-29T10:27:15.932+0000: [ParNew: 16388K->4K(18432K), 0.0029244 secs] 478902K->462518K(896640K), 0.0029751 secs] [Times: user=0.01 sys=0.00, real=0.00 secs] 
2020-10-29T10:27:15.950+0000: [GC (Allocation Failure) 2020-10-29T10:27:15.950+0000: [ParNew: 16388K->4K(18432K), 0.0029382 secs] 478902K->462518K(896640K), 0.0029883 secs] [Times: user=0.01 sys=0.00, real=0.01 secs] 
2020-10-29T10:27:15.967+0000: [GC (Allocation Failure) 2020-10-29T10:27:15.967+0000: [ParNew: 16388K->4K(18432K), 0.0028199 secs] 478902K->462518K(896640K), 0.0028654 secs] [Times: user=0.00 sys=0.00, real=0.01 secs] 
2020-10-29T10:27:15.986+0000: [GC (Allocation Failure) 2020-10-29T10:27:15.986+0000: [ParNew: 16388K->4K(18432K), 0.0027346 secs] 478902K->462518K(896640K), 0.0027776 secs] [Times: user=0.01 sys=0.00, real=0.00 secs] 
2020-10-29T10:27:16.004+0000: [GC (Allocation Failure) 2020-10-29T10:27:16.004+0000: [ParNew: 16388K->4K(18432K), 0.0027426 secs] 478902K->462518K(896640K), 0.0027853 secs] [Times: user=0.00 sys=0.00, real=0.00 secs] 
2020-10-29T10:27:16.022+0000: [GC (Allocation Failure) 2020-10-29T10:27:16.022+0000: [ParNew: 16388K->4K(18432K), 0.0026598 secs] 478902K->462518K(896640K), 0.0027041 secs] [Times: user=0.01 sys=0.00, real=0.00 secs] 
2020-10-29T10:27:16.042+0000: [GC (Allocation Failure) 2020-10-29T10:27:16.042+0000: [ParNew: 16388K->4K(18432K), 0.0025215 secs] 478902K->462518K(896640K), 0.0025631 secs] [Times: user=0.01 sys=0.00, real=0.00 secs] 
2020-10-29T10:27:16.062+0000: [GC (Allocation Failure) 2020-10-29T10:27:16.062+0000: [ParNew: 16388K->4K(18432K), 0.0027575 secs] 478902K->462518K(896640K), 0.0028052 secs] [Times: user=0.01 sys=0.00, real=0.00 secs] 
2020-10-29T10:27:16.080+0000: [GC (Allocation Failure) 2020-10-29T10:27:16.080+0000: [ParNew: 16388K->4K(18432K), 0.0029166 secs] 478902K->462518K(896640K), 0.0029628 secs] [Times: user=0.00 sys=0.00, real=0.01 secs] 
2020-10-29T10:27:16.097+0000: [GC (Allocation Failure) 2020-10-29T10:27:16.097+0000: [ParNew: 16388K->4K(18432K), 0.0027905 secs] 478902K->462518K(896640K), 0.0028316 secs] [Times: user=0.00 sys=0.00, real=0.00 secs] 
2020-10-29T10:27:16.115+0000: [GC (Allocation Failure) 2020-10-29T10:27:16.115+0000: [ParNew: 16388K->4K(18432K), 0.0027114 secs] 478902K->462518K(896640K), 0.0027541 secs] [Times: user=0.01 sys=0.00, real=0.00 secs] 
2020-10-29T10:27:16.134+0000: [GC (Allocation Failure) 2020-10-29T10:27:16.134+0000: [ParNew: 16388K->4K(18432K), 0.0028897 secs] 478902K->462518K(896640K), 0.0029389 secs] [Times: user=0.01 sys=0.00, real=0.00 secs] 
2020-10-29T10:27:16.154+0000: [GC (Allocation Failure) 2020-10-29T10:27:16.154+0000: [ParNew: 16388K->4K(18432K), 0.0028196 secs] 478902K->462518K(896640K), 0.0028671 secs] [Times: user=0.00 sys=0.00, real=0.00 secs] 
2020-10-29T10:27:16.172+0000: [GC (Allocation Failure) 2020-10-29T10:27:16.172+0000: [ParNew: 16388K->4K(18432K), 0.0028084 secs] 478902K->462518K(896640K), 0.0028674 secs] [Times: user=0.01 sys=0.00, real=0.00 secs] 
2020-10-29T10:27:16.190+0000: [GC (Allocation Failure) 2020-10-29T10:27:16.190+0000: [ParNew: 16388K->4K(18432K), 0.0029524 secs] 478902K->462518K(896640K), 0.0030049 secs] [Times: user=0.00 sys=0.00, real=0.00 secs] 
2020-10-29T10:27:16.208+0000: [GC (Allocation Failure) 2020-10-29T10:27:16.208+0000: [ParNew: 16388K->4K(18432K), 0.0028709 secs] 478902K->462518K(896640K), 0.0029197 secs] [Times: user=0.01 sys=0.00, real=0.01 secs] 
2020-10-29T10:27:16.226+0000: [GC (Allocation Failure) 2020-10-29T10:27:16.226+0000: [ParNew: 16388K->4K(18432K), 0.0028003 secs] 478902K->462518K(896640K), 0.0028478 secs] [Times: user=0.01 sys=0.00, real=0.00 secs] 
2020-10-29T10:27:16.246+0000: [GC (Allocation Failure) 2020-10-29T10:27:16.246+0000: [ParNew: 16388K->4K(18432K), 0.0029283 secs] 478902K->462518K(896640K), 0.0029757 secs] [Times: user=0.01 sys=0.00, real=0.00 secs] 
2020-10-29T10:27:16.264+0000: [GC (Allocation Failure) 2020-10-29T10:27:16.264+0000: [ParNew: 16388K->4K(18432K), 0.0029782 secs] 478902K->462518K(896640K), 0.0030323 secs] [Times: user=0.00 sys=0.00, real=0.00 secs] 
2020-10-29T10:27:16.286+0000: [GC (Allocation Failure) 2020-10-29T10:27:16.286+0000: [ParNew: 16388K->4K(18432K), 0.0029958 secs] 478902K->462518K(896640K), 0.0030495 secs] [Times: user=0.01 sys=0.00, real=0.00 secs] 
2020-10-29T10:27:16.303+0000: [GC (Allocation Failure) 2020-10-29T10:27:16.303+0000: [ParNew: 16388K->4K(18432K), 0.0029278 secs] 478902K->462518K(896640K), 0.0029781 secs] [Times: user=0.01 sys=0.00, real=0.00 secs] 
2020-10-29T10:27:16.321+0000: [GC (Allocation Failure) 2020-10-29T10:27:16.321+0000: [ParNew: 16388K->4K(18432K), 0.0030391 secs] 478902K->462518K(896640K), 0.0030956 secs] [Times: user=0.00 sys=0.00, real=0.01 secs] 
2020-10-29T10:27:16.339+0000: [GC (Allocation Failure) 2020-10-29T10:27:16.339+0000: [ParNew: 16388K->4K(18432K), 0.0029916 secs] 478902K->462518K(896640K), 0.0030457 secs] [Times: user=0.01 sys=0.00, real=0.00 secs] 
2020-10-29T10:27:16.357+0000: [GC (Allocation Failure) 2020-10-29T10:27:16.357+0000: [ParNew: 16388K->4K(18432K), 0.0029028 secs] 478902K->462518K(896640K), 0.0029535 secs] [Times: user=0.00 sys=0.00, real=0.00 secs] 
2020-10-29T10:27:16.375+0000: [GC (Allocation Failure) 2020-10-29T10:27:16.375+0000: [ParNew: 16388K->4K(18432K), 0.0029945 secs] 478902K->462518K(896640K), 0.0030476 secs] [Times: user=0.01 sys=0.00, real=0.00 secs] 
2020-10-29T10:27:16.393+0000: [GC (Allocation Failure) 2020-10-29T10:27:16.393+0000: [ParNew: 16388K->4K(18432K), 0.0028679 secs] 478902K->462518K(896640K), 0.0029159 secs] [Times: user=0.00 sys=0.00, real=0.00 secs] 
2020-10-29T10:27:16.411+0000: [GC (Allocation Failure) 2020-10-29T10:27:16.411+0000: [ParNew: 16388K->4K(18432K), 0.0028185 secs] 478902K->462518K(896640K), 0.0028675 secs] [Times: user=0.01 sys=0.00, real=0.00 secs] 
2020-10-29T10:27:16.428+0000: [GC (Allocation Failure) 2020-10-29T10:27:16.428+0000: [ParNew: 16388K->4K(18432K), 0.0028423 secs] 478902K->462518K(896640K), 0.0028865 secs] [Times: user=0.00 sys=0.00, real=0.01 secs] 
2020-10-29T10:27:16.446+0000: [GC (Allocation Failure) 2020-10-29T10:27:16.446+0000: [ParNew: 16388K->4K(18432K), 0.0028160 secs] 478902K->462518K(896640K), 0.0028603 secs] [Times: user=0.00 sys=0.00, real=0.00 secs] 
2020-10-29T10:27:16.463+0000: [GC (Allocation Failure) 2020-10-29T10:27:16.463+0000: [ParNew: 16388K->4K(18432K), 0.0026637 secs] 478902K->462518K(896640K), 0.0027084 secs] [Times: user=0.01 sys=0.00, real=0.00 secs] 
2020-10-29T10:27:16.482+0000: [GC (Allocation Failure) 2020-10-29T10:27:16.482+0000: [ParNew: 16388K->4K(18432K), 0.0028669 secs] 478902K->462518K(896640K), 0.0029115 secs] [Times: user=0.01 sys=0.00, real=0.00 secs] 
2020-10-29T10:27:16.500+0000: [GC (Allocation Failure) 2020-10-29T10:27:16.500+0000: [ParNew: 16388K->4K(18432K), 0.0028628 secs] 478902K->462518K(896640K), 0.0029098 secs] [Times: user=0.00 sys=0.00, real=0.01 secs] 
2020-10-29T10:27:16.518+0000: [GC (Allocation Failure) 2020-10-29T10:27:16.518+0000: [ParNew: 16388K->4K(18432K), 0.0028986 secs] 478902K->462518K(896640K), 0.0029485 secs] [Times: user=0.01 sys=0.00, real=0.00 secs] 
2020-10-29T10:27:16.535+0000: [GC (Allocation Failure) 2020-10-29T10:27:16.535+0000: [ParNew: 16388K->4K(18432K), 0.0028687 secs] 478902K->462518K(896640K), 0.0029335 secs] [Times: user=0.01 sys=0.00, real=0.00 secs] 
2020-10-29T10:27:16.553+0000: [GC (Allocation Failure) 2020-10-29T10:27:16.553+0000: [ParNew: 16388K->4K(18432K), 0.0028282 secs] 478902K->462518K(896640K), 0.0028749 secs] [Times: user=0.00 sys=0.00, real=0.00 secs] 
2020-10-29T10:27:16.570+0000: [GC (Allocation Failure) 2020-10-29T10:27:16.570+0000: [ParNew: 16388K->4K(18432K), 0.0028941 secs] 478902K->462518K(896640K), 0.0029517 secs] [Times: user=0.01 sys=0.00, real=0.01 secs] 
2020-10-29T10:27:16.588+0000: [GC (Allocation Failure) 2020-10-29T10:27:16.588+0000: [ParNew: 16388K->4K(18432K), 0.0029494 secs] 478902K->462518K(896640K), 0.0029997 secs] [Times: user=0.00 sys=0.00, real=0.01 secs] 
2020-10-29T10:27:16.606+0000: [GC (Allocation Failure) 2020-10-29T10:27:16.606+0000: [ParNew: 16388K->4K(18432K), 0.0029010 secs] 478902K->462518K(896640K), 0.0029519 secs] [Times: user=0.01 sys=0.00, real=0.00 secs] 
2020-10-29T10:27:16.626+0000: [GC (Allocation Failure) 2020-10-29T10:27:16.626+0000: [ParNew: 16388K->4K(18432K), 0.0029444 secs] 478902K->462518K(896640K), 0.0029957 secs] [Times: user=0.01 sys=0.00, real=0.00 secs] 
2020-10-29T10:27:16.646+0000: [GC (Allocation Failure) 2020-10-29T10:27:16.646+0000: [ParNew: 16388K->4K(18432K), 0.0028585 secs] 478902K->462518K(896640K), 0.0029069 secs] [Times: user=0.00 sys=0.00, real=0.00 secs] 
2020-10-29T10:27:16.664+0000: [GC (Allocation Failure) 2020-10-29T10:27:16.664+0000: [ParNew: 16388K->4K(18432K), 0.0029347 secs] 478902K->462518K(896640K), 0.0030020 secs] [Times: user=0.01 sys=0.00, real=0.00 secs] 
2020-10-29T10:27:16.682+0000: [GC (Allocation Failure) 2020-10-29T10:27:16.682+0000: [ParNew: 16388K->4K(18432K), 0.0029536 secs] 478902K->462518K(896640K), 0.0030033 secs] [Times: user=0.01 sys=0.00, real=0.01 secs] 
2020-10-29T10:27:16.702+0000: [GC (Allocation Failure) 2020-10-29T10:27:16.702+0000: [ParNew: 16388K->4K(18432K), 0.0029053 secs] 478902K->462518K(896640K), 0.0029544 secs] [Times: user=0.01 sys=0.00, real=0.00 secs] 
2020-10-29T10:27:16.720+0000: [GC (Allocation Failure) 2020-10-29T10:27:16.720+0000: [ParNew: 16388K->4K(18432K), 0.0028884 secs] 478902K->462518K(896640K), 0.0029351 secs] [Times: user=0.00 sys=0.00, real=0.01 secs] 
2020-10-29T10:27:16.738+0000: [GC (Allocation Failure) 2020-10-29T10:27:16.738+0000: [ParNew: 16388K->4K(18432K), 0.0029359 secs] 478902K->462518K(896640K), 0.0029845 secs] [Times: user=0.01 sys=0.00, real=0.00 secs] 
2020-10-29T10:27:16.755+0000: [GC (Allocation Failure) 2020-10-29T10:27:16.756+0000: [ParNew: 16388K->4K(18432K), 0.0029672 secs] 478902K->462518K(896640K), 0.0030308 secs] [Times: user=0.00 sys=0.00, real=0.00 secs] 
2020-10-29T10:27:16.773+0000: [GC (Allocation Failure) 2020-10-29T10:27:16.773+0000: [ParNew: 16388K->4K(18432K), 0.0029436 secs] 478902K->462518K(896640K), 0.0029943 secs] [Times: user=0.01 sys=0.00, real=0.00 secs] 
2020-10-29T10:27:16.791+0000: [GC (Allocation Failure) 2020-10-29T10:27:16.791+0000: [ParNew: 16388K->4K(18432K), 0.0028800 secs] 478902K->462518K(896640K), 0.0029248 secs] [Times: user=0.01 sys=0.00, real=0.00 secs] 
2020-10-29T10:27:16.808+0000: [GC (Allocation Failure) 2020-10-29T10:27:16.808+0000: [ParNew: 16388K->4K(18432K), 0.0030046 secs] 478902K->462518K(896640K), 0.0030561 secs] [Times: user=0.01 sys=0.00, real=0.01 secs] 
2020-10-29T10:27:16.826+0000: [GC (Allocation Failure) 2020-10-29T10:27:16.826+0000: [ParNew: 16388K->4K(18432K), 0.0028871 secs] 478902K->462518K(896640K), 0.0029319 secs] [Times: user=0.01 sys=0.00, real=0.00 secs] 
2020-10-29T10:27:16.846+0000: [GC (Allocation Failure) 2020-10-29T10:27:16.846+0000: [ParNew: 16388K->4K(18432K), 0.0029085 secs] 478902K->462518K(896640K), 0.0029561 secs] [Times: user=0.01 sys=0.00, real=0.00 secs] 
2020-10-29T10:27:16.864+0000: [GC (Allocation Failure) 2020-10-29T10:27:16.864+0000: [ParNew: 16388K->4K(18432K), 0.0028918 secs] 478902K->462518K(896640K), 0.0029402 secs] [Times: user=0.01 sys=0.00, real=0.00 secs] 
2020-10-29T10:27:16.882+0000: [GC (Allocation Failure) 2020-10-29T10:27:16.882+0000: [ParNew: 16388K->4K(18432K), 0.0030111 secs] 478902K->462518K(896640K), 0.0030635 secs] [Times: user=0.01 sys=0.00, real=0.01 secs] 
2020-10-29T10:27:16.902+0000: [GC (Allocation Failure) 2020-10-29T10:27:16.902+0000: [ParNew: 16388K->4K(18432K), 0.0029893 secs] 478902K->462518K(896640K), 0.0030418 secs] [Times: user=0.01 sys=0.00, real=0.00 secs] 
2020-10-29T10:27:16.920+0000: [GC (Allocation Failure) 2020-10-29T10:27:16.920+0000: [ParNew: 16388K->4K(18432K), 0.0029779 secs] 478902K->462518K(896640K), 0.0030277 secs] [Times: user=0.00 sys=0.00, real=0.01 secs] 
2020-10-29T10:27:16.942+0000: [GC (Allocation Failure) 2020-10-29T10:27:16.942+0000: [ParNew: 16388K->4K(18432K), 0.0029407 secs] 478902K->462518K(896640K), 0.0030055 secs] [Times: user=0.01 sys=0.00, real=0.01 secs] 
2020-10-29T10:27:16.960+0000: [GC (Allocation Failure) 2020-10-29T10:27:16.960+0000: [ParNew: 16388K->4K(18432K), 0.0029017 secs] 478902K->462518K(896640K), 0.0029481 secs] [Times: user=0.00 sys=0.00, real=0.01 secs] 
2020-10-29T10:27:16.982+0000: [GC (Allocation Failure) 2020-10-29T10:27:16.982+0000: [ParNew: 16388K->4K(18432K), 0.0029336 secs] 478902K->462518K(896640K), 0.0029840 secs] [Times: user=0.00 sys=0.00, real=0.00 secs] 
2020-10-29T10:27:17.000+0000: [GC (Allocation Failure) 2020-10-29T10:27:17.000+0000: [ParNew: 16388K->4K(18432K), 0.0029728 secs] 478902K->462518K(896640K), 0.0030237 secs] [Times: user=0.01 sys=0.00, real=0.01 secs] 
2020-10-29T10:27:17.018+0000: [GC (Allocation Failure) 2020-10-29T10:27:17.018+0000: [ParNew: 16388K->4K(18432K), 0.0029381 secs] 478902K->462518K(896640K), 0.0029887 secs] [Times: user=0.00 sys=0.00, real=0.00 secs] 
2020-10-29T10:27:17.036+0000: [GC (Allocation Failure) 2020-10-29T10:27:17.036+0000: [ParNew: 16388K->4K(18432K), 0.0030315 secs] 478902K->462518K(896640K), 0.0030800 secs] [Times: user=0.01 sys=0.00, real=0.00 secs] 
2020-10-29T10:27:17.054+0000: [GC (Allocation Failure) 2020-10-29T10:27:17.054+0000: [ParNew: 16388K->4K(18432K), 0.0030087 secs] 478902K->462518K(896640K), 0.0030601 secs] [Times: user=0.00 sys=0.00, real=0.00 secs] 
2020-10-29T10:27:17.072+0000: [GC (Allocation Failure) 2020-10-29T10:27:17.072+0000: [ParNew: 16388K->4K(18432K), 0.0030236 secs] 478902K->462518K(896640K), 0.0030821 secs] [Times: user=0.00 sys=0.00, real=0.00 secs] 
2020-10-29T10:27:17.090+0000: [GC (Allocation Failure) 2020-10-29T10:27:17.090+0000: [ParNew: 16388K->4K(18432K), 0.0030449 secs] 478902K->462518K(896640K), 0.0031010 secs] [Times: user=0.01 sys=0.00, real=0.01 secs] 
2020-10-29T10:27:17.107+0000: [GC (Allocation Failure) 2020-10-29T10:27:17.108+0000: [ParNew: 16388K->4K(18432K), 0.0029943 secs] 478902K->462518K(896640K), 0.0030472 secs] [Times: user=0.00 sys=0.00, real=0.01 secs] 
2020-10-29T10:27:17.126+0000: [GC (Allocation Failure) 2020-10-29T10:27:17.126+0000: [ParNew: 16388K->4K(18432K), 0.0029866 secs] 478902K->462518K(896640K), 0.0030396 secs] [Times: user=0.01 sys=0.00, real=0.00 secs] 
2020-10-29T10:27:17.144+0000: [GC (Allocation Failure) 2020-10-29T10:27:17.144+0000: [ParNew: 16388K->4K(18432K), 0.0030430 secs] 478902K->462518K(896640K), 0.0030968 secs] [Times: user=0.01 sys=0.00, real=0.00 secs] 
2020-10-29T10:27:17.166+0000: [GC (Allocation Failure) 2020-10-29T10:27:17.166+0000: [ParNew: 16388K->4K(18432K), 0.0029578 secs] 478902K->462518K(896640K), 0.0030106 secs] [Times: user=0.01 sys=0.00, real=0.00 secs] 
2020-10-29T10:27:17.184+0000: [GC (Allocation Failure) 2020-10-29T10:27:17.184+0000: [ParNew: 16388K->4K(18432K), 0.0029973 secs] 478902K->462518K(896640K), 0.0030476 secs] [Times: user=0.00 sys=0.00, real=0.00 secs] 
2020-10-29T10:27:17.202+0000: [GC (Allocation Failure) 2020-10-29T10:27:17.202+0000: [ParNew: 16388K->4K(18432K), 0.0029633 secs] 478902K->462518K(896640K), 0.0030140 secs] [Times: user=0.01 sys=0.00, real=0.01 secs] 
2020-10-29T10:27:17.222+0000: [GC (Allocation Failure) 2020-10-29T10:27:17.222+0000: [ParNew: 16388K->4K(18432K), 0.0029325 secs] 478902K->462518K(896640K), 0.0029832 secs] [Times: user=0.01 sys=0.00, real=0.00 secs] 
2020-10-29T10:27:17.242+0000: [GC (Allocation Failure) 2020-10-29T10:27:17.242+0000: [ParNew: 16388K->4K(18432K), 0.0029535 secs] 478902K->462518K(896640K), 0.0030042 secs] [Times: user=0.01 sys=0.00, real=0.00 secs] 
2020-10-29T10:27:17.260+0000: [GC (Allocation Failure) 2020-10-29T10:27:17.260+0000: [ParNew: 16388K->4K(18432K), 0.0029065 secs] 478902K->462519K(896640K), 0.0029561 secs] [Times: user=0.00 sys=0.00, real=0.01 secs] 
2020-10-29T10:27:17.278+0000: [GC (Allocation Failure) 2020-10-29T10:27:17.278+0000: [ParNew: 16388K->4K(18432K), 0.0029377 secs] 478903K->462519K(896640K), 0.0029965 secs] [Times: user=0.01 sys=0.00, real=0.00 secs] 
2020-10-29T10:27:17.296+0000: [GC (Allocation Failure) 2020-10-29T10:27:17.296+0000: [ParNew: 16388K->4K(18432K), 0.0028759 secs] 478903K->462519K(896640K), 0.0029205 secs] [Times: user=0.01 sys=0.00, real=0.00 secs] 
2020-10-29T10:27:17.317+0000: [GC (Allocation Failure) 2020-10-29T10:27:17.317+0000: [ParNew: 16388K->4K(18432K), 0.0028004 secs] 478903K->462519K(896640K), 0.0028442 secs] [Times: user=0.00 sys=0.00, real=0.00 secs] 
2020-10-29T10:27:17.335+0000: [GC (Allocation Failure) 2020-10-29T10:27:17.335+0000: [ParNew: 16388K->4K(18432K), 0.0027590 secs] 478903K->462519K(896640K), 0.0028025 secs] [Times: user=0.01 sys=0.00, real=0.00 secs] 
2020-10-29T10:27:17.352+0000: [GC (Allocation Failure) 2020-10-29T10:27:17.352+0000: [ParNew: 16388K->4K(18432K), 0.0028139 secs] 478903K->462519K(896640K), 0.0028589 secs] [Times: user=0.00 sys=0.00, real=0.00 secs] 
2020-10-29T10:27:17.370+0000: [GC (Allocation Failure) 2020-10-29T10:27:17.370+0000: [ParNew: 16388K->4K(18432K), 0.0027053 secs] 478903K->462519K(896640K), 0.0027467 secs] [Times: user=0.01 sys=0.00, real=0.00 secs] 
2020-10-29T10:27:17.388+0000: [GC (Allocation Failure) 2020-10-29T10:27:17.388+0000: [ParNew: 16388K->4K(18432K), 0.0028017 secs] 478903K->462519K(896640K), 0.0028430 secs] [Times: user=0.00 sys=0.00, real=0.01 secs] 
2020-10-29T10:27:17.406+0000: [GC (Allocation Failure) 2020-10-29T10:27:17.406+0000: [ParNew: 16388K->4K(18432K), 0.0025718 secs] 478903K->462519K(896640K), 0.0026131 secs] [Times: user=0.01 sys=0.00, real=0.00 secs] 
2020-10-29T10:27:17.424+0000: [GC (Allocation Failure) 2020-10-29T10:27:17.424+0000: [ParNew: 16388K->4K(18432K), 0.0028733 secs] 478903K->462519K(896640K), 0.0029218 secs] [Times: user=0.01 sys=0.00, real=0.00 secs] 
2020-10-29T10:27:17.441+0000: [GC (Allocation Failure) 2020-10-29T10:27:17.442+0000: [ParNew: 16388K->4K(18432K), 0.0028952 secs] 478903K->462519K(896640K), 0.0029423 secs] [Times: user=0.00 sys=0.00, real=0.01 secs] 
2020-10-29T10:27:17.462+0000: [GC (Allocation Failure) 2020-10-29T10:27:17.462+0000: [ParNew: 16388K->4K(18432K), 0.0028763 secs] 478903K->462519K(896640K), 0.0029247 secs] [Times: user=0.01 sys=0.00, real=0.00 secs] 
2020-10-29T10:27:17.482+0000: [GC (Allocation Failure) 2020-10-29T10:27:17.482+0000: [ParNew: 16388K->4K(18432K), 0.0025859 secs] 478903K->462519K(896640K), 0.0026286 secs] [Times: user=0.00 sys=0.00, real=0.00 secs] 
2020-10-29T10:27:17.500+0000: [GC (Allocation Failure) 2020-10-29T10:27:17.500+0000: [ParNew: 16388K->4K(18432K), 0.0025817 secs] 478903K->462519K(896640K), 0.0026229 secs] [Times: user=0.01 sys=0.00, real=0.01 secs] 
2020-10-29T10:27:17.518+0000: [GC (Allocation Failure) 2020-10-29T10:27:17.518+0000: [ParNew: 16388K->4K(18432K), 0.0029467 secs] 478903K->462519K(896640K), 0.0029991 secs] [Times: user=0.01 sys=0.00, real=0.00 secs] 
2020-10-29T10:27:17.536+0000: [GC (Allocation Failure) 2020-10-29T10:27:17.536+0000: [ParNew: 16388K->4K(18432K), 0.0028934 secs] 478903K->462519K(896640K), 0.0029378 secs] [Times: user=0.00 sys=0.00, real=0.00 secs] 
2020-10-29T10:27:17.554+0000: [GC (Allocation Failure) 2020-10-29T10:27:17.554+0000: [ParNew: 16388K->4K(18432K), 0.0028743 secs] 478903K->462519K(896640K), 0.0029224 secs] [Times: user=0.01 sys=0.00, real=0.00 secs] 
2020-10-29T10:27:17.574+0000: [GC (Allocation Failure) 2020-10-29T10:27:17.574+0000: [ParNew: 16388K->4K(18432K), 0.0029052 secs] 478903K->462519K(896640K), 0.0029537 secs] [Times: user=0.01 sys=0.00, real=0.00 secs] 
2020-10-29T10:27:17.592+0000: [GC (Allocation Failure) 2020-10-29T10:27:17.592+0000: [ParNew: 16388K->4K(18432K), 0.0029415 secs] 478903K->462519K(896640K), 0.0029907 secs] [Times: user=0.00 sys=0.00, real=0.00 secs] 
2020-10-29T10:27:17.609+0000: [GC (Allocation Failure) 2020-10-29T10:27:17.610+0000: [ParNew: 16388K->4K(18432K), 0.0029025 secs] 478903K->462519K(896640K), 0.0029523 secs] [Times: user=0.01 sys=0.00, real=0.01 secs] 
2020-10-29T10:27:17.627+0000: [GC (Allocation Failure) 2020-10-29T10:27:17.627+0000: [ParNew: 16388K->4K(18432K), 0.0028335 secs] 478903K->462519K(896640K), 0.0028969 secs] [Times: user=0.01 sys=0.01, real=0.01 secs] 
2020-10-29T10:27:17.645+0000: [GC (Allocation Failure) 2020-10-29T10:27:17.645+0000: [ParNew: 16388K->4K(18432K), 0.0028621 secs] 478903K->462519K(896640K), 0.0029097 secs] [Times: user=0.00 sys=0.00, real=0.00 secs] 
2020-10-29T10:27:17.666+0000: [GC (Allocation Failure) 2020-10-29T10:27:17.666+0000: [ParNew: 16388K->4K(18432K), 0.0028453 secs] 478903K->462519K(896640K), 0.0028928 secs] [Times: user=0.01 sys=0.00, real=0.00 secs] 
2020-10-29T10:27:17.685+0000: [GC (Allocation Failure) 2020-10-29T10:27:17.685+0000: [ParNew: 16388K->4K(18432K), 0.0030434 secs] 478903K->462519K(896640K), 0.0030951 secs] [Times: user=0.00 sys=0.00, real=0.00 secs] 
2020-10-29T10:27:17.703+0000: [GC (Allocation Failure) 2020-10-29T10:27:17.703+0000: [ParNew: 16388K->4K(18432K), 0.0028665 secs] 478903K->462519K(896640K), 0.0029144 secs] [Times: user=0.01 sys=0.00, real=0.00 secs] 
2020-10-29T10:27:17.722+0000: [GC (Allocation Failure) 2020-10-29T10:27:17.722+0000: [ParNew: 16388K->4K(18432K), 0.0028702 secs] 478903K->462519K(896640K), 0.0029182 secs] [Times: user=0.00 sys=0.00, real=0.00 secs] 
2020-10-29T10:27:17.740+0000: [GC (Allocation Failure) 2020-10-29T10:27:17.740+0000: [ParNew: 16388K->4K(18432K), 0.0030351 secs] 478903K->462519K(896640K), 0.0030830 secs] [Times: user=0.01 sys=0.00, real=0.01 secs] 
2020-10-29T10:27:17.762+0000: [GC (Allocation Failure) 2020-10-29T10:27:17.762+0000: [ParNew: 16388K->4K(18432K), 0.0029534 secs] 478903K->462519K(896640K), 0.0030031 secs] [Times: user=0.01 sys=0.00, real=0.01 secs] 
2020-10-29T10:27:17.780+0000: [GC (Allocation Failure) 2020-10-29T10:27:17.780+0000: [ParNew: 16388K->4K(18432K), 0.0029742 secs] 478903K->462519K(896640K), 0.0030254 secs] [Times: user=0.01 sys=0.00, real=0.01 secs] 
2020-10-29T10:27:17.798+0000: [GC (Allocation Failure) 2020-10-29T10:27:17.798+0000: [ParNew: 16388K->4K(18432K), 0.0028332 secs] 478903K->462519K(896640K), 0.0028801 secs] [Times: user=0.01 sys=0.00, real=0.00 secs] 
2020-10-29T10:27:17.815+0000: [GC (Allocation Failure) 2020-10-29T10:27:17.815+0000: [ParNew: 16388K->4K(18432K), 0.0043075 secs] 478903K->462519K(896640K), 0.0043568 secs] [Times: user=0.00 sys=0.00, real=0.00 secs] 
2020-10-29T10:27:17.835+0000: [GC (Allocation Failure) 2020-10-29T10:27:17.835+0000: [ParNew: 16388K->4K(18432K), 0.0027441 secs] 478903K->462519K(896640K), 0.0027887 secs] [Times: user=0.01 sys=0.00, real=0.00 secs] 
2020-10-29T10:27:17.852+0000: [GC (Allocation Failure) 2020-10-29T10:27:17.852+0000: [ParNew: 16388K->4K(18432K), 0.0027127 secs] 478903K->462519K(896640K), 0.0027750 secs] [Times: user=0.00 sys=0.00, real=0.00 secs] 
2020-10-29T10:27:17.869+0000: [GC (Allocation Failure) 2020-10-29T10:27:17.869+0000: [ParNew: 16388K->4K(18432K), 0.0028406 secs] 478903K->462519K(896640K), 0.0028880 secs] [Times: user=0.00 sys=0.00, real=0.01 secs] 
2020-10-29T10:27:17.887+0000: [GC (Allocation Failure) 2020-10-29T10:27:17.887+0000: [ParNew: 16388K->4K(18432K), 0.0026429 secs] 478903K->462519K(896640K), 0.0026856 secs] [Times: user=0.00 sys=0.00, real=0.00 secs] 
2020-10-29T10:27:17.906+0000: [GC (Allocation Failure) 2020-10-29T10:27:17.906+0000: [ParNew: 16388K->4K(18432K), 0.0029259 secs] 478903K->462519K(896640K), 0.0029786 secs] [Times: user=0.01 sys=0.00, real=0.00 secs] 
2020-10-29T10:27:17.924+0000: [GC (Allocation Failure) 2020-10-29T10:27:17.924+0000: [ParNew: 16388K->4K(18432K), 0.0028809 secs] 478903K->462519K(896640K), 0.0029296 secs] [Times: user=0.00 sys=0.00, real=0.00 secs] 
2020-10-29T10:27:17.942+0000: [GC (Allocation Failure) 2020-10-29T10:27:17.942+0000: [ParNew: 16388K->4K(18432K), 0.0029561 secs] 478903K->462519K(896640K), 0.0030180 secs] [Times: user=0.01 sys=0.00, real=0.01 secs] 
2020-10-29T10:27:17.959+0000: [GC (Allocation Failure) 2020-10-29T10:27:17.959+0000: [ParNew: 16388K->4K(18432K), 0.0028546 secs] 478903K->462519K(896640K), 0.0028984 secs] [Times: user=0.00 sys=0.00, real=0.01 secs] 
2020-10-29T10:27:17.978+0000: [GC (Allocation Failure) 2020-10-29T10:27:17.978+0000: [ParNew: 16388K->4K(18432K), 0.0027669 secs] 478903K->462519K(896640K), 0.0028123 secs] [Times: user=0.00 sys=0.00, real=0.00 secs] 
2020-10-29T10:27:17.998+0000: [GC (Allocation Failure) 2020-10-29T10:27:17.998+0000: [ParNew: 16388K->4K(18432K), 0.0028841 secs] 478903K->462519K(896640K), 0.0029328 secs] [Times: user=0.01 sys=0.00, real=0.00 secs] 
2020-10-29T10:27:18.016+0000: [GC (Allocation Failure) 2020-10-29T10:27:18.016+0000: [ParNew: 16388K->4K(18432K), 0.0029435 secs] 478903K->462519K(896640K), 0.0029945 secs] [Times: user=0.01 sys=0.00, real=0.00 secs] 
2020-10-29T10:27:18.034+0000: [GC (Allocation Failure) 2020-10-29T10:27:18.034+0000: [ParNew: 16388K->4K(18432K), 0.0027687 secs] 478903K->462519K(896640K), 0.0028107 secs] [Times: user=0.01 sys=0.00, real=0.00 secs] 
2020-10-29T10:27:18.058+0000: [GC (Allocation Failure) 2020-10-29T10:27:18.058+0000: [ParNew: 16388K->4K(18432K), 0.0031172 secs] 478903K->462519K(896640K), 0.0031805 secs] [Times: user=0.01 sys=0.00, real=0.00 secs] 
2020-10-29T10:27:18.078+0000: [GC (Allocation Failure) 2020-10-29T10:27:18.078+0000: [ParNew: 16388K->4K(18432K), 0.0027923 secs] 478903K->462519K(896640K), 0.0028345 secs] [Times: user=0.01 sys=0.00, real=0.00 secs] 
2020-10-29T10:27:18.096+0000: [GC (Allocation Failure) 2020-10-29T10:27:18.096+0000: [ParNew: 16388K->4K(18432K), 0.0028231 secs] 478903K->462519K(896640K), 0.0028681 secs] [Times: user=0.01 sys=0.00, real=0.00 secs] 
2020-10-29T10:27:18.113+0000: [GC (Allocation Failure) 2020-10-29T10:27:18.113+0000: [ParNew: 16388K->4K(18432K), 0.0028395 secs] 478903K->462519K(896640K), 0.0028848 secs] [Times: user=0.01 sys=0.00, real=0.00 secs] 
2020-10-29T10:27:18.131+0000: [GC (Allocation Failure) 2020-10-29T10:27:18.131+0000: [ParNew: 16388K->4K(18432K), 0.0029946 secs] 478903K->462519K(896640K), 0.0030393 secs] [Times: user=0.01 sys=0.00, real=0.00 secs] 
2020-10-29T10:27:18.149+0000: [GC (Allocation Failure) 2020-10-29T10:27:18.149+0000: [ParNew: 16388K->4K(18432K), 0.0028506 secs] 478903K->462519K(896640K), 0.0028948 secs] [Times: user=0.00 sys=0.00, real=0.01 secs] 
2020-10-29T10:27:18.166+0000: [GC (Allocation Failure) 2020-10-29T10:27:18.166+0000: [ParNew: 16388K->4K(18432K), 0.0028332 secs] 478903K->462519K(896640K), 0.0028779 secs] [Times: user=0.01 sys=0.00, real=0.00 secs] 
2020-10-29T10:27:18.184+0000: [GC (Allocation Failure) 2020-10-29T10:27:18.184+0000: [ParNew: 16388K->4K(18432K), 0.0030324 secs] 478903K->462519K(896640K), 0.0030798 secs] [Times: user=0.01 sys=0.00, real=0.00 secs] 
2020-10-29T10:27:18.202+0000: [GC (Allocation Failure) 2020-10-29T10:27:18.202+0000: [ParNew: 16388K->4K(18432K), 0.0029527 secs] 478903K->462519K(896640K), 0.0030022 secs] [Times: user=0.01 sys=0.00, real=0.01 secs] 
2020-10-29T10:27:18.219+0000: [GC (Allocation Failure) 2020-10-29T10:27:18.219+0000: [ParNew: 16388K->4K(18432K), 0.0029569 secs] 478903K->462519K(896640K), 0.0030156 secs] [Times: user=0.01 sys=0.00, real=0.01 secs] 
2020-10-29T10:27:18.238+0000: [GC (Allocation Failure) 2020-10-29T10:27:18.238+0000: [ParNew: 16388K->4K(18432K), 0.0028351 secs] 478903K->462519K(896640K), 0.0028804 secs] [Times: user=0.00 sys=0.00, real=0.00 secs] 
2020-10-29T10:27:18.261+0000: [GC (Allocation Failure) 2020-10-29T10:27:18.261+0000: [ParNew: 16388K->4K(18432K), 0.0028906 secs] 478903K->462519K(896640K), 0.0029406 secs] [Times: user=0.00 sys=0.00, real=0.01 secs] 
2020-10-29T10:27:18.282+0000: [GC (Allocation Failure) 2020-10-29T10:27:18.282+0000: [ParNew: 16388K->4K(18432K), 0.0028651 secs] 478903K->462519K(896640K), 0.0029129 secs] [Times: user=0.00 sys=0.00, real=0.00 secs] 
2020-10-29T10:27:18.300+0000: [GC (Allocation Failure) 2020-10-29T10:27:18.300+0000: [ParNew: 16388K->4K(18432K), 0.0028797 secs] 478903K->462519K(896640K), 0.0029273 secs] [Times: user=0.00 sys=0.00, real=0.01 secs] 
2020-10-29T10:27:18.318+0000: [GC (Allocation Failure) 2020-10-29T10:27:18.318+0000: [ParNew: 16388K->4K(18432K), 0.0033077 secs] 478903K->462519K(896640K), 0.0033654 secs] [Times: user=0.00 sys=0.00, real=0.00 secs] 
2020-10-29T10:27:18.337+0000: [GC (Allocation Failure) 2020-10-29T10:27:18.337+0000: [ParNew: 16388K->4K(18432K), 0.0029492 secs] 478903K->462519K(896640K), 0.0029983 secs] [Times: user=0.01 sys=0.00, real=0.00 secs] 
2020-10-29T10:27:18.354+0000: [GC (Allocation Failure) 2020-10-29T10:27:18.354+0000: [ParNew: 16388K->4K(18432K), 0.0029067 secs] 478903K->462519K(896640K), 0.0029572 secs] [Times: user=0.00 sys=0.00, real=0.00 secs] 
2020-10-29T10:27:18.372+0000: [GC (Allocation Failure) 2020-10-29T10:27:18.372+0000: [ParNew: 16388K->4K(18432K), 0.0029477 secs] 478903K->462519K(896640K), 0.0029939 secs] [Times: user=0.01 sys=0.00, real=0.00 secs] 
2020-10-29T10:27:18.390+0000: [GC (Allocation Failure) 2020-10-29T10:27:18.390+0000: [ParNew: 16388K->4K(18432K), 0.0029149 secs] 478903K->462519K(896640K), 0.0029649 secs] [Times: user=0.00 sys=0.00, real=0.01 secs] 
2020-10-29T10:27:18.410+0000: [GC (Allocation Failure) 2020-10-29T10:27:18.410+0000: [ParNew: 16388K->4K(18432K), 0.0029600 secs] 478903K->462519K(896640K), 0.0030121 secs] [Times: user=0.01 sys=0.00, real=0.00 secs] 
2020-10-29T10:27:18.428+0000: [GC (Allocation Failure) 2020-10-29T10:27:18.428+0000: [ParNew: 16388K->4K(18432K), 0.0029566 secs] 478903K->462519K(896640K), 0.0030061 secs] [Times: user=0.00 sys=0.00, real=0.01 secs] 
2020-10-29T10:27:18.446+0000: [GC (Allocation Failure) 2020-10-29T10:27:18.446+0000: [ParNew: 16388K->4K(18432K), 0.0028505 secs] 478903K->462519K(896640K), 0.0028953 secs] [Times: user=0.01 sys=0.00, real=0.00 secs] 
2020-10-29T10:27:18.464+0000: [GC (Allocation Failure) 2020-10-29T10:27:18.464+0000: [ParNew: 16388K->4K(18432K), 0.0028863 secs] 478903K->462519K(896640K), 0.0029321 secs] [Times: user=0.00 sys=0.00, real=0.00 secs] 
2020-10-29T10:27:18.482+0000: [GC (Allocation Failure) 2020-10-29T10:27:18.482+0000: [ParNew: 16388K->4K(18432K), 0.0061321 secs] 478903K->462519K(896640K), 0.0061914 secs] [Times: user=0.01 sys=0.00, real=0.01 secs] 
2020-10-29T10:27:18.503+0000: [GC (Allocation Failure) 2020-10-29T10:27:18.503+0000: [ParNew: 16388K->4K(18432K), 0.0030620 secs] 478903K->462519K(896640K), 0.0031161 secs] [Times: user=0.00 sys=0.00, real=0.00 secs] 
2020-10-29T10:27:18.522+0000: [GC (Allocation Failure) 2020-10-29T10:27:18.522+0000: [ParNew: 16388K->4K(18432K), 0.0029464 secs] 478903K->462519K(896640K), 0.0029947 secs] [Times: user=0.01 sys=0.00, real=0.00 secs] 
2020-10-29T10:27:18.542+0000: [GC (Allocation Failure) 2020-10-29T10:27:18.542+0000: [ParNew: 16388K->4K(18432K), 0.0028457 secs] 478903K->462519K(896640K), 0.0028905 secs] [Times: user=0.00 sys=0.00, real=0.00 secs] 
2020-10-29T10:27:18.560+0000: [GC (Allocation Failure) 2020-10-29T10:27:18.560+0000: [ParNew: 16388K->4K(18432K), 0.0028480 secs] 478903K->462519K(896640K), 0.0028934 secs] [Times: user=0.01 sys=0.00, real=0.01 secs] 
2020-10-29T10:27:18.578+0000: [GC (Allocation Failure) 2020-10-29T10:27:18.578+0000: [ParNew: 16388K->4K(18432K), 0.0029010 secs] 478903K->462519K(896640K), 0.0029502 secs] [Times: user=0.00 sys=0.00, real=0.00 secs] 
2020-10-29T10:27:18.598+0000: [GC (Allocation Failure) 2020-10-29T10:27:18.598+0000: [ParNew: 16388K->4K(18432K), 0.0028980 secs] 478903K->462519K(896640K), 0.0029463 secs] [Times: user=0.01 sys=0.00, real=0.00 secs] 
2020-10-29T10:27:18.618+0000: [GC (Allocation Failure) 2020-10-29T10:27:18.618+0000: [ParNew: 16388K->4K(18432K), 0.0028473 secs] 478903K->462519K(896640K), 0.0028931 secs] [Times: user=0.00 sys=0.00, real=0.00 secs] 
2020-10-29T10:27:18.638+0000: [GC (Allocation Failure) 2020-10-29T10:27:18.638+0000: [ParNew: 16388K->4K(18432K), 0.0028413 secs] 478903K->462519K(896640K), 0.0028847 secs] [Times: user=0.00 sys=0.00, real=0.00 secs] 
2020-10-29T10:27:18.658+0000: [GC (Allocation Failure) 2020-10-29T10:27:18.658+0000: [ParNew: 16388K->4K(18432K), 0.0028098 secs] 478903K->462519K(896640K), 0.0028538 secs] [Times: user=0.00 sys=0.00, real=0.00 secs] 
2020-10-29T10:27:18.676+0000: [GC (Allocation Failure) 2020-10-29T10:27:18.676+0000: [ParNew: 16388K->4K(18432K), 0.0028044 secs] 478903K->462519K(896640K), 0.0028468 secs] [Times: user=0.01 sys=0.00, real=0.00 secs] 
2020-10-29T10:27:18.693+0000: [GC (Allocation Failure) 2020-10-29T10:27:18.693+0000: [ParNew: 16388K->4K(18432K), 0.0027906 secs] 478903K->462519K(896640K), 0.0028372 secs] [Times: user=0.01 sys=0.00, real=0.00 secs] 
2020-10-29T10:27:18.714+0000: [GC (Allocation Failure) 2020-10-29T10:27:18.714+0000: [ParNew: 16388K->4K(18432K), 0.0027901 secs] 478903K->462519K(896640K), 0.0028319 secs] [Times: user=0.01 sys=0.00, real=0.00 secs] 
2020-10-29T10:27:18.734+0000: [GC (Allocation Failure) 2020-10-29T10:27:18.734+0000: [ParNew: 16388K->4K(18432K), 0.0027322 secs] 478903K->462519K(896640K), 0.0027736 secs] [Times: user=0.00 sys=0.00, real=0.00 secs] 
2020-10-29T10:27:18.756+0000: [GC (Allocation Failure) 2020-10-29T10:27:18.756+0000: [ParNew: 16388K->4K(18432K), 0.0029887 secs] 478903K->462519K(896640K), 0.0030469 secs] [Times: user=0.01 sys=0.00, real=0.00 secs] 
2020-10-29T10:27:18.774+0000: [GC (Allocation Failure) 2020-10-29T10:27:18.774+0000: [ParNew: 16388K->4K(18432K), 0.0028269 secs] 478903K->462519K(896640K), 0.0028716 secs] [Times: user=0.01 sys=0.01, real=0.00 secs] 
2020-10-29T10:27:18.794+0000: [GC (Allocation Failure) 2020-10-29T10:27:18.794+0000: [ParNew: 16388K->4K(18432K), 0.0028269 secs] 478903K->462519K(896640K), 0.0028732 secs] [Times: user=0.01 sys=0.00, real=0.00 secs] 
2020-10-29T10:27:18.820+0000: [GC (Allocation Failure) 2020-10-29T10:27:18.820+0000: [ParNew: 16388K->4K(18432K), 0.0029756 secs] 478903K->462519K(896640K), 0.0030216 secs] [Times: user=0.01 sys=0.00, real=0.01 secs] 
2020-10-29T10:27:18.837+0000: [GC (Allocation Failure) 2020-10-29T10:27:18.837+0000: [ParNew: 16388K->4K(18432K), 0.0029257 secs] 478903K->462519K(896640K), 0.0029738 secs] [Times: user=0.00 sys=0.00, real=0.00 secs] 
2020-10-29T10:27:18.857+0000: [GC (Allocation Failure) 2020-10-29T10:27:18.857+0000: [ParNew: 16388K->4K(18432K), 0.0030462 secs] 478903K->462519K(896640K), 0.0031046 secs] [Times: user=0.01 sys=0.00, real=0.00 secs] 
2020-10-29T10:27:18.875+0000: [GC (Allocation Failure) 2020-10-29T10:27:18.875+0000: [ParNew: 16388K->4K(18432K), 0.0029508 secs] 478903K->462519K(896640K), 0.0030027 secs] [Times: user=0.01 sys=0.00, real=0.00 secs] 
2020-10-29T10:27:18.892+0000: [GC (Allocation Failure) 2020-10-29T10:27:18.892+0000: [ParNew: 16388K->4K(18432K), 0.0028678 secs] 478903K->462519K(896640K), 0.0029132 secs] [Times: user=0.01 sys=0.00, real=0.00 secs] 
2020-10-29T10:27:18.910+0000: [GC (Allocation Failure) 2020-10-29T10:27:18.910+0000: [ParNew: 16388K->4K(18432K), 0.0028669 secs] 478903K->462519K(896640K), 0.0029127 secs] [Times: user=0.01 sys=0.00, real=0.01 secs] 
2020-10-29T10:27:18.930+0000: [GC (Allocation Failure) 2020-10-29T10:27:18.930+0000: [ParNew: 16388K->4K(18432K), 0.0028994 secs] 478903K->462519K(896640K), 0.0029494 secs] [Times: user=0.01 sys=0.00, real=0.00 secs] 
2020-10-29T10:27:18.950+0000: [GC (Allocation Failure) 2020-10-29T10:27:18.950+0000: [ParNew: 16388K->4K(18432K), 0.0028158 secs] 478903K->462519K(896640K), 0.0028616 secs] [Times: user=0.00 sys=0.00, real=0.00 secs] 
2020-10-29T10:27:18.968+0000: [GC (Allocation Failure) 2020-10-29T10:27:18.968+0000: [ParNew: 16388K->4K(18432K), 0.0028511 secs] 478903K->462519K(896640K), 0.0028955 secs] [Times: user=0.01 sys=0.00, real=0.01 secs] 
2020-10-29T10:27:18.985+0000: [GC (Allocation Failure) 2020-10-29T10:27:18.985+0000: [ParNew: 16388K->4K(18432K), 0.0028157 secs] 478903K->462519K(896640K), 0.0028626 secs] [Times: user=0.00 sys=0.00, real=0.00 secs] 
2020-10-29T10:27:19.006+0000: [GC (Allocation Failure) 2020-10-29T10:27:19.006+0000: [ParNew: 16388K->4K(18432K), 0.0028345 secs] 478903K->462519K(896640K), 0.0028830 secs] [Times: user=0.00 sys=0.00, real=0.00 secs] 
2020-10-29T10:27:19.024+0000: [GC (Allocation Failure) 2020-10-29T10:27:19.024+0000: [ParNew: 16388K->4K(18432K), 0.0028383 secs] 478903K->462519K(896640K), 0.0028874 secs] [Times: user=0.00 sys=0.00, real=0.00 secs] 
2020-10-29T10:27:19.042+0000: [GC (Allocation Failure) 2020-10-29T10:27:19.042+0000: [ParNew: 16388K->4K(18432K), 0.0028676 secs] 478903K->462519K(896640K), 0.0029277 secs] [Times: user=0.01 sys=0.00, real=0.00 secs] 
2020-10-29T10:27:19.062+0000: [GC (Allocation Failure) 2020-10-29T10:27:19.062+0000: [ParNew: 16388K->4K(18432K), 0.0028773 secs] 478903K->462519K(896640K), 0.0029257 secs] [Times: user=0.01 sys=0.00, real=0.00 secs] 
2020-10-29T10:27:19.080+0000: [GC (Allocation Failure) 2020-10-29T10:27:19.080+0000: [ParNew: 16388K->4K(18432K), 0.0029070 secs] 478903K->462519K(896640K), 0.0029544 secs] [Times: user=0.00 sys=0.00, real=0.01 secs] 
2020-10-29T10:27:19.102+0000: [GC (Allocation Failure) 2020-10-29T10:27:19.102+0000: [ParNew: 16388K->4K(18432K), 0.0026391 secs] 478903K->462519K(896640K), 0.0026809 secs] [Times: user=0.01 sys=0.00, real=0.01 secs] 
2020-10-29T10:27:19.122+0000: [GC (Allocation Failure) 2020-10-29T10:27:19.122+0000: [ParNew: 16388K->4K(18432K), 0.0027213 secs] 478903K->462519K(896640K), 0.0027640 secs] [Times: user=0.00 sys=0.00, real=0.00 secs] 
2020-10-29T10:27:19.142+0000: [GC (Allocation Failure) 2020-10-29T10:27:19.142+0000: [ParNew: 16388K->4K(18432K), 0.0028271 secs] 478903K->462519K(896640K), 0.0028717 secs] [Times: user=0.01 sys=0.00, real=0.00 secs] 
2020-10-29T10:27:19.160+0000: [GC (Allocation Failure) 2020-10-29T10:27:19.160+0000: [ParNew: 16388K->4K(18432K), 0.0028986 secs] 478903K->462519K(896640K), 0.0029445 secs] [Times: user=0.00 sys=0.00, real=0.01 secs] 
2020-10-29T10:27:19.178+0000: [GC (Allocation Failure) 2020-10-29T10:27:19.178+0000: [ParNew: 16388K->4K(18432K), 0.0027801 secs] 478903K->462519K(896640K), 0.0028265 secs] [Times: user=0.01 sys=0.00, real=0.00 secs] 
2020-10-29T10:27:19.200+0000: [GC (Allocation Failure) 2020-10-29T10:27:19.200+0000: [ParNew: 16388K->4K(18432K), 0.0026437 secs] 478903K->462519K(896640K), 0.0026863 secs] [Times: user=0.00 sys=0.00, real=0.01 secs] 
2020-10-29T10:27:19.218+0000: [GC (Allocation Failure) 2020-10-29T10:27:19.218+0000: [ParNew: 16388K->4K(18432K), 0.0028779 secs] 478903K->462519K(896640K), 0.0029440 secs] [Times: user=0.01 sys=0.00, real=0.00 secs] 
2020-10-29T10:27:19.237+0000: [GC (Allocation Failure) 2020-10-29T10:27:19.237+0000: [ParNew: 16388K->4K(18432K), 0.0028606 secs] 478903K->462519K(896640K), 0.0029207 secs] [Times: user=0.00 sys=0.00, real=0.00 secs] 
2020-10-29T10:27:19.258+0000: [GC (Allocation Failure) 2020-10-29T10:27:19.258+0000: [ParNew: 16388K->4K(18432K), 0.0027377 secs] 478903K->462519K(896640K), 0.0027792 secs] [Times: user=0.01 sys=0.00, real=0.00 secs] 
2020-10-29T10:27:19.278+0000: [GC (Allocation Failure) 2020-10-29T10:27:19.278+0000: [ParNew: 16388K->4K(18432K), 0.0027354 secs] 478903K->462519K(896640K), 0.0027786 secs] [Times: user=0.00 sys=0.00, real=0.00 secs] 
2020-10-29T10:27:19.295+0000: [GC (Allocation Failure) 2020-10-29T10:27:19.295+0000: [ParNew: 16388K->4K(18432K), 0.0027950 secs] 478903K->462519K(896640K), 0.0028395 secs] [Times: user=0.00 sys=0.00, real=0.00 secs] 
2020-10-29T10:27:19.313+0000: [GC (Allocation Failure) 2020-10-29T10:27:19.313+0000: [ParNew: 16388K->4K(18432K), 0.0028105 secs] 478903K->462519K(896640K), 0.0028564 secs] [Times: user=0.01 sys=0.00, real=0.00 secs] 
2020-10-29T10:27:19.331+0000: [GC (Allocation Failure) 2020-10-29T10:27:19.331+0000: [ParNew: 16388K->4K(18432K), 0.0028722 secs] 478903K->462519K(896640K), 0.0029384 secs] [Times: user=0.01 sys=0.00, real=0.00 secs] 
2020-10-29T10:27:19.350+0000: [GC (Allocation Failure) 2020-10-29T10:27:19.350+0000: [ParNew: 16388K->4K(18432K), 0.0029540 secs] 478903K->462519K(896640K), 0.0030060 secs] [Times: user=0.00 sys=0.00, real=0.01 secs] 
2020-10-29T10:27:19.367+0000: [GC (Allocation Failure) 2020-10-29T10:27:19.367+0000: [ParNew: 16388K->4K(18432K), 0.0029218 secs] 478903K->462519K(896640K), 0.0029721 secs] [Times: user=0.01 sys=0.00, real=0.01 secs] 
2020-10-29T10:27:19.386+0000: [GC (Allocation Failure) 2020-10-29T10:27:19.386+0000: [ParNew: 16388K->4K(18432K), 0.0029516 secs] 478903K->462519K(896640K), 0.0030020 secs] [Times: user=0.01 sys=0.00, real=0.00 secs] 
2020-10-29T10:27:19.403+0000: [GC (Allocation Failure) 2020-10-29T10:27:19.403+0000: [ParNew: 16388K->4K(18432K), 0.0029479 secs] 478903K->462519K(896640K), 0.0029975 secs] [Times: user=0.00 sys=0.00, real=0.00 secs] 
2020-10-29T10:27:19.421+0000: [GC (Allocation Failure) 2020-10-29T10:27:19.421+0000: [ParNew: 16388K->4K(18432K), 0.0028864 secs] 478903K->462519K(896640K), 0.0029329 secs] [Times: user=0.01 sys=0.00, real=0.01 secs] 
2020-10-29T10:27:19.439+0000: [GC (Allocation Failure) 2020-10-29T10:27:19.439+0000: [ParNew: 16388K->4K(18432K), 0.0029682 secs] 478903K->462519K(896640K), 0.0030184 secs] [Times: user=0.00 sys=0.00, real=0.00 secs] 
2020-10-29T10:27:19.458+0000: [GC (Allocation Failure) 2020-10-29T10:27:19.458+0000: [ParNew: 16388K->4K(18432K), 0.0027554 secs] 478903K->462519K(896640K), 0.0028021 secs] [Times: user=0.01 sys=0.00, real=0.00 secs] 
2020-10-29T10:27:19.476+0000: [GC (Allocation Failure) 2020-10-29T10:27:19.476+0000: [ParNew: 16388K->4K(18432K), 0.0026227 secs] 478903K->462519K(896640K), 0.0026921 secs] [Times: user=0.00 sys=0.00, real=0.00 secs] 
2020-10-29T10:27:19.493+0000: [GC (Allocation Failure) 2020-10-29T10:27:19.493+0000: [ParNew: 16388K->4K(18432K), 0.0026228 secs] 478903K->462519K(896640K), 0.0026641 secs] [Times: user=0.01 sys=0.00, real=0.00 secs] 
2020-10-29T10:27:19.514+0000: [GC (Allocation Failure) 2020-10-29T10:27:19.514+0000: [ParNew: 16388K->4K(18432K), 0.0027420 secs] 478903K->462519K(896640K), 0.0027892 secs] [Times: user=0.00 sys=0.00, real=0.00 secs] 
2020-10-29T10:27:19.532+0000: [GC (Allocation Failure) 2020-10-29T10:27:19.532+0000: [ParNew: 16388K->4K(18432K), 0.0027272 secs] 478903K->462519K(896640K), 0.0027716 secs] [Times: user=0.01 sys=0.00, real=0.00 secs] 
2020-10-29T10:27:19.550+0000: [GC (Allocation Failure) 2020-10-29T10:27:19.550+0000: [ParNew: 16388K->4K(18432K), 0.0025752 secs] 478903K->462519K(896640K), 0.0026177 secs] [Times: user=0.01 sys=0.00, real=0.00 secs] 
2020-10-29T10:27:19.568+0000: [GC (Allocation Failure) 2020-10-29T10:27:19.568+0000: [ParNew: 16388K->4K(18432K), 0.0027314 secs] 478903K->462519K(896640K), 0.0027744 secs] [Times: user=0.00 sys=0.00, real=0.01 secs] 
2020-10-29T10:27:19.586+0000: [GC (Allocation Failure) 2020-10-29T10:27:19.586+0000: [ParNew: 16388K->4K(18432K), 0.0026782 secs] 478903K->462519K(896640K), 0.0027197 secs] [Times: user=0.01 sys=0.00, real=0.00 secs] 
2020-10-29T10:27:19.606+0000: [GC (Allocation Failure) 2020-10-29T10:27:19.606+0000: [ParNew: 16388K->4K(18432K), 0.0026843 secs] 478903K->462519K(896640K), 0.0027257 secs] [Times: user=0.00 sys=0.00, real=0.00 secs] 
2020-10-29T10:27:19.626+0000: [GC (Allocation Failure) 2020-10-29T10:27:19.626+0000: [ParNew: 16388K->4K(18432K), 0.0027676 secs] 478903K->462519K(896640K), 0.0028123 secs] [Times: user=0.00 sys=0.00, real=0.00 secs] 
2020-10-29T10:27:19.644+0000: [GC (Allocation Failure) 2020-10-29T10:27:19.644+0000: [ParNew: 16388K->4K(18432K), 0.0028344 secs] 478903K->462519K(896640K), 0.0028793 secs] [Times: user=0.01 sys=0.00, real=0.00 secs] 
2020-10-29T10:27:19.661+0000: [GC (Allocation Failure) 2020-10-29T10:27:19.661+0000: [ParNew: 16388K->4K(18432K), 0.0030020 secs] 478903K->462519K(896640K), 0.0030537 secs] [Times: user=0.01 sys=0.00, real=0.01 secs] 
2020-10-29T10:27:19.679+0000: [GC (Allocation Failure) 2020-10-29T10:27:19.679+0000: [ParNew: 16388K->4K(18432K), 0.0029623 secs] 478903K->462519K(896640K), 0.0030132 secs] [Times: user=0.00 sys=0.00, real=0.00 secs] 
2020-10-29T10:27:19.698+0000: [GC (Allocation Failure) 2020-10-29T10:27:19.698+0000: [ParNew: 16388K->4K(18432K), 0.0029980 secs] 478903K->462519K(896640K), 0.0030455 secs] [Times: user=0.01 sys=0.01, real=0.00 secs] 
2020-10-29T10:27:19.718+0000: [GC (Allocation Failure) 2020-10-29T10:27:19.718+0000: [ParNew: 16388K->4K(18432K), 0.0028884 secs] 478903K->462519K(896640K), 0.0029374 secs] [Times: user=0.00 sys=0.00, real=0.00 secs] 
2020-10-29T10:27:19.740+0000: [GC (Allocation Failure) 2020-10-29T10:27:19.740+0000: [ParNew: 16388K->4K(18432K), 0.0029145 secs] 478903K->462519K(896640K), 0.0029734 secs] [Times: user=0.01 sys=0.00, real=0.01 secs] 
2020-10-29T10:27:19.762+0000: [GC (Allocation Failure) 2020-10-29T10:27:19.762+0000: [ParNew: 16388K->4K(18432K), 0.0029463 secs] 478903K->462519K(896640K), 0.0029960 secs] [Times: user=0.00 sys=0.00, real=0.01 secs] 
2020-10-29T10:27:19.780+0000: [GC (Allocation Failure) 2020-10-29T10:27:19.780+0000: [ParNew: 16388K->4K(18432K), 0.0029778 secs] 478903K->462519K(896640K), 0.0030284 secs] [Times: user=0.00 sys=0.00, real=0.01 secs] 
2020-10-29T10:27:19.798+0000: [GC (Allocation Failure) 2020-10-29T10:27:19.798+0000: [ParNew: 16388K->4K(18432K), 0.0029192 secs] 478903K->462519K(896640K), 0.0029678 secs] [Times: user=0.01 sys=0.00, real=0.00 secs] 
2020-10-29T10:27:19.815+0000: [GC (Allocation Failure) 2020-10-29T10:27:19.815+0000: [ParNew: 16388K->4K(18432K), 0.0028944 secs] 478903K->462519K(896640K), 0.0029435 secs] [Times: user=0.01 sys=0.00, real=0.00 secs] 
2020-10-29T10:27:19.834+0000: [GC (Allocation Failure) 2020-10-29T10:27:19.834+0000: [ParNew: 16388K->4K(18432K), 0.0028664 secs] 478903K->462519K(896640K), 0.0029124 secs] [Times: user=0.00 sys=0.00, real=0.00 secs] 
2020-10-29T10:27:19.854+0000: [GC (Allocation Failure) 2020-10-29T10:27:19.854+0000: [ParNew: 16388K->4K(18432K), 0.0028583 secs] 478903K->462519K(896640K), 0.0029065 secs] [Times: user=0.01 sys=0.00, real=0.00 secs] 
2020-10-29T10:27:19.872+0000: [GC (Allocation Failure) 2020-10-29T10:27:19.872+0000: [ParNew: 16388K->4K(18432K), 0.0029671 secs] 478903K->462519K(896640K), 0.0030327 secs] [Times: user=0.01 sys=0.00, real=0.00 secs] 
2020-10-29T10:27:19.890+0000: [GC (Allocation Failure) 2020-10-29T10:27:19.890+0000: [ParNew: 16388K->4K(18432K), 0.0028846 secs] 478903K->462520K(896640K), 0.0029328 secs] [Times: user=0.01 sys=0.00, real=0.01 secs] 
2020-10-29T10:27:19.907+0000: [GC (Allocation Failure) 2020-10-29T10:27:19.907+0000: [ParNew: 16388K->4K(18432K), 0.0029649 secs] 478904K->462520K(896640K), 0.0030092 secs] [Times: user=0.00 sys=0.00, real=0.01 secs] 
2020-10-29T10:27:19.926+0000: [GC (Allocation Failure) 2020-10-29T10:27:19.926+0000: [ParNew: 16388K->4K(18432K), 0.0030011 secs] 478904K->462520K(896640K), 0.0030556 secs] [Times: user=0.00 sys=0.00, real=0.00 secs] 
2020-10-29T10:27:19.946+0000: [GC (Allocation Failure) 2020-10-29T10:27:19.946+0000: [ParNew: 16388K->4K(18432K), 0.0030394 secs] 478904K->462520K(896640K), 0.0031124 secs] [Times: user=0.01 sys=0.00, real=0.00 secs] 
2020-10-29T10:27:19.966+0000: [GC (Allocation Failure) 2020-10-29T10:27:19.966+0000: [ParNew: 16388K->4K(18432K), 0.0029987 secs] 478904K->462520K(896640K), 0.0030522 secs] [Times: user=0.00 sys=0.00, real=0.00 secs] 
2020-10-29T10:27:19.986+0000: [GC (Allocation Failure) 2020-10-29T10:27:19.986+0000: [ParNew: 16388K->4K(18432K), 0.0027627 secs] 478904K->462520K(896640K), 0.0028101 secs] [Times: user=0.00 sys=0.00, real=0.00 secs] 
2020-10-29T10:27:20.004+0000: [GC (Allocation Failure) 2020-10-29T10:27:20.004+0000: [ParNew: 16388K->4K(18432K), 0.0029719 secs] 478904K->462520K(896640K), 0.0030205 secs] [Times: user=0.01 sys=0.00, real=0.00 secs] 
2020-10-29T10:27:20.022+0000: [GC (Allocation Failure) 2020-10-29T10:27:20.022+0000: [ParNew: 16388K->4K(18432K), 0.0028102 secs] 478904K->462520K(896640K), 0.0028558 secs] [Times: user=0.01 sys=0.00, real=0.00 secs] 
2020-10-29T10:27:20.042+0000: [GC (Allocation Failure) 2020-10-29T10:27:20.042+0000: [ParNew: 16388K->4K(18432K), 0.0029485 secs] 478904K->462520K(896640K), 0.0030004 secs] [Times: user=0.00 sys=0.00, real=0.00 secs] 
2020-10-29T10:27:20.060+0000: [GC (Allocation Failure) 2020-10-29T10:27:20.060+0000: [ParNew: 16388K->4K(18432K), 0.0030728 secs] 478904K->462520K(896640K), 0.0031316 secs] [Times: user=0.01 sys=0.00, real=0.01 secs] 
2020-10-29T10:27:20.078+0000: [GC (Allocation Failure) 2020-10-29T10:27:20.078+0000: [ParNew: 16388K->4K(18432K), 0.0027871 secs] 478904K->462520K(896640K), 0.0028325 secs] [Times: user=0.00 sys=0.00, real=0.00 secs] 
2020-10-29T10:27:20.095+0000: [GC (Allocation Failure) 2020-10-29T10:27:20.095+0000: [ParNew: 16388K->4K(18432K), 0.0028212 secs] 478904K->462520K(896640K), 0.0028676 secs] [Times: user=0.01 sys=0.00, real=0.00 secs] 
2020-10-29T10:27:20.113+0000: [GC (Allocation Failure) 2020-10-29T10:27:20.113+0000: [ParNew: 16388K->4K(18432K), 0.0027681 secs] 478904K->462520K(896640K), 0.0028150 secs] [Times: user=0.01 sys=0.00, real=0.00 secs] 
2020-10-29T10:27:20.130+0000: [GC (Allocation Failure) 2020-10-29T10:27:20.130+0000: [ParNew: 16388K->4K(18432K), 0.0027925 secs] 478904K->462520K(896640K), 0.0028381 secs] [Times: user=0.00 sys=0.00, real=0.00 secs] 
2020-10-29T10:27:20.148+0000: [GC (Allocation Failure) 2020-10-29T10:27:20.148+0000: [ParNew: 16388K->4K(18432K), 0.0027985 secs] 478904K->462520K(896640K), 0.0028435 secs] [Times: user=0.00 sys=0.00, real=0.01 secs] 
2020-10-29T10:27:20.166+0000: [GC (Allocation Failure) 2020-10-29T10:27:20.166+0000: [ParNew: 16388K->4K(18432K), 0.0028415 secs] 478904K->462520K(896640K), 0.0028888 secs] [Times: user=0.01 sys=0.00, real=0.00 secs] 
2020-10-29T10:27:20.186+0000: [GC (Allocation Failure) 2020-10-29T10:27:20.186+0000: [ParNew: 16388K->4K(18432K), 0.0028839 secs] 478904K->462520K(896640K), 0.0029326 secs] [Times: user=0.00 sys=0.00, real=0.00 secs] 
2020-10-29T10:27:20.206+0000: [GC (Allocation Failure) 2020-10-29T10:27:20.206+0000: [ParNew: 16388K->4K(18432K), 0.0029577 secs] 478904K->462520K(896640K), 0.0030089 secs] [Times: user=0.01 sys=0.00, real=0.00 secs] 
2020-10-29T10:27:20.224+0000: [GC (Allocation Failure) 2020-10-29T10:27:20.224+0000: [ParNew: 16388K->4K(18432K), 0.0030735 secs] 478904K->462520K(896640K), 0.0031292 secs] [Times: user=0.01 sys=0.00, real=0.00 secs] 
2020-10-29T10:27:20.242+0000: [GC (Allocation Failure) 2020-10-29T10:27:20.242+0000: [ParNew: 16388K->4K(18432K), 0.0029901 secs] 478904K->462520K(896640K), 0.0030441 secs] [Times: user=0.00 sys=0.00, real=0.00 secs] 
2020-10-29T10:27:20.262+0000: [GC (Allocation Failure) 2020-10-29T10:27:20.262+0000: [ParNew: 16388K->4K(18432K), 0.0029625 secs] 478904K->462520K(896640K), 0.0030152 secs] [Times: user=0.01 sys=0.00, real=0.00 secs] 
2020-10-29T10:27:20.280+0000: [GC (Allocation Failure) 2020-10-29T10:27:20.280+0000: [ParNew: 16388K->4K(18432K), 0.0029249 secs] 478904K->462520K(896640K), 0.0029762 secs] [Times: user=0.00 sys=0.00, real=0.01 secs] 
2020-10-29T10:27:20.298+0000: [GC (Allocation Failure) 2020-10-29T10:27:20.298+0000: [ParNew: 16388K->4K(18432K), 0.0029459 secs] 478904K->462520K(896640K), 0.0029968 secs] [Times: user=0.01 sys=0.00, real=0.00 secs] 
2020-10-29T10:27:20.316+0000: [GC (Allocation Failure) 2020-10-29T10:27:20.316+0000: [ParNew: 16388K->4K(18432K), 0.0029999 secs] 478904K->462520K(896640K), 0.0030534 secs] [Times: user=0.00 sys=0.00, real=0.00 secs] 
2020-10-29T10:27:20.334+0000: [GC (Allocation Failure) 2020-10-29T10:27:20.334+0000: [ParNew: 16388K->4K(18432K), 0.0030483 secs] 478904K->462520K(896640K), 0.0031038 secs] [Times: user=0.01 sys=0.00, real=0.00 secs] 
2020-10-29T10:27:20.352+0000: [GC (Allocation Failure) 2020-10-29T10:27:20.352+0000: [ParNew: 16388K->4K(18432K), 0.0030956 secs] 478904K->462520K(896640K), 0.0031489 secs] [Times: user=0.00 sys=0.00, real=0.00 secs] 
2020-10-29T10:27:20.369+0000: [GC (Allocation Failure) 2020-10-29T10:27:20.369+0000: [ParNew: 16388K->4K(18432K), 0.0030063 secs] 478904K->462520K(896640K), 0.0030597 secs] [Times: user=0.01 sys=0.00, real=0.01 secs] 
2020-10-29T10:27:20.387+0000: [GC (Allocation Failure) 2020-10-29T10:27:20.387+0000: [ParNew: 16388K->4K(18432K), 0.0030023 secs] 478904K->462520K(896640K), 0.0030714 secs] [Times: user=0.00 sys=0.00, real=0.00 secs] 
2020-10-29T10:27:20.406+0000: [GC (Allocation Failure) 2020-10-29T10:27:20.406+0000: [ParNew: 16388K->4K(18432K), 0.0029717 secs] 478904K->462520K(896640K), 0.0030236 secs] [Times: user=0.01 sys=0.00, real=0.00 secs] 
2020-10-29T10:27:20.426+0000: [GC (Allocation Failure) 2020-10-29T10:27:20.426+0000: [ParNew: 16388K->4K(18432K), 0.0029502 secs] 478904K->462520K(896640K), 0.0030002 secs] [Times: user=0.00 sys=0.00, real=0.00 secs] 
2020-10-29T10:27:20.444+0000: [GC (Allocation Failure) 2020-10-29T10:27:20.444+0000: [ParNew: 16388K->4K(18432K), 0.0029518 secs] 478904K->462520K(896640K), 0.0030000 secs] [Times: user=0.01 sys=0.00, real=0.00 secs] 
2020-10-29T10:27:20.466+0000: [GC (Allocation Failure) 2020-10-29T10:27:20.466+0000: [ParNew: 16388K->4K(18432K), 0.0029296 secs] 478904K->462520K(896640K), 0.0029793 secs] [Times: user=0.00 sys=0.00, real=0.00 secs] 
2020-10-29T10:27:20.483+0000: [GC (Allocation Failure) 2020-10-29T10:27:20.483+0000: [ParNew: 16388K->4K(18432K), 0.0029486 secs] 478904K->462520K(896640K), 0.0029982 secs] [Times: user=0.01 sys=0.00, real=0.00 secs] 
2020-10-29T10:27:20.501+0000: [GC (Allocation Failure) 2020-10-29T10:27:20.501+0000: [ParNew: 16388K->4K(18432K), 0.0029438 secs] 478904K->462520K(896640K), 0.0030116 secs] [Times: user=0.01 sys=0.00, real=0.01 secs] 
2020-10-29T10:27:20.519+0000: [GC (Allocation Failure) 2020-10-29T10:27:20.519+0000: [ParNew: 16388K->4K(18432K), 0.0029622 secs] 478904K->462520K(896640K), 0.0030147 secs] [Times: user=0.00 sys=0.00, real=0.00 secs] 
2020-10-29T10:27:20.538+0000: [GC (Allocation Failure) 2020-10-29T10:27:20.538+0000: [ParNew: 16388K->4K(18432K), 0.0029372 secs] 478904K->462520K(896640K), 0.0029886 secs] [Times: user=0.00 sys=0.00, real=0.00 secs] 
2020-10-29T10:27:20.556+0000: [GC (Allocation Failure) 2020-10-29T10:27:20.556+0000: [ParNew: 16388K->4K(18432K), 0.0028665 secs] 478904K->462520K(896640K), 0.0029139 secs] [Times: user=0.01 sys=0.00, real=0.00 secs] 
2020-10-29T10:27:20.574+0000: [GC (Allocation Failure) 2020-10-29T10:27:20.574+0000: [ParNew: 16388K->4K(18432K), 0.0028995 secs] 478904K->462520K(896640K), 0.0029620 secs] [Times: user=0.01 sys=0.00, real=0.00 secs] 
2020-10-29T10:27:20.594+0000: [GC (Allocation Failure) 2020-10-29T10:27:20.594+0000: [ParNew: 16388K->4K(18432K), 0.0028878 secs] 478904K->462520K(896640K), 0.0029363 secs] [Times: user=0.00 sys=0.00, real=0.00 secs] 
2020-10-29T10:27:20.614+0000: [GC (Allocation Failure) 2020-10-29T10:27:20.614+0000: [ParNew: 16388K->4K(18432K), 0.0028946 secs] 478904K->462520K(896640K), 0.0029429 secs] [Times: user=0.01 sys=0.00, real=0.00 secs] 
2020-10-29T10:27:20.632+0000: [GC (Allocation Failure) 2020-10-29T10:27:20.632+0000: [ParNew: 16388K->4K(18432K), 0.0029468 secs] 478904K->462520K(896640K), 0.0029977 secs] [Times: user=0.00 sys=0.00, real=0.00 secs] 
2020-10-29T10:27:20.650+0000: [GC (Allocation Failure) 2020-10-29T10:27:20.650+0000: [ParNew: 16388K->4K(18432K), 0.0030872 secs] 478904K->462520K(896640K), 0.0031356 secs] [Times: user=0.01 sys=0.00, real=0.01 secs] 
2020-10-29T10:27:20.668+0000: [GC (Allocation Failure) 2020-10-29T10:27:20.668+0000: [ParNew: 16388K->4K(18432K), 0.0029374 secs] 478904K->462520K(896640K), 0.0029871 secs] [Times: user=0.01 sys=0.00, real=0.01 secs] 
2020-10-29T10:27:20.685+0000: [GC (Allocation Failure) 2020-10-29T10:27:20.685+0000: [ParNew: 16388K->4K(18432K), 0.0029883 secs] 478904K->462520K(896640K), 0.0030353 secs] [Times: user=0.00 sys=0.00, real=0.00 secs] 
2020-10-29T10:27:20.703+0000: [GC (Allocation Failure) 2020-10-29T10:27:20.703+0000: [ParNew: 16388K->4K(18432K), 0.0029466 secs] 478904K->462520K(896640K), 0.0029940 secs] [Times: user=0.01 sys=0.00, real=0.00 secs] 
2020-10-29T10:27:20.722+0000: [GC (Allocation Failure) 2020-10-29T10:27:20.722+0000: [ParNew: 16388K->4K(18432K), 0.0028912 secs] 478904K->462520K(896640K), 0.0029400 secs] [Times: user=0.01 sys=0.00, real=0.00 secs] 
2020-10-29T10:27:20.740+0000: [GC (Allocation Failure) 2020-10-29T10:27:20.740+0000: [ParNew: 16388K->4K(18432K), 0.0029856 secs] 478904K->462520K(896640K), 0.0030368 secs] [Times: user=0.01 sys=0.00, real=0.01 secs] 
2020-10-29T10:27:20.758+0000: [GC (Allocation Failure) 2020-10-29T10:27:20.758+0000: [ParNew: 16388K->4K(18432K), 0.0029207 secs] 478904K->462520K(896640K), 0.0029691 secs] [Times: user=0.00 sys=0.00, real=0.00 secs] 
2020-10-29T10:27:20.775+0000: [GC (Allocation Failure) 2020-10-29T10:27:20.775+0000: [ParNew: 16388K->4K(18432K), 0.0029702 secs] 478904K->462520K(896640K), 0.0030202 secs] [Times: user=0.01 sys=0.00, real=0.00 secs] 
2020-10-29T10:27:20.794+0000: [GC (Allocation Failure) 2020-10-29T10:27:20.794+0000: [ParNew: 16388K->4K(18432K), 0.0028526 secs] 478904K->462520K(896640K), 0.0029074 secs] [Times: user=0.01 sys=0.00, real=0.00 secs] 
2020-10-29T10:27:20.812+0000: [GC (Allocation Failure) 2020-10-29T10:27:20.812+0000: [ParNew: 16388K->4K(18432K), 0.0029543 secs] 478904K->462520K(896640K), 0.0030008 secs] [Times: user=0.01 sys=0.00, real=0.00 secs] 
2020-10-29T10:27:20.834+0000: [GC (Allocation Failure) 2020-10-29T10:27:20.834+0000: [ParNew: 16388K->4K(18432K), 0.0029281 secs] 478904K->462520K(896640K), 0.0029732 secs] [Times: user=0.00 sys=0.00, real=0.00 secs] 
2020-10-29T10:27:20.851+0000: [GC (Allocation Failure) 2020-10-29T10:27:20.852+0000: [ParNew: 16388K->4K(18432K), 0.0028987 secs] 478904K->462520K(896640K), 0.0029448 secs] [Times: user=0.01 sys=0.00, real=0.00 secs] 
2020-10-29T10:27:20.870+0000: [GC (Allocation Failure) 2020-10-29T10:27:20.870+0000: [ParNew: 16388K->4K(18432K), 0.0028266 secs] 478904K->462520K(896640K), 0.0028713 secs] [Times: user=0.00 sys=0.00, real=0.01 secs] 
2020-10-29T10:27:20.887+0000: [GC (Allocation Failure) 2020-10-29T10:27:20.887+0000: [ParNew: 16388K->4K(18432K), 0.0030618 secs] 478904K->462520K(896640K), 0.0031183 secs] [Times: user=0.00 sys=0.00, real=0.01 secs] 
2020-10-29T10:27:20.906+0000: [GC (Allocation Failure) 2020-10-29T10:27:20.906+0000: [ParNew: 16388K->4K(18432K), 0.0029928 secs] 478904K->462520K(896640K), 0.0030481 secs] [Times: user=0.01 sys=0.00, real=0.00 secs] 
2020-10-29T10:27:20.926+0000: [GC (Allocation Failure) 2020-10-29T10:27:20.926+0000: [ParNew: 16388K->4K(18432K), 0.0029376 secs] 478904K->462520K(896640K), 0.0029882 secs] [Times: user=0.01 sys=0.00, real=0.00 secs] 
2020-10-29T10:27:20.944+0000: [GC (Allocation Failure) 2020-10-29T10:27:20.944+0000: [ParNew: 16388K->4K(18432K), 0.0030902 secs] 478904K->462520K(896640K), 0.0031586 secs] [Times: user=0.01 sys=0.00, real=0.00 secs] 
2020-10-29T10:27:20.962+0000: [GC (Allocation Failure) 2020-10-29T10:27:20.962+0000: [ParNew: 16388K->4K(18432K), 0.0028506 secs] 478904K->462520K(896640K), 0.0028965 secs] [Times: user=0.01 sys=0.00, real=0.00 secs] 
2020-10-29T10:27:20.980+0000: [GC (Allocation Failure) 2020-10-29T10:27:20.980+0000: [ParNew: 16388K->4K(18432K), 0.0029715 secs] 478904K->462520K(896640K), 0.0030207 secs] [Times: user=0.01 sys=0.00, real=0.01 secs] 
2020-10-29T10:27:20.998+0000: [GC (Allocation Failure) 2020-10-29T10:27:20.998+0000: [ParNew: 16388K->4K(18432K), 0.0029137 secs] 478904K->462520K(896640K), 0.0029632 secs] [Times: user=0.01 sys=0.00, real=0.00 secs] 
2020-10-29T10:27:21.018+0000: [GC (Allocation Failure) 2020-10-29T10:27:21.018+0000: [ParNew: 16388K->4K(18432K), 0.0028498 secs] 478904K->462520K(896640K), 0.0028972 secs] [Times: user=0.01 sys=0.00, real=0.00 secs] 
2020-10-29T10:27:21.036+0000: [GC (Allocation Failure) 2020-10-29T10:27:21.036+0000: [ParNew: 16388K->4K(18432K), 0.0027934 secs] 478904K->462520K(896640K), 0.0028358 secs] [Times: user=0.00 sys=0.00, real=0.00 secs] 
2020-10-29T10:27:21.054+0000: [GC (Allocation Failure) 2020-10-29T10:27:21.054+0000: [ParNew: 16388K->4K(18432K), 0.0029540 secs] 478904K->462520K(896640K), 0.0030036 secs] [Times: user=0.00 sys=0.00, real=0.00 secs] 
2020-10-29T10:27:21.074+0000: [GC (Allocation Failure) 2020-10-29T10:27:21.074+0000: [ParNew: 16388K->4K(18432K), 0.0029039 secs] 478904K->462520K(896640K), 0.0029541 secs] [Times: user=0.01 sys=0.00, real=0.00 secs] 
2020-10-29T10:27:21.094+0000: [GC (Allocation Failure) 2020-10-29T10:27:21.094+0000: [ParNew: 16388K->4K(18432K), 0.0028344 secs] 478904K->462520K(896640K), 0.0028819 secs] [Times: user=0.01 sys=0.00, real=0.00 secs] 
2020-10-29T10:27:21.112+0000: [GC (Allocation Failure) 2020-10-29T10:27:21.112+0000: [ParNew: 16388K->4K(18432K), 0.0028768 secs] 478904K->462520K(896640K), 0.0029254 secs] [Times: user=0.00 sys=0.00, real=0.00 secs] 
2020-10-29T10:27:21.130+0000: [GC (Allocation Failure) 2020-10-29T10:27:21.130+0000: [ParNew: 16388K->4K(18432K), 0.0027997 secs] 478904K->462520K(896640K), 0.0028460 secs] [Times: user=0.01 sys=0.00, real=0.01 secs] 
2020-10-29T10:27:21.147+0000: [GC (Allocation Failure) 2020-10-29T10:27:21.147+0000: [ParNew: 16388K->4K(18432K), 0.0029138 secs] 478904K->462520K(896640K), 0.0029658 secs] [Times: user=0.01 sys=0.00, real=0.01 secs] 
2020-10-29T10:27:21.165+0000: [GC (Allocation Failure) 2020-10-29T10:27:21.165+0000: [ParNew: 16388K->4K(18432K), 0.0028624 secs] 478904K->462520K(896640K), 0.0029105 secs] [Times: user=0.00 sys=0.00, real=0.00 secs] 
2020-10-29T10:27:21.182+0000: [GC (Allocation Failure) 2020-10-29T10:27:21.182+0000: [ParNew: 16388K->4K(18432K), 0.0027328 secs] 478904K->462520K(896640K), 0.0027773 secs] [Times: user=0.00 sys=0.00, real=0.01 secs] 
2020-10-29T10:27:21.200+0000: [GC (Allocation Failure) 2020-10-29T10:27:21.200+0000: [ParNew: 16388K->4K(18432K), 0.0028344 secs] 478904K->462520K(896640K), 0.0028821 secs] [Times: user=0.01 sys=0.00, real=0.01 secs] 
2020-10-29T10:27:21.217+0000: [GC (Allocation Failure) 2020-10-29T10:27:21.217+0000: [ParNew: 16388K->4K(18432K), 0.0034274 secs] 478904K->462520K(896640K), 0.0034773 secs] [Times: user=0.00 sys=0.00, real=0.00 secs] 
2020-10-29T10:27:21.235+0000: [GC (Allocation Failure) 2020-10-29T10:27:21.235+0000: [ParNew: 16388K->4K(18432K), 0.0032483 secs] 478904K->462520K(896640K), 0.0032962 secs] [Times: user=0.01 sys=0.00, real=0.00 secs] 
2020-10-29T10:27:21.254+0000: [GC (Allocation Failure) 2020-10-29T10:27:21.254+0000: [ParNew: 16388K->4K(18432K), 0.0029351 secs] 478904K->462520K(896640K), 0.0030030 secs] [Times: user=0.00 sys=0.00, real=0.00 secs] 
2020-10-29T10:27:21.274+0000: [GC (Allocation Failure) 2020-10-29T10:27:21.274+0000: [ParNew: 16388K->4K(18432K), 0.0029711 secs] 478904K->462520K(896640K), 0.0030233 secs] [Times: user=0.00 sys=0.00, real=0.00 secs] 
2020-10-29T10:27:21.294+0000: [GC (Allocation Failure) 2020-10-29T10:27:21.294+0000: [ParNew: 16388K->4K(18432K), 0.0029193 secs] 478904K->462520K(896640K), 0.0029710 secs] [Times: user=0.01 sys=0.00, real=0.00 secs] 
2020-10-29T10:27:21.312+0000: [GC (Allocation Failure) 2020-10-29T10:27:21.312+0000: [ParNew: 16388K->4K(18432K), 0.0029617 secs] 478904K->462520K(896640K), 0.0030137 secs] [Times: user=0.00 sys=0.00, real=0.00 secs] 
2020-10-29T10:27:21.338+0000: [GC (Allocation Failure) 2020-10-29T10:27:21.338+0000: [ParNew: 16388K->4K(18432K), 0.0030368 secs] 478904K->462520K(896640K), 0.0030918 secs] [Times: user=0.01 sys=0.00, real=0.00 secs] 
2020-10-29T10:27:21.374+0000: [GC (Allocation Failure) 2020-10-29T10:27:21.374+0000: [ParNew: 16388K->4K(18432K), 0.0029713 secs] 478904K->462520K(896640K), 0.0030263 secs] [Times: user=0.00 sys=0.00, real=0.00 secs] 
2020-10-29T10:27:21.406+0000: [GC (Allocation Failure) 2020-10-29T10:27:21.406+0000: [ParNew: 16388K->4K(18432K), 0.0030236 secs] 478904K->462520K(896640K), 0.0030762 secs] [Times: user=0.00 sys=0.00, real=0.00 secs] 
2020-10-29T10:27:21.438+0000: [GC (Allocation Failure) 2020-10-29T10:27:21.438+0000: [ParNew: 16388K->4K(18432K), 0.0029812 secs] 478904K->462520K(896640K), 0.0030354 secs] [Times: user=0.01 sys=0.00, real=0.00 secs] 
2020-10-29T10:27:21.469+0000: [GC (Allocation Failure) 2020-10-29T10:27:21.469+0000: [ParNew: 16388K->4K(18432K), 0.0029496 secs] 478904K->462520K(896640K), 0.0030073 secs] [Times: user=0.01 sys=0.00, real=0.01 secs] 
2020-10-29T10:27:21.489+0000: [GC (Allocation Failure) 2020-10-29T10:27:21.489+0000: [ParNew: 16388K->4K(18432K), 0.0039090 secs] 478904K->470712K(896640K), 0.0039629 secs] [Times: user=0.01 sys=0.00, real=0.01 secs] 
2020-10-29T10:27:21.493+0000: [GC (CMS Initial Mark) [1 CMS-initial-mark: 470708K(878208K)] 471039K(896640K), 0.0013302 secs] [Times: user=0.00 sys=0.00, real=0.00 secs] 
2020-10-29T10:27:21.495+0000: [CMS-concurrent-mark-start]
2020-10-29T10:27:21.522+0000: [GC (Allocation Failure) 2020-10-29T10:27:21.523+0000: [ParNew: 16388K->4K(18432K), 0.0029089 secs] 487096K->470713K(896640K), 0.0029626 secs] [Times: user=0.00 sys=0.00, real=0.00 secs] 
2020-10-29T10:27:21.577+0000: [GC (Allocation Failure) 2020-10-29T10:27:21.577+0000: [ParNew: 16388K->4K(18432K), 0.0029732 secs] 487097K->470713K(896640K), 0.0030351 secs] [Times: user=0.01 sys=0.00, real=0.00 secs] 
2020-10-29T10:27:21.585+0000: [CMS-concurrent-mark: 0.075/0.090 secs] [Times: user=0.18 sys=0.00, real=0.09 secs] 
2020-10-29T10:27:21.585+0000: [CMS-concurrent-preclean-start]
2020-10-29T10:27:21.594+0000: [CMS-concurrent-preclean: 0.009/0.009 secs] [Times: user=0.01 sys=0.00, real=0.01 secs] 
2020-10-29T10:27:21.594+0000: [CMS-concurrent-abortable-preclean-start]
2020-10-29T10:27:21.799+0000: [CMS-concurrent-abortable-preclean: 0.005/0.205 secs] [Times: user=0.41 sys=0.00, real=0.20 secs] 
2020-10-29T10:27:21.802+0000: [GC (CMS Final Remark) [YG occupancy: 10931 K (18432 K)]2020-10-29T10:27:21.802+0000: [Rescan (parallel) , 0.0081951 secs]2020-10-29T10:27:21.811+0000: [weak refs processing, 0.0001074 secs]2020-10-29T10:27:21.811+0000: [class unloading, 0.0086156 secs]2020-10-29T10:27:21.819+0000: [scrub symbol table, 0.0092644 secs]2020-10-29T10:27:21.829+0000: [scrub string table, 0.0005850 secs][1 CMS-remark: 470709K(878208K)] 481641K(896640K), 0.0268766 secs] [Times: user=0.04 sys=0.00, real=0.02 secs] 
2020-10-29T10:27:21.834+0000: [CMS-concurrent-sweep-start]
2020-10-29T10:27:21.855+0000: [CMS-concurrent-sweep: 0.021/0.021 secs] [Times: user=0.04 sys=0.00, real=0.02 secs] 
2020-10-29T10:27:21.855+0000: [CMS-concurrent-reset-start]
2020-10-29T10:27:21.857+0000: [CMS-concurrent-reset: 0.001/0.001 secs] [Times: user=0.00 sys=0.00, real=0.00 secs] 
2020-10-29T10:27:22.010+0000: [GC (Allocation Failure) 2020-10-29T10:27:22.010+0000: [ParNew: 16388K->4K(18432K), 0.0032807 secs] 434674K->418290K(896640K), 0.0033380 secs] [Times: user=0.00 sys=0.00, real=0.01 secs] 
2020-10-29T10:27:22.478+0000: [GC (Allocation Failure) 2020-10-29T10:27:22.478+0000: [ParNew: 16388K->304K(18432K), 0.0036071 secs] 434674K->418591K(896640K), 0.0036557 secs] [Times: user=0.00 sys=0.00, real=0.00 secs] 
2020-10-29T10:27:23.084+0000: [GC (Allocation Failure) 2020-10-29T10:27:23.084+0000: [ParNew: 16688K->774K(18432K), 0.0041194 secs] 451359K->435445K(896640K), 0.0041733 secs] [Times: user=0.01 sys=0.00, real=0.00 secs] 
2020-10-29T10:27:23.259+0000: [GC (Allocation Failure) 2020-10-29T10:27:23.259+0000: [ParNew: 17158K->1997K(18432K), 0.0118997 secs] 451829K->436668K(896640K), 0.0119606 secs] [Times: user=0.02 sys=0.00, real=0.02 secs] 
2020-10-29T10:27:23.450+0000: [GC (Allocation Failure) 2020-10-29T10:27:23.450+0000: [ParNew: 18381K->1164K(18432K), 0.0118403 secs] 453052K->437557K(896640K), 0.0119242 secs] [Times: user=0.02 sys=0.00, real=0.01 secs] 
2020-10-29T10:27:23.512+0000: [GC (Allocation Failure) 2020-10-29T10:27:23.512+0000: [ParNew: 17548K->778K(18432K), 0.0034311 secs] 453941K->437171K(896640K), 0.0034912 secs] [Times: user=0.00 sys=0.00, real=0.00 secs] 
2020-10-29T10:27:23.563+0000: [GC (Allocation Failure) 2020-10-29T10:27:23.563+0000: [ParNew: 17162K->1121K(18432K), 0.0034158 secs] 453555K->437514K(896640K), 0.0034774 secs] [Times: user=0.01 sys=0.00, real=0.00 secs] 
2020-10-29T10:27:23.614+0000: [GC (Allocation Failure) 2020-10-29T10:27:23.614+0000: [ParNew: 17505K->1151K(18432K), 0.0034439 secs] 453898K->437544K(896640K), 0.0035008 secs] [Times: user=0.00 sys=0.00, real=0.00 secs] 
2020-10-29T10:27:23.660+0000: [GC (Allocation Failure) 2020-10-29T10:27:23.660+0000: [ParNew: 17535K->1065K(18432K), 0.0033539 secs] 453928K->437459K(896640K), 0.0034318 secs] [Times: user=0.00 sys=0.00, real=0.01 secs] 
2020-10-29T10:27:23.710+0000: [GC (Allocation Failure) 2020-10-29T10:27:23.710+0000: [ParNew: 17449K->1310K(18432K), 0.0034175 secs] 453843K->437703K(896640K), 0.0034779 secs] [Times: user=0.01 sys=0.00, real=0.00 secs] 
2020-10-29T10:27:23.743+0000: [GC (Allocation Failure) 2020-10-29T10:27:23.743+0000: [ParNew: 17694K->1070K(18432K), 0.0036462 secs] 454087K->437901K(896640K), 0.0037017 secs] [Times: user=0.00 sys=0.00, real=0.00 secs] 
2020-10-29T10:27:23.778+0000: [GC (Allocation Failure) 2020-10-29T10:27:23.778+0000: [ParNew: 17454K->1100K(18432K), 0.0053999 secs] 454285K->437931K(896640K), 0.0054567 secs] [Times: user=0.01 sys=0.00, real=0.01 secs] 
2020-10-29T10:27:23.809+0000: [GC (Allocation Failure) 2020-10-29T10:27:23.809+0000: [ParNew: 17484K->1043K(18432K), 0.0033835 secs] 454315K->438387K(896640K), 0.0034506 secs] [Times: user=0.01 sys=0.00, real=0.01 secs] 
2020-10-29T10:27:23.834+0000: [GC (Allocation Failure) 2020-10-29T10:27:23.834+0000: [ParNew: 17427K->1029K(18432K), 0.0033295 secs] 454771K->438884K(896640K), 0.0033866 secs] [Times: user=0.01 sys=0.00, real=0.00 secs] 
2020-10-29T10:27:23.859+0000: [GC (Allocation Failure) 2020-10-29T10:27:23.859+0000: [ParNew: 17413K->4K(18432K), 0.0032496 secs] 455268K->438883K(896640K), 0.0033163 secs] [Times: user=0.00 sys=0.00, real=0.01 secs] 
2020-10-29T10:27:23.887+0000: [GC (Allocation Failure) 2020-10-29T10:27:23.887+0000: [ParNew: 16388K->4K(18432K), 0.0030688 secs] 455267K->438883K(896640K), 0.0031217 secs] [Times: user=0.00 sys=0.00, real=0.00 secs] 
2020-10-29T10:27:23.912+0000: [GC (Allocation Failure) 2020-10-29T10:27:23.912+0000: [ParNew: 16388K->4K(18432K), 0.0030605 secs] 455267K->438883K(896640K), 0.0031114 secs] [Times: user=0.00 sys=0.00, real=0.00 secs] 
2020-10-29T10:27:23.932+0000: [GC (Allocation Failure) 2020-10-29T10:27:23.932+0000: [ParNew: 16388K->4K(18432K), 0.0030886 secs] 455267K->438883K(896640K), 0.0031416 secs] [Times: user=0.00 sys=0.00, real=0.00 secs] 
2020-10-29T10:27:23.951+0000: [GC (Allocation Failure) 2020-10-29T10:27:23.951+0000: [ParNew: 16388K->1028K(18432K), 0.0033569 secs] 455267K->440931K(896640K), 0.0034083 secs] [Times: user=0.01 sys=0.00, real=0.00 secs] 
2020-10-29T10:27:23.971+0000: [GC (Allocation Failure) 2020-10-29T10:27:23.971+0000: [ParNew: 17412K->4K(18432K), 0.0031379 secs] 457315K->439907K(896640K), 0.0031903 secs] [Times: user=0.00 sys=0.00, real=0.00 secs] 
2020-10-29T10:27:23.991+0000: [GC (Allocation Failure) 2020-10-29T10:27:23.991+0000: [ParNew: 16388K->4K(18432K), 0.0029810 secs] 456291K->439907K(896640K), 0.0030306 secs] [Times: user=0.00 sys=0.01, real=0.00 secs] 
2020-10-29T10:27:24.014+0000: [GC (Allocation Failure) 2020-10-29T10:27:24.014+0000: [ParNew: 16388K->4K(18432K), 0.0030013 secs] 456291K->439907K(896640K), 0.0030519 secs] [Times: user=0.00 sys=0.00, real=0.00 secs] 
2020-10-29T10:27:24.034+0000: [GC (Allocation Failure) 2020-10-29T10:27:24.034+0000: [ParNew: 16388K->4K(18432K), 0.0029806 secs] 456291K->439907K(896640K), 0.0030269 secs] [Times: user=0.00 sys=0.00, real=0.00 secs] 
2020-10-29T10:27:24.062+0000: [GC (Allocation Failure) 2020-10-29T10:27:24.062+0000: [ParNew: 16388K->4K(18432K), 0.0031380 secs] 456291K->439907K(896640K), 0.0031875 secs] [Times: user=0.01 sys=0.00, real=0.00 secs] 
2020-10-29T10:27:24.087+0000: [GC (Allocation Failure) 2020-10-29T10:27:24.087+0000: [ParNew: 16388K->4K(18432K), 0.0033429 secs] 456291K->441955K(896640K), 0.0033941 secs] [Times: user=0.01 sys=0.00, real=0.01 secs] 
2020-10-29T10:27:24.114+0000: [GC (Allocation Failure) 2020-10-29T10:27:24.114+0000: [ParNew: 16388K->4K(18432K), 0.0030103 secs] 458339K->441955K(896640K), 0.0030783 secs] [Times: user=0.01 sys=0.00, real=0.00 secs] 
2020-10-29T10:27:24.143+0000: [GC (Allocation Failure) 2020-10-29T10:27:24.143+0000: [ParNew: 16388K->4K(18432K), 0.0031081 secs] 458339K->441955K(896640K), 0.0031796 secs] [Times: user=0.01 sys=0.00, real=0.00 secs] 
2020-10-29T10:27:24.173+0000: [GC (Allocation Failure) 2020-10-29T10:27:24.173+0000: [ParNew: 16388K->4K(18432K), 0.0031543 secs] 458339K->441955K(896640K), 0.0032274 secs] [Times: user=0.00 sys=0.00, real=0.00 secs] 
2020-10-29T10:27:24.210+0000: [GC (Allocation Failure) 2020-10-29T10:27:24.210+0000: [ParNew: 16388K->4K(18432K), 0.0031341 secs] 458339K->441955K(896640K), 0.0032076 secs] [Times: user=0.01 sys=0.00, real=0.00 secs] 
2020-10-29T10:27:24.246+0000: [GC (Allocation Failure) 2020-10-29T10:27:24.246+0000: [ParNew: 16388K->4K(18432K), 0.0031659 secs] 458339K->441955K(896640K), 0.0032562 secs] [Times: user=0.00 sys=0.00, real=0.00 secs] 
2020-10-29T10:27:24.281+0000: [GC (Allocation Failure) 2020-10-29T10:27:24.281+0000: [ParNew: 16388K->4K(18432K), 0.0031391 secs] 458339K->441956K(896640K), 0.0032231 secs] [Times: user=0.00 sys=0.00, real=0.01 secs] 
2020-10-29T10:27:24.323+0000: [GC (Allocation Failure) 2020-10-29T10:27:24.323+0000: [ParNew: 16388K->4K(18432K), 0.0030550 secs] 458340K->441956K(896640K), 0.0031214 secs] [Times: user=0.01 sys=0.00, real=0.00 secs] 
2020-10-29T10:27:24.360+0000: [GC (Allocation Failure) 2020-10-29T10:27:24.360+0000: [ParNew: 16388K->4K(18432K), 0.0030548 secs] 458340K->441956K(896640K), 0.0031252 secs] [Times: user=0.01 sys=0.00, real=0.01 secs] 
2020-10-29T10:27:24.392+0000: [GC (Allocation Failure) 2020-10-29T10:27:24.392+0000: [ParNew: 16388K->4K(18432K), 0.0033632 secs] 458340K->444004K(896640K), 0.0034334 secs] [Times: user=0.01 sys=0.00, real=0.00 secs] 
2020-10-29T10:27:24.433+0000: [GC (Allocation Failure) 2020-10-29T10:27:24.433+0000: [ParNew: 16388K->4K(18432K), 0.0031573 secs] 460388K->444004K(896640K), 0.0032317 secs] [Times: user=0.01 sys=0.00, real=0.00 secs] 
2020-10-29T10:27:24.474+0000: [GC (Allocation Failure) 2020-10-29T10:27:24.474+0000: [ParNew: 16388K->4K(18432K), 0.0032204 secs] 460388K->444004K(896640K), 0.0032940 secs] [Times: user=0.01 sys=0.00, real=0.00 secs] 
2020-10-29T10:27:24.517+0000: [GC (Allocation Failure) 2020-10-29T10:27:24.517+0000: [ParNew: 16388K->4K(18432K), 0.0031543 secs] 460388K->444004K(896640K), 0.0032277 secs] [Times: user=0.00 sys=0.00, real=0.00 secs] 
2020-10-29T10:27:24.557+0000: [GC (Allocation Failure) 2020-10-29T10:27:24.557+0000: [ParNew: 16388K->4K(18432K), 0.0065961 secs] 460388K->444004K(896640K), 0.0066703 secs] [Times: user=0.01 sys=0.00, real=0.01 secs] 
2020-10-29T10:27:24.586+0000: [GC (Allocation Failure) 2020-10-29T10:27:24.586+0000: [ParNew: 16388K->4K(18432K), 0.0030612 secs] 460388K->444004K(896640K), 0.0031157 secs] [Times: user=0.00 sys=0.00, real=0.00 secs] 
2020-10-29T10:27:24.612+0000: [GC (Allocation Failure) 2020-10-29T10:27:24.612+0000: [ParNew: 16388K->4K(18432K), 0.0030588 secs] 460388K->444004K(896640K), 0.0031118 secs] [Times: user=0.01 sys=0.00, real=0.00 secs] 
2020-10-29T10:27:24.633+0000: [GC (Allocation Failure) 2020-10-29T10:27:24.633+0000: [ParNew: 16388K->4K(18432K), 0.0030350 secs] 460388K->444004K(896640K), 0.0030893 secs] [Times: user=0.01 sys=0.00, real=0.00 secs] 
2020-10-29T10:27:24.654+0000: [GC (Allocation Failure) 2020-10-29T10:27:24.654+0000: [ParNew: 16388K->4K(18432K), 0.0030083 secs] 460388K->444004K(896640K), 0.0030597 secs] [Times: user=0.01 sys=0.00, real=0.00 secs] 
2020-10-29T10:27:24.673+0000: [GC (Allocation Failure) 2020-10-29T10:27:24.673+0000: [ParNew: 16388K->4K(18432K), 0.0031427 secs] 460388K->444004K(896640K), 0.0031983 secs] [Times: user=0.00 sys=0.00, real=0.00 secs] 
2020-10-29T10:27:24.692+0000: [GC (Allocation Failure) 2020-10-29T10:27:24.692+0000: [ParNew: 16388K->4K(18432K), 0.0031577 secs] 460388K->444004K(896640K), 0.0032293 secs] [Times: user=0.00 sys=0.00, real=0.00 secs] 
2020-10-29T10:27:24.710+0000: [GC (Allocation Failure) 2020-10-29T10:27:24.710+0000: [ParNew: 12888K->4K(18432K), 0.0028603 secs] 456888K->444004K(896640K), 0.0029105 secs] [Times: user=0.00 sys=0.00, real=0.00 secs] 
2020-10-29T10:27:24.726+0000: [GC (Allocation Failure) 2020-10-29T10:27:24.726+0000: [ParNew: 16388K->4K(18432K), 0.0036364 secs] 460388K->448100K(896640K), 0.0036858 secs] [Times: user=0.00 sys=0.00, real=0.00 secs] 
2020-10-29T10:27:24.744+0000: [GC (Allocation Failure) 2020-10-29T10:27:24.744+0000: [ParNew: 16388K->4K(18432K), 0.0030338 secs] 464484K->448100K(896640K), 0.0030811 secs] [Times: user=0.01 sys=0.00, real=0.00 secs] 
2020-10-29T10:27:24.770+0000: [GC (Allocation Failure) 2020-10-29T10:27:24.770+0000: [ParNew: 16388K->4K(18432K), 0.0031198 secs] 464484K->448100K(896640K), 0.0031730 secs] [Times: user=0.01 sys=0.00, real=0.01 secs] 
2020-10-29T10:27:24.788+0000: [GC (Allocation Failure) 2020-10-29T10:27:24.788+0000: [ParNew: 16388K->4K(18432K), 0.0030165 secs] 464484K->448100K(896640K), 0.0030613 secs] [Times: user=0.01 sys=0.00, real=0.01 secs] 
2020-10-29T10:27:24.806+0000: [GC (Allocation Failure) 2020-10-29T10:27:24.806+0000: [ParNew: 16388K->4K(18432K), 0.0029281 secs] 464484K->448100K(896640K), 0.0029743 secs] [Times: user=0.00 sys=0.00, real=0.00 secs] 
2020-10-29T10:27:24.826+0000: [GC (Allocation Failure) 2020-10-29T10:27:24.826+0000: [ParNew: 16388K->4K(18432K), 0.0028764 secs] 464484K->448100K(896640K), 0.0029173 secs] [Times: user=0.00 sys=0.00, real=0.00 secs] 
2020-10-29T10:27:24.844+0000: [GC (Allocation Failure) 2020-10-29T10:27:24.844+0000: [ParNew: 16388K->4K(18432K), 0.0029013 secs] 464484K->448100K(896640K), 0.0029473 secs] [Times: user=0.00 sys=0.00, real=0.00 secs] 
2020-10-29T10:27:24.862+0000: [GC (Allocation Failure) 2020-10-29T10:27:24.862+0000: [ParNew: 16388K->4K(18432K), 0.0028534 secs] 464484K->448100K(896640K), 0.0028971 secs] [Times: user=0.01 sys=0.00, real=0.00 secs] 
2020-10-29T10:27:24.880+0000: [GC (Allocation Failure) 2020-10-29T10:27:24.880+0000: [ParNew: 16388K->4K(18432K), 0.0028207 secs] 464484K->448100K(896640K), 0.0028622 secs] [Times: user=0.00 sys=0.00, real=0.01 secs] 
2020-10-29T10:27:24.898+0000: [GC (Allocation Failure) 2020-10-29T10:27:24.898+0000: [ParNew: 16388K->4K(18432K), 0.0029954 secs] 464484K->448100K(896640K), 0.0030452 secs] [Times: user=0.01 sys=0.00, real=0.00 secs] 
2020-10-29T10:27:24.916+0000: [GC (Allocation Failure) 2020-10-29T10:27:24.916+0000: [ParNew: 16388K->4K(18432K), 0.0030968 secs] 464484K->448100K(896640K), 0.0031489 secs] [Times: user=0.00 sys=0.00, real=0.00 secs] 
2020-10-29T10:27:24.934+0000: [GC (Allocation Failure) 2020-10-29T10:27:24.934+0000: [ParNew: 16388K->4K(18432K), 0.0029244 secs] 464484K->448100K(896640K), 0.0029686 secs] [Times: user=0.01 sys=0.00, real=0.00 secs] 
2020-10-29T10:27:24.952+0000: [GC (Allocation Failure) 2020-10-29T10:27:24.952+0000: [ParNew: 16388K->4K(18432K), 0.0029119 secs] 464484K->448100K(896640K), 0.0029560 secs] [Times: user=0.00 sys=0.00, real=0.00 secs] 
2020-10-29T10:27:24.970+0000: [GC (Allocation Failure) 2020-10-29T10:27:24.970+0000: [ParNew: 16388K->4K(18432K), 0.0030693 secs] 464484K->448100K(896640K), 0.0031215 secs] [Times: user=0.01 sys=0.00, real=0.01 secs] 
2020-10-29T10:27:24.990+0000: [GC (Allocation Failure) 2020-10-29T10:27:24.990+0000: [ParNew: 16388K->4K(18432K), 0.0030243 secs] 464484K->448100K(896640K), 0.0030753 secs] [Times: user=0.01 sys=0.00, real=0.00 secs] 
2020-10-29T10:27:25.010+0000: [GC (Allocation Failure) 2020-10-29T10:27:25.010+0000: [ParNew: 16388K->4K(18432K), 0.0030215 secs] 464484K->448100K(896640K), 0.0030720 secs] [Times: user=0.00 sys=0.00, real=0.00 secs] 
2020-10-29T10:27:25.028+0000: [GC (Allocation Failure) 2020-10-29T10:27:25.028+0000: [ParNew: 16388K->4K(18432K), 0.0029319 secs] 464484K->448100K(896640K), 0.0029772 secs] [Times: user=0.01 sys=0.00, real=0.01 secs] 
2020-10-29T10:27:25.046+0000: [GC (Allocation Failure) 2020-10-29T10:27:25.046+0000: [ParNew: 16388K->4K(18432K), 0.0033262 secs] 464484K->448100K(896640K), 0.0033725 secs] [Times: user=0.01 sys=0.00, real=0.00 secs] 
2020-10-29T10:27:25.064+0000: [GC (Allocation Failure) 2020-10-29T10:27:25.064+0000: [ParNew: 16388K->4K(18432K), 0.0031641 secs] 464484K->448100K(896640K), 0.0032092 secs] [Times: user=0.01 sys=0.00, real=0.00 secs] 
2020-10-29T10:27:25.084+0000: [GC (Allocation Failure) 2020-10-29T10:27:25.084+0000: [ParNew: 16388K->4K(18432K), 0.0029639 secs] 464484K->448100K(896640K), 0.0030141 secs] [Times: user=0.01 sys=0.00, real=0.00 secs] 
2020-10-29T10:27:25.102+0000: [GC (Allocation Failure) 2020-10-29T10:27:25.102+0000: [ParNew: 16388K->4K(18432K), 0.0030294 secs] 464484K->448100K(896640K), 0.0030821 secs] [Times: user=0.01 sys=0.00, real=0.00 secs] 
2020-10-29T10:27:25.122+0000: [GC (Allocation Failure) 2020-10-29T10:27:25.122+0000: [ParNew: 16388K->4K(18432K), 0.0030578 secs] 464484K->448100K(896640K), 0.0031096 secs] [Times: user=0.01 sys=0.00, real=0.00 secs] 
2020-10-29T10:27:25.142+0000: [GC (Allocation Failure) 2020-10-29T10:27:25.142+0000: [ParNew: 16388K->4K(18432K), 0.0029715 secs] 464484K->448100K(896640K), 0.0030226 secs] [Times: user=0.00 sys=0.00, real=0.00 secs] 
2020-10-29T10:27:25.160+0000: [GC (Allocation Failure) 2020-10-29T10:27:25.160+0000: [ParNew: 16388K->4K(18432K), 0.0029997 secs] 464484K->448100K(896640K), 0.0030508 secs] [Times: user=0.01 sys=0.00, real=0.01 secs] 
2020-10-29T10:27:25.178+0000: [GC (Allocation Failure) 2020-10-29T10:27:25.178+0000: [ParNew: 16388K->4K(18432K), 0.0028423 secs] 464484K->448100K(896640K), 0.0028897 secs] [Times: user=0.00 sys=0.00, real=0.00 secs] 
2020-10-29T10:27:25.195+0000: [GC (Allocation Failure) 2020-10-29T10:27:25.195+0000: [ParNew: 16388K->4K(18432K), 0.0028956 secs] 464484K->448100K(896640K), 0.0029415 secs] [Times: user=0.01 sys=0.00, real=0.00 secs] 
2020-10-29T10:27:25.214+0000: [GC (Allocation Failure) 2020-10-29T10:27:25.214+0000: [ParNew: 16388K->4K(18432K), 0.0027453 secs] 464484K->448100K(896640K), 0.0027891 secs] [Times: user=0.01 sys=0.00, real=0.00 secs] 
2020-10-29T10:27:25.232+0000: [GC (Allocation Failure) 2020-10-29T10:27:25.232+0000: [ParNew: 16388K->4K(18432K), 0.0028769 secs] 464484K->448100K(896640K), 0.0029235 secs] [Times: user=0.00 sys=0.00, real=0.00 secs] 
2020-10-29T10:27:25.249+0000: [GC (Allocation Failure) 2020-10-29T10:27:25.249+0000: [ParNew: 16388K->4K(18432K), 0.0029819 secs] 464484K->448100K(896640K), 0.0030294 secs] [Times: user=0.01 sys=0.00, real=0.01 secs] 
2020-10-29T10:27:25.267+0000: [GC (Allocation Failure) 2020-10-29T10:27:25.267+0000: [ParNew: 16388K->4K(18432K), 0.0030179 secs] 464484K->448100K(896640K), 0.0030683 secs] [Times: user=0.00 sys=0.00, real=0.00 secs] 
2020-10-29T10:27:25.284+0000: [GC (Allocation Failure) 2020-10-29T10:27:25.284+0000: [ParNew: 16388K->4K(18432K), 0.0029942 secs] 464484K->448100K(896640K), 0.0030428 secs] [Times: user=0.01 sys=0.00, real=0.00 secs] 
2020-10-29T10:27:25.306+0000: [GC (Allocation Failure) 2020-10-29T10:27:25.306+0000: [ParNew: 16388K->4K(18432K), 0.0028445 secs] 464484K->448100K(896640K), 0.0028915 secs] [Times: user=0.00 sys=0.00, real=0.00 secs] 
2020-10-29T10:27:25.326+0000: [GC (Allocation Failure) 2020-10-29T10:27:25.326+0000: [ParNew: 16388K->4K(18432K), 0.0028270 secs] 464484K->448100K(896640K), 0.0028770 secs] [Times: user=0.01 sys=0.00, real=0.00 secs] 
2020-10-29T10:27:25.344+0000: [GC (Allocation Failure) 2020-10-29T10:27:25.344+0000: [ParNew: 16388K->4K(18432K), 0.0030569 secs] 464484K->448100K(896640K), 0.0031095 secs] [Times: user=0.00 sys=0.00, real=0.00 secs] 
2020-10-29T10:27:25.362+0000: [GC (Allocation Failure) 2020-10-29T10:27:25.362+0000: [ParNew: 16388K->4K(18432K), 0.0029817 secs] 464484K->448100K(896640K), 0.0030302 secs] [Times: user=0.00 sys=0.00, real=0.00 secs] 
2020-10-29T10:27:25.382+0000: [GC (Allocation Failure) 2020-10-29T10:27:25.382+0000: [ParNew: 16388K->4K(18432K), 0.0029924 secs] 464484K->448100K(896640K), 0.0030427 secs] [Times: user=0.01 sys=0.00, real=0.00 secs] 
2020-10-29T10:27:25.400+0000: [GC (Allocation Failure) 2020-10-29T10:27:25.400+0000: [ParNew: 16388K->4K(18432K), 0.0030063 secs] 464484K->448100K(896640K), 0.0030560 secs] [Times: user=0.00 sys=0.00, real=0.01 secs] 
2020-10-29T10:27:25.418+0000: [GC (Allocation Failure) 2020-10-29T10:27:25.418+0000: [ParNew: 16388K->4K(18432K), 0.0029874 secs] 464484K->448100K(896640K), 0.0030378 secs] [Times: user=0.01 sys=0.00, real=0.00 secs] 
2020-10-29T10:27:25.438+0000: [GC (Allocation Failure) 2020-10-29T10:27:25.438+0000: [ParNew: 16388K->4K(18432K), 0.0030204 secs] 464484K->448100K(896640K), 0.0030704 secs] [Times: user=0.00 sys=0.00, real=0.00 secs] 
2020-10-29T10:27:25.457+0000: [GC (Allocation Failure) 2020-10-29T10:27:25.457+0000: [ParNew: 16388K->4K(18432K), 0.0031160 secs] 464484K->448100K(896640K), 0.0031699 secs] [Times: user=0.01 sys=0.00, real=0.00 secs] 
2020-10-29T10:27:25.475+0000: [GC (Allocation Failure) 2020-10-29T10:27:25.475+0000: [ParNew: 16388K->4K(18432K), 0.0029388 secs] 464484K->448100K(896640K), 0.0029812 secs] [Times: user=0.01 sys=0.00, real=0.00 secs] 
2020-10-29T10:27:25.494+0000: [GC (Allocation Failure) 2020-10-29T10:27:25.494+0000: [ParNew: 16388K->4K(18432K), 0.0029914 secs] 464484K->448100K(896640K), 0.0030372 secs] [Times: user=0.01 sys=0.00, real=0.00 secs] 
2020-10-29T10:27:25.514+0000: [GC (Allocation Failure) 2020-10-29T10:27:25.514+0000: [ParNew: 16388K->4K(18432K), 0.0029632 secs] 464484K->448100K(896640K), 0.0030234 secs] [Times: user=0.00 sys=0.00, real=0.00 secs] 
2020-10-29T10:27:25.532+0000: [GC (Allocation Failure) 2020-10-29T10:27:25.532+0000: [ParNew: 16388K->4K(18432K), 0.0030550 secs] 464484K->448100K(896640K), 0.0031059 secs] [Times: user=0.01 sys=0.00, real=0.00 secs] 
2020-10-29T10:27:25.550+0000: [GC (Allocation Failure) 2020-10-29T10:27:25.550+0000: [ParNew: 16378K->4K(18432K), 0.0030999 secs] 464475K->448100K(896640K), 0.0031521 secs] [Times: user=0.00 sys=0.00, real=0.00 secs] 
2020-10-29T10:27:25.568+0000: [GC (Allocation Failure) 2020-10-29T10:27:25.568+0000: [ParNew: 16388K->4K(18432K), 0.0030189 secs] 464484K->448101K(896640K), 0.0030685 secs] [Times: user=0.01 sys=0.00, real=0.01 secs] 
2020-10-29T10:27:25.590+0000: [GC (Allocation Failure) 2020-10-29T10:27:25.590+0000: [ParNew: 16388K->4K(18432K), 0.0029739 secs] 464485K->448101K(896640K), 0.0030238 secs] [Times: user=0.01 sys=0.00, real=0.00 secs] 
2020-10-29T10:27:25.608+0000: [GC (Allocation Failure) 2020-10-29T10:27:25.608+0000: [ParNew: 16388K->4K(18432K), 0.0030630 secs] 464485K->448101K(896640K), 0.0031119 secs] [Times: user=0.00 sys=0.00, real=0.01 secs] 
2020-10-29T10:27:25.625+0000: [GC (Allocation Failure) 2020-10-29T10:27:25.625+0000: [ParNew: 16388K->4K(18432K), 0.0030678 secs] 464485K->448101K(896640K), 0.0031195 secs] [Times: user=0.00 sys=0.00, real=0.00 secs] 
2020-10-29T10:27:25.646+0000: [GC (Allocation Failure) 2020-10-29T10:27:25.646+0000: [ParNew: 16388K->4K(18432K), 0.0030362 secs] 464485K->448101K(896640K), 0.0030867 secs] [Times: user=0.00 sys=0.00, real=0.00 secs] 
2020-10-29T10:27:25.664+0000: [GC (Allocation Failure) 2020-10-29T10:27:25.664+0000: [ParNew: 16388K->4K(18432K), 0.0030912 secs] 464485K->448101K(896640K), 0.0031420 secs] [Times: user=0.00 sys=0.00, real=0.00 secs] 
2020-10-29T10:27:25.682+0000: [GC (Allocation Failure) 2020-10-29T10:27:25.682+0000: [ParNew: 16381K->4K(18432K), 0.0031774 secs] 464478K->448101K(896640K), 0.0032399 secs] [Times: user=0.01 sys=0.00, real=0.01 secs] 
2020-10-29T10:27:25.702+0000: [GC (Allocation Failure) 2020-10-29T10:27:25.702+0000: [ParNew: 16388K->4K(18432K), 0.0031753 secs] 464485K->448101K(896640K), 0.0032320 secs] [Times: user=0.01 sys=0.00, real=0.00 secs] 
2020-10-29T10:27:25.722+0000: [GC (Allocation Failure) 2020-10-29T10:27:25.722+0000: [ParNew: 16388K->4K(18432K), 0.0030525 secs] 464485K->448101K(896640K), 0.0031028 secs] [Times: user=0.00 sys=0.00, real=0.00 secs] 
2020-10-29T10:27:25.740+0000: [GC (Allocation Failure) 2020-10-29T10:27:25.740+0000: [ParNew: 16388K->4K(18432K), 0.0030031 secs] 464485K->448101K(896640K), 0.0030510 secs] [Times: user=0.01 sys=0.00, real=0.01 secs] 
2020-10-29T10:27:25.762+0000: [GC (Allocation Failure) 2020-10-29T10:27:25.762+0000: [ParNew: 16388K->4K(18432K), 0.0029405 secs] 464485K->448101K(896640K), 0.0029899 secs] [Times: user=0.00 sys=0.00, real=0.00 secs] 
2020-10-29T10:27:25.780+0000: [GC (Allocation Failure) 2020-10-29T10:27:25.780+0000: [ParNew: 16388K->4K(18432K), 0.0029724 secs] 464485K->448101K(896640K), 0.0030226 secs] [Times: user=0.01 sys=0.00, real=0.01 secs] 
2020-10-29T10:27:25.798+0000: [GC (Allocation Failure) 2020-10-29T10:27:25.798+0000: [ParNew: 16388K->4K(18432K), 0.0028692 secs] 464485K->448101K(896640K), 0.0029118 secs] [Times: user=0.01 sys=0.00, real=0.00 secs] 
2020-10-29T10:27:25.818+0000: [GC (Allocation Failure) 2020-10-29T10:27:25.818+0000: [ParNew: 16388K->4K(18432K), 0.0028743 secs] 464485K->448101K(896640K), 0.0029213 secs] [Times: user=0.00 sys=0.00, real=0.00 secs] 
2020-10-29T10:27:25.838+0000: [GC (Allocation Failure) 2020-10-29T10:27:25.838+0000: [ParNew: 16388K->4K(18432K), 0.0030123 secs] 464485K->448101K(896640K), 0.0030623 secs] [Times: user=0.00 sys=0.00, real=0.00 secs] 
2020-10-29T10:27:25.856+0000: [GC (Allocation Failure) 2020-10-29T10:27:25.856+0000: [ParNew: 16388K->4K(18432K), 0.0030154 secs] 464485K->448101K(896640K), 0.0030658 secs] [Times: user=0.01 sys=0.00, real=0.00 secs] 
2020-10-29T10:27:25.874+0000: [GC (Allocation Failure) 2020-10-29T10:27:25.874+0000: [ParNew: 16388K->4K(18432K), 0.0029865 secs] 464485K->448101K(896640K), 0.0030365 secs] [Times: user=0.00 sys=0.00, real=0.00 secs] 
2020-10-29T10:27:25.892+0000: [GC (Allocation Failure) 2020-10-29T10:27:25.892+0000: [ParNew: 16388K->4K(18432K), 0.0030054 secs] 464485K->448101K(896640K), 0.0030562 secs] [Times: user=0.00 sys=0.00, real=0.00 secs] 
2020-10-29T10:27:25.914+0000: [GC (Allocation Failure) 2020-10-29T10:27:25.914+0000: [ParNew: 16388K->4K(18432K), 0.0029128 secs] 464485K->448101K(896640K), 0.0029624 secs] [Times: user=0.01 sys=0.00, real=0.00 secs] 
2020-10-29T10:27:25.934+0000: [GC (Allocation Failure) 2020-10-29T10:27:25.934+0000: [ParNew: 16388K->4K(18432K), 0.0029393 secs] 464485K->448101K(896640K), 0.0029877 secs] [Times: user=0.01 sys=0.00, real=0.00 secs] 
2020-10-29T10:27:25.953+0000: [GC (Allocation Failure) 2020-10-29T10:27:25.953+0000: [ParNew: 16388K->4K(18432K), 0.0030098 secs] 464485K->448101K(896640K), 0.0030612 secs] [Times: user=0.00 sys=0.00, real=0.00 secs] 
2020-10-29T10:27:25.970+0000: [GC (Allocation Failure) 2020-10-29T10:27:25.970+0000: [ParNew: 16388K->4K(18432K), 0.0031776 secs] 464485K->448101K(896640K), 0.0032341 secs] [Times: user=0.01 sys=0.00, real=0.00 secs] 
2020-10-29T10:27:25.988+0000: [GC (Allocation Failure) 2020-10-29T10:27:25.988+0000: [ParNew: 16388K->4K(18432K), 0.0032091 secs] 464485K->448101K(896640K), 0.0032648 secs] [Times: user=0.00 sys=0.00, real=0.01 secs] 
2020-10-29T10:27:26.006+0000: [GC (Allocation Failure) 2020-10-29T10:27:26.006+0000: [ParNew: 16388K->4K(18432K), 0.0031445 secs] 464485K->448101K(896640K), 0.0031961 secs] [Times: user=0.01 sys=0.00, real=0.00 secs] 
2020-10-29T10:27:26.024+0000: [GC (Allocation Failure) 2020-10-29T10:27:26.024+0000: [ParNew: 16388K->4K(18432K), 0.0029987 secs] 464485K->448101K(896640K), 0.0030455 secs] [Times: user=0.01 sys=0.00, real=0.00 secs] 
2020-10-29T10:27:26.042+0000: [GC (Allocation Failure) 2020-10-29T10:27:26.042+0000: [ParNew: 16388K->4K(18432K), 0.0029378 secs] 464485K->448101K(896640K), 0.0029835 secs] [Times: user=0.00 sys=0.00, real=0.00 secs] 
2020-10-29T10:27:26.060+0000: [GC (Allocation Failure) 2020-10-29T10:27:26.060+0000: [ParNew: 16388K->4K(18432K), 0.0030960 secs] 464485K->448101K(896640K), 0.0031513 secs] [Times: user=0.01 sys=0.00, real=0.01 secs] 
2020-10-29T10:27:26.078+0000: [GC (Allocation Failure) 2020-10-29T10:27:26.078+0000: [ParNew: 16388K->4K(18432K), 0.0030545 secs] 464485K->448101K(896640K), 0.0031033 secs] [Times: user=0.01 sys=0.00, real=0.00 secs] 
2020-10-29T10:27:26.098+0000: [GC (Allocation Failure) 2020-10-29T10:27:26.098+0000: [ParNew: 16388K->4K(18432K), 0.0029706 secs] 464485K->448101K(896640K), 0.0030187 secs] [Times: user=0.01 sys=0.00, real=0.00 secs] 
2020-10-29T10:27:26.118+0000: [GC (Allocation Failure) 2020-10-29T10:27:26.118+0000: [ParNew: 16388K->4K(18432K), 0.0029342 secs] 464485K->448101K(896640K), 0.0029811 secs] [Times: user=0.01 sys=0.00, real=0.00 secs] 
2020-10-29T10:27:26.136+0000: [GC (Allocation Failure) 2020-10-29T10:27:26.136+0000: [ParNew: 16388K->4K(18432K), 0.0030339 secs] 464485K->448101K(896640K), 0.0030809 secs] [Times: user=0.00 sys=0.00, real=0.00 secs] 
2020-10-29T10:27:26.154+0000: [GC (Allocation Failure) 2020-10-29T10:27:26.154+0000: [ParNew: 16388K->4K(18432K), 0.0030184 secs] 464485K->448101K(896640K), 0.0030690 secs] [Times: user=0.01 sys=0.00, real=0.00 secs] 
2020-10-29T10:27:26.174+0000: [GC (Allocation Failure) 2020-10-29T10:27:26.174+0000: [ParNew: 16388K->4K(18432K), 0.0030101 secs] 464485K->448101K(896640K), 0.0030595 secs] [Times: user=0.00 sys=0.00, real=0.00 secs] 
2020-10-29T10:27:26.194+0000: [GC (Allocation Failure) 2020-10-29T10:27:26.194+0000: [ParNew: 16388K->4K(18432K), 0.0033186 secs] 464485K->448101K(896640K), 0.0033631 secs] [Times: user=0.01 sys=0.00, real=0.00 secs] 
2020-10-29T10:27:26.212+0000: [GC (Allocation Failure) 2020-10-29T10:27:26.212+0000: [ParNew: 16388K->4K(18432K), 0.0029438 secs] 464485K->448101K(896640K), 0.0029991 secs] [Times: user=0.00 sys=0.00, real=0.00 secs] 
2020-10-29T10:27:26.230+0000: [GC (Allocation Failure) 2020-10-29T10:27:26.230+0000: [ParNew: 16388K->4K(18432K), 0.0029712 secs] 464485K->448101K(896640K), 0.0030146 secs] [Times: user=0.01 sys=0.00, real=0.01 secs] 
2020-10-29T10:27:26.249+0000: [GC (Allocation Failure) 2020-10-29T10:27:26.249+0000: [ParNew: 16388K->4K(18432K), 0.0029352 secs] 464485K->448101K(896640K), 0.0029783 secs] [Times: user=0.00 sys=0.00, real=0.01 secs] 
2020-10-29T10:27:26.266+0000: [GC (Allocation Failure) 2020-10-29T10:27:26.266+0000: [ParNew: 16388K->4K(18432K), 0.0030051 secs] 464485K->448101K(896640K), 0.0030580 secs] [Times: user=0.01 sys=0.00, real=0.00 secs] 
2020-10-29T10:27:26.284+0000: [GC (Allocation Failure) 2020-10-29T10:27:26.284+0000: [ParNew: 16388K->4K(18432K), 0.0028924 secs] 464485K->448101K(896640K), 0.0029406 secs] [Times: user=0.00 sys=0.00, real=0.00 secs] 
2020-10-29T10:27:26.302+0000: [GC (Allocation Failure) 2020-10-29T10:27:26.302+0000: [ParNew: 16388K->4K(18432K), 0.0029582 secs] 464485K->448101K(896640K), 0.0030073 secs] [Times: user=0.01 sys=0.00, real=0.01 secs] 
2020-10-29T10:27:26.319+0000: [GC (Allocation Failure) 2020-10-29T10:27:26.319+0000: [ParNew: 16388K->4K(18432K), 0.0029394 secs] 464485K->448101K(896640K), 0.0029889 secs] [Times: user=0.00 sys=0.00, real=0.01 secs] 
2020-10-29T10:27:26.338+0000: [GC (Allocation Failure) 2020-10-29T10:27:26.338+0000: [ParNew: 16388K->4K(18432K), 0.0029977 secs] 464485K->448101K(896640K), 0.0030475 secs] [Times: user=0.01 sys=0.00, real=0.00 secs] 
2020-10-29T10:27:26.357+0000: [GC (Allocation Failure) 2020-10-29T10:27:26.357+0000: [ParNew: 16388K->4K(18432K), 0.0029288 secs] 464485K->448101K(896640K), 0.0029767 secs] [Times: user=0.01 sys=0.00, real=0.00 secs] 
2020-10-29T10:27:26.378+0000: [GC (Allocation Failure) 2020-10-29T10:27:26.378+0000: [ParNew: 16388K->4K(18432K), 0.0028596 secs] 464485K->448101K(896640K), 0.0029062 secs] [Times: user=0.00 sys=0.00, real=0.00 secs] 
2020-10-29T10:27:26.398+0000: [GC (Allocation Failure) 2020-10-29T10:27:26.398+0000: [ParNew: 16388K->4K(18432K), 0.0027143 secs] 464485K->448101K(896640K), 0.0027574 secs] [Times: user=0.01 sys=0.00, real=0.00 secs] 
2020-10-29T10:27:26.416+0000: [GC (Allocation Failure) 2020-10-29T10:27:26.416+0000: [ParNew: 16388K->4K(18432K), 0.0029489 secs] 464485K->448101K(896640K), 0.0029971 secs] [Times: user=0.00 sys=0.00, real=0.00 secs] 
2020-10-29T10:27:26.434+0000: [GC (Allocation Failure) 2020-10-29T10:27:26.434+0000: [ParNew: 16388K->4K(18432K), 0.0027954 secs] 464485K->448101K(896640K), 0.0028416 secs] [Times: user=0.01 sys=0.00, real=0.00 secs] 
2020-10-29T10:27:26.454+0000: [GC (Allocation Failure) 2020-10-29T10:27:26.454+0000: [ParNew: 16388K->4K(18432K), 0.0029462 secs] 464485K->448101K(896640K), 0.0029967 secs] [Times: user=0.01 sys=0.00, real=0.00 secs] 
2020-10-29T10:27:26.472+0000: [GC (Allocation Failure) 2020-10-29T10:27:26.472+0000: [ParNew: 16388K->4K(18432K), 0.0029422 secs] 464485K->448101K(896640K), 0.0029910 secs] [Times: user=0.00 sys=0.00, real=0.00 secs] 
2020-10-29T10:27:26.490+0000: [GC (Allocation Failure) 2020-10-29T10:27:26.490+0000: [ParNew: 16388K->4K(18432K), 0.0029596 secs] 464485K->448101K(896640K), 0.0030230 secs] [Times: user=0.01 sys=0.00, real=0.01 secs] 
2020-10-29T10:27:26.508+0000: [GC (Allocation Failure) 2020-10-29T10:27:26.508+0000: [ParNew: 16388K->4K(18432K), 0.0029769 secs] 464485K->448101K(896640K), 0.0030252 secs] [Times: user=0.00 sys=0.00, real=0.01 secs] 
2020-10-29T10:27:26.525+0000: [GC (Allocation Failure) 2020-10-29T10:27:26.525+0000: [ParNew: 16388K->4K(18432K), 0.0027847 secs] 464485K->448101K(896640K), 0.0028295 secs] [Times: user=0.01 sys=0.00, real=0.00 secs] 
2020-10-29T10:27:26.543+0000: [GC (Allocation Failure) 2020-10-29T10:27:26.543+0000: [ParNew: 16388K->4K(18432K), 0.0029001 secs] 464485K->448101K(896640K), 0.0029714 secs] [Times: user=0.00 sys=0.00, real=0.00 secs] 
2020-10-29T10:27:26.560+0000: [GC (Allocation Failure) 2020-10-29T10:27:26.561+0000: [ParNew: 16388K->4K(18432K), 0.0034978 secs] 464485K->448101K(896640K), 0.0035447 secs] [Times: user=0.01 sys=0.00, real=0.01 secs] 
2020-10-29T10:27:26.582+0000: [GC (Allocation Failure) 2020-10-29T10:27:26.582+0000: [ParNew: 16388K->4K(18432K), 0.0028461 secs] 464485K->448101K(896640K), 0.0028909 secs] [Times: user=0.01 sys=0.00, real=0.00 secs] 
2020-10-29T10:27:26.600+0000: [GC (Allocation Failure) 2020-10-29T10:27:26.600+0000: [ParNew: 16388K->4K(18432K), 0.0028294 secs] 464485K->448101K(896640K), 0.0028721 secs] [Times: user=0.01 sys=0.00, real=0.01 secs] 
2020-10-29T10:27:26.618+0000: [GC (Allocation Failure) 2020-10-29T10:27:26.618+0000: [ParNew: 16388K->4K(18432K), 0.0027961 secs] 464485K->448101K(896640K), 0.0028390 secs] [Times: user=0.00 sys=0.00, real=0.00 secs] 
2020-10-29T10:27:26.638+0000: [GC (Allocation Failure) 2020-10-29T10:27:26.638+0000: [ParNew: 16388K->4K(18432K), 0.0027856 secs] 464485K->448101K(896640K), 0.0028261 secs] [Times: user=0.01 sys=0.00, real=0.00 secs] 
2020-10-29T10:27:26.658+0000: [GC (Allocation Failure) 2020-10-29T10:27:26.658+0000: [ParNew: 16388K->4K(18432K), 0.0028448 secs] 464485K->448101K(896640K), 0.0028877 secs] [Times: user=0.01 sys=0.00, real=0.00 secs] 
2020-10-29T10:27:26.676+0000: [GC (Allocation Failure) 2020-10-29T10:27:26.676+0000: [ParNew: 16388K->4K(18432K), 0.0027970 secs] 464485K->448101K(896640K), 0.0028391 secs] [Times: user=0.00 sys=0.00, real=0.00 secs] 
2020-10-29T10:27:26.694+0000: [GC (Allocation Failure) 2020-10-29T10:27:26.694+0000: [ParNew: 16388K->4K(18432K), 0.0027514 secs] 464485K->448101K(896640K), 0.0027930 secs] [Times: user=0.00 sys=0.00, real=0.00 secs] 
2020-10-29T10:27:26.712+0000: [GC (Allocation Failure) 2020-10-29T10:27:26.712+0000: [ParNew: 16388K->4K(18432K), 0.0028364 secs] 464485K->448101K(896640K), 0.0028809 secs] [Times: user=0.01 sys=0.00, real=0.00 secs] 
2020-10-29T10:27:26.730+0000: [GC (Allocation Failure) 2020-10-29T10:27:26.730+0000: [ParNew: 16388K->4K(18432K), 0.0028149 secs] 464485K->448101K(896640K), 0.0028578 secs] [Times: user=0.00 sys=0.00, real=0.00 secs] 
2020-10-29T10:27:26.748+0000: [GC (Allocation Failure) 2020-10-29T10:27:26.748+0000: [ParNew: 16388K->4K(18432K), 0.0029385 secs] 464485K->448101K(896640K), 0.0030037 secs] [Times: user=0.01 sys=0.00, real=0.01 secs] 
2020-10-29T10:27:26.770+0000: [GC (Allocation Failure) 2020-10-29T10:27:26.770+0000: [ParNew: 16388K->4K(18432K), 0.0030469 secs] 464485K->448101K(896640K), 0.0031007 secs] [Times: user=0.01 sys=0.00, real=0.00 secs] 
2020-10-29T10:27:26.788+0000: [GC (Allocation Failure) 2020-10-29T10:27:26.788+0000: [ParNew: 16388K->4K(18432K), 0.0027470 secs] 464485K->448101K(896640K), 0.0027933 secs] [Times: user=0.00 sys=0.00, real=0.01 secs] 
2020-10-29T10:27:26.810+0000: [GC (Allocation Failure) 2020-10-29T10:27:26.810+0000: [ParNew: 16388K->4K(18432K), 0.0027899 secs] 464485K->448101K(896640K), 0.0028321 secs] [Times: user=0.01 sys=0.00, real=0.01 secs] 
2020-10-29T10:27:26.828+0000: [GC (Allocation Failure) 2020-10-29T10:27:26.828+0000: [ParNew: 16388K->4K(18432K), 0.0027874 secs] 464485K->448101K(896640K), 0.0028287 secs] [Times: user=0.00 sys=0.00, real=0.01 secs] 
2020-10-29T10:27:26.846+0000: [GC (Allocation Failure) 2020-10-29T10:27:26.846+0000: [ParNew: 16388K->4K(18432K), 0.0027622 secs] 464485K->448101K(896640K), 0.0028044 secs] [Times: user=0.01 sys=0.00, real=0.00 secs] 
2020-10-29T10:27:26.863+0000: [GC (Allocation Failure) 2020-10-29T10:27:26.863+0000: [ParNew: 16388K->4K(18432K), 0.0028612 secs] 464485K->448101K(896640K), 0.0029076 secs] [Times: user=0.00 sys=0.00, real=0.00 secs] 
2020-10-29T10:27:26.883+0000: [GC (Allocation Failure) 2020-10-29T10:27:26.883+0000: [ParNew: 16388K->4K(18432K), 0.0031609 secs] 480869K->464485K(896640K), 0.0032177 secs] [Times: user=0.00 sys=0.00, real=0.00 secs] 
2020-10-29T10:27:26.886+0000: [GC (CMS Initial Mark) [1 CMS-initial-mark: 464481K(878208K)] 464651K(896640K), 0.0012813 secs] [Times: user=0.00 sys=0.00, real=0.00 secs] 
2020-10-29T10:27:26.888+0000: [CMS-concurrent-mark-start]
2020-10-29T10:27:26.922+0000: [GC (Allocation Failure) 2020-10-29T10:27:26.922+0000: [ParNew: 16388K->4K(18432K), 0.0030560 secs] 480869K->464485K(896640K), 0.0031225 secs] [Times: user=0.01 sys=0.00, real=0.00 secs] 
2020-10-29T10:27:26.947+0000: [CMS-concurrent-mark: 0.050/0.059 secs] [Times: user=0.11 sys=0.00, real=0.06 secs] 
2020-10-29T10:27:26.947+0000: [CMS-concurrent-preclean-start]
2020-10-29T10:27:26.950+0000: [CMS-concurrent-preclean: 0.003/0.003 secs] [Times: user=0.00 sys=0.00, real=0.00 secs] 
2020-10-29T10:27:26.950+0000: [CMS-concurrent-abortable-preclean-start]
2020-10-29T10:27:26.953+0000: [GC (Allocation Failure) 2020-10-29T10:27:26.953+0000: [ParNew: 16388K->4K(18432K), 0.0027101 secs] 480869K->464485K(896640K), 0.0027524 secs] [Times: user=0.00 sys=0.00, real=0.00 secs] 
2020-10-29T10:27:26.971+0000: [GC (Allocation Failure) 2020-10-29T10:27:26.971+0000: [ParNew: 16388K->4K(18432K), 0.0025962 secs] 480869K->464485K(896640K), 0.0026436 secs] [Times: user=0.01 sys=0.00, real=0.00 secs] 
2020-10-29T10:27:26.990+0000: [GC (Allocation Failure) 2020-10-29T10:27:26.990+0000: [ParNew: 16388K->4K(18432K), 0.0028450 secs] 480869K->464485K(896640K), 0.0028960 secs] [Times: user=0.00 sys=0.00, real=0.00 secs] 
2020-10-29T10:27:27.009+0000: [GC (Allocation Failure) 2020-10-29T10:27:27.009+0000: [ParNew: 16388K->4K(18432K), 0.0028441 secs] 480869K->464485K(896640K), 0.0028945 secs] [Times: user=0.00 sys=0.00, real=0.01 secs] 
2020-10-29T10:27:27.027+0000: [GC (Allocation Failure) 2020-10-29T10:27:27.028+0000: [ParNew: 16388K->4K(18432K), 0.0028002 secs] 480869K->464486K(896640K), 0.0028498 secs] [Times: user=0.01 sys=0.00, real=0.01 secs] 
2020-10-29T10:27:27.046+0000: [GC (Allocation Failure) 2020-10-29T10:27:27.046+0000: [ParNew: 16388K->4K(18432K), 0.0029341 secs] 480870K->464486K(896640K), 0.0029842 secs] [Times: user=0.00 sys=0.00, real=0.00 secs] 
2020-10-29T10:27:27.065+0000: [GC (Allocation Failure) 2020-10-29T10:27:27.065+0000: [ParNew: 16388K->4K(18432K), 0.0030081 secs] 480870K->464486K(896640K), 0.0030581 secs] [Times: user=0.00 sys=0.00, real=0.00 secs] 
2020-10-29T10:27:27.086+0000: [GC (Allocation Failure) 2020-10-29T10:27:27.086+0000: [ParNew: 16388K->4K(18432K), 0.0028278 secs] 480870K->464486K(896640K), 0.0028778 secs] [Times: user=0.01 sys=0.00, real=0.00 secs] 
2020-10-29T10:27:27.106+0000: [GC (Allocation Failure) 2020-10-29T10:27:27.106+0000: [ParNew: 16388K->4K(18432K), 0.0028689 secs] 480870K->464486K(896640K), 0.0029444 secs] [Times: user=0.01 sys=0.00, real=0.00 secs] 
2020-10-29T10:27:27.126+0000: [GC (Allocation Failure) 2020-10-29T10:27:27.126+0000: [ParNew: 16388K->4K(18432K), 0.0029240 secs] 480870K->464486K(896640K), 0.0029766 secs] [Times: user=0.00 sys=0.00, real=0.00 secs] 
2020-10-29T10:27:27.145+0000: [GC (Allocation Failure) 2020-10-29T10:27:27.145+0000: [ParNew: 16388K->4K(18432K), 0.0030070 secs] 480870K->464486K(896640K), 0.0030600 secs] [Times: user=0.01 sys=0.00, real=0.00 secs] 
2020-10-29T10:27:27.166+0000: [GC (Allocation Failure) 2020-10-29T10:27:27.166+0000: [ParNew: 16388K->4K(18432K), 0.0029545 secs] 480870K->464486K(896640K), 0.0030086 secs] [Times: user=0.01 sys=0.01, real=0.00 secs] 
2020-10-29T10:27:27.185+0000: [GC (Allocation Failure) 2020-10-29T10:27:27.185+0000: [ParNew: 16388K->4K(18432K), 0.0029366 secs] 480870K->464486K(896640K), 0.0029895 secs] [Times: user=0.00 sys=0.00, real=0.00 secs] 
2020-10-29T10:27:27.204+0000: [GC (Allocation Failure) 2020-10-29T10:27:27.204+0000: [ParNew: 16388K->4K(18432K), 0.0028830 secs] 480870K->464486K(896640K), 0.0029360 secs] [Times: user=0.01 sys=0.00, real=0.00 secs] 
2020-10-29T10:27:27.222+0000: [GC (Allocation Failure) 2020-10-29T10:27:27.222+0000: [ParNew: 16388K->4K(18432K), 0.0028304 secs] 480870K->464486K(896640K), 0.0028811 secs] [Times: user=0.01 sys=0.00, real=0.00 secs] 
2020-10-29T10:27:27.242+0000: [GC (Allocation Failure) 2020-10-29T10:27:27.242+0000: [ParNew: 16388K->4K(18432K), 0.0028700 secs] 480870K->464486K(896640K), 0.0029184 secs] [Times: user=0.00 sys=0.00, real=0.00 secs] 
2020-10-29T10:27:27.261+0000: [GC (Allocation Failure) 2020-10-29T10:27:27.261+0000: [ParNew: 16388K->4K(18432K), 0.0028143 secs] 480870K->464486K(896640K), 0.0028615 secs] [Times: user=0.01 sys=0.00, real=0.01 secs] 
2020-10-29T10:27:27.281+0000: [GC (Allocation Failure) 2020-10-29T10:27:27.281+0000: [ParNew: 16388K->4K(18432K), 0.0030367 secs] 480870K->464486K(896640K), 0.0030915 secs] [Times: user=0.00 sys=0.00, real=0.01 secs] 
2020-10-29T10:27:27.302+0000: [GC (Allocation Failure) 2020-10-29T10:27:27.302+0000: [ParNew: 16388K->4K(18432K), 0.0028179 secs] 480870K->464486K(896640K), 0.0028685 secs] [Times: user=0.01 sys=0.00, real=0.00 secs] 
2020-10-29T10:27:27.321+0000: [GC (Allocation Failure) 2020-10-29T10:27:27.321+0000: [ParNew: 16388K->4K(18432K), 0.0028065 secs] 480870K->464486K(896640K), 0.0028587 secs] [Times: user=0.01 sys=0.00, real=0.01 secs] 
2020-10-29T10:27:27.342+0000: [GC (Allocation Failure) 2020-10-29T10:27:27.342+0000: [ParNew: 16388K->4K(18432K), 0.0027917 secs] 480870K->464486K(896640K), 0.0028411 secs] [Times: user=0.01 sys=0.00, real=0.00 secs] 
2020-10-29T10:27:27.362+0000: [GC (Allocation Failure) 2020-10-29T10:27:27.362+0000: [ParNew: 16388K->4K(18432K), 0.0027393 secs] 480870K->464486K(896640K), 0.0027873 secs] [Times: user=0.01 sys=0.00, real=0.00 secs] 
2020-10-29T10:27:27.381+0000: [GC (Allocation Failure) 2020-10-29T10:27:27.381+0000: [ParNew: 16388K->4K(18432K), 0.0025813 secs] 480870K->464486K(896640K), 0.0026275 secs] [Times: user=0.01 sys=0.00, real=0.01 secs] 
2020-10-29T10:27:27.399+0000: [GC (Allocation Failure) 2020-10-29T10:27:27.399+0000: [ParNew: 16388K->4K(18432K), 0.0026662 secs] 480870K->464486K(896640K), 0.0027150 secs] [Times: user=0.00 sys=0.00, real=0.00 secs] 
2020-10-29T10:27:27.417+0000: [GC (Allocation Failure) 2020-10-29T10:27:27.417+0000: [ParNew: 16388K->4K(18432K), 0.0026917 secs] 480870K->464486K(896640K), 0.0027402 secs] [Times: user=0.01 sys=0.00, real=0.00 secs] 
2020-10-29T10:27:27.436+0000: [GC (Allocation Failure) 2020-10-29T10:27:27.436+0000: [ParNew: 16388K->4K(18432K), 0.0027876 secs] 480870K->464486K(896640K), 0.0028449 secs] [Times: user=0.01 sys=0.00, real=0.00 secs] 
2020-10-29T10:27:27.454+0000: [GC (Allocation Failure) 2020-10-29T10:27:27.454+0000: [ParNew: 16388K->4K(18432K), 0.0029871 secs] 480870K->464486K(896640K), 0.0030461 secs] [Times: user=0.00 sys=0.00, real=0.00 secs] 
2020-10-29T10:27:27.474+0000: [GC (Allocation Failure) 2020-10-29T10:27:27.474+0000: [ParNew: 16388K->4K(18432K), 0.0031120 secs] 480870K->464486K(896640K), 0.0031689 secs] [Times: user=0.01 sys=0.00, real=0.00 secs] 
2020-10-29T10:27:27.493+0000: [GC (Allocation Failure) 2020-10-29T10:27:27.493+0000: [ParNew: 16388K->4K(18432K), 0.0028729 secs] 480870K->464486K(896640K), 0.0029258 secs] [Times: user=0.00 sys=0.00, real=0.00 secs] 
2020-10-29T10:27:27.514+0000: [GC (Allocation Failure) 2020-10-29T10:27:27.514+0000: [ParNew: 16388K->4K(18432K), 0.0029419 secs] 480870K->464486K(896640K), 0.0029939 secs] [Times: user=0.00 sys=0.00, real=0.00 secs] 
2020-10-29T10:27:27.534+0000: [GC (Allocation Failure) 2020-10-29T10:27:27.534+0000: [ParNew: 16388K->4K(18432K), 0.0028633 secs] 480870K->464486K(896640K), 0.0029158 secs] [Times: user=0.01 sys=0.00, real=0.00 secs] 
2020-10-29T10:27:27.554+0000: [GC (Allocation Failure) 2020-10-29T10:27:27.554+0000: [ParNew: 16388K->4K(18432K), 0.0027917 secs] 480870K->464486K(896640K), 0.0028433 secs] [Times: user=0.00 sys=0.00, real=0.00 secs] 
2020-10-29T10:27:27.573+0000: [GC (Allocation Failure) 2020-10-29T10:27:27.573+0000: [ParNew: 16388K->4K(18432K), 0.0026781 secs] 480870K->464486K(896640K), 0.0027250 secs] [Times: user=0.01 sys=0.00, real=0.00 secs] 
2020-10-29T10:27:27.591+0000: [GC (Allocation Failure) 2020-10-29T10:27:27.591+0000: [ParNew: 16388K->4K(18432K), 0.0028161 secs] 480870K->464486K(896640K), 0.0028666 secs] [Times: user=0.00 sys=0.00, real=0.00 secs] 
2020-10-29T10:27:27.614+0000: [GC (Allocation Failure) 2020-10-29T10:27:27.614+0000: [ParNew: 16388K->4K(18432K), 0.0031063 secs] 480870K->464486K(896640K), 0.0031634 secs] [Times: user=0.01 sys=0.00, real=0.00 secs] 
2020-10-29T10:27:27.634+0000: [GC (Allocation Failure) 2020-10-29T10:27:27.634+0000: [ParNew: 16388K->4K(18432K), 0.0026934 secs] 480870K->464486K(896640K), 0.0027505 secs] [Times: user=0.00 sys=0.00, real=0.00 secs] 
2020-10-29T10:27:27.654+0000: [GC (Allocation Failure) 2020-10-29T10:27:27.654+0000: [ParNew: 16388K->4K(18432K), 0.0026141 secs] 480870K->464486K(896640K), 0.0026610 secs] [Times: user=0.00 sys=0.00, real=0.00 secs] 
2020-10-29T10:27:27.674+0000: [GC (Allocation Failure) 2020-10-29T10:27:27.674+0000: [ParNew: 16388K->4K(18432K), 0.0028880 secs] 480870K->464486K(896640K), 0.0029397 secs] [Times: user=0.00 sys=0.00, real=0.00 secs] 
2020-10-29T10:27:27.693+0000: [GC (Allocation Failure) 2020-10-29T10:27:27.693+0000: [ParNew: 16388K->4K(18432K), 0.0028363 secs] 480870K->464486K(896640K), 0.0028875 secs] [Times: user=0.01 sys=0.00, real=0.00 secs] 
2020-10-29T10:27:27.714+0000: [GC (Allocation Failure) 2020-10-29T10:27:27.714+0000: [ParNew: 16388K->4K(18432K), 0.0026942 secs] 480870K->464486K(896640K), 0.0027432 secs] [Times: user=0.01 sys=0.00, real=0.00 secs] 
2020-10-29T10:27:27.734+0000: [GC (Allocation Failure) 2020-10-29T10:27:27.734+0000: [ParNew: 16388K->4K(18432K), 0.0027058 secs] 480870K->464486K(896640K), 0.0027529 secs] [Times: user=0.00 sys=0.00, real=0.00 secs] 
2020-10-29T10:27:27.753+0000: [GC (Allocation Failure) 2020-10-29T10:27:27.753+0000: [ParNew: 16388K->4K(18432K), 0.0026709 secs] 480870K->464486K(896640K), 0.0027174 secs] [Times: user=0.01 sys=0.00, real=0.00 secs] 
2020-10-29T10:27:27.778+0000: [GC (Allocation Failure) 2020-10-29T10:27:27.778+0000: [ParNew: 16388K->4K(18432K), 0.0029269 secs] 480870K->464486K(896640K), 0.0029808 secs] [Times: user=0.01 sys=0.00, real=0.00 secs] 
2020-10-29T10:27:27.797+0000: [GC (Allocation Failure) 2020-10-29T10:27:27.797+0000: [ParNew: 16388K->4K(18432K), 0.0030044 secs] 480870K->464486K(896640K), 0.0030563 secs] [Times: user=0.00 sys=0.00, real=0.00 secs] 
2020-10-29T10:27:27.818+0000: [GC (Allocation Failure) 2020-10-29T10:27:27.818+0000: [ParNew: 16388K->4K(18432K), 0.0027999 secs] 480870K->464486K(896640K), 0.0028497 secs] [Times: user=0.01 sys=0.00, real=0.00 secs] 
2020-10-29T10:27:27.838+0000: [GC (Allocation Failure) 2020-10-29T10:27:27.838+0000: [ParNew: 16388K->4K(18432K), 0.0029321 secs] 480870K->464486K(896640K), 0.0029857 secs] [Times: user=0.00 sys=0.00, real=0.00 secs] 
2020-10-29T10:27:27.857+0000: [GC (Allocation Failure) 2020-10-29T10:27:27.857+0000: [ParNew: 16388K->4K(18432K), 0.0030087 secs] 480870K->464486K(896640K), 0.0030620 secs] [Times: user=0.00 sys=0.00, real=0.00 secs] 
2020-10-29T10:27:27.876+0000: [GC (Allocation Failure) 2020-10-29T10:27:27.876+0000: [ParNew: 16388K->4K(18432K), 0.0030528 secs] 480870K->464486K(896640K), 0.0031077 secs] [Times: user=0.00 sys=0.00, real=0.00 secs] 
2020-10-29T10:27:27.895+0000: [GC (Allocation Failure) 2020-10-29T10:27:27.895+0000: [ParNew: 16388K->4K(18432K), 0.0030333 secs] 480870K->464486K(896640K), 0.0030865 secs] [Times: user=0.01 sys=0.00, real=0.00 secs] 
2020-10-29T10:27:27.914+0000: [GC (Allocation Failure) 2020-10-29T10:27:27.914+0000: [ParNew: 16388K->4K(18432K), 0.0030109 secs] 480870K->464486K(896640K), 0.0030644 secs] [Times: user=0.01 sys=0.00, real=0.00 secs] 
2020-10-29T10:27:27.933+0000: [GC (Allocation Failure) 2020-10-29T10:27:27.933+0000: [ParNew: 16388K->4K(18432K), 0.0027559 secs] 480870K->464486K(896640K), 0.0028177 secs] [Times: user=0.01 sys=0.00, real=0.00 secs] 
2020-10-29T10:27:27.952+0000: [GC (Allocation Failure) 2020-10-29T10:27:27.952+0000: [ParNew: 16388K->4K(18432K), 0.0026186 secs] 480870K->464486K(896640K), 0.0026642 secs] [Times: user=0.01 sys=0.00, real=0.00 secs] 
2020-10-29T10:27:27.970+0000: [GC (Allocation Failure) 2020-10-29T10:27:27.970+0000: [ParNew: 16388K->4K(18432K), 0.0025725 secs] 480870K->464486K(896640K), 0.0026179 secs] [Times: user=0.01 sys=0.00, real=0.00 secs] 
2020-10-29T10:27:27.989+0000: [GC (Allocation Failure) 2020-10-29T10:27:27.989+0000: [ParNew: 16388K->4K(18432K), 0.0026100 secs] 480870K->464486K(896640K), 0.0026555 secs] [Times: user=0.00 sys=0.00, real=0.01 secs] 
2020-10-29T10:27:28.007+0000: [GC (Allocation Failure) 2020-10-29T10:27:28.007+0000: [ParNew: 16388K->4K(18432K), 0.0029394 secs] 480870K->464486K(896640K), 0.0029935 secs] [Times: user=0.01 sys=0.00, real=0.01 secs] 
2020-10-29T10:27:28.030+0000: [GC (Allocation Failure) 2020-10-29T10:27:28.030+0000: [ParNew: 16388K->4K(18432K), 0.0027989 secs] 480870K->464486K(896640K), 0.0028487 secs] [Times: user=0.01 sys=0.00, real=0.01 secs] 
2020-10-29T10:27:28.049+0000: [GC (Allocation Failure) 2020-10-29T10:27:28.049+0000: [ParNew: 16388K->4K(18432K), 0.0034557 secs] 480870K->464486K(896640K), 0.0035088 secs] [Times: user=0.00 sys=0.00, real=0.01 secs] 
2020-10-29T10:27:28.068+0000: [GC (Allocation Failure) 2020-10-29T10:27:28.068+0000: [ParNew: 16388K->4K(18432K), 0.0030370 secs] 480870K->464486K(896640K), 0.0031256 secs] [Times: user=0.01 sys=0.00, real=0.01 secs] 
2020-10-29T10:27:28.090+0000: [GC (Allocation Failure) 2020-10-29T10:27:28.090+0000: [ParNew: 16388K->4K(18432K), 0.0026196 secs] 480870K->464486K(896640K), 0.0026655 secs] [Times: user=0.00 sys=0.00, real=0.00 secs] 
2020-10-29T10:27:28.109+0000: [GC (Allocation Failure) 2020-10-29T10:27:28.109+0000: [ParNew: 16388K->4K(18432K), 0.0029623 secs] 480870K->464486K(896640K), 0.0030219 secs] [Times: user=0.01 sys=0.00, real=0.01 secs] 
2020-10-29T10:27:28.128+0000: [GC (Allocation Failure) 2020-10-29T10:27:28.128+0000: [ParNew: 16388K->4K(18432K), 0.0028021 secs] 480870K->464486K(896640K), 0.0028521 secs] [Times: user=0.00 sys=0.00, real=0.01 secs] 
2020-10-29T10:27:28.147+0000: [GC (Allocation Failure) 2020-10-29T10:27:28.147+0000: [ParNew: 16388K->4K(18432K), 0.0028943 secs] 480870K->464486K(896640K), 0.0029445 secs] [Times: user=0.01 sys=0.00, real=0.00 secs] 
2020-10-29T10:27:28.166+0000: [GC (Allocation Failure) 2020-10-29T10:27:28.166+0000: [ParNew: 16388K->4K(18432K), 0.0028137 secs] 480870K->464486K(896640K), 0.0028656 secs] [Times: user=0.00 sys=0.00, real=0.00 secs] 
2020-10-29T10:27:28.186+0000: [GC (Allocation Failure) 2020-10-29T10:27:28.186+0000: [ParNew: 16388K->4K(18432K), 0.0029268 secs] 480870K->464486K(896640K), 0.0029793 secs] [Times: user=0.01 sys=0.00, real=0.00 secs] 
2020-10-29T10:27:28.206+0000: [GC (Allocation Failure) 2020-10-29T10:27:28.206+0000: [ParNew: 16388K->4K(18432K), 0.0029928 secs] 480870K->464486K(896640K), 0.0030464 secs] [Times: user=0.01 sys=0.00, real=0.00 secs] 
2020-10-29T10:27:28.225+0000: [GC (Allocation Failure) 2020-10-29T10:27:28.225+0000: [ParNew: 16388K->4K(18432K), 0.0028912 secs] 480870K->464486K(896640K), 0.0029425 secs] [Times: user=0.00 sys=0.00, real=0.00 secs] 
2020-10-29T10:27:28.244+0000: [GC (Allocation Failure) 2020-10-29T10:27:28.244+0000: [ParNew: 16388K->4K(18432K), 0.0029008 secs] 480870K->464486K(896640K), 0.0029527 secs] [Times: user=0.01 sys=0.00, real=0.00 secs] 
2020-10-29T10:27:28.266+0000: [GC (Allocation Failure) 2020-10-29T10:27:28.266+0000: [ParNew: 16388K->4K(18432K), 0.0030911 secs] 497254K->480870K(896640K), 0.0031490 secs] [Times: user=0.00 sys=0.00, real=0.00 secs] 
2020-10-29T10:27:28.286+0000: [GC (Allocation Failure) 2020-10-29T10:27:28.286+0000: [ParNew: 16388K->4K(18432K), 0.0030272 secs] 497254K->480870K(896640K), 0.0030806 secs] [Times: user=0.01 sys=0.00, real=0.00 secs] 
2020-10-29T10:27:28.306+0000: [GC (Allocation Failure) 2020-10-29T10:27:28.306+0000: [ParNew: 16388K->4K(18432K), 0.0030721 secs] 497254K->480870K(896640K), 0.0031272 secs] [Times: user=0.01 sys=0.00, real=0.00 secs] 
2020-10-29T10:27:28.326+0000: [GC (Allocation Failure) 2020-10-29T10:27:28.326+0000: [ParNew: 16388K->4K(18432K), 0.0035814 secs] 497254K->480870K(896640K), 0.0036370 secs] [Times: user=0.01 sys=0.00, real=0.00 secs] 
2020-10-29T10:27:28.350+0000: [GC (Allocation Failure) 2020-10-29T10:27:28.350+0000: [ParNew: 16388K->4K(18432K), 0.0030313 secs] 497254K->480870K(896640K), 0.0030833 secs] [Times: user=0.01 sys=0.00, real=0.01 secs] 
2020-10-29T10:27:28.369+0000: [GC (Allocation Failure) 2020-10-29T10:27:28.369+0000: [ParNew: 16388K->4K(18432K), 0.0027437 secs] 497254K->480870K(896640K), 0.0028001 secs] [Times: user=0.01 sys=0.00, real=0.01 secs] 
2020-10-29T10:27:28.387+0000: [GC (Allocation Failure) 2020-10-29T10:27:28.387+0000: [ParNew: 16388K->4K(18432K), 0.0027287 secs] 497254K->480870K(896640K), 0.0027793 secs] [Times: user=0.00 sys=0.00, real=0.01 secs] 
2020-10-29T10:27:28.410+0000: [GC (Allocation Failure) 2020-10-29T10:27:28.410+0000: [ParNew: 16388K->4K(18432K), 0.0027438 secs] 497254K->480870K(896640K), 0.0027920 secs] [Times: user=0.01 sys=0.00, real=0.01 secs] 
2020-10-29T10:27:28.428+0000: [GC (Allocation Failure) 2020-10-29T10:27:28.428+0000: [ParNew: 16388K->4K(18432K), 0.0026558 secs] 497254K->480870K(896640K), 0.0027023 secs] [Times: user=0.01 sys=0.00, real=0.01 secs] 
2020-10-29T10:27:28.447+0000: [GC (Allocation Failure) 2020-10-29T10:27:28.447+0000: [ParNew: 16388K->4K(18432K), 0.0026832 secs] 497254K->480870K(896640K), 0.0027294 secs] [Times: user=0.00 sys=0.00, real=0.00 secs] 
2020-10-29T10:27:28.465+0000: [GC (Allocation Failure) 2020-10-29T10:27:28.465+0000: [ParNew: 16388K->4K(18432K), 0.0025760 secs] 497254K->480870K(896640K), 0.0026199 secs] [Times: user=0.01 sys=0.00, real=0.00 secs] 
2020-10-29T10:27:28.484+0000: [GC (Allocation Failure) 2020-10-29T10:27:28.484+0000: [ParNew: 16388K->4K(18432K), 0.0027738 secs] 497254K->480870K(896640K), 0.0028229 secs] [Times: user=0.00 sys=0.00, real=0.00 secs] 
2020-10-29T10:27:28.506+0000: [GC (Allocation Failure) 2020-10-29T10:27:28.506+0000: [ParNew: 16388K->4K(18432K), 0.0032708 secs] 497254K->480871K(896640K), 0.0033248 secs] [Times: user=0.01 sys=0.00, real=0.00 secs] 
2020-10-29T10:27:28.525+0000: [GC (Allocation Failure) 2020-10-29T10:27:28.525+0000: [ParNew: 16388K->4K(18432K), 0.0028744 secs] 497255K->480871K(896640K), 0.0029255 secs] [Times: user=0.01 sys=0.00, real=0.00 secs] 
2020-10-29T10:27:28.543+0000: [GC (Allocation Failure) 2020-10-29T10:27:28.543+0000: [ParNew: 16388K->4K(18432K), 0.0028600 secs] 497255K->480871K(896640K), 0.0029198 secs] [Times: user=0.00 sys=0.00, real=0.00 secs] 
2020-10-29T10:27:28.566+0000: [GC (Allocation Failure) 2020-10-29T10:27:28.566+0000: [ParNew: 16388K->4K(18432K), 0.0029045 secs] 497255K->480871K(896640K), 0.0029553 secs] [Times: user=0.01 sys=0.00, real=0.00 secs] 
2020-10-29T10:27:28.584+0000: [GC (Allocation Failure) 2020-10-29T10:27:28.584+0000: [ParNew: 16388K->4K(18432K), 0.0031332 secs] 497255K->480871K(896640K), 0.0031912 secs] [Times: user=0.01 sys=0.00, real=0.00 secs] 
2020-10-29T10:27:28.603+0000: [GC (Allocation Failure) 2020-10-29T10:27:28.603+0000: [ParNew: 16388K->4K(18432K), 0.0031638 secs] 497255K->480871K(896640K), 0.0032370 secs] [Times: user=0.00 sys=0.00, real=0.00 secs] 
2020-10-29T10:27:28.622+0000: [GC (Allocation Failure) 2020-10-29T10:27:28.622+0000: [ParNew: 16388K->4K(18432K), 0.0030992 secs] 497255K->480871K(896640K), 0.0031579 secs] [Times: user=0.01 sys=0.00, real=0.00 secs] 
2020-10-29T10:27:28.642+0000: [GC (Allocation Failure) 2020-10-29T10:27:28.642+0000: [ParNew: 16388K->4K(18432K), 0.0030593 secs] 497255K->480871K(896640K), 0.0031148 secs] [Times: user=0.01 sys=0.00, real=0.00 secs] 
2020-10-29T10:27:28.666+0000: [GC (Allocation Failure) 2020-10-29T10:27:28.666+0000: [ParNew: 16388K->4K(18432K), 0.0030269 secs] 497255K->480871K(896640K), 0.0030817 secs] [Times: user=0.00 sys=0.00, real=0.00 secs] 
2020-10-29T10:27:28.686+0000: [GC (Allocation Failure) 2020-10-29T10:27:28.686+0000: [ParNew: 16388K->4K(18432K), 0.0028744 secs] 497255K->480871K(896640K), 0.0029248 secs] [Times: user=0.00 sys=0.00, real=0.00 secs] 
2020-10-29T10:27:28.706+0000: [GC (Allocation Failure) 2020-10-29T10:27:28.706+0000: [ParNew: 16388K->4K(18432K), 0.0027802 secs] 497255K->480871K(896640K), 0.0028299 secs] [Times: user=0.01 sys=0.00, real=0.00 secs] 
2020-10-29T10:27:28.726+0000: [GC (Allocation Failure) 2020-10-29T10:27:28.726+0000: [ParNew: 16388K->4K(18432K), 0.0027487 secs] 497255K->480871K(896640K), 0.0027978 secs] [Times: user=0.00 sys=0.00, real=0.00 secs] 
2020-10-29T10:27:28.746+0000: [GC (Allocation Failure) 2020-10-29T10:27:28.746+0000: [ParNew: 16388K->4K(18432K), 0.0029709 secs] 497255K->480871K(896640K), 0.0030243 secs] [Times: user=0.00 sys=0.00, real=0.00 secs] 
2020-10-29T10:27:28.766+0000: [GC (Allocation Failure) 2020-10-29T10:27:28.766+0000: [ParNew: 16388K->4K(18432K), 0.0028896 secs] 497255K->480871K(896640K), 0.0029427 secs] [Times: user=0.01 sys=0.00, real=0.00 secs] 
2020-10-29T10:27:28.785+0000: [GC (Allocation Failure) 2020-10-29T10:27:28.785+0000: [ParNew: 16388K->4K(18432K), 0.0028979 secs] 497255K->480871K(896640K), 0.0029508 secs] [Times: user=0.01 sys=0.00, real=0.00 secs] 
2020-10-29T10:27:28.806+0000: [GC (Allocation Failure) 2020-10-29T10:27:28.806+0000: [ParNew: 16388K->4K(18432K), 0.0026055 secs] 497255K->480871K(896640K), 0.0026538 secs] [Times: user=0.00 sys=0.00, real=0.00 secs] 
2020-10-29T10:27:28.826+0000: [GC (Allocation Failure) 2020-10-29T10:27:28.826+0000: [ParNew: 16388K->4K(18432K), 0.0027084 secs] 497255K->480871K(896640K), 0.0027544 secs] [Times: user=0.00 sys=0.00, real=0.00 secs] 
2020-10-29T10:27:28.849+0000: [GC (Allocation Failure) 2020-10-29T10:27:28.849+0000: [ParNew: 16388K->4K(18432K), 0.0028494 secs] 497255K->480871K(896640K), 0.0029001 secs] [Times: user=0.01 sys=0.00, real=0.01 secs] 
2020-10-29T10:27:28.870+0000: [GC (Allocation Failure) 2020-10-29T10:27:28.870+0000: [ParNew: 16388K->4K(18432K), 0.0027747 secs] 497255K->480871K(896640K), 0.0028258 secs] [Times: user=0.00 sys=0.00, real=0.00 secs] 
2020-10-29T10:27:28.889+0000: [GC (Allocation Failure) 2020-10-29T10:27:28.889+0000: [ParNew: 16388K->4K(18432K), 0.0029422 secs] 497255K->480871K(896640K), 0.0029969 secs] [Times: user=0.01 sys=0.00, real=0.01 secs] 
2020-10-29T10:27:28.908+0000: [GC (Allocation Failure) 2020-10-29T10:27:28.908+0000: [ParNew: 16388K->4K(18432K), 0.0027896 secs] 497255K->480871K(896640K), 0.0028390 secs] [Times: user=0.01 sys=0.00, real=0.01 secs] 
2020-10-29T10:27:28.930+0000: [GC (Allocation Failure) 2020-10-29T10:27:28.930+0000: [ParNew: 16388K->4K(18432K), 0.0025822 secs] 497255K->480871K(896640K), 0.0026289 secs] [Times: user=0.00 sys=0.00, real=0.00 secs] 
2020-10-29T10:27:28.953+0000: [GC (Allocation Failure) 2020-10-29T10:27:28.953+0000: [ParNew: 16388K->4K(18432K), 0.0028481 secs] 497255K->480871K(896640K), 0.0028981 secs] [Times: user=0.01 sys=0.00, real=0.00 secs] 
2020-10-29T10:27:28.971+0000: [GC (Allocation Failure) 2020-10-29T10:27:28.971+0000: [ParNew: 16388K->4K(18432K), 0.0027717 secs] 497255K->480871K(896640K), 0.0028342 secs] [Times: user=0.00 sys=0.00, real=0.00 secs] 
2020-10-29T10:27:28.994+0000: [GC (Allocation Failure) 2020-10-29T10:27:28.994+0000: [ParNew: 16388K->4K(18432K), 0.0028113 secs] 497255K->480871K(896640K), 0.0028623 secs] [Times: user=0.00 sys=0.00, real=0.00 secs] 
2020-10-29T10:27:29.013+0000: [GC (Allocation Failure) 2020-10-29T10:27:29.013+0000: [ParNew: 16388K->4K(18432K), 0.0030680 secs] 497255K->480871K(896640K), 0.0031257 secs] [Times: user=0.01 sys=0.00, real=0.00 secs] 
2020-10-29T10:27:29.034+0000: [GC (Allocation Failure) 2020-10-29T10:27:29.034+0000: [ParNew: 16388K->4K(18432K), 0.0027975 secs] 497255K->480871K(896640K), 0.0028486 secs] [Times: user=0.01 sys=0.00, real=0.00 secs] 
2020-10-29T10:27:29.053+0000: [GC (Allocation Failure) 2020-10-29T10:27:29.053+0000: [ParNew: 16388K->4K(18432K), 0.0029282 secs] 497255K->480871K(896640K), 0.0029868 secs] [Times: user=0.00 sys=0.00, real=0.00 secs] 
2020-10-29T10:27:29.074+0000: [GC (Allocation Failure) 2020-10-29T10:27:29.074+0000: [ParNew: 16388K->4K(18432K), 0.0026178 secs] 497255K->480871K(896640K), 0.0026658 secs] [Times: user=0.01 sys=0.00, real=0.00 secs] 
2020-10-29T10:27:29.093+0000: [GC (Allocation Failure) 2020-10-29T10:27:29.093+0000: [ParNew: 16388K->4K(18432K), 0.0025709 secs] 497255K->480871K(896640K), 0.0026169 secs] [Times: user=0.00 sys=0.00, real=0.00 secs] 
2020-10-29T10:27:29.112+0000: [GC (Allocation Failure) 2020-10-29T10:27:29.112+0000: [ParNew: 16388K->4K(18432K), 0.0027304 secs] 497255K->480871K(896640K), 0.0027786 secs] [Times: user=0.00 sys=0.00, real=0.00 secs] 
2020-10-29T10:27:29.130+0000: [GC (Allocation Failure) 2020-10-29T10:27:29.130+0000: [ParNew: 16388K->4K(18432K), 0.0027844 secs] 497255K->480871K(896640K), 0.0028429 secs] [Times: user=0.01 sys=0.00, real=0.01 secs] 
2020-10-29T10:27:29.149+0000: [GC (Allocation Failure) 2020-10-29T10:27:29.149+0000: [ParNew: 16388K->4K(18432K), 0.0028172 secs] 497255K->480871K(896640K), 0.0028658 secs] [Times: user=0.00 sys=0.00, real=0.01 secs] 
2020-10-29T10:27:29.167+0000: [GC (Allocation Failure) 2020-10-29T10:27:29.167+0000: [ParNew: 16388K->4K(18432K), 0.0027455 secs] 497255K->480871K(896640K), 0.0027939 secs] [Times: user=0.01 sys=0.00, real=0.00 secs] 
2020-10-29T10:27:29.186+0000: [GC (Allocation Failure) 2020-10-29T10:27:29.186+0000: [ParNew: 16388K->4K(18432K), 0.0028427 secs] 497255K->480871K(896640K), 0.0028933 secs] [Times: user=0.00 sys=0.00, real=0.00 secs] 
2020-10-29T10:27:29.210+0000: [GC (Allocation Failure) 2020-10-29T10:27:29.210+0000: [ParNew: 16388K->4K(18432K), 0.0028704 secs] 497255K->480871K(896640K), 0.0029201 secs] [Times: user=0.01 sys=0.00, real=0.01 secs] 
2020-10-29T10:27:29.230+0000: [GC (Allocation Failure) 2020-10-29T10:27:29.230+0000: [ParNew: 16388K->4K(18432K), 0.0028417 secs] 497255K->480871K(896640K), 0.0028936 secs] [Times: user=0.01 sys=0.00, real=0.00 secs] 
2020-10-29T10:27:29.250+0000: [GC (Allocation Failure) 2020-10-29T10:27:29.250+0000: [ParNew: 16388K->4K(18432K), 0.0050413 secs] 497255K->480871K(896640K), 0.0051000 secs] [Times: user=0.00 sys=0.00, real=0.01 secs] 
2020-10-29T10:27:29.274+0000: [GC (Allocation Failure) 2020-10-29T10:27:29.274+0000: [ParNew: 16388K->4K(18432K), 0.0029013 secs] 497255K->480871K(896640K), 0.0029535 secs] [Times: user=0.00 sys=0.00, real=0.00 secs] 
2020-10-29T10:27:29.293+0000: [GC (Allocation Failure) 2020-10-29T10:27:29.293+0000: [ParNew: 16388K->4K(18432K), 0.0029728 secs] 497255K->480871K(896640K), 0.0030313 secs] [Times: user=0.01 sys=0.00, real=0.00 secs] 
2020-10-29T10:27:29.314+0000: [GC (Allocation Failure) 2020-10-29T10:27:29.314+0000: [ParNew: 16388K->4K(18432K), 0.0027479 secs] 497255K->480871K(896640K), 0.0027978 secs] [Times: user=0.01 sys=0.00, real=0.00 secs] 
2020-10-29T10:27:29.333+0000: [GC (Allocation Failure) 2020-10-29T10:27:29.333+0000: [ParNew: 16388K->4K(18432K), 0.0026485 secs] 497255K->480871K(896640K), 0.0027006 secs] [Times: user=0.00 sys=0.00, real=0.00 secs] 
2020-10-29T10:27:29.356+0000: [GC (Allocation Failure) 2020-10-29T10:27:29.356+0000: [ParNew: 16388K->4K(18432K), 0.0028812 secs] 497255K->480871K(896640K), 0.0029344 secs] [Times: user=0.00 sys=0.00, real=0.00 secs] 
2020-10-29T10:27:29.375+0000: [GC (Allocation Failure) 2020-10-29T10:27:29.375+0000: [ParNew: 16388K->4K(18432K), 0.0027220 secs] 497255K->480871K(896640K), 0.0027726 secs] [Times: user=0.01 sys=0.00, real=0.00 secs] 
2020-10-29T10:27:29.393+0000: [GC (Allocation Failure) 2020-10-29T10:27:29.393+0000: [ParNew: 16388K->4K(18432K), 0.0028281 secs] 497255K->480871K(896640K), 0.0028781 secs] [Times: user=0.00 sys=0.00, real=0.00 secs] 
2020-10-29T10:27:29.411+0000: [GC (Allocation Failure) 2020-10-29T10:27:29.411+0000: [ParNew: 16388K->4K(18432K), 0.0030354 secs] 497255K->480871K(896640K), 0.0030880 secs] [Times: user=0.00 sys=0.00, real=0.00 secs] 
2020-10-29T10:27:29.430+0000: [GC (Allocation Failure) 2020-10-29T10:27:29.430+0000: [ParNew: 16388K->4K(18432K), 0.0026227 secs] 497255K->480871K(896640K), 0.0026702 secs] [Times: user=0.01 sys=0.00, real=0.01 secs] 
2020-10-29T10:27:29.449+0000: [GC (Allocation Failure) 2020-10-29T10:27:29.449+0000: [ParNew: 16388K->4K(18432K), 0.0026837 secs] 497255K->480871K(896640K), 0.0027286 secs] [Times: user=0.00 sys=0.00, real=0.01 secs] 
2020-10-29T10:27:29.467+0000: [GC (Allocation Failure) 2020-10-29T10:27:29.467+0000: [ParNew: 16388K->4K(18432K), 0.0027669 secs] 497255K->480871K(896640K), 0.0028170 secs] [Times: user=0.01 sys=0.00, real=0.00 secs] 
2020-10-29T10:27:29.486+0000: [GC (Allocation Failure) 2020-10-29T10:27:29.486+0000: [ParNew: 16388K->4K(18432K), 0.0027705 secs] 497255K->480871K(896640K), 0.0028209 secs] [Times: user=0.00 sys=0.00, real=0.00 secs] 
2020-10-29T10:27:29.506+0000: [GC (Allocation Failure) 2020-10-29T10:27:29.506+0000: [ParNew: 16388K->4K(18432K), 0.0027781 secs] 497255K->480871K(896640K), 0.0028296 secs] [Times: user=0.01 sys=0.00, real=0.00 secs] 
2020-10-29T10:27:29.525+0000: [GC (Allocation Failure) 2020-10-29T10:27:29.525+0000: [ParNew: 16388K->4K(18432K), 0.0028465 secs] 497255K->480871K(896640K), 0.0028975 secs] [Times: user=0.00 sys=0.00, real=0.00 secs] 
2020-10-29T10:27:29.546+0000: [GC (Allocation Failure) 2020-10-29T10:27:29.546+0000: [ParNew: 16388K->4K(18432K), 0.0027409 secs] 497255K->480871K(896640K), 0.0027895 secs] [Times: user=0.00 sys=0.00, real=0.00 secs] 
2020-10-29T10:27:29.566+0000: [GC (Allocation Failure) 2020-10-29T10:27:29.566+0000: [ParNew: 16388K->4K(18432K), 0.0025979 secs] 497255K->480871K(896640K), 0.0026450 secs] [Times: user=0.01 sys=0.00, real=0.00 secs] 
2020-10-29T10:27:29.585+0000: [GC (Allocation Failure) 2020-10-29T10:27:29.585+0000: [ParNew: 16388K->4K(18432K), 0.0025692 secs] 497255K->480871K(896640K), 0.0026157 secs] [Times: user=0.00 sys=0.00, real=0.00 secs] 
2020-10-29T10:27:29.606+0000: [GC (Allocation Failure) 2020-10-29T10:27:29.606+0000: [ParNew: 16388K->4K(18432K), 0.0027838 secs] 497255K->480871K(896640K), 0.0028338 secs] [Times: user=0.00 sys=0.00, real=0.00 secs] 
2020-10-29T10:27:29.626+0000: [GC (Allocation Failure) 2020-10-29T10:27:29.626+0000: [ParNew: 16388K->4K(18432K), 0.0029015 secs] 497255K->480871K(896640K), 0.0029531 secs] [Times: user=0.01 sys=0.00, real=0.00 secs] 
2020-10-29T10:27:29.646+0000: [GC (Allocation Failure) 2020-10-29T10:27:29.646+0000: [ParNew: 16388K->4K(18432K), 0.0028104 secs] 497255K->480871K(896640K), 0.0028597 secs] [Times: user=0.00 sys=0.00, real=0.00 secs] 
2020-10-29T10:27:29.665+0000: [GC (Allocation Failure) 2020-10-29T10:27:29.665+0000: [ParNew: 16388K->4K(18432K), 0.0027763 secs] 497255K->480871K(896640K), 0.0028230 secs] [Times: user=0.00 sys=0.00, real=0.00 secs] 
2020-10-29T10:27:29.686+0000: [GC (Allocation Failure) 2020-10-29T10:27:29.686+0000: [ParNew: 16388K->4K(18432K), 0.0029306 secs] 497255K->480871K(896640K), 0.0029833 secs] [Times: user=0.01 sys=0.00, real=0.00 secs] 
2020-10-29T10:27:29.707+0000: [GC (Allocation Failure) 2020-10-29T10:27:29.707+0000: [ParNew: 16388K->4K(18432K), 0.0030733 secs] 497255K->480871K(896640K), 0.0031301 secs] [Times: user=0.01 sys=0.00, real=0.00 secs] 
2020-10-29T10:27:29.726+0000: [GC (Allocation Failure) 2020-10-29T10:27:29.726+0000: [ParNew: 16388K->4K(18432K), 0.0027614 secs] 497255K->480871K(896640K), 0.0028096 secs] [Times: user=0.01 sys=0.00, real=0.00 secs] 
2020-10-29T10:27:29.745+0000: [GC (Allocation Failure) 2020-10-29T10:27:29.745+0000: [ParNew: 16388K->4K(18432K), 0.0029689 secs] 497255K->480871K(896640K), 0.0030222 secs] [Times: user=0.01 sys=0.00, real=0.00 secs] 
2020-10-29T10:27:29.766+0000: [GC (Allocation Failure) 2020-10-29T10:27:29.766+0000: [ParNew: 16388K->4K(18432K), 0.0028370 secs] 497255K->480871K(896640K), 0.0028868 secs] [Times: user=0.01 sys=0.00, real=0.00 secs] 
2020-10-29T10:27:29.786+0000: [GC (Allocation Failure) 2020-10-29T10:27:29.786+0000: [ParNew: 16388K->4K(18432K), 0.0026882 secs] 497255K->480871K(896640K), 0.0027359 secs] [Times: user=0.00 sys=0.00, real=0.00 secs] 
2020-10-29T10:27:29.806+0000: [GC (Allocation Failure) 2020-10-29T10:27:29.806+0000: [ParNew: 16388K->4K(18432K), 0.0025980 secs] 497255K->480871K(896640K), 0.0026412 secs] [Times: user=0.01 sys=0.00, real=0.00 secs] 
2020-10-29T10:27:29.825+0000: [GC (Allocation Failure) 2020-10-29T10:27:29.825+0000: [ParNew: 16388K->4K(18432K), 0.0025960 secs] 497255K->480871K(896640K), 0.0026405 secs] [Times: user=0.00 sys=0.00, real=0.00 secs] 
2020-10-29T10:27:29.846+0000: [GC (Allocation Failure) 2020-10-29T10:27:29.846+0000: [ParNew: 16388K->4K(18432K), 0.0025860 secs] 497255K->480871K(896640K), 0.0026302 secs] [Times: user=0.00 sys=0.00, real=0.00 secs] 
2020-10-29T10:27:29.866+0000: [GC (Allocation Failure) 2020-10-29T10:27:29.866+0000: [ParNew: 16388K->4K(18432K), 0.0025477 secs] 497255K->480871K(896640K), 0.0025918 secs] [Times: user=0.01 sys=0.00, real=0.00 secs] 
2020-10-29T10:27:29.885+0000: [GC (Allocation Failure) 2020-10-29T10:27:29.885+0000: [ParNew: 16388K->4K(18432K), 0.0027049 secs] 497255K->480871K(896640K), 0.0027530 secs] [Times: user=0.01 sys=0.00, real=0.00 secs] 
2020-10-29T10:27:29.903+0000: [GC (Allocation Failure) 2020-10-29T10:27:29.903+0000: [ParNew: 16388K->4K(18432K), 0.0028896 secs] 497255K->480871K(896640K), 0.0029407 secs] [Times: user=0.00 sys=0.00, real=0.00 secs] 
2020-10-29T10:27:29.922+0000: [GC (Allocation Failure) 2020-10-29T10:27:29.922+0000: [ParNew: 16388K->4K(18432K), 0.0028242 secs] 497255K->480871K(896640K), 0.0028721 secs] [Times: user=0.01 sys=0.00, real=0.00 secs] 
2020-10-29T10:27:29.941+0000: [GC (Allocation Failure) 2020-10-29T10:27:29.941+0000: [ParNew: 16388K->4K(18432K), 0.0027640 secs] 497255K->480871K(896640K), 0.0028119 secs] [Times: user=0.01 sys=0.00, real=0.01 secs] 
2020-10-29T10:27:29.964+0000: [GC (Allocation Failure) 2020-10-29T10:27:29.964+0000: [ParNew: 16388K->4K(18432K), 0.0031745 secs] 497255K->480871K(896640K), 0.0032402 secs] [Times: user=0.01 sys=0.00, real=0.00 secs] 
2020-10-29T10:27:29.984+0000: [GC (Allocation Failure) 2020-10-29T10:27:29.984+0000: [ParNew: 16388K->4K(18432K), 0.0028656 secs] 497255K->480871K(896640K), 0.0029221 secs] [Times: user=0.00 sys=0.00, real=0.00 secs] 
2020-10-29T10:27:30.006+0000: [GC (Allocation Failure) 2020-10-29T10:27:30.006+0000: [ParNew: 16388K->4K(18432K), 0.0031034 secs] 497255K->480871K(896640K), 0.0031613 secs] [Times: user=0.00 sys=0.00, real=0.00 secs] 
2020-10-29T10:27:30.026+0000: [GC (Allocation Failure) 2020-10-29T10:27:30.026+0000: [ParNew: 16388K->4K(18432K), 0.0029758 secs] 497255K->480871K(896640K), 0.0030308 secs] [Times: user=0.00 sys=0.00, real=0.00 secs] 
2020-10-29T10:27:30.045+0000: [GC (Allocation Failure) 2020-10-29T10:27:30.045+0000: [ParNew: 16388K->4K(18432K), 0.0027330 secs] 497255K->480871K(896640K), 0.0027841 secs] [Times: user=0.01 sys=0.00, real=0.00 secs] 
2020-10-29T10:27:30.064+0000: [GC (Allocation Failure) 2020-10-29T10:27:30.064+0000: [ParNew: 16388K->4K(18432K), 0.0027810 secs] 497255K->480871K(896640K), 0.0028323 secs] [Times: user=0.00 sys=0.00, real=0.00 secs] 
2020-10-29T10:27:30.082+0000: [GC (Allocation Failure) 2020-10-29T10:27:30.082+0000: [ParNew: 16388K->4K(18432K), 0.0027858 secs] 497255K->480871K(896640K), 0.0028369 secs] [Times: user=0.00 sys=0.00, real=0.00 secs] 
2020-10-29T10:27:30.101+0000: [GC (Allocation Failure) 2020-10-29T10:27:30.101+0000: [ParNew: 16388K->4K(18432K), 0.0028326 secs] 497255K->480871K(896640K), 0.0028821 secs] [Times: user=0.01 sys=0.00, real=0.01 secs] 
2020-10-29T10:27:30.122+0000: [GC (Allocation Failure) 2020-10-29T10:27:30.122+0000: [ParNew: 16388K->4K(18432K), 0.0026381 secs] 497255K->480871K(896640K), 0.0026835 secs] [Times: user=0.01 sys=0.00, real=0.00 secs] 
2020-10-29T10:27:30.142+0000: [GC (Allocation Failure) 2020-10-29T10:27:30.142+0000: [ParNew: 16388K->4K(18432K), 0.0027914 secs] 497255K->480871K(896640K), 0.0028424 secs] [Times: user=0.01 sys=0.00, real=0.00 secs] 
2020-10-29T10:27:30.162+0000: [GC (Allocation Failure) 2020-10-29T10:27:30.162+0000: [ParNew: 16388K->4K(18432K), 0.0027567 secs] 497255K->480871K(896640K), 0.0028036 secs] [Times: user=0.00 sys=0.01, real=0.00 secs] 
2020-10-29T10:27:30.182+0000: [GC (Allocation Failure) 2020-10-29T10:27:30.182+0000: [ParNew: 16388K->4K(18432K), 0.0030937 secs] 497255K->480871K(896640K), 0.0031507 secs] [Times: user=0.01 sys=0.00, real=0.00 secs] 
2020-10-29T10:27:30.202+0000: [GC (Allocation Failure) 2020-10-29T10:27:30.202+0000: [ParNew: 16388K->4K(18432K), 0.0029608 secs] 497255K->480871K(896640K), 0.0030136 secs] [Times: user=0.01 sys=0.00, real=0.00 secs] 
2020-10-29T10:27:30.221+0000: [GC (Allocation Failure) 2020-10-29T10:27:30.221+0000: [ParNew: 16388K->4K(18432K), 0.0027828 secs] 497255K->480871K(896640K), 0.0028328 secs] [Times: user=0.00 sys=0.00, real=0.01 secs] 
2020-10-29T10:27:30.240+0000: [GC (Allocation Failure) 2020-10-29T10:27:30.240+0000: [ParNew: 16388K->4K(18432K), 0.0026507 secs] 497255K->480871K(896640K), 0.0027058 secs] [Times: user=0.00 sys=0.00, real=0.01 secs] 
2020-10-29T10:27:30.258+0000: [GC (Allocation Failure) 2020-10-29T10:27:30.258+0000: [ParNew: 16388K->4K(18432K), 0.0026783 secs] 497255K->480871K(896640K), 0.0027256 secs] [Times: user=0.01 sys=0.00, real=0.00 secs] 
2020-10-29T10:27:30.277+0000: [GC (Allocation Failure) 2020-10-29T10:27:30.277+0000: [ParNew: 16387K->4K(18432K), 0.0028104 secs] 497254K->480871K(896640K), 0.0028579 secs] [Times: user=0.00 sys=0.00, real=0.00 secs] 
2020-10-29T10:27:30.295+0000: [GC (Allocation Failure) 2020-10-29T10:27:30.295+0000: [ParNew: 16388K->4K(18432K), 0.0029567 secs] 497255K->480871K(896640K), 0.0030098 secs] [Times: user=0.01 sys=0.00, real=0.00 secs] 
2020-10-29T10:27:30.314+0000: [GC (Allocation Failure) 2020-10-29T10:27:30.314+0000: [ParNew: 16388K->4K(18432K), 0.0028674 secs] 497255K->480871K(896640K), 0.0029451 secs] [Times: user=0.01 sys=0.00, real=0.00 secs] 
2020-10-29T10:27:30.334+0000: [GC (Allocation Failure) 2020-10-29T10:27:30.334+0000: [ParNew: 16388K->4K(18432K), 0.0029890 secs] 497255K->480871K(896640K), 0.0030447 secs] [Times: user=0.01 sys=0.00, real=0.00 secs] 
2020-10-29T10:27:30.357+0000: [GC (Allocation Failure) 2020-10-29T10:27:30.357+0000: [ParNew: 16388K->4K(18432K), 0.0027550 secs] 497255K->480871K(896640K), 0.0028038 secs] [Times: user=0.01 sys=0.00, real=0.00 secs] 
2020-10-29T10:27:30.376+0000: [GC (Allocation Failure) 2020-10-29T10:27:30.376+0000: [ParNew: 16388K->4K(18432K), 0.0026560 secs] 497255K->480871K(896640K), 0.0027038 secs] [Times: user=0.00 sys=0.00, real=0.00 secs] 
2020-10-29T10:27:30.394+0000: [GC (Allocation Failure) 2020-10-29T10:27:30.394+0000: [ParNew: 16388K->4K(18432K), 0.0028528 secs] 497255K->480871K(896640K), 0.0029057 secs] [Times: user=0.01 sys=0.00, real=0.00 secs] 
2020-10-29T10:27:30.414+0000: [GC (Allocation Failure) 2020-10-29T10:27:30.414+0000: [ParNew: 16388K->4K(18432K), 0.0027828 secs] 497255K->480871K(896640K), 0.0028345 secs] [Times: user=0.01 sys=0.00, real=0.00 secs] 
2020-10-29T10:27:30.434+0000: [GC (Allocation Failure) 2020-10-29T10:27:30.434+0000: [ParNew: 16388K->4K(18432K), 0.0027980 secs] 497255K->480871K(896640K), 0.0028433 secs] [Times: user=0.01 sys=0.00, real=0.00 secs] 
2020-10-29T10:27:30.454+0000: [GC (Allocation Failure) 2020-10-29T10:27:30.454+0000: [ParNew: 16388K->4K(18432K), 0.0025687 secs] 497255K->480871K(896640K), 0.0026128 secs] [Times: user=0.00 sys=0.00, real=0.00 secs] 
2020-10-29T10:27:30.473+0000: [GC (Allocation Failure) 2020-10-29T10:27:30.473+0000: [ParNew: 16388K->4K(18432K), 0.0026795 secs] 497255K->480871K(896640K), 0.0027274 secs] [Times: user=0.00 sys=0.00, real=0.00 secs] 
2020-10-29T10:27:30.491+0000: [GC (Allocation Failure) 2020-10-29T10:27:30.491+0000: [ParNew: 16388K->4K(18432K), 0.0029284 secs] 497255K->480871K(896640K), 0.0029832 secs] [Times: user=0.01 sys=0.00, real=0.00 secs] 
2020-10-29T10:27:30.510+0000: [GC (Allocation Failure) 2020-10-29T10:27:30.510+0000: [ParNew: 16388K->4K(18432K), 0.0029346 secs] 497255K->480871K(896640K), 0.0029866 secs] [Times: user=0.01 sys=0.00, real=0.01 secs] 
2020-10-29T10:27:30.530+0000: [GC (Allocation Failure) 2020-10-29T10:27:30.530+0000: [ParNew: 16388K->4K(18432K), 0.0029489 secs] 497255K->480871K(896640K), 0.0030024 secs] [Times: user=0.01 sys=0.00, real=0.00 secs] 
2020-10-29T10:27:30.549+0000: [GC (Allocation Failure) 2020-10-29T10:27:30.549+0000: [ParNew: 16388K->4K(18432K), 0.0028889 secs] 497255K->480871K(896640K), 0.0029412 secs] [Times: user=0.00 sys=0.00, real=0.01 secs] 
2020-10-29T10:27:30.570+0000: [GC (Allocation Failure) 2020-10-29T10:27:30.570+0000: [ParNew: 16388K->4K(18432K), 0.0027099 secs] 497255K->480871K(896640K), 0.0027667 secs] [Times: user=0.00 sys=0.00, real=0.01 secs] 
2020-10-29T10:27:30.589+0000: [GC (Allocation Failure) 2020-10-29T10:27:30.589+0000: [ParNew: 16388K->4K(18432K), 0.0027565 secs] 497255K->480871K(896640K), 0.0028042 secs] [Times: user=0.00 sys=0.00, real=0.01 secs] 
2020-10-29T10:27:30.610+0000: [GC (Allocation Failure) 2020-10-29T10:27:30.610+0000: [ParNew: 16388K->4K(18432K), 0.0028057 secs] 497255K->480871K(896640K), 0.0028546 secs] [Times: user=0.01 sys=0.00, real=0.00 secs] 
2020-10-29T10:27:30.630+0000: [GC (Allocation Failure) 2020-10-29T10:27:30.630+0000: [ParNew: 16388K->4K(18432K), 0.0029510 secs] 497255K->480871K(896640K), 0.0030042 secs] [Times: user=0.00 sys=0.00, real=0.00 secs] 
2020-10-29T10:27:30.649+0000: [GC (Allocation Failure) 2020-10-29T10:27:30.649+0000: [ParNew: 16388K->4K(18432K), 0.0027658 secs] 497255K->480871K(896640K), 0.0028213 secs] [Times: user=0.01 sys=0.00, real=0.01 secs] 
2020-10-29T10:27:30.668+0000: [GC (Allocation Failure) 2020-10-29T10:27:30.668+0000: [ParNew: 16388K->4K(18432K), 0.0030536 secs] 497255K->480871K(896640K), 0.0031091 secs] [Times: user=0.01 sys=0.00, real=0.01 secs] 
2020-10-29T10:27:30.687+0000: [GC (Allocation Failure) 2020-10-29T10:27:30.687+0000: [ParNew: 16388K->4K(18432K), 0.0030113 secs] 497255K->480871K(896640K), 0.0030652 secs] [Times: user=0.00 sys=0.00, real=0.00 secs] 
2020-10-29T10:27:30.706+0000: [GC (Allocation Failure) 2020-10-29T10:27:30.706+0000: [ParNew: 16388K->4K(18432K), 0.0028301 secs] 497255K->480871K(896640K), 0.0028814 secs] [Times: user=0.01 sys=0.00, real=0.00 secs] 
2020-10-29T10:27:30.726+0000: [GC (Allocation Failure) 2020-10-29T10:27:30.726+0000: [ParNew: 16388K->4K(18432K), 0.0028930 secs] 497255K->480871K(896640K), 0.0029459 secs] [Times: user=0.01 sys=0.00, real=0.00 secs] 
2020-10-29T10:27:30.746+0000: [GC (Allocation Failure) 2020-10-29T10:27:30.746+0000: [ParNew: 16388K->4K(18432K), 0.0028883 secs] 497255K->480871K(896640K), 0.0029407 secs] [Times: user=0.00 sys=0.00, real=0.00 secs] 
2020-10-29T10:27:30.767+0000: [GC (Allocation Failure) 2020-10-29T10:27:30.767+0000: [ParNew: 16388K->4K(18432K), 0.0029951 secs] 497255K->480871K(896640K), 0.0030496 secs] [Times: user=0.00 sys=0.00, real=0.00 secs] 
2020-10-29T10:27:30.794+0000: [GC (Allocation Failure) 2020-10-29T10:27:30.794+0000: [ParNew: 16388K->4K(18432K), 0.0029247 secs] 497255K->480871K(896640K), 0.0029763 secs] [Times: user=0.00 sys=0.00, real=0.00 secs] 
2020-10-29T10:27:30.813+0000: [GC (Allocation Failure) 2020-10-29T10:27:30.813+0000: [ParNew: 16388K->4K(18432K), 0.0028474 secs] 497255K->480871K(896640K), 0.0028993 secs] [Times: user=0.01 sys=0.00, real=0.00 secs] 
2020-10-29T10:27:30.832+0000: [GC (Allocation Failure) 2020-10-29T10:27:30.832+0000: [ParNew: 16388K->4K(18432K), 0.0028850 secs] 497255K->480871K(896640K), 0.0029307 secs] [Times: user=0.00 sys=0.00, real=0.00 secs] 
2020-10-29T10:27:30.852+0000: [GC (Allocation Failure) 2020-10-29T10:27:30.852+0000: [ParNew: 16388K->4K(18432K), 0.0028630 secs] 497255K->480871K(896640K), 0.0029154 secs] [Times: user=0.00 sys=0.00, real=0.00 secs] 
2020-10-29T10:27:30.871+0000: [GC (Allocation Failure) 2020-10-29T10:27:30.871+0000: [ParNew: 16388K->4K(18432K), 0.0027825 secs] 497255K->480871K(896640K), 0.0028411 secs] [Times: user=0.01 sys=0.00, real=0.00 secs] 
2020-10-29T10:27:30.890+0000: [GC (Allocation Failure) 2020-10-29T10:27:30.890+0000: [ParNew: 16388K->4K(18432K), 0.0030351 secs] 497255K->480871K(896640K), 0.0030903 secs] [Times: user=0.01 sys=0.00, real=0.01 secs] 
2020-10-29T10:27:30.909+0000: [GC (Allocation Failure) 2020-10-29T10:27:30.909+0000: [ParNew: 16388K->4K(18432K), 0.0030544 secs] 497255K->480871K(896640K), 0.0031095 secs] [Times: user=0.01 sys=0.00, real=0.01 secs] 
2020-10-29T10:27:30.928+0000: [GC (Allocation Failure) 2020-10-29T10:27:30.928+0000: [ParNew: 16388K->4K(18432K), 0.0028749 secs] 497255K->480871K(896640K), 0.0029274 secs] [Times: user=0.00 sys=0.00, real=0.01 secs] 
2020-10-29T10:27:30.950+0000: [GC (Allocation Failure) 2020-10-29T10:27:30.950+0000: [ParNew: 16388K->4K(18432K), 0.0030490 secs] 497255K->480871K(896640K), 0.0031051 secs] [Times: user=0.00 sys=0.00, real=0.00 secs] 
2020-10-29T10:27:30.973+0000: [GC (Allocation Failure) 2020-10-29T10:27:30.973+0000: [ParNew: 16388K->6K(18432K), 0.0031117 secs] 497255K->480873K(896640K), 0.0031670 secs] [Times: user=0.01 sys=0.00, real=0.00 secs] 
2020-10-29T10:27:30.992+0000: [GC (Allocation Failure) 2020-10-29T10:27:30.992+0000: [ParNew: 16390K->4K(18432K), 0.0029642 secs] 497257K->480871K(896640K), 0.0030264 secs] [Times: user=0.00 sys=0.00, real=0.00 secs] 
2020-10-29T10:27:31.011+0000: [GC (Allocation Failure) 2020-10-29T10:27:31.011+0000: [ParNew: 16388K->4K(18432K), 0.0028512 secs] 497255K->480871K(896640K), 0.0029034 secs] [Times: user=0.01 sys=0.00, real=0.00 secs] 
2020-10-29T10:27:31.030+0000: [GC (Allocation Failure) 2020-10-29T10:27:31.030+0000: [ParNew: 16388K->4K(18432K), 0.0030886 secs] 497255K->480871K(896640K), 0.0031451 secs] [Times: user=0.00 sys=0.00, real=0.01 secs] 
2020-10-29T10:27:31.049+0000: [GC (Allocation Failure) 2020-10-29T10:27:31.049+0000: [ParNew: 16388K->6K(18432K), 0.0033758 secs] 497255K->480873K(896640K), 0.0034358 secs] [Times: user=0.01 sys=0.00, real=0.01 secs] 
2020-10-29T10:27:31.070+0000: [GC (Allocation Failure) 2020-10-29T10:27:31.070+0000: [ParNew: 16390K->6K(18432K), 0.0028780 secs] 497257K->480873K(896640K), 0.0029281 secs] [Times: user=0.01 sys=0.00, real=0.00 secs] 
2020-10-29T10:27:31.089+0000: [GC (Allocation Failure) 2020-10-29T10:27:31.089+0000: [ParNew: 16390K->4K(18432K), 0.0029621 secs] 497257K->480872K(896640K), 0.0030147 secs] [Times: user=0.01 sys=0.00, real=0.01 secs] 
2020-10-29T10:27:31.110+0000: [GC (Allocation Failure) 2020-10-29T10:27:31.110+0000: [ParNew: 16388K->4K(18432K), 0.0029091 secs] 497256K->480872K(896640K), 0.0029606 secs] [Times: user=0.01 sys=0.00, real=0.00 secs] 
2020-10-29T10:27:31.129+0000: [GC (Allocation Failure) 2020-10-29T10:27:31.129+0000: [ParNew: 16388K->4K(18432K), 0.0029429 secs] 497256K->480872K(896640K), 0.0029970 secs] [Times: user=0.00 sys=0.00, real=0.01 secs] 
2020-10-29T10:27:31.148+0000: [GC (Allocation Failure) 2020-10-29T10:27:31.148+0000: [ParNew: 16388K->4K(18432K), 0.0027919 secs] 497256K->480872K(896640K), 0.0028396 secs] [Times: user=0.00 sys=0.00, real=0.01 secs] 
2020-10-29T10:27:31.173+0000: [GC (Allocation Failure) 2020-10-29T10:27:31.173+0000: [ParNew: 16388K->4K(18432K), 0.0031723 secs] 497256K->480872K(896640K), 0.0032305 secs] [Times: user=0.01 sys=0.00, real=0.00 secs] 
2020-10-29T10:27:31.194+0000: [GC (Allocation Failure) 2020-10-29T10:27:31.194+0000: [ParNew: 16388K->4K(18432K), 0.0027004 secs] 497256K->480872K(896640K), 0.0027515 secs] [Times: user=0.00 sys=0.00, real=0.00 secs] 
2020-10-29T10:27:31.214+0000: [GC (Allocation Failure) 2020-10-29T10:27:31.214+0000: [ParNew: 16388K->4K(18432K), 0.0025691 secs] 497256K->480872K(896640K), 0.0026153 secs] [Times: user=0.01 sys=0.00, real=0.00 secs] 
2020-10-29T10:27:31.233+0000: [GC (Allocation Failure) 2020-10-29T10:27:31.233+0000: [ParNew: 16388K->4K(18432K), 0.0027309 secs] 497256K->480872K(896640K), 0.0027805 secs] [Times: user=0.01 sys=0.00, real=0.00 secs] 
2020-10-29T10:27:31.252+0000: [GC (Allocation Failure) 2020-10-29T10:27:31.252+0000: [ParNew: 16388K->4K(18432K), 0.0029442 secs] 497256K->480872K(896640K), 0.0029940 secs] [Times: user=0.00 sys=0.00, real=0.00 secs] 
2020-10-29T10:27:31.274+0000: [GC (Allocation Failure) 2020-10-29T10:27:31.274+0000: [ParNew: 16388K->4K(18432K), 0.0028708 secs] 497256K->480872K(896640K), 0.0029206 secs] [Times: user=0.00 sys=0.00, real=0.00 secs] 
2020-10-29T10:27:31.293+0000: [GC (Allocation Failure) 2020-10-29T10:27:31.293+0000: [ParNew: 16388K->4K(18432K), 0.0028519 secs] 497256K->480873K(896640K), 0.0029010 secs] [Times: user=0.00 sys=0.00, real=0.00 secs] 
2020-10-29T10:27:31.312+0000: [GC (Allocation Failure) 2020-10-29T10:27:31.312+0000: [ParNew: 16388K->4K(18432K), 0.0029716 secs] 497257K->480873K(896640K), 0.0030340 secs] [Times: user=0.00 sys=0.00, real=0.00 secs] 
2020-10-29T10:27:31.331+0000: [GC (Allocation Failure) 2020-10-29T10:27:31.331+0000: [ParNew: 16388K->4K(18432K), 0.0028819 secs] 497257K->480873K(896640K), 0.0029307 secs] [Times: user=0.01 sys=0.00, real=0.00 secs] 
2020-10-29T10:27:31.354+0000: [GC (Allocation Failure) 2020-10-29T10:27:31.354+0000: [ParNew: 16388K->4K(18432K), 0.0028717 secs] 497257K->480873K(896640K), 0.0029214 secs] [Times: user=0.00 sys=0.00, real=0.00 secs] 
2020-10-29T10:27:31.373+0000: [GC (Allocation Failure) 2020-10-29T10:27:31.373+0000: [ParNew: 16388K->4K(18432K), 0.0028758 secs] 497257K->480873K(896640K), 0.0029270 secs] [Times: user=0.01 sys=0.00, real=0.00 secs] 
2020-10-29T10:27:31.391+0000: [GC (Allocation Failure) 2020-10-29T10:27:31.391+0000: [ParNew: 16388K->4K(18432K), 0.0026993 secs] 497257K->480873K(896640K), 0.0027613 secs] [Times: user=0.00 sys=0.01, real=0.00 secs] 
2020-10-29T10:27:31.410+0000: [GC (Allocation Failure) 2020-10-29T10:27:31.410+0000: [ParNew: 16388K->4K(18432K), 0.0025644 secs] 497257K->480873K(896640K), 0.0026082 secs] [Times: user=0.01 sys=0.00, real=0.01 secs] 
2020-10-29T10:27:31.430+0000: [GC (Allocation Failure) 2020-10-29T10:27:31.430+0000: [ParNew: 16388K->4K(18432K), 0.0025660 secs] 497257K->480873K(896640K), 0.0026096 secs] [Times: user=0.00 sys=0.00, real=0.00 secs] 
2020-10-29T10:27:31.450+0000: [GC (Allocation Failure) 2020-10-29T10:27:31.450+0000: [ParNew: 16388K->4K(18432K), 0.0027260 secs] 497257K->480873K(896640K), 0.0027732 secs] [Times: user=0.00 sys=0.00, real=0.00 secs] 
2020-10-29T10:27:31.469+0000: [GC (Allocation Failure) 2020-10-29T10:27:31.469+0000: [ParNew: 16388K->4K(18432K), 0.0027974 secs] 497257K->480873K(896640K), 0.0028448 secs] [Times: user=0.01 sys=0.00, real=0.01 secs] 
2020-10-29T10:27:31.490+0000: [GC (Allocation Failure) 2020-10-29T10:27:31.490+0000: [ParNew: 16388K->4K(18432K), 0.0027503 secs] 497257K->480873K(896640K), 0.0027994 secs] [Times: user=0.00 sys=0.00, real=0.00 secs] 
2020-10-29T10:27:31.509+0000: [GC (Allocation Failure) 2020-10-29T10:27:31.509+0000: [ParNew: 16388K->4K(18432K), 0.0027535 secs] 497257K->480873K(896640K), 0.0028107 secs] [Times: user=0.00 sys=0.00, real=0.01 secs] 
2020-10-29T10:27:31.527+0000: [GC (Allocation Failure) 2020-10-29T10:27:31.527+0000: [ParNew: 16388K->4K(18432K), 0.0027737 secs] 497257K->480873K(896640K), 0.0028215 secs] [Times: user=0.01 sys=0.01, real=0.01 secs] 
2020-10-29T10:27:31.550+0000: [GC (Allocation Failure) 2020-10-29T10:27:31.550+0000: [ParNew: 16388K->4K(18432K), 0.0025810 secs] 497257K->480873K(896640K), 0.0026261 secs] [Times: user=0.00 sys=0.00, real=0.01 secs] 
2020-10-29T10:27:31.569+0000: [GC (Allocation Failure) 2020-10-29T10:27:31.569+0000: [ParNew: 16388K->4K(18432K), 0.0026025 secs] 497257K->480873K(896640K), 0.0026480 secs] [Times: user=0.01 sys=0.00, real=0.01 secs] 
2020-10-29T10:27:31.587+0000: [GC (Allocation Failure) 2020-10-29T10:27:31.587+0000: [ParNew: 16388K->4K(18432K), 0.0025407 secs] 497257K->480873K(896640K), 0.0025858 secs] [Times: user=0.01 sys=0.00, real=0.00 secs] 
2020-10-29T10:27:31.606+0000: [GC (Allocation Failure) 2020-10-29T10:27:31.606+0000: [ParNew: 16388K->4K(18432K), 0.0026798 secs] 497257K->480873K(896640K), 0.0027271 secs] [Times: user=0.00 sys=0.00, real=0.00 secs] 
2020-10-29T10:27:31.626+0000: [GC (Allocation Failure) 2020-10-29T10:27:31.626+0000: [ParNew: 16388K->4K(18432K), 0.0027598 secs] 497257K->480873K(896640K), 0.0028066 secs] [Times: user=0.00 sys=0.00, real=0.00 secs] 
2020-10-29T10:27:31.646+0000: [GC (Allocation Failure) 2020-10-29T10:27:31.646+0000: [ParNew: 16388K->4K(18432K), 0.0027336 secs] 497257K->480873K(896640K), 0.0027828 secs] [Times: user=0.01 sys=0.00, real=0.00 secs] 
2020-10-29T10:27:31.666+0000: [GC (Allocation Failure) 2020-10-29T10:27:31.666+0000: [ParNew: 16388K->4K(18432K), 0.0029885 secs] 497257K->480873K(896640K), 0.0030421 secs] [Times: user=0.01 sys=0.00, real=0.00 secs] 
2020-10-29T10:27:31.685+0000: [GC (Allocation Failure) 2020-10-29T10:27:31.685+0000: [ParNew: 16388K->4K(18432K), 0.0030825 secs] 497257K->480873K(896640K), 0.0031396 secs] [Times: user=0.01 sys=0.00, real=0.00 secs] 
2020-10-29T10:27:31.704+0000: [GC (Allocation Failure) 2020-10-29T10:27:31.704+0000: [ParNew: 16388K->4K(18432K), 0.0030357 secs] 497257K->480873K(896640K), 0.0030899 secs] [Times: user=0.00 sys=0.00, real=0.00 secs] 
2020-10-29T10:27:31.723+0000: [GC (Allocation Failure) 2020-10-29T10:27:31.723+0000: [ParNew: 16388K->4K(18432K), 0.0027729 secs] 497257K->480873K(896640K), 0.0028235 secs] [Times: user=0.01 sys=0.00, real=0.00 secs] 
2020-10-29T10:27:31.742+0000: [GC (Allocation Failure) 2020-10-29T10:27:31.742+0000: [ParNew: 16388K->4K(18432K), 0.0028613 secs] 497257K->480873K(896640K), 0.0029144 secs] [Times: user=0.01 sys=0.00, real=0.00 secs] 
2020-10-29T10:27:31.762+0000: [GC (Allocation Failure) 2020-10-29T10:27:31.762+0000: [ParNew: 16388K->4K(18432K), 0.0030879 secs] 497257K->480873K(896640K), 0.0031443 secs] [Times: user=0.00 sys=0.00, real=0.00 secs] 
2020-10-29T10:27:31.781+0000: [GC (Allocation Failure) 2020-10-29T10:27:31.781+0000: [ParNew: 16388K->4K(18432K), 0.0030574 secs] 497257K->480873K(896640K), 0.0031124 secs] [Times: user=0.01 sys=0.00, real=0.01 secs] 
2020-10-29T10:27:31.800+0000: [GC (Allocation Failure) 2020-10-29T10:27:31.800+0000: [ParNew: 16388K->4K(18432K), 0.0030416 secs] 497257K->480873K(896640K), 0.0030961 secs] [Times: user=0.01 sys=0.00, real=0.01 secs] 
2020-10-29T10:27:31.819+0000: [GC (Allocation Failure) 2020-10-29T10:27:31.819+0000: [ParNew: 16388K->4K(18432K), 0.0026294 secs] 497257K->480873K(896640K), 0.0026788 secs] [Times: user=0.00 sys=0.00, real=0.00 secs] 
2020-10-29T10:27:31.837+0000: [GC (Allocation Failure) 2020-10-29T10:27:31.838+0000: [ParNew: 16388K->4K(18432K), 0.0027513 secs] 497257K->480873K(896640K), 0.0028022 secs] [Times: user=0.01 sys=0.00, real=0.00 secs] 
2020-10-29T10:27:31.856+0000: [GC (Allocation Failure) 2020-10-29T10:27:31.856+0000: [ParNew: 16388K->4K(18432K), 0.0030058 secs] 497257K->480873K(896640K), 0.0030603 secs] [Times: user=0.00 sys=0.00, real=0.00 secs] 
2020-10-29T10:27:31.874+0000: [GC (Allocation Failure) 2020-10-29T10:27:31.874+0000: [ParNew: 16388K->4K(18432K), 0.0030309 secs] 497257K->480873K(896640K), 0.0030856 secs] [Times: user=0.01 sys=0.00, real=0.00 secs] 
2020-10-29T10:27:31.893+0000: [GC (Allocation Failure) 2020-10-29T10:27:31.893+0000: [ParNew: 16388K->4K(18432K), 0.0029087 secs] 497257K->480873K(896640K), 0.0029611 secs] [Times: user=0.00 sys=0.00, real=0.00 secs] 
2020-10-29T10:27:31.912+0000: [GC (Allocation Failure) 2020-10-29T10:27:31.912+0000: [ParNew: 16388K->4K(18432K), 0.0028099 secs] 497257K->480873K(896640K), 0.0028613 secs] [Times: user=0.01 sys=0.00, real=0.00 secs] 
2020-10-29T10:27:31.930+0000: [GC (Allocation Failure) 2020-10-29T10:27:31.930+0000: [ParNew: 16388K->4K(18432K), 0.0029751 secs] 497257K->480873K(896640K), 0.0030382 secs] [Times: user=0.01 sys=0.00, real=0.00 secs] 
2020-10-29T10:27:31.951+0000: [GC (Allocation Failure) 2020-10-29T10:27:31.951+0000: [ParNew: 16388K->4K(18432K), 0.0030598 secs] 497257K->480873K(896640K), 0.0031152 secs] [Times: user=0.00 sys=0.00, real=0.00 secs] 
 CMS: abort preclean due to time 2020-10-29T10:27:31.956+0000: [CMS-concurrent-abortable-preclean: 0.450/5.006 secs] [Times: user=9.10 sys=0.29, real=5.01 secs] 
2020-10-29T10:27:31.961+0000: [GC (CMS Final Remark) [YG occupancy: 1310 K (18432 K)]2020-10-29T10:27:31.961+0000: [Rescan (parallel) , 0.0025246 secs]2020-10-29T10:27:31.963+0000: [weak refs processing, 0.0000542 secs]2020-10-29T10:27:31.963+0000: [class unloading, 0.0089166 secs]2020-10-29T10:27:31.972+0000: [scrub symbol table, 0.0095088 secs]2020-10-29T10:27:31.982+0000: [scrub string table, 0.0006158 secs][1 CMS-remark: 480869K(878208K)] 482179K(896640K), 0.0217401 secs] [Times: user=0.02 sys=0.00, real=0.03 secs] 
2020-10-29T10:27:31.986+0000: [CMS-concurrent-sweep-start]
2020-10-29T10:27:32.000+0000: [GC (Allocation Failure) 2020-10-29T10:27:32.000+0000: [ParNew: 16388K->4K(18432K), 0.0031552 secs] 497032K->480648K(896640K), 0.0032078 secs] [Times: user=0.01 sys=0.00, real=0.01 secs] 
2020-10-29T10:27:32.016+0000: [CMS-concurrent-sweep: 0.019/0.029 secs] [Times: user=0.06 sys=0.00, real=0.03 secs] 
2020-10-29T10:27:32.016+0000: [CMS-concurrent-reset-start]
2020-10-29T10:27:32.018+0000: [CMS-concurrent-reset: 0.002/0.002 secs] [Times: user=0.00 sys=0.00, real=0.00 secs] 
2020-10-29T10:27:32.022+0000: [GC (Allocation Failure) 2020-10-29T10:27:32.022+0000: [ParNew: 16388K->4K(18432K), 0.0030745 secs] 468051K->451667K(896640K), 0.0031153 secs] [Times: user=0.01 sys=0.00, real=0.00 secs] 
2020-10-29T10:27:32.042+0000: [GC (Allocation Failure) 2020-10-29T10:27:32.042+0000: [ParNew: 16388K->4K(18432K), 0.0029858 secs] 468051K->451667K(896640K), 0.0030334 secs] [Times: user=0.01 sys=0.00, real=0.00 secs] 
2020-10-29T10:27:32.062+0000: [GC (Allocation Failure) 2020-10-29T10:27:32.062+0000: [ParNew: 16388K->4K(18432K), 0.0030995 secs] 468051K->451667K(896640K), 0.0031569 secs] [Times: user=0.00 sys=0.00, real=0.00 secs] 
2020-10-29T10:27:32.081+0000: [GC (Allocation Failure) 2020-10-29T10:27:32.081+0000: [ParNew: 16388K->4K(18432K), 0.0031747 secs] 468051K->451667K(896640K), 0.0032329 secs] [Times: user=0.00 sys=0.00, real=0.01 secs] 
2020-10-29T10:27:32.102+0000: [GC (Allocation Failure) 2020-10-29T10:27:32.102+0000: [ParNew: 16388K->4K(18432K), 0.0029945 secs] 468051K->451667K(896640K), 0.0030480 secs] [Times: user=0.00 sys=0.00, real=0.00 secs] 
2020-10-29T10:27:32.120+0000: [GC (Allocation Failure) 2020-10-29T10:27:32.120+0000: [ParNew: 16388K->4K(18432K), 0.0030454 secs] 468051K->451667K(896640K), 0.0030986 secs] [Times: user=0.00 sys=0.00, real=0.01 secs] 
2020-10-29T10:27:32.142+0000: [GC (Allocation Failure) 2020-10-29T10:27:32.142+0000: [ParNew: 16388K->4K(18432K), 0.0030497 secs] 468051K->451667K(896640K), 0.0031044 secs] [Times: user=0.00 sys=0.00, real=0.01 secs] 
2020-10-29T10:27:32.162+0000: [GC (Allocation Failure) 2020-10-29T10:27:32.162+0000: [ParNew: 16388K->4K(18432K), 0.0031019 secs] 468051K->451667K(896640K), 0.0031597 secs] [Times: user=0.01 sys=0.00, real=0.00 secs] 
2020-10-29T10:27:32.180+0000: [GC (Allocation Failure) 2020-10-29T10:27:32.181+0000: [ParNew: 16388K->4K(18432K), 0.0029887 secs] 468051K->451667K(896640K), 0.0030431 secs] [Times: user=0.00 sys=0.00, real=0.01 secs] 
2020-10-29T10:27:32.202+0000: [GC (Allocation Failure) 2020-10-29T10:27:32.202+0000: [ParNew: 16388K->4K(18432K), 0.0028521 secs] 468051K->451667K(896640K), 0.0029005 secs] [Times: user=0.01 sys=0.00, real=0.00 secs] 
2020-10-29T10:27:32.220+0000: [GC (Allocation Failure) 2020-10-29T10:27:32.220+0000: [ParNew: 16388K->4K(18432K), 0.0030316 secs] 468051K->451667K(896640K), 0.0030830 secs] [Times: user=0.01 sys=0.00, real=0.01 secs] 
2020-10-29T10:27:32.238+0000: [GC (Allocation Failure) 2020-10-29T10:27:32.238+0000: [ParNew: 16388K->4K(18432K), 0.0029096 secs] 468051K->451667K(896640K), 0.0029589 secs] [Times: user=0.01 sys=0.00, real=0.00 secs] 
2020-10-29T10:27:32.256+0000: [GC (Allocation Failure) 2020-10-29T10:27:32.256+0000: [ParNew: 16388K->4K(18432K), 0.0030590 secs] 468051K->451667K(896640K), 0.0031149 secs] [Times: user=0.00 sys=0.00, real=0.00 secs] 
2020-10-29T10:27:32.274+0000: [GC (Allocation Failure) 2020-10-29T10:27:32.274+0000: [ParNew: 16388K->4K(18432K), 0.0029557 secs] 468051K->451667K(896640K), 0.0030057 secs] [Times: user=0.01 sys=0.00, real=0.00 secs] 
2020-10-29T10:27:32.294+0000: [GC (Allocation Failure) 2020-10-29T10:27:32.294+0000: [ParNew: 16388K->4K(18432K), 0.0028913 secs] 468051K->451667K(896640K), 0.0029411 secs] [Times: user=0.01 sys=0.00, real=0.00 secs] 
2020-10-29T10:27:32.312+0000: [GC (Allocation Failure) 2020-10-29T10:27:32.312+0000: [ParNew: 16388K->4K(18432K), 0.0029709 secs] 468051K->451667K(896640K), 0.0030225 secs] [Times: user=0.01 sys=0.00, real=0.00 secs] 
2020-10-29T10:27:32.330+0000: [GC (Allocation Failure) 2020-10-29T10:27:32.330+0000: [ParNew: 16388K->4K(18432K), 0.0029748 secs] 468051K->451667K(896640K), 0.0030233 secs] [Times: user=0.00 sys=0.00, real=0.01 secs] 
2020-10-29T10:27:32.348+0000: [GC (Allocation Failure) 2020-10-29T10:27:32.348+0000: [ParNew: 16388K->4K(18432K), 0.0029708 secs] 468051K->451667K(896640K), 0.0030195 secs] [Times: user=0.01 sys=0.00, real=0.01 secs] 
2020-10-29T10:27:32.366+0000: [GC (Allocation Failure) 2020-10-29T10:27:32.366+0000: [ParNew: 16388K->4K(18432K), 0.0029742 secs] 468051K->451667K(896640K), 0.0030254 secs] [Times: user=0.00 sys=0.00, real=0.00 secs] 
2020-10-29T10:27:32.384+0000: [GC (Allocation Failure) 2020-10-29T10:27:32.384+0000: [ParNew: 16388K->4K(18432K), 0.0029363 secs] 468051K->451667K(896640K), 0.0029924 secs] [Times: user=0.01 sys=0.00, real=0.00 secs] 
2020-10-29T10:27:32.402+0000: [GC (Allocation Failure) 2020-10-29T10:27:32.402+0000: [ParNew: 16388K->4K(18432K), 0.0028590 secs] 468051K->451667K(896640K), 0.0029037 secs] [Times: user=0.01 sys=0.00, real=0.00 secs] 
2020-10-29T10:27:32.422+0000: [GC (Allocation Failure) 2020-10-29T10:27:32.422+0000: [ParNew: 16388K->4K(18432K), 0.0028695 secs] 468051K->451667K(896640K), 0.0029154 secs] [Times: user=0.00 sys=0.00, real=0.00 secs] 
2020-10-29T10:27:32.440+0000: [GC (Allocation Failure) 2020-10-29T10:27:32.440+0000: [ParNew: 16388K->4K(18432K), 0.0029229 secs] 468051K->451667K(896640K), 0.0029774 secs] [Times: user=0.01 sys=0.00, real=0.01 secs] 
2020-10-29T10:27:32.458+0000: [GC (Allocation Failure) 2020-10-29T10:27:32.458+0000: [ParNew: 16388K->4K(18432K), 0.0030401 secs] 468051K->451667K(896640K), 0.0030952 secs] [Times: user=0.00 sys=0.00, real=0.00 secs] 
2020-10-29T10:27:32.476+0000: [GC (Allocation Failure) 2020-10-29T10:27:32.476+0000: [ParNew: 16388K->4K(18432K), 0.0030614 secs] 468051K->451667K(896640K), 0.0031168 secs] [Times: user=0.01 sys=0.00, real=0.00 secs] 
2020-10-29T10:27:32.494+0000: [GC (Allocation Failure) 2020-10-29T10:27:32.494+0000: [ParNew: 16388K->4K(18432K), 0.0030485 secs] 468051K->451667K(896640K), 0.0031001 secs] [Times: user=0.01 sys=0.00, real=0.00 secs] 
2020-10-29T10:27:32.512+0000: [GC (Allocation Failure) 2020-10-29T10:27:32.512+0000: [ParNew: 16388K->4K(18432K), 0.0029073 secs] 468051K->451667K(896640K), 0.0029565 secs] [Times: user=0.00 sys=0.00, real=0.00 secs] 
2020-10-29T10:27:32.530+0000: [GC (Allocation Failure) 2020-10-29T10:27:32.530+0000: [ParNew: 16388K->4K(18432K), 0.0029356 secs] 468051K->451667K(896640K), 0.0030037 secs] [Times: user=0.01 sys=0.00, real=0.01 secs] 
2020-10-29T10:27:32.551+0000: [GC (Allocation Failure) 2020-10-29T10:27:32.551+0000: [ParNew: 16388K->4K(18432K), 0.0029392 secs] 468051K->451667K(896640K), 0.0030081 secs] [Times: user=0.01 sys=0.00, real=0.00 secs] 
2020-10-29T10:27:32.581+0000: [GC (Allocation Failure) 2020-10-29T10:27:32.581+0000: [ParNew: 16388K->8K(18432K), 0.0031418 secs] 468051K->451671K(896640K), 0.0032141 secs] [Times: user=0.01 sys=0.00, real=0.01 secs] 
2020-10-29T10:27:32.606+0000: [GC (Allocation Failure) 2020-10-29T10:27:32.606+0000: [ParNew: 16392K->6K(18432K), 0.0030899 secs] 468055K->451669K(896640K), 0.0031448 secs] [Times: user=0.00 sys=0.00, real=0.00 secs] 
2020-10-29T10:27:32.624+0000: [GC (Allocation Failure) 2020-10-29T10:27:32.624+0000: [ParNew: 16390K->7K(18432K), 0.0031737 secs] 468053K->451670K(896640K), 0.0032318 secs] [Times: user=0.00 sys=0.00, real=0.00 secs] 
2020-10-29T10:27:32.646+0000: [GC (Allocation Failure) 2020-10-29T10:27:32.646+0000: [ParNew: 16391K->9K(18432K), 0.0047404 secs] 468054K->451672K(896640K), 0.0047915 secs] [Times: user=0.00 sys=0.00, real=0.01 secs] 
2020-10-29T10:27:32.670+0000: [GC (Allocation Failure) 2020-10-29T10:27:32.670+0000: [ParNew: 16393K->6K(18432K), 0.0028732 secs] 468056K->451669K(896640K), 0.0029196 secs] [Times: user=0.00 sys=0.00, real=0.01 secs] 
2020-10-29T10:27:32.687+0000: [GC (Allocation Failure) 2020-10-29T10:27:32.687+0000: [ParNew: 16390K->6K(18432K), 0.0029348 secs] 468053K->451669K(896640K), 0.0029827 secs] [Times: user=0.00 sys=0.00, real=0.01 secs] 
2020-10-29T10:27:32.705+0000: [GC (Allocation Failure) 2020-10-29T10:27:32.705+0000: [ParNew: 16390K->4K(18432K), 0.0028363 secs] 468053K->451670K(896640K), 0.0028834 secs] [Times: user=0.01 sys=0.00, real=0.00 secs] 
2020-10-29T10:27:32.734+0000: [GC (Allocation Failure) 2020-10-29T10:27:32.734+0000: [ParNew: 16388K->4K(18432K), 0.0030536 secs] 468054K->451670K(896640K), 0.0031068 secs] [Times: user=0.01 sys=0.00, real=0.00 secs] 
2020-10-29T10:27:32.765+0000: [GC (Allocation Failure) 2020-10-29T10:27:32.765+0000: [ParNew: 16388K->4K(18432K), 0.0029968 secs] 468054K->451670K(896640K), 0.0030490 secs] [Times: user=0.00 sys=0.00, real=0.00 secs] 
2020-10-29T10:27:32.798+0000: [GC (Allocation Failure) 2020-10-29T10:27:32.798+0000: [ParNew: 16388K->4K(18432K), 0.0030196 secs] 468054K->451670K(896640K), 0.0030716 secs] [Times: user=0.00 sys=0.00, real=0.00 secs] 
2020-10-29T10:27:32.830+0000: [GC (Allocation Failure) 2020-10-29T10:27:32.830+0000: [ParNew: 16388K->4K(18432K), 0.0030350 secs] 468054K->451670K(896640K), 0.0030831 secs] [Times: user=0.01 sys=0.00, real=0.00 secs] 
2020-10-29T10:27:32.861+0000: [GC (Allocation Failure) 2020-10-29T10:27:32.861+0000: [ParNew: 16388K->4K(18432K), 0.0031086 secs] 468054K->451670K(896640K), 0.0031654 secs] [Times: user=0.01 sys=0.00, real=0.01 secs] 
2020-10-29T10:27:32.894+0000: [GC (Allocation Failure) 2020-10-29T10:27:32.894+0000: [ParNew: 16388K->4K(18432K), 0.0031327 secs] 468054K->451670K(896640K), 0.0031914 secs] [Times: user=0.01 sys=0.00, real=0.00 secs] 
2020-10-29T10:27:32.926+0000: [GC (Allocation Failure) 2020-10-29T10:27:32.926+0000: [ParNew: 16388K->4K(18432K), 0.0030883 secs] 468054K->451671K(896640K), 0.0031462 secs] [Times: user=0.01 sys=0.00, real=0.00 secs] 
2020-10-29T10:27:32.958+0000: [GC (Allocation Failure) 2020-10-29T10:27:32.958+0000: [ParNew: 16388K->4K(18432K), 0.0029389 secs] 468055K->451671K(896640K), 0.0029897 secs] [Times: user=0.01 sys=0.00, real=0.00 secs] 
2020-10-29T10:27:32.990+0000: [GC (Allocation Failure) 2020-10-29T10:27:32.990+0000: [ParNew: 16388K->4K(18432K), 0.0029583 secs] 468055K->451671K(896640K), 0.0030095 secs] [Times: user=0.01 sys=0.00, real=0.00 secs] 
2020-10-29T10:27:33.022+0000: [GC (Allocation Failure) 2020-10-29T10:27:33.022+0000: [ParNew: 16388K->4K(18432K), 0.0029874 secs] 468055K->451671K(896640K), 0.0030408 secs] [Times: user=0.00 sys=0.00, real=0.00 secs] 
2020-10-29T10:27:33.057+0000: [GC (Allocation Failure) 2020-10-29T10:27:33.057+0000: [ParNew: 16388K->4K(18432K), 0.0030757 secs] 468055K->451671K(896640K), 0.0031317 secs] [Times: user=0.00 sys=0.00, real=0.00 secs] 
2020-10-29T10:27:33.219+0000: [GC (Allocation Failure) 2020-10-29T10:27:33.219+0000: [ParNew: 16388K->4K(18432K), 0.0031049 secs] 468055K->451671K(896640K), 0.0031631 secs] [Times: user=0.00 sys=0.00, real=0.01 secs] 
2020-10-29T10:27:33.495+0000: [GC (Allocation Failure) 2020-10-29T10:27:33.496+0000: [ParNew: 16388K->4K(18432K), 0.0059142 secs] 468055K->451671K(896640K), 0.0059874 secs] [Times: user=0.02 sys=0.00, real=0.00 secs] 
2020-10-29T10:27:33.608+0000: [GC (Allocation Failure) 2020-10-29T10:27:33.608+0000: [ParNew: 16388K->4K(18432K), 0.0030838 secs] 468055K->451671K(896640K), 0.0031434 secs] [Times: user=0.00 sys=0.00, real=0.01 secs] 
2020-10-29T10:27:33.688+0000: [GC (Allocation Failure) 2020-10-29T10:27:33.688+0000: [ParNew: 16388K->4K(18432K), 0.0041450 secs] 468055K->451671K(896640K), 0.0042201 secs] [Times: user=0.00 sys=0.00, real=0.01 secs] 
2020-10-29T10:27:33.762+0000: [GC (Allocation Failure) 2020-10-29T10:27:33.762+0000: [ParNew: 16388K->4K(18432K), 0.0030970 secs] 468055K->451671K(896640K), 0.0031579 secs] [Times: user=0.00 sys=0.00, real=0.01 secs] 
2020-10-29T10:27:33.806+0000: [GC (Allocation Failure) 2020-10-29T10:27:33.806+0000: [ParNew: 16388K->4K(18432K), 0.0030697 secs] 468055K->451671K(896640K), 0.0031266 secs] [Times: user=0.00 sys=0.00, real=0.00 secs] 
2020-10-29T10:27:33.868+0000: [GC (Allocation Failure) 2020-10-29T10:27:33.868+0000: [ParNew: 16388K->4K(18432K), 0.0031382 secs] 468055K->451672K(896640K), 0.0031918 secs] [Times: user=0.00 sys=0.00, real=0.01 secs] 
2020-10-29T10:27:33.930+0000: [GC (Allocation Failure) 2020-10-29T10:27:33.930+0000: [ParNew: 16388K->4K(18432K), 0.0030774 secs] 468056K->451672K(896640K), 0.0031378 secs] [Times: user=0.01 sys=0.00, real=0.00 secs] 
2020-10-29T10:27:34.370+0000: [GC (Allocation Failure) 2020-10-29T10:27:34.370+0000: [ParNew: 16388K->15K(18432K), 0.0031964 secs] 468056K->451684K(896640K), 0.0032572 secs] [Times: user=0.01 sys=0.00, real=0.01 secs] 
Heap
 par new generation   total 18432K, used 7411K [0x00000000c0000000, 0x00000000c1400000, 0x00000000ca660000)
  eden space 16384K,  45% used [0x00000000c0000000, 0x00000000c0738da8, 0x00000000c1000000)
  from space 2048K,   0% used [0x00000000c1200000, 0x00000000c1203f80, 0x00000000c1400000)
  to   space 2048K,   0% used [0x00000000c1000000, 0x00000000c1000000, 0x00000000c1200000)
 concurrent mark-sweep generation total 878208K, used 451668K [0x00000000ca660000, 0x0000000100000000, 0x0000000100000000)
 Metaspace       used 70981K, capacity 72358K, committed 72596K, reserved 1112064K
  class space    used 9545K, capacity 9807K, committed 9932K, reserved 1048576K
End of LogType:stdout

