

Container: container_1603885280651_0001_01_000002 on ip-10-0-37-205.ec2.internal_8041
=======================================================================================
LogType:stderr
Log Upload Time:mer ott 28 11:49:16 +0000 2020
LogLength:24425
Log Contents:
SLF4J: Class path contains multiple SLF4J bindings.
SLF4J: Found binding in [jar:file:/mnt/yarn/usercache/hadoop/filecache/11/__spark_libs__6867223678026236415.zip/slf4j-log4j12-1.7.16.jar!/org/slf4j/impl/StaticLoggerBinder.class]
SLF4J: Found binding in [jar:file:/usr/lib/hadoop/lib/slf4j-log4j12-1.7.10.jar!/org/slf4j/impl/StaticLoggerBinder.class]
SLF4J: See http://www.slf4j.org/codes.html#multiple_bindings for an explanation.
SLF4J: Actual binding is of type [org.slf4j.impl.Log4jLoggerFactory]
20/10/28 11:46:32 INFO CoarseGrainedExecutorBackend: Started daemon with process name: 23627@ip-10-0-37-205
20/10/28 11:46:32 INFO SignalUtils: Registered signal handler for TERM
20/10/28 11:46:32 INFO SignalUtils: Registered signal handler for HUP
20/10/28 11:46:32 INFO SignalUtils: Registered signal handler for INT
20/10/28 11:46:33 INFO SecurityManager: Changing view acls to: yarn,hadoop
20/10/28 11:46:33 INFO SecurityManager: Changing modify acls to: yarn,hadoop
20/10/28 11:46:33 INFO SecurityManager: Changing view acls groups to: 
20/10/28 11:46:33 INFO SecurityManager: Changing modify acls groups to: 
20/10/28 11:46:33 INFO SecurityManager: SecurityManager: authentication disabled; ui acls disabled; users  with view permissions: Set(yarn, hadoop); groups with view permissions: Set(); users  with modify permissions: Set(yarn, hadoop); groups with modify permissions: Set()
20/10/28 11:46:33 INFO TransportClientFactory: Successfully created connection to ip-10-0-53-17.ec2.internal/10.0.53.17:46171 after 112 ms (0 ms spent in bootstraps)
20/10/28 11:46:34 INFO SecurityManager: Changing view acls to: yarn,hadoop
20/10/28 11:46:34 INFO SecurityManager: Changing modify acls to: yarn,hadoop
20/10/28 11:46:34 INFO SecurityManager: Changing view acls groups to: 
20/10/28 11:46:34 INFO SecurityManager: Changing modify acls groups to: 
20/10/28 11:46:34 INFO SecurityManager: SecurityManager: authentication disabled; ui acls disabled; users  with view permissions: Set(yarn, hadoop); groups with view permissions: Set(); users  with modify permissions: Set(yarn, hadoop); groups with modify permissions: Set()
20/10/28 11:46:34 INFO TransportClientFactory: Successfully created connection to ip-10-0-53-17.ec2.internal/10.0.53.17:46171 after 2 ms (0 ms spent in bootstraps)
20/10/28 11:46:34 INFO DiskBlockManager: Created local directory at /mnt/yarn/usercache/hadoop/appcache/application_1603885280651_0001/blockmgr-d3c66f46-d2c2-4844-b330-f959d045fc3d
20/10/28 11:46:34 INFO MemoryStore: MemoryStore started with capacity 2.5 GB
20/10/28 11:46:34 INFO CoarseGrainedExecutorBackend: Connecting to driver: spark://CoarseGrainedScheduler@ip-10-0-53-17.ec2.internal:46171
20/10/28 11:46:34 INFO CoarseGrainedExecutorBackend: Successfully registered with driver
20/10/28 11:46:34 INFO Executor: Starting executor ID 1 on host ip-10-0-37-205.ec2.internal
20/10/28 11:46:35 INFO Utils: Successfully started service 'org.apache.spark.network.netty.NettyBlockTransferService' on port 37489.
20/10/28 11:46:35 INFO NettyBlockTransferService: Server created on ip-10-0-37-205.ec2.internal:37489
20/10/28 11:46:35 INFO BlockManager: Using org.apache.spark.storage.RandomBlockReplicationPolicy for block replication policy
20/10/28 11:46:35 INFO BlockManagerMaster: Registering BlockManager BlockManagerId(1, ip-10-0-37-205.ec2.internal, 37489, None)
20/10/28 11:46:35 INFO BlockManagerMaster: Registered BlockManager BlockManagerId(1, ip-10-0-37-205.ec2.internal, 37489, None)
20/10/28 11:46:35 INFO BlockManager: external shuffle service port = 7337
20/10/28 11:46:35 INFO BlockManager: Registering executor with local external shuffle service.
20/10/28 11:46:35 INFO TransportClientFactory: Successfully created connection to ip-10-0-37-205.ec2.internal/10.0.37.205:7337 after 13 ms (0 ms spent in bootstraps)
20/10/28 11:46:35 INFO BlockManager: Initialized BlockManager: BlockManagerId(1, ip-10-0-37-205.ec2.internal, 37489, None)
20/10/28 11:46:35 INFO CoarseGrainedExecutorBackend: Got assigned task 0
20/10/28 11:46:35 INFO Executor: Running task 0.0 in stage 0.0 (TID 0)
20/10/28 11:46:35 INFO TorrentBroadcast: Started reading broadcast variable 1
20/10/28 11:46:35 INFO TransportClientFactory: Successfully created connection to ip-10-0-53-17.ec2.internal/10.0.53.17:33007 after 5 ms (0 ms spent in bootstraps)
20/10/28 11:46:35 INFO MemoryStore: Block broadcast_1_piece0 stored as bytes in memory (estimated size 14.0 KB, free 2.5 GB)
20/10/28 11:46:35 INFO TorrentBroadcast: Reading broadcast variable 1 took 190 ms
20/10/28 11:46:35 INFO MemoryStore: Block broadcast_1 stored as values in memory (estimated size 33.5 KB, free 2.5 GB)
20/10/28 11:46:37 INFO CodeGenerator: Code generated in 455.946877 ms
20/10/28 11:46:37 INFO CodeGenerator: Code generated in 89.412248 ms
20/10/28 11:46:37 INFO CodeGenerator: Code generated in 42.616288 ms
20/10/28 11:46:37 INFO FileScanRDD: Reading File path: s3://spectral-regression-spark-bucket/spectral_data_class.csv, range: 0-134217728, partition values: [empty row]
20/10/28 11:46:37 INFO CodeGenerator: Code generated in 44.375718 ms
20/10/28 11:46:37 INFO TorrentBroadcast: Started reading broadcast variable 0
20/10/28 11:46:37 INFO MemoryStore: Block broadcast_0_piece0 stored as bytes in memory (estimated size 36.8 KB, free 2.5 GB)
20/10/28 11:46:37 INFO TorrentBroadcast: Reading broadcast variable 0 took 15 ms
20/10/28 11:46:37 INFO MemoryStore: Block broadcast_0 stored as values in memory (estimated size 576.5 KB, free 2.5 GB)
20/10/28 11:46:40 INFO S3NativeFileSystem: Opening 's3://spectral-regression-spark-bucket/spectral_data_class.csv' for reading
20/10/28 11:46:41 INFO GPLNativeCodeLoader: Loaded native gpl library
20/10/28 11:46:41 INFO LzoCodec: Successfully loaded & initialized native-lzo library [hadoop-lzo rev 1546b8dc0ca6f1ffd26a812d52bd7b80915e0a25]
20/10/28 11:46:53 INFO Executor: Finished task 0.0 in stage 0.0 (TID 0). 1922 bytes result sent to driver
20/10/28 11:46:54 INFO CoarseGrainedExecutorBackend: Got assigned task 1
20/10/28 11:46:54 INFO CoarseGrainedExecutorBackend: Got assigned task 2
20/10/28 11:46:54 INFO Executor: Running task 0.0 in stage 1.0 (TID 1)
20/10/28 11:46:54 INFO CoarseGrainedExecutorBackend: Got assigned task 3
20/10/28 11:46:54 INFO CoarseGrainedExecutorBackend: Got assigned task 4
20/10/28 11:46:54 INFO Executor: Running task 1.0 in stage 1.0 (TID 2)
20/10/28 11:46:54 INFO Executor: Running task 2.0 in stage 1.0 (TID 3)
20/10/28 11:46:54 INFO Executor: Running task 3.0 in stage 1.0 (TID 4)
20/10/28 11:46:54 INFO TorrentBroadcast: Started reading broadcast variable 4
20/10/28 11:46:54 INFO MemoryStore: Block broadcast_4_piece0 stored as bytes in memory (estimated size 15.5 KB, free 2.5 GB)
20/10/28 11:46:54 INFO TorrentBroadcast: Reading broadcast variable 4 took 15 ms
20/10/28 11:46:54 INFO MemoryStore: Block broadcast_4 stored as values in memory (estimated size 36.6 KB, free 2.5 GB)
20/10/28 11:46:55 INFO CodeGenerator: Code generated in 109.141238 ms
20/10/28 11:46:56 INFO CodeGenerator: Code generated in 32.870947 ms
20/10/28 11:46:56 INFO FileScanRDD: Reading File path: s3://spectral-regression-spark-bucket/spectral_data_class.csv, range: 242403489-319010350, partition values: [empty row]
20/10/28 11:46:56 INFO FileScanRDD: Reading File path: s3://spectral-regression-spark-bucket/spectral_data_class.csv, range: 80801163-161602326, partition values: [empty row]
20/10/28 11:46:56 INFO FileScanRDD: Reading File path: s3://spectral-regression-spark-bucket/spectral_data_class.csv, range: 161602326-242403489, partition values: [empty row]
20/10/28 11:46:56 INFO FileScanRDD: Reading File path: s3://spectral-regression-spark-bucket/spectral_data_class.csv, range: 0-80801163, partition values: [empty row]
20/10/28 11:46:56 INFO TorrentBroadcast: Started reading broadcast variable 2
20/10/28 11:46:56 INFO MemoryStore: Block broadcast_2_piece0 stored as bytes in memory (estimated size 36.8 KB, free 2.5 GB)
20/10/28 11:46:56 INFO TorrentBroadcast: Reading broadcast variable 2 took 18 ms
20/10/28 11:46:57 INFO MemoryStore: Block broadcast_2 stored as values in memory (estimated size 576.5 KB, free 2.5 GB)
20/10/28 11:46:57 INFO S3NativeFileSystem: Opening 's3://spectral-regression-spark-bucket/spectral_data_class.csv' for reading
20/10/28 11:46:57 INFO S3NativeFileSystem: Opening 's3://spectral-regression-spark-bucket/spectral_data_class.csv' for reading
20/10/28 11:46:57 INFO S3NativeFileSystem: Opening 's3://spectral-regression-spark-bucket/spectral_data_class.csv' for reading
20/10/28 11:46:57 INFO S3NativeFileSystem: Opening 's3://spectral-regression-spark-bucket/spectral_data_class.csv' for reading
20/10/28 11:47:20 INFO JniLoader: successfully loaded /mnt/yarn/usercache/hadoop/appcache/application_1603885280651_0001/container_1603885280651_0001_01_000002/tmp/jniloader7800343779324070238netlib-native_system-linux-x86_64.so
20/10/28 11:47:26 INFO Executor: Finished task 3.0 in stage 1.0 (TID 4). 2356 bytes result sent to driver
20/10/28 11:47:26 INFO Executor: Finished task 2.0 in stage 1.0 (TID 3). 2313 bytes result sent to driver
20/10/28 11:47:26 INFO Executor: Finished task 1.0 in stage 1.0 (TID 2). 2313 bytes result sent to driver
20/10/28 11:47:27 INFO Executor: Finished task 0.0 in stage 1.0 (TID 1). 2313 bytes result sent to driver
20/10/28 11:47:28 INFO CoarseGrainedExecutorBackend: Got assigned task 5
20/10/28 11:47:28 INFO CoarseGrainedExecutorBackend: Got assigned task 6
20/10/28 11:47:28 INFO Executor: Running task 0.0 in stage 2.0 (TID 5)
20/10/28 11:47:28 INFO CoarseGrainedExecutorBackend: Got assigned task 7
20/10/28 11:47:28 INFO Executor: Running task 1.0 in stage 2.0 (TID 6)
20/10/28 11:47:28 INFO TorrentBroadcast: Started reading broadcast variable 6
20/10/28 11:47:28 INFO Executor: Running task 2.0 in stage 2.0 (TID 7)
20/10/28 11:47:28 INFO CoarseGrainedExecutorBackend: Got assigned task 8
20/10/28 11:47:28 INFO Executor: Running task 3.0 in stage 2.0 (TID 8)
20/10/28 11:47:28 INFO MemoryStore: Block broadcast_6_piece0 stored as bytes in memory (estimated size 17.2 KB, free 2.5 GB)
20/10/28 11:47:28 INFO TorrentBroadcast: Reading broadcast variable 6 took 20 ms
20/10/28 11:47:28 INFO MemoryStore: Block broadcast_6 stored as values in memory (estimated size 38.2 KB, free 2.5 GB)
20/10/28 11:47:28 INFO CodeGenerator: Code generated in 82.488469 ms
20/10/28 11:47:28 INFO CodeGenerator: Code generated in 27.445196 ms
20/10/28 11:47:28 INFO FileScanRDD: Reading File path: s3://spectral-regression-spark-bucket/spectral_data_class.csv, range: 161602326-242403489, partition values: [empty row]
20/10/28 11:47:28 INFO TorrentBroadcast: Started reading broadcast variable 5
20/10/28 11:47:28 INFO FileScanRDD: Reading File path: s3://spectral-regression-spark-bucket/spectral_data_class.csv, range: 80801163-161602326, partition values: [empty row]
20/10/28 11:47:28 INFO FileScanRDD: Reading File path: s3://spectral-regression-spark-bucket/spectral_data_class.csv, range: 0-80801163, partition values: [empty row]
20/10/28 11:47:28 INFO FileScanRDD: Reading File path: s3://spectral-regression-spark-bucket/spectral_data_class.csv, range: 242403489-319010350, partition values: [empty row]
20/10/28 11:47:28 INFO MemoryStore: Block broadcast_5_piece0 stored as bytes in memory (estimated size 36.8 KB, free 2.5 GB)
20/10/28 11:47:28 INFO TorrentBroadcast: Reading broadcast variable 5 took 24 ms
20/10/28 11:47:28 INFO MemoryStore: Block broadcast_5 stored as values in memory (estimated size 576.5 KB, free 2.5 GB)
20/10/28 11:47:28 INFO S3NativeFileSystem: Opening 's3://spectral-regression-spark-bucket/spectral_data_class.csv' for reading
20/10/28 11:47:28 INFO S3NativeFileSystem: Opening 's3://spectral-regression-spark-bucket/spectral_data_class.csv' for reading
20/10/28 11:47:28 INFO S3NativeFileSystem: Opening 's3://spectral-regression-spark-bucket/spectral_data_class.csv' for reading
20/10/28 11:47:28 INFO S3NativeFileSystem: Opening 's3://spectral-regression-spark-bucket/spectral_data_class.csv' for reading
20/10/28 11:47:53 INFO Executor: Finished task 1.0 in stage 2.0 (TID 6). 2386 bytes result sent to driver
20/10/28 11:47:53 INFO Executor: Finished task 3.0 in stage 2.0 (TID 8). 2343 bytes result sent to driver
20/10/28 11:47:53 INFO Executor: Finished task 2.0 in stage 2.0 (TID 7). 2343 bytes result sent to driver
20/10/28 11:47:54 INFO Executor: Finished task 0.0 in stage 2.0 (TID 5). 2343 bytes result sent to driver
20/10/28 11:47:54 INFO CoarseGrainedExecutorBackend: Got assigned task 9
20/10/28 11:47:54 INFO CoarseGrainedExecutorBackend: Got assigned task 10
20/10/28 11:47:54 INFO Executor: Running task 1.0 in stage 3.0 (TID 10)
20/10/28 11:47:54 INFO Executor: Running task 0.0 in stage 3.0 (TID 9)
20/10/28 11:47:54 INFO TorrentBroadcast: Started reading broadcast variable 7
20/10/28 11:47:54 INFO CoarseGrainedExecutorBackend: Got assigned task 11
20/10/28 11:47:54 INFO CoarseGrainedExecutorBackend: Got assigned task 12
20/10/28 11:47:54 INFO Executor: Running task 2.0 in stage 3.0 (TID 11)
20/10/28 11:47:54 INFO Executor: Running task 3.0 in stage 3.0 (TID 12)
20/10/28 11:47:54 INFO MemoryStore: Block broadcast_7_piece0 stored as bytes in memory (estimated size 16.9 KB, free 2.5 GB)
20/10/28 11:47:54 INFO TorrentBroadcast: Reading broadcast variable 7 took 12 ms
20/10/28 11:47:54 INFO MemoryStore: Block broadcast_7 stored as values in memory (estimated size 37.3 KB, free 2.5 GB)
20/10/28 11:47:54 INFO FileScanRDD: Reading File path: s3://spectral-regression-spark-bucket/spectral_data_class.csv, range: 80801163-161602326, partition values: [empty row]
20/10/28 11:47:54 INFO FileScanRDD: Reading File path: s3://spectral-regression-spark-bucket/spectral_data_class.csv, range: 0-80801163, partition values: [empty row]
20/10/28 11:47:54 INFO FileScanRDD: Reading File path: s3://spectral-regression-spark-bucket/spectral_data_class.csv, range: 161602326-242403489, partition values: [empty row]
20/10/28 11:47:54 INFO FileScanRDD: Reading File path: s3://spectral-regression-spark-bucket/spectral_data_class.csv, range: 242403489-319010350, partition values: [empty row]
20/10/28 11:47:54 INFO S3NativeFileSystem: Opening 's3://spectral-regression-spark-bucket/spectral_data_class.csv' for reading
20/10/28 11:47:54 INFO S3NativeFileSystem: Opening 's3://spectral-regression-spark-bucket/spectral_data_class.csv' for reading
20/10/28 11:47:54 INFO S3NativeFileSystem: Opening 's3://spectral-regression-spark-bucket/spectral_data_class.csv' for reading
20/10/28 11:47:54 INFO S3NativeFileSystem: Opening 's3://spectral-regression-spark-bucket/spectral_data_class.csv' for reading
20/10/28 11:48:18 INFO Executor: Finished task 3.0 in stage 3.0 (TID 12). 1860 bytes result sent to driver
20/10/28 11:48:19 INFO Executor: Finished task 2.0 in stage 3.0 (TID 11). 1860 bytes result sent to driver
20/10/28 11:48:19 INFO Executor: Finished task 1.0 in stage 3.0 (TID 10). 1860 bytes result sent to driver
20/10/28 11:48:19 INFO Executor: Finished task 0.0 in stage 3.0 (TID 9). 1860 bytes result sent to driver
20/10/28 11:48:19 INFO CoarseGrainedExecutorBackend: Got assigned task 13
20/10/28 11:48:19 INFO CoarseGrainedExecutorBackend: Got assigned task 14
20/10/28 11:48:19 INFO Executor: Running task 1.0 in stage 4.0 (TID 14)
20/10/28 11:48:19 INFO Executor: Running task 0.0 in stage 4.0 (TID 13)
20/10/28 11:48:19 INFO CoarseGrainedExecutorBackend: Got assigned task 15
20/10/28 11:48:19 INFO Executor: Running task 2.0 in stage 4.0 (TID 15)
20/10/28 11:48:19 INFO CoarseGrainedExecutorBackend: Got assigned task 16
20/10/28 11:48:19 INFO Executor: Running task 3.0 in stage 4.0 (TID 16)
20/10/28 11:48:19 INFO TorrentBroadcast: Started reading broadcast variable 9
20/10/28 11:48:20 INFO MemoryStore: Block broadcast_9_piece0 stored as bytes in memory (estimated size 15.1 KB, free 2.5 GB)
20/10/28 11:48:20 INFO TorrentBroadcast: Reading broadcast variable 9 took 23 ms
20/10/28 11:48:20 INFO MemoryStore: Block broadcast_9 stored as values in memory (estimated size 33.2 KB, free 2.5 GB)
20/10/28 11:48:20 INFO CodeGenerator: Code generated in 45.183679 ms
20/10/28 11:48:20 INFO FileScanRDD: Reading File path: s3://spectral-regression-spark-bucket/spectral_data_class.csv, range: 0-80801163, partition values: [empty row]
20/10/28 11:48:20 INFO FileScanRDD: Reading File path: s3://spectral-regression-spark-bucket/spectral_data_class.csv, range: 161602326-242403489, partition values: [empty row]
20/10/28 11:48:20 INFO FileScanRDD: Reading File path: s3://spectral-regression-spark-bucket/spectral_data_class.csv, range: 80801163-161602326, partition values: [empty row]
20/10/28 11:48:20 INFO TorrentBroadcast: Started reading broadcast variable 8
20/10/28 11:48:20 INFO FileScanRDD: Reading File path: s3://spectral-regression-spark-bucket/spectral_data_class.csv, range: 242403489-319010350, partition values: [empty row]
20/10/28 11:48:20 INFO MemoryStore: Block broadcast_8_piece0 stored as bytes in memory (estimated size 36.8 KB, free 2.5 GB)
20/10/28 11:48:20 INFO TorrentBroadcast: Reading broadcast variable 8 took 21 ms
20/10/28 11:48:20 INFO MemoryStore: Block broadcast_8 stored as values in memory (estimated size 576.5 KB, free 2.5 GB)
20/10/28 11:48:20 INFO S3NativeFileSystem: Opening 's3://spectral-regression-spark-bucket/spectral_data_class.csv' for reading
20/10/28 11:48:20 INFO S3NativeFileSystem: Opening 's3://spectral-regression-spark-bucket/spectral_data_class.csv' for reading
20/10/28 11:48:20 INFO S3NativeFileSystem: Opening 's3://spectral-regression-spark-bucket/spectral_data_class.csv' for reading
20/10/28 11:48:20 INFO S3NativeFileSystem: Opening 's3://spectral-regression-spark-bucket/spectral_data_class.csv' for reading
20/10/28 11:48:42 INFO Executor: Finished task 3.0 in stage 4.0 (TID 16). 2589 bytes result sent to driver
20/10/28 11:48:42 INFO Executor: Finished task 2.0 in stage 4.0 (TID 15). 2589 bytes result sent to driver
20/10/28 11:48:42 INFO Executor: Finished task 1.0 in stage 4.0 (TID 14). 2546 bytes result sent to driver
20/10/28 11:48:43 INFO Executor: Finished task 0.0 in stage 4.0 (TID 13). 2546 bytes result sent to driver
20/10/28 11:48:43 INFO CoarseGrainedExecutorBackend: Got assigned task 17
20/10/28 11:48:43 INFO Executor: Running task 0.0 in stage 5.0 (TID 17)
20/10/28 11:48:43 INFO MapOutputTrackerWorker: Updating epoch to 1 and clearing cache
20/10/28 11:48:43 INFO TorrentBroadcast: Started reading broadcast variable 10
20/10/28 11:48:43 INFO MemoryStore: Block broadcast_10_piece0 stored as bytes in memory (estimated size 3.8 KB, free 2.5 GB)
20/10/28 11:48:43 INFO TorrentBroadcast: Reading broadcast variable 10 took 9 ms
20/10/28 11:48:43 INFO MemoryStore: Block broadcast_10 stored as values in memory (estimated size 7.1 KB, free 2.5 GB)
20/10/28 11:48:43 INFO MapOutputTrackerWorker: Don't have map outputs for shuffle 0, fetching them
20/10/28 11:48:43 INFO MapOutputTrackerWorker: Doing the fetch; tracker endpoint = NettyRpcEndpointRef(spark://MapOutputTracker@ip-10-0-53-17.ec2.internal:46171)
20/10/28 11:48:43 INFO MapOutputTrackerWorker: Got the output locations
20/10/28 11:48:43 INFO ShuffleBlockFetcherIterator: Getting 4 non-empty blocks including 4 local blocks and 0 remote blocks
20/10/28 11:48:43 INFO ShuffleBlockFetcherIterator: Started 0 remote fetches in 9 ms
20/10/28 11:48:43 INFO CodeGenerator: Code generated in 15.534603 ms
20/10/28 11:48:43 INFO Executor: Finished task 0.0 in stage 5.0 (TID 17). 1782 bytes result sent to driver
20/10/28 11:48:44 INFO CoarseGrainedExecutorBackend: Got assigned task 18
20/10/28 11:48:44 INFO CoarseGrainedExecutorBackend: Got assigned task 19
20/10/28 11:48:44 INFO Executor: Running task 0.0 in stage 6.0 (TID 18)
20/10/28 11:48:44 INFO Executor: Running task 1.0 in stage 6.0 (TID 19)
20/10/28 11:48:44 INFO TorrentBroadcast: Started reading broadcast variable 12
20/10/28 11:48:44 INFO CoarseGrainedExecutorBackend: Got assigned task 20
20/10/28 11:48:44 INFO Executor: Running task 2.0 in stage 6.0 (TID 20)
20/10/28 11:48:44 INFO CoarseGrainedExecutorBackend: Got assigned task 21
20/10/28 11:48:44 INFO Executor: Running task 3.0 in stage 6.0 (TID 21)
20/10/28 11:48:44 INFO MemoryStore: Block broadcast_12_piece0 stored as bytes in memory (estimated size 17.6 KB, free 2.5 GB)
20/10/28 11:48:44 INFO TorrentBroadcast: Reading broadcast variable 12 took 13 ms
20/10/28 11:48:44 INFO MemoryStore: Block broadcast_12 stored as values in memory (estimated size 38.9 KB, free 2.5 GB)
20/10/28 11:48:44 INFO CodeGenerator: Code generated in 67.401794 ms
20/10/28 11:48:44 INFO FileScanRDD: Reading File path: s3://spectral-regression-spark-bucket/spectral_data_class.csv, range: 242403489-319010350, partition values: [empty row]
20/10/28 11:48:44 INFO TorrentBroadcast: Started reading broadcast variable 11
20/10/28 11:48:44 INFO FileScanRDD: Reading File path: s3://spectral-regression-spark-bucket/spectral_data_class.csv, range: 0-80801163, partition values: [empty row]
20/10/28 11:48:44 INFO FileScanRDD: Reading File path: s3://spectral-regression-spark-bucket/spectral_data_class.csv, range: 80801163-161602326, partition values: [empty row]
20/10/28 11:48:44 INFO MemoryStore: Block broadcast_11_piece0 stored as bytes in memory (estimated size 36.8 KB, free 2.5 GB)
20/10/28 11:48:44 INFO TorrentBroadcast: Reading broadcast variable 11 took 18 ms
20/10/28 11:48:44 INFO FileScanRDD: Reading File path: s3://spectral-regression-spark-bucket/spectral_data_class.csv, range: 161602326-242403489, partition values: [empty row]
20/10/28 11:48:44 INFO MemoryStore: Block broadcast_11 stored as values in memory (estimated size 576.5 KB, free 2.5 GB)
20/10/28 11:48:44 INFO S3NativeFileSystem: Opening 's3://spectral-regression-spark-bucket/spectral_data_class.csv' for reading
20/10/28 11:48:44 INFO S3NativeFileSystem: Opening 's3://spectral-regression-spark-bucket/spectral_data_class.csv' for reading
20/10/28 11:48:44 INFO S3NativeFileSystem: Opening 's3://spectral-regression-spark-bucket/spectral_data_class.csv' for reading
20/10/28 11:48:44 INFO S3NativeFileSystem: Opening 's3://spectral-regression-spark-bucket/spectral_data_class.csv' for reading
20/10/28 11:49:07 INFO Executor: Finished task 3.0 in stage 6.0 (TID 21). 2343 bytes result sent to driver
20/10/28 11:49:07 INFO Executor: Finished task 1.0 in stage 6.0 (TID 19). 2343 bytes result sent to driver
20/10/28 11:49:07 INFO Executor: Finished task 2.0 in stage 6.0 (TID 20). 2343 bytes result sent to driver
20/10/28 11:49:07 INFO Executor: Finished task 0.0 in stage 6.0 (TID 18). 2343 bytes result sent to driver
20/10/28 11:49:09 INFO CoarseGrainedExecutorBackend: Got assigned task 22
20/10/28 11:49:10 INFO Executor: Running task 0.0 in stage 7.0 (TID 22)
20/10/28 11:49:10 INFO TorrentBroadcast: Started reading broadcast variable 13
20/10/28 11:49:10 INFO MemoryStore: Block broadcast_13_piece0 stored as bytes in memory (estimated size 38.1 KB, free 2.5 GB)
20/10/28 11:49:10 INFO TorrentBroadcast: Reading broadcast variable 13 took 19 ms
20/10/28 11:49:10 INFO MemoryStore: Block broadcast_13 stored as values in memory (estimated size 127.6 KB, free 2.5 GB)
20/10/28 11:49:10 INFO HadoopMapRedCommitProtocol: Using output committer class org.apache.hadoop.mapred.DirectFileOutputCommitter
20/10/28 11:49:11 INFO FileOutputCommitter: File Output Committer Algorithm version is 1
20/10/28 11:49:11 INFO FileOutputCommitter: FileOutputCommitter skip cleanup _temporary folders under output directory:false, ignore cleanup failures: false
20/10/28 11:49:11 INFO DirectFileOutputCommitter: Direct Write: DISABLED
20/10/28 11:49:11 INFO PythonRunner: Times: total = 583, boot = 514, init = 69, finish = 0
20/10/28 11:49:13 INFO FileOutputCommitter: Saved output of task 'attempt_20201028114908_0039_m_000000_0' to s3a://spectral-regression-spark-bucket/results_2xm4large_linear_281020-114907/_temporary/0/task_20201028114908_0039_m_000000
20/10/28 11:49:13 INFO SparkHadoopMapRedUtil: attempt_20201028114908_0039_m_000000_0: Committed
20/10/28 11:49:13 INFO Executor: Finished task 0.0 in stage 7.0 (TID 22). 1766 bytes result sent to driver
20/10/28 11:49:15 INFO CoarseGrainedExecutorBackend: Driver commanded a shutdown
20/10/28 11:49:15 INFO MemoryStore: MemoryStore cleared
20/10/28 11:49:15 INFO BlockManager: BlockManager stopped
20/10/28 11:49:15 INFO ShutdownHookManager: Shutdown hook called
End of LogType:stderr

LogType:stdout
Log Upload Time:mer ott 28 11:49:16 +0000 2020
LogLength:635126
Log Contents:
2020-10-28T11:46:31.549+0000: [GC (Allocation Failure) 2020-10-28T11:46:31.549+0000: [ParNew: 34432K->3387K(38720K), 0.0068635 secs] 34432K->3387K(124736K), 0.0069354 secs] [Times: user=0.01 sys=0.00, real=0.00 secs] 
2020-10-28T11:46:31.895+0000: [GC (Allocation Failure) 2020-10-28T11:46:31.895+0000: [ParNew: 37819K->3463K(38720K), 0.0123192 secs] 37819K->4882K(124736K), 0.0123744 secs] [Times: user=0.02 sys=0.00, real=0.02 secs] 
2020-10-28T11:46:32.216+0000: [GC (Allocation Failure) 2020-10-28T11:46:32.216+0000: [ParNew: 37895K->2487K(38720K), 0.0056106 secs] 39314K->4866K(124736K), 0.0056769 secs] [Times: user=0.01 sys=0.01, real=0.01 secs] 
2020-10-28T11:46:32.391+0000: [GC (Allocation Failure) 2020-10-28T11:46:32.392+0000: [ParNew: 36919K->1957K(38720K), 0.0028899 secs] 39298K->4337K(124736K), 0.0029553 secs] [Times: user=0.00 sys=0.00, real=0.00 secs] 
2020-10-28T11:46:32.615+0000: [GC (Allocation Failure) 2020-10-28T11:46:32.615+0000: [ParNew: 36389K->2057K(38720K), 0.0032476 secs] 38769K->4436K(124736K), 0.0033021 secs] [Times: user=0.01 sys=0.00, real=0.01 secs] 
2020-10-28T11:46:32.935+0000: [GC (Allocation Failure) 2020-10-28T11:46:32.935+0000: [ParNew: 36489K->3242K(38720K), 0.0051052 secs] 38868K->5622K(124736K), 0.0051546 secs] [Times: user=0.00 sys=0.00, real=0.01 secs] 
2020-10-28T11:46:33.178+0000: [GC (Allocation Failure) 2020-10-28T11:46:33.178+0000: [ParNew: 37674K->2435K(38720K), 0.0057625 secs] 40054K->5421K(124736K), 0.0058088 secs] [Times: user=0.01 sys=0.00, real=0.00 secs] 
2020-10-28T11:46:33.386+0000: [GC (Allocation Failure) 2020-10-28T11:46:33.386+0000: [ParNew: 36867K->2798K(38720K), 0.0039488 secs] 39853K->5783K(124736K), 0.0040160 secs] [Times: user=0.01 sys=0.00, real=0.00 secs] 
2020-10-28T11:46:33.533+0000: [GC (Allocation Failure) 2020-10-28T11:46:33.533+0000: [ParNew: 37230K->2873K(38720K), 0.0047453 secs] 40215K->6038K(124736K), 0.0048175 secs] [Times: user=0.01 sys=0.00, real=0.01 secs] 
2020-10-28T11:46:33.738+0000: [GC (Allocation Failure) 2020-10-28T11:46:33.738+0000: [ParNew: 37305K->3491K(38720K), 0.0056035 secs] 40470K->6871K(124736K), 0.0056581 secs] [Times: user=0.01 sys=0.00, real=0.00 secs] 
2020-10-28T11:46:33.921+0000: [GC (Allocation Failure) 2020-10-28T11:46:33.921+0000: [ParNew: 37923K->2137K(38720K), 0.0155469 secs] 41303K->22810K(124736K), 0.0156047 secs] [Times: user=0.02 sys=0.00, real=0.01 secs] 
2020-10-28T11:46:33.937+0000: [GC (CMS Initial Mark) [1 CMS-initial-mark: 20672K(86016K)] 23162K(124736K), 0.0013504 secs] [Times: user=0.01 sys=0.00, real=0.01 secs] 
2020-10-28T11:46:33.938+0000: [CMS-concurrent-mark-start]
2020-10-28T11:46:33.997+0000: [CMS-concurrent-mark: 0.059/0.059 secs] [Times: user=0.08 sys=0.01, real=0.05 secs] 
2020-10-28T11:46:33.998+0000: [CMS-concurrent-preclean-start]
2020-10-28T11:46:33.999+0000: [CMS-concurrent-preclean: 0.001/0.001 secs] [Times: user=0.00 sys=0.00, real=0.01 secs] 
2020-10-28T11:46:33.999+0000: [CMS-concurrent-abortable-preclean-start]
2020-10-28T11:46:34.146+0000: [GC (Allocation Failure) 2020-10-28T11:46:34.146+0000: [ParNew: 30216K->2381K(38720K), 0.0036060 secs] 50889K->23053K(124736K), 0.0036536 secs] [Times: user=0.01 sys=0.00, real=0.00 secs] 
2020-10-28T11:46:34.249+0000: [CMS-concurrent-abortable-preclean: 0.078/0.251 secs] [Times: user=0.44 sys=0.01, real=0.25 secs] 
2020-10-28T11:46:34.250+0000: [GC (CMS Final Remark) [YG occupancy: 33072 K (38720 K)]2020-10-28T11:46:34.250+0000: [Rescan (parallel) , 0.0032558 secs]2020-10-28T11:46:34.253+0000: [weak refs processing, 0.0000431 secs]2020-10-28T11:46:34.253+0000: [class unloading, 0.0026807 secs]2020-10-28T11:46:34.256+0000: [scrub symbol table, 0.0026841 secs]2020-10-28T11:46:34.258+0000: [scrub string table, 0.0002798 secs][1 CMS-remark: 20672K(86016K)] 53744K(124736K), 0.0090579 secs] [Times: user=0.01 sys=0.00, real=0.01 secs] 
2020-10-28T11:46:34.259+0000: [CMS-concurrent-sweep-start]
2020-10-28T11:46:34.261+0000: [CMS-concurrent-sweep: 0.002/0.002 secs] [Times: user=0.00 sys=0.00, real=0.00 secs] 
2020-10-28T11:46:34.261+0000: [CMS-concurrent-reset-start]
2020-10-28T11:46:34.343+0000: [GC (Allocation Failure) 2020-10-28T11:46:34.343+0000: [ParNew: 36813K->2674K(38720K), 0.0136341 secs] 57462K->39708K(124736K), 0.0136878 secs] [Times: user=0.01 sys=0.02, real=0.01 secs] 
2020-10-28T11:46:34.499+0000: [CMS-concurrent-reset: 0.223/0.238 secs] [Times: user=0.32 sys=0.16, real=0.24 secs] 
2020-10-28T11:46:34.585+0000: [GC (Allocation Failure) 2020-10-28T11:46:34.585+0000: [ParNew: 37106K->4000K(38720K), 0.0047401 secs] 74140K->41189K(124736K), 0.0047982 secs] [Times: user=0.01 sys=0.00, real=0.01 secs] 
2020-10-28T11:46:34.706+0000: [GC (Allocation Failure) 2020-10-28T11:46:34.706+0000: [ParNew: 38432K->2780K(38720K), 0.0061348 secs] 75621K->40593K(124736K), 0.0062032 secs] [Times: user=0.02 sys=0.00, real=0.00 secs] 
2020-10-28T11:46:35.026+0000: [GC (Allocation Failure) 2020-10-28T11:46:35.026+0000: [ParNew: 37212K->3091K(38720K), 0.0121658 secs] 75025K->41565K(124736K), 0.0122369 secs] [Times: user=0.02 sys=0.00, real=0.01 secs] 
2020-10-28T11:46:35.347+0000: [GC (Allocation Failure) 2020-10-28T11:46:35.347+0000: [ParNew: 37523K->2097K(38720K), 0.0292375 secs] 75997K->58870K(124736K), 0.0293072 secs] [Times: user=0.06 sys=0.01, real=0.02 secs] 
2020-10-28T11:46:35.381+0000: [GC (CMS Initial Mark) [1 CMS-initial-mark: 56773K(86016K)] 60252K(124736K), 0.0014980 secs] [Times: user=0.00 sys=0.00, real=0.00 secs] 
2020-10-28T11:46:35.383+0000: [CMS-concurrent-mark-start]
2020-10-28T11:46:35.432+0000: [CMS-concurrent-mark: 0.049/0.049 secs] [Times: user=0.09 sys=0.00, real=0.05 secs] 
2020-10-28T11:46:35.442+0000: [CMS-concurrent-preclean-start]
2020-10-28T11:46:35.443+0000: [CMS-concurrent-preclean: 0.001/0.001 secs] [Times: user=0.00 sys=0.00, real=0.00 secs] 
2020-10-28T11:46:35.443+0000: [CMS-concurrent-abortable-preclean-start]
2020-10-28T11:46:35.579+0000: [CMS-concurrent-abortable-preclean: 0.014/0.136 secs] [Times: user=0.25 sys=0.00, real=0.14 secs] 
2020-10-28T11:46:35.579+0000: [GC (CMS Final Remark) [YG occupancy: 25094 K (38720 K)]2020-10-28T11:46:35.579+0000: [Rescan (parallel) , 0.0059254 secs]2020-10-28T11:46:35.585+0000: [weak refs processing, 0.0000461 secs]2020-10-28T11:46:35.585+0000: [class unloading, 0.0039734 secs]2020-10-28T11:46:35.589+0000: [scrub symbol table, 0.0037317 secs]2020-10-28T11:46:35.593+0000: [scrub string table, 0.0003450 secs][1 CMS-remark: 56773K(86016K)] 81868K(124736K), 0.0141356 secs] [Times: user=0.03 sys=0.00, real=0.01 secs] 
2020-10-28T11:46:35.593+0000: [CMS-concurrent-sweep-start]
2020-10-28T11:46:35.597+0000: [CMS-concurrent-sweep: 0.004/0.004 secs] [Times: user=0.00 sys=0.00, real=0.00 secs] 
2020-10-28T11:46:35.598+0000: [CMS-concurrent-reset-start]
2020-10-28T11:46:35.611+0000: [CMS-concurrent-reset: 0.013/0.014 secs] [Times: user=0.03 sys=0.00, real=0.02 secs] 
2020-10-28T11:46:35.637+0000: [GC (Allocation Failure) 2020-10-28T11:46:35.637+0000: [ParNew: 29602K->1714K(38720K), 0.0029241 secs] 86239K->58350K(133116K), 0.0029849 secs] [Times: user=0.01 sys=0.00, real=0.01 secs] 
2020-10-28T11:46:35.841+0000: [GC (Allocation Failure) 2020-10-28T11:46:35.841+0000: [ParNew: 36146K->1693K(38720K), 0.0148404 secs] 92782K->74714K(133116K), 0.0149023 secs] [Times: user=0.01 sys=0.01, real=0.01 secs] 
2020-10-28T11:46:35.862+0000: [GC (CMS Initial Mark) [1 CMS-initial-mark: 73020K(94396K)] 75665K(133116K), 0.0014840 secs] [Times: user=0.00 sys=0.00, real=0.00 secs] 
2020-10-28T11:46:35.864+0000: [CMS-concurrent-mark-start]
2020-10-28T11:46:35.941+0000: [CMS-concurrent-mark: 0.078/0.078 secs] [Times: user=0.16 sys=0.00, real=0.08 secs] 
2020-10-28T11:46:35.941+0000: [CMS-concurrent-preclean-start]
2020-10-28T11:46:35.943+0000: [CMS-concurrent-preclean: 0.001/0.001 secs] [Times: user=0.00 sys=0.00, real=0.00 secs] 
2020-10-28T11:46:35.943+0000: [CMS-concurrent-abortable-preclean-start]
2020-10-28T11:46:36.170+0000: [GC (Allocation Failure) 2020-10-28T11:46:36.170+0000: [ParNew: 36125K->3335K(38720K), 0.0080935 secs] 109146K->76356K(133116K), 0.0081720 secs] [Times: user=0.01 sys=0.01, real=0.01 secs] 
2020-10-28T11:46:36.334+0000: [CMS-concurrent-abortable-preclean: 0.149/0.391 secs] [Times: user=0.75 sys=0.02, real=0.39 secs] 
2020-10-28T11:46:36.336+0000: [GC (CMS Final Remark) [YG occupancy: 24016 K (38720 K)]2020-10-28T11:46:36.336+0000: [Rescan (parallel) , 0.0112481 secs]2020-10-28T11:46:36.347+0000: [weak refs processing, 0.0000439 secs]2020-10-28T11:46:36.347+0000: [class unloading, 0.0050979 secs]2020-10-28T11:46:36.352+0000: [scrub symbol table, 0.0052776 secs]2020-10-28T11:46:36.357+0000: [scrub string table, 0.0005907 secs][1 CMS-remark: 73020K(94396K)] 97037K(133116K), 0.0224337 secs] [Times: user=0.04 sys=0.00, real=0.03 secs] 
2020-10-28T11:46:36.358+0000: [CMS-concurrent-sweep-start]
2020-10-28T11:46:36.363+0000: [CMS-concurrent-sweep: 0.005/0.005 secs] [Times: user=0.01 sys=0.00, real=0.00 secs] 
2020-10-28T11:46:36.363+0000: [CMS-concurrent-reset-start]
2020-10-28T11:46:36.375+0000: [CMS-concurrent-reset: 0.011/0.011 secs] [Times: user=0.03 sys=0.00, real=0.01 secs] 
2020-10-28T11:46:36.538+0000: [GC (Allocation Failure) 2020-10-28T11:46:36.538+0000: [ParNew: 37767K->2911K(38720K), 0.0087269 secs] 110770K->76565K(160396K), 0.0087970 secs] [Times: user=0.01 sys=0.00, real=0.01 secs] 
2020-10-28T11:46:36.835+0000: [GC (Allocation Failure) 2020-10-28T11:46:36.835+0000: [ParNew: 37343K->2678K(38720K), 0.0113822 secs] 110997K->77169K(160396K), 0.0114410 secs] [Times: user=0.02 sys=0.00, real=0.02 secs] 
2020-10-28T11:46:37.138+0000: [GC (Allocation Failure) 2020-10-28T11:46:37.138+0000: [ParNew: 37110K->3069K(38720K), 0.0073740 secs] 111601K->78456K(160396K), 0.0074263 secs] [Times: user=0.01 sys=0.00, real=0.01 secs] 
2020-10-28T11:46:37.366+0000: [GC (Allocation Failure) 2020-10-28T11:46:37.366+0000: [ParNew: 37501K->2021K(38720K), 0.0036447 secs] 112888K->77408K(160396K), 0.0036968 secs] [Times: user=0.01 sys=0.00, real=0.00 secs] 
2020-10-28T11:46:37.747+0000: [GC (Allocation Failure) 2020-10-28T11:46:37.747+0000: [ParNew: 36453K->2921K(38720K), 0.0108391 secs] 111840K->78307K(160396K), 0.0108920 secs] [Times: user=0.02 sys=0.00, real=0.01 secs] 
2020-10-28T11:46:37.983+0000: [GC (Allocation Failure) 2020-10-28T11:46:37.983+0000: [ParNew: 37353K->3980K(38720K), 0.0132358 secs] 112739K->79725K(160396K), 0.0133144 secs] [Times: user=0.02 sys=0.00, real=0.01 secs] 
2020-10-28T11:46:38.156+0000: [GC (Allocation Failure) 2020-10-28T11:46:38.156+0000: [ParNew: 38412K->2856K(38720K), 0.0077629 secs] 114157K->80073K(160396K), 0.0078208 secs] [Times: user=0.01 sys=0.00, real=0.01 secs] 
2020-10-28T11:46:38.340+0000: [GC (Allocation Failure) 2020-10-28T11:46:38.340+0000: [ParNew: 37288K->2134K(38720K), 0.0046494 secs] 114505K->79350K(160396K), 0.0047081 secs] [Times: user=0.01 sys=0.00, real=0.00 secs] 
2020-10-28T11:46:38.519+0000: [GC (Allocation Failure) 2020-10-28T11:46:38.519+0000: [ParNew: 36566K->3402K(38720K), 0.0046054 secs] 113782K->80619K(160396K), 0.0046787 secs] [Times: user=0.01 sys=0.00, real=0.00 secs] 
2020-10-28T11:46:38.738+0000: [GC (Allocation Failure) 2020-10-28T11:46:38.738+0000: [ParNew: 37834K->3120K(38720K), 0.0059466 secs] 115051K->80860K(160396K), 0.0060060 secs] [Times: user=0.01 sys=0.01, real=0.01 secs] 
2020-10-28T11:46:38.934+0000: [GC (Allocation Failure) 2020-10-28T11:46:38.935+0000: [ParNew: 37552K->3285K(38720K), 0.0057549 secs] 115292K->81645K(160396K), 0.0058319 secs] [Times: user=0.01 sys=0.00, real=0.01 secs] 
2020-10-28T11:46:39.355+0000: [GC (Allocation Failure) 2020-10-28T11:46:39.355+0000: [ParNew: 37717K->3723K(38720K), 0.0193790 secs] 116077K->82805K(160396K), 0.0194332 secs] [Times: user=0.04 sys=0.00, real=0.02 secs] 
2020-10-28T11:46:39.611+0000: [GC (Allocation Failure) 2020-10-28T11:46:39.611+0000: [ParNew: 38155K->2846K(38720K), 0.0127340 secs] 117237K->84217K(160396K), 0.0128066 secs] [Times: user=0.02 sys=0.00, real=0.01 secs] 
2020-10-28T11:46:39.794+0000: [GC (Allocation Failure) 2020-10-28T11:46:39.794+0000: [ParNew: 37278K->2866K(38720K), 0.0040568 secs] 118649K->84237K(160396K), 0.0041143 secs] [Times: user=0.01 sys=0.00, real=0.01 secs] 
2020-10-28T11:46:39.962+0000: [GC (Allocation Failure) 2020-10-28T11:46:39.962+0000: [ParNew: 37298K->1931K(38720K), 0.0127029 secs] 118669K->84312K(160396K), 0.0127749 secs] [Times: user=0.03 sys=0.00, real=0.01 secs] 
2020-10-28T11:46:40.138+0000: [GC (Allocation Failure) 2020-10-28T11:46:40.138+0000: [ParNew: 36363K->1913K(38720K), 0.0037905 secs] 118744K->84294K(160396K), 0.0038507 secs] [Times: user=0.01 sys=0.00, real=0.00 secs] 
2020-10-28T11:46:40.700+0000: [GC (Allocation Failure) 2020-10-28T11:46:40.700+0000: [ParNew: 36345K->3238K(38720K), 0.0073487 secs] 118726K->85620K(160396K), 0.0074079 secs] [Times: user=0.02 sys=0.00, real=0.01 secs] 
2020-10-28T11:46:40.708+0000: [GC (CMS Initial Mark) [1 CMS-initial-mark: 82381K(121676K)] 85620K(160396K), 0.0022224 secs] [Times: user=0.00 sys=0.00, real=0.00 secs] 
2020-10-28T11:46:40.710+0000: [CMS-concurrent-mark-start]
2020-10-28T11:46:40.840+0000: [CMS-concurrent-mark: 0.120/0.130 secs] [Times: user=0.26 sys=0.00, real=0.13 secs] 
2020-10-28T11:46:40.841+0000: [CMS-concurrent-preclean-start]
2020-10-28T11:46:40.842+0000: [CMS-concurrent-preclean: 0.002/0.002 secs] [Times: user=0.00 sys=0.00, real=0.00 secs] 
2020-10-28T11:46:40.843+0000: [CMS-concurrent-abortable-preclean-start]
2020-10-28T11:46:41.087+0000: [GC (Allocation Failure) 2020-10-28T11:46:41.087+0000: [ParNew: 28989K->2186K(38720K), 0.0227836 secs] 111370K->86303K(160396K), 0.0228956 secs] [Times: user=0.02 sys=0.00, real=0.02 secs] 
2020-10-28T11:46:41.124+0000: [CMS-concurrent-abortable-preclean: 0.086/0.281 secs] [Times: user=0.36 sys=0.01, real=0.28 secs] 
2020-10-28T11:46:41.129+0000: [GC (CMS Final Remark) [YG occupancy: 35786 K (38720 K)]2020-10-28T11:46:41.129+0000: [Rescan (parallel) , 0.0012407 secs]2020-10-28T11:46:41.130+0000: [weak refs processing, 0.0000718 secs]2020-10-28T11:46:41.130+0000: [class unloading, 0.0062261 secs]2020-10-28T11:46:41.137+0000: [scrub symbol table, 0.0079569 secs]2020-10-28T11:46:41.145+0000: [scrub string table, 0.0005939 secs][1 CMS-remark: 84116K(121676K)] 119903K(160396K), 0.0162083 secs] [Times: user=0.02 sys=0.00, real=0.01 secs] 
2020-10-28T11:46:41.146+0000: [CMS-concurrent-sweep-start]
2020-10-28T11:46:41.157+0000: [CMS-concurrent-sweep: 0.011/0.012 secs] [Times: user=0.02 sys=0.00, real=0.01 secs] 
2020-10-28T11:46:41.158+0000: [CMS-concurrent-reset-start]
2020-10-28T11:46:41.169+0000: [CMS-concurrent-reset: 0.011/0.011 secs] [Times: user=0.02 sys=0.00, real=0.02 secs] 
2020-10-28T11:46:41.256+0000: [GC (Allocation Failure) 2020-10-28T11:46:41.256+0000: [ParNew: 36618K->649K(38720K), 0.0269296 secs] 120283K->117082K(178164K), 0.0269917 secs] [Times: user=0.04 sys=0.01, real=0.03 secs] 
2020-10-28T11:46:41.290+0000: [GC (CMS Initial Mark) [1 CMS-initial-mark: 116433K(139444K)] 117769K(178164K), 0.0017977 secs] [Times: user=0.01 sys=0.00, real=0.00 secs] 
2020-10-28T11:46:41.292+0000: [CMS-concurrent-mark-start]
2020-10-28T11:46:41.431+0000: [CMS-concurrent-mark: 0.139/0.139 secs] [Times: user=0.27 sys=0.00, real=0.14 secs] 
2020-10-28T11:46:41.431+0000: [CMS-concurrent-preclean-start]
2020-10-28T11:46:41.432+0000: [CMS-concurrent-preclean: 0.001/0.001 secs] [Times: user=0.00 sys=0.00, real=0.00 secs] 
2020-10-28T11:46:41.432+0000: [CMS-concurrent-abortable-preclean-start]
2020-10-28T11:46:41.830+0000: [GC (Allocation Failure) 2020-10-28T11:46:41.830+0000: [ParNew: 35081K->974K(38720K), 0.0026560 secs] 151514K->117407K(178164K), 0.0027484 secs] [Times: user=0.00 sys=0.00, real=0.00 secs] 
2020-10-28T11:46:41.833+0000: [CMS-concurrent-abortable-preclean: 0.020/0.401 secs] [Times: user=0.78 sys=0.01, real=0.40 secs] 
2020-10-28T11:46:41.833+0000: [GC (CMS Final Remark) [YG occupancy: 974 K (38720 K)]2020-10-28T11:46:41.833+0000: [Rescan (parallel) , 0.0013677 secs]2020-10-28T11:46:41.834+0000: [weak refs processing, 0.0000387 secs]2020-10-28T11:46:41.834+0000: [class unloading, 0.0094379 secs]2020-10-28T11:46:41.844+0000: [scrub symbol table, 0.0080846 secs]2020-10-28T11:46:41.852+0000: [scrub string table, 0.0004840 secs][1 CMS-remark: 116433K(139444K)] 117407K(178164K), 0.0195505 secs] [Times: user=0.03 sys=0.00, real=0.02 secs] 
2020-10-28T11:46:41.853+0000: [CMS-concurrent-sweep-start]
2020-10-28T11:46:41.875+0000: [CMS-concurrent-sweep: 0.022/0.022 secs] [Times: user=0.03 sys=0.00, real=0.02 secs] 
2020-10-28T11:46:41.875+0000: [CMS-concurrent-reset-start]
2020-10-28T11:46:41.887+0000: [CMS-concurrent-reset: 0.012/0.012 secs] [Times: user=0.02 sys=0.00, real=0.02 secs] 
2020-10-28T11:46:42.103+0000: [GC (Allocation Failure) 2020-10-28T11:46:42.103+0000: [ParNew: 35406K->1593K(38720K), 0.0029444 secs] 151724K->117911K(232584K), 0.0030297 secs] [Times: user=0.01 sys=0.00, real=0.01 secs] 
2020-10-28T11:46:42.310+0000: [GC (Allocation Failure) 2020-10-28T11:46:42.310+0000: [ParNew: 36025K->2537K(38720K), 0.0028969 secs] 152343K->118856K(232584K), 0.0029794 secs] [Times: user=0.01 sys=0.00, real=0.00 secs] 
2020-10-28T11:46:42.445+0000: [GC (Allocation Failure) 2020-10-28T11:46:42.445+0000: [ParNew: 36969K->2353K(38720K), 0.0045040 secs] 153288K->121102K(232584K), 0.0045654 secs] [Times: user=0.00 sys=0.01, real=0.01 secs] 
2020-10-28T11:46:42.534+0000: [GC (Allocation Failure) 2020-10-28T11:46:42.534+0000: [ParNew: 36785K->80K(38720K), 0.0019663 secs] 155534K->118829K(232584K), 0.0020287 secs] [Times: user=0.00 sys=0.00, real=0.00 secs] 
2020-10-28T11:46:42.603+0000: [GC (Allocation Failure) 2020-10-28T11:46:42.603+0000: [ParNew: 34512K->39K(38720K), 0.0020313 secs] 153261K->118791K(232584K), 0.0020924 secs] [Times: user=0.00 sys=0.00, real=0.00 secs] 
2020-10-28T11:46:42.661+0000: [GC (Allocation Failure) 2020-10-28T11:46:42.661+0000: [ParNew: 34471K->30K(38720K), 0.0019294 secs] 153223K->118788K(232584K), 0.0019927 secs] [Times: user=0.00 sys=0.00, real=0.00 secs] 
2020-10-28T11:46:42.708+0000: [GC (Allocation Failure) 2020-10-28T11:46:42.708+0000: [ParNew: 34462K->4116K(38720K), 0.0049553 secs] 153220K->126974K(232584K), 0.0050161 secs] [Times: user=0.01 sys=0.00, real=0.00 secs] 
2020-10-28T11:46:42.765+0000: [GC (Allocation Failure) 2020-10-28T11:46:42.765+0000: [ParNew: 38548K->12K(38720K), 0.0017612 secs] 161406K->122882K(232584K), 0.0018191 secs] [Times: user=0.00 sys=0.00, real=0.01 secs] 
2020-10-28T11:46:42.851+0000: [GC (Allocation Failure) 2020-10-28T11:46:42.851+0000: [ParNew: 34444K->4K(38720K), 0.0016338 secs] 157314K->122874K(232584K), 0.0017191 secs] [Times: user=0.00 sys=0.00, real=0.00 secs] 
2020-10-28T11:46:42.914+0000: [GC (Allocation Failure) 2020-10-28T11:46:42.914+0000: [ParNew: 34436K->4K(38720K), 0.0016418 secs] 157306K->122874K(232584K), 0.0017017 secs] [Times: user=0.01 sys=0.00, real=0.00 secs] 
2020-10-28T11:46:42.960+0000: [GC (Allocation Failure) 2020-10-28T11:46:42.960+0000: [ParNew: 34436K->4K(38720K), 0.0016499 secs] 157306K->122874K(232584K), 0.0017114 secs] [Times: user=0.01 sys=0.00, real=0.00 secs] 
2020-10-28T11:46:43.007+0000: [GC (Allocation Failure) 2020-10-28T11:46:43.007+0000: [ParNew: 34436K->4K(38720K), 0.0016041 secs] 157306K->122874K(232584K), 0.0016622 secs] [Times: user=0.01 sys=0.00, real=0.00 secs] 
2020-10-28T11:46:43.056+0000: [GC (Allocation Failure) 2020-10-28T11:46:43.056+0000: [ParNew: 34436K->4K(38720K), 0.0016353 secs] 157306K->122874K(232584K), 0.0016914 secs] [Times: user=0.00 sys=0.00, real=0.01 secs] 
2020-10-28T11:46:43.103+0000: [GC (Allocation Failure) 2020-10-28T11:46:43.103+0000: [ParNew: 34436K->4K(38720K), 0.0015868 secs] 157306K->122874K(232584K), 0.0016438 secs] [Times: user=0.00 sys=0.00, real=0.00 secs] 
2020-10-28T11:46:43.153+0000: [GC (Allocation Failure) 2020-10-28T11:46:43.153+0000: [ParNew: 34436K->4K(38720K), 0.0070249 secs] 157306K->131066K(232584K), 0.0070844 secs] [Times: user=0.01 sys=0.00, real=0.01 secs] 
2020-10-28T11:46:43.161+0000: [GC (CMS Initial Mark) [1 CMS-initial-mark: 131062K(193864K)] 131755K(232584K), 0.0012663 secs] [Times: user=0.00 sys=0.00, real=0.00 secs] 
2020-10-28T11:46:43.163+0000: [CMS-concurrent-mark-start]
2020-10-28T11:46:43.224+0000: [CMS-concurrent-mark: 0.061/0.061 secs] [Times: user=0.12 sys=0.00, real=0.06 secs] 
2020-10-28T11:46:43.224+0000: [CMS-concurrent-preclean-start]
2020-10-28T11:46:43.226+0000: [CMS-concurrent-preclean: 0.002/0.002 secs] [Times: user=0.00 sys=0.01, real=0.01 secs] 
2020-10-28T11:46:43.226+0000: [CMS-concurrent-abortable-preclean-start]
2020-10-28T11:46:43.234+0000: [GC (Allocation Failure) 2020-10-28T11:46:43.234+0000: [ParNew: 34436K->8K(38720K), 0.0013085 secs] 165498K->131070K(232584K), 0.0013532 secs] [Times: user=0.00 sys=0.00, real=0.00 secs] 
2020-10-28T11:46:43.282+0000: [GC (Allocation Failure) 2020-10-28T11:46:43.282+0000: [ParNew: 34440K->8K(38720K), 0.0015976 secs] 165502K->131070K(232584K), 0.0016583 secs] [Times: user=0.01 sys=0.00, real=0.00 secs] 
2020-10-28T11:46:43.327+0000: [GC (Allocation Failure) 2020-10-28T11:46:43.327+0000: [ParNew: 34440K->11K(38720K), 0.0015617 secs] 165502K->131073K(232584K), 0.0016211 secs] [Times: user=0.00 sys=0.00, real=0.00 secs] 
2020-10-28T11:46:43.374+0000: [GC (Allocation Failure) 2020-10-28T11:46:43.374+0000: [ParNew: 34443K->8K(38720K), 0.0015507 secs] 165505K->131070K(232584K), 0.0016147 secs] [Times: user=0.01 sys=0.00, real=0.00 secs] 
2020-10-28T11:46:43.421+0000: [GC (Allocation Failure) 2020-10-28T11:46:43.421+0000: [ParNew: 34440K->8K(38720K), 0.0015341 secs] 165502K->131071K(232584K), 0.0015914 secs] [Times: user=0.01 sys=0.00, real=0.00 secs] 
2020-10-28T11:46:43.470+0000: [GC (Allocation Failure) 2020-10-28T11:46:43.470+0000: [ParNew: 34440K->8K(38720K), 0.0014901 secs] 165503K->131071K(232584K), 0.0015481 secs] [Times: user=0.01 sys=0.00, real=0.00 secs] 
2020-10-28T11:46:43.518+0000: [GC (Allocation Failure) 2020-10-28T11:46:43.518+0000: [ParNew: 34440K->5K(38720K), 0.0014623 secs] 165503K->131072K(232584K), 0.0015189 secs] [Times: user=0.00 sys=0.00, real=0.00 secs] 
2020-10-28T11:46:43.564+0000: [GC (Allocation Failure) 2020-10-28T11:46:43.564+0000: [ParNew: 34437K->4K(38720K), 0.0015112 secs] 165504K->131071K(232584K), 0.0015780 secs] [Times: user=0.00 sys=0.00, real=0.01 secs] 
2020-10-28T11:46:43.612+0000: [GC (Allocation Failure) 2020-10-28T11:46:43.612+0000: [ParNew: 34436K->4K(38720K), 0.0014354 secs] 165503K->131071K(232584K), 0.0014909 secs] [Times: user=0.00 sys=0.00, real=0.00 secs] 
2020-10-28T11:46:43.641+0000: [GC (Allocation Failure) 2020-10-28T11:46:43.641+0000: [ParNew: 15840K->4K(38720K), 0.0011778 secs] 146908K->131071K(232584K), 0.0012253 secs] [Times: user=0.00 sys=0.00, real=0.00 secs] 
2020-10-28T11:46:43.648+0000: [GC (Allocation Failure) 2020-10-28T11:46:43.648+0000: [ParNew: 34436K->4K(38720K), 0.0256228 secs] 165503K->163839K(232584K), 0.0256738 secs] [Times: user=0.04 sys=0.01, real=0.02 secs] 
2020-10-28T11:46:43.674+0000: [CMS-concurrent-abortable-preclean: 0.011/0.448 secs] [Times: user=0.51 sys=0.02, real=0.44 secs] 
2020-10-28T11:46:43.678+0000: [GC (CMS Final Remark) [YG occupancy: 3447 K (38720 K)]2020-10-28T11:46:43.678+0000: [Rescan (parallel) , 0.0032166 secs]2020-10-28T11:46:43.681+0000: [weak refs processing, 0.0000299 secs]2020-10-28T11:46:43.681+0000: [class unloading, 0.0070077 secs]2020-10-28T11:46:43.688+0000: [scrub symbol table, 0.0079566 secs]2020-10-28T11:46:43.696+0000: [scrub string table, 0.0005988 secs][1 CMS-remark: 163835K(193864K)] 167282K(232584K), 0.0189028 secs] [Times: user=0.03 sys=0.00, real=0.01 secs] 
2020-10-28T11:46:43.697+0000: [CMS-concurrent-sweep-start]
2020-10-28T11:46:43.708+0000: [CMS-concurrent-sweep: 0.011/0.011 secs] [Times: user=0.01 sys=0.01, real=0.02 secs] 
2020-10-28T11:46:43.708+0000: [CMS-concurrent-reset-start]
2020-10-28T11:46:43.719+0000: [CMS-concurrent-reset: 0.011/0.011 secs] [Times: user=0.03 sys=0.00, real=0.01 secs] 
2020-10-28T11:46:43.760+0000: [GC (Allocation Failure) 2020-10-28T11:46:43.760+0000: [ParNew: 34436K->4K(38720K), 0.0018960 secs] 196159K->161727K(308260K), 0.0019527 secs] [Times: user=0.00 sys=0.00, real=0.00 secs] 
2020-10-28T11:46:43.763+0000: [GC (CMS Initial Mark) [1 CMS-initial-mark: 161723K(269540K)] 162415K(308260K), 0.0011067 secs] [Times: user=0.00 sys=0.00, real=0.00 secs] 
2020-10-28T11:46:43.764+0000: [CMS-concurrent-mark-start]
2020-10-28T11:46:43.827+0000: [CMS-concurrent-mark: 0.063/0.063 secs] [Times: user=0.13 sys=0.00, real=0.07 secs] 
2020-10-28T11:46:43.827+0000: [CMS-concurrent-preclean-start]
2020-10-28T11:46:43.829+0000: [CMS-concurrent-preclean: 0.002/0.002 secs] [Times: user=0.00 sys=0.00, real=0.00 secs] 
2020-10-28T11:46:43.829+0000: [CMS-concurrent-abortable-preclean-start]
2020-10-28T11:46:43.834+0000: [GC (Allocation Failure) 2020-10-28T11:46:43.834+0000: [ParNew: 34436K->4K(38720K), 0.0015260 secs] 196159K->161727K(308260K), 0.0015699 secs] [Times: user=0.00 sys=0.00, real=0.00 secs] 
2020-10-28T11:46:43.879+0000: [GC (Allocation Failure) 2020-10-28T11:46:43.879+0000: [ParNew: 34436K->4K(38720K), 0.0015460 secs] 196159K->161727K(308260K), 0.0015998 secs] [Times: user=0.01 sys=0.00, real=0.00 secs] 
2020-10-28T11:46:43.926+0000: [GC (Allocation Failure) 2020-10-28T11:46:43.926+0000: [ParNew: 34436K->4K(38720K), 0.0016652 secs] 196159K->161727K(308260K), 0.0017218 secs] [Times: user=0.01 sys=0.00, real=0.00 secs] 
2020-10-28T11:46:43.974+0000: [GC (Allocation Failure) 2020-10-28T11:46:43.974+0000: [ParNew: 34436K->4K(38720K), 0.0016504 secs] 196159K->161727K(308260K), 0.0017064 secs] [Times: user=0.00 sys=0.00, real=0.00 secs] 
2020-10-28T11:46:44.003+0000: [GC (Allocation Failure) 2020-10-28T11:46:44.003+0000: [ParNew: 34436K->4K(38720K), 0.0136658 secs] 196159K->178111K(308260K), 0.0137277 secs] [Times: user=0.02 sys=0.01, real=0.01 secs] 
2020-10-28T11:46:44.061+0000: [GC (Allocation Failure) 2020-10-28T11:46:44.061+0000: [ParNew: 34436K->4K(38720K), 0.0018631 secs] 212543K->178111K(308260K), 0.0019219 secs] [Times: user=0.01 sys=0.00, real=0.00 secs] 
2020-10-28T11:46:44.119+0000: [GC (Allocation Failure) 2020-10-28T11:46:44.119+0000: [ParNew: 34436K->6K(38720K), 0.0018204 secs] 212543K->178113K(308260K), 0.0018841 secs] [Times: user=0.01 sys=0.00, real=0.00 secs] 
2020-10-28T11:46:44.166+0000: [GC (Allocation Failure) 2020-10-28T11:46:44.166+0000: [ParNew: 34438K->6K(38720K), 0.0017991 secs] 212545K->178113K(308260K), 0.0018586 secs] [Times: user=0.00 sys=0.00, real=0.01 secs] 
2020-10-28T11:46:44.211+0000: [GC (Allocation Failure) 2020-10-28T11:46:44.211+0000: [ParNew: 34438K->6K(38720K), 0.0016014 secs] 212545K->178113K(308260K), 0.0016566 secs] [Times: user=0.01 sys=0.00, real=0.00 secs] 
2020-10-28T11:46:44.256+0000: [GC (Allocation Failure) 2020-10-28T11:46:44.256+0000: [ParNew: 34438K->4K(38720K), 0.0025399 secs] 212545K->178111K(308260K), 0.0026163 secs] [Times: user=0.00 sys=0.00, real=0.01 secs] 
2020-10-28T11:46:44.302+0000: [GC (Allocation Failure) 2020-10-28T11:46:44.302+0000: [ParNew: 34436K->4K(38720K), 0.0016797 secs] 212543K->178112K(308260K), 0.0017548 secs] [Times: user=0.00 sys=0.00, real=0.00 secs] 
2020-10-28T11:46:44.348+0000: [GC (Allocation Failure) 2020-10-28T11:46:44.348+0000: [ParNew: 34436K->4K(38720K), 0.0016422 secs] 212544K->178112K(308260K), 0.0016982 secs] [Times: user=0.00 sys=0.00, real=0.00 secs] 
2020-10-28T11:46:44.399+0000: [GC (Allocation Failure) 2020-10-28T11:46:44.399+0000: [ParNew: 34436K->4K(38720K), 0.0016262 secs] 212544K->178113K(308260K), 0.0016811 secs] [Times: user=0.00 sys=0.00, real=0.00 secs] 
2020-10-28T11:46:44.446+0000: [GC (Allocation Failure) 2020-10-28T11:46:44.446+0000: [ParNew: 34436K->4K(38720K), 0.0015900 secs] 212545K->178113K(308260K), 0.0016392 secs] [Times: user=0.00 sys=0.00, real=0.00 secs] 
2020-10-28T11:46:44.491+0000: [GC (Allocation Failure) 2020-10-28T11:46:44.491+0000: [ParNew: 34436K->4K(38720K), 0.0016026 secs] 212545K->178113K(308260K), 0.0016569 secs] [Times: user=0.00 sys=0.00, real=0.00 secs] 
2020-10-28T11:46:44.536+0000: [GC (Allocation Failure) 2020-10-28T11:46:44.536+0000: [ParNew: 34436K->4K(38720K), 0.0015197 secs] 212545K->178113K(308260K), 0.0015733 secs] [Times: user=0.01 sys=0.00, real=0.00 secs] 
2020-10-28T11:46:44.580+0000: [GC (Allocation Failure) 2020-10-28T11:46:44.580+0000: [ParNew: 34436K->4K(38720K), 0.0015953 secs] 212545K->178113K(308260K), 0.0016492 secs] [Times: user=0.00 sys=0.00, real=0.00 secs] 
2020-10-28T11:46:44.638+0000: [GC (Allocation Failure) 2020-10-28T11:46:44.638+0000: [ParNew: 34436K->4K(38720K), 0.0016534 secs] 212545K->178113K(308260K), 0.0017114 secs] [Times: user=0.00 sys=0.00, real=0.00 secs] 
2020-10-28T11:46:44.684+0000: [GC (Allocation Failure) 2020-10-28T11:46:44.684+0000: [ParNew: 34436K->4K(38720K), 0.0017426 secs] 212545K->178113K(308260K), 0.0018019 secs] [Times: user=0.00 sys=0.00, real=0.01 secs] 
2020-10-28T11:46:44.729+0000: [GC (Allocation Failure) 2020-10-28T11:46:44.729+0000: [ParNew: 34436K->4K(38720K), 0.0016910 secs] 212545K->178113K(308260K), 0.0017468 secs] [Times: user=0.00 sys=0.00, real=0.00 secs] 
2020-10-28T11:46:44.774+0000: [GC (Allocation Failure) 2020-10-28T11:46:44.775+0000: [ParNew: 34436K->4K(38720K), 0.0017260 secs] 212545K->178113K(308260K), 0.0017840 secs] [Times: user=0.00 sys=0.00, real=0.00 secs] 
2020-10-28T11:46:44.820+0000: [GC (Allocation Failure) 2020-10-28T11:46:44.820+0000: [ParNew: 34436K->4K(38720K), 0.0016301 secs] 212545K->178113K(308260K), 0.0016850 secs] [Times: user=0.01 sys=0.00, real=0.00 secs] 
2020-10-28T11:46:44.878+0000: [GC (Allocation Failure) 2020-10-28T11:46:44.878+0000: [ParNew: 34436K->4K(38720K), 0.0017716 secs] 212545K->178113K(308260K), 0.0018500 secs] [Times: user=0.00 sys=0.00, real=0.00 secs] 
2020-10-28T11:46:44.932+0000: [GC (Allocation Failure) 2020-10-28T11:46:44.932+0000: [ParNew: 34436K->8K(38720K), 0.0018740 secs] 212545K->178117K(308260K), 0.0019364 secs] [Times: user=0.01 sys=0.00, real=0.00 secs] 
2020-10-28T11:46:44.946+0000: [GC (Allocation Failure) 2020-10-28T11:46:44.946+0000: [ParNew: 8960K->6K(38720K), 0.0013977 secs] 187069K->178115K(308260K), 0.0014576 secs] [Times: user=0.00 sys=0.00, real=0.00 secs] 
2020-10-28T11:46:44.955+0000: [GC (Allocation Failure) 2020-10-28T11:46:44.955+0000: [ParNew: 34438K->7K(38720K), 0.0254026 secs] 212547K->210885K(308260K), 0.0254597 secs] [Times: user=0.05 sys=0.00, real=0.03 secs] 
2020-10-28T11:46:44.980+0000: [CMS-concurrent-abortable-preclean: 0.030/1.151 secs] [Times: user=1.29 sys=0.03, real=1.15 secs] 
2020-10-28T11:46:44.982+0000: [GC (CMS Final Remark) [YG occupancy: 1385 K (38720 K)]2020-10-28T11:46:44.982+0000: [Rescan (parallel) , 0.0021252 secs]2020-10-28T11:46:44.984+0000: [weak refs processing, 0.0000308 secs]2020-10-28T11:46:44.984+0000: [class unloading, 0.0070164 secs]2020-10-28T11:46:44.991+0000: [scrub symbol table, 0.0080802 secs]2020-10-28T11:46:44.999+0000: [scrub string table, 0.0006027 secs][1 CMS-remark: 210877K(269540K)] 212262K(308260K), 0.0179428 secs] [Times: user=0.02 sys=0.00, real=0.02 secs] 
2020-10-28T11:46:45.000+0000: [CMS-concurrent-sweep-start]
2020-10-28T11:46:45.011+0000: [CMS-concurrent-sweep: 0.011/0.011 secs] [Times: user=0.03 sys=0.00, real=0.01 secs] 
2020-10-28T11:46:45.012+0000: [CMS-concurrent-reset-start]
2020-10-28T11:46:45.023+0000: [CMS-concurrent-reset: 0.012/0.012 secs] [Times: user=0.02 sys=0.01, real=0.01 secs] 
2020-10-28T11:46:45.054+0000: [GC (Allocation Failure) 2020-10-28T11:46:45.054+0000: [ParNew: 34439K->8K(38720K), 0.0021338 secs] 241221K->206789K(383356K), 0.0022212 secs] [Times: user=0.01 sys=0.00, real=0.00 secs] 
2020-10-28T11:46:45.058+0000: [GC (CMS Initial Mark) [1 CMS-initial-mark: 206781K(344636K)] 207478K(383356K), 0.0012721 secs] [Times: user=0.00 sys=0.00, real=0.00 secs] 
2020-10-28T11:46:45.059+0000: [CMS-concurrent-mark-start]
2020-10-28T11:46:45.123+0000: [CMS-concurrent-mark: 0.064/0.064 secs] [Times: user=0.13 sys=0.00, real=0.06 secs] 
2020-10-28T11:46:45.123+0000: [CMS-concurrent-preclean-start]
2020-10-28T11:46:45.125+0000: [CMS-concurrent-preclean: 0.002/0.002 secs] [Times: user=0.00 sys=0.00, real=0.00 secs] 
2020-10-28T11:46:45.125+0000: [CMS-concurrent-abortable-preclean-start]
2020-10-28T11:46:45.128+0000: [GC (Allocation Failure) 2020-10-28T11:46:45.128+0000: [ParNew: 34440K->11K(38720K), 0.0017320 secs] 241221K->206792K(383356K), 0.0017756 secs] [Times: user=0.00 sys=0.00, real=0.00 secs] 
2020-10-28T11:46:45.174+0000: [GC (Allocation Failure) 2020-10-28T11:46:45.174+0000: [ParNew: 34443K->8K(38720K), 0.0019844 secs] 241224K->206789K(383356K), 0.0020437 secs] [Times: user=0.00 sys=0.00, real=0.00 secs] 
2020-10-28T11:46:45.220+0000: [GC (Allocation Failure) 2020-10-28T11:46:45.220+0000: [ParNew: 34440K->5K(38720K), 0.0021035 secs] 241221K->206791K(383356K), 0.0021635 secs] [Times: user=0.01 sys=0.00, real=0.00 secs] 
2020-10-28T11:46:45.266+0000: [GC (Allocation Failure) 2020-10-28T11:46:45.266+0000: [ParNew: 34437K->4K(38720K), 0.0019947 secs] 241223K->206790K(383356K), 0.0020526 secs] [Times: user=0.01 sys=0.00, real=0.00 secs] 
2020-10-28T11:46:45.312+0000: [GC (Allocation Failure) 2020-10-28T11:46:45.312+0000: [ParNew: 34436K->4K(38720K), 0.0019391 secs] 241222K->206790K(383356K), 0.0019964 secs] [Times: user=0.01 sys=0.00, real=0.00 secs] 
2020-10-28T11:46:45.358+0000: [GC (Allocation Failure) 2020-10-28T11:46:45.358+0000: [ParNew: 34436K->4K(38720K), 0.0019143 secs] 241222K->206790K(383356K), 0.0019686 secs] [Times: user=0.01 sys=0.00, real=0.01 secs] 
2020-10-28T11:46:45.403+0000: [GC (Allocation Failure) 2020-10-28T11:46:45.403+0000: [ParNew: 34436K->4K(38720K), 0.0018957 secs] 241222K->206790K(383356K), 0.0019524 secs] [Times: user=0.00 sys=0.00, real=0.00 secs] 
2020-10-28T11:46:45.449+0000: [GC (Allocation Failure) 2020-10-28T11:46:45.449+0000: [ParNew: 34436K->4K(38720K), 0.0018330 secs] 241222K->206790K(383356K), 0.0018877 secs] [Times: user=0.00 sys=0.00, real=0.00 secs] 
2020-10-28T11:46:45.494+0000: [GC (Allocation Failure) 2020-10-28T11:46:45.494+0000: [ParNew: 34436K->4K(38720K), 0.0018073 secs] 241222K->206790K(383356K), 0.0018623 secs] [Times: user=0.00 sys=0.00, real=0.00 secs] 
2020-10-28T11:46:45.508+0000: [GC (Allocation Failure) 2020-10-28T11:46:45.508+0000: [ParNew: 8954K->4K(38720K), 0.0013901 secs] 215741K->206790K(383356K), 0.0014321 secs] [Times: user=0.01 sys=0.00, real=0.00 secs] 
2020-10-28T11:46:45.518+0000: [GC (Allocation Failure) 2020-10-28T11:46:45.518+0000: [ParNew: 34436K->4K(38720K), 0.0268460 secs] 241222K->239558K(383356K), 0.0269049 secs] [Times: user=0.03 sys=0.02, real=0.02 secs] 
2020-10-28T11:46:45.545+0000: [CMS-concurrent-abortable-preclean: 0.014/0.420 secs] [Times: user=0.46 sys=0.02, real=0.42 secs] 
2020-10-28T11:46:45.546+0000: [GC (CMS Final Remark) [YG occupancy: 692 K (38720 K)]2020-10-28T11:46:45.546+0000: [Rescan (parallel) , 0.0016788 secs]2020-10-28T11:46:45.548+0000: [weak refs processing, 0.0000293 secs]2020-10-28T11:46:45.548+0000: [class unloading, 0.0071312 secs]2020-10-28T11:46:45.555+0000: [scrub symbol table, 0.0079332 secs]2020-10-28T11:46:45.563+0000: [scrub string table, 0.0005999 secs][1 CMS-remark: 239554K(344636K)] 240246K(383356K), 0.0174625 secs] [Times: user=0.02 sys=0.00, real=0.01 secs] 
2020-10-28T11:46:45.566+0000: [CMS-concurrent-sweep-start]
2020-10-28T11:46:45.577+0000: [CMS-concurrent-sweep: 0.011/0.011 secs] [Times: user=0.01 sys=0.00, real=0.00 secs] 
2020-10-28T11:46:45.577+0000: [CMS-concurrent-reset-start]
2020-10-28T11:46:45.588+0000: [CMS-concurrent-reset: 0.011/0.011 secs] [Times: user=0.03 sys=0.00, real=0.02 secs] 
2020-10-28T11:46:45.618+0000: [GC (Allocation Failure) 2020-10-28T11:46:45.618+0000: [ParNew: 34436K->4K(38720K), 0.0021720 secs] 265798K->231366K(424324K), 0.0022268 secs] [Times: user=0.00 sys=0.00, real=0.01 secs] 
2020-10-28T11:46:45.663+0000: [GC (Allocation Failure) 2020-10-28T11:46:45.663+0000: [ParNew: 34436K->4K(38720K), 0.0021789 secs] 265798K->231366K(424324K), 0.0022322 secs] [Times: user=0.00 sys=0.00, real=0.00 secs] 
2020-10-28T11:46:45.708+0000: [GC (Allocation Failure) 2020-10-28T11:46:45.708+0000: [ParNew: 34436K->4K(38720K), 0.0021065 secs] 265798K->231366K(424324K), 0.0021660 secs] [Times: user=0.00 sys=0.00, real=0.00 secs] 
2020-10-28T11:46:45.753+0000: [GC (Allocation Failure) 2020-10-28T11:46:45.753+0000: [ParNew: 34436K->4K(38720K), 0.0020783 secs] 265798K->231366K(424324K), 0.0021321 secs] [Times: user=0.01 sys=0.00, real=0.00 secs] 
2020-10-28T11:46:45.812+0000: [GC (Allocation Failure) 2020-10-28T11:46:45.812+0000: [ParNew: 34436K->8K(38720K), 0.0021875 secs] 265798K->231370K(424324K), 0.0022559 secs] [Times: user=0.00 sys=0.00, real=0.00 secs] 
2020-10-28T11:46:45.860+0000: [GC (Allocation Failure) 2020-10-28T11:46:45.860+0000: [ParNew: 34440K->9K(38720K), 0.0021075 secs] 265802K->231371K(424324K), 0.0021897 secs] [Times: user=0.00 sys=0.00, real=0.00 secs] 
2020-10-28T11:46:45.918+0000: [GC (Allocation Failure) 2020-10-28T11:46:45.918+0000: [ParNew: 34441K->11K(38720K), 0.0021274 secs] 265803K->231373K(424324K), 0.0021852 secs] [Times: user=0.01 sys=0.00, real=0.01 secs] 
2020-10-28T11:46:45.960+0000: [GC (Allocation Failure) 2020-10-28T11:46:45.961+0000: [ParNew: 34443K->8K(38720K), 0.0021075 secs] 265805K->231370K(424324K), 0.0021629 secs] [Times: user=0.00 sys=0.00, real=0.00 secs] 
2020-10-28T11:46:46.005+0000: [GC (Allocation Failure) 2020-10-28T11:46:46.005+0000: [ParNew: 34440K->10K(38720K), 0.0025333 secs] 265802K->231373K(424324K), 0.0026033 secs] [Times: user=0.01 sys=0.00, real=0.01 secs] 
2020-10-28T11:46:46.049+0000: [GC (Allocation Failure) 2020-10-28T11:46:46.049+0000: [ParNew: 34442K->10K(38720K), 0.0022551 secs] 265805K->231372K(424324K), 0.0023120 secs] [Times: user=0.01 sys=0.00, real=0.00 secs] 
2020-10-28T11:46:46.094+0000: [GC (Allocation Failure) 2020-10-28T11:46:46.094+0000: [ParNew: 34442K->5K(38720K), 0.0048536 secs] 265804K->231372K(424324K), 0.0049170 secs] [Times: user=0.01 sys=0.00, real=0.01 secs] 
2020-10-28T11:46:46.144+0000: [GC (Allocation Failure) 2020-10-28T11:46:46.144+0000: [ParNew: 34437K->4K(38720K), 0.0021398 secs] 265804K->231371K(424324K), 0.0021995 secs] [Times: user=0.01 sys=0.00, real=0.01 secs] 
2020-10-28T11:46:46.193+0000: [GC (Allocation Failure) 2020-10-28T11:46:46.193+0000: [ParNew: 34436K->4K(38720K), 0.0022152 secs] 265803K->231371K(424324K), 0.0022766 secs] [Times: user=0.01 sys=0.00, real=0.00 secs] 
2020-10-28T11:46:46.236+0000: [GC (Allocation Failure) 2020-10-28T11:46:46.236+0000: [ParNew: 34436K->4K(38720K), 0.0022010 secs] 265803K->231371K(424324K), 0.0022608 secs] [Times: user=0.01 sys=0.00, real=0.01 secs] 
2020-10-28T11:46:46.258+0000: [GC (Allocation Failure) 2020-10-28T11:46:46.258+0000: [ParNew: 16531K->4K(38720K), 0.0021116 secs] 247898K->231371K(424324K), 0.0021549 secs] [Times: user=0.00 sys=0.00, real=0.01 secs] 
2020-10-28T11:46:46.267+0000: [GC (Allocation Failure) 2020-10-28T11:46:46.267+0000: [ParNew: 34436K->4K(38720K), 0.0269657 secs] 265803K->264139K(424324K), 0.0270232 secs] [Times: user=0.03 sys=0.02, real=0.02 secs] 
2020-10-28T11:46:46.298+0000: [GC (CMS Initial Mark) [1 CMS-initial-mark: 264135K(385604K)] 267598K(424324K), 0.0032471 secs] [Times: user=0.00 sys=0.00, real=0.00 secs] 
2020-10-28T11:46:46.301+0000: [CMS-concurrent-mark-start]
2020-10-28T11:46:46.365+0000: [CMS-concurrent-mark: 0.064/0.064 secs] [Times: user=0.13 sys=0.00, real=0.06 secs] 
2020-10-28T11:46:46.365+0000: [GC (Allocation Failure) 2020-10-28T11:46:46.365+0000: [ParNew: 34436K->4K(38720K), 0.0021760 secs] 298571K->264139K(424324K), 0.0022208 secs] [Times: user=0.00 sys=0.00, real=0.01 secs] 
2020-10-28T11:46:46.367+0000: [CMS-concurrent-preclean-start]
2020-10-28T11:46:46.369+0000: [CMS-concurrent-preclean: 0.001/0.001 secs] [Times: user=0.00 sys=0.00, real=0.00 secs] 
2020-10-28T11:46:46.369+0000: [GC (CMS Final Remark) [YG occupancy: 1381 K (38720 K)]2020-10-28T11:46:46.369+0000: [Rescan (parallel) , 0.0016496 secs]2020-10-28T11:46:46.371+0000: [weak refs processing, 0.0000286 secs]2020-10-28T11:46:46.371+0000: [class unloading, 0.0069424 secs]2020-10-28T11:46:46.378+0000: [scrub symbol table, 0.0078835 secs]2020-10-28T11:46:46.385+0000: [scrub string table, 0.0004613 secs][1 CMS-remark: 264135K(385604K)] 265516K(424324K), 0.0170464 secs] [Times: user=0.02 sys=0.00, real=0.02 secs] 
2020-10-28T11:46:46.386+0000: [CMS-concurrent-sweep-start]
2020-10-28T11:46:46.397+0000: [CMS-concurrent-sweep: 0.011/0.011 secs] [Times: user=0.02 sys=0.00, real=0.00 secs] 
2020-10-28T11:46:46.397+0000: [CMS-concurrent-reset-start]
2020-10-28T11:46:46.408+0000: [CMS-concurrent-reset: 0.011/0.011 secs] [Times: user=0.02 sys=0.00, real=0.02 secs] 
2020-10-28T11:46:46.438+0000: [GC (Allocation Failure) 2020-10-28T11:46:46.438+0000: [ParNew: 34436K->4K(38720K), 0.0022358 secs] 282187K->247755K(451640K), 0.0023050 secs] [Times: user=0.00 sys=0.00, real=0.01 secs] 
2020-10-28T11:46:46.490+0000: [GC (Allocation Failure) 2020-10-28T11:46:46.490+0000: [ParNew: 34436K->4K(38720K), 0.0021647 secs] 282187K->247755K(451640K), 0.0022173 secs] [Times: user=0.00 sys=0.00, real=0.00 secs] 
2020-10-28T11:46:46.534+0000: [GC (Allocation Failure) 2020-10-28T11:46:46.534+0000: [ParNew: 34436K->4K(38720K), 0.0021762 secs] 282187K->247755K(451640K), 0.0022330 secs] [Times: user=0.01 sys=0.00, real=0.00 secs] 
2020-10-28T11:46:46.577+0000: [GC (Allocation Failure) 2020-10-28T11:46:46.577+0000: [ParNew: 34436K->4K(38720K), 0.0021361 secs] 282187K->247755K(451640K), 0.0021902 secs] [Times: user=0.00 sys=0.00, real=0.01 secs] 
2020-10-28T11:46:46.620+0000: [GC (Allocation Failure) 2020-10-28T11:46:46.620+0000: [ParNew: 34436K->4K(38720K), 0.0021724 secs] 282187K->247755K(451640K), 0.0022247 secs] [Times: user=0.01 sys=0.00, real=0.00 secs] 
2020-10-28T11:46:46.663+0000: [GC (Allocation Failure) 2020-10-28T11:46:46.663+0000: [ParNew: 34436K->4K(38720K), 0.0021072 secs] 282187K->247755K(451640K), 0.0021602 secs] [Times: user=0.00 sys=0.00, real=0.00 secs] 
2020-10-28T11:46:46.706+0000: [GC (Allocation Failure) 2020-10-28T11:46:46.706+0000: [ParNew: 34436K->4K(38720K), 0.0022145 secs] 282187K->247755K(451640K), 0.0022712 secs] [Times: user=0.00 sys=0.00, real=0.01 secs] 
2020-10-28T11:46:46.749+0000: [GC (Allocation Failure) 2020-10-28T11:46:46.749+0000: [ParNew: 34436K->4K(38720K), 0.0022360 secs] 282187K->247755K(451640K), 0.0022919 secs] [Times: user=0.01 sys=0.00, real=0.00 secs] 
2020-10-28T11:46:46.792+0000: [GC (Allocation Failure) 2020-10-28T11:46:46.792+0000: [ParNew: 34436K->4K(38720K), 0.0022250 secs] 282187K->247755K(451640K), 0.0022805 secs] [Times: user=0.00 sys=0.00, real=0.00 secs] 
2020-10-28T11:46:46.836+0000: [GC (Allocation Failure) 2020-10-28T11:46:46.836+0000: [ParNew: 34436K->4K(38720K), 0.0021851 secs] 282187K->247755K(451640K), 0.0022391 secs] [Times: user=0.01 sys=0.00, real=0.01 secs] 
2020-10-28T11:46:46.896+0000: [GC (Allocation Failure) 2020-10-28T11:46:46.896+0000: [ParNew: 34436K->4K(38720K), 0.0022023 secs] 282187K->247755K(451640K), 0.0022708 secs] [Times: user=0.01 sys=0.00, real=0.01 secs] 
2020-10-28T11:46:46.968+0000: [GC (Allocation Failure) 2020-10-28T11:46:46.968+0000: [ParNew: 34436K->2K(38720K), 0.0045345 secs] 282187K->247753K(451640K), 0.0046003 secs] [Times: user=0.00 sys=0.00, real=0.00 secs] 
2020-10-28T11:46:47.019+0000: [GC (Allocation Failure) 2020-10-28T11:46:47.019+0000: [ParNew: 34434K->4K(38720K), 0.0021972 secs] 282185K->247755K(451640K), 0.0022566 secs] [Times: user=0.00 sys=0.00, real=0.00 secs] 
2020-10-28T11:46:47.062+0000: [GC (Allocation Failure) 2020-10-28T11:46:47.062+0000: [ParNew: 34436K->4K(38720K), 0.0021371 secs] 282187K->247755K(451640K), 0.0021903 secs] [Times: user=0.01 sys=0.00, real=0.00 secs] 
2020-10-28T11:46:47.105+0000: [GC (Allocation Failure) 2020-10-28T11:46:47.105+0000: [ParNew: 34436K->4K(38720K), 0.0021636 secs] 282187K->247755K(451640K), 0.0022226 secs] [Times: user=0.00 sys=0.00, real=0.01 secs] 
2020-10-28T11:46:47.148+0000: [GC (Allocation Failure) 2020-10-28T11:46:47.148+0000: [ParNew: 34436K->4K(38720K), 0.0022740 secs] 282187K->247755K(451640K), 0.0023268 secs] [Times: user=0.01 sys=0.00, real=0.00 secs] 
2020-10-28T11:46:47.191+0000: [GC (Allocation Failure) 2020-10-28T11:46:47.191+0000: [ParNew: 34436K->4K(38720K), 0.0021604 secs] 282187K->247755K(451640K), 0.0022159 secs] [Times: user=0.00 sys=0.00, real=0.00 secs] 
2020-10-28T11:46:47.234+0000: [GC (Allocation Failure) 2020-10-28T11:46:47.234+0000: [ParNew: 34436K->4K(38720K), 0.0020797 secs] 282187K->247755K(451640K), 0.0021310 secs] [Times: user=0.01 sys=0.00, real=0.00 secs] 
2020-10-28T11:46:47.277+0000: [GC (Allocation Failure) 2020-10-28T11:46:47.277+0000: [ParNew: 34436K->4K(38720K), 0.0021663 secs] 282187K->247755K(451640K), 0.0022212 secs] [Times: user=0.00 sys=0.00, real=0.01 secs] 
2020-10-28T11:46:47.320+0000: [GC (Allocation Failure) 2020-10-28T11:46:47.320+0000: [ParNew: 34436K->4K(38720K), 0.0021535 secs] 282187K->247755K(451640K), 0.0022179 secs] [Times: user=0.01 sys=0.00, real=0.00 secs] 
2020-10-28T11:46:47.363+0000: [GC (Allocation Failure) 2020-10-28T11:46:47.363+0000: [ParNew: 34436K->4K(38720K), 0.0021371 secs] 282187K->247755K(451640K), 0.0021908 secs] [Times: user=0.00 sys=0.00, real=0.00 secs] 
2020-10-28T11:46:47.406+0000: [GC (Allocation Failure) 2020-10-28T11:46:47.406+0000: [ParNew: 34436K->4K(38720K), 0.0021745 secs] 282187K->247755K(451640K), 0.0022363 secs] [Times: user=0.01 sys=0.00, real=0.00 secs] 
2020-10-28T11:46:47.457+0000: [GC (Allocation Failure) 2020-10-28T11:46:47.457+0000: [ParNew: 34436K->4K(38720K), 0.0021757 secs] 282187K->247755K(451640K), 0.0022409 secs] [Times: user=0.01 sys=0.00, real=0.01 secs] 
2020-10-28T11:46:47.497+0000: [GC (Allocation Failure) 2020-10-28T11:46:47.497+0000: [ParNew: 26813K->4K(38720K), 0.0020515 secs] 274564K->247755K(451640K), 0.0021006 secs] [Times: user=0.00 sys=0.00, real=0.01 secs] 
2020-10-28T11:46:47.504+0000: [GC (Allocation Failure) 2020-10-28T11:46:47.504+0000: [ParNew: 34436K->4K(38720K), 0.0262657 secs] 282187K->280523K(451640K), 0.0263147 secs] [Times: user=0.04 sys=0.01, real=0.03 secs] 
2020-10-28T11:46:47.535+0000: [GC (CMS Initial Mark) [1 CMS-initial-mark: 280519K(412920K)] 283259K(451640K), 0.0028274 secs] [Times: user=0.01 sys=0.00, real=0.00 secs] 
2020-10-28T11:46:47.537+0000: [CMS-concurrent-mark-start]
2020-10-28T11:46:47.601+0000: [CMS-concurrent-mark: 0.063/0.063 secs] [Times: user=0.13 sys=0.00, real=0.07 secs] 
2020-10-28T11:46:47.601+0000: [GC (Allocation Failure) 2020-10-28T11:46:47.601+0000: [ParNew: 34436K->4K(38720K), 0.0023066 secs] 314955K->280523K(451640K), 0.0023498 secs] [Times: user=0.00 sys=0.00, real=0.00 secs] 
2020-10-28T11:46:47.603+0000: [CMS-concurrent-preclean-start]
2020-10-28T11:46:47.605+0000: [CMS-concurrent-preclean: 0.001/0.002 secs] [Times: user=0.00 sys=0.00, real=0.00 secs] 
2020-10-28T11:46:47.606+0000: [GC (CMS Final Remark) [YG occupancy: 1375 K (38720 K)]2020-10-28T11:46:47.606+0000: [Rescan (parallel) , 0.0018671 secs]2020-10-28T11:46:47.608+0000: [weak refs processing, 0.0000373 secs]2020-10-28T11:46:47.608+0000: [class unloading, 0.0082916 secs]2020-10-28T11:46:47.616+0000: [scrub symbol table, 0.0079030 secs]2020-10-28T11:46:47.624+0000: [scrub string table, 0.0004535 secs][1 CMS-remark: 280519K(412920K)] 281894K(451640K), 0.0186449 secs] [Times: user=0.02 sys=0.00, real=0.01 secs] 
2020-10-28T11:46:47.626+0000: [CMS-concurrent-sweep-start]
2020-10-28T11:46:47.636+0000: [CMS-concurrent-sweep: 0.011/0.011 secs] [Times: user=0.02 sys=0.00, real=0.00 secs] 
2020-10-28T11:46:47.637+0000: [CMS-concurrent-reset-start]
2020-10-28T11:46:47.648+0000: [CMS-concurrent-reset: 0.011/0.011 secs] [Times: user=0.02 sys=0.00, real=0.02 secs] 
2020-10-28T11:46:47.676+0000: [GC (Allocation Failure) 2020-10-28T11:46:47.677+0000: [ParNew: 34436K->4K(38720K), 0.0024347 secs] 314955K->280523K(506256K), 0.0024940 secs] [Times: user=0.01 sys=0.00, real=0.01 secs] 
2020-10-28T11:46:47.720+0000: [GC (Allocation Failure) 2020-10-28T11:46:47.720+0000: [ParNew: 34436K->4K(38720K), 0.0024059 secs] 314955K->280523K(506256K), 0.0024655 secs] [Times: user=0.01 sys=0.00, real=0.00 secs] 
2020-10-28T11:46:47.763+0000: [GC (Allocation Failure) 2020-10-28T11:46:47.763+0000: [ParNew: 34436K->4K(38720K), 0.0023707 secs] 314955K->280524K(506256K), 0.0024282 secs] [Times: user=0.01 sys=0.00, real=0.00 secs] 
2020-10-28T11:46:47.806+0000: [GC (Allocation Failure) 2020-10-28T11:46:47.806+0000: [ParNew: 34436K->4K(38720K), 0.0024072 secs] 314956K->280524K(506256K), 0.0024885 secs] [Times: user=0.00 sys=0.00, real=0.00 secs] 
2020-10-28T11:46:47.869+0000: [GC (Allocation Failure) 2020-10-28T11:46:47.869+0000: [ParNew: 34436K->91K(38720K), 0.0028280 secs] 314956K->280611K(506256K), 0.0028890 secs] [Times: user=0.00 sys=0.00, real=0.00 secs] 
2020-10-28T11:46:47.937+0000: [GC (Allocation Failure) 2020-10-28T11:46:47.937+0000: [ParNew: 34523K->129K(38720K), 0.0026426 secs] 315043K->280649K(506256K), 0.0027159 secs] [Times: user=0.00 sys=0.00, real=0.01 secs] 
2020-10-28T11:46:47.979+0000: [GC (Allocation Failure) 2020-10-28T11:46:47.979+0000: [ParNew: 34561K->81K(38720K), 0.0026277 secs] 315081K->280601K(506256K), 0.0026868 secs] [Times: user=0.01 sys=0.00, real=0.00 secs] 
2020-10-28T11:46:48.022+0000: [GC (Allocation Failure) 2020-10-28T11:46:48.022+0000: [ParNew: 34513K->94K(38720K), 0.0026387 secs] 315033K->280614K(506256K), 0.0027012 secs] [Times: user=0.01 sys=0.00, real=0.00 secs] 
2020-10-28T11:46:48.065+0000: [GC (Allocation Failure) 2020-10-28T11:46:48.065+0000: [ParNew: 34526K->97K(38720K), 0.0026420 secs] 315046K->280617K(506256K), 0.0027029 secs] [Times: user=0.00 sys=0.00, real=0.01 secs] 
2020-10-28T11:46:48.108+0000: [GC (Allocation Failure) 2020-10-28T11:46:48.108+0000: [ParNew: 34529K->98K(38720K), 0.0025297 secs] 315049K->280618K(506256K), 0.0025839 secs] [Times: user=0.01 sys=0.00, real=0.00 secs] 
2020-10-28T11:46:48.155+0000: [GC (Allocation Failure) 2020-10-28T11:46:48.155+0000: [ParNew: 34530K->65K(38720K), 0.0027622 secs] 315050K->280605K(506256K), 0.0028227 secs] [Times: user=0.01 sys=0.00, real=0.01 secs] 
2020-10-28T11:46:48.199+0000: [GC (Allocation Failure) 2020-10-28T11:46:48.199+0000: [ParNew: 34497K->51K(38720K), 0.0026400 secs] 315037K->280637K(506256K), 0.0026995 secs] [Times: user=0.01 sys=0.00, real=0.00 secs] 
2020-10-28T11:46:48.242+0000: [GC (Allocation Failure) 2020-10-28T11:46:48.242+0000: [ParNew: 34483K->13K(38720K), 0.0023996 secs] 315069K->280599K(506256K), 0.0024620 secs] [Times: user=0.00 sys=0.00, real=0.00 secs] 
2020-10-28T11:46:48.286+0000: [GC (Allocation Failure) 2020-10-28T11:46:48.286+0000: [ParNew: 34445K->4K(38720K), 0.0024449 secs] 315031K->280590K(506256K), 0.0025055 secs] [Times: user=0.01 sys=0.00, real=0.00 secs] 
2020-10-28T11:46:48.328+0000: [GC (Allocation Failure) 2020-10-28T11:46:48.329+0000: [ParNew: 34436K->4K(38720K), 0.0023430 secs] 315022K->280590K(506256K), 0.0023995 secs] [Times: user=0.00 sys=0.00, real=0.00 secs] 
2020-10-28T11:46:48.371+0000: [GC (Allocation Failure) 2020-10-28T11:46:48.371+0000: [ParNew: 34436K->4K(38720K), 0.0023655 secs] 315022K->280590K(506256K), 0.0024183 secs] [Times: user=0.01 sys=0.00, real=0.00 secs] 
2020-10-28T11:46:48.414+0000: [GC (Allocation Failure) 2020-10-28T11:46:48.414+0000: [ParNew: 34436K->4K(38720K), 0.0022640 secs] 315022K->280590K(506256K), 0.0023395 secs] [Times: user=0.00 sys=0.00, real=0.00 secs] 
2020-10-28T11:46:48.456+0000: [GC (Allocation Failure) 2020-10-28T11:46:48.456+0000: [ParNew: 34436K->4K(38720K), 0.0022688 secs] 315022K->280590K(506256K), 0.0023210 secs] [Times: user=0.01 sys=0.00, real=0.01 secs] 
2020-10-28T11:46:48.499+0000: [GC (Allocation Failure) 2020-10-28T11:46:48.499+0000: [ParNew: 34436K->4K(38720K), 0.0022609 secs] 315022K->280590K(506256K), 0.0023115 secs] [Times: user=0.00 sys=0.00, real=0.00 secs] 
2020-10-28T11:46:48.583+0000: [GC (Allocation Failure) 2020-10-28T11:46:48.583+0000: [ParNew: 34436K->4K(38720K), 0.0024236 secs] 380558K->346126K(506256K), 0.0024842 secs] [Times: user=0.00 sys=0.00, real=0.00 secs] 
2020-10-28T11:46:48.586+0000: [GC (CMS Initial Mark) [1 CMS-initial-mark: 346122K(467536K)] 346815K(506256K), 0.0011491 secs] [Times: user=0.00 sys=0.00, real=0.01 secs] 
2020-10-28T11:46:48.587+0000: [CMS-concurrent-mark-start]
2020-10-28T11:46:48.656+0000: [CMS-concurrent-mark: 0.069/0.069 secs] [Times: user=0.14 sys=0.00, real=0.06 secs] 
2020-10-28T11:46:48.656+0000: [GC (Allocation Failure) 2020-10-28T11:46:48.656+0000: [ParNew: 34436K->4K(38720K), 0.0024356 secs] 380558K->346126K(506256K), 0.0024827 secs] [Times: user=0.00 sys=0.00, real=0.01 secs] 
2020-10-28T11:46:48.659+0000: [CMS-concurrent-preclean-start]
2020-10-28T11:46:48.660+0000: [CMS-concurrent-preclean: 0.002/0.002 secs] [Times: user=0.00 sys=0.00, real=0.00 secs] 
2020-10-28T11:46:48.662+0000: [GC (CMS Final Remark) [YG occupancy: 1381 K (38720 K)]2020-10-28T11:46:48.662+0000: [Rescan (parallel) , 0.0018556 secs]2020-10-28T11:46:48.664+0000: [weak refs processing, 0.0000308 secs]2020-10-28T11:46:48.664+0000: [class unloading, 0.0070551 secs]2020-10-28T11:46:48.671+0000: [scrub symbol table, 0.0079551 secs]2020-10-28T11:46:48.679+0000: [scrub string table, 0.0005081 secs][1 CMS-remark: 346122K(467536K)] 347503K(506256K), 0.0175000 secs] [Times: user=0.02 sys=0.00, real=0.02 secs] 
2020-10-28T11:46:48.682+0000: [CMS-concurrent-sweep-start]
2020-10-28T11:46:48.692+0000: [CMS-concurrent-sweep: 0.011/0.011 secs] [Times: user=0.02 sys=0.00, real=0.01 secs] 
2020-10-28T11:46:48.693+0000: [CMS-concurrent-reset-start]
2020-10-28T11:46:48.704+0000: [CMS-concurrent-reset: 0.011/0.011 secs] [Times: user=0.02 sys=0.00, real=0.01 secs] 
2020-10-28T11:46:48.731+0000: [GC (Allocation Failure) 2020-10-28T11:46:48.731+0000: [ParNew: 34436K->4K(38720K), 0.0027943 secs] 380558K->346126K(615592K), 0.0028491 secs] [Times: user=0.01 sys=0.00, real=0.00 secs] 
2020-10-28T11:46:48.774+0000: [GC (Allocation Failure) 2020-10-28T11:46:48.774+0000: [ParNew: 34436K->4K(38720K), 0.0026547 secs] 380558K->346126K(615592K), 0.0027106 secs] [Times: user=0.00 sys=0.00, real=0.00 secs] 
2020-10-28T11:46:48.818+0000: [GC (Allocation Failure) 2020-10-28T11:46:48.818+0000: [ParNew: 34436K->4K(38720K), 0.0027171 secs] 380558K->346126K(615592K), 0.0027970 secs] [Times: user=0.01 sys=0.00, real=0.00 secs] 
2020-10-28T11:46:48.863+0000: [GC (Allocation Failure) 2020-10-28T11:46:48.863+0000: [ParNew: 34436K->4K(38720K), 0.0026348 secs] 380558K->346126K(615592K), 0.0026897 secs] [Times: user=0.00 sys=0.00, real=0.01 secs] 
2020-10-28T11:46:48.906+0000: [GC (Allocation Failure) 2020-10-28T11:46:48.906+0000: [ParNew: 34436K->4K(38720K), 0.0026314 secs] 380558K->346126K(615592K), 0.0026848 secs] [Times: user=0.01 sys=0.00, real=0.00 secs] 
2020-10-28T11:46:48.949+0000: [GC (Allocation Failure) 2020-10-28T11:46:48.949+0000: [ParNew: 34436K->4K(38720K), 0.0026171 secs] 380558K->346126K(615592K), 0.0026705 secs] [Times: user=0.00 sys=0.00, real=0.00 secs] 
2020-10-28T11:46:48.991+0000: [GC (Allocation Failure) 2020-10-28T11:46:48.992+0000: [ParNew: 34436K->4K(38720K), 0.0025738 secs] 380558K->346126K(615592K), 0.0026263 secs] [Times: user=0.01 sys=0.00, real=0.00 secs] 
2020-10-28T11:46:49.034+0000: [GC (Allocation Failure) 2020-10-28T11:46:49.034+0000: [ParNew: 34436K->4K(38720K), 0.0027012 secs] 380558K->346126K(615592K), 0.0027581 secs] [Times: user=0.00 sys=0.00, real=0.00 secs] 
2020-10-28T11:46:49.077+0000: [GC (Allocation Failure) 2020-10-28T11:46:49.077+0000: [ParNew: 34436K->4K(38720K), 0.0025618 secs] 380558K->346126K(615592K), 0.0026120 secs] [Times: user=0.01 sys=0.00, real=0.01 secs] 
2020-10-28T11:46:49.120+0000: [GC (Allocation Failure) 2020-10-28T11:46:49.120+0000: [ParNew: 34436K->4K(38720K), 0.0025770 secs] 380558K->346126K(615592K), 0.0026241 secs] [Times: user=0.01 sys=0.00, real=0.00 secs] 
2020-10-28T11:46:49.164+0000: [GC (Allocation Failure) 2020-10-28T11:46:49.164+0000: [ParNew: 34436K->4K(38720K), 0.0025619 secs] 380558K->346126K(615592K), 0.0026129 secs] [Times: user=0.01 sys=0.00, real=0.01 secs] 
2020-10-28T11:46:49.207+0000: [GC (Allocation Failure) 2020-10-28T11:46:49.207+0000: [ParNew: 34436K->4K(38720K), 0.0026125 secs] 380558K->346126K(615592K), 0.0026669 secs] [Times: user=0.00 sys=0.00, real=0.00 secs] 
2020-10-28T11:46:49.251+0000: [GC (Allocation Failure) 2020-10-28T11:46:49.251+0000: [ParNew: 34436K->4K(38720K), 0.0026679 secs] 380558K->346126K(615592K), 0.0027270 secs] [Times: user=0.00 sys=0.00, real=0.00 secs] 
2020-10-28T11:46:49.294+0000: [GC (Allocation Failure) 2020-10-28T11:46:49.294+0000: [ParNew: 34424K->4K(38720K), 0.0026551 secs] 380547K->346126K(615592K), 0.0027182 secs] [Times: user=0.01 sys=0.00, real=0.00 secs] 
2020-10-28T11:46:49.338+0000: [GC (Allocation Failure) 2020-10-28T11:46:49.338+0000: [ParNew: 34436K->4K(38720K), 0.0026507 secs] 380558K->346126K(615592K), 0.0027056 secs] [Times: user=0.00 sys=0.00, real=0.01 secs] 
2020-10-28T11:46:49.381+0000: [GC (Allocation Failure) 2020-10-28T11:46:49.381+0000: [ParNew: 34436K->4K(38720K), 0.0026538 secs] 380558K->346126K(615592K), 0.0027227 secs] [Times: user=0.01 sys=0.00, real=0.00 secs] 
2020-10-28T11:46:49.424+0000: [GC (Allocation Failure) 2020-10-28T11:46:49.424+0000: [ParNew: 34436K->4K(38720K), 0.0026698 secs] 380558K->346126K(615592K), 0.0027309 secs] [Times: user=0.00 sys=0.00, real=0.01 secs] 
2020-10-28T11:46:49.467+0000: [GC (Allocation Failure) 2020-10-28T11:46:49.467+0000: [ParNew: 34436K->4K(38720K), 0.0026356 secs] 380558K->346126K(615592K), 0.0026909 secs] [Times: user=0.01 sys=0.00, real=0.00 secs] 
2020-10-28T11:46:49.510+0000: [GC (Allocation Failure) 2020-10-28T11:46:49.510+0000: [ParNew: 34436K->4K(38720K), 0.0026323 secs] 380558K->346126K(615592K), 0.0026883 secs] [Times: user=0.01 sys=0.00, real=0.00 secs] 
2020-10-28T11:46:49.553+0000: [GC (Allocation Failure) 2020-10-28T11:46:49.553+0000: [ParNew: 34436K->4K(38720K), 0.0026600 secs] 380558K->346126K(615592K), 0.0027099 secs] [Times: user=0.00 sys=0.00, real=0.00 secs] 
2020-10-28T11:46:49.597+0000: [GC (Allocation Failure) 2020-10-28T11:46:49.597+0000: [ParNew: 34436K->4K(38720K), 0.0025788 secs] 380558K->346126K(615592K), 0.0026282 secs] [Times: user=0.01 sys=0.00, real=0.01 secs] 
2020-10-28T11:46:49.640+0000: [GC (Allocation Failure) 2020-10-28T11:46:49.640+0000: [ParNew: 34436K->4K(38720K), 0.0025589 secs] 380558K->346126K(615592K), 0.0026116 secs] [Times: user=0.01 sys=0.00, real=0.00 secs] 
2020-10-28T11:46:49.684+0000: [GC (Allocation Failure) 2020-10-28T11:46:49.684+0000: [ParNew: 34436K->4K(38720K), 0.0027205 secs] 380558K->346126K(615592K), 0.0027770 secs] [Times: user=0.00 sys=0.00, real=0.01 secs] 
2020-10-28T11:46:49.727+0000: [GC (Allocation Failure) 2020-10-28T11:46:49.727+0000: [ParNew: 34436K->4K(38720K), 0.0026113 secs] 380558K->346126K(615592K), 0.0026672 secs] [Times: user=0.01 sys=0.00, real=0.00 secs] 
2020-10-28T11:46:49.771+0000: [GC (Allocation Failure) 2020-10-28T11:46:49.771+0000: [ParNew: 34436K->4K(38720K), 0.0026356 secs] 380558K->346126K(615592K), 0.0026875 secs] [Times: user=0.01 sys=0.00, real=0.00 secs] 
2020-10-28T11:46:49.814+0000: [GC (Allocation Failure) 2020-10-28T11:46:49.814+0000: [ParNew: 34436K->4K(38720K), 0.0026694 secs] 380558K->346126K(615592K), 0.0027317 secs] [Times: user=0.00 sys=0.00, real=0.00 secs] 
2020-10-28T11:46:49.869+0000: [GC (Allocation Failure) 2020-10-28T11:46:49.869+0000: [ParNew: 34436K->4K(38720K), 0.0026851 secs] 380558K->346126K(615592K), 0.0027373 secs] [Times: user=0.00 sys=0.00, real=0.00 secs] 
2020-10-28T11:46:49.902+0000: [GC (Allocation Failure) 2020-10-28T11:46:49.902+0000: [ParNew: 25483K->4K(38720K), 0.0025678 secs] 371605K->346126K(615592K), 0.0026178 secs] [Times: user=0.00 sys=0.00, real=0.00 secs] 
2020-10-28T11:46:49.910+0000: [GC (Allocation Failure) 2020-10-28T11:46:49.910+0000: [ParNew: 34436K->4K(38720K), 0.0268765 secs] 380558K->378894K(615592K), 0.0269263 secs] [Times: user=0.05 sys=0.01, real=0.02 secs] 
2020-10-28T11:46:49.938+0000: [GC (CMS Initial Mark) [1 CMS-initial-mark: 378890K(576872K)] 379579K(615592K), 0.0016082 secs] [Times: user=0.00 sys=0.00, real=0.00 secs] 
2020-10-28T11:46:49.939+0000: [CMS-concurrent-mark-start]
2020-10-28T11:46:50.006+0000: [CMS-concurrent-mark: 0.066/0.066 secs] [Times: user=0.13 sys=0.00, real=0.07 secs] 
2020-10-28T11:46:50.006+0000: [CMS-concurrent-preclean-start]
2020-10-28T11:46:50.007+0000: [GC (Allocation Failure) 2020-10-28T11:46:50.007+0000: [ParNew: 34436K->4K(38720K), 0.0023920 secs] 413326K->378894K(615592K), 0.0024367 secs] [Times: user=0.00 sys=0.00, real=0.00 secs] 
2020-10-28T11:46:50.011+0000: [CMS-concurrent-preclean: 0.002/0.005 secs] [Times: user=0.01 sys=0.00, real=0.00 secs] 
2020-10-28T11:46:50.014+0000: [GC (CMS Final Remark) [YG occupancy: 1375 K (38720 K)]2020-10-28T11:46:50.014+0000: [Rescan (parallel) , 0.0019154 secs]2020-10-28T11:46:50.016+0000: [weak refs processing, 0.0000404 secs]2020-10-28T11:46:50.016+0000: [class unloading, 0.0072301 secs]2020-10-28T11:46:50.023+0000: [scrub symbol table, 0.0079610 secs]2020-10-28T11:46:50.031+0000: [scrub string table, 0.0005971 secs][1 CMS-remark: 378890K(576872K)] 380266K(615592K), 0.0178605 secs] [Times: user=0.02 sys=0.00, real=0.02 secs] 
2020-10-28T11:46:50.034+0000: [CMS-concurrent-sweep-start]
2020-10-28T11:46:50.047+0000: [CMS-concurrent-sweep: 0.010/0.014 secs] [Times: user=0.02 sys=0.00, real=0.02 secs] 
2020-10-28T11:46:50.048+0000: [CMS-concurrent-reset-start]
2020-10-28T11:46:50.059+0000: [CMS-concurrent-reset: 0.011/0.011 secs] [Times: user=0.02 sys=0.00, real=0.01 secs] 
2020-10-28T11:46:50.089+0000: [GC (Allocation Failure) 2020-10-28T11:46:50.089+0000: [ParNew: 34436K->4K(38720K), 0.0029375 secs] 413259K->378827K(670096K), 0.0029951 secs] [Times: user=0.01 sys=0.00, real=0.00 secs] 
2020-10-28T11:46:50.132+0000: [GC (Allocation Failure) 2020-10-28T11:46:50.133+0000: [ParNew: 34436K->4K(38720K), 0.0028758 secs] 413259K->378827K(670096K), 0.0029339 secs] [Times: user=0.01 sys=0.00, real=0.00 secs] 
2020-10-28T11:46:50.178+0000: [GC (Allocation Failure) 2020-10-28T11:46:50.178+0000: [ParNew: 34436K->4K(38720K), 0.0028596 secs] 413259K->378827K(670096K), 0.0029189 secs] [Times: user=0.01 sys=0.00, real=0.01 secs] 
2020-10-28T11:46:50.221+0000: [GC (Allocation Failure) 2020-10-28T11:46:50.221+0000: [ParNew: 34436K->4K(38720K), 0.0027720 secs] 413259K->378827K(670096K), 0.0028262 secs] [Times: user=0.00 sys=0.00, real=0.00 secs] 
2020-10-28T11:46:50.264+0000: [GC (Allocation Failure) 2020-10-28T11:46:50.264+0000: [ParNew: 34436K->4K(38720K), 0.0028556 secs] 413259K->378828K(670096K), 0.0029099 secs] [Times: user=0.00 sys=0.00, real=0.01 secs] 
2020-10-28T11:46:50.308+0000: [GC (Allocation Failure) 2020-10-28T11:46:50.308+0000: [ParNew: 34436K->4K(38720K), 0.0028992 secs] 413260K->378828K(670096K), 0.0029596 secs] [Times: user=0.01 sys=0.00, real=0.00 secs] 
2020-10-28T11:46:50.352+0000: [GC (Allocation Failure) 2020-10-28T11:46:50.352+0000: [ParNew: 34436K->4K(38720K), 0.0028807 secs] 413260K->378828K(670096K), 0.0029383 secs] [Times: user=0.01 sys=0.00, real=0.00 secs] 
2020-10-28T11:46:50.395+0000: [GC (Allocation Failure) 2020-10-28T11:46:50.395+0000: [ParNew: 34436K->4K(38720K), 0.0027344 secs] 413260K->378828K(670096K), 0.0027990 secs] [Times: user=0.01 sys=0.00, real=0.00 secs] 
2020-10-28T11:46:50.442+0000: [GC (Allocation Failure) 2020-10-28T11:46:50.442+0000: [ParNew: 34436K->4K(38720K), 0.0028410 secs] 413260K->378828K(670096K), 0.0028963 secs] [Times: user=0.01 sys=0.00, real=0.00 secs] 
2020-10-28T11:46:50.486+0000: [GC (Allocation Failure) 2020-10-28T11:46:50.486+0000: [ParNew: 34436K->4K(38720K), 0.0028162 secs] 413260K->378828K(670096K), 0.0028741 secs] [Times: user=0.00 sys=0.00, real=0.00 secs] 
2020-10-28T11:46:50.529+0000: [GC (Allocation Failure) 2020-10-28T11:46:50.529+0000: [ParNew: 34436K->4K(38720K), 0.0027490 secs] 413260K->378828K(670096K), 0.0028032 secs] [Times: user=0.01 sys=0.00, real=0.00 secs] 
2020-10-28T11:46:50.572+0000: [GC (Allocation Failure) 2020-10-28T11:46:50.572+0000: [ParNew: 34436K->4K(38720K), 0.0027820 secs] 413260K->378828K(670096K), 0.0028372 secs] [Times: user=0.00 sys=0.00, real=0.00 secs] 
2020-10-28T11:46:50.616+0000: [GC (Allocation Failure) 2020-10-28T11:46:50.616+0000: [ParNew: 34436K->4K(38720K), 0.0027492 secs] 413260K->378828K(670096K), 0.0028017 secs] [Times: user=0.01 sys=0.00, real=0.01 secs] 
2020-10-28T11:46:50.659+0000: [GC (Allocation Failure) 2020-10-28T11:46:50.659+0000: [ParNew: 34436K->4K(38720K), 0.0026959 secs] 413260K->378828K(670096K), 0.0027486 secs] [Times: user=0.01 sys=0.00, real=0.00 secs] 
2020-10-28T11:46:50.703+0000: [GC (Allocation Failure) 2020-10-28T11:46:50.703+0000: [ParNew: 34436K->4K(38720K), 0.0028475 secs] 413260K->378828K(670096K), 0.0029017 secs] [Times: user=0.01 sys=0.00, real=0.01 secs] 
2020-10-28T11:46:50.746+0000: [GC (Allocation Failure) 2020-10-28T11:46:50.746+0000: [ParNew: 34436K->4K(38720K), 0.0027160 secs] 413260K->378828K(670096K), 0.0027693 secs] [Times: user=0.00 sys=0.00, real=0.00 secs] 
2020-10-28T11:46:50.790+0000: [GC (Allocation Failure) 2020-10-28T11:46:50.790+0000: [ParNew: 34436K->4K(38720K), 0.0028493 secs] 413260K->378828K(670096K), 0.0029044 secs] [Times: user=0.01 sys=0.00, real=0.00 secs] 
2020-10-28T11:46:50.840+0000: [GC (Allocation Failure) 2020-10-28T11:46:50.840+0000: [ParNew: 34436K->4K(38720K), 0.0028679 secs] 413260K->378828K(670096K), 0.0029266 secs] [Times: user=0.00 sys=0.00, real=0.00 secs] 
2020-10-28T11:46:50.883+0000: [GC (Allocation Failure) 2020-10-28T11:46:50.883+0000: [ParNew: 34436K->4K(38720K), 0.0027756 secs] 413260K->378828K(670096K), 0.0028295 secs] [Times: user=0.01 sys=0.00, real=0.01 secs] 
2020-10-28T11:46:50.933+0000: [GC (Allocation Failure) 2020-10-28T11:46:50.933+0000: [ParNew: 34436K->4K(38720K), 0.0028388 secs] 413260K->378828K(670096K), 0.0028961 secs] [Times: user=0.00 sys=0.00, real=0.00 secs] 
2020-10-28T11:46:50.976+0000: [GC (Allocation Failure) 2020-10-28T11:46:50.976+0000: [ParNew: 34436K->4K(38720K), 0.0028019 secs] 413260K->378828K(670096K), 0.0028549 secs] [Times: user=0.01 sys=0.00, real=0.01 secs] 
2020-10-28T11:46:51.022+0000: [GC (Allocation Failure) 2020-10-28T11:46:51.022+0000: [ParNew: 34436K->4K(38720K), 0.0028709 secs] 413260K->378828K(670096K), 0.0029304 secs] [Times: user=0.01 sys=0.00, real=0.00 secs] 
2020-10-28T11:46:51.065+0000: [GC (Allocation Failure) 2020-10-28T11:46:51.065+0000: [ParNew: 34436K->4K(38720K), 0.0027668 secs] 413260K->378828K(670096K), 0.0028204 secs] [Times: user=0.00 sys=0.00, real=0.01 secs] 
2020-10-28T11:46:51.117+0000: [GC (Allocation Failure) 2020-10-28T11:46:51.117+0000: [ParNew: 31007K->4K(38720K), 0.0028497 secs] 409831K->378828K(670096K), 0.0029183 secs] [Times: user=0.01 sys=0.00, real=0.01 secs] 
2020-10-28T11:46:51.127+0000: [GC (Allocation Failure) 2020-10-28T11:46:51.127+0000: [ParNew: 34436K->4K(38720K), 0.0260645 secs] 413260K->411596K(670096K), 0.0261153 secs] [Times: user=0.04 sys=0.01, real=0.02 secs] 
2020-10-28T11:46:51.193+0000: [GC (Allocation Failure) 2020-10-28T11:46:51.193+0000: [ParNew: 34436K->4K(38720K), 0.0028884 secs] 446028K->411596K(670096K), 0.0029420 secs] [Times: user=0.00 sys=0.00, real=0.00 secs] 
2020-10-28T11:46:51.237+0000: [GC (Allocation Failure) 2020-10-28T11:46:51.237+0000: [ParNew: 34436K->4K(38720K), 0.0027449 secs] 446028K->411596K(670096K), 0.0027981 secs] [Times: user=0.01 sys=0.00, real=0.01 secs] 
2020-10-28T11:46:51.280+0000: [GC (Allocation Failure) 2020-10-28T11:46:51.280+0000: [ParNew: 34436K->4K(38720K), 0.0028394 secs] 446028K->411596K(670096K), 0.0028995 secs] [Times: user=0.00 sys=0.00, real=0.00 secs] 
2020-10-28T11:46:51.324+0000: [GC (Allocation Failure) 2020-10-28T11:46:51.324+0000: [ParNew: 34436K->4K(38720K), 0.0028078 secs] 446028K->411596K(670096K), 0.0028631 secs] [Times: user=0.01 sys=0.00, real=0.01 secs] 
2020-10-28T11:46:51.367+0000: [GC (Allocation Failure) 2020-10-28T11:46:51.367+0000: [ParNew: 34436K->4K(38720K), 0.0027526 secs] 446028K->411596K(670096K), 0.0028074 secs] [Times: user=0.01 sys=0.00, real=0.00 secs] 
2020-10-28T11:46:51.410+0000: [GC (Allocation Failure) 2020-10-28T11:46:51.410+0000: [ParNew: 34436K->4K(38720K), 0.0027515 secs] 446028K->411596K(670096K), 0.0028070 secs] [Times: user=0.00 sys=0.00, real=0.00 secs] 
2020-10-28T11:46:51.453+0000: [GC (Allocation Failure) 2020-10-28T11:46:51.453+0000: [ParNew: 34436K->4K(38720K), 0.0026919 secs] 446028K->411596K(670096K), 0.0027449 secs] [Times: user=0.01 sys=0.00, real=0.00 secs] 
2020-10-28T11:46:51.496+0000: [GC (Allocation Failure) 2020-10-28T11:46:51.496+0000: [ParNew: 34436K->4K(38720K), 0.0027824 secs] 446028K->411596K(670096K), 0.0028395 secs] [Times: user=0.00 sys=0.00, real=0.01 secs] 
2020-10-28T11:46:51.539+0000: [GC (Allocation Failure) 2020-10-28T11:46:51.539+0000: [ParNew: 34436K->4K(38720K), 0.0027509 secs] 446028K->411596K(670096K), 0.0028121 secs] [Times: user=0.01 sys=0.00, real=0.00 secs] 
2020-10-28T11:46:51.582+0000: [GC (Allocation Failure) 2020-10-28T11:46:51.582+0000: [ParNew: 34436K->4K(38720K), 0.0027001 secs] 446028K->411596K(670096K), 0.0027527 secs] [Times: user=0.00 sys=0.00, real=0.00 secs] 
2020-10-28T11:46:53.014+0000: [GC (Allocation Failure) 2020-10-28T11:46:53.014+0000: [ParNew: 34436K->48K(38720K), 0.0031280 secs] 446028K->411640K(670096K), 0.0032168 secs] [Times: user=0.00 sys=0.00, real=0.00 secs] 
2020-10-28T11:46:54.950+0000: [GC (Allocation Failure) 2020-10-28T11:46:54.950+0000: [ParNew: 34480K->1197K(38720K), 0.0050708 secs] 446072K->412789K(670096K), 0.0051346 secs] [Times: user=0.01 sys=0.00, real=0.00 secs] 
2020-10-28T11:46:55.227+0000: [GC (Allocation Failure) 2020-10-28T11:46:55.227+0000: [ParNew: 35629K->2453K(38720K), 0.0053201 secs] 447221K->414045K(670096K), 0.0053986 secs] [Times: user=0.01 sys=0.00, real=0.00 secs] 
2020-10-28T11:46:55.398+0000: [GC (Allocation Failure) 2020-10-28T11:46:55.398+0000: [ParNew: 36885K->1876K(38720K), 0.0147400 secs] 448477K->414224K(670096K), 0.0148396 secs] [Times: user=0.03 sys=0.01, real=0.02 secs] 
2020-10-28T11:46:55.562+0000: [GC (Allocation Failure) 2020-10-28T11:46:55.562+0000: [ParNew: 36308K->2205K(38720K), 0.0046866 secs] 448656K->414553K(670096K), 0.0047478 secs] [Times: user=0.01 sys=0.00, real=0.01 secs] 
2020-10-28T11:46:55.761+0000: [GC (Allocation Failure) 2020-10-28T11:46:55.761+0000: [ParNew: 36637K->2338K(38720K), 0.0050112 secs] 448985K->414685K(670096K), 0.0050702 secs] [Times: user=0.01 sys=0.00, real=0.01 secs] 
2020-10-28T11:46:55.940+0000: [GC (Allocation Failure) 2020-10-28T11:46:55.940+0000: [ParNew: 36770K->2462K(38720K), 0.0057873 secs] 449117K->414810K(670096K), 0.0058453 secs] [Times: user=0.01 sys=0.00, real=0.01 secs] 
2020-10-28T11:46:56.155+0000: [GC (Allocation Failure) 2020-10-28T11:46:56.155+0000: [ParNew: 36894K->1809K(38720K), 0.0059418 secs] 449242K->414558K(670096K), 0.0060187 secs] [Times: user=0.01 sys=0.00, real=0.01 secs] 
2020-10-28T11:46:56.396+0000: [GC (Allocation Failure) 2020-10-28T11:46:56.396+0000: [ParNew: 36241K->2597K(38720K), 0.0093251 secs] 448990K->415345K(670096K), 0.0093847 secs] [Times: user=0.01 sys=0.00, real=0.02 secs] 
2020-10-28T11:46:56.734+0000: [GC (Allocation Failure) 2020-10-28T11:46:56.734+0000: [ParNew: 37029K->3849K(38720K), 0.0099404 secs] 449777K->417266K(670096K), 0.0099992 secs] [Times: user=0.02 sys=0.00, real=0.01 secs] 
2020-10-28T11:46:57.015+0000: [GC (Allocation Failure) 2020-10-28T11:46:57.015+0000: [ParNew: 38281K->3366K(38720K), 0.0204871 secs] 451698K->419851K(670096K), 0.0205617 secs] [Times: user=0.04 sys=0.00, real=0.02 secs] 
2020-10-28T11:46:57.308+0000: [GC (Allocation Failure) 2020-10-28T11:46:57.308+0000: [ParNew: 37798K->3043K(38720K), 0.0074286 secs] 454283K->419528K(670096K), 0.0074896 secs] [Times: user=0.01 sys=0.00, real=0.00 secs] 
2020-10-28T11:46:57.426+0000: [GC (Allocation Failure) 2020-10-28T11:46:57.426+0000: [ParNew: 37475K->3058K(38720K), 0.0078275 secs] 453960K->420366K(670096K), 0.0079016 secs] [Times: user=0.01 sys=0.00, real=0.00 secs] 
2020-10-28T11:46:57.522+0000: [GC (Allocation Failure) 2020-10-28T11:46:57.522+0000: [ParNew: 37490K->2278K(38720K), 0.0149716 secs] 454798K->421167K(670096K), 0.0150323 secs] [Times: user=0.03 sys=0.00, real=0.01 secs] 
2020-10-28T11:46:57.654+0000: [GC (Allocation Failure) 2020-10-28T11:46:57.654+0000: [ParNew: 36710K->1729K(38720K), 0.0069924 secs] 455599K->420618K(670096K), 0.0070509 secs] [Times: user=0.02 sys=0.00, real=0.01 secs] 
2020-10-28T11:46:57.742+0000: [GC (Allocation Failure) 2020-10-28T11:46:57.742+0000: [ParNew: 36161K->1976K(38720K), 0.0049021 secs] 455050K->420865K(670096K), 0.0049636 secs] [Times: user=0.00 sys=0.00, real=0.01 secs] 
2020-10-28T11:46:57.808+0000: [GC (Allocation Failure) 2020-10-28T11:46:57.808+0000: [ParNew: 36408K->2673K(38720K), 0.0036701 secs] 455297K->421563K(670096K), 0.0037314 secs] [Times: user=0.01 sys=0.00, real=0.00 secs] 
2020-10-28T11:46:57.898+0000: [GC (Allocation Failure) 2020-10-28T11:46:57.898+0000: [ParNew: 37105K->2094K(38720K), 0.0036627 secs] 455995K->421512K(670096K), 0.0037417 secs] [Times: user=0.01 sys=0.00, real=0.00 secs] 
2020-10-28T11:46:57.959+0000: [GC (Allocation Failure) 2020-10-28T11:46:57.959+0000: [ParNew: 36526K->3091K(38720K), 0.0038272 secs] 455944K->422509K(670096K), 0.0039000 secs] [Times: user=0.01 sys=0.00, real=0.00 secs] 
2020-10-28T11:46:58.025+0000: [GC (Allocation Failure) 2020-10-28T11:46:58.025+0000: [ParNew: 37523K->2063K(38720K), 0.0037318 secs] 456941K->423016K(670096K), 0.0038028 secs] [Times: user=0.00 sys=0.00, real=0.01 secs] 
2020-10-28T11:46:58.091+0000: [GC (Allocation Failure) 2020-10-28T11:46:58.091+0000: [ParNew: 36495K->4110K(38720K), 0.0065681 secs] 457448K->425064K(670096K), 0.0066291 secs] [Times: user=0.01 sys=0.00, real=0.00 secs] 
2020-10-28T11:46:58.158+0000: [GC (Allocation Failure) 2020-10-28T11:46:58.158+0000: [ParNew: 38542K->2073K(38720K), 0.0057901 secs] 459496K->424058K(670096K), 0.0058676 secs] [Times: user=0.01 sys=0.00, real=0.00 secs] 
2020-10-28T11:46:58.226+0000: [GC (Allocation Failure) 2020-10-28T11:46:58.226+0000: [ParNew: 36505K->2054K(38720K), 0.0057552 secs] 458490K->424038K(670096K), 0.0058498 secs] [Times: user=0.02 sys=0.00, real=0.01 secs] 
2020-10-28T11:46:58.283+0000: [GC (Allocation Failure) 2020-10-28T11:46:58.283+0000: [ParNew: 36486K->4102K(38720K), 0.0039236 secs] 458470K->426086K(670096K), 0.0039864 secs] [Times: user=0.01 sys=0.00, real=0.01 secs] 
2020-10-28T11:46:58.341+0000: [GC (Allocation Failure) 2020-10-28T11:46:58.341+0000: [ParNew: 38534K->2068K(38720K), 0.0036580 secs] 460518K->425076K(670096K), 0.0037222 secs] [Times: user=0.01 sys=0.00, real=0.00 secs] 
2020-10-28T11:46:58.402+0000: [GC (Allocation Failure) 2020-10-28T11:46:58.402+0000: [ParNew: 36500K->4104K(38720K), 0.0041439 secs] 459508K->428136K(670096K), 0.0042077 secs] [Times: user=0.01 sys=0.00, real=0.01 secs] 
2020-10-28T11:46:58.460+0000: [GC (Allocation Failure) 2020-10-28T11:46:58.460+0000: [ParNew: 38536K->4K(38720K), 0.0040528 secs] 462568K->428132K(670096K), 0.0041341 secs] [Times: user=0.00 sys=0.00, real=0.00 secs] 
2020-10-28T11:46:58.526+0000: [GC (Allocation Failure) 2020-10-28T11:46:58.526+0000: [ParNew: 34436K->4100K(38720K), 0.0037741 secs] 462564K->432228K(670096K), 0.0038565 secs] [Times: user=0.01 sys=0.00, real=0.01 secs] 
2020-10-28T11:46:58.582+0000: [GC (Allocation Failure) 2020-10-28T11:46:58.582+0000: [ParNew: 38532K->4102K(38720K), 0.0043576 secs] 466660K->434279K(670096K), 0.0044416 secs] [Times: user=0.01 sys=0.00, real=0.01 secs] 
2020-10-28T11:46:58.646+0000: [GC (Allocation Failure) 2020-10-28T11:46:58.646+0000: [ParNew: 38534K->6K(38720K), 0.0050803 secs] 468711K->432231K(670096K), 0.0051399 secs] [Times: user=0.01 sys=0.00, real=0.00 secs] 
2020-10-28T11:46:58.702+0000: [GC (Allocation Failure) 2020-10-28T11:46:58.702+0000: [ParNew: 34438K->4K(38720K), 0.0029657 secs] 466663K->432229K(670096K), 0.0030253 secs] [Times: user=0.01 sys=0.00, real=0.00 secs] 
2020-10-28T11:46:58.758+0000: [GC (Allocation Failure) 2020-10-28T11:46:58.758+0000: [ParNew: 34436K->6K(38720K), 0.0029687 secs] 466661K->432231K(670096K), 0.0030479 secs] [Times: user=0.00 sys=0.00, real=0.00 secs] 
2020-10-28T11:46:58.820+0000: [GC (Allocation Failure) 2020-10-28T11:46:58.820+0000: [ParNew: 34438K->6K(38720K), 0.0103136 secs] 466663K->432231K(670096K), 0.0103954 secs] [Times: user=0.02 sys=0.00, real=0.01 secs] 
2020-10-28T11:46:58.882+0000: [GC (Allocation Failure) 2020-10-28T11:46:58.882+0000: [ParNew: 34438K->4K(38720K), 0.0061089 secs] 466663K->432229K(670096K), 0.0061885 secs] [Times: user=0.01 sys=0.00, real=0.01 secs] 
2020-10-28T11:46:58.946+0000: [GC (Allocation Failure) 2020-10-28T11:46:58.946+0000: [ParNew: 34436K->6K(38720K), 0.0063001 secs] 466661K->432231K(670096K), 0.0063807 secs] [Times: user=0.01 sys=0.00, real=0.00 secs] 
2020-10-28T11:46:59.002+0000: [GC (Allocation Failure) 2020-10-28T11:46:59.002+0000: [ParNew: 34438K->4K(38720K), 0.0060896 secs] 466663K->432229K(670096K), 0.0061480 secs] [Times: user=0.01 sys=0.00, real=0.01 secs] 
2020-10-28T11:46:59.062+0000: [GC (Allocation Failure) 2020-10-28T11:46:59.062+0000: [ParNew: 34436K->6K(38720K), 0.0062227 secs] 466661K->432231K(670096K), 0.0062847 secs] [Times: user=0.01 sys=0.00, real=0.01 secs] 
2020-10-28T11:46:59.134+0000: [GC (Allocation Failure) 2020-10-28T11:46:59.134+0000: [ParNew: 34438K->4K(38720K), 0.0062779 secs] 466663K->432229K(670096K), 0.0063298 secs] [Times: user=0.01 sys=0.00, real=0.01 secs] 
2020-10-28T11:46:59.230+0000: [GC (Allocation Failure) 2020-10-28T11:46:59.230+0000: [ParNew: 34436K->6K(38720K), 0.0029708 secs] 466661K->432231K(670096K), 0.0030309 secs] [Times: user=0.01 sys=0.00, real=0.00 secs] 
2020-10-28T11:46:59.290+0000: [GC (Allocation Failure) 2020-10-28T11:46:59.290+0000: [ParNew: 34438K->6K(38720K), 0.0051517 secs] 466663K->432231K(670096K), 0.0052135 secs] [Times: user=0.01 sys=0.00, real=0.00 secs] 
2020-10-28T11:46:59.340+0000: [GC (Allocation Failure) 2020-10-28T11:46:59.340+0000: [ParNew: 34438K->6K(38720K), 0.0031255 secs] 466663K->432231K(670096K), 0.0031827 secs] [Times: user=0.01 sys=0.00, real=0.00 secs] 
2020-10-28T11:46:59.381+0000: [GC (Allocation Failure) 2020-10-28T11:46:59.381+0000: [ParNew: 34438K->4102K(38720K), 0.0042200 secs] 466663K->440423K(670096K), 0.0042773 secs] [Times: user=0.00 sys=0.00, real=0.00 secs] 
2020-10-28T11:46:59.421+0000: [GC (Allocation Failure) 2020-10-28T11:46:59.421+0000: [ParNew: 38534K->4102K(38720K), 0.0047274 secs] 474855K->444519K(670096K), 0.0047838 secs] [Times: user=0.01 sys=0.00, real=0.01 secs] 
2020-10-28T11:46:59.466+0000: [GC (Allocation Failure) 2020-10-28T11:46:59.466+0000: [ParNew: 38534K->4116K(38720K), 0.0088123 secs] 478951K->452725K(670096K), 0.0088767 secs] [Times: user=0.02 sys=0.00, real=0.00 secs] 
2020-10-28T11:46:59.478+0000: [GC (CMS Initial Mark) [1 CMS-initial-mark: 448609K(631376K)] 454221K(670096K), 0.0025411 secs] [Times: user=0.01 sys=0.00, real=0.00 secs] 
2020-10-28T11:46:59.480+0000: [CMS-concurrent-mark-start]
2020-10-28T11:46:59.529+0000: [GC (Allocation Failure) 2020-10-28T11:46:59.529+0000: [ParNew: 38548K->4K(38720K), 0.0029493 secs] 487157K->448614K(670096K), 0.0030084 secs] [Times: user=0.01 sys=0.00, real=0.00 secs] 
2020-10-28T11:46:59.576+0000: [GC (Allocation Failure) 2020-10-28T11:46:59.576+0000: [ParNew: 34436K->6K(38720K), 0.0029756 secs] 483046K->448616K(670096K), 0.0030464 secs] [Times: user=0.01 sys=0.00, real=0.01 secs] 
2020-10-28T11:46:59.657+0000: [CMS-concurrent-mark: 0.166/0.176 secs] [Times: user=0.32 sys=0.01, real=0.17 secs] 
2020-10-28T11:46:59.657+0000: [GC (Allocation Failure) 2020-10-28T11:46:59.657+0000: [ParNew: 34438K->6K(38720K), 0.0030229 secs] 483048K->448616K(670096K), 0.0030786 secs] [Times: user=0.01 sys=0.00, real=0.01 secs] 
2020-10-28T11:46:59.694+0000: [CMS-concurrent-preclean-start]
2020-10-28T11:46:59.696+0000: [CMS-concurrent-preclean: 0.003/0.003 secs] [Times: user=0.00 sys=0.00, real=0.00 secs] 
2020-10-28T11:46:59.697+0000: [CMS-concurrent-abortable-preclean-start]
2020-10-28T11:46:59.717+0000: [GC (Allocation Failure) 2020-10-28T11:46:59.717+0000: [ParNew: 34438K->4K(38720K), 0.0026382 secs] 483048K->448614K(670096K), 0.0026860 secs] [Times: user=0.01 sys=0.00, real=0.01 secs] 
2020-10-28T11:46:59.762+0000: [GC (Allocation Failure) 2020-10-28T11:46:59.762+0000: [ParNew: 34436K->4K(38720K), 0.0028347 secs] 483046K->448614K(670096K), 0.0028934 secs] [Times: user=0.00 sys=0.00, real=0.00 secs] 
2020-10-28T11:46:59.803+0000: [GC (Allocation Failure) 2020-10-28T11:46:59.803+0000: [ParNew: 34436K->6K(38720K), 0.0028032 secs] 483046K->448616K(670096K), 0.0028722 secs] [Times: user=0.00 sys=0.01, real=0.01 secs] 
2020-10-28T11:46:59.848+0000: [GC (Allocation Failure) 2020-10-28T11:46:59.848+0000: [ParNew: 34438K->4K(38720K), 0.0028080 secs] 483048K->448614K(670096K), 0.0028622 secs] [Times: user=0.01 sys=0.00, real=0.00 secs] 
2020-10-28T11:46:59.890+0000: [GC (Allocation Failure) 2020-10-28T11:46:59.890+0000: [ParNew: 34436K->6K(38720K), 0.0027891 secs] 483046K->448616K(670096K), 0.0028463 secs] [Times: user=0.01 sys=0.00, real=0.00 secs] 
2020-10-28T11:46:59.930+0000: [GC (Allocation Failure) 2020-10-28T11:46:59.930+0000: [ParNew: 34438K->6K(38720K), 0.0028237 secs] 483048K->448616K(670096K), 0.0028808 secs] [Times: user=0.01 sys=0.00, real=0.00 secs] 
2020-10-28T11:46:59.975+0000: [GC (Allocation Failure) 2020-10-28T11:46:59.976+0000: [ParNew: 34438K->6K(38720K), 0.0029311 secs] 483048K->448616K(670096K), 0.0029910 secs] [Times: user=0.00 sys=0.00, real=0.01 secs] 
2020-10-28T11:47:00.015+0000: [GC (Allocation Failure) 2020-10-28T11:47:00.015+0000: [ParNew: 34438K->4K(38720K), 0.0031823 secs] 483048K->448614K(670096K), 0.0032468 secs] [Times: user=0.00 sys=0.00, real=0.01 secs] 
2020-10-28T11:47:00.063+0000: [GC (Allocation Failure) 2020-10-28T11:47:00.063+0000: [ParNew: 34436K->6K(38720K), 0.0030487 secs] 483046K->448616K(670096K), 0.0031106 secs] [Times: user=0.01 sys=0.00, real=0.01 secs] 
2020-10-28T11:47:00.103+0000: [GC (Allocation Failure) 2020-10-28T11:47:00.103+0000: [ParNew: 34438K->4K(38720K), 0.0029982 secs] 483048K->448614K(670096K), 0.0030594 secs] [Times: user=0.00 sys=0.00, real=0.01 secs] 
2020-10-28T11:47:00.142+0000: [GC (Allocation Failure) 2020-10-28T11:47:00.142+0000: [ParNew: 34436K->4K(38720K), 0.0030164 secs] 483046K->448614K(670096K), 0.0030790 secs] [Times: user=0.01 sys=0.00, real=0.00 secs] 
2020-10-28T11:47:00.181+0000: [GC (Allocation Failure) 2020-10-28T11:47:00.181+0000: [ParNew: 34436K->6K(38720K), 0.0029998 secs] 483046K->448616K(670096K), 0.0030624 secs] [Times: user=0.01 sys=0.00, real=0.00 secs] 
2020-10-28T11:47:00.228+0000: [GC (Allocation Failure) 2020-10-28T11:47:00.228+0000: [ParNew: 34438K->6K(38720K), 0.0028401 secs] 483048K->448616K(670096K), 0.0028968 secs] [Times: user=0.00 sys=0.00, real=0.00 secs] 
2020-10-28T11:47:00.272+0000: [GC (Allocation Failure) 2020-10-28T11:47:00.272+0000: [ParNew: 34438K->6K(38720K), 0.0028506 secs] 483048K->448616K(670096K), 0.0029088 secs] [Times: user=0.01 sys=0.00, real=0.00 secs] 
2020-10-28T11:47:00.312+0000: [GC (Allocation Failure) 2020-10-28T11:47:00.312+0000: [ParNew: 34438K->6K(38720K), 0.0028028 secs] 483048K->448616K(670096K), 0.0028600 secs] [Times: user=0.01 sys=0.00, real=0.00 secs] 
2020-10-28T11:47:00.352+0000: [GC (Allocation Failure) 2020-10-28T11:47:00.352+0000: [ParNew: 34438K->6K(38720K), 0.0027372 secs] 483048K->448616K(670096K), 0.0027940 secs] [Times: user=0.00 sys=0.00, real=0.00 secs] 
2020-10-28T11:47:00.401+0000: [GC (Allocation Failure) 2020-10-28T11:47:00.402+0000: [ParNew: 34438K->6K(38720K), 0.0029017 secs] 483048K->448616K(670096K), 0.0029602 secs] [Times: user=0.00 sys=0.00, real=0.00 secs] 
2020-10-28T11:47:00.442+0000: [GC (Allocation Failure) 2020-10-28T11:47:00.442+0000: [ParNew: 34438K->6K(38720K), 0.0028596 secs] 483048K->448616K(670096K), 0.0029173 secs] [Times: user=0.00 sys=0.00, real=0.00 secs] 
2020-10-28T11:47:00.481+0000: [GC (Allocation Failure) 2020-10-28T11:47:00.481+0000: [ParNew: 34438K->6K(38720K), 0.0029017 secs] 483048K->448616K(670096K), 0.0029568 secs] [Times: user=0.00 sys=0.00, real=0.00 secs] 
2020-10-28T11:47:00.525+0000: [GC (Allocation Failure) 2020-10-28T11:47:00.525+0000: [ParNew: 34438K->6K(38720K), 0.0028065 secs] 483048K->448616K(670096K), 0.0028624 secs] [Times: user=0.01 sys=0.00, real=0.01 secs] 
2020-10-28T11:47:00.564+0000: [GC (Allocation Failure) 2020-10-28T11:47:00.564+0000: [ParNew: 34438K->4K(38720K), 0.0029599 secs] 483048K->448614K(670096K), 0.0030205 secs] [Times: user=0.00 sys=0.00, real=0.01 secs] 
2020-10-28T11:47:00.606+0000: [GC (Allocation Failure) 2020-10-28T11:47:00.606+0000: [ParNew: 34436K->6K(38720K), 0.0029816 secs] 483046K->448616K(670096K), 0.0030414 secs] [Times: user=0.00 sys=0.00, real=0.00 secs] 
2020-10-28T11:47:00.646+0000: [GC (Allocation Failure) 2020-10-28T11:47:00.646+0000: [ParNew: 34438K->4K(38720K), 0.0029870 secs] 483048K->448614K(670096K), 0.0030489 secs] [Times: user=0.01 sys=0.00, real=0.00 secs] 
2020-10-28T11:47:00.685+0000: [GC (Allocation Failure) 2020-10-28T11:47:00.685+0000: [ParNew: 34436K->4K(38720K), 0.0030349 secs] 483046K->448614K(670096K), 0.0030969 secs] [Times: user=0.01 sys=0.00, real=0.01 secs] 
2020-10-28T11:47:00.718+0000: [GC (Allocation Failure) 2020-10-28T11:47:00.719+0000: [ParNew: 34436K->6K(38720K), 0.0085214 secs] 483046K->456808K(670096K), 0.0085854 secs] [Times: user=0.01 sys=0.01, real=0.01 secs] 
2020-10-28T11:47:00.757+0000: [GC (Allocation Failure) 2020-10-28T11:47:00.757+0000: [ParNew: 34438K->6K(38720K), 0.0085615 secs] 491240K->465000K(670096K), 0.0086301 secs] [Times: user=0.01 sys=0.01, real=0.02 secs] 
2020-10-28T11:47:00.802+0000: [GC (Allocation Failure) 2020-10-28T11:47:00.802+0000: [ParNew: 34438K->8K(38720K), 0.0087043 secs] 499432K->473194K(670096K), 0.0087711 secs] [Times: user=0.01 sys=0.01, real=0.01 secs] 
2020-10-28T11:47:00.848+0000: [GC (Allocation Failure) 2020-10-28T11:47:00.848+0000: [ParNew: 34440K->6K(38720K), 0.0030610 secs] 507626K->473192K(670096K), 0.0031190 secs] [Times: user=0.00 sys=0.00, real=0.00 secs] 
2020-10-28T11:47:00.884+0000: [GC (Allocation Failure) 2020-10-28T11:47:00.884+0000: [ParNew: 34438K->6K(38720K), 0.0081975 secs] 507624K->481384K(670096K), 0.0082552 secs] [Times: user=0.02 sys=0.00, real=0.01 secs] 
2020-10-28T11:47:00.930+0000: [GC (Allocation Failure) 2020-10-28T11:47:00.930+0000: [ParNew: 34438K->6K(38720K), 0.0029590 secs] 515816K->481384K(670096K), 0.0030173 secs] [Times: user=0.01 sys=0.00, real=0.00 secs] 
2020-10-28T11:47:00.970+0000: [GC (Allocation Failure) 2020-10-28T11:47:00.970+0000: [ParNew: 34438K->6K(38720K), 0.0027642 secs] 515816K->481384K(670096K), 0.0028203 secs] [Times: user=0.01 sys=0.00, real=0.00 secs] 
2020-10-28T11:47:01.009+0000: [GC (Allocation Failure) 2020-10-28T11:47:01.009+0000: [ParNew: 34438K->6K(38720K), 0.0028800 secs] 515816K->481384K(670096K), 0.0029394 secs] [Times: user=0.01 sys=0.00, real=0.00 secs] 
2020-10-28T11:47:01.052+0000: [GC (Allocation Failure) 2020-10-28T11:47:01.052+0000: [ParNew: 34438K->6K(38720K), 0.0029823 secs] 515816K->481384K(670096K), 0.0030433 secs] [Times: user=0.01 sys=0.00, real=0.00 secs] 
2020-10-28T11:47:01.100+0000: [GC (Allocation Failure) 2020-10-28T11:47:01.100+0000: [ParNew: 34438K->4K(38720K), 0.0030029 secs] 515816K->481382K(670096K), 0.0030603 secs] [Times: user=0.01 sys=0.00, real=0.00 secs] 
2020-10-28T11:47:01.146+0000: [GC (Allocation Failure) 2020-10-28T11:47:01.146+0000: [ParNew: 34436K->6K(38720K), 0.0028239 secs] 515814K->481385K(670096K), 0.0028742 secs] [Times: user=0.01 sys=0.00, real=0.00 secs] 
2020-10-28T11:47:01.186+0000: [GC (Allocation Failure) 2020-10-28T11:47:01.186+0000: [ParNew: 34438K->4K(38720K), 0.0028944 secs] 515817K->481383K(670096K), 0.0029532 secs] [Times: user=0.00 sys=0.00, real=0.00 secs] 
2020-10-28T11:47:01.225+0000: [GC (Allocation Failure) 2020-10-28T11:47:01.225+0000: [ParNew: 34436K->6K(38720K), 0.0027584 secs] 515815K->481385K(670096K), 0.0028152 secs] [Times: user=0.01 sys=0.00, real=0.01 secs] 
2020-10-28T11:47:01.267+0000: [GC (Allocation Failure) 2020-10-28T11:47:01.267+0000: [ParNew: 34438K->4K(38720K), 0.0029128 secs] 515817K->481383K(670096K), 0.0029719 secs] [Times: user=0.00 sys=0.00, real=0.00 secs] 
2020-10-28T11:47:01.307+0000: [GC (Allocation Failure) 2020-10-28T11:47:01.307+0000: [ParNew: 34436K->4K(38720K), 0.0029127 secs] 515815K->481383K(670096K), 0.0029715 secs] [Times: user=0.01 sys=0.00, real=0.00 secs] 
2020-10-28T11:47:01.352+0000: [GC (Allocation Failure) 2020-10-28T11:47:01.352+0000: [ParNew: 34436K->6K(38720K), 0.0029752 secs] 515815K->481385K(670096K), 0.0030381 secs] [Times: user=0.00 sys=0.00, real=0.00 secs] 
2020-10-28T11:47:01.392+0000: [GC (Allocation Failure) 2020-10-28T11:47:01.392+0000: [ParNew: 34438K->6K(38720K), 0.0030311 secs] 515817K->481385K(670096K), 0.0030958 secs] [Times: user=0.00 sys=0.00, real=0.00 secs] 
2020-10-28T11:47:01.432+0000: [GC (Allocation Failure) 2020-10-28T11:47:01.432+0000: [ParNew: 34438K->4K(38720K), 0.0030025 secs] 515817K->481383K(670096K), 0.0030649 secs] [Times: user=0.00 sys=0.00, real=0.00 secs] 
2020-10-28T11:47:01.478+0000: [GC (Allocation Failure) 2020-10-28T11:47:01.478+0000: [ParNew: 34436K->4K(38720K), 0.0030094 secs] 515815K->481383K(670096K), 0.0030709 secs] [Times: user=0.00 sys=0.00, real=0.01 secs] 
2020-10-28T11:47:01.521+0000: [GC (Allocation Failure) 2020-10-28T11:47:01.521+0000: [ParNew: 34436K->6K(38720K), 0.0029981 secs] 515815K->481385K(670096K), 0.0030598 secs] [Times: user=0.01 sys=0.00, real=0.00 secs] 
2020-10-28T11:47:01.560+0000: [GC (Allocation Failure) 2020-10-28T11:47:01.560+0000: [ParNew: 34438K->6K(38720K), 0.0030615 secs] 515817K->481385K(670096K), 0.0031244 secs] [Times: user=0.00 sys=0.00, real=0.00 secs] 
2020-10-28T11:47:01.600+0000: [GC (Allocation Failure) 2020-10-28T11:47:01.600+0000: [ParNew: 34438K->4K(38720K), 0.0031024 secs] 515817K->481383K(670096K), 0.0031634 secs] [Times: user=0.01 sys=0.00, real=0.00 secs] 
2020-10-28T11:47:01.642+0000: [GC (Allocation Failure) 2020-10-28T11:47:01.642+0000: [ParNew: 34436K->6K(38720K), 0.0029998 secs] 515815K->481385K(670096K), 0.0030624 secs] [Times: user=0.00 sys=0.00, real=0.00 secs] 
2020-10-28T11:47:01.687+0000: [GC (Allocation Failure) 2020-10-28T11:47:01.687+0000: [ParNew: 34438K->4K(38720K), 0.0061999 secs] 515817K->481383K(670096K), 0.0062642 secs] [Times: user=0.01 sys=0.00, real=0.00 secs] 
2020-10-28T11:47:01.738+0000: [GC (Allocation Failure) 2020-10-28T11:47:01.738+0000: [ParNew: 34436K->6K(38720K), 0.0029648 secs] 515815K->481385K(670096K), 0.0030291 secs] [Times: user=0.00 sys=0.00, real=0.00 secs] 
2020-10-28T11:47:01.784+0000: [GC (Allocation Failure) 2020-10-28T11:47:01.784+0000: [ParNew: 34438K->6K(38720K), 0.0030446 secs] 515817K->481385K(670096K), 0.0031068 secs] [Times: user=0.00 sys=0.00, real=0.01 secs] 
2020-10-28T11:47:01.829+0000: [GC (Allocation Failure) 2020-10-28T11:47:01.829+0000: [ParNew: 34438K->4K(38720K), 0.0032589 secs] 515817K->481383K(670096K), 0.0033819 secs] [Times: user=0.01 sys=0.00, real=0.00 secs] 
2020-10-28T11:47:01.869+0000: [GC (Allocation Failure) 2020-10-28T11:47:01.869+0000: [ParNew: 34436K->6K(38720K), 0.0029860 secs] 515815K->481385K(670096K), 0.0030491 secs] [Times: user=0.00 sys=0.00, real=0.00 secs] 
2020-10-28T11:47:01.913+0000: [GC (Allocation Failure) 2020-10-28T11:47:01.913+0000: [ParNew: 34438K->6K(38720K), 0.0030765 secs] 515817K->481385K(670096K), 0.0031381 secs] [Times: user=0.01 sys=0.00, real=0.00 secs] 
2020-10-28T11:47:01.953+0000: [GC (Allocation Failure) 2020-10-28T11:47:01.953+0000: [ParNew: 34438K->6K(38720K), 0.0029854 secs] 515817K->481385K(670096K), 0.0030590 secs] [Times: user=0.01 sys=0.00, real=0.00 secs] 
2020-10-28T11:47:01.997+0000: [GC (Allocation Failure) 2020-10-28T11:47:01.997+0000: [ParNew: 34438K->6K(38720K), 0.0029621 secs] 515817K->481385K(670096K), 0.0030227 secs] [Times: user=0.01 sys=0.00, real=0.01 secs] 
2020-10-28T11:47:02.036+0000: [GC (Allocation Failure) 2020-10-28T11:47:02.036+0000: [ParNew: 34438K->6K(38720K), 0.0031059 secs] 515817K->481385K(670096K), 0.0031678 secs] [Times: user=0.00 sys=0.00, real=0.01 secs] 
2020-10-28T11:47:02.076+0000: [GC (Allocation Failure) 2020-10-28T11:47:02.076+0000: [ParNew: 34438K->6K(38720K), 0.0029782 secs] 515817K->481385K(670096K), 0.0030393 secs] [Times: user=0.00 sys=0.00, real=0.01 secs] 
2020-10-28T11:47:02.115+0000: [GC (Allocation Failure) 2020-10-28T11:47:02.115+0000: [ParNew: 34438K->6K(38720K), 0.0029671 secs] 515817K->481385K(670096K), 0.0030258 secs] [Times: user=0.00 sys=0.00, real=0.01 secs] 
2020-10-28T11:47:02.158+0000: [GC (Allocation Failure) 2020-10-28T11:47:02.158+0000: [ParNew: 34438K->6K(38720K), 0.0029369 secs] 515817K->481386K(670096K), 0.0029989 secs] [Times: user=0.01 sys=0.00, real=0.00 secs] 
2020-10-28T11:47:02.197+0000: [GC (Allocation Failure) 2020-10-28T11:47:02.197+0000: [ParNew: 34433K->6K(38720K), 0.0030294 secs] 515813K->481386K(670096K), 0.0030921 secs] [Times: user=0.00 sys=0.00, real=0.01 secs] 
2020-10-28T11:47:02.237+0000: [GC (Allocation Failure) 2020-10-28T11:47:02.237+0000: [ParNew: 34438K->6K(38720K), 0.0029494 secs] 515818K->481385K(670096K), 0.0030114 secs] [Times: user=0.00 sys=0.00, real=0.01 secs] 
2020-10-28T11:47:02.276+0000: [GC (Allocation Failure) 2020-10-28T11:47:02.276+0000: [ParNew: 34438K->6K(38720K), 0.0029790 secs] 515817K->481385K(670096K), 0.0030408 secs] [Times: user=0.01 sys=0.00, real=0.01 secs] 
2020-10-28T11:47:02.317+0000: [GC (Allocation Failure) 2020-10-28T11:47:02.317+0000: [ParNew: 34438K->6K(38720K), 0.0030922 secs] 515817K->481385K(670096K), 0.0031514 secs] [Times: user=0.01 sys=0.00, real=0.01 secs] 
2020-10-28T11:47:02.362+0000: [GC (Allocation Failure) 2020-10-28T11:47:02.362+0000: [ParNew: 34438K->6K(38720K), 0.0029744 secs] 515817K->481385K(670096K), 0.0030480 secs] [Times: user=0.01 sys=0.00, real=0.00 secs] 
2020-10-28T11:47:02.405+0000: [GC (Allocation Failure) 2020-10-28T11:47:02.405+0000: [ParNew: 34438K->6K(38720K), 0.0030102 secs] 515817K->481385K(670096K), 0.0030711 secs] [Times: user=0.01 sys=0.00, real=0.01 secs] 
2020-10-28T11:47:02.448+0000: [GC (Allocation Failure) 2020-10-28T11:47:02.448+0000: [ParNew: 34438K->6K(38720K), 0.0029541 secs] 515817K->481385K(670096K), 0.0030158 secs] [Times: user=0.00 sys=0.00, real=0.00 secs] 
2020-10-28T11:47:02.489+0000: [GC (Allocation Failure) 2020-10-28T11:47:02.489+0000: [ParNew: 34438K->6K(38720K), 0.0029794 secs] 515817K->481385K(670096K), 0.0030396 secs] [Times: user=0.01 sys=0.00, real=0.00 secs] 
2020-10-28T11:47:02.528+0000: [GC (Allocation Failure) 2020-10-28T11:47:02.528+0000: [ParNew: 34438K->6K(38720K), 0.0028390 secs] 515817K->481385K(670096K), 0.0028954 secs] [Times: user=0.00 sys=0.00, real=0.00 secs] 
2020-10-28T11:47:02.571+0000: [GC (Allocation Failure) 2020-10-28T11:47:02.571+0000: [ParNew: 34438K->6K(38720K), 0.0028879 secs] 515817K->481385K(670096K), 0.0029482 secs] [Times: user=0.00 sys=0.00, real=0.00 secs] 
2020-10-28T11:47:02.614+0000: [GC (Allocation Failure) 2020-10-28T11:47:02.614+0000: [ParNew: 34438K->6K(38720K), 0.0029311 secs] 515817K->481385K(670096K), 0.0029938 secs] [Times: user=0.00 sys=0.00, real=0.00 secs] 
2020-10-28T11:47:02.653+0000: [GC (Allocation Failure) 2020-10-28T11:47:02.653+0000: [ParNew: 34438K->6K(38720K), 0.0029038 secs] 515817K->481385K(670096K), 0.0029618 secs] [Times: user=0.01 sys=0.00, real=0.00 secs] 
2020-10-28T11:47:02.698+0000: [GC (Allocation Failure) 2020-10-28T11:47:02.698+0000: [ParNew: 34438K->4K(38720K), 0.0030475 secs] 515817K->481383K(670096K), 0.0031098 secs] [Times: user=0.01 sys=0.01, real=0.01 secs] 
2020-10-28T11:47:02.741+0000: [GC (Allocation Failure) 2020-10-28T11:47:02.741+0000: [ParNew: 34436K->6K(38720K), 0.0029789 secs] 515815K->481386K(670096K), 0.0030411 secs] [Times: user=0.01 sys=0.00, real=0.00 secs] 
2020-10-28T11:47:02.782+0000: [GC (Allocation Failure) 2020-10-28T11:47:02.782+0000: [ParNew: 34438K->6K(38720K), 0.0029780 secs] 515818K->481386K(670096K), 0.0030397 secs] [Times: user=0.01 sys=0.00, real=0.00 secs] 
2020-10-28T11:47:02.822+0000: [GC (Allocation Failure) 2020-10-28T11:47:02.822+0000: [ParNew: 34438K->6K(38720K), 0.0029549 secs] 515818K->481386K(670096K), 0.0030162 secs] [Times: user=0.00 sys=0.00, real=0.00 secs] 
2020-10-28T11:47:02.865+0000: [GC (Allocation Failure) 2020-10-28T11:47:02.866+0000: [ParNew: 34438K->4K(38720K), 0.0028570 secs] 515818K->481384K(670096K), 0.0029180 secs] [Times: user=0.01 sys=0.00, real=0.01 secs] 
2020-10-28T11:47:02.910+0000: [GC (Allocation Failure) 2020-10-28T11:47:02.910+0000: [ParNew: 34436K->4K(38720K), 0.0028049 secs] 515816K->481384K(670096K), 0.0028640 secs] [Times: user=0.01 sys=0.00, real=0.00 secs] 
2020-10-28T11:47:02.958+0000: [GC (Allocation Failure) 2020-10-28T11:47:02.958+0000: [ParNew: 34436K->4K(38720K), 0.0028415 secs] 515816K->481384K(670096K), 0.0029252 secs] [Times: user=0.00 sys=0.00, real=0.00 secs] 
2020-10-28T11:47:03.014+0000: [GC (Allocation Failure) 2020-10-28T11:47:03.014+0000: [ParNew: 34436K->6K(38720K), 0.0029444 secs] 515816K->481386K(670096K), 0.0030051 secs] [Times: user=0.01 sys=0.00, real=0.00 secs] 
2020-10-28T11:47:03.062+0000: [GC (Allocation Failure) 2020-10-28T11:47:03.062+0000: [ParNew: 34438K->6K(38720K), 0.0029394 secs] 515818K->481386K(670096K), 0.0030018 secs] [Times: user=0.01 sys=0.00, real=0.00 secs] 
2020-10-28T11:47:03.103+0000: [GC (Allocation Failure) 2020-10-28T11:47:03.103+0000: [ParNew: 34438K->6K(38720K), 0.0026633 secs] 515818K->481386K(670096K), 0.0027194 secs] [Times: user=0.01 sys=0.00, real=0.00 secs] 
2020-10-28T11:47:03.143+0000: [GC (Allocation Failure) 2020-10-28T11:47:03.144+0000: [ParNew: 34438K->4K(38720K), 0.0029946 secs] 515818K->481384K(670096K), 0.0030523 secs] [Times: user=0.01 sys=0.00, real=0.01 secs] 
2020-10-28T11:47:03.186+0000: [GC (Allocation Failure) 2020-10-28T11:47:03.186+0000: [ParNew: 34436K->4K(38720K), 0.0029874 secs] 515816K->481384K(670096K), 0.0030586 secs] [Times: user=0.01 sys=0.00, real=0.00 secs] 
2020-10-28T11:47:03.217+0000: [GC (Allocation Failure) 2020-10-28T11:47:03.217+0000: [ParNew: 26337K->6K(38720K), 0.0026722 secs] 507717K->481386K(670096K), 0.0027241 secs] [Times: user=0.00 sys=0.00, real=0.01 secs] 
2020-10-28T11:47:03.245+0000: [GC (Allocation Failure) 2020-10-28T11:47:03.246+0000: [ParNew: 34438K->6K(38720K), 0.0148812 secs] 515818K->497770K(670096K), 0.0149461 secs] [Times: user=0.02 sys=0.01, real=0.02 secs] 
2020-10-28T11:47:03.296+0000: [GC (Allocation Failure) 2020-10-28T11:47:03.296+0000: [ParNew: 34424K->6K(38720K), 0.0030446 secs] 532188K->497770K(670096K), 0.0031067 secs] [Times: user=0.00 sys=0.00, real=0.01 secs] 
2020-10-28T11:47:03.342+0000: [GC (Allocation Failure) 2020-10-28T11:47:03.342+0000: [ParNew: 34438K->6K(38720K), 0.0029283 secs] 532202K->497770K(670096K), 0.0029894 secs] [Times: user=0.00 sys=0.00, real=0.00 secs] 
2020-10-28T11:47:03.381+0000: [GC (Allocation Failure) 2020-10-28T11:47:03.381+0000: [ParNew: 34438K->4K(38720K), 0.0029490 secs] 532202K->497768K(670096K), 0.0030104 secs] [Times: user=0.01 sys=0.00, real=0.00 secs] 
2020-10-28T11:47:03.406+0000: [GC (Allocation Failure) 2020-10-28T11:47:03.406+0000: [ParNew: 28645K->6K(38720K), 0.0149537 secs] 526409K->514154K(670096K), 0.0150134 secs] [Times: user=0.02 sys=0.01, real=0.01 secs] 
2020-10-28T11:47:03.444+0000: [GC (Allocation Failure) 2020-10-28T11:47:03.444+0000: [ParNew: 34438K->6K(38720K), 0.0144754 secs] 548586K->530538K(670096K), 0.0145389 secs] [Times: user=0.02 sys=0.01, real=0.02 secs] 
2020-10-28T11:47:03.462+0000: [CMS-concurrent-abortable-preclean: 0.157/3.765 secs] [Times: user=6.88 sys=0.32, real=3.77 secs] 
2020-10-28T11:47:03.477+0000: [GC (CMS Final Remark) [YG occupancy: 12455 K (38720 K)]2020-10-28T11:47:03.477+0000: [Rescan (parallel) , 0.0105628 secs]2020-10-28T11:47:03.488+0000: [weak refs processing, 0.0000534 secs]2020-10-28T11:47:03.488+0000: [class unloading, 0.0088072 secs]2020-10-28T11:47:03.496+0000: [scrub symbol table, 0.0091432 secs]2020-10-28T11:47:03.506+0000: [scrub string table, 0.0007236 secs][1 CMS-remark: 530532K(631376K)] 542987K(670096K), 0.0294080 secs] [Times: user=0.04 sys=0.00, real=0.04 secs] 
2020-10-28T11:47:03.518+0000: [CMS-concurrent-sweep-start]
2020-10-28T11:47:03.520+0000: [GC (Allocation Failure) 2020-10-28T11:47:03.520+0000: [ParNew: 34438K->6K(38720K), 0.0144144 secs] 564967K->546920K(670096K), 0.0144721 secs] [Times: user=0.02 sys=0.01, real=0.01 secs] 
2020-10-28T11:47:03.582+0000: [GC (Allocation Failure) 2020-10-28T11:47:03.582+0000: [ParNew: 34438K->6K(38720K), 0.0029410 secs] 580936K->546504K(670096K), 0.0030230 secs] [Times: user=0.01 sys=0.00, real=0.00 secs] 
2020-10-28T11:47:03.590+0000: [CMS-concurrent-sweep: 0.044/0.072 secs] [Times: user=0.13 sys=0.01, real=0.07 secs] 
2020-10-28T11:47:03.594+0000: [CMS-concurrent-reset-start]
2020-10-28T11:47:03.634+0000: [CMS-concurrent-reset: 0.039/0.039 secs] [Times: user=0.08 sys=0.00, real=0.04 secs] 
2020-10-28T11:47:03.634+0000: [GC (Allocation Failure) 2020-10-28T11:47:03.634+0000: [ParNew: 34438K->6K(38720K), 0.0034628 secs] 503659K->469227K(820756K), 0.0035065 secs] [Times: user=0.01 sys=0.00, real=0.01 secs] 
2020-10-28T11:47:03.673+0000: [GC (Allocation Failure) 2020-10-28T11:47:03.673+0000: [ParNew: 34438K->6K(38720K), 0.0035124 secs] 503659K->469227K(820756K), 0.0035740 secs] [Times: user=0.01 sys=0.00, real=0.00 secs] 
2020-10-28T11:47:03.712+0000: [GC (Allocation Failure) 2020-10-28T11:47:03.712+0000: [ParNew: 34438K->6K(38720K), 0.0034961 secs] 503659K->469227K(820756K), 0.0035589 secs] [Times: user=0.01 sys=0.00, real=0.00 secs] 
2020-10-28T11:47:03.750+0000: [GC (Allocation Failure) 2020-10-28T11:47:03.750+0000: [ParNew: 34438K->6K(38720K), 0.0034230 secs] 503659K->469227K(820756K), 0.0034810 secs] [Times: user=0.00 sys=0.00, real=0.00 secs] 
2020-10-28T11:47:03.794+0000: [GC (Allocation Failure) 2020-10-28T11:47:03.794+0000: [ParNew: 34438K->4K(38720K), 0.0034695 secs] 503659K->469225K(820756K), 0.0035435 secs] [Times: user=0.01 sys=0.00, real=0.01 secs] 
2020-10-28T11:47:03.834+0000: [GC (Allocation Failure) 2020-10-28T11:47:03.834+0000: [ParNew: 34436K->6K(38720K), 0.0033790 secs] 503657K->469227K(820756K), 0.0034373 secs] [Times: user=0.01 sys=0.00, real=0.00 secs] 
2020-10-28T11:47:03.874+0000: [GC (Allocation Failure) 2020-10-28T11:47:03.874+0000: [ParNew: 34438K->6K(38720K), 0.0033552 secs] 503659K->469227K(820756K), 0.0034120 secs] [Times: user=0.00 sys=0.00, real=0.00 secs] 
2020-10-28T11:47:03.917+0000: [GC (Allocation Failure) 2020-10-28T11:47:03.918+0000: [ParNew: 34438K->6K(38720K), 0.0034591 secs] 503659K->469227K(820756K), 0.0035191 secs] [Times: user=0.01 sys=0.00, real=0.01 secs] 
2020-10-28T11:47:03.958+0000: [GC (Allocation Failure) 2020-10-28T11:47:03.958+0000: [ParNew: 34438K->6K(38720K), 0.0034534 secs] 503659K->469227K(820756K), 0.0035137 secs] [Times: user=0.01 sys=0.00, real=0.01 secs] 
2020-10-28T11:47:03.998+0000: [GC (Allocation Failure) 2020-10-28T11:47:03.998+0000: [ParNew: 34438K->6K(38720K), 0.0033656 secs] 503659K->469227K(820756K), 0.0034265 secs] [Times: user=0.01 sys=0.00, real=0.00 secs] 
2020-10-28T11:47:04.042+0000: [GC (Allocation Failure) 2020-10-28T11:47:04.042+0000: [ParNew: 34438K->6K(38720K), 0.0033753 secs] 503659K->469227K(820756K), 0.0034348 secs] [Times: user=0.01 sys=0.00, real=0.00 secs] 
2020-10-28T11:47:04.085+0000: [GC (Allocation Failure) 2020-10-28T11:47:04.085+0000: [ParNew: 34438K->6K(38720K), 0.0033643 secs] 503659K->469227K(820756K), 0.0034246 secs] [Times: user=0.00 sys=0.00, real=0.01 secs] 
2020-10-28T11:47:04.126+0000: [GC (Allocation Failure) 2020-10-28T11:47:04.126+0000: [ParNew: 34438K->4K(38720K), 0.0033938 secs] 503659K->469225K(820756K), 0.0034525 secs] [Times: user=0.01 sys=0.00, real=0.00 secs] 
2020-10-28T11:47:04.165+0000: [GC (Allocation Failure) 2020-10-28T11:47:04.165+0000: [ParNew: 34436K->6K(38720K), 0.0034033 secs] 503657K->469227K(820756K), 0.0034635 secs] [Times: user=0.00 sys=0.00, real=0.01 secs] 
2020-10-28T11:47:04.207+0000: [GC (Allocation Failure) 2020-10-28T11:47:04.207+0000: [ParNew: 34438K->6K(38720K), 0.0034251 secs] 503659K->469227K(820756K), 0.0034903 secs] [Times: user=0.00 sys=0.00, real=0.00 secs] 
2020-10-28T11:47:04.245+0000: [GC (Allocation Failure) 2020-10-28T11:47:04.245+0000: [ParNew: 34438K->6K(38720K), 0.0032667 secs] 503659K->469227K(820756K), 0.0033374 secs] [Times: user=0.01 sys=0.00, real=0.01 secs] 
2020-10-28T11:47:04.283+0000: [GC (Allocation Failure) 2020-10-28T11:47:04.283+0000: [ParNew: 34438K->4K(38720K), 0.0033254 secs] 503659K->469225K(820756K), 0.0033830 secs] [Times: user=0.01 sys=0.00, real=0.01 secs] 
2020-10-28T11:47:04.328+0000: [GC (Allocation Failure) 2020-10-28T11:47:04.328+0000: [ParNew: 34436K->6K(38720K), 0.0034106 secs] 503657K->469227K(820756K), 0.0034713 secs] [Times: user=0.01 sys=0.00, real=0.00 secs] 
2020-10-28T11:47:04.366+0000: [GC (Allocation Failure) 2020-10-28T11:47:04.366+0000: [ParNew: 34438K->6K(38720K), 0.0032923 secs] 503659K->469227K(820756K), 0.0033479 secs] [Times: user=0.01 sys=0.00, real=0.00 secs] 
2020-10-28T11:47:04.408+0000: [GC (Allocation Failure) 2020-10-28T11:47:04.408+0000: [ParNew: 34438K->6K(38720K), 0.0033491 secs] 503659K->469227K(820756K), 0.0034067 secs] [Times: user=0.00 sys=0.00, real=0.00 secs] 
2020-10-28T11:47:04.447+0000: [GC (Allocation Failure) 2020-10-28T11:47:04.447+0000: [ParNew: 34438K->6K(38720K), 0.0033446 secs] 503659K->469227K(820756K), 0.0034028 secs] [Times: user=0.00 sys=0.00, real=0.00 secs] 
2020-10-28T11:47:04.489+0000: [GC (Allocation Failure) 2020-10-28T11:47:04.489+0000: [ParNew: 34438K->6K(38720K), 0.0033587 secs] 503659K->469227K(820756K), 0.0034144 secs] [Times: user=0.01 sys=0.00, real=0.00 secs] 
2020-10-28T11:47:04.534+0000: [GC (Allocation Failure) 2020-10-28T11:47:04.534+0000: [ParNew: 34438K->6K(38720K), 0.0034026 secs] 503659K->469227K(820756K), 0.0034606 secs] [Times: user=0.01 sys=0.00, real=0.00 secs] 
2020-10-28T11:47:04.573+0000: [GC (Allocation Failure) 2020-10-28T11:47:04.573+0000: [ParNew: 34438K->6K(38720K), 0.0033799 secs] 503659K->469227K(820756K), 0.0034379 secs] [Times: user=0.00 sys=0.00, real=0.00 secs] 
2020-10-28T11:47:04.614+0000: [GC (Allocation Failure) 2020-10-28T11:47:04.614+0000: [ParNew: 34438K->4K(38720K), 0.0033261 secs] 503659K->469225K(820756K), 0.0033815 secs] [Times: user=0.00 sys=0.00, real=0.00 secs] 
2020-10-28T11:47:04.656+0000: [GC (Allocation Failure) 2020-10-28T11:47:04.656+0000: [ParNew: 34436K->6K(38720K), 0.0033904 secs] 503657K->469227K(820756K), 0.0034492 secs] [Times: user=0.00 sys=0.00, real=0.01 secs] 
2020-10-28T11:47:04.695+0000: [GC (Allocation Failure) 2020-10-28T11:47:04.695+0000: [ParNew: 34438K->6K(38720K), 0.0034015 secs] 503659K->469227K(820756K), 0.0034609 secs] [Times: user=0.01 sys=0.00, real=0.01 secs] 
2020-10-28T11:47:04.738+0000: [GC (Allocation Failure) 2020-10-28T11:47:04.738+0000: [ParNew: 34438K->6K(38720K), 0.0033490 secs] 503659K->469227K(820756K), 0.0034077 secs] [Times: user=0.00 sys=0.00, real=0.00 secs] 
2020-10-28T11:47:04.777+0000: [GC (Allocation Failure) 2020-10-28T11:47:04.777+0000: [ParNew: 34438K->6K(38720K), 0.0034823 secs] 503659K->469227K(820756K), 0.0035689 secs] [Times: user=0.01 sys=0.00, real=0.01 secs] 
2020-10-28T11:47:04.818+0000: [GC (Allocation Failure) 2020-10-28T11:47:04.818+0000: [ParNew: 34438K->6K(38720K), 0.0034894 secs] 503659K->469227K(820756K), 0.0035475 secs] [Times: user=0.01 sys=0.00, real=0.00 secs] 
2020-10-28T11:47:04.865+0000: [GC (Allocation Failure) 2020-10-28T11:47:04.865+0000: [ParNew: 34438K->6K(38720K), 0.0034463 secs] 503659K->469227K(820756K), 0.0035084 secs] [Times: user=0.01 sys=0.00, real=0.01 secs] 
2020-10-28T11:47:04.910+0000: [GC (Allocation Failure) 2020-10-28T11:47:04.910+0000: [ParNew: 34438K->4K(38720K), 0.0036353 secs] 503659K->469225K(820756K), 0.0036923 secs] [Times: user=0.01 sys=0.00, real=0.00 secs] 
2020-10-28T11:47:04.952+0000: [GC (Allocation Failure) 2020-10-28T11:47:04.952+0000: [ParNew: 34436K->4K(38720K), 0.0035649 secs] 503657K->469225K(820756K), 0.0036196 secs] [Times: user=0.00 sys=0.00, real=0.00 secs] 
2020-10-28T11:47:04.994+0000: [GC (Allocation Failure) 2020-10-28T11:47:04.994+0000: [ParNew: 34436K->6K(38720K), 0.0050943 secs] 503657K->469227K(820756K), 0.0051452 secs] [Times: user=0.01 sys=0.00, real=0.01 secs] 
2020-10-28T11:47:05.040+0000: [GC (Allocation Failure) 2020-10-28T11:47:05.040+0000: [ParNew: 34438K->6K(38720K), 0.0034809 secs] 503659K->469227K(820756K), 0.0035358 secs] [Times: user=0.01 sys=0.00, real=0.00 secs] 
2020-10-28T11:47:05.082+0000: [GC (Allocation Failure) 2020-10-28T11:47:05.082+0000: [ParNew: 34438K->6K(38720K), 0.0034696 secs] 503659K->469227K(820756K), 0.0035269 secs] [Times: user=0.00 sys=0.00, real=0.00 secs] 
2020-10-28T11:47:05.121+0000: [GC (Allocation Failure) 2020-10-28T11:47:05.121+0000: [ParNew: 34438K->6K(38720K), 0.0034220 secs] 503659K->469227K(820756K), 0.0034755 secs] [Times: user=0.01 sys=0.00, real=0.00 secs] 
2020-10-28T11:47:05.164+0000: [GC (Allocation Failure) 2020-10-28T11:47:05.164+0000: [ParNew: 34438K->6K(38720K), 0.0040218 secs] 503659K->469227K(820756K), 0.0040767 secs] [Times: user=0.00 sys=0.00, real=0.01 secs] 
2020-10-28T11:47:05.204+0000: [GC (Allocation Failure) 2020-10-28T11:47:05.204+0000: [ParNew: 34438K->6K(38720K), 0.0032706 secs] 503659K->469227K(820756K), 0.0033223 secs] [Times: user=0.00 sys=0.00, real=0.01 secs] 
2020-10-28T11:47:05.247+0000: [GC (Allocation Failure) 2020-10-28T11:47:05.247+0000: [ParNew: 34438K->6K(38720K), 0.0035353 secs] 503659K->469227K(820756K), 0.0035864 secs] [Times: user=0.00 sys=0.00, real=0.00 secs] 
2020-10-28T11:47:05.290+0000: [GC (Allocation Failure) 2020-10-28T11:47:05.290+0000: [ParNew: 34438K->6K(38720K), 0.0033494 secs] 503659K->469227K(820756K), 0.0034035 secs] [Times: user=0.00 sys=0.00, real=0.00 secs] 
2020-10-28T11:47:05.331+0000: [GC (Allocation Failure) 2020-10-28T11:47:05.331+0000: [ParNew: 34438K->6K(38720K), 0.0034006 secs] 503659K->469227K(820756K), 0.0034549 secs] [Times: user=0.01 sys=0.00, real=0.00 secs] 
2020-10-28T11:47:05.374+0000: [GC (Allocation Failure) 2020-10-28T11:47:05.374+0000: [ParNew: 34438K->4K(38720K), 0.0033888 secs] 503659K->469225K(820756K), 0.0034516 secs] [Times: user=0.00 sys=0.00, real=0.00 secs] 
2020-10-28T11:47:05.418+0000: [GC (Allocation Failure) 2020-10-28T11:47:05.418+0000: [ParNew: 34436K->6K(38720K), 0.0033125 secs] 503657K->469227K(820756K), 0.0033707 secs] [Times: user=0.00 sys=0.00, real=0.00 secs] 
2020-10-28T11:47:05.462+0000: [GC (Allocation Failure) 2020-10-28T11:47:05.462+0000: [ParNew: 34438K->4K(38720K), 0.0033384 secs] 503659K->469225K(820756K), 0.0033915 secs] [Times: user=0.01 sys=0.00, real=0.00 secs] 
2020-10-28T11:47:05.502+0000: [GC (Allocation Failure) 2020-10-28T11:47:05.502+0000: [ParNew: 34436K->6K(38720K), 0.0032411 secs] 503657K->469227K(820756K), 0.0032911 secs] [Times: user=0.01 sys=0.00, real=0.00 secs] 
2020-10-28T11:47:05.542+0000: [GC (Allocation Failure) 2020-10-28T11:47:05.542+0000: [ParNew: 34438K->6K(38720K), 0.0033435 secs] 503659K->469227K(820756K), 0.0033981 secs] [Times: user=0.01 sys=0.00, real=0.00 secs] 
2020-10-28T11:47:05.581+0000: [GC (Allocation Failure) 2020-10-28T11:47:05.581+0000: [ParNew: 34438K->6K(38720K), 0.0033256 secs] 503659K->469227K(820756K), 0.0033774 secs] [Times: user=0.01 sys=0.00, real=0.00 secs] 
2020-10-28T11:47:05.622+0000: [GC (Allocation Failure) 2020-10-28T11:47:05.622+0000: [ParNew: 34438K->6K(38720K), 0.0032347 secs] 503659K->469227K(820756K), 0.0032865 secs] [Times: user=0.01 sys=0.00, real=0.00 secs] 
2020-10-28T11:47:05.660+0000: [GC (Allocation Failure) 2020-10-28T11:47:05.660+0000: [ParNew: 34438K->6K(38720K), 0.0032870 secs] 503659K->469227K(820756K), 0.0033372 secs] [Times: user=0.01 sys=0.00, real=0.00 secs] 
2020-10-28T11:47:05.705+0000: [GC (Allocation Failure) 2020-10-28T11:47:05.705+0000: [ParNew: 34438K->4K(38720K), 0.0033208 secs] 503659K->469225K(820756K), 0.0033749 secs] [Times: user=0.01 sys=0.00, real=0.01 secs] 
2020-10-28T11:47:05.743+0000: [GC (Allocation Failure) 2020-10-28T11:47:05.744+0000: [ParNew: 34436K->6K(38720K), 0.0032228 secs] 503657K->469227K(820756K), 0.0032755 secs] [Times: user=0.01 sys=0.00, real=0.01 secs] 
2020-10-28T11:47:05.786+0000: [GC (Allocation Failure) 2020-10-28T11:47:05.786+0000: [ParNew: 34438K->6K(38720K), 0.0033517 secs] 503659K->469227K(820756K), 0.0034088 secs] [Times: user=0.01 sys=0.00, real=0.00 secs] 
2020-10-28T11:47:05.825+0000: [GC (Allocation Failure) 2020-10-28T11:47:05.825+0000: [ParNew: 34438K->6K(38720K), 0.0034404 secs] 503659K->469227K(820756K), 0.0034980 secs] [Times: user=0.00 sys=0.00, real=0.01 secs] 
2020-10-28T11:47:05.865+0000: [GC (Allocation Failure) 2020-10-28T11:47:05.865+0000: [ParNew: 34438K->6K(38720K), 0.0033614 secs] 503659K->469227K(820756K), 0.0034169 secs] [Times: user=0.00 sys=0.00, real=0.01 secs] 
2020-10-28T11:47:05.904+0000: [GC (Allocation Failure) 2020-10-28T11:47:05.904+0000: [ParNew: 34438K->6K(38720K), 0.0032667 secs] 503659K->469227K(820756K), 0.0033177 secs] [Times: user=0.01 sys=0.00, real=0.01 secs] 
2020-10-28T11:47:05.947+0000: [GC (Allocation Failure) 2020-10-28T11:47:05.947+0000: [ParNew: 34438K->4K(38720K), 0.0034370 secs] 503659K->469225K(820756K), 0.0034856 secs] [Times: user=0.00 sys=0.00, real=0.00 secs] 
2020-10-28T11:47:05.990+0000: [GC (Allocation Failure) 2020-10-28T11:47:05.990+0000: [ParNew: 34436K->4K(38720K), 0.0032491 secs] 503657K->469225K(820756K), 0.0033019 secs] [Times: user=0.00 sys=0.00, real=0.00 secs] 
2020-10-28T11:47:06.044+0000: [GC (Allocation Failure) 2020-10-28T11:47:06.044+0000: [ParNew: 34436K->6K(38720K), 0.0034754 secs] 503657K->469227K(820756K), 0.0035322 secs] [Times: user=0.01 sys=0.00, real=0.01 secs] 
2020-10-28T11:47:06.083+0000: [GC (Allocation Failure) 2020-10-28T11:47:06.083+0000: [ParNew: 34438K->6K(38720K), 0.0034331 secs] 503659K->469227K(820756K), 0.0035075 secs] [Times: user=0.01 sys=0.00, real=0.01 secs] 
2020-10-28T11:47:06.138+0000: [GC (Allocation Failure) 2020-10-28T11:47:06.138+0000: [ParNew: 34438K->6K(38720K), 0.0034321 secs] 503659K->469227K(820756K), 0.0034957 secs] [Times: user=0.01 sys=0.00, real=0.00 secs] 
2020-10-28T11:47:06.182+0000: [GC (Allocation Failure) 2020-10-28T11:47:06.182+0000: [ParNew: 34438K->6K(38720K), 0.0033758 secs] 503659K->469227K(820756K), 0.0034296 secs] [Times: user=0.00 sys=0.01, real=0.00 secs] 
2020-10-28T11:47:06.222+0000: [GC (Allocation Failure) 2020-10-28T11:47:06.222+0000: [ParNew: 34438K->6K(38720K), 0.0032541 secs] 503659K->469227K(820756K), 0.0033066 secs] [Times: user=0.01 sys=0.00, real=0.00 secs] 
2020-10-28T11:47:06.261+0000: [GC (Allocation Failure) 2020-10-28T11:47:06.261+0000: [ParNew: 34438K->6K(38720K), 0.0033194 secs] 503659K->469227K(820756K), 0.0033733 secs] [Times: user=0.00 sys=0.00, real=0.00 secs] 
2020-10-28T11:47:06.304+0000: [GC (Allocation Failure) 2020-10-28T11:47:06.304+0000: [ParNew: 34438K->6K(38720K), 0.0033268 secs] 503659K->469227K(820756K), 0.0033799 secs] [Times: user=0.01 sys=0.00, real=0.01 secs] 
2020-10-28T11:47:06.346+0000: [GC (Allocation Failure) 2020-10-28T11:47:06.346+0000: [ParNew: 34438K->6K(38720K), 0.0033364 secs] 503659K->469227K(820756K), 0.0033887 secs] [Times: user=0.01 sys=0.00, real=0.00 secs] 
2020-10-28T11:47:06.386+0000: [GC (Allocation Failure) 2020-10-28T11:47:06.386+0000: [ParNew: 34438K->6K(38720K), 0.0033263 secs] 503659K->469227K(820756K), 0.0033759 secs] [Times: user=0.00 sys=0.00, real=0.00 secs] 
2020-10-28T11:47:06.428+0000: [GC (Allocation Failure) 2020-10-28T11:47:06.428+0000: [ParNew: 34438K->6K(38720K), 0.0033932 secs] 503659K->469227K(820756K), 0.0034506 secs] [Times: user=0.01 sys=0.00, real=0.00 secs] 
2020-10-28T11:47:06.468+0000: [GC (Allocation Failure) 2020-10-28T11:47:06.468+0000: [ParNew: 34438K->6K(38720K), 0.0034199 secs] 503659K->469227K(820756K), 0.0034718 secs] [Times: user=0.00 sys=0.00, real=0.00 secs] 
2020-10-28T11:47:06.511+0000: [GC (Allocation Failure) 2020-10-28T11:47:06.511+0000: [ParNew: 34438K->6K(38720K), 0.0034543 secs] 503659K->469227K(820756K), 0.0035127 secs] [Times: user=0.00 sys=0.00, real=0.00 secs] 
2020-10-28T11:47:06.555+0000: [GC (Allocation Failure) 2020-10-28T11:47:06.555+0000: [ParNew: 34438K->6K(38720K), 0.0035163 secs] 503659K->469227K(820756K), 0.0035761 secs] [Times: user=0.01 sys=0.00, real=0.01 secs] 
2020-10-28T11:47:06.565+0000: [GC (Allocation Failure) 2020-10-28T11:47:06.565+0000: [ParNew: 6259K->6K(38720K), 0.0026860 secs] 475480K->469227K(820756K), 0.0027264 secs] [Times: user=0.01 sys=0.00, real=0.01 secs] 
2020-10-28T11:47:06.575+0000: [GC (Allocation Failure) 2020-10-28T11:47:06.575+0000: [ParNew: 34438K->6K(38720K), 0.0075502 secs] 503659K->501995K(820756K), 0.0076037 secs] [Times: user=0.01 sys=0.00, real=0.01 secs] 
2020-10-28T11:47:06.601+0000: [GC (CMS Initial Mark) [1 CMS-initial-mark: 501989K(782036K)] 516016K(820756K), 0.0099623 secs] [Times: user=0.02 sys=0.00, real=0.01 secs] 
2020-10-28T11:47:06.614+0000: [CMS-concurrent-mark-start]
2020-10-28T11:47:06.639+0000: [GC (Allocation Failure) 2020-10-28T11:47:06.639+0000: [ParNew: 34438K->6K(38720K), 0.0033319 secs] 536427K->501995K(820756K), 0.0033797 secs] [Times: user=0.01 sys=0.00, real=0.00 secs] 
2020-10-28T11:47:06.698+0000: [GC (Allocation Failure) 2020-10-28T11:47:06.698+0000: [ParNew: 34438K->6K(38720K), 0.0034241 secs] 536427K->501995K(820756K), 0.0034890 secs] [Times: user=0.01 sys=0.00, real=0.01 secs] 
2020-10-28T11:47:06.758+0000: [CMS-concurrent-mark: 0.112/0.144 secs] [Times: user=0.25 sys=0.01, real=0.15 secs] 
2020-10-28T11:47:06.758+0000: [GC (Allocation Failure) 2020-10-28T11:47:06.758+0000: [ParNew: 34438K->6K(38720K), 0.0034895 secs] 536427K->501995K(820756K), 0.0035330 secs] [Times: user=0.01 sys=0.00, real=0.00 secs] 
2020-10-28T11:47:06.762+0000: [CMS-concurrent-preclean-start]
2020-10-28T11:47:06.764+0000: [CMS-concurrent-preclean: 0.002/0.002 secs] [Times: user=0.00 sys=0.00, real=0.00 secs] 
2020-10-28T11:47:06.769+0000: [GC (CMS Final Remark) [YG occupancy: 1438 K (38720 K)]2020-10-28T11:47:06.769+0000: [Rescan (parallel) , 0.0027701 secs]2020-10-28T11:47:06.772+0000: [weak refs processing, 0.0000299 secs]2020-10-28T11:47:06.772+0000: [class unloading, 0.0088531 secs]2020-10-28T11:47:06.781+0000: [scrub symbol table, 0.0093015 secs]2020-10-28T11:47:06.790+0000: [scrub string table, 0.0005975 secs][1 CMS-remark: 501989K(782036K)] 503428K(820756K), 0.0216676 secs] [Times: user=0.03 sys=0.00, real=0.02 secs] 
2020-10-28T11:47:06.798+0000: [CMS-concurrent-sweep-start]
2020-10-28T11:47:06.820+0000: [CMS-concurrent-sweep: 0.022/0.022 secs] [Times: user=0.04 sys=0.00, real=0.02 secs] 
2020-10-28T11:47:06.820+0000: [CMS-concurrent-reset-start]
2020-10-28T11:47:06.840+0000: [CMS-concurrent-reset: 0.020/0.020 secs] [Times: user=0.04 sys=0.00, real=0.02 secs] 
2020-10-28T11:47:06.842+0000: [GC (Allocation Failure) 2020-10-28T11:47:06.842+0000: [ParNew: 34438K->6K(38720K), 0.0034930 secs] 485177K->450745K(820756K), 0.0035406 secs] [Times: user=0.01 sys=0.00, real=0.00 secs] 
2020-10-28T11:47:06.885+0000: [GC (Allocation Failure) 2020-10-28T11:47:06.885+0000: [ParNew: 34438K->6K(38720K), 0.0038509 secs] 485177K->450745K(820756K), 0.0039118 secs] [Times: user=0.01 sys=0.00, real=0.01 secs] 
2020-10-28T11:47:06.929+0000: [GC (Allocation Failure) 2020-10-28T11:47:06.929+0000: [ParNew: 34438K->4K(38720K), 0.0033981 secs] 485177K->450743K(820756K), 0.0034526 secs] [Times: user=0.00 sys=0.00, real=0.00 secs] 
2020-10-28T11:47:06.968+0000: [GC (Allocation Failure) 2020-10-28T11:47:06.968+0000: [ParNew: 34436K->6K(38720K), 0.0032855 secs] 485175K->450745K(820756K), 0.0033368 secs] [Times: user=0.01 sys=0.00, real=0.00 secs] 
2020-10-28T11:47:06.977+0000: [GC (Allocation Failure) 2020-10-28T11:47:06.977+0000: [ParNew: 2930K->4K(38720K), 0.0025664 secs] 453669K->450743K(820756K), 0.0026057 secs] [Times: user=0.00 sys=0.00, real=0.01 secs] 
2020-10-28T11:47:06.989+0000: [GC (Allocation Failure) 2020-10-28T11:47:06.989+0000: [ParNew: 34436K->6K(38720K), 0.0081476 secs] 485175K->483513K(820756K), 0.0081982 secs] [Times: user=0.01 sys=0.00, real=0.00 secs] 
2020-10-28T11:47:07.013+0000: [GC (CMS Initial Mark) [1 CMS-initial-mark: 483507K(782036K)] 498770K(820756K), 0.0108263 secs] [Times: user=0.02 sys=0.00, real=0.01 secs] 
2020-10-28T11:47:07.024+0000: [CMS-concurrent-mark-start]
2020-10-28T11:47:07.050+0000: [GC (Allocation Failure) 2020-10-28T11:47:07.050+0000: [ParNew: 34438K->6K(38720K), 0.0034352 secs] 517945K->483513K(820756K), 0.0034937 secs] [Times: user=0.00 sys=0.01, real=0.00 secs] 
2020-10-28T11:47:07.058+0000: [GC (Allocation Failure) 2020-10-28T11:47:07.059+0000: [ParNew: 34438K->6K(38720K), 0.0269870 secs] 517945K->516281K(820756K), 0.0270402 secs] [Times: user=0.03 sys=0.02, real=0.02 secs] 
2020-10-28T11:47:07.134+0000: [GC (Allocation Failure) 2020-10-28T11:47:07.134+0000: [ParNew: 34438K->6K(38720K), 0.0033805 secs] 550713K->516281K(820756K), 0.0034390 secs] [Times: user=0.01 sys=0.00, real=0.00 secs] 
2020-10-28T11:47:07.161+0000: [GC (Allocation Failure) 2020-10-28T11:47:07.161+0000: [ParNew: 16316K->6K(38720K), 0.0032181 secs] 532592K->516281K(820756K), 0.0032654 secs] [Times: user=0.01 sys=0.00, real=0.00 secs] 
2020-10-28T11:47:07.172+0000: [GC (Allocation Failure) 2020-10-28T11:47:07.172+0000: [ParNew: 34438K->6K(38720K), 0.0270687 secs] 550713K->549049K(820756K), 0.0271200 secs] [Times: user=0.04 sys=0.02, real=0.03 secs] 
2020-10-28T11:47:07.253+0000: [CMS-concurrent-mark: 0.157/0.229 secs] [Times: user=0.38 sys=0.05, real=0.23 secs] 
2020-10-28T11:47:07.253+0000: [GC (Allocation Failure) 2020-10-28T11:47:07.253+0000: [ParNew: 34438K->6K(38720K), 0.0034019 secs] 583481K->549049K(820756K), 0.0034450 secs] [Times: user=0.01 sys=0.00, real=0.00 secs] 
2020-10-28T11:47:07.257+0000: [CMS-concurrent-preclean-start]
2020-10-28T11:47:07.260+0000: [CMS-concurrent-preclean: 0.002/0.002 secs] [Times: user=0.00 sys=0.00, real=0.01 secs] 
2020-10-28T11:47:07.262+0000: [GC (CMS Final Remark) [YG occupancy: 1508 K (38720 K)]2020-10-28T11:47:07.262+0000: [Rescan (parallel) , 0.0026960 secs]2020-10-28T11:47:07.265+0000: [weak refs processing, 0.0000335 secs]2020-10-28T11:47:07.265+0000: [class unloading, 0.0087936 secs]2020-10-28T11:47:07.273+0000: [scrub symbol table, 0.0092306 secs]2020-10-28T11:47:07.283+0000: [scrub string table, 0.0005813 secs][1 CMS-remark: 549043K(782036K)] 550552K(820756K), 0.0214290 secs] [Times: user=0.02 sys=0.00, real=0.02 secs] 
2020-10-28T11:47:07.290+0000: [CMS-concurrent-sweep-start]
2020-10-28T11:47:07.312+0000: [CMS-concurrent-sweep: 0.022/0.022 secs] [Times: user=0.04 sys=0.00, real=0.02 secs] 
2020-10-28T11:47:07.312+0000: [CMS-concurrent-reset-start]
2020-10-28T11:47:07.331+0000: [GC (Allocation Failure) 2020-10-28T11:47:07.331+0000: [ParNew: 34438K->6K(38720K), 0.0039391 secs] 583481K->549049K(953796K), 0.0039969 secs] [Times: user=0.00 sys=0.00, real=0.00 secs] 
2020-10-28T11:47:07.341+0000: [CMS-concurrent-reset: 0.024/0.028 secs] [Times: user=0.05 sys=0.00, real=0.03 secs] 
2020-10-28T11:47:07.374+0000: [GC (Allocation Failure) 2020-10-28T11:47:07.374+0000: [ParNew: 34438K->6K(38720K), 0.0039679 secs] 583481K->549049K(953796K), 0.0040200 secs] [Times: user=0.01 sys=0.00, real=0.01 secs] 
2020-10-28T11:47:07.418+0000: [GC (Allocation Failure) 2020-10-28T11:47:07.418+0000: [ParNew: 34438K->6K(38720K), 0.0039707 secs] 583481K->549049K(953796K), 0.0040226 secs] [Times: user=0.01 sys=0.00, real=0.01 secs] 
2020-10-28T11:47:07.457+0000: [GC (Allocation Failure) 2020-10-28T11:47:07.457+0000: [ParNew: 34438K->4K(38720K), 0.0038902 secs] 583481K->549047K(953796K), 0.0039429 secs] [Times: user=0.01 sys=0.00, real=0.01 secs] 
2020-10-28T11:47:07.498+0000: [GC (Allocation Failure) 2020-10-28T11:47:07.498+0000: [ParNew: 34436K->4K(38720K), 0.0037939 secs] 583479K->549047K(953796K), 0.0038501 secs] [Times: user=0.01 sys=0.00, real=0.00 secs] 
2020-10-28T11:47:07.538+0000: [GC (Allocation Failure) 2020-10-28T11:47:07.538+0000: [ParNew: 34436K->6K(38720K), 0.0037950 secs] 583479K->549049K(953796K), 0.0038472 secs] [Times: user=0.01 sys=0.00, real=0.01 secs] 
2020-10-28T11:47:07.581+0000: [GC (Allocation Failure) 2020-10-28T11:47:07.581+0000: [ParNew: 34438K->4K(38720K), 0.0037971 secs] 583481K->549047K(953796K), 0.0038531 secs] [Times: user=0.00 sys=0.00, real=0.00 secs] 
2020-10-28T11:47:07.620+0000: [GC (Allocation Failure) 2020-10-28T11:47:07.620+0000: [ParNew: 34436K->6K(38720K), 0.0037753 secs] 583479K->549049K(953796K), 0.0038282 secs] [Times: user=0.01 sys=0.00, real=0.00 secs] 
2020-10-28T11:47:07.664+0000: [GC (Allocation Failure) 2020-10-28T11:47:07.664+0000: [ParNew: 34438K->6K(38720K), 0.0046588 secs] 583481K->549049K(953796K), 0.0047314 secs] [Times: user=0.01 sys=0.00, real=0.01 secs] 
2020-10-28T11:47:07.710+0000: [GC (Allocation Failure) 2020-10-28T11:47:07.710+0000: [ParNew: 34438K->4K(38720K), 0.0040090 secs] 583481K->549047K(953796K), 0.0040618 secs] [Times: user=0.01 sys=0.00, real=0.00 secs] 
2020-10-28T11:47:07.753+0000: [GC (Allocation Failure) 2020-10-28T11:47:07.753+0000: [ParNew: 34436K->6K(38720K), 0.0037753 secs] 583479K->549049K(953796K), 0.0038266 secs] [Times: user=0.01 sys=0.00, real=0.00 secs] 
2020-10-28T11:47:07.794+0000: [GC (Allocation Failure) 2020-10-28T11:47:07.794+0000: [ParNew: 34438K->6K(38720K), 0.0038600 secs] 583481K->549049K(953796K), 0.0039189 secs] [Times: user=0.01 sys=0.00, real=0.01 secs] 
2020-10-28T11:47:07.838+0000: [GC (Allocation Failure) 2020-10-28T11:47:07.838+0000: [ParNew: 34438K->24K(38720K), 0.0044819 secs] 583481K->549067K(953796K), 0.0045501 secs] [Times: user=0.00 sys=0.00, real=0.00 secs] 
2020-10-28T11:47:07.889+0000: [GC (Allocation Failure) 2020-10-28T11:47:07.889+0000: [ParNew: 34456K->6K(38720K), 0.0039292 secs] 583499K->549049K(953796K), 0.0039894 secs] [Times: user=0.01 sys=0.00, real=0.00 secs] 
2020-10-28T11:47:07.930+0000: [GC (Allocation Failure) 2020-10-28T11:47:07.930+0000: [ParNew: 34438K->7K(38720K), 0.0038950 secs] 583481K->549050K(953796K), 0.0039567 secs] [Times: user=0.01 sys=0.00, real=0.00 secs] 
2020-10-28T11:47:07.973+0000: [GC (Allocation Failure) 2020-10-28T11:47:07.973+0000: [ParNew: 34439K->7K(38720K), 0.0039691 secs] 583482K->549050K(953796K), 0.0040332 secs] [Times: user=0.01 sys=0.00, real=0.00 secs] 
2020-10-28T11:47:08.012+0000: [GC (Allocation Failure) 2020-10-28T11:47:08.012+0000: [ParNew: 34439K->7K(38720K), 0.0039998 secs] 583482K->549050K(953796K), 0.0040887 secs] [Times: user=0.01 sys=0.00, real=0.00 secs] 
2020-10-28T11:47:08.056+0000: [GC (Allocation Failure) 2020-10-28T11:47:08.056+0000: [ParNew: 34439K->6K(38720K), 0.0040572 secs] 583482K->549050K(953796K), 0.0041195 secs] [Times: user=0.01 sys=0.00, real=0.01 secs] 
2020-10-28T11:47:08.098+0000: [GC (Allocation Failure) 2020-10-28T11:47:08.098+0000: [ParNew: 34438K->4K(38720K), 0.0038407 secs] 583482K->549048K(953796K), 0.0039008 secs] [Times: user=0.00 sys=0.00, real=0.00 secs] 
2020-10-28T11:47:08.141+0000: [GC (Allocation Failure) 2020-10-28T11:47:08.141+0000: [ParNew: 34436K->4K(38720K), 0.0039005 secs] 583480K->549048K(953796K), 0.0039621 secs] [Times: user=0.00 sys=0.00, real=0.00 secs] 
2020-10-28T11:47:08.181+0000: [GC (Allocation Failure) 2020-10-28T11:47:08.181+0000: [ParNew: 34436K->6K(38720K), 0.0038607 secs] 583480K->549050K(953796K), 0.0039194 secs] [Times: user=0.00 sys=0.00, real=0.00 secs] 
2020-10-28T11:47:08.225+0000: [GC (Allocation Failure) 2020-10-28T11:47:08.225+0000: [ParNew: 34438K->4K(38720K), 0.0038673 secs] 583482K->549048K(953796K), 0.0039224 secs] [Times: user=0.01 sys=0.00, real=0.01 secs] 
2020-10-28T11:47:08.266+0000: [GC (Allocation Failure) 2020-10-28T11:47:08.266+0000: [ParNew: 34436K->4K(38720K), 0.0038541 secs] 583480K->549048K(953796K), 0.0039122 secs] [Times: user=0.01 sys=0.00, real=0.01 secs] 
2020-10-28T11:47:08.311+0000: [GC (Allocation Failure) 2020-10-28T11:47:08.311+0000: [ParNew: 34436K->4K(38720K), 0.0039428 secs] 583480K->549048K(953796K), 0.0040320 secs] [Times: user=0.01 sys=0.00, real=0.00 secs] 
2020-10-28T11:47:08.358+0000: [GC (Allocation Failure) 2020-10-28T11:47:08.358+0000: [ParNew: 34436K->6K(38720K), 0.0038738 secs] 583480K->549050K(953796K), 0.0039288 secs] [Times: user=0.01 sys=0.00, real=0.00 secs] 
2020-10-28T11:47:08.402+0000: [GC (Allocation Failure) 2020-10-28T11:47:08.402+0000: [ParNew: 34438K->4K(38720K), 0.0038168 secs] 583482K->549048K(953796K), 0.0038732 secs] [Times: user=0.01 sys=0.00, real=0.01 secs] 
2020-10-28T11:47:08.429+0000: [GC (Allocation Failure) 2020-10-28T11:47:08.429+0000: [ParNew: 17765K->6K(38720K), 0.0036744 secs] 566809K->549050K(953796K), 0.0037282 secs] [Times: user=0.01 sys=0.00, real=0.00 secs] 
2020-10-28T11:47:08.439+0000: [GC (Allocation Failure) 2020-10-28T11:47:08.439+0000: [ParNew: 34438K->6K(38720K), 0.0281012 secs] 583482K->581818K(953796K), 0.0281646 secs] [Times: user=0.03 sys=0.02, real=0.03 secs] 
2020-10-28T11:47:08.470+0000: [GC (CMS Initial Mark) [1 CMS-initial-mark: 581812K(915076K)] 583992K(953796K), 0.0028303 secs] [Times: user=0.00 sys=0.00, real=0.00 secs] 
2020-10-28T11:47:08.482+0000: [CMS-concurrent-mark-start]
2020-10-28T11:47:08.518+0000: [GC (Allocation Failure) 2020-10-28T11:47:08.518+0000: [ParNew: 34438K->6K(38720K), 0.0037607 secs] 616250K->581818K(953796K), 0.0038154 secs] [Times: user=0.01 sys=0.00, real=0.00 secs] 
2020-10-28T11:47:08.566+0000: [GC (Allocation Failure) 2020-10-28T11:47:08.566+0000: [ParNew: 34438K->4K(38720K), 0.0036950 secs] 616250K->581816K(953796K), 0.0037549 secs] [Times: user=0.00 sys=0.00, real=0.00 secs] 
2020-10-28T11:47:08.612+0000: [GC (Allocation Failure) 2020-10-28T11:47:08.612+0000: [ParNew: 34436K->6K(38720K), 0.0037248 secs] 616248K->581818K(953796K), 0.0037852 secs] [Times: user=0.01 sys=0.00, real=0.00 secs] 
2020-10-28T11:47:08.668+0000: [CMS-concurrent-mark: 0.164/0.187 secs] [Times: user=0.33 sys=0.03, real=0.19 secs] 
2020-10-28T11:47:08.668+0000: [GC (Allocation Failure) 2020-10-28T11:47:08.669+0000: [ParNew: 34438K->6K(38720K), 0.0077504 secs] 616250K->581818K(953796K), 0.0077951 secs] [Times: user=0.01 sys=0.00, real=0.00 secs] 
2020-10-28T11:47:08.676+0000: [CMS-concurrent-preclean-start]
2020-10-28T11:47:08.679+0000: [CMS-concurrent-preclean: 0.003/0.003 secs] [Times: user=0.00 sys=0.00, real=0.01 secs] 
2020-10-28T11:47:08.680+0000: [GC (CMS Final Remark) [YG occupancy: 1754 K (38720 K)]2020-10-28T11:47:08.680+0000: [Rescan (parallel) , 0.0030343 secs]2020-10-28T11:47:08.683+0000: [weak refs processing, 0.0000282 secs]2020-10-28T11:47:08.683+0000: [class unloading, 0.0086827 secs]2020-10-28T11:47:08.692+0000: [scrub symbol table, 0.0091222 secs]2020-10-28T11:47:08.701+0000: [scrub string table, 0.0005856 secs][1 CMS-remark: 581812K(915076K)] 583566K(953796K), 0.0215404 secs] [Times: user=0.03 sys=0.00, real=0.02 secs] 
2020-10-28T11:47:08.702+0000: [CMS-concurrent-sweep-start]
2020-10-28T11:47:08.723+0000: [CMS-concurrent-sweep: 0.022/0.022 secs] [Times: user=0.04 sys=0.00, real=0.02 secs] 
2020-10-28T11:47:08.724+0000: [CMS-concurrent-reset-start]
2020-10-28T11:47:08.750+0000: [GC (Allocation Failure) 2020-10-28T11:47:08.750+0000: [ParNew: 34438K->6K(38720K), 0.0041058 secs] 616250K->581818K(1008408K), 0.0041682 secs] [Times: user=0.01 sys=0.00, real=0.00 secs] 
2020-10-28T11:47:08.763+0000: [CMS-concurrent-reset: 0.028/0.040 secs] [Times: user=0.08 sys=0.00, real=0.04 secs] 
2020-10-28T11:47:08.794+0000: [GC (Allocation Failure) 2020-10-28T11:47:08.794+0000: [ParNew: 34438K->6K(38720K), 0.0040486 secs] 616250K->581818K(1008408K), 0.0041097 secs] [Times: user=0.01 sys=0.00, real=0.01 secs] 
2020-10-28T11:47:08.838+0000: [GC (Allocation Failure) 2020-10-28T11:47:08.838+0000: [ParNew: 34438K->6K(38720K), 0.0041229 secs] 616250K->581818K(1008408K), 0.0041963 secs] [Times: user=0.01 sys=0.00, real=0.01 secs] 
2020-10-28T11:47:08.878+0000: [GC (Allocation Failure) 2020-10-28T11:47:08.878+0000: [ParNew: 34438K->6K(38720K), 0.0040179 secs] 616250K->581818K(1008408K), 0.0040791 secs] [Times: user=0.00 sys=0.00, real=0.00 secs] 
2020-10-28T11:47:08.918+0000: [GC (Allocation Failure) 2020-10-28T11:47:08.918+0000: [ParNew: 34438K->4K(38720K), 0.0040940 secs] 616250K->581816K(1008408K), 0.0041763 secs] [Times: user=0.01 sys=0.00, real=0.01 secs] 
2020-10-28T11:47:08.958+0000: [GC (Allocation Failure) 2020-10-28T11:47:08.958+0000: [ParNew: 34436K->4K(38720K), 0.0040686 secs] 616248K->581816K(1008408K), 0.0041299 secs] [Times: user=0.00 sys=0.00, real=0.00 secs] 
2020-10-28T11:47:08.997+0000: [GC (Allocation Failure) 2020-10-28T11:47:08.997+0000: [ParNew: 34436K->4K(38720K), 0.0040189 secs] 616248K->581816K(1008408K), 0.0040788 secs] [Times: user=0.01 sys=0.00, real=0.01 secs] 
2020-10-28T11:47:09.046+0000: [GC (Allocation Failure) 2020-10-28T11:47:09.046+0000: [ParNew: 34436K->4K(38720K), 0.0041076 secs] 616248K->581816K(1008408K), 0.0041975 secs] [Times: user=0.01 sys=0.00, real=0.00 secs] 
2020-10-28T11:47:09.066+0000: [GC (Allocation Failure) 2020-10-28T11:47:09.066+0000: [ParNew: 14297K->6K(38720K), 0.0037621 secs] 596110K->581818K(1008408K), 0.0038090 secs] [Times: user=0.01 sys=0.00, real=0.00 secs] 
2020-10-28T11:47:09.081+0000: [GC (Allocation Failure) 2020-10-28T11:47:09.081+0000: [ParNew: 34438K->6K(38720K), 0.0285224 secs] 616250K->614586K(1008408K), 0.0285840 secs] [Times: user=0.04 sys=0.02, real=0.03 secs] 
2020-10-28T11:47:09.114+0000: [GC (CMS Initial Mark) [1 CMS-initial-mark: 614580K(969688K)] 618404K(1008408K), 0.0036715 secs] [Times: user=0.00 sys=0.00, real=0.00 secs] 
2020-10-28T11:47:09.123+0000: [CMS-concurrent-mark-start]
2020-10-28T11:47:09.138+0000: [GC (Allocation Failure) 2020-10-28T11:47:09.138+0000: [ParNew: 13850K->6K(38720K), 0.0034812 secs] 628431K->614586K(1008408K), 0.0035252 secs] [Times: user=0.01 sys=0.00, real=0.00 secs] 
2020-10-28T11:47:09.147+0000: [GC (Allocation Failure) 2020-10-28T11:47:09.147+0000: [ParNew: 34438K->6K(38720K), 0.0285865 secs] 649018K->647354K(1008408K), 0.0286411 secs] [Times: user=0.04 sys=0.02, real=0.02 secs] 
2020-10-28T11:47:09.218+0000: [GC (Allocation Failure) 2020-10-28T11:47:09.218+0000: [ParNew: 23581K->8K(38720K), 0.0038365 secs] 670930K->647356K(1008408K), 0.0038974 secs] [Times: user=0.01 sys=0.00, real=0.00 secs] 
2020-10-28T11:47:09.228+0000: [GC (Allocation Failure) 2020-10-28T11:47:09.228+0000: [ParNew: 34440K->6K(38720K), 0.0270134 secs] 681788K->680122K(1008408K), 0.0270696 secs] [Times: user=0.03 sys=0.02, real=0.02 secs] 
2020-10-28T11:47:09.302+0000: [GC (Allocation Failure) 2020-10-28T11:47:09.302+0000: [ParNew: 34438K->6K(38720K), 0.0038811 secs] 714554K->680122K(1008408K), 0.0039459 secs] [Times: user=0.01 sys=0.00, real=0.01 secs] 
2020-10-28T11:47:09.366+0000: [CMS-concurrent-mark: 0.141/0.243 secs] [Times: user=0.40 sys=0.05, real=0.24 secs] 
2020-10-28T11:47:09.366+0000: [GC (Allocation Failure) 2020-10-28T11:47:09.366+0000: [ParNew: 34438K->6K(38720K), 0.0040104 secs] 714554K->680122K(1008408K), 0.0040546 secs] [Times: user=0.01 sys=0.00, real=0.00 secs] 
2020-10-28T11:47:09.386+0000: [CMS-concurrent-preclean-start]
2020-10-28T11:47:09.390+0000: [CMS-concurrent-preclean: 0.004/0.004 secs] [Times: user=0.01 sys=0.00, real=0.00 secs] 
2020-10-28T11:47:09.390+0000: [CMS-concurrent-abortable-preclean-start]
2020-10-28T11:47:09.412+0000: [GC (Allocation Failure) 2020-10-28T11:47:09.412+0000: [ParNew: 34438K->6K(38720K), 0.0035449 secs] 714554K->680122K(1008408K), 0.0035927 secs] [Times: user=0.00 sys=0.00, real=0.00 secs] 
2020-10-28T11:47:09.454+0000: [GC (Allocation Failure) 2020-10-28T11:47:09.454+0000: [ParNew: 34438K->6K(38720K), 0.0036097 secs] 714554K->680122K(1008408K), 0.0036662 secs] [Times: user=0.00 sys=0.00, real=0.00 secs] 
2020-10-28T11:47:09.498+0000: [GC (Allocation Failure) 2020-10-28T11:47:09.498+0000: [ParNew: 34438K->4K(38720K), 0.0036232 secs] 714554K->680120K(1008408K), 0.0036783 secs] [Times: user=0.00 sys=0.00, real=0.00 secs] 
2020-10-28T11:47:09.541+0000: [GC (Allocation Failure) 2020-10-28T11:47:09.541+0000: [ParNew: 34436K->4K(38720K), 0.0036903 secs] 714552K->680120K(1008408K), 0.0037482 secs] [Times: user=0.01 sys=0.00, real=0.00 secs] 
2020-10-28T11:47:09.582+0000: [GC (Allocation Failure) 2020-10-28T11:47:09.582+0000: [ParNew: 34436K->6K(38720K), 0.0036436 secs] 714552K->680122K(1008408K), 0.0037014 secs] [Times: user=0.01 sys=0.00, real=0.00 secs] 
2020-10-28T11:47:09.624+0000: [GC (Allocation Failure) 2020-10-28T11:47:09.624+0000: [ParNew: 34438K->4K(38720K), 0.0036532 secs] 714554K->680120K(1008408K), 0.0037105 secs] [Times: user=0.01 sys=0.00, real=0.01 secs] 
2020-10-28T11:47:09.670+0000: [GC (Allocation Failure) 2020-10-28T11:47:09.670+0000: [ParNew: 34436K->6K(38720K), 0.0035718 secs] 714552K->680122K(1008408K), 0.0036294 secs] [Times: user=0.01 sys=0.00, real=0.00 secs] 
2020-10-28T11:47:09.714+0000: [GC (Allocation Failure) 2020-10-28T11:47:09.714+0000: [ParNew: 34438K->4K(38720K), 0.0038886 secs] 714554K->680120K(1008408K), 0.0039498 secs] [Times: user=0.01 sys=0.00, real=0.00 secs] 
2020-10-28T11:47:09.754+0000: [GC (Allocation Failure) 2020-10-28T11:47:09.754+0000: [ParNew: 34436K->4K(38720K), 0.0035937 secs] 714552K->680120K(1008408K), 0.0036498 secs] [Times: user=0.01 sys=0.00, real=0.00 secs] 
2020-10-28T11:47:09.798+0000: [GC (Allocation Failure) 2020-10-28T11:47:09.798+0000: [ParNew: 34436K->6K(38720K), 0.0039431 secs] 714552K->680122K(1008408K), 0.0040041 secs] [Times: user=0.00 sys=0.00, real=0.00 secs] 
2020-10-28T11:47:09.849+0000: [GC (Allocation Failure) 2020-10-28T11:47:09.849+0000: [ParNew: 34438K->6K(38720K), 0.0038054 secs] 714554K->680122K(1008408K), 0.0038650 secs] [Times: user=0.01 sys=0.00, real=0.00 secs] 
2020-10-28T11:47:09.892+0000: [GC (Allocation Failure) 2020-10-28T11:47:09.892+0000: [ParNew: 34438K->4K(38720K), 0.0037068 secs] 714554K->680120K(1008408K), 0.0037650 secs] [Times: user=0.01 sys=0.00, real=0.00 secs] 
2020-10-28T11:47:09.932+0000: [GC (Allocation Failure) 2020-10-28T11:47:09.932+0000: [ParNew: 34436K->4K(38720K), 0.0036266 secs] 714552K->680120K(1008408K), 0.0036823 secs] [Times: user=0.01 sys=0.00, real=0.00 secs] 
2020-10-28T11:47:09.974+0000: [GC (Allocation Failure) 2020-10-28T11:47:09.974+0000: [ParNew: 34436K->6K(38720K), 0.0036133 secs] 714552K->680122K(1008408K), 0.0036685 secs] [Times: user=0.00 sys=0.00, real=0.00 secs] 
2020-10-28T11:47:10.014+0000: [GC (Allocation Failure) 2020-10-28T11:47:10.014+0000: [ParNew: 34438K->4K(38720K), 0.0039516 secs] 714554K->680120K(1008408K), 0.0040161 secs] [Times: user=0.00 sys=0.00, real=0.01 secs] 
2020-10-28T11:47:10.058+0000: [GC (Allocation Failure) 2020-10-28T11:47:10.058+0000: [ParNew: 34436K->6K(38720K), 0.0040869 secs] 714552K->680122K(1008408K), 0.0041626 secs] [Times: user=0.01 sys=0.00, real=0.00 secs] 
2020-10-28T11:47:10.103+0000: [GC (Allocation Failure) 2020-10-28T11:47:10.103+0000: [ParNew: 34438K->4K(38720K), 0.0038366 secs] 714554K->680120K(1008408K), 0.0038979 secs] [Times: user=0.01 sys=0.00, real=0.01 secs] 
2020-10-28T11:47:10.147+0000: [GC (Allocation Failure) 2020-10-28T11:47:10.147+0000: [ParNew: 34436K->6K(38720K), 0.0038822 secs] 714552K->680122K(1008408K), 0.0039443 secs] [Times: user=0.01 sys=0.00, real=0.00 secs] 
2020-10-28T11:47:10.200+0000: [GC (Allocation Failure) 2020-10-28T11:47:10.200+0000: [ParNew: 34438K->6K(38720K), 0.0088040 secs] 714554K->680122K(1008408K), 0.0088564 secs] [Times: user=0.01 sys=0.00, real=0.01 secs] 
2020-10-28T11:47:10.250+0000: [GC (Allocation Failure) 2020-10-28T11:47:10.250+0000: [ParNew: 34438K->4K(38720K), 0.0042353 secs] 714554K->680120K(1008408K), 0.0042984 secs] [Times: user=0.01 sys=0.00, real=0.00 secs] 
2020-10-28T11:47:10.291+0000: [GC (Allocation Failure) 2020-10-28T11:47:10.291+0000: [ParNew: 34436K->4K(38720K), 0.0038775 secs] 714552K->680120K(1008408K), 0.0039587 secs] [Times: user=0.01 sys=0.00, real=0.00 secs] 
2020-10-28T11:47:10.341+0000: [GC (Allocation Failure) 2020-10-28T11:47:10.341+0000: [ParNew: 34436K->6K(38720K), 0.0039431 secs] 714552K->680122K(1008408K), 0.0040022 secs] [Times: user=0.01 sys=0.00, real=0.00 secs] 
2020-10-28T11:47:10.386+0000: [GC (Allocation Failure) 2020-10-28T11:47:10.386+0000: [ParNew: 34438K->4K(38720K), 0.0036855 secs] 714554K->680120K(1008408K), 0.0037422 secs] [Times: user=0.01 sys=0.00, real=0.00 secs] 
2020-10-28T11:47:10.426+0000: [GC (Allocation Failure) 2020-10-28T11:47:10.426+0000: [ParNew: 34436K->6K(38720K), 0.0038495 secs] 714552K->680122K(1008408K), 0.0039099 secs] [Times: user=0.01 sys=0.00, real=0.00 secs] 
2020-10-28T11:47:10.472+0000: [GC (Allocation Failure) 2020-10-28T11:47:10.472+0000: [ParNew: 34438K->4K(38720K), 0.0037325 secs] 714554K->680120K(1008408K), 0.0037902 secs] [Times: user=0.01 sys=0.00, real=0.00 secs] 
2020-10-28T11:47:10.518+0000: [GC (Allocation Failure) 2020-10-28T11:47:10.518+0000: [ParNew: 34436K->4K(38720K), 0.0036239 secs] 714552K->680120K(1008408K), 0.0036812 secs] [Times: user=0.01 sys=0.00, real=0.00 secs] 
2020-10-28T11:47:10.562+0000: [GC (Allocation Failure) 2020-10-28T11:47:10.562+0000: [ParNew: 34436K->4K(38720K), 0.0037575 secs] 714552K->680120K(1008408K), 0.0038197 secs] [Times: user=0.01 sys=0.00, real=0.01 secs] 
2020-10-28T11:47:10.606+0000: [GC (Allocation Failure) 2020-10-28T11:47:10.606+0000: [ParNew: 34436K->6K(38720K), 0.0036251 secs] 714552K->680122K(1008408K), 0.0036824 secs] [Times: user=0.00 sys=0.00, real=0.00 secs] 
2020-10-28T11:47:10.647+0000: [GC (Allocation Failure) 2020-10-28T11:47:10.647+0000: [ParNew: 34438K->6K(38720K), 0.0038359 secs] 714554K->680122K(1008408K), 0.0038948 secs] [Times: user=0.01 sys=0.00, real=0.00 secs] 
2020-10-28T11:47:10.687+0000: [GC (Allocation Failure) 2020-10-28T11:47:10.687+0000: [ParNew: 34438K->4K(38720K), 0.0038547 secs] 714554K->680120K(1008408K), 0.0039145 secs] [Times: user=0.01 sys=0.00, real=0.00 secs] 
2020-10-28T11:47:10.727+0000: [GC (Allocation Failure) 2020-10-28T11:47:10.727+0000: [ParNew: 34436K->4K(38720K), 0.0038198 secs] 714552K->680120K(1008408K), 0.0038790 secs] [Times: user=0.00 sys=0.00, real=0.00 secs] 
2020-10-28T11:47:10.772+0000: [GC (Allocation Failure) 2020-10-28T11:47:10.772+0000: [ParNew: 34436K->4K(38720K), 0.0041046 secs] 714552K->680120K(1008408K), 0.0041753 secs] [Times: user=0.00 sys=0.00, real=0.00 secs] 
2020-10-28T11:47:10.814+0000: [GC (Allocation Failure) 2020-10-28T11:47:10.814+0000: [ParNew: 34436K->6K(38720K), 0.0038723 secs] 714552K->680122K(1008408K), 0.0039327 secs] [Times: user=0.00 sys=0.00, real=0.01 secs] 
2020-10-28T11:47:10.855+0000: [GC (Allocation Failure) 2020-10-28T11:47:10.855+0000: [ParNew: 34438K->6K(38720K), 0.0039042 secs] 714554K->680122K(1008408K), 0.0039661 secs] [Times: user=0.01 sys=0.00, real=0.01 secs] 
2020-10-28T11:47:10.901+0000: [GC (Allocation Failure) 2020-10-28T11:47:10.901+0000: [ParNew: 34438K->4K(38720K), 0.0038452 secs] 714554K->680120K(1008408K), 0.0039068 secs] [Times: user=0.00 sys=0.00, real=0.00 secs] 
2020-10-28T11:47:10.942+0000: [GC (Allocation Failure) 2020-10-28T11:47:10.942+0000: [ParNew: 34436K->4K(38720K), 0.0037730 secs] 714552K->680120K(1008408K), 0.0038317 secs] [Times: user=0.00 sys=0.01, real=0.01 secs] 
2020-10-28T11:47:10.982+0000: [GC (Allocation Failure) 2020-10-28T11:47:10.982+0000: [ParNew: 34436K->6K(38720K), 0.0039381 secs] 714552K->680122K(1008408K), 0.0039996 secs] [Times: user=0.01 sys=0.00, real=0.01 secs] 
2020-10-28T11:47:11.030+0000: [GC (Allocation Failure) 2020-10-28T11:47:11.030+0000: [ParNew: 34438K->4K(38720K), 0.0039338 secs] 714554K->680120K(1008408K), 0.0039944 secs] [Times: user=0.01 sys=0.00, real=0.00 secs] 
2020-10-28T11:47:11.074+0000: [GC (Allocation Failure) 2020-10-28T11:47:11.074+0000: [ParNew: 34436K->4K(38720K), 0.0039268 secs] 714552K->680120K(1008408K), 0.0039894 secs] [Times: user=0.01 sys=0.00, real=0.01 secs] 
2020-10-28T11:47:11.125+0000: [GC (Allocation Failure) 2020-10-28T11:47:11.125+0000: [ParNew: 34436K->4K(38720K), 0.0038957 secs] 714552K->680120K(1008408K), 0.0039488 secs] [Times: user=0.01 sys=0.00, real=0.01 secs] 
2020-10-28T11:47:11.165+0000: [GC (Allocation Failure) 2020-10-28T11:47:11.165+0000: [ParNew: 34436K->6K(38720K), 0.0038955 secs] 714552K->680122K(1008408K), 0.0039592 secs] [Times: user=0.00 sys=0.00, real=0.01 secs] 
2020-10-28T11:47:11.195+0000: [GC (Allocation Failure) 2020-10-28T11:47:11.195+0000: [ParNew: 19915K->6K(38720K), 0.0034482 secs] 700032K->680122K(1008408K), 0.0034977 secs] [Times: user=0.01 sys=0.00, real=0.01 secs] 
2020-10-28T11:47:11.205+0000: [GC (Allocation Failure) 2020-10-28T11:47:11.205+0000: [ParNew: 34438K->4K(38720K), 0.0280147 secs] 714554K->712888K(1008408K), 0.0280744 secs] [Times: user=0.04 sys=0.01, real=0.03 secs] 
2020-10-28T11:47:11.234+0000: [CMS-concurrent-abortable-preclean: 0.111/1.844 secs] [Times: user=3.28 sys=0.17, real=1.84 secs] 
2020-10-28T11:47:11.245+0000: [GC (CMS Final Remark) [YG occupancy: 8379 K (38720 K)]2020-10-28T11:47:11.245+0000: [Rescan (parallel) , 0.0080593 secs]2020-10-28T11:47:11.253+0000: [weak refs processing, 0.0000307 secs]2020-10-28T11:47:11.253+0000: [class unloading, 0.0088333 secs]2020-10-28T11:47:11.262+0000: [scrub symbol table, 0.0091162 secs]2020-10-28T11:47:11.271+0000: [scrub string table, 0.0006441 secs][1 CMS-remark: 712884K(969688K)] 721264K(1008408K), 0.0267844 secs] [Times: user=0.04 sys=0.00, real=0.03 secs] 
2020-10-28T11:47:11.272+0000: [CMS-concurrent-sweep-start]
2020-10-28T11:47:11.294+0000: [CMS-concurrent-sweep: 0.022/0.022 secs] [Times: user=0.04 sys=0.00, real=0.02 secs] 
2020-10-28T11:47:11.302+0000: [CMS-concurrent-reset-start]
2020-10-28T11:47:11.314+0000: [GC (Allocation Failure) 2020-10-28T11:47:11.314+0000: [ParNew: 34436K->4K(38720K), 0.0046788 secs] 730936K->696504K(1199556K), 0.0047343 secs] [Times: user=0.01 sys=0.00, real=0.01 secs] 
2020-10-28T11:47:11.354+0000: [CMS-concurrent-reset: 0.025/0.051 secs] [Times: user=0.09 sys=0.01, real=0.05 secs] 
2020-10-28T11:47:11.362+0000: [GC (Allocation Failure) 2020-10-28T11:47:11.362+0000: [ParNew: 34436K->4K(38720K), 0.0046638 secs] 730936K->696504K(1199556K), 0.0047115 secs] [Times: user=0.01 sys=0.00, real=0.01 secs] 
2020-10-28T11:47:11.406+0000: [GC (Allocation Failure) 2020-10-28T11:47:11.406+0000: [ParNew: 34436K->6K(38720K), 0.0062610 secs] 730936K->696506K(1199556K), 0.0063201 secs] [Times: user=0.01 sys=0.00, real=0.00 secs] 
2020-10-28T11:47:11.450+0000: [GC (Allocation Failure) 2020-10-28T11:47:11.450+0000: [ParNew: 34438K->4K(38720K), 0.0047209 secs] 730938K->696504K(1199556K), 0.0047822 secs] [Times: user=0.00 sys=0.00, real=0.00 secs] 
2020-10-28T11:47:11.489+0000: [GC (Allocation Failure) 2020-10-28T11:47:11.490+0000: [ParNew: 34436K->6K(38720K), 0.0047823 secs] 730936K->696506K(1199556K), 0.0048452 secs] [Times: user=0.01 sys=0.00, real=0.00 secs] 
2020-10-28T11:47:11.533+0000: [GC (Allocation Failure) 2020-10-28T11:47:11.533+0000: [ParNew: 34438K->4K(38720K), 0.0046956 secs] 730938K->696504K(1199556K), 0.0047577 secs] [Times: user=0.01 sys=0.00, real=0.01 secs] 
2020-10-28T11:47:11.573+0000: [GC (Allocation Failure) 2020-10-28T11:47:11.573+0000: [ParNew: 34436K->4K(38720K), 0.0046862 secs] 730936K->696504K(1199556K), 0.0047483 secs] [Times: user=0.01 sys=0.00, real=0.00 secs] 
2020-10-28T11:47:11.618+0000: [GC (Allocation Failure) 2020-10-28T11:47:11.618+0000: [ParNew: 34436K->4K(38720K), 0.0046151 secs] 730936K->696504K(1199556K), 0.0046742 secs] [Times: user=0.01 sys=0.00, real=0.00 secs] 
2020-10-28T11:47:11.661+0000: [GC (Allocation Failure) 2020-10-28T11:47:11.661+0000: [ParNew: 34436K->4K(38720K), 0.0046677 secs] 730936K->696504K(1199556K), 0.0047293 secs] [Times: user=0.01 sys=0.00, real=0.01 secs] 
2020-10-28T11:47:11.703+0000: [GC (Allocation Failure) 2020-10-28T11:47:11.704+0000: [ParNew: 34436K->4K(38720K), 0.0047334 secs] 730936K->696504K(1199556K), 0.0047943 secs] [Times: user=0.00 sys=0.00, real=0.01 secs] 
2020-10-28T11:47:11.747+0000: [GC (Allocation Failure) 2020-10-28T11:47:11.747+0000: [ParNew: 34436K->6K(38720K), 0.0047114 secs] 730936K->696506K(1199556K), 0.0047716 secs] [Times: user=0.01 sys=0.00, real=0.00 secs] 
2020-10-28T11:47:11.787+0000: [GC (Allocation Failure) 2020-10-28T11:47:11.787+0000: [ParNew: 34438K->4K(38720K), 0.0045730 secs] 730938K->696504K(1199556K), 0.0046394 secs] [Times: user=0.01 sys=0.00, real=0.00 secs] 
2020-10-28T11:47:11.827+0000: [GC (Allocation Failure) 2020-10-28T11:47:11.827+0000: [ParNew: 34436K->6K(38720K), 0.0048472 secs] 730936K->696506K(1199556K), 0.0049133 secs] [Times: user=0.00 sys=0.00, real=0.00 secs] 
2020-10-28T11:47:11.860+0000: [GC (Allocation Failure) 2020-10-28T11:47:11.860+0000: [ParNew: 25861K->4K(38720K), 0.0044953 secs] 722362K->696504K(1199556K), 0.0045514 secs] [Times: user=0.01 sys=0.00, real=0.00 secs] 
2020-10-28T11:47:11.871+0000: [GC (Allocation Failure) 2020-10-28T11:47:11.871+0000: [ParNew: 34436K->6K(38720K), 0.0283180 secs] 730936K->729274K(1199556K), 0.0283739 secs] [Times: user=0.04 sys=0.02, real=0.03 secs] 
2020-10-28T11:47:11.917+0000: [GC (Allocation Failure) 2020-10-28T11:47:11.917+0000: [ParNew: 13406K->6K(38720K), 0.0043505 secs] 742675K->729274K(1199556K), 0.0043933 secs] [Times: user=0.01 sys=0.00, real=0.01 secs] 
2020-10-28T11:47:11.926+0000: [GC (Allocation Failure) 2020-10-28T11:47:11.926+0000: [ParNew: 34438K->4K(38720K), 0.0284398 secs] 763706K->762040K(1199556K), 0.0284904 secs] [Times: user=0.03 sys=0.02, real=0.02 secs] 
2020-10-28T11:47:11.966+0000: [GC (CMS Initial Mark) [1 CMS-initial-mark: 762036K(1160836K)] 770529K(1199556K), 0.0064825 secs] [Times: user=0.01 sys=0.00, real=0.00 secs] 
2020-10-28T11:47:11.972+0000: [CMS-concurrent-mark-start]
2020-10-28T11:47:12.006+0000: [GC (Allocation Failure) 2020-10-28T11:47:12.006+0000: [ParNew: 34436K->6K(38720K), 0.0045169 secs] 796472K->762042K(1199556K), 0.0045767 secs] [Times: user=0.01 sys=0.00, real=0.00 secs] 
2020-10-28T11:47:12.060+0000: [GC (Allocation Failure) 2020-10-28T11:47:12.060+0000: [ParNew: 34438K->4K(38720K), 0.0046994 secs] 796474K->762040K(1199556K), 0.0047630 secs] [Times: user=0.01 sys=0.00, real=0.00 secs] 
2020-10-28T11:47:12.082+0000: [GC (Allocation Failure) 2020-10-28T11:47:12.082+0000: [ParNew: 34436K->6K(38720K), 0.0289823 secs] 796472K->794810K(1199556K), 0.0290511 secs] [Times: user=0.05 sys=0.01, real=0.03 secs] 
2020-10-28T11:47:12.166+0000: [CMS-concurrent-mark: 0.144/0.194 secs] [Times: user=0.33 sys=0.02, real=0.20 secs] 
2020-10-28T11:47:12.166+0000: [GC (Allocation Failure) 2020-10-28T11:47:12.167+0000: [ParNew: 34438K->6K(38720K), 0.0045940 secs] 829242K->794810K(1199556K), 0.0046395 secs] [Times: user=0.01 sys=0.00, real=0.00 secs] 
2020-10-28T11:47:12.171+0000: [CMS-concurrent-preclean-start]
2020-10-28T11:47:12.174+0000: [CMS-concurrent-preclean: 0.003/0.003 secs] [Times: user=0.01 sys=0.00, real=0.00 secs] 
2020-10-28T11:47:12.182+0000: [GC (CMS Final Remark) [YG occupancy: 2141 K (38720 K)]2020-10-28T11:47:12.182+0000: [Rescan (parallel) , 0.0034631 secs]2020-10-28T11:47:12.185+0000: [weak refs processing, 0.0000337 secs]2020-10-28T11:47:12.185+0000: [class unloading, 0.0087045 secs]2020-10-28T11:47:12.194+0000: [scrub symbol table, 0.0091851 secs]2020-10-28T11:47:12.203+0000: [scrub string table, 0.0005416 secs][1 CMS-remark: 794804K(1160836K)] 796946K(1199556K), 0.0220343 secs] [Times: user=0.02 sys=0.00, real=0.02 secs] 
2020-10-28T11:47:12.214+0000: [CMS-concurrent-sweep-start]
2020-10-28T11:47:12.243+0000: [GC (Allocation Failure) 2020-10-28T11:47:12.243+0000: [ParNew: 34438K->6K(38720K), 0.0044569 secs] 829242K->794810K(1199556K), 0.0045105 secs] [Times: user=0.01 sys=0.00, real=0.01 secs] 
2020-10-28T11:47:12.255+0000: [CMS-concurrent-sweep: 0.030/0.041 secs] [Times: user=0.08 sys=0.00, real=0.04 secs] 
2020-10-28T11:47:12.256+0000: [CMS-concurrent-reset-start]
2020-10-28T11:47:12.277+0000: [CMS-concurrent-reset: 0.021/0.021 secs] [Times: user=0.04 sys=0.01, real=0.02 secs] 
2020-10-28T11:47:12.294+0000: [GC (Allocation Failure) 2020-10-28T11:47:12.294+0000: [ParNew: 34438K->4K(38720K), 0.0048892 secs] 780090K->745656K(1281476K), 0.0049401 secs] [Times: user=0.01 sys=0.00, real=0.01 secs] 
2020-10-28T11:47:12.334+0000: [GC (Allocation Failure) 2020-10-28T11:47:12.334+0000: [ParNew: 34436K->4K(38720K), 0.0046976 secs] 780088K->745656K(1281476K), 0.0047533 secs] [Times: user=0.01 sys=0.00, real=0.01 secs] 
2020-10-28T11:47:12.378+0000: [GC (Allocation Failure) 2020-10-28T11:47:12.378+0000: [ParNew: 34436K->6K(38720K), 0.0047715 secs] 780088K->745658K(1281476K), 0.0048317 secs] [Times: user=0.01 sys=0.00, real=0.00 secs] 
2020-10-28T11:47:12.422+0000: [GC (Allocation Failure) 2020-10-28T11:47:12.422+0000: [ParNew: 34438K->6K(38720K), 0.0046820 secs] 780090K->745658K(1281476K), 0.0047362 secs] [Times: user=0.01 sys=0.00, real=0.01 secs] 
2020-10-28T11:47:12.462+0000: [GC (Allocation Failure) 2020-10-28T11:47:12.462+0000: [ParNew: 34438K->6K(38720K), 0.0046841 secs] 780090K->745658K(1281476K), 0.0047383 secs] [Times: user=0.01 sys=0.00, real=0.01 secs] 
2020-10-28T11:47:12.506+0000: [GC (Allocation Failure) 2020-10-28T11:47:12.506+0000: [ParNew: 34438K->4K(38720K), 0.0046650 secs] 780090K->745656K(1281476K), 0.0047188 secs] [Times: user=0.01 sys=0.00, real=0.00 secs] 
2020-10-28T11:47:12.546+0000: [GC (Allocation Failure) 2020-10-28T11:47:12.546+0000: [ParNew: 34436K->6K(38720K), 0.0048331 secs] 780088K->745658K(1281476K), 0.0048906 secs] [Times: user=0.01 sys=0.00, real=0.00 secs] 
2020-10-28T11:47:12.590+0000: [GC (Allocation Failure) 2020-10-28T11:47:12.590+0000: [ParNew: 34438K->4K(38720K), 0.0047545 secs] 780090K->745656K(1281476K), 0.0048147 secs] [Times: user=0.01 sys=0.01, real=0.00 secs] 
2020-10-28T11:47:12.630+0000: [GC (Allocation Failure) 2020-10-28T11:47:12.630+0000: [ParNew: 34425K->4K(38720K), 0.0045605 secs] 780077K->745656K(1281476K), 0.0046174 secs] [Times: user=0.00 sys=0.00, real=0.00 secs] 
2020-10-28T11:47:12.670+0000: [GC (Allocation Failure) 2020-10-28T11:47:12.670+0000: [ParNew: 34436K->4K(38720K), 0.0047712 secs] 780088K->745656K(1281476K), 0.0048313 secs] [Times: user=0.01 sys=0.00, real=0.00 secs] 
2020-10-28T11:47:12.714+0000: [GC (Allocation Failure) 2020-10-28T11:47:12.714+0000: [ParNew: 34436K->4K(38720K), 0.0047515 secs] 780088K->745656K(1281476K), 0.0048103 secs] [Times: user=0.01 sys=0.00, real=0.01 secs] 
2020-10-28T11:47:12.758+0000: [GC (Allocation Failure) 2020-10-28T11:47:12.758+0000: [ParNew: 34436K->6K(38720K), 0.0046686 secs] 780088K->745658K(1281476K), 0.0047229 secs] [Times: user=0.00 sys=0.00, real=0.01 secs] 
2020-10-28T11:47:12.798+0000: [GC (Allocation Failure) 2020-10-28T11:47:12.798+0000: [ParNew: 34438K->6K(38720K), 0.0049720 secs] 780090K->745658K(1281476K), 0.0050372 secs] [Times: user=0.01 sys=0.00, real=0.00 secs] 
2020-10-28T11:47:12.841+0000: [GC (Allocation Failure) 2020-10-28T11:47:12.841+0000: [ParNew: 34438K->4K(38720K), 0.0047766 secs] 780090K->745656K(1281476K), 0.0048282 secs] [Times: user=0.01 sys=0.00, real=0.01 secs] 
2020-10-28T11:47:12.885+0000: [GC (Allocation Failure) 2020-10-28T11:47:12.885+0000: [ParNew: 34436K->4K(38720K), 0.0048529 secs] 780088K->745656K(1281476K), 0.0049138 secs] [Times: user=0.01 sys=0.00, real=0.01 secs] 
2020-10-28T11:47:12.924+0000: [GC (Allocation Failure) 2020-10-28T11:47:12.924+0000: [ParNew: 34436K->4K(38720K), 0.0048549 secs] 780088K->745656K(1281476K), 0.0049155 secs] [Times: user=0.01 sys=0.00, real=0.01 secs] 
2020-10-28T11:47:12.964+0000: [GC (Allocation Failure) 2020-10-28T11:47:12.964+0000: [ParNew: 34436K->4K(38720K), 0.0046358 secs] 780088K->745656K(1281476K), 0.0046893 secs] [Times: user=0.01 sys=0.00, real=0.01 secs] 
2020-10-28T11:47:13.008+0000: [GC (Allocation Failure) 2020-10-28T11:47:13.008+0000: [ParNew: 34436K->4K(38720K), 0.0048415 secs] 780088K->745656K(1281476K), 0.0049014 secs] [Times: user=0.01 sys=0.00, real=0.00 secs] 
2020-10-28T11:47:13.048+0000: [GC (Allocation Failure) 2020-10-28T11:47:13.048+0000: [ParNew: 34436K->6K(38720K), 0.0049616 secs] 780088K->745658K(1281476K), 0.0050218 secs] [Times: user=0.01 sys=0.00, real=0.00 secs] 
2020-10-28T11:47:13.095+0000: [GC (Allocation Failure) 2020-10-28T11:47:13.095+0000: [ParNew: 34438K->6K(38720K), 0.0048006 secs] 780090K->745658K(1281476K), 0.0048592 secs] [Times: user=0.01 sys=0.00, real=0.01 secs] 
2020-10-28T11:47:13.139+0000: [GC (Allocation Failure) 2020-10-28T11:47:13.139+0000: [ParNew: 34438K->4K(38720K), 0.0047764 secs] 780090K->745656K(1281476K), 0.0048357 secs] [Times: user=0.00 sys=0.00, real=0.00 secs] 
2020-10-28T11:47:13.184+0000: [GC (Allocation Failure) 2020-10-28T11:47:13.185+0000: [ParNew: 34436K->4K(38720K), 0.0047976 secs] 780088K->745656K(1281476K), 0.0048491 secs] [Times: user=0.01 sys=0.00, real=0.01 secs] 
2020-10-28T11:47:13.224+0000: [GC (Allocation Failure) 2020-10-28T11:47:13.224+0000: [ParNew: 34436K->4K(38720K), 0.0047285 secs] 780088K->745656K(1281476K), 0.0047922 secs] [Times: user=0.01 sys=0.00, real=0.01 secs] 
2020-10-28T11:47:13.264+0000: [GC (Allocation Failure) 2020-10-28T11:47:13.264+0000: [ParNew: 34436K->8K(38720K), 0.0046519 secs] 780088K->745660K(1281476K), 0.0047088 secs] [Times: user=0.01 sys=0.00, real=0.01 secs] 
2020-10-28T11:47:13.306+0000: [GC (Allocation Failure) 2020-10-28T11:47:13.306+0000: [ParNew: 34440K->4K(38720K), 0.0047318 secs] 780092K->745656K(1281476K), 0.0047900 secs] [Times: user=0.01 sys=0.00, real=0.00 secs] 
2020-10-28T11:47:13.350+0000: [GC (Allocation Failure) 2020-10-28T11:47:13.350+0000: [ParNew: 34436K->4K(38720K), 0.0047909 secs] 780088K->745656K(1281476K), 0.0048489 secs] [Times: user=0.00 sys=0.00, real=0.00 secs] 
2020-10-28T11:47:13.389+0000: [GC (Allocation Failure) 2020-10-28T11:47:13.389+0000: [ParNew: 34436K->4K(38720K), 0.0046552 secs] 780088K->745656K(1281476K), 0.0047083 secs] [Times: user=0.00 sys=0.00, real=0.00 secs] 
2020-10-28T11:47:13.429+0000: [GC (Allocation Failure) 2020-10-28T11:47:13.429+0000: [ParNew: 34436K->6K(38720K), 0.0047513 secs] 780088K->745658K(1281476K), 0.0048086 secs] [Times: user=0.01 sys=0.00, real=0.00 secs] 
2020-10-28T11:47:13.474+0000: [GC (Allocation Failure) 2020-10-28T11:47:13.474+0000: [ParNew: 34438K->4K(38720K), 0.0047052 secs] 780090K->745656K(1281476K), 0.0047596 secs] [Times: user=0.01 sys=0.00, real=0.01 secs] 
2020-10-28T11:47:13.514+0000: [GC (Allocation Failure) 2020-10-28T11:47:13.514+0000: [ParNew: 34436K->4K(38720K), 0.0048772 secs] 780088K->745656K(1281476K), 0.0049527 secs] [Times: user=0.01 sys=0.00, real=0.01 secs] 
2020-10-28T11:47:13.558+0000: [GC (Allocation Failure) 2020-10-28T11:47:13.558+0000: [ParNew: 34436K->4K(38720K), 0.0049433 secs] 780088K->745656K(1281476K), 0.0050068 secs] [Times: user=0.01 sys=0.00, real=0.01 secs] 
2020-10-28T11:47:13.602+0000: [GC (Allocation Failure) 2020-10-28T11:47:13.602+0000: [ParNew: 34436K->6K(38720K), 0.0048732 secs] 780088K->745658K(1281476K), 0.0049342 secs] [Times: user=0.01 sys=0.00, real=0.01 secs] 
2020-10-28T11:47:13.642+0000: [GC (Allocation Failure) 2020-10-28T11:47:13.642+0000: [ParNew: 34438K->4K(38720K), 0.0047091 secs] 780090K->745656K(1281476K), 0.0047800 secs] [Times: user=0.01 sys=0.00, real=0.01 secs] 
2020-10-28T11:47:13.681+0000: [GC (Allocation Failure) 2020-10-28T11:47:13.682+0000: [ParNew: 34436K->4K(38720K), 0.0047155 secs] 780088K->745656K(1281476K), 0.0047699 secs] [Times: user=0.01 sys=0.00, real=0.01 secs] 
2020-10-28T11:47:13.725+0000: [GC (Allocation Failure) 2020-10-28T11:47:13.725+0000: [ParNew: 34436K->4K(38720K), 0.0048983 secs] 780088K->745656K(1281476K), 0.0049610 secs] [Times: user=0.00 sys=0.00, real=0.01 secs] 
2020-10-28T11:47:13.765+0000: [GC (Allocation Failure) 2020-10-28T11:47:13.765+0000: [ParNew: 34436K->4K(38720K), 0.0051281 secs] 780088K->745656K(1281476K), 0.0051893 secs] [Times: user=0.01 sys=0.00, real=0.01 secs] 
2020-10-28T11:47:13.810+0000: [GC (Allocation Failure) 2020-10-28T11:47:13.810+0000: [ParNew: 34436K->6K(38720K), 0.0049484 secs] 780088K->745658K(1281476K), 0.0050106 secs] [Times: user=0.01 sys=0.00, real=0.00 secs] 
2020-10-28T11:47:13.850+0000: [GC (Allocation Failure) 2020-10-28T11:47:13.850+0000: [ParNew: 34438K->4K(38720K), 0.0047891 secs] 780090K->745656K(1281476K), 0.0048481 secs] [Times: user=0.01 sys=0.00, real=0.00 secs] 
2020-10-28T11:47:13.894+0000: [GC (Allocation Failure) 2020-10-28T11:47:13.894+0000: [ParNew: 34436K->4K(38720K), 0.0047100 secs] 780088K->745656K(1281476K), 0.0047655 secs] [Times: user=0.01 sys=0.00, real=0.01 secs] 
2020-10-28T11:47:13.934+0000: [GC (Allocation Failure) 2020-10-28T11:47:13.934+0000: [ParNew: 34436K->6K(38720K), 0.0048870 secs] 780088K->745658K(1281476K), 0.0049496 secs] [Times: user=0.01 sys=0.00, real=0.01 secs] 
2020-10-28T11:47:13.975+0000: [GC (Allocation Failure) 2020-10-28T11:47:13.975+0000: [ParNew: 34438K->4K(38720K), 0.0049456 secs] 780090K->745656K(1281476K), 0.0050158 secs] [Times: user=0.01 sys=0.00, real=0.01 secs] 
2020-10-28T11:47:14.018+0000: [GC (Allocation Failure) 2020-10-28T11:47:14.018+0000: [ParNew: 34436K->6K(38720K), 0.0049675 secs] 780088K->745658K(1281476K), 0.0050275 secs] [Times: user=0.01 sys=0.00, real=0.00 secs] 
2020-10-28T11:47:14.071+0000: [GC (Allocation Failure) 2020-10-28T11:47:14.071+0000: [ParNew: 34438K->6K(38720K), 0.0047823 secs] 780090K->745658K(1281476K), 0.0048652 secs] [Times: user=0.01 sys=0.00, real=0.00 secs] 
2020-10-28T11:47:14.126+0000: [GC (Allocation Failure) 2020-10-28T11:47:14.126+0000: [ParNew: 34438K->4K(38720K), 0.0047433 secs] 780090K->745656K(1281476K), 0.0048179 secs] [Times: user=0.01 sys=0.00, real=0.00 secs] 
2020-10-28T11:47:14.174+0000: [GC (Allocation Failure) 2020-10-28T11:47:14.174+0000: [ParNew: 34436K->4K(38720K), 0.0047158 secs] 780088K->745656K(1281476K), 0.0047747 secs] [Times: user=0.01 sys=0.00, real=0.01 secs] 
2020-10-28T11:47:14.214+0000: [GC (Allocation Failure) 2020-10-28T11:47:14.214+0000: [ParNew: 34436K->4K(38720K), 0.0047436 secs] 780088K->745656K(1281476K), 0.0048020 secs] [Times: user=0.01 sys=0.00, real=0.01 secs] 
2020-10-28T11:47:14.257+0000: [GC (Allocation Failure) 2020-10-28T11:47:14.257+0000: [ParNew: 34436K->4K(38720K), 0.0048731 secs] 780088K->745656K(1281476K), 0.0049315 secs] [Times: user=0.01 sys=0.00, real=0.01 secs] 
2020-10-28T11:47:14.297+0000: [GC (Allocation Failure) 2020-10-28T11:47:14.297+0000: [ParNew: 34436K->4K(38720K), 0.0047744 secs] 780088K->745656K(1281476K), 0.0048319 secs] [Times: user=0.00 sys=0.00, real=0.01 secs] 
2020-10-28T11:47:14.349+0000: [GC (Allocation Failure) 2020-10-28T11:47:14.349+0000: [ParNew: 34436K->6K(38720K), 0.0092642 secs] 780088K->745658K(1281476K), 0.0093490 secs] [Times: user=0.01 sys=0.00, real=0.01 secs] 
2020-10-28T11:47:14.398+0000: [GC (Allocation Failure) 2020-10-28T11:47:14.398+0000: [ParNew: 34438K->4K(38720K), 0.0047722 secs] 780090K->745656K(1281476K), 0.0048301 secs] [Times: user=0.01 sys=0.00, real=0.00 secs] 
2020-10-28T11:47:14.456+0000: [GC (Allocation Failure) 2020-10-28T11:47:14.456+0000: [ParNew: 34436K->6K(38720K), 0.0085244 secs] 780088K->745658K(1281476K), 0.0085975 secs] [Times: user=0.01 sys=0.00, real=0.01 secs] 
2020-10-28T11:47:14.506+0000: [GC (Allocation Failure) 2020-10-28T11:47:14.506+0000: [ParNew: 34438K->6K(38720K), 0.0136698 secs] 780090K->745658K(1281476K), 0.0137422 secs] [Times: user=0.01 sys=0.00, real=0.01 secs] 
2020-10-28T11:47:14.555+0000: [GC (Allocation Failure) 2020-10-28T11:47:14.555+0000: [ParNew: 34438K->4K(38720K), 0.0047890 secs] 780090K->745656K(1281476K), 0.0048495 secs] [Times: user=0.01 sys=0.00, real=0.01 secs] 
2020-10-28T11:47:14.602+0000: [GC (Allocation Failure) 2020-10-28T11:47:14.602+0000: [ParNew: 34436K->4K(38720K), 0.0047260 secs] 780088K->745656K(1281476K), 0.0047839 secs] [Times: user=0.01 sys=0.00, real=0.01 secs] 
2020-10-28T11:47:14.646+0000: [GC (Allocation Failure) 2020-10-28T11:47:14.646+0000: [ParNew: 34436K->4K(38720K), 0.0046952 secs] 780088K->745656K(1281476K), 0.0047516 secs] [Times: user=0.01 sys=0.00, real=0.00 secs] 
2020-10-28T11:47:14.690+0000: [GC (Allocation Failure) 2020-10-28T11:47:14.690+0000: [ParNew: 34436K->4K(38720K), 0.0047536 secs] 780088K->745656K(1281476K), 0.0048096 secs] [Times: user=0.01 sys=0.00, real=0.00 secs] 
2020-10-28T11:47:14.738+0000: [GC (Allocation Failure) 2020-10-28T11:47:14.738+0000: [ParNew: 34436K->4K(38720K), 0.0047003 secs] 780088K->745656K(1281476K), 0.0047554 secs] [Times: user=0.01 sys=0.00, real=0.00 secs] 
2020-10-28T11:47:14.782+0000: [GC (Allocation Failure) 2020-10-28T11:47:14.782+0000: [ParNew: 34436K->4K(38720K), 0.0047742 secs] 780088K->745656K(1281476K), 0.0048332 secs] [Times: user=0.01 sys=0.00, real=0.01 secs] 
2020-10-28T11:47:14.822+0000: [GC (Allocation Failure) 2020-10-28T11:47:14.822+0000: [ParNew: 34436K->6K(38720K), 0.0048880 secs] 780088K->745658K(1281476K), 0.0049469 secs] [Times: user=0.01 sys=0.00, real=0.01 secs] 
2020-10-28T11:47:14.870+0000: [GC (Allocation Failure) 2020-10-28T11:47:14.870+0000: [ParNew: 34438K->4K(38720K), 0.0047814 secs] 780090K->745656K(1281476K), 0.0048421 secs] [Times: user=0.01 sys=0.00, real=0.00 secs] 
2020-10-28T11:47:14.913+0000: [GC (Allocation Failure) 2020-10-28T11:47:14.913+0000: [ParNew: 34436K->4K(38720K), 0.0046986 secs] 780088K->745656K(1281476K), 0.0047516 secs] [Times: user=0.01 sys=0.00, real=0.00 secs] 
2020-10-28T11:47:14.953+0000: [GC (Allocation Failure) 2020-10-28T11:47:14.953+0000: [ParNew: 34436K->4K(38720K), 0.0046223 secs] 780088K->745656K(1281476K), 0.0046755 secs] [Times: user=0.01 sys=0.00, real=0.00 secs] 
2020-10-28T11:47:14.992+0000: [GC (Allocation Failure) 2020-10-28T11:47:14.992+0000: [ParNew: 34436K->6K(38720K), 0.0046857 secs] 780088K->745658K(1281476K), 0.0047391 secs] [Times: user=0.01 sys=0.00, real=0.00 secs] 
2020-10-28T11:47:15.032+0000: [GC (Allocation Failure) 2020-10-28T11:47:15.032+0000: [ParNew: 34438K->4K(38720K), 0.0049222 secs] 780090K->745656K(1281476K), 0.0049884 secs] [Times: user=0.01 sys=0.00, real=0.00 secs] 
2020-10-28T11:47:15.072+0000: [GC (Allocation Failure) 2020-10-28T11:47:15.072+0000: [ParNew: 34436K->4K(38720K), 0.0048875 secs] 780088K->745656K(1281476K), 0.0049478 secs] [Times: user=0.01 sys=0.00, real=0.00 secs] 
2020-10-28T11:47:15.130+0000: [GC (Allocation Failure) 2020-10-28T11:47:15.130+0000: [ParNew: 34436K->4K(38720K), 0.0049339 secs] 780088K->745656K(1281476K), 0.0050185 secs] [Times: user=0.01 sys=0.00, real=0.00 secs] 
2020-10-28T11:47:15.185+0000: [GC (Allocation Failure) 2020-10-28T11:47:15.185+0000: [ParNew: 34436K->6K(38720K), 0.0102191 secs] 780088K->745658K(1281476K), 0.0102883 secs] [Times: user=0.01 sys=0.00, real=0.01 secs] 
2020-10-28T11:47:15.251+0000: [GC (Allocation Failure) 2020-10-28T11:47:15.251+0000: [ParNew: 34438K->6K(38720K), 0.0097146 secs] 780090K->745658K(1281476K), 0.0097818 secs] [Times: user=0.01 sys=0.00, real=0.01 secs] 
2020-10-28T11:47:15.296+0000: [GC (Allocation Failure) 2020-10-28T11:47:15.296+0000: [ParNew: 34438K->4K(38720K), 0.0047696 secs] 780090K->745656K(1281476K), 0.0048293 secs] [Times: user=0.01 sys=0.00, real=0.01 secs] 
2020-10-28T11:47:15.343+0000: [GC (Allocation Failure) 2020-10-28T11:47:15.343+0000: [ParNew: 34436K->4K(38720K), 0.0047566 secs] 780088K->745656K(1281476K), 0.0048153 secs] [Times: user=0.01 sys=0.00, real=0.01 secs] 
2020-10-28T11:47:15.386+0000: [GC (Allocation Failure) 2020-10-28T11:47:15.386+0000: [ParNew: 34436K->4K(38720K), 0.0047581 secs] 780088K->745656K(1281476K), 0.0048259 secs] [Times: user=0.00 sys=0.00, real=0.00 secs] 
2020-10-28T11:47:15.430+0000: [GC (Allocation Failure) 2020-10-28T11:47:15.430+0000: [ParNew: 34436K->4K(38720K), 0.0047482 secs] 780088K->745657K(1281476K), 0.0048058 secs] [Times: user=0.01 sys=0.00, real=0.00 secs] 
2020-10-28T11:47:15.474+0000: [GC (Allocation Failure) 2020-10-28T11:47:15.474+0000: [ParNew: 34436K->6K(38720K), 0.0047185 secs] 780089K->745659K(1281476K), 0.0047735 secs] [Times: user=0.01 sys=0.00, real=0.01 secs] 
2020-10-28T11:47:15.513+0000: [GC (Allocation Failure) 2020-10-28T11:47:15.513+0000: [ParNew: 34438K->4K(38720K), 0.0046587 secs] 780091K->745657K(1281476K), 0.0047143 secs] [Times: user=0.01 sys=0.00, real=0.00 secs] 
2020-10-28T11:47:15.554+0000: [GC (Allocation Failure) 2020-10-28T11:47:15.554+0000: [ParNew: 34436K->4K(38720K), 0.0046965 secs] 780089K->745657K(1281476K), 0.0047523 secs] [Times: user=0.00 sys=0.00, real=0.01 secs] 
2020-10-28T11:47:15.598+0000: [GC (Allocation Failure) 2020-10-28T11:47:15.598+0000: [ParNew: 34436K->4K(38720K), 0.0046454 secs] 780089K->745657K(1281476K), 0.0046990 secs] [Times: user=0.01 sys=0.00, real=0.00 secs] 
2020-10-28T11:47:15.637+0000: [GC (Allocation Failure) 2020-10-28T11:47:15.637+0000: [ParNew: 34436K->4K(38720K), 0.0046440 secs] 780089K->745657K(1281476K), 0.0046974 secs] [Times: user=0.01 sys=0.00, real=0.01 secs] 
2020-10-28T11:47:15.677+0000: [GC (Allocation Failure) 2020-10-28T11:47:15.677+0000: [ParNew: 34436K->6K(38720K), 0.0047561 secs] 780089K->745659K(1281476K), 0.0048307 secs] [Times: user=0.01 sys=0.00, real=0.01 secs] 
2020-10-28T11:47:15.717+0000: [GC (Allocation Failure) 2020-10-28T11:47:15.717+0000: [ParNew: 34438K->4K(38720K), 0.0048058 secs] 780091K->745657K(1281476K), 0.0048624 secs] [Times: user=0.01 sys=0.00, real=0.01 secs] 
2020-10-28T11:47:15.760+0000: [GC (Allocation Failure) 2020-10-28T11:47:15.760+0000: [ParNew: 34436K->4K(38720K), 0.0047106 secs] 780089K->745657K(1281476K), 0.0047667 secs] [Times: user=0.01 sys=0.00, real=0.00 secs] 
2020-10-28T11:47:15.802+0000: [GC (Allocation Failure) 2020-10-28T11:47:15.802+0000: [ParNew: 34436K->4K(38720K), 0.0047846 secs] 780089K->745657K(1281476K), 0.0048515 secs] [Times: user=0.01 sys=0.00, real=0.01 secs] 
2020-10-28T11:47:15.842+0000: [GC (Allocation Failure) 2020-10-28T11:47:15.843+0000: [ParNew: 34436K->6K(38720K), 0.0049408 secs] 780089K->745659K(1281476K), 0.0049962 secs] [Times: user=0.01 sys=0.00, real=0.01 secs] 
2020-10-28T11:47:15.869+0000: [GC (Allocation Failure) 2020-10-28T11:47:15.869+0000: [ParNew: 20506K->6K(38720K), 0.0044725 secs] 766159K->745659K(1281476K), 0.0045189 secs] [Times: user=0.01 sys=0.00, real=0.00 secs] 
2020-10-28T11:47:15.878+0000: [GC (Allocation Failure) 2020-10-28T11:47:15.878+0000: [ParNew: 34438K->6K(38720K), 0.0096252 secs] 780091K->778427K(1281476K), 0.0096744 secs] [Times: user=0.02 sys=0.00, real=0.01 secs] 
2020-10-28T11:47:15.898+0000: [GC (CMS Initial Mark) [1 CMS-initial-mark: 778420K(1242756K)] 787131K(1281476K), 0.0067254 secs] [Times: user=0.01 sys=0.00, real=0.00 secs] 
2020-10-28T11:47:15.910+0000: [CMS-concurrent-mark-start]
2020-10-28T11:47:15.938+0000: [GC (Allocation Failure) 2020-10-28T11:47:15.938+0000: [ParNew: 34438K->6K(38720K), 0.0047110 secs] 812859K->778427K(1281476K), 0.0047584 secs] [Times: user=0.01 sys=0.00, real=0.00 secs] 
2020-10-28T11:47:15.981+0000: [GC (Allocation Failure) 2020-10-28T11:47:15.981+0000: [ParNew: 34438K->6K(38720K), 0.0045456 secs] 812859K->778427K(1281476K), 0.0045974 secs] [Times: user=0.01 sys=0.00, real=0.00 secs] 
2020-10-28T11:47:16.034+0000: [GC (Allocation Failure) 2020-10-28T11:47:16.034+0000: [ParNew: 34438K->4K(38720K), 0.0047739 secs] 812859K->778425K(1281476K), 0.0048354 secs] [Times: user=0.01 sys=0.00, real=0.01 secs] 
2020-10-28T11:47:16.082+0000: [GC (Allocation Failure) 2020-10-28T11:47:16.082+0000: [ParNew: 34436K->6K(38720K), 0.0047644 secs] 812857K->778427K(1281476K), 0.0048376 secs] [Times: user=0.01 sys=0.00, real=0.01 secs] 
2020-10-28T11:47:16.102+0000: [GC (Allocation Failure) 2020-10-28T11:47:16.102+0000: [ParNew: 34438K->6K(38720K), 0.0091629 secs] 812859K->811195K(1281476K), 0.0092195 secs] [Times: user=0.02 sys=0.00, real=0.01 secs] 
2020-10-28T11:47:16.161+0000: [CMS-concurrent-mark: 0.202/0.251 secs] [Times: user=0.47 sys=0.00, real=0.25 secs] 
2020-10-28T11:47:16.161+0000: [GC (Allocation Failure) 2020-10-28T11:47:16.161+0000: [ParNew: 34438K->4K(38720K), 0.0048914 secs] 845627K->811193K(1281476K), 0.0049358 secs] [Times: user=0.01 sys=0.00, real=0.01 secs] 
2020-10-28T11:47:16.166+0000: [CMS-concurrent-preclean-start]
2020-10-28T11:47:16.170+0000: [CMS-concurrent-preclean: 0.004/0.004 secs] [Times: user=0.00 sys=0.01, real=0.00 secs] 
2020-10-28T11:47:16.170+0000: [CMS-concurrent-abortable-preclean-start]
2020-10-28T11:47:16.213+0000: [GC (Allocation Failure) 2020-10-28T11:47:16.213+0000: [ParNew: 34436K->6K(38720K), 0.0045715 secs] 845625K->811195K(1281476K), 0.0046272 secs] [Times: user=0.01 sys=0.00, real=0.00 secs] 
2020-10-28T11:47:16.258+0000: [GC (Allocation Failure) 2020-10-28T11:47:16.258+0000: [ParNew: 34438K->6K(38720K), 0.0046163 secs] 845627K->811195K(1281476K), 0.0046742 secs] [Times: user=0.01 sys=0.00, real=0.00 secs] 
2020-10-28T11:47:16.302+0000: [GC (Allocation Failure) 2020-10-28T11:47:16.302+0000: [ParNew: 34438K->6K(38720K), 0.0044741 secs] 845627K->811195K(1281476K), 0.0045304 secs] [Times: user=0.01 sys=0.00, real=0.01 secs] 
2020-10-28T11:47:16.345+0000: [GC (Allocation Failure) 2020-10-28T11:47:16.345+0000: [ParNew: 34438K->6K(38720K), 0.0045869 secs] 845627K->811195K(1281476K), 0.0046422 secs] [Times: user=0.01 sys=0.00, real=0.01 secs] 
2020-10-28T11:47:16.390+0000: [GC (Allocation Failure) 2020-10-28T11:47:16.390+0000: [ParNew: 34438K->4K(38720K), 0.0045204 secs] 845627K->811193K(1281476K), 0.0045751 secs] [Times: user=0.01 sys=0.00, real=0.00 secs] 
2020-10-28T11:47:16.437+0000: [GC (Allocation Failure) 2020-10-28T11:47:16.437+0000: [ParNew: 34436K->4K(38720K), 0.0045293 secs] 845625K->811193K(1281476K), 0.0045852 secs] [Times: user=0.01 sys=0.00, real=0.01 secs] 
2020-10-28T11:47:16.482+0000: [GC (Allocation Failure) 2020-10-28T11:47:16.482+0000: [ParNew: 34436K->4K(38720K), 0.0047740 secs] 845625K->811193K(1281476K), 0.0048283 secs] [Times: user=0.01 sys=0.00, real=0.01 secs] 
2020-10-28T11:47:16.529+0000: [GC (Allocation Failure) 2020-10-28T11:47:16.529+0000: [ParNew: 34436K->4K(38720K), 0.0046672 secs] 845625K->811193K(1281476K), 0.0047244 secs] [Times: user=0.01 sys=0.00, real=0.00 secs] 
2020-10-28T11:47:16.570+0000: [GC (Allocation Failure) 2020-10-28T11:47:16.570+0000: [ParNew: 34436K->6K(38720K), 0.0047871 secs] 845625K->811195K(1281476K), 0.0048574 secs] [Times: user=0.01 sys=0.00, real=0.00 secs] 
2020-10-28T11:47:16.606+0000: [GC (Allocation Failure) 2020-10-28T11:47:16.606+0000: [ParNew: 21076K->4K(38720K), 0.0045137 secs] 832265K->811193K(1281476K), 0.0045695 secs] [Times: user=0.01 sys=0.00, real=0.00 secs] 
2020-10-28T11:47:16.618+0000: [GC (Allocation Failure) 2020-10-28T11:47:16.618+0000: [ParNew: 34436K->6K(38720K), 0.0282434 secs] 845625K->843963K(1281476K), 0.0283027 secs] [Times: user=0.03 sys=0.02, real=0.03 secs] 
2020-10-28T11:47:16.647+0000: [CMS-concurrent-abortable-preclean: 0.038/0.477 secs] [Times: user=0.85 sys=0.04, real=0.48 secs] 
2020-10-28T11:47:16.668+0000: [GC (CMS Final Remark) [YG occupancy: 18624 K (38720 K)]2020-10-28T11:47:16.668+0000: [Rescan (parallel) , 0.0157108 secs]2020-10-28T11:47:16.684+0000: [weak refs processing, 0.0000314 secs]2020-10-28T11:47:16.684+0000: [class unloading, 0.0088171 secs]2020-10-28T11:47:16.693+0000: [scrub symbol table, 0.0091609 secs]2020-10-28T11:47:16.702+0000: [scrub string table, 0.0006504 secs][1 CMS-remark: 843957K(1242756K)] 862581K(1281476K), 0.0344736 secs] [Times: user=0.05 sys=0.00, real=0.03 secs] 
2020-10-28T11:47:16.709+0000: [CMS-concurrent-sweep-start]
2020-10-28T11:47:16.721+0000: [GC (Allocation Failure) 2020-10-28T11:47:16.721+0000: [ParNew: 34438K->4K(38720K), 0.0048308 secs] 878395K->843961K(1281476K), 0.0048805 secs] [Times: user=0.01 sys=0.00, real=0.01 secs] 
2020-10-28T11:47:16.750+0000: [CMS-concurrent-sweep: 0.036/0.041 secs] [Times: user=0.08 sys=0.01, real=0.04 secs] 
2020-10-28T11:47:16.751+0000: [CMS-concurrent-reset-start]
2020-10-28T11:47:16.768+0000: [GC (Allocation Failure) 2020-10-28T11:47:16.768+0000: [ParNew: 34436K->4K(38720K), 0.0056506 secs] 878393K->843961K(1445316K), 0.0057049 secs] [Times: user=0.01 sys=0.00, real=0.00 secs] 
2020-10-28T11:47:16.798+0000: [CMS-concurrent-reset: 0.042/0.048 secs] [Times: user=0.09 sys=0.00, real=0.05 secs] 
2020-10-28T11:47:16.816+0000: [GC (Allocation Failure) 2020-10-28T11:47:16.816+0000: [ParNew: 34436K->4K(38720K), 0.0056699 secs] 878393K->843961K(1445316K), 0.0057282 secs] [Times: user=0.01 sys=0.00, real=0.01 secs] 
2020-10-28T11:47:16.862+0000: [GC (Allocation Failure) 2020-10-28T11:47:16.862+0000: [ParNew: 34436K->4K(38720K), 0.0055246 secs] 878393K->843961K(1445316K), 0.0055837 secs] [Times: user=0.01 sys=0.00, real=0.01 secs] 
2020-10-28T11:47:16.918+0000: [GC (Allocation Failure) 2020-10-28T11:47:16.918+0000: [ParNew: 34436K->6K(38720K), 0.0118253 secs] 878393K->843963K(1445316K), 0.0118814 secs] [Times: user=0.00 sys=0.00, real=0.01 secs] 
2020-10-28T11:47:16.973+0000: [GC (Allocation Failure) 2020-10-28T11:47:16.973+0000: [ParNew: 34438K->4K(38720K), 0.0055692 secs] 878395K->843961K(1445316K), 0.0056275 secs] [Times: user=0.01 sys=0.00, real=0.01 secs] 
2020-10-28T11:47:17.014+0000: [GC (Allocation Failure) 2020-10-28T11:47:17.014+0000: [ParNew: 34436K->4K(38720K), 0.0055779 secs] 878393K->843961K(1445316K), 0.0056353 secs] [Times: user=0.01 sys=0.00, real=0.01 secs] 
2020-10-28T11:47:17.058+0000: [GC (Allocation Failure) 2020-10-28T11:47:17.058+0000: [ParNew: 34436K->4K(38720K), 0.0055440 secs] 878393K->843961K(1445316K), 0.0056002 secs] [Times: user=0.01 sys=0.00, real=0.00 secs] 
2020-10-28T11:47:17.094+0000: [GC (Allocation Failure) 2020-10-28T11:47:17.094+0000: [ParNew: 26013K->6K(38720K), 0.0051685 secs] 869970K->843963K(1445316K), 0.0052181 secs] [Times: user=0.01 sys=0.00, real=0.01 secs] 
2020-10-28T11:47:17.105+0000: [GC (Allocation Failure) 2020-10-28T11:47:17.105+0000: [ParNew: 34438K->6K(38720K), 0.0288220 secs] 878395K->876731K(1445316K), 0.0288738 secs] [Times: user=0.04 sys=0.02, real=0.03 secs] 
2020-10-28T11:47:17.154+0000: [GC (CMS Initial Mark) [1 CMS-initial-mark: 876725K(1406596K)] 892605K(1445316K), 0.0111058 secs] [Times: user=0.02 sys=0.00, real=0.01 secs] 
2020-10-28T11:47:17.170+0000: [CMS-concurrent-mark-start]
2020-10-28T11:47:17.194+0000: [GC (Allocation Failure) 2020-10-28T11:47:17.194+0000: [ParNew: 34438K->6K(38720K), 0.0055038 secs] 911163K->876731K(1445316K), 0.0055527 secs] [Times: user=0.01 sys=0.00, real=0.01 secs] 
2020-10-28T11:47:17.251+0000: [GC (Allocation Failure) 2020-10-28T11:47:17.251+0000: [ParNew: 34438K->6K(38720K), 0.0054263 secs] 911163K->876731K(1445316K), 0.0054860 secs] [Times: user=0.01 sys=0.00, real=0.00 secs] 
2020-10-28T11:47:17.310+0000: [CMS-concurrent-mark: 0.112/0.140 secs] [Times: user=0.26 sys=0.00, real=0.14 secs] 
2020-10-28T11:47:17.310+0000: [GC (Allocation Failure) 2020-10-28T11:47:17.310+0000: [ParNew: 34438K->4K(38720K), 0.0055224 secs] 911163K->876729K(1445316K), 0.0055681 secs] [Times: user=0.01 sys=0.00, real=0.00 secs] 
2020-10-28T11:47:17.316+0000: [CMS-concurrent-preclean-start]
2020-10-28T11:47:17.320+0000: [CMS-concurrent-preclean: 0.004/0.004 secs] [Times: user=0.01 sys=0.00, real=0.01 secs] 
2020-10-28T11:47:17.323+0000: [GC (CMS Final Remark) [YG occupancy: 2179 K (38720 K)]2020-10-28T11:47:17.323+0000: [Rescan (parallel) , 0.0039027 secs]2020-10-28T11:47:17.327+0000: [weak refs processing, 0.0000277 secs]2020-10-28T11:47:17.327+0000: [class unloading, 0.0087055 secs]2020-10-28T11:47:17.335+0000: [scrub symbol table, 0.0094300 secs]2020-10-28T11:47:17.345+0000: [scrub string table, 0.0005549 secs][1 CMS-remark: 876725K(1406596K)] 878904K(1445316K), 0.0227147 secs] [Times: user=0.03 sys=0.00, real=0.02 secs] 
2020-10-28T11:47:17.346+0000: [CMS-concurrent-sweep-start]
2020-10-28T11:47:17.385+0000: [CMS-concurrent-sweep: 0.039/0.039 secs] [Times: user=0.08 sys=0.00, real=0.04 secs] 
2020-10-28T11:47:17.385+0000: [GC (Allocation Failure) 2020-10-28T11:47:17.385+0000: [ParNew: 34436K->4K(38720K), 0.0055332 secs] 911161K->876729K(1445316K), 0.0055785 secs] [Times: user=0.01 sys=0.00, real=0.01 secs] 
2020-10-28T11:47:17.391+0000: [CMS-concurrent-reset-start]
2020-10-28T11:47:17.430+0000: [CMS-concurrent-reset: 0.039/0.039 secs] [Times: user=0.07 sys=0.00, real=0.04 secs] 
2020-10-28T11:47:17.437+0000: [GC (Allocation Failure) 2020-10-28T11:47:17.437+0000: [ParNew: 34436K->6K(38720K), 0.0058816 secs] 911161K->876731K(1499932K), 0.0059290 secs] [Times: user=0.01 sys=0.00, real=0.01 secs] 
2020-10-28T11:47:17.478+0000: [GC (Allocation Failure) 2020-10-28T11:47:17.478+0000: [ParNew: 34438K->4K(38720K), 0.0056566 secs] 911163K->876729K(1499932K), 0.0057219 secs] [Times: user=0.01 sys=0.00, real=0.00 secs] 
2020-10-28T11:47:17.519+0000: [GC (Allocation Failure) 2020-10-28T11:47:17.519+0000: [ParNew: 34436K->4K(38720K), 0.0055283 secs] 911161K->876729K(1499932K), 0.0055817 secs] [Times: user=0.01 sys=0.00, real=0.00 secs] 
2020-10-28T11:47:17.562+0000: [GC (Allocation Failure) 2020-10-28T11:47:17.562+0000: [ParNew: 34436K->6K(38720K), 0.0056347 secs] 911161K->876731K(1499932K), 0.0056925 secs] [Times: user=0.02 sys=0.00, real=0.01 secs] 
2020-10-28T11:47:17.606+0000: [GC (Allocation Failure) 2020-10-28T11:47:17.606+0000: [ParNew: 34438K->6K(38720K), 0.0055974 secs] 911163K->876731K(1499932K), 0.0056524 secs] [Times: user=0.01 sys=0.00, real=0.00 secs] 
2020-10-28T11:47:17.649+0000: [GC (Allocation Failure) 2020-10-28T11:47:17.649+0000: [ParNew: 34438K->4K(38720K), 0.0055962 secs] 911163K->876729K(1499932K), 0.0056494 secs] [Times: user=0.01 sys=0.00, real=0.00 secs] 
2020-10-28T11:47:17.698+0000: [GC (Allocation Failure) 2020-10-28T11:47:17.698+0000: [ParNew: 34436K->4K(38720K), 0.0057840 secs] 911161K->876729K(1499932K), 0.0058452 secs] [Times: user=0.01 sys=0.00, real=0.00 secs] 
2020-10-28T11:47:17.739+0000: [GC (Allocation Failure) 2020-10-28T11:47:17.739+0000: [ParNew: 34436K->4K(38720K), 0.0057406 secs] 911161K->876729K(1499932K), 0.0057975 secs] [Times: user=0.01 sys=0.00, real=0.00 secs] 
2020-10-28T11:47:17.786+0000: [GC (Allocation Failure) 2020-10-28T11:47:17.786+0000: [ParNew: 34436K->4K(38720K), 0.0057497 secs] 911161K->876729K(1499932K), 0.0058094 secs] [Times: user=0.01 sys=0.00, real=0.00 secs] 
2020-10-28T11:47:17.827+0000: [GC (Allocation Failure) 2020-10-28T11:47:17.827+0000: [ParNew: 34436K->6K(38720K), 0.0059962 secs] 911161K->876731K(1499932K), 0.0060530 secs] [Times: user=0.01 sys=0.00, real=0.00 secs] 
2020-10-28T11:47:17.881+0000: [GC (Allocation Failure) 2020-10-28T11:47:17.881+0000: [ParNew: 34438K->4K(38720K), 0.0058340 secs] 911163K->876729K(1499932K), 0.0058939 secs] [Times: user=0.02 sys=0.00, real=0.01 secs] 
2020-10-28T11:47:17.926+0000: [GC (Allocation Failure) 2020-10-28T11:47:17.926+0000: [ParNew: 34436K->4K(38720K), 0.0057350 secs] 911161K->876729K(1499932K), 0.0057927 secs] [Times: user=0.01 sys=0.00, real=0.00 secs] 
2020-10-28T11:47:17.982+0000: [GC (Allocation Failure) 2020-10-28T11:47:17.982+0000: [ParNew: 34436K->8K(38720K), 0.0118849 secs] 911161K->876733K(1499932K), 0.0119475 secs] [Times: user=0.01 sys=0.00, real=0.01 secs] 
2020-10-28T11:47:18.055+0000: [GC (Allocation Failure) 2020-10-28T11:47:18.055+0000: [ParNew: 34440K->9K(38720K), 0.0058427 secs] 911165K->876734K(1499932K), 0.0059061 secs] [Times: user=0.02 sys=0.00, real=0.01 secs] 
2020-10-28T11:47:18.139+0000: [GC (Allocation Failure) 2020-10-28T11:47:18.139+0000: [ParNew: 34441K->8K(38720K), 0.0058899 secs] 911166K->876733K(1499932K), 0.0059513 secs] [Times: user=0.01 sys=0.00, real=0.00 secs] 
2020-10-28T11:47:18.192+0000: [GC (Allocation Failure) 2020-10-28T11:47:18.192+0000: [ParNew: 34440K->9K(38720K), 0.0058689 secs] 911165K->876734K(1499932K), 0.0059291 secs] [Times: user=0.00 sys=0.00, real=0.01 secs] 
2020-10-28T11:47:18.282+0000: [GC (Allocation Failure) 2020-10-28T11:47:18.282+0000: [ParNew: 34441K->10K(38720K), 0.0058855 secs] 911166K->876736K(1499932K), 0.0059582 secs] [Times: user=0.01 sys=0.01, real=0.01 secs] 
2020-10-28T11:47:18.454+0000: [GC (Allocation Failure) 2020-10-28T11:47:18.454+0000: [ParNew: 34442K->8K(38720K), 0.0059043 secs] 911168K->876733K(1499932K), 0.0059699 secs] [Times: user=0.02 sys=0.00, real=0.01 secs] 
2020-10-28T11:47:18.630+0000: [GC (Allocation Failure) 2020-10-28T11:47:18.630+0000: [ParNew: 34440K->5K(38720K), 0.0058762 secs] 911165K->876733K(1499932K), 0.0059612 secs] [Times: user=0.01 sys=0.00, real=0.00 secs] 
2020-10-28T11:47:18.795+0000: [GC (Allocation Failure) 2020-10-28T11:47:18.795+0000: [ParNew: 34437K->6K(38720K), 0.0058856 secs] 911165K->876734K(1499932K), 0.0059495 secs] [Times: user=0.01 sys=0.00, real=0.01 secs] 
2020-10-28T11:47:18.966+0000: [GC (Allocation Failure) 2020-10-28T11:47:18.966+0000: [ParNew: 34438K->4K(38720K), 0.0058202 secs] 911166K->876732K(1499932K), 0.0058833 secs] [Times: user=0.01 sys=0.00, real=0.00 secs] 
2020-10-28T11:47:19.142+0000: [GC (Allocation Failure) 2020-10-28T11:47:19.142+0000: [ParNew: 34436K->4K(38720K), 0.0058742 secs] 911164K->876733K(1499932K), 0.0059364 secs] [Times: user=0.01 sys=0.00, real=0.01 secs] 
2020-10-28T11:47:19.289+0000: [GC (Allocation Failure) 2020-10-28T11:47:19.289+0000: [ParNew: 34436K->4K(38720K), 0.0059763 secs] 911165K->876734K(1499932K), 0.0060400 secs] [Times: user=0.01 sys=0.00, real=0.00 secs] 
2020-10-28T11:47:19.468+0000: [GC (Allocation Failure) 2020-10-28T11:47:19.468+0000: [ParNew: 34436K->4K(38720K), 0.0057910 secs] 911166K->876734K(1499932K), 0.0058555 secs] [Times: user=0.01 sys=0.00, real=0.00 secs] 
2020-10-28T11:47:20.352+0000: [GC (Allocation Failure) 2020-10-28T11:47:20.352+0000: [ParNew: 34436K->183K(38720K), 0.0124445 secs] 911166K->876913K(1499932K), 0.0125292 secs] [Times: user=0.03 sys=0.00, real=0.01 secs] 
2020-10-28T11:47:20.554+0000: [GC (Allocation Failure) 2020-10-28T11:47:20.554+0000: [ParNew: 34615K->49K(38720K), 0.0060264 secs] 911345K->876780K(1499932K), 0.0060911 secs] [Times: user=0.01 sys=0.00, real=0.01 secs] 
2020-10-28T11:47:20.710+0000: [GC (Allocation Failure) 2020-10-28T11:47:20.710+0000: [ParNew: 34481K->56K(38720K), 0.0060540 secs] 911212K->876787K(1499932K), 0.0061609 secs] [Times: user=0.02 sys=0.00, real=0.00 secs] 
2020-10-28T11:47:20.838+0000: [GC (Allocation Failure) 2020-10-28T11:47:20.838+0000: [ParNew: 34488K->49K(38720K), 0.0061463 secs] 911219K->876780K(1499932K), 0.0062110 secs] [Times: user=0.01 sys=0.00, real=0.00 secs] 
2020-10-28T11:47:20.970+0000: [GC (Allocation Failure) 2020-10-28T11:47:20.970+0000: [ParNew: 34481K->52K(38720K), 0.0085040 secs] 911212K->876782K(1499932K), 0.0085825 secs] [Times: user=0.01 sys=0.00, real=0.01 secs] 
2020-10-28T11:47:21.095+0000: [GC (GCLocker Initiated GC) 2020-10-28T11:47:21.095+0000: [ParNew: 34484K->52K(38720K), 0.0059669 secs] 911215K->876783K(1499932K), 0.0060336 secs] [Times: user=0.01 sys=0.00, real=0.01 secs] 
2020-10-28T11:47:21.218+0000: [GC (Allocation Failure) 2020-10-28T11:47:21.218+0000: [ParNew: 34484K->34K(38720K), 0.0061337 secs] 911215K->876798K(1499932K), 0.0061914 secs] [Times: user=0.01 sys=0.00, real=0.00 secs] 
2020-10-28T11:47:21.288+0000: [GC (Allocation Failure) 2020-10-28T11:47:21.288+0000: [ParNew: 34466K->9K(38720K), 0.0058586 secs] 911230K->876774K(1499932K), 0.0059251 secs] [Times: user=0.01 sys=0.00, real=0.00 secs] 
2020-10-28T11:47:21.362+0000: [GC (Allocation Failure) 2020-10-28T11:47:21.362+0000: [ParNew: 34441K->4K(38720K), 0.0058963 secs] 911206K->876769K(1499932K), 0.0059593 secs] [Times: user=0.01 sys=0.00, real=0.01 secs] 
2020-10-28T11:47:21.426+0000: [GC (Allocation Failure) 2020-10-28T11:47:21.426+0000: [ParNew: 34436K->4K(38720K), 0.0057837 secs] 911201K->876769K(1499932K), 0.0058482 secs] [Times: user=0.02 sys=0.00, real=0.00 secs] 
2020-10-28T11:47:21.496+0000: [GC (Allocation Failure) 2020-10-28T11:47:21.496+0000: [ParNew: 34436K->4K(38720K), 0.0058294 secs] 911201K->876769K(1499932K), 0.0058929 secs] [Times: user=0.01 sys=0.00, real=0.01 secs] 
2020-10-28T11:47:21.557+0000: [GC (Allocation Failure) 2020-10-28T11:47:21.557+0000: [ParNew: 34436K->4K(38720K), 0.0057221 secs] 911201K->876769K(1499932K), 0.0057807 secs] [Times: user=0.01 sys=0.00, real=0.01 secs] 
2020-10-28T11:47:21.625+0000: [GC (Allocation Failure) 2020-10-28T11:47:21.625+0000: [ParNew: 34436K->4K(38720K), 0.0057634 secs] 911201K->876769K(1499932K), 0.0058242 secs] [Times: user=0.02 sys=0.00, real=0.01 secs] 
2020-10-28T11:47:21.694+0000: [GC (Allocation Failure) 2020-10-28T11:47:21.694+0000: [ParNew: 34436K->4K(38720K), 0.0057277 secs] 911201K->876769K(1499932K), 0.0057896 secs] [Times: user=0.01 sys=0.00, real=0.01 secs] 
2020-10-28T11:47:21.759+0000: [GC (Allocation Failure) 2020-10-28T11:47:21.759+0000: [ParNew: 34436K->4K(38720K), 0.0057773 secs] 911201K->876769K(1499932K), 0.0058385 secs] [Times: user=0.01 sys=0.00, real=0.00 secs] 
2020-10-28T11:47:21.830+0000: [GC (Allocation Failure) 2020-10-28T11:47:21.830+0000: [ParNew: 34436K->4K(38720K), 0.0061477 secs] 911201K->876769K(1499932K), 0.0062122 secs] [Times: user=0.01 sys=0.00, real=0.00 secs] 
2020-10-28T11:47:21.894+0000: [GC (Allocation Failure) 2020-10-28T11:47:21.894+0000: [ParNew: 34436K->4K(38720K), 0.0057878 secs] 911201K->876769K(1499932K), 0.0058496 secs] [Times: user=0.01 sys=0.00, real=0.01 secs] 
2020-10-28T11:47:21.974+0000: [GC (Allocation Failure) 2020-10-28T11:47:21.974+0000: [ParNew: 34436K->4K(38720K), 0.0057726 secs] 911201K->876769K(1499932K), 0.0058577 secs] [Times: user=0.02 sys=0.00, real=0.01 secs] 
2020-10-28T11:47:22.035+0000: [GC (Allocation Failure) 2020-10-28T11:47:22.035+0000: [ParNew: 34436K->4K(38720K), 0.0057967 secs] 911201K->876769K(1499932K), 0.0058631 secs] [Times: user=0.01 sys=0.00, real=0.01 secs] 
2020-10-28T11:47:22.088+0000: [GC (Allocation Failure) 2020-10-28T11:47:22.088+0000: [ParNew: 34436K->4K(38720K), 0.0055880 secs] 911201K->876769K(1499932K), 0.0056462 secs] [Times: user=0.01 sys=0.00, real=0.00 secs] 
2020-10-28T11:47:22.140+0000: [GC (Allocation Failure) 2020-10-28T11:47:22.140+0000: [ParNew: 34436K->4K(38720K), 0.0056513 secs] 911201K->876769K(1499932K), 0.0057080 secs] [Times: user=0.01 sys=0.00, real=0.00 secs] 
2020-10-28T11:47:22.192+0000: [GC (GCLocker Initiated GC) 2020-10-28T11:47:22.192+0000: [ParNew: 34436K->4K(38720K), 0.0056173 secs] 911201K->876769K(1499932K), 0.0056747 secs] [Times: user=0.01 sys=0.00, real=0.01 secs] 
2020-10-28T11:47:22.244+0000: [GC (Allocation Failure) 2020-10-28T11:47:22.244+0000: [ParNew: 34436K->4K(38720K), 0.0056348 secs] 911201K->876769K(1499932K), 0.0056916 secs] [Times: user=0.01 sys=0.00, real=0.01 secs] 
2020-10-28T11:47:22.296+0000: [GC (Allocation Failure) 2020-10-28T11:47:22.296+0000: [ParNew: 34436K->4K(38720K), 0.0057144 secs] 911201K->876770K(1499932K), 0.0057729 secs] [Times: user=0.02 sys=0.00, real=0.01 secs] 
2020-10-28T11:47:22.350+0000: [GC (Allocation Failure) 2020-10-28T11:47:22.350+0000: [ParNew: 34436K->4K(38720K), 0.0056916 secs] 911202K->876770K(1499932K), 0.0057508 secs] [Times: user=0.01 sys=0.00, real=0.00 secs] 
2020-10-28T11:47:22.406+0000: [GC (Allocation Failure) 2020-10-28T11:47:22.406+0000: [ParNew: 34436K->4K(38720K), 0.0057295 secs] 911202K->876770K(1499932K), 0.0057904 secs] [Times: user=0.01 sys=0.00, real=0.00 secs] 
2020-10-28T11:47:22.461+0000: [GC (Allocation Failure) 2020-10-28T11:47:22.461+0000: [ParNew: 34436K->4K(38720K), 0.0056565 secs] 911202K->876770K(1499932K), 0.0057146 secs] [Times: user=0.01 sys=0.00, real=0.01 secs] 
2020-10-28T11:47:22.517+0000: [GC (Allocation Failure) 2020-10-28T11:47:22.517+0000: [ParNew: 34436K->4K(38720K), 0.0057377 secs] 911202K->876770K(1499932K), 0.0057973 secs] [Times: user=0.01 sys=0.00, real=0.01 secs] 
2020-10-28T11:47:22.570+0000: [GC (Allocation Failure) 2020-10-28T11:47:22.570+0000: [ParNew: 34436K->4K(38720K), 0.0058584 secs] 911202K->876770K(1499932K), 0.0059205 secs] [Times: user=0.01 sys=0.00, real=0.00 secs] 
2020-10-28T11:47:22.623+0000: [GC (Allocation Failure) 2020-10-28T11:47:22.623+0000: [ParNew: 34436K->4K(38720K), 0.0058412 secs] 911202K->876770K(1499932K), 0.0059026 secs] [Times: user=0.01 sys=0.00, real=0.01 secs] 
2020-10-28T11:47:22.680+0000: [GC (Allocation Failure) 2020-10-28T11:47:22.680+0000: [ParNew: 34436K->4K(38720K), 0.0058365 secs] 911202K->876770K(1499932K), 0.0058985 secs] [Times: user=0.01 sys=0.00, real=0.01 secs] 
2020-10-28T11:47:22.732+0000: [GC (Allocation Failure) 2020-10-28T11:47:22.732+0000: [ParNew: 34436K->4K(38720K), 0.0058021 secs] 911202K->876770K(1499932K), 0.0058634 secs] [Times: user=0.01 sys=0.00, real=0.01 secs] 
2020-10-28T11:47:22.786+0000: [GC (Allocation Failure) 2020-10-28T11:47:22.786+0000: [ParNew: 34436K->4K(38720K), 0.0056317 secs] 911202K->876770K(1499932K), 0.0056905 secs] [Times: user=0.01 sys=0.00, real=0.00 secs] 
2020-10-28T11:47:22.842+0000: [GC (Allocation Failure) 2020-10-28T11:47:22.842+0000: [ParNew: 34436K->4K(38720K), 0.0058118 secs] 911202K->876770K(1499932K), 0.0058708 secs] [Times: user=0.01 sys=0.00, real=0.01 secs] 
2020-10-28T11:47:22.898+0000: [GC (Allocation Failure) 2020-10-28T11:47:22.898+0000: [ParNew: 34308K->4K(38720K), 0.0056002 secs] 911074K->876770K(1499932K), 0.0056685 secs] [Times: user=0.01 sys=0.00, real=0.00 secs] 
2020-10-28T11:47:22.950+0000: [GC (Allocation Failure) 2020-10-28T11:47:22.950+0000: [ParNew: 34436K->4K(38720K), 0.0056646 secs] 911202K->876770K(1499932K), 0.0057248 secs] [Times: user=0.01 sys=0.00, real=0.00 secs] 
2020-10-28T11:47:23.002+0000: [GC (Allocation Failure) 2020-10-28T11:47:23.002+0000: [ParNew: 34436K->4K(38720K), 0.0057446 secs] 911202K->876770K(1499932K), 0.0058048 secs] [Times: user=0.01 sys=0.00, real=0.01 secs] 
2020-10-28T11:47:23.055+0000: [GC (Allocation Failure) 2020-10-28T11:47:23.055+0000: [ParNew: 34436K->4K(38720K), 0.0057324 secs] 911202K->876770K(1499932K), 0.0057927 secs] [Times: user=0.01 sys=0.00, real=0.01 secs] 
2020-10-28T11:47:23.111+0000: [GC (Allocation Failure) 2020-10-28T11:47:23.111+0000: [ParNew: 34436K->4K(38720K), 0.0056268 secs] 911202K->876770K(1499932K), 0.0056801 secs] [Times: user=0.01 sys=0.00, real=0.00 secs] 
2020-10-28T11:47:23.169+0000: [GC (Allocation Failure) 2020-10-28T11:47:23.169+0000: [ParNew: 34436K->4K(38720K), 0.0057612 secs] 911202K->876770K(1499932K), 0.0058217 secs] [Times: user=0.01 sys=0.00, real=0.00 secs] 
2020-10-28T11:47:23.222+0000: [GC (GCLocker Initiated GC) 2020-10-28T11:47:23.222+0000: [ParNew: 34436K->4K(38720K), 0.0057596 secs] 911202K->876770K(1499932K), 0.0058139 secs] [Times: user=0.01 sys=0.00, real=0.01 secs] 
2020-10-28T11:47:23.275+0000: [GC (Allocation Failure) 2020-10-28T11:47:23.275+0000: [ParNew: 34436K->4K(38720K), 0.0058333 secs] 911202K->876770K(1499932K), 0.0058922 secs] [Times: user=0.02 sys=0.00, real=0.01 secs] 
2020-10-28T11:47:23.332+0000: [GC (Allocation Failure) 2020-10-28T11:47:23.332+0000: [ParNew: 34436K->4K(38720K), 0.0057352 secs] 911202K->876770K(1499932K), 0.0057959 secs] [Times: user=0.01 sys=0.00, real=0.00 secs] 
2020-10-28T11:47:23.386+0000: [GC (Allocation Failure) 2020-10-28T11:47:23.386+0000: [ParNew: 34436K->4K(38720K), 0.0057897 secs] 911202K->876770K(1499932K), 0.0058537 secs] [Times: user=0.01 sys=0.00, real=0.00 secs] 
2020-10-28T11:47:23.446+0000: [GC (Allocation Failure) 2020-10-28T11:47:23.446+0000: [ParNew: 34436K->4K(38720K), 0.0057825 secs] 911202K->876770K(1499932K), 0.0058434 secs] [Times: user=0.02 sys=0.00, real=0.00 secs] 
2020-10-28T11:47:23.498+0000: [GC (Allocation Failure) 2020-10-28T11:47:23.498+0000: [ParNew: 34436K->4K(38720K), 0.0056888 secs] 911202K->876770K(1499932K), 0.0057494 secs] [Times: user=0.01 sys=0.00, real=0.00 secs] 
2020-10-28T11:47:23.557+0000: [GC (Allocation Failure) 2020-10-28T11:47:23.557+0000: [ParNew: 34436K->4K(38720K), 0.0057823 secs] 911202K->876770K(1499932K), 0.0058424 secs] [Times: user=0.01 sys=0.00, real=0.01 secs] 
2020-10-28T11:47:23.612+0000: [GC (Allocation Failure) 2020-10-28T11:47:23.612+0000: [ParNew: 34436K->4K(38720K), 0.0057699 secs] 911202K->876770K(1499932K), 0.0058333 secs] [Times: user=0.01 sys=0.00, real=0.01 secs] 
2020-10-28T11:47:23.664+0000: [GC (Allocation Failure) 2020-10-28T11:47:23.664+0000: [ParNew: 34436K->4K(38720K), 0.0056794 secs] 911202K->876770K(1499932K), 0.0057523 secs] [Times: user=0.01 sys=0.00, real=0.01 secs] 
2020-10-28T11:47:23.717+0000: [GC (Allocation Failure) 2020-10-28T11:47:23.717+0000: [ParNew: 34436K->4K(38720K), 0.0056819 secs] 911202K->876770K(1499932K), 0.0057416 secs] [Times: user=0.02 sys=0.00, real=0.01 secs] 
2020-10-28T11:47:23.770+0000: [GC (Allocation Failure) 2020-10-28T11:47:23.770+0000: [ParNew: 34436K->4K(38720K), 0.0056637 secs] 911202K->876770K(1499932K), 0.0057214 secs] [Times: user=0.01 sys=0.00, real=0.00 secs] 
2020-10-28T11:47:23.826+0000: [GC (Allocation Failure) 2020-10-28T11:47:23.826+0000: [ParNew: 34436K->4K(38720K), 0.0057294 secs] 911202K->876770K(1499932K), 0.0057885 secs] [Times: user=0.01 sys=0.00, real=0.00 secs] 
2020-10-28T11:47:23.883+0000: [GC (Allocation Failure) 2020-10-28T11:47:23.883+0000: [ParNew: 34436K->4K(38720K), 0.0056752 secs] 911202K->876770K(1499932K), 0.0057375 secs] [Times: user=0.01 sys=0.00, real=0.01 secs] 
2020-10-28T11:47:23.935+0000: [GC (Allocation Failure) 2020-10-28T11:47:23.935+0000: [ParNew: 34436K->4K(38720K), 0.0056081 secs] 911202K->876770K(1499932K), 0.0056666 secs] [Times: user=0.01 sys=0.00, real=0.01 secs] 
2020-10-28T11:47:23.990+0000: [GC (Allocation Failure) 2020-10-28T11:47:23.990+0000: [ParNew: 34436K->4K(38720K), 0.0056981 secs] 911202K->876770K(1499932K), 0.0057587 secs] [Times: user=0.01 sys=0.00, real=0.00 secs] 
2020-10-28T11:47:24.046+0000: [GC (Allocation Failure) 2020-10-28T11:47:24.046+0000: [ParNew: 34436K->4K(38720K), 0.0058239 secs] 911202K->876770K(1499932K), 0.0058871 secs] [Times: user=0.01 sys=0.00, real=0.00 secs] 
2020-10-28T11:47:24.099+0000: [GC (Allocation Failure) 2020-10-28T11:47:24.099+0000: [ParNew: 34436K->4K(38720K), 0.0056510 secs] 911202K->876770K(1499932K), 0.0057097 secs] [Times: user=0.01 sys=0.00, real=0.00 secs] 
2020-10-28T11:47:24.150+0000: [GC (Allocation Failure) 2020-10-28T11:47:24.150+0000: [ParNew: 34436K->4K(38720K), 0.0055454 secs] 911202K->876770K(1499932K), 0.0056025 secs] [Times: user=0.01 sys=0.00, real=0.00 secs] 
2020-10-28T11:47:24.220+0000: [GC (Allocation Failure) 2020-10-28T11:47:24.220+0000: [ParNew: 34436K->4K(38720K), 0.0058140 secs] 911202K->876770K(1499932K), 0.0058761 secs] [Times: user=0.01 sys=0.00, real=0.01 secs] 
2020-10-28T11:47:24.274+0000: [GC (GCLocker Initiated GC) 2020-10-28T11:47:24.274+0000: [ParNew: 34436K->4K(38720K), 0.0056662 secs] 911202K->876770K(1499932K), 0.0057253 secs] [Times: user=0.02 sys=0.00, real=0.01 secs] 
2020-10-28T11:47:24.327+0000: [GC (Allocation Failure) 2020-10-28T11:47:24.327+0000: [ParNew: 34436K->4K(38720K), 0.0058137 secs] 911202K->876770K(1499932K), 0.0058749 secs] [Times: user=0.01 sys=0.00, real=0.00 secs] 
2020-10-28T11:47:24.380+0000: [GC (Allocation Failure) 2020-10-28T11:47:24.380+0000: [ParNew: 34436K->4K(38720K), 0.0057424 secs] 911202K->876770K(1499932K), 0.0058032 secs] [Times: user=0.01 sys=0.00, real=0.00 secs] 
2020-10-28T11:47:24.438+0000: [GC (Allocation Failure) 2020-10-28T11:47:24.438+0000: [ParNew: 34436K->4K(38720K), 0.0056014 secs] 911202K->876770K(1499932K), 0.0056618 secs] [Times: user=0.01 sys=0.00, real=0.00 secs] 
2020-10-28T11:47:24.494+0000: [GC (Allocation Failure) 2020-10-28T11:47:24.494+0000: [ParNew: 34436K->4K(38720K), 0.0056898 secs] 911202K->876770K(1499932K), 0.0057484 secs] [Times: user=0.01 sys=0.00, real=0.01 secs] 
2020-10-28T11:47:24.550+0000: [GC (Allocation Failure) 2020-10-28T11:47:24.550+0000: [ParNew: 34436K->4K(38720K), 0.0056800 secs] 911202K->876770K(1499932K), 0.0057388 secs] [Times: user=0.01 sys=0.00, real=0.00 secs] 
2020-10-28T11:47:24.606+0000: [GC (Allocation Failure) 2020-10-28T11:47:24.606+0000: [ParNew: 34436K->4K(38720K), 0.0057551 secs] 911202K->876770K(1499932K), 0.0058172 secs] [Times: user=0.01 sys=0.00, real=0.00 secs] 
2020-10-28T11:47:24.658+0000: [GC (Allocation Failure) 2020-10-28T11:47:24.658+0000: [ParNew: 34436K->4K(38720K), 0.0056062 secs] 911202K->876770K(1499932K), 0.0056642 secs] [Times: user=0.01 sys=0.00, real=0.00 secs] 
2020-10-28T11:47:24.713+0000: [GC (Allocation Failure) 2020-10-28T11:47:24.713+0000: [ParNew: 34436K->4K(38720K), 0.0058851 secs] 911202K->876770K(1499932K), 0.0059501 secs] [Times: user=0.01 sys=0.00, real=0.01 secs] 
2020-10-28T11:47:24.766+0000: [GC (Allocation Failure) 2020-10-28T11:47:24.766+0000: [ParNew: 34436K->4K(38720K), 0.0057642 secs] 911202K->876770K(1499932K), 0.0058271 secs] [Times: user=0.01 sys=0.00, real=0.00 secs] 
2020-10-28T11:47:24.819+0000: [GC (Allocation Failure) 2020-10-28T11:47:24.819+0000: [ParNew: 34436K->4K(38720K), 0.0057869 secs] 911202K->876770K(1499932K), 0.0058492 secs] [Times: user=0.01 sys=0.00, real=0.00 secs] 
2020-10-28T11:47:24.888+0000: [GC (Allocation Failure) 2020-10-28T11:47:24.888+0000: [ParNew: 34436K->4K(38720K), 0.0058489 secs] 911202K->876770K(1499932K), 0.0059138 secs] [Times: user=0.01 sys=0.00, real=0.00 secs] 
2020-10-28T11:47:24.945+0000: [GC (Allocation Failure) 2020-10-28T11:47:24.945+0000: [ParNew: 34436K->4K(38720K), 0.0058095 secs] 911202K->876770K(1499932K), 0.0058729 secs] [Times: user=0.01 sys=0.00, real=0.01 secs] 
2020-10-28T11:47:24.998+0000: [GC (Allocation Failure) 2020-10-28T11:47:24.998+0000: [ParNew: 34436K->4K(38720K), 0.0058457 secs] 911202K->876770K(1499932K), 0.0059094 secs] [Times: user=0.01 sys=0.00, real=0.00 secs] 
2020-10-28T11:47:25.054+0000: [GC (Allocation Failure) 2020-10-28T11:47:25.054+0000: [ParNew: 34436K->4K(38720K), 0.0057902 secs] 911202K->876770K(1499932K), 0.0058536 secs] [Times: user=0.01 sys=0.00, real=0.01 secs] 
2020-10-28T11:47:25.110+0000: [GC (Allocation Failure) 2020-10-28T11:47:25.110+0000: [ParNew: 34436K->4K(38720K), 0.0058197 secs] 911202K->876770K(1499932K), 0.0058810 secs] [Times: user=0.01 sys=0.00, real=0.00 secs] 
2020-10-28T11:47:25.166+0000: [GC (GCLocker Initiated GC) 2020-10-28T11:47:25.166+0000: [ParNew: 34436K->4K(38720K), 0.0057774 secs] 911202K->876770K(1499932K), 0.0058412 secs] [Times: user=0.01 sys=0.00, real=0.00 secs] 
2020-10-28T11:47:25.222+0000: [GC (Allocation Failure) 2020-10-28T11:47:25.222+0000: [ParNew: 34436K->4K(38720K), 0.0057964 secs] 911202K->876770K(1499932K), 0.0058566 secs] [Times: user=0.01 sys=0.00, real=0.01 secs] 
2020-10-28T11:47:25.278+0000: [GC (Allocation Failure) 2020-10-28T11:47:25.278+0000: [ParNew: 34436K->4K(38720K), 0.0057844 secs] 911202K->876770K(1499932K), 0.0058467 secs] [Times: user=0.01 sys=0.00, real=0.00 secs] 
2020-10-28T11:47:25.330+0000: [GC (Allocation Failure) 2020-10-28T11:47:25.330+0000: [ParNew: 34436K->4K(38720K), 0.0057777 secs] 911202K->876770K(1499932K), 0.0058401 secs] [Times: user=0.02 sys=0.00, real=0.00 secs] 
2020-10-28T11:47:25.389+0000: [GC (Allocation Failure) 2020-10-28T11:47:25.389+0000: [ParNew: 34436K->4K(38720K), 0.0058278 secs] 911202K->876770K(1499932K), 0.0058904 secs] [Times: user=0.01 sys=0.00, real=0.00 secs] 
2020-10-28T11:47:25.446+0000: [GC (Allocation Failure) 2020-10-28T11:47:25.446+0000: [ParNew: 34436K->4K(38720K), 0.0058101 secs] 911202K->876770K(1499932K), 0.0058734 secs] [Times: user=0.01 sys=0.00, real=0.01 secs] 
2020-10-28T11:47:25.502+0000: [GC (Allocation Failure) 2020-10-28T11:47:25.502+0000: [ParNew: 34436K->4K(38720K), 0.0057724 secs] 911202K->876770K(1499932K), 0.0058340 secs] [Times: user=0.01 sys=0.00, real=0.01 secs] 
2020-10-28T11:47:25.558+0000: [GC (Allocation Failure) 2020-10-28T11:47:25.558+0000: [ParNew: 34436K->4K(38720K), 0.0057613 secs] 911202K->876770K(1499932K), 0.0058234 secs] [Times: user=0.01 sys=0.00, real=0.00 secs] 
2020-10-28T11:47:25.618+0000: [GC (GCLocker Initiated GC) 2020-10-28T11:47:25.618+0000: [ParNew: 34436K->4K(38720K), 0.0057830 secs] 911202K->876770K(1499932K), 0.0058455 secs] [Times: user=0.01 sys=0.00, real=0.00 secs] 
2020-10-28T11:47:25.671+0000: [GC (Allocation Failure) 2020-10-28T11:47:25.671+0000: [ParNew: 34436K->4K(38720K), 0.0058305 secs] 911202K->876770K(1499932K), 0.0058927 secs] [Times: user=0.01 sys=0.00, real=0.00 secs] 
2020-10-28T11:47:25.723+0000: [GC (Allocation Failure) 2020-10-28T11:47:25.723+0000: [ParNew: 34436K->4K(38720K), 0.0058046 secs] 911202K->876770K(1499932K), 0.0058697 secs] [Times: user=0.01 sys=0.00, real=0.01 secs] 
2020-10-28T11:47:25.779+0000: [GC (Allocation Failure) 2020-10-28T11:47:25.779+0000: [ParNew: 34436K->4K(38720K), 0.0057576 secs] 911202K->876770K(1499932K), 0.0058188 secs] [Times: user=0.01 sys=0.00, real=0.00 secs] 
2020-10-28T11:47:25.834+0000: [GC (Allocation Failure) 2020-10-28T11:47:25.834+0000: [ParNew: 34436K->4K(38720K), 0.0059520 secs] 911202K->876770K(1499932K), 0.0060158 secs] [Times: user=0.01 sys=0.00, real=0.01 secs] 
2020-10-28T11:47:25.887+0000: [GC (Allocation Failure) 2020-10-28T11:47:25.887+0000: [ParNew: 34436K->4K(38720K), 0.0058655 secs] 911202K->876770K(1499932K), 0.0059258 secs] [Times: user=0.01 sys=0.00, real=0.00 secs] 
2020-10-28T11:47:25.940+0000: [GC (Allocation Failure) 2020-10-28T11:47:25.940+0000: [ParNew: 34436K->4K(38720K), 0.0058646 secs] 911202K->876770K(1499932K), 0.0059259 secs] [Times: user=0.01 sys=0.00, real=0.01 secs] 
2020-10-28T11:47:25.993+0000: [GC (Allocation Failure) 2020-10-28T11:47:25.993+0000: [ParNew: 34436K->4K(38720K), 0.0058523 secs] 911202K->876770K(1499932K), 0.0059140 secs] [Times: user=0.01 sys=0.00, real=0.01 secs] 
2020-10-28T11:47:26.046+0000: [GC (Allocation Failure) 2020-10-28T11:47:26.046+0000: [ParNew: 34436K->4K(38720K), 0.0058420 secs] 911202K->876770K(1499932K), 0.0059062 secs] [Times: user=0.01 sys=0.00, real=0.00 secs] 
2020-10-28T11:47:26.108+0000: [GC (Allocation Failure) 2020-10-28T11:47:26.108+0000: [ParNew: 34436K->4K(38720K), 0.0057608 secs] 911202K->876770K(1499932K), 0.0058171 secs] [Times: user=0.01 sys=0.00, real=0.00 secs] 
2020-10-28T11:47:26.160+0000: [GC (Allocation Failure) 2020-10-28T11:47:26.160+0000: [ParNew: 34436K->4K(38720K), 0.0057763 secs] 911202K->876770K(1499932K), 0.0058388 secs] [Times: user=0.01 sys=0.00, real=0.01 secs] 
2020-10-28T11:47:26.218+0000: [GC (Allocation Failure) 2020-10-28T11:47:26.218+0000: [ParNew: 34436K->4K(38720K), 0.0094642 secs] 911202K->876770K(1499932K), 0.0095367 secs] [Times: user=0.01 sys=0.00, real=0.01 secs] 
2020-10-28T11:47:26.274+0000: [GC (Allocation Failure) 2020-10-28T11:47:26.274+0000: [ParNew: 34436K->4K(38720K), 0.0057447 secs] 911202K->876770K(1499932K), 0.0058046 secs] [Times: user=0.01 sys=0.00, real=0.01 secs] 
2020-10-28T11:47:26.330+0000: [GC (Allocation Failure) 2020-10-28T11:47:26.330+0000: [ParNew: 34436K->4K(38720K), 0.0056955 secs] 911202K->876770K(1499932K), 0.0057560 secs] [Times: user=0.01 sys=0.00, real=0.00 secs] 
2020-10-28T11:47:26.384+0000: [GC (Allocation Failure) 2020-10-28T11:47:26.384+0000: [ParNew: 34436K->4K(38720K), 0.0057644 secs] 911202K->876770K(1499932K), 0.0058254 secs] [Times: user=0.01 sys=0.00, real=0.01 secs] 
2020-10-28T11:47:26.443+0000: [GC (GCLocker Initiated GC) 2020-10-28T11:47:26.443+0000: [ParNew: 34436K->4K(38720K), 0.0057783 secs] 911202K->876770K(1499932K), 0.0058414 secs] [Times: user=0.01 sys=0.00, real=0.01 secs] 
2020-10-28T11:47:26.498+0000: [GC (Allocation Failure) 2020-10-28T11:47:26.498+0000: [ParNew: 34436K->4K(38720K), 0.0059028 secs] 911202K->876770K(1499932K), 0.0059637 secs] [Times: user=0.01 sys=0.00, real=0.00 secs] 
2020-10-28T11:47:26.573+0000: [GC (Allocation Failure) 2020-10-28T11:47:26.573+0000: [ParNew: 34436K->12K(38720K), 0.0058811 secs] 911202K->876778K(1499932K), 0.0059345 secs] [Times: user=0.01 sys=0.00, real=0.01 secs] 
2020-10-28T11:47:26.669+0000: [GC (Allocation Failure) 2020-10-28T11:47:26.669+0000: [ParNew: 34444K->10K(38720K), 0.0058553 secs] 911210K->876776K(1499932K), 0.0059409 secs] [Times: user=0.01 sys=0.00, real=0.00 secs] 
2020-10-28T11:47:26.765+0000: [GC (Allocation Failure) 2020-10-28T11:47:26.766+0000: [ParNew: 34442K->17K(38720K), 0.0067987 secs] 911208K->876783K(1499932K), 0.0068631 secs] [Times: user=0.01 sys=0.00, real=0.01 secs] 
2020-10-28T11:47:26.826+0000: [GC (Allocation Failure) 2020-10-28T11:47:26.826+0000: [ParNew: 34449K->14K(38720K), 0.0059300 secs] 911215K->876781K(1499932K), 0.0060079 secs] [Times: user=0.01 sys=0.00, real=0.00 secs] 
2020-10-28T11:47:26.887+0000: [GC (Allocation Failure) 2020-10-28T11:47:26.887+0000: [ParNew: 34446K->13K(38720K), 0.0058439 secs] 911213K->876779K(1499932K), 0.0059167 secs] [Times: user=0.01 sys=0.00, real=0.00 secs] 
2020-10-28T11:47:26.946+0000: [GC (Allocation Failure) 2020-10-28T11:47:26.946+0000: [ParNew: 34445K->14K(38720K), 0.0058796 secs] 911211K->876780K(1499932K), 0.0059443 secs] [Times: user=0.01 sys=0.00, real=0.00 secs] 
2020-10-28T11:47:27.005+0000: [GC (Allocation Failure) 2020-10-28T11:47:27.005+0000: [ParNew: 34446K->10K(38720K), 0.0059165 secs] 911212K->876784K(1499932K), 0.0059813 secs] [Times: user=0.01 sys=0.00, real=0.01 secs] 
2020-10-28T11:47:28.288+0000: [GC (Allocation Failure) 2020-10-28T11:47:28.288+0000: [ParNew: 34442K->1227K(38720K), 0.0073937 secs] 911216K->878002K(1499932K), 0.0074657 secs] [Times: user=0.02 sys=0.00, real=0.00 secs] 
2020-10-28T11:47:28.545+0000: [GC (Allocation Failure) 2020-10-28T11:47:28.545+0000: [ParNew: 35659K->3662K(38720K), 0.0101329 secs] 912434K->880438K(1499932K), 0.0101994 secs] [Times: user=0.02 sys=0.00, real=0.01 secs] 
2020-10-28T11:47:28.621+0000: [GC (Allocation Failure) 2020-10-28T11:47:28.621+0000: [ParNew: 38094K->1554K(38720K), 0.0132172 secs] 914870K->881414K(1499932K), 0.0132789 secs] [Times: user=0.03 sys=0.00, real=0.01 secs] 
2020-10-28T11:47:28.702+0000: [GC (Allocation Failure) 2020-10-28T11:47:28.702+0000: [ParNew: 35986K->1461K(38720K), 0.0058868 secs] 915846K->881320K(1499932K), 0.0059478 secs] [Times: user=0.01 sys=0.00, real=0.01 secs] 
2020-10-28T11:47:28.771+0000: [GC (Allocation Failure) 2020-10-28T11:47:28.771+0000: [ParNew: 35893K->1422K(38720K), 0.0062404 secs] 915752K->881282K(1499932K), 0.0063037 secs] [Times: user=0.01 sys=0.00, real=0.00 secs] 
2020-10-28T11:47:28.835+0000: [GC (Allocation Failure) 2020-10-28T11:47:28.835+0000: [ParNew: 35854K->2084K(38720K), 0.0063686 secs] 915714K->881944K(1499932K), 0.0064325 secs] [Times: user=0.01 sys=0.00, real=0.01 secs] 
2020-10-28T11:47:28.909+0000: [GC (Allocation Failure) 2020-10-28T11:47:28.909+0000: [ParNew: 36516K->2058K(38720K), 0.0131075 secs] 916376K->881917K(1499932K), 0.0131919 secs] [Times: user=0.01 sys=0.00, real=0.01 secs] 
2020-10-28T11:47:28.986+0000: [GC (Allocation Failure) 2020-10-28T11:47:28.986+0000: [ParNew: 36490K->2566K(38720K), 0.0140005 secs] 916349K->882426K(1499932K), 0.0140901 secs] [Times: user=0.02 sys=0.00, real=0.01 secs] 
2020-10-28T11:47:29.046+0000: [GC (Allocation Failure) 2020-10-28T11:47:29.046+0000: [ParNew: 36998K->1030K(38720K), 0.0064220 secs] 916858K->882427K(1499932K), 0.0064875 secs] [Times: user=0.01 sys=0.00, real=0.00 secs] 
2020-10-28T11:47:29.093+0000: [GC (Allocation Failure) 2020-10-28T11:47:29.093+0000: [ParNew: 35462K->4102K(38720K), 0.0064655 secs] 916859K->885498K(1499932K), 0.0065259 secs] [Times: user=0.02 sys=0.00, real=0.01 secs] 
2020-10-28T11:47:29.142+0000: [GC (Allocation Failure) 2020-10-28T11:47:29.142+0000: [ParNew: 38534K->6K(38720K), 0.0066135 secs] 919930K->885498K(1499932K), 0.0066745 secs] [Times: user=0.02 sys=0.00, real=0.01 secs] 
2020-10-28T11:47:29.206+0000: [GC (Allocation Failure) 2020-10-28T11:47:29.206+0000: [ParNew: 34438K->6K(38720K), 0.0058496 secs] 919930K->885498K(1499932K), 0.0059039 secs] [Times: user=0.01 sys=0.00, real=0.00 secs] 
2020-10-28T11:47:29.269+0000: [GC (Allocation Failure) 2020-10-28T11:47:29.269+0000: [ParNew: 34438K->6K(38720K), 0.0058919 secs] 919930K->885498K(1499932K), 0.0059761 secs] [Times: user=0.01 sys=0.00, real=0.00 secs] 
2020-10-28T11:47:29.322+0000: [GC (Allocation Failure) 2020-10-28T11:47:29.322+0000: [ParNew: 34438K->6K(38720K), 0.0057170 secs] 919930K->885498K(1499932K), 0.0057899 secs] [Times: user=0.02 sys=0.00, real=0.01 secs] 
2020-10-28T11:47:29.373+0000: [GC (Allocation Failure) 2020-10-28T11:47:29.373+0000: [ParNew: 34438K->6K(38720K), 0.0115613 secs] 919930K->885498K(1499932K), 0.0116476 secs] [Times: user=0.02 sys=0.00, real=0.01 secs] 
2020-10-28T11:47:29.445+0000: [GC (Allocation Failure) 2020-10-28T11:47:29.445+0000: [ParNew: 34438K->6K(38720K), 0.0057776 secs] 919930K->885498K(1499932K), 0.0058466 secs] [Times: user=0.01 sys=0.00, real=0.01 secs] 
2020-10-28T11:47:29.496+0000: [GC (Allocation Failure) 2020-10-28T11:47:29.496+0000: [ParNew: 34438K->4102K(38720K), 0.0066877 secs] 919930K->889595K(1499932K), 0.0067485 secs] [Times: user=0.02 sys=0.00, real=0.01 secs] 
2020-10-28T11:47:29.553+0000: [GC (Allocation Failure) 2020-10-28T11:47:29.553+0000: [ParNew: 38534K->4102K(38720K), 0.0077856 secs] 924027K->893691K(1499932K), 0.0078493 secs] [Times: user=0.01 sys=0.00, real=0.01 secs] 
2020-10-28T11:47:29.614+0000: [GC (Allocation Failure) 2020-10-28T11:47:29.614+0000: [ParNew: 38534K->6K(38720K), 0.0066006 secs] 928123K->893691K(1499932K), 0.0066873 secs] [Times: user=0.02 sys=0.00, real=0.01 secs] 
2020-10-28T11:47:29.674+0000: [GC (Allocation Failure) 2020-10-28T11:47:29.674+0000: [ParNew: 34438K->6K(38720K), 0.0078835 secs] 928123K->893691K(1499932K), 0.0079694 secs] [Times: user=0.02 sys=0.00, real=0.01 secs] 
2020-10-28T11:47:29.734+0000: [GC (Allocation Failure) 2020-10-28T11:47:29.734+0000: [ParNew: 34438K->6K(38720K), 0.0134902 secs] 928123K->893691K(1499932K), 0.0135792 secs] [Times: user=0.02 sys=0.00, real=0.02 secs] 
2020-10-28T11:47:29.798+0000: [GC (Allocation Failure) 2020-10-28T11:47:29.798+0000: [ParNew: 34438K->6K(38720K), 0.0158361 secs] 928123K->893691K(1499932K), 0.0159187 secs] [Times: user=0.04 sys=0.00, real=0.01 secs] 
2020-10-28T11:47:29.867+0000: [GC (Allocation Failure) 2020-10-28T11:47:29.867+0000: [ParNew: 34438K->6K(38720K), 0.0124567 secs] 928123K->893691K(1499932K), 0.0125327 secs] [Times: user=0.03 sys=0.00, real=0.01 secs] 
2020-10-28T11:47:29.936+0000: [GC (Allocation Failure) 2020-10-28T11:47:29.936+0000: [ParNew: 34438K->6K(38720K), 0.0123546 secs] 928123K->893691K(1499932K), 0.0124346 secs] [Times: user=0.02 sys=0.00, real=0.02 secs] 
2020-10-28T11:47:29.995+0000: [GC (Allocation Failure) 2020-10-28T11:47:29.995+0000: [ParNew: 34438K->6K(38720K), 0.0127542 secs] 928123K->893691K(1499932K), 0.0128386 secs] [Times: user=0.02 sys=0.00, real=0.02 secs] 
2020-10-28T11:47:30.062+0000: [GC (Allocation Failure) 2020-10-28T11:47:30.062+0000: [ParNew: 34438K->6K(38720K), 0.0125770 secs] 928123K->893691K(1499932K), 0.0126648 secs] [Times: user=0.03 sys=0.00, real=0.01 secs] 
2020-10-28T11:47:30.126+0000: [GC (Allocation Failure) 2020-10-28T11:47:30.126+0000: [ParNew: 34438K->6K(38720K), 0.0099540 secs] 928123K->893691K(1499932K), 0.0100415 secs] [Times: user=0.02 sys=0.00, real=0.00 secs] 
2020-10-28T11:47:30.191+0000: [GC (Allocation Failure) 2020-10-28T11:47:30.191+0000: [ParNew: 34438K->6K(38720K), 0.0155555 secs] 928123K->893691K(1499932K), 0.0156330 secs] [Times: user=0.02 sys=0.00, real=0.02 secs] 
2020-10-28T11:47:30.262+0000: [GC (Allocation Failure) 2020-10-28T11:47:30.262+0000: [ParNew: 34438K->6K(38720K), 0.0060603 secs] 928123K->893691K(1499932K), 0.0061249 secs] [Times: user=0.01 sys=0.00, real=0.01 secs] 
2020-10-28T11:47:30.317+0000: [GC (Allocation Failure) 2020-10-28T11:47:30.317+0000: [ParNew: 34438K->6K(38720K), 0.0058248 secs] 928123K->893691K(1499932K), 0.0058902 secs] [Times: user=0.01 sys=0.00, real=0.01 secs] 
2020-10-28T11:47:30.362+0000: [GC (Allocation Failure) 2020-10-28T11:47:30.362+0000: [ParNew: 34438K->4102K(38720K), 0.0067407 secs] 928123K->897787K(1499932K), 0.0068029 secs] [Times: user=0.02 sys=0.00, real=0.01 secs] 
2020-10-28T11:47:30.410+0000: [GC (Allocation Failure) 2020-10-28T11:47:30.410+0000: [ParNew: 38323K->6K(38720K), 0.0067816 secs] 932009K->897788K(1499932K), 0.0068454 secs] [Times: user=0.01 sys=0.00, real=0.00 secs] 
2020-10-28T11:47:30.447+0000: [GC (Allocation Failure) 2020-10-28T11:47:30.447+0000: [ParNew: 34438K->4102K(38720K), 0.0076554 secs] 932220K->905980K(1499932K), 0.0077177 secs] [Times: user=0.02 sys=0.00, real=0.00 secs] 
2020-10-28T11:47:30.492+0000: [GC (Allocation Failure) 2020-10-28T11:47:30.492+0000: [ParNew: 35550K->6K(38720K), 0.0067626 secs] 937428K->905980K(1499932K), 0.0068222 secs] [Times: user=0.01 sys=0.00, real=0.01 secs] 
2020-10-28T11:47:30.532+0000: [GC (Allocation Failure) 2020-10-28T11:47:30.532+0000: [ParNew: 34438K->4102K(38720K), 0.0074632 secs] 940412K->914172K(1499932K), 0.0075443 secs] [Times: user=0.02 sys=0.00, real=0.01 secs] 
2020-10-28T11:47:30.582+0000: [GC (Allocation Failure) 2020-10-28T11:47:30.582+0000: [ParNew: 38534K->6K(38720K), 0.0058164 secs] 948604K->910076K(1499932K), 0.0058758 secs] [Times: user=0.01 sys=0.00, real=0.01 secs] 
2020-10-28T11:47:30.624+0000: [GC (Allocation Failure) 2020-10-28T11:47:30.624+0000: [ParNew: 34438K->4K(38720K), 0.0056126 secs] 944508K->910074K(1499932K), 0.0056681 secs] [Times: user=0.01 sys=0.00, real=0.01 secs] 
2020-10-28T11:47:30.665+0000: [GC (Allocation Failure) 2020-10-28T11:47:30.665+0000: [ParNew: 34436K->6K(38720K), 0.0055740 secs] 944506K->910076K(1499932K), 0.0056277 secs] [Times: user=0.01 sys=0.00, real=0.01 secs] 
2020-10-28T11:47:30.706+0000: [GC (Allocation Failure) 2020-10-28T11:47:30.706+0000: [ParNew: 34438K->6K(38720K), 0.0056771 secs] 944508K->910076K(1499932K), 0.0057354 secs] [Times: user=0.01 sys=0.00, real=0.00 secs] 
2020-10-28T11:47:30.746+0000: [GC (Allocation Failure) 2020-10-28T11:47:30.746+0000: [ParNew: 34438K->6K(38720K), 0.0056577 secs] 944508K->910076K(1499932K), 0.0057171 secs] [Times: user=0.01 sys=0.00, real=0.00 secs] 
2020-10-28T11:47:30.790+0000: [GC (Allocation Failure) 2020-10-28T11:47:30.790+0000: [ParNew: 34438K->6K(38720K), 0.0057357 secs] 944508K->910076K(1499932K), 0.0057964 secs] [Times: user=0.01 sys=0.00, real=0.00 secs] 
2020-10-28T11:47:30.831+0000: [GC (Allocation Failure) 2020-10-28T11:47:30.831+0000: [ParNew: 34438K->6K(38720K), 0.0059128 secs] 944508K->910076K(1499932K), 0.0059758 secs] [Times: user=0.01 sys=0.00, real=0.00 secs] 
2020-10-28T11:47:30.876+0000: [GC (Allocation Failure) 2020-10-28T11:47:30.876+0000: [ParNew: 34438K->6K(38720K), 0.0056681 secs] 944508K->910076K(1499932K), 0.0057274 secs] [Times: user=0.01 sys=0.00, real=0.01 secs] 
2020-10-28T11:47:30.916+0000: [GC (Allocation Failure) 2020-10-28T11:47:30.916+0000: [ParNew: 34438K->6K(38720K), 0.0057376 secs] 944508K->910076K(1499932K), 0.0057975 secs] [Times: user=0.01 sys=0.00, real=0.01 secs] 
2020-10-28T11:47:30.962+0000: [GC (Allocation Failure) 2020-10-28T11:47:30.962+0000: [ParNew: 34438K->6K(38720K), 0.0055999 secs] 944508K->910076K(1499932K), 0.0056566 secs] [Times: user=0.01 sys=0.00, real=0.01 secs] 
2020-10-28T11:47:31.006+0000: [GC (Allocation Failure) 2020-10-28T11:47:31.006+0000: [ParNew: 34438K->6K(38720K), 0.0057618 secs] 944508K->910076K(1499932K), 0.0058240 secs] [Times: user=0.01 sys=0.00, real=0.00 secs] 
2020-10-28T11:47:31.054+0000: [GC (Allocation Failure) 2020-10-28T11:47:31.054+0000: [ParNew: 34438K->6K(38720K), 0.0057034 secs] 944508K->910076K(1499932K), 0.0057615 secs] [Times: user=0.01 sys=0.00, real=0.01 secs] 
2020-10-28T11:47:31.107+0000: [GC (Allocation Failure) 2020-10-28T11:47:31.107+0000: [ParNew: 34438K->6K(38720K), 0.0057993 secs] 944508K->910076K(1499932K), 0.0058536 secs] [Times: user=0.01 sys=0.00, real=0.00 secs] 
2020-10-28T11:47:31.150+0000: [GC (Allocation Failure) 2020-10-28T11:47:31.150+0000: [ParNew: 34438K->6K(38720K), 0.0055795 secs] 944508K->910076K(1499932K), 0.0056370 secs] [Times: user=0.02 sys=0.00, real=0.00 secs] 
2020-10-28T11:47:31.194+0000: [GC (Allocation Failure) 2020-10-28T11:47:31.194+0000: [ParNew: 34438K->6K(38720K), 0.0055667 secs] 944508K->910076K(1499932K), 0.0056182 secs] [Times: user=0.01 sys=0.00, real=0.01 secs] 
2020-10-28T11:47:31.237+0000: [GC (Allocation Failure) 2020-10-28T11:47:31.237+0000: [ParNew: 34438K->6K(38720K), 0.0056127 secs] 944508K->910076K(1499932K), 0.0056694 secs] [Times: user=0.01 sys=0.00, real=0.01 secs] 
2020-10-28T11:47:31.278+0000: [GC (Allocation Failure) 2020-10-28T11:47:31.278+0000: [ParNew: 34438K->6K(38720K), 0.0056732 secs] 944508K->910076K(1499932K), 0.0057313 secs] [Times: user=0.01 sys=0.00, real=0.00 secs] 
2020-10-28T11:47:31.323+0000: [GC (Allocation Failure) 2020-10-28T11:47:31.323+0000: [ParNew: 34438K->6K(38720K), 0.0058613 secs] 944508K->910076K(1499932K), 0.0059247 secs] [Times: user=0.02 sys=0.00, real=0.01 secs] 
2020-10-28T11:47:31.365+0000: [GC (Allocation Failure) 2020-10-28T11:47:31.365+0000: [ParNew: 34438K->6K(38720K), 0.0058003 secs] 944508K->910076K(1499932K), 0.0058701 secs] [Times: user=0.01 sys=0.00, real=0.01 secs] 
2020-10-28T11:47:31.407+0000: [GC (Allocation Failure) 2020-10-28T11:47:31.407+0000: [ParNew: 34438K->6K(38720K), 0.0058672 secs] 944508K->910076K(1499932K), 0.0059263 secs] [Times: user=0.01 sys=0.00, real=0.00 secs] 
2020-10-28T11:47:31.448+0000: [GC (Allocation Failure) 2020-10-28T11:47:31.448+0000: [ParNew: 34438K->6K(38720K), 0.0056687 secs] 944508K->910076K(1499932K), 0.0057277 secs] [Times: user=0.01 sys=0.00, real=0.00 secs] 
2020-10-28T11:47:31.492+0000: [GC (Allocation Failure) 2020-10-28T11:47:31.492+0000: [ParNew: 34438K->4K(38720K), 0.0057968 secs] 944508K->910074K(1499932K), 0.0058552 secs] [Times: user=0.01 sys=0.00, real=0.01 secs] 
2020-10-28T11:47:31.538+0000: [GC (Allocation Failure) 2020-10-28T11:47:31.538+0000: [ParNew: 34436K->6K(38720K), 0.0057293 secs] 944506K->910076K(1499932K), 0.0057899 secs] [Times: user=0.01 sys=0.00, real=0.00 secs] 
2020-10-28T11:47:31.582+0000: [GC (Allocation Failure) 2020-10-28T11:47:31.582+0000: [ParNew: 34438K->6K(38720K), 0.0056131 secs] 944508K->910076K(1499932K), 0.0056908 secs] [Times: user=0.01 sys=0.00, real=0.01 secs] 
2020-10-28T11:47:31.628+0000: [GC (Allocation Failure) 2020-10-28T11:47:31.628+0000: [ParNew: 34438K->6K(38720K), 0.0058543 secs] 944508K->910076K(1499932K), 0.0059169 secs] [Times: user=0.01 sys=0.00, real=0.00 secs] 
2020-10-28T11:47:31.669+0000: [GC (Allocation Failure) 2020-10-28T11:47:31.669+0000: [ParNew: 34438K->6K(38720K), 0.0057403 secs] 944508K->910076K(1499932K), 0.0057993 secs] [Times: user=0.02 sys=0.00, real=0.00 secs] 
2020-10-28T11:47:31.703+0000: [GC (Allocation Failure) 2020-10-28T11:47:31.703+0000: [ParNew: 34438K->6K(38720K), 0.0074872 secs] 944508K->918268K(1499932K), 0.0075452 secs] [Times: user=0.02 sys=0.00, real=0.01 secs] 
2020-10-28T11:47:31.732+0000: [GC (Allocation Failure) 2020-10-28T11:47:31.732+0000: [ParNew: 27962K->6K(38720K), 0.0077884 secs] 946225K->926460K(1499932K), 0.0078497 secs] [Times: user=0.01 sys=0.00, real=0.01 secs] 
2020-10-28T11:47:31.775+0000: [GC (Allocation Failure) 2020-10-28T11:47:31.775+0000: [ParNew: 34438K->6K(38720K), 0.0080922 secs] 960892K->934652K(1499932K), 0.0081553 secs] [Times: user=0.02 sys=0.00, real=0.01 secs] 
2020-10-28T11:47:31.835+0000: [GC (Allocation Failure) 2020-10-28T11:47:31.835+0000: [ParNew: 34438K->6K(38720K), 0.0060885 secs] 969084K->934652K(1499932K), 0.0061628 secs] [Times: user=0.01 sys=0.00, real=0.01 secs] 
2020-10-28T11:47:31.882+0000: [GC (Allocation Failure) 2020-10-28T11:47:31.882+0000: [ParNew: 34438K->6K(38720K), 0.0056839 secs] 969084K->934652K(1499932K), 0.0057437 secs] [Times: user=0.01 sys=0.00, real=0.01 secs] 
2020-10-28T11:47:31.922+0000: [GC (Allocation Failure) 2020-10-28T11:47:31.922+0000: [ParNew: 34438K->6K(38720K), 0.0056763 secs] 969084K->934652K(1499932K), 0.0057354 secs] [Times: user=0.01 sys=0.00, real=0.01 secs] 
2020-10-28T11:47:31.956+0000: [GC (Allocation Failure) 2020-10-28T11:47:31.956+0000: [ParNew: 34438K->6K(38720K), 0.0112231 secs] 969084K->942845K(1499932K), 0.0112818 secs] [Times: user=0.02 sys=0.01, real=0.02 secs] 
2020-10-28T11:47:32.010+0000: [GC (Allocation Failure) 2020-10-28T11:47:32.010+0000: [ParNew: 34438K->6K(38720K), 0.0057610 secs] 977277K->942845K(1499932K), 0.0058223 secs] [Times: user=0.01 sys=0.00, real=0.00 secs] 
2020-10-28T11:47:32.055+0000: [GC (Allocation Failure) 2020-10-28T11:47:32.055+0000: [ParNew: 34438K->6K(38720K), 0.0057252 secs] 977277K->942845K(1499932K), 0.0057860 secs] [Times: user=0.01 sys=0.00, real=0.01 secs] 
2020-10-28T11:47:32.098+0000: [GC (Allocation Failure) 2020-10-28T11:47:32.098+0000: [ParNew: 34438K->6K(38720K), 0.0057381 secs] 977277K->942845K(1499932K), 0.0057978 secs] [Times: user=0.01 sys=0.00, real=0.00 secs] 
2020-10-28T11:47:32.142+0000: [GC (Allocation Failure) 2020-10-28T11:47:32.142+0000: [ParNew: 34438K->6K(38720K), 0.0056804 secs] 977277K->942845K(1499932K), 0.0057405 secs] [Times: user=0.02 sys=0.00, real=0.01 secs] 
2020-10-28T11:47:32.182+0000: [GC (Allocation Failure) 2020-10-28T11:47:32.182+0000: [ParNew: 34438K->6K(38720K), 0.0055175 secs] 977277K->942845K(1499932K), 0.0055798 secs] [Times: user=0.01 sys=0.00, real=0.01 secs] 
2020-10-28T11:47:32.227+0000: [GC (Allocation Failure) 2020-10-28T11:47:32.227+0000: [ParNew: 34438K->6K(38720K), 0.0054747 secs] 977277K->942845K(1499932K), 0.0055294 secs] [Times: user=0.01 sys=0.00, real=0.00 secs] 
2020-10-28T11:47:32.270+0000: [GC (Allocation Failure) 2020-10-28T11:47:32.270+0000: [ParNew: 34438K->6K(38720K), 0.0055835 secs] 977277K->942845K(1499932K), 0.0056422 secs] [Times: user=0.01 sys=0.00, real=0.00 secs] 
2020-10-28T11:47:32.318+0000: [GC (Allocation Failure) 2020-10-28T11:47:32.318+0000: [ParNew: 34438K->6K(38720K), 0.0054889 secs] 977277K->942845K(1499932K), 0.0055458 secs] [Times: user=0.01 sys=0.00, real=0.00 secs] 
2020-10-28T11:47:32.366+0000: [GC (Allocation Failure) 2020-10-28T11:47:32.366+0000: [ParNew: 34438K->6K(38720K), 0.0054943 secs] 977277K->942845K(1499932K), 0.0055504 secs] [Times: user=0.01 sys=0.00, real=0.00 secs] 
2020-10-28T11:47:32.410+0000: [GC (Allocation Failure) 2020-10-28T11:47:32.410+0000: [ParNew: 34438K->6K(38720K), 0.0063062 secs] 977277K->942845K(1499932K), 0.0063638 secs] [Times: user=0.01 sys=0.00, real=0.00 secs] 
2020-10-28T11:47:32.454+0000: [GC (Allocation Failure) 2020-10-28T11:47:32.454+0000: [ParNew: 34438K->6K(38720K), 0.0055273 secs] 977277K->942845K(1499932K), 0.0055838 secs] [Times: user=0.01 sys=0.00, real=0.01 secs] 
2020-10-28T11:47:32.498+0000: [GC (Allocation Failure) 2020-10-28T11:47:32.498+0000: [ParNew: 34438K->6K(38720K), 0.0055422 secs] 977277K->942845K(1499932K), 0.0056000 secs] [Times: user=0.01 sys=0.00, real=0.00 secs] 
2020-10-28T11:47:32.542+0000: [GC (Allocation Failure) 2020-10-28T11:47:32.542+0000: [ParNew: 34438K->4K(38720K), 0.0055734 secs] 977277K->942843K(1499932K), 0.0056307 secs] [Times: user=0.02 sys=0.00, real=0.01 secs] 
2020-10-28T11:47:32.586+0000: [GC (Allocation Failure) 2020-10-28T11:47:32.586+0000: [ParNew: 34436K->6K(38720K), 0.0056940 secs] 977275K->942845K(1499932K), 0.0057518 secs] [Times: user=0.01 sys=0.00, real=0.00 secs] 
2020-10-28T11:47:32.630+0000: [GC (Allocation Failure) 2020-10-28T11:47:32.630+0000: [ParNew: 34438K->6K(38720K), 0.0054624 secs] 977277K->942845K(1499932K), 0.0055169 secs] [Times: user=0.01 sys=0.00, real=0.00 secs] 
2020-10-28T11:47:32.674+0000: [GC (Allocation Failure) 2020-10-28T11:47:32.674+0000: [ParNew: 34438K->6K(38720K), 0.0063767 secs] 977277K->942845K(1499932K), 0.0064388 secs] [Times: user=0.01 sys=0.00, real=0.01 secs] 
2020-10-28T11:47:32.720+0000: [GC (Allocation Failure) 2020-10-28T11:47:32.720+0000: [ParNew: 34438K->6K(38720K), 0.0056543 secs] 977277K->942845K(1499932K), 0.0057146 secs] [Times: user=0.02 sys=0.00, real=0.00 secs] 
2020-10-28T11:47:32.766+0000: [GC (Allocation Failure) 2020-10-28T11:47:32.766+0000: [ParNew: 34438K->6K(38720K), 0.0056848 secs] 977277K->942845K(1499932K), 0.0057462 secs] [Times: user=0.01 sys=0.00, real=0.00 secs] 
2020-10-28T11:47:32.807+0000: [GC (Allocation Failure) 2020-10-28T11:47:32.807+0000: [ParNew: 34438K->6K(38720K), 0.0059157 secs] 977277K->942845K(1499932K), 0.0059780 secs] [Times: user=0.01 sys=0.00, real=0.00 secs] 
2020-10-28T11:47:32.848+0000: [GC (Allocation Failure) 2020-10-28T11:47:32.848+0000: [ParNew: 34438K->6K(38720K), 0.0058414 secs] 977277K->942845K(1499932K), 0.0058999 secs] [Times: user=0.01 sys=0.00, real=0.00 secs] 
2020-10-28T11:47:32.893+0000: [GC (Allocation Failure) 2020-10-28T11:47:32.893+0000: [ParNew: 34438K->4K(38720K), 0.0056087 secs] 977277K->942843K(1499932K), 0.0056657 secs] [Times: user=0.01 sys=0.00, real=0.01 secs] 
2020-10-28T11:47:32.933+0000: [GC (Allocation Failure) 2020-10-28T11:47:32.933+0000: [ParNew: 34436K->6K(38720K), 0.0056015 secs] 977275K->942845K(1499932K), 0.0056577 secs] [Times: user=0.01 sys=0.00, real=0.01 secs] 
2020-10-28T11:47:32.978+0000: [GC (Allocation Failure) 2020-10-28T11:47:32.978+0000: [ParNew: 34438K->6K(38720K), 0.0056057 secs] 977277K->942845K(1499932K), 0.0056644 secs] [Times: user=0.01 sys=0.00, real=0.00 secs] 
2020-10-28T11:47:33.019+0000: [GC (Allocation Failure) 2020-10-28T11:47:33.019+0000: [ParNew: 34438K->6K(38720K), 0.0057100 secs] 977277K->942845K(1499932K), 0.0057701 secs] [Times: user=0.02 sys=0.00, real=0.00 secs] 
2020-10-28T11:47:33.060+0000: [GC (Allocation Failure) 2020-10-28T11:47:33.060+0000: [ParNew: 34438K->6K(38720K), 0.0056937 secs] 977277K->942845K(1499932K), 0.0057510 secs] [Times: user=0.01 sys=0.00, real=0.00 secs] 
2020-10-28T11:47:33.102+0000: [GC (Allocation Failure) 2020-10-28T11:47:33.102+0000: [ParNew: 34438K->6K(38720K), 0.0056125 secs] 977277K->942845K(1499932K), 0.0056693 secs] [Times: user=0.01 sys=0.00, real=0.01 secs] 
2020-10-28T11:47:33.143+0000: [GC (Allocation Failure) 2020-10-28T11:47:33.143+0000: [ParNew: 34438K->6K(38720K), 0.0057087 secs] 977277K->942845K(1499932K), 0.0057703 secs] [Times: user=0.01 sys=0.00, real=0.01 secs] 
2020-10-28T11:47:33.183+0000: [GC (Allocation Failure) 2020-10-28T11:47:33.183+0000: [ParNew: 34438K->6K(38720K), 0.0057293 secs] 977277K->942845K(1499932K), 0.0057888 secs] [Times: user=0.01 sys=0.00, real=0.01 secs] 
2020-10-28T11:47:33.242+0000: [GC (Allocation Failure) 2020-10-28T11:47:33.242+0000: [ParNew: 34438K->6K(38720K), 0.0058212 secs] 977277K->942845K(1499932K), 0.0059028 secs] [Times: user=0.01 sys=0.00, real=0.01 secs] 
2020-10-28T11:47:33.290+0000: [GC (Allocation Failure) 2020-10-28T11:47:33.290+0000: [ParNew: 34438K->6K(38720K), 0.0058104 secs] 977277K->942845K(1499932K), 0.0058906 secs] [Times: user=0.01 sys=0.00, real=0.00 secs] 
2020-10-28T11:47:33.341+0000: [GC (Allocation Failure) 2020-10-28T11:47:33.341+0000: [ParNew: 34438K->6K(38720K), 0.0122075 secs] 977277K->942845K(1499932K), 0.0122866 secs] [Times: user=0.01 sys=0.00, real=0.01 secs] 
2020-10-28T11:47:33.394+0000: [GC (Allocation Failure) 2020-10-28T11:47:33.395+0000: [ParNew: 34438K->6K(38720K), 0.0058251 secs] 977277K->942845K(1499932K), 0.0058880 secs] [Times: user=0.02 sys=0.00, real=0.01 secs] 
2020-10-28T11:47:33.439+0000: [GC (Allocation Failure) 2020-10-28T11:47:33.439+0000: [ParNew: 34438K->6K(38720K), 0.0056002 secs] 977277K->942845K(1499932K), 0.0056583 secs] [Times: user=0.01 sys=0.00, real=0.00 secs] 
2020-10-28T11:47:33.480+0000: [GC (Allocation Failure) 2020-10-28T11:47:33.480+0000: [ParNew: 34438K->6K(38720K), 0.0056744 secs] 977277K->942845K(1499932K), 0.0057352 secs] [Times: user=0.01 sys=0.00, real=0.00 secs] 
2020-10-28T11:47:33.520+0000: [GC (Allocation Failure) 2020-10-28T11:47:33.520+0000: [ParNew: 34438K->6K(38720K), 0.0056299 secs] 977277K->942845K(1499932K), 0.0056889 secs] [Times: user=0.01 sys=0.00, real=0.01 secs] 
2020-10-28T11:47:33.566+0000: [GC (Allocation Failure) 2020-10-28T11:47:33.566+0000: [ParNew: 34438K->6K(38720K), 0.0056241 secs] 977277K->942845K(1499932K), 0.0056833 secs] [Times: user=0.01 sys=0.00, real=0.00 secs] 
2020-10-28T11:47:33.610+0000: [GC (Allocation Failure) 2020-10-28T11:47:33.610+0000: [ParNew: 34438K->6K(38720K), 0.0055463 secs] 977277K->942845K(1499932K), 0.0056029 secs] [Times: user=0.01 sys=0.00, real=0.00 secs] 
2020-10-28T11:47:33.656+0000: [GC (Allocation Failure) 2020-10-28T11:47:33.656+0000: [ParNew: 34438K->6K(38720K), 0.0055859 secs] 977277K->942845K(1499932K), 0.0056431 secs] [Times: user=0.00 sys=0.00, real=0.01 secs] 
2020-10-28T11:47:33.698+0000: [GC (Allocation Failure) 2020-10-28T11:47:33.698+0000: [ParNew: 34438K->6K(38720K), 0.0058342 secs] 977277K->942845K(1499932K), 0.0058967 secs] [Times: user=0.01 sys=0.00, real=0.00 secs] 
2020-10-28T11:47:33.738+0000: [GC (Allocation Failure) 2020-10-28T11:47:33.738+0000: [ParNew: 34438K->6K(38720K), 0.0057502 secs] 977277K->942845K(1499932K), 0.0058112 secs] [Times: user=0.01 sys=0.00, real=0.00 secs] 
2020-10-28T11:47:33.786+0000: [GC (Allocation Failure) 2020-10-28T11:47:33.786+0000: [ParNew: 34438K->6K(38720K), 0.0057185 secs] 977277K->942845K(1499932K), 0.0057787 secs] [Times: user=0.01 sys=0.00, real=0.01 secs] 
2020-10-28T11:47:33.830+0000: [GC (Allocation Failure) 2020-10-28T11:47:33.830+0000: [ParNew: 34438K->6K(38720K), 0.0058057 secs] 977277K->942845K(1499932K), 0.0058748 secs] [Times: user=0.02 sys=0.00, real=0.00 secs] 
2020-10-28T11:47:33.875+0000: [GC (Allocation Failure) 2020-10-28T11:47:33.875+0000: [ParNew: 34438K->6K(38720K), 0.0055618 secs] 977277K->942845K(1499932K), 0.0056179 secs] [Times: user=0.01 sys=0.00, real=0.01 secs] 
2020-10-28T11:47:33.915+0000: [GC (Allocation Failure) 2020-10-28T11:47:33.915+0000: [ParNew: 34438K->6K(38720K), 0.0055829 secs] 977277K->942845K(1499932K), 0.0056407 secs] [Times: user=0.01 sys=0.00, real=0.01 secs] 
2020-10-28T11:47:33.956+0000: [GC (Allocation Failure) 2020-10-28T11:47:33.956+0000: [ParNew: 34438K->6K(38720K), 0.0057013 secs] 977277K->942845K(1499932K), 0.0057592 secs] [Times: user=0.01 sys=0.00, real=0.01 secs] 
2020-10-28T11:47:34.002+0000: [GC (Allocation Failure) 2020-10-28T11:47:34.002+0000: [ParNew: 34438K->6K(38720K), 0.0058302 secs] 977277K->942845K(1499932K), 0.0058940 secs] [Times: user=0.01 sys=0.00, real=0.01 secs] 
2020-10-28T11:47:34.045+0000: [GC (Allocation Failure) 2020-10-28T11:47:34.045+0000: [ParNew: 34438K->6K(38720K), 0.0056694 secs] 977277K->942845K(1499932K), 0.0057309 secs] [Times: user=0.01 sys=0.00, real=0.01 secs] 
2020-10-28T11:47:34.086+0000: [GC (Allocation Failure) 2020-10-28T11:47:34.086+0000: [ParNew: 34438K->6K(38720K), 0.0056430 secs] 977277K->942845K(1499932K), 0.0057032 secs] [Times: user=0.01 sys=0.00, real=0.01 secs] 
2020-10-28T11:47:34.134+0000: [GC (Allocation Failure) 2020-10-28T11:47:34.134+0000: [ParNew: 34438K->6K(38720K), 0.0057671 secs] 977277K->942845K(1499932K), 0.0058291 secs] [Times: user=0.01 sys=0.00, real=0.01 secs] 
2020-10-28T11:47:34.179+0000: [GC (Allocation Failure) 2020-10-28T11:47:34.179+0000: [ParNew: 34438K->6K(38720K), 0.0056312 secs] 977277K->942845K(1499932K), 0.0056898 secs] [Times: user=0.01 sys=0.00, real=0.00 secs] 
2020-10-28T11:47:34.222+0000: [GC (Allocation Failure) 2020-10-28T11:47:34.222+0000: [ParNew: 34438K->6K(38720K), 0.0055858 secs] 977277K->942845K(1499932K), 0.0056442 secs] [Times: user=0.02 sys=0.00, real=0.01 secs] 
2020-10-28T11:47:34.252+0000: [GC (Allocation Failure) 2020-10-28T11:47:34.252+0000: [ParNew: 24016K->6K(38720K), 0.0053800 secs] 966856K->942845K(1499932K), 0.0054317 secs] [Times: user=0.02 sys=0.00, real=0.01 secs] 
2020-10-28T11:47:34.282+0000: [GC (Allocation Failure) 2020-10-28T11:47:34.282+0000: [ParNew: 34438K->6K(38720K), 0.0175302 secs] 977277K->959229K(1499932K), 0.0175882 secs] [Times: user=0.03 sys=0.00, real=0.02 secs] 
2020-10-28T11:47:34.338+0000: [GC (Allocation Failure) 2020-10-28T11:47:34.338+0000: [ParNew: 34438K->6K(38720K), 0.0057194 secs] 993661K->959229K(1499932K), 0.0057787 secs] [Times: user=0.01 sys=0.00, real=0.00 secs] 
2020-10-28T11:47:34.378+0000: [GC (Allocation Failure) 2020-10-28T11:47:34.378+0000: [ParNew: 34438K->6K(38720K), 0.0055962 secs] 993661K->959229K(1499932K), 0.0056566 secs] [Times: user=0.01 sys=0.00, real=0.00 secs] 
2020-10-28T11:47:34.422+0000: [GC (Allocation Failure) 2020-10-28T11:47:34.422+0000: [ParNew: 34438K->6K(38720K), 0.0056678 secs] 993661K->959229K(1499932K), 0.0057281 secs] [Times: user=0.02 sys=0.00, real=0.01 secs] 
2020-10-28T11:47:34.469+0000: [GC (Allocation Failure) 2020-10-28T11:47:34.469+0000: [ParNew: 34438K->6K(38720K), 0.0055029 secs] 993661K->959229K(1499932K), 0.0055605 secs] [Times: user=0.01 sys=0.00, real=0.00 secs] 
2020-10-28T11:47:34.513+0000: [GC (Allocation Failure) 2020-10-28T11:47:34.513+0000: [ParNew: 33235K->6K(38720K), 0.0056077 secs] 992458K->959229K(1499932K), 0.0056673 secs] [Times: user=0.01 sys=0.00, real=0.01 secs] 
2020-10-28T11:47:34.546+0000: [GC (Allocation Failure) 2020-10-28T11:47:34.546+0000: [ParNew: 34438K->6K(38720K), 0.0173094 secs] 993661K->975614K(1499932K), 0.0173682 secs] [Times: user=0.02 sys=0.01, real=0.01 secs] 
2020-10-28T11:47:34.602+0000: [GC (Allocation Failure) 2020-10-28T11:47:34.602+0000: [ParNew: 34438K->6K(38720K), 0.0055256 secs] 1010046K->975614K(1499932K), 0.0055905 secs] [Times: user=0.01 sys=0.00, real=0.01 secs] 
2020-10-28T11:47:34.640+0000: [GC (Allocation Failure) 2020-10-28T11:47:34.640+0000: [ParNew: 34438K->6K(38720K), 0.0172222 secs] 1010046K->991998K(1499932K), 0.0172830 secs] [Times: user=0.02 sys=0.01, real=0.01 secs] 
2020-10-28T11:47:34.682+0000: [GC (Allocation Failure) 2020-10-28T11:47:34.682+0000: [ParNew: 34438K->6K(38720K), 0.0171978 secs] 1026430K->1008382K(1499932K), 0.0172602 secs] [Times: user=0.03 sys=0.01, real=0.02 secs] 
2020-10-28T11:47:34.738+0000: [GC (Allocation Failure) 2020-10-28T11:47:34.738+0000: [ParNew: 34438K->6K(38720K), 0.0055344 secs] 1042814K->1008382K(1499932K), 0.0055963 secs] [Times: user=0.01 sys=0.00, real=0.00 secs] 
2020-10-28T11:47:34.782+0000: [GC (Allocation Failure) 2020-10-28T11:47:34.782+0000: [ParNew: 34438K->6K(38720K), 0.0054605 secs] 1042814K->1008382K(1499932K), 0.0055201 secs] [Times: user=0.01 sys=0.00, real=0.01 secs] 
2020-10-28T11:47:34.826+0000: [GC (Allocation Failure) 2020-10-28T11:47:34.826+0000: [ParNew: 34438K->6K(38720K), 0.0142292 secs] 1042814K->1008382K(1499932K), 0.0142877 secs] [Times: user=0.02 sys=0.00, real=0.01 secs] 
2020-10-28T11:47:34.882+0000: [GC (Allocation Failure) 2020-10-28T11:47:34.882+0000: [ParNew: 34438K->6K(38720K), 0.0054549 secs] 1042814K->1008382K(1499932K), 0.0055093 secs] [Times: user=0.01 sys=0.00, real=0.01 secs] 
2020-10-28T11:47:34.922+0000: [GC (Allocation Failure) 2020-10-28T11:47:34.922+0000: [ParNew: 34438K->6K(38720K), 0.0053879 secs] 1042814K->1008382K(1499932K), 0.0054403 secs] [Times: user=0.01 sys=0.00, real=0.01 secs] 
2020-10-28T11:47:34.962+0000: [GC (Allocation Failure) 2020-10-28T11:47:34.963+0000: [ParNew: 34438K->6K(38720K), 0.0073648 secs] 1042814K->1008382K(1499932K), 0.0074240 secs] [Times: user=0.01 sys=0.00, real=0.01 secs] 
2020-10-28T11:47:35.010+0000: [GC (Allocation Failure) 2020-10-28T11:47:35.010+0000: [ParNew: 34438K->6K(38720K), 0.0056359 secs] 1042814K->1008382K(1499932K), 0.0056980 secs] [Times: user=0.02 sys=0.00, real=0.00 secs] 
2020-10-28T11:47:35.054+0000: [GC (Allocation Failure) 2020-10-28T11:47:35.054+0000: [ParNew: 34438K->6K(38720K), 0.0056000 secs] 1042814K->1008382K(1499932K), 0.0056626 secs] [Times: user=0.01 sys=0.00, real=0.01 secs] 
2020-10-28T11:47:35.095+0000: [GC (Allocation Failure) 2020-10-28T11:47:35.095+0000: [ParNew: 34438K->4K(38720K), 0.0055584 secs] 1042814K->1008380K(1499932K), 0.0056183 secs] [Times: user=0.01 sys=0.00, real=0.01 secs] 
2020-10-28T11:47:35.139+0000: [GC (Allocation Failure) 2020-10-28T11:47:35.139+0000: [ParNew: 34436K->6K(38720K), 0.0055082 secs] 1042812K->1008382K(1499932K), 0.0055689 secs] [Times: user=0.01 sys=0.00, real=0.00 secs] 
2020-10-28T11:47:35.180+0000: [GC (Allocation Failure) 2020-10-28T11:47:35.180+0000: [ParNew: 34438K->6K(38720K), 0.0055216 secs] 1042814K->1008382K(1499932K), 0.0055781 secs] [Times: user=0.01 sys=0.00, real=0.00 secs] 
2020-10-28T11:47:35.221+0000: [GC (Allocation Failure) 2020-10-28T11:47:35.221+0000: [ParNew: 34438K->6K(38720K), 0.0054741 secs] 1042814K->1008382K(1499932K), 0.0055268 secs] [Times: user=0.01 sys=0.00, real=0.01 secs] 
2020-10-28T11:47:35.261+0000: [GC (Allocation Failure) 2020-10-28T11:47:35.261+0000: [ParNew: 34438K->6K(38720K), 0.0056059 secs] 1042814K->1008382K(1499932K), 0.0056630 secs] [Times: user=0.01 sys=0.00, real=0.01 secs] 
2020-10-28T11:47:35.301+0000: [GC (Allocation Failure) 2020-10-28T11:47:35.301+0000: [ParNew: 34438K->6K(38720K), 0.0054867 secs] 1042814K->1008382K(1499932K), 0.0055448 secs] [Times: user=0.01 sys=0.00, real=0.01 secs] 
2020-10-28T11:47:35.341+0000: [GC (Allocation Failure) 2020-10-28T11:47:35.341+0000: [ParNew: 34438K->6K(38720K), 0.0055448 secs] 1042814K->1008382K(1499932K), 0.0056033 secs] [Times: user=0.01 sys=0.00, real=0.01 secs] 
2020-10-28T11:47:35.382+0000: [GC (Allocation Failure) 2020-10-28T11:47:35.382+0000: [ParNew: 34438K->6K(38720K), 0.0055363 secs] 1042814K->1008382K(1499932K), 0.0055955 secs] [Times: user=0.01 sys=0.00, real=0.01 secs] 
2020-10-28T11:47:35.424+0000: [GC (Allocation Failure) 2020-10-28T11:47:35.424+0000: [ParNew: 34438K->6K(38720K), 0.0056721 secs] 1042814K->1008382K(1499932K), 0.0057416 secs] [Times: user=0.01 sys=0.00, real=0.01 secs] 
2020-10-28T11:47:35.470+0000: [GC (Allocation Failure) 2020-10-28T11:47:35.470+0000: [ParNew: 34438K->6K(38720K), 0.0055533 secs] 1042814K->1008382K(1499932K), 0.0056126 secs] [Times: user=0.01 sys=0.00, real=0.00 secs] 
2020-10-28T11:47:35.510+0000: [GC (Allocation Failure) 2020-10-28T11:47:35.510+0000: [ParNew: 34438K->6K(38720K), 0.0055858 secs] 1042814K->1008382K(1499932K), 0.0056475 secs] [Times: user=0.01 sys=0.00, real=0.00 secs] 
2020-10-28T11:47:35.554+0000: [GC (Allocation Failure) 2020-10-28T11:47:35.555+0000: [ParNew: 34438K->6K(38720K), 0.0055777 secs] 1042814K->1008382K(1499932K), 0.0056384 secs] [Times: user=0.01 sys=0.00, real=0.01 secs] 
2020-10-28T11:47:35.596+0000: [GC (Allocation Failure) 2020-10-28T11:47:35.596+0000: [ParNew: 34438K->6K(38720K), 0.0054868 secs] 1042814K->1008382K(1499932K), 0.0055463 secs] [Times: user=0.01 sys=0.00, real=0.01 secs] 
2020-10-28T11:47:35.638+0000: [GC (Allocation Failure) 2020-10-28T11:47:35.638+0000: [ParNew: 34438K->6K(38720K), 0.0054557 secs] 1042814K->1008382K(1499932K), 0.0055126 secs] [Times: user=0.01 sys=0.00, real=0.00 secs] 
2020-10-28T11:47:35.682+0000: [GC (Allocation Failure) 2020-10-28T11:47:35.682+0000: [ParNew: 34438K->6K(38720K), 0.0055556 secs] 1042814K->1008382K(1499932K), 0.0056158 secs] [Times: user=0.01 sys=0.00, real=0.01 secs] 
2020-10-28T11:47:35.730+0000: [GC (Allocation Failure) 2020-10-28T11:47:35.730+0000: [ParNew: 34438K->6K(38720K), 0.0055140 secs] 1042814K->1008382K(1499932K), 0.0055754 secs] [Times: user=0.01 sys=0.00, real=0.00 secs] 
2020-10-28T11:47:35.770+0000: [GC (Allocation Failure) 2020-10-28T11:47:35.770+0000: [ParNew: 34438K->6K(38720K), 0.0056058 secs] 1042814K->1008382K(1499932K), 0.0056677 secs] [Times: user=0.01 sys=0.00, real=0.00 secs] 
2020-10-28T11:47:35.815+0000: [GC (Allocation Failure) 2020-10-28T11:47:35.815+0000: [ParNew: 34438K->6K(38720K), 0.0056455 secs] 1042814K->1008382K(1499932K), 0.0057084 secs] [Times: user=0.01 sys=0.00, real=0.01 secs] 
2020-10-28T11:47:35.862+0000: [GC (Allocation Failure) 2020-10-28T11:47:35.862+0000: [ParNew: 34438K->6K(38720K), 0.0055999 secs] 1042814K->1008382K(1499932K), 0.0056618 secs] [Times: user=0.01 sys=0.00, real=0.01 secs] 
2020-10-28T11:47:35.902+0000: [GC (Allocation Failure) 2020-10-28T11:47:35.902+0000: [ParNew: 34438K->6K(38720K), 0.0053768 secs] 1042814K->1008382K(1499932K), 0.0054325 secs] [Times: user=0.02 sys=0.00, real=0.01 secs] 
2020-10-28T11:47:35.950+0000: [GC (Allocation Failure) 2020-10-28T11:47:35.950+0000: [ParNew: 34438K->6K(38720K), 0.0055645 secs] 1042814K->1008382K(1499932K), 0.0056265 secs] [Times: user=0.01 sys=0.00, real=0.00 secs] 
2020-10-28T11:47:35.990+0000: [GC (Allocation Failure) 2020-10-28T11:47:35.990+0000: [ParNew: 34438K->6K(38720K), 0.0054814 secs] 1042814K->1008382K(1499932K), 0.0055395 secs] [Times: user=0.01 sys=0.00, real=0.00 secs] 
2020-10-28T11:47:36.031+0000: [GC (Allocation Failure) 2020-10-28T11:47:36.031+0000: [ParNew: 34438K->6K(38720K), 0.0056367 secs] 1042814K->1008382K(1499932K), 0.0056996 secs] [Times: user=0.01 sys=0.00, real=0.00 secs] 
2020-10-28T11:47:36.074+0000: [GC (Allocation Failure) 2020-10-28T11:47:36.074+0000: [ParNew: 34438K->6K(38720K), 0.0055345 secs] 1042814K->1008382K(1499932K), 0.0055932 secs] [Times: user=0.01 sys=0.00, real=0.01 secs] 
2020-10-28T11:47:36.122+0000: [GC (Allocation Failure) 2020-10-28T11:47:36.122+0000: [ParNew: 34438K->6K(38720K), 0.0055761 secs] 1042814K->1008382K(1499932K), 0.0056315 secs] [Times: user=0.01 sys=0.00, real=0.01 secs] 
2020-10-28T11:47:36.166+0000: [GC (Allocation Failure) 2020-10-28T11:47:36.166+0000: [ParNew: 34438K->6K(38720K), 0.0054411 secs] 1042814K->1008382K(1499932K), 0.0054989 secs] [Times: user=0.01 sys=0.00, real=0.00 secs] 
2020-10-28T11:47:36.210+0000: [GC (Allocation Failure) 2020-10-28T11:47:36.210+0000: [ParNew: 34438K->6K(38720K), 0.0055475 secs] 1042814K->1008382K(1499932K), 0.0056046 secs] [Times: user=0.01 sys=0.00, real=0.00 secs] 
2020-10-28T11:47:36.274+0000: [GC (Allocation Failure) 2020-10-28T11:47:36.274+0000: [ParNew: 34438K->6K(38720K), 0.0122473 secs] 1042814K->1008382K(1499932K), 0.0123311 secs] [Times: user=0.01 sys=0.00, real=0.02 secs] 
2020-10-28T11:47:36.331+0000: [GC (Allocation Failure) 2020-10-28T11:47:36.331+0000: [ParNew: 34438K->6K(38720K), 0.0056662 secs] 1042814K->1008382K(1499932K), 0.0057544 secs] [Times: user=0.01 sys=0.00, real=0.00 secs] 
2020-10-28T11:47:36.389+0000: [GC (Allocation Failure) 2020-10-28T11:47:36.389+0000: [ParNew: 34438K->6K(38720K), 0.0055502 secs] 1042814K->1008382K(1499932K), 0.0056314 secs] [Times: user=0.01 sys=0.00, real=0.00 secs] 
2020-10-28T11:47:36.430+0000: [GC (Allocation Failure) 2020-10-28T11:47:36.430+0000: [ParNew: 34438K->6K(38720K), 0.0055476 secs] 1042814K->1008382K(1499932K), 0.0056261 secs] [Times: user=0.01 sys=0.00, real=0.00 secs] 
2020-10-28T11:47:36.475+0000: [GC (Allocation Failure) 2020-10-28T11:47:36.475+0000: [ParNew: 34438K->6K(38720K), 0.0056244 secs] 1042814K->1008382K(1499932K), 0.0056766 secs] [Times: user=0.01 sys=0.00, real=0.01 secs] 
2020-10-28T11:47:36.520+0000: [GC (Allocation Failure) 2020-10-28T11:47:36.520+0000: [ParNew: 34438K->6K(38720K), 0.0055028 secs] 1042814K->1008382K(1499932K), 0.0055630 secs] [Times: user=0.01 sys=0.00, real=0.00 secs] 
2020-10-28T11:47:36.560+0000: [GC (Allocation Failure) 2020-10-28T11:47:36.560+0000: [ParNew: 34438K->6K(38720K), 0.0054190 secs] 1042814K->1008382K(1499932K), 0.0054757 secs] [Times: user=0.01 sys=0.00, real=0.01 secs] 
2020-10-28T11:47:36.606+0000: [GC (Allocation Failure) 2020-10-28T11:47:36.606+0000: [ParNew: 34438K->6K(38720K), 0.0055379 secs] 1042814K->1008382K(1499932K), 0.0056005 secs] [Times: user=0.02 sys=0.00, real=0.00 secs] 
2020-10-28T11:47:36.650+0000: [GC (Allocation Failure) 2020-10-28T11:47:36.650+0000: [ParNew: 34317K->6K(38720K), 0.0053491 secs] 1042694K->1008382K(1499932K), 0.0054045 secs] [Times: user=0.01 sys=0.00, real=0.00 secs] 
2020-10-28T11:47:36.694+0000: [GC (Allocation Failure) 2020-10-28T11:47:36.694+0000: [ParNew: 34438K->6K(38720K), 0.0053710 secs] 1042814K->1008382K(1499932K), 0.0054272 secs] [Times: user=0.01 sys=0.00, real=0.01 secs] 
2020-10-28T11:47:36.740+0000: [GC (Allocation Failure) 2020-10-28T11:47:36.740+0000: [ParNew: 34438K->6K(38720K), 0.0053747 secs] 1042814K->1008382K(1499932K), 0.0054446 secs] [Times: user=0.01 sys=0.00, real=0.01 secs] 
2020-10-28T11:47:36.785+0000: [GC (Allocation Failure) 2020-10-28T11:47:36.785+0000: [ParNew: 34438K->6K(38720K), 0.0055074 secs] 1042814K->1008382K(1499932K), 0.0055668 secs] [Times: user=0.01 sys=0.00, real=0.01 secs] 
2020-10-28T11:47:36.826+0000: [GC (Allocation Failure) 2020-10-28T11:47:36.826+0000: [ParNew: 34438K->6K(38720K), 0.0054131 secs] 1042814K->1008382K(1499932K), 0.0054759 secs] [Times: user=0.01 sys=0.00, real=0.00 secs] 
2020-10-28T11:47:36.872+0000: [GC (Allocation Failure) 2020-10-28T11:47:36.872+0000: [ParNew: 34438K->6K(38720K), 0.0053675 secs] 1042814K->1008382K(1499932K), 0.0054230 secs] [Times: user=0.02 sys=0.00, real=0.00 secs] 
2020-10-28T11:47:36.912+0000: [GC (Allocation Failure) 2020-10-28T11:47:36.912+0000: [ParNew: 34438K->6K(38720K), 0.0054278 secs] 1042814K->1008382K(1499932K), 0.0054963 secs] [Times: user=0.01 sys=0.00, real=0.01 secs] 
2020-10-28T11:47:36.957+0000: [GC (Allocation Failure) 2020-10-28T11:47:36.957+0000: [ParNew: 34438K->6K(38720K), 0.0053398 secs] 1042814K->1008382K(1499932K), 0.0053942 secs] [Times: user=0.01 sys=0.00, real=0.01 secs] 
2020-10-28T11:47:37.002+0000: [GC (Allocation Failure) 2020-10-28T11:47:37.002+0000: [ParNew: 34438K->6K(38720K), 0.0055374 secs] 1042814K->1008382K(1499932K), 0.0055976 secs] [Times: user=0.01 sys=0.00, real=0.01 secs] 
2020-10-28T11:47:37.042+0000: [GC (Allocation Failure) 2020-10-28T11:47:37.042+0000: [ParNew: 34438K->4K(38720K), 0.0055462 secs] 1042814K->1008380K(1499932K), 0.0056059 secs] [Times: user=0.01 sys=0.00, real=0.01 secs] 
2020-10-28T11:47:37.086+0000: [GC (Allocation Failure) 2020-10-28T11:47:37.086+0000: [ParNew: 34436K->6K(38720K), 0.0053399 secs] 1042812K->1008382K(1499932K), 0.0053973 secs] [Times: user=0.01 sys=0.00, real=0.00 secs] 
2020-10-28T11:47:37.126+0000: [GC (Allocation Failure) 2020-10-28T11:47:37.126+0000: [ParNew: 34438K->6K(38720K), 0.0055801 secs] 1042814K->1008382K(1499932K), 0.0056393 secs] [Times: user=0.01 sys=0.00, real=0.00 secs] 
2020-10-28T11:47:37.173+0000: [GC (Allocation Failure) 2020-10-28T11:47:37.173+0000: [ParNew: 34438K->6K(38720K), 0.0053215 secs] 1042814K->1008382K(1499932K), 0.0053759 secs] [Times: user=0.01 sys=0.00, real=0.01 secs] 
2020-10-28T11:47:37.213+0000: [GC (Allocation Failure) 2020-10-28T11:47:37.213+0000: [ParNew: 34438K->6K(38720K), 0.0055869 secs] 1042814K->1008382K(1499932K), 0.0056377 secs] [Times: user=0.01 sys=0.00, real=0.01 secs] 
2020-10-28T11:47:37.258+0000: [GC (Allocation Failure) 2020-10-28T11:47:37.258+0000: [ParNew: 34438K->6K(38720K), 0.0052962 secs] 1042814K->1008382K(1499932K), 0.0053511 secs] [Times: user=0.02 sys=0.00, real=0.01 secs] 
2020-10-28T11:47:37.301+0000: [GC (Allocation Failure) 2020-10-28T11:47:37.301+0000: [ParNew: 34438K->6K(38720K), 0.0054691 secs] 1042814K->1008382K(1499932K), 0.0055282 secs] [Times: user=0.01 sys=0.00, real=0.01 secs] 
2020-10-28T11:47:37.345+0000: [GC (Allocation Failure) 2020-10-28T11:47:37.345+0000: [ParNew: 34438K->6K(38720K), 0.0052562 secs] 1042814K->1008382K(1499932K), 0.0053098 secs] [Times: user=0.01 sys=0.00, real=0.01 secs] 
2020-10-28T11:47:37.386+0000: [GC (Allocation Failure) 2020-10-28T11:47:37.386+0000: [ParNew: 34438K->6K(38720K), 0.0053944 secs] 1042814K->1008382K(1499932K), 0.0054659 secs] [Times: user=0.01 sys=0.00, real=0.01 secs] 
2020-10-28T11:47:37.432+0000: [GC (Allocation Failure) 2020-10-28T11:47:37.432+0000: [ParNew: 34438K->6K(38720K), 0.0053832 secs] 1042814K->1008382K(1499932K), 0.0054400 secs] [Times: user=0.01 sys=0.00, real=0.00 secs] 
2020-10-28T11:47:37.477+0000: [GC (Allocation Failure) 2020-10-28T11:47:37.477+0000: [ParNew: 34438K->6K(38720K), 0.0054356 secs] 1042814K->1008382K(1499932K), 0.0054900 secs] [Times: user=0.01 sys=0.00, real=0.01 secs] 
2020-10-28T11:47:37.517+0000: [GC (Allocation Failure) 2020-10-28T11:47:37.517+0000: [ParNew: 34438K->6K(38720K), 0.0055784 secs] 1042814K->1008382K(1499932K), 0.0056378 secs] [Times: user=0.01 sys=0.00, real=0.01 secs] 
2020-10-28T11:47:37.558+0000: [GC (Allocation Failure) 2020-10-28T11:47:37.558+0000: [ParNew: 34438K->6K(38720K), 0.0053876 secs] 1042814K->1008382K(1499932K), 0.0054440 secs] [Times: user=0.01 sys=0.00, real=0.01 secs] 
2020-10-28T11:47:37.598+0000: [GC (Allocation Failure) 2020-10-28T11:47:37.598+0000: [ParNew: 34438K->6K(38720K), 0.0053707 secs] 1042814K->1008382K(1499932K), 0.0054379 secs] [Times: user=0.01 sys=0.00, real=0.00 secs] 
2020-10-28T11:47:37.638+0000: [GC (Allocation Failure) 2020-10-28T11:47:37.638+0000: [ParNew: 34438K->6K(38720K), 0.0053582 secs] 1042814K->1008382K(1499932K), 0.0054122 secs] [Times: user=0.01 sys=0.00, real=0.00 secs] 
2020-10-28T11:47:37.679+0000: [GC (Allocation Failure) 2020-10-28T11:47:37.679+0000: [ParNew: 34438K->6K(38720K), 0.0055868 secs] 1042814K->1008382K(1499932K), 0.0056464 secs] [Times: user=0.01 sys=0.00, real=0.00 secs] 
2020-10-28T11:47:37.725+0000: [GC (Allocation Failure) 2020-10-28T11:47:37.725+0000: [ParNew: 34438K->6K(38720K), 0.0055938 secs] 1042814K->1008382K(1499932K), 0.0056545 secs] [Times: user=0.01 sys=0.00, real=0.01 secs] 
2020-10-28T11:47:37.766+0000: [GC (Allocation Failure) 2020-10-28T11:47:37.766+0000: [ParNew: 34438K->6K(38720K), 0.0053996 secs] 1042814K->1008382K(1499932K), 0.0054566 secs] [Times: user=0.01 sys=0.00, real=0.00 secs] 
2020-10-28T11:47:37.806+0000: [GC (Allocation Failure) 2020-10-28T11:47:37.806+0000: [ParNew: 34438K->6K(38720K), 0.0056124 secs] 1042814K->1008382K(1499932K), 0.0056713 secs] [Times: user=0.01 sys=0.00, real=0.00 secs] 
2020-10-28T11:47:37.866+0000: [GC (Allocation Failure) 2020-10-28T11:47:37.866+0000: [ParNew: 34438K->14K(38720K), 0.0056434 secs] 1042814K->1008391K(1499932K), 0.0057054 secs] [Times: user=0.01 sys=0.00, real=0.01 secs] 
2020-10-28T11:47:37.907+0000: [GC (Allocation Failure) 2020-10-28T11:47:37.907+0000: [ParNew: 34446K->14K(38720K), 0.0054574 secs] 1042823K->1008391K(1499932K), 0.0055166 secs] [Times: user=0.01 sys=0.00, real=0.00 secs] 
2020-10-28T11:47:37.951+0000: [GC (Allocation Failure) 2020-10-28T11:47:37.951+0000: [ParNew: 34446K->17K(38720K), 0.0054449 secs] 1042823K->1008394K(1499932K), 0.0055015 secs] [Times: user=0.01 sys=0.00, real=0.00 secs] 
2020-10-28T11:47:38.001+0000: [GC (Allocation Failure) 2020-10-28T11:47:38.001+0000: [ParNew: 34449K->18K(38720K), 0.0056506 secs] 1042826K->1008395K(1499932K), 0.0057111 secs] [Times: user=0.01 sys=0.00, real=0.01 secs] 
2020-10-28T11:47:38.045+0000: [GC (Allocation Failure) 2020-10-28T11:47:38.046+0000: [ParNew: 34450K->18K(38720K), 0.0055748 secs] 1042827K->1008395K(1499932K), 0.0056347 secs] [Times: user=0.01 sys=0.00, real=0.01 secs] 
2020-10-28T11:47:38.090+0000: [GC (Allocation Failure) 2020-10-28T11:47:38.090+0000: [ParNew: 34450K->18K(38720K), 0.0054736 secs] 1042827K->1008395K(1499932K), 0.0055308 secs] [Times: user=0.01 sys=0.00, real=0.00 secs] 
2020-10-28T11:47:38.134+0000: [GC (Allocation Failure) 2020-10-28T11:47:38.134+0000: [ParNew: 34450K->12K(38720K), 0.0055531 secs] 1042827K->1008397K(1499932K), 0.0056110 secs] [Times: user=0.01 sys=0.00, real=0.01 secs] 
2020-10-28T11:47:38.178+0000: [GC (Allocation Failure) 2020-10-28T11:47:38.178+0000: [ParNew: 34444K->6K(38720K), 0.0056042 secs] 1042829K->1008391K(1499932K), 0.0056649 secs] [Times: user=0.01 sys=0.00, real=0.00 secs] 
2020-10-28T11:47:38.226+0000: [GC (Allocation Failure) 2020-10-28T11:47:38.226+0000: [ParNew: 34438K->6K(38720K), 0.0053332 secs] 1042823K->1008391K(1499932K), 0.0053890 secs] [Times: user=0.01 sys=0.00, real=0.01 secs] 
2020-10-28T11:47:38.266+0000: [GC (Allocation Failure) 2020-10-28T11:47:38.266+0000: [ParNew: 34438K->6K(38720K), 0.0054914 secs] 1042823K->1008391K(1499932K), 0.0055492 secs] [Times: user=0.01 sys=0.00, real=0.00 secs] 
2020-10-28T11:47:38.310+0000: [GC (Allocation Failure) 2020-10-28T11:47:38.310+0000: [ParNew: 34438K->6K(38720K), 0.0054653 secs] 1042823K->1008391K(1499932K), 0.0055245 secs] [Times: user=0.01 sys=0.00, real=0.00 secs] 
2020-10-28T11:47:38.358+0000: [GC (Allocation Failure) 2020-10-28T11:47:38.358+0000: [ParNew: 34438K->6K(38720K), 0.0054269 secs] 1042823K->1008391K(1499932K), 0.0054848 secs] [Times: user=0.01 sys=0.00, real=0.00 secs] 
2020-10-28T11:47:38.404+0000: [GC (Allocation Failure) 2020-10-28T11:47:38.404+0000: [ParNew: 34438K->6K(38720K), 0.0081665 secs] 1042823K->1008391K(1499932K), 0.0082228 secs] [Times: user=0.01 sys=0.00, real=0.01 secs] 
2020-10-28T11:47:38.451+0000: [GC (Allocation Failure) 2020-10-28T11:47:38.451+0000: [ParNew: 34438K->6K(38720K), 0.0054729 secs] 1042823K->1008391K(1499932K), 0.0055296 secs] [Times: user=0.01 sys=0.00, real=0.00 secs] 
2020-10-28T11:47:38.498+0000: [GC (Allocation Failure) 2020-10-28T11:47:38.498+0000: [ParNew: 34438K->6K(38720K), 0.0053828 secs] 1042823K->1008391K(1499932K), 0.0054395 secs] [Times: user=0.01 sys=0.00, real=0.00 secs] 
2020-10-28T11:47:38.538+0000: [GC (Allocation Failure) 2020-10-28T11:47:38.538+0000: [ParNew: 34438K->6K(38720K), 0.0054707 secs] 1042823K->1008391K(1499932K), 0.0055266 secs] [Times: user=0.01 sys=0.00, real=0.00 secs] 
2020-10-28T11:47:38.582+0000: [GC (Allocation Failure) 2020-10-28T11:47:38.582+0000: [ParNew: 34438K->6K(38720K), 0.0054269 secs] 1042823K->1008391K(1499932K), 0.0054827 secs] [Times: user=0.01 sys=0.00, real=0.01 secs] 
2020-10-28T11:47:38.630+0000: [GC (Allocation Failure) 2020-10-28T11:47:38.630+0000: [ParNew: 34438K->6K(38720K), 0.0053420 secs] 1042823K->1008392K(1499932K), 0.0053952 secs] [Times: user=0.01 sys=0.00, real=0.00 secs] 
2020-10-28T11:47:38.674+0000: [GC (Allocation Failure) 2020-10-28T11:47:38.674+0000: [ParNew: 34438K->6K(38720K), 0.0053617 secs] 1042824K->1008392K(1499932K), 0.0054165 secs] [Times: user=0.01 sys=0.00, real=0.01 secs] 
2020-10-28T11:47:38.718+0000: [GC (Allocation Failure) 2020-10-28T11:47:38.719+0000: [ParNew: 34438K->6K(38720K), 0.0054182 secs] 1042824K->1008392K(1499932K), 0.0054740 secs] [Times: user=0.01 sys=0.00, real=0.00 secs] 
2020-10-28T11:47:38.763+0000: [GC (Allocation Failure) 2020-10-28T11:47:38.763+0000: [ParNew: 34438K->6K(38720K), 0.0054210 secs] 1042824K->1008392K(1499932K), 0.0054783 secs] [Times: user=0.01 sys=0.00, real=0.01 secs] 
2020-10-28T11:47:38.806+0000: [GC (Allocation Failure) 2020-10-28T11:47:38.806+0000: [ParNew: 34438K->6K(38720K), 0.0056122 secs] 1042824K->1008392K(1499932K), 0.0056716 secs] [Times: user=0.01 sys=0.00, real=0.00 secs] 
2020-10-28T11:47:38.847+0000: [GC (Allocation Failure) 2020-10-28T11:47:38.847+0000: [ParNew: 34438K->6K(38720K), 0.0055471 secs] 1042824K->1008392K(1499932K), 0.0056025 secs] [Times: user=0.01 sys=0.00, real=0.00 secs] 
2020-10-28T11:47:38.890+0000: [GC (Allocation Failure) 2020-10-28T11:47:38.890+0000: [ParNew: 34438K->6K(38720K), 0.0053905 secs] 1042824K->1008392K(1499932K), 0.0054452 secs] [Times: user=0.02 sys=0.00, real=0.00 secs] 
2020-10-28T11:47:38.934+0000: [GC (Allocation Failure) 2020-10-28T11:47:38.934+0000: [ParNew: 34438K->6K(38720K), 0.0055859 secs] 1042824K->1008392K(1499932K), 0.0056483 secs] [Times: user=0.02 sys=0.00, real=0.01 secs] 
2020-10-28T11:47:38.980+0000: [GC (Allocation Failure) 2020-10-28T11:47:38.980+0000: [ParNew: 34435K->6K(38720K), 0.0056066 secs] 1042821K->1008392K(1499932K), 0.0056680 secs] [Times: user=0.01 sys=0.00, real=0.00 secs] 
2020-10-28T11:47:39.022+0000: [GC (Allocation Failure) 2020-10-28T11:47:39.022+0000: [ParNew: 34438K->6K(38720K), 0.0055248 secs] 1042824K->1008392K(1499932K), 0.0055848 secs] [Times: user=0.01 sys=0.00, real=0.01 secs] 
2020-10-28T11:47:39.066+0000: [GC (Allocation Failure) 2020-10-28T11:47:39.066+0000: [ParNew: 34438K->6K(38720K), 0.0055291 secs] 1042824K->1008392K(1499932K), 0.0055868 secs] [Times: user=0.01 sys=0.00, real=0.00 secs] 
2020-10-28T11:47:39.106+0000: [GC (Allocation Failure) 2020-10-28T11:47:39.106+0000: [ParNew: 34438K->6K(38720K), 0.0053701 secs] 1042824K->1008392K(1499932K), 0.0054411 secs] [Times: user=0.01 sys=0.00, real=0.00 secs] 
2020-10-28T11:47:39.150+0000: [GC (Allocation Failure) 2020-10-28T11:47:39.150+0000: [ParNew: 34438K->6K(38720K), 0.0052900 secs] 1042824K->1008392K(1499932K), 0.0053443 secs] [Times: user=0.01 sys=0.00, real=0.00 secs] 
2020-10-28T11:47:39.194+0000: [GC (Allocation Failure) 2020-10-28T11:47:39.194+0000: [ParNew: 34438K->6K(38720K), 0.0056293 secs] 1042824K->1008392K(1499932K), 0.0056807 secs] [Times: user=0.01 sys=0.00, real=0.01 secs] 
2020-10-28T11:47:39.235+0000: [GC (Allocation Failure) 2020-10-28T11:47:39.235+0000: [ParNew: 34438K->6K(38720K), 0.0053466 secs] 1042824K->1008392K(1499932K), 0.0054029 secs] [Times: user=0.01 sys=0.00, real=0.01 secs] 
2020-10-28T11:47:39.280+0000: [GC (Allocation Failure) 2020-10-28T11:47:39.280+0000: [ParNew: 34438K->6K(38720K), 0.0055267 secs] 1042824K->1008392K(1499932K), 0.0055871 secs] [Times: user=0.01 sys=0.00, real=0.01 secs] 
2020-10-28T11:47:39.321+0000: [GC (Allocation Failure) 2020-10-28T11:47:39.321+0000: [ParNew: 34438K->6K(38720K), 0.0054028 secs] 1042824K->1008392K(1499932K), 0.0054563 secs] [Times: user=0.01 sys=0.00, real=0.01 secs] 
2020-10-28T11:47:39.361+0000: [GC (Allocation Failure) 2020-10-28T11:47:39.361+0000: [ParNew: 34438K->6K(38720K), 0.0053592 secs] 1042824K->1008392K(1499932K), 0.0054109 secs] [Times: user=0.01 sys=0.00, real=0.01 secs] 
2020-10-28T11:47:39.402+0000: [GC (Allocation Failure) 2020-10-28T11:47:39.402+0000: [ParNew: 34438K->6K(38720K), 0.0053962 secs] 1042824K->1008392K(1499932K), 0.0054539 secs] [Times: user=0.01 sys=0.00, real=0.01 secs] 
2020-10-28T11:47:39.447+0000: [GC (Allocation Failure) 2020-10-28T11:47:39.447+0000: [ParNew: 34438K->6K(38720K), 0.0071624 secs] 1042824K->1008392K(1499932K), 0.0072175 secs] [Times: user=0.01 sys=0.00, real=0.00 secs] 
2020-10-28T11:47:39.488+0000: [GC (Allocation Failure) 2020-10-28T11:47:39.488+0000: [ParNew: 34438K->6K(38720K), 0.0054049 secs] 1042824K->1008392K(1499932K), 0.0054635 secs] [Times: user=0.01 sys=0.00, real=0.00 secs] 
2020-10-28T11:47:39.536+0000: [GC (Allocation Failure) 2020-10-28T11:47:39.536+0000: [ParNew: 34438K->6K(38720K), 0.0055840 secs] 1042824K->1008392K(1499932K), 0.0056607 secs] [Times: user=0.01 sys=0.00, real=0.01 secs] 
2020-10-28T11:47:39.576+0000: [GC (Allocation Failure) 2020-10-28T11:47:39.576+0000: [ParNew: 34438K->6K(38720K), 0.0055305 secs] 1042824K->1008392K(1499932K), 0.0055890 secs] [Times: user=0.01 sys=0.00, real=0.01 secs] 
2020-10-28T11:47:39.622+0000: [GC (Allocation Failure) 2020-10-28T11:47:39.622+0000: [ParNew: 34438K->6K(38720K), 0.0053035 secs] 1042824K->1008392K(1499932K), 0.0053586 secs] [Times: user=0.02 sys=0.00, real=0.01 secs] 
2020-10-28T11:47:39.669+0000: [GC (Allocation Failure) 2020-10-28T11:47:39.669+0000: [ParNew: 34438K->6K(38720K), 0.0055205 secs] 1042824K->1008392K(1499932K), 0.0055821 secs] [Times: user=0.01 sys=0.00, real=0.00 secs] 
2020-10-28T11:47:39.710+0000: [GC (Allocation Failure) 2020-10-28T11:47:39.710+0000: [ParNew: 34438K->6K(38720K), 0.0056089 secs] 1042824K->1008392K(1499932K), 0.0056701 secs] [Times: user=0.01 sys=0.00, real=0.00 secs] 
2020-10-28T11:47:39.754+0000: [GC (Allocation Failure) 2020-10-28T11:47:39.754+0000: [ParNew: 34438K->6K(38720K), 0.0054770 secs] 1042824K->1008392K(1499932K), 0.0055361 secs] [Times: user=0.01 sys=0.00, real=0.01 secs] 
2020-10-28T11:47:39.800+0000: [GC (Allocation Failure) 2020-10-28T11:47:39.800+0000: [ParNew: 34438K->6K(38720K), 0.0056080 secs] 1042824K->1008392K(1499932K), 0.0056758 secs] [Times: user=0.02 sys=0.00, real=0.01 secs] 
2020-10-28T11:47:39.845+0000: [GC (Allocation Failure) 2020-10-28T11:47:39.845+0000: [ParNew: 34438K->6K(38720K), 0.0057878 secs] 1042824K->1008392K(1499932K), 0.0058498 secs] [Times: user=0.02 sys=0.00, real=0.01 secs] 
2020-10-28T11:47:39.890+0000: [GC (Allocation Failure) 2020-10-28T11:47:39.890+0000: [ParNew: 34438K->6K(38720K), 0.0056184 secs] 1042824K->1008392K(1499932K), 0.0056832 secs] [Times: user=0.01 sys=0.00, real=0.00 secs] 
2020-10-28T11:47:39.930+0000: [GC (Allocation Failure) 2020-10-28T11:47:39.930+0000: [ParNew: 34438K->6K(38720K), 0.0056504 secs] 1042824K->1008392K(1499932K), 0.0057141 secs] [Times: user=0.01 sys=0.00, real=0.00 secs] 
2020-10-28T11:47:39.971+0000: [GC (Allocation Failure) 2020-10-28T11:47:39.971+0000: [ParNew: 34438K->6K(38720K), 0.0054774 secs] 1042824K->1008392K(1499932K), 0.0055371 secs] [Times: user=0.01 sys=0.00, real=0.00 secs] 
2020-10-28T11:47:40.018+0000: [GC (Allocation Failure) 2020-10-28T11:47:40.018+0000: [ParNew: 34438K->8K(38720K), 0.0056312 secs] 1042824K->1008394K(1499932K), 0.0056973 secs] [Times: user=0.01 sys=0.00, real=0.00 secs] 
2020-10-28T11:47:40.062+0000: [GC (Allocation Failure) 2020-10-28T11:47:40.062+0000: [ParNew: 34440K->6K(38720K), 0.0056148 secs] 1042826K->1008392K(1499932K), 0.0056784 secs] [Times: user=0.01 sys=0.00, real=0.01 secs] 
2020-10-28T11:47:40.102+0000: [GC (Allocation Failure) 2020-10-28T11:47:40.102+0000: [ParNew: 34438K->6K(38720K), 0.0055884 secs] 1042824K->1008392K(1499932K), 0.0056496 secs] [Times: user=0.01 sys=0.00, real=0.01 secs] 
2020-10-28T11:47:40.142+0000: [GC (Allocation Failure) 2020-10-28T11:47:40.142+0000: [ParNew: 34438K->6K(38720K), 0.0055979 secs] 1042824K->1008393K(1499932K), 0.0056788 secs] [Times: user=0.02 sys=0.00, real=0.01 secs] 
2020-10-28T11:47:40.183+0000: [GC (Allocation Failure) 2020-10-28T11:47:40.183+0000: [ParNew: 34438K->6K(38720K), 0.0054368 secs] 1042825K->1008393K(1499932K), 0.0054942 secs] [Times: user=0.02 sys=0.00, real=0.01 secs] 
2020-10-28T11:47:40.230+0000: [GC (Allocation Failure) 2020-10-28T11:47:40.230+0000: [ParNew: 34438K->6K(38720K), 0.0055078 secs] 1042825K->1008393K(1499932K), 0.0055686 secs] [Times: user=0.01 sys=0.00, real=0.00 secs] 
2020-10-28T11:47:40.274+0000: [GC (Allocation Failure) 2020-10-28T11:47:40.274+0000: [ParNew: 34438K->6K(38720K), 0.0055328 secs] 1042825K->1008393K(1499932K), 0.0055923 secs] [Times: user=0.01 sys=0.00, real=0.01 secs] 
2020-10-28T11:47:40.318+0000: [GC (Allocation Failure) 2020-10-28T11:47:40.318+0000: [ParNew: 34438K->6K(38720K), 0.0055261 secs] 1042825K->1008393K(1499932K), 0.0056011 secs] [Times: user=0.01 sys=0.00, real=0.00 secs] 
2020-10-28T11:47:40.365+0000: [GC (Allocation Failure) 2020-10-28T11:47:40.365+0000: [ParNew: 34438K->6K(38720K), 0.0055927 secs] 1042825K->1008393K(1499932K), 0.0056559 secs] [Times: user=0.01 sys=0.00, real=0.01 secs] 
2020-10-28T11:47:40.410+0000: [GC (Allocation Failure) 2020-10-28T11:47:40.410+0000: [ParNew: 34438K->6K(38720K), 0.0074742 secs] 1042825K->1008393K(1499932K), 0.0075351 secs] [Times: user=0.01 sys=0.00, real=0.00 secs] 
2020-10-28T11:47:40.456+0000: [GC (Allocation Failure) 2020-10-28T11:47:40.456+0000: [ParNew: 34438K->6K(38720K), 0.0055762 secs] 1042825K->1008393K(1499932K), 0.0056392 secs] [Times: user=0.01 sys=0.00, real=0.01 secs] 
2020-10-28T11:47:40.500+0000: [GC (Allocation Failure) 2020-10-28T11:47:40.500+0000: [ParNew: 34438K->6K(38720K), 0.0056112 secs] 1042825K->1008393K(1499932K), 0.0056718 secs] [Times: user=0.01 sys=0.00, real=0.01 secs] 
2020-10-28T11:47:40.541+0000: [GC (Allocation Failure) 2020-10-28T11:47:40.541+0000: [ParNew: 34438K->6K(38720K), 0.0055150 secs] 1042825K->1008393K(1499932K), 0.0055742 secs] [Times: user=0.01 sys=0.00, real=0.01 secs] 
2020-10-28T11:47:40.586+0000: [GC (Allocation Failure) 2020-10-28T11:47:40.586+0000: [ParNew: 34438K->6K(38720K), 0.0054992 secs] 1042825K->1008393K(1499932K), 0.0055598 secs] [Times: user=0.01 sys=0.00, real=0.00 secs] 
2020-10-28T11:47:40.630+0000: [GC (Allocation Failure) 2020-10-28T11:47:40.630+0000: [ParNew: 34438K->6K(38720K), 0.0054869 secs] 1042825K->1008393K(1499932K), 0.0055482 secs] [Times: user=0.01 sys=0.00, real=0.00 secs] 
2020-10-28T11:47:40.670+0000: [GC (Allocation Failure) 2020-10-28T11:47:40.670+0000: [ParNew: 34438K->6K(38720K), 0.0055234 secs] 1042825K->1008393K(1499932K), 0.0055844 secs] [Times: user=0.01 sys=0.00, real=0.00 secs] 
2020-10-28T11:47:40.713+0000: [GC (Allocation Failure) 2020-10-28T11:47:40.713+0000: [ParNew: 34438K->6K(38720K), 0.0055894 secs] 1042825K->1008393K(1499932K), 0.0056493 secs] [Times: user=0.02 sys=0.00, real=0.01 secs] 
2020-10-28T11:47:40.760+0000: [GC (Allocation Failure) 2020-10-28T11:47:40.760+0000: [ParNew: 34438K->6K(38720K), 0.0055691 secs] 1042825K->1008393K(1499932K), 0.0056294 secs] [Times: user=0.01 sys=0.00, real=0.00 secs] 
2020-10-28T11:47:40.801+0000: [GC (Allocation Failure) 2020-10-28T11:47:40.801+0000: [ParNew: 34438K->6K(38720K), 0.0057329 secs] 1042825K->1008393K(1499932K), 0.0058057 secs] [Times: user=0.01 sys=0.00, real=0.01 secs] 
2020-10-28T11:47:40.846+0000: [GC (Allocation Failure) 2020-10-28T11:47:40.846+0000: [ParNew: 34438K->6K(38720K), 0.0057214 secs] 1042825K->1008393K(1499932K), 0.0057829 secs] [Times: user=0.01 sys=0.00, real=0.00 secs] 
2020-10-28T11:47:40.890+0000: [GC (Allocation Failure) 2020-10-28T11:47:40.890+0000: [ParNew: 34438K->6K(38720K), 0.0054711 secs] 1042825K->1008393K(1499932K), 0.0055297 secs] [Times: user=0.01 sys=0.00, real=0.00 secs] 
2020-10-28T11:47:40.934+0000: [GC (Allocation Failure) 2020-10-28T11:47:40.934+0000: [ParNew: 34438K->6K(38720K), 0.0055662 secs] 1042825K->1008393K(1499932K), 0.0056281 secs] [Times: user=0.01 sys=0.00, real=0.01 secs] 
2020-10-28T11:47:40.974+0000: [GC (Allocation Failure) 2020-10-28T11:47:40.974+0000: [ParNew: 34438K->6K(38720K), 0.0054598 secs] 1042825K->1008393K(1499932K), 0.0055215 secs] [Times: user=0.01 sys=0.00, real=0.01 secs] 
2020-10-28T11:47:41.022+0000: [GC (Allocation Failure) 2020-10-28T11:47:41.022+0000: [ParNew: 34438K->6K(38720K), 0.0055167 secs] 1042825K->1008393K(1499932K), 0.0055780 secs] [Times: user=0.01 sys=0.00, real=0.01 secs] 
2020-10-28T11:47:41.064+0000: [GC (Allocation Failure) 2020-10-28T11:47:41.064+0000: [ParNew: 34438K->6K(38720K), 0.0056252 secs] 1042825K->1008393K(1499932K), 0.0056815 secs] [Times: user=0.02 sys=0.00, real=0.01 secs] 
2020-10-28T11:47:41.108+0000: [GC (Allocation Failure) 2020-10-28T11:47:41.108+0000: [ParNew: 34438K->6K(38720K), 0.0055252 secs] 1042825K->1008393K(1499932K), 0.0055795 secs] [Times: user=0.01 sys=0.00, real=0.00 secs] 
2020-10-28T11:47:41.153+0000: [GC (Allocation Failure) 2020-10-28T11:47:41.153+0000: [ParNew: 34438K->6K(38720K), 0.0054541 secs] 1042825K->1008393K(1499932K), 0.0055225 secs] [Times: user=0.01 sys=0.00, real=0.01 secs] 
2020-10-28T11:47:41.194+0000: [GC (Allocation Failure) 2020-10-28T11:47:41.194+0000: [ParNew: 34438K->6K(38720K), 0.0060388 secs] 1042825K->1008393K(1499932K), 0.0060945 secs] [Times: user=0.01 sys=0.00, real=0.01 secs] 
2020-10-28T11:47:41.235+0000: [GC (Allocation Failure) 2020-10-28T11:47:41.235+0000: [ParNew: 34438K->6K(38720K), 0.0053869 secs] 1042825K->1008393K(1499932K), 0.0054426 secs] [Times: user=0.01 sys=0.00, real=0.01 secs] 
2020-10-28T11:47:41.284+0000: [GC (Allocation Failure) 2020-10-28T11:47:41.284+0000: [ParNew: 34438K->6K(38720K), 0.0054631 secs] 1042825K->1008393K(1499932K), 0.0055213 secs] [Times: user=0.01 sys=0.00, real=0.01 secs] 
2020-10-28T11:47:41.326+0000: [GC (Allocation Failure) 2020-10-28T11:47:41.326+0000: [ParNew: 34438K->6K(38720K), 0.0053900 secs] 1042825K->1008393K(1499932K), 0.0054456 secs] [Times: user=0.01 sys=0.00, real=0.00 secs] 
2020-10-28T11:47:41.366+0000: [GC (Allocation Failure) 2020-10-28T11:47:41.366+0000: [ParNew: 34438K->6K(38720K), 0.0054053 secs] 1042825K->1008393K(1499932K), 0.0054634 secs] [Times: user=0.01 sys=0.00, real=0.00 secs] 
2020-10-28T11:47:41.406+0000: [GC (Allocation Failure) 2020-10-28T11:47:41.406+0000: [ParNew: 34438K->6K(38720K), 0.0054756 secs] 1042825K->1008393K(1499932K), 0.0055430 secs] [Times: user=0.01 sys=0.00, real=0.00 secs] 
2020-10-28T11:47:41.448+0000: [GC (Allocation Failure) 2020-10-28T11:47:41.448+0000: [ParNew: 34438K->6K(38720K), 0.0055281 secs] 1042825K->1008393K(1499932K), 0.0055895 secs] [Times: user=0.01 sys=0.00, real=0.00 secs] 
2020-10-28T11:47:41.490+0000: [GC (Allocation Failure) 2020-10-28T11:47:41.490+0000: [ParNew: 34438K->6K(38720K), 0.0053355 secs] 1042825K->1008393K(1499932K), 0.0053922 secs] [Times: user=0.01 sys=0.00, real=0.00 secs] 
2020-10-28T11:47:41.533+0000: [GC (Allocation Failure) 2020-10-28T11:47:41.534+0000: [ParNew: 34438K->6K(38720K), 0.0055781 secs] 1042825K->1008393K(1499932K), 0.0056405 secs] [Times: user=0.01 sys=0.00, real=0.01 secs] 
2020-10-28T11:47:41.578+0000: [GC (Allocation Failure) 2020-10-28T11:47:41.578+0000: [ParNew: 34438K->6K(38720K), 0.0054548 secs] 1042825K->1008393K(1499932K), 0.0055130 secs] [Times: user=0.01 sys=0.00, real=0.00 secs] 
2020-10-28T11:47:41.622+0000: [GC (Allocation Failure) 2020-10-28T11:47:41.622+0000: [ParNew: 34438K->6K(38720K), 0.0053402 secs] 1042825K->1008393K(1499932K), 0.0054315 secs] [Times: user=0.01 sys=0.00, real=0.01 secs] 
2020-10-28T11:47:41.666+0000: [GC (Allocation Failure) 2020-10-28T11:47:41.666+0000: [ParNew: 34438K->6K(38720K), 0.0054412 secs] 1042825K->1008393K(1499932K), 0.0054982 secs] [Times: user=0.01 sys=0.00, real=0.00 secs] 
2020-10-28T11:47:41.709+0000: [GC (Allocation Failure) 2020-10-28T11:47:41.709+0000: [ParNew: 34438K->6K(38720K), 0.0053580 secs] 1042825K->1008393K(1499932K), 0.0054128 secs] [Times: user=0.01 sys=0.00, real=0.00 secs] 
2020-10-28T11:47:41.757+0000: [GC (Allocation Failure) 2020-10-28T11:47:41.757+0000: [ParNew: 34438K->4K(38720K), 0.0055617 secs] 1042825K->1008391K(1499932K), 0.0056228 secs] [Times: user=0.01 sys=0.00, real=0.01 secs] 
2020-10-28T11:47:41.800+0000: [GC (Allocation Failure) 2020-10-28T11:47:41.800+0000: [ParNew: 34436K->6K(38720K), 0.0055715 secs] 1042823K->1008393K(1499932K), 0.0056312 secs] [Times: user=0.01 sys=0.00, real=0.01 secs] 
2020-10-28T11:47:41.845+0000: [GC (Allocation Failure) 2020-10-28T11:47:41.845+0000: [ParNew: 34438K->4K(38720K), 0.0056795 secs] 1042825K->1008391K(1499932K), 0.0057394 secs] [Times: user=0.02 sys=0.00, real=0.01 secs] 
2020-10-28T11:47:41.886+0000: [GC (Allocation Failure) 2020-10-28T11:47:41.886+0000: [ParNew: 34436K->6K(38720K), 0.0054370 secs] 1042823K->1008393K(1499932K), 0.0054951 secs] [Times: user=0.01 sys=0.00, real=0.00 secs] 
2020-10-28T11:47:41.930+0000: [GC (Allocation Failure) 2020-10-28T11:47:41.930+0000: [ParNew: 34438K->6K(38720K), 0.0053852 secs] 1042825K->1008393K(1499932K), 0.0054557 secs] [Times: user=0.02 sys=0.00, real=0.00 secs] 
2020-10-28T11:47:41.974+0000: [GC (Allocation Failure) 2020-10-28T11:47:41.974+0000: [ParNew: 34438K->6K(38720K), 0.0055694 secs] 1042825K->1008393K(1499932K), 0.0056333 secs] [Times: user=0.01 sys=0.00, real=0.01 secs] 
2020-10-28T11:47:42.017+0000: [GC (Allocation Failure) 2020-10-28T11:47:42.017+0000: [ParNew: 34438K->6K(38720K), 0.0056091 secs] 1042825K->1008393K(1499932K), 0.0056707 secs] [Times: user=0.01 sys=0.00, real=0.01 secs] 
2020-10-28T11:47:42.060+0000: [GC (Allocation Failure) 2020-10-28T11:47:42.060+0000: [ParNew: 34438K->6K(38720K), 0.0054585 secs] 1042825K->1008393K(1499932K), 0.0055185 secs] [Times: user=0.01 sys=0.00, real=0.01 secs] 
2020-10-28T11:47:42.101+0000: [GC (Allocation Failure) 2020-10-28T11:47:42.101+0000: [ParNew: 34438K->6K(38720K), 0.0055386 secs] 1042825K->1008393K(1499932K), 0.0055990 secs] [Times: user=0.01 sys=0.00, real=0.01 secs] 
2020-10-28T11:47:42.145+0000: [GC (Allocation Failure) 2020-10-28T11:47:42.145+0000: [ParNew: 34438K->6K(38720K), 0.0054770 secs] 1042825K->1008393K(1499932K), 0.0055359 secs] [Times: user=0.01 sys=0.00, real=0.01 secs] 
2020-10-28T11:47:42.194+0000: [GC (Allocation Failure) 2020-10-28T11:47:42.194+0000: [ParNew: 34438K->6K(38720K), 0.0054401 secs] 1042825K->1008393K(1499932K), 0.0055000 secs] [Times: user=0.01 sys=0.00, real=0.01 secs] 
2020-10-28T11:47:42.238+0000: [GC (Allocation Failure) 2020-10-28T11:47:42.238+0000: [ParNew: 34438K->6K(38720K), 0.0118400 secs] 1042825K->1008393K(1499932K), 0.0119226 secs] [Times: user=0.01 sys=0.00, real=0.01 secs] 
2020-10-28T11:47:42.310+0000: [GC (Allocation Failure) 2020-10-28T11:47:42.310+0000: [ParNew: 34438K->6K(38720K), 0.0082397 secs] 1042825K->1008393K(1499932K), 0.0083067 secs] [Times: user=0.02 sys=0.00, real=0.01 secs] 
2020-10-28T11:47:42.358+0000: [GC (Allocation Failure) 2020-10-28T11:47:42.358+0000: [ParNew: 34438K->6K(38720K), 0.0054624 secs] 1042825K->1008393K(1499932K), 0.0055202 secs] [Times: user=0.01 sys=0.00, real=0.01 secs] 
2020-10-28T11:47:42.398+0000: [GC (Allocation Failure) 2020-10-28T11:47:42.398+0000: [ParNew: 34438K->6K(38720K), 0.0055543 secs] 1042825K->1008393K(1499932K), 0.0056118 secs] [Times: user=0.01 sys=0.00, real=0.01 secs] 
2020-10-28T11:47:42.440+0000: [GC (Allocation Failure) 2020-10-28T11:47:42.440+0000: [ParNew: 34438K->6K(38720K), 0.0054336 secs] 1042825K->1008393K(1499932K), 0.0054912 secs] [Times: user=0.01 sys=0.00, real=0.00 secs] 
2020-10-28T11:47:42.481+0000: [GC (Allocation Failure) 2020-10-28T11:47:42.481+0000: [ParNew: 34438K->6K(38720K), 0.0054463 secs] 1042825K->1008393K(1499932K), 0.0055041 secs] [Times: user=0.01 sys=0.00, real=0.01 secs] 
2020-10-28T11:47:42.526+0000: [GC (Allocation Failure) 2020-10-28T11:47:42.526+0000: [ParNew: 34438K->6K(38720K), 0.0054420 secs] 1042825K->1008393K(1499932K), 0.0055134 secs] [Times: user=0.01 sys=0.00, real=0.01 secs] 
2020-10-28T11:47:42.566+0000: [GC (Allocation Failure) 2020-10-28T11:47:42.566+0000: [ParNew: 34438K->6K(38720K), 0.0054158 secs] 1042825K->1008393K(1499932K), 0.0054718 secs] [Times: user=0.01 sys=0.00, real=0.00 secs] 
2020-10-28T11:47:42.606+0000: [GC (Allocation Failure) 2020-10-28T11:47:42.606+0000: [ParNew: 34438K->6K(38720K), 0.0055090 secs] 1042825K->1008393K(1499932K), 0.0055671 secs] [Times: user=0.01 sys=0.00, real=0.00 secs] 
2020-10-28T11:47:42.651+0000: [GC (Allocation Failure) 2020-10-28T11:47:42.651+0000: [ParNew: 34438K->6K(38720K), 0.0054002 secs] 1042825K->1008393K(1499932K), 0.0054553 secs] [Times: user=0.01 sys=0.00, real=0.00 secs] 
2020-10-28T11:47:42.694+0000: [GC (Allocation Failure) 2020-10-28T11:47:42.694+0000: [ParNew: 34438K->6K(38720K), 0.0054990 secs] 1042825K->1008393K(1499932K), 0.0055580 secs] [Times: user=0.01 sys=0.00, real=0.01 secs] 
2020-10-28T11:47:42.734+0000: [GC (Allocation Failure) 2020-10-28T11:47:42.735+0000: [ParNew: 34438K->6K(38720K), 0.0054680 secs] 1042825K->1008393K(1499932K), 0.0055245 secs] [Times: user=0.01 sys=0.00, real=0.01 secs] 
2020-10-28T11:47:42.779+0000: [GC (Allocation Failure) 2020-10-28T11:47:42.779+0000: [ParNew: 34438K->6K(38720K), 0.0055847 secs] 1042825K->1008393K(1499932K), 0.0056556 secs] [Times: user=0.01 sys=0.00, real=0.00 secs] 
2020-10-28T11:47:42.819+0000: [GC (Allocation Failure) 2020-10-28T11:47:42.819+0000: [ParNew: 34438K->6K(38720K), 0.0055441 secs] 1042825K->1008393K(1499932K), 0.0056046 secs] [Times: user=0.02 sys=0.00, real=0.00 secs] 
2020-10-28T11:47:42.860+0000: [GC (Allocation Failure) 2020-10-28T11:47:42.860+0000: [ParNew: 34438K->6K(38720K), 0.0054952 secs] 1042825K->1008393K(1499932K), 0.0055525 secs] [Times: user=0.01 sys=0.00, real=0.01 secs] 
2020-10-28T11:47:42.901+0000: [GC (Allocation Failure) 2020-10-28T11:47:42.902+0000: [ParNew: 34438K->6K(38720K), 0.0054696 secs] 1042825K->1008393K(1499932K), 0.0055262 secs] [Times: user=0.01 sys=0.00, real=0.01 secs] 
2020-10-28T11:47:42.946+0000: [GC (Allocation Failure) 2020-10-28T11:47:42.946+0000: [ParNew: 34438K->6K(38720K), 0.0053856 secs] 1042825K->1008393K(1499932K), 0.0054430 secs] [Times: user=0.01 sys=0.00, real=0.01 secs] 
2020-10-28T11:47:42.986+0000: [GC (Allocation Failure) 2020-10-28T11:47:42.986+0000: [ParNew: 34438K->6K(38720K), 0.0054549 secs] 1042825K->1008393K(1499932K), 0.0055121 secs] [Times: user=0.01 sys=0.00, real=0.01 secs] 
2020-10-28T11:47:43.026+0000: [GC (Allocation Failure) 2020-10-28T11:47:43.026+0000: [ParNew: 34438K->6K(38720K), 0.0054830 secs] 1042825K->1008393K(1499932K), 0.0055430 secs] [Times: user=0.01 sys=0.00, real=0.00 secs] 
2020-10-28T11:47:43.072+0000: [GC (Allocation Failure) 2020-10-28T11:47:43.072+0000: [ParNew: 34438K->6K(38720K), 0.0054144 secs] 1042825K->1008393K(1499932K), 0.0054697 secs] [Times: user=0.02 sys=0.00, real=0.01 secs] 
2020-10-28T11:47:43.113+0000: [GC (Allocation Failure) 2020-10-28T11:47:43.113+0000: [ParNew: 34438K->6K(38720K), 0.0055004 secs] 1042825K->1008393K(1499932K), 0.0055566 secs] [Times: user=0.02 sys=0.00, real=0.01 secs] 
2020-10-28T11:47:43.153+0000: [GC (Allocation Failure) 2020-10-28T11:47:43.153+0000: [ParNew: 34438K->6K(38720K), 0.0055019 secs] 1042825K->1008393K(1499932K), 0.0055780 secs] [Times: user=0.02 sys=0.00, real=0.01 secs] 
2020-10-28T11:47:43.197+0000: [GC (Allocation Failure) 2020-10-28T11:47:43.197+0000: [ParNew: 34438K->6K(38720K), 0.0062884 secs] 1042825K->1008393K(1499932K), 0.0063454 secs] [Times: user=0.01 sys=0.00, real=0.01 secs] 
2020-10-28T11:47:43.246+0000: [GC (Allocation Failure) 2020-10-28T11:47:43.246+0000: [ParNew: 34438K->6K(38720K), 0.0053635 secs] 1042825K->1008393K(1499932K), 0.0054189 secs] [Times: user=0.01 sys=0.00, real=0.00 secs] 
2020-10-28T11:47:43.286+0000: [GC (Allocation Failure) 2020-10-28T11:47:43.286+0000: [ParNew: 34438K->6K(38720K), 0.0054388 secs] 1042825K->1008393K(1499932K), 0.0054948 secs] [Times: user=0.01 sys=0.00, real=0.00 secs] 
2020-10-28T11:47:43.330+0000: [GC (Allocation Failure) 2020-10-28T11:47:43.330+0000: [ParNew: 34438K->6K(38720K), 0.0054948 secs] 1042825K->1008393K(1499932K), 0.0055542 secs] [Times: user=0.01 sys=0.00, real=0.00 secs] 
2020-10-28T11:47:43.370+0000: [GC (Allocation Failure) 2020-10-28T11:47:43.370+0000: [ParNew: 34438K->6K(38720K), 0.0053757 secs] 1042825K->1008393K(1499932K), 0.0054316 secs] [Times: user=0.01 sys=0.01, real=0.00 secs] 
2020-10-28T11:47:43.410+0000: [GC (Allocation Failure) 2020-10-28T11:47:43.410+0000: [ParNew: 34438K->6K(38720K), 0.0054451 secs] 1042825K->1008393K(1499932K), 0.0055044 secs] [Times: user=0.01 sys=0.00, real=0.00 secs] 
2020-10-28T11:47:43.456+0000: [GC (Allocation Failure) 2020-10-28T11:47:43.456+0000: [ParNew: 34438K->6K(38720K), 0.0055848 secs] 1042825K->1008393K(1499932K), 0.0056433 secs] [Times: user=0.02 sys=0.00, real=0.01 secs] 
2020-10-28T11:47:43.501+0000: [GC (Allocation Failure) 2020-10-28T11:47:43.501+0000: [ParNew: 34438K->6K(38720K), 0.0055318 secs] 1042825K->1008393K(1499932K), 0.0055897 secs] [Times: user=0.01 sys=0.00, real=0.01 secs] 
2020-10-28T11:47:43.546+0000: [GC (Allocation Failure) 2020-10-28T11:47:43.546+0000: [ParNew: 34438K->6K(38720K), 0.0055848 secs] 1042825K->1008393K(1499932K), 0.0056537 secs] [Times: user=0.01 sys=0.00, real=0.00 secs] 
2020-10-28T11:47:43.587+0000: [GC (Allocation Failure) 2020-10-28T11:47:43.587+0000: [ParNew: 34438K->6K(38720K), 0.0054831 secs] 1042825K->1008393K(1499932K), 0.0055437 secs] [Times: user=0.01 sys=0.00, real=0.00 secs] 
2020-10-28T11:47:43.627+0000: [GC (Allocation Failure) 2020-10-28T11:47:43.628+0000: [ParNew: 34438K->6K(38720K), 0.0054109 secs] 1042825K->1008393K(1499932K), 0.0054729 secs] [Times: user=0.01 sys=0.00, real=0.00 secs] 
2020-10-28T11:47:43.668+0000: [GC (Allocation Failure) 2020-10-28T11:47:43.668+0000: [ParNew: 34438K->6K(38720K), 0.0053202 secs] 1042825K->1008393K(1499932K), 0.0053742 secs] [Times: user=0.01 sys=0.00, real=0.00 secs] 
2020-10-28T11:47:43.714+0000: [GC (Allocation Failure) 2020-10-28T11:47:43.714+0000: [ParNew: 34438K->6K(38720K), 0.0054605 secs] 1042825K->1008393K(1499932K), 0.0055177 secs] [Times: user=0.01 sys=0.00, real=0.01 secs] 
2020-10-28T11:47:43.758+0000: [GC (Allocation Failure) 2020-10-28T11:47:43.758+0000: [ParNew: 34438K->6K(38720K), 0.0055811 secs] 1042825K->1008393K(1499932K), 0.0056429 secs] [Times: user=0.01 sys=0.00, real=0.00 secs] 
2020-10-28T11:47:43.804+0000: [GC (Allocation Failure) 2020-10-28T11:47:43.804+0000: [ParNew: 34438K->6K(38720K), 0.0054746 secs] 1042825K->1008393K(1499932K), 0.0055348 secs] [Times: user=0.01 sys=0.00, real=0.01 secs] 
2020-10-28T11:47:43.845+0000: [GC (Allocation Failure) 2020-10-28T11:47:43.845+0000: [ParNew: 34438K->6K(38720K), 0.0054395 secs] 1042825K->1008393K(1499932K), 0.0054977 secs] [Times: user=0.02 sys=0.00, real=0.01 secs] 
2020-10-28T11:47:43.886+0000: [GC (Allocation Failure) 2020-10-28T11:47:43.886+0000: [ParNew: 34438K->6K(38720K), 0.0053933 secs] 1042825K->1008393K(1499932K), 0.0054540 secs] [Times: user=0.01 sys=0.00, real=0.00 secs] 
2020-10-28T11:47:43.930+0000: [GC (Allocation Failure) 2020-10-28T11:47:43.930+0000: [ParNew: 34438K->6K(38720K), 0.0054081 secs] 1042825K->1008393K(1499932K), 0.0054655 secs] [Times: user=0.01 sys=0.00, real=0.00 secs] 
2020-10-28T11:47:43.974+0000: [GC (Allocation Failure) 2020-10-28T11:47:43.974+0000: [ParNew: 34438K->4K(38720K), 0.0053467 secs] 1042825K->1008391K(1499932K), 0.0054010 secs] [Times: user=0.01 sys=0.00, real=0.01 secs] 
2020-10-28T11:47:44.021+0000: [GC (Allocation Failure) 2020-10-28T11:47:44.021+0000: [ParNew: 34436K->6K(38720K), 0.0057198 secs] 1042823K->1008393K(1499932K), 0.0057843 secs] [Times: user=0.01 sys=0.00, real=0.01 secs] 
2020-10-28T11:47:44.064+0000: [GC (Allocation Failure) 2020-10-28T11:47:44.064+0000: [ParNew: 34438K->6K(38720K), 0.0055873 secs] 1042825K->1008393K(1499932K), 0.0056485 secs] [Times: user=0.01 sys=0.00, real=0.01 secs] 
2020-10-28T11:47:44.104+0000: [GC (Allocation Failure) 2020-10-28T11:47:44.104+0000: [ParNew: 34438K->6K(38720K), 0.0053688 secs] 1042825K->1008393K(1499932K), 0.0054266 secs] [Times: user=0.01 sys=0.00, real=0.01 secs] 
2020-10-28T11:47:44.150+0000: [GC (Allocation Failure) 2020-10-28T11:47:44.150+0000: [ParNew: 34438K->4K(38720K), 0.0054707 secs] 1042825K->1008391K(1499932K), 0.0055311 secs] [Times: user=0.01 sys=0.00, real=0.00 secs] 
2020-10-28T11:47:44.198+0000: [GC (Allocation Failure) 2020-10-28T11:47:44.198+0000: [ParNew: 34436K->6K(38720K), 0.0054042 secs] 1042823K->1008393K(1499932K), 0.0054614 secs] [Times: user=0.01 sys=0.00, real=0.00 secs] 
2020-10-28T11:47:44.246+0000: [GC (Allocation Failure) 2020-10-28T11:47:44.246+0000: [ParNew: 34438K->6K(38720K), 0.0053680 secs] 1042825K->1008393K(1499932K), 0.0054255 secs] [Times: user=0.01 sys=0.00, real=0.00 secs] 
2020-10-28T11:47:44.290+0000: [GC (Allocation Failure) 2020-10-28T11:47:44.290+0000: [ParNew: 34438K->6K(38720K), 0.0053492 secs] 1042825K->1008393K(1499932K), 0.0054057 secs] [Times: user=0.01 sys=0.00, real=0.00 secs] 
2020-10-28T11:47:44.330+0000: [GC (Allocation Failure) 2020-10-28T11:47:44.330+0000: [ParNew: 34438K->6K(38720K), 0.0053198 secs] 1042825K->1008393K(1499932K), 0.0053746 secs] [Times: user=0.01 sys=0.00, real=0.00 secs] 
2020-10-28T11:47:44.370+0000: [GC (Allocation Failure) 2020-10-28T11:47:44.370+0000: [ParNew: 34438K->6K(38720K), 0.0054076 secs] 1042825K->1008393K(1499932K), 0.0054920 secs] [Times: user=0.01 sys=0.00, real=0.00 secs] 
2020-10-28T11:47:44.415+0000: [GC (Allocation Failure) 2020-10-28T11:47:44.415+0000: [ParNew: 34438K->6K(38720K), 0.0053488 secs] 1042825K->1008393K(1499932K), 0.0054025 secs] [Times: user=0.01 sys=0.00, real=0.01 secs] 
2020-10-28T11:47:44.456+0000: [GC (Allocation Failure) 2020-10-28T11:47:44.456+0000: [ParNew: 34438K->6K(38720K), 0.0053974 secs] 1042825K->1008393K(1499932K), 0.0054503 secs] [Times: user=0.01 sys=0.00, real=0.01 secs] 
2020-10-28T11:47:44.502+0000: [GC (Allocation Failure) 2020-10-28T11:47:44.502+0000: [ParNew: 34438K->6K(38720K), 0.0053282 secs] 1042825K->1008393K(1499932K), 0.0053838 secs] [Times: user=0.01 sys=0.00, real=0.01 secs] 
2020-10-28T11:47:44.542+0000: [GC (Allocation Failure) 2020-10-28T11:47:44.542+0000: [ParNew: 34438K->6K(38720K), 0.0053590 secs] 1042825K->1008393K(1499932K), 0.0054153 secs] [Times: user=0.01 sys=0.00, real=0.01 secs] 
2020-10-28T11:47:44.586+0000: [GC (Allocation Failure) 2020-10-28T11:47:44.586+0000: [ParNew: 34438K->6K(38720K), 0.0053696 secs] 1042825K->1008393K(1499932K), 0.0054259 secs] [Times: user=0.01 sys=0.00, real=0.00 secs] 
2020-10-28T11:47:44.626+0000: [GC (Allocation Failure) 2020-10-28T11:47:44.626+0000: [ParNew: 34438K->6K(38720K), 0.0054319 secs] 1042825K->1008393K(1499932K), 0.0054869 secs] [Times: user=0.01 sys=0.00, real=0.00 secs] 
2020-10-28T11:47:44.670+0000: [GC (Allocation Failure) 2020-10-28T11:47:44.670+0000: [ParNew: 34438K->4K(38720K), 0.0054064 secs] 1042825K->1008391K(1499932K), 0.0054639 secs] [Times: user=0.01 sys=0.00, real=0.00 secs] 
2020-10-28T11:47:44.715+0000: [GC (Allocation Failure) 2020-10-28T11:47:44.715+0000: [ParNew: 34436K->6K(38720K), 0.0053994 secs] 1042823K->1008393K(1499932K), 0.0054557 secs] [Times: user=0.01 sys=0.00, real=0.01 secs] 
2020-10-28T11:47:44.759+0000: [GC (Allocation Failure) 2020-10-28T11:47:44.759+0000: [ParNew: 34438K->6K(38720K), 0.0054587 secs] 1042825K->1008393K(1499932K), 0.0055189 secs] [Times: user=0.01 sys=0.00, real=0.00 secs] 
2020-10-28T11:47:44.800+0000: [GC (Allocation Failure) 2020-10-28T11:47:44.800+0000: [ParNew: 34438K->6K(38720K), 0.0054842 secs] 1042825K->1008393K(1499932K), 0.0055405 secs] [Times: user=0.01 sys=0.00, real=0.00 secs] 
2020-10-28T11:47:44.850+0000: [GC (Allocation Failure) 2020-10-28T11:47:44.850+0000: [ParNew: 34438K->6K(38720K), 0.0057754 secs] 1042825K->1008393K(1499932K), 0.0058357 secs] [Times: user=0.01 sys=0.00, real=0.00 secs] 
2020-10-28T11:47:44.890+0000: [GC (Allocation Failure) 2020-10-28T11:47:44.890+0000: [ParNew: 34438K->6K(38720K), 0.0055768 secs] 1042825K->1008393K(1499932K), 0.0056487 secs] [Times: user=0.01 sys=0.00, real=0.00 secs] 
2020-10-28T11:47:44.934+0000: [GC (Allocation Failure) 2020-10-28T11:47:44.934+0000: [ParNew: 34438K->6K(38720K), 0.0054848 secs] 1042825K->1008393K(1499932K), 0.0055448 secs] [Times: user=0.01 sys=0.00, real=0.01 secs] 
2020-10-28T11:47:44.974+0000: [GC (Allocation Failure) 2020-10-28T11:47:44.974+0000: [ParNew: 34438K->6K(38720K), 0.0054254 secs] 1042825K->1008393K(1499932K), 0.0054817 secs] [Times: user=0.01 sys=0.00, real=0.01 secs] 
2020-10-28T11:47:45.021+0000: [GC (Allocation Failure) 2020-10-28T11:47:45.021+0000: [ParNew: 34438K->6K(38720K), 0.0056534 secs] 1042825K->1008393K(1499932K), 0.0057203 secs] [Times: user=0.01 sys=0.00, real=0.01 secs] 
2020-10-28T11:47:45.066+0000: [GC (Allocation Failure) 2020-10-28T11:47:45.066+0000: [ParNew: 34438K->6K(38720K), 0.0057879 secs] 1042825K->1008393K(1499932K), 0.0058523 secs] [Times: user=0.01 sys=0.00, real=0.00 secs] 
2020-10-28T11:47:45.106+0000: [GC (Allocation Failure) 2020-10-28T11:47:45.106+0000: [ParNew: 34438K->6K(38720K), 0.0055850 secs] 1042825K->1008393K(1499932K), 0.0056537 secs] [Times: user=0.01 sys=0.00, real=0.00 secs] 
2020-10-28T11:47:45.151+0000: [GC (Allocation Failure) 2020-10-28T11:47:45.151+0000: [ParNew: 34438K->6K(38720K), 0.0055340 secs] 1042825K->1008393K(1499932K), 0.0055955 secs] [Times: user=0.01 sys=0.00, real=0.00 secs] 
2020-10-28T11:47:45.191+0000: [GC (Allocation Failure) 2020-10-28T11:47:45.191+0000: [ParNew: 34438K->6K(38720K), 0.0055152 secs] 1042825K->1008393K(1499932K), 0.0055772 secs] [Times: user=0.01 sys=0.00, real=0.00 secs] 
2020-10-28T11:47:45.238+0000: [GC (Allocation Failure) 2020-10-28T11:47:45.238+0000: [ParNew: 34438K->6K(38720K), 0.0055651 secs] 1042825K->1008393K(1499932K), 0.0056269 secs] [Times: user=0.01 sys=0.00, real=0.00 secs] 
2020-10-28T11:47:45.282+0000: [GC (Allocation Failure) 2020-10-28T11:47:45.282+0000: [ParNew: 34438K->6K(38720K), 0.0055373 secs] 1042825K->1008393K(1499932K), 0.0055966 secs] [Times: user=0.02 sys=0.00, real=0.01 secs] 
2020-10-28T11:47:45.339+0000: [GC (Allocation Failure) 2020-10-28T11:47:45.339+0000: [ParNew: 34438K->6K(38720K), 0.0055125 secs] 1042825K->1008393K(1499932K), 0.0055925 secs] [Times: user=0.02 sys=0.00, real=0.00 secs] 
2020-10-28T11:47:45.381+0000: [GC (Allocation Failure) 2020-10-28T11:47:45.381+0000: [ParNew: 34438K->6K(38720K), 0.0056230 secs] 1042825K->1008393K(1499932K), 0.0056859 secs] [Times: user=0.02 sys=0.00, real=0.01 secs] 
2020-10-28T11:47:45.422+0000: [GC (Allocation Failure) 2020-10-28T11:47:45.422+0000: [ParNew: 34438K->6K(38720K), 0.0071258 secs] 1042825K->1008393K(1499932K), 0.0071817 secs] [Times: user=0.01 sys=0.00, real=0.01 secs] 
2020-10-28T11:47:45.464+0000: [GC (Allocation Failure) 2020-10-28T11:47:45.464+0000: [ParNew: 34438K->6K(38720K), 0.0052718 secs] 1042825K->1008393K(1499932K), 0.0053500 secs] [Times: user=0.01 sys=0.00, real=0.01 secs] 
2020-10-28T11:47:45.504+0000: [GC (Allocation Failure) 2020-10-28T11:47:45.504+0000: [ParNew: 34438K->6K(38720K), 0.0053978 secs] 1042825K->1008393K(1499932K), 0.0054534 secs] [Times: user=0.01 sys=0.00, real=0.01 secs] 
2020-10-28T11:47:45.548+0000: [GC (Allocation Failure) 2020-10-28T11:47:45.548+0000: [ParNew: 34438K->6K(38720K), 0.0054682 secs] 1042825K->1008393K(1499932K), 0.0055432 secs] [Times: user=0.02 sys=0.00, real=0.00 secs] 
2020-10-28T11:47:45.588+0000: [GC (Allocation Failure) 2020-10-28T11:47:45.588+0000: [ParNew: 34438K->4K(38720K), 0.0054705 secs] 1042825K->1008391K(1499932K), 0.0055284 secs] [Times: user=0.01 sys=0.00, real=0.00 secs] 
2020-10-28T11:47:45.629+0000: [GC (Allocation Failure) 2020-10-28T11:47:45.630+0000: [ParNew: 34436K->6K(38720K), 0.0053447 secs] 1042823K->1008393K(1499932K), 0.0053990 secs] [Times: user=0.01 sys=0.00, real=0.00 secs] 
2020-10-28T11:47:45.674+0000: [GC (Allocation Failure) 2020-10-28T11:47:45.674+0000: [ParNew: 34438K->6K(38720K), 0.0053006 secs] 1042825K->1008393K(1499932K), 0.0053563 secs] [Times: user=0.01 sys=0.00, real=0.01 secs] 
2020-10-28T11:47:45.714+0000: [GC (Allocation Failure) 2020-10-28T11:47:45.714+0000: [ParNew: 34438K->6K(38720K), 0.0053947 secs] 1042825K->1008393K(1499932K), 0.0054515 secs] [Times: user=0.01 sys=0.00, real=0.01 secs] 
2020-10-28T11:47:45.754+0000: [GC (Allocation Failure) 2020-10-28T11:47:45.754+0000: [ParNew: 34438K->6K(38720K), 0.0054275 secs] 1042825K->1008393K(1499932K), 0.0054834 secs] [Times: user=0.01 sys=0.00, real=0.01 secs] 
2020-10-28T11:47:45.794+0000: [GC (Allocation Failure) 2020-10-28T11:47:45.794+0000: [ParNew: 34438K->6K(38720K), 0.0054354 secs] 1042825K->1008393K(1499932K), 0.0054934 secs] [Times: user=0.01 sys=0.00, real=0.01 secs] 
2020-10-28T11:47:45.840+0000: [GC (Allocation Failure) 2020-10-28T11:47:45.840+0000: [ParNew: 34438K->6K(38720K), 0.0056113 secs] 1042825K->1008393K(1499932K), 0.0056692 secs] [Times: user=0.01 sys=0.00, real=0.00 secs] 
2020-10-28T11:47:45.886+0000: [GC (Allocation Failure) 2020-10-28T11:47:45.886+0000: [ParNew: 34438K->4K(38720K), 0.0054056 secs] 1042825K->1008391K(1499932K), 0.0054620 secs] [Times: user=0.01 sys=0.00, real=0.01 secs] 
2020-10-28T11:47:45.930+0000: [GC (Allocation Failure) 2020-10-28T11:47:45.930+0000: [ParNew: 34436K->6K(38720K), 0.0054705 secs] 1042823K->1008393K(1499932K), 0.0055292 secs] [Times: user=0.02 sys=0.00, real=0.00 secs] 
2020-10-28T11:47:45.973+0000: [GC (Allocation Failure) 2020-10-28T11:47:45.973+0000: [ParNew: 34438K->6K(38720K), 0.0054802 secs] 1042825K->1008393K(1499932K), 0.0055402 secs] [Times: user=0.01 sys=0.00, real=0.01 secs] 
2020-10-28T11:47:46.018+0000: [GC (Allocation Failure) 2020-10-28T11:47:46.018+0000: [ParNew: 34438K->6K(38720K), 0.0056133 secs] 1042825K->1008393K(1499932K), 0.0056771 secs] [Times: user=0.01 sys=0.00, real=0.00 secs] 
2020-10-28T11:47:46.062+0000: [GC (Allocation Failure) 2020-10-28T11:47:46.062+0000: [ParNew: 34438K->6K(38720K), 0.0055992 secs] 1042825K->1008393K(1499932K), 0.0056604 secs] [Times: user=0.01 sys=0.00, real=0.01 secs] 
2020-10-28T11:47:46.110+0000: [GC (Allocation Failure) 2020-10-28T11:47:46.110+0000: [ParNew: 34438K->6K(38720K), 0.0056297 secs] 1042825K->1008393K(1499932K), 0.0056930 secs] [Times: user=0.01 sys=0.00, real=0.00 secs] 
2020-10-28T11:47:46.158+0000: [GC (Allocation Failure) 2020-10-28T11:47:46.158+0000: [ParNew: 34438K->6K(38720K), 0.0056004 secs] 1042825K->1008393K(1499932K), 0.0056643 secs] [Times: user=0.01 sys=0.00, real=0.00 secs] 
2020-10-28T11:47:46.199+0000: [GC (Allocation Failure) 2020-10-28T11:47:46.199+0000: [ParNew: 34438K->6K(38720K), 0.0056183 secs] 1042825K->1008393K(1499932K), 0.0056790 secs] [Times: user=0.01 sys=0.00, real=0.00 secs] 
2020-10-28T11:47:46.240+0000: [GC (Allocation Failure) 2020-10-28T11:47:46.240+0000: [ParNew: 34438K->6K(38720K), 0.0056528 secs] 1042825K->1008393K(1499932K), 0.0057144 secs] [Times: user=0.01 sys=0.00, real=0.00 secs] 
2020-10-28T11:47:46.284+0000: [GC (Allocation Failure) 2020-10-28T11:47:46.284+0000: [ParNew: 34438K->6K(38720K), 0.0055996 secs] 1042825K->1008393K(1499932K), 0.0056824 secs] [Times: user=0.02 sys=0.00, real=0.01 secs] 
2020-10-28T11:47:46.329+0000: [GC (Allocation Failure) 2020-10-28T11:47:46.329+0000: [ParNew: 34438K->6K(38720K), 0.0054608 secs] 1042825K->1008393K(1499932K), 0.0055185 secs] [Times: user=0.01 sys=0.00, real=0.00 secs] 
2020-10-28T11:47:46.369+0000: [GC (Allocation Failure) 2020-10-28T11:47:46.369+0000: [ParNew: 34438K->6K(38720K), 0.0054446 secs] 1042825K->1008393K(1499932K), 0.0055011 secs] [Times: user=0.01 sys=0.00, real=0.00 secs] 
2020-10-28T11:47:46.414+0000: [GC (Allocation Failure) 2020-10-28T11:47:46.414+0000: [ParNew: 34438K->6K(38720K), 0.0054058 secs] 1042825K->1008393K(1499932K), 0.0054610 secs] [Times: user=0.01 sys=0.00, real=0.01 secs] 
2020-10-28T11:47:46.462+0000: [GC (Allocation Failure) 2020-10-28T11:47:46.462+0000: [ParNew: 34438K->6K(38720K), 0.0054276 secs] 1042825K->1008393K(1499932K), 0.0054863 secs] [Times: user=0.01 sys=0.00, real=0.01 secs] 
2020-10-28T11:47:46.506+0000: [GC (Allocation Failure) 2020-10-28T11:47:46.506+0000: [ParNew: 34438K->6K(38720K), 0.0053863 secs] 1042825K->1008393K(1499932K), 0.0054435 secs] [Times: user=0.00 sys=0.00, real=0.00 secs] 
2020-10-28T11:47:46.550+0000: [GC (Allocation Failure) 2020-10-28T11:47:46.550+0000: [ParNew: 34438K->6K(38720K), 0.0055819 secs] 1042825K->1008393K(1499932K), 0.0056458 secs] [Times: user=0.01 sys=0.00, real=0.00 secs] 
2020-10-28T11:47:46.590+0000: [GC (Allocation Failure) 2020-10-28T11:47:46.590+0000: [ParNew: 34438K->6K(38720K), 0.0054531 secs] 1042825K->1008393K(1499932K), 0.0055098 secs] [Times: user=0.01 sys=0.00, real=0.00 secs] 
2020-10-28T11:47:46.635+0000: [GC (Allocation Failure) 2020-10-28T11:47:46.635+0000: [ParNew: 34438K->6K(38720K), 0.0054091 secs] 1042825K->1008393K(1499932K), 0.0054676 secs] [Times: user=0.01 sys=0.00, real=0.01 secs] 
2020-10-28T11:47:46.678+0000: [GC (Allocation Failure) 2020-10-28T11:47:46.678+0000: [ParNew: 34438K->6K(38720K), 0.0053711 secs] 1042825K->1008393K(1499932K), 0.0054281 secs] [Times: user=0.01 sys=0.00, real=0.00 secs] 
2020-10-28T11:47:46.722+0000: [GC (Allocation Failure) 2020-10-28T11:47:46.722+0000: [ParNew: 34438K->6K(38720K), 0.0054208 secs] 1042825K->1008393K(1499932K), 0.0054769 secs] [Times: user=0.02 sys=0.00, real=0.01 secs] 
2020-10-28T11:47:46.766+0000: [GC (Allocation Failure) 2020-10-28T11:47:46.766+0000: [ParNew: 34438K->6K(38720K), 0.0054364 secs] 1042825K->1008393K(1499932K), 0.0054953 secs] [Times: user=0.01 sys=0.00, real=0.00 secs] 
2020-10-28T11:47:46.810+0000: [GC (Allocation Failure) 2020-10-28T11:47:46.810+0000: [ParNew: 34438K->6K(38720K), 0.0055969 secs] 1042825K->1008393K(1499932K), 0.0056572 secs] [Times: user=0.01 sys=0.00, real=0.00 secs] 
2020-10-28T11:47:46.853+0000: [GC (Allocation Failure) 2020-10-28T11:47:46.853+0000: [ParNew: 34438K->6K(38720K), 0.0056458 secs] 1042825K->1008393K(1499932K), 0.0057036 secs] [Times: user=0.01 sys=0.00, real=0.01 secs] 
2020-10-28T11:47:46.900+0000: [GC (Allocation Failure) 2020-10-28T11:47:46.900+0000: [ParNew: 34438K->6K(38720K), 0.0053544 secs] 1042825K->1008393K(1499932K), 0.0054116 secs] [Times: user=0.01 sys=0.00, real=0.00 secs] 
2020-10-28T11:47:46.940+0000: [GC (Allocation Failure) 2020-10-28T11:47:46.940+0000: [ParNew: 34438K->6K(38720K), 0.0054006 secs] 1042825K->1008393K(1499932K), 0.0054585 secs] [Times: user=0.01 sys=0.00, real=0.00 secs] 
2020-10-28T11:47:46.985+0000: [GC (Allocation Failure) 2020-10-28T11:47:46.985+0000: [ParNew: 34438K->6K(38720K), 0.0054828 secs] 1042825K->1008393K(1499932K), 0.0055407 secs] [Times: user=0.01 sys=0.00, real=0.01 secs] 
2020-10-28T11:47:47.026+0000: [GC (Allocation Failure) 2020-10-28T11:47:47.026+0000: [ParNew: 34438K->6K(38720K), 0.0055526 secs] 1042825K->1008394K(1499932K), 0.0056126 secs] [Times: user=0.02 sys=0.00, real=0.01 secs] 
2020-10-28T11:47:47.070+0000: [GC (Allocation Failure) 2020-10-28T11:47:47.070+0000: [ParNew: 34438K->6K(38720K), 0.0064227 secs] 1042826K->1008394K(1499932K), 0.0064819 secs] [Times: user=0.01 sys=0.00, real=0.00 secs] 
2020-10-28T11:47:47.111+0000: [GC (Allocation Failure) 2020-10-28T11:47:47.112+0000: [ParNew: 34438K->6K(38720K), 0.0054885 secs] 1042826K->1008394K(1499932K), 0.0055498 secs] [Times: user=0.01 sys=0.00, real=0.00 secs] 
2020-10-28T11:47:47.152+0000: [GC (Allocation Failure) 2020-10-28T11:47:47.152+0000: [ParNew: 34438K->6K(38720K), 0.0055503 secs] 1042826K->1008394K(1499932K), 0.0056111 secs] [Times: user=0.01 sys=0.00, real=0.01 secs] 
2020-10-28T11:47:47.197+0000: [GC (Allocation Failure) 2020-10-28T11:47:47.197+0000: [ParNew: 34438K->6K(38720K), 0.0055836 secs] 1042826K->1008394K(1499932K), 0.0056433 secs] [Times: user=0.01 sys=0.00, real=0.01 secs] 
2020-10-28T11:47:47.239+0000: [GC (Allocation Failure) 2020-10-28T11:47:47.239+0000: [ParNew: 34438K->6K(38720K), 0.0055664 secs] 1042826K->1008394K(1499932K), 0.0056287 secs] [Times: user=0.01 sys=0.00, real=0.00 secs] 
2020-10-28T11:47:47.283+0000: [GC (Allocation Failure) 2020-10-28T11:47:47.283+0000: [ParNew: 34438K->4K(38720K), 0.0055483 secs] 1042826K->1008392K(1499932K), 0.0056087 secs] [Times: user=0.01 sys=0.00, real=0.01 secs] 
2020-10-28T11:47:47.327+0000: [GC (Allocation Failure) 2020-10-28T11:47:47.327+0000: [ParNew: 34436K->6K(38720K), 0.0053874 secs] 1042824K->1008394K(1499932K), 0.0054461 secs] [Times: user=0.01 sys=0.00, real=0.00 secs] 
2020-10-28T11:47:47.367+0000: [GC (Allocation Failure) 2020-10-28T11:47:47.367+0000: [ParNew: 34438K->6K(38720K), 0.0053796 secs] 1042826K->1008394K(1499932K), 0.0054365 secs] [Times: user=0.01 sys=0.00, real=0.00 secs] 
2020-10-28T11:47:47.411+0000: [GC (Allocation Failure) 2020-10-28T11:47:47.411+0000: [ParNew: 34438K->6K(38720K), 0.0065016 secs] 1042826K->1008394K(1499932K), 0.0065585 secs] [Times: user=0.01 sys=0.00, real=0.00 secs] 
2020-10-28T11:47:47.454+0000: [GC (Allocation Failure) 2020-10-28T11:47:47.454+0000: [ParNew: 34438K->6K(38720K), 0.0053784 secs] 1042826K->1008394K(1499932K), 0.0054355 secs] [Times: user=0.01 sys=0.00, real=0.01 secs] 
2020-10-28T11:47:47.498+0000: [GC (Allocation Failure) 2020-10-28T11:47:47.498+0000: [ParNew: 34438K->6K(38720K), 0.0054164 secs] 1042826K->1008394K(1499932K), 0.0054713 secs] [Times: user=0.01 sys=0.00, real=0.00 secs] 
2020-10-28T11:47:47.542+0000: [GC (Allocation Failure) 2020-10-28T11:47:47.542+0000: [ParNew: 34438K->6K(38720K), 0.0054505 secs] 1042826K->1008394K(1499932K), 0.0055064 secs] [Times: user=0.01 sys=0.00, real=0.01 secs] 
2020-10-28T11:47:47.586+0000: [GC (Allocation Failure) 2020-10-28T11:47:47.586+0000: [ParNew: 34438K->6K(38720K), 0.0055304 secs] 1042826K->1008394K(1499932K), 0.0055877 secs] [Times: user=0.01 sys=0.00, real=0.00 secs] 
2020-10-28T11:47:47.637+0000: [GC (Allocation Failure) 2020-10-28T11:47:47.637+0000: [ParNew: 34438K->6K(38720K), 0.0052980 secs] 1042826K->1008394K(1499932K), 0.0053532 secs] [Times: user=0.01 sys=0.00, real=0.01 secs] 
2020-10-28T11:47:47.709+0000: [GC (Allocation Failure) 2020-10-28T11:47:47.709+0000: [ParNew: 34438K->6K(38720K), 0.0055932 secs] 1042826K->1008394K(1499932K), 0.0056548 secs] [Times: user=0.01 sys=0.00, real=0.00 secs] 
2020-10-28T11:47:47.761+0000: [GC (Allocation Failure) 2020-10-28T11:47:47.761+0000: [ParNew: 34438K->6K(38720K), 0.0056179 secs] 1042826K->1008394K(1499932K), 0.0056769 secs] [Times: user=0.01 sys=0.00, real=0.01 secs] 
2020-10-28T11:47:47.811+0000: [GC (Allocation Failure) 2020-10-28T11:47:47.811+0000: [ParNew: 34438K->6K(38720K), 0.0055683 secs] 1042826K->1008394K(1499932K), 0.0056262 secs] [Times: user=0.01 sys=0.00, real=0.00 secs] 
2020-10-28T11:47:47.871+0000: [GC (Allocation Failure) 2020-10-28T11:47:47.871+0000: [ParNew: 34438K->6K(38720K), 0.0069883 secs] 1042826K->1008395K(1499932K), 0.0070596 secs] [Times: user=0.01 sys=0.00, real=0.01 secs] 
2020-10-28T11:47:47.930+0000: [GC (Allocation Failure) 2020-10-28T11:47:47.930+0000: [ParNew: 34438K->4K(38720K), 0.0055525 secs] 1042827K->1008394K(1499932K), 0.0056320 secs] [Times: user=0.01 sys=0.00, real=0.00 secs] 
2020-10-28T11:47:47.981+0000: [GC (Allocation Failure) 2020-10-28T11:47:47.981+0000: [ParNew: 34436K->4K(38720K), 0.0055782 secs] 1042826K->1008393K(1499932K), 0.0056378 secs] [Times: user=0.01 sys=0.00, real=0.01 secs] 
2020-10-28T11:47:48.036+0000: [GC (Allocation Failure) 2020-10-28T11:47:48.036+0000: [ParNew: 34436K->4K(38720K), 0.0056815 secs] 1042825K->1008393K(1499932K), 0.0057436 secs] [Times: user=0.01 sys=0.00, real=0.01 secs] 
2020-10-28T11:47:48.086+0000: [GC (Allocation Failure) 2020-10-28T11:47:48.086+0000: [ParNew: 34436K->6K(38720K), 0.0055946 secs] 1042825K->1008395K(1499932K), 0.0056560 secs] [Times: user=0.01 sys=0.00, real=0.00 secs] 
2020-10-28T11:47:48.142+0000: [GC (Allocation Failure) 2020-10-28T11:47:48.142+0000: [ParNew: 34438K->6K(38720K), 0.0056545 secs] 1042827K->1008395K(1499932K), 0.0057414 secs] [Times: user=0.01 sys=0.00, real=0.01 secs] 
2020-10-28T11:47:48.197+0000: [GC (Allocation Failure) 2020-10-28T11:47:48.197+0000: [ParNew: 34438K->6K(38720K), 0.0057093 secs] 1042827K->1008395K(1499932K), 0.0057735 secs] [Times: user=0.01 sys=0.00, real=0.01 secs] 
2020-10-28T11:47:48.254+0000: [GC (Allocation Failure) 2020-10-28T11:47:48.254+0000: [ParNew: 34438K->4K(38720K), 0.0054824 secs] 1042827K->1008393K(1499932K), 0.0055435 secs] [Times: user=0.01 sys=0.00, real=0.01 secs] 
2020-10-28T11:47:48.309+0000: [GC (Allocation Failure) 2020-10-28T11:47:48.309+0000: [ParNew: 34436K->4K(38720K), 0.0055374 secs] 1042825K->1008393K(1499932K), 0.0056040 secs] [Times: user=0.01 sys=0.00, real=0.00 secs] 
2020-10-28T11:47:48.388+0000: [GC (Allocation Failure) 2020-10-28T11:47:48.388+0000: [ParNew: 34436K->8K(38720K), 0.0056601 secs] 1042825K->1008397K(1499932K), 0.0057226 secs] [Times: user=0.01 sys=0.00, real=0.00 secs] 
2020-10-28T11:47:48.466+0000: [GC (Allocation Failure) 2020-10-28T11:47:48.466+0000: [ParNew: 34440K->8K(38720K), 0.0055226 secs] 1042829K->1008397K(1499932K), 0.0055801 secs] [Times: user=0.01 sys=0.00, real=0.00 secs] 
2020-10-28T11:47:48.546+0000: [GC (Allocation Failure) 2020-10-28T11:47:48.546+0000: [ParNew: 34440K->8K(38720K), 0.0055216 secs] 1042829K->1008397K(1499932K), 0.0055833 secs] [Times: user=0.01 sys=0.00, real=0.00 secs] 
2020-10-28T11:47:48.709+0000: [GC (Allocation Failure) 2020-10-28T11:47:48.709+0000: [ParNew: 34440K->8K(38720K), 0.0056238 secs] 1042829K->1008397K(1499932K), 0.0056809 secs] [Times: user=0.01 sys=0.00, real=0.00 secs] 
2020-10-28T11:47:48.858+0000: [GC (Allocation Failure) 2020-10-28T11:47:48.858+0000: [ParNew: 34440K->8K(38720K), 0.0057339 secs] 1042829K->1008398K(1499932K), 0.0057981 secs] [Times: user=0.01 sys=0.00, real=0.00 secs] 
2020-10-28T11:47:49.002+0000: [GC (Allocation Failure) 2020-10-28T11:47:49.002+0000: [ParNew: 34440K->7K(38720K), 0.0056797 secs] 1042830K->1008396K(1499932K), 0.0057424 secs] [Times: user=0.01 sys=0.01, real=0.01 secs] 
2020-10-28T11:47:49.154+0000: [GC (Allocation Failure) 2020-10-28T11:47:49.154+0000: [ParNew: 34439K->4K(38720K), 0.0056544 secs] 1042828K->1008397K(1499932K), 0.0057180 secs] [Times: user=0.01 sys=0.00, real=0.01 secs] 
2020-10-28T11:47:49.330+0000: [GC (Allocation Failure) 2020-10-28T11:47:49.330+0000: [ParNew: 34436K->4K(38720K), 0.0055757 secs] 1042829K->1008396K(1499932K), 0.0056374 secs] [Times: user=0.01 sys=0.00, real=0.00 secs] 
2020-10-28T11:47:49.489+0000: [GC (Allocation Failure) 2020-10-28T11:47:49.489+0000: [ParNew: 34436K->4K(38720K), 0.0056243 secs] 1042828K->1008396K(1499932K), 0.0056884 secs] [Times: user=0.01 sys=0.00, real=0.00 secs] 
2020-10-28T11:47:49.626+0000: [GC (Allocation Failure) 2020-10-28T11:47:49.626+0000: [ParNew: 34436K->4K(38720K), 0.0056252 secs] 1042828K->1008397K(1499932K), 0.0056880 secs] [Times: user=0.00 sys=0.01, real=0.01 secs] 
2020-10-28T11:47:50.124+0000: [GC (Allocation Failure) 2020-10-28T11:47:50.124+0000: [ParNew: 34436K->145K(38720K), 0.0057682 secs] 1042829K->1008538K(1499932K), 0.0058345 secs] [Times: user=0.01 sys=0.00, real=0.01 secs] 
2020-10-28T11:47:50.398+0000: [GC (Allocation Failure) 2020-10-28T11:47:50.398+0000: [ParNew: 34577K->19K(38720K), 0.0060422 secs] 1042970K->1008412K(1499932K), 0.0061212 secs] [Times: user=0.01 sys=0.00, real=0.00 secs] 
2020-10-28T11:47:50.548+0000: [GC (Allocation Failure) 2020-10-28T11:47:50.548+0000: [ParNew: 34451K->21K(38720K), 0.0056800 secs] 1042844K->1008414K(1499932K), 0.0057451 secs] [Times: user=0.01 sys=0.00, real=0.00 secs] 
2020-10-28T11:47:50.658+0000: [GC (Allocation Failure) 2020-10-28T11:47:50.658+0000: [ParNew: 34453K->22K(38720K), 0.0056935 secs] 1042846K->1008415K(1499932K), 0.0057588 secs] [Times: user=0.01 sys=0.00, real=0.00 secs] 
2020-10-28T11:47:50.745+0000: [GC (Allocation Failure) 2020-10-28T11:47:50.745+0000: [ParNew: 34454K->22K(38720K), 0.0056959 secs] 1042847K->1008416K(1499932K), 0.0057617 secs] [Times: user=0.02 sys=0.00, real=0.01 secs] 
2020-10-28T11:47:50.814+0000: [GC (Allocation Failure) 2020-10-28T11:47:50.814+0000: [ParNew: 34454K->23K(38720K), 0.0072631 secs] 1042848K->1008416K(1499932K), 0.0073275 secs] [Times: user=0.01 sys=0.00, real=0.01 secs] 
2020-10-28T11:47:50.890+0000: [GC (Allocation Failure) 2020-10-28T11:47:50.890+0000: [ParNew: 34455K->15K(38720K), 0.0056986 secs] 1042848K->1008423K(1499932K), 0.0057634 secs] [Times: user=0.01 sys=0.00, real=0.00 secs] 
2020-10-28T11:47:50.970+0000: [GC (Allocation Failure) 2020-10-28T11:47:50.970+0000: [ParNew: 34447K->4K(38720K), 0.0056095 secs] 1042855K->1008412K(1499932K), 0.0056730 secs] [Times: user=0.01 sys=0.00, real=0.00 secs] 
2020-10-28T11:47:51.021+0000: [GC (Allocation Failure) 2020-10-28T11:47:51.021+0000: [ParNew: 34436K->4K(38720K), 0.0056359 secs] 1042844K->1008413K(1499932K), 0.0056970 secs] [Times: user=0.02 sys=0.00, real=0.01 secs] 
2020-10-28T11:47:51.072+0000: [GC (Allocation Failure) 2020-10-28T11:47:51.072+0000: [ParNew: 34436K->4K(38720K), 0.0056870 secs] 1042845K->1008413K(1499932K), 0.0057674 secs] [Times: user=0.00 sys=0.00, real=0.01 secs] 
2020-10-28T11:47:51.142+0000: [GC (Allocation Failure) 2020-10-28T11:47:51.142+0000: [ParNew: 34436K->4K(38720K), 0.0055747 secs] 1042845K->1008413K(1499932K), 0.0056403 secs] [Times: user=0.01 sys=0.00, real=0.01 secs] 
2020-10-28T11:47:51.193+0000: [GC (Allocation Failure) 2020-10-28T11:47:51.193+0000: [ParNew: 34436K->4K(38720K), 0.0055976 secs] 1042845K->1008413K(1499932K), 0.0056614 secs] [Times: user=0.01 sys=0.00, real=0.01 secs] 
2020-10-28T11:47:51.247+0000: [GC (Allocation Failure) 2020-10-28T11:47:51.247+0000: [ParNew: 34436K->4K(38720K), 0.0056420 secs] 1042845K->1008413K(1499932K), 0.0057047 secs] [Times: user=0.01 sys=0.00, real=0.00 secs] 
2020-10-28T11:47:51.301+0000: [GC (Allocation Failure) 2020-10-28T11:47:51.301+0000: [ParNew: 34436K->4K(38720K), 0.0056347 secs] 1042845K->1008413K(1499932K), 0.0056986 secs] [Times: user=0.01 sys=0.00, real=0.01 secs] 
2020-10-28T11:47:51.366+0000: [GC (Allocation Failure) 2020-10-28T11:47:51.366+0000: [ParNew: 34436K->4K(38720K), 0.0056922 secs] 1042845K->1008413K(1499932K), 0.0057815 secs] [Times: user=0.01 sys=0.00, real=0.00 secs] 
2020-10-28T11:47:51.429+0000: [GC (Allocation Failure) 2020-10-28T11:47:51.429+0000: [ParNew: 34301K->4K(38720K), 0.0055726 secs] 1042711K->1008413K(1499932K), 0.0056357 secs] [Times: user=0.01 sys=0.00, real=0.00 secs] 
2020-10-28T11:47:51.487+0000: [GC (Allocation Failure) 2020-10-28T11:47:51.487+0000: [ParNew: 34436K->4K(38720K), 0.0055577 secs] 1042845K->1008413K(1499932K), 0.0056247 secs] [Times: user=0.02 sys=0.00, real=0.00 secs] 
2020-10-28T11:47:51.546+0000: [GC (Allocation Failure) 2020-10-28T11:47:51.546+0000: [ParNew: 34436K->4K(38720K), 0.0055431 secs] 1042845K->1008413K(1499932K), 0.0056053 secs] [Times: user=0.01 sys=0.00, real=0.00 secs] 
2020-10-28T11:47:51.598+0000: [GC (Allocation Failure) 2020-10-28T11:47:51.598+0000: [ParNew: 34436K->4K(38720K), 0.0055073 secs] 1042845K->1008413K(1499932K), 0.0055695 secs] [Times: user=0.01 sys=0.01, real=0.00 secs] 
2020-10-28T11:47:51.655+0000: [GC (Allocation Failure) 2020-10-28T11:47:51.655+0000: [ParNew: 34436K->4K(38720K), 0.0055238 secs] 1042845K->1008413K(1499932K), 0.0055850 secs] [Times: user=0.02 sys=0.00, real=0.01 secs] 
2020-10-28T11:47:51.708+0000: [GC (Allocation Failure) 2020-10-28T11:47:51.708+0000: [ParNew: 34436K->4K(38720K), 0.0055467 secs] 1042845K->1008413K(1499932K), 0.0056090 secs] [Times: user=0.01 sys=0.00, real=0.00 secs] 
2020-10-28T11:47:51.765+0000: [GC (Allocation Failure) 2020-10-28T11:47:51.765+0000: [ParNew: 34436K->4K(38720K), 0.0055761 secs] 1042845K->1008413K(1499932K), 0.0056397 secs] [Times: user=0.01 sys=0.00, real=0.01 secs] 
2020-10-28T11:47:51.818+0000: [GC (Allocation Failure) 2020-10-28T11:47:51.818+0000: [ParNew: 34436K->4K(38720K), 0.0056011 secs] 1042845K->1008413K(1499932K), 0.0056648 secs] [Times: user=0.01 sys=0.00, real=0.00 secs] 
2020-10-28T11:47:51.876+0000: [GC (Allocation Failure) 2020-10-28T11:47:51.876+0000: [ParNew: 34436K->4K(38720K), 0.0055938 secs] 1042845K->1008413K(1499932K), 0.0056622 secs] [Times: user=0.02 sys=0.00, real=0.01 secs] 
2020-10-28T11:47:51.920+0000: [GC (Allocation Failure) 2020-10-28T11:47:51.920+0000: [ParNew: 34436K->4K(38720K), 0.0054772 secs] 1042845K->1008413K(1499932K), 0.0055378 secs] [Times: user=0.01 sys=0.00, real=0.00 secs] 
2020-10-28T11:47:51.965+0000: [GC (Allocation Failure) 2020-10-28T11:47:51.965+0000: [ParNew: 34436K->4K(38720K), 0.0055311 secs] 1042845K->1008413K(1499932K), 0.0055886 secs] [Times: user=0.01 sys=0.00, real=0.01 secs] 
2020-10-28T11:47:52.010+0000: [GC (Allocation Failure) 2020-10-28T11:47:52.010+0000: [ParNew: 34436K->4K(38720K), 0.0054981 secs] 1042845K->1008413K(1499932K), 0.0055582 secs] [Times: user=0.01 sys=0.00, real=0.00 secs] 
2020-10-28T11:47:52.052+0000: [GC (Allocation Failure) 2020-10-28T11:47:52.052+0000: [ParNew: 34436K->4K(38720K), 0.0054354 secs] 1042845K->1008413K(1499932K), 0.0054927 secs] [Times: user=0.01 sys=0.00, real=0.00 secs] 
2020-10-28T11:47:52.093+0000: [GC (Allocation Failure) 2020-10-28T11:47:52.093+0000: [ParNew: 34436K->4K(38720K), 0.0053675 secs] 1042845K->1008413K(1499932K), 0.0054228 secs] [Times: user=0.01 sys=0.00, real=0.01 secs] 
2020-10-28T11:47:52.135+0000: [GC (Allocation Failure) 2020-10-28T11:47:52.135+0000: [ParNew: 34436K->4K(38720K), 0.0054502 secs] 1042845K->1008413K(1499932K), 0.0055082 secs] [Times: user=0.01 sys=0.00, real=0.01 secs] 
2020-10-28T11:47:52.180+0000: [GC (Allocation Failure) 2020-10-28T11:47:52.180+0000: [ParNew: 34436K->4K(38720K), 0.0054506 secs] 1042845K->1008413K(1499932K), 0.0055078 secs] [Times: user=0.01 sys=0.00, real=0.00 secs] 
2020-10-28T11:47:52.229+0000: [GC (Allocation Failure) 2020-10-28T11:47:52.229+0000: [ParNew: 34436K->4K(38720K), 0.0054874 secs] 1042845K->1008413K(1499932K), 0.0055491 secs] [Times: user=0.01 sys=0.00, real=0.00 secs] 
2020-10-28T11:47:52.274+0000: [GC (Allocation Failure) 2020-10-28T11:47:52.274+0000: [ParNew: 34436K->4K(38720K), 0.0055579 secs] 1042845K->1008413K(1499932K), 0.0056200 secs] [Times: user=0.02 sys=0.00, real=0.01 secs] 
2020-10-28T11:47:52.318+0000: [GC (Allocation Failure) 2020-10-28T11:47:52.318+0000: [ParNew: 34436K->4K(38720K), 0.0055454 secs] 1042845K->1008413K(1499932K), 0.0056067 secs] [Times: user=0.01 sys=0.00, real=0.00 secs] 
2020-10-28T11:47:52.364+0000: [GC (Allocation Failure) 2020-10-28T11:47:52.364+0000: [ParNew: 34436K->4K(38720K), 0.0053737 secs] 1042845K->1008413K(1499932K), 0.0054292 secs] [Times: user=0.01 sys=0.00, real=0.01 secs] 
2020-10-28T11:47:52.405+0000: [GC (Allocation Failure) 2020-10-28T11:47:52.405+0000: [ParNew: 34436K->4K(38720K), 0.0054225 secs] 1042845K->1008413K(1499932K), 0.0054808 secs] [Times: user=0.02 sys=0.00, real=0.01 secs] 
2020-10-28T11:47:52.452+0000: [GC (Allocation Failure) 2020-10-28T11:47:52.452+0000: [ParNew: 34436K->4K(38720K), 0.0054541 secs] 1042845K->1008413K(1499932K), 0.0055121 secs] [Times: user=0.01 sys=0.00, real=0.01 secs] 
2020-10-28T11:47:52.498+0000: [GC (Allocation Failure) 2020-10-28T11:47:52.498+0000: [ParNew: 34436K->4K(38720K), 0.0054272 secs] 1042845K->1008413K(1499932K), 0.0054847 secs] [Times: user=0.01 sys=0.00, real=0.00 secs] 
2020-10-28T11:47:52.540+0000: [GC (Allocation Failure) 2020-10-28T11:47:52.540+0000: [ParNew: 34436K->4K(38720K), 0.0055998 secs] 1042845K->1008413K(1499932K), 0.0056623 secs] [Times: user=0.01 sys=0.00, real=0.01 secs] 
2020-10-28T11:47:52.586+0000: [GC (Allocation Failure) 2020-10-28T11:47:52.586+0000: [ParNew: 34436K->4K(38720K), 0.0055527 secs] 1042845K->1008413K(1499932K), 0.0056223 secs] [Times: user=0.01 sys=0.00, real=0.01 secs] 
2020-10-28T11:47:52.628+0000: [GC (Allocation Failure) 2020-10-28T11:47:52.628+0000: [ParNew: 34436K->4K(38720K), 0.0054744 secs] 1042845K->1008413K(1499932K), 0.0055353 secs] [Times: user=0.01 sys=0.00, real=0.00 secs] 
2020-10-28T11:47:52.673+0000: [GC (Allocation Failure) 2020-10-28T11:47:52.673+0000: [ParNew: 34436K->4K(38720K), 0.0055159 secs] 1042845K->1008413K(1499932K), 0.0055740 secs] [Times: user=0.02 sys=0.00, real=0.01 secs] 
2020-10-28T11:47:52.715+0000: [GC (Allocation Failure) 2020-10-28T11:47:52.715+0000: [ParNew: 34436K->4K(38720K), 0.0054221 secs] 1042845K->1008413K(1499932K), 0.0054804 secs] [Times: user=0.01 sys=0.00, real=0.01 secs] 
2020-10-28T11:47:52.762+0000: [GC (Allocation Failure) 2020-10-28T11:47:52.762+0000: [ParNew: 34436K->4K(38720K), 0.0055770 secs] 1042845K->1008413K(1499932K), 0.0056379 secs] [Times: user=0.02 sys=0.00, real=0.01 secs] 
2020-10-28T11:47:52.806+0000: [GC (Allocation Failure) 2020-10-28T11:47:52.806+0000: [ParNew: 34436K->4K(38720K), 0.0055045 secs] 1042845K->1008413K(1499932K), 0.0055629 secs] [Times: user=0.01 sys=0.00, real=0.00 secs] 
2020-10-28T11:47:52.850+0000: [GC (Allocation Failure) 2020-10-28T11:47:52.850+0000: [ParNew: 34436K->4K(38720K), 0.0056940 secs] 1042845K->1008413K(1499932K), 0.0057537 secs] [Times: user=0.01 sys=0.00, real=0.00 secs] 
2020-10-28T11:47:52.896+0000: [GC (Allocation Failure) 2020-10-28T11:47:52.896+0000: [ParNew: 34436K->4K(38720K), 0.0056022 secs] 1042845K->1008413K(1499932K), 0.0056612 secs] [Times: user=0.01 sys=0.00, real=0.01 secs] 
2020-10-28T11:47:52.946+0000: [GC (Allocation Failure) 2020-10-28T11:47:52.946+0000: [ParNew: 34436K->4K(38720K), 0.0055513 secs] 1042845K->1008413K(1499932K), 0.0056125 secs] [Times: user=0.01 sys=0.00, real=0.00 secs] 
2020-10-28T11:47:52.987+0000: [GC (Allocation Failure) 2020-10-28T11:47:52.987+0000: [ParNew: 34436K->4K(38720K), 0.0054589 secs] 1042845K->1008413K(1499932K), 0.0055159 secs] [Times: user=0.01 sys=0.00, real=0.00 secs] 
2020-10-28T11:47:53.030+0000: [GC (Allocation Failure) 2020-10-28T11:47:53.030+0000: [ParNew: 34436K->4K(38720K), 0.0054728 secs] 1042845K->1008413K(1499932K), 0.0055324 secs] [Times: user=0.01 sys=0.00, real=0.00 secs] 
2020-10-28T11:47:53.074+0000: [GC (Allocation Failure) 2020-10-28T11:47:53.074+0000: [ParNew: 34436K->4K(38720K), 0.0055296 secs] 1042845K->1008413K(1499932K), 0.0055862 secs] [Times: user=0.01 sys=0.00, real=0.01 secs] 
2020-10-28T11:47:53.118+0000: [GC (Allocation Failure) 2020-10-28T11:47:53.118+0000: [ParNew: 34436K->4K(38720K), 0.0054064 secs] 1042845K->1008413K(1499932K), 0.0054628 secs] [Times: user=0.01 sys=0.00, real=0.00 secs] 
2020-10-28T11:47:53.164+0000: [GC (Allocation Failure) 2020-10-28T11:47:53.164+0000: [ParNew: 34436K->4K(38720K), 0.0055670 secs] 1042845K->1008413K(1499932K), 0.0056267 secs] [Times: user=0.01 sys=0.00, real=0.01 secs] 
2020-10-28T11:47:53.210+0000: [GC (Allocation Failure) 2020-10-28T11:47:53.210+0000: [ParNew: 34436K->4K(38720K), 0.0054805 secs] 1042845K->1008413K(1499932K), 0.0055301 secs] [Times: user=0.01 sys=0.00, real=0.00 secs] 
2020-10-28T11:47:53.256+0000: [GC (Allocation Failure) 2020-10-28T11:47:53.256+0000: [ParNew: 34436K->4K(38720K), 0.0054448 secs] 1042845K->1008413K(1499932K), 0.0055018 secs] [Times: user=0.01 sys=0.00, real=0.01 secs] 
2020-10-28T11:47:53.302+0000: [GC (Allocation Failure) 2020-10-28T11:47:53.302+0000: [ParNew: 34436K->4K(38720K), 0.0054781 secs] 1042845K->1008413K(1499932K), 0.0055379 secs] [Times: user=0.01 sys=0.00, real=0.01 secs] 
2020-10-28T11:47:53.347+0000: [GC (Allocation Failure) 2020-10-28T11:47:53.347+0000: [ParNew: 34436K->4K(38720K), 0.0054507 secs] 1042845K->1008413K(1499932K), 0.0055083 secs] [Times: user=0.01 sys=0.00, real=0.00 secs] 
2020-10-28T11:47:53.389+0000: [GC (Allocation Failure) 2020-10-28T11:47:53.389+0000: [ParNew: 34436K->4K(38720K), 0.0055067 secs] 1042845K->1008413K(1499932K), 0.0055652 secs] [Times: user=0.01 sys=0.00, real=0.00 secs] 
2020-10-28T11:47:53.434+0000: [GC (Allocation Failure) 2020-10-28T11:47:53.434+0000: [ParNew: 34436K->4K(38720K), 0.0054706 secs] 1042845K->1008413K(1499932K), 0.0055289 secs] [Times: user=0.01 sys=0.00, real=0.01 secs] 
2020-10-28T11:47:53.481+0000: [GC (Allocation Failure) 2020-10-28T11:47:53.481+0000: [ParNew: 34436K->4K(38720K), 0.0054883 secs] 1042845K->1008413K(1499932K), 0.0055501 secs] [Times: user=0.01 sys=0.00, real=0.01 secs] 
2020-10-28T11:47:53.523+0000: [GC (Allocation Failure) 2020-10-28T11:47:53.523+0000: [ParNew: 34436K->4K(38720K), 0.0054362 secs] 1042845K->1008413K(1499932K), 0.0054942 secs] [Times: user=0.02 sys=0.00, real=0.01 secs] 
2020-10-28T11:47:53.565+0000: [GC (Allocation Failure) 2020-10-28T11:47:53.565+0000: [ParNew: 34436K->4K(38720K), 0.0055556 secs] 1042845K->1008413K(1499932K), 0.0056365 secs] [Times: user=0.01 sys=0.00, real=0.01 secs] 
2020-10-28T11:47:53.610+0000: [GC (Allocation Failure) 2020-10-28T11:47:53.610+0000: [ParNew: 34436K->4K(38720K), 0.0055186 secs] 1042845K->1008413K(1499932K), 0.0055784 secs] [Times: user=0.01 sys=0.00, real=0.00 secs] 
2020-10-28T11:47:53.668+0000: [GC (Allocation Failure) 2020-10-28T11:47:53.668+0000: [ParNew: 34436K->15K(38720K), 0.0059491 secs] 1042845K->1008425K(1499932K), 0.0060043 secs] [Times: user=0.02 sys=0.00, real=0.00 secs] 
2020-10-28T11:47:53.735+0000: [GC (Allocation Failure) 2020-10-28T11:47:53.736+0000: [ParNew: 34447K->4K(38720K), 0.0055648 secs] 1042857K->1008413K(1499932K), 0.0056258 secs] [Times: user=0.01 sys=0.00, real=0.01 secs] 
2020-10-28T11:47:53.816+0000: [GC (Allocation Failure) 2020-10-28T11:47:53.816+0000: [ParNew: 34436K->6K(38720K), 0.0056515 secs] 1042845K->1008415K(1499932K), 0.0057050 secs] [Times: user=0.01 sys=0.00, real=0.01 secs] 
2020-10-28T11:47:53.882+0000: [GC (Allocation Failure) 2020-10-28T11:47:53.882+0000: [ParNew: 34438K->6K(38720K), 0.0056585 secs] 1042847K->1008415K(1499932K), 0.0057270 secs] [Times: user=0.02 sys=0.00, real=0.01 secs] 
2020-10-28T11:47:53.969+0000: [GC (Allocation Failure) 2020-10-28T11:47:53.969+0000: [ParNew: 34438K->6K(38720K), 0.0058192 secs] 1042847K->1008415K(1499932K), 0.0058860 secs] [Times: user=0.01 sys=0.00, real=0.00 secs] 
2020-10-28T11:47:54.018+0000: [GC (Allocation Failure) 2020-10-28T11:47:54.018+0000: [ParNew: 34438K->6K(38720K), 0.0056336 secs] 1042847K->1008416K(1499932K), 0.0057299 secs] [Times: user=0.01 sys=0.01, real=0.01 secs] 
2020-10-28T11:47:54.066+0000: [GC (Allocation Failure) 2020-10-28T11:47:54.066+0000: [ParNew: 34438K->6K(38720K), 0.0056309 secs] 1042848K->1008417K(1499932K), 0.0057203 secs] [Times: user=0.01 sys=0.00, real=0.01 secs] 
2020-10-28T11:47:54.114+0000: [GC (Allocation Failure) 2020-10-28T11:47:54.114+0000: [ParNew: 34438K->4K(38720K), 0.0056059 secs] 1042849K->1008415K(1499932K), 0.0056699 secs] [Times: user=0.01 sys=0.00, real=0.01 secs] 
2020-10-28T11:47:54.162+0000: [GC (Allocation Failure) 2020-10-28T11:47:54.162+0000: [ParNew: 34436K->4K(38720K), 0.0056224 secs] 1042847K->1008417K(1499932K), 0.0056848 secs] [Times: user=0.01 sys=0.00, real=0.01 secs] 
2020-10-28T11:47:54.210+0000: [GC (Allocation Failure) 2020-10-28T11:47:54.210+0000: [ParNew: 34436K->4K(38720K), 0.0057094 secs] 1042849K->1008417K(1499932K), 0.0057739 secs] [Times: user=0.01 sys=0.00, real=0.00 secs] 
2020-10-28T11:47:54.258+0000: [GC (Allocation Failure) 2020-10-28T11:47:54.258+0000: [ParNew: 34436K->4K(38720K), 0.0055789 secs] 1042849K->1008418K(1499932K), 0.0056432 secs] [Times: user=0.01 sys=0.00, real=0.00 secs] 
2020-10-28T11:47:54.426+0000: [GC (Allocation Failure) 2020-10-28T11:47:54.426+0000: [ParNew: 34436K->1690K(38720K), 0.0087607 secs] 1042850K->1010104K(1499932K), 0.0088179 secs] [Times: user=0.02 sys=0.00, real=0.00 secs] 
2020-10-28T11:47:54.658+0000: [GC (Allocation Failure) 2020-10-28T11:47:54.658+0000: [ParNew: 36122K->3057K(38720K), 0.0174581 secs] 1044536K->1011471K(1499932K), 0.0175518 secs] [Times: user=0.03 sys=0.00, real=0.01 secs] 
2020-10-28T11:47:54.732+0000: [GC (Allocation Failure) 2020-10-28T11:47:54.732+0000: [ParNew: 37489K->1930K(38720K), 0.0095712 secs] 1045903K->1011595K(1499932K), 0.0096608 secs] [Times: user=0.02 sys=0.00, real=0.01 secs] 
2020-10-28T11:47:54.794+0000: [GC (Allocation Failure) 2020-10-28T11:47:54.794+0000: [ParNew: 36362K->2425K(38720K), 0.0074593 secs] 1046027K->1012089K(1499932K), 0.0075371 secs] [Times: user=0.01 sys=0.00, real=0.01 secs] 
2020-10-28T11:47:54.876+0000: [GC (Allocation Failure) 2020-10-28T11:47:54.876+0000: [ParNew: 36857K->2465K(38720K), 0.0107460 secs] 1046521K->1013006K(1499932K), 0.0108229 secs] [Times: user=0.02 sys=0.00, real=0.02 secs] 
2020-10-28T11:47:54.944+0000: [GC (Allocation Failure) 2020-10-28T11:47:54.944+0000: [ParNew: 36897K->2915K(38720K), 0.0061476 secs] 1047438K->1013456K(1499932K), 0.0062345 secs] [Times: user=0.02 sys=0.00, real=0.01 secs] 
2020-10-28T11:47:55.030+0000: [GC (Allocation Failure) 2020-10-28T11:47:55.030+0000: [ParNew: 37347K->2240K(38720K), 0.0062856 secs] 1047888K->1013446K(1499932K), 0.0063684 secs] [Times: user=0.00 sys=0.01, real=0.00 secs] 
2020-10-28T11:47:55.090+0000: [GC (Allocation Failure) 2020-10-28T11:47:55.090+0000: [ParNew: 36672K->1584K(38720K), 0.0059426 secs] 1047878K->1012791K(1499932K), 0.0060042 secs] [Times: user=0.01 sys=0.00, real=0.00 secs] 
2020-10-28T11:47:55.162+0000: [GC (Allocation Failure) 2020-10-28T11:47:55.162+0000: [ParNew: 36016K->1549K(38720K), 0.0073859 secs] 1047223K->1012755K(1499932K), 0.0074505 secs] [Times: user=0.01 sys=0.00, real=0.01 secs] 
2020-10-28T11:47:55.219+0000: [GC (Allocation Failure) 2020-10-28T11:47:55.219+0000: [ParNew: 35981K->520K(38720K), 0.0056918 secs] 1047187K->1011727K(1499932K), 0.0057456 secs] [Times: user=0.01 sys=0.00, real=0.00 secs] 
2020-10-28T11:47:55.282+0000: [GC (Allocation Failure) 2020-10-28T11:47:55.282+0000: [ParNew: 34952K->6K(38720K), 0.0055381 secs] 1046159K->1011212K(1499932K), 0.0055983 secs] [Times: user=0.01 sys=0.00, real=0.01 secs] 
2020-10-28T11:47:55.338+0000: [GC (Allocation Failure) 2020-10-28T11:47:55.338+0000: [ParNew: 34438K->6K(38720K), 0.0098423 secs] 1045644K->1011212K(1499932K), 0.0099035 secs] [Times: user=0.02 sys=0.00, real=0.01 secs] 
2020-10-28T11:47:55.398+0000: [GC (Allocation Failure) 2020-10-28T11:47:55.398+0000: [ParNew: 34438K->6K(38720K), 0.0055270 secs] 1045644K->1011213K(1499932K), 0.0055898 secs] [Times: user=0.01 sys=0.00, real=0.00 secs] 
2020-10-28T11:47:55.458+0000: [GC (Allocation Failure) 2020-10-28T11:47:55.458+0000: [ParNew: 34438K->6K(38720K), 0.0056000 secs] 1045645K->1011213K(1499932K), 0.0056601 secs] [Times: user=0.01 sys=0.00, real=0.00 secs] 
2020-10-28T11:47:55.518+0000: [GC (Allocation Failure) 2020-10-28T11:47:55.518+0000: [ParNew: 34438K->6K(38720K), 0.0054981 secs] 1045645K->1011213K(1499932K), 0.0055580 secs] [Times: user=0.02 sys=0.00, real=0.00 secs] 
2020-10-28T11:47:55.570+0000: [GC (Allocation Failure) 2020-10-28T11:47:55.570+0000: [ParNew: 34438K->6K(38720K), 0.0055666 secs] 1045645K->1011213K(1499932K), 0.0056274 secs] [Times: user=0.01 sys=0.00, real=0.00 secs] 
2020-10-28T11:47:55.626+0000: [GC (Allocation Failure) 2020-10-28T11:47:55.626+0000: [ParNew: 34438K->6K(38720K), 0.0055606 secs] 1045645K->1011213K(1499932K), 0.0056418 secs] [Times: user=0.01 sys=0.00, real=0.00 secs] 
2020-10-28T11:47:55.680+0000: [GC (Allocation Failure) 2020-10-28T11:47:55.680+0000: [ParNew: 34438K->6K(38720K), 0.0055187 secs] 1045645K->1011213K(1499932K), 0.0055796 secs] [Times: user=0.01 sys=0.00, real=0.00 secs] 
2020-10-28T11:47:55.746+0000: [GC (Allocation Failure) 2020-10-28T11:47:55.746+0000: [ParNew: 34438K->6K(38720K), 0.0079492 secs] 1045645K->1011213K(1499932K), 0.0080229 secs] [Times: user=0.02 sys=0.00, real=0.00 secs] 
2020-10-28T11:47:55.807+0000: [GC (Allocation Failure) 2020-10-28T11:47:55.807+0000: [ParNew: 34438K->6K(38720K), 0.0055407 secs] 1045645K->1011213K(1499932K), 0.0056026 secs] [Times: user=0.01 sys=0.00, real=0.00 secs] 
2020-10-28T11:47:55.862+0000: [GC (Allocation Failure) 2020-10-28T11:47:55.862+0000: [ParNew: 34438K->6K(38720K), 0.0056503 secs] 1045645K->1011213K(1499932K), 0.0057311 secs] [Times: user=0.02 sys=0.00, real=0.01 secs] 
2020-10-28T11:47:55.916+0000: [GC (Allocation Failure) 2020-10-28T11:47:55.916+0000: [ParNew: 34438K->6K(38720K), 0.0055087 secs] 1045645K->1011213K(1499932K), 0.0055698 secs] [Times: user=0.01 sys=0.00, real=0.01 secs] 
2020-10-28T11:47:55.978+0000: [GC (Allocation Failure) 2020-10-28T11:47:55.978+0000: [ParNew: 34438K->6K(38720K), 0.0152616 secs] 1045645K->1011213K(1499932K), 0.0153226 secs] [Times: user=0.03 sys=0.00, real=0.01 secs] 
2020-10-28T11:47:56.074+0000: [GC (Allocation Failure) 2020-10-28T11:47:56.074+0000: [ParNew: 34438K->6K(38720K), 0.0118838 secs] 1045645K->1011213K(1499932K), 0.0119677 secs] [Times: user=0.03 sys=0.00, real=0.02 secs] 
2020-10-28T11:47:56.155+0000: [GC (Allocation Failure) 2020-10-28T11:47:56.155+0000: [ParNew: 34438K->4K(38720K), 0.0124764 secs] 1045645K->1011211K(1499932K), 0.0125597 secs] [Times: user=0.03 sys=0.00, real=0.02 secs] 
2020-10-28T11:47:56.218+0000: [GC (Allocation Failure) 2020-10-28T11:47:56.218+0000: [ParNew: 34436K->4K(38720K), 0.0092273 secs] 1045643K->1011211K(1499932K), 0.0092990 secs] [Times: user=0.01 sys=0.00, real=0.01 secs] 
2020-10-28T11:47:56.274+0000: [GC (Allocation Failure) 2020-10-28T11:47:56.274+0000: [ParNew: 34436K->6K(38720K), 0.0055482 secs] 1045643K->1011213K(1499932K), 0.0056091 secs] [Times: user=0.02 sys=0.00, real=0.01 secs] 
2020-10-28T11:47:56.337+0000: [GC (Allocation Failure) 2020-10-28T11:47:56.337+0000: [ParNew: 34438K->4K(38720K), 0.0056412 secs] 1045645K->1011211K(1499932K), 0.0057226 secs] [Times: user=0.01 sys=0.00, real=0.01 secs] 
2020-10-28T11:47:56.402+0000: [GC (Allocation Failure) 2020-10-28T11:47:56.402+0000: [ParNew: 34436K->6K(38720K), 0.0056090 secs] 1045643K->1011213K(1499932K), 0.0056709 secs] [Times: user=0.02 sys=0.00, real=0.01 secs] 
2020-10-28T11:47:56.466+0000: [GC (Allocation Failure) 2020-10-28T11:47:56.466+0000: [ParNew: 34438K->6K(38720K), 0.0056753 secs] 1045645K->1011213K(1499932K), 0.0057477 secs] [Times: user=0.02 sys=0.00, real=0.01 secs] 
2020-10-28T11:47:56.516+0000: [GC (Allocation Failure) 2020-10-28T11:47:56.516+0000: [ParNew: 34438K->6K(38720K), 0.0057274 secs] 1045645K->1011213K(1499932K), 0.0058333 secs] [Times: user=0.01 sys=0.00, real=0.01 secs] 
2020-10-28T11:47:56.586+0000: [GC (Allocation Failure) 2020-10-28T11:47:56.586+0000: [ParNew: 34438K->96K(38720K), 0.0059495 secs] 1045645K->1011304K(1499932K), 0.0060522 secs] [Times: user=0.01 sys=0.00, real=0.01 secs] 
2020-10-28T11:47:56.642+0000: [GC (Allocation Failure) 2020-10-28T11:47:56.642+0000: [ParNew: 34528K->48K(38720K), 0.0058426 secs] 1045736K->1011256K(1499932K), 0.0059055 secs] [Times: user=0.01 sys=0.00, real=0.01 secs] 
2020-10-28T11:47:56.709+0000: [GC (Allocation Failure) 2020-10-28T11:47:56.709+0000: [ParNew: 34480K->54K(38720K), 0.0058301 secs] 1045688K->1011262K(1499932K), 0.0058951 secs] [Times: user=0.01 sys=0.00, real=0.00 secs] 
2020-10-28T11:47:56.768+0000: [GC (Allocation Failure) 2020-10-28T11:47:56.768+0000: [ParNew: 34486K->46K(38720K), 0.0058129 secs] 1045694K->1011254K(1499932K), 0.0058784 secs] [Times: user=0.01 sys=0.00, real=0.00 secs] 
2020-10-28T11:47:56.819+0000: [GC (Allocation Failure) 2020-10-28T11:47:56.819+0000: [ParNew: 34478K->48K(38720K), 0.0058149 secs] 1045686K->1011256K(1499932K), 0.0059015 secs] [Times: user=0.01 sys=0.00, real=0.00 secs] 
2020-10-28T11:47:56.874+0000: [GC (Allocation Failure) 2020-10-28T11:47:56.874+0000: [ParNew: 34480K->49K(38720K), 0.0057321 secs] 1045688K->1011257K(1499932K), 0.0058117 secs] [Times: user=0.01 sys=0.00, real=0.01 secs] 
2020-10-28T11:47:56.932+0000: [GC (Allocation Failure) 2020-10-28T11:47:56.932+0000: [ParNew: 34481K->32K(38720K), 0.0057540 secs] 1045689K->1011257K(1499932K), 0.0058329 secs] [Times: user=0.01 sys=0.00, real=0.00 secs] 
2020-10-28T11:47:56.981+0000: [GC (Allocation Failure) 2020-10-28T11:47:56.981+0000: [ParNew: 34464K->15K(38720K), 0.0056938 secs] 1045689K->1011245K(1499932K), 0.0057763 secs] [Times: user=0.01 sys=0.00, real=0.01 secs] 
2020-10-28T11:47:57.030+0000: [GC (Allocation Failure) 2020-10-28T11:47:57.030+0000: [ParNew: 34447K->11K(38720K), 0.0056886 secs] 1045677K->1011249K(1499932K), 0.0057718 secs] [Times: user=0.02 sys=0.00, real=0.00 secs] 
2020-10-28T11:47:57.081+0000: [GC (Allocation Failure) 2020-10-28T11:47:57.081+0000: [ParNew: 34443K->4K(38720K), 0.0117380 secs] 1045681K->1011242K(1499932K), 0.0118192 secs] [Times: user=0.02 sys=0.00, real=0.01 secs] 
2020-10-28T11:47:57.139+0000: [GC (Allocation Failure) 2020-10-28T11:47:57.139+0000: [ParNew: 34436K->6K(38720K), 0.0119308 secs] 1045674K->1011244K(1499932K), 0.0120136 secs] [Times: user=0.02 sys=0.00, real=0.01 secs] 
2020-10-28T11:47:57.196+0000: [GC (Allocation Failure) 2020-10-28T11:47:57.196+0000: [ParNew: 34438K->4K(38720K), 0.0125538 secs] 1045676K->1011242K(1499932K), 0.0126153 secs] [Times: user=0.02 sys=0.00, real=0.02 secs] 
2020-10-28T11:47:57.254+0000: [GC (Allocation Failure) 2020-10-28T11:47:57.254+0000: [ParNew: 34436K->6K(38720K), 0.0149195 secs] 1045674K->1011244K(1499932K), 0.0150010 secs] [Times: user=0.03 sys=0.00, real=0.02 secs] 
2020-10-28T11:47:57.313+0000: [GC (Allocation Failure) 2020-10-28T11:47:57.313+0000: [ParNew: 34438K->4K(38720K), 0.0056153 secs] 1045676K->1011242K(1499932K), 0.0056784 secs] [Times: user=0.01 sys=0.00, real=0.01 secs] 
2020-10-28T11:47:57.366+0000: [GC (Allocation Failure) 2020-10-28T11:47:57.366+0000: [ParNew: 34436K->6K(38720K), 0.0054980 secs] 1045674K->1011244K(1499932K), 0.0055584 secs] [Times: user=0.01 sys=0.00, real=0.00 secs] 
2020-10-28T11:47:57.421+0000: [GC (Allocation Failure) 2020-10-28T11:47:57.421+0000: [ParNew: 34438K->6K(38720K), 0.0055637 secs] 1045676K->1011244K(1499932K), 0.0056244 secs] [Times: user=0.01 sys=0.00, real=0.01 secs] 
2020-10-28T11:47:57.467+0000: [GC (Allocation Failure) 2020-10-28T11:47:57.467+0000: [ParNew: 34438K->6K(38720K), 0.0053519 secs] 1045676K->1011244K(1499932K), 0.0054080 secs] [Times: user=0.01 sys=0.00, real=0.00 secs] 
2020-10-28T11:47:57.506+0000: [GC (Allocation Failure) 2020-10-28T11:47:57.507+0000: [ParNew: 34438K->4K(38720K), 0.0054552 secs] 1045676K->1011242K(1499932K), 0.0055141 secs] [Times: user=0.01 sys=0.00, real=0.00 secs] 
2020-10-28T11:47:57.550+0000: [GC (Allocation Failure) 2020-10-28T11:47:57.550+0000: [ParNew: 34436K->6K(38720K), 0.0053981 secs] 1045674K->1011244K(1499932K), 0.0054543 secs] [Times: user=0.01 sys=0.00, real=0.00 secs] 
2020-10-28T11:47:57.594+0000: [GC (Allocation Failure) 2020-10-28T11:47:57.594+0000: [ParNew: 34438K->6K(38720K), 0.0054585 secs] 1045676K->1011244K(1499932K), 0.0055185 secs] [Times: user=0.01 sys=0.00, real=0.01 secs] 
2020-10-28T11:47:57.639+0000: [GC (Allocation Failure) 2020-10-28T11:47:57.639+0000: [ParNew: 34438K->6K(38720K), 0.0055315 secs] 1045676K->1011244K(1499932K), 0.0055934 secs] [Times: user=0.01 sys=0.00, real=0.00 secs] 
2020-10-28T11:47:57.680+0000: [GC (Allocation Failure) 2020-10-28T11:47:57.680+0000: [ParNew: 34438K->6K(38720K), 0.0055065 secs] 1045676K->1011244K(1499932K), 0.0055644 secs] [Times: user=0.01 sys=0.00, real=0.00 secs] 
2020-10-28T11:47:57.721+0000: [GC (Allocation Failure) 2020-10-28T11:47:57.721+0000: [ParNew: 34438K->6K(38720K), 0.0055398 secs] 1045676K->1011244K(1499932K), 0.0055983 secs] [Times: user=0.02 sys=0.00, real=0.01 secs] 
2020-10-28T11:47:57.767+0000: [GC (Allocation Failure) 2020-10-28T11:47:57.767+0000: [ParNew: 34438K->6K(38720K), 0.0055100 secs] 1045676K->1011244K(1499932K), 0.0055694 secs] [Times: user=0.01 sys=0.00, real=0.00 secs] 
2020-10-28T11:47:57.810+0000: [GC (Allocation Failure) 2020-10-28T11:47:57.810+0000: [ParNew: 34438K->6K(38720K), 0.0056995 secs] 1045676K->1011244K(1499932K), 0.0057617 secs] [Times: user=0.01 sys=0.00, real=0.00 secs] 
2020-10-28T11:47:57.864+0000: [GC (Allocation Failure) 2020-10-28T11:47:57.864+0000: [ParNew: 34438K->19K(38720K), 0.0057906 secs] 1045676K->1011257K(1499932K), 0.0058512 secs] [Times: user=0.01 sys=0.00, real=0.01 secs] 
2020-10-28T11:47:57.910+0000: [GC (Allocation Failure) 2020-10-28T11:47:57.910+0000: [ParNew: 34451K->10K(38720K), 0.0056312 secs] 1045689K->1011248K(1499932K), 0.0056909 secs] [Times: user=0.01 sys=0.00, real=0.00 secs] 
2020-10-28T11:47:57.954+0000: [GC (Allocation Failure) 2020-10-28T11:47:57.954+0000: [ParNew: 34442K->14K(38720K), 0.0055242 secs] 1045680K->1011252K(1499932K), 0.0055840 secs] [Times: user=0.01 sys=0.00, real=0.01 secs] 
2020-10-28T11:47:57.998+0000: [GC (Allocation Failure) 2020-10-28T11:47:57.998+0000: [ParNew: 34446K->14K(38720K), 0.0055771 secs] 1045684K->1011252K(1499932K), 0.0056357 secs] [Times: user=0.01 sys=0.00, real=0.00 secs] 
2020-10-28T11:47:58.042+0000: [GC (Allocation Failure) 2020-10-28T11:47:58.042+0000: [ParNew: 34446K->13K(38720K), 0.0056016 secs] 1045684K->1011252K(1499932K), 0.0056852 secs] [Times: user=0.01 sys=0.00, real=0.01 secs] 
2020-10-28T11:47:58.090+0000: [GC (Allocation Failure) 2020-10-28T11:47:58.090+0000: [ParNew: 34445K->13K(38720K), 0.0055585 secs] 1045684K->1011252K(1499932K), 0.0056175 secs] [Times: user=0.01 sys=0.00, real=0.00 secs] 
2020-10-28T11:47:58.135+0000: [GC (Allocation Failure) 2020-10-28T11:47:58.135+0000: [ParNew: 34445K->9K(38720K), 0.0055703 secs] 1045684K->1011253K(1499932K), 0.0056304 secs] [Times: user=0.01 sys=0.00, real=0.01 secs] 
2020-10-28T11:47:58.176+0000: [GC (Allocation Failure) 2020-10-28T11:47:58.176+0000: [ParNew: 34441K->6K(38720K), 0.0055794 secs] 1045685K->1011249K(1499932K), 0.0056427 secs] [Times: user=0.01 sys=0.00, real=0.01 secs] 
2020-10-28T11:47:58.234+0000: [GC (Allocation Failure) 2020-10-28T11:47:58.234+0000: [ParNew: 34438K->6K(38720K), 0.0057017 secs] 1045681K->1011250K(1499932K), 0.0057933 secs] [Times: user=0.01 sys=0.00, real=0.01 secs] 
2020-10-28T11:47:58.279+0000: [GC (Allocation Failure) 2020-10-28T11:47:58.279+0000: [ParNew: 34438K->6K(38720K), 0.0056185 secs] 1045682K->1011250K(1499932K), 0.0056801 secs] [Times: user=0.02 sys=0.00, real=0.00 secs] 
2020-10-28T11:47:58.320+0000: [GC (Allocation Failure) 2020-10-28T11:47:58.320+0000: [ParNew: 34438K->6K(38720K), 0.0056533 secs] 1045682K->1011250K(1499932K), 0.0057158 secs] [Times: user=0.01 sys=0.00, real=0.00 secs] 
2020-10-28T11:47:58.362+0000: [GC (Allocation Failure) 2020-10-28T11:47:58.362+0000: [ParNew: 34438K->4K(38720K), 0.0055456 secs] 1045682K->1011248K(1499932K), 0.0056057 secs] [Times: user=0.01 sys=0.00, real=0.01 secs] 
2020-10-28T11:47:58.406+0000: [GC (Allocation Failure) 2020-10-28T11:47:58.406+0000: [ParNew: 34436K->4K(38720K), 0.0055258 secs] 1045680K->1011248K(1499932K), 0.0055847 secs] [Times: user=0.01 sys=0.00, real=0.00 secs] 
2020-10-28T11:47:58.451+0000: [GC (Allocation Failure) 2020-10-28T11:47:58.451+0000: [ParNew: 34436K->6K(38720K), 0.0064863 secs] 1045680K->1011250K(1499932K), 0.0065484 secs] [Times: user=0.02 sys=0.00, real=0.00 secs] 
2020-10-28T11:47:58.497+0000: [GC (Allocation Failure) 2020-10-28T11:47:58.497+0000: [ParNew: 34438K->4K(38720K), 0.0053919 secs] 1045682K->1011248K(1499932K), 0.0054514 secs] [Times: user=0.01 sys=0.00, real=0.01 secs] 
2020-10-28T11:47:58.537+0000: [GC (Allocation Failure) 2020-10-28T11:47:58.537+0000: [ParNew: 34436K->6K(38720K), 0.0055140 secs] 1045680K->1011250K(1499932K), 0.0055743 secs] [Times: user=0.01 sys=0.00, real=0.01 secs] 
2020-10-28T11:47:58.582+0000: [GC (Allocation Failure) 2020-10-28T11:47:58.582+0000: [ParNew: 34438K->6K(38720K), 0.0055711 secs] 1045682K->1011250K(1499932K), 0.0056437 secs] [Times: user=0.01 sys=0.00, real=0.01 secs] 
2020-10-28T11:47:58.630+0000: [GC (Allocation Failure) 2020-10-28T11:47:58.630+0000: [ParNew: 34438K->6K(38720K), 0.0055653 secs] 1045682K->1011250K(1499932K), 0.0056272 secs] [Times: user=0.01 sys=0.00, real=0.00 secs] 
2020-10-28T11:47:58.678+0000: [GC (Allocation Failure) 2020-10-28T11:47:58.678+0000: [ParNew: 34438K->6K(38720K), 0.0055466 secs] 1045682K->1011250K(1499932K), 0.0056074 secs] [Times: user=0.01 sys=0.00, real=0.00 secs] 
2020-10-28T11:47:58.722+0000: [GC (Allocation Failure) 2020-10-28T11:47:58.723+0000: [ParNew: 34438K->6K(38720K), 0.0055405 secs] 1045682K->1011250K(1499932K), 0.0056013 secs] [Times: user=0.01 sys=0.00, real=0.01 secs] 
2020-10-28T11:47:58.763+0000: [GC (Allocation Failure) 2020-10-28T11:47:58.763+0000: [ParNew: 34438K->6K(38720K), 0.0055433 secs] 1045682K->1011250K(1499932K), 0.0056013 secs] [Times: user=0.01 sys=0.00, real=0.01 secs] 
2020-10-28T11:47:58.806+0000: [GC (Allocation Failure) 2020-10-28T11:47:58.806+0000: [ParNew: 34438K->6K(38720K), 0.0054992 secs] 1045682K->1011250K(1499932K), 0.0055773 secs] [Times: user=0.01 sys=0.00, real=0.00 secs] 
2020-10-28T11:47:58.850+0000: [GC (Allocation Failure) 2020-10-28T11:47:58.850+0000: [ParNew: 34438K->6K(38720K), 0.0056438 secs] 1045682K->1011250K(1499932K), 0.0057011 secs] [Times: user=0.01 sys=0.00, real=0.00 secs] 
2020-10-28T11:47:58.896+0000: [GC (Allocation Failure) 2020-10-28T11:47:58.896+0000: [ParNew: 34438K->6K(38720K), 0.0053962 secs] 1045682K->1011250K(1499932K), 0.0054515 secs] [Times: user=0.02 sys=0.00, real=0.01 secs] 
2020-10-28T11:47:58.940+0000: [GC (Allocation Failure) 2020-10-28T11:47:58.941+0000: [ParNew: 34438K->6K(38720K), 0.0054101 secs] 1045682K->1011250K(1499932K), 0.0054657 secs] [Times: user=0.01 sys=0.00, real=0.01 secs] 
2020-10-28T11:47:58.981+0000: [GC (Allocation Failure) 2020-10-28T11:47:58.981+0000: [ParNew: 34438K->6K(38720K), 0.0053532 secs] 1045682K->1011250K(1499932K), 0.0054097 secs] [Times: user=0.01 sys=0.00, real=0.01 secs] 
2020-10-28T11:47:59.022+0000: [GC (Allocation Failure) 2020-10-28T11:47:59.022+0000: [ParNew: 34438K->6K(38720K), 0.0054395 secs] 1045682K->1011250K(1499932K), 0.0054981 secs] [Times: user=0.01 sys=0.00, real=0.01 secs] 
2020-10-28T11:47:59.062+0000: [GC (Allocation Failure) 2020-10-28T11:47:59.062+0000: [ParNew: 34438K->6K(38720K), 0.0054596 secs] 1045682K->1011250K(1499932K), 0.0055152 secs] [Times: user=0.01 sys=0.00, real=0.01 secs] 
2020-10-28T11:47:59.110+0000: [GC (Allocation Failure) 2020-10-28T11:47:59.110+0000: [ParNew: 34438K->6K(38720K), 0.0053683 secs] 1045682K->1011250K(1499932K), 0.0054249 secs] [Times: user=0.01 sys=0.00, real=0.00 secs] 
2020-10-28T11:47:59.154+0000: [GC (Allocation Failure) 2020-10-28T11:47:59.154+0000: [ParNew: 34438K->6K(38720K), 0.0054434 secs] 1045682K->1011250K(1499932K), 0.0055011 secs] [Times: user=0.01 sys=0.00, real=0.01 secs] 
2020-10-28T11:47:59.196+0000: [GC (Allocation Failure) 2020-10-28T11:47:59.196+0000: [ParNew: 34438K->6K(38720K), 0.0053280 secs] 1045682K->1011250K(1499932K), 0.0053850 secs] [Times: user=0.01 sys=0.00, real=0.01 secs] 
2020-10-28T11:47:59.242+0000: [GC (Allocation Failure) 2020-10-28T11:47:59.242+0000: [ParNew: 34438K->6K(38720K), 0.0055569 secs] 1045682K->1011250K(1499932K), 0.0056141 secs] [Times: user=0.02 sys=0.00, real=0.01 secs] 
2020-10-28T11:47:59.290+0000: [GC (Allocation Failure) 2020-10-28T11:47:59.290+0000: [ParNew: 34438K->6K(38720K), 0.0056440 secs] 1045682K->1011250K(1499932K), 0.0057056 secs] [Times: user=0.01 sys=0.00, real=0.00 secs] 
2020-10-28T11:47:59.331+0000: [GC (Allocation Failure) 2020-10-28T11:47:59.331+0000: [ParNew: 34438K->6K(38720K), 0.0054602 secs] 1045682K->1011250K(1499932K), 0.0055170 secs] [Times: user=0.01 sys=0.00, real=0.00 secs] 
2020-10-28T11:47:59.375+0000: [GC (Allocation Failure) 2020-10-28T11:47:59.375+0000: [ParNew: 34438K->6K(38720K), 0.0062933 secs] 1045682K->1011250K(1499932K), 0.0063534 secs] [Times: user=0.01 sys=0.00, real=0.01 secs] 
2020-10-28T11:47:59.418+0000: [GC (Allocation Failure) 2020-10-28T11:47:59.418+0000: [ParNew: 34438K->6K(38720K), 0.0054544 secs] 1045682K->1011250K(1499932K), 0.0055120 secs] [Times: user=0.01 sys=0.00, real=0.00 secs] 
2020-10-28T11:47:59.459+0000: [GC (Allocation Failure) 2020-10-28T11:47:59.459+0000: [ParNew: 34438K->6K(38720K), 0.0053644 secs] 1045682K->1011250K(1499932K), 0.0054210 secs] [Times: user=0.01 sys=0.00, real=0.00 secs] 
2020-10-28T11:47:59.502+0000: [GC (Allocation Failure) 2020-10-28T11:47:59.502+0000: [ParNew: 34438K->4K(38720K), 0.0055084 secs] 1045682K->1011248K(1499932K), 0.0055680 secs] [Times: user=0.01 sys=0.00, real=0.01 secs] 
2020-10-28T11:47:59.546+0000: [GC (Allocation Failure) 2020-10-28T11:47:59.546+0000: [ParNew: 34436K->6K(38720K), 0.0054299 secs] 1045680K->1011250K(1499932K), 0.0054871 secs] [Times: user=0.01 sys=0.00, real=0.00 secs] 
2020-10-28T11:47:59.593+0000: [GC (Allocation Failure) 2020-10-28T11:47:59.593+0000: [ParNew: 34438K->6K(38720K), 0.0056679 secs] 1045682K->1011250K(1499932K), 0.0057311 secs] [Times: user=0.01 sys=0.00, real=0.01 secs] 
2020-10-28T11:47:59.634+0000: [GC (Allocation Failure) 2020-10-28T11:47:59.634+0000: [ParNew: 34438K->6K(38720K), 0.0053882 secs] 1045682K->1011250K(1499932K), 0.0054474 secs] [Times: user=0.01 sys=0.00, real=0.01 secs] 
2020-10-28T11:47:59.680+0000: [GC (Allocation Failure) 2020-10-28T11:47:59.680+0000: [ParNew: 34438K->8K(38720K), 0.0054391 secs] 1045682K->1011252K(1499932K), 0.0054977 secs] [Times: user=0.01 sys=0.00, real=0.00 secs] 
2020-10-28T11:47:59.722+0000: [GC (Allocation Failure) 2020-10-28T11:47:59.722+0000: [ParNew: 34440K->7K(38720K), 0.0053897 secs] 1045684K->1011252K(1499932K), 0.0054462 secs] [Times: user=0.01 sys=0.00, real=0.01 secs] 
2020-10-28T11:47:59.762+0000: [GC (Allocation Failure) 2020-10-28T11:47:59.762+0000: [ParNew: 34439K->8K(38720K), 0.0055532 secs] 1045684K->1011253K(1499932K), 0.0056111 secs] [Times: user=0.01 sys=0.00, real=0.01 secs] 
2020-10-28T11:47:59.809+0000: [GC (Allocation Failure) 2020-10-28T11:47:59.809+0000: [ParNew: 34440K->8K(38720K), 0.0055974 secs] 1045685K->1011253K(1499932K), 0.0056595 secs] [Times: user=0.01 sys=0.00, real=0.00 secs] 
2020-10-28T11:47:59.858+0000: [GC (Allocation Failure) 2020-10-28T11:47:59.858+0000: [ParNew: 34440K->8K(38720K), 0.0056202 secs] 1045685K->1011253K(1499932K), 0.0056784 secs] [Times: user=0.01 sys=0.00, real=0.00 secs] 
2020-10-28T11:47:59.899+0000: [GC (Allocation Failure) 2020-10-28T11:47:59.899+0000: [ParNew: 34440K->8K(38720K), 0.0055362 secs] 1045685K->1011253K(1499932K), 0.0055942 secs] [Times: user=0.01 sys=0.00, real=0.00 secs] 
2020-10-28T11:47:59.943+0000: [GC (Allocation Failure) 2020-10-28T11:47:59.943+0000: [ParNew: 34440K->5K(38720K), 0.0054868 secs] 1045685K->1011252K(1499932K), 0.0055467 secs] [Times: user=0.01 sys=0.00, real=0.01 secs] 
2020-10-28T11:47:59.984+0000: [GC (Allocation Failure) 2020-10-28T11:47:59.984+0000: [ParNew: 34437K->6K(38720K), 0.0055172 secs] 1045684K->1011253K(1499932K), 0.0055774 secs] [Times: user=0.01 sys=0.00, real=0.01 secs] 
2020-10-28T11:48:00.025+0000: [GC (Allocation Failure) 2020-10-28T11:48:00.025+0000: [ParNew: 34438K->6K(38720K), 0.0057953 secs] 1045685K->1011252K(1499932K), 0.0058642 secs] [Times: user=0.01 sys=0.00, real=0.01 secs] 
2020-10-28T11:48:00.066+0000: [GC (Allocation Failure) 2020-10-28T11:48:00.066+0000: [ParNew: 34438K->6K(38720K), 0.0057423 secs] 1045684K->1011252K(1499932K), 0.0058202 secs] [Times: user=0.02 sys=0.00, real=0.00 secs] 
2020-10-28T11:48:00.113+0000: [GC (Allocation Failure) 2020-10-28T11:48:00.113+0000: [ParNew: 34438K->6K(38720K), 0.0056312 secs] 1045684K->1011252K(1499932K), 0.0056943 secs] [Times: user=0.01 sys=0.00, real=0.01 secs] 
2020-10-28T11:48:00.157+0000: [GC (Allocation Failure) 2020-10-28T11:48:00.157+0000: [ParNew: 34438K->6K(38720K), 0.0056700 secs] 1045684K->1011252K(1499932K), 0.0057318 secs] [Times: user=0.02 sys=0.00, real=0.01 secs] 
2020-10-28T11:48:00.200+0000: [GC (Allocation Failure) 2020-10-28T11:48:00.200+0000: [ParNew: 34438K->6K(38720K), 0.0054761 secs] 1045684K->1011252K(1499932K), 0.0055447 secs] [Times: user=0.01 sys=0.00, real=0.00 secs] 
2020-10-28T11:48:00.242+0000: [GC (Allocation Failure) 2020-10-28T11:48:00.242+0000: [ParNew: 34438K->6K(38720K), 0.0053914 secs] 1045684K->1011252K(1499932K), 0.0054466 secs] [Times: user=0.01 sys=0.00, real=0.01 secs] 
2020-10-28T11:48:00.285+0000: [GC (Allocation Failure) 2020-10-28T11:48:00.285+0000: [ParNew: 34438K->6K(38720K), 0.0055232 secs] 1045684K->1011252K(1499932K), 0.0055814 secs] [Times: user=0.01 sys=0.00, real=0.01 secs] 
2020-10-28T11:48:00.330+0000: [GC (Allocation Failure) 2020-10-28T11:48:00.330+0000: [ParNew: 34438K->6K(38720K), 0.0054314 secs] 1045684K->1011252K(1499932K), 0.0054894 secs] [Times: user=0.01 sys=0.00, real=0.00 secs] 
2020-10-28T11:48:00.370+0000: [GC (Allocation Failure) 2020-10-28T11:48:00.370+0000: [ParNew: 34438K->6K(38720K), 0.0053553 secs] 1045684K->1011252K(1499932K), 0.0054079 secs] [Times: user=0.01 sys=0.00, real=0.00 secs] 
2020-10-28T11:48:00.413+0000: [GC (Allocation Failure) 2020-10-28T11:48:00.413+0000: [ParNew: 34438K->6K(38720K), 0.0054955 secs] 1045684K->1011252K(1499932K), 0.0055539 secs] [Times: user=0.01 sys=0.00, real=0.01 secs] 
2020-10-28T11:48:00.462+0000: [GC (Allocation Failure) 2020-10-28T11:48:00.462+0000: [ParNew: 34438K->6K(38720K), 0.0056850 secs] 1045684K->1011252K(1499932K), 0.0057461 secs] [Times: user=0.01 sys=0.00, real=0.01 secs] 
2020-10-28T11:48:00.503+0000: [GC (Allocation Failure) 2020-10-28T11:48:00.503+0000: [ParNew: 34438K->6K(38720K), 0.0056191 secs] 1045684K->1011252K(1499932K), 0.0056820 secs] [Times: user=0.01 sys=0.00, real=0.01 secs] 
2020-10-28T11:48:00.550+0000: [GC (Allocation Failure) 2020-10-28T11:48:00.550+0000: [ParNew: 34438K->6K(38720K), 0.0056088 secs] 1045684K->1011252K(1499932K), 0.0056735 secs] [Times: user=0.01 sys=0.01, real=0.00 secs] 
2020-10-28T11:48:00.594+0000: [GC (Allocation Failure) 2020-10-28T11:48:00.594+0000: [ParNew: 34438K->6K(38720K), 0.0056504 secs] 1045684K->1011252K(1499932K), 0.0057155 secs] [Times: user=0.01 sys=0.00, real=0.01 secs] 
2020-10-28T11:48:00.642+0000: [GC (Allocation Failure) 2020-10-28T11:48:00.642+0000: [ParNew: 34438K->6K(38720K), 0.0056203 secs] 1045684K->1011252K(1499932K), 0.0056894 secs] [Times: user=0.01 sys=0.00, real=0.01 secs] 
2020-10-28T11:48:00.686+0000: [GC (Allocation Failure) 2020-10-28T11:48:00.686+0000: [ParNew: 34438K->8K(38720K), 0.0055976 secs] 1045684K->1011254K(1499932K), 0.0056609 secs] [Times: user=0.01 sys=0.00, real=0.00 secs] 
2020-10-28T11:48:00.727+0000: [GC (Allocation Failure) 2020-10-28T11:48:00.727+0000: [ParNew: 34440K->6K(38720K), 0.0056536 secs] 1045686K->1011252K(1499932K), 0.0057170 secs] [Times: user=0.01 sys=0.00, real=0.00 secs] 
2020-10-28T11:48:00.768+0000: [GC (Allocation Failure) 2020-10-28T11:48:00.768+0000: [ParNew: 34438K->8K(38720K), 0.0056962 secs] 1045684K->1011254K(1499932K), 0.0057582 secs] [Times: user=0.01 sys=0.00, real=0.00 secs] 
2020-10-28T11:48:00.810+0000: [GC (Allocation Failure) 2020-10-28T11:48:00.810+0000: [ParNew: 34440K->6K(38720K), 0.0055676 secs] 1045686K->1011252K(1499932K), 0.0056293 secs] [Times: user=0.01 sys=0.00, real=0.00 secs] 
2020-10-28T11:48:00.859+0000: [GC (Allocation Failure) 2020-10-28T11:48:00.859+0000: [ParNew: 34438K->6K(38720K), 0.0056022 secs] 1045684K->1011253K(1499932K), 0.0056790 secs] [Times: user=0.01 sys=0.00, real=0.00 secs] 
2020-10-28T11:48:00.905+0000: [GC (Allocation Failure) 2020-10-28T11:48:00.905+0000: [ParNew: 34438K->6K(38720K), 0.0055769 secs] 1045685K->1011253K(1499932K), 0.0056378 secs] [Times: user=0.01 sys=0.00, real=0.01 secs] 
2020-10-28T11:48:00.946+0000: [GC (Allocation Failure) 2020-10-28T11:48:00.946+0000: [ParNew: 34438K->6K(38720K), 0.0055253 secs] 1045685K->1011253K(1499932K), 0.0055855 secs] [Times: user=0.01 sys=0.00, real=0.00 secs] 
2020-10-28T11:48:00.986+0000: [GC (Allocation Failure) 2020-10-28T11:48:00.986+0000: [ParNew: 34438K->6K(38720K), 0.0056759 secs] 1045685K->1011253K(1499932K), 0.0057420 secs] [Times: user=0.01 sys=0.00, real=0.00 secs] 
2020-10-28T11:48:01.027+0000: [GC (Allocation Failure) 2020-10-28T11:48:01.027+0000: [ParNew: 34438K->6K(38720K), 0.0056168 secs] 1045685K->1011253K(1499932K), 0.0056805 secs] [Times: user=0.01 sys=0.00, real=0.00 secs] 
2020-10-28T11:48:01.072+0000: [GC (Allocation Failure) 2020-10-28T11:48:01.072+0000: [ParNew: 34438K->6K(38720K), 0.0056323 secs] 1045685K->1011253K(1499932K), 0.0056945 secs] [Times: user=0.01 sys=0.00, real=0.00 secs] 
2020-10-28T11:48:01.121+0000: [GC (Allocation Failure) 2020-10-28T11:48:01.121+0000: [ParNew: 34438K->4K(38720K), 0.0056258 secs] 1045685K->1011251K(1499932K), 0.0056870 secs] [Times: user=0.02 sys=0.00, real=0.01 secs] 
2020-10-28T11:48:01.162+0000: [GC (Allocation Failure) 2020-10-28T11:48:01.162+0000: [ParNew: 34436K->6K(38720K), 0.0054818 secs] 1045683K->1011253K(1499932K), 0.0055426 secs] [Times: user=0.01 sys=0.00, real=0.01 secs] 
2020-10-28T11:48:01.208+0000: [GC (Allocation Failure) 2020-10-28T11:48:01.208+0000: [ParNew: 34438K->6K(38720K), 0.0064347 secs] 1045685K->1011253K(1499932K), 0.0064982 secs] [Times: user=0.02 sys=0.00, real=0.00 secs] 
2020-10-28T11:48:01.254+0000: [GC (Allocation Failure) 2020-10-28T11:48:01.254+0000: [ParNew: 34438K->6K(38720K), 0.0055771 secs] 1045685K->1011253K(1499932K), 0.0056395 secs] [Times: user=0.01 sys=0.00, real=0.01 secs] 
2020-10-28T11:48:01.298+0000: [GC (Allocation Failure) 2020-10-28T11:48:01.299+0000: [ParNew: 34438K->6K(38720K), 0.0055471 secs] 1045685K->1011253K(1499932K), 0.0056083 secs] [Times: user=0.01 sys=0.00, real=0.00 secs] 
2020-10-28T11:48:01.342+0000: [GC (Allocation Failure) 2020-10-28T11:48:01.342+0000: [ParNew: 34438K->6K(38720K), 0.0055886 secs] 1045685K->1011253K(1499932K), 0.0056496 secs] [Times: user=0.01 sys=0.00, real=0.01 secs] 
2020-10-28T11:48:01.382+0000: [GC (Allocation Failure) 2020-10-28T11:48:01.382+0000: [ParNew: 34438K->6K(38720K), 0.0055764 secs] 1045685K->1011253K(1499932K), 0.0056525 secs] [Times: user=0.02 sys=0.00, real=0.01 secs] 
2020-10-28T11:48:01.430+0000: [GC (Allocation Failure) 2020-10-28T11:48:01.430+0000: [ParNew: 34438K->6K(38720K), 0.0055500 secs] 1045685K->1011253K(1499932K), 0.0056124 secs] [Times: user=0.01 sys=0.00, real=0.00 secs] 
2020-10-28T11:48:01.474+0000: [GC (Allocation Failure) 2020-10-28T11:48:01.474+0000: [ParNew: 34438K->6K(38720K), 0.0056623 secs] 1045685K->1011253K(1499932K), 0.0057255 secs] [Times: user=0.01 sys=0.00, real=0.01 secs] 
2020-10-28T11:48:01.519+0000: [GC (Allocation Failure) 2020-10-28T11:48:01.519+0000: [ParNew: 34438K->6K(38720K), 0.0056933 secs] 1045685K->1011253K(1499932K), 0.0057579 secs] [Times: user=0.01 sys=0.00, real=0.00 secs] 
2020-10-28T11:48:01.559+0000: [GC (Allocation Failure) 2020-10-28T11:48:01.559+0000: [ParNew: 34438K->6K(38720K), 0.0057631 secs] 1045685K->1011253K(1499932K), 0.0058320 secs] [Times: user=0.01 sys=0.00, real=0.00 secs] 
2020-10-28T11:48:01.600+0000: [GC (Allocation Failure) 2020-10-28T11:48:01.600+0000: [ParNew: 34438K->6K(38720K), 0.0057354 secs] 1045685K->1011253K(1499932K), 0.0058009 secs] [Times: user=0.01 sys=0.00, real=0.01 secs] 
2020-10-28T11:48:01.644+0000: [GC (Allocation Failure) 2020-10-28T11:48:01.644+0000: [ParNew: 34438K->6K(38720K), 0.0057142 secs] 1045685K->1011253K(1499932K), 0.0057803 secs] [Times: user=0.01 sys=0.00, real=0.01 secs] 
2020-10-28T11:48:01.686+0000: [GC (Allocation Failure) 2020-10-28T11:48:01.686+0000: [ParNew: 34438K->6K(38720K), 0.0056145 secs] 1045685K->1011253K(1499932K), 0.0056916 secs] [Times: user=0.01 sys=0.00, real=0.00 secs] 
2020-10-28T11:48:01.730+0000: [GC (Allocation Failure) 2020-10-28T11:48:01.730+0000: [ParNew: 34438K->6K(38720K), 0.0056564 secs] 1045685K->1011253K(1499932K), 0.0057208 secs] [Times: user=0.01 sys=0.00, real=0.00 secs] 
2020-10-28T11:48:01.770+0000: [GC (Allocation Failure) 2020-10-28T11:48:01.770+0000: [ParNew: 34438K->6K(38720K), 0.0058294 secs] 1045685K->1011253K(1499932K), 0.0058947 secs] [Times: user=0.01 sys=0.00, real=0.00 secs] 
2020-10-28T11:48:01.814+0000: [GC (Allocation Failure) 2020-10-28T11:48:01.814+0000: [ParNew: 34438K->6K(38720K), 0.0057586 secs] 1045685K->1011253K(1499932K), 0.0058244 secs] [Times: user=0.02 sys=0.00, real=0.01 secs] 
2020-10-28T11:48:01.855+0000: [GC (Allocation Failure) 2020-10-28T11:48:01.855+0000: [ParNew: 34438K->6K(38720K), 0.0058397 secs] 1045685K->1011253K(1499932K), 0.0059049 secs] [Times: user=0.01 sys=0.00, real=0.01 secs] 
2020-10-28T11:48:01.896+0000: [GC (Allocation Failure) 2020-10-28T11:48:01.896+0000: [ParNew: 34438K->6K(38720K), 0.0056613 secs] 1045685K->1011253K(1499932K), 0.0057251 secs] [Times: user=0.01 sys=0.01, real=0.01 secs] 
2020-10-28T11:48:01.937+0000: [GC (Allocation Failure) 2020-10-28T11:48:01.937+0000: [ParNew: 34438K->6K(38720K), 0.0057455 secs] 1045685K->1011253K(1499932K), 0.0058121 secs] [Times: user=0.01 sys=0.00, real=0.01 secs] 
2020-10-28T11:48:01.977+0000: [GC (Allocation Failure) 2020-10-28T11:48:01.977+0000: [ParNew: 34438K->6K(38720K), 0.0057983 secs] 1045685K->1011253K(1499932K), 0.0058643 secs] [Times: user=0.01 sys=0.00, real=0.01 secs] 
2020-10-28T11:48:02.022+0000: [GC (Allocation Failure) 2020-10-28T11:48:02.022+0000: [ParNew: 34438K->6K(38720K), 0.0056303 secs] 1045685K->1011253K(1499932K), 0.0056948 secs] [Times: user=0.01 sys=0.00, real=0.01 secs] 
2020-10-28T11:48:02.066+0000: [GC (Allocation Failure) 2020-10-28T11:48:02.066+0000: [ParNew: 34438K->6K(38720K), 0.0056612 secs] 1045685K->1011253K(1499932K), 0.0057247 secs] [Times: user=0.01 sys=0.00, real=0.00 secs] 
2020-10-28T11:48:02.110+0000: [GC (Allocation Failure) 2020-10-28T11:48:02.110+0000: [ParNew: 34438K->6K(38720K), 0.0056198 secs] 1045685K->1011253K(1499932K), 0.0056839 secs] [Times: user=0.01 sys=0.00, real=0.00 secs] 
2020-10-28T11:48:02.154+0000: [GC (Allocation Failure) 2020-10-28T11:48:02.154+0000: [ParNew: 34438K->6K(38720K), 0.0056217 secs] 1045685K->1011253K(1499932K), 0.0056850 secs] [Times: user=0.01 sys=0.00, real=0.01 secs] 
2020-10-28T11:48:02.201+0000: [GC (Allocation Failure) 2020-10-28T11:48:02.201+0000: [ParNew: 34438K->6K(38720K), 0.0056213 secs] 1045685K->1011253K(1499932K), 0.0056853 secs] [Times: user=0.01 sys=0.00, real=0.01 secs] 
2020-10-28T11:48:02.242+0000: [GC (Allocation Failure) 2020-10-28T11:48:02.242+0000: [ParNew: 34438K->6K(38720K), 0.0057808 secs] 1045685K->1011253K(1499932K), 0.0058471 secs] [Times: user=0.01 sys=0.00, real=0.01 secs] 
2020-10-28T11:48:02.287+0000: [GC (Allocation Failure) 2020-10-28T11:48:02.287+0000: [ParNew: 34438K->4K(38720K), 0.0056316 secs] 1045685K->1011251K(1499932K), 0.0056977 secs] [Times: user=0.01 sys=0.00, real=0.00 secs] 
2020-10-28T11:48:02.332+0000: [GC (Allocation Failure) 2020-10-28T11:48:02.332+0000: [ParNew: 34436K->6K(38720K), 0.0056353 secs] 1045683K->1011253K(1499932K), 0.0057006 secs] [Times: user=0.01 sys=0.00, real=0.00 secs] 
2020-10-28T11:48:02.378+0000: [GC (Allocation Failure) 2020-10-28T11:48:02.378+0000: [ParNew: 34438K->6K(38720K), 0.0056514 secs] 1045685K->1011253K(1499932K), 0.0057128 secs] [Times: user=0.01 sys=0.00, real=0.00 secs] 
2020-10-28T11:48:02.419+0000: [GC (Allocation Failure) 2020-10-28T11:48:02.419+0000: [ParNew: 34438K->6K(38720K), 0.0057193 secs] 1045685K->1011253K(1499932K), 0.0057802 secs] [Times: user=0.01 sys=0.00, real=0.00 secs] 
2020-10-28T11:48:02.462+0000: [GC (Allocation Failure) 2020-10-28T11:48:02.462+0000: [ParNew: 34438K->6K(38720K), 0.0055395 secs] 1045685K->1011253K(1499932K), 0.0056092 secs] [Times: user=0.01 sys=0.00, real=0.01 secs] 
2020-10-28T11:48:02.503+0000: [GC (Allocation Failure) 2020-10-28T11:48:02.503+0000: [ParNew: 34438K->6K(38720K), 0.0056098 secs] 1045685K->1011253K(1499932K), 0.0056704 secs] [Times: user=0.01 sys=0.00, real=0.01 secs] 
2020-10-28T11:48:02.546+0000: [GC (Allocation Failure) 2020-10-28T11:48:02.546+0000: [ParNew: 34438K->6K(38720K), 0.0054760 secs] 1045685K->1011253K(1499932K), 0.0055359 secs] [Times: user=0.01 sys=0.00, real=0.00 secs] 
2020-10-28T11:48:02.591+0000: [GC (Allocation Failure) 2020-10-28T11:48:02.591+0000: [ParNew: 34438K->6K(38720K), 0.0056589 secs] 1045685K->1011253K(1499932K), 0.0057219 secs] [Times: user=0.01 sys=0.00, real=0.00 secs] 
2020-10-28T11:48:02.632+0000: [GC (Allocation Failure) 2020-10-28T11:48:02.632+0000: [ParNew: 34438K->6K(38720K), 0.0054751 secs] 1045685K->1011253K(1499932K), 0.0055328 secs] [Times: user=0.01 sys=0.00, real=0.00 secs] 
2020-10-28T11:48:02.674+0000: [GC (Allocation Failure) 2020-10-28T11:48:02.674+0000: [ParNew: 34438K->6K(38720K), 0.0056583 secs] 1045685K->1011253K(1499932K), 0.0057414 secs] [Times: user=0.02 sys=0.00, real=0.01 secs] 
2020-10-28T11:48:02.715+0000: [GC (Allocation Failure) 2020-10-28T11:48:02.715+0000: [ParNew: 34438K->6K(38720K), 0.0056048 secs] 1045685K->1011253K(1499932K), 0.0056667 secs] [Times: user=0.01 sys=0.00, real=0.01 secs] 
2020-10-28T11:48:02.755+0000: [GC (Allocation Failure) 2020-10-28T11:48:02.756+0000: [ParNew: 34438K->6K(38720K), 0.0057262 secs] 1045685K->1011253K(1499932K), 0.0057910 secs] [Times: user=0.01 sys=0.00, real=0.01 secs] 
2020-10-28T11:48:02.800+0000: [GC (Allocation Failure) 2020-10-28T11:48:02.800+0000: [ParNew: 34438K->6K(38720K), 0.0057067 secs] 1045685K->1011253K(1499932K), 0.0057725 secs] [Times: user=0.01 sys=0.00, real=0.00 secs] 
2020-10-28T11:48:02.842+0000: [GC (Allocation Failure) 2020-10-28T11:48:02.842+0000: [ParNew: 34438K->6K(38720K), 0.0058494 secs] 1045685K->1011253K(1499932K), 0.0059128 secs] [Times: user=0.01 sys=0.00, real=0.01 secs] 
2020-10-28T11:48:02.886+0000: [GC (Allocation Failure) 2020-10-28T11:48:02.886+0000: [ParNew: 34438K->6K(38720K), 0.0056415 secs] 1045685K->1011253K(1499932K), 0.0057070 secs] [Times: user=0.01 sys=0.00, real=0.00 secs] 
2020-10-28T11:48:02.930+0000: [GC (Allocation Failure) 2020-10-28T11:48:02.930+0000: [ParNew: 34438K->6K(38720K), 0.0055238 secs] 1045685K->1011253K(1499932K), 0.0055855 secs] [Times: user=0.01 sys=0.00, real=0.00 secs] 
2020-10-28T11:48:02.970+0000: [GC (Allocation Failure) 2020-10-28T11:48:02.970+0000: [ParNew: 34438K->6K(38720K), 0.0056409 secs] 1045685K->1011253K(1499932K), 0.0057038 secs] [Times: user=0.01 sys=0.00, real=0.00 secs] 
2020-10-28T11:48:03.016+0000: [GC (Allocation Failure) 2020-10-28T11:48:03.016+0000: [ParNew: 34438K->6K(38720K), 0.0055843 secs] 1045685K->1011253K(1499932K), 0.0056475 secs] [Times: user=0.01 sys=0.00, real=0.01 secs] 
2020-10-28T11:48:03.060+0000: [GC (Allocation Failure) 2020-10-28T11:48:03.060+0000: [ParNew: 34438K->6K(38720K), 0.0054839 secs] 1045685K->1011253K(1499932K), 0.0055572 secs] [Times: user=0.01 sys=0.00, real=0.01 secs] 
2020-10-28T11:48:03.102+0000: [GC (Allocation Failure) 2020-10-28T11:48:03.102+0000: [ParNew: 34438K->6K(38720K), 0.0054887 secs] 1045685K->1011253K(1499932K), 0.0055490 secs] [Times: user=0.01 sys=0.00, real=0.01 secs] 
2020-10-28T11:48:03.142+0000: [GC (Allocation Failure) 2020-10-28T11:48:03.142+0000: [ParNew: 34438K->6K(38720K), 0.0055962 secs] 1045685K->1011253K(1499932K), 0.0056581 secs] [Times: user=0.01 sys=0.00, real=0.01 secs] 
2020-10-28T11:48:03.186+0000: [GC (Allocation Failure) 2020-10-28T11:48:03.186+0000: [ParNew: 34438K->6K(38720K), 0.0056227 secs] 1045685K->1011253K(1499932K), 0.0056872 secs] [Times: user=0.01 sys=0.00, real=0.00 secs] 
2020-10-28T11:48:03.227+0000: [GC (Allocation Failure) 2020-10-28T11:48:03.227+0000: [ParNew: 34438K->6K(38720K), 0.0056991 secs] 1045685K->1011253K(1499932K), 0.0057534 secs] [Times: user=0.01 sys=0.00, real=0.00 secs] 
2020-10-28T11:48:03.270+0000: [GC (Allocation Failure) 2020-10-28T11:48:03.270+0000: [ParNew: 34438K->6K(38720K), 0.0056266 secs] 1045685K->1011253K(1499932K), 0.0057030 secs] [Times: user=0.02 sys=0.00, real=0.00 secs] 
2020-10-28T11:48:03.311+0000: [GC (Allocation Failure) 2020-10-28T11:48:03.311+0000: [ParNew: 34438K->6K(38720K), 0.0056720 secs] 1045685K->1011253K(1499932K), 0.0057360 secs] [Times: user=0.01 sys=0.00, real=0.00 secs] 
2020-10-28T11:48:03.357+0000: [GC (Allocation Failure) 2020-10-28T11:48:03.357+0000: [ParNew: 34438K->6K(38720K), 0.0056151 secs] 1045685K->1011253K(1499932K), 0.0056795 secs] [Times: user=0.01 sys=0.00, real=0.01 secs] 
2020-10-28T11:48:03.398+0000: [GC (Allocation Failure) 2020-10-28T11:48:03.398+0000: [ParNew: 34438K->6K(38720K), 0.0055897 secs] 1045685K->1011253K(1499932K), 0.0056503 secs] [Times: user=0.01 sys=0.00, real=0.00 secs] 
2020-10-28T11:48:03.446+0000: [GC (Allocation Failure) 2020-10-28T11:48:03.446+0000: [ParNew: 34438K->6K(38720K), 0.0080269 secs] 1045685K->1011253K(1499932K), 0.0081038 secs] [Times: user=0.01 sys=0.00, real=0.00 secs] 
2020-10-28T11:48:03.496+0000: [GC (Allocation Failure) 2020-10-28T11:48:03.496+0000: [ParNew: 34438K->6K(38720K), 0.0056793 secs] 1045685K->1011253K(1499932K), 0.0057993 secs] [Times: user=0.01 sys=0.00, real=0.01 secs] 
2020-10-28T11:48:03.538+0000: [GC (Allocation Failure) 2020-10-28T11:48:03.538+0000: [ParNew: 34438K->6K(38720K), 0.0056137 secs] 1045685K->1011253K(1499932K), 0.0056737 secs] [Times: user=0.01 sys=0.00, real=0.00 secs] 
2020-10-28T11:48:03.580+0000: [GC (Allocation Failure) 2020-10-28T11:48:03.580+0000: [ParNew: 34438K->6K(38720K), 0.0056319 secs] 1045685K->1011253K(1499932K), 0.0056967 secs] [Times: user=0.01 sys=0.00, real=0.01 secs] 
2020-10-28T11:48:03.625+0000: [GC (Allocation Failure) 2020-10-28T11:48:03.625+0000: [ParNew: 34438K->6K(38720K), 0.0056116 secs] 1045685K->1011253K(1499932K), 0.0056762 secs] [Times: user=0.01 sys=0.00, real=0.01 secs] 
2020-10-28T11:48:03.666+0000: [GC (Allocation Failure) 2020-10-28T11:48:03.666+0000: [ParNew: 34438K->6K(38720K), 0.0054691 secs] 1045685K->1011253K(1499932K), 0.0055293 secs] [Times: user=0.01 sys=0.00, real=0.01 secs] 
2020-10-28T11:48:03.706+0000: [GC (Allocation Failure) 2020-10-28T11:48:03.706+0000: [ParNew: 34438K->6K(38720K), 0.0055963 secs] 1045685K->1011253K(1499932K), 0.0056704 secs] [Times: user=0.01 sys=0.00, real=0.00 secs] 
2020-10-28T11:48:03.751+0000: [GC (Allocation Failure) 2020-10-28T11:48:03.751+0000: [ParNew: 34438K->6K(38720K), 0.0055890 secs] 1045685K->1011253K(1499932K), 0.0056525 secs] [Times: user=0.01 sys=0.00, real=0.00 secs] 
2020-10-28T11:48:03.791+0000: [GC (Allocation Failure) 2020-10-28T11:48:03.791+0000: [ParNew: 34438K->6K(38720K), 0.0057213 secs] 1045685K->1011253K(1499932K), 0.0057992 secs] [Times: user=0.01 sys=0.00, real=0.00 secs] 
2020-10-28T11:48:03.838+0000: [GC (Allocation Failure) 2020-10-28T11:48:03.838+0000: [ParNew: 34438K->6K(38720K), 0.0057517 secs] 1045685K->1011253K(1499932K), 0.0058154 secs] [Times: user=0.01 sys=0.00, real=0.00 secs] 
2020-10-28T11:48:03.879+0000: [GC (Allocation Failure) 2020-10-28T11:48:03.879+0000: [ParNew: 34438K->6K(38720K), 0.0056013 secs] 1045685K->1011253K(1499932K), 0.0056691 secs] [Times: user=0.01 sys=0.00, real=0.00 secs] 
2020-10-28T11:48:03.926+0000: [GC (Allocation Failure) 2020-10-28T11:48:03.926+0000: [ParNew: 34438K->6K(38720K), 0.0055246 secs] 1045685K->1011253K(1499932K), 0.0055858 secs] [Times: user=0.01 sys=0.00, real=0.00 secs] 
2020-10-28T11:48:03.966+0000: [GC (Allocation Failure) 2020-10-28T11:48:03.966+0000: [ParNew: 34438K->6K(38720K), 0.0055192 secs] 1045685K->1011253K(1499932K), 0.0055790 secs] [Times: user=0.01 sys=0.00, real=0.00 secs] 
2020-10-28T11:48:04.010+0000: [GC (Allocation Failure) 2020-10-28T11:48:04.010+0000: [ParNew: 34438K->6K(38720K), 0.0056374 secs] 1045685K->1011253K(1499932K), 0.0057018 secs] [Times: user=0.02 sys=0.00, real=0.00 secs] 
2020-10-28T11:48:04.051+0000: [GC (Allocation Failure) 2020-10-28T11:48:04.051+0000: [ParNew: 34438K->6K(38720K), 0.0055629 secs] 1045685K->1011253K(1499932K), 0.0056295 secs] [Times: user=0.01 sys=0.00, real=0.00 secs] 
2020-10-28T11:48:04.096+0000: [GC (Allocation Failure) 2020-10-28T11:48:04.096+0000: [ParNew: 34438K->6K(38720K), 0.0055700 secs] 1045685K->1011253K(1499932K), 0.0056297 secs] [Times: user=0.01 sys=0.00, real=0.01 secs] 
2020-10-28T11:48:04.138+0000: [GC (Allocation Failure) 2020-10-28T11:48:04.138+0000: [ParNew: 34438K->6K(38720K), 0.0056480 secs] 1045685K->1011253K(1499932K), 0.0057128 secs] [Times: user=0.02 sys=0.00, real=0.00 secs] 
2020-10-28T11:48:04.183+0000: [GC (Allocation Failure) 2020-10-28T11:48:04.183+0000: [ParNew: 34438K->6K(38720K), 0.0056487 secs] 1045685K->1011253K(1499932K), 0.0057129 secs] [Times: user=0.01 sys=0.00, real=0.01 secs] 
2020-10-28T11:48:04.226+0000: [GC (Allocation Failure) 2020-10-28T11:48:04.226+0000: [ParNew: 34438K->4K(38720K), 0.0056235 secs] 1045685K->1011251K(1499932K), 0.0056867 secs] [Times: user=0.01 sys=0.00, real=0.00 secs] 
2020-10-28T11:48:04.270+0000: [GC (Allocation Failure) 2020-10-28T11:48:04.270+0000: [ParNew: 34436K->6K(38720K), 0.0056141 secs] 1045683K->1011254K(1499932K), 0.0056803 secs] [Times: user=0.01 sys=0.00, real=0.00 secs] 
2020-10-28T11:48:04.318+0000: [GC (Allocation Failure) 2020-10-28T11:48:04.318+0000: [ParNew: 34438K->6K(38720K), 0.0056268 secs] 1045686K->1011254K(1499932K), 0.0056921 secs] [Times: user=0.01 sys=0.00, real=0.00 secs] 
2020-10-28T11:48:04.358+0000: [GC (Allocation Failure) 2020-10-28T11:48:04.358+0000: [ParNew: 34438K->6K(38720K), 0.0055587 secs] 1045686K->1011254K(1499932K), 0.0056221 secs] [Times: user=0.01 sys=0.00, real=0.00 secs] 
2020-10-28T11:48:04.399+0000: [GC (Allocation Failure) 2020-10-28T11:48:04.399+0000: [ParNew: 34438K->6K(38720K), 0.0056721 secs] 1045686K->1011254K(1499932K), 0.0057368 secs] [Times: user=0.01 sys=0.00, real=0.00 secs] 
2020-10-28T11:48:04.442+0000: [GC (Allocation Failure) 2020-10-28T11:48:04.442+0000: [ParNew: 34438K->6K(38720K), 0.0055952 secs] 1045686K->1011254K(1499932K), 0.0056575 secs] [Times: user=0.01 sys=0.00, real=0.01 secs] 
2020-10-28T11:48:04.482+0000: [GC (Allocation Failure) 2020-10-28T11:48:04.482+0000: [ParNew: 34438K->6K(38720K), 0.0055814 secs] 1045686K->1011254K(1499932K), 0.0056439 secs] [Times: user=0.01 sys=0.00, real=0.01 secs] 
2020-10-28T11:48:04.523+0000: [GC (Allocation Failure) 2020-10-28T11:48:04.523+0000: [ParNew: 34438K->6K(38720K), 0.0056234 secs] 1045686K->1011254K(1499932K), 0.0056867 secs] [Times: user=0.01 sys=0.00, real=0.01 secs] 
2020-10-28T11:48:04.564+0000: [GC (Allocation Failure) 2020-10-28T11:48:04.564+0000: [ParNew: 34438K->6K(38720K), 0.0056920 secs] 1045686K->1011254K(1499932K), 0.0057573 secs] [Times: user=0.01 sys=0.00, real=0.01 secs] 
2020-10-28T11:48:04.604+0000: [GC (Allocation Failure) 2020-10-28T11:48:04.604+0000: [ParNew: 34438K->6K(38720K), 0.0056122 secs] 1045686K->1011254K(1499932K), 0.0056741 secs] [Times: user=0.01 sys=0.00, real=0.01 secs] 
2020-10-28T11:48:04.646+0000: [GC (Allocation Failure) 2020-10-28T11:48:04.646+0000: [ParNew: 34438K->6K(38720K), 0.0055484 secs] 1045686K->1011254K(1499932K), 0.0056106 secs] [Times: user=0.01 sys=0.00, real=0.00 secs] 
2020-10-28T11:48:04.692+0000: [GC (Allocation Failure) 2020-10-28T11:48:04.692+0000: [ParNew: 34438K->6K(38720K), 0.0056208 secs] 1045686K->1011254K(1499932K), 0.0056844 secs] [Times: user=0.01 sys=0.00, real=0.00 secs] 
2020-10-28T11:48:04.738+0000: [GC (Allocation Failure) 2020-10-28T11:48:04.738+0000: [ParNew: 34438K->6K(38720K), 0.0055733 secs] 1045686K->1011254K(1499932K), 0.0056369 secs] [Times: user=0.01 sys=0.00, real=0.00 secs] 
2020-10-28T11:48:04.782+0000: [GC (Allocation Failure) 2020-10-28T11:48:04.782+0000: [ParNew: 34438K->6K(38720K), 0.0057908 secs] 1045686K->1011254K(1499932K), 0.0058532 secs] [Times: user=0.01 sys=0.00, real=0.01 secs] 
2020-10-28T11:48:04.822+0000: [GC (Allocation Failure) 2020-10-28T11:48:04.822+0000: [ParNew: 34438K->6K(38720K), 0.0056768 secs] 1045686K->1011254K(1499932K), 0.0057395 secs] [Times: user=0.01 sys=0.00, real=0.01 secs] 
2020-10-28T11:48:04.874+0000: [GC (Allocation Failure) 2020-10-28T11:48:04.874+0000: [ParNew: 34438K->6K(38720K), 0.0057420 secs] 1045686K->1011254K(1499932K), 0.0058237 secs] [Times: user=0.01 sys=0.00, real=0.01 secs] 
2020-10-28T11:48:04.922+0000: [GC (Allocation Failure) 2020-10-28T11:48:04.922+0000: [ParNew: 34438K->6K(38720K), 0.0055065 secs] 1045686K->1011254K(1499932K), 0.0055677 secs] [Times: user=0.01 sys=0.00, real=0.01 secs] 
2020-10-28T11:48:04.962+0000: [GC (Allocation Failure) 2020-10-28T11:48:04.962+0000: [ParNew: 34438K->6K(38720K), 0.0055547 secs] 1045686K->1011254K(1499932K), 0.0056168 secs] [Times: user=0.01 sys=0.00, real=0.01 secs] 
2020-10-28T11:48:05.005+0000: [GC (Allocation Failure) 2020-10-28T11:48:05.005+0000: [ParNew: 34438K->6K(38720K), 0.0057186 secs] 1045686K->1011254K(1499932K), 0.0057838 secs] [Times: user=0.01 sys=0.00, real=0.01 secs] 
2020-10-28T11:48:05.046+0000: [GC (Allocation Failure) 2020-10-28T11:48:05.046+0000: [ParNew: 34438K->6K(38720K), 0.0056303 secs] 1045686K->1011254K(1499932K), 0.0056942 secs] [Times: user=0.01 sys=0.00, real=0.00 secs] 
2020-10-28T11:48:05.092+0000: [GC (Allocation Failure) 2020-10-28T11:48:05.092+0000: [ParNew: 34438K->6K(38720K), 0.0055988 secs] 1045686K->1011254K(1499932K), 0.0056602 secs] [Times: user=0.01 sys=0.00, real=0.00 secs] 
2020-10-28T11:48:05.133+0000: [GC (Allocation Failure) 2020-10-28T11:48:05.133+0000: [ParNew: 34438K->6K(38720K), 0.0056808 secs] 1045686K->1011254K(1499932K), 0.0057495 secs] [Times: user=0.01 sys=0.00, real=0.01 secs] 
2020-10-28T11:48:05.174+0000: [GC (Allocation Failure) 2020-10-28T11:48:05.174+0000: [ParNew: 34438K->6K(38720K), 0.0055699 secs] 1045686K->1011254K(1499932K), 0.0056342 secs] [Times: user=0.01 sys=0.00, real=0.01 secs] 
2020-10-28T11:48:05.218+0000: [GC (Allocation Failure) 2020-10-28T11:48:05.218+0000: [ParNew: 34438K->6K(38720K), 0.0055507 secs] 1045686K->1011254K(1499932K), 0.0056035 secs] [Times: user=0.01 sys=0.00, real=0.00 secs] 
2020-10-28T11:48:05.262+0000: [GC (Allocation Failure) 2020-10-28T11:48:05.262+0000: [ParNew: 34438K->6K(38720K), 0.0055817 secs] 1045686K->1011254K(1499932K), 0.0056441 secs] [Times: user=0.01 sys=0.00, real=0.01 secs] 
2020-10-28T11:48:05.302+0000: [GC (Allocation Failure) 2020-10-28T11:48:05.302+0000: [ParNew: 34438K->6K(38720K), 0.0057186 secs] 1045686K->1011254K(1499932K), 0.0057833 secs] [Times: user=0.02 sys=0.00, real=0.01 secs] 
2020-10-28T11:48:05.345+0000: [GC (Allocation Failure) 2020-10-28T11:48:05.345+0000: [ParNew: 34438K->6K(38720K), 0.0055996 secs] 1045686K->1011254K(1499932K), 0.0056628 secs] [Times: user=0.01 sys=0.00, real=0.01 secs] 
2020-10-28T11:48:05.389+0000: [GC (Allocation Failure) 2020-10-28T11:48:05.389+0000: [ParNew: 34438K->6K(38720K), 0.0055740 secs] 1045686K->1011254K(1499932K), 0.0056368 secs] [Times: user=0.01 sys=0.00, real=0.00 secs] 
2020-10-28T11:48:05.434+0000: [GC (Allocation Failure) 2020-10-28T11:48:05.434+0000: [ParNew: 34438K->6K(38720K), 0.0055693 secs] 1045686K->1011254K(1499932K), 0.0056304 secs] [Times: user=0.01 sys=0.00, real=0.01 secs] 
2020-10-28T11:48:05.478+0000: [GC (Allocation Failure) 2020-10-28T11:48:05.478+0000: [ParNew: 34438K->6K(38720K), 0.0055111 secs] 1045686K->1011254K(1499932K), 0.0055720 secs] [Times: user=0.02 sys=0.00, real=0.00 secs] 
2020-10-28T11:48:05.519+0000: [GC (Allocation Failure) 2020-10-28T11:48:05.519+0000: [ParNew: 34438K->4K(38720K), 0.0054587 secs] 1045686K->1011252K(1499932K), 0.0055167 secs] [Times: user=0.01 sys=0.00, real=0.00 secs] 
2020-10-28T11:48:05.559+0000: [GC (Allocation Failure) 2020-10-28T11:48:05.559+0000: [ParNew: 34436K->4K(38720K), 0.0055890 secs] 1045684K->1011252K(1499932K), 0.0056505 secs] [Times: user=0.01 sys=0.00, real=0.00 secs] 
2020-10-28T11:48:05.600+0000: [GC (Allocation Failure) 2020-10-28T11:48:05.600+0000: [ParNew: 34436K->4K(38720K), 0.0055735 secs] 1045684K->1011252K(1499932K), 0.0056337 secs] [Times: user=0.01 sys=0.00, real=0.00 secs] 
2020-10-28T11:48:05.644+0000: [GC (Allocation Failure) 2020-10-28T11:48:05.644+0000: [ParNew: 34436K->6K(38720K), 0.0055839 secs] 1045684K->1011254K(1499932K), 0.0056468 secs] [Times: user=0.01 sys=0.00, real=0.01 secs] 
2020-10-28T11:48:05.688+0000: [GC (Allocation Failure) 2020-10-28T11:48:05.688+0000: [ParNew: 34438K->6K(38720K), 0.0055265 secs] 1045686K->1011254K(1499932K), 0.0055863 secs] [Times: user=0.01 sys=0.00, real=0.00 secs] 
2020-10-28T11:48:05.728+0000: [GC (Allocation Failure) 2020-10-28T11:48:05.729+0000: [ParNew: 34438K->8K(38720K), 0.0056134 secs] 1045686K->1011256K(1499932K), 0.0056752 secs] [Times: user=0.01 sys=0.00, real=0.00 secs] 
2020-10-28T11:48:05.769+0000: [GC (Allocation Failure) 2020-10-28T11:48:05.769+0000: [ParNew: 34440K->6K(38720K), 0.0056344 secs] 1045688K->1011254K(1499932K), 0.0057126 secs] [Times: user=0.01 sys=0.00, real=0.00 secs] 
2020-10-28T11:48:05.814+0000: [GC (Allocation Failure) 2020-10-28T11:48:05.814+0000: [ParNew: 34438K->6K(38720K), 0.0057324 secs] 1045686K->1011254K(1499932K), 0.0057960 secs] [Times: user=0.01 sys=0.00, real=0.01 secs] 
2020-10-28T11:48:05.855+0000: [GC (Allocation Failure) 2020-10-28T11:48:05.855+0000: [ParNew: 34438K->8K(38720K), 0.0057433 secs] 1045686K->1011256K(1499932K), 0.0058039 secs] [Times: user=0.01 sys=0.00, real=0.01 secs] 
2020-10-28T11:48:05.898+0000: [GC (Allocation Failure) 2020-10-28T11:48:05.898+0000: [ParNew: 34440K->4K(38720K), 0.0056347 secs] 1045688K->1011252K(1499932K), 0.0056989 secs] [Times: user=0.01 sys=0.00, real=0.00 secs] 
2020-10-28T11:48:05.942+0000: [GC (Allocation Failure) 2020-10-28T11:48:05.942+0000: [ParNew: 34436K->6K(38720K), 0.0054558 secs] 1045684K->1011254K(1499932K), 0.0055167 secs] [Times: user=0.01 sys=0.00, real=0.01 secs] 
2020-10-28T11:48:05.989+0000: [GC (Allocation Failure) 2020-10-28T11:48:05.989+0000: [ParNew: 34438K->6K(38720K), 0.0056023 secs] 1045686K->1011254K(1499932K), 0.0056643 secs] [Times: user=0.01 sys=0.00, real=0.00 secs] 
2020-10-28T11:48:06.029+0000: [GC (Allocation Failure) 2020-10-28T11:48:06.029+0000: [ParNew: 34438K->6K(38720K), 0.0056909 secs] 1045686K->1011254K(1499932K), 0.0057750 secs] [Times: user=0.01 sys=0.00, real=0.00 secs] 
2020-10-28T11:48:06.074+0000: [GC (Allocation Failure) 2020-10-28T11:48:06.074+0000: [ParNew: 34438K->6K(38720K), 0.0055853 secs] 1045686K->1011254K(1499932K), 0.0056481 secs] [Times: user=0.01 sys=0.00, real=0.01 secs] 
2020-10-28T11:48:06.118+0000: [GC (Allocation Failure) 2020-10-28T11:48:06.118+0000: [ParNew: 34438K->6K(38720K), 0.0056075 secs] 1045686K->1011254K(1499932K), 0.0056676 secs] [Times: user=0.01 sys=0.00, real=0.00 secs] 
2020-10-28T11:48:06.162+0000: [GC (Allocation Failure) 2020-10-28T11:48:06.162+0000: [ParNew: 34438K->6K(38720K), 0.0056214 secs] 1045686K->1011254K(1499932K), 0.0056867 secs] [Times: user=0.01 sys=0.00, real=0.01 secs] 
2020-10-28T11:48:06.207+0000: [GC (Allocation Failure) 2020-10-28T11:48:06.207+0000: [ParNew: 34438K->6K(38720K), 0.0056368 secs] 1045686K->1011254K(1499932K), 0.0057008 secs] [Times: user=0.02 sys=0.00, real=0.00 secs] 
2020-10-28T11:48:06.254+0000: [GC (Allocation Failure) 2020-10-28T11:48:06.254+0000: [ParNew: 34438K->6K(38720K), 0.0057018 secs] 1045686K->1011254K(1499932K), 0.0057698 secs] [Times: user=0.01 sys=0.00, real=0.01 secs] 
2020-10-28T11:48:06.300+0000: [GC (Allocation Failure) 2020-10-28T11:48:06.300+0000: [ParNew: 34438K->6K(38720K), 0.0056622 secs] 1045686K->1011254K(1499932K), 0.0057266 secs] [Times: user=0.01 sys=0.00, real=0.01 secs] 
2020-10-28T11:48:06.346+0000: [GC (Allocation Failure) 2020-10-28T11:48:06.346+0000: [ParNew: 34438K->6K(38720K), 0.0060297 secs] 1045686K->1011254K(1499932K), 0.0061019 secs] [Times: user=0.01 sys=0.00, real=0.00 secs] 
2020-10-28T11:48:06.390+0000: [GC (Allocation Failure) 2020-10-28T11:48:06.390+0000: [ParNew: 34438K->6K(38720K), 0.0055654 secs] 1045686K->1011254K(1499932K), 0.0056250 secs] [Times: user=0.01 sys=0.00, real=0.00 secs] 
2020-10-28T11:48:06.431+0000: [GC (Allocation Failure) 2020-10-28T11:48:06.432+0000: [ParNew: 34438K->6K(38720K), 0.0054465 secs] 1045686K->1011254K(1499932K), 0.0055040 secs] [Times: user=0.02 sys=0.00, real=0.00 secs] 
2020-10-28T11:48:06.474+0000: [GC (Allocation Failure) 2020-10-28T11:48:06.474+0000: [ParNew: 34438K->6K(38720K), 0.0054121 secs] 1045686K->1011254K(1499932K), 0.0054707 secs] [Times: user=0.02 sys=0.00, real=0.01 secs] 
2020-10-28T11:48:06.524+0000: [GC (Allocation Failure) 2020-10-28T11:48:06.524+0000: [ParNew: 34438K->6K(38720K), 0.0055319 secs] 1045686K->1011254K(1499932K), 0.0055946 secs] [Times: user=0.01 sys=0.00, real=0.01 secs] 
2020-10-28T11:48:06.570+0000: [GC (Allocation Failure) 2020-10-28T11:48:06.570+0000: [ParNew: 34438K->6K(38720K), 0.0054406 secs] 1045686K->1011254K(1499932K), 0.0054966 secs] [Times: user=0.01 sys=0.00, real=0.00 secs] 
2020-10-28T11:48:06.614+0000: [GC (Allocation Failure) 2020-10-28T11:48:06.614+0000: [ParNew: 34438K->6K(38720K), 0.0055513 secs] 1045686K->1011254K(1499932K), 0.0056143 secs] [Times: user=0.01 sys=0.00, real=0.01 secs] 
2020-10-28T11:48:06.658+0000: [GC (Allocation Failure) 2020-10-28T11:48:06.658+0000: [ParNew: 34438K->6K(38720K), 0.0054531 secs] 1045686K->1011254K(1499932K), 0.0055122 secs] [Times: user=0.01 sys=0.00, real=0.00 secs] 
2020-10-28T11:48:06.703+0000: [GC (Allocation Failure) 2020-10-28T11:48:06.703+0000: [ParNew: 34438K->6K(38720K), 0.0054007 secs] 1045686K->1011254K(1499932K), 0.0054571 secs] [Times: user=0.01 sys=0.00, real=0.01 secs] 
2020-10-28T11:48:06.743+0000: [GC (Allocation Failure) 2020-10-28T11:48:06.743+0000: [ParNew: 34438K->6K(38720K), 0.0053268 secs] 1045686K->1011254K(1499932K), 0.0053835 secs] [Times: user=0.01 sys=0.00, real=0.01 secs] 
2020-10-28T11:48:06.784+0000: [GC (Allocation Failure) 2020-10-28T11:48:06.784+0000: [ParNew: 34438K->6K(38720K), 0.0056719 secs] 1045686K->1011254K(1499932K), 0.0057313 secs] [Times: user=0.01 sys=0.00, real=0.01 secs] 
2020-10-28T11:48:06.824+0000: [GC (Allocation Failure) 2020-10-28T11:48:06.824+0000: [ParNew: 34438K->6K(38720K), 0.0056526 secs] 1045686K->1011254K(1499932K), 0.0057129 secs] [Times: user=0.01 sys=0.00, real=0.01 secs] 
2020-10-28T11:48:06.866+0000: [GC (Allocation Failure) 2020-10-28T11:48:06.866+0000: [ParNew: 34438K->6K(38720K), 0.0056673 secs] 1045686K->1011254K(1499932K), 0.0057287 secs] [Times: user=0.01 sys=0.00, real=0.00 secs] 
2020-10-28T11:48:06.914+0000: [GC (Allocation Failure) 2020-10-28T11:48:06.914+0000: [ParNew: 34438K->6K(38720K), 0.0055950 secs] 1045686K->1011254K(1499932K), 0.0056582 secs] [Times: user=0.02 sys=0.00, real=0.01 secs] 
2020-10-28T11:48:06.959+0000: [GC (Allocation Failure) 2020-10-28T11:48:06.959+0000: [ParNew: 34438K->6K(38720K), 0.0056096 secs] 1045686K->1011254K(1499932K), 0.0056715 secs] [Times: user=0.01 sys=0.00, real=0.00 secs] 
2020-10-28T11:48:06.999+0000: [GC (Allocation Failure) 2020-10-28T11:48:07.000+0000: [ParNew: 34438K->6K(38720K), 0.0055980 secs] 1045686K->1011254K(1499932K), 0.0056610 secs] [Times: user=0.01 sys=0.00, real=0.00 secs] 
2020-10-28T11:48:07.044+0000: [GC (Allocation Failure) 2020-10-28T11:48:07.044+0000: [ParNew: 34438K->6K(38720K), 0.0055054 secs] 1045686K->1011254K(1499932K), 0.0055670 secs] [Times: user=0.01 sys=0.00, real=0.01 secs] 
2020-10-28T11:48:07.086+0000: [GC (Allocation Failure) 2020-10-28T11:48:07.086+0000: [ParNew: 34438K->6K(38720K), 0.0055124 secs] 1045686K->1011254K(1499932K), 0.0055743 secs] [Times: user=0.02 sys=0.00, real=0.00 secs] 
2020-10-28T11:48:07.126+0000: [GC (Allocation Failure) 2020-10-28T11:48:07.126+0000: [ParNew: 34438K->6K(38720K), 0.0056427 secs] 1045686K->1011254K(1499932K), 0.0057222 secs] [Times: user=0.02 sys=0.00, real=0.00 secs] 
2020-10-28T11:48:07.170+0000: [GC (Allocation Failure) 2020-10-28T11:48:07.170+0000: [ParNew: 34438K->6K(38720K), 0.0056433 secs] 1045686K->1011254K(1499932K), 0.0057047 secs] [Times: user=0.01 sys=0.00, real=0.00 secs] 
2020-10-28T11:48:07.218+0000: [GC (Allocation Failure) 2020-10-28T11:48:07.218+0000: [ParNew: 34438K->6K(38720K), 0.0057299 secs] 1045686K->1011254K(1499932K), 0.0057834 secs] [Times: user=0.01 sys=0.00, real=0.00 secs] 
2020-10-28T11:48:07.267+0000: [GC (Allocation Failure) 2020-10-28T11:48:07.267+0000: [ParNew: 34438K->6K(38720K), 0.0055523 secs] 1045686K->1011255K(1499932K), 0.0056141 secs] [Times: user=0.01 sys=0.00, real=0.00 secs] 
2020-10-28T11:48:07.307+0000: [GC (Allocation Failure) 2020-10-28T11:48:07.307+0000: [ParNew: 34438K->8K(38720K), 0.0057021 secs] 1045687K->1011256K(1499932K), 0.0057658 secs] [Times: user=0.01 sys=0.00, real=0.00 secs] 
2020-10-28T11:48:07.352+0000: [GC (Allocation Failure) 2020-10-28T11:48:07.352+0000: [ParNew: 34440K->6K(38720K), 0.0055410 secs] 1045688K->1011255K(1499932K), 0.0056025 secs] [Times: user=0.01 sys=0.00, real=0.00 secs] 
2020-10-28T11:48:07.396+0000: [GC (Allocation Failure) 2020-10-28T11:48:07.396+0000: [ParNew: 34438K->8K(38720K), 0.0054710 secs] 1045687K->1011257K(1499932K), 0.0055307 secs] [Times: user=0.01 sys=0.00, real=0.01 secs] 
2020-10-28T11:48:07.438+0000: [GC (Allocation Failure) 2020-10-28T11:48:07.438+0000: [ParNew: 34440K->6K(38720K), 0.0055206 secs] 1045689K->1011254K(1499932K), 0.0055798 secs] [Times: user=0.01 sys=0.00, real=0.00 secs] 
2020-10-28T11:48:07.486+0000: [GC (Allocation Failure) 2020-10-28T11:48:07.486+0000: [ParNew: 34438K->6K(38720K), 0.0054712 secs] 1045686K->1011255K(1499932K), 0.0055307 secs] [Times: user=0.01 sys=0.00, real=0.00 secs] 
2020-10-28T11:48:07.530+0000: [GC (Allocation Failure) 2020-10-28T11:48:07.530+0000: [ParNew: 34438K->4K(38720K), 0.0056406 secs] 1045687K->1011254K(1499932K), 0.0057009 secs] [Times: user=0.02 sys=0.00, real=0.00 secs] 
2020-10-28T11:48:07.574+0000: [GC (Allocation Failure) 2020-10-28T11:48:07.574+0000: [ParNew: 34436K->6K(38720K), 0.0054996 secs] 1045686K->1011255K(1499932K), 0.0055597 secs] [Times: user=0.01 sys=0.00, real=0.01 secs] 
2020-10-28T11:48:07.618+0000: [GC (Allocation Failure) 2020-10-28T11:48:07.618+0000: [ParNew: 34438K->6K(38720K), 0.0054661 secs] 1045687K->1011255K(1499932K), 0.0055479 secs] [Times: user=0.01 sys=0.00, real=0.00 secs] 
2020-10-28T11:48:07.658+0000: [GC (Allocation Failure) 2020-10-28T11:48:07.658+0000: [ParNew: 34438K->6K(38720K), 0.0056642 secs] 1045687K->1011255K(1499932K), 0.0057286 secs] [Times: user=0.02 sys=0.00, real=0.00 secs] 
2020-10-28T11:48:07.704+0000: [GC (Allocation Failure) 2020-10-28T11:48:07.704+0000: [ParNew: 34438K->6K(38720K), 0.0056602 secs] 1045687K->1011255K(1499932K), 0.0057228 secs] [Times: user=0.01 sys=0.00, real=0.01 secs] 
2020-10-28T11:48:07.746+0000: [GC (Allocation Failure) 2020-10-28T11:48:07.746+0000: [ParNew: 34438K->6K(38720K), 0.0056216 secs] 1045687K->1011255K(1499932K), 0.0056860 secs] [Times: user=0.01 sys=0.00, real=0.00 secs] 
2020-10-28T11:48:07.792+0000: [GC (Allocation Failure) 2020-10-28T11:48:07.792+0000: [ParNew: 34438K->6K(38720K), 0.0057731 secs] 1045687K->1011255K(1499932K), 0.0058486 secs] [Times: user=0.01 sys=0.00, real=0.00 secs] 
2020-10-28T11:48:07.839+0000: [GC (Allocation Failure) 2020-10-28T11:48:07.839+0000: [ParNew: 34438K->24K(38720K), 0.0057888 secs] 1045687K->1011274K(1499932K), 0.0058526 secs] [Times: user=0.01 sys=0.00, real=0.00 secs] 
2020-10-28T11:48:07.894+0000: [GC (Allocation Failure) 2020-10-28T11:48:07.894+0000: [ParNew: 34456K->10K(38720K), 0.0081636 secs] 1045706K->1011260K(1499932K), 0.0082298 secs] [Times: user=0.01 sys=0.00, real=0.01 secs] 
2020-10-28T11:48:07.950+0000: [GC (Allocation Failure) 2020-10-28T11:48:07.950+0000: [ParNew: 34442K->6K(38720K), 0.0080678 secs] 1045692K->1011255K(1499932K), 0.0081332 secs] [Times: user=0.02 sys=0.00, real=0.01 secs] 
2020-10-28T11:48:08.007+0000: [GC (Allocation Failure) 2020-10-28T11:48:08.007+0000: [ParNew: 34438K->7K(38720K), 0.0060730 secs] 1045687K->1011256K(1499932K), 0.0061516 secs] [Times: user=0.02 sys=0.00, real=0.00 secs] 
2020-10-28T11:48:08.061+0000: [GC (Allocation Failure) 2020-10-28T11:48:08.061+0000: [ParNew: 34439K->7K(38720K), 0.0127662 secs] 1045688K->1011257K(1499932K), 0.0128375 secs] [Times: user=0.03 sys=0.00, real=0.01 secs] 
2020-10-28T11:48:08.130+0000: [GC (Allocation Failure) 2020-10-28T11:48:08.130+0000: [ParNew: 34439K->7K(38720K), 0.0056714 secs] 1045689K->1011257K(1499932K), 0.0057560 secs] [Times: user=0.01 sys=0.00, real=0.00 secs] 
2020-10-28T11:48:08.184+0000: [GC (Allocation Failure) 2020-10-28T11:48:08.184+0000: [ParNew: 34439K->5K(38720K), 0.0057288 secs] 1045689K->1011256K(1499932K), 0.0058133 secs] [Times: user=0.02 sys=0.00, real=0.01 secs] 
2020-10-28T11:48:08.238+0000: [GC (Allocation Failure) 2020-10-28T11:48:08.238+0000: [ParNew: 34437K->6K(38720K), 0.0055921 secs] 1045688K->1011257K(1499932K), 0.0056734 secs] [Times: user=0.01 sys=0.00, real=0.00 secs] 
2020-10-28T11:48:08.291+0000: [GC (Allocation Failure) 2020-10-28T11:48:08.291+0000: [ParNew: 34438K->6K(38720K), 0.0055604 secs] 1045689K->1011257K(1499932K), 0.0056414 secs] [Times: user=0.01 sys=0.00, real=0.00 secs] 
2020-10-28T11:48:08.347+0000: [GC (Allocation Failure) 2020-10-28T11:48:08.347+0000: [ParNew: 34438K->6K(38720K), 0.0056014 secs] 1045689K->1011257K(1499932K), 0.0056568 secs] [Times: user=0.01 sys=0.00, real=0.00 secs] 
2020-10-28T11:48:08.390+0000: [GC (Allocation Failure) 2020-10-28T11:48:08.390+0000: [ParNew: 34438K->6K(38720K), 0.0055790 secs] 1045689K->1011257K(1499932K), 0.0056425 secs] [Times: user=0.01 sys=0.00, real=0.00 secs] 
2020-10-28T11:48:08.434+0000: [GC (Allocation Failure) 2020-10-28T11:48:08.434+0000: [ParNew: 34438K->6K(38720K), 0.0055546 secs] 1045689K->1011257K(1499932K), 0.0056150 secs] [Times: user=0.01 sys=0.00, real=0.01 secs] 
2020-10-28T11:48:08.477+0000: [GC (Allocation Failure) 2020-10-28T11:48:08.478+0000: [ParNew: 34438K->6K(38720K), 0.0054599 secs] 1045689K->1011257K(1499932K), 0.0055203 secs] [Times: user=0.01 sys=0.00, real=0.01 secs] 
2020-10-28T11:48:08.522+0000: [GC (Allocation Failure) 2020-10-28T11:48:08.522+0000: [ParNew: 34438K->6K(38720K), 0.0053971 secs] 1045689K->1011257K(1499932K), 0.0054551 secs] [Times: user=0.01 sys=0.00, real=0.01 secs] 
2020-10-28T11:48:08.562+0000: [GC (Allocation Failure) 2020-10-28T11:48:08.562+0000: [ParNew: 34438K->6K(38720K), 0.0054777 secs] 1045689K->1011257K(1499932K), 0.0055355 secs] [Times: user=0.01 sys=0.00, real=0.01 secs] 
2020-10-28T11:48:08.607+0000: [GC (Allocation Failure) 2020-10-28T11:48:08.607+0000: [ParNew: 34438K->6K(38720K), 0.0054894 secs] 1045689K->1011257K(1499932K), 0.0055493 secs] [Times: user=0.02 sys=0.00, real=0.00 secs] 
2020-10-28T11:48:08.647+0000: [GC (Allocation Failure) 2020-10-28T11:48:08.647+0000: [ParNew: 34438K->6K(38720K), 0.0054062 secs] 1045689K->1011257K(1499932K), 0.0054637 secs] [Times: user=0.01 sys=0.00, real=0.00 secs] 
2020-10-28T11:48:08.692+0000: [GC (Allocation Failure) 2020-10-28T11:48:08.692+0000: [ParNew: 34438K->6K(38720K), 0.0055023 secs] 1045689K->1011257K(1499932K), 0.0055611 secs] [Times: user=0.02 sys=0.00, real=0.00 secs] 
2020-10-28T11:48:08.738+0000: [GC (Allocation Failure) 2020-10-28T11:48:08.738+0000: [ParNew: 34438K->6K(38720K), 0.0054759 secs] 1045689K->1011257K(1499932K), 0.0055345 secs] [Times: user=0.01 sys=0.00, real=0.00 secs] 
2020-10-28T11:48:08.782+0000: [GC (Allocation Failure) 2020-10-28T11:48:08.782+0000: [ParNew: 34438K->6K(38720K), 0.0058384 secs] 1045689K->1011257K(1499932K), 0.0059021 secs] [Times: user=0.01 sys=0.00, real=0.01 secs] 
2020-10-28T11:48:08.827+0000: [GC (Allocation Failure) 2020-10-28T11:48:08.827+0000: [ParNew: 34438K->6K(38720K), 0.0054629 secs] 1045689K->1011257K(1499932K), 0.0055237 secs] [Times: user=0.01 sys=0.00, real=0.00 secs] 
2020-10-28T11:48:08.867+0000: [GC (Allocation Failure) 2020-10-28T11:48:08.867+0000: [ParNew: 34438K->6K(38720K), 0.0055372 secs] 1045689K->1011257K(1499932K), 0.0055959 secs] [Times: user=0.01 sys=0.00, real=0.00 secs] 
2020-10-28T11:48:08.907+0000: [GC (Allocation Failure) 2020-10-28T11:48:08.907+0000: [ParNew: 34438K->6K(38720K), 0.0054472 secs] 1045689K->1011257K(1499932K), 0.0055045 secs] [Times: user=0.01 sys=0.00, real=0.00 secs] 
2020-10-28T11:48:08.952+0000: [GC (Allocation Failure) 2020-10-28T11:48:08.952+0000: [ParNew: 34438K->6K(38720K), 0.0054825 secs] 1045689K->1011257K(1499932K), 0.0055413 secs] [Times: user=0.01 sys=0.00, real=0.00 secs] 
2020-10-28T11:48:08.992+0000: [GC (Allocation Failure) 2020-10-28T11:48:08.992+0000: [ParNew: 34438K->6K(38720K), 0.0057093 secs] 1045689K->1011257K(1499932K), 0.0057885 secs] [Times: user=0.01 sys=0.00, real=0.01 secs] 
2020-10-28T11:48:09.034+0000: [GC (Allocation Failure) 2020-10-28T11:48:09.034+0000: [ParNew: 34438K->6K(38720K), 0.0056337 secs] 1045689K->1011257K(1499932K), 0.0056970 secs] [Times: user=0.01 sys=0.00, real=0.01 secs] 
2020-10-28T11:48:09.078+0000: [GC (Allocation Failure) 2020-10-28T11:48:09.078+0000: [ParNew: 34438K->6K(38720K), 0.0055918 secs] 1045689K->1011257K(1499932K), 0.0056526 secs] [Times: user=0.01 sys=0.00, real=0.00 secs] 
2020-10-28T11:48:09.118+0000: [GC (Allocation Failure) 2020-10-28T11:48:09.118+0000: [ParNew: 34438K->6K(38720K), 0.0054920 secs] 1045689K->1011257K(1499932K), 0.0055703 secs] [Times: user=0.01 sys=0.00, real=0.00 secs] 
2020-10-28T11:48:09.166+0000: [GC (Allocation Failure) 2020-10-28T11:48:09.166+0000: [ParNew: 34438K->6K(38720K), 0.0054568 secs] 1045689K->1011257K(1499932K), 0.0055099 secs] [Times: user=0.01 sys=0.00, real=0.00 secs] 
2020-10-28T11:48:09.206+0000: [GC (Allocation Failure) 2020-10-28T11:48:09.206+0000: [ParNew: 34438K->6K(38720K), 0.0054282 secs] 1045689K->1011257K(1499932K), 0.0054865 secs] [Times: user=0.01 sys=0.00, real=0.01 secs] 
2020-10-28T11:48:09.249+0000: [GC (Allocation Failure) 2020-10-28T11:48:09.249+0000: [ParNew: 34438K->6K(38720K), 0.0055185 secs] 1045689K->1011257K(1499932K), 0.0055729 secs] [Times: user=0.01 sys=0.00, real=0.00 secs] 
2020-10-28T11:48:09.294+0000: [GC (Allocation Failure) 2020-10-28T11:48:09.294+0000: [ParNew: 34438K->6K(38720K), 0.0055889 secs] 1045689K->1011257K(1499932K), 0.0056591 secs] [Times: user=0.01 sys=0.00, real=0.01 secs] 
2020-10-28T11:48:09.338+0000: [GC (Allocation Failure) 2020-10-28T11:48:09.338+0000: [ParNew: 34438K->6K(38720K), 0.0054430 secs] 1045689K->1011257K(1499932K), 0.0054929 secs] [Times: user=0.01 sys=0.00, real=0.00 secs] 
2020-10-28T11:48:09.382+0000: [GC (Allocation Failure) 2020-10-28T11:48:09.382+0000: [ParNew: 34438K->6K(38720K), 0.0054506 secs] 1045689K->1011257K(1499932K), 0.0055095 secs] [Times: user=0.01 sys=0.00, real=0.01 secs] 
2020-10-28T11:48:09.430+0000: [GC (Allocation Failure) 2020-10-28T11:48:09.430+0000: [ParNew: 34438K->6K(38720K), 0.0063446 secs] 1045689K->1011257K(1499932K), 0.0064032 secs] [Times: user=0.01 sys=0.00, real=0.00 secs] 
2020-10-28T11:48:09.471+0000: [GC (Allocation Failure) 2020-10-28T11:48:09.471+0000: [ParNew: 34438K->6K(38720K), 0.0054623 secs] 1045689K->1011257K(1499932K), 0.0055203 secs] [Times: user=0.01 sys=0.00, real=0.00 secs] 
2020-10-28T11:48:09.521+0000: [GC (Allocation Failure) 2020-10-28T11:48:09.521+0000: [ParNew: 34438K->6K(38720K), 0.0056192 secs] 1045689K->1011257K(1499932K), 0.0056811 secs] [Times: user=0.02 sys=0.00, real=0.01 secs] 
2020-10-28T11:48:09.562+0000: [GC (Allocation Failure) 2020-10-28T11:48:09.562+0000: [ParNew: 34438K->6K(38720K), 0.0055589 secs] 1045689K->1011257K(1499932K), 0.0056205 secs] [Times: user=0.01 sys=0.00, real=0.01 secs] 
2020-10-28T11:48:09.606+0000: [GC (Allocation Failure) 2020-10-28T11:48:09.606+0000: [ParNew: 34438K->6K(38720K), 0.0055963 secs] 1045689K->1011257K(1499932K), 0.0056590 secs] [Times: user=0.01 sys=0.00, real=0.00 secs] 
2020-10-28T11:48:09.646+0000: [GC (Allocation Failure) 2020-10-28T11:48:09.646+0000: [ParNew: 34438K->6K(38720K), 0.0057181 secs] 1045689K->1011257K(1499932K), 0.0057802 secs] [Times: user=0.01 sys=0.00, real=0.00 secs] 
2020-10-28T11:48:09.690+0000: [GC (Allocation Failure) 2020-10-28T11:48:09.690+0000: [ParNew: 34438K->6K(38720K), 0.0056336 secs] 1045689K->1011257K(1499932K), 0.0056991 secs] [Times: user=0.02 sys=0.00, real=0.00 secs] 
2020-10-28T11:48:09.734+0000: [GC (Allocation Failure) 2020-10-28T11:48:09.734+0000: [ParNew: 34438K->6K(38720K), 0.0055197 secs] 1045689K->1011257K(1499932K), 0.0055792 secs] [Times: user=0.01 sys=0.00, real=0.01 secs] 
2020-10-28T11:48:09.774+0000: [GC (Allocation Failure) 2020-10-28T11:48:09.774+0000: [ParNew: 34438K->6K(38720K), 0.0055763 secs] 1045689K->1011257K(1499932K), 0.0056362 secs] [Times: user=0.01 sys=0.00, real=0.01 secs] 
2020-10-28T11:48:09.818+0000: [GC (Allocation Failure) 2020-10-28T11:48:09.818+0000: [ParNew: 34438K->6K(38720K), 0.0056587 secs] 1045689K->1011257K(1499932K), 0.0057220 secs] [Times: user=0.01 sys=0.00, real=0.01 secs] 
2020-10-28T11:48:09.865+0000: [GC (Allocation Failure) 2020-10-28T11:48:09.865+0000: [ParNew: 34438K->6K(38720K), 0.0056641 secs] 1045689K->1011257K(1499932K), 0.0057263 secs] [Times: user=0.01 sys=0.00, real=0.01 secs] 
2020-10-28T11:48:09.910+0000: [GC (Allocation Failure) 2020-10-28T11:48:09.910+0000: [ParNew: 34438K->6K(38720K), 0.0055863 secs] 1045689K->1011257K(1499932K), 0.0056502 secs] [Times: user=0.02 sys=0.00, real=0.00 secs] 
2020-10-28T11:48:09.954+0000: [GC (Allocation Failure) 2020-10-28T11:48:09.954+0000: [ParNew: 34438K->6K(38720K), 0.0055802 secs] 1045689K->1011257K(1499932K), 0.0056410 secs] [Times: user=0.01 sys=0.00, real=0.01 secs] 
2020-10-28T11:48:09.995+0000: [GC (Allocation Failure) 2020-10-28T11:48:09.995+0000: [ParNew: 34438K->6K(38720K), 0.0056302 secs] 1045689K->1011257K(1499932K), 0.0056946 secs] [Times: user=0.01 sys=0.00, real=0.01 secs] 
2020-10-28T11:48:10.035+0000: [GC (Allocation Failure) 2020-10-28T11:48:10.035+0000: [ParNew: 34438K->4K(38720K), 0.0056686 secs] 1045689K->1011255K(1499932K), 0.0057324 secs] [Times: user=0.01 sys=0.00, real=0.01 secs] 
2020-10-28T11:48:10.082+0000: [GC (Allocation Failure) 2020-10-28T11:48:10.082+0000: [ParNew: 34436K->6K(38720K), 0.0057787 secs] 1045687K->1011257K(1499932K), 0.0058428 secs] [Times: user=0.02 sys=0.00, real=0.01 secs] 
2020-10-28T11:48:10.126+0000: [GC (Allocation Failure) 2020-10-28T11:48:10.126+0000: [ParNew: 34438K->6K(38720K), 0.0056752 secs] 1045689K->1011257K(1499932K), 0.0057384 secs] [Times: user=0.02 sys=0.00, real=0.00 secs] 
2020-10-28T11:48:10.167+0000: [GC (Allocation Failure) 2020-10-28T11:48:10.167+0000: [ParNew: 34438K->6K(38720K), 0.0056233 secs] 1045689K->1011257K(1499932K), 0.0056870 secs] [Times: user=0.01 sys=0.00, real=0.00 secs] 
2020-10-28T11:48:10.207+0000: [GC (Allocation Failure) 2020-10-28T11:48:10.207+0000: [ParNew: 34438K->6K(38720K), 0.0056504 secs] 1045689K->1011257K(1499932K), 0.0057154 secs] [Times: user=0.01 sys=0.00, real=0.00 secs] 
2020-10-28T11:48:10.252+0000: [GC (Allocation Failure) 2020-10-28T11:48:10.252+0000: [ParNew: 34438K->6K(38720K), 0.0055970 secs] 1045689K->1011257K(1499932K), 0.0056594 secs] [Times: user=0.01 sys=0.00, real=0.00 secs] 
2020-10-28T11:48:10.294+0000: [GC (Allocation Failure) 2020-10-28T11:48:10.294+0000: [ParNew: 34438K->6K(38720K), 0.0055481 secs] 1045689K->1011257K(1499932K), 0.0056094 secs] [Times: user=0.01 sys=0.00, real=0.01 secs] 
2020-10-28T11:48:10.342+0000: [GC (Allocation Failure) 2020-10-28T11:48:10.342+0000: [ParNew: 34438K->6K(38720K), 0.0055854 secs] 1045689K->1011257K(1499932K), 0.0056461 secs] [Times: user=0.02 sys=0.00, real=0.01 secs] 
2020-10-28T11:48:10.382+0000: [GC (Allocation Failure) 2020-10-28T11:48:10.382+0000: [ParNew: 34438K->6K(38720K), 0.0054008 secs] 1045689K->1011257K(1499932K), 0.0054576 secs] [Times: user=0.01 sys=0.00, real=0.01 secs] 
2020-10-28T11:48:10.426+0000: [GC (Allocation Failure) 2020-10-28T11:48:10.426+0000: [ParNew: 34438K->6K(38720K), 0.0055101 secs] 1045689K->1011257K(1499932K), 0.0055714 secs] [Times: user=0.02 sys=0.00, real=0.00 secs] 
2020-10-28T11:48:10.467+0000: [GC (Allocation Failure) 2020-10-28T11:48:10.467+0000: [ParNew: 34438K->6K(38720K), 0.0054018 secs] 1045689K->1011257K(1499932K), 0.0054598 secs] [Times: user=0.02 sys=0.00, real=0.00 secs] 
2020-10-28T11:48:10.514+0000: [GC (Allocation Failure) 2020-10-28T11:48:10.514+0000: [ParNew: 34438K->6K(38720K), 0.0053876 secs] 1045689K->1011257K(1499932K), 0.0054442 secs] [Times: user=0.01 sys=0.00, real=0.01 secs] 
2020-10-28T11:48:10.554+0000: [GC (Allocation Failure) 2020-10-28T11:48:10.554+0000: [ParNew: 34438K->6K(38720K), 0.0053960 secs] 1045689K->1011257K(1499932K), 0.0054538 secs] [Times: user=0.01 sys=0.00, real=0.01 secs] 
2020-10-28T11:48:10.600+0000: [GC (Allocation Failure) 2020-10-28T11:48:10.600+0000: [ParNew: 34438K->6K(38720K), 0.0054858 secs] 1045689K->1011257K(1499932K), 0.0055443 secs] [Times: user=0.01 sys=0.00, real=0.00 secs] 
2020-10-28T11:48:10.642+0000: [GC (Allocation Failure) 2020-10-28T11:48:10.642+0000: [ParNew: 34438K->6K(38720K), 0.0054637 secs] 1045689K->1011257K(1499932K), 0.0055233 secs] [Times: user=0.01 sys=0.00, real=0.01 secs] 
2020-10-28T11:48:10.686+0000: [GC (Allocation Failure) 2020-10-28T11:48:10.686+0000: [ParNew: 34438K->6K(38720K), 0.0053161 secs] 1045689K->1011257K(1499932K), 0.0053720 secs] [Times: user=0.01 sys=0.00, real=0.00 secs] 
2020-10-28T11:48:10.726+0000: [GC (Allocation Failure) 2020-10-28T11:48:10.726+0000: [ParNew: 34438K->6K(38720K), 0.0054006 secs] 1045689K->1011257K(1499932K), 0.0054566 secs] [Times: user=0.01 sys=0.00, real=0.00 secs] 
2020-10-28T11:48:10.771+0000: [GC (Allocation Failure) 2020-10-28T11:48:10.771+0000: [ParNew: 34438K->6K(38720K), 0.0055487 secs] 1045689K->1011257K(1499932K), 0.0056091 secs] [Times: user=0.01 sys=0.00, real=0.00 secs] 
2020-10-28T11:48:10.811+0000: [GC (Allocation Failure) 2020-10-28T11:48:10.811+0000: [ParNew: 34438K->6K(38720K), 0.0055980 secs] 1045689K->1011257K(1499932K), 0.0056592 secs] [Times: user=0.01 sys=0.00, real=0.00 secs] 
2020-10-28T11:48:10.854+0000: [GC (Allocation Failure) 2020-10-28T11:48:10.854+0000: [ParNew: 34438K->6K(38720K), 0.0055552 secs] 1045689K->1011257K(1499932K), 0.0056146 secs] [Times: user=0.01 sys=0.00, real=0.01 secs] 
2020-10-28T11:48:10.898+0000: [GC (Allocation Failure) 2020-10-28T11:48:10.898+0000: [ParNew: 34438K->6K(38720K), 0.0055295 secs] 1045689K->1011257K(1499932K), 0.0055876 secs] [Times: user=0.01 sys=0.00, real=0.00 secs] 
2020-10-28T11:48:10.939+0000: [GC (Allocation Failure) 2020-10-28T11:48:10.939+0000: [ParNew: 34438K->6K(38720K), 0.0054980 secs] 1045689K->1011257K(1499932K), 0.0055556 secs] [Times: user=0.01 sys=0.00, real=0.00 secs] 
2020-10-28T11:48:10.982+0000: [GC (Allocation Failure) 2020-10-28T11:48:10.982+0000: [ParNew: 34438K->6K(38720K), 0.0053635 secs] 1045689K->1011257K(1499932K), 0.0054201 secs] [Times: user=0.01 sys=0.00, real=0.01 secs] 
2020-10-28T11:48:11.026+0000: [GC (Allocation Failure) 2020-10-28T11:48:11.026+0000: [ParNew: 34438K->6K(38720K), 0.0057270 secs] 1045689K->1011257K(1499932K), 0.0057929 secs] [Times: user=0.02 sys=0.00, real=0.00 secs] 
2020-10-28T11:48:11.071+0000: [GC (Allocation Failure) 2020-10-28T11:48:11.071+0000: [ParNew: 34438K->6K(38720K), 0.0055877 secs] 1045689K->1011257K(1499932K), 0.0056503 secs] [Times: user=0.01 sys=0.00, real=0.00 secs] 
2020-10-28T11:48:11.125+0000: [GC (Allocation Failure) 2020-10-28T11:48:11.125+0000: [ParNew: 34438K->6K(38720K), 0.0056013 secs] 1045689K->1011257K(1499932K), 0.0056623 secs] [Times: user=0.01 sys=0.00, real=0.01 secs] 
2020-10-28T11:48:11.165+0000: [GC (Allocation Failure) 2020-10-28T11:48:11.165+0000: [ParNew: 34438K->6K(38720K), 0.0054561 secs] 1045689K->1011257K(1499932K), 0.0055126 secs] [Times: user=0.01 sys=0.00, real=0.01 secs] 
2020-10-28T11:48:11.209+0000: [GC (Allocation Failure) 2020-10-28T11:48:11.209+0000: [ParNew: 34438K->6K(38720K), 0.0053655 secs] 1045689K->1011257K(1499932K), 0.0054222 secs] [Times: user=0.01 sys=0.00, real=0.00 secs] 
2020-10-28T11:48:11.250+0000: [GC (Allocation Failure) 2020-10-28T11:48:11.250+0000: [ParNew: 34438K->6K(38720K), 0.0054327 secs] 1045689K->1011257K(1499932K), 0.0054885 secs] [Times: user=0.01 sys=0.00, real=0.00 secs] 
2020-10-28T11:48:11.294+0000: [GC (Allocation Failure) 2020-10-28T11:48:11.294+0000: [ParNew: 34438K->6K(38720K), 0.0055028 secs] 1045689K->1011257K(1499932K), 0.0055623 secs] [Times: user=0.01 sys=0.00, real=0.01 secs] 
2020-10-28T11:48:11.338+0000: [GC (Allocation Failure) 2020-10-28T11:48:11.338+0000: [ParNew: 34438K->6K(38720K), 0.0055131 secs] 1045689K->1011257K(1499932K), 0.0055636 secs] [Times: user=0.01 sys=0.00, real=0.00 secs] 
2020-10-28T11:48:11.386+0000: [GC (Allocation Failure) 2020-10-28T11:48:11.386+0000: [ParNew: 34438K->6K(38720K), 0.0055645 secs] 1045689K->1011257K(1499932K), 0.0056213 secs] [Times: user=0.02 sys=0.00, real=0.00 secs] 
2020-10-28T11:48:11.429+0000: [GC (Allocation Failure) 2020-10-28T11:48:11.429+0000: [ParNew: 34438K->6K(38720K), 0.0055242 secs] 1045689K->1011257K(1499932K), 0.0055782 secs] [Times: user=0.01 sys=0.00, real=0.00 secs] 
2020-10-28T11:48:11.473+0000: [GC (Allocation Failure) 2020-10-28T11:48:11.473+0000: [ParNew: 34438K->6K(38720K), 0.0056221 secs] 1045689K->1011257K(1499932K), 0.0056867 secs] [Times: user=0.01 sys=0.00, real=0.01 secs] 
2020-10-28T11:48:11.520+0000: [GC (Allocation Failure) 2020-10-28T11:48:11.520+0000: [ParNew: 34438K->6K(38720K), 0.0055639 secs] 1045689K->1011257K(1499932K), 0.0056252 secs] [Times: user=0.01 sys=0.00, real=0.00 secs] 
2020-10-28T11:48:11.560+0000: [GC (Allocation Failure) 2020-10-28T11:48:11.560+0000: [ParNew: 34438K->6K(38720K), 0.0055987 secs] 1045689K->1011257K(1499932K), 0.0056593 secs] [Times: user=0.01 sys=0.00, real=0.00 secs] 
2020-10-28T11:48:11.605+0000: [GC (Allocation Failure) 2020-10-28T11:48:11.605+0000: [ParNew: 34438K->6K(38720K), 0.0055696 secs] 1045689K->1011257K(1499932K), 0.0056321 secs] [Times: user=0.02 sys=0.00, real=0.01 secs] 
2020-10-28T11:48:11.650+0000: [GC (Allocation Failure) 2020-10-28T11:48:11.650+0000: [ParNew: 34438K->6K(38720K), 0.0057043 secs] 1045689K->1011257K(1499932K), 0.0057680 secs] [Times: user=0.01 sys=0.00, real=0.00 secs] 
2020-10-28T11:48:11.691+0000: [GC (Allocation Failure) 2020-10-28T11:48:11.691+0000: [ParNew: 34438K->6K(38720K), 0.0055056 secs] 1045689K->1011257K(1499932K), 0.0055649 secs] [Times: user=0.02 sys=0.00, real=0.00 secs] 
2020-10-28T11:48:11.738+0000: [GC (Allocation Failure) 2020-10-28T11:48:11.738+0000: [ParNew: 34438K->6K(38720K), 0.0054698 secs] 1045689K->1011257K(1499932K), 0.0055270 secs] [Times: user=0.01 sys=0.00, real=0.00 secs] 
2020-10-28T11:48:11.779+0000: [GC (Allocation Failure) 2020-10-28T11:48:11.779+0000: [ParNew: 34438K->6K(38720K), 0.0055251 secs] 1045689K->1011257K(1499932K), 0.0055848 secs] [Times: user=0.01 sys=0.00, real=0.00 secs] 
2020-10-28T11:48:11.819+0000: [GC (Allocation Failure) 2020-10-28T11:48:11.819+0000: [ParNew: 34438K->6K(38720K), 0.0056649 secs] 1045689K->1011257K(1499932K), 0.0057365 secs] [Times: user=0.01 sys=0.00, real=0.00 secs] 
2020-10-28T11:48:11.866+0000: [GC (Allocation Failure) 2020-10-28T11:48:11.866+0000: [ParNew: 34438K->6K(38720K), 0.0055135 secs] 1045689K->1011257K(1499932K), 0.0055722 secs] [Times: user=0.01 sys=0.00, real=0.00 secs] 
2020-10-28T11:48:11.907+0000: [GC (Allocation Failure) 2020-10-28T11:48:11.907+0000: [ParNew: 34438K->6K(38720K), 0.0054224 secs] 1045689K->1011257K(1499932K), 0.0054803 secs] [Times: user=0.01 sys=0.00, real=0.00 secs] 
2020-10-28T11:48:11.951+0000: [GC (Allocation Failure) 2020-10-28T11:48:11.951+0000: [ParNew: 34438K->6K(38720K), 0.0055026 secs] 1045689K->1011257K(1499932K), 0.0055619 secs] [Times: user=0.01 sys=0.00, real=0.00 secs] 
2020-10-28T11:48:11.996+0000: [GC (Allocation Failure) 2020-10-28T11:48:11.996+0000: [ParNew: 34438K->6K(38720K), 0.0055154 secs] 1045689K->1011257K(1499932K), 0.0055765 secs] [Times: user=0.01 sys=0.00, real=0.01 secs] 
2020-10-28T11:48:12.042+0000: [GC (Allocation Failure) 2020-10-28T11:48:12.042+0000: [ParNew: 34438K->6K(38720K), 0.0056394 secs] 1045689K->1011257K(1499932K), 0.0057032 secs] [Times: user=0.02 sys=0.00, real=0.01 secs] 
2020-10-28T11:48:12.086+0000: [GC (Allocation Failure) 2020-10-28T11:48:12.086+0000: [ParNew: 34438K->6K(38720K), 0.0055728 secs] 1045689K->1011257K(1499932K), 0.0056325 secs] [Times: user=0.01 sys=0.00, real=0.00 secs] 
2020-10-28T11:48:12.126+0000: [GC (Allocation Failure) 2020-10-28T11:48:12.126+0000: [ParNew: 34438K->6K(38720K), 0.0055179 secs] 1045689K->1011257K(1499932K), 0.0055775 secs] [Times: user=0.01 sys=0.00, real=0.00 secs] 
2020-10-28T11:48:12.170+0000: [GC (Allocation Failure) 2020-10-28T11:48:12.170+0000: [ParNew: 34438K->6K(38720K), 0.0054747 secs] 1045689K->1011257K(1499932K), 0.0055314 secs] [Times: user=0.01 sys=0.00, real=0.00 secs] 
2020-10-28T11:48:12.210+0000: [GC (Allocation Failure) 2020-10-28T11:48:12.210+0000: [ParNew: 34438K->6K(38720K), 0.0053888 secs] 1045689K->1011257K(1499932K), 0.0054472 secs] [Times: user=0.01 sys=0.00, real=0.00 secs] 
2020-10-28T11:48:12.257+0000: [GC (Allocation Failure) 2020-10-28T11:48:12.257+0000: [ParNew: 34438K->6K(38720K), 0.0054430 secs] 1045689K->1011257K(1499932K), 0.0055082 secs] [Times: user=0.01 sys=0.00, real=0.01 secs] 
2020-10-28T11:48:12.304+0000: [GC (Allocation Failure) 2020-10-28T11:48:12.305+0000: [ParNew: 34438K->6K(38720K), 0.0055806 secs] 1045689K->1011257K(1499932K), 0.0056411 secs] [Times: user=0.01 sys=0.00, real=0.01 secs] 
2020-10-28T11:48:12.345+0000: [GC (Allocation Failure) 2020-10-28T11:48:12.345+0000: [ParNew: 34438K->6K(38720K), 0.0055017 secs] 1045689K->1011257K(1499932K), 0.0055710 secs] [Times: user=0.01 sys=0.00, real=0.01 secs] 
2020-10-28T11:48:12.390+0000: [GC (Allocation Failure) 2020-10-28T11:48:12.390+0000: [ParNew: 34438K->6K(38720K), 0.0055437 secs] 1045689K->1011257K(1499932K), 0.0056039 secs] [Times: user=0.01 sys=0.00, real=0.00 secs] 
2020-10-28T11:48:12.431+0000: [GC (Allocation Failure) 2020-10-28T11:48:12.431+0000: [ParNew: 34438K->6K(38720K), 0.0055260 secs] 1045689K->1011257K(1499932K), 0.0055852 secs] [Times: user=0.01 sys=0.00, real=0.00 secs] 
2020-10-28T11:48:12.474+0000: [GC (Allocation Failure) 2020-10-28T11:48:12.474+0000: [ParNew: 34438K->6K(38720K), 0.0055297 secs] 1045689K->1011257K(1499932K), 0.0055905 secs] [Times: user=0.01 sys=0.00, real=0.01 secs] 
2020-10-28T11:48:12.518+0000: [GC (Allocation Failure) 2020-10-28T11:48:12.518+0000: [ParNew: 34438K->6K(38720K), 0.0089840 secs] 1045689K->1011257K(1499932K), 0.0090562 secs] [Times: user=0.02 sys=0.00, real=0.01 secs] 
2020-10-28T11:48:12.582+0000: [GC (Allocation Failure) 2020-10-28T11:48:12.582+0000: [ParNew: 34438K->6K(38720K), 0.0057318 secs] 1045689K->1011257K(1499932K), 0.0058184 secs] [Times: user=0.01 sys=0.00, real=0.01 secs] 
2020-10-28T11:48:12.638+0000: [GC (Allocation Failure) 2020-10-28T11:48:12.638+0000: [ParNew: 34438K->6K(38720K), 0.0056183 secs] 1045689K->1011257K(1499932K), 0.0057069 secs] [Times: user=0.01 sys=0.00, real=0.00 secs] 
2020-10-28T11:48:12.694+0000: [GC (Allocation Failure) 2020-10-28T11:48:12.694+0000: [ParNew: 34438K->6K(38720K), 0.0056590 secs] 1045689K->1011257K(1499932K), 0.0057232 secs] [Times: user=0.01 sys=0.00, real=0.01 secs] 
2020-10-28T11:48:12.738+0000: [GC (Allocation Failure) 2020-10-28T11:48:12.738+0000: [ParNew: 34438K->6K(38720K), 0.0054663 secs] 1045689K->1011257K(1499932K), 0.0055275 secs] [Times: user=0.01 sys=0.00, real=0.00 secs] 
2020-10-28T11:48:12.782+0000: [GC (Allocation Failure) 2020-10-28T11:48:12.782+0000: [ParNew: 34438K->6K(38720K), 0.0057776 secs] 1045689K->1011257K(1499932K), 0.0058369 secs] [Times: user=0.01 sys=0.00, real=0.01 secs] 
2020-10-28T11:48:12.827+0000: [GC (Allocation Failure) 2020-10-28T11:48:12.827+0000: [ParNew: 34438K->6K(38720K), 0.0054915 secs] 1045689K->1011257K(1499932K), 0.0055505 secs] [Times: user=0.01 sys=0.00, real=0.00 secs] 
2020-10-28T11:48:12.868+0000: [GC (Allocation Failure) 2020-10-28T11:48:12.868+0000: [ParNew: 34438K->6K(38720K), 0.0055861 secs] 1045689K->1011257K(1499932K), 0.0056472 secs] [Times: user=0.01 sys=0.00, real=0.00 secs] 
2020-10-28T11:48:12.910+0000: [GC (Allocation Failure) 2020-10-28T11:48:12.910+0000: [ParNew: 34438K->6K(38720K), 0.0054816 secs] 1045689K->1011257K(1499932K), 0.0055419 secs] [Times: user=0.01 sys=0.00, real=0.00 secs] 
2020-10-28T11:48:12.957+0000: [GC (Allocation Failure) 2020-10-28T11:48:12.957+0000: [ParNew: 34438K->6K(38720K), 0.0054591 secs] 1045689K->1011257K(1499932K), 0.0055186 secs] [Times: user=0.02 sys=0.00, real=0.01 secs] 
2020-10-28T11:48:12.997+0000: [GC (Allocation Failure) 2020-10-28T11:48:12.998+0000: [ParNew: 34438K->6K(38720K), 0.0055949 secs] 1045689K->1011257K(1499932K), 0.0056575 secs] [Times: user=0.01 sys=0.00, real=0.01 secs] 
2020-10-28T11:48:13.042+0000: [GC (Allocation Failure) 2020-10-28T11:48:13.042+0000: [ParNew: 34438K->6K(38720K), 0.0055216 secs] 1045689K->1011257K(1499932K), 0.0055819 secs] [Times: user=0.01 sys=0.00, real=0.01 secs] 
2020-10-28T11:48:13.086+0000: [GC (Allocation Failure) 2020-10-28T11:48:13.086+0000: [ParNew: 34438K->6K(38720K), 0.0055921 secs] 1045689K->1011257K(1499932K), 0.0056654 secs] [Times: user=0.01 sys=0.00, real=0.00 secs] 
2020-10-28T11:48:13.126+0000: [GC (Allocation Failure) 2020-10-28T11:48:13.126+0000: [ParNew: 34438K->6K(38720K), 0.0057430 secs] 1045689K->1011257K(1499932K), 0.0058134 secs] [Times: user=0.01 sys=0.00, real=0.00 secs] 
2020-10-28T11:48:13.172+0000: [GC (Allocation Failure) 2020-10-28T11:48:13.172+0000: [ParNew: 34438K->6K(38720K), 0.0056093 secs] 1045689K->1011257K(1499932K), 0.0056722 secs] [Times: user=0.01 sys=0.00, real=0.00 secs] 
2020-10-28T11:48:13.214+0000: [GC (Allocation Failure) 2020-10-28T11:48:13.214+0000: [ParNew: 34438K->6K(38720K), 0.0055446 secs] 1045689K->1011257K(1499932K), 0.0056064 secs] [Times: user=0.01 sys=0.00, real=0.01 secs] 
2020-10-28T11:48:13.254+0000: [GC (Allocation Failure) 2020-10-28T11:48:13.254+0000: [ParNew: 34438K->6K(38720K), 0.0054439 secs] 1045689K->1011257K(1499932K), 0.0054987 secs] [Times: user=0.01 sys=0.00, real=0.01 secs] 
2020-10-28T11:48:13.302+0000: [GC (Allocation Failure) 2020-10-28T11:48:13.302+0000: [ParNew: 34438K->6K(38720K), 0.0056179 secs] 1045689K->1011257K(1499932K), 0.0056787 secs] [Times: user=0.01 sys=0.00, real=0.01 secs] 
2020-10-28T11:48:13.346+0000: [GC (Allocation Failure) 2020-10-28T11:48:13.346+0000: [ParNew: 34438K->6K(38720K), 0.0054911 secs] 1045689K->1011257K(1499932K), 0.0055520 secs] [Times: user=0.01 sys=0.00, real=0.00 secs] 
2020-10-28T11:48:13.390+0000: [GC (Allocation Failure) 2020-10-28T11:48:13.390+0000: [ParNew: 34438K->6K(38720K), 0.0055111 secs] 1045689K->1011257K(1499932K), 0.0055678 secs] [Times: user=0.01 sys=0.00, real=0.00 secs] 
2020-10-28T11:48:13.434+0000: [GC (Allocation Failure) 2020-10-28T11:48:13.434+0000: [ParNew: 34438K->4K(38720K), 0.0054893 secs] 1045689K->1011255K(1499932K), 0.0055513 secs] [Times: user=0.01 sys=0.00, real=0.01 secs] 
2020-10-28T11:48:13.482+0000: [GC (Allocation Failure) 2020-10-28T11:48:13.482+0000: [ParNew: 34436K->6K(38720K), 0.0054271 secs] 1045687K->1011257K(1499932K), 0.0054859 secs] [Times: user=0.01 sys=0.00, real=0.01 secs] 
2020-10-28T11:48:13.526+0000: [GC (Allocation Failure) 2020-10-28T11:48:13.526+0000: [ParNew: 34438K->6K(38720K), 0.0054152 secs] 1045689K->1011257K(1499932K), 0.0054740 secs] [Times: user=0.01 sys=0.00, real=0.00 secs] 
2020-10-28T11:48:13.569+0000: [GC (Allocation Failure) 2020-10-28T11:48:13.569+0000: [ParNew: 34438K->6K(38720K), 0.0053758 secs] 1045689K->1011257K(1499932K), 0.0054335 secs] [Times: user=0.01 sys=0.00, real=0.00 secs] 
2020-10-28T11:48:13.614+0000: [GC (Allocation Failure) 2020-10-28T11:48:13.614+0000: [ParNew: 34438K->6K(38720K), 0.0054993 secs] 1045689K->1011257K(1499932K), 0.0055591 secs] [Times: user=0.01 sys=0.00, real=0.01 secs] 
2020-10-28T11:48:13.654+0000: [GC (Allocation Failure) 2020-10-28T11:48:13.654+0000: [ParNew: 34438K->6K(38720K), 0.0053657 secs] 1045689K->1011257K(1499932K), 0.0054208 secs] [Times: user=0.01 sys=0.00, real=0.01 secs] 
2020-10-28T11:48:13.694+0000: [GC (Allocation Failure) 2020-10-28T11:48:13.694+0000: [ParNew: 34438K->6K(38720K), 0.0054371 secs] 1045689K->1011258K(1499932K), 0.0054912 secs] [Times: user=0.01 sys=0.00, real=0.01 secs] 
2020-10-28T11:48:13.738+0000: [GC (Allocation Failure) 2020-10-28T11:48:13.738+0000: [ParNew: 34438K->6K(38720K), 0.0054208 secs] 1045690K->1011258K(1499932K), 0.0054771 secs] [Times: user=0.01 sys=0.00, real=0.00 secs] 
2020-10-28T11:48:13.786+0000: [GC (Allocation Failure) 2020-10-28T11:48:13.786+0000: [ParNew: 34438K->6K(38720K), 0.0057290 secs] 1045690K->1011258K(1499932K), 0.0057920 secs] [Times: user=0.01 sys=0.00, real=0.00 secs] 
2020-10-28T11:48:13.830+0000: [GC (Allocation Failure) 2020-10-28T11:48:13.830+0000: [ParNew: 34438K->6K(38720K), 0.0055042 secs] 1045690K->1011258K(1499932K), 0.0055655 secs] [Times: user=0.01 sys=0.00, real=0.00 secs] 
2020-10-28T11:48:13.874+0000: [GC (Allocation Failure) 2020-10-28T11:48:13.874+0000: [ParNew: 34438K->6K(38720K), 0.0053581 secs] 1045690K->1011258K(1499932K), 0.0054159 secs] [Times: user=0.01 sys=0.00, real=0.01 secs] 
2020-10-28T11:48:13.918+0000: [GC (Allocation Failure) 2020-10-28T11:48:13.918+0000: [ParNew: 34438K->6K(38720K), 0.0054226 secs] 1045690K->1011258K(1499932K), 0.0054923 secs] [Times: user=0.01 sys=0.00, real=0.00 secs] 
2020-10-28T11:48:13.962+0000: [GC (Allocation Failure) 2020-10-28T11:48:13.962+0000: [ParNew: 34438K->6K(38720K), 0.0055243 secs] 1045690K->1011258K(1499932K), 0.0055846 secs] [Times: user=0.01 sys=0.00, real=0.01 secs] 
2020-10-28T11:48:14.010+0000: [GC (Allocation Failure) 2020-10-28T11:48:14.010+0000: [ParNew: 34438K->6K(38720K), 0.0055741 secs] 1045690K->1011258K(1499932K), 0.0056358 secs] [Times: user=0.01 sys=0.00, real=0.00 secs] 
2020-10-28T11:48:14.057+0000: [GC (Allocation Failure) 2020-10-28T11:48:14.057+0000: [ParNew: 34438K->6K(38720K), 0.0055415 secs] 1045690K->1011258K(1499932K), 0.0056011 secs] [Times: user=0.01 sys=0.00, real=0.01 secs] 
2020-10-28T11:48:14.106+0000: [GC (Allocation Failure) 2020-10-28T11:48:14.106+0000: [ParNew: 34438K->6K(38720K), 0.0054312 secs] 1045690K->1011258K(1499932K), 0.0054887 secs] [Times: user=0.01 sys=0.00, real=0.00 secs] 
2020-10-28T11:48:14.154+0000: [GC (Allocation Failure) 2020-10-28T11:48:14.154+0000: [ParNew: 34438K->8K(38720K), 0.0056379 secs] 1045690K->1011260K(1499932K), 0.0056996 secs] [Times: user=0.01 sys=0.01, real=0.01 secs] 
2020-10-28T11:48:14.207+0000: [GC (Allocation Failure) 2020-10-28T11:48:14.207+0000: [ParNew: 34440K->8K(38720K), 0.0054669 secs] 1045692K->1011260K(1499932K), 0.0055270 secs] [Times: user=0.01 sys=0.00, real=0.00 secs] 
2020-10-28T11:48:14.272+0000: [GC (Allocation Failure) 2020-10-28T11:48:14.272+0000: [ParNew: 34440K->8K(38720K), 0.0055443 secs] 1045692K->1011260K(1499932K), 0.0056001 secs] [Times: user=0.01 sys=0.00, real=0.00 secs] 
2020-10-28T11:48:14.324+0000: [GC (Allocation Failure) 2020-10-28T11:48:14.324+0000: [ParNew: 34440K->6K(38720K), 0.0111394 secs] 1045692K->1011258K(1499932K), 0.0112238 secs] [Times: user=0.02 sys=0.00, real=0.01 secs] 
2020-10-28T11:48:14.387+0000: [GC (Allocation Failure) 2020-10-28T11:48:14.387+0000: [ParNew: 34438K->4K(38720K), 0.0056114 secs] 1045690K->1011257K(1499932K), 0.0056702 secs] [Times: user=0.01 sys=0.00, real=0.00 secs] 
2020-10-28T11:48:14.456+0000: [GC (Allocation Failure) 2020-10-28T11:48:14.456+0000: [ParNew: 34289K->4K(38720K), 0.0055566 secs] 1045542K->1011257K(1499932K), 0.0056183 secs] [Times: user=0.01 sys=0.00, real=0.01 secs] 
2020-10-28T11:48:14.502+0000: [GC (Allocation Failure) 2020-10-28T11:48:14.502+0000: [ParNew: 34436K->6K(38720K), 0.0054658 secs] 1045689K->1011259K(1499932K), 0.0055279 secs] [Times: user=0.01 sys=0.00, real=0.01 secs] 
2020-10-28T11:48:14.562+0000: [GC (Allocation Failure) 2020-10-28T11:48:14.562+0000: [ParNew: 34438K->4K(38720K), 0.0055587 secs] 1045691K->1011257K(1499932K), 0.0056212 secs] [Times: user=0.01 sys=0.00, real=0.01 secs] 
2020-10-28T11:48:14.610+0000: [GC (Allocation Failure) 2020-10-28T11:48:14.610+0000: [ParNew: 34436K->6K(38720K), 0.0055058 secs] 1045689K->1011259K(1499932K), 0.0055669 secs] [Times: user=0.01 sys=0.00, real=0.00 secs] 
2020-10-28T11:48:14.662+0000: [GC (Allocation Failure) 2020-10-28T11:48:14.662+0000: [ParNew: 34438K->4K(38720K), 0.0054157 secs] 1045691K->1011257K(1499932K), 0.0054749 secs] [Times: user=0.01 sys=0.00, real=0.01 secs] 
2020-10-28T11:48:14.711+0000: [GC (Allocation Failure) 2020-10-28T11:48:14.711+0000: [ParNew: 34436K->4K(38720K), 0.0054299 secs] 1045689K->1011257K(1499932K), 0.0054867 secs] [Times: user=0.01 sys=0.00, real=0.00 secs] 
2020-10-28T11:48:14.770+0000: [GC (Allocation Failure) 2020-10-28T11:48:14.770+0000: [ParNew: 34436K->4K(38720K), 0.0055359 secs] 1045689K->1011257K(1499932K), 0.0055963 secs] [Times: user=0.01 sys=0.00, real=0.00 secs] 
2020-10-28T11:48:14.829+0000: [GC (Allocation Failure) 2020-10-28T11:48:14.829+0000: [ParNew: 34436K->6K(38720K), 0.0179727 secs] 1045689K->1011259K(1499932K), 0.0180397 secs] [Times: user=0.01 sys=0.00, real=0.02 secs] 
2020-10-28T11:48:14.894+0000: [GC (Allocation Failure) 2020-10-28T11:48:14.894+0000: [ParNew: 34438K->4K(38720K), 0.0056299 secs] 1045691K->1011257K(1499932K), 0.0057246 secs] [Times: user=0.01 sys=0.00, real=0.01 secs] 
2020-10-28T11:48:14.946+0000: [GC (Allocation Failure) 2020-10-28T11:48:14.946+0000: [ParNew: 34436K->4K(38720K), 0.0055293 secs] 1045689K->1011257K(1499932K), 0.0055881 secs] [Times: user=0.02 sys=0.00, real=0.00 secs] 
2020-10-28T11:48:15.014+0000: [GC (Allocation Failure) 2020-10-28T11:48:15.014+0000: [ParNew: 34436K->4K(38720K), 0.0056996 secs] 1045689K->1011257K(1499932K), 0.0057656 secs] [Times: user=0.01 sys=0.00, real=0.01 secs] 
2020-10-28T11:48:15.090+0000: [GC (Allocation Failure) 2020-10-28T11:48:15.090+0000: [ParNew: 34436K->6K(38720K), 0.0057340 secs] 1045689K->1011259K(1499932K), 0.0057977 secs] [Times: user=0.01 sys=0.00, real=0.00 secs] 
2020-10-28T11:48:15.194+0000: [GC (Allocation Failure) 2020-10-28T11:48:15.194+0000: [ParNew: 34438K->6K(38720K), 0.0056527 secs] 1045691K->1011259K(1499932K), 0.0057204 secs] [Times: user=0.01 sys=0.00, real=0.01 secs] 
2020-10-28T11:48:15.359+0000: [GC (Allocation Failure) 2020-10-28T11:48:15.359+0000: [ParNew: 34438K->6K(38720K), 0.0056058 secs] 1045691K->1011259K(1499932K), 0.0056696 secs] [Times: user=0.01 sys=0.00, real=0.00 secs] 
2020-10-28T11:48:16.278+0000: [GC (Allocation Failure) 2020-10-28T11:48:16.278+0000: [ParNew: 34438K->8K(38720K), 0.0056556 secs] 1045691K->1011261K(1499932K), 0.0057203 secs] [Times: user=0.01 sys=0.00, real=0.00 secs] 
2020-10-28T11:48:16.535+0000: [GC (Allocation Failure) 2020-10-28T11:48:16.535+0000: [ParNew: 34440K->8K(38720K), 0.0056504 secs] 1045693K->1011261K(1499932K), 0.0057157 secs] [Times: user=0.01 sys=0.00, real=0.01 secs] 
2020-10-28T11:48:16.698+0000: [GC (Allocation Failure) 2020-10-28T11:48:16.698+0000: [ParNew: 34440K->4K(38720K), 0.0056297 secs] 1045693K->1011258K(1499932K), 0.0056928 secs] [Times: user=0.01 sys=0.00, real=0.00 secs] 
2020-10-28T11:48:16.858+0000: [GC (Allocation Failure) 2020-10-28T11:48:16.858+0000: [ParNew: 34436K->6K(38720K), 0.0093179 secs] 1045690K->1011260K(1499932K), 0.0093823 secs] [Times: user=0.01 sys=0.00, real=0.01 secs] 
2020-10-28T11:48:17.014+0000: [GC (Allocation Failure) 2020-10-28T11:48:17.014+0000: [ParNew: 34438K->4K(38720K), 0.0056487 secs] 1045692K->1011259K(1499932K), 0.0057120 secs] [Times: user=0.01 sys=0.00, real=0.01 secs] 
2020-10-28T11:48:17.077+0000: [GC (Allocation Failure) 2020-10-28T11:48:17.077+0000: [ParNew: 34436K->4K(38720K), 0.0056009 secs] 1045691K->1011259K(1499932K), 0.0056651 secs] [Times: user=0.01 sys=0.00, real=0.01 secs] 
2020-10-28T11:48:17.137+0000: [GC (Allocation Failure) 2020-10-28T11:48:17.137+0000: [ParNew: 34436K->4K(38720K), 0.0056567 secs] 1045691K->1011261K(1499932K), 0.0057220 secs] [Times: user=0.01 sys=0.00, real=0.01 secs] 
2020-10-28T11:48:17.194+0000: [GC (Allocation Failure) 2020-10-28T11:48:17.194+0000: [ParNew: 34436K->4K(38720K), 0.0055522 secs] 1045693K->1011261K(1499932K), 0.0056139 secs] [Times: user=0.01 sys=0.00, real=0.01 secs] 
2020-10-28T11:48:17.257+0000: [GC (Allocation Failure) 2020-10-28T11:48:17.257+0000: [ParNew: 34436K->4K(38720K), 0.0057042 secs] 1045693K->1011261K(1499932K), 0.0057681 secs] [Times: user=0.01 sys=0.00, real=0.01 secs] 
2020-10-28T11:48:17.322+0000: [GC (Allocation Failure) 2020-10-28T11:48:17.322+0000: [ParNew: 34436K->4K(38720K), 0.0055910 secs] 1045693K->1011261K(1499932K), 0.0056558 secs] [Times: user=0.01 sys=0.00, real=0.01 secs] 
2020-10-28T11:48:17.369+0000: [GC (Allocation Failure) 2020-10-28T11:48:17.369+0000: [ParNew: 34436K->4K(38720K), 0.0055254 secs] 1045693K->1011261K(1499932K), 0.0055847 secs] [Times: user=0.01 sys=0.00, real=0.00 secs] 
2020-10-28T11:48:17.418+0000: [GC (Allocation Failure) 2020-10-28T11:48:17.418+0000: [ParNew: 34436K->4K(38720K), 0.0054658 secs] 1045693K->1011261K(1499932K), 0.0055244 secs] [Times: user=0.01 sys=0.00, real=0.00 secs] 
2020-10-28T11:48:17.466+0000: [GC (Allocation Failure) 2020-10-28T11:48:17.466+0000: [ParNew: 34436K->4K(38720K), 0.0055063 secs] 1045693K->1011261K(1499932K), 0.0055677 secs] [Times: user=0.01 sys=0.00, real=0.01 secs] 
2020-10-28T11:48:17.513+0000: [GC (Allocation Failure) 2020-10-28T11:48:17.513+0000: [ParNew: 34436K->4K(38720K), 0.0054483 secs] 1045693K->1011261K(1499932K), 0.0055197 secs] [Times: user=0.01 sys=0.00, real=0.01 secs] 
2020-10-28T11:48:17.563+0000: [GC (Allocation Failure) 2020-10-28T11:48:17.563+0000: [ParNew: 34436K->4K(38720K), 0.0054553 secs] 1045693K->1011261K(1499932K), 0.0055145 secs] [Times: user=0.01 sys=0.00, real=0.01 secs] 
2020-10-28T11:48:17.613+0000: [GC (Allocation Failure) 2020-10-28T11:48:17.613+0000: [ParNew: 34436K->4K(38720K), 0.0054982 secs] 1045693K->1011261K(1499932K), 0.0055607 secs] [Times: user=0.01 sys=0.00, real=0.01 secs] 
2020-10-28T11:48:17.662+0000: [GC (Allocation Failure) 2020-10-28T11:48:17.662+0000: [ParNew: 34436K->4K(38720K), 0.0055628 secs] 1045693K->1011261K(1499932K), 0.0056236 secs] [Times: user=0.01 sys=0.00, real=0.01 secs] 
2020-10-28T11:48:17.714+0000: [GC (Allocation Failure) 2020-10-28T11:48:17.714+0000: [ParNew: 34436K->4K(38720K), 0.0055760 secs] 1045693K->1011261K(1499932K), 0.0056479 secs] [Times: user=0.01 sys=0.00, real=0.01 secs] 
2020-10-28T11:48:17.765+0000: [GC (Allocation Failure) 2020-10-28T11:48:17.765+0000: [ParNew: 34436K->4K(38720K), 0.0055984 secs] 1045693K->1011261K(1499932K), 0.0056586 secs] [Times: user=0.01 sys=0.00, real=0.01 secs] 
2020-10-28T11:48:17.818+0000: [GC (Allocation Failure) 2020-10-28T11:48:17.818+0000: [ParNew: 34436K->4K(38720K), 0.0057181 secs] 1045693K->1011261K(1499932K), 0.0057803 secs] [Times: user=0.01 sys=0.00, real=0.00 secs] 
2020-10-28T11:48:17.886+0000: [GC (Allocation Failure) 2020-10-28T11:48:17.886+0000: [ParNew: 34436K->4K(38720K), 0.0057232 secs] 1045693K->1011261K(1499932K), 0.0058146 secs] [Times: user=0.01 sys=0.00, real=0.00 secs] 
2020-10-28T11:48:17.943+0000: [GC (Allocation Failure) 2020-10-28T11:48:17.943+0000: [ParNew: 34436K->4K(38720K), 0.0055649 secs] 1045693K->1011261K(1499932K), 0.0056293 secs] [Times: user=0.01 sys=0.00, real=0.01 secs] 
2020-10-28T11:48:17.991+0000: [GC (Allocation Failure) 2020-10-28T11:48:17.992+0000: [ParNew: 34436K->4K(38720K), 0.0055909 secs] 1045693K->1011261K(1499932K), 0.0056554 secs] [Times: user=0.01 sys=0.00, real=0.00 secs] 
2020-10-28T11:48:18.043+0000: [GC (Allocation Failure) 2020-10-28T11:48:18.043+0000: [ParNew: 34436K->4K(38720K), 0.0055922 secs] 1045693K->1011261K(1499932K), 0.0056554 secs] [Times: user=0.01 sys=0.00, real=0.01 secs] 
2020-10-28T11:48:18.094+0000: [GC (Allocation Failure) 2020-10-28T11:48:18.094+0000: [ParNew: 34436K->4K(38720K), 0.0080049 secs] 1045693K->1011261K(1499932K), 0.0080673 secs] [Times: user=0.01 sys=0.00, real=0.01 secs] 
2020-10-28T11:48:18.150+0000: [GC (Allocation Failure) 2020-10-28T11:48:18.150+0000: [ParNew: 34436K->4K(38720K), 0.0056723 secs] 1045693K->1011261K(1499932K), 0.0057356 secs] [Times: user=0.01 sys=0.00, real=0.00 secs] 
2020-10-28T11:48:18.198+0000: [GC (Allocation Failure) 2020-10-28T11:48:18.198+0000: [ParNew: 34436K->4K(38720K), 0.0056128 secs] 1045693K->1011261K(1499932K), 0.0056762 secs] [Times: user=0.01 sys=0.00, real=0.00 secs] 
2020-10-28T11:48:18.248+0000: [GC (Allocation Failure) 2020-10-28T11:48:18.248+0000: [ParNew: 34436K->4K(38720K), 0.0054698 secs] 1045693K->1011261K(1499932K), 0.0055304 secs] [Times: user=0.01 sys=0.00, real=0.00 secs] 
2020-10-28T11:48:18.299+0000: [GC (Allocation Failure) 2020-10-28T11:48:18.299+0000: [ParNew: 34436K->4K(38720K), 0.0055781 secs] 1045693K->1011261K(1499932K), 0.0056391 secs] [Times: user=0.01 sys=0.00, real=0.00 secs] 
2020-10-28T11:48:18.348+0000: [GC (Allocation Failure) 2020-10-28T11:48:18.348+0000: [ParNew: 34436K->4K(38720K), 0.0056214 secs] 1045693K->1011261K(1499932K), 0.0056838 secs] [Times: user=0.01 sys=0.00, real=0.00 secs] 
2020-10-28T11:48:18.402+0000: [GC (Allocation Failure) 2020-10-28T11:48:18.402+0000: [ParNew: 34436K->4K(38720K), 0.0055040 secs] 1045693K->1011261K(1499932K), 0.0055653 secs] [Times: user=0.01 sys=0.00, real=0.01 secs] 
2020-10-28T11:48:18.454+0000: [GC (Allocation Failure) 2020-10-28T11:48:18.454+0000: [ParNew: 34436K->4K(38720K), 0.0055290 secs] 1045693K->1011261K(1499932K), 0.0056078 secs] [Times: user=0.01 sys=0.00, real=0.01 secs] 
2020-10-28T11:48:18.505+0000: [GC (Allocation Failure) 2020-10-28T11:48:18.505+0000: [ParNew: 34436K->4K(38720K), 0.0055011 secs] 1045693K->1011261K(1499932K), 0.0055603 secs] [Times: user=0.01 sys=0.00, real=0.01 secs] 
2020-10-28T11:48:18.556+0000: [GC (Allocation Failure) 2020-10-28T11:48:18.556+0000: [ParNew: 34436K->4K(38720K), 0.0055854 secs] 1045693K->1011261K(1499932K), 0.0056468 secs] [Times: user=0.01 sys=0.00, real=0.01 secs] 
2020-10-28T11:48:18.624+0000: [GC (Allocation Failure) 2020-10-28T11:48:18.624+0000: [ParNew: 34436K->4K(38720K), 0.0127318 secs] 1045693K->1011261K(1499932K), 0.0128180 secs] [Times: user=0.01 sys=0.00, real=0.01 secs] 
2020-10-28T11:48:18.702+0000: [GC (Allocation Failure) 2020-10-28T11:48:18.702+0000: [ParNew: 34436K->4K(38720K), 0.0055686 secs] 1045693K->1011261K(1499932K), 0.0056331 secs] [Times: user=0.01 sys=0.00, real=0.01 secs] 
2020-10-28T11:48:18.758+0000: [GC (Allocation Failure) 2020-10-28T11:48:18.758+0000: [ParNew: 34436K->4K(38720K), 0.0055339 secs] 1045693K->1011261K(1499932K), 0.0055898 secs] [Times: user=0.01 sys=0.00, real=0.00 secs] 
2020-10-28T11:48:18.810+0000: [GC (Allocation Failure) 2020-10-28T11:48:18.810+0000: [ParNew: 34436K->4K(38720K), 0.0055779 secs] 1045693K->1011261K(1499932K), 0.0056399 secs] [Times: user=0.02 sys=0.00, real=0.00 secs] 
2020-10-28T11:48:18.862+0000: [GC (Allocation Failure) 2020-10-28T11:48:18.862+0000: [ParNew: 34436K->4K(38720K), 0.0056724 secs] 1045693K->1011261K(1499932K), 0.0057331 secs] [Times: user=0.01 sys=0.00, real=0.01 secs] 
2020-10-28T11:48:18.910+0000: [GC (Allocation Failure) 2020-10-28T11:48:18.910+0000: [ParNew: 34436K->4K(38720K), 0.0054989 secs] 1045693K->1011261K(1499932K), 0.0055587 secs] [Times: user=0.01 sys=0.00, real=0.00 secs] 
2020-10-28T11:48:18.962+0000: [GC (Allocation Failure) 2020-10-28T11:48:18.962+0000: [ParNew: 34436K->4K(38720K), 0.0055465 secs] 1045693K->1011261K(1499932K), 0.0056076 secs] [Times: user=0.01 sys=0.01, real=0.01 secs] 
2020-10-28T11:48:19.010+0000: [GC (Allocation Failure) 2020-10-28T11:48:19.010+0000: [ParNew: 34436K->4K(38720K), 0.0056002 secs] 1045693K->1011261K(1499932K), 0.0056630 secs] [Times: user=0.01 sys=0.00, real=0.00 secs] 
2020-10-28T11:48:19.057+0000: [GC (Allocation Failure) 2020-10-28T11:48:19.057+0000: [ParNew: 34436K->4K(38720K), 0.0055549 secs] 1045693K->1011262K(1499932K), 0.0056159 secs] [Times: user=0.01 sys=0.00, real=0.01 secs] 
2020-10-28T11:48:19.105+0000: [GC (Allocation Failure) 2020-10-28T11:48:19.105+0000: [ParNew: 34436K->4K(38720K), 0.0055359 secs] 1045694K->1011262K(1499932K), 0.0055976 secs] [Times: user=0.01 sys=0.00, real=0.01 secs] 
2020-10-28T11:48:19.162+0000: [GC (Allocation Failure) 2020-10-28T11:48:19.162+0000: [ParNew: 34436K->4K(38720K), 0.0055907 secs] 1045694K->1011262K(1499932K), 0.0056547 secs] [Times: user=0.02 sys=0.00, real=0.01 secs] 
2020-10-28T11:48:19.212+0000: [GC (Allocation Failure) 2020-10-28T11:48:19.212+0000: [ParNew: 34436K->4K(38720K), 0.0056346 secs] 1045694K->1011262K(1499932K), 0.0056889 secs] [Times: user=0.01 sys=0.00, real=0.01 secs] 
2020-10-28T11:48:19.268+0000: [GC (Allocation Failure) 2020-10-28T11:48:19.268+0000: [ParNew: 34436K->4K(38720K), 0.0055512 secs] 1045694K->1011262K(1499932K), 0.0056111 secs] [Times: user=0.01 sys=0.00, real=0.00 secs] 
2020-10-28T11:48:19.323+0000: [GC (Allocation Failure) 2020-10-28T11:48:19.323+0000: [ParNew: 34436K->4K(38720K), 0.0056049 secs] 1045694K->1011262K(1499932K), 0.0056666 secs] [Times: user=0.02 sys=0.00, real=0.01 secs] 
2020-10-28T11:48:20.049+0000: [GC (Allocation Failure) 2020-10-28T11:48:20.049+0000: [ParNew: 34436K->881K(38720K), 0.0067969 secs] 1045694K->1012140K(1499932K), 0.0068778 secs] [Times: user=0.02 sys=0.00, real=0.00 secs] 
2020-10-28T11:48:20.372+0000: [GC (Allocation Failure) 2020-10-28T11:48:20.372+0000: [ParNew: 35313K->4164K(38720K), 0.0135164 secs] 1046572K->1015422K(1499932K), 0.0135973 secs] [Times: user=0.02 sys=0.00, real=0.01 secs] 
2020-10-28T11:48:20.480+0000: [GC (Allocation Failure) 2020-10-28T11:48:20.480+0000: [ParNew: 38596K->1904K(38720K), 0.0217044 secs] 1049854K->1016558K(1499932K), 0.0217952 secs] [Times: user=0.04 sys=0.00, real=0.02 secs] 
2020-10-28T11:48:20.578+0000: [GC (Allocation Failure) 2020-10-28T11:48:20.578+0000: [ParNew: 36336K->1266K(38720K), 0.0060427 secs] 1050990K->1015921K(1499932K), 0.0061072 secs] [Times: user=0.01 sys=0.00, real=0.00 secs] 
2020-10-28T11:48:20.655+0000: [GC (Allocation Failure) 2020-10-28T11:48:20.655+0000: [ParNew: 35698K->2364K(38720K), 0.0061406 secs] 1050353K->1017018K(1499932K), 0.0062067 secs] [Times: user=0.01 sys=0.00, real=0.01 secs] 
2020-10-28T11:48:20.711+0000: [GC (Allocation Failure) 2020-10-28T11:48:20.711+0000: [ParNew: 36796K->2447K(38720K), 0.0062717 secs] 1051450K->1017101K(1499932K), 0.0063347 secs] [Times: user=0.02 sys=0.00, real=0.00 secs] 
2020-10-28T11:48:20.767+0000: [GC (Allocation Failure) 2020-10-28T11:48:20.767+0000: [ParNew: 36879K->1584K(38720K), 0.0061782 secs] 1051533K->1016814K(1499932K), 0.0062452 secs] [Times: user=0.02 sys=0.00, real=0.00 secs] 
2020-10-28T11:48:20.833+0000: [GC (Allocation Failure) 2020-10-28T11:48:20.833+0000: [ParNew: 36016K->2061K(38720K), 0.0061725 secs] 1051246K->1017290K(1499932K), 0.0062390 secs] [Times: user=0.01 sys=0.00, real=0.01 secs] 
2020-10-28T11:48:20.882+0000: [GC (Allocation Failure) 2020-10-28T11:48:20.882+0000: [ParNew: 36493K->1542K(38720K), 0.0058656 secs] 1051722K->1016771K(1499932K), 0.0059295 secs] [Times: user=0.01 sys=0.00, real=0.01 secs] 
2020-10-28T11:48:20.933+0000: [GC (Allocation Failure) 2020-10-28T11:48:20.933+0000: [ParNew: 35974K->1030K(38720K), 0.0057439 secs] 1051203K->1016259K(1499932K), 0.0058050 secs] [Times: user=0.02 sys=0.00, real=0.01 secs] 
2020-10-28T11:48:20.982+0000: [GC (Allocation Failure) 2020-10-28T11:48:20.982+0000: [ParNew: 35462K->6K(38720K), 0.0056026 secs] 1050691K->1015235K(1499932K), 0.0056650 secs] [Times: user=0.01 sys=0.00, real=0.01 secs] 
2020-10-28T11:48:21.040+0000: [GC (Allocation Failure) 2020-10-28T11:48:21.040+0000: [ParNew: 34438K->6K(38720K), 0.0056272 secs] 1049667K->1015235K(1499932K), 0.0057180 secs] [Times: user=0.01 sys=0.00, real=0.01 secs] 
2020-10-28T11:48:21.098+0000: [GC (Allocation Failure) 2020-10-28T11:48:21.098+0000: [ParNew: 34438K->6K(38720K), 0.0056677 secs] 1049667K->1015235K(1499932K), 0.0057255 secs] [Times: user=0.01 sys=0.00, real=0.00 secs] 
2020-10-28T11:48:21.158+0000: [GC (Allocation Failure) 2020-10-28T11:48:21.158+0000: [ParNew: 34438K->6K(38720K), 0.0080731 secs] 1049667K->1015235K(1499932K), 0.0081513 secs] [Times: user=0.02 sys=0.00, real=0.01 secs] 
2020-10-28T11:48:21.212+0000: [GC (Allocation Failure) 2020-10-28T11:48:21.212+0000: [ParNew: 34438K->6K(38720K), 0.0056399 secs] 1049667K->1015236K(1499932K), 0.0057046 secs] [Times: user=0.01 sys=0.00, real=0.01 secs] 
2020-10-28T11:48:21.268+0000: [GC (Allocation Failure) 2020-10-28T11:48:21.268+0000: [ParNew: 34438K->6K(38720K), 0.0057142 secs] 1049668K->1015235K(1499932K), 0.0057933 secs] [Times: user=0.01 sys=0.00, real=0.00 secs] 
2020-10-28T11:48:21.334+0000: [GC (Allocation Failure) 2020-10-28T11:48:21.334+0000: [ParNew: 34438K->6K(38720K), 0.0056671 secs] 1049667K->1015235K(1499932K), 0.0057312 secs] [Times: user=0.01 sys=0.00, real=0.01 secs] 
2020-10-28T11:48:21.393+0000: [GC (Allocation Failure) 2020-10-28T11:48:21.393+0000: [ParNew: 34438K->6K(38720K), 0.0057850 secs] 1049667K->1015235K(1499932K), 0.0058722 secs] [Times: user=0.01 sys=0.00, real=0.01 secs] 
2020-10-28T11:48:21.450+0000: [GC (Allocation Failure) 2020-10-28T11:48:21.450+0000: [ParNew: 34438K->6K(38720K), 0.0078274 secs] 1049667K->1015235K(1499932K), 0.0079160 secs] [Times: user=0.01 sys=0.00, real=0.01 secs] 
2020-10-28T11:48:21.518+0000: [GC (Allocation Failure) 2020-10-28T11:48:21.518+0000: [ParNew: 34438K->6K(38720K), 0.0056763 secs] 1049667K->1015236K(1499932K), 0.0057410 secs] [Times: user=0.01 sys=0.00, real=0.00 secs] 
2020-10-28T11:48:21.578+0000: [GC (Allocation Failure) 2020-10-28T11:48:21.578+0000: [ParNew: 34438K->6K(38720K), 0.0133919 secs] 1049668K->1015236K(1499932K), 0.0134786 secs] [Times: user=0.02 sys=0.00, real=0.01 secs] 
2020-10-28T11:48:21.649+0000: [GC (Allocation Failure) 2020-10-28T11:48:21.649+0000: [ParNew: 34438K->4K(38720K), 0.0083317 secs] 1049668K->1015234K(1499932K), 0.0084258 secs] [Times: user=0.02 sys=0.00, real=0.01 secs] 
2020-10-28T11:48:21.717+0000: [GC (Allocation Failure) 2020-10-28T11:48:21.717+0000: [ParNew: 34436K->6K(38720K), 0.0119137 secs] 1049666K->1015236K(1499932K), 0.0119961 secs] [Times: user=0.02 sys=0.00, real=0.02 secs] 
2020-10-28T11:48:21.782+0000: [GC (Allocation Failure) 2020-10-28T11:48:21.782+0000: [ParNew: 34438K->6K(38720K), 0.0169812 secs] 1049668K->1015236K(1499932K), 0.0170684 secs] [Times: user=0.03 sys=0.00, real=0.02 secs] 
2020-10-28T11:48:21.852+0000: [GC (Allocation Failure) 2020-10-28T11:48:21.852+0000: [ParNew: 34438K->6K(38720K), 0.0118510 secs] 1049668K->1015236K(1499932K), 0.0119331 secs] [Times: user=0.02 sys=0.00, real=0.01 secs] 
2020-10-28T11:48:21.918+0000: [GC (Allocation Failure) 2020-10-28T11:48:21.918+0000: [ParNew: 34438K->6K(38720K), 0.0153789 secs] 1049668K->1015236K(1499932K), 0.0154629 secs] [Times: user=0.03 sys=0.00, real=0.01 secs] 
2020-10-28T11:48:21.990+0000: [GC (Allocation Failure) 2020-10-28T11:48:21.990+0000: [ParNew: 34438K->6K(38720K), 0.0118303 secs] 1049668K->1015236K(1499932K), 0.0119179 secs] [Times: user=0.02 sys=0.00, real=0.01 secs] 
2020-10-28T11:48:22.057+0000: [GC (Allocation Failure) 2020-10-28T11:48:22.057+0000: [ParNew: 34438K->6K(38720K), 0.0097420 secs] 1049668K->1015236K(1499932K), 0.0098234 secs] [Times: user=0.01 sys=0.00, real=0.02 secs] 
2020-10-28T11:48:22.114+0000: [GC (Allocation Failure) 2020-10-28T11:48:22.114+0000: [ParNew: 34438K->6K(38720K), 0.0056737 secs] 1049668K->1015236K(1499932K), 0.0057367 secs] [Times: user=0.01 sys=0.00, real=0.01 secs] 
2020-10-28T11:48:22.167+0000: [GC (Allocation Failure) 2020-10-28T11:48:22.167+0000: [ParNew: 34438K->6K(38720K), 0.0056177 secs] 1049668K->1015236K(1499932K), 0.0056839 secs] [Times: user=0.01 sys=0.00, real=0.00 secs] 
2020-10-28T11:48:22.218+0000: [GC (Allocation Failure) 2020-10-28T11:48:22.218+0000: [ParNew: 34438K->6K(38720K), 0.0056496 secs] 1049668K->1015236K(1499932K), 0.0057142 secs] [Times: user=0.01 sys=0.00, real=0.00 secs] 
2020-10-28T11:48:22.266+0000: [GC (Allocation Failure) 2020-10-28T11:48:22.266+0000: [ParNew: 34438K->6K(38720K), 0.0055982 secs] 1049668K->1015236K(1499932K), 0.0056607 secs] [Times: user=0.01 sys=0.00, real=0.00 secs] 
2020-10-28T11:48:22.313+0000: [GC (Allocation Failure) 2020-10-28T11:48:22.313+0000: [ParNew: 34438K->8K(38720K), 0.0056922 secs] 1049668K->1015238K(1499932K), 0.0057575 secs] [Times: user=0.01 sys=0.00, real=0.01 secs] 
2020-10-28T11:48:22.360+0000: [GC (Allocation Failure) 2020-10-28T11:48:22.360+0000: [ParNew: 34440K->6K(38720K), 0.0055709 secs] 1049670K->1015236K(1499932K), 0.0056348 secs] [Times: user=0.01 sys=0.00, real=0.00 secs] 
2020-10-28T11:48:22.406+0000: [GC (Allocation Failure) 2020-10-28T11:48:22.406+0000: [ParNew: 34438K->6K(38720K), 0.0055915 secs] 1049668K->1015236K(1499932K), 0.0056549 secs] [Times: user=0.01 sys=0.00, real=0.00 secs] 
2020-10-28T11:48:22.447+0000: [GC (Allocation Failure) 2020-10-28T11:48:22.447+0000: [ParNew: 34438K->6K(38720K), 0.0055724 secs] 1049668K->1015236K(1499932K), 0.0056343 secs] [Times: user=0.01 sys=0.00, real=0.00 secs] 
2020-10-28T11:48:22.488+0000: [GC (Allocation Failure) 2020-10-28T11:48:22.488+0000: [ParNew: 34438K->6K(38720K), 0.0055843 secs] 1049668K->1015236K(1499932K), 0.0056452 secs] [Times: user=0.01 sys=0.00, real=0.00 secs] 
2020-10-28T11:48:22.534+0000: [GC (Allocation Failure) 2020-10-28T11:48:22.534+0000: [ParNew: 34438K->6K(38720K), 0.0056193 secs] 1049668K->1015236K(1499932K), 0.0056822 secs] [Times: user=0.01 sys=0.00, real=0.01 secs] 
2020-10-28T11:48:22.578+0000: [GC (Allocation Failure) 2020-10-28T11:48:22.578+0000: [ParNew: 34438K->6K(38720K), 0.0055578 secs] 1049668K->1015236K(1499932K), 0.0056207 secs] [Times: user=0.01 sys=0.00, real=0.00 secs] 
2020-10-28T11:48:22.622+0000: [GC (Allocation Failure) 2020-10-28T11:48:22.622+0000: [ParNew: 34438K->6K(38720K), 0.0056125 secs] 1049668K->1015237K(1499932K), 0.0056854 secs] [Times: user=0.01 sys=0.00, real=0.01 secs] 
2020-10-28T11:48:22.666+0000: [GC (Allocation Failure) 2020-10-28T11:48:22.666+0000: [ParNew: 34438K->6K(38720K), 0.0055348 secs] 1049669K->1015237K(1499932K), 0.0055963 secs] [Times: user=0.01 sys=0.00, real=0.00 secs] 
2020-10-28T11:48:22.707+0000: [GC (Allocation Failure) 2020-10-28T11:48:22.707+0000: [ParNew: 34438K->6K(38720K), 0.0056359 secs] 1049669K->1015237K(1499932K), 0.0056991 secs] [Times: user=0.01 sys=0.00, real=0.00 secs] 
2020-10-28T11:48:22.750+0000: [GC (Allocation Failure) 2020-10-28T11:48:22.750+0000: [ParNew: 34438K->6K(38720K), 0.0055628 secs] 1049669K->1015237K(1499932K), 0.0056241 secs] [Times: user=0.01 sys=0.00, real=0.00 secs] 
2020-10-28T11:48:22.797+0000: [GC (Allocation Failure) 2020-10-28T11:48:22.797+0000: [ParNew: 34438K->6K(38720K), 0.0057071 secs] 1049669K->1015237K(1499932K), 0.0057708 secs] [Times: user=0.01 sys=0.00, real=0.01 secs] 
2020-10-28T11:48:22.842+0000: [GC (Allocation Failure) 2020-10-28T11:48:22.842+0000: [ParNew: 34438K->6K(38720K), 0.0056441 secs] 1049669K->1015237K(1499932K), 0.0057053 secs] [Times: user=0.01 sys=0.00, real=0.01 secs] 
2020-10-28T11:48:22.889+0000: [GC (Allocation Failure) 2020-10-28T11:48:22.889+0000: [ParNew: 34438K->6K(38720K), 0.0055047 secs] 1049669K->1015237K(1499932K), 0.0055641 secs] [Times: user=0.01 sys=0.00, real=0.00 secs] 
2020-10-28T11:48:22.930+0000: [GC (Allocation Failure) 2020-10-28T11:48:22.930+0000: [ParNew: 34438K->6K(38720K), 0.0055118 secs] 1049669K->1015237K(1499932K), 0.0055725 secs] [Times: user=0.01 sys=0.00, real=0.00 secs] 
2020-10-28T11:48:22.977+0000: [GC (Allocation Failure) 2020-10-28T11:48:22.977+0000: [ParNew: 34438K->6K(38720K), 0.0056765 secs] 1049669K->1015237K(1499932K), 0.0057419 secs] [Times: user=0.01 sys=0.00, real=0.01 secs] 
2020-10-28T11:48:23.022+0000: [GC (Allocation Failure) 2020-10-28T11:48:23.022+0000: [ParNew: 34438K->6K(38720K), 0.0056785 secs] 1049669K->1015237K(1499932K), 0.0057450 secs] [Times: user=0.01 sys=0.00, real=0.01 secs] 
2020-10-28T11:48:23.066+0000: [GC (Allocation Failure) 2020-10-28T11:48:23.066+0000: [ParNew: 34438K->6K(38720K), 0.0056024 secs] 1049669K->1015237K(1499932K), 0.0056663 secs] [Times: user=0.01 sys=0.00, real=0.00 secs] 
2020-10-28T11:48:23.107+0000: [GC (Allocation Failure) 2020-10-28T11:48:23.107+0000: [ParNew: 34438K->6K(38720K), 0.0056826 secs] 1049669K->1015237K(1499932K), 0.0057476 secs] [Times: user=0.01 sys=0.00, real=0.00 secs] 
2020-10-28T11:48:23.151+0000: [GC (Allocation Failure) 2020-10-28T11:48:23.151+0000: [ParNew: 34438K->6K(38720K), 0.0056610 secs] 1049669K->1015237K(1499932K), 0.0057262 secs] [Times: user=0.01 sys=0.00, real=0.00 secs] 
2020-10-28T11:48:23.195+0000: [GC (Allocation Failure) 2020-10-28T11:48:23.195+0000: [ParNew: 34438K->6K(38720K), 0.0056231 secs] 1049669K->1015237K(1499932K), 0.0056872 secs] [Times: user=0.01 sys=0.00, real=0.01 secs] 
2020-10-28T11:48:23.240+0000: [GC (Allocation Failure) 2020-10-28T11:48:23.240+0000: [ParNew: 34438K->6K(38720K), 0.0056854 secs] 1049669K->1015237K(1499932K), 0.0057420 secs] [Times: user=0.01 sys=0.00, real=0.01 secs] 
2020-10-28T11:48:23.282+0000: [GC (Allocation Failure) 2020-10-28T11:48:23.282+0000: [ParNew: 34438K->6K(38720K), 0.0055404 secs] 1049669K->1015237K(1499932K), 0.0055997 secs] [Times: user=0.01 sys=0.00, real=0.01 secs] 
2020-10-28T11:48:23.326+0000: [GC (Allocation Failure) 2020-10-28T11:48:23.326+0000: [ParNew: 34438K->6K(38720K), 0.0055804 secs] 1049669K->1015237K(1499932K), 0.0056435 secs] [Times: user=0.01 sys=0.00, real=0.00 secs] 
2020-10-28T11:48:23.371+0000: [GC (Allocation Failure) 2020-10-28T11:48:23.371+0000: [ParNew: 34438K->6K(38720K), 0.0056209 secs] 1049669K->1015237K(1499932K), 0.0056836 secs] [Times: user=0.01 sys=0.00, real=0.00 secs] 
2020-10-28T11:48:23.414+0000: [GC (Allocation Failure) 2020-10-28T11:48:23.414+0000: [ParNew: 34438K->6K(38720K), 0.0067607 secs] 1049669K->1015237K(1499932K), 0.0068365 secs] [Times: user=0.01 sys=0.00, real=0.01 secs] 
2020-10-28T11:48:23.462+0000: [GC (Allocation Failure) 2020-10-28T11:48:23.462+0000: [ParNew: 34438K->6K(38720K), 0.0056252 secs] 1049669K->1015237K(1499932K), 0.0056900 secs] [Times: user=0.01 sys=0.00, real=0.01 secs] 
2020-10-28T11:48:23.503+0000: [GC (Allocation Failure) 2020-10-28T11:48:23.503+0000: [ParNew: 34438K->6K(38720K), 0.0056449 secs] 1049669K->1015237K(1499932K), 0.0057080 secs] [Times: user=0.01 sys=0.00, real=0.01 secs] 
2020-10-28T11:48:23.544+0000: [GC (Allocation Failure) 2020-10-28T11:48:23.544+0000: [ParNew: 34438K->6K(38720K), 0.0055977 secs] 1049669K->1015237K(1499932K), 0.0056596 secs] [Times: user=0.01 sys=0.00, real=0.01 secs] 
2020-10-28T11:48:23.586+0000: [GC (Allocation Failure) 2020-10-28T11:48:23.586+0000: [ParNew: 34438K->6K(38720K), 0.0056552 secs] 1049669K->1015237K(1499932K), 0.0057198 secs] [Times: user=0.01 sys=0.00, real=0.00 secs] 
2020-10-28T11:48:23.634+0000: [GC (Allocation Failure) 2020-10-28T11:48:23.634+0000: [ParNew: 34438K->6K(38720K), 0.0056689 secs] 1049669K->1015237K(1499932K), 0.0057332 secs] [Times: user=0.01 sys=0.01, real=0.01 secs] 
2020-10-28T11:48:23.681+0000: [GC (Allocation Failure) 2020-10-28T11:48:23.681+0000: [ParNew: 34438K->6K(38720K), 0.0055819 secs] 1049669K->1015237K(1499932K), 0.0056443 secs] [Times: user=0.01 sys=0.00, real=0.01 secs] 
2020-10-28T11:48:23.730+0000: [GC (Allocation Failure) 2020-10-28T11:48:23.730+0000: [ParNew: 34438K->6K(38720K), 0.0055793 secs] 1049669K->1015237K(1499932K), 0.0056419 secs] [Times: user=0.02 sys=0.00, real=0.00 secs] 
2020-10-28T11:48:23.774+0000: [GC (Allocation Failure) 2020-10-28T11:48:23.774+0000: [ParNew: 34438K->6K(38720K), 0.0055789 secs] 1049669K->1015237K(1499932K), 0.0056416 secs] [Times: user=0.01 sys=0.00, real=0.01 secs] 
2020-10-28T11:48:23.818+0000: [GC (Allocation Failure) 2020-10-28T11:48:23.818+0000: [ParNew: 34438K->6K(38720K), 0.0057642 secs] 1049669K->1015237K(1499932K), 0.0058326 secs] [Times: user=0.01 sys=0.00, real=0.00 secs] 
2020-10-28T11:48:23.862+0000: [GC (Allocation Failure) 2020-10-28T11:48:23.862+0000: [ParNew: 34438K->6K(38720K), 0.0057128 secs] 1049669K->1015237K(1499932K), 0.0057743 secs] [Times: user=0.01 sys=0.00, real=0.01 secs] 
2020-10-28T11:48:23.906+0000: [GC (Allocation Failure) 2020-10-28T11:48:23.906+0000: [ParNew: 34438K->6K(38720K), 0.0053730 secs] 1049669K->1015237K(1499932K), 0.0054311 secs] [Times: user=0.01 sys=0.00, real=0.00 secs] 
2020-10-28T11:48:23.950+0000: [GC (Allocation Failure) 2020-10-28T11:48:23.950+0000: [ParNew: 34438K->6K(38720K), 0.0054445 secs] 1049669K->1015237K(1499932K), 0.0055038 secs] [Times: user=0.01 sys=0.00, real=0.00 secs] 
2020-10-28T11:48:23.994+0000: [GC (Allocation Failure) 2020-10-28T11:48:23.994+0000: [ParNew: 34438K->6K(38720K), 0.0055620 secs] 1049669K->1015237K(1499932K), 0.0056267 secs] [Times: user=0.01 sys=0.00, real=0.01 secs] 
2020-10-28T11:48:24.038+0000: [GC (Allocation Failure) 2020-10-28T11:48:24.038+0000: [ParNew: 34438K->6K(38720K), 0.0056477 secs] 1049669K->1015237K(1499932K), 0.0057128 secs] [Times: user=0.01 sys=0.00, real=0.00 secs] 
2020-10-28T11:48:24.085+0000: [GC (Allocation Failure) 2020-10-28T11:48:24.085+0000: [ParNew: 34438K->6K(38720K), 0.0055286 secs] 1049669K->1015237K(1499932K), 0.0055907 secs] [Times: user=0.01 sys=0.00, real=0.01 secs] 
2020-10-28T11:48:24.126+0000: [GC (Allocation Failure) 2020-10-28T11:48:24.126+0000: [ParNew: 34438K->6K(38720K), 0.0054783 secs] 1049669K->1015237K(1499932K), 0.0055391 secs] [Times: user=0.01 sys=0.00, real=0.00 secs] 
2020-10-28T11:48:24.170+0000: [GC (Allocation Failure) 2020-10-28T11:48:24.170+0000: [ParNew: 34438K->6K(38720K), 0.0056331 secs] 1049669K->1015237K(1499932K), 0.0056958 secs] [Times: user=0.01 sys=0.00, real=0.00 secs] 
2020-10-28T11:48:24.211+0000: [GC (Allocation Failure) 2020-10-28T11:48:24.211+0000: [ParNew: 34438K->6K(38720K), 0.0054894 secs] 1049669K->1015237K(1499932K), 0.0055496 secs] [Times: user=0.01 sys=0.00, real=0.00 secs] 
2020-10-28T11:48:24.254+0000: [GC (Allocation Failure) 2020-10-28T11:48:24.254+0000: [ParNew: 34438K->6K(38720K), 0.0055285 secs] 1049669K->1015237K(1499932K), 0.0056014 secs] [Times: user=0.01 sys=0.00, real=0.01 secs] 
2020-10-28T11:48:24.298+0000: [GC (Allocation Failure) 2020-10-28T11:48:24.298+0000: [ParNew: 34438K->6K(38720K), 0.0055304 secs] 1049669K->1015237K(1499932K), 0.0056007 secs] [Times: user=0.01 sys=0.00, real=0.00 secs] 
2020-10-28T11:48:24.345+0000: [GC (Allocation Failure) 2020-10-28T11:48:24.345+0000: [ParNew: 34438K->6K(38720K), 0.0054801 secs] 1049669K->1015237K(1499932K), 0.0055407 secs] [Times: user=0.01 sys=0.00, real=0.01 secs] 
2020-10-28T11:48:24.387+0000: [GC (Allocation Failure) 2020-10-28T11:48:24.387+0000: [ParNew: 34438K->6K(38720K), 0.0055584 secs] 1049669K->1015237K(1499932K), 0.0056450 secs] [Times: user=0.01 sys=0.00, real=0.00 secs] 
2020-10-28T11:48:24.428+0000: [GC (Allocation Failure) 2020-10-28T11:48:24.428+0000: [ParNew: 34438K->6K(38720K), 0.0056130 secs] 1049669K->1015237K(1499932K), 0.0056768 secs] [Times: user=0.01 sys=0.00, real=0.00 secs] 
2020-10-28T11:48:24.470+0000: [GC (Allocation Failure) 2020-10-28T11:48:24.470+0000: [ParNew: 34438K->6K(38720K), 0.0055986 secs] 1049669K->1015237K(1499932K), 0.0056631 secs] [Times: user=0.01 sys=0.00, real=0.00 secs] 
2020-10-28T11:48:24.514+0000: [GC (Allocation Failure) 2020-10-28T11:48:24.514+0000: [ParNew: 34438K->6K(38720K), 0.0055590 secs] 1049669K->1015237K(1499932K), 0.0056168 secs] [Times: user=0.01 sys=0.00, real=0.01 secs] 
2020-10-28T11:48:24.558+0000: [GC (Allocation Failure) 2020-10-28T11:48:24.558+0000: [ParNew: 34438K->6K(38720K), 0.0054298 secs] 1049669K->1015237K(1499932K), 0.0054836 secs] [Times: user=0.01 sys=0.00, real=0.00 secs] 
2020-10-28T11:48:24.602+0000: [GC (Allocation Failure) 2020-10-28T11:48:24.602+0000: [ParNew: 34438K->6K(38720K), 0.0055604 secs] 1049669K->1015237K(1499932K), 0.0056224 secs] [Times: user=0.01 sys=0.00, real=0.01 secs] 
2020-10-28T11:48:24.646+0000: [GC (Allocation Failure) 2020-10-28T11:48:24.646+0000: [ParNew: 34438K->6K(38720K), 0.0055095 secs] 1049669K->1015237K(1499932K), 0.0055703 secs] [Times: user=0.01 sys=0.00, real=0.00 secs] 
2020-10-28T11:48:24.690+0000: [GC (Allocation Failure) 2020-10-28T11:48:24.690+0000: [ParNew: 34438K->6K(38720K), 0.0078558 secs] 1049669K->1015237K(1499932K), 0.0079282 secs] [Times: user=0.01 sys=0.00, real=0.01 secs] 
2020-10-28T11:48:24.748+0000: [GC (Allocation Failure) 2020-10-28T11:48:24.748+0000: [ParNew: 34438K->6K(38720K), 0.0056364 secs] 1049669K->1015237K(1499932K), 0.0056969 secs] [Times: user=0.01 sys=0.00, real=0.00 secs] 
2020-10-28T11:48:24.794+0000: [GC (Allocation Failure) 2020-10-28T11:48:24.794+0000: [ParNew: 34438K->6K(38720K), 0.0056146 secs] 1049669K->1015237K(1499932K), 0.0056791 secs] [Times: user=0.01 sys=0.00, real=0.01 secs] 
2020-10-28T11:48:24.843+0000: [GC (Allocation Failure) 2020-10-28T11:48:24.843+0000: [ParNew: 34438K->6K(38720K), 0.0057206 secs] 1049669K->1015237K(1499932K), 0.0057753 secs] [Times: user=0.01 sys=0.00, real=0.01 secs] 
2020-10-28T11:48:24.886+0000: [GC (Allocation Failure) 2020-10-28T11:48:24.886+0000: [ParNew: 34438K->6K(38720K), 0.0054349 secs] 1049669K->1015237K(1499932K), 0.0054921 secs] [Times: user=0.01 sys=0.00, real=0.00 secs] 
2020-10-28T11:48:24.926+0000: [GC (Allocation Failure) 2020-10-28T11:48:24.926+0000: [ParNew: 34438K->6K(38720K), 0.0054334 secs] 1049669K->1015237K(1499932K), 0.0054910 secs] [Times: user=0.01 sys=0.00, real=0.00 secs] 
2020-10-28T11:48:24.967+0000: [GC (Allocation Failure) 2020-10-28T11:48:24.967+0000: [ParNew: 34438K->6K(38720K), 0.0055233 secs] 1049669K->1015237K(1499932K), 0.0056051 secs] [Times: user=0.01 sys=0.00, real=0.00 secs] 
2020-10-28T11:48:25.013+0000: [GC (Allocation Failure) 2020-10-28T11:48:25.013+0000: [ParNew: 34438K->6K(38720K), 0.0056429 secs] 1049669K->1015237K(1499932K), 0.0057080 secs] [Times: user=0.01 sys=0.00, real=0.01 secs] 
2020-10-28T11:48:25.054+0000: [GC (Allocation Failure) 2020-10-28T11:48:25.054+0000: [ParNew: 34438K->6K(38720K), 0.0055894 secs] 1049669K->1015237K(1499932K), 0.0056729 secs] [Times: user=0.01 sys=0.00, real=0.01 secs] 
2020-10-28T11:48:25.098+0000: [GC (Allocation Failure) 2020-10-28T11:48:25.098+0000: [ParNew: 34438K->6K(38720K), 0.0055802 secs] 1049669K->1015237K(1499932K), 0.0056422 secs] [Times: user=0.02 sys=0.00, real=0.00 secs] 
2020-10-28T11:48:25.142+0000: [GC (Allocation Failure) 2020-10-28T11:48:25.142+0000: [ParNew: 34438K->6K(38720K), 0.0054799 secs] 1049669K->1015237K(1499932K), 0.0055390 secs] [Times: user=0.02 sys=0.00, real=0.01 secs] 
2020-10-28T11:48:25.186+0000: [GC (Allocation Failure) 2020-10-28T11:48:25.186+0000: [ParNew: 34438K->6K(38720K), 0.0053921 secs] 1049669K->1015237K(1499932K), 0.0054503 secs] [Times: user=0.01 sys=0.00, real=0.00 secs] 
2020-10-28T11:48:25.228+0000: [GC (Allocation Failure) 2020-10-28T11:48:25.228+0000: [ParNew: 34438K->6K(38720K), 0.0056064 secs] 1049669K->1015237K(1499932K), 0.0056585 secs] [Times: user=0.01 sys=0.00, real=0.00 secs] 
2020-10-28T11:48:25.269+0000: [GC (Allocation Failure) 2020-10-28T11:48:25.269+0000: [ParNew: 34438K->6K(38720K), 0.0054496 secs] 1049669K->1015237K(1499932K), 0.0055077 secs] [Times: user=0.01 sys=0.00, real=0.00 secs] 
2020-10-28T11:48:25.314+0000: [GC (Allocation Failure) 2020-10-28T11:48:25.314+0000: [ParNew: 34438K->6K(38720K), 0.0055094 secs] 1049669K->1015237K(1499932K), 0.0055696 secs] [Times: user=0.01 sys=0.00, real=0.01 secs] 
2020-10-28T11:48:25.362+0000: [GC (Allocation Failure) 2020-10-28T11:48:25.362+0000: [ParNew: 34438K->6K(38720K), 0.0055400 secs] 1049669K->1015237K(1499932K), 0.0056006 secs] [Times: user=0.01 sys=0.00, real=0.01 secs] 
2020-10-28T11:48:25.407+0000: [GC (Allocation Failure) 2020-10-28T11:48:25.407+0000: [ParNew: 34438K->6K(38720K), 0.0055170 secs] 1049669K->1015237K(1499932K), 0.0055791 secs] [Times: user=0.01 sys=0.00, real=0.00 secs] 
2020-10-28T11:48:25.454+0000: [GC (Allocation Failure) 2020-10-28T11:48:25.454+0000: [ParNew: 34438K->6K(38720K), 0.0054014 secs] 1049669K->1015237K(1499932K), 0.0054597 secs] [Times: user=0.01 sys=0.00, real=0.01 secs] 
2020-10-28T11:48:25.495+0000: [GC (Allocation Failure) 2020-10-28T11:48:25.495+0000: [ParNew: 34438K->6K(38720K), 0.0056299 secs] 1049669K->1015237K(1499932K), 0.0056901 secs] [Times: user=0.01 sys=0.00, real=0.01 secs] 
2020-10-28T11:48:25.541+0000: [GC (Allocation Failure) 2020-10-28T11:48:25.541+0000: [ParNew: 34438K->6K(38720K), 0.0056618 secs] 1049669K->1015237K(1499932K), 0.0057276 secs] [Times: user=0.02 sys=0.00, real=0.01 secs] 
2020-10-28T11:48:25.584+0000: [GC (Allocation Failure) 2020-10-28T11:48:25.584+0000: [ParNew: 34438K->6K(38720K), 0.0054295 secs] 1049669K->1015237K(1499932K), 0.0054888 secs] [Times: user=0.01 sys=0.00, real=0.01 secs] 
2020-10-28T11:48:25.624+0000: [GC (Allocation Failure) 2020-10-28T11:48:25.624+0000: [ParNew: 34438K->6K(38720K), 0.0054148 secs] 1049669K->1015237K(1499932K), 0.0054733 secs] [Times: user=0.01 sys=0.00, real=0.01 secs] 
2020-10-28T11:48:25.668+0000: [GC (Allocation Failure) 2020-10-28T11:48:25.668+0000: [ParNew: 34438K->6K(38720K), 0.0061531 secs] 1049669K->1015237K(1499932K), 0.0062130 secs] [Times: user=0.01 sys=0.00, real=0.00 secs] 
2020-10-28T11:48:25.710+0000: [GC (Allocation Failure) 2020-10-28T11:48:25.710+0000: [ParNew: 34438K->6K(38720K), 0.0053551 secs] 1049669K->1015238K(1499932K), 0.0054134 secs] [Times: user=0.01 sys=0.00, real=0.00 secs] 
2020-10-28T11:48:25.750+0000: [GC (Allocation Failure) 2020-10-28T11:48:25.750+0000: [ParNew: 34438K->6K(38720K), 0.0054227 secs] 1049670K->1015238K(1499932K), 0.0054821 secs] [Times: user=0.02 sys=0.00, real=0.00 secs] 
2020-10-28T11:48:25.791+0000: [GC (Allocation Failure) 2020-10-28T11:48:25.791+0000: [ParNew: 34438K->6K(38720K), 0.0057064 secs] 1049670K->1015238K(1499932K), 0.0057792 secs] [Times: user=0.01 sys=0.00, real=0.00 secs] 
2020-10-28T11:48:25.834+0000: [GC (Allocation Failure) 2020-10-28T11:48:25.834+0000: [ParNew: 34438K->6K(38720K), 0.0055236 secs] 1049670K->1015238K(1499932K), 0.0055823 secs] [Times: user=0.01 sys=0.00, real=0.01 secs] 
2020-10-28T11:48:25.875+0000: [GC (Allocation Failure) 2020-10-28T11:48:25.875+0000: [ParNew: 34438K->6K(38720K), 0.0054583 secs] 1049670K->1015238K(1499932K), 0.0055159 secs] [Times: user=0.01 sys=0.00, real=0.01 secs] 
2020-10-28T11:48:25.915+0000: [GC (Allocation Failure) 2020-10-28T11:48:25.915+0000: [ParNew: 34438K->6K(38720K), 0.0053733 secs] 1049670K->1015238K(1499932K), 0.0054293 secs] [Times: user=0.01 sys=0.00, real=0.01 secs] 
2020-10-28T11:48:25.959+0000: [GC (Allocation Failure) 2020-10-28T11:48:25.959+0000: [ParNew: 34438K->6K(38720K), 0.0054937 secs] 1049670K->1015238K(1499932K), 0.0055539 secs] [Times: user=0.01 sys=0.00, real=0.00 secs] 
2020-10-28T11:48:25.999+0000: [GC (Allocation Failure) 2020-10-28T11:48:25.999+0000: [ParNew: 34438K->6K(38720K), 0.0055219 secs] 1049670K->1015238K(1499932K), 0.0055790 secs] [Times: user=0.01 sys=0.00, real=0.00 secs] 
2020-10-28T11:48:26.045+0000: [GC (Allocation Failure) 2020-10-28T11:48:26.045+0000: [ParNew: 34438K->6K(38720K), 0.0056736 secs] 1049670K->1015238K(1499932K), 0.0057384 secs] [Times: user=0.02 sys=0.00, real=0.01 secs] 
2020-10-28T11:48:26.090+0000: [GC (Allocation Failure) 2020-10-28T11:48:26.090+0000: [ParNew: 34438K->6K(38720K), 0.0093618 secs] 1049670K->1015238K(1499932K), 0.0094538 secs] [Times: user=0.02 sys=0.00, real=0.01 secs] 
2020-10-28T11:48:26.141+0000: [GC (Allocation Failure) 2020-10-28T11:48:26.141+0000: [ParNew: 34438K->6K(38720K), 0.0055112 secs] 1049670K->1015238K(1499932K), 0.0055714 secs] [Times: user=0.01 sys=0.00, real=0.01 secs] 
2020-10-28T11:48:26.181+0000: [GC (Allocation Failure) 2020-10-28T11:48:26.181+0000: [ParNew: 34438K->6K(38720K), 0.0053705 secs] 1049670K->1015238K(1499932K), 0.0054280 secs] [Times: user=0.01 sys=0.00, real=0.01 secs] 
2020-10-28T11:48:26.222+0000: [GC (Allocation Failure) 2020-10-28T11:48:26.222+0000: [ParNew: 34438K->6K(38720K), 0.0053571 secs] 1049670K->1015238K(1499932K), 0.0054241 secs] [Times: user=0.01 sys=0.00, real=0.01 secs] 
2020-10-28T11:48:26.268+0000: [GC (Allocation Failure) 2020-10-28T11:48:26.268+0000: [ParNew: 34438K->6K(38720K), 0.0055706 secs] 1049670K->1015238K(1499932K), 0.0056331 secs] [Times: user=0.01 sys=0.00, real=0.00 secs] 
2020-10-28T11:48:26.314+0000: [GC (Allocation Failure) 2020-10-28T11:48:26.314+0000: [ParNew: 34438K->6K(38720K), 0.0054093 secs] 1049670K->1015238K(1499932K), 0.0054688 secs] [Times: user=0.01 sys=0.00, real=0.01 secs] 
2020-10-28T11:48:26.358+0000: [GC (Allocation Failure) 2020-10-28T11:48:26.358+0000: [ParNew: 34438K->6K(38720K), 0.0056356 secs] 1049670K->1015238K(1499932K), 0.0056993 secs] [Times: user=0.01 sys=0.00, real=0.00 secs] 
2020-10-28T11:48:26.399+0000: [GC (Allocation Failure) 2020-10-28T11:48:26.400+0000: [ParNew: 34438K->6K(38720K), 0.0056184 secs] 1049670K->1015238K(1499932K), 0.0056827 secs] [Times: user=0.01 sys=0.00, real=0.00 secs] 
2020-10-28T11:48:26.451+0000: [GC (Allocation Failure) 2020-10-28T11:48:26.451+0000: [ParNew: 34438K->6K(38720K), 0.0056661 secs] 1049670K->1015238K(1499932K), 0.0057308 secs] [Times: user=0.01 sys=0.00, real=0.00 secs] 
2020-10-28T11:48:26.498+0000: [GC (Allocation Failure) 2020-10-28T11:48:26.498+0000: [ParNew: 34438K->6K(38720K), 0.0055894 secs] 1049670K->1015238K(1499932K), 0.0056502 secs] [Times: user=0.01 sys=0.00, real=0.00 secs] 
2020-10-28T11:48:26.542+0000: [GC (Allocation Failure) 2020-10-28T11:48:26.542+0000: [ParNew: 34438K->6K(38720K), 0.0056034 secs] 1049670K->1015238K(1499932K), 0.0056662 secs] [Times: user=0.01 sys=0.00, real=0.01 secs] 
2020-10-28T11:48:26.586+0000: [GC (Allocation Failure) 2020-10-28T11:48:26.586+0000: [ParNew: 34438K->4K(38720K), 0.0054185 secs] 1049670K->1015236K(1499932K), 0.0054780 secs] [Times: user=0.01 sys=0.00, real=0.00 secs] 
2020-10-28T11:48:26.630+0000: [GC (Allocation Failure) 2020-10-28T11:48:26.630+0000: [ParNew: 34436K->6K(38720K), 0.0054642 secs] 1049668K->1015238K(1499932K), 0.0055233 secs] [Times: user=0.01 sys=0.00, real=0.00 secs] 
2020-10-28T11:48:26.674+0000: [GC (Allocation Failure) 2020-10-28T11:48:26.674+0000: [ParNew: 34438K->6K(38720K), 0.0055878 secs] 1049670K->1015238K(1499932K), 0.0056514 secs] [Times: user=0.01 sys=0.00, real=0.01 secs] 
2020-10-28T11:48:26.718+0000: [GC (Allocation Failure) 2020-10-28T11:48:26.718+0000: [ParNew: 34438K->6K(38720K), 0.0055027 secs] 1049670K->1015238K(1499932K), 0.0055594 secs] [Times: user=0.01 sys=0.00, real=0.00 secs] 
2020-10-28T11:48:26.758+0000: [GC (Allocation Failure) 2020-10-28T11:48:26.758+0000: [ParNew: 34438K->6K(38720K), 0.0053948 secs] 1049670K->1015238K(1499932K), 0.0054565 secs] [Times: user=0.02 sys=0.00, real=0.00 secs] 
2020-10-28T11:48:26.802+0000: [GC (Allocation Failure) 2020-10-28T11:48:26.802+0000: [ParNew: 34438K->6K(38720K), 0.0056224 secs] 1049670K->1015238K(1499932K), 0.0056851 secs] [Times: user=0.01 sys=0.00, real=0.01 secs] 
2020-10-28T11:48:26.848+0000: [GC (Allocation Failure) 2020-10-28T11:48:26.848+0000: [ParNew: 34438K->6K(38720K), 0.0057462 secs] 1049670K->1015238K(1499932K), 0.0058074 secs] [Times: user=0.01 sys=0.00, real=0.00 secs] 
2020-10-28T11:48:26.889+0000: [GC (Allocation Failure) 2020-10-28T11:48:26.889+0000: [ParNew: 34438K->6K(38720K), 0.0056197 secs] 1049670K->1015238K(1499932K), 0.0056782 secs] [Times: user=0.01 sys=0.00, real=0.00 secs] 
2020-10-28T11:48:26.930+0000: [GC (Allocation Failure) 2020-10-28T11:48:26.930+0000: [ParNew: 34438K->6K(38720K), 0.0053134 secs] 1049670K->1015238K(1499932K), 0.0053698 secs] [Times: user=0.01 sys=0.00, real=0.00 secs] 
2020-10-28T11:48:26.973+0000: [GC (Allocation Failure) 2020-10-28T11:48:26.973+0000: [ParNew: 34438K->6K(38720K), 0.0054853 secs] 1049670K->1015238K(1499932K), 0.0055447 secs] [Times: user=0.01 sys=0.00, real=0.01 secs] 
2020-10-28T11:48:27.018+0000: [GC (Allocation Failure) 2020-10-28T11:48:27.018+0000: [ParNew: 34438K->6K(38720K), 0.0056412 secs] 1049670K->1015238K(1499932K), 0.0057025 secs] [Times: user=0.01 sys=0.00, real=0.00 secs] 
2020-10-28T11:48:27.063+0000: [GC (Allocation Failure) 2020-10-28T11:48:27.063+0000: [ParNew: 34438K->6K(38720K), 0.0054910 secs] 1049670K->1015238K(1499932K), 0.0055517 secs] [Times: user=0.01 sys=0.00, real=0.01 secs] 
2020-10-28T11:48:27.103+0000: [GC (Allocation Failure) 2020-10-28T11:48:27.103+0000: [ParNew: 34438K->6K(38720K), 0.0054474 secs] 1049670K->1015238K(1499932K), 0.0055076 secs] [Times: user=0.01 sys=0.00, real=0.01 secs] 
2020-10-28T11:48:27.150+0000: [GC (Allocation Failure) 2020-10-28T11:48:27.150+0000: [ParNew: 34438K->6K(38720K), 0.0054499 secs] 1049670K->1015238K(1499932K), 0.0055099 secs] [Times: user=0.01 sys=0.00, real=0.00 secs] 
2020-10-28T11:48:27.190+0000: [GC (Allocation Failure) 2020-10-28T11:48:27.190+0000: [ParNew: 34438K->6K(38720K), 0.0054282 secs] 1049670K->1015238K(1499932K), 0.0054865 secs] [Times: user=0.01 sys=0.00, real=0.00 secs] 
2020-10-28T11:48:27.236+0000: [GC (Allocation Failure) 2020-10-28T11:48:27.236+0000: [ParNew: 34438K->6K(38720K), 0.0054126 secs] 1049670K->1015238K(1499932K), 0.0054628 secs] [Times: user=0.01 sys=0.00, real=0.01 secs] 
2020-10-28T11:48:27.277+0000: [GC (Allocation Failure) 2020-10-28T11:48:27.277+0000: [ParNew: 34438K->6K(38720K), 0.0055503 secs] 1049670K->1015238K(1499932K), 0.0056092 secs] [Times: user=0.02 sys=0.00, real=0.01 secs] 
2020-10-28T11:48:27.321+0000: [GC (Allocation Failure) 2020-10-28T11:48:27.321+0000: [ParNew: 34438K->6K(38720K), 0.0054485 secs] 1049670K->1015238K(1499932K), 0.0055064 secs] [Times: user=0.01 sys=0.00, real=0.01 secs] 
2020-10-28T11:48:27.365+0000: [GC (Allocation Failure) 2020-10-28T11:48:27.365+0000: [ParNew: 34438K->6K(38720K), 0.0054892 secs] 1049670K->1015238K(1499932K), 0.0055463 secs] [Times: user=0.01 sys=0.00, real=0.01 secs] 
2020-10-28T11:48:27.406+0000: [GC (Allocation Failure) 2020-10-28T11:48:27.406+0000: [ParNew: 34438K->6K(38720K), 0.0055545 secs] 1049670K->1015238K(1499932K), 0.0056141 secs] [Times: user=0.01 sys=0.00, real=0.00 secs] 
2020-10-28T11:48:27.451+0000: [GC (Allocation Failure) 2020-10-28T11:48:27.451+0000: [ParNew: 34438K->6K(38720K), 0.0053986 secs] 1049670K->1015238K(1499932K), 0.0054562 secs] [Times: user=0.01 sys=0.00, real=0.00 secs] 
2020-10-28T11:48:27.498+0000: [GC (Allocation Failure) 2020-10-28T11:48:27.498+0000: [ParNew: 34438K->6K(38720K), 0.0054472 secs] 1049670K->1015238K(1499932K), 0.0055057 secs] [Times: user=0.01 sys=0.00, real=0.00 secs] 
2020-10-28T11:48:27.546+0000: [GC (Allocation Failure) 2020-10-28T11:48:27.546+0000: [ParNew: 34438K->6K(38720K), 0.0053403 secs] 1049670K->1015238K(1499932K), 0.0053983 secs] [Times: user=0.02 sys=0.00, real=0.00 secs] 
2020-10-28T11:48:27.590+0000: [GC (Allocation Failure) 2020-10-28T11:48:27.590+0000: [ParNew: 34438K->6K(38720K), 0.0056130 secs] 1049670K->1015238K(1499932K), 0.0056752 secs] [Times: user=0.01 sys=0.00, real=0.00 secs] 
2020-10-28T11:48:27.634+0000: [GC (Allocation Failure) 2020-10-28T11:48:27.634+0000: [ParNew: 34438K->6K(38720K), 0.0055446 secs] 1049670K->1015238K(1499932K), 0.0056044 secs] [Times: user=0.01 sys=0.00, real=0.01 secs] 
2020-10-28T11:48:27.679+0000: [GC (Allocation Failure) 2020-10-28T11:48:27.679+0000: [ParNew: 34438K->6K(38720K), 0.0056359 secs] 1049670K->1015238K(1499932K), 0.0056994 secs] [Times: user=0.01 sys=0.00, real=0.00 secs] 
2020-10-28T11:48:27.730+0000: [GC (Allocation Failure) 2020-10-28T11:48:27.730+0000: [ParNew: 34438K->6K(38720K), 0.0055248 secs] 1049670K->1015238K(1499932K), 0.0056065 secs] [Times: user=0.01 sys=0.00, real=0.00 secs] 
2020-10-28T11:48:27.771+0000: [GC (Allocation Failure) 2020-10-28T11:48:27.771+0000: [ParNew: 34438K->6K(38720K), 0.0054301 secs] 1049670K->1015238K(1499932K), 0.0054873 secs] [Times: user=0.01 sys=0.00, real=0.00 secs] 
2020-10-28T11:48:27.816+0000: [GC (Allocation Failure) 2020-10-28T11:48:27.816+0000: [ParNew: 34438K->6K(38720K), 0.0056283 secs] 1049670K->1015238K(1499932K), 0.0056906 secs] [Times: user=0.01 sys=0.00, real=0.01 secs] 
2020-10-28T11:48:27.873+0000: [GC (Allocation Failure) 2020-10-28T11:48:27.873+0000: [ParNew: 34438K->12K(38720K), 0.0057599 secs] 1049670K->1015245K(1499932K), 0.0058221 secs] [Times: user=0.01 sys=0.00, real=0.01 secs] 
2020-10-28T11:48:27.921+0000: [GC (Allocation Failure) 2020-10-28T11:48:27.921+0000: [ParNew: 34444K->15K(38720K), 0.0055128 secs] 1049677K->1015248K(1499932K), 0.0055740 secs] [Times: user=0.01 sys=0.00, real=0.01 secs] 
2020-10-28T11:48:27.962+0000: [GC (Allocation Failure) 2020-10-28T11:48:27.962+0000: [ParNew: 34447K->13K(38720K), 0.0055503 secs] 1049680K->1015246K(1499932K), 0.0056114 secs] [Times: user=0.01 sys=0.00, real=0.01 secs] 
2020-10-28T11:48:28.006+0000: [GC (Allocation Failure) 2020-10-28T11:48:28.006+0000: [ParNew: 34430K->14K(38720K), 0.0057370 secs] 1049663K->1015246K(1499932K), 0.0058013 secs] [Times: user=0.02 sys=0.00, real=0.00 secs] 
2020-10-28T11:48:28.050+0000: [GC (Allocation Failure) 2020-10-28T11:48:28.051+0000: [ParNew: 34446K->14K(38720K), 0.0055879 secs] 1049678K->1015246K(1499932K), 0.0056503 secs] [Times: user=0.01 sys=0.00, real=0.00 secs] 
2020-10-28T11:48:28.091+0000: [GC (Allocation Failure) 2020-10-28T11:48:28.091+0000: [ParNew: 34446K->14K(38720K), 0.0056757 secs] 1049678K->1015247K(1499932K), 0.0057403 secs] [Times: user=0.01 sys=0.00, real=0.00 secs] 
2020-10-28T11:48:28.134+0000: [GC (Allocation Failure) 2020-10-28T11:48:28.134+0000: [ParNew: 34446K->9K(38720K), 0.0079159 secs] 1049679K->1015248K(1499932K), 0.0079728 secs] [Times: user=0.01 sys=0.00, real=0.01 secs] 
2020-10-28T11:48:28.186+0000: [GC (Allocation Failure) 2020-10-28T11:48:28.186+0000: [ParNew: 34441K->6K(38720K), 0.0055948 secs] 1049680K->1015244K(1499932K), 0.0056571 secs] [Times: user=0.01 sys=0.00, real=0.00 secs] 
2020-10-28T11:48:28.230+0000: [GC (Allocation Failure) 2020-10-28T11:48:28.230+0000: [ParNew: 34438K->6K(38720K), 0.0056189 secs] 1049676K->1015244K(1499932K), 0.0056835 secs] [Times: user=0.01 sys=0.00, real=0.00 secs] 
2020-10-28T11:48:28.271+0000: [GC (Allocation Failure) 2020-10-28T11:48:28.271+0000: [ParNew: 34438K->6K(38720K), 0.0055850 secs] 1049676K->1015244K(1499932K), 0.0056473 secs] [Times: user=0.02 sys=0.00, real=0.00 secs] 
2020-10-28T11:48:28.314+0000: [GC (Allocation Failure) 2020-10-28T11:48:28.314+0000: [ParNew: 34438K->6K(38720K), 0.0056823 secs] 1049676K->1015244K(1499932K), 0.0057463 secs] [Times: user=0.01 sys=0.00, real=0.01 secs] 
2020-10-28T11:48:28.355+0000: [GC (Allocation Failure) 2020-10-28T11:48:28.355+0000: [ParNew: 34438K->6K(38720K), 0.0056149 secs] 1049676K->1015244K(1499932K), 0.0056792 secs] [Times: user=0.01 sys=0.00, real=0.01 secs] 
2020-10-28T11:48:28.402+0000: [GC (Allocation Failure) 2020-10-28T11:48:28.402+0000: [ParNew: 34438K->6K(38720K), 0.0056139 secs] 1049676K->1015244K(1499932K), 0.0056773 secs] [Times: user=0.01 sys=0.00, real=0.01 secs] 
2020-10-28T11:48:28.446+0000: [GC (Allocation Failure) 2020-10-28T11:48:28.446+0000: [ParNew: 34438K->6K(38720K), 0.0056002 secs] 1049676K->1015244K(1499932K), 0.0056628 secs] [Times: user=0.01 sys=0.00, real=0.00 secs] 
2020-10-28T11:48:28.487+0000: [GC (Allocation Failure) 2020-10-28T11:48:28.487+0000: [ParNew: 34438K->6K(38720K), 0.0055876 secs] 1049676K->1015244K(1499932K), 0.0056477 secs] [Times: user=0.02 sys=0.00, real=0.00 secs] 
2020-10-28T11:48:28.532+0000: [GC (Allocation Failure) 2020-10-28T11:48:28.532+0000: [ParNew: 34438K->6K(38720K), 0.0056150 secs] 1049676K->1015244K(1499932K), 0.0056776 secs] [Times: user=0.01 sys=0.00, real=0.00 secs] 
2020-10-28T11:48:28.572+0000: [GC (Allocation Failure) 2020-10-28T11:48:28.572+0000: [ParNew: 34438K->6K(38720K), 0.0053343 secs] 1049676K->1015244K(1499932K), 0.0053933 secs] [Times: user=0.01 sys=0.00, real=0.00 secs] 
2020-10-28T11:48:28.618+0000: [GC (Allocation Failure) 2020-10-28T11:48:28.618+0000: [ParNew: 34438K->6K(38720K), 0.0054552 secs] 1049676K->1015244K(1499932K), 0.0055161 secs] [Times: user=0.02 sys=0.00, real=0.00 secs] 
2020-10-28T11:48:28.662+0000: [GC (Allocation Failure) 2020-10-28T11:48:28.662+0000: [ParNew: 34438K->6K(38720K), 0.0053747 secs] 1049676K->1015244K(1499932K), 0.0054345 secs] [Times: user=0.01 sys=0.00, real=0.01 secs] 
2020-10-28T11:48:28.706+0000: [GC (Allocation Failure) 2020-10-28T11:48:28.706+0000: [ParNew: 34438K->6K(38720K), 0.0053652 secs] 1049676K->1015244K(1499932K), 0.0054251 secs] [Times: user=0.01 sys=0.00, real=0.00 secs] 
2020-10-28T11:48:28.750+0000: [GC (Allocation Failure) 2020-10-28T11:48:28.750+0000: [ParNew: 34438K->6K(38720K), 0.0053914 secs] 1049676K->1015244K(1499932K), 0.0054490 secs] [Times: user=0.01 sys=0.00, real=0.00 secs] 
2020-10-28T11:48:28.793+0000: [GC (Allocation Failure) 2020-10-28T11:48:28.793+0000: [ParNew: 34438K->6K(38720K), 0.0056812 secs] 1049676K->1015244K(1499932K), 0.0057409 secs] [Times: user=0.01 sys=0.00, real=0.01 secs] 
2020-10-28T11:48:28.838+0000: [GC (Allocation Failure) 2020-10-28T11:48:28.838+0000: [ParNew: 34438K->6K(38720K), 0.0055939 secs] 1049676K->1015244K(1499932K), 0.0056560 secs] [Times: user=0.01 sys=0.00, real=0.00 secs] 
2020-10-28T11:48:28.883+0000: [GC (Allocation Failure) 2020-10-28T11:48:28.883+0000: [ParNew: 34438K->6K(38720K), 0.0054566 secs] 1049676K->1015244K(1499932K), 0.0055154 secs] [Times: user=0.01 sys=0.00, real=0.01 secs] 
2020-10-28T11:48:28.926+0000: [GC (Allocation Failure) 2020-10-28T11:48:28.926+0000: [ParNew: 34438K->6K(38720K), 0.0053694 secs] 1049676K->1015244K(1499932K), 0.0054286 secs] [Times: user=0.02 sys=0.00, real=0.00 secs] 
2020-10-28T11:48:28.966+0000: [GC (Allocation Failure) 2020-10-28T11:48:28.966+0000: [ParNew: 34438K->6K(38720K), 0.0053955 secs] 1049676K->1015244K(1499932K), 0.0054539 secs] [Times: user=0.01 sys=0.00, real=0.00 secs] 
2020-10-28T11:48:29.011+0000: [GC (Allocation Failure) 2020-10-28T11:48:29.011+0000: [ParNew: 34438K->6K(38720K), 0.0054647 secs] 1049676K->1015244K(1499932K), 0.0055294 secs] [Times: user=0.01 sys=0.00, real=0.00 secs] 
2020-10-28T11:48:29.055+0000: [GC (Allocation Failure) 2020-10-28T11:48:29.055+0000: [ParNew: 34438K->6K(38720K), 0.0054643 secs] 1049676K->1015244K(1499932K), 0.0055249 secs] [Times: user=0.01 sys=0.00, real=0.01 secs] 
2020-10-28T11:48:29.100+0000: [GC (Allocation Failure) 2020-10-28T11:48:29.100+0000: [ParNew: 34438K->6K(38720K), 0.0053902 secs] 1049676K->1015244K(1499932K), 0.0054466 secs] [Times: user=0.01 sys=0.00, real=0.00 secs] 
2020-10-28T11:48:29.140+0000: [GC (Allocation Failure) 2020-10-28T11:48:29.140+0000: [ParNew: 34438K->4K(38720K), 0.0054345 secs] 1049676K->1015242K(1499932K), 0.0054931 secs] [Times: user=0.01 sys=0.00, real=0.01 secs] 
2020-10-28T11:48:29.181+0000: [GC (Allocation Failure) 2020-10-28T11:48:29.181+0000: [ParNew: 34436K->6K(38720K), 0.0054205 secs] 1049674K->1015244K(1499932K), 0.0054806 secs] [Times: user=0.01 sys=0.00, real=0.01 secs] 
2020-10-28T11:48:29.225+0000: [GC (Allocation Failure) 2020-10-28T11:48:29.225+0000: [ParNew: 34438K->6K(38720K), 0.0063613 secs] 1049676K->1015244K(1499932K), 0.0064225 secs] [Times: user=0.01 sys=0.00, real=0.01 secs] 
2020-10-28T11:48:29.266+0000: [GC (Allocation Failure) 2020-10-28T11:48:29.266+0000: [ParNew: 34438K->6K(38720K), 0.0054261 secs] 1049676K->1015244K(1499932K), 0.0054830 secs] [Times: user=0.01 sys=0.00, real=0.00 secs] 
2020-10-28T11:48:29.307+0000: [GC (Allocation Failure) 2020-10-28T11:48:29.307+0000: [ParNew: 34438K->6K(38720K), 0.0054461 secs] 1049676K->1015244K(1499932K), 0.0054983 secs] [Times: user=0.01 sys=0.00, real=0.00 secs] 
2020-10-28T11:48:29.350+0000: [GC (Allocation Failure) 2020-10-28T11:48:29.350+0000: [ParNew: 34438K->6K(38720K), 0.0054238 secs] 1049676K->1015244K(1499932K), 0.0054812 secs] [Times: user=0.01 sys=0.00, real=0.00 secs] 
2020-10-28T11:48:29.395+0000: [GC (Allocation Failure) 2020-10-28T11:48:29.395+0000: [ParNew: 34438K->6K(38720K), 0.0053823 secs] 1049676K->1015244K(1499932K), 0.0054413 secs] [Times: user=0.01 sys=0.00, real=0.01 secs] 
2020-10-28T11:48:29.436+0000: [GC (Allocation Failure) 2020-10-28T11:48:29.436+0000: [ParNew: 34438K->6K(38720K), 0.0055464 secs] 1049676K->1015244K(1499932K), 0.0056063 secs] [Times: user=0.02 sys=0.00, real=0.01 secs] 
2020-10-28T11:48:29.478+0000: [GC (Allocation Failure) 2020-10-28T11:48:29.478+0000: [ParNew: 34438K->6K(38720K), 0.0054039 secs] 1049676K->1015244K(1499932K), 0.0054640 secs] [Times: user=0.01 sys=0.00, real=0.00 secs] 
2020-10-28T11:48:29.523+0000: [GC (Allocation Failure) 2020-10-28T11:48:29.523+0000: [ParNew: 34438K->6K(38720K), 0.0054170 secs] 1049676K->1015244K(1499932K), 0.0054751 secs] [Times: user=0.01 sys=0.00, real=0.01 secs] 
2020-10-28T11:48:29.567+0000: [GC (Allocation Failure) 2020-10-28T11:48:29.567+0000: [ParNew: 34438K->6K(38720K), 0.0053890 secs] 1049676K->1015244K(1499932K), 0.0054473 secs] [Times: user=0.01 sys=0.00, real=0.00 secs] 
2020-10-28T11:48:29.614+0000: [GC (Allocation Failure) 2020-10-28T11:48:29.614+0000: [ParNew: 34438K->6K(38720K), 0.0054756 secs] 1049676K->1015244K(1499932K), 0.0055366 secs] [Times: user=0.01 sys=0.00, real=0.01 secs] 
2020-10-28T11:48:29.658+0000: [GC (Allocation Failure) 2020-10-28T11:48:29.658+0000: [ParNew: 34438K->4K(38720K), 0.0056333 secs] 1049676K->1015242K(1499932K), 0.0056969 secs] [Times: user=0.01 sys=0.00, real=0.00 secs] 
2020-10-28T11:48:29.703+0000: [GC (Allocation Failure) 2020-10-28T11:48:29.703+0000: [ParNew: 34436K->6K(38720K), 0.0062478 secs] 1049674K->1015244K(1499932K), 0.0063248 secs] [Times: user=0.01 sys=0.00, real=0.01 secs] 
2020-10-28T11:48:29.746+0000: [GC (Allocation Failure) 2020-10-28T11:48:29.746+0000: [ParNew: 34438K->6K(38720K), 0.0054364 secs] 1049676K->1015244K(1499932K), 0.0054956 secs] [Times: user=0.01 sys=0.00, real=0.01 secs] 
2020-10-28T11:48:29.790+0000: [GC (Allocation Failure) 2020-10-28T11:48:29.790+0000: [ParNew: 34438K->6K(38720K), 0.0056780 secs] 1049676K->1015244K(1499932K), 0.0057400 secs] [Times: user=0.01 sys=0.00, real=0.00 secs] 
2020-10-28T11:48:29.830+0000: [GC (Allocation Failure) 2020-10-28T11:48:29.830+0000: [ParNew: 34438K->6K(38720K), 0.0063288 secs] 1049676K->1015244K(1499932K), 0.0063983 secs] [Times: user=0.01 sys=0.00, real=0.00 secs] 
2020-10-28T11:48:29.881+0000: [GC (Allocation Failure) 2020-10-28T11:48:29.881+0000: [ParNew: 34438K->6K(38720K), 0.0056590 secs] 1049676K->1015244K(1499932K), 0.0057217 secs] [Times: user=0.01 sys=0.00, real=0.01 secs] 
2020-10-28T11:48:29.928+0000: [GC (Allocation Failure) 2020-10-28T11:48:29.928+0000: [ParNew: 34438K->6K(38720K), 0.0053592 secs] 1049676K->1015244K(1499932K), 0.0054169 secs] [Times: user=0.01 sys=0.00, real=0.00 secs] 
2020-10-28T11:48:29.972+0000: [GC (Allocation Failure) 2020-10-28T11:48:29.972+0000: [ParNew: 34438K->6K(38720K), 0.0055543 secs] 1049676K->1015245K(1499932K), 0.0056169 secs] [Times: user=0.01 sys=0.00, real=0.00 secs] 
2020-10-28T11:48:30.017+0000: [GC (Allocation Failure) 2020-10-28T11:48:30.017+0000: [ParNew: 34438K->6K(38720K), 0.0057827 secs] 1049677K->1015245K(1499932K), 0.0058501 secs] [Times: user=0.01 sys=0.00, real=0.01 secs] 
2020-10-28T11:48:30.062+0000: [GC (Allocation Failure) 2020-10-28T11:48:30.062+0000: [ParNew: 34438K->6K(38720K), 0.0057067 secs] 1049677K->1015245K(1499932K), 0.0057716 secs] [Times: user=0.01 sys=0.00, real=0.01 secs] 
2020-10-28T11:48:30.102+0000: [GC (Allocation Failure) 2020-10-28T11:48:30.102+0000: [ParNew: 34438K->6K(38720K), 0.0054287 secs] 1049677K->1015245K(1499932K), 0.0054888 secs] [Times: user=0.01 sys=0.00, real=0.01 secs] 
2020-10-28T11:48:30.146+0000: [GC (Allocation Failure) 2020-10-28T11:48:30.146+0000: [ParNew: 34438K->6K(38720K), 0.0055678 secs] 1049677K->1015245K(1499932K), 0.0056288 secs] [Times: user=0.01 sys=0.00, real=0.00 secs] 
2020-10-28T11:48:30.190+0000: [GC (Allocation Failure) 2020-10-28T11:48:30.190+0000: [ParNew: 34438K->6K(38720K), 0.0054905 secs] 1049677K->1015245K(1499932K), 0.0055505 secs] [Times: user=0.01 sys=0.00, real=0.00 secs] 
2020-10-28T11:48:30.237+0000: [GC (Allocation Failure) 2020-10-28T11:48:30.237+0000: [ParNew: 34438K->6K(38720K), 0.0054249 secs] 1049677K->1015245K(1499932K), 0.0054835 secs] [Times: user=0.01 sys=0.00, real=0.01 secs] 
2020-10-28T11:48:30.282+0000: [GC (Allocation Failure) 2020-10-28T11:48:30.282+0000: [ParNew: 34438K->6K(38720K), 0.0054345 secs] 1049677K->1015245K(1499932K), 0.0054937 secs] [Times: user=0.02 sys=0.00, real=0.01 secs] 
2020-10-28T11:48:30.322+0000: [GC (Allocation Failure) 2020-10-28T11:48:30.322+0000: [ParNew: 34438K->6K(38720K), 0.0054249 secs] 1049677K->1015245K(1499932K), 0.0054918 secs] [Times: user=0.02 sys=0.00, real=0.01 secs] 
2020-10-28T11:48:30.370+0000: [GC (Allocation Failure) 2020-10-28T11:48:30.370+0000: [ParNew: 34438K->6K(38720K), 0.0054138 secs] 1049677K->1015245K(1499932K), 0.0054708 secs] [Times: user=0.01 sys=0.00, real=0.00 secs] 
2020-10-28T11:48:30.410+0000: [GC (Allocation Failure) 2020-10-28T11:48:30.410+0000: [ParNew: 34438K->6K(38720K), 0.0054741 secs] 1049677K->1015245K(1499932K), 0.0055298 secs] [Times: user=0.01 sys=0.00, real=0.00 secs] 
2020-10-28T11:48:30.454+0000: [GC (Allocation Failure) 2020-10-28T11:48:30.454+0000: [ParNew: 34438K->6K(38720K), 0.0054007 secs] 1049677K->1015245K(1499932K), 0.0054688 secs] [Times: user=0.01 sys=0.00, real=0.01 secs] 
2020-10-28T11:48:30.495+0000: [GC (Allocation Failure) 2020-10-28T11:48:30.495+0000: [ParNew: 34438K->6K(38720K), 0.0053995 secs] 1049677K->1015245K(1499932K), 0.0054586 secs] [Times: user=0.01 sys=0.00, real=0.01 secs] 
2020-10-28T11:48:30.538+0000: [GC (Allocation Failure) 2020-10-28T11:48:30.538+0000: [ParNew: 34438K->6K(38720K), 0.0053748 secs] 1049677K->1015245K(1499932K), 0.0054332 secs] [Times: user=0.02 sys=0.00, real=0.00 secs] 
2020-10-28T11:48:30.582+0000: [GC (Allocation Failure) 2020-10-28T11:48:30.582+0000: [ParNew: 34438K->6K(38720K), 0.0053828 secs] 1049677K->1015245K(1499932K), 0.0054414 secs] [Times: user=0.01 sys=0.00, real=0.01 secs] 
2020-10-28T11:48:30.622+0000: [GC (Allocation Failure) 2020-10-28T11:48:30.622+0000: [ParNew: 34438K->6K(38720K), 0.0054308 secs] 1049677K->1015245K(1499932K), 0.0054889 secs] [Times: user=0.01 sys=0.00, real=0.01 secs] 
2020-10-28T11:48:30.670+0000: [GC (Allocation Failure) 2020-10-28T11:48:30.670+0000: [ParNew: 34438K->6K(38720K), 0.0054633 secs] 1049677K->1015245K(1499932K), 0.0055237 secs] [Times: user=0.01 sys=0.00, real=0.00 secs] 
2020-10-28T11:48:30.714+0000: [GC (Allocation Failure) 2020-10-28T11:48:30.714+0000: [ParNew: 34438K->6K(38720K), 0.0053537 secs] 1049677K->1015245K(1499932K), 0.0054113 secs] [Times: user=0.01 sys=0.00, real=0.01 secs] 
2020-10-28T11:48:30.766+0000: [GC (Allocation Failure) 2020-10-28T11:48:30.766+0000: [ParNew: 34438K->6K(38720K), 0.0055891 secs] 1049677K->1015245K(1499932K), 0.0056522 secs] [Times: user=0.01 sys=0.00, real=0.00 secs] 
2020-10-28T11:48:30.813+0000: [GC (Allocation Failure) 2020-10-28T11:48:30.813+0000: [ParNew: 34438K->6K(38720K), 0.0056080 secs] 1049677K->1015245K(1499932K), 0.0056732 secs] [Times: user=0.02 sys=0.00, real=0.01 secs] 
2020-10-28T11:48:30.858+0000: [GC (Allocation Failure) 2020-10-28T11:48:30.858+0000: [ParNew: 34438K->6K(38720K), 0.0055958 secs] 1049677K->1015245K(1499932K), 0.0056584 secs] [Times: user=0.01 sys=0.00, real=0.00 secs] 
2020-10-28T11:48:30.899+0000: [GC (Allocation Failure) 2020-10-28T11:48:30.899+0000: [ParNew: 34438K->6K(38720K), 0.0056204 secs] 1049677K->1015245K(1499932K), 0.0056817 secs] [Times: user=0.01 sys=0.00, real=0.00 secs] 
2020-10-28T11:48:30.940+0000: [GC (Allocation Failure) 2020-10-28T11:48:30.940+0000: [ParNew: 34438K->6K(38720K), 0.0054282 secs] 1049677K->1015245K(1499932K), 0.0054878 secs] [Times: user=0.01 sys=0.00, real=0.00 secs] 
2020-10-28T11:48:30.980+0000: [GC (Allocation Failure) 2020-10-28T11:48:30.980+0000: [ParNew: 34438K->6K(38720K), 0.0054038 secs] 1049677K->1015245K(1499932K), 0.0054617 secs] [Times: user=0.01 sys=0.00, real=0.00 secs] 
2020-10-28T11:48:31.021+0000: [GC (Allocation Failure) 2020-10-28T11:48:31.021+0000: [ParNew: 34438K->6K(38720K), 0.0055991 secs] 1049677K->1015245K(1499932K), 0.0056609 secs] [Times: user=0.01 sys=0.00, real=0.01 secs] 
2020-10-28T11:48:31.066+0000: [GC (Allocation Failure) 2020-10-28T11:48:31.066+0000: [ParNew: 34438K->6K(38720K), 0.0053835 secs] 1049677K->1015245K(1499932K), 0.0054412 secs] [Times: user=0.01 sys=0.00, real=0.00 secs] 
2020-10-28T11:48:31.115+0000: [GC (Allocation Failure) 2020-10-28T11:48:31.115+0000: [ParNew: 34438K->6K(38720K), 0.0055598 secs] 1049677K->1015245K(1499932K), 0.0056261 secs] [Times: user=0.01 sys=0.00, real=0.01 secs] 
2020-10-28T11:48:31.158+0000: [GC (Allocation Failure) 2020-10-28T11:48:31.158+0000: [ParNew: 34438K->6K(38720K), 0.0054170 secs] 1049677K->1015245K(1499932K), 0.0054750 secs] [Times: user=0.01 sys=0.00, real=0.00 secs] 
2020-10-28T11:48:31.202+0000: [GC (Allocation Failure) 2020-10-28T11:48:31.202+0000: [ParNew: 34438K->6K(38720K), 0.0054834 secs] 1049677K->1015245K(1499932K), 0.0055423 secs] [Times: user=0.01 sys=0.00, real=0.01 secs] 
2020-10-28T11:48:31.243+0000: [GC (Allocation Failure) 2020-10-28T11:48:31.243+0000: [ParNew: 34438K->6K(38720K), 0.0053913 secs] 1049677K->1015245K(1499932K), 0.0054476 secs] [Times: user=0.01 sys=0.00, real=0.01 secs] 
2020-10-28T11:48:31.290+0000: [GC (Allocation Failure) 2020-10-28T11:48:31.290+0000: [ParNew: 34438K->6K(38720K), 0.0054633 secs] 1049677K->1015245K(1499932K), 0.0055230 secs] [Times: user=0.01 sys=0.00, real=0.00 secs] 
2020-10-28T11:48:31.332+0000: [GC (Allocation Failure) 2020-10-28T11:48:31.332+0000: [ParNew: 34438K->6K(38720K), 0.0057290 secs] 1049677K->1015245K(1499932K), 0.0057934 secs] [Times: user=0.01 sys=0.00, real=0.01 secs] 
2020-10-28T11:48:31.378+0000: [GC (Allocation Failure) 2020-10-28T11:48:31.378+0000: [ParNew: 34438K->6K(38720K), 0.0054785 secs] 1049677K->1015245K(1499932K), 0.0055386 secs] [Times: user=0.01 sys=0.00, real=0.00 secs] 
2020-10-28T11:48:31.418+0000: [GC (Allocation Failure) 2020-10-28T11:48:31.418+0000: [ParNew: 34438K->6K(38720K), 0.0054772 secs] 1049677K->1015245K(1499932K), 0.0055358 secs] [Times: user=0.01 sys=0.00, real=0.00 secs] 
2020-10-28T11:48:31.462+0000: [GC (Allocation Failure) 2020-10-28T11:48:31.462+0000: [ParNew: 34438K->6K(38720K), 0.0054459 secs] 1049677K->1015245K(1499932K), 0.0055056 secs] [Times: user=0.01 sys=0.00, real=0.01 secs] 
2020-10-28T11:48:31.504+0000: [GC (Allocation Failure) 2020-10-28T11:48:31.504+0000: [ParNew: 34438K->6K(38720K), 0.0057041 secs] 1049677K->1015245K(1499932K), 0.0057861 secs] [Times: user=0.01 sys=0.00, real=0.01 secs] 
2020-10-28T11:48:31.550+0000: [GC (Allocation Failure) 2020-10-28T11:48:31.550+0000: [ParNew: 34438K->6K(38720K), 0.0056492 secs] 1049677K->1015245K(1499932K), 0.0057248 secs] [Times: user=0.01 sys=0.00, real=0.00 secs] 
2020-10-28T11:48:31.597+0000: [GC (Allocation Failure) 2020-10-28T11:48:31.597+0000: [ParNew: 34438K->6K(38720K), 0.0053760 secs] 1049677K->1015245K(1499932K), 0.0054347 secs] [Times: user=0.02 sys=0.00, real=0.01 secs] 
2020-10-28T11:48:31.642+0000: [GC (Allocation Failure) 2020-10-28T11:48:31.642+0000: [ParNew: 34438K->6K(38720K), 0.0054819 secs] 1049677K->1015245K(1499932K), 0.0055413 secs] [Times: user=0.01 sys=0.00, real=0.01 secs] 
2020-10-28T11:48:31.689+0000: [GC (Allocation Failure) 2020-10-28T11:48:31.689+0000: [ParNew: 34438K->6K(38720K), 0.0056333 secs] 1049677K->1015245K(1499932K), 0.0056972 secs] [Times: user=0.02 sys=0.00, real=0.00 secs] 
2020-10-28T11:48:31.730+0000: [GC (Allocation Failure) 2020-10-28T11:48:31.730+0000: [ParNew: 34438K->6K(38720K), 0.0056162 secs] 1049677K->1015245K(1499932K), 0.0056802 secs] [Times: user=0.01 sys=0.00, real=0.00 secs] 
2020-10-28T11:48:31.770+0000: [GC (Allocation Failure) 2020-10-28T11:48:31.770+0000: [ParNew: 34438K->6K(38720K), 0.0055030 secs] 1049677K->1015245K(1499932K), 0.0055632 secs] [Times: user=0.01 sys=0.00, real=0.00 secs] 
2020-10-28T11:48:31.812+0000: [GC (Allocation Failure) 2020-10-28T11:48:31.812+0000: [ParNew: 34438K->6K(38720K), 0.0056030 secs] 1049677K->1015245K(1499932K), 0.0056668 secs] [Times: user=0.01 sys=0.00, real=0.00 secs] 
2020-10-28T11:48:31.858+0000: [GC (Allocation Failure) 2020-10-28T11:48:31.858+0000: [ParNew: 34438K->6K(38720K), 0.0055537 secs] 1049677K->1015245K(1499932K), 0.0056154 secs] [Times: user=0.01 sys=0.00, real=0.01 secs] 
2020-10-28T11:48:31.905+0000: [GC (Allocation Failure) 2020-10-28T11:48:31.905+0000: [ParNew: 34438K->6K(38720K), 0.0054775 secs] 1049677K->1015245K(1499932K), 0.0055366 secs] [Times: user=0.01 sys=0.00, real=0.01 secs] 
2020-10-28T11:48:31.946+0000: [GC (Allocation Failure) 2020-10-28T11:48:31.946+0000: [ParNew: 34438K->6K(38720K), 0.0055428 secs] 1049677K->1015245K(1499932K), 0.0056029 secs] [Times: user=0.01 sys=0.00, real=0.00 secs] 
2020-10-28T11:48:31.990+0000: [GC (Allocation Failure) 2020-10-28T11:48:31.990+0000: [ParNew: 34438K->6K(38720K), 0.0054092 secs] 1049677K->1015245K(1499932K), 0.0054700 secs] [Times: user=0.01 sys=0.00, real=0.00 secs] 
2020-10-28T11:48:32.034+0000: [GC (Allocation Failure) 2020-10-28T11:48:32.034+0000: [ParNew: 34438K->6K(38720K), 0.0055979 secs] 1049677K->1015245K(1499932K), 0.0056634 secs] [Times: user=0.01 sys=0.00, real=0.01 secs] 
2020-10-28T11:48:32.078+0000: [GC (Allocation Failure) 2020-10-28T11:48:32.078+0000: [ParNew: 34438K->6K(38720K), 0.0053941 secs] 1049677K->1015245K(1499932K), 0.0054529 secs] [Times: user=0.01 sys=0.00, real=0.00 secs] 
2020-10-28T11:48:32.121+0000: [GC (Allocation Failure) 2020-10-28T11:48:32.121+0000: [ParNew: 34438K->6K(38720K), 0.0056124 secs] 1049677K->1015245K(1499932K), 0.0056756 secs] [Times: user=0.01 sys=0.00, real=0.01 secs] 
2020-10-28T11:48:32.161+0000: [GC (Allocation Failure) 2020-10-28T11:48:32.161+0000: [ParNew: 34438K->6K(38720K), 0.0054695 secs] 1049677K->1015245K(1499932K), 0.0055293 secs] [Times: user=0.01 sys=0.00, real=0.01 secs] 
2020-10-28T11:48:32.205+0000: [GC (Allocation Failure) 2020-10-28T11:48:32.205+0000: [ParNew: 34438K->6K(38720K), 0.0054361 secs] 1049677K->1015245K(1499932K), 0.0054946 secs] [Times: user=0.01 sys=0.00, real=0.01 secs] 
2020-10-28T11:48:32.246+0000: [GC (Allocation Failure) 2020-10-28T11:48:32.246+0000: [ParNew: 34438K->6K(38720K), 0.0054128 secs] 1049677K->1015245K(1499932K), 0.0054734 secs] [Times: user=0.01 sys=0.00, real=0.00 secs] 
2020-10-28T11:48:32.286+0000: [GC (Allocation Failure) 2020-10-28T11:48:32.286+0000: [ParNew: 34438K->6K(38720K), 0.0132731 secs] 1049677K->1015245K(1499932K), 0.0133421 secs] [Times: user=0.01 sys=0.00, real=0.01 secs] 
2020-10-28T11:48:32.346+0000: [GC (Allocation Failure) 2020-10-28T11:48:32.346+0000: [ParNew: 34438K->6K(38720K), 0.0055167 secs] 1049677K->1015245K(1499932K), 0.0055982 secs] [Times: user=0.01 sys=0.00, real=0.00 secs] 
2020-10-28T11:48:32.394+0000: [GC (Allocation Failure) 2020-10-28T11:48:32.394+0000: [ParNew: 34438K->6K(38720K), 0.0054719 secs] 1049677K->1015245K(1499932K), 0.0055547 secs] [Times: user=0.01 sys=0.00, real=0.01 secs] 
2020-10-28T11:48:32.450+0000: [GC (Allocation Failure) 2020-10-28T11:48:32.450+0000: [ParNew: 34438K->6K(38720K), 0.0126459 secs] 1049677K->1015246K(1499932K), 0.0127093 secs] [Times: user=0.02 sys=0.00, real=0.01 secs] 
2020-10-28T11:48:32.531+0000: [GC (Allocation Failure) 2020-10-28T11:48:32.531+0000: [ParNew: 34438K->6K(38720K), 0.0127481 secs] 1049678K->1015245K(1499932K), 0.0128374 secs] [Times: user=0.02 sys=0.00, real=0.01 secs] 
2020-10-28T11:48:32.606+0000: [GC (Allocation Failure) 2020-10-28T11:48:32.606+0000: [ParNew: 34438K->6K(38720K), 0.0121575 secs] 1049677K->1015245K(1499932K), 0.0122426 secs] [Times: user=0.01 sys=0.00, real=0.01 secs] 
2020-10-28T11:48:32.662+0000: [GC (Allocation Failure) 2020-10-28T11:48:32.662+0000: [ParNew: 34438K->6K(38720K), 0.0118464 secs] 1049677K->1015245K(1499932K), 0.0119314 secs] [Times: user=0.02 sys=0.00, real=0.01 secs] 
2020-10-28T11:48:32.722+0000: [GC (Allocation Failure) 2020-10-28T11:48:32.722+0000: [ParNew: 34438K->6K(38720K), 0.0117672 secs] 1049677K->1015245K(1499932K), 0.0118667 secs] [Times: user=0.01 sys=0.00, real=0.01 secs] 
2020-10-28T11:48:32.788+0000: [GC (Allocation Failure) 2020-10-28T11:48:32.788+0000: [ParNew: 34438K->6K(38720K), 0.0117672 secs] 1049677K->1015245K(1499932K), 0.0118459 secs] [Times: user=0.01 sys=0.00, real=0.01 secs] 
2020-10-28T11:48:32.834+0000: [GC (Allocation Failure) 2020-10-28T11:48:32.834+0000: [ParNew: 34438K->6K(38720K), 0.0054793 secs] 1049677K->1015245K(1499932K), 0.0055404 secs] [Times: user=0.01 sys=0.00, real=0.01 secs] 
2020-10-28T11:48:32.878+0000: [GC (Allocation Failure) 2020-10-28T11:48:32.878+0000: [ParNew: 34438K->6K(38720K), 0.0056182 secs] 1049677K->1015245K(1499932K), 0.0056798 secs] [Times: user=0.01 sys=0.00, real=0.00 secs] 
2020-10-28T11:48:32.918+0000: [GC (Allocation Failure) 2020-10-28T11:48:32.918+0000: [ParNew: 34438K->6K(38720K), 0.0054982 secs] 1049677K->1015245K(1499932K), 0.0055565 secs] [Times: user=0.01 sys=0.00, real=0.00 secs] 
2020-10-28T11:48:32.966+0000: [GC (Allocation Failure) 2020-10-28T11:48:32.966+0000: [ParNew: 34438K->6K(38720K), 0.0054298 secs] 1049677K->1015245K(1499932K), 0.0054883 secs] [Times: user=0.01 sys=0.00, real=0.00 secs] 
2020-10-28T11:48:33.007+0000: [GC (Allocation Failure) 2020-10-28T11:48:33.007+0000: [ParNew: 34438K->6K(38720K), 0.0056316 secs] 1049677K->1015245K(1499932K), 0.0056968 secs] [Times: user=0.01 sys=0.00, real=0.00 secs] 
2020-10-28T11:48:33.052+0000: [GC (Allocation Failure) 2020-10-28T11:48:33.052+0000: [ParNew: 34438K->6K(38720K), 0.0055890 secs] 1049677K->1015245K(1499932K), 0.0056516 secs] [Times: user=0.01 sys=0.00, real=0.00 secs] 
2020-10-28T11:48:33.098+0000: [GC (Allocation Failure) 2020-10-28T11:48:33.098+0000: [ParNew: 34438K->6K(38720K), 0.0053734 secs] 1049677K->1015245K(1499932K), 0.0054315 secs] [Times: user=0.01 sys=0.00, real=0.00 secs] 
2020-10-28T11:48:33.138+0000: [GC (Allocation Failure) 2020-10-28T11:48:33.138+0000: [ParNew: 34438K->6K(38720K), 0.0054782 secs] 1049677K->1015245K(1499932K), 0.0055388 secs] [Times: user=0.01 sys=0.00, real=0.00 secs] 
2020-10-28T11:48:33.179+0000: [GC (Allocation Failure) 2020-10-28T11:48:33.179+0000: [ParNew: 34438K->6K(38720K), 0.0055859 secs] 1049677K->1015245K(1499932K), 0.0056493 secs] [Times: user=0.01 sys=0.00, real=0.00 secs] 
2020-10-28T11:48:33.222+0000: [GC (Allocation Failure) 2020-10-28T11:48:33.222+0000: [ParNew: 34438K->6K(38720K), 0.0055118 secs] 1049677K->1015245K(1499932K), 0.0055688 secs] [Times: user=0.01 sys=0.00, real=0.01 secs] 
2020-10-28T11:48:33.263+0000: [GC (Allocation Failure) 2020-10-28T11:48:33.263+0000: [ParNew: 34438K->6K(38720K), 0.0055355 secs] 1049677K->1015245K(1499932K), 0.0055941 secs] [Times: user=0.01 sys=0.00, real=0.01 secs] 
2020-10-28T11:48:33.310+0000: [GC (Allocation Failure) 2020-10-28T11:48:33.310+0000: [ParNew: 34438K->6K(38720K), 0.0055473 secs] 1049677K->1015245K(1499932K), 0.0056122 secs] [Times: user=0.01 sys=0.00, real=0.00 secs] 
2020-10-28T11:48:33.350+0000: [GC (Allocation Failure) 2020-10-28T11:48:33.350+0000: [ParNew: 34438K->6K(38720K), 0.0054308 secs] 1049677K->1015245K(1499932K), 0.0055028 secs] [Times: user=0.01 sys=0.00, real=0.00 secs] 
2020-10-28T11:48:33.390+0000: [GC (Allocation Failure) 2020-10-28T11:48:33.390+0000: [ParNew: 34438K->6K(38720K), 0.0055246 secs] 1049677K->1015245K(1499932K), 0.0055833 secs] [Times: user=0.01 sys=0.00, real=0.00 secs] 
2020-10-28T11:48:33.434+0000: [GC (Allocation Failure) 2020-10-28T11:48:33.434+0000: [ParNew: 34438K->6K(38720K), 0.0053980 secs] 1049677K->1015245K(1499932K), 0.0054551 secs] [Times: user=0.01 sys=0.00, real=0.01 secs] 
2020-10-28T11:48:33.474+0000: [GC (Allocation Failure) 2020-10-28T11:48:33.474+0000: [ParNew: 34438K->6K(38720K), 0.0073190 secs] 1049677K->1015245K(1499932K), 0.0073816 secs] [Times: user=0.02 sys=0.00, real=0.01 secs] 
2020-10-28T11:48:33.520+0000: [GC (Allocation Failure) 2020-10-28T11:48:33.520+0000: [ParNew: 34438K->6K(38720K), 0.0055128 secs] 1049677K->1015245K(1499932K), 0.0055731 secs] [Times: user=0.01 sys=0.00, real=0.01 secs] 
2020-10-28T11:48:33.562+0000: [GC (Allocation Failure) 2020-10-28T11:48:33.562+0000: [ParNew: 34438K->6K(38720K), 0.0055134 secs] 1049677K->1015245K(1499932K), 0.0055748 secs] [Times: user=0.01 sys=0.00, real=0.01 secs] 
2020-10-28T11:48:33.607+0000: [GC (Allocation Failure) 2020-10-28T11:48:33.607+0000: [ParNew: 34438K->6K(38720K), 0.0055826 secs] 1049677K->1015245K(1499932K), 0.0056458 secs] [Times: user=0.01 sys=0.00, real=0.00 secs] 
2020-10-28T11:48:33.648+0000: [GC (Allocation Failure) 2020-10-28T11:48:33.648+0000: [ParNew: 34438K->6K(38720K), 0.0056357 secs] 1049677K->1015245K(1499932K), 0.0056987 secs] [Times: user=0.01 sys=0.00, real=0.00 secs] 
2020-10-28T11:48:33.688+0000: [GC (Allocation Failure) 2020-10-28T11:48:33.688+0000: [ParNew: 34438K->6K(38720K), 0.0056303 secs] 1049677K->1015245K(1499932K), 0.0056934 secs] [Times: user=0.01 sys=0.00, real=0.00 secs] 
2020-10-28T11:48:33.730+0000: [GC (Allocation Failure) 2020-10-28T11:48:33.730+0000: [ParNew: 34438K->6K(38720K), 0.0056238 secs] 1049677K->1015245K(1499932K), 0.0056854 secs] [Times: user=0.01 sys=0.00, real=0.00 secs] 
2020-10-28T11:48:33.779+0000: [GC (Allocation Failure) 2020-10-28T11:48:33.779+0000: [ParNew: 34438K->6K(38720K), 0.0057248 secs] 1049677K->1015245K(1499932K), 0.0057892 secs] [Times: user=0.01 sys=0.00, real=0.00 secs] 
2020-10-28T11:48:33.824+0000: [GC (Allocation Failure) 2020-10-28T11:48:33.824+0000: [ParNew: 34438K->6K(38720K), 0.0056881 secs] 1049677K->1015246K(1499932K), 0.0057533 secs] [Times: user=0.01 sys=0.00, real=0.01 secs] 
2020-10-28T11:48:33.870+0000: [GC (Allocation Failure) 2020-10-28T11:48:33.870+0000: [ParNew: 34438K->6K(38720K), 0.0079144 secs] 1049678K->1015245K(1499932K), 0.0079772 secs] [Times: user=0.01 sys=0.00, real=0.01 secs] 
2020-10-28T11:48:33.913+0000: [GC (Allocation Failure) 2020-10-28T11:48:33.913+0000: [ParNew: 34438K->6K(38720K), 0.0054188 secs] 1049677K->1015245K(1499932K), 0.0054792 secs] [Times: user=0.02 sys=0.00, real=0.01 secs] 
2020-10-28T11:48:33.961+0000: [GC (Allocation Failure) 2020-10-28T11:48:33.961+0000: [ParNew: 34438K->6K(38720K), 0.0054472 secs] 1049677K->1015245K(1499932K), 0.0055064 secs] [Times: user=0.01 sys=0.00, real=0.01 secs] 
2020-10-28T11:48:34.001+0000: [GC (Allocation Failure) 2020-10-28T11:48:34.001+0000: [ParNew: 34438K->6K(38720K), 0.0056514 secs] 1049677K->1015245K(1499932K), 0.0057149 secs] [Times: user=0.01 sys=0.00, real=0.01 secs] 
2020-10-28T11:48:34.046+0000: [GC (Allocation Failure) 2020-10-28T11:48:34.046+0000: [ParNew: 34438K->6K(38720K), 0.0055254 secs] 1049677K->1015245K(1499932K), 0.0055870 secs] [Times: user=0.01 sys=0.00, real=0.01 secs] 
2020-10-28T11:48:34.090+0000: [GC (Allocation Failure) 2020-10-28T11:48:34.090+0000: [ParNew: 34438K->6K(38720K), 0.0054623 secs] 1049677K->1015245K(1499932K), 0.0055214 secs] [Times: user=0.01 sys=0.00, real=0.00 secs] 
2020-10-28T11:48:34.131+0000: [GC (Allocation Failure) 2020-10-28T11:48:34.131+0000: [ParNew: 34438K->6K(38720K), 0.0054713 secs] 1049677K->1015245K(1499932K), 0.0055497 secs] [Times: user=0.01 sys=0.00, real=0.00 secs] 
2020-10-28T11:48:34.174+0000: [GC (Allocation Failure) 2020-10-28T11:48:34.174+0000: [ParNew: 34438K->6K(38720K), 0.0054341 secs] 1049677K->1015246K(1499932K), 0.0054917 secs] [Times: user=0.01 sys=0.00, real=0.01 secs] 
2020-10-28T11:48:34.214+0000: [GC (Allocation Failure) 2020-10-28T11:48:34.214+0000: [ParNew: 34438K->6K(38720K), 0.0054319 secs] 1049678K->1015246K(1499932K), 0.0054926 secs] [Times: user=0.01 sys=0.00, real=0.01 secs] 
2020-10-28T11:48:34.254+0000: [GC (Allocation Failure) 2020-10-28T11:48:34.254+0000: [ParNew: 34438K->6K(38720K), 0.0054909 secs] 1049678K->1015246K(1499932K), 0.0055515 secs] [Times: user=0.01 sys=0.00, real=0.01 secs] 
2020-10-28T11:48:34.300+0000: [GC (Allocation Failure) 2020-10-28T11:48:34.300+0000: [ParNew: 34438K->6K(38720K), 0.0055023 secs] 1049678K->1015246K(1499932K), 0.0055638 secs] [Times: user=0.01 sys=0.00, real=0.01 secs] 
2020-10-28T11:48:34.341+0000: [GC (Allocation Failure) 2020-10-28T11:48:34.341+0000: [ParNew: 34438K->6K(38720K), 0.0053955 secs] 1049678K->1015246K(1499932K), 0.0054534 secs] [Times: user=0.01 sys=0.00, real=0.01 secs] 
2020-10-28T11:48:34.381+0000: [GC (Allocation Failure) 2020-10-28T11:48:34.381+0000: [ParNew: 34438K->6K(38720K), 0.0054515 secs] 1049678K->1015246K(1499932K), 0.0055087 secs] [Times: user=0.01 sys=0.00, real=0.01 secs] 
2020-10-28T11:48:34.422+0000: [GC (Allocation Failure) 2020-10-28T11:48:34.422+0000: [ParNew: 34438K->6K(38720K), 0.0054318 secs] 1049678K->1015246K(1499932K), 0.0054904 secs] [Times: user=0.01 sys=0.00, real=0.01 secs] 
2020-10-28T11:48:34.466+0000: [GC (Allocation Failure) 2020-10-28T11:48:34.466+0000: [ParNew: 34438K->6K(38720K), 0.0055110 secs] 1049678K->1015246K(1499932K), 0.0055716 secs] [Times: user=0.01 sys=0.00, real=0.00 secs] 
2020-10-28T11:48:34.513+0000: [GC (Allocation Failure) 2020-10-28T11:48:34.513+0000: [ParNew: 34438K->6K(38720K), 0.0055507 secs] 1049678K->1015246K(1499932K), 0.0056114 secs] [Times: user=0.01 sys=0.00, real=0.01 secs] 
2020-10-28T11:48:34.557+0000: [GC (Allocation Failure) 2020-10-28T11:48:34.558+0000: [ParNew: 34438K->6K(38720K), 0.0054779 secs] 1049678K->1015246K(1499932K), 0.0055362 secs] [Times: user=0.01 sys=0.00, real=0.01 secs] 
2020-10-28T11:48:34.598+0000: [GC (Allocation Failure) 2020-10-28T11:48:34.598+0000: [ParNew: 34438K->6K(38720K), 0.0053451 secs] 1049678K->1015246K(1499932K), 0.0054019 secs] [Times: user=0.01 sys=0.00, real=0.00 secs] 
2020-10-28T11:48:34.646+0000: [GC (Allocation Failure) 2020-10-28T11:48:34.646+0000: [ParNew: 34438K->6K(38720K), 0.0055379 secs] 1049678K->1015246K(1499932K), 0.0055984 secs] [Times: user=0.01 sys=0.00, real=0.00 secs] 
2020-10-28T11:48:34.694+0000: [GC (Allocation Failure) 2020-10-28T11:48:34.694+0000: [ParNew: 34438K->6K(38720K), 0.0054907 secs] 1049678K->1015246K(1499932K), 0.0055514 secs] [Times: user=0.01 sys=0.00, real=0.01 secs] 
2020-10-28T11:48:34.738+0000: [GC (Allocation Failure) 2020-10-28T11:48:34.738+0000: [ParNew: 34438K->6K(38720K), 0.0055089 secs] 1049678K->1015246K(1499932K), 0.0055675 secs] [Times: user=0.01 sys=0.00, real=0.00 secs] 
2020-10-28T11:48:34.778+0000: [GC (Allocation Failure) 2020-10-28T11:48:34.778+0000: [ParNew: 34438K->6K(38720K), 0.0053656 secs] 1049678K->1015246K(1499932K), 0.0054247 secs] [Times: user=0.01 sys=0.00, real=0.00 secs] 
2020-10-28T11:48:34.822+0000: [GC (Allocation Failure) 2020-10-28T11:48:34.822+0000: [ParNew: 34438K->6K(38720K), 0.0054932 secs] 1049678K->1015246K(1499932K), 0.0055505 secs] [Times: user=0.01 sys=0.00, real=0.01 secs] 
2020-10-28T11:48:34.867+0000: [GC (Allocation Failure) 2020-10-28T11:48:34.867+0000: [ParNew: 34438K->6K(38720K), 0.0056647 secs] 1049678K->1015246K(1499932K), 0.0057254 secs] [Times: user=0.01 sys=0.00, real=0.00 secs] 
2020-10-28T11:48:34.908+0000: [GC (Allocation Failure) 2020-10-28T11:48:34.908+0000: [ParNew: 34438K->6K(38720K), 0.0053867 secs] 1049678K->1015246K(1499932K), 0.0054530 secs] [Times: user=0.00 sys=0.00, real=0.00 secs] 
2020-10-28T11:48:34.952+0000: [GC (Allocation Failure) 2020-10-28T11:48:34.952+0000: [ParNew: 34438K->6K(38720K), 0.0054226 secs] 1049678K->1015246K(1499932K), 0.0054906 secs] [Times: user=0.01 sys=0.00, real=0.01 secs] 
2020-10-28T11:48:34.994+0000: [GC (Allocation Failure) 2020-10-28T11:48:34.994+0000: [ParNew: 34438K->6K(38720K), 0.0053638 secs] 1049678K->1015246K(1499932K), 0.0054293 secs] [Times: user=0.02 sys=0.00, real=0.01 secs] 
2020-10-28T11:48:35.034+0000: [GC (Allocation Failure) 2020-10-28T11:48:35.034+0000: [ParNew: 34438K->6K(38720K), 0.0056307 secs] 1049678K->1015246K(1499932K), 0.0056955 secs] [Times: user=0.02 sys=0.00, real=0.01 secs] 
2020-10-28T11:48:35.082+0000: [GC (Allocation Failure) 2020-10-28T11:48:35.082+0000: [ParNew: 34438K->6K(38720K), 0.0055492 secs] 1049678K->1015246K(1499932K), 0.0056110 secs] [Times: user=0.01 sys=0.00, real=0.01 secs] 
2020-10-28T11:48:35.122+0000: [GC (Allocation Failure) 2020-10-28T11:48:35.122+0000: [ParNew: 34438K->6K(38720K), 0.0055619 secs] 1049678K->1015246K(1499932K), 0.0056221 secs] [Times: user=0.02 sys=0.00, real=0.01 secs] 
2020-10-28T11:48:35.166+0000: [GC (Allocation Failure) 2020-10-28T11:48:35.166+0000: [ParNew: 34438K->6K(38720K), 0.0055377 secs] 1049678K->1015246K(1499932K), 0.0055994 secs] [Times: user=0.02 sys=0.00, real=0.00 secs] 
2020-10-28T11:48:35.211+0000: [GC (Allocation Failure) 2020-10-28T11:48:35.211+0000: [ParNew: 34438K->6K(38720K), 0.0053483 secs] 1049678K->1015246K(1499932K), 0.0054075 secs] [Times: user=0.01 sys=0.00, real=0.00 secs] 
2020-10-28T11:48:35.254+0000: [GC (Allocation Failure) 2020-10-28T11:48:35.254+0000: [ParNew: 34438K->6K(38720K), 0.0054384 secs] 1049678K->1015246K(1499932K), 0.0054915 secs] [Times: user=0.01 sys=0.00, real=0.01 secs] 
2020-10-28T11:48:35.298+0000: [GC (Allocation Failure) 2020-10-28T11:48:35.298+0000: [ParNew: 34438K->4K(38720K), 0.0054601 secs] 1049678K->1015244K(1499932K), 0.0055194 secs] [Times: user=0.01 sys=0.00, real=0.00 secs] 
2020-10-28T11:48:35.338+0000: [GC (Allocation Failure) 2020-10-28T11:48:35.338+0000: [ParNew: 34436K->4K(38720K), 0.0054716 secs] 1049676K->1015244K(1499932K), 0.0055305 secs] [Times: user=0.01 sys=0.00, real=0.00 secs] 
2020-10-28T11:48:35.382+0000: [GC (Allocation Failure) 2020-10-28T11:48:35.382+0000: [ParNew: 34436K->6K(38720K), 0.0054469 secs] 1049676K->1015246K(1499932K), 0.0055067 secs] [Times: user=0.01 sys=0.00, real=0.01 secs] 
2020-10-28T11:48:35.429+0000: [GC (Allocation Failure) 2020-10-28T11:48:35.429+0000: [ParNew: 34438K->6K(38720K), 0.0055171 secs] 1049678K->1015246K(1499932K), 0.0055779 secs] [Times: user=0.01 sys=0.00, real=0.00 secs] 
2020-10-28T11:48:35.469+0000: [GC (Allocation Failure) 2020-10-28T11:48:35.469+0000: [ParNew: 34438K->6K(38720K), 0.0054760 secs] 1049678K->1015246K(1499932K), 0.0055363 secs] [Times: user=0.01 sys=0.00, real=0.00 secs] 
2020-10-28T11:48:35.515+0000: [GC (Allocation Failure) 2020-10-28T11:48:35.515+0000: [ParNew: 34438K->6K(38720K), 0.0055855 secs] 1049678K->1015246K(1499932K), 0.0056510 secs] [Times: user=0.01 sys=0.00, real=0.01 secs] 
2020-10-28T11:48:35.560+0000: [GC (Allocation Failure) 2020-10-28T11:48:35.560+0000: [ParNew: 34438K->6K(38720K), 0.0055059 secs] 1049678K->1015246K(1499932K), 0.0055675 secs] [Times: user=0.01 sys=0.00, real=0.00 secs] 
2020-10-28T11:48:35.601+0000: [GC (Allocation Failure) 2020-10-28T11:48:35.601+0000: [ParNew: 34438K->6K(38720K), 0.0055466 secs] 1049678K->1015246K(1499932K), 0.0056080 secs] [Times: user=0.01 sys=0.00, real=0.01 secs] 
2020-10-28T11:48:35.642+0000: [GC (Allocation Failure) 2020-10-28T11:48:35.642+0000: [ParNew: 34438K->6K(38720K), 0.0056477 secs] 1049678K->1015246K(1499932K), 0.0057109 secs] [Times: user=0.01 sys=0.00, real=0.01 secs] 
2020-10-28T11:48:35.689+0000: [GC (Allocation Failure) 2020-10-28T11:48:35.689+0000: [ParNew: 34438K->6K(38720K), 0.0056378 secs] 1049678K->1015246K(1499932K), 0.0057005 secs] [Times: user=0.01 sys=0.00, real=0.00 secs] 
2020-10-28T11:48:35.735+0000: [GC (Allocation Failure) 2020-10-28T11:48:35.735+0000: [ParNew: 34438K->6K(38720K), 0.0055801 secs] 1049678K->1015246K(1499932K), 0.0056537 secs] [Times: user=0.02 sys=0.00, real=0.01 secs] 
2020-10-28T11:48:35.779+0000: [GC (Allocation Failure) 2020-10-28T11:48:35.779+0000: [ParNew: 34438K->6K(38720K), 0.0056113 secs] 1049678K->1015246K(1499932K), 0.0056755 secs] [Times: user=0.01 sys=0.00, real=0.00 secs] 
2020-10-28T11:48:35.822+0000: [GC (Allocation Failure) 2020-10-28T11:48:35.822+0000: [ParNew: 34438K->6K(38720K), 0.0056593 secs] 1049678K->1015246K(1499932K), 0.0057252 secs] [Times: user=0.01 sys=0.00, real=0.01 secs] 
2020-10-28T11:48:35.866+0000: [GC (Allocation Failure) 2020-10-28T11:48:35.866+0000: [ParNew: 34438K->6K(38720K), 0.0057505 secs] 1049678K->1015246K(1499932K), 0.0058155 secs] [Times: user=0.01 sys=0.00, real=0.00 secs] 
2020-10-28T11:48:35.910+0000: [GC (Allocation Failure) 2020-10-28T11:48:35.910+0000: [ParNew: 34438K->6K(38720K), 0.0056025 secs] 1049678K->1015246K(1499932K), 0.0056681 secs] [Times: user=0.01 sys=0.00, real=0.00 secs] 
2020-10-28T11:48:35.954+0000: [GC (Allocation Failure) 2020-10-28T11:48:35.954+0000: [ParNew: 34438K->6K(38720K), 0.0056484 secs] 1049678K->1015246K(1499932K), 0.0057152 secs] [Times: user=0.01 sys=0.00, real=0.01 secs] 
2020-10-28T11:48:35.995+0000: [GC (Allocation Failure) 2020-10-28T11:48:35.995+0000: [ParNew: 34438K->6K(38720K), 0.0056673 secs] 1049678K->1015246K(1499932K), 0.0057313 secs] [Times: user=0.01 sys=0.00, real=0.01 secs] 
2020-10-28T11:48:36.036+0000: [GC (Allocation Failure) 2020-10-28T11:48:36.036+0000: [ParNew: 34438K->6K(38720K), 0.0056428 secs] 1049678K->1015246K(1499932K), 0.0057087 secs] [Times: user=0.01 sys=0.00, real=0.01 secs] 
2020-10-28T11:48:36.082+0000: [GC (Allocation Failure) 2020-10-28T11:48:36.082+0000: [ParNew: 34438K->6K(38720K), 0.0055966 secs] 1049678K->1015246K(1499932K), 0.0056610 secs] [Times: user=0.01 sys=0.00, real=0.01 secs] 
2020-10-28T11:48:36.131+0000: [GC (Allocation Failure) 2020-10-28T11:48:36.131+0000: [ParNew: 34438K->6K(38720K), 0.0056266 secs] 1049678K->1015246K(1499932K), 0.0056914 secs] [Times: user=0.01 sys=0.00, real=0.00 secs] 
2020-10-28T11:48:36.174+0000: [GC (Allocation Failure) 2020-10-28T11:48:36.174+0000: [ParNew: 34438K->6K(38720K), 0.0055830 secs] 1049678K->1015246K(1499932K), 0.0056473 secs] [Times: user=0.01 sys=0.00, real=0.01 secs] 
2020-10-28T11:48:36.218+0000: [GC (Allocation Failure) 2020-10-28T11:48:36.218+0000: [ParNew: 34438K->6K(38720K), 0.0055881 secs] 1049678K->1015246K(1499932K), 0.0056510 secs] [Times: user=0.02 sys=0.00, real=0.00 secs] 
2020-10-28T11:48:36.266+0000: [GC (Allocation Failure) 2020-10-28T11:48:36.266+0000: [ParNew: 34438K->6K(38720K), 0.0056485 secs] 1049678K->1015246K(1499932K), 0.0057147 secs] [Times: user=0.01 sys=0.00, real=0.00 secs] 
2020-10-28T11:48:36.307+0000: [GC (Allocation Failure) 2020-10-28T11:48:36.307+0000: [ParNew: 34438K->6K(38720K), 0.0056750 secs] 1049678K->1015246K(1499932K), 0.0057424 secs] [Times: user=0.01 sys=0.00, real=0.00 secs] 
2020-10-28T11:48:36.350+0000: [GC (Allocation Failure) 2020-10-28T11:48:36.350+0000: [ParNew: 34438K->6K(38720K), 0.0056374 secs] 1049678K->1015246K(1499932K), 0.0057038 secs] [Times: user=0.02 sys=0.00, real=0.00 secs] 
2020-10-28T11:48:36.390+0000: [GC (Allocation Failure) 2020-10-28T11:48:36.390+0000: [ParNew: 34438K->6K(38720K), 0.0056244 secs] 1049678K->1015246K(1499932K), 0.0056884 secs] [Times: user=0.01 sys=0.00, real=0.00 secs] 
2020-10-28T11:48:36.434+0000: [GC (Allocation Failure) 2020-10-28T11:48:36.434+0000: [ParNew: 34438K->6K(38720K), 0.0056370 secs] 1049678K->1015246K(1499932K), 0.0057010 secs] [Times: user=0.01 sys=0.00, real=0.01 secs] 
2020-10-28T11:48:36.482+0000: [GC (Allocation Failure) 2020-10-28T11:48:36.482+0000: [ParNew: 34438K->6K(38720K), 0.0078923 secs] 1049678K->1015246K(1499932K), 0.0079549 secs] [Times: user=0.01 sys=0.00, real=0.01 secs] 
2020-10-28T11:48:36.525+0000: [GC (Allocation Failure) 2020-10-28T11:48:36.525+0000: [ParNew: 34438K->6K(38720K), 0.0057219 secs] 1049678K->1015246K(1499932K), 0.0057864 secs] [Times: user=0.01 sys=0.00, real=0.01 secs] 
2020-10-28T11:48:36.566+0000: [GC (Allocation Failure) 2020-10-28T11:48:36.566+0000: [ParNew: 34438K->6K(38720K), 0.0055485 secs] 1049678K->1015246K(1499932K), 0.0056231 secs] [Times: user=0.01 sys=0.00, real=0.00 secs] 
2020-10-28T11:48:36.613+0000: [GC (Allocation Failure) 2020-10-28T11:48:36.614+0000: [ParNew: 34438K->6K(38720K), 0.0055448 secs] 1049678K->1015246K(1499932K), 0.0056069 secs] [Times: user=0.01 sys=0.00, real=0.01 secs] 
2020-10-28T11:48:36.656+0000: [GC (Allocation Failure) 2020-10-28T11:48:36.657+0000: [ParNew: 34438K->6K(38720K), 0.0055510 secs] 1049678K->1015246K(1499932K), 0.0056093 secs] [Times: user=0.01 sys=0.00, real=0.01 secs] 
2020-10-28T11:48:36.701+0000: [GC (Allocation Failure) 2020-10-28T11:48:36.701+0000: [ParNew: 34438K->6K(38720K), 0.0056944 secs] 1049678K->1015246K(1499932K), 0.0057565 secs] [Times: user=0.01 sys=0.00, real=0.01 secs] 
2020-10-28T11:48:36.742+0000: [GC (Allocation Failure) 2020-10-28T11:48:36.742+0000: [ParNew: 34438K->6K(38720K), 0.0054457 secs] 1049678K->1015246K(1499932K), 0.0055040 secs] [Times: user=0.01 sys=0.00, real=0.01 secs] 
2020-10-28T11:48:36.793+0000: [GC (Allocation Failure) 2020-10-28T11:48:36.793+0000: [ParNew: 34438K->6K(38720K), 0.0055833 secs] 1049678K->1015246K(1499932K), 0.0056453 secs] [Times: user=0.02 sys=0.00, real=0.01 secs] 
2020-10-28T11:48:36.837+0000: [GC (Allocation Failure) 2020-10-28T11:48:36.837+0000: [ParNew: 34438K->6K(38720K), 0.0054474 secs] 1049678K->1015246K(1499932K), 0.0055307 secs] [Times: user=0.02 sys=0.00, real=0.01 secs] 
2020-10-28T11:48:36.882+0000: [GC (Allocation Failure) 2020-10-28T11:48:36.882+0000: [ParNew: 34438K->6K(38720K), 0.0056111 secs] 1049678K->1015246K(1499932K), 0.0056691 secs] [Times: user=0.01 sys=0.00, real=0.01 secs] 
2020-10-28T11:48:36.926+0000: [GC (Allocation Failure) 2020-10-28T11:48:36.926+0000: [ParNew: 34438K->6K(38720K), 0.0053247 secs] 1049678K->1015246K(1499932K), 0.0053812 secs] [Times: user=0.01 sys=0.00, real=0.00 secs] 
2020-10-28T11:48:36.970+0000: [GC (Allocation Failure) 2020-10-28T11:48:36.970+0000: [ParNew: 34438K->6K(38720K), 0.0052715 secs] 1049678K->1015246K(1499932K), 0.0053275 secs] [Times: user=0.01 sys=0.00, real=0.00 secs] 
2020-10-28T11:48:37.014+0000: [GC (Allocation Failure) 2020-10-28T11:48:37.014+0000: [ParNew: 34438K->6K(38720K), 0.0056192 secs] 1049678K->1015246K(1499932K), 0.0056835 secs] [Times: user=0.02 sys=0.00, real=0.01 secs] 
2020-10-28T11:48:37.058+0000: [GC (Allocation Failure) 2020-10-28T11:48:37.058+0000: [ParNew: 34438K->6K(38720K), 0.0054514 secs] 1049678K->1015246K(1499932K), 0.0055116 secs] [Times: user=0.01 sys=0.00, real=0.01 secs] 
2020-10-28T11:48:37.102+0000: [GC (Allocation Failure) 2020-10-28T11:48:37.102+0000: [ParNew: 34438K->6K(38720K), 0.0054575 secs] 1049678K->1015246K(1499932K), 0.0055159 secs] [Times: user=0.01 sys=0.00, real=0.01 secs] 
2020-10-28T11:48:37.146+0000: [GC (Allocation Failure) 2020-10-28T11:48:37.146+0000: [ParNew: 34438K->6K(38720K), 0.0053839 secs] 1049678K->1015246K(1499932K), 0.0054499 secs] [Times: user=0.02 sys=0.00, real=0.00 secs] 
2020-10-28T11:48:37.190+0000: [GC (Allocation Failure) 2020-10-28T11:48:37.190+0000: [ParNew: 34438K->6K(38720K), 0.0054700 secs] 1049678K->1015246K(1499932K), 0.0055313 secs] [Times: user=0.02 sys=0.00, real=0.00 secs] 
2020-10-28T11:48:37.230+0000: [GC (Allocation Failure) 2020-10-28T11:48:37.230+0000: [ParNew: 34438K->6K(38720K), 0.0061578 secs] 1049678K->1015246K(1499932K), 0.0062171 secs] [Times: user=0.02 sys=0.00, real=0.00 secs] 
2020-10-28T11:48:37.278+0000: [GC (Allocation Failure) 2020-10-28T11:48:37.278+0000: [ParNew: 34438K->6K(38720K), 0.0054192 secs] 1049678K->1015246K(1499932K), 0.0054783 secs] [Times: user=0.01 sys=0.00, real=0.00 secs] 
2020-10-28T11:48:37.326+0000: [GC (Allocation Failure) 2020-10-28T11:48:37.326+0000: [ParNew: 34438K->6K(38720K), 0.0055798 secs] 1049678K->1015246K(1499932K), 0.0056445 secs] [Times: user=0.01 sys=0.00, real=0.00 secs] 
2020-10-28T11:48:37.370+0000: [GC (Allocation Failure) 2020-10-28T11:48:37.370+0000: [ParNew: 34438K->6K(38720K), 0.0055609 secs] 1049678K->1015246K(1499932K), 0.0056230 secs] [Times: user=0.01 sys=0.00, real=0.00 secs] 
2020-10-28T11:48:37.414+0000: [GC (Allocation Failure) 2020-10-28T11:48:37.414+0000: [ParNew: 34438K->6K(38720K), 0.0055946 secs] 1049678K->1015246K(1499932K), 0.0056726 secs] [Times: user=0.01 sys=0.00, real=0.01 secs] 
2020-10-28T11:48:37.454+0000: [GC (Allocation Failure) 2020-10-28T11:48:37.454+0000: [ParNew: 34438K->6K(38720K), 0.0055498 secs] 1049678K->1015246K(1499932K), 0.0056102 secs] [Times: user=0.01 sys=0.00, real=0.01 secs] 
2020-10-28T11:48:37.502+0000: [GC (Allocation Failure) 2020-10-28T11:48:37.502+0000: [ParNew: 34438K->6K(38720K), 0.0056399 secs] 1049678K->1015246K(1499932K), 0.0057048 secs] [Times: user=0.01 sys=0.00, real=0.01 secs] 
2020-10-28T11:48:37.547+0000: [GC (Allocation Failure) 2020-10-28T11:48:37.547+0000: [ParNew: 34438K->6K(38720K), 0.0055081 secs] 1049678K->1015246K(1499932K), 0.0055674 secs] [Times: user=0.01 sys=0.00, real=0.00 secs] 
2020-10-28T11:48:37.587+0000: [GC (Allocation Failure) 2020-10-28T11:48:37.587+0000: [ParNew: 34438K->6K(38720K), 0.0055212 secs] 1049678K->1015246K(1499932K), 0.0055822 secs] [Times: user=0.01 sys=0.00, real=0.00 secs] 
2020-10-28T11:48:37.634+0000: [GC (Allocation Failure) 2020-10-28T11:48:37.634+0000: [ParNew: 34438K->6K(38720K), 0.0055988 secs] 1049678K->1015246K(1499932K), 0.0056626 secs] [Times: user=0.01 sys=0.00, real=0.01 secs] 
2020-10-28T11:48:37.674+0000: [GC (Allocation Failure) 2020-10-28T11:48:37.674+0000: [ParNew: 34438K->6K(38720K), 0.0055212 secs] 1049678K->1015246K(1499932K), 0.0055821 secs] [Times: user=0.01 sys=0.00, real=0.01 secs] 
2020-10-28T11:48:37.718+0000: [GC (Allocation Failure) 2020-10-28T11:48:37.718+0000: [ParNew: 34438K->6K(38720K), 0.0055859 secs] 1049678K->1015246K(1499932K), 0.0056497 secs] [Times: user=0.01 sys=0.00, real=0.00 secs] 
2020-10-28T11:48:37.758+0000: [GC (Allocation Failure) 2020-10-28T11:48:37.758+0000: [ParNew: 34438K->6K(38720K), 0.0054221 secs] 1049678K->1015246K(1499932K), 0.0055039 secs] [Times: user=0.01 sys=0.00, real=0.00 secs] 
2020-10-28T11:48:37.803+0000: [GC (Allocation Failure) 2020-10-28T11:48:37.803+0000: [ParNew: 34438K->6K(38720K), 0.0073581 secs] 1049678K->1015246K(1499932K), 0.0074205 secs] [Times: user=0.02 sys=0.00, real=0.01 secs] 
2020-10-28T11:48:37.858+0000: [GC (Allocation Failure) 2020-10-28T11:48:37.858+0000: [ParNew: 34438K->6K(38720K), 0.0059618 secs] 1049678K->1015246K(1499932K), 0.0060306 secs] [Times: user=0.01 sys=0.00, real=0.01 secs] 
2020-10-28T11:48:37.902+0000: [GC (Allocation Failure) 2020-10-28T11:48:37.902+0000: [ParNew: 34438K->6K(38720K), 0.0056338 secs] 1049678K->1015246K(1499932K), 0.0057125 secs] [Times: user=0.01 sys=0.00, real=0.01 secs] 
2020-10-28T11:48:37.946+0000: [GC (Allocation Failure) 2020-10-28T11:48:37.946+0000: [ParNew: 34438K->6K(38720K), 0.0056937 secs] 1049678K->1015246K(1499932K), 0.0057580 secs] [Times: user=0.01 sys=0.00, real=0.00 secs] 
2020-10-28T11:48:37.987+0000: [GC (Allocation Failure) 2020-10-28T11:48:37.987+0000: [ParNew: 34438K->6K(38720K), 0.0055883 secs] 1049678K->1015246K(1499932K), 0.0056518 secs] [Times: user=0.01 sys=0.00, real=0.00 secs] 
2020-10-28T11:48:38.030+0000: [GC (Allocation Failure) 2020-10-28T11:48:38.030+0000: [ParNew: 34438K->6K(38720K), 0.0057663 secs] 1049678K->1015246K(1499932K), 0.0058306 secs] [Times: user=0.01 sys=0.00, real=0.00 secs] 
2020-10-28T11:48:38.074+0000: [GC (Allocation Failure) 2020-10-28T11:48:38.074+0000: [ParNew: 34438K->6K(38720K), 0.0054076 secs] 1049678K->1015246K(1499932K), 0.0054655 secs] [Times: user=0.01 sys=0.00, real=0.01 secs] 
2020-10-28T11:48:38.115+0000: [GC (Allocation Failure) 2020-10-28T11:48:38.115+0000: [ParNew: 34438K->6K(38720K), 0.0054472 secs] 1049678K->1015246K(1499932K), 0.0055042 secs] [Times: user=0.01 sys=0.00, real=0.01 secs] 
2020-10-28T11:48:38.160+0000: [GC (Allocation Failure) 2020-10-28T11:48:38.160+0000: [ParNew: 34438K->6K(38720K), 0.0056402 secs] 1049678K->1015246K(1499932K), 0.0057030 secs] [Times: user=0.01 sys=0.00, real=0.00 secs] 
2020-10-28T11:48:38.204+0000: [GC (Allocation Failure) 2020-10-28T11:48:38.204+0000: [ParNew: 34438K->6K(38720K), 0.0056030 secs] 1049678K->1015246K(1499932K), 0.0056636 secs] [Times: user=0.01 sys=0.00, real=0.01 secs] 
2020-10-28T11:48:38.245+0000: [GC (Allocation Failure) 2020-10-28T11:48:38.245+0000: [ParNew: 34438K->6K(38720K), 0.0056501 secs] 1049678K->1015246K(1499932K), 0.0057234 secs] [Times: user=0.02 sys=0.00, real=0.01 secs] 
2020-10-28T11:48:38.291+0000: [GC (Allocation Failure) 2020-10-28T11:48:38.291+0000: [ParNew: 34438K->6K(38720K), 0.0056066 secs] 1049678K->1015246K(1499932K), 0.0056660 secs] [Times: user=0.01 sys=0.00, real=0.00 secs] 
2020-10-28T11:48:38.336+0000: [GC (Allocation Failure) 2020-10-28T11:48:38.336+0000: [ParNew: 34438K->6K(38720K), 0.0056376 secs] 1049678K->1015246K(1499932K), 0.0057006 secs] [Times: user=0.01 sys=0.00, real=0.01 secs] 
2020-10-28T11:48:38.376+0000: [GC (Allocation Failure) 2020-10-28T11:48:38.376+0000: [ParNew: 34438K->6K(38720K), 0.0055299 secs] 1049678K->1015246K(1499932K), 0.0056077 secs] [Times: user=0.02 sys=0.00, real=0.01 secs] 
2020-10-28T11:48:38.424+0000: [GC (Allocation Failure) 2020-10-28T11:48:38.424+0000: [ParNew: 34438K->6K(38720K), 0.0055546 secs] 1049678K->1015246K(1499932K), 0.0056272 secs] [Times: user=0.01 sys=0.00, real=0.01 secs] 
2020-10-28T11:48:38.486+0000: [GC (Allocation Failure) 2020-10-28T11:48:38.486+0000: [ParNew: 34438K->6K(38720K), 0.0097876 secs] 1049678K->1015246K(1499932K), 0.0098654 secs] [Times: user=0.01 sys=0.00, real=0.00 secs] 
2020-10-28T11:48:38.550+0000: [GC (Allocation Failure) 2020-10-28T11:48:38.550+0000: [ParNew: 34438K->6K(38720K), 0.0182464 secs] 1049678K->1015246K(1499932K), 0.0183278 secs] [Times: user=0.01 sys=0.00, real=0.02 secs] 
2020-10-28T11:48:38.614+0000: [GC (Allocation Failure) 2020-10-28T11:48:38.614+0000: [ParNew: 34438K->6K(38720K), 0.0056097 secs] 1049678K->1015246K(1499932K), 0.0056666 secs] [Times: user=0.01 sys=0.00, real=0.01 secs] 
2020-10-28T11:48:38.659+0000: [GC (Allocation Failure) 2020-10-28T11:48:38.659+0000: [ParNew: 34438K->6K(38720K), 0.0054797 secs] 1049678K->1015246K(1499932K), 0.0055399 secs] [Times: user=0.01 sys=0.00, real=0.00 secs] 
2020-10-28T11:48:38.702+0000: [GC (Allocation Failure) 2020-10-28T11:48:38.702+0000: [ParNew: 34438K->6K(38720K), 0.0054768 secs] 1049678K->1015246K(1499932K), 0.0055366 secs] [Times: user=0.01 sys=0.00, real=0.01 secs] 
2020-10-28T11:48:38.746+0000: [GC (Allocation Failure) 2020-10-28T11:48:38.746+0000: [ParNew: 34438K->6K(38720K), 0.0055459 secs] 1049678K->1015246K(1499932K), 0.0056059 secs] [Times: user=0.01 sys=0.00, real=0.00 secs] 
2020-10-28T11:48:38.790+0000: [GC (Allocation Failure) 2020-10-28T11:48:38.790+0000: [ParNew: 34438K->6K(38720K), 0.0055920 secs] 1049678K->1015246K(1499932K), 0.0056538 secs] [Times: user=0.01 sys=0.00, real=0.00 secs] 
2020-10-28T11:48:38.838+0000: [GC (Allocation Failure) 2020-10-28T11:48:38.838+0000: [ParNew: 34438K->6K(38720K), 0.0056433 secs] 1049678K->1015246K(1499932K), 0.0057098 secs] [Times: user=0.01 sys=0.00, real=0.00 secs] 
2020-10-28T11:48:38.886+0000: [GC (Allocation Failure) 2020-10-28T11:48:38.886+0000: [ParNew: 34438K->6K(38720K), 0.0057446 secs] 1049678K->1015246K(1499932K), 0.0058096 secs] [Times: user=0.01 sys=0.00, real=0.00 secs] 
2020-10-28T11:48:38.931+0000: [GC (Allocation Failure) 2020-10-28T11:48:38.931+0000: [ParNew: 34438K->6K(38720K), 0.0056028 secs] 1049678K->1015246K(1499932K), 0.0056653 secs] [Times: user=0.01 sys=0.00, real=0.00 secs] 
2020-10-28T11:48:38.974+0000: [GC (Allocation Failure) 2020-10-28T11:48:38.974+0000: [ParNew: 34438K->6K(38720K), 0.0056769 secs] 1049678K->1015246K(1499932K), 0.0057425 secs] [Times: user=0.01 sys=0.00, real=0.01 secs] 
2020-10-28T11:48:39.019+0000: [GC (Allocation Failure) 2020-10-28T11:48:39.020+0000: [ParNew: 34438K->6K(38720K), 0.0056669 secs] 1049678K->1015246K(1499932K), 0.0057322 secs] [Times: user=0.01 sys=0.00, real=0.00 secs] 
2020-10-28T11:48:39.066+0000: [GC (Allocation Failure) 2020-10-28T11:48:39.066+0000: [ParNew: 34438K->6K(38720K), 0.0056982 secs] 1049678K->1015246K(1499932K), 0.0057626 secs] [Times: user=0.01 sys=0.00, real=0.00 secs] 
2020-10-28T11:48:39.106+0000: [GC (Allocation Failure) 2020-10-28T11:48:39.106+0000: [ParNew: 34438K->6K(38720K), 0.0055791 secs] 1049678K->1015246K(1499932K), 0.0056399 secs] [Times: user=0.01 sys=0.00, real=0.00 secs] 
2020-10-28T11:48:39.151+0000: [GC (Allocation Failure) 2020-10-28T11:48:39.151+0000: [ParNew: 34438K->6K(38720K), 0.0054641 secs] 1049678K->1015246K(1499932K), 0.0055240 secs] [Times: user=0.01 sys=0.00, real=0.00 secs] 
2020-10-28T11:48:39.197+0000: [GC (Allocation Failure) 2020-10-28T11:48:39.197+0000: [ParNew: 34438K->6K(38720K), 0.0054648 secs] 1049678K->1015246K(1499932K), 0.0055239 secs] [Times: user=0.01 sys=0.00, real=0.01 secs] 
2020-10-28T11:48:39.242+0000: [GC (Allocation Failure) 2020-10-28T11:48:39.242+0000: [ParNew: 34438K->6K(38720K), 0.0055075 secs] 1049678K->1015246K(1499932K), 0.0055584 secs] [Times: user=0.01 sys=0.00, real=0.01 secs] 
2020-10-28T11:48:39.282+0000: [GC (Allocation Failure) 2020-10-28T11:48:39.282+0000: [ParNew: 34438K->6K(38720K), 0.0055781 secs] 1049678K->1015246K(1499932K), 0.0056394 secs] [Times: user=0.01 sys=0.00, real=0.01 secs] 
2020-10-28T11:48:39.326+0000: [GC (Allocation Failure) 2020-10-28T11:48:39.326+0000: [ParNew: 34438K->6K(38720K), 0.0055674 secs] 1049678K->1015246K(1499932K), 0.0056281 secs] [Times: user=0.01 sys=0.00, real=0.00 secs] 
2020-10-28T11:48:39.366+0000: [GC (Allocation Failure) 2020-10-28T11:48:39.366+0000: [ParNew: 34438K->6K(38720K), 0.0054503 secs] 1049678K->1015246K(1499932K), 0.0055055 secs] [Times: user=0.01 sys=0.00, real=0.00 secs] 
2020-10-28T11:48:39.410+0000: [GC (Allocation Failure) 2020-10-28T11:48:39.410+0000: [ParNew: 34438K->6K(38720K), 0.0054303 secs] 1049678K->1015246K(1499932K), 0.0054872 secs] [Times: user=0.02 sys=0.00, real=0.00 secs] 
2020-10-28T11:48:39.453+0000: [GC (Allocation Failure) 2020-10-28T11:48:39.454+0000: [ParNew: 34438K->6K(38720K), 0.0055509 secs] 1049678K->1015246K(1499932K), 0.0056129 secs] [Times: user=0.01 sys=0.00, real=0.01 secs] 
2020-10-28T11:48:39.497+0000: [GC (Allocation Failure) 2020-10-28T11:48:39.497+0000: [ParNew: 34438K->6K(38720K), 0.0055600 secs] 1049678K->1015246K(1499932K), 0.0056215 secs] [Times: user=0.01 sys=0.00, real=0.01 secs] 
2020-10-28T11:48:39.542+0000: [GC (Allocation Failure) 2020-10-28T11:48:39.542+0000: [ParNew: 34438K->6K(38720K), 0.0055630 secs] 1049678K->1015246K(1499932K), 0.0056244 secs] [Times: user=0.01 sys=0.00, real=0.01 secs] 
2020-10-28T11:48:39.594+0000: [GC (Allocation Failure) 2020-10-28T11:48:39.594+0000: [ParNew: 34438K->6K(38720K), 0.0055785 secs] 1049678K->1015246K(1499932K), 0.0056408 secs] [Times: user=0.01 sys=0.00, real=0.01 secs] 
2020-10-28T11:48:39.650+0000: [GC (Allocation Failure) 2020-10-28T11:48:39.650+0000: [ParNew: 34438K->6K(38720K), 0.0055521 secs] 1049678K->1015247K(1499932K), 0.0056123 secs] [Times: user=0.01 sys=0.00, real=0.00 secs] 
2020-10-28T11:48:39.710+0000: [GC (Allocation Failure) 2020-10-28T11:48:39.710+0000: [ParNew: 34438K->6K(38720K), 0.0056242 secs] 1049679K->1015246K(1499932K), 0.0056950 secs] [Times: user=0.01 sys=0.00, real=0.00 secs] 
2020-10-28T11:48:39.758+0000: [GC (Allocation Failure) 2020-10-28T11:48:39.758+0000: [ParNew: 34438K->6K(38720K), 0.0056045 secs] 1049678K->1015247K(1499932K), 0.0056680 secs] [Times: user=0.01 sys=0.00, real=0.00 secs] 
2020-10-28T11:48:39.811+0000: [GC (Allocation Failure) 2020-10-28T11:48:39.811+0000: [ParNew: 34438K->6K(38720K), 0.0056611 secs] 1049679K->1015246K(1499932K), 0.0057249 secs] [Times: user=0.01 sys=0.00, real=0.00 secs] 
2020-10-28T11:48:39.874+0000: [GC (Allocation Failure) 2020-10-28T11:48:39.874+0000: [ParNew: 34438K->6K(38720K), 0.0056491 secs] 1049678K->1015247K(1499932K), 0.0057050 secs] [Times: user=0.01 sys=0.00, real=0.01 secs] 
2020-10-28T11:48:39.934+0000: [GC (Allocation Failure) 2020-10-28T11:48:39.934+0000: [ParNew: 34438K->4K(38720K), 0.0055583 secs] 1049679K->1015246K(1499932K), 0.0056153 secs] [Times: user=0.01 sys=0.00, real=0.01 secs] 
2020-10-28T11:48:39.986+0000: [GC (Allocation Failure) 2020-10-28T11:48:39.986+0000: [ParNew: 34436K->6K(38720K), 0.0056672 secs] 1049678K->1015248K(1499932K), 0.0057311 secs] [Times: user=0.02 sys=0.00, real=0.00 secs] 
2020-10-28T11:48:40.042+0000: [GC (Allocation Failure) 2020-10-28T11:48:40.042+0000: [ParNew: 34438K->6K(38720K), 0.0056636 secs] 1049680K->1015248K(1499932K), 0.0057307 secs] [Times: user=0.01 sys=0.00, real=0.01 secs] 
2020-10-28T11:48:40.098+0000: [GC (Allocation Failure) 2020-10-28T11:48:40.098+0000: [ParNew: 34438K->6K(38720K), 0.0057306 secs] 1049680K->1015248K(1499932K), 0.0057946 secs] [Times: user=0.01 sys=0.00, real=0.00 secs] 
2020-10-28T11:48:40.153+0000: [GC (Allocation Failure) 2020-10-28T11:48:40.154+0000: [ParNew: 34438K->6K(38720K), 0.0056222 secs] 1049680K->1015248K(1499932K), 0.0056884 secs] [Times: user=0.01 sys=0.00, real=0.01 secs] 
2020-10-28T11:48:40.211+0000: [GC (Allocation Failure) 2020-10-28T11:48:40.211+0000: [ParNew: 34438K->4K(38720K), 0.0056500 secs] 1049680K->1015246K(1499932K), 0.0057217 secs] [Times: user=0.01 sys=0.00, real=0.00 secs] 
2020-10-28T11:48:40.264+0000: [GC (Allocation Failure) 2020-10-28T11:48:40.264+0000: [ParNew: 34436K->6K(38720K), 0.0055517 secs] 1049678K->1015248K(1499932K), 0.0056139 secs] [Times: user=0.01 sys=0.00, real=0.01 secs] 
2020-10-28T11:48:40.311+0000: [GC (Allocation Failure) 2020-10-28T11:48:40.311+0000: [ParNew: 34438K->6K(38720K), 0.0055327 secs] 1049680K->1015248K(1499932K), 0.0055946 secs] [Times: user=0.01 sys=0.00, real=0.00 secs] 
2020-10-28T11:48:40.359+0000: [GC (Allocation Failure) 2020-10-28T11:48:40.359+0000: [ParNew: 34438K->6K(38720K), 0.0054626 secs] 1049680K->1015248K(1499932K), 0.0055224 secs] [Times: user=0.01 sys=0.00, real=0.00 secs] 
2020-10-28T11:48:40.463+0000: [GC (Allocation Failure) 2020-10-28T11:48:40.463+0000: [ParNew: 34438K->6K(38720K), 0.0056362 secs] 1049680K->1015248K(1499932K), 0.0056996 secs] [Times: user=0.02 sys=0.00, real=0.01 secs] 
2020-10-28T11:48:40.577+0000: [GC (Allocation Failure) 2020-10-28T11:48:40.577+0000: [ParNew: 34438K->6K(38720K), 0.0056271 secs] 1049680K->1015248K(1499932K), 0.0056931 secs] [Times: user=0.01 sys=0.00, real=0.01 secs] 
2020-10-28T11:48:40.693+0000: [GC (Allocation Failure) 2020-10-28T11:48:40.693+0000: [ParNew: 34438K->6K(38720K), 0.0056441 secs] 1049680K->1015248K(1499932K), 0.0057081 secs] [Times: user=0.01 sys=0.00, real=0.01 secs] 
2020-10-28T11:48:40.838+0000: [GC (Allocation Failure) 2020-10-28T11:48:40.838+0000: [ParNew: 34438K->6K(38720K), 0.0056266 secs] 1049680K->1015248K(1499932K), 0.0056906 secs] [Times: user=0.01 sys=0.00, real=0.00 secs] 
2020-10-28T11:48:41.006+0000: [GC (Allocation Failure) 2020-10-28T11:48:41.006+0000: [ParNew: 34438K->6K(38720K), 0.0056310 secs] 1049680K->1015248K(1499932K), 0.0057091 secs] [Times: user=0.02 sys=0.00, real=0.01 secs] 
2020-10-28T11:48:41.166+0000: [GC (Allocation Failure) 2020-10-28T11:48:41.166+0000: [ParNew: 34438K->6K(38720K), 0.0156006 secs] 1049680K->1015248K(1499932K), 0.0156898 secs] [Times: user=0.02 sys=0.00, real=0.01 secs] 
2020-10-28T11:48:41.357+0000: [GC (Allocation Failure) 2020-10-28T11:48:41.357+0000: [ParNew: 34438K->4K(38720K), 0.0056280 secs] 1049680K->1015247K(1499932K), 0.0056933 secs] [Times: user=0.01 sys=0.00, real=0.01 secs] 
2020-10-28T11:48:41.502+0000: [GC (Allocation Failure) 2020-10-28T11:48:41.502+0000: [ParNew: 34436K->4K(38720K), 0.0056545 secs] 1049679K->1015247K(1499932K), 0.0057190 secs] [Times: user=0.01 sys=0.00, real=0.01 secs] 
2020-10-28T11:48:41.623+0000: [GC (Allocation Failure) 2020-10-28T11:48:41.623+0000: [ParNew: 34436K->2K(38720K), 0.0056723 secs] 1049679K->1015247K(1499932K), 0.0057365 secs] [Times: user=0.02 sys=0.00, real=0.01 secs] 
2020-10-28T11:48:41.758+0000: [GC (Allocation Failure) 2020-10-28T11:48:41.758+0000: [ParNew: 34434K->4K(38720K), 0.0056753 secs] 1049679K->1015249K(1499932K), 0.0057402 secs] [Times: user=0.01 sys=0.00, real=0.01 secs] 
2020-10-28T11:48:42.430+0000: [GC (Allocation Failure) 2020-10-28T11:48:42.430+0000: [ParNew: 34436K->120K(38720K), 0.0058656 secs] 1049681K->1015365K(1499932K), 0.0059459 secs] [Times: user=0.01 sys=0.00, real=0.00 secs] 
2020-10-28T11:48:44.358+0000: [GC (Allocation Failure) 2020-10-28T11:48:44.358+0000: [ParNew: 34552K->1210K(38720K), 0.0073680 secs] 1049797K->1016455K(1499932K), 0.0074427 secs] [Times: user=0.01 sys=0.00, real=0.00 secs] 
2020-10-28T11:48:44.653+0000: [GC (Allocation Failure) 2020-10-28T11:48:44.653+0000: [ParNew: 35642K->3776K(38720K), 0.0108867 secs] 1050887K->1019021K(1499932K), 0.0109751 secs] [Times: user=0.03 sys=0.00, real=0.01 secs] 
2020-10-28T11:48:44.747+0000: [GC (Allocation Failure) 2020-10-28T11:48:44.747+0000: [ParNew: 38208K->2081K(38720K), 0.0158536 secs] 1053453K->1020433K(1499932K), 0.0159390 secs] [Times: user=0.03 sys=0.00, real=0.01 secs] 
2020-10-28T11:48:44.830+0000: [GC (Allocation Failure) 2020-10-28T11:48:44.830+0000: [ParNew: 36513K->1365K(38720K), 0.0167465 secs] 1054865K->1019718K(1499932K), 0.0168134 secs] [Times: user=0.02 sys=0.00, real=0.02 secs] 
2020-10-28T11:48:44.937+0000: [GC (Allocation Failure) 2020-10-28T11:48:44.937+0000: [ParNew: 35797K->1279K(38720K), 0.0059855 secs] 1054150K->1019632K(1499932K), 0.0060555 secs] [Times: user=0.02 sys=0.00, real=0.01 secs] 
2020-10-28T11:48:45.010+0000: [GC (Allocation Failure) 2020-10-28T11:48:45.010+0000: [ParNew: 35711K->2117K(38720K), 0.0062567 secs] 1054064K->1020469K(1499932K), 0.0063279 secs] [Times: user=0.01 sys=0.00, real=0.00 secs] 
2020-10-28T11:48:45.074+0000: [GC (Allocation Failure) 2020-10-28T11:48:45.074+0000: [ParNew: 36549K->2092K(38720K), 0.0061837 secs] 1054901K->1020444K(1499932K), 0.0062538 secs] [Times: user=0.02 sys=0.00, real=0.01 secs] 
2020-10-28T11:48:45.134+0000: [GC (Allocation Failure) 2020-10-28T11:48:45.134+0000: [ParNew: 36524K->2084K(38720K), 0.0061530 secs] 1054876K->1020436K(1499932K), 0.0062208 secs] [Times: user=0.01 sys=0.00, real=0.01 secs] 
2020-10-28T11:48:45.180+0000: [GC (Allocation Failure) 2020-10-28T11:48:45.180+0000: [ParNew: 36516K->1543K(38720K), 0.0059990 secs] 1054868K->1019919K(1499932K), 0.0060672 secs] [Times: user=0.01 sys=0.00, real=0.01 secs] 
2020-10-28T11:48:45.234+0000: [GC (Allocation Failure) 2020-10-28T11:48:45.234+0000: [ParNew: 35975K->1030K(38720K), 0.0065598 secs] 1054351K->1019406K(1499932K), 0.0066277 secs] [Times: user=0.01 sys=0.00, real=0.01 secs] 
2020-10-28T11:48:45.280+0000: [GC (Allocation Failure) 2020-10-28T11:48:45.280+0000: [ParNew: 35462K->6K(38720K), 0.0055333 secs] 1053838K->1018382K(1499932K), 0.0055979 secs] [Times: user=0.02 sys=0.00, real=0.01 secs] 
2020-10-28T11:48:45.333+0000: [GC (Allocation Failure) 2020-10-28T11:48:45.333+0000: [ParNew: 34438K->6K(38720K), 0.0056624 secs] 1052814K->1018382K(1499932K), 0.0057286 secs] [Times: user=0.01 sys=0.00, real=0.01 secs] 
2020-10-28T11:48:45.392+0000: [GC (Allocation Failure) 2020-10-28T11:48:45.392+0000: [ParNew: 34438K->6K(38720K), 0.0055901 secs] 1052814K->1018383K(1499932K), 0.0056564 secs] [Times: user=0.01 sys=0.00, real=0.01 secs] 
2020-10-28T11:48:45.446+0000: [GC (Allocation Failure) 2020-10-28T11:48:45.446+0000: [ParNew: 34438K->6K(38720K), 0.0078859 secs] 1052815K->1018382K(1499932K), 0.0079486 secs] [Times: user=0.01 sys=0.01, real=0.00 secs] 
2020-10-28T11:48:45.510+0000: [GC (Allocation Failure) 2020-10-28T11:48:45.510+0000: [ParNew: 34438K->6K(38720K), 0.0079521 secs] 1052814K->1018383K(1499932K), 0.0080182 secs] [Times: user=0.01 sys=0.00, real=0.01 secs] 
2020-10-28T11:48:45.599+0000: [GC (Allocation Failure) 2020-10-28T11:48:45.599+0000: [ParNew: 34438K->6K(38720K), 0.0129877 secs] 1052815K->1018382K(1499932K), 0.0130547 secs] [Times: user=0.02 sys=0.00, real=0.01 secs] 
2020-10-28T11:48:45.677+0000: [GC (Allocation Failure) 2020-10-28T11:48:45.677+0000: [ParNew: 34438K->6K(38720K), 0.0120398 secs] 1052814K->1018382K(1499932K), 0.0121289 secs] [Times: user=0.02 sys=0.00, real=0.02 secs] 
2020-10-28T11:48:45.742+0000: [GC (Allocation Failure) 2020-10-28T11:48:45.742+0000: [ParNew: 34438K->8K(38720K), 0.0117404 secs] 1052814K->1018384K(1499932K), 0.0118273 secs] [Times: user=0.02 sys=0.00, real=0.01 secs] 
2020-10-28T11:48:45.813+0000: [GC (Allocation Failure) 2020-10-28T11:48:45.813+0000: [ParNew: 34440K->6K(38720K), 0.0113837 secs] 1052816K->1018382K(1499932K), 0.0114646 secs] [Times: user=0.03 sys=0.00, real=0.01 secs] 
2020-10-28T11:48:45.880+0000: [GC (Allocation Failure) 2020-10-28T11:48:45.880+0000: [ParNew: 34438K->6K(38720K), 0.0056552 secs] 1052814K->1018382K(1499932K), 0.0057227 secs] [Times: user=0.01 sys=0.00, real=0.01 secs] 
2020-10-28T11:48:45.926+0000: [GC (Allocation Failure) 2020-10-28T11:48:45.926+0000: [ParNew: 34438K->6K(38720K), 0.0054312 secs] 1052814K->1018382K(1499932K), 0.0054941 secs] [Times: user=0.01 sys=0.00, real=0.00 secs] 
2020-10-28T11:48:45.974+0000: [GC (Allocation Failure) 2020-10-28T11:48:45.974+0000: [ParNew: 34438K->6K(38720K), 0.0053472 secs] 1052814K->1018383K(1499932K), 0.0054099 secs] [Times: user=0.01 sys=0.00, real=0.01 secs] 
2020-10-28T11:48:46.016+0000: [GC (Allocation Failure) 2020-10-28T11:48:46.016+0000: [ParNew: 34438K->4K(38720K), 0.0055304 secs] 1052815K->1018380K(1499932K), 0.0055962 secs] [Times: user=0.01 sys=0.00, real=0.01 secs] 
2020-10-28T11:48:46.062+0000: [GC (Allocation Failure) 2020-10-28T11:48:46.062+0000: [ParNew: 34436K->8K(38720K), 0.0053610 secs] 1052812K->1018385K(1499932K), 0.0054231 secs] [Times: user=0.01 sys=0.00, real=0.01 secs] 
2020-10-28T11:48:46.114+0000: [GC (Allocation Failure) 2020-10-28T11:48:46.114+0000: [ParNew: 34440K->6K(38720K), 0.0055434 secs] 1052817K->1018383K(1499932K), 0.0056028 secs] [Times: user=0.01 sys=0.00, real=0.01 secs] 
2020-10-28T11:48:46.155+0000: [GC (Allocation Failure) 2020-10-28T11:48:46.155+0000: [ParNew: 34438K->4K(38720K), 0.0055358 secs] 1052815K->1018381K(1499932K), 0.0056001 secs] [Times: user=0.01 sys=0.00, real=0.01 secs] 
2020-10-28T11:48:46.198+0000: [GC (Allocation Failure) 2020-10-28T11:48:46.198+0000: [ParNew: 34436K->4K(38720K), 0.0056396 secs] 1052813K->1018381K(1499932K), 0.0057065 secs] [Times: user=0.01 sys=0.00, real=0.00 secs] 
2020-10-28T11:48:46.242+0000: [GC (Allocation Failure) 2020-10-28T11:48:46.242+0000: [ParNew: 34436K->4K(38720K), 0.0053779 secs] 1052813K->1018381K(1499932K), 0.0054385 secs] [Times: user=0.01 sys=0.00, real=0.01 secs] 
2020-10-28T11:48:46.282+0000: [GC (Allocation Failure) 2020-10-28T11:48:46.283+0000: [ParNew: 34436K->6K(38720K), 0.0053840 secs] 1052813K->1018383K(1499932K), 0.0054450 secs] [Times: user=0.01 sys=0.00, real=0.01 secs] 
2020-10-28T11:48:46.332+0000: [GC (Allocation Failure) 2020-10-28T11:48:46.332+0000: [ParNew: 34438K->4K(38720K), 0.0055114 secs] 1052815K->1018381K(1499932K), 0.0055768 secs] [Times: user=0.01 sys=0.00, real=0.01 secs] 
2020-10-28T11:48:46.378+0000: [GC (Allocation Failure) 2020-10-28T11:48:46.378+0000: [ParNew: 34436K->6K(38720K), 0.0055693 secs] 1052813K->1018383K(1499932K), 0.0056353 secs] [Times: user=0.01 sys=0.00, real=0.00 secs] 
2020-10-28T11:48:46.422+0000: [GC (Allocation Failure) 2020-10-28T11:48:46.422+0000: [ParNew: 34438K->6K(38720K), 0.0054302 secs] 1052815K->1018383K(1499932K), 0.0054937 secs] [Times: user=0.01 sys=0.00, real=0.01 secs] 
2020-10-28T11:48:46.463+0000: [GC (Allocation Failure) 2020-10-28T11:48:46.463+0000: [ParNew: 34438K->6K(38720K), 0.0054789 secs] 1052815K->1018383K(1499932K), 0.0055601 secs] [Times: user=0.01 sys=0.00, real=0.01 secs] 
2020-10-28T11:48:46.510+0000: [GC (Allocation Failure) 2020-10-28T11:48:46.510+0000: [ParNew: 34438K->6K(38720K), 0.0055656 secs] 1052815K->1018383K(1499932K), 0.0056288 secs] [Times: user=0.01 sys=0.00, real=0.00 secs] 
2020-10-28T11:48:46.552+0000: [GC (Allocation Failure) 2020-10-28T11:48:46.552+0000: [ParNew: 34438K->6K(38720K), 0.0055813 secs] 1052815K->1018383K(1499932K), 0.0056466 secs] [Times: user=0.01 sys=0.00, real=0.00 secs] 
2020-10-28T11:48:46.598+0000: [GC (Allocation Failure) 2020-10-28T11:48:46.598+0000: [ParNew: 34438K->6K(38720K), 0.0053724 secs] 1052815K->1018384K(1499932K), 0.0054350 secs] [Times: user=0.01 sys=0.00, real=0.00 secs] 
2020-10-28T11:48:46.638+0000: [GC (Allocation Failure) 2020-10-28T11:48:46.638+0000: [ParNew: 34438K->6K(38720K), 0.0054710 secs] 1052816K->1018384K(1499932K), 0.0055328 secs] [Times: user=0.01 sys=0.00, real=0.00 secs] 
2020-10-28T11:48:46.682+0000: [GC (Allocation Failure) 2020-10-28T11:48:46.682+0000: [ParNew: 34438K->4K(38720K), 0.0054545 secs] 1052816K->1018381K(1499932K), 0.0055179 secs] [Times: user=0.01 sys=0.00, real=0.01 secs] 
2020-10-28T11:48:46.723+0000: [GC (Allocation Failure) 2020-10-28T11:48:46.723+0000: [ParNew: 34436K->4K(38720K), 0.0055485 secs] 1052813K->1018381K(1499932K), 0.0056144 secs] [Times: user=0.01 sys=0.00, real=0.01 secs] 
2020-10-28T11:48:46.763+0000: [GC (Allocation Failure) 2020-10-28T11:48:46.763+0000: [ParNew: 34436K->4K(38720K), 0.0054109 secs] 1052813K->1018381K(1499932K), 0.0054714 secs] [Times: user=0.01 sys=0.00, real=0.01 secs] 
2020-10-28T11:48:46.806+0000: [GC (Allocation Failure) 2020-10-28T11:48:46.806+0000: [ParNew: 34436K->4K(38720K), 0.0055530 secs] 1052813K->1018382K(1499932K), 0.0056227 secs] [Times: user=0.01 sys=0.00, real=0.00 secs] 
2020-10-28T11:48:46.847+0000: [GC (Allocation Failure) 2020-10-28T11:48:46.847+0000: [ParNew: 34436K->4K(38720K), 0.0055413 secs] 1052814K->1018382K(1499932K), 0.0056042 secs] [Times: user=0.01 sys=0.00, real=0.00 secs] 
2020-10-28T11:48:46.890+0000: [GC (Allocation Failure) 2020-10-28T11:48:46.890+0000: [ParNew: 34436K->4K(38720K), 0.0055141 secs] 1052814K->1018382K(1499932K), 0.0055749 secs] [Times: user=0.01 sys=0.00, real=0.00 secs] 
2020-10-28T11:48:46.934+0000: [GC (Allocation Failure) 2020-10-28T11:48:46.934+0000: [ParNew: 34436K->6K(38720K), 0.0053598 secs] 1052814K->1018384K(1499932K), 0.0054214 secs] [Times: user=0.01 sys=0.00, real=0.01 secs] 
2020-10-28T11:48:46.978+0000: [GC (Allocation Failure) 2020-10-28T11:48:46.978+0000: [ParNew: 34438K->4K(38720K), 0.0053195 secs] 1052816K->1018382K(1499932K), 0.0053802 secs] [Times: user=0.01 sys=0.00, real=0.00 secs] 
2020-10-28T11:48:47.022+0000: [GC (Allocation Failure) 2020-10-28T11:48:47.022+0000: [ParNew: 34436K->4K(38720K), 0.0054849 secs] 1052814K->1018382K(1499932K), 0.0055501 secs] [Times: user=0.01 sys=0.00, real=0.01 secs] 
2020-10-28T11:48:47.066+0000: [GC (Allocation Failure) 2020-10-28T11:48:47.066+0000: [ParNew: 34436K->6K(38720K), 0.0053658 secs] 1052814K->1018384K(1499932K), 0.0054257 secs] [Times: user=0.01 sys=0.00, real=0.00 secs] 
2020-10-28T11:48:47.110+0000: [GC (Allocation Failure) 2020-10-28T11:48:47.110+0000: [ParNew: 34438K->4K(38720K), 0.0055521 secs] 1052816K->1018382K(1499932K), 0.0056160 secs] [Times: user=0.01 sys=0.00, real=0.00 secs] 
2020-10-28T11:48:47.151+0000: [GC (Allocation Failure) 2020-10-28T11:48:47.151+0000: [ParNew: 34436K->6K(38720K), 0.0055213 secs] 1052814K->1018384K(1499932K), 0.0055843 secs] [Times: user=0.01 sys=0.00, real=0.00 secs] 
2020-10-28T11:48:47.194+0000: [GC (Allocation Failure) 2020-10-28T11:48:47.194+0000: [ParNew: 34438K->4K(38720K), 0.0053768 secs] 1052816K->1018382K(1499932K), 0.0054377 secs] [Times: user=0.01 sys=0.00, real=0.01 secs] 
2020-10-28T11:48:47.234+0000: [GC (Allocation Failure) 2020-10-28T11:48:47.234+0000: [ParNew: 34436K->6K(38720K), 0.0062431 secs] 1052814K->1018384K(1499932K), 0.0063046 secs] [Times: user=0.02 sys=0.00, real=0.01 secs] 
2020-10-28T11:48:47.278+0000: [GC (Allocation Failure) 2020-10-28T11:48:47.278+0000: [ParNew: 34438K->4K(38720K), 0.0053384 secs] 1052816K->1018382K(1499932K), 0.0054013 secs] [Times: user=0.01 sys=0.00, real=0.00 secs] 
2020-10-28T11:48:47.322+0000: [GC (Allocation Failure) 2020-10-28T11:48:47.322+0000: [ParNew: 34436K->4K(38720K), 0.0054280 secs] 1052814K->1018382K(1499932K), 0.0054926 secs] [Times: user=0.01 sys=0.00, real=0.01 secs] 
2020-10-28T11:48:47.366+0000: [GC (Allocation Failure) 2020-10-28T11:48:47.366+0000: [ParNew: 34436K->6K(38720K), 0.0054733 secs] 1052814K->1018384K(1499932K), 0.0055336 secs] [Times: user=0.01 sys=0.00, real=0.00 secs] 
2020-10-28T11:48:47.410+0000: [GC (Allocation Failure) 2020-10-28T11:48:47.410+0000: [ParNew: 34438K->4K(38720K), 0.0053204 secs] 1052816K->1018382K(1499932K), 0.0053805 secs] [Times: user=0.01 sys=0.00, real=0.00 secs] 
2020-10-28T11:48:47.456+0000: [GC (Allocation Failure) 2020-10-28T11:48:47.456+0000: [ParNew: 34436K->4K(38720K), 0.0054374 secs] 1052814K->1018382K(1499932K), 0.0054981 secs] [Times: user=0.01 sys=0.00, real=0.01 secs] 
2020-10-28T11:48:47.502+0000: [GC (Allocation Failure) 2020-10-28T11:48:47.502+0000: [ParNew: 34436K->6K(38720K), 0.0063097 secs] 1052814K->1018384K(1499932K), 0.0063705 secs] [Times: user=0.01 sys=0.00, real=0.01 secs] 
2020-10-28T11:48:47.544+0000: [GC (Allocation Failure) 2020-10-28T11:48:47.544+0000: [ParNew: 34438K->4K(38720K), 0.0054426 secs] 1052816K->1018382K(1499932K), 0.0055071 secs] [Times: user=0.01 sys=0.00, real=0.01 secs] 
2020-10-28T11:48:47.586+0000: [GC (Allocation Failure) 2020-10-28T11:48:47.586+0000: [ParNew: 34436K->6K(38720K), 0.0053564 secs] 1052814K->1018384K(1499932K), 0.0054174 secs] [Times: user=0.01 sys=0.00, real=0.00 secs] 
2020-10-28T11:48:47.633+0000: [GC (Allocation Failure) 2020-10-28T11:48:47.633+0000: [ParNew: 34438K->4K(38720K), 0.0054649 secs] 1052816K->1018382K(1499932K), 0.0055283 secs] [Times: user=0.01 sys=0.00, real=0.01 secs] 
2020-10-28T11:48:47.674+0000: [GC (Allocation Failure) 2020-10-28T11:48:47.674+0000: [ParNew: 34436K->6K(38720K), 0.0054877 secs] 1052814K->1018384K(1499932K), 0.0055518 secs] [Times: user=0.02 sys=0.00, real=0.01 secs] 
2020-10-28T11:48:47.717+0000: [GC (Allocation Failure) 2020-10-28T11:48:47.717+0000: [ParNew: 34438K->4K(38720K), 0.0055807 secs] 1052816K->1018382K(1499932K), 0.0056444 secs] [Times: user=0.01 sys=0.00, real=0.01 secs] 
2020-10-28T11:48:47.762+0000: [GC (Allocation Failure) 2020-10-28T11:48:47.762+0000: [ParNew: 34436K->4K(38720K), 0.0054796 secs] 1052814K->1018382K(1499932K), 0.0055421 secs] [Times: user=0.01 sys=0.00, real=0.01 secs] 
2020-10-28T11:48:47.806+0000: [GC (Allocation Failure) 2020-10-28T11:48:47.806+0000: [ParNew: 34436K->4K(38720K), 0.0054895 secs] 1052814K->1018382K(1499932K), 0.0055532 secs] [Times: user=0.01 sys=0.00, real=0.00 secs] 
2020-10-28T11:48:47.860+0000: [GC (Allocation Failure) 2020-10-28T11:48:47.861+0000: [ParNew: 34436K->30K(38720K), 0.0059261 secs] 1052814K->1018408K(1499932K), 0.0059861 secs] [Times: user=0.01 sys=0.00, real=0.01 secs] 
2020-10-28T11:48:47.911+0000: [GC (Allocation Failure) 2020-10-28T11:48:47.912+0000: [ParNew: 34462K->10K(38720K), 0.0055591 secs] 1052840K->1018388K(1499932K), 0.0056209 secs] [Times: user=0.02 sys=0.00, real=0.00 secs] 
2020-10-28T11:48:47.959+0000: [GC (Allocation Failure) 2020-10-28T11:48:47.959+0000: [ParNew: 34442K->14K(38720K), 0.0055361 secs] 1052820K->1018392K(1499932K), 0.0056015 secs] [Times: user=0.01 sys=0.00, real=0.00 secs] 
2020-10-28T11:48:48.006+0000: [GC (Allocation Failure) 2020-10-28T11:48:48.006+0000: [ParNew: 34446K->9K(38720K), 0.0055974 secs] 1052824K->1018387K(1499932K), 0.0056663 secs] [Times: user=0.01 sys=0.00, real=0.00 secs] 
2020-10-28T11:48:48.047+0000: [GC (Allocation Failure) 2020-10-28T11:48:48.047+0000: [ParNew: 34441K->14K(38720K), 0.0054731 secs] 1052819K->1018392K(1499932K), 0.0055372 secs] [Times: user=0.01 sys=0.00, real=0.00 secs] 
2020-10-28T11:48:48.092+0000: [GC (Allocation Failure) 2020-10-28T11:48:48.092+0000: [ParNew: 34446K->14K(38720K), 0.0054038 secs] 1052824K->1018392K(1499932K), 0.0054657 secs] [Times: user=0.01 sys=0.00, real=0.00 secs] 
2020-10-28T11:48:48.134+0000: [GC (Allocation Failure) 2020-10-28T11:48:48.134+0000: [ParNew: 34446K->9K(38720K), 0.0056279 secs] 1052824K->1018393K(1499932K), 0.0056937 secs] [Times: user=0.02 sys=0.00, real=0.01 secs] 
2020-10-28T11:48:48.178+0000: [GC (Allocation Failure) 2020-10-28T11:48:48.178+0000: [ParNew: 34441K->4K(38720K), 0.0055958 secs] 1052825K->1018387K(1499932K), 0.0056624 secs] [Times: user=0.02 sys=0.00, real=0.00 secs] 
2020-10-28T11:48:48.229+0000: [GC (Allocation Failure) 2020-10-28T11:48:48.229+0000: [ParNew: 34436K->6K(38720K), 0.0056379 secs] 1052819K->1018390K(1499932K), 0.0057067 secs] [Times: user=0.01 sys=0.00, real=0.00 secs] 
2020-10-28T11:48:48.276+0000: [GC (Allocation Failure) 2020-10-28T11:48:48.276+0000: [ParNew: 34438K->4K(38720K), 0.0055519 secs] 1052822K->1018388K(1499932K), 0.0056221 secs] [Times: user=0.02 sys=0.00, real=0.01 secs] 
2020-10-28T11:48:48.318+0000: [GC (Allocation Failure) 2020-10-28T11:48:48.318+0000: [ParNew: 34356K->6K(38720K), 0.0055454 secs] 1052740K->1018390K(1499932K), 0.0056126 secs] [Times: user=0.01 sys=0.00, real=0.00 secs] 
2020-10-28T11:48:48.358+0000: [GC (Allocation Failure) 2020-10-28T11:48:48.358+0000: [ParNew: 34438K->4K(38720K), 0.0055081 secs] 1052822K->1018388K(1499932K), 0.0055737 secs] [Times: user=0.01 sys=0.00, real=0.00 secs] 
2020-10-28T11:48:48.402+0000: [GC (Allocation Failure) 2020-10-28T11:48:48.402+0000: [ParNew: 34436K->6K(38720K), 0.0054714 secs] 1052820K->1018390K(1499932K), 0.0055360 secs] [Times: user=0.01 sys=0.00, real=0.01 secs] 
2020-10-28T11:48:48.449+0000: [GC (Allocation Failure) 2020-10-28T11:48:48.449+0000: [ParNew: 34438K->4K(38720K), 0.0052976 secs] 1052822K->1018388K(1499932K), 0.0053625 secs] [Times: user=0.01 sys=0.00, real=0.00 secs] 
2020-10-28T11:48:48.490+0000: [GC (Allocation Failure) 2020-10-28T11:48:48.490+0000: [ParNew: 34436K->6K(38720K), 0.0055356 secs] 1052820K->1018390K(1499932K), 0.0056027 secs] [Times: user=0.01 sys=0.00, real=0.00 secs] 
2020-10-28T11:48:48.531+0000: [GC (Allocation Failure) 2020-10-28T11:48:48.531+0000: [ParNew: 34438K->4K(38720K), 0.0053546 secs] 1052822K->1018388K(1499932K), 0.0054159 secs] [Times: user=0.01 sys=0.00, real=0.00 secs] 
2020-10-28T11:48:48.576+0000: [GC (Allocation Failure) 2020-10-28T11:48:48.576+0000: [ParNew: 34436K->4K(38720K), 0.0053323 secs] 1052820K->1018388K(1499932K), 0.0053936 secs] [Times: user=0.01 sys=0.00, real=0.01 secs] 
2020-10-28T11:48:48.622+0000: [GC (Allocation Failure) 2020-10-28T11:48:48.622+0000: [ParNew: 34436K->4K(38720K), 0.0054653 secs] 1052820K->1018388K(1499932K), 0.0055416 secs] [Times: user=0.01 sys=0.00, real=0.01 secs] 
2020-10-28T11:48:48.665+0000: [GC (Allocation Failure) 2020-10-28T11:48:48.665+0000: [ParNew: 34436K->4K(38720K), 0.0053751 secs] 1052820K->1018388K(1499932K), 0.0054373 secs] [Times: user=0.01 sys=0.00, real=0.01 secs] 
2020-10-28T11:48:48.708+0000: [GC (Allocation Failure) 2020-10-28T11:48:48.708+0000: [ParNew: 34436K->4K(38720K), 0.0053402 secs] 1052820K->1018388K(1499932K), 0.0054026 secs] [Times: user=0.01 sys=0.00, real=0.00 secs] 
2020-10-28T11:48:48.753+0000: [GC (Allocation Failure) 2020-10-28T11:48:48.753+0000: [ParNew: 34436K->4K(38720K), 0.0052616 secs] 1052820K->1018388K(1499932K), 0.0053322 secs] [Times: user=0.01 sys=0.00, real=0.01 secs] 
2020-10-28T11:48:48.794+0000: [GC (Allocation Failure) 2020-10-28T11:48:48.794+0000: [ParNew: 34436K->4K(38720K), 0.0054365 secs] 1052820K->1018388K(1499932K), 0.0054990 secs] [Times: user=0.01 sys=0.00, real=0.01 secs] 
2020-10-28T11:48:48.838+0000: [GC (Allocation Failure) 2020-10-28T11:48:48.838+0000: [ParNew: 34436K->4K(38720K), 0.0055047 secs] 1052820K->1018388K(1499932K), 0.0055687 secs] [Times: user=0.01 sys=0.00, real=0.00 secs] 
2020-10-28T11:48:48.888+0000: [GC (Allocation Failure) 2020-10-28T11:48:48.888+0000: [ParNew: 34436K->4K(38720K), 0.0054250 secs] 1052820K->1018388K(1499932K), 0.0054879 secs] [Times: user=0.01 sys=0.00, real=0.00 secs] 
2020-10-28T11:48:48.929+0000: [GC (Allocation Failure) 2020-10-28T11:48:48.929+0000: [ParNew: 34436K->4K(38720K), 0.0052807 secs] 1052820K->1018388K(1499932K), 0.0053423 secs] [Times: user=0.01 sys=0.00, real=0.00 secs] 
2020-10-28T11:48:48.970+0000: [GC (Allocation Failure) 2020-10-28T11:48:48.970+0000: [ParNew: 34436K->4K(38720K), 0.0052612 secs] 1052820K->1018388K(1499932K), 0.0053217 secs] [Times: user=0.01 sys=0.00, real=0.00 secs] 
2020-10-28T11:48:49.010+0000: [GC (Allocation Failure) 2020-10-28T11:48:49.010+0000: [ParNew: 34436K->4K(38720K), 0.0053964 secs] 1052820K->1018388K(1499932K), 0.0054616 secs] [Times: user=0.01 sys=0.00, real=0.00 secs] 
2020-10-28T11:48:49.051+0000: [GC (Allocation Failure) 2020-10-28T11:48:49.051+0000: [ParNew: 34436K->4K(38720K), 0.0052278 secs] 1052820K->1018388K(1499932K), 0.0052892 secs] [Times: user=0.01 sys=0.00, real=0.00 secs] 
2020-10-28T11:48:49.098+0000: [GC (Allocation Failure) 2020-10-28T11:48:49.098+0000: [ParNew: 34436K->6K(38720K), 0.0054568 secs] 1052820K->1018390K(1499932K), 0.0055185 secs] [Times: user=0.01 sys=0.00, real=0.00 secs] 
2020-10-28T11:48:49.139+0000: [GC (Allocation Failure) 2020-10-28T11:48:49.139+0000: [ParNew: 34438K->4K(38720K), 0.0053193 secs] 1052822K->1018388K(1499932K), 0.0053803 secs] [Times: user=0.01 sys=0.00, real=0.00 secs] 
2020-10-28T11:48:49.180+0000: [GC (Allocation Failure) 2020-10-28T11:48:49.180+0000: [ParNew: 34436K->4K(38720K), 0.0052933 secs] 1052820K->1018388K(1499932K), 0.0053528 secs] [Times: user=0.01 sys=0.00, real=0.00 secs] 
2020-10-28T11:48:49.220+0000: [GC (Allocation Failure) 2020-10-28T11:48:49.220+0000: [ParNew: 34436K->4K(38720K), 0.0054870 secs] 1052820K->1018388K(1499932K), 0.0055668 secs] [Times: user=0.01 sys=0.00, real=0.01 secs] 
2020-10-28T11:48:49.266+0000: [GC (Allocation Failure) 2020-10-28T11:48:49.266+0000: [ParNew: 34436K->6K(38720K), 0.0054290 secs] 1052820K->1018390K(1499932K), 0.0054871 secs] [Times: user=0.01 sys=0.00, real=0.01 secs] 
2020-10-28T11:48:49.310+0000: [GC (Allocation Failure) 2020-10-28T11:48:49.310+0000: [ParNew: 34438K->6K(38720K), 0.0055127 secs] 1052822K->1018390K(1499932K), 0.0055726 secs] [Times: user=0.01 sys=0.00, real=0.00 secs] 
2020-10-28T11:48:49.351+0000: [GC (Allocation Failure) 2020-10-28T11:48:49.351+0000: [ParNew: 34438K->4K(38720K), 0.0053973 secs] 1052822K->1018388K(1499932K), 0.0054609 secs] [Times: user=0.01 sys=0.01, real=0.00 secs] 
2020-10-28T11:48:49.398+0000: [GC (Allocation Failure) 2020-10-28T11:48:49.398+0000: [ParNew: 34436K->4K(38720K), 0.0055361 secs] 1052820K->1018388K(1499932K), 0.0056023 secs] [Times: user=0.01 sys=0.00, real=0.00 secs] 
2020-10-28T11:48:49.444+0000: [GC (Allocation Failure) 2020-10-28T11:48:49.444+0000: [ParNew: 34436K->4K(38720K), 0.0054912 secs] 1052820K->1018388K(1499932K), 0.0055577 secs] [Times: user=0.01 sys=0.00, real=0.01 secs] 
2020-10-28T11:48:49.490+0000: [GC (Allocation Failure) 2020-10-28T11:48:49.490+0000: [ParNew: 34436K->6K(38720K), 0.0055272 secs] 1052820K->1018390K(1499932K), 0.0055908 secs] [Times: user=0.01 sys=0.00, real=0.00 secs] 
2020-10-28T11:48:49.534+0000: [GC (Allocation Failure) 2020-10-28T11:48:49.534+0000: [ParNew: 34438K->4K(38720K), 0.0055056 secs] 1052822K->1018388K(1499932K), 0.0055723 secs] [Times: user=0.01 sys=0.00, real=0.01 secs] 
2020-10-28T11:48:49.578+0000: [GC (Allocation Failure) 2020-10-28T11:48:49.578+0000: [ParNew: 34436K->4K(38720K), 0.0055133 secs] 1052820K->1018388K(1499932K), 0.0055775 secs] [Times: user=0.01 sys=0.00, real=0.00 secs] 
2020-10-28T11:48:49.625+0000: [GC (Allocation Failure) 2020-10-28T11:48:49.625+0000: [ParNew: 34436K->6K(38720K), 0.0055115 secs] 1052820K->1018390K(1499932K), 0.0055757 secs] [Times: user=0.01 sys=0.00, real=0.01 secs] 
2020-10-28T11:48:49.670+0000: [GC (Allocation Failure) 2020-10-28T11:48:49.670+0000: [ParNew: 34438K->6K(38720K), 0.0054464 secs] 1052822K->1018390K(1499932K), 0.0055192 secs] [Times: user=0.02 sys=0.00, real=0.00 secs] 
2020-10-28T11:48:49.717+0000: [GC (Allocation Failure) 2020-10-28T11:48:49.717+0000: [ParNew: 34438K->6K(38720K), 0.0054630 secs] 1052822K->1018390K(1499932K), 0.0055286 secs] [Times: user=0.01 sys=0.00, real=0.01 secs] 
2020-10-28T11:48:49.761+0000: [GC (Allocation Failure) 2020-10-28T11:48:49.761+0000: [ParNew: 34438K->4K(38720K), 0.0052712 secs] 1052822K->1018388K(1499932K), 0.0053328 secs] [Times: user=0.01 sys=0.00, real=0.01 secs] 
2020-10-28T11:48:49.805+0000: [GC (Allocation Failure) 2020-10-28T11:48:49.805+0000: [ParNew: 34436K->4K(38720K), 0.0054000 secs] 1052820K->1018388K(1499932K), 0.0054629 secs] [Times: user=0.01 sys=0.00, real=0.01 secs] 
2020-10-28T11:48:49.851+0000: [GC (Allocation Failure) 2020-10-28T11:48:49.851+0000: [ParNew: 34436K->4K(38720K), 0.0056102 secs] 1052820K->1018388K(1499932K), 0.0056762 secs] [Times: user=0.01 sys=0.00, real=0.00 secs] 
2020-10-28T11:48:49.892+0000: [GC (Allocation Failure) 2020-10-28T11:48:49.892+0000: [ParNew: 34436K->6K(38720K), 0.0053859 secs] 1052820K->1018390K(1499932K), 0.0054497 secs] [Times: user=0.01 sys=0.00, real=0.00 secs] 
2020-10-28T11:48:49.933+0000: [GC (Allocation Failure) 2020-10-28T11:48:49.933+0000: [ParNew: 34438K->6K(38720K), 0.0053370 secs] 1052822K->1018390K(1499932K), 0.0054123 secs] [Times: user=0.01 sys=0.00, real=0.01 secs] 
2020-10-28T11:48:49.973+0000: [GC (Allocation Failure) 2020-10-28T11:48:49.973+0000: [ParNew: 34438K->4K(38720K), 0.0053179 secs] 1052822K->1018388K(1499932K), 0.0053878 secs] [Times: user=0.01 sys=0.00, real=0.01 secs] 
2020-10-28T11:48:50.014+0000: [GC (Allocation Failure) 2020-10-28T11:48:50.014+0000: [ParNew: 34436K->4K(38720K), 0.0055644 secs] 1052820K->1018388K(1499932K), 0.0056332 secs] [Times: user=0.02 sys=0.00, real=0.01 secs] 
2020-10-28T11:48:50.062+0000: [GC (Allocation Failure) 2020-10-28T11:48:50.062+0000: [ParNew: 34436K->4K(38720K), 0.0055089 secs] 1052820K->1018388K(1499932K), 0.0055884 secs] [Times: user=0.01 sys=0.00, real=0.01 secs] 
2020-10-28T11:48:50.110+0000: [GC (Allocation Failure) 2020-10-28T11:48:50.110+0000: [ParNew: 34436K->6K(38720K), 0.0053193 secs] 1052820K->1018390K(1499932K), 0.0053783 secs] [Times: user=0.01 sys=0.00, real=0.00 secs] 
2020-10-28T11:48:50.154+0000: [GC (Allocation Failure) 2020-10-28T11:48:50.154+0000: [ParNew: 34438K->6K(38720K), 0.0055132 secs] 1052822K->1018390K(1499932K), 0.0055777 secs] [Times: user=0.01 sys=0.00, real=0.01 secs] 
2020-10-28T11:48:50.202+0000: [GC (Allocation Failure) 2020-10-28T11:48:50.202+0000: [ParNew: 34438K->4K(38720K), 0.0054558 secs] 1052822K->1018388K(1499932K), 0.0055459 secs] [Times: user=0.01 sys=0.01, real=0.01 secs] 
2020-10-28T11:48:50.254+0000: [GC (Allocation Failure) 2020-10-28T11:48:50.254+0000: [ParNew: 34436K->6K(38720K), 0.0054830 secs] 1052820K->1018390K(1499932K), 0.0055521 secs] [Times: user=0.01 sys=0.00, real=0.01 secs] 
2020-10-28T11:48:50.298+0000: [GC (Allocation Failure) 2020-10-28T11:48:50.298+0000: [ParNew: 34438K->4K(38720K), 0.0054994 secs] 1052822K->1018388K(1499932K), 0.0055660 secs] [Times: user=0.01 sys=0.00, real=0.00 secs] 
2020-10-28T11:48:50.339+0000: [GC (Allocation Failure) 2020-10-28T11:48:50.339+0000: [ParNew: 34436K->4K(38720K), 0.0054647 secs] 1052820K->1018388K(1499932K), 0.0055308 secs] [Times: user=0.01 sys=0.00, real=0.00 secs] 
2020-10-28T11:48:50.379+0000: [GC (Allocation Failure) 2020-10-28T11:48:50.379+0000: [ParNew: 34436K->4K(38720K), 0.0055040 secs] 1052820K->1018388K(1499932K), 0.0055700 secs] [Times: user=0.01 sys=0.00, real=0.00 secs] 
2020-10-28T11:48:50.420+0000: [GC (Allocation Failure) 2020-10-28T11:48:50.420+0000: [ParNew: 34436K->4K(38720K), 0.0054971 secs] 1052820K->1018388K(1499932K), 0.0055541 secs] [Times: user=0.01 sys=0.00, real=0.00 secs] 
2020-10-28T11:48:50.461+0000: [GC (Allocation Failure) 2020-10-28T11:48:50.461+0000: [ParNew: 34436K->6K(38720K), 0.0053774 secs] 1052820K->1018390K(1499932K), 0.0054409 secs] [Times: user=0.01 sys=0.00, real=0.01 secs] 
2020-10-28T11:48:50.501+0000: [GC (Allocation Failure) 2020-10-28T11:48:50.501+0000: [ParNew: 34438K->6K(38720K), 0.0054689 secs] 1052822K->1018391K(1499932K), 0.0055327 secs] [Times: user=0.01 sys=0.00, real=0.01 secs] 
2020-10-28T11:48:50.547+0000: [GC (Allocation Failure) 2020-10-28T11:48:50.547+0000: [ParNew: 34438K->6K(38720K), 0.0053867 secs] 1052823K->1018391K(1499932K), 0.0054504 secs] [Times: user=0.01 sys=0.00, real=0.00 secs] 
2020-10-28T11:48:50.587+0000: [GC (Allocation Failure) 2020-10-28T11:48:50.587+0000: [ParNew: 34438K->6K(38720K), 0.0052448 secs] 1052823K->1018391K(1499932K), 0.0053050 secs] [Times: user=0.02 sys=0.00, real=0.00 secs] 
2020-10-28T11:48:50.632+0000: [GC (Allocation Failure) 2020-10-28T11:48:50.632+0000: [ParNew: 34438K->4K(38720K), 0.0054579 secs] 1052823K->1018389K(1499932K), 0.0055207 secs] [Times: user=0.01 sys=0.00, real=0.01 secs] 
2020-10-28T11:48:50.678+0000: [GC (Allocation Failure) 2020-10-28T11:48:50.678+0000: [ParNew: 34436K->4K(38720K), 0.0053729 secs] 1052821K->1018389K(1499932K), 0.0054354 secs] [Times: user=0.01 sys=0.00, real=0.01 secs] 
2020-10-28T11:48:50.722+0000: [GC (Allocation Failure) 2020-10-28T11:48:50.722+0000: [ParNew: 34436K->4K(38720K), 0.0053490 secs] 1052821K->1018389K(1499932K), 0.0054104 secs] [Times: user=0.01 sys=0.00, real=0.01 secs] 
2020-10-28T11:48:50.763+0000: [GC (Allocation Failure) 2020-10-28T11:48:50.763+0000: [ParNew: 34436K->6K(38720K), 0.0054113 secs] 1052821K->1018391K(1499932K), 0.0054757 secs] [Times: user=0.01 sys=0.00, real=0.01 secs] 
2020-10-28T11:48:50.810+0000: [GC (Allocation Failure) 2020-10-28T11:48:50.810+0000: [ParNew: 34438K->6K(38720K), 0.0054422 secs] 1052823K->1018391K(1499932K), 0.0055085 secs] [Times: user=0.01 sys=0.00, real=0.00 secs] 
2020-10-28T11:48:50.858+0000: [GC (Allocation Failure) 2020-10-28T11:48:50.858+0000: [ParNew: 34438K->6K(38720K), 0.0054120 secs] 1052823K->1018391K(1499932K), 0.0054767 secs] [Times: user=0.01 sys=0.00, real=0.00 secs] 
2020-10-28T11:48:50.899+0000: [GC (Allocation Failure) 2020-10-28T11:48:50.899+0000: [ParNew: 34438K->8K(38720K), 0.0052682 secs] 1052823K->1018393K(1499932K), 0.0053316 secs] [Times: user=0.02 sys=0.00, real=0.00 secs] 
2020-10-28T11:48:50.942+0000: [GC (Allocation Failure) 2020-10-28T11:48:50.942+0000: [ParNew: 34440K->6K(38720K), 0.0052403 secs] 1052825K->1018391K(1499932K), 0.0052994 secs] [Times: user=0.01 sys=0.00, real=0.01 secs] 
2020-10-28T11:48:50.982+0000: [GC (Allocation Failure) 2020-10-28T11:48:50.982+0000: [ParNew: 34438K->6K(38720K), 0.0053111 secs] 1052823K->1018391K(1499932K), 0.0053729 secs] [Times: user=0.01 sys=0.00, real=0.01 secs] 
2020-10-28T11:48:51.026+0000: [GC (Allocation Failure) 2020-10-28T11:48:51.026+0000: [ParNew: 34438K->6K(38720K), 0.0055155 secs] 1052823K->1018391K(1499932K), 0.0055951 secs] [Times: user=0.01 sys=0.00, real=0.01 secs] 
2020-10-28T11:48:51.070+0000: [GC (Allocation Failure) 2020-10-28T11:48:51.070+0000: [ParNew: 34438K->4K(38720K), 0.0053890 secs] 1052823K->1018389K(1499932K), 0.0054514 secs] [Times: user=0.01 sys=0.00, real=0.00 secs] 
2020-10-28T11:48:51.118+0000: [GC (Allocation Failure) 2020-10-28T11:48:51.118+0000: [ParNew: 34436K->4K(38720K), 0.0053618 secs] 1052821K->1018389K(1499932K), 0.0054217 secs] [Times: user=0.01 sys=0.00, real=0.00 secs] 
2020-10-28T11:48:51.162+0000: [GC (Allocation Failure) 2020-10-28T11:48:51.162+0000: [ParNew: 34436K->4K(38720K), 0.0053490 secs] 1052821K->1018389K(1499932K), 0.0054096 secs] [Times: user=0.01 sys=0.00, real=0.01 secs] 
2020-10-28T11:48:51.210+0000: [GC (Allocation Failure) 2020-10-28T11:48:51.210+0000: [ParNew: 34436K->6K(38720K), 0.0052895 secs] 1052821K->1018391K(1499932K), 0.0053507 secs] [Times: user=0.01 sys=0.00, real=0.00 secs] 
2020-10-28T11:48:51.254+0000: [GC (Allocation Failure) 2020-10-28T11:48:51.254+0000: [ParNew: 34438K->6K(38720K), 0.0052736 secs] 1052823K->1018391K(1499932K), 0.0053279 secs] [Times: user=0.01 sys=0.00, real=0.01 secs] 
2020-10-28T11:48:51.299+0000: [GC (Allocation Failure) 2020-10-28T11:48:51.299+0000: [ParNew: 34438K->4K(38720K), 0.0054594 secs] 1052823K->1018389K(1499932K), 0.0055248 secs] [Times: user=0.01 sys=0.00, real=0.00 secs] 
2020-10-28T11:48:51.342+0000: [GC (Allocation Failure) 2020-10-28T11:48:51.342+0000: [ParNew: 34436K->6K(38720K), 0.0053640 secs] 1052821K->1018391K(1499932K), 0.0054281 secs] [Times: user=0.01 sys=0.00, real=0.01 secs] 
2020-10-28T11:48:51.390+0000: [GC (Allocation Failure) 2020-10-28T11:48:51.390+0000: [ParNew: 34438K->6K(38720K), 0.0053099 secs] 1052823K->1018391K(1499932K), 0.0053725 secs] [Times: user=0.01 sys=0.00, real=0.00 secs] 
2020-10-28T11:48:51.434+0000: [GC (Allocation Failure) 2020-10-28T11:48:51.434+0000: [ParNew: 34438K->6K(38720K), 0.0053031 secs] 1052823K->1018391K(1499932K), 0.0053626 secs] [Times: user=0.01 sys=0.00, real=0.01 secs] 
2020-10-28T11:48:51.477+0000: [GC (Allocation Failure) 2020-10-28T11:48:51.477+0000: [ParNew: 34438K->4K(38720K), 0.0053068 secs] 1052823K->1018389K(1499932K), 0.0053704 secs] [Times: user=0.01 sys=0.00, real=0.01 secs] 
2020-10-28T11:48:51.522+0000: [GC (Allocation Failure) 2020-10-28T11:48:51.522+0000: [ParNew: 34436K->6K(38720K), 0.0053456 secs] 1052821K->1018391K(1499932K), 0.0054079 secs] [Times: user=0.01 sys=0.00, real=0.01 secs] 
2020-10-28T11:48:51.567+0000: [GC (Allocation Failure) 2020-10-28T11:48:51.567+0000: [ParNew: 34438K->6K(38720K), 0.0052811 secs] 1052823K->1018391K(1499932K), 0.0053438 secs] [Times: user=0.01 sys=0.00, real=0.00 secs] 
2020-10-28T11:48:51.614+0000: [GC (Allocation Failure) 2020-10-28T11:48:51.614+0000: [ParNew: 34438K->4K(38720K), 0.0053099 secs] 1052823K->1018389K(1499932K), 0.0053724 secs] [Times: user=0.01 sys=0.00, real=0.01 secs] 
2020-10-28T11:48:51.658+0000: [GC (Allocation Failure) 2020-10-28T11:48:51.658+0000: [ParNew: 34436K->6K(38720K), 0.0052206 secs] 1052821K->1018391K(1499932K), 0.0052800 secs] [Times: user=0.01 sys=0.00, real=0.00 secs] 
2020-10-28T11:48:51.702+0000: [GC (Allocation Failure) 2020-10-28T11:48:51.702+0000: [ParNew: 34438K->4K(38720K), 0.0053409 secs] 1052823K->1018389K(1499932K), 0.0054042 secs] [Times: user=0.01 sys=0.00, real=0.01 secs] 
2020-10-28T11:48:51.743+0000: [GC (Allocation Failure) 2020-10-28T11:48:51.743+0000: [ParNew: 34436K->6K(38720K), 0.0054214 secs] 1052821K->1018391K(1499932K), 0.0054840 secs] [Times: user=0.01 sys=0.00, real=0.01 secs] 
2020-10-28T11:48:51.783+0000: [GC (Allocation Failure) 2020-10-28T11:48:51.783+0000: [ParNew: 34438K->4K(38720K), 0.0053812 secs] 1052823K->1018389K(1499932K), 0.0054434 secs] [Times: user=0.01 sys=0.00, real=0.01 secs] 
2020-10-28T11:48:51.827+0000: [GC (Allocation Failure) 2020-10-28T11:48:51.827+0000: [ParNew: 34436K->4K(38720K), 0.0054869 secs] 1052821K->1018389K(1499932K), 0.0055518 secs] [Times: user=0.01 sys=0.00, real=0.00 secs] 
2020-10-28T11:48:51.874+0000: [GC (Allocation Failure) 2020-10-28T11:48:51.874+0000: [ParNew: 34436K->4K(38720K), 0.0055070 secs] 1052821K->1018389K(1499932K), 0.0056028 secs] [Times: user=0.02 sys=0.00, real=0.01 secs] 
2020-10-28T11:48:51.917+0000: [GC (Allocation Failure) 2020-10-28T11:48:51.917+0000: [ParNew: 34436K->4K(38720K), 0.0053494 secs] 1052821K->1018389K(1499932K), 0.0054119 secs] [Times: user=0.02 sys=0.00, real=0.01 secs] 
2020-10-28T11:48:51.962+0000: [GC (Allocation Failure) 2020-10-28T11:48:51.962+0000: [ParNew: 34436K->6K(38720K), 0.0051851 secs] 1052821K->1018391K(1499932K), 0.0052431 secs] [Times: user=0.01 sys=0.00, real=0.01 secs] 
2020-10-28T11:48:52.006+0000: [GC (Allocation Failure) 2020-10-28T11:48:52.006+0000: [ParNew: 34438K->4K(38720K), 0.0054513 secs] 1052823K->1018389K(1499932K), 0.0055174 secs] [Times: user=0.01 sys=0.00, real=0.00 secs] 
2020-10-28T11:48:52.047+0000: [GC (Allocation Failure) 2020-10-28T11:48:52.047+0000: [ParNew: 34436K->6K(38720K), 0.0053542 secs] 1052821K->1018391K(1499932K), 0.0054167 secs] [Times: user=0.01 sys=0.00, real=0.00 secs] 
2020-10-28T11:48:52.090+0000: [GC (Allocation Failure) 2020-10-28T11:48:52.090+0000: [ParNew: 34438K->4K(38720K), 0.0052628 secs] 1052823K->1018389K(1499932K), 0.0053236 secs] [Times: user=0.01 sys=0.00, real=0.00 secs] 
2020-10-28T11:48:52.137+0000: [GC (Allocation Failure) 2020-10-28T11:48:52.137+0000: [ParNew: 34436K->4K(38720K), 0.0053226 secs] 1052821K->1018389K(1499932K), 0.0053829 secs] [Times: user=0.01 sys=0.00, real=0.01 secs] 
2020-10-28T11:48:52.177+0000: [GC (Allocation Failure) 2020-10-28T11:48:52.177+0000: [ParNew: 34436K->4K(38720K), 0.0052947 secs] 1052821K->1018389K(1499932K), 0.0053545 secs] [Times: user=0.01 sys=0.00, real=0.01 secs] 
2020-10-28T11:48:52.217+0000: [GC (Allocation Failure) 2020-10-28T11:48:52.217+0000: [ParNew: 34436K->6K(38720K), 0.0053476 secs] 1052821K->1018391K(1499932K), 0.0054098 secs] [Times: user=0.01 sys=0.00, real=0.01 secs] 
2020-10-28T11:48:52.262+0000: [GC (Allocation Failure) 2020-10-28T11:48:52.262+0000: [ParNew: 34438K->4K(38720K), 0.0053428 secs] 1052823K->1018389K(1499932K), 0.0054076 secs] [Times: user=0.02 sys=0.00, real=0.01 secs] 
2020-10-28T11:48:52.302+0000: [GC (Allocation Failure) 2020-10-28T11:48:52.302+0000: [ParNew: 34436K->4K(38720K), 0.0054012 secs] 1052821K->1018389K(1499932K), 0.0054658 secs] [Times: user=0.01 sys=0.00, real=0.01 secs] 
2020-10-28T11:48:52.344+0000: [GC (Allocation Failure) 2020-10-28T11:48:52.344+0000: [ParNew: 34436K->4K(38720K), 0.0053382 secs] 1052821K->1018389K(1499932K), 0.0054009 secs] [Times: user=0.01 sys=0.00, real=0.01 secs] 
2020-10-28T11:48:52.387+0000: [GC (Allocation Failure) 2020-10-28T11:48:52.387+0000: [ParNew: 34436K->4K(38720K), 0.0055297 secs] 1052821K->1018389K(1499932K), 0.0055960 secs] [Times: user=0.02 sys=0.00, real=0.00 secs] 
2020-10-28T11:48:52.431+0000: [GC (Allocation Failure) 2020-10-28T11:48:52.431+0000: [ParNew: 34436K->4K(38720K), 0.0053933 secs] 1052821K->1018389K(1499932K), 0.0054573 secs] [Times: user=0.01 sys=0.00, real=0.00 secs] 
2020-10-28T11:48:52.474+0000: [GC (Allocation Failure) 2020-10-28T11:48:52.474+0000: [ParNew: 34436K->4K(38720K), 0.0052981 secs] 1052821K->1018389K(1499932K), 0.0053574 secs] [Times: user=0.01 sys=0.00, real=0.01 secs] 
2020-10-28T11:48:52.518+0000: [GC (Allocation Failure) 2020-10-28T11:48:52.518+0000: [ParNew: 34436K->6K(38720K), 0.0054059 secs] 1052821K->1018391K(1499932K), 0.0054708 secs] [Times: user=0.01 sys=0.00, real=0.00 secs] 
2020-10-28T11:48:52.558+0000: [GC (Allocation Failure) 2020-10-28T11:48:52.558+0000: [ParNew: 34438K->4K(38720K), 0.0053233 secs] 1052823K->1018389K(1499932K), 0.0053859 secs] [Times: user=0.01 sys=0.00, real=0.00 secs] 
2020-10-28T11:48:52.602+0000: [GC (Allocation Failure) 2020-10-28T11:48:52.603+0000: [ParNew: 34436K->4K(38720K), 0.0053161 secs] 1052821K->1018389K(1499932K), 0.0053769 secs] [Times: user=0.01 sys=0.00, real=0.01 secs] 
2020-10-28T11:48:52.646+0000: [GC (Allocation Failure) 2020-10-28T11:48:52.646+0000: [ParNew: 34436K->4K(38720K), 0.0053767 secs] 1052821K->1018389K(1499932K), 0.0054496 secs] [Times: user=0.01 sys=0.00, real=0.00 secs] 
2020-10-28T11:48:52.686+0000: [GC (Allocation Failure) 2020-10-28T11:48:52.686+0000: [ParNew: 34436K->4K(38720K), 0.0054880 secs] 1052821K->1018389K(1499932K), 0.0055526 secs] [Times: user=0.01 sys=0.00, real=0.00 secs] 
2020-10-28T11:48:52.731+0000: [GC (Allocation Failure) 2020-10-28T11:48:52.731+0000: [ParNew: 34436K->4K(38720K), 0.0053777 secs] 1052821K->1018389K(1499932K), 0.0054408 secs] [Times: user=0.01 sys=0.00, real=0.00 secs] 
2020-10-28T11:48:52.778+0000: [GC (Allocation Failure) 2020-10-28T11:48:52.778+0000: [ParNew: 34436K->4K(38720K), 0.0053130 secs] 1052821K->1018389K(1499932K), 0.0053737 secs] [Times: user=0.01 sys=0.00, real=0.00 secs] 
2020-10-28T11:48:52.819+0000: [GC (Allocation Failure) 2020-10-28T11:48:52.819+0000: [ParNew: 34436K->4K(38720K), 0.0054112 secs] 1052821K->1018389K(1499932K), 0.0054852 secs] [Times: user=0.01 sys=0.00, real=0.00 secs] 
2020-10-28T11:48:52.859+0000: [GC (Allocation Failure) 2020-10-28T11:48:52.859+0000: [ParNew: 34436K->6K(38720K), 0.0054308 secs] 1052821K->1018391K(1499932K), 0.0054908 secs] [Times: user=0.01 sys=0.00, real=0.00 secs] 
2020-10-28T11:48:52.900+0000: [GC (Allocation Failure) 2020-10-28T11:48:52.900+0000: [ParNew: 34438K->4K(38720K), 0.0053736 secs] 1052823K->1018389K(1499932K), 0.0054346 secs] [Times: user=0.01 sys=0.00, real=0.00 secs] 
2020-10-28T11:48:52.944+0000: [GC (Allocation Failure) 2020-10-28T11:48:52.944+0000: [ParNew: 34436K->6K(38720K), 0.0053204 secs] 1052821K->1018391K(1499932K), 0.0053800 secs] [Times: user=0.01 sys=0.00, real=0.01 secs] 
2020-10-28T11:48:52.984+0000: [GC (Allocation Failure) 2020-10-28T11:48:52.984+0000: [ParNew: 34438K->4K(38720K), 0.0053486 secs] 1052823K->1018389K(1499932K), 0.0054122 secs] [Times: user=0.00 sys=0.01, real=0.01 secs] 
2020-10-28T11:48:53.029+0000: [GC (Allocation Failure) 2020-10-28T11:48:53.029+0000: [ParNew: 34436K->4K(38720K), 0.0055005 secs] 1052821K->1018389K(1499932K), 0.0055662 secs] [Times: user=0.01 sys=0.00, real=0.00 secs] 
2020-10-28T11:48:53.070+0000: [GC (Allocation Failure) 2020-10-28T11:48:53.070+0000: [ParNew: 34436K->6K(38720K), 0.0053856 secs] 1052821K->1018391K(1499932K), 0.0054472 secs] [Times: user=0.01 sys=0.00, real=0.00 secs] 
2020-10-28T11:48:53.111+0000: [GC (Allocation Failure) 2020-10-28T11:48:53.111+0000: [ParNew: 34438K->4K(38720K), 0.0053299 secs] 1052823K->1018389K(1499932K), 0.0053900 secs] [Times: user=0.01 sys=0.00, real=0.00 secs] 
2020-10-28T11:48:53.154+0000: [GC (Allocation Failure) 2020-10-28T11:48:53.154+0000: [ParNew: 34436K->4K(38720K), 0.0054639 secs] 1052821K->1018389K(1499932K), 0.0055412 secs] [Times: user=0.01 sys=0.00, real=0.01 secs] 
2020-10-28T11:48:53.198+0000: [GC (Allocation Failure) 2020-10-28T11:48:53.198+0000: [ParNew: 34436K->4K(38720K), 0.0055601 secs] 1052821K->1018389K(1499932K), 0.0056261 secs] [Times: user=0.01 sys=0.00, real=0.00 secs] 
2020-10-28T11:48:53.246+0000: [GC (Allocation Failure) 2020-10-28T11:48:53.246+0000: [ParNew: 34436K->6K(38720K), 0.0054462 secs] 1052821K->1018391K(1499932K), 0.0055038 secs] [Times: user=0.01 sys=0.00, real=0.00 secs] 
2020-10-28T11:48:53.290+0000: [GC (Allocation Failure) 2020-10-28T11:48:53.290+0000: [ParNew: 34438K->4K(38720K), 0.0055237 secs] 1052823K->1018389K(1499932K), 0.0055899 secs] [Times: user=0.01 sys=0.00, real=0.00 secs] 
2020-10-28T11:48:53.334+0000: [GC (Allocation Failure) 2020-10-28T11:48:53.334+0000: [ParNew: 34436K->4K(38720K), 0.0055452 secs] 1052821K->1018389K(1499932K), 0.0056128 secs] [Times: user=0.01 sys=0.00, real=0.01 secs] 
2020-10-28T11:48:53.378+0000: [GC (Allocation Failure) 2020-10-28T11:48:53.378+0000: [ParNew: 34436K->4K(38720K), 0.0054349 secs] 1052821K->1018389K(1499932K), 0.0055001 secs] [Times: user=0.01 sys=0.00, real=0.00 secs] 
2020-10-28T11:48:53.426+0000: [GC (Allocation Failure) 2020-10-28T11:48:53.426+0000: [ParNew: 34436K->4K(38720K), 0.0055232 secs] 1052821K->1018389K(1499932K), 0.0055915 secs] [Times: user=0.01 sys=0.00, real=0.00 secs] 
2020-10-28T11:48:53.474+0000: [GC (Allocation Failure) 2020-10-28T11:48:53.474+0000: [ParNew: 34436K->4K(38720K), 0.0055056 secs] 1052821K->1018389K(1499932K), 0.0055733 secs] [Times: user=0.01 sys=0.00, real=0.01 secs] 
2020-10-28T11:48:53.517+0000: [GC (Allocation Failure) 2020-10-28T11:48:53.518+0000: [ParNew: 34436K->4K(38720K), 0.0056804 secs] 1052821K->1018389K(1499932K), 0.0057480 secs] [Times: user=0.01 sys=0.00, real=0.01 secs] 
2020-10-28T11:48:53.562+0000: [GC (Allocation Failure) 2020-10-28T11:48:53.562+0000: [ParNew: 34436K->6K(38720K), 0.0055020 secs] 1052821K->1018391K(1499932K), 0.0055695 secs] [Times: user=0.01 sys=0.00, real=0.01 secs] 
2020-10-28T11:48:53.603+0000: [GC (Allocation Failure) 2020-10-28T11:48:53.603+0000: [ParNew: 34438K->4K(38720K), 0.0054626 secs] 1052823K->1018389K(1499932K), 0.0055440 secs] [Times: user=0.01 sys=0.00, real=0.01 secs] 
2020-10-28T11:48:53.649+0000: [GC (Allocation Failure) 2020-10-28T11:48:53.649+0000: [ParNew: 34436K->4K(38720K), 0.0054164 secs] 1052821K->1018389K(1499932K), 0.0054799 secs] [Times: user=0.02 sys=0.00, real=0.00 secs] 
2020-10-28T11:48:53.689+0000: [GC (Allocation Failure) 2020-10-28T11:48:53.690+0000: [ParNew: 34436K->4K(38720K), 0.0054461 secs] 1052821K->1018389K(1499932K), 0.0055084 secs] [Times: user=0.01 sys=0.00, real=0.00 secs] 
2020-10-28T11:48:53.734+0000: [GC (Allocation Failure) 2020-10-28T11:48:53.734+0000: [ParNew: 34436K->4K(38720K), 0.0053894 secs] 1052821K->1018389K(1499932K), 0.0054520 secs] [Times: user=0.01 sys=0.00, real=0.01 secs] 
2020-10-28T11:48:53.778+0000: [GC (Allocation Failure) 2020-10-28T11:48:53.778+0000: [ParNew: 34436K->4K(38720K), 0.0054135 secs] 1052821K->1018389K(1499932K), 0.0054774 secs] [Times: user=0.01 sys=0.00, real=0.00 secs] 
2020-10-28T11:48:53.822+0000: [GC (Allocation Failure) 2020-10-28T11:48:53.822+0000: [ParNew: 34436K->6K(38720K), 0.0054320 secs] 1052821K->1018391K(1499932K), 0.0054967 secs] [Times: user=0.02 sys=0.00, real=0.01 secs] 
2020-10-28T11:48:53.866+0000: [GC (Allocation Failure) 2020-10-28T11:48:53.866+0000: [ParNew: 34438K->6K(38720K), 0.0053377 secs] 1052823K->1018391K(1499932K), 0.0054013 secs] [Times: user=0.01 sys=0.00, real=0.00 secs] 
2020-10-28T11:48:53.909+0000: [GC (Allocation Failure) 2020-10-28T11:48:53.909+0000: [ParNew: 34438K->4K(38720K), 0.0054058 secs] 1052823K->1018389K(1499932K), 0.0054683 secs] [Times: user=0.01 sys=0.00, real=0.00 secs] 
2020-10-28T11:48:53.950+0000: [GC (Allocation Failure) 2020-10-28T11:48:53.950+0000: [ParNew: 34436K->4K(38720K), 0.0052544 secs] 1052821K->1018389K(1499932K), 0.0053247 secs] [Times: user=0.01 sys=0.00, real=0.00 secs] 
2020-10-28T11:48:53.994+0000: [GC (Allocation Failure) 2020-10-28T11:48:53.994+0000: [ParNew: 34436K->4K(38720K), 0.0053807 secs] 1052821K->1018389K(1499932K), 0.0054421 secs] [Times: user=0.01 sys=0.00, real=0.01 secs] 
2020-10-28T11:48:54.042+0000: [GC (Allocation Failure) 2020-10-28T11:48:54.042+0000: [ParNew: 34436K->4K(38720K), 0.0055581 secs] 1052821K->1018389K(1499932K), 0.0056255 secs] [Times: user=0.01 sys=0.00, real=0.01 secs] 
2020-10-28T11:48:54.082+0000: [GC (Allocation Failure) 2020-10-28T11:48:54.083+0000: [ParNew: 34436K->4K(38720K), 0.0053354 secs] 1052821K->1018389K(1499932K), 0.0053970 secs] [Times: user=0.01 sys=0.00, real=0.01 secs] 
2020-10-28T11:48:54.126+0000: [GC (Allocation Failure) 2020-10-28T11:48:54.126+0000: [ParNew: 34436K->4K(38720K), 0.0053295 secs] 1052821K->1018389K(1499932K), 0.0053909 secs] [Times: user=0.01 sys=0.00, real=0.00 secs] 
2020-10-28T11:48:54.170+0000: [GC (Allocation Failure) 2020-10-28T11:48:54.170+0000: [ParNew: 34436K->6K(38720K), 0.0053610 secs] 1052821K->1018391K(1499932K), 0.0054231 secs] [Times: user=0.01 sys=0.00, real=0.00 secs] 
2020-10-28T11:48:54.214+0000: [GC (Allocation Failure) 2020-10-28T11:48:54.214+0000: [ParNew: 34438K->4K(38720K), 0.0053436 secs] 1052823K->1018389K(1499932K), 0.0054041 secs] [Times: user=0.01 sys=0.00, real=0.01 secs] 
2020-10-28T11:48:54.258+0000: [GC (Allocation Failure) 2020-10-28T11:48:54.258+0000: [ParNew: 34436K->4K(38720K), 0.0053965 secs] 1052821K->1018389K(1499932K), 0.0054581 secs] [Times: user=0.01 sys=0.00, real=0.00 secs] 
2020-10-28T11:48:54.302+0000: [GC (Allocation Failure) 2020-10-28T11:48:54.302+0000: [ParNew: 34436K->4K(38720K), 0.0054161 secs] 1052821K->1018390K(1499932K), 0.0054810 secs] [Times: user=0.01 sys=0.00, real=0.01 secs] 
2020-10-28T11:48:54.346+0000: [GC (Allocation Failure) 2020-10-28T11:48:54.346+0000: [ParNew: 34436K->4K(38720K), 0.0054089 secs] 1052822K->1018390K(1499932K), 0.0054714 secs] [Times: user=0.01 sys=0.00, real=0.00 secs] 
2020-10-28T11:48:54.386+0000: [GC (Allocation Failure) 2020-10-28T11:48:54.386+0000: [ParNew: 34436K->4K(38720K), 0.0053331 secs] 1052822K->1018390K(1499932K), 0.0053962 secs] [Times: user=0.01 sys=0.00, real=0.00 secs] 
2020-10-28T11:48:54.427+0000: [GC (Allocation Failure) 2020-10-28T11:48:54.427+0000: [ParNew: 34436K->4K(38720K), 0.0053685 secs] 1052822K->1018390K(1499932K), 0.0054324 secs] [Times: user=0.01 sys=0.00, real=0.00 secs] 
2020-10-28T11:48:54.471+0000: [GC (Allocation Failure) 2020-10-28T11:48:54.471+0000: [ParNew: 34436K->6K(38720K), 0.0054833 secs] 1052822K->1018392K(1499932K), 0.0055489 secs] [Times: user=0.01 sys=0.00, real=0.00 secs] 
2020-10-28T11:48:54.514+0000: [GC (Allocation Failure) 2020-10-28T11:48:54.514+0000: [ParNew: 34438K->4K(38720K), 0.0054740 secs] 1052824K->1018390K(1499932K), 0.0055393 secs] [Times: user=0.01 sys=0.00, real=0.01 secs] 
2020-10-28T11:48:54.555+0000: [GC (Allocation Failure) 2020-10-28T11:48:54.555+0000: [ParNew: 34436K->4K(38720K), 0.0054623 secs] 1052822K->1018390K(1499932K), 0.0055261 secs] [Times: user=0.01 sys=0.00, real=0.01 secs] 
2020-10-28T11:48:54.600+0000: [GC (Allocation Failure) 2020-10-28T11:48:54.600+0000: [ParNew: 34436K->4K(38720K), 0.0055085 secs] 1052822K->1018390K(1499932K), 0.0055738 secs] [Times: user=0.01 sys=0.00, real=0.00 secs] 
2020-10-28T11:48:54.644+0000: [GC (Allocation Failure) 2020-10-28T11:48:54.644+0000: [ParNew: 34436K->4K(38720K), 0.0055050 secs] 1052822K->1018390K(1499932K), 0.0055712 secs] [Times: user=0.01 sys=0.00, real=0.01 secs] 
2020-10-28T11:48:54.686+0000: [GC (Allocation Failure) 2020-10-28T11:48:54.686+0000: [ParNew: 34436K->6K(38720K), 0.0055455 secs] 1052822K->1018392K(1499932K), 0.0056134 secs] [Times: user=0.02 sys=0.00, real=0.00 secs] 
2020-10-28T11:48:54.727+0000: [GC (Allocation Failure) 2020-10-28T11:48:54.727+0000: [ParNew: 34438K->6K(38720K), 0.0055518 secs] 1052824K->1018392K(1499932K), 0.0056195 secs] [Times: user=0.01 sys=0.00, real=0.00 secs] 
2020-10-28T11:48:54.770+0000: [GC (Allocation Failure) 2020-10-28T11:48:54.770+0000: [ParNew: 34438K->4K(38720K), 0.0054314 secs] 1052824K->1018390K(1499932K), 0.0055053 secs] [Times: user=0.01 sys=0.00, real=0.00 secs] 
2020-10-28T11:48:54.815+0000: [GC (Allocation Failure) 2020-10-28T11:48:54.815+0000: [ParNew: 34436K->6K(38720K), 0.0055415 secs] 1052822K->1018392K(1499932K), 0.0056068 secs] [Times: user=0.02 sys=0.00, real=0.01 secs] 
2020-10-28T11:48:54.863+0000: [GC (Allocation Failure) 2020-10-28T11:48:54.864+0000: [ParNew: 34438K->4K(38720K), 0.0058193 secs] 1052824K->1018390K(1499932K), 0.0058864 secs] [Times: user=0.01 sys=0.00, real=0.01 secs] 
2020-10-28T11:48:54.910+0000: [GC (Allocation Failure) 2020-10-28T11:48:54.910+0000: [ParNew: 34436K->4K(38720K), 0.0054610 secs] 1052822K->1018390K(1499932K), 0.0055271 secs] [Times: user=0.01 sys=0.00, real=0.00 secs] 
2020-10-28T11:48:54.954+0000: [GC (Allocation Failure) 2020-10-28T11:48:54.954+0000: [ParNew: 34436K->4K(38720K), 0.0053308 secs] 1052822K->1018390K(1499932K), 0.0053916 secs] [Times: user=0.01 sys=0.00, real=0.01 secs] 
2020-10-28T11:48:55.002+0000: [GC (Allocation Failure) 2020-10-28T11:48:55.002+0000: [ParNew: 34436K->4K(38720K), 0.0055230 secs] 1052822K->1018390K(1499932K), 0.0055914 secs] [Times: user=0.01 sys=0.00, real=0.01 secs] 
2020-10-28T11:48:55.046+0000: [GC (Allocation Failure) 2020-10-28T11:48:55.046+0000: [ParNew: 34436K->4K(38720K), 0.0056083 secs] 1052822K->1018390K(1499932K), 0.0056747 secs] [Times: user=0.01 sys=0.00, real=0.00 secs] 
2020-10-28T11:48:55.090+0000: [GC (Allocation Failure) 2020-10-28T11:48:55.090+0000: [ParNew: 34436K->4K(38720K), 0.0053045 secs] 1052822K->1018390K(1499932K), 0.0053668 secs] [Times: user=0.01 sys=0.00, real=0.00 secs] 
2020-10-28T11:48:55.131+0000: [GC (Allocation Failure) 2020-10-28T11:48:55.131+0000: [ParNew: 34436K->6K(38720K), 0.0053906 secs] 1052822K->1018392K(1499932K), 0.0054519 secs] [Times: user=0.01 sys=0.00, real=0.00 secs] 
2020-10-28T11:48:55.171+0000: [GC (Allocation Failure) 2020-10-28T11:48:55.171+0000: [ParNew: 34438K->4K(38720K), 0.0054704 secs] 1052824K->1018390K(1499932K), 0.0055341 secs] [Times: user=0.01 sys=0.00, real=0.00 secs] 
2020-10-28T11:48:55.215+0000: [GC (Allocation Failure) 2020-10-28T11:48:55.215+0000: [ParNew: 34436K->6K(38720K), 0.0053465 secs] 1052822K->1018392K(1499932K), 0.0054081 secs] [Times: user=0.01 sys=0.00, real=0.01 secs] 
2020-10-28T11:48:55.258+0000: [GC (Allocation Failure) 2020-10-28T11:48:55.258+0000: [ParNew: 34438K->4K(38720K), 0.0053437 secs] 1052824K->1018390K(1499932K), 0.0053998 secs] [Times: user=0.01 sys=0.00, real=0.00 secs] 
2020-10-28T11:48:55.302+0000: [GC (Allocation Failure) 2020-10-28T11:48:55.302+0000: [ParNew: 34436K->4K(38720K), 0.0054333 secs] 1052822K->1018390K(1499932K), 0.0054958 secs] [Times: user=0.01 sys=0.00, real=0.01 secs] 
2020-10-28T11:48:55.342+0000: [GC (Allocation Failure) 2020-10-28T11:48:55.342+0000: [ParNew: 34436K->4K(38720K), 0.0054559 secs] 1052822K->1018390K(1499932K), 0.0055216 secs] [Times: user=0.01 sys=0.00, real=0.01 secs] 
2020-10-28T11:48:55.386+0000: [GC (Allocation Failure) 2020-10-28T11:48:55.386+0000: [ParNew: 34436K->4K(38720K), 0.0055197 secs] 1052822K->1018390K(1499932K), 0.0055886 secs] [Times: user=0.01 sys=0.00, real=0.00 secs] 
2020-10-28T11:48:55.426+0000: [GC (Allocation Failure) 2020-10-28T11:48:55.426+0000: [ParNew: 34436K->4K(38720K), 0.0054396 secs] 1052822K->1018390K(1499932K), 0.0055055 secs] [Times: user=0.01 sys=0.00, real=0.00 secs] 
2020-10-28T11:48:55.467+0000: [GC (Allocation Failure) 2020-10-28T11:48:55.467+0000: [ParNew: 34436K->6K(38720K), 0.0053252 secs] 1052822K->1018392K(1499932K), 0.0053849 secs] [Times: user=0.01 sys=0.00, real=0.00 secs] 
2020-10-28T11:48:55.507+0000: [GC (Allocation Failure) 2020-10-28T11:48:55.507+0000: [ParNew: 34438K->6K(38720K), 0.0053975 secs] 1052824K->1018392K(1499932K), 0.0054590 secs] [Times: user=0.01 sys=0.00, real=0.00 secs] 
2020-10-28T11:48:55.548+0000: [GC (Allocation Failure) 2020-10-28T11:48:55.548+0000: [ParNew: 34438K->8K(38720K), 0.0053507 secs] 1052824K->1018394K(1499932K), 0.0054186 secs] [Times: user=0.01 sys=0.00, real=0.00 secs] 
2020-10-28T11:48:55.588+0000: [GC (Allocation Failure) 2020-10-28T11:48:55.588+0000: [ParNew: 34440K->4K(38720K), 0.0051645 secs] 1052826K->1018390K(1499932K), 0.0052219 secs] [Times: user=0.01 sys=0.00, real=0.00 secs] 
2020-10-28T11:48:55.628+0000: [GC (Allocation Failure) 2020-10-28T11:48:55.628+0000: [ParNew: 34436K->6K(38720K), 0.0052218 secs] 1052822K->1018392K(1499932K), 0.0052824 secs] [Times: user=0.01 sys=0.00, real=0.00 secs] 
2020-10-28T11:48:55.674+0000: [GC (Allocation Failure) 2020-10-28T11:48:55.674+0000: [ParNew: 34438K->4K(38720K), 0.0055596 secs] 1052824K->1018390K(1499932K), 0.0056264 secs] [Times: user=0.01 sys=0.00, real=0.01 secs] 
2020-10-28T11:48:55.720+0000: [GC (Allocation Failure) 2020-10-28T11:48:55.720+0000: [ParNew: 34436K->4K(38720K), 0.0055503 secs] 1052822K->1018390K(1499932K), 0.0056170 secs] [Times: user=0.01 sys=0.01, real=0.01 secs] 
2020-10-28T11:48:55.764+0000: [GC (Allocation Failure) 2020-10-28T11:48:55.764+0000: [ParNew: 34436K->6K(38720K), 0.0052749 secs] 1052822K->1018392K(1499932K), 0.0053367 secs] [Times: user=0.00 sys=0.00, real=0.01 secs] 
2020-10-28T11:48:55.810+0000: [GC (Allocation Failure) 2020-10-28T11:48:55.810+0000: [ParNew: 34438K->6K(38720K), 0.0054462 secs] 1052824K->1018392K(1499932K), 0.0055093 secs] [Times: user=0.01 sys=0.00, real=0.00 secs] 
2020-10-28T11:48:55.854+0000: [GC (Allocation Failure) 2020-10-28T11:48:55.854+0000: [ParNew: 34438K->6K(38720K), 0.0056291 secs] 1052824K->1018392K(1499932K), 0.0056951 secs] [Times: user=0.01 sys=0.00, real=0.01 secs] 
2020-10-28T11:48:55.901+0000: [GC (Allocation Failure) 2020-10-28T11:48:55.901+0000: [ParNew: 34438K->6K(38720K), 0.0053113 secs] 1052824K->1018392K(1499932K), 0.0053717 secs] [Times: user=0.01 sys=0.00, real=0.01 secs] 
2020-10-28T11:48:55.945+0000: [GC (Allocation Failure) 2020-10-28T11:48:55.945+0000: [ParNew: 34438K->4K(38720K), 0.0053123 secs] 1052824K->1018390K(1499932K), 0.0053757 secs] [Times: user=0.01 sys=0.00, real=0.01 secs] 
2020-10-28T11:48:55.985+0000: [GC (Allocation Failure) 2020-10-28T11:48:55.985+0000: [ParNew: 34436K->4K(38720K), 0.0052087 secs] 1052822K->1018390K(1499932K), 0.0052682 secs] [Times: user=0.01 sys=0.00, real=0.01 secs] 
2020-10-28T11:48:56.029+0000: [GC (Allocation Failure) 2020-10-28T11:48:56.029+0000: [ParNew: 34436K->6K(38720K), 0.0055638 secs] 1052822K->1018392K(1499932K), 0.0056319 secs] [Times: user=0.01 sys=0.00, real=0.00 secs] 
2020-10-28T11:48:56.070+0000: [GC (Allocation Failure) 2020-10-28T11:48:56.070+0000: [ParNew: 34438K->4K(38720K), 0.0054449 secs] 1052824K->1018390K(1499932K), 0.0055106 secs] [Times: user=0.01 sys=0.00, real=0.00 secs] 
2020-10-28T11:48:56.122+0000: [GC (Allocation Failure) 2020-10-28T11:48:56.122+0000: [ParNew: 34436K->6K(38720K), 0.0055101 secs] 1052822K->1018392K(1499932K), 0.0055672 secs] [Times: user=0.01 sys=0.00, real=0.01 secs] 
2020-10-28T11:48:56.163+0000: [GC (Allocation Failure) 2020-10-28T11:48:56.163+0000: [ParNew: 34438K->4K(38720K), 0.0054932 secs] 1052824K->1018390K(1499932K), 0.0055577 secs] [Times: user=0.01 sys=0.00, real=0.01 secs] 
2020-10-28T11:48:56.205+0000: [GC (Allocation Failure) 2020-10-28T11:48:56.205+0000: [ParNew: 34436K->6K(38720K), 0.0054181 secs] 1052822K->1018392K(1499932K), 0.0054833 secs] [Times: user=0.01 sys=0.00, real=0.01 secs] 
2020-10-28T11:48:56.250+0000: [GC (Allocation Failure) 2020-10-28T11:48:56.250+0000: [ParNew: 34438K->4K(38720K), 0.0053228 secs] 1052824K->1018390K(1499932K), 0.0053870 secs] [Times: user=0.01 sys=0.00, real=0.00 secs] 
2020-10-28T11:48:56.294+0000: [GC (Allocation Failure) 2020-10-28T11:48:56.294+0000: [ParNew: 34436K->4K(38720K), 0.0053475 secs] 1052822K->1018390K(1499932K), 0.0054100 secs] [Times: user=0.01 sys=0.00, real=0.01 secs] 
2020-10-28T11:48:56.339+0000: [GC (Allocation Failure) 2020-10-28T11:48:56.339+0000: [ParNew: 34436K->8K(38720K), 0.0055236 secs] 1052822K->1018394K(1499932K), 0.0055932 secs] [Times: user=0.01 sys=0.00, real=0.00 secs] 
2020-10-28T11:48:56.386+0000: [GC (Allocation Failure) 2020-10-28T11:48:56.386+0000: [ParNew: 34440K->4K(38720K), 0.0054191 secs] 1052826K->1018390K(1499932K), 0.0054942 secs] [Times: user=0.01 sys=0.00, real=0.00 secs] 
2020-10-28T11:48:56.434+0000: [GC (Allocation Failure) 2020-10-28T11:48:56.434+0000: [ParNew: 34436K->4K(38720K), 0.0052809 secs] 1052822K->1018390K(1499932K), 0.0053404 secs] [Times: user=0.01 sys=0.00, real=0.01 secs] 
2020-10-28T11:48:56.478+0000: [GC (Allocation Failure) 2020-10-28T11:48:56.478+0000: [ParNew: 34436K->4K(38720K), 0.0054373 secs] 1052822K->1018390K(1499932K), 0.0055082 secs] [Times: user=0.01 sys=0.00, real=0.00 secs] 
2020-10-28T11:48:56.525+0000: [GC (Allocation Failure) 2020-10-28T11:48:56.525+0000: [ParNew: 34436K->4K(38720K), 0.0056422 secs] 1052822K->1018390K(1499932K), 0.0057249 secs] [Times: user=0.02 sys=0.00, real=0.01 secs] 
2020-10-28T11:48:56.569+0000: [GC (Allocation Failure) 2020-10-28T11:48:56.569+0000: [ParNew: 34436K->4K(38720K), 0.0054728 secs] 1052822K->1018390K(1499932K), 0.0055358 secs] [Times: user=0.01 sys=0.00, real=0.00 secs] 
2020-10-28T11:48:56.614+0000: [GC (Allocation Failure) 2020-10-28T11:48:56.614+0000: [ParNew: 34436K->4K(38720K), 0.0054114 secs] 1052822K->1018390K(1499932K), 0.0054741 secs] [Times: user=0.01 sys=0.00, real=0.01 secs] 
2020-10-28T11:48:56.656+0000: [GC (Allocation Failure) 2020-10-28T11:48:56.656+0000: [ParNew: 34436K->4K(38720K), 0.0054180 secs] 1052822K->1018390K(1499932K), 0.0054823 secs] [Times: user=0.01 sys=0.00, real=0.01 secs] 
2020-10-28T11:48:56.704+0000: [GC (Allocation Failure) 2020-10-28T11:48:56.704+0000: [ParNew: 34436K->6K(38720K), 0.0052809 secs] 1052822K->1018392K(1499932K), 0.0053411 secs] [Times: user=0.01 sys=0.00, real=0.01 secs] 
2020-10-28T11:48:56.745+0000: [GC (Allocation Failure) 2020-10-28T11:48:56.745+0000: [ParNew: 34438K->4K(38720K), 0.0054643 secs] 1052824K->1018390K(1499932K), 0.0055286 secs] [Times: user=0.01 sys=0.00, real=0.01 secs] 
2020-10-28T11:48:56.790+0000: [GC (Allocation Failure) 2020-10-28T11:48:56.790+0000: [ParNew: 34436K->6K(38720K), 0.0054039 secs] 1052822K->1018392K(1499932K), 0.0054660 secs] [Times: user=0.02 sys=0.00, real=0.00 secs] 
2020-10-28T11:48:56.830+0000: [GC (Allocation Failure) 2020-10-28T11:48:56.830+0000: [ParNew: 34438K->4K(38720K), 0.0055181 secs] 1052824K->1018390K(1499932K), 0.0055820 secs] [Times: user=0.01 sys=0.00, real=0.00 secs] 
2020-10-28T11:48:56.875+0000: [GC (Allocation Failure) 2020-10-28T11:48:56.875+0000: [ParNew: 34436K->4K(38720K), 0.0055998 secs] 1052822K->1018390K(1499932K), 0.0056599 secs] [Times: user=0.02 sys=0.00, real=0.01 secs] 
2020-10-28T11:48:56.919+0000: [GC (Allocation Failure) 2020-10-28T11:48:56.919+0000: [ParNew: 34436K->6K(38720K), 0.0051964 secs] 1052822K->1018392K(1499932K), 0.0052537 secs] [Times: user=0.01 sys=0.00, real=0.00 secs] 
2020-10-28T11:48:56.963+0000: [GC (Allocation Failure) 2020-10-28T11:48:56.963+0000: [ParNew: 34438K->4K(38720K), 0.0052375 secs] 1052824K->1018390K(1499932K), 0.0052963 secs] [Times: user=0.01 sys=0.00, real=0.01 secs] 
2020-10-28T11:48:57.010+0000: [GC (Allocation Failure) 2020-10-28T11:48:57.010+0000: [ParNew: 34436K->4K(38720K), 0.0054654 secs] 1052822K->1018390K(1499932K), 0.0055292 secs] [Times: user=0.01 sys=0.00, real=0.00 secs] 
2020-10-28T11:48:57.054+0000: [GC (Allocation Failure) 2020-10-28T11:48:57.054+0000: [ParNew: 34436K->6K(38720K), 0.0054379 secs] 1052822K->1018392K(1499932K), 0.0055004 secs] [Times: user=0.01 sys=0.00, real=0.01 secs] 
2020-10-28T11:48:57.098+0000: [GC (Allocation Failure) 2020-10-28T11:48:57.098+0000: [ParNew: 34438K->4K(38720K), 0.0054154 secs] 1052824K->1018390K(1499932K), 0.0054789 secs] [Times: user=0.01 sys=0.00, real=0.00 secs] 
2020-10-28T11:48:57.142+0000: [GC (Allocation Failure) 2020-10-28T11:48:57.142+0000: [ParNew: 34436K->4K(38720K), 0.0053630 secs] 1052822K->1018390K(1499932K), 0.0054257 secs] [Times: user=0.01 sys=0.00, real=0.01 secs] 
2020-10-28T11:48:57.183+0000: [GC (Allocation Failure) 2020-10-28T11:48:57.183+0000: [ParNew: 34436K->4K(38720K), 0.0053376 secs] 1052822K->1018390K(1499932K), 0.0054082 secs] [Times: user=0.01 sys=0.00, real=0.01 secs] 
2020-10-28T11:48:57.227+0000: [GC (Allocation Failure) 2020-10-28T11:48:57.227+0000: [ParNew: 34436K->4K(38720K), 0.0052866 secs] 1052822K->1018390K(1499932K), 0.0053448 secs] [Times: user=0.01 sys=0.00, real=0.00 secs] 
2020-10-28T11:48:57.272+0000: [GC (Allocation Failure) 2020-10-28T11:48:57.272+0000: [ParNew: 34436K->6K(38720K), 0.0053018 secs] 1052822K->1018392K(1499932K), 0.0053582 secs] [Times: user=0.01 sys=0.00, real=0.00 secs] 
2020-10-28T11:48:57.316+0000: [GC (Allocation Failure) 2020-10-28T11:48:57.317+0000: [ParNew: 34438K->6K(38720K), 0.0054311 secs] 1052824K->1018392K(1499932K), 0.0054925 secs] [Times: user=0.01 sys=0.00, real=0.01 secs] 
2020-10-28T11:48:57.357+0000: [GC (Allocation Failure) 2020-10-28T11:48:57.357+0000: [ParNew: 34438K->6K(38720K), 0.0053385 secs] 1052824K->1018392K(1499932K), 0.0054005 secs] [Times: user=0.01 sys=0.00, real=0.01 secs] 
2020-10-28T11:48:57.398+0000: [GC (Allocation Failure) 2020-10-28T11:48:57.398+0000: [ParNew: 34438K->4K(38720K), 0.0053833 secs] 1052824K->1018390K(1499932K), 0.0054539 secs] [Times: user=0.01 sys=0.00, real=0.00 secs] 
2020-10-28T11:48:57.443+0000: [GC (Allocation Failure) 2020-10-28T11:48:57.443+0000: [ParNew: 34436K->6K(38720K), 0.0052885 secs] 1052822K->1018392K(1499932K), 0.0053486 secs] [Times: user=0.01 sys=0.00, real=0.01 secs] 
2020-10-28T11:48:57.487+0000: [GC (Allocation Failure) 2020-10-28T11:48:57.487+0000: [ParNew: 34438K->6K(38720K), 0.0052861 secs] 1052824K->1018392K(1499932K), 0.0053455 secs] [Times: user=0.01 sys=0.00, real=0.00 secs] 
2020-10-28T11:48:57.530+0000: [GC (Allocation Failure) 2020-10-28T11:48:57.530+0000: [ParNew: 34438K->4K(38720K), 0.0053501 secs] 1052824K->1018390K(1499932K), 0.0054107 secs] [Times: user=0.01 sys=0.00, real=0.00 secs] 
2020-10-28T11:48:57.574+0000: [GC (Allocation Failure) 2020-10-28T11:48:57.574+0000: [ParNew: 34436K->4K(38720K), 0.0052297 secs] 1052822K->1018390K(1499932K), 0.0052882 secs] [Times: user=0.01 sys=0.00, real=0.01 secs] 
2020-10-28T11:48:57.618+0000: [GC (Allocation Failure) 2020-10-28T11:48:57.618+0000: [ParNew: 34436K->6K(38720K), 0.0053896 secs] 1052822K->1018392K(1499932K), 0.0054523 secs] [Times: user=0.01 sys=0.00, real=0.00 secs] 
2020-10-28T11:48:57.659+0000: [GC (Allocation Failure) 2020-10-28T11:48:57.659+0000: [ParNew: 34438K->4K(38720K), 0.0054087 secs] 1052824K->1018390K(1499932K), 0.0054725 secs] [Times: user=0.01 sys=0.00, real=0.00 secs] 
2020-10-28T11:48:57.703+0000: [GC (Allocation Failure) 2020-10-28T11:48:57.703+0000: [ParNew: 34436K->4K(38720K), 0.0054393 secs] 1052822K->1018390K(1499932K), 0.0055045 secs] [Times: user=0.01 sys=0.00, real=0.01 secs] 
2020-10-28T11:48:57.748+0000: [GC (Allocation Failure) 2020-10-28T11:48:57.748+0000: [ParNew: 34436K->6K(38720K), 0.0053494 secs] 1052822K->1018392K(1499932K), 0.0054109 secs] [Times: user=0.01 sys=0.00, real=0.00 secs] 
2020-10-28T11:48:57.793+0000: [GC (Allocation Failure) 2020-10-28T11:48:57.794+0000: [ParNew: 34438K->4K(38720K), 0.0054106 secs] 1052824K->1018390K(1499932K), 0.0054738 secs] [Times: user=0.01 sys=0.00, real=0.01 secs] 
2020-10-28T11:48:57.838+0000: [GC (Allocation Failure) 2020-10-28T11:48:57.838+0000: [ParNew: 34436K->22K(38720K), 0.0056489 secs] 1052822K->1018408K(1499932K), 0.0057123 secs] [Times: user=0.01 sys=0.00, real=0.00 secs] 
2020-10-28T11:48:57.883+0000: [GC (Allocation Failure) 2020-10-28T11:48:57.884+0000: [ParNew: 34454K->6K(38720K), 0.0064278 secs] 1052840K->1018392K(1499932K), 0.0064885 secs] [Times: user=0.01 sys=0.00, real=0.01 secs] 
2020-10-28T11:48:57.933+0000: [GC (Allocation Failure) 2020-10-28T11:48:57.933+0000: [ParNew: 34438K->4K(38720K), 0.0055269 secs] 1052824K->1018391K(1499932K), 0.0055852 secs] [Times: user=0.01 sys=0.00, real=0.01 secs] 
2020-10-28T11:48:57.974+0000: [GC (Allocation Failure) 2020-10-28T11:48:57.974+0000: [ParNew: 34436K->6K(38720K), 0.0052501 secs] 1052823K->1018392K(1499932K), 0.0053074 secs] [Times: user=0.02 sys=0.00, real=0.01 secs] 
2020-10-28T11:48:58.018+0000: [GC (Allocation Failure) 2020-10-28T11:48:58.018+0000: [ParNew: 34438K->4K(38720K), 0.0055406 secs] 1052824K->1018390K(1499932K), 0.0056197 secs] [Times: user=0.02 sys=0.00, real=0.00 secs] 
2020-10-28T11:48:58.058+0000: [GC (Allocation Failure) 2020-10-28T11:48:58.058+0000: [ParNew: 34436K->4K(38720K), 0.0053406 secs] 1052822K->1018390K(1499932K), 0.0054024 secs] [Times: user=0.02 sys=0.00, real=0.00 secs] 
2020-10-28T11:48:58.103+0000: [GC (Allocation Failure) 2020-10-28T11:48:58.103+0000: [ParNew: 34436K->4K(38720K), 0.0055634 secs] 1052822K->1018390K(1499932K), 0.0056251 secs] [Times: user=0.01 sys=0.00, real=0.01 secs] 
2020-10-28T11:48:58.144+0000: [GC (Allocation Failure) 2020-10-28T11:48:58.144+0000: [ParNew: 34436K->4K(38720K), 0.0053052 secs] 1052822K->1018390K(1499932K), 0.0053661 secs] [Times: user=0.01 sys=0.00, real=0.01 secs] 
2020-10-28T11:48:58.184+0000: [GC (Allocation Failure) 2020-10-28T11:48:58.184+0000: [ParNew: 34436K->4K(38720K), 0.0054943 secs] 1052822K->1018390K(1499932K), 0.0055588 secs] [Times: user=0.00 sys=0.00, real=0.01 secs] 
2020-10-28T11:48:58.226+0000: [GC (Allocation Failure) 2020-10-28T11:48:58.226+0000: [ParNew: 34436K->6K(38720K), 0.0054926 secs] 1052822K->1018392K(1499932K), 0.0055789 secs] [Times: user=0.01 sys=0.00, real=0.01 secs] 
2020-10-28T11:48:58.273+0000: [GC (Allocation Failure) 2020-10-28T11:48:58.273+0000: [ParNew: 34438K->6K(38720K), 0.0055299 secs] 1052824K->1018392K(1499932K), 0.0055956 secs] [Times: user=0.02 sys=0.00, real=0.01 secs] 
2020-10-28T11:48:58.318+0000: [GC (Allocation Failure) 2020-10-28T11:48:58.318+0000: [ParNew: 34438K->4K(38720K), 0.0056391 secs] 1052824K->1018390K(1499932K), 0.0057081 secs] [Times: user=0.01 sys=0.00, real=0.00 secs] 
2020-10-28T11:48:58.359+0000: [GC (Allocation Failure) 2020-10-28T11:48:58.359+0000: [ParNew: 34436K->4K(38720K), 0.0055510 secs] 1052822K->1018390K(1499932K), 0.0056174 secs] [Times: user=0.01 sys=0.00, real=0.00 secs] 
2020-10-28T11:48:58.406+0000: [GC (Allocation Failure) 2020-10-28T11:48:58.406+0000: [ParNew: 34436K->4K(38720K), 0.0054756 secs] 1052822K->1018390K(1499932K), 0.0055422 secs] [Times: user=0.01 sys=0.00, real=0.00 secs] 
2020-10-28T11:48:58.452+0000: [GC (Allocation Failure) 2020-10-28T11:48:58.452+0000: [ParNew: 34436K->4K(38720K), 0.0053719 secs] 1052822K->1018390K(1499932K), 0.0054340 secs] [Times: user=0.02 sys=0.00, real=0.00 secs] 
2020-10-28T11:48:58.498+0000: [GC (Allocation Failure) 2020-10-28T11:48:58.498+0000: [ParNew: 34436K->6K(38720K), 0.0053584 secs] 1052822K->1018393K(1499932K), 0.0054409 secs] [Times: user=0.01 sys=0.00, real=0.00 secs] 
2020-10-28T11:48:58.541+0000: [GC (Allocation Failure) 2020-10-28T11:48:58.541+0000: [ParNew: 34438K->4K(38720K), 0.0055394 secs] 1052825K->1018391K(1499932K), 0.0056049 secs] [Times: user=0.01 sys=0.00, real=0.01 secs] 
2020-10-28T11:48:58.581+0000: [GC (Allocation Failure) 2020-10-28T11:48:58.581+0000: [ParNew: 34436K->4K(38720K), 0.0055074 secs] 1052823K->1018391K(1499932K), 0.0055753 secs] [Times: user=0.01 sys=0.00, real=0.01 secs] 
2020-10-28T11:48:58.621+0000: [GC (Allocation Failure) 2020-10-28T11:48:58.621+0000: [ParNew: 34436K->4K(38720K), 0.0054774 secs] 1052823K->1018391K(1499932K), 0.0055409 secs] [Times: user=0.01 sys=0.00, real=0.01 secs] 
2020-10-28T11:48:58.662+0000: [GC (Allocation Failure) 2020-10-28T11:48:58.662+0000: [ParNew: 34436K->6K(38720K), 0.0053895 secs] 1052823K->1018393K(1499932K), 0.0054521 secs] [Times: user=0.01 sys=0.00, real=0.01 secs] 
2020-10-28T11:48:58.710+0000: [GC (Allocation Failure) 2020-10-28T11:48:58.710+0000: [ParNew: 34438K->6K(38720K), 0.0053031 secs] 1052825K->1018393K(1499932K), 0.0053632 secs] [Times: user=0.01 sys=0.00, real=0.00 secs] 
2020-10-28T11:48:58.756+0000: [GC (Allocation Failure) 2020-10-28T11:48:58.756+0000: [ParNew: 34438K->6K(38720K), 0.0054239 secs] 1052825K->1018393K(1499932K), 0.0054866 secs] [Times: user=0.01 sys=0.00, real=0.01 secs] 
2020-10-28T11:48:58.798+0000: [GC (Allocation Failure) 2020-10-28T11:48:58.798+0000: [ParNew: 34438K->6K(38720K), 0.0053694 secs] 1052825K->1018393K(1499932K), 0.0054299 secs] [Times: user=0.01 sys=0.00, real=0.00 secs] 
2020-10-28T11:48:58.838+0000: [GC (Allocation Failure) 2020-10-28T11:48:58.838+0000: [ParNew: 34438K->6K(38720K), 0.0055422 secs] 1052825K->1018393K(1499932K), 0.0056051 secs] [Times: user=0.01 sys=0.00, real=0.00 secs] 
2020-10-28T11:48:58.883+0000: [GC (Allocation Failure) 2020-10-28T11:48:58.883+0000: [ParNew: 34438K->6K(38720K), 0.0052937 secs] 1052825K->1018393K(1499932K), 0.0053539 secs] [Times: user=0.01 sys=0.00, real=0.01 secs] 
2020-10-28T11:48:58.926+0000: [GC (Allocation Failure) 2020-10-28T11:48:58.926+0000: [ParNew: 34438K->4K(38720K), 0.0054658 secs] 1052825K->1018391K(1499932K), 0.0055287 secs] [Times: user=0.01 sys=0.00, real=0.00 secs] 
2020-10-28T11:48:58.970+0000: [GC (Allocation Failure) 2020-10-28T11:48:58.970+0000: [ParNew: 34436K->4K(38720K), 0.0052454 secs] 1052823K->1018391K(1499932K), 0.0053061 secs] [Times: user=0.01 sys=0.00, real=0.00 secs] 
2020-10-28T11:48:59.018+0000: [GC (Allocation Failure) 2020-10-28T11:48:59.018+0000: [ParNew: 34436K->4K(38720K), 0.0053494 secs] 1052823K->1018391K(1499932K), 0.0054127 secs] [Times: user=0.01 sys=0.00, real=0.00 secs] 
2020-10-28T11:48:59.059+0000: [GC (Allocation Failure) 2020-10-28T11:48:59.059+0000: [ParNew: 34436K->4K(38720K), 0.0052822 secs] 1052823K->1018391K(1499932K), 0.0053417 secs] [Times: user=0.01 sys=0.00, real=0.00 secs] 
2020-10-28T11:48:59.106+0000: [GC (Allocation Failure) 2020-10-28T11:48:59.106+0000: [ParNew: 34436K->4K(38720K), 0.0052996 secs] 1052823K->1018391K(1499932K), 0.0053703 secs] [Times: user=0.01 sys=0.00, real=0.00 secs] 
2020-10-28T11:48:59.146+0000: [GC (Allocation Failure) 2020-10-28T11:48:59.146+0000: [ParNew: 34436K->4K(38720K), 0.0052630 secs] 1052823K->1018391K(1499932K), 0.0053206 secs] [Times: user=0.01 sys=0.00, real=0.00 secs] 
2020-10-28T11:48:59.191+0000: [GC (Allocation Failure) 2020-10-28T11:48:59.191+0000: [ParNew: 34436K->4K(38720K), 0.0053148 secs] 1052823K->1018391K(1499932K), 0.0053724 secs] [Times: user=0.01 sys=0.00, real=0.00 secs] 
2020-10-28T11:48:59.234+0000: [GC (Allocation Failure) 2020-10-28T11:48:59.234+0000: [ParNew: 34436K->4K(38720K), 0.0053263 secs] 1052823K->1018391K(1499932K), 0.0053871 secs] [Times: user=0.02 sys=0.00, real=0.01 secs] 
2020-10-28T11:48:59.279+0000: [GC (Allocation Failure) 2020-10-28T11:48:59.279+0000: [ParNew: 34436K->4K(38720K), 0.0053571 secs] 1052823K->1018391K(1499932K), 0.0054130 secs] [Times: user=0.01 sys=0.00, real=0.00 secs] 
2020-10-28T11:48:59.322+0000: [GC (Allocation Failure) 2020-10-28T11:48:59.322+0000: [ParNew: 34436K->4K(38720K), 0.0053635 secs] 1052823K->1018391K(1499932K), 0.0054259 secs] [Times: user=0.01 sys=0.00, real=0.01 secs] 
2020-10-28T11:48:59.366+0000: [GC (Allocation Failure) 2020-10-28T11:48:59.366+0000: [ParNew: 34436K->4K(38720K), 0.0053000 secs] 1052823K->1018391K(1499932K), 0.0053605 secs] [Times: user=0.01 sys=0.00, real=0.00 secs] 
2020-10-28T11:48:59.413+0000: [GC (Allocation Failure) 2020-10-28T11:48:59.413+0000: [ParNew: 34436K->4K(38720K), 0.0061682 secs] 1052823K->1018391K(1499932K), 0.0062274 secs] [Times: user=0.01 sys=0.00, real=0.01 secs] 
2020-10-28T11:48:59.458+0000: [GC (Allocation Failure) 2020-10-28T11:48:59.458+0000: [ParNew: 34436K->6K(38720K), 0.0053424 secs] 1052823K->1018393K(1499932K), 0.0054019 secs] [Times: user=0.01 sys=0.00, real=0.00 secs] 
2020-10-28T11:48:59.504+0000: [GC (Allocation Failure) 2020-10-28T11:48:59.504+0000: [ParNew: 34438K->4K(38720K), 0.0054394 secs] 1052825K->1018391K(1499932K), 0.0055033 secs] [Times: user=0.02 sys=0.00, real=0.01 secs] 
2020-10-28T11:48:59.545+0000: [GC (Allocation Failure) 2020-10-28T11:48:59.545+0000: [ParNew: 34436K->6K(38720K), 0.0054576 secs] 1052823K->1018393K(1499932K), 0.0055227 secs] [Times: user=0.02 sys=0.00, real=0.01 secs] 
2020-10-28T11:48:59.590+0000: [GC (Allocation Failure) 2020-10-28T11:48:59.590+0000: [ParNew: 34438K->4K(38720K), 0.0053838 secs] 1052825K->1018391K(1499932K), 0.0054447 secs] [Times: user=0.01 sys=0.00, real=0.00 secs] 
2020-10-28T11:48:59.630+0000: [GC (Allocation Failure) 2020-10-28T11:48:59.630+0000: [ParNew: 34436K->4K(38720K), 0.0054192 secs] 1052823K->1018391K(1499932K), 0.0054805 secs] [Times: user=0.01 sys=0.00, real=0.00 secs] 
2020-10-28T11:48:59.674+0000: [GC (Allocation Failure) 2020-10-28T11:48:59.674+0000: [ParNew: 34436K->4K(38720K), 0.0053259 secs] 1052823K->1018391K(1499932K), 0.0053877 secs] [Times: user=0.01 sys=0.00, real=0.01 secs] 
2020-10-28T11:48:59.722+0000: [GC (Allocation Failure) 2020-10-28T11:48:59.722+0000: [ParNew: 34436K->4K(38720K), 0.0053732 secs] 1052823K->1018391K(1499932K), 0.0054344 secs] [Times: user=0.01 sys=0.00, real=0.01 secs] 
2020-10-28T11:48:59.762+0000: [GC (Allocation Failure) 2020-10-28T11:48:59.762+0000: [ParNew: 34436K->4K(38720K), 0.0053854 secs] 1052823K->1018391K(1499932K), 0.0054485 secs] [Times: user=0.01 sys=0.00, real=0.01 secs] 
2020-10-28T11:48:59.806+0000: [GC (Allocation Failure) 2020-10-28T11:48:59.806+0000: [ParNew: 34436K->4K(38720K), 0.0053886 secs] 1052823K->1018391K(1499932K), 0.0054515 secs] [Times: user=0.01 sys=0.00, real=0.00 secs] 
2020-10-28T11:48:59.882+0000: [GC (Allocation Failure) 2020-10-28T11:48:59.882+0000: [ParNew: 34436K->4K(38720K), 0.0054956 secs] 1052823K->1018391K(1499932K), 0.0055712 secs] [Times: user=0.01 sys=0.00, real=0.01 secs] 
2020-10-28T11:48:59.949+0000: [GC (Allocation Failure) 2020-10-28T11:48:59.949+0000: [ParNew: 34436K->4K(38720K), 0.0055642 secs] 1052823K->1018391K(1499932K), 0.0056476 secs] [Times: user=0.01 sys=0.00, real=0.00 secs] 
2020-10-28T11:49:00.018+0000: [GC (Allocation Failure) 2020-10-28T11:49:00.018+0000: [ParNew: 34436K->4K(38720K), 0.0056556 secs] 1052823K->1018391K(1499932K), 0.0057577 secs] [Times: user=0.01 sys=0.00, real=0.00 secs] 
2020-10-28T11:49:00.090+0000: [GC (Allocation Failure) 2020-10-28T11:49:00.091+0000: [ParNew: 34436K->4K(38720K), 0.0056010 secs] 1052823K->1018391K(1499932K), 0.0057006 secs] [Times: user=0.01 sys=0.00, real=0.00 secs] 
2020-10-28T11:49:00.217+0000: [GC (Allocation Failure) 2020-10-28T11:49:00.217+0000: [ParNew: 34436K->4K(38720K), 0.0055414 secs] 1052823K->1018391K(1499932K), 0.0056337 secs] [Times: user=0.01 sys=0.00, real=0.01 secs] 
2020-10-28T11:49:00.287+0000: [GC (Allocation Failure) 2020-10-28T11:49:00.287+0000: [ParNew: 34436K->6K(38720K), 0.0187953 secs] 1052823K->1018393K(1499932K), 0.0188687 secs] [Times: user=0.01 sys=0.00, real=0.02 secs] 
2020-10-28T11:49:00.370+0000: [GC (Allocation Failure) 2020-10-28T11:49:00.370+0000: [ParNew: 34438K->6K(38720K), 0.0172843 secs] 1052825K->1018393K(1499932K), 0.0173531 secs] [Times: user=0.01 sys=0.00, real=0.02 secs] 
2020-10-28T11:49:00.442+0000: [GC (Allocation Failure) 2020-10-28T11:49:00.442+0000: [ParNew: 34438K->6K(38720K), 0.0123559 secs] 1052825K->1018393K(1499932K), 0.0124180 secs] [Times: user=0.02 sys=0.00, real=0.01 secs] 
2020-10-28T11:49:00.513+0000: [GC (Allocation Failure) 2020-10-28T11:49:00.513+0000: [ParNew: 34438K->6K(38720K), 0.0126161 secs] 1052825K->1018393K(1499932K), 0.0126850 secs] [Times: user=0.02 sys=0.00, real=0.01 secs] 
2020-10-28T11:49:00.586+0000: [GC (Allocation Failure) 2020-10-28T11:49:00.586+0000: [ParNew: 34438K->6K(38720K), 0.0121248 secs] 1052825K->1018393K(1499932K), 0.0122177 secs] [Times: user=0.01 sys=0.00, real=0.01 secs] 
2020-10-28T11:49:00.644+0000: [GC (Allocation Failure) 2020-10-28T11:49:00.644+0000: [ParNew: 34438K->6K(38720K), 0.0119339 secs] 1052825K->1018393K(1499932K), 0.0120250 secs] [Times: user=0.01 sys=0.00, real=0.01 secs] 
2020-10-28T11:49:00.705+0000: [GC (Allocation Failure) 2020-10-28T11:49:00.705+0000: [ParNew: 34438K->6K(38720K), 0.0123890 secs] 1052825K->1018393K(1499932K), 0.0124844 secs] [Times: user=0.02 sys=0.00, real=0.02 secs] 
2020-10-28T11:49:00.770+0000: [GC (Allocation Failure) 2020-10-28T11:49:00.770+0000: [ParNew: 34438K->6K(38720K), 0.0120915 secs] 1052825K->1018393K(1499932K), 0.0121818 secs] [Times: user=0.01 sys=0.00, real=0.01 secs] 
2020-10-28T11:49:00.827+0000: [GC (Allocation Failure) 2020-10-28T11:49:00.827+0000: [ParNew: 34438K->6K(38720K), 0.0122632 secs] 1052825K->1018393K(1499932K), 0.0123293 secs] [Times: user=0.01 sys=0.00, real=0.01 secs] 
2020-10-28T11:49:00.886+0000: [GC (Allocation Failure) 2020-10-28T11:49:00.886+0000: [ParNew: 34438K->4K(38720K), 0.0114626 secs] 1052825K->1018391K(1499932K), 0.0115496 secs] [Times: user=0.01 sys=0.00, real=0.00 secs] 
2020-10-28T11:49:00.960+0000: [GC (Allocation Failure) 2020-10-28T11:49:00.960+0000: [ParNew: 34436K->6K(38720K), 0.0116198 secs] 1052823K->1018393K(1499932K), 0.0117136 secs] [Times: user=0.01 sys=0.00, real=0.01 secs] 
2020-10-28T11:49:01.023+0000: [GC (Allocation Failure) 2020-10-28T11:49:01.023+0000: [ParNew: 34438K->6K(38720K), 0.0117026 secs] 1052825K->1018393K(1499932K), 0.0117901 secs] [Times: user=0.01 sys=0.00, real=0.01 secs] 
2020-10-28T11:49:01.091+0000: [GC (Allocation Failure) 2020-10-28T11:49:01.091+0000: [ParNew: 34438K->6K(38720K), 0.0124568 secs] 1052825K->1018393K(1499932K), 0.0125360 secs] [Times: user=0.01 sys=0.00, real=0.01 secs] 
2020-10-28T11:49:01.158+0000: [GC (Allocation Failure) 2020-10-28T11:49:01.158+0000: [ParNew: 34438K->4K(38720K), 0.0118576 secs] 1052825K->1018391K(1499932K), 0.0119513 secs] [Times: user=0.01 sys=0.00, real=0.01 secs] 
2020-10-28T11:49:01.213+0000: [GC (Allocation Failure) 2020-10-28T11:49:01.213+0000: [ParNew: 34436K->4K(38720K), 0.0119987 secs] 1052823K->1018391K(1499932K), 0.0120913 secs] [Times: user=0.01 sys=0.00, real=0.01 secs] 
2020-10-28T11:49:01.274+0000: [GC (Allocation Failure) 2020-10-28T11:49:01.274+0000: [ParNew: 34436K->4K(38720K), 0.0115291 secs] 1052823K->1018391K(1499932K), 0.0116071 secs] [Times: user=0.01 sys=0.00, real=0.01 secs] 
2020-10-28T11:49:01.331+0000: [GC (Allocation Failure) 2020-10-28T11:49:01.331+0000: [ParNew: 34436K->6K(38720K), 0.0064400 secs] 1052823K->1018393K(1499932K), 0.0065205 secs] [Times: user=0.01 sys=0.00, real=0.01 secs] 
2020-10-28T11:49:01.378+0000: [GC (Allocation Failure) 2020-10-28T11:49:01.378+0000: [ParNew: 34438K->4K(38720K), 0.0055368 secs] 1052825K->1018391K(1499932K), 0.0056058 secs] [Times: user=0.02 sys=0.00, real=0.00 secs] 
2020-10-28T11:49:01.422+0000: [GC (Allocation Failure) 2020-10-28T11:49:01.422+0000: [ParNew: 34436K->4K(38720K), 0.0056792 secs] 1052823K->1018391K(1499932K), 0.0057447 secs] [Times: user=0.01 sys=0.00, real=0.01 secs] 
2020-10-28T11:49:01.466+0000: [GC (Allocation Failure) 2020-10-28T11:49:01.466+0000: [ParNew: 34436K->4K(38720K), 0.0055144 secs] 1052823K->1018391K(1499932K), 0.0055817 secs] [Times: user=0.01 sys=0.00, real=0.00 secs] 
2020-10-28T11:49:01.507+0000: [GC (Allocation Failure) 2020-10-28T11:49:01.507+0000: [ParNew: 34436K->6K(38720K), 0.0055442 secs] 1052823K->1018393K(1499932K), 0.0056117 secs] [Times: user=0.01 sys=0.00, real=0.00 secs] 
2020-10-28T11:49:01.548+0000: [GC (Allocation Failure) 2020-10-28T11:49:01.548+0000: [ParNew: 34438K->4K(38720K), 0.0056263 secs] 1052825K->1018391K(1499932K), 0.0056955 secs] [Times: user=0.02 sys=0.00, real=0.00 secs] 
2020-10-28T11:49:01.593+0000: [GC (Allocation Failure) 2020-10-28T11:49:01.593+0000: [ParNew: 34436K->6K(38720K), 0.0055500 secs] 1052823K->1018393K(1499932K), 0.0056203 secs] [Times: user=0.01 sys=0.00, real=0.01 secs] 
2020-10-28T11:49:01.633+0000: [GC (Allocation Failure) 2020-10-28T11:49:01.634+0000: [ParNew: 34438K->4K(38720K), 0.0055660 secs] 1052825K->1018391K(1499932K), 0.0056372 secs] [Times: user=0.01 sys=0.00, real=0.01 secs] 
2020-10-28T11:49:01.678+0000: [GC (Allocation Failure) 2020-10-28T11:49:01.678+0000: [ParNew: 34436K->6K(38720K), 0.0055031 secs] 1052823K->1018393K(1499932K), 0.0055702 secs] [Times: user=0.01 sys=0.00, real=0.00 secs] 
2020-10-28T11:49:01.719+0000: [GC (Allocation Failure) 2020-10-28T11:49:01.719+0000: [ParNew: 34438K->6K(38720K), 0.0056688 secs] 1052825K->1018393K(1499932K), 0.0057475 secs] [Times: user=0.02 sys=0.00, real=0.00 secs] 
2020-10-28T11:49:01.759+0000: [GC (Allocation Failure) 2020-10-28T11:49:01.759+0000: [ParNew: 34438K->6K(38720K), 0.0056562 secs] 1052825K->1018393K(1499932K), 0.0057245 secs] [Times: user=0.01 sys=0.00, real=0.00 secs] 
2020-10-28T11:49:01.803+0000: [GC (Allocation Failure) 2020-10-28T11:49:01.803+0000: [ParNew: 34438K->6K(38720K), 0.0057590 secs] 1052825K->1018393K(1499932K), 0.0058271 secs] [Times: user=0.01 sys=0.00, real=0.01 secs] 
2020-10-28T11:49:01.849+0000: [GC (Allocation Failure) 2020-10-28T11:49:01.849+0000: [ParNew: 34438K->6K(38720K), 0.0055539 secs] 1052825K->1018393K(1499932K), 0.0056214 secs] [Times: user=0.01 sys=0.00, real=0.00 secs] 
2020-10-28T11:49:01.895+0000: [GC (Allocation Failure) 2020-10-28T11:49:01.895+0000: [ParNew: 34438K->6K(38720K), 0.0056027 secs] 1052825K->1018393K(1499932K), 0.0056667 secs] [Times: user=0.01 sys=0.00, real=0.01 secs] 
2020-10-28T11:49:01.942+0000: [GC (Allocation Failure) 2020-10-28T11:49:01.942+0000: [ParNew: 34438K->4K(38720K), 0.0054680 secs] 1052825K->1018391K(1499932K), 0.0055335 secs] [Times: user=0.01 sys=0.00, real=0.01 secs] 
2020-10-28T11:49:01.989+0000: [GC (Allocation Failure) 2020-10-28T11:49:01.989+0000: [ParNew: 34436K->4K(38720K), 0.0054413 secs] 1052823K->1018391K(1499932K), 0.0055031 secs] [Times: user=0.02 sys=0.00, real=0.00 secs] 
2020-10-28T11:49:02.029+0000: [GC (Allocation Failure) 2020-10-28T11:49:02.029+0000: [ParNew: 34436K->4K(38720K), 0.0055294 secs] 1052823K->1018391K(1499932K), 0.0055965 secs] [Times: user=0.02 sys=0.00, real=0.00 secs] 
2020-10-28T11:49:02.074+0000: [GC (Allocation Failure) 2020-10-28T11:49:02.074+0000: [ParNew: 34436K->4K(38720K), 0.0054876 secs] 1052823K->1018391K(1499932K), 0.0055525 secs] [Times: user=0.01 sys=0.00, real=0.01 secs] 
2020-10-28T11:49:02.115+0000: [GC (Allocation Failure) 2020-10-28T11:49:02.115+0000: [ParNew: 34436K->4K(38720K), 0.0055554 secs] 1052823K->1018391K(1499932K), 0.0056210 secs] [Times: user=0.01 sys=0.00, real=0.01 secs] 
2020-10-28T11:49:02.159+0000: [GC (Allocation Failure) 2020-10-28T11:49:02.159+0000: [ParNew: 34436K->4K(38720K), 0.0055862 secs] 1052823K->1018391K(1499932K), 0.0056521 secs] [Times: user=0.01 sys=0.00, real=0.00 secs] 
2020-10-28T11:49:02.202+0000: [GC (Allocation Failure) 2020-10-28T11:49:02.202+0000: [ParNew: 34436K->6K(38720K), 0.0055453 secs] 1052823K->1018393K(1499932K), 0.0056106 secs] [Times: user=0.01 sys=0.00, real=0.01 secs] 
2020-10-28T11:49:02.243+0000: [GC (Allocation Failure) 2020-10-28T11:49:02.243+0000: [ParNew: 34438K->4K(38720K), 0.0055383 secs] 1052825K->1018391K(1499932K), 0.0056083 secs] [Times: user=0.01 sys=0.00, real=0.01 secs] 
2020-10-28T11:49:02.286+0000: [GC (Allocation Failure) 2020-10-28T11:49:02.286+0000: [ParNew: 34436K->6K(38720K), 0.0054991 secs] 1052823K->1018393K(1499932K), 0.0055656 secs] [Times: user=0.01 sys=0.00, real=0.00 secs] 
2020-10-28T11:49:02.327+0000: [GC (Allocation Failure) 2020-10-28T11:49:02.327+0000: [ParNew: 34438K->6K(38720K), 0.0055789 secs] 1052825K->1018393K(1499932K), 0.0056473 secs] [Times: user=0.01 sys=0.00, real=0.00 secs] 
2020-10-28T11:49:02.374+0000: [GC (Allocation Failure) 2020-10-28T11:49:02.374+0000: [ParNew: 34438K->4K(38720K), 0.0055332 secs] 1052825K->1018391K(1499932K), 0.0056012 secs] [Times: user=0.01 sys=0.00, real=0.01 secs] 
2020-10-28T11:49:02.419+0000: [GC (Allocation Failure) 2020-10-28T11:49:02.419+0000: [ParNew: 34436K->6K(38720K), 0.0055641 secs] 1052823K->1018393K(1499932K), 0.0056418 secs] [Times: user=0.01 sys=0.00, real=0.00 secs] 
2020-10-28T11:49:02.460+0000: [GC (Allocation Failure) 2020-10-28T11:49:02.460+0000: [ParNew: 34438K->6K(38720K), 0.0063325 secs] 1052825K->1018393K(1499932K), 0.0063984 secs] [Times: user=0.01 sys=0.00, real=0.01 secs] 
2020-10-28T11:49:02.501+0000: [GC (Allocation Failure) 2020-10-28T11:49:02.501+0000: [ParNew: 34438K->4K(38720K), 0.0054908 secs] 1052825K->1018391K(1499932K), 0.0055551 secs] [Times: user=0.01 sys=0.00, real=0.01 secs] 
2020-10-28T11:49:02.543+0000: [GC (Allocation Failure) 2020-10-28T11:49:02.543+0000: [ParNew: 34436K->6K(38720K), 0.0055036 secs] 1052823K->1018393K(1499932K), 0.0055707 secs] [Times: user=0.01 sys=0.00, real=0.01 secs] 
2020-10-28T11:49:02.586+0000: [GC (Allocation Failure) 2020-10-28T11:49:02.586+0000: [ParNew: 34438K->4K(38720K), 0.0055153 secs] 1052825K->1018391K(1499932K), 0.0055817 secs] [Times: user=0.01 sys=0.00, real=0.00 secs] 
2020-10-28T11:49:02.631+0000: [GC (Allocation Failure) 2020-10-28T11:49:02.631+0000: [ParNew: 34436K->4K(38720K), 0.0055696 secs] 1052823K->1018391K(1499932K), 0.0056359 secs] [Times: user=0.01 sys=0.00, real=0.00 secs] 
2020-10-28T11:49:02.671+0000: [GC (Allocation Failure) 2020-10-28T11:49:02.671+0000: [ParNew: 34436K->4K(38720K), 0.0055219 secs] 1052823K->1018391K(1499932K), 0.0055883 secs] [Times: user=0.01 sys=0.00, real=0.00 secs] 
2020-10-28T11:49:02.716+0000: [GC (Allocation Failure) 2020-10-28T11:49:02.716+0000: [ParNew: 34436K->4K(38720K), 0.0058285 secs] 1052823K->1018391K(1499932K), 0.0059060 secs] [Times: user=0.02 sys=0.00, real=0.01 secs] 
2020-10-28T11:49:02.757+0000: [GC (Allocation Failure) 2020-10-28T11:49:02.757+0000: [ParNew: 34436K->4K(38720K), 0.0055616 secs] 1052823K->1018391K(1499932K), 0.0056289 secs] [Times: user=0.01 sys=0.00, real=0.01 secs] 
2020-10-28T11:49:02.798+0000: [GC (Allocation Failure) 2020-10-28T11:49:02.798+0000: [ParNew: 34436K->4K(38720K), 0.0055557 secs] 1052823K->1018391K(1499932K), 0.0056223 secs] [Times: user=0.01 sys=0.00, real=0.00 secs] 
2020-10-28T11:49:02.839+0000: [GC (Allocation Failure) 2020-10-28T11:49:02.839+0000: [ParNew: 34436K->4K(38720K), 0.0055781 secs] 1052823K->1018391K(1499932K), 0.0056445 secs] [Times: user=0.01 sys=0.00, real=0.00 secs] 
2020-10-28T11:49:02.885+0000: [GC (Allocation Failure) 2020-10-28T11:49:02.885+0000: [ParNew: 34436K->6K(38720K), 0.0055084 secs] 1052823K->1018393K(1499932K), 0.0055853 secs] [Times: user=0.01 sys=0.00, real=0.01 secs] 
2020-10-28T11:49:02.926+0000: [GC (Allocation Failure) 2020-10-28T11:49:02.926+0000: [ParNew: 34438K->4K(38720K), 0.0054395 secs] 1052825K->1018391K(1499932K), 0.0055030 secs] [Times: user=0.01 sys=0.00, real=0.00 secs] 
2020-10-28T11:49:02.974+0000: [GC (Allocation Failure) 2020-10-28T11:49:02.974+0000: [ParNew: 34436K->4K(38720K), 0.0054746 secs] 1052823K->1018391K(1499932K), 0.0055402 secs] [Times: user=0.01 sys=0.00, real=0.01 secs] 
2020-10-28T11:49:03.018+0000: [GC (Allocation Failure) 2020-10-28T11:49:03.018+0000: [ParNew: 34436K->6K(38720K), 0.0055290 secs] 1052823K->1018393K(1499932K), 0.0055967 secs] [Times: user=0.01 sys=0.00, real=0.00 secs] 
2020-10-28T11:49:03.060+0000: [GC (Allocation Failure) 2020-10-28T11:49:03.060+0000: [ParNew: 34438K->6K(38720K), 0.0056307 secs] 1052825K->1018393K(1499932K), 0.0056956 secs] [Times: user=0.01 sys=0.00, real=0.01 secs] 
2020-10-28T11:49:03.101+0000: [GC (Allocation Failure) 2020-10-28T11:49:03.101+0000: [ParNew: 34438K->4K(38720K), 0.0054989 secs] 1052825K->1018391K(1499932K), 0.0055658 secs] [Times: user=0.01 sys=0.00, real=0.01 secs] 
2020-10-28T11:49:03.141+0000: [GC (Allocation Failure) 2020-10-28T11:49:03.141+0000: [ParNew: 34436K->4K(38720K), 0.0055719 secs] 1052823K->1018391K(1499932K), 0.0056393 secs] [Times: user=0.01 sys=0.00, real=0.01 secs] 
2020-10-28T11:49:03.186+0000: [GC (Allocation Failure) 2020-10-28T11:49:03.186+0000: [ParNew: 34436K->4K(38720K), 0.0055877 secs] 1052823K->1018391K(1499932K), 0.0056552 secs] [Times: user=0.01 sys=0.00, real=0.00 secs] 
2020-10-28T11:49:03.230+0000: [GC (Allocation Failure) 2020-10-28T11:49:03.230+0000: [ParNew: 34436K->4K(38720K), 0.0054989 secs] 1052823K->1018391K(1499932K), 0.0055637 secs] [Times: user=0.01 sys=0.00, real=0.00 secs] 
2020-10-28T11:49:03.274+0000: [GC (Allocation Failure) 2020-10-28T11:49:03.274+0000: [ParNew: 34436K->4K(38720K), 0.0055274 secs] 1052823K->1018391K(1499932K), 0.0055880 secs] [Times: user=0.01 sys=0.00, real=0.01 secs] 
2020-10-28T11:49:03.314+0000: [GC (Allocation Failure) 2020-10-28T11:49:03.314+0000: [ParNew: 34436K->6K(38720K), 0.0055386 secs] 1052823K->1018393K(1499932K), 0.0056048 secs] [Times: user=0.01 sys=0.00, real=0.01 secs] 
2020-10-28T11:49:03.358+0000: [GC (Allocation Failure) 2020-10-28T11:49:03.358+0000: [ParNew: 34438K->6K(38720K), 0.0055895 secs] 1052825K->1018393K(1499932K), 0.0056557 secs] [Times: user=0.02 sys=0.00, real=0.00 secs] 
2020-10-28T11:49:03.402+0000: [GC (Allocation Failure) 2020-10-28T11:49:03.402+0000: [ParNew: 34438K->4K(38720K), 0.0055009 secs] 1052825K->1018391K(1499932K), 0.0055665 secs] [Times: user=0.01 sys=0.00, real=0.01 secs] 
2020-10-28T11:49:03.446+0000: [GC (Allocation Failure) 2020-10-28T11:49:03.446+0000: [ParNew: 34436K->4K(38720K), 0.0055400 secs] 1052823K->1018391K(1499932K), 0.0056070 secs] [Times: user=0.01 sys=0.00, real=0.00 secs] 
2020-10-28T11:49:03.491+0000: [GC (Allocation Failure) 2020-10-28T11:49:03.491+0000: [ParNew: 34436K->4K(38720K), 0.0055238 secs] 1052823K->1018391K(1499932K), 0.0055907 secs] [Times: user=0.01 sys=0.00, real=0.00 secs] 
2020-10-28T11:49:03.534+0000: [GC (Allocation Failure) 2020-10-28T11:49:03.534+0000: [ParNew: 34436K->6K(38720K), 0.0063612 secs] 1052823K->1018393K(1499932K), 0.0064286 secs] [Times: user=0.01 sys=0.00, real=0.01 secs] 
2020-10-28T11:49:03.576+0000: [GC (Allocation Failure) 2020-10-28T11:49:03.576+0000: [ParNew: 34438K->4K(38720K), 0.0055172 secs] 1052825K->1018391K(1499932K), 0.0055833 secs] [Times: user=0.01 sys=0.00, real=0.01 secs] 
2020-10-28T11:49:03.622+0000: [GC (Allocation Failure) 2020-10-28T11:49:03.622+0000: [ParNew: 34436K->4K(38720K), 0.0055165 secs] 1052823K->1018391K(1499932K), 0.0055838 secs] [Times: user=0.01 sys=0.01, real=0.01 secs] 
2020-10-28T11:49:03.666+0000: [GC (Allocation Failure) 2020-10-28T11:49:03.666+0000: [ParNew: 34436K->4K(38720K), 0.0054995 secs] 1052823K->1018391K(1499932K), 0.0055661 secs] [Times: user=0.01 sys=0.00, real=0.00 secs] 
2020-10-28T11:49:03.707+0000: [GC (Allocation Failure) 2020-10-28T11:49:03.707+0000: [ParNew: 34436K->4K(38720K), 0.0055144 secs] 1052823K->1018391K(1499932K), 0.0055812 secs] [Times: user=0.01 sys=0.00, real=0.00 secs] 
2020-10-28T11:49:03.754+0000: [GC (Allocation Failure) 2020-10-28T11:49:03.754+0000: [ParNew: 34436K->6K(38720K), 0.0055123 secs] 1052823K->1018393K(1499932K), 0.0055798 secs] [Times: user=0.01 sys=0.00, real=0.01 secs] 
2020-10-28T11:49:03.794+0000: [GC (Allocation Failure) 2020-10-28T11:49:03.794+0000: [ParNew: 34438K->4K(38720K), 0.0055122 secs] 1052825K->1018391K(1499932K), 0.0055913 secs] [Times: user=0.01 sys=0.00, real=0.01 secs] 
2020-10-28T11:49:03.839+0000: [GC (Allocation Failure) 2020-10-28T11:49:03.839+0000: [ParNew: 34436K->4K(38720K), 0.0055508 secs] 1052823K->1018391K(1499932K), 0.0056182 secs] [Times: user=0.01 sys=0.00, real=0.00 secs] 
2020-10-28T11:49:03.880+0000: [GC (Allocation Failure) 2020-10-28T11:49:03.880+0000: [ParNew: 34436K->4K(38720K), 0.0055821 secs] 1052823K->1018391K(1499932K), 0.0056722 secs] [Times: user=0.01 sys=0.00, real=0.00 secs] 
2020-10-28T11:49:03.924+0000: [GC (Allocation Failure) 2020-10-28T11:49:03.924+0000: [ParNew: 34436K->4K(38720K), 0.0055599 secs] 1052823K->1018391K(1499932K), 0.0056259 secs] [Times: user=0.01 sys=0.00, real=0.01 secs] 
2020-10-28T11:49:03.970+0000: [GC (Allocation Failure) 2020-10-28T11:49:03.970+0000: [ParNew: 34436K->6K(38720K), 0.0054898 secs] 1052823K->1018393K(1499932K), 0.0055554 secs] [Times: user=0.01 sys=0.00, real=0.00 secs] 
2020-10-28T11:49:04.015+0000: [GC (Allocation Failure) 2020-10-28T11:49:04.016+0000: [ParNew: 34438K->4K(38720K), 0.0055566 secs] 1052825K->1018391K(1499932K), 0.0056245 secs] [Times: user=0.01 sys=0.00, real=0.01 secs] 
2020-10-28T11:49:04.061+0000: [GC (Allocation Failure) 2020-10-28T11:49:04.061+0000: [ParNew: 34436K->4K(38720K), 0.0055954 secs] 1052823K->1018391K(1499932K), 0.0056635 secs] [Times: user=0.01 sys=0.00, real=0.01 secs] 
2020-10-28T11:49:04.102+0000: [GC (Allocation Failure) 2020-10-28T11:49:04.102+0000: [ParNew: 34436K->4K(38720K), 0.0055062 secs] 1052823K->1018391K(1499932K), 0.0055723 secs] [Times: user=0.01 sys=0.00, real=0.01 secs] 
2020-10-28T11:49:04.147+0000: [GC (Allocation Failure) 2020-10-28T11:49:04.147+0000: [ParNew: 34436K->4K(38720K), 0.0055116 secs] 1052823K->1018391K(1499932K), 0.0055782 secs] [Times: user=0.02 sys=0.00, real=0.00 secs] 
2020-10-28T11:49:04.192+0000: [GC (Allocation Failure) 2020-10-28T11:49:04.192+0000: [ParNew: 34436K->4K(38720K), 0.0055369 secs] 1052823K->1018391K(1499932K), 0.0056032 secs] [Times: user=0.01 sys=0.00, real=0.00 secs] 
2020-10-28T11:49:04.232+0000: [GC (Allocation Failure) 2020-10-28T11:49:04.232+0000: [ParNew: 34436K->4K(38720K), 0.0055187 secs] 1052823K->1018391K(1499932K), 0.0055902 secs] [Times: user=0.02 sys=0.00, real=0.00 secs] 
2020-10-28T11:49:04.278+0000: [GC (Allocation Failure) 2020-10-28T11:49:04.278+0000: [ParNew: 34436K->4K(38720K), 0.0055948 secs] 1052823K->1018391K(1499932K), 0.0056621 secs] [Times: user=0.01 sys=0.00, real=0.01 secs] 
2020-10-28T11:49:04.330+0000: [GC (Allocation Failure) 2020-10-28T11:49:04.330+0000: [ParNew: 34436K->6K(38720K), 0.0056158 secs] 1052823K->1018393K(1499932K), 0.0056825 secs] [Times: user=0.01 sys=0.00, real=0.00 secs] 
2020-10-28T11:49:04.389+0000: [GC (Allocation Failure) 2020-10-28T11:49:04.389+0000: [ParNew: 34438K->6K(38720K), 0.0054522 secs] 1052825K->1018393K(1499932K), 0.0055186 secs] [Times: user=0.01 sys=0.00, real=0.00 secs] 
2020-10-28T11:49:04.446+0000: [GC (Allocation Failure) 2020-10-28T11:49:04.446+0000: [ParNew: 34438K->8K(38720K), 0.0054400 secs] 1052825K->1018395K(1499932K), 0.0055036 secs] [Times: user=0.01 sys=0.00, real=0.00 secs] 
2020-10-28T11:49:04.518+0000: [GC (Allocation Failure) 2020-10-28T11:49:04.518+0000: [ParNew: 34440K->6K(38720K), 0.0055291 secs] 1052827K->1018393K(1499932K), 0.0056059 secs] [Times: user=0.02 sys=0.00, real=0.01 secs] 
2020-10-28T11:49:04.572+0000: [GC (Allocation Failure) 2020-10-28T11:49:04.572+0000: [ParNew: 34438K->6K(38720K), 0.0055026 secs] 1052825K->1018393K(1499932K), 0.0055680 secs] [Times: user=0.01 sys=0.00, real=0.00 secs] 
2020-10-28T11:49:04.630+0000: [GC (Allocation Failure) 2020-10-28T11:49:04.630+0000: [ParNew: 34438K->6K(38720K), 0.0055008 secs] 1052825K->1018393K(1499932K), 0.0055679 secs] [Times: user=0.01 sys=0.00, real=0.00 secs] 
2020-10-28T11:49:04.682+0000: [GC (Allocation Failure) 2020-10-28T11:49:04.682+0000: [ParNew: 34438K->4K(38720K), 0.0054695 secs] 1052825K->1018392K(1499932K), 0.0055348 secs] [Times: user=0.01 sys=0.00, real=0.01 secs] 
2020-10-28T11:49:04.742+0000: [GC (Allocation Failure) 2020-10-28T11:49:04.742+0000: [ParNew: 34436K->4K(38720K), 0.0054570 secs] 1052824K->1018392K(1499932K), 0.0055233 secs] [Times: user=0.01 sys=0.00, real=0.01 secs] 
2020-10-28T11:49:04.793+0000: [GC (Allocation Failure) 2020-10-28T11:49:04.793+0000: [ParNew: 34436K->4K(38720K), 0.0055156 secs] 1052824K->1018392K(1499932K), 0.0055834 secs] [Times: user=0.01 sys=0.00, real=0.01 secs] 
2020-10-28T11:49:04.858+0000: [GC (Allocation Failure) 2020-10-28T11:49:04.858+0000: [ParNew: 34436K->4K(38720K), 0.0057570 secs] 1052824K->1018392K(1499932K), 0.0058178 secs] [Times: user=0.01 sys=0.00, real=0.00 secs] 
2020-10-28T11:49:04.912+0000: [GC (Allocation Failure) 2020-10-28T11:49:04.912+0000: [ParNew: 34436K->4K(38720K), 0.0056038 secs] 1052824K->1018392K(1499932K), 0.0056705 secs] [Times: user=0.01 sys=0.00, real=0.01 secs] 
2020-10-28T11:49:04.978+0000: [GC (Allocation Failure) 2020-10-28T11:49:04.978+0000: [ParNew: 34436K->4K(38720K), 0.0054541 secs] 1052824K->1018392K(1499932K), 0.0055174 secs] [Times: user=0.01 sys=0.00, real=0.00 secs] 
2020-10-28T11:49:05.050+0000: [GC (Allocation Failure) 2020-10-28T11:49:05.050+0000: [ParNew: 34436K->4K(38720K), 0.0055242 secs] 1052824K->1018392K(1499932K), 0.0055912 secs] [Times: user=0.01 sys=0.00, real=0.00 secs] 
2020-10-28T11:49:05.170+0000: [GC (Allocation Failure) 2020-10-28T11:49:05.170+0000: [ParNew: 34436K->4K(38720K), 0.0055361 secs] 1052824K->1018392K(1499932K), 0.0056047 secs] [Times: user=0.01 sys=0.00, real=0.00 secs] 
2020-10-28T11:49:05.306+0000: [GC (Allocation Failure) 2020-10-28T11:49:05.306+0000: [ParNew: 34436K->4K(38720K), 0.0055065 secs] 1052824K->1018392K(1499932K), 0.0055711 secs] [Times: user=0.01 sys=0.00, real=0.00 secs] 
2020-10-28T11:49:05.453+0000: [GC (Allocation Failure) 2020-10-28T11:49:05.453+0000: [ParNew: 34436K->4K(38720K), 0.0055784 secs] 1052824K->1018392K(1499932K), 0.0056470 secs] [Times: user=0.01 sys=0.00, real=0.01 secs] 
2020-10-28T11:49:05.581+0000: [GC (Allocation Failure) 2020-10-28T11:49:05.581+0000: [ParNew: 34436K->4K(38720K), 0.0055013 secs] 1052824K->1018392K(1499932K), 0.0055785 secs] [Times: user=0.01 sys=0.00, real=0.01 secs] 
2020-10-28T11:49:05.996+0000: [GC (Allocation Failure) 2020-10-28T11:49:05.996+0000: [ParNew: 34436K->4K(38720K), 0.0056249 secs] 1052824K->1018394K(1499932K), 0.0056956 secs] [Times: user=0.01 sys=0.00, real=0.01 secs] 
2020-10-28T11:49:06.606+0000: [GC (Allocation Failure) 2020-10-28T11:49:06.606+0000: [ParNew: 34436K->4K(38720K), 0.0055307 secs] 1052826K->1018394K(1499932K), 0.0055965 secs] [Times: user=0.01 sys=0.00, real=0.00 secs] 
2020-10-28T11:49:06.885+0000: [GC (Allocation Failure) 2020-10-28T11:49:06.885+0000: [ParNew: 34436K->4K(38720K), 0.0055714 secs] 1052826K->1018395K(1499932K), 0.0056398 secs] [Times: user=0.02 sys=0.00, real=0.01 secs] 
2020-10-28T11:49:07.046+0000: [GC (Allocation Failure) 2020-10-28T11:49:07.046+0000: [ParNew: 34436K->4K(38720K), 0.0054922 secs] 1052827K->1018395K(1499932K), 0.0055701 secs] [Times: user=0.02 sys=0.00, real=0.00 secs] 
2020-10-28T11:49:07.160+0000: [GC (Allocation Failure) 2020-10-28T11:49:07.160+0000: [ParNew: 34436K->4K(38720K), 0.0055243 secs] 1052827K->1018395K(1499932K), 0.0055936 secs] [Times: user=0.01 sys=0.00, real=0.01 secs] 
2020-10-28T11:49:07.346+0000: [GC (Allocation Failure) 2020-10-28T11:49:07.346+0000: [ParNew: 34436K->6K(38720K), 0.0055713 secs] 1052827K->1018397K(1499932K), 0.0056394 secs] [Times: user=0.01 sys=0.00, real=0.00 secs] 
2020-10-28T11:49:07.462+0000: [GC (Allocation Failure) 2020-10-28T11:49:07.462+0000: [ParNew: 34438K->4K(38720K), 0.0055182 secs] 1052829K->1018397K(1499932K), 0.0055860 secs] [Times: user=0.01 sys=0.00, real=0.01 secs] 
2020-10-28T11:49:07.586+0000: [GC (Allocation Failure) 2020-10-28T11:49:07.586+0000: [ParNew: 34436K->4K(38720K), 0.0055779 secs] 1052829K->1018397K(1499932K), 0.0056446 secs] [Times: user=0.01 sys=0.00, real=0.01 secs] 
2020-10-28T11:49:07.722+0000: [GC (Allocation Failure) 2020-10-28T11:49:07.722+0000: [ParNew: 34436K->4K(38720K), 0.0056068 secs] 1052829K->1018397K(1499932K), 0.0056759 secs] [Times: user=0.01 sys=0.00, real=0.01 secs] 
2020-10-28T11:49:07.849+0000: [GC (Allocation Failure) 2020-10-28T11:49:07.849+0000: [ParNew: 34436K->4K(38720K), 0.0055617 secs] 1052829K->1018398K(1499932K), 0.0056291 secs] [Times: user=0.01 sys=0.00, real=0.00 secs] 
2020-10-28T11:49:10.670+0000: [GC (Allocation Failure) 2020-10-28T11:49:10.670+0000: [ParNew: 34436K->2420K(38720K), 0.0091395 secs] 1052830K->1020814K(1499932K), 0.0092171 secs] [Times: user=0.02 sys=0.00, real=0.01 secs] 
2020-10-28T11:49:10.861+0000: [GC (Allocation Failure) 2020-10-28T11:49:10.861+0000: [ParNew: 36852K->1946K(38720K), 0.0147256 secs] 1055246K->1021602K(1499932K), 0.0147996 secs] [Times: user=0.03 sys=0.00, real=0.01 secs] 
2020-10-28T11:49:11.021+0000: [GC (Allocation Failure) 2020-10-28T11:49:11.021+0000: [ParNew: 36378K->2314K(38720K), 0.0101564 secs] 1056034K->1021970K(1499932K), 0.0102292 secs] [Times: user=0.02 sys=0.00, real=0.01 secs] 
2020-10-28T11:49:11.260+0000: [GC (Allocation Failure) 2020-10-28T11:49:11.260+0000: [ParNew: 36746K->3241K(38720K), 0.0105970 secs] 1056402K->1023158K(1499932K), 0.0106617 secs] [Times: user=0.02 sys=0.00, real=0.01 secs] 
2020-10-28T11:49:11.787+0000: [GC (Allocation Failure) 2020-10-28T11:49:11.787+0000: [ParNew: 37673K->2495K(38720K), 0.0136134 secs] 1057590K->1023382K(1499932K), 0.0136848 secs] [Times: user=0.03 sys=0.00, real=0.01 secs] 
2020-10-28T11:49:12.870+0000: [GC (Allocation Failure) 2020-10-28T11:49:12.870+0000: [ParNew: 36927K->2234K(38720K), 0.0193621 secs] 1057814K->1023650K(1499932K), 0.0194610 secs] [Times: user=0.03 sys=0.00, real=0.02 secs] 
Heap
 par new generation   total 38720K, used 28634K [0x00000006a0000000, 0x00000006a2a00000, 0x00000006aa660000)
  eden space 34432K,  76% used [0x00000006a0000000, 0x00000006a19c82e8, 0x00000006a21a0000)
  from space 4288K,  52% used [0x00000006a25d0000, 0x00000006a27fe830, 0x00000006a2a00000)
  to   space 4288K,   0% used [0x00000006a21a0000, 0x00000006a21a0000, 0x00000006a25d0000)
 concurrent mark-sweep generation total 1461212K, used 1021416K [0x00000006aa660000, 0x0000000703957000, 0x00000007c0000000)
 Metaspace       used 78653K, capacity 80120K, committed 80212K, reserved 1118208K
  class space    used 10575K, capacity 10828K, committed 10864K, reserved 1048576K
End of LogType:stdout



Container: container_1603885280651_0001_01_000001 on ip-10-0-53-17.ec2.internal_8041
======================================================================================
LogType:stderr
Log Upload Time:mer ott 28 11:49:17 +0000 2020
LogLength:12178
Log Contents:
SLF4J: Class path contains multiple SLF4J bindings.
SLF4J: Found binding in [jar:file:/mnt/yarn/usercache/hadoop/filecache/11/__spark_libs__6867223678026236415.zip/slf4j-log4j12-1.7.16.jar!/org/slf4j/impl/StaticLoggerBinder.class]
SLF4J: Found binding in [jar:file:/usr/lib/hadoop/lib/slf4j-log4j12-1.7.10.jar!/org/slf4j/impl/StaticLoggerBinder.class]
SLF4J: See http://www.slf4j.org/codes.html#multiple_bindings for an explanation.
SLF4J: Actual binding is of type [org.slf4j.impl.Log4jLoggerFactory]
20/10/28 11:46:08 INFO SignalUtils: Registered signal handler for TERM
20/10/28 11:46:08 INFO SignalUtils: Registered signal handler for HUP
20/10/28 11:46:08 INFO SignalUtils: Registered signal handler for INT
20/10/28 11:46:08 INFO SecurityManager: Changing view acls to: yarn,hadoop
20/10/28 11:46:08 INFO SecurityManager: Changing modify acls to: yarn,hadoop
20/10/28 11:46:08 INFO SecurityManager: Changing view acls groups to: 
20/10/28 11:46:08 INFO SecurityManager: Changing modify acls groups to: 
20/10/28 11:46:08 INFO SecurityManager: SecurityManager: authentication disabled; ui acls disabled; users  with view permissions: Set(yarn, hadoop); groups with view permissions: Set(); users  with modify permissions: Set(yarn, hadoop); groups with modify permissions: Set()
20/10/28 11:46:09 INFO ApplicationMaster: Preparing Local resources
20/10/28 11:46:11 INFO ApplicationMaster: ApplicationAttemptId: appattempt_1603885280651_0001_000001
20/10/28 11:46:11 INFO ApplicationMaster: Starting the user application in a separate Thread
20/10/28 11:46:11 INFO ApplicationMaster: Waiting for spark context initialization...
20/10/28 11:46:12 INFO SparkContext: Running Spark version 2.4.0
20/10/28 11:46:12 INFO SparkContext: Submitted application: SpectralRegressionSpark.py
20/10/28 11:46:12 INFO SecurityManager: Changing view acls to: yarn,hadoop
20/10/28 11:46:12 INFO SecurityManager: Changing modify acls to: yarn,hadoop
20/10/28 11:46:12 INFO SecurityManager: Changing view acls groups to: 
20/10/28 11:46:12 INFO SecurityManager: Changing modify acls groups to: 
20/10/28 11:46:12 INFO SecurityManager: SecurityManager: authentication disabled; ui acls disabled; users  with view permissions: Set(yarn, hadoop); groups with view permissions: Set(); users  with modify permissions: Set(yarn, hadoop); groups with modify permissions: Set()
20/10/28 11:46:12 INFO Utils: Successfully started service 'sparkDriver' on port 46171.
20/10/28 11:46:12 INFO SparkEnv: Registering MapOutputTracker
20/10/28 11:46:12 INFO SparkEnv: Registering BlockManagerMaster
20/10/28 11:46:12 INFO BlockManagerMasterEndpoint: Using org.apache.spark.storage.DefaultTopologyMapper for getting topology information
20/10/28 11:46:12 INFO BlockManagerMasterEndpoint: BlockManagerMasterEndpoint up
20/10/28 11:46:12 INFO DiskBlockManager: Created local directory at /mnt/yarn/usercache/hadoop/appcache/application_1603885280651_0001/blockmgr-ec7b841b-c161-4516-8020-330b947829b4
20/10/28 11:46:12 INFO MemoryStore: MemoryStore started with capacity 424.4 MB
20/10/28 11:46:12 INFO SparkEnv: Registering OutputCommitCoordinator
20/10/28 11:46:13 INFO JettyUtils: Adding filter org.apache.hadoop.yarn.server.webproxy.amfilter.AmIpFilter to /jobs, /jobs/json, /jobs/job, /jobs/job/json, /stages, /stages/json, /stages/stage, /stages/stage/json, /stages/pool, /stages/pool/json, /storage, /storage/json, /storage/rdd, /storage/rdd/json, /environment, /environment/json, /executors, /executors/json, /executors/threadDump, /executors/threadDump/json, /static, /, /api, /jobs/job/kill, /stages/stage/kill.
20/10/28 11:46:13 INFO Utils: Successfully started service 'SparkUI' on port 33645.
20/10/28 11:46:13 INFO SparkUI: Bound SparkUI to 0.0.0.0, and started at http://ip-10-0-53-17.ec2.internal:33645
20/10/28 11:46:13 INFO YarnClusterScheduler: Created YarnClusterScheduler
20/10/28 11:46:13 INFO SchedulerExtensionServices: Starting Yarn extension services with app application_1603885280651_0001 and attemptId Some(appattempt_1603885280651_0001_000001)
20/10/28 11:46:13 INFO Utils: Using initial executors = 0, max of spark.dynamicAllocation.initialExecutors, spark.dynamicAllocation.minExecutors and spark.executor.instances
20/10/28 11:46:13 INFO Utils: Successfully started service 'org.apache.spark.network.netty.NettyBlockTransferService' on port 33007.
20/10/28 11:46:13 INFO NettyBlockTransferService: Server created on ip-10-0-53-17.ec2.internal:33007
20/10/28 11:46:13 INFO BlockManager: Using org.apache.spark.storage.RandomBlockReplicationPolicy for block replication policy
20/10/28 11:46:13 INFO BlockManagerMaster: Registering BlockManager BlockManagerId(driver, ip-10-0-53-17.ec2.internal, 33007, None)
20/10/28 11:46:13 INFO BlockManagerMasterEndpoint: Registering block manager ip-10-0-53-17.ec2.internal:33007 with 424.4 MB RAM, BlockManagerId(driver, ip-10-0-53-17.ec2.internal, 33007, None)
20/10/28 11:46:13 INFO BlockManagerMaster: Registered BlockManager BlockManagerId(driver, ip-10-0-53-17.ec2.internal, 33007, None)
20/10/28 11:46:13 INFO BlockManager: external shuffle service port = 7337
20/10/28 11:46:13 INFO BlockManager: Initialized BlockManager: BlockManagerId(driver, ip-10-0-53-17.ec2.internal, 33007, None)
20/10/28 11:46:14 INFO JettyUtils: Adding filter org.apache.hadoop.yarn.server.webproxy.amfilter.AmIpFilter to /metrics/json.
20/10/28 11:46:14 INFO EventLoggingListener: Logging events to hdfs:/var/log/spark/apps/application_1603885280651_0001_1
20/10/28 11:46:14 INFO Utils: Using initial executors = 0, max of spark.dynamicAllocation.initialExecutors, spark.dynamicAllocation.minExecutors and spark.executor.instances
20/10/28 11:46:14 WARN YarnSchedulerBackend$YarnSchedulerEndpoint: Attempted to request executors before the AM has registered!
20/10/28 11:46:14 INFO RMProxy: Connecting to ResourceManager at ip-10-0-45-132.ec2.internal/10.0.45.132:8030
20/10/28 11:46:14 INFO YarnRMClient: Registering the ApplicationMaster
20/10/28 11:46:15 INFO ApplicationMaster: 
===============================================================================
YARN executor launch context:
  env:
    CLASSPATH -> /usr/lib/hadoop-lzo/lib/*:/usr/lib/hadoop/hadoop-aws.jar:/usr/share/aws/aws-java-sdk/*:/usr/share/aws/emr/emrfs/conf:/usr/share/aws/emr/emrfs/lib/*:/usr/share/aws/emr/emrfs/auxlib/*:/usr/share/aws/emr/goodies/lib/emr-spark-goodies.jar:/usr/share/aws/emr/security/conf:/usr/share/aws/emr/security/lib/*:/usr/share/aws/hmclient/lib/aws-glue-datacatalog-spark-client.jar:/usr/share/java/Hive-JSON-Serde/hive-openx-serde.jar:/usr/share/aws/sagemaker-spark-sdk/lib/sagemaker-spark-sdk.jar:/usr/share/aws/emr/s3select/lib/emr-s3-select-spark-connector.jar<CPS>{{PWD}}<CPS>{{PWD}}/__spark_conf__<CPS>{{PWD}}/__spark_libs__/*<CPS>$HADOOP_CONF_DIR<CPS>$HADOOP_COMMON_HOME/*<CPS>$HADOOP_COMMON_HOME/lib/*<CPS>$HADOOP_HDFS_HOME/*<CPS>$HADOOP_HDFS_HOME/lib/*<CPS>$HADOOP_MAPRED_HOME/*<CPS>$HADOOP_MAPRED_HOME/lib/*<CPS>$HADOOP_YARN_HOME/*<CPS>$HADOOP_YARN_HOME/lib/*<CPS>/usr/lib/hadoop-lzo/lib/*<CPS>/usr/share/aws/emr/emrfs/conf<CPS>/usr/share/aws/emr/emrfs/lib/*<CPS>/usr/share/aws/emr/emrfs/auxlib/*<CPS>/usr/share/aws/emr/lib/*<CPS>/usr/share/aws/emr/ddb/lib/emr-ddb-hadoop.jar<CPS>/usr/share/aws/emr/goodies/lib/emr-hadoop-goodies.jar<CPS>/usr/share/aws/emr/cloudwatch-sink/lib/*<CPS>/usr/share/aws/aws-java-sdk/*<CPS>$HADOOP_MAPRED_HOME/share/hadoop/mapreduce/*<CPS>$HADOOP_MAPRED_HOME/share/hadoop/mapreduce/lib/*<CPS>/usr/lib/hadoop-lzo/lib/*<CPS>/usr/share/aws/emr/emrfs/conf<CPS>/usr/share/aws/emr/emrfs/lib/*<CPS>/usr/share/aws/emr/emrfs/auxlib/*<CPS>/usr/share/aws/emr/lib/*<CPS>/usr/share/aws/emr/ddb/lib/emr-ddb-hadoop.jar<CPS>/usr/share/aws/emr/goodies/lib/emr-hadoop-goodies.jar<CPS>/usr/share/aws/emr/cloudwatch-sink/lib/*<CPS>/usr/share/aws/aws-java-sdk/*<CPS>{{PWD}}/__spark_conf__/__hadoop_conf__
    SPARK_YARN_STAGING_DIR -> hdfs://ip-10-0-45-132.ec2.internal:8020/user/hadoop/.sparkStaging/application_1603885280651_0001
    SPARK_USER -> hadoop
    PYTHONPATH -> {{PWD}}/pyspark.zip<CPS>{{PWD}}/py4j-0.10.7-src.zip
    SPARK_PUBLIC_DNS -> ip-10-0-53-17.ec2.internal

  command:
    LD_LIBRARY_PATH=\"/usr/lib/hadoop/lib/native:/usr/lib/hadoop-lzo/lib/native:$LD_LIBRARY_PATH\" \ 
      {{JAVA_HOME}}/bin/java \ 
      -server \ 
      -Xmx4608m \ 
      '-verbose:gc' \ 
      '-XX:+PrintGCDetails' \ 
      '-XX:+PrintGCDateStamps' \ 
      '-XX:+UseConcMarkSweepGC' \ 
      '-XX:CMSInitiatingOccupancyFraction=70' \ 
      '-XX:MaxHeapFreeRatio=70' \ 
      '-XX:+CMSClassUnloadingEnabled' \ 
      '-XX:OnOutOfMemoryError=kill -9 %p' \ 
      -Djava.io.tmpdir={{PWD}}/tmp \ 
      '-Dspark.history.ui.port=18080' \ 
      '-Dspark.ui.port=0' \ 
      '-Dspark.driver.port=46171' \ 
      -Dspark.yarn.app.container.log.dir=<LOG_DIR> \ 
      org.apache.spark.executor.CoarseGrainedExecutorBackend \ 
      --driver-url \ 
      spark://CoarseGrainedScheduler@ip-10-0-53-17.ec2.internal:46171 \ 
      --executor-id \ 
      <executorId> \ 
      --hostname \ 
      <hostname> \ 
      --cores \ 
      4 \ 
      --app-id \ 
      application_1603885280651_0001 \ 
      --user-class-path \ 
      file:$PWD/__app__.jar \ 
      1><LOG_DIR>/stdout \ 
      2><LOG_DIR>/stderr

  resources:
    pyspark.zip -> resource { scheme: "hdfs" host: "ip-10-0-45-132.ec2.internal" port: 8020 file: "/user/hadoop/.sparkStaging/application_1603885280651_0001/pyspark.zip" } size: 589684 timestamp: 1603885559326 type: FILE visibility: PRIVATE
    py4j-0.10.7-src.zip -> resource { scheme: "hdfs" host: "ip-10-0-45-132.ec2.internal" port: 8020 file: "/user/hadoop/.sparkStaging/application_1603885280651_0001/py4j-0.10.7-src.zip" } size: 42437 timestamp: 1603885559353 type: FILE visibility: PRIVATE
    __spark_libs__ -> resource { scheme: "hdfs" host: "ip-10-0-45-132.ec2.internal" port: 8020 file: "/user/hadoop/.sparkStaging/application_1603885280651_0001/__spark_libs__6867223678026236415.zip" } size: 229091301 timestamp: 1603885558714 type: ARCHIVE visibility: PRIVATE
    __spark_conf__ -> resource { scheme: "hdfs" host: "ip-10-0-45-132.ec2.internal" port: 8020 file: "/user/hadoop/.sparkStaging/application_1603885280651_0001/__spark_conf__.zip" } size: 210449 timestamp: 1603885559974 type: ARCHIVE visibility: PRIVATE

===============================================================================
20/10/28 11:46:15 INFO Utils: Using initial executors = 0, max of spark.dynamicAllocation.initialExecutors, spark.dynamicAllocation.minExecutors and spark.executor.instances
20/10/28 11:46:15 INFO YarnSchedulerBackend$YarnSchedulerEndpoint: ApplicationMaster registered as NettyRpcEndpointRef(spark://YarnAM@ip-10-0-53-17.ec2.internal:46171)
20/10/28 11:46:15 INFO ApplicationMaster: Started progress reporter thread with (heartbeat : 3000, initial allocation : 200) intervals
20/10/28 11:46:15 INFO YarnClusterSchedulerBackend: SchedulerBackend is ready for scheduling beginning after reached minRegisteredResourcesRatio: 0.8
20/10/28 11:46:15 INFO YarnClusterScheduler: YarnClusterScheduler.postStartHook done
20/10/28 11:46:15 INFO SharedState: loading hive config file: file:/mnt/yarn/usercache/hadoop/filecache/12/__spark_conf__.zip/__hadoop_conf__/hive-site.xml
20/10/28 11:46:15 INFO SharedState: Setting hive.metastore.warehouse.dir ('null') to the value of spark.sql.warehouse.dir ('hdfs:///user/spark/warehouse').
20/10/28 11:46:15 INFO SharedState: Warehouse path is 'hdfs:///user/spark/warehouse'.
20/10/28 11:46:15 INFO JettyUtils: Adding filter org.apache.hadoop.yarn.server.webproxy.amfilter.AmIpFilter to /SQL.
20/10/28 11:46:15 INFO JettyUtils: Adding filter org.apache.hadoop.yarn.server.webproxy.amfilter.AmIpFilter to /SQL/json.
20/10/28 11:46:15 INFO JettyUtils: Adding filter org.apache.hadoop.yarn.server.webproxy.amfilter.AmIpFilter to /SQL/execution.
20/10/28 11:46:15 INFO JettyUtils: Adding filter org.apache.hadoop.yarn.server.webproxy.amfilter.AmIpFilter to /SQL/execution/json.
20/10/28 11:46:15 INFO JettyUtils: Adding filter org.apache.hadoop.yarn.server.webproxy.amfilter.AmIpFilter to /static/sql.
20/10/28 11:46:16 INFO StateStoreCoordinatorRef: Registered StateStoreCoordinator endpoint
End of LogType:stderr

LogType:stdout
Log Upload Time:mer ott 28 11:49:17 +0000 2020
LogLength:1079
Log Contents:



 *******



 BEGIN



 *******



s3://spectral-regression-spark-bucket/spectral_data_class.csv
Loading DataFrame from file...

Schema of original DataFrame:
root
 |-- spectroFlux_u: double (nullable = true)
 |-- spectroFlux_g: double (nullable = true)
 |-- spectroFlux_r: double (nullable = true)
 |-- spectroFlux_i: double (nullable = true)
 |-- spectroFlux_z: double (nullable = true)
 |-- source_class: string (nullable = true)
 |-- redshift: double (nullable = true)


Schema of DataFrame with differences between spectral classes:
root
 |-- redshift: double (nullable = true)
 |-- u_g: double (nullable = true)
 |-- g_r: double (nullable = true)
 |-- r_i: double (nullable = true)
 |-- i_z: double (nullable = true)


Schema of DataFrame ready for regression models:
root
 |-- redshift: double (nullable = true)
 |-- features: vector (nullable = true)


Training Linear Regressor on training data...
...done.


Evaluating model on test data...


Root Mean Squared Error (RMSE) on test data = 0.84047958454

Time elapsed: 164.631983995



 *******



 END



 *******



End of LogType:stdout

